--------- beginning of main
08-04 19:28:30.662 24577 14427 I Auth    : [SupervisedAccountIntentOperation] onHandleIntent(): android.intent.action.PACKAGE_ADDED
08-04 19:28:30.664 24577 14427 I ChromeSync: [Sync,SyncIntentOperation] Handling the intent: Intent { act=android.intent.action.PACKAGE_ADDED dat=package:baseline.de.danoeh.antennapod.debug flg=0x4000010 cmp=com.google.android.gms/.chimera.GmsIntentOperationService (has extras) }.
08-04 19:28:30.676  8429 14420 I Finsky  : [6106] lyv.run(-1): Wrote row to frosting DB: 2489
08-04 19:28:30.680  8429  8429 I Finsky  : [1] uah.a(18): PackageMonitorReceiverImpl - Received: android.intent.action.PACKAGE_ADDED, [CFjXe5fo2ooiLur0Ju3smv2h5qnGgIsGl5_C_SkJu8g]
08-04 19:28:30.681  8429  8429 I Finsky  : [1] ubi.d(9): Invalidating cached PackageState for baseline.de.danoeh.antennapod.debug
08-04 19:28:30.681 24577 24621 E GmsClient: unable to connect to service: com.google.android.gms.auth.key.retrieval.service.START on com.google.android.gms
08-04 19:28:30.687  8429  8429 I Finsky  : [1] lzi.c(2): Frosting ID looked up on UI thread. Caller should move to a background thread.
08-04 19:28:30.689  8429  8653 I Finsky  : [5852] odj.b(40): IQ: No matching installs to run for jobs: []
08-04 19:28:30.696  8429 14420 I Finsky  : [6106] lyv.run(-1): Wrote row to frosting DB: 2490
08-04 19:28:30.703   918  5952 I AccountManagerService: getTypesVisibleToCaller: isPermitted? true
08-04 19:28:30.707  8429 14428 I Finsky  : [6107] gzn.a(-1): [ContentSync] finished, scheduled=false
08-04 19:28:30.713 24577 14427 I ChromeSync: [Persistence,AffiliationManager] One of affiliation or grouping data for android://bz0hZa4nAJEtd0n5sRlXG7KAqctUMWVefv7Ki4mh1p6slZ9YO-n9gS9j8m9YCrsIyI2wIxrDHraumF9Y6pBLTA==@baseline.de.danoeh.antennapod.debug/ was not found. Marking affiliation data as stale...
08-04 19:28:30.713  8429  8429 I Finsky  : [1] agsx.a(4): Do not start WearSupportService due to Wear service optimization
08-04 19:28:30.715  8429 14429 I Finsky  : [6108] ejc.a(-1): Asset module broadcast after update successful for package baseline.de.danoeh.antennapod.debug. 0 sessions broadcast.
08-04 19:28:30.718  8429  8429 I Finsky  : [1] lzi.c(2): Frosting ID looked up on UI thread. Caller should move to a background thread.
08-04 19:28:30.731 24577 13293 I Icing   : IndexChimeraService.getServiceInterface callingPackage=com.google.android.gms componentName=AppsCorpus serviceId=36
08-04 19:28:30.741   918  5132 I AccountManagerService: getTypesVisibleToCaller: isPermitted? true
08-04 19:28:30.745 24577  4963 W Icing   : No valid account for uploading user actions
08-04 19:28:30.769 24577 13294 I Icing   : IndexChimeraService.getServiceInterface callingPackage=com.google.android.gms componentName=null serviceId=30
08-04 19:28:30.775  8429 14420 I Finsky  : [6106] lyv.run(-1): Wrote row to frosting DB: 2491
08-04 19:28:30.790 24577  4963 I Icing   : Usage reports ok 0, Failed Usage reports 0, indexed 0, rejected 0
08-04 19:28:30.795 24577  4963 W Icing   : No valid account for uploading user actions
08-04 19:28:30.804 24577  4963 I Icing   : Usage reports ok 0, Failed Usage reports 0, indexed 0, rejected 0
08-04 19:28:30.804   918  4400 I AccountManagerService: getTypesVisibleToCaller: isPermitted? true
08-04 19:28:30.811 24577  4963 I Icing   : Indexing com.google.android.gms-internal.3p:MobileApplication from com.google.android.gms using seqno 763
08-04 19:28:30.814 24577  4963 I Icing   : Indexing com.google.android.gms-internal.3p:MobileApplication from com.google.android.gms using seqno 763
08-04 19:28:30.854  8429  8429 I Finsky  : [1] xmu.a(8): SCH: Jobs in database: 1-1337 3-197 3-198 12-1 24-77777777 26-1414141414 
08-04 19:28:30.856  8429  8429 I Finsky  : [1] xio.a(57): SCH: ConstraintMapping: 24-77777777,  -> L: 0ms, D: 6089982ms, C: false, I: true, N: 0
08-04 19:28:30.857  8429  8429 I Finsky  : [1] xio.a(57): SCH: ConstraintMapping: 1-1337, 12-1,  -> L: 14762ms, D: 52642051ms, C: false, I: false, N: 1
08-04 19:28:30.858  8429  8429 I Finsky  : [1] xio.a(57): SCH: ConstraintMapping: 3-197,  -> L: 0ms, D: 77519977ms, C: false, I: true, N: 2
08-04 19:28:30.858  8429  8429 I Finsky  : [1] xio.a(57): SCH: ConstraintMapping: 3-198,  -> L: 0ms, D: 77520036ms, C: true, I: true, N: 2
08-04 19:28:30.859  8429  8429 I Finsky  : [1] xio.a(57): SCH: ConstraintMapping: 26-1414141414,  -> L: 13555182ms, D: 14455182ms, C: false, I: false, N: 0
08-04 19:28:30.862  8429 14428 I Finsky  : [6107] gzn.a(-1): [ContentSync] finished, scheduled=true
08-04 19:28:30.874  8429  8429 I Finsky  : [1] xle.a(34): Cancelling existing jobscheduler jobs: 9008 9003 9002 9007 9000 9004 9005 9006 9010 9009 
08-04 19:28:30.875  8429  8429 I Finsky  : [1] xle.a(27): Scheduling job Id: 9001, L: 0, D: 6089982, C: false, I: true, N: 0
08-04 19:28:30.876  8429  8429 I Finsky  : [1] xle.a(27): Scheduling job Id: 9011, L: 14762, D: 52642051, C: false, I: false, N: 1
08-04 19:28:30.878  8429  8429 I Finsky  : [1] xle.a(27): Scheduling job Id: 9012, L: 0, D: 77519977, C: false, I: true, N: 2
08-04 19:28:30.880  8429  8429 I Finsky  : [1] xle.a(27): Scheduling job Id: 9013, L: 0, D: 77520036, C: true, I: true, N: 2
08-04 19:28:30.882  8429  8429 I Finsky  : [1] xle.a(27): Scheduling job Id: 9014, L: 13555182, D: 14455182, C: false, I: false, N: 0
08-04 19:28:30.884  8429  8429 I Finsky  : [1] xle.a(27): Scheduling job Id: 9015, L: 0, D: 6089982, C: false, I: true, N: 0
08-04 19:28:30.886  8429  8429 I Finsky  : [1] xle.a(27): Scheduling job Id: 9016, L: 14762, D: 52642051, C: false, I: false, N: 1
08-04 19:28:30.887  8429  8429 I Finsky  : [1] xle.a(27): Scheduling job Id: 9017, L: 0, D: 77519977, C: false, I: true, N: 2
08-04 19:28:30.889  8429  8429 I Finsky  : [1] xle.a(27): Scheduling job Id: 9018, L: 0, D: 77520036, C: true, I: true, N: 2
08-04 19:28:30.891  8429  8429 I Finsky  : [1] xle.a(27): Scheduling job Id: 9019, L: 13555182, D: 14455182, C: false, I: false, N: 0
08-04 19:28:31.378 14451 14451 D AndroidRuntime: >>>>>> START com.android.internal.os.RuntimeInit uid 2000 <<<<<<
08-04 19:28:31.384 14451 14451 D AndroidRuntime: CheckJNI is OFF
08-04 19:28:31.416 14451 14451 D ICU     : No timezone override file found: /data/misc/zoneinfo/current/icu/icu_tzdata.dat
08-04 19:28:31.454 14451 14451 I Radio-JNI: register_android_hardware_Radio DONE
08-04 19:28:31.472 14451 14451 D AndroidRuntime: Calling main entry com.android.commands.monkey.Monkey
--------- beginning of system
08-04 19:28:31.488   918   931 W BroadcastQueue: Skipping deliver [background] BroadcastRecord{b7e3bed u-1 android.net.conn.CONNECTIVITY_CHANGE} to ReceiverList{14fea22 14451 (unknown name)/2000/u-1 remote:70f5617}: process crashing
08-04 19:28:31.499   918  3714 I ActivityManager: START u0 {act=android.intent.action.MAIN cat=[android.intent.category.LAUNCHER] flg=0x10200000 cmp=baseline.de.danoeh.antennapod.debug/baseline.de.danoeh.antennapod.activity.SplashActivity} from uid 2000 on display 0
08-04 19:28:31.537   918  6110 I ActivityManager: Start proc 14460:baseline.de.danoeh.antennapod.debug/u0a670 for activity baseline.de.danoeh.antennapod.debug/baseline.de.danoeh.antennapod.activity.SplashActivity
08-04 19:28:31.538 14460 14460 I art     : Late-enabling -Xcheck:jni
08-04 19:28:31.561 14451 14451 I art     : System.exit called, status: 0
08-04 19:28:31.561 14451 14451 I AndroidRuntime: VM exiting with result code 0.
08-04 19:28:31.608  6490 23445 I PBSessionCacheImpl: Deleted sessionId[28544918408651598] from persistence.
08-04 19:28:31.618  6490  6520 W SearchServiceCore: Abort, client detached.
08-04 19:28:31.619  6490  6520 I MicroDetectionState: Should stop hotword detection immediately - true
08-04 19:28:31.622 14460 14460 W System  : ClassLoader referenced unknown path: /data/app/baseline.de.danoeh.antennapod.debug-2/lib/arm64
08-04 19:28:31.635 14460 14460 D UserPreferences: Creating new instance of UserPreferences
08-04 19:28:31.637 14460 14460 D UserPreferences: Using default data folder
08-04 19:28:31.639 14460 14460 D UserPreferences: Import directory already exists
08-04 19:28:31.641 14460 14460 D UpdateManager: old: -1, current: 1070296
08-04 19:28:31.644 14460 14460 D SleepTimerPreferences: Creating new instance of SleepTimerPreferences
08-04 19:28:31.659 14460 14460 D SPAUtil : Sending SP_APPS_QUERY_FEEDS intent
08-04 19:28:31.687 14460 14460 W art     : Before Android 4.1, method android.graphics.PorterDuffColorFilter androidx.vectordrawable.graphics.drawable.VectorDrawableCompat.updateTintFilter(android.graphics.PorterDuffColorFilter, android.content.res.ColorStateList, android.graphics.PorterDuff$Mode) would have incorrectly overridden the package-private method in android.graphics.drawable.Drawable
08-04 19:28:31.721 14460 14460 I art     : Rejecting re-init on previously-failed class java.lang.Class<androidx.core.view.ViewCompat$2>
08-04 19:28:31.721 14460 14460 I art     : Rejecting re-init on previously-failed class java.lang.Class<androidx.core.view.ViewCompat$2>
08-04 19:28:31.757 14460 14481 D OpenGLRenderer: Use EGL_SWAP_BEHAVIOR_PRESERVED: true
08-04 19:28:31.794 24577 23605 I Icing   : Indexing com.google.android.gms-apps from com.google.android.gms
08-04 19:28:31.819 14460 14481 I Adreno  : QUALCOMM build                   : fcf4852, I1af360237c
08-04 19:28:31.819 14460 14481 I Adreno  : Build Date                       : 09/23/15
08-04 19:28:31.819 14460 14481 I Adreno  : OpenGL ES Shader Compiler Version: XE031.05.13.02
08-04 19:28:31.819 14460 14481 I Adreno  : Local Branch                     : mybranch14465806
08-04 19:28:31.819 14460 14481 I Adreno  : Remote Branch                    : quic/LA.BF64.1.2.9_v2
08-04 19:28:31.819 14460 14481 I Adreno  : Remote Branch                    : NONE
08-04 19:28:31.819 14460 14481 I Adreno  : Reconstruct Branch               : NOTHING
08-04 19:28:31.827 14460 14481 I OpenGLRenderer: Initialized EGL, version 1.4
08-04 19:28:31.874   918  6111 I ActivityManager: START u0 {cmp=baseline.de.danoeh.antennapod.debug/baseline.de.danoeh.antennapod.activity.MainActivity} from uid 10670 on display 0
08-04 19:28:31.887   918  5952 W InputMethodManagerService: Focus gain on non-focused client com.android.internal.view.IInputMethodClient$Stub$Proxy@f159ab8 (uid=10670 pid=14460)
08-04 19:28:31.899 24577 23605 I Icing   : Indexing done com.google.android.gms-apps
08-04 19:28:32.009 14460 14460 D UserPreferences: Using default data folder
08-04 19:28:32.060 14460 14460 D MainActivity: getLastNavFragment() -> QueueFragment
08-04 19:28:32.061 14460 14460 D MainActivity: loadFragment(tag: QueueFragment, args: null)
08-04 19:28:32.063 14460 14460 D MainActivity: saveLastNavFragment(tag: QueueFragment)
08-04 19:28:32.064 14460 14460 D MainActivity: getLastNavFragment() -> QueueFragment
08-04 19:28:32.065 14460 14460 D UserPreferences: timeOfDay: []
08-04 19:28:32.067 14460 14460 D AutoUpdateManager: Restarting update alarm.
08-04 19:28:32.069 14460 14460 D AutoUpdateManager: Changed alarm to new interval 12 h
08-04 19:28:32.086 14460 14460 D UserPreferences: timeOfDay: []
08-04 19:28:32.086 14460 14460 D AutoUpdateManager: Restarting update alarm.
08-04 19:28:32.087 14460 14460 D AutoUpdateManager: Changed alarm to new interval 12 h
08-04 19:28:32.121 14460 14460 D ExternalPlayerFragment: Loading media info
08-04 19:28:32.122 14460 14460 D QueueFragment: loadItems()
08-04 19:28:32.126 14460 14480 D DBReader: getQueue() called
08-04 19:28:32.126 14460 14480 D DBReader: getQueue()
08-04 19:28:32.127 14460 14480 D DBReader: getFavoriteIDList() called
08-04 19:28:32.128 14460 14480 D DBReader: getQueueIDList() called
08-04 19:28:32.128 14460 14480 D DBReader: Extracting Feedlist
08-04 19:28:32.130 14460 14460 V PlaybackController: initServiceNotRunning()
08-04 19:28:32.130 14460 14460 D ExternalPlayerFragment: Loading media info
08-04 19:28:32.133 14460 14460 D UserPreferences: Using default data folder
08-04 19:28:32.134 14460 14460 D AutoUpdateManager: last refresh: 443489 hours 28 minutes ago
08-04 19:28:32.135 14460 14480 D DBReader: getNavDrawerData() called with: 
08-04 19:28:32.139 14460 14480 D DBReader: getDownloadedItems() called
08-04 19:28:32.139 14460 14480 D DBReader: getFavoriteIDList() called
08-04 19:28:32.140 14460 14480 D DBReader: getQueueIDList() called
08-04 19:28:32.141 14460 14480 D DBReader: Extracting Feedlist
08-04 19:28:32.162   380   380 W SurfaceFlinger: couldn't log to binary event log: overflow.
08-04 19:28:32.247 14460 14460 D MainActivity: getLastNavFragment() -> QueueFragment
08-04 19:28:32.247 14460 14460 D MainActivity: handleNavIntent()
08-04 19:28:32.383   918   936 I ActivityManager: Displayed baseline.de.danoeh.antennapod.debug/baseline.de.danoeh.antennapod.activity.MainActivity: +410ms (total +875ms)
08-04 19:28:32.390 13866 13866 I GoogleInputMethodServic: GoogleInputMethodService.onFinishInput():3138 
08-04 19:28:32.392 13866 13866 I GoogleInputMethodServic: GoogleInputMethodService.onStartInput():1808 
08-04 19:28:32.413 29532 29532 W PathParser: Points are too far apart 4.030360828967057
08-04 19:28:32.413 29532 29532 W PathParser: Points are too far apart 4.030360538880159
08-04 19:28:32.429 29532 29532 W PathParser: Points are too far apart 4.030360828967057
08-04 19:28:32.429 29532 29532 W PathParser: Points are too far apart 4.030360538880159
08-04 19:28:32.447 29532 29532 W PathParser: Points are too far apart 4.030360828967057
08-04 19:28:32.447 29532 29532 W PathParser: Points are too far apart 4.030360538880159
08-04 19:28:32.462 29532 29532 W PathParser: Points are too far apart 4.030360828967057
08-04 19:28:32.462 29532 29532 W PathParser: Points are too far apart 4.030360538880159
08-04 19:28:32.479 29532 29532 W PathParser: Points are too far apart 4.030360828967057
08-04 19:28:32.479 29532 29532 W PathParser: Points are too far apart 4.030360538880159
08-04 19:28:32.497 29532 29532 W PathParser: Points are too far apart 4.030360828967057
08-04 19:28:32.498 29532 29532 W PathParser: Points are too far apart 4.030360538880159
08-04 19:28:32.513 29532 29532 W PathParser: Points are too far apart 4.030360828967057
08-04 19:28:32.514 29532 29532 W PathParser: Points are too far apart 4.030360538880159
08-04 19:28:32.529 29532 29532 W PathParser: Points are too far apart 4.030360828967057
08-04 19:28:32.530 29532 29532 W PathParser: Points are too far apart 4.030360538880159
08-04 19:28:33.145 14460 14507 D DBReader: Extracting Feedlist
08-04 19:28:33.147 14460 14507 D FlattrUtils: Retrieving access token
08-04 19:28:33.147 14460 14507 D FlattrUtils: No access token found
08-04 19:28:33.150 14460 14507 I art     : Rejecting re-init on previously-failed class java.lang.Class<androidx.core.app.JobIntentService$JobServiceEngineImpl>
08-04 19:28:33.150 14460 14507 I art     : Rejecting re-init on previously-failed class java.lang.Class<androidx.core.app.JobIntentService$JobServiceEngineImpl>
08-04 19:28:33.151 14460 14507 I art     : Rejecting re-init on previously-failed class java.lang.Class<androidx.core.app.SafeJobIntentService$SafeJobServiceEngineImpl>
08-04 19:28:33.151 14460 14507 I art     : Rejecting re-init on previously-failed class java.lang.Class<androidx.core.app.SafeJobIntentService$SafeJobServiceEngineImpl>
08-04 19:28:33.230 14504 14504 D AndroidRuntime: >>>>>> START com.android.internal.os.RuntimeInit uid 2000 <<<<<<
08-04 19:28:33.235 14504 14504 D AndroidRuntime: CheckJNI is OFF
08-04 19:28:33.268 14504 14504 D ICU     : No timezone override file found: /data/misc/zoneinfo/current/icu/icu_tzdata.dat
08-04 19:28:33.301 14504 14504 I Radio-JNI: register_android_hardware_Radio DONE
08-04 19:28:33.319 14504 14504 D AndroidRuntime: Calling main entry com.android.commands.am.Am
08-04 19:28:33.330  8245  8245 I Trepn   : Trepn 6.2s: Received intent: com.quicinc.trepn.start_profiling
08-04 19:28:33.432  8245  8245 W FileUtils: Failed to chmod(/storage/emulated/0/trepn/Trepn_2020.08.04_192833.db): android.system.ErrnoException: chmod failed: EPERM (Operation not permitted)
08-04 19:28:33.511  8245  8245 I Trepn   : Trepn 6.2s: Trepn has Started Profiling.
08-04 19:28:33.512 14504 14504 D AndroidRuntime: Shutting down VM
08-04 19:28:33.609 13866 13866 I GoogleInputMethodServic: GoogleInputMethodService.onFinishInput():3138 
08-04 19:28:33.610 13866 13866 I GoogleInputMethodServic: GoogleInputMethodService.onStartInput():1808 
08-04 19:28:33.964 14460 14472 I art     : Starting a blocking GC Explicit
08-04 19:28:33.992 14460 14472 I art     : Explicit concurrent mark sweep GC freed 22853(2MB) AllocSpace objects, 7(140KB) LOS objects, 40% free, 23MB/38MB, paused 177us total 27.582ms
08-04 19:28:34.001 14460 14472 I art     : Starting a blocking GC Explicit
08-04 19:28:34.016 14460 14472 I art     : Explicit concurrent mark sweep GC freed 3355(193KB) AllocSpace objects, 2(588KB) LOS objects, 40% free, 22MB/37MB, paused 170us total 14.961ms
08-04 19:28:34.022 14460 14472 I art     : Starting a blocking GC Explicit
08-04 19:28:34.033 14460 14472 I art     : Explicit concurrent mark sweep GC freed 3(96B) AllocSpace objects, 0(0B) LOS objects, 40% free, 22MB/37MB, paused 124us total 11.077ms
08-04 19:28:34.038 14460 14472 I art     : Starting a blocking GC Explicit
08-04 19:28:34.050 14460 14472 I art     : Explicit concurrent mark sweep GC freed 3(96B) AllocSpace objects, 0(0B) LOS objects, 40% free, 22MB/37MB, paused 123us total 11.029ms
08-04 19:28:34.055 14460 14472 I art     : Starting a blocking GC Explicit
08-04 19:28:34.067 14460 14472 I art     : Explicit concurrent mark sweep GC freed 3(96B) AllocSpace objects, 0(0B) LOS objects, 40% free, 22MB/37MB, paused 137us total 11.625ms
08-04 19:28:34.355 14460 14471 I art     : Starting a blocking GC Explicit
08-04 19:28:34.378 14460 14471 I art     : Explicit concurrent mark sweep GC freed 1371(82KB) AllocSpace objects, 1(20KB) LOS objects, 40% free, 22MB/37MB, paused 313us total 22.230ms
08-04 19:28:34.388 14460 14471 I art     : Starting a blocking GC Explicit
08-04 19:28:34.402 14460 14471 I art     : Explicit concurrent mark sweep GC freed 23(752B) AllocSpace objects, 0(0B) LOS objects, 40% free, 22MB/37MB, paused 133us total 14.177ms
08-04 19:28:34.409 14460 14471 I art     : Starting a blocking GC Explicit
08-04 19:28:34.421 14460 14471 I art     : Explicit concurrent mark sweep GC freed 3(96B) AllocSpace objects, 0(0B) LOS objects, 40% free, 22MB/37MB, paused 135us total 12.636ms
08-04 19:28:34.428 14460 14471 I art     : Starting a blocking GC Explicit
08-04 19:28:34.441 14460 14471 I art     : Explicit concurrent mark sweep GC freed 3(96B) AllocSpace objects, 0(0B) LOS objects, 40% free, 22MB/37MB, paused 136us total 12.707ms
08-04 19:28:34.447 14460 14471 I art     : Starting a blocking GC Explicit
08-04 19:28:34.459 14460 14471 I art     : Explicit concurrent mark sweep GC freed 3(96B) AllocSpace objects, 0(0B) LOS objects, 40% free, 22MB/37MB, paused 132us total 12.301ms
08-04 19:28:34.758 14460 14491 I art     : Starting a blocking GC Explicit
08-04 19:28:34.775 14460 14491 I art     : Explicit concurrent mark sweep GC freed 1385(80KB) AllocSpace objects, 1(20KB) LOS objects, 40% free, 22MB/37MB, paused 191us total 16.953ms
08-04 19:28:34.785 14460 14491 I art     : Starting a blocking GC Explicit
08-04 19:28:34.798 14460 14491 I art     : Explicit concurrent mark sweep GC freed 23(752B) AllocSpace objects, 0(0B) LOS objects, 40% free, 22MB/37MB, paused 137us total 13.008ms
08-04 19:28:34.804 14460 14491 I art     : Starting a blocking GC Explicit
08-04 19:28:34.817 14460 14491 I art     : Explicit concurrent mark sweep GC freed 3(96B) AllocSpace objects, 0(0B) LOS objects, 40% free, 22MB/37MB, paused 218us total 12.554ms
08-04 19:28:34.823 14460 14491 I art     : Starting a blocking GC Explicit
08-04 19:28:34.836 14460 14491 I art     : Explicit concurrent mark sweep GC freed 3(96B) AllocSpace objects, 0(0B) LOS objects, 40% free, 22MB/37MB, paused 130us total 12.336ms
08-04 19:28:34.842 14460 14491 I art     : Starting a blocking GC Explicit
08-04 19:28:34.854 14460 14491 I art     : Explicit concurrent mark sweep GC freed 3(96B) AllocSpace objects, 0(0B) LOS objects, 40% free, 22MB/37MB, paused 140us total 12.213ms
08-04 19:28:35.153 14460 14472 I art     : Starting a blocking GC Explicit
08-04 19:28:35.173 14460 14472 I art     : Explicit concurrent mark sweep GC freed 1358(79KB) AllocSpace objects, 1(20KB) LOS objects, 40% free, 22MB/37MB, paused 206us total 19.419ms
08-04 19:28:35.183 14460 14472 I art     : Starting a blocking GC Explicit
08-04 19:28:35.197 14460 14472 I art     : Explicit concurrent mark sweep GC freed 23(752B) AllocSpace objects, 0(0B) LOS objects, 40% free, 22MB/37MB, paused 135us total 13.859ms
08-04 19:28:35.204 14460 14472 I art     : Starting a blocking GC Explicit
08-04 19:28:35.219 14460 14472 I art     : Explicit concurrent mark sweep GC freed 6(192B) AllocSpace objects, 0(0B) LOS objects, 40% free, 22MB/37MB, paused 134us total 15.273ms
08-04 19:28:35.227 14460 14472 I art     : Starting a blocking GC Explicit
08-04 19:28:35.240 14460 14472 I art     : Explicit concurrent mark sweep GC freed 5(160B) AllocSpace objects, 0(0B) LOS objects, 40% free, 22MB/37MB, paused 167us total 12.624ms
08-04 19:28:35.246 14460 14472 I art     : Starting a blocking GC Explicit
08-04 19:28:35.259 14460 14472 I art     : Explicit concurrent mark sweep GC freed 6(192B) AllocSpace objects, 0(0B) LOS objects, 40% free, 22MB/37MB, paused 136us total 12.314ms
08-04 19:28:35.561 14460 14471 I art     : Starting a blocking GC Explicit
08-04 19:28:35.578 14460 14471 I art     : Explicit concurrent mark sweep GC freed 1378(80KB) AllocSpace objects, 1(20KB) LOS objects, 40% free, 22MB/37MB, paused 173us total 16.768ms
08-04 19:28:35.588 14460 14471 I art     : Starting a blocking GC Explicit
08-04 19:28:35.601 14460 14471 I art     : Explicit concurrent mark sweep GC freed 23(752B) AllocSpace objects, 0(0B) LOS objects, 40% free, 22MB/37MB, paused 129us total 12.663ms
08-04 19:28:35.608 14460 14471 I art     : Starting a blocking GC Explicit
08-04 19:28:35.621 14460 14471 I art     : Explicit concurrent mark sweep GC freed 3(96B) AllocSpace objects, 0(0B) LOS objects, 40% free, 22MB/37MB, paused 133us total 12.798ms
08-04 19:28:35.628 14460 14471 I art     : Starting a blocking GC Explicit
08-04 19:28:35.640 14460 14471 I art     : Explicit concurrent mark sweep GC freed 3(96B) AllocSpace objects, 0(0B) LOS objects, 40% free, 22MB/37MB, paused 129us total 12.206ms
08-04 19:28:35.646 14460 14471 I art     : Starting a blocking GC Explicit
08-04 19:28:35.659 14460 14471 I art     : Explicit concurrent mark sweep GC freed 3(96B) AllocSpace objects, 0(0B) LOS objects, 40% free, 22MB/37MB, paused 124us total 12.377ms
08-04 19:28:35.946 14460 14472 I art     : Starting a blocking GC Explicit
08-04 19:28:35.962 14460 14472 I art     : Explicit concurrent mark sweep GC freed 1383(81KB) AllocSpace objects, 1(20KB) LOS objects, 40% free, 22MB/37MB, paused 156us total 15.303ms
08-04 19:28:35.969 14460 14472 I art     : Starting a blocking GC Explicit
08-04 19:28:35.982 14460 14472 I art     : Explicit concurrent mark sweep GC freed 23(752B) AllocSpace objects, 0(0B) LOS objects, 40% free, 22MB/37MB, paused 142us total 13.371ms
08-04 19:28:35.989 14460 14472 I art     : Starting a blocking GC Explicit
08-04 19:28:36.002 14460 14472 I art     : Explicit concurrent mark sweep GC freed 3(96B) AllocSpace objects, 0(0B) LOS objects, 40% free, 22MB/37MB, paused 143us total 12.822ms
08-04 19:28:36.008 14460 14472 I art     : Starting a blocking GC Explicit
08-04 19:28:36.021 14460 14472 I art     : Explicit concurrent mark sweep GC freed 3(96B) AllocSpace objects, 0(0B) LOS objects, 40% free, 22MB/37MB, paused 141us total 12.536ms
08-04 19:28:36.027 14460 14472 I art     : Starting a blocking GC Explicit
08-04 19:28:36.039 14460 14472 I art     : Explicit concurrent mark sweep GC freed 3(96B) AllocSpace objects, 0(0B) LOS objects, 40% free, 22MB/37MB, paused 135us total 12.209ms
08-04 19:28:36.350 14460 14491 I art     : Starting a blocking GC Explicit
08-04 19:28:36.369 14460 14491 I art     : Explicit concurrent mark sweep GC freed 1360(81KB) AllocSpace objects, 1(20KB) LOS objects, 40% free, 22MB/37MB, paused 166us total 18.337ms
08-04 19:28:36.378 14460 14491 I art     : Starting a blocking GC Explicit
08-04 19:28:36.391 14460 14491 I art     : Explicit concurrent mark sweep GC freed 23(752B) AllocSpace objects, 0(0B) LOS objects, 40% free, 22MB/37MB, paused 137us total 13.041ms
08-04 19:28:36.398 14460 14491 I art     : Starting a blocking GC Explicit
08-04 19:28:36.411 14460 14491 I art     : Explicit concurrent mark sweep GC freed 3(96B) AllocSpace objects, 0(0B) LOS objects, 40% free, 22MB/37MB, paused 126us total 12.470ms
08-04 19:28:36.417 14460 14491 I art     : Starting a blocking GC Explicit
08-04 19:28:36.429 14460 14491 I art     : Explicit concurrent mark sweep GC freed 3(96B) AllocSpace objects, 0(0B) LOS objects, 40% free, 22MB/37MB, paused 136us total 12.034ms
08-04 19:28:36.435 14460 14491 I art     : Starting a blocking GC Explicit
08-04 19:28:36.447 14460 14491 I art     : Explicit concurrent mark sweep GC freed 3(96B) AllocSpace objects, 0(0B) LOS objects, 40% free, 22MB/37MB, paused 121us total 12.119ms
08-04 19:28:36.746 14460 14471 I art     : Starting a blocking GC Explicit
08-04 19:28:36.762 14460 14471 I art     : Explicit concurrent mark sweep GC freed 1384(82KB) AllocSpace objects, 1(20KB) LOS objects, 40% free, 22MB/37MB, paused 161us total 16.571ms
08-04 19:28:36.773 14460 14471 I art     : Starting a blocking GC Explicit
08-04 19:28:36.786 14460 14471 I art     : Explicit concurrent mark sweep GC freed 23(752B) AllocSpace objects, 0(0B) LOS objects, 40% free, 22MB/37MB, paused 136us total 12.424ms
08-04 19:28:36.792 14460 14471 I art     : Starting a blocking GC Explicit
08-04 19:28:36.804 14460 14471 I art     : Explicit concurrent mark sweep GC freed 3(96B) AllocSpace objects, 0(0B) LOS objects, 40% free, 22MB/37MB, paused 127us total 12.197ms
08-04 19:28:36.810 14460 14471 I art     : Starting a blocking GC Explicit
08-04 19:28:36.823 14460 14471 I art     : Explicit concurrent mark sweep GC freed 3(96B) AllocSpace objects, 0(0B) LOS objects, 40% free, 22MB/37MB, paused 136us total 12.307ms
08-04 19:28:36.829 14460 14471 I art     : Starting a blocking GC Explicit
08-04 19:28:36.842 14460 14471 I art     : Explicit concurrent mark sweep GC freed 3(96B) AllocSpace objects, 0(0B) LOS objects, 40% free, 22MB/37MB, paused 161us total 12.354ms
08-04 19:28:37.136 14460 14472 I art     : Starting a blocking GC Explicit
08-04 19:28:37.153 14460 14472 I art     : Explicit concurrent mark sweep GC freed 1358(79KB) AllocSpace objects, 1(20KB) LOS objects, 40% free, 22MB/37MB, paused 175us total 16.309ms
08-04 19:28:37.163 14460 14472 I art     : Starting a blocking GC Explicit
08-04 19:28:37.177 14460 14472 I art     : Explicit concurrent mark sweep GC freed 23(752B) AllocSpace objects, 0(0B) LOS objects, 40% free, 22MB/37MB, paused 171us total 13.242ms
08-04 19:28:37.183 14460 14472 I art     : Starting a blocking GC Explicit
08-04 19:28:37.196 14460 14472 I art     : Explicit concurrent mark sweep GC freed 3(96B) AllocSpace objects, 0(0B) LOS objects, 40% free, 22MB/37MB, paused 140us total 12.418ms
08-04 19:28:37.202 14460 14472 I art     : Starting a blocking GC Explicit
08-04 19:28:37.214 14460 14472 I art     : Explicit concurrent mark sweep GC freed 3(96B) AllocSpace objects, 0(0B) LOS objects, 40% free, 22MB/37MB, paused 146us total 12.208ms
08-04 19:28:37.220 14460 14472 I art     : Starting a blocking GC Explicit
08-04 19:28:37.233 14460 14472 I art     : Explicit concurrent mark sweep GC freed 3(96B) AllocSpace objects, 0(0B) LOS objects, 40% free, 22MB/37MB, paused 142us total 12.765ms
08-04 19:28:37.527 14460 14491 I art     : Starting a blocking GC Explicit
08-04 19:28:37.541 14460 14491 I art     : Explicit concurrent mark sweep GC freed 1358(79KB) AllocSpace objects, 1(20KB) LOS objects, 40% free, 22MB/37MB, paused 154us total 13.785ms
08-04 19:28:37.548 14460 14491 I art     : Starting a blocking GC Explicit
08-04 19:28:37.560 14460 14491 I art     : Explicit concurrent mark sweep GC freed 23(752B) AllocSpace objects, 0(0B) LOS objects, 40% free, 22MB/37MB, paused 137us total 11.788ms
08-04 19:28:37.566 14460 14491 I art     : Starting a blocking GC Explicit
08-04 19:28:37.578 14460 14491 I art     : Explicit concurrent mark sweep GC freed 3(96B) AllocSpace objects, 0(0B) LOS objects, 40% free, 22MB/37MB, paused 120us total 11.357ms
08-04 19:28:37.584 14460 14491 I art     : Starting a blocking GC Explicit
08-04 19:28:37.595 14460 14491 I art     : Explicit concurrent mark sweep GC freed 3(96B) AllocSpace objects, 0(0B) LOS objects, 40% free, 22MB/37MB, paused 122us total 10.946ms
08-04 19:28:37.600 14460 14491 I art     : Starting a blocking GC Explicit
08-04 19:28:37.611 14460 14491 I art     : Explicit concurrent mark sweep GC freed 3(96B) AllocSpace objects, 0(0B) LOS objects, 40% free, 22MB/37MB, paused 115us total 10.594ms
08-04 19:28:37.815   918  3188 I hubconnection: sensorhub said: 'set_bias 3: -6.2400, 0.0000, 0.0000'
08-04 19:28:37.914 14460 14471 I art     : Starting a blocking GC Explicit
08-04 19:28:37.932 14460 14471 I art     : Explicit concurrent mark sweep GC freed 1382(80KB) AllocSpace objects, 1(20KB) LOS objects, 40% free, 22MB/37MB, paused 171us total 17.748ms
08-04 19:28:37.939 14460 14471 I art     : Starting a blocking GC Explicit
08-04 19:28:37.953 14460 14471 I art     : Explicit concurrent mark sweep GC freed 23(752B) AllocSpace objects, 0(0B) LOS objects, 40% free, 22MB/37MB, paused 146us total 13.292ms
08-04 19:28:37.959 14460 14471 I art     : Starting a blocking GC Explicit
08-04 19:28:37.972 14460 14471 I art     : Explicit concurrent mark sweep GC freed 3(96B) AllocSpace objects, 0(0B) LOS objects, 40% free, 22MB/37MB, paused 128us total 12.197ms
08-04 19:28:37.978 14460 14471 I art     : Starting a blocking GC Explicit
08-04 19:28:37.991 14460 14471 I art     : Explicit concurrent mark sweep GC freed 3(96B) AllocSpace objects, 0(0B) LOS objects, 40% free, 22MB/37MB, paused 138us total 12.623ms
08-04 19:28:37.998 14460 14471 I art     : Starting a blocking GC Explicit
08-04 19:28:38.010 14460 14471 I art     : Explicit concurrent mark sweep GC freed 3(96B) AllocSpace objects, 0(0B) LOS objects, 40% free, 22MB/37MB, paused 130us total 12.288ms
08-04 19:28:38.259  7628  7628 I ServiceManager: Waiting for service AtCmdFwd...
08-04 19:28:38.305 14460 14472 I art     : Starting a blocking GC Explicit
08-04 19:28:38.321 14460 14472 I art     : Explicit concurrent mark sweep GC freed 1358(79KB) AllocSpace objects, 1(20KB) LOS objects, 40% free, 22MB/37MB, paused 190us total 15.361ms
08-04 19:28:38.329 14460 14472 I art     : Starting a blocking GC Explicit
08-04 19:28:38.340 14460 14472 I art     : Explicit concurrent mark sweep GC freed 23(752B) AllocSpace objects, 0(0B) LOS objects, 40% free, 22MB/37MB, paused 134us total 11.259ms
08-04 19:28:38.346 14460 14472 I art     : Starting a blocking GC Explicit
08-04 19:28:38.357 14460 14472 I art     : Explicit concurrent mark sweep GC freed 3(96B) AllocSpace objects, 0(0B) LOS objects, 40% free, 22MB/37MB, paused 122us total 11.230ms
08-04 19:28:38.363 14460 14472 I art     : Starting a blocking GC Explicit
08-04 19:28:38.374 14460 14472 I art     : Explicit concurrent mark sweep GC freed 3(96B) AllocSpace objects, 0(0B) LOS objects, 40% free, 22MB/37MB, paused 123us total 10.929ms
08-04 19:28:38.380 14460 14472 I art     : Starting a blocking GC Explicit
08-04 19:28:38.391 14460 14472 I art     : Explicit concurrent mark sweep GC freed 3(96B) AllocSpace objects, 0(0B) LOS objects, 40% free, 22MB/37MB, paused 142us total 11.031ms
08-04 19:28:38.658 14460 14491 I art     : Starting a blocking GC Explicit
08-04 19:28:38.670 14659 14659 D AndroidRuntime: >>>>>> START com.android.internal.os.RuntimeInit uid 2000 <<<<<<
08-04 19:28:38.672 14460 14491 I art     : Explicit concurrent mark sweep GC freed 1357(79KB) AllocSpace objects, 1(20KB) LOS objects, 40% free, 22MB/37MB, paused 156us total 13.005ms
08-04 19:28:38.674 14659 14659 D AndroidRuntime: CheckJNI is OFF
08-04 19:28:38.678 14460 14491 I art     : Starting a blocking GC Explicit
08-04 19:28:38.691 14460 14491 I art     : Explicit concurrent mark sweep GC freed 23(752B) AllocSpace objects, 0(0B) LOS objects, 40% free, 22MB/37MB, paused 136us total 12.206ms
08-04 19:28:38.696 14460 14491 I art     : Starting a blocking GC Explicit
08-04 19:28:38.703 14659 14659 D ICU     : No timezone override file found: /data/misc/zoneinfo/current/icu/icu_tzdata.dat
08-04 19:28:38.707 14460 14491 I art     : Explicit concurrent mark sweep GC freed 3(96B) AllocSpace objects, 0(0B) LOS objects, 40% free, 22MB/37MB, paused 125us total 11.278ms
08-04 19:28:38.713 14460 14491 I art     : Starting a blocking GC Explicit
08-04 19:28:38.725 14460 14491 I art     : Explicit concurrent mark sweep GC freed 3(96B) AllocSpace objects, 0(0B) LOS objects, 40% free, 22MB/37MB, paused 136us total 11.238ms
08-04 19:28:38.727 14659 14659 I Radio-JNI: register_android_hardware_Radio DONE
08-04 19:28:38.730 14460 14491 I art     : Starting a blocking GC Explicit
08-04 19:28:38.742 14460 14491 I art     : Explicit concurrent mark sweep GC freed 28(784B) AllocSpace objects, 0(0B) LOS objects, 40% free, 22MB/37MB, paused 128us total 11.504ms
08-04 19:28:38.743 14659 14659 D AndroidRuntime: Calling main entry com.android.commands.input.Input
08-04 19:28:38.745 14659 14659 I Input   : injectMotionEvent: MotionEvent { action=ACTION_DOWN, actionButton=0, id[0]=0, x[0]=1233.0, y[0]=1274.0, toolType[0]=TOOL_TYPE_UNKNOWN, buttonState=0, metaState=0, flags=0x0, edgeFlags=0x0, pointerCount=1, historySize=0, eventTime=732535158, downTime=732535158, deviceId=0, source=0x1002 }
08-04 19:28:38.754 14659 14659 I Input   : injectMotionEvent: MotionEvent { action=ACTION_UP, actionButton=0, id[0]=0, x[0]=1233.0, y[0]=1274.0, toolType[0]=TOOL_TYPE_UNKNOWN, buttonState=0, metaState=0, flags=0x0, edgeFlags=0x0, pointerCount=1, historySize=0, eventTime=732535158, downTime=732535158, deviceId=0, source=0x1002 }
08-04 19:28:38.756 14659 14659 D AndroidRuntime: Shutting down VM
08-04 19:28:38.980 14460 14471 I art     : Starting a blocking GC Explicit
08-04 19:28:38.995 14460 14471 I art     : Explicit concurrent mark sweep GC freed 1360(79KB) AllocSpace objects, 1(20KB) LOS objects, 40% free, 22MB/37MB, paused 135us total 15.091ms
08-04 19:28:39.001 14460 14471 I art     : Starting a blocking GC Explicit
08-04 19:28:39.016 14460 14471 I art     : Explicit concurrent mark sweep GC freed 23(752B) AllocSpace objects, 0(0B) LOS objects, 40% free, 22MB/37MB, paused 157us total 14.654ms
08-04 19:28:39.023 14460 14471 I art     : Starting a blocking GC Explicit
08-04 19:28:39.037 14460 14471 I art     : Explicit concurrent mark sweep GC freed 3(96B) AllocSpace objects, 0(0B) LOS objects, 40% free, 22MB/37MB, paused 124us total 13.534ms
08-04 19:28:39.044 14460 14471 I art     : Starting a blocking GC Explicit
08-04 19:28:39.056 14460 14471 I art     : Explicit concurrent mark sweep GC freed 3(96B) AllocSpace objects, 0(0B) LOS objects, 40% free, 22MB/37MB, paused 122us total 11.757ms
08-04 19:28:39.062 14460 14471 I art     : Starting a blocking GC Explicit
08-04 19:28:39.074 14460 14471 I art     : Explicit concurrent mark sweep GC freed 3(96B) AllocSpace objects, 0(0B) LOS objects, 40% free, 22MB/37MB, paused 155us total 11.842ms
08-04 19:28:39.192 13866 13866 I GoogleInputMethodServic: GoogleInputMethodService.onFinishInput():3138 
08-04 19:28:39.194 13866 13866 I GoogleInputMethodServic: GoogleInputMethodService.onStartInput():1808 
08-04 19:28:39.260  7628  7628 I ServiceManager: Waiting for service AtCmdFwd...
08-04 19:28:39.307 14460 14472 I art     : Starting a blocking GC Explicit
08-04 19:28:39.323 14460 14472 I art     : Explicit concurrent mark sweep GC freed 1454(83KB) AllocSpace objects, 1(20KB) LOS objects, 40% free, 22MB/37MB, paused 155us total 15.467ms
08-04 19:28:39.333 14460 14472 I art     : Starting a blocking GC Explicit
08-04 19:28:39.345 14460 14472 I art     : Explicit concurrent mark sweep GC freed 31(1200B) AllocSpace objects, 0(0B) LOS objects, 40% free, 22MB/37MB, paused 144us total 12.083ms
08-04 19:28:39.351 14460 14472 I art     : Starting a blocking GC Explicit
08-04 19:28:39.363 14460 14472 I art     : Explicit concurrent mark sweep GC freed 3(96B) AllocSpace objects, 0(0B) LOS objects, 40% free, 22MB/37MB, paused 140us total 12.206ms
08-04 19:28:39.369 14460 14472 I art     : Starting a blocking GC Explicit
08-04 19:28:39.381 14460 14472 I art     : Explicit concurrent mark sweep GC freed 3(96B) AllocSpace objects, 0(0B) LOS objects, 40% free, 22MB/37MB, paused 141us total 12.028ms
08-04 19:28:39.387 14460 14472 I art     : Starting a blocking GC Explicit
08-04 19:28:39.400 14460 14472 I art     : Explicit concurrent mark sweep GC freed 3(96B) AllocSpace objects, 0(0B) LOS objects, 40% free, 22MB/37MB, paused 137us total 12.052ms
08-04 19:28:39.667 14460 14471 I art     : Starting a blocking GC Explicit
08-04 19:28:39.682 14460 14471 I art     : Explicit concurrent mark sweep GC freed 1358(79KB) AllocSpace objects, 1(20KB) LOS objects, 40% free, 22MB/37MB, paused 150us total 15.162ms
08-04 19:28:39.689 14460 14471 I art     : Starting a blocking GC Explicit
08-04 19:28:39.703 14460 14471 I art     : Explicit concurrent mark sweep GC freed 23(752B) AllocSpace objects, 0(0B) LOS objects, 40% free, 22MB/37MB, paused 135us total 13.510ms
08-04 19:28:39.709 14460 14471 I art     : Starting a blocking GC Explicit
08-04 19:28:39.722 14460 14471 I art     : Explicit concurrent mark sweep GC freed 3(96B) AllocSpace objects, 0(0B) LOS objects, 40% free, 22MB/37MB, paused 140us total 12.836ms
08-04 19:28:39.729 14460 14471 I art     : Starting a blocking GC Explicit
08-04 19:28:39.741 14460 14471 I art     : Explicit concurrent mark sweep GC freed 28(784B) AllocSpace objects, 0(0B) LOS objects, 40% free, 22MB/37MB, paused 133us total 12.633ms
08-04 19:28:39.748 14460 14471 I art     : Starting a blocking GC Explicit
08-04 19:28:39.760 14460 14471 I art     : Explicit concurrent mark sweep GC freed 3(96B) AllocSpace objects, 0(0B) LOS objects, 40% free, 22MB/37MB, paused 135us total 12.501ms
08-04 19:28:40.038 14460 14491 I art     : Starting a blocking GC Explicit
08-04 19:28:40.053 14460 14491 I art     : Explicit concurrent mark sweep GC freed 1357(79KB) AllocSpace objects, 1(20KB) LOS objects, 40% free, 22MB/37MB, paused 147us total 14.682ms
08-04 19:28:40.060 14460 14491 I art     : Starting a blocking GC Explicit
08-04 19:28:40.073 14460 14491 I art     : Explicit concurrent mark sweep GC freed 23(752B) AllocSpace objects, 0(0B) LOS objects, 40% free, 22MB/37MB, paused 133us total 13.051ms
08-04 19:28:40.079 14460 14491 I art     : Starting a blocking GC Explicit
08-04 19:28:40.091 14460 14491 I art     : Explicit concurrent mark sweep GC freed 3(96B) AllocSpace objects, 0(0B) LOS objects, 40% free, 22MB/37MB, paused 138us total 12.040ms
08-04 19:28:40.097 14460 14491 I art     : Starting a blocking GC Explicit
08-04 19:28:40.110 14460 14491 I art     : Explicit concurrent mark sweep GC freed 3(96B) AllocSpace objects, 0(0B) LOS objects, 40% free, 22MB/37MB, paused 143us total 11.962ms
08-04 19:28:40.116 14460 14491 I art     : Starting a blocking GC Explicit
08-04 19:28:40.129 14460 14491 I art     : Explicit concurrent mark sweep GC freed 3(96B) AllocSpace objects, 0(0B) LOS objects, 40% free, 22MB/37MB, paused 137us total 12.146ms
08-04 19:28:40.261  7628  7628 I ServiceManager: Waiting for service AtCmdFwd...
08-04 19:28:40.310 14722 14722 D AndroidRuntime: >>>>>> START com.android.internal.os.RuntimeInit uid 2000 <<<<<<
08-04 19:28:40.314 14722 14722 D AndroidRuntime: CheckJNI is OFF
08-04 19:28:40.341 14722 14722 D ICU     : No timezone override file found: /data/misc/zoneinfo/current/icu/icu_tzdata.dat
08-04 19:28:40.366 14722 14722 I Radio-JNI: register_android_hardware_Radio DONE
08-04 19:28:40.378 14460 14472 I art     : Starting a blocking GC Explicit
08-04 19:28:40.383 14722 14722 D AndroidRuntime: Calling main entry com.android.commands.input.Input
08-04 19:28:40.384 14722 14722 I Input   : injectMotionEvent: MotionEvent { action=ACTION_DOWN, actionButton=0, id[0]=0, x[0]=103.0, y[0]=192.0, toolType[0]=TOOL_TYPE_UNKNOWN, buttonState=0, metaState=0, flags=0x0, edgeFlags=0x0, pointerCount=1, historySize=0, eventTime=732536797, downTime=732536797, deviceId=0, source=0x1002 }
08-04 19:28:40.388 14722 14722 I Input   : injectMotionEvent: MotionEvent { action=ACTION_UP, actionButton=0, id[0]=0, x[0]=103.0, y[0]=192.0, toolType[0]=TOOL_TYPE_UNKNOWN, buttonState=0, metaState=0, flags=0x0, edgeFlags=0x0, pointerCount=1, historySize=0, eventTime=732536797, downTime=732536797, deviceId=0, source=0x1002 }
08-04 19:28:40.390 14722 14722 D AndroidRuntime: Shutting down VM
08-04 19:28:40.391 14460 14472 I art     : Explicit concurrent mark sweep GC freed 1376(80KB) AllocSpace objects, 1(20KB) LOS objects, 40% free, 22MB/37MB, paused 162us total 12.826ms
08-04 19:28:40.398 14460 14472 I art     : Starting a blocking GC Explicit
08-04 19:28:40.407   512  2967 D audio_hw_primary: out_set_parameters: enter: usecase(1: low-latency-playback) kvpairs: routing=2
08-04 19:28:40.411 14460 14472 I art     : Explicit concurrent mark sweep GC freed 34(1088B) AllocSpace objects, 0(0B) LOS objects, 40% free, 22MB/37MB, paused 163us total 13.402ms
08-04 19:28:40.418 14460 14472 I art     : Starting a blocking GC Explicit
08-04 19:28:40.420   512  2967 D audio_hw_primary: select_devices: out_snd_device(2: speaker) in_snd_device(0: none)
08-04 19:28:40.420   512  2967 D msm8974_platform: platform_send_audio_calibration: sending audio calibration for snd_device(2) acdb_id(15)
08-04 19:28:40.420   512  2967 I soundtrigger: audio_extn_sound_trigger_update_device_status: device 0x2 of type 0 for Event 1
08-04 19:28:40.431   512  2967 D audio_hw_primary: enable_snd_device: snd_device(2: speaker)
08-04 19:28:40.431 14460 14472 I art     : Explicit concurrent mark sweep GC freed 34(1088B) AllocSpace objects, 0(0B) LOS objects, 40% free, 22MB/37MB, paused 151us total 12.273ms
08-04 19:28:40.433   512  2967 D audio_hw_primary: enable_audio_route: apply and update mixer path: low-latency-playback speaker
08-04 19:28:40.437 14460 14472 I art     : Starting a blocking GC Explicit
08-04 19:28:40.445 13866 13866 I GoogleInputMethodServic: GoogleInputMethodService.onFinishInput():3138 
08-04 19:28:40.446 13866 13866 I GoogleInputMethodServic: GoogleInputMethodService.onStartInput():1808 
08-04 19:28:40.450 14460 14472 I art     : Explicit concurrent mark sweep GC freed 66(2640B) AllocSpace objects, 0(0B) LOS objects, 40% free, 22MB/37MB, paused 147us total 13.238ms
08-04 19:28:40.456 14460 14472 I art     : Starting a blocking GC Explicit
08-04 19:28:40.469 14460 14472 I art     : Explicit concurrent mark sweep GC freed 110(4KB) AllocSpace objects, 0(0B) LOS objects, 40% free, 22MB/37MB, paused 136us total 12.031ms
08-04 19:28:40.690 14460 14472 I art     : Starting a blocking GC Explicit
08-04 19:28:40.703 14460 14472 I art     : Explicit concurrent mark sweep GC freed 1643(95KB) AllocSpace objects, 1(20KB) LOS objects, 40% free, 22MB/37MB, paused 147us total 12.067ms
08-04 19:28:40.709 14460 14472 I art     : Starting a blocking GC Explicit
08-04 19:28:40.721 14460 14472 I art     : Explicit concurrent mark sweep GC freed 29(1104B) AllocSpace objects, 0(0B) LOS objects, 40% free, 22MB/37MB, paused 226us total 12.266ms
08-04 19:28:40.728 14460 14472 I art     : Starting a blocking GC Explicit
08-04 19:28:40.740 14460 14472 I art     : Explicit concurrent mark sweep GC freed 28(784B) AllocSpace objects, 0(0B) LOS objects, 40% free, 22MB/37MB, paused 137us total 12.125ms
08-04 19:28:40.746 14460 14472 I art     : Starting a blocking GC Explicit
08-04 19:28:40.759 14460 14472 I art     : Explicit concurrent mark sweep GC freed 9(288B) AllocSpace objects, 0(0B) LOS objects, 40% free, 22MB/37MB, paused 159us total 12.017ms
08-04 19:28:40.765 14460 14472 I art     : Starting a blocking GC Explicit
08-04 19:28:40.778 14460 14472 I art     : Explicit concurrent mark sweep GC freed 3(96B) AllocSpace objects, 0(0B) LOS objects, 40% free, 22MB/37MB, paused 199us total 12.238ms
08-04 19:28:40.942 14749 14749 D AndroidRuntime: >>>>>> START com.android.internal.os.RuntimeInit uid 2000 <<<<<<
08-04 19:28:40.947 14749 14749 D AndroidRuntime: CheckJNI is OFF
08-04 19:28:40.971 14749 14749 D ICU     : No timezone override file found: /data/misc/zoneinfo/current/icu/icu_tzdata.dat
08-04 19:28:40.979   512  2967 D audio_hw_primary: disable_audio_route: reset and update mixer path: low-latency-playback speaker
08-04 19:28:40.981   512  2967 D audio_hw_primary: disable_snd_device: snd_device(2: speaker)
08-04 19:28:40.991   512  2967 I soundtrigger: audio_extn_sound_trigger_update_device_status: device 0x2 of type 0 for Event 0
08-04 19:28:40.995 14749 14749 I Radio-JNI: register_android_hardware_Radio DONE
08-04 19:28:41.011 14749 14749 D AndroidRuntime: Calling main entry com.android.commands.input.Input
08-04 19:28:41.013 14749 14749 I Input   : injectMotionEvent: MotionEvent { action=ACTION_DOWN, actionButton=0, id[0]=0, x[0]=324.0, y[0]=2298.0, toolType[0]=TOOL_TYPE_UNKNOWN, buttonState=0, metaState=0, flags=0x0, edgeFlags=0x0, pointerCount=1, historySize=0, eventTime=732537426, downTime=732537426, deviceId=0, source=0x1002 }
08-04 19:28:41.016 14749 14749 I Input   : injectMotionEvent: MotionEvent { action=ACTION_UP, actionButton=0, id[0]=0, x[0]=324.0, y[0]=2298.0, toolType[0]=TOOL_TYPE_UNKNOWN, buttonState=0, metaState=0, flags=0x0, edgeFlags=0x0, pointerCount=1, historySize=0, eventTime=732537426, downTime=732537426, deviceId=0, source=0x1002 }
08-04 19:28:41.018 14749 14749 D AndroidRuntime: Shutting down VM
08-04 19:28:41.024   512  2967 D audio_hw_primary: out_set_parameters: enter: usecase(1: low-latency-playback) kvpairs: routing=2
08-04 19:28:41.025   918  3961 I ActivityManager: START u0 {cmp=baseline.de.danoeh.antennapod.debug/baseline.de.danoeh.antennapod.activity.PreferenceActivity} from uid 10670 on display 0
08-04 19:28:41.037   512  2967 D audio_hw_primary: select_devices: out_snd_device(2: speaker) in_snd_device(0: none)
08-04 19:28:41.037   512  2967 D msm8974_platform: platform_send_audio_calibration: sending audio calibration for snd_device(2) acdb_id(15)
08-04 19:28:41.037   512  2967 I soundtrigger: audio_extn_sound_trigger_update_device_status: device 0x2 of type 0 for Event 1
08-04 19:28:41.037 14460 14471 I art     : Starting a blocking GC Explicit
08-04 19:28:41.048   512  2967 D audio_hw_primary: enable_snd_device: snd_device(2: speaker)
08-04 19:28:41.050   512  2967 D audio_hw_primary: enable_audio_route: apply and update mixer path: low-latency-playback speaker
08-04 19:28:41.056 14460 14471 I art     : Explicit concurrent mark sweep GC freed 1457(107KB) AllocSpace objects, 2(40KB) LOS objects, 40% free, 22MB/37MB, paused 160us total 18.004ms
08-04 19:28:41.062 14460 14471 I art     : Starting a blocking GC Explicit
08-04 19:28:41.077 14460 14471 I art     : Explicit concurrent mark sweep GC freed 699(86KB) AllocSpace objects, 0(0B) LOS objects, 40% free, 22MB/37MB, paused 740us total 14.530ms
08-04 19:28:41.083 14460 14471 I art     : Starting a blocking GC Explicit
08-04 19:28:41.093   512  2967 D AudioFlinger: mixer(0xf4740000) throttle end: throttle time(12)
08-04 19:28:41.097 14460 14471 I art     : Explicit concurrent mark sweep GC freed 553(93KB) AllocSpace objects, 0(0B) LOS objects, 40% free, 22MB/37MB, paused 201us total 13.158ms
08-04 19:28:41.104 14460 14471 I art     : Starting a blocking GC Explicit
08-04 19:28:41.117 14460 14471 I art     : Explicit concurrent mark sweep GC freed 167(11KB) AllocSpace objects, 0(0B) LOS objects, 40% free, 22MB/37MB, paused 206us total 12.951ms
08-04 19:28:41.123 14460 14471 I art     : Starting a blocking GC Explicit
08-04 19:28:41.135 14460 14471 I art     : Explicit concurrent mark sweep GC freed 36(1872B) AllocSpace objects, 0(0B) LOS objects, 40% free, 22MB/37MB, paused 139us total 11.978ms
08-04 19:28:41.261  7628  7628 I ServiceManager: Waiting for service AtCmdFwd...
08-04 19:28:41.271   918   936 I ActivityManager: Displayed baseline.de.danoeh.antennapod.debug/baseline.de.danoeh.antennapod.activity.PreferenceActivity: +219ms
08-04 19:28:41.271 13866 13866 I GoogleInputMethodServic: GoogleInputMethodService.onFinishInput():3138 
08-04 19:28:41.272 13866 13866 I GoogleInputMethodServic: GoogleInputMethodService.onStartInput():1808 
08-04 19:28:41.293 14460 14481 D OpenGLRenderer: endAllStagingAnimators on 0x7f7f464000 (RippleDrawable) with handle 0x7f7e468e40
08-04 19:28:41.381 14460 14491 I art     : Starting a blocking GC Explicit
08-04 19:28:41.397 14460 14491 I art     : Explicit concurrent mark sweep GC freed 3337(242KB) AllocSpace objects, 1(20KB) LOS objects, 40% free, 23MB/39MB, paused 133us total 15.334ms
08-04 19:28:41.403 14460 14491 I art     : Starting a blocking GC Explicit
08-04 19:28:41.420 14460 14491 I art     : Explicit concurrent mark sweep GC freed 223(10KB) AllocSpace objects, 0(0B) LOS objects, 40% free, 23MB/38MB, paused 151us total 16.630ms
08-04 19:28:41.429 14460 14491 I art     : Starting a blocking GC Explicit
08-04 19:28:41.448 14460 14491 I art     : Explicit concurrent mark sweep GC freed 3(96B) AllocSpace objects, 0(0B) LOS objects, 40% free, 23MB/38MB, paused 146us total 18.490ms
08-04 19:28:41.456 14460 14491 I art     : Starting a blocking GC Explicit
08-04 19:28:41.475 14460 14491 I art     : Explicit concurrent mark sweep GC freed 3(96B) AllocSpace objects, 0(0B) LOS objects, 40% free, 23MB/38MB, paused 147us total 17.929ms
08-04 19:28:41.483 14460 14491 I art     : Starting a blocking GC Explicit
08-04 19:28:41.501 14460 14491 I art     : Explicit concurrent mark sweep GC freed 3(96B) AllocSpace objects, 0(0B) LOS objects, 40% free, 23MB/38MB, paused 143us total 17.601ms
08-04 19:28:41.522   380   380 W SurfaceFlinger: couldn't log to binary event log: overflow.
08-04 19:28:41.589   512  2967 D audio_hw_primary: disable_audio_route: reset and update mixer path: low-latency-playback speaker
08-04 19:28:41.590   512  2967 D audio_hw_primary: disable_snd_device: snd_device(2: speaker)
08-04 19:28:41.598   512  2967 I soundtrigger: audio_extn_sound_trigger_update_device_status: device 0x2 of type 0 for Event 0
08-04 19:28:41.621  6490  6520 I WorkerManager: dispose()
08-04 19:28:41.622  6490  6520 W ThreadPoolDumper: Queue length for executor EventBus is now 11. Perhaps some tasks are too long, or the pool is too small.
08-04 19:28:41.650 14460 14460 D PlaybackController: Releasing PlaybackController
08-04 19:28:41.768 14460 14471 I art     : Starting a blocking GC Explicit
08-04 19:28:41.787 14460 14471 I art     : Explicit concurrent mark sweep GC freed 1645(98KB) AllocSpace objects, 1(20KB) LOS objects, 40% free, 23MB/39MB, paused 162us total 18.381ms
08-04 19:28:41.796 14460 14471 I art     : Starting a blocking GC Explicit
08-04 19:28:41.810 14460 14471 I art     : Explicit concurrent mark sweep GC freed 63(2064B) AllocSpace objects, 0(0B) LOS objects, 40% free, 23MB/39MB, paused 141us total 14.627ms
08-04 19:28:41.817 14460 14471 I art     : Starting a blocking GC Explicit
08-04 19:28:41.832 14460 14471 I art     : Explicit concurrent mark sweep GC freed 3(96B) AllocSpace objects, 0(0B) LOS objects, 40% free, 23MB/39MB, paused 131us total 14.530ms
08-04 19:28:41.838 14460 14471 I art     : Starting a blocking GC Explicit
08-04 19:28:41.852 14460 14471 I art     : Explicit concurrent mark sweep GC freed 3(96B) AllocSpace objects, 0(0B) LOS objects, 40% free, 23MB/39MB, paused 130us total 13.997ms
08-04 19:28:41.858 14460 14471 I art     : Starting a blocking GC Explicit
08-04 19:28:41.873 14460 14471 I art     : Explicit concurrent mark sweep GC freed 3(96B) AllocSpace objects, 0(0B) LOS objects, 40% free, 23MB/39MB, paused 132us total 14.091ms
08-04 19:28:42.150 14460 14472 I art     : Starting a blocking GC Explicit
08-04 19:28:42.170 14460 14472 I art     : Explicit concurrent mark sweep GC freed 1360(80KB) AllocSpace objects, 1(20KB) LOS objects, 40% free, 23MB/39MB, paused 167us total 20.406ms
08-04 19:28:42.181 14460 14472 I art     : Starting a blocking GC Explicit
08-04 19:28:42.198 14460 14472 I art     : Explicit concurrent mark sweep GC freed 23(752B) AllocSpace objects, 0(0B) LOS objects, 40% free, 23MB/39MB, paused 145us total 16.819ms
08-04 19:28:42.205 14460 14472 I art     : Starting a blocking GC Explicit
08-04 19:28:42.220 14460 14472 I art     : Explicit concurrent mark sweep GC freed 3(96B) AllocSpace objects, 0(0B) LOS objects, 40% free, 23MB/39MB, paused 144us total 15.121ms
08-04 19:28:42.227 14460 14472 I art     : Starting a blocking GC Explicit
08-04 19:28:42.241 14460 14472 I art     : Explicit concurrent mark sweep GC freed 3(96B) AllocSpace objects, 0(0B) LOS objects, 40% free, 23MB/39MB, paused 132us total 14.431ms
08-04 19:28:42.248 14460 14472 I art     : Starting a blocking GC Explicit
08-04 19:28:42.261  7628  7628 I ServiceManager: Waiting for service AtCmdFwd...
08-04 19:28:42.262 14460 14472 I art     : Explicit concurrent mark sweep GC freed 3(96B) AllocSpace objects, 0(0B) LOS objects, 40% free, 23MB/39MB, paused 130us total 13.820ms
08-04 19:28:42.402   518   646 I ThermalEngine: ACTION: GPU - Setting GPU[0] to 510000000
08-04 19:28:42.521 14460 14491 I art     : Starting a blocking GC Explicit
08-04 19:28:42.543 14460 14491 I art     : Explicit concurrent mark sweep GC freed 1360(80KB) AllocSpace objects, 1(20KB) LOS objects, 40% free, 23MB/39MB, paused 202us total 22.010ms
08-04 19:28:42.555 14460 14491 I art     : Starting a blocking GC Explicit
08-04 19:28:42.573 14460 14491 I art     : Explicit concurrent mark sweep GC freed 23(752B) AllocSpace objects, 0(0B) LOS objects, 40% free, 23MB/39MB, paused 191us total 18.157ms
08-04 19:28:42.581 14460 14491 I art     : Starting a blocking GC Explicit
08-04 19:28:42.600 14460 14491 I art     : Explicit concurrent mark sweep GC freed 3(96B) AllocSpace objects, 0(0B) LOS objects, 40% free, 23MB/39MB, paused 188us total 18.507ms
08-04 19:28:42.608 14460 14491 I art     : Starting a blocking GC Explicit
08-04 19:28:42.621 14811 14811 D AndroidRuntime: >>>>>> START com.android.internal.os.RuntimeInit uid 2000 <<<<<<
08-04 19:28:42.626 14811 14811 D AndroidRuntime: CheckJNI is OFF
08-04 19:28:42.626 14460 14491 I art     : Explicit concurrent mark sweep GC freed 3(96B) AllocSpace objects, 0(0B) LOS objects, 40% free, 23MB/39MB, paused 181us total 18.008ms
08-04 19:28:42.634 14460 14491 I art     : Starting a blocking GC Explicit
08-04 19:28:42.652 14460 14491 I art     : Explicit concurrent mark sweep GC freed 3(96B) AllocSpace objects, 0(0B) LOS objects, 40% free, 23MB/39MB, paused 185us total 17.841ms
08-04 19:28:42.662 14811 14811 D ICU     : No timezone override file found: /data/misc/zoneinfo/current/icu/icu_tzdata.dat
08-04 19:28:42.694 14811 14811 I Radio-JNI: register_android_hardware_Radio DONE
08-04 19:28:42.715 14811 14811 D AndroidRuntime: Calling main entry com.android.commands.input.Input
08-04 19:28:42.716 14811 14811 I Input   : injectMotionEvent: MotionEvent { action=ACTION_DOWN, actionButton=0, id[0]=0, x[0]=400.0, y[0]=997.0, toolType[0]=TOOL_TYPE_UNKNOWN, buttonState=0, metaState=0, flags=0x0, edgeFlags=0x0, pointerCount=1, historySize=0, eventTime=732539129, downTime=732539129, deviceId=0, source=0x1002 }
08-04 19:28:42.721 14811 14811 I Input   : injectMotionEvent: MotionEvent { action=ACTION_UP, actionButton=0, id[0]=0, x[0]=400.0, y[0]=997.0, toolType[0]=TOOL_TYPE_UNKNOWN, buttonState=0, metaState=0, flags=0x0, edgeFlags=0x0, pointerCount=1, historySize=0, eventTime=732539129, downTime=732539129, deviceId=0, source=0x1002 }
08-04 19:28:42.723 14811 14811 D AndroidRuntime: Shutting down VM
08-04 19:28:42.726   512  2967 D audio_hw_primary: out_set_parameters: enter: usecase(1: low-latency-playback) kvpairs: routing=2
08-04 19:28:42.739   512  2967 D audio_hw_primary: select_devices: out_snd_device(2: speaker) in_snd_device(0: none)
08-04 19:28:42.739   512  2967 D msm8974_platform: platform_send_audio_calibration: sending audio calibration for snd_device(2) acdb_id(15)
08-04 19:28:42.739   512  2967 I soundtrigger: audio_extn_sound_trigger_update_device_status: device 0x2 of type 0 for Event 1
08-04 19:28:42.753   512  2967 D audio_hw_primary: enable_snd_device: snd_device(2: speaker)
08-04 19:28:42.755   512  2967 D audio_hw_primary: enable_audio_route: apply and update mixer path: low-latency-playback speaker
08-04 19:28:42.852 13866 13866 I GoogleInputMethodServic: GoogleInputMethodService.onFinishInput():3138 
08-04 19:28:42.853 13866 13866 I GoogleInputMethodServic: GoogleInputMethodService.onStartInput():1808 
08-04 19:28:42.888 14460 14472 I art     : Starting a blocking GC Explicit
08-04 19:28:42.907 14460 14472 I art     : Explicit concurrent mark sweep GC freed 2907(185KB) AllocSpace objects, 2(40KB) LOS objects, 40% free, 23MB/39MB, paused 197us total 18.871ms
08-04 19:28:42.915 14460 14472 I art     : Starting a blocking GC Explicit
08-04 19:28:42.935 14460 14472 I art     : Explicit concurrent mark sweep GC freed 178(8KB) AllocSpace objects, 0(0B) LOS objects, 40% free, 23MB/39MB, paused 195us total 19.920ms
08-04 19:28:42.944 14460 14472 I art     : Starting a blocking GC Explicit
08-04 19:28:42.963 14460 14472 I art     : Explicit concurrent mark sweep GC freed 3(96B) AllocSpace objects, 0(0B) LOS objects, 40% free, 23MB/39MB, paused 197us total 19.445ms
08-04 19:28:42.971 14460 14472 I art     : Starting a blocking GC Explicit
08-04 19:28:42.990 14460 14472 I art     : Explicit concurrent mark sweep GC freed 3(96B) AllocSpace objects, 0(0B) LOS objects, 40% free, 23MB/39MB, paused 184us total 18.787ms
08-04 19:28:42.999 14460 14472 I art     : Starting a blocking GC Explicit
08-04 19:28:43.018 14460 14472 I art     : Explicit concurrent mark sweep GC freed 3(96B) AllocSpace objects, 0(0B) LOS objects, 40% free, 23MB/39MB, paused 188us total 19.023ms
08-04 19:28:43.260 14460 14491 I art     : Starting a blocking GC Explicit
08-04 19:28:43.262  7628  7628 W Atfwd_Sendcmd: AtCmdFwd service not published, waiting... retryCnt : 5
08-04 19:28:43.281 14460 14491 I art     : Explicit concurrent mark sweep GC freed 1362(80KB) AllocSpace objects, 1(20KB) LOS objects, 40% free, 23MB/39MB, paused 184us total 20.853ms
08-04 19:28:43.289   512  2967 D audio_hw_primary: disable_audio_route: reset and update mixer path: low-latency-playback speaker
08-04 19:28:43.289 14460 14491 I art     : Starting a blocking GC Explicit
08-04 19:28:43.291   512  2967 D audio_hw_primary: disable_snd_device: snd_device(2: speaker)
08-04 19:28:43.299   512  2967 I soundtrigger: audio_extn_sound_trigger_update_device_status: device 0x2 of type 0 for Event 0
08-04 19:28:43.309 14460 14491 I art     : Explicit concurrent mark sweep GC freed 23(752B) AllocSpace objects, 0(0B) LOS objects, 40% free, 23MB/39MB, paused 184us total 19.507ms
08-04 19:28:43.317 14460 14491 I art     : Starting a blocking GC Explicit
08-04 19:28:43.337 14460 14491 I art     : Explicit concurrent mark sweep GC freed 3(96B) AllocSpace objects, 0(0B) LOS objects, 40% free, 23MB/39MB, paused 245us total 19.182ms
08-04 19:28:43.345 14460 14491 I art     : Starting a blocking GC Explicit
08-04 19:28:43.364 14460 14491 I art     : Explicit concurrent mark sweep GC freed 3(96B) AllocSpace objects, 0(0B) LOS objects, 40% free, 23MB/39MB, paused 189us total 19.433ms
08-04 19:28:43.372 14844 14844 D AndroidRuntime: >>>>>> START com.android.internal.os.RuntimeInit uid 2000 <<<<<<
08-04 19:28:43.373 14460 14491 I art     : Starting a blocking GC Explicit
08-04 19:28:43.377 14844 14844 D AndroidRuntime: CheckJNI is OFF
08-04 19:28:43.393 14460 14491 I art     : Explicit concurrent mark sweep GC freed 3(96B) AllocSpace objects, 0(0B) LOS objects, 40% free, 23MB/39MB, paused 175us total 19.757ms
08-04 19:28:43.414 14844 14844 D ICU     : No timezone override file found: /data/misc/zoneinfo/current/icu/icu_tzdata.dat
08-04 19:28:43.447 14844 14844 I Radio-JNI: register_android_hardware_Radio DONE
08-04 19:28:43.468 14844 14844 D AndroidRuntime: Calling main entry com.android.commands.input.Input
08-04 19:28:43.470 14844 14844 I Input   : injectMotionEvent: MotionEvent { action=ACTION_DOWN, actionButton=0, id[0]=0, x[0]=697.0, y[0]=656.0, toolType[0]=TOOL_TYPE_UNKNOWN, buttonState=0, metaState=0, flags=0x0, edgeFlags=0x0, pointerCount=1, historySize=0, eventTime=732539882, downTime=732539882, deviceId=0, source=0x1002 }
08-04 19:28:43.475 14844 14844 I Input   : injectMotionEvent: MotionEvent { action=ACTION_UP, actionButton=0, id[0]=0, x[0]=697.0, y[0]=656.0, toolType[0]=TOOL_TYPE_UNKNOWN, buttonState=0, metaState=0, flags=0x0, edgeFlags=0x0, pointerCount=1, historySize=0, eventTime=732539882, downTime=732539882, deviceId=0, source=0x1002 }
08-04 19:28:43.477 14844 14844 D AndroidRuntime: Shutting down VM
08-04 19:28:43.494   512  2967 D audio_hw_primary: out_set_parameters: enter: usecase(1: low-latency-playback) kvpairs: routing=2
08-04 19:28:43.507   512  2967 D audio_hw_primary: select_devices: out_snd_device(2: speaker) in_snd_device(0: none)
08-04 19:28:43.507   512  2967 D msm8974_platform: platform_send_audio_calibration: sending audio calibration for snd_device(2) acdb_id(15)
08-04 19:28:43.507   512  2967 I soundtrigger: audio_extn_sound_trigger_update_device_status: device 0x2 of type 0 for Event 1
08-04 19:28:43.518   512  2967 D audio_hw_primary: enable_snd_device: snd_device(2: speaker)
08-04 19:28:43.520   512  2967 D audio_hw_primary: enable_audio_route: apply and update mixer path: low-latency-playback speaker
08-04 19:28:43.560 13866 13866 I GoogleInputMethodServic: GoogleInputMethodService.onFinishInput():3138 
08-04 19:28:43.561 13866 13866 I GoogleInputMethodServic: GoogleInputMethodService.onStartInput():1808 
08-04 19:28:43.562   512  2967 D AudioFlinger: mixer(0xf4740000) throttle end: throttle time(12)
08-04 19:28:43.631 14460 14472 I art     : Starting a blocking GC Explicit
08-04 19:28:43.656 14460 14472 I art     : Explicit concurrent mark sweep GC freed 2405(194KB) AllocSpace objects, 1(20KB) LOS objects, 40% free, 23MB/39MB, paused 190us total 24.848ms
08-04 19:28:43.665 14460 14472 I art     : Starting a blocking GC Explicit
08-04 19:28:43.685 14460 14472 I art     : Explicit concurrent mark sweep GC freed 163(7KB) AllocSpace objects, 0(0B) LOS objects, 40% free, 23MB/39MB, paused 203us total 19.497ms
08-04 19:28:43.696 14460 14472 I art     : Starting a blocking GC Explicit
08-04 19:28:43.719 14460 14472 I art     : Explicit concurrent mark sweep GC freed 3(96B) AllocSpace objects, 0(0B) LOS objects, 40% free, 23MB/39MB, paused 192us total 22.576ms
08-04 19:28:43.728 14460 14472 I art     : Starting a blocking GC Explicit
08-04 19:28:43.747 14460 14472 I art     : Explicit concurrent mark sweep GC freed 30(848B) AllocSpace objects, 0(0B) LOS objects, 40% free, 23MB/39MB, paused 208us total 18.537ms
08-04 19:28:43.755 14460 14472 I art     : Starting a blocking GC Explicit
08-04 19:28:43.774 14460 14472 I art     : Explicit concurrent mark sweep GC freed 3(96B) AllocSpace objects, 0(0B) LOS objects, 40% free, 23MB/39MB, paused 211us total 19.266ms
08-04 19:28:43.792 29532 29532 W PathParser: Points are too far apart 4.030360828967057
08-04 19:28:43.792 29532 29532 W PathParser: Points are too far apart 4.030360538880159
08-04 19:28:43.808 29532 29532 W PathParser: Points are too far apart 4.030360828967057
08-04 19:28:43.808 29532 29532 W PathParser: Points are too far apart 4.030360538880159
08-04 19:28:43.824 29532 29532 W PathParser: Points are too far apart 4.030360828967057
08-04 19:28:43.825 29532 29532 W PathParser: Points are too far apart 4.030360538880159
08-04 19:28:43.841 29532 29532 W PathParser: Points are too far apart 4.030360828967057
08-04 19:28:43.841 29532 29532 W PathParser: Points are too far apart 4.030360538880159
08-04 19:28:43.858 29532 29532 W PathParser: Points are too far apart 4.030360828967057
08-04 19:28:43.858 29532 29532 W PathParser: Points are too far apart 4.030360538880159
08-04 19:28:43.875 29532 29532 W PathParser: Points are too far apart 4.030360828967057
08-04 19:28:43.875 29532 29532 W PathParser: Points are too far apart 4.030360538880159
08-04 19:28:43.892 29532 29532 W PathParser: Points are too far apart 4.030360828967057
08-04 19:28:43.892 29532 29532 W PathParser: Points are too far apart 4.030360538880159
08-04 19:28:44.023 14460 14472 I art     : Starting a blocking GC Explicit
08-04 19:28:44.049 14460 14472 I art     : Explicit concurrent mark sweep GC freed 1367(80KB) AllocSpace objects, 1(20KB) LOS objects, 40% free, 23MB/39MB, paused 190us total 25.086ms
08-04 19:28:44.050   512  2967 D audio_hw_primary: disable_audio_route: reset and update mixer path: low-latency-playback speaker
08-04 19:28:44.053   512  2967 D audio_hw_primary: disable_snd_device: snd_device(2: speaker)
08-04 19:28:44.058 14460 14472 I art     : Starting a blocking GC Explicit
08-04 19:28:44.063   512  2967 I soundtrigger: audio_extn_sound_trigger_update_device_status: device 0x2 of type 0 for Event 0
08-04 19:28:44.081 14460 14472 I art     : Explicit concurrent mark sweep GC freed 29(944B) AllocSpace objects, 0(0B) LOS objects, 40% free, 23MB/39MB, paused 202us total 22.350ms
08-04 19:28:44.089 14460 14472 I art     : Starting a blocking GC Explicit
08-04 19:28:44.110 14460 14472 I art     : Explicit concurrent mark sweep GC freed 3(96B) AllocSpace objects, 0(0B) LOS objects, 40% free, 23MB/39MB, paused 243us total 20.835ms
08-04 19:28:44.119 14460 14472 I art     : Starting a blocking GC Explicit
08-04 19:28:44.138 14460 14472 I art     : Explicit concurrent mark sweep GC freed 3(96B) AllocSpace objects, 0(0B) LOS objects, 40% free, 23MB/39MB, paused 184us total 19.645ms
08-04 19:28:44.142 14876 14876 D AndroidRuntime: >>>>>> START com.android.internal.os.RuntimeInit uid 2000 <<<<<<
08-04 19:28:44.148 14876 14876 D AndroidRuntime: CheckJNI is OFF
08-04 19:28:44.148 14460 14472 I art     : Starting a blocking GC Explicit
08-04 19:28:44.167 14460 14472 I art     : Explicit concurrent mark sweep GC freed 3(96B) AllocSpace objects, 0(0B) LOS objects, 40% free, 23MB/39MB, paused 183us total 19.425ms
08-04 19:28:44.184 14876 14876 D ICU     : No timezone override file found: /data/misc/zoneinfo/current/icu/icu_tzdata.dat
08-04 19:28:44.215 14876 14876 I Radio-JNI: register_android_hardware_Radio DONE
08-04 19:28:44.236 14876 14876 D AndroidRuntime: Calling main entry com.android.commands.input.Input
08-04 19:28:44.238 14876 14876 I Input   : injectMotionEvent: MotionEvent { action=ACTION_DOWN, actionButton=0, id[0]=0, x[0]=256.0, y[0]=1589.0, toolType[0]=TOOL_TYPE_UNKNOWN, buttonState=0, metaState=0, flags=0x0, edgeFlags=0x0, pointerCount=1, historySize=0, eventTime=732540651, downTime=732540651, deviceId=0, source=0x1002 }
08-04 19:28:44.243 14876 14876 I Input   : injectMotionEvent: MotionEvent { action=ACTION_UP, actionButton=0, id[0]=0, x[0]=256.0, y[0]=1589.0, toolType[0]=TOOL_TYPE_UNKNOWN, buttonState=0, metaState=0, flags=0x0, edgeFlags=0x0, pointerCount=1, historySize=0, eventTime=732540651, downTime=732540651, deviceId=0, source=0x1002 }
08-04 19:28:44.245 14876 14876 D AndroidRuntime: Shutting down VM
08-04 19:28:44.263 14460 14460 D UserPreferences: timeOfDay: []
08-04 19:28:44.263 14460 14460 D AutoUpdateManager: Restarting update alarm.
08-04 19:28:44.264   512  2967 D audio_hw_primary: out_set_parameters: enter: usecase(1: low-latency-playback) kvpairs: routing=2
08-04 19:28:44.267 14460 14460 D AutoUpdateManager: Automatic update was deactivated
08-04 19:28:44.277   512  2967 D audio_hw_primary: select_devices: out_snd_device(2: speaker) in_snd_device(0: none)
08-04 19:28:44.277   512  2967 D msm8974_platform: platform_send_audio_calibration: sending audio calibration for snd_device(2) acdb_id(15)
08-04 19:28:44.277   512  2967 I soundtrigger: audio_extn_sound_trigger_update_device_status: device 0x2 of type 0 for Event 1
08-04 19:28:44.288   512  2967 D audio_hw_primary: enable_snd_device: snd_device(2: speaker)
08-04 19:28:44.290   512  2967 D audio_hw_primary: enable_audio_route: apply and update mixer path: low-latency-playback speaker
08-04 19:28:44.311 13866 13866 I GoogleInputMethodServic: GoogleInputMethodService.onFinishInput():3138 
08-04 19:28:44.314 13866 13866 I GoogleInputMethodServic: GoogleInputMethodService.onStartInput():1808 
08-04 19:28:44.324 29532 29532 W PathParser: Points are too far apart 4.030360828967057
08-04 19:28:44.325 29532 29532 W PathParser: Points are too far apart 4.030360538880159
08-04 19:28:44.337   512  2967 D AudioFlinger: mixer(0xf4740000) throttle end: throttle time(12)
08-04 19:28:44.341 29532 29532 W PathParser: Points are too far apart 4.030360828967057
08-04 19:28:44.341 29532 29532 W PathParser: Points are too far apart 4.030360538880159
08-04 19:28:44.358 29532 29532 W PathParser: Points are too far apart 4.030360828967057
08-04 19:28:44.358 29532 29532 W PathParser: Points are too far apart 4.030360538880159
08-04 19:28:44.375 29532 29532 W PathParser: Points are too far apart 4.030360828967057
08-04 19:28:44.375 29532 29532 W PathParser: Points are too far apart 4.030360538880159
08-04 19:28:44.391 29532 29532 W PathParser: Points are too far apart 4.030360828967057
08-04 19:28:44.391 29532 29532 W PathParser: Points are too far apart 4.030360538880159
08-04 19:28:44.408 29532 29532 W PathParser: Points are too far apart 4.030360828967057
08-04 19:28:44.408 29532 29532 W PathParser: Points are too far apart 4.030360538880159
08-04 19:28:44.413 14460 14472 I art     : Starting a blocking GC Explicit
08-04 19:28:44.425 29532 29532 W PathParser: Points are too far apart 4.030360828967057
08-04 19:28:44.425 29532 29532 W PathParser: Points are too far apart 4.030360538880159
08-04 19:28:44.433 14460 14472 I art     : Explicit concurrent mark sweep GC freed 1824(113KB) AllocSpace objects, 2(40KB) LOS objects, 40% free, 23MB/39MB, paused 190us total 19.944ms
08-04 19:28:44.441 14460 14472 I art     : Starting a blocking GC Explicit
08-04 19:28:44.441 29532 29532 W PathParser: Points are too far apart 4.030360828967057
08-04 19:28:44.441 29532 29532 W PathParser: Points are too far apart 4.030360538880159
08-04 19:28:44.462 14460 14472 I art     : Explicit concurrent mark sweep GC freed 122(4KB) AllocSpace objects, 0(0B) LOS objects, 40% free, 23MB/39MB, paused 370us total 20.219ms
08-04 19:28:44.470 14460 14472 I art     : Starting a blocking GC Explicit
08-04 19:28:44.489 14460 14472 I art     : Explicit concurrent mark sweep GC freed 40(1280B) AllocSpace objects, 0(0B) LOS objects, 40% free, 23MB/39MB, paused 191us total 18.920ms
08-04 19:28:44.491   380   380 W SurfaceFlinger: couldn't log to binary event log: overflow.
08-04 19:28:44.497 14460 14472 I art     : Starting a blocking GC Explicit
08-04 19:28:44.517 14460 14472 I art     : Explicit concurrent mark sweep GC freed 66(2112B) AllocSpace objects, 0(0B) LOS objects, 40% free, 23MB/39MB, paused 194us total 19.059ms
08-04 19:28:44.525 14460 14472 I art     : Starting a blocking GC Explicit
08-04 19:28:44.544 14460 14472 I art     : Explicit concurrent mark sweep GC freed 48(1536B) AllocSpace objects, 0(0B) LOS objects, 40% free, 23MB/39MB, paused 338us total 18.818ms
08-04 19:28:44.772 14460 14471 I art     : Starting a blocking GC Explicit
08-04 19:28:44.793 14460 14471 I art     : Explicit concurrent mark sweep GC freed 1589(87KB) AllocSpace objects, 1(20KB) LOS objects, 40% free, 23MB/39MB, paused 184us total 20.402ms
08-04 19:28:44.801 14460 14471 I art     : Starting a blocking GC Explicit
08-04 19:28:44.821 14460 14471 I art     : Explicit concurrent mark sweep GC freed 23(752B) AllocSpace objects, 0(0B) LOS objects, 40% free, 23MB/39MB, paused 180us total 20.062ms
08-04 19:28:44.829   512  2967 D audio_hw_primary: disable_audio_route: reset and update mixer path: low-latency-playback speaker
08-04 19:28:44.829 14460 14471 I art     : Starting a blocking GC Explicit
08-04 19:28:44.830   512  2967 D audio_hw_primary: disable_snd_device: snd_device(2: speaker)
08-04 19:28:44.839   512  2967 I soundtrigger: audio_extn_sound_trigger_update_device_status: device 0x2 of type 0 for Event 0
08-04 19:28:44.849 14460 14471 I art     : Explicit concurrent mark sweep GC freed 3(96B) AllocSpace objects, 0(0B) LOS objects, 40% free, 23MB/39MB, paused 182us total 19.767ms
08-04 19:28:44.858 14460 14471 I art     : Starting a blocking GC Explicit
08-04 19:28:44.878 14460 14471 I art     : Explicit concurrent mark sweep GC freed 3(96B) AllocSpace objects, 0(0B) LOS objects, 40% free, 23MB/39MB, paused 185us total 19.657ms
08-04 19:28:44.883 14908 14908 D AndroidRuntime: >>>>>> START com.android.internal.os.RuntimeInit uid 2000 <<<<<<
08-04 19:28:44.886 14460 14471 I art     : Starting a blocking GC Explicit
08-04 19:28:44.888 14908 14908 D AndroidRuntime: CheckJNI is OFF
08-04 19:28:44.906 14460 14471 I art     : Explicit concurrent mark sweep GC freed 3(96B) AllocSpace objects, 0(0B) LOS objects, 40% free, 23MB/39MB, paused 181us total 20.104ms
08-04 19:28:44.925 14908 14908 D ICU     : No timezone override file found: /data/misc/zoneinfo/current/icu/icu_tzdata.dat
08-04 19:28:44.958 14908 14908 I Radio-JNI: register_android_hardware_Radio DONE
08-04 19:28:44.980 14908 14908 D AndroidRuntime: Calling main entry com.android.commands.input.Input
08-04 19:28:44.982 14908 14908 I Input   : injectKeyEvent: KeyEvent { action=ACTION_DOWN, keyCode=KEYCODE_BACK, scanCode=0, metaState=0, flags=0x0, repeatCount=0, eventTime=732541395, downTime=732541395, deviceId=-1, source=0x101 }
08-04 19:28:44.987 14908 14908 I Input   : injectKeyEvent: KeyEvent { action=ACTION_UP, keyCode=KEYCODE_BACK, scanCode=0, metaState=0, flags=0x0, repeatCount=0, eventTime=732541395, downTime=732541395, deviceId=-1, source=0x101 }
08-04 19:28:44.995 14908 14908 D AndroidRuntime: Shutting down VM
08-04 19:28:45.052 13866 13866 I GoogleInputMethodServic: GoogleInputMethodService.onFinishInput():3138 
08-04 19:28:45.053 13866 13866 I GoogleInputMethodServic: GoogleInputMethodService.onStartInput():1808 
08-04 19:28:45.149 14460 14472 I art     : Starting a blocking GC Explicit
08-04 19:28:45.176 14460 14472 I art     : Explicit concurrent mark sweep GC freed 2742(144KB) AllocSpace objects, 1(20KB) LOS objects, 39% free, 24MB/40MB, paused 228us total 25.764ms
08-04 19:28:45.185 14460 14472 I art     : Starting a blocking GC Explicit
08-04 19:28:45.206 14460 14472 I art     : Explicit concurrent mark sweep GC freed 9281(588KB) AllocSpace objects, 1(48KB) LOS objects, 40% free, 23MB/39MB, paused 215us total 20.691ms
08-04 19:28:45.215 14460 14472 I art     : Starting a blocking GC Explicit
08-04 19:28:45.234 14460 14472 I art     : Explicit concurrent mark sweep GC freed 9(368B) AllocSpace objects, 0(0B) LOS objects, 40% free, 23MB/39MB, paused 196us total 18.626ms
08-04 19:28:45.243 14460 14472 I art     : Starting a blocking GC Explicit
08-04 19:28:45.261 14460 14472 I art     : Explicit concurrent mark sweep GC freed 3(96B) AllocSpace objects, 0(0B) LOS objects, 40% free, 23MB/39MB, paused 196us total 18.745ms
08-04 19:28:45.270 14460 14472 I art     : Starting a blocking GC Explicit
08-04 19:28:45.289 14460 14472 I art     : Explicit concurrent mark sweep GC freed 3(96B) AllocSpace objects, 0(0B) LOS objects, 40% free, 23MB/39MB, paused 194us total 18.504ms
08-04 19:28:45.409   518   646 I ThermalEngine: ACTION: GPU - Setting GPU[0] to 450000000
08-04 19:28:45.579 14460 14471 I art     : Starting a blocking GC Explicit
08-04 19:28:45.612 14460 14471 I art     : Explicit concurrent mark sweep GC freed 1364(80KB) AllocSpace objects, 1(20KB) LOS objects, 40% free, 23MB/39MB, paused 303us total 32.777ms
08-04 19:28:45.625 14460 14471 I art     : Starting a blocking GC Explicit
08-04 19:28:45.649 14460 14471 I art     : Explicit concurrent mark sweep GC freed 23(752B) AllocSpace objects, 0(0B) LOS objects, 40% free, 23MB/39MB, paused 255us total 23.776ms
08-04 19:28:45.660 14460 14471 I art     : Starting a blocking GC Explicit
08-04 19:28:45.684 14460 14471 I art     : Explicit concurrent mark sweep GC freed 3(96B) AllocSpace objects, 0(0B) LOS objects, 40% free, 23MB/39MB, paused 257us total 23.602ms
08-04 19:28:45.695 14460 14471 I art     : Starting a blocking GC Explicit
08-04 19:28:45.719 14460 14471 I art     : Explicit concurrent mark sweep GC freed 3(96B) AllocSpace objects, 0(0B) LOS objects, 40% free, 23MB/39MB, paused 242us total 23.722ms
08-04 19:28:45.730 14460 14471 I art     : Starting a blocking GC Explicit
08-04 19:28:45.754 14460 14471 I art     : Explicit concurrent mark sweep GC freed 28(784B) AllocSpace objects, 0(0B) LOS objects, 40% free, 23MB/39MB, paused 259us total 24.081ms
08-04 19:28:46.049 14460 14491 I art     : Starting a blocking GC Explicit
08-04 19:28:46.078 14460 14491 I art     : Explicit concurrent mark sweep GC freed 1365(80KB) AllocSpace objects, 1(20KB) LOS objects, 40% free, 23MB/39MB, paused 254us total 28.265ms
08-04 19:28:46.089 14460 14491 I art     : Starting a blocking GC Explicit
08-04 19:28:46.113 14460 14491 I art     : Explicit concurrent mark sweep GC freed 23(752B) AllocSpace objects, 0(0B) LOS objects, 40% free, 23MB/39MB, paused 252us total 23.736ms
08-04 19:28:46.124 14460 14491 I art     : Starting a blocking GC Explicit
08-04 19:28:46.148 14460 14491 I art     : Explicit concurrent mark sweep GC freed 3(96B) AllocSpace objects, 0(0B) LOS objects, 40% free, 23MB/39MB, paused 250us total 24.126ms
08-04 19:28:46.159 14460 14491 I art     : Starting a blocking GC Explicit
08-04 19:28:46.183 14460 14491 I art     : Explicit concurrent mark sweep GC freed 3(96B) AllocSpace objects, 0(0B) LOS objects, 40% free, 23MB/39MB, paused 259us total 23.756ms
08-04 19:28:46.194 14460 14491 I art     : Starting a blocking GC Explicit
08-04 19:28:46.218 14460 14491 I art     : Explicit concurrent mark sweep GC freed 3(96B) AllocSpace objects, 0(0B) LOS objects, 40% free, 23MB/39MB, paused 241us total 23.866ms
08-04 19:28:46.488   918  3261 D WifiStateMachine: starting scan for "H369AA63323"WPA_PSK with 2412,5180
08-04 19:28:46.503 14460 14910 I art     : Starting a blocking GC Explicit
08-04 19:28:46.530 14460 14910 I art     : Explicit concurrent mark sweep GC freed 1365(80KB) AllocSpace objects, 1(20KB) LOS objects, 40% free, 23MB/39MB, paused 279us total 26.161ms
08-04 19:28:46.541 14460 14910 I art     : Starting a blocking GC Explicit
08-04 19:28:46.564 14460 14910 I art     : Explicit concurrent mark sweep GC freed 23(752B) AllocSpace objects, 0(0B) LOS objects, 40% free, 23MB/39MB, paused 262us total 22.964ms
08-04 19:28:46.575 14460 14910 I art     : Starting a blocking GC Explicit
08-04 19:28:46.598 14460 14910 I art     : Explicit concurrent mark sweep GC freed 3(96B) AllocSpace objects, 0(0B) LOS objects, 40% free, 23MB/39MB, paused 266us total 23.477ms
08-04 19:28:46.610 14460 14910 I art     : Starting a blocking GC Explicit
08-04 19:28:46.633 14460 14910 I art     : Explicit concurrent mark sweep GC freed 24(896B) AllocSpace objects, 0(0B) LOS objects, 40% free, 23MB/39MB, paused 286us total 23.405ms
08-04 19:28:46.644 14460 14910 I art     : Starting a blocking GC Explicit
08-04 19:28:46.670 14460 14910 I art     : Explicit concurrent mark sweep GC freed 139(5KB) AllocSpace objects, 0(0B) LOS objects, 40% free, 23MB/39MB, paused 425us total 25.693ms
08-04 19:28:46.766 14962 14962 D AndroidRuntime: >>>>>> START com.android.internal.os.RuntimeInit uid 2000 <<<<<<
08-04 19:28:46.772 14962 14962 D AndroidRuntime: CheckJNI is OFF
08-04 19:28:46.814 14962 14962 D ICU     : No timezone override file found: /data/misc/zoneinfo/current/icu/icu_tzdata.dat
08-04 19:28:46.854 14962 14962 I Radio-JNI: register_android_hardware_Radio DONE
08-04 19:28:46.882 14962 14962 D AndroidRuntime: Calling main entry com.android.commands.input.Input
08-04 19:28:46.884 14962 14962 I Input   : injectKeyEvent: KeyEvent { action=ACTION_DOWN, keyCode=KEYCODE_BACK, scanCode=0, metaState=0, flags=0x0, repeatCount=0, eventTime=732543297, downTime=732543297, deviceId=-1, source=0x101 }
08-04 19:28:46.898 14962 14962 I Input   : injectKeyEvent: KeyEvent { action=ACTION_UP, keyCode=KEYCODE_BACK, scanCode=0, metaState=0, flags=0x0, repeatCount=0, eventTime=732543297, downTime=732543297, deviceId=-1, source=0x101 }
08-04 19:28:46.903 14962 14962 D AndroidRuntime: Shutting down VM
08-04 19:28:46.929 14460 14460 D QueueFragment: loadItems()
08-04 19:28:46.929 14460 14480 D DBReader: getQueue() called
08-04 19:28:46.929 14460 14460 V PlaybackController: initServiceNotRunning()
08-04 19:28:46.929 14460 14480 D DBReader: getQueue()
08-04 19:28:46.931 14460 14460 D ExternalPlayerFragment: Loading media info
08-04 19:28:46.931 14460 14480 D DBReader: getFavoriteIDList() called
08-04 19:28:46.932 14460 14460 D UserPreferences: Using default data folder
08-04 19:28:46.932 14460 14480 D DBReader: getQueueIDList() called
08-04 19:28:46.933 14460 14480 D DBReader: Extracting Feedlist
08-04 19:28:46.934 14460 14995 D DBReader: getNavDrawerData() called with: 
08-04 19:28:46.937 14460 14995 D DBReader: getDownloadedItems() called
08-04 19:28:46.938 14460 14995 D DBReader: getFavoriteIDList() called
08-04 19:28:46.938 14460 14995 D DBReader: getQueueIDList() called
08-04 19:28:46.939 14460 14995 D DBReader: Extracting Feedlist
08-04 19:28:46.954 14460 14910 I art     : Starting a blocking GC Explicit
08-04 19:28:46.978 14460 14910 I art     : Explicit concurrent mark sweep GC freed 2952(173KB) AllocSpace objects, 1(20KB) LOS objects, 40% free, 23MB/39MB, paused 326us total 23.654ms
08-04 19:28:46.988 14460 14460 D MainActivity: getLastNavFragment() -> QueueFragment
08-04 19:28:46.988 14460 14910 I art     : Starting a blocking GC Explicit
08-04 19:28:47.015 14460 14910 I art     : Explicit concurrent mark sweep GC freed 1456(82KB) AllocSpace objects, 0(0B) LOS objects, 40% free, 23MB/39MB, paused 367us total 26.124ms
08-04 19:28:47.025 14460 14910 I art     : Starting a blocking GC Explicit
08-04 19:28:47.028 13866 13866 I GoogleInputMethodServic: GoogleInputMethodService.onFinishInput():3138 
08-04 19:28:47.029 13866 13866 I GoogleInputMethodServic: GoogleInputMethodService.onStartInput():1808 
08-04 19:28:47.049 14460 14910 I art     : Explicit concurrent mark sweep GC freed 812(46KB) AllocSpace objects, 0(0B) LOS objects, 40% free, 23MB/39MB, paused 334us total 23.414ms
08-04 19:28:47.060 14460 14910 I art     : Starting a blocking GC Explicit
08-04 19:28:47.081 14460 14910 I art     : Explicit concurrent mark sweep GC freed 58(3008B) AllocSpace objects, 0(0B) LOS objects, 40% free, 23MB/39MB, paused 284us total 20.924ms
08-04 19:28:47.091 14460 14910 I art     : Starting a blocking GC Explicit
08-04 19:28:47.113 14460 14910 I art     : Explicit concurrent mark sweep GC freed 3(96B) AllocSpace objects, 0(0B) LOS objects, 40% free, 23MB/39MB, paused 292us total 22.158ms
08-04 19:28:47.295   380   380 W SurfaceFlinger: couldn't log to binary event log: overflow.
08-04 19:28:47.387 14460 14472 I art     : Starting a blocking GC Explicit
08-04 19:28:47.412 14460 14472 I art     : Explicit concurrent mark sweep GC freed 1906(105KB) AllocSpace objects, 1(20KB) LOS objects, 40% free, 23MB/39MB, paused 304us total 24.075ms
08-04 19:28:47.422 14460 14472 I art     : Starting a blocking GC Explicit
08-04 19:28:47.443 14460 14472 I art     : Explicit concurrent mark sweep GC freed 6241(390KB) AllocSpace objects, 11(308KB) LOS objects, 40% free, 22MB/38MB, paused 289us total 19.919ms
08-04 19:28:47.452 14460 14472 I art     : Starting a blocking GC Explicit
08-04 19:28:47.471 14460 14472 I art     : Explicit concurrent mark sweep GC freed 9(336B) AllocSpace objects, 0(0B) LOS objects, 40% free, 22MB/38MB, paused 282us total 19.034ms
08-04 19:28:47.481 14460 14472 I art     : Starting a blocking GC Explicit
08-04 19:28:47.501 14460 14472 I art     : Explicit concurrent mark sweep GC freed 3(96B) AllocSpace objects, 0(0B) LOS objects, 40% free, 22MB/38MB, paused 284us total 19.716ms
08-04 19:28:47.510 14460 14472 I art     : Starting a blocking GC Explicit
08-04 19:28:47.530 14460 14472 I art     : Explicit concurrent mark sweep GC freed 3(96B) AllocSpace objects, 0(0B) LOS objects, 40% free, 22MB/38MB, paused 275us total 19.340ms
08-04 19:28:47.801 14460 14471 I art     : Starting a blocking GC Explicit
08-04 19:28:47.823 14460 14471 I art     : Explicit concurrent mark sweep GC freed 1396(83KB) AllocSpace objects, 1(20KB) LOS objects, 40% free, 22MB/38MB, paused 292us total 21.403ms
08-04 19:28:47.833 14460 14471 I art     : Starting a blocking GC Explicit
08-04 19:28:47.854 14460 14471 I art     : Explicit concurrent mark sweep GC freed 23(752B) AllocSpace objects, 0(0B) LOS objects, 40% free, 22MB/38MB, paused 287us total 20.885ms
08-04 19:28:47.864 14460 14471 I art     : Starting a blocking GC Explicit
08-04 19:28:47.885 14460 14471 I art     : Explicit concurrent mark sweep GC freed 3(96B) AllocSpace objects, 0(0B) LOS objects, 40% free, 22MB/38MB, paused 285us total 20.877ms
08-04 19:28:47.896 14460 14471 I art     : Starting a blocking GC Explicit
08-04 19:28:47.917 14460 14471 I art     : Explicit concurrent mark sweep GC freed 3(96B) AllocSpace objects, 0(0B) LOS objects, 40% free, 22MB/38MB, paused 306us total 21.479ms
08-04 19:28:47.927 14460 14471 I art     : Starting a blocking GC Explicit
08-04 19:28:47.949 14460 14471 I art     : Explicit concurrent mark sweep GC freed 3(96B) AllocSpace objects, 0(0B) LOS objects, 40% free, 22MB/38MB, paused 335us total 21.200ms
08-04 19:28:48.223 14460 14910 I art     : Starting a blocking GC Explicit
08-04 19:28:48.244 14460 14910 I art     : Explicit concurrent mark sweep GC freed 1364(80KB) AllocSpace objects, 1(20KB) LOS objects, 40% free, 22MB/38MB, paused 305us total 21.539ms
08-04 19:28:48.255 14460 14910 I art     : Starting a blocking GC Explicit
08-04 19:28:48.275 14460 14910 I art     : Explicit concurrent mark sweep GC freed 23(752B) AllocSpace objects, 0(0B) LOS objects, 40% free, 22MB/38MB, paused 341us total 20.560ms
08-04 19:28:48.285 14460 14910 I art     : Starting a blocking GC Explicit
08-04 19:28:48.306 14460 14910 I art     : Explicit concurrent mark sweep GC freed 3(96B) AllocSpace objects, 0(0B) LOS objects, 40% free, 22MB/38MB, paused 307us total 20.589ms
08-04 19:28:48.316 14460 14910 I art     : Starting a blocking GC Explicit
08-04 19:28:48.337 14460 14910 I art     : Explicit concurrent mark sweep GC freed 3(96B) AllocSpace objects, 0(0B) LOS objects, 40% free, 22MB/38MB, paused 371us total 20.526ms
08-04 19:28:48.347 14460 14910 I art     : Starting a blocking GC Explicit
08-04 19:28:48.368 14460 14910 I art     : Explicit concurrent mark sweep GC freed 3(96B) AllocSpace objects, 0(0B) LOS objects, 40% free, 22MB/38MB, paused 313us total 20.935ms
08-04 19:28:48.645 14460 14491 I art     : Starting a blocking GC Explicit
08-04 19:28:48.669 14460 14491 I art     : Explicit concurrent mark sweep GC freed 1364(80KB) AllocSpace objects, 1(20KB) LOS objects, 40% free, 22MB/38MB, paused 326us total 23.414ms
08-04 19:28:48.684 14460 14491 I art     : Starting a blocking GC Explicit
08-04 19:28:48.701 15023 15023 D AndroidRuntime: >>>>>> START com.android.internal.os.RuntimeInit uid 2000 <<<<<<
08-04 19:28:48.706 14460 14491 I art     : Explicit concurrent mark sweep GC freed 23(752B) AllocSpace objects, 0(0B) LOS objects, 40% free, 22MB/38MB, paused 303us total 21.515ms
08-04 19:28:48.707 15023 15023 D AndroidRuntime: CheckJNI is OFF
08-04 19:28:48.716 14460 14491 I art     : Starting a blocking GC Explicit
08-04 19:28:48.738 14460 14491 I art     : Explicit concurrent mark sweep GC freed 31(848B) AllocSpace objects, 0(0B) LOS objects, 40% free, 22MB/38MB, paused 352us total 21.716ms
08-04 19:28:48.748 14460 14491 I art     : Starting a blocking GC Explicit
08-04 19:28:48.756 15023 15023 D ICU     : No timezone override file found: /data/misc/zoneinfo/current/icu/icu_tzdata.dat
08-04 19:28:48.770 14460 14491 I art     : Explicit concurrent mark sweep GC freed 4(128B) AllocSpace objects, 0(0B) LOS objects, 40% free, 22MB/38MB, paused 275us total 21.860ms
08-04 19:28:48.781 14460 14491 I art     : Starting a blocking GC Explicit
08-04 19:28:48.802 14460 14491 I art     : Explicit concurrent mark sweep GC freed 3(96B) AllocSpace objects, 0(0B) LOS objects, 40% free, 22MB/38MB, paused 312us total 21.010ms
08-04 19:28:48.804 15023 15023 I Radio-JNI: register_android_hardware_Radio DONE
08-04 19:28:48.835 15023 15023 D AndroidRuntime: Calling main entry com.android.commands.input.Input
08-04 19:28:48.837 15023 15023 I Input   : injectMotionEvent: MotionEvent { action=ACTION_DOWN, actionButton=0, id[0]=0, x[0]=103.0, y[0]=192.0, toolType[0]=TOOL_TYPE_UNKNOWN, buttonState=0, metaState=0, flags=0x0, edgeFlags=0x0, pointerCount=1, historySize=0, eventTime=732545249, downTime=732545249, deviceId=0, source=0x1002 }
08-04 19:28:48.843 15023 15023 I Input   : injectMotionEvent: MotionEvent { action=ACTION_UP, actionButton=0, id[0]=0, x[0]=103.0, y[0]=192.0, toolType[0]=TOOL_TYPE_UNKNOWN, buttonState=0, metaState=0, flags=0x0, edgeFlags=0x0, pointerCount=1, historySize=0, eventTime=732545249, downTime=732545249, deviceId=0, source=0x1002 }
08-04 19:28:48.844 15023 15023 D AndroidRuntime: Shutting down VM
08-04 19:28:48.849   512  2967 D audio_hw_primary: out_set_parameters: enter: usecase(1: low-latency-playback) kvpairs: routing=2
08-04 19:28:48.861   512  2967 D audio_hw_primary: select_devices: out_snd_device(2: speaker) in_snd_device(0: none)
08-04 19:28:48.862   512  2967 D msm8974_platform: platform_send_audio_calibration: sending audio calibration for snd_device(2) acdb_id(15)
08-04 19:28:48.862   512  2967 I soundtrigger: audio_extn_sound_trigger_update_device_status: device 0x2 of type 0 for Event 1
08-04 19:28:48.874   512  2967 D audio_hw_primary: enable_snd_device: snd_device(2: speaker)
08-04 19:28:48.876   512  2967 D audio_hw_primary: enable_audio_route: apply and update mixer path: low-latency-playback speaker
08-04 19:28:48.889 13866 13866 I GoogleInputMethodServic: GoogleInputMethodService.onFinishInput():3138 
08-04 19:28:48.890 13866 13866 I GoogleInputMethodServic: GoogleInputMethodService.onStartInput():1808 
08-04 19:28:49.088 14460 14491 I art     : Starting a blocking GC Explicit
08-04 19:28:49.110 14460 14491 I art     : Explicit concurrent mark sweep GC freed 1856(104KB) AllocSpace objects, 1(20KB) LOS objects, 40% free, 22MB/38MB, paused 277us total 21.853ms
08-04 19:28:49.122 14460 14491 I art     : Starting a blocking GC Explicit
08-04 19:28:49.145 14460 14491 I art     : Explicit concurrent mark sweep GC freed 86(5KB) AllocSpace objects, 0(0B) LOS objects, 40% free, 22MB/38MB, paused 282us total 22.945ms
08-04 19:28:49.156 14460 14491 I art     : Starting a blocking GC Explicit
08-04 19:28:49.177 14460 14491 I art     : Explicit concurrent mark sweep GC freed 3(96B) AllocSpace objects, 0(0B) LOS objects, 40% free, 22MB/38MB, paused 290us total 20.710ms
08-04 19:28:49.188 14460 14491 I art     : Starting a blocking GC Explicit
08-04 19:28:49.209 14460 14491 I art     : Explicit concurrent mark sweep GC freed 3(96B) AllocSpace objects, 0(0B) LOS objects, 40% free, 22MB/38MB, paused 275us total 20.795ms
08-04 19:28:49.219 14460 14491 I art     : Starting a blocking GC Explicit
08-04 19:28:49.240 14460 14491 I art     : Explicit concurrent mark sweep GC freed 9(288B) AllocSpace objects, 0(0B) LOS objects, 40% free, 22MB/38MB, paused 293us total 20.975ms
08-04 19:28:49.415   518   646 I ThermalEngine: ACTION: GPU - Setting GPU[0] to 510000000
08-04 19:28:49.419   512  2967 D audio_hw_primary: disable_audio_route: reset and update mixer path: low-latency-playback speaker
08-04 19:28:49.419   512  2967 D audio_hw_primary: disable_snd_device: snd_device(2: speaker)
08-04 19:28:49.429   512  2967 I soundtrigger: audio_extn_sound_trigger_update_device_status: device 0x2 of type 0 for Event 0
08-04 19:28:49.505 14460 14471 I art     : Starting a blocking GC Explicit
08-04 19:28:49.523 14460 14471 I art     : Explicit concurrent mark sweep GC freed 1366(81KB) AllocSpace objects, 1(20KB) LOS objects, 40% free, 22MB/38MB, paused 210us total 17.057ms
08-04 19:28:49.531 14460 14471 I art     : Starting a blocking GC Explicit
08-04 19:28:49.548 14460 14471 I art     : Explicit concurrent mark sweep GC freed 25(816B) AllocSpace objects, 0(0B) LOS objects, 40% free, 22MB/38MB, paused 192us total 17.068ms
08-04 19:28:49.557 14460 14471 I art     : Starting a blocking GC Explicit
08-04 19:28:49.574 14460 14471 I art     : Explicit concurrent mark sweep GC freed 5(160B) AllocSpace objects, 0(0B) LOS objects, 40% free, 22MB/38MB, paused 203us total 16.550ms
08-04 19:28:49.582 14460 14471 I art     : Starting a blocking GC Explicit
08-04 19:28:49.598 14460 14471 I art     : Explicit concurrent mark sweep GC freed 3(96B) AllocSpace objects, 0(0B) LOS objects, 40% free, 22MB/38MB, paused 204us total 16.415ms
08-04 19:28:49.606 14460 14471 I art     : Starting a blocking GC Explicit
08-04 19:28:49.623 14460 14471 I art     : Explicit concurrent mark sweep GC freed 3(96B) AllocSpace objects, 0(0B) LOS objects, 40% free, 22MB/38MB, paused 209us total 16.274ms
08-04 19:28:49.903 14460 14472 I art     : Starting a blocking GC Explicit
08-04 19:28:49.928 14460 14472 I art     : Explicit concurrent mark sweep GC freed 1392(82KB) AllocSpace objects, 1(20KB) LOS objects, 40% free, 22MB/38MB, paused 323us total 25.147ms
08-04 19:28:49.936 14460 14472 I art     : Starting a blocking GC Explicit
08-04 19:28:49.954 14460 14472 I art     : Explicit concurrent mark sweep GC freed 23(752B) AllocSpace objects, 0(0B) LOS objects, 40% free, 22MB/38MB, paused 218us total 17.040ms
08-04 19:28:49.962 14460 14472 I art     : Starting a blocking GC Explicit
08-04 19:28:49.979 14460 14472 I art     : Explicit concurrent mark sweep GC freed 3(96B) AllocSpace objects, 0(0B) LOS objects, 40% free, 22MB/38MB, paused 220us total 16.487ms
08-04 19:28:49.987 14460 14472 I art     : Starting a blocking GC Explicit
08-04 19:28:50.004 14460 14472 I art     : Explicit concurrent mark sweep GC freed 3(96B) AllocSpace objects, 0(0B) LOS objects, 40% free, 22MB/38MB, paused 219us total 16.411ms
08-04 19:28:50.012 14460 14472 I art     : Starting a blocking GC Explicit
08-04 19:28:50.029 14460 14472 I art     : Explicit concurrent mark sweep GC freed 3(96B) AllocSpace objects, 0(0B) LOS objects, 40% free, 22MB/38MB, paused 242us total 16.848ms
08-04 19:28:50.296 14460 14491 I art     : Starting a blocking GC Explicit
08-04 19:28:50.313 14460 14491 I art     : Explicit concurrent mark sweep GC freed 1362(80KB) AllocSpace objects, 1(20KB) LOS objects, 40% free, 22MB/38MB, paused 227us total 16.949ms
08-04 19:28:50.321 14460 14491 I art     : Starting a blocking GC Explicit
08-04 19:28:50.337 14460 14491 I art     : Explicit concurrent mark sweep GC freed 23(752B) AllocSpace objects, 0(0B) LOS objects, 40% free, 22MB/38MB, paused 221us total 16.153ms
08-04 19:28:50.345 14460 14491 I art     : Starting a blocking GC Explicit
08-04 19:28:50.361 14460 14491 I art     : Explicit concurrent mark sweep GC freed 3(96B) AllocSpace objects, 0(0B) LOS objects, 40% free, 22MB/38MB, paused 213us total 16.278ms
08-04 19:28:50.369 14460 14491 I art     : Starting a blocking GC Explicit
08-04 19:28:50.386 14460 14491 I art     : Explicit concurrent mark sweep GC freed 3(96B) AllocSpace objects, 0(0B) LOS objects, 40% free, 22MB/38MB, paused 214us total 16.365ms
08-04 19:28:50.394 14460 14491 I art     : Starting a blocking GC Explicit
08-04 19:28:50.410 14460 14491 I art     : Explicit concurrent mark sweep GC freed 3(96B) AllocSpace objects, 0(0B) LOS objects, 40% free, 22MB/38MB, paused 204us total 16.120ms
08-04 19:28:50.498 15091 15091 D AndroidRuntime: >>>>>> START com.android.internal.os.RuntimeInit uid 2000 <<<<<<
08-04 19:28:50.503 15091 15091 D AndroidRuntime: CheckJNI is OFF
08-04 19:28:50.536 15091 15091 D ICU     : No timezone override file found: /data/misc/zoneinfo/current/icu/icu_tzdata.dat
08-04 19:28:50.570 15091 15091 I Radio-JNI: register_android_hardware_Radio DONE
08-04 19:28:50.593 15091 15091 D AndroidRuntime: Calling main entry com.android.commands.input.Input
08-04 19:28:50.595 15091 15091 I Input   : injectMotionEvent: MotionEvent { action=ACTION_DOWN, actionButton=0, id[0]=0, x[0]=409.0, y[0]=1034.0, toolType[0]=TOOL_TYPE_UNKNOWN, buttonState=0, metaState=0, flags=0x0, edgeFlags=0x0, pointerCount=1, historySize=0, eventTime=732547007, downTime=732547007, deviceId=0, source=0x1002 }
08-04 19:28:50.605 15091 15091 I Input   : injectMotionEvent: MotionEvent { action=ACTION_UP, actionButton=0, id[0]=0, x[0]=409.0, y[0]=1034.0, toolType[0]=TOOL_TYPE_UNKNOWN, buttonState=0, metaState=0, flags=0x0, edgeFlags=0x0, pointerCount=1, historySize=0, eventTime=732547007, downTime=732547007, deviceId=0, source=0x1002 }
08-04 19:28:50.609 15091 15091 D AndroidRuntime: Shutting down VM
08-04 19:28:50.650  8429  8429 I Finsky  : [1] xow.onStartJob(3): SCH: onJobSchedulerWakeup with jobId 9011
08-04 19:28:50.655  8429  8429 I Finsky  : [1] xjw.a(9): Scheduling fallback in 43199996 (absolute: 1759134526)
08-04 19:28:50.658  8429  8429 I Finsky  : [1] xjw.a(9): Scheduling fallback in 64799999 (absolute: 1780734531)
08-04 19:28:50.662  8429  8429 I Finsky  : [1] xow.onStartJob(3): SCH: onJobSchedulerWakeup with jobId 9016
08-04 19:28:50.668  8429  8429 I Finsky  : [1] xjw.a(9): Scheduling fallback in 43199995 (absolute: 1759134538)
08-04 19:28:50.670  8429  8429 I Finsky  : [1] xjw.a(9): Scheduling fallback in 64799999 (absolute: 1780734544)
08-04 19:28:50.673  8429  8429 W Finsky  : [1] xow.onStartJob(9): SCH: onJobSchedulerWakeup while already running
08-04 19:28:50.678 14460 14910 I art     : Starting a blocking GC Explicit
08-04 19:28:50.682 14460 14460 D MainActivity: loadFragment(index: 5, args: null)
08-04 19:28:50.682 14460 14460 D MainActivity: loadFragment(tag: AddFeedFragment, args: null)
08-04 19:28:50.683 14460 14460 D MainActivity: saveLastNavFragment(tag: AddFeedFragment)
08-04 19:28:50.683 14460 14460 D MainActivity: getLastNavFragment() -> AddFeedFragment
08-04 19:28:50.684   512  2967 D audio_hw_primary: out_set_parameters: enter: usecase(1: low-latency-playback) kvpairs: routing=2
08-04 19:28:50.694 14460 14910 I art     : Explicit concurrent mark sweep GC freed 1516(101KB) AllocSpace objects, 2(40KB) LOS objects, 40% free, 22MB/38MB, paused 232us total 15.823ms
08-04 19:28:50.697   512  2967 D audio_hw_primary: select_devices: out_snd_device(2: speaker) in_snd_device(0: none)
08-04 19:28:50.697   512  2967 D msm8974_platform: platform_send_audio_calibration: sending audio calibration for snd_device(2) acdb_id(15)
08-04 19:28:50.697   512  2967 I soundtrigger: audio_extn_sound_trigger_update_device_status: device 0x2 of type 0 for Event 1
08-04 19:28:50.702 14460 14910 I art     : Starting a blocking GC Explicit
08-04 19:28:50.707   512  2967 D audio_hw_primary: enable_snd_device: snd_device(2: speaker)
08-04 19:28:50.709   512  2967 D audio_hw_primary: enable_audio_route: apply and update mixer path: low-latency-playback speaker
08-04 19:28:50.720 14460 14910 I art     : Explicit concurrent mark sweep GC freed 1378(73KB) AllocSpace objects, 0(0B) LOS objects, 40% free, 22MB/38MB, paused 601us total 18.293ms
08-04 19:28:50.728 14460 14910 I art     : Starting a blocking GC Explicit
08-04 19:28:50.747 14460 14910 I art     : Explicit concurrent mark sweep GC freed 743(43KB) AllocSpace objects, 0(0B) LOS objects, 40% free, 23MB/38MB, paused 308us total 19.026ms
08-04 19:28:50.756 14460 14910 I art     : Starting a blocking GC Explicit
08-04 19:28:50.774 14460 14910 I art     : Explicit concurrent mark sweep GC freed 800(47KB) AllocSpace objects, 2(56KB) LOS objects, 40% free, 22MB/38MB, paused 233us total 16.864ms
08-04 19:28:50.781 14460 14910 I art     : Starting a blocking GC Explicit
08-04 19:28:50.797 14460 14910 I art     : Explicit concurrent mark sweep GC freed 437(25KB) AllocSpace objects, 0(0B) LOS objects, 40% free, 22MB/38MB, paused 231us total 15.659ms
08-04 19:28:50.820  8429  8429 I Finsky  : [1] xkf.handleMessage(8): SCH: DeviceState: DeviceState{currentTime=1596562130813, isCharging=false, isIdle=false, netAny=true, netNotRoaming=true, netUnmetered=true, batteryPercent=100.0}
08-04 19:28:50.841  8429 14428 I Finsky  : [6107] xmu.a(8): SCH: Jobs in database: 1-1337 3-197 3-198 12-1 24-77777777 26-1414141414 
08-04 19:28:50.867  8429  8429 I Finsky  : [1] xkg.a(16): SCH: Running job: 12-1
08-04 19:28:50.868  8429  8429 I Finsky  : [1] ContentSyncJob.a(16): [ContentSync] job started
08-04 19:28:50.869  8429  8429 I Finsky  : [1] xkf.handleMessage(61): SCH: RunningQueue size: 1, PendingQueue size: 0
08-04 19:28:50.869  8429  8429 I Finsky  : [1] xkf.handleMessage(64): SCH: Running queue: 12-1 
08-04 19:28:51.045 14460 14472 I art     : Starting a blocking GC Explicit
08-04 19:28:51.061 14460 14472 I art     : Explicit concurrent mark sweep GC freed 1406(81KB) AllocSpace objects, 1(20KB) LOS objects, 40% free, 22MB/38MB, paused 245us total 15.909ms
08-04 19:28:51.069 14460 14472 I art     : Starting a blocking GC Explicit
08-04 19:28:51.084 14460 14472 I art     : Explicit concurrent mark sweep GC freed 33(1072B) AllocSpace objects, 0(0B) LOS objects, 40% free, 22MB/38MB, paused 200us total 15.304ms
08-04 19:28:51.091 14460 14472 I art     : Starting a blocking GC Explicit
08-04 19:28:51.107 14460 14472 I art     : Explicit concurrent mark sweep GC freed 39(1312B) AllocSpace objects, 0(0B) LOS objects, 40% free, 22MB/38MB, paused 305us total 15.004ms
08-04 19:28:51.107  8429 14444 I Finsky  : [6113] dzn.a(22): Completed 0 account content syncs with 0 successful.
08-04 19:28:51.108  8429  8429 I Finsky  : [1] ContentSyncJob.a(1): [ContentSync] Installation state replication succeeded.
08-04 19:28:51.108  8429  8429 I Finsky  : [1] xlr.a(13): SCH: jobFinished: 12-1. TimeElapsed: 240ms.
08-04 19:28:51.109  8429  8429 I Finsky  : [1] xkg.a(36): SCH: Job 12-1 finished. Not rescheduling.
08-04 19:28:51.110  8429  8429 I Finsky  : [1] xkf.handleMessage(61): SCH: RunningQueue size: 0, PendingQueue size: 0
08-04 19:28:51.110  8429  8429 I Finsky  : [1] xkf.handleMessage(25): Executor finished
08-04 19:28:51.114 14460 14472 I art     : Starting a blocking GC Explicit
08-04 19:28:51.128 13866 13866 I GoogleInputMethodServic: GoogleInputMethodService.onFinishInput():3138 
08-04 19:28:51.129 13866 13866 I GoogleInputMethodServic: GoogleInputMethodService.onStartInput():1808 
08-04 19:28:51.129 14460 14472 I art     : Explicit concurrent mark sweep GC freed 102(4KB) AllocSpace objects, 0(0B) LOS objects, 40% free, 22MB/38MB, paused 212us total 15.078ms
08-04 19:28:51.134  8429  8429 I Finsky  : [1] xmu.a(8): SCH: Jobs in database: 1-1337 3-197 3-198 24-77777777 26-1414141414 
08-04 19:28:51.136  8429  8429 I Finsky  : [1] xio.a(57): SCH: ConstraintMapping: 24-77777777,  -> L: 0ms, D: 6069702ms, C: false, I: true, N: 0
08-04 19:28:51.137 14460 14472 I art     : Starting a blocking GC Explicit
08-04 19:28:51.137  8429  8429 I Finsky  : [1] xio.a(57): SCH: ConstraintMapping: 1-1337,  -> L: 9421770ms, D: 52621770ms, C: false, I: false, N: 1
08-04 19:28:51.138  8429  8429 I Finsky  : [1] xio.a(57): SCH: ConstraintMapping: 3-197,  -> L: 0ms, D: 77499697ms, C: false, I: true, N: 2
08-04 19:28:51.138  8429  8429 I Finsky  : [1] xio.a(57): SCH: ConstraintMapping: 3-198,  -> L: 0ms, D: 77499756ms, C: true, I: true, N: 2
08-04 19:28:51.138  8429  8429 I Finsky  : [1] xio.a(57): SCH: ConstraintMapping: 26-1414141414,  -> L: 13534901ms, D: 14434901ms, C: false, I: false, N: 0
08-04 19:28:51.150  8429  8429 I Finsky  : [1] xle.a(34): Cancelling existing jobscheduler jobs: 9017 9015 9019 9014 9001 9013 9012 9018 
08-04 19:28:51.150  8429  8429 I Finsky  : [1] xle.a(10): Throttling wakeup for job 9000 (expected to run in 0 ms) due to recent wakeup
08-04 19:28:51.150  8429  8429 I Finsky  : [1] xle.a(27): Scheduling job Id: 9000, L: 30000, D: 6069702, C: false, I: true, N: 0
08-04 19:28:51.151 14460 14472 I art     : Explicit concurrent mark sweep GC freed 76(4KB) AllocSpace objects, 0(0B) LOS objects, 40% free, 22MB/38MB, paused 197us total 14.687ms
08-04 19:28:51.152  8429  8429 I Finsky  : [1] xle.a(27): Scheduling job Id: 9002, L: 9421770, D: 52621770, C: false, I: false, N: 1
08-04 19:28:51.154  8429  8429 I Finsky  : [1] xle.a(10): Throttling wakeup for job 9003 (expected to run in 0 ms) due to recent wakeup
08-04 19:28:51.154  8429  8429 I Finsky  : [1] xle.a(27): Scheduling job Id: 9003, L: 30000, D: 77499697, C: false, I: true, N: 2
08-04 19:28:51.155  8429  8429 I Finsky  : [1] xle.a(10): Throttling wakeup for job 9004 (expected to run in 0 ms) due to recent wakeup
08-04 19:28:51.156  8429  8429 I Finsky  : [1] xle.a(27): Scheduling job Id: 9004, L: 30000, D: 77499756, C: true, I: true, N: 2
08-04 19:28:51.157  8429  8429 I Finsky  : [1] xle.a(27): Scheduling job Id: 9005, L: 13534901, D: 14434901, C: false, I: false, N: 0
08-04 19:28:51.158  8429  8429 I Finsky  : [1] xle.a(10): Throttling wakeup for job 9006 (expected to run in 0 ms) due to recent wakeup
08-04 19:28:51.159  8429  8429 I Finsky  : [1] xle.a(27): Scheduling job Id: 9006, L: 30000, D: 6069702, C: false, I: true, N: 0
08-04 19:28:51.160  8429  8429 I Finsky  : [1] xle.a(27): Scheduling job Id: 9007, L: 9421770, D: 52621770, C: false, I: false, N: 1
08-04 19:28:51.161  8429  8429 I Finsky  : [1] xle.a(10): Throttling wakeup for job 9008 (expected to run in 0 ms) due to recent wakeup
08-04 19:28:51.162  8429  8429 I Finsky  : [1] xle.a(27): Scheduling job Id: 9008, L: 30000, D: 77499697, C: false, I: true, N: 2
08-04 19:28:51.163  8429  8429 I Finsky  : [1] xle.a(10): Throttling wakeup for job 9009 (expected to run in 0 ms) due to recent wakeup
08-04 19:28:51.163  8429  8429 I Finsky  : [1] xle.a(27): Scheduling job Id: 9009, L: 30000, D: 77499756, C: true, I: true, N: 2
08-04 19:28:51.164  8429  8429 I Finsky  : [1] xle.a(27): Scheduling job Id: 9010, L: 13534901, D: 14434901, C: false, I: false, N: 0
08-04 19:28:51.251   512  2967 D audio_hw_primary: disable_audio_route: reset and update mixer path: low-latency-playback speaker
08-04 19:28:51.252   512  2967 D audio_hw_primary: disable_snd_device: snd_device(2: speaker)
08-04 19:28:51.261   512  2967 I soundtrigger: audio_extn_sound_trigger_update_device_status: device 0x2 of type 0 for Event 0
08-04 19:28:51.436 14460 14910 I art     : Starting a blocking GC Explicit
08-04 19:28:51.455 14460 14910 I art     : Explicit concurrent mark sweep GC freed 1375(80KB) AllocSpace objects, 1(20KB) LOS objects, 40% free, 22MB/38MB, paused 214us total 18.623ms
08-04 19:28:51.464 14460 14910 I art     : Starting a blocking GC Explicit
08-04 19:28:51.482 14460 14910 I art     : Explicit concurrent mark sweep GC freed 25(816B) AllocSpace objects, 0(0B) LOS objects, 40% free, 22MB/38MB, paused 207us total 17.479ms
08-04 19:28:51.490 14460 14910 I art     : Starting a blocking GC Explicit
08-04 19:28:51.507 14460 14910 I art     : Explicit concurrent mark sweep GC freed 3(96B) AllocSpace objects, 0(0B) LOS objects, 40% free, 22MB/38MB, paused 363us total 16.602ms
08-04 19:28:51.516 14460 14910 I art     : Starting a blocking GC Explicit
08-04 19:28:51.531 14460 14910 I art     : Explicit concurrent mark sweep GC freed 5(160B) AllocSpace objects, 0(0B) LOS objects, 40% free, 22MB/38MB, paused 219us total 14.902ms
08-04 19:28:51.538 14460 14910 I art     : Starting a blocking GC Explicit
08-04 19:28:51.554 14460 14910 I art     : Explicit concurrent mark sweep GC freed 3(96B) AllocSpace objects, 0(0B) LOS objects, 40% free, 22MB/38MB, paused 200us total 14.898ms
08-04 19:28:51.824 14460 14491 I art     : Starting a blocking GC Explicit
08-04 19:28:51.847 14460 14491 I art     : Explicit concurrent mark sweep GC freed 1391(80KB) AllocSpace objects, 1(20KB) LOS objects, 40% free, 22MB/38MB, paused 247us total 22.674ms
08-04 19:28:51.856 14460 14491 I art     : Starting a blocking GC Explicit
08-04 19:28:51.871 14460 14491 I art     : Explicit concurrent mark sweep GC freed 23(752B) AllocSpace objects, 0(0B) LOS objects, 40% free, 22MB/38MB, paused 206us total 15.384ms
08-04 19:28:51.879 14460 14491 I art     : Starting a blocking GC Explicit
08-04 19:28:51.894 14460 14491 I art     : Explicit concurrent mark sweep GC freed 3(96B) AllocSpace objects, 0(0B) LOS objects, 40% free, 22MB/38MB, paused 212us total 14.866ms
08-04 19:28:51.901 14460 14491 I art     : Starting a blocking GC Explicit
08-04 19:28:51.917 14460 14491 I art     : Explicit concurrent mark sweep GC freed 3(96B) AllocSpace objects, 0(0B) LOS objects, 40% free, 22MB/38MB, paused 217us total 16.406ms
08-04 19:28:51.925 14460 14491 I art     : Starting a blocking GC Explicit
08-04 19:28:51.941 14460 14491 I art     : Explicit concurrent mark sweep GC freed 3(96B) AllocSpace objects, 0(0B) LOS objects, 40% free, 22MB/38MB, paused 208us total 15.800ms
08-04 19:28:52.210 14460 14910 I art     : Starting a blocking GC Explicit
08-04 19:28:52.227 14460 14910 I art     : Explicit concurrent mark sweep GC freed 1362(80KB) AllocSpace objects, 1(20KB) LOS objects, 40% free, 22MB/38MB, paused 248us total 17.402ms
08-04 19:28:52.236 14460 14910 I art     : Starting a blocking GC Explicit
08-04 19:28:52.250 15156 15156 D AndroidRuntime: >>>>>> START com.android.internal.os.RuntimeInit uid 2000 <<<<<<
08-04 19:28:52.252 14460 14910 I art     : Explicit concurrent mark sweep GC freed 23(752B) AllocSpace objects, 0(0B) LOS objects, 40% free, 22MB/38MB, paused 230us total 16.708ms
08-04 19:28:52.255 15156 15156 D AndroidRuntime: CheckJNI is OFF
08-04 19:28:52.260 14460 14910 I art     : Starting a blocking GC Explicit
08-04 19:28:52.277 14460 14910 I art     : Explicit concurrent mark sweep GC freed 3(96B) AllocSpace objects, 0(0B) LOS objects, 40% free, 22MB/38MB, paused 249us total 16.852ms
08-04 19:28:52.285 14460 14910 I art     : Starting a blocking GC Explicit
08-04 19:28:52.292 15156 15156 D ICU     : No timezone override file found: /data/misc/zoneinfo/current/icu/icu_tzdata.dat
08-04 19:28:52.301 14460 14910 I art     : Explicit concurrent mark sweep GC freed 3(96B) AllocSpace objects, 0(0B) LOS objects, 40% free, 22MB/38MB, paused 250us total 16.192ms
08-04 19:28:52.309 14460 14910 I art     : Starting a blocking GC Explicit
08-04 19:28:52.325 15156 15156 I Radio-JNI: register_android_hardware_Radio DONE
08-04 19:28:52.326 14460 14910 I art     : Explicit concurrent mark sweep GC freed 3(96B) AllocSpace objects, 0(0B) LOS objects, 40% free, 22MB/38MB, paused 229us total 16.363ms
08-04 19:28:52.348 15156 15156 D AndroidRuntime: Calling main entry com.android.commands.input.Input
08-04 19:28:52.350 15156 15156 I Input   : injectMotionEvent: MotionEvent { action=ACTION_DOWN, actionButton=0, id[0]=0, x[0]=567.0, y[0]=714.0, toolType[0]=TOOL_TYPE_UNKNOWN, buttonState=0, metaState=0, flags=0x0, edgeFlags=0x0, pointerCount=1, historySize=0, eventTime=732548763, downTime=732548763, deviceId=0, source=0x1002 }
08-04 19:28:52.356 15156 15156 I Input   : injectMotionEvent: MotionEvent { action=ACTION_UP, actionButton=0, id[0]=0, x[0]=567.0, y[0]=714.0, toolType[0]=TOOL_TYPE_UNKNOWN, buttonState=0, metaState=0, flags=0x0, edgeFlags=0x0, pointerCount=1, historySize=0, eventTime=732548763, downTime=732548763, deviceId=0, source=0x1002 }
08-04 19:28:52.357 15156 15156 D AndroidRuntime: Shutting down VM
08-04 19:28:52.370   512  2967 D audio_hw_primary: out_set_parameters: enter: usecase(1: low-latency-playback) kvpairs: routing=2
08-04 19:28:52.383   512  2967 D audio_hw_primary: select_devices: out_snd_device(2: speaker) in_snd_device(0: none)
08-04 19:28:52.383   512  2967 D msm8974_platform: platform_send_audio_calibration: sending audio calibration for snd_device(2) acdb_id(15)
08-04 19:28:52.383   512  2967 I soundtrigger: audio_extn_sound_trigger_update_device_status: device 0x2 of type 0 for Event 1
08-04 19:28:52.392   512  2967 D audio_hw_primary: enable_snd_device: snd_device(2: speaker)
08-04 19:28:52.393 14460 14996 D AntennapodHttpClient: Creating new instance of HTTP client
08-04 19:28:52.394   512  2967 D audio_hw_primary: enable_audio_route: apply and update mixer path: low-latency-playback speaker
08-04 19:28:52.403 13866 13866 I GoogleInputMethodServic: GoogleInputMethodService.onFinishInput():3138 
08-04 19:28:52.404 13866 13866 I GoogleInputMethodServic: GoogleInputMethodService.onStartInput():1808 
08-04 19:28:52.423   518   646 I ThermalEngine: ACTION: GPU - Setting GPU[0] to 450000000
08-04 19:28:52.598 14460 14910 I art     : Starting a blocking GC Explicit
08-04 19:28:52.624 14460 14910 I art     : Explicit concurrent mark sweep GC freed 4722(304KB) AllocSpace objects, 1(20KB) LOS objects, 40% free, 23MB/39MB, paused 513us total 25.615ms
08-04 19:28:52.635 14460 14910 I art     : Starting a blocking GC Explicit
08-04 19:28:52.658 14460 14910 I art     : Explicit concurrent mark sweep GC freed 5264(300KB) AllocSpace objects, 3(340KB) LOS objects, 40% free, 23MB/39MB, paused 461us total 23.248ms
08-04 19:28:52.668 14460 14910 I art     : Starting a blocking GC Explicit
08-04 19:28:52.693 14460 14910 I art     : Explicit concurrent mark sweep GC freed 4412(258KB) AllocSpace objects, 1(80KB) LOS objects, 40% free, 23MB/39MB, paused 493us total 24.049ms
08-04 19:28:52.703 14460 14910 I art     : Starting a blocking GC Explicit
08-04 19:28:52.725 14460 14910 I art     : Explicit concurrent mark sweep GC freed 100(11KB) AllocSpace objects, 0(0B) LOS objects, 40% free, 23MB/39MB, paused 463us total 22.421ms
08-04 19:28:52.735 14460 14910 I art     : Starting a blocking GC Explicit
08-04 19:28:52.757 14460 14910 I art     : Explicit concurrent mark sweep GC freed 46(1424B) AllocSpace objects, 0(0B) LOS objects, 40% free, 23MB/39MB, paused 459us total 22.124ms
08-04 19:28:52.832 14460 14996 I NAPPA_EXPERIMENTATION: MetricNetworkRequestExecutionTime: REQUEST_DURATION_SYSTEM='425',REQUEST_DURATION_OKHTTP='149',REQUEST_SYNCHRONOUS='TRUE',RESPONSE_CODE='400',RESPONSE_METHOD='GET',RESPONSE_LENGTH_OKHTTP='0',RESPONSE_LENGTH_HEADER='0',REQUEST_PROTOCOL='h2',REQUEST_URL='https://itunes.apple.com/en/rss/toppodcasts/limit=25/explicit=true/json',
08-04 19:28:52.939   512  2967 D audio_hw_primary: disable_audio_route: reset and update mixer path: low-latency-playback speaker
08-04 19:28:52.940   512  2967 D audio_hw_primary: disable_snd_device: snd_device(2: speaker)
08-04 19:28:52.948   512  2967 I soundtrigger: audio_extn_sound_trigger_update_device_status: device 0x2 of type 0 for Event 0
08-04 19:28:52.975 14460 14996 I NAPPA_EXPERIMENTATION: MetricNetworkRequestExecutionTime: REQUEST_DURATION_SYSTEM='142',REQUEST_DURATION_OKHTTP='140',REQUEST_SYNCHRONOUS='TRUE',RESPONSE_CODE='200',RESPONSE_METHOD='GET',RESPONSE_LENGTH_OKHTTP='-1',RESPONSE_LENGTH_HEADER='10075',REQUEST_PROTOCOL='h2',REQUEST_URL='https://itunes.apple.com/us/rss/toppodcasts/limit=25/explicit=true/json',
08-04 19:28:53.048 14460 14491 I art     : Starting a blocking GC Explicit
08-04 19:28:53.053 14460 14460 D AntennapodHttpClient: Creating new instance of HTTP client
08-04 19:28:53.068 14460 15204 D ApOkHttpUrlLoader: buildLoadData() called with: model = [https://is4-ssl.mzstatic.com/image/thumb/Podcasts114/v4/3f/16/74/3f167426-bf50-ce3a-d709-e4301620fc5b/mza_5832671293059882550.jpeg/170x170bb.png], width = [224], height = [224]
08-04 19:28:53.073 14460 15205 D DBReader: getImageAuthentication() called with: imageUrl = [https://is4-ssl.mzstatic.com/image/thumb/Podcasts114/v4/3f/16/74/3f167426-bf50-ce3a-d709-e4301620fc5b/mza_5832671293059882550.jpeg/170x170bb.png]
08-04 19:28:53.076 14460 15206 D ApOkHttpUrlLoader: buildLoadData() called with: model = [https://is4-ssl.mzstatic.com/image/thumb/Podcasts113/v4/e5/8a/10/e58a108f-f5d0-f622-c94a-13f66edd570c/mza_3025981348644196724.jpg/170x170bb.png], width = [224], height = [224]
08-04 19:28:53.076 14460 15205 D ApOkHttpUrlLoader: no credentials for 'https://is4-ssl.mzstatic.com/image/thumb/Podcasts114/v4/3f/16/74/3f167426-bf50-ce3a-d709-e4301620fc5b/mza_5832671293059882550.jpeg/170x170bb.png'
08-04 19:28:53.078 14460 15207 D DBReader: getImageAuthentication() called with: imageUrl = [https://is4-ssl.mzstatic.com/image/thumb/Podcasts113/v4/e5/8a/10/e58a108f-f5d0-f622-c94a-13f66edd570c/mza_3025981348644196724.jpg/170x170bb.png]
08-04 19:28:53.078 14460 14491 I art     : Explicit concurrent mark sweep GC freed 11981(698KB) AllocSpace objects, 5(372KB) LOS objects, 39% free, 24MB/40MB, paused 1.810ms total 30.665ms
08-04 19:28:53.080 14460 15207 D ApOkHttpUrlLoader: no credentials for 'https://is4-ssl.mzstatic.com/image/thumb/Podcasts113/v4/e5/8a/10/e58a108f-f5d0-f622-c94a-13f66edd570c/mza_3025981348644196724.jpg/170x170bb.png'
08-04 19:28:53.081 14460 15208 D ApOkHttpUrlLoader: buildLoadData() called with: model = [https://is2-ssl.mzstatic.com/image/thumb/Podcasts113/v4/a9/39/cc/a939ccc5-6d60-0c11-0a4c-16d71cdef89b/mza_8787577209688278658.jpg/170x170bb.png], width = [224], height = [224]
08-04 19:28:53.083 14460 15209 D DBReader: getImageAuthentication() called with: imageUrl = [https://is2-ssl.mzstatic.com/image/thumb/Podcasts113/v4/a9/39/cc/a939ccc5-6d60-0c11-0a4c-16d71cdef89b/mza_8787577209688278658.jpg/170x170bb.png]
08-04 19:28:53.085 14460 15209 D ApOkHttpUrlLoader: no credentials for 'https://is2-ssl.mzstatic.com/image/thumb/Podcasts113/v4/a9/39/cc/a939ccc5-6d60-0c11-0a4c-16d71cdef89b/mza_8787577209688278658.jpg/170x170bb.png'
08-04 19:28:53.086 14460 15210 D ApOkHttpUrlLoader: buildLoadData() called with: model = [https://is5-ssl.mzstatic.com/image/thumb/Podcasts114/v4/93/cf/99/93cf9960-fff3-205e-6655-72c03ddeccb2/mza_10545582232493904175.jpeg/170x170bb.png], width = [224], height = [224]
08-04 19:28:53.088 14460 15211 D DBReader: getImageAuthentication() called with: imageUrl = [https://is5-ssl.mzstatic.com/image/thumb/Podcasts114/v4/93/cf/99/93cf9960-fff3-205e-6655-72c03ddeccb2/mza_10545582232493904175.jpeg/170x170bb.png]
08-04 19:28:53.089 14460 15204 D ApOkHttpUrlLoader: buildLoadData() called with: model = [https://is4-ssl.mzstatic.com/image/thumb/Podcasts124/v4/49/a4/91/49a491b7-3daf-c5dc-d7c6-6c4f1486955c/mza_5930014091766152297.png/170x170bb.png], width = [224], height = [224]
08-04 19:28:53.090 14460 15211 D ApOkHttpUrlLoader: no credentials for 'https://is5-ssl.mzstatic.com/image/thumb/Podcasts114/v4/93/cf/99/93cf9960-fff3-205e-6655-72c03ddeccb2/mza_10545582232493904175.jpeg/170x170bb.png'
08-04 19:28:53.093 14460 14491 I art     : Starting a blocking GC Explicit
08-04 19:28:53.093 14460 15212 D DBReader: getImageAuthentication() called with: imageUrl = [https://is4-ssl.mzstatic.com/image/thumb/Podcasts124/v4/49/a4/91/49a491b7-3daf-c5dc-d7c6-6c4f1486955c/mza_5930014091766152297.png/170x170bb.png]
08-04 19:28:53.094 14460 15206 D ApOkHttpUrlLoader: buildLoadData() called with: model = [https://is5-ssl.mzstatic.com/image/thumb/Podcasts113/v4/fd/54/6e/fd546ea0-7ab2-e3f0-6049-884d82917af9/mza_4855349695799758348.jpeg/170x170bb.png], width = [224], height = [224]
08-04 19:28:53.095 14460 15212 D ApOkHttpUrlLoader: no credentials for 'https://is4-ssl.mzstatic.com/image/thumb/Podcasts124/v4/49/a4/91/49a491b7-3daf-c5dc-d7c6-6c4f1486955c/mza_5930014091766152297.png/170x170bb.png'
08-04 19:28:53.096 14460 15213 D DBReader: getImageAuthentication() called with: imageUrl = [https://is5-ssl.mzstatic.com/image/thumb/Podcasts113/v4/fd/54/6e/fd546ea0-7ab2-e3f0-6049-884d82917af9/mza_4855349695799758348.jpeg/170x170bb.png]
08-04 19:28:53.098 14460 15213 D ApOkHttpUrlLoader: no credentials for 'https://is5-ssl.mzstatic.com/image/thumb/Podcasts113/v4/fd/54/6e/fd546ea0-7ab2-e3f0-6049-884d82917af9/mza_4855349695799758348.jpeg/170x170bb.png'
08-04 19:28:53.098 14460 15208 D ApOkHttpUrlLoader: buildLoadData() called with: model = [https://is2-ssl.mzstatic.com/image/thumb/Podcasts114/v4/b3/4c/cf/b34ccfc2-cea4-1ca1-0fad-7793af301cc5/mza_2466085192629456364.jpg/170x170bb.png], width = [224], height = [224]
08-04 19:28:53.101 14460 15214 D DBReader: getImageAuthentication() called with: imageUrl = [https://is2-ssl.mzstatic.com/image/thumb/Podcasts114/v4/b3/4c/cf/b34ccfc2-cea4-1ca1-0fad-7793af301cc5/mza_2466085192629456364.jpg/170x170bb.png]
08-04 19:28:53.105 14460 15214 D ApOkHttpUrlLoader: no credentials for 'https://is2-ssl.mzstatic.com/image/thumb/Podcasts114/v4/b3/4c/cf/b34ccfc2-cea4-1ca1-0fad-7793af301cc5/mza_2466085192629456364.jpg/170x170bb.png'
08-04 19:28:53.118 14460 14491 I art     : Explicit concurrent mark sweep GC freed 2413(203KB) AllocSpace objects, 0(0B) LOS objects, 39% free, 24MB/40MB, paused 1.008ms total 25.041ms
08-04 19:28:53.128 14460 14491 I art     : Starting a blocking GC Explicit
08-04 19:28:53.153 14460 14491 I art     : Explicit concurrent mark sweep GC freed 405(22KB) AllocSpace objects, 0(0B) LOS objects, 39% free, 24MB/40MB, paused 829us total 24.773ms
08-04 19:28:53.163 14460 14491 I art     : Starting a blocking GC Explicit
08-04 19:28:53.189 14460 14491 I art     : Explicit concurrent mark sweep GC freed 757(63KB) AllocSpace objects, 2(120KB) LOS objects, 39% free, 24MB/40MB, paused 1.220ms total 25.807ms
08-04 19:28:53.199 14460 14491 I art     : Starting a blocking GC Explicit
08-04 19:28:53.228 14460 14491 I art     : Explicit concurrent mark sweep GC freed 2941(138KB) AllocSpace objects, 1(80KB) LOS objects, 39% free, 24MB/40MB, paused 1.034ms total 28.158ms
08-04 19:28:53.390 14460 15205 D MYTAG   : interceptor 2a
08-04 19:28:53.390 14460 15205 I NAPPA_EXPERIMENTATION: MetricNetworkRequestExecutionTime: REQUEST_DURATION_SYSTEM='313',REQUEST_DURATION_OKHTTP='159',REQUEST_SYNCHRONOUS='TRUE',RESPONSE_CODE='200',RESPONSE_METHOD='GET',RESPONSE_LENGTH_OKHTTP='26177',RESPONSE_LENGTH_HEADER='26177',REQUEST_PROTOCOL='h2',REQUEST_URL='https://is4-ssl.mzstatic.com/image/thumb/Podcasts114/v4/3f/16/74/3f167426-bf50-ce3a-d709-e4301620fc5b/mza_5832671293059882550.jpeg/170x170bb.png',
08-04 19:28:53.438 14460 15209 D MYTAG   : interceptor 2a
08-04 19:28:53.439 14460 15209 I NAPPA_EXPERIMENTATION: MetricNetworkRequestExecutionTime: REQUEST_DURATION_SYSTEM='353',REQUEST_DURATION_OKHTTP='154',REQUEST_SYNCHRONOUS='TRUE',RESPONSE_CODE='200',RESPONSE_METHOD='GET',RESPONSE_LENGTH_OKHTTP='48239',RESPONSE_LENGTH_HEADER='48239',REQUEST_PROTOCOL='h2',REQUEST_URL='https://is2-ssl.mzstatic.com/image/thumb/Podcasts113/v4/a9/39/cc/a939ccc5-6d60-0c11-0a4c-16d71cdef89b/mza_8787577209688278658.jpg/170x170bb.png',
08-04 19:28:53.507 14460 15212 D MYTAG   : interceptor 2a
08-04 19:28:53.508 14460 15212 I NAPPA_EXPERIMENTATION: MetricNetworkRequestExecutionTime: REQUEST_DURATION_SYSTEM='412',REQUEST_DURATION_OKHTTP='215',REQUEST_SYNCHRONOUS='TRUE',RESPONSE_CODE='200',RESPONSE_METHOD='GET',RESPONSE_LENGTH_OKHTTP='12000',RESPONSE_LENGTH_HEADER='12000',REQUEST_PROTOCOL='h2',REQUEST_URL='https://is4-ssl.mzstatic.com/image/thumb/Podcasts124/v4/49/a4/91/49a491b7-3daf-c5dc-d7c6-6c4f1486955c/mza_5930014091766152297.png/170x170bb.png',
08-04 19:28:53.514 14460 14471 I art     : Starting a blocking GC Explicit
08-04 19:28:53.518 14460 15214 D MYTAG   : interceptor 2a
08-04 19:28:53.518 14460 15214 I NAPPA_EXPERIMENTATION: MetricNetworkRequestExecutionTime: REQUEST_DURATION_SYSTEM='413',REQUEST_DURATION_OKHTTP='217',REQUEST_SYNCHRONOUS='TRUE',RESPONSE_CODE='200',RESPONSE_METHOD='GET',RESPONSE_LENGTH_OKHTTP='42299',RESPONSE_LENGTH_HEADER='42299',REQUEST_PROTOCOL='h2',REQUEST_URL='https://is2-ssl.mzstatic.com/image/thumb/Podcasts114/v4/b3/4c/cf/b34ccfc2-cea4-1ca1-0fad-7793af301cc5/mza_2466085192629456364.jpg/170x170bb.png',
08-04 19:28:53.524 14460 15211 D MYTAG   : interceptor 2a
08-04 19:28:53.525 14460 15211 I NAPPA_EXPERIMENTATION: MetricNetworkRequestExecutionTime: REQUEST_DURATION_SYSTEM='434',REQUEST_DURATION_OKHTTP='215',REQUEST_SYNCHRONOUS='TRUE',RESPONSE_CODE='200',RESPONSE_METHOD='GET',RESPONSE_LENGTH_OKHTTP='22351',RESPONSE_LENGTH_HEADER='22351',REQUEST_PROTOCOL='h2',REQUEST_URL='https://is5-ssl.mzstatic.com/image/thumb/Podcasts114/v4/93/cf/99/93cf9960-fff3-205e-6655-72c03ddeccb2/mza_10545582232493904175.jpeg/170x170bb.png',
08-04 19:28:53.537 14460 15207 D MYTAG   : interceptor 2a
08-04 19:28:53.538 14460 15207 I NAPPA_EXPERIMENTATION: MetricNetworkRequestExecutionTime: REQUEST_DURATION_SYSTEM='457',REQUEST_DURATION_OKHTTP='242',REQUEST_SYNCHRONOUS='TRUE',RESPONSE_CODE='200',RESPONSE_METHOD='GET',RESPONSE_LENGTH_OKHTTP='45995',RESPONSE_LENGTH_HEADER='45995',REQUEST_PROTOCOL='h2',REQUEST_URL='https://is4-ssl.mzstatic.com/image/thumb/Podcasts113/v4/e5/8a/10/e58a108f-f5d0-f622-c94a-13f66edd570c/mza_3025981348644196724.jpg/170x170bb.png',
08-04 19:28:53.548 14460 14471 I art     : Explicit concurrent mark sweep GC freed 28725(1490KB) AllocSpace objects, 1(20KB) LOS objects, 38% free, 25MB/41MB, paused 1.067ms total 33.017ms
08-04 19:28:53.548 14460 15213 D MYTAG   : interceptor 2a
08-04 19:28:53.548 14460 15213 I NAPPA_EXPERIMENTATION: MetricNetworkRequestExecutionTime: REQUEST_DURATION_SYSTEM='450',REQUEST_DURATION_OKHTTP='240',REQUEST_SYNCHRONOUS='TRUE',RESPONSE_CODE='200',RESPONSE_METHOD='GET',RESPONSE_LENGTH_OKHTTP='54835',RESPONSE_LENGTH_HEADER='54835',REQUEST_PROTOCOL='h2',REQUEST_URL='https://is5-ssl.mzstatic.com/image/thumb/Podcasts113/v4/fd/54/6e/fd546ea0-7ab2-e3f0-6049-884d82917af9/mza_4855349695799758348.jpeg/170x170bb.png',
08-04 19:28:53.559 14460 14471 I art     : Starting a blocking GC Explicit
08-04 19:28:53.585 14460 14471 I art     : Explicit concurrent mark sweep GC freed 1472(66KB) AllocSpace objects, 0(0B) LOS objects, 38% free, 25MB/41MB, paused 733us total 25.810ms
08-04 19:28:53.595 14460 14471 I art     : Starting a blocking GC Explicit
08-04 19:28:53.620 14460 14471 I art     : Explicit concurrent mark sweep GC freed 346(14KB) AllocSpace objects, 0(0B) LOS objects, 38% free, 25MB/41MB, paused 647us total 24.513ms
08-04 19:28:53.631 14460 14471 I art     : Starting a blocking GC Explicit
08-04 19:28:53.656 14460 14471 I art     : Explicit concurrent mark sweep GC freed 11(672B) AllocSpace objects, 0(0B) LOS objects, 38% free, 25MB/41MB, paused 693us total 25.424ms
08-04 19:28:53.667 14460 14471 I art     : Starting a blocking GC Explicit
08-04 19:28:53.695 14460 14471 I art     : Explicit concurrent mark sweep GC freed 3(96B) AllocSpace objects, 0(0B) LOS objects, 38% free, 25MB/41MB, paused 761us total 27.384ms
08-04 19:28:54.009 14460 14910 I art     : Starting a blocking GC Explicit
08-04 19:28:54.047 14460 14910 I art     : Explicit concurrent mark sweep GC freed 1392(80KB) AllocSpace objects, 1(20KB) LOS objects, 38% free, 25MB/41MB, paused 767us total 37.118ms
08-04 19:28:54.060 14460 14910 I art     : Starting a blocking GC Explicit
08-04 19:28:54.093 14460 14910 I art     : Explicit concurrent mark sweep GC freed 23(752B) AllocSpace objects, 0(0B) LOS objects, 38% free, 25MB/41MB, paused 737us total 32.127ms
08-04 19:28:54.105 14460 14910 I art     : Starting a blocking GC Explicit
08-04 19:28:54.135 14460 14910 I art     : Explicit concurrent mark sweep GC freed 3(96B) AllocSpace objects, 0(0B) LOS objects, 38% free, 25MB/41MB, paused 732us total 30.070ms
08-04 19:28:54.135 14460 14470 I art     : WaitForGcToComplete blocked for 24.517ms for cause HeapTrim
08-04 19:28:54.146 14460 14910 I art     : Starting a blocking GC Explicit
08-04 19:28:54.176 14460 14910 I art     : Explicit concurrent mark sweep GC freed 3(96B) AllocSpace objects, 0(0B) LOS objects, 38% free, 25MB/41MB, paused 667us total 29.080ms
08-04 19:28:54.187 14460 14910 I art     : Starting a blocking GC Explicit
08-04 19:28:54.218 14460 14910 I art     : Explicit concurrent mark sweep GC freed 3(96B) AllocSpace objects, 0(0B) LOS objects, 38% free, 25MB/41MB, paused 774us total 30.198ms
08-04 19:28:54.553 14460 14472 I art     : Starting a blocking GC Explicit
08-04 19:28:54.587 14460 14472 I art     : Explicit concurrent mark sweep GC freed 1363(80KB) AllocSpace objects, 1(20KB) LOS objects, 38% free, 25MB/41MB, paused 772us total 33.763ms
08-04 19:28:54.602 14460 14472 I art     : Starting a blocking GC Explicit
08-04 19:28:54.635 14460 14472 I art     : Explicit concurrent mark sweep GC freed 24(784B) AllocSpace objects, 0(0B) LOS objects, 38% free, 25MB/41MB, paused 723us total 33.141ms
08-04 19:28:54.649 14460 14472 I art     : Starting a blocking GC Explicit
08-04 19:28:54.677 14460 14472 I art     : Explicit concurrent mark sweep GC freed 9(288B) AllocSpace objects, 0(0B) LOS objects, 38% free, 25MB/41MB, paused 660us total 27.556ms
08-04 19:28:54.688 14460 14472 I art     : Starting a blocking GC Explicit
08-04 19:28:54.717 14460 14472 I art     : Explicit concurrent mark sweep GC freed 7(224B) AllocSpace objects, 0(0B) LOS objects, 38% free, 25MB/41MB, paused 731us total 28.258ms
08-04 19:28:54.728 14460 14472 I art     : Starting a blocking GC Explicit
08-04 19:28:54.756 14460 14472 I art     : Explicit concurrent mark sweep GC freed 38(1072B) AllocSpace objects, 0(0B) LOS objects, 38% free, 25MB/41MB, paused 706us total 27.938ms
08-04 19:28:55.097 14460 14471 I art     : Starting a blocking GC Explicit
08-04 19:28:55.134 14460 14471 I art     : Explicit concurrent mark sweep GC freed 1376(80KB) AllocSpace objects, 1(20KB) LOS objects, 38% free, 25MB/41MB, paused 743us total 36.979ms
08-04 19:28:55.148 14460 14471 I art     : Starting a blocking GC Explicit
08-04 19:28:55.177 14460 14471 I art     : Explicit concurrent mark sweep GC freed 23(752B) AllocSpace objects, 0(0B) LOS objects, 38% free, 25MB/41MB, paused 762us total 28.877ms
08-04 19:28:55.189 14460 14471 I art     : Starting a blocking GC Explicit
08-04 19:28:55.219 14460 14471 I art     : Explicit concurrent mark sweep GC freed 3(96B) AllocSpace objects, 0(0B) LOS objects, 38% free, 25MB/41MB, paused 723us total 30.312ms
08-04 19:28:55.231 14460 14471 I art     : Starting a blocking GC Explicit
08-04 19:28:55.261 14460 14471 I art     : Explicit concurrent mark sweep GC freed 3(96B) AllocSpace objects, 0(0B) LOS objects, 38% free, 25MB/41MB, paused 725us total 30.195ms
08-04 19:28:55.273 14460 14471 I art     : Starting a blocking GC Explicit
08-04 19:28:55.300 14460 14471 I art     : Explicit concurrent mark sweep GC freed 3(96B) AllocSpace objects, 0(0B) LOS objects, 38% free, 25MB/41MB, paused 670us total 27.169ms
08-04 19:28:55.427   518   646 I ThermalEngine: ACTION: GPU - Setting GPU[0] to 510000000
08-04 19:28:55.625 14460 14910 I art     : Starting a blocking GC Explicit
08-04 19:28:55.653 14460 14910 I art     : Explicit concurrent mark sweep GC freed 1363(80KB) AllocSpace objects, 1(20KB) LOS objects, 38% free, 25MB/41MB, paused 557us total 27.554ms
08-04 19:28:55.665 14460 14910 I art     : Starting a blocking GC Explicit
08-04 19:28:55.686 14460 14910 I art     : Explicit concurrent mark sweep GC freed 23(752B) AllocSpace objects, 0(0B) LOS objects, 38% free, 25MB/41MB, paused 530us total 21.375ms
08-04 19:28:55.695 14460 14910 I art     : Starting a blocking GC Explicit
08-04 19:28:55.717 14460 14910 I art     : Explicit concurrent mark sweep GC freed 3(96B) AllocSpace objects, 0(0B) LOS objects, 38% free, 25MB/41MB, paused 553us total 22.218ms
08-04 19:28:55.726 14460 14910 I art     : Starting a blocking GC Explicit
08-04 19:28:55.749 14460 14910 I art     : Explicit concurrent mark sweep GC freed 32(880B) AllocSpace objects, 0(0B) LOS objects, 38% free, 25MB/41MB, paused 549us total 22.777ms
08-04 19:28:55.758 14460 14910 I art     : Starting a blocking GC Explicit
08-04 19:28:55.782 14460 14910 I art     : Explicit concurrent mark sweep GC freed 3(96B) AllocSpace objects, 0(0B) LOS objects, 38% free, 25MB/41MB, paused 516us total 23.941ms
08-04 19:28:56.124 14460 14491 I art     : Starting a blocking GC Explicit
08-04 19:28:56.157 14460 14491 I art     : Explicit concurrent mark sweep GC freed 1363(80KB) AllocSpace objects, 1(20KB) LOS objects, 38% free, 25MB/41MB, paused 595us total 33.100ms
08-04 19:28:56.170 14460 14491 I art     : Starting a blocking GC Explicit
08-04 19:28:56.193 14460 14491 I art     : Explicit concurrent mark sweep GC freed 23(752B) AllocSpace objects, 0(0B) LOS objects, 38% free, 25MB/41MB, paused 519us total 22.130ms
08-04 19:28:56.202 14460 14491 I art     : Starting a blocking GC Explicit
08-04 19:28:56.224 14460 14491 I art     : Explicit concurrent mark sweep GC freed 3(96B) AllocSpace objects, 0(0B) LOS objects, 38% free, 25MB/41MB, paused 529us total 21.958ms
08-04 19:28:56.232 14460 14491 I art     : Starting a blocking GC Explicit
08-04 19:28:56.254 14460 14491 I art     : Explicit concurrent mark sweep GC freed 3(96B) AllocSpace objects, 0(0B) LOS objects, 38% free, 25MB/41MB, paused 488us total 21.787ms
08-04 19:28:56.263 14460 14491 I art     : Starting a blocking GC Explicit
08-04 19:28:56.285 14460 14491 I art     : Explicit concurrent mark sweep GC freed 3(96B) AllocSpace objects, 0(0B) LOS objects, 38% free, 25MB/41MB, paused 493us total 21.875ms
08-04 19:28:56.601 14460 14472 I art     : Starting a blocking GC Explicit
08-04 19:28:56.632 14460 14472 I art     : Explicit concurrent mark sweep GC freed 1363(80KB) AllocSpace objects, 1(20KB) LOS objects, 38% free, 25MB/41MB, paused 560us total 30.786ms
08-04 19:28:56.644 14460 14472 I art     : Starting a blocking GC Explicit
08-04 19:28:56.665 14460 14472 I art     : Explicit concurrent mark sweep GC freed 23(752B) AllocSpace objects, 0(0B) LOS objects, 38% free, 25MB/41MB, paused 525us total 21.345ms
08-04 19:28:56.674 14460 14472 I art     : Starting a blocking GC Explicit
08-04 19:28:56.696 14460 14472 I art     : Explicit concurrent mark sweep GC freed 3(96B) AllocSpace objects, 0(0B) LOS objects, 38% free, 25MB/41MB, paused 528us total 21.906ms
08-04 19:28:56.705 14460 14472 I art     : Starting a blocking GC Explicit
08-04 19:28:56.728 14460 14472 I art     : Explicit concurrent mark sweep GC freed 3(96B) AllocSpace objects, 0(0B) LOS objects, 38% free, 25MB/41MB, paused 548us total 22.696ms
08-04 19:28:56.737 14460 14472 I art     : Starting a blocking GC Explicit
08-04 19:28:56.759 14460 14472 I art     : Explicit concurrent mark sweep GC freed 32(880B) AllocSpace objects, 0(0B) LOS objects, 38% free, 25MB/41MB, paused 523us total 22.173ms
08-04 19:28:57.063 14460 14471 I art     : Starting a blocking GC Explicit
08-04 19:28:57.091 14460 14471 I art     : Explicit concurrent mark sweep GC freed 1363(80KB) AllocSpace objects, 1(20KB) LOS objects, 38% free, 25MB/41MB, paused 560us total 27.932ms
08-04 19:28:57.104 14460 14471 I art     : Starting a blocking GC Explicit
08-04 19:28:57.126 14460 14471 I art     : Explicit concurrent mark sweep GC freed 23(752B) AllocSpace objects, 0(0B) LOS objects, 38% free, 25MB/41MB, paused 508us total 21.589ms
08-04 19:28:57.135 14460 14471 I art     : Starting a blocking GC Explicit
08-04 19:28:57.156 14460 14471 I art     : Explicit concurrent mark sweep GC freed 3(96B) AllocSpace objects, 0(0B) LOS objects, 38% free, 25MB/41MB, paused 532us total 21.539ms
08-04 19:28:57.165 14460 14471 I art     : Starting a blocking GC Explicit
08-04 19:28:57.188 14460 14471 I art     : Explicit concurrent mark sweep GC freed 3(96B) AllocSpace objects, 0(0B) LOS objects, 38% free, 25MB/41MB, paused 501us total 22.567ms
08-04 19:28:57.197 14460 14471 I art     : Starting a blocking GC Explicit
08-04 19:28:57.219 14460 14471 I art     : Explicit concurrent mark sweep GC freed 3(96B) AllocSpace objects, 0(0B) LOS objects, 38% free, 25MB/41MB, paused 533us total 22.142ms
08-04 19:28:57.545 14460 14910 I art     : Starting a blocking GC Explicit
08-04 19:28:57.575 14460 14910 I art     : Explicit concurrent mark sweep GC freed 1363(80KB) AllocSpace objects, 1(20KB) LOS objects, 38% free, 25MB/41MB, paused 570us total 30.162ms
08-04 19:28:57.588 14460 14910 I art     : Starting a blocking GC Explicit
08-04 19:28:57.610 14460 14910 I art     : Explicit concurrent mark sweep GC freed 23(752B) AllocSpace objects, 0(0B) LOS objects, 38% free, 25MB/41MB, paused 525us total 21.696ms
08-04 19:28:57.618 14460 14910 I art     : Starting a blocking GC Explicit
08-04 19:28:57.640 14460 14910 I art     : Explicit concurrent mark sweep GC freed 3(96B) AllocSpace objects, 0(0B) LOS objects, 38% free, 25MB/41MB, paused 530us total 21.297ms
08-04 19:28:57.649 14460 14910 I art     : Starting a blocking GC Explicit
08-04 19:28:57.672 14460 14910 I art     : Explicit concurrent mark sweep GC freed 3(96B) AllocSpace objects, 0(0B) LOS objects, 38% free, 25MB/41MB, paused 529us total 22.361ms
08-04 19:28:57.681 14460 14910 I art     : Starting a blocking GC Explicit
08-04 19:28:57.703 14460 14910 I art     : Explicit concurrent mark sweep GC freed 3(96B) AllocSpace objects, 0(0B) LOS objects, 38% free, 25MB/41MB, paused 528us total 21.807ms
08-04 19:28:58.036 14460 14491 I art     : Starting a blocking GC Explicit
08-04 19:28:58.067 14460 14491 I art     : Explicit concurrent mark sweep GC freed 1392(80KB) AllocSpace objects, 1(20KB) LOS objects, 38% free, 25MB/41MB, paused 621us total 29.864ms
08-04 19:28:58.080 14460 14491 I art     : Starting a blocking GC Explicit
08-04 19:28:58.107 14460 14491 I art     : Explicit concurrent mark sweep GC freed 23(752B) AllocSpace objects, 0(0B) LOS objects, 38% free, 25MB/41MB, paused 539us total 26.036ms
08-04 19:28:58.117 14460 14491 I art     : Starting a blocking GC Explicit
08-04 19:28:58.138 14460 14491 I art     : Explicit concurrent mark sweep GC freed 3(96B) AllocSpace objects, 0(0B) LOS objects, 38% free, 25MB/41MB, paused 510us total 21.502ms
08-04 19:28:58.147 14460 14491 I art     : Starting a blocking GC Explicit
08-04 19:28:58.169 14460 14491 I art     : Explicit concurrent mark sweep GC freed 3(96B) AllocSpace objects, 0(0B) LOS objects, 38% free, 25MB/41MB, paused 528us total 21.788ms
08-04 19:28:58.178 14460 14491 I art     : Starting a blocking GC Explicit
08-04 19:28:58.199 14460 14491 I art     : Explicit concurrent mark sweep GC freed 3(96B) AllocSpace objects, 0(0B) LOS objects, 38% free, 25MB/41MB, paused 519us total 21.476ms
08-04 19:28:58.528 14460 14472 I art     : Starting a blocking GC Explicit
08-04 19:28:58.559 14460 14472 I art     : Explicit concurrent mark sweep GC freed 1363(80KB) AllocSpace objects, 1(20KB) LOS objects, 38% free, 25MB/41MB, paused 686us total 30.332ms
08-04 19:28:58.574 14460 14472 I art     : Starting a blocking GC Explicit
08-04 19:28:58.596 14460 14472 I art     : Explicit concurrent mark sweep GC freed 23(752B) AllocSpace objects, 0(0B) LOS objects, 38% free, 25MB/41MB, paused 495us total 21.721ms
08-04 19:28:58.605 14460 14472 I art     : Starting a blocking GC Explicit
08-04 19:28:58.625 14460 14472 I art     : Explicit concurrent mark sweep GC freed 3(96B) AllocSpace objects, 0(0B) LOS objects, 38% free, 25MB/41MB, paused 507us total 20.231ms
08-04 19:28:58.634 14460 14472 I art     : Starting a blocking GC Explicit
08-04 19:28:58.655 14460 14472 I art     : Explicit concurrent mark sweep GC freed 3(96B) AllocSpace objects, 0(0B) LOS objects, 38% free, 25MB/41MB, paused 521us total 20.969ms
08-04 19:28:58.663 14460 14472 I art     : Starting a blocking GC Explicit
08-04 19:28:58.684 14460 14472 I art     : Explicit concurrent mark sweep GC freed 3(96B) AllocSpace objects, 0(0B) LOS objects, 38% free, 25MB/41MB, paused 550us total 20.768ms
08-04 19:28:58.984 14460 14471 I art     : Starting a blocking GC Explicit
08-04 19:28:59.006 14460 14471 I art     : Explicit concurrent mark sweep GC freed 1392(80KB) AllocSpace objects, 1(20KB) LOS objects, 38% free, 25MB/41MB, paused 541us total 22.359ms
08-04 19:28:59.015 14460 14471 I art     : Starting a blocking GC Explicit
08-04 19:28:59.028 15341 15341 D AndroidRuntime: >>>>>> START com.android.internal.os.RuntimeInit uid 2000 <<<<<<
08-04 19:28:59.033 15341 15341 D AndroidRuntime: CheckJNI is OFF
08-04 19:28:59.038 14460 14471 I art     : Explicit concurrent mark sweep GC freed 23(752B) AllocSpace objects, 0(0B) LOS objects, 38% free, 25MB/41MB, paused 575us total 22.554ms
08-04 19:28:59.046 14460 14471 I art     : Starting a blocking GC Explicit
08-04 19:28:59.067 14460 14471 I art     : Explicit concurrent mark sweep GC freed 3(96B) AllocSpace objects, 0(0B) LOS objects, 38% free, 25MB/41MB, paused 608us total 20.849ms
08-04 19:28:59.068 15341 15341 D ICU     : No timezone override file found: /data/misc/zoneinfo/current/icu/icu_tzdata.dat
08-04 19:28:59.076 14460 14471 I art     : Starting a blocking GC Explicit
08-04 19:28:59.097 14460 14471 I art     : Explicit concurrent mark sweep GC freed 3(96B) AllocSpace objects, 0(0B) LOS objects, 38% free, 25MB/41MB, paused 583us total 21.060ms
08-04 19:28:59.104 15341 15341 I Radio-JNI: register_android_hardware_Radio DONE
08-04 19:28:59.105 14460 14471 I art     : Starting a blocking GC Explicit
08-04 19:28:59.126 15341 15341 D AndroidRuntime: Calling main entry com.android.commands.input.Input
08-04 19:28:59.127 14460 14471 I art     : Explicit concurrent mark sweep GC freed 3(96B) AllocSpace objects, 0(0B) LOS objects, 38% free, 25MB/41MB, paused 601us total 21.354ms
08-04 19:28:59.129 15341 15341 I Input   : injectMotionEvent: MotionEvent { action=ACTION_DOWN, actionButton=0, id[0]=0, x[0]=616.0, y[0]=469.0, toolType[0]=TOOL_TYPE_UNKNOWN, buttonState=0, metaState=0, flags=0x0, edgeFlags=0x0, pointerCount=1, historySize=0, eventTime=732555541, downTime=732555541, deviceId=0, source=0x1002 }
08-04 19:28:59.134 15341 15341 I Input   : injectMotionEvent: MotionEvent { action=ACTION_UP, actionButton=0, id[0]=0, x[0]=616.0, y[0]=469.0, toolType[0]=TOOL_TYPE_UNKNOWN, buttonState=0, metaState=0, flags=0x0, edgeFlags=0x0, pointerCount=1, historySize=0, eventTime=732555541, downTime=732555541, deviceId=0, source=0x1002 }
08-04 19:28:59.136 15341 15341 D AndroidRuntime: Shutting down VM
08-04 19:28:59.202   512  2967 D audio_hw_primary: out_set_parameters: enter: usecase(1: low-latency-playback) kvpairs: routing=2
08-04 19:28:59.215   512  2967 D audio_hw_primary: select_devices: out_snd_device(2: speaker) in_snd_device(0: none)
08-04 19:28:59.215   512  2967 D msm8974_platform: platform_send_audio_calibration: sending audio calibration for snd_device(2) acdb_id(15)
08-04 19:28:59.215   512  2967 I soundtrigger: audio_extn_sound_trigger_update_device_status: device 0x2 of type 0 for Event 1
08-04 19:28:59.227   512  2967 D audio_hw_primary: enable_snd_device: snd_device(2: speaker)
08-04 19:28:59.229   512  2967 D audio_hw_primary: enable_audio_route: apply and update mixer path: low-latency-playback speaker
08-04 19:28:59.368 14460 14491 I art     : Starting a blocking GC Explicit
08-04 19:28:59.391 14460 14491 I art     : Explicit concurrent mark sweep GC freed 1617(91KB) AllocSpace objects, 1(20KB) LOS objects, 38% free, 25MB/41MB, paused 564us total 23.002ms
08-04 19:28:59.400 14460 14491 I art     : Starting a blocking GC Explicit
08-04 19:28:59.417 14460 14480 I NAPPA_EXPERIMENTATION: MetricNetworkRequestExecutionTime: REQUEST_DURATION_SYSTEM='215',REQUEST_DURATION_OKHTTP='214',REQUEST_SYNCHRONOUS='TRUE',RESPONSE_CODE='200',RESPONSE_METHOD='GET',RESPONSE_LENGTH_OKHTTP='-1',RESPONSE_LENGTH_HEADER='628',REQUEST_PROTOCOL='h2',REQUEST_URL='https://itunes.apple.com/lookup?id=1524080195',
08-04 19:28:59.422 14460 14491 I art     : Explicit concurrent mark sweep GC freed 303(23KB) AllocSpace objects, 0(0B) LOS objects, 38% free, 26MB/42MB, paused 656us total 21.913ms
08-04 19:28:59.428   918  4413 I ActivityManager: START u0 {cmp=baseline.de.danoeh.antennapod.debug/baseline.de.danoeh.antennapod.activity.OnlineFeedViewActivity (has extras)} from uid 10670 on display 0
08-04 19:28:59.430 14460 14491 I art     : Starting a blocking GC Explicit
08-04 19:28:59.448 13866 13866 I GoogleInputMethodServic: GoogleInputMethodService.onFinishInput():3138 
08-04 19:28:59.449 13866 13866 I GoogleInputMethodServic: GoogleInputMethodService.onStartInput():1808 
08-04 19:28:59.453 14460 14491 I art     : Explicit concurrent mark sweep GC freed 575(35KB) AllocSpace objects, 0(0B) LOS objects, 38% free, 25MB/41MB, paused 536us total 21.859ms
08-04 19:28:59.461 14460 14491 I art     : Starting a blocking GC Explicit
08-04 19:28:59.471 14460 14460 D UserPreferences: Using default data folder
08-04 19:28:59.471 14460 14460 D OnlineFeedViewActivity: Activity was started with url https://rss.art19.com/nice-white-parents
08-04 19:28:59.473 14460 14460 D OnlineFeedViewActivity: Starting feed download
08-04 19:28:59.478 14460 14995 D DBReader: Extracting Feedlist
08-04 19:28:59.480   918  4413 D WifiService: acquireWifiLockLocked: WifiLock{Downloader type=1 binder=android.os.BinderProxy@ee661d5}
08-04 19:28:59.482 14460 14995 D AntennapodHttpClient: Creating new instance of HTTP client
08-04 19:28:59.485 14460 14491 I art     : Explicit concurrent mark sweep GC freed 1272(82KB) AllocSpace objects, 0(0B) LOS objects, 37% free, 26MB/42MB, paused 1.742ms total 24.191ms
08-04 19:28:59.493 14460 14491 I art     : Starting a blocking GC Explicit
08-04 19:28:59.513 14460 14491 I art     : Explicit concurrent mark sweep GC freed 535(32KB) AllocSpace objects, 0(0B) LOS objects, 38% free, 26MB/42MB, paused 561us total 19.320ms
08-04 19:28:59.530 13866 13866 I GoogleInputMethodServic: GoogleInputMethodService.onFinishInput():3138 
08-04 19:28:59.530 13866 13866 I GoogleInputMethodServic: GoogleInputMethodService.onStartInput():1808 
08-04 19:28:59.557   918   936 I ActivityManager: Displayed baseline.de.danoeh.antennapod.debug/baseline.de.danoeh.antennapod.activity.OnlineFeedViewActivity: +109ms
08-04 19:28:59.770   512  2967 D audio_hw_primary: disable_audio_route: reset and update mixer path: low-latency-playback speaker
08-04 19:28:59.772   512  2967 D audio_hw_primary: disable_snd_device: snd_device(2: speaker)
08-04 19:28:59.773 14460 14995 D MYTAG   : interceptor 3a https://rss.art19.com/nice-white-parents
08-04 19:28:59.773 14460 14995 I NAPPA_EXPERIMENTATION: MetricNetworkRequestExecutionTime: REQUEST_DURATION_SYSTEM='288',REQUEST_DURATION_OKHTTP='146',REQUEST_SYNCHRONOUS='TRUE',RESPONSE_CODE='200',RESPONSE_METHOD='GET',RESPONSE_LENGTH_OKHTTP='-1',RESPONSE_LENGTH_HEADER='1803',REQUEST_PROTOCOL='h2',REQUEST_URL='https://rss.art19.com/nice-white-parents',
08-04 19:28:59.774 14460 14995 D HttpDownloader: Response code is 200
08-04 19:28:59.774 14460 14995 D UserPreferences: Using default data folder
08-04 19:28:59.776 14460 14995 D HttpDownloader: Getting size of download
08-04 19:28:59.776 14460 14995 D HttpDownloader: Size is -1
08-04 19:28:59.776 14460 14995 D UserPreferences: Using default data folder
08-04 19:28:59.777 14460 14995 D HttpDownloader: Free space is 20236693504
08-04 19:28:59.777 14460 14995 D HttpDownloader: Starting download
08-04 19:28:59.779 14460 14995 D HttpDownloader: Download was successful
08-04 19:28:59.781   918  5481 D WifiService: releaseWifiLockLocked: WifiLock{Downloader type=1 binder=android.os.BinderProxy@ee661d5}
08-04 19:28:59.782 14460 14460 D OnlineFeedViewActivity: Parsing feed
08-04 19:28:59.782   512  2967 I soundtrigger: audio_extn_sound_trigger_update_device_status: device 0x2 of type 0 for Event 0
08-04 19:28:59.792   380   380 W SurfaceFlinger: couldn't log to binary event log: overflow.
08-04 19:28:59.793 14460 15387 D TypeGetter: Recognized type RSS 2.0
08-04 19:28:59.799 14460 15387 D SyndHandler: Recognized ITunes namespace
08-04 19:28:59.800 14460 15387 D SyndHandler: Recognized Atom namespace
08-04 19:28:59.800 14460 14491 I art     : Starting a blocking GC Explicit
08-04 19:28:59.800 14460 15387 D SyndHandler: Recognized Content namespace
08-04 19:28:59.814 14460 15387 D OnlineFeedViewActivity: Deleted feed source file. Result: true
08-04 19:28:59.815 14460 14460 D OnlineFeedViewActivity: Removing HTML from shownotes
08-04 19:28:59.826 14460 14491 I art     : Explicit concurrent mark sweep GC freed 7351(539KB) AllocSpace objects, 7(280KB) LOS objects, 37% free, 26MB/42MB, paused 808us total 25.780ms
08-04 19:28:59.834 14460 14491 I art     : Starting a blocking GC Explicit
08-04 19:28:59.855 14460 14491 I art     : Explicit concurrent mark sweep GC freed 4888(274KB) AllocSpace objects, 0(0B) LOS objects, 37% free, 26MB/42MB, paused 922us total 21.083ms
08-04 19:28:59.864 14460 14491 I art     : Starting a blocking GC Explicit
08-04 19:28:59.874 14460 14460 W art     : Before Android 4.1, method int androidx.appcompat.widget.DropDownListView.lookForSelectablePosition(int, boolean) would have incorrectly overridden the package-private method in android.widget.ListView
08-04 19:28:59.880 14460 14460 I ListPopupWindow: Could not find method setEpicenterBounds(Rect) on PopupWindow. Oh well.
08-04 19:28:59.890 14460 14491 I art     : Explicit concurrent mark sweep GC freed 1511(143KB) AllocSpace objects, 2(132KB) LOS objects, 37% free, 26MB/42MB, paused 716us total 25.790ms
08-04 19:28:59.898 14460 14491 I art     : Starting a blocking GC Explicit
08-04 19:28:59.904 14460 15388 D ApOkHttpUrlLoader: buildLoadData() called with: model = [https://content.production.cdn.art19.com/images/89/e0/88/44/89e08844-ac28-4fc0-96fa-15a41fec2014/262c12ed699a8d9720dea0bd66449d998e4a08cf18095bed170ccaa76722045fa5dbf7a366918b2db7e3acf29ad22f6b99fd659a9409cb807bf2781d968932f8.jpeg], width = [350], height = [350]
08-04 19:28:59.909 14460 15213 D DBReader: getImageAuthentication() called with: imageUrl = [https://content.production.cdn.art19.com/images/89/e0/88/44/89e08844-ac28-4fc0-96fa-15a41fec2014/262c12ed699a8d9720dea0bd66449d998e4a08cf18095bed170ccaa76722045fa5dbf7a366918b2db7e3acf29ad22f6b99fd659a9409cb807bf2781d968932f8.jpeg]
08-04 19:28:59.911 14460 15213 D ApOkHttpUrlLoader: no credentials for 'https://content.production.cdn.art19.com/images/89/e0/88/44/89e08844-ac28-4fc0-96fa-15a41fec2014/262c12ed699a8d9720dea0bd66449d998e4a08cf18095bed170ccaa76722045fa5dbf7a366918b2db7e3acf29ad22f6b99fd659a9409cb807bf2781d968932f8.jpeg'
08-04 19:28:59.925 14460 14491 I art     : Explicit concurrent mark sweep GC freed 4711(287KB) AllocSpace objects, 1(20KB) LOS objects, 37% free, 27MB/43MB, paused 1.101ms total 26.916ms
08-04 19:28:59.934 14460 14491 I art     : Starting a blocking GC Explicit
08-04 19:28:59.939 14460 14460 D PlaybackController: Releasing PlaybackController
08-04 19:28:59.960 14460 14491 I art     : Explicit concurrent mark sweep GC freed 4793(262KB) AllocSpace objects, 0(0B) LOS objects, 37% free, 26MB/42MB, paused 982us total 26.552ms
08-04 19:29:00.234 14460 14471 I art     : Starting a blocking GC Explicit
08-04 19:29:00.265 14460 14471 I art     : Explicit concurrent mark sweep GC freed 5759(273KB) AllocSpace objects, 2(132KB) LOS objects, 37% free, 26MB/42MB, paused 694us total 30.843ms
08-04 19:29:00.274 14460 14471 I art     : Starting a blocking GC Explicit
08-04 19:29:00.300 14460 14471 I art     : Explicit concurrent mark sweep GC freed 94(3KB) AllocSpace objects, 0(0B) LOS objects, 37% free, 26MB/42MB, paused 656us total 25.572ms
08-04 19:29:00.309 14460 14471 I art     : Starting a blocking GC Explicit
08-04 19:29:00.335 14460 14471 I art     : Explicit concurrent mark sweep GC freed 7(288B) AllocSpace objects, 0(0B) LOS objects, 37% free, 26MB/42MB, paused 663us total 25.619ms
08-04 19:29:00.345 14460 14471 I art     : Starting a blocking GC Explicit
08-04 19:29:00.370 14460 14471 I art     : Explicit concurrent mark sweep GC freed 3(96B) AllocSpace objects, 0(0B) LOS objects, 37% free, 26MB/42MB, paused 648us total 25.694ms
08-04 19:29:00.377 14460 15213 D MYTAG   : interceptor 2a
08-04 19:29:00.377 14460 15213 I NAPPA_EXPERIMENTATION: MetricNetworkRequestExecutionTime: REQUEST_DURATION_SYSTEM='466',REQUEST_DURATION_OKHTTP='149',REQUEST_SYNCHRONOUS='TRUE',RESPONSE_CODE='200',RESPONSE_METHOD='GET',RESPONSE_LENGTH_OKHTTP='2466122',RESPONSE_LENGTH_HEADER='2466122',REQUEST_PROTOCOL='h2',REQUEST_URL='https://content.production.cdn.art19.com/images/89/e0/88/44/89e08844-ac28-4fc0-96fa-15a41fec2014/262c12ed699a8d9720dea0bd66449d998e4a08cf18095bed170ccaa76722045fa5dbf7a366918b2db7e3acf29ad22f6b99fd659a9409cb807bf2781d968932f8.jpeg',
08-04 19:29:00.380 14460 14471 I art     : Starting a blocking GC Explicit
08-04 19:29:00.405 14460 14471 I art     : Explicit concurrent mark sweep GC freed 255(23KB) AllocSpace objects, 0(0B) LOS objects, 37% free, 26MB/42MB, paused 707us total 25.358ms
08-04 19:29:00.689 14460 14910 I art     : Starting a blocking GC Explicit
08-04 19:29:00.720 14460 14910 I art     : Explicit concurrent mark sweep GC freed 2897(228KB) AllocSpace objects, 1(20KB) LOS objects, 36% free, 27MB/43MB, paused 755us total 30.895ms
08-04 19:29:00.729 14460 14910 I art     : Starting a blocking GC Explicit
08-04 19:29:00.756 14460 14910 I art     : Explicit concurrent mark sweep GC freed 65(1904B) AllocSpace objects, 0(0B) LOS objects, 36% free, 27MB/43MB, paused 744us total 26.599ms
08-04 19:29:00.765 14460 14910 I art     : Starting a blocking GC Explicit
08-04 19:29:00.793 14460 14910 I art     : Explicit concurrent mark sweep GC freed 58(13KB) AllocSpace objects, 0(0B) LOS objects, 36% free, 27MB/43MB, paused 743us total 27.555ms
08-04 19:29:00.802 14460 14910 I art     : Starting a blocking GC Explicit
08-04 19:29:00.827 14460 14910 I art     : Explicit concurrent mark sweep GC freed 98(4KB) AllocSpace objects, 0(0B) LOS objects, 36% free, 27MB/43MB, paused 649us total 25.038ms
08-04 19:29:00.836 14460 14910 I art     : Starting a blocking GC Explicit
08-04 19:29:00.861 14460 14910 I art     : Explicit concurrent mark sweep GC freed 5(176B) AllocSpace objects, 0(0B) LOS objects, 36% free, 27MB/43MB, paused 663us total 24.914ms
08-04 19:29:01.224 14460 14472 I art     : Starting a blocking GC Explicit
08-04 19:29:01.259 14460 14472 I art     : Explicit concurrent mark sweep GC freed 1369(80KB) AllocSpace objects, 1(20KB) LOS objects, 36% free, 27MB/43MB, paused 716us total 34.414ms
08-04 19:29:01.270 14460 14472 I art     : Starting a blocking GC Explicit
08-04 19:29:01.296 14460 14472 I art     : Explicit concurrent mark sweep GC freed 23(752B) AllocSpace objects, 0(0B) LOS objects, 36% free, 27MB/43MB, paused 636us total 26.017ms
08-04 19:29:01.306 14460 14472 I art     : Starting a blocking GC Explicit
08-04 19:29:01.332 14460 14472 I art     : Explicit concurrent mark sweep GC freed 3(96B) AllocSpace objects, 0(0B) LOS objects, 36% free, 27MB/43MB, paused 625us total 25.768ms
08-04 19:29:01.341 14460 14472 I art     : Starting a blocking GC Explicit
08-04 19:29:01.367 14460 14472 I art     : Explicit concurrent mark sweep GC freed 3(96B) AllocSpace objects, 0(0B) LOS objects, 36% free, 27MB/43MB, paused 695us total 25.580ms
08-04 19:29:01.376 14460 14472 I art     : Starting a blocking GC Explicit
08-04 19:29:01.403 14460 14472 I art     : Explicit concurrent mark sweep GC freed 3(96B) AllocSpace objects, 0(0B) LOS objects, 36% free, 27MB/43MB, paused 618us total 26.152ms
08-04 19:29:01.711 14460 14491 I art     : Starting a blocking GC Explicit
08-04 19:29:01.739 14460 14491 I art     : Explicit concurrent mark sweep GC freed 1424(81KB) AllocSpace objects, 1(20KB) LOS objects, 36% free, 27MB/43MB, paused 740us total 27.481ms
08-04 19:29:01.749 14460 14491 I art     : Starting a blocking GC Explicit
08-04 19:29:01.775 14460 14491 I art     : Explicit concurrent mark sweep GC freed 24(784B) AllocSpace objects, 0(0B) LOS objects, 36% free, 27MB/43MB, paused 636us total 26.253ms
08-04 19:29:01.784 14460 14491 I art     : Starting a blocking GC Explicit
08-04 19:29:01.808 14460 14491 I art     : Explicit concurrent mark sweep GC freed 3(96B) AllocSpace objects, 0(0B) LOS objects, 36% free, 27MB/43MB, paused 629us total 24.048ms
08-04 19:29:01.818 14460 14491 I art     : Starting a blocking GC Explicit
08-04 19:29:01.843 14460 14491 I art     : Explicit concurrent mark sweep GC freed 3(96B) AllocSpace objects, 0(0B) LOS objects, 36% free, 27MB/43MB, paused 622us total 24.692ms
08-04 19:29:01.852 14460 14491 I art     : Starting a blocking GC Explicit
08-04 19:29:01.877 14460 14491 I art     : Explicit concurrent mark sweep GC freed 3(96B) AllocSpace objects, 0(0B) LOS objects, 36% free, 27MB/43MB, paused 685us total 24.914ms
08-04 19:29:02.194 14460 14472 I art     : Starting a blocking GC Explicit
08-04 19:29:02.227 14460 14472 I art     : Explicit concurrent mark sweep GC freed 1367(82KB) AllocSpace objects, 1(20KB) LOS objects, 36% free, 27MB/43MB, paused 692us total 32.507ms
08-04 19:29:02.240 14460 14472 I art     : Starting a blocking GC Explicit
08-04 19:29:02.266 14460 14472 I art     : Explicit concurrent mark sweep GC freed 23(752B) AllocSpace objects, 0(0B) LOS objects, 36% free, 27MB/43MB, paused 650us total 25.731ms
08-04 19:29:02.275 14460 14472 I art     : Starting a blocking GC Explicit
08-04 19:29:02.301 14460 14472 I art     : Explicit concurrent mark sweep GC freed 3(96B) AllocSpace objects, 0(0B) LOS objects, 36% free, 27MB/43MB, paused 651us total 25.651ms
08-04 19:29:02.310 14460 14472 I art     : Starting a blocking GC Explicit
08-04 19:29:02.337 14460 14472 I art     : Explicit concurrent mark sweep GC freed 3(96B) AllocSpace objects, 0(0B) LOS objects, 36% free, 27MB/43MB, paused 639us total 26.220ms
08-04 19:29:02.346 14460 14472 I art     : Starting a blocking GC Explicit
08-04 19:29:02.373 14460 14472 I art     : Explicit concurrent mark sweep GC freed 3(96B) AllocSpace objects, 0(0B) LOS objects, 36% free, 27MB/43MB, paused 641us total 26.190ms
08-04 19:29:02.699 14460 14471 I art     : Starting a blocking GC Explicit
08-04 19:29:02.736 14460 14471 I art     : Explicit concurrent mark sweep GC freed 1366(80KB) AllocSpace objects, 1(20KB) LOS objects, 36% free, 27MB/43MB, paused 678us total 36.426ms
08-04 19:29:02.749 14460 14471 I art     : Starting a blocking GC Explicit
08-04 19:29:02.775 14460 14471 I art     : Explicit concurrent mark sweep GC freed 52(1536B) AllocSpace objects, 0(0B) LOS objects, 36% free, 27MB/43MB, paused 643us total 25.502ms
08-04 19:29:02.784 14460 14471 I art     : Starting a blocking GC Explicit
08-04 19:29:02.810 14460 14471 I art     : Explicit concurrent mark sweep GC freed 3(96B) AllocSpace objects, 0(0B) LOS objects, 36% free, 27MB/43MB, paused 621us total 25.904ms
08-04 19:29:02.819 14460 14471 I art     : Starting a blocking GC Explicit
08-04 19:29:02.846 14460 14471 I art     : Explicit concurrent mark sweep GC freed 3(96B) AllocSpace objects, 0(0B) LOS objects, 36% free, 27MB/43MB, paused 623us total 26.084ms
08-04 19:29:02.855 14460 14471 I art     : Starting a blocking GC Explicit
08-04 19:29:02.881 14460 14471 I art     : Explicit concurrent mark sweep GC freed 3(96B) AllocSpace objects, 0(0B) LOS objects, 36% free, 27MB/43MB, paused 639us total 25.942ms
08-04 19:29:03.222 14460 14910 I art     : Starting a blocking GC Explicit
08-04 19:29:03.252 14460 14910 I art     : Explicit concurrent mark sweep GC freed 1366(80KB) AllocSpace objects, 1(20KB) LOS objects, 36% free, 27MB/43MB, paused 720us total 29.658ms
08-04 19:29:03.263 14460 14910 I art     : Starting a blocking GC Explicit
08-04 19:29:03.290 14460 14910 I art     : Explicit concurrent mark sweep GC freed 23(752B) AllocSpace objects, 0(0B) LOS objects, 36% free, 27MB/43MB, paused 703us total 26.370ms
08-04 19:29:03.299 14460 14910 I art     : Starting a blocking GC Explicit
08-04 19:29:03.325 14460 14910 I art     : Explicit concurrent mark sweep GC freed 3(96B) AllocSpace objects, 0(0B) LOS objects, 36% free, 27MB/43MB, paused 617us total 25.120ms
08-04 19:29:03.334 14460 14910 I art     : Starting a blocking GC Explicit
08-04 19:29:03.360 14460 14910 I art     : Explicit concurrent mark sweep GC freed 3(96B) AllocSpace objects, 0(0B) LOS objects, 36% free, 27MB/43MB, paused 626us total 25.603ms
08-04 19:29:03.369 14460 14910 I art     : Starting a blocking GC Explicit
08-04 19:29:03.394 14460 14910 I art     : Explicit concurrent mark sweep GC freed 3(96B) AllocSpace objects, 0(0B) LOS objects, 36% free, 27MB/43MB, paused 581us total 24.320ms
08-04 19:29:03.659 14460 14491 I art     : Starting a blocking GC Explicit
08-04 19:29:03.686 14460 14491 I art     : Explicit concurrent mark sweep GC freed 1366(80KB) AllocSpace objects, 1(20KB) LOS objects, 36% free, 27MB/43MB, paused 640us total 26.449ms
08-04 19:29:03.695 14460 14491 I art     : Starting a blocking GC Explicit
08-04 19:29:03.721 14460 14491 I art     : Explicit concurrent mark sweep GC freed 23(752B) AllocSpace objects, 0(0B) LOS objects, 36% free, 27MB/43MB, paused 638us total 25.651ms
08-04 19:29:03.731 14460 14491 I art     : Starting a blocking GC Explicit
08-04 19:29:03.755 14460 14491 I art     : Explicit concurrent mark sweep GC freed 32(880B) AllocSpace objects, 0(0B) LOS objects, 36% free, 27MB/43MB, paused 632us total 24.158ms
08-04 19:29:03.764 14460 14491 I art     : Starting a blocking GC Explicit
08-04 19:29:03.789 14460 14491 I art     : Explicit concurrent mark sweep GC freed 3(96B) AllocSpace objects, 0(0B) LOS objects, 36% free, 27MB/43MB, paused 626us total 24.549ms
08-04 19:29:03.797 14460 14491 I art     : Starting a blocking GC Explicit
08-04 19:29:03.822 14460 14491 I art     : Explicit concurrent mark sweep GC freed 3(96B) AllocSpace objects, 0(0B) LOS objects, 36% free, 27MB/43MB, paused 644us total 24.617ms
08-04 19:29:03.824 15462 15462 D AndroidRuntime: >>>>>> START com.android.internal.os.RuntimeInit uid 2000 <<<<<<
08-04 19:29:03.829 15462 15462 D AndroidRuntime: CheckJNI is OFF
08-04 19:29:03.862 15462 15462 D ICU     : No timezone override file found: /data/misc/zoneinfo/current/icu/icu_tzdata.dat
08-04 19:29:03.896 15462 15462 I Radio-JNI: register_android_hardware_Radio DONE
08-04 19:29:03.919 15462 15462 D AndroidRuntime: Calling main entry com.android.commands.input.Input
08-04 19:29:03.921 15462 15462 I Input   : injectMotionEvent: MotionEvent { action=ACTION_DOWN, actionButton=0, id[0]=0, x[0]=625.0, y[0]=832.0, toolType[0]=TOOL_TYPE_UNKNOWN, buttonState=0, metaState=0, flags=0x0, edgeFlags=0x0, pointerCount=1, historySize=0, eventTime=732560333, downTime=732560333, deviceId=0, source=0x1002 }
08-04 19:29:03.926 15462 15462 I Input   : injectMotionEvent: MotionEvent { action=ACTION_UP, actionButton=0, id[0]=0, x[0]=625.0, y[0]=832.0, toolType[0]=TOOL_TYPE_UNKNOWN, buttonState=0, metaState=0, flags=0x0, edgeFlags=0x0, pointerCount=1, historySize=0, eventTime=732560333, downTime=732560333, deviceId=0, source=0x1002 }
08-04 19:29:03.929 15462 15462 D AndroidRuntime: Shutting down VM
08-04 19:29:03.933 14460 14460 D UserPreferences: Using default data folder
08-04 19:29:03.935   512  2967 D audio_hw_primary: out_set_parameters: enter: usecase(1: low-latency-playback) kvpairs: routing=2
08-04 19:29:03.936 14460 14460 D DownloadRequester: partiallyDownloadedFileExists: false
08-04 19:29:03.936 14460 14460 D DownloadRequester: /storage/emulated/0/Android/data/baseline.de.danoeh.antennapod.debug/files/cache/feed-Nice White Parents is available as a download destination
08-04 19:29:03.937 14460 14460 D DownloadRequester: Requesting download of url https://rss.art19.com/nice-white-parents
08-04 19:29:03.941 14460 14460 D DownloadService: Service started
08-04 19:29:03.943 14460 14460 D DownloadService: parallel downloads: 4
08-04 19:29:03.944 14460 15485 D downloadCompletionThd: downloadCompletionThread was started
08-04 19:29:03.945 14460 14460 D DownloadService: Notification set up
08-04 19:29:03.948   512  2967 D audio_hw_primary: select_devices: out_snd_device(2: speaker) in_snd_device(0: none)
08-04 19:29:03.948   512  2967 D msm8974_platform: platform_send_audio_calibration: sending audio calibration for snd_device(2) acdb_id(15)
08-04 19:29:03.948   512  2967 I soundtrigger: audio_extn_sound_trigger_update_device_status: device 0x2 of type 0 for Event 1
08-04 19:29:03.957 14460 14460 D DownloadService: Received enqueue request
08-04 19:29:03.958 14460 14460 D OnlineFeedViewActivity: onEventMainThread() called with: event = [DownloadEvent{update=DownloaderUpdate{downloaders=[baseline.de.danoeh.antennapod.core.service.download.HttpDownloader@cfb5015], feedIds=[0], mediaIds=[]}}]
08-04 19:29:03.959 14460 14460 D DownloadService: 1 downloads left
08-04 19:29:03.959 14460 14460 D DownloadService: Setting up notification updater
08-04 19:29:03.961   918  5481 D WifiService: acquireWifiLockLocked: WifiLock{Downloader type=1 binder=android.os.BinderProxy@b5feabc}
08-04 19:29:03.962 14460 15489 D AntennapodHttpClient: Creating new instance of HTTP client
08-04 19:29:03.966   512  2967 D audio_hw_primary: enable_snd_device: snd_device(2: speaker)
08-04 19:29:03.969   512  2967 D audio_hw_primary: enable_audio_route: apply and update mixer path: low-latency-playback speaker
08-04 19:29:04.076 14460 14471 I art     : Starting a blocking GC Explicit
08-04 19:29:04.102 14460 14471 I art     : Explicit concurrent mark sweep GC freed 4063(247KB) AllocSpace objects, 4(220KB) LOS objects, 36% free, 27MB/43MB, paused 983us total 25.913ms
08-04 19:29:04.110 14460 14471 I art     : Starting a blocking GC Explicit
08-04 19:29:04.135 14460 14471 I art     : Explicit concurrent mark sweep GC freed 3706(224KB) AllocSpace objects, 0(0B) LOS objects, 36% free, 27MB/43MB, paused 769us total 24.591ms
08-04 19:29:04.144 14460 14471 I art     : Starting a blocking GC Explicit
08-04 19:29:04.168 14460 14471 I art     : Explicit concurrent mark sweep GC freed 283(13KB) AllocSpace objects, 0(0B) LOS objects, 36% free, 27MB/43MB, paused 775us total 24.117ms
08-04 19:29:04.176 14460 14471 I art     : Starting a blocking GC Explicit
08-04 19:29:04.200 14460 14471 I art     : Explicit concurrent mark sweep GC freed 9(320B) AllocSpace objects, 0(0B) LOS objects, 36% free, 27MB/43MB, paused 746us total 24.007ms
08-04 19:29:04.209 14460 14471 I art     : Starting a blocking GC Explicit
08-04 19:29:04.233 14460 14471 I art     : Explicit concurrent mark sweep GC freed 5(160B) AllocSpace objects, 0(0B) LOS objects, 36% free, 27MB/43MB, paused 686us total 23.897ms
08-04 19:29:04.257 14460 15489 D MYTAG   : interceptor 3a https://rss.art19.com/nice-white-parents
08-04 19:29:04.257 14460 15489 I NAPPA_EXPERIMENTATION: MetricNetworkRequestExecutionTime: REQUEST_DURATION_SYSTEM='292',REQUEST_DURATION_OKHTTP='143',REQUEST_SYNCHRONOUS='TRUE',RESPONSE_CODE='200',RESPONSE_METHOD='GET',RESPONSE_LENGTH_OKHTTP='-1',RESPONSE_LENGTH_HEADER='1803',REQUEST_PROTOCOL='h2',REQUEST_URL='https://rss.art19.com/nice-white-parents',
08-04 19:29:04.257 14460 15489 D HttpDownloader: Response code is 200
08-04 19:29:04.257 14460 15489 D UserPreferences: Using default data folder
08-04 19:29:04.263 14460 15489 D HttpDownloader: Getting size of download
08-04 19:29:04.263 14460 15489 D HttpDownloader: Size is -1
08-04 19:29:04.263 14460 15489 D UserPreferences: Using default data folder
08-04 19:29:04.265 14460 15489 D HttpDownloader: Free space is 20234190848
08-04 19:29:04.265 14460 15489 D HttpDownloader: Starting download
08-04 19:29:04.267 14460 15489 D HttpDownloader: Download was successful
08-04 19:29:04.268   918  6110 D WifiService: releaseWifiLockLocked: WifiLock{Downloader type=1 binder=android.os.BinderProxy@b5feabc}
08-04 19:29:04.268 14460 15485 D downloadCompletionThd: Received 'Download Complete' - message.
08-04 19:29:04.269 14460 15485 D DownloadService: Handling completed Feed Download
08-04 19:29:04.269 14460 14460 D DownloadService: Removing downloader: https://rss.art19.com/nice-white-parents
08-04 19:29:04.269 14460 14460 D DownloadService: Result of downloads.remove: true
08-04 19:29:04.269 14460 14460 D OnlineFeedViewActivity: onEventMainThread() called with: event = [DownloadEvent{update=DownloaderUpdate{downloaders=[], feedIds=[], mediaIds=[]}}]
08-04 19:29:04.272 14460 15503 D TypeGetter: Recognized type RSS 2.0
08-04 19:29:04.273 14460 15503 D SyndHandler: Recognized ITunes namespace
08-04 19:29:04.273 14460 15503 D SyndHandler: Recognized Atom namespace
08-04 19:29:04.273 14460 15503 D SyndHandler: Recognized Content namespace
08-04 19:29:04.277 14460 15503 D FeedSyncThread: Nice White Parents parsed
08-04 19:29:04.277 14460 15503 D FeedSyncThread: Deletion of file '/storage/emulated/0/Android/data/baseline.de.danoeh.antennapod.debug/files/cache/feed-Nice White Parents' successful
08-04 19:29:04.278 14460 15503 D DBReader: getFeedDownloadLog() called with: feed = [baseline.de.danoeh.antennapod.core.feed.Feed@0]
08-04 19:29:04.279 14460 15486 D FeedSyncThread: Bundling 1 feeds
08-04 19:29:04.280 14460 15504 D DBReader: Extracting Feedlist
08-04 19:29:04.281 14460 15504 D DBTasks : Found no existing Feed with title Nice White Parents. Adding as new one.
08-04 19:29:04.283 14460 15505 D PodDBAdapter: Setting feed with flattr status Nice White Parents: 0
08-04 19:29:04.283 14460 15505 D baseline.de.danoeh.antennapod.core.storage.PodDBAdapter@150f982: Inserting new Feed into db
08-04 19:29:04.298 14460 14460 D EventDistributor: Processing event queue. Number of events: 1
08-04 19:29:04.298 14460 14460 D EventDistributor: Notifying observers. Data: 1
08-04 19:29:04.299 14460 14460 D DownloadService: 0 downloads left
08-04 19:29:04.299 14460 14996 D DBReader: Extracting Feedlist
08-04 19:29:04.299 14460 14460 D DownloadService: Number of downloads is 0, attempting shutdown
08-04 19:29:04.300 14460 14460 D DownloadService: Service shutting down
08-04 19:29:04.301 14460 14460 D DownloadService: No report is created
08-04 19:29:04.301 14460 14460 D OnlineFeedViewActivity: onEventMainThread() called with: event = [DownloadEvent{update=DownloaderUpdate{downloaders=[], feedIds=[], mediaIds=[]}}]
08-04 19:29:04.302 14460 15485 E downloadCompletionThd: DownloadCompletionThread was interrupted
08-04 19:29:04.303 14460 14460 D DownloadService: NotificationUpdater cancelled. Result: false
08-04 19:29:04.303 14460 14460 D DBTasks : autodownloadUndownloadedItems
08-04 19:29:04.305 14460 15506 D NetworkUtils: Device is connected to Wi-Fi
08-04 19:29:04.305 14460 15506 D NetworkUtils: Auto-dl filter is disabled
08-04 19:29:04.488 14460 14910 I art     : Starting a blocking GC Explicit
08-04 19:29:04.509   512  2967 D audio_hw_primary: disable_audio_route: reset and update mixer path: low-latency-playback speaker
08-04 19:29:04.510   512  2967 D audio_hw_primary: disable_snd_device: snd_device(2: speaker)
08-04 19:29:04.517 14460 14910 I art     : Explicit concurrent mark sweep GC freed 2871(357KB) AllocSpace objects, 5(100KB) LOS objects, 36% free, 27MB/43MB, paused 832us total 28.071ms
08-04 19:29:04.520   512  2967 I soundtrigger: audio_extn_sound_trigger_update_device_status: device 0x2 of type 0 for Event 0
08-04 19:29:04.526 14460 14910 I art     : Starting a blocking GC Explicit
08-04 19:29:04.552 14460 14910 I art     : Explicit concurrent mark sweep GC freed 331(16KB) AllocSpace objects, 0(0B) LOS objects, 36% free, 27MB/43MB, paused 732us total 25.734ms
08-04 19:29:04.561 14460 14910 I art     : Starting a blocking GC Explicit
08-04 19:29:04.586 14460 14910 I art     : Explicit concurrent mark sweep GC freed 7(256B) AllocSpace objects, 0(0B) LOS objects, 36% free, 27MB/43MB, paused 731us total 24.807ms
08-04 19:29:04.595 14460 14910 I art     : Starting a blocking GC Explicit
08-04 19:29:04.619 14460 14910 I art     : Explicit concurrent mark sweep GC freed 6(224B) AllocSpace objects, 0(0B) LOS objects, 36% free, 27MB/43MB, paused 687us total 24.213ms
08-04 19:29:04.628 14460 14910 I art     : Starting a blocking GC Explicit
08-04 19:29:04.653 14460 14910 I art     : Explicit concurrent mark sweep GC freed 3(96B) AllocSpace objects, 0(0B) LOS objects, 36% free, 27MB/43MB, paused 731us total 24.965ms
08-04 19:29:04.947 14460 14910 I art     : Starting a blocking GC Explicit
08-04 19:29:04.986 14460 14910 I art     : Explicit concurrent mark sweep GC freed 1398(81KB) AllocSpace objects, 1(20KB) LOS objects, 36% free, 27MB/43MB, paused 829us total 38.875ms
08-04 19:29:04.999 14460 14910 I art     : Starting a blocking GC Explicit
08-04 19:29:05.028 14460 14910 I art     : Explicit concurrent mark sweep GC freed 25(816B) AllocSpace objects, 0(0B) LOS objects, 36% free, 27MB/43MB, paused 790us total 29.060ms
08-04 19:29:05.038 14460 14910 I art     : Starting a blocking GC Explicit
08-04 19:29:05.066 14460 14910 I art     : Explicit concurrent mark sweep GC freed 3(96B) AllocSpace objects, 0(0B) LOS objects, 36% free, 27MB/43MB, paused 763us total 28.047ms
08-04 19:29:05.076 14460 14910 I art     : Starting a blocking GC Explicit
08-04 19:29:05.104 14460 14910 I art     : Explicit concurrent mark sweep GC freed 3(96B) AllocSpace objects, 0(0B) LOS objects, 36% free, 27MB/43MB, paused 756us total 27.702ms
08-04 19:29:05.113 14460 14910 I art     : Starting a blocking GC Explicit
08-04 19:29:05.140 14460 14910 I art     : Explicit concurrent mark sweep GC freed 3(96B) AllocSpace objects, 0(0B) LOS objects, 36% free, 27MB/43MB, paused 756us total 26.773ms
08-04 19:29:05.414 14460 14491 I art     : Starting a blocking GC Explicit
08-04 19:29:05.440 14460 14491 I art     : Explicit concurrent mark sweep GC freed 1367(82KB) AllocSpace objects, 1(20KB) LOS objects, 36% free, 27MB/43MB, paused 739us total 25.432ms
08-04 19:29:05.449 14460 14491 I art     : Starting a blocking GC Explicit
08-04 19:29:05.475 14460 14491 I art     : Explicit concurrent mark sweep GC freed 33(1136B) AllocSpace objects, 0(0B) LOS objects, 36% free, 27MB/43MB, paused 846us total 26.367ms
08-04 19:29:05.485 14460 14491 I art     : Starting a blocking GC Explicit
08-04 19:29:05.511 14460 14491 I art     : Explicit concurrent mark sweep GC freed 3(96B) AllocSpace objects, 0(0B) LOS objects, 36% free, 27MB/43MB, paused 723us total 25.979ms
08-04 19:29:05.520 14460 14491 I art     : Starting a blocking GC Explicit
08-04 19:29:05.547 14460 14491 I art     : Explicit concurrent mark sweep GC freed 3(96B) AllocSpace objects, 0(0B) LOS objects, 36% free, 27MB/43MB, paused 818us total 26.798ms
08-04 19:29:05.557 14460 14491 I art     : Starting a blocking GC Explicit
08-04 19:29:05.584 14460 14491 I art     : Explicit concurrent mark sweep GC freed 3(96B) AllocSpace objects, 0(0B) LOS objects, 36% free, 27MB/43MB, paused 768us total 26.845ms
08-04 19:29:05.927 14460 14472 I art     : Starting a blocking GC Explicit
08-04 19:29:05.967 14460 14472 I art     : Explicit concurrent mark sweep GC freed 1402(82KB) AllocSpace objects, 1(20KB) LOS objects, 36% free, 27MB/43MB, paused 834us total 39.677ms
08-04 19:29:05.984 14460 14472 I art     : Starting a blocking GC Explicit
08-04 19:29:06.010 14460 14472 I art     : Explicit concurrent mark sweep GC freed 23(752B) AllocSpace objects, 0(0B) LOS objects, 36% free, 27MB/43MB, paused 733us total 25.425ms
08-04 19:29:06.019 14460 14472 I art     : Starting a blocking GC Explicit
08-04 19:29:06.045 14460 14472 I art     : Explicit concurrent mark sweep GC freed 3(96B) AllocSpace objects, 0(0B) LOS objects, 36% free, 27MB/43MB, paused 755us total 26.425ms
08-04 19:29:06.055 14460 14472 I art     : Starting a blocking GC Explicit
08-04 19:29:06.082 14460 14472 I art     : Explicit concurrent mark sweep GC freed 3(96B) AllocSpace objects, 0(0B) LOS objects, 36% free, 27MB/43MB, paused 892us total 26.926ms
08-04 19:29:06.092 14460 14472 I art     : Starting a blocking GC Explicit
08-04 19:29:06.119 14460 14472 I art     : Explicit concurrent mark sweep GC freed 3(96B) AllocSpace objects, 0(0B) LOS objects, 36% free, 27MB/43MB, paused 761us total 26.848ms
08-04 19:29:06.450 14460 14910 I art     : Starting a blocking GC Explicit
08-04 19:29:06.485 14460 14910 I art     : Explicit concurrent mark sweep GC freed 1372(82KB) AllocSpace objects, 1(20KB) LOS objects, 36% free, 27MB/43MB, paused 879us total 34.576ms
08-04 19:29:06.494 14460 14910 I art     : Starting a blocking GC Explicit
08-04 19:29:06.521 14460 14910 I art     : Explicit concurrent mark sweep GC freed 23(752B) AllocSpace objects, 0(0B) LOS objects, 36% free, 27MB/43MB, paused 770us total 27.025ms
08-04 19:29:06.531 14460 14910 I art     : Starting a blocking GC Explicit
08-04 19:29:06.558 14460 14910 I art     : Explicit concurrent mark sweep GC freed 3(96B) AllocSpace objects, 0(0B) LOS objects, 36% free, 27MB/43MB, paused 770us total 26.788ms
08-04 19:29:06.567 14460 14910 I art     : Starting a blocking GC Explicit
08-04 19:29:06.594 14460 14910 I art     : Explicit concurrent mark sweep GC freed 3(96B) AllocSpace objects, 0(0B) LOS objects, 36% free, 27MB/43MB, paused 761us total 26.566ms
08-04 19:29:06.604 14460 14910 I art     : Starting a blocking GC Explicit
08-04 19:29:06.629 14460 14910 I art     : Explicit concurrent mark sweep GC freed 3(96B) AllocSpace objects, 0(0B) LOS objects, 36% free, 27MB/43MB, paused 761us total 25.622ms
08-04 19:29:06.947 14460 14471 I art     : Starting a blocking GC Explicit
08-04 19:29:06.981 14460 14471 I art     : Explicit concurrent mark sweep GC freed 1399(81KB) AllocSpace objects, 1(20KB) LOS objects, 36% free, 27MB/43MB, paused 754us total 33.349ms
08-04 19:29:06.995 14460 14471 I art     : Starting a blocking GC Explicit
08-04 19:29:07.021 14460 14471 I art     : Explicit concurrent mark sweep GC freed 23(752B) AllocSpace objects, 0(0B) LOS objects, 36% free, 27MB/43MB, paused 764us total 26.469ms
08-04 19:29:07.031 14460 14471 I art     : Starting a blocking GC Explicit
08-04 19:29:07.058 14460 14471 I art     : Explicit concurrent mark sweep GC freed 3(96B) AllocSpace objects, 0(0B) LOS objects, 36% free, 27MB/43MB, paused 928us total 26.778ms
08-04 19:29:07.067 14460 14471 I art     : Starting a blocking GC Explicit
08-04 19:29:07.094 14460 14471 I art     : Explicit concurrent mark sweep GC freed 3(96B) AllocSpace objects, 0(0B) LOS objects, 36% free, 27MB/43MB, paused 781us total 27.063ms
08-04 19:29:07.104 14460 14471 I art     : Starting a blocking GC Explicit
08-04 19:29:07.131 14460 14471 I art     : Explicit concurrent mark sweep GC freed 3(96B) AllocSpace objects, 0(0B) LOS objects, 36% free, 27MB/43MB, paused 763us total 26.695ms
08-04 19:29:07.466 14460 14491 I art     : Starting a blocking GC Explicit
08-04 19:29:07.499 14460 14491 I art     : Explicit concurrent mark sweep GC freed 1366(80KB) AllocSpace objects, 1(20KB) LOS objects, 36% free, 27MB/43MB, paused 905us total 32.761ms
08-04 19:29:07.509 14460 14491 I art     : Starting a blocking GC Explicit
08-04 19:29:07.536 14460 14491 I art     : Explicit concurrent mark sweep GC freed 23(752B) AllocSpace objects, 0(0B) LOS objects, 36% free, 27MB/43MB, paused 765us total 27.109ms
08-04 19:29:07.545 14460 14491 I art     : Starting a blocking GC Explicit
08-04 19:29:07.573 14460 14491 I art     : Explicit concurrent mark sweep GC freed 3(96B) AllocSpace objects, 0(0B) LOS objects, 36% free, 27MB/43MB, paused 766us total 27.498ms
08-04 19:29:07.583 14460 14491 I art     : Starting a blocking GC Explicit
08-04 19:29:07.609 14460 14491 I art     : Explicit concurrent mark sweep GC freed 3(96B) AllocSpace objects, 0(0B) LOS objects, 36% free, 27MB/43MB, paused 741us total 26.497ms
08-04 19:29:07.619 14460 14491 I art     : Starting a blocking GC Explicit
08-04 19:29:07.646 14460 14491 I art     : Explicit concurrent mark sweep GC freed 3(96B) AllocSpace objects, 0(0B) LOS objects, 36% free, 27MB/43MB, paused 741us total 26.141ms
08-04 19:29:07.965 14460 14472 I art     : Starting a blocking GC Explicit
08-04 19:29:08.001 14460 14472 I art     : Explicit concurrent mark sweep GC freed 1396(82KB) AllocSpace objects, 1(20KB) LOS objects, 36% free, 27MB/43MB, paused 826us total 34.718ms
08-04 19:29:08.012 14460 14472 I art     : Starting a blocking GC Explicit
08-04 19:29:08.039 14460 14472 I art     : Explicit concurrent mark sweep GC freed 23(752B) AllocSpace objects, 0(0B) LOS objects, 36% free, 27MB/43MB, paused 763us total 27.349ms
08-04 19:29:08.049 14460 14472 I art     : Starting a blocking GC Explicit
08-04 19:29:08.076 14460 14472 I art     : Explicit concurrent mark sweep GC freed 3(96B) AllocSpace objects, 0(0B) LOS objects, 36% free, 27MB/43MB, paused 741us total 26.728ms
08-04 19:29:08.085 14460 14472 I art     : Starting a blocking GC Explicit
08-04 19:29:08.112 14460 14472 I art     : Explicit concurrent mark sweep GC freed 3(96B) AllocSpace objects, 0(0B) LOS objects, 36% free, 27MB/43MB, paused 728us total 26.408ms
08-04 19:29:08.121 14460 14472 I art     : Starting a blocking GC Explicit
08-04 19:29:08.149 14460 14472 I art     : Explicit concurrent mark sweep GC freed 3(96B) AllocSpace objects, 0(0B) LOS objects, 36% free, 27MB/43MB, paused 749us total 27.327ms
08-04 19:29:08.262  7628  7628 I Atfwd_Sendcmd: AtCmdFwd service not ready - Exhausted retry attempts - :6
08-04 19:29:08.262  7628  7628 I Atfwd_Daemon: result : -1 	 ,Init step :2 	 ,qmiErrorCode: 0
08-04 19:29:08.411 14460 14910 I art     : Starting a blocking GC Explicit
08-04 19:29:08.438 14460 14910 I art     : Explicit concurrent mark sweep GC freed 1366(80KB) AllocSpace objects, 1(20KB) LOS objects, 36% free, 27MB/43MB, paused 841us total 26.738ms
08-04 19:29:08.447 14460 14910 I art     : Starting a blocking GC Explicit
08-04 19:29:08.473 14460 14910 I art     : Explicit concurrent mark sweep GC freed 23(752B) AllocSpace objects, 0(0B) LOS objects, 36% free, 27MB/43MB, paused 768us total 25.965ms
08-04 19:29:08.483 14460 14910 I art     : Starting a blocking GC Explicit
08-04 19:29:08.509 14460 14910 I art     : Explicit concurrent mark sweep GC freed 3(96B) AllocSpace objects, 0(0B) LOS objects, 36% free, 27MB/43MB, paused 739us total 25.920ms
08-04 19:29:08.518 14460 14910 I art     : Starting a blocking GC Explicit
08-04 19:29:08.544 14460 14910 I art     : Explicit concurrent mark sweep GC freed 3(96B) AllocSpace objects, 0(0B) LOS objects, 36% free, 27MB/43MB, paused 770us total 26.019ms
08-04 19:29:08.553 14460 14910 I art     : Starting a blocking GC Explicit
08-04 19:29:08.579 14460 14910 I art     : Explicit concurrent mark sweep GC freed 3(96B) AllocSpace objects, 0(0B) LOS objects, 36% free, 27MB/43MB, paused 776us total 25.876ms
08-04 19:29:08.617 15588 15588 D AndroidRuntime: >>>>>> START com.android.internal.os.RuntimeInit uid 2000 <<<<<<
08-04 19:29:08.622 15588 15588 D AndroidRuntime: CheckJNI is OFF
08-04 19:29:08.656 15588 15588 D ICU     : No timezone override file found: /data/misc/zoneinfo/current/icu/icu_tzdata.dat
08-04 19:29:08.691 15588 15588 I Radio-JNI: register_android_hardware_Radio DONE
08-04 19:29:08.716 15588 15588 D AndroidRuntime: Calling main entry com.android.commands.input.Input
08-04 19:29:08.717 15588 15588 I Input   : injectKeyEvent: KeyEvent { action=ACTION_DOWN, keyCode=KEYCODE_BACK, scanCode=0, metaState=0, flags=0x0, repeatCount=0, eventTime=732565130, downTime=732565130, deviceId=-1, source=0x101 }
08-04 19:29:08.724 15588 15588 I Input   : injectKeyEvent: KeyEvent { action=ACTION_UP, keyCode=KEYCODE_BACK, scanCode=0, metaState=0, flags=0x0, repeatCount=0, eventTime=732565130, downTime=732565130, deviceId=-1, source=0x101 }
08-04 19:29:08.729 15588 15588 D AndroidRuntime: Shutting down VM
08-04 19:29:08.736 14460 14460 V PlaybackController: initServiceNotRunning()
08-04 19:29:08.737 14460 14460 D ExternalPlayerFragment: Loading media info
08-04 19:29:08.738 14460 14460 D UserPreferences: Using default data folder
08-04 19:29:08.739 14460 14996 D DBReader: getNavDrawerData() called with: 
08-04 19:29:08.741 14460 14996 D DBReader: getDownloadedItems() called
08-04 19:29:08.742 14460 14996 D DBReader: getFavoriteIDList() called
08-04 19:29:08.742 14460 14996 D DBReader: getQueueIDList() called
08-04 19:29:08.743 14460 14996 D DBReader: Extracting Feedlist
08-04 19:29:08.773 14460 14460 D MainActivity: getLastNavFragment() -> AddFeedFragment
08-04 19:29:08.775 13866 13866 I GoogleInputMethodServic: GoogleInputMethodService.onFinishInput():3138 
08-04 19:29:08.775 13866 13866 I GoogleInputMethodServic: GoogleInputMethodService.onStartInput():1808 
08-04 19:29:08.789 14460 15388 D ApOkHttpUrlLoader: buildLoadData() called with: model = [https://content.production.cdn.art19.com/images/89/e0/88/44/89e08844-ac28-4fc0-96fa-15a41fec2014/262c12ed699a8d9720dea0bd66449d998e4a08cf18095bed170ccaa76722045fa5dbf7a366918b2db7e3acf29ad22f6b99fd659a9409cb807bf2781d968932f8.jpeg], width = [140], height = [140]
08-04 19:29:08.847 14460 14472 I art     : Starting a blocking GC Explicit
08-04 19:29:08.872 14460 14472 I art     : Explicit concurrent mark sweep GC freed 2471(172KB) AllocSpace objects, 1(20KB) LOS objects, 36% free, 27MB/43MB, paused 723us total 25.308ms
08-04 19:29:08.881 14460 14472 I art     : Starting a blocking GC Explicit
08-04 19:29:08.905 14460 14472 I art     : Explicit concurrent mark sweep GC freed 489(25KB) AllocSpace objects, 0(0B) LOS objects, 36% free, 27MB/43MB, paused 765us total 24.195ms
08-04 19:29:08.914 14460 14472 I art     : Starting a blocking GC Explicit
08-04 19:29:08.943 14460 14472 I art     : Explicit concurrent mark sweep GC freed 3(96B) AllocSpace objects, 0(0B) LOS objects, 36% free, 27MB/43MB, paused 883us total 29.414ms
08-04 19:29:08.953 14460 14472 I art     : Starting a blocking GC Explicit
08-04 19:29:08.981 14460 14472 I art     : Explicit concurrent mark sweep GC freed 217(19KB) AllocSpace objects, 0(0B) LOS objects, 36% free, 27MB/43MB, paused 775us total 28.315ms
08-04 19:29:08.991 14460 14472 I art     : Starting a blocking GC Explicit
08-04 19:29:09.016 14460 14472 I art     : Explicit concurrent mark sweep GC freed 17(768B) AllocSpace objects, 0(0B) LOS objects, 36% free, 27MB/43MB, paused 732us total 24.797ms
08-04 19:29:09.084   380   380 W SurfaceFlinger: couldn't log to binary event log: overflow.
08-04 19:29:09.277 14460 14471 I art     : Starting a blocking GC Explicit
08-04 19:29:09.305 14460 14471 I art     : Explicit concurrent mark sweep GC freed 2009(107KB) AllocSpace objects, 1(20KB) LOS objects, 36% free, 27MB/43MB, paused 774us total 28.197ms
08-04 19:29:09.315 14460 14471 I art     : Starting a blocking GC Explicit
08-04 19:29:09.341 14460 14471 I art     : Explicit concurrent mark sweep GC freed 2483(152KB) AllocSpace objects, 2(248KB) LOS objects, 36% free, 27MB/43MB, paused 753us total 26.062ms
08-04 19:29:09.350 14460 14471 I art     : Starting a blocking GC Explicit
08-04 19:29:09.376 14460 14471 I art     : Explicit concurrent mark sweep GC freed 3(96B) AllocSpace objects, 0(0B) LOS objects, 36% free, 27MB/43MB, paused 765us total 25.807ms
08-04 19:29:09.385 14460 14471 I art     : Starting a blocking GC Explicit
08-04 19:29:09.412 14460 14471 I art     : Explicit concurrent mark sweep GC freed 3(96B) AllocSpace objects, 0(0B) LOS objects, 36% free, 27MB/43MB, paused 762us total 26.634ms
08-04 19:29:09.422 14460 14471 I art     : Starting a blocking GC Explicit
08-04 19:29:09.448 14460 14471 I art     : Explicit concurrent mark sweep GC freed 3(96B) AllocSpace objects, 0(0B) LOS objects, 36% free, 27MB/43MB, paused 774us total 26.273ms
08-04 19:29:09.742 14460 14910 I art     : Starting a blocking GC Explicit
08-04 19:29:09.775 14460 14910 I art     : Explicit concurrent mark sweep GC freed 1398(83KB) AllocSpace objects, 1(20KB) LOS objects, 36% free, 27MB/43MB, paused 799us total 32.772ms
08-04 19:29:09.788 14460 14910 I art     : Starting a blocking GC Explicit
08-04 19:29:09.816 14460 14910 I art     : Explicit concurrent mark sweep GC freed 23(752B) AllocSpace objects, 0(0B) LOS objects, 36% free, 27MB/43MB, paused 768us total 27.757ms
08-04 19:29:09.825 14460 14910 I art     : Starting a blocking GC Explicit
08-04 19:29:09.852 14460 14910 I art     : Explicit concurrent mark sweep GC freed 3(96B) AllocSpace objects, 0(0B) LOS objects, 36% free, 27MB/43MB, paused 794us total 26.098ms
08-04 19:29:09.861 14460 14910 I art     : Starting a blocking GC Explicit
08-04 19:29:09.887 14460 14910 I art     : Explicit concurrent mark sweep GC freed 3(96B) AllocSpace objects, 0(0B) LOS objects, 36% free, 27MB/43MB, paused 828us total 26.115ms
08-04 19:29:09.897 14460 14910 I art     : Starting a blocking GC Explicit
08-04 19:29:09.923 14460 14910 I art     : Explicit concurrent mark sweep GC freed 3(96B) AllocSpace objects, 0(0B) LOS objects, 36% free, 27MB/43MB, paused 726us total 26.617ms
08-04 19:29:10.193 14460 14491 I art     : Starting a blocking GC Explicit
08-04 19:29:10.226 14460 14491 I art     : Explicit concurrent mark sweep GC freed 1368(80KB) AllocSpace objects, 1(20KB) LOS objects, 36% free, 27MB/43MB, paused 848us total 32.172ms
08-04 19:29:10.237 14460 14491 I art     : Starting a blocking GC Explicit
08-04 19:29:10.264 14460 14491 I art     : Explicit concurrent mark sweep GC freed 23(752B) AllocSpace objects, 0(0B) LOS objects, 36% free, 27MB/43MB, paused 764us total 26.170ms
08-04 19:29:10.274 14460 14491 I art     : Starting a blocking GC Explicit
08-04 19:29:10.299 14460 14491 I art     : Explicit concurrent mark sweep GC freed 3(96B) AllocSpace objects, 0(0B) LOS objects, 36% free, 27MB/43MB, paused 838us total 24.715ms
08-04 19:29:10.307 14460 14491 I art     : Starting a blocking GC Explicit
08-04 19:29:10.332 14460 14491 I art     : Explicit concurrent mark sweep GC freed 3(96B) AllocSpace objects, 0(0B) LOS objects, 36% free, 27MB/43MB, paused 753us total 24.301ms
08-04 19:29:10.340 14460 14491 I art     : Starting a blocking GC Explicit
08-04 19:29:10.365 14460 14491 I art     : Explicit concurrent mark sweep GC freed 3(96B) AllocSpace objects, 0(0B) LOS objects, 36% free, 27MB/43MB, paused 740us total 24.172ms
08-04 19:29:10.400 15642 15642 D AndroidRuntime: >>>>>> START com.android.internal.os.RuntimeInit uid 2000 <<<<<<
08-04 19:29:10.405 15642 15642 D AndroidRuntime: CheckJNI is OFF
08-04 19:29:10.438 15642 15642 D ICU     : No timezone override file found: /data/misc/zoneinfo/current/icu/icu_tzdata.dat
08-04 19:29:10.468 15642 15642 I Radio-JNI: register_android_hardware_Radio DONE
08-04 19:29:10.489 15642 15642 D AndroidRuntime: Calling main entry com.android.commands.input.Input
08-04 19:29:10.491 15642 15642 I Input   : injectMotionEvent: MotionEvent { action=ACTION_DOWN, actionButton=0, id[0]=0, x[0]=639.0, y[0]=762.0, toolType[0]=TOOL_TYPE_UNKNOWN, buttonState=0, metaState=0, flags=0x0, edgeFlags=0x0, pointerCount=1, historySize=0, eventTime=732566903, downTime=732566903, deviceId=0, source=0x1002 }
08-04 19:29:10.498 15642 15642 I Input   : injectMotionEvent: MotionEvent { action=ACTION_UP, actionButton=0, id[0]=0, x[0]=639.0, y[0]=762.0, toolType[0]=TOOL_TYPE_UNKNOWN, buttonState=0, metaState=0, flags=0x0, edgeFlags=0x0, pointerCount=1, historySize=0, eventTime=732566903, downTime=732566903, deviceId=0, source=0x1002 }
08-04 19:29:10.500 15642 15642 D AndroidRuntime: Shutting down VM
08-04 19:29:10.573   512  2967 D audio_hw_primary: out_set_parameters: enter: usecase(1: low-latency-playback) kvpairs: routing=2
08-04 19:29:10.586   512  2967 D audio_hw_primary: select_devices: out_snd_device(2: speaker) in_snd_device(0: none)
08-04 19:29:10.586   512  2967 D msm8974_platform: platform_send_audio_calibration: sending audio calibration for snd_device(2) acdb_id(15)
08-04 19:29:10.586   512  2967 I soundtrigger: audio_extn_sound_trigger_update_device_status: device 0x2 of type 0 for Event 1
08-04 19:29:10.592 13866 13866 I GoogleInputMethodServic: GoogleInputMethodService.onFinishInput():3138 
08-04 19:29:10.592 13866 13866 I GoogleInputMethodServic: GoogleInputMethodService.onStartInput():1808 
08-04 19:29:10.597   512  2967 D audio_hw_primary: enable_snd_device: snd_device(2: speaker)
08-04 19:29:10.601   512  2967 D audio_hw_primary: enable_audio_route: apply and update mixer path: low-latency-playback speaker
08-04 19:29:10.627 14460 14491 I art     : Starting a blocking GC Explicit
08-04 19:29:10.651 14460 14491 I art     : Explicit concurrent mark sweep GC freed 1631(91KB) AllocSpace objects, 1(20KB) LOS objects, 36% free, 27MB/43MB, paused 805us total 23.874ms
08-04 19:29:10.660 14460 14491 I art     : Starting a blocking GC Explicit
08-04 19:29:10.685 14460 14491 I art     : Explicit concurrent mark sweep GC freed 45(1584B) AllocSpace objects, 0(0B) LOS objects, 36% free, 27MB/43MB, paused 805us total 24.938ms
08-04 19:29:10.693 14460 14491 I art     : Starting a blocking GC Explicit
08-04 19:29:10.718 14460 14491 I art     : Explicit concurrent mark sweep GC freed 13(480B) AllocSpace objects, 0(0B) LOS objects, 36% free, 27MB/43MB, paused 809us total 24.523ms
08-04 19:29:10.727 14460 14491 I art     : Starting a blocking GC Explicit
08-04 19:29:10.752 14460 14491 I art     : Explicit concurrent mark sweep GC freed 42(1264B) AllocSpace objects, 0(0B) LOS objects, 36% free, 27MB/43MB, paused 793us total 24.716ms
08-04 19:29:10.761 14460 14491 I art     : Starting a blocking GC Explicit
08-04 19:29:10.785 14460 14491 I art     : Explicit concurrent mark sweep GC freed 51(2128B) AllocSpace objects, 0(0B) LOS objects, 36% free, 27MB/43MB, paused 962us total 23.777ms
08-04 19:29:10.786 14460 14480 I NAPPA_EXPERIMENTATION: MetricNetworkRequestExecutionTime: REQUEST_DURATION_SYSTEM='214',REQUEST_DURATION_OKHTTP='213',REQUEST_SYNCHRONOUS='TRUE',RESPONSE_CODE='200',RESPONSE_METHOD='GET',RESPONSE_LENGTH_OKHTTP='-1',RESPONSE_LENGTH_HEADER='622',REQUEST_PROTOCOL='h2',REQUEST_URL='https://itunes.apple.com/lookup?id=360084272',
08-04 19:29:10.805   918  3961 I ActivityManager: START u0 {cmp=baseline.de.danoeh.antennapod.debug/baseline.de.danoeh.antennapod.activity.OnlineFeedViewActivity (has extras)} from uid 10670 on display 0
08-04 19:29:10.826 13866 13866 I GoogleInputMethodServic: GoogleInputMethodService.onFinishInput():3138 
08-04 19:29:10.827 13866 13866 I GoogleInputMethodServic: GoogleInputMethodService.onStartInput():1808 
08-04 19:29:10.846 14460 14460 D UserPreferences: Using default data folder
08-04 19:29:10.848 14460 14460 D OnlineFeedViewActivity: Activity was started with url http://joeroganexp.joerogan.libsynpro.com/rss
08-04 19:29:10.850 14460 14460 D OnlineFeedViewActivity: Starting feed download
08-04 19:29:10.853 14460 14995 D DBReader: Extracting Feedlist
08-04 19:29:10.854   918  3696 D WifiService: acquireWifiLockLocked: WifiLock{Downloader type=1 binder=android.os.BinderProxy@d7fc99f}
08-04 19:29:10.855 14460 14995 D AntennapodHttpClient: Creating new instance of HTTP client
08-04 19:29:10.892 14460 14995 D MYTAG   : interceptor 3a http://joeroganexp.joerogan.libsynpro.com/rss
08-04 19:29:10.892 14460 14995 I NAPPA_EXPERIMENTATION: MetricNetworkRequestExecutionTime: REQUEST_DURATION_SYSTEM='36',REQUEST_DURATION_OKHTTP='30',REQUEST_SYNCHRONOUS='TRUE',RESPONSE_CODE='200',RESPONSE_METHOD='GET',RESPONSE_LENGTH_OKHTTP='-1',RESPONSE_LENGTH_HEADER='307892',REQUEST_PROTOCOL='http/1.1',REQUEST_URL='http://joeroganexp.joerogan.libsynpro.com/rss',
08-04 19:29:10.892 14460 14995 D HttpDownloader: Response code is 200
08-04 19:29:10.892 14460 14995 D UserPreferences: Using default data folder
08-04 19:29:10.894 14460 14995 D HttpDownloader: Getting size of download
08-04 19:29:10.894 14460 14995 D HttpDownloader: Size is -1
08-04 19:29:10.894 14460 14995 D UserPreferences: Using default data folder
08-04 19:29:10.894 14460 14995 D HttpDownloader: Free space is 20234121216
08-04 19:29:10.894 14460 14995 D HttpDownloader: Starting download
08-04 19:29:10.914 13866 13866 I GoogleInputMethodServic: GoogleInputMethodService.onFinishInput():3138 
08-04 19:29:10.915 13866 13866 I GoogleInputMethodServic: GoogleInputMethodService.onStartInput():1808 
08-04 19:29:10.949   918   936 I ActivityManager: Displayed baseline.de.danoeh.antennapod.debug/baseline.de.danoeh.antennapod.activity.OnlineFeedViewActivity: +122ms
08-04 19:29:11.012 14460 14995 D HttpDownloader: Download was successful
08-04 19:29:11.012   918  3961 D WifiService: releaseWifiLockLocked: WifiLock{Downloader type=1 binder=android.os.BinderProxy@d7fc99f}
08-04 19:29:11.013 14460 14460 D OnlineFeedViewActivity: Parsing feed
08-04 19:29:11.017 14460 15686 D TypeGetter: Recognized type RSS 2.0
08-04 19:29:11.020 14460 15686 D SyndHandler: Recognized Atom namespace
08-04 19:29:11.020 14460 15686 D SyndHandler: Recognized ITunes namespace
08-04 19:29:11.020 14460 15686 D SyndHandler: Recognized media namespace
08-04 19:29:11.020 14460 15686 D SyndHandler: Recognized Content namespace
08-04 19:29:11.040 14460 14910 I art     : Starting a blocking GC Explicit
08-04 19:29:11.067 14460 14910 I art     : Explicit concurrent mark sweep GC freed 6345(534KB) AllocSpace objects, 4(80KB) LOS objects, 36% free, 27MB/43MB, paused 950us total 26.461ms
08-04 19:29:11.079 14460 14910 I art     : Starting a blocking GC Explicit
08-04 19:29:11.111 14460 14910 I art     : Explicit concurrent mark sweep GC freed 3351(165KB) AllocSpace objects, 0(0B) LOS objects, 36% free, 27MB/43MB, paused 1.297ms total 32.602ms
08-04 19:29:11.120 14460 14910 I art     : Starting a blocking GC Explicit
08-04 19:29:11.139   512  2967 D audio_hw_primary: disable_audio_route: reset and update mixer path: low-latency-playback speaker
08-04 19:29:11.141   512  2967 D audio_hw_primary: disable_snd_device: snd_device(2: speaker)
08-04 19:29:11.148 14460 14910 I art     : Explicit concurrent mark sweep GC freed 2716(139KB) AllocSpace objects, 0(0B) LOS objects, 36% free, 28MB/44MB, paused 994us total 27.414ms
08-04 19:29:11.149   512  2967 I soundtrigger: audio_extn_sound_trigger_update_device_status: device 0x2 of type 0 for Event 0
08-04 19:29:11.158 14460 14910 I art     : Starting a blocking GC Explicit
08-04 19:29:11.186 14460 14910 I art     : Explicit concurrent mark sweep GC freed 2730(143KB) AllocSpace objects, 0(0B) LOS objects, 36% free, 28MB/44MB, paused 1.031ms total 27.072ms
08-04 19:29:11.196 14460 14910 I art     : Starting a blocking GC Explicit
08-04 19:29:11.204   380   380 W SurfaceFlinger: couldn't log to binary event log: overflow.
08-04 19:29:11.223 14460 14910 I art     : Explicit concurrent mark sweep GC freed 2716(135KB) AllocSpace objects, 0(0B) LOS objects, 36% free, 28MB/44MB, paused 936us total 26.846ms
08-04 19:29:11.342 14460 14460 D PlaybackController: Releasing PlaybackController
08-04 19:29:11.502 14460 14471 I art     : Starting a blocking GC Explicit
08-04 19:29:11.537 14460 14471 I art     : Explicit concurrent mark sweep GC freed 23912(1289KB) AllocSpace objects, 1(20KB) LOS objects, 35% free, 28MB/44MB, paused 1.140ms total 34.955ms
08-04 19:29:11.548 14460 14471 I art     : Starting a blocking GC Explicit
08-04 19:29:11.575 14460 14471 I art     : Explicit concurrent mark sweep GC freed 7683(361KB) AllocSpace objects, 0(0B) LOS objects, 35% free, 28MB/44MB, paused 1.883ms total 26.885ms
08-04 19:29:11.585 14460 14471 I art     : Starting a blocking GC Explicit
08-04 19:29:11.611 14460 14471 I art     : Explicit concurrent mark sweep GC freed 4343(215KB) AllocSpace objects, 0(0B) LOS objects, 35% free, 28MB/44MB, paused 994us total 25.781ms
08-04 19:29:11.620 14460 14471 I art     : Starting a blocking GC Explicit
08-04 19:29:11.646 14460 14471 I art     : Explicit concurrent mark sweep GC freed 2789(138KB) AllocSpace objects, 0(0B) LOS objects, 35% free, 28MB/44MB, paused 1.054ms total 26.768ms
08-04 19:29:11.655 14460 14471 I art     : Starting a blocking GC Explicit
08-04 19:29:11.683 14460 14471 I art     : Explicit concurrent mark sweep GC freed 2952(147KB) AllocSpace objects, 0(0B) LOS objects, 35% free, 28MB/44MB, paused 1.049ms total 26.974ms
08-04 19:29:11.968 14460 14472 I art     : Starting a blocking GC Explicit
08-04 19:29:12.005 14460 14472 I art     : Explicit concurrent mark sweep GC freed 24698(1322KB) AllocSpace objects, 1(20KB) LOS objects, 35% free, 29MB/45MB, paused 1.135ms total 36.749ms
08-04 19:29:12.016 14460 14472 I art     : Starting a blocking GC Explicit
08-04 19:29:12.045 14460 14472 I art     : Explicit concurrent mark sweep GC freed 9387(457KB) AllocSpace objects, 0(0B) LOS objects, 35% free, 29MB/45MB, paused 1.194ms total 28.629ms
08-04 19:29:12.054 14460 14472 I art     : Starting a blocking GC Explicit
08-04 19:29:12.083 14460 14472 I art     : Explicit concurrent mark sweep GC freed 3291(170KB) AllocSpace objects, 0(0B) LOS objects, 35% free, 29MB/45MB, paused 1.081ms total 28.433ms
08-04 19:29:12.092 14460 14472 I art     : Starting a blocking GC Explicit
08-04 19:29:12.120 14460 14472 I art     : Explicit concurrent mark sweep GC freed 3020(151KB) AllocSpace objects, 0(0B) LOS objects, 35% free, 29MB/45MB, paused 1.075ms total 28.030ms
08-04 19:29:12.130 14460 14472 I art     : Starting a blocking GC Explicit
08-04 19:29:12.159 14460 14472 I art     : Explicit concurrent mark sweep GC freed 3052(152KB) AllocSpace objects, 0(0B) LOS objects, 35% free, 29MB/45MB, paused 1.029ms total 28.994ms
08-04 19:29:12.454   518   646 I ThermalEngine: ACTION: GPU - Setting GPU[0] to 450000000
08-04 19:29:12.466 14460 14471 I art     : Starting a blocking GC Explicit
08-04 19:29:12.517 14460 14471 I art     : Explicit concurrent mark sweep GC freed 25643(1414KB) AllocSpace objects, 1(20KB) LOS objects, 34% free, 30MB/46MB, paused 1.464ms total 50.282ms
08-04 19:29:12.530 14460 14471 I art     : Starting a blocking GC Explicit
08-04 19:29:12.573 14460 14471 I art     : Explicit concurrent mark sweep GC freed 4628(244KB) AllocSpace objects, 0(0B) LOS objects, 34% free, 30MB/46MB, paused 1.646ms total 42.068ms
08-04 19:29:12.586 14460 14471 I art     : Starting a blocking GC Explicit
08-04 19:29:12.624 14460 14471 I art     : Explicit concurrent mark sweep GC freed 9074(444KB) AllocSpace objects, 0(0B) LOS objects, 34% free, 29MB/45MB, paused 1.231ms total 37.773ms
08-04 19:29:12.636 14460 14471 I art     : Starting a blocking GC Explicit
08-04 19:29:12.676 14460 14471 I art     : Explicit concurrent mark sweep GC freed 3082(162KB) AllocSpace objects, 0(0B) LOS objects, 34% free, 30MB/46MB, paused 1.538ms total 39.464ms
08-04 19:29:12.689 14460 14471 I art     : Starting a blocking GC Explicit
08-04 19:29:12.729 14460 14471 I art     : Explicit concurrent mark sweep GC freed 3080(154KB) AllocSpace objects, 0(0B) LOS objects, 34% free, 30MB/46MB, paused 1.362ms total 39.643ms
08-04 19:29:13.062 14460 14471 I art     : Starting a blocking GC Explicit
08-04 19:29:13.113 14460 14471 I art     : Explicit concurrent mark sweep GC freed 21731(1165KB) AllocSpace objects, 1(20KB) LOS objects, 34% free, 30MB/46MB, paused 1.686ms total 50.615ms
08-04 19:29:13.128 14460 14471 I art     : Starting a blocking GC Explicit
08-04 19:29:13.171 14460 14471 I art     : Explicit concurrent mark sweep GC freed 4440(269KB) AllocSpace objects, 0(0B) LOS objects, 34% free, 30MB/46MB, paused 1.578ms total 42.463ms
08-04 19:29:13.185 14460 14471 I art     : Starting a blocking GC Explicit
08-04 19:29:13.225 14460 14471 I art     : Explicit concurrent mark sweep GC freed 8143(383KB) AllocSpace objects, 0(0B) LOS objects, 34% free, 30MB/46MB, paused 1.329ms total 40.223ms
08-04 19:29:13.239 14460 14471 I art     : Starting a blocking GC Explicit
08-04 19:29:13.279 14460 14471 I art     : Explicit concurrent mark sweep GC freed 3332(141KB) AllocSpace objects, 0(0B) LOS objects, 34% free, 30MB/46MB, paused 1.519ms total 40.054ms
08-04 19:29:13.292 14460 14471 I art     : Starting a blocking GC Explicit
08-04 19:29:13.330 14460 14471 I art     : Explicit concurrent mark sweep GC freed 3236(137KB) AllocSpace objects, 0(0B) LOS objects, 34% free, 30MB/46MB, paused 1.449ms total 38.444ms
08-04 19:29:13.655 14460 14910 I art     : Starting a blocking GC Explicit
08-04 19:29:13.705 14460 14910 I art     : Explicit concurrent mark sweep GC freed 21692(978KB) AllocSpace objects, 1(20KB) LOS objects, 33% free, 31MB/47MB, paused 1.569ms total 49.824ms
08-04 19:29:13.720 14460 14910 I art     : Starting a blocking GC Explicit
08-04 19:29:13.745 14460 15686 D OnlineFeedViewActivity: Deleted feed source file. Result: true
08-04 19:29:13.759 14460 14460 D OnlineFeedViewActivity: Removing HTML from shownotes
08-04 19:29:13.764 14460 14910 I art     : Explicit concurrent mark sweep GC freed 5284(267KB) AllocSpace objects, 2(136KB) LOS objects, 33% free, 31MB/47MB, paused 1.343ms total 43.681ms
08-04 19:29:13.778 14460 14910 I art     : Starting a blocking GC Explicit
08-04 19:29:13.825 14460 14910 I art     : Explicit concurrent mark sweep GC freed 38623(2MB) AllocSpace objects, 150(9MB) LOS objects, 33% free, 32MB/48MB, paused 1.435ms total 47.191ms
08-04 19:29:13.840 14460 14910 I art     : Starting a blocking GC Explicit
08-04 19:29:13.890 14460 14910 I art     : Explicit concurrent mark sweep GC freed 41285(3MB) AllocSpace objects, 178(11MB) LOS objects, 32% free, 32MB/48MB, paused 1.421ms total 50.221ms
08-04 19:29:13.905 14460 14910 I art     : Starting a blocking GC Explicit
08-04 19:29:13.958 14460 14910 I art     : Explicit concurrent mark sweep GC freed 43160(3MB) AllocSpace objects, 197(13MB) LOS objects, 33% free, 32MB/48MB, paused 1.564ms total 53.031ms
08-04 19:29:14.265 14460 14471 I art     : Starting a blocking GC Explicit
08-04 19:29:14.318 14460 14471 I art     : Explicit concurrent mark sweep GC freed 41174(4MB) AllocSpace objects, 304(20MB) LOS objects, 33% free, 31MB/47MB, paused 1.399ms total 52.680ms
08-04 19:29:14.328 14460 15388 D ApOkHttpUrlLoader: buildLoadData() called with: model = [http://static.libsyn.com/p/assets/7/1/f/3/71f3014e14ef2722/JREiTunesImage2.jpg], width = [350], height = [350]
08-04 19:29:14.328 14460 14460 I Choreographer: Skipped 33 frames!  The application may be doing too much work on its main thread.
08-04 19:29:14.330 14460 15213 D DBReader: getImageAuthentication() called with: imageUrl = [http://static.libsyn.com/p/assets/7/1/f/3/71f3014e14ef2722/JREiTunesImage2.jpg]
08-04 19:29:14.332 14460 15213 D ApOkHttpUrlLoader: no credentials for 'http://static.libsyn.com/p/assets/7/1/f/3/71f3014e14ef2722/JREiTunesImage2.jpg'
08-04 19:29:14.333 14460 14471 I art     : Starting a blocking GC Explicit
08-04 19:29:14.378 14460 14471 I art     : Explicit concurrent mark sweep GC freed 2579(200KB) AllocSpace objects, 6(408KB) LOS objects, 34% free, 31MB/47MB, paused 1.345ms total 45.248ms
08-04 19:29:14.393 14460 14471 I art     : Starting a blocking GC Explicit
08-04 19:29:14.442 14460 14471 I art     : Explicit concurrent mark sweep GC freed 660(30KB) AllocSpace objects, 1(112KB) LOS objects, 34% free, 30MB/46MB, paused 1.210ms total 48.527ms
08-04 19:29:14.457 14460 14471 I art     : Starting a blocking GC Explicit
08-04 19:29:14.472 14460 15213 D MYTAG   : interceptor 2a
08-04 19:29:14.474 14460 15213 I NAPPA_EXPERIMENTATION: MetricNetworkRequestExecutionTime: REQUEST_DURATION_SYSTEM='139',REQUEST_DURATION_OKHTTP='31',REQUEST_SYNCHRONOUS='TRUE',RESPONSE_CODE='200',RESPONSE_METHOD='GET',RESPONSE_LENGTH_OKHTTP='402832',RESPONSE_LENGTH_HEADER='402832',REQUEST_PROTOCOL='http/1.1',REQUEST_URL='http://static.libsyn.com/p/assets/7/1/f/3/71f3014e14ef2722/JREiTunesImage2.jpg',
08-04 19:29:14.504 14460 14471 I art     : Explicit concurrent mark sweep GC freed 182(18KB) AllocSpace objects, 0(0B) LOS objects, 34% free, 30MB/46MB, paused 1.170ms total 46.183ms
08-04 19:29:14.519 14460 14471 I art     : Starting a blocking GC Explicit
08-04 19:29:14.565 14460 14471 I art     : Explicit concurrent mark sweep GC freed 32(1408B) AllocSpace objects, 0(0B) LOS objects, 34% free, 30MB/46MB, paused 1.131ms total 46.111ms
08-04 19:29:14.854 14460 14491 I art     : Starting a blocking GC Explicit
08-04 19:29:14.903 14460 14491 I art     : Explicit concurrent mark sweep GC freed 1562(98KB) AllocSpace objects, 1(20KB) LOS objects, 33% free, 31MB/47MB, paused 1.077ms total 48.823ms
08-04 19:29:14.918 14460 14491 I art     : Starting a blocking GC Explicit
08-04 19:29:14.965 14460 14491 I art     : Explicit concurrent mark sweep GC freed 42(1312B) AllocSpace objects, 0(0B) LOS objects, 33% free, 31MB/47MB, paused 1.122ms total 46.313ms
08-04 19:29:14.980 14460 14491 I art     : Starting a blocking GC Explicit
08-04 19:29:15.028 14460 14491 I art     : Explicit concurrent mark sweep GC freed 3(96B) AllocSpace objects, 0(0B) LOS objects, 33% free, 31MB/47MB, paused 1.129ms total 47.406ms
08-04 19:29:15.042 14460 14491 I art     : Starting a blocking GC Explicit
08-04 19:29:15.091 14460 14491 I art     : Explicit concurrent mark sweep GC freed 3(96B) AllocSpace objects, 0(0B) LOS objects, 33% free, 31MB/47MB, paused 1.088ms total 47.956ms
08-04 19:29:15.106 14460 14491 I art     : Starting a blocking GC Explicit
08-04 19:29:15.155 14460 14491 I art     : Explicit concurrent mark sweep GC freed 3(96B) AllocSpace objects, 0(0B) LOS objects, 33% free, 31MB/47MB, paused 1.107ms total 48.608ms
08-04 19:29:15.282 15750 15750 D AndroidRuntime: >>>>>> START com.android.internal.os.RuntimeInit uid 2000 <<<<<<
08-04 19:29:15.289 15750 15750 D AndroidRuntime: CheckJNI is OFF
08-04 19:29:15.336 15750 15750 D ICU     : No timezone override file found: /data/misc/zoneinfo/current/icu/icu_tzdata.dat
08-04 19:29:15.378 15750 15750 I Radio-JNI: register_android_hardware_Radio DONE
08-04 19:29:15.406 15750 15750 D AndroidRuntime: Calling main entry com.android.commands.input.Input
08-04 19:29:15.408 15750 15750 I Input   : injectMotionEvent: MotionEvent { action=ACTION_DOWN, actionButton=0, id[0]=0, x[0]=693.0, y[0]=821.0, toolType[0]=TOOL_TYPE_UNKNOWN, buttonState=0, metaState=0, flags=0x0, edgeFlags=0x0, pointerCount=1, historySize=0, eventTime=732571821, downTime=732571821, deviceId=0, source=0x1002 }
08-04 19:29:15.413 15750 15750 I Input   : injectMotionEvent: MotionEvent { action=ACTION_UP, actionButton=0, id[0]=0, x[0]=693.0, y[0]=821.0, toolType[0]=TOOL_TYPE_UNKNOWN, buttonState=0, metaState=0, flags=0x0, edgeFlags=0x0, pointerCount=1, historySize=0, eventTime=732571821, downTime=732571821, deviceId=0, source=0x1002 }
08-04 19:29:15.415 15750 15750 D AndroidRuntime: Shutting down VM
08-04 19:29:15.427 14460 14460 D UserPreferences: Using default data folder
08-04 19:29:15.428 14460 14460 D DownloadRequester: partiallyDownloadedFileExists: false
08-04 19:29:15.428 14460 14460 D DownloadRequester: /storage/emulated/0/Android/data/baseline.de.danoeh.antennapod.debug/files/cache/feed-The Joe Rogan Experience is available as a download destination
08-04 19:29:15.428 14460 14460 D DownloadRequester: Requesting download of url http://joeroganexp.joerogan.libsynpro.com/rss
08-04 19:29:15.429   512  2967 D audio_hw_primary: out_set_parameters: enter: usecase(1: low-latency-playback) kvpairs: routing=2
08-04 19:29:15.433 14460 14460 D DownloadService: Service started
08-04 19:29:15.437 14460 14460 D DownloadService: parallel downloads: 4
08-04 19:29:15.439 14460 14460 D DownloadService: Notification set up
08-04 19:29:15.442 14460 15781 D downloadCompletionThd: downloadCompletionThread was started
08-04 19:29:15.442   512  2967 D audio_hw_primary: select_devices: out_snd_device(2: speaker) in_snd_device(0: none)
08-04 19:29:15.443   512  2967 D msm8974_platform: platform_send_audio_calibration: sending audio calibration for snd_device(2) acdb_id(15)
08-04 19:29:15.443   512  2967 I soundtrigger: audio_extn_sound_trigger_update_device_status: device 0x2 of type 0 for Event 1
08-04 19:29:15.448 14460 14460 D DownloadService: Received enqueue request
08-04 19:29:15.448 14460 14460 D OnlineFeedViewActivity: onEventMainThread() called with: event = [DownloadEvent{update=DownloaderUpdate{downloaders=[baseline.de.danoeh.antennapod.core.service.download.HttpDownloader@b35a412], feedIds=[0], mediaIds=[]}}]
08-04 19:29:15.449 14460 14460 D DownloadService: 1 downloads left
08-04 19:29:15.449 14460 14460 D DownloadService: Setting up notification updater
08-04 19:29:15.453   918  5952 D WifiService: acquireWifiLockLocked: WifiLock{Downloader type=1 binder=android.os.BinderProxy@a80dbee}
08-04 19:29:15.456   512  2967 D audio_hw_primary: enable_snd_device: snd_device(2: speaker)
08-04 19:29:15.457 14460 15783 D AntennapodHttpClient: Creating new instance of HTTP client
08-04 19:29:15.460   512  2967 D audio_hw_primary: enable_audio_route: apply and update mixer path: low-latency-playback speaker
08-04 19:29:15.497 14460 14472 I art     : Starting a blocking GC Explicit
08-04 19:29:15.540 14460 14472 I art     : Explicit concurrent mark sweep GC freed 2461(138KB) AllocSpace objects, 1(20KB) LOS objects, 33% free, 31MB/47MB, paused 1.195ms total 42.225ms
08-04 19:29:15.553 14460 14472 I art     : Starting a blocking GC Explicit
08-04 19:29:15.597 14460 14472 I art     : Explicit concurrent mark sweep GC freed 59(2496B) AllocSpace objects, 0(0B) LOS objects, 33% free, 31MB/47MB, paused 1.295ms total 43.612ms
08-04 19:29:15.598 14460 15783 D MYTAG   : interceptor 3a http://joeroganexp.joerogan.libsynpro.com/rss
08-04 19:29:15.598 14460 15783 I NAPPA_EXPERIMENTATION: MetricNetworkRequestExecutionTime: REQUEST_DURATION_SYSTEM='140',REQUEST_DURATION_OKHTTP='31',REQUEST_SYNCHRONOUS='TRUE',RESPONSE_CODE='200',RESPONSE_METHOD='GET',RESPONSE_LENGTH_OKHTTP='-1',RESPONSE_LENGTH_HEADER='307892',REQUEST_PROTOCOL='http/1.1',REQUEST_URL='http://joeroganexp.joerogan.libsynpro.com/rss',
08-04 19:29:15.598 14460 15783 D HttpDownloader: Response code is 200
08-04 19:29:15.598 14460 15783 D UserPreferences: Using default data folder
08-04 19:29:15.600 14460 15783 D HttpDownloader: Getting size of download
08-04 19:29:15.600 14460 15783 D HttpDownloader: Size is -1
08-04 19:29:15.600 14460 15783 D UserPreferences: Using default data folder
08-04 19:29:15.600 14460 15783 D HttpDownloader: Free space is 20233662464
08-04 19:29:15.600 14460 15783 D HttpDownloader: Starting download
08-04 19:29:15.611 14460 14472 I art     : Starting a blocking GC Explicit
08-04 19:29:15.652 14460 14472 I art     : Explicit concurrent mark sweep GC freed 201(17KB) AllocSpace objects, 0(0B) LOS objects, 33% free, 31MB/47MB, paused 1.123ms total 40.907ms
08-04 19:29:15.667 14460 14472 I art     : Starting a blocking GC Explicit
08-04 19:29:15.707 14460 14472 I art     : Explicit concurrent mark sweep GC freed 6(192B) AllocSpace objects, 0(0B) LOS objects, 33% free, 31MB/47MB, paused 1.153ms total 40.507ms
08-04 19:29:15.721 14460 14472 I art     : Starting a blocking GC Explicit
08-04 19:29:15.724 14460 15783 D HttpDownloader: Download was successful
08-04 19:29:15.725   918  3696 D WifiService: releaseWifiLockLocked: WifiLock{Downloader type=1 binder=android.os.BinderProxy@a80dbee}
08-04 19:29:15.726 14460 15781 D downloadCompletionThd: Received 'Download Complete' - message.
08-04 19:29:15.726 14460 15781 D DownloadService: Handling completed Feed Download
08-04 19:29:15.727 14460 15782 D FeedSyncThread: Waiting for 3000 ms
08-04 19:29:15.727 14460 14460 D DownloadService: Removing downloader: http://joeroganexp.joerogan.libsynpro.com/rss
08-04 19:29:15.727 14460 14460 D DownloadService: Result of downloads.remove: true
08-04 19:29:15.728 14460 14460 D OnlineFeedViewActivity: onEventMainThread() called with: event = [DownloadEvent{update=DownloaderUpdate{downloaders=[], feedIds=[], mediaIds=[]}}]
08-04 19:29:15.733 14460 15786 D TypeGetter: Recognized type RSS 2.0
08-04 19:29:15.735 14460 15786 D SyndHandler: Recognized Atom namespace
08-04 19:29:15.736 14460 15786 D SyndHandler: Recognized ITunes namespace
08-04 19:29:15.736 14460 15786 D SyndHandler: Recognized media namespace
08-04 19:29:15.736 14460 15786 D SyndHandler: Recognized Content namespace
08-04 19:29:15.765 14460 14472 I art     : Explicit concurrent mark sweep GC freed 1406(193KB) AllocSpace objects, 3(60KB) LOS objects, 33% free, 31MB/47MB, paused 1.419ms total 43.284ms
08-04 19:29:15.999   512  2967 D audio_hw_primary: disable_audio_route: reset and update mixer path: low-latency-playback speaker
08-04 19:29:16.000   512  2967 D audio_hw_primary: disable_snd_device: snd_device(2: speaker)
08-04 19:29:16.008   512  2967 I soundtrigger: audio_extn_sound_trigger_update_device_status: device 0x2 of type 0 for Event 0
08-04 19:29:16.073 14460 14472 I art     : Starting a blocking GC Explicit
08-04 19:29:16.129 14460 14472 I art     : Explicit concurrent mark sweep GC freed 20275(1115KB) AllocSpace objects, 1(20KB) LOS objects, 33% free, 32MB/48MB, paused 1.565ms total 55.677ms
08-04 19:29:16.145 14460 14472 I art     : Starting a blocking GC Explicit
08-04 19:29:16.191 14460 14472 I art     : Explicit concurrent mark sweep GC freed 8651(414KB) AllocSpace objects, 0(0B) LOS objects, 33% free, 32MB/48MB, paused 1.500ms total 45.527ms
08-04 19:29:16.205 14460 14472 I art     : Starting a blocking GC Explicit
08-04 19:29:16.250 14460 14472 I art     : Explicit concurrent mark sweep GC freed 3919(198KB) AllocSpace objects, 0(0B) LOS objects, 33% free, 32MB/48MB, paused 1.375ms total 45.195ms
08-04 19:29:16.264 14460 14472 I art     : Starting a blocking GC Explicit
08-04 19:29:16.309 14460 14472 I art     : Explicit concurrent mark sweep GC freed 3583(182KB) AllocSpace objects, 0(0B) LOS objects, 33% free, 32MB/48MB, paused 1.597ms total 44.495ms
08-04 19:29:16.324 14460 14472 I art     : Starting a blocking GC Explicit
08-04 19:29:16.373 14460 14472 I art     : Explicit concurrent mark sweep GC freed 3675(188KB) AllocSpace objects, 0(0B) LOS objects, 33% free, 32MB/48MB, paused 1.557ms total 48.994ms
08-04 19:29:16.685 14460 14471 I art     : Starting a blocking GC Explicit
08-04 19:29:16.745 14460 14471 I art     : Explicit concurrent mark sweep GC freed 20744(1092KB) AllocSpace objects, 1(20KB) LOS objects, 32% free, 32MB/48MB, paused 1.615ms total 60.364ms
08-04 19:29:16.761 14460 14471 I art     : Starting a blocking GC Explicit
08-04 19:29:16.810 14460 14471 I art     : Explicit concurrent mark sweep GC freed 8936(431KB) AllocSpace objects, 0(0B) LOS objects, 32% free, 32MB/48MB, paused 1.782ms total 48.669ms
08-04 19:29:16.825 14460 14471 I art     : Starting a blocking GC Explicit
08-04 19:29:16.874 14460 14471 I art     : Explicit concurrent mark sweep GC freed 3887(201KB) AllocSpace objects, 0(0B) LOS objects, 32% free, 32MB/48MB, paused 1.483ms total 48.298ms
08-04 19:29:16.889 14460 14471 I art     : Starting a blocking GC Explicit
08-04 19:29:16.939 14460 14471 I art     : Explicit concurrent mark sweep GC freed 3877(192KB) AllocSpace objects, 0(0B) LOS objects, 32% free, 32MB/48MB, paused 1.620ms total 49.975ms
08-04 19:29:16.955 14460 14471 I art     : Starting a blocking GC Explicit
08-04 19:29:17.005 14460 14471 I art     : Explicit concurrent mark sweep GC freed 3865(208KB) AllocSpace objects, 0(0B) LOS objects, 32% free, 32MB/48MB, paused 1.588ms total 50.636ms
08-04 19:29:17.230 14460 14460 D OnlineFeedViewActivity: onEventMainThread() called with: event = [DownloadEvent{update=DownloaderUpdate{downloaders=[], feedIds=[], mediaIds=[]}}]
08-04 19:29:17.333 14460 14491 I art     : Starting a blocking GC Explicit
08-04 19:29:17.396 14460 14491 I art     : Explicit concurrent mark sweep GC freed 21566(1166KB) AllocSpace objects, 1(20KB) LOS objects, 32% free, 33MB/49MB, paused 1.614ms total 61.613ms
08-04 19:29:17.414 14460 14491 I art     : Starting a blocking GC Explicit
08-04 19:29:17.467 14460 14491 I art     : Explicit concurrent mark sweep GC freed 7207(356KB) AllocSpace objects, 0(0B) LOS objects, 32% free, 33MB/49MB, paused 1.617ms total 53.188ms
08-04 19:29:17.482 14460 14491 I art     : Starting a blocking GC Explicit
08-04 19:29:17.535 14460 14491 I art     : Explicit concurrent mark sweep GC freed 6462(326KB) AllocSpace objects, 0(0B) LOS objects, 32% free, 33MB/49MB, paused 1.563ms total 52.821ms
08-04 19:29:17.550 14460 14491 I art     : Starting a blocking GC Explicit
08-04 19:29:17.602 14460 14491 I art     : Explicit concurrent mark sweep GC freed 4019(213KB) AllocSpace objects, 0(0B) LOS objects, 32% free, 33MB/49MB, paused 1.592ms total 52.232ms
08-04 19:29:17.617 14460 14491 I art     : Starting a blocking GC Explicit
08-04 19:29:17.669 14460 14491 I art     : Explicit concurrent mark sweep GC freed 4051(219KB) AllocSpace objects, 0(0B) LOS objects, 32% free, 33MB/49MB, paused 1.659ms total 51.663ms
08-04 19:29:18.004 14460 14472 I art     : Starting a blocking GC Explicit
08-04 19:29:18.069 14460 14472 I art     : Explicit concurrent mark sweep GC freed 22649(1244KB) AllocSpace objects, 1(20KB) LOS objects, 31% free, 34MB/50MB, paused 1.781ms total 64.898ms
08-04 19:29:18.086 14460 14472 I art     : Starting a blocking GC Explicit
08-04 19:29:18.143 14460 14472 I art     : Explicit concurrent mark sweep GC freed 6746(333KB) AllocSpace objects, 0(0B) LOS objects, 31% free, 34MB/50MB, paused 1.713ms total 56.829ms
08-04 19:29:18.160 14460 14472 I art     : Starting a blocking GC Explicit
08-04 19:29:18.214 14460 14472 I art     : Explicit concurrent mark sweep GC freed 7771(376KB) AllocSpace objects, 0(0B) LOS objects, 31% free, 34MB/50MB, paused 1.482ms total 54.008ms
08-04 19:29:18.230 14460 14472 I art     : Starting a blocking GC Explicit
08-04 19:29:18.284 14460 14472 I art     : Explicit concurrent mark sweep GC freed 4156(213KB) AllocSpace objects, 0(0B) LOS objects, 31% free, 34MB/50MB, paused 1.620ms total 53.618ms
08-04 19:29:18.300 14460 14472 I art     : Starting a blocking GC Explicit
08-04 19:29:18.356 14460 14472 I art     : Explicit concurrent mark sweep GC freed 4142(222KB) AllocSpace objects, 0(0B) LOS objects, 31% free, 34MB/50MB, paused 1.668ms total 55.333ms
08-04 19:29:18.703 14460 14471 I art     : Starting a blocking GC Explicit
08-04 19:29:18.733 14460 14460 D OnlineFeedViewActivity: onEventMainThread() called with: event = [DownloadEvent{update=DownloaderUpdate{downloaders=[], feedIds=[], mediaIds=[]}}]
08-04 19:29:18.772 14460 14471 I art     : Explicit concurrent mark sweep GC freed 23241(1104KB) AllocSpace objects, 1(20KB) LOS objects, 31% free, 34MB/50MB, paused 1.714ms total 68.884ms
08-04 19:29:18.790 14460 14471 I art     : Starting a blocking GC Explicit
08-04 19:29:18.849 14460 14471 I art     : Explicit concurrent mark sweep GC freed 8400(378KB) AllocSpace objects, 0(0B) LOS objects, 31% free, 34MB/50MB, paused 1.799ms total 58.132ms
08-04 19:29:18.866 14460 14471 I art     : Starting a blocking GC Explicit
08-04 19:29:18.927 14460 14471 I art     : Explicit concurrent mark sweep GC freed 6900(320KB) AllocSpace objects, 0(0B) LOS objects, 31% free, 34MB/50MB, paused 1.771ms total 61.057ms
08-04 19:29:18.944 14460 14471 I art     : Starting a blocking GC Explicit
08-04 19:29:19.002 14460 15786 D FeedSyncThread: The Joe Rogan Experience parsed
08-04 19:29:19.004 14460 14471 I art     : Explicit concurrent mark sweep GC freed 4447(206KB) AllocSpace objects, 0(0B) LOS objects, 31% free, 34MB/50MB, paused 1.820ms total 59.417ms
08-04 19:29:19.012 14460 15786 D FeedSyncThread: Deletion of file '/storage/emulated/0/Android/data/baseline.de.danoeh.antennapod.debug/files/cache/feed-The Joe Rogan Experience' successful
08-04 19:29:19.012 14460 15786 D DBReader: getFeedDownloadLog() called with: feed = [baseline.de.danoeh.antennapod.core.feed.Feed@0]
08-04 19:29:19.013 14460 15782 D FeedSyncThread: Bundling 1 feeds
08-04 19:29:19.015 14460 15838 D DBReader: Extracting Feedlist
08-04 19:29:19.019 14460 15838 D DBTasks : Found no existing Feed with title The Joe Rogan Experience. Adding as new one.
08-04 19:29:19.022 14460 14471 I art     : Starting a blocking GC Explicit
08-04 19:29:19.027 14460 15505 D PodDBAdapter: Setting feed with flattr status The Joe Rogan Experience: 0
08-04 19:29:19.027 14460 15505 D baseline.de.danoeh.antennapod.core.storage.PodDBAdapter@150f982: Inserting new Feed into db
08-04 19:29:19.080 14460 14471 I art     : Explicit concurrent mark sweep GC freed 12120(706KB) AllocSpace objects, 0(0B) LOS objects, 31% free, 34MB/50MB, paused 1.551ms total 58.125ms
08-04 19:29:19.383 14460 14491 I art     : Starting a blocking GC Explicit
08-04 19:29:19.458 14460 14491 I art     : Explicit concurrent mark sweep GC freed 97910(7MB) AllocSpace objects, 1(20KB) LOS objects, 31% free, 34MB/50MB, paused 1.340ms total 74.162ms
08-04 19:29:19.476 14460 14491 I art     : Starting a blocking GC Explicit
08-04 19:29:19.530 14460 14491 I art     : Explicit concurrent mark sweep GC freed 15850(1187KB) AllocSpace objects, 0(0B) LOS objects, 31% free, 34MB/50MB, paused 1.280ms total 54.282ms
08-04 19:29:19.548 14460 14491 I art     : Starting a blocking GC Explicit
08-04 19:29:19.565 14460 14460 D EventDistributor: Processing event queue. Number of events: 1
08-04 19:29:19.565 14460 14460 D EventDistributor: Notifying observers. Data: 1
08-04 19:29:19.565 14460 14460 D DownloadService: 0 downloads left
08-04 19:29:19.566 14460 14996 D DBReader: Extracting Feedlist
08-04 19:29:19.566 14460 14460 D DownloadService: Number of downloads is 0, attempting shutdown
08-04 19:29:19.567 14460 14460 D DownloadService: Service shutting down
08-04 19:29:19.567 14460 14460 D DownloadService: No report is created
08-04 19:29:19.567 14460 14460 D OnlineFeedViewActivity: onEventMainThread() called with: event = [DownloadEvent{update=DownloaderUpdate{downloaders=[], feedIds=[], mediaIds=[]}}]
08-04 19:29:19.568 14460 15781 E downloadCompletionThd: DownloadCompletionThread was interrupted
08-04 19:29:19.569 14460 14460 D DownloadService: NotificationUpdater cancelled. Result: false
08-04 19:29:19.569 14460 14460 D DBTasks : autodownloadUndownloadedItems
08-04 19:29:19.570 14460 15506 D NetworkUtils: Device is connected to Wi-Fi
08-04 19:29:19.570 14460 15506 D NetworkUtils: Auto-dl filter is disabled
08-04 19:29:19.603 14460 14491 I art     : Explicit concurrent mark sweep GC freed 303(36KB) AllocSpace objects, 1(20KB) LOS objects, 31% free, 34MB/50MB, paused 1.181ms total 55.220ms
08-04 19:29:19.620 14460 14491 I art     : Starting a blocking GC Explicit
08-04 19:29:19.669 14460 14491 I art     : Explicit concurrent mark sweep GC freed 30470(3MB) AllocSpace objects, 0(0B) LOS objects, 33% free, 31MB/47MB, paused 1.186ms total 48.423ms
08-04 19:29:19.683 14460 14491 I art     : Starting a blocking GC Explicit
08-04 19:29:19.727 14460 14491 I art     : Explicit concurrent mark sweep GC freed 3(96B) AllocSpace objects, 0(0B) LOS objects, 33% free, 31MB/47MB, paused 1.236ms total 43.905ms
08-04 19:29:20.055 14460 14471 I art     : Starting a blocking GC Explicit
08-04 19:29:20.114 14460 14471 I art     : Explicit concurrent mark sweep GC freed 1415(83KB) AllocSpace objects, 1(20KB) LOS objects, 33% free, 31MB/47MB, paused 1.238ms total 58.379ms
08-04 19:29:20.131 14460 14471 I art     : Starting a blocking GC Explicit
08-04 19:29:20.180 14460 14471 I art     : Explicit concurrent mark sweep GC freed 23(752B) AllocSpace objects, 0(0B) LOS objects, 33% free, 31MB/47MB, paused 1.197ms total 48.666ms
08-04 19:29:20.195 14460 14471 I art     : Starting a blocking GC Explicit
08-04 19:29:20.201 15849 15849 D AndroidRuntime: >>>>>> START com.android.internal.os.RuntimeInit uid 2000 <<<<<<
08-04 19:29:20.207 15849 15849 D AndroidRuntime: CheckJNI is OFF
08-04 19:29:20.243 14460 14471 I art     : Explicit concurrent mark sweep GC freed 3(96B) AllocSpace objects, 0(0B) LOS objects, 33% free, 31MB/47MB, paused 1.196ms total 47.561ms
08-04 19:29:20.253 15849 15849 D ICU     : No timezone override file found: /data/misc/zoneinfo/current/icu/icu_tzdata.dat
08-04 19:29:20.258 14460 14471 I art     : Starting a blocking GC Explicit
08-04 19:29:20.297 15849 15849 I Radio-JNI: register_android_hardware_Radio DONE
08-04 19:29:20.304 14460 14471 I art     : Explicit concurrent mark sweep GC freed 3(96B) AllocSpace objects, 0(0B) LOS objects, 33% free, 31MB/47MB, paused 1.211ms total 46.354ms
08-04 19:29:20.319 14460 14471 I art     : Starting a blocking GC Explicit
08-04 19:29:20.328 15849 15849 D AndroidRuntime: Calling main entry com.android.commands.input.Input
08-04 19:29:20.330 15849 15849 I Input   : injectKeyEvent: KeyEvent { action=ACTION_DOWN, keyCode=KEYCODE_BACK, scanCode=0, metaState=0, flags=0x0, repeatCount=0, eventTime=732576743, downTime=732576743, deviceId=-1, source=0x101 }
08-04 19:29:20.337 15849 15849 I Input   : injectKeyEvent: KeyEvent { action=ACTION_UP, keyCode=KEYCODE_BACK, scanCode=0, metaState=0, flags=0x0, repeatCount=0, eventTime=732576743, downTime=732576743, deviceId=-1, source=0x101 }
08-04 19:29:20.344 15849 15849 D AndroidRuntime: Shutting down VM
08-04 19:29:20.351 14460 14460 V PlaybackController: initServiceNotRunning()
08-04 19:29:20.352 14460 14460 D ExternalPlayerFragment: Loading media info
08-04 19:29:20.356 14460 14460 D UserPreferences: Using default data folder
08-04 19:29:20.357 14460 14996 D DBReader: getNavDrawerData() called with: 
08-04 19:29:20.364 14460 14471 I art     : Explicit concurrent mark sweep GC freed 345(19KB) AllocSpace objects, 0(0B) LOS objects, 33% free, 31MB/47MB, paused 1.234ms total 44.642ms
08-04 19:29:20.372 14460 14996 D DBReader: getDownloadedItems() called
08-04 19:29:20.374 14460 14996 D DBReader: getFavoriteIDList() called
08-04 19:29:20.375 14460 14996 D DBReader: getQueueIDList() called
08-04 19:29:20.375 14460 14996 D DBReader: Extracting Feedlist
08-04 19:29:20.391 13866 13866 I GoogleInputMethodServic: GoogleInputMethodService.onFinishInput():3138 
08-04 19:29:20.392 13866 13866 I GoogleInputMethodServic: GoogleInputMethodService.onStartInput():1808 
08-04 19:29:20.393 14460 14460 D MainActivity: getLastNavFragment() -> AddFeedFragment
08-04 19:29:20.399 14460 15388 D ApOkHttpUrlLoader: buildLoadData() called with: model = [http://static.libsyn.com/p/assets/7/1/f/3/71f3014e14ef2722/JREiTunesImage2.jpg], width = [140], height = [140]
08-04 19:29:20.438 14460 15388 D ApOkHttpUrlLoader: buildLoadData() called with: model = [http://static.libsyn.com/p/assets/7/1/f/3/71f3014e14ef2722/JREiTunesImage2.jpg], width = [140], height = [140]
08-04 19:29:20.664 14460 14472 I art     : Starting a blocking GC Explicit
08-04 19:29:20.697   380   380 W SurfaceFlinger: couldn't log to binary event log: overflow.
08-04 19:29:20.715 14460 14472 I art     : Explicit concurrent mark sweep GC freed 3099(191KB) AllocSpace objects, 1(20KB) LOS objects, 33% free, 31MB/47MB, paused 1.194ms total 51.391ms
08-04 19:29:20.729 14460 14472 I art     : Starting a blocking GC Explicit
08-04 19:29:20.771 14460 14472 I art     : Explicit concurrent mark sweep GC freed 618(30KB) AllocSpace objects, 0(0B) LOS objects, 33% free, 31MB/47MB, paused 1.150ms total 42.434ms
08-04 19:29:20.785 14460 14472 I art     : Starting a blocking GC Explicit
08-04 19:29:20.823 14460 14472 I art     : Explicit concurrent mark sweep GC freed 33315(3MB) AllocSpace objects, 2(248KB) LOS objects, 36% free, 28MB/44MB, paused 1.240ms total 38.023ms
08-04 19:29:20.835 14460 14472 I art     : Starting a blocking GC Explicit
08-04 19:29:20.868 14460 14472 I art     : Explicit concurrent mark sweep GC freed 3(96B) AllocSpace objects, 0(0B) LOS objects, 36% free, 28MB/44MB, paused 1.198ms total 33.018ms
08-04 19:29:20.880 14460 14472 I art     : Starting a blocking GC Explicit
08-04 19:29:20.914 14460 14472 I art     : Explicit concurrent mark sweep GC freed 3(96B) AllocSpace objects, 0(0B) LOS objects, 36% free, 28MB/44MB, paused 1.153ms total 33.616ms
08-04 19:29:21.203 24365  7398 I NetworkScheduler.Stats: Task com.google.android.gms/com.google.android.gms.icing.service.IcingGcmTaskService started execution. cause:4 exec_start_elapsed_seconds: 1715965 [CONTEXT service_id=218 ]
08-04 19:29:21.215 24365 10274 I NetworkScheduler.Stats: Task com.google.android.gms/com.google.android.gms.icing.service.IcingGcmTaskService finished executing. cause:4 result: 1 elapsed_millis: 35 uptime_millis: 35 exec_start_elapsed_seconds: 1715965 [CONTEXT service_id=218 ]
08-04 19:29:21.222 14460 14491 I art     : Starting a blocking GC Explicit
08-04 19:29:21.254 14460 14491 I art     : Explicit concurrent mark sweep GC freed 1376(82KB) AllocSpace objects, 1(20KB) LOS objects, 36% free, 28MB/44MB, paused 1.061ms total 31.751ms
08-04 19:29:21.262 24365  7398 I NetworkScheduler.Stats: Task com.google.android.gms/com.google.android.gms.checkin.EventLogService started execution. cause:5 exec_start_elapsed_seconds: 1715965 [CONTEXT service_id=218 ]
08-04 19:29:21.265 14460 14491 I art     : Starting a blocking GC Explicit
08-04 19:29:21.275 24577 23605 I Checkin : [EventLogChimeraService] Opted in for usage reporting: false
08-04 19:29:21.275 24577 23605 I Checkin : [EventLogChimeraService] Aggregate from 1596560123572 (log), 1596560123572 (data)
08-04 19:29:21.296 14460 14491 I art     : Explicit concurrent mark sweep GC freed 23(752B) AllocSpace objects, 0(0B) LOS objects, 36% free, 28MB/44MB, paused 1.064ms total 30.293ms
08-04 19:29:21.307 14460 14491 I art     : Starting a blocking GC Explicit
08-04 19:29:21.337 14460 14491 I art     : Explicit concurrent mark sweep GC freed 3(96B) AllocSpace objects, 0(0B) LOS objects, 36% free, 28MB/44MB, paused 1.105ms total 29.980ms
08-04 19:29:21.348 14460 14491 I art     : Starting a blocking GC Explicit
08-04 19:29:21.378 14460 14491 I art     : Explicit concurrent mark sweep GC freed 3(96B) AllocSpace objects, 0(0B) LOS objects, 36% free, 28MB/44MB, paused 1.085ms total 29.484ms
08-04 19:29:21.389 14460 14491 I art     : Starting a blocking GC Explicit
08-04 19:29:21.418 14460 14491 I art     : Explicit concurrent mark sweep GC freed 3(96B) AllocSpace objects, 0(0B) LOS objects, 36% free, 28MB/44MB, paused 1.142ms total 28.840ms
08-04 19:29:21.702 14460 14471 I art     : Starting a blocking GC Explicit
08-04 19:29:21.732 14460 14471 I art     : Explicit concurrent mark sweep GC freed 1373(80KB) AllocSpace objects, 1(20KB) LOS objects, 36% free, 28MB/44MB, paused 1.066ms total 29.930ms
08-04 19:29:21.743 14460 14471 I art     : Starting a blocking GC Explicit
08-04 19:29:21.773 14460 14471 I art     : Explicit concurrent mark sweep GC freed 52(1536B) AllocSpace objects, 0(0B) LOS objects, 36% free, 28MB/44MB, paused 1.067ms total 29.216ms
08-04 19:29:21.784 14460 14471 I art     : Starting a blocking GC Explicit
08-04 19:29:21.813 14460 14471 I art     : Explicit concurrent mark sweep GC freed 3(96B) AllocSpace objects, 0(0B) LOS objects, 36% free, 28MB/44MB, paused 1.072ms total 28.935ms
08-04 19:29:21.824 14460 14471 I art     : Starting a blocking GC Explicit
08-04 19:29:21.853 14460 14471 I art     : Explicit concurrent mark sweep GC freed 3(96B) AllocSpace objects, 0(0B) LOS objects, 36% free, 28MB/44MB, paused 1.098ms total 29.086ms
08-04 19:29:21.864 14460 14471 I art     : Starting a blocking GC Explicit
08-04 19:29:21.893 14460 14471 I art     : Explicit concurrent mark sweep GC freed 3(96B) AllocSpace objects, 0(0B) LOS objects, 36% free, 28MB/44MB, paused 1.078ms total 28.986ms
08-04 19:29:22.090 15896 15896 D AndroidRuntime: >>>>>> START com.android.internal.os.RuntimeInit uid 2000 <<<<<<
08-04 19:29:22.095 15896 15896 D AndroidRuntime: CheckJNI is OFF
08-04 19:29:22.134 15896 15896 D ICU     : No timezone override file found: /data/misc/zoneinfo/current/icu/icu_tzdata.dat
08-04 19:29:22.172 15896 15896 I Radio-JNI: register_android_hardware_Radio DONE
08-04 19:29:22.183 14460 14910 I art     : Starting a blocking GC Explicit
08-04 19:29:22.199 15896 15896 D AndroidRuntime: Calling main entry com.android.commands.input.Input
08-04 19:29:22.201 15896 15896 I Input   : injectMotionEvent: MotionEvent { action=ACTION_DOWN, actionButton=0, id[0]=0, x[0]=639.0, y[0]=762.0, toolType[0]=TOOL_TYPE_UNKNOWN, buttonState=0, metaState=0, flags=0x0, edgeFlags=0x0, pointerCount=1, historySize=0, eventTime=732578614, downTime=732578614, deviceId=0, source=0x1002 }
08-04 19:29:22.206 15896 15896 I Input   : injectMotionEvent: MotionEvent { action=ACTION_UP, actionButton=0, id[0]=0, x[0]=639.0, y[0]=762.0, toolType[0]=TOOL_TYPE_UNKNOWN, buttonState=0, metaState=0, flags=0x0, edgeFlags=0x0, pointerCount=1, historySize=0, eventTime=732578614, downTime=732578614, deviceId=0, source=0x1002 }
08-04 19:29:22.207 15896 15896 D AndroidRuntime: Shutting down VM
08-04 19:29:22.214 14460 14910 I art     : Explicit concurrent mark sweep GC freed 1408(81KB) AllocSpace objects, 1(20KB) LOS objects, 36% free, 28MB/44MB, paused 1.092ms total 30.809ms
08-04 19:29:22.225 14460 14910 I art     : Starting a blocking GC Explicit
08-04 19:29:22.254 14460 14910 I art     : Explicit concurrent mark sweep GC freed 259(13KB) AllocSpace objects, 0(0B) LOS objects, 36% free, 28MB/44MB, paused 1.046ms total 29.193ms
08-04 19:29:22.265 14460 14910 I art     : Starting a blocking GC Explicit
08-04 19:29:22.273   512  2967 D audio_hw_primary: out_set_parameters: enter: usecase(1: low-latency-playback) kvpairs: routing=2
08-04 19:29:22.285   512  2967 D audio_hw_primary: select_devices: out_snd_device(2: speaker) in_snd_device(0: none)
08-04 19:29:22.286   512  2967 D msm8974_platform: platform_send_audio_calibration: sending audio calibration for snd_device(2) acdb_id(15)
08-04 19:29:22.286   512  2967 I soundtrigger: audio_extn_sound_trigger_update_device_status: device 0x2 of type 0 for Event 1
08-04 19:29:22.287 13866 13866 I GoogleInputMethodServic: GoogleInputMethodService.onFinishInput():3138 
08-04 19:29:22.288 13866 13866 I GoogleInputMethodServic: GoogleInputMethodService.onStartInput():1808 
08-04 19:29:22.295 14460 14910 I art     : Explicit concurrent mark sweep GC freed 197(8KB) AllocSpace objects, 0(0B) LOS objects, 36% free, 28MB/44MB, paused 1.225ms total 29.830ms
08-04 19:29:22.295   512  2967 D audio_hw_primary: enable_snd_device: snd_device(2: speaker)
08-04 19:29:22.298   512  2967 D audio_hw_primary: enable_audio_route: apply and update mixer path: low-latency-playback speaker
08-04 19:29:22.306 14460 14910 I art     : Starting a blocking GC Explicit
08-04 19:29:22.336 14460 14910 I art     : Explicit concurrent mark sweep GC freed 30(1296B) AllocSpace objects, 0(0B) LOS objects, 36% free, 28MB/44MB, paused 1.220ms total 30.035ms
08-04 19:29:22.347 14460 14910 I art     : Starting a blocking GC Explicit
08-04 19:29:22.376 14460 14910 I art     : Explicit concurrent mark sweep GC freed 16(592B) AllocSpace objects, 0(0B) LOS objects, 36% free, 28MB/44MB, paused 1.114ms total 28.854ms
08-04 19:29:22.461 14460 14480 I NAPPA_EXPERIMENTATION: MetricNetworkRequestExecutionTime: REQUEST_DURATION_SYSTEM='188',REQUEST_DURATION_OKHTTP='186',REQUEST_SYNCHRONOUS='TRUE',RESPONSE_CODE='200',RESPONSE_METHOD='GET',RESPONSE_LENGTH_OKHTTP='-1',RESPONSE_LENGTH_HEADER='622',REQUEST_PROTOCOL='h2',REQUEST_URL='https://itunes.apple.com/lookup?id=360084272',
08-04 19:29:22.484   918  3359 I ActivityManager: START u0 {cmp=baseline.de.danoeh.antennapod.debug/baseline.de.danoeh.antennapod.activity.OnlineFeedViewActivity (has extras)} from uid 10670 on display 0
08-04 19:29:22.511 13866 13866 I GoogleInputMethodServic: GoogleInputMethodService.onFinishInput():3138 
08-04 19:29:22.511 13866 13866 I GoogleInputMethodServic: GoogleInputMethodService.onStartInput():1808 
08-04 19:29:22.532 14460 14460 D UserPreferences: Using default data folder
08-04 19:29:22.533 14460 14460 D OnlineFeedViewActivity: Activity was started with url http://joeroganexp.joerogan.libsynpro.com/rss
08-04 19:29:22.535 14460 14460 D OnlineFeedViewActivity: Starting feed download
08-04 19:29:22.537 14460 14995 D DBReader: Extracting Feedlist
08-04 19:29:22.540   918  3670 D WifiService: acquireWifiLockLocked: WifiLock{Downloader type=1 binder=android.os.BinderProxy@e072176}
08-04 19:29:22.540 14460 14995 D AntennapodHttpClient: Creating new instance of HTTP client
08-04 19:29:22.584 14460 14995 D MYTAG   : interceptor 3a http://joeroganexp.joerogan.libsynpro.com/rss
08-04 19:29:22.584 14460 14995 I NAPPA_EXPERIMENTATION: MetricNetworkRequestExecutionTime: REQUEST_DURATION_SYSTEM='43',REQUEST_DURATION_OKHTTP='36',REQUEST_SYNCHRONOUS='TRUE',RESPONSE_CODE='200',RESPONSE_METHOD='GET',RESPONSE_LENGTH_OKHTTP='-1',RESPONSE_LENGTH_HEADER='307892',REQUEST_PROTOCOL='http/1.1',REQUEST_URL='http://joeroganexp.joerogan.libsynpro.com/rss',
08-04 19:29:22.584 14460 14995 D HttpDownloader: Response code is 200
08-04 19:29:22.584 14460 14995 D UserPreferences: Using default data folder
08-04 19:29:22.585 14460 14995 D HttpDownloader: Getting size of download
08-04 19:29:22.586 14460 14995 D HttpDownloader: Size is -1
08-04 19:29:22.586 14460 14995 D UserPreferences: Using default data folder
08-04 19:29:22.586 14460 14995 D HttpDownloader: Free space is 20232429568
08-04 19:29:22.586 14460 14995 D HttpDownloader: Starting download
08-04 19:29:22.591 13866 13866 I GoogleInputMethodServic: GoogleInputMethodService.onFinishInput():3138 
08-04 19:29:22.591 13866 13866 I GoogleInputMethodServic: GoogleInputMethodService.onStartInput():1808 
08-04 19:29:22.613   918   936 I ActivityManager: Displayed baseline.de.danoeh.antennapod.debug/baseline.de.danoeh.antennapod.activity.OnlineFeedViewActivity: +102ms
08-04 19:29:22.635 14460 14481 D OpenGLRenderer: endAllStagingAnimators on 0x7f7d1be000 (GridView) with handle 0x7f7c3779a0
08-04 19:29:22.665 14460 14472 I art     : Starting a blocking GC Explicit
08-04 19:29:22.697 14460 14472 I art     : Explicit concurrent mark sweep GC freed 3346(227KB) AllocSpace objects, 1(20KB) LOS objects, 35% free, 28MB/44MB, paused 1.176ms total 32.241ms
08-04 19:29:22.708 14460 14472 I art     : Starting a blocking GC Explicit
08-04 19:29:22.738 14460 14472 I art     : Explicit concurrent mark sweep GC freed 384(17KB) AllocSpace objects, 0(0B) LOS objects, 36% free, 28MB/44MB, paused 1.263ms total 29.809ms
08-04 19:29:22.750 14460 14472 I art     : Starting a blocking GC Explicit
08-04 19:29:22.781 14460 14472 I art     : Explicit concurrent mark sweep GC freed 32(880B) AllocSpace objects, 0(0B) LOS objects, 36% free, 28MB/44MB, paused 1.127ms total 30.412ms
08-04 19:29:22.786 14460 14995 D HttpDownloader: Download was successful
08-04 19:29:22.787   918  3670 D WifiService: releaseWifiLockLocked: WifiLock{Downloader type=1 binder=android.os.BinderProxy@e072176}
08-04 19:29:22.788 14460 14460 D OnlineFeedViewActivity: Parsing feed
08-04 19:29:22.792 14460 15939 D TypeGetter: Recognized type RSS 2.0
08-04 19:29:22.792 14460 14472 I art     : Starting a blocking GC Explicit
08-04 19:29:22.798 14460 15939 D SyndHandler: Recognized Atom namespace
08-04 19:29:22.798 14460 15939 D SyndHandler: Recognized ITunes namespace
08-04 19:29:22.798 14460 15939 D SyndHandler: Recognized media namespace
08-04 19:29:22.798 14460 15939 D SyndHandler: Recognized Content namespace
08-04 19:29:22.824 14460 14472 I art     : Explicit concurrent mark sweep GC freed 1352(209KB) AllocSpace objects, 3(60KB) LOS objects, 35% free, 28MB/44MB, paused 1.309ms total 31.098ms
08-04 19:29:22.828   512  2967 D audio_hw_primary: disable_audio_route: reset and update mixer path: low-latency-playback speaker
08-04 19:29:22.830   512  2967 D audio_hw_primary: disable_snd_device: snd_device(2: speaker)
08-04 19:29:22.835 14460 14472 I art     : Starting a blocking GC Explicit
08-04 19:29:22.838   512  2967 I soundtrigger: audio_extn_sound_trigger_update_device_status: device 0x2 of type 0 for Event 0
08-04 19:29:22.850   380   380 W SurfaceFlinger: couldn't log to binary event log: overflow.
08-04 19:29:22.866 14460 14472 I art     : Explicit concurrent mark sweep GC freed 2289(126KB) AllocSpace objects, 0(0B) LOS objects, 35% free, 28MB/44MB, paused 1.344ms total 31.056ms
08-04 19:29:22.987 14460 14460 D PlaybackController: Releasing PlaybackController
08-04 19:29:23.163 14460 14491 I art     : Starting a blocking GC Explicit
08-04 19:29:23.202 14460 14491 I art     : Explicit concurrent mark sweep GC freed 19530(1052KB) AllocSpace objects, 1(20KB) LOS objects, 35% free, 29MB/45MB, paused 1.344ms total 38.821ms
08-04 19:29:23.213 14460 14491 I art     : Starting a blocking GC Explicit
08-04 19:29:23.246 14460 14491 I art     : Explicit concurrent mark sweep GC freed 7476(354KB) AllocSpace objects, 0(0B) LOS objects, 35% free, 28MB/44MB, paused 1.397ms total 32.032ms
08-04 19:29:23.257 14460 14491 I art     : Starting a blocking GC Explicit
08-04 19:29:23.289 14460 14491 I art     : Explicit concurrent mark sweep GC freed 2872(144KB) AllocSpace objects, 0(0B) LOS objects, 35% free, 28MB/44MB, paused 1.358ms total 32.359ms
08-04 19:29:23.301 14460 14491 I art     : Starting a blocking GC Explicit
08-04 19:29:23.333 14460 14491 I art     : Explicit concurrent mark sweep GC freed 2703(136KB) AllocSpace objects, 0(0B) LOS objects, 35% free, 29MB/45MB, paused 1.289ms total 32.405ms
08-04 19:29:23.345 14460 14491 I art     : Starting a blocking GC Explicit
08-04 19:29:23.353   918   928 I AccountManagerService: getTypesVisibleToCaller: isPermitted? true
08-04 19:29:23.355 24577 23605 I Checkin : [ServiceDumpSys] dumping service [account]
08-04 19:29:23.371 24365 10274 I NetworkScheduler.Stats: Task com.google.android.gms/com.google.android.gms.checkin.EventLogService finished executing. cause:5 result: 1 elapsed_millis: 2130 uptime_millis: 2130 exec_start_elapsed_seconds: 1715965 [CONTEXT service_id=218 ]
08-04 19:29:23.374   918  3961 I AccountManagerService: getTypesVisibleToCaller: isPermitted? true
08-04 19:29:23.377 14460 14491 I art     : Explicit concurrent mark sweep GC freed 2678(136KB) AllocSpace objects, 0(0B) LOS objects, 35% free, 29MB/45MB, paused 1.287ms total 31.947ms
08-04 19:29:23.683 14460 14491 I art     : Starting a blocking GC Explicit
08-04 19:29:23.728 14460 14491 I art     : Explicit concurrent mark sweep GC freed 20226(1075KB) AllocSpace objects, 1(20KB) LOS objects, 35% free, 29MB/45MB, paused 1.604ms total 44.162ms
08-04 19:29:23.741 14460 14491 I art     : Starting a blocking GC Explicit
08-04 19:29:23.777 14460 14491 I art     : Explicit concurrent mark sweep GC freed 5862(277KB) AllocSpace objects, 0(0B) LOS objects, 35% free, 29MB/45MB, paused 1.475ms total 36.626ms
08-04 19:29:23.790 14460 14491 I art     : Starting a blocking GC Explicit
08-04 19:29:23.826 14460 14491 I art     : Explicit concurrent mark sweep GC freed 5421(265KB) AllocSpace objects, 0(0B) LOS objects, 35% free, 29MB/45MB, paused 1.552ms total 36.245ms
08-04 19:29:23.838 14460 14491 I art     : Starting a blocking GC Explicit
08-04 19:29:23.876 14460 14491 I art     : Explicit concurrent mark sweep GC freed 3070(162KB) AllocSpace objects, 0(0B) LOS objects, 35% free, 29MB/45MB, paused 1.580ms total 37.269ms
08-04 19:29:23.888 14460 14491 I art     : Starting a blocking GC Explicit
08-04 19:29:23.925 14460 14491 I art     : Explicit concurrent mark sweep GC freed 3032(149KB) AllocSpace objects, 0(0B) LOS objects, 35% free, 29MB/45MB, paused 1.605ms total 36.899ms
08-04 19:29:24.253 14460 14491 I art     : Starting a blocking GC Explicit
08-04 19:29:24.301 14460 14491 I art     : Explicit concurrent mark sweep GC freed 21214(1156KB) AllocSpace objects, 1(20KB) LOS objects, 34% free, 30MB/46MB, paused 1.732ms total 48.322ms
08-04 19:29:24.315 14460 14491 I art     : Starting a blocking GC Explicit
08-04 19:29:24.353 14460 14491 I art     : Explicit concurrent mark sweep GC freed 6835(332KB) AllocSpace objects, 0(0B) LOS objects, 34% free, 30MB/46MB, paused 1.493ms total 37.930ms
08-04 19:29:24.365 14460 14491 I art     : Starting a blocking GC Explicit
08-04 19:29:24.403 14460 14491 I art     : Explicit concurrent mark sweep GC freed 5180(244KB) AllocSpace objects, 0(0B) LOS objects, 34% free, 30MB/46MB, paused 1.388ms total 37.061ms
08-04 19:29:24.415 14460 14491 I art     : Starting a blocking GC Explicit
08-04 19:29:24.455 14460 14491 I art     : Explicit concurrent mark sweep GC freed 3107(164KB) AllocSpace objects, 0(0B) LOS objects, 34% free, 30MB/46MB, paused 1.722ms total 39.296ms
08-04 19:29:24.469 14460 14491 I art     : Starting a blocking GC Explicit
08-04 19:29:24.511 14460 14491 I art     : Explicit concurrent mark sweep GC freed 3202(167KB) AllocSpace objects, 0(0B) LOS objects, 34% free, 30MB/46MB, paused 1.571ms total 41.421ms
08-04 19:29:24.839 14460 14472 I art     : Starting a blocking GC Explicit
08-04 19:29:24.890 14460 14472 I art     : Explicit concurrent mark sweep GC freed 21488(1218KB) AllocSpace objects, 1(20KB) LOS objects, 34% free, 30MB/46MB, paused 1.736ms total 50.254ms
08-04 19:29:24.904 14460 14472 I art     : Starting a blocking GC Explicit
08-04 19:29:24.950 14460 14472 I art     : Explicit concurrent mark sweep GC freed 3311(166KB) AllocSpace objects, 0(0B) LOS objects, 34% free, 30MB/46MB, paused 1.993ms total 45.375ms
08-04 19:29:24.963 14460 14472 I art     : Starting a blocking GC Explicit
08-04 19:29:25.006 14460 14472 I art     : Explicit concurrent mark sweep GC freed 8381(391KB) AllocSpace objects, 0(0B) LOS objects, 34% free, 30MB/46MB, paused 1.845ms total 42.865ms
08-04 19:29:25.020 14460 14472 I art     : Starting a blocking GC Explicit
08-04 19:29:25.063 14460 14472 I art     : Explicit concurrent mark sweep GC freed 4081(204KB) AllocSpace objects, 0(0B) LOS objects, 34% free, 30MB/46MB, paused 1.562ms total 42.362ms
08-04 19:29:25.076 14460 14472 I art     : Starting a blocking GC Explicit
08-04 19:29:25.118 14460 14472 I art     : Explicit concurrent mark sweep GC freed 3233(167KB) AllocSpace objects, 0(0B) LOS objects, 34% free, 30MB/46MB, paused 1.769ms total 41.544ms
08-04 19:29:25.434 14460 14491 I art     : Starting a blocking GC Explicit
08-04 19:29:25.486 14460 14491 I art     : Explicit concurrent mark sweep GC freed 20918(1149KB) AllocSpace objects, 1(20KB) LOS objects, 33% free, 31MB/47MB, paused 1.684ms total 51.825ms
08-04 19:29:25.501 14460 14491 I art     : Starting a blocking GC Explicit
08-04 19:29:25.543 14460 14491 I art     : Explicit concurrent mark sweep GC freed 8015(352KB) AllocSpace objects, 0(0B) LOS objects, 33% free, 31MB/47MB, paused 1.631ms total 41.238ms
08-04 19:29:25.557 14460 14491 I art     : Starting a blocking GC Explicit
08-04 19:29:25.599 14460 14491 I art     : Explicit concurrent mark sweep GC freed 4577(196KB) AllocSpace objects, 0(0B) LOS objects, 33% free, 31MB/47MB, paused 1.911ms total 42.210ms
08-04 19:29:25.613 14460 14491 I art     : Starting a blocking GC Explicit
08-04 19:29:25.657 14460 14491 I art     : Explicit concurrent mark sweep GC freed 3315(139KB) AllocSpace objects, 0(0B) LOS objects, 33% free, 31MB/47MB, paused 1.506ms total 43.515ms
08-04 19:29:25.670 14460 14491 I art     : Starting a blocking GC Explicit
08-04 19:29:25.714 14460 14491 I art     : Explicit concurrent mark sweep GC freed 3377(144KB) AllocSpace objects, 0(0B) LOS objects, 33% free, 31MB/47MB, paused 1.740ms total 43.401ms
08-04 19:29:25.982 14460 15939 D OnlineFeedViewActivity: Deleted feed source file. Result: true
08-04 19:29:25.988 14460 14460 D OnlineFeedViewActivity: Removing HTML from shownotes
08-04 19:29:26.038 14460 14491 I art     : Starting a blocking GC Explicit
08-04 19:29:26.102 14460 14491 I art     : Explicit concurrent mark sweep GC freed 79439(5MB) AllocSpace objects, 277(18MB) LOS objects, 31% free, 34MB/50MB, paused 1.725ms total 63.976ms
08-04 19:29:26.118 14460 14491 I art     : Starting a blocking GC Explicit
08-04 19:29:26.174 14460 14491 I art     : Explicit concurrent mark sweep GC freed 51025(4MB) AllocSpace objects, 220(14MB) LOS objects, 32% free, 33MB/49MB, paused 1.631ms total 55.902ms
08-04 19:29:26.189 14460 14491 I art     : Starting a blocking GC Explicit
08-04 19:29:26.244 14460 14491 I art     : Explicit concurrent mark sweep GC freed 47815(3MB) AllocSpace objects, 196(13MB) LOS objects, 32% free, 33MB/49MB, paused 1.679ms total 54.858ms
08-04 19:29:26.260 14460 14491 I art     : Starting a blocking GC Explicit
08-04 19:29:26.316 14460 14491 I art     : Explicit concurrent mark sweep GC freed 45135(3MB) AllocSpace objects, 204(13MB) LOS objects, 32% free, 33MB/49MB, paused 1.750ms total 56.394ms
08-04 19:29:26.332 14460 14491 I art     : Starting a blocking GC Explicit
08-04 19:29:26.387 14460 14491 I art     : Explicit concurrent mark sweep GC freed 44213(3MB) AllocSpace objects, 191(12MB) LOS objects, 32% free, 33MB/49MB, paused 1.609ms total 54.286ms
08-04 19:29:26.554 14460 14460 I Choreographer: Skipped 33 frames!  The application may be doing too much work on its main thread.
08-04 19:29:26.678 14460 14491 I art     : Starting a blocking GC Explicit
08-04 19:29:26.725 14460 14491 I art     : Explicit concurrent mark sweep GC freed 1146(72KB) AllocSpace objects, 1(68KB) LOS objects, 33% free, 31MB/47MB, paused 1.227ms total 46.337ms
08-04 19:29:26.740 14460 14491 I art     : Starting a blocking GC Explicit
08-04 19:29:26.788 14460 14491 I art     : Explicit concurrent mark sweep GC freed 509(24KB) AllocSpace objects, 1(112KB) LOS objects, 33% free, 31MB/47MB, paused 1.275ms total 47.800ms
08-04 19:29:26.803 14460 14491 I art     : Starting a blocking GC Explicit
08-04 19:29:26.851 14460 14491 I art     : Explicit concurrent mark sweep GC freed 3(96B) AllocSpace objects, 0(0B) LOS objects, 33% free, 31MB/47MB, paused 1.174ms total 47.268ms
08-04 19:29:26.866 14460 14491 I art     : Starting a blocking GC Explicit
08-04 19:29:26.915 14460 14491 I art     : Explicit concurrent mark sweep GC freed 3(96B) AllocSpace objects, 0(0B) LOS objects, 33% free, 31MB/47MB, paused 1.229ms total 48.254ms
08-04 19:29:26.930 14460 14491 I art     : Starting a blocking GC Explicit
08-04 19:29:26.979 14460 14491 I art     : Explicit concurrent mark sweep GC freed 3(96B) AllocSpace objects, 0(0B) LOS objects, 33% free, 31MB/47MB, paused 1.272ms total 49.107ms
08-04 19:29:27.021 16006 16006 D AndroidRuntime: >>>>>> START com.android.internal.os.RuntimeInit uid 2000 <<<<<<
08-04 19:29:27.028 16006 16006 D AndroidRuntime: CheckJNI is OFF
08-04 19:29:27.076 16006 16006 D ICU     : No timezone override file found: /data/misc/zoneinfo/current/icu/icu_tzdata.dat
08-04 19:29:27.125 16006 16006 I Radio-JNI: register_android_hardware_Radio DONE
08-04 19:29:27.155 16006 16006 D AndroidRuntime: Calling main entry com.android.commands.input.Input
08-04 19:29:27.156 16006 16006 I Input   : injectKeyEvent: KeyEvent { action=ACTION_DOWN, keyCode=KEYCODE_BACK, scanCode=0, metaState=0, flags=0x0, repeatCount=0, eventTime=732583569, downTime=732583569, deviceId=-1, source=0x101 }
08-04 19:29:27.164 16006 16006 I Input   : injectKeyEvent: KeyEvent { action=ACTION_UP, keyCode=KEYCODE_BACK, scanCode=0, metaState=0, flags=0x0, repeatCount=0, eventTime=732583569, downTime=732583569, deviceId=-1, source=0x101 }
08-04 19:29:27.171 16006 16006 D AndroidRuntime: Shutting down VM
08-04 19:29:27.177 14460 14460 V PlaybackController: initServiceNotRunning()
08-04 19:29:27.177 14460 14460 D ExternalPlayerFragment: Loading media info
08-04 19:29:27.183 14460 14460 D UserPreferences: Using default data folder
08-04 19:29:27.184 14460 14995 D DBReader: getNavDrawerData() called with: 
08-04 19:29:27.198 14460 14995 D DBReader: getDownloadedItems() called
08-04 19:29:27.199 14460 14995 D DBReader: getFavoriteIDList() called
08-04 19:29:27.200 14460 14995 D DBReader: getQueueIDList() called
08-04 19:29:27.200 14460 14995 D DBReader: Extracting Feedlist
08-04 19:29:27.216 14460 14460 D MainActivity: getLastNavFragment() -> AddFeedFragment
08-04 19:29:27.217 13866 13866 I GoogleInputMethodServic: GoogleInputMethodService.onFinishInput():3138 
08-04 19:29:27.217 13866 13866 I GoogleInputMethodServic: GoogleInputMethodService.onStartInput():1808 
08-04 19:29:27.291 14460 14472 I art     : Starting a blocking GC Explicit
08-04 19:29:27.333 14460 14472 I art     : Explicit concurrent mark sweep GC freed 2482(152KB) AllocSpace objects, 1(20KB) LOS objects, 33% free, 31MB/47MB, paused 1.296ms total 41.803ms
08-04 19:29:27.348 14460 14472 I art     : Starting a blocking GC Explicit
08-04 19:29:27.396 14460 14472 I art     : Explicit concurrent mark sweep GC freed 449(23KB) AllocSpace objects, 0(0B) LOS objects, 33% free, 31MB/47MB, paused 1.352ms total 48.069ms
08-04 19:29:27.414 14460 14472 I art     : Starting a blocking GC Explicit
08-04 19:29:27.470 14460 14472 I art     : Explicit concurrent mark sweep GC freed 3(96B) AllocSpace objects, 0(0B) LOS objects, 33% free, 31MB/47MB, paused 1.199ms total 55.573ms
08-04 19:29:27.488 14460 14472 I art     : Starting a blocking GC Explicit
08-04 19:29:27.521   380   380 W SurfaceFlinger: couldn't log to binary event log: overflow.
08-04 19:29:27.536 14460 14472 I art     : Explicit concurrent mark sweep GC freed 492(20KB) AllocSpace objects, 0(0B) LOS objects, 33% free, 31MB/47MB, paused 1.309ms total 47.800ms
08-04 19:29:27.550 14460 14472 I art     : Starting a blocking GC Explicit
08-04 19:29:27.594 14460 14472 I art     : Explicit concurrent mark sweep GC freed 111(4KB) AllocSpace objects, 0(0B) LOS objects, 33% free, 31MB/47MB, paused 1.195ms total 43.291ms
08-04 19:29:27.914 14460 14910 I art     : Starting a blocking GC Explicit
08-04 19:29:27.967 14460 14910 I art     : Explicit concurrent mark sweep GC freed 1416(82KB) AllocSpace objects, 1(20KB) LOS objects, 33% free, 31MB/47MB, paused 1.194ms total 53.268ms
08-04 19:29:27.982 14460 14910 I art     : Starting a blocking GC Explicit
08-04 19:29:28.030 14460 14910 I art     : Explicit concurrent mark sweep GC freed 23(752B) AllocSpace objects, 0(0B) LOS objects, 33% free, 31MB/47MB, paused 1.178ms total 47.647ms
08-04 19:29:28.046 14460 14910 I art     : Starting a blocking GC Explicit
08-04 19:29:28.091 14460 14910 I art     : Explicit concurrent mark sweep GC freed 3(96B) AllocSpace objects, 0(0B) LOS objects, 33% free, 31MB/47MB, paused 1.189ms total 45.422ms
08-04 19:29:28.106 14460 14910 I art     : Starting a blocking GC Explicit
08-04 19:29:28.154 14460 14910 I art     : Explicit concurrent mark sweep GC freed 3(96B) AllocSpace objects, 0(0B) LOS objects, 33% free, 31MB/47MB, paused 1.225ms total 47.304ms
08-04 19:29:28.169 14460 14910 I art     : Starting a blocking GC Explicit
08-04 19:29:28.216 14460 14910 I art     : Explicit concurrent mark sweep GC freed 106(5KB) AllocSpace objects, 0(0B) LOS objects, 33% free, 31MB/47MB, paused 1.168ms total 46.995ms
08-04 19:29:28.523 14460 14471 I art     : Starting a blocking GC Explicit
08-04 19:29:28.567 14460 14471 I art     : Explicit concurrent mark sweep GC freed 34519(3MB) AllocSpace objects, 2(48KB) LOS objects, 36% free, 28MB/44MB, paused 1.220ms total 43.189ms
08-04 19:29:28.578 14460 14471 I art     : Starting a blocking GC Explicit
08-04 19:29:28.609 14460 14471 I art     : Explicit concurrent mark sweep GC freed 23(752B) AllocSpace objects, 0(0B) LOS objects, 36% free, 28MB/44MB, paused 1.128ms total 30.300ms
08-04 19:29:28.620 14460 14471 I art     : Starting a blocking GC Explicit
08-04 19:29:28.653 14460 14471 I art     : Explicit concurrent mark sweep GC freed 3(96B) AllocSpace objects, 0(0B) LOS objects, 36% free, 28MB/44MB, paused 1.180ms total 32.330ms
08-04 19:29:28.664 14460 14471 I art     : Starting a blocking GC Explicit
08-04 19:29:28.697 14460 14471 I art     : Explicit concurrent mark sweep GC freed 3(96B) AllocSpace objects, 0(0B) LOS objects, 36% free, 28MB/44MB, paused 1.241ms total 33.191ms
08-04 19:29:28.709 14460 14471 I art     : Starting a blocking GC Explicit
08-04 19:29:28.742 14460 14471 I art     : Explicit concurrent mark sweep GC freed 32(880B) AllocSpace objects, 0(0B) LOS objects, 36% free, 28MB/44MB, paused 1.180ms total 32.771ms
08-04 19:29:28.963 16056 16056 D AndroidRuntime: >>>>>> START com.android.internal.os.RuntimeInit uid 2000 <<<<<<
08-04 19:29:28.970 16056 16056 D AndroidRuntime: CheckJNI is OFF
08-04 19:29:29.010 16056 16056 D ICU     : No timezone override file found: /data/misc/zoneinfo/current/icu/icu_tzdata.dat
08-04 19:29:29.043 14460 14910 I art     : Starting a blocking GC Explicit
08-04 19:29:29.051 16056 16056 I Radio-JNI: register_android_hardware_Radio DONE
08-04 19:29:29.078 14460 14910 I art     : Explicit concurrent mark sweep GC freed 1400(81KB) AllocSpace objects, 1(20KB) LOS objects, 36% free, 28MB/44MB, paused 1.224ms total 34.300ms
08-04 19:29:29.082 16056 16056 D AndroidRuntime: Calling main entry com.android.commands.input.Input
08-04 19:29:29.084 16056 16056 I Input   : injectMotionEvent: MotionEvent { action=ACTION_DOWN, actionButton=0, id[0]=0, x[0]=616.0, y[0]=469.0, toolType[0]=TOOL_TYPE_UNKNOWN, buttonState=0, metaState=0, flags=0x0, edgeFlags=0x0, pointerCount=1, historySize=0, eventTime=732585496, downTime=732585496, deviceId=0, source=0x1002 }
08-04 19:29:29.089 14460 14910 I art     : Starting a blocking GC Explicit
08-04 19:29:29.091 16056 16056 I Input   : injectMotionEvent: MotionEvent { action=ACTION_UP, actionButton=0, id[0]=0, x[0]=616.0, y[0]=469.0, toolType[0]=TOOL_TYPE_UNKNOWN, buttonState=0, metaState=0, flags=0x0, edgeFlags=0x0, pointerCount=1, historySize=0, eventTime=732585496, downTime=732585496, deviceId=0, source=0x1002 }
08-04 19:29:29.095 16056 16056 D AndroidRuntime: Shutting down VM
08-04 19:29:29.123 14460 14910 I art     : Explicit concurrent mark sweep GC freed 61(2368B) AllocSpace objects, 0(0B) LOS objects, 36% free, 28MB/44MB, paused 1.137ms total 33.615ms
08-04 19:29:29.135 14460 14910 I art     : Starting a blocking GC Explicit
08-04 19:29:29.161   512  2967 D audio_hw_primary: out_set_parameters: enter: usecase(1: low-latency-playback) kvpairs: routing=2
08-04 19:29:29.169 14460 14910 I art     : Explicit concurrent mark sweep GC freed 159(6KB) AllocSpace objects, 0(0B) LOS objects, 36% free, 28MB/44MB, paused 1.323ms total 33.833ms
08-04 19:29:29.174   512  2967 D audio_hw_primary: select_devices: out_snd_device(2: speaker) in_snd_device(0: none)
08-04 19:29:29.174   512  2967 D msm8974_platform: platform_send_audio_calibration: sending audio calibration for snd_device(2) acdb_id(15)
08-04 19:29:29.175   512  2967 I soundtrigger: audio_extn_sound_trigger_update_device_status: device 0x2 of type 0 for Event 1
08-04 19:29:29.179 13866 13866 I GoogleInputMethodServic: GoogleInputMethodService.onFinishInput():3138 
08-04 19:29:29.180 13866 13866 I GoogleInputMethodServic: GoogleInputMethodService.onStartInput():1808 
08-04 19:29:29.181 14460 14910 I art     : Starting a blocking GC Explicit
08-04 19:29:29.186   512  2967 D audio_hw_primary: enable_snd_device: snd_device(2: speaker)
08-04 19:29:29.188   512  2967 D audio_hw_primary: enable_audio_route: apply and update mixer path: low-latency-playback speaker
08-04 19:29:29.216 14460 14910 I art     : Explicit concurrent mark sweep GC freed 72(2976B) AllocSpace objects, 0(0B) LOS objects, 36% free, 28MB/44MB, paused 1.131ms total 34.799ms
08-04 19:29:29.227 14460 14910 I art     : Starting a blocking GC Explicit
08-04 19:29:29.260 14460 14910 I art     : Explicit concurrent mark sweep GC freed 19(688B) AllocSpace objects, 0(0B) LOS objects, 36% free, 28MB/44MB, paused 1.558ms total 33.038ms
08-04 19:29:29.324 14460 14996 I NAPPA_EXPERIMENTATION: MetricNetworkRequestExecutionTime: REQUEST_DURATION_SYSTEM='165',REQUEST_DURATION_OKHTTP='163',REQUEST_SYNCHRONOUS='TRUE',RESPONSE_CODE='200',RESPONSE_METHOD='GET',RESPONSE_LENGTH_OKHTTP='-1',RESPONSE_LENGTH_HEADER='628',REQUEST_PROTOCOL='h2',REQUEST_URL='https://itunes.apple.com/lookup?id=1524080195',
08-04 19:29:29.342   918  5952 I ActivityManager: START u0 {cmp=baseline.de.danoeh.antennapod.debug/baseline.de.danoeh.antennapod.activity.OnlineFeedViewActivity (has extras)} from uid 10670 on display 0
08-04 19:29:29.365 13866 13866 I GoogleInputMethodServic: GoogleInputMethodService.onFinishInput():3138 
08-04 19:29:29.365 13866 13866 I GoogleInputMethodServic: GoogleInputMethodService.onStartInput():1808 
08-04 19:29:29.390 14460 14460 D UserPreferences: Using default data folder
08-04 19:29:29.391 14460 14460 D OnlineFeedViewActivity: Activity was started with url https://rss.art19.com/nice-white-parents
08-04 19:29:29.393 14460 14460 D OnlineFeedViewActivity: Starting feed download
08-04 19:29:29.396 14460 14480 D DBReader: Extracting Feedlist
08-04 19:29:29.399   918  6110 D WifiService: acquireWifiLockLocked: WifiLock{Downloader type=1 binder=android.os.BinderProxy@98d0c44}
08-04 19:29:29.400 14460 14480 D AntennapodHttpClient: Creating new instance of HTTP client
08-04 19:29:29.450 13866 13866 I GoogleInputMethodServic: GoogleInputMethodService.onFinishInput():3138 
08-04 19:29:29.450 13866 13866 I GoogleInputMethodServic: GoogleInputMethodService.onStartInput():1808 
08-04 19:29:29.483   918   936 I ActivityManager: Displayed baseline.de.danoeh.antennapod.debug/baseline.de.danoeh.antennapod.activity.OnlineFeedViewActivity: +117ms
08-04 19:29:29.550 14460 14491 I art     : Starting a blocking GC Explicit
08-04 19:29:29.588 14460 14491 I art     : Explicit concurrent mark sweep GC freed 7159(406KB) AllocSpace objects, 4(220KB) LOS objects, 35% free, 28MB/44MB, paused 1.255ms total 38.002ms
08-04 19:29:29.601 14460 14491 I art     : Starting a blocking GC Explicit
08-04 19:29:29.639 14460 14491 I art     : Explicit concurrent mark sweep GC freed 1787(147KB) AllocSpace objects, 0(0B) LOS objects, 35% free, 28MB/44MB, paused 1.404ms total 37.587ms
08-04 19:29:29.653 14460 14491 I art     : Starting a blocking GC Explicit
08-04 19:29:29.692 14460 14491 I art     : Explicit concurrent mark sweep GC freed 7(256B) AllocSpace objects, 0(0B) LOS objects, 35% free, 28MB/44MB, paused 1.302ms total 39.027ms
08-04 19:29:29.695 14460 14480 D MYTAG   : interceptor 3a https://rss.art19.com/nice-white-parents
08-04 19:29:29.695 14460 14480 I NAPPA_EXPERIMENTATION: MetricNetworkRequestExecutionTime: REQUEST_DURATION_SYSTEM='293',REQUEST_DURATION_OKHTTP='141',REQUEST_SYNCHRONOUS='TRUE',RESPONSE_CODE='200',RESPONSE_METHOD='GET',RESPONSE_LENGTH_OKHTTP='-1',RESPONSE_LENGTH_HEADER='1803',REQUEST_PROTOCOL='h2',REQUEST_URL='https://rss.art19.com/nice-white-parents',
08-04 19:29:29.695 14460 14480 D HttpDownloader: Response code is 200
08-04 19:29:29.696 14460 14480 D UserPreferences: Using default data folder
08-04 19:29:29.699 14460 14480 D HttpDownloader: Getting size of download
08-04 19:29:29.699 14460 14480 D HttpDownloader: Size is -1
08-04 19:29:29.699 14460 14480 D UserPreferences: Using default data folder
08-04 19:29:29.699 14460 14480 D HttpDownloader: Free space is 20232429568
08-04 19:29:29.699 14460 14480 D HttpDownloader: Starting download
08-04 19:29:29.700 14460 14480 D HttpDownloader: Download was successful
08-04 19:29:29.701   918  3714 D WifiService: releaseWifiLockLocked: WifiLock{Downloader type=1 binder=android.os.BinderProxy@98d0c44}
08-04 19:29:29.701 14460 14460 D OnlineFeedViewActivity: Parsing feed
08-04 19:29:29.706 14460 16097 D TypeGetter: Recognized type RSS 2.0
08-04 19:29:29.706 14460 14491 I art     : Starting a blocking GC Explicit
08-04 19:29:29.713 14460 16097 D SyndHandler: Recognized ITunes namespace
08-04 19:29:29.713 14460 16097 D SyndHandler: Recognized Atom namespace
08-04 19:29:29.713 14460 16097 D SyndHandler: Recognized Content namespace
08-04 19:29:29.723 14460 16097 D OnlineFeedViewActivity: Deleted feed source file. Result: true
08-04 19:29:29.723 14460 14460 D OnlineFeedViewActivity: Removing HTML from shownotes
08-04 19:29:29.724   380   380 W SurfaceFlinger: couldn't log to binary event log: overflow.
08-04 19:29:29.741   512  2967 D audio_hw_primary: disable_audio_route: reset and update mixer path: low-latency-playback speaker
08-04 19:29:29.742   512  2967 D audio_hw_primary: disable_snd_device: snd_device(2: speaker)
08-04 19:29:29.746 14460 14491 I art     : Explicit concurrent mark sweep GC freed 1397(245KB) AllocSpace objects, 4(128KB) LOS objects, 35% free, 28MB/44MB, paused 1.565ms total 39.367ms
08-04 19:29:29.749   512  2967 I soundtrigger: audio_extn_sound_trigger_update_device_status: device 0x2 of type 0 for Event 0
08-04 19:29:29.757 14460 14491 I art     : Starting a blocking GC Explicit
08-04 19:29:29.789 14460 14491 I art     : Explicit concurrent mark sweep GC freed 891(47KB) AllocSpace objects, 0(0B) LOS objects, 35% free, 28MB/44MB, paused 1.326ms total 31.742ms
08-04 19:29:29.865 14460 14460 D PlaybackController: Releasing PlaybackController
08-04 19:29:30.098 14460 14472 I art     : Starting a blocking GC Explicit
08-04 19:29:30.135 14460 14472 I art     : Explicit concurrent mark sweep GC freed 2100(117KB) AllocSpace objects, 2(132KB) LOS objects, 35% free, 28MB/44MB, paused 1.265ms total 36.717ms
08-04 19:29:30.147 14460 14472 I art     : Starting a blocking GC Explicit
08-04 19:29:30.183 14460 14472 I art     : Explicit concurrent mark sweep GC freed 39(1296B) AllocSpace objects, 0(0B) LOS objects, 35% free, 28MB/44MB, paused 1.236ms total 35.839ms
08-04 19:29:30.195 14460 14472 I art     : Starting a blocking GC Explicit
08-04 19:29:30.231 14460 14472 I art     : Explicit concurrent mark sweep GC freed 3(96B) AllocSpace objects, 0(0B) LOS objects, 35% free, 28MB/44MB, paused 1.269ms total 35.549ms
08-04 19:29:30.243 14460 14472 I art     : Starting a blocking GC Explicit
08-04 19:29:30.280 14460 14472 I art     : Explicit concurrent mark sweep GC freed 3(96B) AllocSpace objects, 0(0B) LOS objects, 35% free, 28MB/44MB, paused 1.276ms total 36.613ms
08-04 19:29:30.292 14460 14472 I art     : Starting a blocking GC Explicit
08-04 19:29:30.329 14460 14472 I art     : Explicit concurrent mark sweep GC freed 3(96B) AllocSpace objects, 0(0B) LOS objects, 35% free, 28MB/44MB, paused 1.243ms total 35.843ms
08-04 19:29:30.647 14460 14491 I art     : Starting a blocking GC Explicit
08-04 19:29:30.691 14460 14491 I art     : Explicit concurrent mark sweep GC freed 1374(82KB) AllocSpace objects, 1(20KB) LOS objects, 35% free, 28MB/44MB, paused 1.371ms total 43.507ms
08-04 19:29:30.705 14460 14491 I art     : Starting a blocking GC Explicit
08-04 19:29:30.744 14460 14491 I art     : Explicit concurrent mark sweep GC freed 52(1536B) AllocSpace objects, 0(0B) LOS objects, 35% free, 28MB/44MB, paused 1.215ms total 39.284ms
08-04 19:29:30.757 14460 14491 I art     : Starting a blocking GC Explicit
08-04 19:29:30.796 14460 14491 I art     : Explicit concurrent mark sweep GC freed 3(96B) AllocSpace objects, 0(0B) LOS objects, 35% free, 28MB/44MB, paused 1.229ms total 38.628ms
08-04 19:29:30.809 14460 14491 I art     : Starting a blocking GC Explicit
08-04 19:29:30.848 14460 14491 I art     : Explicit concurrent mark sweep GC freed 3(96B) AllocSpace objects, 0(0B) LOS objects, 35% free, 28MB/44MB, paused 1.353ms total 38.809ms
08-04 19:29:30.860 14460 14491 I art     : Starting a blocking GC Explicit
08-04 19:29:30.900 14460 14491 I art     : Explicit concurrent mark sweep GC freed 3(96B) AllocSpace objects, 0(0B) LOS objects, 35% free, 28MB/44MB, paused 1.326ms total 39.673ms
08-04 19:29:31.226 14460 14910 I art     : Starting a blocking GC Explicit
08-04 19:29:31.276 14460 14910 I art     : Explicit concurrent mark sweep GC freed 1372(80KB) AllocSpace objects, 1(20KB) LOS objects, 35% free, 28MB/44MB, paused 1.289ms total 49.594ms
08-04 19:29:31.292 14460 14910 I art     : Starting a blocking GC Explicit
08-04 19:29:31.330 14460 14910 I art     : Explicit concurrent mark sweep GC freed 23(752B) AllocSpace objects, 0(0B) LOS objects, 35% free, 28MB/44MB, paused 1.179ms total 38.141ms
08-04 19:29:31.342 14460 14910 I art     : Starting a blocking GC Explicit
08-04 19:29:31.383 14460 14910 I art     : Explicit concurrent mark sweep GC freed 9(288B) AllocSpace objects, 0(0B) LOS objects, 35% free, 28MB/44MB, paused 1.180ms total 40.242ms
08-04 19:29:31.396 14460 14910 I art     : Starting a blocking GC Explicit
08-04 19:29:31.432 14460 14910 I art     : Explicit concurrent mark sweep GC freed 8(256B) AllocSpace objects, 0(0B) LOS objects, 35% free, 28MB/44MB, paused 1.132ms total 36.007ms
08-04 19:29:31.444 14460 14910 I art     : Starting a blocking GC Explicit
08-04 19:29:31.481 14460 14910 I art     : Explicit concurrent mark sweep GC freed 8(256B) AllocSpace objects, 0(0B) LOS objects, 35% free, 28MB/44MB, paused 1.192ms total 36.314ms
08-04 19:29:31.827 14460 14471 I art     : Starting a blocking GC Explicit
08-04 19:29:31.875 14460 14471 I art     : Explicit concurrent mark sweep GC freed 1420(82KB) AllocSpace objects, 1(20KB) LOS objects, 35% free, 28MB/44MB, paused 1.303ms total 47.126ms
08-04 19:29:31.890 14460 14471 I art     : Starting a blocking GC Explicit
08-04 19:29:31.929 14460 14471 I art     : Explicit concurrent mark sweep GC freed 23(752B) AllocSpace objects, 0(0B) LOS objects, 35% free, 28MB/44MB, paused 1.303ms total 39.140ms
08-04 19:29:31.942 14460 14471 I art     : Starting a blocking GC Explicit
08-04 19:29:31.981 14460 14471 I art     : Explicit concurrent mark sweep GC freed 3(96B) AllocSpace objects, 0(0B) LOS objects, 35% free, 28MB/44MB, paused 1.207ms total 38.696ms
08-04 19:29:31.993 14460 14471 I art     : Starting a blocking GC Explicit
08-04 19:29:32.031 14460 14471 I art     : Explicit concurrent mark sweep GC freed 3(96B) AllocSpace objects, 0(0B) LOS objects, 35% free, 28MB/44MB, paused 1.277ms total 38.044ms
08-04 19:29:32.044 14460 14471 I art     : Starting a blocking GC Explicit
08-04 19:29:32.084 14460 14471 I art     : Explicit concurrent mark sweep GC freed 3(96B) AllocSpace objects, 0(0B) LOS objects, 35% free, 28MB/44MB, paused 1.298ms total 39.207ms
08-04 19:29:32.442 14460 14472 I art     : Starting a blocking GC Explicit
08-04 19:29:32.487 14460 14472 I art     : Explicit concurrent mark sweep GC freed 1372(80KB) AllocSpace objects, 1(20KB) LOS objects, 35% free, 28MB/44MB, paused 1.331ms total 44.861ms
08-04 19:29:32.502 14460 14472 I art     : Starting a blocking GC Explicit
08-04 19:29:32.542 14460 14472 I art     : Explicit concurrent mark sweep GC freed 23(752B) AllocSpace objects, 0(0B) LOS objects, 35% free, 28MB/44MB, paused 1.297ms total 39.384ms
08-04 19:29:32.554 14460 14472 I art     : Starting a blocking GC Explicit
08-04 19:29:32.594 14460 14472 I art     : Explicit concurrent mark sweep GC freed 3(96B) AllocSpace objects, 0(0B) LOS objects, 35% free, 28MB/44MB, paused 1.293ms total 39.791ms
08-04 19:29:32.607 14460 14472 I art     : Starting a blocking GC Explicit
08-04 19:29:32.645 14460 14472 I art     : Explicit concurrent mark sweep GC freed 3(96B) AllocSpace objects, 0(0B) LOS objects, 35% free, 28MB/44MB, paused 1.293ms total 38.225ms
08-04 19:29:32.658 14460 14472 I art     : Starting a blocking GC Explicit
08-04 19:29:32.698 14460 14472 I art     : Explicit concurrent mark sweep GC freed 3(96B) AllocSpace objects, 0(0B) LOS objects, 35% free, 28MB/44MB, paused 1.512ms total 39.819ms
08-04 19:29:33.046 14460 14910 I art     : Starting a blocking GC Explicit
08-04 19:29:33.094 14460 14910 I art     : Explicit concurrent mark sweep GC freed 1440(84KB) AllocSpace objects, 1(20KB) LOS objects, 35% free, 28MB/44MB, paused 1.332ms total 47.136ms
08-04 19:29:33.108 14460 14910 I art     : Starting a blocking GC Explicit
08-04 19:29:33.147 14460 14910 I art     : Explicit concurrent mark sweep GC freed 23(752B) AllocSpace objects, 0(0B) LOS objects, 35% free, 28MB/44MB, paused 1.330ms total 39.111ms
08-04 19:29:33.160 14460 14910 I art     : Starting a blocking GC Explicit
08-04 19:29:33.199 14460 14910 I art     : Explicit concurrent mark sweep GC freed 3(96B) AllocSpace objects, 0(0B) LOS objects, 35% free, 28MB/44MB, paused 1.279ms total 39.352ms
08-04 19:29:33.212 14460 14910 I art     : Starting a blocking GC Explicit
08-04 19:29:33.250 14460 14910 I art     : Explicit concurrent mark sweep GC freed 3(96B) AllocSpace objects, 0(0B) LOS objects, 35% free, 28MB/44MB, paused 1.259ms total 37.883ms
08-04 19:29:33.263 14460 14910 I art     : Starting a blocking GC Explicit
08-04 19:29:33.271  7628  7630 E QC-QMI  : qmi_client [7628] 514: failed to locate client data
08-04 19:29:33.273   519   519 E QC-QMI  : qmuxd: RX on fd=18 returned error=0 errno[2:No such file or directory]
08-04 19:29:33.273   519   519 E QC-QMI  : QMUX qmux_client_id=514 not found in qmux client list, unable to remove
08-04 19:29:33.278  7628  7628 I Atfwd_Daemon: Stop the daemon....
08-04 19:29:33.299 14460 14910 I art     : Explicit concurrent mark sweep GC freed 3(96B) AllocSpace objects, 0(0B) LOS objects, 35% free, 28MB/44MB, paused 1.291ms total 36.140ms
08-04 19:29:33.329 16162 16162 W ATFWD-daemon: type=1400 audit(0.0:739065): avc: denied { read write } for name="diag" dev="tmpfs" ino=1296 scontext=u:r:atfwd:s0 tcontext=u:object_r:diag_device:s0 tclass=chr_file permissive=0
08-04 19:29:33.341 16162 16162 I libmdmdetect: ESOC framework not supported
08-04 19:29:33.341 16162 16162 I libmdmdetect: Found internal modem: modem
08-04 19:29:33.342 16162 16162 E Diag_Lib:  Diag_LSM_Init: Failed to open handle to diag driver, error = 13
08-04 19:29:33.346 16162 16162 I Atfwd_Daemon: result : 255 	 ,Init step :0 	 ,qmiErrorCode: 0
08-04 19:29:33.346 16162 16162 I Atfwd_Daemon: result : 0 	 ,Init step :1 	 ,qmiErrorCode: 0
08-04 19:29:33.346 16162 16162 I ServiceManager: Waiting for service AtCmdFwd...
08-04 19:29:33.631 14460 14491 I art     : Starting a blocking GC Explicit
08-04 19:29:33.684 14460 14491 I art     : Explicit concurrent mark sweep GC freed 1490(91KB) AllocSpace objects, 1(20KB) LOS objects, 35% free, 28MB/44MB, paused 1.265ms total 52.477ms
08-04 19:29:33.701 14460 14491 I art     : Starting a blocking GC Explicit
08-04 19:29:33.743 14460 14491 I art     : Explicit concurrent mark sweep GC freed 52(1536B) AllocSpace objects, 0(0B) LOS objects, 35% free, 28MB/44MB, paused 1.154ms total 41.576ms
08-04 19:29:33.756 14460 14491 I art     : Starting a blocking GC Explicit
08-04 19:29:33.794 14460 14491 I art     : Explicit concurrent mark sweep GC freed 3(96B) AllocSpace objects, 0(0B) LOS objects, 35% free, 28MB/44MB, paused 1.130ms total 38.411ms
08-04 19:29:33.807 14460 14491 I art     : Starting a blocking GC Explicit
08-04 19:29:33.846 14460 14491 I art     : Explicit concurrent mark sweep GC freed 3(96B) AllocSpace objects, 0(0B) LOS objects, 35% free, 28MB/44MB, paused 1.106ms total 38.680ms
08-04 19:29:33.858 14460 14491 I art     : Starting a blocking GC Explicit
08-04 19:29:33.897 14460 14491 I art     : Explicit concurrent mark sweep GC freed 3(96B) AllocSpace objects, 0(0B) LOS objects, 35% free, 28MB/44MB, paused 1.134ms total 38.271ms
08-04 19:29:34.242 14460 14471 I art     : Starting a blocking GC Explicit
08-04 19:29:34.292 14460 14471 I art     : Explicit concurrent mark sweep GC freed 1372(80KB) AllocSpace objects, 1(20KB) LOS objects, 35% free, 28MB/44MB, paused 1.298ms total 50.311ms
08-04 19:29:34.309 14460 14471 I art     : Starting a blocking GC Explicit
08-04 19:29:34.347 16162 16162 I ServiceManager: Waiting for service AtCmdFwd...
08-04 19:29:34.351 14460 14471 I art     : Explicit concurrent mark sweep GC freed 23(752B) AllocSpace objects, 0(0B) LOS objects, 35% free, 28MB/44MB, paused 1.174ms total 41.060ms
08-04 19:29:34.363 14460 14471 I art     : Starting a blocking GC Explicit
08-04 19:29:34.402 14460 14471 I art     : Explicit concurrent mark sweep GC freed 3(96B) AllocSpace objects, 0(0B) LOS objects, 35% free, 28MB/44MB, paused 1.147ms total 38.894ms
08-04 19:29:34.415 14460 14471 I art     : Starting a blocking GC Explicit
08-04 19:29:34.454 14460 14471 I art     : Explicit concurrent mark sweep GC freed 3(96B) AllocSpace objects, 0(0B) LOS objects, 35% free, 28MB/44MB, paused 1.101ms total 38.443ms
08-04 19:29:34.466 14460 14471 I art     : Starting a blocking GC Explicit
08-04 19:29:34.504 14460 14471 I art     : Explicit concurrent mark sweep GC freed 3(96B) AllocSpace objects, 0(0B) LOS objects, 35% free, 28MB/44MB, paused 1.138ms total 37.774ms
08-04 19:29:34.833 14460 14472 I art     : Starting a blocking GC Explicit
08-04 19:29:34.884 14460 14472 I art     : Explicit concurrent mark sweep GC freed 1401(81KB) AllocSpace objects, 1(20KB) LOS objects, 35% free, 28MB/44MB, paused 1.198ms total 49.872ms
08-04 19:29:34.899 14460 14472 I art     : Starting a blocking GC Explicit
08-04 19:29:34.938 14460 14472 I art     : Explicit concurrent mark sweep GC freed 23(752B) AllocSpace objects, 0(0B) LOS objects, 35% free, 28MB/44MB, paused 1.134ms total 38.743ms
08-04 19:29:34.951 14460 14472 I art     : Starting a blocking GC Explicit
08-04 19:29:34.989 14460 14472 I art     : Explicit concurrent mark sweep GC freed 3(96B) AllocSpace objects, 0(0B) LOS objects, 35% free, 28MB/44MB, paused 1.174ms total 37.745ms
08-04 19:29:35.001 14460 14472 I art     : Starting a blocking GC Explicit
08-04 19:29:35.042 14460 14472 I art     : Explicit concurrent mark sweep GC freed 3(96B) AllocSpace objects, 0(0B) LOS objects, 35% free, 28MB/44MB, paused 1.137ms total 40.385ms
08-04 19:29:35.055 14460 14472 I art     : Starting a blocking GC Explicit
08-04 19:29:35.091 14460 14472 I art     : Explicit concurrent mark sweep GC freed 3(96B) AllocSpace objects, 0(0B) LOS objects, 35% free, 28MB/44MB, paused 1.069ms total 35.673ms
08-04 19:29:35.348 16162 16162 I ServiceManager: Waiting for service AtCmdFwd...
08-04 19:29:35.442 14460 14910 I art     : Starting a blocking GC Explicit
08-04 19:29:35.486 14460 14910 I art     : Explicit concurrent mark sweep GC freed 1372(80KB) AllocSpace objects, 1(20KB) LOS objects, 35% free, 28MB/44MB, paused 1.200ms total 43.607ms
08-04 19:29:35.499 14460 14910 I art     : Starting a blocking GC Explicit
08-04 19:29:35.539 14460 14910 I art     : Explicit concurrent mark sweep GC freed 23(752B) AllocSpace objects, 0(0B) LOS objects, 35% free, 28MB/44MB, paused 1.196ms total 39.200ms
08-04 19:29:35.551 14460 14910 I art     : Starting a blocking GC Explicit
08-04 19:29:35.588 14460 14910 I art     : Explicit concurrent mark sweep GC freed 3(96B) AllocSpace objects, 0(0B) LOS objects, 35% free, 28MB/44MB, paused 1.218ms total 36.168ms
08-04 19:29:35.600 14460 14910 I art     : Starting a blocking GC Explicit
08-04 19:29:35.639 14460 14910 I art     : Explicit concurrent mark sweep GC freed 3(96B) AllocSpace objects, 0(0B) LOS objects, 35% free, 28MB/44MB, paused 1.173ms total 39.212ms
08-04 19:29:35.652 14460 14910 I art     : Starting a blocking GC Explicit
08-04 19:29:35.690 14460 14910 I art     : Explicit concurrent mark sweep GC freed 3(96B) AllocSpace objects, 0(0B) LOS objects, 35% free, 28MB/44MB, paused 1.149ms total 38.062ms
08-04 19:29:36.032 14460 14491 I art     : Starting a blocking GC Explicit
08-04 19:29:36.078 14460 14491 I art     : Explicit concurrent mark sweep GC freed 1401(81KB) AllocSpace objects, 1(20KB) LOS objects, 35% free, 28MB/44MB, paused 1.371ms total 45.559ms
08-04 19:29:36.093 14460 14491 I art     : Starting a blocking GC Explicit
08-04 19:29:36.128 14460 14491 I art     : Explicit concurrent mark sweep GC freed 23(752B) AllocSpace objects, 0(0B) LOS objects, 35% free, 28MB/44MB, paused 1.176ms total 35.260ms
08-04 19:29:36.140 14460 14491 I art     : Starting a blocking GC Explicit
08-04 19:29:36.176 14460 14491 I art     : Explicit concurrent mark sweep GC freed 3(96B) AllocSpace objects, 0(0B) LOS objects, 35% free, 28MB/44MB, paused 1.054ms total 35.530ms
08-04 19:29:36.188 14460 14491 I art     : Starting a blocking GC Explicit
08-04 19:29:36.226 14460 14491 I art     : Explicit concurrent mark sweep GC freed 3(96B) AllocSpace objects, 0(0B) LOS objects, 35% free, 28MB/44MB, paused 1.138ms total 36.959ms
08-04 19:29:36.238 14460 14491 I art     : Starting a blocking GC Explicit
08-04 19:29:36.277 14460 14491 I art     : Explicit concurrent mark sweep GC freed 3(96B) AllocSpace objects, 0(0B) LOS objects, 35% free, 28MB/44MB, paused 1.243ms total 38.742ms
08-04 19:29:36.348 16162 16162 I ServiceManager: Waiting for service AtCmdFwd...
08-04 19:29:36.614 14460 14471 I art     : Starting a blocking GC Explicit
08-04 19:29:36.661 14460 14471 I art     : Explicit concurrent mark sweep GC freed 1372(80KB) AllocSpace objects, 1(20KB) LOS objects, 35% free, 28MB/44MB, paused 1.286ms total 46.619ms
08-04 19:29:36.679 14460 14471 I art     : Starting a blocking GC Explicit
08-04 19:29:36.717 14460 14471 I art     : Explicit concurrent mark sweep GC freed 23(752B) AllocSpace objects, 0(0B) LOS objects, 35% free, 28MB/44MB, paused 1.125ms total 37.643ms
08-04 19:29:36.729 14460 14471 I art     : Starting a blocking GC Explicit
08-04 19:29:36.769 14460 14471 I art     : Explicit concurrent mark sweep GC freed 32(880B) AllocSpace objects, 0(0B) LOS objects, 35% free, 28MB/44MB, paused 1.142ms total 38.825ms
08-04 19:29:36.781 14460 14471 I art     : Starting a blocking GC Explicit
08-04 19:29:36.819 14460 14471 I art     : Explicit concurrent mark sweep GC freed 3(96B) AllocSpace objects, 0(0B) LOS objects, 35% free, 28MB/44MB, paused 1.130ms total 37.718ms
08-04 19:29:36.832 14460 14471 I art     : Starting a blocking GC Explicit
08-04 19:29:36.871 14460 14471 I art     : Explicit concurrent mark sweep GC freed 3(96B) AllocSpace objects, 0(0B) LOS objects, 35% free, 28MB/44MB, paused 1.143ms total 38.950ms
08-04 19:29:37.223 14460 14472 I art     : Starting a blocking GC Explicit
08-04 19:29:37.264 14460 14472 I art     : Explicit concurrent mark sweep GC freed 1372(80KB) AllocSpace objects, 1(20KB) LOS objects, 35% free, 28MB/44MB, paused 1.162ms total 40.933ms
08-04 19:29:37.279 14460 14472 I art     : Starting a blocking GC Explicit
08-04 19:29:37.318 14460 14472 I art     : Explicit concurrent mark sweep GC freed 23(752B) AllocSpace objects, 0(0B) LOS objects, 35% free, 28MB/44MB, paused 1.180ms total 38.827ms
08-04 19:29:37.331 14460 14472 I art     : Starting a blocking GC Explicit
08-04 19:29:37.349 16162 16162 I ServiceManager: Waiting for service AtCmdFwd...
08-04 19:29:37.367 14460 14472 I art     : Explicit concurrent mark sweep GC freed 3(96B) AllocSpace objects, 0(0B) LOS objects, 35% free, 28MB/44MB, paused 1.128ms total 35.878ms
08-04 19:29:37.380 14460 14472 I art     : Starting a blocking GC Explicit
08-04 19:29:37.413 14460 14472 I art     : Explicit concurrent mark sweep GC freed 3(96B) AllocSpace objects, 0(0B) LOS objects, 35% free, 28MB/44MB, paused 1.096ms total 33.252ms
08-04 19:29:37.425 14460 14472 I art     : Starting a blocking GC Explicit
08-04 19:29:37.459 14460 14472 I art     : Explicit concurrent mark sweep GC freed 3(96B) AllocSpace objects, 0(0B) LOS objects, 35% free, 28MB/44MB, paused 1.122ms total 34.083ms
08-04 19:29:37.494   518   646 I ThermalEngine: ACTION: GPU - Setting GPU[0] to 510000000
08-04 19:29:37.764 14460 14910 I art     : Starting a blocking GC Explicit
08-04 19:29:37.793 14460 14910 I art     : Explicit concurrent mark sweep GC freed 1401(81KB) AllocSpace objects, 1(20KB) LOS objects, 35% free, 28MB/44MB, paused 865us total 28.783ms
08-04 19:29:37.803 14460 14910 I art     : Starting a blocking GC Explicit
08-04 19:29:37.818 16240 16240 D AndroidRuntime: >>>>>> START com.android.internal.os.RuntimeInit uid 2000 <<<<<<
08-04 19:29:37.823 16240 16240 D AndroidRuntime: CheckJNI is OFF
08-04 19:29:37.830 14460 14910 I art     : Explicit concurrent mark sweep GC freed 23(752B) AllocSpace objects, 0(0B) LOS objects, 35% free, 28MB/44MB, paused 881us total 27.333ms
08-04 19:29:37.839 14460 14910 I art     : Starting a blocking GC Explicit
08-04 19:29:37.858 16240 16240 D ICU     : No timezone override file found: /data/misc/zoneinfo/current/icu/icu_tzdata.dat
08-04 19:29:37.867 14460 14910 I art     : Explicit concurrent mark sweep GC freed 3(96B) AllocSpace objects, 0(0B) LOS objects, 35% free, 28MB/44MB, paused 899us total 27.113ms
08-04 19:29:37.876 14460 14910 I art     : Starting a blocking GC Explicit
08-04 19:29:37.894 16240 16240 I Radio-JNI: register_android_hardware_Radio DONE
08-04 19:29:37.903 14460 14910 I art     : Explicit concurrent mark sweep GC freed 3(96B) AllocSpace objects, 0(0B) LOS objects, 35% free, 28MB/44MB, paused 875us total 27.062ms
08-04 19:29:37.912 14460 14910 I art     : Starting a blocking GC Explicit
08-04 19:29:37.916 16240 16240 D AndroidRuntime: Calling main entry com.android.commands.input.Input
08-04 19:29:37.918 16240 16240 I Input   : injectKeyEvent: KeyEvent { action=ACTION_DOWN, keyCode=KEYCODE_BACK, scanCode=0, metaState=0, flags=0x0, repeatCount=0, eventTime=732594331, downTime=732594331, deviceId=-1, source=0x101 }
08-04 19:29:37.923 16240 16240 I Input   : injectKeyEvent: KeyEvent { action=ACTION_UP, keyCode=KEYCODE_BACK, scanCode=0, metaState=0, flags=0x0, repeatCount=0, eventTime=732594331, downTime=732594331, deviceId=-1, source=0x101 }
08-04 19:29:37.930 16240 16240 D AndroidRuntime: Shutting down VM
08-04 19:29:37.936 14460 14460 V PlaybackController: initServiceNotRunning()
08-04 19:29:37.936 14460 14460 D ExternalPlayerFragment: Loading media info
08-04 19:29:37.939 14460 14910 I art     : Explicit concurrent mark sweep GC freed 81(2576B) AllocSpace objects, 0(0B) LOS objects, 35% free, 28MB/44MB, paused 1.014ms total 26.219ms
08-04 19:29:37.943 14460 14460 D UserPreferences: Using default data folder
08-04 19:29:37.945 14460 14480 D DBReader: getNavDrawerData() called with: 
08-04 19:29:37.954 14460 14480 D DBReader: getDownloadedItems() called
08-04 19:29:37.955 14460 14480 D DBReader: getFavoriteIDList() called
08-04 19:29:37.956 14460 14480 D DBReader: getQueueIDList() called
08-04 19:29:37.956 14460 14480 D DBReader: Extracting Feedlist
08-04 19:29:37.972 13866 13866 I GoogleInputMethodServic: GoogleInputMethodService.onFinishInput():3138 
08-04 19:29:37.972 14460 14460 D MainActivity: getLastNavFragment() -> AddFeedFragment
08-04 19:29:37.973 13866 13866 I GoogleInputMethodServic: GoogleInputMethodService.onStartInput():1808 
08-04 19:29:38.228 14460 14491 I art     : Starting a blocking GC Explicit
08-04 19:29:38.264 14460 14491 I art     : Explicit concurrent mark sweep GC freed 2391(149KB) AllocSpace objects, 1(20KB) LOS objects, 35% free, 28MB/44MB, paused 837us total 36.652ms
08-04 19:29:38.275 14460 14491 I art     : Starting a blocking GC Explicit
08-04 19:29:38.283   380   380 W SurfaceFlinger: couldn't log to binary event log: overflow.
08-04 19:29:38.305 14460 14491 I art     : Explicit concurrent mark sweep GC freed 987(46KB) AllocSpace objects, 0(0B) LOS objects, 35% free, 28MB/44MB, paused 808us total 30.690ms
08-04 19:29:38.314 14460 14491 I art     : Starting a blocking GC Explicit
08-04 19:29:38.340 14460 14491 I art     : Explicit concurrent mark sweep GC freed 64(2448B) AllocSpace objects, 0(0B) LOS objects, 35% free, 28MB/44MB, paused 946us total 25.519ms
08-04 19:29:38.348 14460 14491 I art     : Starting a blocking GC Explicit
08-04 19:29:38.349 16162 16162 W Atfwd_Sendcmd: AtCmdFwd service not published, waiting... retryCnt : 1
08-04 19:29:38.374 14460 14491 I art     : Explicit concurrent mark sweep GC freed 2432(151KB) AllocSpace objects, 1(28KB) LOS objects, 36% free, 28MB/44MB, paused 802us total 24.952ms
08-04 19:29:38.382 14460 14491 I art     : Starting a blocking GC Explicit
08-04 19:29:38.409 14460 14491 I art     : Explicit concurrent mark sweep GC freed 3(96B) AllocSpace objects, 0(0B) LOS objects, 36% free, 28MB/44MB, paused 807us total 26.493ms
08-04 19:29:38.706 14460 14910 I art     : Starting a blocking GC Explicit
08-04 19:29:38.741 14460 14910 I art     : Explicit concurrent mark sweep GC freed 1401(81KB) AllocSpace objects, 1(20KB) LOS objects, 36% free, 28MB/44MB, paused 924us total 34.651ms
08-04 19:29:38.754 14460 14910 I art     : Starting a blocking GC Explicit
08-04 19:29:38.782 14460 14910 I art     : Explicit concurrent mark sweep GC freed 23(752B) AllocSpace objects, 0(0B) LOS objects, 36% free, 28MB/44MB, paused 837us total 27.639ms
08-04 19:29:38.792 14460 14910 I art     : Starting a blocking GC Explicit
08-04 19:29:38.820 14460 14910 I art     : Explicit concurrent mark sweep GC freed 3(96B) AllocSpace objects, 0(0B) LOS objects, 36% free, 28MB/44MB, paused 857us total 27.647ms
08-04 19:29:38.829 14460 14910 I art     : Starting a blocking GC Explicit
08-04 19:29:38.858 14460 14910 I art     : Explicit concurrent mark sweep GC freed 3(96B) AllocSpace objects, 0(0B) LOS objects, 36% free, 28MB/44MB, paused 950us total 28.179ms
08-04 19:29:38.867 14460 14910 I art     : Starting a blocking GC Explicit
08-04 19:29:38.896 14460 14910 I art     : Explicit concurrent mark sweep GC freed 3(96B) AllocSpace objects, 0(0B) LOS objects, 36% free, 28MB/44MB, paused 840us total 28.149ms
08-04 19:29:39.187 14460 14472 I art     : Starting a blocking GC Explicit
08-04 19:29:39.216 14460 14472 I art     : Explicit concurrent mark sweep GC freed 1374(82KB) AllocSpace objects, 1(20KB) LOS objects, 36% free, 28MB/44MB, paused 848us total 29.198ms
08-04 19:29:39.226 14460 14472 I art     : Starting a blocking GC Explicit
08-04 19:29:39.253 14460 14472 I art     : Explicit concurrent mark sweep GC freed 23(752B) AllocSpace objects, 0(0B) LOS objects, 36% free, 28MB/44MB, paused 848us total 26.539ms
08-04 19:29:39.262 14460 14472 I art     : Starting a blocking GC Explicit
08-04 19:29:39.288 14460 14472 I art     : Explicit concurrent mark sweep GC freed 3(96B) AllocSpace objects, 0(0B) LOS objects, 36% free, 28MB/44MB, paused 856us total 26.019ms
08-04 19:29:39.297 14460 14472 I art     : Starting a blocking GC Explicit
08-04 19:29:39.323 14460 14472 I art     : Explicit concurrent mark sweep GC freed 3(96B) AllocSpace objects, 0(0B) LOS objects, 36% free, 28MB/44MB, paused 825us total 26.188ms
08-04 19:29:39.332 14460 14472 I art     : Starting a blocking GC Explicit
08-04 19:29:39.359 14460 14472 I art     : Explicit concurrent mark sweep GC freed 3(96B) AllocSpace objects, 0(0B) LOS objects, 36% free, 28MB/44MB, paused 846us total 25.935ms
08-04 19:29:39.588 16295 16295 D AndroidRuntime: >>>>>> START com.android.internal.os.RuntimeInit uid 2000 <<<<<<
08-04 19:29:39.593 16295 16295 D AndroidRuntime: CheckJNI is OFF
08-04 19:29:39.629 16295 16295 D ICU     : No timezone override file found: /data/misc/zoneinfo/current/icu/icu_tzdata.dat
08-04 19:29:39.649 14460 14910 I art     : Starting a blocking GC Explicit
08-04 19:29:39.662 16295 16295 I Radio-JNI: register_android_hardware_Radio DONE
08-04 19:29:39.676 14460 14910 I art     : Explicit concurrent mark sweep GC freed 1385(81KB) AllocSpace objects, 1(20KB) LOS objects, 36% free, 28MB/44MB, paused 777us total 26.672ms
08-04 19:29:39.684 16295 16295 D AndroidRuntime: Calling main entry com.android.commands.input.Input
08-04 19:29:39.686 16295 16295 I Input   : injectKeyEvent: KeyEvent { action=ACTION_DOWN, keyCode=KEYCODE_BACK, scanCode=0, metaState=0, flags=0x0, repeatCount=0, eventTime=732596099, downTime=732596099, deviceId=-1, source=0x101 }
08-04 19:29:39.686 14460 14910 I art     : Starting a blocking GC Explicit
08-04 19:29:39.691 16295 16295 I Input   : injectKeyEvent: KeyEvent { action=ACTION_UP, keyCode=KEYCODE_BACK, scanCode=0, metaState=0, flags=0x0, repeatCount=0, eventTime=732596099, downTime=732596099, deviceId=-1, source=0x101 }
08-04 19:29:39.703 13866 13866 I GoogleInputMethodServic: GoogleInputMethodService.onFinishInput():3138 
08-04 19:29:39.703 13866 13866 I GoogleInputMethodServic: GoogleInputMethodService.onStartInput():1808 
08-04 19:29:39.709 16295 16295 D AndroidRuntime: Shutting down VM
08-04 19:29:39.715 14460 14910 I art     : Explicit concurrent mark sweep GC freed 1045(41KB) AllocSpace objects, 0(0B) LOS objects, 36% free, 28MB/44MB, paused 1.227ms total 28.850ms
08-04 19:29:39.724 14460 14910 I art     : Starting a blocking GC Explicit
08-04 19:29:39.749 14460 14910 I art     : Explicit concurrent mark sweep GC freed 290(17KB) AllocSpace objects, 0(0B) LOS objects, 36% free, 28MB/44MB, paused 843us total 24.409ms
08-04 19:29:39.757 14460 14910 I art     : Starting a blocking GC Explicit
08-04 19:29:39.782 14460 14910 I art     : Explicit concurrent mark sweep GC freed 2500(166KB) AllocSpace objects, 9(1540KB) LOS objects, 37% free, 26MB/42MB, paused 810us total 24.313ms
08-04 19:29:39.790 14460 14910 I art     : Starting a blocking GC Explicit
08-04 19:29:39.816 14460 14910 I art     : Explicit concurrent mark sweep GC freed 28(1216B) AllocSpace objects, 0(0B) LOS objects, 37% free, 26MB/42MB, paused 904us total 25.227ms
08-04 19:29:40.055   918  3188 I hubconnection: sensorhub said: 'set_bias 3: -5.5008, 0.0000, 0.0000'
08-04 19:29:40.092 14460 14472 I art     : Starting a blocking GC Explicit
08-04 19:29:40.126 14460 14472 I art     : Explicit concurrent mark sweep GC freed 1393(81KB) AllocSpace objects, 1(20KB) LOS objects, 37% free, 26MB/42MB, paused 913us total 33.729ms
08-04 19:29:40.139 14460 14472 I art     : Starting a blocking GC Explicit
08-04 19:29:40.171 14460 14472 I art     : Explicit concurrent mark sweep GC freed 23(752B) AllocSpace objects, 0(0B) LOS objects, 37% free, 26MB/42MB, paused 853us total 31.711ms
08-04 19:29:40.181 14460 14472 I art     : Starting a blocking GC Explicit
08-04 19:29:40.208 14460 14472 I art     : Explicit concurrent mark sweep GC freed 3(96B) AllocSpace objects, 0(0B) LOS objects, 37% free, 26MB/42MB, paused 940us total 27.644ms
08-04 19:29:40.218 14460 14472 I art     : Starting a blocking GC Explicit
08-04 19:29:40.246 14460 14472 I art     : Explicit concurrent mark sweep GC freed 3(96B) AllocSpace objects, 0(0B) LOS objects, 37% free, 26MB/42MB, paused 766us total 27.505ms
08-04 19:29:40.255 14460 14472 I art     : Starting a blocking GC Explicit
08-04 19:29:40.282 14460 14472 I art     : Explicit concurrent mark sweep GC freed 3(96B) AllocSpace objects, 0(0B) LOS objects, 37% free, 26MB/42MB, paused 829us total 26.540ms
08-04 19:29:40.503   518   646 I ThermalEngine: ACTION: GPU - Setting GPU[0] to 450000000
08-04 19:29:40.602 14460 14471 I art     : Starting a blocking GC Explicit
08-04 19:29:40.643 14460 14471 I art     : Explicit concurrent mark sweep GC freed 1372(81KB) AllocSpace objects, 1(20KB) LOS objects, 37% free, 26MB/42MB, paused 1.149ms total 40.539ms
08-04 19:29:40.658 14460 14471 I art     : Starting a blocking GC Explicit
08-04 19:29:40.695 14460 14471 I art     : Explicit concurrent mark sweep GC freed 23(752B) AllocSpace objects, 0(0B) LOS objects, 37% free, 26MB/42MB, paused 1.195ms total 37.528ms
08-04 19:29:40.707 14460 14471 I art     : Starting a blocking GC Explicit
08-04 19:29:40.740 14460 14471 I art     : Explicit concurrent mark sweep GC freed 31(848B) AllocSpace objects, 0(0B) LOS objects, 37% free, 26MB/42MB, paused 1.103ms total 32.071ms
08-04 19:29:40.751 14460 14471 I art     : Starting a blocking GC Explicit
08-04 19:29:40.785 14460 14471 I art     : Explicit concurrent mark sweep GC freed 4(128B) AllocSpace objects, 0(0B) LOS objects, 37% free, 26MB/42MB, paused 1.103ms total 33.745ms
08-04 19:29:40.797 14460 14471 I art     : Starting a blocking GC Explicit
08-04 19:29:40.831 14460 14471 I art     : Explicit concurrent mark sweep GC freed 3(96B) AllocSpace objects, 0(0B) LOS objects, 37% free, 26MB/42MB, paused 1.117ms total 33.698ms
08-04 19:29:41.120 14460 14491 I art     : Starting a blocking GC Explicit
08-04 19:29:41.158 14460 14491 I art     : Explicit concurrent mark sweep GC freed 1373(81KB) AllocSpace objects, 1(20KB) LOS objects, 37% free, 26MB/42MB, paused 1.126ms total 37.180ms
08-04 19:29:41.173 14460 14491 I art     : Starting a blocking GC Explicit
08-04 19:29:41.205 14460 14491 I art     : Explicit concurrent mark sweep GC freed 23(752B) AllocSpace objects, 0(0B) LOS objects, 37% free, 26MB/42MB, paused 1.155ms total 32.478ms
08-04 19:29:41.217 14460 14491 I art     : Starting a blocking GC Explicit
08-04 19:29:41.250 14460 14491 I art     : Explicit concurrent mark sweep GC freed 3(96B) AllocSpace objects, 0(0B) LOS objects, 37% free, 26MB/42MB, paused 1.131ms total 32.862ms
08-04 19:29:41.262 14460 14491 I art     : Starting a blocking GC Explicit
08-04 19:29:41.294 14460 14491 I art     : Explicit concurrent mark sweep GC freed 3(96B) AllocSpace objects, 0(0B) LOS objects, 37% free, 26MB/42MB, paused 1.116ms total 32.197ms
08-04 19:29:41.306 14460 14491 I art     : Starting a blocking GC Explicit
08-04 19:29:41.339 14460 14491 I art     : Explicit concurrent mark sweep GC freed 6(192B) AllocSpace objects, 0(0B) LOS objects, 37% free, 26MB/42MB, paused 1.029ms total 33.294ms
08-04 19:29:41.491 16338 16338 D AndroidRuntime: >>>>>> START com.android.internal.os.RuntimeInit uid 2000 <<<<<<
08-04 19:29:41.497 16338 16338 D AndroidRuntime: CheckJNI is OFF
08-04 19:29:41.538 16338 16338 D ICU     : No timezone override file found: /data/misc/zoneinfo/current/icu/icu_tzdata.dat
08-04 19:29:41.577 16338 16338 I Radio-JNI: register_android_hardware_Radio DONE
08-04 19:29:41.604 16338 16338 D AndroidRuntime: Calling main entry com.android.commands.input.Input
08-04 19:29:41.606 16338 16338 I Input   : injectMotionEvent: MotionEvent { action=ACTION_DOWN, actionButton=0, id[0]=0, x[0]=567.0, y[0]=714.0, toolType[0]=TOOL_TYPE_UNKNOWN, buttonState=0, metaState=0, flags=0x0, edgeFlags=0x0, pointerCount=1, historySize=0, eventTime=732598019, downTime=732598019, deviceId=0, source=0x1002 }
08-04 19:29:41.610 16338 16338 I Input   : injectMotionEvent: MotionEvent { action=ACTION_UP, actionButton=0, id[0]=0, x[0]=567.0, y[0]=714.0, toolType[0]=TOOL_TYPE_UNKNOWN, buttonState=0, metaState=0, flags=0x0, edgeFlags=0x0, pointerCount=1, historySize=0, eventTime=732598019, downTime=732598019, deviceId=0, source=0x1002 }
08-04 19:29:41.611 16338 16338 D AndroidRuntime: Shutting down VM
08-04 19:29:41.625   512  2967 D audio_hw_primary: out_set_parameters: enter: usecase(1: low-latency-playback) kvpairs: routing=2
08-04 19:29:41.639   512  2967 D audio_hw_primary: select_devices: out_snd_device(2: speaker) in_snd_device(0: none)
08-04 19:29:41.639   512  2967 D msm8974_platform: platform_send_audio_calibration: sending audio calibration for snd_device(2) acdb_id(15)
08-04 19:29:41.639   512  2967 I soundtrigger: audio_extn_sound_trigger_update_device_status: device 0x2 of type 0 for Event 1
08-04 19:29:41.648   512  2967 D audio_hw_primary: enable_snd_device: snd_device(2: speaker)
08-04 19:29:41.650   512  2967 D audio_hw_primary: enable_audio_route: apply and update mixer path: low-latency-playback speaker
08-04 19:29:41.661 14460 14910 I art     : Starting a blocking GC Explicit
08-04 19:29:41.694 14460 14910 I art     : Explicit concurrent mark sweep GC freed 3714(175KB) AllocSpace objects, 1(20KB) LOS objects, 37% free, 27MB/43MB, paused 1.127ms total 33.338ms
08-04 19:29:41.706 14460 14910 I art     : Starting a blocking GC Explicit
08-04 19:29:41.737 14460 14910 I art     : Explicit concurrent mark sweep GC freed 1644(85KB) AllocSpace objects, 1(220KB) LOS objects, 37% free, 26MB/42MB, paused 1.171ms total 30.710ms
08-04 19:29:41.748 14460 14910 I art     : Starting a blocking GC Explicit
08-04 19:29:41.782 14460 14910 I art     : Explicit concurrent mark sweep GC freed 2833(119KB) AllocSpace objects, 0(0B) LOS objects, 37% free, 26MB/42MB, paused 1.248ms total 33.496ms
08-04 19:29:41.794 14460 14910 I art     : Starting a blocking GC Explicit
08-04 19:29:41.826 14460 14910 I art     : Explicit concurrent mark sweep GC freed 759(31KB) AllocSpace objects, 0(0B) LOS objects, 37% free, 26MB/42MB, paused 1.320ms total 32.281ms
08-04 19:29:41.838 14460 14910 I art     : Starting a blocking GC Explicit
08-04 19:29:41.870 14460 14910 I art     : Explicit concurrent mark sweep GC freed 404(29KB) AllocSpace objects, 0(0B) LOS objects, 37% free, 26MB/42MB, paused 1.155ms total 32.197ms
08-04 19:29:41.974 14460 14995 I NAPPA_EXPERIMENTATION: MetricNetworkRequestExecutionTime: REQUEST_DURATION_SYSTEM='339',REQUEST_DURATION_OKHTTP='155',REQUEST_SYNCHRONOUS='TRUE',RESPONSE_CODE='400',RESPONSE_METHOD='GET',RESPONSE_LENGTH_OKHTTP='0',RESPONSE_LENGTH_HEADER='0',REQUEST_PROTOCOL='h2',REQUEST_URL='https://itunes.apple.com/en/rss/toppodcasts/limit=25/explicit=true/json',
08-04 19:29:42.110 14460 14995 I NAPPA_EXPERIMENTATION: MetricNetworkRequestExecutionTime: REQUEST_DURATION_SYSTEM='135',REQUEST_DURATION_OKHTTP='134',REQUEST_SYNCHRONOUS='TRUE',RESPONSE_CODE='200',RESPONSE_METHOD='GET',RESPONSE_LENGTH_OKHTTP='-1',RESPONSE_LENGTH_HEADER='10075',REQUEST_PROTOCOL='h2',REQUEST_URL='https://itunes.apple.com/us/rss/toppodcasts/limit=25/explicit=true/json',
08-04 19:29:42.160 14460 14471 I art     : Starting a blocking GC Explicit
08-04 19:29:42.161 14460 15210 D ApOkHttpUrlLoader: buildLoadData() called with: model = [https://is4-ssl.mzstatic.com/image/thumb/Podcasts114/v4/3f/16/74/3f167426-bf50-ce3a-d709-e4301620fc5b/mza_5832671293059882550.jpeg/170x170bb.png], width = [224], height = [224]
08-04 19:29:42.162 14460 15213 D DBReader: getImageAuthentication() called with: imageUrl = [https://is4-ssl.mzstatic.com/image/thumb/Podcasts114/v4/3f/16/74/3f167426-bf50-ce3a-d709-e4301620fc5b/mza_5832671293059882550.jpeg/170x170bb.png]
08-04 19:29:42.166 14460 15213 D ApOkHttpUrlLoader: no credentials for 'https://is4-ssl.mzstatic.com/image/thumb/Podcasts114/v4/3f/16/74/3f167426-bf50-ce3a-d709-e4301620fc5b/mza_5832671293059882550.jpeg/170x170bb.png'
08-04 19:29:42.176 14460 15208 D ApOkHttpUrlLoader: buildLoadData() called with: model = [https://is4-ssl.mzstatic.com/image/thumb/Podcasts113/v4/e5/8a/10/e58a108f-f5d0-f622-c94a-13f66edd570c/mza_3025981348644196724.jpg/170x170bb.png], width = [224], height = [224]
08-04 19:29:42.177 14460 15207 D DBReader: getImageAuthentication() called with: imageUrl = [https://is4-ssl.mzstatic.com/image/thumb/Podcasts113/v4/e5/8a/10/e58a108f-f5d0-f622-c94a-13f66edd570c/mza_3025981348644196724.jpg/170x170bb.png]
08-04 19:29:42.181 14460 15207 D ApOkHttpUrlLoader: no credentials for 'https://is4-ssl.mzstatic.com/image/thumb/Podcasts113/v4/e5/8a/10/e58a108f-f5d0-f622-c94a-13f66edd570c/mza_3025981348644196724.jpg/170x170bb.png'
08-04 19:29:42.181 14460 15204 D ApOkHttpUrlLoader: buildLoadData() called with: model = [https://is2-ssl.mzstatic.com/image/thumb/Podcasts113/v4/a9/39/cc/a939ccc5-6d60-0c11-0a4c-16d71cdef89b/mza_8787577209688278658.jpg/170x170bb.png], width = [224], height = [224]
08-04 19:29:42.182 14460 15211 D DBReader: getImageAuthentication() called with: imageUrl = [https://is2-ssl.mzstatic.com/image/thumb/Podcasts113/v4/a9/39/cc/a939ccc5-6d60-0c11-0a4c-16d71cdef89b/mza_8787577209688278658.jpg/170x170bb.png]
08-04 19:29:42.187 14460 15206 D ApOkHttpUrlLoader: buildLoadData() called with: model = [https://is5-ssl.mzstatic.com/image/thumb/Podcasts114/v4/93/cf/99/93cf9960-fff3-205e-6655-72c03ddeccb2/mza_10545582232493904175.jpeg/170x170bb.png], width = [224], height = [224]
08-04 19:29:42.187 14460 15211 D ApOkHttpUrlLoader: no credentials for 'https://is2-ssl.mzstatic.com/image/thumb/Podcasts113/v4/a9/39/cc/a939ccc5-6d60-0c11-0a4c-16d71cdef89b/mza_8787577209688278658.jpg/170x170bb.png'
08-04 19:29:42.188 14460 15214 D DBReader: getImageAuthentication() called with: imageUrl = [https://is5-ssl.mzstatic.com/image/thumb/Podcasts114/v4/93/cf/99/93cf9960-fff3-205e-6655-72c03ddeccb2/mza_10545582232493904175.jpeg/170x170bb.png]
08-04 19:29:42.189   512  2967 D audio_hw_primary: disable_audio_route: reset and update mixer path: low-latency-playback speaker
08-04 19:29:42.190   512  2967 D audio_hw_primary: disable_snd_device: snd_device(2: speaker)
08-04 19:29:42.192 14460 15214 D ApOkHttpUrlLoader: no credentials for 'https://is5-ssl.mzstatic.com/image/thumb/Podcasts114/v4/93/cf/99/93cf9960-fff3-205e-6655-72c03ddeccb2/mza_10545582232493904175.jpeg/170x170bb.png'
08-04 19:29:42.193 14460 15210 D ApOkHttpUrlLoader: buildLoadData() called with: model = [https://is4-ssl.mzstatic.com/image/thumb/Podcasts124/v4/49/a4/91/49a491b7-3daf-c5dc-d7c6-6c4f1486955c/mza_5930014091766152297.png/170x170bb.png], width = [224], height = [224]
08-04 19:29:42.195 14460 15212 D DBReader: getImageAuthentication() called with: imageUrl = [https://is4-ssl.mzstatic.com/image/thumb/Podcasts124/v4/49/a4/91/49a491b7-3daf-c5dc-d7c6-6c4f1486955c/mza_5930014091766152297.png/170x170bb.png]
08-04 19:29:42.199   512  2967 I soundtrigger: audio_extn_sound_trigger_update_device_status: device 0x2 of type 0 for Event 0
08-04 19:29:42.202 14460 15208 D ApOkHttpUrlLoader: buildLoadData() called with: model = [https://is5-ssl.mzstatic.com/image/thumb/Podcasts113/v4/fd/54/6e/fd546ea0-7ab2-e3f0-6049-884d82917af9/mza_4855349695799758348.jpeg/170x170bb.png], width = [224], height = [224]
08-04 19:29:42.203 14460 15209 D DBReader: getImageAuthentication() called with: imageUrl = [https://is5-ssl.mzstatic.com/image/thumb/Podcasts113/v4/fd/54/6e/fd546ea0-7ab2-e3f0-6049-884d82917af9/mza_4855349695799758348.jpeg/170x170bb.png]
08-04 19:29:42.204 14460 15212 D ApOkHttpUrlLoader: no credentials for 'https://is4-ssl.mzstatic.com/image/thumb/Podcasts124/v4/49/a4/91/49a491b7-3daf-c5dc-d7c6-6c4f1486955c/mza_5930014091766152297.png/170x170bb.png'
08-04 19:29:42.205 14460 15204 D ApOkHttpUrlLoader: buildLoadData() called with: model = [https://is2-ssl.mzstatic.com/image/thumb/Podcasts114/v4/b3/4c/cf/b34ccfc2-cea4-1ca1-0fad-7793af301cc5/mza_2466085192629456364.jpg/170x170bb.png], width = [224], height = [224]
08-04 19:29:42.206 14460 15205 D DBReader: getImageAuthentication() called with: imageUrl = [https://is2-ssl.mzstatic.com/image/thumb/Podcasts114/v4/b3/4c/cf/b34ccfc2-cea4-1ca1-0fad-7793af301cc5/mza_2466085192629456364.jpg/170x170bb.png]
08-04 19:29:42.209 14460 15209 D ApOkHttpUrlLoader: no credentials for 'https://is5-ssl.mzstatic.com/image/thumb/Podcasts113/v4/fd/54/6e/fd546ea0-7ab2-e3f0-6049-884d82917af9/mza_4855349695799758348.jpeg/170x170bb.png'
08-04 19:29:42.212 14460 14471 I art     : Explicit concurrent mark sweep GC freed 12376(724KB) AllocSpace objects, 5(372KB) LOS objects, 37% free, 27MB/43MB, paused 2.743ms total 51.268ms
08-04 19:29:42.214 14460 15205 D ApOkHttpUrlLoader: no credentials for 'https://is2-ssl.mzstatic.com/image/thumb/Podcasts114/v4/b3/4c/cf/b34ccfc2-cea4-1ca1-0fad-7793af301cc5/mza_2466085192629456364.jpg/170x170bb.png'
08-04 19:29:42.224 14460 14471 I art     : Starting a blocking GC Explicit
08-04 19:29:42.257 14460 14471 I art     : Explicit concurrent mark sweep GC freed 866(50KB) AllocSpace objects, 0(0B) LOS objects, 37% free, 26MB/42MB, paused 1.640ms total 32.305ms
08-04 19:29:42.268 14460 14471 I art     : Starting a blocking GC Explicit
08-04 19:29:42.303 14460 14471 I art     : Explicit concurrent mark sweep GC freed 2812(122KB) AllocSpace objects, 0(0B) LOS objects, 37% free, 26MB/42MB, paused 1.575ms total 35.020ms
08-04 19:29:42.315 14460 14471 I art     : Starting a blocking GC Explicit
08-04 19:29:42.352 14460 14471 I art     : Explicit concurrent mark sweep GC freed 15793(668KB) AllocSpace objects, 0(0B) LOS objects, 37% free, 27MB/43MB, paused 1.786ms total 36.167ms
08-04 19:29:42.366 14460 14471 I art     : Starting a blocking GC Explicit
08-04 19:29:42.401 14460 14471 I art     : Explicit concurrent mark sweep GC freed 9063(493KB) AllocSpace objects, 0(0B) LOS objects, 37% free, 26MB/42MB, paused 1.626ms total 34.626ms
08-04 19:29:42.467 14460 15213 D MYTAG   : interceptor 2a
08-04 19:29:42.468 14460 15213 I NAPPA_EXPERIMENTATION: MetricNetworkRequestExecutionTime: REQUEST_DURATION_SYSTEM='301',REQUEST_DURATION_OKHTTP='147',REQUEST_SYNCHRONOUS='TRUE',RESPONSE_CODE='200',RESPONSE_METHOD='GET',RESPONSE_LENGTH_OKHTTP='26177',RESPONSE_LENGTH_HEADER='26177',REQUEST_PROTOCOL='h2',REQUEST_URL='https://is4-ssl.mzstatic.com/image/thumb/Podcasts114/v4/3f/16/74/3f167426-bf50-ce3a-d709-e4301620fc5b/mza_5832671293059882550.jpeg/170x170bb.png',
08-04 19:29:42.553 14460 15207 D MYTAG   : interceptor 2a
08-04 19:29:42.553 14460 15207 I NAPPA_EXPERIMENTATION: MetricNetworkRequestExecutionTime: REQUEST_DURATION_SYSTEM='372',REQUEST_DURATION_OKHTTP='191',REQUEST_SYNCHRONOUS='TRUE',RESPONSE_CODE='200',RESPONSE_METHOD='GET',RESPONSE_LENGTH_OKHTTP='45995',RESPONSE_LENGTH_HEADER='45995',REQUEST_PROTOCOL='h2',REQUEST_URL='https://is4-ssl.mzstatic.com/image/thumb/Podcasts113/v4/e5/8a/10/e58a108f-f5d0-f622-c94a-13f66edd570c/mza_3025981348644196724.jpg/170x170bb.png',
08-04 19:29:42.577 14460 15214 D MYTAG   : interceptor 2a
08-04 19:29:42.578 14460 15214 I NAPPA_EXPERIMENTATION: MetricNetworkRequestExecutionTime: REQUEST_DURATION_SYSTEM='385',REQUEST_DURATION_OKHTTP='217',REQUEST_SYNCHRONOUS='TRUE',RESPONSE_CODE='200',RESPONSE_METHOD='GET',RESPONSE_LENGTH_OKHTTP='22351',RESPONSE_LENGTH_HEADER='22351',REQUEST_PROTOCOL='h2',REQUEST_URL='https://is5-ssl.mzstatic.com/image/thumb/Podcasts114/v4/93/cf/99/93cf9960-fff3-205e-6655-72c03ddeccb2/mza_10545582232493904175.jpeg/170x170bb.png',
08-04 19:29:42.594 14460 15209 D MYTAG   : interceptor 2a
08-04 19:29:42.594 14460 15209 I NAPPA_EXPERIMENTATION: MetricNetworkRequestExecutionTime: REQUEST_DURATION_SYSTEM='385',REQUEST_DURATION_OKHTTP='205',REQUEST_SYNCHRONOUS='TRUE',RESPONSE_CODE='200',RESPONSE_METHOD='GET',RESPONSE_LENGTH_OKHTTP='54835',RESPONSE_LENGTH_HEADER='54835',REQUEST_PROTOCOL='h2',REQUEST_URL='https://is5-ssl.mzstatic.com/image/thumb/Podcasts113/v4/fd/54/6e/fd546ea0-7ab2-e3f0-6049-884d82917af9/mza_4855349695799758348.jpeg/170x170bb.png',
08-04 19:29:42.603 14460 15212 D MYTAG   : interceptor 2a
08-04 19:29:42.603 14460 15212 I NAPPA_EXPERIMENTATION: MetricNetworkRequestExecutionTime: REQUEST_DURATION_SYSTEM='399',REQUEST_DURATION_OKHTTP='240',REQUEST_SYNCHRONOUS='TRUE',RESPONSE_CODE='200',RESPONSE_METHOD='GET',RESPONSE_LENGTH_OKHTTP='12000',RESPONSE_LENGTH_HEADER='12000',REQUEST_PROTOCOL='h2',REQUEST_URL='https://is4-ssl.mzstatic.com/image/thumb/Podcasts124/v4/49/a4/91/49a491b7-3daf-c5dc-d7c6-6c4f1486955c/mza_5930014091766152297.png/170x170bb.png',
08-04 19:29:42.604 14460 15211 D MYTAG   : interceptor 2a
08-04 19:29:42.605 14460 15211 I NAPPA_EXPERIMENTATION: MetricNetworkRequestExecutionTime: REQUEST_DURATION_SYSTEM='416',REQUEST_DURATION_OKHTTP='242',REQUEST_SYNCHRONOUS='TRUE',RESPONSE_CODE='200',RESPONSE_METHOD='GET',RESPONSE_LENGTH_OKHTTP='48239',RESPONSE_LENGTH_HEADER='48239',REQUEST_PROTOCOL='h2',REQUEST_URL='https://is2-ssl.mzstatic.com/image/thumb/Podcasts113/v4/a9/39/cc/a939ccc5-6d60-0c11-0a4c-16d71cdef89b/mza_8787577209688278658.jpg/170x170bb.png',
08-04 19:29:42.627 14460 15205 D MYTAG   : interceptor 2a
08-04 19:29:42.627 14460 15205 I NAPPA_EXPERIMENTATION: MetricNetworkRequestExecutionTime: REQUEST_DURATION_SYSTEM='413',REQUEST_DURATION_OKHTTP='233',REQUEST_SYNCHRONOUS='TRUE',RESPONSE_CODE='200',RESPONSE_METHOD='GET',RESPONSE_LENGTH_OKHTTP='42299',RESPONSE_LENGTH_HEADER='42299',REQUEST_PROTOCOL='h2',REQUEST_URL='https://is2-ssl.mzstatic.com/image/thumb/Podcasts114/v4/b3/4c/cf/b34ccfc2-cea4-1ca1-0fad-7793af301cc5/mza_2466085192629456364.jpg/170x170bb.png',
08-04 19:29:42.690 14460 14472 I art     : Starting a blocking GC Explicit
08-04 19:29:42.725 14460 14472 I art     : Explicit concurrent mark sweep GC freed 5151(348KB) AllocSpace objects, 1(20KB) LOS objects, 36% free, 28MB/44MB, paused 1.274ms total 35.082ms
08-04 19:29:42.737 14460 14472 I art     : Starting a blocking GC Explicit
08-04 19:29:42.772 14460 14472 I art     : Explicit concurrent mark sweep GC freed 237(9KB) AllocSpace objects, 0(0B) LOS objects, 36% free, 28MB/44MB, paused 1.217ms total 34.630ms
08-04 19:29:42.784 14460 14472 I art     : Starting a blocking GC Explicit
08-04 19:29:42.819 14460 14472 I art     : Explicit concurrent mark sweep GC freed 3(96B) AllocSpace objects, 0(0B) LOS objects, 36% free, 28MB/44MB, paused 1.336ms total 35.480ms
08-04 19:29:42.832 14460 14472 I art     : Starting a blocking GC Explicit
08-04 19:29:42.867 14460 14472 I art     : Explicit concurrent mark sweep GC freed 3(96B) AllocSpace objects, 0(0B) LOS objects, 36% free, 28MB/44MB, paused 1.360ms total 35.684ms
08-04 19:29:42.879 14460 14472 I art     : Starting a blocking GC Explicit
08-04 19:29:42.915 14460 14472 I art     : Explicit concurrent mark sweep GC freed 3(96B) AllocSpace objects, 0(0B) LOS objects, 36% free, 28MB/44MB, paused 1.293ms total 35.081ms
08-04 19:29:43.241 14460 16273 I art     : Starting a blocking GC Explicit
08-04 19:29:43.284 14460 16273 I art     : Explicit concurrent mark sweep GC freed 1372(80KB) AllocSpace objects, 1(20KB) LOS objects, 36% free, 28MB/44MB, paused 1.354ms total 42.841ms
08-04 19:29:43.298 14460 16273 I art     : Starting a blocking GC Explicit
08-04 19:29:43.336 14460 16273 I art     : Explicit concurrent mark sweep GC freed 23(752B) AllocSpace objects, 0(0B) LOS objects, 36% free, 28MB/44MB, paused 1.339ms total 38.241ms
08-04 19:29:43.349 14460 16273 I art     : Starting a blocking GC Explicit
08-04 19:29:43.350 16162 16162 I ServiceManager: Waiting for service AtCmdFwd...
08-04 19:29:43.386 14460 16273 I art     : Explicit concurrent mark sweep GC freed 3(96B) AllocSpace objects, 0(0B) LOS objects, 36% free, 28MB/44MB, paused 1.346ms total 36.542ms
08-04 19:29:43.398 14460 16273 I art     : Starting a blocking GC Explicit
08-04 19:29:43.437 14460 16273 I art     : Explicit concurrent mark sweep GC freed 3(96B) AllocSpace objects, 0(0B) LOS objects, 36% free, 28MB/44MB, paused 1.313ms total 38.210ms
08-04 19:29:43.449 14460 16273 I art     : Starting a blocking GC Explicit
08-04 19:29:43.486 14460 16273 I art     : Explicit concurrent mark sweep GC freed 3(96B) AllocSpace objects, 0(0B) LOS objects, 36% free, 28MB/44MB, paused 1.269ms total 36.721ms
08-04 19:29:43.857 14460 14491 I art     : Starting a blocking GC Explicit
08-04 19:29:43.896 14460 14491 I art     : Explicit concurrent mark sweep GC freed 1418(82KB) AllocSpace objects, 1(20KB) LOS objects, 36% free, 28MB/44MB, paused 1.212ms total 38.512ms
08-04 19:29:43.909 14460 14491 I art     : Starting a blocking GC Explicit
08-04 19:29:43.945 14460 14491 I art     : Explicit concurrent mark sweep GC freed 30(976B) AllocSpace objects, 0(0B) LOS objects, 36% free, 28MB/44MB, paused 1.210ms total 35.607ms
08-04 19:29:43.958 14460 14491 I art     : Starting a blocking GC Explicit
08-04 19:29:43.993 14460 14491 I art     : Explicit concurrent mark sweep GC freed 7(224B) AllocSpace objects, 0(0B) LOS objects, 36% free, 28MB/44MB, paused 1.171ms total 34.713ms
08-04 19:29:44.005 14460 14491 I art     : Starting a blocking GC Explicit
08-04 19:29:44.041 14460 14491 I art     : Explicit concurrent mark sweep GC freed 4(128B) AllocSpace objects, 0(0B) LOS objects, 36% free, 28MB/44MB, paused 1.215ms total 36.566ms
08-04 19:29:44.053 14460 14491 I art     : Starting a blocking GC Explicit
08-04 19:29:44.093 14460 14491 I art     : Explicit concurrent mark sweep GC freed 3(96B) AllocSpace objects, 0(0B) LOS objects, 36% free, 28MB/44MB, paused 1.262ms total 38.756ms
08-04 19:29:44.350 16162 16162 I ServiceManager: Waiting for service AtCmdFwd...
08-04 19:29:44.428 14460 14472 I art     : Starting a blocking GC Explicit
08-04 19:29:44.480 14460 14472 I art     : Explicit concurrent mark sweep GC freed 1374(82KB) AllocSpace objects, 1(20KB) LOS objects, 36% free, 28MB/44MB, paused 1.679ms total 51.106ms
08-04 19:29:44.495 14460 14472 I art     : Starting a blocking GC Explicit
08-04 19:29:44.533 14460 14472 I art     : Explicit concurrent mark sweep GC freed 23(752B) AllocSpace objects, 0(0B) LOS objects, 36% free, 28MB/44MB, paused 1.347ms total 37.296ms
08-04 19:29:44.545 14460 14472 I art     : Starting a blocking GC Explicit
08-04 19:29:44.584 14460 14472 I art     : Explicit concurrent mark sweep GC freed 3(96B) AllocSpace objects, 0(0B) LOS objects, 36% free, 28MB/44MB, paused 1.329ms total 38.432ms
08-04 19:29:44.596 14460 14472 I art     : Starting a blocking GC Explicit
08-04 19:29:44.632 14460 14472 I art     : Explicit concurrent mark sweep GC freed 3(96B) AllocSpace objects, 0(0B) LOS objects, 36% free, 28MB/44MB, paused 1.277ms total 35.628ms
08-04 19:29:44.644 14460 14472 I art     : Starting a blocking GC Explicit
08-04 19:29:44.683 14460 14472 I art     : Explicit concurrent mark sweep GC freed 3(96B) AllocSpace objects, 0(0B) LOS objects, 36% free, 28MB/44MB, paused 1.342ms total 38.583ms
08-04 19:29:45.025 14460 14471 I art     : Starting a blocking GC Explicit
08-04 19:29:45.073 14460 14471 I art     : Explicit concurrent mark sweep GC freed 1402(82KB) AllocSpace objects, 1(20KB) LOS objects, 36% free, 28MB/44MB, paused 1.438ms total 47.867ms
08-04 19:29:45.090 14460 14471 I art     : Starting a blocking GC Explicit
08-04 19:29:45.129 14460 14471 I art     : Explicit concurrent mark sweep GC freed 23(752B) AllocSpace objects, 0(0B) LOS objects, 36% free, 28MB/44MB, paused 1.351ms total 38.904ms
08-04 19:29:45.142 14460 14471 I art     : Starting a blocking GC Explicit
08-04 19:29:45.180 14460 14471 I art     : Explicit concurrent mark sweep GC freed 3(96B) AllocSpace objects, 0(0B) LOS objects, 36% free, 28MB/44MB, paused 1.285ms total 38.166ms
08-04 19:29:45.193 14460 14471 I art     : Starting a blocking GC Explicit
08-04 19:29:45.230 14460 14471 I art     : Explicit concurrent mark sweep GC freed 3(96B) AllocSpace objects, 0(0B) LOS objects, 36% free, 28MB/44MB, paused 1.280ms total 36.961ms
08-04 19:29:45.242 14460 14471 I art     : Starting a blocking GC Explicit
08-04 19:29:45.279 14460 14471 I art     : Explicit concurrent mark sweep GC freed 3(96B) AllocSpace objects, 0(0B) LOS objects, 36% free, 28MB/44MB, paused 1.350ms total 37.064ms
08-04 19:29:45.351 16162 16162 I ServiceManager: Waiting for service AtCmdFwd...
08-04 19:29:45.620 14460 16273 I art     : Starting a blocking GC Explicit
08-04 19:29:45.668 14460 16273 I art     : Explicit concurrent mark sweep GC freed 1374(82KB) AllocSpace objects, 1(20KB) LOS objects, 36% free, 28MB/44MB, paused 1.427ms total 47.275ms
08-04 19:29:45.684 14460 16273 I art     : Starting a blocking GC Explicit
08-04 19:29:45.722 14460 16273 I art     : Explicit concurrent mark sweep GC freed 23(752B) AllocSpace objects, 0(0B) LOS objects, 36% free, 28MB/44MB, paused 1.283ms total 37.928ms
08-04 19:29:45.734 14460 16273 I art     : Starting a blocking GC Explicit
08-04 19:29:45.772 14460 16273 I art     : Explicit concurrent mark sweep GC freed 32(880B) AllocSpace objects, 0(0B) LOS objects, 36% free, 28MB/44MB, paused 1.493ms total 37.386ms
08-04 19:29:45.784 14460 16273 I art     : Starting a blocking GC Explicit
08-04 19:29:45.823 14460 16273 I art     : Explicit concurrent mark sweep GC freed 3(96B) AllocSpace objects, 0(0B) LOS objects, 36% free, 28MB/44MB, paused 1.351ms total 38.128ms
08-04 19:29:45.835 14460 16273 I art     : Starting a blocking GC Explicit
08-04 19:29:45.872 14460 16273 I art     : Explicit concurrent mark sweep GC freed 3(96B) AllocSpace objects, 0(0B) LOS objects, 36% free, 28MB/44MB, paused 1.429ms total 36.708ms
08-04 19:29:45.988   918  3188 I hubconnection: sensorhub said: 'set_bias 3: -6.1728, 0.0000, 0.0000'
08-04 19:29:46.210 14460 14472 I art     : Starting a blocking GC Explicit
08-04 19:29:46.249 14460 14472 I art     : Explicit concurrent mark sweep GC freed 1373(81KB) AllocSpace objects, 1(20KB) LOS objects, 36% free, 28MB/44MB, paused 1.485ms total 38.303ms
08-04 19:29:46.261 14460 14472 I art     : Starting a blocking GC Explicit
08-04 19:29:46.296 14460 14472 I art     : Explicit concurrent mark sweep GC freed 70(2528B) AllocSpace objects, 0(0B) LOS objects, 36% free, 28MB/44MB, paused 1.290ms total 35.140ms
08-04 19:29:46.309 14460 14472 I art     : Starting a blocking GC Explicit
08-04 19:29:46.346 14460 14472 I art     : Explicit concurrent mark sweep GC freed 3(96B) AllocSpace objects, 0(0B) LOS objects, 36% free, 28MB/44MB, paused 1.287ms total 36.939ms
08-04 19:29:46.352 16162 16162 I ServiceManager: Waiting for service AtCmdFwd...
08-04 19:29:46.358 14460 14472 I art     : Starting a blocking GC Explicit
08-04 19:29:46.396 14460 14472 I art     : Explicit concurrent mark sweep GC freed 3(96B) AllocSpace objects, 0(0B) LOS objects, 36% free, 28MB/44MB, paused 1.318ms total 38.058ms
08-04 19:29:46.409 14460 14472 I art     : Starting a blocking GC Explicit
08-04 19:29:46.448 14460 14472 I art     : Explicit concurrent mark sweep GC freed 3(96B) AllocSpace objects, 0(0B) LOS objects, 36% free, 28MB/44MB, paused 1.506ms total 38.213ms
08-04 19:29:46.514   518   646 I ThermalEngine: ACTION: GPU - Setting GPU[0] to 510000000
08-04 19:29:46.790 14460 16273 I art     : Starting a blocking GC Explicit
08-04 19:29:46.829 14460 16273 I art     : Explicit concurrent mark sweep GC freed 1401(81KB) AllocSpace objects, 1(20KB) LOS objects, 36% free, 28MB/44MB, paused 1.022ms total 38.776ms
08-04 19:29:46.842 14460 16273 I art     : Starting a blocking GC Explicit
08-04 19:29:46.871 14460 16273 I art     : Explicit concurrent mark sweep GC freed 23(752B) AllocSpace objects, 0(0B) LOS objects, 36% free, 28MB/44MB, paused 966us total 28.175ms
08-04 19:29:46.880 14460 16273 I art     : Starting a blocking GC Explicit
08-04 19:29:46.909 14460 16273 I art     : Explicit concurrent mark sweep GC freed 3(96B) AllocSpace objects, 0(0B) LOS objects, 36% free, 28MB/44MB, paused 1.001ms total 28.092ms
08-04 19:29:46.918 14460 16273 I art     : Starting a blocking GC Explicit
08-04 19:29:46.946 14460 16273 I art     : Explicit concurrent mark sweep GC freed 3(96B) AllocSpace objects, 0(0B) LOS objects, 36% free, 28MB/44MB, paused 991us total 28.185ms
08-04 19:29:46.956 14460 16273 I art     : Starting a blocking GC Explicit
08-04 19:29:46.984 14460 16273 I art     : Explicit concurrent mark sweep GC freed 3(96B) AllocSpace objects, 0(0B) LOS objects, 36% free, 28MB/44MB, paused 952us total 27.860ms
08-04 19:29:47.313 14460 14471 I art     : Starting a blocking GC Explicit
08-04 19:29:47.353 14460 14471 I art     : Explicit concurrent mark sweep GC freed 1372(80KB) AllocSpace objects, 1(20KB) LOS objects, 36% free, 28MB/44MB, paused 970us total 38.847ms
08-04 19:29:47.354 16162 16162 I ServiceManager: Waiting for service AtCmdFwd...
08-04 19:29:47.365 14460 14471 I art     : Starting a blocking GC Explicit
08-04 19:29:47.394 14460 14471 I art     : Explicit concurrent mark sweep GC freed 23(752B) AllocSpace objects, 0(0B) LOS objects, 36% free, 28MB/44MB, paused 959us total 28.086ms
08-04 19:29:47.403 14460 14471 I art     : Starting a blocking GC Explicit
08-04 19:29:47.431 14460 14471 I art     : Explicit concurrent mark sweep GC freed 3(96B) AllocSpace objects, 0(0B) LOS objects, 36% free, 28MB/44MB, paused 957us total 27.943ms
08-04 19:29:47.441 14460 14471 I art     : Starting a blocking GC Explicit
08-04 19:29:47.469 14460 14471 I art     : Explicit concurrent mark sweep GC freed 3(96B) AllocSpace objects, 0(0B) LOS objects, 36% free, 28MB/44MB, paused 937us total 28.018ms
08-04 19:29:47.478 14460 14471 I art     : Starting a blocking GC Explicit
08-04 19:29:47.507 14460 14471 I art     : Explicit concurrent mark sweep GC freed 3(96B) AllocSpace objects, 0(0B) LOS objects, 36% free, 28MB/44MB, paused 947us total 27.877ms
08-04 19:29:47.843 14460 14910 I art     : Starting a blocking GC Explicit
08-04 19:29:47.876 14460 14910 I art     : Explicit concurrent mark sweep GC freed 1401(81KB) AllocSpace objects, 1(20KB) LOS objects, 36% free, 28MB/44MB, paused 1.022ms total 32.733ms
08-04 19:29:47.886 14460 14910 I art     : Starting a blocking GC Explicit
08-04 19:29:47.913 14460 14910 I art     : Explicit concurrent mark sweep GC freed 23(752B) AllocSpace objects, 0(0B) LOS objects, 36% free, 28MB/44MB, paused 950us total 26.902ms
08-04 19:29:47.922 14460 14910 I art     : Starting a blocking GC Explicit
08-04 19:29:47.948 14460 14910 I art     : Explicit concurrent mark sweep GC freed 3(96B) AllocSpace objects, 0(0B) LOS objects, 36% free, 28MB/44MB, paused 1.023ms total 26.140ms
08-04 19:29:47.957 14460 14910 I art     : Starting a blocking GC Explicit
08-04 19:29:47.984 14460 14910 I art     : Explicit concurrent mark sweep GC freed 3(96B) AllocSpace objects, 0(0B) LOS objects, 36% free, 28MB/44MB, paused 971us total 26.415ms
08-04 19:29:47.993 14460 14910 I art     : Starting a blocking GC Explicit
08-04 19:29:48.020 14460 14910 I art     : Explicit concurrent mark sweep GC freed 3(96B) AllocSpace objects, 0(0B) LOS objects, 36% free, 28MB/44MB, paused 982us total 26.718ms
08-04 19:29:48.265 16498 16498 D AndroidRuntime: >>>>>> START com.android.internal.os.RuntimeInit uid 2000 <<<<<<
08-04 19:29:48.270 16498 16498 D AndroidRuntime: CheckJNI is OFF
08-04 19:29:48.303 16498 16498 D ICU     : No timezone override file found: /data/misc/zoneinfo/current/icu/icu_tzdata.dat
08-04 19:29:48.334 14460 14491 I art     : Starting a blocking GC Explicit
08-04 19:29:48.336 16498 16498 I Radio-JNI: register_android_hardware_Radio DONE
08-04 19:29:48.354 16162 16162 W Atfwd_Sendcmd: AtCmdFwd service not published, waiting... retryCnt : 2
08-04 19:29:48.358 16498 16498 D AndroidRuntime: Calling main entry com.android.commands.input.Input
08-04 19:29:48.360 16498 16498 I Input   : injectMotionEvent: MotionEvent { action=ACTION_DOWN, actionButton=0, id[0]=0, x[0]=616.0, y[0]=469.0, toolType[0]=TOOL_TYPE_UNKNOWN, buttonState=0, metaState=0, flags=0x0, edgeFlags=0x0, pointerCount=1, historySize=0, eventTime=732604773, downTime=732604773, deviceId=0, source=0x1002 }
08-04 19:29:48.362 14460 14491 I art     : Explicit concurrent mark sweep GC freed 1372(80KB) AllocSpace objects, 1(20KB) LOS objects, 36% free, 28MB/44MB, paused 1.117ms total 27.576ms
08-04 19:29:48.365 16498 16498 I Input   : injectMotionEvent: MotionEvent { action=ACTION_UP, actionButton=0, id[0]=0, x[0]=616.0, y[0]=469.0, toolType[0]=TOOL_TYPE_UNKNOWN, buttonState=0, metaState=0, flags=0x0, edgeFlags=0x0, pointerCount=1, historySize=0, eventTime=732604773, downTime=732604773, deviceId=0, source=0x1002 }
08-04 19:29:48.367 16498 16498 D AndroidRuntime: Shutting down VM
08-04 19:29:48.371 14460 14491 I art     : Starting a blocking GC Explicit
08-04 19:29:48.398 14460 14491 I art     : Explicit concurrent mark sweep GC freed 43(1392B) AllocSpace objects, 0(0B) LOS objects, 36% free, 28MB/44MB, paused 1.034ms total 26.601ms
08-04 19:29:48.407 14460 14491 I art     : Starting a blocking GC Explicit
08-04 19:29:48.434   512  2967 D audio_hw_primary: out_set_parameters: enter: usecase(1: low-latency-playback) kvpairs: routing=2
08-04 19:29:48.434 14460 14491 I art     : Explicit concurrent mark sweep GC freed 9(272B) AllocSpace objects, 0(0B) LOS objects, 36% free, 28MB/44MB, paused 1.378ms total 26.732ms
08-04 19:29:48.444 14460 14491 I art     : Starting a blocking GC Explicit
08-04 19:29:48.447   512  2967 D audio_hw_primary: select_devices: out_snd_device(2: speaker) in_snd_device(0: none)
08-04 19:29:48.447   512  2967 D msm8974_platform: platform_send_audio_calibration: sending audio calibration for snd_device(2) acdb_id(15)
08-04 19:29:48.447   512  2967 I soundtrigger: audio_extn_sound_trigger_update_device_status: device 0x2 of type 0 for Event 1
08-04 19:29:48.457   512  2967 D audio_hw_primary: enable_snd_device: snd_device(2: speaker)
08-04 19:29:48.459   512  2967 D audio_hw_primary: enable_audio_route: apply and update mixer path: low-latency-playback speaker
08-04 19:29:48.473 14460 14491 I art     : Explicit concurrent mark sweep GC freed 198(8KB) AllocSpace objects, 0(0B) LOS objects, 36% free, 28MB/44MB, paused 1.002ms total 29.185ms
08-04 19:29:48.482 14460 14491 I art     : Starting a blocking GC Explicit
08-04 19:29:48.509 14460 14491 I art     : Explicit concurrent mark sweep GC freed 19(736B) AllocSpace objects, 0(0B) LOS objects, 36% free, 28MB/44MB, paused 1.122ms total 25.681ms
08-04 19:29:48.677 14460 14996 I NAPPA_EXPERIMENTATION: MetricNetworkRequestExecutionTime: REQUEST_DURATION_SYSTEM='243',REQUEST_DURATION_OKHTTP='241',REQUEST_SYNCHRONOUS='TRUE',RESPONSE_CODE='200',RESPONSE_METHOD='GET',RESPONSE_LENGTH_OKHTTP='-1',RESPONSE_LENGTH_HEADER='628',REQUEST_PROTOCOL='h2',REQUEST_URL='https://itunes.apple.com/lookup?id=1524080195',
08-04 19:29:48.696   918  4400 I ActivityManager: START u0 {cmp=baseline.de.danoeh.antennapod.debug/baseline.de.danoeh.antennapod.activity.OnlineFeedViewActivity (has extras)} from uid 10670 on display 0
08-04 19:29:48.718 13866 13866 I GoogleInputMethodServic: GoogleInputMethodService.onFinishInput():3138 
08-04 19:29:48.718 13866 13866 I GoogleInputMethodServic: GoogleInputMethodService.onStartInput():1808 
08-04 19:29:48.740 14460 14460 D UserPreferences: Using default data folder
08-04 19:29:48.741 14460 14460 D OnlineFeedViewActivity: Activity was started with url https://rss.art19.com/nice-white-parents
08-04 19:29:48.743 14460 14460 D OnlineFeedViewActivity: Starting feed download
08-04 19:29:48.747 14460 14480 D DBReader: Extracting Feedlist
08-04 19:29:48.749   918  6112 D WifiService: acquireWifiLockLocked: WifiLock{Downloader type=1 binder=android.os.BinderProxy@3923555}
08-04 19:29:48.749 14460 14480 D AntennapodHttpClient: Creating new instance of HTTP client
08-04 19:29:48.767 14460 14910 I art     : Starting a blocking GC Explicit
08-04 19:29:48.795 14460 14910 I art     : Explicit concurrent mark sweep GC freed 3200(214KB) AllocSpace objects, 1(20KB) LOS objects, 36% free, 28MB/44MB, paused 961us total 27.593ms
08-04 19:29:48.804 14460 14910 I art     : Starting a blocking GC Explicit
08-04 19:29:48.808 13866 13866 I GoogleInputMethodServic: GoogleInputMethodService.onFinishInput():3138 
08-04 19:29:48.809 13866 13866 I GoogleInputMethodServic: GoogleInputMethodService.onStartInput():1808 
08-04 19:29:48.832 14460 14910 I art     : Explicit concurrent mark sweep GC freed 483(21KB) AllocSpace objects, 0(0B) LOS objects, 35% free, 28MB/44MB, paused 957us total 27.287ms
08-04 19:29:48.833   918   936 I ActivityManager: Displayed baseline.de.danoeh.antennapod.debug/baseline.de.danoeh.antennapod.activity.OnlineFeedViewActivity: +115ms
08-04 19:29:48.842 14460 14910 I art     : Starting a blocking GC Explicit
08-04 19:29:48.874 14460 14910 I art     : Explicit concurrent mark sweep GC freed 719(60KB) AllocSpace objects, 2(120KB) LOS objects, 35% free, 28MB/44MB, paused 1.307ms total 31.872ms
08-04 19:29:48.887 14460 14910 I art     : Starting a blocking GC Explicit
08-04 19:29:48.914 14460 14910 I art     : Explicit concurrent mark sweep GC freed 3440(153KB) AllocSpace objects, 1(80KB) LOS objects, 35% free, 28MB/44MB, paused 991us total 26.401ms
08-04 19:29:48.922 14460 14910 I art     : Starting a blocking GC Explicit
08-04 19:29:48.948 14460 14910 I art     : Explicit concurrent mark sweep GC freed 1243(113KB) AllocSpace objects, 0(0B) LOS objects, 35% free, 28MB/44MB, paused 966us total 25.443ms
08-04 19:29:48.988   512  2967 D audio_hw_primary: disable_audio_route: reset and update mixer path: low-latency-playback speaker
08-04 19:29:48.990   512  2967 D audio_hw_primary: disable_snd_device: snd_device(2: speaker)
08-04 19:29:48.998   512  2967 I soundtrigger: audio_extn_sound_trigger_update_device_status: device 0x2 of type 0 for Event 0
08-04 19:29:49.040 14460 14480 D MYTAG   : interceptor 3a https://rss.art19.com/nice-white-parents
08-04 19:29:49.040 14460 14480 I NAPPA_EXPERIMENTATION: MetricNetworkRequestExecutionTime: REQUEST_DURATION_SYSTEM='290',REQUEST_DURATION_OKHTTP='141',REQUEST_SYNCHRONOUS='TRUE',RESPONSE_CODE='200',RESPONSE_METHOD='GET',RESPONSE_LENGTH_OKHTTP='-1',RESPONSE_LENGTH_HEADER='1803',REQUEST_PROTOCOL='h2',REQUEST_URL='https://rss.art19.com/nice-white-parents',
08-04 19:29:49.040 14460 14480 D HttpDownloader: Response code is 200
08-04 19:29:49.040 14460 14480 D UserPreferences: Using default data folder
08-04 19:29:49.041 14460 14480 D HttpDownloader: Getting size of download
08-04 19:29:49.042 14460 14480 D HttpDownloader: Size is -1
08-04 19:29:49.042 14460 14480 D UserPreferences: Using default data folder
08-04 19:29:49.042 14460 14480 D HttpDownloader: Free space is 20232409088
08-04 19:29:49.042 14460 14480 D HttpDownloader: Starting download
08-04 19:29:49.062   380   380 W SurfaceFlinger: couldn't log to binary event log: overflow.
08-04 19:29:49.079 14460 14480 D HttpDownloader: Download was successful
08-04 19:29:49.080   918  6112 D WifiService: releaseWifiLockLocked: WifiLock{Downloader type=1 binder=android.os.BinderProxy@3923555}
08-04 19:29:49.081 14460 14460 D OnlineFeedViewActivity: Parsing feed
08-04 19:29:49.084 14460 16536 D TypeGetter: Recognized type RSS 2.0
08-04 19:29:49.086 14460 16536 D SyndHandler: Recognized ITunes namespace
08-04 19:29:49.086 14460 16536 D SyndHandler: Recognized Atom namespace
08-04 19:29:49.086 14460 16536 D SyndHandler: Recognized Content namespace
08-04 19:29:49.093 14460 16536 D OnlineFeedViewActivity: Deleted feed source file. Result: true
08-04 19:29:49.093 14460 14460 D OnlineFeedViewActivity: Removing HTML from shownotes
08-04 19:29:49.198 14460 14460 D PlaybackController: Releasing PlaybackController
08-04 19:29:49.223 14460 14910 I art     : Starting a blocking GC Explicit
08-04 19:29:49.250 14460 14910 I art     : Explicit concurrent mark sweep GC freed 3721(378KB) AllocSpace objects, 5(148KB) LOS objects, 35% free, 28MB/44MB, paused 905us total 26.524ms
08-04 19:29:49.259 14460 14910 I art     : Starting a blocking GC Explicit
08-04 19:29:49.286 14460 14910 I art     : Explicit concurrent mark sweep GC freed 657(31KB) AllocSpace objects, 1(112KB) LOS objects, 35% free, 28MB/44MB, paused 905us total 26.693ms
08-04 19:29:49.294 14460 14910 I art     : Starting a blocking GC Explicit
08-04 19:29:49.323 14460 14910 I art     : Explicit concurrent mark sweep GC freed 3(96B) AllocSpace objects, 0(0B) LOS objects, 35% free, 28MB/44MB, paused 985us total 28.514ms
08-04 19:29:49.332 14460 14910 I art     : Starting a blocking GC Explicit
08-04 19:29:49.360 14460 14910 I art     : Explicit concurrent mark sweep GC freed 3(96B) AllocSpace objects, 0(0B) LOS objects, 35% free, 28MB/44MB, paused 941us total 27.756ms
08-04 19:29:49.369 14460 14910 I art     : Starting a blocking GC Explicit
08-04 19:29:49.399 14460 14910 I art     : Explicit concurrent mark sweep GC freed 3(96B) AllocSpace objects, 0(0B) LOS objects, 35% free, 28MB/44MB, paused 988us total 29.038ms
08-04 19:29:49.519   518   646 I ThermalEngine: ACTION: GPU - Setting GPU[0] to 450000000
08-04 19:29:49.703 14460 16273 I art     : Starting a blocking GC Explicit
08-04 19:29:49.752 14460 16273 I art     : Explicit concurrent mark sweep GC freed 1401(81KB) AllocSpace objects, 1(20KB) LOS objects, 35% free, 28MB/44MB, paused 1.422ms total 47.950ms
08-04 19:29:49.767 14460 16273 I art     : Starting a blocking GC Explicit
08-04 19:29:49.803 14460 16273 I art     : Explicit concurrent mark sweep GC freed 23(752B) AllocSpace objects, 0(0B) LOS objects, 35% free, 28MB/44MB, paused 1.294ms total 36.224ms
08-04 19:29:49.815 14460 16273 I art     : Starting a blocking GC Explicit
08-04 19:29:49.853 14460 16273 I art     : Explicit concurrent mark sweep GC freed 3(96B) AllocSpace objects, 0(0B) LOS objects, 35% free, 28MB/44MB, paused 1.328ms total 37.188ms
08-04 19:29:49.865 14460 16273 I art     : Starting a blocking GC Explicit
08-04 19:29:49.902 14460 16273 I art     : Explicit concurrent mark sweep GC freed 3(96B) AllocSpace objects, 0(0B) LOS objects, 35% free, 28MB/44MB, paused 1.343ms total 37.187ms
08-04 19:29:49.914 14460 16273 I art     : Starting a blocking GC Explicit
08-04 19:29:49.952 14460 16273 I art     : Explicit concurrent mark sweep GC freed 3(96B) AllocSpace objects, 0(0B) LOS objects, 35% free, 28MB/44MB, paused 1.316ms total 37.573ms
08-04 19:29:50.296 14460 14472 I art     : Starting a blocking GC Explicit
08-04 19:29:50.344 14460 14472 I art     : Explicit concurrent mark sweep GC freed 1372(80KB) AllocSpace objects, 1(20KB) LOS objects, 35% free, 28MB/44MB, paused 1.469ms total 48.398ms
08-04 19:29:50.360 14460 14472 I art     : Starting a blocking GC Explicit
08-04 19:29:50.400 14460 14472 I art     : Explicit concurrent mark sweep GC freed 23(752B) AllocSpace objects, 0(0B) LOS objects, 35% free, 28MB/44MB, paused 1.355ms total 39.370ms
08-04 19:29:50.412 14460 14472 I art     : Starting a blocking GC Explicit
08-04 19:29:50.452 14460 14472 I art     : Explicit concurrent mark sweep GC freed 3(96B) AllocSpace objects, 0(0B) LOS objects, 35% free, 28MB/44MB, paused 1.394ms total 39.478ms
08-04 19:29:50.464 14460 14472 I art     : Starting a blocking GC Explicit
08-04 19:29:50.504 14460 14472 I art     : Explicit concurrent mark sweep GC freed 3(96B) AllocSpace objects, 0(0B) LOS objects, 35% free, 28MB/44MB, paused 1.378ms total 39.391ms
08-04 19:29:50.517 14460 14472 I art     : Starting a blocking GC Explicit
08-04 19:29:50.556 14460 14472 I art     : Explicit concurrent mark sweep GC freed 3(96B) AllocSpace objects, 0(0B) LOS objects, 35% free, 28MB/44MB, paused 1.391ms total 38.942ms
08-04 19:29:50.902 14460 14910 I art     : Starting a blocking GC Explicit
08-04 19:29:50.941 14460 14910 I art     : Explicit concurrent mark sweep GC freed 1428(82KB) AllocSpace objects, 1(20KB) LOS objects, 35% free, 28MB/44MB, paused 1.302ms total 38.822ms
08-04 19:29:50.955 14460 14910 I art     : Starting a blocking GC Explicit
08-04 19:29:50.989 14460 14910 I art     : Explicit concurrent mark sweep GC freed 26(848B) AllocSpace objects, 0(0B) LOS objects, 35% free, 28MB/44MB, paused 1.196ms total 33.880ms
08-04 19:29:51.001 14460 14910 I art     : Starting a blocking GC Explicit
08-04 19:29:51.038 14460 14910 I art     : Explicit concurrent mark sweep GC freed 3(96B) AllocSpace objects, 0(0B) LOS objects, 35% free, 28MB/44MB, paused 1.373ms total 36.170ms
08-04 19:29:51.050 14460 14910 I art     : Starting a blocking GC Explicit
08-04 19:29:51.090 14460 14910 I art     : Explicit concurrent mark sweep GC freed 3(96B) AllocSpace objects, 0(0B) LOS objects, 35% free, 28MB/44MB, paused 1.396ms total 39.299ms
08-04 19:29:51.102 14460 14910 I art     : Starting a blocking GC Explicit
08-04 19:29:51.142 14460 14910 I art     : Explicit concurrent mark sweep GC freed 3(96B) AllocSpace objects, 0(0B) LOS objects, 35% free, 28MB/44MB, paused 1.356ms total 40ms
08-04 19:29:51.468 14460 14471 I art     : Starting a blocking GC Explicit
08-04 19:29:51.521 14460 14471 I art     : Explicit concurrent mark sweep GC freed 1372(80KB) AllocSpace objects, 1(20KB) LOS objects, 35% free, 28MB/44MB, paused 1.466ms total 51.942ms
08-04 19:29:51.537 14460 14471 I art     : Starting a blocking GC Explicit
08-04 19:29:51.578 14460 14471 I art     : Explicit concurrent mark sweep GC freed 23(752B) AllocSpace objects, 0(0B) LOS objects, 35% free, 28MB/44MB, paused 1.572ms total 40.695ms
08-04 19:29:51.590 14460 14471 I art     : Starting a blocking GC Explicit
08-04 19:29:51.631 14460 14471 I art     : Explicit concurrent mark sweep GC freed 3(96B) AllocSpace objects, 0(0B) LOS objects, 35% free, 28MB/44MB, paused 1.387ms total 39.814ms
08-04 19:29:51.643 14460 14471 I art     : Starting a blocking GC Explicit
08-04 19:29:51.683 14460 14471 I art     : Explicit concurrent mark sweep GC freed 3(96B) AllocSpace objects, 0(0B) LOS objects, 35% free, 28MB/44MB, paused 1.395ms total 40ms
08-04 19:29:51.696 14460 14471 I art     : Starting a blocking GC Explicit
08-04 19:29:51.736 14460 14471 I art     : Explicit concurrent mark sweep GC freed 3(96B) AllocSpace objects, 0(0B) LOS objects, 35% free, 28MB/44MB, paused 1.367ms total 39.587ms
08-04 19:29:52.080 14460 14491 I art     : Starting a blocking GC Explicit
08-04 19:29:52.128 14460 14491 I art     : Explicit concurrent mark sweep GC freed 1401(81KB) AllocSpace objects, 1(20KB) LOS objects, 35% free, 28MB/44MB, paused 1.399ms total 47.621ms
08-04 19:29:52.144 14460 14491 I art     : Starting a blocking GC Explicit
08-04 19:29:52.186 14460 14491 I art     : Explicit concurrent mark sweep GC freed 23(752B) AllocSpace objects, 0(0B) LOS objects, 35% free, 28MB/44MB, paused 1.391ms total 41.688ms
08-04 19:29:52.199 14460 14491 I art     : Starting a blocking GC Explicit
08-04 19:29:52.239 14460 14491 I art     : Explicit concurrent mark sweep GC freed 3(96B) AllocSpace objects, 0(0B) LOS objects, 35% free, 28MB/44MB, paused 1.335ms total 40.330ms
08-04 19:29:52.252 14460 14491 I art     : Starting a blocking GC Explicit
08-04 19:29:52.292 14460 14491 I art     : Explicit concurrent mark sweep GC freed 3(96B) AllocSpace objects, 0(0B) LOS objects, 35% free, 28MB/44MB, paused 1.383ms total 39.881ms
08-04 19:29:52.304 14460 14491 I art     : Starting a blocking GC Explicit
08-04 19:29:52.345 14460 14491 I art     : Explicit concurrent mark sweep GC freed 3(96B) AllocSpace objects, 0(0B) LOS objects, 35% free, 28MB/44MB, paused 1.374ms total 40.312ms
08-04 19:29:52.684 14460 16273 I art     : Starting a blocking GC Explicit
08-04 19:29:52.721 14460 16273 I art     : Explicit concurrent mark sweep GC freed 1373(82KB) AllocSpace objects, 1(20KB) LOS objects, 35% free, 28MB/44MB, paused 1.364ms total 36.869ms
08-04 19:29:52.734 14460 16273 I art     : Starting a blocking GC Explicit
08-04 19:29:52.772 14460 16273 I art     : Explicit concurrent mark sweep GC freed 52(1536B) AllocSpace objects, 0(0B) LOS objects, 35% free, 28MB/44MB, paused 1.382ms total 37.973ms
08-04 19:29:52.784 14460 16273 I art     : Starting a blocking GC Explicit
08-04 19:29:52.823 14460 16273 I art     : Explicit concurrent mark sweep GC freed 3(96B) AllocSpace objects, 0(0B) LOS objects, 35% free, 28MB/44MB, paused 1.383ms total 38.148ms
08-04 19:29:52.835 14460 16273 I art     : Starting a blocking GC Explicit
08-04 19:29:52.873 14460 16273 I art     : Explicit concurrent mark sweep GC freed 3(96B) AllocSpace objects, 0(0B) LOS objects, 35% free, 28MB/44MB, paused 1.414ms total 37.988ms
08-04 19:29:52.886 14460 16273 I art     : Starting a blocking GC Explicit
08-04 19:29:52.923 14460 16273 I art     : Explicit concurrent mark sweep GC freed 3(96B) AllocSpace objects, 0(0B) LOS objects, 35% free, 28MB/44MB, paused 1.392ms total 37.467ms
08-04 19:29:53.159 16606 16606 D AndroidRuntime: >>>>>> START com.android.internal.os.RuntimeInit uid 2000 <<<<<<
08-04 19:29:53.166 16606 16606 D AndroidRuntime: CheckJNI is OFF
08-04 19:29:53.209 16606 16606 D ICU     : No timezone override file found: /data/misc/zoneinfo/current/icu/icu_tzdata.dat
08-04 19:29:53.242 14460 14472 I art     : Starting a blocking GC Explicit
08-04 19:29:53.251 16606 16606 I Radio-JNI: register_android_hardware_Radio DONE
08-04 19:29:53.280 14460 14472 I art     : Explicit concurrent mark sweep GC freed 1372(80KB) AllocSpace objects, 1(20KB) LOS objects, 35% free, 28MB/44MB, paused 1.437ms total 37.127ms
08-04 19:29:53.281 16606 16606 D AndroidRuntime: Calling main entry com.android.commands.input.Input
08-04 19:29:53.283 16606 16606 I Input   : injectKeyEvent: KeyEvent { action=ACTION_DOWN, keyCode=KEYCODE_BACK, scanCode=0, metaState=0, flags=0x0, repeatCount=0, eventTime=732609696, downTime=732609696, deviceId=-1, source=0x101 }
08-04 19:29:53.291 16606 16606 I Input   : injectKeyEvent: KeyEvent { action=ACTION_UP, keyCode=KEYCODE_BACK, scanCode=0, metaState=0, flags=0x0, repeatCount=0, eventTime=732609696, downTime=732609696, deviceId=-1, source=0x101 }
08-04 19:29:53.293 14460 14472 I art     : Starting a blocking GC Explicit
08-04 19:29:53.297 16606 16606 D AndroidRuntime: Shutting down VM
08-04 19:29:53.304 14460 14460 V PlaybackController: initServiceNotRunning()
08-04 19:29:53.304 14460 14460 D ExternalPlayerFragment: Loading media info
08-04 19:29:53.310 14460 14460 D UserPreferences: Using default data folder
08-04 19:29:53.311 14460 14480 D DBReader: getNavDrawerData() called with: 
08-04 19:29:53.329 14460 14472 I art     : Explicit concurrent mark sweep GC freed 445(26KB) AllocSpace objects, 0(0B) LOS objects, 35% free, 28MB/44MB, paused 1.543ms total 36.393ms
08-04 19:29:53.330 14460 14480 D DBReader: getDownloadedItems() called
08-04 19:29:53.331 14460 14480 D DBReader: getFavoriteIDList() called
08-04 19:29:53.332 14460 14480 D DBReader: getQueueIDList() called
08-04 19:29:53.333 14460 14480 D DBReader: Extracting Feedlist
08-04 19:29:53.341 14460 14472 I art     : Starting a blocking GC Explicit
08-04 19:29:53.346 13866 13866 I GoogleInputMethodServic: GoogleInputMethodService.onFinishInput():3138 
08-04 19:29:53.347 13866 13866 I GoogleInputMethodServic: GoogleInputMethodService.onStartInput():1808 
08-04 19:29:53.361 14460 14460 D MainActivity: getLastNavFragment() -> AddFeedFragment
08-04 19:29:53.376 14460 14472 I art     : Explicit concurrent mark sweep GC freed 528(38KB) AllocSpace objects, 0(0B) LOS objects, 35% free, 28MB/44MB, paused 1.678ms total 34.717ms
08-04 19:29:53.388 14460 14472 I art     : Starting a blocking GC Explicit
08-04 19:29:53.420 14460 14472 I art     : Explicit concurrent mark sweep GC freed 472(23KB) AllocSpace objects, 0(0B) LOS objects, 35% free, 28MB/44MB, paused 1.200ms total 32.052ms
08-04 19:29:53.432 14460 14472 I art     : Starting a blocking GC Explicit
08-04 19:29:53.465 14460 14472 I art     : Explicit concurrent mark sweep GC freed 128(8KB) AllocSpace objects, 0(0B) LOS objects, 35% free, 28MB/44MB, paused 1.292ms total 33.341ms
08-04 19:29:53.526   518   646 I ThermalEngine: ACTION: GPU - Setting GPU[0] to 510000000
08-04 19:29:53.634   380   380 W SurfaceFlinger: couldn't log to binary event log: overflow.
08-04 19:29:53.734 14460 14472 I art     : Starting a blocking GC Explicit
08-04 19:29:53.765 14460 14472 I art     : Explicit concurrent mark sweep GC freed 1998(106KB) AllocSpace objects, 1(20KB) LOS objects, 35% free, 28MB/44MB, paused 1.077ms total 30.078ms
08-04 19:29:53.774 14460 14472 I art     : Starting a blocking GC Explicit
08-04 19:29:53.803 14460 14472 I art     : Explicit concurrent mark sweep GC freed 2457(152KB) AllocSpace objects, 1(28KB) LOS objects, 36% free, 28MB/44MB, paused 1ms total 28.680ms
08-04 19:29:53.813 14460 14472 I art     : Starting a blocking GC Explicit
08-04 19:29:53.842 14460 14472 I art     : Explicit concurrent mark sweep GC freed 3(96B) AllocSpace objects, 0(0B) LOS objects, 36% free, 28MB/44MB, paused 1.013ms total 28.698ms
08-04 19:29:53.851 14460 14472 I art     : Starting a blocking GC Explicit
08-04 19:29:53.880 14460 14472 I art     : Explicit concurrent mark sweep GC freed 3(96B) AllocSpace objects, 0(0B) LOS objects, 36% free, 28MB/44MB, paused 995us total 28.114ms
08-04 19:29:53.889 14460 14472 I art     : Starting a blocking GC Explicit
08-04 19:29:53.918 14460 14472 I art     : Explicit concurrent mark sweep GC freed 3(96B) AllocSpace objects, 0(0B) LOS objects, 36% free, 28MB/44MB, paused 1.053ms total 28.663ms
08-04 19:29:54.223 14460 14491 I art     : Starting a blocking GC Explicit
08-04 19:29:54.260 14460 14491 I art     : Explicit concurrent mark sweep GC freed 1374(82KB) AllocSpace objects, 1(20KB) LOS objects, 36% free, 28MB/44MB, paused 1.125ms total 36.558ms
08-04 19:29:54.272 14460 14491 I art     : Starting a blocking GC Explicit
08-04 19:29:54.302 14460 14491 I art     : Explicit concurrent mark sweep GC freed 23(752B) AllocSpace objects, 0(0B) LOS objects, 36% free, 28MB/44MB, paused 1.015ms total 29.411ms
08-04 19:29:54.311 14460 14491 I art     : Starting a blocking GC Explicit
08-04 19:29:54.340 14460 14491 I art     : Explicit concurrent mark sweep GC freed 3(96B) AllocSpace objects, 0(0B) LOS objects, 36% free, 28MB/44MB, paused 1.017ms total 29.152ms
08-04 19:29:54.350 14460 14491 I art     : Starting a blocking GC Explicit
08-04 19:29:54.379 14460 14491 I art     : Explicit concurrent mark sweep GC freed 3(96B) AllocSpace objects, 0(0B) LOS objects, 36% free, 28MB/44MB, paused 1.009ms total 28.606ms
08-04 19:29:54.388 14460 14491 I art     : Starting a blocking GC Explicit
08-04 19:29:54.418 14460 14491 I art     : Explicit concurrent mark sweep GC freed 3(96B) AllocSpace objects, 0(0B) LOS objects, 36% free, 28MB/44MB, paused 1.058ms total 29.307ms
08-04 19:29:54.703 14460 16273 I art     : Starting a blocking GC Explicit
08-04 19:29:54.733 14460 16273 I art     : Explicit concurrent mark sweep GC freed 1373(80KB) AllocSpace objects, 1(20KB) LOS objects, 36% free, 28MB/44MB, paused 1.029ms total 29.413ms
08-04 19:29:54.742 14460 16273 I art     : Starting a blocking GC Explicit
08-04 19:29:54.770 14460 16273 I art     : Explicit concurrent mark sweep GC freed 52(1536B) AllocSpace objects, 0(0B) LOS objects, 36% free, 28MB/44MB, paused 1.050ms total 27.796ms
08-04 19:29:54.780 14460 16273 I art     : Starting a blocking GC Explicit
08-04 19:29:54.807 14460 16273 I art     : Explicit concurrent mark sweep GC freed 3(96B) AllocSpace objects, 0(0B) LOS objects, 36% free, 28MB/44MB, paused 1.064ms total 27.028ms
08-04 19:29:54.816 14460 16273 I art     : Starting a blocking GC Explicit
08-04 19:29:54.844 14460 16273 I art     : Explicit concurrent mark sweep GC freed 3(96B) AllocSpace objects, 0(0B) LOS objects, 36% free, 28MB/44MB, paused 1.078ms total 27.348ms
08-04 19:29:54.853 14460 16273 I art     : Starting a blocking GC Explicit
08-04 19:29:54.881 14460 16273 I art     : Explicit concurrent mark sweep GC freed 3(96B) AllocSpace objects, 0(0B) LOS objects, 36% free, 28MB/44MB, paused 1.039ms total 27.684ms
08-04 19:29:54.990 16649 16649 D AndroidRuntime: >>>>>> START com.android.internal.os.RuntimeInit uid 2000 <<<<<<
08-04 19:29:54.999 16649 16649 D AndroidRuntime: CheckJNI is OFF
08-04 19:29:55.034 16649 16649 D ICU     : No timezone override file found: /data/misc/zoneinfo/current/icu/icu_tzdata.dat
08-04 19:29:55.067 16649 16649 I Radio-JNI: register_android_hardware_Radio DONE
08-04 19:29:55.090 16649 16649 D AndroidRuntime: Calling main entry com.android.commands.input.Input
08-04 19:29:55.093 16649 16649 I Input   : injectKeyEvent: KeyEvent { action=ACTION_DOWN, keyCode=KEYCODE_BACK, scanCode=0, metaState=0, flags=0x0, repeatCount=0, eventTime=732611506, downTime=732611506, deviceId=-1, source=0x101 }
08-04 19:29:55.099 16649 16649 I Input   : injectKeyEvent: KeyEvent { action=ACTION_UP, keyCode=KEYCODE_BACK, scanCode=0, metaState=0, flags=0x0, repeatCount=0, eventTime=732611506, downTime=732611506, deviceId=-1, source=0x101 }
08-04 19:29:55.112 13866 13866 I GoogleInputMethodServic: GoogleInputMethodService.onFinishInput():3138 
08-04 19:29:55.113 13866 13866 I GoogleInputMethodServic: GoogleInputMethodService.onStartInput():1808 
08-04 19:29:55.117 16649 16649 D AndroidRuntime: Shutting down VM
08-04 19:29:55.165 14460 14472 I art     : Starting a blocking GC Explicit
08-04 19:29:55.192 14460 14472 I art     : Explicit concurrent mark sweep GC freed 2542(128KB) AllocSpace objects, 1(20KB) LOS objects, 36% free, 28MB/44MB, paused 996us total 27.153ms
08-04 19:29:55.201 14460 14472 I art     : Starting a blocking GC Explicit
08-04 19:29:55.230 14460 14472 I art     : Explicit concurrent mark sweep GC freed 2690(179KB) AllocSpace objects, 9(1540KB) LOS objects, 37% free, 26MB/42MB, paused 1.058ms total 28.022ms
08-04 19:29:55.239 14460 14472 I art     : Starting a blocking GC Explicit
08-04 19:29:55.266 14460 14472 I art     : Explicit concurrent mark sweep GC freed 7(288B) AllocSpace objects, 0(0B) LOS objects, 37% free, 26MB/42MB, paused 1.002ms total 27.227ms
08-04 19:29:55.275 14460 14472 I art     : Starting a blocking GC Explicit
08-04 19:29:55.303 14460 14472 I art     : Explicit concurrent mark sweep GC freed 3(96B) AllocSpace objects, 0(0B) LOS objects, 37% free, 26MB/42MB, paused 993us total 27.455ms
08-04 19:29:55.312 14460 14472 I art     : Starting a blocking GC Explicit
08-04 19:29:55.340 14460 14472 I art     : Explicit concurrent mark sweep GC freed 3(96B) AllocSpace objects, 0(0B) LOS objects, 37% free, 26MB/42MB, paused 1.022ms total 27.289ms
08-04 19:29:55.533   518   646 I ThermalEngine: ACTION: GPU - Setting GPU[0] to 450000000
08-04 19:29:55.644 14460 14471 I art     : Starting a blocking GC Explicit
08-04 19:29:55.688 14460 14471 I art     : Explicit concurrent mark sweep GC freed 1373(81KB) AllocSpace objects, 1(20KB) LOS objects, 37% free, 26MB/42MB, paused 1.508ms total 44.106ms
08-04 19:29:55.702 14460 14471 I art     : Starting a blocking GC Explicit
08-04 19:29:55.737 14460 14471 I art     : Explicit concurrent mark sweep GC freed 23(752B) AllocSpace objects, 0(0B) LOS objects, 37% free, 26MB/42MB, paused 1.421ms total 35.356ms
08-04 19:29:55.749 14460 14471 I art     : Starting a blocking GC Explicit
08-04 19:29:55.785 14460 14471 I art     : Explicit concurrent mark sweep GC freed 32(880B) AllocSpace objects, 0(0B) LOS objects, 37% free, 26MB/42MB, paused 1.332ms total 35.062ms
08-04 19:29:55.797 14460 14471 I art     : Starting a blocking GC Explicit
08-04 19:29:55.832 14460 14471 I art     : Explicit concurrent mark sweep GC freed 3(96B) AllocSpace objects, 0(0B) LOS objects, 37% free, 26MB/42MB, paused 1.320ms total 34.950ms
08-04 19:29:55.844 14460 14471 I art     : Starting a blocking GC Explicit
08-04 19:29:55.880 14460 14471 I art     : Explicit concurrent mark sweep GC freed 3(96B) AllocSpace objects, 0(0B) LOS objects, 37% free, 26MB/42MB, paused 1.422ms total 35.602ms
08-04 19:29:56.208 14460 14910 I art     : Starting a blocking GC Explicit
08-04 19:29:56.251 14460 14910 I art     : Explicit concurrent mark sweep GC freed 1373(81KB) AllocSpace objects, 1(20KB) LOS objects, 37% free, 26MB/42MB, paused 1.436ms total 42.929ms
08-04 19:29:56.264 14460 14910 I art     : Starting a blocking GC Explicit
08-04 19:29:56.300 14460 14910 I art     : Explicit concurrent mark sweep GC freed 23(752B) AllocSpace objects, 0(0B) LOS objects, 37% free, 26MB/42MB, paused 1.328ms total 35.606ms
08-04 19:29:56.312 14460 14910 I art     : Starting a blocking GC Explicit
08-04 19:29:56.347 14460 14910 I art     : Explicit concurrent mark sweep GC freed 3(96B) AllocSpace objects, 0(0B) LOS objects, 37% free, 26MB/42MB, paused 1.362ms total 35.011ms
08-04 19:29:56.360 14460 14910 I art     : Starting a blocking GC Explicit
08-04 19:29:56.393 14460 14910 I art     : Explicit concurrent mark sweep GC freed 3(96B) AllocSpace objects, 0(0B) LOS objects, 37% free, 26MB/42MB, paused 1.338ms total 32.990ms
08-04 19:29:56.404 14460 14910 I art     : Starting a blocking GC Explicit
08-04 19:29:56.438 14460 14910 I art     : Explicit concurrent mark sweep GC freed 3(96B) AllocSpace objects, 0(0B) LOS objects, 37% free, 26MB/42MB, paused 1.394ms total 33.484ms
08-04 19:29:56.745 14460 14491 I art     : Starting a blocking GC Explicit
08-04 19:29:56.782 14460 14491 I art     : Explicit concurrent mark sweep GC freed 1408(83KB) AllocSpace objects, 1(20KB) LOS objects, 37% free, 26MB/42MB, paused 1.492ms total 37.162ms
08-04 19:29:56.795 14460 14491 I art     : Starting a blocking GC Explicit
08-04 19:29:56.828 14460 14491 I art     : Explicit concurrent mark sweep GC freed 29(944B) AllocSpace objects, 0(0B) LOS objects, 37% free, 26MB/42MB, paused 1.514ms total 33.416ms
08-04 19:29:56.840 14460 14491 I art     : Starting a blocking GC Explicit
08-04 19:29:56.875 14460 14491 I art     : Explicit concurrent mark sweep GC freed 7(224B) AllocSpace objects, 0(0B) LOS objects, 37% free, 26MB/42MB, paused 1.296ms total 33.951ms
08-04 19:29:56.886 14460 14491 I art     : Starting a blocking GC Explicit
08-04 19:29:56.894 16704 16704 D AndroidRuntime: >>>>>> START com.android.internal.os.RuntimeInit uid 2000 <<<<<<
08-04 19:29:56.900 16704 16704 D AndroidRuntime: CheckJNI is OFF
08-04 19:29:56.921 14460 14491 I art     : Explicit concurrent mark sweep GC freed 9(288B) AllocSpace objects, 0(0B) LOS objects, 37% free, 26MB/42MB, paused 1.343ms total 34.107ms
08-04 19:29:56.933 14460 14491 I art     : Starting a blocking GC Explicit
08-04 19:29:56.945 16704 16704 D ICU     : No timezone override file found: /data/misc/zoneinfo/current/icu/icu_tzdata.dat
08-04 19:29:56.965 14460 14491 I art     : Explicit concurrent mark sweep GC freed 9(288B) AllocSpace objects, 0(0B) LOS objects, 37% free, 26MB/42MB, paused 1.383ms total 31.978ms
08-04 19:29:56.989 16704 16704 I Radio-JNI: register_android_hardware_Radio DONE
08-04 19:29:57.018 16704 16704 D AndroidRuntime: Calling main entry com.android.commands.input.Input
08-04 19:29:57.020 16704 16704 I Input   : injectMotionEvent: MotionEvent { action=ACTION_DOWN, actionButton=0, id[0]=0, x[0]=103.0, y[0]=192.0, toolType[0]=TOOL_TYPE_UNKNOWN, buttonState=0, metaState=0, flags=0x0, edgeFlags=0x0, pointerCount=1, historySize=0, eventTime=732613433, downTime=732613433, deviceId=0, source=0x1002 }
08-04 19:29:57.025 16704 16704 I Input   : injectMotionEvent: MotionEvent { action=ACTION_UP, actionButton=0, id[0]=0, x[0]=103.0, y[0]=192.0, toolType[0]=TOOL_TYPE_UNKNOWN, buttonState=0, metaState=0, flags=0x0, edgeFlags=0x0, pointerCount=1, historySize=0, eventTime=732613433, downTime=732613433, deviceId=0, source=0x1002 }
08-04 19:29:57.028 16704 16704 D AndroidRuntime: Shutting down VM
08-04 19:29:57.044   512  2967 D audio_hw_primary: out_set_parameters: enter: usecase(1: low-latency-playback) kvpairs: routing=2
08-04 19:29:57.057   512  2967 D audio_hw_primary: select_devices: out_snd_device(2: speaker) in_snd_device(0: none)
08-04 19:29:57.057   512  2967 D msm8974_platform: platform_send_audio_calibration: sending audio calibration for snd_device(2) acdb_id(15)
08-04 19:29:57.057   512  2967 I soundtrigger: audio_extn_sound_trigger_update_device_status: device 0x2 of type 0 for Event 1
08-04 19:29:57.069   512  2967 D audio_hw_primary: enable_snd_device: snd_device(2: speaker)
08-04 19:29:57.071   512  2967 D audio_hw_primary: enable_audio_route: apply and update mixer path: low-latency-playback speaker
08-04 19:29:57.081 13866 13866 I GoogleInputMethodServic: GoogleInputMethodService.onFinishInput():3138 
08-04 19:29:57.081 13866 13866 I GoogleInputMethodServic: GoogleInputMethodService.onStartInput():1808 
08-04 19:29:57.270 14460 14491 I art     : Starting a blocking GC Explicit
08-04 19:29:57.306 14460 14491 I art     : Explicit concurrent mark sweep GC freed 1974(108KB) AllocSpace objects, 1(20KB) LOS objects, 37% free, 26MB/42MB, paused 1.269ms total 35.829ms
08-04 19:29:57.318 14460 14491 I art     : Starting a blocking GC Explicit
08-04 19:29:57.353 14460 14491 I art     : Explicit concurrent mark sweep GC freed 102(5KB) AllocSpace objects, 0(0B) LOS objects, 37% free, 26MB/42MB, paused 1.326ms total 34.736ms
08-04 19:29:57.366 14460 14491 I art     : Starting a blocking GC Explicit
08-04 19:29:57.400 14460 14491 I art     : Explicit concurrent mark sweep GC freed 3(96B) AllocSpace objects, 0(0B) LOS objects, 37% free, 26MB/42MB, paused 1.363ms total 33.791ms
08-04 19:29:57.412 14460 14491 I art     : Starting a blocking GC Explicit
08-04 19:29:57.443 14460 14491 I art     : Explicit concurrent mark sweep GC freed 9(288B) AllocSpace objects, 0(0B) LOS objects, 37% free, 26MB/42MB, paused 1.195ms total 31.040ms
08-04 19:29:57.455 14460 14491 I art     : Starting a blocking GC Explicit
08-04 19:29:57.489 14460 14491 I art     : Explicit concurrent mark sweep GC freed 6(224B) AllocSpace objects, 0(0B) LOS objects, 37% free, 26MB/42MB, paused 1.319ms total 33.877ms
08-04 19:29:57.611   512  2967 D audio_hw_primary: disable_audio_route: reset and update mixer path: low-latency-playback speaker
08-04 19:29:57.612   512  2967 D audio_hw_primary: disable_snd_device: snd_device(2: speaker)
08-04 19:29:57.630   512  2967 I soundtrigger: audio_extn_sound_trigger_update_device_status: device 0x2 of type 0 for Event 0
08-04 19:29:57.815 14460 14910 I art     : Starting a blocking GC Explicit
08-04 19:29:57.863 14460 14910 I art     : Explicit concurrent mark sweep GC freed 1402(81KB) AllocSpace objects, 1(20KB) LOS objects, 37% free, 26MB/42MB, paused 1.559ms total 48.247ms
08-04 19:29:57.881 14460 14910 I art     : Starting a blocking GC Explicit
08-04 19:29:57.918 14460 14910 I art     : Explicit concurrent mark sweep GC freed 25(816B) AllocSpace objects, 0(0B) LOS objects, 37% free, 26MB/42MB, paused 1.413ms total 36.807ms
08-04 19:29:57.930 14460 14910 I art     : Starting a blocking GC Explicit
08-04 19:29:57.965 14460 14910 I art     : Explicit concurrent mark sweep GC freed 3(96B) AllocSpace objects, 0(0B) LOS objects, 37% free, 26MB/42MB, paused 1.323ms total 35.330ms
08-04 19:29:57.977 14460 14910 I art     : Starting a blocking GC Explicit
08-04 19:29:58.013 14460 14910 I art     : Explicit concurrent mark sweep GC freed 3(96B) AllocSpace objects, 0(0B) LOS objects, 37% free, 26MB/42MB, paused 1.351ms total 35.418ms
08-04 19:29:58.025 14460 14910 I art     : Starting a blocking GC Explicit
08-04 19:29:58.061 14460 14910 I art     : Explicit concurrent mark sweep GC freed 3(96B) AllocSpace objects, 0(0B) LOS objects, 37% free, 26MB/42MB, paused 1.270ms total 35.359ms
08-04 19:29:58.354 16162 16162 I ServiceManager: Waiting for service AtCmdFwd...
08-04 19:29:58.369 14460 16273 I art     : Starting a blocking GC Explicit
08-04 19:29:58.404 14460 16273 I art     : Explicit concurrent mark sweep GC freed 1371(80KB) AllocSpace objects, 1(20KB) LOS objects, 37% free, 26MB/42MB, paused 1.375ms total 34.779ms
08-04 19:29:58.416 14460 16273 I art     : Starting a blocking GC Explicit
08-04 19:29:58.450 14460 16273 I art     : Explicit concurrent mark sweep GC freed 23(752B) AllocSpace objects, 0(0B) LOS objects, 37% free, 26MB/42MB, paused 1.358ms total 33.164ms
08-04 19:29:58.461 14460 16273 I art     : Starting a blocking GC Explicit
08-04 19:29:58.494 14460 16273 I art     : Explicit concurrent mark sweep GC freed 3(96B) AllocSpace objects, 0(0B) LOS objects, 37% free, 26MB/42MB, paused 1.341ms total 32.884ms
08-04 19:29:58.506 14460 16273 I art     : Starting a blocking GC Explicit
08-04 19:29:58.540 14460 16273 I art     : Explicit concurrent mark sweep GC freed 3(96B) AllocSpace objects, 0(0B) LOS objects, 37% free, 26MB/42MB, paused 1.355ms total 33.990ms
08-04 19:29:58.552 14460 16273 I art     : Starting a blocking GC Explicit
08-04 19:29:58.586 14460 16273 I art     : Explicit concurrent mark sweep GC freed 3(96B) AllocSpace objects, 0(0B) LOS objects, 37% free, 26MB/42MB, paused 1.353ms total 34.216ms
08-04 19:29:58.796 16753 16753 D AndroidRuntime: >>>>>> START com.android.internal.os.RuntimeInit uid 2000 <<<<<<
08-04 19:29:58.803 16753 16753 D AndroidRuntime: CheckJNI is OFF
08-04 19:29:58.842 16753 16753 D ICU     : No timezone override file found: /data/misc/zoneinfo/current/icu/icu_tzdata.dat
08-04 19:29:58.885 16753 16753 I Radio-JNI: register_android_hardware_Radio DONE
08-04 19:29:58.914 16753 16753 D AndroidRuntime: Calling main entry com.android.commands.input.Input
08-04 19:29:58.916 16753 16753 I Input   : injectMotionEvent: MotionEvent { action=ACTION_DOWN, actionButton=0, id[0]=0, x[0]=625.0, y[0]=1248.0, toolType[0]=TOOL_TYPE_UNKNOWN, buttonState=0, metaState=0, flags=0x0, edgeFlags=0x0, pointerCount=1, historySize=0, eventTime=732615328, downTime=732615328, deviceId=0, source=0x1002 }
08-04 19:29:58.920 16753 16753 I Input   : injectMotionEvent: MotionEvent { action=ACTION_UP, actionButton=0, id[0]=0, x[0]=625.0, y[0]=1248.0, toolType[0]=TOOL_TYPE_UNKNOWN, buttonState=0, metaState=0, flags=0x0, edgeFlags=0x0, pointerCount=1, historySize=0, eventTime=732615328, downTime=732615328, deviceId=0, source=0x1002 }
08-04 19:29:58.922 16753 16753 D AndroidRuntime: Shutting down VM
08-04 19:29:58.930 14460 14491 I art     : Starting a blocking GC Explicit
08-04 19:29:58.965 14460 14491 I art     : Explicit concurrent mark sweep GC freed 1465(83KB) AllocSpace objects, 1(20KB) LOS objects, 37% free, 26MB/42MB, paused 1.313ms total 35.018ms
08-04 19:29:58.977 14460 14491 I art     : Starting a blocking GC Explicit
08-04 19:29:58.987 14460 14460 D MainActivity: loadFragment(index: 7, args: null)
08-04 19:29:58.988 14460 14460 D MainActivity: saveLastNavFragment(tag: 2)
08-04 19:29:58.989 14460 14460 D MainActivity: getLastNavFragment() -> 2
08-04 19:29:58.989   512  2967 D audio_hw_primary: out_set_parameters: enter: usecase(1: low-latency-playback) kvpairs: routing=2
08-04 19:29:59.002   512  2967 D audio_hw_primary: select_devices: out_snd_device(2: speaker) in_snd_device(0: none)
08-04 19:29:59.002   512  2967 D msm8974_platform: platform_send_audio_calibration: sending audio calibration for snd_device(2) acdb_id(15)
08-04 19:29:59.003   512  2967 I soundtrigger: audio_extn_sound_trigger_update_device_status: device 0x2 of type 0 for Event 1
08-04 19:29:59.013   512  2967 D audio_hw_primary: enable_snd_device: snd_device(2: speaker)
08-04 19:29:59.013 14460 14491 I art     : Explicit concurrent mark sweep GC freed 933(58KB) AllocSpace objects, 1(20KB) LOS objects, 37% free, 26MB/42MB, paused 1.647ms total 36.066ms
08-04 19:29:59.015   512  2967 D audio_hw_primary: enable_audio_route: apply and update mixer path: low-latency-playback speaker
08-04 19:29:59.021 14460 14460 D ItemlistFragment: onEventMainThread() called with: event = [DownloadEvent{update=DownloaderUpdate{downloaders=[], feedIds=[], mediaIds=[]}}]
08-04 19:29:59.022 14460 14995 D DBReader: getFeed() called with: feedId = [2]
08-04 19:29:59.024 14460 14995 D DBReader: getFeedItemList() called with: feed = [baseline.de.danoeh.antennapod.core.feed.Feed@2]
08-04 19:29:59.028 14460 14491 I art     : Starting a blocking GC Explicit
08-04 19:29:59.062 14460 14491 I art     : Explicit concurrent mark sweep GC freed 1930(81KB) AllocSpace objects, 0(0B) LOS objects, 36% free, 27MB/43MB, paused 1.679ms total 34.287ms
08-04 19:29:59.075 14460 14491 I art     : Starting a blocking GC Explicit
08-04 19:29:59.113 14460 14491 I art     : Explicit concurrent mark sweep GC freed 2660(102KB) AllocSpace objects, 0(0B) LOS objects, 36% free, 28MB/44MB, paused 1.752ms total 38.469ms
08-04 19:29:59.126 14460 14491 I art     : Starting a blocking GC Explicit
08-04 19:29:59.137 14460 14995 W PodDBAdapter: Length of id array is larger than 800. Creating multiple cursors
08-04 19:29:59.170 14460 14491 I art     : Explicit concurrent mark sweep GC freed 2146(197KB) AllocSpace objects, 1(16KB) LOS objects, 35% free, 28MB/44MB, paused 1.422ms total 43.577ms
08-04 19:29:59.228 14460 14995 D DBReader: getFavoriteIDList() called
08-04 19:29:59.229 14460 14995 D DBReader: getQueueIDList() called
08-04 19:29:59.231 14460 14995 D DBReader: Extracting Feedlist
08-04 19:29:59.272 14460 14460 D FeedMenuHandler: Preparing options menu
08-04 19:29:59.341 14460 15388 D ApOkHttpUrlLoader: buildLoadData() called with: model = [http://static.libsyn.com/p/assets/7/1/f/3/71f3014e14ef2722/JREiTunesImage2.jpg], width = [1440], height = [462]
08-04 19:29:59.355 16162 16162 I ServiceManager: Waiting for service AtCmdFwd...
08-04 19:29:59.457 14460 14481 V RenderScript: 0x7f7596d000 Launching thread(s), CPUs 8
08-04 19:29:59.477 14460 16273 I art     : Starting a blocking GC Explicit
08-04 19:29:59.526 13866 13866 I GoogleInputMethodServic: GoogleInputMethodService.onFinishInput():3138 
08-04 19:29:59.527 13866 13866 I GoogleInputMethodServic: GoogleInputMethodService.onStartInput():1808 
08-04 19:29:59.529 14460 16273 I art     : Explicit concurrent mark sweep GC freed 12232(491KB) AllocSpace objects, 2(36KB) LOS objects, 29% free, 37MB/53MB, paused 1.757ms total 51.283ms
08-04 19:29:59.542 14460 16273 I art     : Starting a blocking GC Explicit
08-04 19:29:59.559   512  2967 D audio_hw_primary: disable_audio_route: reset and update mixer path: low-latency-playback speaker
08-04 19:29:59.560   512  2967 D audio_hw_primary: disable_snd_device: snd_device(2: speaker)
08-04 19:29:59.567   512  2967 I soundtrigger: audio_extn_sound_trigger_update_device_status: device 0x2 of type 0 for Event 0
08-04 19:29:59.582 14460 16273 I art     : Explicit concurrent mark sweep GC freed 1163(87KB) AllocSpace objects, 4(128KB) LOS objects, 29% free, 37MB/53MB, paused 1.238ms total 39.587ms
08-04 19:29:59.595 14460 16273 I art     : Starting a blocking GC Explicit
08-04 19:29:59.639 14460 16273 I art     : Explicit concurrent mark sweep GC freed 56(2080B) AllocSpace objects, 1(88KB) LOS objects, 30% free, 37MB/53MB, paused 1.329ms total 43.350ms
08-04 19:29:59.652 14460 16273 I art     : Starting a blocking GC Explicit
08-04 19:29:59.695 14460 16273 I art     : Explicit concurrent mark sweep GC freed 13(528B) AllocSpace objects, 0(0B) LOS objects, 30% free, 37MB/53MB, paused 1.228ms total 43.335ms
08-04 19:29:59.710 14460 16273 I art     : Starting a blocking GC Explicit
08-04 19:29:59.755 14460 16273 I art     : Explicit concurrent mark sweep GC freed 32(880B) AllocSpace objects, 0(0B) LOS objects, 30% free, 37MB/53MB, paused 1.415ms total 44.574ms
08-04 19:30:00.069 14460 14491 I art     : Starting a blocking GC Explicit
08-04 19:30:00.114 14460 14491 I art     : Explicit concurrent mark sweep GC freed 1392(81KB) AllocSpace objects, 1(20KB) LOS objects, 30% free, 37MB/53MB, paused 1.334ms total 45.233ms
08-04 19:30:00.128 14460 14491 I art     : Starting a blocking GC Explicit
08-04 19:30:00.173 14460 14491 I art     : Explicit concurrent mark sweep GC freed 42(1392B) AllocSpace objects, 0(0B) LOS objects, 30% free, 37MB/53MB, paused 1.343ms total 44.459ms
08-04 19:30:00.187 14460 14491 I art     : Starting a blocking GC Explicit
08-04 19:30:00.233 14460 14491 I art     : Explicit concurrent mark sweep GC freed 3(96B) AllocSpace objects, 0(0B) LOS objects, 30% free, 37MB/53MB, paused 1.250ms total 45.921ms
08-04 19:30:00.247 14460 14491 I art     : Starting a blocking GC Explicit
08-04 19:30:00.293 14460 14491 I art     : Explicit concurrent mark sweep GC freed 3(96B) AllocSpace objects, 0(0B) LOS objects, 30% free, 37MB/53MB, paused 1.349ms total 45.206ms
08-04 19:30:00.307 14460 14491 I art     : Starting a blocking GC Explicit
08-04 19:30:00.354 14460 14491 I art     : Explicit concurrent mark sweep GC freed 3(96B) AllocSpace objects, 0(0B) LOS objects, 30% free, 37MB/53MB, paused 1.357ms total 46.525ms
08-04 19:30:00.355 16162 16162 I ServiceManager: Waiting for service AtCmdFwd...
08-04 19:30:00.681 14460 14472 I art     : Starting a blocking GC Explicit
08-04 19:30:00.742 14460 14472 I art     : Explicit concurrent mark sweep GC freed 1400(81KB) AllocSpace objects, 1(20KB) LOS objects, 30% free, 37MB/53MB, paused 1.485ms total 60.779ms
08-04 19:30:00.759 14460 14472 I art     : Starting a blocking GC Explicit
08-04 19:30:00.810 14460 14472 I art     : Explicit concurrent mark sweep GC freed 24(784B) AllocSpace objects, 0(0B) LOS objects, 30% free, 37MB/53MB, paused 1.439ms total 51.173ms
08-04 19:30:00.825 14460 14472 I art     : Starting a blocking GC Explicit
08-04 19:30:00.872 14460 14472 I art     : Explicit concurrent mark sweep GC freed 4(128B) AllocSpace objects, 0(0B) LOS objects, 30% free, 37MB/53MB, paused 1.354ms total 46.424ms
08-04 19:30:00.889 14460 14472 I art     : Starting a blocking GC Explicit
08-04 19:30:00.935 14460 14472 I art     : Explicit concurrent mark sweep GC freed 11(352B) AllocSpace objects, 0(0B) LOS objects, 30% free, 37MB/53MB, paused 1.232ms total 45.736ms
08-04 19:30:00.949 14460 14472 I art     : Starting a blocking GC Explicit
08-04 19:30:00.995 14460 14472 I art     : Explicit concurrent mark sweep GC freed 9(288B) AllocSpace objects, 0(0B) LOS objects, 30% free, 37MB/53MB, paused 1.534ms total 45.124ms
08-04 19:30:01.335 14460 16273 I art     : Starting a blocking GC Explicit
08-04 19:30:01.356 16162 16162 I ServiceManager: Waiting for service AtCmdFwd...
08-04 19:30:01.395 14460 16273 I art     : Explicit concurrent mark sweep GC freed 2089(102KB) AllocSpace objects, 1(20KB) LOS objects, 30% free, 37MB/53MB, paused 1.486ms total 59.682ms
08-04 19:30:01.413 14460 16273 I art     : Starting a blocking GC Explicit
08-04 19:30:01.462 14460 16273 I art     : Explicit concurrent mark sweep GC freed 23(752B) AllocSpace objects, 0(0B) LOS objects, 30% free, 37MB/53MB, paused 1.347ms total 48.682ms
08-04 19:30:01.476 14460 16273 I art     : Starting a blocking GC Explicit
08-04 19:30:01.527 14460 16273 I art     : Explicit concurrent mark sweep GC freed 3(96B) AllocSpace objects, 0(0B) LOS objects, 30% free, 37MB/53MB, paused 1.386ms total 50.757ms
08-04 19:30:01.541 14460 16273 I art     : Starting a blocking GC Explicit
08-04 19:30:01.592 14460 16273 I art     : Explicit concurrent mark sweep GC freed 3(96B) AllocSpace objects, 0(0B) LOS objects, 30% free, 37MB/53MB, paused 1.331ms total 49.758ms
08-04 19:30:01.606 14460 16273 I art     : Starting a blocking GC Explicit
08-04 19:30:01.656 14460 16273 I art     : Explicit concurrent mark sweep GC freed 3(96B) AllocSpace objects, 0(0B) LOS objects, 30% free, 37MB/53MB, paused 1.368ms total 49.040ms
08-04 19:30:02.013 14460 14910 I art     : Starting a blocking GC Explicit
08-04 19:30:02.077 14460 14910 I art     : Explicit concurrent mark sweep GC freed 2289(113KB) AllocSpace objects, 1(20KB) LOS objects, 30% free, 37MB/53MB, paused 1.401ms total 63.176ms
08-04 19:30:02.093 14460 14910 I art     : Starting a blocking GC Explicit
08-04 19:30:02.144 14460 14910 I art     : Explicit concurrent mark sweep GC freed 23(752B) AllocSpace objects, 0(0B) LOS objects, 30% free, 37MB/53MB, paused 1.340ms total 50.865ms
08-04 19:30:02.159 14460 14910 I art     : Starting a blocking GC Explicit
08-04 19:30:02.207 14460 14910 I art     : Explicit concurrent mark sweep GC freed 3(96B) AllocSpace objects, 0(0B) LOS objects, 30% free, 37MB/53MB, paused 1.349ms total 48.475ms
08-04 19:30:02.222 14460 14910 I art     : Starting a blocking GC Explicit
08-04 19:30:02.273 14460 14910 I art     : Explicit concurrent mark sweep GC freed 3(96B) AllocSpace objects, 0(0B) LOS objects, 30% free, 37MB/53MB, paused 1.500ms total 51.187ms
08-04 19:30:02.291 14460 14910 I art     : Starting a blocking GC Explicit
08-04 19:30:02.340 14460 14910 I art     : Explicit concurrent mark sweep GC freed 3(96B) AllocSpace objects, 0(0B) LOS objects, 30% free, 37MB/53MB, paused 1.381ms total 48.937ms
08-04 19:30:02.357 16162 16162 I ServiceManager: Waiting for service AtCmdFwd...
08-04 19:30:02.673 14460 14491 I art     : Starting a blocking GC Explicit
08-04 19:30:02.735 14460 14491 I art     : Explicit concurrent mark sweep GC freed 1372(80KB) AllocSpace objects, 1(20KB) LOS objects, 30% free, 37MB/53MB, paused 1.472ms total 61.951ms
08-04 19:30:02.752 14460 14491 I art     : Starting a blocking GC Explicit
08-04 19:30:02.807 14460 14491 I art     : Explicit concurrent mark sweep GC freed 52(1536B) AllocSpace objects, 0(0B) LOS objects, 30% free, 37MB/53MB, paused 1.433ms total 54.560ms
08-04 19:30:02.825 14460 14491 I art     : Starting a blocking GC Explicit
08-04 19:30:02.875 14460 14491 I art     : Explicit concurrent mark sweep GC freed 3(96B) AllocSpace objects, 0(0B) LOS objects, 30% free, 37MB/53MB, paused 1.379ms total 49.217ms
08-04 19:30:02.890 14460 14491 I art     : Starting a blocking GC Explicit
08-04 19:30:02.941 14460 14491 I art     : Explicit concurrent mark sweep GC freed 3(96B) AllocSpace objects, 0(0B) LOS objects, 30% free, 37MB/53MB, paused 1.327ms total 51.291ms
08-04 19:30:02.955 14460 14491 I art     : Starting a blocking GC Explicit
08-04 19:30:03.005 14460 14491 I art     : Explicit concurrent mark sweep GC freed 3(96B) AllocSpace objects, 0(0B) LOS objects, 30% free, 37MB/53MB, paused 1.394ms total 49.004ms
08-04 19:30:03.330 14460 14471 I art     : Starting a blocking GC Explicit
08-04 19:30:03.357 16162 16162 W Atfwd_Sendcmd: AtCmdFwd service not published, waiting... retryCnt : 3
08-04 19:30:03.379 14460 14471 I art     : Explicit concurrent mark sweep GC freed 1374(81KB) AllocSpace objects, 1(20KB) LOS objects, 30% free, 37MB/53MB, paused 1.489ms total 48.726ms
08-04 19:30:03.393 14460 14471 I art     : Starting a blocking GC Explicit
08-04 19:30:03.439 14460 14471 I art     : Explicit concurrent mark sweep GC freed 23(752B) AllocSpace objects, 0(0B) LOS objects, 30% free, 37MB/53MB, paused 1.464ms total 46.269ms
08-04 19:30:03.454 14460 14471 I art     : Starting a blocking GC Explicit
08-04 19:30:03.502 14460 14471 I art     : Explicit concurrent mark sweep GC freed 3(96B) AllocSpace objects, 0(0B) LOS objects, 30% free, 37MB/53MB, paused 1.444ms total 48.068ms
08-04 19:30:03.516 14460 14471 I art     : Starting a blocking GC Explicit
08-04 19:30:03.562 14460 14471 I art     : Explicit concurrent mark sweep GC freed 3(96B) AllocSpace objects, 0(0B) LOS objects, 30% free, 37MB/53MB, paused 1.349ms total 45.972ms
08-04 19:30:03.577 14460 14471 I art     : Starting a blocking GC Explicit
08-04 19:30:03.625 14460 14471 I art     : Explicit concurrent mark sweep GC freed 3(96B) AllocSpace objects, 0(0B) LOS objects, 30% free, 37MB/53MB, paused 1.374ms total 47.662ms
08-04 19:30:03.740 16853 16853 D AndroidRuntime: >>>>>> START com.android.internal.os.RuntimeInit uid 2000 <<<<<<
08-04 19:30:03.749 16853 16853 D AndroidRuntime: CheckJNI is OFF
08-04 19:30:03.796 16853 16853 D ICU     : No timezone override file found: /data/misc/zoneinfo/current/icu/icu_tzdata.dat
08-04 19:30:03.838 16853 16853 I Radio-JNI: register_android_hardware_Radio DONE
08-04 19:30:03.866 16853 16853 D AndroidRuntime: Calling main entry com.android.commands.input.Input
08-04 19:30:03.869 16853 16853 I Input   : injectMotionEvent: MotionEvent { action=ACTION_DOWN, actionButton=0, id[0]=0, x[0]=1363.0, y[0]=517.0, toolType[0]=TOOL_TYPE_UNKNOWN, buttonState=0, metaState=0, flags=0x0, edgeFlags=0x0, pointerCount=1, historySize=0, eventTime=732620281, downTime=732620281, deviceId=0, source=0x1002 }
08-04 19:30:03.873 16853 16853 I Input   : injectMotionEvent: MotionEvent { action=ACTION_UP, actionButton=0, id[0]=0, x[0]=1363.0, y[0]=517.0, toolType[0]=TOOL_TYPE_UNKNOWN, buttonState=0, metaState=0, flags=0x0, edgeFlags=0x0, pointerCount=1, historySize=0, eventTime=732620281, downTime=732620281, deviceId=0, source=0x1002 }
08-04 19:30:03.875 16853 16853 D AndroidRuntime: Shutting down VM
08-04 19:30:03.882   918   929 I ActivityManager: START u0 {cmp=baseline.de.danoeh.antennapod.debug/baseline.de.danoeh.antennapod.activity.FeedSettingsActivity (has extras)} from uid 10670 on display 0
08-04 19:30:03.882   512  2967 D audio_hw_primary: out_set_parameters: enter: usecase(1: low-latency-playback) kvpairs: routing=2
08-04 19:30:03.895   512  2967 D audio_hw_primary: select_devices: out_snd_device(2: speaker) in_snd_device(0: none)
08-04 19:30:03.895   512  2967 D msm8974_platform: platform_send_audio_calibration: sending audio calibration for snd_device(2) acdb_id(15)
08-04 19:30:03.896   512  2967 I soundtrigger: audio_extn_sound_trigger_update_device_status: device 0x2 of type 0 for Event 1
08-04 19:30:03.907   512  2967 D audio_hw_primary: enable_snd_device: snd_device(2: speaker)
08-04 19:30:03.909   512  2967 D audio_hw_primary: enable_audio_route: apply and update mixer path: low-latency-playback speaker
08-04 19:30:03.971 14460 14471 I art     : Starting a blocking GC Explicit
08-04 19:30:04.020 14460 14471 I art     : Explicit concurrent mark sweep GC freed 33830(1457KB) AllocSpace objects, 1(20KB) LOS objects, 29% free, 37MB/53MB, paused 2.050ms total 49.311ms
08-04 19:30:04.034 14460 14471 I art     : Starting a blocking GC Explicit
08-04 19:30:04.081 14460 14471 I art     : Explicit concurrent mark sweep GC freed 24195(1006KB) AllocSpace objects, 0(0B) LOS objects, 29% free, 37MB/53MB, paused 1.971ms total 46.471ms
08-04 19:30:04.096 14460 14471 I art     : Starting a blocking GC Explicit
08-04 19:30:04.142 14460 14471 I art     : Explicit concurrent mark sweep GC freed 3371(204KB) AllocSpace objects, 0(0B) LOS objects, 28% free, 39MB/55MB, paused 1.580ms total 45.757ms
08-04 19:30:04.148 14460 14996 D DBReader: getFeed() called with: feedId = [2]
08-04 19:30:04.150 14460 14996 D DBReader: getFeedItemList() called with: feed = [baseline.de.danoeh.antennapod.core.feed.Feed@2]
08-04 19:30:04.157 14460 14471 I art     : Starting a blocking GC Explicit
08-04 19:30:04.215 14460 14471 I art     : Explicit concurrent mark sweep GC freed 3419(140KB) AllocSpace objects, 0(0B) LOS objects, 28% free, 40MB/56MB, paused 1.885ms total 58.277ms
08-04 19:30:04.230 14460 14471 I art     : Starting a blocking GC Explicit
08-04 19:30:04.267 14460 14996 W PodDBAdapter: Length of id array is larger than 800. Creating multiple cursors
08-04 19:30:04.281 14460 14471 I art     : Explicit concurrent mark sweep GC freed 3221(207KB) AllocSpace objects, 1(16KB) LOS objects, 27% free, 41MB/57MB, paused 1.871ms total 50.965ms
08-04 19:30:04.286   918   936 I ActivityManager: Displayed baseline.de.danoeh.antennapod.debug/baseline.de.danoeh.antennapod.activity.FeedSettingsActivity: +393ms
08-04 19:30:04.294 13866 13866 I GoogleInputMethodServic: GoogleInputMethodService.onFinishInput():3138 
08-04 19:30:04.295 13866 13866 I GoogleInputMethodServic: GoogleInputMethodService.onStartInput():1808 
08-04 19:30:04.338 14460 14481 D OpenGLRenderer: endAllStagingAnimators on 0x7f7e363c00 (RippleDrawable) with handle 0x7f79dfd6a0
08-04 19:30:04.366 14460 15388 D ApOkHttpUrlLoader: buildLoadData() called with: model = [http://static.libsyn.com/p/assets/7/1/f/3/71f3014e14ef2722/JREiTunesImage2.jpg], width = [1440], height = [462]
08-04 19:30:04.370 13866 13866 I GoogleInputMethodServic: GoogleInputMethodService.onStartInput():1808 
08-04 19:30:04.371 13866 13866 W SessionManager: SessionManager.beginSession():53 Try to begin an already begun session [INPUT_SESSION], end it first
08-04 19:30:04.380 13866 13866 I ShortcutsDataManager: ShortcutsDataManager.onContentChanged():89 onContentChanged()
08-04 19:30:04.383 14460 14460 D FeedSettingsActivity: No filter set
08-04 19:30:04.390   918  5952 W IntentResolver: resolveIntent: multiple matches, only some with CATEGORY_DEFAULT
08-04 19:30:04.439   512  2967 D audio_hw_primary: disable_audio_route: reset and update mixer path: low-latency-playback speaker
08-04 19:30:04.440   512  2967 D audio_hw_primary: disable_snd_device: snd_device(2: speaker)
08-04 19:30:04.449   512  2967 I soundtrigger: audio_extn_sound_trigger_update_device_status: device 0x2 of type 0 for Event 0
08-04 19:30:04.530   380   380 W SurfaceFlinger: couldn't log to binary event log: overflow.
08-04 19:30:04.606 14460 16273 I art     : Starting a blocking GC Explicit
08-04 19:30:04.671 14460 16273 I art     : Explicit concurrent mark sweep GC freed 9662(326KB) AllocSpace objects, 2(36KB) LOS objects, 27% free, 41MB/57MB, paused 2.028ms total 64.955ms
08-04 19:30:04.685 14460 14460 D PlaybackController: Releasing PlaybackController
08-04 19:30:04.691 14460 16273 I art     : Starting a blocking GC Explicit
08-04 19:30:04.745 14460 16273 I art     : Explicit concurrent mark sweep GC freed 951(63KB) AllocSpace objects, 0(0B) LOS objects, 27% free, 41MB/57MB, paused 1.459ms total 54.625ms
08-04 19:30:04.761 14460 16273 I art     : Starting a blocking GC Explicit
08-04 19:30:04.815 14460 16273 I art     : Explicit concurrent mark sweep GC freed 61(2176B) AllocSpace objects, 0(0B) LOS objects, 27% free, 41MB/57MB, paused 1.423ms total 54.089ms
08-04 19:30:04.831 14460 16273 I art     : Starting a blocking GC Explicit
08-04 19:30:04.888 14460 16273 I art     : Explicit concurrent mark sweep GC freed 36(1392B) AllocSpace objects, 0(0B) LOS objects, 27% free, 41MB/57MB, paused 1.622ms total 56.233ms
08-04 19:30:04.905 14460 16273 I art     : Starting a blocking GC Explicit
08-04 19:30:04.962 14460 16273 I art     : Explicit concurrent mark sweep GC freed 50(2160B) AllocSpace objects, 0(0B) LOS objects, 27% free, 41MB/57MB, paused 1.467ms total 57.223ms
08-04 19:30:05.295 14460 14491 I art     : Starting a blocking GC Explicit
08-04 19:30:05.368 14460 14491 I art     : Explicit concurrent mark sweep GC freed 1374(80KB) AllocSpace objects, 1(20KB) LOS objects, 27% free, 41MB/57MB, paused 1.558ms total 72.718ms
08-04 19:30:05.390 14460 14491 I art     : Starting a blocking GC Explicit
08-04 19:30:05.448 14460 14491 I art     : Explicit concurrent mark sweep GC freed 23(752B) AllocSpace objects, 0(0B) LOS objects, 27% free, 41MB/57MB, paused 1.607ms total 58.463ms
08-04 19:30:05.465 14460 14491 I art     : Starting a blocking GC Explicit
08-04 19:30:05.525 14460 14491 I art     : Explicit concurrent mark sweep GC freed 3(96B) AllocSpace objects, 0(0B) LOS objects, 27% free, 41MB/57MB, paused 1.446ms total 59.301ms
08-04 19:30:05.542 14460 14491 I art     : Starting a blocking GC Explicit
08-04 19:30:05.610 14460 14491 I art     : Explicit concurrent mark sweep GC freed 3(96B) AllocSpace objects, 0(0B) LOS objects, 27% free, 41MB/57MB, paused 1.536ms total 67.818ms
08-04 19:30:05.628 14460 14491 I art     : Starting a blocking GC Explicit
08-04 19:30:05.695 14460 14491 I art     : Explicit concurrent mark sweep GC freed 3(96B) AllocSpace objects, 0(0B) LOS objects, 27% free, 41MB/57MB, paused 1.473ms total 67.274ms
08-04 19:30:06.046 14460 14472 I art     : Starting a blocking GC Explicit
08-04 19:30:06.109 14460 14472 I art     : Explicit concurrent mark sweep GC freed 1460(83KB) AllocSpace objects, 1(20KB) LOS objects, 27% free, 41MB/57MB, paused 1.469ms total 62.724ms
08-04 19:30:06.126 14460 14472 I art     : Starting a blocking GC Explicit
08-04 19:30:06.192 14460 14472 I art     : Explicit concurrent mark sweep GC freed 23(752B) AllocSpace objects, 0(0B) LOS objects, 27% free, 41MB/57MB, paused 1.540ms total 65.809ms
08-04 19:30:06.210 14460 14472 I art     : Starting a blocking GC Explicit
08-04 19:30:06.276 14460 14472 I art     : Explicit concurrent mark sweep GC freed 3(96B) AllocSpace objects, 0(0B) LOS objects, 27% free, 41MB/57MB, paused 1.545ms total 65.295ms
08-04 19:30:06.293 14460 14472 I art     : Starting a blocking GC Explicit
08-04 19:30:06.360 14460 14472 I art     : Explicit concurrent mark sweep GC freed 3(96B) AllocSpace objects, 0(0B) LOS objects, 27% free, 41MB/57MB, paused 1.469ms total 66.644ms
08-04 19:30:06.377 14460 14472 I art     : Starting a blocking GC Explicit
08-04 19:30:06.444 14460 14472 I art     : Explicit concurrent mark sweep GC freed 3(96B) AllocSpace objects, 0(0B) LOS objects, 27% free, 41MB/57MB, paused 1.437ms total 65.983ms
08-04 19:30:06.499   918  3261 D WifiStateMachine: starting scan for "H369AA63323"WPA_PSK with 2412,5180
08-04 19:30:06.733   918  3188 I hubconnection: sensorhub said: 'set_bias 3: -6.0000, 0.0000, 0.0000'
08-04 19:30:06.808 14460 14910 I art     : Starting a blocking GC Explicit
08-04 19:30:06.885 14460 14910 I art     : Explicit concurrent mark sweep GC freed 1402(83KB) AllocSpace objects, 1(20KB) LOS objects, 27% free, 41MB/57MB, paused 1.550ms total 77.019ms
08-04 19:30:06.903 14460 14910 I art     : Starting a blocking GC Explicit
08-04 19:30:06.966 14460 14910 I art     : Explicit concurrent mark sweep GC freed 23(752B) AllocSpace objects, 0(0B) LOS objects, 27% free, 41MB/57MB, paused 1.521ms total 62.710ms
08-04 19:30:06.984 14460 14910 I art     : Starting a blocking GC Explicit
08-04 19:30:07.048 14460 14910 I art     : Explicit concurrent mark sweep GC freed 3(96B) AllocSpace objects, 0(0B) LOS objects, 27% free, 41MB/57MB, paused 1.623ms total 64.220ms
08-04 19:30:07.065 14460 14910 I art     : Starting a blocking GC Explicit
08-04 19:30:07.136 14460 14910 I art     : Explicit concurrent mark sweep GC freed 3(96B) AllocSpace objects, 0(0B) LOS objects, 27% free, 41MB/57MB, paused 1.599ms total 70.364ms
08-04 19:30:07.137 14460 14470 I art     : WaitForGcToComplete blocked for 58.370ms for cause HeapTrim
08-04 19:30:07.155 14460 14910 I art     : Starting a blocking GC Explicit
08-04 19:30:07.223 14460 14910 I art     : Explicit concurrent mark sweep GC freed 3(96B) AllocSpace objects, 0(0B) LOS objects, 27% free, 41MB/57MB, paused 1.508ms total 67.256ms
08-04 19:30:07.602 14460 14471 I art     : Starting a blocking GC Explicit
08-04 19:30:07.682 14460 14471 I art     : Explicit concurrent mark sweep GC freed 1373(81KB) AllocSpace objects, 1(20KB) LOS objects, 27% free, 41MB/57MB, paused 1.600ms total 79.463ms
08-04 19:30:07.701 14460 14471 I art     : Starting a blocking GC Explicit
08-04 19:30:07.766 14460 14471 I art     : Explicit concurrent mark sweep GC freed 52(1536B) AllocSpace objects, 0(0B) LOS objects, 27% free, 41MB/57MB, paused 1.522ms total 65.496ms
08-04 19:30:07.784 14460 14471 I art     : Starting a blocking GC Explicit
08-04 19:30:07.855 14460 14471 I art     : Explicit concurrent mark sweep GC freed 3(96B) AllocSpace objects, 0(0B) LOS objects, 27% free, 41MB/57MB, paused 1.548ms total 71.252ms
08-04 19:30:07.875 14460 14471 I art     : Starting a blocking GC Explicit
08-04 19:30:07.939 14460 14471 I art     : Explicit concurrent mark sweep GC freed 3(96B) AllocSpace objects, 0(0B) LOS objects, 27% free, 41MB/57MB, paused 1.542ms total 64.073ms
08-04 19:30:07.957 14460 14471 I art     : Starting a blocking GC Explicit
08-04 19:30:08.021 14460 14471 I art     : Explicit concurrent mark sweep GC freed 3(96B) AllocSpace objects, 0(0B) LOS objects, 27% free, 41MB/57MB, paused 1.477ms total 63.788ms
08-04 19:30:08.325 14460 14491 I art     : Starting a blocking GC Explicit
08-04 19:30:08.393 14460 14491 I art     : Explicit concurrent mark sweep GC freed 2075(106KB) AllocSpace objects, 1(20KB) LOS objects, 27% free, 41MB/57MB, paused 1.556ms total 67.110ms
08-04 19:30:08.410 14460 14491 I art     : Starting a blocking GC Explicit
08-04 19:30:08.471 14460 14491 I art     : Explicit concurrent mark sweep GC freed 23(752B) AllocSpace objects, 0(0B) LOS objects, 27% free, 41MB/57MB, paused 1.466ms total 60.636ms
08-04 19:30:08.487 14460 14491 I art     : Starting a blocking GC Explicit
08-04 19:30:08.551 14460 14491 I art     : Explicit concurrent mark sweep GC freed 3(96B) AllocSpace objects, 0(0B) LOS objects, 27% free, 41MB/57MB, paused 1.520ms total 63.654ms
08-04 19:30:08.568 14460 14491 I art     : Starting a blocking GC Explicit
08-04 19:30:08.629 14460 14491 I art     : Explicit concurrent mark sweep GC freed 3(96B) AllocSpace objects, 0(0B) LOS objects, 27% free, 41MB/57MB, paused 1.481ms total 60.495ms
08-04 19:30:08.647 14460 14491 I art     : Starting a blocking GC Explicit
08-04 19:30:08.688 16942 16942 D AndroidRuntime: >>>>>> START com.android.internal.os.RuntimeInit uid 2000 <<<<<<
08-04 19:30:08.693 16942 16942 D AndroidRuntime: CheckJNI is OFF
08-04 19:30:08.708 14460 14491 I art     : Explicit concurrent mark sweep GC freed 3(96B) AllocSpace objects, 0(0B) LOS objects, 27% free, 41MB/57MB, paused 1.614ms total 60.827ms
08-04 19:30:08.742 16942 16942 D ICU     : No timezone override file found: /data/misc/zoneinfo/current/icu/icu_tzdata.dat
08-04 19:30:08.785 16942 16942 I Radio-JNI: register_android_hardware_Radio DONE
08-04 19:30:08.815 16942 16942 D AndroidRuntime: Calling main entry com.android.commands.input.Input
08-04 19:30:08.817 16942 16942 I Input   : injectKeyEvent: KeyEvent { action=ACTION_DOWN, keyCode=KEYCODE_BACK, scanCode=0, metaState=0, flags=0x0, repeatCount=0, eventTime=732625229, downTime=732625229, deviceId=-1, source=0x101 }
08-04 19:30:08.828 16942 16942 I Input   : injectKeyEvent: KeyEvent { action=ACTION_UP, keyCode=KEYCODE_BACK, scanCode=0, metaState=0, flags=0x0, repeatCount=0, eventTime=732625229, downTime=732625229, deviceId=-1, source=0x101 }
08-04 19:30:08.836 16942 16942 D AndroidRuntime: Shutting down VM
08-04 19:30:08.844 14460 14460 V PlaybackController: initServiceNotRunning()
08-04 19:30:08.844 14460 14460 D ExternalPlayerFragment: Loading media info
08-04 19:30:08.847 14460 14460 D ItemlistFragment: onEventMainThread() called with: event = [DownloadEvent{update=DownloaderUpdate{downloaders=[], feedIds=[], mediaIds=[]}}]
08-04 19:30:08.848 14460 15388 D ApOkHttpUrlLoader: buildLoadData() called with: model = [http://static.libsyn.com/p/assets/7/1/f/3/71f3014e14ef2722/JREiTunesImage2.jpg], width = [1440], height = [462]
08-04 19:30:08.850 14460 14460 D UserPreferences: Using default data folder
08-04 19:30:08.851 14460 14996 D DBReader: getNavDrawerData() called with: 
08-04 19:30:08.852 14460 14480 D DBReader: getFeed() called with: feedId = [2]
08-04 19:30:08.854 14460 14480 D DBReader: getFeedItemList() called with: feed = [baseline.de.danoeh.antennapod.core.feed.Feed@2]
08-04 19:30:08.867 14460 14460 D FeedMenuHandler: Preparing options menu
08-04 19:30:08.884 14460 14996 D DBReader: getDownloadedItems() called
08-04 19:30:08.887 14460 14996 D DBReader: getFavoriteIDList() called
08-04 19:30:08.888 14460 14996 D DBReader: getQueueIDList() called
08-04 19:30:08.888 14460 14996 D DBReader: Extracting Feedlist
08-04 19:30:08.907 13866 13866 I GoogleInputMethodServic: GoogleInputMethodService.onFinishInput():3138 
08-04 19:30:08.907 13866 13866 I GoogleInputMethodServic: GoogleInputMethodService.onStartInput():1808 
08-04 19:30:08.908 13866 13866 I ShortcutsDataManager: AbstractContentDataManager.startImportContentTask():208 startImportContentTask()
08-04 19:30:08.909 13866 13938 I ShortcutsDataManager: AbstractContentDataManager$ImportContentTask.doInBackground():222 doInBackground()
08-04 19:30:08.909 13866 13938 I PersonalDictionaryDataH: PersonalDictionaryDataHandler.beginProcess():111 LanguageTags = [en-US]
08-04 19:30:08.921 13866 13938 I ShortcutsDataManager: AbstractContentDataManager.importRecords():312 importRecords() : Success : Count = 0
08-04 19:30:08.926 13866 13938 I ShortcutsDataManager: AbstractContentDataManager.importContentData():262 importContentData() : Ending import process
08-04 19:30:08.935 14460 14460 D MainActivity: getLastNavFragment() -> 2
08-04 19:30:08.951 13866 13938 I PersonalLanguageModelUp: PersonalLanguageModelUpdater$UpdateOperation.performInternal():160 run() : Added 0 words and 0 shortcuts
08-04 19:30:08.951 13866 13938 I DynamicLanguageModelOpe: DynamicLanguageModelOperation.perform():37 perform() : 4 : coc : Completed
08-04 19:30:08.951 13866 13950 I Delight5Decoder: Delight5DecoderWrapper.loadLanguageModel():578 loadLanguageModel() : 4, version [n/a]
08-04 19:30:08.952 13866 13866 I ShortcutsDataManager: AbstractContentDataManager$ImportContentTask.onPostExecute():233 onPostExecute() : Result = [2,0]
08-04 19:30:08.952 13866 13866 I ShortcutsDataManager: ShortcutsDataManager.onImportFinished():99 onImportFinished() : Result = 2 : Count = 0
08-04 19:30:08.953 13866 13950 I Delight5Decoder: Delight5DecoderWrapper.loadLanguageModel():616 Loaded dynamic LM 4.en
08-04 19:30:08.970 14460 14480 W PodDBAdapter: Length of id array is larger than 800. Creating multiple cursors
08-04 19:30:09.033 14460 14491 I art     : Starting a blocking GC Explicit
08-04 19:30:09.058 14460 14480 D DBReader: getFavoriteIDList() called
08-04 19:30:09.059 14460 14480 D DBReader: getQueueIDList() called
08-04 19:30:09.060 14460 14480 D DBReader: Extracting Feedlist
08-04 19:30:09.063 14460 15388 D ApOkHttpUrlLoader: buildLoadData() called with: model = [http://static.libsyn.com/p/assets/7/1/f/3/71f3014e14ef2722/JREiTunesImage2.jpg], width = [1440], height = [462]
08-04 19:30:09.083 14460 14460 D FeedMenuHandler: Preparing options menu
08-04 19:30:09.105 14460 14491 I art     : Explicit concurrent mark sweep GC freed 40391(2MB) AllocSpace objects, 2(36KB) LOS objects, 25% free, 47MB/63MB, paused 2.424ms total 71.858ms
08-04 19:30:09.121 14460 14491 I art     : Starting a blocking GC Explicit
08-04 19:30:09.176 14460 14491 I art     : Explicit concurrent mark sweep GC freed 3963(192KB) AllocSpace objects, 1(16KB) LOS objects, 25% free, 47MB/63MB, paused 1.353ms total 54.594ms
08-04 19:30:09.193 14460 14491 I art     : Starting a blocking GC Explicit
08-04 19:30:09.218   380   380 W SurfaceFlinger: couldn't log to binary event log: overflow.
08-04 19:30:09.250 14460 14491 I art     : Explicit concurrent mark sweep GC freed 1385(85KB) AllocSpace objects, 0(0B) LOS objects, 25% free, 47MB/63MB, paused 1.637ms total 56.507ms
08-04 19:30:09.266 14460 14491 I art     : Starting a blocking GC Explicit
08-04 19:30:09.319 14460 14491 I art     : Explicit concurrent mark sweep GC freed 139(5KB) AllocSpace objects, 0(0B) LOS objects, 25% free, 47MB/63MB, paused 1.505ms total 52.933ms
08-04 19:30:09.336 14460 14491 I art     : Starting a blocking GC Explicit
08-04 19:30:09.383 14460 14491 I art     : Explicit concurrent mark sweep GC freed 34767(2MB) AllocSpace objects, 44(2MB) LOS objects, 27% free, 42MB/58MB, paused 1.510ms total 47.209ms
08-04 19:30:09.720 14460 14471 I art     : Starting a blocking GC Explicit
08-04 19:30:09.785 14460 14471 I art     : Explicit concurrent mark sweep GC freed 1446(84KB) AllocSpace objects, 1(20KB) LOS objects, 27% free, 42MB/58MB, paused 1.451ms total 64.863ms
08-04 19:30:09.803 14460 14471 I art     : Starting a blocking GC Explicit
08-04 19:30:09.849 14460 14471 I art     : Explicit concurrent mark sweep GC freed 25(832B) AllocSpace objects, 0(0B) LOS objects, 27% free, 42MB/58MB, paused 1.388ms total 45.504ms
08-04 19:30:09.864 14460 14471 I art     : Starting a blocking GC Explicit
08-04 19:30:09.910 14460 14471 I art     : Explicit concurrent mark sweep GC freed 3(96B) AllocSpace objects, 0(0B) LOS objects, 27% free, 42MB/58MB, paused 1.495ms total 46.378ms
08-04 19:30:09.925 14460 14471 I art     : Starting a blocking GC Explicit
08-04 19:30:09.972 14460 14471 I art     : Explicit concurrent mark sweep GC freed 3(96B) AllocSpace objects, 0(0B) LOS objects, 27% free, 42MB/58MB, paused 1.458ms total 46.915ms
08-04 19:30:09.986 14460 14471 I art     : Starting a blocking GC Explicit
08-04 19:30:10.033 14460 14471 I art     : Explicit concurrent mark sweep GC freed 3(96B) AllocSpace objects, 0(0B) LOS objects, 27% free, 42MB/58MB, paused 1.340ms total 46.751ms
08-04 19:30:10.362 14460 16273 I art     : Starting a blocking GC Explicit
08-04 19:30:10.416 14460 16273 I art     : Explicit concurrent mark sweep GC freed 1374(81KB) AllocSpace objects, 1(20KB) LOS objects, 27% free, 42MB/58MB, paused 1.614ms total 53.081ms
08-04 19:30:10.430 14460 16273 I art     : Starting a blocking GC Explicit
08-04 19:30:10.480 14460 16273 I art     : Explicit concurrent mark sweep GC freed 23(752B) AllocSpace objects, 0(0B) LOS objects, 27% free, 42MB/58MB, paused 1.455ms total 49.481ms
08-04 19:30:10.495 14460 16273 I art     : Starting a blocking GC Explicit
08-04 19:30:10.542 14460 16273 I art     : Explicit concurrent mark sweep GC freed 10(320B) AllocSpace objects, 0(0B) LOS objects, 27% free, 42MB/58MB, paused 1.410ms total 46.706ms
08-04 19:30:10.557 14460 16273 I art     : Starting a blocking GC Explicit
08-04 19:30:10.604 14460 16273 I art     : Explicit concurrent mark sweep GC freed 9(288B) AllocSpace objects, 0(0B) LOS objects, 27% free, 42MB/58MB, paused 1.442ms total 47.090ms
08-04 19:30:10.619 14460 16273 I art     : Starting a blocking GC Explicit
08-04 19:30:10.621 16986 16986 D AndroidRuntime: >>>>>> START com.android.internal.os.RuntimeInit uid 2000 <<<<<<
08-04 19:30:10.627 16986 16986 D AndroidRuntime: CheckJNI is OFF
08-04 19:30:10.664 14460 16273 I art     : Explicit concurrent mark sweep GC freed 12(384B) AllocSpace objects, 0(0B) LOS objects, 27% free, 42MB/58MB, paused 1.538ms total 44.714ms
08-04 19:30:10.670 16986 16986 D ICU     : No timezone override file found: /data/misc/zoneinfo/current/icu/icu_tzdata.dat
08-04 19:30:10.713 16986 16986 I Radio-JNI: register_android_hardware_Radio DONE
08-04 19:30:10.740 16986 16986 D AndroidRuntime: Calling main entry com.android.commands.input.Input
08-04 19:30:10.743 16986 16986 I Input   : injectMotionEvent: MotionEvent { action=ACTION_DOWN, actionButton=0, id[0]=0, x[0]=1372.0, y[0]=384.0, toolType[0]=TOOL_TYPE_UNKNOWN, buttonState=0, metaState=0, flags=0x0, edgeFlags=0x0, pointerCount=1, historySize=0, eventTime=732627155, downTime=732627155, deviceId=0, source=0x1002 }
08-04 19:30:10.748 16986 16986 I Input   : injectMotionEvent: MotionEvent { action=ACTION_UP, actionButton=0, id[0]=0, x[0]=1372.0, y[0]=384.0, toolType[0]=TOOL_TYPE_UNKNOWN, buttonState=0, metaState=0, flags=0x0, edgeFlags=0x0, pointerCount=1, historySize=0, eventTime=732627155, downTime=732627155, deviceId=0, source=0x1002 }
08-04 19:30:10.750 16986 16986 D AndroidRuntime: Shutting down VM
08-04 19:30:10.755   918  3696 I ActivityManager: START u0 {cmp=baseline.de.danoeh.antennapod.debug/baseline.de.danoeh.antennapod.activity.FeedInfoActivity (has extras)} from uid 10670 on display 0
08-04 19:30:10.757   512  2967 D audio_hw_primary: out_set_parameters: enter: usecase(1: low-latency-playback) kvpairs: routing=2
08-04 19:30:10.771   512  2967 D audio_hw_primary: select_devices: out_snd_device(2: speaker) in_snd_device(0: none)
08-04 19:30:10.771   512  2967 D msm8974_platform: platform_send_audio_calibration: sending audio calibration for snd_device(2) acdb_id(15)
08-04 19:30:10.771   512  2967 I soundtrigger: audio_extn_sound_trigger_update_device_status: device 0x2 of type 0 for Event 1
08-04 19:30:10.781   512  2967 D audio_hw_primary: enable_snd_device: snd_device(2: speaker)
08-04 19:30:10.783   512  2967 D audio_hw_primary: enable_audio_route: apply and update mixer path: low-latency-playback speaker
08-04 19:30:10.801 14460 14995 D DBReader: getFeed() called with: feedId = [2]
08-04 19:30:10.802 14460 14995 D DBReader: getFeedItemList() called with: feed = [baseline.de.danoeh.antennapod.core.feed.Feed@2]
08-04 19:30:10.813 14460 14460 D androidx.gridlayout.widget.GridLayout: horizontal constraints: x2-x0>=1328, x2-x1<=0, x1-x0<=242 are inconsistent; permanently removing: x2-x1<=0. 
08-04 19:30:10.813 14460 14460 D androidx.gridlayout.widget.GridLayout: vertical constraints: y3-y2>=80, y3-y2<=66, y2-y1<=94, y1-y0<=94 are inconsistent; permanently removing: y3-y2<=66. 
08-04 19:30:10.898 14460 14995 W PodDBAdapter: Length of id array is larger than 800. Creating multiple cursors
08-04 19:30:10.902   918   936 I ActivityManager: Displayed baseline.de.danoeh.antennapod.debug/baseline.de.danoeh.antennapod.activity.FeedInfoActivity: +135ms
08-04 19:30:10.902 13866 13866 I GoogleInputMethodServic: GoogleInputMethodService.onFinishInput():3138 
08-04 19:30:10.904 13866 13866 I GoogleInputMethodServic: GoogleInputMethodService.onStartInput():1808 
08-04 19:30:10.948 14460 14481 D OpenGLRenderer: endAllStagingAnimators on 0x7f7e363800 (RippleDrawable) with handle 0x7f7968c300
08-04 19:30:10.977 14460 14472 I art     : Starting a blocking GC Explicit
08-04 19:30:10.989 14460 14460 D FeedInfoActivity: Language is en
08-04 19:30:10.989 14460 14460 D FeedInfoActivity: Author is Joe Rogan
08-04 19:30:10.989 14460 14460 D FeedInfoActivity: URL is http://joeroganexp.joerogan.libsynpro.com/rss
08-04 19:30:10.994 14460 15388 D ApOkHttpUrlLoader: buildLoadData() called with: model = [http://static.libsyn.com/p/assets/7/1/f/3/71f3014e14ef2722/JREiTunesImage2.jpg], width = [1440], height = [462]
08-04 19:30:11.006   918  3670 W IntentResolver: resolveIntent: multiple matches, only some with CATEGORY_DEFAULT
08-04 19:30:11.014 14460 14460 D androidx.gridlayout.widget.GridLayout: horizontal constraints: x2-x0>=1328, x2-x1<=232, x1-x0<=242 are inconsistent; permanently removing: x2-x1<=232. 
08-04 19:30:11.014 14460 14460 D androidx.gridlayout.widget.GridLayout: vertical constraints: y3-y2>=80, y3-y2<=66, y2-y1<=94, y1-y0<=94 are inconsistent; permanently removing: y3-y2<=66. 
08-04 19:30:11.036 14460 14472 I art     : Explicit concurrent mark sweep GC freed 13904(613KB) AllocSpace objects, 2(36KB) LOS objects, 25% free, 47MB/63MB, paused 1.609ms total 58.682ms
08-04 19:30:11.052 14460 14472 I art     : Starting a blocking GC Explicit
08-04 19:30:11.109 14460 14472 I art     : Explicit concurrent mark sweep GC freed 1938(73KB) AllocSpace objects, 1(16KB) LOS objects, 25% free, 47MB/63MB, paused 1.882ms total 56.352ms
08-04 19:30:11.128 14460 14472 I art     : Starting a blocking GC Explicit
08-04 19:30:11.154   380   380 W SurfaceFlinger: couldn't log to binary event log: overflow.
08-04 19:30:11.178   918  3188 I hubconnection: sensorhub said: 'set_bias 3: -6.2400, 0.0000, 0.0000'
08-04 19:30:11.188 14460 14472 I art     : Explicit concurrent mark sweep GC freed 216(18KB) AllocSpace objects, 0(0B) LOS objects, 25% free, 47MB/63MB, paused 1.496ms total 59.694ms
08-04 19:30:11.203 14460 14472 I art     : Starting a blocking GC Explicit
08-04 19:30:11.254 14460 14472 I art     : Explicit concurrent mark sweep GC freed 3(96B) AllocSpace objects, 0(0B) LOS objects, 25% free, 47MB/63MB, paused 1.366ms total 50.712ms
08-04 19:30:11.270 14460 14472 I art     : Starting a blocking GC Explicit
08-04 19:30:11.284 14460 14460 D PlaybackController: Releasing PlaybackController
08-04 19:30:11.325 14460 14472 I art     : Explicit concurrent mark sweep GC freed 265(13KB) AllocSpace objects, 0(0B) LOS objects, 25% free, 47MB/63MB, paused 1.377ms total 55.261ms
08-04 19:30:11.329   512  2967 D audio_hw_primary: disable_audio_route: reset and update mixer path: low-latency-playback speaker
08-04 19:30:11.330   512  2967 D audio_hw_primary: disable_snd_device: snd_device(2: speaker)
08-04 19:30:11.338   512  2967 I soundtrigger: audio_extn_sound_trigger_update_device_status: device 0x2 of type 0 for Event 0
08-04 19:30:11.652 14460 14491 I art     : Starting a blocking GC Explicit
08-04 19:30:11.718 14460 14491 I art     : Explicit concurrent mark sweep GC freed 1504(88KB) AllocSpace objects, 1(20KB) LOS objects, 25% free, 47MB/63MB, paused 1.543ms total 64.967ms
08-04 19:30:11.737 14460 14491 I art     : Starting a blocking GC Explicit
08-04 19:30:11.795 14460 14491 I art     : Explicit concurrent mark sweep GC freed 76(2336B) AllocSpace objects, 0(0B) LOS objects, 25% free, 47MB/63MB, paused 1.475ms total 57.857ms
08-04 19:30:11.811 14460 14491 I art     : Starting a blocking GC Explicit
08-04 19:30:11.870 14460 14491 I art     : Explicit concurrent mark sweep GC freed 3(96B) AllocSpace objects, 0(0B) LOS objects, 25% free, 47MB/63MB, paused 1.433ms total 58.125ms
08-04 19:30:11.886 14460 14491 I art     : Starting a blocking GC Explicit
08-04 19:30:11.943 14460 14491 I art     : Explicit concurrent mark sweep GC freed 3(96B) AllocSpace objects, 0(0B) LOS objects, 25% free, 47MB/63MB, paused 1.667ms total 56.698ms
08-04 19:30:11.960 14460 14491 I art     : Starting a blocking GC Explicit
08-04 19:30:12.017 14460 14491 I art     : Explicit concurrent mark sweep GC freed 3(96B) AllocSpace objects, 0(0B) LOS objects, 25% free, 47MB/63MB, paused 1.473ms total 56.236ms
08-04 19:30:12.352 14460 14471 I art     : Starting a blocking GC Explicit
08-04 19:30:12.430 14460 14471 I art     : Explicit concurrent mark sweep GC freed 1373(80KB) AllocSpace objects, 1(20KB) LOS objects, 25% free, 47MB/63MB, paused 1.567ms total 77.957ms
08-04 19:30:12.456 14460 14471 I art     : Starting a blocking GC Explicit
08-04 19:30:12.514 14460 14471 I art     : Explicit concurrent mark sweep GC freed 33(1072B) AllocSpace objects, 0(0B) LOS objects, 25% free, 47MB/63MB, paused 1.491ms total 57.396ms
08-04 19:30:12.531 14460 14471 I art     : Starting a blocking GC Explicit
08-04 19:30:12.589 14460 14471 I art     : Explicit concurrent mark sweep GC freed 10(320B) AllocSpace objects, 0(0B) LOS objects, 25% free, 47MB/63MB, paused 1.428ms total 57.783ms
08-04 19:30:12.605 14460 14471 I art     : Starting a blocking GC Explicit
08-04 19:30:12.663 14460 14471 I art     : Explicit concurrent mark sweep GC freed 14(448B) AllocSpace objects, 0(0B) LOS objects, 25% free, 47MB/63MB, paused 1.420ms total 57.820ms
08-04 19:30:12.681 14460 14471 I art     : Starting a blocking GC Explicit
08-04 19:30:12.739 14460 14471 I art     : Explicit concurrent mark sweep GC freed 3(96B) AllocSpace objects, 0(0B) LOS objects, 25% free, 47MB/63MB, paused 1.412ms total 57.995ms
08-04 19:30:13.100 14460 14910 I art     : Starting a blocking GC Explicit
08-04 19:30:13.183 14460 14910 I art     : Explicit concurrent mark sweep GC freed 1401(81KB) AllocSpace objects, 1(20KB) LOS objects, 25% free, 47MB/63MB, paused 1.618ms total 82.500ms
08-04 19:30:13.201 14460 14910 I art     : Starting a blocking GC Explicit
08-04 19:30:13.265 14460 14910 I art     : Explicit concurrent mark sweep GC freed 23(752B) AllocSpace objects, 0(0B) LOS objects, 25% free, 47MB/63MB, paused 1.527ms total 63.621ms
08-04 19:30:13.282 14460 14910 I art     : Starting a blocking GC Explicit
08-04 19:30:13.350 14460 14910 I art     : Explicit concurrent mark sweep GC freed 3(96B) AllocSpace objects, 0(0B) LOS objects, 25% free, 47MB/63MB, paused 1.833ms total 67.065ms
08-04 19:30:13.369 14460 14910 I art     : Starting a blocking GC Explicit
08-04 19:30:13.434 14460 14910 I art     : Explicit concurrent mark sweep GC freed 3(96B) AllocSpace objects, 0(0B) LOS objects, 25% free, 47MB/63MB, paused 1.462ms total 65.008ms
08-04 19:30:13.451 14460 14910 I art     : Starting a blocking GC Explicit
08-04 19:30:13.515 14460 14910 I art     : Explicit concurrent mark sweep GC freed 3(96B) AllocSpace objects, 0(0B) LOS objects, 25% free, 47MB/63MB, paused 1.536ms total 63.944ms
08-04 19:30:13.885 14460 14472 I art     : Starting a blocking GC Explicit
08-04 19:30:13.962 14460 14472 I art     : Explicit concurrent mark sweep GC freed 1402(83KB) AllocSpace objects, 1(20KB) LOS objects, 25% free, 47MB/63MB, paused 1.371ms total 76.486ms
08-04 19:30:13.978 14460 14472 I art     : Starting a blocking GC Explicit
08-04 19:30:14.039 14460 14472 I art     : Explicit concurrent mark sweep GC freed 23(752B) AllocSpace objects, 0(0B) LOS objects, 25% free, 47MB/63MB, paused 1.596ms total 60.376ms
08-04 19:30:14.055 14460 14472 I art     : Starting a blocking GC Explicit
08-04 19:30:14.117 14460 14472 I art     : Explicit concurrent mark sweep GC freed 3(96B) AllocSpace objects, 0(0B) LOS objects, 25% free, 47MB/63MB, paused 1.542ms total 61.474ms
08-04 19:30:14.134 14460 14472 I art     : Starting a blocking GC Explicit
08-04 19:30:14.200 14460 14472 I art     : Explicit concurrent mark sweep GC freed 3(96B) AllocSpace objects, 0(0B) LOS objects, 25% free, 47MB/63MB, paused 1.670ms total 65.639ms
08-04 19:30:14.221 14460 14472 I art     : Starting a blocking GC Explicit
08-04 19:30:14.278 14460 14472 I art     : Explicit concurrent mark sweep GC freed 3(96B) AllocSpace objects, 0(0B) LOS objects, 25% free, 47MB/63MB, paused 1.561ms total 57.173ms
08-04 19:30:14.592 14460 16273 I art     : Starting a blocking GC Explicit
08-04 19:30:14.668 14460 16273 I art     : Explicit concurrent mark sweep GC freed 1373(81KB) AllocSpace objects, 1(20KB) LOS objects, 25% free, 47MB/63MB, paused 1.608ms total 75.582ms
08-04 19:30:14.688 14460 16273 I art     : Starting a blocking GC Explicit
08-04 19:30:14.753 14460 16273 I art     : Explicit concurrent mark sweep GC freed 56(1696B) AllocSpace objects, 0(0B) LOS objects, 25% free, 47MB/63MB, paused 1.535ms total 64.248ms
08-04 19:30:14.770 14460 16273 I art     : Starting a blocking GC Explicit
08-04 19:30:14.834 14460 16273 I art     : Explicit concurrent mark sweep GC freed 3(96B) AllocSpace objects, 0(0B) LOS objects, 25% free, 47MB/63MB, paused 1.524ms total 63.795ms
08-04 19:30:14.851 14460 16273 I art     : Starting a blocking GC Explicit
08-04 19:30:14.919 14460 16273 I art     : Explicit concurrent mark sweep GC freed 3(96B) AllocSpace objects, 0(0B) LOS objects, 25% free, 47MB/63MB, paused 1.532ms total 67.882ms
08-04 19:30:14.939 14460 16273 I art     : Starting a blocking GC Explicit
08-04 19:30:15.002 14460 16273 I art     : Explicit concurrent mark sweep GC freed 3(96B) AllocSpace objects, 0(0B) LOS objects, 25% free, 47MB/63MB, paused 1.374ms total 62.427ms
08-04 19:30:15.369 14460 14471 I art     : Starting a blocking GC Explicit
08-04 19:30:15.434 14460 14471 I art     : Explicit concurrent mark sweep GC freed 2075(106KB) AllocSpace objects, 1(20KB) LOS objects, 25% free, 47MB/63MB, paused 1.537ms total 64.597ms
08-04 19:30:15.451 14460 14471 I art     : Starting a blocking GC Explicit
08-04 19:30:15.511 14460 14471 I art     : Explicit concurrent mark sweep GC freed 23(752B) AllocSpace objects, 0(0B) LOS objects, 25% free, 47MB/63MB, paused 1.567ms total 59.985ms
08-04 19:30:15.528 14460 14471 I art     : Starting a blocking GC Explicit
08-04 19:30:15.549 17070 17070 D AndroidRuntime: >>>>>> START com.android.internal.os.RuntimeInit uid 2000 <<<<<<
08-04 19:30:15.555 17070 17070 D AndroidRuntime: CheckJNI is OFF
08-04 19:30:15.586 14460 14471 I art     : Explicit concurrent mark sweep GC freed 3(96B) AllocSpace objects, 0(0B) LOS objects, 25% free, 47MB/63MB, paused 1.520ms total 57.080ms
08-04 19:30:15.602 14460 14471 I art     : Starting a blocking GC Explicit
08-04 19:30:15.603 17070 17070 D ICU     : No timezone override file found: /data/misc/zoneinfo/current/icu/icu_tzdata.dat
08-04 19:30:15.650 17070 17070 I Radio-JNI: register_android_hardware_Radio DONE
08-04 19:30:15.660 14460 14471 I art     : Explicit concurrent mark sweep GC freed 3(96B) AllocSpace objects, 0(0B) LOS objects, 25% free, 47MB/63MB, paused 1.605ms total 57.768ms
08-04 19:30:15.676 14460 14471 I art     : Starting a blocking GC Explicit
08-04 19:30:15.681 17070 17070 D AndroidRuntime: Calling main entry com.android.commands.input.Input
08-04 19:30:15.682 17070 17070 I Input   : injectKeyEvent: KeyEvent { action=ACTION_DOWN, keyCode=KEYCODE_BACK, scanCode=0, metaState=0, flags=0x0, repeatCount=0, eventTime=732632095, downTime=732632095, deviceId=-1, source=0x101 }
08-04 19:30:15.689 17070 17070 I Input   : injectKeyEvent: KeyEvent { action=ACTION_UP, keyCode=KEYCODE_BACK, scanCode=0, metaState=0, flags=0x0, repeatCount=0, eventTime=732632095, downTime=732632095, deviceId=-1, source=0x101 }
08-04 19:30:15.696 17070 17070 D AndroidRuntime: Shutting down VM
08-04 19:30:15.701 14460 14460 V PlaybackController: initServiceNotRunning()
08-04 19:30:15.701 14460 14460 D ExternalPlayerFragment: Loading media info
08-04 19:30:15.705 14460 14460 D ItemlistFragment: onEventMainThread() called with: event = [DownloadEvent{update=DownloaderUpdate{downloaders=[], feedIds=[], mediaIds=[]}}]
08-04 19:30:15.706 14460 15388 D ApOkHttpUrlLoader: buildLoadData() called with: model = [http://static.libsyn.com/p/assets/7/1/f/3/71f3014e14ef2722/JREiTunesImage2.jpg], width = [1440], height = [462]
08-04 19:30:15.711 14460 14460 D UserPreferences: Using default data folder
08-04 19:30:15.711 14460 14995 D DBReader: getNavDrawerData() called with: 
08-04 19:30:15.712 14460 14996 D DBReader: getFeed() called with: feedId = [2]
08-04 19:30:15.714 14460 14996 D DBReader: getFeedItemList() called with: feed = [baseline.de.danoeh.antennapod.core.feed.Feed@2]
08-04 19:30:15.730 14460 14471 I art     : Explicit concurrent mark sweep GC freed 1600(77KB) AllocSpace objects, 0(0B) LOS objects, 24% free, 49MB/65MB, paused 1.941ms total 53.910ms
08-04 19:30:15.731 14460 14460 D FeedMenuHandler: Preparing options menu
08-04 19:30:15.744 14460 14995 D DBReader: getDownloadedItems() called
08-04 19:30:15.745 14460 14995 D DBReader: getFavoriteIDList() called
08-04 19:30:15.746 14460 14995 D DBReader: getQueueIDList() called
08-04 19:30:15.746 14460 14995 D DBReader: Extracting Feedlist
08-04 19:30:15.773 14460 14460 D MainActivity: getLastNavFragment() -> 2
08-04 19:30:15.777 13866 13866 I GoogleInputMethodServic: GoogleInputMethodService.onFinishInput():3138 
08-04 19:30:15.777 13866 13866 I GoogleInputMethodServic: GoogleInputMethodService.onStartInput():1808 
08-04 19:30:15.818 14460 14996 W PodDBAdapter: Length of id array is larger than 800. Creating multiple cursors
08-04 19:30:15.909 14460 14996 D DBReader: getFavoriteIDList() called
08-04 19:30:15.910 14460 14996 D DBReader: getQueueIDList() called
08-04 19:30:15.912 14460 14996 D DBReader: Extracting Feedlist
08-04 19:30:15.918 14460 15388 D ApOkHttpUrlLoader: buildLoadData() called with: model = [http://static.libsyn.com/p/assets/7/1/f/3/71f3014e14ef2722/JREiTunesImage2.jpg], width = [1440], height = [462]
08-04 19:30:15.936 14460 14460 D FeedMenuHandler: Preparing options menu
08-04 19:30:16.052 14460 14491 I art     : Starting a blocking GC Explicit
08-04 19:30:16.092   380   380 W SurfaceFlinger: couldn't log to binary event log: overflow.
08-04 19:30:16.120 14460 14491 I art     : Explicit concurrent mark sweep GC freed 41302(2MB) AllocSpace objects, 3(52KB) LOS objects, 23% free, 52MB/68MB, paused 3.403ms total 67.725ms
08-04 19:30:16.135 14460 14491 I art     : Starting a blocking GC Explicit
08-04 19:30:16.186 14460 14491 I art     : Explicit concurrent mark sweep GC freed 2791(174KB) AllocSpace objects, 0(0B) LOS objects, 23% free, 52MB/68MB, paused 1.404ms total 50.303ms
08-04 19:30:16.201 14460 14491 I art     : Starting a blocking GC Explicit
08-04 19:30:16.251 14460 14491 I art     : Explicit concurrent mark sweep GC freed 29245(2MB) AllocSpace objects, 3(84KB) LOS objects, 24% free, 50MB/66MB, paused 1.520ms total 49.343ms
08-04 19:30:16.265 14460 14491 I art     : Starting a blocking GC Explicit
08-04 19:30:16.309 14460 14491 I art     : Explicit concurrent mark sweep GC freed 3(96B) AllocSpace objects, 0(0B) LOS objects, 24% free, 50MB/66MB, paused 1.489ms total 42.849ms
08-04 19:30:16.323 14460 14491 I art     : Starting a blocking GC Explicit
08-04 19:30:16.371 14460 14491 I art     : Explicit concurrent mark sweep GC freed 3(96B) AllocSpace objects, 0(0B) LOS objects, 24% free, 50MB/66MB, paused 1.466ms total 47.564ms
08-04 19:30:16.698 14460 16273 I art     : Starting a blocking GC Explicit
08-04 19:30:16.756 14460 16273 I art     : Explicit concurrent mark sweep GC freed 1402(82KB) AllocSpace objects, 1(20KB) LOS objects, 24% free, 50MB/66MB, paused 1.566ms total 57.869ms
08-04 19:30:16.776 14460 16273 I art     : Starting a blocking GC Explicit
08-04 19:30:16.826 14460 16273 I art     : Explicit concurrent mark sweep GC freed 25(832B) AllocSpace objects, 0(0B) LOS objects, 24% free, 50MB/66MB, paused 1.499ms total 50.031ms
08-04 19:30:16.841 14460 16273 I art     : Starting a blocking GC Explicit
08-04 19:30:16.890 14460 16273 I art     : Explicit concurrent mark sweep GC freed 3(96B) AllocSpace objects, 0(0B) LOS objects, 24% free, 50MB/66MB, paused 1.532ms total 49.320ms
08-04 19:30:16.911 14460 16273 I art     : Starting a blocking GC Explicit
08-04 19:30:16.956 14460 16273 I art     : Explicit concurrent mark sweep GC freed 3(96B) AllocSpace objects, 0(0B) LOS objects, 24% free, 50MB/66MB, paused 1.460ms total 44.720ms
08-04 19:30:16.970 14460 16273 I art     : Starting a blocking GC Explicit
08-04 19:30:17.016 14460 16273 I art     : Explicit concurrent mark sweep GC freed 3(96B) AllocSpace objects, 0(0B) LOS objects, 24% free, 50MB/66MB, paused 1.463ms total 45.759ms
08-04 19:30:17.329 14460 14471 I art     : Starting a blocking GC Explicit
08-04 19:30:17.386 14460 14471 I art     : Explicit concurrent mark sweep GC freed 1377(81KB) AllocSpace objects, 1(20KB) LOS objects, 24% free, 50MB/66MB, paused 1.521ms total 55.939ms
08-04 19:30:17.401 14460 14471 I art     : Starting a blocking GC Explicit
08-04 19:30:17.447 14460 14471 I art     : Explicit concurrent mark sweep GC freed 31(1008B) AllocSpace objects, 0(0B) LOS objects, 24% free, 50MB/66MB, paused 1.437ms total 44.801ms
08-04 19:30:17.447 14460 14470 I art     : WaitForGcToComplete blocked for 16.439ms for cause HeapTrim
08-04 19:30:17.461 14460 14471 I art     : Starting a blocking GC Explicit
08-04 19:30:17.469 17113 17113 D AndroidRuntime: >>>>>> START com.android.internal.os.RuntimeInit uid 2000 <<<<<<
08-04 19:30:17.475 17113 17113 D AndroidRuntime: CheckJNI is OFF
08-04 19:30:17.508 14460 14471 I art     : Explicit concurrent mark sweep GC freed 10(320B) AllocSpace objects, 0(0B) LOS objects, 24% free, 50MB/66MB, paused 1.781ms total 46.415ms
08-04 19:30:17.520 17113 17113 D ICU     : No timezone override file found: /data/misc/zoneinfo/current/icu/icu_tzdata.dat
08-04 19:30:17.522 14460 14471 I art     : Starting a blocking GC Explicit
08-04 19:30:17.567 17113 17113 I Radio-JNI: register_android_hardware_Radio DONE
08-04 19:30:17.568 14460 14471 I art     : Explicit concurrent mark sweep GC freed 10(320B) AllocSpace objects, 0(0B) LOS objects, 24% free, 50MB/66MB, paused 1.546ms total 45.573ms
08-04 19:30:17.582 14460 14471 I art     : Starting a blocking GC Explicit
08-04 19:30:17.597 17113 17113 D AndroidRuntime: Calling main entry com.android.commands.input.Input
08-04 19:30:17.599 17113 17113 I Input   : injectMotionEvent: MotionEvent { action=ACTION_DOWN, actionButton=0, id[0]=0, x[0]=733.0, y[0]=896.0, toolType[0]=TOOL_TYPE_UNKNOWN, buttonState=0, metaState=0, flags=0x0, edgeFlags=0x0, pointerCount=1, historySize=0, eventTime=732634011, downTime=732634011, deviceId=0, source=0x1002 }
08-04 19:30:17.606 17113 17113 I Input   : injectMotionEvent: MotionEvent { action=ACTION_UP, actionButton=0, id[0]=0, x[0]=733.0, y[0]=896.0, toolType[0]=TOOL_TYPE_UNKNOWN, buttonState=0, metaState=0, flags=0x0, edgeFlags=0x0, pointerCount=1, historySize=0, eventTime=732634011, downTime=732634011, deviceId=0, source=0x1002 }
08-04 19:30:17.608 17113 17113 D AndroidRuntime: Shutting down VM
08-04 19:30:17.625 14460 14471 I art     : Explicit concurrent mark sweep GC freed 24(800B) AllocSpace objects, 0(0B) LOS objects, 24% free, 50MB/66MB, paused 1.403ms total 42.588ms
08-04 19:30:17.676   512  2967 D audio_hw_primary: out_set_parameters: enter: usecase(1: low-latency-playback) kvpairs: routing=2
08-04 19:30:17.688   512  2967 D audio_hw_primary: select_devices: out_snd_device(2: speaker) in_snd_device(0: none)
08-04 19:30:17.689   512  2967 D msm8974_platform: platform_send_audio_calibration: sending audio calibration for snd_device(2) acdb_id(15)
08-04 19:30:17.689   512  2967 I soundtrigger: audio_extn_sound_trigger_update_device_status: device 0x2 of type 0 for Event 1
08-04 19:30:17.693 14460 14460 I WebViewFactory: Loading com.google.android.webview version 84.0.4147.89 (code 414708953)
08-04 19:30:17.700   512  2967 D audio_hw_primary: enable_snd_device: snd_device(2: speaker)
08-04 19:30:17.702   512  2967 D audio_hw_primary: enable_audio_route: apply and update mixer path: low-latency-playback speaker
08-04 19:30:17.785 14460 14460 I cr_LibraryLoader: Loaded native library version number "84.0.4147.89"
08-04 19:30:17.787 14460 14460 I cr_CachingUmaRecorder: Flushed 5 samples from 5 histograms.
08-04 19:30:17.829 14460 14460 E chromium: [ERROR:filesystem_posix.cc(62)] mkdir /data/user/0/baseline.de.danoeh.antennapod.debug/cache/WebView/Crashpad: No such file or directory (2)
08-04 19:30:17.953   918  6112 D ConnectivityService: listenForNetwork for Listen from uid/pid:10670/14460 for NetworkRequest [ id=2869, legacyType=-1, [ Capabilities: INTERNET&NOT_RESTRICTED&TRUSTED] ]
08-04 19:30:17.989 14460 14491 I art     : Starting a blocking GC Explicit
08-04 19:30:18.000 14460 14480 D DBReader: getFeedItem() called with: itemId = [2]
08-04 19:30:18.000 14460 14480 D DBReader: Loading feeditem with id 2
08-04 19:30:18.001 14460 14460 D ItemFragment: onEventMainThread() called with: event = [DownloadEvent{update=DownloaderUpdate{downloaders=[], feedIds=[], mediaIds=[]}}]
08-04 19:30:18.003 14460 14480 D DBReader: getFavoriteIDList() called
08-04 19:30:18.004 14460 14480 D DBReader: getQueueIDList() called
08-04 19:30:18.005 14460 14480 D DBReader: Extracting Feedlist
08-04 19:30:18.012 14460 14480 D DBReader: loadExtraInformationOfFeedItem() called with: item = [FeedItem[autoDownload=1,chapters=<null>,contentEncoded=<null>,description=<null>,feed=baseline.de.danoeh.antennapod.core.feed.Feed@20c231f,feedId=2,flattrStatus=baseline.de.danoeh.antennapod.core.util.flattr.FlattrStatus@ad8966c,hasChapters=false,imageUrl=http://static.libsyn.com/p/assets/2/7/8/6/278615fe73b1f0ca/JRE1514.jpg,itemIdentifier=a0870b6b-c887-4883-930c-a06d5e1a8f7e,link=http://traffic.libsyn.com/joeroganexp/p1514.mp3,media=baseline.de.danoeh.antennapod.core.feed.FeedMedia@f952435,paymentLink=<null>,pubDate=Fri Jul 24 21:00:00 GMT+02:00 2020,state=-1,tags=[],title=#1514 - Joe De Sena,id=2]]
08-04 19:30:18.018 13866 13866 I GoogleInputMethodServic: GoogleInputMethodService.onFinishInput():3138 
08-04 19:30:18.019 13866 13866 I GoogleInputMethodServic: GoogleInputMethodService.onStartInput():1808 
08-04 19:30:18.027 14460 14460 E libEGL  : validate_display:255 error 3008 (EGL_BAD_DISPLAY)
08-04 19:30:18.042 14460 14491 I art     : Explicit concurrent mark sweep GC freed 12345(1003KB) AllocSpace objects, 4(128KB) LOS objects, 23% free, 51MB/67MB, paused 2.065ms total 53.554ms
08-04 19:30:18.056 14460 14491 I art     : Starting a blocking GC Explicit
08-04 19:30:18.091   918   935 D BluetoothManagerService: Added callback: android.bluetooth.IBluetoothManagerCallback$Stub$Proxy@7576818:true
08-04 19:30:18.102 14460 15388 D ApOkHttpUrlLoader: buildLoadData() called with: model = [http://static.libsyn.com/p/assets/2/7/8/6/278615fe73b1f0ca/JRE1514.jpg], width = [175], height = [175]
08-04 19:30:18.110 14460 15205 D DBReader: getImageAuthentication() called with: imageUrl = [http://static.libsyn.com/p/assets/2/7/8/6/278615fe73b1f0ca/JRE1514.jpg]
08-04 19:30:18.112 14460 14491 I art     : Explicit concurrent mark sweep GC freed 1035(76KB) AllocSpace objects, 0(0B) LOS objects, 23% free, 51MB/67MB, paused 3.726ms total 54.727ms
08-04 19:30:18.114 14460 15205 D ApOkHttpUrlLoader: no credentials for 'http://static.libsyn.com/p/assets/2/7/8/6/278615fe73b1f0ca/JRE1514.jpg'
08-04 19:30:18.139 14460 14491 I art     : Starting a blocking GC Explicit
08-04 19:30:18.159 14460 15205 D MYTAG   : interceptor 2a
08-04 19:30:18.159 14460 15205 I NAPPA_EXPERIMENTATION: MetricNetworkRequestExecutionTime: REQUEST_DURATION_SYSTEM='45',REQUEST_DURATION_OKHTTP='45',REQUEST_SYNCHRONOUS='TRUE',RESPONSE_CODE='200',RESPONSE_METHOD='GET',RESPONSE_LENGTH_OKHTTP='364960',RESPONSE_LENGTH_HEADER='364960',REQUEST_PROTOCOL='http/1.1',REQUEST_URL='http://static.libsyn.com/p/assets/2/7/8/6/278615fe73b1f0ca/JRE1514.jpg',
08-04 19:30:18.186 14460 14491 I art     : Explicit concurrent mark sweep GC freed 1148(86KB) AllocSpace objects, 3(84KB) LOS objects, 23% free, 51MB/67MB, paused 1.704ms total 47.272ms
08-04 19:30:18.204 14460 14491 I art     : Starting a blocking GC Explicit
08-04 19:30:18.249   512  2967 D audio_hw_primary: disable_audio_route: reset and update mixer path: low-latency-playback speaker
08-04 19:30:18.250   512  2967 D audio_hw_primary: disable_snd_device: snd_device(2: speaker)
08-04 19:30:18.251 14460 14491 I art     : Explicit concurrent mark sweep GC freed 957(62KB) AllocSpace objects, 1(28KB) LOS objects, 23% free, 51MB/67MB, paused 2.002ms total 46.675ms
08-04 19:30:18.259   512  2967 I soundtrigger: audio_extn_sound_trigger_update_device_status: device 0x2 of type 0 for Event 0
08-04 19:30:18.268 14460 14491 I art     : Starting a blocking GC Explicit
08-04 19:30:18.314 14460 14491 I art     : Explicit concurrent mark sweep GC freed 54(10KB) AllocSpace objects, 0(0B) LOS objects, 23% free, 51MB/67MB, paused 1.689ms total 45.610ms
08-04 19:30:18.358 16162 16162 I ServiceManager: Waiting for service AtCmdFwd...
08-04 19:30:18.671 14460 16273 I art     : Starting a blocking GC Explicit
08-04 19:30:18.729 14460 16273 I art     : Explicit concurrent mark sweep GC freed 1633(103KB) AllocSpace objects, 1(20KB) LOS objects, 23% free, 51MB/67MB, paused 1.700ms total 57.742ms
08-04 19:30:18.747 14460 16273 I art     : Starting a blocking GC Explicit
08-04 19:30:18.798 14460 16273 I art     : Explicit concurrent mark sweep GC freed 80(2384B) AllocSpace objects, 0(0B) LOS objects, 23% free, 51MB/67MB, paused 1.970ms total 51.452ms
08-04 19:30:18.814 14460 16273 I art     : Starting a blocking GC Explicit
08-04 19:30:18.867 14460 16273 I art     : Explicit concurrent mark sweep GC freed 12(384B) AllocSpace objects, 0(0B) LOS objects, 23% free, 51MB/67MB, paused 1.487ms total 52.194ms
08-04 19:30:18.883 14460 16273 I art     : Starting a blocking GC Explicit
08-04 19:30:18.934 14460 16273 I art     : Explicit concurrent mark sweep GC freed 11(352B) AllocSpace objects, 0(0B) LOS objects, 23% free, 51MB/67MB, paused 1.458ms total 50.878ms
08-04 19:30:18.951 14460 16273 I art     : Starting a blocking GC Explicit
08-04 19:30:19.003 14460 16273 I art     : Explicit concurrent mark sweep GC freed 11(352B) AllocSpace objects, 0(0B) LOS objects, 23% free, 51MB/67MB, paused 1.512ms total 52.273ms
08-04 19:30:19.358 16162 16162 I ServiceManager: Waiting for service AtCmdFwd...
08-04 19:30:19.375 14460 14910 I art     : Starting a blocking GC Explicit
08-04 19:30:19.434 14460 14910 I art     : Explicit concurrent mark sweep GC freed 1434(82KB) AllocSpace objects, 1(20KB) LOS objects, 23% free, 51MB/67MB, paused 1.686ms total 59.028ms
08-04 19:30:19.451 14460 14910 I art     : Starting a blocking GC Explicit
08-04 19:30:19.504 14460 14910 I art     : Explicit concurrent mark sweep GC freed 33(1072B) AllocSpace objects, 0(0B) LOS objects, 23% free, 51MB/67MB, paused 1.477ms total 52.895ms
08-04 19:30:19.521 14460 14910 I art     : Starting a blocking GC Explicit
08-04 19:30:19.575 14460 14910 I art     : Explicit concurrent mark sweep GC freed 11(352B) AllocSpace objects, 0(0B) LOS objects, 23% free, 51MB/67MB, paused 1.615ms total 54.027ms
08-04 19:30:19.591 14460 14910 I art     : Starting a blocking GC Explicit
08-04 19:30:19.646 14460 14910 I art     : Explicit concurrent mark sweep GC freed 13(416B) AllocSpace objects, 0(0B) LOS objects, 23% free, 51MB/67MB, paused 1.623ms total 55.059ms
08-04 19:30:19.662 14460 14910 I art     : Starting a blocking GC Explicit
08-04 19:30:19.718 14460 14910 I art     : Explicit concurrent mark sweep GC freed 22(704B) AllocSpace objects, 0(0B) LOS objects, 23% free, 51MB/67MB, paused 1.622ms total 55.095ms
08-04 19:30:20.101 14460 16273 I art     : Starting a blocking GC Explicit
08-04 19:30:20.170 14460 16273 I art     : Explicit concurrent mark sweep GC freed 1450(83KB) AllocSpace objects, 1(20KB) LOS objects, 23% free, 51MB/67MB, paused 1.936ms total 68.033ms
08-04 19:30:20.188 14460 16273 I art     : Starting a blocking GC Explicit
08-04 19:30:20.245 14460 16273 I art     : Explicit concurrent mark sweep GC freed 23(752B) AllocSpace objects, 0(0B) LOS objects, 23% free, 51MB/67MB, paused 1.707ms total 56.761ms
08-04 19:30:20.261 14460 16273 I art     : Starting a blocking GC Explicit
08-04 19:30:20.319 14460 16273 I art     : Explicit concurrent mark sweep GC freed 3(96B) AllocSpace objects, 0(0B) LOS objects, 23% free, 51MB/67MB, paused 1.625ms total 57.643ms
08-04 19:30:20.335 14460 16273 I art     : Starting a blocking GC Explicit
08-04 19:30:20.359 16162 16162 I ServiceManager: Waiting for service AtCmdFwd...
08-04 19:30:20.392 14460 16273 I art     : Explicit concurrent mark sweep GC freed 3(96B) AllocSpace objects, 0(0B) LOS objects, 23% free, 51MB/67MB, paused 1.685ms total 56.479ms
08-04 19:30:20.407 14460 16273 I art     : Starting a blocking GC Explicit
08-04 19:30:20.466 14460 16273 I art     : Explicit concurrent mark sweep GC freed 3(96B) AllocSpace objects, 0(0B) LOS objects, 23% free, 51MB/67MB, paused 1.615ms total 57.770ms
08-04 19:30:20.876 14460 14472 I art     : Starting a blocking GC Explicit
08-04 19:30:20.946 14460 14472 I art     : Explicit concurrent mark sweep GC freed 1411(82KB) AllocSpace objects, 1(20KB) LOS objects, 23% free, 51MB/67MB, paused 1.794ms total 69.562ms
08-04 19:30:20.965 14460 14472 I art     : Starting a blocking GC Explicit
08-04 19:30:21.022 14460 14472 I art     : Explicit concurrent mark sweep GC freed 23(752B) AllocSpace objects, 0(0B) LOS objects, 23% free, 51MB/67MB, paused 1.692ms total 56.202ms
08-04 19:30:21.037 14460 14472 I art     : Starting a blocking GC Explicit
08-04 19:30:21.095 14460 14472 I art     : Explicit concurrent mark sweep GC freed 3(96B) AllocSpace objects, 0(0B) LOS objects, 23% free, 51MB/67MB, paused 1.605ms total 57.078ms
08-04 19:30:21.110 14460 14472 I art     : Starting a blocking GC Explicit
08-04 19:30:21.169 14460 14472 I art     : Explicit concurrent mark sweep GC freed 3(96B) AllocSpace objects, 0(0B) LOS objects, 23% free, 51MB/67MB, paused 1.749ms total 58.297ms
08-04 19:30:21.185 14460 14472 I art     : Starting a blocking GC Explicit
08-04 19:30:21.242 14460 14472 I art     : Explicit concurrent mark sweep GC freed 3(96B) AllocSpace objects, 0(0B) LOS objects, 23% free, 51MB/67MB, paused 1.570ms total 56.737ms
08-04 19:30:21.360 16162 16162 I ServiceManager: Waiting for service AtCmdFwd...
08-04 19:30:21.634 14460 14491 I art     : Starting a blocking GC Explicit
08-04 19:30:21.701 14460 14491 I art     : Explicit concurrent mark sweep GC freed 1382(81KB) AllocSpace objects, 1(20KB) LOS objects, 23% free, 51MB/67MB, paused 1.832ms total 66.326ms
08-04 19:30:21.718 14460 14491 I art     : Starting a blocking GC Explicit
08-04 19:30:21.775 14460 14491 I art     : Explicit concurrent mark sweep GC freed 52(1536B) AllocSpace objects, 0(0B) LOS objects, 23% free, 51MB/67MB, paused 1.695ms total 56.861ms
08-04 19:30:21.791 14460 14491 I art     : Starting a blocking GC Explicit
08-04 19:30:21.851 14460 14491 I art     : Explicit concurrent mark sweep GC freed 3(96B) AllocSpace objects, 0(0B) LOS objects, 23% free, 51MB/67MB, paused 1.558ms total 59.798ms
08-04 19:30:21.871 14460 14491 I art     : Starting a blocking GC Explicit
08-04 19:30:21.920 14460 14491 I art     : Explicit concurrent mark sweep GC freed 3(96B) AllocSpace objects, 0(0B) LOS objects, 23% free, 51MB/67MB, paused 1.663ms total 48.953ms
08-04 19:30:21.935 14460 14491 I art     : Starting a blocking GC Explicit
08-04 19:30:21.985 14460 14491 I art     : Explicit concurrent mark sweep GC freed 3(96B) AllocSpace objects, 0(0B) LOS objects, 23% free, 51MB/67MB, paused 1.622ms total 49.742ms
08-04 19:30:22.361 16162 16162 I ServiceManager: Waiting for service AtCmdFwd...
08-04 19:30:22.377 14460 14471 I art     : Starting a blocking GC Explicit
08-04 19:30:22.405 17233 17233 D AndroidRuntime: >>>>>> START com.android.internal.os.RuntimeInit uid 2000 <<<<<<
08-04 19:30:22.411 17233 17233 D AndroidRuntime: CheckJNI is OFF
08-04 19:30:22.435 14460 14471 I art     : Explicit concurrent mark sweep GC freed 1421(85KB) AllocSpace objects, 1(20KB) LOS objects, 23% free, 51MB/67MB, paused 1.624ms total 58.263ms
08-04 19:30:22.451 14460 14471 I art     : Starting a blocking GC Explicit
08-04 19:30:22.460 17233 17233 D ICU     : No timezone override file found: /data/misc/zoneinfo/current/icu/icu_tzdata.dat
08-04 19:30:22.503 14460 14471 I art     : Explicit concurrent mark sweep GC freed 23(752B) AllocSpace objects, 0(0B) LOS objects, 23% free, 51MB/67MB, paused 1.739ms total 51.871ms
08-04 19:30:22.504 17233 17233 I Radio-JNI: register_android_hardware_Radio DONE
08-04 19:30:22.518 14460 14471 I art     : Starting a blocking GC Explicit
08-04 19:30:22.534 17233 17233 D AndroidRuntime: Calling main entry com.android.commands.input.Input
08-04 19:30:22.536 17233 17233 I Input   : injectKeyEvent: KeyEvent { action=ACTION_DOWN, keyCode=KEYCODE_BACK, scanCode=0, metaState=0, flags=0x0, repeatCount=0, eventTime=732638949, downTime=732638949, deviceId=-1, source=0x101 }
08-04 19:30:22.544 17233 17233 I Input   : injectKeyEvent: KeyEvent { action=ACTION_UP, keyCode=KEYCODE_BACK, scanCode=0, metaState=0, flags=0x0, repeatCount=0, eventTime=732638949, downTime=732638949, deviceId=-1, source=0x101 }
08-04 19:30:22.568 14460 14460 D ItemlistFragment: onEventMainThread() called with: event = [DownloadEvent{update=DownloaderUpdate{downloaders=[], feedIds=[], mediaIds=[]}}]
08-04 19:30:22.569 14460 14471 I art     : Explicit concurrent mark sweep GC freed 688(34KB) AllocSpace objects, 0(0B) LOS objects, 23% free, 51MB/67MB, paused 2.092ms total 51.123ms
08-04 19:30:22.569 14460 14470 I art     : WaitForGcToComplete blocked for 51.367ms for cause HeapTrim
08-04 19:30:22.570 14460 14995 D DBReader: getFeed() called with: feedId = [2]
08-04 19:30:22.571 17233 17233 D AndroidRuntime: Shutting down VM
08-04 19:30:22.572 14460 14995 D DBReader: getFeedItemList() called with: feed = [baseline.de.danoeh.antennapod.core.feed.Feed@2]
08-04 19:30:22.572   918  3263 D ConnectivityService: releasing NetworkRequest NetworkRequest [ id=2869, legacyType=-1, [ Capabilities: INTERNET&NOT_RESTRICTED&TRUSTED] ]
08-04 19:30:22.586 14460 14471 I art     : Starting a blocking GC Explicit
08-04 19:30:22.603 14460 14460 D FeedMenuHandler: Preparing options menu
08-04 19:30:22.649 14460 14471 I art     : Explicit concurrent mark sweep GC freed 3571(159KB) AllocSpace objects, 0(0B) LOS objects, 23% free, 52MB/68MB, paused 3.063ms total 63.248ms
08-04 19:30:22.664 14460 14471 I art     : Starting a blocking GC Explicit
08-04 19:30:22.666 14460 15388 D ApOkHttpUrlLoader: buildLoadData() called with: model = [http://static.libsyn.com/p/assets/7/1/f/3/71f3014e14ef2722/JREiTunesImage2.jpg], width = [1440], height = [462]
08-04 19:30:22.686 14460 14995 W PodDBAdapter: Length of id array is larger than 800. Creating multiple cursors
08-04 19:30:22.690 13866 13866 I GoogleInputMethodServic: GoogleInputMethodService.onFinishInput():3138 
08-04 19:30:22.691 13866 13866 I GoogleInputMethodServic: GoogleInputMethodService.onStartInput():1808 
08-04 19:30:22.728 14460 14471 I art     : Explicit concurrent mark sweep GC freed 8132(571KB) AllocSpace objects, 6(2MB) LOS objects, 23% free, 53MB/69MB, paused 1.632ms total 64.217ms
08-04 19:30:22.776 14460 14995 D DBReader: getFavoriteIDList() called
08-04 19:30:22.777 14460 14995 D DBReader: getQueueIDList() called
08-04 19:30:22.778 14460 14995 D DBReader: Extracting Feedlist
08-04 19:30:22.781 14460 15388 D ApOkHttpUrlLoader: buildLoadData() called with: model = [http://static.libsyn.com/p/assets/7/1/f/3/71f3014e14ef2722/JREiTunesImage2.jpg], width = [1440], height = [462]
08-04 19:30:22.796 14460 14460 D FeedMenuHandler: Preparing options menu
08-04 19:30:23.071 14460 14472 I art     : Starting a blocking GC Explicit
08-04 19:30:23.127 14460 14472 I art     : Explicit concurrent mark sweep GC freed 36340(2MB) AllocSpace objects, 3(116KB) LOS objects, 22% free, 54MB/70MB, paused 1.454ms total 56.324ms
08-04 19:30:23.142 14460 14472 I art     : Starting a blocking GC Explicit
08-04 19:30:23.194 14460 14472 I art     : Explicit concurrent mark sweep GC freed 1204(79KB) AllocSpace objects, 0(0B) LOS objects, 22% free, 53MB/69MB, paused 1.415ms total 51.553ms
08-04 19:30:23.209 14460 14472 I art     : Starting a blocking GC Explicit
08-04 19:30:23.262 14460 14472 I art     : Explicit concurrent mark sweep GC freed 5(176B) AllocSpace objects, 0(0B) LOS objects, 22% free, 53MB/69MB, paused 1.450ms total 52.885ms
08-04 19:30:23.278 14460 14472 I art     : Starting a blocking GC Explicit
08-04 19:30:23.329 14460 14472 I art     : Explicit concurrent mark sweep GC freed 3(96B) AllocSpace objects, 0(0B) LOS objects, 22% free, 53MB/69MB, paused 1.457ms total 51.142ms
08-04 19:30:23.344 14460 14472 I art     : Starting a blocking GC Explicit
08-04 19:30:23.362 16162 16162 W Atfwd_Sendcmd: AtCmdFwd service not published, waiting... retryCnt : 4
08-04 19:30:23.392 14460 14472 I art     : Explicit concurrent mark sweep GC freed 3(96B) AllocSpace objects, 0(0B) LOS objects, 22% free, 53MB/69MB, paused 1.314ms total 47.288ms
08-04 19:30:23.733 14460 14471 I art     : Starting a blocking GC Explicit
08-04 19:30:23.787 14460 14471 I art     : Explicit concurrent mark sweep GC freed 1411(83KB) AllocSpace objects, 1(20KB) LOS objects, 22% free, 53MB/69MB, paused 1.466ms total 52.998ms
08-04 19:30:23.802 14460 14471 I art     : Starting a blocking GC Explicit
08-04 19:30:23.851 14460 14471 I art     : Explicit concurrent mark sweep GC freed 23(752B) AllocSpace objects, 0(0B) LOS objects, 22% free, 53MB/69MB, paused 1.458ms total 49.210ms
08-04 19:30:23.867 14460 14471 I art     : Starting a blocking GC Explicit
08-04 19:30:23.916 14460 14471 I art     : Explicit concurrent mark sweep GC freed 3(96B) AllocSpace objects, 0(0B) LOS objects, 22% free, 53MB/69MB, paused 1.446ms total 49.311ms
08-04 19:30:23.931 14460 14471 I art     : Starting a blocking GC Explicit
08-04 19:30:23.981 14460 14471 I art     : Explicit concurrent mark sweep GC freed 3(96B) AllocSpace objects, 0(0B) LOS objects, 22% free, 53MB/69MB, paused 1.457ms total 49.338ms
08-04 19:30:23.996 14460 14471 I art     : Starting a blocking GC Explicit
08-04 19:30:24.046 14460 14471 I art     : Explicit concurrent mark sweep GC freed 3(96B) AllocSpace objects, 0(0B) LOS objects, 22% free, 53MB/69MB, paused 1.428ms total 49.781ms
08-04 19:30:24.351 17278 17278 D AndroidRuntime: >>>>>> START com.android.internal.os.RuntimeInit uid 2000 <<<<<<
08-04 19:30:24.356 17278 17278 D AndroidRuntime: CheckJNI is OFF
08-04 19:30:24.398 17278 17278 D ICU     : No timezone override file found: /data/misc/zoneinfo/current/icu/icu_tzdata.dat
08-04 19:30:24.440 17278 17278 I Radio-JNI: register_android_hardware_Radio DONE
08-04 19:30:24.448 14460 14472 I art     : Starting a blocking GC Explicit
08-04 19:30:24.469 17278 17278 D AndroidRuntime: Calling main entry com.android.commands.input.Input
08-04 19:30:24.472 17278 17278 I Input   : injectMotionEvent: MotionEvent { action=ACTION_DOWN, actionButton=0, id[0]=0, x[0]=103.0, y[0]=192.0, toolType[0]=TOOL_TYPE_UNKNOWN, buttonState=0, metaState=0, flags=0x0, edgeFlags=0x0, pointerCount=1, historySize=0, eventTime=732640884, downTime=732640884, deviceId=0, source=0x1002 }
08-04 19:30:24.477 17278 17278 I Input   : injectMotionEvent: MotionEvent { action=ACTION_UP, actionButton=0, id[0]=0, x[0]=103.0, y[0]=192.0, toolType[0]=TOOL_TYPE_UNKNOWN, buttonState=0, metaState=0, flags=0x0, edgeFlags=0x0, pointerCount=1, historySize=0, eventTime=732640884, downTime=732640884, deviceId=0, source=0x1002 }
08-04 19:30:24.479 17278 17278 D AndroidRuntime: Shutting down VM
08-04 19:30:24.490   512  2967 D audio_hw_primary: out_set_parameters: enter: usecase(1: low-latency-playback) kvpairs: routing=2
08-04 19:30:24.502 14460 14472 I art     : Explicit concurrent mark sweep GC freed 1435(83KB) AllocSpace objects, 1(20KB) LOS objects, 22% free, 53MB/69MB, paused 1.603ms total 53.601ms
08-04 19:30:24.504   512  2967 D audio_hw_primary: select_devices: out_snd_device(2: speaker) in_snd_device(0: none)
08-04 19:30:24.504   512  2967 D msm8974_platform: platform_send_audio_calibration: sending audio calibration for snd_device(2) acdb_id(15)
08-04 19:30:24.505   512  2967 I soundtrigger: audio_extn_sound_trigger_update_device_status: device 0x2 of type 0 for Event 1
08-04 19:30:24.514   512  2967 D audio_hw_primary: enable_snd_device: snd_device(2: speaker)
08-04 19:30:24.516   512  2967 D audio_hw_primary: enable_audio_route: apply and update mixer path: low-latency-playback speaker
08-04 19:30:24.517 14460 14472 I art     : Starting a blocking GC Explicit
08-04 19:30:24.563 14460 14472 I art     : Explicit concurrent mark sweep GC freed 134(5KB) AllocSpace objects, 0(0B) LOS objects, 22% free, 53MB/69MB, paused 1.336ms total 45.468ms
08-04 19:30:24.577 14460 14472 I art     : Starting a blocking GC Explicit
08-04 19:30:24.623 14460 14472 I art     : Explicit concurrent mark sweep GC freed 299(16KB) AllocSpace objects, 0(0B) LOS objects, 22% free, 53MB/69MB, paused 1.500ms total 45.620ms
08-04 19:30:24.637 14460 14472 I art     : Starting a blocking GC Explicit
08-04 19:30:24.687 14460 14472 I art     : Explicit concurrent mark sweep GC freed 7(384B) AllocSpace objects, 0(0B) LOS objects, 22% free, 53MB/69MB, paused 1.383ms total 49.199ms
08-04 19:30:24.702 14460 14472 I art     : Starting a blocking GC Explicit
08-04 19:30:24.748 14460 14472 I art     : Explicit concurrent mark sweep GC freed 32(880B) AllocSpace objects, 0(0B) LOS objects, 22% free, 53MB/69MB, paused 1.887ms total 46.100ms
08-04 19:30:25.048   512  2967 D audio_hw_primary: disable_audio_route: reset and update mixer path: low-latency-playback speaker
08-04 19:30:25.050   512  2967 D audio_hw_primary: disable_snd_device: snd_device(2: speaker)
08-04 19:30:25.058   512  2967 I soundtrigger: audio_extn_sound_trigger_update_device_status: device 0x2 of type 0 for Event 0
08-04 19:30:25.090 14460 14491 I art     : Starting a blocking GC Explicit
08-04 19:30:25.141 14460 14491 I art     : Explicit concurrent mark sweep GC freed 2089(107KB) AllocSpace objects, 1(20KB) LOS objects, 22% free, 53MB/69MB, paused 1.353ms total 51.672ms
08-04 19:30:25.157 14460 14491 I art     : Starting a blocking GC Explicit
08-04 19:30:25.207 14460 14491 I art     : Explicit concurrent mark sweep GC freed 31(1008B) AllocSpace objects, 0(0B) LOS objects, 22% free, 53MB/69MB, paused 1.448ms total 49.892ms
08-04 19:30:25.222 14460 14491 I art     : Starting a blocking GC Explicit
08-04 19:30:25.273 14460 14491 I art     : Explicit concurrent mark sweep GC freed 5(160B) AllocSpace objects, 0(0B) LOS objects, 22% free, 53MB/69MB, paused 1.451ms total 51.015ms
08-04 19:30:25.288 14460 14491 I art     : Starting a blocking GC Explicit
08-04 19:30:25.341 14460 14491 I art     : Explicit concurrent mark sweep GC freed 3(96B) AllocSpace objects, 0(0B) LOS objects, 22% free, 53MB/69MB, paused 1.450ms total 52.898ms
08-04 19:30:25.357 14460 14491 I art     : Starting a blocking GC Explicit
08-04 19:30:25.409 14460 14491 I art     : Explicit concurrent mark sweep GC freed 3(96B) AllocSpace objects, 0(0B) LOS objects, 22% free, 53MB/69MB, paused 1.518ms total 52.216ms
08-04 19:30:25.779 14460 14910 I art     : Starting a blocking GC Explicit
08-04 19:30:25.834 14460 14910 I art     : Explicit concurrent mark sweep GC freed 2299(114KB) AllocSpace objects, 1(20KB) LOS objects, 22% free, 53MB/69MB, paused 1.479ms total 55.165ms
08-04 19:30:25.850 14460 14910 I art     : Starting a blocking GC Explicit
08-04 19:30:25.899 14460 14910 I art     : Explicit concurrent mark sweep GC freed 23(752B) AllocSpace objects, 0(0B) LOS objects, 22% free, 53MB/69MB, paused 1.506ms total 49.361ms
08-04 19:30:25.914 14460 14910 I art     : Starting a blocking GC Explicit
08-04 19:30:25.963 14460 14910 I art     : Explicit concurrent mark sweep GC freed 3(96B) AllocSpace objects, 0(0B) LOS objects, 22% free, 53MB/69MB, paused 1.447ms total 49.173ms
08-04 19:30:25.978 14460 14910 I art     : Starting a blocking GC Explicit
08-04 19:30:26.029 14460 14910 I art     : Explicit concurrent mark sweep GC freed 3(96B) AllocSpace objects, 0(0B) LOS objects, 22% free, 53MB/69MB, paused 1.527ms total 50.613ms
08-04 19:30:26.044 14460 14910 I art     : Starting a blocking GC Explicit
08-04 19:30:26.097 14460 14910 I art     : Explicit concurrent mark sweep GC freed 3(96B) AllocSpace objects, 0(0B) LOS objects, 22% free, 53MB/69MB, paused 1.508ms total 52.445ms
08-04 19:30:26.270 17321 17321 D AndroidRuntime: >>>>>> START com.android.internal.os.RuntimeInit uid 2000 <<<<<<
08-04 19:30:26.277 17321 17321 D AndroidRuntime: CheckJNI is OFF
08-04 19:30:26.317 17321 17321 D ICU     : No timezone override file found: /data/misc/zoneinfo/current/icu/icu_tzdata.dat
08-04 19:30:26.358 17321 17321 I Radio-JNI: register_android_hardware_Radio DONE
08-04 19:30:26.385 17321 17321 D AndroidRuntime: Calling main entry com.android.commands.input.Input
08-04 19:30:26.388 17321 17321 I Input   : injectMotionEvent: MotionEvent { action=ACTION_DOWN, actionButton=0, id[0]=0, x[0]=409.0, y[0]=1034.0, toolType[0]=TOOL_TYPE_UNKNOWN, buttonState=0, metaState=0, flags=0x0, edgeFlags=0x0, pointerCount=1, historySize=0, eventTime=732642800, downTime=732642800, deviceId=0, source=0x1002 }
08-04 19:30:26.392 17321 17321 I Input   : injectMotionEvent: MotionEvent { action=ACTION_UP, actionButton=0, id[0]=0, x[0]=409.0, y[0]=1034.0, toolType[0]=TOOL_TYPE_UNKNOWN, buttonState=0, metaState=0, flags=0x0, edgeFlags=0x0, pointerCount=1, historySize=0, eventTime=732642800, downTime=732642800, deviceId=0, source=0x1002 }
08-04 19:30:26.394 17321 17321 D AndroidRuntime: Shutting down VM
08-04 19:30:26.459 14460 14460 D MainActivity: loadFragment(index: 5, args: null)
08-04 19:30:26.459 14460 14460 D MainActivity: loadFragment(tag: AddFeedFragment, args: null)
08-04 19:30:26.459 14460 14460 D MainActivity: saveLastNavFragment(tag: AddFeedFragment)
08-04 19:30:26.459 14460 14460 D MainActivity: getLastNavFragment() -> AddFeedFragment
08-04 19:30:26.460   512  2967 D audio_hw_primary: out_set_parameters: enter: usecase(1: low-latency-playback) kvpairs: routing=2
08-04 19:30:26.473   512  2967 D audio_hw_primary: select_devices: out_snd_device(2: speaker) in_snd_device(0: none)
08-04 19:30:26.473   512  2967 D msm8974_platform: platform_send_audio_calibration: sending audio calibration for snd_device(2) acdb_id(15)
08-04 19:30:26.474   512  2967 I soundtrigger: audio_extn_sound_trigger_update_device_status: device 0x2 of type 0 for Event 1
08-04 19:30:26.480 14460 14491 I art     : Starting a blocking GC Explicit
08-04 19:30:26.484   512  2967 D audio_hw_primary: enable_snd_device: snd_device(2: speaker)
08-04 19:30:26.486   512  2967 D audio_hw_primary: enable_audio_route: apply and update mixer path: low-latency-playback speaker
08-04 19:30:26.500   918  3261 D WifiStateMachine: starting scan for "H369AA63323"WPA_PSK with 2412,5180
08-04 19:30:26.505 13866 13866 I GoogleInputMethodServic: GoogleInputMethodService.onFinishInput():3138 
08-04 19:30:26.507 13866 13866 I GoogleInputMethodServic: GoogleInputMethodService.onStartInput():1808 
08-04 19:30:26.536 14460 14491 I art     : Explicit concurrent mark sweep GC freed 3735(195KB) AllocSpace objects, 2(40KB) LOS objects, 22% free, 53MB/69MB, paused 2.019ms total 55.599ms
08-04 19:30:26.550 14460 14491 I art     : Starting a blocking GC Explicit
08-04 19:30:26.594 14460 14491 I art     : Explicit concurrent mark sweep GC freed 367(21KB) AllocSpace objects, 0(0B) LOS objects, 22% free, 53MB/69MB, paused 1.366ms total 44.566ms
08-04 19:30:26.611 14460 14491 I art     : Starting a blocking GC Explicit
08-04 19:30:26.654 14460 14491 I art     : Explicit concurrent mark sweep GC freed 31235(2MB) AllocSpace objects, 9(3MB) LOS objects, 24% free, 48MB/64MB, paused 1.388ms total 43.342ms
08-04 19:30:26.666 14460 14491 I art     : Starting a blocking GC Explicit
08-04 19:30:26.702 14460 14491 I art     : Explicit concurrent mark sweep GC freed 7(224B) AllocSpace objects, 0(0B) LOS objects, 24% free, 48MB/64MB, paused 1.375ms total 35.038ms
08-04 19:30:26.713 14460 14491 I art     : Starting a blocking GC Explicit
08-04 19:30:26.751 14460 14491 I art     : Explicit concurrent mark sweep GC freed 32(880B) AllocSpace objects, 0(0B) LOS objects, 24% free, 48MB/64MB, paused 1.458ms total 36.865ms
08-04 19:30:26.905 13866 13866 I GoogleInputMethodServic: GoogleInputMethodService.onFinishInput():3138 
08-04 19:30:26.907 13866 13866 I GoogleInputMethodServic: GoogleInputMethodService.onStartInput():1808 
08-04 19:30:27.030   512  2967 D audio_hw_primary: disable_audio_route: reset and update mixer path: low-latency-playback speaker
08-04 19:30:27.033   512  2967 D audio_hw_primary: disable_snd_device: snd_device(2: speaker)
08-04 19:30:27.041   512  2967 I soundtrigger: audio_extn_sound_trigger_update_device_status: device 0x2 of type 0 for Event 0
08-04 19:30:27.107 14460 14472 I art     : Starting a blocking GC Explicit
08-04 19:30:27.149 14460 14472 I art     : Explicit concurrent mark sweep GC freed 1631(91KB) AllocSpace objects, 1(20KB) LOS objects, 24% free, 48MB/64MB, paused 1.479ms total 41.799ms
08-04 19:30:27.163 14460 14472 I art     : Starting a blocking GC Explicit
08-04 19:30:27.204 14460 14472 I art     : Explicit concurrent mark sweep GC freed 122(6KB) AllocSpace objects, 0(0B) LOS objects, 24% free, 48MB/64MB, paused 1.401ms total 40.792ms
08-04 19:30:27.217 14460 14472 I art     : Starting a blocking GC Explicit
08-04 19:30:27.255 14460 14472 I art     : Explicit concurrent mark sweep GC freed 3(96B) AllocSpace objects, 0(0B) LOS objects, 24% free, 48MB/64MB, paused 1.342ms total 38.010ms
08-04 19:30:27.267 14460 14472 I art     : Starting a blocking GC Explicit
08-04 19:30:27.307 14460 14472 I art     : Explicit concurrent mark sweep GC freed 3(96B) AllocSpace objects, 0(0B) LOS objects, 24% free, 48MB/64MB, paused 1.500ms total 39.403ms
08-04 19:30:27.320 14460 14472 I art     : Starting a blocking GC Explicit
08-04 19:30:27.358 14460 14472 I art     : Explicit concurrent mark sweep GC freed 5(160B) AllocSpace objects, 0(0B) LOS objects, 24% free, 48MB/64MB, paused 1.392ms total 37.487ms
08-04 19:30:27.708 14460 14910 I art     : Starting a blocking GC Explicit
08-04 19:30:27.753 14460 14910 I art     : Explicit concurrent mark sweep GC freed 1410(83KB) AllocSpace objects, 1(20KB) LOS objects, 24% free, 48MB/64MB, paused 1.414ms total 44.255ms
08-04 19:30:27.766 14460 14910 I art     : Starting a blocking GC Explicit
08-04 19:30:27.804 14460 14910 I art     : Explicit concurrent mark sweep GC freed 23(752B) AllocSpace objects, 0(0B) LOS objects, 24% free, 48MB/64MB, paused 1.436ms total 37.991ms
08-04 19:30:27.817 14460 14910 I art     : Starting a blocking GC Explicit
08-04 19:30:27.856 14460 14910 I art     : Explicit concurrent mark sweep GC freed 3(96B) AllocSpace objects, 0(0B) LOS objects, 24% free, 48MB/64MB, paused 1.464ms total 38.720ms
08-04 19:30:27.868 14460 14910 I art     : Starting a blocking GC Explicit
08-04 19:30:27.910 14460 14910 I art     : Explicit concurrent mark sweep GC freed 3(96B) AllocSpace objects, 0(0B) LOS objects, 24% free, 48MB/64MB, paused 1.452ms total 41.429ms
08-04 19:30:27.922 14460 14910 I art     : Starting a blocking GC Explicit
08-04 19:30:27.961 14460 14910 I art     : Explicit concurrent mark sweep GC freed 3(96B) AllocSpace objects, 0(0B) LOS objects, 24% free, 48MB/64MB, paused 1.467ms total 38.397ms
08-04 19:30:28.168 17365 17365 D AndroidRuntime: >>>>>> START com.android.internal.os.RuntimeInit uid 2000 <<<<<<
08-04 19:30:28.174 17365 17365 D AndroidRuntime: CheckJNI is OFF
08-04 19:30:28.215 17365 17365 D ICU     : No timezone override file found: /data/misc/zoneinfo/current/icu/icu_tzdata.dat
08-04 19:30:28.255 17365 17365 I Radio-JNI: register_android_hardware_Radio DONE
08-04 19:30:28.283 17365 17365 D AndroidRuntime: Calling main entry com.android.commands.input.Input
08-04 19:30:28.285 17365 17365 I Input   : injectMotionEvent: MotionEvent { action=ACTION_DOWN, actionButton=0, id[0]=0, x[0]=603.0, y[0]=1061.0, toolType[0]=TOOL_TYPE_UNKNOWN, buttonState=0, metaState=0, flags=0x0, edgeFlags=0x0, pointerCount=1, historySize=0, eventTime=732644698, downTime=732644698, deviceId=0, source=0x1002 }
08-04 19:30:28.292 17365 17365 I Input   : injectMotionEvent: MotionEvent { action=ACTION_UP, actionButton=0, id[0]=0, x[0]=603.0, y[0]=1061.0, toolType[0]=TOOL_TYPE_UNKNOWN, buttonState=0, metaState=0, flags=0x0, edgeFlags=0x0, pointerCount=1, historySize=0, eventTime=732644698, downTime=732644698, deviceId=0, source=0x1002 }
08-04 19:30:28.295 17365 17365 D AndroidRuntime: Shutting down VM
08-04 19:30:28.313   512  2967 D audio_hw_primary: out_set_parameters: enter: usecase(1: low-latency-playback) kvpairs: routing=2
08-04 19:30:28.326   512  2967 D audio_hw_primary: select_devices: out_snd_device(2: speaker) in_snd_device(0: none)
08-04 19:30:28.326   512  2967 D msm8974_platform: platform_send_audio_calibration: sending audio calibration for snd_device(2) acdb_id(15)
08-04 19:30:28.326   512  2967 I soundtrigger: audio_extn_sound_trigger_update_device_status: device 0x2 of type 0 for Event 1
08-04 19:30:28.336   512  2967 D audio_hw_primary: enable_snd_device: snd_device(2: speaker)
08-04 19:30:28.338   512  2967 D audio_hw_primary: enable_audio_route: apply and update mixer path: low-latency-playback speaker
08-04 19:30:28.340 14460 14471 I art     : Starting a blocking GC Explicit
08-04 19:30:28.384 14460 14471 I art     : Explicit concurrent mark sweep GC freed 3096(261KB) AllocSpace objects, 1(20KB) LOS objects, 24% free, 49MB/65MB, paused 3.280ms total 43.580ms
08-04 19:30:28.393 13866 13866 I GoogleInputMethodServic: GoogleInputMethodService.onFinishInput():3138 
08-04 19:30:28.394 13866 13866 I GoogleInputMethodServic: GoogleInputMethodService.onStartInput():1808 
08-04 19:30:28.397 14460 14471 I art     : Starting a blocking GC Explicit
08-04 19:30:28.440 14460 14471 I art     : Explicit concurrent mark sweep GC freed 1733(75KB) AllocSpace objects, 0(0B) LOS objects, 24% free, 49MB/65MB, paused 1.714ms total 42.224ms
08-04 19:30:28.453 14460 14471 I art     : Starting a blocking GC Explicit
08-04 19:30:28.492 14460 14471 I art     : Explicit concurrent mark sweep GC freed 1642(83KB) AllocSpace objects, 1(220KB) LOS objects, 24% free, 49MB/65MB, paused 1.961ms total 38.757ms
08-04 19:30:28.504 14460 14471 I art     : Starting a blocking GC Explicit
08-04 19:30:28.542 14460 14471 I art     : Explicit concurrent mark sweep GC freed 198(12KB) AllocSpace objects, 0(0B) LOS objects, 24% free, 49MB/65MB, paused 1.671ms total 37.899ms
08-04 19:30:28.554 14460 14471 I art     : Starting a blocking GC Explicit
08-04 19:30:28.594 14460 14471 I art     : Explicit concurrent mark sweep GC freed 35(1312B) AllocSpace objects, 0(0B) LOS objects, 24% free, 49MB/65MB, paused 1.624ms total 39.422ms
08-04 19:30:28.878   512  2967 D audio_hw_primary: disable_audio_route: reset and update mixer path: low-latency-playback speaker
08-04 19:30:28.880   512  2967 D audio_hw_primary: disable_snd_device: snd_device(2: speaker)
08-04 19:30:28.888   512  2967 I soundtrigger: audio_extn_sound_trigger_update_device_status: device 0x2 of type 0 for Event 0
08-04 19:30:28.924 14460 16273 I art     : Starting a blocking GC Explicit
08-04 19:30:28.966 14460 16273 I art     : Explicit concurrent mark sweep GC freed 1554(87KB) AllocSpace objects, 1(20KB) LOS objects, 24% free, 49MB/65MB, paused 1.649ms total 40.806ms
08-04 19:30:28.978 14460 16273 I art     : Starting a blocking GC Explicit
08-04 19:30:29.019 14460 16273 I art     : Explicit concurrent mark sweep GC freed 129(4KB) AllocSpace objects, 0(0B) LOS objects, 24% free, 49MB/65MB, paused 1.618ms total 40.184ms
08-04 19:30:29.031 14460 16273 I art     : Starting a blocking GC Explicit
08-04 19:30:29.070 14460 16273 I art     : Explicit concurrent mark sweep GC freed 33(1248B) AllocSpace objects, 0(0B) LOS objects, 24% free, 49MB/65MB, paused 1.545ms total 38.221ms
08-04 19:30:29.081 14460 16273 I art     : Starting a blocking GC Explicit
08-04 19:30:29.121 14460 16273 I art     : Explicit concurrent mark sweep GC freed 33(1248B) AllocSpace objects, 0(0B) LOS objects, 24% free, 49MB/65MB, paused 1.687ms total 39.602ms
08-04 19:30:29.134 14460 16273 I art     : Starting a blocking GC Explicit
08-04 19:30:29.173 14460 16273 I art     : Explicit concurrent mark sweep GC freed 33(1248B) AllocSpace objects, 0(0B) LOS objects, 24% free, 49MB/65MB, paused 1.530ms total 38.871ms
08-04 19:30:29.228  5179  5194 D QcrilMsgTunnelSocket: readRilMessage: Buffer = [B@671e81d HexData = [010000000404000011000000514f454d484f4f4bef0308000100000003]
08-04 19:30:29.228  5179  5194 D QcrilMsgTunnelSocket: Rcvd UNSOL response with 28 bytes data for SUB0
08-04 19:30:29.228  5179  5194 D QcrilMsgTunnelSocket: Response ID 525295 is not served in this process.
08-04 19:30:29.228  5179  5194 D QcrilMsgTunnelSocket: To broadcast an Intent via the notifier to external apps
08-04 19:30:29.228  5179  5179 D QcrilMsgTunnelIfaceManager: handleMessage what = 0
08-04 19:30:29.228  5179  5179 D QcrilMsgTunnelIfaceManager: Broadcasting intent ACTION_UNSOL_RESPONSE_OEM_HOOK_RAW
08-04 19:30:29.232  5164  5164 D QC_RIL_OEM_HOOK: Received Broadcast Intent ACTION_UNSOL_RESPONSE_OEM_HOOK_RAW
08-04 19:30:29.233  5164  5164 D QC_RIL_OEM_HOOK: Oem ID in QCRILHOOK UNSOL RESP is QOEMHOOK
08-04 19:30:29.238 14460 17400 I NAPPA_EXPERIMENTATION: MetricNetworkRequestExecutionTime: REQUEST_DURATION_SYSTEM='863',REQUEST_DURATION_OKHTTP='31',REQUEST_SYNCHRONOUS='TRUE',RESPONSE_CODE='200',RESPONSE_METHOD='GET',RESPONSE_LENGTH_OKHTTP='37507',RESPONSE_LENGTH_HEADER='37507',REQUEST_PROTOCOL='http/1.1',REQUEST_URL='https://gpodder.net/toplist/50.json',
08-04 19:30:29.258 14460 17401 I NAPPA_EXPERIMENTATION: MetricNetworkRequestExecutionTime: REQUEST_DURATION_SYSTEM='879',REQUEST_DURATION_OKHTTP='47',REQUEST_SYNCHRONOUS='TRUE',RESPONSE_CODE='200',RESPONSE_METHOD='GET',RESPONSE_LENGTH_OKHTTP='2923',RESPONSE_LENGTH_HEADER='2923',REQUEST_PROTOCOL='http/1.1',REQUEST_URL='https://gpodder.net/api/2/tags/50.json',
08-04 19:30:29.279 14460 15388 D ApOkHttpUrlLoader: buildLoadData() called with: model = [http://sixgun.org/files/linuxoutlaws.jpg], width = [224], height = [224]
08-04 19:30:29.281 14460 15205 D DBReader: getImageAuthentication() called with: imageUrl = [http://sixgun.org/files/linuxoutlaws.jpg]
08-04 19:30:29.285 14460 15205 D ApOkHttpUrlLoader: no credentials for 'http://sixgun.org/files/linuxoutlaws.jpg'
08-04 19:30:29.295 14460 15388 D ApOkHttpUrlLoader: buildLoadData() called with: model = [https://files.thisamericanlife.org/sites/all/themes/thislife/img/tal-name-1400x1400.png], width = [224], height = [224]
08-04 19:30:29.296 14460 15211 D DBReader: getImageAuthentication() called with: imageUrl = [https://files.thisamericanlife.org/sites/all/themes/thislife/img/tal-name-1400x1400.png]
08-04 19:30:29.300 14460 15211 D ApOkHttpUrlLoader: no credentials for 'https://files.thisamericanlife.org/sites/all/themes/thislife/img/tal-name-1400x1400.png'
08-04 19:30:29.303 14460 15388 D ApOkHttpUrlLoader: buildLoadData() called with: model = [https://elroy.twit.tv/sites/default/files/styles/twit_album_art_2048x2048/public/images/shows/floss_weekly/album_art/audio/floss_albumart_mask.jpg?itok=IUjxKpwt], width = [224], height = [224]
08-04 19:30:29.305 14460 15212 D DBReader: getImageAuthentication() called with: imageUrl = [https://elroy.twit.tv/sites/default/files/styles/twit_album_art_2048x2048/public/images/shows/floss_weekly/album_art/audio/floss_albumart_mask.jpg?itok=IUjxKpwt]
08-04 19:30:29.309 14460 15212 D ApOkHttpUrlLoader: no credentials for 'https://elroy.twit.tv/sites/default/files/styles/twit_album_art_2048x2048/public/images/shows/floss_weekly/album_art/audio/floss_albumart_mask.jpg?itok=IUjxKpwt'
08-04 19:30:29.310 14460 15388 D ApOkHttpUrlLoader: buildLoadData() called with: model = [http://ichef.bbci.co.uk/images/ic/3000x3000/p07kfvzb.jpg], width = [224], height = [224]
08-04 19:30:29.311 14460 15209 D DBReader: getImageAuthentication() called with: imageUrl = [http://ichef.bbci.co.uk/images/ic/3000x3000/p07kfvzb.jpg]
08-04 19:30:29.315 14460 15388 D ApOkHttpUrlLoader: buildLoadData() called with: model = [https://pl.tedcdn.com/rss_feed_images/ted_talks_main_podcast/video.png], width = [224], height = [224]
08-04 19:30:29.316 14460 15205 D DBWriter: updateFeedDownloadURL(original: http://sixgun.org/files/linuxoutlaws.jpg, updated: https://fab.industries/sixgun/files/linuxoutlaws.jpg)
08-04 19:30:29.317 14460 15209 D ApOkHttpUrlLoader: no credentials for 'http://ichef.bbci.co.uk/images/ic/3000x3000/p07kfvzb.jpg'
08-04 19:30:29.317 14460 15214 D DBReader: getImageAuthentication() called with: imageUrl = [https://pl.tedcdn.com/rss_feed_images/ted_talks_main_podcast/video.png]
08-04 19:30:29.321 14460 15388 D ApOkHttpUrlLoader: buildLoadData() called with: model = [https://elroy.twit.tv/sites/default/files/styles/twit_album_art_2048x2048/public/images/shows/this_week_in_tech/album_art/audio/twit1400audio.jpg?itok=J0vhatZb], width = [224], height = [224]
08-04 19:30:29.322 14460 15214 D ApOkHttpUrlLoader: no credentials for 'https://pl.tedcdn.com/rss_feed_images/ted_talks_main_podcast/video.png'
08-04 19:30:29.323 14460 15207 D DBReader: getImageAuthentication() called with: imageUrl = [https://elroy.twit.tv/sites/default/files/styles/twit_album_art_2048x2048/public/images/shows/this_week_in_tech/album_art/audio/twit1400audio.jpg?itok=J0vhatZb]
08-04 19:30:29.326 14460 15207 D ApOkHttpUrlLoader: no credentials for 'https://elroy.twit.tv/sites/default/files/styles/twit_album_art_2048x2048/public/images/shows/this_week_in_tech/album_art/audio/twit1400audio.jpg?itok=J0vhatZb'
08-04 19:30:29.327 14460 15388 D ApOkHttpUrlLoader: buildLoadData() called with: model = [http://ichef.bbci.co.uk/images/ic/3000x3000/p03gtk3j.jpg], width = [224], height = [224]
08-04 19:30:29.328 14460 15213 D DBReader: getImageAuthentication() called with: imageUrl = [http://ichef.bbci.co.uk/images/ic/3000x3000/p03gtk3j.jpg]
08-04 19:30:29.331 14460 15213 D ApOkHttpUrlLoader: no credentials for 'http://ichef.bbci.co.uk/images/ic/3000x3000/p03gtk3j.jpg'
08-04 19:30:29.378 14460 15209 D MYTAG   : interceptor 2a
08-04 19:30:29.378 14460 15209 I NAPPA_EXPERIMENTATION: MetricNetworkRequestExecutionTime: REQUEST_DURATION_SYSTEM='61',REQUEST_DURATION_OKHTTP='54',REQUEST_SYNCHRONOUS='TRUE',RESPONSE_CODE='200',RESPONSE_METHOD='GET',RESPONSE_LENGTH_OKHTTP='589826',RESPONSE_LENGTH_HEADER='589826',REQUEST_PROTOCOL='http/1.1',REQUEST_URL='http://ichef.bbci.co.uk/images/ic/3000x3000/p07kfvzb.jpg',
08-04 19:30:29.406 14460 15213 D MYTAG   : interceptor 2a
08-04 19:30:29.407 14460 15213 I NAPPA_EXPERIMENTATION: MetricNetworkRequestExecutionTime: REQUEST_DURATION_SYSTEM='74',REQUEST_DURATION_OKHTTP='69',REQUEST_SYNCHRONOUS='TRUE',RESPONSE_CODE='200',RESPONSE_METHOD='GET',RESPONSE_LENGTH_OKHTTP='814284',RESPONSE_LENGTH_HEADER='814284',REQUEST_PROTOCOL='http/1.1',REQUEST_URL='http://ichef.bbci.co.uk/images/ic/3000x3000/p03gtk3j.jpg',
08-04 19:30:29.497 14460 16273 I art     : Starting a blocking GC Explicit
08-04 19:30:29.543 14460 16273 I art     : Explicit concurrent mark sweep GC freed 20161(1146KB) AllocSpace objects, 4(212KB) LOS objects, 24% free, 50MB/66MB, paused 1.892ms total 45.300ms
08-04 19:30:29.555 14460 16273 I art     : Starting a blocking GC Explicit
08-04 19:30:29.571 14460 15211 D MYTAG   : interceptor 2a
08-04 19:30:29.571 14460 15211 I NAPPA_EXPERIMENTATION: MetricNetworkRequestExecutionTime: REQUEST_DURATION_SYSTEM='271',REQUEST_DURATION_OKHTTP='63',REQUEST_SYNCHRONOUS='TRUE',RESPONSE_CODE='200',RESPONSE_METHOD='GET',RESPONSE_LENGTH_OKHTTP='52553',RESPONSE_LENGTH_HEADER='52553',REQUEST_PROTOCOL='http/1.1',REQUEST_URL='https://files.thisamericanlife.org/sites/all/themes/thislife/img/tal-name-1400x1400.png',
08-04 19:30:29.595 14460 16273 I art     : Explicit concurrent mark sweep GC freed 1605(100KB) AllocSpace objects, 0(0B) LOS objects, 24% free, 50MB/66MB, paused 2.040ms total 39.735ms
08-04 19:30:29.607 14460 16273 I art     : Starting a blocking GC Explicit
08-04 19:30:29.648 14460 16273 I art     : Explicit concurrent mark sweep GC freed 743(59KB) AllocSpace objects, 0(0B) LOS objects, 24% free, 50MB/66MB, paused 2.106ms total 40.011ms
08-04 19:30:29.660 14460 16273 I art     : Starting a blocking GC Explicit
08-04 19:30:29.664 14460 15214 D MYTAG   : interceptor 2a
08-04 19:30:29.664 14460 15214 I NAPPA_EXPERIMENTATION: MetricNetworkRequestExecutionTime: REQUEST_DURATION_SYSTEM='342',REQUEST_DURATION_OKHTTP='161',REQUEST_SYNCHRONOUS='TRUE',RESPONSE_CODE='200',RESPONSE_METHOD='GET',RESPONSE_LENGTH_OKHTTP='89986',RESPONSE_LENGTH_HEADER='89986',REQUEST_PROTOCOL='h2',REQUEST_URL='https://pl.tedcdn.com/rss_feed_images/ted_talks_main_podcast/video.png',
08-04 19:30:29.679 14460 15207 D MYTAG   : interceptor 2a
08-04 19:30:29.679 14460 15207 I NAPPA_EXPERIMENTATION: MetricNetworkRequestExecutionTime: REQUEST_DURATION_SYSTEM='352',REQUEST_DURATION_OKHTTP='171',REQUEST_SYNCHRONOUS='TRUE',RESPONSE_CODE='200',RESPONSE_METHOD='GET',RESPONSE_LENGTH_OKHTTP='465707',RESPONSE_LENGTH_HEADER='465707',REQUEST_PROTOCOL='h2',REQUEST_URL='https://elroy.twit.tv/sites/default/files/styles/twit_album_art_2048x2048/public/images/shows/this_week_in_tech/album_art/audio/twit1400audio.jpg?itok=J0vhatZb',
08-04 19:30:29.699 14460 16273 I art     : Explicit concurrent mark sweep GC freed 851(55KB) AllocSpace objects, 0(0B) LOS objects, 24% free, 50MB/66MB, paused 1.571ms total 38.825ms
08-04 19:30:29.711 14460 16273 I art     : Starting a blocking GC Explicit
08-04 19:30:29.716 14460 15205 D MYTAG   : interceptor 2a
08-04 19:30:29.716 14460 15205 I NAPPA_EXPERIMENTATION: MetricNetworkRequestExecutionTime: REQUEST_DURATION_SYSTEM='431',REQUEST_DURATION_OKHTTP='187',REQUEST_SYNCHRONOUS='TRUE',RESPONSE_CODE='404',RESPONSE_METHOD='GET',RESPONSE_LENGTH_OKHTTP='-1',RESPONSE_LENGTH_HEADER='1503',REQUEST_PROTOCOL='h2',REQUEST_URL='https://fab.industries/sixgun/files/linuxoutlaws.jpg',
08-04 19:30:29.719 14460 14460 W Glide   : Load failed for http://sixgun.org/files/linuxoutlaws.jpg with size [224x224]
08-04 19:30:29.719 14460 14460 W Glide   : class com.bumptech.glide.load.engine.GlideException: Failed to load resource
08-04 19:30:29.719 14460 14460 W Glide   : There was 1 cause:
08-04 19:30:29.719 14460 14460 W Glide   : com.bumptech.glide.load.HttpException()
08-04 19:30:29.719 14460 14460 W Glide   :  call GlideException#logRootCauses(String) for more detail
08-04 19:30:29.719 14460 14460 W Glide   :   Cause (1 of 1): class com.bumptech.glide.load.engine.GlideException: Fetching data failed, class java.io.InputStream, REMOTE
08-04 19:30:29.719 14460 14460 W Glide   : There was 1 cause:
08-04 19:30:29.719 14460 14460 W Glide   : com.bumptech.glide.load.HttpException()
08-04 19:30:29.719 14460 14460 W Glide   :  call GlideException#logRootCauses(String) for more detail
08-04 19:30:29.719 14460 14460 W Glide   :     Cause (1 of 1): class com.bumptech.glide.load.HttpException: 
08-04 19:30:29.719 14460 14460 I Glide   : Root cause (1 of 1)
08-04 19:30:29.719 14460 14460 I Glide   : com.bumptech.glide.load.HttpException: 
08-04 19:30:29.719 14460 14460 I Glide   : 	at com.bumptech.glide.integration.okhttp3.OkHttpStreamFetcher.onResponse(OkHttpStreamFetcher.java:73)
08-04 19:30:29.719 14460 14460 I Glide   : 	at okhttp3.RealCall$AsyncCall.execute(RealCall.java:174)
08-04 19:30:29.719 14460 14460 I Glide   : 	at okhttp3.internal.NamedRunnable.run(NamedRunnable.java:32)
08-04 19:30:29.719 14460 14460 I Glide   : 	at java.util.concurrent.ThreadPoolExecutor.runWorker(ThreadPoolExecutor.java:1113)
08-04 19:30:29.719 14460 14460 I Glide   : 	at java.util.concurrent.ThreadPoolExecutor$Worker.run(ThreadPoolExecutor.java:588)
08-04 19:30:29.719 14460 14460 I Glide   : 	at java.lang.Thread.run(Thread.java:818)
08-04 19:30:29.720 14460 14460 W Glide   : Load failed for http://sixgun.org/files/linuxoutlaws.jpg with size [224x224]
08-04 19:30:29.720 14460 14460 W Glide   : class com.bumptech.glide.load.engine.GlideException: Failed to load resource
08-04 19:30:29.720 14460 14460 W Glide   : There was 1 cause:
08-04 19:30:29.720 14460 14460 W Glide   : com.bumptech.glide.load.HttpException()
08-04 19:30:29.720 14460 14460 W Glide   :  call GlideException#logRootCauses(String) for more detail
08-04 19:30:29.720 14460 14460 W Glide   :   Cause (1 of 1): class com.bumptech.glide.load.engine.GlideException: Fetching data failed, class java.io.InputStream, REMOTE
08-04 19:30:29.720 14460 14460 W Glide   : There was 1 cause:
08-04 19:30:29.720 14460 14460 W Glide   : com.bumptech.glide.load.HttpException()
08-04 19:30:29.720 14460 14460 W Glide   :  call GlideException#logRootCauses(String) for more detail
08-04 19:30:29.720 14460 14460 W Glide   :     Cause (1 of 1): class com.bumptech.glide.load.HttpException: 
08-04 19:30:29.720 14460 14460 I Glide   : Root cause (1 of 1)
08-04 19:30:29.720 14460 14460 I Glide   : com.bumptech.glide.load.HttpException: 
08-04 19:30:29.720 14460 14460 I Glide   : 	at com.bumptech.glide.integration.okhttp3.OkHttpStreamFetcher.onResponse(OkHttpStreamFetcher.java:73)
08-04 19:30:29.720 14460 14460 I Glide   : 	at okhttp3.RealCall$AsyncCall.execute(RealCall.java:174)
08-04 19:30:29.720 14460 14460 I Glide   : 	at okhttp3.internal.NamedRunnable.run(NamedRunnable.java:32)
08-04 19:30:29.720 14460 14460 I Glide   : 	at java.util.concurrent.ThreadPoolExecutor.runWorker(ThreadPoolExecutor.java:1113)
08-04 19:30:29.720 14460 14460 I Glide   : 	at java.util.concurrent.ThreadPoolExecutor$Worker.run(ThreadPoolExecutor.java:588)
08-04 19:30:29.720 14460 14460 I Glide   : 	at java.lang.Thread.run(Thread.java:818)
08-04 19:30:29.751 14460 16273 I art     : Explicit concurrent mark sweep GC freed 697(80KB) AllocSpace objects, 0(0B) LOS objects, 24% free, 50MB/66MB, paused 1.813ms total 39.977ms
08-04 19:30:29.840 14460 15388 D ApOkHttpUrlLoader: buildLoadData() called with: model = [http://sixgun.org/files/linuxoutlaws.jpg], width = [224], height = [224]
08-04 19:30:29.841 14460 15205 D DBReader: getImageAuthentication() called with: imageUrl = [http://sixgun.org/files/linuxoutlaws.jpg]
08-04 19:30:29.845 14460 15205 D ApOkHttpUrlLoader: no credentials for 'http://sixgun.org/files/linuxoutlaws.jpg'
08-04 19:30:29.883 14460 15205 D DBWriter: updateFeedDownloadURL(original: http://sixgun.org/files/linuxoutlaws.jpg, updated: https://fab.industries/sixgun/files/linuxoutlaws.jpg)
08-04 19:30:29.912 14460 15212 D MYTAG   : interceptor 2a
08-04 19:30:29.912 14460 15212 I NAPPA_EXPERIMENTATION: MetricNetworkRequestExecutionTime: REQUEST_DURATION_SYSTEM='603',REQUEST_DURATION_OKHTTP='143',REQUEST_SYNCHRONOUS='TRUE',RESPONSE_CODE='200',RESPONSE_METHOD='GET',RESPONSE_LENGTH_OKHTTP='297964',RESPONSE_LENGTH_HEADER='297964',REQUEST_PROTOCOL='h2',REQUEST_URL='https://elroy.twit.tv/sites/default/files/styles/twit_album_art_2048x2048/public/images/shows/floss_weekly/album_art/audio/floss_albumart_mask.jpg?itok=IUjxKpwt',
08-04 19:30:30.029 14460 15205 D MYTAG   : interceptor 2a
08-04 19:30:30.030 14460 15205 I NAPPA_EXPERIMENTATION: MetricNetworkRequestExecutionTime: REQUEST_DURATION_SYSTEM='184',REQUEST_DURATION_OKHTTP='142',REQUEST_SYNCHRONOUS='TRUE',RESPONSE_CODE='404',RESPONSE_METHOD='GET',RESPONSE_LENGTH_OKHTTP='-1',RESPONSE_LENGTH_HEADER='1503',REQUEST_PROTOCOL='h2',REQUEST_URL='https://fab.industries/sixgun/files/linuxoutlaws.jpg',
08-04 19:30:30.036 14460 14460 W Glide   : Load failed for http://sixgun.org/files/linuxoutlaws.jpg with size [224x224]
08-04 19:30:30.036 14460 14460 W Glide   : class com.bumptech.glide.load.engine.GlideException: Failed to load resource
08-04 19:30:30.036 14460 14460 W Glide   : There was 1 cause:
08-04 19:30:30.036 14460 14460 W Glide   : com.bumptech.glide.load.HttpException()
08-04 19:30:30.036 14460 14460 W Glide   :  call GlideException#logRootCauses(String) for more detail
08-04 19:30:30.036 14460 14460 W Glide   :   Cause (1 of 1): class com.bumptech.glide.load.engine.GlideException: Fetching data failed, class java.io.InputStream, REMOTE
08-04 19:30:30.036 14460 14460 W Glide   : There was 1 cause:
08-04 19:30:30.036 14460 14460 W Glide   : com.bumptech.glide.load.HttpException()
08-04 19:30:30.036 14460 14460 W Glide   :  call GlideException#logRootCauses(String) for more detail
08-04 19:30:30.036 14460 14460 W Glide   :     Cause (1 of 1): class com.bumptech.glide.load.HttpException: 
08-04 19:30:30.037 14460 14460 I Glide   : Root cause (1 of 1)
08-04 19:30:30.037 14460 14460 I Glide   : com.bumptech.glide.load.HttpException: 
08-04 19:30:30.037 14460 14460 I Glide   : 	at com.bumptech.glide.integration.okhttp3.OkHttpStreamFetcher.onResponse(OkHttpStreamFetcher.java:73)
08-04 19:30:30.037 14460 14460 I Glide   : 	at okhttp3.RealCall$AsyncCall.execute(RealCall.java:174)
08-04 19:30:30.037 14460 14460 I Glide   : 	at okhttp3.internal.NamedRunnable.run(NamedRunnable.java:32)
08-04 19:30:30.037 14460 14460 I Glide   : 	at java.util.concurrent.ThreadPoolExecutor.runWorker(ThreadPoolExecutor.java:1113)
08-04 19:30:30.037 14460 14460 I Glide   : 	at java.util.concurrent.ThreadPoolExecutor$Worker.run(ThreadPoolExecutor.java:588)
08-04 19:30:30.037 14460 14460 I Glide   : 	at java.lang.Thread.run(Thread.java:818)
08-04 19:30:30.042 14460 15388 D ApOkHttpUrlLoader: buildLoadData() called with: model = [http://sixgun.org/files/linuxoutlaws.jpg], width = [224], height = [224]
08-04 19:30:30.044 14460 15205 D DBReader: getImageAuthentication() called with: imageUrl = [http://sixgun.org/files/linuxoutlaws.jpg]
08-04 19:30:30.048 14460 15205 D ApOkHttpUrlLoader: no credentials for 'http://sixgun.org/files/linuxoutlaws.jpg'
08-04 19:30:30.077 14460 15205 D DBWriter: updateFeedDownloadURL(original: http://sixgun.org/files/linuxoutlaws.jpg, updated: https://fab.industries/sixgun/files/linuxoutlaws.jpg)
08-04 19:30:30.079 14460 14471 I art     : Starting a blocking GC Explicit
08-04 19:30:30.123 14460 14471 I art     : Explicit concurrent mark sweep GC freed 6014(383KB) AllocSpace objects, 1(20KB) LOS objects, 23% free, 50MB/66MB, paused 1.661ms total 43.356ms
08-04 19:30:30.136 14460 14471 I art     : Starting a blocking GC Explicit
08-04 19:30:30.177 14460 14471 I art     : Explicit concurrent mark sweep GC freed 304(10KB) AllocSpace objects, 0(0B) LOS objects, 23% free, 50MB/66MB, paused 1.559ms total 40.931ms
08-04 19:30:30.190 14460 14471 I art     : Starting a blocking GC Explicit
08-04 19:30:30.210 14460 15205 D MYTAG   : interceptor 2a
08-04 19:30:30.210 14460 15205 I NAPPA_EXPERIMENTATION: MetricNetworkRequestExecutionTime: REQUEST_DURATION_SYSTEM='161',REQUEST_DURATION_OKHTTP='130',REQUEST_SYNCHRONOUS='TRUE',RESPONSE_CODE='404',RESPONSE_METHOD='GET',RESPONSE_LENGTH_OKHTTP='-1',RESPONSE_LENGTH_HEADER='1503',REQUEST_PROTOCOL='h2',REQUEST_URL='https://fab.industries/sixgun/files/linuxoutlaws.jpg',
08-04 19:30:30.212 14460 14460 W Glide   : Load failed for http://sixgun.org/files/linuxoutlaws.jpg with size [224x224]
08-04 19:30:30.212 14460 14460 W Glide   : class com.bumptech.glide.load.engine.GlideException: Failed to load resource
08-04 19:30:30.212 14460 14460 W Glide   : There was 1 cause:
08-04 19:30:30.212 14460 14460 W Glide   : com.bumptech.glide.load.HttpException()
08-04 19:30:30.212 14460 14460 W Glide   :  call GlideException#logRootCauses(String) for more detail
08-04 19:30:30.212 14460 14460 W Glide   :   Cause (1 of 1): class com.bumptech.glide.load.engine.GlideException: Fetching data failed, class java.io.InputStream, REMOTE
08-04 19:30:30.212 14460 14460 W Glide   : There was 1 cause:
08-04 19:30:30.212 14460 14460 W Glide   : com.bumptech.glide.load.HttpException()
08-04 19:30:30.212 14460 14460 W Glide   :  call GlideException#logRootCauses(String) for more detail
08-04 19:30:30.212 14460 14460 W Glide   :     Cause (1 of 1): class com.bumptech.glide.load.HttpException: 
08-04 19:30:30.212 14460 14460 I Glide   : Root cause (1 of 1)
08-04 19:30:30.212 14460 14460 I Glide   : com.bumptech.glide.load.HttpException: 
08-04 19:30:30.212 14460 14460 I Glide   : 	at com.bumptech.glide.integration.okhttp3.OkHttpStreamFetcher.onResponse(OkHttpStreamFetcher.java:73)
08-04 19:30:30.212 14460 14460 I Glide   : 	at okhttp3.RealCall$AsyncCall.execute(RealCall.java:174)
08-04 19:30:30.212 14460 14460 I Glide   : 	at okhttp3.internal.NamedRunnable.run(NamedRunnable.java:32)
08-04 19:30:30.212 14460 14460 I Glide   : 	at java.util.concurrent.ThreadPoolExecutor.runWorker(ThreadPoolExecutor.java:1113)
08-04 19:30:30.212 14460 14460 I Glide   : 	at java.util.concurrent.ThreadPoolExecutor$Worker.run(ThreadPoolExecutor.java:588)
08-04 19:30:30.212 14460 14460 I Glide   : 	at java.lang.Thread.run(Thread.java:818)
08-04 19:30:30.234 14460 14471 I art     : Explicit concurrent mark sweep GC freed 316(42KB) AllocSpace objects, 0(0B) LOS objects, 23% free, 50MB/66MB, paused 1.499ms total 43.539ms
08-04 19:30:30.248 14460 14471 I art     : Starting a blocking GC Explicit
08-04 19:30:30.295 14460 14471 I art     : Explicit concurrent mark sweep GC freed 167(6KB) AllocSpace objects, 0(0B) LOS objects, 23% free, 50MB/66MB, paused 1.593ms total 46.782ms
08-04 19:30:30.308 14460 14471 I art     : Starting a blocking GC Explicit
08-04 19:30:30.355 14460 14471 I art     : Explicit concurrent mark sweep GC freed 6(192B) AllocSpace objects, 0(0B) LOS objects, 23% free, 50MB/66MB, paused 1.604ms total 46.235ms
08-04 19:30:30.774 14460 14472 I art     : Starting a blocking GC Explicit
08-04 19:30:30.837 14460 14472 I art     : Explicit concurrent mark sweep GC freed 1413(81KB) AllocSpace objects, 1(20KB) LOS objects, 23% free, 50MB/66MB, paused 1.600ms total 62.445ms
08-04 19:30:30.852 14460 14472 I art     : Starting a blocking GC Explicit
08-04 19:30:30.898 14460 14472 I art     : Explicit concurrent mark sweep GC freed 26(848B) AllocSpace objects, 0(0B) LOS objects, 23% free, 50MB/66MB, paused 2.143ms total 45.664ms
08-04 19:30:30.914 14460 14472 I art     : Starting a blocking GC Explicit
08-04 19:30:30.959 14460 14472 I art     : Explicit concurrent mark sweep GC freed 9(288B) AllocSpace objects, 0(0B) LOS objects, 23% free, 50MB/66MB, paused 1.452ms total 44.794ms
08-04 19:30:30.972 14460 14472 I art     : Starting a blocking GC Explicit
08-04 19:30:31.014 14460 14472 I art     : Explicit concurrent mark sweep GC freed 36(1184B) AllocSpace objects, 0(0B) LOS objects, 23% free, 50MB/66MB, paused 1.416ms total 41.610ms
08-04 19:30:31.028 14460 14472 I art     : Starting a blocking GC Explicit
08-04 19:30:31.071 14460 14472 I art     : Explicit concurrent mark sweep GC freed 16(512B) AllocSpace objects, 0(0B) LOS objects, 23% free, 50MB/66MB, paused 1.479ms total 42.314ms
08-04 19:30:31.462 14460 14491 I art     : Starting a blocking GC Explicit
08-04 19:30:31.515 14460 14491 I art     : Explicit concurrent mark sweep GC freed 1399(81KB) AllocSpace objects, 1(20KB) LOS objects, 23% free, 50MB/66MB, paused 1.602ms total 52.381ms
08-04 19:30:31.531 14460 14491 I art     : Starting a blocking GC Explicit
08-04 19:30:31.578 14460 14491 I art     : Explicit concurrent mark sweep GC freed 23(752B) AllocSpace objects, 0(0B) LOS objects, 23% free, 50MB/66MB, paused 1.602ms total 46.402ms
08-04 19:30:31.591 14460 14491 I art     : Starting a blocking GC Explicit
08-04 19:30:31.639 14460 14491 I art     : Explicit concurrent mark sweep GC freed 3(96B) AllocSpace objects, 0(0B) LOS objects, 23% free, 50MB/66MB, paused 1.495ms total 47.349ms
08-04 19:30:31.652 14460 14491 I art     : Starting a blocking GC Explicit
08-04 19:30:31.700 14460 14491 I art     : Explicit concurrent mark sweep GC freed 3(96B) AllocSpace objects, 0(0B) LOS objects, 23% free, 50MB/66MB, paused 1.517ms total 47.073ms
08-04 19:30:31.713 14460 14491 I art     : Starting a blocking GC Explicit
08-04 19:30:31.760 14460 14491 I art     : Explicit concurrent mark sweep GC freed 35(960B) AllocSpace objects, 0(0B) LOS objects, 23% free, 50MB/66MB, paused 1.637ms total 46.920ms
08-04 19:30:32.145 14460 16273 I art     : Starting a blocking GC Explicit
08-04 19:30:32.204 14460 16273 I art     : Explicit concurrent mark sweep GC freed 1381(81KB) AllocSpace objects, 1(20KB) LOS objects, 23% free, 50MB/66MB, paused 1.640ms total 58.615ms
08-04 19:30:32.220 14460 16273 I art     : Starting a blocking GC Explicit
08-04 19:30:32.266 14460 16273 I art     : Explicit concurrent mark sweep GC freed 23(752B) AllocSpace objects, 0(0B) LOS objects, 23% free, 50MB/66MB, paused 1.619ms total 46.521ms
08-04 19:30:32.280 14460 16273 I art     : Starting a blocking GC Explicit
08-04 19:30:32.327 14460 16273 I art     : Explicit concurrent mark sweep GC freed 3(96B) AllocSpace objects, 0(0B) LOS objects, 23% free, 50MB/66MB, paused 1.617ms total 46.145ms
08-04 19:30:32.340 14460 16273 I art     : Starting a blocking GC Explicit
08-04 19:30:32.385 14460 16273 I art     : Explicit concurrent mark sweep GC freed 3(96B) AllocSpace objects, 0(0B) LOS objects, 23% free, 50MB/66MB, paused 1.425ms total 44.087ms
08-04 19:30:32.398 14460 16273 I art     : Starting a blocking GC Explicit
08-04 19:30:32.439 14460 16273 I art     : Explicit concurrent mark sweep GC freed 3(96B) AllocSpace objects, 0(0B) LOS objects, 23% free, 50MB/66MB, paused 1.459ms total 40.613ms
08-04 19:30:32.831 14460 14471 I art     : Starting a blocking GC Explicit
08-04 19:30:32.884 14460 14471 I art     : Explicit concurrent mark sweep GC freed 1410(81KB) AllocSpace objects, 1(20KB) LOS objects, 23% free, 50MB/66MB, paused 1.647ms total 52.567ms
08-04 19:30:32.899 14460 14471 I art     : Starting a blocking GC Explicit
08-04 19:30:32.945 14460 14471 I art     : Explicit concurrent mark sweep GC freed 23(752B) AllocSpace objects, 0(0B) LOS objects, 23% free, 50MB/66MB, paused 1.595ms total 45.624ms
08-04 19:30:32.959 14460 14471 I art     : Starting a blocking GC Explicit
08-04 19:30:33.006 14460 14471 I art     : Explicit concurrent mark sweep GC freed 3(96B) AllocSpace objects, 0(0B) LOS objects, 23% free, 50MB/66MB, paused 1.593ms total 46.813ms
08-04 19:30:33.020 14460 14471 I art     : Starting a blocking GC Explicit
08-04 19:30:33.067 14460 14471 I art     : Explicit concurrent mark sweep GC freed 3(96B) AllocSpace objects, 0(0B) LOS objects, 23% free, 50MB/66MB, paused 1.603ms total 46.639ms
08-04 19:30:33.080 14460 14471 I art     : Starting a blocking GC Explicit
08-04 19:30:33.129 14460 14471 I art     : Explicit concurrent mark sweep GC freed 3(96B) AllocSpace objects, 0(0B) LOS objects, 23% free, 50MB/66MB, paused 1.678ms total 48.234ms
08-04 19:30:33.522 14460 14491 I art     : Starting a blocking GC Explicit
08-04 19:30:33.574 14460 14491 I art     : Explicit concurrent mark sweep GC freed 1423(84KB) AllocSpace objects, 1(20KB) LOS objects, 23% free, 50MB/66MB, paused 1.662ms total 50.929ms
08-04 19:30:33.590 14460 14491 I art     : Starting a blocking GC Explicit
08-04 19:30:33.637 14460 14491 I art     : Explicit concurrent mark sweep GC freed 29(976B) AllocSpace objects, 0(0B) LOS objects, 23% free, 50MB/66MB, paused 1.653ms total 47.026ms
08-04 19:30:33.651 14460 14491 I art     : Starting a blocking GC Explicit
08-04 19:30:33.697 14460 14491 I art     : Explicit concurrent mark sweep GC freed 3(96B) AllocSpace objects, 0(0B) LOS objects, 23% free, 50MB/66MB, paused 1.442ms total 45.221ms
08-04 19:30:33.710 14460 14491 I art     : Starting a blocking GC Explicit
08-04 19:30:33.759 14460 14491 I art     : Explicit concurrent mark sweep GC freed 32(880B) AllocSpace objects, 0(0B) LOS objects, 23% free, 50MB/66MB, paused 1.680ms total 48.471ms
08-04 19:30:33.773 14460 14491 I art     : Starting a blocking GC Explicit
08-04 19:30:33.817 14460 14491 I art     : Explicit concurrent mark sweep GC freed 3(96B) AllocSpace objects, 0(0B) LOS objects, 23% free, 50MB/66MB, paused 1.618ms total 44.431ms
08-04 19:30:34.212 14460 16273 I art     : Starting a blocking GC Explicit
08-04 19:30:34.269 14460 16273 I art     : Explicit concurrent mark sweep GC freed 1385(82KB) AllocSpace objects, 1(20KB) LOS objects, 23% free, 50MB/66MB, paused 1.841ms total 56.276ms
08-04 19:30:34.285 14460 16273 I art     : Starting a blocking GC Explicit
08-04 19:30:34.331 14460 16273 I art     : Explicit concurrent mark sweep GC freed 23(752B) AllocSpace objects, 0(0B) LOS objects, 23% free, 50MB/66MB, paused 1.555ms total 46.405ms
08-04 19:30:34.345 14460 16273 I art     : Starting a blocking GC Explicit
08-04 19:30:34.393 14460 16273 I art     : Explicit concurrent mark sweep GC freed 3(96B) AllocSpace objects, 0(0B) LOS objects, 23% free, 50MB/66MB, paused 1.493ms total 47.730ms
08-04 19:30:34.406 14460 16273 I art     : Starting a blocking GC Explicit
08-04 19:30:34.454 14460 16273 I art     : Explicit concurrent mark sweep GC freed 3(96B) AllocSpace objects, 0(0B) LOS objects, 23% free, 50MB/66MB, paused 1.514ms total 47.286ms
08-04 19:30:34.467 14460 16273 I art     : Starting a blocking GC Explicit
08-04 19:30:34.515 14460 16273 I art     : Explicit concurrent mark sweep GC freed 3(96B) AllocSpace objects, 0(0B) LOS objects, 23% free, 50MB/66MB, paused 1.626ms total 47.194ms
08-04 19:30:34.858 14460 14472 I art     : Starting a blocking GC Explicit
08-04 19:30:34.909 14460 14472 I art     : Explicit concurrent mark sweep GC freed 1413(82KB) AllocSpace objects, 1(20KB) LOS objects, 23% free, 50MB/66MB, paused 1.731ms total 49.407ms
08-04 19:30:34.922 14460 14472 I art     : Starting a blocking GC Explicit
08-04 19:30:34.968 14460 14472 I art     : Explicit concurrent mark sweep GC freed 23(752B) AllocSpace objects, 0(0B) LOS objects, 23% free, 50MB/66MB, paused 1.681ms total 45.418ms
08-04 19:30:34.981 14460 14472 I art     : Starting a blocking GC Explicit
08-04 19:30:35.027 14460 14472 I art     : Explicit concurrent mark sweep GC freed 3(96B) AllocSpace objects, 0(0B) LOS objects, 23% free, 50MB/66MB, paused 1.656ms total 44.967ms
08-04 19:30:35.040 14460 14472 I art     : Starting a blocking GC Explicit
08-04 19:30:35.085 14460 14472 I art     : Explicit concurrent mark sweep GC freed 3(96B) AllocSpace objects, 0(0B) LOS objects, 23% free, 50MB/66MB, paused 1.661ms total 44.461ms
08-04 19:30:35.098 14460 14472 I art     : Starting a blocking GC Explicit
08-04 19:30:35.113 17515 17515 D AndroidRuntime: >>>>>> START com.android.internal.os.RuntimeInit uid 2000 <<<<<<
08-04 19:30:35.119 17515 17515 D AndroidRuntime: CheckJNI is OFF
08-04 19:30:35.143 14460 14472 I art     : Explicit concurrent mark sweep GC freed 3(96B) AllocSpace objects, 0(0B) LOS objects, 23% free, 50MB/66MB, paused 1.642ms total 44.176ms
08-04 19:30:35.168 17515 17515 D ICU     : No timezone override file found: /data/misc/zoneinfo/current/icu/icu_tzdata.dat
08-04 19:30:35.212 17515 17515 I Radio-JNI: register_android_hardware_Radio DONE
08-04 19:30:35.242 17515 17515 D AndroidRuntime: Calling main entry com.android.commands.input.Input
08-04 19:30:35.245 17515 17515 I Input   : injectMotionEvent: MotionEvent { action=ACTION_DOWN, actionButton=0, id[0]=0, x[0]=526.0, y[0]=597.0, toolType[0]=TOOL_TYPE_UNKNOWN, buttonState=0, metaState=0, flags=0x0, edgeFlags=0x0, pointerCount=1, historySize=0, eventTime=732651657, downTime=732651657, deviceId=0, source=0x1002 }
08-04 19:30:35.250 17515 17515 I Input   : injectMotionEvent: MotionEvent { action=ACTION_UP, actionButton=0, id[0]=0, x[0]=526.0, y[0]=597.0, toolType[0]=TOOL_TYPE_UNKNOWN, buttonState=0, metaState=0, flags=0x0, edgeFlags=0x0, pointerCount=1, historySize=0, eventTime=732651657, downTime=732651657, deviceId=0, source=0x1002 }
08-04 19:30:35.252 17515 17515 D AndroidRuntime: Shutting down VM
08-04 19:30:35.318 14460 14460 D PodcastListFragment: Selected podcast: GpodnetPodcast [url=http://feeds.feedburner.com/linuxoutlaws, title=Linux Outlaws, description=Two pragmatic geeks talk about the latest news concerning Linux, free and open
08-04 19:30:35.318 14460 14460 D PodcastListFragment: technology or anything else they deem noteworthy which may include such absurd
08-04 19:30:35.318 14460 14460 D PodcastListFragment: things as hockey or bands you never heard of. This means there's many a joke
08-04 19:30:35.318 14460 14460 D PodcastListFragment: and derailed conversation along the way, so don't come here expecting only
08-04 19:30:35.318 14460 14460 D PodcastListFragment: Linux or software freedom talk  just sit back and relax, partner., subscribers=3321, logoUrl=http://sixgun.org/files/linuxoutlaws.jpg, website=http://sixgun.org, mygpoLink=http://gpodder.net/podcast/linux-outlaws-mp3]
08-04 19:30:35.320   918  6110 I ActivityManager: START u0 {cmp=baseline.de.danoeh.antennapod.debug/baseline.de.danoeh.antennapod.activity.OnlineFeedViewActivity (has extras)} from uid 10670 on display 0
08-04 19:30:35.320   512  2967 D audio_hw_primary: out_set_parameters: enter: usecase(1: low-latency-playback) kvpairs: routing=2
08-04 19:30:35.334   512  2967 D audio_hw_primary: select_devices: out_snd_device(2: speaker) in_snd_device(0: none)
08-04 19:30:35.334   512  2967 D msm8974_platform: platform_send_audio_calibration: sending audio calibration for snd_device(2) acdb_id(15)
08-04 19:30:35.334   512  2967 I soundtrigger: audio_extn_sound_trigger_update_device_status: device 0x2 of type 0 for Event 1
08-04 19:30:35.344   512  2967 D audio_hw_primary: enable_snd_device: snd_device(2: speaker)
08-04 19:30:35.346   512  2967 D audio_hw_primary: enable_audio_route: apply and update mixer path: low-latency-playback speaker
08-04 19:30:35.351 14460 14460 D UserPreferences: Using default data folder
08-04 19:30:35.353 14460 14460 D OnlineFeedViewActivity: Activity was started with url http://feeds.feedburner.com/linuxoutlaws
08-04 19:30:35.355 14460 14460 D OnlineFeedViewActivity: Starting feed download
08-04 19:30:35.359 14460 14996 D DBReader: Extracting Feedlist
08-04 19:30:35.361   918  5481 D WifiService: acquireWifiLockLocked: WifiLock{Downloader type=1 binder=android.os.BinderProxy@c3d931d}
08-04 19:30:35.362 14460 14996 D AntennapodHttpClient: Creating new instance of HTTP client
08-04 19:30:35.412 13866 13866 I GoogleInputMethodServic: GoogleInputMethodService.onFinishInput():3138 
08-04 19:30:35.414 13866 13866 I GoogleInputMethodServic: GoogleInputMethodService.onStartInput():1808 
08-04 19:30:35.429   918   936 I ActivityManager: Displayed baseline.de.danoeh.antennapod.debug/baseline.de.danoeh.antennapod.activity.OnlineFeedViewActivity: +97ms
08-04 19:30:35.469 14460 14481 D OpenGLRenderer: endAllStagingAnimators on 0x7f7c59bc00 (GridView) with handle 0x7f7e468200
08-04 19:30:35.480 14460 14996 D MYTAG   : interceptor 3a http://feeds.feedburner.com/linuxoutlaws
08-04 19:30:35.480 14460 14996 I NAPPA_EXPERIMENTATION: MetricNetworkRequestExecutionTime: REQUEST_DURATION_SYSTEM='117',REQUEST_DURATION_OKHTTP='41',REQUEST_SYNCHRONOUS='TRUE',RESPONSE_CODE='200',RESPONSE_METHOD='GET',RESPONSE_LENGTH_OKHTTP='-1',RESPONSE_LENGTH_HEADER='-2',REQUEST_PROTOCOL='http/1.1',REQUEST_URL='http://feeds.feedburner.com/linuxoutlaws',
08-04 19:30:35.480 14460 14996 D HttpDownloader: Response code is 200
08-04 19:30:35.480 14460 14996 D UserPreferences: Using default data folder
08-04 19:30:35.482 14460 14996 D HttpDownloader: Getting size of download
08-04 19:30:35.482 14460 14996 D HttpDownloader: Size is -1
08-04 19:30:35.482 14460 14996 D UserPreferences: Using default data folder
08-04 19:30:35.482 14460 14996 D HttpDownloader: Free space is 20229226496
08-04 19:30:35.482 14460 14996 D HttpDownloader: Starting download
08-04 19:30:35.502 14460 14996 D HttpDownloader: Download was successful
08-04 19:30:35.503   918  3359 D WifiService: releaseWifiLockLocked: WifiLock{Downloader type=1 binder=android.os.BinderProxy@c3d931d}
08-04 19:30:35.504 14460 14460 D OnlineFeedViewActivity: Parsing feed
08-04 19:30:35.507 14460 17551 D TypeGetter: Recognized type RSS 2.0
08-04 19:30:35.508 14460 14910 I art     : Starting a blocking GC Explicit
08-04 19:30:35.514 14460 17551 D SyndHandler: Recognized Content namespace
08-04 19:30:35.515 14460 17551 D SyndHandler: Recognized DublinCore namespace
08-04 19:30:35.515 14460 17551 D SyndHandler: Recognized Atom namespace
08-04 19:30:35.515 14460 17551 D SyndHandler: Recognized ITunes namespace
08-04 19:30:35.516 14460 17551 D SyndHandler: Recognized media namespace
08-04 19:30:35.550 14460 14910 I art     : Explicit concurrent mark sweep GC freed 4626(596KB) AllocSpace objects, 5(100KB) LOS objects, 23% free, 51MB/67MB, paused 2.445ms total 41.834ms
08-04 19:30:35.559 14460 17551 D OnlineFeedViewActivity: Deleted feed source file. Result: true
08-04 19:30:35.560 14460 14460 D OnlineFeedViewActivity: Removing HTML from shownotes
08-04 19:30:35.563 14460 14910 I art     : Starting a blocking GC Explicit
08-04 19:30:35.581 14460 15388 D ApOkHttpUrlLoader: buildLoadData() called with: model = [http://sixgun.org/files/linuxoutlaws.jpg], width = [350], height = [350]
08-04 19:30:35.583 14460 15205 D DBReader: getImageAuthentication() called with: imageUrl = [http://sixgun.org/files/linuxoutlaws.jpg]
08-04 19:30:35.587 14460 15205 D ApOkHttpUrlLoader: no credentials for 'http://sixgun.org/files/linuxoutlaws.jpg'
08-04 19:30:35.611 14460 14910 I art     : Explicit concurrent mark sweep GC freed 9200(624KB) AllocSpace objects, 11(748KB) LOS objects, 23% free, 51MB/67MB, paused 2.500ms total 47.690ms
08-04 19:30:35.619 14460 15205 D DBWriter: updateFeedDownloadURL(original: http://sixgun.org/files/linuxoutlaws.jpg, updated: https://fab.industries/sixgun/files/linuxoutlaws.jpg)
08-04 19:30:35.625 14460 14910 I art     : Starting a blocking GC Explicit
08-04 19:30:35.663   380   380 W SurfaceFlinger: couldn't log to binary event log: overflow.
08-04 19:30:35.668 14460 14910 I art     : Explicit concurrent mark sweep GC freed 2967(153KB) AllocSpace objects, 0(0B) LOS objects, 23% free, 51MB/67MB, paused 1.669ms total 42.956ms
08-04 19:30:35.680 14460 14910 I art     : Starting a blocking GC Explicit
08-04 19:30:35.720 14460 14910 I art     : Explicit concurrent mark sweep GC freed 66(3KB) AllocSpace objects, 0(0B) LOS objects, 23% free, 51MB/67MB, paused 1.483ms total 39.147ms
08-04 19:30:35.732 14460 14910 I art     : Starting a blocking GC Explicit
08-04 19:30:35.754 14460 15205 D MYTAG   : interceptor 2a
08-04 19:30:35.754 14460 15205 I NAPPA_EXPERIMENTATION: MetricNetworkRequestExecutionTime: REQUEST_DURATION_SYSTEM='166',REQUEST_DURATION_OKHTTP='131',REQUEST_SYNCHRONOUS='TRUE',RESPONSE_CODE='404',RESPONSE_METHOD='GET',RESPONSE_LENGTH_OKHTTP='-1',RESPONSE_LENGTH_HEADER='1503',REQUEST_PROTOCOL='h2',REQUEST_URL='https://fab.industries/sixgun/files/linuxoutlaws.jpg',
08-04 19:30:35.756 14460 14460 W Glide   : Load failed for http://sixgun.org/files/linuxoutlaws.jpg with size [350x350]
08-04 19:30:35.756 14460 14460 W Glide   : class com.bumptech.glide.load.engine.GlideException: Failed to load resource
08-04 19:30:35.756 14460 14460 W Glide   : There was 1 cause:
08-04 19:30:35.756 14460 14460 W Glide   : com.bumptech.glide.load.HttpException()
08-04 19:30:35.756 14460 14460 W Glide   :  call GlideException#logRootCauses(String) for more detail
08-04 19:30:35.756 14460 14460 W Glide   :   Cause (1 of 1): class com.bumptech.glide.load.engine.GlideException: Fetching data failed, class java.io.InputStream, REMOTE
08-04 19:30:35.756 14460 14460 W Glide   : There was 1 cause:
08-04 19:30:35.756 14460 14460 W Glide   : com.bumptech.glide.load.HttpException()
08-04 19:30:35.756 14460 14460 W Glide   :  call GlideException#logRootCauses(String) for more detail
08-04 19:30:35.756 14460 14460 W Glide   :     Cause (1 of 1): class com.bumptech.glide.load.HttpException: 
08-04 19:30:35.757 14460 14460 I Glide   : Root cause (1 of 1)
08-04 19:30:35.757 14460 14460 I Glide   : com.bumptech.glide.load.HttpException: 
08-04 19:30:35.757 14460 14460 I Glide   : 	at com.bumptech.glide.integration.okhttp3.OkHttpStreamFetcher.onResponse(OkHttpStreamFetcher.java:73)
08-04 19:30:35.757 14460 14460 I Glide   : 	at okhttp3.RealCall$AsyncCall.execute(RealCall.java:174)
08-04 19:30:35.757 14460 14460 I Glide   : 	at okhttp3.internal.NamedRunnable.run(NamedRunnable.java:32)
08-04 19:30:35.757 14460 14460 I Glide   : 	at java.util.concurrent.ThreadPoolExecutor.runWorker(ThreadPoolExecutor.java:1113)
08-04 19:30:35.757 14460 14460 I Glide   : 	at java.util.concurrent.ThreadPoolExecutor$Worker.run(ThreadPoolExecutor.java:588)
08-04 19:30:35.757 14460 14460 I Glide   : 	at java.lang.Thread.run(Thread.java:818)
08-04 19:30:35.774 14460 14910 I art     : Explicit concurrent mark sweep GC freed 343(43KB) AllocSpace objects, 0(0B) LOS objects, 23% free, 51MB/67MB, paused 1.485ms total 41.660ms
08-04 19:30:35.806 14460 14460 D PlaybackController: Releasing PlaybackController
08-04 19:30:35.879   512  2967 D audio_hw_primary: disable_audio_route: reset and update mixer path: low-latency-playback speaker
08-04 19:30:35.880   512  2967 D audio_hw_primary: disable_snd_device: snd_device(2: speaker)
08-04 19:30:35.888   512  2967 I soundtrigger: audio_extn_sound_trigger_update_device_status: device 0x2 of type 0 for Event 0
08-04 19:30:36.137 14460 14471 I art     : Starting a blocking GC Explicit
08-04 19:30:36.198 14460 14471 I art     : Explicit concurrent mark sweep GC freed 1825(103KB) AllocSpace objects, 2(132KB) LOS objects, 23% free, 50MB/66MB, paused 1.762ms total 60.321ms
08-04 19:30:36.213 14460 14471 I art     : Starting a blocking GC Explicit
08-04 19:30:36.259 14460 14471 I art     : Explicit concurrent mark sweep GC freed 50(1648B) AllocSpace objects, 0(0B) LOS objects, 23% free, 50MB/66MB, paused 1.645ms total 45.804ms
08-04 19:30:36.273 14460 14471 I art     : Starting a blocking GC Explicit
08-04 19:30:36.318 14460 14471 I art     : Explicit concurrent mark sweep GC freed 3(96B) AllocSpace objects, 0(0B) LOS objects, 23% free, 50MB/66MB, paused 1.577ms total 44.875ms
08-04 19:30:36.332 14460 14471 I art     : Starting a blocking GC Explicit
08-04 19:30:36.376 14460 14471 I art     : Explicit concurrent mark sweep GC freed 3(96B) AllocSpace objects, 0(0B) LOS objects, 23% free, 50MB/66MB, paused 1.568ms total 43.773ms
08-04 19:30:36.390 14460 14471 I art     : Starting a blocking GC Explicit
08-04 19:30:36.435 14460 14471 I art     : Explicit concurrent mark sweep GC freed 3(96B) AllocSpace objects, 0(0B) LOS objects, 23% free, 50MB/66MB, paused 1.521ms total 44.807ms
08-04 19:30:36.812 14460 14491 I art     : Starting a blocking GC Explicit
08-04 19:30:36.871 14460 14491 I art     : Explicit concurrent mark sweep GC freed 1410(81KB) AllocSpace objects, 1(20KB) LOS objects, 23% free, 50MB/66MB, paused 1.848ms total 58.586ms
08-04 19:30:36.888 14460 14491 I art     : Starting a blocking GC Explicit
08-04 19:30:36.936 14460 14491 I art     : Explicit concurrent mark sweep GC freed 23(752B) AllocSpace objects, 0(0B) LOS objects, 23% free, 50MB/66MB, paused 1.606ms total 48.104ms
08-04 19:30:36.950 14460 14491 I art     : Starting a blocking GC Explicit
08-04 19:30:37.001 14460 14491 I art     : Explicit concurrent mark sweep GC freed 3(96B) AllocSpace objects, 0(0B) LOS objects, 23% free, 50MB/66MB, paused 1.754ms total 50.891ms
08-04 19:30:37.020 14460 14491 I art     : Starting a blocking GC Explicit
08-04 19:30:37.067 14460 14491 I art     : Explicit concurrent mark sweep GC freed 3(96B) AllocSpace objects, 0(0B) LOS objects, 23% free, 50MB/66MB, paused 1.716ms total 46.354ms
08-04 19:30:37.081 14460 14491 I art     : Starting a blocking GC Explicit
08-04 19:30:37.131 14460 14491 I art     : Explicit concurrent mark sweep GC freed 3(96B) AllocSpace objects, 0(0B) LOS objects, 23% free, 50MB/66MB, paused 1.641ms total 49.531ms
08-04 19:30:37.531 14460 14910 I art     : Starting a blocking GC Explicit
08-04 19:30:37.582 14460 14910 I art     : Explicit concurrent mark sweep GC freed 1411(82KB) AllocSpace objects, 1(20KB) LOS objects, 23% free, 50MB/66MB, paused 1.676ms total 50.629ms
08-04 19:30:37.598 14460 14910 I art     : Starting a blocking GC Explicit
08-04 19:30:37.647 14460 14910 I art     : Explicit concurrent mark sweep GC freed 23(752B) AllocSpace objects, 0(0B) LOS objects, 23% free, 50MB/66MB, paused 1.533ms total 48.699ms
08-04 19:30:37.660 14460 14910 I art     : Starting a blocking GC Explicit
08-04 19:30:37.712 14460 14910 I art     : Explicit concurrent mark sweep GC freed 3(96B) AllocSpace objects, 0(0B) LOS objects, 23% free, 50MB/66MB, paused 1.780ms total 50.898ms
08-04 19:30:37.730 14460 14910 I art     : Starting a blocking GC Explicit
08-04 19:30:37.780 14460 14910 I art     : Explicit concurrent mark sweep GC freed 32(880B) AllocSpace objects, 0(0B) LOS objects, 23% free, 50MB/66MB, paused 1.621ms total 49.219ms
08-04 19:30:37.797 14460 14910 I art     : Starting a blocking GC Explicit
08-04 19:30:37.845 14460 14910 I art     : Explicit concurrent mark sweep GC freed 3(96B) AllocSpace objects, 0(0B) LOS objects, 23% free, 50MB/66MB, paused 1.627ms total 48.231ms
08-04 19:30:38.221 14460 14471 I art     : Starting a blocking GC Explicit
08-04 19:30:38.260 14460 14471 I art     : Explicit concurrent mark sweep GC freed 1381(81KB) AllocSpace objects, 1(20KB) LOS objects, 23% free, 50MB/66MB, paused 1.413ms total 38.598ms
08-04 19:30:38.272 14460 14471 I art     : Starting a blocking GC Explicit
08-04 19:30:38.310 14460 14471 I art     : Explicit concurrent mark sweep GC freed 23(752B) AllocSpace objects, 0(0B) LOS objects, 23% free, 50MB/66MB, paused 1.416ms total 37.633ms
08-04 19:30:38.322 14460 14471 I art     : Starting a blocking GC Explicit
08-04 19:30:38.361 14460 14471 I art     : Explicit concurrent mark sweep GC freed 3(96B) AllocSpace objects, 0(0B) LOS objects, 23% free, 50MB/66MB, paused 1.520ms total 39.592ms
08-04 19:30:38.374 14460 14471 I art     : Starting a blocking GC Explicit
08-04 19:30:38.418 14460 14471 I art     : Explicit concurrent mark sweep GC freed 3(96B) AllocSpace objects, 0(0B) LOS objects, 23% free, 50MB/66MB, paused 1.756ms total 43.419ms
08-04 19:30:38.431 14460 14471 I art     : Starting a blocking GC Explicit
08-04 19:30:38.480 14460 14471 I art     : Explicit concurrent mark sweep GC freed 17(544B) AllocSpace objects, 0(0B) LOS objects, 23% free, 50MB/66MB, paused 1.507ms total 49.240ms
08-04 19:30:38.869 14460 14491 I art     : Starting a blocking GC Explicit
08-04 19:30:38.923 14460 14491 I art     : Explicit concurrent mark sweep GC freed 1410(81KB) AllocSpace objects, 1(20KB) LOS objects, 23% free, 50MB/66MB, paused 1.791ms total 52.954ms
08-04 19:30:38.937 14460 14491 I art     : Starting a blocking GC Explicit
08-04 19:30:38.987 14460 14491 I art     : Explicit concurrent mark sweep GC freed 23(752B) AllocSpace objects, 0(0B) LOS objects, 23% free, 50MB/66MB, paused 1.533ms total 49.682ms
08-04 19:30:39.000 14460 14491 I art     : Starting a blocking GC Explicit
08-04 19:30:39.049 14460 14491 I art     : Explicit concurrent mark sweep GC freed 3(96B) AllocSpace objects, 0(0B) LOS objects, 23% free, 50MB/66MB, paused 1.594ms total 48.317ms
08-04 19:30:39.063 14460 14491 I art     : Starting a blocking GC Explicit
08-04 19:30:39.113 14460 14491 I art     : Explicit concurrent mark sweep GC freed 3(96B) AllocSpace objects, 0(0B) LOS objects, 23% free, 50MB/66MB, paused 1.560ms total 49.897ms
08-04 19:30:39.127 14460 14491 I art     : Starting a blocking GC Explicit
08-04 19:30:39.174 14460 14491 I art     : Explicit concurrent mark sweep GC freed 3(96B) AllocSpace objects, 0(0B) LOS objects, 23% free, 50MB/66MB, paused 1.622ms total 47.246ms
08-04 19:30:39.560 14460 14910 I art     : Starting a blocking GC Explicit
08-04 19:30:39.606 14460 14910 I art     : Explicit concurrent mark sweep GC freed 1383(84KB) AllocSpace objects, 1(20KB) LOS objects, 23% free, 50MB/66MB, paused 1.554ms total 45.144ms
08-04 19:30:39.619 14460 14910 I art     : Starting a blocking GC Explicit
08-04 19:30:39.665 14460 14910 I art     : Explicit concurrent mark sweep GC freed 23(752B) AllocSpace objects, 0(0B) LOS objects, 23% free, 50MB/66MB, paused 1.628ms total 45.407ms
08-04 19:30:39.678 14460 14910 I art     : Starting a blocking GC Explicit
08-04 19:30:39.725 14460 14910 I art     : Explicit concurrent mark sweep GC freed 3(96B) AllocSpace objects, 0(0B) LOS objects, 23% free, 50MB/66MB, paused 1.536ms total 46.681ms
08-04 19:30:39.738 14460 14910 I art     : Starting a blocking GC Explicit
08-04 19:30:39.785 14460 14910 I art     : Explicit concurrent mark sweep GC freed 32(880B) AllocSpace objects, 0(0B) LOS objects, 23% free, 50MB/66MB, paused 1.665ms total 46.630ms
08-04 19:30:39.799 14460 14910 I art     : Starting a blocking GC Explicit
08-04 19:30:39.847 14460 14910 I art     : Explicit concurrent mark sweep GC freed 3(96B) AllocSpace objects, 0(0B) LOS objects, 23% free, 50MB/66MB, paused 1.699ms total 47.653ms
08-04 19:30:40.057 17616 17616 D AndroidRuntime: >>>>>> START com.android.internal.os.RuntimeInit uid 2000 <<<<<<
08-04 19:30:40.064 17616 17616 D AndroidRuntime: CheckJNI is OFF
08-04 19:30:40.107 17616 17616 D ICU     : No timezone override file found: /data/misc/zoneinfo/current/icu/icu_tzdata.dat
08-04 19:30:40.149 17616 17616 I Radio-JNI: register_android_hardware_Radio DONE
08-04 19:30:40.179 17616 17616 D AndroidRuntime: Calling main entry com.android.commands.input.Input
08-04 19:30:40.181 17616 17616 I Input   : injectKeyEvent: KeyEvent { action=ACTION_DOWN, keyCode=KEYCODE_BACK, scanCode=0, metaState=0, flags=0x0, repeatCount=0, eventTime=732656594, downTime=732656594, deviceId=-1, source=0x101 }
08-04 19:30:40.186 17616 17616 I Input   : injectKeyEvent: KeyEvent { action=ACTION_UP, keyCode=KEYCODE_BACK, scanCode=0, metaState=0, flags=0x0, repeatCount=0, eventTime=732656594, downTime=732656594, deviceId=-1, source=0x101 }
08-04 19:30:40.191 17616 17616 D AndroidRuntime: Shutting down VM
08-04 19:30:40.197 14460 14460 V PlaybackController: initServiceNotRunning()
08-04 19:30:40.197 14460 14460 D ExternalPlayerFragment: Loading media info
08-04 19:30:40.200 14460 15388 D ApOkHttpUrlLoader: buildLoadData() called with: model = [http://sixgun.org/files/linuxoutlaws.jpg], width = [224], height = [224]
08-04 19:30:40.202 14460 15205 D DBReader: getImageAuthentication() called with: imageUrl = [http://sixgun.org/files/linuxoutlaws.jpg]
08-04 19:30:40.203 14460 14460 D UserPreferences: Using default data folder
08-04 19:30:40.204 14460 14996 D DBReader: getNavDrawerData() called with: 
08-04 19:30:40.207 14460 15205 D ApOkHttpUrlLoader: no credentials for 'http://sixgun.org/files/linuxoutlaws.jpg'
08-04 19:30:40.230 14460 14996 D DBReader: getDownloadedItems() called
08-04 19:30:40.231 14460 14996 D DBReader: getFavoriteIDList() called
08-04 19:30:40.232 14460 14996 D DBReader: getQueueIDList() called
08-04 19:30:40.233 14460 14996 D DBReader: Extracting Feedlist
08-04 19:30:40.238 13866 13866 I GoogleInputMethodServic: GoogleInputMethodService.onFinishInput():3138 
08-04 19:30:40.238 13866 13866 I GoogleInputMethodServic: GoogleInputMethodService.onStartInput():1808 
08-04 19:30:40.257 14460 14460 D MainActivity: getLastNavFragment() -> AddFeedFragment
08-04 19:30:40.258 14460 16273 I art     : Starting a blocking GC Explicit
08-04 19:30:40.276 14460 15205 D DBWriter: updateFeedDownloadURL(original: http://sixgun.org/files/linuxoutlaws.jpg, updated: https://fab.industries/sixgun/files/linuxoutlaws.jpg)
08-04 19:30:40.301 14460 16273 I art     : Explicit concurrent mark sweep GC freed 3094(184KB) AllocSpace objects, 1(20KB) LOS objects, 23% free, 51MB/67MB, paused 1.743ms total 42.890ms
08-04 19:30:40.313 14460 16273 I art     : Starting a blocking GC Explicit
08-04 19:30:40.353 14460 16273 I art     : Explicit concurrent mark sweep GC freed 505(27KB) AllocSpace objects, 0(0B) LOS objects, 23% free, 50MB/66MB, paused 1.543ms total 39.707ms
08-04 19:30:40.366 14460 16273 I art     : Starting a blocking GC Explicit
08-04 19:30:40.411 14460 15205 D MYTAG   : interceptor 2a
08-04 19:30:40.411 14460 15205 I NAPPA_EXPERIMENTATION: MetricNetworkRequestExecutionTime: REQUEST_DURATION_SYSTEM='204',REQUEST_DURATION_OKHTTP='130',REQUEST_SYNCHRONOUS='TRUE',RESPONSE_CODE='404',RESPONSE_METHOD='GET',RESPONSE_LENGTH_OKHTTP='-1',RESPONSE_LENGTH_HEADER='1503',REQUEST_PROTOCOL='h2',REQUEST_URL='https://fab.industries/sixgun/files/linuxoutlaws.jpg',
08-04 19:30:40.413 14460 14460 W Glide   : Load failed for http://sixgun.org/files/linuxoutlaws.jpg with size [224x224]
08-04 19:30:40.413 14460 14460 W Glide   : class com.bumptech.glide.load.engine.GlideException: Failed to load resource
08-04 19:30:40.413 14460 14460 W Glide   : There was 1 cause:
08-04 19:30:40.413 14460 14460 W Glide   : com.bumptech.glide.load.HttpException()
08-04 19:30:40.413 14460 14460 W Glide   :  call GlideException#logRootCauses(String) for more detail
08-04 19:30:40.413 14460 14460 W Glide   :   Cause (1 of 1): class com.bumptech.glide.load.engine.GlideException: Fetching data failed, class java.io.InputStream, REMOTE
08-04 19:30:40.413 14460 14460 W Glide   : There was 1 cause:
08-04 19:30:40.413 14460 14460 W Glide   : com.bumptech.glide.load.HttpException()
08-04 19:30:40.413 14460 14460 W Glide   :  call GlideException#logRootCauses(String) for more detail
08-04 19:30:40.413 14460 14460 W Glide   :     Cause (1 of 1): class com.bumptech.glide.load.HttpException: 
08-04 19:30:40.413 14460 14460 I Glide   : Root cause (1 of 1)
08-04 19:30:40.413 14460 14460 I Glide   : com.bumptech.glide.load.HttpException: 
08-04 19:30:40.413 14460 14460 I Glide   : 	at com.bumptech.glide.integration.okhttp3.OkHttpStreamFetcher.onResponse(OkHttpStreamFetcher.java:73)
08-04 19:30:40.413 14460 14460 I Glide   : 	at okhttp3.RealCall$AsyncCall.execute(RealCall.java:174)
08-04 19:30:40.413 14460 14460 I Glide   : 	at okhttp3.internal.NamedRunnable.run(NamedRunnable.java:32)
08-04 19:30:40.413 14460 14460 I Glide   : 	at java.util.concurrent.ThreadPoolExecutor.runWorker(ThreadPoolExecutor.java:1113)
08-04 19:30:40.413 14460 14460 I Glide   : 	at java.util.concurrent.ThreadPoolExecutor$Worker.run(ThreadPoolExecutor.java:588)
08-04 19:30:40.413 14460 14460 I Glide   : 	at java.lang.Thread.run(Thread.java:818)
08-04 19:30:40.417 14460 16273 I art     : Explicit concurrent mark sweep GC freed 243(39KB) AllocSpace objects, 0(0B) LOS objects, 23% free, 50MB/66MB, paused 1.941ms total 51.287ms
08-04 19:30:40.418 14460 14460 W Glide   : Load failed for http://sixgun.org/files/linuxoutlaws.jpg with size [224x224]
08-04 19:30:40.418 14460 14460 W Glide   : class com.bumptech.glide.load.engine.GlideException: Failed to load resource
08-04 19:30:40.418 14460 14460 W Glide   : There was 1 cause:
08-04 19:30:40.418 14460 14460 W Glide   : com.bumptech.glide.load.HttpException()
08-04 19:30:40.418 14460 14460 W Glide   :  call GlideException#logRootCauses(String) for more detail
08-04 19:30:40.418 14460 14460 W Glide   :   Cause (1 of 1): class com.bumptech.glide.load.engine.GlideException: Fetching data failed, class java.io.InputStream, REMOTE
08-04 19:30:40.418 14460 14460 W Glide   : There was 1 cause:
08-04 19:30:40.418 14460 14460 W Glide   : com.bumptech.glide.load.HttpException()
08-04 19:30:40.418 14460 14460 W Glide   :  call GlideException#logRootCauses(String) for more detail
08-04 19:30:40.418 14460 14460 W Glide   :     Cause (1 of 1): class com.bumptech.glide.load.HttpException: 
08-04 19:30:40.418 14460 14460 I Glide   : Root cause (1 of 1)
08-04 19:30:40.418 14460 14460 I Glide   : com.bumptech.glide.load.HttpException: 
08-04 19:30:40.418 14460 14460 I Glide   : 	at com.bumptech.glide.integration.okhttp3.OkHttpStreamFetcher.onResponse(OkHttpStreamFetcher.java:73)
08-04 19:30:40.418 14460 14460 I Glide   : 	at okhttp3.RealCall$AsyncCall.execute(RealCall.java:174)
08-04 19:30:40.418 14460 14460 I Glide   : 	at okhttp3.internal.NamedRunnable.run(NamedRunnable.java:32)
08-04 19:30:40.418 14460 14460 I Glide   : 	at java.util.concurrent.ThreadPoolExecutor.runWorker(ThreadPoolExecutor.java:1113)
08-04 19:30:40.418 14460 14460 I Glide   : 	at java.util.concurrent.ThreadPoolExecutor$Worker.run(ThreadPoolExecutor.java:588)
08-04 19:30:40.418 14460 14460 I Glide   : 	at java.lang.Thread.run(Thread.java:818)
08-04 19:30:40.434 14460 16273 I art     : Starting a blocking GC Explicit
08-04 19:30:40.486 14460 16273 I art     : Explicit concurrent mark sweep GC freed 343(36KB) AllocSpace objects, 0(0B) LOS objects, 23% free, 50MB/66MB, paused 1.426ms total 51.440ms
08-04 19:30:40.503 14460 16273 I art     : Starting a blocking GC Explicit
08-04 19:30:40.551   380   380 W SurfaceFlinger: couldn't log to binary event log: overflow.
08-04 19:30:40.552 14460 16273 I art     : Explicit concurrent mark sweep GC freed 14(576B) AllocSpace objects, 0(0B) LOS objects, 23% free, 50MB/66MB, paused 1.559ms total 47.939ms
08-04 19:30:40.909 14460 14472 I art     : Starting a blocking GC Explicit
08-04 19:30:40.966 14460 14472 I art     : Explicit concurrent mark sweep GC freed 1996(108KB) AllocSpace objects, 1(20KB) LOS objects, 23% free, 50MB/66MB, paused 1.706ms total 56.686ms
08-04 19:30:40.984 14460 14472 I art     : Starting a blocking GC Explicit
08-04 19:30:41.032 14460 14472 I art     : Explicit concurrent mark sweep GC freed 2876(236KB) AllocSpace objects, 1(28KB) LOS objects, 23% free, 50MB/66MB, paused 1.832ms total 47.675ms
08-04 19:30:41.045 14460 14472 I art     : Starting a blocking GC Explicit
08-04 19:30:41.090 14460 14472 I art     : Explicit concurrent mark sweep GC freed 3(96B) AllocSpace objects, 0(0B) LOS objects, 23% free, 50MB/66MB, paused 1.691ms total 44.004ms
08-04 19:30:41.106 14460 14472 I art     : Starting a blocking GC Explicit
08-04 19:30:41.151 14460 14472 I art     : Explicit concurrent mark sweep GC freed 3(96B) AllocSpace objects, 0(0B) LOS objects, 23% free, 50MB/66MB, paused 1.595ms total 45.287ms
08-04 19:30:41.165 14460 14472 I art     : Starting a blocking GC Explicit
08-04 19:30:41.208 14460 14472 I art     : Explicit concurrent mark sweep GC freed 3(96B) AllocSpace objects, 0(0B) LOS objects, 23% free, 50MB/66MB, paused 1.681ms total 43.117ms
08-04 19:30:41.563 14460 14910 I art     : Starting a blocking GC Explicit
08-04 19:30:41.615 14460 14910 I art     : Explicit concurrent mark sweep GC freed 1383(81KB) AllocSpace objects, 1(20KB) LOS objects, 23% free, 50MB/66MB, paused 1.760ms total 51.790ms
08-04 19:30:41.630 14460 14910 I art     : Starting a blocking GC Explicit
08-04 19:30:41.674 14460 14910 I art     : Explicit concurrent mark sweep GC freed 23(752B) AllocSpace objects, 0(0B) LOS objects, 23% free, 50MB/66MB, paused 1.630ms total 43.069ms
08-04 19:30:41.687 14460 14910 I art     : Starting a blocking GC Explicit
08-04 19:30:41.729 14460 14910 I art     : Explicit concurrent mark sweep GC freed 3(96B) AllocSpace objects, 0(0B) LOS objects, 23% free, 50MB/66MB, paused 1.623ms total 42.135ms
08-04 19:30:41.742 14460 14910 I art     : Starting a blocking GC Explicit
08-04 19:30:41.784 14460 14910 I art     : Explicit concurrent mark sweep GC freed 32(880B) AllocSpace objects, 0(0B) LOS objects, 23% free, 50MB/66MB, paused 1.584ms total 41.753ms
08-04 19:30:41.797 14460 14910 I art     : Starting a blocking GC Explicit
08-04 19:30:41.841 14460 14910 I art     : Explicit concurrent mark sweep GC freed 8(256B) AllocSpace objects, 0(0B) LOS objects, 23% free, 50MB/66MB, paused 2.192ms total 43.985ms
08-04 19:30:41.986 17658 17658 D AndroidRuntime: >>>>>> START com.android.internal.os.RuntimeInit uid 2000 <<<<<<
08-04 19:30:41.992 17658 17658 D AndroidRuntime: CheckJNI is OFF
08-04 19:30:42.033 17658 17658 D ICU     : No timezone override file found: /data/misc/zoneinfo/current/icu/icu_tzdata.dat
08-04 19:30:42.075 17658 17658 I Radio-JNI: register_android_hardware_Radio DONE
08-04 19:30:42.103 17658 17658 D AndroidRuntime: Calling main entry com.android.commands.input.Input
08-04 19:30:42.104 17658 17658 I Input   : injectMotionEvent: MotionEvent { action=ACTION_DOWN, actionButton=0, id[0]=0, x[0]=526.0, y[0]=597.0, toolType[0]=TOOL_TYPE_UNKNOWN, buttonState=0, metaState=0, flags=0x0, edgeFlags=0x0, pointerCount=1, historySize=0, eventTime=732658517, downTime=732658517, deviceId=0, source=0x1002 }
08-04 19:30:42.108 17658 17658 I Input   : injectMotionEvent: MotionEvent { action=ACTION_UP, actionButton=0, id[0]=0, x[0]=526.0, y[0]=597.0, toolType[0]=TOOL_TYPE_UNKNOWN, buttonState=0, metaState=0, flags=0x0, edgeFlags=0x0, pointerCount=1, historySize=0, eventTime=732658517, downTime=732658517, deviceId=0, source=0x1002 }
08-04 19:30:42.110 17658 17658 D AndroidRuntime: Shutting down VM
08-04 19:30:42.175 14460 14460 D PodcastListFragment: Selected podcast: GpodnetPodcast [url=http://feeds.feedburner.com/linuxoutlaws, title=Linux Outlaws, description=Two pragmatic geeks talk about the latest news concerning Linux, free and open
08-04 19:30:42.175 14460 14460 D PodcastListFragment: technology or anything else they deem noteworthy which may include such absurd
08-04 19:30:42.175 14460 14460 D PodcastListFragment: things as hockey or bands you never heard of. This means there's many a joke
08-04 19:30:42.175 14460 14460 D PodcastListFragment: and derailed conversation along the way, so don't come here expecting only
08-04 19:30:42.175 14460 14460 D PodcastListFragment: Linux or software freedom talk  just sit back and relax, partner., subscribers=3321, logoUrl=http://sixgun.org/files/linuxoutlaws.jpg, website=http://sixgun.org, mygpoLink=http://gpodder.net/podcast/linux-outlaws-mp3]
08-04 19:30:42.176   918  3670 I ActivityManager: START u0 {cmp=baseline.de.danoeh.antennapod.debug/baseline.de.danoeh.antennapod.activity.OnlineFeedViewActivity (has extras)} from uid 10670 on display 0
08-04 19:30:42.176   512  2967 D audio_hw_primary: out_set_parameters: enter: usecase(1: low-latency-playback) kvpairs: routing=2
08-04 19:30:42.189   512  2967 D audio_hw_primary: select_devices: out_snd_device(2: speaker) in_snd_device(0: none)
08-04 19:30:42.190   512  2967 D msm8974_platform: platform_send_audio_calibration: sending audio calibration for snd_device(2) acdb_id(15)
08-04 19:30:42.190   512  2967 I soundtrigger: audio_extn_sound_trigger_update_device_status: device 0x2 of type 0 for Event 1
08-04 19:30:42.206   512  2967 D audio_hw_primary: enable_snd_device: snd_device(2: speaker)
08-04 19:30:42.209   512  2967 D audio_hw_primary: enable_audio_route: apply and update mixer path: low-latency-playback speaker
08-04 19:30:42.217 14460 14471 I art     : Starting a blocking GC Explicit
08-04 19:30:42.224 14460 14460 D UserPreferences: Using default data folder
08-04 19:30:42.225 14460 14460 D OnlineFeedViewActivity: Activity was started with url http://feeds.feedburner.com/linuxoutlaws
08-04 19:30:42.236 14460 14460 D OnlineFeedViewActivity: Starting feed download
08-04 19:30:42.238 14460 14480 D DBReader: Extracting Feedlist
08-04 19:30:42.241   918   928 D WifiService: acquireWifiLockLocked: WifiLock{Downloader type=1 binder=android.os.BinderProxy@ba4509a}
08-04 19:30:42.242 14460 14480 D AntennapodHttpClient: Creating new instance of HTTP client
08-04 19:30:42.265 14460 14471 I art     : Explicit concurrent mark sweep GC freed 2700(179KB) AllocSpace objects, 1(20KB) LOS objects, 23% free, 50MB/66MB, paused 1.641ms total 47.869ms
08-04 19:30:42.277 14460 14471 I art     : Starting a blocking GC Explicit
08-04 19:30:42.308 13866 13866 I GoogleInputMethodServic: GoogleInputMethodService.onFinishInput():3138 
08-04 19:30:42.308 13866 13866 I GoogleInputMethodServic: GoogleInputMethodService.onStartInput():1808 
08-04 19:30:42.317 14460 14471 I art     : Explicit concurrent mark sweep GC freed 392(16KB) AllocSpace objects, 0(0B) LOS objects, 23% free, 50MB/66MB, paused 1.671ms total 39.864ms
08-04 19:30:42.330 14460 14471 I art     : Starting a blocking GC Explicit
08-04 19:30:42.332 14460 14480 D MYTAG   : interceptor 3a http://feeds.feedburner.com/linuxoutlaws
08-04 19:30:42.332 14460 14480 I NAPPA_EXPERIMENTATION: MetricNetworkRequestExecutionTime: REQUEST_DURATION_SYSTEM='89',REQUEST_DURATION_OKHTTP='33',REQUEST_SYNCHRONOUS='TRUE',RESPONSE_CODE='200',RESPONSE_METHOD='GET',RESPONSE_LENGTH_OKHTTP='-1',RESPONSE_LENGTH_HEADER='-2',REQUEST_PROTOCOL='http/1.1',REQUEST_URL='http://feeds.feedburner.com/linuxoutlaws',
08-04 19:30:42.332 14460 14480 D HttpDownloader: Response code is 200
08-04 19:30:42.332 14460 14480 D UserPreferences: Using default data folder
08-04 19:30:42.334 14460 14480 D HttpDownloader: Getting size of download
08-04 19:30:42.334 14460 14480 D HttpDownloader: Size is -1
08-04 19:30:42.334 14460 14480 D UserPreferences: Using default data folder
08-04 19:30:42.334 14460 14480 D HttpDownloader: Free space is 20229222400
08-04 19:30:42.335 14460 14480 D HttpDownloader: Starting download
08-04 19:30:42.342 14460 14480 D HttpDownloader: Download was successful
08-04 19:30:42.342   918  3961 D WifiService: releaseWifiLockLocked: WifiLock{Downloader type=1 binder=android.os.BinderProxy@ba4509a}
08-04 19:30:42.346   918   936 I ActivityManager: Displayed baseline.de.danoeh.antennapod.debug/baseline.de.danoeh.antennapod.activity.OnlineFeedViewActivity: +152ms
08-04 19:30:42.356 14460 14460 D OnlineFeedViewActivity: Parsing feed
08-04 19:30:42.361 14460 17685 D TypeGetter: Recognized type RSS 2.0
08-04 19:30:42.362 14460 17685 D SyndHandler: Recognized Content namespace
08-04 19:30:42.363 14460 17685 D SyndHandler: Recognized DublinCore namespace
08-04 19:30:42.363 14460 17685 D SyndHandler: Recognized Atom namespace
08-04 19:30:42.363 14460 17685 D SyndHandler: Recognized ITunes namespace
08-04 19:30:42.363 14460 17685 D SyndHandler: Recognized media namespace
08-04 19:30:42.373 14460 14471 I art     : Explicit concurrent mark sweep GC freed 811(184KB) AllocSpace objects, 3(60KB) LOS objects, 23% free, 51MB/67MB, paused 1.936ms total 43.147ms
08-04 19:30:42.378 14460 14481 D OpenGLRenderer: endAllStagingAnimators on 0x7f7c59bc00 (GridView) with handle 0x7f712ae360
08-04 19:30:42.386 14460 14471 I art     : Starting a blocking GC Explicit
08-04 19:30:42.411 14460 17685 D OnlineFeedViewActivity: Deleted feed source file. Result: true
08-04 19:30:42.412 14460 14460 D OnlineFeedViewActivity: Removing HTML from shownotes
08-04 19:30:42.431 14460 14471 I art     : Explicit concurrent mark sweep GC freed 3774(483KB) AllocSpace objects, 11(748KB) LOS objects, 23% free, 51MB/67MB, paused 2.129ms total 44.478ms
08-04 19:30:42.438 14460 15388 D ApOkHttpUrlLoader: buildLoadData() called with: model = [http://sixgun.org/files/linuxoutlaws.jpg], width = [350], height = [350]
08-04 19:30:42.439 14460 15205 D DBReader: getImageAuthentication() called with: imageUrl = [http://sixgun.org/files/linuxoutlaws.jpg]
08-04 19:30:42.442 14460 15205 D ApOkHttpUrlLoader: no credentials for 'http://sixgun.org/files/linuxoutlaws.jpg'
08-04 19:30:42.444 14460 14471 I art     : Starting a blocking GC Explicit
08-04 19:30:42.485 14460 14471 I art     : Explicit concurrent mark sweep GC freed 1614(103KB) AllocSpace objects, 0(0B) LOS objects, 23% free, 51MB/67MB, paused 1.590ms total 40.870ms
08-04 19:30:42.529 14460 15205 D DBWriter: updateFeedDownloadURL(original: http://sixgun.org/files/linuxoutlaws.jpg, updated: https://fab.industries/sixgun/files/linuxoutlaws.jpg)
08-04 19:30:42.604   380   380 W SurfaceFlinger: couldn't log to binary event log: overflow.
08-04 19:30:42.662 14460 15205 D MYTAG   : interceptor 2a
08-04 19:30:42.662 14460 15205 I NAPPA_EXPERIMENTATION: MetricNetworkRequestExecutionTime: REQUEST_DURATION_SYSTEM='220',REQUEST_DURATION_OKHTTP='131',REQUEST_SYNCHRONOUS='TRUE',RESPONSE_CODE='404',RESPONSE_METHOD='GET',RESPONSE_LENGTH_OKHTTP='-1',RESPONSE_LENGTH_HEADER='1503',REQUEST_PROTOCOL='h2',REQUEST_URL='https://fab.industries/sixgun/files/linuxoutlaws.jpg',
08-04 19:30:42.663 14460 14460 W Glide   : Load failed for http://sixgun.org/files/linuxoutlaws.jpg with size [350x350]
08-04 19:30:42.663 14460 14460 W Glide   : class com.bumptech.glide.load.engine.GlideException: Failed to load resource
08-04 19:30:42.663 14460 14460 W Glide   : There was 1 cause:
08-04 19:30:42.663 14460 14460 W Glide   : com.bumptech.glide.load.HttpException()
08-04 19:30:42.663 14460 14460 W Glide   :  call GlideException#logRootCauses(String) for more detail
08-04 19:30:42.663 14460 14460 W Glide   :   Cause (1 of 1): class com.bumptech.glide.load.engine.GlideException: Fetching data failed, class java.io.InputStream, REMOTE
08-04 19:30:42.663 14460 14460 W Glide   : There was 1 cause:
08-04 19:30:42.663 14460 14460 W Glide   : com.bumptech.glide.load.HttpException()
08-04 19:30:42.663 14460 14460 W Glide   :  call GlideException#logRootCauses(String) for more detail
08-04 19:30:42.663 14460 14460 W Glide   :     Cause (1 of 1): class com.bumptech.glide.load.HttpException: 
08-04 19:30:42.664 14460 14460 I Glide   : Root cause (1 of 1)
08-04 19:30:42.664 14460 14460 I Glide   : com.bumptech.glide.load.HttpException: 
08-04 19:30:42.664 14460 14460 I Glide   : 	at com.bumptech.glide.integration.okhttp3.OkHttpStreamFetcher.onResponse(OkHttpStreamFetcher.java:73)
08-04 19:30:42.664 14460 14460 I Glide   : 	at okhttp3.RealCall$AsyncCall.execute(RealCall.java:174)
08-04 19:30:42.664 14460 14460 I Glide   : 	at okhttp3.internal.NamedRunnable.run(NamedRunnable.java:32)
08-04 19:30:42.664 14460 14460 I Glide   : 	at java.util.concurrent.ThreadPoolExecutor.runWorker(ThreadPoolExecutor.java:1113)
08-04 19:30:42.664 14460 14460 I Glide   : 	at java.util.concurrent.ThreadPoolExecutor$Worker.run(ThreadPoolExecutor.java:588)
08-04 19:30:42.664 14460 14460 I Glide   : 	at java.lang.Thread.run(Thread.java:818)
08-04 19:30:42.726 14460 14460 D PlaybackController: Releasing PlaybackController
08-04 19:30:42.750   512  2967 D audio_hw_primary: disable_audio_route: reset and update mixer path: low-latency-playback speaker
08-04 19:30:42.751   512  2967 D audio_hw_primary: disable_snd_device: snd_device(2: speaker)
08-04 19:30:42.759   512  2967 I soundtrigger: audio_extn_sound_trigger_update_device_status: device 0x2 of type 0 for Event 0
08-04 19:30:42.820 14460 14491 I art     : Starting a blocking GC Explicit
08-04 19:30:42.865 14460 14491 I art     : Explicit concurrent mark sweep GC freed 2997(188KB) AllocSpace objects, 2(132KB) LOS objects, 23% free, 50MB/66MB, paused 1.498ms total 45.247ms
08-04 19:30:42.878 14460 14491 I art     : Starting a blocking GC Explicit
08-04 19:30:42.923 14460 14491 I art     : Explicit concurrent mark sweep GC freed 58(2112B) AllocSpace objects, 0(0B) LOS objects, 23% free, 50MB/66MB, paused 1.547ms total 43.918ms
08-04 19:30:42.936 14460 14491 I art     : Starting a blocking GC Explicit
08-04 19:30:42.981 14460 14491 I art     : Explicit concurrent mark sweep GC freed 3(96B) AllocSpace objects, 0(0B) LOS objects, 23% free, 50MB/66MB, paused 1.475ms total 45.522ms
08-04 19:30:42.995 14460 14491 I art     : Starting a blocking GC Explicit
08-04 19:30:43.041 14460 14491 I art     : Explicit concurrent mark sweep GC freed 3(96B) AllocSpace objects, 0(0B) LOS objects, 23% free, 50MB/66MB, paused 1.646ms total 45.927ms
08-04 19:30:43.055 14460 14491 I art     : Starting a blocking GC Explicit
08-04 19:30:43.100 14460 14491 I art     : Explicit concurrent mark sweep GC freed 3(96B) AllocSpace objects, 0(0B) LOS objects, 23% free, 50MB/66MB, paused 1.624ms total 45.375ms
08-04 19:30:43.362 16162 16162 I ServiceManager: Waiting for service AtCmdFwd...
08-04 19:30:43.460 14460 14910 I art     : Starting a blocking GC Explicit
08-04 19:30:43.516 14460 14910 I art     : Explicit concurrent mark sweep GC freed 1384(81KB) AllocSpace objects, 1(20KB) LOS objects, 23% free, 50MB/66MB, paused 1.700ms total 54.552ms
08-04 19:30:43.532 14460 14910 I art     : Starting a blocking GC Explicit
08-04 19:30:43.578 14460 14910 I art     : Explicit concurrent mark sweep GC freed 23(752B) AllocSpace objects, 0(0B) LOS objects, 23% free, 50MB/66MB, paused 1.688ms total 45.602ms
08-04 19:30:43.592 14460 14910 I art     : Starting a blocking GC Explicit
08-04 19:30:43.638 14460 14910 I art     : Explicit concurrent mark sweep GC freed 3(96B) AllocSpace objects, 0(0B) LOS objects, 23% free, 50MB/66MB, paused 1.700ms total 46.404ms
08-04 19:30:43.656 14460 14910 I art     : Starting a blocking GC Explicit
08-04 19:30:43.702 14460 14910 I art     : Explicit concurrent mark sweep GC freed 3(96B) AllocSpace objects, 0(0B) LOS objects, 23% free, 50MB/66MB, paused 1.592ms total 45.352ms
08-04 19:30:43.715 14460 14910 I art     : Starting a blocking GC Explicit
08-04 19:30:43.762 14460 14910 I art     : Explicit concurrent mark sweep GC freed 32(880B) AllocSpace objects, 0(0B) LOS objects, 23% free, 50MB/66MB, paused 1.671ms total 46.172ms
08-04 19:30:44.153 14460 14472 I art     : Starting a blocking GC Explicit
08-04 19:30:44.217 14460 14472 I art     : Explicit concurrent mark sweep GC freed 1402(81KB) AllocSpace objects, 1(20KB) LOS objects, 23% free, 50MB/66MB, paused 1.553ms total 64.077ms
08-04 19:30:44.232 14460 14472 I art     : Starting a blocking GC Explicit
08-04 19:30:44.280 14460 14472 I art     : Explicit concurrent mark sweep GC freed 29(944B) AllocSpace objects, 0(0B) LOS objects, 23% free, 50MB/66MB, paused 1.706ms total 47.312ms
08-04 19:30:44.293 14460 14472 I art     : Starting a blocking GC Explicit
08-04 19:30:44.336 14460 14472 I art     : Explicit concurrent mark sweep GC freed 4(128B) AllocSpace objects, 0(0B) LOS objects, 23% free, 50MB/66MB, paused 1.581ms total 42.701ms
08-04 19:30:44.349 14460 14472 I art     : Starting a blocking GC Explicit
08-04 19:30:44.363 16162 16162 I ServiceManager: Waiting for service AtCmdFwd...
08-04 19:30:44.397 14460 14472 I art     : Explicit concurrent mark sweep GC freed 3(96B) AllocSpace objects, 0(0B) LOS objects, 23% free, 50MB/66MB, paused 1.619ms total 48.208ms
08-04 19:30:44.411 14460 14472 I art     : Starting a blocking GC Explicit
08-04 19:30:44.460 14460 14472 I art     : Explicit concurrent mark sweep GC freed 3(96B) AllocSpace objects, 0(0B) LOS objects, 23% free, 50MB/66MB, paused 1.708ms total 48.473ms
08-04 19:30:44.853 14460 16273 I art     : Starting a blocking GC Explicit
08-04 19:30:44.912 14460 16273 I art     : Explicit concurrent mark sweep GC freed 1410(81KB) AllocSpace objects, 1(20KB) LOS objects, 23% free, 50MB/66MB, paused 1.801ms total 58.526ms
08-04 19:30:44.929 14460 16273 I art     : Starting a blocking GC Explicit
08-04 19:30:44.980 14460 16273 I art     : Explicit concurrent mark sweep GC freed 23(752B) AllocSpace objects, 0(0B) LOS objects, 23% free, 50MB/66MB, paused 1.698ms total 50.761ms
08-04 19:30:44.994 14460 16273 I art     : Starting a blocking GC Explicit
08-04 19:30:45.043 14460 16273 I art     : Explicit concurrent mark sweep GC freed 3(96B) AllocSpace objects, 0(0B) LOS objects, 23% free, 50MB/66MB, paused 1.649ms total 48.854ms
08-04 19:30:45.057 14460 16273 I art     : Starting a blocking GC Explicit
08-04 19:30:45.107 14460 16273 I art     : Explicit concurrent mark sweep GC freed 3(96B) AllocSpace objects, 0(0B) LOS objects, 23% free, 50MB/66MB, paused 1.720ms total 49.897ms
08-04 19:30:45.121 14460 16273 I art     : Starting a blocking GC Explicit
08-04 19:30:45.171 14460 16273 I art     : Explicit concurrent mark sweep GC freed 3(96B) AllocSpace objects, 0(0B) LOS objects, 23% free, 50MB/66MB, paused 1.684ms total 49.346ms
08-04 19:30:45.364 16162 16162 I ServiceManager: Waiting for service AtCmdFwd...
08-04 19:30:45.556 14460 14910 I art     : Starting a blocking GC Explicit
08-04 19:30:45.618 14460 14910 I art     : Explicit concurrent mark sweep GC freed 1381(81KB) AllocSpace objects, 1(20KB) LOS objects, 23% free, 50MB/66MB, paused 1.755ms total 61.094ms
08-04 19:30:45.635 14460 14910 I art     : Starting a blocking GC Explicit
08-04 19:30:45.685 14460 14910 I art     : Explicit concurrent mark sweep GC freed 23(752B) AllocSpace objects, 0(0B) LOS objects, 23% free, 50MB/66MB, paused 1.647ms total 49.647ms
08-04 19:30:45.699 14460 14910 I art     : Starting a blocking GC Explicit
08-04 19:30:45.749 14460 14910 I art     : Explicit concurrent mark sweep GC freed 32(880B) AllocSpace objects, 0(0B) LOS objects, 23% free, 50MB/66MB, paused 1.612ms total 49.266ms
08-04 19:30:45.762 14460 14910 I art     : Starting a blocking GC Explicit
08-04 19:30:45.810 14460 14910 I art     : Explicit concurrent mark sweep GC freed 3(96B) AllocSpace objects, 0(0B) LOS objects, 23% free, 50MB/66MB, paused 1.664ms total 46.930ms
08-04 19:30:45.823 14460 14910 I art     : Starting a blocking GC Explicit
08-04 19:30:45.874 14460 14910 I art     : Explicit concurrent mark sweep GC freed 3(96B) AllocSpace objects, 0(0B) LOS objects, 23% free, 50MB/66MB, paused 1.679ms total 49.872ms
08-04 19:30:46.265 14460 14471 I art     : Starting a blocking GC Explicit
08-04 19:30:46.328 14460 14471 I art     : Explicit concurrent mark sweep GC freed 1383(84KB) AllocSpace objects, 1(20KB) LOS objects, 23% free, 50MB/66MB, paused 1.757ms total 62.703ms
08-04 19:30:46.345 14460 14471 I art     : Starting a blocking GC Explicit
08-04 19:30:46.365 16162 16162 I ServiceManager: Waiting for service AtCmdFwd...
08-04 19:30:46.390 14460 14471 I art     : Explicit concurrent mark sweep GC freed 23(752B) AllocSpace objects, 0(0B) LOS objects, 23% free, 50MB/66MB, paused 1.476ms total 44.669ms
08-04 19:30:46.403 14460 14471 I art     : Starting a blocking GC Explicit
08-04 19:30:46.447 14460 14471 I art     : Explicit concurrent mark sweep GC freed 3(96B) AllocSpace objects, 0(0B) LOS objects, 23% free, 50MB/66MB, paused 1.614ms total 43.458ms
08-04 19:30:46.460 14460 14471 I art     : Starting a blocking GC Explicit
08-04 19:30:46.503 14460 14471 I art     : Explicit concurrent mark sweep GC freed 3(96B) AllocSpace objects, 0(0B) LOS objects, 23% free, 50MB/66MB, paused 1.617ms total 43.699ms
08-04 19:30:46.517 14460 14471 I art     : Starting a blocking GC Explicit
08-04 19:30:46.563 14460 14471 I art     : Explicit concurrent mark sweep GC freed 3(96B) AllocSpace objects, 0(0B) LOS objects, 23% free, 50MB/66MB, paused 1.641ms total 45.467ms
08-04 19:30:46.910 17747 17747 D AndroidRuntime: >>>>>> START com.android.internal.os.RuntimeInit uid 2000 <<<<<<
08-04 19:30:46.917 17747 17747 D AndroidRuntime: CheckJNI is OFF
08-04 19:30:46.934 14460 14491 I art     : Starting a blocking GC Explicit
08-04 19:30:46.965 17747 17747 D ICU     : No timezone override file found: /data/misc/zoneinfo/current/icu/icu_tzdata.dat
08-04 19:30:46.983 14460 14491 I art     : Explicit concurrent mark sweep GC freed 1410(81KB) AllocSpace objects, 1(20KB) LOS objects, 23% free, 50MB/66MB, paused 1.661ms total 48.431ms
08-04 19:30:46.996 14460 14491 I art     : Starting a blocking GC Explicit
08-04 19:30:47.013 17747 17747 I Radio-JNI: register_android_hardware_Radio DONE
08-04 19:30:47.043 14460 14491 I art     : Explicit concurrent mark sweep GC freed 23(752B) AllocSpace objects, 0(0B) LOS objects, 23% free, 50MB/66MB, paused 1.626ms total 46.366ms
08-04 19:30:47.043 17747 17747 D AndroidRuntime: Calling main entry com.android.commands.input.Input
08-04 19:30:47.045 17747 17747 I Input   : injectKeyEvent: KeyEvent { action=ACTION_DOWN, keyCode=KEYCODE_BACK, scanCode=0, metaState=0, flags=0x0, repeatCount=0, eventTime=732663458, downTime=732663458, deviceId=-1, source=0x101 }
08-04 19:30:47.052 17747 17747 I Input   : injectKeyEvent: KeyEvent { action=ACTION_UP, keyCode=KEYCODE_BACK, scanCode=0, metaState=0, flags=0x0, repeatCount=0, eventTime=732663458, downTime=732663458, deviceId=-1, source=0x101 }
08-04 19:30:47.055 14460 14491 I art     : Starting a blocking GC Explicit
08-04 19:30:47.059 17747 17747 D AndroidRuntime: Shutting down VM
08-04 19:30:47.063 14460 14460 V PlaybackController: initServiceNotRunning()
08-04 19:30:47.063 14460 14460 D ExternalPlayerFragment: Loading media info
08-04 19:30:47.066 14460 15388 D ApOkHttpUrlLoader: buildLoadData() called with: model = [http://sixgun.org/files/linuxoutlaws.jpg], width = [224], height = [224]
08-04 19:30:47.068 14460 15205 D DBReader: getImageAuthentication() called with: imageUrl = [http://sixgun.org/files/linuxoutlaws.jpg]
08-04 19:30:47.069 14460 14460 D UserPreferences: Using default data folder
08-04 19:30:47.070 14460 14480 D DBReader: getNavDrawerData() called with: 
08-04 19:30:47.071 14460 15205 D ApOkHttpUrlLoader: no credentials for 'http://sixgun.org/files/linuxoutlaws.jpg'
08-04 19:30:47.083 14460 14480 D DBReader: getDownloadedItems() called
08-04 19:30:47.085 14460 14480 D DBReader: getFavoriteIDList() called
08-04 19:30:47.086 14460 14480 D DBReader: getQueueIDList() called
08-04 19:30:47.086 14460 14480 D DBReader: Extracting Feedlist
08-04 19:30:47.098 14460 14491 I art     : Explicit concurrent mark sweep GC freed 885(64KB) AllocSpace objects, 0(0B) LOS objects, 23% free, 51MB/67MB, paused 1.771ms total 42.371ms
08-04 19:30:47.109 14460 14460 D MainActivity: getLastNavFragment() -> AddFeedFragment
08-04 19:30:47.110 13866 13866 I GoogleInputMethodServic: GoogleInputMethodService.onFinishInput():3138 
08-04 19:30:47.110 13866 13866 I GoogleInputMethodServic: GoogleInputMethodService.onStartInput():1808 
08-04 19:30:47.111 14460 14491 I art     : Starting a blocking GC Explicit
08-04 19:30:47.142 14460 15205 D DBWriter: updateFeedDownloadURL(original: http://sixgun.org/files/linuxoutlaws.jpg, updated: https://fab.industries/sixgun/files/linuxoutlaws.jpg)
08-04 19:30:47.153 14460 14491 I art     : Explicit concurrent mark sweep GC freed 1113(53KB) AllocSpace objects, 0(0B) LOS objects, 23% free, 50MB/66MB, paused 1.998ms total 41.956ms
08-04 19:30:47.166 14460 14491 I art     : Starting a blocking GC Explicit
08-04 19:30:47.205 14460 14491 I art     : Explicit concurrent mark sweep GC freed 200(12KB) AllocSpace objects, 0(0B) LOS objects, 23% free, 50MB/66MB, paused 1.565ms total 39.174ms
08-04 19:30:47.276 14460 15205 D MYTAG   : interceptor 2a
08-04 19:30:47.276 14460 15205 I NAPPA_EXPERIMENTATION: MetricNetworkRequestExecutionTime: REQUEST_DURATION_SYSTEM='205',REQUEST_DURATION_OKHTTP='130',REQUEST_SYNCHRONOUS='TRUE',RESPONSE_CODE='404',RESPONSE_METHOD='GET',RESPONSE_LENGTH_OKHTTP='-1',RESPONSE_LENGTH_HEADER='1503',REQUEST_PROTOCOL='h2',REQUEST_URL='https://fab.industries/sixgun/files/linuxoutlaws.jpg',
08-04 19:30:47.278 14460 14460 W Glide   : Load failed for http://sixgun.org/files/linuxoutlaws.jpg with size [224x224]
08-04 19:30:47.278 14460 14460 W Glide   : class com.bumptech.glide.load.engine.GlideException: Failed to load resource
08-04 19:30:47.278 14460 14460 W Glide   : There was 1 cause:
08-04 19:30:47.278 14460 14460 W Glide   : com.bumptech.glide.load.HttpException()
08-04 19:30:47.278 14460 14460 W Glide   :  call GlideException#logRootCauses(String) for more detail
08-04 19:30:47.278 14460 14460 W Glide   :   Cause (1 of 1): class com.bumptech.glide.load.engine.GlideException: Fetching data failed, class java.io.InputStream, REMOTE
08-04 19:30:47.278 14460 14460 W Glide   : There was 1 cause:
08-04 19:30:47.278 14460 14460 W Glide   : com.bumptech.glide.load.HttpException()
08-04 19:30:47.278 14460 14460 W Glide   :  call GlideException#logRootCauses(String) for more detail
08-04 19:30:47.278 14460 14460 W Glide   :     Cause (1 of 1): class com.bumptech.glide.load.HttpException: 
08-04 19:30:47.278 14460 14460 I Glide   : Root cause (1 of 1)
08-04 19:30:47.278 14460 14460 I Glide   : com.bumptech.glide.load.HttpException: 
08-04 19:30:47.278 14460 14460 I Glide   : 	at com.bumptech.glide.integration.okhttp3.OkHttpStreamFetcher.onResponse(OkHttpStreamFetcher.java:73)
08-04 19:30:47.278 14460 14460 I Glide   : 	at okhttp3.RealCall$AsyncCall.execute(RealCall.java:174)
08-04 19:30:47.278 14460 14460 I Glide   : 	at okhttp3.internal.NamedRunnable.run(NamedRunnable.java:32)
08-04 19:30:47.278 14460 14460 I Glide   : 	at java.util.concurrent.ThreadPoolExecutor.runWorker(ThreadPoolExecutor.java:1113)
08-04 19:30:47.278 14460 14460 I Glide   : 	at java.util.concurrent.ThreadPoolExecutor$Worker.run(ThreadPoolExecutor.java:588)
08-04 19:30:47.278 14460 14460 I Glide   : 	at java.lang.Thread.run(Thread.java:818)
08-04 19:30:47.279 14460 14460 W Glide   : Load failed for http://sixgun.org/files/linuxoutlaws.jpg with size [224x224]
08-04 19:30:47.279 14460 14460 W Glide   : class com.bumptech.glide.load.engine.GlideException: Failed to load resource
08-04 19:30:47.279 14460 14460 W Glide   : There was 1 cause:
08-04 19:30:47.279 14460 14460 W Glide   : com.bumptech.glide.load.HttpException()
08-04 19:30:47.279 14460 14460 W Glide   :  call GlideException#logRootCauses(String) for more detail
08-04 19:30:47.279 14460 14460 W Glide   :   Cause (1 of 1): class com.bumptech.glide.load.engine.GlideException: Fetching data failed, class java.io.InputStream, REMOTE
08-04 19:30:47.279 14460 14460 W Glide   : There was 1 cause:
08-04 19:30:47.279 14460 14460 W Glide   : com.bumptech.glide.load.HttpException()
08-04 19:30:47.279 14460 14460 W Glide   :  call GlideException#logRootCauses(String) for more detail
08-04 19:30:47.279 14460 14460 W Glide   :     Cause (1 of 1): class com.bumptech.glide.load.HttpException: 
08-04 19:30:47.280 14460 14460 I Glide   : Root cause (1 of 1)
08-04 19:30:47.280 14460 14460 I Glide   : com.bumptech.glide.load.HttpException: 
08-04 19:30:47.280 14460 14460 I Glide   : 	at com.bumptech.glide.integration.okhttp3.OkHttpStreamFetcher.onResponse(OkHttpStreamFetcher.java:73)
08-04 19:30:47.280 14460 14460 I Glide   : 	at okhttp3.RealCall$AsyncCall.execute(RealCall.java:174)
08-04 19:30:47.280 14460 14460 I Glide   : 	at okhttp3.internal.NamedRunnable.run(NamedRunnable.java:32)
08-04 19:30:47.280 14460 14460 I Glide   : 	at java.util.concurrent.ThreadPoolExecutor.runWorker(ThreadPoolExecutor.java:1113)
08-04 19:30:47.280 14460 14460 I Glide   : 	at java.util.concurrent.ThreadPoolExecutor$Worker.run(ThreadPoolExecutor.java:588)
08-04 19:30:47.280 14460 14460 I Glide   : 	at java.lang.Thread.run(Thread.java:818)
08-04 19:30:47.366 16162 16162 I ServiceManager: Waiting for service AtCmdFwd...
08-04 19:30:47.408   380   380 W SurfaceFlinger: couldn't log to binary event log: overflow.
08-04 19:30:47.554 14460 14472 I art     : Starting a blocking GC Explicit
08-04 19:30:47.606 14460 14472 I art     : Explicit concurrent mark sweep GC freed 2547(182KB) AllocSpace objects, 1(20KB) LOS objects, 23% free, 50MB/66MB, paused 1.618ms total 51.697ms
08-04 19:30:47.620 14460 14472 I art     : Starting a blocking GC Explicit
08-04 19:30:47.664 14460 14472 I art     : Explicit concurrent mark sweep GC freed 2896(237KB) AllocSpace objects, 1(28KB) LOS objects, 23% free, 50MB/66MB, paused 1.605ms total 44.319ms
08-04 19:30:47.678 14460 14472 I art     : Starting a blocking GC Explicit
08-04 19:30:47.722 14460 14472 I art     : Explicit concurrent mark sweep GC freed 3(96B) AllocSpace objects, 0(0B) LOS objects, 23% free, 50MB/66MB, paused 1.588ms total 43.804ms
08-04 19:30:47.735 14460 14472 I art     : Starting a blocking GC Explicit
08-04 19:30:47.779 14460 14472 I art     : Explicit concurrent mark sweep GC freed 37(1040B) AllocSpace objects, 0(0B) LOS objects, 23% free, 50MB/66MB, paused 1.632ms total 43.909ms
08-04 19:30:47.793 14460 14472 I art     : Starting a blocking GC Explicit
08-04 19:30:47.837 14460 14472 I art     : Explicit concurrent mark sweep GC freed 15(656B) AllocSpace objects, 0(0B) LOS objects, 23% free, 50MB/66MB, paused 1.547ms total 44.002ms
08-04 19:30:48.208 14460 14910 I art     : Starting a blocking GC Explicit
08-04 19:30:48.262 14460 14910 I art     : Explicit concurrent mark sweep GC freed 1390(81KB) AllocSpace objects, 1(20KB) LOS objects, 23% free, 50MB/66MB, paused 1.552ms total 53.344ms
08-04 19:30:48.277 14460 14910 I art     : Starting a blocking GC Explicit
08-04 19:30:48.320 14460 14910 I art     : Explicit concurrent mark sweep GC freed 23(752B) AllocSpace objects, 0(0B) LOS objects, 23% free, 50MB/66MB, paused 1.505ms total 42.729ms
08-04 19:30:48.333 14460 14910 I art     : Starting a blocking GC Explicit
08-04 19:30:48.366 16162 16162 W Atfwd_Sendcmd: AtCmdFwd service not published, waiting... retryCnt : 5
08-04 19:30:48.375 14460 14910 I art     : Explicit concurrent mark sweep GC freed 3(96B) AllocSpace objects, 0(0B) LOS objects, 23% free, 50MB/66MB, paused 1.541ms total 41.008ms
08-04 19:30:48.387 14460 14910 I art     : Starting a blocking GC Explicit
08-04 19:30:48.429 14460 14910 I art     : Explicit concurrent mark sweep GC freed 3(96B) AllocSpace objects, 0(0B) LOS objects, 23% free, 50MB/66MB, paused 1.587ms total 41.062ms
08-04 19:30:48.441 14460 14910 I art     : Starting a blocking GC Explicit
08-04 19:30:48.483 14460 14910 I art     : Explicit concurrent mark sweep GC freed 3(96B) AllocSpace objects, 0(0B) LOS objects, 23% free, 50MB/66MB, paused 1.556ms total 40.995ms
08-04 19:30:48.830 14460 16273 I art     : Starting a blocking GC Explicit
08-04 19:30:48.849 17791 17791 D AndroidRuntime: >>>>>> START com.android.internal.os.RuntimeInit uid 2000 <<<<<<
08-04 19:30:48.855 17791 17791 D AndroidRuntime: CheckJNI is OFF
08-04 19:30:48.898 17791 17791 D ICU     : No timezone override file found: /data/misc/zoneinfo/current/icu/icu_tzdata.dat
08-04 19:30:48.906 14460 16273 I art     : Explicit concurrent mark sweep GC freed 1462(83KB) AllocSpace objects, 1(20KB) LOS objects, 23% free, 50MB/66MB, paused 2.238ms total 76.311ms
08-04 19:30:48.920 14460 16273 I art     : Starting a blocking GC Explicit
08-04 19:30:48.941 17791 17791 I Radio-JNI: register_android_hardware_Radio DONE
08-04 19:30:48.960 14460 16273 I art     : Explicit concurrent mark sweep GC freed 28(912B) AllocSpace objects, 0(0B) LOS objects, 23% free, 50MB/66MB, paused 1.501ms total 39.968ms
08-04 19:30:48.971 17791 17791 D AndroidRuntime: Calling main entry com.android.commands.input.Input
08-04 19:30:48.972 14460 16273 I art     : Starting a blocking GC Explicit
08-04 19:30:48.972 17791 17791 I Input   : injectKeyEvent: KeyEvent { action=ACTION_DOWN, keyCode=KEYCODE_BACK, scanCode=0, metaState=0, flags=0x0, repeatCount=0, eventTime=732665385, downTime=732665385, deviceId=-1, source=0x101 }
08-04 19:30:48.976 17791 17791 I Input   : injectKeyEvent: KeyEvent { action=ACTION_UP, keyCode=KEYCODE_BACK, scanCode=0, metaState=0, flags=0x0, repeatCount=0, eventTime=732665385, downTime=732665385, deviceId=-1, source=0x101 }
08-04 19:30:48.998 17791 17791 D AndroidRuntime: Shutting down VM
08-04 19:30:49.013 14460 16273 I art     : Explicit concurrent mark sweep GC freed 2088(86KB) AllocSpace objects, 0(0B) LOS objects, 23% free, 50MB/66MB, paused 1.916ms total 40.974ms
08-04 19:30:49.026 14460 16273 I art     : Starting a blocking GC Explicit
08-04 19:30:49.066 14460 16273 I art     : Explicit concurrent mark sweep GC freed 268(18KB) AllocSpace objects, 0(0B) LOS objects, 23% free, 50MB/66MB, paused 1.522ms total 39.250ms
08-04 19:30:49.079 14460 16273 I art     : Starting a blocking GC Explicit
08-04 19:30:49.121 14460 16273 I art     : Explicit concurrent mark sweep GC freed 5146(379KB) AllocSpace objects, 9(1620KB) LOS objects, 24% free, 48MB/64MB, paused 1.588ms total 41.743ms
08-04 19:30:49.462 14460 14491 I art     : Starting a blocking GC Explicit
08-04 19:30:49.518 14460 14491 I art     : Explicit concurrent mark sweep GC freed 1382(82KB) AllocSpace objects, 1(20KB) LOS objects, 24% free, 48MB/64MB, paused 1.627ms total 54.762ms
08-04 19:30:49.533 14460 14491 I art     : Starting a blocking GC Explicit
08-04 19:30:49.575 14460 14491 I art     : Explicit concurrent mark sweep GC freed 23(752B) AllocSpace objects, 0(0B) LOS objects, 24% free, 48MB/64MB, paused 1.522ms total 41.614ms
08-04 19:30:49.588 14460 14491 I art     : Starting a blocking GC Explicit
08-04 19:30:49.630 14460 14491 I art     : Explicit concurrent mark sweep GC freed 3(96B) AllocSpace objects, 0(0B) LOS objects, 24% free, 48MB/64MB, paused 1.565ms total 42.062ms
08-04 19:30:49.643 14460 14491 I art     : Starting a blocking GC Explicit
08-04 19:30:49.686 14460 14491 I art     : Explicit concurrent mark sweep GC freed 3(96B) AllocSpace objects, 0(0B) LOS objects, 24% free, 48MB/64MB, paused 1.537ms total 41.924ms
08-04 19:30:49.699 14460 14491 I art     : Starting a blocking GC Explicit
08-04 19:30:49.741 14460 14491 I art     : Explicit concurrent mark sweep GC freed 31(848B) AllocSpace objects, 0(0B) LOS objects, 24% free, 48MB/64MB, paused 1.560ms total 41.750ms
08-04 19:30:50.086 14460 14491 I art     : Starting a blocking GC Explicit
08-04 19:30:50.136 14460 14491 I art     : Explicit concurrent mark sweep GC freed 1382(82KB) AllocSpace objects, 1(20KB) LOS objects, 24% free, 48MB/64MB, paused 1.607ms total 49.572ms
08-04 19:30:50.152 14460 14491 I art     : Starting a blocking GC Explicit
08-04 19:30:50.194 14460 14491 I art     : Explicit concurrent mark sweep GC freed 113(4KB) AllocSpace objects, 0(0B) LOS objects, 24% free, 48MB/64MB, paused 1.519ms total 40.968ms
08-04 19:30:50.206 14460 14491 I art     : Starting a blocking GC Explicit
08-04 19:30:50.247 14460 14491 I art     : Explicit concurrent mark sweep GC freed 3(96B) AllocSpace objects, 0(0B) LOS objects, 24% free, 48MB/64MB, paused 1.470ms total 40.192ms
08-04 19:30:50.260 14460 14491 I art     : Starting a blocking GC Explicit
08-04 19:30:50.299 14460 14491 I art     : Explicit concurrent mark sweep GC freed 3(96B) AllocSpace objects, 0(0B) LOS objects, 24% free, 48MB/64MB, paused 1.545ms total 38.944ms
08-04 19:30:50.311 14460 14491 I art     : Starting a blocking GC Explicit
08-04 19:30:50.351 14460 14491 I art     : Explicit concurrent mark sweep GC freed 3(96B) AllocSpace objects, 0(0B) LOS objects, 24% free, 48MB/64MB, paused 1.532ms total 39.248ms
08-04 19:30:50.697 14460 14471 I art     : Starting a blocking GC Explicit
08-04 19:30:50.741 14460 14471 I art     : Explicit concurrent mark sweep GC freed 1426(84KB) AllocSpace objects, 1(20KB) LOS objects, 24% free, 48MB/64MB, paused 1.827ms total 43.572ms
08-04 19:30:50.754 14460 14471 I art     : Starting a blocking GC Explicit
08-04 19:30:50.771 17834 17834 D AndroidRuntime: >>>>>> START com.android.internal.os.RuntimeInit uid 2000 <<<<<<
08-04 19:30:50.777 17834 17834 D AndroidRuntime: CheckJNI is OFF
08-04 19:30:50.793 14460 14471 I art     : Explicit concurrent mark sweep GC freed 29(944B) AllocSpace objects, 0(0B) LOS objects, 24% free, 48MB/64MB, paused 1.557ms total 38.526ms
08-04 19:30:50.806 14460 14471 I art     : Starting a blocking GC Explicit
08-04 19:30:50.821 17834 17834 D ICU     : No timezone override file found: /data/misc/zoneinfo/current/icu/icu_tzdata.dat
08-04 19:30:50.843 14460 14471 I art     : Explicit concurrent mark sweep GC freed 9(288B) AllocSpace objects, 0(0B) LOS objects, 24% free, 48MB/64MB, paused 1.543ms total 37.174ms
08-04 19:30:50.856 14460 14471 I art     : Starting a blocking GC Explicit
08-04 19:30:50.868 17834 17834 I Radio-JNI: register_android_hardware_Radio DONE
08-04 19:30:50.892 14460 14471 I art     : Explicit concurrent mark sweep GC freed 6(192B) AllocSpace objects, 0(0B) LOS objects, 24% free, 48MB/64MB, paused 1.414ms total 35.459ms
08-04 19:30:50.896 17834 17834 D AndroidRuntime: Calling main entry com.android.commands.input.Input
08-04 19:30:50.898 17834 17834 I Input   : injectMotionEvent: MotionEvent { action=ACTION_DOWN, actionButton=0, id[0]=0, x[0]=603.0, y[0]=1061.0, toolType[0]=TOOL_TYPE_UNKNOWN, buttonState=0, metaState=0, flags=0x0, edgeFlags=0x0, pointerCount=1, historySize=0, eventTime=732667311, downTime=732667311, deviceId=0, source=0x1002 }
08-04 19:30:50.903 17834 17834 I Input   : injectMotionEvent: MotionEvent { action=ACTION_UP, actionButton=0, id[0]=0, x[0]=603.0, y[0]=1061.0, toolType[0]=TOOL_TYPE_UNKNOWN, buttonState=0, metaState=0, flags=0x0, edgeFlags=0x0, pointerCount=1, historySize=0, eventTime=732667311, downTime=732667311, deviceId=0, source=0x1002 }
08-04 19:30:50.903 14460 14471 I art     : Starting a blocking GC Explicit
08-04 19:30:50.908 17834 17834 D AndroidRuntime: Shutting down VM
08-04 19:30:50.915   512  2967 D audio_hw_primary: out_set_parameters: enter: usecase(1: low-latency-playback) kvpairs: routing=2
08-04 19:30:50.928   512  2967 D audio_hw_primary: select_devices: out_snd_device(2: speaker) in_snd_device(0: none)
08-04 19:30:50.928   512  2967 D msm8974_platform: platform_send_audio_calibration: sending audio calibration for snd_device(2) acdb_id(15)
08-04 19:30:50.928   512  2967 I soundtrigger: audio_extn_sound_trigger_update_device_status: device 0x2 of type 0 for Event 1
08-04 19:30:50.937   512  2967 D audio_hw_primary: enable_snd_device: snd_device(2: speaker)
08-04 19:30:50.939   512  2967 D audio_hw_primary: enable_audio_route: apply and update mixer path: low-latency-playback speaker
08-04 19:30:50.943 14460 14471 I art     : Explicit concurrent mark sweep GC freed 1536(66KB) AllocSpace objects, 0(0B) LOS objects, 24% free, 49MB/65MB, paused 2.500ms total 39.272ms
08-04 19:30:51.044 14460 16884 I NAPPA_EXPERIMENTATION: MetricNetworkRequestExecutionTime: REQUEST_DURATION_SYSTEM='106',REQUEST_DURATION_OKHTTP='105',REQUEST_SYNCHRONOUS='TRUE',RESPONSE_CODE='200',RESPONSE_METHOD='GET',RESPONSE_LENGTH_OKHTTP='2923',RESPONSE_LENGTH_HEADER='2923',REQUEST_PROTOCOL='http/1.1',REQUEST_URL='https://gpodder.net/api/2/tags/50.json',
08-04 19:30:51.049 14460 17857 I NAPPA_EXPERIMENTATION: MetricNetworkRequestExecutionTime: REQUEST_DURATION_SYSTEM='114',REQUEST_DURATION_OKHTTP='111',REQUEST_SYNCHRONOUS='TRUE',RESPONSE_CODE='200',RESPONSE_METHOD='GET',RESPONSE_LENGTH_OKHTTP='37507',RESPONSE_LENGTH_HEADER='37507',REQUEST_PROTOCOL='http/1.1',REQUEST_URL='https://gpodder.net/toplist/50.json',
08-04 19:30:51.111 14460 15388 D ApOkHttpUrlLoader: buildLoadData() called with: model = [http://sixgun.org/files/linuxoutlaws.jpg], width = [224], height = [224]
08-04 19:30:51.113 14460 15205 D DBReader: getImageAuthentication() called with: imageUrl = [http://sixgun.org/files/linuxoutlaws.jpg]
08-04 19:30:51.116 14460 15205 D ApOkHttpUrlLoader: no credentials for 'http://sixgun.org/files/linuxoutlaws.jpg'
08-04 19:30:51.119 14460 15388 D ApOkHttpUrlLoader: buildLoadData() called with: model = [https://files.thisamericanlife.org/sites/all/themes/thislife/img/tal-name-1400x1400.png], width = [224], height = [224]
08-04 19:30:51.123 14460 15388 D ApOkHttpUrlLoader: buildLoadData() called with: model = [https://elroy.twit.tv/sites/default/files/styles/twit_album_art_2048x2048/public/images/shows/floss_weekly/album_art/audio/floss_albumart_mask.jpg?itok=IUjxKpwt], width = [224], height = [224]
08-04 19:30:51.129 14460 15388 D ApOkHttpUrlLoader: buildLoadData() called with: model = [http://ichef.bbci.co.uk/images/ic/3000x3000/p07kfvzb.jpg], width = [224], height = [224]
08-04 19:30:51.135 14460 15388 D ApOkHttpUrlLoader: buildLoadData() called with: model = [https://pl.tedcdn.com/rss_feed_images/ted_talks_main_podcast/video.png], width = [224], height = [224]
08-04 19:30:51.139 14460 15388 D ApOkHttpUrlLoader: buildLoadData() called with: model = [https://elroy.twit.tv/sites/default/files/styles/twit_album_art_2048x2048/public/images/shows/this_week_in_tech/album_art/audio/twit1400audio.jpg?itok=J0vhatZb], width = [224], height = [224]
08-04 19:30:51.144 14460 15388 D ApOkHttpUrlLoader: buildLoadData() called with: model = [http://ichef.bbci.co.uk/images/ic/3000x3000/p03gtk3j.jpg], width = [224], height = [224]
08-04 19:30:51.147 14460 15205 D DBWriter: updateFeedDownloadURL(original: http://sixgun.org/files/linuxoutlaws.jpg, updated: https://fab.industries/sixgun/files/linuxoutlaws.jpg)
08-04 19:30:51.264 14460 14910 I art     : Starting a blocking GC Explicit
08-04 19:30:51.280 14460 15205 D MYTAG   : interceptor 2a
08-04 19:30:51.281 14460 15205 I NAPPA_EXPERIMENTATION: MetricNetworkRequestExecutionTime: REQUEST_DURATION_SYSTEM='163',REQUEST_DURATION_OKHTTP='129',REQUEST_SYNCHRONOUS='TRUE',RESPONSE_CODE='404',RESPONSE_METHOD='GET',RESPONSE_LENGTH_OKHTTP='-1',RESPONSE_LENGTH_HEADER='1503',REQUEST_PROTOCOL='h2',REQUEST_URL='https://fab.industries/sixgun/files/linuxoutlaws.jpg',
08-04 19:30:51.282 14460 14460 W Glide   : Load failed for http://sixgun.org/files/linuxoutlaws.jpg with size [224x224]
08-04 19:30:51.282 14460 14460 W Glide   : class com.bumptech.glide.load.engine.GlideException: Failed to load resource
08-04 19:30:51.282 14460 14460 W Glide   : There was 1 cause:
08-04 19:30:51.282 14460 14460 W Glide   : com.bumptech.glide.load.HttpException()
08-04 19:30:51.282 14460 14460 W Glide   :  call GlideException#logRootCauses(String) for more detail
08-04 19:30:51.282 14460 14460 W Glide   :   Cause (1 of 1): class com.bumptech.glide.load.engine.GlideException: Fetching data failed, class java.io.InputStream, REMOTE
08-04 19:30:51.282 14460 14460 W Glide   : There was 1 cause:
08-04 19:30:51.282 14460 14460 W Glide   : com.bumptech.glide.load.HttpException()
08-04 19:30:51.282 14460 14460 W Glide   :  call GlideException#logRootCauses(String) for more detail
08-04 19:30:51.282 14460 14460 W Glide   :     Cause (1 of 1): class com.bumptech.glide.load.HttpException: 
08-04 19:30:51.282 14460 14460 I Glide   : Root cause (1 of 1)
08-04 19:30:51.282 14460 14460 I Glide   : com.bumptech.glide.load.HttpException: 
08-04 19:30:51.282 14460 14460 I Glide   : 	at com.bumptech.glide.integration.okhttp3.OkHttpStreamFetcher.onResponse(OkHttpStreamFetcher.java:73)
08-04 19:30:51.282 14460 14460 I Glide   : 	at okhttp3.RealCall$AsyncCall.execute(RealCall.java:174)
08-04 19:30:51.282 14460 14460 I Glide   : 	at okhttp3.internal.NamedRunnable.run(NamedRunnable.java:32)
08-04 19:30:51.282 14460 14460 I Glide   : 	at java.util.concurrent.ThreadPoolExecutor.runWorker(ThreadPoolExecutor.java:1113)
08-04 19:30:51.282 14460 14460 I Glide   : 	at java.util.concurrent.ThreadPoolExecutor$Worker.run(ThreadPoolExecutor.java:588)
08-04 19:30:51.282 14460 14460 I Glide   : 	at java.lang.Thread.run(Thread.java:818)
08-04 19:30:51.283 14460 14460 W Glide   : Load failed for http://sixgun.org/files/linuxoutlaws.jpg with size [224x224]
08-04 19:30:51.283 14460 14460 W Glide   : class com.bumptech.glide.load.engine.GlideException: Failed to load resource
08-04 19:30:51.283 14460 14460 W Glide   : There was 1 cause:
08-04 19:30:51.283 14460 14460 W Glide   : com.bumptech.glide.load.HttpException()
08-04 19:30:51.283 14460 14460 W Glide   :  call GlideException#logRootCauses(String) for more detail
08-04 19:30:51.283 14460 14460 W Glide   :   Cause (1 of 1): class com.bumptech.glide.load.engine.GlideException: Fetching data failed, class java.io.InputStream, REMOTE
08-04 19:30:51.283 14460 14460 W Glide   : There was 1 cause:
08-04 19:30:51.283 14460 14460 W Glide   : com.bumptech.glide.load.HttpException()
08-04 19:30:51.283 14460 14460 W Glide   :  call GlideException#logRootCauses(String) for more detail
08-04 19:30:51.283 14460 14460 W Glide   :     Cause (1 of 1): class com.bumptech.glide.load.HttpException: 
08-04 19:30:51.283 14460 14460 I Glide   : Root cause (1 of 1)
08-04 19:30:51.283 14460 14460 I Glide   : com.bumptech.glide.load.HttpException: 
08-04 19:30:51.283 14460 14460 I Glide   : 	at com.bumptech.glide.integration.okhttp3.OkHttpStreamFetcher.onResponse(OkHttpStreamFetcher.java:73)
08-04 19:30:51.283 14460 14460 I Glide   : 	at okhttp3.RealCall$AsyncCall.execute(RealCall.java:174)
08-04 19:30:51.283 14460 14460 I Glide   : 	at okhttp3.internal.NamedRunnable.run(NamedRunnable.java:32)
08-04 19:30:51.283 14460 14460 I Glide   : 	at java.util.concurrent.ThreadPoolExecutor.runWorker(ThreadPoolExecutor.java:1113)
08-04 19:30:51.283 14460 14460 I Glide   : 	at java.util.concurrent.ThreadPoolExecutor$Worker.run(ThreadPoolExecutor.java:588)
08-04 19:30:51.283 14460 14460 I Glide   : 	at java.lang.Thread.run(Thread.java:818)
08-04 19:30:51.310 14460 14910 I art     : Explicit concurrent mark sweep GC freed 9605(634KB) AllocSpace objects, 4(212KB) LOS objects, 23% free, 51MB/67MB, paused 2.218ms total 45.172ms
08-04 19:30:51.323 14460 14910 I art     : Starting a blocking GC Explicit
08-04 19:30:51.363 14460 14910 I art     : Explicit concurrent mark sweep GC freed 2005(98KB) AllocSpace objects, 1(220KB) LOS objects, 23% free, 50MB/66MB, paused 1.463ms total 39.912ms
08-04 19:30:51.376 14460 14910 I art     : Starting a blocking GC Explicit
08-04 19:30:51.415 14460 14910 I art     : Explicit concurrent mark sweep GC freed 6(192B) AllocSpace objects, 0(0B) LOS objects, 23% free, 50MB/66MB, paused 1.391ms total 38.882ms
08-04 19:30:51.428 14460 14910 I art     : Starting a blocking GC Explicit
08-04 19:30:51.467 14460 14910 I art     : Explicit concurrent mark sweep GC freed 3(96B) AllocSpace objects, 0(0B) LOS objects, 23% free, 50MB/66MB, paused 1.449ms total 38.801ms
08-04 19:30:51.479   512  2967 D audio_hw_primary: disable_audio_route: reset and update mixer path: low-latency-playback speaker
08-04 19:30:51.479 14460 14910 I art     : Starting a blocking GC Explicit
08-04 19:30:51.480   512  2967 D audio_hw_primary: disable_snd_device: snd_device(2: speaker)
08-04 19:30:51.489   512  2967 I soundtrigger: audio_extn_sound_trigger_update_device_status: device 0x2 of type 0 for Event 0
08-04 19:30:51.520 14460 14910 I art     : Explicit concurrent mark sweep GC freed 3(96B) AllocSpace objects, 0(0B) LOS objects, 23% free, 50MB/66MB, paused 1.559ms total 40.312ms
08-04 19:30:51.877 14460 14491 I art     : Starting a blocking GC Explicit
08-04 19:30:51.926 14460 14491 I art     : Explicit concurrent mark sweep GC freed 1410(81KB) AllocSpace objects, 1(20KB) LOS objects, 23% free, 50MB/66MB, paused 1.555ms total 48.764ms
08-04 19:30:51.940 14460 14491 I art     : Starting a blocking GC Explicit
08-04 19:30:51.984 14460 14491 I art     : Explicit concurrent mark sweep GC freed 40(1344B) AllocSpace objects, 0(0B) LOS objects, 23% free, 50MB/66MB, paused 1.549ms total 43.976ms
08-04 19:30:51.997 14460 14491 I art     : Starting a blocking GC Explicit
08-04 19:30:52.041 14460 14491 I art     : Explicit concurrent mark sweep GC freed 3(96B) AllocSpace objects, 0(0B) LOS objects, 23% free, 50MB/66MB, paused 1.560ms total 43.788ms
08-04 19:30:52.055 14460 14491 I art     : Starting a blocking GC Explicit
08-04 19:30:52.099 14460 14491 I art     : Explicit concurrent mark sweep GC freed 3(96B) AllocSpace objects, 0(0B) LOS objects, 23% free, 50MB/66MB, paused 1.611ms total 44.188ms
08-04 19:30:52.112 14460 14491 I art     : Starting a blocking GC Explicit
08-04 19:30:52.156 14460 14491 I art     : Explicit concurrent mark sweep GC freed 3(96B) AllocSpace objects, 0(0B) LOS objects, 23% free, 50MB/66MB, paused 1.531ms total 43.803ms
08-04 19:30:52.515 14460 14910 I art     : Starting a blocking GC Explicit
08-04 19:30:52.568 14460 14910 I art     : Explicit concurrent mark sweep GC freed 1381(81KB) AllocSpace objects, 1(20KB) LOS objects, 23% free, 50MB/66MB, paused 1.638ms total 51.911ms
08-04 19:30:52.585 14460 14910 I art     : Starting a blocking GC Explicit
08-04 19:30:52.628 14460 14910 I art     : Explicit concurrent mark sweep GC freed 23(752B) AllocSpace objects, 0(0B) LOS objects, 23% free, 50MB/66MB, paused 1.626ms total 42.309ms
08-04 19:30:52.641 14460 14910 I art     : Starting a blocking GC Explicit
08-04 19:30:52.685 14460 14910 I art     : Explicit concurrent mark sweep GC freed 3(96B) AllocSpace objects, 0(0B) LOS objects, 23% free, 50MB/66MB, paused 1.568ms total 43.379ms
08-04 19:30:52.698 14460 14910 I art     : Starting a blocking GC Explicit
08-04 19:30:52.742 14460 14910 I art     : Explicit concurrent mark sweep GC freed 38(1072B) AllocSpace objects, 0(0B) LOS objects, 23% free, 50MB/66MB, paused 1.585ms total 43.013ms
08-04 19:30:52.755 14460 14910 I art     : Starting a blocking GC Explicit
08-04 19:30:52.799 14460 14910 I art     : Explicit concurrent mark sweep GC freed 16(512B) AllocSpace objects, 0(0B) LOS objects, 23% free, 50MB/66MB, paused 1.496ms total 43.431ms
08-04 19:30:53.202 14460 14491 I art     : Starting a blocking GC Explicit
08-04 19:30:53.260 14460 14491 I art     : Explicit concurrent mark sweep GC freed 1433(82KB) AllocSpace objects, 1(20KB) LOS objects, 23% free, 50MB/66MB, paused 1.747ms total 57.714ms
08-04 19:30:53.277 14460 14491 I art     : Starting a blocking GC Explicit
08-04 19:30:53.329 14460 14491 I art     : Explicit concurrent mark sweep GC freed 23(752B) AllocSpace objects, 0(0B) LOS objects, 23% free, 50MB/66MB, paused 1.584ms total 51.625ms
08-04 19:30:53.342 14460 14491 I art     : Starting a blocking GC Explicit
08-04 19:30:53.389 14460 14491 I art     : Explicit concurrent mark sweep GC freed 3(96B) AllocSpace objects, 0(0B) LOS objects, 23% free, 50MB/66MB, paused 1.677ms total 46.881ms
08-04 19:30:53.403 14460 14491 I art     : Starting a blocking GC Explicit
08-04 19:30:53.450 14460 14491 I art     : Explicit concurrent mark sweep GC freed 3(96B) AllocSpace objects, 0(0B) LOS objects, 23% free, 50MB/66MB, paused 1.521ms total 46.886ms
08-04 19:30:53.464 14460 14491 I art     : Starting a blocking GC Explicit
08-04 19:30:53.511 14460 14491 I art     : Explicit concurrent mark sweep GC freed 3(96B) AllocSpace objects, 0(0B) LOS objects, 23% free, 50MB/66MB, paused 1.588ms total 47.097ms
08-04 19:30:53.912 14460 14471 I art     : Starting a blocking GC Explicit
08-04 19:30:53.975 14460 14471 I art     : Explicit concurrent mark sweep GC freed 1410(81KB) AllocSpace objects, 1(20KB) LOS objects, 23% free, 50MB/66MB, paused 1.723ms total 62.513ms
08-04 19:30:53.993 14460 14471 I art     : Starting a blocking GC Explicit
08-04 19:30:54.040 14460 14471 I art     : Explicit concurrent mark sweep GC freed 23(752B) AllocSpace objects, 0(0B) LOS objects, 23% free, 50MB/66MB, paused 1.614ms total 46.804ms
08-04 19:30:54.056 14460 14471 I art     : Starting a blocking GC Explicit
08-04 19:30:54.103 14460 14471 I art     : Explicit concurrent mark sweep GC freed 3(96B) AllocSpace objects, 0(0B) LOS objects, 23% free, 50MB/66MB, paused 1.552ms total 46.202ms
08-04 19:30:54.116 14460 14471 I art     : Starting a blocking GC Explicit
08-04 19:30:54.164 14460 14471 I art     : Explicit concurrent mark sweep GC freed 3(96B) AllocSpace objects, 0(0B) LOS objects, 23% free, 50MB/66MB, paused 1.575ms total 47.115ms
08-04 19:30:54.177 14460 14471 I art     : Starting a blocking GC Explicit
08-04 19:30:54.225 14460 14471 I art     : Explicit concurrent mark sweep GC freed 3(96B) AllocSpace objects, 0(0B) LOS objects, 23% free, 50MB/66MB, paused 1.552ms total 47.493ms
08-04 19:30:54.603 14460 16273 I art     : Starting a blocking GC Explicit
08-04 19:30:54.661 14460 16273 I art     : Explicit concurrent mark sweep GC freed 1381(81KB) AllocSpace objects, 1(20KB) LOS objects, 23% free, 50MB/66MB, paused 1.772ms total 58.152ms
08-04 19:30:54.677 14460 16273 I art     : Starting a blocking GC Explicit
08-04 19:30:54.725 14460 16273 I art     : Explicit concurrent mark sweep GC freed 23(752B) AllocSpace objects, 0(0B) LOS objects, 23% free, 50MB/66MB, paused 1.513ms total 47.498ms
08-04 19:30:54.738 14460 16273 I art     : Starting a blocking GC Explicit
08-04 19:30:54.785 14460 16273 I art     : Explicit concurrent mark sweep GC freed 32(880B) AllocSpace objects, 0(0B) LOS objects, 23% free, 50MB/66MB, paused 1.615ms total 46.400ms
08-04 19:30:54.799 14460 16273 I art     : Starting a blocking GC Explicit
08-04 19:30:54.847 14460 16273 I art     : Explicit concurrent mark sweep GC freed 3(96B) AllocSpace objects, 0(0B) LOS objects, 23% free, 50MB/66MB, paused 1.635ms total 47.916ms
08-04 19:30:54.860 14460 16273 I art     : Starting a blocking GC Explicit
08-04 19:30:54.909 14460 16273 I art     : Explicit concurrent mark sweep GC freed 3(96B) AllocSpace objects, 0(0B) LOS objects, 23% free, 50MB/66MB, paused 1.772ms total 48.053ms
08-04 19:30:55.309 14460 14910 I art     : Starting a blocking GC Explicit
08-04 19:30:55.366 14460 14910 I art     : Explicit concurrent mark sweep GC freed 1382(82KB) AllocSpace objects, 1(20KB) LOS objects, 23% free, 50MB/66MB, paused 1.639ms total 56.189ms
08-04 19:30:55.381 14460 14910 I art     : Starting a blocking GC Explicit
08-04 19:30:55.429 14460 14910 I art     : Explicit concurrent mark sweep GC freed 23(752B) AllocSpace objects, 0(0B) LOS objects, 23% free, 50MB/66MB, paused 1.735ms total 48.244ms
08-04 19:30:55.443 14460 14910 I art     : Starting a blocking GC Explicit
08-04 19:30:55.491 14460 14910 I art     : Explicit concurrent mark sweep GC freed 3(96B) AllocSpace objects, 0(0B) LOS objects, 23% free, 50MB/66MB, paused 1.602ms total 47.380ms
08-04 19:30:55.504 14460 14910 I art     : Starting a blocking GC Explicit
08-04 19:30:55.551 14460 14910 I art     : Explicit concurrent mark sweep GC freed 3(96B) AllocSpace objects, 0(0B) LOS objects, 23% free, 50MB/66MB, paused 1.660ms total 46.775ms
08-04 19:30:55.565 14460 14910 I art     : Starting a blocking GC Explicit
08-04 19:30:55.613 14460 14910 I art     : Explicit concurrent mark sweep GC freed 3(96B) AllocSpace objects, 0(0B) LOS objects, 23% free, 50MB/66MB, paused 1.631ms total 48.383ms
08-04 19:30:56.031 14460 14472 I art     : Starting a blocking GC Explicit
08-04 19:30:56.088 14460 14472 I art     : Explicit concurrent mark sweep GC freed 1413(82KB) AllocSpace objects, 1(20KB) LOS objects, 23% free, 50MB/66MB, paused 1.716ms total 56.159ms
08-04 19:30:56.105 14460 14472 I art     : Starting a blocking GC Explicit
08-04 19:30:56.151 14460 14472 I art     : Explicit concurrent mark sweep GC freed 23(752B) AllocSpace objects, 0(0B) LOS objects, 23% free, 50MB/66MB, paused 1.660ms total 45.838ms
08-04 19:30:56.165 14460 14472 I art     : Starting a blocking GC Explicit
08-04 19:30:56.213 14460 14472 I art     : Explicit concurrent mark sweep GC freed 3(96B) AllocSpace objects, 0(0B) LOS objects, 23% free, 50MB/66MB, paused 1.643ms total 48.179ms
08-04 19:30:56.227 14460 14472 I art     : Starting a blocking GC Explicit
08-04 19:30:56.273 14460 14472 I art     : Explicit concurrent mark sweep GC freed 3(96B) AllocSpace objects, 0(0B) LOS objects, 23% free, 50MB/66MB, paused 1.649ms total 45.959ms
08-04 19:30:56.287 14460 14472 I art     : Starting a blocking GC Explicit
08-04 19:30:56.336 14460 14472 I art     : Explicit concurrent mark sweep GC freed 3(96B) AllocSpace objects, 0(0B) LOS objects, 23% free, 50MB/66MB, paused 1.622ms total 48.374ms
08-04 19:30:56.729 14460 14491 I art     : Starting a blocking GC Explicit
08-04 19:30:56.787 14460 14491 I art     : Explicit concurrent mark sweep GC freed 1410(81KB) AllocSpace objects, 1(20KB) LOS objects, 23% free, 50MB/66MB, paused 1.669ms total 56.731ms
08-04 19:30:56.803 14460 14491 I art     : Starting a blocking GC Explicit
08-04 19:30:56.852 14460 14491 I art     : Explicit concurrent mark sweep GC freed 23(752B) AllocSpace objects, 0(0B) LOS objects, 23% free, 50MB/66MB, paused 1.484ms total 47.757ms
08-04 19:30:56.865 14460 14491 I art     : Starting a blocking GC Explicit
08-04 19:30:56.912 14460 14491 I art     : Explicit concurrent mark sweep GC freed 3(96B) AllocSpace objects, 0(0B) LOS objects, 23% free, 50MB/66MB, paused 1.621ms total 46.509ms
08-04 19:30:56.925 14460 14491 I art     : Starting a blocking GC Explicit
08-04 19:30:56.973 14460 14491 I art     : Explicit concurrent mark sweep GC freed 3(96B) AllocSpace objects, 0(0B) LOS objects, 23% free, 50MB/66MB, paused 1.595ms total 47.690ms
08-04 19:30:56.987 14460 14491 I art     : Starting a blocking GC Explicit
08-04 19:30:57.035 14460 14491 I art     : Explicit concurrent mark sweep GC freed 3(96B) AllocSpace objects, 0(0B) LOS objects, 23% free, 50MB/66MB, paused 1.637ms total 47.575ms
08-04 19:30:57.378 14460 14471 I art     : Starting a blocking GC Explicit
08-04 19:30:57.430 14460 14471 I art     : Explicit concurrent mark sweep GC freed 1381(81KB) AllocSpace objects, 1(20KB) LOS objects, 23% free, 50MB/66MB, paused 1.671ms total 51.190ms
08-04 19:30:57.443 14460 14471 I art     : Starting a blocking GC Explicit
08-04 19:30:57.486 14460 14471 I art     : Explicit concurrent mark sweep GC freed 23(752B) AllocSpace objects, 0(0B) LOS objects, 23% free, 50MB/66MB, paused 1.565ms total 42.391ms
08-04 19:30:57.499 14460 14471 I art     : Starting a blocking GC Explicit
08-04 19:30:57.544 14460 14471 I art     : Explicit concurrent mark sweep GC freed 3(96B) AllocSpace objects, 0(0B) LOS objects, 23% free, 50MB/66MB, paused 1.764ms total 44.803ms
08-04 19:30:57.558 14460 14471 I art     : Starting a blocking GC Explicit
08-04 19:30:57.603 14460 14471 I art     : Explicit concurrent mark sweep GC freed 3(96B) AllocSpace objects, 0(0B) LOS objects, 23% free, 50MB/66MB, paused 1.532ms total 45.037ms
08-04 19:30:57.616 14460 14471 I art     : Starting a blocking GC Explicit
08-04 19:30:57.661 14460 14471 I art     : Explicit concurrent mark sweep GC freed 3(96B) AllocSpace objects, 0(0B) LOS objects, 23% free, 50MB/66MB, paused 1.531ms total 44.599ms
08-04 19:30:57.739 17955 17955 D AndroidRuntime: >>>>>> START com.android.internal.os.RuntimeInit uid 2000 <<<<<<
08-04 19:30:57.747 17955 17955 D AndroidRuntime: CheckJNI is OFF
08-04 19:30:57.797 17955 17955 D ICU     : No timezone override file found: /data/misc/zoneinfo/current/icu/icu_tzdata.dat
08-04 19:30:57.843 17955 17955 I Radio-JNI: register_android_hardware_Radio DONE
08-04 19:30:57.871 17955 17955 D AndroidRuntime: Calling main entry com.android.commands.input.Input
08-04 19:30:57.874 17955 17955 I Input   : injectMotionEvent: MotionEvent { action=ACTION_DOWN, actionButton=0, id[0]=0, x[0]=526.0, y[0]=597.0, toolType[0]=TOOL_TYPE_UNKNOWN, buttonState=0, metaState=0, flags=0x0, edgeFlags=0x0, pointerCount=1, historySize=0, eventTime=732674286, downTime=732674286, deviceId=0, source=0x1002 }
08-04 19:30:57.879 17955 17955 I Input   : injectMotionEvent: MotionEvent { action=ACTION_UP, actionButton=0, id[0]=0, x[0]=526.0, y[0]=597.0, toolType[0]=TOOL_TYPE_UNKNOWN, buttonState=0, metaState=0, flags=0x0, edgeFlags=0x0, pointerCount=1, historySize=0, eventTime=732674286, downTime=732674286, deviceId=0, source=0x1002 }
08-04 19:30:57.881 17955 17955 D AndroidRuntime: Shutting down VM
08-04 19:30:57.946 14460 14460 D PodcastListFragment: Selected podcast: GpodnetPodcast [url=http://feeds.feedburner.com/linuxoutlaws, title=Linux Outlaws, description=Two pragmatic geeks talk about the latest news concerning Linux, free and open
08-04 19:30:57.946 14460 14460 D PodcastListFragment: technology or anything else they deem noteworthy which may include such absurd
08-04 19:30:57.946 14460 14460 D PodcastListFragment: things as hockey or bands you never heard of. This means there's many a joke
08-04 19:30:57.946 14460 14460 D PodcastListFragment: and derailed conversation along the way, so don't come here expecting only
08-04 19:30:57.946 14460 14460 D PodcastListFragment: Linux or software freedom talk  just sit back and relax, partner., subscribers=3321, logoUrl=http://sixgun.org/files/linuxoutlaws.jpg, website=http://sixgun.org, mygpoLink=http://gpodder.net/podcast/linux-outlaws-mp3]
08-04 19:30:57.947   918  3696 I ActivityManager: START u0 {cmp=baseline.de.danoeh.antennapod.debug/baseline.de.danoeh.antennapod.activity.OnlineFeedViewActivity (has extras)} from uid 10670 on display 0
08-04 19:30:57.948   512  2967 D audio_hw_primary: out_set_parameters: enter: usecase(1: low-latency-playback) kvpairs: routing=2
08-04 19:30:57.961   512  2967 D audio_hw_primary: select_devices: out_snd_device(2: speaker) in_snd_device(0: none)
08-04 19:30:57.961   512  2967 D msm8974_platform: platform_send_audio_calibration: sending audio calibration for snd_device(2) acdb_id(15)
08-04 19:30:57.961   512  2967 I soundtrigger: audio_extn_sound_trigger_update_device_status: device 0x2 of type 0 for Event 1
08-04 19:30:57.974   512  2967 D audio_hw_primary: enable_snd_device: snd_device(2: speaker)
08-04 19:30:57.977   512  2967 D audio_hw_primary: enable_audio_route: apply and update mixer path: low-latency-playback speaker
08-04 19:30:57.987 14460 14460 D UserPreferences: Using default data folder
08-04 19:30:57.988 14460 14460 D OnlineFeedViewActivity: Activity was started with url http://feeds.feedburner.com/linuxoutlaws
08-04 19:30:57.995 14460 14460 D OnlineFeedViewActivity: Starting feed download
08-04 19:30:57.997 14460 14995 D DBReader: Extracting Feedlist
08-04 19:30:57.999   918  6112 D WifiService: acquireWifiLockLocked: WifiLock{Downloader type=1 binder=android.os.BinderProxy@96a0b33}
08-04 19:30:58.000 14460 14995 D AntennapodHttpClient: Creating new instance of HTTP client
08-04 19:30:58.028 14460 14491 I art     : Starting a blocking GC Explicit
08-04 19:30:58.048 13866 13866 I GoogleInputMethodServic: GoogleInputMethodService.onFinishInput():3138 
08-04 19:30:58.049 13866 13866 I GoogleInputMethodServic: GoogleInputMethodService.onStartInput():1808 
08-04 19:30:58.072   918   936 I ActivityManager: Displayed baseline.de.danoeh.antennapod.debug/baseline.de.danoeh.antennapod.activity.OnlineFeedViewActivity: +112ms
08-04 19:30:58.073 14460 14491 I art     : Explicit concurrent mark sweep GC freed 2817(188KB) AllocSpace objects, 1(20KB) LOS objects, 23% free, 50MB/66MB, paused 1.970ms total 45.392ms
08-04 19:30:58.086 14460 14491 I art     : Starting a blocking GC Explicit
08-04 19:30:58.103 14460 14995 D MYTAG   : interceptor 3a http://feeds.feedburner.com/linuxoutlaws
08-04 19:30:58.103 14460 14995 I NAPPA_EXPERIMENTATION: MetricNetworkRequestExecutionTime: REQUEST_DURATION_SYSTEM='102',REQUEST_DURATION_OKHTTP='31',REQUEST_SYNCHRONOUS='TRUE',RESPONSE_CODE='200',RESPONSE_METHOD='GET',RESPONSE_LENGTH_OKHTTP='-1',RESPONSE_LENGTH_HEADER='-2',REQUEST_PROTOCOL='http/1.1',REQUEST_URL='http://feeds.feedburner.com/linuxoutlaws',
08-04 19:30:58.103 14460 14995 D HttpDownloader: Response code is 200
08-04 19:30:58.103 14460 14995 D UserPreferences: Using default data folder
08-04 19:30:58.107 14460 14995 D HttpDownloader: Getting size of download
08-04 19:30:58.107 14460 14995 D HttpDownloader: Size is -1
08-04 19:30:58.107 14460 14995 D UserPreferences: Using default data folder
08-04 19:30:58.107 14460 14995 D HttpDownloader: Free space is 20229210112
08-04 19:30:58.107 14460 14995 D HttpDownloader: Starting download
08-04 19:30:58.114 14460 14481 D OpenGLRenderer: endAllStagingAnimators on 0x7f7c5fc800 (GridView) with handle 0x7f794eb540
08-04 19:30:58.125 14460 14995 D HttpDownloader: Download was successful
08-04 19:30:58.126   918  3961 D WifiService: releaseWifiLockLocked: WifiLock{Downloader type=1 binder=android.os.BinderProxy@96a0b33}
08-04 19:30:58.127 14460 14460 D OnlineFeedViewActivity: Parsing feed
08-04 19:30:58.130 14460 17989 D TypeGetter: Recognized type RSS 2.0
08-04 19:30:58.132 14460 17989 D SyndHandler: Recognized Content namespace
08-04 19:30:58.134 14460 17989 D SyndHandler: Recognized DublinCore namespace
08-04 19:30:58.135 14460 17989 D SyndHandler: Recognized Atom namespace
08-04 19:30:58.135 14460 17989 D SyndHandler: Recognized ITunes namespace
08-04 19:30:58.135 14460 17989 D SyndHandler: Recognized media namespace
08-04 19:30:58.135 14460 14491 I art     : Explicit concurrent mark sweep GC freed 693(161KB) AllocSpace objects, 2(40KB) LOS objects, 23% free, 51MB/67MB, paused 1.748ms total 48.965ms
08-04 19:30:58.149 14460 14491 I art     : Starting a blocking GC Explicit
08-04 19:30:58.180 14460 17989 D OnlineFeedViewActivity: Deleted feed source file. Result: true
08-04 19:30:58.180 14460 14460 D OnlineFeedViewActivity: Removing HTML from shownotes
08-04 19:30:58.191 14460 14491 I art     : Explicit concurrent mark sweep GC freed 3943(517KB) AllocSpace objects, 12(768KB) LOS objects, 23% free, 51MB/67MB, paused 2.401ms total 41.482ms
08-04 19:30:58.204 14460 14491 I art     : Starting a blocking GC Explicit
08-04 19:30:58.207 14460 15388 D ApOkHttpUrlLoader: buildLoadData() called with: model = [http://sixgun.org/files/linuxoutlaws.jpg], width = [350], height = [350]
08-04 19:30:58.209 14460 15205 D DBReader: getImageAuthentication() called with: imageUrl = [http://sixgun.org/files/linuxoutlaws.jpg]
08-04 19:30:58.213 14460 15205 D ApOkHttpUrlLoader: no credentials for 'http://sixgun.org/files/linuxoutlaws.jpg'
08-04 19:30:58.242 14460 15205 D DBWriter: updateFeedDownloadURL(original: http://sixgun.org/files/linuxoutlaws.jpg, updated: https://fab.industries/sixgun/files/linuxoutlaws.jpg)
08-04 19:30:58.250 14460 14491 I art     : Explicit concurrent mark sweep GC freed 1817(115KB) AllocSpace objects, 0(0B) LOS objects, 23% free, 51MB/67MB, paused 2.070ms total 45.961ms
08-04 19:30:58.263 14460 14491 I art     : Starting a blocking GC Explicit
08-04 19:30:58.311 14460 14491 I art     : Explicit concurrent mark sweep GC freed 779(36KB) AllocSpace objects, 0(0B) LOS objects, 23% free, 51MB/67MB, paused 1.689ms total 47.031ms
08-04 19:30:58.320   380   380 W SurfaceFlinger: couldn't log to binary event log: overflow.
08-04 19:30:58.381 14460 15205 D MYTAG   : interceptor 2a
08-04 19:30:58.381 14460 15205 I NAPPA_EXPERIMENTATION: MetricNetworkRequestExecutionTime: REQUEST_DURATION_SYSTEM='168',REQUEST_DURATION_OKHTTP='132',REQUEST_SYNCHRONOUS='TRUE',RESPONSE_CODE='404',RESPONSE_METHOD='GET',RESPONSE_LENGTH_OKHTTP='-1',RESPONSE_LENGTH_HEADER='1503',REQUEST_PROTOCOL='h2',REQUEST_URL='https://fab.industries/sixgun/files/linuxoutlaws.jpg',
08-04 19:30:58.383 14460 14460 W Glide   : Load failed for http://sixgun.org/files/linuxoutlaws.jpg with size [350x350]
08-04 19:30:58.383 14460 14460 W Glide   : class com.bumptech.glide.load.engine.GlideException: Failed to load resource
08-04 19:30:58.383 14460 14460 W Glide   : There was 1 cause:
08-04 19:30:58.383 14460 14460 W Glide   : com.bumptech.glide.load.HttpException()
08-04 19:30:58.383 14460 14460 W Glide   :  call GlideException#logRootCauses(String) for more detail
08-04 19:30:58.383 14460 14460 W Glide   :   Cause (1 of 1): class com.bumptech.glide.load.engine.GlideException: Fetching data failed, class java.io.InputStream, REMOTE
08-04 19:30:58.383 14460 14460 W Glide   : There was 1 cause:
08-04 19:30:58.383 14460 14460 W Glide   : com.bumptech.glide.load.HttpException()
08-04 19:30:58.383 14460 14460 W Glide   :  call GlideException#logRootCauses(String) for more detail
08-04 19:30:58.383 14460 14460 W Glide   :     Cause (1 of 1): class com.bumptech.glide.load.HttpException: 
08-04 19:30:58.383 14460 14460 I Glide   : Root cause (1 of 1)
08-04 19:30:58.383 14460 14460 I Glide   : com.bumptech.glide.load.HttpException: 
08-04 19:30:58.383 14460 14460 I Glide   : 	at com.bumptech.glide.integration.okhttp3.OkHttpStreamFetcher.onResponse(OkHttpStreamFetcher.java:73)
08-04 19:30:58.383 14460 14460 I Glide   : 	at okhttp3.RealCall$AsyncCall.execute(RealCall.java:174)
08-04 19:30:58.383 14460 14460 I Glide   : 	at okhttp3.internal.NamedRunnable.run(NamedRunnable.java:32)
08-04 19:30:58.383 14460 14460 I Glide   : 	at java.util.concurrent.ThreadPoolExecutor.runWorker(ThreadPoolExecutor.java:1113)
08-04 19:30:58.383 14460 14460 I Glide   : 	at java.util.concurrent.ThreadPoolExecutor$Worker.run(ThreadPoolExecutor.java:588)
08-04 19:30:58.383 14460 14460 I Glide   : 	at java.lang.Thread.run(Thread.java:818)
08-04 19:30:58.462 14460 14460 D PlaybackController: Releasing PlaybackController
08-04 19:30:58.508   512  2967 D audio_hw_primary: disable_audio_route: reset and update mixer path: low-latency-playback speaker
08-04 19:30:58.510   512  2967 D audio_hw_primary: disable_snd_device: snd_device(2: speaker)
08-04 19:30:58.517   512  2967 I soundtrigger: audio_extn_sound_trigger_update_device_status: device 0x2 of type 0 for Event 0
08-04 19:30:58.681 14460 14472 I art     : Starting a blocking GC Explicit
08-04 19:30:58.736 14460 14472 I art     : Explicit concurrent mark sweep GC freed 2149(144KB) AllocSpace objects, 2(132KB) LOS objects, 23% free, 50MB/66MB, paused 1.685ms total 55.077ms
08-04 19:30:58.753 14460 14472 I art     : Starting a blocking GC Explicit
08-04 19:30:58.798 14460 14472 I art     : Explicit concurrent mark sweep GC freed 79(2560B) AllocSpace objects, 0(0B) LOS objects, 23% free, 50MB/66MB, paused 1.739ms total 45.401ms
08-04 19:30:58.812 14460 14472 I art     : Starting a blocking GC Explicit
08-04 19:30:58.858 14460 14472 I art     : Explicit concurrent mark sweep GC freed 3(96B) AllocSpace objects, 0(0B) LOS objects, 23% free, 50MB/66MB, paused 1.665ms total 45.924ms
08-04 19:30:58.872 14460 14472 I art     : Starting a blocking GC Explicit
08-04 19:30:58.917 14460 14472 I art     : Explicit concurrent mark sweep GC freed 3(96B) AllocSpace objects, 0(0B) LOS objects, 23% free, 50MB/66MB, paused 1.611ms total 44.914ms
08-04 19:30:58.930 14460 14472 I art     : Starting a blocking GC Explicit
08-04 19:30:58.976 14460 14472 I art     : Explicit concurrent mark sweep GC freed 3(96B) AllocSpace objects, 0(0B) LOS objects, 23% free, 50MB/66MB, paused 1.615ms total 45.114ms
08-04 19:30:59.349 14460 14471 I art     : Starting a blocking GC Explicit
08-04 19:30:59.404 14460 14471 I art     : Explicit concurrent mark sweep GC freed 1381(81KB) AllocSpace objects, 1(20KB) LOS objects, 23% free, 50MB/66MB, paused 1.679ms total 55.209ms
08-04 19:30:59.419 14460 14471 I art     : Starting a blocking GC Explicit
08-04 19:30:59.465 14460 14471 I art     : Explicit concurrent mark sweep GC freed 23(768B) AllocSpace objects, 0(0B) LOS objects, 23% free, 50MB/66MB, paused 1.726ms total 45.421ms
08-04 19:30:59.479 14460 14471 I art     : Starting a blocking GC Explicit
08-04 19:30:59.523 14460 14471 I art     : Explicit concurrent mark sweep GC freed 3(96B) AllocSpace objects, 0(0B) LOS objects, 23% free, 50MB/66MB, paused 1.565ms total 44.324ms
08-04 19:30:59.537 14460 14471 I art     : Starting a blocking GC Explicit
08-04 19:30:59.587 14460 14471 I art     : Explicit concurrent mark sweep GC freed 3(96B) AllocSpace objects, 0(0B) LOS objects, 23% free, 50MB/66MB, paused 1.596ms total 50.036ms
08-04 19:30:59.601 14460 14471 I art     : Starting a blocking GC Explicit
08-04 19:30:59.651 14460 14471 I art     : Explicit concurrent mark sweep GC freed 3(96B) AllocSpace objects, 0(0B) LOS objects, 23% free, 50MB/66MB, paused 1.653ms total 50.066ms
08-04 19:31:00.053 14460 14471 I art     : Starting a blocking GC Explicit
08-04 19:31:00.100 14460 14471 I art     : Explicit concurrent mark sweep GC freed 1440(82KB) AllocSpace objects, 1(20KB) LOS objects, 23% free, 50MB/66MB, paused 1.579ms total 46.156ms
08-04 19:31:00.113 14460 14471 I art     : Starting a blocking GC Explicit
08-04 19:31:00.160 14460 14471 I art     : Explicit concurrent mark sweep GC freed 23(752B) AllocSpace objects, 0(0B) LOS objects, 23% free, 50MB/66MB, paused 1.582ms total 47.285ms
08-04 19:31:00.174 14460 14471 I art     : Starting a blocking GC Explicit
08-04 19:31:00.222 14460 14471 I art     : Explicit concurrent mark sweep GC freed 3(96B) AllocSpace objects, 0(0B) LOS objects, 23% free, 50MB/66MB, paused 1.623ms total 47.973ms
08-04 19:31:00.236 14460 14471 I art     : Starting a blocking GC Explicit
08-04 19:31:00.286 14460 14471 I art     : Explicit concurrent mark sweep GC freed 3(96B) AllocSpace objects, 0(0B) LOS objects, 23% free, 50MB/66MB, paused 1.643ms total 49.726ms
08-04 19:31:00.300 14460 14471 I art     : Starting a blocking GC Explicit
08-04 19:31:00.349 14460 14471 I art     : Explicit concurrent mark sweep GC freed 3(96B) AllocSpace objects, 0(0B) LOS objects, 23% free, 50MB/66MB, paused 1.797ms total 48.589ms
08-04 19:31:00.743 14460 14910 I art     : Starting a blocking GC Explicit
08-04 19:31:00.804 14460 14910 I art     : Explicit concurrent mark sweep GC freed 1410(81KB) AllocSpace objects, 1(20KB) LOS objects, 23% free, 50MB/66MB, paused 1.684ms total 59.998ms
08-04 19:31:00.818 14460 14910 I art     : Starting a blocking GC Explicit
08-04 19:31:00.869 14460 14910 I art     : Explicit concurrent mark sweep GC freed 23(768B) AllocSpace objects, 0(0B) LOS objects, 23% free, 50MB/66MB, paused 1.722ms total 50.375ms
08-04 19:31:00.883 14460 14910 I art     : Starting a blocking GC Explicit
08-04 19:31:00.932 14460 14910 I art     : Explicit concurrent mark sweep GC freed 3(96B) AllocSpace objects, 0(0B) LOS objects, 23% free, 50MB/66MB, paused 1.549ms total 48.398ms
08-04 19:31:00.946 14460 14910 I art     : Starting a blocking GC Explicit
08-04 19:31:00.996 14460 14910 I art     : Explicit concurrent mark sweep GC freed 3(96B) AllocSpace objects, 0(0B) LOS objects, 23% free, 50MB/66MB, paused 1.680ms total 49.662ms
08-04 19:31:01.010 14460 14910 I art     : Starting a blocking GC Explicit
08-04 19:31:01.058 14460 14910 I art     : Explicit concurrent mark sweep GC freed 3(96B) AllocSpace objects, 0(0B) LOS objects, 23% free, 50MB/66MB, paused 1.797ms total 48.516ms
08-04 19:31:01.431 14460 16273 I art     : Starting a blocking GC Explicit
08-04 19:31:01.495 14460 16273 I art     : Explicit concurrent mark sweep GC freed 1381(81KB) AllocSpace objects, 1(20KB) LOS objects, 23% free, 50MB/66MB, paused 1.735ms total 63.728ms
08-04 19:31:01.511 14460 16273 I art     : Starting a blocking GC Explicit
08-04 19:31:01.559 14460 16273 I art     : Explicit concurrent mark sweep GC freed 23(752B) AllocSpace objects, 0(0B) LOS objects, 23% free, 50MB/66MB, paused 1.745ms total 48.459ms
08-04 19:31:01.573 14460 16273 I art     : Starting a blocking GC Explicit
08-04 19:31:01.624 14460 16273 I art     : Explicit concurrent mark sweep GC freed 3(96B) AllocSpace objects, 0(0B) LOS objects, 23% free, 50MB/66MB, paused 1.597ms total 50.119ms
08-04 19:31:01.638 14460 16273 I art     : Starting a blocking GC Explicit
08-04 19:31:01.686 14460 16273 I art     : Explicit concurrent mark sweep GC freed 3(96B) AllocSpace objects, 0(0B) LOS objects, 23% free, 50MB/66MB, paused 1.672ms total 48.338ms
08-04 19:31:01.700 14460 16273 I art     : Starting a blocking GC Explicit
08-04 19:31:01.753 14460 16273 I art     : Explicit concurrent mark sweep GC freed 32(880B) AllocSpace objects, 0(0B) LOS objects, 23% free, 50MB/66MB, paused 1.737ms total 51.840ms
08-04 19:31:02.177 14460 14491 I art     : Starting a blocking GC Explicit
08-04 19:31:02.223 14460 14491 I art     : Explicit concurrent mark sweep GC freed 1383(84KB) AllocSpace objects, 1(20KB) LOS objects, 23% free, 50MB/66MB, paused 1.621ms total 46.096ms
08-04 19:31:02.236 14460 14491 I art     : Starting a blocking GC Explicit
08-04 19:31:02.279 14460 14491 I art     : Explicit concurrent mark sweep GC freed 23(768B) AllocSpace objects, 0(0B) LOS objects, 23% free, 50MB/66MB, paused 1.577ms total 42.606ms
08-04 19:31:02.292 14460 14491 I art     : Starting a blocking GC Explicit
08-04 19:31:02.337 14460 14491 I art     : Explicit concurrent mark sweep GC freed 3(96B) AllocSpace objects, 0(0B) LOS objects, 23% free, 50MB/66MB, paused 1.692ms total 44.579ms
08-04 19:31:02.351 14460 14491 I art     : Starting a blocking GC Explicit
08-04 19:31:02.397 14460 14491 I art     : Explicit concurrent mark sweep GC freed 3(96B) AllocSpace objects, 0(0B) LOS objects, 23% free, 50MB/66MB, paused 1.624ms total 45.883ms
08-04 19:31:02.410 14460 14491 I art     : Starting a blocking GC Explicit
08-04 19:31:02.457 14460 14491 I art     : Explicit concurrent mark sweep GC freed 3(96B) AllocSpace objects, 0(0B) LOS objects, 23% free, 50MB/66MB, paused 1.737ms total 46.937ms
08-04 19:31:02.636   518   646 I ThermalEngine: ACTION: GPU - Setting GPU[0] to 510000000
08-04 19:31:02.678 18052 18052 D AndroidRuntime: >>>>>> START com.android.internal.os.RuntimeInit uid 2000 <<<<<<
08-04 19:31:02.684 18052 18052 D AndroidRuntime: CheckJNI is OFF
08-04 19:31:02.716 18052 18052 D ICU     : No timezone override file found: /data/misc/zoneinfo/current/icu/icu_tzdata.dat
08-04 19:31:02.748 18052 18052 I Radio-JNI: register_android_hardware_Radio DONE
08-04 19:31:02.770 18052 18052 D AndroidRuntime: Calling main entry com.android.commands.input.Input
08-04 19:31:02.772 18052 18052 I Input   : injectKeyEvent: KeyEvent { action=ACTION_DOWN, keyCode=KEYCODE_BACK, scanCode=0, metaState=0, flags=0x0, repeatCount=0, eventTime=732679185, downTime=732679185, deviceId=-1, source=0x101 }
08-04 19:31:02.777 18052 18052 I Input   : injectKeyEvent: KeyEvent { action=ACTION_UP, keyCode=KEYCODE_BACK, scanCode=0, metaState=0, flags=0x0, repeatCount=0, eventTime=732679185, downTime=732679185, deviceId=-1, source=0x101 }
08-04 19:31:02.783 18052 18052 D AndroidRuntime: Shutting down VM
08-04 19:31:02.788 14460 14460 V PlaybackController: initServiceNotRunning()
08-04 19:31:02.788 14460 14460 D ExternalPlayerFragment: Loading media info
08-04 19:31:02.791 14460 15388 D ApOkHttpUrlLoader: buildLoadData() called with: model = [http://sixgun.org/files/linuxoutlaws.jpg], width = [224], height = [224]
08-04 19:31:02.792 14460 15205 D DBReader: getImageAuthentication() called with: imageUrl = [http://sixgun.org/files/linuxoutlaws.jpg]
08-04 19:31:02.793 14460 14460 D UserPreferences: Using default data folder
08-04 19:31:02.794 14460 14995 D DBReader: getNavDrawerData() called with: 
08-04 19:31:02.795 14460 15205 D ApOkHttpUrlLoader: no credentials for 'http://sixgun.org/files/linuxoutlaws.jpg'
08-04 19:31:02.804 14460 14995 D DBReader: getDownloadedItems() called
08-04 19:31:02.805 14460 14995 D DBReader: getFavoriteIDList() called
08-04 19:31:02.806 14460 14995 D DBReader: getQueueIDList() called
08-04 19:31:02.806 14460 14995 D DBReader: Extracting Feedlist
08-04 19:31:02.812 14460 14472 I art     : Starting a blocking GC Explicit
08-04 19:31:02.822 13866 13866 I GoogleInputMethodServic: GoogleInputMethodService.onFinishInput():3138 
08-04 19:31:02.822 13866 13866 I GoogleInputMethodServic: GoogleInputMethodService.onStartInput():1808 
08-04 19:31:02.837 14460 14460 D MainActivity: getLastNavFragment() -> AddFeedFragment
08-04 19:31:02.847 14460 14472 I art     : Explicit concurrent mark sweep GC freed 2623(160KB) AllocSpace objects, 1(20KB) LOS objects, 23% free, 50MB/66MB, paused 1.606ms total 35.692ms
08-04 19:31:02.858 14460 14472 I art     : Starting a blocking GC Explicit
08-04 19:31:02.892 14460 14472 I art     : Explicit concurrent mark sweep GC freed 646(31KB) AllocSpace objects, 0(0B) LOS objects, 23% free, 50MB/66MB, paused 1.170ms total 33.160ms
08-04 19:31:02.901 14460 14472 I art     : Starting a blocking GC Explicit
08-04 19:31:02.909 14460 15205 D DBWriter: updateFeedDownloadURL(original: http://sixgun.org/files/linuxoutlaws.jpg, updated: https://fab.industries/sixgun/files/linuxoutlaws.jpg)
08-04 19:31:02.934 14460 14472 I art     : Explicit concurrent mark sweep GC freed 343(21KB) AllocSpace objects, 0(0B) LOS objects, 23% free, 50MB/66MB, paused 1.099ms total 32.775ms
08-04 19:31:02.944 14460 14472 I art     : Starting a blocking GC Explicit
08-04 19:31:02.979 14460 14472 I art     : Explicit concurrent mark sweep GC freed 20(928B) AllocSpace objects, 0(0B) LOS objects, 23% free, 50MB/66MB, paused 1.578ms total 34.884ms
08-04 19:31:02.993 14460 14472 I art     : Starting a blocking GC Explicit
08-04 19:31:03.038 14460 14472 I art     : Explicit concurrent mark sweep GC freed 3(96B) AllocSpace objects, 0(0B) LOS objects, 23% free, 50MB/66MB, paused 1.392ms total 44.571ms
08-04 19:31:03.043 14460 15205 D MYTAG   : interceptor 2a
08-04 19:31:03.044 14460 15205 I NAPPA_EXPERIMENTATION: MetricNetworkRequestExecutionTime: REQUEST_DURATION_SYSTEM='248',REQUEST_DURATION_OKHTTP='131',REQUEST_SYNCHRONOUS='TRUE',RESPONSE_CODE='404',RESPONSE_METHOD='GET',RESPONSE_LENGTH_OKHTTP='-1',RESPONSE_LENGTH_HEADER='1503',REQUEST_PROTOCOL='h2',REQUEST_URL='https://fab.industries/sixgun/files/linuxoutlaws.jpg',
08-04 19:31:03.046 14460 14460 W Glide   : Load failed for http://sixgun.org/files/linuxoutlaws.jpg with size [224x224]
08-04 19:31:03.046 14460 14460 W Glide   : class com.bumptech.glide.load.engine.GlideException: Failed to load resource
08-04 19:31:03.046 14460 14460 W Glide   : There was 1 cause:
08-04 19:31:03.046 14460 14460 W Glide   : com.bumptech.glide.load.HttpException()
08-04 19:31:03.046 14460 14460 W Glide   :  call GlideException#logRootCauses(String) for more detail
08-04 19:31:03.046 14460 14460 W Glide   :   Cause (1 of 1): class com.bumptech.glide.load.engine.GlideException: Fetching data failed, class java.io.InputStream, REMOTE
08-04 19:31:03.046 14460 14460 W Glide   : There was 1 cause:
08-04 19:31:03.046 14460 14460 W Glide   : com.bumptech.glide.load.HttpException()
08-04 19:31:03.046 14460 14460 W Glide   :  call GlideException#logRootCauses(String) for more detail
08-04 19:31:03.046 14460 14460 W Glide   :     Cause (1 of 1): class com.bumptech.glide.load.HttpException: 
08-04 19:31:03.047 14460 14460 I Glide   : Root cause (1 of 1)
08-04 19:31:03.047 14460 14460 I Glide   : com.bumptech.glide.load.HttpException: 
08-04 19:31:03.047 14460 14460 I Glide   : 	at com.bumptech.glide.integration.okhttp3.OkHttpStreamFetcher.onResponse(OkHttpStreamFetcher.java:73)
08-04 19:31:03.047 14460 14460 I Glide   : 	at okhttp3.RealCall$AsyncCall.execute(RealCall.java:174)
08-04 19:31:03.047 14460 14460 I Glide   : 	at okhttp3.internal.NamedRunnable.run(NamedRunnable.java:32)
08-04 19:31:03.047 14460 14460 I Glide   : 	at java.util.concurrent.ThreadPoolExecutor.runWorker(ThreadPoolExecutor.java:1113)
08-04 19:31:03.047 14460 14460 I Glide   : 	at java.util.concurrent.ThreadPoolExecutor$Worker.run(ThreadPoolExecutor.java:588)
08-04 19:31:03.047 14460 14460 I Glide   : 	at java.lang.Thread.run(Thread.java:818)
08-04 19:31:03.048 14460 14460 W Glide   : Load failed for http://sixgun.org/files/linuxoutlaws.jpg with size [224x224]
08-04 19:31:03.048 14460 14460 W Glide   : class com.bumptech.glide.load.engine.GlideException: Failed to load resource
08-04 19:31:03.048 14460 14460 W Glide   : There was 1 cause:
08-04 19:31:03.048 14460 14460 W Glide   : com.bumptech.glide.load.HttpException()
08-04 19:31:03.048 14460 14460 W Glide   :  call GlideException#logRootCauses(String) for more detail
08-04 19:31:03.048 14460 14460 W Glide   :   Cause (1 of 1): class com.bumptech.glide.load.engine.GlideException: Fetching data failed, class java.io.InputStream, REMOTE
08-04 19:31:03.048 14460 14460 W Glide   : There was 1 cause:
08-04 19:31:03.048 14460 14460 W Glide   : com.bumptech.glide.load.HttpException()
08-04 19:31:03.048 14460 14460 W Glide   :  call GlideException#logRootCauses(String) for more detail
08-04 19:31:03.048 14460 14460 W Glide   :     Cause (1 of 1): class com.bumptech.glide.load.HttpException: 
08-04 19:31:03.048 14460 14460 I Glide   : Root cause (1 of 1)
08-04 19:31:03.048 14460 14460 I Glide   : com.bumptech.glide.load.HttpException: 
08-04 19:31:03.048 14460 14460 I Glide   : 	at com.bumptech.glide.integration.okhttp3.OkHttpStreamFetcher.onResponse(OkHttpStreamFetcher.java:73)
08-04 19:31:03.048 14460 14460 I Glide   : 	at okhttp3.RealCall$AsyncCall.execute(RealCall.java:174)
08-04 19:31:03.048 14460 14460 I Glide   : 	at okhttp3.internal.NamedRunnable.run(NamedRunnable.java:32)
08-04 19:31:03.048 14460 14460 I Glide   : 	at java.util.concurrent.ThreadPoolExecutor.runWorker(ThreadPoolExecutor.java:1113)
08-04 19:31:03.048 14460 14460 I Glide   : 	at java.util.concurrent.ThreadPoolExecutor$Worker.run(ThreadPoolExecutor.java:588)
08-04 19:31:03.048 14460 14460 I Glide   : 	at java.lang.Thread.run(Thread.java:818)
08-04 19:31:03.108   380   380 W SurfaceFlinger: couldn't log to binary event log: overflow.
08-04 19:31:03.323 14460 16273 I art     : Starting a blocking GC Explicit
08-04 19:31:03.366 14460 16273 I art     : Explicit concurrent mark sweep GC freed 2547(183KB) AllocSpace objects, 1(20KB) LOS objects, 23% free, 50MB/66MB, paused 1.236ms total 42.953ms
08-04 19:31:03.377 14460 16273 I art     : Starting a blocking GC Explicit
08-04 19:31:03.414 14460 16273 I art     : Explicit concurrent mark sweep GC freed 2896(237KB) AllocSpace objects, 1(28KB) LOS objects, 23% free, 50MB/66MB, paused 1.215ms total 36.390ms
08-04 19:31:03.424 14460 16273 I art     : Starting a blocking GC Explicit
08-04 19:31:03.460 14460 16273 I art     : Explicit concurrent mark sweep GC freed 3(96B) AllocSpace objects, 0(0B) LOS objects, 23% free, 50MB/66MB, paused 1.229ms total 35.674ms
08-04 19:31:03.470 14460 16273 I art     : Starting a blocking GC Explicit
08-04 19:31:03.507 14460 16273 I art     : Explicit concurrent mark sweep GC freed 3(96B) AllocSpace objects, 0(0B) LOS objects, 23% free, 50MB/66MB, paused 1.305ms total 36.793ms
08-04 19:31:03.518 14460 16273 I art     : Starting a blocking GC Explicit
08-04 19:31:03.555 14460 16273 I art     : Explicit concurrent mark sweep GC freed 3(96B) AllocSpace objects, 0(0B) LOS objects, 23% free, 50MB/66MB, paused 1.341ms total 36.306ms
08-04 19:31:03.902 14460 14471 I art     : Starting a blocking GC Explicit
08-04 19:31:03.943 14460 14471 I art     : Explicit concurrent mark sweep GC freed 1412(82KB) AllocSpace objects, 1(20KB) LOS objects, 23% free, 50MB/66MB, paused 1.250ms total 40.659ms
08-04 19:31:03.953 14460 14471 I art     : Starting a blocking GC Explicit
08-04 19:31:03.989 14460 14471 I art     : Explicit concurrent mark sweep GC freed 23(768B) AllocSpace objects, 0(0B) LOS objects, 23% free, 50MB/66MB, paused 1.256ms total 35.454ms
08-04 19:31:03.999 14460 14471 I art     : Starting a blocking GC Explicit
08-04 19:31:04.034 14460 14471 I art     : Explicit concurrent mark sweep GC freed 3(96B) AllocSpace objects, 0(0B) LOS objects, 23% free, 50MB/66MB, paused 1.128ms total 33.984ms
08-04 19:31:04.045 14460 14471 I art     : Starting a blocking GC Explicit
08-04 19:31:04.077 14460 14471 I art     : Explicit concurrent mark sweep GC freed 3(96B) AllocSpace objects, 0(0B) LOS objects, 23% free, 50MB/66MB, paused 1.210ms total 32.565ms
08-04 19:31:04.087 14460 14471 I art     : Starting a blocking GC Explicit
08-04 19:31:04.121 14460 14471 I art     : Explicit concurrent mark sweep GC freed 3(96B) AllocSpace objects, 0(0B) LOS objects, 23% free, 50MB/66MB, paused 1.222ms total 33.241ms
08-04 19:31:04.425 18119 18119 D AndroidRuntime: >>>>>> START com.android.internal.os.RuntimeInit uid 2000 <<<<<<
08-04 19:31:04.428 14460 14491 I art     : Starting a blocking GC Explicit
08-04 19:31:04.430 18119 18119 D AndroidRuntime: CheckJNI is OFF
08-04 19:31:04.467 18119 18119 D ICU     : No timezone override file found: /data/misc/zoneinfo/current/icu/icu_tzdata.dat
08-04 19:31:04.468 14460 14491 I art     : Explicit concurrent mark sweep GC freed 1398(81KB) AllocSpace objects, 1(20KB) LOS objects, 23% free, 50MB/66MB, paused 1.287ms total 39.821ms
08-04 19:31:04.478 14460 14491 I art     : Starting a blocking GC Explicit
08-04 19:31:04.502 18119 18119 I Radio-JNI: register_android_hardware_Radio DONE
08-04 19:31:04.511 14460 14491 I art     : Explicit concurrent mark sweep GC freed 30(976B) AllocSpace objects, 0(0B) LOS objects, 23% free, 50MB/66MB, paused 1.307ms total 32.710ms
08-04 19:31:04.520 14460 14491 I art     : Starting a blocking GC Explicit
08-04 19:31:04.524 18119 18119 D AndroidRuntime: Calling main entry com.android.commands.input.Input
08-04 19:31:04.525 18119 18119 I Input   : injectKeyEvent: KeyEvent { action=ACTION_DOWN, keyCode=KEYCODE_BACK, scanCode=0, metaState=0, flags=0x0, repeatCount=0, eventTime=732680938, downTime=732680938, deviceId=-1, source=0x101 }
08-04 19:31:04.530 18119 18119 I Input   : injectKeyEvent: KeyEvent { action=ACTION_UP, keyCode=KEYCODE_BACK, scanCode=0, metaState=0, flags=0x0, repeatCount=0, eventTime=732680938, downTime=732680938, deviceId=-1, source=0x101 }
08-04 19:31:04.550 18119 18119 D AndroidRuntime: Shutting down VM
08-04 19:31:04.553 14460 14491 I art     : Explicit concurrent mark sweep GC freed 1707(71KB) AllocSpace objects, 0(0B) LOS objects, 23% free, 50MB/66MB, paused 1.937ms total 32.445ms
08-04 19:31:04.563 14460 14491 I art     : Starting a blocking GC Explicit
08-04 19:31:04.596 14460 14491 I art     : Explicit concurrent mark sweep GC freed 452(18KB) AllocSpace objects, 0(0B) LOS objects, 23% free, 50MB/66MB, paused 1.163ms total 33.001ms
08-04 19:31:04.605 14460 14491 I art     : Starting a blocking GC Explicit
08-04 19:31:04.636 14460 14491 I art     : Explicit concurrent mark sweep GC freed 5304(392KB) AllocSpace objects, 9(1620KB) LOS objects, 24% free, 48MB/64MB, paused 1.146ms total 30.809ms
08-04 19:31:04.641   518   646 I ThermalEngine: ACTION: GPU - Setting GPU[0] to 450000000
08-04 19:31:04.981 14460 14471 I art     : Starting a blocking GC Explicit
08-04 19:31:05.026 14460 14471 I art     : Explicit concurrent mark sweep GC freed 1456(84KB) AllocSpace objects, 1(20KB) LOS objects, 24% free, 48MB/64MB, paused 1.642ms total 45.009ms
08-04 19:31:05.039 14460 14471 I art     : Starting a blocking GC Explicit
08-04 19:31:05.082 14460 14471 I art     : Explicit concurrent mark sweep GC freed 23(752B) AllocSpace objects, 0(0B) LOS objects, 24% free, 48MB/64MB, paused 1.599ms total 42.474ms
08-04 19:31:05.095 14460 14471 I art     : Starting a blocking GC Explicit
08-04 19:31:05.138 14460 14471 I art     : Explicit concurrent mark sweep GC freed 3(96B) AllocSpace objects, 0(0B) LOS objects, 24% free, 48MB/64MB, paused 1.647ms total 42.328ms
08-04 19:31:05.151 14460 14471 I art     : Starting a blocking GC Explicit
08-04 19:31:05.193 14460 14471 I art     : Explicit concurrent mark sweep GC freed 3(96B) AllocSpace objects, 0(0B) LOS objects, 24% free, 48MB/64MB, paused 1.605ms total 42.283ms
08-04 19:31:05.206 14460 14471 I art     : Starting a blocking GC Explicit
08-04 19:31:05.249 14460 14471 I art     : Explicit concurrent mark sweep GC freed 3(96B) AllocSpace objects, 0(0B) LOS objects, 24% free, 48MB/64MB, paused 1.598ms total 42.539ms
08-04 19:31:05.621 14460 14910 I art     : Starting a blocking GC Explicit
08-04 19:31:05.671 14460 14910 I art     : Explicit concurrent mark sweep GC freed 1381(82KB) AllocSpace objects, 1(20KB) LOS objects, 24% free, 48MB/64MB, paused 1.737ms total 50.072ms
08-04 19:31:05.688 14460 14910 I art     : Starting a blocking GC Explicit
08-04 19:31:05.730 14460 14910 I art     : Explicit concurrent mark sweep GC freed 23(752B) AllocSpace objects, 0(0B) LOS objects, 24% free, 48MB/64MB, paused 1.608ms total 41.584ms
08-04 19:31:05.743 14460 14910 I art     : Starting a blocking GC Explicit
08-04 19:31:05.784 14460 14910 I art     : Explicit concurrent mark sweep GC freed 32(880B) AllocSpace objects, 0(0B) LOS objects, 24% free, 48MB/64MB, paused 1.522ms total 41.290ms
08-04 19:31:05.797 14460 14910 I art     : Starting a blocking GC Explicit
08-04 19:31:05.837 14460 14910 I art     : Explicit concurrent mark sweep GC freed 3(96B) AllocSpace objects, 0(0B) LOS objects, 24% free, 48MB/64MB, paused 1.535ms total 39.900ms
08-04 19:31:05.850 14460 14910 I art     : Starting a blocking GC Explicit
08-04 19:31:05.889 14460 14910 I art     : Explicit concurrent mark sweep GC freed 3(96B) AllocSpace objects, 0(0B) LOS objects, 24% free, 48MB/64MB, paused 1.609ms total 39.501ms
08-04 19:31:06.250 14460 14472 I art     : Starting a blocking GC Explicit
08-04 19:31:06.294 14460 14472 I art     : Explicit concurrent mark sweep GC freed 1397(83KB) AllocSpace objects, 1(20KB) LOS objects, 24% free, 48MB/64MB, paused 1.595ms total 43.663ms
08-04 19:31:06.307 14460 14472 I art     : Starting a blocking GC Explicit
08-04 19:31:06.349 14460 14472 I art     : Explicit concurrent mark sweep GC freed 31(1008B) AllocSpace objects, 0(0B) LOS objects, 24% free, 48MB/64MB, paused 1.603ms total 41.714ms
08-04 19:31:06.363 14460 14472 I art     : Starting a blocking GC Explicit
08-04 19:31:06.382 18175 18175 D AndroidRuntime: >>>>>> START com.android.internal.os.RuntimeInit uid 2000 <<<<<<
08-04 19:31:06.388 18175 18175 D AndroidRuntime: CheckJNI is OFF
08-04 19:31:06.403 14460 14472 I art     : Explicit concurrent mark sweep GC freed 9(288B) AllocSpace objects, 0(0B) LOS objects, 24% free, 48MB/64MB, paused 1.512ms total 40.269ms
08-04 19:31:06.417 14460 14472 I art     : Starting a blocking GC Explicit
08-04 19:31:06.432 18175 18175 D ICU     : No timezone override file found: /data/misc/zoneinfo/current/icu/icu_tzdata.dat
08-04 19:31:06.455 14460 14472 I art     : Explicit concurrent mark sweep GC freed 4(128B) AllocSpace objects, 0(0B) LOS objects, 24% free, 48MB/64MB, paused 1.616ms total 38.099ms
08-04 19:31:06.467 14460 14472 I art     : Starting a blocking GC Explicit
08-04 19:31:06.477 18175 18175 I Radio-JNI: register_android_hardware_Radio DONE
08-04 19:31:06.504 18175 18175 D AndroidRuntime: Calling main entry com.android.commands.am.Am
08-04 19:31:06.506   918  3261 D WifiStateMachine: starting scan for "H369AA63323"WPA_PSK with 2412,5180
08-04 19:31:06.507 14460 14472 I art     : Explicit concurrent mark sweep GC freed 3(96B) AllocSpace objects, 0(0B) LOS objects, 24% free, 48MB/64MB, paused 1.676ms total 39.370ms
08-04 19:31:06.518  8245  8245 I Trepn   : Trepn 6.2s: Received intent: com.quicinc.trepn.stop_profiling
08-04 19:31:06.536   918   937 W ProcessCpuTracker: Skipping unknown process pid 18184
08-04 19:31:06.536   918   937 W ProcessCpuTracker: Skipping unknown process pid 18186
08-04 19:31:06.537   918   937 W ProcessCpuTracker: Skipping unknown process pid 18192
08-04 19:31:06.555  8245  8245 I Trepn   : Trepn 6.2s: Trepn has Stopped Profiling.
08-04 19:31:06.754 18175 18175 D AndroidRuntime: Shutting down VM
08-04 19:31:06.758   918  6029 W AppOps  : Finishing op nesting under-run: uid 10078 pkg com.quicinc.trepn code 24 time=0 duration=0 nesting=0
08-04 19:31:06.849 14460 16273 I art     : Starting a blocking GC Explicit
08-04 19:31:06.886 14460 16273 I art     : Explicit concurrent mark sweep GC freed 1412(82KB) AllocSpace objects, 1(20KB) LOS objects, 24% free, 48MB/64MB, paused 1.531ms total 36.972ms
08-04 19:31:06.898 14460 16273 I art     : Starting a blocking GC Explicit
08-04 19:31:06.938 14460 16273 I art     : Explicit concurrent mark sweep GC freed 23(752B) AllocSpace objects, 0(0B) LOS objects, 24% free, 48MB/64MB, paused 1.651ms total 39.778ms
08-04 19:31:06.951 14460 16273 I art     : Starting a blocking GC Explicit
08-04 19:31:06.993 14460 16273 I art     : Explicit concurrent mark sweep GC freed 3(96B) AllocSpace objects, 0(0B) LOS objects, 24% free, 48MB/64MB, paused 1.600ms total 41.375ms
08-04 19:31:07.005 14460 16273 I art     : Starting a blocking GC Explicit
08-04 19:31:07.048 14460 16273 I art     : Explicit concurrent mark sweep GC freed 3(96B) AllocSpace objects, 0(0B) LOS objects, 24% free, 48MB/64MB, paused 1.656ms total 42.328ms
08-04 19:31:07.060 14460 16273 I art     : Starting a blocking GC Explicit
08-04 19:31:07.100 14460 16273 I art     : Explicit concurrent mark sweep GC freed 3(96B) AllocSpace objects, 0(0B) LOS objects, 24% free, 48MB/64MB, paused 1.570ms total 39.515ms
