--------- beginning of main
08-04 14:52:07.397  3784  3784 D CarrierServiceBindHelper: Receive action: android.intent.action.PACKAGE_REMOVED
08-04 14:52:07.428   918   930 W ResourceType: ResTable_typeSpec entry count inconsistent: given 37, previously 42
08-04 14:52:07.428   918   930 W ResourceType: ResTable_typeSpec entry count inconsistent: given 2527, previously 2530
08-04 14:52:07.428   918   930 W ResourceType: ResTable_typeSpec entry count inconsistent: given 2542, previously 2545
08-04 14:52:07.429   918   930 W ResourceType: ResTable_typeSpec entry count inconsistent: given 303, previously 1691
08-04 14:52:07.433 16700 16700 W System  : ClassLoader referenced unknown path: /system/app/KeyChain/lib/arm64
--------- beginning of system
08-04 14:52:07.440 16700 16700 W ContextImpl: Calling a method in the system process without a qualified user: android.app.ContextImpl.startService:1221 android.content.ContextWrapper.startService:581 android.content.ContextWrapper.startService:581 com.android.keychain.KeyChainBroadcastReceiver.onReceive:12 android.app.ActivityThread.handleReceiver:2725 
08-04 14:52:07.470  5392  5392 I Finsky  : [1] uah.a(18): PackageMonitorReceiverImpl - Received: android.intent.action.PACKAGE_REMOVED, [CFjXe5fo2ooiLur0Ju3smv2h5qnGgIsGl5_C_SkJu8g]
08-04 14:52:07.470  5392  5392 I Finsky  : [1] ubi.d(9): Invalidating cached PackageState for baseline.de.danoeh.antennapod.debug
08-04 14:52:07.474   918  3961 I AccountManagerService: getTypesVisibleToCaller: isPermitted? true
08-04 14:52:07.477  5392  5392 I Finsky  : [1] lzi.c(2): Frosting ID looked up on UI thread. Caller should move to a background thread.
08-04 14:52:07.483 24365 16719 I Fitness : FitCleanupIntentOperation received Intent android.intent.action.PACKAGE_REMOVED [CONTEXT service_id=17 ]
08-04 14:52:07.497  3784  3784 D CarrierServiceBindHelper: Receive action: android.intent.action.PACKAGE_ADDED
08-04 14:52:07.498  3784  3784 D CarrierServiceBindHelper: Receive action: android.intent.action.PACKAGE_REPLACED
08-04 14:52:07.498  3784  3784 D CarrierServiceBindHelper: mHandler: 3
08-04 14:52:07.498  3784  3784 D CarrierServiceBindHelper: mHandler: 3
08-04 14:52:07.498  3784  3784 D CarrierServiceBindHelper: mHandler: 3
08-04 14:52:07.498  3784  3784 D CarrierConfigLoader: mHandler: 9 phoneId: 0
08-04 14:52:07.507  5392  5392 I Finsky  : [1] nqb.c(3): Installer: package baseline.de.danoeh.antennapod.debug was removed. replacing: true
08-04 14:52:07.508  5392  5392 I Finsky  : [1] nra.a(188): Installer: Notifying status update. package=baseline.de.danoeh.antennapod.debug, status=UNINSTALLED
08-04 14:52:07.538  5392  5392 I Finsky  : [1] lzi.c(2): Frosting ID looked up on UI thread. Caller should move to a background thread.
08-04 14:52:07.551  5392  5392 I Finsky  : [1] nra.a(220): Installer: found apps to install. isMultiUserMode=false, apps=[]
08-04 14:52:07.556  5392 16735 I Finsky  : [5879] ejf.a(-1): Cancelled 0 ongoing asset module downloads for package baseline.de.danoeh.antennapod.debug due to a concurrent app update.
08-04 14:52:07.586  5392  5619 I Finsky  : [5804] odj.b(52): IQ: Notifying installation update. package=baseline.de.danoeh.antennapod.debug, status=UNINSTALLED
08-04 14:52:07.600 24577 16728 I Auth    : [SupervisedAccountIntentOperation] onHandleIntent(): android.intent.action.PACKAGE_ADDED
08-04 14:52:07.601 24577 16730 I ChromeSync: [Sync,SyncIntentOperation] Handling the intent: Intent { act=android.intent.action.PACKAGE_ADDED dat=package:baseline.de.danoeh.antennapod.debug flg=0x4000010 cmp=com.google.android.gms/.chimera.GmsIntentOperationService (has extras) }.
08-04 14:52:07.624  5392  5392 I Finsky  : [1] uah.a(18): PackageMonitorReceiverImpl - Received: android.intent.action.PACKAGE_ADDED, [CFjXe5fo2ooiLur0Ju3smv2h5qnGgIsGl5_C_SkJu8g]
08-04 14:52:07.624  5392  5392 I Finsky  : [1] ubi.d(9): Invalidating cached PackageState for baseline.de.danoeh.antennapod.debug
08-04 14:52:07.628  5392  5392 I Finsky  : [1] lzi.c(2): Frosting ID looked up on UI thread. Caller should move to a background thread.
08-04 14:52:07.640  5392  5392 I Finsky  : [1] agsx.a(4): Do not start WearSupportService due to Wear service optimization
08-04 14:52:07.647  5392 16735 I Finsky  : [5879] ejc.a(-1): Asset module broadcast after update successful for package baseline.de.danoeh.antennapod.debug. 0 sessions broadcast.
08-04 14:52:07.684  5392 16725 I Finsky  : [5877] lyv.run(-1): Wrote row to frosting DB: 2358
08-04 14:52:07.688  5392  5392 I Finsky  : [1] lzi.c(2): Frosting ID looked up on UI thread. Caller should move to a background thread.
08-04 14:52:07.703   918  3961 W ActivityManager: Unable to start service Intent { act=com.google.android.gms.auth.key.retrieval.service.START pkg=com.google.android.gms } U=0: not found
08-04 14:52:07.797   918  3696 W ActivityManager: Unbind failed: could not find connection for android.os.BinderProxy@599d7c0
08-04 14:52:07.816 24577 24621 E GmsClient: unable to connect to service: com.google.android.gms.auth.key.retrieval.service.START on com.google.android.gms
08-04 14:52:07.846   918  6111 I AccountManagerService: getTypesVisibleToCaller: isPermitted? true
08-04 14:52:07.869  5392  5619 I Finsky  : [5804] odj.b(40): IQ: No matching installs to run for jobs: []
08-04 14:52:07.871 24577 16730 I ChromeSync: [Persistence,AffiliationManager] One of affiliation or grouping data for android://bz0hZa4nAJEtd0n5sRlXG7KAqctUMWVefv7Ki4mh1p6slZ9YO-n9gS9j8m9YCrsIyI2wIxrDHraumF9Y6pBLTA==@baseline.de.danoeh.antennapod.debug/ was not found. Marking affiliation data as stale...
08-04 14:52:07.880  5392 16725 I Finsky  : [5877] lyv.run(-1): Wrote row to frosting DB: 2359
08-04 14:52:07.958   918  3359 I AccountManagerService: getTypesVisibleToCaller: isPermitted? true
08-04 14:52:07.969  5392 16734 I Finsky  : [5878] gzn.a(-1): [ContentSync] finished, scheduled=false
08-04 14:52:07.984 16745 16745 D AndroidRuntime: >>>>>> START com.android.internal.os.RuntimeInit uid 2000 <<<<<<
08-04 14:52:07.988 16745 16745 D AndroidRuntime: CheckJNI is OFF
08-04 14:52:08.013 16745 16745 D ICU     : No timezone override file found: /data/misc/zoneinfo/current/icu/icu_tzdata.dat
08-04 14:52:08.041 16745 16745 I Radio-JNI: register_android_hardware_Radio DONE
08-04 14:52:08.050  5392 16725 I Finsky  : [5877] lyv.run(-1): Wrote row to frosting DB: 2360
08-04 14:52:08.057 16745 16745 D AndroidRuntime: Calling main entry com.android.commands.monkey.Monkey
08-04 14:52:08.077   918   931 W BroadcastQueue: Skipping deliver [background] BroadcastRecord{614364a u-1 android.net.conn.CONNECTIVITY_CHANGE} to ReceiverList{661d9bb 16745 (unknown name)/2000/u-1 remote:624afec}: process crashing
08-04 14:52:08.104   918   929 I ActivityManager: START u0 {act=android.intent.action.MAIN cat=[android.intent.category.LAUNCHER] flg=0x10200000 cmp=baseline.de.danoeh.antennapod.debug/baseline.de.danoeh.antennapod.activity.SplashActivity} from uid 2000 on display 0
08-04 14:52:08.119  5392 16725 I Finsky  : [5877] lyv.run(-1): Wrote row to frosting DB: 2361
08-04 14:52:08.124   918  5132 I ActivityManager: Start proc 16763:baseline.de.danoeh.antennapod.debug/u0a670 for activity baseline.de.danoeh.antennapod.debug/baseline.de.danoeh.antennapod.activity.SplashActivity
08-04 14:52:08.126 16763 16763 I art     : Late-enabling -Xcheck:jni
08-04 14:52:08.137 16745 16745 I art     : System.exit called, status: 0
08-04 14:52:08.137 16745 16745 I AndroidRuntime: VM exiting with result code 0.
08-04 14:52:08.147  5392  5392 I Finsky  : [1] xmu.a(8): SCH: Jobs in database: 1-1337 3-193 3-194 12-1 24-77777777 26-1414141414 
08-04 14:52:08.150  5392  5392 I Finsky  : [1] xio.a(57): SCH: ConstraintMapping: 24-77777777,  -> L: 0ms, D: 22672688ms, C: false, I: true, N: 0
08-04 14:52:08.152  5392 16734 I Finsky  : [5878] gzn.a(-1): [ContentSync] finished, scheduled=true
08-04 14:52:08.153  5392  5392 I Finsky  : [1] xio.a(57): SCH: ConstraintMapping: 1-1337, 12-1,  -> L: 14376ms, D: 69224765ms, C: false, I: false, N: 1
08-04 14:52:08.153  5392  5392 I Finsky  : [1] xio.a(57): SCH: ConstraintMapping: 3-193,  -> L: 0ms, D: 83634719ms, C: false, I: true, N: 2
08-04 14:52:08.154  5392  5392 I Finsky  : [1] xio.a(57): SCH: ConstraintMapping: 3-194,  -> L: 0ms, D: 83634735ms, C: true, I: true, N: 2
08-04 14:52:08.154  5392  5392 I Finsky  : [1] xio.a(57): SCH: ConstraintMapping: 26-1414141414,  -> L: 30137888ms, D: 31037888ms, C: false, I: false, N: 0
08-04 14:52:08.183 16763 16763 W System  : ClassLoader referenced unknown path: /data/app/baseline.de.danoeh.antennapod.debug-2/lib/arm64
08-04 14:52:08.188  5392  5392 I Finsky  : [1] xle.a(34): Cancelling existing jobscheduler jobs: 9006 9000 9005 9009 9013 9007 9004 9010 9003 9002 
08-04 14:52:08.189  5392  5392 I Finsky  : [1] xle.a(27): Scheduling job Id: 9001, L: 0, D: 22672688, C: false, I: true, N: 0
08-04 14:52:08.193  5392  5392 I Finsky  : [1] xle.a(27): Scheduling job Id: 9008, L: 14376, D: 69224765, C: false, I: false, N: 1
08-04 14:52:08.195  5392  5392 I Finsky  : [1] xle.a(27): Scheduling job Id: 9011, L: 0, D: 83634719, C: false, I: true, N: 2
08-04 14:52:08.197  5392  5392 I Finsky  : [1] xle.a(27): Scheduling job Id: 9012, L: 0, D: 83634735, C: true, I: true, N: 2
08-04 14:52:08.202  5392  5392 I Finsky  : [1] xle.a(27): Scheduling job Id: 9014, L: 30137888, D: 31037888, C: false, I: false, N: 0
08-04 14:52:08.204  5392  5392 I Finsky  : [1] xle.a(27): Scheduling job Id: 9015, L: 0, D: 22672688, C: false, I: true, N: 0
08-04 14:52:08.206  5392  5392 I Finsky  : [1] xle.a(27): Scheduling job Id: 9016, L: 14376, D: 69224765, C: false, I: false, N: 1
08-04 14:52:08.208  5392  5392 I Finsky  : [1] xle.a(27): Scheduling job Id: 9017, L: 0, D: 83634719, C: false, I: true, N: 2
08-04 14:52:08.208 16763 16763 D UserPreferences: Creating new instance of UserPreferences
08-04 14:52:08.211  5392  5392 I Finsky  : [1] xle.a(27): Scheduling job Id: 9018, L: 0, D: 83634735, C: true, I: true, N: 2
08-04 14:52:08.213  5392  5392 I Finsky  : [1] xle.a(27): Scheduling job Id: 9019, L: 30137888, D: 31037888, C: false, I: false, N: 0
08-04 14:52:08.213 16763 16763 D UserPreferences: Using default data folder
08-04 14:52:08.216  2075 22580 I PBSessionCacheImpl: Deleted sessionId[9127543042550561] from persistence.
08-04 14:52:08.219 16763 16763 D UserPreferences: Import directory already exists
08-04 14:52:08.219   918   928 I AccountManagerService: getTypesVisibleToCaller: isPermitted? true
08-04 14:52:08.222 16763 16763 D UpdateManager: old: -1, current: 1070296
08-04 14:52:08.222 24577 13316 I Icing   : IndexChimeraService.getServiceInterface callingPackage=com.google.android.gms componentName=AppsCorpus serviceId=36
08-04 14:52:08.222  2075  2107 W SearchServiceCore: Abort, client detached.
08-04 14:52:08.223  2075  2107 I MicroDetectionState: Should stop hotword detection immediately - true
08-04 14:52:08.227 16763 16763 D SleepTimerPreferences: Creating new instance of SleepTimerPreferences
08-04 14:52:08.243 16763 16763 D SPAUtil : Sending SP_APPS_QUERY_FEEDS intent
08-04 14:52:08.256 24577 23605 W Icing   : No valid account for uploading user actions
08-04 14:52:08.268 16763 16763 W art     : Before Android 4.1, method android.graphics.PorterDuffColorFilter androidx.vectordrawable.graphics.drawable.VectorDrawableCompat.updateTintFilter(android.graphics.PorterDuffColorFilter, android.content.res.ColorStateList, android.graphics.PorterDuff$Mode) would have incorrectly overridden the package-private method in android.graphics.drawable.Drawable
08-04 14:52:08.281 24577 13316 I Icing   : IndexChimeraService.getServiceInterface callingPackage=com.google.android.gms componentName=null serviceId=30
08-04 14:52:08.311 16763 16763 I art     : Rejecting re-init on previously-failed class java.lang.Class<androidx.core.view.ViewCompat$2>
08-04 14:52:08.311 16763 16763 I art     : Rejecting re-init on previously-failed class java.lang.Class<androidx.core.view.ViewCompat$2>
08-04 14:52:08.343 16763 16784 D OpenGLRenderer: Use EGL_SWAP_BEHAVIOR_PRESERVED: true
08-04 14:52:08.369 24577 23605 I Icing   : Usage reports ok 3, Failed Usage reports 0, indexed 0, rejected 0
08-04 14:52:08.373 24577 23605 W Icing   : No valid account for uploading user actions
08-04 14:52:08.390 24577 23605 I Icing   : Usage reports ok 0, Failed Usage reports 0, indexed 0, rejected 0
08-04 14:52:08.391 24577 23605 I Icing   : Indexing com.google.android.gms-internal.3p:MobileApplication from com.google.android.gms using seqno 763
08-04 14:52:08.394 24577 23605 I Icing   : Indexing com.google.android.gms-internal.3p:MobileApplication from com.google.android.gms using seqno 763
08-04 14:52:08.416 16763 16784 I Adreno  : QUALCOMM build                   : fcf4852, I1af360237c
08-04 14:52:08.416 16763 16784 I Adreno  : Build Date                       : 09/23/15
08-04 14:52:08.416 16763 16784 I Adreno  : OpenGL ES Shader Compiler Version: XE031.05.13.02
08-04 14:52:08.416 16763 16784 I Adreno  : Local Branch                     : mybranch14465806
08-04 14:52:08.416 16763 16784 I Adreno  : Remote Branch                    : quic/LA.BF64.1.2.9_v2
08-04 14:52:08.416 16763 16784 I Adreno  : Remote Branch                    : NONE
08-04 14:52:08.416 16763 16784 I Adreno  : Reconstruct Branch               : NOTHING
08-04 14:52:08.422 16763 16784 I OpenGLRenderer: Initialized EGL, version 1.4
08-04 14:52:08.435 24577 13316 I Icing   : IndexChimeraService.getServiceInterface callingPackage=com.google.android.gms componentName=null serviceId=36
08-04 14:52:08.443 24577  4745 W Icing   : No valid account for uploading user actions
08-04 14:52:08.451   918  4400 I ActivityManager: START u0 {cmp=baseline.de.danoeh.antennapod.debug/baseline.de.danoeh.antennapod.activity.MainActivity} from uid 10670 on display 0
08-04 14:52:08.461 24577  4745 I Icing   : Usage reports ok 0, Failed Usage reports 0, indexed 0, rejected 0
08-04 14:52:08.464   918  3961 W InputMethodManagerService: Focus gain on non-focused client com.android.internal.view.IInputMethodClient$Stub$Proxy@38228ac (uid=10670 pid=16763)
08-04 14:52:08.582 16763 16763 D UserPreferences: Using default data folder
08-04 14:52:08.633 16763 16763 D MainActivity: getLastNavFragment() -> QueueFragment
08-04 14:52:08.634 16763 16763 D MainActivity: loadFragment(tag: QueueFragment, args: null)
08-04 14:52:08.637 16763 16763 D MainActivity: saveLastNavFragment(tag: QueueFragment)
08-04 14:52:08.638 16763 16763 D MainActivity: getLastNavFragment() -> QueueFragment
08-04 14:52:08.638 16763 16763 D UserPreferences: timeOfDay: []
08-04 14:52:08.640 16763 16763 D AutoUpdateManager: Restarting update alarm.
08-04 14:52:08.641 16763 16763 D AutoUpdateManager: Changed alarm to new interval 12 h
08-04 14:52:08.680 16763 16763 D UserPreferences: timeOfDay: []
08-04 14:52:08.680 16763 16763 D AutoUpdateManager: Restarting update alarm.
08-04 14:52:08.682 16763 16763 D AutoUpdateManager: Changed alarm to new interval 12 h
08-04 14:52:08.714 16763 16763 D ExternalPlayerFragment: Loading media info
08-04 14:52:08.716 16763 16763 D QueueFragment: loadItems()
08-04 14:52:08.720 16763 16783 D DBReader: getQueue() called
08-04 14:52:08.720 16763 16783 D DBReader: getQueue()
08-04 14:52:08.721 16763 16783 D DBReader: getFavoriteIDList() called
08-04 14:52:08.722 16763 16783 D DBReader: getQueueIDList() called
08-04 14:52:08.722 16763 16783 D DBReader: Extracting Feedlist
08-04 14:52:08.724 16763 16763 V PlaybackController: initServiceNotRunning()
08-04 14:52:08.725 16763 16763 D ExternalPlayerFragment: Loading media info
08-04 14:52:08.728 16763 16763 D UserPreferences: Using default data folder
08-04 14:52:08.731 16763 16763 D AutoUpdateManager: last refresh: 443484 hours 52 minutes ago
08-04 14:52:08.732 16763 16783 D DBReader: getNavDrawerData() called with: 
08-04 14:52:08.737 16763 16783 D DBReader: getDownloadedItems() called
08-04 14:52:08.738 16763 16783 D DBReader: getFavoriteIDList() called
08-04 14:52:08.738 16763 16783 D DBReader: getQueueIDList() called
08-04 14:52:08.739 16763 16783 D DBReader: Extracting Feedlist
08-04 14:52:08.758   380   380 W SurfaceFlinger: couldn't log to binary event log: overflow.
08-04 14:52:08.967 16763 16763 D MainActivity: getLastNavFragment() -> QueueFragment
08-04 14:52:08.967 16763 16763 D MainActivity: handleNavIntent()
08-04 14:52:08.970   918   936 I ActivityManager: Displayed baseline.de.danoeh.antennapod.debug/baseline.de.danoeh.antennapod.activity.MainActivity: +428ms (total +858ms)
08-04 14:52:08.978 13866 13866 I GoogleInputMethodServic: GoogleInputMethodService.onFinishInput():3138 
08-04 14:52:08.979 13866 13866 I GoogleInputMethodServic: GoogleInputMethodService.onStartInput():1808 
08-04 14:52:08.999 29532 29532 W PathParser: Points are too far apart 4.030360828967057
08-04 14:52:08.999 29532 29532 W PathParser: Points are too far apart 4.030360538880159
08-04 14:52:09.009 29532 29532 W PathParser: Points are too far apart 4.030360828967057
08-04 14:52:09.009 29532 29532 W PathParser: Points are too far apart 4.030360538880159
08-04 14:52:09.026 29532 29532 W PathParser: Points are too far apart 4.030360828967057
08-04 14:52:09.026 29532 29532 W PathParser: Points are too far apart 4.030360538880159
08-04 14:52:09.042 29532 29532 W PathParser: Points are too far apart 4.030360828967057
08-04 14:52:09.042 29532 29532 W PathParser: Points are too far apart 4.030360538880159
08-04 14:52:09.059 29532 29532 W PathParser: Points are too far apart 4.030360828967057
08-04 14:52:09.059 29532 29532 W PathParser: Points are too far apart 4.030360538880159
08-04 14:52:09.076 29532 29532 W PathParser: Points are too far apart 4.030360828967057
08-04 14:52:09.076 29532 29532 W PathParser: Points are too far apart 4.030360538880159
08-04 14:52:09.093 29532 29532 W PathParser: Points are too far apart 4.030360828967057
08-04 14:52:09.093 29532 29532 W PathParser: Points are too far apart 4.030360538880159
08-04 14:52:09.110 29532 29532 W PathParser: Points are too far apart 4.030360828967057
08-04 14:52:09.110 29532 29532 W PathParser: Points are too far apart 4.030360538880159
08-04 14:52:09.372 24577  4745 I Icing   : Indexing com.google.android.gms-apps from com.google.android.gms
08-04 14:52:09.454 24577  4745 I Icing   : Indexing done com.google.android.gms-apps
08-04 14:52:09.706 16807 16807 D AndroidRuntime: >>>>>> START com.android.internal.os.RuntimeInit uid 2000 <<<<<<
08-04 14:52:09.713 16807 16807 D AndroidRuntime: CheckJNI is OFF
08-04 14:52:09.740 16807 16807 D ICU     : No timezone override file found: /data/misc/zoneinfo/current/icu/icu_tzdata.dat
08-04 14:52:09.742 16763 16810 D DBReader: Extracting Feedlist
08-04 14:52:09.743 16763 16810 D FlattrUtils: Retrieving access token
08-04 14:52:09.743 16763 16810 D FlattrUtils: No access token found
08-04 14:52:09.745 16763 16810 I art     : Rejecting re-init on previously-failed class java.lang.Class<androidx.core.app.JobIntentService$JobServiceEngineImpl>
08-04 14:52:09.745 16763 16810 I art     : Rejecting re-init on previously-failed class java.lang.Class<androidx.core.app.JobIntentService$JobServiceEngineImpl>
08-04 14:52:09.745 16763 16810 I art     : Rejecting re-init on previously-failed class java.lang.Class<androidx.core.app.SafeJobIntentService$SafeJobServiceEngineImpl>
08-04 14:52:09.746 16763 16810 I art     : Rejecting re-init on previously-failed class java.lang.Class<androidx.core.app.SafeJobIntentService$SafeJobServiceEngineImpl>
08-04 14:52:09.768 16807 16807 I Radio-JNI: register_android_hardware_Radio DONE
08-04 14:52:09.784 16807 16807 D AndroidRuntime: Calling main entry com.android.commands.am.Am
08-04 14:52:09.801  2375  2375 I Trepn   : Trepn 6.2s: Received intent: com.quicinc.trepn.start_profiling
08-04 14:52:09.968  2375  2375 W FileUtils: Failed to chmod(/storage/emulated/0/trepn/Trepn_2020.08.04_145209.db): android.system.ErrnoException: chmod failed: EPERM (Operation not permitted)
08-04 14:52:10.135  2375  2375 I Trepn   : Trepn 6.2s: Trepn has Started Profiling.
08-04 14:52:10.138 16807 16807 D AndroidRuntime: Shutting down VM
08-04 14:52:10.179 13866 13866 I GoogleInputMethodServic: GoogleInputMethodService.onFinishInput():3138 
08-04 14:52:10.179 13866 13866 I GoogleInputMethodServic: GoogleInputMethodService.onStartInput():1808 
08-04 14:52:10.581 16763 16785 I art     : Starting a blocking GC Explicit
08-04 14:52:10.602 16763 16785 I art     : Explicit concurrent mark sweep GC freed 10956(1548KB) AllocSpace objects, 7(140KB) LOS objects, 40% free, 23MB/38MB, paused 162us total 21.128ms
08-04 14:52:10.610 16763 16785 I art     : Starting a blocking GC Explicit
08-04 14:52:10.623 16763 16785 I art     : Explicit concurrent mark sweep GC freed 3338(192KB) AllocSpace objects, 2(588KB) LOS objects, 40% free, 22MB/37MB, paused 152us total 12.516ms
08-04 14:52:10.629 16763 16785 I art     : Starting a blocking GC Explicit
08-04 14:52:10.641 16763 16785 I art     : Explicit concurrent mark sweep GC freed 3(96B) AllocSpace objects, 0(0B) LOS objects, 40% free, 22MB/37MB, paused 147us total 11.993ms
08-04 14:52:10.647 16763 16785 I art     : Starting a blocking GC Explicit
08-04 14:52:10.660 16763 16785 I art     : Explicit concurrent mark sweep GC freed 3(96B) AllocSpace objects, 0(0B) LOS objects, 40% free, 22MB/37MB, paused 156us total 12.211ms
08-04 14:52:10.666 16763 16785 I art     : Starting a blocking GC Explicit
08-04 14:52:10.678 16763 16785 I art     : Explicit concurrent mark sweep GC freed 3(96B) AllocSpace objects, 0(0B) LOS objects, 40% free, 22MB/37MB, paused 153us total 12.139ms
08-04 14:52:10.947   918 13198 D NetlinkSocketObserver: NeighborEvent{elapsedMs=1699334822, 192.168.2.254, [7C3953A63323], RTM_NEWNEIGH, NUD_STALE}
08-04 14:52:10.971 16763 16775 I art     : Starting a blocking GC Explicit
08-04 14:52:10.991 16763 16775 I art     : Explicit concurrent mark sweep GC freed 1372(82KB) AllocSpace objects, 1(20KB) LOS objects, 40% free, 22MB/37MB, paused 184us total 19.527ms
08-04 14:52:11.001 16763 16775 I art     : Starting a blocking GC Explicit
08-04 14:52:11.015 16763 16775 I art     : Explicit concurrent mark sweep GC freed 23(752B) AllocSpace objects, 0(0B) LOS objects, 40% free, 22MB/37MB, paused 152us total 13.415ms
08-04 14:52:11.021 16763 16775 I art     : Starting a blocking GC Explicit
08-04 14:52:11.034 16763 16775 I art     : Explicit concurrent mark sweep GC freed 3(96B) AllocSpace objects, 0(0B) LOS objects, 40% free, 22MB/37MB, paused 147us total 12.755ms
08-04 14:52:11.040 16763 16775 I art     : Starting a blocking GC Explicit
08-04 14:52:11.053 16763 16775 I art     : Explicit concurrent mark sweep GC freed 3(96B) AllocSpace objects, 0(0B) LOS objects, 40% free, 22MB/37MB, paused 141us total 12.403ms
08-04 14:52:11.059 16763 16775 I art     : Starting a blocking GC Explicit
08-04 14:52:11.071 16763 16775 I art     : Explicit concurrent mark sweep GC freed 3(96B) AllocSpace objects, 0(0B) LOS objects, 40% free, 22MB/37MB, paused 146us total 12.134ms
08-04 14:52:11.369 16763 16776 I art     : Starting a blocking GC Explicit
08-04 14:52:11.384 16763 16776 I art     : Explicit concurrent mark sweep GC freed 1386(80KB) AllocSpace objects, 1(20KB) LOS objects, 40% free, 22MB/37MB, paused 212us total 15.525ms
08-04 14:52:11.391 16763 16776 I art     : Starting a blocking GC Explicit
08-04 14:52:11.405 16763 16776 I art     : Explicit concurrent mark sweep GC freed 23(752B) AllocSpace objects, 0(0B) LOS objects, 40% free, 22MB/37MB, paused 161us total 13.449ms
08-04 14:52:11.411 16763 16776 I art     : Starting a blocking GC Explicit
08-04 14:52:11.423 16763 16776 I art     : Explicit concurrent mark sweep GC freed 3(96B) AllocSpace objects, 0(0B) LOS objects, 40% free, 22MB/37MB, paused 153us total 11.784ms
08-04 14:52:11.430 16763 16776 I art     : Starting a blocking GC Explicit
08-04 14:52:11.442 16763 16776 I art     : Explicit concurrent mark sweep GC freed 3(96B) AllocSpace objects, 0(0B) LOS objects, 40% free, 22MB/37MB, paused 174us total 12.073ms
08-04 14:52:11.448 16763 16776 I art     : Starting a blocking GC Explicit
08-04 14:52:11.460 16763 16776 I art     : Explicit concurrent mark sweep GC freed 3(96B) AllocSpace objects, 0(0B) LOS objects, 40% free, 22MB/37MB, paused 159us total 11.621ms
08-04 14:52:11.787 16763 16775 I art     : Starting a blocking GC Explicit
08-04 14:52:11.804 16763 16775 I art     : Explicit concurrent mark sweep GC freed 1364(80KB) AllocSpace objects, 1(20KB) LOS objects, 40% free, 22MB/37MB, paused 237us total 17.112ms
08-04 14:52:11.811 16763 16775 I art     : Starting a blocking GC Explicit
08-04 14:52:11.824 16763 16775 I art     : Explicit concurrent mark sweep GC freed 25(816B) AllocSpace objects, 0(0B) LOS objects, 40% free, 22MB/37MB, paused 159us total 12.635ms
08-04 14:52:11.830 16763 16775 I art     : Starting a blocking GC Explicit
08-04 14:52:11.841 16763 16775 I art     : Explicit concurrent mark sweep GC freed 5(160B) AllocSpace objects, 0(0B) LOS objects, 40% free, 22MB/37MB, paused 138us total 11.266ms
08-04 14:52:11.847 16763 16775 I art     : Starting a blocking GC Explicit
08-04 14:52:11.858 16763 16775 I art     : Explicit concurrent mark sweep GC freed 5(160B) AllocSpace objects, 0(0B) LOS objects, 40% free, 22MB/37MB, paused 143us total 11.461ms
08-04 14:52:11.864 16763 16775 I art     : Starting a blocking GC Explicit
08-04 14:52:11.875 16763 16775 I art     : Explicit concurrent mark sweep GC freed 5(160B) AllocSpace objects, 0(0B) LOS objects, 40% free, 22MB/37MB, paused 145us total 11.527ms
08-04 14:52:12.169 16763 16776 I art     : Starting a blocking GC Explicit
08-04 14:52:12.188 16763 16776 I art     : Explicit concurrent mark sweep GC freed 1372(80KB) AllocSpace objects, 1(20KB) LOS objects, 40% free, 22MB/37MB, paused 195us total 18.843ms
08-04 14:52:12.199 16763 16776 I art     : Starting a blocking GC Explicit
08-04 14:52:12.217 16763 16776 I art     : Explicit concurrent mark sweep GC freed 23(752B) AllocSpace objects, 0(0B) LOS objects, 40% free, 22MB/37MB, paused 185us total 16.943ms
08-04 14:52:12.225 16763 16776 I art     : Starting a blocking GC Explicit
08-04 14:52:12.238 16763 16776 I art     : Explicit concurrent mark sweep GC freed 3(96B) AllocSpace objects, 0(0B) LOS objects, 40% free, 22MB/37MB, paused 159us total 12.793ms
08-04 14:52:12.245 16763 16776 I art     : Starting a blocking GC Explicit
08-04 14:52:12.258 16763 16776 I art     : Explicit concurrent mark sweep GC freed 3(96B) AllocSpace objects, 0(0B) LOS objects, 40% free, 22MB/37MB, paused 153us total 12.873ms
08-04 14:52:12.264 16763 16776 I art     : Starting a blocking GC Explicit
08-04 14:52:12.277 16763 16776 I art     : Explicit concurrent mark sweep GC freed 3(96B) AllocSpace objects, 0(0B) LOS objects, 40% free, 22MB/37MB, paused 152us total 12.923ms
08-04 14:52:12.570 16763 16785 I art     : Starting a blocking GC Explicit
08-04 14:52:12.590 16763 16785 I art     : Explicit concurrent mark sweep GC freed 1385(81KB) AllocSpace objects, 1(20KB) LOS objects, 40% free, 22MB/37MB, paused 215us total 19.146ms
08-04 14:52:12.600 16763 16785 I art     : Starting a blocking GC Explicit
08-04 14:52:12.614 16763 16785 I art     : Explicit concurrent mark sweep GC freed 23(752B) AllocSpace objects, 0(0B) LOS objects, 40% free, 22MB/37MB, paused 170us total 13.689ms
08-04 14:52:12.620 16763 16785 I art     : Starting a blocking GC Explicit
08-04 14:52:12.633 16763 16785 I art     : Explicit concurrent mark sweep GC freed 3(96B) AllocSpace objects, 0(0B) LOS objects, 40% free, 22MB/37MB, paused 153us total 12.794ms
08-04 14:52:12.640 16763 16785 I art     : Starting a blocking GC Explicit
08-04 14:52:12.653 16763 16785 I art     : Explicit concurrent mark sweep GC freed 3(96B) AllocSpace objects, 0(0B) LOS objects, 40% free, 22MB/37MB, paused 147us total 12.626ms
08-04 14:52:12.659 16763 16785 I art     : Starting a blocking GC Explicit
08-04 14:52:12.671 16763 16785 I art     : Explicit concurrent mark sweep GC freed 3(96B) AllocSpace objects, 0(0B) LOS objects, 40% free, 22MB/37MB, paused 144us total 12.476ms
08-04 14:52:12.979 16763 16775 I art     : Starting a blocking GC Explicit
08-04 14:52:13.003 16763 16775 I art     : Explicit concurrent mark sweep GC freed 1360(81KB) AllocSpace objects, 1(20KB) LOS objects, 40% free, 22MB/37MB, paused 188us total 22.992ms
08-04 14:52:13.013 16763 16775 I art     : Starting a blocking GC Explicit
08-04 14:52:13.029 16763 16775 I art     : Explicit concurrent mark sweep GC freed 23(752B) AllocSpace objects, 0(0B) LOS objects, 40% free, 22MB/37MB, paused 150us total 16.090ms
08-04 14:52:13.039 16763 16775 I art     : Starting a blocking GC Explicit
08-04 14:52:13.051 16763 16775 I art     : Explicit concurrent mark sweep GC freed 3(96B) AllocSpace objects, 0(0B) LOS objects, 40% free, 22MB/37MB, paused 142us total 12.294ms
08-04 14:52:13.057 16763 16775 I art     : Starting a blocking GC Explicit
08-04 14:52:13.071 16763 16775 I art     : Explicit concurrent mark sweep GC freed 3(96B) AllocSpace objects, 0(0B) LOS objects, 40% free, 22MB/37MB, paused 144us total 12.923ms
08-04 14:52:13.077 16763 16775 I art     : Starting a blocking GC Explicit
08-04 14:52:13.090 16763 16775 I art     : Explicit concurrent mark sweep GC freed 3(96B) AllocSpace objects, 0(0B) LOS objects, 40% free, 22MB/37MB, paused 149us total 12.390ms
08-04 14:52:13.390 16763 16776 I art     : Starting a blocking GC Explicit
08-04 14:52:13.409 16763 16776 I art     : Explicit concurrent mark sweep GC freed 1386(82KB) AllocSpace objects, 1(20KB) LOS objects, 40% free, 22MB/37MB, paused 182us total 18.482ms
08-04 14:52:13.419 16763 16776 I art     : Starting a blocking GC Explicit
08-04 14:52:13.432 16763 16776 I art     : Explicit concurrent mark sweep GC freed 23(752B) AllocSpace objects, 0(0B) LOS objects, 40% free, 22MB/37MB, paused 160us total 13.182ms
08-04 14:52:13.439 16763 16776 I art     : Starting a blocking GC Explicit
08-04 14:52:13.451 16763 16776 I art     : Explicit concurrent mark sweep GC freed 3(96B) AllocSpace objects, 0(0B) LOS objects, 40% free, 22MB/37MB, paused 150us total 12.253ms
08-04 14:52:13.457 16763 16776 I art     : Starting a blocking GC Explicit
08-04 14:52:13.470 16763 16776 I art     : Explicit concurrent mark sweep GC freed 3(96B) AllocSpace objects, 0(0B) LOS objects, 40% free, 22MB/37MB, paused 149us total 12.142ms
08-04 14:52:13.476 16763 16776 I art     : Starting a blocking GC Explicit
08-04 14:52:13.488 16763 16776 I art     : Explicit concurrent mark sweep GC freed 3(96B) AllocSpace objects, 0(0B) LOS objects, 40% free, 22MB/37MB, paused 159us total 12.377ms
08-04 14:52:13.798 16763 16785 I art     : Starting a blocking GC Explicit
08-04 14:52:13.817 16763 16785 I art     : Explicit concurrent mark sweep GC freed 1358(79KB) AllocSpace objects, 1(20KB) LOS objects, 40% free, 22MB/37MB, paused 343us total 19.286ms
08-04 14:52:13.828 16763 16785 I art     : Starting a blocking GC Explicit
08-04 14:52:13.844 16763 16785 I art     : Explicit concurrent mark sweep GC freed 23(752B) AllocSpace objects, 0(0B) LOS objects, 40% free, 22MB/37MB, paused 167us total 16.218ms
08-04 14:52:13.853 16763 16785 I art     : Starting a blocking GC Explicit
08-04 14:52:13.866 16763 16785 I art     : Explicit concurrent mark sweep GC freed 3(96B) AllocSpace objects, 0(0B) LOS objects, 40% free, 22MB/37MB, paused 150us total 12.707ms
08-04 14:52:13.872 16763 16785 I art     : Starting a blocking GC Explicit
08-04 14:52:13.885 16763 16785 I art     : Explicit concurrent mark sweep GC freed 3(96B) AllocSpace objects, 0(0B) LOS objects, 40% free, 22MB/37MB, paused 143us total 12.560ms
08-04 14:52:13.891 16763 16785 I art     : Starting a blocking GC Explicit
08-04 14:52:13.904 16763 16785 I art     : Explicit concurrent mark sweep GC freed 3(96B) AllocSpace objects, 0(0B) LOS objects, 40% free, 22MB/37MB, paused 153us total 12.461ms
08-04 14:52:14.161 16763 16775 I art     : Starting a blocking GC Explicit
08-04 14:52:14.176 16763 16775 I art     : Explicit concurrent mark sweep GC freed 1358(79KB) AllocSpace objects, 1(20KB) LOS objects, 40% free, 22MB/37MB, paused 167us total 14.581ms
08-04 14:52:14.183 16763 16775 I art     : Starting a blocking GC Explicit
08-04 14:52:14.196 16763 16775 I art     : Explicit concurrent mark sweep GC freed 23(752B) AllocSpace objects, 0(0B) LOS objects, 40% free, 22MB/37MB, paused 143us total 12.350ms
08-04 14:52:14.202 16763 16775 I art     : Starting a blocking GC Explicit
08-04 14:52:14.214 16763 16775 I art     : Explicit concurrent mark sweep GC freed 3(96B) AllocSpace objects, 0(0B) LOS objects, 40% free, 22MB/37MB, paused 129us total 11.919ms
08-04 14:52:14.220 16763 16775 I art     : Starting a blocking GC Explicit
08-04 14:52:14.231 16763 16775 I art     : Explicit concurrent mark sweep GC freed 3(96B) AllocSpace objects, 0(0B) LOS objects, 40% free, 22MB/37MB, paused 125us total 11.068ms
08-04 14:52:14.237 16763 16775 I art     : Starting a blocking GC Explicit
08-04 14:52:14.248 16763 16775 I art     : Explicit concurrent mark sweep GC freed 3(96B) AllocSpace objects, 0(0B) LOS objects, 40% free, 22MB/37MB, paused 134us total 10.853ms
08-04 14:52:14.568 16763 16776 I art     : Starting a blocking GC Explicit
08-04 14:52:14.590 16763 16776 I art     : Explicit concurrent mark sweep GC freed 1385(80KB) AllocSpace objects, 1(20KB) LOS objects, 40% free, 22MB/37MB, paused 197us total 21.298ms
08-04 14:52:14.597 16763 16776 I art     : Starting a blocking GC Explicit
08-04 14:52:14.611 16763 16776 I art     : Explicit concurrent mark sweep GC freed 23(752B) AllocSpace objects, 0(0B) LOS objects, 40% free, 22MB/37MB, paused 165us total 13.594ms
08-04 14:52:14.618 16763 16776 I art     : Starting a blocking GC Explicit
08-04 14:52:14.630 16763 16776 I art     : Explicit concurrent mark sweep GC freed 3(96B) AllocSpace objects, 0(0B) LOS objects, 40% free, 22MB/37MB, paused 144us total 12.240ms
08-04 14:52:14.636 16763 16776 I art     : Starting a blocking GC Explicit
08-04 14:52:14.649 16763 16776 I art     : Explicit concurrent mark sweep GC freed 3(96B) AllocSpace objects, 0(0B) LOS objects, 40% free, 22MB/37MB, paused 148us total 12.143ms
08-04 14:52:14.655 16763 16776 I art     : Starting a blocking GC Explicit
08-04 14:52:14.667 16763 16776 I art     : Explicit concurrent mark sweep GC freed 3(96B) AllocSpace objects, 0(0B) LOS objects, 40% free, 22MB/37MB, paused 155us total 12.497ms
08-04 14:52:14.965 16763 16785 I art     : Starting a blocking GC Explicit
08-04 14:52:14.980 16763 16785 I art     : Explicit concurrent mark sweep GC freed 1358(79KB) AllocSpace objects, 1(20KB) LOS objects, 40% free, 22MB/37MB, paused 183us total 15.674ms
08-04 14:52:14.988 16763 16785 I art     : Starting a blocking GC Explicit
08-04 14:52:15.001 16763 16785 I art     : Explicit concurrent mark sweep GC freed 23(752B) AllocSpace objects, 0(0B) LOS objects, 40% free, 22MB/37MB, paused 154us total 13.205ms
08-04 14:52:15.008 16763 16785 I art     : Starting a blocking GC Explicit
08-04 14:52:15.021 16763 16785 I art     : Explicit concurrent mark sweep GC freed 3(96B) AllocSpace objects, 0(0B) LOS objects, 40% free, 22MB/37MB, paused 144us total 12.461ms
08-04 14:52:15.027 16763 16785 I art     : Starting a blocking GC Explicit
08-04 14:52:15.038 16763 16785 I art     : Explicit concurrent mark sweep GC freed 3(96B) AllocSpace objects, 0(0B) LOS objects, 40% free, 22MB/37MB, paused 164us total 11.713ms
08-04 14:52:15.044 16763 16785 I art     : Starting a blocking GC Explicit
08-04 14:52:15.056 16763 16785 I art     : Explicit concurrent mark sweep GC freed 3(96B) AllocSpace objects, 0(0B) LOS objects, 40% free, 22MB/37MB, paused 149us total 11.858ms
08-04 14:52:15.320 16963 16963 D AndroidRuntime: >>>>>> START com.android.internal.os.RuntimeInit uid 2000 <<<<<<
08-04 14:52:15.325 16963 16963 D AndroidRuntime: CheckJNI is OFF
08-04 14:52:15.335 16763 16775 I art     : Starting a blocking GC Explicit
08-04 14:52:15.348 16763 16775 I art     : Explicit concurrent mark sweep GC freed 1384(80KB) AllocSpace objects, 1(20KB) LOS objects, 40% free, 22MB/37MB, paused 159us total 12.861ms
08-04 14:52:15.354 16963 16963 D ICU     : No timezone override file found: /data/misc/zoneinfo/current/icu/icu_tzdata.dat
08-04 14:52:15.354 16763 16775 I art     : Starting a blocking GC Explicit
08-04 14:52:15.368 16763 16775 I art     : Explicit concurrent mark sweep GC freed 23(752B) AllocSpace objects, 0(0B) LOS objects, 40% free, 22MB/37MB, paused 153us total 13.363ms
08-04 14:52:15.374 16763 16775 I art     : Starting a blocking GC Explicit
08-04 14:52:15.381 16963 16963 I Radio-JNI: register_android_hardware_Radio DONE
08-04 14:52:15.386 16763 16775 I art     : Explicit concurrent mark sweep GC freed 3(96B) AllocSpace objects, 0(0B) LOS objects, 40% free, 22MB/37MB, paused 146us total 11.865ms
08-04 14:52:15.392 16763 16775 I art     : Starting a blocking GC Explicit
08-04 14:52:15.397 16963 16963 D AndroidRuntime: Calling main entry com.android.commands.input.Input
08-04 14:52:15.399 16963 16963 I Input   : injectMotionEvent: MotionEvent { action=ACTION_DOWN, actionButton=0, id[0]=0, x[0]=1233.0, y[0]=1274.0, toolType[0]=TOOL_TYPE_UNKNOWN, buttonState=0, metaState=0, flags=0x0, edgeFlags=0x0, pointerCount=1, historySize=0, eventTime=715951812, downTime=715951812, deviceId=0, source=0x1002 }
08-04 14:52:15.404 16763 16775 I art     : Explicit concurrent mark sweep GC freed 3(96B) AllocSpace objects, 0(0B) LOS objects, 40% free, 22MB/37MB, paused 147us total 12.004ms
08-04 14:52:15.405 16963 16963 I Input   : injectMotionEvent: MotionEvent { action=ACTION_UP, actionButton=0, id[0]=0, x[0]=1233.0, y[0]=1274.0, toolType[0]=TOOL_TYPE_UNKNOWN, buttonState=0, metaState=0, flags=0x0, edgeFlags=0x0, pointerCount=1, historySize=0, eventTime=715951812, downTime=715951812, deviceId=0, source=0x1002 }
08-04 14:52:15.407 16963 16963 D AndroidRuntime: Shutting down VM
08-04 14:52:15.411 16763 16775 I art     : Starting a blocking GC Explicit
08-04 14:52:15.423 16763 16775 I art     : Explicit concurrent mark sweep GC freed 6(192B) AllocSpace objects, 0(0B) LOS objects, 40% free, 22MB/37MB, paused 139us total 11.978ms
08-04 14:52:15.683 16763 16775 I art     : Starting a blocking GC Explicit
08-04 14:52:15.699 16763 16775 I art     : Explicit concurrent mark sweep GC freed 1358(79KB) AllocSpace objects, 1(20KB) LOS objects, 40% free, 22MB/37MB, paused 144us total 16.124ms
08-04 14:52:15.706 16763 16775 I art     : Starting a blocking GC Explicit
08-04 14:52:15.720 16763 16775 I art     : Explicit concurrent mark sweep GC freed 23(752B) AllocSpace objects, 0(0B) LOS objects, 40% free, 22MB/37MB, paused 144us total 13.057ms
08-04 14:52:15.728 16763 16775 I art     : Starting a blocking GC Explicit
08-04 14:52:15.742 16763 16775 I art     : Explicit concurrent mark sweep GC freed 3(96B) AllocSpace objects, 0(0B) LOS objects, 40% free, 22MB/37MB, paused 158us total 13.466ms
08-04 14:52:15.748 16763 16775 I art     : Starting a blocking GC Explicit
08-04 14:52:15.762 16763 16775 I art     : Explicit concurrent mark sweep GC freed 3(96B) AllocSpace objects, 0(0B) LOS objects, 40% free, 22MB/37MB, paused 157us total 13.547ms
08-04 14:52:15.769 16763 16775 I art     : Starting a blocking GC Explicit
08-04 14:52:15.781 16763 16775 I art     : Explicit concurrent mark sweep GC freed 3(96B) AllocSpace objects, 0(0B) LOS objects, 40% free, 22MB/37MB, paused 143us total 12.377ms
08-04 14:52:15.839 13866 13866 I GoogleInputMethodServic: GoogleInputMethodService.onFinishInput():3138 
08-04 14:52:15.840 13866 13866 I GoogleInputMethodServic: GoogleInputMethodService.onStartInput():1808 
08-04 14:52:16.057 16763 16775 I art     : Starting a blocking GC Explicit
08-04 14:52:16.078 16763 16775 I art     : Explicit concurrent mark sweep GC freed 1454(83KB) AllocSpace objects, 1(20KB) LOS objects, 40% free, 22MB/37MB, paused 208us total 20.594ms
08-04 14:52:16.089 16763 16775 I art     : Starting a blocking GC Explicit
08-04 14:52:16.106 16763 16775 I art     : Explicit concurrent mark sweep GC freed 31(1200B) AllocSpace objects, 0(0B) LOS objects, 40% free, 22MB/37MB, paused 170us total 16.908ms
08-04 14:52:16.113 16763 16775 I art     : Starting a blocking GC Explicit
08-04 14:52:16.126 16763 16775 I art     : Explicit concurrent mark sweep GC freed 3(96B) AllocSpace objects, 0(0B) LOS objects, 40% free, 22MB/37MB, paused 145us total 13.005ms
08-04 14:52:16.133 16763 16775 I art     : Starting a blocking GC Explicit
08-04 14:52:16.146 16763 16775 I art     : Explicit concurrent mark sweep GC freed 3(96B) AllocSpace objects, 0(0B) LOS objects, 40% free, 22MB/37MB, paused 145us total 12.938ms
08-04 14:52:16.153 16763 16775 I art     : Starting a blocking GC Explicit
08-04 14:52:16.166 16763 16775 I art     : Explicit concurrent mark sweep GC freed 3(96B) AllocSpace objects, 0(0B) LOS objects, 40% free, 22MB/37MB, paused 138us total 12.515ms
08-04 14:52:16.221 16655 16655 I ServiceManager: Waiting for service AtCmdFwd...
08-04 14:52:16.437 16763 16785 I art     : Starting a blocking GC Explicit
08-04 14:52:16.456 16763 16785 I art     : Explicit concurrent mark sweep GC freed 1384(80KB) AllocSpace objects, 1(20KB) LOS objects, 40% free, 22MB/37MB, paused 187us total 18.690ms
08-04 14:52:16.466 16763 16785 I art     : Starting a blocking GC Explicit
08-04 14:52:16.479 16763 16785 I art     : Explicit concurrent mark sweep GC freed 23(752B) AllocSpace objects, 0(0B) LOS objects, 40% free, 22MB/37MB, paused 155us total 13.251ms
08-04 14:52:16.485 16763 16785 I art     : Starting a blocking GC Explicit
08-04 14:52:16.499 16763 16785 I art     : Explicit concurrent mark sweep GC freed 3(96B) AllocSpace objects, 0(0B) LOS objects, 40% free, 22MB/37MB, paused 159us total 13.152ms
08-04 14:52:16.505 16763 16785 I art     : Starting a blocking GC Explicit
08-04 14:52:16.518 16763 16785 I art     : Explicit concurrent mark sweep GC freed 3(96B) AllocSpace objects, 0(0B) LOS objects, 40% free, 22MB/37MB, paused 152us total 12.841ms
08-04 14:52:16.524 16763 16785 I art     : Starting a blocking GC Explicit
08-04 14:52:16.537 16763 16785 I art     : Explicit concurrent mark sweep GC freed 3(96B) AllocSpace objects, 0(0B) LOS objects, 40% free, 22MB/37MB, paused 164us total 12.771ms
08-04 14:52:16.777 16763 16776 I art     : Starting a blocking GC Explicit
08-04 14:52:16.790 16763 16776 I art     : Explicit concurrent mark sweep GC freed 1357(79KB) AllocSpace objects, 1(20KB) LOS objects, 40% free, 22MB/37MB, paused 156us total 12.715ms
08-04 14:52:16.796 16763 16776 I art     : Starting a blocking GC Explicit
08-04 14:52:16.809 16763 16776 I art     : Explicit concurrent mark sweep GC freed 23(752B) AllocSpace objects, 0(0B) LOS objects, 40% free, 22MB/37MB, paused 153us total 12.526ms
08-04 14:52:16.815 16763 16776 I art     : Starting a blocking GC Explicit
08-04 14:52:16.828 16763 16776 I art     : Explicit concurrent mark sweep GC freed 3(96B) AllocSpace objects, 0(0B) LOS objects, 40% free, 22MB/37MB, paused 157us total 12.412ms
08-04 14:52:16.834 16763 16776 I art     : Starting a blocking GC Explicit
08-04 14:52:16.846 16763 16776 I art     : Explicit concurrent mark sweep GC freed 3(96B) AllocSpace objects, 0(0B) LOS objects, 40% free, 22MB/37MB, paused 148us total 11.840ms
08-04 14:52:16.852 16763 16776 I art     : Starting a blocking GC Explicit
08-04 14:52:16.864 16763 16776 I art     : Explicit concurrent mark sweep GC freed 3(96B) AllocSpace objects, 0(0B) LOS objects, 40% free, 22MB/37MB, paused 155us total 11.968ms
08-04 14:52:16.964 17017 17017 D AndroidRuntime: >>>>>> START com.android.internal.os.RuntimeInit uid 2000 <<<<<<
08-04 14:52:16.970 17017 17017 D AndroidRuntime: CheckJNI is OFF
08-04 14:52:16.998 17017 17017 D ICU     : No timezone override file found: /data/misc/zoneinfo/current/icu/icu_tzdata.dat
08-04 14:52:17.024 17017 17017 I Radio-JNI: register_android_hardware_Radio DONE
08-04 14:52:17.039 17017 17017 D AndroidRuntime: Calling main entry com.android.commands.input.Input
08-04 14:52:17.041 17017 17017 I Input   : injectMotionEvent: MotionEvent { action=ACTION_DOWN, actionButton=0, id[0]=0, x[0]=103.0, y[0]=192.0, toolType[0]=TOOL_TYPE_UNKNOWN, buttonState=0, metaState=0, flags=0x0, edgeFlags=0x0, pointerCount=1, historySize=0, eventTime=715953453, downTime=715953453, deviceId=0, source=0x1002 }
08-04 14:52:17.045 17017 17017 I Input   : injectMotionEvent: MotionEvent { action=ACTION_UP, actionButton=0, id[0]=0, x[0]=103.0, y[0]=192.0, toolType[0]=TOOL_TYPE_UNKNOWN, buttonState=0, metaState=0, flags=0x0, edgeFlags=0x0, pointerCount=1, historySize=0, eventTime=715953453, downTime=715953453, deviceId=0, source=0x1002 }
08-04 14:52:17.046 17017 17017 D AndroidRuntime: Shutting down VM
08-04 14:52:17.054   512  2967 D audio_hw_primary: out_set_parameters: enter: usecase(1: low-latency-playback) kvpairs: routing=2
08-04 14:52:17.067   512  2967 D audio_hw_primary: select_devices: out_snd_device(2: speaker) in_snd_device(0: none)
08-04 14:52:17.068   512  2967 D msm8974_platform: platform_send_audio_calibration: sending audio calibration for snd_device(2) acdb_id(15)
08-04 14:52:17.068   512  2967 I soundtrigger: audio_extn_sound_trigger_update_device_status: device 0x2 of type 0 for Event 1
08-04 14:52:17.079   512  2967 D audio_hw_primary: enable_snd_device: snd_device(2: speaker)
08-04 14:52:17.081   512  2967 D audio_hw_primary: enable_audio_route: apply and update mixer path: low-latency-playback speaker
08-04 14:52:17.090 13866 13866 I GoogleInputMethodServic: GoogleInputMethodService.onFinishInput():3138 
08-04 14:52:17.091 16763 16776 I art     : Starting a blocking GC Explicit
08-04 14:52:17.091 13866 13866 I GoogleInputMethodServic: GoogleInputMethodService.onStartInput():1808 
08-04 14:52:17.104 16763 16776 I art     : Explicit concurrent mark sweep GC freed 1484(84KB) AllocSpace objects, 1(20KB) LOS objects, 40% free, 22MB/37MB, paused 163us total 12.995ms
08-04 14:52:17.111 16763 16776 I art     : Starting a blocking GC Explicit
08-04 14:52:17.124 16763 16776 I art     : Explicit concurrent mark sweep GC freed 39(1552B) AllocSpace objects, 0(0B) LOS objects, 40% free, 22MB/37MB, paused 183us total 12.361ms
08-04 14:52:17.130 16763 16776 I art     : Starting a blocking GC Explicit
08-04 14:52:17.143 16763 16776 I art     : Explicit concurrent mark sweep GC freed 377(19KB) AllocSpace objects, 0(0B) LOS objects, 40% free, 22MB/37MB, paused 164us total 12.411ms
08-04 14:52:17.149 16763 16776 I art     : Starting a blocking GC Explicit
08-04 14:52:17.161 16763 16776 I art     : Explicit concurrent mark sweep GC freed 7(384B) AllocSpace objects, 0(0B) LOS objects, 40% free, 22MB/37MB, paused 157us total 12.250ms
08-04 14:52:17.167 16763 16776 I art     : Starting a blocking GC Explicit
08-04 14:52:17.180 16763 16776 I art     : Explicit concurrent mark sweep GC freed 3(96B) AllocSpace objects, 0(0B) LOS objects, 40% free, 22MB/37MB, paused 159us total 12.602ms
08-04 14:52:17.221 16655 16655 I ServiceManager: Waiting for service AtCmdFwd...
08-04 14:52:17.394 16763 16776 I art     : Starting a blocking GC Explicit
08-04 14:52:17.407 16763 16776 I art     : Explicit concurrent mark sweep GC freed 1385(80KB) AllocSpace objects, 1(20KB) LOS objects, 40% free, 22MB/37MB, paused 149us total 12.629ms
08-04 14:52:17.414 16763 16776 I art     : Starting a blocking GC Explicit
08-04 14:52:17.428 16763 16776 I art     : Explicit concurrent mark sweep GC freed 31(1008B) AllocSpace objects, 0(0B) LOS objects, 40% free, 22MB/37MB, paused 158us total 13.721ms
08-04 14:52:17.435 16763 16776 I art     : Starting a blocking GC Explicit
08-04 14:52:17.448 16763 16776 I art     : Explicit concurrent mark sweep GC freed 3(96B) AllocSpace objects, 0(0B) LOS objects, 40% free, 22MB/37MB, paused 159us total 13.170ms
08-04 14:52:17.454 16763 16776 I art     : Starting a blocking GC Explicit
08-04 14:52:17.466 16763 16776 I art     : Explicit concurrent mark sweep GC freed 3(96B) AllocSpace objects, 0(0B) LOS objects, 40% free, 22MB/37MB, paused 155us total 11.659ms
08-04 14:52:17.472 16763 16776 I art     : Starting a blocking GC Explicit
08-04 14:52:17.483 16763 16776 I art     : Explicit concurrent mark sweep GC freed 5(192B) AllocSpace objects, 0(0B) LOS objects, 40% free, 22MB/37MB, paused 154us total 11.593ms
08-04 14:52:17.601 17050 17050 D AndroidRuntime: >>>>>> START com.android.internal.os.RuntimeInit uid 2000 <<<<<<
08-04 14:52:17.605 17050 17050 D AndroidRuntime: CheckJNI is OFF
08-04 14:52:17.619   512  2967 D audio_hw_primary: disable_audio_route: reset and update mixer path: low-latency-playback speaker
08-04 14:52:17.621   512  2967 D audio_hw_primary: disable_snd_device: snd_device(2: speaker)
08-04 14:52:17.629   512  2967 I soundtrigger: audio_extn_sound_trigger_update_device_status: device 0x2 of type 0 for Event 0
08-04 14:52:17.630 17050 17050 D ICU     : No timezone override file found: /data/misc/zoneinfo/current/icu/icu_tzdata.dat
08-04 14:52:17.654 17050 17050 I Radio-JNI: register_android_hardware_Radio DONE
08-04 14:52:17.669 17050 17050 D AndroidRuntime: Calling main entry com.android.commands.input.Input
08-04 14:52:17.671 17050 17050 I Input   : injectMotionEvent: MotionEvent { action=ACTION_DOWN, actionButton=0, id[0]=0, x[0]=324.0, y[0]=2298.0, toolType[0]=TOOL_TYPE_UNKNOWN, buttonState=0, metaState=0, flags=0x0, edgeFlags=0x0, pointerCount=1, historySize=0, eventTime=715954084, downTime=715954084, deviceId=0, source=0x1002 }
08-04 14:52:17.674 17050 17050 I Input   : injectMotionEvent: MotionEvent { action=ACTION_UP, actionButton=0, id[0]=0, x[0]=324.0, y[0]=2298.0, toolType[0]=TOOL_TYPE_UNKNOWN, buttonState=0, metaState=0, flags=0x0, edgeFlags=0x0, pointerCount=1, historySize=0, eventTime=715954084, downTime=715954084, deviceId=0, source=0x1002 }
08-04 14:52:17.676 17050 17050 D AndroidRuntime: Shutting down VM
08-04 14:52:17.686   918   929 I ActivityManager: START u0 {cmp=baseline.de.danoeh.antennapod.debug/baseline.de.danoeh.antennapod.activity.PreferenceActivity} from uid 10670 on display 0
08-04 14:52:17.688   512  2967 D audio_hw_primary: out_set_parameters: enter: usecase(1: low-latency-playback) kvpairs: routing=2
08-04 14:52:17.701   512  2967 D audio_hw_primary: select_devices: out_snd_device(2: speaker) in_snd_device(0: none)
08-04 14:52:17.701   512  2967 D msm8974_platform: platform_send_audio_calibration: sending audio calibration for snd_device(2) acdb_id(15)
08-04 14:52:17.702   512  2967 I soundtrigger: audio_extn_sound_trigger_update_device_status: device 0x2 of type 0 for Event 1
08-04 14:52:17.712   512  2967 D audio_hw_primary: enable_snd_device: snd_device(2: speaker)
08-04 14:52:17.714   512  2967 D audio_hw_primary: enable_audio_route: apply and update mixer path: low-latency-playback speaker
08-04 14:52:17.732 16763 16776 I art     : Starting a blocking GC Explicit
08-04 14:52:17.747 16763 16776 I art     : Explicit concurrent mark sweep GC freed 2372(250KB) AllocSpace objects, 2(40KB) LOS objects, 40% free, 22MB/37MB, paused 760us total 14.911ms
08-04 14:52:17.753 16763 16776 I art     : Starting a blocking GC Explicit
08-04 14:52:17.756   512  2967 D AudioFlinger: mixer(0xf4740000) throttle end: throttle time(12)
08-04 14:52:17.768 16763 16776 I art     : Explicit concurrent mark sweep GC freed 461(46KB) AllocSpace objects, 0(0B) LOS objects, 40% free, 22MB/37MB, paused 192us total 14.242ms
08-04 14:52:17.774 16763 16776 I art     : Starting a blocking GC Explicit
08-04 14:52:17.786 16763 16776 I art     : Explicit concurrent mark sweep GC freed 62(2896B) AllocSpace objects, 0(0B) LOS objects, 40% free, 22MB/37MB, paused 159us total 12.390ms
08-04 14:52:17.793 16763 16776 I art     : Starting a blocking GC Explicit
08-04 14:52:17.805 16763 16776 I art     : Explicit concurrent mark sweep GC freed 12(672B) AllocSpace objects, 0(0B) LOS objects, 40% free, 22MB/37MB, paused 149us total 11.479ms
08-04 14:52:17.811 16763 16776 I art     : Starting a blocking GC Explicit
08-04 14:52:17.824 16763 16776 I art     : Explicit concurrent mark sweep GC freed 1207(108KB) AllocSpace objects, 0(0B) LOS objects, 40% free, 22MB/38MB, paused 329us total 13.013ms
08-04 14:52:17.944 13866 13866 I GoogleInputMethodServic: GoogleInputMethodService.onFinishInput():3138 
08-04 14:52:17.945   918   936 I ActivityManager: Displayed baseline.de.danoeh.antennapod.debug/baseline.de.danoeh.antennapod.activity.PreferenceActivity: +232ms
08-04 14:52:17.945 13866 13866 I GoogleInputMethodServic: GoogleInputMethodService.onStartInput():1808 
08-04 14:52:17.983 16763 16784 D OpenGLRenderer: endAllStagingAnimators on 0x7f94d25000 (RippleDrawable) with handle 0x7f7e2ffd00
08-04 14:52:18.064 16763 16785 I art     : Starting a blocking GC Explicit
08-04 14:52:18.083 16763 16785 I art     : Explicit concurrent mark sweep GC freed 2237(139KB) AllocSpace objects, 1(20KB) LOS objects, 40% free, 23MB/38MB, paused 159us total 18.436ms
08-04 14:52:18.092 16763 16785 I art     : Starting a blocking GC Explicit
08-04 14:52:18.110 16763 16785 I art     : Explicit concurrent mark sweep GC freed 142(6KB) AllocSpace objects, 0(0B) LOS objects, 40% free, 23MB/38MB, paused 183us total 18.283ms
08-04 14:52:18.118 16763 16785 I art     : Starting a blocking GC Explicit
08-04 14:52:18.135 16763 16785 I art     : Explicit concurrent mark sweep GC freed 3(96B) AllocSpace objects, 0(0B) LOS objects, 40% free, 23MB/38MB, paused 170us total 16.406ms
08-04 14:52:18.143 16763 16785 I art     : Starting a blocking GC Explicit
08-04 14:52:18.160 16763 16785 I art     : Explicit concurrent mark sweep GC freed 3(96B) AllocSpace objects, 0(0B) LOS objects, 40% free, 23MB/38MB, paused 151us total 17.109ms
08-04 14:52:18.168 16763 16785 I art     : Starting a blocking GC Explicit
08-04 14:52:18.185 16763 16785 I art     : Explicit concurrent mark sweep GC freed 3(96B) AllocSpace objects, 0(0B) LOS objects, 40% free, 23MB/38MB, paused 171us total 16.886ms
08-04 14:52:18.186   380   380 W SurfaceFlinger: couldn't log to binary event log: overflow.
08-04 14:52:18.222 16655 16655 I ServiceManager: Waiting for service AtCmdFwd...
08-04 14:52:18.248   512  2967 D audio_hw_primary: disable_audio_route: reset and update mixer path: low-latency-playback speaker
08-04 14:52:18.249   512  2967 D audio_hw_primary: disable_snd_device: snd_device(2: speaker)
08-04 14:52:18.257   512  2967 I soundtrigger: audio_extn_sound_trigger_update_device_status: device 0x2 of type 0 for Event 0
08-04 14:52:18.292 16763 16763 D PlaybackController: Releasing PlaybackController
08-04 14:52:18.450 16763 16775 I art     : Starting a blocking GC Explicit
08-04 14:52:18.472 16763 16775 I art     : Explicit concurrent mark sweep GC freed 1647(98KB) AllocSpace objects, 1(20KB) LOS objects, 40% free, 23MB/39MB, paused 176us total 22.069ms
08-04 14:52:18.481 16763 16775 I art     : Starting a blocking GC Explicit
08-04 14:52:18.497 16763 16775 I art     : Explicit concurrent mark sweep GC freed 63(2064B) AllocSpace objects, 0(0B) LOS objects, 40% free, 23MB/39MB, paused 196us total 15.551ms
08-04 14:52:18.503 16763 16775 I art     : Starting a blocking GC Explicit
08-04 14:52:18.519 16763 16775 I art     : Explicit concurrent mark sweep GC freed 3(96B) AllocSpace objects, 0(0B) LOS objects, 40% free, 23MB/39MB, paused 145us total 15.373ms
08-04 14:52:18.525 16763 16775 I art     : Starting a blocking GC Explicit
08-04 14:52:18.540 16763 16775 I art     : Explicit concurrent mark sweep GC freed 3(96B) AllocSpace objects, 0(0B) LOS objects, 40% free, 23MB/39MB, paused 146us total 14.647ms
08-04 14:52:18.547 16763 16775 I art     : Starting a blocking GC Explicit
08-04 14:52:18.562 16763 16775 I art     : Explicit concurrent mark sweep GC freed 3(96B) AllocSpace objects, 0(0B) LOS objects, 40% free, 23MB/39MB, paused 138us total 14.985ms
08-04 14:52:18.850 16763 16776 I art     : Starting a blocking GC Explicit
08-04 14:52:18.871 16763 16776 I art     : Explicit concurrent mark sweep GC freed 1360(80KB) AllocSpace objects, 1(20KB) LOS objects, 40% free, 23MB/39MB, paused 173us total 21.135ms
08-04 14:52:18.881 16763 16776 I art     : Starting a blocking GC Explicit
08-04 14:52:18.897 16763 16776 I art     : Explicit concurrent mark sweep GC freed 23(752B) AllocSpace objects, 0(0B) LOS objects, 40% free, 23MB/39MB, paused 155us total 15.599ms
08-04 14:52:18.904 16763 16776 I art     : Starting a blocking GC Explicit
08-04 14:52:18.919 16763 16776 I art     : Explicit concurrent mark sweep GC freed 3(96B) AllocSpace objects, 0(0B) LOS objects, 40% free, 23MB/39MB, paused 143us total 14.701ms
08-04 14:52:18.925 16763 16776 I art     : Starting a blocking GC Explicit
08-04 14:52:18.939 16763 16776 I art     : Explicit concurrent mark sweep GC freed 3(96B) AllocSpace objects, 0(0B) LOS objects, 40% free, 23MB/39MB, paused 146us total 14.305ms
08-04 14:52:18.946 16763 16776 I art     : Starting a blocking GC Explicit
08-04 14:52:18.960 16763 16776 I art     : Explicit concurrent mark sweep GC freed 3(96B) AllocSpace objects, 0(0B) LOS objects, 40% free, 23MB/39MB, paused 144us total 14.034ms
08-04 14:52:19.206 17115 17115 D AndroidRuntime: >>>>>> START com.android.internal.os.RuntimeInit uid 2000 <<<<<<
08-04 14:52:19.207 16763 16785 I art     : Starting a blocking GC Explicit
08-04 14:52:19.210 17115 17115 D AndroidRuntime: CheckJNI is OFF
08-04 14:52:19.222 16655 16655 I ServiceManager: Waiting for service AtCmdFwd...
08-04 14:52:19.223 16763 16785 I art     : Explicit concurrent mark sweep GC freed 1360(80KB) AllocSpace objects, 1(20KB) LOS objects, 40% free, 23MB/39MB, paused 161us total 15.751ms
08-04 14:52:19.229 16763 16785 I art     : Starting a blocking GC Explicit
08-04 14:52:19.240 17115 17115 D ICU     : No timezone override file found: /data/misc/zoneinfo/current/icu/icu_tzdata.dat
08-04 14:52:19.243 16763 16785 I art     : Explicit concurrent mark sweep GC freed 23(752B) AllocSpace objects, 0(0B) LOS objects, 40% free, 23MB/39MB, paused 148us total 13.785ms
08-04 14:52:19.249 16763 16785 I art     : Starting a blocking GC Explicit
08-04 14:52:19.263 16763 16785 I art     : Explicit concurrent mark sweep GC freed 3(96B) AllocSpace objects, 0(0B) LOS objects, 40% free, 23MB/39MB, paused 160us total 13.319ms
08-04 14:52:19.264 17115 17115 I Radio-JNI: register_android_hardware_Radio DONE
08-04 14:52:19.268 16763 16785 I art     : Starting a blocking GC Explicit
08-04 14:52:19.281 17115 17115 D AndroidRuntime: Calling main entry com.android.commands.input.Input
08-04 14:52:19.282 16763 16785 I art     : Explicit concurrent mark sweep GC freed 3(96B) AllocSpace objects, 0(0B) LOS objects, 40% free, 23MB/39MB, paused 170us total 13.475ms
08-04 14:52:19.282 17115 17115 I Input   : injectMotionEvent: MotionEvent { action=ACTION_DOWN, actionButton=0, id[0]=0, x[0]=400.0, y[0]=997.0, toolType[0]=TOOL_TYPE_UNKNOWN, buttonState=0, metaState=0, flags=0x0, edgeFlags=0x0, pointerCount=1, historySize=0, eventTime=715955695, downTime=715955695, deviceId=0, source=0x1002 }
08-04 14:52:19.288 16763 16785 I art     : Starting a blocking GC Explicit
08-04 14:52:19.288 17115 17115 I Input   : injectMotionEvent: MotionEvent { action=ACTION_UP, actionButton=0, id[0]=0, x[0]=400.0, y[0]=997.0, toolType[0]=TOOL_TYPE_UNKNOWN, buttonState=0, metaState=0, flags=0x0, edgeFlags=0x0, pointerCount=1, historySize=0, eventTime=715955695, downTime=715955695, deviceId=0, source=0x1002 }
08-04 14:52:19.291 17115 17115 D AndroidRuntime: Shutting down VM
08-04 14:52:19.302 16763 16785 I art     : Explicit concurrent mark sweep GC freed 17(704B) AllocSpace objects, 0(0B) LOS objects, 40% free, 23MB/39MB, paused 158us total 13.979ms
08-04 14:52:19.309   512  2967 D audio_hw_primary: out_set_parameters: enter: usecase(1: low-latency-playback) kvpairs: routing=2
08-04 14:52:19.323   512  2967 D audio_hw_primary: select_devices: out_snd_device(2: speaker) in_snd_device(0: none)
08-04 14:52:19.323   512  2967 D msm8974_platform: platform_send_audio_calibration: sending audio calibration for snd_device(2) acdb_id(15)
08-04 14:52:19.323   512  2967 I soundtrigger: audio_extn_sound_trigger_update_device_status: device 0x2 of type 0 for Event 1
08-04 14:52:19.332   512  2967 D audio_hw_primary: enable_snd_device: snd_device(2: speaker)
08-04 14:52:19.334   512  2967 D audio_hw_primary: enable_audio_route: apply and update mixer path: low-latency-playback speaker
08-04 14:52:19.396 13866 13866 I GoogleInputMethodServic: GoogleInputMethodService.onFinishInput():3138 
08-04 14:52:19.398 13866 13866 I GoogleInputMethodServic: GoogleInputMethodService.onStartInput():1808 
08-04 14:52:19.523 16763 16775 I art     : Starting a blocking GC Explicit
08-04 14:52:19.541 16763 16775 I art     : Explicit concurrent mark sweep GC freed 2972(188KB) AllocSpace objects, 2(40KB) LOS objects, 40% free, 23MB/39MB, paused 160us total 18.019ms
08-04 14:52:19.548 16763 16775 I art     : Starting a blocking GC Explicit
08-04 14:52:19.565 16763 16775 I art     : Explicit concurrent mark sweep GC freed 178(8KB) AllocSpace objects, 0(0B) LOS objects, 40% free, 23MB/39MB, paused 152us total 16.293ms
08-04 14:52:19.572 16763 16775 I art     : Starting a blocking GC Explicit
08-04 14:52:19.588 16763 16775 I art     : Explicit concurrent mark sweep GC freed 3(96B) AllocSpace objects, 0(0B) LOS objects, 40% free, 23MB/39MB, paused 151us total 16.451ms
08-04 14:52:19.595 16763 16775 I art     : Starting a blocking GC Explicit
08-04 14:52:19.611 16763 16775 I art     : Explicit concurrent mark sweep GC freed 3(96B) AllocSpace objects, 0(0B) LOS objects, 40% free, 23MB/39MB, paused 139us total 15.678ms
08-04 14:52:19.617 16763 16775 I art     : Starting a blocking GC Explicit
08-04 14:52:19.633 16763 16775 I art     : Explicit concurrent mark sweep GC freed 3(96B) AllocSpace objects, 0(0B) LOS objects, 40% free, 23MB/39MB, paused 144us total 15.681ms
08-04 14:52:19.842 17151 17151 D AndroidRuntime: >>>>>> START com.android.internal.os.RuntimeInit uid 2000 <<<<<<
08-04 14:52:19.846 17151 17151 D AndroidRuntime: CheckJNI is OFF
08-04 14:52:19.868   512  2967 D audio_hw_primary: disable_audio_route: reset and update mixer path: low-latency-playback speaker
08-04 14:52:19.869 16763 16776 I art     : Starting a blocking GC Explicit
08-04 14:52:19.869   512  2967 D audio_hw_primary: disable_snd_device: snd_device(2: speaker)
08-04 14:52:19.873 17151 17151 D ICU     : No timezone override file found: /data/misc/zoneinfo/current/icu/icu_tzdata.dat
08-04 14:52:19.877   512  2967 I soundtrigger: audio_extn_sound_trigger_update_device_status: device 0x2 of type 0 for Event 0
08-04 14:52:19.886 16763 16776 I art     : Explicit concurrent mark sweep GC freed 1362(80KB) AllocSpace objects, 1(20KB) LOS objects, 40% free, 23MB/39MB, paused 162us total 16.684ms
08-04 14:52:19.893 16763 16776 I art     : Starting a blocking GC Explicit
08-04 14:52:19.900 17151 17151 I Radio-JNI: register_android_hardware_Radio DONE
08-04 14:52:19.910 16763 16776 I art     : Explicit concurrent mark sweep GC freed 23(752B) AllocSpace objects, 0(0B) LOS objects, 40% free, 23MB/39MB, paused 147us total 16.460ms
08-04 14:52:19.916 16763 16776 I art     : Starting a blocking GC Explicit
08-04 14:52:19.917 17151 17151 D AndroidRuntime: Calling main entry com.android.commands.input.Input
08-04 14:52:19.919 17151 17151 I Input   : injectMotionEvent: MotionEvent { action=ACTION_DOWN, actionButton=0, id[0]=0, x[0]=697.0, y[0]=656.0, toolType[0]=TOOL_TYPE_UNKNOWN, buttonState=0, metaState=0, flags=0x0, edgeFlags=0x0, pointerCount=1, historySize=0, eventTime=715956332, downTime=715956332, deviceId=0, source=0x1002 }
08-04 14:52:19.923 17151 17151 I Input   : injectMotionEvent: MotionEvent { action=ACTION_UP, actionButton=0, id[0]=0, x[0]=697.0, y[0]=656.0, toolType[0]=TOOL_TYPE_UNKNOWN, buttonState=0, metaState=0, flags=0x0, edgeFlags=0x0, pointerCount=1, historySize=0, eventTime=715956332, downTime=715956332, deviceId=0, source=0x1002 }
08-04 14:52:19.925 17151 17151 D AndroidRuntime: Shutting down VM
08-04 14:52:19.930 16763 16776 I art     : Explicit concurrent mark sweep GC freed 14(416B) AllocSpace objects, 0(0B) LOS objects, 40% free, 23MB/39MB, paused 160us total 14.620ms
08-04 14:52:19.937 16763 16776 I art     : Starting a blocking GC Explicit
08-04 14:52:19.941   512  2967 D audio_hw_primary: out_set_parameters: enter: usecase(1: low-latency-playback) kvpairs: routing=2
08-04 14:52:19.954   512  2967 D audio_hw_primary: select_devices: out_snd_device(2: speaker) in_snd_device(0: none)
08-04 14:52:19.954   512  2967 D msm8974_platform: platform_send_audio_calibration: sending audio calibration for snd_device(2) acdb_id(15)
08-04 14:52:19.954   512  2967 I soundtrigger: audio_extn_sound_trigger_update_device_status: device 0x2 of type 0 for Event 1
08-04 14:52:19.955 16763 16776 I art     : Explicit concurrent mark sweep GC freed 112(21KB) AllocSpace objects, 0(0B) LOS objects, 40% free, 23MB/39MB, paused 409us total 18.347ms
08-04 14:52:19.962 16763 16776 I art     : Starting a blocking GC Explicit
08-04 14:52:19.966   512  2967 D audio_hw_primary: enable_snd_device: snd_device(2: speaker)
08-04 14:52:19.968   512  2967 D audio_hw_primary: enable_audio_route: apply and update mixer path: low-latency-playback speaker
08-04 14:52:19.978 16763 16776 I art     : Explicit concurrent mark sweep GC freed 325(64KB) AllocSpace objects, 0(0B) LOS objects, 40% free, 23MB/39MB, paused 171us total 15.336ms
08-04 14:52:20.006 13866 13866 I GoogleInputMethodServic: GoogleInputMethodService.onFinishInput():3138 
08-04 14:52:20.007 13866 13866 I GoogleInputMethodServic: GoogleInputMethodService.onStartInput():1808 
08-04 14:52:20.008   512  2967 D AudioFlinger: mixer(0xf4740000) throttle end: throttle time(12)
08-04 14:52:20.222 29532 29532 W PathParser: Points are too far apart 4.030360828967057
08-04 14:52:20.223 16655 16655 I ServiceManager: Waiting for service AtCmdFwd...
08-04 14:52:20.223 29532 29532 W PathParser: Points are too far apart 4.030360538880159
08-04 14:52:20.231 16763 16776 I art     : Starting a blocking GC Explicit
08-04 14:52:20.238 29532 29532 W PathParser: Points are too far apart 4.030360828967057
08-04 14:52:20.239 29532 29532 W PathParser: Points are too far apart 4.030360538880159
08-04 14:52:20.248 16763 16776 I art     : Explicit concurrent mark sweep GC freed 2100(114KB) AllocSpace objects, 1(20KB) LOS objects, 40% free, 23MB/39MB, paused 146us total 17.011ms
08-04 14:52:20.255 29532 29532 W PathParser: Points are too far apart 4.030360828967057
08-04 14:52:20.255 29532 29532 W PathParser: Points are too far apart 4.030360538880159
08-04 14:52:20.256 16763 16776 I art     : Starting a blocking GC Explicit
08-04 14:52:20.272 16763 16776 I art     : Explicit concurrent mark sweep GC freed 33(1248B) AllocSpace objects, 0(0B) LOS objects, 40% free, 23MB/39MB, paused 172us total 16.378ms
08-04 14:52:20.272 29532 29532 W PathParser: Points are too far apart 4.030360828967057
08-04 14:52:20.272 29532 29532 W PathParser: Points are too far apart 4.030360538880159
08-04 14:52:20.280 16763 16776 I art     : Starting a blocking GC Explicit
08-04 14:52:20.288 29532 29532 W PathParser: Points are too far apart 4.030360828967057
08-04 14:52:20.289 29532 29532 W PathParser: Points are too far apart 4.030360538880159
08-04 14:52:20.295 16763 16776 I art     : Explicit concurrent mark sweep GC freed 3(96B) AllocSpace objects, 0(0B) LOS objects, 40% free, 23MB/39MB, paused 146us total 15.319ms
08-04 14:52:20.301 16763 16776 I art     : Starting a blocking GC Explicit
08-04 14:52:20.305 29532 29532 W PathParser: Points are too far apart 4.030360828967057
08-04 14:52:20.305 29532 29532 W PathParser: Points are too far apart 4.030360538880159
08-04 14:52:20.317 16763 16776 I art     : Explicit concurrent mark sweep GC freed 3(96B) AllocSpace objects, 0(0B) LOS objects, 40% free, 23MB/39MB, paused 175us total 15.195ms
08-04 14:52:20.322 29532 29532 W PathParser: Points are too far apart 4.030360828967057
08-04 14:52:20.322 29532 29532 W PathParser: Points are too far apart 4.030360538880159
08-04 14:52:20.324 16763 16776 I art     : Starting a blocking GC Explicit
08-04 14:52:20.339 16763 16776 I art     : Explicit concurrent mark sweep GC freed 30(832B) AllocSpace objects, 0(0B) LOS objects, 40% free, 23MB/39MB, paused 162us total 15.501ms
08-04 14:52:20.482 17178 17178 D AndroidRuntime: >>>>>> START com.android.internal.os.RuntimeInit uid 2000 <<<<<<
08-04 14:52:20.488 17178 17178 D AndroidRuntime: CheckJNI is OFF
08-04 14:52:20.490   512  2967 D audio_hw_primary: disable_audio_route: reset and update mixer path: low-latency-playback speaker
08-04 14:52:20.492   512  2967 D audio_hw_primary: disable_snd_device: snd_device(2: speaker)
08-04 14:52:20.502   512  2967 I soundtrigger: audio_extn_sound_trigger_update_device_status: device 0x2 of type 0 for Event 0
08-04 14:52:20.514 17178 17178 D ICU     : No timezone override file found: /data/misc/zoneinfo/current/icu/icu_tzdata.dat
08-04 14:52:20.539 17178 17178 I Radio-JNI: register_android_hardware_Radio DONE
08-04 14:52:20.555 17178 17178 D AndroidRuntime: Calling main entry com.android.commands.input.Input
08-04 14:52:20.557 17178 17178 I Input   : injectMotionEvent: MotionEvent { action=ACTION_DOWN, actionButton=0, id[0]=0, x[0]=256.0, y[0]=1589.0, toolType[0]=TOOL_TYPE_UNKNOWN, buttonState=0, metaState=0, flags=0x0, edgeFlags=0x0, pointerCount=1, historySize=0, eventTime=715956969, downTime=715956969, deviceId=0, source=0x1002 }
08-04 14:52:20.562 17178 17178 I Input   : injectMotionEvent: MotionEvent { action=ACTION_UP, actionButton=0, id[0]=0, x[0]=256.0, y[0]=1589.0, toolType[0]=TOOL_TYPE_UNKNOWN, buttonState=0, metaState=0, flags=0x0, edgeFlags=0x0, pointerCount=1, historySize=0, eventTime=715956969, downTime=715956969, deviceId=0, source=0x1002 }
08-04 14:52:20.563 17178 17178 D AndroidRuntime: Shutting down VM
08-04 14:52:20.576 16763 16763 D UserPreferences: timeOfDay: []
08-04 14:52:20.577 16763 16763 D AutoUpdateManager: Restarting update alarm.
08-04 14:52:20.578   512  2967 D audio_hw_primary: out_set_parameters: enter: usecase(1: low-latency-playback) kvpairs: routing=2
08-04 14:52:20.579 16763 16763 D AutoUpdateManager: Automatic update was deactivated
08-04 14:52:20.591   512  2967 D audio_hw_primary: select_devices: out_snd_device(2: speaker) in_snd_device(0: none)
08-04 14:52:20.591   512  2967 D msm8974_platform: platform_send_audio_calibration: sending audio calibration for snd_device(2) acdb_id(15)
08-04 14:52:20.591   512  2967 I soundtrigger: audio_extn_sound_trigger_update_device_status: device 0x2 of type 0 for Event 1
08-04 14:52:20.592 16763 16775 I art     : Starting a blocking GC Explicit
08-04 14:52:20.601 13866 13866 I GoogleInputMethodServic: GoogleInputMethodService.onFinishInput():3138 
08-04 14:52:20.601 13866 13866 I GoogleInputMethodServic: GoogleInputMethodService.onStartInput():1808 
08-04 14:52:20.604   512  2967 D audio_hw_primary: enable_snd_device: snd_device(2: speaker)
08-04 14:52:20.607   512  2967 D audio_hw_primary: enable_audio_route: apply and update mixer path: low-latency-playback speaker
08-04 14:52:20.614 16763 16775 I art     : Explicit concurrent mark sweep GC freed 1698(107KB) AllocSpace objects, 2(40KB) LOS objects, 40% free, 23MB/39MB, paused 209us total 21.967ms
08-04 14:52:20.622 16763 16775 I art     : Starting a blocking GC Explicit
08-04 14:52:20.623 29532 29532 W PathParser: Points are too far apart 4.030360828967057
08-04 14:52:20.623 29532 29532 W PathParser: Points are too far apart 4.030360538880159
08-04 14:52:20.637 16763 16775 I art     : Explicit concurrent mark sweep GC freed 60(2176B) AllocSpace objects, 0(0B) LOS objects, 40% free, 23MB/39MB, paused 142us total 15.348ms
08-04 14:52:20.639 29532 29532 W PathParser: Points are too far apart 4.030360828967057
08-04 14:52:20.639 29532 29532 W PathParser: Points are too far apart 4.030360538880159
08-04 14:52:20.644 16763 16775 I art     : Starting a blocking GC Explicit
08-04 14:52:20.651   512  2967 D AudioFlinger: mixer(0xf4740000) throttle end: throttle time(12)
08-04 14:52:20.655 29532 29532 W PathParser: Points are too far apart 4.030360828967057
08-04 14:52:20.655 29532 29532 W PathParser: Points are too far apart 4.030360538880159
08-04 14:52:20.660 16763 16775 I art     : Explicit concurrent mark sweep GC freed 3(96B) AllocSpace objects, 0(0B) LOS objects, 40% free, 23MB/39MB, paused 134us total 15.120ms
08-04 14:52:20.666 16763 16775 I art     : Starting a blocking GC Explicit
08-04 14:52:20.672 29532 29532 W PathParser: Points are too far apart 4.030360828967057
08-04 14:52:20.672 29532 29532 W PathParser: Points are too far apart 4.030360538880159
08-04 14:52:20.682 16763 16775 I art     : Explicit concurrent mark sweep GC freed 5(160B) AllocSpace objects, 0(0B) LOS objects, 40% free, 23MB/39MB, paused 140us total 15.417ms
08-04 14:52:20.689 16763 16775 I art     : Starting a blocking GC Explicit
08-04 14:52:20.689 29532 29532 W PathParser: Points are too far apart 4.030360828967057
08-04 14:52:20.689 29532 29532 W PathParser: Points are too far apart 4.030360538880159
08-04 14:52:20.704 16763 16775 I art     : Explicit concurrent mark sweep GC freed 3(96B) AllocSpace objects, 0(0B) LOS objects, 40% free, 23MB/39MB, paused 148us total 14.793ms
08-04 14:52:20.706 29532 29532 W PathParser: Points are too far apart 4.030360828967057
08-04 14:52:20.706 29532 29532 W PathParser: Points are too far apart 4.030360538880159
08-04 14:52:20.722 29532 29532 W PathParser: Points are too far apart 4.030360828967057
08-04 14:52:20.722 29532 29532 W PathParser: Points are too far apart 4.030360538880159
08-04 14:52:20.739 29532 29532 W PathParser: Points are too far apart 4.030360828967057
08-04 14:52:20.739 29532 29532 W PathParser: Points are too far apart 4.030360538880159
08-04 14:52:20.788   380   380 W SurfaceFlinger: couldn't log to binary event log: overflow.
08-04 14:52:20.933 16763 16776 I art     : Starting a blocking GC Explicit
08-04 14:52:20.951 16763 16776 I art     : Explicit concurrent mark sweep GC freed 1401(82KB) AllocSpace objects, 1(20KB) LOS objects, 40% free, 23MB/39MB, paused 159us total 17.599ms
08-04 14:52:20.958 16763 16776 I art     : Starting a blocking GC Explicit
08-04 14:52:20.976 16763 16776 I art     : Explicit concurrent mark sweep GC freed 96(3KB) AllocSpace objects, 0(0B) LOS objects, 40% free, 23MB/39MB, paused 191us total 17.976ms
08-04 14:52:20.983 16763 16776 I art     : Starting a blocking GC Explicit
08-04 14:52:20.999 16763 16776 I art     : Explicit concurrent mark sweep GC freed 36(1152B) AllocSpace objects, 0(0B) LOS objects, 40% free, 23MB/39MB, paused 157us total 15.643ms
08-04 14:52:21.005 16763 16776 I art     : Starting a blocking GC Explicit
08-04 14:52:21.023 16763 16776 I art     : Explicit concurrent mark sweep GC freed 40(1280B) AllocSpace objects, 0(0B) LOS objects, 40% free, 23MB/39MB, paused 286us total 17.120ms
08-04 14:52:21.029 16763 16776 I art     : Starting a blocking GC Explicit
08-04 14:52:21.044 16763 16776 I art     : Explicit concurrent mark sweep GC freed 61(1952B) AllocSpace objects, 0(0B) LOS objects, 40% free, 23MB/39MB, paused 145us total 14.662ms
08-04 14:52:21.085   518   646 I ThermalEngine: ACTION: GPU - Setting GPU[0] to 510000000
08-04 14:52:21.128 17205 17205 D AndroidRuntime: >>>>>> START com.android.internal.os.RuntimeInit uid 2000 <<<<<<
08-04 14:52:21.134 17205 17205 D AndroidRuntime: CheckJNI is OFF
08-04 14:52:21.140   512  2967 D audio_hw_primary: disable_audio_route: reset and update mixer path: low-latency-playback speaker
08-04 14:52:21.142   512  2967 D audio_hw_primary: disable_snd_device: snd_device(2: speaker)
08-04 14:52:21.151   512  2967 I soundtrigger: audio_extn_sound_trigger_update_device_status: device 0x2 of type 0 for Event 0
08-04 14:52:21.170 17205 17205 D ICU     : No timezone override file found: /data/misc/zoneinfo/current/icu/icu_tzdata.dat
08-04 14:52:21.203 17205 17205 I Radio-JNI: register_android_hardware_Radio DONE
08-04 14:52:21.223 16655 16655 W Atfwd_Sendcmd: AtCmdFwd service not published, waiting... retryCnt : 4
08-04 14:52:21.224 17205 17205 D AndroidRuntime: Calling main entry com.android.commands.input.Input
08-04 14:52:21.225 17205 17205 I Input   : injectKeyEvent: KeyEvent { action=ACTION_DOWN, keyCode=KEYCODE_BACK, scanCode=0, metaState=0, flags=0x0, repeatCount=0, eventTime=715957638, downTime=715957638, deviceId=-1, source=0x101 }
08-04 14:52:21.230 17205 17205 I Input   : injectKeyEvent: KeyEvent { action=ACTION_UP, keyCode=KEYCODE_BACK, scanCode=0, metaState=0, flags=0x0, repeatCount=0, eventTime=715957638, downTime=715957638, deviceId=-1, source=0x101 }
08-04 14:52:21.237 17205 17205 D AndroidRuntime: Shutting down VM
08-04 14:52:21.286 13866 13866 I GoogleInputMethodServic: GoogleInputMethodService.onFinishInput():3138 
08-04 14:52:21.287 13866 13866 I GoogleInputMethodServic: GoogleInputMethodService.onStartInput():1808 
08-04 14:52:21.303 16763 16776 I art     : Starting a blocking GC Explicit
08-04 14:52:21.327 16763 16776 I art     : Explicit concurrent mark sweep GC freed 2943(148KB) AllocSpace objects, 1(20KB) LOS objects, 39% free, 24MB/40MB, paused 205us total 23.256ms
08-04 14:52:21.337 16763 16776 I art     : Starting a blocking GC Explicit
08-04 14:52:21.357 16763 16776 I art     : Explicit concurrent mark sweep GC freed 8443(533KB) AllocSpace objects, 0(0B) LOS objects, 40% free, 23MB/39MB, paused 228us total 20.542ms
08-04 14:52:21.366 16763 16776 I art     : Starting a blocking GC Explicit
08-04 14:52:21.385 16763 16776 I art     : Explicit concurrent mark sweep GC freed 7(288B) AllocSpace objects, 0(0B) LOS objects, 40% free, 23MB/39MB, paused 209us total 19.029ms
08-04 14:52:21.394 16763 16776 I art     : Starting a blocking GC Explicit
08-04 14:52:21.414 16763 16776 I art     : Explicit concurrent mark sweep GC freed 3(96B) AllocSpace objects, 0(0B) LOS objects, 40% free, 23MB/39MB, paused 212us total 19.643ms
08-04 14:52:21.423 16763 16776 I art     : Starting a blocking GC Explicit
08-04 14:52:21.443 16763 16776 I art     : Explicit concurrent mark sweep GC freed 3(96B) AllocSpace objects, 0(0B) LOS objects, 40% free, 23MB/39MB, paused 216us total 19.637ms
08-04 14:52:21.725 16763 16775 I art     : Starting a blocking GC Explicit
08-04 14:52:21.755 16763 16775 I art     : Explicit concurrent mark sweep GC freed 1466(85KB) AllocSpace objects, 1(20KB) LOS objects, 40% free, 23MB/39MB, paused 240us total 29.535ms
08-04 14:52:21.771 16763 16775 I art     : Starting a blocking GC Explicit
08-04 14:52:21.793 16763 16775 I art     : Explicit concurrent mark sweep GC freed 889(56KB) AllocSpace objects, 1(48KB) LOS objects, 40% free, 23MB/39MB, paused 197us total 21.780ms
08-04 14:52:21.801 16763 16775 I art     : Starting a blocking GC Explicit
08-04 14:52:21.821 16763 16775 I art     : Explicit concurrent mark sweep GC freed 3(96B) AllocSpace objects, 0(0B) LOS objects, 40% free, 23MB/39MB, paused 230us total 19.406ms
08-04 14:52:21.830 16763 16775 I art     : Starting a blocking GC Explicit
08-04 14:52:21.849 16763 16775 I art     : Explicit concurrent mark sweep GC freed 3(96B) AllocSpace objects, 0(0B) LOS objects, 40% free, 23MB/39MB, paused 199us total 18.889ms
08-04 14:52:21.857 16763 16775 I art     : Starting a blocking GC Explicit
08-04 14:52:21.876 16763 16775 I art     : Explicit concurrent mark sweep GC freed 3(96B) AllocSpace objects, 0(0B) LOS objects, 40% free, 23MB/39MB, paused 196us total 18.942ms
08-04 14:52:22.168 16763 16785 I art     : Starting a blocking GC Explicit
08-04 14:52:22.193 16763 16785 I art     : Explicit concurrent mark sweep GC freed 1365(80KB) AllocSpace objects, 1(20KB) LOS objects, 40% free, 23MB/39MB, paused 230us total 24.314ms
08-04 14:52:22.205 16763 16785 I art     : Starting a blocking GC Explicit
08-04 14:52:22.224 16763 16785 I art     : Explicit concurrent mark sweep GC freed 23(752B) AllocSpace objects, 0(0B) LOS objects, 40% free, 23MB/39MB, paused 221us total 19.586ms
08-04 14:52:22.233 16763 16785 I art     : Starting a blocking GC Explicit
08-04 14:52:22.253 16763 16785 I art     : Explicit concurrent mark sweep GC freed 3(96B) AllocSpace objects, 0(0B) LOS objects, 40% free, 23MB/39MB, paused 212us total 19.678ms
08-04 14:52:22.261 16763 16785 I art     : Starting a blocking GC Explicit
08-04 14:52:22.281 16763 16785 I art     : Explicit concurrent mark sweep GC freed 3(96B) AllocSpace objects, 0(0B) LOS objects, 40% free, 23MB/39MB, paused 222us total 19.527ms
08-04 14:52:22.290 16763 16785 I art     : Starting a blocking GC Explicit
08-04 14:52:22.309 16763 16785 I art     : Explicit concurrent mark sweep GC freed 3(96B) AllocSpace objects, 0(0B) LOS objects, 40% free, 23MB/39MB, paused 213us total 18.883ms
08-04 14:52:22.570 16763 16776 I art     : Starting a blocking GC Explicit
08-04 14:52:22.588 16763 16776 I art     : Explicit concurrent mark sweep GC freed 1392(80KB) AllocSpace objects, 1(20KB) LOS objects, 40% free, 23MB/39MB, paused 220us total 18.704ms
08-04 14:52:22.597 16763 16776 I art     : Starting a blocking GC Explicit
08-04 14:52:22.610  5392  5392 I Finsky  : [1] xow.onStartJob(3): SCH: onJobSchedulerWakeup with jobId 9016
08-04 14:52:22.615 16763 16776 I art     : Explicit concurrent mark sweep GC freed 23(752B) AllocSpace objects, 0(0B) LOS objects, 40% free, 23MB/39MB, paused 211us total 17.454ms
08-04 14:52:22.616  5392  5392 I Finsky  : [1] xjw.a(9): Scheduling fallback in 43199995 (absolute: 1742546486)
08-04 14:52:22.619  5392  5392 I Finsky  : [1] xjw.a(9): Scheduling fallback in 64799999 (absolute: 1764146492)
08-04 14:52:22.623 16763 16776 I art     : Starting a blocking GC Explicit
08-04 14:52:22.623  5392  5392 I Finsky  : [1] xow.onStartJob(3): SCH: onJobSchedulerWakeup with jobId 9008
08-04 14:52:22.628  5392  5392 I Finsky  : [1] xjw.a(9): Scheduling fallback in 43199995 (absolute: 1742546498)
08-04 14:52:22.631  5392  5392 I Finsky  : [1] xjw.a(9): Scheduling fallback in 64799999 (absolute: 1764146504)
08-04 14:52:22.634  5392  5392 W Finsky  : [1] xow.onStartJob(9): SCH: onJobSchedulerWakeup while already running
08-04 14:52:22.639 16763 16776 I art     : Explicit concurrent mark sweep GC freed 3(96B) AllocSpace objects, 0(0B) LOS objects, 40% free, 23MB/39MB, paused 201us total 16.334ms
08-04 14:52:22.647 16763 16776 I art     : Starting a blocking GC Explicit
08-04 14:52:22.664 16763 16776 I art     : Explicit concurrent mark sweep GC freed 3(96B) AllocSpace objects, 0(0B) LOS objects, 40% free, 23MB/39MB, paused 207us total 16.735ms
08-04 14:52:22.671 16763 16776 I art     : Starting a blocking GC Explicit
08-04 14:52:22.689 16763 16776 I art     : Explicit concurrent mark sweep GC freed 3(96B) AllocSpace objects, 0(0B) LOS objects, 40% free, 23MB/39MB, paused 205us total 17.055ms
08-04 14:52:22.712  5392  5392 I Finsky  : [1] xkf.handleMessage(8): SCH: DeviceState: DeviceState{currentTime=1596545542709, isCharging=false, isIdle=false, netAny=true, netNotRoaming=true, netUnmetered=true, batteryPercent=100.0}
08-04 14:52:22.716  5392 16734 I Finsky  : [5878] xmu.a(8): SCH: Jobs in database: 1-1337 3-193 3-194 12-1 24-77777777 26-1414141414 
08-04 14:52:22.720  5392  5392 I Finsky  : [1] xkg.a(16): SCH: Running job: 12-1
08-04 14:52:22.721  5392  5392 I Finsky  : [1] ContentSyncJob.a(16): [ContentSync] job started
08-04 14:52:22.721  5392  5392 I Finsky  : [1] xkf.handleMessage(61): SCH: RunningQueue size: 1, PendingQueue size: 0
08-04 14:52:22.721  5392  5392 I Finsky  : [1] xkf.handleMessage(64): SCH: Running queue: 12-1 
08-04 14:52:22.874 17259 17259 D AndroidRuntime: >>>>>> START com.android.internal.os.RuntimeInit uid 2000 <<<<<<
08-04 14:52:22.877  5392 16752 I Finsky  : [5883] dzn.a(22): Completed 0 account content syncs with 0 successful.
08-04 14:52:22.878  5392  5392 I Finsky  : [1] ContentSyncJob.a(1): [ContentSync] Installation state replication succeeded.
08-04 14:52:22.879  5392  5392 I Finsky  : [1] xlr.a(13): SCH: jobFinished: 12-1. TimeElapsed: 159ms.
08-04 14:52:22.879 17259 17259 D AndroidRuntime: CheckJNI is OFF
08-04 14:52:22.880  5392  5392 I Finsky  : [1] xkg.a(36): SCH: Job 12-1 finished. Not rescheduling.
08-04 14:52:22.881  5392  5392 I Finsky  : [1] xkf.handleMessage(61): SCH: RunningQueue size: 0, PendingQueue size: 0
08-04 14:52:22.882  5392  5392 I Finsky  : [1] xkf.handleMessage(25): Executor finished
08-04 14:52:22.899  5392  5392 I Finsky  : [1] xmu.a(8): SCH: Jobs in database: 1-1337 3-193 3-194 24-77777777 26-1414141414 
08-04 14:52:22.901  5392  5392 I Finsky  : [1] xio.a(57): SCH: ConstraintMapping: 24-77777777,  -> L: 0ms, D: 22657937ms, C: false, I: true, N: 0
08-04 14:52:22.902  5392  5392 I Finsky  : [1] xio.a(57): SCH: ConstraintMapping: 1-1337,  -> L: 26010013ms, D: 69210013ms, C: false, I: false, N: 1
08-04 14:52:22.902  5392  5392 I Finsky  : [1] xio.a(57): SCH: ConstraintMapping: 3-193,  -> L: 0ms, D: 83619967ms, C: false, I: true, N: 2
08-04 14:52:22.903  5392  5392 I Finsky  : [1] xio.a(57): SCH: ConstraintMapping: 3-194,  -> L: 0ms, D: 83619984ms, C: true, I: true, N: 2
08-04 14:52:22.903  5392  5392 I Finsky  : [1] xio.a(57): SCH: ConstraintMapping: 26-1414141414,  -> L: 30123136ms, D: 31023136ms, C: false, I: false, N: 0
08-04 14:52:22.909 17259 17259 D ICU     : No timezone override file found: /data/misc/zoneinfo/current/icu/icu_tzdata.dat
08-04 14:52:22.915  5392  5392 I Finsky  : [1] xle.a(34): Cancelling existing jobscheduler jobs: 9012 9019 9011 9017 9015 9014 9018 9001 
08-04 14:52:22.915  5392  5392 I Finsky  : [1] xle.a(10): Throttling wakeup for job 9000 (expected to run in 0 ms) due to recent wakeup
08-04 14:52:22.915  5392  5392 I Finsky  : [1] xle.a(27): Scheduling job Id: 9000, L: 30000, D: 22657937, C: false, I: true, N: 0
08-04 14:52:22.917  5392  5392 I Finsky  : [1] xle.a(27): Scheduling job Id: 9002, L: 26010013, D: 69210013, C: false, I: false, N: 1
08-04 14:52:22.918  5392  5392 I Finsky  : [1] xle.a(10): Throttling wakeup for job 9003 (expected to run in 0 ms) due to recent wakeup
08-04 14:52:22.919  5392  5392 I Finsky  : [1] xle.a(27): Scheduling job Id: 9003, L: 30000, D: 83619967, C: false, I: true, N: 2
08-04 14:52:22.920  5392  5392 I Finsky  : [1] xle.a(10): Throttling wakeup for job 9004 (expected to run in 0 ms) due to recent wakeup
08-04 14:52:22.920  5392  5392 I Finsky  : [1] xle.a(27): Scheduling job Id: 9004, L: 30000, D: 83619984, C: true, I: true, N: 2
08-04 14:52:22.922  5392  5392 I Finsky  : [1] xle.a(27): Scheduling job Id: 9005, L: 30123136, D: 31023136, C: false, I: false, N: 0
08-04 14:52:22.923  5392  5392 I Finsky  : [1] xle.a(10): Throttling wakeup for job 9006 (expected to run in 0 ms) due to recent wakeup
08-04 14:52:22.923  5392  5392 I Finsky  : [1] xle.a(27): Scheduling job Id: 9006, L: 30000, D: 22657937, C: false, I: true, N: 0
08-04 14:52:22.925  5392  5392 I Finsky  : [1] xle.a(27): Scheduling job Id: 9007, L: 26010013, D: 69210013, C: false, I: false, N: 1
08-04 14:52:22.927  5392  5392 I Finsky  : [1] xle.a(10): Throttling wakeup for job 9008 (expected to run in 0 ms) due to recent wakeup
08-04 14:52:22.927  5392  5392 I Finsky  : [1] xle.a(27): Scheduling job Id: 9008, L: 30000, D: 83619967, C: false, I: true, N: 2
08-04 14:52:22.929  5392  5392 I Finsky  : [1] xle.a(10): Throttling wakeup for job 9009 (expected to run in 0 ms) due to recent wakeup
08-04 14:52:22.929  5392  5392 I Finsky  : [1] xle.a(27): Scheduling job Id: 9009, L: 30000, D: 83619984, C: true, I: true, N: 2
08-04 14:52:22.930  5392  5392 I Finsky  : [1] xle.a(27): Scheduling job Id: 9010, L: 30123136, D: 31023136, C: false, I: false, N: 0
08-04 14:52:22.938 17259 17259 I Radio-JNI: register_android_hardware_Radio DONE
08-04 14:52:22.939 16763 16776 I art     : Starting a blocking GC Explicit
08-04 14:52:22.956 16763 16776 I art     : Explicit concurrent mark sweep GC freed 1635(90KB) AllocSpace objects, 1(20KB) LOS objects, 40% free, 23MB/39MB, paused 214us total 16.733ms
08-04 14:52:22.960 17259 17259 D AndroidRuntime: Calling main entry com.android.commands.input.Input
08-04 14:52:22.961 17259 17259 I Input   : injectKeyEvent: KeyEvent { action=ACTION_DOWN, keyCode=KEYCODE_BACK, scanCode=0, metaState=0, flags=0x0, repeatCount=0, eventTime=715959375, downTime=715959375, deviceId=-1, source=0x101 }
08-04 14:52:22.964 16763 16776 I art     : Starting a blocking GC Explicit
08-04 14:52:22.967 17259 17259 I Input   : injectKeyEvent: KeyEvent { action=ACTION_UP, keyCode=KEYCODE_BACK, scanCode=0, metaState=0, flags=0x0, repeatCount=0, eventTime=715959375, downTime=715959375, deviceId=-1, source=0x101 }
08-04 14:52:22.971 17259 17259 D AndroidRuntime: Shutting down VM
08-04 14:52:22.981 16763 16776 I art     : Explicit concurrent mark sweep GC freed 141(4KB) AllocSpace objects, 0(0B) LOS objects, 40% free, 23MB/39MB, paused 241us total 16.635ms
08-04 14:52:22.989 16763 16776 I art     : Starting a blocking GC Explicit
08-04 14:52:22.995 16763 16763 D QueueFragment: loadItems()
08-04 14:52:22.995 16763 16788 D DBReader: getQueue() called
08-04 14:52:22.995 16763 16788 D DBReader: getQueue()
08-04 14:52:22.995 16763 16763 V PlaybackController: initServiceNotRunning()
08-04 14:52:22.995 16763 16763 D ExternalPlayerFragment: Loading media info
08-04 14:52:22.997 16763 16788 D DBReader: getFavoriteIDList() called
08-04 14:52:22.997 16763 16763 D UserPreferences: Using default data folder
08-04 14:52:22.998 16763 16788 D DBReader: getQueueIDList() called
08-04 14:52:22.998 16763 16783 D DBReader: getNavDrawerData() called with: 
08-04 14:52:22.998 16763 16788 D DBReader: Extracting Feedlist
08-04 14:52:23.001 16763 16783 D DBReader: getDownloadedItems() called
08-04 14:52:23.001 16763 16783 D DBReader: getFavoriteIDList() called
08-04 14:52:23.001 16763 16783 D DBReader: getQueueIDList() called
08-04 14:52:23.002 16763 16783 D DBReader: Extracting Feedlist
08-04 14:52:23.007 16763 16776 I art     : Explicit concurrent mark sweep GC freed 581(54KB) AllocSpace objects, 0(0B) LOS objects, 40% free, 23MB/39MB, paused 244us total 18.159ms
08-04 14:52:23.015 16763 16776 I art     : Starting a blocking GC Explicit
08-04 14:52:23.032 16763 16776 I art     : Explicit concurrent mark sweep GC freed 783(39KB) AllocSpace objects, 0(0B) LOS objects, 40% free, 23MB/39MB, paused 212us total 17.260ms
08-04 14:52:23.040 16763 16776 I art     : Starting a blocking GC Explicit
08-04 14:52:23.049 16763 16763 D MainActivity: getLastNavFragment() -> QueueFragment
08-04 14:52:23.057 16763 16776 I art     : Explicit concurrent mark sweep GC freed 773(45KB) AllocSpace objects, 0(0B) LOS objects, 40% free, 23MB/39MB, paused 459us total 16.810ms
08-04 14:52:23.084 13866 13866 I GoogleInputMethodServic: GoogleInputMethodService.onFinishInput():3138 
08-04 14:52:23.084 13866 13866 I GoogleInputMethodServic: GoogleInputMethodService.onStartInput():1808 
08-04 14:52:23.306 16763 16775 I art     : Starting a blocking GC Explicit
08-04 14:52:23.317   918  4413 I ActivityManager: Killing 26432:com.google.android.webview:webview_service/u0a74 (adj 15): empty #17
08-04 14:52:23.331 16763 16775 I art     : Explicit concurrent mark sweep GC freed 2131(115KB) AllocSpace objects, 1(20KB) LOS objects, 40% free, 23MB/39MB, paused 265us total 25.030ms
08-04 14:52:23.341 16763 16775 I art     : Starting a blocking GC Explicit
08-04 14:52:23.360 16763 16775 I art     : Explicit concurrent mark sweep GC freed 586(38KB) AllocSpace objects, 0(0B) LOS objects, 40% free, 23MB/39MB, paused 206us total 18.216ms
08-04 14:52:23.368 16763 16775 I art     : Starting a blocking GC Explicit
08-04 14:52:23.386 16763 16775 I art     : Explicit concurrent mark sweep GC freed 434(18KB) AllocSpace objects, 0(0B) LOS objects, 40% free, 23MB/39MB, paused 236us total 18.017ms
08-04 14:52:23.391   380   380 W SurfaceFlinger: couldn't log to binary event log: overflow.
08-04 14:52:23.395 16763 16775 I art     : Starting a blocking GC Explicit
08-04 14:52:23.413 16763 16775 I art     : Explicit concurrent mark sweep GC freed 112(4KB) AllocSpace objects, 0(0B) LOS objects, 40% free, 23MB/39MB, paused 196us total 17.914ms
08-04 14:52:23.421 16763 16775 I art     : Starting a blocking GC Explicit
08-04 14:52:23.438 16763 16775 I art     : Explicit concurrent mark sweep GC freed 1355(66KB) AllocSpace objects, 0(0B) LOS objects, 40% free, 23MB/39MB, paused 206us total 16.998ms
08-04 14:52:23.602   918  3261 D WifiStateMachine: starting scan for "H369AA63323"WPA_PSK with 2412,5180
08-04 14:52:23.712 16763 16776 I art     : Starting a blocking GC Explicit
08-04 14:52:23.739 16763 16776 I art     : Explicit concurrent mark sweep GC freed 6239(406KB) AllocSpace objects, 12(328KB) LOS objects, 40% free, 22MB/38MB, paused 268us total 26.127ms
08-04 14:52:23.751 16763 16776 I art     : Starting a blocking GC Explicit
08-04 14:52:23.771 16763 16776 I art     : Explicit concurrent mark sweep GC freed 23(752B) AllocSpace objects, 0(0B) LOS objects, 40% free, 22MB/38MB, paused 226us total 19.980ms
08-04 14:52:23.779 16763 16776 I art     : Starting a blocking GC Explicit
08-04 14:52:23.797 16763 16776 I art     : Explicit concurrent mark sweep GC freed 3(96B) AllocSpace objects, 0(0B) LOS objects, 40% free, 22MB/38MB, paused 220us total 17.019ms
08-04 14:52:23.805 16763 16776 I art     : Starting a blocking GC Explicit
08-04 14:52:23.822 16763 16776 I art     : Explicit concurrent mark sweep GC freed 3(96B) AllocSpace objects, 0(0B) LOS objects, 40% free, 22MB/38MB, paused 216us total 17.100ms
08-04 14:52:23.830 16763 16776 I art     : Starting a blocking GC Explicit
08-04 14:52:23.847 16763 16776 I art     : Explicit concurrent mark sweep GC freed 3(96B) AllocSpace objects, 0(0B) LOS objects, 40% free, 22MB/38MB, paused 248us total 16.581ms
08-04 14:52:23.886   918  3188 I hubconnection: sensorhub said: 'set_bias 3: -14.4000, 0.0000, 0.0000'
08-04 14:52:24.123 16763 16785 I art     : Starting a blocking GC Explicit
08-04 14:52:24.147 16763 16785 I art     : Explicit concurrent mark sweep GC freed 1364(80KB) AllocSpace objects, 1(20KB) LOS objects, 40% free, 22MB/38MB, paused 253us total 23.635ms
08-04 14:52:24.158 16763 16785 I art     : Starting a blocking GC Explicit
08-04 14:52:24.176 16763 16785 I art     : Explicit concurrent mark sweep GC freed 23(752B) AllocSpace objects, 0(0B) LOS objects, 40% free, 22MB/38MB, paused 218us total 17.738ms
08-04 14:52:24.184 16763 16785 I art     : Starting a blocking GC Explicit
08-04 14:52:24.201 16763 16785 I art     : Explicit concurrent mark sweep GC freed 3(96B) AllocSpace objects, 0(0B) LOS objects, 40% free, 22MB/38MB, paused 441us total 16.854ms
08-04 14:52:24.210 16763 16785 I art     : Starting a blocking GC Explicit
08-04 14:52:24.225 16763 16785 I art     : Explicit concurrent mark sweep GC freed 3(96B) AllocSpace objects, 0(0B) LOS objects, 40% free, 22MB/38MB, paused 213us total 15.684ms
08-04 14:52:24.233 16763 16785 I art     : Starting a blocking GC Explicit
08-04 14:52:24.250 16763 16785 I art     : Explicit concurrent mark sweep GC freed 3(96B) AllocSpace objects, 0(0B) LOS objects, 40% free, 22MB/38MB, paused 220us total 16.374ms
08-04 14:52:24.513 16763 16775 I art     : Starting a blocking GC Explicit
08-04 14:52:24.530 16763 16775 I art     : Explicit concurrent mark sweep GC freed 1392(81KB) AllocSpace objects, 1(20KB) LOS objects, 40% free, 22MB/38MB, paused 217us total 17.261ms
08-04 14:52:24.538 16763 16775 I art     : Starting a blocking GC Explicit
08-04 14:52:24.555 16763 16775 I art     : Explicit concurrent mark sweep GC freed 23(752B) AllocSpace objects, 0(0B) LOS objects, 40% free, 22MB/38MB, paused 213us total 16.183ms
08-04 14:52:24.563 16763 16775 I art     : Starting a blocking GC Explicit
08-04 14:52:24.579 16763 16775 I art     : Explicit concurrent mark sweep GC freed 3(96B) AllocSpace objects, 0(0B) LOS objects, 40% free, 22MB/38MB, paused 211us total 16.595ms
08-04 14:52:24.588 16763 16775 I art     : Starting a blocking GC Explicit
08-04 14:52:24.604 16763 16775 I art     : Explicit concurrent mark sweep GC freed 3(96B) AllocSpace objects, 0(0B) LOS objects, 40% free, 22MB/38MB, paused 210us total 16.190ms
08-04 14:52:24.612 16763 16775 I art     : Starting a blocking GC Explicit
08-04 14:52:24.625 17322 17322 D AndroidRuntime: >>>>>> START com.android.internal.os.RuntimeInit uid 2000 <<<<<<
08-04 14:52:24.629 16763 16775 I art     : Explicit concurrent mark sweep GC freed 4(160B) AllocSpace objects, 0(0B) LOS objects, 40% free, 22MB/38MB, paused 210us total 16.353ms
08-04 14:52:24.630 17322 17322 D AndroidRuntime: CheckJNI is OFF
08-04 14:52:24.664 17322 17322 D ICU     : No timezone override file found: /data/misc/zoneinfo/current/icu/icu_tzdata.dat
08-04 14:52:24.697 17322 17322 I Radio-JNI: register_android_hardware_Radio DONE
08-04 14:52:24.718 17322 17322 D AndroidRuntime: Calling main entry com.android.commands.input.Input
08-04 14:52:24.720 17322 17322 I Input   : injectMotionEvent: MotionEvent { action=ACTION_DOWN, actionButton=0, id[0]=0, x[0]=103.0, y[0]=192.0, toolType[0]=TOOL_TYPE_UNKNOWN, buttonState=0, metaState=0, flags=0x0, edgeFlags=0x0, pointerCount=1, historySize=0, eventTime=715961133, downTime=715961133, deviceId=0, source=0x1002 }
08-04 14:52:24.727 17322 17322 I Input   : injectMotionEvent: MotionEvent { action=ACTION_UP, actionButton=0, id[0]=0, x[0]=103.0, y[0]=192.0, toolType[0]=TOOL_TYPE_UNKNOWN, buttonState=0, metaState=0, flags=0x0, edgeFlags=0x0, pointerCount=1, historySize=0, eventTime=715961133, downTime=715961133, deviceId=0, source=0x1002 }
08-04 14:52:24.729 17322 17322 D AndroidRuntime: Shutting down VM
08-04 14:52:24.748   512  2967 D audio_hw_primary: out_set_parameters: enter: usecase(1: low-latency-playback) kvpairs: routing=2
08-04 14:52:24.761   512  2967 D audio_hw_primary: select_devices: out_snd_device(2: speaker) in_snd_device(0: none)
08-04 14:52:24.761   512  2967 D msm8974_platform: platform_send_audio_calibration: sending audio calibration for snd_device(2) acdb_id(15)
08-04 14:52:24.761   512  2967 I soundtrigger: audio_extn_sound_trigger_update_device_status: device 0x2 of type 0 for Event 1
08-04 14:52:24.771   512  2967 D audio_hw_primary: enable_snd_device: snd_device(2: speaker)
08-04 14:52:24.773   512  2967 D audio_hw_primary: enable_audio_route: apply and update mixer path: low-latency-playback speaker
08-04 14:52:24.784 13866 13866 I GoogleInputMethodServic: GoogleInputMethodService.onFinishInput():3138 
08-04 14:52:24.785 13866 13866 I GoogleInputMethodServic: GoogleInputMethodService.onStartInput():1808 
08-04 14:52:24.874 16763 16775 I art     : Starting a blocking GC Explicit
08-04 14:52:24.892 16763 16775 I art     : Explicit concurrent mark sweep GC freed 1856(104KB) AllocSpace objects, 1(20KB) LOS objects, 40% free, 22MB/38MB, paused 214us total 17.916ms
08-04 14:52:24.901 16763 16775 I art     : Starting a blocking GC Explicit
08-04 14:52:24.919 16763 16775 I art     : Explicit concurrent mark sweep GC freed 35(1488B) AllocSpace objects, 0(0B) LOS objects, 40% free, 22MB/38MB, paused 192us total 17.747ms
08-04 14:52:24.928 16763 16775 I art     : Starting a blocking GC Explicit
08-04 14:52:24.944 16763 16775 I art     : Explicit concurrent mark sweep GC freed 3(96B) AllocSpace objects, 0(0B) LOS objects, 40% free, 22MB/38MB, paused 224us total 16.419ms
08-04 14:52:24.953 16763 16775 I art     : Starting a blocking GC Explicit
08-04 14:52:24.970 16763 16775 I art     : Explicit concurrent mark sweep GC freed 5(160B) AllocSpace objects, 0(0B) LOS objects, 40% free, 22MB/38MB, paused 188us total 16.783ms
08-04 14:52:24.977 16763 16775 I art     : Starting a blocking GC Explicit
08-04 14:52:24.993 16763 16775 I art     : Explicit concurrent mark sweep GC freed 3(96B) AllocSpace objects, 0(0B) LOS objects, 40% free, 22MB/38MB, paused 359us total 15.671ms
08-04 14:52:25.249 16763 16776 I art     : Starting a blocking GC Explicit
08-04 14:52:25.266 16763 16776 I art     : Explicit concurrent mark sweep GC freed 1368(81KB) AllocSpace objects, 1(20KB) LOS objects, 40% free, 22MB/38MB, paused 209us total 16.989ms
08-04 14:52:25.274 16763 16776 I art     : Starting a blocking GC Explicit
08-04 14:52:25.291 16763 16776 I art     : Explicit concurrent mark sweep GC freed 31(1008B) AllocSpace objects, 0(0B) LOS objects, 40% free, 22MB/38MB, paused 257us total 16.854ms
08-04 14:52:25.300 16763 16776 I art     : Starting a blocking GC Explicit
08-04 14:52:25.308   512  2967 D audio_hw_primary: disable_audio_route: reset and update mixer path: low-latency-playback speaker
08-04 14:52:25.309   512  2967 D audio_hw_primary: disable_snd_device: snd_device(2: speaker)
08-04 14:52:25.316 16763 16776 I art     : Explicit concurrent mark sweep GC freed 3(96B) AllocSpace objects, 0(0B) LOS objects, 40% free, 22MB/38MB, paused 202us total 16.283ms
08-04 14:52:25.317   512  2967 I soundtrigger: audio_extn_sound_trigger_update_device_status: device 0x2 of type 0 for Event 0
08-04 14:52:25.325 16763 16776 I art     : Starting a blocking GC Explicit
08-04 14:52:25.340 16763 16776 I art     : Explicit concurrent mark sweep GC freed 32(880B) AllocSpace objects, 0(0B) LOS objects, 40% free, 22MB/38MB, paused 210us total 15.197ms
08-04 14:52:25.347 16763 16776 I art     : Starting a blocking GC Explicit
08-04 14:52:25.363 16763 16776 I art     : Explicit concurrent mark sweep GC freed 3(96B) AllocSpace objects, 0(0B) LOS objects, 40% free, 22MB/38MB, paused 208us total 15.238ms
08-04 14:52:25.649 16763 16785 I art     : Starting a blocking GC Explicit
08-04 14:52:25.671 16763 16785 I art     : Explicit concurrent mark sweep GC freed 1363(82KB) AllocSpace objects, 1(20KB) LOS objects, 40% free, 22MB/38MB, paused 244us total 21.583ms
08-04 14:52:25.684 16763 16785 I art     : Starting a blocking GC Explicit
08-04 14:52:25.700 16763 16785 I art     : Explicit concurrent mark sweep GC freed 25(816B) AllocSpace objects, 0(0B) LOS objects, 40% free, 22MB/38MB, paused 219us total 16.528ms
08-04 14:52:25.708 16763 16785 I art     : Starting a blocking GC Explicit
08-04 14:52:25.725 16763 16785 I art     : Explicit concurrent mark sweep GC freed 3(96B) AllocSpace objects, 0(0B) LOS objects, 40% free, 22MB/38MB, paused 224us total 16.465ms
08-04 14:52:25.733 16763 16785 I art     : Starting a blocking GC Explicit
08-04 14:52:25.751 16763 16785 I art     : Explicit concurrent mark sweep GC freed 3(96B) AllocSpace objects, 0(0B) LOS objects, 40% free, 22MB/38MB, paused 226us total 17.865ms
08-04 14:52:25.760 16763 16785 I art     : Starting a blocking GC Explicit
08-04 14:52:25.777 16763 16785 I art     : Explicit concurrent mark sweep GC freed 3(96B) AllocSpace objects, 0(0B) LOS objects, 40% free, 22MB/38MB, paused 227us total 17.221ms
08-04 14:52:26.039 16763 16776 I art     : Starting a blocking GC Explicit
08-04 14:52:26.056 16763 16776 I art     : Explicit concurrent mark sweep GC freed 1362(80KB) AllocSpace objects, 1(20KB) LOS objects, 40% free, 22MB/38MB, paused 230us total 17ms
08-04 14:52:26.064 16763 16776 I art     : Starting a blocking GC Explicit
08-04 14:52:26.081 16763 16776 I art     : Explicit concurrent mark sweep GC freed 23(752B) AllocSpace objects, 0(0B) LOS objects, 40% free, 22MB/38MB, paused 248us total 17.027ms
08-04 14:52:26.089 16763 16776 I art     : Starting a blocking GC Explicit
08-04 14:52:26.105 16763 16776 I art     : Explicit concurrent mark sweep GC freed 3(96B) AllocSpace objects, 0(0B) LOS objects, 40% free, 22MB/38MB, paused 207us total 15.808ms
08-04 14:52:26.113 16763 16776 I art     : Starting a blocking GC Explicit
08-04 14:52:26.129 16763 16776 I art     : Explicit concurrent mark sweep GC freed 3(96B) AllocSpace objects, 0(0B) LOS objects, 40% free, 22MB/38MB, paused 221us total 16.383ms
08-04 14:52:26.137 16763 16776 I art     : Starting a blocking GC Explicit
08-04 14:52:26.154 16763 16776 I art     : Explicit concurrent mark sweep GC freed 3(96B) AllocSpace objects, 0(0B) LOS objects, 40% free, 22MB/38MB, paused 220us total 16.339ms
08-04 14:52:26.398 17393 17393 D AndroidRuntime: >>>>>> START com.android.internal.os.RuntimeInit uid 2000 <<<<<<
08-04 14:52:26.403 17393 17393 D AndroidRuntime: CheckJNI is OFF
08-04 14:52:26.410 16763 16785 I art     : Starting a blocking GC Explicit
08-04 14:52:26.429 16763 16785 I art     : Explicit concurrent mark sweep GC freed 1396(80KB) AllocSpace objects, 1(20KB) LOS objects, 40% free, 22MB/38MB, paused 334us total 18.796ms
08-04 14:52:26.438 16763 16785 I art     : Starting a blocking GC Explicit
08-04 14:52:26.442 17393 17393 D ICU     : No timezone override file found: /data/misc/zoneinfo/current/icu/icu_tzdata.dat
08-04 14:52:26.454 16763 16785 I art     : Explicit concurrent mark sweep GC freed 27(880B) AllocSpace objects, 0(0B) LOS objects, 40% free, 22MB/38MB, paused 213us total 16.557ms
08-04 14:52:26.463 16763 16785 I art     : Starting a blocking GC Explicit
08-04 14:52:26.478 17393 17393 I Radio-JNI: register_android_hardware_Radio DONE
08-04 14:52:26.480 16763 16785 I art     : Explicit concurrent mark sweep GC freed 6(192B) AllocSpace objects, 0(0B) LOS objects, 40% free, 22MB/38MB, paused 254us total 17.538ms
08-04 14:52:26.488 16763 16785 I art     : Starting a blocking GC Explicit
08-04 14:52:26.500 17393 17393 D AndroidRuntime: Calling main entry com.android.commands.input.Input
08-04 14:52:26.502 17393 17393 I Input   : injectMotionEvent: MotionEvent { action=ACTION_DOWN, actionButton=0, id[0]=0, x[0]=409.0, y[0]=1034.0, toolType[0]=TOOL_TYPE_UNKNOWN, buttonState=0, metaState=0, flags=0x0, edgeFlags=0x0, pointerCount=1, historySize=0, eventTime=715962915, downTime=715962915, deviceId=0, source=0x1002 }
08-04 14:52:26.504 16763 16785 I art     : Explicit concurrent mark sweep GC freed 5(160B) AllocSpace objects, 0(0B) LOS objects, 40% free, 22MB/38MB, paused 229us total 15.163ms
08-04 14:52:26.509 17393 17393 I Input   : injectMotionEvent: MotionEvent { action=ACTION_UP, actionButton=0, id[0]=0, x[0]=409.0, y[0]=1034.0, toolType[0]=TOOL_TYPE_UNKNOWN, buttonState=0, metaState=0, flags=0x0, edgeFlags=0x0, pointerCount=1, historySize=0, eventTime=715962915, downTime=715962915, deviceId=0, source=0x1002 }
08-04 14:52:26.512 16763 16785 I art     : Starting a blocking GC Explicit
08-04 14:52:26.512 17393 17393 D AndroidRuntime: Shutting down VM
08-04 14:52:26.528 16763 16785 I art     : Explicit concurrent mark sweep GC freed 28(864B) AllocSpace objects, 0(0B) LOS objects, 40% free, 22MB/38MB, paused 204us total 16.112ms
08-04 14:52:26.578 16763 16763 D MainActivity: loadFragment(index: 5, args: null)
08-04 14:52:26.579 16763 16763 D MainActivity: loadFragment(tag: AddFeedFragment, args: null)
08-04 14:52:26.579 16763 16763 D MainActivity: saveLastNavFragment(tag: AddFeedFragment)
08-04 14:52:26.579 16763 16763 D MainActivity: getLastNavFragment() -> AddFeedFragment
08-04 14:52:26.580   512  2967 D audio_hw_primary: out_set_parameters: enter: usecase(1: low-latency-playback) kvpairs: routing=2
08-04 14:52:26.593   512  2967 D audio_hw_primary: select_devices: out_snd_device(2: speaker) in_snd_device(0: none)
08-04 14:52:26.594   512  2967 D msm8974_platform: platform_send_audio_calibration: sending audio calibration for snd_device(2) acdb_id(15)
08-04 14:52:26.594   512  2967 I soundtrigger: audio_extn_sound_trigger_update_device_status: device 0x2 of type 0 for Event 1
08-04 14:52:26.603   512  2967 D audio_hw_primary: enable_snd_device: snd_device(2: speaker)
08-04 14:52:26.605   512  2967 D audio_hw_primary: enable_audio_route: apply and update mixer path: low-latency-playback speaker
08-04 14:52:26.767 16763 16776 I art     : Starting a blocking GC Explicit
08-04 14:52:26.786 16763 16776 I art     : Explicit concurrent mark sweep GC freed 3469(208KB) AllocSpace objects, 2(40KB) LOS objects, 40% free, 23MB/38MB, paused 206us total 18.625ms
08-04 14:52:26.794 16763 16776 I art     : Starting a blocking GC Explicit
08-04 14:52:26.811 16763 16776 I art     : Explicit concurrent mark sweep GC freed 1365(82KB) AllocSpace objects, 2(56KB) LOS objects, 40% free, 22MB/38MB, paused 211us total 16.624ms
08-04 14:52:26.819 16763 16776 I art     : Starting a blocking GC Explicit
08-04 14:52:26.836 16763 16776 I art     : Explicit concurrent mark sweep GC freed 3(96B) AllocSpace objects, 0(0B) LOS objects, 40% free, 22MB/38MB, paused 199us total 16.181ms
08-04 14:52:26.844 16763 16776 I art     : Starting a blocking GC Explicit
08-04 14:52:26.859 16763 16776 I art     : Explicit concurrent mark sweep GC freed 3(96B) AllocSpace objects, 0(0B) LOS objects, 40% free, 22MB/38MB, paused 213us total 15.474ms
08-04 14:52:26.867 16763 16776 I art     : Starting a blocking GC Explicit
08-04 14:52:26.883 16763 16776 I art     : Explicit concurrent mark sweep GC freed 3(96B) AllocSpace objects, 0(0B) LOS objects, 40% free, 22MB/38MB, paused 196us total 15.441ms
08-04 14:52:27.023 13866 13866 I GoogleInputMethodServic: GoogleInputMethodService.onFinishInput():3138 
08-04 14:52:27.024 13866 13866 I GoogleInputMethodServic: GoogleInputMethodService.onStartInput():1808 
08-04 14:52:27.139   512  2967 D audio_hw_primary: disable_audio_route: reset and update mixer path: low-latency-playback speaker
08-04 14:52:27.141   512  2967 D audio_hw_primary: disable_snd_device: snd_device(2: speaker)
08-04 14:52:27.150   512  2967 I soundtrigger: audio_extn_sound_trigger_update_device_status: device 0x2 of type 0 for Event 0
08-04 14:52:27.165 16763 16776 I art     : Starting a blocking GC Explicit
08-04 14:52:27.184 16763 16776 I art     : Explicit concurrent mark sweep GC freed 1493(85KB) AllocSpace objects, 1(20KB) LOS objects, 40% free, 22MB/38MB, paused 219us total 19.042ms
08-04 14:52:27.193 16763 16776 I art     : Starting a blocking GC Explicit
08-04 14:52:27.208 16763 16776 I art     : Explicit concurrent mark sweep GC freed 125(6KB) AllocSpace objects, 0(0B) LOS objects, 40% free, 22MB/38MB, paused 201us total 14.814ms
08-04 14:52:27.215 16763 16776 I art     : Starting a blocking GC Explicit
08-04 14:52:27.231 16763 16776 I art     : Explicit concurrent mark sweep GC freed 3(96B) AllocSpace objects, 0(0B) LOS objects, 40% free, 22MB/38MB, paused 194us total 15.071ms
08-04 14:52:27.239 16763 16776 I art     : Starting a blocking GC Explicit
08-04 14:52:27.255 16763 16776 I art     : Explicit concurrent mark sweep GC freed 3(96B) AllocSpace objects, 0(0B) LOS objects, 40% free, 22MB/38MB, paused 205us total 15.768ms
08-04 14:52:27.263 16763 16776 I art     : Starting a blocking GC Explicit
08-04 14:52:27.280 16763 16776 I art     : Explicit concurrent mark sweep GC freed 3(96B) AllocSpace objects, 0(0B) LOS objects, 40% free, 22MB/38MB, paused 222us total 16.517ms
08-04 14:52:27.553 16763 16775 I art     : Starting a blocking GC Explicit
08-04 14:52:27.570 16763 16775 I art     : Explicit concurrent mark sweep GC freed 1392(80KB) AllocSpace objects, 1(20KB) LOS objects, 40% free, 22MB/38MB, paused 213us total 17.276ms
08-04 14:52:27.578 16763 16775 I art     : Starting a blocking GC Explicit
08-04 14:52:27.596 16763 16775 I art     : Explicit concurrent mark sweep GC freed 25(816B) AllocSpace objects, 0(0B) LOS objects, 40% free, 22MB/38MB, paused 210us total 17.006ms
08-04 14:52:27.603 16763 16775 I art     : Starting a blocking GC Explicit
08-04 14:52:27.621 16763 16775 I art     : Explicit concurrent mark sweep GC freed 3(96B) AllocSpace objects, 0(0B) LOS objects, 40% free, 22MB/38MB, paused 212us total 17.394ms
08-04 14:52:27.629 16763 16775 I art     : Starting a blocking GC Explicit
08-04 14:52:27.646 16763 16775 I art     : Explicit concurrent mark sweep GC freed 3(96B) AllocSpace objects, 0(0B) LOS objects, 40% free, 22MB/38MB, paused 216us total 17.084ms
08-04 14:52:27.654 16763 16775 I art     : Starting a blocking GC Explicit
08-04 14:52:27.672 16763 16775 I art     : Explicit concurrent mark sweep GC freed 3(96B) AllocSpace objects, 0(0B) LOS objects, 40% free, 22MB/38MB, paused 210us total 17.080ms
08-04 14:52:27.923 16763 16776 I art     : Starting a blocking GC Explicit
08-04 14:52:27.941 16763 16776 I art     : Explicit concurrent mark sweep GC freed 1362(80KB) AllocSpace objects, 1(20KB) LOS objects, 40% free, 22MB/38MB, paused 250us total 17.457ms
08-04 14:52:27.949 16763 16776 I art     : Starting a blocking GC Explicit
08-04 14:52:27.966 16763 16776 I art     : Explicit concurrent mark sweep GC freed 23(752B) AllocSpace objects, 0(0B) LOS objects, 40% free, 22MB/38MB, paused 234us total 17.197ms
08-04 14:52:27.975 16763 16776 I art     : Starting a blocking GC Explicit
08-04 14:52:27.992 16763 16776 I art     : Explicit concurrent mark sweep GC freed 3(96B) AllocSpace objects, 0(0B) LOS objects, 40% free, 22MB/38MB, paused 221us total 17.098ms
08-04 14:52:28.000 16763 16776 I art     : Starting a blocking GC Explicit
08-04 14:52:28.016 16763 16776 I art     : Explicit concurrent mark sweep GC freed 3(96B) AllocSpace objects, 0(0B) LOS objects, 40% free, 22MB/38MB, paused 230us total 16.325ms
08-04 14:52:28.025 16763 16776 I art     : Starting a blocking GC Explicit
08-04 14:52:28.042 16763 16776 I art     : Explicit concurrent mark sweep GC freed 3(96B) AllocSpace objects, 0(0B) LOS objects, 40% free, 22MB/38MB, paused 227us total 16.378ms
08-04 14:52:28.173 17453 17453 D AndroidRuntime: >>>>>> START com.android.internal.os.RuntimeInit uid 2000 <<<<<<
08-04 14:52:28.180 17453 17453 D AndroidRuntime: CheckJNI is OFF
08-04 14:52:28.218 17453 17453 D ICU     : No timezone override file found: /data/misc/zoneinfo/current/icu/icu_tzdata.dat
08-04 14:52:28.250 17453 17453 I Radio-JNI: register_android_hardware_Radio DONE
08-04 14:52:28.273 17453 17453 D AndroidRuntime: Calling main entry com.android.commands.input.Input
08-04 14:52:28.275 17453 17453 I Input   : injectMotionEvent: MotionEvent { action=ACTION_DOWN, actionButton=0, id[0]=0, x[0]=567.0, y[0]=714.0, toolType[0]=TOOL_TYPE_UNKNOWN, buttonState=0, metaState=0, flags=0x0, edgeFlags=0x0, pointerCount=1, historySize=0, eventTime=715964687, downTime=715964687, deviceId=0, source=0x1002 }
08-04 14:52:28.279 17453 17453 I Input   : injectMotionEvent: MotionEvent { action=ACTION_UP, actionButton=0, id[0]=0, x[0]=567.0, y[0]=714.0, toolType[0]=TOOL_TYPE_UNKNOWN, buttonState=0, metaState=0, flags=0x0, edgeFlags=0x0, pointerCount=1, historySize=0, eventTime=715964687, downTime=715964687, deviceId=0, source=0x1002 }
08-04 14:52:28.280 17453 17453 D AndroidRuntime: Shutting down VM
08-04 14:52:28.286   512  2967 D audio_hw_primary: out_set_parameters: enter: usecase(1: low-latency-playback) kvpairs: routing=2
08-04 14:52:28.300   512  2967 D audio_hw_primary: select_devices: out_snd_device(2: speaker) in_snd_device(0: none)
08-04 14:52:28.300   512  2967 D msm8974_platform: platform_send_audio_calibration: sending audio calibration for snd_device(2) acdb_id(15)
08-04 14:52:28.301   512  2967 I soundtrigger: audio_extn_sound_trigger_update_device_status: device 0x2 of type 0 for Event 1
08-04 14:52:28.309 16763 17291 D AntennapodHttpClient: Creating new instance of HTTP client
08-04 14:52:28.311   512  2967 D audio_hw_primary: enable_snd_device: snd_device(2: speaker)
08-04 14:52:28.313   512  2967 D audio_hw_primary: enable_audio_route: apply and update mixer path: low-latency-playback speaker
08-04 14:52:28.317 13866 13866 I GoogleInputMethodServic: GoogleInputMethodService.onFinishInput():3138 
08-04 14:52:28.318 13866 13866 I GoogleInputMethodServic: GoogleInputMethodService.onStartInput():1808 
08-04 14:52:28.333 16763 16776 I art     : Starting a blocking GC Explicit
08-04 14:52:28.353 16763 16776 I art     : Explicit concurrent mark sweep GC freed 4518(287KB) AllocSpace objects, 1(20KB) LOS objects, 40% free, 23MB/39MB, paused 277us total 19.509ms
08-04 14:52:28.360 16763 16776 I art     : Starting a blocking GC Explicit
08-04 14:52:28.376 16763 16776 I art     : Explicit concurrent mark sweep GC freed 1648(83KB) AllocSpace objects, 1(220KB) LOS objects, 40% free, 23MB/38MB, paused 261us total 15.140ms
08-04 14:52:28.383 16763 16776 I art     : Starting a blocking GC Explicit
08-04 14:52:28.399 16763 16776 I art     : Explicit concurrent mark sweep GC freed 13(480B) AllocSpace objects, 0(0B) LOS objects, 40% free, 23MB/38MB, paused 284us total 15.149ms
08-04 14:52:28.406 16763 16776 I art     : Starting a blocking GC Explicit
08-04 14:52:28.421 16763 16776 I art     : Explicit concurrent mark sweep GC freed 62(4KB) AllocSpace objects, 0(0B) LOS objects, 40% free, 23MB/38MB, paused 347us total 15.360ms
08-04 14:52:28.428 16763 16776 I art     : Starting a blocking GC Explicit
08-04 14:52:28.444 16763 16776 I art     : Explicit concurrent mark sweep GC freed 101(9KB) AllocSpace objects, 0(0B) LOS objects, 40% free, 23MB/38MB, paused 251us total 15.401ms
08-04 14:52:28.678 16763 16775 I art     : Starting a blocking GC Explicit
08-04 14:52:28.699 16763 16775 I art     : Explicit concurrent mark sweep GC freed 8570(452KB) AllocSpace objects, 4(220KB) LOS objects, 40% free, 23MB/39MB, paused 468us total 20.930ms
08-04 14:52:28.708 16763 16775 I art     : Starting a blocking GC Explicit
08-04 14:52:28.725 16763 16775 I art     : Explicit concurrent mark sweep GC freed 1038(119KB) AllocSpace objects, 0(0B) LOS objects, 40% free, 23MB/39MB, paused 308us total 16.520ms
08-04 14:52:28.732 16763 16775 I art     : Starting a blocking GC Explicit
08-04 14:52:28.745 16763 17291 I NAPPA_EXPERIMENTATION: MetricNetworkRequestExecutionTime: REQUEST_DURATION_SYSTEM='420',REQUEST_DURATION_OKHTTP='159',REQUEST_SYNCHRONOUS='TRUE',RESPONSE_CODE='400',RESPONSE_METHOD='GET',RESPONSE_LENGTH_OKHTTP='0',RESPONSE_LENGTH_HEADER='0',REQUEST_PROTOCOL='h2',REQUEST_URL='https://itunes.apple.com/en/rss/toppodcasts/limit=25/explicit=true/json',
08-04 14:52:28.751 16763 16775 I art     : Explicit concurrent mark sweep GC freed 378(26KB) AllocSpace objects, 0(0B) LOS objects, 40% free, 23MB/39MB, paused 533us total 18ms
08-04 14:52:28.751 16763 16774 I art     : WaitForGcToComplete blocked for 11.768ms for cause HeapTrim
08-04 14:52:28.758 16763 16775 I art     : Starting a blocking GC Explicit
08-04 14:52:28.776 16763 16775 I art     : Explicit concurrent mark sweep GC freed 101(5KB) AllocSpace objects, 0(0B) LOS objects, 40% free, 23MB/39MB, paused 312us total 17.318ms
08-04 14:52:28.783 16763 16775 I art     : Starting a blocking GC Explicit
08-04 14:52:28.801 16763 16775 I art     : Explicit concurrent mark sweep GC freed 11(416B) AllocSpace objects, 0(0B) LOS objects, 40% free, 23MB/39MB, paused 295us total 17.409ms
08-04 14:52:28.850   512  2967 D audio_hw_primary: disable_audio_route: reset and update mixer path: low-latency-playback speaker
08-04 14:52:28.851   512  2967 D audio_hw_primary: disable_snd_device: snd_device(2: speaker)
08-04 14:52:28.858   512  2967 I soundtrigger: audio_extn_sound_trigger_update_device_status: device 0x2 of type 0 for Event 0
08-04 14:52:28.879 16763 17291 I NAPPA_EXPERIMENTATION: MetricNetworkRequestExecutionTime: REQUEST_DURATION_SYSTEM='133',REQUEST_DURATION_OKHTTP='131',REQUEST_SYNCHRONOUS='TRUE',RESPONSE_CODE='200',RESPONSE_METHOD='GET',RESPONSE_LENGTH_OKHTTP='-1',RESPONSE_LENGTH_HEADER='10075',REQUEST_PROTOCOL='h2',REQUEST_URL='https://itunes.apple.com/us/rss/toppodcasts/limit=25/explicit=true/json',
08-04 14:52:28.958 16763 16763 D AntennapodHttpClient: Creating new instance of HTTP client
08-04 14:52:28.971 16763 17509 D ApOkHttpUrlLoader: buildLoadData() called with: model = [https://is4-ssl.mzstatic.com/image/thumb/Podcasts114/v4/3f/16/74/3f167426-bf50-ce3a-d709-e4301620fc5b/mza_5832671293059882550.jpeg/170x170bb.png], width = [224], height = [224]
08-04 14:52:28.976 16763 17511 D ApOkHttpUrlLoader: buildLoadData() called with: model = [https://is4-ssl.mzstatic.com/image/thumb/Podcasts113/v4/e5/8a/10/e58a108f-f5d0-f622-c94a-13f66edd570c/mza_3025981348644196724.jpg/170x170bb.png], width = [224], height = [224]
08-04 14:52:28.978 16763 17510 D DBReader: getImageAuthentication() called with: imageUrl = [https://is4-ssl.mzstatic.com/image/thumb/Podcasts114/v4/3f/16/74/3f167426-bf50-ce3a-d709-e4301620fc5b/mza_5832671293059882550.jpeg/170x170bb.png]
08-04 14:52:28.979 16763 17512 D DBReader: getImageAuthentication() called with: imageUrl = [https://is4-ssl.mzstatic.com/image/thumb/Podcasts113/v4/e5/8a/10/e58a108f-f5d0-f622-c94a-13f66edd570c/mza_3025981348644196724.jpg/170x170bb.png]
08-04 14:52:28.980 16763 17513 D ApOkHttpUrlLoader: buildLoadData() called with: model = [https://is2-ssl.mzstatic.com/image/thumb/Podcasts113/v4/a9/39/cc/a939ccc5-6d60-0c11-0a4c-16d71cdef89b/mza_8787577209688278658.jpg/170x170bb.png], width = [224], height = [224]
08-04 14:52:28.980 16763 17510 D ApOkHttpUrlLoader: no credentials for 'https://is4-ssl.mzstatic.com/image/thumb/Podcasts114/v4/3f/16/74/3f167426-bf50-ce3a-d709-e4301620fc5b/mza_5832671293059882550.jpeg/170x170bb.png'
08-04 14:52:28.980 16763 17512 D ApOkHttpUrlLoader: no credentials for 'https://is4-ssl.mzstatic.com/image/thumb/Podcasts113/v4/e5/8a/10/e58a108f-f5d0-f622-c94a-13f66edd570c/mza_3025981348644196724.jpg/170x170bb.png'
08-04 14:52:28.981 16763 17514 D DBReader: getImageAuthentication() called with: imageUrl = [https://is2-ssl.mzstatic.com/image/thumb/Podcasts113/v4/a9/39/cc/a939ccc5-6d60-0c11-0a4c-16d71cdef89b/mza_8787577209688278658.jpg/170x170bb.png]
08-04 14:52:28.983 16763 17514 D ApOkHttpUrlLoader: no credentials for 'https://is2-ssl.mzstatic.com/image/thumb/Podcasts113/v4/a9/39/cc/a939ccc5-6d60-0c11-0a4c-16d71cdef89b/mza_8787577209688278658.jpg/170x170bb.png'
08-04 14:52:28.983 16763 17515 D ApOkHttpUrlLoader: buildLoadData() called with: model = [https://is5-ssl.mzstatic.com/image/thumb/Podcasts114/v4/93/cf/99/93cf9960-fff3-205e-6655-72c03ddeccb2/mza_10545582232493904175.jpeg/170x170bb.png], width = [224], height = [224]
08-04 14:52:28.985 16763 17516 D DBReader: getImageAuthentication() called with: imageUrl = [https://is5-ssl.mzstatic.com/image/thumb/Podcasts114/v4/93/cf/99/93cf9960-fff3-205e-6655-72c03ddeccb2/mza_10545582232493904175.jpeg/170x170bb.png]
08-04 14:52:28.986 16763 17509 D ApOkHttpUrlLoader: buildLoadData() called with: model = [https://is4-ssl.mzstatic.com/image/thumb/Podcasts124/v4/49/a4/91/49a491b7-3daf-c5dc-d7c6-6c4f1486955c/mza_5930014091766152297.png/170x170bb.png], width = [224], height = [224]
08-04 14:52:28.986 16763 17516 D ApOkHttpUrlLoader: no credentials for 'https://is5-ssl.mzstatic.com/image/thumb/Podcasts114/v4/93/cf/99/93cf9960-fff3-205e-6655-72c03ddeccb2/mza_10545582232493904175.jpeg/170x170bb.png'
08-04 14:52:28.989 16763 17519 D DBReader: getImageAuthentication() called with: imageUrl = [https://is4-ssl.mzstatic.com/image/thumb/Podcasts124/v4/49/a4/91/49a491b7-3daf-c5dc-d7c6-6c4f1486955c/mza_5930014091766152297.png/170x170bb.png]
08-04 14:52:28.990 16763 17519 D ApOkHttpUrlLoader: no credentials for 'https://is4-ssl.mzstatic.com/image/thumb/Podcasts124/v4/49/a4/91/49a491b7-3daf-c5dc-d7c6-6c4f1486955c/mza_5930014091766152297.png/170x170bb.png'
08-04 14:52:28.991 16763 17511 D ApOkHttpUrlLoader: buildLoadData() called with: model = [https://is5-ssl.mzstatic.com/image/thumb/Podcasts113/v4/fd/54/6e/fd546ea0-7ab2-e3f0-6049-884d82917af9/mza_4855349695799758348.jpeg/170x170bb.png], width = [224], height = [224]
08-04 14:52:28.994 16763 17520 D DBReader: getImageAuthentication() called with: imageUrl = [https://is5-ssl.mzstatic.com/image/thumb/Podcasts113/v4/fd/54/6e/fd546ea0-7ab2-e3f0-6049-884d82917af9/mza_4855349695799758348.jpeg/170x170bb.png]
08-04 14:52:28.995 16763 17513 D ApOkHttpUrlLoader: buildLoadData() called with: model = [https://is2-ssl.mzstatic.com/image/thumb/Podcasts114/v4/b3/4c/cf/b34ccfc2-cea4-1ca1-0fad-7793af301cc5/mza_2466085192629456364.jpg/170x170bb.png], width = [224], height = [224]
08-04 14:52:28.996 16763 17520 D ApOkHttpUrlLoader: no credentials for 'https://is5-ssl.mzstatic.com/image/thumb/Podcasts113/v4/fd/54/6e/fd546ea0-7ab2-e3f0-6049-884d82917af9/mza_4855349695799758348.jpeg/170x170bb.png'
08-04 14:52:28.997 16763 17523 D DBReader: getImageAuthentication() called with: imageUrl = [https://is2-ssl.mzstatic.com/image/thumb/Podcasts114/v4/b3/4c/cf/b34ccfc2-cea4-1ca1-0fad-7793af301cc5/mza_2466085192629456364.jpg/170x170bb.png]
08-04 14:52:28.998 16763 17523 D ApOkHttpUrlLoader: no credentials for 'https://is2-ssl.mzstatic.com/image/thumb/Podcasts114/v4/b3/4c/cf/b34ccfc2-cea4-1ca1-0fad-7793af301cc5/mza_2466085192629456364.jpg/170x170bb.png'
08-04 14:52:29.054 16763 16775 I art     : Starting a blocking GC Explicit
08-04 14:52:29.077 16763 16775 I art     : Explicit concurrent mark sweep GC freed 14110(885KB) AllocSpace objects, 5(372KB) LOS objects, 39% free, 24MB/40MB, paused 637us total 22.753ms
08-04 14:52:29.085 16763 16775 I art     : Starting a blocking GC Explicit
08-04 14:52:29.105 16763 16775 I art     : Explicit concurrent mark sweep GC freed 257(11KB) AllocSpace objects, 0(0B) LOS objects, 39% free, 24MB/40MB, paused 640us total 20.194ms
08-04 14:52:29.113 16763 16775 I art     : Starting a blocking GC Explicit
08-04 14:52:29.135 16763 16775 I art     : Explicit concurrent mark sweep GC freed 3(96B) AllocSpace objects, 0(0B) LOS objects, 39% free, 24MB/40MB, paused 635us total 21.134ms
08-04 14:52:29.143 16763 16775 I art     : Starting a blocking GC Explicit
08-04 14:52:29.166 16763 16775 I art     : Explicit concurrent mark sweep GC freed 1479(122KB) AllocSpace objects, 0(0B) LOS objects, 39% free, 24MB/40MB, paused 1.200ms total 22.697ms
08-04 14:52:29.174 16763 16775 I art     : Starting a blocking GC Explicit
08-04 14:52:29.198 16763 16775 I art     : Explicit concurrent mark sweep GC freed 18946(804KB) AllocSpace objects, 2(120KB) LOS objects, 39% free, 24MB/40MB, paused 926us total 23.771ms
08-04 14:52:29.398 16763 17514 D MYTAG   : interceptor 2a
08-04 14:52:29.399 16763 17514 I NAPPA_EXPERIMENTATION: MetricNetworkRequestExecutionTime: REQUEST_DURATION_SYSTEM='415',REQUEST_DURATION_OKHTTP='195',REQUEST_SYNCHRONOUS='TRUE',RESPONSE_CODE='200',RESPONSE_METHOD='GET',RESPONSE_LENGTH_OKHTTP='48239',RESPONSE_LENGTH_HEADER='48239',REQUEST_PROTOCOL='h2',REQUEST_URL='https://is2-ssl.mzstatic.com/image/thumb/Podcasts113/v4/a9/39/cc/a939ccc5-6d60-0c11-0a4c-16d71cdef89b/mza_8787577209688278658.jpg/170x170bb.png',
08-04 14:52:29.452 16763 17512 D MYTAG   : interceptor 2a
08-04 14:52:29.452 16763 17512 I NAPPA_EXPERIMENTATION: MetricNetworkRequestExecutionTime: REQUEST_DURATION_SYSTEM='472',REQUEST_DURATION_OKHTTP='225',REQUEST_SYNCHRONOUS='TRUE',RESPONSE_CODE='200',RESPONSE_METHOD='GET',RESPONSE_LENGTH_OKHTTP='45995',RESPONSE_LENGTH_HEADER='45995',REQUEST_PROTOCOL='h2',REQUEST_URL='https://is4-ssl.mzstatic.com/image/thumb/Podcasts113/v4/e5/8a/10/e58a108f-f5d0-f622-c94a-13f66edd570c/mza_3025981348644196724.jpg/170x170bb.png',
08-04 14:52:29.461 16763 17523 D MYTAG   : interceptor 2a
08-04 14:52:29.461 16763 17523 I NAPPA_EXPERIMENTATION: MetricNetworkRequestExecutionTime: REQUEST_DURATION_SYSTEM='463',REQUEST_DURATION_OKHTTP='250',REQUEST_SYNCHRONOUS='TRUE',RESPONSE_CODE='200',RESPONSE_METHOD='GET',RESPONSE_LENGTH_OKHTTP='42299',RESPONSE_LENGTH_HEADER='42299',REQUEST_PROTOCOL='h2',REQUEST_URL='https://is2-ssl.mzstatic.com/image/thumb/Podcasts114/v4/b3/4c/cf/b34ccfc2-cea4-1ca1-0fad-7793af301cc5/mza_2466085192629456364.jpg/170x170bb.png',
08-04 14:52:29.470 16763 17516 D MYTAG   : interceptor 2a
08-04 14:52:29.470 16763 17516 I NAPPA_EXPERIMENTATION: MetricNetworkRequestExecutionTime: REQUEST_DURATION_SYSTEM='484',REQUEST_DURATION_OKHTTP='244',REQUEST_SYNCHRONOUS='TRUE',RESPONSE_CODE='200',RESPONSE_METHOD='GET',RESPONSE_LENGTH_OKHTTP='22351',RESPONSE_LENGTH_HEADER='22351',REQUEST_PROTOCOL='h2',REQUEST_URL='https://is5-ssl.mzstatic.com/image/thumb/Podcasts114/v4/93/cf/99/93cf9960-fff3-205e-6655-72c03ddeccb2/mza_10545582232493904175.jpeg/170x170bb.png',
08-04 14:52:29.470 16763 16785 I art     : Starting a blocking GC Explicit
08-04 14:52:29.474 16763 17510 D MYTAG   : interceptor 2a
08-04 14:52:29.474 16763 17510 I NAPPA_EXPERIMENTATION: MetricNetworkRequestExecutionTime: REQUEST_DURATION_SYSTEM='494',REQUEST_DURATION_OKHTTP='248',REQUEST_SYNCHRONOUS='TRUE',RESPONSE_CODE='200',RESPONSE_METHOD='GET',RESPONSE_LENGTH_OKHTTP='26177',RESPONSE_LENGTH_HEADER='26177',REQUEST_PROTOCOL='h2',REQUEST_URL='https://is4-ssl.mzstatic.com/image/thumb/Podcasts114/v4/3f/16/74/3f167426-bf50-ce3a-d709-e4301620fc5b/mza_5832671293059882550.jpeg/170x170bb.png',
08-04 14:52:29.488 16763 17520 D MYTAG   : interceptor 2a
08-04 14:52:29.489 16763 17520 I NAPPA_EXPERIMENTATION: MetricNetworkRequestExecutionTime: REQUEST_DURATION_SYSTEM='492',REQUEST_DURATION_OKHTTP='261',REQUEST_SYNCHRONOUS='TRUE',RESPONSE_CODE='200',RESPONSE_METHOD='GET',RESPONSE_LENGTH_OKHTTP='54835',RESPONSE_LENGTH_HEADER='54835',REQUEST_PROTOCOL='h2',REQUEST_URL='https://is5-ssl.mzstatic.com/image/thumb/Podcasts113/v4/fd/54/6e/fd546ea0-7ab2-e3f0-6049-884d82917af9/mza_4855349695799758348.jpeg/170x170bb.png',
08-04 14:52:29.494 16763 17519 D MYTAG   : interceptor 2a
08-04 14:52:29.495 16763 17519 I NAPPA_EXPERIMENTATION: MetricNetworkRequestExecutionTime: REQUEST_DURATION_SYSTEM='504',REQUEST_DURATION_OKHTTP='263',REQUEST_SYNCHRONOUS='TRUE',RESPONSE_CODE='200',RESPONSE_METHOD='GET',RESPONSE_LENGTH_OKHTTP='12000',RESPONSE_LENGTH_HEADER='12000',REQUEST_PROTOCOL='h2',REQUEST_URL='https://is4-ssl.mzstatic.com/image/thumb/Podcasts124/v4/49/a4/91/49a491b7-3daf-c5dc-d7c6-6c4f1486955c/mza_5930014091766152297.png/170x170bb.png',
08-04 14:52:29.498 16763 16785 I art     : Explicit concurrent mark sweep GC freed 12331(810KB) AllocSpace objects, 2(100KB) LOS objects, 38% free, 26MB/42MB, paused 1.080ms total 27.003ms
08-04 14:52:29.506 16763 16785 I art     : Starting a blocking GC Explicit
08-04 14:52:29.526 16763 16785 I art     : Explicit concurrent mark sweep GC freed 1006(42KB) AllocSpace objects, 0(0B) LOS objects, 38% free, 26MB/42MB, paused 498us total 20.257ms
08-04 14:52:29.534 16763 16785 I art     : Starting a blocking GC Explicit
08-04 14:52:29.554 16763 16785 I art     : Explicit concurrent mark sweep GC freed 437(17KB) AllocSpace objects, 0(0B) LOS objects, 38% free, 26MB/42MB, paused 499us total 19.905ms
08-04 14:52:29.562 16763 16785 I art     : Starting a blocking GC Explicit
08-04 14:52:29.581 16763 16785 I art     : Explicit concurrent mark sweep GC freed 11(672B) AllocSpace objects, 0(0B) LOS objects, 38% free, 26MB/42MB, paused 593us total 18.731ms
08-04 14:52:29.589 16763 16785 I art     : Starting a blocking GC Explicit
08-04 14:52:29.610 16763 16785 I art     : Explicit concurrent mark sweep GC freed 3(96B) AllocSpace objects, 0(0B) LOS objects, 38% free, 26MB/42MB, paused 532us total 21.272ms
08-04 14:52:29.901 16763 16775 I art     : Starting a blocking GC Explicit
08-04 14:52:29.930 16763 16775 I art     : Explicit concurrent mark sweep GC freed 1363(80KB) AllocSpace objects, 1(20KB) LOS objects, 38% free, 26MB/42MB, paused 611us total 28.449ms
08-04 14:52:29.942 16763 16775 I art     : Starting a blocking GC Explicit
08-04 14:52:29.965 16763 16775 I art     : Explicit concurrent mark sweep GC freed 23(752B) AllocSpace objects, 0(0B) LOS objects, 38% free, 26MB/42MB, paused 542us total 22.815ms
08-04 14:52:29.974 16763 16775 I art     : Starting a blocking GC Explicit
08-04 14:52:29.997 16763 16775 I art     : Explicit concurrent mark sweep GC freed 3(96B) AllocSpace objects, 0(0B) LOS objects, 38% free, 26MB/42MB, paused 565us total 22.248ms
08-04 14:52:30.006 16763 16775 I art     : Starting a blocking GC Explicit
08-04 14:52:30.029 16763 16775 I art     : Explicit concurrent mark sweep GC freed 3(96B) AllocSpace objects, 0(0B) LOS objects, 38% free, 26MB/42MB, paused 533us total 22.815ms
08-04 14:52:30.038 16763 16775 I art     : Starting a blocking GC Explicit
08-04 14:52:30.060 16763 16775 I art     : Explicit concurrent mark sweep GC freed 3(96B) AllocSpace objects, 0(0B) LOS objects, 38% free, 26MB/42MB, paused 518us total 21.986ms
08-04 14:52:30.385 16763 16776 I art     : Starting a blocking GC Explicit
08-04 14:52:30.413 16763 16776 I art     : Explicit concurrent mark sweep GC freed 1392(80KB) AllocSpace objects, 1(20KB) LOS objects, 38% free, 26MB/42MB, paused 582us total 27.573ms
08-04 14:52:30.425 16763 16776 I art     : Starting a blocking GC Explicit
08-04 14:52:30.448 16763 16776 I art     : Explicit concurrent mark sweep GC freed 23(752B) AllocSpace objects, 0(0B) LOS objects, 38% free, 26MB/42MB, paused 562us total 22.312ms
08-04 14:52:30.456 16763 16776 I art     : Starting a blocking GC Explicit
08-04 14:52:30.479 16763 16776 I art     : Explicit concurrent mark sweep GC freed 3(96B) AllocSpace objects, 0(0B) LOS objects, 38% free, 26MB/42MB, paused 550us total 22.353ms
08-04 14:52:30.488 16763 16776 I art     : Starting a blocking GC Explicit
08-04 14:52:30.511 16763 16776 I art     : Explicit concurrent mark sweep GC freed 3(96B) AllocSpace objects, 0(0B) LOS objects, 38% free, 26MB/42MB, paused 548us total 22.349ms
08-04 14:52:30.520 16763 16776 I art     : Starting a blocking GC Explicit
08-04 14:52:30.542 16763 16776 I art     : Explicit concurrent mark sweep GC freed 4(128B) AllocSpace objects, 0(0B) LOS objects, 38% free, 26MB/42MB, paused 527us total 21.954ms
08-04 14:52:30.865 16763 16776 I art     : Starting a blocking GC Explicit
08-04 14:52:30.889 16763 16776 I art     : Explicit concurrent mark sweep GC freed 1392(80KB) AllocSpace objects, 1(20KB) LOS objects, 38% free, 26MB/42MB, paused 530us total 23.173ms
08-04 14:52:30.901 16763 16776 I art     : Starting a blocking GC Explicit
08-04 14:52:30.923 16763 16776 I art     : Explicit concurrent mark sweep GC freed 23(752B) AllocSpace objects, 0(0B) LOS objects, 38% free, 26MB/42MB, paused 526us total 21.600ms
08-04 14:52:30.931 16763 16776 I art     : Starting a blocking GC Explicit
08-04 14:52:30.953 16763 16776 I art     : Explicit concurrent mark sweep GC freed 3(96B) AllocSpace objects, 0(0B) LOS objects, 38% free, 26MB/42MB, paused 543us total 21.258ms
08-04 14:52:30.961 16763 16776 I art     : Starting a blocking GC Explicit
08-04 14:52:30.983 16763 16776 I art     : Explicit concurrent mark sweep GC freed 3(96B) AllocSpace objects, 0(0B) LOS objects, 38% free, 26MB/42MB, paused 532us total 21.298ms
08-04 14:52:30.991 16763 16776 I art     : Starting a blocking GC Explicit
08-04 14:52:31.013 16763 16776 I art     : Explicit concurrent mark sweep GC freed 3(96B) AllocSpace objects, 0(0B) LOS objects, 38% free, 26MB/42MB, paused 542us total 21.464ms
08-04 14:52:31.332 16763 16775 I art     : Starting a blocking GC Explicit
08-04 14:52:31.360 16763 16775 I art     : Explicit concurrent mark sweep GC freed 1392(80KB) AllocSpace objects, 1(20KB) LOS objects, 38% free, 26MB/42MB, paused 554us total 27.915ms
08-04 14:52:31.372 16763 16775 I art     : Starting a blocking GC Explicit
08-04 14:52:31.394 16763 16775 I art     : Explicit concurrent mark sweep GC freed 23(752B) AllocSpace objects, 0(0B) LOS objects, 38% free, 26MB/42MB, paused 538us total 22.288ms
08-04 14:52:31.403 16763 16775 I art     : Starting a blocking GC Explicit
08-04 14:52:31.426 16763 16775 I art     : Explicit concurrent mark sweep GC freed 3(96B) AllocSpace objects, 0(0B) LOS objects, 38% free, 26MB/42MB, paused 540us total 22.576ms
08-04 14:52:31.435 16763 16775 I art     : Starting a blocking GC Explicit
08-04 14:52:31.458 16763 16775 I art     : Explicit concurrent mark sweep GC freed 3(96B) AllocSpace objects, 0(0B) LOS objects, 38% free, 26MB/42MB, paused 544us total 22.891ms
08-04 14:52:31.467 16763 16775 I art     : Starting a blocking GC Explicit
08-04 14:52:31.490 16763 16775 I art     : Explicit concurrent mark sweep GC freed 3(96B) AllocSpace objects, 0(0B) LOS objects, 38% free, 26MB/42MB, paused 530us total 22.511ms
08-04 14:52:31.803 16763 16785 I art     : Starting a blocking GC Explicit
08-04 14:52:31.831 16763 16785 I art     : Explicit concurrent mark sweep GC freed 1363(80KB) AllocSpace objects, 1(20KB) LOS objects, 38% free, 26MB/42MB, paused 577us total 27.785ms
08-04 14:52:31.842 16763 16785 I art     : Starting a blocking GC Explicit
08-04 14:52:31.864 16763 16785 I art     : Explicit concurrent mark sweep GC freed 23(752B) AllocSpace objects, 0(0B) LOS objects, 38% free, 26MB/42MB, paused 557us total 22.425ms
08-04 14:52:31.873 16763 16785 I art     : Starting a blocking GC Explicit
08-04 14:52:31.896 16763 16785 I art     : Explicit concurrent mark sweep GC freed 3(96B) AllocSpace objects, 0(0B) LOS objects, 38% free, 26MB/42MB, paused 538us total 22.494ms
08-04 14:52:31.905 16763 16785 I art     : Starting a blocking GC Explicit
08-04 14:52:31.927 16763 16785 I art     : Explicit concurrent mark sweep GC freed 3(96B) AllocSpace objects, 0(0B) LOS objects, 38% free, 26MB/42MB, paused 705us total 22.407ms
08-04 14:52:31.936 16763 16785 I art     : Starting a blocking GC Explicit
08-04 14:52:31.959 16763 16785 I art     : Explicit concurrent mark sweep GC freed 3(96B) AllocSpace objects, 0(0B) LOS objects, 38% free, 26MB/42MB, paused 539us total 22.784ms
08-04 14:52:32.274 16763 16776 I art     : Starting a blocking GC Explicit
08-04 14:52:32.306 16763 16776 I art     : Explicit concurrent mark sweep GC freed 1363(80KB) AllocSpace objects, 1(20KB) LOS objects, 38% free, 26MB/42MB, paused 604us total 31.260ms
08-04 14:52:32.319 16763 16776 I art     : Starting a blocking GC Explicit
08-04 14:52:32.342 16763 16776 I art     : Explicit concurrent mark sweep GC freed 52(1536B) AllocSpace objects, 0(0B) LOS objects, 38% free, 26MB/42MB, paused 553us total 22.762ms
08-04 14:52:32.351 16763 16776 I art     : Starting a blocking GC Explicit
08-04 14:52:32.372 16763 16776 I art     : Explicit concurrent mark sweep GC freed 3(96B) AllocSpace objects, 0(0B) LOS objects, 38% free, 26MB/42MB, paused 509us total 21.614ms
08-04 14:52:32.381 16763 16776 I art     : Starting a blocking GC Explicit
08-04 14:52:32.403 16763 16776 I art     : Explicit concurrent mark sweep GC freed 3(96B) AllocSpace objects, 0(0B) LOS objects, 38% free, 26MB/42MB, paused 528us total 21.855ms
08-04 14:52:32.412 16763 16776 I art     : Starting a blocking GC Explicit
08-04 14:52:32.434 16763 16776 I art     : Explicit concurrent mark sweep GC freed 3(96B) AllocSpace objects, 0(0B) LOS objects, 38% free, 26MB/42MB, paused 545us total 21.775ms
08-04 14:52:32.758 16763 16775 I art     : Starting a blocking GC Explicit
08-04 14:52:32.791 16763 16775 I art     : Explicit concurrent mark sweep GC freed 1363(80KB) AllocSpace objects, 1(20KB) LOS objects, 38% free, 26MB/42MB, paused 620us total 32.600ms
08-04 14:52:32.804 16763 16775 I art     : Starting a blocking GC Explicit
08-04 14:52:32.826 16763 16775 I art     : Explicit concurrent mark sweep GC freed 23(752B) AllocSpace objects, 0(0B) LOS objects, 38% free, 26MB/42MB, paused 518us total 21.702ms
08-04 14:52:32.834 16763 16775 I art     : Starting a blocking GC Explicit
08-04 14:52:32.857 16763 16775 I art     : Explicit concurrent mark sweep GC freed 3(96B) AllocSpace objects, 0(0B) LOS objects, 38% free, 26MB/42MB, paused 619us total 22.328ms
08-04 14:52:32.866 16763 16775 I art     : Starting a blocking GC Explicit
08-04 14:52:32.889 16763 16775 I art     : Explicit concurrent mark sweep GC freed 3(96B) AllocSpace objects, 0(0B) LOS objects, 38% free, 26MB/42MB, paused 516us total 22.564ms
08-04 14:52:32.898 16763 16775 I art     : Starting a blocking GC Explicit
08-04 14:52:32.920 16763 16775 I art     : Explicit concurrent mark sweep GC freed 3(96B) AllocSpace objects, 0(0B) LOS objects, 38% free, 26MB/42MB, paused 531us total 21.693ms
08-04 14:52:33.246 16763 16785 I art     : Starting a blocking GC Explicit
08-04 14:52:33.277 16763 16785 I art     : Explicit concurrent mark sweep GC freed 1363(80KB) AllocSpace objects, 1(20KB) LOS objects, 38% free, 26MB/42MB, paused 597us total 30.368ms
08-04 14:52:33.289 16763 16785 I art     : Starting a blocking GC Explicit
08-04 14:52:33.311 16763 16785 I art     : Explicit concurrent mark sweep GC freed 23(752B) AllocSpace objects, 0(0B) LOS objects, 38% free, 26MB/42MB, paused 527us total 22.225ms
08-04 14:52:33.320 16763 16785 I art     : Starting a blocking GC Explicit
08-04 14:52:33.343 16763 16785 I art     : Explicit concurrent mark sweep GC freed 32(880B) AllocSpace objects, 0(0B) LOS objects, 38% free, 26MB/42MB, paused 552us total 22.921ms
08-04 14:52:33.352 16763 16785 I art     : Starting a blocking GC Explicit
08-04 14:52:33.375 16763 16785 I art     : Explicit concurrent mark sweep GC freed 3(96B) AllocSpace objects, 0(0B) LOS objects, 38% free, 26MB/42MB, paused 547us total 22.634ms
08-04 14:52:33.384 16763 16785 I art     : Starting a blocking GC Explicit
08-04 14:52:33.407 16763 16785 I art     : Explicit concurrent mark sweep GC freed 3(96B) AllocSpace objects, 0(0B) LOS objects, 38% free, 26MB/42MB, paused 624us total 22.871ms
08-04 14:52:33.726 16763 16776 I art     : Starting a blocking GC Explicit
08-04 14:52:33.755 16763 16776 I art     : Explicit concurrent mark sweep GC freed 1363(80KB) AllocSpace objects, 1(20KB) LOS objects, 38% free, 26MB/42MB, paused 593us total 28.693ms
08-04 14:52:33.767 16763 16776 I art     : Starting a blocking GC Explicit
08-04 14:52:33.789 16763 16776 I art     : Explicit concurrent mark sweep GC freed 23(752B) AllocSpace objects, 0(0B) LOS objects, 38% free, 26MB/42MB, paused 532us total 22.647ms
08-04 14:52:33.790 16763 16774 I art     : WaitForGcToComplete blocked for 13.267ms for cause HeapTrim
08-04 14:52:33.799 16763 16776 I art     : Starting a blocking GC Explicit
08-04 14:52:33.821 16763 16776 I art     : Explicit concurrent mark sweep GC freed 3(96B) AllocSpace objects, 0(0B) LOS objects, 38% free, 26MB/42MB, paused 529us total 21.870ms
08-04 14:52:33.829 16763 16776 I art     : Starting a blocking GC Explicit
08-04 14:52:33.852 16763 16776 I art     : Explicit concurrent mark sweep GC freed 3(96B) AllocSpace objects, 0(0B) LOS objects, 38% free, 26MB/42MB, paused 542us total 22.096ms
08-04 14:52:33.861 16763 16776 I art     : Starting a blocking GC Explicit
08-04 14:52:33.884 16763 16776 I art     : Explicit concurrent mark sweep GC freed 3(96B) AllocSpace objects, 0(0B) LOS objects, 38% free, 26MB/42MB, paused 539us total 22.802ms
08-04 14:52:34.196 16763 16775 I art     : Starting a blocking GC Explicit
08-04 14:52:34.229 16763 16775 I art     : Explicit concurrent mark sweep GC freed 1363(80KB) AllocSpace objects, 1(20KB) LOS objects, 38% free, 26MB/42MB, paused 663us total 31.990ms
08-04 14:52:34.242 16763 16775 I art     : Starting a blocking GC Explicit
08-04 14:52:34.265 16763 16775 I art     : Explicit concurrent mark sweep GC freed 23(752B) AllocSpace objects, 0(0B) LOS objects, 38% free, 26MB/42MB, paused 527us total 22.745ms
08-04 14:52:34.274 16763 16775 I art     : Starting a blocking GC Explicit
08-04 14:52:34.296 16763 16775 I art     : Explicit concurrent mark sweep GC freed 3(96B) AllocSpace objects, 0(0B) LOS objects, 38% free, 26MB/42MB, paused 542us total 22.450ms
08-04 14:52:34.305 16763 16775 I art     : Starting a blocking GC Explicit
08-04 14:52:34.328 16763 16775 I art     : Explicit concurrent mark sweep GC freed 26(672B) AllocSpace objects, 0(0B) LOS objects, 38% free, 26MB/42MB, paused 569us total 22.413ms
08-04 14:52:34.337 16763 16775 I art     : Starting a blocking GC Explicit
08-04 14:52:34.360 16763 16775 I art     : Explicit concurrent mark sweep GC freed 9(304B) AllocSpace objects, 0(0B) LOS objects, 38% free, 26MB/42MB, paused 524us total 22.709ms
08-04 14:52:34.647 16763 16785 I art     : Starting a blocking GC Explicit
08-04 14:52:34.669 16763 16785 I art     : Explicit concurrent mark sweep GC freed 1363(80KB) AllocSpace objects, 1(20KB) LOS objects, 38% free, 26MB/42MB, paused 556us total 22.401ms
08-04 14:52:34.678 16763 16785 I art     : Starting a blocking GC Explicit
08-04 14:52:34.701 16763 16785 I art     : Explicit concurrent mark sweep GC freed 23(752B) AllocSpace objects, 0(0B) LOS objects, 38% free, 26MB/42MB, paused 544us total 22.535ms
08-04 14:52:34.710 16763 16785 I art     : Starting a blocking GC Explicit
08-04 14:52:34.731 16763 16785 I art     : Explicit concurrent mark sweep GC freed 3(96B) AllocSpace objects, 0(0B) LOS objects, 38% free, 26MB/42MB, paused 548us total 21.016ms
08-04 14:52:34.740 16763 16785 I art     : Starting a blocking GC Explicit
08-04 14:52:34.761 16763 16785 I art     : Explicit concurrent mark sweep GC freed 3(96B) AllocSpace objects, 0(0B) LOS objects, 38% free, 26MB/42MB, paused 553us total 21.233ms
08-04 14:52:34.770 16763 16785 I art     : Starting a blocking GC Explicit
08-04 14:52:34.791 16763 16785 I art     : Explicit concurrent mark sweep GC freed 3(96B) AllocSpace objects, 0(0B) LOS objects, 38% free, 26MB/42MB, paused 559us total 21.033ms
08-04 14:52:34.963 17652 17652 D AndroidRuntime: >>>>>> START com.android.internal.os.RuntimeInit uid 2000 <<<<<<
08-04 14:52:34.969 17652 17652 D AndroidRuntime: CheckJNI is OFF
08-04 14:52:35.002 17652 17652 D ICU     : No timezone override file found: /data/misc/zoneinfo/current/icu/icu_tzdata.dat
08-04 14:52:35.034 17652 17652 I Radio-JNI: register_android_hardware_Radio DONE
08-04 14:52:35.056 17652 17652 D AndroidRuntime: Calling main entry com.android.commands.input.Input
08-04 14:52:35.058 17652 17652 I Input   : injectMotionEvent: MotionEvent { action=ACTION_DOWN, actionButton=0, id[0]=0, x[0]=616.0, y[0]=469.0, toolType[0]=TOOL_TYPE_UNKNOWN, buttonState=0, metaState=0, flags=0x0, edgeFlags=0x0, pointerCount=1, historySize=0, eventTime=715971471, downTime=715971471, deviceId=0, source=0x1002 }
08-04 14:52:35.062 17652 17652 I Input   : injectMotionEvent: MotionEvent { action=ACTION_UP, actionButton=0, id[0]=0, x[0]=616.0, y[0]=469.0, toolType[0]=TOOL_TYPE_UNKNOWN, buttonState=0, metaState=0, flags=0x0, edgeFlags=0x0, pointerCount=1, historySize=0, eventTime=715971471, downTime=715971471, deviceId=0, source=0x1002 }
08-04 14:52:35.064 17652 17652 D AndroidRuntime: Shutting down VM
08-04 14:52:35.077 16763 16776 I art     : Starting a blocking GC Explicit
08-04 14:52:35.101 16763 16776 I art     : Explicit concurrent mark sweep GC freed 1384(80KB) AllocSpace objects, 1(20KB) LOS objects, 38% free, 26MB/42MB, paused 574us total 23.840ms
08-04 14:52:35.109   518   646 I ThermalEngine: ACTION: GPU - Setting GPU[0] to 600000000
08-04 14:52:35.111 16763 16776 I art     : Starting a blocking GC Explicit
08-04 14:52:35.129   512  2967 D audio_hw_primary: out_set_parameters: enter: usecase(1: low-latency-playback) kvpairs: routing=2
08-04 14:52:35.135 16763 16776 I art     : Explicit concurrent mark sweep GC freed 135(5KB) AllocSpace objects, 0(0B) LOS objects, 38% free, 26MB/42MB, paused 840us total 23.620ms
08-04 14:52:35.142   512  2967 D audio_hw_primary: select_devices: out_snd_device(2: speaker) in_snd_device(0: none)
08-04 14:52:35.142   512  2967 D msm8974_platform: platform_send_audio_calibration: sending audio calibration for snd_device(2) acdb_id(15)
08-04 14:52:35.143   512  2967 I soundtrigger: audio_extn_sound_trigger_update_device_status: device 0x2 of type 0 for Event 1
08-04 14:52:35.143 16763 16776 I art     : Starting a blocking GC Explicit
08-04 14:52:35.152   512  2967 D audio_hw_primary: enable_snd_device: snd_device(2: speaker)
08-04 14:52:35.154   512  2967 D audio_hw_primary: enable_audio_route: apply and update mixer path: low-latency-playback speaker
08-04 14:52:35.165 16763 16776 I art     : Explicit concurrent mark sweep GC freed 103(4KB) AllocSpace objects, 0(0B) LOS objects, 38% free, 26MB/42MB, paused 492us total 21.253ms
08-04 14:52:35.172 16763 16776 I art     : Starting a blocking GC Explicit
08-04 14:52:35.190 16763 16776 I art     : Explicit concurrent mark sweep GC freed 12(432B) AllocSpace objects, 0(0B) LOS objects, 38% free, 26MB/42MB, paused 603us total 18.507ms
08-04 14:52:35.198 16763 16776 I art     : Starting a blocking GC Explicit
08-04 14:52:35.215 16763 16776 I art     : Explicit concurrent mark sweep GC freed 9(336B) AllocSpace objects, 0(0B) LOS objects, 38% free, 26MB/42MB, paused 432us total 16.571ms
08-04 14:52:35.317 16763 16788 I NAPPA_EXPERIMENTATION: MetricNetworkRequestExecutionTime: REQUEST_DURATION_SYSTEM='185',REQUEST_DURATION_OKHTTP='182',REQUEST_SYNCHRONOUS='TRUE',RESPONSE_CODE='200',RESPONSE_METHOD='GET',RESPONSE_LENGTH_OKHTTP='-1',RESPONSE_LENGTH_HEADER='628',REQUEST_PROTOCOL='h2',REQUEST_URL='https://itunes.apple.com/lookup?id=1524080195',
08-04 14:52:35.344   918  4400 I ActivityManager: START u0 {cmp=baseline.de.danoeh.antennapod.debug/baseline.de.danoeh.antennapod.activity.OnlineFeedViewActivity (has extras)} from uid 10670 on display 0
08-04 14:52:35.363 13866 13866 I GoogleInputMethodServic: GoogleInputMethodService.onFinishInput():3138 
08-04 14:52:35.364 13866 13866 I GoogleInputMethodServic: GoogleInputMethodService.onStartInput():1808 
08-04 14:52:35.385 16763 16763 D UserPreferences: Using default data folder
08-04 14:52:35.386 16763 16763 D OnlineFeedViewActivity: Activity was started with url https://rss.art19.com/nice-white-parents
08-04 14:52:35.388 16763 16763 D OnlineFeedViewActivity: Starting feed download
08-04 14:52:35.392 16763 16783 D DBReader: Extracting Feedlist
08-04 14:52:35.394   918  3359 D WifiService: acquireWifiLockLocked: WifiLock{Downloader type=1 binder=android.os.BinderProxy@29b7140}
08-04 14:52:35.395 16763 16783 D AntennapodHttpClient: Creating new instance of HTTP client
08-04 14:52:35.450 13866 13866 I GoogleInputMethodServic: GoogleInputMethodService.onFinishInput():3138 
08-04 14:52:35.451 13866 13866 I GoogleInputMethodServic: GoogleInputMethodService.onStartInput():1808 
08-04 14:52:35.451 16763 16775 I art     : Starting a blocking GC Explicit
08-04 14:52:35.471 16763 16775 I art     : Explicit concurrent mark sweep GC freed 3911(246KB) AllocSpace objects, 1(20KB) LOS objects, 37% free, 26MB/42MB, paused 510us total 19.252ms
08-04 14:52:35.477   918   936 I ActivityManager: Displayed baseline.de.danoeh.antennapod.debug/baseline.de.danoeh.antennapod.activity.OnlineFeedViewActivity: +113ms
08-04 14:52:35.478 16763 16775 I art     : Starting a blocking GC Explicit
08-04 14:52:35.497 16763 16775 I art     : Explicit concurrent mark sweep GC freed 353(16KB) AllocSpace objects, 0(0B) LOS objects, 37% free, 26MB/42MB, paused 563us total 18.524ms
08-04 14:52:35.505 16763 16775 I art     : Starting a blocking GC Explicit
08-04 14:52:35.525 16763 16775 I art     : Explicit concurrent mark sweep GC freed 369(17KB) AllocSpace objects, 0(0B) LOS objects, 37% free, 26MB/42MB, paused 611us total 20.248ms
08-04 14:52:35.532 16763 16775 I art     : Starting a blocking GC Explicit
08-04 14:52:35.551 16763 16775 I art     : Explicit concurrent mark sweep GC freed 4009(190KB) AllocSpace objects, 2(120KB) LOS objects, 37% free, 26MB/42MB, paused 545us total 18.401ms
08-04 14:52:35.558 16763 16775 I art     : Starting a blocking GC Explicit
08-04 14:52:35.575 16763 16775 I art     : Explicit concurrent mark sweep GC freed 972(115KB) AllocSpace objects, 1(80KB) LOS objects, 37% free, 26MB/42MB, paused 432us total 16.791ms
08-04 14:52:35.691 16763 16783 D MYTAG   : interceptor 3a https://rss.art19.com/nice-white-parents
08-04 14:52:35.691 16763 16783 I NAPPA_EXPERIMENTATION: MetricNetworkRequestExecutionTime: REQUEST_DURATION_SYSTEM='294',REQUEST_DURATION_OKHTTP='143',REQUEST_SYNCHRONOUS='TRUE',RESPONSE_CODE='200',RESPONSE_METHOD='GET',RESPONSE_LENGTH_OKHTTP='-1',RESPONSE_LENGTH_HEADER='1803',REQUEST_PROTOCOL='h2',REQUEST_URL='https://rss.art19.com/nice-white-parents',
08-04 14:52:35.691 16763 16783 D HttpDownloader: Response code is 200
08-04 14:52:35.692 16763 16783 D UserPreferences: Using default data folder
08-04 14:52:35.699 16763 16783 D HttpDownloader: Getting size of download
08-04 14:52:35.699 16763 16783 D HttpDownloader: Size is -1
08-04 14:52:35.699 16763 16783 D UserPreferences: Using default data folder
08-04 14:52:35.700 16763 16783 D HttpDownloader: Free space is 20245823488
08-04 14:52:35.700   512  2967 D audio_hw_primary: disable_audio_route: reset and update mixer path: low-latency-playback speaker
08-04 14:52:35.701 16763 16783 D HttpDownloader: Starting download
08-04 14:52:35.703 16763 16783 D HttpDownloader: Download was successful
08-04 14:52:35.703   512  2967 D audio_hw_primary: disable_snd_device: snd_device(2: speaker)
08-04 14:52:35.707   918  6110 D WifiService: releaseWifiLockLocked: WifiLock{Downloader type=1 binder=android.os.BinderProxy@29b7140}
08-04 14:52:35.708 16763 16763 D OnlineFeedViewActivity: Parsing feed
08-04 14:52:35.717   512  2967 I soundtrigger: audio_extn_sound_trigger_update_device_status: device 0x2 of type 0 for Event 0
08-04 14:52:35.723   380   380 W SurfaceFlinger: couldn't log to binary event log: overflow.
08-04 14:52:35.731 16763 17700 D TypeGetter: Recognized type RSS 2.0
08-04 14:52:35.737 16763 17700 D SyndHandler: Recognized ITunes namespace
08-04 14:52:35.738 16763 17700 D SyndHandler: Recognized Atom namespace
08-04 14:52:35.738 16763 17700 D SyndHandler: Recognized Content namespace
08-04 14:52:35.747 16763 17700 D OnlineFeedViewActivity: Deleted feed source file. Result: true
08-04 14:52:35.748 16763 16763 D OnlineFeedViewActivity: Removing HTML from shownotes
08-04 14:52:35.812 16763 16763 W art     : Before Android 4.1, method int androidx.appcompat.widget.DropDownListView.lookForSelectablePosition(int, boolean) would have incorrectly overridden the package-private method in android.widget.ListView
08-04 14:52:35.817 16763 16763 I ListPopupWindow: Could not find method setEpicenterBounds(Rect) on PopupWindow. Oh well.
08-04 14:52:35.823 16763 17709 D ApOkHttpUrlLoader: buildLoadData() called with: model = [https://content.production.cdn.art19.com/images/89/e0/88/44/89e08844-ac28-4fc0-96fa-15a41fec2014/262c12ed699a8d9720dea0bd66449d998e4a08cf18095bed170ccaa76722045fa5dbf7a366918b2db7e3acf29ad22f6b99fd659a9409cb807bf2781d968932f8.jpeg], width = [350], height = [350]
08-04 14:52:35.829 16763 17519 D DBReader: getImageAuthentication() called with: imageUrl = [https://content.production.cdn.art19.com/images/89/e0/88/44/89e08844-ac28-4fc0-96fa-15a41fec2014/262c12ed699a8d9720dea0bd66449d998e4a08cf18095bed170ccaa76722045fa5dbf7a366918b2db7e3acf29ad22f6b99fd659a9409cb807bf2781d968932f8.jpeg]
08-04 14:52:35.830 16763 17519 D ApOkHttpUrlLoader: no credentials for 'https://content.production.cdn.art19.com/images/89/e0/88/44/89e08844-ac28-4fc0-96fa-15a41fec2014/262c12ed699a8d9720dea0bd66449d998e4a08cf18095bed170ccaa76722045fa5dbf7a366918b2db7e3acf29ad22f6b99fd659a9409cb807bf2781d968932f8.jpeg'
08-04 14:52:35.843 16763 16776 I art     : Starting a blocking GC Explicit
08-04 14:52:35.849 16763 16763 D PlaybackController: Releasing PlaybackController
08-04 14:52:35.868 16763 16776 I art     : Explicit concurrent mark sweep GC freed 15972(1084KB) AllocSpace objects, 7(232KB) LOS objects, 37% free, 27MB/43MB, paused 595us total 24.860ms
08-04 14:52:35.877 16763 16776 I art     : Starting a blocking GC Explicit
08-04 14:52:35.895 16763 16776 I art     : Explicit concurrent mark sweep GC freed 744(35KB) AllocSpace objects, 1(112KB) LOS objects, 37% free, 26MB/42MB, paused 440us total 17.775ms
08-04 14:52:35.902 16763 16776 I art     : Starting a blocking GC Explicit
08-04 14:52:35.920 16763 16776 I art     : Explicit concurrent mark sweep GC freed 3(96B) AllocSpace objects, 0(0B) LOS objects, 37% free, 26MB/42MB, paused 459us total 18.097ms
08-04 14:52:35.927 16763 16776 I art     : Starting a blocking GC Explicit
08-04 14:52:35.945 16763 16776 I art     : Explicit concurrent mark sweep GC freed 3(96B) AllocSpace objects, 0(0B) LOS objects, 37% free, 26MB/42MB, paused 463us total 18.297ms
08-04 14:52:35.952 16763 16776 I art     : Starting a blocking GC Explicit
08-04 14:52:35.971 16763 16776 I art     : Explicit concurrent mark sweep GC freed 4090(177KB) AllocSpace objects, 0(0B) LOS objects, 37% free, 27MB/43MB, paused 609us total 19.407ms
08-04 14:52:36.121 16763 17519 D MYTAG   : interceptor 2a
08-04 14:52:36.121 16763 17519 I NAPPA_EXPERIMENTATION: MetricNetworkRequestExecutionTime: REQUEST_DURATION_SYSTEM='291',REQUEST_DURATION_OKHTTP='150',REQUEST_SYNCHRONOUS='TRUE',RESPONSE_CODE='200',RESPONSE_METHOD='GET',RESPONSE_LENGTH_OKHTTP='2466122',RESPONSE_LENGTH_HEADER='2466122',REQUEST_PROTOCOL='h2',REQUEST_URL='https://content.production.cdn.art19.com/images/89/e0/88/44/89e08844-ac28-4fc0-96fa-15a41fec2014/262c12ed699a8d9720dea0bd66449d998e4a08cf18095bed170ccaa76722045fa5dbf7a366918b2db7e3acf29ad22f6b99fd659a9409cb807bf2781d968932f8.jpeg',
08-04 14:52:36.263 16763 16775 I art     : Starting a blocking GC Explicit
08-04 14:52:36.286 16763 16775 I art     : Explicit concurrent mark sweep GC freed 2087(120KB) AllocSpace objects, 1(20KB) LOS objects, 37% free, 27MB/43MB, paused 638us total 22.385ms
08-04 14:52:36.293 16763 16775 I art     : Starting a blocking GC Explicit
08-04 14:52:36.313 16763 16775 I art     : Explicit concurrent mark sweep GC freed 127(4KB) AllocSpace objects, 0(0B) LOS objects, 37% free, 27MB/43MB, paused 533us total 19.277ms
08-04 14:52:36.320 16763 16775 I art     : Starting a blocking GC Explicit
08-04 14:52:36.338 16763 16775 I art     : Explicit concurrent mark sweep GC freed 109(3KB) AllocSpace objects, 0(0B) LOS objects, 37% free, 27MB/43MB, paused 523us total 17.645ms
08-04 14:52:36.344 16763 16775 I art     : Starting a blocking GC Explicit
08-04 14:52:36.363 16763 16775 I art     : Explicit concurrent mark sweep GC freed 1087(48KB) AllocSpace objects, 0(0B) LOS objects, 36% free, 27MB/43MB, paused 551us total 18.625ms
08-04 14:52:36.369 16763 16775 I art     : Starting a blocking GC Explicit
08-04 14:52:36.388 16763 16775 I art     : Explicit concurrent mark sweep GC freed 31(2720B) AllocSpace objects, 0(0B) LOS objects, 36% free, 27MB/43MB, paused 532us total 18.310ms
08-04 14:52:36.660 16763 16776 I art     : Starting a blocking GC Explicit
08-04 14:52:36.688 16763 16776 I art     : Explicit concurrent mark sweep GC freed 1517(97KB) AllocSpace objects, 1(20KB) LOS objects, 36% free, 27MB/43MB, paused 693us total 28.462ms
08-04 14:52:36.698 16763 16776 I art     : Starting a blocking GC Explicit
08-04 14:52:36.719 16763 16776 I art     : Explicit concurrent mark sweep GC freed 29(944B) AllocSpace objects, 0(0B) LOS objects, 36% free, 27MB/43MB, paused 500us total 21.387ms
08-04 14:52:36.727 16763 16776 I art     : Starting a blocking GC Explicit
08-04 14:52:36.748 16763 16776 I art     : Explicit concurrent mark sweep GC freed 3(96B) AllocSpace objects, 0(0B) LOS objects, 36% free, 27MB/43MB, paused 492us total 20.592ms
08-04 14:52:36.755 16763 16776 I art     : Starting a blocking GC Explicit
08-04 14:52:36.776 16763 16776 I art     : Explicit concurrent mark sweep GC freed 3(96B) AllocSpace objects, 0(0B) LOS objects, 36% free, 27MB/43MB, paused 531us total 20.405ms
08-04 14:52:36.783 16763 16776 I art     : Starting a blocking GC Explicit
08-04 14:52:36.804 16763 16776 I art     : Explicit concurrent mark sweep GC freed 3(96B) AllocSpace objects, 0(0B) LOS objects, 36% free, 27MB/43MB, paused 529us total 20.706ms
08-04 14:52:37.113   518   646 I ThermalEngine: ACTION: GPU - Setting GPU[0] to 510000000
08-04 14:52:37.123 16763 16775 I art     : Starting a blocking GC Explicit
08-04 14:52:37.153 16763 16775 I art     : Explicit concurrent mark sweep GC freed 1369(80KB) AllocSpace objects, 1(20KB) LOS objects, 36% free, 27MB/43MB, paused 644us total 29.362ms
08-04 14:52:37.162 16763 16775 I art     : Starting a blocking GC Explicit
08-04 14:52:37.189 16763 16775 I art     : Explicit concurrent mark sweep GC freed 23(752B) AllocSpace objects, 0(0B) LOS objects, 36% free, 27MB/43MB, paused 632us total 25.941ms
08-04 14:52:37.198 16763 16775 I art     : Starting a blocking GC Explicit
08-04 14:52:37.224 16763 16775 I art     : Explicit concurrent mark sweep GC freed 3(96B) AllocSpace objects, 0(0B) LOS objects, 36% free, 27MB/43MB, paused 619us total 26.110ms
08-04 14:52:37.234 16763 16775 I art     : Starting a blocking GC Explicit
08-04 14:52:37.260 16763 16775 I art     : Explicit concurrent mark sweep GC freed 3(96B) AllocSpace objects, 0(0B) LOS objects, 36% free, 27MB/43MB, paused 627us total 26.223ms
08-04 14:52:37.270 16763 16775 I art     : Starting a blocking GC Explicit
08-04 14:52:37.296 16763 16775 I art     : Explicit concurrent mark sweep GC freed 3(96B) AllocSpace objects, 0(0B) LOS objects, 36% free, 27MB/43MB, paused 636us total 26.037ms
08-04 14:52:37.642 16763 16785 I art     : Starting a blocking GC Explicit
08-04 14:52:37.670 16763 16785 I art     : Explicit concurrent mark sweep GC freed 1423(81KB) AllocSpace objects, 1(20KB) LOS objects, 36% free, 27MB/43MB, paused 736us total 28.120ms
08-04 14:52:37.681 16763 16785 I art     : Starting a blocking GC Explicit
08-04 14:52:37.706 16763 16785 I art     : Explicit concurrent mark sweep GC freed 23(752B) AllocSpace objects, 0(0B) LOS objects, 36% free, 27MB/43MB, paused 646us total 24.624ms
08-04 14:52:37.715 16763 16785 I art     : Starting a blocking GC Explicit
08-04 14:52:37.739 16763 16785 I art     : Explicit concurrent mark sweep GC freed 3(96B) AllocSpace objects, 0(0B) LOS objects, 36% free, 27MB/43MB, paused 634us total 24.305ms
08-04 14:52:37.748 16763 16785 I art     : Starting a blocking GC Explicit
08-04 14:52:37.774 16763 16785 I art     : Explicit concurrent mark sweep GC freed 3(96B) AllocSpace objects, 0(0B) LOS objects, 36% free, 27MB/43MB, paused 644us total 25.078ms
08-04 14:52:37.783 16763 16785 I art     : Starting a blocking GC Explicit
08-04 14:52:37.809 16763 16785 I art     : Explicit concurrent mark sweep GC freed 3(96B) AllocSpace objects, 0(0B) LOS objects, 36% free, 27MB/43MB, paused 652us total 26.170ms
08-04 14:52:38.124 16763 16776 I art     : Starting a blocking GC Explicit
08-04 14:52:38.157 16763 16776 I art     : Explicit concurrent mark sweep GC freed 1367(82KB) AllocSpace objects, 1(20KB) LOS objects, 36% free, 27MB/43MB, paused 717us total 32.662ms
08-04 14:52:38.169 16763 16776 I art     : Starting a blocking GC Explicit
08-04 14:52:38.196 16763 16776 I art     : Explicit concurrent mark sweep GC freed 23(752B) AllocSpace objects, 0(0B) LOS objects, 36% free, 27MB/43MB, paused 678us total 26.668ms
08-04 14:52:38.206 16763 16776 I art     : Starting a blocking GC Explicit
08-04 14:52:38.232 16763 16776 I art     : Explicit concurrent mark sweep GC freed 3(96B) AllocSpace objects, 0(0B) LOS objects, 36% free, 27MB/43MB, paused 644us total 25.846ms
08-04 14:52:38.241 16763 16776 I art     : Starting a blocking GC Explicit
08-04 14:52:38.267 16763 16776 I art     : Explicit concurrent mark sweep GC freed 3(96B) AllocSpace objects, 0(0B) LOS objects, 36% free, 27MB/43MB, paused 735us total 25.845ms
08-04 14:52:38.276 16763 16776 I art     : Starting a blocking GC Explicit
08-04 14:52:38.303 16763 16776 I art     : Explicit concurrent mark sweep GC freed 3(96B) AllocSpace objects, 0(0B) LOS objects, 36% free, 27MB/43MB, paused 648us total 25.849ms
08-04 14:52:38.620 16763 16775 I art     : Starting a blocking GC Explicit
08-04 14:52:38.652 16763 16775 I art     : Explicit concurrent mark sweep GC freed 1395(80KB) AllocSpace objects, 1(20KB) LOS objects, 36% free, 27MB/43MB, paused 669us total 31.791ms
08-04 14:52:38.664 16763 16775 I art     : Starting a blocking GC Explicit
08-04 14:52:38.690 16763 16775 I art     : Explicit concurrent mark sweep GC freed 23(752B) AllocSpace objects, 0(0B) LOS objects, 36% free, 27MB/43MB, paused 615us total 26.102ms
08-04 14:52:38.700 16763 16775 I art     : Starting a blocking GC Explicit
08-04 14:52:38.726 16763 16775 I art     : Explicit concurrent mark sweep GC freed 3(96B) AllocSpace objects, 0(0B) LOS objects, 36% free, 27MB/43MB, paused 616us total 25.652ms
08-04 14:52:38.735 16763 16775 I art     : Starting a blocking GC Explicit
08-04 14:52:38.761 16763 16775 I art     : Explicit concurrent mark sweep GC freed 3(96B) AllocSpace objects, 0(0B) LOS objects, 36% free, 27MB/43MB, paused 625us total 25.562ms
08-04 14:52:38.770 16763 16775 I art     : Starting a blocking GC Explicit
08-04 14:52:38.796 16763 16775 I art     : Explicit concurrent mark sweep GC freed 3(96B) AllocSpace objects, 0(0B) LOS objects, 36% free, 27MB/43MB, paused 691us total 25.456ms
08-04 14:52:39.120 16763 16785 I art     : Starting a blocking GC Explicit
08-04 14:52:39.159 16763 16785 I art     : Explicit concurrent mark sweep GC freed 1366(80KB) AllocSpace objects, 1(20KB) LOS objects, 36% free, 27MB/43MB, paused 718us total 38.064ms
08-04 14:52:39.172 16763 16785 I art     : Starting a blocking GC Explicit
08-04 14:52:39.201 16763 16785 I art     : Explicit concurrent mark sweep GC freed 23(752B) AllocSpace objects, 0(0B) LOS objects, 36% free, 27MB/43MB, paused 650us total 28.957ms
08-04 14:52:39.211 16763 16785 I art     : Starting a blocking GC Explicit
08-04 14:52:39.238 16763 16785 I art     : Explicit concurrent mark sweep GC freed 3(96B) AllocSpace objects, 0(0B) LOS objects, 36% free, 27MB/43MB, paused 688us total 26.529ms
08-04 14:52:39.247 16763 16785 I art     : Starting a blocking GC Explicit
08-04 14:52:39.274 16763 16785 I art     : Explicit concurrent mark sweep GC freed 3(96B) AllocSpace objects, 0(0B) LOS objects, 36% free, 27MB/43MB, paused 662us total 26.161ms
08-04 14:52:39.283 16763 16785 I art     : Starting a blocking GC Explicit
08-04 14:52:39.308 16763 16785 I art     : Explicit concurrent mark sweep GC freed 3(96B) AllocSpace objects, 0(0B) LOS objects, 36% free, 27MB/43MB, paused 624us total 24.683ms
08-04 14:52:39.578 16763 16776 I art     : Starting a blocking GC Explicit
08-04 14:52:39.608 16763 16776 I art     : Explicit concurrent mark sweep GC freed 1395(80KB) AllocSpace objects, 1(20KB) LOS objects, 36% free, 27MB/43MB, paused 670us total 29.518ms
08-04 14:52:39.617 16763 16776 I art     : Starting a blocking GC Explicit
08-04 14:52:39.642 16763 16776 I art     : Explicit concurrent mark sweep GC freed 23(752B) AllocSpace objects, 0(0B) LOS objects, 36% free, 27MB/43MB, paused 652us total 24.773ms
08-04 14:52:39.651 16763 16776 I art     : Starting a blocking GC Explicit
08-04 14:52:39.675 16763 16776 I art     : Explicit concurrent mark sweep GC freed 3(96B) AllocSpace objects, 0(0B) LOS objects, 36% free, 27MB/43MB, paused 643us total 24.423ms
08-04 14:52:39.684 16763 16776 I art     : Starting a blocking GC Explicit
08-04 14:52:39.709 16763 16776 I art     : Explicit concurrent mark sweep GC freed 3(96B) AllocSpace objects, 0(0B) LOS objects, 36% free, 27MB/43MB, paused 692us total 24.420ms
08-04 14:52:39.718 16763 16776 I art     : Starting a blocking GC Explicit
08-04 14:52:39.743 16763 16776 I art     : Explicit concurrent mark sweep GC freed 3(96B) AllocSpace objects, 0(0B) LOS objects, 36% free, 27MB/43MB, paused 643us total 24.402ms
08-04 14:52:39.758 17782 17782 D AndroidRuntime: >>>>>> START com.android.internal.os.RuntimeInit uid 2000 <<<<<<
08-04 14:52:39.764 17782 17782 D AndroidRuntime: CheckJNI is OFF
08-04 14:52:39.795 17782 17782 D ICU     : No timezone override file found: /data/misc/zoneinfo/current/icu/icu_tzdata.dat
08-04 14:52:39.827 17782 17782 I Radio-JNI: register_android_hardware_Radio DONE
08-04 14:52:39.848 17782 17782 D AndroidRuntime: Calling main entry com.android.commands.input.Input
08-04 14:52:39.850 17782 17782 I Input   : injectMotionEvent: MotionEvent { action=ACTION_DOWN, actionButton=0, id[0]=0, x[0]=625.0, y[0]=832.0, toolType[0]=TOOL_TYPE_UNKNOWN, buttonState=0, metaState=0, flags=0x0, edgeFlags=0x0, pointerCount=1, historySize=0, eventTime=715976263, downTime=715976263, deviceId=0, source=0x1002 }
08-04 14:52:39.857 17782 17782 I Input   : injectMotionEvent: MotionEvent { action=ACTION_UP, actionButton=0, id[0]=0, x[0]=625.0, y[0]=832.0, toolType[0]=TOOL_TYPE_UNKNOWN, buttonState=0, metaState=0, flags=0x0, edgeFlags=0x0, pointerCount=1, historySize=0, eventTime=715976263, downTime=715976263, deviceId=0, source=0x1002 }
08-04 14:52:39.860 17782 17782 D AndroidRuntime: Shutting down VM
08-04 14:52:39.864 16763 16763 D UserPreferences: Using default data folder
08-04 14:52:39.865   512  2967 D audio_hw_primary: out_set_parameters: enter: usecase(1: low-latency-playback) kvpairs: routing=2
08-04 14:52:39.867 16763 16763 D DownloadRequester: partiallyDownloadedFileExists: false
08-04 14:52:39.868 16763 16763 D DownloadRequester: /storage/emulated/0/Android/data/baseline.de.danoeh.antennapod.debug/files/cache/feed-Nice White Parents is available as a download destination
08-04 14:52:39.871 16763 16763 D DownloadRequester: Requesting download of url https://rss.art19.com/nice-white-parents
08-04 14:52:39.877 16763 16763 D DownloadService: Service started
08-04 14:52:39.879 16763 16763 D DownloadService: parallel downloads: 4
08-04 14:52:39.879   512  2967 D audio_hw_primary: select_devices: out_snd_device(2: speaker) in_snd_device(0: none)
08-04 14:52:39.879   512  2967 D msm8974_platform: platform_send_audio_calibration: sending audio calibration for snd_device(2) acdb_id(15)
08-04 14:52:39.879   512  2967 I soundtrigger: audio_extn_sound_trigger_update_device_status: device 0x2 of type 0 for Event 1
08-04 14:52:39.880 16763 17807 D downloadCompletionThd: downloadCompletionThread was started
08-04 14:52:39.881 16763 16763 D DownloadService: Notification set up
08-04 14:52:39.890   512  2967 D audio_hw_primary: enable_snd_device: snd_device(2: speaker)
08-04 14:52:39.893   512  2967 D audio_hw_primary: enable_audio_route: apply and update mixer path: low-latency-playback speaker
08-04 14:52:39.895 16763 16763 D DownloadService: Received enqueue request
08-04 14:52:39.897 16763 16763 D OnlineFeedViewActivity: onEventMainThread() called with: event = [DownloadEvent{update=DownloaderUpdate{downloaders=[baseline.de.danoeh.antennapod.core.service.download.HttpDownloader@64dd891], feedIds=[0], mediaIds=[]}}]
08-04 14:52:39.897   918   928 D WifiService: acquireWifiLockLocked: WifiLock{Downloader type=1 binder=android.os.BinderProxy@340b4b3}
08-04 14:52:39.897 16763 16763 D DownloadService: 1 downloads left
08-04 14:52:39.898 16763 16763 D DownloadService: Setting up notification updater
08-04 14:52:39.899 16763 17809 D AntennapodHttpClient: Creating new instance of HTTP client
08-04 14:52:40.000 16763 16776 I art     : Starting a blocking GC Explicit
08-04 14:52:40.024 16763 16776 I art     : Explicit concurrent mark sweep GC freed 2642(156KB) AllocSpace objects, 1(20KB) LOS objects, 36% free, 27MB/43MB, paused 719us total 23.530ms
08-04 14:52:40.032 16763 16776 I art     : Starting a blocking GC Explicit
08-04 14:52:40.055 16763 16776 I art     : Explicit concurrent mark sweep GC freed 43(1712B) AllocSpace objects, 0(0B) LOS objects, 36% free, 27MB/43MB, paused 682us total 22.785ms
08-04 14:52:40.063 16763 16776 I art     : Starting a blocking GC Explicit
08-04 14:52:40.086 16763 16776 I art     : Explicit concurrent mark sweep GC freed 5(160B) AllocSpace objects, 0(0B) LOS objects, 36% free, 27MB/43MB, paused 756us total 22.543ms
08-04 14:52:40.094 16763 16776 I art     : Starting a blocking GC Explicit
08-04 14:52:40.117 16763 16776 I art     : Explicit concurrent mark sweep GC freed 5(160B) AllocSpace objects, 0(0B) LOS objects, 36% free, 27MB/43MB, paused 739us total 22.881ms
08-04 14:52:40.126 16763 16776 I art     : Starting a blocking GC Explicit
08-04 14:52:40.149 16763 16776 I art     : Explicit concurrent mark sweep GC freed 5(160B) AllocSpace objects, 0(0B) LOS objects, 36% free, 27MB/43MB, paused 677us total 22.934ms
08-04 14:52:40.415 16763 16776 I art     : Starting a blocking GC Explicit
08-04 14:52:40.430   512  2967 D audio_hw_primary: disable_audio_route: reset and update mixer path: low-latency-playback speaker
08-04 14:52:40.431   512  2967 D audio_hw_primary: disable_snd_device: snd_device(2: speaker)
08-04 14:52:40.438   512  2967 I soundtrigger: audio_extn_sound_trigger_update_device_status: device 0x2 of type 0 for Event 0
08-04 14:52:40.439 16763 16776 I art     : Explicit concurrent mark sweep GC freed 1430(82KB) AllocSpace objects, 1(20KB) LOS objects, 36% free, 27MB/43MB, paused 703us total 23.085ms
08-04 14:52:40.447 16763 16776 I art     : Starting a blocking GC Explicit
08-04 14:52:40.470 16763 16776 I art     : Explicit concurrent mark sweep GC freed 39(1264B) AllocSpace objects, 0(0B) LOS objects, 36% free, 27MB/43MB, paused 706us total 23.077ms
08-04 14:52:40.479 16763 16776 I art     : Starting a blocking GC Explicit
08-04 14:52:40.502 16763 16776 I art     : Explicit concurrent mark sweep GC freed 10(352B) AllocSpace objects, 0(0B) LOS objects, 36% free, 27MB/43MB, paused 676us total 22.888ms
08-04 14:52:40.511 16763 16776 I art     : Starting a blocking GC Explicit
08-04 14:52:40.537 16763 16776 I art     : Explicit concurrent mark sweep GC freed 3821(188KB) AllocSpace objects, 2(120KB) LOS objects, 36% free, 28MB/44MB, paused 807us total 25.891ms
08-04 14:52:40.545 16763 16776 I art     : Starting a blocking GC Explicit
08-04 14:52:40.570 16763 16776 I art     : Explicit concurrent mark sweep GC freed 1518(136KB) AllocSpace objects, 1(80KB) LOS objects, 36% free, 27MB/43MB, paused 733us total 24.383ms
08-04 14:52:40.685 16763 17809 D MYTAG   : interceptor 3a https://rss.art19.com/nice-white-parents
08-04 14:52:40.685 16763 17809 I NAPPA_EXPERIMENTATION: MetricNetworkRequestExecutionTime: REQUEST_DURATION_SYSTEM='785',REQUEST_DURATION_OKHTTP='143',REQUEST_SYNCHRONOUS='TRUE',RESPONSE_CODE='200',RESPONSE_METHOD='GET',RESPONSE_LENGTH_OKHTTP='-1',RESPONSE_LENGTH_HEADER='1803',REQUEST_PROTOCOL='h2',REQUEST_URL='https://rss.art19.com/nice-white-parents',
08-04 14:52:40.685 16763 17809 D HttpDownloader: Response code is 200
08-04 14:52:40.686 16763 17809 D UserPreferences: Using default data folder
08-04 14:52:40.688 16763 17809 D HttpDownloader: Getting size of download
08-04 14:52:40.689 16763 17809 D HttpDownloader: Size is -1
08-04 14:52:40.689 16763 17809 D UserPreferences: Using default data folder
08-04 14:52:40.689 16763 17809 D HttpDownloader: Free space is 20243312640
08-04 14:52:40.690 16763 17809 D HttpDownloader: Starting download
08-04 14:52:40.691 16763 17809 D HttpDownloader: Download was successful
08-04 14:52:40.692   918  4400 D WifiService: releaseWifiLockLocked: WifiLock{Downloader type=1 binder=android.os.BinderProxy@340b4b3}
08-04 14:52:40.692 16763 17807 D downloadCompletionThd: Received 'Download Complete' - message.
08-04 14:52:40.693 16763 17807 D DownloadService: Handling completed Feed Download
08-04 14:52:40.693 16763 16763 D DownloadService: Removing downloader: https://rss.art19.com/nice-white-parents
08-04 14:52:40.693 16763 16763 D DownloadService: Result of downloads.remove: true
08-04 14:52:40.693 16763 16763 D OnlineFeedViewActivity: onEventMainThread() called with: event = [DownloadEvent{update=DownloaderUpdate{downloaders=[], feedIds=[], mediaIds=[]}}]
08-04 14:52:40.698 16763 17835 D TypeGetter: Recognized type RSS 2.0
08-04 14:52:40.701 16763 17835 D SyndHandler: Recognized ITunes namespace
08-04 14:52:40.701 16763 17835 D SyndHandler: Recognized Atom namespace
08-04 14:52:40.701 16763 17835 D SyndHandler: Recognized Content namespace
08-04 14:52:40.709 16763 17835 D FeedSyncThread: Nice White Parents parsed
08-04 14:52:40.709 16763 17835 D FeedSyncThread: Deletion of file '/storage/emulated/0/Android/data/baseline.de.danoeh.antennapod.debug/files/cache/feed-Nice White Parents' successful
08-04 14:52:40.709 16763 17835 D DBReader: getFeedDownloadLog() called with: feed = [baseline.de.danoeh.antennapod.core.feed.Feed@0]
08-04 14:52:40.711 16763 17808 D FeedSyncThread: Bundling 1 feeds
08-04 14:52:40.712 16763 17836 D DBReader: Extracting Feedlist
08-04 14:52:40.713 16763 17836 D DBTasks : Found no existing Feed with title Nice White Parents. Adding as new one.
08-04 14:52:40.715 16763 17837 D PodDBAdapter: Setting feed with flattr status Nice White Parents: 0
08-04 14:52:40.716 16763 17837 D baseline.de.danoeh.antennapod.core.storage.PodDBAdapter@d992bce: Inserting new Feed into db
08-04 14:52:40.731 16763 16763 D EventDistributor: Processing event queue. Number of events: 1
08-04 14:52:40.732 16763 16763 D EventDistributor: Notifying observers. Data: 1
08-04 14:52:40.732 16763 16763 D DownloadService: 0 downloads left
08-04 14:52:40.732 16763 17291 D DBReader: Extracting Feedlist
08-04 14:52:40.732 16763 16763 D DownloadService: Number of downloads is 0, attempting shutdown
08-04 14:52:40.733 16763 16763 D DownloadService: Service shutting down
08-04 14:52:40.733 16763 16763 D DownloadService: No report is created
08-04 14:52:40.734 16763 16763 D OnlineFeedViewActivity: onEventMainThread() called with: event = [DownloadEvent{update=DownloaderUpdate{downloaders=[], feedIds=[], mediaIds=[]}}]
08-04 14:52:40.736 16763 16763 D DownloadService: NotificationUpdater cancelled. Result: false
08-04 14:52:40.736 16763 17807 E downloadCompletionThd: DownloadCompletionThread was interrupted
08-04 14:52:40.736 16763 16763 D DBTasks : autodownloadUndownloadedItems
08-04 14:52:40.738 16763 17842 D NetworkUtils: Device is connected to Wi-Fi
08-04 14:52:40.738 16763 17842 D NetworkUtils: Auto-dl filter is disabled
08-04 14:52:40.838 16763 16776 I art     : Starting a blocking GC Explicit
08-04 14:52:40.869 16763 16776 I art     : Explicit concurrent mark sweep GC freed 2875(357KB) AllocSpace objects, 5(100KB) LOS objects, 36% free, 27MB/43MB, paused 1.073ms total 30.741ms
08-04 14:52:40.882 16763 16776 I art     : Starting a blocking GC Explicit
08-04 14:52:40.908 16763 16776 I art     : Explicit concurrent mark sweep GC freed 317(15KB) AllocSpace objects, 0(0B) LOS objects, 36% free, 27MB/43MB, paused 762us total 26.153ms
08-04 14:52:40.917 16763 16776 I art     : Starting a blocking GC Explicit
08-04 14:52:40.943 16763 16776 I art     : Explicit concurrent mark sweep GC freed 3(96B) AllocSpace objects, 0(0B) LOS objects, 36% free, 27MB/43MB, paused 748us total 25.919ms
08-04 14:52:40.952 16763 16776 I art     : Starting a blocking GC Explicit
08-04 14:52:40.979 16763 16776 I art     : Explicit concurrent mark sweep GC freed 3(96B) AllocSpace objects, 0(0B) LOS objects, 36% free, 27MB/43MB, paused 766us total 26.433ms
08-04 14:52:40.989 16763 16776 I art     : Starting a blocking GC Explicit
08-04 14:52:41.017 16763 16776 I art     : Explicit concurrent mark sweep GC freed 3(96B) AllocSpace objects, 0(0B) LOS objects, 36% free, 27MB/43MB, paused 755us total 27.477ms
08-04 14:52:41.224 16655 16655 I ServiceManager: Waiting for service AtCmdFwd...
08-04 14:52:41.305 16763 16785 I art     : Starting a blocking GC Explicit
08-04 14:52:41.340 16763 16785 I art     : Explicit concurrent mark sweep GC freed 1397(80KB) AllocSpace objects, 1(20KB) LOS objects, 36% free, 27MB/43MB, paused 841us total 34.900ms
08-04 14:52:41.352 16763 16785 I art     : Starting a blocking GC Explicit
08-04 14:52:41.380 16763 16785 I art     : Explicit concurrent mark sweep GC freed 23(752B) AllocSpace objects, 0(0B) LOS objects, 36% free, 27MB/43MB, paused 767us total 27.662ms
08-04 14:52:41.389 16763 16785 I art     : Starting a blocking GC Explicit
08-04 14:52:41.417 16763 16785 I art     : Explicit concurrent mark sweep GC freed 3(96B) AllocSpace objects, 0(0B) LOS objects, 36% free, 27MB/43MB, paused 769us total 27.147ms
08-04 14:52:41.426 16763 16785 I art     : Starting a blocking GC Explicit
08-04 14:52:41.454 16763 16785 I art     : Explicit concurrent mark sweep GC freed 3(96B) AllocSpace objects, 0(0B) LOS objects, 36% free, 27MB/43MB, paused 800us total 27.863ms
08-04 14:52:41.464 16763 16785 I art     : Starting a blocking GC Explicit
08-04 14:52:41.491 16763 16785 I art     : Explicit concurrent mark sweep GC freed 3(96B) AllocSpace objects, 0(0B) LOS objects, 36% free, 27MB/43MB, paused 769us total 27.515ms
08-04 14:52:41.670   918  3188 I hubconnection: sensorhub said: 'set_bias 3: -5.9712, 0.0000, 0.0000'
08-04 14:52:41.807 16763 16775 I art     : Starting a blocking GC Explicit
08-04 14:52:41.844 16763 16775 I art     : Explicit concurrent mark sweep GC freed 1367(82KB) AllocSpace objects, 1(20KB) LOS objects, 36% free, 27MB/43MB, paused 793us total 37.162ms
08-04 14:52:41.857 16763 16775 I art     : Starting a blocking GC Explicit
08-04 14:52:41.885 16763 16775 I art     : Explicit concurrent mark sweep GC freed 23(752B) AllocSpace objects, 0(0B) LOS objects, 36% free, 27MB/43MB, paused 796us total 27.516ms
08-04 14:52:41.894 16763 16775 I art     : Starting a blocking GC Explicit
08-04 14:52:41.922 16763 16775 I art     : Explicit concurrent mark sweep GC freed 3(96B) AllocSpace objects, 0(0B) LOS objects, 36% free, 27MB/43MB, paused 755us total 27.571ms
08-04 14:52:41.931 16763 16775 I art     : Starting a blocking GC Explicit
08-04 14:52:41.959 16763 16775 I art     : Explicit concurrent mark sweep GC freed 3(96B) AllocSpace objects, 0(0B) LOS objects, 36% free, 27MB/43MB, paused 745us total 27.598ms
08-04 14:52:41.969 16763 16775 I art     : Starting a blocking GC Explicit
08-04 14:52:41.997 16763 16775 I art     : Explicit concurrent mark sweep GC freed 3(96B) AllocSpace objects, 0(0B) LOS objects, 36% free, 27MB/43MB, paused 777us total 27.561ms
08-04 14:52:42.224 16655 16655 I ServiceManager: Waiting for service AtCmdFwd...
08-04 14:52:42.308 16763 16776 I art     : Starting a blocking GC Explicit
08-04 14:52:42.343 16763 16776 I art     : Explicit concurrent mark sweep GC freed 1402(82KB) AllocSpace objects, 1(20KB) LOS objects, 36% free, 27MB/43MB, paused 818us total 34.447ms
08-04 14:52:42.355 16763 16776 I art     : Starting a blocking GC Explicit
08-04 14:52:42.384 16763 16776 I art     : Explicit concurrent mark sweep GC freed 23(752B) AllocSpace objects, 0(0B) LOS objects, 36% free, 27MB/43MB, paused 774us total 28.563ms
08-04 14:52:42.394 16763 16776 I art     : Starting a blocking GC Explicit
08-04 14:52:42.421 16763 16776 I art     : Explicit concurrent mark sweep GC freed 3(96B) AllocSpace objects, 0(0B) LOS objects, 36% free, 27MB/43MB, paused 759us total 27.182ms
08-04 14:52:42.431 16763 16776 I art     : Starting a blocking GC Explicit
08-04 14:52:42.458 16763 16776 I art     : Explicit concurrent mark sweep GC freed 3(96B) AllocSpace objects, 0(0B) LOS objects, 36% free, 27MB/43MB, paused 787us total 27.184ms
08-04 14:52:42.468 16763 16776 I art     : Starting a blocking GC Explicit
08-04 14:52:42.496 16763 16776 I art     : Explicit concurrent mark sweep GC freed 3(96B) AllocSpace objects, 0(0B) LOS objects, 36% free, 27MB/43MB, paused 777us total 28.349ms
08-04 14:52:42.822 16763 16785 I art     : Starting a blocking GC Explicit
08-04 14:52:42.859 16763 16785 I art     : Explicit concurrent mark sweep GC freed 1372(82KB) AllocSpace objects, 1(20KB) LOS objects, 36% free, 27MB/43MB, paused 843us total 36.634ms
08-04 14:52:42.872 16763 16785 I art     : Starting a blocking GC Explicit
08-04 14:52:42.899 16763 16785 I art     : Explicit concurrent mark sweep GC freed 23(752B) AllocSpace objects, 0(0B) LOS objects, 36% free, 27MB/43MB, paused 737us total 27.476ms
08-04 14:52:42.909 16763 16785 I art     : Starting a blocking GC Explicit
08-04 14:52:42.937 16763 16785 I art     : Explicit concurrent mark sweep GC freed 3(96B) AllocSpace objects, 0(0B) LOS objects, 36% free, 27MB/43MB, paused 937us total 27.820ms
08-04 14:52:42.947 16763 16785 I art     : Starting a blocking GC Explicit
08-04 14:52:42.975 16763 16785 I art     : Explicit concurrent mark sweep GC freed 3(96B) AllocSpace objects, 0(0B) LOS objects, 36% free, 27MB/43MB, paused 758us total 27.846ms
08-04 14:52:42.985 16763 16785 I art     : Starting a blocking GC Explicit
08-04 14:52:43.013 16763 16785 I art     : Explicit concurrent mark sweep GC freed 3(96B) AllocSpace objects, 0(0B) LOS objects, 36% free, 27MB/43MB, paused 773us total 27.766ms
08-04 14:52:43.225 16655 16655 I ServiceManager: Waiting for service AtCmdFwd...
08-04 14:52:43.363 16763 16775 I art     : Starting a blocking GC Explicit
08-04 14:52:43.408 16763 16775 I art     : Explicit concurrent mark sweep GC freed 1399(81KB) AllocSpace objects, 1(20KB) LOS objects, 36% free, 27MB/43MB, paused 1.226ms total 43.962ms
08-04 14:52:43.423 16763 16775 I art     : Starting a blocking GC Explicit
08-04 14:52:43.451 16763 16775 I art     : Explicit concurrent mark sweep GC freed 23(752B) AllocSpace objects, 0(0B) LOS objects, 36% free, 27MB/43MB, paused 761us total 27.965ms
08-04 14:52:43.461 16763 16775 I art     : Starting a blocking GC Explicit
08-04 14:52:43.488 16763 16775 I art     : Explicit concurrent mark sweep GC freed 3(96B) AllocSpace objects, 0(0B) LOS objects, 36% free, 27MB/43MB, paused 797us total 27.133ms
08-04 14:52:43.498 16763 16775 I art     : Starting a blocking GC Explicit
08-04 14:52:43.525 16763 16775 I art     : Explicit concurrent mark sweep GC freed 3(96B) AllocSpace objects, 0(0B) LOS objects, 36% free, 27MB/43MB, paused 751us total 27.371ms
08-04 14:52:43.535 16763 16775 I art     : Starting a blocking GC Explicit
08-04 14:52:43.562 16763 16775 I art     : Explicit concurrent mark sweep GC freed 3(96B) AllocSpace objects, 0(0B) LOS objects, 36% free, 27MB/43MB, paused 757us total 27.270ms
08-04 14:52:43.852 16763 16776 I art     : Starting a blocking GC Explicit
08-04 14:52:43.883 16763 16776 I art     : Explicit concurrent mark sweep GC freed 1366(80KB) AllocSpace objects, 1(20KB) LOS objects, 36% free, 27MB/43MB, paused 897us total 30.001ms
08-04 14:52:43.896 16763 16776 I art     : Starting a blocking GC Explicit
08-04 14:52:43.924 16763 16776 I art     : Explicit concurrent mark sweep GC freed 23(752B) AllocSpace objects, 0(0B) LOS objects, 36% free, 27MB/43MB, paused 768us total 27.512ms
08-04 14:52:43.933 16763 16776 I art     : Starting a blocking GC Explicit
08-04 14:52:43.961 16763 16776 I art     : Explicit concurrent mark sweep GC freed 3(96B) AllocSpace objects, 0(0B) LOS objects, 36% free, 27MB/43MB, paused 757us total 27.375ms
08-04 14:52:43.970 16763 16776 I art     : Starting a blocking GC Explicit
08-04 14:52:43.998 16763 16776 I art     : Explicit concurrent mark sweep GC freed 3(96B) AllocSpace objects, 0(0B) LOS objects, 36% free, 27MB/43MB, paused 796us total 27.827ms
08-04 14:52:44.008 16763 16776 I art     : Starting a blocking GC Explicit
08-04 14:52:44.036 16763 16776 I art     : Explicit concurrent mark sweep GC freed 3(96B) AllocSpace objects, 0(0B) LOS objects, 36% free, 27MB/43MB, paused 759us total 27.623ms
08-04 14:52:44.226 16655 16655 I ServiceManager: Waiting for service AtCmdFwd...
08-04 14:52:44.304 16763 16785 I art     : Starting a blocking GC Explicit
08-04 14:52:44.331 16763 16785 I art     : Explicit concurrent mark sweep GC freed 1396(82KB) AllocSpace objects, 1(20KB) LOS objects, 36% free, 27MB/43MB, paused 812us total 27.169ms
08-04 14:52:44.341 16763 16785 I art     : Starting a blocking GC Explicit
08-04 14:52:44.366 16763 16785 I art     : Explicit concurrent mark sweep GC freed 23(752B) AllocSpace objects, 0(0B) LOS objects, 36% free, 27MB/43MB, paused 743us total 24.971ms
08-04 14:52:44.375 16763 16785 I art     : Starting a blocking GC Explicit
08-04 14:52:44.401 16763 16785 I art     : Explicit concurrent mark sweep GC freed 3(96B) AllocSpace objects, 0(0B) LOS objects, 36% free, 27MB/43MB, paused 753us total 25.823ms
08-04 14:52:44.410 16763 16785 I art     : Starting a blocking GC Explicit
08-04 14:52:44.436 16763 16785 I art     : Explicit concurrent mark sweep GC freed 3(96B) AllocSpace objects, 0(0B) LOS objects, 36% free, 27MB/43MB, paused 795us total 26.224ms
08-04 14:52:44.446 16763 16785 I art     : Starting a blocking GC Explicit
08-04 14:52:44.472 16763 16785 I art     : Explicit concurrent mark sweep GC freed 3(96B) AllocSpace objects, 0(0B) LOS objects, 36% free, 27MB/43MB, paused 779us total 26.315ms
08-04 14:52:44.542 17909 17909 D AndroidRuntime: >>>>>> START com.android.internal.os.RuntimeInit uid 2000 <<<<<<
08-04 14:52:44.547 17909 17909 D AndroidRuntime: CheckJNI is OFF
08-04 14:52:44.582 17909 17909 D ICU     : No timezone override file found: /data/misc/zoneinfo/current/icu/icu_tzdata.dat
08-04 14:52:44.616 17909 17909 I Radio-JNI: register_android_hardware_Radio DONE
08-04 14:52:44.637 17909 17909 D AndroidRuntime: Calling main entry com.android.commands.input.Input
08-04 14:52:44.639 17909 17909 I Input   : injectKeyEvent: KeyEvent { action=ACTION_DOWN, keyCode=KEYCODE_BACK, scanCode=0, metaState=0, flags=0x0, repeatCount=0, eventTime=715981052, downTime=715981052, deviceId=-1, source=0x101 }
08-04 14:52:44.645 17909 17909 I Input   : injectKeyEvent: KeyEvent { action=ACTION_UP, keyCode=KEYCODE_BACK, scanCode=0, metaState=0, flags=0x0, repeatCount=0, eventTime=715981052, downTime=715981052, deviceId=-1, source=0x101 }
08-04 14:52:44.651 17909 17909 D AndroidRuntime: Shutting down VM
08-04 14:52:44.656 16763 16763 V PlaybackController: initServiceNotRunning()
08-04 14:52:44.656 16763 16763 D ExternalPlayerFragment: Loading media info
08-04 14:52:44.659 16763 16763 D UserPreferences: Using default data folder
08-04 14:52:44.660 16763 17291 D DBReader: getNavDrawerData() called with: 
08-04 14:52:44.663 16763 17291 D DBReader: getDownloadedItems() called
08-04 14:52:44.664 16763 17291 D DBReader: getFavoriteIDList() called
08-04 14:52:44.664 16763 17291 D DBReader: getQueueIDList() called
08-04 14:52:44.665 16763 17291 D DBReader: Extracting Feedlist
08-04 14:52:44.691 16763 16763 D MainActivity: getLastNavFragment() -> AddFeedFragment
08-04 14:52:44.693 13866 13866 I GoogleInputMethodServic: GoogleInputMethodService.onFinishInput():3138 
08-04 14:52:44.694 13866 13866 I GoogleInputMethodServic: GoogleInputMethodService.onStartInput():1808 
08-04 14:52:44.708 16763 17709 D ApOkHttpUrlLoader: buildLoadData() called with: model = [https://content.production.cdn.art19.com/images/89/e0/88/44/89e08844-ac28-4fc0-96fa-15a41fec2014/262c12ed699a8d9720dea0bd66449d998e4a08cf18095bed170ccaa76722045fa5dbf7a366918b2db7e3acf29ad22f6b99fd659a9409cb807bf2781d968932f8.jpeg], width = [140], height = [140]
08-04 14:52:44.751 16763 16776 I art     : Starting a blocking GC Explicit
08-04 14:52:44.776 16763 16776 I art     : Explicit concurrent mark sweep GC freed 2442(171KB) AllocSpace objects, 1(20KB) LOS objects, 36% free, 28MB/44MB, paused 742us total 24.856ms
08-04 14:52:44.785 16763 16776 I art     : Starting a blocking GC Explicit
08-04 14:52:44.811 16763 16776 I art     : Explicit concurrent mark sweep GC freed 497(25KB) AllocSpace objects, 0(0B) LOS objects, 36% free, 28MB/44MB, paused 766us total 25.781ms
08-04 14:52:44.820 16763 16776 I art     : Starting a blocking GC Explicit
08-04 14:52:44.845 16763 16776 I art     : Explicit concurrent mark sweep GC freed 3(96B) AllocSpace objects, 0(0B) LOS objects, 36% free, 28MB/44MB, paused 802us total 24.953ms
08-04 14:52:44.854 16763 16776 I art     : Starting a blocking GC Explicit
08-04 14:52:44.884 16763 16776 I art     : Explicit concurrent mark sweep GC freed 194(18KB) AllocSpace objects, 0(0B) LOS objects, 36% free, 28MB/44MB, paused 711us total 29.332ms
08-04 14:52:44.896 16763 16776 I art     : Starting a blocking GC Explicit
08-04 14:52:44.928 16763 16776 I art     : Explicit concurrent mark sweep GC freed 34(1376B) AllocSpace objects, 0(0B) LOS objects, 36% free, 28MB/44MB, paused 750us total 31.378ms
08-04 14:52:45.000   380   380 W SurfaceFlinger: couldn't log to binary event log: overflow.
08-04 14:52:45.125   518   646 I ThermalEngine: ACTION: GPU - Setting GPU[0] to 600000000
08-04 14:52:45.204 16763 16785 I art     : Starting a blocking GC Explicit
08-04 14:52:45.227 16655 16655 I ServiceManager: Waiting for service AtCmdFwd...
08-04 14:52:45.236 16763 16785 I art     : Explicit concurrent mark sweep GC freed 2012(107KB) AllocSpace objects, 1(20KB) LOS objects, 36% free, 28MB/44MB, paused 548us total 31.883ms
08-04 14:52:45.244 16763 16785 I art     : Starting a blocking GC Explicit
08-04 14:52:45.265 16763 16785 I art     : Explicit concurrent mark sweep GC freed 2483(152KB) AllocSpace objects, 2(248KB) LOS objects, 36% free, 27MB/43MB, paused 546us total 20.943ms
08-04 14:52:45.272 16763 16785 I art     : Starting a blocking GC Explicit
08-04 14:52:45.292 16763 16785 I art     : Explicit concurrent mark sweep GC freed 3(96B) AllocSpace objects, 0(0B) LOS objects, 36% free, 27MB/43MB, paused 561us total 20.273ms
08-04 14:52:45.300 16763 16785 I art     : Starting a blocking GC Explicit
08-04 14:52:45.321 16763 16785 I art     : Explicit concurrent mark sweep GC freed 3(96B) AllocSpace objects, 0(0B) LOS objects, 36% free, 27MB/43MB, paused 557us total 21.118ms
08-04 14:52:45.329 16763 16785 I art     : Starting a blocking GC Explicit
08-04 14:52:45.350 16763 16785 I art     : Explicit concurrent mark sweep GC freed 32(880B) AllocSpace objects, 0(0B) LOS objects, 36% free, 27MB/43MB, paused 585us total 21.063ms
08-04 14:52:45.641 16763 16776 I art     : Starting a blocking GC Explicit
08-04 14:52:45.669 16763 16776 I art     : Explicit concurrent mark sweep GC freed 1369(82KB) AllocSpace objects, 1(20KB) LOS objects, 36% free, 27MB/43MB, paused 567us total 28.546ms
08-04 14:52:45.677 16763 16776 I art     : Starting a blocking GC Explicit
08-04 14:52:45.698 16763 16776 I art     : Explicit concurrent mark sweep GC freed 23(752B) AllocSpace objects, 0(0B) LOS objects, 36% free, 27MB/43MB, paused 551us total 20.843ms
08-04 14:52:45.705 16763 16776 I art     : Starting a blocking GC Explicit
08-04 14:52:45.726 16763 16776 I art     : Explicit concurrent mark sweep GC freed 3(96B) AllocSpace objects, 0(0B) LOS objects, 36% free, 27MB/43MB, paused 538us total 20.030ms
08-04 14:52:45.733 16763 16776 I art     : Starting a blocking GC Explicit
08-04 14:52:45.754 16763 16776 I art     : Explicit concurrent mark sweep GC freed 3(96B) AllocSpace objects, 0(0B) LOS objects, 36% free, 27MB/43MB, paused 566us total 20.961ms
08-04 14:52:45.761 16763 16776 I art     : Starting a blocking GC Explicit
08-04 14:52:45.783 16763 16776 I art     : Explicit concurrent mark sweep GC freed 3(96B) AllocSpace objects, 0(0B) LOS objects, 36% free, 27MB/43MB, paused 560us total 20.996ms
08-04 14:52:46.037 16763 16775 I art     : Starting a blocking GC Explicit
08-04 14:52:46.059 16763 16775 I art     : Explicit concurrent mark sweep GC freed 1368(80KB) AllocSpace objects, 1(20KB) LOS objects, 36% free, 27MB/43MB, paused 570us total 21.309ms
08-04 14:52:46.066 16763 16775 I art     : Starting a blocking GC Explicit
08-04 14:52:46.087 16763 16775 I art     : Explicit concurrent mark sweep GC freed 23(752B) AllocSpace objects, 0(0B) LOS objects, 36% free, 27MB/43MB, paused 595us total 20.965ms
08-04 14:52:46.095 16763 16775 I art     : Starting a blocking GC Explicit
08-04 14:52:46.115 16763 16775 I art     : Explicit concurrent mark sweep GC freed 3(96B) AllocSpace objects, 0(0B) LOS objects, 36% free, 27MB/43MB, paused 560us total 19.179ms
08-04 14:52:46.122 16763 16775 I art     : Starting a blocking GC Explicit
08-04 14:52:46.129   518   646 I ThermalEngine: ACTION: GPU - Setting GPU[0] to 510000000
08-04 14:52:46.147 16763 16775 I art     : Explicit concurrent mark sweep GC freed 3(96B) AllocSpace objects, 0(0B) LOS objects, 36% free, 27MB/43MB, paused 797us total 25.375ms
08-04 14:52:46.156 16763 16775 I art     : Starting a blocking GC Explicit
08-04 14:52:46.180 16763 16775 I art     : Explicit concurrent mark sweep GC freed 3(96B) AllocSpace objects, 0(0B) LOS objects, 36% free, 27MB/43MB, paused 750us total 23.744ms
08-04 14:52:46.227 16655 16655 W Atfwd_Sendcmd: AtCmdFwd service not published, waiting... retryCnt : 5
08-04 14:52:46.269 17962 17962 D AndroidRuntime: >>>>>> START com.android.internal.os.RuntimeInit uid 2000 <<<<<<
08-04 14:52:46.274 17962 17962 D AndroidRuntime: CheckJNI is OFF
08-04 14:52:46.314 17962 17962 D ICU     : No timezone override file found: /data/misc/zoneinfo/current/icu/icu_tzdata.dat
08-04 14:52:46.350 17962 17962 I Radio-JNI: register_android_hardware_Radio DONE
08-04 14:52:46.371 17962 17962 D AndroidRuntime: Calling main entry com.android.commands.input.Input
08-04 14:52:46.373 17962 17962 I Input   : injectMotionEvent: MotionEvent { action=ACTION_DOWN, actionButton=0, id[0]=0, x[0]=639.0, y[0]=762.0, toolType[0]=TOOL_TYPE_UNKNOWN, buttonState=0, metaState=0, flags=0x0, edgeFlags=0x0, pointerCount=1, historySize=0, eventTime=715982785, downTime=715982785, deviceId=0, source=0x1002 }
08-04 14:52:46.376 17962 17962 I Input   : injectMotionEvent: MotionEvent { action=ACTION_UP, actionButton=0, id[0]=0, x[0]=639.0, y[0]=762.0, toolType[0]=TOOL_TYPE_UNKNOWN, buttonState=0, metaState=0, flags=0x0, edgeFlags=0x0, pointerCount=1, historySize=0, eventTime=715982785, downTime=715982785, deviceId=0, source=0x1002 }
08-04 14:52:46.378 17962 17962 D AndroidRuntime: Shutting down VM
08-04 14:52:46.451 16763 16775 I art     : Starting a blocking GC Explicit
08-04 14:52:46.454   512  2967 D audio_hw_primary: out_set_parameters: enter: usecase(1: low-latency-playback) kvpairs: routing=2
08-04 14:52:46.467   512  2967 D audio_hw_primary: select_devices: out_snd_device(2: speaker) in_snd_device(0: none)
08-04 14:52:46.467   512  2967 D msm8974_platform: platform_send_audio_calibration: sending audio calibration for snd_device(2) acdb_id(15)
08-04 14:52:46.467   512  2967 I soundtrigger: audio_extn_sound_trigger_update_device_status: device 0x2 of type 0 for Event 1
08-04 14:52:46.473 13866 13866 I GoogleInputMethodServic: GoogleInputMethodService.onFinishInput():3138 
08-04 14:52:46.474 13866 13866 I GoogleInputMethodServic: GoogleInputMethodService.onStartInput():1808 
08-04 14:52:46.478   512  2967 D audio_hw_primary: enable_snd_device: snd_device(2: speaker)
08-04 14:52:46.478 16763 16775 I art     : Explicit concurrent mark sweep GC freed 1636(91KB) AllocSpace objects, 1(20KB) LOS objects, 36% free, 27MB/43MB, paused 895us total 26.960ms
08-04 14:52:46.480   512  2967 D audio_hw_primary: enable_audio_route: apply and update mixer path: low-latency-playback speaker
08-04 14:52:46.488 16763 16775 I art     : Starting a blocking GC Explicit
08-04 14:52:46.514 16763 16775 I art     : Explicit concurrent mark sweep GC freed 48(1872B) AllocSpace objects, 0(0B) LOS objects, 36% free, 27MB/43MB, paused 807us total 26.530ms
08-04 14:52:46.524 16763 16775 I art     : Starting a blocking GC Explicit
08-04 14:52:46.548 16763 16775 I art     : Explicit concurrent mark sweep GC freed 15(544B) AllocSpace objects, 0(0B) LOS objects, 36% free, 27MB/43MB, paused 808us total 23.910ms
08-04 14:52:46.557 16763 16775 I art     : Starting a blocking GC Explicit
08-04 14:52:46.581 16763 16775 I art     : Explicit concurrent mark sweep GC freed 13(480B) AllocSpace objects, 0(0B) LOS objects, 36% free, 27MB/43MB, paused 775us total 24.145ms
08-04 14:52:46.590 16763 16775 I art     : Starting a blocking GC Explicit
08-04 14:52:46.613 16763 16775 I art     : Explicit concurrent mark sweep GC freed 13(480B) AllocSpace objects, 0(0B) LOS objects, 36% free, 27MB/43MB, paused 768us total 23.708ms
08-04 14:52:46.681 16763 16788 I NAPPA_EXPERIMENTATION: MetricNetworkRequestExecutionTime: REQUEST_DURATION_SYSTEM='228',REQUEST_DURATION_OKHTTP='227',REQUEST_SYNCHRONOUS='TRUE',RESPONSE_CODE='200',RESPONSE_METHOD='GET',RESPONSE_LENGTH_OKHTTP='-1',RESPONSE_LENGTH_HEADER='622',REQUEST_PROTOCOL='h2',REQUEST_URL='https://itunes.apple.com/lookup?id=360084272',
08-04 14:52:46.703   918  6110 I ActivityManager: START u0 {cmp=baseline.de.danoeh.antennapod.debug/baseline.de.danoeh.antennapod.activity.OnlineFeedViewActivity (has extras)} from uid 10670 on display 0
08-04 14:52:46.728 13866 13866 I GoogleInputMethodServic: GoogleInputMethodService.onFinishInput():3138 
08-04 14:52:46.729 13866 13866 I GoogleInputMethodServic: GoogleInputMethodService.onStartInput():1808 
08-04 14:52:46.754 16763 16763 D UserPreferences: Using default data folder
08-04 14:52:46.755 16763 16763 D OnlineFeedViewActivity: Activity was started with url http://joeroganexp.joerogan.libsynpro.com/rss
08-04 14:52:46.758 16763 16763 D OnlineFeedViewActivity: Starting feed download
08-04 14:52:46.761 16763 16783 D DBReader: Extracting Feedlist
08-04 14:52:46.762   918  6111 D WifiService: acquireWifiLockLocked: WifiLock{Downloader type=1 binder=android.os.BinderProxy@8db77d2}
08-04 14:52:46.763 16763 16783 D AntennapodHttpClient: Creating new instance of HTTP client
08-04 14:52:46.807 16763 16783 D MYTAG   : interceptor 3a http://joeroganexp.joerogan.libsynpro.com/rss
08-04 14:52:46.807 16763 16783 I NAPPA_EXPERIMENTATION: MetricNetworkRequestExecutionTime: REQUEST_DURATION_SYSTEM='43',REQUEST_DURATION_OKHTTP='37',REQUEST_SYNCHRONOUS='TRUE',RESPONSE_CODE='200',RESPONSE_METHOD='GET',RESPONSE_LENGTH_OKHTTP='-1',RESPONSE_LENGTH_HEADER='307892',REQUEST_PROTOCOL='http/1.1',REQUEST_URL='http://joeroganexp.joerogan.libsynpro.com/rss',
08-04 14:52:46.807 16763 16783 D HttpDownloader: Response code is 200
08-04 14:52:46.807 16763 16783 D UserPreferences: Using default data folder
08-04 14:52:46.810 16763 16783 D HttpDownloader: Getting size of download
08-04 14:52:46.810 16763 16783 D HttpDownloader: Size is -1
08-04 14:52:46.810 16763 16783 D UserPreferences: Using default data folder
08-04 14:52:46.810 16763 16783 D HttpDownloader: Free space is 20243243008
08-04 14:52:46.811 16763 16783 D HttpDownloader: Starting download
08-04 14:52:46.814 13866 13866 I GoogleInputMethodServic: GoogleInputMethodService.onFinishInput():3138 
08-04 14:52:46.815 13866 13866 I GoogleInputMethodServic: GoogleInputMethodService.onStartInput():1808 
08-04 14:52:46.844   918   936 I ActivityManager: Displayed baseline.de.danoeh.antennapod.debug/baseline.de.danoeh.antennapod.activity.OnlineFeedViewActivity: +115ms
08-04 14:52:46.869 16763 16776 I art     : Starting a blocking GC Explicit
08-04 14:52:46.902 16763 16776 I art     : Explicit concurrent mark sweep GC freed 3461(234KB) AllocSpace objects, 1(20KB) LOS objects, 36% free, 27MB/43MB, paused 872us total 32.602ms
08-04 14:52:46.911 16763 16776 I art     : Starting a blocking GC Explicit
08-04 14:52:46.934 16763 16776 I art     : Explicit concurrent mark sweep GC freed 375(16KB) AllocSpace objects, 0(0B) LOS objects, 36% free, 27MB/43MB, paused 776us total 23.333ms
08-04 14:52:46.944 16763 16776 I art     : Starting a blocking GC Explicit
08-04 14:52:46.968 16763 16776 I art     : Explicit concurrent mark sweep GC freed 3(96B) AllocSpace objects, 0(0B) LOS objects, 36% free, 27MB/43MB, paused 841us total 24.075ms
08-04 14:52:46.976 16763 16783 D HttpDownloader: Download was successful
08-04 14:52:46.976   918  6110 D WifiService: releaseWifiLockLocked: WifiLock{Downloader type=1 binder=android.os.BinderProxy@8db77d2}
08-04 14:52:46.977 16763 16763 D OnlineFeedViewActivity: Parsing feed
08-04 14:52:46.978 16763 16776 I art     : Starting a blocking GC Explicit
08-04 14:52:46.982 16763 18006 D TypeGetter: Recognized type RSS 2.0
08-04 14:52:46.984 16763 18006 D SyndHandler: Recognized Atom namespace
08-04 14:52:46.985 16763 18006 D SyndHandler: Recognized ITunes namespace
08-04 14:52:46.985 16763 18006 D SyndHandler: Recognized media namespace
08-04 14:52:46.985 16763 18006 D SyndHandler: Recognized Content namespace
08-04 14:52:47.004 16763 16776 I art     : Explicit concurrent mark sweep GC freed 879(182KB) AllocSpace objects, 3(60KB) LOS objects, 36% free, 27MB/43MB, paused 1.069ms total 26.046ms
08-04 14:52:47.014 16763 16776 I art     : Starting a blocking GC Explicit
08-04 14:52:47.020   512  2967 D audio_hw_primary: disable_audio_route: reset and update mixer path: low-latency-playback speaker
08-04 14:52:47.022   512  2967 D audio_hw_primary: disable_snd_device: snd_device(2: speaker)
08-04 14:52:47.029   512  2967 I soundtrigger: audio_extn_sound_trigger_update_device_status: device 0x2 of type 0 for Event 0
08-04 14:52:47.042 16763 16776 I art     : Explicit concurrent mark sweep GC freed 2018(112KB) AllocSpace objects, 0(0B) LOS objects, 36% free, 28MB/44MB, paused 943us total 27.830ms
08-04 14:52:47.069   380   380 W SurfaceFlinger: couldn't log to binary event log: overflow.
08-04 14:52:47.206 16763 16763 D PlaybackController: Releasing PlaybackController
08-04 14:52:47.302 16763 16785 I art     : Starting a blocking GC Explicit
08-04 14:52:47.336 16763 16785 I art     : Explicit concurrent mark sweep GC freed 21943(1184KB) AllocSpace objects, 1(20KB) LOS objects, 35% free, 28MB/44MB, paused 1.181ms total 33.820ms
08-04 14:52:47.346 16763 16785 I art     : Starting a blocking GC Explicit
08-04 14:52:47.374 16763 16785 I art     : Explicit concurrent mark sweep GC freed 5770(276KB) AllocSpace objects, 0(0B) LOS objects, 35% free, 28MB/44MB, paused 1.195ms total 27.433ms
08-04 14:52:47.384 16763 16785 I art     : Starting a blocking GC Explicit
08-04 14:52:47.410 16763 16785 I art     : Explicit concurrent mark sweep GC freed 5709(272KB) AllocSpace objects, 0(0B) LOS objects, 35% free, 28MB/44MB, paused 981us total 25.928ms
08-04 14:52:47.418 16763 16785 I art     : Starting a blocking GC Explicit
08-04 14:52:47.444 16763 16785 I art     : Explicit concurrent mark sweep GC freed 2764(141KB) AllocSpace objects, 0(0B) LOS objects, 35% free, 28MB/44MB, paused 1.020ms total 25.345ms
08-04 14:52:47.453 16763 16785 I art     : Starting a blocking GC Explicit
08-04 14:52:47.479 16763 16785 I art     : Explicit concurrent mark sweep GC freed 2706(142KB) AllocSpace objects, 0(0B) LOS objects, 35% free, 28MB/44MB, paused 946us total 25.783ms
08-04 14:52:47.749 16763 16776 I art     : Starting a blocking GC Explicit
08-04 14:52:47.783 16763 16776 I art     : Explicit concurrent mark sweep GC freed 23385(1237KB) AllocSpace objects, 1(20KB) LOS objects, 35% free, 29MB/45MB, paused 1.099ms total 33.843ms
08-04 14:52:47.795 16763 16776 I art     : Starting a blocking GC Explicit
08-04 14:52:47.824 16763 16776 I art     : Explicit concurrent mark sweep GC freed 8109(389KB) AllocSpace objects, 0(0B) LOS objects, 35% free, 29MB/45MB, paused 1.132ms total 28.986ms
08-04 14:52:47.834 16763 16776 I art     : Starting a blocking GC Explicit
08-04 14:52:47.861 16763 16776 I art     : Explicit concurrent mark sweep GC freed 4111(199KB) AllocSpace objects, 0(0B) LOS objects, 35% free, 29MB/45MB, paused 1.043ms total 26.841ms
08-04 14:52:47.871 16763 16776 I art     : Starting a blocking GC Explicit
08-04 14:52:47.898 16763 16776 I art     : Explicit concurrent mark sweep GC freed 2970(149KB) AllocSpace objects, 0(0B) LOS objects, 35% free, 29MB/45MB, paused 1.069ms total 27.151ms
08-04 14:52:47.907 16763 16776 I art     : Starting a blocking GC Explicit
08-04 14:52:47.934 16763 16776 I art     : Explicit concurrent mark sweep GC freed 2857(156KB) AllocSpace objects, 0(0B) LOS objects, 35% free, 29MB/45MB, paused 1.021ms total 27.132ms
08-04 14:52:48.205 16763 16785 I art     : Starting a blocking GC Explicit
08-04 14:52:48.243 16763 16785 I art     : Explicit concurrent mark sweep GC freed 23253(1259KB) AllocSpace objects, 1(20KB) LOS objects, 34% free, 29MB/45MB, paused 1.293ms total 38.145ms
08-04 14:52:48.254 16763 16785 I art     : Starting a blocking GC Explicit
08-04 14:52:48.286 16763 16785 I art     : Explicit concurrent mark sweep GC freed 6891(334KB) AllocSpace objects, 0(0B) LOS objects, 34% free, 29MB/45MB, paused 1.251ms total 31.116ms
08-04 14:52:48.297 16763 16785 I art     : Starting a blocking GC Explicit
08-04 14:52:48.326 16763 16785 I art     : Explicit concurrent mark sweep GC freed 5867(295KB) AllocSpace objects, 0(0B) LOS objects, 34% free, 29MB/45MB, paused 1.036ms total 29.015ms
08-04 14:52:48.335 16763 16785 I art     : Starting a blocking GC Explicit
08-04 14:52:48.366 16763 16785 I art     : Explicit concurrent mark sweep GC freed 3051(159KB) AllocSpace objects, 0(0B) LOS objects, 34% free, 29MB/45MB, paused 1.100ms total 29.877ms
08-04 14:52:48.375 16763 16785 I art     : Starting a blocking GC Explicit
08-04 14:52:48.406 16763 16785 I art     : Explicit concurrent mark sweep GC freed 3028(162KB) AllocSpace objects, 0(0B) LOS objects, 34% free, 29MB/45MB, paused 1.133ms total 30.378ms
08-04 14:52:48.517   918 13198 D NetlinkSocketObserver: NeighborEvent{elapsedMs=1699372392, 192.168.2.254, [7C3953A63323], RTM_NEWNEIGH, NUD_PROBE}
08-04 14:52:48.748 16763 16775 I art     : Starting a blocking GC Explicit
08-04 14:52:48.790 16763 16775 I art     : Explicit concurrent mark sweep GC freed 28493(1563KB) AllocSpace objects, 1(20KB) LOS objects, 34% free, 30MB/46MB, paused 1.214ms total 41.439ms
08-04 14:52:48.802 16763 16775 I art     : Starting a blocking GC Explicit
08-04 14:52:48.834 16763 16775 I art     : Explicit concurrent mark sweep GC freed 10737(507KB) AllocSpace objects, 0(0B) LOS objects, 34% free, 30MB/46MB, paused 1.960ms total 32.537ms
08-04 14:52:48.845 16763 16775 I art     : Starting a blocking GC Explicit
08-04 14:52:48.877 16763 16775 I art     : Explicit concurrent mark sweep GC freed 4308(217KB) AllocSpace objects, 0(0B) LOS objects, 34% free, 30MB/46MB, paused 985us total 31.108ms
08-04 14:52:48.887 16763 16775 I art     : Starting a blocking GC Explicit
08-04 14:52:48.919 16763 16775 I art     : Explicit concurrent mark sweep GC freed 3240(165KB) AllocSpace objects, 0(0B) LOS objects, 34% free, 30MB/46MB, paused 1.089ms total 31.491ms
08-04 14:52:48.929 16763 16775 I art     : Starting a blocking GC Explicit
08-04 14:52:48.961 16763 16775 I art     : Explicit concurrent mark sweep GC freed 3323(216KB) AllocSpace objects, 0(0B) LOS objects, 34% free, 30MB/46MB, paused 1.098ms total 32.345ms
08-04 14:52:49.262 16763 16776 I art     : Starting a blocking GC Explicit
08-04 14:52:49.305 16763 16776 I art     : Explicit concurrent mark sweep GC freed 26313(1187KB) AllocSpace objects, 1(20KB) LOS objects, 33% free, 31MB/47MB, paused 1.185ms total 42.857ms
08-04 14:52:49.317 16763 16776 I art     : Starting a blocking GC Explicit
08-04 14:52:49.353 16763 16776 I art     : Explicit concurrent mark sweep GC freed 4377(206KB) AllocSpace objects, 0(0B) LOS objects, 33% free, 31MB/47MB, paused 1.284ms total 35.790ms
08-04 14:52:49.354 16763 16774 I art     : WaitForGcToComplete blocked for 22.670ms for cause HeapTrim
08-04 14:52:49.364 16763 16776 I art     : Starting a blocking GC Explicit
08-04 14:52:49.388 16763 18006 D OnlineFeedViewActivity: Deleted feed source file. Result: true
08-04 14:52:49.389 16763 16763 D OnlineFeedViewActivity: Removing HTML from shownotes
08-04 14:52:49.397 16763 16776 I art     : Explicit concurrent mark sweep GC freed 10325(504KB) AllocSpace objects, 4(272KB) LOS objects, 33% free, 31MB/47MB, paused 969us total 32.923ms
08-04 14:52:49.408 16763 16776 I art     : Starting a blocking GC Explicit
08-04 14:52:49.442 16763 16776 I art     : Explicit concurrent mark sweep GC freed 19184(1580KB) AllocSpace objects, 79(5MB) LOS objects, 33% free, 31MB/47MB, paused 840us total 33.830ms
08-04 14:52:49.453 16763 16776 I art     : Starting a blocking GC Explicit
08-04 14:52:49.490 16763 16776 I art     : Explicit concurrent mark sweep GC freed 36214(2MB) AllocSpace objects, 158(10MB) LOS objects, 33% free, 32MB/48MB, paused 919us total 37.149ms
08-04 14:52:49.786 16763 16785 I art     : Starting a blocking GC Explicit
08-04 14:52:49.833 16763 16785 I art     : Explicit concurrent mark sweep GC freed 42276(5MB) AllocSpace objects, 302(20MB) LOS objects, 32% free, 32MB/48MB, paused 1.065ms total 45.895ms
08-04 14:52:49.843 16763 17709 D ApOkHttpUrlLoader: buildLoadData() called with: model = [http://static.libsyn.com/p/assets/7/1/f/3/71f3014e14ef2722/JREiTunesImage2.jpg], width = [350], height = [350]
08-04 14:52:49.845 16763 16785 I art     : Starting a blocking GC Explicit
08-04 14:52:49.847 16763 17519 D DBReader: getImageAuthentication() called with: imageUrl = [http://static.libsyn.com/p/assets/7/1/f/3/71f3014e14ef2722/JREiTunesImage2.jpg]
08-04 14:52:49.849 16763 17519 D ApOkHttpUrlLoader: no credentials for 'http://static.libsyn.com/p/assets/7/1/f/3/71f3014e14ef2722/JREiTunesImage2.jpg'
08-04 14:52:49.880 16763 16785 I art     : Explicit concurrent mark sweep GC freed 4873(451KB) AllocSpace objects, 21(1428KB) LOS objects, 33% free, 31MB/47MB, paused 883us total 35.431ms
08-04 14:52:49.891 16763 16785 I art     : Starting a blocking GC Explicit
08-04 14:52:49.925 16763 16785 I art     : Explicit concurrent mark sweep GC freed 668(31KB) AllocSpace objects, 1(112KB) LOS objects, 34% free, 30MB/46MB, paused 696us total 33.363ms
08-04 14:52:49.936 16763 16785 I art     : Starting a blocking GC Explicit
08-04 14:52:49.954 16763 17519 D MYTAG   : interceptor 2a
08-04 14:52:49.955 16763 17519 I NAPPA_EXPERIMENTATION: MetricNetworkRequestExecutionTime: REQUEST_DURATION_SYSTEM='104',REQUEST_DURATION_OKHTTP='31',REQUEST_SYNCHRONOUS='TRUE',RESPONSE_CODE='200',RESPONSE_METHOD='GET',RESPONSE_LENGTH_OKHTTP='402832',RESPONSE_LENGTH_HEADER='402832',REQUEST_PROTOCOL='http/1.1',REQUEST_URL='http://static.libsyn.com/p/assets/7/1/f/3/71f3014e14ef2722/JREiTunesImage2.jpg',
08-04 14:52:49.970 16763 16785 I art     : Explicit concurrent mark sweep GC freed 170(17KB) AllocSpace objects, 0(0B) LOS objects, 34% free, 30MB/46MB, paused 712us total 34.547ms
08-04 14:52:49.982 16763 16785 I art     : Starting a blocking GC Explicit
08-04 14:52:50.017 16763 16785 I art     : Explicit concurrent mark sweep GC freed 41(1792B) AllocSpace objects, 0(0B) LOS objects, 34% free, 30MB/46MB, paused 650us total 34.882ms
08-04 14:52:50.293 16763 16775 I art     : Starting a blocking GC Explicit
08-04 14:52:50.341 16763 16775 I art     : Explicit concurrent mark sweep GC freed 1562(98KB) AllocSpace objects, 1(20KB) LOS objects, 33% free, 31MB/47MB, paused 755us total 47.328ms
08-04 14:52:50.356 16763 16775 I art     : Starting a blocking GC Explicit
08-04 14:52:50.394 16763 16775 I art     : Explicit concurrent mark sweep GC freed 42(1312B) AllocSpace objects, 0(0B) LOS objects, 33% free, 31MB/47MB, paused 689us total 37.559ms
08-04 14:52:50.406 16763 16775 I art     : Starting a blocking GC Explicit
08-04 14:52:50.444 16763 16775 I art     : Explicit concurrent mark sweep GC freed 3(96B) AllocSpace objects, 0(0B) LOS objects, 33% free, 31MB/47MB, paused 682us total 37.588ms
08-04 14:52:50.456 16763 16775 I art     : Starting a blocking GC Explicit
08-04 14:52:50.494 16763 16775 I art     : Explicit concurrent mark sweep GC freed 3(96B) AllocSpace objects, 0(0B) LOS objects, 33% free, 31MB/47MB, paused 684us total 37.153ms
08-04 14:52:50.506 16763 16775 I art     : Starting a blocking GC Explicit
08-04 14:52:50.543 16763 16775 I art     : Explicit concurrent mark sweep GC freed 3(96B) AllocSpace objects, 0(0B) LOS objects, 33% free, 31MB/47MB, paused 665us total 36.928ms
08-04 14:52:50.811 16763 16785 I art     : Starting a blocking GC Explicit
08-04 14:52:50.854 16763 16785 I art     : Explicit concurrent mark sweep GC freed 1370(80KB) AllocSpace objects, 1(20KB) LOS objects, 33% free, 31MB/47MB, paused 706us total 42.467ms
08-04 14:52:50.866 16763 16785 I art     : Starting a blocking GC Explicit
08-04 14:52:50.899 16763 16785 I art     : Explicit concurrent mark sweep GC freed 23(752B) AllocSpace objects, 0(0B) LOS objects, 33% free, 31MB/47MB, paused 669us total 32.998ms
08-04 14:52:50.910 16763 16785 I art     : Starting a blocking GC Explicit
08-04 14:52:50.945 16763 16785 I art     : Explicit concurrent mark sweep GC freed 3(96B) AllocSpace objects, 0(0B) LOS objects, 33% free, 31MB/47MB, paused 691us total 35.204ms
08-04 14:52:50.957 16763 16785 I art     : Starting a blocking GC Explicit
08-04 14:52:50.992 16763 16785 I art     : Explicit concurrent mark sweep GC freed 3(96B) AllocSpace objects, 0(0B) LOS objects, 33% free, 31MB/47MB, paused 672us total 34.835ms
08-04 14:52:51.003 16763 16785 I art     : Starting a blocking GC Explicit
08-04 14:52:51.039 16763 16785 I art     : Explicit concurrent mark sweep GC freed 3(96B) AllocSpace objects, 0(0B) LOS objects, 33% free, 31MB/47MB, paused 688us total 35.061ms
08-04 14:52:51.077 18098 18098 D AndroidRuntime: >>>>>> START com.android.internal.os.RuntimeInit uid 2000 <<<<<<
08-04 14:52:51.082 18098 18098 D AndroidRuntime: CheckJNI is OFF
08-04 14:52:51.114 18098 18098 D ICU     : No timezone override file found: /data/misc/zoneinfo/current/icu/icu_tzdata.dat
08-04 14:52:51.147 18098 18098 I Radio-JNI: register_android_hardware_Radio DONE
08-04 14:52:51.170 18098 18098 D AndroidRuntime: Calling main entry com.android.commands.input.Input
08-04 14:52:51.173 18098 18098 I Input   : injectMotionEvent: MotionEvent { action=ACTION_DOWN, actionButton=0, id[0]=0, x[0]=693.0, y[0]=821.0, toolType[0]=TOOL_TYPE_UNKNOWN, buttonState=0, metaState=0, flags=0x0, edgeFlags=0x0, pointerCount=1, historySize=0, eventTime=715987586, downTime=715987586, deviceId=0, source=0x1002 }
08-04 14:52:51.181 18098 18098 I Input   : injectMotionEvent: MotionEvent { action=ACTION_UP, actionButton=0, id[0]=0, x[0]=693.0, y[0]=821.0, toolType[0]=TOOL_TYPE_UNKNOWN, buttonState=0, metaState=0, flags=0x0, edgeFlags=0x0, pointerCount=1, historySize=0, eventTime=715987586, downTime=715987586, deviceId=0, source=0x1002 }
08-04 14:52:51.184 18098 18098 D AndroidRuntime: Shutting down VM
08-04 14:52:51.196 16763 16763 D UserPreferences: Using default data folder
08-04 14:52:51.197 16763 16763 D DownloadRequester: partiallyDownloadedFileExists: false
08-04 14:52:51.197 16763 16763 D DownloadRequester: /storage/emulated/0/Android/data/baseline.de.danoeh.antennapod.debug/files/cache/feed-The Joe Rogan Experience is available as a download destination
08-04 14:52:51.198   512  2967 D audio_hw_primary: out_set_parameters: enter: usecase(1: low-latency-playback) kvpairs: routing=2
08-04 14:52:51.199 16763 16763 D DownloadRequester: Requesting download of url http://joeroganexp.joerogan.libsynpro.com/rss
08-04 14:52:51.201 16763 16763 D DownloadService: Service started
08-04 14:52:51.202 16763 16763 D DownloadService: parallel downloads: 4
08-04 14:52:51.203 16763 18127 D downloadCompletionThd: downloadCompletionThread was started
08-04 14:52:51.204 16763 16763 D DownloadService: Notification set up
08-04 14:52:51.211   512  2967 D audio_hw_primary: select_devices: out_snd_device(2: speaker) in_snd_device(0: none)
08-04 14:52:51.212   512  2967 D msm8974_platform: platform_send_audio_calibration: sending audio calibration for snd_device(2) acdb_id(15)
08-04 14:52:51.212   512  2967 I soundtrigger: audio_extn_sound_trigger_update_device_status: device 0x2 of type 0 for Event 1
08-04 14:52:51.216 16763 16763 D DownloadService: Received enqueue request
08-04 14:52:51.217 16763 16763 D OnlineFeedViewActivity: onEventMainThread() called with: event = [DownloadEvent{update=DownloaderUpdate{downloaders=[baseline.de.danoeh.antennapod.core.service.download.HttpDownloader@4e9bf3f], feedIds=[0], mediaIds=[]}}]
08-04 14:52:51.217 16763 16763 D DownloadService: 1 downloads left
08-04 14:52:51.217 16763 16763 D DownloadService: Setting up notification updater
08-04 14:52:51.217   918   928 D WifiService: acquireWifiLockLocked: WifiLock{Downloader type=1 binder=android.os.BinderProxy@704eccd}
08-04 14:52:51.219 16763 18131 D AntennapodHttpClient: Creating new instance of HTTP client
08-04 14:52:51.224   512  2967 D audio_hw_primary: enable_snd_device: snd_device(2: speaker)
08-04 14:52:51.227   512  2967 D audio_hw_primary: enable_audio_route: apply and update mixer path: low-latency-playback speaker
08-04 14:52:51.285 16763 18131 D MYTAG   : interceptor 3a http://joeroganexp.joerogan.libsynpro.com/rss
08-04 14:52:51.286 16763 18131 I NAPPA_EXPERIMENTATION: MetricNetworkRequestExecutionTime: REQUEST_DURATION_SYSTEM='65',REQUEST_DURATION_OKHTTP='32',REQUEST_SYNCHRONOUS='TRUE',RESPONSE_CODE='200',RESPONSE_METHOD='GET',RESPONSE_LENGTH_OKHTTP='-1',RESPONSE_LENGTH_HEADER='307892',REQUEST_PROTOCOL='http/1.1',REQUEST_URL='http://joeroganexp.joerogan.libsynpro.com/rss',
08-04 14:52:51.286 16763 18131 D HttpDownloader: Response code is 200
08-04 14:52:51.286 16763 18131 D UserPreferences: Using default data folder
08-04 14:52:51.288 16763 18131 D HttpDownloader: Getting size of download
08-04 14:52:51.288 16763 18131 D HttpDownloader: Size is -1
08-04 14:52:51.288 16763 18131 D UserPreferences: Using default data folder
08-04 14:52:51.288 16763 18131 D HttpDownloader: Free space is 20242784256
08-04 14:52:51.288 16763 18131 D HttpDownloader: Starting download
08-04 14:52:51.315 16763 16785 I art     : Starting a blocking GC Explicit
08-04 14:52:51.347 16763 16785 I art     : Explicit concurrent mark sweep GC freed 2705(157KB) AllocSpace objects, 1(20KB) LOS objects, 33% free, 31MB/47MB, paused 808us total 31.386ms
08-04 14:52:51.357 16763 16785 I art     : Starting a blocking GC Explicit
08-04 14:52:51.388 16763 16785 I art     : Explicit concurrent mark sweep GC freed 39(1520B) AllocSpace objects, 0(0B) LOS objects, 33% free, 31MB/47MB, paused 778us total 31.044ms
08-04 14:52:51.398 16763 18131 D HttpDownloader: Download was successful
08-04 14:52:51.399 16763 16785 I art     : Starting a blocking GC Explicit
08-04 14:52:51.399   918  4413 D WifiService: releaseWifiLockLocked: WifiLock{Downloader type=1 binder=android.os.BinderProxy@704eccd}
08-04 14:52:51.401 16763 18127 D downloadCompletionThd: Received 'Download Complete' - message.
08-04 14:52:51.401 16763 18127 D DownloadService: Handling completed Feed Download
08-04 14:52:51.401 16763 16763 D DownloadService: Removing downloader: http://joeroganexp.joerogan.libsynpro.com/rss
08-04 14:52:51.401 16763 16763 D DownloadService: Result of downloads.remove: true
08-04 14:52:51.404 16763 18143 D TypeGetter: Recognized type RSS 2.0
08-04 14:52:51.406 16763 18143 D SyndHandler: Recognized Atom namespace
08-04 14:52:51.406 16763 18143 D SyndHandler: Recognized ITunes namespace
08-04 14:52:51.406 16763 18143 D SyndHandler: Recognized media namespace
08-04 14:52:51.406 16763 18143 D SyndHandler: Recognized Content namespace
08-04 14:52:51.433 16763 16785 I art     : Explicit concurrent mark sweep GC freed 1841(240KB) AllocSpace objects, 3(60KB) LOS objects, 33% free, 31MB/47MB, paused 1.033ms total 33.723ms
08-04 14:52:51.444 16763 16785 I art     : Starting a blocking GC Explicit
08-04 14:52:51.477 16763 16785 I art     : Explicit concurrent mark sweep GC freed 2969(156KB) AllocSpace objects, 0(0B) LOS objects, 33% free, 31MB/47MB, paused 941us total 33.188ms
08-04 14:52:51.488 16763 16785 I art     : Starting a blocking GC Explicit
08-04 14:52:51.522 16763 16785 I art     : Explicit concurrent mark sweep GC freed 3350(167KB) AllocSpace objects, 0(0B) LOS objects, 33% free, 31MB/47MB, paused 1.043ms total 33.744ms
08-04 14:52:51.758   512  2967 D audio_hw_primary: disable_audio_route: reset and update mixer path: low-latency-playback speaker
08-04 14:52:51.760   512  2967 D audio_hw_primary: disable_snd_device: snd_device(2: speaker)
08-04 14:52:51.767   512  2967 I soundtrigger: audio_extn_sound_trigger_update_device_status: device 0x2 of type 0 for Event 0
08-04 14:52:51.784 16763 16776 I art     : Starting a blocking GC Explicit
08-04 14:52:51.832 16763 16776 I art     : Explicit concurrent mark sweep GC freed 23059(1232KB) AllocSpace objects, 1(20KB) LOS objects, 32% free, 32MB/48MB, paused 1.088ms total 48.374ms
08-04 14:52:51.845 16763 16776 I art     : Starting a blocking GC Explicit
08-04 14:52:51.881 16763 16776 I art     : Explicit concurrent mark sweep GC freed 9283(448KB) AllocSpace objects, 0(0B) LOS objects, 33% free, 32MB/48MB, paused 1.015ms total 35.395ms
08-04 14:52:51.892 16763 16776 I art     : Starting a blocking GC Explicit
08-04 14:52:51.928 16763 16776 I art     : Explicit concurrent mark sweep GC freed 3834(196KB) AllocSpace objects, 0(0B) LOS objects, 33% free, 32MB/48MB, paused 1.056ms total 35.564ms
08-04 14:52:51.939 16763 16776 I art     : Starting a blocking GC Explicit
08-04 14:52:51.975 16763 16776 I art     : Explicit concurrent mark sweep GC freed 3548(183KB) AllocSpace objects, 0(0B) LOS objects, 33% free, 32MB/48MB, paused 1.026ms total 35.585ms
08-04 14:52:51.986 16763 16776 I art     : Starting a blocking GC Explicit
08-04 14:52:52.023 16763 16776 I art     : Explicit concurrent mark sweep GC freed 3678(185KB) AllocSpace objects, 0(0B) LOS objects, 32% free, 32MB/48MB, paused 1.068ms total 36.795ms
08-04 14:52:52.140   518   646 I ThermalEngine: ACTION: GPU - Setting GPU[0] to 450000000
08-04 14:52:52.315 16763 16785 I art     : Starting a blocking GC Explicit
08-04 14:52:52.377 16763 16785 I art     : Explicit concurrent mark sweep GC freed 21605(1139KB) AllocSpace objects, 1(20KB) LOS objects, 32% free, 33MB/49MB, paused 1.522ms total 61.482ms
08-04 14:52:52.393 16763 16785 I art     : Starting a blocking GC Explicit
08-04 14:52:52.441 16763 16785 I art     : Explicit concurrent mark sweep GC freed 9150(446KB) AllocSpace objects, 0(0B) LOS objects, 32% free, 32MB/48MB, paused 1.429ms total 48.584ms
08-04 14:52:52.457 16763 16785 I art     : Starting a blocking GC Explicit
08-04 14:52:52.507 16763 16785 I art     : Explicit concurrent mark sweep GC freed 3846(199KB) AllocSpace objects, 0(0B) LOS objects, 32% free, 33MB/49MB, paused 1.449ms total 49.876ms
08-04 14:52:52.523 16763 16785 I art     : Starting a blocking GC Explicit
08-04 14:52:52.573 16763 16785 I art     : Explicit concurrent mark sweep GC freed 3771(210KB) AllocSpace objects, 0(0B) LOS objects, 32% free, 33MB/49MB, paused 1.252ms total 50.527ms
08-04 14:52:52.589 16763 16785 I art     : Starting a blocking GC Explicit
08-04 14:52:52.640 16763 16785 I art     : Explicit concurrent mark sweep GC freed 3750(193KB) AllocSpace objects, 0(0B) LOS objects, 32% free, 33MB/49MB, paused 1.445ms total 50.898ms
08-04 14:52:52.718 16763 16763 D OnlineFeedViewActivity: onEventMainThread() called with: event = [DownloadEvent{update=DownloaderUpdate{downloaders=[], feedIds=[], mediaIds=[]}}]
08-04 14:52:52.966 24365  7398 I NetworkScheduler.Stats: Task com.google.android.gms/com.google.android.gms.icing.service.IcingGcmTaskService started execution. cause:4 exec_start_elapsed_seconds: 1699376 [CONTEXT service_id=218 ]
08-04 14:52:52.982 24365  7397 I NetworkScheduler.Stats: Task com.google.android.gms/com.google.android.gms.icing.service.IcingGcmTaskService finished executing. cause:4 result: 1 elapsed_millis: 39 uptime_millis: 39 exec_start_elapsed_seconds: 1699376 [CONTEXT service_id=218 ]
08-04 14:52:52.985 16763 16776 I art     : Starting a blocking GC Explicit
08-04 14:52:53.044 16763 16776 I art     : Explicit concurrent mark sweep GC freed 22603(1224KB) AllocSpace objects, 1(20KB) LOS objects, 32% free, 33MB/49MB, paused 1.502ms total 59.400ms
08-04 14:52:53.061 16763 16776 I art     : Starting a blocking GC Explicit
08-04 14:52:53.112 16763 16776 I art     : Explicit concurrent mark sweep GC freed 10078(493KB) AllocSpace objects, 0(0B) LOS objects, 32% free, 33MB/49MB, paused 1.411ms total 51.241ms
08-04 14:52:53.128 16763 16776 I art     : Starting a blocking GC Explicit
08-04 14:52:53.179 16763 16776 I art     : Explicit concurrent mark sweep GC freed 4086(218KB) AllocSpace objects, 0(0B) LOS objects, 32% free, 33MB/49MB, paused 1.526ms total 51.339ms
08-04 14:52:53.196 16763 16776 I art     : Starting a blocking GC Explicit
08-04 14:52:53.252 16763 16776 I art     : Explicit concurrent mark sweep GC freed 4162(228KB) AllocSpace objects, 0(0B) LOS objects, 32% free, 33MB/49MB, paused 1.377ms total 55.899ms
08-04 14:52:53.269 16763 16776 I art     : Starting a blocking GC Explicit
08-04 14:52:53.324 16763 16776 I art     : Explicit concurrent mark sweep GC freed 4054(223KB) AllocSpace objects, 0(0B) LOS objects, 32% free, 33MB/49MB, paused 1.600ms total 54.814ms
08-04 14:52:53.676 16763 16785 I art     : Starting a blocking GC Explicit
08-04 14:52:53.742 16763 16785 I art     : Explicit concurrent mark sweep GC freed 22964(1225KB) AllocSpace objects, 1(20KB) LOS objects, 31% free, 34MB/50MB, paused 1.747ms total 65.576ms
08-04 14:52:53.759 16763 16785 I art     : Starting a blocking GC Explicit
08-04 14:52:53.815 16763 16785 I art     : Explicit concurrent mark sweep GC freed 7068(360KB) AllocSpace objects, 0(0B) LOS objects, 31% free, 34MB/50MB, paused 1.565ms total 55.425ms
08-04 14:52:53.832 16763 16785 I art     : Starting a blocking GC Explicit
08-04 14:52:53.889 16763 16785 I art     : Explicit concurrent mark sweep GC freed 7751(428KB) AllocSpace objects, 0(0B) LOS objects, 31% free, 34MB/50MB, paused 1.550ms total 57.140ms
08-04 14:52:53.906 16763 16785 I art     : Starting a blocking GC Explicit
08-04 14:52:53.965 16763 16785 I art     : Explicit concurrent mark sweep GC freed 4410(187KB) AllocSpace objects, 0(0B) LOS objects, 31% free, 34MB/50MB, paused 1.607ms total 58.551ms
08-04 14:52:53.982 16763 16785 I art     : Starting a blocking GC Explicit
08-04 14:52:54.043 16763 16785 I art     : Explicit concurrent mark sweep GC freed 4531(192KB) AllocSpace objects, 0(0B) LOS objects, 31% free, 34MB/50MB, paused 1.646ms total 60.923ms
08-04 14:52:54.221 16763 16763 D OnlineFeedViewActivity: onEventMainThread() called with: event = [DownloadEvent{update=DownloaderUpdate{downloaders=[], feedIds=[], mediaIds=[]}}]
08-04 14:52:54.365 16763 16776 I art     : Starting a blocking GC Explicit
08-04 14:52:54.432 16763 16776 I art     : Explicit concurrent mark sweep GC freed 21702(982KB) AllocSpace objects, 1(20KB) LOS objects, 31% free, 35MB/51MB, paused 1.547ms total 67.448ms
08-04 14:52:54.433 16763 16774 I art     : WaitForGcToComplete blocked for 34.387ms for cause HeapTrim
08-04 14:52:54.451 16763 16776 I art     : Starting a blocking GC Explicit
08-04 14:52:54.465 16763 18143 D FeedSyncThread: The Joe Rogan Experience parsed
08-04 14:52:54.472 16763 18143 D FeedSyncThread: Deletion of file '/storage/emulated/0/Android/data/baseline.de.danoeh.antennapod.debug/files/cache/feed-The Joe Rogan Experience' successful
08-04 14:52:54.472 16763 18143 D DBReader: getFeedDownloadLog() called with: feed = [baseline.de.danoeh.antennapod.core.feed.Feed@0]
08-04 14:52:54.473 16763 18128 D FeedSyncThread: Bundling 1 feeds
08-04 14:52:54.475 16763 18214 D DBReader: Extracting Feedlist
08-04 14:52:54.477 16763 18214 D DBTasks : Found no existing Feed with title The Joe Rogan Experience. Adding as new one.
08-04 14:52:54.482 16763 17837 D PodDBAdapter: Setting feed with flattr status The Joe Rogan Experience: 0
08-04 14:52:54.482 16763 17837 D baseline.de.danoeh.antennapod.core.storage.PodDBAdapter@d992bce: Inserting new Feed into db
08-04 14:52:54.510 16763 16776 I art     : Explicit concurrent mark sweep GC freed 11767(561KB) AllocSpace objects, 0(0B) LOS objects, 31% free, 35MB/51MB, paused 1.697ms total 59.296ms
08-04 14:52:54.528 16763 16776 I art     : Starting a blocking GC Explicit
08-04 14:52:54.587 16763 16776 I art     : Explicit concurrent mark sweep GC freed 21445(1506KB) AllocSpace objects, 0(0B) LOS objects, 31% free, 34MB/50MB, paused 1.330ms total 58.896ms
08-04 14:52:54.604 16763 16776 I art     : Starting a blocking GC Explicit
08-04 14:52:54.664 16763 16776 I art     : Explicit concurrent mark sweep GC freed 21716(1626KB) AllocSpace objects, 0(0B) LOS objects, 31% free, 34MB/50MB, paused 1.229ms total 59.544ms
08-04 14:52:54.681 16763 16776 I art     : Starting a blocking GC Explicit
08-04 14:52:54.738 16763 16776 I art     : Explicit concurrent mark sweep GC freed 19792(1481KB) AllocSpace objects, 0(0B) LOS objects, 31% free, 34MB/50MB, paused 1.313ms total 56.766ms
08-04 14:52:55.008 16763 16763 D EventDistributor: Processing event queue. Number of events: 1
08-04 14:52:55.009 16763 16763 D EventDistributor: Notifying observers. Data: 1
08-04 14:52:55.009 16763 16763 D DownloadService: 0 downloads left
08-04 14:52:55.009 16763 17291 D DBReader: Extracting Feedlist
08-04 14:52:55.009 16763 16763 D DownloadService: Number of downloads is 0, attempting shutdown
08-04 14:52:55.012   918  3188 I hubconnection: sensorhub said: 'set_bias 3: -5.2320, 0.0000, 0.0000'
08-04 14:52:55.012 16763 16763 D DownloadService: Service shutting down
08-04 14:52:55.012 16763 16763 D DownloadService: No report is created
08-04 14:52:55.013 16763 16763 D OnlineFeedViewActivity: onEventMainThread() called with: event = [DownloadEvent{update=DownloaderUpdate{downloaders=[], feedIds=[], mediaIds=[]}}]
08-04 14:52:55.015 16763 16763 D DownloadService: NotificationUpdater cancelled. Result: false
08-04 14:52:55.015 16763 18127 E downloadCompletionThd: DownloadCompletionThread was interrupted
08-04 14:52:55.015 16763 16763 D DBTasks : autodownloadUndownloadedItems
08-04 14:52:55.016 16763 17842 D NetworkUtils: Device is connected to Wi-Fi
08-04 14:52:55.016 16763 17842 D NetworkUtils: Auto-dl filter is disabled
08-04 14:52:55.051 16763 16776 I art     : Starting a blocking GC Explicit
08-04 14:52:55.108 16763 16776 I art     : Explicit concurrent mark sweep GC freed 89251(7MB) AllocSpace objects, 2(40KB) LOS objects, 33% free, 31MB/47MB, paused 1.026ms total 56.324ms
08-04 14:52:55.123 16763 16776 I art     : Starting a blocking GC Explicit
08-04 14:52:55.145   518   646 I ThermalEngine: ACTION: GPU - Setting GPU[0] to 510000000
08-04 14:52:55.168 16763 16776 I art     : Explicit concurrent mark sweep GC freed 99(4KB) AllocSpace objects, 0(0B) LOS objects, 33% free, 31MB/47MB, paused 1.063ms total 45.415ms
08-04 14:52:55.184 16763 16776 I art     : Starting a blocking GC Explicit
08-04 14:52:55.224 16763 16776 I art     : Explicit concurrent mark sweep GC freed 3(96B) AllocSpace objects, 0(0B) LOS objects, 33% free, 31MB/47MB, paused 776us total 40.223ms
08-04 14:52:55.237 16763 16776 I art     : Starting a blocking GC Explicit
08-04 14:52:55.274 16763 16776 I art     : Explicit concurrent mark sweep GC freed 3(96B) AllocSpace objects, 0(0B) LOS objects, 33% free, 31MB/47MB, paused 777us total 37.513ms
08-04 14:52:55.287 16763 16776 I art     : Starting a blocking GC Explicit
08-04 14:52:55.325 16763 16776 I art     : Explicit concurrent mark sweep GC freed 3(96B) AllocSpace objects, 0(0B) LOS objects, 33% free, 31MB/47MB, paused 783us total 38.612ms
08-04 14:52:55.609 16763 16785 I art     : Starting a blocking GC Explicit
08-04 14:52:55.655 16763 16785 I art     : Explicit concurrent mark sweep GC freed 1415(83KB) AllocSpace objects, 1(20KB) LOS objects, 33% free, 31MB/47MB, paused 908us total 45.613ms
08-04 14:52:55.668 16763 16785 I art     : Starting a blocking GC Explicit
08-04 14:52:55.705 16763 16785 I art     : Explicit concurrent mark sweep GC freed 23(752B) AllocSpace objects, 0(0B) LOS objects, 33% free, 31MB/47MB, paused 764us total 36.805ms
08-04 14:52:55.717 16763 16785 I art     : Starting a blocking GC Explicit
08-04 14:52:55.753 16763 16785 I art     : Explicit concurrent mark sweep GC freed 3(96B) AllocSpace objects, 0(0B) LOS objects, 33% free, 31MB/47MB, paused 773us total 36.280ms
08-04 14:52:55.765 16763 16785 I art     : Starting a blocking GC Explicit
08-04 14:52:55.802 16763 16785 I art     : Explicit concurrent mark sweep GC freed 3(96B) AllocSpace objects, 0(0B) LOS objects, 33% free, 31MB/47MB, paused 791us total 35.974ms
08-04 14:52:55.814 16763 16785 I art     : Starting a blocking GC Explicit
08-04 14:52:55.850 16763 16785 I art     : Explicit concurrent mark sweep GC freed 3(96B) AllocSpace objects, 0(0B) LOS objects, 33% free, 31MB/47MB, paused 751us total 36.277ms
08-04 14:52:55.874 18226 18226 D AndroidRuntime: >>>>>> START com.android.internal.os.RuntimeInit uid 2000 <<<<<<
08-04 14:52:55.879 18226 18226 D AndroidRuntime: CheckJNI is OFF
08-04 14:52:55.912 18226 18226 D ICU     : No timezone override file found: /data/misc/zoneinfo/current/icu/icu_tzdata.dat
08-04 14:52:55.945 18226 18226 I Radio-JNI: register_android_hardware_Radio DONE
08-04 14:52:55.967 18226 18226 D AndroidRuntime: Calling main entry com.android.commands.input.Input
08-04 14:52:55.968 18226 18226 I Input   : injectKeyEvent: KeyEvent { action=ACTION_DOWN, keyCode=KEYCODE_BACK, scanCode=0, metaState=0, flags=0x0, repeatCount=0, eventTime=715992381, downTime=715992381, deviceId=-1, source=0x101 }
08-04 14:52:55.975 18226 18226 I Input   : injectKeyEvent: KeyEvent { action=ACTION_UP, keyCode=KEYCODE_BACK, scanCode=0, metaState=0, flags=0x0, repeatCount=0, eventTime=715992381, downTime=715992381, deviceId=-1, source=0x101 }
08-04 14:52:55.983 18226 18226 D AndroidRuntime: Shutting down VM
08-04 14:52:55.991 16763 16763 V PlaybackController: initServiceNotRunning()
08-04 14:52:55.991 16763 16763 D ExternalPlayerFragment: Loading media info
08-04 14:52:55.996 16763 16763 D UserPreferences: Using default data folder
08-04 14:52:55.996 16763 17291 D DBReader: getNavDrawerData() called with: 
08-04 14:52:56.005 16763 17291 D DBReader: getDownloadedItems() called
08-04 14:52:56.006 16763 17291 D DBReader: getFavoriteIDList() called
08-04 14:52:56.007 16763 17291 D DBReader: getQueueIDList() called
08-04 14:52:56.007 16763 17291 D DBReader: Extracting Feedlist
08-04 14:52:56.021 16763 16763 D MainActivity: getLastNavFragment() -> AddFeedFragment
08-04 14:52:56.022 13866 13866 I GoogleInputMethodServic: GoogleInputMethodService.onFinishInput():3138 
08-04 14:52:56.022 13866 13866 I GoogleInputMethodServic: GoogleInputMethodService.onStartInput():1808 
08-04 14:52:56.025 16763 17709 D ApOkHttpUrlLoader: buildLoadData() called with: model = [http://static.libsyn.com/p/assets/7/1/f/3/71f3014e14ef2722/JREiTunesImage2.jpg], width = [140], height = [140]
08-04 14:52:56.055 16763 17709 D ApOkHttpUrlLoader: buildLoadData() called with: model = [http://static.libsyn.com/p/assets/7/1/f/3/71f3014e14ef2722/JREiTunesImage2.jpg], width = [140], height = [140]
08-04 14:52:56.103 16763 16776 I art     : Starting a blocking GC Explicit
08-04 14:52:56.142 16763 16776 I art     : Explicit concurrent mark sweep GC freed 2878(186KB) AllocSpace objects, 1(20KB) LOS objects, 33% free, 31MB/47MB, paused 893us total 38.762ms
08-04 14:52:56.157 16763 16776 I art     : Starting a blocking GC Explicit
08-04 14:52:56.204 16763 16776 I art     : Explicit concurrent mark sweep GC freed 513(26KB) AllocSpace objects, 0(0B) LOS objects, 33% free, 31MB/47MB, paused 1.352ms total 46.331ms
08-04 14:52:56.220 16763 16776 I art     : Starting a blocking GC Explicit
08-04 14:52:56.261 16763 16776 I art     : Explicit concurrent mark sweep GC freed 3(96B) AllocSpace objects, 0(0B) LOS objects, 33% free, 31MB/47MB, paused 747us total 41.299ms
08-04 14:52:56.277 16763 16776 I art     : Starting a blocking GC Explicit
08-04 14:52:56.313   380   380 W SurfaceFlinger: couldn't log to binary event log: overflow.
08-04 14:52:56.318 16763 16776 I art     : Explicit concurrent mark sweep GC freed 244(10KB) AllocSpace objects, 0(0B) LOS objects, 33% free, 31MB/47MB, paused 1.678ms total 40.084ms
08-04 14:52:56.333 16763 16776 I art     : Starting a blocking GC Explicit
08-04 14:52:56.365 16763 16776 I art     : Explicit concurrent mark sweep GC freed 427(17KB) AllocSpace objects, 0(0B) LOS objects, 33% free, 31MB/47MB, paused 749us total 32.272ms
08-04 14:52:56.644 16763 16775 I art     : Starting a blocking GC Explicit
08-04 14:52:56.673 16763 16775 I art     : Explicit concurrent mark sweep GC freed 34687(3MB) AllocSpace objects, 3(268KB) LOS objects, 36% free, 28MB/44MB, paused 794us total 28.462ms
08-04 14:52:56.682 16763 16775 I art     : Starting a blocking GC Explicit
08-04 14:52:56.706 16763 16775 I art     : Explicit concurrent mark sweep GC freed 23(752B) AllocSpace objects, 0(0B) LOS objects, 36% free, 28MB/44MB, paused 735us total 24.484ms
08-04 14:52:56.715 16763 16775 I art     : Starting a blocking GC Explicit
08-04 14:52:56.741 16763 16775 I art     : Explicit concurrent mark sweep GC freed 3(96B) AllocSpace objects, 0(0B) LOS objects, 36% free, 28MB/44MB, paused 742us total 25.386ms
08-04 14:52:56.750 16763 16775 I art     : Starting a blocking GC Explicit
08-04 14:52:56.775 16763 16775 I art     : Explicit concurrent mark sweep GC freed 3(96B) AllocSpace objects, 0(0B) LOS objects, 36% free, 28MB/44MB, paused 756us total 25.496ms
08-04 14:52:56.784 16763 16775 I art     : Starting a blocking GC Explicit
08-04 14:52:56.810 16763 16775 I art     : Explicit concurrent mark sweep GC freed 3(96B) AllocSpace objects, 0(0B) LOS objects, 36% free, 28MB/44MB, paused 746us total 25.676ms
08-04 14:52:57.096 16763 18265 I art     : Starting a blocking GC Explicit
08-04 14:52:57.133 16763 18265 I art     : Explicit concurrent mark sweep GC freed 1373(82KB) AllocSpace objects, 1(20KB) LOS objects, 36% free, 28MB/44MB, paused 840us total 36.418ms
08-04 14:52:57.146 16763 18265 I art     : Starting a blocking GC Explicit
08-04 14:52:57.174 16763 18265 I art     : Explicit concurrent mark sweep GC freed 23(752B) AllocSpace objects, 0(0B) LOS objects, 36% free, 28MB/44MB, paused 791us total 27.728ms
08-04 14:52:57.183 16763 18265 I art     : Starting a blocking GC Explicit
08-04 14:52:57.210 16763 18265 I art     : Explicit concurrent mark sweep GC freed 3(96B) AllocSpace objects, 0(0B) LOS objects, 36% free, 28MB/44MB, paused 728us total 26.888ms
08-04 14:52:57.220 16763 18265 I art     : Starting a blocking GC Explicit
08-04 14:52:57.246 16763 18265 I art     : Explicit concurrent mark sweep GC freed 3(96B) AllocSpace objects, 0(0B) LOS objects, 36% free, 28MB/44MB, paused 763us total 25.999ms
08-04 14:52:57.255 16763 18265 I art     : Starting a blocking GC Explicit
08-04 14:52:57.281 16763 18265 I art     : Explicit concurrent mark sweep GC freed 3(96B) AllocSpace objects, 0(0B) LOS objects, 36% free, 28MB/44MB, paused 750us total 25.777ms
08-04 14:52:57.563 16763 16785 I art     : Starting a blocking GC Explicit
08-04 14:52:57.590 16763 16785 I art     : Explicit concurrent mark sweep GC freed 1402(81KB) AllocSpace objects, 1(20KB) LOS objects, 36% free, 28MB/44MB, paused 797us total 27.090ms
08-04 14:52:57.599 16763 16785 I art     : Starting a blocking GC Explicit
08-04 14:52:57.623 18286 18286 D AndroidRuntime: >>>>>> START com.android.internal.os.RuntimeInit uid 2000 <<<<<<
08-04 14:52:57.626 16763 16785 I art     : Explicit concurrent mark sweep GC freed 25(816B) AllocSpace objects, 0(0B) LOS objects, 36% free, 28MB/44MB, paused 943us total 26.285ms
08-04 14:52:57.628 18286 18286 D AndroidRuntime: CheckJNI is OFF
08-04 14:52:57.639 16763 16785 I art     : Starting a blocking GC Explicit
08-04 14:52:57.665 18286 18286 D ICU     : No timezone override file found: /data/misc/zoneinfo/current/icu/icu_tzdata.dat
08-04 14:52:57.665 16763 16785 I art     : Explicit concurrent mark sweep GC freed 7(224B) AllocSpace objects, 0(0B) LOS objects, 36% free, 28MB/44MB, paused 748us total 25.902ms
08-04 14:52:57.673 16763 16785 I art     : Starting a blocking GC Explicit
08-04 14:52:57.698 16763 16785 I art     : Explicit concurrent mark sweep GC freed 7(224B) AllocSpace objects, 0(0B) LOS objects, 36% free, 28MB/44MB, paused 786us total 24.759ms
08-04 14:52:57.699 18286 18286 I Radio-JNI: register_android_hardware_Radio DONE
08-04 14:52:57.707 16763 16785 I art     : Starting a blocking GC Explicit
08-04 14:52:57.720 18286 18286 D AndroidRuntime: Calling main entry com.android.commands.input.Input
08-04 14:52:57.721 18286 18286 I Input   : injectMotionEvent: MotionEvent { action=ACTION_DOWN, actionButton=0, id[0]=0, x[0]=639.0, y[0]=762.0, toolType[0]=TOOL_TYPE_UNKNOWN, buttonState=0, metaState=0, flags=0x0, edgeFlags=0x0, pointerCount=1, historySize=0, eventTime=715994134, downTime=715994134, deviceId=0, source=0x1002 }
08-04 14:52:57.726 18286 18286 I Input   : injectMotionEvent: MotionEvent { action=ACTION_UP, actionButton=0, id[0]=0, x[0]=639.0, y[0]=762.0, toolType[0]=TOOL_TYPE_UNKNOWN, buttonState=0, metaState=0, flags=0x0, edgeFlags=0x0, pointerCount=1, historySize=0, eventTime=715994134, downTime=715994134, deviceId=0, source=0x1002 }
08-04 14:52:57.728 18286 18286 D AndroidRuntime: Shutting down VM
08-04 14:52:57.730 16763 16785 I art     : Explicit concurrent mark sweep GC freed 13(384B) AllocSpace objects, 0(0B) LOS objects, 36% free, 28MB/44MB, paused 895us total 23.160ms
08-04 14:52:57.800   512  2967 D audio_hw_primary: out_set_parameters: enter: usecase(1: low-latency-playback) kvpairs: routing=2
08-04 14:52:57.813   512  2967 D audio_hw_primary: select_devices: out_snd_device(2: speaker) in_snd_device(0: none)
08-04 14:52:57.814   512  2967 D msm8974_platform: platform_send_audio_calibration: sending audio calibration for snd_device(2) acdb_id(15)
08-04 14:52:57.814   512  2967 I soundtrigger: audio_extn_sound_trigger_update_device_status: device 0x2 of type 0 for Event 1
08-04 14:52:57.819 13866 13866 I GoogleInputMethodServic: GoogleInputMethodService.onFinishInput():3138 
08-04 14:52:57.820 13866 13866 I GoogleInputMethodServic: GoogleInputMethodService.onStartInput():1808 
08-04 14:52:57.824   512  2967 D audio_hw_primary: enable_snd_device: snd_device(2: speaker)
08-04 14:52:57.827   512  2967 D audio_hw_primary: enable_audio_route: apply and update mixer path: low-latency-playback speaker
08-04 14:52:57.984 16763 16776 I art     : Starting a blocking GC Explicit
08-04 14:52:58.011 16763 16776 I art     : Explicit concurrent mark sweep GC freed 2568(135KB) AllocSpace objects, 1(20KB) LOS objects, 36% free, 28MB/44MB, paused 1.162ms total 27.294ms
08-04 14:52:58.021 16763 16776 I art     : Starting a blocking GC Explicit
08-04 14:52:58.047 16763 16776 I art     : Explicit concurrent mark sweep GC freed 2230(94KB) AllocSpace objects, 0(0B) LOS objects, 36% free, 28MB/44MB, paused 858us total 26.363ms
08-04 14:52:58.057 16763 16776 I art     : Starting a blocking GC Explicit
08-04 14:52:58.082 16763 16776 I art     : Explicit concurrent mark sweep GC freed 1129(59KB) AllocSpace objects, 0(0B) LOS objects, 36% free, 28MB/44MB, paused 787us total 24.764ms
08-04 14:52:58.091 16763 16776 I art     : Starting a blocking GC Explicit
08-04 14:52:58.115 16763 16776 I art     : Explicit concurrent mark sweep GC freed 106(3KB) AllocSpace objects, 0(0B) LOS objects, 36% free, 28MB/44MB, paused 797us total 24.136ms
08-04 14:52:58.124 16763 16776 I art     : Starting a blocking GC Explicit
08-04 14:52:58.149 16763 16776 I art     : Explicit concurrent mark sweep GC freed 19(736B) AllocSpace objects, 0(0B) LOS objects, 36% free, 28MB/44MB, paused 914us total 24.713ms
08-04 14:52:58.211 16763 16788 I NAPPA_EXPERIMENTATION: MetricNetworkRequestExecutionTime: REQUEST_DURATION_SYSTEM='412',REQUEST_DURATION_OKHTTP='161',REQUEST_SYNCHRONOUS='TRUE',RESPONSE_CODE='200',RESPONSE_METHOD='GET',RESPONSE_LENGTH_OKHTTP='-1',RESPONSE_LENGTH_HEADER='622',REQUEST_PROTOCOL='h2',REQUEST_URL='https://itunes.apple.com/lookup?id=360084272',
08-04 14:52:58.267   918  3359 I ActivityManager: START u0 {cmp=baseline.de.danoeh.antennapod.debug/baseline.de.danoeh.antennapod.activity.OnlineFeedViewActivity (has extras)} from uid 10670 on display 0
08-04 14:52:58.298 13866 13866 I GoogleInputMethodServic: GoogleInputMethodService.onFinishInput():3138 
08-04 14:52:58.298 13866 13866 I GoogleInputMethodServic: GoogleInputMethodService.onStartInput():1808 
08-04 14:52:58.328 16763 16763 D UserPreferences: Using default data folder
08-04 14:52:58.329 16763 16763 D OnlineFeedViewActivity: Activity was started with url http://joeroganexp.joerogan.libsynpro.com/rss
08-04 14:52:58.333 16763 16763 D OnlineFeedViewActivity: Starting feed download
08-04 14:52:58.339 16763 16783 D DBReader: Extracting Feedlist
08-04 14:52:58.341   918  3359 D WifiService: acquireWifiLockLocked: WifiLock{Downloader type=1 binder=android.os.BinderProxy@d445e00}
08-04 14:52:58.342 16763 16783 D AntennapodHttpClient: Creating new instance of HTTP client
08-04 14:52:58.369   512  2967 D audio_hw_primary: disable_audio_route: reset and update mixer path: low-latency-playback speaker
08-04 14:52:58.371   512  2967 D audio_hw_primary: disable_snd_device: snd_device(2: speaker)
08-04 14:52:58.379   512  2967 I soundtrigger: audio_extn_sound_trigger_update_device_status: device 0x2 of type 0 for Event 0
08-04 14:52:58.381 16763 16783 D MYTAG   : interceptor 3a http://joeroganexp.joerogan.libsynpro.com/rss
08-04 14:52:58.381 16763 16783 I NAPPA_EXPERIMENTATION: MetricNetworkRequestExecutionTime: REQUEST_DURATION_SYSTEM='37',REQUEST_DURATION_OKHTTP='32',REQUEST_SYNCHRONOUS='TRUE',RESPONSE_CODE='200',RESPONSE_METHOD='GET',RESPONSE_LENGTH_OKHTTP='-1',RESPONSE_LENGTH_HEADER='307892',REQUEST_PROTOCOL='http/1.1',REQUEST_URL='http://joeroganexp.joerogan.libsynpro.com/rss',
08-04 14:52:58.381 16763 16783 D HttpDownloader: Response code is 200
08-04 14:52:58.382 16763 16783 D UserPreferences: Using default data folder
08-04 14:52:58.384 16763 16783 D HttpDownloader: Getting size of download
08-04 14:52:58.384 16763 16783 D HttpDownloader: Size is -1
08-04 14:52:58.384 16763 16783 D UserPreferences: Using default data folder
08-04 14:52:58.384 16763 16783 D HttpDownloader: Free space is 20241555456
08-04 14:52:58.384 16763 16783 D HttpDownloader: Starting download
08-04 14:52:58.395 13866 13866 I GoogleInputMethodServic: GoogleInputMethodService.onFinishInput():3138 
08-04 14:52:58.395 13866 13866 I GoogleInputMethodServic: GoogleInputMethodService.onStartInput():1808 
08-04 14:52:58.427   918   936 I ActivityManager: Displayed baseline.de.danoeh.antennapod.debug/baseline.de.danoeh.antennapod.activity.OnlineFeedViewActivity: +128ms
08-04 14:52:58.445 16763 16775 I art     : Starting a blocking GC Explicit
08-04 14:52:58.453 16763 16784 D OpenGLRenderer: endAllStagingAnimators on 0x7f7ec9a400 (GridView) with handle 0x7f7d526000
08-04 14:52:58.471 16763 16775 I art     : Explicit concurrent mark sweep GC freed 3584(236KB) AllocSpace objects, 1(20KB) LOS objects, 35% free, 28MB/44MB, paused 741us total 26.529ms
08-04 14:52:58.480 16763 16775 I art     : Starting a blocking GC Explicit
08-04 14:52:58.504 16763 16775 I art     : Explicit concurrent mark sweep GC freed 385(17KB) AllocSpace objects, 0(0B) LOS objects, 35% free, 28MB/44MB, paused 756us total 23.693ms
08-04 14:52:58.512 16763 16775 I art     : Starting a blocking GC Explicit
08-04 14:52:58.532 16763 16783 D HttpDownloader: Download was successful
08-04 14:52:58.533   918  5952 D WifiService: releaseWifiLockLocked: WifiLock{Downloader type=1 binder=android.os.BinderProxy@d445e00}
08-04 14:52:58.534 16763 16763 D OnlineFeedViewActivity: Parsing feed
08-04 14:52:58.536 16763 16775 I art     : Explicit concurrent mark sweep GC freed 15(1376B) AllocSpace objects, 0(0B) LOS objects, 35% free, 28MB/44MB, paused 817us total 23.457ms
08-04 14:52:58.538 16763 18333 D TypeGetter: Recognized type RSS 2.0
08-04 14:52:58.540 16763 18333 D SyndHandler: Recognized Atom namespace
08-04 14:52:58.540 16763 18333 D SyndHandler: Recognized ITunes namespace
08-04 14:52:58.540 16763 18333 D SyndHandler: Recognized media namespace
08-04 14:52:58.540 16763 18333 D SyndHandler: Recognized Content namespace
08-04 14:52:58.545 16763 16775 I art     : Starting a blocking GC Explicit
08-04 14:52:58.572 16763 16775 I art     : Explicit concurrent mark sweep GC freed 1611(227KB) AllocSpace objects, 3(60KB) LOS objects, 35% free, 28MB/44MB, paused 1.037ms total 27.214ms
08-04 14:52:58.581 16763 16775 I art     : Starting a blocking GC Explicit
08-04 14:52:58.610 16763 16775 I art     : Explicit concurrent mark sweep GC freed 2366(124KB) AllocSpace objects, 0(0B) LOS objects, 35% free, 28MB/44MB, paused 995us total 28.613ms
08-04 14:52:58.649   380   380 W SurfaceFlinger: couldn't log to binary event log: overflow.
08-04 14:52:58.788 16763 16763 D PlaybackController: Releasing PlaybackController
08-04 14:52:58.883 16763 18265 I art     : Starting a blocking GC Explicit
08-04 14:52:58.922 16763 18265 I art     : Explicit concurrent mark sweep GC freed 23146(1243KB) AllocSpace objects, 1(20KB) LOS objects, 35% free, 29MB/45MB, paused 1.337ms total 38.629ms
08-04 14:52:58.932 16763 18265 I art     : Starting a blocking GC Explicit
08-04 14:52:58.961 16763 18265 I art     : Explicit concurrent mark sweep GC freed 8698(409KB) AllocSpace objects, 0(0B) LOS objects, 35% free, 29MB/45MB, paused 1.139ms total 28.035ms
08-04 14:52:58.970 16763 18265 I art     : Starting a blocking GC Explicit
08-04 14:52:58.997 16763 18265 I art     : Explicit concurrent mark sweep GC freed 3278(165KB) AllocSpace objects, 0(0B) LOS objects, 35% free, 29MB/45MB, paused 1.049ms total 26.768ms
08-04 14:52:59.006 16763 18265 I art     : Starting a blocking GC Explicit
08-04 14:52:59.032 16763 18265 I art     : Explicit concurrent mark sweep GC freed 2946(154KB) AllocSpace objects, 0(0B) LOS objects, 35% free, 29MB/45MB, paused 1.034ms total 26.529ms
08-04 14:52:59.041 16763 18265 I art     : Starting a blocking GC Explicit
08-04 14:52:59.069 16763 18265 I art     : Explicit concurrent mark sweep GC freed 2853(147KB) AllocSpace objects, 0(0B) LOS objects, 35% free, 29MB/45MB, paused 1.097ms total 27.061ms
08-04 14:52:59.154   518   646 I ThermalEngine: ACTION: GPU - Setting GPU[0] to 450000000
08-04 14:52:59.361 16763 16776 I art     : Starting a blocking GC Explicit
08-04 14:52:59.405 16763 16776 I art     : Explicit concurrent mark sweep GC freed 20688(1090KB) AllocSpace objects, 1(20KB) LOS objects, 34% free, 29MB/45MB, paused 1.499ms total 44.267ms
08-04 14:52:59.419 16763 16776 I art     : Starting a blocking GC Explicit
08-04 14:52:59.460 16763 16776 I art     : Explicit concurrent mark sweep GC freed 3660(189KB) AllocSpace objects, 0(0B) LOS objects, 34% free, 29MB/45MB, paused 1.541ms total 41.173ms
08-04 14:52:59.472 16763 16776 I art     : Starting a blocking GC Explicit
08-04 14:52:59.509 16763 16776 I art     : Explicit concurrent mark sweep GC freed 7990(375KB) AllocSpace objects, 0(0B) LOS objects, 34% free, 29MB/45MB, paused 1.544ms total 36.612ms
08-04 14:52:59.522 16763 16776 I art     : Starting a blocking GC Explicit
08-04 14:52:59.559 16763 16776 I art     : Explicit concurrent mark sweep GC freed 2851(141KB) AllocSpace objects, 0(0B) LOS objects, 34% free, 29MB/45MB, paused 1.579ms total 36.670ms
08-04 14:52:59.559 16763 16774 I art     : WaitForGcToComplete blocked for 36.968ms for cause HeapTrim
08-04 14:52:59.571 16763 16776 I art     : Starting a blocking GC Explicit
08-04 14:52:59.608 16763 16776 I art     : Explicit concurrent mark sweep GC freed 2916(160KB) AllocSpace objects, 0(0B) LOS objects, 34% free, 29MB/45MB, paused 1.463ms total 36.435ms
08-04 14:52:59.921 16763 16785 I art     : Starting a blocking GC Explicit
08-04 14:52:59.968 16763 16785 I art     : Explicit concurrent mark sweep GC freed 20138(1092KB) AllocSpace objects, 1(20KB) LOS objects, 34% free, 30MB/46MB, paused 1.588ms total 46.357ms
08-04 14:52:59.981 16763 16785 I art     : Starting a blocking GC Explicit
08-04 14:53:00.020 16763 16785 I art     : Explicit concurrent mark sweep GC freed 5240(256KB) AllocSpace objects, 0(0B) LOS objects, 34% free, 30MB/46MB, paused 1.398ms total 38.325ms
08-04 14:53:00.032 16763 16785 I art     : Starting a blocking GC Explicit
08-04 14:53:00.070 16763 16785 I art     : Explicit concurrent mark sweep GC freed 6427(313KB) AllocSpace objects, 0(0B) LOS objects, 34% free, 30MB/46MB, paused 1.274ms total 36.956ms
08-04 14:53:00.082 16763 16785 I art     : Starting a blocking GC Explicit
08-04 14:53:00.119 16763 16785 I art     : Explicit concurrent mark sweep GC freed 2981(157KB) AllocSpace objects, 0(0B) LOS objects, 34% free, 30MB/46MB, paused 1.382ms total 36.366ms
08-04 14:53:00.132 16763 16785 I art     : Starting a blocking GC Explicit
08-04 14:53:00.170 16763 16785 I art     : Explicit concurrent mark sweep GC freed 2986(164KB) AllocSpace objects, 0(0B) LOS objects, 34% free, 30MB/46MB, paused 1.476ms total 38.411ms
08-04 14:53:00.506 16763 16785 I art     : Starting a blocking GC Explicit
08-04 14:53:00.556 16763 16785 I art     : Explicit concurrent mark sweep GC freed 21603(1203KB) AllocSpace objects, 1(20KB) LOS objects, 33% free, 31MB/47MB, paused 1.625ms total 50.009ms
08-04 14:53:00.571 16763 16785 I art     : Starting a blocking GC Explicit
08-04 14:53:00.614 16763 16785 I art     : Explicit concurrent mark sweep GC freed 6177(293KB) AllocSpace objects, 0(0B) LOS objects, 34% free, 31MB/47MB, paused 1.673ms total 42.652ms
08-04 14:53:00.627 16763 16785 I art     : Starting a blocking GC Explicit
08-04 14:53:00.668 16763 16785 I art     : Explicit concurrent mark sweep GC freed 6469(317KB) AllocSpace objects, 0(0B) LOS objects, 34% free, 30MB/46MB, paused 1.489ms total 39.998ms
08-04 14:53:00.680 16763 16785 I art     : Starting a blocking GC Explicit
08-04 14:53:00.722 16763 16785 I art     : Explicit concurrent mark sweep GC freed 3264(173KB) AllocSpace objects, 0(0B) LOS objects, 34% free, 30MB/46MB, paused 1.574ms total 41.469ms
08-04 14:53:00.735 16763 16785 I art     : Starting a blocking GC Explicit
08-04 14:53:00.778 16763 16785 I art     : Explicit concurrent mark sweep GC freed 3303(165KB) AllocSpace objects, 0(0B) LOS objects, 34% free, 31MB/47MB, paused 1.555ms total 42.388ms
08-04 14:53:01.116 16763 18265 I art     : Starting a blocking GC Explicit
08-04 14:53:01.170 16763 18265 I art     : Explicit concurrent mark sweep GC freed 22085(1150KB) AllocSpace objects, 1(20KB) LOS objects, 33% free, 31MB/47MB, paused 1.534ms total 52.804ms
08-04 14:53:01.185 16763 18265 I art     : Starting a blocking GC Explicit
08-04 14:53:01.229 16763 18265 I art     : Explicit concurrent mark sweep GC freed 5704(247KB) AllocSpace objects, 0(0B) LOS objects, 33% free, 31MB/47MB, paused 1.632ms total 44.382ms
08-04 14:53:01.243 16763 18265 I art     : Starting a blocking GC Explicit
08-04 14:53:01.286 16763 18265 I art     : Explicit concurrent mark sweep GC freed 7135(314KB) AllocSpace objects, 0(0B) LOS objects, 33% free, 31MB/47MB, paused 1.551ms total 42.418ms
08-04 14:53:01.299 16763 18265 I art     : Starting a blocking GC Explicit
08-04 14:53:01.343 16763 18265 I art     : Explicit concurrent mark sweep GC freed 3512(157KB) AllocSpace objects, 0(0B) LOS objects, 33% free, 31MB/47MB, paused 1.450ms total 43.678ms
08-04 14:53:01.357 16763 18265 I art     : Starting a blocking GC Explicit
08-04 14:53:01.400 16763 18265 I art     : Explicit concurrent mark sweep GC freed 3440(148KB) AllocSpace objects, 0(0B) LOS objects, 33% free, 31MB/47MB, paused 1.568ms total 43.124ms
08-04 14:53:01.579 16763 18333 D OnlineFeedViewActivity: Deleted feed source file. Result: true
08-04 14:53:01.589 16763 16763 D OnlineFeedViewActivity: Removing HTML from shownotes
08-04 14:53:01.733 16763 16775 I art     : Starting a blocking GC Explicit
08-04 14:53:01.791 16763 16775 I art     : Explicit concurrent mark sweep GC freed 70430(5MB) AllocSpace objects, 300(19MB) LOS objects, 32% free, 33MB/49MB, paused 1.411ms total 57.515ms
08-04 14:53:01.805 16763 16775 I art     : Starting a blocking GC Explicit
08-04 14:53:01.857 16763 16775 I art     : Explicit concurrent mark sweep GC freed 44116(3MB) AllocSpace objects, 190(12MB) LOS objects, 32% free, 33MB/49MB, paused 1.378ms total 51.027ms
08-04 14:53:01.872 16763 16775 I art     : Starting a blocking GC Explicit
08-04 14:53:01.925 16763 16775 I art     : Explicit concurrent mark sweep GC freed 41880(3MB) AllocSpace objects, 191(12MB) LOS objects, 32% free, 33MB/49MB, paused 1.549ms total 52.955ms
08-04 14:53:01.940 16763 16775 I art     : Starting a blocking GC Explicit
08-04 14:53:01.990 16763 16775 I art     : Explicit concurrent mark sweep GC freed 41116(3MB) AllocSpace objects, 179(11MB) LOS objects, 32% free, 33MB/49MB, paused 1.362ms total 49.312ms
08-04 14:53:02.004 16763 16775 I art     : Starting a blocking GC Explicit
08-04 14:53:02.054 16763 16775 I art     : Explicit concurrent mark sweep GC freed 40517(3MB) AllocSpace objects, 186(12MB) LOS objects, 32% free, 33MB/49MB, paused 1.462ms total 49.514ms
08-04 14:53:02.166 16763 16763 I Choreographer: Skipped 33 frames!  The application may be doing too much work on its main thread.
08-04 14:53:02.399 16763 16775 I art     : Starting a blocking GC Explicit
08-04 14:53:02.453 16763 16775 I art     : Explicit concurrent mark sweep GC freed 27292(2MB) AllocSpace objects, 175(11MB) LOS objects, 33% free, 31MB/47MB, paused 1.263ms total 52.881ms
08-04 14:53:02.468 16763 16775 I art     : Starting a blocking GC Explicit
08-04 14:53:02.492 18397 18397 D AndroidRuntime: >>>>>> START com.android.internal.os.RuntimeInit uid 2000 <<<<<<
08-04 14:53:02.497 18397 18397 D AndroidRuntime: CheckJNI is OFF
08-04 14:53:02.513 16763 16775 I art     : Explicit concurrent mark sweep GC freed 562(27KB) AllocSpace objects, 1(112KB) LOS objects, 33% free, 31MB/47MB, paused 1.088ms total 44.564ms
08-04 14:53:02.528 16763 16775 I art     : Starting a blocking GC Explicit
08-04 14:53:02.545 18397 18397 D ICU     : No timezone override file found: /data/misc/zoneinfo/current/icu/icu_tzdata.dat
08-04 14:53:02.574 16763 16775 I art     : Explicit concurrent mark sweep GC freed 3(96B) AllocSpace objects, 0(0B) LOS objects, 33% free, 31MB/47MB, paused 1.134ms total 46.005ms
08-04 14:53:02.589 16763 16775 I art     : Starting a blocking GC Explicit
08-04 14:53:02.591 18397 18397 I Radio-JNI: register_android_hardware_Radio DONE
08-04 14:53:02.620 18397 18397 D AndroidRuntime: Calling main entry com.android.commands.input.Input
08-04 14:53:02.622 18397 18397 I Input   : injectKeyEvent: KeyEvent { action=ACTION_DOWN, keyCode=KEYCODE_BACK, scanCode=0, metaState=0, flags=0x0, repeatCount=0, eventTime=715999035, downTime=715999035, deviceId=-1, source=0x101 }
08-04 14:53:02.632 18397 18397 I Input   : injectKeyEvent: KeyEvent { action=ACTION_UP, keyCode=KEYCODE_BACK, scanCode=0, metaState=0, flags=0x0, repeatCount=0, eventTime=715999035, downTime=715999035, deviceId=-1, source=0x101 }
08-04 14:53:02.636 16763 16775 I art     : Explicit concurrent mark sweep GC freed 10(640B) AllocSpace objects, 0(0B) LOS objects, 33% free, 31MB/47MB, paused 1.224ms total 46.840ms
08-04 14:53:02.639 18397 18397 D AndroidRuntime: Shutting down VM
08-04 14:53:02.643 16763 16763 V PlaybackController: initServiceNotRunning()
08-04 14:53:02.644 16763 16763 D ExternalPlayerFragment: Loading media info
08-04 14:53:02.648 16763 16763 D UserPreferences: Using default data folder
08-04 14:53:02.649 16763 16783 D DBReader: getNavDrawerData() called with: 
08-04 14:53:02.651 16763 16775 I art     : Starting a blocking GC Explicit
08-04 14:53:02.664 16763 16783 D DBReader: getDownloadedItems() called
08-04 14:53:02.665 16763 16783 D DBReader: getFavoriteIDList() called
08-04 14:53:02.666 16763 16783 D DBReader: getQueueIDList() called
08-04 14:53:02.667 16763 16783 D DBReader: Extracting Feedlist
08-04 14:53:02.689 16763 16763 D MainActivity: getLastNavFragment() -> AddFeedFragment
08-04 14:53:02.689 13866 13866 I GoogleInputMethodServic: GoogleInputMethodService.onFinishInput():3138 
08-04 14:53:02.690 13866 13866 I GoogleInputMethodServic: GoogleInputMethodService.onStartInput():1808 
08-04 14:53:02.693 16763 16775 I art     : Explicit concurrent mark sweep GC freed 665(50KB) AllocSpace objects, 0(0B) LOS objects, 33% free, 31MB/47MB, paused 1.444ms total 42.278ms
08-04 14:53:03.004   380   380 W SurfaceFlinger: couldn't log to binary event log: overflow.
08-04 14:53:03.005 16763 16785 I art     : Starting a blocking GC Explicit
08-04 14:53:03.052 16763 16785 I art     : Explicit concurrent mark sweep GC freed 2676(139KB) AllocSpace objects, 1(20KB) LOS objects, 33% free, 31MB/47MB, paused 1.294ms total 47.462ms
08-04 14:53:03.067 16763 16785 I art     : Starting a blocking GC Explicit
08-04 14:53:03.112 16763 16785 I art     : Explicit concurrent mark sweep GC freed 200(12KB) AllocSpace objects, 0(0B) LOS objects, 33% free, 31MB/47MB, paused 1.089ms total 44.831ms
08-04 14:53:03.127 16763 16785 I art     : Starting a blocking GC Explicit
08-04 14:53:03.174 16763 16785 I art     : Explicit concurrent mark sweep GC freed 3(96B) AllocSpace objects, 0(0B) LOS objects, 33% free, 31MB/47MB, paused 1.127ms total 46.760ms
08-04 14:53:03.189 16763 16785 I art     : Starting a blocking GC Explicit
08-04 14:53:03.237 16763 16785 I art     : Explicit concurrent mark sweep GC freed 3(96B) AllocSpace objects, 0(0B) LOS objects, 33% free, 31MB/47MB, paused 1.118ms total 47.845ms
08-04 14:53:03.252 16763 16785 I art     : Starting a blocking GC Explicit
08-04 14:53:03.300 16763 16785 I art     : Explicit concurrent mark sweep GC freed 3(96B) AllocSpace objects, 0(0B) LOS objects, 33% free, 31MB/47MB, paused 1.093ms total 47.869ms
08-04 14:53:03.623 16763 16776 I art     : Starting a blocking GC Explicit
08-04 14:53:03.682 16763 16776 I art     : Explicit concurrent mark sweep GC freed 1403(83KB) AllocSpace objects, 1(20KB) LOS objects, 33% free, 31MB/47MB, paused 1.128ms total 58.471ms
08-04 14:53:03.697 16763 16776 I art     : Starting a blocking GC Explicit
08-04 14:53:03.744 16763 16776 I art     : Explicit concurrent mark sweep GC freed 23(752B) AllocSpace objects, 0(0B) LOS objects, 33% free, 31MB/47MB, paused 1.087ms total 46.233ms
08-04 14:53:03.759 16763 16776 I art     : Starting a blocking GC Explicit
08-04 14:53:03.807 16763 16776 I art     : Explicit concurrent mark sweep GC freed 106(5KB) AllocSpace objects, 0(0B) LOS objects, 33% free, 31MB/47MB, paused 1.087ms total 47.727ms
08-04 14:53:03.821 16763 16776 I art     : Starting a blocking GC Explicit
08-04 14:53:03.860 16763 16776 I art     : Explicit concurrent mark sweep GC freed 33148(3MB) AllocSpace objects, 1(28KB) LOS objects, 36% free, 28MB/44MB, paused 1.052ms total 38.618ms
08-04 14:53:03.872 16763 16776 I art     : Starting a blocking GC Explicit
08-04 14:53:03.904 16763 16776 I art     : Explicit concurrent mark sweep GC freed 3(96B) AllocSpace objects, 0(0B) LOS objects, 36% free, 28MB/44MB, paused 1.021ms total 31.321ms
08-04 14:53:04.201 16763 16775 I art     : Starting a blocking GC Explicit
08-04 14:53:04.241 16763 16775 I art     : Explicit concurrent mark sweep GC freed 1373(80KB) AllocSpace objects, 1(20KB) LOS objects, 36% free, 28MB/44MB, paused 1.115ms total 38.821ms
08-04 14:53:04.253 16763 16775 I art     : Starting a blocking GC Explicit
08-04 14:53:04.294 16763 16775 I art     : Explicit concurrent mark sweep GC freed 25(816B) AllocSpace objects, 0(0B) LOS objects, 36% free, 28MB/44MB, paused 1.411ms total 40.235ms
08-04 14:53:04.306 16763 16775 I art     : Starting a blocking GC Explicit
08-04 14:53:04.340 16763 16775 I art     : Explicit concurrent mark sweep GC freed 39(1104B) AllocSpace objects, 0(0B) LOS objects, 36% free, 28MB/44MB, paused 1.072ms total 33.654ms
08-04 14:53:04.352 16763 16775 I art     : Starting a blocking GC Explicit
08-04 14:53:04.386 16763 16775 I art     : Explicit concurrent mark sweep GC freed 8(256B) AllocSpace objects, 0(0B) LOS objects, 36% free, 28MB/44MB, paused 1.115ms total 32.654ms
08-04 14:53:04.397 16763 16775 I art     : Starting a blocking GC Explicit
08-04 14:53:04.410 18440 18440 D AndroidRuntime: >>>>>> START com.android.internal.os.RuntimeInit uid 2000 <<<<<<
08-04 14:53:04.415 18440 18440 D AndroidRuntime: CheckJNI is OFF
08-04 14:53:04.430 16763 16775 I art     : Explicit concurrent mark sweep GC freed 9(288B) AllocSpace objects, 0(0B) LOS objects, 36% free, 28MB/44MB, paused 988us total 32.463ms
08-04 14:53:04.461 18440 18440 D ICU     : No timezone override file found: /data/misc/zoneinfo/current/icu/icu_tzdata.dat
08-04 14:53:04.501 18440 18440 I Radio-JNI: register_android_hardware_Radio DONE
08-04 14:53:04.530 18440 18440 D AndroidRuntime: Calling main entry com.android.commands.input.Input
08-04 14:53:04.533 18440 18440 I Input   : injectMotionEvent: MotionEvent { action=ACTION_DOWN, actionButton=0, id[0]=0, x[0]=616.0, y[0]=469.0, toolType[0]=TOOL_TYPE_UNKNOWN, buttonState=0, metaState=0, flags=0x0, edgeFlags=0x0, pointerCount=1, historySize=0, eventTime=716000945, downTime=716000945, deviceId=0, source=0x1002 }
08-04 14:53:04.539 18440 18440 I Input   : injectMotionEvent: MotionEvent { action=ACTION_UP, actionButton=0, id[0]=0, x[0]=616.0, y[0]=469.0, toolType[0]=TOOL_TYPE_UNKNOWN, buttonState=0, metaState=0, flags=0x0, edgeFlags=0x0, pointerCount=1, historySize=0, eventTime=716000945, downTime=716000945, deviceId=0, source=0x1002 }
08-04 14:53:04.542 18440 18440 D AndroidRuntime: Shutting down VM
08-04 14:53:04.610   512  2967 D audio_hw_primary: out_set_parameters: enter: usecase(1: low-latency-playback) kvpairs: routing=2
08-04 14:53:04.623   512  2967 D audio_hw_primary: select_devices: out_snd_device(2: speaker) in_snd_device(0: none)
08-04 14:53:04.623   512  2967 D msm8974_platform: platform_send_audio_calibration: sending audio calibration for snd_device(2) acdb_id(15)
08-04 14:53:04.623   512  2967 I soundtrigger: audio_extn_sound_trigger_update_device_status: device 0x2 of type 0 for Event 1
08-04 14:53:04.629 13866 13866 I GoogleInputMethodServic: GoogleInputMethodService.onFinishInput():3138 
08-04 14:53:04.630 13866 13866 I GoogleInputMethodServic: GoogleInputMethodService.onStartInput():1808 
08-04 14:53:04.635   512  2967 D audio_hw_primary: enable_snd_device: snd_device(2: speaker)
08-04 14:53:04.637   512  2967 D audio_hw_primary: enable_audio_route: apply and update mixer path: low-latency-playback speaker
08-04 14:53:04.726 16763 16785 I art     : Starting a blocking GC Explicit
08-04 14:53:04.762 16763 16785 I art     : Explicit concurrent mark sweep GC freed 1646(92KB) AllocSpace objects, 1(20KB) LOS objects, 36% free, 28MB/44MB, paused 1.425ms total 35.973ms
08-04 14:53:04.774 16763 16785 I art     : Starting a blocking GC Explicit
08-04 14:53:04.807 16763 16785 I art     : Explicit concurrent mark sweep GC freed 64(2224B) AllocSpace objects, 0(0B) LOS objects, 36% free, 28MB/44MB, paused 1.153ms total 33.275ms
08-04 14:53:04.808 16763 17291 I NAPPA_EXPERIMENTATION: MetricNetworkRequestExecutionTime: REQUEST_DURATION_SYSTEM='199',REQUEST_DURATION_OKHTTP='198',REQUEST_SYNCHRONOUS='TRUE',RESPONSE_CODE='200',RESPONSE_METHOD='GET',RESPONSE_LENGTH_OKHTTP='-1',RESPONSE_LENGTH_HEADER='628',REQUEST_PROTOCOL='h2',REQUEST_URL='https://itunes.apple.com/lookup?id=1524080195',
08-04 14:53:04.818 16763 16785 I art     : Starting a blocking GC Explicit
08-04 14:53:04.825   918  4413 I ActivityManager: START u0 {cmp=baseline.de.danoeh.antennapod.debug/baseline.de.danoeh.antennapod.activity.OnlineFeedViewActivity (has extras)} from uid 10670 on display 0
08-04 14:53:04.849 13866 13866 I GoogleInputMethodServic: GoogleInputMethodService.onFinishInput():3138 
08-04 14:53:04.849 13866 13866 I GoogleInputMethodServic: GoogleInputMethodService.onStartInput():1808 
08-04 14:53:04.851 16763 16785 I art     : Explicit concurrent mark sweep GC freed 752(52KB) AllocSpace objects, 0(0B) LOS objects, 36% free, 28MB/44MB, paused 1.182ms total 32.049ms
08-04 14:53:04.864 16763 16785 I art     : Starting a blocking GC Explicit
08-04 14:53:04.873 16763 16763 D UserPreferences: Using default data folder
08-04 14:53:04.873 16763 16763 D OnlineFeedViewActivity: Activity was started with url https://rss.art19.com/nice-white-parents
08-04 14:53:04.876 16763 16763 D OnlineFeedViewActivity: Starting feed download
08-04 14:53:04.879 16763 16788 D DBReader: Extracting Feedlist
08-04 14:53:04.882   918  4400 D WifiService: acquireWifiLockLocked: WifiLock{Downloader type=1 binder=android.os.BinderProxy@6991ae1}
08-04 14:53:04.883 16763 16788 D AntennapodHttpClient: Creating new instance of HTTP client
08-04 14:53:04.897 16763 16785 I art     : Explicit concurrent mark sweep GC freed 918(70KB) AllocSpace objects, 0(0B) LOS objects, 35% free, 28MB/44MB, paused 1.168ms total 32.241ms
08-04 14:53:04.908 16763 16785 I art     : Starting a blocking GC Explicit
08-04 14:53:04.932 13866 13866 I GoogleInputMethodServic: GoogleInputMethodService.onFinishInput():3138 
08-04 14:53:04.933 13866 13866 I GoogleInputMethodServic: GoogleInputMethodService.onStartInput():1808 
08-04 14:53:04.938 16763 16785 I art     : Explicit concurrent mark sweep GC freed 432(20KB) AllocSpace objects, 0(0B) LOS objects, 35% free, 28MB/44MB, paused 1.466ms total 30.484ms
08-04 14:53:04.959   918   936 I ActivityManager: Displayed baseline.de.danoeh.antennapod.debug/baseline.de.danoeh.antennapod.activity.OnlineFeedViewActivity: +108ms
08-04 14:53:05.165 16763 16788 D MYTAG   : interceptor 3a https://rss.art19.com/nice-white-parents
08-04 14:53:05.166 16763 16788 I NAPPA_EXPERIMENTATION: MetricNetworkRequestExecutionTime: REQUEST_DURATION_SYSTEM='282',REQUEST_DURATION_OKHTTP='142',REQUEST_SYNCHRONOUS='TRUE',RESPONSE_CODE='200',RESPONSE_METHOD='GET',RESPONSE_LENGTH_OKHTTP='-1',RESPONSE_LENGTH_HEADER='1803',REQUEST_PROTOCOL='h2',REQUEST_URL='https://rss.art19.com/nice-white-parents',
08-04 14:53:05.166 16763 16788 D HttpDownloader: Response code is 200
08-04 14:53:05.166 16763 16788 D UserPreferences: Using default data folder
08-04 14:53:05.168 16763 16788 D HttpDownloader: Getting size of download
08-04 14:53:05.168 16763 16788 D HttpDownloader: Size is -1
08-04 14:53:05.168 16763 16788 D UserPreferences: Using default data folder
08-04 14:53:05.168 16763 16788 D HttpDownloader: Free space is 20241555456
08-04 14:53:05.168 16763 16788 D HttpDownloader: Starting download
08-04 14:53:05.171 16763 16788 D HttpDownloader: Download was successful
08-04 14:53:05.172   918  4400 D WifiService: releaseWifiLockLocked: WifiLock{Downloader type=1 binder=android.os.BinderProxy@6991ae1}
08-04 14:53:05.173 16763 16763 D OnlineFeedViewActivity: Parsing feed
08-04 14:53:05.179   512  2967 D audio_hw_primary: disable_audio_route: reset and update mixer path: low-latency-playback speaker
08-04 14:53:05.179 16763 18486 D TypeGetter: Recognized type RSS 2.0
08-04 14:53:05.181   512  2967 D audio_hw_primary: disable_snd_device: snd_device(2: speaker)
08-04 14:53:05.182 16763 18486 D SyndHandler: Recognized ITunes namespace
08-04 14:53:05.182 16763 18486 D SyndHandler: Recognized Atom namespace
08-04 14:53:05.182 16763 18486 D SyndHandler: Recognized Content namespace
08-04 14:53:05.191   512  2967 I soundtrigger: audio_extn_sound_trigger_update_device_status: device 0x2 of type 0 for Event 0
08-04 14:53:05.194 16763 18486 D OnlineFeedViewActivity: Deleted feed source file. Result: true
08-04 14:53:05.195 16763 16763 D OnlineFeedViewActivity: Removing HTML from shownotes
08-04 14:53:05.207   380   380 W SurfaceFlinger: couldn't log to binary event log: overflow.
08-04 14:53:05.251 16763 16775 I art     : Starting a blocking GC Explicit
08-04 14:53:05.285 16763 16775 I art     : Explicit concurrent mark sweep GC freed 8014(581KB) AllocSpace objects, 8(348KB) LOS objects, 35% free, 28MB/44MB, paused 1.082ms total 33.930ms
08-04 14:53:05.298 16763 16775 I art     : Starting a blocking GC Explicit
08-04 14:53:05.331 16763 16775 I art     : Explicit concurrent mark sweep GC freed 1618(148KB) AllocSpace objects, 0(0B) LOS objects, 35% free, 28MB/44MB, paused 1.117ms total 33.052ms
08-04 14:53:05.343 16763 16775 I art     : Starting a blocking GC Explicit
08-04 14:53:05.345 16763 16763 D PlaybackController: Releasing PlaybackController
08-04 14:53:05.377 16763 16775 I art     : Explicit concurrent mark sweep GC freed 250(13KB) AllocSpace objects, 1(112KB) LOS objects, 35% free, 28MB/44MB, paused 1.066ms total 33.689ms
08-04 14:53:05.388 16763 16775 I art     : Starting a blocking GC Explicit
08-04 14:53:05.421 16763 16775 I art     : Explicit concurrent mark sweep GC freed 20(672B) AllocSpace objects, 0(0B) LOS objects, 35% free, 28MB/44MB, paused 1.130ms total 32.897ms
08-04 14:53:05.433 16763 16775 I art     : Starting a blocking GC Explicit
08-04 14:53:05.467 16763 16775 I art     : Explicit concurrent mark sweep GC freed 3(96B) AllocSpace objects, 0(0B) LOS objects, 35% free, 28MB/44MB, paused 1.244ms total 34.490ms
08-04 14:53:05.790 16763 16785 I art     : Starting a blocking GC Explicit
08-04 14:53:05.834 16763 16785 I art     : Explicit concurrent mark sweep GC freed 1375(82KB) AllocSpace objects, 1(20KB) LOS objects, 35% free, 28MB/44MB, paused 1.208ms total 43.910ms
08-04 14:53:05.848 16763 16785 I art     : Starting a blocking GC Explicit
08-04 14:53:05.884 16763 16785 I art     : Explicit concurrent mark sweep GC freed 23(752B) AllocSpace objects, 0(0B) LOS objects, 35% free, 28MB/44MB, paused 1.139ms total 36.211ms
08-04 14:53:05.897 16763 16785 I art     : Starting a blocking GC Explicit
08-04 14:53:05.933 16763 16785 I art     : Explicit concurrent mark sweep GC freed 3(96B) AllocSpace objects, 0(0B) LOS objects, 35% free, 28MB/44MB, paused 1.145ms total 35.641ms
08-04 14:53:05.945 16763 16785 I art     : Starting a blocking GC Explicit
08-04 14:53:05.982 16763 16785 I art     : Explicit concurrent mark sweep GC freed 3(96B) AllocSpace objects, 0(0B) LOS objects, 35% free, 28MB/44MB, paused 1.149ms total 36.791ms
08-04 14:53:05.994 16763 16785 I art     : Starting a blocking GC Explicit
08-04 14:53:06.030 16763 16785 I art     : Explicit concurrent mark sweep GC freed 3(96B) AllocSpace objects, 0(0B) LOS objects, 35% free, 28MB/44MB, paused 1.156ms total 35.704ms
08-04 14:53:06.348 16763 16776 I art     : Starting a blocking GC Explicit
08-04 14:53:06.395 16763 16776 I art     : Explicit concurrent mark sweep GC freed 1401(81KB) AllocSpace objects, 1(20KB) LOS objects, 35% free, 28MB/44MB, paused 1.207ms total 46.322ms
08-04 14:53:06.408 16763 16776 I art     : Starting a blocking GC Explicit
08-04 14:53:06.448 16763 16776 I art     : Explicit concurrent mark sweep GC freed 23(752B) AllocSpace objects, 0(0B) LOS objects, 35% free, 28MB/44MB, paused 1.200ms total 39.305ms
08-04 14:53:06.461 16763 16776 I art     : Starting a blocking GC Explicit
08-04 14:53:06.499 16763 16776 I art     : Explicit concurrent mark sweep GC freed 3(96B) AllocSpace objects, 0(0B) LOS objects, 35% free, 28MB/44MB, paused 1.184ms total 38.183ms
08-04 14:53:06.512 16763 16776 I art     : Starting a blocking GC Explicit
08-04 14:53:06.550 16763 16776 I art     : Explicit concurrent mark sweep GC freed 3(96B) AllocSpace objects, 0(0B) LOS objects, 35% free, 28MB/44MB, paused 1.155ms total 38.216ms
08-04 14:53:06.563 16763 16776 I art     : Starting a blocking GC Explicit
08-04 14:53:06.602 16763 16776 I art     : Explicit concurrent mark sweep GC freed 3(96B) AllocSpace objects, 0(0B) LOS objects, 35% free, 28MB/44MB, paused 1.137ms total 39.195ms
08-04 14:53:06.953 16763 18265 I art     : Starting a blocking GC Explicit
08-04 14:53:06.993 16763 18265 I art     : Explicit concurrent mark sweep GC freed 1393(81KB) AllocSpace objects, 1(20KB) LOS objects, 35% free, 28MB/44MB, paused 1.147ms total 38.939ms
08-04 14:53:07.006 16763 18265 I art     : Starting a blocking GC Explicit
08-04 14:53:07.041 16763 18265 I art     : Explicit concurrent mark sweep GC freed 29(944B) AllocSpace objects, 0(0B) LOS objects, 35% free, 28MB/44MB, paused 1.141ms total 34.885ms
08-04 14:53:07.055 16763 18265 I art     : Starting a blocking GC Explicit
08-04 14:53:07.092 16763 18265 I art     : Explicit concurrent mark sweep GC freed 6(192B) AllocSpace objects, 0(0B) LOS objects, 35% free, 28MB/44MB, paused 1.128ms total 37.015ms
08-04 14:53:07.104 16763 18265 I art     : Starting a blocking GC Explicit
08-04 14:53:07.141 16763 18265 I art     : Explicit concurrent mark sweep GC freed 3(96B) AllocSpace objects, 0(0B) LOS objects, 35% free, 28MB/44MB, paused 1.186ms total 37.299ms
08-04 14:53:07.154 16763 18265 I art     : Starting a blocking GC Explicit
08-04 14:53:07.194 16763 18265 I art     : Explicit concurrent mark sweep GC freed 3(96B) AllocSpace objects, 0(0B) LOS objects, 35% free, 28MB/44MB, paused 1.207ms total 39.954ms
08-04 14:53:07.535 16763 16785 I art     : Starting a blocking GC Explicit
08-04 14:53:07.584 16763 16785 I art     : Explicit concurrent mark sweep GC freed 1401(81KB) AllocSpace objects, 1(20KB) LOS objects, 35% free, 28MB/44MB, paused 1.185ms total 48.062ms
08-04 14:53:07.600 16763 16785 I art     : Starting a blocking GC Explicit
08-04 14:53:07.640 16763 16785 I art     : Explicit concurrent mark sweep GC freed 23(752B) AllocSpace objects, 0(0B) LOS objects, 35% free, 28MB/44MB, paused 1.174ms total 39.821ms
08-04 14:53:07.652 16763 16785 I art     : Starting a blocking GC Explicit
08-04 14:53:07.692 16763 16785 I art     : Explicit concurrent mark sweep GC freed 3(96B) AllocSpace objects, 0(0B) LOS objects, 35% free, 28MB/44MB, paused 1.200ms total 39.636ms
08-04 14:53:07.705 16763 16785 I art     : Starting a blocking GC Explicit
08-04 14:53:07.744 16763 16785 I art     : Explicit concurrent mark sweep GC freed 3(96B) AllocSpace objects, 0(0B) LOS objects, 35% free, 28MB/44MB, paused 1.168ms total 39.552ms
08-04 14:53:07.757 16763 16785 I art     : Starting a blocking GC Explicit
08-04 14:53:07.797 16763 16785 I art     : Explicit concurrent mark sweep GC freed 3(96B) AllocSpace objects, 0(0B) LOS objects, 35% free, 28MB/44MB, paused 1.299ms total 40.031ms
08-04 14:53:08.130 16763 16776 I art     : Starting a blocking GC Explicit
08-04 14:53:08.172   518   646 I ThermalEngine: ACTION: GPU - Setting GPU[0] to 510000000
08-04 14:53:08.178 16763 16776 I art     : Explicit concurrent mark sweep GC freed 1372(80KB) AllocSpace objects, 1(20KB) LOS objects, 35% free, 28MB/44MB, paused 1.351ms total 47.510ms
08-04 14:53:08.193 16763 16776 I art     : Starting a blocking GC Explicit
08-04 14:53:08.228 16763 16776 I art     : Explicit concurrent mark sweep GC freed 23(752B) AllocSpace objects, 0(0B) LOS objects, 35% free, 28MB/44MB, paused 1.135ms total 34.414ms
08-04 14:53:08.238 16763 16776 I art     : Starting a blocking GC Explicit
08-04 14:53:08.268 16763 16776 I art     : Explicit concurrent mark sweep GC freed 3(96B) AllocSpace objects, 0(0B) LOS objects, 35% free, 28MB/44MB, paused 987us total 29.637ms
08-04 14:53:08.277 16763 16776 I art     : Starting a blocking GC Explicit
08-04 14:53:08.306 16763 16776 I art     : Explicit concurrent mark sweep GC freed 3(96B) AllocSpace objects, 0(0B) LOS objects, 35% free, 28MB/44MB, paused 821us total 28.434ms
08-04 14:53:08.315 16763 16776 I art     : Starting a blocking GC Explicit
08-04 14:53:08.345 16763 16776 I art     : Explicit concurrent mark sweep GC freed 35(960B) AllocSpace objects, 0(0B) LOS objects, 35% free, 28MB/44MB, paused 889us total 29.002ms
08-04 14:53:08.670 16763 16775 I art     : Starting a blocking GC Explicit
08-04 14:53:08.706 16763 16775 I art     : Explicit concurrent mark sweep GC freed 1375(82KB) AllocSpace objects, 1(20KB) LOS objects, 35% free, 28MB/44MB, paused 899us total 35.413ms
08-04 14:53:08.716 16763 16775 I art     : Starting a blocking GC Explicit
08-04 14:53:08.745 16763 16775 I art     : Explicit concurrent mark sweep GC freed 23(752B) AllocSpace objects, 0(0B) LOS objects, 35% free, 28MB/44MB, paused 879us total 29.392ms
08-04 14:53:08.755 16763 16775 I art     : Starting a blocking GC Explicit
08-04 14:53:08.785 16763 16775 I art     : Explicit concurrent mark sweep GC freed 3(96B) AllocSpace objects, 0(0B) LOS objects, 35% free, 28MB/44MB, paused 879us total 29.662ms
08-04 14:53:08.794 16763 16775 I art     : Starting a blocking GC Explicit
08-04 14:53:08.823 16763 16775 I art     : Explicit concurrent mark sweep GC freed 3(96B) AllocSpace objects, 0(0B) LOS objects, 35% free, 28MB/44MB, paused 883us total 28.590ms
08-04 14:53:08.833 16763 16775 I art     : Starting a blocking GC Explicit
08-04 14:53:08.862 16763 16775 I art     : Explicit concurrent mark sweep GC freed 3(96B) AllocSpace objects, 0(0B) LOS objects, 35% free, 28MB/44MB, paused 878us total 29.008ms
08-04 14:53:09.205 16763 18265 I art     : Starting a blocking GC Explicit
08-04 14:53:09.248 16763 18265 I art     : Explicit concurrent mark sweep GC freed 1372(80KB) AllocSpace objects, 1(20KB) LOS objects, 35% free, 28MB/44MB, paused 1.135ms total 43.250ms
08-04 14:53:09.261 16763 18265 I art     : Starting a blocking GC Explicit
08-04 14:53:09.290 16763 18265 I art     : Explicit concurrent mark sweep GC freed 23(752B) AllocSpace objects, 0(0B) LOS objects, 35% free, 28MB/44MB, paused 853us total 28.039ms
08-04 14:53:09.299 16763 18265 I art     : Starting a blocking GC Explicit
08-04 14:53:09.329 16763 18265 I art     : Explicit concurrent mark sweep GC freed 32(880B) AllocSpace objects, 0(0B) LOS objects, 35% free, 28MB/44MB, paused 903us total 29.108ms
08-04 14:53:09.338 16763 18265 I art     : Starting a blocking GC Explicit
08-04 14:53:09.368 16763 18265 I art     : Explicit concurrent mark sweep GC freed 3(96B) AllocSpace objects, 0(0B) LOS objects, 35% free, 28MB/44MB, paused 947us total 29.393ms
08-04 14:53:09.378 16763 18265 I art     : Starting a blocking GC Explicit
08-04 14:53:09.407 16763 18265 I art     : Explicit concurrent mark sweep GC freed 3(96B) AllocSpace objects, 0(0B) LOS objects, 35% free, 28MB/44MB, paused 937us total 29.242ms
08-04 14:53:09.733 16763 16785 I art     : Starting a blocking GC Explicit
08-04 14:53:09.772 16763 16785 I art     : Explicit concurrent mark sweep GC freed 1372(80KB) AllocSpace objects, 1(20KB) LOS objects, 35% free, 28MB/44MB, paused 948us total 38.914ms
08-04 14:53:09.773 16763 16774 I art     : WaitForGcToComplete blocked for 10.269ms for cause HeapTrim
08-04 14:53:09.786 16763 16785 I art     : Starting a blocking GC Explicit
08-04 14:53:09.815 16763 16785 I art     : Explicit concurrent mark sweep GC freed 23(752B) AllocSpace objects, 0(0B) LOS objects, 35% free, 28MB/44MB, paused 857us total 28.814ms
08-04 14:53:09.825 16763 16785 I art     : Starting a blocking GC Explicit
08-04 14:53:09.854 16763 16785 I art     : Explicit concurrent mark sweep GC freed 3(96B) AllocSpace objects, 0(0B) LOS objects, 35% free, 28MB/44MB, paused 838us total 28.832ms
08-04 14:53:09.864 16763 16785 I art     : Starting a blocking GC Explicit
08-04 14:53:09.893 16763 16785 I art     : Explicit concurrent mark sweep GC freed 3(96B) AllocSpace objects, 0(0B) LOS objects, 35% free, 28MB/44MB, paused 812us total 29.398ms
08-04 14:53:09.903 16763 16785 I art     : Starting a blocking GC Explicit
08-04 14:53:09.932 16763 16785 I art     : Explicit concurrent mark sweep GC freed 3(96B) AllocSpace objects, 0(0B) LOS objects, 35% free, 28MB/44MB, paused 834us total 28.568ms
08-04 14:53:10.261 16763 16776 I art     : Starting a blocking GC Explicit
08-04 14:53:10.298 16763 16776 I art     : Explicit concurrent mark sweep GC freed 1372(80KB) AllocSpace objects, 1(20KB) LOS objects, 35% free, 28MB/44MB, paused 956us total 35.913ms
08-04 14:53:10.310 16763 16776 I art     : Starting a blocking GC Explicit
08-04 14:53:10.339 16763 16776 I art     : Explicit concurrent mark sweep GC freed 52(1536B) AllocSpace objects, 0(0B) LOS objects, 35% free, 28MB/44MB, paused 871us total 29.442ms
08-04 14:53:10.349 16763 16776 I art     : Starting a blocking GC Explicit
08-04 14:53:10.378 16763 16776 I art     : Explicit concurrent mark sweep GC freed 3(96B) AllocSpace objects, 0(0B) LOS objects, 35% free, 28MB/44MB, paused 906us total 28.719ms
08-04 14:53:10.388 16763 16776 I art     : Starting a blocking GC Explicit
08-04 14:53:10.416 16763 16776 I art     : Explicit concurrent mark sweep GC freed 3(96B) AllocSpace objects, 0(0B) LOS objects, 35% free, 28MB/44MB, paused 838us total 28.341ms
08-04 14:53:10.426 16763 16776 I art     : Starting a blocking GC Explicit
08-04 14:53:10.456 16763 16776 I art     : Explicit concurrent mark sweep GC freed 3(96B) AllocSpace objects, 0(0B) LOS objects, 35% free, 28MB/44MB, paused 869us total 29.665ms
08-04 14:53:10.780 16763 16775 I art     : Starting a blocking GC Explicit
08-04 14:53:10.817 16763 16775 I art     : Explicit concurrent mark sweep GC freed 1372(80KB) AllocSpace objects, 1(20KB) LOS objects, 35% free, 28MB/44MB, paused 948us total 36.767ms
08-04 14:53:10.829 16763 16775 I art     : Starting a blocking GC Explicit
08-04 14:53:10.858 16763 16775 I art     : Explicit concurrent mark sweep GC freed 23(752B) AllocSpace objects, 0(0B) LOS objects, 35% free, 28MB/44MB, paused 865us total 29.520ms
08-04 14:53:10.867   918 13198 D NetlinkSocketObserver: NeighborEvent{elapsedMs=1699394742, 192.168.2.254, [7C3953A63323], RTM_NEWNEIGH, NUD_STALE}
08-04 14:53:10.868 16763 16775 I art     : Starting a blocking GC Explicit
08-04 14:53:10.898 16763 16775 I art     : Explicit concurrent mark sweep GC freed 3(96B) AllocSpace objects, 0(0B) LOS objects, 35% free, 28MB/44MB, paused 927us total 29.759ms
08-04 14:53:10.908 16763 16775 I art     : Starting a blocking GC Explicit
08-04 14:53:10.937 16763 16775 I art     : Explicit concurrent mark sweep GC freed 3(96B) AllocSpace objects, 0(0B) LOS objects, 35% free, 28MB/44MB, paused 959us total 28.926ms
08-04 14:53:10.947 16763 16775 I art     : Starting a blocking GC Explicit
08-04 14:53:10.976 16763 16775 I art     : Explicit concurrent mark sweep GC freed 3(96B) AllocSpace objects, 0(0B) LOS objects, 35% free, 28MB/44MB, paused 854us total 29.212ms
08-04 14:53:11.227 16655 16655 I Atfwd_Sendcmd: AtCmdFwd service not ready - Exhausted retry attempts - :6
08-04 14:53:11.227 16655 16655 I Atfwd_Daemon: result : -1 	 ,Init step :2 	 ,qmiErrorCode: 0
08-04 14:53:11.294 16763 18265 I art     : Starting a blocking GC Explicit
08-04 14:53:11.337 16763 18265 I art     : Explicit concurrent mark sweep GC freed 1401(81KB) AllocSpace objects, 1(20KB) LOS objects, 35% free, 28MB/44MB, paused 1.024ms total 41.954ms
08-04 14:53:11.352 16763 18265 I art     : Starting a blocking GC Explicit
08-04 14:53:11.385 16763 18265 I art     : Explicit concurrent mark sweep GC freed 23(752B) AllocSpace objects, 0(0B) LOS objects, 35% free, 28MB/44MB, paused 895us total 32.991ms
08-04 14:53:11.395 16763 18265 I art     : Starting a blocking GC Explicit
08-04 14:53:11.425 16763 18265 I art     : Explicit concurrent mark sweep GC freed 3(96B) AllocSpace objects, 0(0B) LOS objects, 35% free, 28MB/44MB, paused 868us total 29.444ms
08-04 14:53:11.434 16763 18265 I art     : Starting a blocking GC Explicit
08-04 14:53:11.464 16763 18265 I art     : Explicit concurrent mark sweep GC freed 3(96B) AllocSpace objects, 0(0B) LOS objects, 35% free, 28MB/44MB, paused 867us total 29.712ms
08-04 14:53:11.474 16763 18265 I art     : Starting a blocking GC Explicit
08-04 14:53:11.503 16763 18265 I art     : Explicit concurrent mark sweep GC freed 3(96B) AllocSpace objects, 0(0B) LOS objects, 35% free, 28MB/44MB, paused 844us total 28.527ms
08-04 14:53:11.807 16763 16785 I art     : Starting a blocking GC Explicit
08-04 14:53:11.848 16763 16785 I art     : Explicit concurrent mark sweep GC freed 1372(80KB) AllocSpace objects, 1(20KB) LOS objects, 35% free, 28MB/44MB, paused 1.048ms total 40.761ms
08-04 14:53:11.862 16763 16785 I art     : Starting a blocking GC Explicit
08-04 14:53:11.891 16763 16785 I art     : Explicit concurrent mark sweep GC freed 23(752B) AllocSpace objects, 0(0B) LOS objects, 35% free, 28MB/44MB, paused 894us total 28.832ms
08-04 14:53:11.901 16763 16785 I art     : Starting a blocking GC Explicit
08-04 14:53:11.930 16763 16785 I art     : Explicit concurrent mark sweep GC freed 3(96B) AllocSpace objects, 0(0B) LOS objects, 35% free, 28MB/44MB, paused 876us total 29.028ms
08-04 14:53:11.940 16763 16785 I art     : Starting a blocking GC Explicit
08-04 14:53:11.969 16763 16785 I art     : Explicit concurrent mark sweep GC freed 3(96B) AllocSpace objects, 0(0B) LOS objects, 35% free, 28MB/44MB, paused 811us total 29.129ms
08-04 14:53:11.979 16763 16785 I art     : Starting a blocking GC Explicit
08-04 14:53:12.008 16763 16785 I art     : Explicit concurrent mark sweep GC freed 3(96B) AllocSpace objects, 0(0B) LOS objects, 35% free, 28MB/44MB, paused 931us total 28.453ms
08-04 14:53:12.327 16763 16776 I art     : Starting a blocking GC Explicit
08-04 14:53:12.365 16763 16776 I art     : Explicit concurrent mark sweep GC freed 1401(81KB) AllocSpace objects, 1(20KB) LOS objects, 35% free, 28MB/44MB, paused 896us total 37.508ms
08-04 14:53:12.379 16763 16776 I art     : Starting a blocking GC Explicit
08-04 14:53:12.408 16763 16776 I art     : Explicit concurrent mark sweep GC freed 23(752B) AllocSpace objects, 0(0B) LOS objects, 35% free, 28MB/44MB, paused 935us total 29.266ms
08-04 14:53:12.418 16763 16776 I art     : Starting a blocking GC Explicit
08-04 14:53:12.446 16763 16776 I art     : Explicit concurrent mark sweep GC freed 3(96B) AllocSpace objects, 0(0B) LOS objects, 35% free, 28MB/44MB, paused 880us total 28.373ms
08-04 14:53:12.456 16763 16776 I art     : Starting a blocking GC Explicit
08-04 14:53:12.485 16763 16776 I art     : Explicit concurrent mark sweep GC freed 3(96B) AllocSpace objects, 0(0B) LOS objects, 35% free, 28MB/44MB, paused 978us total 28.936ms
08-04 14:53:12.495 16763 16776 I art     : Starting a blocking GC Explicit
08-04 14:53:12.524 16763 16776 I art     : Explicit concurrent mark sweep GC freed 3(96B) AllocSpace objects, 0(0B) LOS objects, 35% free, 28MB/44MB, paused 867us total 28.563ms
08-04 14:53:12.799   918  3188 I hubconnection: sensorhub said: 'set_bias 3: -6.2400, 0.0000, 0.0000'
08-04 14:53:12.839 16763 16775 I art     : Starting a blocking GC Explicit
08-04 14:53:12.868 16763 16775 I art     : Explicit concurrent mark sweep GC freed 1372(80KB) AllocSpace objects, 1(20KB) LOS objects, 35% free, 28MB/44MB, paused 932us total 29.192ms
08-04 14:53:12.878 16763 16775 I art     : Starting a blocking GC Explicit
08-04 14:53:12.905 16763 16775 I art     : Explicit concurrent mark sweep GC freed 23(752B) AllocSpace objects, 0(0B) LOS objects, 35% free, 28MB/44MB, paused 849us total 26.884ms
08-04 14:53:12.914 16763 16775 I art     : Starting a blocking GC Explicit
08-04 14:53:12.942 16763 16775 I art     : Explicit concurrent mark sweep GC freed 3(96B) AllocSpace objects, 0(0B) LOS objects, 35% free, 28MB/44MB, paused 864us total 27.576ms
08-04 14:53:12.951 16763 16775 I art     : Starting a blocking GC Explicit
08-04 14:53:12.979 16763 16775 I art     : Explicit concurrent mark sweep GC freed 3(96B) AllocSpace objects, 0(0B) LOS objects, 35% free, 28MB/44MB, paused 878us total 27.252ms
08-04 14:53:12.988 16763 16775 I art     : Starting a blocking GC Explicit
08-04 14:53:13.016 16763 16775 I art     : Explicit concurrent mark sweep GC freed 3(96B) AllocSpace objects, 0(0B) LOS objects, 35% free, 28MB/44MB, paused 890us total 27.840ms
08-04 14:53:13.204 18627 18627 D AndroidRuntime: >>>>>> START com.android.internal.os.RuntimeInit uid 2000 <<<<<<
08-04 14:53:13.211 18627 18627 D AndroidRuntime: CheckJNI is OFF
08-04 14:53:13.244 18627 18627 D ICU     : No timezone override file found: /data/misc/zoneinfo/current/icu/icu_tzdata.dat
08-04 14:53:13.276 18627 18627 I Radio-JNI: register_android_hardware_Radio DONE
08-04 14:53:13.299 18627 18627 D AndroidRuntime: Calling main entry com.android.commands.input.Input
08-04 14:53:13.301 18627 18627 I Input   : injectKeyEvent: KeyEvent { action=ACTION_DOWN, keyCode=KEYCODE_BACK, scanCode=0, metaState=0, flags=0x0, repeatCount=0, eventTime=716009714, downTime=716009714, deviceId=-1, source=0x101 }
08-04 14:53:13.305 18627 18627 I Input   : injectKeyEvent: KeyEvent { action=ACTION_UP, keyCode=KEYCODE_BACK, scanCode=0, metaState=0, flags=0x0, repeatCount=0, eventTime=716009714, downTime=716009714, deviceId=-1, source=0x101 }
08-04 14:53:13.311 18627 18627 D AndroidRuntime: Shutting down VM
08-04 14:53:13.315 16763 16763 V PlaybackController: initServiceNotRunning()
08-04 14:53:13.315 16763 16763 D ExternalPlayerFragment: Loading media info
08-04 14:53:13.318 16763 16763 D UserPreferences: Using default data folder
08-04 14:53:13.320 16763 16788 D DBReader: getNavDrawerData() called with: 
08-04 14:53:13.330 16763 16788 D DBReader: getDownloadedItems() called
08-04 14:53:13.331 16763 16788 D DBReader: getFavoriteIDList() called
08-04 14:53:13.332 16763 16788 D DBReader: getQueueIDList() called
08-04 14:53:13.332 16763 16788 D DBReader: Extracting Feedlist
08-04 14:53:13.335 16763 16776 I art     : Starting a blocking GC Explicit
08-04 14:53:13.347 13866 13866 I GoogleInputMethodServic: GoogleInputMethodService.onFinishInput():3138 
08-04 14:53:13.348 13866 13866 I GoogleInputMethodServic: GoogleInputMethodService.onStartInput():1808 
08-04 14:53:13.361 16763 16763 D MainActivity: getLastNavFragment() -> AddFeedFragment
08-04 14:53:13.362 16763 16776 I art     : Explicit concurrent mark sweep GC freed 2058(131KB) AllocSpace objects, 1(20KB) LOS objects, 35% free, 28MB/44MB, paused 1.123ms total 26.484ms
08-04 14:53:13.371 16763 16776 I art     : Starting a blocking GC Explicit
08-04 14:53:13.397 16763 16776 I art     : Explicit concurrent mark sweep GC freed 765(36KB) AllocSpace objects, 0(0B) LOS objects, 35% free, 28MB/44MB, paused 927us total 26.126ms
08-04 14:53:13.406 16763 16776 I art     : Starting a blocking GC Explicit
08-04 14:53:13.431 16763 16776 I art     : Explicit concurrent mark sweep GC freed 143(9KB) AllocSpace objects, 0(0B) LOS objects, 35% free, 28MB/44MB, paused 843us total 24.912ms
08-04 14:53:13.440 16763 16776 I art     : Starting a blocking GC Explicit
08-04 14:53:13.466 16763 16776 I art     : Explicit concurrent mark sweep GC freed 3(96B) AllocSpace objects, 0(0B) LOS objects, 35% free, 28MB/44MB, paused 888us total 25.527ms
08-04 14:53:13.475 16763 16776 I art     : Starting a blocking GC Explicit
08-04 14:53:13.506 16763 16776 I art     : Explicit concurrent mark sweep GC freed 3(96B) AllocSpace objects, 0(0B) LOS objects, 35% free, 28MB/44MB, paused 953us total 30.496ms
08-04 14:53:13.633   380   380 W SurfaceFlinger: couldn't log to binary event log: overflow.
08-04 14:53:13.774 16763 18265 I art     : Starting a blocking GC Explicit
08-04 14:53:13.805 16763 18265 I art     : Explicit concurrent mark sweep GC freed 1969(105KB) AllocSpace objects, 1(20KB) LOS objects, 35% free, 28MB/44MB, paused 1.027ms total 30.025ms
08-04 14:53:13.814 16763 18265 I art     : Starting a blocking GC Explicit
08-04 14:53:13.843 16763 18265 I art     : Explicit concurrent mark sweep GC freed 2457(152KB) AllocSpace objects, 1(28KB) LOS objects, 35% free, 28MB/44MB, paused 867us total 28.199ms
08-04 14:53:13.852 16763 18265 I art     : Starting a blocking GC Explicit
08-04 14:53:13.880 16763 18265 I art     : Explicit concurrent mark sweep GC freed 3(96B) AllocSpace objects, 0(0B) LOS objects, 35% free, 28MB/44MB, paused 930us total 27.370ms
08-04 14:53:13.889 16763 18265 I art     : Starting a blocking GC Explicit
08-04 14:53:13.917 16763 18265 I art     : Explicit concurrent mark sweep GC freed 3(96B) AllocSpace objects, 0(0B) LOS objects, 35% free, 28MB/44MB, paused 965us total 27.878ms
08-04 14:53:13.927 16763 18265 I art     : Starting a blocking GC Explicit
08-04 14:53:13.955 16763 18265 I art     : Explicit concurrent mark sweep GC freed 3(96B) AllocSpace objects, 0(0B) LOS objects, 35% free, 28MB/44MB, paused 895us total 27.961ms
08-04 14:53:14.256 16763 16785 I art     : Starting a blocking GC Explicit
08-04 14:53:14.293 16763 16785 I art     : Explicit concurrent mark sweep GC freed 1374(82KB) AllocSpace objects, 1(20KB) LOS objects, 35% free, 28MB/44MB, paused 934us total 36.746ms
08-04 14:53:14.307 16763 16785 I art     : Starting a blocking GC Explicit
08-04 14:53:14.335 16763 16785 I art     : Explicit concurrent mark sweep GC freed 52(1536B) AllocSpace objects, 0(0B) LOS objects, 35% free, 28MB/44MB, paused 876us total 28.155ms
08-04 14:53:14.345 16763 16785 I art     : Starting a blocking GC Explicit
08-04 14:53:14.373 16763 16785 I art     : Explicit concurrent mark sweep GC freed 3(96B) AllocSpace objects, 0(0B) LOS objects, 35% free, 28MB/44MB, paused 884us total 28.309ms
08-04 14:53:14.383 16763 16785 I art     : Starting a blocking GC Explicit
08-04 14:53:14.412 16763 16785 I art     : Explicit concurrent mark sweep GC freed 3(96B) AllocSpace objects, 0(0B) LOS objects, 35% free, 28MB/44MB, paused 863us total 28.535ms
08-04 14:53:14.422 16763 16785 I art     : Starting a blocking GC Explicit
08-04 14:53:14.450 16763 16785 I art     : Explicit concurrent mark sweep GC freed 3(96B) AllocSpace objects, 0(0B) LOS objects, 35% free, 28MB/44MB, paused 852us total 28.552ms
08-04 14:53:14.720 16763 16776 I art     : Starting a blocking GC Explicit
08-04 14:53:14.748 16763 16776 I art     : Explicit concurrent mark sweep GC freed 1373(80KB) AllocSpace objects, 1(20KB) LOS objects, 35% free, 28MB/44MB, paused 965us total 27.853ms
08-04 14:53:14.757 16763 16776 I art     : Starting a blocking GC Explicit
08-04 14:53:14.784 16763 16776 I art     : Explicit concurrent mark sweep GC freed 23(752B) AllocSpace objects, 0(0B) LOS objects, 35% free, 28MB/44MB, paused 888us total 26.644ms
08-04 14:53:14.794 16763 16776 I art     : Starting a blocking GC Explicit
08-04 14:53:14.820 16763 16776 I art     : Explicit concurrent mark sweep GC freed 3(96B) AllocSpace objects, 0(0B) LOS objects, 35% free, 28MB/44MB, paused 857us total 26.150ms
08-04 14:53:14.829 16763 16776 I art     : Starting a blocking GC Explicit
08-04 14:53:14.856 16763 16776 I art     : Explicit concurrent mark sweep GC freed 3(96B) AllocSpace objects, 0(0B) LOS objects, 35% free, 28MB/44MB, paused 843us total 27.102ms
08-04 14:53:14.866 16763 16776 I art     : Starting a blocking GC Explicit
08-04 14:53:14.893 16763 16776 I art     : Explicit concurrent mark sweep GC freed 3(96B) AllocSpace objects, 0(0B) LOS objects, 35% free, 28MB/44MB, paused 873us total 26.866ms
08-04 14:53:14.980 18672 18672 D AndroidRuntime: >>>>>> START com.android.internal.os.RuntimeInit uid 2000 <<<<<<
08-04 14:53:14.985 18672 18672 D AndroidRuntime: CheckJNI is OFF
08-04 14:53:15.022 18672 18672 D ICU     : No timezone override file found: /data/misc/zoneinfo/current/icu/icu_tzdata.dat
08-04 14:53:15.056 18672 18672 I Radio-JNI: register_android_hardware_Radio DONE
08-04 14:53:15.079 18672 18672 D AndroidRuntime: Calling main entry com.android.commands.input.Input
08-04 14:53:15.080 18672 18672 I Input   : injectKeyEvent: KeyEvent { action=ACTION_DOWN, keyCode=KEYCODE_BACK, scanCode=0, metaState=0, flags=0x0, repeatCount=0, eventTime=716011493, downTime=716011493, deviceId=-1, source=0x101 }
08-04 14:53:15.084 18672 18672 I Input   : injectKeyEvent: KeyEvent { action=ACTION_UP, keyCode=KEYCODE_BACK, scanCode=0, metaState=0, flags=0x0, repeatCount=0, eventTime=716011493, downTime=716011493, deviceId=-1, source=0x101 }
08-04 14:53:15.096 13866 13866 I GoogleInputMethodServic: GoogleInputMethodService.onFinishInput():3138 
08-04 14:53:15.097 13866 13866 I GoogleInputMethodServic: GoogleInputMethodService.onStartInput():1808 
08-04 14:53:15.100 18672 18672 D AndroidRuntime: Shutting down VM
08-04 14:53:15.175 16763 16785 I art     : Starting a blocking GC Explicit
08-04 14:53:15.205 16763 16785 I art     : Explicit concurrent mark sweep GC freed 2570(129KB) AllocSpace objects, 1(20KB) LOS objects, 35% free, 28MB/44MB, paused 959us total 29.881ms
08-04 14:53:15.215 16763 16785 I art     : Starting a blocking GC Explicit
08-04 14:53:15.244 16763 16785 I art     : Explicit concurrent mark sweep GC freed 2678(178KB) AllocSpace objects, 9(1540KB) LOS objects, 37% free, 26MB/42MB, paused 846us total 28.746ms
08-04 14:53:15.253 16763 16785 I art     : Starting a blocking GC Explicit
08-04 14:53:15.280 16763 16785 I art     : Explicit concurrent mark sweep GC freed 3(96B) AllocSpace objects, 0(0B) LOS objects, 37% free, 26MB/42MB, paused 863us total 26.948ms
08-04 14:53:15.290 16763 16785 I art     : Starting a blocking GC Explicit
08-04 14:53:15.317 16763 16785 I art     : Explicit concurrent mark sweep GC freed 3(96B) AllocSpace objects, 0(0B) LOS objects, 37% free, 26MB/42MB, paused 1.070ms total 27.290ms
08-04 14:53:15.327 16763 16785 I art     : Starting a blocking GC Explicit
08-04 14:53:15.355 16763 16785 I art     : Explicit concurrent mark sweep GC freed 32(880B) AllocSpace objects, 0(0B) LOS objects, 37% free, 26MB/42MB, paused 871us total 27.675ms
08-04 14:53:15.626 16763 16776 I art     : Starting a blocking GC Explicit
08-04 14:53:15.661 16763 16776 I art     : Explicit concurrent mark sweep GC freed 1373(81KB) AllocSpace objects, 1(20KB) LOS objects, 37% free, 26MB/42MB, paused 938us total 34.328ms
08-04 14:53:15.674 16763 16776 I art     : Starting a blocking GC Explicit
08-04 14:53:15.707 16763 16776 I art     : Explicit concurrent mark sweep GC freed 23(752B) AllocSpace objects, 0(0B) LOS objects, 37% free, 26MB/42MB, paused 916us total 32.104ms
08-04 14:53:15.716 16763 16776 I art     : Starting a blocking GC Explicit
08-04 14:53:15.745 16763 16776 I art     : Explicit concurrent mark sweep GC freed 3(96B) AllocSpace objects, 0(0B) LOS objects, 37% free, 26MB/42MB, paused 851us total 28.004ms
08-04 14:53:15.754 16763 16776 I art     : Starting a blocking GC Explicit
08-04 14:53:15.781 16763 16776 I art     : Explicit concurrent mark sweep GC freed 3(96B) AllocSpace objects, 0(0B) LOS objects, 37% free, 26MB/42MB, paused 863us total 27.178ms
08-04 14:53:15.791 16763 16776 I art     : Starting a blocking GC Explicit
08-04 14:53:15.818 16763 16776 I art     : Explicit concurrent mark sweep GC freed 3(96B) AllocSpace objects, 0(0B) LOS objects, 37% free, 26MB/42MB, paused 876us total 27.277ms
08-04 14:53:16.117 16763 18265 I art     : Starting a blocking GC Explicit
08-04 14:53:16.157 16763 18265 I art     : Explicit concurrent mark sweep GC freed 1373(81KB) AllocSpace objects, 1(20KB) LOS objects, 37% free, 26MB/42MB, paused 1.055ms total 38.778ms
08-04 14:53:16.169 16763 18265 I art     : Starting a blocking GC Explicit
08-04 14:53:16.196 16763 18265 I art     : Explicit concurrent mark sweep GC freed 23(752B) AllocSpace objects, 0(0B) LOS objects, 37% free, 26MB/42MB, paused 864us total 26.906ms
08-04 14:53:16.206 16763 18265 I art     : Starting a blocking GC Explicit
08-04 14:53:16.228 16655 16655 I ServiceManager: Waiting for service AtCmdFwd...
08-04 14:53:16.233 16763 18265 I art     : Explicit concurrent mark sweep GC freed 3(96B) AllocSpace objects, 0(0B) LOS objects, 37% free, 26MB/42MB, paused 859us total 27.289ms
08-04 14:53:16.242 16763 18265 I art     : Starting a blocking GC Explicit
08-04 14:53:16.270 16763 18265 I art     : Explicit concurrent mark sweep GC freed 3(96B) AllocSpace objects, 0(0B) LOS objects, 37% free, 26MB/42MB, paused 864us total 27.406ms
08-04 14:53:16.280 16763 18265 I art     : Starting a blocking GC Explicit
08-04 14:53:16.308 16763 18265 I art     : Explicit concurrent mark sweep GC freed 3(96B) AllocSpace objects, 0(0B) LOS objects, 37% free, 26MB/42MB, paused 960us total 27.704ms
08-04 14:53:16.585 16763 16775 I art     : Starting a blocking GC Explicit
08-04 14:53:16.615 16763 16775 I art     : Explicit concurrent mark sweep GC freed 1401(83KB) AllocSpace objects, 1(20KB) LOS objects, 37% free, 26MB/42MB, paused 884us total 30.103ms
08-04 14:53:16.625 16763 16775 I art     : Starting a blocking GC Explicit
08-04 14:53:16.651 16763 16775 I art     : Explicit concurrent mark sweep GC freed 23(752B) AllocSpace objects, 0(0B) LOS objects, 37% free, 26MB/42MB, paused 865us total 25.955ms
08-04 14:53:16.660 16763 16775 I art     : Starting a blocking GC Explicit
08-04 14:53:16.686 16763 16775 I art     : Explicit concurrent mark sweep GC freed 3(96B) AllocSpace objects, 0(0B) LOS objects, 37% free, 26MB/42MB, paused 893us total 25.629ms
08-04 14:53:16.695 16763 16775 I art     : Starting a blocking GC Explicit
08-04 14:53:16.722 16763 16775 I art     : Explicit concurrent mark sweep GC freed 3(96B) AllocSpace objects, 0(0B) LOS objects, 37% free, 26MB/42MB, paused 1.079ms total 26.820ms
08-04 14:53:16.731 16763 16775 I art     : Starting a blocking GC Explicit
08-04 14:53:16.754 18727 18727 D AndroidRuntime: >>>>>> START com.android.internal.os.RuntimeInit uid 2000 <<<<<<
08-04 14:53:16.759 18727 18727 D AndroidRuntime: CheckJNI is OFF
08-04 14:53:16.759 16763 16775 I art     : Explicit concurrent mark sweep GC freed 8(256B) AllocSpace objects, 0(0B) LOS objects, 37% free, 26MB/42MB, paused 1.043ms total 28.072ms
08-04 14:53:16.790 18727 18727 D ICU     : No timezone override file found: /data/misc/zoneinfo/current/icu/icu_tzdata.dat
08-04 14:53:16.821 18727 18727 I Radio-JNI: register_android_hardware_Radio DONE
08-04 14:53:16.841 18727 18727 D AndroidRuntime: Calling main entry com.android.commands.input.Input
08-04 14:53:16.843 18727 18727 I Input   : injectMotionEvent: MotionEvent { action=ACTION_DOWN, actionButton=0, id[0]=0, x[0]=567.0, y[0]=714.0, toolType[0]=TOOL_TYPE_UNKNOWN, buttonState=0, metaState=0, flags=0x0, edgeFlags=0x0, pointerCount=1, historySize=0, eventTime=716013256, downTime=716013256, deviceId=0, source=0x1002 }
08-04 14:53:16.848 18727 18727 I Input   : injectMotionEvent: MotionEvent { action=ACTION_UP, actionButton=0, id[0]=0, x[0]=567.0, y[0]=714.0, toolType[0]=TOOL_TYPE_UNKNOWN, buttonState=0, metaState=0, flags=0x0, edgeFlags=0x0, pointerCount=1, historySize=0, eventTime=716013256, downTime=716013256, deviceId=0, source=0x1002 }
08-04 14:53:16.850 18727 18727 D AndroidRuntime: Shutting down VM
08-04 14:53:16.859   512  2967 D audio_hw_primary: out_set_parameters: enter: usecase(1: low-latency-playback) kvpairs: routing=2
08-04 14:53:16.872   512  2967 D audio_hw_primary: select_devices: out_snd_device(2: speaker) in_snd_device(0: none)
08-04 14:53:16.873   512  2967 D msm8974_platform: platform_send_audio_calibration: sending audio calibration for snd_device(2) acdb_id(15)
08-04 14:53:16.873   512  2967 I soundtrigger: audio_extn_sound_trigger_update_device_status: device 0x2 of type 0 for Event 1
08-04 14:53:16.882   512  2967 D audio_hw_primary: enable_snd_device: snd_device(2: speaker)
08-04 14:53:16.884   512  2967 D audio_hw_primary: enable_audio_route: apply and update mixer path: low-latency-playback speaker
08-04 14:53:17.015 16763 16776 I art     : Starting a blocking GC Explicit
08-04 14:53:17.044 16763 16776 I art     : Explicit concurrent mark sweep GC freed 3580(168KB) AllocSpace objects, 1(20KB) LOS objects, 36% free, 27MB/43MB, paused 926us total 28.380ms
08-04 14:53:17.053 16763 16776 I art     : Starting a blocking GC Explicit
08-04 14:53:17.080 16763 16776 I art     : Explicit concurrent mark sweep GC freed 1635(82KB) AllocSpace objects, 1(220KB) LOS objects, 37% free, 27MB/43MB, paused 994us total 26.452ms
08-04 14:53:17.089 16763 16776 I art     : Starting a blocking GC Explicit
08-04 14:53:17.093 16763 16783 I NAPPA_EXPERIMENTATION: MetricNetworkRequestExecutionTime: REQUEST_DURATION_SYSTEM='215',REQUEST_DURATION_OKHTTP='215',REQUEST_SYNCHRONOUS='TRUE',RESPONSE_CODE='400',RESPONSE_METHOD='GET',RESPONSE_LENGTH_OKHTTP='0',RESPONSE_LENGTH_HEADER='0',REQUEST_PROTOCOL='h2',REQUEST_URL='https://itunes.apple.com/en/rss/toppodcasts/limit=25/explicit=true/json',
08-04 14:53:17.114 16763 16776 I art     : Explicit concurrent mark sweep GC freed 327(23KB) AllocSpace objects, 0(0B) LOS objects, 37% free, 27MB/43MB, paused 910us total 24.883ms
08-04 14:53:17.123 16763 16776 I art     : Starting a blocking GC Explicit
08-04 14:53:17.148 16763 16776 I art     : Explicit concurrent mark sweep GC freed 103(4KB) AllocSpace objects, 0(0B) LOS objects, 37% free, 27MB/43MB, paused 910us total 25.026ms
08-04 14:53:17.157 16763 16776 I art     : Starting a blocking GC Explicit
08-04 14:53:17.182 16763 16776 I art     : Explicit concurrent mark sweep GC freed 13(480B) AllocSpace objects, 0(0B) LOS objects, 37% free, 27MB/43MB, paused 888us total 25.131ms
08-04 14:53:17.228 16655 16655 I ServiceManager: Waiting for service AtCmdFwd...
08-04 14:53:17.231 16763 16783 I NAPPA_EXPERIMENTATION: MetricNetworkRequestExecutionTime: REQUEST_DURATION_SYSTEM='137',REQUEST_DURATION_OKHTTP='135',REQUEST_SYNCHRONOUS='TRUE',RESPONSE_CODE='200',RESPONSE_METHOD='GET',RESPONSE_LENGTH_OKHTTP='-1',RESPONSE_LENGTH_HEADER='10075',REQUEST_PROTOCOL='h2',REQUEST_URL='https://itunes.apple.com/us/rss/toppodcasts/limit=25/explicit=true/json',
08-04 14:53:17.291 16763 17509 D ApOkHttpUrlLoader: buildLoadData() called with: model = [https://is4-ssl.mzstatic.com/image/thumb/Podcasts114/v4/3f/16/74/3f167426-bf50-ce3a-d709-e4301620fc5b/mza_5832671293059882550.jpeg/170x170bb.png], width = [224], height = [224]
08-04 14:53:17.292 16763 17519 D DBReader: getImageAuthentication() called with: imageUrl = [https://is4-ssl.mzstatic.com/image/thumb/Podcasts114/v4/3f/16/74/3f167426-bf50-ce3a-d709-e4301620fc5b/mza_5832671293059882550.jpeg/170x170bb.png]
08-04 14:53:17.297 16763 17515 D ApOkHttpUrlLoader: buildLoadData() called with: model = [https://is4-ssl.mzstatic.com/image/thumb/Podcasts113/v4/e5/8a/10/e58a108f-f5d0-f622-c94a-13f66edd570c/mza_3025981348644196724.jpg/170x170bb.png], width = [224], height = [224]
08-04 14:53:17.297 16763 17519 D ApOkHttpUrlLoader: no credentials for 'https://is4-ssl.mzstatic.com/image/thumb/Podcasts114/v4/3f/16/74/3f167426-bf50-ce3a-d709-e4301620fc5b/mza_5832671293059882550.jpeg/170x170bb.png'
08-04 14:53:17.298 16763 17520 D DBReader: getImageAuthentication() called with: imageUrl = [https://is4-ssl.mzstatic.com/image/thumb/Podcasts113/v4/e5/8a/10/e58a108f-f5d0-f622-c94a-13f66edd570c/mza_3025981348644196724.jpg/170x170bb.png]
08-04 14:53:17.301 16763 17513 D ApOkHttpUrlLoader: buildLoadData() called with: model = [https://is2-ssl.mzstatic.com/image/thumb/Podcasts113/v4/a9/39/cc/a939ccc5-6d60-0c11-0a4c-16d71cdef89b/mza_8787577209688278658.jpg/170x170bb.png], width = [224], height = [224]
08-04 14:53:17.301 16763 17520 D ApOkHttpUrlLoader: no credentials for 'https://is4-ssl.mzstatic.com/image/thumb/Podcasts113/v4/e5/8a/10/e58a108f-f5d0-f622-c94a-13f66edd570c/mza_3025981348644196724.jpg/170x170bb.png'
08-04 14:53:17.302 16763 17510 D DBReader: getImageAuthentication() called with: imageUrl = [https://is2-ssl.mzstatic.com/image/thumb/Podcasts113/v4/a9/39/cc/a939ccc5-6d60-0c11-0a4c-16d71cdef89b/mza_8787577209688278658.jpg/170x170bb.png]
08-04 14:53:17.305 16763 17511 D ApOkHttpUrlLoader: buildLoadData() called with: model = [https://is5-ssl.mzstatic.com/image/thumb/Podcasts114/v4/93/cf/99/93cf9960-fff3-205e-6655-72c03ddeccb2/mza_10545582232493904175.jpeg/170x170bb.png], width = [224], height = [224]
08-04 14:53:17.305 16763 17510 D ApOkHttpUrlLoader: no credentials for 'https://is2-ssl.mzstatic.com/image/thumb/Podcasts113/v4/a9/39/cc/a939ccc5-6d60-0c11-0a4c-16d71cdef89b/mza_8787577209688278658.jpg/170x170bb.png'
08-04 14:53:17.308 16763 17516 D DBReader: getImageAuthentication() called with: imageUrl = [https://is5-ssl.mzstatic.com/image/thumb/Podcasts114/v4/93/cf/99/93cf9960-fff3-205e-6655-72c03ddeccb2/mza_10545582232493904175.jpeg/170x170bb.png]
08-04 14:53:17.309 16763 17509 D ApOkHttpUrlLoader: buildLoadData() called with: model = [https://is4-ssl.mzstatic.com/image/thumb/Podcasts124/v4/49/a4/91/49a491b7-3daf-c5dc-d7c6-6c4f1486955c/mza_5930014091766152297.png/170x170bb.png], width = [224], height = [224]
08-04 14:53:17.310 16763 17523 D DBReader: getImageAuthentication() called with: imageUrl = [https://is4-ssl.mzstatic.com/image/thumb/Podcasts124/v4/49/a4/91/49a491b7-3daf-c5dc-d7c6-6c4f1486955c/mza_5930014091766152297.png/170x170bb.png]
08-04 14:53:17.310 16763 17516 D ApOkHttpUrlLoader: no credentials for 'https://is5-ssl.mzstatic.com/image/thumb/Podcasts114/v4/93/cf/99/93cf9960-fff3-205e-6655-72c03ddeccb2/mza_10545582232493904175.jpeg/170x170bb.png'
08-04 14:53:17.313 16763 17523 D ApOkHttpUrlLoader: no credentials for 'https://is4-ssl.mzstatic.com/image/thumb/Podcasts124/v4/49/a4/91/49a491b7-3daf-c5dc-d7c6-6c4f1486955c/mza_5930014091766152297.png/170x170bb.png'
08-04 14:53:17.325 16763 17515 D ApOkHttpUrlLoader: buildLoadData() called with: model = [https://is5-ssl.mzstatic.com/image/thumb/Podcasts113/v4/fd/54/6e/fd546ea0-7ab2-e3f0-6049-884d82917af9/mza_4855349695799758348.jpeg/170x170bb.png], width = [224], height = [224]
08-04 14:53:17.325 16763 17513 D ApOkHttpUrlLoader: buildLoadData() called with: model = [https://is2-ssl.mzstatic.com/image/thumb/Podcasts114/v4/b3/4c/cf/b34ccfc2-cea4-1ca1-0fad-7793af301cc5/mza_2466085192629456364.jpg/170x170bb.png], width = [224], height = [224]
08-04 14:53:17.326 16763 17512 D DBReader: getImageAuthentication() called with: imageUrl = [https://is2-ssl.mzstatic.com/image/thumb/Podcasts114/v4/b3/4c/cf/b34ccfc2-cea4-1ca1-0fad-7793af301cc5/mza_2466085192629456364.jpg/170x170bb.png]
08-04 14:53:17.327 16763 17514 D DBReader: getImageAuthentication() called with: imageUrl = [https://is5-ssl.mzstatic.com/image/thumb/Podcasts113/v4/fd/54/6e/fd546ea0-7ab2-e3f0-6049-884d82917af9/mza_4855349695799758348.jpeg/170x170bb.png]
08-04 14:53:17.329 16763 17512 D ApOkHttpUrlLoader: no credentials for 'https://is2-ssl.mzstatic.com/image/thumb/Podcasts114/v4/b3/4c/cf/b34ccfc2-cea4-1ca1-0fad-7793af301cc5/mza_2466085192629456364.jpg/170x170bb.png'
08-04 14:53:17.331 16763 17514 D ApOkHttpUrlLoader: no credentials for 'https://is5-ssl.mzstatic.com/image/thumb/Podcasts113/v4/fd/54/6e/fd546ea0-7ab2-e3f0-6049-884d82917af9/mza_4855349695799758348.jpeg/170x170bb.png'
08-04 14:53:17.418   512  2967 D audio_hw_primary: disable_audio_route: reset and update mixer path: low-latency-playback speaker
08-04 14:53:17.419   512  2967 D audio_hw_primary: disable_snd_device: snd_device(2: speaker)
08-04 14:53:17.427   512  2967 I soundtrigger: audio_extn_sound_trigger_update_device_status: device 0x2 of type 0 for Event 0
08-04 14:53:17.450 16763 16785 I art     : Starting a blocking GC Explicit
08-04 14:53:17.481 16763 16785 I art     : Explicit concurrent mark sweep GC freed 12565(738KB) AllocSpace objects, 5(372KB) LOS objects, 37% free, 27MB/43MB, paused 1.067ms total 30.823ms
08-04 14:53:17.491 16763 16785 I art     : Starting a blocking GC Explicit
08-04 14:53:17.519 16763 16785 I art     : Explicit concurrent mark sweep GC freed 19163(821KB) AllocSpace objects, 0(0B) LOS objects, 36% free, 27MB/43MB, paused 1.346ms total 28.353ms
08-04 14:53:17.528 16763 16785 I art     : Starting a blocking GC Explicit
08-04 14:53:17.558 16763 16785 I art     : Explicit concurrent mark sweep GC freed 7701(342KB) AllocSpace objects, 0(0B) LOS objects, 36% free, 27MB/43MB, paused 1.375ms total 30.040ms
08-04 14:53:17.567 16763 16785 I art     : Starting a blocking GC Explicit
08-04 14:53:17.593 16763 16785 I art     : Explicit concurrent mark sweep GC freed 1103(180KB) AllocSpace objects, 0(0B) LOS objects, 37% free, 27MB/43MB, paused 1.128ms total 26.635ms
08-04 14:53:17.603 16763 16785 I art     : Starting a blocking GC Explicit
08-04 14:53:17.632 16763 16785 I art     : Explicit concurrent mark sweep GC freed 550(19KB) AllocSpace objects, 0(0B) LOS objects, 37% free, 27MB/43MB, paused 1.167ms total 28.296ms
08-04 14:53:17.720 16763 17514 D MYTAG   : interceptor 2a
08-04 14:53:17.721 16763 17514 I NAPPA_EXPERIMENTATION: MetricNetworkRequestExecutionTime: REQUEST_DURATION_SYSTEM='389',REQUEST_DURATION_OKHTTP='186',REQUEST_SYNCHRONOUS='TRUE',RESPONSE_CODE='200',RESPONSE_METHOD='GET',RESPONSE_LENGTH_OKHTTP='54835',RESPONSE_LENGTH_HEADER='54835',REQUEST_PROTOCOL='h2',REQUEST_URL='https://is5-ssl.mzstatic.com/image/thumb/Podcasts113/v4/fd/54/6e/fd546ea0-7ab2-e3f0-6049-884d82917af9/mza_4855349695799758348.jpeg/170x170bb.png',
08-04 14:53:17.793 16763 17520 D MYTAG   : interceptor 2a
08-04 14:53:17.793 16763 17520 I NAPPA_EXPERIMENTATION: MetricNetworkRequestExecutionTime: REQUEST_DURATION_SYSTEM='491',REQUEST_DURATION_OKHTTP='258',REQUEST_SYNCHRONOUS='TRUE',RESPONSE_CODE='200',RESPONSE_METHOD='GET',RESPONSE_LENGTH_OKHTTP='45995',RESPONSE_LENGTH_HEADER='45995',REQUEST_PROTOCOL='h2',REQUEST_URL='https://is4-ssl.mzstatic.com/image/thumb/Podcasts113/v4/e5/8a/10/e58a108f-f5d0-f622-c94a-13f66edd570c/mza_3025981348644196724.jpg/170x170bb.png',
08-04 14:53:17.798 16763 17512 D MYTAG   : interceptor 2a
08-04 14:53:17.798 16763 17512 I NAPPA_EXPERIMENTATION: MetricNetworkRequestExecutionTime: REQUEST_DURATION_SYSTEM='469',REQUEST_DURATION_OKHTTP='255',REQUEST_SYNCHRONOUS='TRUE',RESPONSE_CODE='200',RESPONSE_METHOD='GET',RESPONSE_LENGTH_OKHTTP='42299',RESPONSE_LENGTH_HEADER='42299',REQUEST_PROTOCOL='h2',REQUEST_URL='https://is2-ssl.mzstatic.com/image/thumb/Podcasts114/v4/b3/4c/cf/b34ccfc2-cea4-1ca1-0fad-7793af301cc5/mza_2466085192629456364.jpg/170x170bb.png',
08-04 14:53:17.800 16763 17523 D MYTAG   : interceptor 2a
08-04 14:53:17.801 16763 17523 I NAPPA_EXPERIMENTATION: MetricNetworkRequestExecutionTime: REQUEST_DURATION_SYSTEM='487',REQUEST_DURATION_OKHTTP='262',REQUEST_SYNCHRONOUS='TRUE',RESPONSE_CODE='200',RESPONSE_METHOD='GET',RESPONSE_LENGTH_OKHTTP='12000',RESPONSE_LENGTH_HEADER='12000',REQUEST_PROTOCOL='h2',REQUEST_URL='https://is4-ssl.mzstatic.com/image/thumb/Podcasts124/v4/49/a4/91/49a491b7-3daf-c5dc-d7c6-6c4f1486955c/mza_5930014091766152297.png/170x170bb.png',
08-04 14:53:17.823 16763 17516 D MYTAG   : interceptor 2a
08-04 14:53:17.823 16763 17516 I NAPPA_EXPERIMENTATION: MetricNetworkRequestExecutionTime: REQUEST_DURATION_SYSTEM='512',REQUEST_DURATION_OKHTTP='266',REQUEST_SYNCHRONOUS='TRUE',RESPONSE_CODE='200',RESPONSE_METHOD='GET',RESPONSE_LENGTH_OKHTTP='22351',RESPONSE_LENGTH_HEADER='22351',REQUEST_PROTOCOL='h2',REQUEST_URL='https://is5-ssl.mzstatic.com/image/thumb/Podcasts114/v4/93/cf/99/93cf9960-fff3-205e-6655-72c03ddeccb2/mza_10545582232493904175.jpeg/170x170bb.png',
08-04 14:53:17.831 16763 17519 D MYTAG   : interceptor 2a
08-04 14:53:17.831 16763 17519 I NAPPA_EXPERIMENTATION: MetricNetworkRequestExecutionTime: REQUEST_DURATION_SYSTEM='533',REQUEST_DURATION_OKHTTP='286',REQUEST_SYNCHRONOUS='TRUE',RESPONSE_CODE='200',RESPONSE_METHOD='GET',RESPONSE_LENGTH_OKHTTP='26177',RESPONSE_LENGTH_HEADER='26177',REQUEST_PROTOCOL='h2',REQUEST_URL='https://is4-ssl.mzstatic.com/image/thumb/Podcasts114/v4/3f/16/74/3f167426-bf50-ce3a-d709-e4301620fc5b/mza_5832671293059882550.jpeg/170x170bb.png',
08-04 14:53:17.837 16763 17510 D MYTAG   : interceptor 2a
08-04 14:53:17.837 16763 17510 I NAPPA_EXPERIMENTATION: MetricNetworkRequestExecutionTime: REQUEST_DURATION_SYSTEM='532',REQUEST_DURATION_OKHTTP='296',REQUEST_SYNCHRONOUS='TRUE',RESPONSE_CODE='200',RESPONSE_METHOD='GET',RESPONSE_LENGTH_OKHTTP='48239',RESPONSE_LENGTH_HEADER='48239',REQUEST_PROTOCOL='h2',REQUEST_URL='https://is2-ssl.mzstatic.com/image/thumb/Podcasts113/v4/a9/39/cc/a939ccc5-6d60-0c11-0a4c-16d71cdef89b/mza_8787577209688278658.jpg/170x170bb.png',
08-04 14:53:17.926 16763 18265 I art     : Starting a blocking GC Explicit
08-04 14:53:17.956 16763 18265 I art     : Explicit concurrent mark sweep GC freed 4507(276KB) AllocSpace objects, 1(20KB) LOS objects, 35% free, 28MB/44MB, paused 943us total 29.621ms
08-04 14:53:17.965 16763 18265 I art     : Starting a blocking GC Explicit
08-04 14:53:17.993 16763 18265 I art     : Explicit concurrent mark sweep GC freed 43(2096B) AllocSpace objects, 0(0B) LOS objects, 35% free, 28MB/44MB, paused 1.008ms total 27.900ms
08-04 14:53:18.003 16763 18265 I art     : Starting a blocking GC Explicit
08-04 14:53:18.031 16763 18265 I art     : Explicit concurrent mark sweep GC freed 3(96B) AllocSpace objects, 0(0B) LOS objects, 35% free, 28MB/44MB, paused 946us total 28.247ms
08-04 14:53:18.041 16763 18265 I art     : Starting a blocking GC Explicit
08-04 14:53:18.070 16763 18265 I art     : Explicit concurrent mark sweep GC freed 3(96B) AllocSpace objects, 0(0B) LOS objects, 35% free, 28MB/44MB, paused 964us total 28.494ms
08-04 14:53:18.079 16763 18265 I art     : Starting a blocking GC Explicit
08-04 14:53:18.108 16763 18265 I art     : Explicit concurrent mark sweep GC freed 3(96B) AllocSpace objects, 0(0B) LOS objects, 35% free, 28MB/44MB, paused 1.068ms total 28.228ms
08-04 14:53:18.229 16655 16655 I ServiceManager: Waiting for service AtCmdFwd...
08-04 14:53:18.412 16763 16776 I art     : Starting a blocking GC Explicit
08-04 14:53:18.451 16763 16776 I art     : Explicit concurrent mark sweep GC freed 1401(81KB) AllocSpace objects, 1(20KB) LOS objects, 35% free, 28MB/44MB, paused 1.125ms total 38.312ms
08-04 14:53:18.463 16763 16776 I art     : Starting a blocking GC Explicit
08-04 14:53:18.492 16763 16776 I art     : Explicit concurrent mark sweep GC freed 23(752B) AllocSpace objects, 0(0B) LOS objects, 35% free, 28MB/44MB, paused 937us total 28.882ms
08-04 14:53:18.502 16763 16776 I art     : Starting a blocking GC Explicit
08-04 14:53:18.531 16763 16776 I art     : Explicit concurrent mark sweep GC freed 3(96B) AllocSpace objects, 0(0B) LOS objects, 35% free, 28MB/44MB, paused 957us total 28.606ms
08-04 14:53:18.541 16763 16776 I art     : Starting a blocking GC Explicit
08-04 14:53:18.570 16763 16776 I art     : Explicit concurrent mark sweep GC freed 3(96B) AllocSpace objects, 0(0B) LOS objects, 35% free, 28MB/44MB, paused 951us total 29.023ms
08-04 14:53:18.580 16763 16776 I art     : Starting a blocking GC Explicit
08-04 14:53:18.609 16763 16776 I art     : Explicit concurrent mark sweep GC freed 3(96B) AllocSpace objects, 0(0B) LOS objects, 35% free, 28MB/44MB, paused 990us total 28.937ms
08-04 14:53:18.947 16763 16785 I art     : Starting a blocking GC Explicit
08-04 14:53:18.979 16763 16785 I art     : Explicit concurrent mark sweep GC freed 1384(81KB) AllocSpace objects, 1(20KB) LOS objects, 35% free, 28MB/44MB, paused 1.113ms total 32.132ms
08-04 14:53:18.990 16763 16785 I art     : Starting a blocking GC Explicit
08-04 14:53:19.020 16763 16785 I art     : Explicit concurrent mark sweep GC freed 27(880B) AllocSpace objects, 0(0B) LOS objects, 35% free, 28MB/44MB, paused 940us total 29.440ms
08-04 14:53:19.031 16763 16785 I art     : Starting a blocking GC Explicit
08-04 14:53:19.059 16763 16785 I art     : Explicit concurrent mark sweep GC freed 9(288B) AllocSpace objects, 0(0B) LOS objects, 35% free, 28MB/44MB, paused 978us total 28.028ms
08-04 14:53:19.069 16763 16785 I art     : Starting a blocking GC Explicit
08-04 14:53:19.097 16763 16785 I art     : Explicit concurrent mark sweep GC freed 7(224B) AllocSpace objects, 0(0B) LOS objects, 35% free, 28MB/44MB, paused 921us total 27.211ms
08-04 14:53:19.106 16763 16785 I art     : Starting a blocking GC Explicit
08-04 14:53:19.133 16763 16785 I art     : Explicit concurrent mark sweep GC freed 8(256B) AllocSpace objects, 0(0B) LOS objects, 35% free, 28MB/44MB, paused 991us total 26.638ms
08-04 14:53:19.229 16655 16655 I ServiceManager: Waiting for service AtCmdFwd...
08-04 14:53:19.457 16763 18265 I art     : Starting a blocking GC Explicit
08-04 14:53:19.497 16763 18265 I art     : Explicit concurrent mark sweep GC freed 1403(83KB) AllocSpace objects, 1(20KB) LOS objects, 35% free, 28MB/44MB, paused 1.155ms total 40.047ms
08-04 14:53:19.512 16763 18265 I art     : Starting a blocking GC Explicit
08-04 14:53:19.540 16763 18265 I art     : Explicit concurrent mark sweep GC freed 23(752B) AllocSpace objects, 0(0B) LOS objects, 35% free, 28MB/44MB, paused 928us total 27.859ms
08-04 14:53:19.549 16763 18265 I art     : Starting a blocking GC Explicit
08-04 14:53:19.577 16763 18265 I art     : Explicit concurrent mark sweep GC freed 3(96B) AllocSpace objects, 0(0B) LOS objects, 35% free, 28MB/44MB, paused 1.001ms total 27.610ms
08-04 14:53:19.587 16763 18265 I art     : Starting a blocking GC Explicit
08-04 14:53:19.615 16763 18265 I art     : Explicit concurrent mark sweep GC freed 3(96B) AllocSpace objects, 0(0B) LOS objects, 35% free, 28MB/44MB, paused 907us total 28.080ms
08-04 14:53:19.624 16763 18265 I art     : Starting a blocking GC Explicit
08-04 14:53:19.653 16763 18265 I art     : Explicit concurrent mark sweep GC freed 3(96B) AllocSpace objects, 0(0B) LOS objects, 35% free, 28MB/44MB, paused 923us total 28.405ms
08-04 14:53:19.985 16763 16785 I art     : Starting a blocking GC Explicit
08-04 14:53:20.024 16763 16785 I art     : Explicit concurrent mark sweep GC freed 1373(81KB) AllocSpace objects, 1(20KB) LOS objects, 35% free, 28MB/44MB, paused 1.039ms total 39.007ms
08-04 14:53:20.034 16763 16785 I art     : Starting a blocking GC Explicit
08-04 14:53:20.062 16763 16785 I art     : Explicit concurrent mark sweep GC freed 23(752B) AllocSpace objects, 0(0B) LOS objects, 35% free, 28MB/44MB, paused 922us total 27.355ms
08-04 14:53:20.071 16763 16785 I art     : Starting a blocking GC Explicit
08-04 14:53:20.099 16763 16785 I art     : Explicit concurrent mark sweep GC freed 3(96B) AllocSpace objects, 0(0B) LOS objects, 35% free, 28MB/44MB, paused 958us total 27.707ms
08-04 14:53:20.108 16763 16785 I art     : Starting a blocking GC Explicit
08-04 14:53:20.136 16763 16785 I art     : Explicit concurrent mark sweep GC freed 3(96B) AllocSpace objects, 0(0B) LOS objects, 35% free, 28MB/44MB, paused 949us total 27.796ms
08-04 14:53:20.146 16763 16785 I art     : Starting a blocking GC Explicit
08-04 14:53:20.174 16763 16785 I art     : Explicit concurrent mark sweep GC freed 3(96B) AllocSpace objects, 0(0B) LOS objects, 35% free, 28MB/44MB, paused 986us total 28.324ms
08-04 14:53:20.230 16655 16655 I ServiceManager: Waiting for service AtCmdFwd...
08-04 14:53:20.510 16763 16776 I art     : Starting a blocking GC Explicit
08-04 14:53:20.547 16763 16776 I art     : Explicit concurrent mark sweep GC freed 1403(83KB) AllocSpace objects, 1(20KB) LOS objects, 35% free, 28MB/44MB, paused 1.039ms total 36.802ms
08-04 14:53:20.557 16763 16776 I art     : Starting a blocking GC Explicit
08-04 14:53:20.586 16763 16776 I art     : Explicit concurrent mark sweep GC freed 23(752B) AllocSpace objects, 0(0B) LOS objects, 35% free, 28MB/44MB, paused 941us total 28.726ms
08-04 14:53:20.596 16763 16776 I art     : Starting a blocking GC Explicit
08-04 14:53:20.625 16763 16776 I art     : Explicit concurrent mark sweep GC freed 3(96B) AllocSpace objects, 0(0B) LOS objects, 35% free, 28MB/44MB, paused 1.080ms total 28.560ms
08-04 14:53:20.634 16763 16776 I art     : Starting a blocking GC Explicit
08-04 14:53:20.662 16763 16776 I art     : Explicit concurrent mark sweep GC freed 3(96B) AllocSpace objects, 0(0B) LOS objects, 35% free, 28MB/44MB, paused 927us total 27.470ms
08-04 14:53:20.671 16763 16776 I art     : Starting a blocking GC Explicit
08-04 14:53:20.700 16763 16776 I art     : Explicit concurrent mark sweep GC freed 3(96B) AllocSpace objects, 0(0B) LOS objects, 35% free, 28MB/44MB, paused 953us total 28.384ms
08-04 14:53:21.039 16763 16775 I art     : Starting a blocking GC Explicit
08-04 14:53:21.076 16763 16775 I art     : Explicit concurrent mark sweep GC freed 1373(81KB) AllocSpace objects, 1(20KB) LOS objects, 35% free, 28MB/44MB, paused 1.007ms total 36.634ms
08-04 14:53:21.088 16763 16775 I art     : Starting a blocking GC Explicit
08-04 14:53:21.117 16763 16775 I art     : Explicit concurrent mark sweep GC freed 23(752B) AllocSpace objects, 0(0B) LOS objects, 35% free, 28MB/44MB, paused 950us total 29.050ms
08-04 14:53:21.126 16763 16775 I art     : Starting a blocking GC Explicit
08-04 14:53:21.154 16763 16775 I art     : Explicit concurrent mark sweep GC freed 3(96B) AllocSpace objects, 0(0B) LOS objects, 35% free, 28MB/44MB, paused 953us total 27.727ms
08-04 14:53:21.164 16763 16775 I art     : Starting a blocking GC Explicit
08-04 14:53:21.192 16763 16775 I art     : Explicit concurrent mark sweep GC freed 3(96B) AllocSpace objects, 0(0B) LOS objects, 35% free, 28MB/44MB, paused 924us total 27.691ms
08-04 14:53:21.202 16763 16775 I art     : Starting a blocking GC Explicit
08-04 14:53:21.230 16763 16775 I art     : Explicit concurrent mark sweep GC freed 3(96B) AllocSpace objects, 0(0B) LOS objects, 35% free, 28MB/44MB, paused 889us total 28.374ms
08-04 14:53:21.231 16655 16655 W Atfwd_Sendcmd: AtCmdFwd service not published, waiting... retryCnt : 1
08-04 14:53:21.550 16763 18265 I art     : Starting a blocking GC Explicit
08-04 14:53:21.591 16763 18265 I art     : Explicit concurrent mark sweep GC freed 1401(81KB) AllocSpace objects, 1(20KB) LOS objects, 35% free, 28MB/44MB, paused 1.012ms total 41.207ms
08-04 14:53:21.605 16763 18265 I art     : Starting a blocking GC Explicit
08-04 14:53:21.633 16763 18265 I art     : Explicit concurrent mark sweep GC freed 23(752B) AllocSpace objects, 0(0B) LOS objects, 35% free, 28MB/44MB, paused 891us total 27.614ms
08-04 14:53:21.642 16763 18265 I art     : Starting a blocking GC Explicit
08-04 14:53:21.670 16763 18265 I art     : Explicit concurrent mark sweep GC freed 3(96B) AllocSpace objects, 0(0B) LOS objects, 35% free, 28MB/44MB, paused 892us total 28.014ms
08-04 14:53:21.680 16763 18265 I art     : Starting a blocking GC Explicit
08-04 14:53:21.709 16763 18265 I art     : Explicit concurrent mark sweep GC freed 3(96B) AllocSpace objects, 0(0B) LOS objects, 35% free, 28MB/44MB, paused 960us total 28.640ms
08-04 14:53:21.718 16763 18265 I art     : Starting a blocking GC Explicit
08-04 14:53:21.746 16763 18265 I art     : Explicit concurrent mark sweep GC freed 3(96B) AllocSpace objects, 0(0B) LOS objects, 35% free, 28MB/44MB, paused 950us total 27.448ms
08-04 14:53:22.085 16763 16785 I art     : Starting a blocking GC Explicit
08-04 14:53:22.126 16763 16785 I art     : Explicit concurrent mark sweep GC freed 1372(80KB) AllocSpace objects, 1(20KB) LOS objects, 35% free, 28MB/44MB, paused 1.051ms total 40.410ms
08-04 14:53:22.141 16763 16785 I art     : Starting a blocking GC Explicit
08-04 14:53:22.172 16763 16785 I art     : Explicit concurrent mark sweep GC freed 23(752B) AllocSpace objects, 0(0B) LOS objects, 35% free, 28MB/44MB, paused 949us total 30.157ms
08-04 14:53:22.181 16763 16785 I art     : Starting a blocking GC Explicit
08-04 14:53:22.210 16763 16785 I art     : Explicit concurrent mark sweep GC freed 3(96B) AllocSpace objects, 0(0B) LOS objects, 35% free, 28MB/44MB, paused 954us total 28.707ms
08-04 14:53:22.220 16763 16785 I art     : Starting a blocking GC Explicit
08-04 14:53:22.248 16763 16785 I art     : Explicit concurrent mark sweep GC freed 3(96B) AllocSpace objects, 0(0B) LOS objects, 35% free, 28MB/44MB, paused 1.023ms total 27.889ms
08-04 14:53:22.257 16763 16785 I art     : Starting a blocking GC Explicit
08-04 14:53:22.286 16763 16785 I art     : Explicit concurrent mark sweep GC freed 3(96B) AllocSpace objects, 0(0B) LOS objects, 35% free, 28MB/44MB, paused 951us total 28.468ms
08-04 14:53:22.609 16763 16776 I art     : Starting a blocking GC Explicit
08-04 14:53:22.644 16763 16776 I art     : Explicit concurrent mark sweep GC freed 1401(81KB) AllocSpace objects, 1(20KB) LOS objects, 35% free, 28MB/44MB, paused 1.026ms total 34.697ms
08-04 14:53:22.656 16763 16776 I art     : Starting a blocking GC Explicit
08-04 14:53:22.685 16763 16776 I art     : Explicit concurrent mark sweep GC freed 23(752B) AllocSpace objects, 0(0B) LOS objects, 35% free, 28MB/44MB, paused 938us total 28.709ms
08-04 14:53:22.695 16763 16776 I art     : Starting a blocking GC Explicit
08-04 14:53:22.724 16763 16776 I art     : Explicit concurrent mark sweep GC freed 3(96B) AllocSpace objects, 0(0B) LOS objects, 35% free, 28MB/44MB, paused 890us total 28.950ms
08-04 14:53:22.734 16763 16776 I art     : Starting a blocking GC Explicit
08-04 14:53:22.762 16763 16776 I art     : Explicit concurrent mark sweep GC freed 3(96B) AllocSpace objects, 0(0B) LOS objects, 35% free, 28MB/44MB, paused 964us total 27.347ms
08-04 14:53:22.771 16763 16776 I art     : Starting a blocking GC Explicit
08-04 14:53:22.800 16763 16776 I art     : Explicit concurrent mark sweep GC freed 3(96B) AllocSpace objects, 0(0B) LOS objects, 35% free, 28MB/44MB, paused 956us total 28.303ms
08-04 14:53:23.142 16763 16775 I art     : Starting a blocking GC Explicit
08-04 14:53:23.171 16763 16775 I art     : Explicit concurrent mark sweep GC freed 1372(80KB) AllocSpace objects, 1(20KB) LOS objects, 35% free, 28MB/44MB, paused 975us total 28.763ms
08-04 14:53:23.181 16763 16775 I art     : Starting a blocking GC Explicit
08-04 14:53:23.209 16763 16775 I art     : Explicit concurrent mark sweep GC freed 23(752B) AllocSpace objects, 0(0B) LOS objects, 35% free, 28MB/44MB, paused 924us total 28.037ms
08-04 14:53:23.218 16763 16775 I art     : Starting a blocking GC Explicit
08-04 14:53:23.245 16763 16775 I art     : Explicit concurrent mark sweep GC freed 3(96B) AllocSpace objects, 0(0B) LOS objects, 35% free, 28MB/44MB, paused 928us total 26.521ms
08-04 14:53:23.254 16763 16775 I art     : Starting a blocking GC Explicit
08-04 14:53:23.281 16763 16775 I art     : Explicit concurrent mark sweep GC freed 3(96B) AllocSpace objects, 0(0B) LOS objects, 35% free, 28MB/44MB, paused 944us total 26.818ms
08-04 14:53:23.290 16763 16775 I art     : Starting a blocking GC Explicit
08-04 14:53:23.317 16763 16775 I art     : Explicit concurrent mark sweep GC freed 3(96B) AllocSpace objects, 0(0B) LOS objects, 35% free, 28MB/44MB, paused 1.053ms total 26.780ms
08-04 14:53:23.505 18890 18890 D AndroidRuntime: >>>>>> START com.android.internal.os.RuntimeInit uid 2000 <<<<<<
08-04 14:53:23.511 18890 18890 D AndroidRuntime: CheckJNI is OFF
08-04 14:53:23.544 18890 18890 D ICU     : No timezone override file found: /data/misc/zoneinfo/current/icu/icu_tzdata.dat
08-04 14:53:23.576 18890 18890 I Radio-JNI: register_android_hardware_Radio DONE
08-04 14:53:23.598 18890 18890 D AndroidRuntime: Calling main entry com.android.commands.input.Input
08-04 14:53:23.600 18890 18890 I Input   : injectMotionEvent: MotionEvent { action=ACTION_DOWN, actionButton=0, id[0]=0, x[0]=616.0, y[0]=469.0, toolType[0]=TOOL_TYPE_UNKNOWN, buttonState=0, metaState=0, flags=0x0, edgeFlags=0x0, pointerCount=1, historySize=0, eventTime=716020013, downTime=716020013, deviceId=0, source=0x1002 }
08-04 14:53:23.605 18890 18890 I Input   : injectMotionEvent: MotionEvent { action=ACTION_UP, actionButton=0, id[0]=0, x[0]=616.0, y[0]=469.0, toolType[0]=TOOL_TYPE_UNKNOWN, buttonState=0, metaState=0, flags=0x0, edgeFlags=0x0, pointerCount=1, historySize=0, eventTime=716020013, downTime=716020013, deviceId=0, source=0x1002 }
08-04 14:53:23.606 18890 18890 D AndroidRuntime: Shutting down VM
08-04 14:53:23.625 16763 18265 I art     : Starting a blocking GC Explicit
08-04 14:53:23.656 16763 18265 I art     : Explicit concurrent mark sweep GC freed 1422(81KB) AllocSpace objects, 1(20KB) LOS objects, 35% free, 28MB/44MB, paused 864us total 30.541ms
08-04 14:53:23.666 16763 18265 I art     : Starting a blocking GC Explicit
08-04 14:53:23.672   512  2967 D audio_hw_primary: out_set_parameters: enter: usecase(1: low-latency-playback) kvpairs: routing=2
08-04 14:53:23.685   512  2967 D audio_hw_primary: select_devices: out_snd_device(2: speaker) in_snd_device(0: none)
08-04 14:53:23.685   512  2967 D msm8974_platform: platform_send_audio_calibration: sending audio calibration for snd_device(2) acdb_id(15)
08-04 14:53:23.686   512  2967 I soundtrigger: audio_extn_sound_trigger_update_device_status: device 0x2 of type 0 for Event 1
08-04 14:53:23.693 16763 18265 I art     : Explicit concurrent mark sweep GC freed 212(8KB) AllocSpace objects, 0(0B) LOS objects, 35% free, 28MB/44MB, paused 952us total 27.523ms
08-04 14:53:23.698   512  2967 D audio_hw_primary: enable_snd_device: snd_device(2: speaker)
08-04 14:53:23.701   512  2967 D audio_hw_primary: enable_audio_route: apply and update mixer path: low-latency-playback speaker
08-04 14:53:23.704 16763 18265 I art     : Starting a blocking GC Explicit
08-04 14:53:23.732 16763 18265 I art     : Explicit concurrent mark sweep GC freed 28(1088B) AllocSpace objects, 0(0B) LOS objects, 35% free, 28MB/44MB, paused 1.161ms total 27.282ms
08-04 14:53:23.740 16763 18265 I art     : Starting a blocking GC Explicit
08-04 14:53:23.766 16763 18265 I art     : Explicit concurrent mark sweep GC freed 15(544B) AllocSpace objects, 0(0B) LOS objects, 35% free, 28MB/44MB, paused 954us total 25.709ms
08-04 14:53:23.775 16763 18265 I art     : Starting a blocking GC Explicit
08-04 14:53:23.801 16763 18265 I art     : Explicit concurrent mark sweep GC freed 13(480B) AllocSpace objects, 0(0B) LOS objects, 35% free, 28MB/44MB, paused 958us total 25.479ms
08-04 14:53:23.852 16763 17291 I NAPPA_EXPERIMENTATION: MetricNetworkRequestExecutionTime: REQUEST_DURATION_SYSTEM='182',REQUEST_DURATION_OKHTTP='179',REQUEST_SYNCHRONOUS='TRUE',RESPONSE_CODE='200',RESPONSE_METHOD='GET',RESPONSE_LENGTH_OKHTTP='-1',RESPONSE_LENGTH_HEADER='628',REQUEST_PROTOCOL='h2',REQUEST_URL='https://itunes.apple.com/lookup?id=1524080195',
08-04 14:53:23.862   918  3670 I ActivityManager: START u0 {cmp=baseline.de.danoeh.antennapod.debug/baseline.de.danoeh.antennapod.activity.OnlineFeedViewActivity (has extras)} from uid 10670 on display 0
08-04 14:53:23.884 13866 13866 I GoogleInputMethodServic: GoogleInputMethodService.onFinishInput():3138 
08-04 14:53:23.886 13866 13866 I GoogleInputMethodServic: GoogleInputMethodService.onStartInput():1808 
08-04 14:53:23.913 16763 16763 D UserPreferences: Using default data folder
08-04 14:53:23.915 16763 16763 D OnlineFeedViewActivity: Activity was started with url https://rss.art19.com/nice-white-parents
08-04 14:53:23.917 16763 16763 D OnlineFeedViewActivity: Starting feed download
08-04 14:53:23.919 16763 16788 D DBReader: Extracting Feedlist
08-04 14:53:23.921   918  3670 D WifiService: acquireWifiLockLocked: WifiLock{Downloader type=1 binder=android.os.BinderProxy@10ad68e}
08-04 14:53:23.922 16763 16788 D AntennapodHttpClient: Creating new instance of HTTP client
08-04 14:53:23.968 13866 13866 I GoogleInputMethodServic: GoogleInputMethodService.onFinishInput():3138 
08-04 14:53:23.971 13866 13866 I GoogleInputMethodServic: GoogleInputMethodService.onStartInput():1808 
08-04 14:53:23.992   918   936 I ActivityManager: Displayed baseline.de.danoeh.antennapod.debug/baseline.de.danoeh.antennapod.activity.OnlineFeedViewActivity: +108ms
08-04 14:53:24.049 16763 16775 I art     : Starting a blocking GC Explicit
08-04 14:53:24.077 16763 16775 I art     : Explicit concurrent mark sweep GC freed 7147(407KB) AllocSpace objects, 4(220KB) LOS objects, 35% free, 28MB/44MB, paused 1.117ms total 27.550ms
08-04 14:53:24.087 16763 16775 I art     : Starting a blocking GC Explicit
08-04 14:53:24.115 16763 16775 I art     : Explicit concurrent mark sweep GC freed 1877(153KB) AllocSpace objects, 0(0B) LOS objects, 35% free, 28MB/44MB, paused 996us total 27.837ms
08-04 14:53:24.124 16763 16775 I art     : Starting a blocking GC Explicit
08-04 14:53:24.157 16763 16775 I art     : Explicit concurrent mark sweep GC freed 32(1488B) AllocSpace objects, 0(0B) LOS objects, 35% free, 28MB/44MB, paused 989us total 32.213ms
08-04 14:53:24.169 16763 16775 I art     : Starting a blocking GC Explicit
08-04 14:53:24.203 16763 16775 I art     : Explicit concurrent mark sweep GC freed 3(96B) AllocSpace objects, 0(0B) LOS objects, 35% free, 28MB/44MB, paused 938us total 34.264ms
08-04 14:53:24.214 16763 16775 I art     : Starting a blocking GC Explicit
08-04 14:53:24.222 16763 16788 D MYTAG   : interceptor 3a https://rss.art19.com/nice-white-parents
08-04 14:53:24.222 16763 16788 I NAPPA_EXPERIMENTATION: MetricNetworkRequestExecutionTime: REQUEST_DURATION_SYSTEM='299',REQUEST_DURATION_OKHTTP='142',REQUEST_SYNCHRONOUS='TRUE',RESPONSE_CODE='200',RESPONSE_METHOD='GET',RESPONSE_LENGTH_OKHTTP='-1',RESPONSE_LENGTH_HEADER='1803',REQUEST_PROTOCOL='h2',REQUEST_URL='https://rss.art19.com/nice-white-parents',
08-04 14:53:24.222 16763 16788 D HttpDownloader: Response code is 200
08-04 14:53:24.222 16763 16788 D UserPreferences: Using default data folder
08-04 14:53:24.223 16763 16788 D HttpDownloader: Getting size of download
08-04 14:53:24.224 16763 16788 D HttpDownloader: Size is -1
08-04 14:53:24.224 16763 16788 D UserPreferences: Using default data folder
08-04 14:53:24.224 16763 16788 D HttpDownloader: Free space is 20241539072
08-04 14:53:24.224 16763 16788 D HttpDownloader: Starting download
08-04 14:53:24.230 16763 16788 D HttpDownloader: Download was successful
08-04 14:53:24.231   918  3961 D WifiService: releaseWifiLockLocked: WifiLock{Downloader type=1 binder=android.os.BinderProxy@10ad68e}
08-04 14:53:24.231 16763 16763 D OnlineFeedViewActivity: Parsing feed
08-04 14:53:24.236 16763 18927 D TypeGetter: Recognized type RSS 2.0
08-04 14:53:24.238 16763 18927 D SyndHandler: Recognized ITunes namespace
08-04 14:53:24.238 16763 18927 D SyndHandler: Recognized Atom namespace
08-04 14:53:24.238 16763 18927 D SyndHandler: Recognized Content namespace
08-04 14:53:24.246   380   380 W SurfaceFlinger: couldn't log to binary event log: overflow.
08-04 14:53:24.249   512  2967 D audio_hw_primary: disable_audio_route: reset and update mixer path: low-latency-playback speaker
08-04 14:53:24.251 16763 16775 I art     : Explicit concurrent mark sweep GC freed 662(175KB) AllocSpace objects, 3(60KB) LOS objects, 35% free, 28MB/44MB, paused 1.221ms total 35.969ms
08-04 14:53:24.251 16763 18927 D OnlineFeedViewActivity: Deleted feed source file. Result: true
08-04 14:53:24.251 16763 16763 D OnlineFeedViewActivity: Removing HTML from shownotes
08-04 14:53:24.253   512  2967 D audio_hw_primary: disable_snd_device: snd_device(2: speaker)
08-04 14:53:24.264   512  2967 I soundtrigger: audio_extn_sound_trigger_update_device_status: device 0x2 of type 0 for Event 0
08-04 14:53:24.368 16763 16763 D PlaybackController: Releasing PlaybackController
08-04 14:53:24.545 16763 16785 I art     : Starting a blocking GC Explicit
08-04 14:53:24.584 16763 16785 I art     : Explicit concurrent mark sweep GC freed 3156(206KB) AllocSpace objects, 2(88KB) LOS objects, 35% free, 28MB/44MB, paused 1.108ms total 38.640ms
08-04 14:53:24.597 16763 16785 I art     : Starting a blocking GC Explicit
08-04 14:53:24.628 16763 16785 I art     : Explicit concurrent mark sweep GC freed 583(28KB) AllocSpace objects, 1(112KB) LOS objects, 35% free, 28MB/44MB, paused 1.122ms total 30.557ms
08-04 14:53:24.638 16763 16785 I art     : Starting a blocking GC Explicit
08-04 14:53:24.668 16763 16785 I art     : Explicit concurrent mark sweep GC freed 3(96B) AllocSpace objects, 0(0B) LOS objects, 35% free, 28MB/44MB, paused 1.054ms total 30.312ms
08-04 14:53:24.678 16763 16785 I art     : Starting a blocking GC Explicit
08-04 14:53:24.709 16763 16785 I art     : Explicit concurrent mark sweep GC freed 3(96B) AllocSpace objects, 0(0B) LOS objects, 35% free, 28MB/44MB, paused 1.036ms total 30.583ms
08-04 14:53:24.719 16763 16785 I art     : Starting a blocking GC Explicit
08-04 14:53:24.748 16763 16785 I art     : Explicit concurrent mark sweep GC freed 3(96B) AllocSpace objects, 0(0B) LOS objects, 35% free, 28MB/44MB, paused 1.050ms total 29.644ms
08-04 14:53:25.053 16763 18265 I art     : Starting a blocking GC Explicit
08-04 14:53:25.093 16763 18265 I art     : Explicit concurrent mark sweep GC freed 1373(80KB) AllocSpace objects, 1(20KB) LOS objects, 35% free, 28MB/44MB, paused 1.073ms total 39.707ms
08-04 14:53:25.105 16763 18265 I art     : Starting a blocking GC Explicit
08-04 14:53:25.136 16763 18265 I art     : Explicit concurrent mark sweep GC freed 23(752B) AllocSpace objects, 0(0B) LOS objects, 35% free, 28MB/44MB, paused 1.001ms total 30.707ms
08-04 14:53:25.146 16763 18265 I art     : Starting a blocking GC Explicit
08-04 14:53:25.176 16763 18265 I art     : Explicit concurrent mark sweep GC freed 3(96B) AllocSpace objects, 0(0B) LOS objects, 35% free, 28MB/44MB, paused 966us total 30.156ms
08-04 14:53:25.186 16763 18265 I art     : Starting a blocking GC Explicit
08-04 14:53:25.216 16763 18265 I art     : Explicit concurrent mark sweep GC freed 3(96B) AllocSpace objects, 0(0B) LOS objects, 35% free, 28MB/44MB, paused 998us total 30.097ms
08-04 14:53:25.226 16763 18265 I art     : Starting a blocking GC Explicit
08-04 14:53:25.256 16763 18265 I art     : Explicit concurrent mark sweep GC freed 3(96B) AllocSpace objects, 0(0B) LOS objects, 35% free, 28MB/44MB, paused 992us total 29.903ms
08-04 14:53:25.587 16763 16775 I art     : Starting a blocking GC Explicit
08-04 14:53:25.627 16763 16775 I art     : Explicit concurrent mark sweep GC freed 1401(81KB) AllocSpace objects, 1(20KB) LOS objects, 35% free, 28MB/44MB, paused 1.082ms total 40.368ms
08-04 14:53:25.639 16763 16775 I art     : Starting a blocking GC Explicit
08-04 14:53:25.669 16763 16775 I art     : Explicit concurrent mark sweep GC freed 23(752B) AllocSpace objects, 0(0B) LOS objects, 35% free, 28MB/44MB, paused 1.019ms total 29.839ms
08-04 14:53:25.679 16763 16775 I art     : Starting a blocking GC Explicit
08-04 14:53:25.710 16763 16775 I art     : Explicit concurrent mark sweep GC freed 3(96B) AllocSpace objects, 0(0B) LOS objects, 35% free, 28MB/44MB, paused 1.028ms total 30.415ms
08-04 14:53:25.720 16763 16775 I art     : Starting a blocking GC Explicit
08-04 14:53:25.750 16763 16775 I art     : Explicit concurrent mark sweep GC freed 3(96B) AllocSpace objects, 0(0B) LOS objects, 35% free, 28MB/44MB, paused 1.001ms total 29.988ms
08-04 14:53:25.760 16763 16775 I art     : Starting a blocking GC Explicit
08-04 14:53:25.789 16763 16775 I art     : Explicit concurrent mark sweep GC freed 3(96B) AllocSpace objects, 0(0B) LOS objects, 35% free, 28MB/44MB, paused 1.035ms total 29.492ms
08-04 14:53:26.106 16763 16775 I art     : Starting a blocking GC Explicit
08-04 14:53:26.136 16763 16775 I art     : Explicit concurrent mark sweep GC freed 1402(81KB) AllocSpace objects, 1(20KB) LOS objects, 35% free, 28MB/44MB, paused 925us total 29.643ms
08-04 14:53:26.147 16763 16775 I art     : Starting a blocking GC Explicit
08-04 14:53:26.175 16763 16775 I art     : Explicit concurrent mark sweep GC freed 23(752B) AllocSpace objects, 0(0B) LOS objects, 35% free, 28MB/44MB, paused 936us total 28.177ms
08-04 14:53:26.184 16763 16775 I art     : Starting a blocking GC Explicit
08-04 14:53:26.213 16763 16775 I art     : Explicit concurrent mark sweep GC freed 3(96B) AllocSpace objects, 0(0B) LOS objects, 35% free, 28MB/44MB, paused 988us total 27.868ms
08-04 14:53:26.222 16763 16775 I art     : Starting a blocking GC Explicit
08-04 14:53:26.231 16655 16655 I ServiceManager: Waiting for service AtCmdFwd...
08-04 14:53:26.251 16763 16775 I art     : Explicit concurrent mark sweep GC freed 3(96B) AllocSpace objects, 0(0B) LOS objects, 35% free, 28MB/44MB, paused 991us total 29.195ms
08-04 14:53:26.261 16763 16775 I art     : Starting a blocking GC Explicit
08-04 14:53:26.290 16763 16775 I art     : Explicit concurrent mark sweep GC freed 3(96B) AllocSpace objects, 0(0B) LOS objects, 35% free, 28MB/44MB, paused 992us total 28.640ms
08-04 14:53:26.626 16763 18265 I art     : Starting a blocking GC Explicit
08-04 14:53:26.668 16763 18265 I art     : Explicit concurrent mark sweep GC freed 1401(81KB) AllocSpace objects, 1(20KB) LOS objects, 35% free, 28MB/44MB, paused 1.085ms total 41.484ms
08-04 14:53:26.681 16763 18265 I art     : Starting a blocking GC Explicit
08-04 14:53:26.711 16763 18265 I art     : Explicit concurrent mark sweep GC freed 23(752B) AllocSpace objects, 0(0B) LOS objects, 35% free, 28MB/44MB, paused 994us total 29.960ms
08-04 14:53:26.721 16763 18265 I art     : Starting a blocking GC Explicit
08-04 14:53:26.752 16763 18265 I art     : Explicit concurrent mark sweep GC freed 3(96B) AllocSpace objects, 0(0B) LOS objects, 35% free, 28MB/44MB, paused 994us total 30.621ms
08-04 14:53:26.761 16763 18265 I art     : Starting a blocking GC Explicit
08-04 14:53:26.792 16763 18265 I art     : Explicit concurrent mark sweep GC freed 3(96B) AllocSpace objects, 0(0B) LOS objects, 35% free, 28MB/44MB, paused 993us total 29.937ms
08-04 14:53:26.802 16763 18265 I art     : Starting a blocking GC Explicit
08-04 14:53:26.832 16763 18265 I art     : Explicit concurrent mark sweep GC freed 3(96B) AllocSpace objects, 0(0B) LOS objects, 35% free, 28MB/44MB, paused 1.008ms total 30.507ms
08-04 14:53:27.159 16763 16776 I art     : Starting a blocking GC Explicit
08-04 14:53:27.199 16763 16776 I art     : Explicit concurrent mark sweep GC freed 1372(80KB) AllocSpace objects, 1(20KB) LOS objects, 35% free, 28MB/44MB, paused 1.233ms total 39.366ms
08-04 14:53:27.211 16763 16776 I art     : Starting a blocking GC Explicit
08-04 14:53:27.232 16655 16655 I ServiceManager: Waiting for service AtCmdFwd...
08-04 14:53:27.242 16763 16776 I art     : Explicit concurrent mark sweep GC freed 23(752B) AllocSpace objects, 0(0B) LOS objects, 35% free, 28MB/44MB, paused 1.018ms total 30.614ms
08-04 14:53:27.252 16763 16776 I art     : Starting a blocking GC Explicit
08-04 14:53:27.282 16763 16776 I art     : Explicit concurrent mark sweep GC freed 3(96B) AllocSpace objects, 0(0B) LOS objects, 35% free, 28MB/44MB, paused 1.007ms total 30.121ms
08-04 14:53:27.292 16763 16776 I art     : Starting a blocking GC Explicit
08-04 14:53:27.322 16763 16776 I art     : Explicit concurrent mark sweep GC freed 3(96B) AllocSpace objects, 0(0B) LOS objects, 35% free, 28MB/44MB, paused 1.003ms total 30.028ms
08-04 14:53:27.332 16763 16776 I art     : Starting a blocking GC Explicit
08-04 14:53:27.362 16763 16776 I art     : Explicit concurrent mark sweep GC freed 32(880B) AllocSpace objects, 0(0B) LOS objects, 35% free, 28MB/44MB, paused 1.001ms total 29.802ms
08-04 14:53:27.683 16763 16785 I art     : Starting a blocking GC Explicit
08-04 14:53:27.726 16763 16785 I art     : Explicit concurrent mark sweep GC freed 1373(82KB) AllocSpace objects, 1(20KB) LOS objects, 35% free, 28MB/44MB, paused 1.181ms total 42.382ms
08-04 14:53:27.739 16763 16785 I art     : Starting a blocking GC Explicit
08-04 14:53:27.772 16763 16785 I art     : Explicit concurrent mark sweep GC freed 23(752B) AllocSpace objects, 0(0B) LOS objects, 35% free, 28MB/44MB, paused 1.011ms total 32.176ms
08-04 14:53:27.781 16763 16785 I art     : Starting a blocking GC Explicit
08-04 14:53:27.812 16763 16785 I art     : Explicit concurrent mark sweep GC freed 3(96B) AllocSpace objects, 0(0B) LOS objects, 35% free, 28MB/44MB, paused 1.010ms total 29.980ms
08-04 14:53:27.822 16763 16785 I art     : Starting a blocking GC Explicit
08-04 14:53:27.851 16763 16785 I art     : Explicit concurrent mark sweep GC freed 3(96B) AllocSpace objects, 0(0B) LOS objects, 35% free, 28MB/44MB, paused 968us total 29.690ms
08-04 14:53:27.861 16763 16785 I art     : Starting a blocking GC Explicit
08-04 14:53:27.890 16763 16785 I art     : Explicit concurrent mark sweep GC freed 3(96B) AllocSpace objects, 0(0B) LOS objects, 35% free, 28MB/44MB, paused 963us total 28.239ms
08-04 14:53:28.176 16763 16775 I art     : Starting a blocking GC Explicit
08-04 14:53:28.207 16763 16775 I art     : Explicit concurrent mark sweep GC freed 1372(80KB) AllocSpace objects, 1(20KB) LOS objects, 35% free, 28MB/44MB, paused 1.049ms total 30.204ms
08-04 14:53:28.217 16763 16775 I art     : Starting a blocking GC Explicit
08-04 14:53:28.233 16655 16655 I ServiceManager: Waiting for service AtCmdFwd...
08-04 14:53:28.244 16763 16775 I art     : Explicit concurrent mark sweep GC freed 23(752B) AllocSpace objects, 0(0B) LOS objects, 35% free, 28MB/44MB, paused 964us total 27.473ms
08-04 14:53:28.253 16763 16775 I art     : Starting a blocking GC Explicit
08-04 14:53:28.280 16763 16775 I art     : Explicit concurrent mark sweep GC freed 3(96B) AllocSpace objects, 0(0B) LOS objects, 35% free, 28MB/44MB, paused 1.030ms total 27.084ms
08-04 14:53:28.281 18998 18998 D AndroidRuntime: >>>>>> START com.android.internal.os.RuntimeInit uid 2000 <<<<<<
08-04 14:53:28.286 18998 18998 D AndroidRuntime: CheckJNI is OFF
08-04 14:53:28.290 16763 16775 I art     : Starting a blocking GC Explicit
08-04 14:53:28.318 16763 16775 I art     : Explicit concurrent mark sweep GC freed 3(96B) AllocSpace objects, 0(0B) LOS objects, 35% free, 28MB/44MB, paused 1.108ms total 28.028ms
08-04 14:53:28.322 18998 18998 D ICU     : No timezone override file found: /data/misc/zoneinfo/current/icu/icu_tzdata.dat
08-04 14:53:28.328 16763 16775 I art     : Starting a blocking GC Explicit
08-04 14:53:28.355 16763 16775 I art     : Explicit concurrent mark sweep GC freed 32(880B) AllocSpace objects, 0(0B) LOS objects, 35% free, 28MB/44MB, paused 1.062ms total 27.656ms
08-04 14:53:28.357 18998 18998 I Radio-JNI: register_android_hardware_Radio DONE
08-04 14:53:28.379 18998 18998 D AndroidRuntime: Calling main entry com.android.commands.input.Input
08-04 14:53:28.380 18998 18998 I Input   : injectKeyEvent: KeyEvent { action=ACTION_DOWN, keyCode=KEYCODE_BACK, scanCode=0, metaState=0, flags=0x0, repeatCount=0, eventTime=716024794, downTime=716024794, deviceId=-1, source=0x101 }
08-04 14:53:28.386 18998 18998 I Input   : injectKeyEvent: KeyEvent { action=ACTION_UP, keyCode=KEYCODE_BACK, scanCode=0, metaState=0, flags=0x0, repeatCount=0, eventTime=716024794, downTime=716024794, deviceId=-1, source=0x101 }
08-04 14:53:28.391 18998 18998 D AndroidRuntime: Shutting down VM
08-04 14:53:28.396 16763 16763 V PlaybackController: initServiceNotRunning()
08-04 14:53:28.396 16763 16763 D ExternalPlayerFragment: Loading media info
08-04 14:53:28.402 16763 16763 D UserPreferences: Using default data folder
08-04 14:53:28.402 16763 16788 D DBReader: getNavDrawerData() called with: 
08-04 14:53:28.411 16763 16788 D DBReader: getDownloadedItems() called
08-04 14:53:28.412 16763 16788 D DBReader: getFavoriteIDList() called
08-04 14:53:28.412 16763 16788 D DBReader: getQueueIDList() called
08-04 14:53:28.413 16763 16788 D DBReader: Extracting Feedlist
08-04 14:53:28.435 13866 13866 I GoogleInputMethodServic: GoogleInputMethodService.onFinishInput():3138 
08-04 14:53:28.435 16763 16763 D MainActivity: getLastNavFragment() -> AddFeedFragment
08-04 14:53:28.435 13866 13866 I GoogleInputMethodServic: GoogleInputMethodService.onStartInput():1808 
08-04 14:53:28.607 16763 16785 I art     : Starting a blocking GC Explicit
08-04 14:53:28.636 16763 16785 I art     : Explicit concurrent mark sweep GC freed 2484(153KB) AllocSpace objects, 1(20KB) LOS objects, 35% free, 28MB/44MB, paused 877us total 28.249ms
08-04 14:53:28.646 16763 16785 I art     : Starting a blocking GC Explicit
08-04 14:53:28.674 16763 16785 I art     : Explicit concurrent mark sweep GC freed 452(24KB) AllocSpace objects, 0(0B) LOS objects, 35% free, 28MB/44MB, paused 940us total 27.753ms
08-04 14:53:28.683 16763 16785 I art     : Starting a blocking GC Explicit
08-04 14:53:28.716 16763 16785 I art     : Explicit concurrent mark sweep GC freed 3(96B) AllocSpace objects, 0(0B) LOS objects, 35% free, 28MB/44MB, paused 992us total 32.542ms
08-04 14:53:28.727 16763 16785 I art     : Starting a blocking GC Explicit
08-04 14:53:28.750   380   380 W SurfaceFlinger: couldn't log to binary event log: overflow.
08-04 14:53:28.759 16763 16785 I art     : Explicit concurrent mark sweep GC freed 482(20KB) AllocSpace objects, 0(0B) LOS objects, 35% free, 28MB/44MB, paused 1.145ms total 30.815ms
08-04 14:53:28.768 16763 16785 I art     : Starting a blocking GC Explicit
08-04 14:53:28.794 16763 16785 I art     : Explicit concurrent mark sweep GC freed 121(4KB) AllocSpace objects, 0(0B) LOS objects, 35% free, 28MB/44MB, paused 972us total 26.367ms
08-04 14:53:29.079 16763 18265 I art     : Starting a blocking GC Explicit
08-04 14:53:29.121 16763 18265 I art     : Explicit concurrent mark sweep GC freed 3806(232KB) AllocSpace objects, 2(48KB) LOS objects, 35% free, 28MB/44MB, paused 1.115ms total 41.628ms
08-04 14:53:29.133 16763 18265 I art     : Starting a blocking GC Explicit
08-04 14:53:29.163 16763 18265 I art     : Explicit concurrent mark sweep GC freed 23(752B) AllocSpace objects, 0(0B) LOS objects, 35% free, 28MB/44MB, paused 1.017ms total 29.645ms
08-04 14:53:29.172 16763 18265 I art     : Starting a blocking GC Explicit
08-04 14:53:29.202 16763 18265 I art     : Explicit concurrent mark sweep GC freed 3(96B) AllocSpace objects, 0(0B) LOS objects, 35% free, 28MB/44MB, paused 1.008ms total 28.924ms
08-04 14:53:29.211 16763 18265 I art     : Starting a blocking GC Explicit
08-04 14:53:29.234 16655 16655 I ServiceManager: Waiting for service AtCmdFwd...
08-04 14:53:29.241 16763 18265 I art     : Explicit concurrent mark sweep GC freed 3(96B) AllocSpace objects, 0(0B) LOS objects, 35% free, 28MB/44MB, paused 1.014ms total 29.237ms
08-04 14:53:29.250 16763 18265 I art     : Starting a blocking GC Explicit
08-04 14:53:29.280 16763 18265 I art     : Explicit concurrent mark sweep GC freed 3(96B) AllocSpace objects, 0(0B) LOS objects, 35% free, 28MB/44MB, paused 1.006ms total 29.580ms
08-04 14:53:29.569 16763 16776 I art     : Starting a blocking GC Explicit
08-04 14:53:29.612 16763 16776 I art     : Explicit concurrent mark sweep GC freed 1403(83KB) AllocSpace objects, 1(20KB) LOS objects, 35% free, 28MB/44MB, paused 1.091ms total 42.442ms
08-04 14:53:29.630 16763 16776 I art     : Starting a blocking GC Explicit
08-04 14:53:29.658 16763 16776 I art     : Explicit concurrent mark sweep GC freed 23(752B) AllocSpace objects, 0(0B) LOS objects, 35% free, 28MB/44MB, paused 1.152ms total 27.341ms
08-04 14:53:29.667 16763 16776 I art     : Starting a blocking GC Explicit
08-04 14:53:29.694 16763 16776 I art     : Explicit concurrent mark sweep GC freed 3(96B) AllocSpace objects, 0(0B) LOS objects, 35% free, 28MB/44MB, paused 1.075ms total 27.290ms
08-04 14:53:29.704 16763 16776 I art     : Starting a blocking GC Explicit
08-04 14:53:29.731 16763 16776 I art     : Explicit concurrent mark sweep GC freed 3(96B) AllocSpace objects, 0(0B) LOS objects, 35% free, 28MB/44MB, paused 1.069ms total 27.181ms
08-04 14:53:29.740 16763 16776 I art     : Starting a blocking GC Explicit
08-04 14:53:29.768 16763 16776 I art     : Explicit concurrent mark sweep GC freed 3(96B) AllocSpace objects, 0(0B) LOS objects, 35% free, 28MB/44MB, paused 1.126ms total 27.328ms
08-04 14:53:30.053 19052 19052 D AndroidRuntime: >>>>>> START com.android.internal.os.RuntimeInit uid 2000 <<<<<<
08-04 14:53:30.059 16763 16785 I art     : Starting a blocking GC Explicit
08-04 14:53:30.060 19052 19052 D AndroidRuntime: CheckJNI is OFF
08-04 14:53:30.088 16763 16785 I art     : Explicit concurrent mark sweep GC freed 1381(80KB) AllocSpace objects, 1(20KB) LOS objects, 35% free, 28MB/44MB, paused 1.269ms total 28.189ms
08-04 14:53:30.098 19052 19052 D ICU     : No timezone override file found: /data/misc/zoneinfo/current/icu/icu_tzdata.dat
08-04 14:53:30.098 16763 16785 I art     : Starting a blocking GC Explicit
08-04 14:53:30.124 16763 16785 I art     : Explicit concurrent mark sweep GC freed 27(880B) AllocSpace objects, 0(0B) LOS objects, 35% free, 28MB/44MB, paused 1.092ms total 26.006ms
08-04 14:53:30.125 16763 16774 I art     : WaitForGcToComplete blocked for 26.446ms for cause HeapTrim
08-04 14:53:30.132 19052 19052 I Radio-JNI: register_android_hardware_Radio DONE
08-04 14:53:30.133 16763 16785 I art     : Starting a blocking GC Explicit
08-04 14:53:30.154 19052 19052 D AndroidRuntime: Calling main entry com.android.commands.input.Input
08-04 14:53:30.156 19052 19052 I Input   : injectKeyEvent: KeyEvent { action=ACTION_DOWN, keyCode=KEYCODE_BACK, scanCode=0, metaState=0, flags=0x0, repeatCount=0, eventTime=716026569, downTime=716026569, deviceId=-1, source=0x101 }
08-04 14:53:30.160 16763 16785 I art     : Explicit concurrent mark sweep GC freed 7(224B) AllocSpace objects, 0(0B) LOS objects, 35% free, 28MB/44MB, paused 984us total 26.157ms
08-04 14:53:30.163 19052 19052 I Input   : injectKeyEvent: KeyEvent { action=ACTION_UP, keyCode=KEYCODE_BACK, scanCode=0, metaState=0, flags=0x0, repeatCount=0, eventTime=716026569, downTime=716026569, deviceId=-1, source=0x101 }
08-04 14:53:30.169 16763 16785 I art     : Starting a blocking GC Explicit
08-04 14:53:30.174 13866 13866 I GoogleInputMethodServic: GoogleInputMethodService.onFinishInput():3138 
08-04 14:53:30.174 13866 13866 I GoogleInputMethodServic: GoogleInputMethodService.onStartInput():1808 
08-04 14:53:30.179 19052 19052 D AndroidRuntime: Shutting down VM
08-04 14:53:30.196 16763 16785 I art     : Explicit concurrent mark sweep GC freed 1119(45KB) AllocSpace objects, 0(0B) LOS objects, 35% free, 28MB/44MB, paused 974us total 26.907ms
08-04 14:53:30.205 16763 16785 I art     : Starting a blocking GC Explicit
08-04 14:53:30.231 16763 16785 I art     : Explicit concurrent mark sweep GC freed 213(14KB) AllocSpace objects, 0(0B) LOS objects, 35% free, 28MB/44MB, paused 888us total 25.360ms
08-04 14:53:30.234 16655 16655 I ServiceManager: Waiting for service AtCmdFwd...
08-04 14:53:30.488 16763 19031 I art     : Starting a blocking GC Explicit
08-04 14:53:30.519 16763 19031 I art     : Explicit concurrent mark sweep GC freed 3906(247KB) AllocSpace objects, 10(1560KB) LOS objects, 37% free, 26MB/42MB, paused 1.232ms total 30.320ms
08-04 14:53:30.528 16763 19031 I art     : Starting a blocking GC Explicit
08-04 14:53:30.557 16763 19031 I art     : Explicit concurrent mark sweep GC freed 23(752B) AllocSpace objects, 0(0B) LOS objects, 37% free, 26MB/42MB, paused 983us total 28.281ms
08-04 14:53:30.566 16763 19031 I art     : Starting a blocking GC Explicit
08-04 14:53:30.595 16763 19031 I art     : Explicit concurrent mark sweep GC freed 3(96B) AllocSpace objects, 0(0B) LOS objects, 37% free, 26MB/42MB, paused 985us total 28.349ms
08-04 14:53:30.604 16763 19031 I art     : Starting a blocking GC Explicit
08-04 14:53:30.633 16763 19031 I art     : Explicit concurrent mark sweep GC freed 3(96B) AllocSpace objects, 0(0B) LOS objects, 37% free, 26MB/42MB, paused 994us total 28.410ms
08-04 14:53:30.642 16763 19031 I art     : Starting a blocking GC Explicit
08-04 14:53:30.671 16763 19031 I art     : Explicit concurrent mark sweep GC freed 3(96B) AllocSpace objects, 0(0B) LOS objects, 37% free, 26MB/42MB, paused 992us total 28.315ms
08-04 14:53:30.961 16763 16775 I art     : Starting a blocking GC Explicit
08-04 14:53:30.997 16763 16775 I art     : Explicit concurrent mark sweep GC freed 1372(81KB) AllocSpace objects, 1(20KB) LOS objects, 37% free, 26MB/42MB, paused 1.086ms total 36.050ms
08-04 14:53:31.008 16763 16775 I art     : Starting a blocking GC Explicit
08-04 14:53:31.038 16763 16775 I art     : Explicit concurrent mark sweep GC freed 23(752B) AllocSpace objects, 0(0B) LOS objects, 37% free, 26MB/42MB, paused 1.065ms total 29.317ms
08-04 14:53:31.048 16763 16775 I art     : Starting a blocking GC Explicit
08-04 14:53:31.077 16763 16775 I art     : Explicit concurrent mark sweep GC freed 3(96B) AllocSpace objects, 0(0B) LOS objects, 37% free, 26MB/42MB, paused 1.055ms total 29.064ms
08-04 14:53:31.087 16763 16775 I art     : Starting a blocking GC Explicit
08-04 14:53:31.115 16763 16775 I art     : Explicit concurrent mark sweep GC freed 3(96B) AllocSpace objects, 0(0B) LOS objects, 37% free, 26MB/42MB, paused 990us total 28.185ms
08-04 14:53:31.124 16763 16775 I art     : Starting a blocking GC Explicit
08-04 14:53:31.153 16763 16775 I art     : Explicit concurrent mark sweep GC freed 3(96B) AllocSpace objects, 0(0B) LOS objects, 37% free, 26MB/42MB, paused 1.002ms total 28.394ms
08-04 14:53:31.234 16655 16655 W Atfwd_Sendcmd: AtCmdFwd service not published, waiting... retryCnt : 2
08-04 14:53:31.452 16763 18265 I art     : Starting a blocking GC Explicit
08-04 14:53:31.481 16763 18265 I art     : Explicit concurrent mark sweep GC freed 1402(82KB) AllocSpace objects, 1(20KB) LOS objects, 37% free, 26MB/42MB, paused 1.017ms total 28.593ms
08-04 14:53:31.491 16763 18265 I art     : Starting a blocking GC Explicit
08-04 14:53:31.518 16763 18265 I art     : Explicit concurrent mark sweep GC freed 23(752B) AllocSpace objects, 0(0B) LOS objects, 37% free, 26MB/42MB, paused 1.038ms total 27.263ms
08-04 14:53:31.527 16763 18265 I art     : Starting a blocking GC Explicit
08-04 14:53:31.554 16763 18265 I art     : Explicit concurrent mark sweep GC freed 3(96B) AllocSpace objects, 0(0B) LOS objects, 37% free, 26MB/42MB, paused 1.014ms total 26.526ms
08-04 14:53:31.563 16763 18265 I art     : Starting a blocking GC Explicit
08-04 14:53:31.591 16763 18265 I art     : Explicit concurrent mark sweep GC freed 3(96B) AllocSpace objects, 0(0B) LOS objects, 37% free, 26MB/42MB, paused 1.020ms total 27.299ms
08-04 14:53:31.600 16763 18265 I art     : Starting a blocking GC Explicit
08-04 14:53:31.628 16763 18265 I art     : Explicit concurrent mark sweep GC freed 3(96B) AllocSpace objects, 0(0B) LOS objects, 37% free, 26MB/42MB, paused 1.128ms total 27.625ms
08-04 14:53:31.838 19105 19105 D AndroidRuntime: >>>>>> START com.android.internal.os.RuntimeInit uid 2000 <<<<<<
08-04 14:53:31.842 19105 19105 D AndroidRuntime: CheckJNI is OFF
08-04 14:53:31.871 19105 19105 D ICU     : No timezone override file found: /data/misc/zoneinfo/current/icu/icu_tzdata.dat
08-04 14:53:31.902 19105 19105 I Radio-JNI: register_android_hardware_Radio DONE
08-04 14:53:31.916 16763 16785 I art     : Starting a blocking GC Explicit
08-04 14:53:31.922 19105 19105 D AndroidRuntime: Calling main entry com.android.commands.input.Input
08-04 14:53:31.924 19105 19105 I Input   : injectMotionEvent: MotionEvent { action=ACTION_DOWN, actionButton=0, id[0]=0, x[0]=103.0, y[0]=192.0, toolType[0]=TOOL_TYPE_UNKNOWN, buttonState=0, metaState=0, flags=0x0, edgeFlags=0x0, pointerCount=1, historySize=0, eventTime=716028337, downTime=716028337, deviceId=0, source=0x1002 }
08-04 14:53:31.929 19105 19105 I Input   : injectMotionEvent: MotionEvent { action=ACTION_UP, actionButton=0, id[0]=0, x[0]=103.0, y[0]=192.0, toolType[0]=TOOL_TYPE_UNKNOWN, buttonState=0, metaState=0, flags=0x0, edgeFlags=0x0, pointerCount=1, historySize=0, eventTime=716028337, downTime=716028337, deviceId=0, source=0x1002 }
08-04 14:53:31.931 19105 19105 D AndroidRuntime: Shutting down VM
08-04 14:53:31.942   512  2967 D audio_hw_primary: out_set_parameters: enter: usecase(1: low-latency-playback) kvpairs: routing=2
08-04 14:53:31.945 16763 16785 I art     : Explicit concurrent mark sweep GC freed 1414(83KB) AllocSpace objects, 1(20KB) LOS objects, 37% free, 26MB/42MB, paused 1.541ms total 28.522ms
08-04 14:53:31.954 16763 16785 I art     : Starting a blocking GC Explicit
08-04 14:53:31.955   512  2967 D audio_hw_primary: select_devices: out_snd_device(2: speaker) in_snd_device(0: none)
08-04 14:53:31.955   512  2967 D msm8974_platform: platform_send_audio_calibration: sending audio calibration for snd_device(2) acdb_id(15)
08-04 14:53:31.955   512  2967 I soundtrigger: audio_extn_sound_trigger_update_device_status: device 0x2 of type 0 for Event 1
08-04 14:53:31.964   512  2967 D audio_hw_primary: enable_snd_device: snd_device(2: speaker)
08-04 14:53:31.967   512  2967 D audio_hw_primary: enable_audio_route: apply and update mixer path: low-latency-playback speaker
08-04 14:53:31.977 13866 13866 I GoogleInputMethodServic: GoogleInputMethodService.onFinishInput():3138 
08-04 14:53:31.978 13866 13866 I GoogleInputMethodServic: GoogleInputMethodService.onStartInput():1808 
08-04 14:53:31.980 16763 16785 I art     : Explicit concurrent mark sweep GC freed 190(7KB) AllocSpace objects, 0(0B) LOS objects, 37% free, 26MB/42MB, paused 920us total 25.946ms
08-04 14:53:31.989 16763 16785 I art     : Starting a blocking GC Explicit
08-04 14:53:32.014 16763 16785 I art     : Explicit concurrent mark sweep GC freed 125(6KB) AllocSpace objects, 0(0B) LOS objects, 37% free, 26MB/42MB, paused 896us total 25.018ms
08-04 14:53:32.024 16763 16785 I art     : Starting a blocking GC Explicit
08-04 14:53:32.049 16763 16785 I art     : Explicit concurrent mark sweep GC freed 376(19KB) AllocSpace objects, 0(0B) LOS objects, 37% free, 26MB/42MB, paused 959us total 24.729ms
08-04 14:53:32.057 16763 16785 I art     : Starting a blocking GC Explicit
08-04 14:53:32.082 16763 16785 I art     : Explicit concurrent mark sweep GC freed 7(384B) AllocSpace objects, 0(0B) LOS objects, 37% free, 26MB/42MB, paused 952us total 24.630ms
08-04 14:53:32.358 16763 16785 I art     : Starting a blocking GC Explicit
08-04 14:53:32.386 16763 16785 I art     : Explicit concurrent mark sweep GC freed 1403(81KB) AllocSpace objects, 1(20KB) LOS objects, 37% free, 26MB/42MB, paused 1.048ms total 28.450ms
08-04 14:53:32.396 16763 16785 I art     : Starting a blocking GC Explicit
08-04 14:53:32.425 16763 16785 I art     : Explicit concurrent mark sweep GC freed 33(1072B) AllocSpace objects, 0(0B) LOS objects, 37% free, 26MB/42MB, paused 1.074ms total 28.372ms
08-04 14:53:32.435 16763 16785 I art     : Starting a blocking GC Explicit
08-04 14:53:32.459 16763 16785 I art     : Explicit concurrent mark sweep GC freed 3(96B) AllocSpace objects, 0(0B) LOS objects, 37% free, 26MB/42MB, paused 876us total 24.390ms
08-04 14:53:32.468 16763 16785 I art     : Starting a blocking GC Explicit
08-04 14:53:32.495 16763 16785 I art     : Explicit concurrent mark sweep GC freed 3(96B) AllocSpace objects, 0(0B) LOS objects, 37% free, 26MB/42MB, paused 901us total 26.460ms
08-04 14:53:32.504 16763 16785 I art     : Starting a blocking GC Explicit
08-04 14:53:32.508   512  2967 D audio_hw_primary: disable_audio_route: reset and update mixer path: low-latency-playback speaker
08-04 14:53:32.509   512  2967 D audio_hw_primary: disable_snd_device: snd_device(2: speaker)
08-04 14:53:32.517   512  2967 I soundtrigger: audio_extn_sound_trigger_update_device_status: device 0x2 of type 0 for Event 0
08-04 14:53:32.530 16763 16785 I art     : Explicit concurrent mark sweep GC freed 3(96B) AllocSpace objects, 0(0B) LOS objects, 37% free, 26MB/42MB, paused 983us total 25.697ms
08-04 14:53:32.828 16763 18265 I art     : Starting a blocking GC Explicit
08-04 14:53:32.866 16763 18265 I art     : Explicit concurrent mark sweep GC freed 1371(80KB) AllocSpace objects, 1(20KB) LOS objects, 37% free, 26MB/42MB, paused 1.070ms total 36.661ms
08-04 14:53:32.877 16763 18265 I art     : Starting a blocking GC Explicit
08-04 14:53:32.907 16763 18265 I art     : Explicit concurrent mark sweep GC freed 25(816B) AllocSpace objects, 0(0B) LOS objects, 37% free, 26MB/42MB, paused 1.009ms total 29.109ms
08-04 14:53:32.916 16763 18265 I art     : Starting a blocking GC Explicit
08-04 14:53:32.945 16763 18265 I art     : Explicit concurrent mark sweep GC freed 3(96B) AllocSpace objects, 0(0B) LOS objects, 37% free, 26MB/42MB, paused 993us total 28.364ms
08-04 14:53:32.954 16763 18265 I art     : Starting a blocking GC Explicit
08-04 14:53:32.983 16763 18265 I art     : Explicit concurrent mark sweep GC freed 3(96B) AllocSpace objects, 0(0B) LOS objects, 37% free, 26MB/42MB, paused 994us total 28.313ms
08-04 14:53:32.992 16763 18265 I art     : Starting a blocking GC Explicit
08-04 14:53:33.021 16763 18265 I art     : Explicit concurrent mark sweep GC freed 3(96B) AllocSpace objects, 0(0B) LOS objects, 37% free, 26MB/42MB, paused 1.001ms total 28.699ms
08-04 14:53:33.304 16763 16776 I art     : Starting a blocking GC Explicit
08-04 14:53:33.333 16763 16776 I art     : Explicit concurrent mark sweep GC freed 1400(81KB) AllocSpace objects, 1(20KB) LOS objects, 37% free, 26MB/42MB, paused 1.034ms total 28.783ms
08-04 14:53:33.343 16763 16776 I art     : Starting a blocking GC Explicit
08-04 14:53:33.371 16763 16776 I art     : Explicit concurrent mark sweep GC freed 23(752B) AllocSpace objects, 0(0B) LOS objects, 37% free, 26MB/42MB, paused 1.015ms total 27.911ms
08-04 14:53:33.380 16763 16776 I art     : Starting a blocking GC Explicit
08-04 14:53:33.408 16763 16776 I art     : Explicit concurrent mark sweep GC freed 3(96B) AllocSpace objects, 0(0B) LOS objects, 37% free, 26MB/42MB, paused 1.067ms total 27.117ms
08-04 14:53:33.417 16763 16776 I art     : Starting a blocking GC Explicit
08-04 14:53:33.444 16763 16776 I art     : Explicit concurrent mark sweep GC freed 3(96B) AllocSpace objects, 0(0B) LOS objects, 37% free, 26MB/42MB, paused 1.017ms total 26.777ms
08-04 14:53:33.454 16763 16776 I art     : Starting a blocking GC Explicit
08-04 14:53:33.481 16763 16776 I art     : Explicit concurrent mark sweep GC freed 3(96B) AllocSpace objects, 0(0B) LOS objects, 37% free, 26MB/42MB, paused 1.005ms total 27.279ms
08-04 14:53:33.601 19151 19151 D AndroidRuntime: >>>>>> START com.android.internal.os.RuntimeInit uid 2000 <<<<<<
08-04 14:53:33.606 19151 19151 D AndroidRuntime: CheckJNI is OFF
08-04 14:53:33.640 19151 19151 D ICU     : No timezone override file found: /data/misc/zoneinfo/current/icu/icu_tzdata.dat
08-04 14:53:33.672 19151 19151 I Radio-JNI: register_android_hardware_Radio DONE
08-04 14:53:33.694 19151 19151 D AndroidRuntime: Calling main entry com.android.commands.input.Input
08-04 14:53:33.696 19151 19151 I Input   : injectMotionEvent: MotionEvent { action=ACTION_DOWN, actionButton=0, id[0]=0, x[0]=625.0, y[0]=1248.0, toolType[0]=TOOL_TYPE_UNKNOWN, buttonState=0, metaState=0, flags=0x0, edgeFlags=0x0, pointerCount=1, historySize=0, eventTime=716030108, downTime=716030108, deviceId=0, source=0x1002 }
08-04 14:53:33.700 19151 19151 I Input   : injectMotionEvent: MotionEvent { action=ACTION_UP, actionButton=0, id[0]=0, x[0]=625.0, y[0]=1248.0, toolType[0]=TOOL_TYPE_UNKNOWN, buttonState=0, metaState=0, flags=0x0, edgeFlags=0x0, pointerCount=1, historySize=0, eventTime=716030108, downTime=716030108, deviceId=0, source=0x1002 }
08-04 14:53:33.701 19151 19151 D AndroidRuntime: Shutting down VM
08-04 14:53:33.757 16763 16776 I art     : Starting a blocking GC Explicit
08-04 14:53:33.774 16763 16763 D MainActivity: loadFragment(index: 7, args: null)
08-04 14:53:33.775 16763 16763 D MainActivity: saveLastNavFragment(tag: 2)
08-04 14:53:33.775 16763 16763 D MainActivity: getLastNavFragment() -> 2
08-04 14:53:33.776   512  2967 D audio_hw_primary: out_set_parameters: enter: usecase(1: low-latency-playback) kvpairs: routing=2
08-04 14:53:33.786 16763 16776 I art     : Explicit concurrent mark sweep GC freed 1509(98KB) AllocSpace objects, 2(40KB) LOS objects, 37% free, 27MB/43MB, paused 1.137ms total 29.443ms
08-04 14:53:33.789   512  2967 D audio_hw_primary: select_devices: out_snd_device(2: speaker) in_snd_device(0: none)
08-04 14:53:33.789   512  2967 D msm8974_platform: platform_send_audio_calibration: sending audio calibration for snd_device(2) acdb_id(15)
08-04 14:53:33.789   512  2967 I soundtrigger: audio_extn_sound_trigger_update_device_status: device 0x2 of type 0 for Event 1
08-04 14:53:33.796 16763 16776 I art     : Starting a blocking GC Explicit
08-04 14:53:33.799   512  2967 D audio_hw_primary: enable_snd_device: snd_device(2: speaker)
08-04 14:53:33.801   512  2967 D audio_hw_primary: enable_audio_route: apply and update mixer path: low-latency-playback speaker
08-04 14:53:33.812 16763 16763 D ItemlistFragment: onEventMainThread() called with: event = [DownloadEvent{update=DownloaderUpdate{downloaders=[], feedIds=[], mediaIds=[]}}]
08-04 14:53:33.813 16763 16783 D DBReader: getFeed() called with: feedId = [2]
08-04 14:53:33.814 16763 16783 D DBReader: getFeedItemList() called with: feed = [baseline.de.danoeh.antennapod.core.feed.Feed@2]
08-04 14:53:33.826 16763 16776 I art     : Explicit concurrent mark sweep GC freed 2305(109KB) AllocSpace objects, 0(0B) LOS objects, 36% free, 27MB/43MB, paused 1.345ms total 29.010ms
08-04 14:53:33.835 16763 16776 I art     : Starting a blocking GC Explicit
08-04 14:53:33.864 16763 16776 I art     : Explicit concurrent mark sweep GC freed 1297(34KB) AllocSpace objects, 0(0B) LOS objects, 36% free, 28MB/44MB, paused 1.249ms total 28.881ms
08-04 14:53:33.873 16763 16776 I art     : Starting a blocking GC Explicit
08-04 14:53:33.892 16763 16783 W PodDBAdapter: Length of id array is larger than 800. Creating multiple cursors
08-04 14:53:33.904 16763 16776 I art     : Explicit concurrent mark sweep GC freed 3953(264KB) AllocSpace objects, 1(16KB) LOS objects, 35% free, 28MB/44MB, paused 1.161ms total 30.447ms
08-04 14:53:33.913 16763 16776 I art     : Starting a blocking GC Explicit
08-04 14:53:33.944 16763 16776 I art     : Explicit concurrent mark sweep GC freed 56(16KB) AllocSpace objects, 0(0B) LOS objects, 35% free, 29MB/45MB, paused 1.250ms total 30.441ms
08-04 14:53:33.963 16763 16783 D DBReader: getFavoriteIDList() called
08-04 14:53:33.963 16763 16783 D DBReader: getQueueIDList() called
08-04 14:53:33.964 16763 16783 D DBReader: Extracting Feedlist
08-04 14:53:33.999 16763 16763 D FeedMenuHandler: Preparing options menu
08-04 14:53:34.050 16763 17709 D ApOkHttpUrlLoader: buildLoadData() called with: model = [http://static.libsyn.com/p/assets/7/1/f/3/71f3014e14ef2722/JREiTunesImage2.jpg], width = [1440], height = [462]
08-04 14:53:34.122 16763 16784 V RenderScript: 0x7f7e466000 Launching thread(s), CPUs 8
08-04 14:53:34.206 16763 16776 I art     : Starting a blocking GC Explicit
08-04 14:53:34.214 13866 13866 I GoogleInputMethodServic: GoogleInputMethodService.onFinishInput():3138 
08-04 14:53:34.214 13866 13866 I GoogleInputMethodServic: GoogleInputMethodService.onStartInput():1808 
08-04 14:53:34.239 16763 16776 I art     : Explicit concurrent mark sweep GC freed 12371(515KB) AllocSpace objects, 7(252KB) LOS objects, 29% free, 37MB/53MB, paused 986us total 32.960ms
08-04 14:53:34.249 16763 16776 I art     : Starting a blocking GC Explicit
08-04 14:53:34.284 16763 16776 I art     : Explicit concurrent mark sweep GC freed 1059(63KB) AllocSpace objects, 0(0B) LOS objects, 29% free, 37MB/53MB, paused 1.012ms total 35.257ms
08-04 14:53:34.295 16763 16776 I art     : Starting a blocking GC Explicit
08-04 14:53:34.327 16763 16776 I art     : Explicit concurrent mark sweep GC freed 31(848B) AllocSpace objects, 0(0B) LOS objects, 29% free, 37MB/53MB, paused 991us total 32.455ms
08-04 14:53:34.338 16763 16776 I art     : Starting a blocking GC Explicit
08-04 14:53:34.339   512  2967 D audio_hw_primary: disable_audio_route: reset and update mixer path: low-latency-playback speaker
08-04 14:53:34.341   512  2967 D audio_hw_primary: disable_snd_device: snd_device(2: speaker)
08-04 14:53:34.349   512  2967 I soundtrigger: audio_extn_sound_trigger_update_device_status: device 0x2 of type 0 for Event 0
08-04 14:53:34.375 16763 16776 I art     : Explicit concurrent mark sweep GC freed 4(128B) AllocSpace objects, 0(0B) LOS objects, 29% free, 37MB/53MB, paused 1.194ms total 36.214ms
08-04 14:53:34.386 16763 16776 I art     : Starting a blocking GC Explicit
08-04 14:53:34.422 16763 16776 I art     : Explicit concurrent mark sweep GC freed 5(160B) AllocSpace objects, 0(0B) LOS objects, 29% free, 37MB/53MB, paused 1.001ms total 35.835ms
08-04 14:53:34.742 16763 18265 I art     : Starting a blocking GC Explicit
08-04 14:53:34.781 16763 18265 I art     : Explicit concurrent mark sweep GC freed 1375(80KB) AllocSpace objects, 1(20KB) LOS objects, 29% free, 37MB/53MB, paused 1.026ms total 38.695ms
08-04 14:53:34.792 16763 18265 I art     : Starting a blocking GC Explicit
08-04 14:53:34.831 16763 18265 I art     : Explicit concurrent mark sweep GC freed 59(1984B) AllocSpace objects, 0(0B) LOS objects, 29% free, 37MB/53MB, paused 1.048ms total 38.745ms
08-04 14:53:34.843 16763 18265 I art     : Starting a blocking GC Explicit
08-04 14:53:34.883 16763 18265 I art     : Explicit concurrent mark sweep GC freed 3(96B) AllocSpace objects, 0(0B) LOS objects, 29% free, 37MB/53MB, paused 1.031ms total 39.325ms
08-04 14:53:34.894 16763 18265 I art     : Starting a blocking GC Explicit
08-04 14:53:34.933 16763 18265 I art     : Explicit concurrent mark sweep GC freed 3(96B) AllocSpace objects, 0(0B) LOS objects, 29% free, 37MB/53MB, paused 1.146ms total 38.905ms
08-04 14:53:34.945 16763 18265 I art     : Starting a blocking GC Explicit
08-04 14:53:34.984 16763 18265 I art     : Explicit concurrent mark sweep GC freed 3(96B) AllocSpace objects, 0(0B) LOS objects, 29% free, 37MB/53MB, paused 1.015ms total 39.040ms
08-04 14:53:35.213   518   646 I ThermalEngine: ACTION: GPU - Setting GPU[0] to 450000000
08-04 14:53:35.310 16763 16775 I art     : Starting a blocking GC Explicit
08-04 14:53:35.373 16763 16775 I art     : Explicit concurrent mark sweep GC freed 1401(81KB) AllocSpace objects, 1(20KB) LOS objects, 29% free, 37MB/53MB, paused 1.463ms total 63.273ms
08-04 14:53:35.391 16763 16775 I art     : Starting a blocking GC Explicit
08-04 14:53:35.444 16763 16775 I art     : Explicit concurrent mark sweep GC freed 23(752B) AllocSpace objects, 0(0B) LOS objects, 29% free, 37MB/53MB, paused 1.383ms total 52.600ms
08-04 14:53:35.459 16763 16775 I art     : Starting a blocking GC Explicit
08-04 14:53:35.511 16763 16775 I art     : Explicit concurrent mark sweep GC freed 3(96B) AllocSpace objects, 0(0B) LOS objects, 29% free, 37MB/53MB, paused 1.477ms total 52.318ms
08-04 14:53:35.530 16763 16775 I art     : Starting a blocking GC Explicit
08-04 14:53:35.579 16763 16775 I art     : Explicit concurrent mark sweep GC freed 3(96B) AllocSpace objects, 0(0B) LOS objects, 29% free, 37MB/53MB, paused 1.413ms total 49.097ms
08-04 14:53:35.594 16763 16775 I art     : Starting a blocking GC Explicit
08-04 14:53:35.646 16763 16775 I art     : Explicit concurrent mark sweep GC freed 9(288B) AllocSpace objects, 0(0B) LOS objects, 29% free, 37MB/53MB, paused 1.798ms total 51.722ms
08-04 14:53:36.003 16763 16775 I art     : Starting a blocking GC Explicit
08-04 14:53:36.058 16763 16775 I art     : Explicit concurrent mark sweep GC freed 2096(103KB) AllocSpace objects, 1(20KB) LOS objects, 29% free, 37MB/53MB, paused 1.518ms total 54.686ms
08-04 14:53:36.072 16763 16775 I art     : Starting a blocking GC Explicit
08-04 14:53:36.123 16763 16775 I art     : Explicit concurrent mark sweep GC freed 23(752B) AllocSpace objects, 0(0B) LOS objects, 29% free, 37MB/53MB, paused 1.461ms total 50.319ms
08-04 14:53:36.141 16763 16775 I art     : Starting a blocking GC Explicit
08-04 14:53:36.191 16763 16775 I art     : Explicit concurrent mark sweep GC freed 3(96B) AllocSpace objects, 0(0B) LOS objects, 29% free, 37MB/53MB, paused 1.321ms total 49.300ms
08-04 14:53:36.205 16763 16775 I art     : Starting a blocking GC Explicit
08-04 14:53:36.257 16763 16775 I art     : Explicit concurrent mark sweep GC freed 3(96B) AllocSpace objects, 0(0B) LOS objects, 29% free, 37MB/53MB, paused 1.390ms total 51.033ms
08-04 14:53:36.271 16763 16775 I art     : Starting a blocking GC Explicit
08-04 14:53:36.321 16763 16775 I art     : Explicit concurrent mark sweep GC freed 3(96B) AllocSpace objects, 0(0B) LOS objects, 29% free, 37MB/53MB, paused 1.372ms total 49.545ms
08-04 14:53:36.677 16763 18265 I art     : Starting a blocking GC Explicit
08-04 14:53:36.738 16763 18265 I art     : Explicit concurrent mark sweep GC freed 2289(113KB) AllocSpace objects, 1(20KB) LOS objects, 29% free, 37MB/53MB, paused 1.543ms total 61.487ms
08-04 14:53:36.757 16763 18265 I art     : Starting a blocking GC Explicit
08-04 14:53:36.811 16763 18265 I art     : Explicit concurrent mark sweep GC freed 23(752B) AllocSpace objects, 0(0B) LOS objects, 29% free, 37MB/53MB, paused 1.450ms total 53.714ms
08-04 14:53:36.830 16763 18265 I art     : Starting a blocking GC Explicit
08-04 14:53:36.880 16763 18265 I art     : Explicit concurrent mark sweep GC freed 3(96B) AllocSpace objects, 0(0B) LOS objects, 29% free, 37MB/53MB, paused 1.398ms total 50.537ms
08-04 14:53:36.895 16763 18265 I art     : Starting a blocking GC Explicit
08-04 14:53:36.945 16763 18265 I art     : Explicit concurrent mark sweep GC freed 3(96B) AllocSpace objects, 0(0B) LOS objects, 29% free, 37MB/53MB, paused 1.515ms total 49.952ms
08-04 14:53:36.960 16763 18265 I art     : Starting a blocking GC Explicit
08-04 14:53:37.010 16763 18265 I art     : Explicit concurrent mark sweep GC freed 3(96B) AllocSpace objects, 0(0B) LOS objects, 29% free, 37MB/53MB, paused 1.445ms total 49.403ms
08-04 14:53:37.215   518   646 I ThermalEngine: ACTION: GPU - Setting GPU[0] to 510000000
08-04 14:53:37.352 16763 19031 I art     : Starting a blocking GC Explicit
08-04 14:53:37.400 16763 19031 I art     : Explicit concurrent mark sweep GC freed 1401(81KB) AllocSpace objects, 1(20KB) LOS objects, 29% free, 37MB/53MB, paused 1.142ms total 47.689ms
08-04 14:53:37.415 16763 19031 I art     : Starting a blocking GC Explicit
08-04 14:53:37.454 16763 19031 I art     : Explicit concurrent mark sweep GC freed 23(752B) AllocSpace objects, 0(0B) LOS objects, 29% free, 37MB/53MB, paused 1.046ms total 38.676ms
08-04 14:53:37.466 16763 19031 I art     : Starting a blocking GC Explicit
08-04 14:53:37.503 16763 19031 I art     : Explicit concurrent mark sweep GC freed 3(96B) AllocSpace objects, 0(0B) LOS objects, 29% free, 37MB/53MB, paused 997us total 37.494ms
08-04 14:53:37.514 16763 19031 I art     : Starting a blocking GC Explicit
08-04 14:53:37.553 16763 19031 I art     : Explicit concurrent mark sweep GC freed 3(96B) AllocSpace objects, 0(0B) LOS objects, 29% free, 37MB/53MB, paused 1.014ms total 38.481ms
08-04 14:53:37.565 16763 19031 I art     : Starting a blocking GC Explicit
08-04 14:53:37.603 16763 19031 I art     : Explicit concurrent mark sweep GC freed 3(96B) AllocSpace objects, 0(0B) LOS objects, 29% free, 37MB/53MB, paused 1.035ms total 37.735ms
08-04 14:53:37.948 16763 16785 I art     : Starting a blocking GC Explicit
08-04 14:53:37.989 16763 16785 I art     : Explicit concurrent mark sweep GC freed 1490(90KB) AllocSpace objects, 1(20KB) LOS objects, 29% free, 37MB/53MB, paused 958us total 40.421ms
08-04 14:53:38.000 16763 16785 I art     : Starting a blocking GC Explicit
08-04 14:53:38.035 16763 16785 I art     : Explicit concurrent mark sweep GC freed 23(752B) AllocSpace objects, 0(0B) LOS objects, 29% free, 37MB/53MB, paused 925us total 35.061ms
08-04 14:53:38.046 16763 16785 I art     : Starting a blocking GC Explicit
08-04 14:53:38.081 16763 16785 I art     : Explicit concurrent mark sweep GC freed 3(96B) AllocSpace objects, 0(0B) LOS objects, 29% free, 37MB/53MB, paused 910us total 35.330ms
08-04 14:53:38.092 16763 16785 I art     : Starting a blocking GC Explicit
08-04 14:53:38.127 16763 16785 I art     : Explicit concurrent mark sweep GC freed 3(96B) AllocSpace objects, 0(0B) LOS objects, 29% free, 37MB/53MB, paused 1.042ms total 35.312ms
08-04 14:53:38.138 16763 16785 I art     : Starting a blocking GC Explicit
08-04 14:53:38.174 16763 16785 I art     : Explicit concurrent mark sweep GC freed 3(96B) AllocSpace objects, 0(0B) LOS objects, 29% free, 37MB/53MB, paused 923us total 35.405ms
08-04 14:53:38.367 19263 19263 D AndroidRuntime: >>>>>> START com.android.internal.os.RuntimeInit uid 2000 <<<<<<
08-04 14:53:38.372 19263 19263 D AndroidRuntime: CheckJNI is OFF
08-04 14:53:38.403 19263 19263 D ICU     : No timezone override file found: /data/misc/zoneinfo/current/icu/icu_tzdata.dat
08-04 14:53:38.436 19263 19263 I Radio-JNI: register_android_hardware_Radio DONE
08-04 14:53:38.458 19263 19263 D AndroidRuntime: Calling main entry com.android.commands.input.Input
08-04 14:53:38.460 19263 19263 I Input   : injectMotionEvent: MotionEvent { action=ACTION_DOWN, actionButton=0, id[0]=0, x[0]=1363.0, y[0]=517.0, toolType[0]=TOOL_TYPE_UNKNOWN, buttonState=0, metaState=0, flags=0x0, edgeFlags=0x0, pointerCount=1, historySize=0, eventTime=716034873, downTime=716034873, deviceId=0, source=0x1002 }
08-04 14:53:38.464 19263 19263 I Input   : injectMotionEvent: MotionEvent { action=ACTION_UP, actionButton=0, id[0]=0, x[0]=1363.0, y[0]=517.0, toolType[0]=TOOL_TYPE_UNKNOWN, buttonState=0, metaState=0, flags=0x0, edgeFlags=0x0, pointerCount=1, historySize=0, eventTime=716034873, downTime=716034873, deviceId=0, source=0x1002 }
08-04 14:53:38.465 19263 19263 D AndroidRuntime: Shutting down VM
08-04 14:53:38.480 16763 16776 I art     : Starting a blocking GC Explicit
08-04 14:53:38.482   512  2967 D audio_hw_primary: out_set_parameters: enter: usecase(1: low-latency-playback) kvpairs: routing=2
08-04 14:53:38.482   918  4400 I ActivityManager: START u0 {cmp=baseline.de.danoeh.antennapod.debug/baseline.de.danoeh.antennapod.activity.FeedSettingsActivity (has extras)} from uid 10670 on display 0
08-04 14:53:38.494   512  2967 D audio_hw_primary: select_devices: out_snd_device(2: speaker) in_snd_device(0: none)
08-04 14:53:38.494   512  2967 D msm8974_platform: platform_send_audio_calibration: sending audio calibration for snd_device(2) acdb_id(15)
08-04 14:53:38.495   512  2967 I soundtrigger: audio_extn_sound_trigger_update_device_status: device 0x2 of type 0 for Event 1
08-04 14:53:38.505   512  2967 D audio_hw_primary: enable_snd_device: snd_device(2: speaker)
08-04 14:53:38.507   512  2967 D audio_hw_primary: enable_audio_route: apply and update mixer path: low-latency-playback speaker
08-04 14:53:38.522 16763 16776 I art     : Explicit concurrent mark sweep GC freed 1987(148KB) AllocSpace objects, 1(20KB) LOS objects, 29% free, 37MB/53MB, paused 2.891ms total 42.165ms
08-04 14:53:38.533 16763 16776 I art     : Starting a blocking GC Explicit
08-04 14:53:38.572 16763 16776 I art     : Explicit concurrent mark sweep GC freed 22451(932KB) AllocSpace objects, 0(0B) LOS objects, 29% free, 37MB/53MB, paused 1.405ms total 38.878ms
08-04 14:53:38.583 16763 16776 I art     : Starting a blocking GC Explicit
08-04 14:53:38.622 16763 16776 I art     : Explicit concurrent mark sweep GC freed 21093(872KB) AllocSpace objects, 0(0B) LOS objects, 29% free, 38MB/54MB, paused 1.387ms total 38.885ms
08-04 14:53:38.633 16763 16776 I art     : Starting a blocking GC Explicit
08-04 14:53:38.670 16763 16776 I art     : Explicit concurrent mark sweep GC freed 8132(404KB) AllocSpace objects, 0(0B) LOS objects, 28% free, 39MB/55MB, paused 1.231ms total 37ms
08-04 14:53:38.681 16763 16776 I art     : Starting a blocking GC Explicit
08-04 14:53:38.681 16763 17291 D DBReader: getFeed() called with: feedId = [2]
08-04 14:53:38.684 16763 17291 D DBReader: getFeedItemList() called with: feed = [baseline.de.danoeh.antennapod.core.feed.Feed@2]
08-04 14:53:38.703 13866 13866 I ShortcutsDataManager: ShortcutsDataManager.onContentChanged():89 onContentChanged()
08-04 14:53:38.722 16763 16776 I art     : Explicit concurrent mark sweep GC freed 3701(180KB) AllocSpace objects, 0(0B) LOS objects, 28% free, 40MB/56MB, paused 2.168ms total 41.205ms
08-04 14:53:38.763 16763 17291 W PodDBAdapter: Length of id array is larger than 800. Creating multiple cursors
08-04 14:53:38.796   918   936 I ActivityManager: Displayed baseline.de.danoeh.antennapod.debug/baseline.de.danoeh.antennapod.activity.FeedSettingsActivity: +305ms
08-04 14:53:38.796 13866 13866 I GoogleInputMethodServic: GoogleInputMethodService.onFinishInput():3138 
08-04 14:53:38.798 13866 13866 I GoogleInputMethodServic: GoogleInputMethodService.onStartInput():1808 
08-04 14:53:38.801 13866 13866 I ShortcutsDataManager: AbstractContentDataManager.startImportContentTask():208 startImportContentTask()
08-04 14:53:38.802 13866 13938 I ShortcutsDataManager: AbstractContentDataManager$ImportContentTask.doInBackground():222 doInBackground()
08-04 14:53:38.802 13866 13938 I PersonalDictionaryDataH: PersonalDictionaryDataHandler.beginProcess():111 LanguageTags = [en-US]
08-04 14:53:38.815 13866 13938 I ShortcutsDataManager: AbstractContentDataManager.importRecords():312 importRecords() : Success : Count = 0
08-04 14:53:38.819 13866 13938 I ShortcutsDataManager: AbstractContentDataManager.importContentData():262 importContentData() : Ending import process
08-04 14:53:38.836 16763 16784 D OpenGLRenderer: endAllStagingAnimators on 0x7f99496800 (RippleDrawable) with handle 0x7f7a79e960
08-04 14:53:38.843 16763 17709 D ApOkHttpUrlLoader: buildLoadData() called with: model = [http://static.libsyn.com/p/assets/7/1/f/3/71f3014e14ef2722/JREiTunesImage2.jpg], width = [1440], height = [462]
08-04 14:53:38.846 13866 13938 I PersonalLanguageModelUp: PersonalLanguageModelUpdater$UpdateOperation.performInternal():160 run() : Added 0 words and 0 shortcuts
08-04 14:53:38.847 13866 13938 I DynamicLanguageModelOpe: DynamicLanguageModelOperation.perform():37 perform() : 4 : coc : Completed
08-04 14:53:38.847 13866 13950 I Delight5Decoder: Delight5DecoderWrapper.loadLanguageModel():578 loadLanguageModel() : 4, version [n/a]
08-04 14:53:38.847 13866 13866 I GoogleInputMethodServic: GoogleInputMethodService.onStartInput():1808 
08-04 14:53:38.847 13866 13866 W SessionManager: SessionManager.beginSession():53 Try to begin an already begun session [INPUT_SESSION], end it first
08-04 14:53:38.848 13866 13866 I ShortcutsDataManager: AbstractContentDataManager$ImportContentTask.onPostExecute():233 onPostExecute() : Result = [2,0]
08-04 14:53:38.848 13866 13950 I Delight5Decoder: Delight5DecoderWrapper.loadLanguageModel():616 Loaded dynamic LM 4.en
08-04 14:53:38.848 13866 13866 I ShortcutsDataManager: ShortcutsDataManager.onImportFinished():99 onImportFinished() : Result = 2 : Count = 0
08-04 14:53:38.849 16763 16763 D FeedSettingsActivity: No filter set
08-04 14:53:38.857   918   929 W IntentResolver: resolveIntent: multiple matches, only some with CATEGORY_DEFAULT
08-04 14:53:38.984 16763 16775 I art     : Starting a blocking GC Explicit
08-04 14:53:39.029   380   380 W SurfaceFlinger: couldn't log to binary event log: overflow.
08-04 14:53:39.049   512  2967 D audio_hw_primary: disable_audio_route: reset and update mixer path: low-latency-playback speaker
08-04 14:53:39.050 16763 16775 I art     : Explicit concurrent mark sweep GC freed 12824(544KB) AllocSpace objects, 3(52KB) LOS objects, 27% free, 42MB/58MB, paused 1.030ms total 65.697ms
08-04 14:53:39.050   512  2967 D audio_hw_primary: disable_snd_device: snd_device(2: speaker)
08-04 14:53:39.059   512  2967 I soundtrigger: audio_extn_sound_trigger_update_device_status: device 0x2 of type 0 for Event 0
08-04 14:53:39.063 16763 16775 I art     : Starting a blocking GC Explicit
08-04 14:53:39.102 16763 16775 I art     : Explicit concurrent mark sweep GC freed 687(49KB) AllocSpace objects, 0(0B) LOS objects, 27% free, 42MB/58MB, paused 851us total 39.084ms
08-04 14:53:39.115 16763 16775 I art     : Starting a blocking GC Explicit
08-04 14:53:39.154 16763 16775 I art     : Explicit concurrent mark sweep GC freed 3(96B) AllocSpace objects, 0(0B) LOS objects, 27% free, 42MB/58MB, paused 978us total 38.821ms
08-04 14:53:39.165 16763 16775 I art     : Starting a blocking GC Explicit
08-04 14:53:39.180 16763 16763 D PlaybackController: Releasing PlaybackController
08-04 14:53:39.205 16763 16775 I art     : Explicit concurrent mark sweep GC freed 235(12KB) AllocSpace objects, 0(0B) LOS objects, 27% free, 42MB/58MB, paused 890us total 39.606ms
08-04 14:53:39.217 16763 16775 I art     : Starting a blocking GC Explicit
08-04 14:53:39.257 16763 16775 I art     : Explicit concurrent mark sweep GC freed 118(5KB) AllocSpace objects, 0(0B) LOS objects, 27% free, 42MB/58MB, paused 932us total 40.217ms
08-04 14:53:39.554 16763 16785 I art     : Starting a blocking GC Explicit
08-04 14:53:39.602 16763 16785 I art     : Explicit concurrent mark sweep GC freed 1498(85KB) AllocSpace objects, 1(20KB) LOS objects, 27% free, 42MB/58MB, paused 988us total 47.806ms
08-04 14:53:39.615 16763 16785 I art     : Starting a blocking GC Explicit
08-04 14:53:39.664 16763 16785 I art     : Explicit concurrent mark sweep GC freed 37(1200B) AllocSpace objects, 0(0B) LOS objects, 27% free, 42MB/58MB, paused 999us total 48.917ms
08-04 14:53:39.678 16763 16785 I art     : Starting a blocking GC Explicit
08-04 14:53:39.726 16763 16785 I art     : Explicit concurrent mark sweep GC freed 3(96B) AllocSpace objects, 0(0B) LOS objects, 27% free, 42MB/58MB, paused 1.009ms total 48.236ms
08-04 14:53:39.739 16763 16785 I art     : Starting a blocking GC Explicit
08-04 14:53:39.789 16763 16785 I art     : Explicit concurrent mark sweep GC freed 3(96B) AllocSpace objects, 0(0B) LOS objects, 27% free, 42MB/58MB, paused 1.026ms total 49.120ms
08-04 14:53:39.803 16763 16785 I art     : Starting a blocking GC Explicit
08-04 14:53:39.850 16763 16785 I art     : Explicit concurrent mark sweep GC freed 3(96B) AllocSpace objects, 0(0B) LOS objects, 27% free, 42MB/58MB, paused 978us total 47.658ms
08-04 14:53:40.159 16763 18265 I art     : Starting a blocking GC Explicit
08-04 14:53:40.239 16763 18265 I art     : Explicit concurrent mark sweep GC freed 1372(80KB) AllocSpace objects, 1(20KB) LOS objects, 27% free, 42MB/58MB, paused 1.139ms total 80.178ms
08-04 14:53:40.256 16763 18265 I art     : Starting a blocking GC Explicit
08-04 14:53:40.305 16763 18265 I art     : Explicit concurrent mark sweep GC freed 24(784B) AllocSpace objects, 0(0B) LOS objects, 27% free, 42MB/58MB, paused 966us total 49.096ms
08-04 14:53:40.320 16763 18265 I art     : Starting a blocking GC Explicit
08-04 14:53:40.367 16763 18265 I art     : Explicit concurrent mark sweep GC freed 42(1200B) AllocSpace objects, 0(0B) LOS objects, 27% free, 42MB/58MB, paused 1.082ms total 46.558ms
08-04 14:53:40.380 16763 18265 I art     : Starting a blocking GC Explicit
08-04 14:53:40.425 16763 18265 I art     : Explicit concurrent mark sweep GC freed 18(576B) AllocSpace objects, 0(0B) LOS objects, 27% free, 42MB/58MB, paused 1.009ms total 45.432ms
08-04 14:53:40.426 16763 16774 I art     : WaitForGcToComplete blocked for 45.812ms for cause HeapTrim
08-04 14:53:40.440 16763 18265 I art     : Starting a blocking GC Explicit
08-04 14:53:40.487 16763 18265 I art     : Explicit concurrent mark sweep GC freed 16(512B) AllocSpace objects, 0(0B) LOS objects, 27% free, 42MB/58MB, paused 1.161ms total 47.333ms
08-04 14:53:40.819 16763 16776 I art     : Starting a blocking GC Explicit
08-04 14:53:40.876 16763 16776 I art     : Explicit concurrent mark sweep GC freed 1393(83KB) AllocSpace objects, 1(20KB) LOS objects, 27% free, 42MB/58MB, paused 1.038ms total 56.701ms
08-04 14:53:40.890 16763 16776 I art     : Starting a blocking GC Explicit
08-04 14:53:40.933 16763 16776 I art     : Explicit concurrent mark sweep GC freed 84(3056B) AllocSpace objects, 0(0B) LOS objects, 27% free, 42MB/58MB, paused 934us total 42.734ms
08-04 14:53:40.946 16763 16776 I art     : Starting a blocking GC Explicit
08-04 14:53:40.994 16763 16776 I art     : Explicit concurrent mark sweep GC freed 3(96B) AllocSpace objects, 0(0B) LOS objects, 27% free, 42MB/58MB, paused 960us total 47.912ms
08-04 14:53:41.008 16763 16776 I art     : Starting a blocking GC Explicit
08-04 14:53:41.057 16763 16776 I art     : Explicit concurrent mark sweep GC freed 3(96B) AllocSpace objects, 0(0B) LOS objects, 27% free, 42MB/58MB, paused 1.013ms total 48.996ms
08-04 14:53:41.070 16763 16776 I art     : Starting a blocking GC Explicit
08-04 14:53:41.119 16763 16776 I art     : Explicit concurrent mark sweep GC freed 3(96B) AllocSpace objects, 0(0B) LOS objects, 27% free, 42MB/58MB, paused 992us total 48.754ms
08-04 14:53:41.223   518   646 I ThermalEngine: ACTION: GPU - Setting GPU[0] to 450000000
08-04 14:53:41.235 16655 16655 I ServiceManager: Waiting for service AtCmdFwd...
08-04 14:53:41.467 16763 18265 I art     : Starting a blocking GC Explicit
08-04 14:53:41.522 16763 18265 I art     : Explicit concurrent mark sweep GC freed 1402(82KB) AllocSpace objects, 1(20KB) LOS objects, 27% free, 42MB/58MB, paused 1.005ms total 55.300ms
08-04 14:53:41.536 16763 18265 I art     : Starting a blocking GC Explicit
08-04 14:53:41.585 16763 18265 I art     : Explicit concurrent mark sweep GC freed 23(752B) AllocSpace objects, 0(0B) LOS objects, 27% free, 42MB/58MB, paused 992us total 49.025ms
08-04 14:53:41.599 16763 18265 I art     : Starting a blocking GC Explicit
08-04 14:53:41.648 16763 18265 I art     : Explicit concurrent mark sweep GC freed 3(96B) AllocSpace objects, 0(0B) LOS objects, 27% free, 42MB/58MB, paused 1.049ms total 48.935ms
08-04 14:53:41.661 16763 18265 I art     : Starting a blocking GC Explicit
08-04 14:53:41.711 16763 18265 I art     : Explicit concurrent mark sweep GC freed 3(96B) AllocSpace objects, 0(0B) LOS objects, 27% free, 42MB/58MB, paused 980us total 48.932ms
08-04 14:53:41.724 16763 18265 I art     : Starting a blocking GC Explicit
08-04 14:53:41.774 16763 18265 I art     : Explicit concurrent mark sweep GC freed 3(96B) AllocSpace objects, 0(0B) LOS objects, 27% free, 42MB/58MB, paused 986us total 49.873ms
08-04 14:53:42.112 16763 16785 I art     : Starting a blocking GC Explicit
08-04 14:53:42.175 16763 16785 I art     : Explicit concurrent mark sweep GC freed 1372(80KB) AllocSpace objects, 1(20KB) LOS objects, 27% free, 42MB/58MB, paused 1.068ms total 62.897ms
08-04 14:53:42.193 16763 16785 I art     : Starting a blocking GC Explicit
08-04 14:53:42.230   518   646 I ThermalEngine: ACTION: GPU - Setting GPU[0] to 510000000
08-04 14:53:42.236 16655 16655 I ServiceManager: Waiting for service AtCmdFwd...
08-04 14:53:42.240 16763 16785 I art     : Explicit concurrent mark sweep GC freed 23(752B) AllocSpace objects, 0(0B) LOS objects, 27% free, 42MB/58MB, paused 981us total 46.657ms
08-04 14:53:42.254 16763 16785 I art     : Starting a blocking GC Explicit
08-04 14:53:42.304 16763 16785 I art     : Explicit concurrent mark sweep GC freed 3(96B) AllocSpace objects, 0(0B) LOS objects, 27% free, 42MB/58MB, paused 986us total 49.610ms
08-04 14:53:42.317 16763 16785 I art     : Starting a blocking GC Explicit
08-04 14:53:42.366 16763 16785 I art     : Explicit concurrent mark sweep GC freed 32(880B) AllocSpace objects, 0(0B) LOS objects, 27% free, 42MB/58MB, paused 1.006ms total 48.194ms
08-04 14:53:42.379 16763 16785 I art     : Starting a blocking GC Explicit
08-04 14:53:42.427 16763 16785 I art     : Explicit concurrent mark sweep GC freed 3(96B) AllocSpace objects, 0(0B) LOS objects, 27% free, 42MB/58MB, paused 974us total 47.345ms
08-04 14:53:42.775 16763 16775 I art     : Starting a blocking GC Explicit
08-04 14:53:42.829 16763 16775 I art     : Explicit concurrent mark sweep GC freed 2075(106KB) AllocSpace objects, 1(20KB) LOS objects, 27% free, 42MB/58MB, paused 1.101ms total 53.329ms
08-04 14:53:42.842 16763 16775 I art     : Starting a blocking GC Explicit
08-04 14:53:42.888 16763 16775 I art     : Explicit concurrent mark sweep GC freed 23(752B) AllocSpace objects, 0(0B) LOS objects, 27% free, 42MB/58MB, paused 945us total 45.540ms
08-04 14:53:42.901 16763 16775 I art     : Starting a blocking GC Explicit
08-04 14:53:42.946 16763 16775 I art     : Explicit concurrent mark sweep GC freed 3(96B) AllocSpace objects, 0(0B) LOS objects, 27% free, 42MB/58MB, paused 1.001ms total 45.133ms
08-04 14:53:42.959 16763 16775 I art     : Starting a blocking GC Explicit
08-04 14:53:43.005 16763 16775 I art     : Explicit concurrent mark sweep GC freed 3(96B) AllocSpace objects, 0(0B) LOS objects, 27% free, 42MB/58MB, paused 997us total 45.999ms
08-04 14:53:43.018 16763 16775 I art     : Starting a blocking GC Explicit
08-04 14:53:43.065 16763 16775 I art     : Explicit concurrent mark sweep GC freed 3(96B) AllocSpace objects, 0(0B) LOS objects, 27% free, 42MB/58MB, paused 979us total 46.187ms
08-04 14:53:43.142 19366 19366 D AndroidRuntime: >>>>>> START com.android.internal.os.RuntimeInit uid 2000 <<<<<<
08-04 14:53:43.147 19366 19366 D AndroidRuntime: CheckJNI is OFF
08-04 14:53:43.186 19366 19366 D ICU     : No timezone override file found: /data/misc/zoneinfo/current/icu/icu_tzdata.dat
08-04 14:53:43.220 19366 19366 I Radio-JNI: register_android_hardware_Radio DONE
08-04 14:53:43.237 16655 16655 I ServiceManager: Waiting for service AtCmdFwd...
08-04 14:53:43.241 19366 19366 D AndroidRuntime: Calling main entry com.android.commands.input.Input
08-04 14:53:43.243 19366 19366 I Input   : injectKeyEvent: KeyEvent { action=ACTION_DOWN, keyCode=KEYCODE_BACK, scanCode=0, metaState=0, flags=0x0, repeatCount=0, eventTime=716039656, downTime=716039656, deviceId=-1, source=0x101 }
08-04 14:53:43.255 19366 19366 I Input   : injectKeyEvent: KeyEvent { action=ACTION_UP, keyCode=KEYCODE_BACK, scanCode=0, metaState=0, flags=0x0, repeatCount=0, eventTime=716039656, downTime=716039656, deviceId=-1, source=0x101 }
08-04 14:53:43.262 19366 19366 D AndroidRuntime: Shutting down VM
08-04 14:53:43.267 16763 16763 V PlaybackController: initServiceNotRunning()
08-04 14:53:43.268 16763 16763 D ExternalPlayerFragment: Loading media info
08-04 14:53:43.270 16763 16763 D ItemlistFragment: onEventMainThread() called with: event = [DownloadEvent{update=DownloaderUpdate{downloaders=[], feedIds=[], mediaIds=[]}}]
08-04 14:53:43.271 16763 17709 D ApOkHttpUrlLoader: buildLoadData() called with: model = [http://static.libsyn.com/p/assets/7/1/f/3/71f3014e14ef2722/JREiTunesImage2.jpg], width = [1440], height = [462]
08-04 14:53:43.273 16763 16763 D UserPreferences: Using default data folder
08-04 14:53:43.275 16763 17291 D DBReader: getNavDrawerData() called with: 
08-04 14:53:43.276 16763 16788 D DBReader: getFeed() called with: feedId = [2]
08-04 14:53:43.277 16763 16788 D DBReader: getFeedItemList() called with: feed = [baseline.de.danoeh.antennapod.core.feed.Feed@2]
08-04 14:53:43.292 16763 16763 D FeedMenuHandler: Preparing options menu
08-04 14:53:43.301 16763 17291 D DBReader: getDownloadedItems() called
08-04 14:53:43.302 16763 17291 D DBReader: getFavoriteIDList() called
08-04 14:53:43.305 16763 17291 D DBReader: getQueueIDList() called
08-04 14:53:43.306 16763 17291 D DBReader: Extracting Feedlist
08-04 14:53:43.336 16763 16763 D MainActivity: getLastNavFragment() -> 2
08-04 14:53:43.336 13866 13866 I GoogleInputMethodServic: GoogleInputMethodService.onFinishInput():3138 
08-04 14:53:43.336 13866 13866 I GoogleInputMethodServic: GoogleInputMethodService.onStartInput():1808 
08-04 14:53:43.369 16763 16776 I art     : Starting a blocking GC Explicit
08-04 14:53:43.375 16763 16788 W PodDBAdapter: Length of id array is larger than 800. Creating multiple cursors
08-04 14:53:43.423 16763 16776 I art     : Explicit concurrent mark sweep GC freed 8063(475KB) AllocSpace objects, 2(36KB) LOS objects, 25% free, 46MB/62MB, paused 1.179ms total 54.123ms
08-04 14:53:43.437 16763 16776 I art     : Starting a blocking GC Explicit
08-04 14:53:43.445 16763 16788 D DBReader: getFavoriteIDList() called
08-04 14:53:43.446 16763 16788 D DBReader: getQueueIDList() called
08-04 14:53:43.446 16763 16788 D DBReader: Extracting Feedlist
08-04 14:53:43.449 16763 17709 D ApOkHttpUrlLoader: buildLoadData() called with: model = [http://static.libsyn.com/p/assets/7/1/f/3/71f3014e14ef2722/JREiTunesImage2.jpg], width = [1440], height = [462]
08-04 14:53:43.458 16763 16763 D FeedMenuHandler: Preparing options menu
08-04 14:53:43.484 16763 16776 I art     : Explicit concurrent mark sweep GC freed 34252(2MB) AllocSpace objects, 0(0B) LOS objects, 25% free, 47MB/63MB, paused 1.237ms total 46.426ms
08-04 14:53:43.496 16763 16776 I art     : Starting a blocking GC Explicit
08-04 14:53:43.537 16763 16776 I art     : Explicit concurrent mark sweep GC freed 2162(89KB) AllocSpace objects, 1(16KB) LOS objects, 25% free, 47MB/63MB, paused 886us total 41.070ms
08-04 14:53:43.549 16763 16776 I art     : Starting a blocking GC Explicit
08-04 14:53:43.591 16763 16776 I art     : Explicit concurrent mark sweep GC freed 847(63KB) AllocSpace objects, 0(0B) LOS objects, 25% free, 47MB/63MB, paused 927us total 41.448ms
08-04 14:53:43.603 16763 16776 I art     : Starting a blocking GC Explicit
08-04 14:53:43.614   918  3261 D WifiStateMachine: starting scan for "H369AA63323"WPA_PSK with 2412,5180
08-04 14:53:43.634   380   380 W SurfaceFlinger: couldn't log to binary event log: overflow.
08-04 14:53:43.643 16763 16776 I art     : Explicit concurrent mark sweep GC freed 7(224B) AllocSpace objects, 0(0B) LOS objects, 25% free, 47MB/63MB, paused 895us total 39.407ms
08-04 14:53:43.944 16763 16785 I art     : Starting a blocking GC Explicit
08-04 14:53:43.996 16763 16785 I art     : Explicit concurrent mark sweep GC freed 2068(111KB) AllocSpace objects, 1(20KB) LOS objects, 25% free, 47MB/63MB, paused 1.048ms total 50.859ms
08-04 14:53:44.009 16763 16785 I art     : Starting a blocking GC Explicit
08-04 14:53:44.047 16763 16785 I art     : Explicit concurrent mark sweep GC freed 34834(2MB) AllocSpace objects, 45(2MB) LOS objects, 27% free, 42MB/58MB, paused 959us total 37.432ms
08-04 14:53:44.058 16763 16785 I art     : Starting a blocking GC Explicit
08-04 14:53:44.095 16763 16785 I art     : Explicit concurrent mark sweep GC freed 3(96B) AllocSpace objects, 0(0B) LOS objects, 27% free, 42MB/58MB, paused 999us total 36.956ms
08-04 14:53:44.106 16763 16785 I art     : Starting a blocking GC Explicit
08-04 14:53:44.144 16763 16785 I art     : Explicit concurrent mark sweep GC freed 3(96B) AllocSpace objects, 0(0B) LOS objects, 27% free, 42MB/58MB, paused 985us total 38.016ms
08-04 14:53:44.156 16763 16785 I art     : Starting a blocking GC Explicit
08-04 14:53:44.195 16763 16785 I art     : Explicit concurrent mark sweep GC freed 3(96B) AllocSpace objects, 0(0B) LOS objects, 27% free, 42MB/58MB, paused 998us total 38.747ms
08-04 14:53:44.237 16655 16655 I ServiceManager: Waiting for service AtCmdFwd...
08-04 14:53:44.508 16763 19031 I art     : Starting a blocking GC Explicit
08-04 14:53:44.545 16763 19031 I art     : Explicit concurrent mark sweep GC freed 1403(82KB) AllocSpace objects, 1(20KB) LOS objects, 27% free, 42MB/58MB, paused 1.030ms total 37.466ms
08-04 14:53:44.557 16763 19031 I art     : Starting a blocking GC Explicit
08-04 14:53:44.593 16763 19031 I art     : Explicit concurrent mark sweep GC freed 23(752B) AllocSpace objects, 0(0B) LOS objects, 27% free, 42MB/58MB, paused 972us total 35.748ms
08-04 14:53:44.604 16763 19031 I art     : Starting a blocking GC Explicit
08-04 14:53:44.640 16763 19031 I art     : Explicit concurrent mark sweep GC freed 3(96B) AllocSpace objects, 0(0B) LOS objects, 27% free, 42MB/58MB, paused 982us total 35.964ms
08-04 14:53:44.651 16763 19031 I art     : Starting a blocking GC Explicit
08-04 14:53:44.687 16763 19031 I art     : Explicit concurrent mark sweep GC freed 3(96B) AllocSpace objects, 0(0B) LOS objects, 27% free, 42MB/58MB, paused 1.058ms total 36.018ms
08-04 14:53:44.699 16763 19031 I art     : Starting a blocking GC Explicit
08-04 14:53:44.735 16763 19031 I art     : Explicit concurrent mark sweep GC freed 3(96B) AllocSpace objects, 0(0B) LOS objects, 27% free, 42MB/58MB, paused 1.007ms total 35.677ms
08-04 14:53:44.926 19410 19410 D AndroidRuntime: >>>>>> START com.android.internal.os.RuntimeInit uid 2000 <<<<<<
08-04 14:53:44.932 19410 19410 D AndroidRuntime: CheckJNI is OFF
08-04 14:53:44.966 19410 19410 D ICU     : No timezone override file found: /data/misc/zoneinfo/current/icu/icu_tzdata.dat
08-04 14:53:44.998 19410 19410 I Radio-JNI: register_android_hardware_Radio DONE
08-04 14:53:45.019 19410 19410 D AndroidRuntime: Calling main entry com.android.commands.input.Input
08-04 14:53:45.021 19410 19410 I Input   : injectMotionEvent: MotionEvent { action=ACTION_DOWN, actionButton=0, id[0]=0, x[0]=1372.0, y[0]=384.0, toolType[0]=TOOL_TYPE_UNKNOWN, buttonState=0, metaState=0, flags=0x0, edgeFlags=0x0, pointerCount=1, historySize=0, eventTime=716041434, downTime=716041434, deviceId=0, source=0x1002 }
08-04 14:53:45.023 16763 19031 I art     : Starting a blocking GC Explicit
08-04 14:53:45.026 19410 19410 I Input   : injectMotionEvent: MotionEvent { action=ACTION_UP, actionButton=0, id[0]=0, x[0]=1372.0, y[0]=384.0, toolType[0]=TOOL_TYPE_UNKNOWN, buttonState=0, metaState=0, flags=0x0, edgeFlags=0x0, pointerCount=1, historySize=0, eventTime=716041434, downTime=716041434, deviceId=0, source=0x1002 }
08-04 14:53:45.028 19410 19410 D AndroidRuntime: Shutting down VM
08-04 14:53:45.037   918  6112 I ActivityManager: START u0 {cmp=baseline.de.danoeh.antennapod.debug/baseline.de.danoeh.antennapod.activity.FeedInfoActivity (has extras)} from uid 10670 on display 0
08-04 14:53:45.038   512  2967 D audio_hw_primary: out_set_parameters: enter: usecase(1: low-latency-playback) kvpairs: routing=2
08-04 14:53:45.051   512  2967 D audio_hw_primary: select_devices: out_snd_device(2: speaker) in_snd_device(0: none)
08-04 14:53:45.051   512  2967 D msm8974_platform: platform_send_audio_calibration: sending audio calibration for snd_device(2) acdb_id(15)
08-04 14:53:45.051   512  2967 I soundtrigger: audio_extn_sound_trigger_update_device_status: device 0x2 of type 0 for Event 1
08-04 14:53:45.063   512  2967 D audio_hw_primary: enable_snd_device: snd_device(2: speaker)
08-04 14:53:45.064 16763 19031 I art     : Explicit concurrent mark sweep GC freed 1450(88KB) AllocSpace objects, 1(20KB) LOS objects, 27% free, 42MB/58MB, paused 1.030ms total 40.607ms
08-04 14:53:45.065   512  2967 D audio_hw_primary: enable_audio_route: apply and update mixer path: low-latency-playback speaker
08-04 14:53:45.074 16763 19031 I art     : Starting a blocking GC Explicit
08-04 14:53:45.095 16763 16783 D DBReader: getFeed() called with: feedId = [2]
08-04 14:53:45.096 16763 16783 D DBReader: getFeedItemList() called with: feed = [baseline.de.danoeh.antennapod.core.feed.Feed@2]
08-04 14:53:45.103 16763 16763 D androidx.gridlayout.widget.GridLayout: horizontal constraints: x2-x0>=1328, x2-x1<=0, x1-x0<=242 are inconsistent; permanently removing: x2-x1<=0. 
08-04 14:53:45.103 16763 16763 D androidx.gridlayout.widget.GridLayout: vertical constraints: y3-y2>=80, y3-y2<=66, y2-y1<=94, y1-y0<=94 are inconsistent; permanently removing: y3-y2<=66. 
08-04 14:53:45.112 16763 19031 I art     : Explicit concurrent mark sweep GC freed 2884(159KB) AllocSpace objects, 0(0B) LOS objects, 27% free, 43MB/59MB, paused 1.300ms total 37.019ms
08-04 14:53:45.122 16763 19031 I art     : Starting a blocking GC Explicit
08-04 14:53:45.161 16763 19031 I art     : Explicit concurrent mark sweep GC freed 1667(36KB) AllocSpace objects, 0(0B) LOS objects, 26% free, 44MB/60MB, paused 1.896ms total 38.713ms
08-04 14:53:45.173 16763 19031 I art     : Starting a blocking GC Explicit
08-04 14:53:45.175 13866 13866 I GoogleInputMethodServic: GoogleInputMethodService.onFinishInput():3138 
08-04 14:53:45.175   918   936 I ActivityManager: Displayed baseline.de.danoeh.antennapod.debug/baseline.de.danoeh.antennapod.activity.FeedInfoActivity: +122ms
08-04 14:53:45.177 13866 13866 I GoogleInputMethodServic: GoogleInputMethodService.onStartInput():1808 
08-04 14:53:45.179 16763 16783 W PodDBAdapter: Length of id array is larger than 800. Creating multiple cursors
08-04 14:53:45.190 16763 16784 D OpenGLRenderer: endAllStagingAnimators on 0x7f99496400 (RippleDrawable) with handle 0x7f7af1d140
08-04 14:53:45.215 16763 19031 I art     : Explicit concurrent mark sweep GC freed 2229(208KB) AllocSpace objects, 1(16KB) LOS objects, 26% free, 44MB/60MB, paused 1.228ms total 41.721ms
08-04 14:53:45.226 16763 19031 I art     : Starting a blocking GC Explicit
08-04 14:53:45.238 16655 16655 I ServiceManager: Waiting for service AtCmdFwd...
08-04 14:53:45.247 16763 16763 D FeedInfoActivity: Language is en
08-04 14:53:45.247 16763 16763 D FeedInfoActivity: Author is Joe Rogan
08-04 14:53:45.247 16763 16763 D FeedInfoActivity: URL is http://joeroganexp.joerogan.libsynpro.com/rss
08-04 14:53:45.250 16763 17709 D ApOkHttpUrlLoader: buildLoadData() called with: model = [http://static.libsyn.com/p/assets/7/1/f/3/71f3014e14ef2722/JREiTunesImage2.jpg], width = [1440], height = [462]
08-04 14:53:45.259   918  6111 W IntentResolver: resolveIntent: multiple matches, only some with CATEGORY_DEFAULT
08-04 14:53:45.264 16763 16763 D androidx.gridlayout.widget.GridLayout: horizontal constraints: x2-x0>=1328, x2-x1<=232, x1-x0<=242 are inconsistent; permanently removing: x2-x1<=232. 
08-04 14:53:45.266 16763 16763 D androidx.gridlayout.widget.GridLayout: vertical constraints: y3-y2>=80, y3-y2<=66, y2-y1<=94, y1-y0<=94 are inconsistent; permanently removing: y3-y2<=66. 
08-04 14:53:45.271 16763 19031 I art     : Explicit concurrent mark sweep GC freed 5800(127KB) AllocSpace objects, 0(0B) LOS objects, 25% free, 47MB/63MB, paused 1.349ms total 44.264ms
08-04 14:53:45.404   380   380 W SurfaceFlinger: couldn't log to binary event log: overflow.
08-04 14:53:45.535 16763 19031 I art     : Starting a blocking GC Explicit
08-04 14:53:45.547 16763 16763 D PlaybackController: Releasing PlaybackController
08-04 14:53:45.578 16763 19031 I art     : Explicit concurrent mark sweep GC freed 3519(165KB) AllocSpace objects, 2(36KB) LOS objects, 25% free, 47MB/63MB, paused 959us total 41.893ms
08-04 14:53:45.589 16763 19031 I art     : Starting a blocking GC Explicit
08-04 14:53:45.619   512  2967 D audio_hw_primary: disable_audio_route: reset and update mixer path: low-latency-playback speaker
08-04 14:53:45.620   512  2967 D audio_hw_primary: disable_snd_device: snd_device(2: speaker)
08-04 14:53:45.627   512  2967 I soundtrigger: audio_extn_sound_trigger_update_device_status: device 0x2 of type 0 for Event 0
08-04 14:53:45.629 16763 19031 I art     : Explicit concurrent mark sweep GC freed 302(22KB) AllocSpace objects, 0(0B) LOS objects, 25% free, 47MB/63MB, paused 964us total 39.522ms
08-04 14:53:45.641 16763 19031 I art     : Starting a blocking GC Explicit
08-04 14:53:45.682 16763 19031 I art     : Explicit concurrent mark sweep GC freed 19(608B) AllocSpace objects, 0(0B) LOS objects, 25% free, 47MB/63MB, paused 996us total 40.687ms
08-04 14:53:45.693 16763 19031 I art     : Starting a blocking GC Explicit
08-04 14:53:45.735 16763 19031 I art     : Explicit concurrent mark sweep GC freed 3(96B) AllocSpace objects, 0(0B) LOS objects, 25% free, 47MB/63MB, paused 940us total 41.744ms
08-04 14:53:45.748 16763 19031 I art     : Starting a blocking GC Explicit
08-04 14:53:45.789 16763 19031 I art     : Explicit concurrent mark sweep GC freed 3(96B) AllocSpace objects, 0(0B) LOS objects, 25% free, 47MB/63MB, paused 946us total 41.506ms
08-04 14:53:46.083 16763 18265 I art     : Starting a blocking GC Explicit
08-04 14:53:46.143 16763 18265 I art     : Explicit concurrent mark sweep GC freed 1372(80KB) AllocSpace objects, 1(20KB) LOS objects, 25% free, 47MB/63MB, paused 1.069ms total 59.448ms
08-04 14:53:46.161 16763 18265 I art     : Starting a blocking GC Explicit
08-04 14:53:46.208 16763 18265 I art     : Explicit concurrent mark sweep GC freed 23(752B) AllocSpace objects, 0(0B) LOS objects, 25% free, 47MB/63MB, paused 1.040ms total 46.871ms
08-04 14:53:46.222 16763 18265 I art     : Starting a blocking GC Explicit
08-04 14:53:46.234   518   646 I ThermalEngine: ACTION: GPU - Setting GPU[0] to 450000000
08-04 14:53:46.238 16655 16655 W Atfwd_Sendcmd: AtCmdFwd service not published, waiting... retryCnt : 3
08-04 14:53:46.272 16763 18265 I art     : Explicit concurrent mark sweep GC freed 3(96B) AllocSpace objects, 0(0B) LOS objects, 25% free, 47MB/63MB, paused 1.270ms total 50.347ms
08-04 14:53:46.289 16763 18265 I art     : Starting a blocking GC Explicit
08-04 14:53:46.347 16763 18265 I art     : Explicit concurrent mark sweep GC freed 32(880B) AllocSpace objects, 0(0B) LOS objects, 25% free, 47MB/63MB, paused 1.311ms total 57.902ms
08-04 14:53:46.363 16763 18265 I art     : Starting a blocking GC Explicit
08-04 14:53:46.424 16763 18265 I art     : Explicit concurrent mark sweep GC freed 3(96B) AllocSpace objects, 0(0B) LOS objects, 25% free, 47MB/63MB, paused 1.378ms total 60.520ms
08-04 14:53:46.753 16763 19031 I art     : Starting a blocking GC Explicit
08-04 14:53:46.809 16763 19031 I art     : Explicit concurrent mark sweep GC freed 1383(80KB) AllocSpace objects, 1(20KB) LOS objects, 25% free, 47MB/63MB, paused 1.386ms total 56.026ms
08-04 14:53:46.826 16763 19031 I art     : Starting a blocking GC Explicit
08-04 14:53:46.885 16763 19031 I art     : Explicit concurrent mark sweep GC freed 32(1040B) AllocSpace objects, 0(0B) LOS objects, 25% free, 47MB/63MB, paused 1.292ms total 58.800ms
08-04 14:53:46.902 16763 19031 I art     : Starting a blocking GC Explicit
08-04 14:53:46.959 16763 19031 I art     : Explicit concurrent mark sweep GC freed 11(352B) AllocSpace objects, 0(0B) LOS objects, 25% free, 47MB/63MB, paused 1.468ms total 57.384ms
08-04 14:53:46.977 16763 19031 I art     : Starting a blocking GC Explicit
08-04 14:53:47.038 16763 19031 I art     : Explicit concurrent mark sweep GC freed 4(128B) AllocSpace objects, 0(0B) LOS objects, 25% free, 47MB/63MB, paused 1.439ms total 60.598ms
08-04 14:53:47.054 16763 19031 I art     : Starting a blocking GC Explicit
08-04 14:53:47.119 16763 19031 I art     : Explicit concurrent mark sweep GC freed 3(96B) AllocSpace objects, 0(0B) LOS objects, 25% free, 47MB/63MB, paused 1.379ms total 64.476ms
08-04 14:53:47.466 16763 16775 I art     : Starting a blocking GC Explicit
08-04 14:53:47.547 16763 16775 I art     : Explicit concurrent mark sweep GC freed 1402(83KB) AllocSpace objects, 1(20KB) LOS objects, 25% free, 47MB/63MB, paused 1.331ms total 81.016ms
08-04 14:53:47.566 16763 16775 I art     : Starting a blocking GC Explicit
08-04 14:53:47.631 16763 16775 I art     : Explicit concurrent mark sweep GC freed 23(752B) AllocSpace objects, 0(0B) LOS objects, 25% free, 47MB/63MB, paused 1.349ms total 64.315ms
08-04 14:53:47.648 16763 16775 I art     : Starting a blocking GC Explicit
08-04 14:53:47.711 16763 16775 I art     : Explicit concurrent mark sweep GC freed 3(96B) AllocSpace objects, 0(0B) LOS objects, 25% free, 47MB/63MB, paused 1.343ms total 62.897ms
08-04 14:53:47.729 16763 16775 I art     : Starting a blocking GC Explicit
08-04 14:53:47.795 16763 16775 I art     : Explicit concurrent mark sweep GC freed 3(96B) AllocSpace objects, 0(0B) LOS objects, 25% free, 47MB/63MB, paused 1.659ms total 66.154ms
08-04 14:53:47.814 16763 16775 I art     : Starting a blocking GC Explicit
08-04 14:53:47.878 16763 16775 I art     : Explicit concurrent mark sweep GC freed 3(96B) AllocSpace objects, 0(0B) LOS objects, 25% free, 47MB/63MB, paused 1.502ms total 64.176ms
08-04 14:53:48.233 16763 18265 I art     : Starting a blocking GC Explicit
08-04 14:53:48.310 16763 18265 I art     : Explicit concurrent mark sweep GC freed 1373(81KB) AllocSpace objects, 1(20KB) LOS objects, 25% free, 47MB/63MB, paused 1.486ms total 76.448ms
08-04 14:53:48.331 16763 18265 I art     : Starting a blocking GC Explicit
08-04 14:53:48.400 16763 18265 I art     : Explicit concurrent mark sweep GC freed 52(1536B) AllocSpace objects, 0(0B) LOS objects, 25% free, 47MB/63MB, paused 1.469ms total 68.180ms
08-04 14:53:48.419 16763 18265 I art     : Starting a blocking GC Explicit
08-04 14:53:48.483 16763 18265 I art     : Explicit concurrent mark sweep GC freed 3(96B) AllocSpace objects, 0(0B) LOS objects, 25% free, 47MB/63MB, paused 1.363ms total 63.954ms
08-04 14:53:48.500 16763 18265 I art     : Starting a blocking GC Explicit
08-04 14:53:48.567 16763 18265 I art     : Explicit concurrent mark sweep GC freed 3(96B) AllocSpace objects, 0(0B) LOS objects, 25% free, 47MB/63MB, paused 1.438ms total 66.176ms
08-04 14:53:48.586 16763 18265 I art     : Starting a blocking GC Explicit
08-04 14:53:48.651 16763 18265 I art     : Explicit concurrent mark sweep GC freed 3(96B) AllocSpace objects, 0(0B) LOS objects, 25% free, 47MB/63MB, paused 1.292ms total 64.728ms
08-04 14:53:48.961 16763 19031 I art     : Starting a blocking GC Explicit
08-04 14:53:49.018 16763 19031 I art     : Explicit concurrent mark sweep GC freed 2075(106KB) AllocSpace objects, 1(20KB) LOS objects, 25% free, 47MB/63MB, paused 1.369ms total 57.312ms
08-04 14:53:49.035 16763 19031 I art     : Starting a blocking GC Explicit
08-04 14:53:49.100 16763 19031 I art     : Explicit concurrent mark sweep GC freed 31(1072B) AllocSpace objects, 0(0B) LOS objects, 25% free, 47MB/63MB, paused 1.282ms total 64.667ms
08-04 14:53:49.117 16763 19031 I art     : Starting a blocking GC Explicit
08-04 14:53:49.184 16763 19031 I art     : Explicit concurrent mark sweep GC freed 3(96B) AllocSpace objects, 0(0B) LOS objects, 25% free, 47MB/63MB, paused 1.393ms total 66.226ms
08-04 14:53:49.204 16763 19031 I art     : Starting a blocking GC Explicit
08-04 14:53:49.242   518   646 I ThermalEngine: ACTION: GPU - Setting GPU[0] to 510000000
08-04 14:53:49.266 16763 19031 I art     : Explicit concurrent mark sweep GC freed 3(96B) AllocSpace objects, 0(0B) LOS objects, 25% free, 47MB/63MB, paused 1.320ms total 61.722ms
08-04 14:53:49.283 16763 19031 I art     : Starting a blocking GC Explicit
08-04 14:53:49.328 16763 19031 I art     : Explicit concurrent mark sweep GC freed 31(848B) AllocSpace objects, 0(0B) LOS objects, 25% free, 47MB/63MB, paused 960us total 44.801ms
08-04 14:53:49.644 16763 16775 I art     : Starting a blocking GC Explicit
08-04 14:53:49.691 16763 16775 I art     : Explicit concurrent mark sweep GC freed 2262(112KB) AllocSpace objects, 1(20KB) LOS objects, 25% free, 47MB/63MB, paused 1.110ms total 46.645ms
08-04 14:53:49.700 19493 19493 D AndroidRuntime: >>>>>> START com.android.internal.os.RuntimeInit uid 2000 <<<<<<
08-04 14:53:49.704 16763 16775 I art     : Starting a blocking GC Explicit
08-04 14:53:49.705 19493 19493 D AndroidRuntime: CheckJNI is OFF
08-04 14:53:49.737 19493 19493 D ICU     : No timezone override file found: /data/misc/zoneinfo/current/icu/icu_tzdata.dat
08-04 14:53:49.744 16763 16775 I art     : Explicit concurrent mark sweep GC freed 23(752B) AllocSpace objects, 0(0B) LOS objects, 25% free, 47MB/63MB, paused 930us total 40.130ms
08-04 14:53:49.757 16763 16775 I art     : Starting a blocking GC Explicit
08-04 14:53:49.772 19493 19493 I Radio-JNI: register_android_hardware_Radio DONE
08-04 14:53:49.794 19493 19493 D AndroidRuntime: Calling main entry com.android.commands.input.Input
08-04 14:53:49.796 19493 19493 I Input   : injectKeyEvent: KeyEvent { action=ACTION_DOWN, keyCode=KEYCODE_BACK, scanCode=0, metaState=0, flags=0x0, repeatCount=0, eventTime=716046209, downTime=716046209, deviceId=-1, source=0x101 }
08-04 14:53:49.801 16763 16775 I art     : Explicit concurrent mark sweep GC freed 3(96B) AllocSpace objects, 0(0B) LOS objects, 25% free, 47MB/63MB, paused 894us total 43.217ms
08-04 14:53:49.803 19493 19493 I Input   : injectKeyEvent: KeyEvent { action=ACTION_UP, keyCode=KEYCODE_BACK, scanCode=0, metaState=0, flags=0x0, repeatCount=0, eventTime=716046209, downTime=716046209, deviceId=-1, source=0x101 }
08-04 14:53:49.809 19493 19493 D AndroidRuntime: Shutting down VM
08-04 14:53:49.813 16763 16775 I art     : Starting a blocking GC Explicit
08-04 14:53:49.814 16763 16763 V PlaybackController: initServiceNotRunning()
08-04 14:53:49.814 16763 16763 D ExternalPlayerFragment: Loading media info
08-04 14:53:49.818 16763 16763 D ItemlistFragment: onEventMainThread() called with: event = [DownloadEvent{update=DownloaderUpdate{downloaders=[], feedIds=[], mediaIds=[]}}]
08-04 14:53:49.818 16763 17709 D ApOkHttpUrlLoader: buildLoadData() called with: model = [http://static.libsyn.com/p/assets/7/1/f/3/71f3014e14ef2722/JREiTunesImage2.jpg], width = [1440], height = [462]
08-04 14:53:49.821 16763 16763 D UserPreferences: Using default data folder
08-04 14:53:49.821 16763 16783 D DBReader: getNavDrawerData() called with: 
08-04 14:53:49.821 16763 17291 D DBReader: getFeed() called with: feedId = [2]
08-04 14:53:49.823 16763 17291 D DBReader: getFeedItemList() called with: feed = [baseline.de.danoeh.antennapod.core.feed.Feed@2]
08-04 14:53:49.832 16763 16763 D FeedMenuHandler: Preparing options menu
08-04 14:53:49.847 16763 16783 D DBReader: getDownloadedItems() called
08-04 14:53:49.848 16763 16783 D DBReader: getFavoriteIDList() called
08-04 14:53:49.848 16763 16783 D DBReader: getQueueIDList() called
08-04 14:53:49.849 16763 16783 D DBReader: Extracting Feedlist
08-04 14:53:49.857 16763 16775 I art     : Explicit concurrent mark sweep GC freed 1424(86KB) AllocSpace objects, 0(0B) LOS objects, 24% free, 50MB/66MB, paused 1.350ms total 43.719ms
08-04 14:53:49.869 16763 16775 I art     : Starting a blocking GC Explicit
08-04 14:53:49.906 16763 16763 D MainActivity: getLastNavFragment() -> 2
08-04 14:53:49.908 16763 17291 W PodDBAdapter: Length of id array is larger than 800. Creating multiple cursors
08-04 14:53:49.912 13866 13866 I GoogleInputMethodServic: GoogleInputMethodService.onFinishInput():3138 
08-04 14:53:49.913 13866 13866 I GoogleInputMethodServic: GoogleInputMethodService.onStartInput():1808 
08-04 14:53:49.920 16763 16775 I art     : Explicit concurrent mark sweep GC freed 4339(256KB) AllocSpace objects, 1(16KB) LOS objects, 23% free, 51MB/67MB, paused 1.877ms total 51.113ms
08-04 14:53:49.975 16763 17291 D DBReader: getFavoriteIDList() called
08-04 14:53:49.976 16763 17291 D DBReader: getQueueIDList() called
08-04 14:53:49.976 16763 17291 D DBReader: Extracting Feedlist
08-04 14:53:49.979 16763 17709 D ApOkHttpUrlLoader: buildLoadData() called with: model = [http://static.libsyn.com/p/assets/7/1/f/3/71f3014e14ef2722/JREiTunesImage2.jpg], width = [1440], height = [462]
08-04 14:53:49.998 16763 16763 D FeedMenuHandler: Preparing options menu
08-04 14:53:50.175   380   380 W SurfaceFlinger: couldn't log to binary event log: overflow.
08-04 14:53:50.205 16763 16785 I art     : Starting a blocking GC Explicit
08-04 14:53:50.249 16763 16785 I art     : Explicit concurrent mark sweep GC freed 37848(2MB) AllocSpace objects, 2(36KB) LOS objects, 23% free, 52MB/68MB, paused 1.006ms total 43.948ms
08-04 14:53:50.261 16763 16785 I art     : Starting a blocking GC Explicit
08-04 14:53:50.301 16763 16785 I art     : Explicit concurrent mark sweep GC freed 30590(2MB) AllocSpace objects, 3(84KB) LOS objects, 24% free, 50MB/66MB, paused 1.060ms total 39.421ms
08-04 14:53:50.312 16763 16785 I art     : Starting a blocking GC Explicit
08-04 14:53:50.350 16763 16785 I art     : Explicit concurrent mark sweep GC freed 32(880B) AllocSpace objects, 0(0B) LOS objects, 24% free, 50MB/66MB, paused 975us total 37.782ms
08-04 14:53:50.361 16763 16785 I art     : Starting a blocking GC Explicit
08-04 14:53:50.400 16763 16785 I art     : Explicit concurrent mark sweep GC freed 3(96B) AllocSpace objects, 0(0B) LOS objects, 24% free, 50MB/66MB, paused 1.008ms total 38.702ms
08-04 14:53:50.412 16763 16785 I art     : Starting a blocking GC Explicit
08-04 14:53:50.451 16763 16785 I art     : Explicit concurrent mark sweep GC freed 3(96B) AllocSpace objects, 0(0B) LOS objects, 24% free, 50MB/66MB, paused 1.007ms total 39.013ms
08-04 14:53:50.754 16763 19031 I art     : Starting a blocking GC Explicit
08-04 14:53:50.803 16763 19031 I art     : Explicit concurrent mark sweep GC freed 1374(81KB) AllocSpace objects, 1(20KB) LOS objects, 24% free, 50MB/66MB, paused 981us total 48.630ms
08-04 14:53:50.820 16763 19031 I art     : Starting a blocking GC Explicit
08-04 14:53:50.859 16763 19031 I art     : Explicit concurrent mark sweep GC freed 23(768B) AllocSpace objects, 0(0B) LOS objects, 24% free, 50MB/66MB, paused 1.024ms total 39.077ms
08-04 14:53:50.870 16763 19031 I art     : Starting a blocking GC Explicit
08-04 14:53:50.909 16763 19031 I art     : Explicit concurrent mark sweep GC freed 3(96B) AllocSpace objects, 0(0B) LOS objects, 24% free, 50MB/66MB, paused 982us total 38.722ms
08-04 14:53:50.921 16763 19031 I art     : Starting a blocking GC Explicit
08-04 14:53:50.960 16763 19031 I art     : Explicit concurrent mark sweep GC freed 3(96B) AllocSpace objects, 0(0B) LOS objects, 24% free, 50MB/66MB, paused 1.001ms total 39.132ms
08-04 14:53:50.972 16763 19031 I art     : Starting a blocking GC Explicit
08-04 14:53:51.011 16763 19031 I art     : Explicit concurrent mark sweep GC freed 3(96B) AllocSpace objects, 0(0B) LOS objects, 24% free, 50MB/66MB, paused 1.116ms total 38.828ms
08-04 14:53:51.304 16763 16775 I art     : Starting a blocking GC Explicit
08-04 14:53:51.343 16763 16775 I art     : Explicit concurrent mark sweep GC freed 1402(83KB) AllocSpace objects, 1(20KB) LOS objects, 24% free, 50MB/66MB, paused 999us total 39.011ms
08-04 14:53:51.355 16763 16775 I art     : Starting a blocking GC Explicit
08-04 14:53:51.392 16763 16775 I art     : Explicit concurrent mark sweep GC freed 23(752B) AllocSpace objects, 0(0B) LOS objects, 24% free, 50MB/66MB, paused 999us total 36.587ms
08-04 14:53:51.403 16763 16775 I art     : Starting a blocking GC Explicit
08-04 14:53:51.439 16763 16775 I art     : Explicit concurrent mark sweep GC freed 3(96B) AllocSpace objects, 0(0B) LOS objects, 24% free, 50MB/66MB, paused 990us total 36.024ms
08-04 14:53:51.450 16763 16775 I art     : Starting a blocking GC Explicit
08-04 14:53:51.461 19536 19536 D AndroidRuntime: >>>>>> START com.android.internal.os.RuntimeInit uid 2000 <<<<<<
08-04 14:53:51.466 19536 19536 D AndroidRuntime: CheckJNI is OFF
08-04 14:53:51.490 16763 16775 I art     : Explicit concurrent mark sweep GC freed 8(256B) AllocSpace objects, 0(0B) LOS objects, 24% free, 50MB/66MB, paused 998us total 39.258ms
08-04 14:53:51.501 16763 16775 I art     : Starting a blocking GC Explicit
08-04 14:53:51.504 19536 19536 D ICU     : No timezone override file found: /data/misc/zoneinfo/current/icu/icu_tzdata.dat
08-04 14:53:51.536 16763 16775 I art     : Explicit concurrent mark sweep GC freed 9(288B) AllocSpace objects, 0(0B) LOS objects, 24% free, 50MB/66MB, paused 1.146ms total 33.677ms
08-04 14:53:51.537 19536 19536 I Radio-JNI: register_android_hardware_Radio DONE
08-04 14:53:51.559 19536 19536 D AndroidRuntime: Calling main entry com.android.commands.input.Input
08-04 14:53:51.561 19536 19536 I Input   : injectMotionEvent: MotionEvent { action=ACTION_DOWN, actionButton=0, id[0]=0, x[0]=733.0, y[0]=896.0, toolType[0]=TOOL_TYPE_UNKNOWN, buttonState=0, metaState=0, flags=0x0, edgeFlags=0x0, pointerCount=1, historySize=0, eventTime=716047973, downTime=716047973, deviceId=0, source=0x1002 }
08-04 14:53:51.565 19536 19536 I Input   : injectMotionEvent: MotionEvent { action=ACTION_UP, actionButton=0, id[0]=0, x[0]=733.0, y[0]=896.0, toolType[0]=TOOL_TYPE_UNKNOWN, buttonState=0, metaState=0, flags=0x0, edgeFlags=0x0, pointerCount=1, historySize=0, eventTime=716047973, downTime=716047973, deviceId=0, source=0x1002 }
08-04 14:53:51.567 19536 19536 D AndroidRuntime: Shutting down VM
08-04 14:53:51.646   512  2967 D audio_hw_primary: out_set_parameters: enter: usecase(1: low-latency-playback) kvpairs: routing=2
08-04 14:53:51.659   512  2967 D audio_hw_primary: select_devices: out_snd_device(2: speaker) in_snd_device(0: none)
08-04 14:53:51.659   512  2967 D msm8974_platform: platform_send_audio_calibration: sending audio calibration for snd_device(2) acdb_id(15)
08-04 14:53:51.660   512  2967 I soundtrigger: audio_extn_sound_trigger_update_device_status: device 0x2 of type 0 for Event 1
08-04 14:53:51.678   512  2967 D audio_hw_primary: enable_snd_device: snd_device(2: speaker)
08-04 14:53:51.681 16763 16763 I WebViewFactory: Loading com.google.android.webview version 84.0.4147.89 (code 414708953)
08-04 14:53:51.681   512  2967 D audio_hw_primary: enable_audio_route: apply and update mixer path: low-latency-playback speaker
08-04 14:53:51.766 16763 16763 I cr_LibraryLoader: Loaded native library version number "84.0.4147.89"
08-04 14:53:51.766 16763 16763 I cr_CachingUmaRecorder: Flushed 5 samples from 5 histograms.
08-04 14:53:51.776   918  5952 I ActivityManager: Start proc 19573:com.google.android.webview:webview_service/u0a74 for service com.google.android.webview/org.chromium.android_webview.services.VariationsSeedServer
08-04 14:53:51.799 16763 16763 E chromium: [ERROR:filesystem_posix.cc(62)] mkdir /data/user/0/baseline.de.danoeh.antennapod.debug/cache/WebView/Crashpad: No such file or directory (2)
08-04 14:53:51.815 16763 16775 I art     : Starting a blocking GC Explicit
08-04 14:53:51.827 19573 19573 I LoadedApk: No resource references to update in package com.google.android.webview_translations
08-04 14:53:51.861 16763 16775 I art     : Explicit concurrent mark sweep GC freed 8688(711KB) AllocSpace objects, 3(60KB) LOS objects, 23% free, 51MB/67MB, paused 1.378ms total 45.113ms
08-04 14:53:51.878 16763 16775 I art     : Starting a blocking GC Explicit
08-04 14:53:51.885   918  3670 D ConnectivityService: listenForNetwork for Listen from uid/pid:10670/16763 for NetworkRequest [ id=2726, legacyType=-1, [ Capabilities: INTERNET&NOT_RESTRICTED&TRUSTED] ]
08-04 14:53:51.916 16763 16775 I art     : Explicit concurrent mark sweep GC freed 1221(118KB) AllocSpace objects, 0(0B) LOS objects, 23% free, 51MB/67MB, paused 1.984ms total 38.230ms
08-04 14:53:51.921 16763 16788 D DBReader: getFeedItem() called with: itemId = [2]
08-04 14:53:51.922 16763 16788 D DBReader: Loading feeditem with id 2
08-04 14:53:51.922 16763 16763 D ItemFragment: onEventMainThread() called with: event = [DownloadEvent{update=DownloaderUpdate{downloaders=[], feedIds=[], mediaIds=[]}}]
08-04 14:53:51.924 16763 16788 D DBReader: getFavoriteIDList() called
08-04 14:53:51.925 16763 16788 D DBReader: getQueueIDList() called
08-04 14:53:51.926 16763 16788 D DBReader: Extracting Feedlist
08-04 14:53:51.929 13866 13866 I GoogleInputMethodServic: GoogleInputMethodService.onFinishInput():3138 
08-04 14:53:51.930 13866 13866 I GoogleInputMethodServic: GoogleInputMethodService.onStartInput():1808 
08-04 14:53:51.930 16763 16775 I art     : Starting a blocking GC Explicit
08-04 14:53:51.936 16763 16788 D DBReader: loadExtraInformationOfFeedItem() called with: item = [FeedItem[autoDownload=1,chapters=<null>,contentEncoded=<null>,description=<null>,feed=baseline.de.danoeh.antennapod.core.feed.Feed@e1e2529,feedId=2,flattrStatus=baseline.de.danoeh.antennapod.core.util.flattr.FlattrStatus@8de80ae,hasChapters=false,imageUrl=http://static.libsyn.com/p/assets/2/7/8/6/278615fe73b1f0ca/JRE1514.jpg,itemIdentifier=a0870b6b-c887-4883-930c-a06d5e1a8f7e,link=http://traffic.libsyn.com/joeroganexp/p1514.mp3,media=baseline.de.danoeh.antennapod.core.feed.FeedMedia@685fe4f,paymentLink=<null>,pubDate=Fri Jul 24 21:00:00 GMT+02:00 2020,state=-1,tags=[],title=#1514 - Joe De Sena,id=2]]
08-04 14:53:51.939 16763 16763 E libEGL  : validate_display:255 error 3008 (EGL_BAD_DISPLAY)
08-04 14:53:51.969 16763 16775 I art     : Explicit concurrent mark sweep GC freed 2707(197KB) AllocSpace objects, 1(68KB) LOS objects, 23% free, 51MB/67MB, paused 1.703ms total 38.720ms
08-04 14:53:51.989   918   935 D BluetoothManagerService: Added callback: android.bluetooth.IBluetoothManagerCallback$Stub$Proxy@88f37dc:true
08-04 14:53:51.990 16763 16775 I art     : Starting a blocking GC Explicit
08-04 14:53:51.996 16763 17709 D ApOkHttpUrlLoader: buildLoadData() called with: model = [http://static.libsyn.com/p/assets/2/7/8/6/278615fe73b1f0ca/JRE1514.jpg], width = [175], height = [175]
08-04 14:53:51.999 16763 17510 D DBReader: getImageAuthentication() called with: imageUrl = [http://static.libsyn.com/p/assets/2/7/8/6/278615fe73b1f0ca/JRE1514.jpg]
08-04 14:53:52.002 16763 17510 D ApOkHttpUrlLoader: no credentials for 'http://static.libsyn.com/p/assets/2/7/8/6/278615fe73b1f0ca/JRE1514.jpg'
08-04 14:53:52.039 16763 16775 I art     : Explicit concurrent mark sweep GC freed 1540(106KB) AllocSpace objects, 3(84KB) LOS objects, 23% free, 51MB/67MB, paused 1.465ms total 48.796ms
08-04 14:53:52.051 16763 16775 I art     : Starting a blocking GC Explicit
08-04 14:53:52.090 16763 16775 I art     : Explicit concurrent mark sweep GC freed 1093(82KB) AllocSpace objects, 1(28KB) LOS objects, 23% free, 51MB/67MB, paused 1.265ms total 38.534ms
08-04 14:53:52.108 16763 17510 D MYTAG   : interceptor 2a
08-04 14:53:52.108 16763 17510 I NAPPA_EXPERIMENTATION: MetricNetworkRequestExecutionTime: REQUEST_DURATION_SYSTEM='106',REQUEST_DURATION_OKHTTP='105',REQUEST_SYNCHRONOUS='TRUE',RESPONSE_CODE='200',RESPONSE_METHOD='GET',RESPONSE_LENGTH_OKHTTP='364960',RESPONSE_LENGTH_HEADER='364960',REQUEST_PROTOCOL='http/1.1',REQUEST_URL='http://static.libsyn.com/p/assets/2/7/8/6/278615fe73b1f0ca/JRE1514.jpg',
08-04 14:53:52.229   512  2967 D audio_hw_primary: disable_audio_route: reset and update mixer path: low-latency-playback speaker
08-04 14:53:52.230   512  2967 D audio_hw_primary: disable_snd_device: snd_device(2: speaker)
08-04 14:53:52.238   512  2967 I soundtrigger: audio_extn_sound_trigger_update_device_status: device 0x2 of type 0 for Event 0
08-04 14:53:52.428 16763 16785 I art     : Starting a blocking GC Explicit
08-04 14:53:52.496 16763 16785 I art     : Explicit concurrent mark sweep GC freed 1926(125KB) AllocSpace objects, 1(20KB) LOS objects, 23% free, 52MB/68MB, paused 1.369ms total 67.656ms
08-04 14:53:52.513 16763 16785 I art     : Starting a blocking GC Explicit
08-04 14:53:52.562 16763 16785 I art     : Explicit concurrent mark sweep GC freed 49(1536B) AllocSpace objects, 0(0B) LOS objects, 23% free, 52MB/68MB, paused 1.433ms total 48.755ms
08-04 14:53:52.577 16763 16785 I art     : Starting a blocking GC Explicit
08-04 14:53:52.629 16763 16785 I art     : Explicit concurrent mark sweep GC freed 11(352B) AllocSpace objects, 0(0B) LOS objects, 23% free, 52MB/68MB, paused 1.337ms total 52.212ms
08-04 14:53:52.645 16763 16785 I art     : Starting a blocking GC Explicit
08-04 14:53:52.697 16763 16785 I art     : Explicit concurrent mark sweep GC freed 12(384B) AllocSpace objects, 0(0B) LOS objects, 23% free, 52MB/68MB, paused 1.477ms total 51.465ms
08-04 14:53:52.712 16763 16785 I art     : Starting a blocking GC Explicit
08-04 14:53:52.765 16763 16785 I art     : Explicit concurrent mark sweep GC freed 11(352B) AllocSpace objects, 0(0B) LOS objects, 23% free, 52MB/68MB, paused 1.704ms total 52.211ms
08-04 14:53:53.126 16763 19031 I art     : Starting a blocking GC Explicit
08-04 14:53:53.182 16763 19031 I art     : Explicit concurrent mark sweep GC freed 1433(82KB) AllocSpace objects, 1(20KB) LOS objects, 23% free, 52MB/68MB, paused 1.664ms total 54.832ms
08-04 14:53:53.198 16763 19031 I art     : Starting a blocking GC Explicit
08-04 14:53:53.247   518   646 I ThermalEngine: ACTION: GPU - Setting GPU[0] to 450000000
08-04 14:53:53.249 16763 19031 I art     : Explicit concurrent mark sweep GC freed 33(1072B) AllocSpace objects, 0(0B) LOS objects, 23% free, 52MB/68MB, paused 1.314ms total 51.347ms
08-04 14:53:53.264 16763 19031 I art     : Starting a blocking GC Explicit
08-04 14:53:53.315 16763 19031 I art     : Explicit concurrent mark sweep GC freed 9(288B) AllocSpace objects, 0(0B) LOS objects, 23% free, 52MB/68MB, paused 1.569ms total 50.983ms
08-04 14:53:53.332 16763 19031 I art     : Starting a blocking GC Explicit
08-04 14:53:53.387 16763 19031 I art     : Explicit concurrent mark sweep GC freed 43(1232B) AllocSpace objects, 0(0B) LOS objects, 23% free, 52MB/68MB, paused 1.353ms total 54.853ms
08-04 14:53:53.403 16763 19031 I art     : Starting a blocking GC Explicit
08-04 14:53:53.456 16763 19031 I art     : Explicit concurrent mark sweep GC freed 10(320B) AllocSpace objects, 0(0B) LOS objects, 23% free, 52MB/68MB, paused 1.378ms total 51.649ms
08-04 14:53:53.835 16763 19031 I art     : Starting a blocking GC Explicit
08-04 14:53:53.891 16763 19031 I art     : Explicit concurrent mark sweep GC freed 1454(83KB) AllocSpace objects, 1(20KB) LOS objects, 23% free, 52MB/68MB, paused 1.503ms total 54.789ms
08-04 14:53:53.906 16763 19031 I art     : Starting a blocking GC Explicit
08-04 14:53:53.962 16763 19031 I art     : Explicit concurrent mark sweep GC freed 23(752B) AllocSpace objects, 0(0B) LOS objects, 23% free, 52MB/68MB, paused 1.458ms total 55.857ms
08-04 14:53:53.978 16763 19031 I art     : Starting a blocking GC Explicit
08-04 14:53:54.037 16763 19031 I art     : Explicit concurrent mark sweep GC freed 3(96B) AllocSpace objects, 0(0B) LOS objects, 23% free, 52MB/68MB, paused 1.588ms total 58.460ms
08-04 14:53:54.056 16763 19031 I art     : Starting a blocking GC Explicit
08-04 14:53:54.112 16763 19031 I art     : Explicit concurrent mark sweep GC freed 3(96B) AllocSpace objects, 0(0B) LOS objects, 23% free, 52MB/68MB, paused 1.525ms total 55.688ms
08-04 14:53:54.127 16763 19031 I art     : Starting a blocking GC Explicit
08-04 14:53:54.186 16763 19031 I art     : Explicit concurrent mark sweep GC freed 3(96B) AllocSpace objects, 0(0B) LOS objects, 23% free, 52MB/68MB, paused 1.530ms total 58.261ms
08-04 14:53:54.596 16763 18265 I art     : Starting a blocking GC Explicit
08-04 14:53:54.660 16763 18265 I art     : Explicit concurrent mark sweep GC freed 1411(82KB) AllocSpace objects, 1(20KB) LOS objects, 23% free, 52MB/68MB, paused 1.596ms total 63.526ms
08-04 14:53:54.679 16763 18265 I art     : Starting a blocking GC Explicit
08-04 14:53:54.736 16763 18265 I art     : Explicit concurrent mark sweep GC freed 23(752B) AllocSpace objects, 0(0B) LOS objects, 23% free, 52MB/68MB, paused 1.528ms total 56.418ms
08-04 14:53:54.752 16763 18265 I art     : Starting a blocking GC Explicit
08-04 14:53:54.811 16763 18265 I art     : Explicit concurrent mark sweep GC freed 3(96B) AllocSpace objects, 0(0B) LOS objects, 23% free, 52MB/68MB, paused 1.619ms total 58.694ms
08-04 14:53:54.831 16763 18265 I art     : Starting a blocking GC Explicit
08-04 14:53:54.888 16763 18265 I art     : Explicit concurrent mark sweep GC freed 3(96B) AllocSpace objects, 0(0B) LOS objects, 23% free, 52MB/68MB, paused 1.624ms total 56.443ms
08-04 14:53:54.903 16763 18265 I art     : Starting a blocking GC Explicit
08-04 14:53:54.961 16763 18265 I art     : Explicit concurrent mark sweep GC freed 3(96B) AllocSpace objects, 0(0B) LOS objects, 23% free, 52MB/68MB, paused 1.502ms total 57.632ms
08-04 14:53:55.339 16763 16776 I art     : Starting a blocking GC Explicit
08-04 14:53:55.411 16763 16776 I art     : Explicit concurrent mark sweep GC freed 1411(81KB) AllocSpace objects, 1(20KB) LOS objects, 23% free, 52MB/68MB, paused 1.657ms total 71.890ms
08-04 14:53:55.430 16763 16776 I art     : Starting a blocking GC Explicit
08-04 14:53:55.486 16763 16776 I art     : Explicit concurrent mark sweep GC freed 23(752B) AllocSpace objects, 0(0B) LOS objects, 23% free, 52MB/68MB, paused 1.513ms total 55.366ms
08-04 14:53:55.502 16763 16776 I art     : Starting a blocking GC Explicit
08-04 14:53:55.561 16763 16776 I art     : Explicit concurrent mark sweep GC freed 3(96B) AllocSpace objects, 0(0B) LOS objects, 23% free, 52MB/68MB, paused 1.529ms total 59.363ms
08-04 14:53:55.581 16763 16776 I art     : Starting a blocking GC Explicit
08-04 14:53:55.636 16763 16776 I art     : Explicit concurrent mark sweep GC freed 3(96B) AllocSpace objects, 0(0B) LOS objects, 23% free, 52MB/68MB, paused 1.490ms total 54.641ms
08-04 14:53:55.652 16763 16776 I art     : Starting a blocking GC Explicit
08-04 14:53:55.710 16763 16776 I art     : Explicit concurrent mark sweep GC freed 3(96B) AllocSpace objects, 0(0B) LOS objects, 23% free, 52MB/68MB, paused 1.455ms total 57.401ms
08-04 14:53:56.051 16763 16785 I art     : Starting a blocking GC Explicit
08-04 14:53:56.106 16763 16785 I art     : Explicit concurrent mark sweep GC freed 1382(83KB) AllocSpace objects, 1(20KB) LOS objects, 23% free, 52MB/68MB, paused 1.512ms total 54.241ms
08-04 14:53:56.121 16763 16785 I art     : Starting a blocking GC Explicit
08-04 14:53:56.175 16763 16785 I art     : Explicit concurrent mark sweep GC freed 23(752B) AllocSpace objects, 0(0B) LOS objects, 23% free, 52MB/68MB, paused 1.410ms total 53.586ms
08-04 14:53:56.190 16763 16785 I art     : Starting a blocking GC Explicit
08-04 14:53:56.245 16763 16785 I art     : Explicit concurrent mark sweep GC freed 3(96B) AllocSpace objects, 0(0B) LOS objects, 23% free, 52MB/68MB, paused 1.536ms total 54.600ms
08-04 14:53:56.260 16763 16785 I art     : Starting a blocking GC Explicit
08-04 14:53:56.313 16763 16785 I art     : Explicit concurrent mark sweep GC freed 3(96B) AllocSpace objects, 0(0B) LOS objects, 23% free, 52MB/68MB, paused 1.479ms total 52.613ms
08-04 14:53:56.328 16763 16785 I art     : Starting a blocking GC Explicit
08-04 14:53:56.383 16763 16785 I art     : Explicit concurrent mark sweep GC freed 32(880B) AllocSpace objects, 0(0B) LOS objects, 23% free, 52MB/68MB, paused 1.627ms total 54.761ms
08-04 14:53:56.391 19670 19670 D AndroidRuntime: >>>>>> START com.android.internal.os.RuntimeInit uid 2000 <<<<<<
08-04 14:53:56.397 19670 19670 D AndroidRuntime: CheckJNI is OFF
08-04 14:53:56.440 19670 19670 D ICU     : No timezone override file found: /data/misc/zoneinfo/current/icu/icu_tzdata.dat
08-04 14:53:56.487 19670 19670 I Radio-JNI: register_android_hardware_Radio DONE
08-04 14:53:56.517 19670 19670 D AndroidRuntime: Calling main entry com.android.commands.input.Input
08-04 14:53:56.520 19670 19670 I Input   : injectKeyEvent: KeyEvent { action=ACTION_DOWN, keyCode=KEYCODE_BACK, scanCode=0, metaState=0, flags=0x0, repeatCount=0, eventTime=716052933, downTime=716052933, deviceId=-1, source=0x101 }
08-04 14:53:56.528 19670 19670 I Input   : injectKeyEvent: KeyEvent { action=ACTION_UP, keyCode=KEYCODE_BACK, scanCode=0, metaState=0, flags=0x0, repeatCount=0, eventTime=716052933, downTime=716052933, deviceId=-1, source=0x101 }
08-04 14:53:56.554 16763 16763 D ItemlistFragment: onEventMainThread() called with: event = [DownloadEvent{update=DownloaderUpdate{downloaders=[], feedIds=[], mediaIds=[]}}]
08-04 14:53:56.556 16763 16783 D DBReader: getFeed() called with: feedId = [2]
08-04 14:53:56.556 19670 19670 D AndroidRuntime: Shutting down VM
08-04 14:53:56.558 16763 16783 D DBReader: getFeedItemList() called with: feed = [baseline.de.danoeh.antennapod.core.feed.Feed@2]
08-04 14:53:56.558   918  3263 D ConnectivityService: releasing NetworkRequest NetworkRequest [ id=2726, legacyType=-1, [ Capabilities: INTERNET&NOT_RESTRICTED&TRUSTED] ]
08-04 14:53:56.584 16763 16763 D FeedMenuHandler: Preparing options menu
08-04 14:53:56.636 16763 17709 D ApOkHttpUrlLoader: buildLoadData() called with: model = [http://static.libsyn.com/p/assets/7/1/f/3/71f3014e14ef2722/JREiTunesImage2.jpg], width = [1440], height = [462]
08-04 14:53:56.657 13866 13866 I GoogleInputMethodServic: GoogleInputMethodService.onFinishInput():3138 
08-04 14:53:56.657 13866 13866 I GoogleInputMethodServic: GoogleInputMethodService.onStartInput():1808 
08-04 14:53:56.665 16763 16783 W PodDBAdapter: Length of id array is larger than 800. Creating multiple cursors
08-04 14:53:56.725 16763 16785 I art     : Starting a blocking GC Explicit
08-04 14:53:56.754 16763 16783 D DBReader: getFavoriteIDList() called
08-04 14:53:56.755 16763 16783 D DBReader: getQueueIDList() called
08-04 14:53:56.757 16763 16783 D DBReader: Extracting Feedlist
08-04 14:53:56.760 16763 17709 D ApOkHttpUrlLoader: buildLoadData() called with: model = [http://static.libsyn.com/p/assets/7/1/f/3/71f3014e14ef2722/JREiTunesImage2.jpg], width = [1440], height = [462]
08-04 14:53:56.784 16763 16763 D FeedMenuHandler: Preparing options menu
08-04 14:53:56.787 16763 16785 I art     : Explicit concurrent mark sweep GC freed 40720(2MB) AllocSpace objects, 3(64KB) LOS objects, 21% free, 57MB/73MB, paused 1.990ms total 61.880ms
08-04 14:53:56.801 16763 16785 I art     : Starting a blocking GC Explicit
08-04 14:53:56.850 16763 16785 I art     : Explicit concurrent mark sweep GC freed 7674(401KB) AllocSpace objects, 6(3MB) LOS objects, 22% free, 54MB/70MB, paused 1.485ms total 48.279ms
08-04 14:53:56.863 16763 16785 I art     : Starting a blocking GC Explicit
08-04 14:53:56.911 16763 16785 I art     : Explicit concurrent mark sweep GC freed 1014(69KB) AllocSpace objects, 0(0B) LOS objects, 22% free, 54MB/70MB, paused 1.495ms total 47.361ms
08-04 14:53:56.926 16763 16785 I art     : Starting a blocking GC Explicit
08-04 14:53:56.975 16763 16785 I art     : Explicit concurrent mark sweep GC freed 3(96B) AllocSpace objects, 0(0B) LOS objects, 22% free, 54MB/70MB, paused 1.324ms total 49.511ms
08-04 14:53:56.990 16763 16785 I art     : Starting a blocking GC Explicit
08-04 14:53:57.038 16763 16785 I art     : Explicit concurrent mark sweep GC freed 3(96B) AllocSpace objects, 0(0B) LOS objects, 22% free, 54MB/70MB, paused 1.522ms total 47.141ms
08-04 14:53:57.403 16763 16776 I art     : Starting a blocking GC Explicit
08-04 14:53:57.470 16763 16776 I art     : Explicit concurrent mark sweep GC freed 1456(83KB) AllocSpace objects, 1(20KB) LOS objects, 22% free, 54MB/70MB, paused 1.683ms total 66.174ms
08-04 14:53:57.489 16763 16776 I art     : Starting a blocking GC Explicit
08-04 14:53:57.541 16763 16776 I art     : Explicit concurrent mark sweep GC freed 23(752B) AllocSpace objects, 0(0B) LOS objects, 22% free, 54MB/70MB, paused 1.550ms total 51.727ms
08-04 14:53:57.560 16763 16776 I art     : Starting a blocking GC Explicit
08-04 14:53:57.612 16763 16776 I art     : Explicit concurrent mark sweep GC freed 3(96B) AllocSpace objects, 0(0B) LOS objects, 22% free, 54MB/70MB, paused 1.443ms total 51.722ms
08-04 14:53:57.627 16763 16776 I art     : Starting a blocking GC Explicit
08-04 14:53:57.680 16763 16776 I art     : Explicit concurrent mark sweep GC freed 3(96B) AllocSpace objects, 0(0B) LOS objects, 22% free, 54MB/70MB, paused 1.464ms total 52.386ms
08-04 14:53:57.695 16763 16776 I art     : Starting a blocking GC Explicit
08-04 14:53:57.751 16763 16776 I art     : Explicit concurrent mark sweep GC freed 3(96B) AllocSpace objects, 0(0B) LOS objects, 22% free, 54MB/70MB, paused 1.558ms total 55.041ms
08-04 14:53:58.103 16763 16775 I art     : Starting a blocking GC Explicit
08-04 14:53:58.163 16763 16775 I art     : Explicit concurrent mark sweep GC freed 1383(83KB) AllocSpace objects, 1(20KB) LOS objects, 22% free, 54MB/70MB, paused 1.518ms total 60.411ms
08-04 14:53:58.183 16763 16775 I art     : Starting a blocking GC Explicit
08-04 14:53:58.230 16763 16775 I art     : Explicit concurrent mark sweep GC freed 31(1008B) AllocSpace objects, 0(0B) LOS objects, 22% free, 54MB/70MB, paused 1.640ms total 47.103ms
08-04 14:53:58.245 16763 16775 I art     : Starting a blocking GC Explicit
08-04 14:53:58.256   518   646 I ThermalEngine: ACTION: GPU - Setting GPU[0] to 510000000
08-04 14:53:58.293 16763 16775 I art     : Explicit concurrent mark sweep GC freed 11(352B) AllocSpace objects, 0(0B) LOS objects, 22% free, 54MB/70MB, paused 1.381ms total 47.872ms
08-04 14:53:58.306 16763 16775 I art     : Starting a blocking GC Explicit
08-04 14:53:58.342 16763 16775 I art     : Explicit concurrent mark sweep GC freed 38(1072B) AllocSpace objects, 0(0B) LOS objects, 22% free, 54MB/70MB, paused 1.013ms total 36.616ms
08-04 14:53:58.343 19714 19714 D AndroidRuntime: >>>>>> START com.android.internal.os.RuntimeInit uid 2000 <<<<<<
08-04 14:53:58.348 19714 19714 D AndroidRuntime: CheckJNI is OFF
08-04 14:53:58.354 16763 16775 I art     : Starting a blocking GC Explicit
08-04 14:53:58.380 19714 19714 D ICU     : No timezone override file found: /data/misc/zoneinfo/current/icu/icu_tzdata.dat
08-04 14:53:58.391 16763 16775 I art     : Explicit concurrent mark sweep GC freed 10(320B) AllocSpace objects, 0(0B) LOS objects, 22% free, 54MB/70MB, paused 1.182ms total 36.718ms
08-04 14:53:58.416 19714 19714 I Radio-JNI: register_android_hardware_Radio DONE
08-04 14:53:58.435 19714 19714 D AndroidRuntime: Calling main entry com.android.commands.input.Input
08-04 14:53:58.437 19714 19714 I Input   : injectMotionEvent: MotionEvent { action=ACTION_DOWN, actionButton=0, id[0]=0, x[0]=103.0, y[0]=192.0, toolType[0]=TOOL_TYPE_UNKNOWN, buttonState=0, metaState=0, flags=0x0, edgeFlags=0x0, pointerCount=1, historySize=0, eventTime=716054850, downTime=716054850, deviceId=0, source=0x1002 }
08-04 14:53:58.441 19714 19714 I Input   : injectMotionEvent: MotionEvent { action=ACTION_UP, actionButton=0, id[0]=0, x[0]=103.0, y[0]=192.0, toolType[0]=TOOL_TYPE_UNKNOWN, buttonState=0, metaState=0, flags=0x0, edgeFlags=0x0, pointerCount=1, historySize=0, eventTime=716054850, downTime=716054850, deviceId=0, source=0x1002 }
08-04 14:53:58.443 19714 19714 D AndroidRuntime: Shutting down VM
08-04 14:53:58.454   512  2967 D audio_hw_primary: out_set_parameters: enter: usecase(1: low-latency-playback) kvpairs: routing=2
08-04 14:53:58.467   512  2967 D audio_hw_primary: select_devices: out_snd_device(2: speaker) in_snd_device(0: none)
08-04 14:53:58.467   512  2967 D msm8974_platform: platform_send_audio_calibration: sending audio calibration for snd_device(2) acdb_id(15)
08-04 14:53:58.467   512  2967 I soundtrigger: audio_extn_sound_trigger_update_device_status: device 0x2 of type 0 for Event 1
08-04 14:53:58.478   512  2967 D audio_hw_primary: enable_snd_device: snd_device(2: speaker)
08-04 14:53:58.480   512  2967 D audio_hw_primary: enable_audio_route: apply and update mixer path: low-latency-playback speaker
08-04 14:53:58.681 16763 18265 I art     : Starting a blocking GC Explicit
08-04 14:53:58.724 16763 18265 I art     : Explicit concurrent mark sweep GC freed 1804(103KB) AllocSpace objects, 1(20KB) LOS objects, 22% free, 54MB/70MB, paused 1.181ms total 43.162ms
08-04 14:53:58.738 16763 18265 I art     : Starting a blocking GC Explicit
08-04 14:53:58.779 16763 18265 I art     : Explicit concurrent mark sweep GC freed 37(1360B) AllocSpace objects, 0(0B) LOS objects, 22% free, 54MB/70MB, paused 1.085ms total 40.741ms
08-04 14:53:58.790 16763 18265 I art     : Starting a blocking GC Explicit
08-04 14:53:58.832 16763 18265 I art     : Explicit concurrent mark sweep GC freed 3(96B) AllocSpace objects, 0(0B) LOS objects, 22% free, 54MB/70MB, paused 1.118ms total 41.173ms
08-04 14:53:58.844 16763 18265 I art     : Starting a blocking GC Explicit
08-04 14:53:58.885 16763 18265 I art     : Explicit concurrent mark sweep GC freed 12(416B) AllocSpace objects, 0(0B) LOS objects, 22% free, 54MB/70MB, paused 1.044ms total 40.465ms
08-04 14:53:58.896 16763 18265 I art     : Starting a blocking GC Explicit
08-04 14:53:58.937 16763 18265 I art     : Explicit concurrent mark sweep GC freed 5(160B) AllocSpace objects, 0(0B) LOS objects, 22% free, 54MB/70MB, paused 990us total 40.717ms
08-04 14:53:59.019   512  2967 D audio_hw_primary: disable_audio_route: reset and update mixer path: low-latency-playback speaker
08-04 14:53:59.021   512  2967 D audio_hw_primary: disable_snd_device: snd_device(2: speaker)
08-04 14:53:59.029   512  2967 I soundtrigger: audio_extn_sound_trigger_update_device_status: device 0x2 of type 0 for Event 0
08-04 14:53:59.252 16763 18265 I art     : Starting a blocking GC Explicit
08-04 14:53:59.259   518   646 I ThermalEngine: ACTION: GPU - Setting GPU[0] to 450000000
08-04 14:53:59.311 16763 18265 I art     : Explicit concurrent mark sweep GC freed 2084(107KB) AllocSpace objects, 1(20KB) LOS objects, 22% free, 54MB/70MB, paused 1.453ms total 59.070ms
08-04 14:53:59.326 16763 18265 I art     : Starting a blocking GC Explicit
08-04 14:53:59.380 16763 18265 I art     : Explicit concurrent mark sweep GC freed 54(1600B) AllocSpace objects, 0(0B) LOS objects, 22% free, 54MB/70MB, paused 1.486ms total 53.047ms
08-04 14:53:59.395 16763 18265 I art     : Starting a blocking GC Explicit
08-04 14:53:59.446 16763 18265 I art     : Explicit concurrent mark sweep GC freed 3(96B) AllocSpace objects, 0(0B) LOS objects, 22% free, 54MB/70MB, paused 1.448ms total 51.283ms
08-04 14:53:59.462 16763 18265 I art     : Starting a blocking GC Explicit
08-04 14:53:59.512 16763 18265 I art     : Explicit concurrent mark sweep GC freed 3(96B) AllocSpace objects, 0(0B) LOS objects, 22% free, 54MB/70MB, paused 1.362ms total 50.483ms
08-04 14:53:59.527 16763 18265 I art     : Starting a blocking GC Explicit
08-04 14:53:59.581 16763 18265 I art     : Explicit concurrent mark sweep GC freed 3(96B) AllocSpace objects, 0(0B) LOS objects, 22% free, 54MB/70MB, paused 1.446ms total 53.073ms
08-04 14:53:59.909 16763 16776 I art     : Starting a blocking GC Explicit
08-04 14:53:59.964 16763 16776 I art     : Explicit concurrent mark sweep GC freed 2270(113KB) AllocSpace objects, 1(20KB) LOS objects, 22% free, 54MB/70MB, paused 1.466ms total 54.328ms
08-04 14:53:59.979 16763 16776 I art     : Starting a blocking GC Explicit
08-04 14:54:00.028 16763 16776 I art     : Explicit concurrent mark sweep GC freed 23(752B) AllocSpace objects, 0(0B) LOS objects, 22% free, 54MB/70MB, paused 1.445ms total 48.046ms
08-04 14:54:00.042 16763 16776 I art     : Starting a blocking GC Explicit
08-04 14:54:00.087 16763 16776 I art     : Explicit concurrent mark sweep GC freed 4(128B) AllocSpace objects, 0(0B) LOS objects, 22% free, 54MB/70MB, paused 1.358ms total 44.902ms
08-04 14:54:00.101 16763 16776 I art     : Starting a blocking GC Explicit
08-04 14:54:00.149 16763 16776 I art     : Explicit concurrent mark sweep GC freed 10(320B) AllocSpace objects, 0(0B) LOS objects, 22% free, 54MB/70MB, paused 1.927ms total 46.874ms
08-04 14:54:00.163 16763 16776 I art     : Starting a blocking GC Explicit
08-04 14:54:00.213 16763 16776 I art     : Explicit concurrent mark sweep GC freed 11(352B) AllocSpace objects, 0(0B) LOS objects, 22% free, 54MB/70MB, paused 1.534ms total 49.172ms
08-04 14:54:00.245 19757 19757 D AndroidRuntime: >>>>>> START com.android.internal.os.RuntimeInit uid 2000 <<<<<<
08-04 14:54:00.251 19757 19757 D AndroidRuntime: CheckJNI is OFF
08-04 14:54:00.292 19757 19757 D ICU     : No timezone override file found: /data/misc/zoneinfo/current/icu/icu_tzdata.dat
08-04 14:54:00.336 19757 19757 I Radio-JNI: register_android_hardware_Radio DONE
08-04 14:54:00.366 19757 19757 D AndroidRuntime: Calling main entry com.android.commands.input.Input
08-04 14:54:00.368 19757 19757 I Input   : injectMotionEvent: MotionEvent { action=ACTION_DOWN, actionButton=0, id[0]=0, x[0]=409.0, y[0]=1034.0, toolType[0]=TOOL_TYPE_UNKNOWN, buttonState=0, metaState=0, flags=0x0, edgeFlags=0x0, pointerCount=1, historySize=0, eventTime=716056781, downTime=716056781, deviceId=0, source=0x1002 }
08-04 14:54:00.373 19757 19757 I Input   : injectMotionEvent: MotionEvent { action=ACTION_UP, actionButton=0, id[0]=0, x[0]=409.0, y[0]=1034.0, toolType[0]=TOOL_TYPE_UNKNOWN, buttonState=0, metaState=0, flags=0x0, edgeFlags=0x0, pointerCount=1, historySize=0, eventTime=716056781, downTime=716056781, deviceId=0, source=0x1002 }
08-04 14:54:00.376 19757 19757 D AndroidRuntime: Shutting down VM
08-04 14:54:00.440 16763 16763 D MainActivity: loadFragment(index: 5, args: null)
08-04 14:54:00.440 16763 16763 D MainActivity: loadFragment(tag: AddFeedFragment, args: null)
08-04 14:54:00.441 16763 16763 D MainActivity: saveLastNavFragment(tag: AddFeedFragment)
08-04 14:54:00.442 16763 16763 D MainActivity: getLastNavFragment() -> AddFeedFragment
08-04 14:54:00.445   512  2967 D audio_hw_primary: out_set_parameters: enter: usecase(1: low-latency-playback) kvpairs: routing=2
08-04 14:54:00.458   512  2967 D audio_hw_primary: select_devices: out_snd_device(2: speaker) in_snd_device(0: none)
08-04 14:54:00.459   512  2967 D msm8974_platform: platform_send_audio_calibration: sending audio calibration for snd_device(2) acdb_id(15)
08-04 14:54:00.459   512  2967 I soundtrigger: audio_extn_sound_trigger_update_device_status: device 0x2 of type 0 for Event 1
08-04 14:54:00.468   512  2967 D audio_hw_primary: enable_snd_device: snd_device(2: speaker)
08-04 14:54:00.469   512  2967 D audio_hw_primary: enable_audio_route: apply and update mixer path: low-latency-playback speaker
08-04 14:54:00.485 13866 13866 I GoogleInputMethodServic: GoogleInputMethodService.onFinishInput():3138 
08-04 14:54:00.485 13866 13866 I GoogleInputMethodServic: GoogleInputMethodService.onStartInput():1808 
08-04 14:54:00.566 16763 16775 I art     : Starting a blocking GC Explicit
08-04 14:54:00.622 16763 16775 I art     : Explicit concurrent mark sweep GC freed 3831(200KB) AllocSpace objects, 2(40KB) LOS objects, 22% free, 54MB/70MB, paused 1.541ms total 56.042ms
08-04 14:54:00.637 16763 16775 I art     : Starting a blocking GC Explicit
08-04 14:54:00.678 16763 16775 I art     : Explicit concurrent mark sweep GC freed 31437(2MB) AllocSpace objects, 9(3MB) LOS objects, 24% free, 48MB/64MB, paused 1.423ms total 40.796ms
08-04 14:54:00.690 16763 16775 I art     : Starting a blocking GC Explicit
08-04 14:54:00.726 16763 16775 I art     : Explicit concurrent mark sweep GC freed 3(96B) AllocSpace objects, 0(0B) LOS objects, 24% free, 48MB/64MB, paused 1.285ms total 35.592ms
08-04 14:54:00.738 16763 16775 I art     : Starting a blocking GC Explicit
08-04 14:54:00.776 16763 16775 I art     : Explicit concurrent mark sweep GC freed 3(96B) AllocSpace objects, 0(0B) LOS objects, 24% free, 48MB/64MB, paused 1.307ms total 38.583ms
08-04 14:54:00.789 16763 16775 I art     : Starting a blocking GC Explicit
08-04 14:54:00.828 16763 16775 I art     : Explicit concurrent mark sweep GC freed 3(96B) AllocSpace objects, 0(0B) LOS objects, 24% free, 48MB/64MB, paused 1.413ms total 38.366ms
08-04 14:54:00.881 13866 13866 I GoogleInputMethodServic: GoogleInputMethodService.onFinishInput():3138 
08-04 14:54:00.881 13866 13866 I GoogleInputMethodServic: GoogleInputMethodService.onStartInput():1808 
08-04 14:54:01.011   512  2967 D audio_hw_primary: disable_audio_route: reset and update mixer path: low-latency-playback speaker
08-04 14:54:01.012   512  2967 D audio_hw_primary: disable_snd_device: snd_device(2: speaker)
08-04 14:54:01.021   512  2967 I soundtrigger: audio_extn_sound_trigger_update_device_status: device 0x2 of type 0 for Event 0
08-04 14:54:01.180 16763 16776 I art     : Starting a blocking GC Explicit
08-04 14:54:01.227 16763 16776 I art     : Explicit concurrent mark sweep GC freed 1638(92KB) AllocSpace objects, 1(20KB) LOS objects, 24% free, 48MB/64MB, paused 1.380ms total 46.592ms
08-04 14:54:01.239 16655 16655 I ServiceManager: Waiting for service AtCmdFwd...
08-04 14:54:01.243 16763 16776 I art     : Starting a blocking GC Explicit
08-04 14:54:01.284 16763 16776 I art     : Explicit concurrent mark sweep GC freed 114(6KB) AllocSpace objects, 0(0B) LOS objects, 24% free, 48MB/64MB, paused 1.355ms total 40.327ms
08-04 14:54:01.297 16763 16776 I art     : Starting a blocking GC Explicit
08-04 14:54:01.334 16763 16776 I art     : Explicit concurrent mark sweep GC freed 34(944B) AllocSpace objects, 0(0B) LOS objects, 24% free, 48MB/64MB, paused 1.381ms total 37.044ms
08-04 14:54:01.347 16763 16776 I art     : Starting a blocking GC Explicit
08-04 14:54:01.388 16763 16776 I art     : Explicit concurrent mark sweep GC freed 3(96B) AllocSpace objects, 0(0B) LOS objects, 24% free, 48MB/64MB, paused 1.475ms total 41.001ms
08-04 14:54:01.401 16763 16776 I art     : Starting a blocking GC Explicit
08-04 14:54:01.441 16763 16776 I art     : Explicit concurrent mark sweep GC freed 3(96B) AllocSpace objects, 0(0B) LOS objects, 24% free, 48MB/64MB, paused 1.403ms total 39.533ms
08-04 14:54:01.770 16763 18265 I art     : Starting a blocking GC Explicit
08-04 14:54:01.815 16763 18265 I art     : Explicit concurrent mark sweep GC freed 1380(81KB) AllocSpace objects, 1(20KB) LOS objects, 24% free, 48MB/64MB, paused 1.405ms total 43.863ms
08-04 14:54:01.828 16763 18265 I art     : Starting a blocking GC Explicit
08-04 14:54:01.866 16763 18265 I art     : Explicit concurrent mark sweep GC freed 23(752B) AllocSpace objects, 0(0B) LOS objects, 24% free, 48MB/64MB, paused 1.396ms total 37.346ms
08-04 14:54:01.878 16763 18265 I art     : Starting a blocking GC Explicit
08-04 14:54:01.918 16763 18265 I art     : Explicit concurrent mark sweep GC freed 3(96B) AllocSpace objects, 0(0B) LOS objects, 24% free, 48MB/64MB, paused 1.527ms total 39.407ms
08-04 14:54:01.930 16763 18265 I art     : Starting a blocking GC Explicit
08-04 14:54:01.969 16763 18265 I art     : Explicit concurrent mark sweep GC freed 3(96B) AllocSpace objects, 0(0B) LOS objects, 24% free, 48MB/64MB, paused 1.473ms total 38.286ms
08-04 14:54:01.981 16763 18265 I art     : Starting a blocking GC Explicit
08-04 14:54:02.020 16763 18265 I art     : Explicit concurrent mark sweep GC freed 3(96B) AllocSpace objects, 0(0B) LOS objects, 24% free, 48MB/64MB, paused 1.436ms total 39.161ms
08-04 14:54:02.166 19802 19802 D AndroidRuntime: >>>>>> START com.android.internal.os.RuntimeInit uid 2000 <<<<<<
08-04 14:54:02.172 19802 19802 D AndroidRuntime: CheckJNI is OFF
08-04 14:54:02.210 19802 19802 D ICU     : No timezone override file found: /data/misc/zoneinfo/current/icu/icu_tzdata.dat
08-04 14:54:02.240 16655 16655 I ServiceManager: Waiting for service AtCmdFwd...
08-04 14:54:02.250 19802 19802 I Radio-JNI: register_android_hardware_Radio DONE
08-04 14:54:02.277 19802 19802 D AndroidRuntime: Calling main entry com.android.commands.input.Input
08-04 14:54:02.279 19802 19802 I Input   : injectMotionEvent: MotionEvent { action=ACTION_DOWN, actionButton=0, id[0]=0, x[0]=603.0, y[0]=1061.0, toolType[0]=TOOL_TYPE_UNKNOWN, buttonState=0, metaState=0, flags=0x0, edgeFlags=0x0, pointerCount=1, historySize=0, eventTime=716058692, downTime=716058692, deviceId=0, source=0x1002 }
08-04 14:54:02.284 19802 19802 I Input   : injectMotionEvent: MotionEvent { action=ACTION_UP, actionButton=0, id[0]=0, x[0]=603.0, y[0]=1061.0, toolType[0]=TOOL_TYPE_UNKNOWN, buttonState=0, metaState=0, flags=0x0, edgeFlags=0x0, pointerCount=1, historySize=0, eventTime=716058692, downTime=716058692, deviceId=0, source=0x1002 }
08-04 14:54:02.286 19802 19802 D AndroidRuntime: Shutting down VM
08-04 14:54:02.297   512  2967 D audio_hw_primary: out_set_parameters: enter: usecase(1: low-latency-playback) kvpairs: routing=2
08-04 14:54:02.310   512  2967 D audio_hw_primary: select_devices: out_snd_device(2: speaker) in_snd_device(0: none)
08-04 14:54:02.310   512  2967 D msm8974_platform: platform_send_audio_calibration: sending audio calibration for snd_device(2) acdb_id(15)
08-04 14:54:02.310   512  2967 I soundtrigger: audio_extn_sound_trigger_update_device_status: device 0x2 of type 0 for Event 1
08-04 14:54:02.319   512  2967 D audio_hw_primary: enable_snd_device: snd_device(2: speaker)
08-04 14:54:02.321   512  2967 D audio_hw_primary: enable_audio_route: apply and update mixer path: low-latency-playback speaker
08-04 14:54:02.370 13866 13866 I GoogleInputMethodServic: GoogleInputMethodService.onFinishInput():3138 
08-04 14:54:02.371 13866 13866 I GoogleInputMethodServic: GoogleInputMethodService.onStartInput():1808 
08-04 14:54:02.374 16763 16776 I art     : Starting a blocking GC Explicit
08-04 14:54:02.420 16763 16776 I art     : Explicit concurrent mark sweep GC freed 4693(330KB) AllocSpace objects, 1(20KB) LOS objects, 24% free, 49MB/65MB, paused 1.700ms total 46.267ms
08-04 14:54:02.432 16763 16776 I art     : Starting a blocking GC Explicit
08-04 14:54:02.470 16763 16776 I art     : Explicit concurrent mark sweep GC freed 1902(98KB) AllocSpace objects, 1(220KB) LOS objects, 24% free, 49MB/65MB, paused 1.562ms total 38.215ms
08-04 14:54:02.482 16763 16776 I art     : Starting a blocking GC Explicit
08-04 14:54:02.520 16763 16776 I art     : Explicit concurrent mark sweep GC freed 78(3KB) AllocSpace objects, 0(0B) LOS objects, 24% free, 49MB/65MB, paused 1.552ms total 37.522ms
08-04 14:54:02.532 16763 16776 I art     : Starting a blocking GC Explicit
08-04 14:54:02.572 16763 16776 I art     : Explicit concurrent mark sweep GC freed 33(1248B) AllocSpace objects, 0(0B) LOS objects, 24% free, 49MB/65MB, paused 1.563ms total 39.305ms
08-04 14:54:02.584 16763 16776 I art     : Starting a blocking GC Explicit
08-04 14:54:02.625 16763 16776 I art     : Explicit concurrent mark sweep GC freed 33(1248B) AllocSpace objects, 0(0B) LOS objects, 24% free, 49MB/65MB, paused 1.547ms total 40.035ms
08-04 14:54:02.858   512  2967 D audio_hw_primary: disable_audio_route: reset and update mixer path: low-latency-playback speaker
08-04 14:54:02.860   512  2967 D audio_hw_primary: disable_snd_device: snd_device(2: speaker)
08-04 14:54:02.867   512  2967 I soundtrigger: audio_extn_sound_trigger_update_device_status: device 0x2 of type 0 for Event 0
08-04 14:54:02.959 16763 18265 I art     : Starting a blocking GC Explicit
08-04 14:54:03.001 16763 18265 I art     : Explicit concurrent mark sweep GC freed 1531(87KB) AllocSpace objects, 1(20KB) LOS objects, 24% free, 49MB/65MB, paused 1.615ms total 41.657ms
08-04 14:54:03.014 16763 18265 I art     : Starting a blocking GC Explicit
08-04 14:54:03.055 16763 18265 I art     : Explicit concurrent mark sweep GC freed 133(4KB) AllocSpace objects, 0(0B) LOS objects, 24% free, 49MB/65MB, paused 1.572ms total 40.394ms
08-04 14:54:03.067 16763 18265 I art     : Starting a blocking GC Explicit
08-04 14:54:03.107 16763 18265 I art     : Explicit concurrent mark sweep GC freed 33(1248B) AllocSpace objects, 0(0B) LOS objects, 24% free, 49MB/65MB, paused 1.541ms total 39.258ms
08-04 14:54:03.119 16763 18265 I art     : Starting a blocking GC Explicit
08-04 14:54:03.160 16763 18265 I art     : Explicit concurrent mark sweep GC freed 3289(128KB) AllocSpace objects, 0(0B) LOS objects, 24% free, 49MB/65MB, paused 2.166ms total 40.478ms
08-04 14:54:03.172 16763 18265 I art     : Starting a blocking GC Explicit
08-04 14:54:03.185 16763 19835 I NAPPA_EXPERIMENTATION: MetricNetworkRequestExecutionTime: REQUEST_DURATION_SYSTEM='826',REQUEST_DURATION_OKHTTP='30',REQUEST_SYNCHRONOUS='TRUE',RESPONSE_CODE='200',RESPONSE_METHOD='GET',RESPONSE_LENGTH_OKHTTP='2923',RESPONSE_LENGTH_HEADER='2923',REQUEST_PROTOCOL='http/1.1',REQUEST_URL='https://gpodder.net/api/2/tags/50.json',
08-04 14:54:03.212 16763 19834 I NAPPA_EXPERIMENTATION: MetricNetworkRequestExecutionTime: REQUEST_DURATION_SYSTEM='856',REQUEST_DURATION_OKHTTP='50',REQUEST_SYNCHRONOUS='TRUE',RESPONSE_CODE='200',RESPONSE_METHOD='GET',RESPONSE_LENGTH_OKHTTP='37507',RESPONSE_LENGTH_HEADER='37507',REQUEST_PROTOCOL='http/1.1',REQUEST_URL='https://gpodder.net/toplist/50.json',
08-04 14:54:03.212 16763 18265 I art     : Explicit concurrent mark sweep GC freed 1260(86KB) AllocSpace objects, 0(0B) LOS objects, 24% free, 49MB/65MB, paused 1.908ms total 40.060ms
08-04 14:54:03.240 16655 16655 I ServiceManager: Waiting for service AtCmdFwd...
08-04 14:54:03.278 16763 17709 D ApOkHttpUrlLoader: buildLoadData() called with: model = [http://sixgun.org/files/linuxoutlaws.jpg], width = [224], height = [224]
08-04 14:54:03.279 16763 17510 D DBReader: getImageAuthentication() called with: imageUrl = [http://sixgun.org/files/linuxoutlaws.jpg]
08-04 14:54:03.283 16763 17510 D ApOkHttpUrlLoader: no credentials for 'http://sixgun.org/files/linuxoutlaws.jpg'
08-04 14:54:03.286 16763 17709 D ApOkHttpUrlLoader: buildLoadData() called with: model = [https://files.thisamericanlife.org/sites/all/themes/thislife/img/tal-name-1400x1400.png], width = [224], height = [224]
08-04 14:54:03.287 16763 17519 D DBReader: getImageAuthentication() called with: imageUrl = [https://files.thisamericanlife.org/sites/all/themes/thislife/img/tal-name-1400x1400.png]
08-04 14:54:03.291 16763 17709 D ApOkHttpUrlLoader: buildLoadData() called with: model = [https://elroy.twit.tv/sites/default/files/styles/twit_album_art_2048x2048/public/images/shows/floss_weekly/album_art/audio/floss_albumart_mask.jpg?itok=IUjxKpwt], width = [224], height = [224]
08-04 14:54:03.291 16763 17519 D ApOkHttpUrlLoader: no credentials for 'https://files.thisamericanlife.org/sites/all/themes/thislife/img/tal-name-1400x1400.png'
08-04 14:54:03.292 16763 17516 D DBReader: getImageAuthentication() called with: imageUrl = [https://elroy.twit.tv/sites/default/files/styles/twit_album_art_2048x2048/public/images/shows/floss_weekly/album_art/audio/floss_albumart_mask.jpg?itok=IUjxKpwt]
08-04 14:54:03.296 16763 17709 D ApOkHttpUrlLoader: buildLoadData() called with: model = [http://ichef.bbci.co.uk/images/ic/3000x3000/p07kfvzb.jpg], width = [224], height = [224]
08-04 14:54:03.296 16763 17516 D ApOkHttpUrlLoader: no credentials for 'https://elroy.twit.tv/sites/default/files/styles/twit_album_art_2048x2048/public/images/shows/floss_weekly/album_art/audio/floss_albumart_mask.jpg?itok=IUjxKpwt'
08-04 14:54:03.297 16763 17523 D DBReader: getImageAuthentication() called with: imageUrl = [http://ichef.bbci.co.uk/images/ic/3000x3000/p07kfvzb.jpg]
08-04 14:54:03.301 16763 17523 D ApOkHttpUrlLoader: no credentials for 'http://ichef.bbci.co.uk/images/ic/3000x3000/p07kfvzb.jpg'
08-04 14:54:03.302 16763 17709 D ApOkHttpUrlLoader: buildLoadData() called with: model = [https://pl.tedcdn.com/rss_feed_images/ted_talks_main_podcast/video.png], width = [224], height = [224]
08-04 14:54:03.303 16763 17512 D DBReader: getImageAuthentication() called with: imageUrl = [https://pl.tedcdn.com/rss_feed_images/ted_talks_main_podcast/video.png]
08-04 14:54:03.307 16763 17709 D ApOkHttpUrlLoader: buildLoadData() called with: model = [https://elroy.twit.tv/sites/default/files/styles/twit_album_art_2048x2048/public/images/shows/this_week_in_tech/album_art/audio/twit1400audio.jpg?itok=J0vhatZb], width = [224], height = [224]
08-04 14:54:03.308 16763 17512 D ApOkHttpUrlLoader: no credentials for 'https://pl.tedcdn.com/rss_feed_images/ted_talks_main_podcast/video.png'
08-04 14:54:03.308 16763 17520 D DBReader: getImageAuthentication() called with: imageUrl = [https://elroy.twit.tv/sites/default/files/styles/twit_album_art_2048x2048/public/images/shows/this_week_in_tech/album_art/audio/twit1400audio.jpg?itok=J0vhatZb]
08-04 14:54:03.312 16763 17709 D ApOkHttpUrlLoader: buildLoadData() called with: model = [http://ichef.bbci.co.uk/images/ic/3000x3000/p03gtk3j.jpg], width = [224], height = [224]
08-04 14:54:03.312 16763 17520 D ApOkHttpUrlLoader: no credentials for 'https://elroy.twit.tv/sites/default/files/styles/twit_album_art_2048x2048/public/images/shows/this_week_in_tech/album_art/audio/twit1400audio.jpg?itok=J0vhatZb'
08-04 14:54:03.313 16763 17514 D DBReader: getImageAuthentication() called with: imageUrl = [http://ichef.bbci.co.uk/images/ic/3000x3000/p03gtk3j.jpg]
08-04 14:54:03.317 16763 17514 D ApOkHttpUrlLoader: no credentials for 'http://ichef.bbci.co.uk/images/ic/3000x3000/p03gtk3j.jpg'
08-04 14:54:03.324 16763 17510 D DBWriter: updateFeedDownloadURL(original: http://sixgun.org/files/linuxoutlaws.jpg, updated: https://fab.industries/sixgun/files/linuxoutlaws.jpg)
08-04 14:54:03.396 16763 17523 D MYTAG   : interceptor 2a
08-04 14:54:03.397 16763 17523 I NAPPA_EXPERIMENTATION: MetricNetworkRequestExecutionTime: REQUEST_DURATION_SYSTEM='94',REQUEST_DURATION_OKHTTP='90',REQUEST_SYNCHRONOUS='TRUE',RESPONSE_CODE='200',RESPONSE_METHOD='GET',RESPONSE_LENGTH_OKHTTP='589826',RESPONSE_LENGTH_HEADER='589826',REQUEST_PROTOCOL='http/1.1',REQUEST_URL='http://ichef.bbci.co.uk/images/ic/3000x3000/p07kfvzb.jpg',
08-04 14:54:03.400 16763 17514 D MYTAG   : interceptor 2a
08-04 14:54:03.400 16763 17514 I NAPPA_EXPERIMENTATION: MetricNetworkRequestExecutionTime: REQUEST_DURATION_SYSTEM='83',REQUEST_DURATION_OKHTTP='77',REQUEST_SYNCHRONOUS='TRUE',RESPONSE_CODE='200',RESPONSE_METHOD='GET',RESPONSE_LENGTH_OKHTTP='814284',RESPONSE_LENGTH_HEADER='814284',REQUEST_PROTOCOL='http/1.1',REQUEST_URL='http://ichef.bbci.co.uk/images/ic/3000x3000/p03gtk3j.jpg',
08-04 14:54:03.549 16763 19031 I art     : Starting a blocking GC Explicit
08-04 14:54:03.589 16763 17519 D MYTAG   : interceptor 2a
08-04 14:54:03.589 16763 17519 I NAPPA_EXPERIMENTATION: MetricNetworkRequestExecutionTime: REQUEST_DURATION_SYSTEM='298',REQUEST_DURATION_OKHTTP='63',REQUEST_SYNCHRONOUS='TRUE',RESPONSE_CODE='200',RESPONSE_METHOD='GET',RESPONSE_LENGTH_OKHTTP='52553',RESPONSE_LENGTH_HEADER='52553',REQUEST_PROTOCOL='http/1.1',REQUEST_URL='https://files.thisamericanlife.org/sites/all/themes/thislife/img/tal-name-1400x1400.png',
08-04 14:54:03.592 16763 19031 I art     : Explicit concurrent mark sweep GC freed 16160(993KB) AllocSpace objects, 4(212KB) LOS objects, 24% free, 50MB/66MB, paused 1.929ms total 42.432ms
08-04 14:54:03.604 16763 19031 I art     : Starting a blocking GC Explicit
08-04 14:54:03.615   918  3261 D WifiStateMachine: starting scan for "H369AA63323"WPA_PSK with 2412,5180
08-04 14:54:03.645 16763 19031 I art     : Explicit concurrent mark sweep GC freed 3101(156KB) AllocSpace objects, 0(0B) LOS objects, 24% free, 50MB/66MB, paused 2.023ms total 40.519ms
08-04 14:54:03.658 16763 19031 I art     : Starting a blocking GC Explicit
08-04 14:54:03.670 16763 17512 D MYTAG   : interceptor 2a
08-04 14:54:03.671 16763 17512 I NAPPA_EXPERIMENTATION: MetricNetworkRequestExecutionTime: REQUEST_DURATION_SYSTEM='362',REQUEST_DURATION_OKHTTP='174',REQUEST_SYNCHRONOUS='TRUE',RESPONSE_CODE='200',RESPONSE_METHOD='GET',RESPONSE_LENGTH_OKHTTP='89986',RESPONSE_LENGTH_HEADER='89986',REQUEST_PROTOCOL='h2',REQUEST_URL='https://pl.tedcdn.com/rss_feed_images/ted_talks_main_podcast/video.png',
08-04 14:54:03.697 16763 19031 I art     : Explicit concurrent mark sweep GC freed 967(65KB) AllocSpace objects, 0(0B) LOS objects, 24% free, 50MB/66MB, paused 1.902ms total 38.814ms
08-04 14:54:03.700 16763 17516 D MYTAG   : interceptor 2a
08-04 14:54:03.700 16763 17516 I NAPPA_EXPERIMENTATION: MetricNetworkRequestExecutionTime: REQUEST_DURATION_SYSTEM='404',REQUEST_DURATION_OKHTTP='173',REQUEST_SYNCHRONOUS='TRUE',RESPONSE_CODE='200',RESPONSE_METHOD='GET',RESPONSE_LENGTH_OKHTTP='297964',RESPONSE_LENGTH_HEADER='297964',REQUEST_PROTOCOL='h2',REQUEST_URL='https://elroy.twit.tv/sites/default/files/styles/twit_album_art_2048x2048/public/images/shows/floss_weekly/album_art/audio/floss_albumart_mask.jpg?itok=IUjxKpwt',
08-04 14:54:03.708 16763 19031 I art     : Starting a blocking GC Explicit
08-04 14:54:03.746 16763 19031 I art     : Explicit concurrent mark sweep GC freed 536(33KB) AllocSpace objects, 0(0B) LOS objects, 24% free, 50MB/66MB, paused 1.530ms total 37.385ms
08-04 14:54:03.749 16763 17510 D MYTAG   : interceptor 2a
08-04 14:54:03.749 16763 17510 I NAPPA_EXPERIMENTATION: MetricNetworkRequestExecutionTime: REQUEST_DURATION_SYSTEM='466',REQUEST_DURATION_OKHTTP='139',REQUEST_SYNCHRONOUS='TRUE',RESPONSE_CODE='404',RESPONSE_METHOD='GET',RESPONSE_LENGTH_OKHTTP='-1',RESPONSE_LENGTH_HEADER='1503',REQUEST_PROTOCOL='h2',REQUEST_URL='https://fab.industries/sixgun/files/linuxoutlaws.jpg',
08-04 14:54:03.752 16763 16763 W Glide   : Load failed for http://sixgun.org/files/linuxoutlaws.jpg with size [224x224]
08-04 14:54:03.752 16763 16763 W Glide   : class com.bumptech.glide.load.engine.GlideException: Failed to load resource
08-04 14:54:03.752 16763 16763 W Glide   : There was 1 cause:
08-04 14:54:03.752 16763 16763 W Glide   : com.bumptech.glide.load.HttpException()
08-04 14:54:03.752 16763 16763 W Glide   :  call GlideException#logRootCauses(String) for more detail
08-04 14:54:03.752 16763 16763 W Glide   :   Cause (1 of 1): class com.bumptech.glide.load.engine.GlideException: Fetching data failed, class java.io.InputStream, REMOTE
08-04 14:54:03.752 16763 16763 W Glide   : There was 1 cause:
08-04 14:54:03.752 16763 16763 W Glide   : com.bumptech.glide.load.HttpException()
08-04 14:54:03.752 16763 16763 W Glide   :  call GlideException#logRootCauses(String) for more detail
08-04 14:54:03.752 16763 16763 W Glide   :     Cause (1 of 1): class com.bumptech.glide.load.HttpException: 
08-04 14:54:03.752 16763 16763 I Glide   : Root cause (1 of 1)
08-04 14:54:03.752 16763 16763 I Glide   : com.bumptech.glide.load.HttpException: 
08-04 14:54:03.752 16763 16763 I Glide   : 	at com.bumptech.glide.integration.okhttp3.OkHttpStreamFetcher.onResponse(OkHttpStreamFetcher.java:73)
08-04 14:54:03.752 16763 16763 I Glide   : 	at okhttp3.RealCall$AsyncCall.execute(RealCall.java:174)
08-04 14:54:03.752 16763 16763 I Glide   : 	at okhttp3.internal.NamedRunnable.run(NamedRunnable.java:32)
08-04 14:54:03.752 16763 16763 I Glide   : 	at java.util.concurrent.ThreadPoolExecutor.runWorker(ThreadPoolExecutor.java:1113)
08-04 14:54:03.752 16763 16763 I Glide   : 	at java.util.concurrent.ThreadPoolExecutor$Worker.run(ThreadPoolExecutor.java:588)
08-04 14:54:03.752 16763 16763 I Glide   : 	at java.lang.Thread.run(Thread.java:818)
08-04 14:54:03.753 16763 16763 W Glide   : Load failed for http://sixgun.org/files/linuxoutlaws.jpg with size [224x224]
08-04 14:54:03.753 16763 16763 W Glide   : class com.bumptech.glide.load.engine.GlideException: Failed to load resource
08-04 14:54:03.753 16763 16763 W Glide   : There was 1 cause:
08-04 14:54:03.753 16763 16763 W Glide   : com.bumptech.glide.load.HttpException()
08-04 14:54:03.753 16763 16763 W Glide   :  call GlideException#logRootCauses(String) for more detail
08-04 14:54:03.753 16763 16763 W Glide   :   Cause (1 of 1): class com.bumptech.glide.load.engine.GlideException: Fetching data failed, class java.io.InputStream, REMOTE
08-04 14:54:03.753 16763 16763 W Glide   : There was 1 cause:
08-04 14:54:03.753 16763 16763 W Glide   : com.bumptech.glide.load.HttpException()
08-04 14:54:03.753 16763 16763 W Glide   :  call GlideException#logRootCauses(String) for more detail
08-04 14:54:03.753 16763 16763 W Glide   :     Cause (1 of 1): class com.bumptech.glide.load.HttpException: 
08-04 14:54:03.753 16763 16763 I Glide   : Root cause (1 of 1)
08-04 14:54:03.753 16763 16763 I Glide   : com.bumptech.glide.load.HttpException: 
08-04 14:54:03.753 16763 16763 I Glide   : 	at com.bumptech.glide.integration.okhttp3.OkHttpStreamFetcher.onResponse(OkHttpStreamFetcher.java:73)
08-04 14:54:03.753 16763 16763 I Glide   : 	at okhttp3.RealCall$AsyncCall.execute(RealCall.java:174)
08-04 14:54:03.753 16763 16763 I Glide   : 	at okhttp3.internal.NamedRunnable.run(NamedRunnable.java:32)
08-04 14:54:03.753 16763 16763 I Glide   : 	at java.util.concurrent.ThreadPoolExecutor.runWorker(ThreadPoolExecutor.java:1113)
08-04 14:54:03.753 16763 16763 I Glide   : 	at java.util.concurrent.ThreadPoolExecutor$Worker.run(ThreadPoolExecutor.java:588)
08-04 14:54:03.753 16763 16763 I Glide   : 	at java.lang.Thread.run(Thread.java:818)
08-04 14:54:03.758 16763 17520 D MYTAG   : interceptor 2a
08-04 14:54:03.758 16763 17520 I NAPPA_EXPERIMENTATION: MetricNetworkRequestExecutionTime: REQUEST_DURATION_SYSTEM='446',REQUEST_DURATION_OKHTTP='229',REQUEST_SYNCHRONOUS='TRUE',RESPONSE_CODE='200',RESPONSE_METHOD='GET',RESPONSE_LENGTH_OKHTTP='465707',RESPONSE_LENGTH_HEADER='465707',REQUEST_PROTOCOL='h2',REQUEST_URL='https://elroy.twit.tv/sites/default/files/styles/twit_album_art_2048x2048/public/images/shows/this_week_in_tech/album_art/audio/twit1400audio.jpg?itok=J0vhatZb',
08-04 14:54:03.759 16763 19031 I art     : Starting a blocking GC Explicit
08-04 14:54:03.798 16763 19031 I art     : Explicit concurrent mark sweep GC freed 1014(109KB) AllocSpace objects, 0(0B) LOS objects, 23% free, 50MB/66MB, paused 1.821ms total 39.473ms
08-04 14:54:03.808 16763 17709 D ApOkHttpUrlLoader: buildLoadData() called with: model = [http://sixgun.org/files/linuxoutlaws.jpg], width = [224], height = [224]
08-04 14:54:03.809 16763 17520 D DBReader: getImageAuthentication() called with: imageUrl = [http://sixgun.org/files/linuxoutlaws.jpg]
08-04 14:54:03.812 16763 17520 D ApOkHttpUrlLoader: no credentials for 'http://sixgun.org/files/linuxoutlaws.jpg'
08-04 14:54:03.844 16763 17520 D DBWriter: updateFeedDownloadURL(original: http://sixgun.org/files/linuxoutlaws.jpg, updated: https://fab.industries/sixgun/files/linuxoutlaws.jpg)
08-04 14:54:03.978 16763 17520 D MYTAG   : interceptor 2a
08-04 14:54:03.978 16763 17520 I NAPPA_EXPERIMENTATION: MetricNetworkRequestExecutionTime: REQUEST_DURATION_SYSTEM='166',REQUEST_DURATION_OKHTTP='132',REQUEST_SYNCHRONOUS='TRUE',RESPONSE_CODE='404',RESPONSE_METHOD='GET',RESPONSE_LENGTH_OKHTTP='-1',RESPONSE_LENGTH_HEADER='1503',REQUEST_PROTOCOL='h2',REQUEST_URL='https://fab.industries/sixgun/files/linuxoutlaws.jpg',
08-04 14:54:03.980 16763 16763 W Glide   : Load failed for http://sixgun.org/files/linuxoutlaws.jpg with size [224x224]
08-04 14:54:03.980 16763 16763 W Glide   : class com.bumptech.glide.load.engine.GlideException: Failed to load resource
08-04 14:54:03.980 16763 16763 W Glide   : There was 1 cause:
08-04 14:54:03.980 16763 16763 W Glide   : com.bumptech.glide.load.HttpException()
08-04 14:54:03.980 16763 16763 W Glide   :  call GlideException#logRootCauses(String) for more detail
08-04 14:54:03.980 16763 16763 W Glide   :   Cause (1 of 1): class com.bumptech.glide.load.engine.GlideException: Fetching data failed, class java.io.InputStream, REMOTE
08-04 14:54:03.980 16763 16763 W Glide   : There was 1 cause:
08-04 14:54:03.980 16763 16763 W Glide   : com.bumptech.glide.load.HttpException()
08-04 14:54:03.980 16763 16763 W Glide   :  call GlideException#logRootCauses(String) for more detail
08-04 14:54:03.980 16763 16763 W Glide   :     Cause (1 of 1): class com.bumptech.glide.load.HttpException: 
08-04 14:54:03.980 16763 16763 I Glide   : Root cause (1 of 1)
08-04 14:54:03.980 16763 16763 I Glide   : com.bumptech.glide.load.HttpException: 
08-04 14:54:03.980 16763 16763 I Glide   : 	at com.bumptech.glide.integration.okhttp3.OkHttpStreamFetcher.onResponse(OkHttpStreamFetcher.java:73)
08-04 14:54:03.980 16763 16763 I Glide   : 	at okhttp3.RealCall$AsyncCall.execute(RealCall.java:174)
08-04 14:54:03.980 16763 16763 I Glide   : 	at okhttp3.internal.NamedRunnable.run(NamedRunnable.java:32)
08-04 14:54:03.980 16763 16763 I Glide   : 	at java.util.concurrent.ThreadPoolExecutor.runWorker(ThreadPoolExecutor.java:1113)
08-04 14:54:03.980 16763 16763 I Glide   : 	at java.util.concurrent.ThreadPoolExecutor$Worker.run(ThreadPoolExecutor.java:588)
08-04 14:54:03.980 16763 16763 I Glide   : 	at java.lang.Thread.run(Thread.java:818)
08-04 14:54:03.992 16763 17709 D ApOkHttpUrlLoader: buildLoadData() called with: model = [http://sixgun.org/files/linuxoutlaws.jpg], width = [224], height = [224]
08-04 14:54:03.994 16763 17520 D DBReader: getImageAuthentication() called with: imageUrl = [http://sixgun.org/files/linuxoutlaws.jpg]
08-04 14:54:03.998 16763 17520 D ApOkHttpUrlLoader: no credentials for 'http://sixgun.org/files/linuxoutlaws.jpg'
08-04 14:54:04.026 16763 17520 D DBWriter: updateFeedDownloadURL(original: http://sixgun.org/files/linuxoutlaws.jpg, updated: https://fab.industries/sixgun/files/linuxoutlaws.jpg)
08-04 14:54:04.145 16763 16785 I art     : Starting a blocking GC Explicit
08-04 14:54:04.164 16763 17520 D MYTAG   : interceptor 2a
08-04 14:54:04.164 16763 17520 I NAPPA_EXPERIMENTATION: MetricNetworkRequestExecutionTime: REQUEST_DURATION_SYSTEM='166',REQUEST_DURATION_OKHTTP='134',REQUEST_SYNCHRONOUS='TRUE',RESPONSE_CODE='404',RESPONSE_METHOD='GET',RESPONSE_LENGTH_OKHTTP='-1',RESPONSE_LENGTH_HEADER='1503',REQUEST_PROTOCOL='h2',REQUEST_URL='https://fab.industries/sixgun/files/linuxoutlaws.jpg',
08-04 14:54:04.169 16763 16763 W Glide   : Load failed for http://sixgun.org/files/linuxoutlaws.jpg with size [224x224]
08-04 14:54:04.169 16763 16763 W Glide   : class com.bumptech.glide.load.engine.GlideException: Failed to load resource
08-04 14:54:04.169 16763 16763 W Glide   : There was 1 cause:
08-04 14:54:04.169 16763 16763 W Glide   : com.bumptech.glide.load.HttpException()
08-04 14:54:04.169 16763 16763 W Glide   :  call GlideException#logRootCauses(String) for more detail
08-04 14:54:04.169 16763 16763 W Glide   :   Cause (1 of 1): class com.bumptech.glide.load.engine.GlideException: Fetching data failed, class java.io.InputStream, REMOTE
08-04 14:54:04.169 16763 16763 W Glide   : There was 1 cause:
08-04 14:54:04.169 16763 16763 W Glide   : com.bumptech.glide.load.HttpException()
08-04 14:54:04.169 16763 16763 W Glide   :  call GlideException#logRootCauses(String) for more detail
08-04 14:54:04.169 16763 16763 W Glide   :     Cause (1 of 1): class com.bumptech.glide.load.HttpException: 
08-04 14:54:04.170 16763 16763 I Glide   : Root cause (1 of 1)
08-04 14:54:04.170 16763 16763 I Glide   : com.bumptech.glide.load.HttpException: 
08-04 14:54:04.170 16763 16763 I Glide   : 	at com.bumptech.glide.integration.okhttp3.OkHttpStreamFetcher.onResponse(OkHttpStreamFetcher.java:73)
08-04 14:54:04.170 16763 16763 I Glide   : 	at okhttp3.RealCall$AsyncCall.execute(RealCall.java:174)
08-04 14:54:04.170 16763 16763 I Glide   : 	at okhttp3.internal.NamedRunnable.run(NamedRunnable.java:32)
08-04 14:54:04.170 16763 16763 I Glide   : 	at java.util.concurrent.ThreadPoolExecutor.runWorker(ThreadPoolExecutor.java:1113)
08-04 14:54:04.170 16763 16763 I Glide   : 	at java.util.concurrent.ThreadPoolExecutor$Worker.run(ThreadPoolExecutor.java:588)
08-04 14:54:04.170 16763 16763 I Glide   : 	at java.lang.Thread.run(Thread.java:818)
08-04 14:54:04.202 16763 16785 I art     : Explicit concurrent mark sweep GC freed 4057(292KB) AllocSpace objects, 1(20KB) LOS objects, 23% free, 50MB/66MB, paused 1.726ms total 56.566ms
08-04 14:54:04.218 16763 16785 I art     : Starting a blocking GC Explicit
08-04 14:54:04.241 16655 16655 I ServiceManager: Waiting for service AtCmdFwd...
08-04 14:54:04.268 16763 16785 I art     : Explicit concurrent mark sweep GC freed 312(12KB) AllocSpace objects, 0(0B) LOS objects, 23% free, 50MB/66MB, paused 1.710ms total 48.362ms
08-04 14:54:04.281 16763 16785 I art     : Starting a blocking GC Explicit
08-04 14:54:04.328 16763 16785 I art     : Explicit concurrent mark sweep GC freed 6(192B) AllocSpace objects, 0(0B) LOS objects, 23% free, 50MB/66MB, paused 1.677ms total 46.140ms
08-04 14:54:04.341 16763 16785 I art     : Starting a blocking GC Explicit
08-04 14:54:04.386 16763 16785 I art     : Explicit concurrent mark sweep GC freed 32(880B) AllocSpace objects, 0(0B) LOS objects, 23% free, 50MB/66MB, paused 1.575ms total 44.481ms
08-04 14:54:04.399 16763 16785 I art     : Starting a blocking GC Explicit
08-04 14:54:04.447 16763 16785 I art     : Explicit concurrent mark sweep GC freed 3(96B) AllocSpace objects, 0(0B) LOS objects, 23% free, 50MB/66MB, paused 1.633ms total 47.043ms
08-04 14:54:04.821 16763 19031 I art     : Starting a blocking GC Explicit
08-04 14:54:04.882 16763 19031 I art     : Explicit concurrent mark sweep GC freed 1385(81KB) AllocSpace objects, 1(20KB) LOS objects, 23% free, 50MB/66MB, paused 2.115ms total 60.777ms
08-04 14:54:04.899 16763 19031 I art     : Starting a blocking GC Explicit
08-04 14:54:04.949 16763 19031 I art     : Explicit concurrent mark sweep GC freed 40(1296B) AllocSpace objects, 0(0B) LOS objects, 23% free, 50MB/66MB, paused 1.672ms total 49.338ms
08-04 14:54:04.962 16763 19031 I art     : Starting a blocking GC Explicit
08-04 14:54:05.005 16763 19031 I art     : Explicit concurrent mark sweep GC freed 17(544B) AllocSpace objects, 0(0B) LOS objects, 23% free, 50MB/66MB, paused 1.604ms total 42.437ms
08-04 14:54:05.018 16763 19031 I art     : Starting a blocking GC Explicit
08-04 14:54:05.061 16763 19031 I art     : Explicit concurrent mark sweep GC freed 14(448B) AllocSpace objects, 0(0B) LOS objects, 23% free, 50MB/66MB, paused 1.479ms total 42.912ms
08-04 14:54:05.074 16763 19031 I art     : Starting a blocking GC Explicit
08-04 14:54:05.117 16763 19031 I art     : Explicit concurrent mark sweep GC freed 12(384B) AllocSpace objects, 0(0B) LOS objects, 23% free, 50MB/66MB, paused 1.529ms total 42.897ms
08-04 14:54:05.242 16655 16655 I ServiceManager: Waiting for service AtCmdFwd...
08-04 14:54:05.514 16763 18265 I art     : Starting a blocking GC Explicit
08-04 14:54:05.577 16763 18265 I art     : Explicit concurrent mark sweep GC freed 1412(81KB) AllocSpace objects, 1(20KB) LOS objects, 23% free, 50MB/66MB, paused 1.598ms total 61.351ms
08-04 14:54:05.593 16763 18265 I art     : Starting a blocking GC Explicit
08-04 14:54:05.640 16763 18265 I art     : Explicit concurrent mark sweep GC freed 23(752B) AllocSpace objects, 0(0B) LOS objects, 23% free, 50MB/66MB, paused 1.546ms total 46.287ms
08-04 14:54:05.653 16763 18265 I art     : Starting a blocking GC Explicit
08-04 14:54:05.701 16763 18265 I art     : Explicit concurrent mark sweep GC freed 3(96B) AllocSpace objects, 0(0B) LOS objects, 23% free, 50MB/66MB, paused 1.550ms total 47.557ms
08-04 14:54:05.714 16763 18265 I art     : Starting a blocking GC Explicit
08-04 14:54:05.761 16763 18265 I art     : Explicit concurrent mark sweep GC freed 3(96B) AllocSpace objects, 0(0B) LOS objects, 23% free, 50MB/66MB, paused 1.642ms total 46.565ms
08-04 14:54:05.775 16763 18265 I art     : Starting a blocking GC Explicit
08-04 14:54:05.823 16763 18265 I art     : Explicit concurrent mark sweep GC freed 3(96B) AllocSpace objects, 0(0B) LOS objects, 23% free, 50MB/66MB, paused 1.538ms total 47.325ms
08-04 14:54:06.223 16763 19031 I art     : Starting a blocking GC Explicit
08-04 14:54:06.242 16655 16655 W Atfwd_Sendcmd: AtCmdFwd service not published, waiting... retryCnt : 4
08-04 14:54:06.280 16763 19031 I art     : Explicit concurrent mark sweep GC freed 1381(81KB) AllocSpace objects, 1(20KB) LOS objects, 23% free, 50MB/66MB, paused 1.950ms total 56.732ms
08-04 14:54:06.281 16763 16774 I art     : WaitForGcToComplete blocked for 52.623ms for cause HeapTrim
08-04 14:54:06.297 16763 19031 I art     : Starting a blocking GC Explicit
08-04 14:54:06.341 16763 19031 I art     : Explicit concurrent mark sweep GC freed 52(1536B) AllocSpace objects, 0(0B) LOS objects, 23% free, 50MB/66MB, paused 1.465ms total 43.798ms
08-04 14:54:06.354 16763 19031 I art     : Starting a blocking GC Explicit
08-04 14:54:06.403 16763 19031 I art     : Explicit concurrent mark sweep GC freed 3(96B) AllocSpace objects, 0(0B) LOS objects, 23% free, 50MB/66MB, paused 1.586ms total 48.108ms
08-04 14:54:06.416 16763 19031 I art     : Starting a blocking GC Explicit
08-04 14:54:06.462 16763 19031 I art     : Explicit concurrent mark sweep GC freed 3(96B) AllocSpace objects, 0(0B) LOS objects, 23% free, 50MB/66MB, paused 1.539ms total 45.079ms
08-04 14:54:06.475 16763 19031 I art     : Starting a blocking GC Explicit
08-04 14:54:06.524 16763 19031 I art     : Explicit concurrent mark sweep GC freed 3(96B) AllocSpace objects, 0(0B) LOS objects, 23% free, 50MB/66MB, paused 1.602ms total 48.534ms
08-04 14:54:06.900 16763 16785 I art     : Starting a blocking GC Explicit
08-04 14:54:06.955 16763 16785 I art     : Explicit concurrent mark sweep GC freed 1383(81KB) AllocSpace objects, 1(20KB) LOS objects, 23% free, 50MB/66MB, paused 1.536ms total 55.134ms
08-04 14:54:06.969 16763 16785 I art     : Starting a blocking GC Explicit
08-04 14:54:07.018 16763 16785 I art     : Explicit concurrent mark sweep GC freed 23(752B) AllocSpace objects, 0(0B) LOS objects, 23% free, 50MB/66MB, paused 1.728ms total 48.632ms
08-04 14:54:07.031 16763 16785 I art     : Starting a blocking GC Explicit
08-04 14:54:07.047   918  3696 I ActivityManager: Killing 9053:nappagreedy.com.newsblur/u0a655 (adj 15): empty #17
08-04 14:54:07.075 16763 16785 I art     : Explicit concurrent mark sweep GC freed 22(880B) AllocSpace objects, 0(0B) LOS objects, 23% free, 50MB/66MB, paused 1.463ms total 43.021ms
08-04 14:54:07.088 16763 16785 I art     : Starting a blocking GC Explicit
08-04 14:54:07.134 16763 16785 I art     : Explicit concurrent mark sweep GC freed 25(1360B) AllocSpace objects, 0(0B) LOS objects, 23% free, 50MB/66MB, paused 1.455ms total 45.410ms
08-04 14:54:07.147 16763 16785 I art     : Starting a blocking GC Explicit
08-04 14:54:07.194 16763 16785 I art     : Explicit concurrent mark sweep GC freed 9(320B) AllocSpace objects, 0(0B) LOS objects, 23% free, 50MB/66MB, paused 1.513ms total 46.805ms
08-04 14:54:07.583 16763 19031 I art     : Starting a blocking GC Explicit
08-04 14:54:07.649 16763 19031 I art     : Explicit concurrent mark sweep GC freed 1411(82KB) AllocSpace objects, 1(20KB) LOS objects, 23% free, 50MB/66MB, paused 1.850ms total 64.982ms
08-04 14:54:07.665 16763 19031 I art     : Starting a blocking GC Explicit
08-04 14:54:07.713 16763 19031 I art     : Explicit concurrent mark sweep GC freed 23(752B) AllocSpace objects, 0(0B) LOS objects, 23% free, 50MB/66MB, paused 1.617ms total 47.304ms
08-04 14:54:07.727 16763 19031 I art     : Starting a blocking GC Explicit
08-04 14:54:07.774 16763 19031 I art     : Explicit concurrent mark sweep GC freed 3(96B) AllocSpace objects, 0(0B) LOS objects, 23% free, 50MB/66MB, paused 1.624ms total 47.191ms
08-04 14:54:07.788 16763 19031 I art     : Starting a blocking GC Explicit
08-04 14:54:07.835 16763 19031 I art     : Explicit concurrent mark sweep GC freed 3(96B) AllocSpace objects, 0(0B) LOS objects, 23% free, 50MB/66MB, paused 1.478ms total 46.444ms
08-04 14:54:07.848 16763 19031 I art     : Starting a blocking GC Explicit
08-04 14:54:07.897 16763 19031 I art     : Explicit concurrent mark sweep GC freed 3(96B) AllocSpace objects, 0(0B) LOS objects, 23% free, 50MB/66MB, paused 1.619ms total 48.288ms
08-04 14:54:08.278   518   646 I ThermalEngine: ACTION: GPU - Setting GPU[0] to 510000000
08-04 14:54:08.283 16763 16775 I art     : Starting a blocking GC Explicit
08-04 14:54:08.339 16763 16775 I art     : Explicit concurrent mark sweep GC freed 1416(83KB) AllocSpace objects, 1(20KB) LOS objects, 23% free, 50MB/66MB, paused 1.545ms total 56.032ms
08-04 14:54:08.353 16763 16775 I art     : Starting a blocking GC Explicit
08-04 14:54:08.390 16763 16775 I art     : Explicit concurrent mark sweep GC freed 24(768B) AllocSpace objects, 0(0B) LOS objects, 23% free, 50MB/66MB, paused 1.190ms total 36.355ms
08-04 14:54:08.400 16763 16775 I art     : Starting a blocking GC Explicit
08-04 14:54:08.436 16763 16775 I art     : Explicit concurrent mark sweep GC freed 3(96B) AllocSpace objects, 0(0B) LOS objects, 23% free, 50MB/66MB, paused 1.183ms total 35.242ms
08-04 14:54:08.446 16763 16775 I art     : Starting a blocking GC Explicit
08-04 14:54:08.482 16763 16775 I art     : Explicit concurrent mark sweep GC freed 3(96B) AllocSpace objects, 0(0B) LOS objects, 23% free, 50MB/66MB, paused 1.168ms total 35.164ms
08-04 14:54:08.492 16763 16775 I art     : Starting a blocking GC Explicit
08-04 14:54:08.528 16763 16775 I art     : Explicit concurrent mark sweep GC freed 3(96B) AllocSpace objects, 0(0B) LOS objects, 23% free, 50MB/66MB, paused 1.168ms total 35.415ms
08-04 14:54:08.826 16763 16776 I art     : Starting a blocking GC Explicit
08-04 14:54:08.862 16763 16776 I art     : Explicit concurrent mark sweep GC freed 1384(81KB) AllocSpace objects, 1(20KB) LOS objects, 23% free, 50MB/66MB, paused 1.201ms total 35.633ms
08-04 14:54:08.873 16763 16776 I art     : Starting a blocking GC Explicit
08-04 14:54:08.906 16763 16776 I art     : Explicit concurrent mark sweep GC freed 23(752B) AllocSpace objects, 0(0B) LOS objects, 23% free, 50MB/66MB, paused 1.160ms total 33.502ms
08-04 14:54:08.917 16763 16776 I art     : Starting a blocking GC Explicit
08-04 14:54:08.950 16763 16776 I art     : Explicit concurrent mark sweep GC freed 3(96B) AllocSpace objects, 0(0B) LOS objects, 23% free, 50MB/66MB, paused 1.200ms total 32.957ms
08-04 14:54:08.960 16763 16776 I art     : Starting a blocking GC Explicit
08-04 14:54:08.963 19935 19935 D AndroidRuntime: >>>>>> START com.android.internal.os.RuntimeInit uid 2000 <<<<<<
08-04 14:54:08.968 19935 19935 D AndroidRuntime: CheckJNI is OFF
08-04 14:54:08.994 16763 16776 I art     : Explicit concurrent mark sweep GC freed 3(96B) AllocSpace objects, 0(0B) LOS objects, 23% free, 50MB/66MB, paused 1.210ms total 33.520ms
08-04 14:54:09.004 19935 19935 D ICU     : No timezone override file found: /data/misc/zoneinfo/current/icu/icu_tzdata.dat
08-04 14:54:09.004 16763 16776 I art     : Starting a blocking GC Explicit
08-04 14:54:09.038 16763 16776 I art     : Explicit concurrent mark sweep GC freed 3(96B) AllocSpace objects, 0(0B) LOS objects, 23% free, 50MB/66MB, paused 1.364ms total 33.448ms
08-04 14:54:09.038 19935 19935 I Radio-JNI: register_android_hardware_Radio DONE
08-04 14:54:09.061 19935 19935 D AndroidRuntime: Calling main entry com.android.commands.input.Input
08-04 14:54:09.062 19935 19935 I Input   : injectMotionEvent: MotionEvent { action=ACTION_DOWN, actionButton=0, id[0]=0, x[0]=526.0, y[0]=597.0, toolType[0]=TOOL_TYPE_UNKNOWN, buttonState=0, metaState=0, flags=0x0, edgeFlags=0x0, pointerCount=1, historySize=0, eventTime=716065475, downTime=716065475, deviceId=0, source=0x1002 }
08-04 14:54:09.068 19935 19935 I Input   : injectMotionEvent: MotionEvent { action=ACTION_UP, actionButton=0, id[0]=0, x[0]=526.0, y[0]=597.0, toolType[0]=TOOL_TYPE_UNKNOWN, buttonState=0, metaState=0, flags=0x0, edgeFlags=0x0, pointerCount=1, historySize=0, eventTime=716065475, downTime=716065475, deviceId=0, source=0x1002 }
08-04 14:54:09.070 19935 19935 D AndroidRuntime: Shutting down VM
08-04 14:54:09.136 16763 16763 D PodcastListFragment: Selected podcast: GpodnetPodcast [url=http://feeds.feedburner.com/linuxoutlaws, title=Linux Outlaws, description=Two pragmatic geeks talk about the latest news concerning Linux, free and open
08-04 14:54:09.136 16763 16763 D PodcastListFragment: technology or anything else they deem noteworthy which may include such absurd
08-04 14:54:09.136 16763 16763 D PodcastListFragment: things as hockey or bands you never heard of. This means there's many a joke
08-04 14:54:09.136 16763 16763 D PodcastListFragment: and derailed conversation along the way, so don't come here expecting only
08-04 14:54:09.136 16763 16763 D PodcastListFragment: Linux or software freedom talk  just sit back and relax, partner., subscribers=3321, logoUrl=http://sixgun.org/files/linuxoutlaws.jpg, website=http://sixgun.org, mygpoLink=http://gpodder.net/podcast/linux-outlaws-mp3]
08-04 14:54:09.138   512  2967 D audio_hw_primary: out_set_parameters: enter: usecase(1: low-latency-playback) kvpairs: routing=2
08-04 14:54:09.139   918  3696 I ActivityManager: START u0 {cmp=baseline.de.danoeh.antennapod.debug/baseline.de.danoeh.antennapod.activity.OnlineFeedViewActivity (has extras)} from uid 10670 on display 0
08-04 14:54:09.152   512  2967 D audio_hw_primary: select_devices: out_snd_device(2: speaker) in_snd_device(0: none)
08-04 14:54:09.152   512  2967 D msm8974_platform: platform_send_audio_calibration: sending audio calibration for snd_device(2) acdb_id(15)
08-04 14:54:09.153   512  2967 I soundtrigger: audio_extn_sound_trigger_update_device_status: device 0x2 of type 0 for Event 1
08-04 14:54:09.166   512  2967 D audio_hw_primary: enable_snd_device: snd_device(2: speaker)
08-04 14:54:09.168   512  2967 D audio_hw_primary: enable_audio_route: apply and update mixer path: low-latency-playback speaker
08-04 14:54:09.171 16763 16763 D UserPreferences: Using default data folder
08-04 14:54:09.172 16763 16763 D OnlineFeedViewActivity: Activity was started with url http://feeds.feedburner.com/linuxoutlaws
08-04 14:54:09.174 16763 16763 D OnlineFeedViewActivity: Starting feed download
08-04 14:54:09.176 16763 17291 D DBReader: Extracting Feedlist
08-04 14:54:09.179   918  3359 D WifiService: acquireWifiLockLocked: WifiLock{Downloader type=1 binder=android.os.BinderProxy@fc660f8}
08-04 14:54:09.179 16763 17291 D AntennapodHttpClient: Creating new instance of HTTP client
08-04 14:54:09.226 13866 13866 I GoogleInputMethodServic: GoogleInputMethodService.onFinishInput():3138 
08-04 14:54:09.227 13866 13866 I GoogleInputMethodServic: GoogleInputMethodService.onStartInput():1808 
08-04 14:54:09.246   918   936 I ActivityManager: Displayed baseline.de.danoeh.antennapod.debug/baseline.de.danoeh.antennapod.activity.OnlineFeedViewActivity: +96ms
08-04 14:54:09.271 16763 16784 D OpenGLRenderer: endAllStagingAnimators on 0x7f7b3eb800 (GridView) with handle 0x7f7a79f4e0
08-04 14:54:09.313 16763 17291 D MYTAG   : interceptor 3a http://feeds.feedburner.com/linuxoutlaws
08-04 14:54:09.314 16763 17291 I NAPPA_EXPERIMENTATION: MetricNetworkRequestExecutionTime: REQUEST_DURATION_SYSTEM='134',REQUEST_DURATION_OKHTTP='30',REQUEST_SYNCHRONOUS='TRUE',RESPONSE_CODE='200',RESPONSE_METHOD='GET',RESPONSE_LENGTH_OKHTTP='-1',RESPONSE_LENGTH_HEADER='-2',REQUEST_PROTOCOL='http/1.1',REQUEST_URL='http://feeds.feedburner.com/linuxoutlaws',
08-04 14:54:09.314 16763 17291 D HttpDownloader: Response code is 200
08-04 14:54:09.314 16763 17291 D UserPreferences: Using default data folder
08-04 14:54:09.315 16763 17291 D HttpDownloader: Getting size of download
08-04 14:54:09.316 16763 17291 D HttpDownloader: Size is -1
08-04 14:54:09.316 16763 17291 D UserPreferences: Using default data folder
08-04 14:54:09.316 16763 17291 D HttpDownloader: Free space is 20238360576
08-04 14:54:09.316 16763 17291 D HttpDownloader: Starting download
08-04 14:54:09.318 16763 17291 D HttpDownloader: Download was successful
08-04 14:54:09.319   918  3961 D WifiService: releaseWifiLockLocked: WifiLock{Downloader type=1 binder=android.os.BinderProxy@fc660f8}
08-04 14:54:09.319 16763 16763 D OnlineFeedViewActivity: Parsing feed
08-04 14:54:09.321 16763 19969 D TypeGetter: Recognized type RSS 2.0
08-04 14:54:09.323 16763 19969 D SyndHandler: Recognized Content namespace
08-04 14:54:09.323 16763 19969 D SyndHandler: Recognized DublinCore namespace
08-04 14:54:09.323 16763 19969 D SyndHandler: Recognized Atom namespace
08-04 14:54:09.323 16763 19969 D SyndHandler: Recognized ITunes namespace
08-04 14:54:09.323 16763 19969 D SyndHandler: Recognized media namespace
08-04 14:54:09.328 16763 19031 I art     : Starting a blocking GC Explicit
08-04 14:54:09.357 16763 19969 D OnlineFeedViewActivity: Deleted feed source file. Result: true
08-04 14:54:09.357 16763 16763 D OnlineFeedViewActivity: Removing HTML from shownotes
08-04 14:54:09.367 16763 19031 I art     : Explicit concurrent mark sweep GC freed 7098(865KB) AllocSpace objects, 16(848KB) LOS objects, 23% free, 51MB/67MB, paused 1.953ms total 38.991ms
08-04 14:54:09.379 16763 19031 I art     : Starting a blocking GC Explicit
08-04 14:54:09.383 16763 17709 D ApOkHttpUrlLoader: buildLoadData() called with: model = [http://sixgun.org/files/linuxoutlaws.jpg], width = [350], height = [350]
08-04 14:54:09.384 16763 17520 D DBReader: getImageAuthentication() called with: imageUrl = [http://sixgun.org/files/linuxoutlaws.jpg]
08-04 14:54:09.390 16763 17520 D ApOkHttpUrlLoader: no credentials for 'http://sixgun.org/files/linuxoutlaws.jpg'
08-04 14:54:09.420 16763 19031 I art     : Explicit concurrent mark sweep GC freed 8696(460KB) AllocSpace objects, 0(0B) LOS objects, 23% free, 51MB/67MB, paused 1.943ms total 40.321ms
08-04 14:54:09.420 16763 17520 D DBWriter: updateFeedDownloadURL(original: http://sixgun.org/files/linuxoutlaws.jpg, updated: https://fab.industries/sixgun/files/linuxoutlaws.jpg)
08-04 14:54:09.430 16763 19031 I art     : Starting a blocking GC Explicit
08-04 14:54:09.464 16763 19031 I art     : Explicit concurrent mark sweep GC freed 969(46KB) AllocSpace objects, 0(0B) LOS objects, 23% free, 51MB/67MB, paused 1.166ms total 33.900ms
08-04 14:54:09.475 16763 19031 I art     : Starting a blocking GC Explicit
08-04 14:54:09.499   380   380 W SurfaceFlinger: couldn't log to binary event log: overflow.
08-04 14:54:09.517 16763 19031 I art     : Explicit concurrent mark sweep GC freed 16(656B) AllocSpace objects, 0(0B) LOS objects, 23% free, 51MB/67MB, paused 1.318ms total 42.232ms
08-04 14:54:09.527 16763 19031 I art     : Starting a blocking GC Explicit
08-04 14:54:09.555 16763 17520 D MYTAG   : interceptor 2a
08-04 14:54:09.555 16763 17520 I NAPPA_EXPERIMENTATION: MetricNetworkRequestExecutionTime: REQUEST_DURATION_SYSTEM='165',REQUEST_DURATION_OKHTTP='131',REQUEST_SYNCHRONOUS='TRUE',RESPONSE_CODE='404',RESPONSE_METHOD='GET',RESPONSE_LENGTH_OKHTTP='-1',RESPONSE_LENGTH_HEADER='1503',REQUEST_PROTOCOL='h2',REQUEST_URL='https://fab.industries/sixgun/files/linuxoutlaws.jpg',
08-04 14:54:09.556 16763 16763 W Glide   : Load failed for http://sixgun.org/files/linuxoutlaws.jpg with size [350x350]
08-04 14:54:09.556 16763 16763 W Glide   : class com.bumptech.glide.load.engine.GlideException: Failed to load resource
08-04 14:54:09.556 16763 16763 W Glide   : There was 1 cause:
08-04 14:54:09.556 16763 16763 W Glide   : com.bumptech.glide.load.HttpException()
08-04 14:54:09.556 16763 16763 W Glide   :  call GlideException#logRootCauses(String) for more detail
08-04 14:54:09.556 16763 16763 W Glide   :   Cause (1 of 1): class com.bumptech.glide.load.engine.GlideException: Fetching data failed, class java.io.InputStream, REMOTE
08-04 14:54:09.556 16763 16763 W Glide   : There was 1 cause:
08-04 14:54:09.556 16763 16763 W Glide   : com.bumptech.glide.load.HttpException()
08-04 14:54:09.556 16763 16763 W Glide   :  call GlideException#logRootCauses(String) for more detail
08-04 14:54:09.556 16763 16763 W Glide   :     Cause (1 of 1): class com.bumptech.glide.load.HttpException: 
08-04 14:54:09.559 16763 19031 I art     : Explicit concurrent mark sweep GC freed 195(28KB) AllocSpace objects, 0(0B) LOS objects, 23% free, 51MB/67MB, paused 1.833ms total 32.040ms
08-04 14:54:09.560 16763 16763 I Glide   : Root cause (1 of 1)
08-04 14:54:09.560 16763 16763 I Glide   : com.bumptech.glide.load.HttpException: 
08-04 14:54:09.560 16763 16763 I Glide   : 	at com.bumptech.glide.integration.okhttp3.OkHttpStreamFetcher.onResponse(OkHttpStreamFetcher.java:73)
08-04 14:54:09.560 16763 16763 I Glide   : 	at okhttp3.RealCall$AsyncCall.execute(RealCall.java:174)
08-04 14:54:09.560 16763 16763 I Glide   : 	at okhttp3.internal.NamedRunnable.run(NamedRunnable.java:32)
08-04 14:54:09.560 16763 16763 I Glide   : 	at java.util.concurrent.ThreadPoolExecutor.runWorker(ThreadPoolExecutor.java:1113)
08-04 14:54:09.560 16763 16763 I Glide   : 	at java.util.concurrent.ThreadPoolExecutor$Worker.run(ThreadPoolExecutor.java:588)
08-04 14:54:09.560 16763 16763 I Glide   : 	at java.lang.Thread.run(Thread.java:818)
08-04 14:54:09.624 16763 16763 D PlaybackController: Releasing PlaybackController
08-04 14:54:09.700   512  2967 D audio_hw_primary: disable_audio_route: reset and update mixer path: low-latency-playback speaker
08-04 14:54:09.702   512  2967 D audio_hw_primary: disable_snd_device: snd_device(2: speaker)
08-04 14:54:09.710   512  2967 I soundtrigger: audio_extn_sound_trigger_update_device_status: device 0x2 of type 0 for Event 0
08-04 14:54:09.895 16763 16775 I art     : Starting a blocking GC Explicit
08-04 14:54:09.949 16763 16775 I art     : Explicit concurrent mark sweep GC freed 1935(116KB) AllocSpace objects, 2(132KB) LOS objects, 23% free, 51MB/67MB, paused 1.728ms total 53.615ms
08-04 14:54:09.961 16763 16775 I art     : Starting a blocking GC Explicit
08-04 14:54:09.999 16763 16775 I art     : Explicit concurrent mark sweep GC freed 54(1840B) AllocSpace objects, 0(0B) LOS objects, 23% free, 51MB/67MB, paused 1.281ms total 37.731ms
08-04 14:54:10.009 16763 16775 I art     : Starting a blocking GC Explicit
08-04 14:54:10.048 16763 16775 I art     : Explicit concurrent mark sweep GC freed 3(96B) AllocSpace objects, 0(0B) LOS objects, 23% free, 51MB/67MB, paused 1.477ms total 38.122ms
08-04 14:54:10.059 16763 16775 I art     : Starting a blocking GC Explicit
08-04 14:54:10.096 16763 16775 I art     : Explicit concurrent mark sweep GC freed 3(96B) AllocSpace objects, 0(0B) LOS objects, 23% free, 51MB/67MB, paused 1.203ms total 37.129ms
08-04 14:54:10.107 16763 16775 I art     : Starting a blocking GC Explicit
08-04 14:54:10.144 16763 16775 I art     : Explicit concurrent mark sweep GC freed 3(96B) AllocSpace objects, 0(0B) LOS objects, 23% free, 51MB/67MB, paused 1.208ms total 37.062ms
08-04 14:54:10.471 16763 16776 I art     : Starting a blocking GC Explicit
08-04 14:54:10.519 16763 16776 I art     : Explicit concurrent mark sweep GC freed 1410(81KB) AllocSpace objects, 1(20KB) LOS objects, 23% free, 51MB/67MB, paused 1.493ms total 47.469ms
08-04 14:54:10.530 16763 16776 I art     : Starting a blocking GC Explicit
08-04 14:54:10.568 16763 16776 I art     : Explicit concurrent mark sweep GC freed 23(752B) AllocSpace objects, 0(0B) LOS objects, 23% free, 51MB/67MB, paused 1.269ms total 37.465ms
08-04 14:54:10.579 16763 16776 I art     : Starting a blocking GC Explicit
08-04 14:54:10.616 16763 16776 I art     : Explicit concurrent mark sweep GC freed 3(96B) AllocSpace objects, 0(0B) LOS objects, 23% free, 51MB/67MB, paused 1.361ms total 36.844ms
08-04 14:54:10.627 16763 16776 I art     : Starting a blocking GC Explicit
08-04 14:54:10.664 16763 16776 I art     : Explicit concurrent mark sweep GC freed 3(96B) AllocSpace objects, 0(0B) LOS objects, 23% free, 51MB/67MB, paused 1.216ms total 37.266ms
08-04 14:54:10.675 16763 16776 I art     : Starting a blocking GC Explicit
08-04 14:54:10.712 16763 16776 I art     : Explicit concurrent mark sweep GC freed 3(96B) AllocSpace objects, 0(0B) LOS objects, 23% free, 51MB/67MB, paused 1.224ms total 36.942ms
08-04 14:54:11.090 16763 19031 I art     : Starting a blocking GC Explicit
08-04 14:54:11.129 16763 19031 I art     : Explicit concurrent mark sweep GC freed 1398(81KB) AllocSpace objects, 1(20KB) LOS objects, 23% free, 51MB/67MB, paused 1.294ms total 39.216ms
08-04 14:54:11.141 16763 19031 I art     : Starting a blocking GC Explicit
08-04 14:54:11.176 16763 19031 I art     : Explicit concurrent mark sweep GC freed 29(944B) AllocSpace objects, 0(0B) LOS objects, 23% free, 51MB/67MB, paused 1.138ms total 35.557ms
08-04 14:54:11.187 16763 19031 I art     : Starting a blocking GC Explicit
08-04 14:54:11.221 16763 19031 I art     : Explicit concurrent mark sweep GC freed 9(288B) AllocSpace objects, 0(0B) LOS objects, 23% free, 51MB/67MB, paused 1.109ms total 34.139ms
08-04 14:54:11.232 16763 19031 I art     : Starting a blocking GC Explicit
08-04 14:54:11.269 16763 19031 I art     : Explicit concurrent mark sweep GC freed 4(128B) AllocSpace objects, 0(0B) LOS objects, 23% free, 51MB/67MB, paused 1.170ms total 36.291ms
08-04 14:54:11.279 16763 19031 I art     : Starting a blocking GC Explicit
08-04 14:54:11.315 16763 19031 I art     : Explicit concurrent mark sweep GC freed 3(96B) AllocSpace objects, 0(0B) LOS objects, 23% free, 51MB/67MB, paused 1.196ms total 35.343ms
08-04 14:54:11.674 16763 18265 I art     : Starting a blocking GC Explicit
08-04 14:54:11.722 16763 18265 I art     : Explicit concurrent mark sweep GC freed 1410(81KB) AllocSpace objects, 1(20KB) LOS objects, 23% free, 51MB/67MB, paused 1.342ms total 46.982ms
08-04 14:54:11.735 16763 18265 I art     : Starting a blocking GC Explicit
08-04 14:54:11.773 16763 18265 I art     : Explicit concurrent mark sweep GC freed 23(752B) AllocSpace objects, 0(0B) LOS objects, 23% free, 51MB/67MB, paused 1.235ms total 37.410ms
08-04 14:54:11.783 16763 18265 I art     : Starting a blocking GC Explicit
08-04 14:54:11.821 16763 18265 I art     : Explicit concurrent mark sweep GC freed 3(96B) AllocSpace objects, 0(0B) LOS objects, 23% free, 51MB/67MB, paused 1.236ms total 37.076ms
08-04 14:54:11.831 16763 18265 I art     : Starting a blocking GC Explicit
08-04 14:54:11.868 16763 18265 I art     : Explicit concurrent mark sweep GC freed 3(96B) AllocSpace objects, 0(0B) LOS objects, 23% free, 51MB/67MB, paused 1.269ms total 36.616ms
08-04 14:54:11.879 16763 18265 I art     : Starting a blocking GC Explicit
08-04 14:54:11.916 16763 18265 I art     : Explicit concurrent mark sweep GC freed 3(96B) AllocSpace objects, 0(0B) LOS objects, 23% free, 51MB/67MB, paused 1.233ms total 36.776ms
08-04 14:54:12.243 16763 16775 I art     : Starting a blocking GC Explicit
08-04 14:54:12.279 16763 16775 I art     : Explicit concurrent mark sweep GC freed 1381(81KB) AllocSpace objects, 1(20KB) LOS objects, 23% free, 51MB/67MB, paused 1.249ms total 36.495ms
08-04 14:54:12.290 16763 16775 I art     : Starting a blocking GC Explicit
08-04 14:54:12.327 16763 16775 I art     : Explicit concurrent mark sweep GC freed 37(1200B) AllocSpace objects, 0(0B) LOS objects, 23% free, 51MB/67MB, paused 1.184ms total 36.402ms
08-04 14:54:12.337 16763 16775 I art     : Starting a blocking GC Explicit
08-04 14:54:12.374 16763 16775 I art     : Explicit concurrent mark sweep GC freed 32(880B) AllocSpace objects, 0(0B) LOS objects, 23% free, 51MB/67MB, paused 1.222ms total 37.109ms
08-04 14:54:12.385 16763 16775 I art     : Starting a blocking GC Explicit
08-04 14:54:12.423 16763 16775 I art     : Explicit concurrent mark sweep GC freed 3(96B) AllocSpace objects, 0(0B) LOS objects, 23% free, 51MB/67MB, paused 1.235ms total 37.289ms
08-04 14:54:12.433 16763 16775 I art     : Starting a blocking GC Explicit
08-04 14:54:12.471 16763 16775 I art     : Explicit concurrent mark sweep GC freed 3(96B) AllocSpace objects, 0(0B) LOS objects, 23% free, 51MB/67MB, paused 1.242ms total 37.403ms
08-04 14:54:12.837 16763 19031 I art     : Starting a blocking GC Explicit
08-04 14:54:12.888 16763 19031 I art     : Explicit concurrent mark sweep GC freed 1383(84KB) AllocSpace objects, 1(20KB) LOS objects, 23% free, 51MB/67MB, paused 1.325ms total 50.937ms
08-04 14:54:12.901 16763 19031 I art     : Starting a blocking GC Explicit
08-04 14:54:12.939 16763 19031 I art     : Explicit concurrent mark sweep GC freed 23(752B) AllocSpace objects, 0(0B) LOS objects, 23% free, 51MB/67MB, paused 1.299ms total 37.806ms
08-04 14:54:12.949 16763 19031 I art     : Starting a blocking GC Explicit
08-04 14:54:12.988 16763 19031 I art     : Explicit concurrent mark sweep GC freed 3(96B) AllocSpace objects, 0(0B) LOS objects, 23% free, 51MB/67MB, paused 1.395ms total 38.009ms
08-04 14:54:12.998 16763 19031 I art     : Starting a blocking GC Explicit
08-04 14:54:13.036 16763 19031 I art     : Explicit concurrent mark sweep GC freed 3(96B) AllocSpace objects, 0(0B) LOS objects, 23% free, 51MB/67MB, paused 1.204ms total 37.426ms
08-04 14:54:13.047 16763 19031 I art     : Starting a blocking GC Explicit
08-04 14:54:13.084 16763 19031 I art     : Explicit concurrent mark sweep GC freed 3(96B) AllocSpace objects, 0(0B) LOS objects, 23% free, 51MB/67MB, paused 1.221ms total 37.064ms
08-04 14:54:13.431 16763 18265 I art     : Starting a blocking GC Explicit
08-04 14:54:13.464 16763 18265 I art     : Explicit concurrent mark sweep GC freed 1413(82KB) AllocSpace objects, 1(20KB) LOS objects, 23% free, 51MB/67MB, paused 1.164ms total 33.487ms
08-04 14:54:13.474 16763 18265 I art     : Starting a blocking GC Explicit
08-04 14:54:13.507 16763 18265 I art     : Explicit concurrent mark sweep GC freed 23(752B) AllocSpace objects, 0(0B) LOS objects, 23% free, 51MB/67MB, paused 1.158ms total 32.068ms
08-04 14:54:13.516 16763 18265 I art     : Starting a blocking GC Explicit
08-04 14:54:13.551 16763 18265 I art     : Explicit concurrent mark sweep GC freed 3(96B) AllocSpace objects, 0(0B) LOS objects, 23% free, 51MB/67MB, paused 1.193ms total 34.915ms
08-04 14:54:13.562 16763 18265 I art     : Starting a blocking GC Explicit
08-04 14:54:13.596 16763 18265 I art     : Explicit concurrent mark sweep GC freed 3(96B) AllocSpace objects, 0(0B) LOS objects, 23% free, 51MB/67MB, paused 1.322ms total 34.674ms
08-04 14:54:13.607 16763 18265 I art     : Starting a blocking GC Explicit
08-04 14:54:13.642 16763 18265 I art     : Explicit concurrent mark sweep GC freed 3(96B) AllocSpace objects, 0(0B) LOS objects, 23% free, 51MB/67MB, paused 1.212ms total 35.192ms
08-04 14:54:13.735 20037 20037 D AndroidRuntime: >>>>>> START com.android.internal.os.RuntimeInit uid 2000 <<<<<<
08-04 14:54:13.740 20037 20037 D AndroidRuntime: CheckJNI is OFF
08-04 14:54:13.778 20037 20037 D ICU     : No timezone override file found: /data/misc/zoneinfo/current/icu/icu_tzdata.dat
08-04 14:54:13.813 20037 20037 I Radio-JNI: register_android_hardware_Radio DONE
08-04 14:54:13.834 20037 20037 D AndroidRuntime: Calling main entry com.android.commands.input.Input
08-04 14:54:13.836 20037 20037 I Input   : injectKeyEvent: KeyEvent { action=ACTION_DOWN, keyCode=KEYCODE_BACK, scanCode=0, metaState=0, flags=0x0, repeatCount=0, eventTime=716070249, downTime=716070249, deviceId=-1, source=0x101 }
08-04 14:54:13.844 20037 20037 I Input   : injectKeyEvent: KeyEvent { action=ACTION_UP, keyCode=KEYCODE_BACK, scanCode=0, metaState=0, flags=0x0, repeatCount=0, eventTime=716070249, downTime=716070249, deviceId=-1, source=0x101 }
08-04 14:54:13.850 20037 20037 D AndroidRuntime: Shutting down VM
08-04 14:54:13.855 16763 16763 V PlaybackController: initServiceNotRunning()
08-04 14:54:13.856 16763 16763 D ExternalPlayerFragment: Loading media info
08-04 14:54:13.856 16763 17709 D ApOkHttpUrlLoader: buildLoadData() called with: model = [http://sixgun.org/files/linuxoutlaws.jpg], width = [224], height = [224]
08-04 14:54:13.857 16763 17520 D DBReader: getImageAuthentication() called with: imageUrl = [http://sixgun.org/files/linuxoutlaws.jpg]
08-04 14:54:13.860 16763 17520 D ApOkHttpUrlLoader: no credentials for 'http://sixgun.org/files/linuxoutlaws.jpg'
08-04 14:54:13.863 16763 16763 D UserPreferences: Using default data folder
08-04 14:54:13.864 16763 17291 D DBReader: getNavDrawerData() called with: 
08-04 14:54:13.873 16763 17291 D DBReader: getDownloadedItems() called
08-04 14:54:13.875 16763 17291 D DBReader: getFavoriteIDList() called
08-04 14:54:13.876 16763 17291 D DBReader: getQueueIDList() called
08-04 14:54:13.876 16763 17291 D DBReader: Extracting Feedlist
08-04 14:54:13.893 13866 13866 I GoogleInputMethodServic: GoogleInputMethodService.onFinishInput():3138 
08-04 14:54:13.893 16763 16763 D MainActivity: getLastNavFragment() -> AddFeedFragment
08-04 14:54:13.893 13866 13866 I GoogleInputMethodServic: GoogleInputMethodService.onStartInput():1808 
08-04 14:54:13.918 16763 17520 D DBWriter: updateFeedDownloadURL(original: http://sixgun.org/files/linuxoutlaws.jpg, updated: https://fab.industries/sixgun/files/linuxoutlaws.jpg)
08-04 14:54:13.962 16763 19031 I art     : Starting a blocking GC Explicit
08-04 14:54:13.995 16763 19031 I art     : Explicit concurrent mark sweep GC freed 3103(185KB) AllocSpace objects, 1(20KB) LOS objects, 23% free, 51MB/67MB, paused 1.151ms total 33.148ms
08-04 14:54:14.005 16763 19031 I art     : Starting a blocking GC Explicit
08-04 14:54:14.046 16763 19031 I art     : Explicit concurrent mark sweep GC freed 494(26KB) AllocSpace objects, 0(0B) LOS objects, 23% free, 51MB/67MB, paused 1.989ms total 40.925ms
08-04 14:54:14.052 16763 17520 D MYTAG   : interceptor 2a
08-04 14:54:14.052 16763 17520 I NAPPA_EXPERIMENTATION: MetricNetworkRequestExecutionTime: REQUEST_DURATION_SYSTEM='192',REQUEST_DURATION_OKHTTP='132',REQUEST_SYNCHRONOUS='TRUE',RESPONSE_CODE='404',RESPONSE_METHOD='GET',RESPONSE_LENGTH_OKHTTP='-1',RESPONSE_LENGTH_HEADER='1503',REQUEST_PROTOCOL='h2',REQUEST_URL='https://fab.industries/sixgun/files/linuxoutlaws.jpg',
08-04 14:54:14.053 16763 16763 W Glide   : Load failed for http://sixgun.org/files/linuxoutlaws.jpg with size [224x224]
08-04 14:54:14.053 16763 16763 W Glide   : class com.bumptech.glide.load.engine.GlideException: Failed to load resource
08-04 14:54:14.053 16763 16763 W Glide   : There was 1 cause:
08-04 14:54:14.053 16763 16763 W Glide   : com.bumptech.glide.load.HttpException()
08-04 14:54:14.053 16763 16763 W Glide   :  call GlideException#logRootCauses(String) for more detail
08-04 14:54:14.053 16763 16763 W Glide   :   Cause (1 of 1): class com.bumptech.glide.load.engine.GlideException: Fetching data failed, class java.io.InputStream, REMOTE
08-04 14:54:14.053 16763 16763 W Glide   : There was 1 cause:
08-04 14:54:14.053 16763 16763 W Glide   : com.bumptech.glide.load.HttpException()
08-04 14:54:14.053 16763 16763 W Glide   :  call GlideException#logRootCauses(String) for more detail
08-04 14:54:14.053 16763 16763 W Glide   :     Cause (1 of 1): class com.bumptech.glide.load.HttpException: 
08-04 14:54:14.054 16763 16763 I Glide   : Root cause (1 of 1)
08-04 14:54:14.054 16763 16763 I Glide   : com.bumptech.glide.load.HttpException: 
08-04 14:54:14.054 16763 16763 I Glide   : 	at com.bumptech.glide.integration.okhttp3.OkHttpStreamFetcher.onResponse(OkHttpStreamFetcher.java:73)
08-04 14:54:14.054 16763 16763 I Glide   : 	at okhttp3.RealCall$AsyncCall.execute(RealCall.java:174)
08-04 14:54:14.054 16763 16763 I Glide   : 	at okhttp3.internal.NamedRunnable.run(NamedRunnable.java:32)
08-04 14:54:14.054 16763 16763 I Glide   : 	at java.util.concurrent.ThreadPoolExecutor.runWorker(ThreadPoolExecutor.java:1113)
08-04 14:54:14.054 16763 16763 I Glide   : 	at java.util.concurrent.ThreadPoolExecutor$Worker.run(ThreadPoolExecutor.java:588)
08-04 14:54:14.054 16763 16763 I Glide   : 	at java.lang.Thread.run(Thread.java:818)
08-04 14:54:14.054 16763 16763 W Glide   : Load failed for http://sixgun.org/files/linuxoutlaws.jpg with size [224x224]
08-04 14:54:14.054 16763 16763 W Glide   : class com.bumptech.glide.load.engine.GlideException: Failed to load resource
08-04 14:54:14.054 16763 16763 W Glide   : There was 1 cause:
08-04 14:54:14.054 16763 16763 W Glide   : com.bumptech.glide.load.HttpException()
08-04 14:54:14.054 16763 16763 W Glide   :  call GlideException#logRootCauses(String) for more detail
08-04 14:54:14.054 16763 16763 W Glide   :   Cause (1 of 1): class com.bumptech.glide.load.engine.GlideException: Fetching data failed, class java.io.InputStream, REMOTE
08-04 14:54:14.054 16763 16763 W Glide   : There was 1 cause:
08-04 14:54:14.054 16763 16763 W Glide   : com.bumptech.glide.load.HttpException()
08-04 14:54:14.054 16763 16763 W Glide   :  call GlideException#logRootCauses(String) for more detail
08-04 14:54:14.054 16763 16763 W Glide   :     Cause (1 of 1): class com.bumptech.glide.load.HttpException: 
08-04 14:54:14.054 16763 16763 I Glide   : Root cause (1 of 1)
08-04 14:54:14.054 16763 16763 I Glide   : com.bumptech.glide.load.HttpException: 
08-04 14:54:14.054 16763 16763 I Glide   : 	at com.bumptech.glide.integration.okhttp3.OkHttpStreamFetcher.onResponse(OkHttpStreamFetcher.java:73)
08-04 14:54:14.054 16763 16763 I Glide   : 	at okhttp3.RealCall$AsyncCall.execute(RealCall.java:174)
08-04 14:54:14.054 16763 16763 I Glide   : 	at okhttp3.internal.NamedRunnable.run(NamedRunnable.java:32)
08-04 14:54:14.054 16763 16763 I Glide   : 	at java.util.concurrent.ThreadPoolExecutor.runWorker(ThreadPoolExecutor.java:1113)
08-04 14:54:14.054 16763 16763 I Glide   : 	at java.util.concurrent.ThreadPoolExecutor$Worker.run(ThreadPoolExecutor.java:588)
08-04 14:54:14.054 16763 16763 I Glide   : 	at java.lang.Thread.run(Thread.java:818)
08-04 14:54:14.057 16763 19031 I art     : Starting a blocking GC Explicit
08-04 14:54:14.098 16763 19031 I art     : Explicit concurrent mark sweep GC freed 576(75KB) AllocSpace objects, 0(0B) LOS objects, 23% free, 51MB/67MB, paused 1.103ms total 40.942ms
08-04 14:54:14.110 16763 19031 I art     : Starting a blocking GC Explicit
08-04 14:54:14.154 16763 19031 I art     : Explicit concurrent mark sweep GC freed 22(960B) AllocSpace objects, 0(0B) LOS objects, 23% free, 51MB/67MB, paused 1.133ms total 43.980ms
08-04 14:54:14.169 16763 19031 I art     : Starting a blocking GC Explicit
08-04 14:54:14.204   380   380 W SurfaceFlinger: couldn't log to binary event log: overflow.
08-04 14:54:14.212 16763 19031 I art     : Explicit concurrent mark sweep GC freed 38(1168B) AllocSpace objects, 0(0B) LOS objects, 23% free, 51MB/67MB, paused 4.466ms total 42.100ms
08-04 14:54:14.556 16763 16776 I art     : Starting a blocking GC Explicit
08-04 14:54:14.605 16763 16776 I art     : Explicit concurrent mark sweep GC freed 1958(107KB) AllocSpace objects, 1(20KB) LOS objects, 23% free, 51MB/67MB, paused 1.519ms total 47.921ms
08-04 14:54:14.619 16763 16776 I art     : Starting a blocking GC Explicit
08-04 14:54:14.655 16763 16776 I art     : Explicit concurrent mark sweep GC freed 2874(236KB) AllocSpace objects, 1(28KB) LOS objects, 23% free, 50MB/66MB, paused 1.208ms total 36.253ms
08-04 14:54:14.666 16763 16776 I art     : Starting a blocking GC Explicit
08-04 14:54:14.702 16763 16776 I art     : Explicit concurrent mark sweep GC freed 3(96B) AllocSpace objects, 0(0B) LOS objects, 23% free, 50MB/66MB, paused 1.232ms total 36.402ms
08-04 14:54:14.713 16763 16776 I art     : Starting a blocking GC Explicit
08-04 14:54:14.750 16763 16776 I art     : Explicit concurrent mark sweep GC freed 3(96B) AllocSpace objects, 0(0B) LOS objects, 23% free, 50MB/66MB, paused 1.247ms total 36.565ms
08-04 14:54:14.760 16763 16776 I art     : Starting a blocking GC Explicit
08-04 14:54:14.796 16763 16776 I art     : Explicit concurrent mark sweep GC freed 3(96B) AllocSpace objects, 0(0B) LOS objects, 23% free, 50MB/66MB, paused 1.213ms total 35.300ms
08-04 14:54:15.139 16763 16785 I art     : Starting a blocking GC Explicit
08-04 14:54:15.174 16763 16785 I art     : Explicit concurrent mark sweep GC freed 1383(81KB) AllocSpace objects, 1(20KB) LOS objects, 23% free, 50MB/66MB, paused 1.254ms total 35.118ms
08-04 14:54:15.185 16763 16785 I art     : Starting a blocking GC Explicit
08-04 14:54:15.219 16763 16785 I art     : Explicit concurrent mark sweep GC freed 23(752B) AllocSpace objects, 0(0B) LOS objects, 23% free, 50MB/66MB, paused 1.253ms total 34.367ms
08-04 14:54:15.229 16763 16785 I art     : Starting a blocking GC Explicit
08-04 14:54:15.263 16763 16785 I art     : Explicit concurrent mark sweep GC freed 3(96B) AllocSpace objects, 0(0B) LOS objects, 23% free, 50MB/66MB, paused 1.273ms total 33.556ms
08-04 14:54:15.273 16763 16785 I art     : Starting a blocking GC Explicit
08-04 14:54:15.307 16763 16785 I art     : Explicit concurrent mark sweep GC freed 3(96B) AllocSpace objects, 0(0B) LOS objects, 23% free, 50MB/66MB, paused 1.334ms total 33.632ms
08-04 14:54:15.317 16763 16785 I art     : Starting a blocking GC Explicit
08-04 14:54:15.351 16763 16785 I art     : Explicit concurrent mark sweep GC freed 32(880B) AllocSpace objects, 0(0B) LOS objects, 23% free, 50MB/66MB, paused 1.245ms total 33.625ms
08-04 14:54:15.500 20087 20087 D AndroidRuntime: >>>>>> START com.android.internal.os.RuntimeInit uid 2000 <<<<<<
08-04 14:54:15.505 20087 20087 D AndroidRuntime: CheckJNI is OFF
08-04 14:54:15.537 20087 20087 D ICU     : No timezone override file found: /data/misc/zoneinfo/current/icu/icu_tzdata.dat
08-04 14:54:15.568 20087 20087 I Radio-JNI: register_android_hardware_Radio DONE
08-04 14:54:15.589 20087 20087 D AndroidRuntime: Calling main entry com.android.commands.input.Input
08-04 14:54:15.590 20087 20087 I Input   : injectMotionEvent: MotionEvent { action=ACTION_DOWN, actionButton=0, id[0]=0, x[0]=526.0, y[0]=597.0, toolType[0]=TOOL_TYPE_UNKNOWN, buttonState=0, metaState=0, flags=0x0, edgeFlags=0x0, pointerCount=1, historySize=0, eventTime=716072003, downTime=716072003, deviceId=0, source=0x1002 }
08-04 14:54:15.594 20087 20087 I Input   : injectMotionEvent: MotionEvent { action=ACTION_UP, actionButton=0, id[0]=0, x[0]=526.0, y[0]=597.0, toolType[0]=TOOL_TYPE_UNKNOWN, buttonState=0, metaState=0, flags=0x0, edgeFlags=0x0, pointerCount=1, historySize=0, eventTime=716072003, downTime=716072003, deviceId=0, source=0x1002 }
08-04 14:54:15.596 20087 20087 D AndroidRuntime: Shutting down VM
08-04 14:54:15.673 16763 16763 D PodcastListFragment: Selected podcast: GpodnetPodcast [url=http://feeds.feedburner.com/linuxoutlaws, title=Linux Outlaws, description=Two pragmatic geeks talk about the latest news concerning Linux, free and open
08-04 14:54:15.673 16763 16763 D PodcastListFragment: technology or anything else they deem noteworthy which may include such absurd
08-04 14:54:15.673 16763 16763 D PodcastListFragment: things as hockey or bands you never heard of. This means there's many a joke
08-04 14:54:15.673 16763 16763 D PodcastListFragment: and derailed conversation along the way, so don't come here expecting only
08-04 14:54:15.673 16763 16763 D PodcastListFragment: Linux or software freedom talk  just sit back and relax, partner., subscribers=3321, logoUrl=http://sixgun.org/files/linuxoutlaws.jpg, website=http://sixgun.org, mygpoLink=http://gpodder.net/podcast/linux-outlaws-mp3]
08-04 14:54:15.674   918  3359 I ActivityManager: START u0 {cmp=baseline.de.danoeh.antennapod.debug/baseline.de.danoeh.antennapod.activity.OnlineFeedViewActivity (has extras)} from uid 10670 on display 0
08-04 14:54:15.675   512  2967 D audio_hw_primary: out_set_parameters: enter: usecase(1: low-latency-playback) kvpairs: routing=2
08-04 14:54:15.675 16763 19031 I art     : Starting a blocking GC Explicit
08-04 14:54:15.688   512  2967 D audio_hw_primary: select_devices: out_snd_device(2: speaker) in_snd_device(0: none)
08-04 14:54:15.688   512  2967 D msm8974_platform: platform_send_audio_calibration: sending audio calibration for snd_device(2) acdb_id(15)
08-04 14:54:15.689   512  2967 I soundtrigger: audio_extn_sound_trigger_update_device_status: device 0x2 of type 0 for Event 1
08-04 14:54:15.701   512  2967 D audio_hw_primary: enable_snd_device: snd_device(2: speaker)
08-04 14:54:15.703   512  2967 D audio_hw_primary: enable_audio_route: apply and update mixer path: low-latency-playback speaker
08-04 14:54:15.716 16763 19031 I art     : Explicit concurrent mark sweep GC freed 1930(119KB) AllocSpace objects, 1(20KB) LOS objects, 23% free, 50MB/66MB, paused 1.894ms total 40.647ms
08-04 14:54:15.724 16763 16763 D UserPreferences: Using default data folder
08-04 14:54:15.724 16763 16763 D OnlineFeedViewActivity: Activity was started with url http://feeds.feedburner.com/linuxoutlaws
08-04 14:54:15.726 16763 19031 I art     : Starting a blocking GC Explicit
08-04 14:54:15.729 16763 16763 D OnlineFeedViewActivity: Starting feed download
08-04 14:54:15.731 16763 16788 D DBReader: Extracting Feedlist
08-04 14:54:15.733   918  6029 D WifiService: acquireWifiLockLocked: WifiLock{Downloader type=1 binder=android.os.BinderProxy@ac49f79}
08-04 14:54:15.734 16763 16788 D AntennapodHttpClient: Creating new instance of HTTP client
08-04 14:54:15.760 16763 19031 I art     : Explicit concurrent mark sweep GC freed 827(62KB) AllocSpace objects, 0(0B) LOS objects, 23% free, 51MB/67MB, paused 1.355ms total 33.248ms
08-04 14:54:15.769 16763 19031 I art     : Starting a blocking GC Explicit
08-04 14:54:15.799   918   936 I ActivityManager: Displayed baseline.de.danoeh.antennapod.debug/baseline.de.danoeh.antennapod.activity.OnlineFeedViewActivity: +107ms
08-04 14:54:15.799 13866 13866 I GoogleInputMethodServic: GoogleInputMethodService.onFinishInput():3138 
08-04 14:54:15.801 13866 13866 I GoogleInputMethodServic: GoogleInputMethodService.onStartInput():1808 
08-04 14:54:15.802 16763 19031 I art     : Explicit concurrent mark sweep GC freed 420(18KB) AllocSpace objects, 0(0B) LOS objects, 23% free, 51MB/67MB, paused 1.574ms total 32.963ms
08-04 14:54:15.813 16763 19031 I art     : Starting a blocking GC Explicit
08-04 14:54:15.827 16763 16784 D OpenGLRenderer: endAllStagingAnimators on 0x7f7b3eb800 (GridView) with handle 0x7f7b0fd1e0
08-04 14:54:15.848 16763 19031 I art     : Explicit concurrent mark sweep GC freed 49(2464B) AllocSpace objects, 0(0B) LOS objects, 23% free, 51MB/67MB, paused 1.300ms total 33.956ms
08-04 14:54:15.857 16763 19031 I art     : Starting a blocking GC Explicit
08-04 14:54:15.868 16763 16788 D MYTAG   : interceptor 3a http://feeds.feedburner.com/linuxoutlaws
08-04 14:54:15.869 16763 16788 I NAPPA_EXPERIMENTATION: MetricNetworkRequestExecutionTime: REQUEST_DURATION_SYSTEM='133',REQUEST_DURATION_OKHTTP='32',REQUEST_SYNCHRONOUS='TRUE',RESPONSE_CODE='200',RESPONSE_METHOD='GET',RESPONSE_LENGTH_OKHTTP='-1',RESPONSE_LENGTH_HEADER='-2',REQUEST_PROTOCOL='http/1.1',REQUEST_URL='http://feeds.feedburner.com/linuxoutlaws',
08-04 14:54:15.869 16763 16788 D HttpDownloader: Response code is 200
08-04 14:54:15.869 16763 16788 D UserPreferences: Using default data folder
08-04 14:54:15.871 16763 16788 D HttpDownloader: Getting size of download
08-04 14:54:15.871 16763 16788 D HttpDownloader: Size is -1
08-04 14:54:15.871 16763 16788 D UserPreferences: Using default data folder
08-04 14:54:15.871 16763 16788 D HttpDownloader: Free space is 20238360576
08-04 14:54:15.871 16763 16788 D HttpDownloader: Starting download
08-04 14:54:15.873 16763 16788 D HttpDownloader: Download was successful
08-04 14:54:15.874   918  6112 D WifiService: releaseWifiLockLocked: WifiLock{Downloader type=1 binder=android.os.BinderProxy@ac49f79}
08-04 14:54:15.874 16763 16763 D OnlineFeedViewActivity: Parsing feed
08-04 14:54:15.877 16763 20111 D TypeGetter: Recognized type RSS 2.0
08-04 14:54:15.879 16763 20111 D SyndHandler: Recognized Content namespace
08-04 14:54:15.879 16763 20111 D SyndHandler: Recognized DublinCore namespace
08-04 14:54:15.879 16763 20111 D SyndHandler: Recognized Atom namespace
08-04 14:54:15.879 16763 20111 D SyndHandler: Recognized ITunes namespace
08-04 14:54:15.879 16763 20111 D SyndHandler: Recognized media namespace
08-04 14:54:15.890 16763 19031 I art     : Explicit concurrent mark sweep GC freed 828(203KB) AllocSpace objects, 3(60KB) LOS objects, 23% free, 51MB/67MB, paused 1.332ms total 32.238ms
08-04 14:54:15.912 16763 20111 D OnlineFeedViewActivity: Deleted feed source file. Result: true
08-04 14:54:15.913 16763 16763 D OnlineFeedViewActivity: Removing HTML from shownotes
08-04 14:54:15.927 16763 17709 D ApOkHttpUrlLoader: buildLoadData() called with: model = [http://sixgun.org/files/linuxoutlaws.jpg], width = [350], height = [350]
08-04 14:54:15.928 16763 17520 D DBReader: getImageAuthentication() called with: imageUrl = [http://sixgun.org/files/linuxoutlaws.jpg]
08-04 14:54:15.931 16763 17520 D ApOkHttpUrlLoader: no credentials for 'http://sixgun.org/files/linuxoutlaws.jpg'
08-04 14:54:15.956 16763 17520 D DBWriter: updateFeedDownloadURL(original: http://sixgun.org/files/linuxoutlaws.jpg, updated: https://fab.industries/sixgun/files/linuxoutlaws.jpg)
08-04 14:54:16.040   380   380 W SurfaceFlinger: couldn't log to binary event log: overflow.
08-04 14:54:16.088 16763 17520 D MYTAG   : interceptor 2a
08-04 14:54:16.088 16763 17520 I NAPPA_EXPERIMENTATION: MetricNetworkRequestExecutionTime: REQUEST_DURATION_SYSTEM='157',REQUEST_DURATION_OKHTTP='128',REQUEST_SYNCHRONOUS='TRUE',RESPONSE_CODE='404',RESPONSE_METHOD='GET',RESPONSE_LENGTH_OKHTTP='-1',RESPONSE_LENGTH_HEADER='1503',REQUEST_PROTOCOL='h2',REQUEST_URL='https://fab.industries/sixgun/files/linuxoutlaws.jpg',
08-04 14:54:16.089 16763 16763 W Glide   : Load failed for http://sixgun.org/files/linuxoutlaws.jpg with size [350x350]
08-04 14:54:16.089 16763 16763 W Glide   : class com.bumptech.glide.load.engine.GlideException: Failed to load resource
08-04 14:54:16.089 16763 16763 W Glide   : There was 1 cause:
08-04 14:54:16.089 16763 16763 W Glide   : com.bumptech.glide.load.HttpException()
08-04 14:54:16.089 16763 16763 W Glide   :  call GlideException#logRootCauses(String) for more detail
08-04 14:54:16.089 16763 16763 W Glide   :   Cause (1 of 1): class com.bumptech.glide.load.engine.GlideException: Fetching data failed, class java.io.InputStream, REMOTE
08-04 14:54:16.089 16763 16763 W Glide   : There was 1 cause:
08-04 14:54:16.089 16763 16763 W Glide   : com.bumptech.glide.load.HttpException()
08-04 14:54:16.089 16763 16763 W Glide   :  call GlideException#logRootCauses(String) for more detail
08-04 14:54:16.089 16763 16763 W Glide   :     Cause (1 of 1): class com.bumptech.glide.load.HttpException: 
08-04 14:54:16.089 16763 16763 I Glide   : Root cause (1 of 1)
08-04 14:54:16.089 16763 16763 I Glide   : com.bumptech.glide.load.HttpException: 
08-04 14:54:16.089 16763 16763 I Glide   : 	at com.bumptech.glide.integration.okhttp3.OkHttpStreamFetcher.onResponse(OkHttpStreamFetcher.java:73)
08-04 14:54:16.089 16763 16763 I Glide   : 	at okhttp3.RealCall$AsyncCall.execute(RealCall.java:174)
08-04 14:54:16.089 16763 16763 I Glide   : 	at okhttp3.internal.NamedRunnable.run(NamedRunnable.java:32)
08-04 14:54:16.089 16763 16763 I Glide   : 	at java.util.concurrent.ThreadPoolExecutor.runWorker(ThreadPoolExecutor.java:1113)
08-04 14:54:16.089 16763 16763 I Glide   : 	at java.util.concurrent.ThreadPoolExecutor$Worker.run(ThreadPoolExecutor.java:588)
08-04 14:54:16.089 16763 16763 I Glide   : 	at java.lang.Thread.run(Thread.java:818)
08-04 14:54:16.175 16763 18265 I art     : Starting a blocking GC Explicit
08-04 14:54:16.183 16763 16763 D PlaybackController: Releasing PlaybackController
08-04 14:54:16.213 16763 18265 I art     : Explicit concurrent mark sweep GC freed 7207(714KB) AllocSpace objects, 12(768KB) LOS objects, 23% free, 51MB/67MB, paused 1.147ms total 38.246ms
08-04 14:54:16.223 16763 18265 I art     : Starting a blocking GC Explicit
08-04 14:54:16.250   512  2967 D audio_hw_primary: disable_audio_route: reset and update mixer path: low-latency-playback speaker
08-04 14:54:16.250   512  2967 D audio_hw_primary: disable_snd_device: snd_device(2: speaker)
08-04 14:54:16.258 16763 18265 I art     : Explicit concurrent mark sweep GC freed 1031(47KB) AllocSpace objects, 1(112KB) LOS objects, 23% free, 51MB/67MB, paused 1.259ms total 34.258ms
08-04 14:54:16.258   512  2967 I soundtrigger: audio_extn_sound_trigger_update_device_status: device 0x2 of type 0 for Event 0
08-04 14:54:16.268 16763 18265 I art     : Starting a blocking GC Explicit
08-04 14:54:16.294   518   646 I ThermalEngine: ACTION: GPU - Setting GPU[0] to 450000000
08-04 14:54:16.310 16763 18265 I art     : Explicit concurrent mark sweep GC freed 3(96B) AllocSpace objects, 0(0B) LOS objects, 23% free, 51MB/67MB, paused 1.631ms total 42.105ms
08-04 14:54:16.323 16763 18265 I art     : Starting a blocking GC Explicit
08-04 14:54:16.368 16763 18265 I art     : Explicit concurrent mark sweep GC freed 32(880B) AllocSpace objects, 0(0B) LOS objects, 23% free, 51MB/67MB, paused 1.722ms total 44.570ms
08-04 14:54:16.381 16763 18265 I art     : Starting a blocking GC Explicit
08-04 14:54:16.428 16763 18265 I art     : Explicit concurrent mark sweep GC freed 3(96B) AllocSpace objects, 0(0B) LOS objects, 23% free, 51MB/67MB, paused 1.897ms total 46.012ms
08-04 14:54:16.796 16763 16775 I art     : Starting a blocking GC Explicit
08-04 14:54:16.855 16763 16775 I art     : Explicit concurrent mark sweep GC freed 1384(81KB) AllocSpace objects, 1(20KB) LOS objects, 23% free, 51MB/67MB, paused 1.655ms total 58.428ms
08-04 14:54:16.869 16763 16775 I art     : Starting a blocking GC Explicit
08-04 14:54:16.915 16763 16775 I art     : Explicit concurrent mark sweep GC freed 23(752B) AllocSpace objects, 0(0B) LOS objects, 23% free, 51MB/67MB, paused 1.637ms total 46.254ms
08-04 14:54:16.929 16763 16775 I art     : Starting a blocking GC Explicit
08-04 14:54:16.975 16763 16775 I art     : Explicit concurrent mark sweep GC freed 3(96B) AllocSpace objects, 0(0B) LOS objects, 23% free, 51MB/67MB, paused 1.617ms total 45.378ms
08-04 14:54:16.988 16763 16775 I art     : Starting a blocking GC Explicit
08-04 14:54:17.034 16763 16775 I art     : Explicit concurrent mark sweep GC freed 3(96B) AllocSpace objects, 0(0B) LOS objects, 23% free, 51MB/67MB, paused 1.590ms total 45.809ms
08-04 14:54:17.048 16763 16775 I art     : Starting a blocking GC Explicit
08-04 14:54:17.094 16763 16775 I art     : Explicit concurrent mark sweep GC freed 3(96B) AllocSpace objects, 0(0B) LOS objects, 23% free, 51MB/67MB, paused 1.607ms total 45.496ms
08-04 14:54:17.463 16763 19031 I art     : Starting a blocking GC Explicit
08-04 14:54:17.523 16763 19031 I art     : Explicit concurrent mark sweep GC freed 1410(81KB) AllocSpace objects, 1(20KB) LOS objects, 23% free, 51MB/67MB, paused 1.738ms total 59.945ms
08-04 14:54:17.544 16763 19031 I art     : Starting a blocking GC Explicit
08-04 14:54:17.588 16763 19031 I art     : Explicit concurrent mark sweep GC freed 31(1008B) AllocSpace objects, 0(0B) LOS objects, 23% free, 51MB/67MB, paused 1.785ms total 44.400ms
08-04 14:54:17.602 16763 19031 I art     : Starting a blocking GC Explicit
08-04 14:54:17.648 16763 19031 I art     : Explicit concurrent mark sweep GC freed 10(320B) AllocSpace objects, 0(0B) LOS objects, 23% free, 51MB/67MB, paused 1.696ms total 45.882ms
08-04 14:54:17.662 16763 19031 I art     : Starting a blocking GC Explicit
08-04 14:54:17.707 16763 19031 I art     : Explicit concurrent mark sweep GC freed 9(288B) AllocSpace objects, 0(0B) LOS objects, 23% free, 51MB/67MB, paused 1.728ms total 45.017ms
08-04 14:54:17.720 16763 19031 I art     : Starting a blocking GC Explicit
08-04 14:54:17.765 16763 19031 I art     : Explicit concurrent mark sweep GC freed 11(352B) AllocSpace objects, 0(0B) LOS objects, 23% free, 51MB/67MB, paused 1.532ms total 45.085ms
08-04 14:54:18.159 16763 18265 I art     : Starting a blocking GC Explicit
08-04 14:54:18.210 16763 18265 I art     : Explicit concurrent mark sweep GC freed 1382(81KB) AllocSpace objects, 1(20KB) LOS objects, 23% free, 51MB/67MB, paused 1.776ms total 50.555ms
08-04 14:54:18.224 16763 18265 I art     : Starting a blocking GC Explicit
08-04 14:54:18.275 16763 18265 I art     : Explicit concurrent mark sweep GC freed 23(752B) AllocSpace objects, 0(0B) LOS objects, 23% free, 51MB/67MB, paused 1.690ms total 50.025ms
08-04 14:54:18.289 16763 18265 I art     : Starting a blocking GC Explicit
08-04 14:54:18.337 16763 18265 I art     : Explicit concurrent mark sweep GC freed 32(880B) AllocSpace objects, 0(0B) LOS objects, 23% free, 51MB/67MB, paused 1.850ms total 48.573ms
08-04 14:54:18.351 16763 18265 I art     : Starting a blocking GC Explicit
08-04 14:54:18.402 16763 18265 I art     : Explicit concurrent mark sweep GC freed 3(96B) AllocSpace objects, 0(0B) LOS objects, 23% free, 51MB/67MB, paused 1.696ms total 50.447ms
08-04 14:54:18.416 16763 18265 I art     : Starting a blocking GC Explicit
08-04 14:54:18.464 16763 18265 I art     : Explicit concurrent mark sweep GC freed 3(96B) AllocSpace objects, 0(0B) LOS objects, 23% free, 51MB/67MB, paused 1.708ms total 47.440ms
08-04 14:54:18.853 16763 16785 I art     : Starting a blocking GC Explicit
08-04 14:54:18.915 16763 16785 I art     : Explicit concurrent mark sweep GC freed 1381(81KB) AllocSpace objects, 1(20KB) LOS objects, 23% free, 51MB/67MB, paused 1.841ms total 61.713ms
08-04 14:54:18.932 16763 16785 I art     : Starting a blocking GC Explicit
08-04 14:54:18.981 16763 16785 I art     : Explicit concurrent mark sweep GC freed 23(752B) AllocSpace objects, 0(0B) LOS objects, 23% free, 51MB/67MB, paused 1.674ms total 48.384ms
08-04 14:54:18.995 16763 16785 I art     : Starting a blocking GC Explicit
08-04 14:54:19.046 16763 16785 I art     : Explicit concurrent mark sweep GC freed 3(96B) AllocSpace objects, 0(0B) LOS objects, 23% free, 51MB/67MB, paused 1.725ms total 50.641ms
08-04 14:54:19.060 16763 16785 I art     : Starting a blocking GC Explicit
08-04 14:54:19.108 16763 16785 I art     : Explicit concurrent mark sweep GC freed 3(96B) AllocSpace objects, 0(0B) LOS objects, 23% free, 51MB/67MB, paused 1.922ms total 48.436ms
08-04 14:54:19.122 16763 16785 I art     : Starting a blocking GC Explicit
08-04 14:54:19.174 16763 16785 I art     : Explicit concurrent mark sweep GC freed 3(96B) AllocSpace objects, 0(0B) LOS objects, 23% free, 51MB/67MB, paused 1.862ms total 51.432ms
08-04 14:54:19.564 16763 19031 I art     : Starting a blocking GC Explicit
08-04 14:54:19.631 16763 19031 I art     : Explicit concurrent mark sweep GC freed 1411(83KB) AllocSpace objects, 1(20KB) LOS objects, 23% free, 51MB/67MB, paused 1.893ms total 66.294ms
08-04 14:54:19.647 16763 19031 I art     : Starting a blocking GC Explicit
08-04 14:54:19.696 16763 19031 I art     : Explicit concurrent mark sweep GC freed 23(752B) AllocSpace objects, 0(0B) LOS objects, 23% free, 51MB/67MB, paused 1.703ms total 48.400ms
08-04 14:54:19.710 16763 19031 I art     : Starting a blocking GC Explicit
08-04 14:54:19.761 16763 19031 I art     : Explicit concurrent mark sweep GC freed 3(96B) AllocSpace objects, 0(0B) LOS objects, 23% free, 51MB/67MB, paused 1.718ms total 50.508ms
08-04 14:54:19.775 16763 19031 I art     : Starting a blocking GC Explicit
08-04 14:54:19.823 16763 19031 I art     : Explicit concurrent mark sweep GC freed 3(96B) AllocSpace objects, 0(0B) LOS objects, 23% free, 51MB/67MB, paused 1.513ms total 48.255ms
08-04 14:54:19.837 16763 19031 I art     : Starting a blocking GC Explicit
08-04 14:54:19.882 16763 19031 I art     : Explicit concurrent mark sweep GC freed 3(96B) AllocSpace objects, 0(0B) LOS objects, 23% free, 51MB/67MB, paused 1.494ms total 44.585ms
08-04 14:54:20.253 16763 16775 I art     : Starting a blocking GC Explicit
08-04 14:54:20.300   518   646 I ThermalEngine: ACTION: GPU - Setting GPU[0] to 510000000
08-04 14:54:20.309 16763 16775 I art     : Explicit concurrent mark sweep GC freed 1382(82KB) AllocSpace objects, 1(20KB) LOS objects, 23% free, 51MB/67MB, paused 1.933ms total 55.155ms
08-04 14:54:20.323 16763 16775 I art     : Starting a blocking GC Explicit
08-04 14:54:20.363 16763 16775 I art     : Explicit concurrent mark sweep GC freed 52(1536B) AllocSpace objects, 0(0B) LOS objects, 23% free, 51MB/67MB, paused 1.298ms total 40.550ms
08-04 14:54:20.373 20172 20172 D AndroidRuntime: >>>>>> START com.android.internal.os.RuntimeInit uid 2000 <<<<<<
08-04 14:54:20.374 16763 16775 I art     : Starting a blocking GC Explicit
08-04 14:54:20.378 20172 20172 D AndroidRuntime: CheckJNI is OFF
08-04 14:54:20.409 16763 16775 I art     : Explicit concurrent mark sweep GC freed 3(96B) AllocSpace objects, 0(0B) LOS objects, 23% free, 51MB/67MB, paused 1.299ms total 35.348ms
08-04 14:54:20.413 20172 20172 D ICU     : No timezone override file found: /data/misc/zoneinfo/current/icu/icu_tzdata.dat
08-04 14:54:20.420 16763 16775 I art     : Starting a blocking GC Explicit
08-04 14:54:20.448 20172 20172 I Radio-JNI: register_android_hardware_Radio DONE
08-04 14:54:20.455 16763 16775 I art     : Explicit concurrent mark sweep GC freed 3(96B) AllocSpace objects, 0(0B) LOS objects, 23% free, 51MB/67MB, paused 1.335ms total 34.814ms
08-04 14:54:20.465 16763 16775 I art     : Starting a blocking GC Explicit
08-04 14:54:20.471 20172 20172 D AndroidRuntime: Calling main entry com.android.commands.input.Input
08-04 14:54:20.472 20172 20172 I Input   : injectKeyEvent: KeyEvent { action=ACTION_DOWN, keyCode=KEYCODE_BACK, scanCode=0, metaState=0, flags=0x0, repeatCount=0, eventTime=716076885, downTime=716076885, deviceId=-1, source=0x101 }
08-04 14:54:20.478 20172 20172 I Input   : injectKeyEvent: KeyEvent { action=ACTION_UP, keyCode=KEYCODE_BACK, scanCode=0, metaState=0, flags=0x0, repeatCount=0, eventTime=716076885, downTime=716076885, deviceId=-1, source=0x101 }
08-04 14:54:20.483 20172 20172 D AndroidRuntime: Shutting down VM
08-04 14:54:20.488 16763 16763 V PlaybackController: initServiceNotRunning()
08-04 14:54:20.488 16763 16763 D ExternalPlayerFragment: Loading media info
08-04 14:54:20.489 16763 17709 D ApOkHttpUrlLoader: buildLoadData() called with: model = [http://sixgun.org/files/linuxoutlaws.jpg], width = [224], height = [224]
08-04 14:54:20.490 16763 17520 D DBReader: getImageAuthentication() called with: imageUrl = [http://sixgun.org/files/linuxoutlaws.jpg]
08-04 14:54:20.492 16763 16763 D UserPreferences: Using default data folder
08-04 14:54:20.492 16763 17520 D ApOkHttpUrlLoader: no credentials for 'http://sixgun.org/files/linuxoutlaws.jpg'
08-04 14:54:20.494 16763 16788 D DBReader: getNavDrawerData() called with: 
08-04 14:54:20.500 16763 16775 I art     : Explicit concurrent mark sweep GC freed 522(31KB) AllocSpace objects, 0(0B) LOS objects, 23% free, 51MB/67MB, paused 1.641ms total 34.561ms
08-04 14:54:20.506 16763 16788 D DBReader: getDownloadedItems() called
08-04 14:54:20.509 16763 16788 D DBReader: getFavoriteIDList() called
08-04 14:54:20.511 16763 16788 D DBReader: getQueueIDList() called
08-04 14:54:20.512 16763 16788 D DBReader: Extracting Feedlist
08-04 14:54:20.535 13866 13866 I GoogleInputMethodServic: GoogleInputMethodService.onFinishInput():3138 
08-04 14:54:20.535 13866 13866 I GoogleInputMethodServic: GoogleInputMethodService.onStartInput():1808 
08-04 14:54:20.552 16763 16763 D MainActivity: getLastNavFragment() -> AddFeedFragment
08-04 14:54:20.574 16763 17520 D DBWriter: updateFeedDownloadURL(original: http://sixgun.org/files/linuxoutlaws.jpg, updated: https://fab.industries/sixgun/files/linuxoutlaws.jpg)
08-04 14:54:20.708 16763 17520 D MYTAG   : interceptor 2a
08-04 14:54:20.708 16763 17520 I NAPPA_EXPERIMENTATION: MetricNetworkRequestExecutionTime: REQUEST_DURATION_SYSTEM='216',REQUEST_DURATION_OKHTTP='132',REQUEST_SYNCHRONOUS='TRUE',RESPONSE_CODE='404',RESPONSE_METHOD='GET',RESPONSE_LENGTH_OKHTTP='-1',RESPONSE_LENGTH_HEADER='1503',REQUEST_PROTOCOL='h2',REQUEST_URL='https://fab.industries/sixgun/files/linuxoutlaws.jpg',
08-04 14:54:20.709 16763 16763 W Glide   : Load failed for http://sixgun.org/files/linuxoutlaws.jpg with size [224x224]
08-04 14:54:20.709 16763 16763 W Glide   : class com.bumptech.glide.load.engine.GlideException: Failed to load resource
08-04 14:54:20.709 16763 16763 W Glide   : There was 1 cause:
08-04 14:54:20.709 16763 16763 W Glide   : com.bumptech.glide.load.HttpException()
08-04 14:54:20.709 16763 16763 W Glide   :  call GlideException#logRootCauses(String) for more detail
08-04 14:54:20.709 16763 16763 W Glide   :   Cause (1 of 1): class com.bumptech.glide.load.engine.GlideException: Fetching data failed, class java.io.InputStream, REMOTE
08-04 14:54:20.709 16763 16763 W Glide   : There was 1 cause:
08-04 14:54:20.709 16763 16763 W Glide   : com.bumptech.glide.load.HttpException()
08-04 14:54:20.709 16763 16763 W Glide   :  call GlideException#logRootCauses(String) for more detail
08-04 14:54:20.709 16763 16763 W Glide   :     Cause (1 of 1): class com.bumptech.glide.load.HttpException: 
08-04 14:54:20.710 16763 16763 I Glide   : Root cause (1 of 1)
08-04 14:54:20.710 16763 16763 I Glide   : com.bumptech.glide.load.HttpException: 
08-04 14:54:20.710 16763 16763 I Glide   : 	at com.bumptech.glide.integration.okhttp3.OkHttpStreamFetcher.onResponse(OkHttpStreamFetcher.java:73)
08-04 14:54:20.710 16763 16763 I Glide   : 	at okhttp3.RealCall$AsyncCall.execute(RealCall.java:174)
08-04 14:54:20.710 16763 16763 I Glide   : 	at okhttp3.internal.NamedRunnable.run(NamedRunnable.java:32)
08-04 14:54:20.710 16763 16763 I Glide   : 	at java.util.concurrent.ThreadPoolExecutor.runWorker(ThreadPoolExecutor.java:1113)
08-04 14:54:20.710 16763 16763 I Glide   : 	at java.util.concurrent.ThreadPoolExecutor$Worker.run(ThreadPoolExecutor.java:588)
08-04 14:54:20.710 16763 16763 I Glide   : 	at java.lang.Thread.run(Thread.java:818)
08-04 14:54:20.710 16763 16763 W Glide   : Load failed for http://sixgun.org/files/linuxoutlaws.jpg with size [224x224]
08-04 14:54:20.710 16763 16763 W Glide   : class com.bumptech.glide.load.engine.GlideException: Failed to load resource
08-04 14:54:20.710 16763 16763 W Glide   : There was 1 cause:
08-04 14:54:20.710 16763 16763 W Glide   : com.bumptech.glide.load.HttpException()
08-04 14:54:20.710 16763 16763 W Glide   :  call GlideException#logRootCauses(String) for more detail
08-04 14:54:20.710 16763 16763 W Glide   :   Cause (1 of 1): class com.bumptech.glide.load.engine.GlideException: Fetching data failed, class java.io.InputStream, REMOTE
08-04 14:54:20.710 16763 16763 W Glide   : There was 1 cause:
08-04 14:54:20.710 16763 16763 W Glide   : com.bumptech.glide.load.HttpException()
08-04 14:54:20.710 16763 16763 W Glide   :  call GlideException#logRootCauses(String) for more detail
08-04 14:54:20.710 16763 16763 W Glide   :     Cause (1 of 1): class com.bumptech.glide.load.HttpException: 
08-04 14:54:20.710 16763 16763 I Glide   : Root cause (1 of 1)
08-04 14:54:20.710 16763 16763 I Glide   : com.bumptech.glide.load.HttpException: 
08-04 14:54:20.710 16763 16763 I Glide   : 	at com.bumptech.glide.integration.okhttp3.OkHttpStreamFetcher.onResponse(OkHttpStreamFetcher.java:73)
08-04 14:54:20.710 16763 16763 I Glide   : 	at okhttp3.RealCall$AsyncCall.execute(RealCall.java:174)
08-04 14:54:20.710 16763 16763 I Glide   : 	at okhttp3.internal.NamedRunnable.run(NamedRunnable.java:32)
08-04 14:54:20.710 16763 16763 I Glide   : 	at java.util.concurrent.ThreadPoolExecutor.runWorker(ThreadPoolExecutor.java:1113)
08-04 14:54:20.710 16763 16763 I Glide   : 	at java.util.concurrent.ThreadPoolExecutor$Worker.run(ThreadPoolExecutor.java:588)
08-04 14:54:20.710 16763 16763 I Glide   : 	at java.lang.Thread.run(Thread.java:818)
08-04 14:54:20.802 16763 19031 I art     : Starting a blocking GC Explicit
08-04 14:54:20.829   380   380 W SurfaceFlinger: couldn't log to binary event log: overflow.
08-04 14:54:20.842 16763 19031 I art     : Explicit concurrent mark sweep GC freed 3669(251KB) AllocSpace objects, 1(20KB) LOS objects, 23% free, 51MB/67MB, paused 1.256ms total 39.767ms
08-04 14:54:20.856 16763 19031 I art     : Starting a blocking GC Explicit
08-04 14:54:20.888 16763 19031 I art     : Explicit concurrent mark sweep GC freed 591(31KB) AllocSpace objects, 0(0B) LOS objects, 23% free, 51MB/67MB, paused 1.205ms total 31.627ms
08-04 14:54:20.897 16763 19031 I art     : Starting a blocking GC Explicit
08-04 14:54:20.932 16763 19031 I art     : Explicit concurrent mark sweep GC freed 2857(235KB) AllocSpace objects, 1(28KB) LOS objects, 23% free, 50MB/66MB, paused 1.196ms total 34.305ms
08-04 14:54:20.942 16763 19031 I art     : Starting a blocking GC Explicit
08-04 14:54:20.977 16763 19031 I art     : Explicit concurrent mark sweep GC freed 3(96B) AllocSpace objects, 0(0B) LOS objects, 23% free, 50MB/66MB, paused 1.206ms total 35.396ms
08-04 14:54:20.988 16763 19031 I art     : Starting a blocking GC Explicit
08-04 14:54:21.023 16763 19031 I art     : Explicit concurrent mark sweep GC freed 3(96B) AllocSpace objects, 0(0B) LOS objects, 23% free, 50MB/66MB, paused 1.210ms total 35.591ms
08-04 14:54:21.367 16763 18265 I art     : Starting a blocking GC Explicit
08-04 14:54:21.418 16763 18265 I art     : Explicit concurrent mark sweep GC freed 1412(82KB) AllocSpace objects, 1(20KB) LOS objects, 23% free, 50MB/66MB, paused 1.465ms total 51.130ms
08-04 14:54:21.431 16763 18265 I art     : Starting a blocking GC Explicit
08-04 14:54:21.468 16763 18265 I art     : Explicit concurrent mark sweep GC freed 23(752B) AllocSpace objects, 0(0B) LOS objects, 23% free, 50MB/66MB, paused 1.320ms total 36.180ms
08-04 14:54:21.478 16763 18265 I art     : Starting a blocking GC Explicit
08-04 14:54:21.514 16763 18265 I art     : Explicit concurrent mark sweep GC freed 3(96B) AllocSpace objects, 0(0B) LOS objects, 23% free, 50MB/66MB, paused 1.270ms total 35.697ms
08-04 14:54:21.525 16763 18265 I art     : Starting a blocking GC Explicit
08-04 14:54:21.561 16763 18265 I art     : Explicit concurrent mark sweep GC freed 3(96B) AllocSpace objects, 0(0B) LOS objects, 23% free, 50MB/66MB, paused 1.237ms total 35.819ms
08-04 14:54:21.571 16763 18265 I art     : Starting a blocking GC Explicit
08-04 14:54:21.607 16763 18265 I art     : Explicit concurrent mark sweep GC freed 3(96B) AllocSpace objects, 0(0B) LOS objects, 23% free, 50MB/66MB, paused 1.349ms total 35.637ms
08-04 14:54:21.909 16763 16785 I art     : Starting a blocking GC Explicit
08-04 14:54:21.950 16763 16785 I art     : Explicit concurrent mark sweep GC freed 1406(82KB) AllocSpace objects, 1(20KB) LOS objects, 23% free, 50MB/66MB, paused 1.395ms total 41.070ms
08-04 14:54:21.961 16763 16785 I art     : Starting a blocking GC Explicit
08-04 14:54:21.992 16763 16785 I art     : Explicit concurrent mark sweep GC freed 23(752B) AllocSpace objects, 0(0B) LOS objects, 23% free, 50MB/66MB, paused 1.164ms total 31.431ms
08-04 14:54:22.002 16763 16785 I art     : Starting a blocking GC Explicit
08-04 14:54:22.036 16763 16785 I art     : Explicit concurrent mark sweep GC freed 3(96B) AllocSpace objects, 0(0B) LOS objects, 23% free, 50MB/66MB, paused 1.203ms total 34.327ms
08-04 14:54:22.046 16763 16785 I art     : Starting a blocking GC Explicit
08-04 14:54:22.080 16763 16785 I art     : Explicit concurrent mark sweep GC freed 3(96B) AllocSpace objects, 0(0B) LOS objects, 23% free, 50MB/66MB, paused 1.223ms total 33.874ms
08-04 14:54:22.091 16763 16785 I art     : Starting a blocking GC Explicit
08-04 14:54:22.126 16763 16785 I art     : Explicit concurrent mark sweep GC freed 6(192B) AllocSpace objects, 0(0B) LOS objects, 23% free, 50MB/66MB, paused 1.367ms total 34.711ms
08-04 14:54:22.152 20215 20215 D AndroidRuntime: >>>>>> START com.android.internal.os.RuntimeInit uid 2000 <<<<<<
08-04 14:54:22.157 20215 20215 D AndroidRuntime: CheckJNI is OFF
08-04 14:54:22.190 20215 20215 D ICU     : No timezone override file found: /data/misc/zoneinfo/current/icu/icu_tzdata.dat
08-04 14:54:22.222 20215 20215 I Radio-JNI: register_android_hardware_Radio DONE
08-04 14:54:22.244 20215 20215 D AndroidRuntime: Calling main entry com.android.commands.input.Input
08-04 14:54:22.245 20215 20215 I Input   : injectKeyEvent: KeyEvent { action=ACTION_DOWN, keyCode=KEYCODE_BACK, scanCode=0, metaState=0, flags=0x0, repeatCount=0, eventTime=716078658, downTime=716078658, deviceId=-1, source=0x101 }
08-04 14:54:22.255 20215 20215 I Input   : injectKeyEvent: KeyEvent { action=ACTION_UP, keyCode=KEYCODE_BACK, scanCode=0, metaState=0, flags=0x0, repeatCount=0, eventTime=716078658, downTime=716078658, deviceId=-1, source=0x101 }
08-04 14:54:22.273 20215 20215 D AndroidRuntime: Shutting down VM
08-04 14:54:22.419 16763 18265 I art     : Starting a blocking GC Explicit
08-04 14:54:22.459 16763 18265 I art     : Explicit concurrent mark sweep GC freed 3627(173KB) AllocSpace objects, 1(20KB) LOS objects, 23% free, 50MB/66MB, paused 1.250ms total 39.709ms
08-04 14:54:22.469 16763 18265 I art     : Starting a blocking GC Explicit
08-04 14:54:22.504 16763 18265 I art     : Explicit concurrent mark sweep GC freed 5341(394KB) AllocSpace objects, 9(1620KB) LOS objects, 24% free, 49MB/65MB, paused 1.205ms total 34.826ms
08-04 14:54:22.514 16763 18265 I art     : Starting a blocking GC Explicit
08-04 14:54:22.548 16763 18265 I art     : Explicit concurrent mark sweep GC freed 3(96B) AllocSpace objects, 0(0B) LOS objects, 24% free, 49MB/65MB, paused 1.281ms total 33.462ms
08-04 14:54:22.558 16763 18265 I art     : Starting a blocking GC Explicit
08-04 14:54:22.592 16763 18265 I art     : Explicit concurrent mark sweep GC freed 3(96B) AllocSpace objects, 0(0B) LOS objects, 24% free, 49MB/65MB, paused 1.195ms total 33.289ms
08-04 14:54:22.602 16763 18265 I art     : Starting a blocking GC Explicit
08-04 14:54:22.636 16763 18265 I art     : Explicit concurrent mark sweep GC freed 3(96B) AllocSpace objects, 0(0B) LOS objects, 24% free, 49MB/65MB, paused 1.208ms total 33.673ms
08-04 14:54:22.970 16763 16785 I art     : Starting a blocking GC Explicit
08-04 14:54:23.013 16763 16785 I art     : Explicit concurrent mark sweep GC freed 1382(82KB) AllocSpace objects, 1(20KB) LOS objects, 24% free, 49MB/65MB, paused 1.307ms total 42.628ms
08-04 14:54:23.027 16763 16785 I art     : Starting a blocking GC Explicit
08-04 14:54:23.062 16763 16785 I art     : Explicit concurrent mark sweep GC freed 23(752B) AllocSpace objects, 0(0B) LOS objects, 24% free, 49MB/65MB, paused 1.218ms total 34.668ms
08-04 14:54:23.072 16763 16785 I art     : Starting a blocking GC Explicit
08-04 14:54:23.106 16763 16785 I art     : Explicit concurrent mark sweep GC freed 3(96B) AllocSpace objects, 0(0B) LOS objects, 24% free, 49MB/65MB, paused 1.202ms total 33.803ms
08-04 14:54:23.117 16763 16785 I art     : Starting a blocking GC Explicit
08-04 14:54:23.151 16763 16785 I art     : Explicit concurrent mark sweep GC freed 3(96B) AllocSpace objects, 0(0B) LOS objects, 24% free, 49MB/65MB, paused 1.259ms total 34.011ms
08-04 14:54:23.161 16763 16785 I art     : Starting a blocking GC Explicit
08-04 14:54:23.196 16763 16785 I art     : Explicit concurrent mark sweep GC freed 3(96B) AllocSpace objects, 0(0B) LOS objects, 24% free, 49MB/65MB, paused 1.235ms total 34.523ms
08-04 14:54:23.546 16763 16775 I art     : Starting a blocking GC Explicit
08-04 14:54:23.581 16763 16775 I art     : Explicit concurrent mark sweep GC freed 1411(83KB) AllocSpace objects, 1(20KB) LOS objects, 24% free, 49MB/65MB, paused 1.226ms total 34.493ms
08-04 14:54:23.592 16763 16775 I art     : Starting a blocking GC Explicit
08-04 14:54:23.617   918  3261 D WifiStateMachine: starting scan for "H369AA63323"WPA_PSK with 2412,5180
08-04 14:54:23.623 16763 16775 I art     : Explicit concurrent mark sweep GC freed 23(752B) AllocSpace objects, 0(0B) LOS objects, 24% free, 49MB/65MB, paused 1.198ms total 31.423ms
08-04 14:54:23.633 16763 16775 I art     : Starting a blocking GC Explicit
08-04 14:54:23.665 16763 16775 I art     : Explicit concurrent mark sweep GC freed 3(96B) AllocSpace objects, 0(0B) LOS objects, 24% free, 49MB/65MB, paused 1.269ms total 31.352ms
08-04 14:54:23.675 16763 16775 I art     : Starting a blocking GC Explicit
08-04 14:54:23.706 16763 16775 I art     : Explicit concurrent mark sweep GC freed 3(96B) AllocSpace objects, 0(0B) LOS objects, 24% free, 49MB/65MB, paused 1.175ms total 31.703ms
08-04 14:54:23.716 16763 16775 I art     : Starting a blocking GC Explicit
08-04 14:54:23.748 16763 16775 I art     : Explicit concurrent mark sweep GC freed 3(96B) AllocSpace objects, 0(0B) LOS objects, 24% free, 49MB/65MB, paused 1.228ms total 31.901ms
08-04 14:54:23.940 20268 20268 D AndroidRuntime: >>>>>> START com.android.internal.os.RuntimeInit uid 2000 <<<<<<
08-04 14:54:23.945 20268 20268 D AndroidRuntime: CheckJNI is OFF
08-04 14:54:23.978 20268 20268 D ICU     : No timezone override file found: /data/misc/zoneinfo/current/icu/icu_tzdata.dat
08-04 14:54:24.010 20268 20268 I Radio-JNI: register_android_hardware_Radio DONE
08-04 14:54:24.032 20268 20268 D AndroidRuntime: Calling main entry com.android.commands.input.Input
08-04 14:54:24.034 20268 20268 I Input   : injectMotionEvent: MotionEvent { action=ACTION_DOWN, actionButton=0, id[0]=0, x[0]=603.0, y[0]=1061.0, toolType[0]=TOOL_TYPE_UNKNOWN, buttonState=0, metaState=0, flags=0x0, edgeFlags=0x0, pointerCount=1, historySize=0, eventTime=716080447, downTime=716080447, deviceId=0, source=0x1002 }
08-04 14:54:24.039 20268 20268 I Input   : injectMotionEvent: MotionEvent { action=ACTION_UP, actionButton=0, id[0]=0, x[0]=603.0, y[0]=1061.0, toolType[0]=TOOL_TYPE_UNKNOWN, buttonState=0, metaState=0, flags=0x0, edgeFlags=0x0, pointerCount=1, historySize=0, eventTime=716080447, downTime=716080447, deviceId=0, source=0x1002 }
08-04 14:54:24.042 20268 20268 D AndroidRuntime: Shutting down VM
08-04 14:54:24.056   512  2967 D audio_hw_primary: out_set_parameters: enter: usecase(1: low-latency-playback) kvpairs: routing=2
08-04 14:54:24.067 16763 16776 I art     : Starting a blocking GC Explicit
08-04 14:54:24.069   512  2967 D audio_hw_primary: select_devices: out_snd_device(2: speaker) in_snd_device(0: none)
08-04 14:54:24.069   512  2967 D msm8974_platform: platform_send_audio_calibration: sending audio calibration for snd_device(2) acdb_id(15)
08-04 14:54:24.069   512  2967 I soundtrigger: audio_extn_sound_trigger_update_device_status: device 0x2 of type 0 for Event 1
08-04 14:54:24.080   512  2967 D audio_hw_primary: enable_snd_device: snd_device(2: speaker)
08-04 14:54:24.082   512  2967 D audio_hw_primary: enable_audio_route: apply and update mixer path: low-latency-playback speaker
08-04 14:54:24.106 16763 16776 I art     : Explicit concurrent mark sweep GC freed 3003(151KB) AllocSpace objects, 1(20KB) LOS objects, 24% free, 49MB/65MB, paused 2.340ms total 39.191ms
08-04 14:54:24.116 16763 16776 I art     : Starting a blocking GC Explicit
08-04 14:54:24.146 16763 16776 I art     : Explicit concurrent mark sweep GC freed 2857(127KB) AllocSpace objects, 1(220KB) LOS objects, 24% free, 49MB/65MB, paused 1.265ms total 30.514ms
08-04 14:54:24.156 16763 16776 I art     : Starting a blocking GC Explicit
08-04 14:54:24.162 16763 19286 I NAPPA_EXPERIMENTATION: MetricNetworkRequestExecutionTime: REQUEST_DURATION_SYSTEM='69',REQUEST_DURATION_OKHTTP='69',REQUEST_SYNCHRONOUS='TRUE',RESPONSE_CODE='200',RESPONSE_METHOD='GET',RESPONSE_LENGTH_OKHTTP='2923',RESPONSE_LENGTH_HEADER='2923',REQUEST_PROTOCOL='http/1.1',REQUEST_URL='https://gpodder.net/api/2/tags/50.json',
08-04 14:54:24.180 16763 20291 I NAPPA_EXPERIMENTATION: MetricNetworkRequestExecutionTime: REQUEST_DURATION_SYSTEM='91',REQUEST_DURATION_OKHTTP='90',REQUEST_SYNCHRONOUS='TRUE',RESPONSE_CODE='200',RESPONSE_METHOD='GET',RESPONSE_LENGTH_OKHTTP='37507',RESPONSE_LENGTH_HEADER='37507',REQUEST_PROTOCOL='http/1.1',REQUEST_URL='https://gpodder.net/toplist/50.json',
08-04 14:54:24.188 16763 16776 I art     : Explicit concurrent mark sweep GC freed 1399(99KB) AllocSpace objects, 0(0B) LOS objects, 24% free, 49MB/65MB, paused 1.437ms total 31.445ms
08-04 14:54:24.198 16763 16776 I art     : Starting a blocking GC Explicit
08-04 14:54:24.217 16763 17709 D ApOkHttpUrlLoader: buildLoadData() called with: model = [http://sixgun.org/files/linuxoutlaws.jpg], width = [224], height = [224]
08-04 14:54:24.219 16763 17520 D DBReader: getImageAuthentication() called with: imageUrl = [http://sixgun.org/files/linuxoutlaws.jpg]
08-04 14:54:24.221 16763 17520 D ApOkHttpUrlLoader: no credentials for 'http://sixgun.org/files/linuxoutlaws.jpg'
08-04 14:54:24.223 16763 17709 D ApOkHttpUrlLoader: buildLoadData() called with: model = [https://files.thisamericanlife.org/sites/all/themes/thislife/img/tal-name-1400x1400.png], width = [224], height = [224]
08-04 14:54:24.230 16763 17709 D ApOkHttpUrlLoader: buildLoadData() called with: model = [https://elroy.twit.tv/sites/default/files/styles/twit_album_art_2048x2048/public/images/shows/floss_weekly/album_art/audio/floss_albumart_mask.jpg?itok=IUjxKpwt], width = [224], height = [224]
08-04 14:54:24.232 16763 16776 I art     : Explicit concurrent mark sweep GC freed 3904(282KB) AllocSpace objects, 3(192KB) LOS objects, 24% free, 50MB/66MB, paused 1.700ms total 32.897ms
08-04 14:54:24.234 16763 17709 D ApOkHttpUrlLoader: buildLoadData() called with: model = [http://ichef.bbci.co.uk/images/ic/3000x3000/p07kfvzb.jpg], width = [224], height = [224]
08-04 14:54:24.239 16763 17709 D ApOkHttpUrlLoader: buildLoadData() called with: model = [https://pl.tedcdn.com/rss_feed_images/ted_talks_main_podcast/video.png], width = [224], height = [224]
08-04 14:54:24.241 16763 16776 I art     : Starting a blocking GC Explicit
08-04 14:54:24.244 16763 17709 D ApOkHttpUrlLoader: buildLoadData() called with: model = [https://elroy.twit.tv/sites/default/files/styles/twit_album_art_2048x2048/public/images/shows/this_week_in_tech/album_art/audio/twit1400audio.jpg?itok=J0vhatZb], width = [224], height = [224]
08-04 14:54:24.248 16763 17520 D DBWriter: updateFeedDownloadURL(original: http://sixgun.org/files/linuxoutlaws.jpg, updated: https://fab.industries/sixgun/files/linuxoutlaws.jpg)
08-04 14:54:24.248 16763 17709 D ApOkHttpUrlLoader: buildLoadData() called with: model = [http://ichef.bbci.co.uk/images/ic/3000x3000/p03gtk3j.jpg], width = [224], height = [224]
08-04 14:54:24.274 16763 16776 I art     : Explicit concurrent mark sweep GC freed 1102(52KB) AllocSpace objects, 0(0B) LOS objects, 23% free, 50MB/66MB, paused 1.729ms total 32.832ms
08-04 14:54:24.382 16763 17520 D MYTAG   : interceptor 2a
08-04 14:54:24.382 16763 17520 I NAPPA_EXPERIMENTATION: MetricNetworkRequestExecutionTime: REQUEST_DURATION_SYSTEM='161',REQUEST_DURATION_OKHTTP='131',REQUEST_SYNCHRONOUS='TRUE',RESPONSE_CODE='404',RESPONSE_METHOD='GET',RESPONSE_LENGTH_OKHTTP='-1',RESPONSE_LENGTH_HEADER='1503',REQUEST_PROTOCOL='h2',REQUEST_URL='https://fab.industries/sixgun/files/linuxoutlaws.jpg',
08-04 14:54:24.383 16763 16763 W Glide   : Load failed for http://sixgun.org/files/linuxoutlaws.jpg with size [224x224]
08-04 14:54:24.383 16763 16763 W Glide   : class com.bumptech.glide.load.engine.GlideException: Failed to load resource
08-04 14:54:24.383 16763 16763 W Glide   : There was 1 cause:
08-04 14:54:24.383 16763 16763 W Glide   : com.bumptech.glide.load.HttpException()
08-04 14:54:24.383 16763 16763 W Glide   :  call GlideException#logRootCauses(String) for more detail
08-04 14:54:24.383 16763 16763 W Glide   :   Cause (1 of 1): class com.bumptech.glide.load.engine.GlideException: Fetching data failed, class java.io.InputStream, REMOTE
08-04 14:54:24.383 16763 16763 W Glide   : There was 1 cause:
08-04 14:54:24.383 16763 16763 W Glide   : com.bumptech.glide.load.HttpException()
08-04 14:54:24.383 16763 16763 W Glide   :  call GlideException#logRootCauses(String) for more detail
08-04 14:54:24.383 16763 16763 W Glide   :     Cause (1 of 1): class com.bumptech.glide.load.HttpException: 
08-04 14:54:24.384 16763 16763 I Glide   : Root cause (1 of 1)
08-04 14:54:24.384 16763 16763 I Glide   : com.bumptech.glide.load.HttpException: 
08-04 14:54:24.384 16763 16763 I Glide   : 	at com.bumptech.glide.integration.okhttp3.OkHttpStreamFetcher.onResponse(OkHttpStreamFetcher.java:73)
08-04 14:54:24.384 16763 16763 I Glide   : 	at okhttp3.RealCall$AsyncCall.execute(RealCall.java:174)
08-04 14:54:24.384 16763 16763 I Glide   : 	at okhttp3.internal.NamedRunnable.run(NamedRunnable.java:32)
08-04 14:54:24.384 16763 16763 I Glide   : 	at java.util.concurrent.ThreadPoolExecutor.runWorker(ThreadPoolExecutor.java:1113)
08-04 14:54:24.384 16763 16763 I Glide   : 	at java.util.concurrent.ThreadPoolExecutor$Worker.run(ThreadPoolExecutor.java:588)
08-04 14:54:24.384 16763 16763 I Glide   : 	at java.lang.Thread.run(Thread.java:818)
08-04 14:54:24.384 16763 16763 W Glide   : Load failed for http://sixgun.org/files/linuxoutlaws.jpg with size [224x224]
08-04 14:54:24.384 16763 16763 W Glide   : class com.bumptech.glide.load.engine.GlideException: Failed to load resource
08-04 14:54:24.384 16763 16763 W Glide   : There was 1 cause:
08-04 14:54:24.384 16763 16763 W Glide   : com.bumptech.glide.load.HttpException()
08-04 14:54:24.384 16763 16763 W Glide   :  call GlideException#logRootCauses(String) for more detail
08-04 14:54:24.384 16763 16763 W Glide   :   Cause (1 of 1): class com.bumptech.glide.load.engine.GlideException: Fetching data failed, class java.io.InputStream, REMOTE
08-04 14:54:24.384 16763 16763 W Glide   : There was 1 cause:
08-04 14:54:24.384 16763 16763 W Glide   : com.bumptech.glide.load.HttpException()
08-04 14:54:24.384 16763 16763 W Glide   :  call GlideException#logRootCauses(String) for more detail
08-04 14:54:24.384 16763 16763 W Glide   :     Cause (1 of 1): class com.bumptech.glide.load.HttpException: 
08-04 14:54:24.384 16763 16763 I Glide   : Root cause (1 of 1)
08-04 14:54:24.384 16763 16763 I Glide   : com.bumptech.glide.load.HttpException: 
08-04 14:54:24.384 16763 16763 I Glide   : 	at com.bumptech.glide.integration.okhttp3.OkHttpStreamFetcher.onResponse(OkHttpStreamFetcher.java:73)
08-04 14:54:24.384 16763 16763 I Glide   : 	at okhttp3.RealCall$AsyncCall.execute(RealCall.java:174)
08-04 14:54:24.384 16763 16763 I Glide   : 	at okhttp3.internal.NamedRunnable.run(NamedRunnable.java:32)
08-04 14:54:24.384 16763 16763 I Glide   : 	at java.util.concurrent.ThreadPoolExecutor.runWorker(ThreadPoolExecutor.java:1113)
08-04 14:54:24.384 16763 16763 I Glide   : 	at java.util.concurrent.ThreadPoolExecutor$Worker.run(ThreadPoolExecutor.java:588)
08-04 14:54:24.384 16763 16763 I Glide   : 	at java.lang.Thread.run(Thread.java:818)
08-04 14:54:24.553 16763 16775 I art     : Starting a blocking GC Explicit
08-04 14:54:24.586 16763 16775 I art     : Explicit concurrent mark sweep GC freed 2377(171KB) AllocSpace objects, 1(20KB) LOS objects, 23% free, 50MB/66MB, paused 1.304ms total 32.825ms
08-04 14:54:24.596 16763 16775 I art     : Starting a blocking GC Explicit
08-04 14:54:24.619   512  2967 D audio_hw_primary: disable_audio_route: reset and update mixer path: low-latency-playback speaker
08-04 14:54:24.621   512  2967 D audio_hw_primary: disable_snd_device: snd_device(2: speaker)
08-04 14:54:24.629   512  2967 I soundtrigger: audio_extn_sound_trigger_update_device_status: device 0x2 of type 0 for Event 0
08-04 14:54:24.631 16763 16775 I art     : Explicit concurrent mark sweep GC freed 52(2032B) AllocSpace objects, 0(0B) LOS objects, 23% free, 50MB/66MB, paused 1.192ms total 34.723ms
08-04 14:54:24.641 16763 16775 I art     : Starting a blocking GC Explicit
08-04 14:54:24.673 16763 16775 I art     : Explicit concurrent mark sweep GC freed 3(96B) AllocSpace objects, 0(0B) LOS objects, 23% free, 50MB/66MB, paused 1.070ms total 31.623ms
08-04 14:54:24.683 16763 16775 I art     : Starting a blocking GC Explicit
08-04 14:54:24.716 16763 16775 I art     : Explicit concurrent mark sweep GC freed 3(96B) AllocSpace objects, 0(0B) LOS objects, 23% free, 50MB/66MB, paused 1.150ms total 32.873ms
08-04 14:54:24.726 16763 16775 I art     : Starting a blocking GC Explicit
08-04 14:54:24.758 16763 16775 I art     : Explicit concurrent mark sweep GC freed 3(96B) AllocSpace objects, 0(0B) LOS objects, 23% free, 50MB/66MB, paused 1.472ms total 31.959ms
08-04 14:54:25.088 16763 19031 I art     : Starting a blocking GC Explicit
08-04 14:54:25.133 16763 19031 I art     : Explicit concurrent mark sweep GC freed 1381(81KB) AllocSpace objects, 1(20KB) LOS objects, 23% free, 50MB/66MB, paused 1.310ms total 45.196ms
08-04 14:54:25.146 16763 19031 I art     : Starting a blocking GC Explicit
08-04 14:54:25.183 16763 19031 I art     : Explicit concurrent mark sweep GC freed 40(1344B) AllocSpace objects, 0(0B) LOS objects, 23% free, 50MB/66MB, paused 1.222ms total 36.542ms
08-04 14:54:25.194 16763 19031 I art     : Starting a blocking GC Explicit
08-04 14:54:25.231 16763 19031 I art     : Explicit concurrent mark sweep GC freed 3(96B) AllocSpace objects, 0(0B) LOS objects, 23% free, 50MB/66MB, paused 1.229ms total 36.642ms
08-04 14:54:25.242 16763 19031 I art     : Starting a blocking GC Explicit
08-04 14:54:25.278 16763 19031 I art     : Explicit concurrent mark sweep GC freed 3(96B) AllocSpace objects, 0(0B) LOS objects, 23% free, 50MB/66MB, paused 1.256ms total 35.708ms
08-04 14:54:25.288 16763 19031 I art     : Starting a blocking GC Explicit
08-04 14:54:25.310   518   646 I ThermalEngine: ACTION: GPU - Setting GPU[0] to 450000000
08-04 14:54:25.329 16763 19031 I art     : Explicit concurrent mark sweep GC freed 31(848B) AllocSpace objects, 0(0B) LOS objects, 23% free, 50MB/66MB, paused 1.629ms total 40.854ms
08-04 14:54:25.711 16763 18265 I art     : Starting a blocking GC Explicit
08-04 14:54:25.771 16763 18265 I art     : Explicit concurrent mark sweep GC freed 1382(81KB) AllocSpace objects, 1(20KB) LOS objects, 23% free, 50MB/66MB, paused 1.631ms total 59.606ms
08-04 14:54:25.784 16763 18265 I art     : Starting a blocking GC Explicit
08-04 14:54:25.831 16763 18265 I art     : Explicit concurrent mark sweep GC freed 26(848B) AllocSpace objects, 0(0B) LOS objects, 23% free, 50MB/66MB, paused 1.528ms total 46.747ms
08-04 14:54:25.847 16763 18265 I art     : Starting a blocking GC Explicit
08-04 14:54:25.893 16763 18265 I art     : Explicit concurrent mark sweep GC freed 19(608B) AllocSpace objects, 0(0B) LOS objects, 23% free, 50MB/66MB, paused 1.478ms total 45.449ms
08-04 14:54:25.907 16763 18265 I art     : Starting a blocking GC Explicit
08-04 14:54:25.947 16763 18265 I art     : Explicit concurrent mark sweep GC freed 32(1056B) AllocSpace objects, 0(0B) LOS objects, 23% free, 50MB/66MB, paused 1.491ms total 39.483ms
08-04 14:54:25.959 16763 18265 I art     : Starting a blocking GC Explicit
08-04 14:54:26.000 16763 18265 I art     : Explicit concurrent mark sweep GC freed 15(480B) AllocSpace objects, 0(0B) LOS objects, 23% free, 50MB/66MB, paused 1.840ms total 40.888ms
08-04 14:54:26.243 16655 16655 I ServiceManager: Waiting for service AtCmdFwd...
08-04 14:54:26.404 16763 16775 I art     : Starting a blocking GC Explicit
08-04 14:54:26.467 16763 16775 I art     : Explicit concurrent mark sweep GC freed 1423(82KB) AllocSpace objects, 1(20KB) LOS objects, 23% free, 50MB/66MB, paused 1.764ms total 62.021ms
08-04 14:54:26.483 16763 16775 I art     : Starting a blocking GC Explicit
08-04 14:54:26.532 16763 16775 I art     : Explicit concurrent mark sweep GC freed 23(752B) AllocSpace objects, 0(0B) LOS objects, 23% free, 50MB/66MB, paused 1.671ms total 48.953ms
08-04 14:54:26.546 16763 16775 I art     : Starting a blocking GC Explicit
08-04 14:54:26.592 16763 16775 I art     : Explicit concurrent mark sweep GC freed 3(96B) AllocSpace objects, 0(0B) LOS objects, 23% free, 50MB/66MB, paused 1.568ms total 45.807ms
08-04 14:54:26.605 16763 16775 I art     : Starting a blocking GC Explicit
08-04 14:54:26.653 16763 16775 I art     : Explicit concurrent mark sweep GC freed 3(96B) AllocSpace objects, 0(0B) LOS objects, 23% free, 50MB/66MB, paused 1.638ms total 47.839ms
08-04 14:54:26.667 16763 16775 I art     : Starting a blocking GC Explicit
08-04 14:54:26.714 16763 16775 I art     : Explicit concurrent mark sweep GC freed 3(96B) AllocSpace objects, 0(0B) LOS objects, 23% free, 50MB/66MB, paused 1.628ms total 46.704ms
08-04 14:54:27.094 16763 16785 I art     : Starting a blocking GC Explicit
08-04 14:54:27.151 16763 16785 I art     : Explicit concurrent mark sweep GC freed 1381(81KB) AllocSpace objects, 1(20KB) LOS objects, 23% free, 50MB/66MB, paused 1.775ms total 56.357ms
08-04 14:54:27.167 16763 16785 I art     : Starting a blocking GC Explicit
08-04 14:54:27.215 16763 16785 I art     : Explicit concurrent mark sweep GC freed 23(752B) AllocSpace objects, 0(0B) LOS objects, 23% free, 50MB/66MB, paused 1.588ms total 47.469ms
08-04 14:54:27.228 16763 16785 I art     : Starting a blocking GC Explicit
08-04 14:54:27.243 16655 16655 I ServiceManager: Waiting for service AtCmdFwd...
08-04 14:54:27.277 16763 16785 I art     : Explicit concurrent mark sweep GC freed 3(96B) AllocSpace objects, 0(0B) LOS objects, 23% free, 50MB/66MB, paused 1.715ms total 48.126ms
08-04 14:54:27.291 16763 16785 I art     : Starting a blocking GC Explicit
08-04 14:54:27.338 16763 16785 I art     : Explicit concurrent mark sweep GC freed 32(880B) AllocSpace objects, 0(0B) LOS objects, 23% free, 50MB/66MB, paused 1.766ms total 46.802ms
08-04 14:54:27.351 16763 16785 I art     : Starting a blocking GC Explicit
08-04 14:54:27.400 16763 16785 I art     : Explicit concurrent mark sweep GC freed 3(96B) AllocSpace objects, 0(0B) LOS objects, 23% free, 50MB/66MB, paused 1.703ms total 48.213ms
08-04 14:54:27.788 16763 18265 I art     : Starting a blocking GC Explicit
08-04 14:54:27.842 16763 18265 I art     : Explicit concurrent mark sweep GC freed 1382(82KB) AllocSpace objects, 1(20KB) LOS objects, 23% free, 50MB/66MB, paused 1.684ms total 53.559ms
08-04 14:54:27.855 16763 18265 I art     : Starting a blocking GC Explicit
08-04 14:54:27.905 16763 18265 I art     : Explicit concurrent mark sweep GC freed 23(752B) AllocSpace objects, 0(0B) LOS objects, 23% free, 50MB/66MB, paused 1.731ms total 49.265ms
08-04 14:54:27.922 16763 18265 I art     : Starting a blocking GC Explicit
08-04 14:54:27.970 16763 18265 I art     : Explicit concurrent mark sweep GC freed 3(96B) AllocSpace objects, 0(0B) LOS objects, 23% free, 50MB/66MB, paused 1.651ms total 48.211ms
08-04 14:54:27.983 16763 18265 I art     : Starting a blocking GC Explicit
08-04 14:54:28.033 16763 18265 I art     : Explicit concurrent mark sweep GC freed 3(96B) AllocSpace objects, 0(0B) LOS objects, 23% free, 50MB/66MB, paused 1.720ms total 49.705ms
08-04 14:54:28.050 16763 18265 I art     : Starting a blocking GC Explicit
08-04 14:54:28.098 16763 18265 I art     : Explicit concurrent mark sweep GC freed 3(96B) AllocSpace objects, 0(0B) LOS objects, 23% free, 50MB/66MB, paused 1.722ms total 47.259ms
08-04 14:54:28.244 16655 16655 I ServiceManager: Waiting for service AtCmdFwd...
08-04 14:54:28.316   518   646 I ThermalEngine: ACTION: GPU - Setting GPU[0] to 510000000
08-04 14:54:28.449 16763 19031 I art     : Starting a blocking GC Explicit
08-04 14:54:28.495 16763 19031 I art     : Explicit concurrent mark sweep GC freed 1413(82KB) AllocSpace objects, 1(20KB) LOS objects, 23% free, 50MB/66MB, paused 1.313ms total 45.295ms
08-04 14:54:28.507 16763 19031 I art     : Starting a blocking GC Explicit
08-04 14:54:28.544 16763 19031 I art     : Explicit concurrent mark sweep GC freed 23(752B) AllocSpace objects, 0(0B) LOS objects, 23% free, 50MB/66MB, paused 1.231ms total 36.660ms
08-04 14:54:28.554 16763 19031 I art     : Starting a blocking GC Explicit
08-04 14:54:28.591 16763 19031 I art     : Explicit concurrent mark sweep GC freed 3(96B) AllocSpace objects, 0(0B) LOS objects, 23% free, 50MB/66MB, paused 1.220ms total 36.079ms
08-04 14:54:28.601 16763 19031 I art     : Starting a blocking GC Explicit
08-04 14:54:28.639 16763 19031 I art     : Explicit concurrent mark sweep GC freed 3(96B) AllocSpace objects, 0(0B) LOS objects, 23% free, 50MB/66MB, paused 1.257ms total 36.922ms
08-04 14:54:28.649 16763 19031 I art     : Starting a blocking GC Explicit
08-04 14:54:28.685 16763 19031 I art     : Explicit concurrent mark sweep GC freed 3(96B) AllocSpace objects, 0(0B) LOS objects, 23% free, 50MB/66MB, paused 1.168ms total 35.726ms
08-04 14:54:29.051 16763 16776 I art     : Starting a blocking GC Explicit
08-04 14:54:29.104 16763 16776 I art     : Explicit concurrent mark sweep GC freed 1381(81KB) AllocSpace objects, 1(20KB) LOS objects, 23% free, 50MB/66MB, paused 1.357ms total 52.072ms
08-04 14:54:29.118 16763 16776 I art     : Starting a blocking GC Explicit
08-04 14:54:29.155 16763 16776 I art     : Explicit concurrent mark sweep GC freed 23(752B) AllocSpace objects, 0(0B) LOS objects, 23% free, 50MB/66MB, paused 1.236ms total 36.646ms
08-04 14:54:29.166 16763 16776 I art     : Starting a blocking GC Explicit
08-04 14:54:29.201 16763 16776 I art     : Explicit concurrent mark sweep GC freed 3(96B) AllocSpace objects, 0(0B) LOS objects, 23% free, 50MB/66MB, paused 1.198ms total 35.014ms
08-04 14:54:29.212 16763 16776 I art     : Starting a blocking GC Explicit
08-04 14:54:29.245 16655 16655 I ServiceManager: Waiting for service AtCmdFwd...
08-04 14:54:29.247 16763 16776 I art     : Explicit concurrent mark sweep GC freed 3(96B) AllocSpace objects, 0(0B) LOS objects, 23% free, 50MB/66MB, paused 1.273ms total 35.347ms
08-04 14:54:29.258 16763 16776 I art     : Starting a blocking GC Explicit
08-04 14:54:29.294 16763 16776 I art     : Explicit concurrent mark sweep GC freed 3(96B) AllocSpace objects, 0(0B) LOS objects, 23% free, 50MB/66MB, paused 1.216ms total 35.926ms
08-04 14:54:29.668 16763 16775 I art     : Starting a blocking GC Explicit
08-04 14:54:29.713 16763 16775 I art     : Explicit concurrent mark sweep GC freed 1410(81KB) AllocSpace objects, 1(20KB) LOS objects, 23% free, 50MB/66MB, paused 1.187ms total 44.479ms
08-04 14:54:29.724 16763 16775 I art     : Starting a blocking GC Explicit
08-04 14:54:29.761 16763 16775 I art     : Explicit concurrent mark sweep GC freed 23(752B) AllocSpace objects, 0(0B) LOS objects, 23% free, 50MB/66MB, paused 1.219ms total 36.694ms
08-04 14:54:29.771 16763 16775 I art     : Starting a blocking GC Explicit
08-04 14:54:29.808 16763 16775 I art     : Explicit concurrent mark sweep GC freed 3(96B) AllocSpace objects, 0(0B) LOS objects, 23% free, 50MB/66MB, paused 1.392ms total 36.132ms
08-04 14:54:29.818 16763 16775 I art     : Starting a blocking GC Explicit
08-04 14:54:29.854 16763 16775 I art     : Explicit concurrent mark sweep GC freed 3(96B) AllocSpace objects, 0(0B) LOS objects, 23% free, 50MB/66MB, paused 1.223ms total 35.620ms
08-04 14:54:29.865 16763 16775 I art     : Starting a blocking GC Explicit
08-04 14:54:29.901 16763 16775 I art     : Explicit concurrent mark sweep GC freed 3(96B) AllocSpace objects, 0(0B) LOS objects, 23% free, 50MB/66MB, paused 1.197ms total 35.712ms
08-04 14:54:30.245 16655 16655 I ServiceManager: Waiting for service AtCmdFwd...
08-04 14:54:30.262 16763 16785 I art     : Starting a blocking GC Explicit
08-04 14:54:30.307 16763 16785 I art     : Explicit concurrent mark sweep GC freed 1381(81KB) AllocSpace objects, 1(20KB) LOS objects, 23% free, 50MB/66MB, paused 1.344ms total 44.830ms
08-04 14:54:30.317 16763 16785 I art     : Starting a blocking GC Explicit
08-04 14:54:30.351 16763 16785 I art     : Explicit concurrent mark sweep GC freed 52(1536B) AllocSpace objects, 0(0B) LOS objects, 23% free, 50MB/66MB, paused 1.289ms total 33.585ms
08-04 14:54:30.361 16763 16785 I art     : Starting a blocking GC Explicit
08-04 14:54:30.395 16763 16785 I art     : Explicit concurrent mark sweep GC freed 3(96B) AllocSpace objects, 0(0B) LOS objects, 23% free, 50MB/66MB, paused 1.225ms total 33.570ms
08-04 14:54:30.405 16763 16785 I art     : Starting a blocking GC Explicit
08-04 14:54:30.438 16763 16785 I art     : Explicit concurrent mark sweep GC freed 3(96B) AllocSpace objects, 0(0B) LOS objects, 23% free, 50MB/66MB, paused 1.259ms total 33.266ms
08-04 14:54:30.448 16763 16785 I art     : Starting a blocking GC Explicit
08-04 14:54:30.482 16763 16785 I art     : Explicit concurrent mark sweep GC freed 3(96B) AllocSpace objects, 0(0B) LOS objects, 23% free, 50MB/66MB, paused 1.206ms total 33.487ms
08-04 14:54:30.684 20396 20396 D AndroidRuntime: >>>>>> START com.android.internal.os.RuntimeInit uid 2000 <<<<<<
08-04 14:54:30.689 20396 20396 D AndroidRuntime: CheckJNI is OFF
08-04 14:54:30.720 20396 20396 D ICU     : No timezone override file found: /data/misc/zoneinfo/current/icu/icu_tzdata.dat
08-04 14:54:30.752 20396 20396 I Radio-JNI: register_android_hardware_Radio DONE
08-04 14:54:30.774 20396 20396 D AndroidRuntime: Calling main entry com.android.commands.input.Input
08-04 14:54:30.776 20396 20396 I Input   : injectMotionEvent: MotionEvent { action=ACTION_DOWN, actionButton=0, id[0]=0, x[0]=526.0, y[0]=597.0, toolType[0]=TOOL_TYPE_UNKNOWN, buttonState=0, metaState=0, flags=0x0, edgeFlags=0x0, pointerCount=1, historySize=0, eventTime=716087188, downTime=716087188, deviceId=0, source=0x1002 }
08-04 14:54:30.780 20396 20396 I Input   : injectMotionEvent: MotionEvent { action=ACTION_UP, actionButton=0, id[0]=0, x[0]=526.0, y[0]=597.0, toolType[0]=TOOL_TYPE_UNKNOWN, buttonState=0, metaState=0, flags=0x0, edgeFlags=0x0, pointerCount=1, historySize=0, eventTime=716087188, downTime=716087188, deviceId=0, source=0x1002 }
08-04 14:54:30.782 20396 20396 D AndroidRuntime: Shutting down VM
08-04 14:54:30.819 16763 19031 I art     : Starting a blocking GC Explicit
08-04 14:54:30.847 16763 16763 D PodcastListFragment: Selected podcast: GpodnetPodcast [url=http://feeds.feedburner.com/linuxoutlaws, title=Linux Outlaws, description=Two pragmatic geeks talk about the latest news concerning Linux, free and open
08-04 14:54:30.847 16763 16763 D PodcastListFragment: technology or anything else they deem noteworthy which may include such absurd
08-04 14:54:30.847 16763 16763 D PodcastListFragment: things as hockey or bands you never heard of. This means there's many a joke
08-04 14:54:30.847 16763 16763 D PodcastListFragment: and derailed conversation along the way, so don't come here expecting only
08-04 14:54:30.847 16763 16763 D PodcastListFragment: Linux or software freedom talk  just sit back and relax, partner., subscribers=3321, logoUrl=http://sixgun.org/files/linuxoutlaws.jpg, website=http://sixgun.org, mygpoLink=http://gpodder.net/podcast/linux-outlaws-mp3]
08-04 14:54:30.848   918  6112 I ActivityManager: START u0 {cmp=baseline.de.danoeh.antennapod.debug/baseline.de.danoeh.antennapod.activity.OnlineFeedViewActivity (has extras)} from uid 10670 on display 0
08-04 14:54:30.850   512  2967 D audio_hw_primary: out_set_parameters: enter: usecase(1: low-latency-playback) kvpairs: routing=2
08-04 14:54:30.861 16763 19031 I art     : Explicit concurrent mark sweep GC freed 1429(92KB) AllocSpace objects, 1(20KB) LOS objects, 23% free, 50MB/66MB, paused 1.629ms total 41.494ms
08-04 14:54:30.863   512  2967 D audio_hw_primary: select_devices: out_snd_device(2: speaker) in_snd_device(0: none)
08-04 14:54:30.863   512  2967 D msm8974_platform: platform_send_audio_calibration: sending audio calibration for snd_device(2) acdb_id(15)
08-04 14:54:30.864   512  2967 I soundtrigger: audio_extn_sound_trigger_update_device_status: device 0x2 of type 0 for Event 1
08-04 14:54:30.873 16763 19031 I art     : Starting a blocking GC Explicit
08-04 14:54:30.875   512  2967 D audio_hw_primary: enable_snd_device: snd_device(2: speaker)
08-04 14:54:30.877   512  2967 D audio_hw_primary: enable_audio_route: apply and update mixer path: low-latency-playback speaker
08-04 14:54:30.884 16763 16763 D UserPreferences: Using default data folder
08-04 14:54:30.885 16763 16763 D OnlineFeedViewActivity: Activity was started with url http://feeds.feedburner.com/linuxoutlaws
08-04 14:54:30.887 16763 16763 D OnlineFeedViewActivity: Starting feed download
08-04 14:54:30.889 16763 16783 D DBReader: Extracting Feedlist
08-04 14:54:30.893   918  4400 D WifiService: acquireWifiLockLocked: WifiLock{Downloader type=1 binder=android.os.BinderProxy@df29a07}
08-04 14:54:30.894 16763 16783 D AntennapodHttpClient: Creating new instance of HTTP client
08-04 14:54:30.909 16763 19031 I art     : Explicit concurrent mark sweep GC freed 1229(89KB) AllocSpace objects, 0(0B) LOS objects, 23% free, 51MB/67MB, paused 1.312ms total 35.364ms
08-04 14:54:30.919 16763 19031 I art     : Starting a blocking GC Explicit
08-04 14:54:30.935 13866 13866 I GoogleInputMethodServic: GoogleInputMethodService.onFinishInput():3138 
08-04 14:54:30.936 13866 13866 I GoogleInputMethodServic: GoogleInputMethodService.onStartInput():1808 
08-04 14:54:30.951 16763 19031 I art     : Explicit concurrent mark sweep GC freed 428(18KB) AllocSpace objects, 0(0B) LOS objects, 23% free, 51MB/67MB, paused 1.485ms total 31.773ms
08-04 14:54:30.956   918   936 I ActivityManager: Displayed baseline.de.danoeh.antennapod.debug/baseline.de.danoeh.antennapod.activity.OnlineFeedViewActivity: +93ms
08-04 14:54:30.962 16763 19031 I art     : Starting a blocking GC Explicit
08-04 14:54:30.977 16763 16784 D OpenGLRenderer: endAllStagingAnimators on 0x7f7b3eb000 (GridView) with handle 0x7f768be780
08-04 14:54:30.994 16763 19031 I art     : Explicit concurrent mark sweep GC freed 72(3KB) AllocSpace objects, 0(0B) LOS objects, 23% free, 51MB/67MB, paused 1.585ms total 31.920ms
08-04 14:54:31.005 16763 19031 I art     : Starting a blocking GC Explicit
08-04 14:54:31.022 16763 16783 D MYTAG   : interceptor 3a http://feeds.feedburner.com/linuxoutlaws
08-04 14:54:31.022 16763 16783 I NAPPA_EXPERIMENTATION: MetricNetworkRequestExecutionTime: REQUEST_DURATION_SYSTEM='127',REQUEST_DURATION_OKHTTP='31',REQUEST_SYNCHRONOUS='TRUE',RESPONSE_CODE='200',RESPONSE_METHOD='GET',RESPONSE_LENGTH_OKHTTP='-1',RESPONSE_LENGTH_HEADER='-2',REQUEST_PROTOCOL='http/1.1',REQUEST_URL='http://feeds.feedburner.com/linuxoutlaws',
08-04 14:54:31.022 16763 16783 D HttpDownloader: Response code is 200
08-04 14:54:31.022 16763 16783 D UserPreferences: Using default data folder
08-04 14:54:31.024 16763 16783 D HttpDownloader: Getting size of download
08-04 14:54:31.024 16763 16783 D HttpDownloader: Size is -1
08-04 14:54:31.024 16763 16783 D UserPreferences: Using default data folder
08-04 14:54:31.025 16763 16783 D HttpDownloader: Free space is 20238352384
08-04 14:54:31.025 16763 16783 D HttpDownloader: Starting download
08-04 14:54:31.036 16763 19031 I art     : Explicit concurrent mark sweep GC freed 201(17KB) AllocSpace objects, 0(0B) LOS objects, 23% free, 51MB/67MB, paused 1.139ms total 31.368ms
08-04 14:54:31.049 16763 16783 D HttpDownloader: Download was successful
08-04 14:54:31.049   918  5481 D WifiService: releaseWifiLockLocked: WifiLock{Downloader type=1 binder=android.os.BinderProxy@df29a07}
08-04 14:54:31.050 16763 16763 D OnlineFeedViewActivity: Parsing feed
08-04 14:54:31.053 16763 20422 D TypeGetter: Recognized type RSS 2.0
08-04 14:54:31.054 16763 20422 D SyndHandler: Recognized Content namespace
08-04 14:54:31.054 16763 20422 D SyndHandler: Recognized DublinCore namespace
08-04 14:54:31.054 16763 20422 D SyndHandler: Recognized Atom namespace
08-04 14:54:31.054 16763 20422 D SyndHandler: Recognized ITunes namespace
08-04 14:54:31.054 16763 20422 D SyndHandler: Recognized media namespace
08-04 14:54:31.081 16763 20422 D OnlineFeedViewActivity: Deleted feed source file. Result: true
08-04 14:54:31.081 16763 16763 D OnlineFeedViewActivity: Removing HTML from shownotes
08-04 14:54:31.097 16763 17709 D ApOkHttpUrlLoader: buildLoadData() called with: model = [http://sixgun.org/files/linuxoutlaws.jpg], width = [350], height = [350]
08-04 14:54:31.099 16763 17520 D DBReader: getImageAuthentication() called with: imageUrl = [http://sixgun.org/files/linuxoutlaws.jpg]
08-04 14:54:31.102 16763 17520 D ApOkHttpUrlLoader: no credentials for 'http://sixgun.org/files/linuxoutlaws.jpg'
08-04 14:54:31.133 16763 17520 D DBWriter: updateFeedDownloadURL(original: http://sixgun.org/files/linuxoutlaws.jpg, updated: https://fab.industries/sixgun/files/linuxoutlaws.jpg)
08-04 14:54:31.209   380   380 W SurfaceFlinger: couldn't log to binary event log: overflow.
08-04 14:54:31.246 16655 16655 W Atfwd_Sendcmd: AtCmdFwd service not published, waiting... retryCnt : 5
08-04 14:54:31.267 16763 17520 D MYTAG   : interceptor 2a
08-04 14:54:31.268 16763 17520 I NAPPA_EXPERIMENTATION: MetricNetworkRequestExecutionTime: REQUEST_DURATION_SYSTEM='165',REQUEST_DURATION_OKHTTP='131',REQUEST_SYNCHRONOUS='TRUE',RESPONSE_CODE='404',RESPONSE_METHOD='GET',RESPONSE_LENGTH_OKHTTP='-1',RESPONSE_LENGTH_HEADER='1503',REQUEST_PROTOCOL='h2',REQUEST_URL='https://fab.industries/sixgun/files/linuxoutlaws.jpg',
08-04 14:54:31.269 16763 16763 W Glide   : Load failed for http://sixgun.org/files/linuxoutlaws.jpg with size [350x350]
08-04 14:54:31.269 16763 16763 W Glide   : class com.bumptech.glide.load.engine.GlideException: Failed to load resource
08-04 14:54:31.269 16763 16763 W Glide   : There was 1 cause:
08-04 14:54:31.269 16763 16763 W Glide   : com.bumptech.glide.load.HttpException()
08-04 14:54:31.269 16763 16763 W Glide   :  call GlideException#logRootCauses(String) for more detail
08-04 14:54:31.269 16763 16763 W Glide   :   Cause (1 of 1): class com.bumptech.glide.load.engine.GlideException: Fetching data failed, class java.io.InputStream, REMOTE
08-04 14:54:31.269 16763 16763 W Glide   : There was 1 cause:
08-04 14:54:31.269 16763 16763 W Glide   : com.bumptech.glide.load.HttpException()
08-04 14:54:31.269 16763 16763 W Glide   :  call GlideException#logRootCauses(String) for more detail
08-04 14:54:31.269 16763 16763 W Glide   :     Cause (1 of 1): class com.bumptech.glide.load.HttpException: 
08-04 14:54:31.269 16763 16763 I Glide   : Root cause (1 of 1)
08-04 14:54:31.269 16763 16763 I Glide   : com.bumptech.glide.load.HttpException: 
08-04 14:54:31.269 16763 16763 I Glide   : 	at com.bumptech.glide.integration.okhttp3.OkHttpStreamFetcher.onResponse(OkHttpStreamFetcher.java:73)
08-04 14:54:31.269 16763 16763 I Glide   : 	at okhttp3.RealCall$AsyncCall.execute(RealCall.java:174)
08-04 14:54:31.269 16763 16763 I Glide   : 	at okhttp3.internal.NamedRunnable.run(NamedRunnable.java:32)
08-04 14:54:31.269 16763 16763 I Glide   : 	at java.util.concurrent.ThreadPoolExecutor.runWorker(ThreadPoolExecutor.java:1113)
08-04 14:54:31.269 16763 16763 I Glide   : 	at java.util.concurrent.ThreadPoolExecutor$Worker.run(ThreadPoolExecutor.java:588)
08-04 14:54:31.269 16763 16763 I Glide   : 	at java.lang.Thread.run(Thread.java:818)
08-04 14:54:31.316 16763 16785 I art     : Starting a blocking GC Explicit
08-04 14:54:31.332 16763 16763 D PlaybackController: Releasing PlaybackController
08-04 14:54:31.355 16763 16785 I art     : Explicit concurrent mark sweep GC freed 7699(890KB) AllocSpace objects, 15(828KB) LOS objects, 23% free, 51MB/67MB, paused 1.310ms total 39.121ms
08-04 14:54:31.365 16763 16785 I art     : Starting a blocking GC Explicit
08-04 14:54:31.396 16763 16785 I art     : Explicit concurrent mark sweep GC freed 1171(53KB) AllocSpace objects, 1(112KB) LOS objects, 23% free, 51MB/67MB, paused 1.200ms total 31.666ms
08-04 14:54:31.407 16763 16785 I art     : Starting a blocking GC Explicit
08-04 14:54:31.409   512  2967 D audio_hw_primary: disable_audio_route: reset and update mixer path: low-latency-playback speaker
08-04 14:54:31.409   512  2967 D audio_hw_primary: disable_snd_device: snd_device(2: speaker)
08-04 14:54:31.417   512  2967 I soundtrigger: audio_extn_sound_trigger_update_device_status: device 0x2 of type 0 for Event 0
08-04 14:54:31.441 16763 16785 I art     : Explicit concurrent mark sweep GC freed 19(640B) AllocSpace objects, 0(0B) LOS objects, 23% free, 51MB/67MB, paused 1.213ms total 33.851ms
08-04 14:54:31.452 16763 16785 I art     : Starting a blocking GC Explicit
08-04 14:54:31.487 16763 16785 I art     : Explicit concurrent mark sweep GC freed 3(96B) AllocSpace objects, 0(0B) LOS objects, 23% free, 51MB/67MB, paused 1.277ms total 35.491ms
08-04 14:54:31.498 16763 16785 I art     : Starting a blocking GC Explicit
08-04 14:54:31.535 16763 16785 I art     : Explicit concurrent mark sweep GC freed 3(96B) AllocSpace objects, 0(0B) LOS objects, 23% free, 51MB/67MB, paused 1.238ms total 36.785ms
08-04 14:54:31.857 16763 18265 I art     : Starting a blocking GC Explicit
08-04 14:54:31.905 16763 18265 I art     : Explicit concurrent mark sweep GC freed 1381(81KB) AllocSpace objects, 1(20KB) LOS objects, 23% free, 51MB/67MB, paused 1.463ms total 47.657ms
08-04 14:54:31.918 16763 18265 I art     : Starting a blocking GC Explicit
08-04 14:54:31.955 16763 18265 I art     : Explicit concurrent mark sweep GC freed 23(768B) AllocSpace objects, 0(0B) LOS objects, 23% free, 51MB/67MB, paused 1.241ms total 37.201ms
08-04 14:54:31.966 16763 18265 I art     : Starting a blocking GC Explicit
08-04 14:54:32.004 16763 18265 I art     : Explicit concurrent mark sweep GC freed 3(96B) AllocSpace objects, 0(0B) LOS objects, 23% free, 51MB/67MB, paused 1.260ms total 37.950ms
08-04 14:54:32.015 16763 18265 I art     : Starting a blocking GC Explicit
08-04 14:54:32.053 16763 18265 I art     : Explicit concurrent mark sweep GC freed 3(96B) AllocSpace objects, 0(0B) LOS objects, 23% free, 51MB/67MB, paused 1.256ms total 37.846ms
08-04 14:54:32.064 16763 18265 I art     : Starting a blocking GC Explicit
08-04 14:54:32.101 16763 18265 I art     : Explicit concurrent mark sweep GC freed 3(96B) AllocSpace objects, 0(0B) LOS objects, 23% free, 51MB/67MB, paused 1.242ms total 37.096ms
08-04 14:54:32.430 16763 16776 I art     : Starting a blocking GC Explicit
08-04 14:54:32.472 16763 16776 I art     : Explicit concurrent mark sweep GC freed 1410(81KB) AllocSpace objects, 1(20KB) LOS objects, 23% free, 51MB/67MB, paused 1.561ms total 42.259ms
08-04 14:54:32.488 16763 16776 I art     : Starting a blocking GC Explicit
08-04 14:54:32.525 16763 16776 I art     : Explicit concurrent mark sweep GC freed 23(752B) AllocSpace objects, 0(0B) LOS objects, 23% free, 51MB/67MB, paused 1.231ms total 37.242ms
08-04 14:54:32.536 16763 16776 I art     : Starting a blocking GC Explicit
08-04 14:54:32.574 16763 16776 I art     : Explicit concurrent mark sweep GC freed 3(96B) AllocSpace objects, 0(0B) LOS objects, 23% free, 51MB/67MB, paused 1.262ms total 37.950ms
08-04 14:54:32.585 16763 16776 I art     : Starting a blocking GC Explicit
08-04 14:54:32.624 16763 16776 I art     : Explicit concurrent mark sweep GC freed 3(96B) AllocSpace objects, 0(0B) LOS objects, 23% free, 51MB/67MB, paused 1.259ms total 38.357ms
08-04 14:54:32.634 16763 16776 I art     : Starting a blocking GC Explicit
08-04 14:54:32.672 16763 16776 I art     : Explicit concurrent mark sweep GC freed 3(96B) AllocSpace objects, 0(0B) LOS objects, 23% free, 51MB/67MB, paused 1.245ms total 36.962ms
08-04 14:54:33.022 16763 16776 I art     : Starting a blocking GC Explicit
08-04 14:54:33.060 16763 16776 I art     : Explicit concurrent mark sweep GC freed 1411(82KB) AllocSpace objects, 1(20KB) LOS objects, 23% free, 51MB/67MB, paused 1.274ms total 37.622ms
08-04 14:54:33.071 16763 16776 I art     : Starting a blocking GC Explicit
08-04 14:54:33.107 16763 16776 I art     : Explicit concurrent mark sweep GC freed 23(752B) AllocSpace objects, 0(0B) LOS objects, 23% free, 51MB/67MB, paused 1.297ms total 35.940ms
08-04 14:54:33.117 16763 16776 I art     : Starting a blocking GC Explicit
08-04 14:54:33.154 16763 16776 I art     : Explicit concurrent mark sweep GC freed 3(96B) AllocSpace objects, 0(0B) LOS objects, 23% free, 51MB/67MB, paused 1.243ms total 36.445ms
08-04 14:54:33.164 16763 16776 I art     : Starting a blocking GC Explicit
08-04 14:54:33.202 16763 16776 I art     : Explicit concurrent mark sweep GC freed 3(96B) AllocSpace objects, 0(0B) LOS objects, 23% free, 51MB/67MB, paused 1.395ms total 37.429ms
08-04 14:54:33.213 16763 16776 I art     : Starting a blocking GC Explicit
08-04 14:54:33.251 16763 16776 I art     : Explicit concurrent mark sweep GC freed 3(96B) AllocSpace objects, 0(0B) LOS objects, 23% free, 51MB/67MB, paused 1.265ms total 38.019ms
08-04 14:54:33.596 16763 19031 I art     : Starting a blocking GC Explicit
08-04 14:54:33.648 16763 19031 I art     : Explicit concurrent mark sweep GC freed 1410(81KB) AllocSpace objects, 1(20KB) LOS objects, 23% free, 51MB/67MB, paused 1.345ms total 50.971ms
08-04 14:54:33.662 16763 19031 I art     : Starting a blocking GC Explicit
08-04 14:54:33.700 16763 19031 I art     : Explicit concurrent mark sweep GC freed 23(752B) AllocSpace objects, 0(0B) LOS objects, 23% free, 51MB/67MB, paused 1.243ms total 37.839ms
08-04 14:54:33.711 16763 19031 I art     : Starting a blocking GC Explicit
08-04 14:54:33.749 16763 19031 I art     : Explicit concurrent mark sweep GC freed 3(96B) AllocSpace objects, 0(0B) LOS objects, 23% free, 51MB/67MB, paused 1.308ms total 37.255ms
08-04 14:54:33.759 16763 19031 I art     : Starting a blocking GC Explicit
08-04 14:54:33.797 16763 19031 I art     : Explicit concurrent mark sweep GC freed 3(96B) AllocSpace objects, 0(0B) LOS objects, 23% free, 51MB/67MB, paused 1.330ms total 38.045ms
08-04 14:54:33.808 16763 19031 I art     : Starting a blocking GC Explicit
08-04 14:54:33.845 16763 19031 I art     : Explicit concurrent mark sweep GC freed 3(96B) AllocSpace objects, 0(0B) LOS objects, 23% free, 51MB/67MB, paused 1.229ms total 36.952ms
08-04 14:54:34.215 16763 16785 I art     : Starting a blocking GC Explicit
08-04 14:54:34.264 16763 16785 I art     : Explicit concurrent mark sweep GC freed 1382(83KB) AllocSpace objects, 1(20KB) LOS objects, 23% free, 51MB/67MB, paused 1.310ms total 48.687ms
08-04 14:54:34.277 16763 16785 I art     : Starting a blocking GC Explicit
08-04 14:54:34.315 16763 16785 I art     : Explicit concurrent mark sweep GC freed 23(752B) AllocSpace objects, 0(0B) LOS objects, 23% free, 51MB/67MB, paused 1.252ms total 38.120ms
08-04 14:54:34.326 16763 16785 I art     : Starting a blocking GC Explicit
08-04 14:54:34.364 16763 16785 I art     : Explicit concurrent mark sweep GC freed 32(880B) AllocSpace objects, 0(0B) LOS objects, 23% free, 51MB/67MB, paused 1.332ms total 37.560ms
08-04 14:54:34.375 16763 16785 I art     : Starting a blocking GC Explicit
08-04 14:54:34.413 16763 16785 I art     : Explicit concurrent mark sweep GC freed 3(96B) AllocSpace objects, 0(0B) LOS objects, 23% free, 51MB/67MB, paused 1.237ms total 37.542ms
08-04 14:54:34.423 16763 16785 I art     : Starting a blocking GC Explicit
08-04 14:54:34.461 16763 16785 I art     : Explicit concurrent mark sweep GC freed 3(96B) AllocSpace objects, 0(0B) LOS objects, 23% free, 51MB/67MB, paused 1.231ms total 37.207ms
08-04 14:54:34.831 16763 16775 I art     : Starting a blocking GC Explicit
08-04 14:54:34.881 16763 16775 I art     : Explicit concurrent mark sweep GC freed 1382(82KB) AllocSpace objects, 1(20KB) LOS objects, 23% free, 51MB/67MB, paused 1.398ms total 48.712ms
08-04 14:54:34.893 16763 16775 I art     : Starting a blocking GC Explicit
08-04 14:54:34.931 16763 16775 I art     : Explicit concurrent mark sweep GC freed 23(752B) AllocSpace objects, 0(0B) LOS objects, 23% free, 51MB/67MB, paused 1.234ms total 37.651ms
08-04 14:54:34.942 16763 16775 I art     : Starting a blocking GC Explicit
08-04 14:54:34.979 16763 16775 I art     : Explicit concurrent mark sweep GC freed 3(96B) AllocSpace objects, 0(0B) LOS objects, 23% free, 51MB/67MB, paused 1.274ms total 36.835ms
08-04 14:54:34.990 16763 16775 I art     : Starting a blocking GC Explicit
08-04 14:54:35.026 16763 16775 I art     : Explicit concurrent mark sweep GC freed 3(96B) AllocSpace objects, 0(0B) LOS objects, 23% free, 51MB/67MB, paused 1.177ms total 35.631ms
08-04 14:54:35.036 16763 16775 I art     : Starting a blocking GC Explicit
08-04 14:54:35.071 16763 16775 I art     : Explicit concurrent mark sweep GC freed 3(96B) AllocSpace objects, 0(0B) LOS objects, 23% free, 51MB/67MB, paused 1.285ms total 35.068ms
08-04 14:54:35.429 16763 18265 I art     : Starting a blocking GC Explicit
08-04 14:54:35.449 20496 20496 D AndroidRuntime: >>>>>> START com.android.internal.os.RuntimeInit uid 2000 <<<<<<
08-04 14:54:35.455 20496 20496 D AndroidRuntime: CheckJNI is OFF
08-04 14:54:35.472 16763 18265 I art     : Explicit concurrent mark sweep GC freed 1413(82KB) AllocSpace objects, 1(20KB) LOS objects, 23% free, 51MB/67MB, paused 1.294ms total 42.654ms
08-04 14:54:35.483 16763 18265 I art     : Starting a blocking GC Explicit
08-04 14:54:35.494 20496 20496 D ICU     : No timezone override file found: /data/misc/zoneinfo/current/icu/icu_tzdata.dat
08-04 14:54:35.517 16763 18265 I art     : Explicit concurrent mark sweep GC freed 23(752B) AllocSpace objects, 0(0B) LOS objects, 23% free, 51MB/67MB, paused 1.398ms total 34.441ms
08-04 14:54:35.528 16763 18265 I art     : Starting a blocking GC Explicit
08-04 14:54:35.530 20496 20496 I Radio-JNI: register_android_hardware_Radio DONE
08-04 14:54:35.552 20496 20496 D AndroidRuntime: Calling main entry com.android.commands.input.Input
08-04 14:54:35.553 20496 20496 I Input   : injectKeyEvent: KeyEvent { action=ACTION_DOWN, keyCode=KEYCODE_BACK, scanCode=0, metaState=0, flags=0x0, repeatCount=0, eventTime=716091966, downTime=716091966, deviceId=-1, source=0x101 }
08-04 14:54:35.560 16763 18265 I art     : Explicit concurrent mark sweep GC freed 8(528B) AllocSpace objects, 0(0B) LOS objects, 23% free, 51MB/67MB, paused 1.212ms total 31.836ms
08-04 14:54:35.560 20496 20496 I Input   : injectKeyEvent: KeyEvent { action=ACTION_UP, keyCode=KEYCODE_BACK, scanCode=0, metaState=0, flags=0x0, repeatCount=0, eventTime=716091966, downTime=716091966, deviceId=-1, source=0x101 }
08-04 14:54:35.566 20496 20496 D AndroidRuntime: Shutting down VM
08-04 14:54:35.569 16763 18265 I art     : Starting a blocking GC Explicit
08-04 14:54:35.571 16763 16763 V PlaybackController: initServiceNotRunning()
08-04 14:54:35.571 16763 16763 D ExternalPlayerFragment: Loading media info
08-04 14:54:35.572 16763 17709 D ApOkHttpUrlLoader: buildLoadData() called with: model = [http://sixgun.org/files/linuxoutlaws.jpg], width = [224], height = [224]
08-04 14:54:35.573 16763 17520 D DBReader: getImageAuthentication() called with: imageUrl = [http://sixgun.org/files/linuxoutlaws.jpg]
08-04 14:54:35.575 16763 17520 D ApOkHttpUrlLoader: no credentials for 'http://sixgun.org/files/linuxoutlaws.jpg'
08-04 14:54:35.578 16763 16763 D UserPreferences: Using default data folder
08-04 14:54:35.578 16763 16783 D DBReader: getNavDrawerData() called with: 
08-04 14:54:35.587 16763 16783 D DBReader: getDownloadedItems() called
08-04 14:54:35.589 16763 16783 D DBReader: getFavoriteIDList() called
08-04 14:54:35.589 16763 16783 D DBReader: getQueueIDList() called
08-04 14:54:35.590 16763 16783 D DBReader: Extracting Feedlist
08-04 14:54:35.602 16763 18265 I art     : Explicit concurrent mark sweep GC freed 887(63KB) AllocSpace objects, 0(0B) LOS objects, 23% free, 51MB/67MB, paused 1.225ms total 32.286ms
08-04 14:54:35.609 16763 16763 D MainActivity: getLastNavFragment() -> AddFeedFragment
08-04 14:54:35.609 13866 13866 I GoogleInputMethodServic: GoogleInputMethodService.onFinishInput():3138 
08-04 14:54:35.609 13866 13866 I GoogleInputMethodServic: GoogleInputMethodService.onStartInput():1808 
08-04 14:54:35.611 16763 18265 I art     : Starting a blocking GC Explicit
08-04 14:54:35.626 16763 17520 D DBWriter: updateFeedDownloadURL(original: http://sixgun.org/files/linuxoutlaws.jpg, updated: https://fab.industries/sixgun/files/linuxoutlaws.jpg)
08-04 14:54:35.645 16763 18265 I art     : Explicit concurrent mark sweep GC freed 1101(54KB) AllocSpace objects, 0(0B) LOS objects, 23% free, 51MB/67MB, paused 1.232ms total 32.947ms
08-04 14:54:35.758 16763 17520 D MYTAG   : interceptor 2a
08-04 14:54:35.759 16763 17520 I NAPPA_EXPERIMENTATION: MetricNetworkRequestExecutionTime: REQUEST_DURATION_SYSTEM='183',REQUEST_DURATION_OKHTTP='129',REQUEST_SYNCHRONOUS='TRUE',RESPONSE_CODE='404',RESPONSE_METHOD='GET',RESPONSE_LENGTH_OKHTTP='-1',RESPONSE_LENGTH_HEADER='1503',REQUEST_PROTOCOL='h2',REQUEST_URL='https://fab.industries/sixgun/files/linuxoutlaws.jpg',
08-04 14:54:35.760 16763 16763 W Glide   : Load failed for http://sixgun.org/files/linuxoutlaws.jpg with size [224x224]
08-04 14:54:35.760 16763 16763 W Glide   : class com.bumptech.glide.load.engine.GlideException: Failed to load resource
08-04 14:54:35.760 16763 16763 W Glide   : There was 1 cause:
08-04 14:54:35.760 16763 16763 W Glide   : com.bumptech.glide.load.HttpException()
08-04 14:54:35.760 16763 16763 W Glide   :  call GlideException#logRootCauses(String) for more detail
08-04 14:54:35.760 16763 16763 W Glide   :   Cause (1 of 1): class com.bumptech.glide.load.engine.GlideException: Fetching data failed, class java.io.InputStream, REMOTE
08-04 14:54:35.760 16763 16763 W Glide   : There was 1 cause:
08-04 14:54:35.760 16763 16763 W Glide   : com.bumptech.glide.load.HttpException()
08-04 14:54:35.760 16763 16763 W Glide   :  call GlideException#logRootCauses(String) for more detail
08-04 14:54:35.760 16763 16763 W Glide   :     Cause (1 of 1): class com.bumptech.glide.load.HttpException: 
08-04 14:54:35.760 16763 16763 I Glide   : Root cause (1 of 1)
08-04 14:54:35.760 16763 16763 I Glide   : com.bumptech.glide.load.HttpException: 
08-04 14:54:35.760 16763 16763 I Glide   : 	at com.bumptech.glide.integration.okhttp3.OkHttpStreamFetcher.onResponse(OkHttpStreamFetcher.java:73)
08-04 14:54:35.760 16763 16763 I Glide   : 	at okhttp3.RealCall$AsyncCall.execute(RealCall.java:174)
08-04 14:54:35.760 16763 16763 I Glide   : 	at okhttp3.internal.NamedRunnable.run(NamedRunnable.java:32)
08-04 14:54:35.760 16763 16763 I Glide   : 	at java.util.concurrent.ThreadPoolExecutor.runWorker(ThreadPoolExecutor.java:1113)
08-04 14:54:35.760 16763 16763 I Glide   : 	at java.util.concurrent.ThreadPoolExecutor$Worker.run(ThreadPoolExecutor.java:588)
08-04 14:54:35.760 16763 16763 I Glide   : 	at java.lang.Thread.run(Thread.java:818)
08-04 14:54:35.761 16763 16763 W Glide   : Load failed for http://sixgun.org/files/linuxoutlaws.jpg with size [224x224]
08-04 14:54:35.761 16763 16763 W Glide   : class com.bumptech.glide.load.engine.GlideException: Failed to load resource
08-04 14:54:35.761 16763 16763 W Glide   : There was 1 cause:
08-04 14:54:35.761 16763 16763 W Glide   : com.bumptech.glide.load.HttpException()
08-04 14:54:35.761 16763 16763 W Glide   :  call GlideException#logRootCauses(String) for more detail
08-04 14:54:35.761 16763 16763 W Glide   :   Cause (1 of 1): class com.bumptech.glide.load.engine.GlideException: Fetching data failed, class java.io.InputStream, REMOTE
08-04 14:54:35.761 16763 16763 W Glide   : There was 1 cause:
08-04 14:54:35.761 16763 16763 W Glide   : com.bumptech.glide.load.HttpException()
08-04 14:54:35.761 16763 16763 W Glide   :  call GlideException#logRootCauses(String) for more detail
08-04 14:54:35.761 16763 16763 W Glide   :     Cause (1 of 1): class com.bumptech.glide.load.HttpException: 
08-04 14:54:35.761 16763 16763 I Glide   : Root cause (1 of 1)
08-04 14:54:35.761 16763 16763 I Glide   : com.bumptech.glide.load.HttpException: 
08-04 14:54:35.761 16763 16763 I Glide   : 	at com.bumptech.glide.integration.okhttp3.OkHttpStreamFetcher.onResponse(OkHttpStreamFetcher.java:73)
08-04 14:54:35.761 16763 16763 I Glide   : 	at okhttp3.RealCall$AsyncCall.execute(RealCall.java:174)
08-04 14:54:35.761 16763 16763 I Glide   : 	at okhttp3.internal.NamedRunnable.run(NamedRunnable.java:32)
08-04 14:54:35.761 16763 16763 I Glide   : 	at java.util.concurrent.ThreadPoolExecutor.runWorker(ThreadPoolExecutor.java:1113)
08-04 14:54:35.761 16763 16763 I Glide   : 	at java.util.concurrent.ThreadPoolExecutor$Worker.run(ThreadPoolExecutor.java:588)
08-04 14:54:35.761 16763 16763 I Glide   : 	at java.lang.Thread.run(Thread.java:818)
08-04 14:54:35.930   380   380 W SurfaceFlinger: couldn't log to binary event log: overflow.
08-04 14:54:35.964 16763 16785 I art     : Starting a blocking GC Explicit
08-04 14:54:35.998 16763 16785 I art     : Explicit concurrent mark sweep GC freed 2697(191KB) AllocSpace objects, 1(20KB) LOS objects, 23% free, 51MB/67MB, paused 1.271ms total 33.182ms
08-04 14:54:36.007 16763 16785 I art     : Starting a blocking GC Explicit
08-04 14:54:36.040 16763 16785 I art     : Explicit concurrent mark sweep GC freed 2947(241KB) AllocSpace objects, 1(28KB) LOS objects, 23% free, 50MB/66MB, paused 1.229ms total 32.830ms
08-04 14:54:36.051 16763 16785 I art     : Starting a blocking GC Explicit
08-04 14:54:36.085 16763 16785 I art     : Explicit concurrent mark sweep GC freed 3(96B) AllocSpace objects, 0(0B) LOS objects, 23% free, 50MB/66MB, paused 1.219ms total 34.571ms
08-04 14:54:36.096 16763 16785 I art     : Starting a blocking GC Explicit
08-04 14:54:36.132 16763 16785 I art     : Explicit concurrent mark sweep GC freed 3(96B) AllocSpace objects, 0(0B) LOS objects, 23% free, 50MB/66MB, paused 1.249ms total 35.789ms
08-04 14:54:36.142 16763 16785 I art     : Starting a blocking GC Explicit
08-04 14:54:36.178 16763 16785 I art     : Explicit concurrent mark sweep GC freed 3(96B) AllocSpace objects, 0(0B) LOS objects, 23% free, 50MB/66MB, paused 1.285ms total 35.510ms
08-04 14:54:36.510 16763 19031 I art     : Starting a blocking GC Explicit
08-04 14:54:36.557 16763 19031 I art     : Explicit concurrent mark sweep GC freed 1412(82KB) AllocSpace objects, 1(20KB) LOS objects, 23% free, 50MB/66MB, paused 1.468ms total 46.121ms
08-04 14:54:36.569 16763 19031 I art     : Starting a blocking GC Explicit
08-04 14:54:36.606 16763 19031 I art     : Explicit concurrent mark sweep GC freed 23(752B) AllocSpace objects, 0(0B) LOS objects, 23% free, 50MB/66MB, paused 1.249ms total 36.310ms
08-04 14:54:36.617 16763 19031 I art     : Starting a blocking GC Explicit
08-04 14:54:36.653 16763 19031 I art     : Explicit concurrent mark sweep GC freed 3(96B) AllocSpace objects, 0(0B) LOS objects, 23% free, 50MB/66MB, paused 1.260ms total 36.694ms
08-04 14:54:36.664 16763 19031 I art     : Starting a blocking GC Explicit
08-04 14:54:36.700 16763 19031 I art     : Explicit concurrent mark sweep GC freed 3(96B) AllocSpace objects, 0(0B) LOS objects, 23% free, 50MB/66MB, paused 1.225ms total 35.717ms
08-04 14:54:36.710 16763 19031 I art     : Starting a blocking GC Explicit
08-04 14:54:36.747 16763 19031 I art     : Explicit concurrent mark sweep GC freed 3(96B) AllocSpace objects, 0(0B) LOS objects, 23% free, 50MB/66MB, paused 1.222ms total 35.881ms
08-04 14:54:37.049 16763 18265 I art     : Starting a blocking GC Explicit
08-04 14:54:37.085 16763 18265 I art     : Explicit concurrent mark sweep GC freed 1383(81KB) AllocSpace objects, 1(20KB) LOS objects, 23% free, 50MB/66MB, paused 1.412ms total 36.578ms
08-04 14:54:37.096 16763 18265 I art     : Starting a blocking GC Explicit
08-04 14:54:37.130 16763 18265 I art     : Explicit concurrent mark sweep GC freed 23(752B) AllocSpace objects, 0(0B) LOS objects, 23% free, 50MB/66MB, paused 1.202ms total 33.849ms
08-04 14:54:37.140 16763 18265 I art     : Starting a blocking GC Explicit
08-04 14:54:37.174 16763 18265 I art     : Explicit concurrent mark sweep GC freed 3(96B) AllocSpace objects, 0(0B) LOS objects, 23% free, 50MB/66MB, paused 1.232ms total 33.945ms
08-04 14:54:37.184 16763 18265 I art     : Starting a blocking GC Explicit
08-04 14:54:37.219 16763 18265 I art     : Explicit concurrent mark sweep GC freed 10(320B) AllocSpace objects, 0(0B) LOS objects, 23% free, 50MB/66MB, paused 1.223ms total 35.049ms
08-04 14:54:37.230 16763 18265 I art     : Starting a blocking GC Explicit
08-04 14:54:37.235 20543 20543 D AndroidRuntime: >>>>>> START com.android.internal.os.RuntimeInit uid 2000 <<<<<<
08-04 14:54:37.240 20543 20543 D AndroidRuntime: CheckJNI is OFF
08-04 14:54:37.263 16763 18265 I art     : Explicit concurrent mark sweep GC freed 11(352B) AllocSpace objects, 0(0B) LOS objects, 23% free, 50MB/66MB, paused 1.207ms total 31.960ms
08-04 14:54:37.275 20543 20543 D ICU     : No timezone override file found: /data/misc/zoneinfo/current/icu/icu_tzdata.dat
08-04 14:54:37.305 20543 20543 I Radio-JNI: register_android_hardware_Radio DONE
08-04 14:54:37.326 20543 20543 D AndroidRuntime: Calling main entry com.android.commands.input.Input
08-04 14:54:37.328 20543 20543 I Input   : injectKeyEvent: KeyEvent { action=ACTION_DOWN, keyCode=KEYCODE_BACK, scanCode=0, metaState=0, flags=0x0, repeatCount=0, eventTime=716093741, downTime=716093741, deviceId=-1, source=0x101 }
08-04 14:54:37.336 20543 20543 I Input   : injectKeyEvent: KeyEvent { action=ACTION_UP, keyCode=KEYCODE_BACK, scanCode=0, metaState=0, flags=0x0, repeatCount=0, eventTime=716093741, downTime=716093741, deviceId=-1, source=0x101 }
08-04 14:54:37.353 20543 20543 D AndroidRuntime: Shutting down VM
08-04 14:54:37.548 16763 19031 I art     : Starting a blocking GC Explicit
08-04 14:54:37.587 16763 19031 I art     : Explicit concurrent mark sweep GC freed 3614(173KB) AllocSpace objects, 1(20KB) LOS objects, 23% free, 50MB/66MB, paused 1.240ms total 39.401ms
08-04 14:54:37.597 16763 19031 I art     : Starting a blocking GC Explicit
08-04 14:54:37.631 16763 19031 I art     : Explicit concurrent mark sweep GC freed 5335(394KB) AllocSpace objects, 9(1620KB) LOS objects, 24% free, 49MB/65MB, paused 1.227ms total 33.466ms
08-04 14:54:37.641 16763 19031 I art     : Starting a blocking GC Explicit
08-04 14:54:37.674 16763 19031 I art     : Explicit concurrent mark sweep GC freed 3(96B) AllocSpace objects, 0(0B) LOS objects, 24% free, 49MB/65MB, paused 1.347ms total 33.177ms
08-04 14:54:37.684 16763 19031 I art     : Starting a blocking GC Explicit
08-04 14:54:37.718 16763 19031 I art     : Explicit concurrent mark sweep GC freed 3(96B) AllocSpace objects, 0(0B) LOS objects, 24% free, 49MB/65MB, paused 1.254ms total 33.870ms
08-04 14:54:37.729 16763 19031 I art     : Starting a blocking GC Explicit
08-04 14:54:37.762 16763 19031 I art     : Explicit concurrent mark sweep GC freed 3(96B) AllocSpace objects, 0(0B) LOS objects, 24% free, 49MB/65MB, paused 1.243ms total 33.307ms
08-04 14:54:38.110 16763 18265 I art     : Starting a blocking GC Explicit
08-04 14:54:38.153 16763 18265 I art     : Explicit concurrent mark sweep GC freed 1382(82KB) AllocSpace objects, 1(20KB) LOS objects, 24% free, 49MB/65MB, paused 1.375ms total 43.047ms
08-04 14:54:38.168 16763 18265 I art     : Starting a blocking GC Explicit
08-04 14:54:38.203 16763 18265 I art     : Explicit concurrent mark sweep GC freed 23(768B) AllocSpace objects, 0(0B) LOS objects, 24% free, 49MB/65MB, paused 1.277ms total 34.765ms
08-04 14:54:38.213 16763 18265 I art     : Starting a blocking GC Explicit
08-04 14:54:38.248 16763 18265 I art     : Explicit concurrent mark sweep GC freed 3(96B) AllocSpace objects, 0(0B) LOS objects, 24% free, 49MB/65MB, paused 1.422ms total 34.968ms
08-04 14:54:38.259 16763 18265 I art     : Starting a blocking GC Explicit
08-04 14:54:38.294 16763 18265 I art     : Explicit concurrent mark sweep GC freed 3(96B) AllocSpace objects, 0(0B) LOS objects, 24% free, 49MB/65MB, paused 1.253ms total 34.760ms
08-04 14:54:38.304 16763 18265 I art     : Starting a blocking GC Explicit
08-04 14:54:38.339 16763 18265 I art     : Explicit concurrent mark sweep GC freed 32(880B) AllocSpace objects, 0(0B) LOS objects, 24% free, 49MB/65MB, paused 1.330ms total 34.536ms
08-04 14:54:38.659 16763 16776 I art     : Starting a blocking GC Explicit
08-04 14:54:38.693 16763 16776 I art     : Explicit concurrent mark sweep GC freed 1382(83KB) AllocSpace objects, 1(20KB) LOS objects, 24% free, 49MB/65MB, paused 1.297ms total 34.112ms
08-04 14:54:38.704 16763 16776 I art     : Starting a blocking GC Explicit
08-04 14:54:38.736 16763 16776 I art     : Explicit concurrent mark sweep GC freed 23(752B) AllocSpace objects, 0(0B) LOS objects, 24% free, 49MB/65MB, paused 1.249ms total 32.061ms
08-04 14:54:38.746 16763 16776 I art     : Starting a blocking GC Explicit
08-04 14:54:38.778 16763 16776 I art     : Explicit concurrent mark sweep GC freed 3(96B) AllocSpace objects, 0(0B) LOS objects, 24% free, 49MB/65MB, paused 1.324ms total 32.008ms
08-04 14:54:38.788 16763 16776 I art     : Starting a blocking GC Explicit
08-04 14:54:38.820 16763 16776 I art     : Explicit concurrent mark sweep GC freed 3(96B) AllocSpace objects, 0(0B) LOS objects, 24% free, 49MB/65MB, paused 1.235ms total 31.299ms
08-04 14:54:38.829 16763 16776 I art     : Starting a blocking GC Explicit
08-04 14:54:38.861 16763 16776 I art     : Explicit concurrent mark sweep GC freed 3(96B) AllocSpace objects, 0(0B) LOS objects, 24% free, 49MB/65MB, paused 1.246ms total 32.080ms
08-04 14:54:39.045 20608 20608 D AndroidRuntime: >>>>>> START com.android.internal.os.RuntimeInit uid 2000 <<<<<<
08-04 14:54:39.050 20608 20608 D AndroidRuntime: CheckJNI is OFF
08-04 14:54:39.082 20608 20608 D ICU     : No timezone override file found: /data/misc/zoneinfo/current/icu/icu_tzdata.dat
08-04 14:54:39.114 20608 20608 I Radio-JNI: register_android_hardware_Radio DONE
08-04 14:54:39.136 20608 20608 D AndroidRuntime: Calling main entry com.android.commands.am.Am
08-04 14:54:39.141  2375  2375 I Trepn   : Trepn 6.2s: Received intent: com.quicinc.trepn.stop_profiling
08-04 14:54:39.163  2375  2375 I Trepn   : Trepn 6.2s: Trepn has Stopped Profiling.
08-04 14:54:39.205 16763 16785 I art     : Starting a blocking GC Explicit
08-04 14:54:39.238 16763 16785 I art     : Explicit concurrent mark sweep GC freed 1413(82KB) AllocSpace objects, 1(20KB) LOS objects, 24% free, 49MB/65MB, paused 1.282ms total 32.463ms
08-04 14:54:39.249 16763 16785 I art     : Starting a blocking GC Explicit
08-04 14:54:39.282 16763 16785 I art     : Explicit concurrent mark sweep GC freed 23(752B) AllocSpace objects, 0(0B) LOS objects, 24% free, 49MB/65MB, paused 1.177ms total 32.620ms
08-04 14:54:39.292 16763 16785 I art     : Starting a blocking GC Explicit
08-04 14:54:39.323 16763 16785 I art     : Explicit concurrent mark sweep GC freed 3(96B) AllocSpace objects, 0(0B) LOS objects, 24% free, 49MB/65MB, paused 1.213ms total 31.021ms
08-04 14:54:39.327 20608 20608 D AndroidRuntime: Shutting down VM
08-04 14:54:39.331   918  6110 W AppOps  : Finishing op nesting under-run: uid 10078 pkg com.quicinc.trepn code 24 time=0 duration=0 nesting=0
08-04 14:54:39.333 16763 16785 I art     : Starting a blocking GC Explicit
08-04 14:54:39.361 16763 16785 I art     : Explicit concurrent mark sweep GC freed 32(880B) AllocSpace objects, 0(0B) LOS objects, 24% free, 49MB/65MB, paused 1.058ms total 27.902ms
08-04 14:54:39.370 16763 16785 I art     : Starting a blocking GC Explicit
08-04 14:54:39.398 16763 16785 I art     : Explicit concurrent mark sweep GC freed 3(96B) AllocSpace objects, 0(0B) LOS objects, 24% free, 49MB/65MB, paused 1.145ms total 27.615ms
08-04 14:54:39.709 16763 19031 I art     : Starting a blocking GC Explicit
08-04 14:54:39.743 16763 19031 I art     : Explicit concurrent mark sweep GC freed 1380(81KB) AllocSpace objects, 1(20KB) LOS objects, 24% free, 49MB/65MB, paused 1.184ms total 34.129ms
08-04 14:54:39.754 16763 19031 I art     : Starting a blocking GC Explicit
08-04 14:54:39.787 16763 19031 I art     : Explicit concurrent mark sweep GC freed 23(752B) AllocSpace objects, 0(0B) LOS objects, 24% free, 49MB/65MB, paused 1.194ms total 32.632ms
08-04 14:54:39.797 16763 19031 I art     : Starting a blocking GC Explicit
08-04 14:54:39.828 16763 19031 I art     : Explicit concurrent mark sweep GC freed 3(96B) AllocSpace objects, 0(0B) LOS objects, 24% free, 49MB/65MB, paused 1.171ms total 31.597ms
08-04 14:54:39.838 16763 19031 I art     : Starting a blocking GC Explicit
08-04 14:54:39.870 16763 19031 I art     : Explicit concurrent mark sweep GC freed 3(96B) AllocSpace objects, 0(0B) LOS objects, 24% free, 49MB/65MB, paused 1.128ms total 31.777ms
08-04 14:54:39.880 16763 19031 I art     : Starting a blocking GC Explicit
08-04 14:54:39.912 16763 19031 I art     : Explicit concurrent mark sweep GC freed 3(96B) AllocSpace objects, 0(0B) LOS objects, 24% free, 49MB/65MB, paused 1.140ms total 31.711ms
08-04 14:54:40.337   518   646 I ThermalEngine: ACTION: GPU - Setting GPU[0] to 450000000
08-04 14:54:42.340   518   646 I ThermalEngine: ACTION: GPU - Setting GPU[0] to 510000000
