--------- beginning of main
08-04 12:56:28.948  3784  3784 D CarrierServiceBindHelper: Receive action: android.intent.action.PACKAGE_REMOVED
08-04 12:56:28.970   918   930 W ResourceType: ResTable_typeSpec entry count inconsistent: given 37, previously 42
08-04 12:56:28.970   918   930 W ResourceType: ResTable_typeSpec entry count inconsistent: given 2527, previously 2530
08-04 12:56:28.971   918   930 W ResourceType: ResTable_typeSpec entry count inconsistent: given 2542, previously 2545
08-04 12:56:28.971   918   930 W ResourceType: ResTable_typeSpec entry count inconsistent: given 303, previously 1691
08-04 12:56:28.979  3784  3784 D CarrierServiceBindHelper: Receive action: android.intent.action.PACKAGE_ADDED
08-04 12:56:28.979  3784  3784 D CarrierServiceBindHelper: Receive action: android.intent.action.PACKAGE_REPLACED
08-04 12:56:28.979  3784  3784 D CarrierServiceBindHelper: mHandler: 3
08-04 12:56:28.979  3784  3784 D CarrierServiceBindHelper: mHandler: 3
08-04 12:56:28.979  3784  3784 D CarrierServiceBindHelper: mHandler: 3
08-04 12:56:28.979  3784  3784 D CarrierConfigLoader: mHandler: 9 phoneId: 0
08-04 12:56:28.990   918  5132 I AccountManagerService: getTypesVisibleToCaller: isPermitted? true
08-04 12:56:28.995 24365  3666 I Fitness : FitCleanupIntentOperation received Intent android.intent.action.PACKAGE_REMOVED [CONTEXT service_id=17 ]
08-04 12:56:28.997 32231 32231 I Finsky  : [1] uah.a(18): PackageMonitorReceiverImpl - Received: android.intent.action.PACKAGE_REMOVED, [CFjXe5fo2ooiLur0Ju3smv2h5qnGgIsGl5_C_SkJu8g]
08-04 12:56:29.002 32231 32231 I Finsky  : [1] ubi.d(9): Invalidating cached PackageState for baseline.de.danoeh.antennapod.debug
08-04 12:56:29.009   918  6110 I AccountManagerService: getTypesVisibleToCaller: isPermitted? true
08-04 12:56:29.045 32231 32231 I Finsky  : [1] lzi.c(2): Frosting ID looked up on UI thread. Caller should move to a background thread.
08-04 12:56:29.049 32231 32231 I Finsky  : [1] nqb.c(3): Installer: package baseline.de.danoeh.antennapod.debug was removed. replacing: true
08-04 12:56:29.050 32231 32231 I Finsky  : [1] nra.a(188): Installer: Notifying status update. package=baseline.de.danoeh.antennapod.debug, status=UNINSTALLED
08-04 12:56:29.081 32231 32231 I Finsky  : [1] lzi.c(2): Frosting ID looked up on UI thread. Caller should move to a background thread.
08-04 12:56:29.115 32231 32231 I Finsky  : [1] nra.a(220): Installer: found apps to install. isMultiUserMode=false, apps=[]
08-04 12:56:29.118 32231  3684 I Finsky  : [6015] ejf.a(-1): Cancelled 0 ongoing asset module downloads for package baseline.de.danoeh.antennapod.debug due to a concurrent app update.
08-04 12:56:29.145 32231 32350 I Finsky  : [5755] odj.b(52): IQ: Notifying installation update. package=baseline.de.danoeh.antennapod.debug, status=UNINSTALLED
08-04 12:56:29.165 24577  3677 I Auth    : [SupervisedAccountIntentOperation] onHandleIntent(): android.intent.action.PACKAGE_ADDED
08-04 12:56:29.166 24577  3672 I ChromeSync: [Sync,SyncIntentOperation] Handling the intent: Intent { act=android.intent.action.PACKAGE_ADDED dat=package:baseline.de.danoeh.antennapod.debug flg=0x4000010 cmp=com.google.android.gms/.chimera.GmsIntentOperationService (has extras) }.
--------- beginning of system
08-04 12:56:29.195   918  6112 W ActivityManager: Unable to start service Intent { act=com.google.android.gms.auth.key.retrieval.service.START pkg=com.google.android.gms } U=0: not found
08-04 12:56:29.203 32231 32231 I Finsky  : [1] uah.a(18): PackageMonitorReceiverImpl - Received: android.intent.action.PACKAGE_ADDED, [CFjXe5fo2ooiLur0Ju3smv2h5qnGgIsGl5_C_SkJu8g]
08-04 12:56:29.204 32231 32231 I Finsky  : [1] ubi.d(9): Invalidating cached PackageState for baseline.de.danoeh.antennapod.debug
08-04 12:56:29.222 32231 32231 I Finsky  : [1] lzi.c(2): Frosting ID looked up on UI thread. Caller should move to a background thread.
08-04 12:56:29.246 32231 32231 I Finsky  : [1] agsx.a(4): Do not start WearSupportService due to Wear service optimization
08-04 12:56:29.258   918  6029 W ActivityManager: Unbind failed: could not find connection for android.os.BinderProxy@2dfd9f8
08-04 12:56:29.265 32231  3684 I Finsky  : [6015] ejc.a(-1): Asset module broadcast after update successful for package baseline.de.danoeh.antennapod.debug. 0 sessions broadcast.
08-04 12:56:29.268   918  5952 I AccountManagerService: getTypesVisibleToCaller: isPermitted? true
08-04 12:56:29.270 24577  3672 I ChromeSync: [Persistence,AffiliationManager] One of affiliation or grouping data for android://bz0hZa4nAJEtd0n5sRlXG7KAqctUMWVefv7Ki4mh1p6slZ9YO-n9gS9j8m9YCrsIyI2wIxrDHraumF9Y6pBLTA==@baseline.de.danoeh.antennapod.debug/ was not found. Marking affiliation data as stale...
08-04 12:56:29.274 32231  3682 I Finsky  : [6013] lyv.run(-1): Wrote row to frosting DB: 2298
08-04 12:56:29.285 32231 32231 I Finsky  : [1] lzi.c(2): Frosting ID looked up on UI thread. Caller should move to a background thread.
08-04 12:56:29.303 24577 24621 E GmsClient: unable to connect to service: com.google.android.gms.auth.key.retrieval.service.START on com.google.android.gms
08-04 12:56:29.363 32231  3683 I Finsky  : [6014] gzn.a(-1): [ContentSync] finished, scheduled=false
08-04 12:56:29.367   918  3670 I AccountManagerService: getTypesVisibleToCaller: isPermitted? true
08-04 12:56:29.403 32231 32350 I Finsky  : [5755] odj.b(40): IQ: No matching installs to run for jobs: []
08-04 12:56:29.404 32231  3682 I Finsky  : [6013] lyv.run(-1): Wrote row to frosting DB: 2299
08-04 12:56:29.456 32231 32231 I Finsky  : [1] xmu.a(8): SCH: Jobs in database: 1-1337 3-191 3-192 12-1 24-77777777 26-1414141414 
08-04 12:56:29.458 32231 32231 I Finsky  : [1] xio.a(57): SCH: ConstraintMapping: 24-77777777,  -> L: 0ms, D: 29611380ms, C: false, I: true, N: 0
08-04 12:56:29.459 32231 32231 I Finsky  : [1] xio.a(57): SCH: ConstraintMapping: 1-1337, 12-1,  -> L: 14615ms, D: 32963454ms, C: false, I: false, N: 1
08-04 12:56:29.459 32231 32231 I Finsky  : [1] xio.a(57): SCH: ConstraintMapping: 3-191,  -> L: 0ms, D: 73673327ms, C: false, I: true, N: 2
08-04 12:56:29.460 32231 32231 I Finsky  : [1] xio.a(57): SCH: ConstraintMapping: 3-192,  -> L: 0ms, D: 73673400ms, C: true, I: true, N: 2
08-04 12:56:29.460 32231 32231 I Finsky  : [1] xio.a(57): SCH: ConstraintMapping: 26-1414141414,  -> L: 37076579ms, D: 37976579ms, C: false, I: false, N: 0
08-04 12:56:29.462 32231  3683 I Finsky  : [6014] gzn.a(-1): [ContentSync] finished, scheduled=true
08-04 12:56:29.492 32231 32231 I Finsky  : [1] xle.a(34): Cancelling existing jobscheduler jobs: 9000 9005 9007 9006 9008 9003 9010 9002 9009 9004 
08-04 12:56:29.493 32231 32231 I Finsky  : [1] xle.a(27): Scheduling job Id: 9001, L: 0, D: 29611380, C: false, I: true, N: 0
08-04 12:56:29.495 32231 32231 I Finsky  : [1] xle.a(27): Scheduling job Id: 9011, L: 14615, D: 32963454, C: false, I: false, N: 1
08-04 12:56:29.498 32231 32231 I Finsky  : [1] xle.a(27): Scheduling job Id: 9012, L: 0, D: 73673327, C: false, I: true, N: 2
08-04 12:56:29.501 32231 32231 I Finsky  : [1] xle.a(27): Scheduling job Id: 9013, L: 0, D: 73673400, C: true, I: true, N: 2
08-04 12:56:29.504  3644  3644 I ServiceManager: Waiting for service AtCmdFwd...
08-04 12:56:29.506 32231 32231 I Finsky  : [1] xle.a(27): Scheduling job Id: 9014, L: 37076579, D: 37976579, C: false, I: false, N: 0
08-04 12:56:29.507  3694  3694 D AndroidRuntime: >>>>>> START com.android.internal.os.RuntimeInit uid 2000 <<<<<<
08-04 12:56:29.508 32231 32231 I Finsky  : [1] xle.a(27): Scheduling job Id: 9015, L: 0, D: 29611380, C: false, I: true, N: 0
08-04 12:56:29.510 32231 32231 I Finsky  : [1] xle.a(27): Scheduling job Id: 9016, L: 14615, D: 32963454, C: false, I: false, N: 1
08-04 12:56:29.511  3694  3694 D AndroidRuntime: CheckJNI is OFF
08-04 12:56:29.513 32231 32231 I Finsky  : [1] xle.a(27): Scheduling job Id: 9017, L: 0, D: 73673327, C: false, I: true, N: 2
08-04 12:56:29.514 32231 32231 I Finsky  : [1] xle.a(27): Scheduling job Id: 9018, L: 0, D: 73673400, C: true, I: true, N: 2
08-04 12:56:29.524 32231 32231 I Finsky  : [1] xle.a(27): Scheduling job Id: 9019, L: 37076579, D: 37976579, C: false, I: false, N: 0
08-04 12:56:29.536  3694  3694 D ICU     : No timezone override file found: /data/misc/zoneinfo/current/icu/icu_tzdata.dat
08-04 12:56:29.547 32231  3682 I Finsky  : [6013] lyv.run(-1): Wrote row to frosting DB: 2300
08-04 12:56:29.560  3694  3694 I Radio-JNI: register_android_hardware_Radio DONE
08-04 12:56:29.571 24577 13294 I Icing   : IndexChimeraService.getServiceInterface callingPackage=com.google.android.gms componentName=AppsCorpus serviceId=36
08-04 12:56:29.576  3694  3694 D AndroidRuntime: Calling main entry com.android.commands.monkey.Monkey
08-04 12:56:29.581   918   928 I AccountManagerService: getTypesVisibleToCaller: isPermitted? true
08-04 12:56:29.592   918   931 W BroadcastQueue: Skipping deliver [background] BroadcastRecord{e910472 u-1 android.net.conn.CONNECTIVITY_CHANGE} to ReceiverList{545d0c3 3694 (unknown name)/2000/u-1 remote:4ccb7d4}: process crashing
08-04 12:56:29.598 32231  3682 I Finsky  : [6013] lyv.run(-1): Wrote row to frosting DB: 2301
08-04 12:56:29.618   918  6029 I ActivityManager: START u0 {act=android.intent.action.MAIN cat=[android.intent.category.LAUNCHER] flg=0x10200000 cmp=baseline.de.danoeh.antennapod.debug/baseline.de.danoeh.antennapod.activity.SplashActivity} from uid 2000 on display 0
08-04 12:56:29.636   918  3714 I ActivityManager: Start proc 3712:baseline.de.danoeh.antennapod.debug/u0a670 for activity baseline.de.danoeh.antennapod.debug/baseline.de.danoeh.antennapod.activity.SplashActivity
08-04 12:56:29.637  3712  3712 I art     : Late-enabling -Xcheck:jni
08-04 12:56:29.647  3694  3694 I art     : System.exit called, status: 0
08-04 12:56:29.647  3694  3694 I AndroidRuntime: VM exiting with result code 0.
08-04 12:56:29.664 24577 28655 W Icing   : No valid account for uploading user actions
08-04 12:56:29.689  3712  3712 W System  : ClassLoader referenced unknown path: /data/app/baseline.de.danoeh.antennapod.debug-2/lib/arm64
08-04 12:56:29.703 24577 13294 I Icing   : IndexChimeraService.getServiceInterface callingPackage=com.google.android.gms componentName=null serviceId=30
08-04 12:56:29.703  3712  3712 D UserPreferences: Creating new instance of UserPreferences
08-04 12:56:29.705  3712  3712 D UserPreferences: Using default data folder
08-04 12:56:29.726  2075  1217 I PBSessionCacheImpl: Deleted sessionId[9127543042550561] from persistence.
08-04 12:56:29.730  3712  3712 D UserPreferences: Import directory already exists
08-04 12:56:29.733  2075  2107 W SearchServiceCore: Abort, client detached.
08-04 12:56:29.733  3712  3712 D UpdateManager: old: -1, current: 1070296
08-04 12:56:29.734  2075  2107 I MicroDetectionState: Should stop hotword detection immediately - true
08-04 12:56:29.737  3712  3712 D SleepTimerPreferences: Creating new instance of SleepTimerPreferences
08-04 12:56:29.759  3712  3712 D SPAUtil : Sending SP_APPS_QUERY_FEEDS intent
08-04 12:56:29.769 24577 28655 I Icing   : Usage reports ok 2, Failed Usage reports 0, indexed 0, rejected 0
08-04 12:56:29.773 24577 28655 W Icing   : No valid account for uploading user actions
08-04 12:56:29.792 24577 28655 I Icing   : Usage reports ok 0, Failed Usage reports 0, indexed 0, rejected 0
08-04 12:56:29.792 24577 28655 I Icing   : Indexing com.google.android.gms-internal.3p:MobileApplication from com.google.android.gms using seqno 763
08-04 12:56:29.796 24577 28655 I Icing   : Indexing com.google.android.gms-internal.3p:MobileApplication from com.google.android.gms using seqno 763
08-04 12:56:29.797  3712  3712 W art     : Before Android 4.1, method android.graphics.PorterDuffColorFilter androidx.vectordrawable.graphics.drawable.VectorDrawableCompat.updateTintFilter(android.graphics.PorterDuffColorFilter, android.content.res.ColorStateList, android.graphics.PorterDuff$Mode) would have incorrectly overridden the package-private method in android.graphics.drawable.Drawable
08-04 12:56:29.824 24577 13293 I Icing   : IndexChimeraService.getServiceInterface callingPackage=com.google.android.gms componentName=null serviceId=36
08-04 12:56:29.825  3712  3712 I art     : Rejecting re-init on previously-failed class java.lang.Class<androidx.core.view.ViewCompat$2>
08-04 12:56:29.825  3712  3712 I art     : Rejecting re-init on previously-failed class java.lang.Class<androidx.core.view.ViewCompat$2>
08-04 12:56:29.829 24577  1295 W Icing   : No valid account for uploading user actions
08-04 12:56:29.841 24577  1295 I Icing   : Usage reports ok 0, Failed Usage reports 0, indexed 0, rejected 0
08-04 12:56:29.849  3712  3736 D OpenGLRenderer: Use EGL_SWAP_BEHAVIOR_PRESERVED: true
08-04 12:56:29.886  3712  3736 I Adreno  : QUALCOMM build                   : fcf4852, I1af360237c
08-04 12:56:29.886  3712  3736 I Adreno  : Build Date                       : 09/23/15
08-04 12:56:29.886  3712  3736 I Adreno  : OpenGL ES Shader Compiler Version: XE031.05.13.02
08-04 12:56:29.886  3712  3736 I Adreno  : Local Branch                     : mybranch14465806
08-04 12:56:29.886  3712  3736 I Adreno  : Remote Branch                    : quic/LA.BF64.1.2.9_v2
08-04 12:56:29.886  3712  3736 I Adreno  : Remote Branch                    : NONE
08-04 12:56:29.886  3712  3736 I Adreno  : Reconstruct Branch               : NOTHING
08-04 12:56:29.891  3712  3736 I OpenGLRenderer: Initialized EGL, version 1.4
08-04 12:56:29.918   918  3359 I ActivityManager: START u0 {cmp=baseline.de.danoeh.antennapod.debug/baseline.de.danoeh.antennapod.activity.MainActivity} from uid 10670 on display 0
08-04 12:56:29.919 13866 13866 I GoogleInputMethodServic: GoogleInputMethodService.onFinishInput():3138 
08-04 12:56:29.921 13866 13866 I GoogleInputMethodServic: GoogleInputMethodService.onStartInput():1808 
08-04 12:56:30.089  3712  3712 D UserPreferences: Using default data folder
08-04 12:56:30.168  3712  3712 D MainActivity: getLastNavFragment() -> QueueFragment
08-04 12:56:30.169  3712  3712 D MainActivity: loadFragment(tag: QueueFragment, args: null)
08-04 12:56:30.172  3712  3712 D MainActivity: saveLastNavFragment(tag: QueueFragment)
08-04 12:56:30.173  3712  3712 D MainActivity: getLastNavFragment() -> QueueFragment
08-04 12:56:30.174  3712  3712 D UserPreferences: timeOfDay: []
08-04 12:56:30.176  3712  3712 D AutoUpdateManager: Restarting update alarm.
08-04 12:56:30.177  3712  3712 D AutoUpdateManager: Changed alarm to new interval 12 h
08-04 12:56:30.203  3712  3712 D UserPreferences: timeOfDay: []
08-04 12:56:30.204  3712  3712 D AutoUpdateManager: Restarting update alarm.
08-04 12:56:30.205  3712  3712 D AutoUpdateManager: Changed alarm to new interval 12 h
08-04 12:56:30.239  3712  3712 D ExternalPlayerFragment: Loading media info
08-04 12:56:30.241  3712  3712 D QueueFragment: loadItems()
08-04 12:56:30.244  3712  3734 D DBReader: getQueue() called
08-04 12:56:30.244  3712  3734 D DBReader: getQueue()
08-04 12:56:30.246  3712  3734 D DBReader: getFavoriteIDList() called
08-04 12:56:30.247  3712  3734 D DBReader: getQueueIDList() called
08-04 12:56:30.247  3712  3734 D DBReader: Extracting Feedlist
08-04 12:56:30.249  3712  3712 V PlaybackController: initServiceNotRunning()
08-04 12:56:30.250  3712  3712 D ExternalPlayerFragment: Loading media info
08-04 12:56:30.252  3712  3712 D UserPreferences: Using default data folder
08-04 12:56:30.255  3712  3712 D AutoUpdateManager: last refresh: 443482 hours 56 minutes ago
08-04 12:56:30.256  3712  3734 D DBReader: getNavDrawerData() called with: 
08-04 12:56:30.260  3712  3734 D DBReader: getDownloadedItems() called
08-04 12:56:30.261  3712  3734 D DBReader: getFavoriteIDList() called
08-04 12:56:30.261  3712  3734 D DBReader: getQueueIDList() called
08-04 12:56:30.261  3712  3734 D DBReader: Extracting Feedlist
08-04 12:56:30.276   380   380 W SurfaceFlinger: couldn't log to binary event log: overflow.
08-04 12:56:30.383  3712  3712 D MainActivity: getLastNavFragment() -> QueueFragment
08-04 12:56:30.383  3712  3712 D MainActivity: handleNavIntent()
08-04 12:56:30.505  3644  3644 I ServiceManager: Waiting for service AtCmdFwd...
08-04 12:56:30.571   918   936 I ActivityManager: Displayed baseline.de.danoeh.antennapod.debug/baseline.de.danoeh.antennapod.activity.MainActivity: +545ms (total +948ms)
08-04 12:56:30.572 13866 13866 I GoogleInputMethodServic: GoogleInputMethodService.onFinishInput():3138 
08-04 12:56:30.573 13866 13866 I GoogleInputMethodServic: GoogleInputMethodService.onStartInput():1808 
08-04 12:56:30.594 29532 29532 W PathParser: Points are too far apart 4.030360828967057
08-04 12:56:30.594 29532 29532 W PathParser: Points are too far apart 4.030360538880159
08-04 12:56:30.611 29532 29532 W PathParser: Points are too far apart 4.030360828967057
08-04 12:56:30.611 29532 29532 W PathParser: Points are too far apart 4.030360538880159
08-04 12:56:30.628 29532 29532 W PathParser: Points are too far apart 4.030360828967057
08-04 12:56:30.628 29532 29532 W PathParser: Points are too far apart 4.030360538880159
08-04 12:56:30.644 29532 29532 W PathParser: Points are too far apart 4.030360828967057
08-04 12:56:30.644 29532 29532 W PathParser: Points are too far apart 4.030360538880159
08-04 12:56:30.661 29532 29532 W PathParser: Points are too far apart 4.030360828967057
08-04 12:56:30.661 29532 29532 W PathParser: Points are too far apart 4.030360538880159
08-04 12:56:30.678 29532 29532 W PathParser: Points are too far apart 4.030360828967057
08-04 12:56:30.679 29532 29532 W PathParser: Points are too far apart 4.030360538880159
08-04 12:56:30.694 29532 29532 W PathParser: Points are too far apart 4.030360828967057
08-04 12:56:30.695 29532 29532 W PathParser: Points are too far apart 4.030360538880159
08-04 12:56:30.711 29532 29532 W PathParser: Points are too far apart 4.030360828967057
08-04 12:56:30.711 29532 29532 W PathParser: Points are too far apart 4.030360538880159
08-04 12:56:30.772 24577  1295 I Icing   : Indexing com.google.android.gms-apps from com.google.android.gms
08-04 12:56:30.856 24577  1295 I Icing   : Indexing done com.google.android.gms-apps
08-04 12:56:31.187  3769  3769 D AndroidRuntime: >>>>>> START com.android.internal.os.RuntimeInit uid 2000 <<<<<<
08-04 12:56:31.194  3769  3769 D AndroidRuntime: CheckJNI is OFF
08-04 12:56:31.225  3769  3769 D ICU     : No timezone override file found: /data/misc/zoneinfo/current/icu/icu_tzdata.dat
08-04 12:56:31.259  3769  3769 I Radio-JNI: register_android_hardware_Radio DONE
08-04 12:56:31.269  3712  3786 D DBReader: Extracting Feedlist
08-04 12:56:31.271  3712  3786 D FlattrUtils: Retrieving access token
08-04 12:56:31.271  3712  3786 D FlattrUtils: No access token found
08-04 12:56:31.273  3712  3786 I art     : Rejecting re-init on previously-failed class java.lang.Class<androidx.core.app.JobIntentService$JobServiceEngineImpl>
08-04 12:56:31.273  3712  3786 I art     : Rejecting re-init on previously-failed class java.lang.Class<androidx.core.app.JobIntentService$JobServiceEngineImpl>
08-04 12:56:31.274  3712  3786 I art     : Rejecting re-init on previously-failed class java.lang.Class<androidx.core.app.SafeJobIntentService$SafeJobServiceEngineImpl>
08-04 12:56:31.274  3712  3786 I art     : Rejecting re-init on previously-failed class java.lang.Class<androidx.core.app.SafeJobIntentService$SafeJobServiceEngineImpl>
08-04 12:56:31.280  3769  3769 D AndroidRuntime: Calling main entry com.android.commands.am.Am
08-04 12:56:31.291  2375  2375 I Trepn   : Trepn 6.2s: Received intent: com.quicinc.trepn.start_profiling
08-04 12:56:31.420  2375  2375 W FileUtils: Failed to chmod(/storage/emulated/0/trepn/Trepn_2020.08.04_125631.db): android.system.ErrnoException: chmod failed: EPERM (Operation not permitted)
08-04 12:56:31.507  3644  3644 I ServiceManager: Waiting for service AtCmdFwd...
08-04 12:56:31.535  2375  2375 I Trepn   : Trepn 6.2s: Trepn has Started Profiling.
08-04 12:56:31.538  3769  3769 D AndroidRuntime: Shutting down VM
08-04 12:56:31.739 13866 13866 I GoogleInputMethodServic: GoogleInputMethodService.onFinishInput():3138 
08-04 12:56:31.740 13866 13866 I GoogleInputMethodServic: GoogleInputMethodService.onStartInput():1808 
08-04 12:56:31.992  3712  3747 I art     : Starting a blocking GC Explicit
08-04 12:56:32.013  3712  3747 I art     : Explicit concurrent mark sweep GC freed 10569(1476KB) AllocSpace objects, 6(120KB) LOS objects, 40% free, 23MB/38MB, paused 218us total 20.384ms
08-04 12:56:32.021  3712  3747 I art     : Starting a blocking GC Explicit
08-04 12:56:32.033  3712  3747 I art     : Explicit concurrent mark sweep GC freed 3317(192KB) AllocSpace objects, 2(588KB) LOS objects, 40% free, 22MB/37MB, paused 143us total 11.811ms
08-04 12:56:32.039  3712  3747 I art     : Starting a blocking GC Explicit
08-04 12:56:32.050  3712  3747 I art     : Explicit concurrent mark sweep GC freed 10(400B) AllocSpace objects, 0(0B) LOS objects, 40% free, 22MB/37MB, paused 127us total 10.827ms
08-04 12:56:32.056  3712  3747 I art     : Starting a blocking GC Explicit
08-04 12:56:32.067  3712  3747 I art     : Explicit concurrent mark sweep GC freed 3(96B) AllocSpace objects, 0(0B) LOS objects, 40% free, 22MB/37MB, paused 130us total 10.953ms
08-04 12:56:32.073  3712  3747 I art     : Starting a blocking GC Explicit
08-04 12:56:32.084  3712  3747 I art     : Explicit concurrent mark sweep GC freed 3(96B) AllocSpace objects, 0(0B) LOS objects, 40% free, 22MB/37MB, paused 126us total 10.776ms
08-04 12:56:32.368  3712  3747 I art     : Starting a blocking GC Explicit
08-04 12:56:32.387  3712  3747 I art     : Explicit concurrent mark sweep GC freed 1374(82KB) AllocSpace objects, 1(20KB) LOS objects, 40% free, 22MB/37MB, paused 191us total 18.887ms
08-04 12:56:32.399  3712  3747 I art     : Starting a blocking GC Explicit
08-04 12:56:32.413  3712  3747 I art     : Explicit concurrent mark sweep GC freed 23(752B) AllocSpace objects, 0(0B) LOS objects, 40% free, 22MB/37MB, paused 148us total 13.742ms
08-04 12:56:32.419  3712  3747 I art     : Starting a blocking GC Explicit
08-04 12:56:32.431  3712  3747 I art     : Explicit concurrent mark sweep GC freed 3(96B) AllocSpace objects, 0(0B) LOS objects, 40% free, 22MB/37MB, paused 146us total 12.369ms
08-04 12:56:32.438  3712  3747 I art     : Starting a blocking GC Explicit
08-04 12:56:32.450  3712  3747 I art     : Explicit concurrent mark sweep GC freed 3(96B) AllocSpace objects, 0(0B) LOS objects, 40% free, 22MB/37MB, paused 140us total 12.397ms
08-04 12:56:32.456  3712  3747 I art     : Starting a blocking GC Explicit
08-04 12:56:32.469  3712  3747 I art     : Explicit concurrent mark sweep GC freed 3(96B) AllocSpace objects, 0(0B) LOS objects, 40% free, 22MB/37MB, paused 136us total 12.205ms
08-04 12:56:32.507  3644  3644 I ServiceManager: Waiting for service AtCmdFwd...
08-04 12:56:32.773  3712  3727 I art     : Starting a blocking GC Explicit
08-04 12:56:32.789  3712  3727 I art     : Explicit concurrent mark sweep GC freed 1360(79KB) AllocSpace objects, 1(20KB) LOS objects, 40% free, 22MB/37MB, paused 191us total 15.759ms
08-04 12:56:32.796  3712  3727 I art     : Starting a blocking GC Explicit
08-04 12:56:32.810  3712  3727 I art     : Explicit concurrent mark sweep GC freed 23(752B) AllocSpace objects, 0(0B) LOS objects, 40% free, 22MB/37MB, paused 172us total 13.275ms
08-04 12:56:32.816  3712  3727 I art     : Starting a blocking GC Explicit
08-04 12:56:32.830  3712  3727 I art     : Explicit concurrent mark sweep GC freed 3(96B) AllocSpace objects, 0(0B) LOS objects, 40% free, 22MB/37MB, paused 160us total 12.935ms
08-04 12:56:32.836  3712  3727 I art     : Starting a blocking GC Explicit
08-04 12:56:32.849  3712  3727 I art     : Explicit concurrent mark sweep GC freed 30(832B) AllocSpace objects, 0(0B) LOS objects, 40% free, 22MB/37MB, paused 151us total 12.435ms
08-04 12:56:32.855  3712  3727 I art     : Starting a blocking GC Explicit
08-04 12:56:32.868  3712  3727 I art     : Explicit concurrent mark sweep GC freed 3(96B) AllocSpace objects, 0(0B) LOS objects, 40% free, 22MB/37MB, paused 151us total 12.514ms
08-04 12:56:33.178  3712  3726 I art     : Starting a blocking GC Explicit
08-04 12:56:33.196  3712  3726 I art     : Explicit concurrent mark sweep GC freed 1359(79KB) AllocSpace objects, 1(20KB) LOS objects, 40% free, 22MB/37MB, paused 201us total 17.267ms
08-04 12:56:33.207  3712  3726 I art     : Starting a blocking GC Explicit
08-04 12:56:33.222  3712  3726 I art     : Explicit concurrent mark sweep GC freed 23(752B) AllocSpace objects, 0(0B) LOS objects, 40% free, 22MB/37MB, paused 151us total 15.255ms
08-04 12:56:33.229  3712  3726 I art     : Starting a blocking GC Explicit
08-04 12:56:33.242  3712  3726 I art     : Explicit concurrent mark sweep GC freed 3(96B) AllocSpace objects, 0(0B) LOS objects, 40% free, 22MB/37MB, paused 151us total 12.969ms
08-04 12:56:33.249  3712  3726 I art     : Starting a blocking GC Explicit
08-04 12:56:33.262  3712  3726 I art     : Explicit concurrent mark sweep GC freed 3(96B) AllocSpace objects, 0(0B) LOS objects, 40% free, 22MB/37MB, paused 154us total 13.132ms
08-04 12:56:33.269  3712  3726 I art     : Starting a blocking GC Explicit
08-04 12:56:33.281  3712  3726 I art     : Explicit concurrent mark sweep GC freed 3(96B) AllocSpace objects, 0(0B) LOS objects, 40% free, 22MB/37MB, paused 132us total 11.683ms
08-04 12:56:33.508  3644  3644 W Atfwd_Sendcmd: AtCmdFwd service not published, waiting... retryCnt : 1
08-04 12:56:33.568  3712  3727 I art     : Starting a blocking GC Explicit
08-04 12:56:33.583  3712  3727 I art     : Explicit concurrent mark sweep GC freed 1389(80KB) AllocSpace objects, 1(20KB) LOS objects, 40% free, 22MB/37MB, paused 152us total 14.858ms
08-04 12:56:33.590  3712  3727 I art     : Starting a blocking GC Explicit
08-04 12:56:33.603  3712  3727 I art     : Explicit concurrent mark sweep GC freed 23(752B) AllocSpace objects, 0(0B) LOS objects, 40% free, 22MB/37MB, paused 148us total 12.927ms
08-04 12:56:33.610  3712  3727 I art     : Starting a blocking GC Explicit
08-04 12:56:33.622  3712  3727 I art     : Explicit concurrent mark sweep GC freed 3(96B) AllocSpace objects, 0(0B) LOS objects, 40% free, 22MB/37MB, paused 152us total 12.222ms
08-04 12:56:33.628  3712  3727 I art     : Starting a blocking GC Explicit
08-04 12:56:33.641  3712  3727 I art     : Explicit concurrent mark sweep GC freed 3(96B) AllocSpace objects, 0(0B) LOS objects, 40% free, 22MB/37MB, paused 152us total 12.338ms
08-04 12:56:33.647  3712  3727 I art     : Starting a blocking GC Explicit
08-04 12:56:33.659  3712  3727 I art     : Explicit concurrent mark sweep GC freed 3(96B) AllocSpace objects, 0(0B) LOS objects, 40% free, 22MB/37MB, paused 152us total 12.379ms
08-04 12:56:33.808   918  3188 I hubconnection: sensorhub said: 'set_bias 3: -6.2400, 0.0000, 0.0000'
08-04 12:56:33.972  3712  3726 I art     : Starting a blocking GC Explicit
08-04 12:56:33.987  3712  3726 I art     : Explicit concurrent mark sweep GC freed 1386(81KB) AllocSpace objects, 1(20KB) LOS objects, 40% free, 22MB/37MB, paused 235us total 14.937ms
08-04 12:56:33.998  3712  3726 I art     : Starting a blocking GC Explicit
08-04 12:56:34.014  3712  3726 I art     : Explicit concurrent mark sweep GC freed 23(752B) AllocSpace objects, 0(0B) LOS objects, 40% free, 22MB/37MB, paused 164us total 15.770ms
08-04 12:56:34.023  3712  3726 I art     : Starting a blocking GC Explicit
08-04 12:56:34.036  3712  3726 I art     : Explicit concurrent mark sweep GC freed 3(96B) AllocSpace objects, 0(0B) LOS objects, 40% free, 22MB/37MB, paused 150us total 12.288ms
08-04 12:56:34.042  3712  3726 I art     : Starting a blocking GC Explicit
08-04 12:56:34.055  3712  3726 I art     : Explicit concurrent mark sweep GC freed 3(96B) AllocSpace objects, 0(0B) LOS objects, 40% free, 22MB/37MB, paused 133us total 12.601ms
08-04 12:56:34.061  3712  3726 I art     : Starting a blocking GC Explicit
08-04 12:56:34.073  3712  3726 I art     : Explicit concurrent mark sweep GC freed 3(96B) AllocSpace objects, 0(0B) LOS objects, 40% free, 22MB/37MB, paused 148us total 12.188ms
08-04 12:56:34.377  3712  3747 I art     : Starting a blocking GC Explicit
08-04 12:56:34.396  3712  3747 I art     : Explicit concurrent mark sweep GC freed 1361(82KB) AllocSpace objects, 1(20KB) LOS objects, 40% free, 22MB/37MB, paused 178us total 18.605ms
08-04 12:56:34.405  3712  3747 I art     : Starting a blocking GC Explicit
08-04 12:56:34.418  3712  3747 I art     : Explicit concurrent mark sweep GC freed 23(752B) AllocSpace objects, 0(0B) LOS objects, 40% free, 22MB/37MB, paused 156us total 13.326ms
08-04 12:56:34.425  3712  3747 I art     : Starting a blocking GC Explicit
08-04 12:56:34.438  3712  3747 I art     : Explicit concurrent mark sweep GC freed 3(96B) AllocSpace objects, 0(0B) LOS objects, 40% free, 22MB/37MB, paused 163us total 12.612ms
08-04 12:56:34.444  3712  3747 I art     : Starting a blocking GC Explicit
08-04 12:56:34.457  3712  3747 I art     : Explicit concurrent mark sweep GC freed 3(96B) AllocSpace objects, 0(0B) LOS objects, 40% free, 22MB/37MB, paused 194us total 12.130ms
08-04 12:56:34.463  3712  3747 I art     : Starting a blocking GC Explicit
08-04 12:56:34.475  3712  3747 I art     : Explicit concurrent mark sweep GC freed 3(96B) AllocSpace objects, 0(0B) LOS objects, 40% free, 22MB/37MB, paused 152us total 12.270ms
08-04 12:56:34.780  3712  3727 I art     : Starting a blocking GC Explicit
08-04 12:56:34.796  3712  3727 I art     : Explicit concurrent mark sweep GC freed 1360(81KB) AllocSpace objects, 1(20KB) LOS objects, 40% free, 22MB/37MB, paused 186us total 15.592ms
08-04 12:56:34.806  3712  3727 I art     : Starting a blocking GC Explicit
08-04 12:56:34.822  3712  3727 I art     : Explicit concurrent mark sweep GC freed 23(752B) AllocSpace objects, 0(0B) LOS objects, 40% free, 22MB/37MB, paused 146us total 15.113ms
08-04 12:56:34.828  3712  3727 I art     : Starting a blocking GC Explicit
08-04 12:56:34.840  3712  3727 I art     : Explicit concurrent mark sweep GC freed 30(832B) AllocSpace objects, 0(0B) LOS objects, 40% free, 22MB/37MB, paused 145us total 11.883ms
08-04 12:56:34.846  3712  3727 I art     : Starting a blocking GC Explicit
08-04 12:56:34.859  3712  3727 I art     : Explicit concurrent mark sweep GC freed 3(96B) AllocSpace objects, 0(0B) LOS objects, 40% free, 22MB/37MB, paused 142us total 12.278ms
08-04 12:56:34.865  3712  3727 I art     : Starting a blocking GC Explicit
08-04 12:56:34.877  3712  3727 I art     : Explicit concurrent mark sweep GC freed 3(96B) AllocSpace objects, 0(0B) LOS objects, 40% free, 22MB/37MB, paused 154us total 12.196ms
08-04 12:56:34.920 13866 13882 I PeriodicStatsRunner: PeriodicStatsRunner.call():175 call()
08-04 12:56:34.920 13866 13882 I PeriodicStatsRunner: PeriodicStatsRunner.call():179 No submit PeriodicStats since input started.
08-04 12:56:35.178  3712  3726 I art     : Starting a blocking GC Explicit
08-04 12:56:35.198  3712  3726 I art     : Explicit concurrent mark sweep GC freed 1359(79KB) AllocSpace objects, 1(20KB) LOS objects, 40% free, 22MB/37MB, paused 362us total 19.464ms
08-04 12:56:35.209  3712  3726 I art     : Starting a blocking GC Explicit
08-04 12:56:35.222  3712  3726 I art     : Explicit concurrent mark sweep GC freed 23(752B) AllocSpace objects, 0(0B) LOS objects, 40% free, 22MB/37MB, paused 152us total 13.262ms
08-04 12:56:35.229  3712  3726 I art     : Starting a blocking GC Explicit
08-04 12:56:35.242  3712  3726 I art     : Explicit concurrent mark sweep GC freed 3(96B) AllocSpace objects, 0(0B) LOS objects, 40% free, 22MB/37MB, paused 146us total 12.751ms
08-04 12:56:35.248  3712  3726 I art     : Starting a blocking GC Explicit
08-04 12:56:35.260  3712  3726 I art     : Explicit concurrent mark sweep GC freed 3(96B) AllocSpace objects, 0(0B) LOS objects, 40% free, 22MB/37MB, paused 144us total 12.245ms
08-04 12:56:35.267  3712  3726 I art     : Starting a blocking GC Explicit
08-04 12:56:35.279  3712  3726 I art     : Explicit concurrent mark sweep GC freed 3(96B) AllocSpace objects, 0(0B) LOS objects, 40% free, 22MB/37MB, paused 142us total 12.547ms
08-04 12:56:35.568  3712  3747 I art     : Starting a blocking GC Explicit
08-04 12:56:35.573 13866 13882 I PeriodicStatsRunner: PeriodicStatsRunner.call():175 call()
08-04 12:56:35.574 13866 13882 I PeriodicStatsRunner: PeriodicStatsRunner.call():179 No submit PeriodicStats since input started.
08-04 12:56:35.585  3712  3747 I art     : Explicit concurrent mark sweep GC freed 1359(79KB) AllocSpace objects, 1(20KB) LOS objects, 40% free, 22MB/37MB, paused 171us total 17.318ms
08-04 12:56:35.592  3712  3747 I art     : Starting a blocking GC Explicit
08-04 12:56:35.605  3712  3747 I art     : Explicit concurrent mark sweep GC freed 23(752B) AllocSpace objects, 0(0B) LOS objects, 40% free, 22MB/37MB, paused 149us total 12.846ms
08-04 12:56:35.611  3712  3747 I art     : Starting a blocking GC Explicit
08-04 12:56:35.622  3712  3747 I art     : Explicit concurrent mark sweep GC freed 3(96B) AllocSpace objects, 0(0B) LOS objects, 40% free, 22MB/37MB, paused 136us total 10.881ms
08-04 12:56:35.628  3712  3747 I art     : Starting a blocking GC Explicit
08-04 12:56:35.639  3712  3747 I art     : Explicit concurrent mark sweep GC freed 3(96B) AllocSpace objects, 0(0B) LOS objects, 40% free, 22MB/37MB, paused 139us total 10.720ms
08-04 12:56:35.645  3712  3747 I art     : Starting a blocking GC Explicit
08-04 12:56:35.655  3712  3747 I art     : Explicit concurrent mark sweep GC freed 3(96B) AllocSpace objects, 0(0B) LOS objects, 40% free, 22MB/37MB, paused 133us total 10.161ms
08-04 12:56:35.905  3712  3727 I art     : Starting a blocking GC Explicit
08-04 12:56:35.922  3712  3727 I art     : Explicit concurrent mark sweep GC freed 1385(80KB) AllocSpace objects, 1(20KB) LOS objects, 40% free, 22MB/37MB, paused 191us total 16.205ms
08-04 12:56:35.932  3712  3727 I art     : Starting a blocking GC Explicit
08-04 12:56:35.946  3712  3727 I art     : Explicit concurrent mark sweep GC freed 23(752B) AllocSpace objects, 0(0B) LOS objects, 40% free, 22MB/37MB, paused 154us total 13.621ms
08-04 12:56:35.952  3712  3727 I art     : Starting a blocking GC Explicit
08-04 12:56:35.965  3712  3727 I art     : Explicit concurrent mark sweep GC freed 3(96B) AllocSpace objects, 0(0B) LOS objects, 40% free, 22MB/37MB, paused 148us total 12.646ms
08-04 12:56:35.971  3712  3727 I art     : Starting a blocking GC Explicit
08-04 12:56:35.984  3712  3727 I art     : Explicit concurrent mark sweep GC freed 3(96B) AllocSpace objects, 0(0B) LOS objects, 40% free, 22MB/37MB, paused 152us total 12.789ms
08-04 12:56:35.991  3712  3727 I art     : Starting a blocking GC Explicit
08-04 12:56:36.003  3712  3727 I art     : Explicit concurrent mark sweep GC freed 3(96B) AllocSpace objects, 0(0B) LOS objects, 40% free, 22MB/37MB, paused 152us total 12.345ms
08-04 12:56:36.280  3712  3726 I art     : Starting a blocking GC Explicit
08-04 12:56:36.294  3712  3726 I art     : Explicit concurrent mark sweep GC freed 1359(79KB) AllocSpace objects, 1(20KB) LOS objects, 40% free, 22MB/37MB, paused 158us total 14.174ms
08-04 12:56:36.301  3712  3726 I art     : Starting a blocking GC Explicit
08-04 12:56:36.315  3712  3726 I art     : Explicit concurrent mark sweep GC freed 23(752B) AllocSpace objects, 0(0B) LOS objects, 40% free, 22MB/37MB, paused 150us total 13.445ms
08-04 12:56:36.321  3712  3726 I art     : Starting a blocking GC Explicit
08-04 12:56:36.332  3712  3726 I art     : Explicit concurrent mark sweep GC freed 3(96B) AllocSpace objects, 0(0B) LOS objects, 40% free, 22MB/37MB, paused 137us total 10.937ms
08-04 12:56:36.338  3712  3726 I art     : Starting a blocking GC Explicit
08-04 12:56:36.349  3712  3726 I art     : Explicit concurrent mark sweep GC freed 3(96B) AllocSpace objects, 0(0B) LOS objects, 40% free, 22MB/37MB, paused 125us total 11.227ms
08-04 12:56:36.355  3712  3726 I art     : Starting a blocking GC Explicit
08-04 12:56:36.367  3712  3726 I art     : Explicit concurrent mark sweep GC freed 3(96B) AllocSpace objects, 0(0B) LOS objects, 40% free, 22MB/37MB, paused 193us total 11.068ms
08-04 12:56:36.658  3970  3970 D AndroidRuntime: >>>>>> START com.android.internal.os.RuntimeInit uid 2000 <<<<<<
08-04 12:56:36.663  3970  3970 D AndroidRuntime: CheckJNI is OFF
08-04 12:56:36.668  3712  3747 I art     : Starting a blocking GC Explicit
08-04 12:56:36.682  3712  3747 I art     : Explicit concurrent mark sweep GC freed 1358(79KB) AllocSpace objects, 1(20KB) LOS objects, 40% free, 22MB/37MB, paused 160us total 13.142ms
08-04 12:56:36.688  3712  3747 I art     : Starting a blocking GC Explicit
08-04 12:56:36.693  3970  3970 D ICU     : No timezone override file found: /data/misc/zoneinfo/current/icu/icu_tzdata.dat
08-04 12:56:36.701  3712  3747 I art     : Explicit concurrent mark sweep GC freed 23(752B) AllocSpace objects, 0(0B) LOS objects, 40% free, 22MB/37MB, paused 168us total 12.618ms
08-04 12:56:36.707  3712  3747 I art     : Starting a blocking GC Explicit
08-04 12:56:36.720  3970  3970 I Radio-JNI: register_android_hardware_Radio DONE
08-04 12:56:36.720  3712  3747 I art     : Explicit concurrent mark sweep GC freed 3(96B) AllocSpace objects, 0(0B) LOS objects, 40% free, 22MB/37MB, paused 153us total 12.601ms
08-04 12:56:36.726  3712  3747 I art     : Starting a blocking GC Explicit
08-04 12:56:36.736  3970  3970 D AndroidRuntime: Calling main entry com.android.commands.input.Input
08-04 12:56:36.737  3712  3747 I art     : Explicit concurrent mark sweep GC freed 3(96B) AllocSpace objects, 0(0B) LOS objects, 40% free, 22MB/37MB, paused 173us total 11.406ms
08-04 12:56:36.738  3970  3970 I Input   : injectMotionEvent: MotionEvent { action=ACTION_DOWN, actionButton=0, id[0]=0, x[0]=1233.0, y[0]=1274.0, toolType[0]=TOOL_TYPE_UNKNOWN, buttonState=0, metaState=0, flags=0x0, edgeFlags=0x0, pointerCount=1, historySize=0, eventTime=709013151, downTime=709013151, deviceId=0, source=0x1002 }
08-04 12:56:36.741 13866 13882 I PeriodicStatsRunner: PeriodicStatsRunner.call():175 call()
08-04 12:56:36.741 13866 13882 I PeriodicStatsRunner: PeriodicStatsRunner.call():179 No submit PeriodicStats since input started.
08-04 12:56:36.743  3712  3747 I art     : Starting a blocking GC Explicit
08-04 12:56:36.744  3970  3970 I Input   : injectMotionEvent: MotionEvent { action=ACTION_UP, actionButton=0, id[0]=0, x[0]=1233.0, y[0]=1274.0, toolType[0]=TOOL_TYPE_UNKNOWN, buttonState=0, metaState=0, flags=0x0, edgeFlags=0x0, pointerCount=1, historySize=0, eventTime=709013151, downTime=709013151, deviceId=0, source=0x1002 }
08-04 12:56:36.746  3970  3970 D AndroidRuntime: Shutting down VM
08-04 12:56:36.755  3712  3747 I art     : Explicit concurrent mark sweep GC freed 6(192B) AllocSpace objects, 0(0B) LOS objects, 40% free, 22MB/37MB, paused 164us total 11.760ms
08-04 12:56:36.988  3712  3726 I art     : Starting a blocking GC Explicit
08-04 12:56:37.002  3712  3726 I art     : Explicit concurrent mark sweep GC freed 1386(80KB) AllocSpace objects, 1(20KB) LOS objects, 40% free, 22MB/37MB, paused 144us total 14.694ms
08-04 12:56:37.010  3712  3726 I art     : Starting a blocking GC Explicit
08-04 12:56:37.024  3712  3726 I art     : Explicit concurrent mark sweep GC freed 23(752B) AllocSpace objects, 0(0B) LOS objects, 40% free, 22MB/37MB, paused 161us total 13.756ms
08-04 12:56:37.031  3712  3726 I art     : Starting a blocking GC Explicit
08-04 12:56:37.046  3712  3726 I art     : Explicit concurrent mark sweep GC freed 3(96B) AllocSpace objects, 0(0B) LOS objects, 40% free, 22MB/37MB, paused 157us total 14.014ms
08-04 12:56:37.052  3712  3726 I art     : Starting a blocking GC Explicit
08-04 12:56:37.065  3712  3726 I art     : Explicit concurrent mark sweep GC freed 3(96B) AllocSpace objects, 0(0B) LOS objects, 40% free, 22MB/37MB, paused 147us total 13.360ms
08-04 12:56:37.073  3712  3726 I art     : Starting a blocking GC Explicit
08-04 12:56:37.085  3712  3726 I art     : Explicit concurrent mark sweep GC freed 3(96B) AllocSpace objects, 0(0B) LOS objects, 40% free, 22MB/37MB, paused 133us total 12.049ms
08-04 12:56:37.174 13866 13866 I GoogleInputMethodServic: GoogleInputMethodService.onFinishInput():3138 
08-04 12:56:37.174 13866 13866 I GoogleInputMethodServic: GoogleInputMethodService.onStartInput():1808 
08-04 12:56:37.362  3712  3727 I art     : Starting a blocking GC Explicit
08-04 12:56:37.386  3712  3727 I art     : Explicit concurrent mark sweep GC freed 1455(83KB) AllocSpace objects, 1(20KB) LOS objects, 40% free, 22MB/37MB, paused 235us total 23.690ms
08-04 12:56:37.397  3712  3727 I art     : Starting a blocking GC Explicit
08-04 12:56:37.413  3712  3727 I art     : Explicit concurrent mark sweep GC freed 31(1200B) AllocSpace objects, 0(0B) LOS objects, 40% free, 22MB/37MB, paused 162us total 15.191ms
08-04 12:56:37.419  3712  3727 I art     : Starting a blocking GC Explicit
08-04 12:56:37.431  3712  3727 I art     : Explicit concurrent mark sweep GC freed 3(96B) AllocSpace objects, 0(0B) LOS objects, 40% free, 22MB/37MB, paused 151us total 12.445ms
08-04 12:56:37.438  3712  3727 I art     : Starting a blocking GC Explicit
08-04 12:56:37.450  3712  3727 I art     : Explicit concurrent mark sweep GC freed 3(96B) AllocSpace objects, 0(0B) LOS objects, 40% free, 22MB/37MB, paused 160us total 12.324ms
08-04 12:56:37.456  3712  3727 I art     : Starting a blocking GC Explicit
08-04 12:56:37.469  3712  3727 I art     : Explicit concurrent mark sweep GC freed 3(96B) AllocSpace objects, 0(0B) LOS objects, 40% free, 22MB/37MB, paused 158us total 12.413ms
08-04 12:56:37.740  3712  3726 I art     : Starting a blocking GC Explicit
08-04 12:56:37.759  3712  3726 I art     : Explicit concurrent mark sweep GC freed 1359(79KB) AllocSpace objects, 1(20KB) LOS objects, 40% free, 22MB/37MB, paused 178us total 19.093ms
08-04 12:56:37.769  3712  3726 I art     : Starting a blocking GC Explicit
08-04 12:56:37.782  3712  3726 I art     : Explicit concurrent mark sweep GC freed 23(752B) AllocSpace objects, 0(0B) LOS objects, 40% free, 22MB/37MB, paused 147us total 13.087ms
08-04 12:56:37.788  3712  3726 I art     : Starting a blocking GC Explicit
08-04 12:56:37.801  3712  3726 I art     : Explicit concurrent mark sweep GC freed 3(96B) AllocSpace objects, 0(0B) LOS objects, 40% free, 22MB/37MB, paused 143us total 12.791ms
08-04 12:56:37.808  3712  3726 I art     : Starting a blocking GC Explicit
08-04 12:56:37.820  3712  3726 I art     : Explicit concurrent mark sweep GC freed 3(96B) AllocSpace objects, 0(0B) LOS objects, 40% free, 22MB/37MB, paused 142us total 12.192ms
08-04 12:56:37.826  3712  3726 I art     : Starting a blocking GC Explicit
08-04 12:56:37.839  3712  3726 I art     : Explicit concurrent mark sweep GC freed 24(624B) AllocSpace objects, 0(0B) LOS objects, 40% free, 22MB/37MB, paused 160us total 12.770ms
08-04 12:56:38.093  3712  3747 I art     : Starting a blocking GC Explicit
08-04 12:56:38.107  3712  3747 I art     : Explicit concurrent mark sweep GC freed 1364(80KB) AllocSpace objects, 1(20KB) LOS objects, 40% free, 22MB/37MB, paused 183us total 13.943ms
08-04 12:56:38.113  3712  3747 I art     : Starting a blocking GC Explicit
08-04 12:56:38.126  3712  3747 I art     : Explicit concurrent mark sweep GC freed 23(752B) AllocSpace objects, 0(0B) LOS objects, 40% free, 22MB/37MB, paused 159us total 12.430ms
08-04 12:56:38.132  3712  3747 I art     : Starting a blocking GC Explicit
08-04 12:56:38.145  3712  3747 I art     : Explicit concurrent mark sweep GC freed 3(96B) AllocSpace objects, 0(0B) LOS objects, 40% free, 22MB/37MB, paused 151us total 12.325ms
08-04 12:56:38.151  3712  3747 I art     : Starting a blocking GC Explicit
08-04 12:56:38.163  3712  3747 I art     : Explicit concurrent mark sweep GC freed 3(96B) AllocSpace objects, 0(0B) LOS objects, 40% free, 22MB/37MB, paused 164us total 11.722ms
08-04 12:56:38.169  3712  3747 I art     : Starting a blocking GC Explicit
08-04 12:56:38.181  3712  3747 I art     : Explicit concurrent mark sweep GC freed 3(96B) AllocSpace objects, 0(0B) LOS objects, 40% free, 22MB/37MB, paused 151us total 11.981ms
08-04 12:56:38.328  4029  4029 D AndroidRuntime: >>>>>> START com.android.internal.os.RuntimeInit uid 2000 <<<<<<
08-04 12:56:38.332  4029  4029 D AndroidRuntime: CheckJNI is OFF
08-04 12:56:38.359  4029  4029 D ICU     : No timezone override file found: /data/misc/zoneinfo/current/icu/icu_tzdata.dat
08-04 12:56:38.383  4029  4029 I Radio-JNI: register_android_hardware_Radio DONE
08-04 12:56:38.400  4029  4029 D AndroidRuntime: Calling main entry com.android.commands.input.Input
08-04 12:56:38.402  4029  4029 I Input   : injectMotionEvent: MotionEvent { action=ACTION_DOWN, actionButton=0, id[0]=0, x[0]=103.0, y[0]=192.0, toolType[0]=TOOL_TYPE_UNKNOWN, buttonState=0, metaState=0, flags=0x0, edgeFlags=0x0, pointerCount=1, historySize=0, eventTime=709014814, downTime=709014814, deviceId=0, source=0x1002 }
08-04 12:56:38.409  4029  4029 I Input   : injectMotionEvent: MotionEvent { action=ACTION_UP, actionButton=0, id[0]=0, x[0]=103.0, y[0]=192.0, toolType[0]=TOOL_TYPE_UNKNOWN, buttonState=0, metaState=0, flags=0x0, edgeFlags=0x0, pointerCount=1, historySize=0, eventTime=709014814, downTime=709014814, deviceId=0, source=0x1002 }
08-04 12:56:38.410  4029  4029 D AndroidRuntime: Shutting down VM
08-04 12:56:38.421   512  2967 D audio_hw_primary: out_set_parameters: enter: usecase(1: low-latency-playback) kvpairs: routing=2
08-04 12:56:38.435   512  2967 D audio_hw_primary: select_devices: out_snd_device(2: speaker) in_snd_device(0: none)
08-04 12:56:38.435   512  2967 D msm8974_platform: platform_send_audio_calibration: sending audio calibration for snd_device(2) acdb_id(15)
08-04 12:56:38.435   512  2967 I soundtrigger: audio_extn_sound_trigger_update_device_status: device 0x2 of type 0 for Event 1
08-04 12:56:38.446  3712  3726 I art     : Starting a blocking GC Explicit
08-04 12:56:38.449   512  2967 D audio_hw_primary: enable_snd_device: snd_device(2: speaker)
08-04 12:56:38.451   512  2967 D audio_hw_primary: enable_audio_route: apply and update mixer path: low-latency-playback speaker
08-04 12:56:38.457 13866 13866 I GoogleInputMethodServic: GoogleInputMethodService.onFinishInput():3138 
08-04 12:56:38.458 13866 13866 I GoogleInputMethodServic: GoogleInputMethodService.onStartInput():1808 
08-04 12:56:38.459  3712  3726 I art     : Explicit concurrent mark sweep GC freed 1482(84KB) AllocSpace objects, 1(20KB) LOS objects, 40% free, 22MB/37MB, paused 176us total 13.060ms
08-04 12:56:38.466  3712  3726 I art     : Starting a blocking GC Explicit
08-04 12:56:38.479  3712  3726 I art     : Explicit concurrent mark sweep GC freed 30(1296B) AllocSpace objects, 0(0B) LOS objects, 40% free, 22MB/37MB, paused 169us total 13.116ms
08-04 12:56:38.486  3712  3726 I art     : Starting a blocking GC Explicit
08-04 12:56:38.498  3712  3726 I art     : Explicit concurrent mark sweep GC freed 105(4KB) AllocSpace objects, 0(0B) LOS objects, 40% free, 22MB/37MB, paused 140us total 12.164ms
08-04 12:56:38.504  3712  3726 I art     : Starting a blocking GC Explicit
08-04 12:56:38.508  3644  3644 I ServiceManager: Waiting for service AtCmdFwd...
08-04 12:56:38.516  3712  3726 I art     : Explicit concurrent mark sweep GC freed 287(15KB) AllocSpace objects, 0(0B) LOS objects, 40% free, 22MB/37MB, paused 157us total 11.742ms
08-04 12:56:38.522  3712  3726 I art     : Starting a blocking GC Explicit
08-04 12:56:38.534  3712  3726 I art     : Explicit concurrent mark sweep GC freed 7(384B) AllocSpace objects, 0(0B) LOS objects, 40% free, 22MB/37MB, paused 148us total 11.631ms
08-04 12:56:38.750  3712  3726 I art     : Starting a blocking GC Explicit
08-04 12:56:38.763  3712  3726 I art     : Explicit concurrent mark sweep GC freed 1359(79KB) AllocSpace objects, 1(20KB) LOS objects, 40% free, 22MB/37MB, paused 150us total 12.539ms
08-04 12:56:38.769  3712  3726 I art     : Starting a blocking GC Explicit
08-04 12:56:38.781  3712  3726 I art     : Explicit concurrent mark sweep GC freed 31(1008B) AllocSpace objects, 0(0B) LOS objects, 40% free, 22MB/37MB, paused 150us total 12.261ms
08-04 12:56:38.787  3712  3726 I art     : Starting a blocking GC Explicit
08-04 12:56:38.800  3712  3726 I art     : Explicit concurrent mark sweep GC freed 3(96B) AllocSpace objects, 0(0B) LOS objects, 40% free, 22MB/37MB, paused 148us total 12.151ms
08-04 12:56:38.806  3712  3726 I art     : Starting a blocking GC Explicit
08-04 12:56:38.818  3712  3726 I art     : Explicit concurrent mark sweep GC freed 3(96B) AllocSpace objects, 0(0B) LOS objects, 40% free, 22MB/37MB, paused 147us total 12.075ms
08-04 12:56:38.824  3712  3726 I art     : Starting a blocking GC Explicit
08-04 12:56:38.836  3712  3726 I art     : Explicit concurrent mark sweep GC freed 5(192B) AllocSpace objects, 0(0B) LOS objects, 40% free, 22MB/37MB, paused 162us total 12.140ms
08-04 12:56:38.961  4061  4061 D AndroidRuntime: >>>>>> START com.android.internal.os.RuntimeInit uid 2000 <<<<<<
08-04 12:56:38.965  4061  4061 D AndroidRuntime: CheckJNI is OFF
08-04 12:56:38.989   512  2967 D audio_hw_primary: disable_audio_route: reset and update mixer path: low-latency-playback speaker
08-04 12:56:38.989  4061  4061 D ICU     : No timezone override file found: /data/misc/zoneinfo/current/icu/icu_tzdata.dat
08-04 12:56:38.990   512  2967 D audio_hw_primary: disable_snd_device: snd_device(2: speaker)
08-04 12:56:38.997   512  2967 I soundtrigger: audio_extn_sound_trigger_update_device_status: device 0x2 of type 0 for Event 0
08-04 12:56:39.012  4061  4061 I Radio-JNI: register_android_hardware_Radio DONE
08-04 12:56:39.027  4061  4061 D AndroidRuntime: Calling main entry com.android.commands.input.Input
08-04 12:56:39.029  4061  4061 I Input   : injectMotionEvent: MotionEvent { action=ACTION_DOWN, actionButton=0, id[0]=0, x[0]=324.0, y[0]=2298.0, toolType[0]=TOOL_TYPE_UNKNOWN, buttonState=0, metaState=0, flags=0x0, edgeFlags=0x0, pointerCount=1, historySize=0, eventTime=709015442, downTime=709015442, deviceId=0, source=0x1002 }
08-04 12:56:39.033  4061  4061 I Input   : injectMotionEvent: MotionEvent { action=ACTION_UP, actionButton=0, id[0]=0, x[0]=324.0, y[0]=2298.0, toolType[0]=TOOL_TYPE_UNKNOWN, buttonState=0, metaState=0, flags=0x0, edgeFlags=0x0, pointerCount=1, historySize=0, eventTime=709015442, downTime=709015442, deviceId=0, source=0x1002 }
08-04 12:56:39.036  4061  4061 D AndroidRuntime: Shutting down VM
08-04 12:56:39.039   918  3714 I ActivityManager: START u0 {cmp=baseline.de.danoeh.antennapod.debug/baseline.de.danoeh.antennapod.activity.PreferenceActivity} from uid 10670 on display 0
08-04 12:56:39.040   512  2967 D audio_hw_primary: out_set_parameters: enter: usecase(1: low-latency-playback) kvpairs: routing=2
08-04 12:56:39.052   512  2967 D audio_hw_primary: select_devices: out_snd_device(2: speaker) in_snd_device(0: none)
08-04 12:56:39.053   512  2967 D msm8974_platform: platform_send_audio_calibration: sending audio calibration for snd_device(2) acdb_id(15)
08-04 12:56:39.053   512  2967 I soundtrigger: audio_extn_sound_trigger_update_device_status: device 0x2 of type 0 for Event 1
08-04 12:56:39.065   512  2967 D audio_hw_primary: enable_snd_device: snd_device(2: speaker)
08-04 12:56:39.067   512  2967 D audio_hw_primary: enable_audio_route: apply and update mixer path: low-latency-playback speaker
08-04 12:56:39.074  3712  3727 I art     : Starting a blocking GC Explicit
08-04 12:56:39.088  3712  3727 I art     : Explicit concurrent mark sweep GC freed 2139(193KB) AllocSpace objects, 2(40KB) LOS objects, 40% free, 22MB/37MB, paused 430us total 13.507ms
08-04 12:56:39.095  3712  3727 I art     : Starting a blocking GC Explicit
08-04 12:56:39.108  3712  3727 I art     : Explicit concurrent mark sweep GC freed 590(94KB) AllocSpace objects, 0(0B) LOS objects, 40% free, 22MB/37MB, paused 234us total 13.330ms
08-04 12:56:39.110   512  2967 D AudioFlinger: mixer(0xf4740000) throttle end: throttle time(12)
08-04 12:56:39.116  3712  3727 I art     : Starting a blocking GC Explicit
08-04 12:56:39.128  3712  3727 I art     : Explicit concurrent mark sweep GC freed 171(12KB) AllocSpace objects, 0(0B) LOS objects, 40% free, 22MB/37MB, paused 172us total 12.246ms
08-04 12:56:39.134  3712  3727 I art     : Starting a blocking GC Explicit
08-04 12:56:39.146  3712  3727 I art     : Explicit concurrent mark sweep GC freed 34(1600B) AllocSpace objects, 0(0B) LOS objects, 40% free, 22MB/37MB, paused 163us total 11.589ms
08-04 12:56:39.152  3712  3727 I art     : Starting a blocking GC Explicit
08-04 12:56:39.167  3712  3727 I art     : Explicit concurrent mark sweep GC freed 662(77KB) AllocSpace objects, 0(0B) LOS objects, 40% free, 22MB/38MB, paused 416us total 14.421ms
08-04 12:56:39.293 13866 13866 I GoogleInputMethodServic: GoogleInputMethodService.onFinishInput():3138 
08-04 12:56:39.294 13866 13866 I GoogleInputMethodServic: GoogleInputMethodService.onStartInput():1808 
08-04 12:56:39.296   918   936 I ActivityManager: Displayed baseline.de.danoeh.antennapod.debug/baseline.de.danoeh.antennapod.activity.PreferenceActivity: +235ms
08-04 12:56:39.329  3712  3736 D OpenGLRenderer: endAllStagingAnimators on 0x7f7f351800 (RippleDrawable) with handle 0x7f7e41d880
08-04 12:56:39.408  3712  3747 I art     : Starting a blocking GC Explicit
08-04 12:56:39.426  3712  3747 I art     : Explicit concurrent mark sweep GC freed 2712(166KB) AllocSpace objects, 1(20KB) LOS objects, 40% free, 23MB/39MB, paused 177us total 17.823ms
08-04 12:56:39.432  3712  3747 I art     : Starting a blocking GC Explicit
08-04 12:56:39.451  3712  3747 I art     : Explicit concurrent mark sweep GC freed 214(10KB) AllocSpace objects, 0(0B) LOS objects, 40% free, 23MB/38MB, paused 159us total 18.046ms
08-04 12:56:39.459  3712  3747 I art     : Starting a blocking GC Explicit
08-04 12:56:39.476  3712  3747 I art     : Explicit concurrent mark sweep GC freed 3(96B) AllocSpace objects, 0(0B) LOS objects, 40% free, 23MB/38MB, paused 151us total 16.793ms
08-04 12:56:39.483  3712  3747 I art     : Starting a blocking GC Explicit
08-04 12:56:39.500  3712  3747 I art     : Explicit concurrent mark sweep GC freed 3(96B) AllocSpace objects, 0(0B) LOS objects, 40% free, 23MB/38MB, paused 164us total 16.499ms
08-04 12:56:39.508  3712  3747 I art     : Starting a blocking GC Explicit
08-04 12:56:39.509  3644  3644 I ServiceManager: Waiting for service AtCmdFwd...
08-04 12:56:39.525  3712  3747 I art     : Explicit concurrent mark sweep GC freed 3(96B) AllocSpace objects, 0(0B) LOS objects, 40% free, 23MB/38MB, paused 172us total 17.013ms
08-04 12:56:39.537   380   380 W SurfaceFlinger: couldn't log to binary event log: overflow.
08-04 12:56:39.598   512  2967 D audio_hw_primary: disable_audio_route: reset and update mixer path: low-latency-playback speaker
08-04 12:56:39.599   512  2967 D audio_hw_primary: disable_snd_device: snd_device(2: speaker)
08-04 12:56:39.607   512  2967 I soundtrigger: audio_extn_sound_trigger_update_device_status: device 0x2 of type 0 for Event 0
08-04 12:56:39.647  3712  3712 D PlaybackController: Releasing PlaybackController
08-04 12:56:39.799  3712  3727 I art     : Starting a blocking GC Explicit
08-04 12:56:39.820  3712  3727 I art     : Explicit concurrent mark sweep GC freed 1621(97KB) AllocSpace objects, 1(20KB) LOS objects, 40% free, 23MB/39MB, paused 190us total 21.050ms
08-04 12:56:39.831  3712  3727 I art     : Starting a blocking GC Explicit
08-04 12:56:39.846  3712  3727 I art     : Explicit concurrent mark sweep GC freed 90(2800B) AllocSpace objects, 0(0B) LOS objects, 40% free, 23MB/39MB, paused 155us total 15.554ms
08-04 12:56:39.853  3712  3727 I art     : Starting a blocking GC Explicit
08-04 12:56:39.869  3712  3727 I art     : Explicit concurrent mark sweep GC freed 3(96B) AllocSpace objects, 0(0B) LOS objects, 40% free, 23MB/39MB, paused 156us total 15.490ms
08-04 12:56:39.876  3712  3727 I art     : Starting a blocking GC Explicit
08-04 12:56:39.891  3712  3727 I art     : Explicit concurrent mark sweep GC freed 3(96B) AllocSpace objects, 0(0B) LOS objects, 40% free, 23MB/39MB, paused 145us total 14.538ms
08-04 12:56:39.897  3712  3727 I art     : Starting a blocking GC Explicit
08-04 12:56:39.912  3712  3727 I art     : Explicit concurrent mark sweep GC freed 3(96B) AllocSpace objects, 0(0B) LOS objects, 40% free, 23MB/39MB, paused 142us total 14.647ms
08-04 12:56:40.190  3712  3726 I art     : Starting a blocking GC Explicit
08-04 12:56:40.212  3712  3726 I art     : Explicit concurrent mark sweep GC freed 1361(80KB) AllocSpace objects, 1(20KB) LOS objects, 40% free, 23MB/39MB, paused 172us total 21.535ms
08-04 12:56:40.223  3712  3726 I art     : Starting a blocking GC Explicit
08-04 12:56:40.242  3712  3726 I art     : Explicit concurrent mark sweep GC freed 23(752B) AllocSpace objects, 0(0B) LOS objects, 40% free, 23MB/39MB, paused 163us total 19.289ms
08-04 12:56:40.251  3712  3726 I art     : Starting a blocking GC Explicit
08-04 12:56:40.266  3712  3726 I art     : Explicit concurrent mark sweep GC freed 3(96B) AllocSpace objects, 0(0B) LOS objects, 40% free, 23MB/39MB, paused 143us total 15.083ms
08-04 12:56:40.274  3712  3726 I art     : Starting a blocking GC Explicit
08-04 12:56:40.287  3712  3726 I art     : Explicit concurrent mark sweep GC freed 3(96B) AllocSpace objects, 0(0B) LOS objects, 40% free, 23MB/39MB, paused 160us total 12.937ms
08-04 12:56:40.293  3712  3726 I art     : Starting a blocking GC Explicit
08-04 12:56:40.306  3712  3726 I art     : Explicit concurrent mark sweep GC freed 3(96B) AllocSpace objects, 0(0B) LOS objects, 40% free, 23MB/39MB, paused 141us total 12.948ms
08-04 12:56:40.509  3644  3644 I ServiceManager: Waiting for service AtCmdFwd...
08-04 12:56:40.547  3712  3747 I art     : Starting a blocking GC Explicit
08-04 12:56:40.563  3712  3747 I art     : Explicit concurrent mark sweep GC freed 1361(80KB) AllocSpace objects, 1(20KB) LOS objects, 40% free, 23MB/39MB, paused 163us total 15.590ms
08-04 12:56:40.568  4125  4125 D AndroidRuntime: >>>>>> START com.android.internal.os.RuntimeInit uid 2000 <<<<<<
08-04 12:56:40.570  3712  3747 I art     : Starting a blocking GC Explicit
08-04 12:56:40.572  4125  4125 D AndroidRuntime: CheckJNI is OFF
08-04 12:56:40.585  3712  3747 I art     : Explicit concurrent mark sweep GC freed 23(752B) AllocSpace objects, 0(0B) LOS objects, 40% free, 23MB/39MB, paused 158us total 15.041ms
08-04 12:56:40.591  3712  3747 I art     : Starting a blocking GC Explicit
08-04 12:56:40.601  4125  4125 D ICU     : No timezone override file found: /data/misc/zoneinfo/current/icu/icu_tzdata.dat
08-04 12:56:40.605  3712  3747 I art     : Explicit concurrent mark sweep GC freed 3(96B) AllocSpace objects, 0(0B) LOS objects, 40% free, 23MB/39MB, paused 153us total 13.097ms
08-04 12:56:40.611  3712  3747 I art     : Starting a blocking GC Explicit
08-04 12:56:40.624  3712  3747 I art     : Explicit concurrent mark sweep GC freed 3(96B) AllocSpace objects, 0(0B) LOS objects, 40% free, 23MB/39MB, paused 146us total 13.270ms
08-04 12:56:40.625  4125  4125 I Radio-JNI: register_android_hardware_Radio DONE
08-04 12:56:40.630  3712  3747 I art     : Starting a blocking GC Explicit
08-04 12:56:40.641  4125  4125 D AndroidRuntime: Calling main entry com.android.commands.input.Input
08-04 12:56:40.643  4125  4125 I Input   : injectMotionEvent: MotionEvent { action=ACTION_DOWN, actionButton=0, id[0]=0, x[0]=400.0, y[0]=997.0, toolType[0]=TOOL_TYPE_UNKNOWN, buttonState=0, metaState=0, flags=0x0, edgeFlags=0x0, pointerCount=1, historySize=0, eventTime=709017055, downTime=709017055, deviceId=0, source=0x1002 }
08-04 12:56:40.643  3712  3747 I art     : Explicit concurrent mark sweep GC freed 3(96B) AllocSpace objects, 0(0B) LOS objects, 40% free, 23MB/39MB, paused 155us total 13.457ms
08-04 12:56:40.649  4125  4125 I Input   : injectMotionEvent: MotionEvent { action=ACTION_UP, actionButton=0, id[0]=0, x[0]=400.0, y[0]=997.0, toolType[0]=TOOL_TYPE_UNKNOWN, buttonState=0, metaState=0, flags=0x0, edgeFlags=0x0, pointerCount=1, historySize=0, eventTime=709017055, downTime=709017055, deviceId=0, source=0x1002 }
08-04 12:56:40.652  4125  4125 D AndroidRuntime: Shutting down VM
08-04 12:56:40.657   512  2967 D audio_hw_primary: out_set_parameters: enter: usecase(1: low-latency-playback) kvpairs: routing=2
08-04 12:56:40.670   512  2967 D audio_hw_primary: select_devices: out_snd_device(2: speaker) in_snd_device(0: none)
08-04 12:56:40.670   512  2967 D msm8974_platform: platform_send_audio_calibration: sending audio calibration for snd_device(2) acdb_id(15)
08-04 12:56:40.671   512  2967 I soundtrigger: audio_extn_sound_trigger_update_device_status: device 0x2 of type 0 for Event 1
08-04 12:56:40.682   512  2967 D audio_hw_primary: enable_snd_device: snd_device(2: speaker)
08-04 12:56:40.684   512  2967 D audio_hw_primary: enable_audio_route: apply and update mixer path: low-latency-playback speaker
08-04 12:56:40.744 13866 13866 I GoogleInputMethodServic: GoogleInputMethodService.onFinishInput():3138 
08-04 12:56:40.745 13866 13866 I GoogleInputMethodServic: GoogleInputMethodService.onStartInput():1808 
08-04 12:56:40.855  3712  3727 I art     : Starting a blocking GC Explicit
08-04 12:56:40.873  3712  3727 I art     : Explicit concurrent mark sweep GC freed 2987(189KB) AllocSpace objects, 2(40KB) LOS objects, 40% free, 23MB/39MB, paused 181us total 17.925ms
08-04 12:56:40.880  3712  3727 I art     : Starting a blocking GC Explicit
08-04 12:56:40.897  3712  3727 I art     : Explicit concurrent mark sweep GC freed 178(8KB) AllocSpace objects, 0(0B) LOS objects, 40% free, 23MB/39MB, paused 171us total 16.800ms
08-04 12:56:40.904  3712  3727 I art     : Starting a blocking GC Explicit
08-04 12:56:40.920  3712  3727 I art     : Explicit concurrent mark sweep GC freed 3(96B) AllocSpace objects, 0(0B) LOS objects, 40% free, 23MB/39MB, paused 158us total 15.753ms
08-04 12:56:40.926  3712  3727 I art     : Starting a blocking GC Explicit
08-04 12:56:40.941  3712  3727 I art     : Explicit concurrent mark sweep GC freed 3(96B) AllocSpace objects, 0(0B) LOS objects, 40% free, 23MB/39MB, paused 152us total 14.823ms
08-04 12:56:40.947  3712  3727 I art     : Starting a blocking GC Explicit
08-04 12:56:40.963  3712  3727 I art     : Explicit concurrent mark sweep GC freed 3(96B) AllocSpace objects, 0(0B) LOS objects, 40% free, 23MB/39MB, paused 162us total 15.530ms
08-04 12:56:41.182  3712  3726 I art     : Starting a blocking GC Explicit
08-04 12:56:41.199  3712  3726 I art     : Explicit concurrent mark sweep GC freed 1363(80KB) AllocSpace objects, 1(20KB) LOS objects, 40% free, 23MB/39MB, paused 157us total 16.668ms
08-04 12:56:41.206  3712  3726 I art     : Starting a blocking GC Explicit
08-04 12:56:41.207  4164  4164 D AndroidRuntime: >>>>>> START com.android.internal.os.RuntimeInit uid 2000 <<<<<<
08-04 12:56:41.211  4164  4164 D AndroidRuntime: CheckJNI is OFF
08-04 12:56:41.218   512  2967 D audio_hw_primary: disable_audio_route: reset and update mixer path: low-latency-playback speaker
08-04 12:56:41.220   512  2967 D audio_hw_primary: disable_snd_device: snd_device(2: speaker)
08-04 12:56:41.223  3712  3726 I art     : Explicit concurrent mark sweep GC freed 23(752B) AllocSpace objects, 0(0B) LOS objects, 40% free, 23MB/39MB, paused 146us total 16.470ms
08-04 12:56:41.228   512  2967 I soundtrigger: audio_extn_sound_trigger_update_device_status: device 0x2 of type 0 for Event 0
08-04 12:56:41.229  3712  3726 I art     : Starting a blocking GC Explicit
08-04 12:56:41.241  4164  4164 D ICU     : No timezone override file found: /data/misc/zoneinfo/current/icu/icu_tzdata.dat
08-04 12:56:41.245  3712  3726 I art     : Explicit concurrent mark sweep GC freed 3(96B) AllocSpace objects, 0(0B) LOS objects, 40% free, 23MB/39MB, paused 149us total 15.514ms
08-04 12:56:41.252  3712  3726 I art     : Starting a blocking GC Explicit
08-04 12:56:41.266  4164  4164 I Radio-JNI: register_android_hardware_Radio DONE
08-04 12:56:41.266  3712  3726 I art     : Explicit concurrent mark sweep GC freed 3(96B) AllocSpace objects, 0(0B) LOS objects, 40% free, 23MB/39MB, paused 139us total 13.994ms
08-04 12:56:41.272  3712  3726 I art     : Starting a blocking GC Explicit
08-04 12:56:41.282  4164  4164 D AndroidRuntime: Calling main entry com.android.commands.input.Input
08-04 12:56:41.283  4164  4164 I Input   : injectMotionEvent: MotionEvent { action=ACTION_DOWN, actionButton=0, id[0]=0, x[0]=697.0, y[0]=656.0, toolType[0]=TOOL_TYPE_UNKNOWN, buttonState=0, metaState=0, flags=0x0, edgeFlags=0x0, pointerCount=1, historySize=0, eventTime=709017696, downTime=709017696, deviceId=0, source=0x1002 }
08-04 12:56:41.286  3712  3726 I art     : Explicit concurrent mark sweep GC freed 3(96B) AllocSpace objects, 0(0B) LOS objects, 40% free, 23MB/39MB, paused 141us total 14.133ms
08-04 12:56:41.289  4164  4164 I Input   : injectMotionEvent: MotionEvent { action=ACTION_UP, actionButton=0, id[0]=0, x[0]=697.0, y[0]=656.0, toolType[0]=TOOL_TYPE_UNKNOWN, buttonState=0, metaState=0, flags=0x0, edgeFlags=0x0, pointerCount=1, historySize=0, eventTime=709017696, downTime=709017696, deviceId=0, source=0x1002 }
08-04 12:56:41.291  4164  4164 D AndroidRuntime: Shutting down VM
08-04 12:56:41.309   512  2967 D audio_hw_primary: out_set_parameters: enter: usecase(1: low-latency-playback) kvpairs: routing=2
08-04 12:56:41.322   512  2967 D audio_hw_primary: select_devices: out_snd_device(2: speaker) in_snd_device(0: none)
08-04 12:56:41.322   512  2967 D msm8974_platform: platform_send_audio_calibration: sending audio calibration for snd_device(2) acdb_id(15)
08-04 12:56:41.323   512  2967 I soundtrigger: audio_extn_sound_trigger_update_device_status: device 0x2 of type 0 for Event 1
08-04 12:56:41.331   512  2967 D audio_hw_primary: enable_snd_device: snd_device(2: speaker)
08-04 12:56:41.333   512  2967 D audio_hw_primary: enable_audio_route: apply and update mixer path: low-latency-playback speaker
08-04 12:56:41.376   512  2967 D AudioFlinger: mixer(0xf4740000) throttle end: throttle time(12)
08-04 12:56:41.378 13866 13866 I GoogleInputMethodServic: GoogleInputMethodService.onFinishInput():3138 
08-04 12:56:41.379 13866 13866 I GoogleInputMethodServic: GoogleInputMethodService.onStartInput():1808 
08-04 12:56:41.509  3644  3644 I ServiceManager: Waiting for service AtCmdFwd...
08-04 12:56:41.548  3712  3727 I art     : Starting a blocking GC Explicit
08-04 12:56:41.569  3712  3727 I art     : Explicit concurrent mark sweep GC freed 2410(194KB) AllocSpace objects, 1(20KB) LOS objects, 40% free, 23MB/39MB, paused 172us total 20.637ms
08-04 12:56:41.578  3712  3727 I art     : Starting a blocking GC Explicit
08-04 12:56:41.595  3712  3727 I art     : Explicit concurrent mark sweep GC freed 165(7KB) AllocSpace objects, 0(0B) LOS objects, 40% free, 23MB/39MB, paused 149us total 17.418ms
08-04 12:56:41.602  3712  3727 I art     : Starting a blocking GC Explicit
08-04 12:56:41.607 29532 29532 W PathParser: Points are too far apart 4.030360828967057
08-04 12:56:41.607 29532 29532 W PathParser: Points are too far apart 4.030360538880159
08-04 12:56:41.618  3712  3727 I art     : Explicit concurrent mark sweep GC freed 3(96B) AllocSpace objects, 0(0B) LOS objects, 40% free, 23MB/39MB, paused 158us total 16.171ms
08-04 12:56:41.623 29532 29532 W PathParser: Points are too far apart 4.030360828967057
08-04 12:56:41.623 29532 29532 W PathParser: Points are too far apart 4.030360538880159
08-04 12:56:41.626  3712  3727 I art     : Starting a blocking GC Explicit
08-04 12:56:41.639 29532 29532 W PathParser: Points are too far apart 4.030360828967057
08-04 12:56:41.640 29532 29532 W PathParser: Points are too far apart 4.030360538880159
08-04 12:56:41.642  3712  3727 I art     : Explicit concurrent mark sweep GC freed 3(96B) AllocSpace objects, 0(0B) LOS objects, 40% free, 23MB/39MB, paused 191us total 15.943ms
08-04 12:56:41.648  3712  3727 I art     : Starting a blocking GC Explicit
08-04 12:56:41.656 29532 29532 W PathParser: Points are too far apart 4.030360828967057
08-04 12:56:41.656 29532 29532 W PathParser: Points are too far apart 4.030360538880159
08-04 12:56:41.664  3712  3727 I art     : Explicit concurrent mark sweep GC freed 3(96B) AllocSpace objects, 0(0B) LOS objects, 40% free, 23MB/39MB, paused 153us total 15.348ms
08-04 12:56:41.673 29532 29532 W PathParser: Points are too far apart 4.030360828967057
08-04 12:56:41.674 29532 29532 W PathParser: Points are too far apart 4.030360538880159
08-04 12:56:41.694 29532 29532 W PathParser: Points are too far apart 4.030360828967057
08-04 12:56:41.694 29532 29532 W PathParser: Points are too far apart 4.030360538880159
08-04 12:56:41.705 29532 29532 W PathParser: Points are too far apart 4.030360828967057
08-04 12:56:41.705 29532 29532 W PathParser: Points are too far apart 4.030360538880159
08-04 12:56:41.853  4196  4196 D AndroidRuntime: >>>>>> START com.android.internal.os.RuntimeInit uid 2000 <<<<<<
08-04 12:56:41.860   512  2967 D audio_hw_primary: disable_audio_route: reset and update mixer path: low-latency-playback speaker
08-04 12:56:41.860  4196  4196 D AndroidRuntime: CheckJNI is OFF
08-04 12:56:41.862   512  2967 D audio_hw_primary: disable_snd_device: snd_device(2: speaker)
08-04 12:56:41.872   512  2967 I soundtrigger: audio_extn_sound_trigger_update_device_status: device 0x2 of type 0 for Event 0
08-04 12:56:41.891  4196  4196 D ICU     : No timezone override file found: /data/misc/zoneinfo/current/icu/icu_tzdata.dat
08-04 12:56:41.918  4196  4196 I Radio-JNI: register_android_hardware_Radio DONE
08-04 12:56:41.928  3712  3747 I art     : Starting a blocking GC Explicit
08-04 12:56:41.935  4196  4196 D AndroidRuntime: Calling main entry com.android.commands.input.Input
08-04 12:56:41.937  4196  4196 I Input   : injectMotionEvent: MotionEvent { action=ACTION_DOWN, actionButton=0, id[0]=0, x[0]=256.0, y[0]=1589.0, toolType[0]=TOOL_TYPE_UNKNOWN, buttonState=0, metaState=0, flags=0x0, edgeFlags=0x0, pointerCount=1, historySize=0, eventTime=709018349, downTime=709018349, deviceId=0, source=0x1002 }
08-04 12:56:41.942  4196  4196 I Input   : injectMotionEvent: MotionEvent { action=ACTION_UP, actionButton=0, id[0]=0, x[0]=256.0, y[0]=1589.0, toolType[0]=TOOL_TYPE_UNKNOWN, buttonState=0, metaState=0, flags=0x0, edgeFlags=0x0, pointerCount=1, historySize=0, eventTime=709018349, downTime=709018349, deviceId=0, source=0x1002 }
08-04 12:56:41.943  4196  4196 D AndroidRuntime: Shutting down VM
08-04 12:56:41.945  3712  3747 I art     : Explicit concurrent mark sweep GC freed 1398(80KB) AllocSpace objects, 1(20KB) LOS objects, 40% free, 23MB/39MB, paused 172us total 16.903ms
08-04 12:56:41.951  3712  3747 I art     : Starting a blocking GC Explicit
08-04 12:56:41.961  3712  3712 D UserPreferences: timeOfDay: []
08-04 12:56:41.961   512  2967 D audio_hw_primary: out_set_parameters: enter: usecase(1: low-latency-playback) kvpairs: routing=2
08-04 12:56:41.961  3712  3712 D AutoUpdateManager: Restarting update alarm.
08-04 12:56:41.964  3712  3712 D AutoUpdateManager: Automatic update was deactivated
08-04 12:56:41.970  3712  3747 I art     : Explicit concurrent mark sweep GC freed 115(17KB) AllocSpace objects, 1(20KB) LOS objects, 40% free, 23MB/39MB, paused 186us total 17.942ms
08-04 12:56:41.974   512  2967 D audio_hw_primary: select_devices: out_snd_device(2: speaker) in_snd_device(0: none)
08-04 12:56:41.974   512  2967 D msm8974_platform: platform_send_audio_calibration: sending audio calibration for snd_device(2) acdb_id(15)
08-04 12:56:41.974   512  2967 I soundtrigger: audio_extn_sound_trigger_update_device_status: device 0x2 of type 0 for Event 1
08-04 12:56:41.978  3712  3747 I art     : Starting a blocking GC Explicit
08-04 12:56:41.987   512  2967 D audio_hw_primary: enable_snd_device: snd_device(2: speaker)
08-04 12:56:41.990   512  2967 D audio_hw_primary: enable_audio_route: apply and update mixer path: low-latency-playback speaker
08-04 12:56:41.997  3712  3747 I art     : Explicit concurrent mark sweep GC freed 145(7KB) AllocSpace objects, 0(0B) LOS objects, 40% free, 23MB/39MB, paused 187us total 19.035ms
08-04 12:56:42.002 13866 13866 I GoogleInputMethodServic: GoogleInputMethodService.onFinishInput():3138 
08-04 12:56:42.002 13866 13866 I GoogleInputMethodServic: GoogleInputMethodService.onStartInput():1808 
08-04 12:56:42.005  3712  3747 I art     : Starting a blocking GC Explicit
08-04 12:56:42.006 29532 29532 W PathParser: Points are too far apart 4.030360828967057
08-04 12:56:42.006 29532 29532 W PathParser: Points are too far apart 4.030360538880159
08-04 12:56:42.022  3712  3747 I art     : Explicit concurrent mark sweep GC freed 117(4KB) AllocSpace objects, 0(0B) LOS objects, 40% free, 23MB/39MB, paused 193us total 16.598ms
08-04 12:56:42.023 29532 29532 W PathParser: Points are too far apart 4.030360828967057
08-04 12:56:42.023 29532 29532 W PathParser: Points are too far apart 4.030360538880159
08-04 12:56:42.029  3712  3747 I art     : Starting a blocking GC Explicit
08-04 12:56:42.033   512  2967 D AudioFlinger: mixer(0xf4740000) throttle end: throttle time(12)
08-04 12:56:42.039 29532 29532 W PathParser: Points are too far apart 4.030360828967057
08-04 12:56:42.040 29532 29532 W PathParser: Points are too far apart 4.030360538880159
08-04 12:56:42.044  3712  3747 I art     : Explicit concurrent mark sweep GC freed 21(768B) AllocSpace objects, 0(0B) LOS objects, 40% free, 23MB/39MB, paused 139us total 15.052ms
08-04 12:56:42.056 29532 29532 W PathParser: Points are too far apart 4.030360828967057
08-04 12:56:42.056 29532 29532 W PathParser: Points are too far apart 4.030360538880159
08-04 12:56:42.073 29532 29532 W PathParser: Points are too far apart 4.030360828967057
08-04 12:56:42.073 29532 29532 W PathParser: Points are too far apart 4.030360538880159
08-04 12:56:42.090 29532 29532 W PathParser: Points are too far apart 4.030360828967057
08-04 12:56:42.090 29532 29532 W PathParser: Points are too far apart 4.030360538880159
08-04 12:56:42.107 29532 29532 W PathParser: Points are too far apart 4.030360828967057
08-04 12:56:42.107 29532 29532 W PathParser: Points are too far apart 4.030360538880159
08-04 12:56:42.123 29532 29532 W PathParser: Points are too far apart 4.030360828967057
08-04 12:56:42.123 29532 29532 W PathParser: Points are too far apart 4.030360538880159
08-04 12:56:42.176 13866 13882 I PeriodicStatsRunner: PeriodicStatsRunner.call():175 call()
08-04 12:56:42.185 13866 13882 I PeriodicStatsRunner: PeriodicStatsRunner.call():179 No submit PeriodicStats since input started.
08-04 12:56:42.189   380   380 W SurfaceFlinger: couldn't log to binary event log: overflow.
08-04 12:56:42.282  3712  3726 I art     : Starting a blocking GC Explicit
08-04 12:56:42.298  3712  3726 I art     : Explicit concurrent mark sweep GC freed 1403(82KB) AllocSpace objects, 1(20KB) LOS objects, 40% free, 23MB/39MB, paused 148us total 15.510ms
08-04 12:56:42.304  3712  3726 I art     : Starting a blocking GC Explicit
08-04 12:56:42.322  3712  3726 I art     : Explicit concurrent mark sweep GC freed 65(2800B) AllocSpace objects, 0(0B) LOS objects, 40% free, 23MB/39MB, paused 159us total 17.467ms
08-04 12:56:42.329  3712  3726 I art     : Starting a blocking GC Explicit
08-04 12:56:42.346  3712  3726 I art     : Explicit concurrent mark sweep GC freed 66(2112B) AllocSpace objects, 0(0B) LOS objects, 40% free, 23MB/39MB, paused 199us total 17.289ms
08-04 12:56:42.354  3712  3726 I art     : Starting a blocking GC Explicit
08-04 12:56:42.370  3712  3726 I art     : Explicit concurrent mark sweep GC freed 36(1152B) AllocSpace objects, 0(0B) LOS objects, 40% free, 23MB/39MB, paused 157us total 16.198ms
08-04 12:56:42.377  3712  3726 I art     : Starting a blocking GC Explicit
08-04 12:56:42.392  3712  3726 I art     : Explicit concurrent mark sweep GC freed 66(2112B) AllocSpace objects, 0(0B) LOS objects, 40% free, 23MB/39MB, paused 160us total 15.655ms
08-04 12:56:42.510  3644  3644 I ServiceManager: Waiting for service AtCmdFwd...
08-04 12:56:42.519   512  2967 D audio_hw_primary: disable_audio_route: reset and update mixer path: low-latency-playback speaker
08-04 12:56:42.520  4219  4219 D AndroidRuntime: >>>>>> START com.android.internal.os.RuntimeInit uid 2000 <<<<<<
08-04 12:56:42.520   512  2967 D audio_hw_primary: disable_snd_device: snd_device(2: speaker)
08-04 12:56:42.524  4219  4219 D AndroidRuntime: CheckJNI is OFF
08-04 12:56:42.529   512  2967 I soundtrigger: audio_extn_sound_trigger_update_device_status: device 0x2 of type 0 for Event 0
08-04 12:56:42.535   918  3261 D WifiStateMachine: starting scan for "H369AA63323"WPA_PSK with 2412,5180
08-04 12:56:42.550  4219  4219 D ICU     : No timezone override file found: /data/misc/zoneinfo/current/icu/icu_tzdata.dat
08-04 12:56:42.578  4219  4219 I Radio-JNI: register_android_hardware_Radio DONE
08-04 12:56:42.595  4219  4219 D AndroidRuntime: Calling main entry com.android.commands.input.Input
08-04 12:56:42.596  4219  4219 I Input   : injectKeyEvent: KeyEvent { action=ACTION_DOWN, keyCode=KEYCODE_BACK, scanCode=0, metaState=0, flags=0x0, repeatCount=0, eventTime=709019010, downTime=709019010, deviceId=-1, source=0x101 }
08-04 12:56:42.601  4219  4219 I Input   : injectKeyEvent: KeyEvent { action=ACTION_UP, keyCode=KEYCODE_BACK, scanCode=0, metaState=0, flags=0x0, repeatCount=0, eventTime=709019010, downTime=709019010, deviceId=-1, source=0x101 }
08-04 12:56:42.612  4219  4219 D AndroidRuntime: Shutting down VM
08-04 12:56:42.642  3712  4218 I art     : Starting a blocking GC Explicit
08-04 12:56:42.663  3712  4218 I art     : Explicit concurrent mark sweep GC freed 2821(143KB) AllocSpace objects, 1(20KB) LOS objects, 39% free, 24MB/40MB, paused 380us total 20.613ms
08-04 12:56:42.665 13866 13866 I GoogleInputMethodServic: GoogleInputMethodService.onFinishInput():3138 
08-04 12:56:42.666 13866 13866 I GoogleInputMethodServic: GoogleInputMethodService.onStartInput():1808 
08-04 12:56:42.669  3712  4218 I art     : Starting a blocking GC Explicit
08-04 12:56:42.685  3712  4218 I art     : Explicit concurrent mark sweep GC freed 8523(536KB) AllocSpace objects, 0(0B) LOS objects, 40% free, 23MB/39MB, paused 158us total 15.893ms
08-04 12:56:42.692  3712  4218 I art     : Starting a blocking GC Explicit
08-04 12:56:42.706  3712  4218 I art     : Explicit concurrent mark sweep GC freed 15(656B) AllocSpace objects, 0(0B) LOS objects, 40% free, 23MB/39MB, paused 146us total 14.135ms
08-04 12:56:42.712  3712  4218 I art     : Starting a blocking GC Explicit
08-04 12:56:42.727  3712  4218 I art     : Explicit concurrent mark sweep GC freed 3(96B) AllocSpace objects, 0(0B) LOS objects, 40% free, 23MB/39MB, paused 148us total 15.050ms
08-04 12:56:42.734  3712  4218 I art     : Starting a blocking GC Explicit
08-04 12:56:42.750  3712  4218 I art     : Explicit concurrent mark sweep GC freed 3(96B) AllocSpace objects, 0(0B) LOS objects, 40% free, 23MB/39MB, paused 160us total 15.767ms
08-04 12:56:43.023  3712  3727 I art     : Starting a blocking GC Explicit
08-04 12:56:43.052  3712  3727 I art     : Explicit concurrent mark sweep GC freed 1493(86KB) AllocSpace objects, 1(20KB) LOS objects, 40% free, 23MB/39MB, paused 220us total 28.352ms
08-04 12:56:43.065  3712  3727 I art     : Starting a blocking GC Explicit
08-04 12:56:43.086  3712  3727 I art     : Explicit concurrent mark sweep GC freed 889(56KB) AllocSpace objects, 1(48KB) LOS objects, 40% free, 23MB/39MB, paused 183us total 20.735ms
08-04 12:56:43.094  3712  3727 I art     : Starting a blocking GC Explicit
08-04 12:56:43.111  3712  3727 I art     : Explicit concurrent mark sweep GC freed 3(96B) AllocSpace objects, 0(0B) LOS objects, 40% free, 23MB/39MB, paused 169us total 16.134ms
08-04 12:56:43.118  3712  3727 I art     : Starting a blocking GC Explicit
08-04 12:56:43.134  3712  3727 I art     : Explicit concurrent mark sweep GC freed 3(96B) AllocSpace objects, 0(0B) LOS objects, 40% free, 23MB/39MB, paused 158us total 15.913ms
08-04 12:56:43.141  3712  3727 I art     : Starting a blocking GC Explicit
08-04 12:56:43.156  3712  3727 I art     : Explicit concurrent mark sweep GC freed 3(96B) AllocSpace objects, 0(0B) LOS objects, 40% free, 23MB/39MB, paused 146us total 14.878ms
08-04 12:56:43.443  3712  3747 I art     : Starting a blocking GC Explicit
08-04 12:56:43.458 13866 13882 I PeriodicStatsRunner: PeriodicStatsRunner.call():175 call()
08-04 12:56:43.458 13866 13882 I PeriodicStatsRunner: PeriodicStatsRunner.call():179 No submit PeriodicStats since input started.
08-04 12:56:43.466  3712  3747 I art     : Explicit concurrent mark sweep GC freed 1365(80KB) AllocSpace objects, 1(20KB) LOS objects, 40% free, 23MB/39MB, paused 195us total 22.407ms
08-04 12:56:43.479  3712  3747 I art     : Starting a blocking GC Explicit
08-04 12:56:43.495  3712  3747 I art     : Explicit concurrent mark sweep GC freed 23(752B) AllocSpace objects, 0(0B) LOS objects, 40% free, 23MB/39MB, paused 167us total 15.608ms
08-04 12:56:43.501  3712  3747 I art     : Starting a blocking GC Explicit
08-04 12:56:43.510  3644  3644 W Atfwd_Sendcmd: AtCmdFwd service not published, waiting... retryCnt : 2
08-04 12:56:43.516  3712  3747 I art     : Explicit concurrent mark sweep GC freed 3(96B) AllocSpace objects, 0(0B) LOS objects, 40% free, 23MB/39MB, paused 148us total 14.251ms
08-04 12:56:43.522  3712  3747 I art     : Starting a blocking GC Explicit
08-04 12:56:43.535  3712  3747 I art     : Explicit concurrent mark sweep GC freed 3(96B) AllocSpace objects, 0(0B) LOS objects, 40% free, 23MB/39MB, paused 147us total 13.109ms
08-04 12:56:43.541  3712  3747 I art     : Starting a blocking GC Explicit
08-04 12:56:43.554  3712  3747 I art     : Explicit concurrent mark sweep GC freed 3(96B) AllocSpace objects, 0(0B) LOS objects, 40% free, 23MB/39MB, paused 144us total 13.187ms
08-04 12:56:43.620   518   646 I ThermalEngine: ACTION: GPU - Setting GPU[0] to 510000000
08-04 12:56:43.818  3712  3726 I art     : Starting a blocking GC Explicit
08-04 12:56:43.842  3712  3726 I art     : Explicit concurrent mark sweep GC freed 1392(80KB) AllocSpace objects, 1(20KB) LOS objects, 40% free, 23MB/39MB, paused 219us total 22.988ms
08-04 12:56:43.854  3712  3726 I art     : Starting a blocking GC Explicit
08-04 12:56:43.872  3712  3726 I art     : Explicit concurrent mark sweep GC freed 23(752B) AllocSpace objects, 0(0B) LOS objects, 40% free, 23MB/39MB, paused 208us total 18.671ms
08-04 12:56:43.881  3712  3726 I art     : Starting a blocking GC Explicit
08-04 12:56:43.899  3712  3726 I art     : Explicit concurrent mark sweep GC freed 3(96B) AllocSpace objects, 0(0B) LOS objects, 40% free, 23MB/39MB, paused 206us total 17.786ms
08-04 12:56:43.907  3712  3726 I art     : Starting a blocking GC Explicit
08-04 12:56:43.925  3712  3726 I art     : Explicit concurrent mark sweep GC freed 3(96B) AllocSpace objects, 0(0B) LOS objects, 40% free, 23MB/39MB, paused 196us total 17.844ms
08-04 12:56:43.934  3712  3726 I art     : Starting a blocking GC Explicit
08-04 12:56:43.952  3712  3726 I art     : Explicit concurrent mark sweep GC freed 3(96B) AllocSpace objects, 0(0B) LOS objects, 40% free, 23MB/39MB, paused 204us total 18.116ms
08-04 12:56:44.132   918   918 I ActivityManager: Start proc 4288:com.google.android.play.games/u0a64 for service com.google.android.play.games/com.google.android.libraries.internal.growth.growthkit.internal.jobs.impl.GrowthKitJobService
08-04 12:56:44.137 32231 32231 I Finsky  : [1] xow.onStartJob(3): SCH: onJobSchedulerWakeup with jobId 9011
08-04 12:56:44.144 32231 32231 I Finsky  : [1] xjw.a(9): Scheduling fallback in 43199994 (absolute: 1735608012)
08-04 12:56:44.147 32231 32231 I Finsky  : [1] xjw.a(9): Scheduling fallback in 64799997 (absolute: 1757208019)
08-04 12:56:44.220  3712  4218 I art     : Starting a blocking GC Explicit
08-04 12:56:44.237  3712  4218 I art     : Explicit concurrent mark sweep GC freed 1367(80KB) AllocSpace objects, 1(20KB) LOS objects, 40% free, 23MB/39MB, paused 232us total 17.533ms
08-04 12:56:44.245  3712  4218 I art     : Starting a blocking GC Explicit
08-04 12:56:44.259  4280  4280 D AndroidRuntime: >>>>>> START com.android.internal.os.RuntimeInit uid 2000 <<<<<<
08-04 12:56:44.263  3712  4218 I art     : Explicit concurrent mark sweep GC freed 74(3KB) AllocSpace objects, 0(0B) LOS objects, 40% free, 23MB/39MB, paused 235us total 17.383ms
08-04 12:56:44.264  4280  4280 D AndroidRuntime: CheckJNI is OFF
08-04 12:56:44.271  3712  4218 I art     : Starting a blocking GC Explicit
08-04 12:56:44.289  3712  4218 I art     : Explicit concurrent mark sweep GC freed 86(3KB) AllocSpace objects, 0(0B) LOS objects, 40% free, 23MB/39MB, paused 197us total 17.492ms
08-04 12:56:44.290 32231 32231 I Finsky  : [1] xkf.handleMessage(8): SCH: DeviceState: DeviceState{currentTime=1596538604286, isCharging=false, isIdle=false, netAny=true, netNotRoaming=true, netUnmetered=true, batteryPercent=100.0}
08-04 12:56:44.295 32231  3683 I Finsky  : [6014] xmu.a(8): SCH: Jobs in database: 1-1337 3-191 3-192 12-1 24-77777777 26-1414141414 
08-04 12:56:44.296  3712  4218 I art     : Starting a blocking GC Explicit
08-04 12:56:44.296 13866 13882 I PeriodicStatsRunner: PeriodicStatsRunner.call():175 call()
08-04 12:56:44.297 13866 13882 I PeriodicStatsRunner: PeriodicStatsRunner.call():179 No submit PeriodicStats since input started.
08-04 12:56:44.297  4280  4280 D ICU     : No timezone override file found: /data/misc/zoneinfo/current/icu/icu_tzdata.dat
08-04 12:56:44.299 32231 32231 I Finsky  : [1] xkg.a(16): SCH: Running job: 12-1
08-04 12:56:44.299 32231 32231 I Finsky  : [1] ContentSyncJob.a(16): [ContentSync] job started
08-04 12:56:44.300 32231 32231 I Finsky  : [1] xkf.handleMessage(61): SCH: RunningQueue size: 1, PendingQueue size: 0
08-04 12:56:44.301 32231 32231 I Finsky  : [1] xkf.handleMessage(64): SCH: Running queue: 12-1 
08-04 12:56:44.313  3712  4218 I art     : Explicit concurrent mark sweep GC freed 95(3040B) AllocSpace objects, 0(0B) LOS objects, 40% free, 23MB/39MB, paused 327us total 16.447ms
08-04 12:56:44.320  3712  4218 I art     : Starting a blocking GC Explicit
08-04 12:56:44.329  4280  4280 I Radio-JNI: register_android_hardware_Radio DONE
08-04 12:56:44.337  3712  4218 I art     : Explicit concurrent mark sweep GC freed 55(1760B) AllocSpace objects, 0(0B) LOS objects, 40% free, 23MB/39MB, paused 211us total 16.206ms
08-04 12:56:44.350  4280  4280 D AndroidRuntime: Calling main entry com.android.commands.input.Input
08-04 12:56:44.351  4280  4280 I Input   : injectKeyEvent: KeyEvent { action=ACTION_DOWN, keyCode=KEYCODE_BACK, scanCode=0, metaState=0, flags=0x0, repeatCount=0, eventTime=709020764, downTime=709020764, deviceId=-1, source=0x101 }
08-04 12:56:44.356  4280  4280 I Input   : injectKeyEvent: KeyEvent { action=ACTION_UP, keyCode=KEYCODE_BACK, scanCode=0, metaState=0, flags=0x0, repeatCount=0, eventTime=709020764, downTime=709020764, deviceId=-1, source=0x101 }
08-04 12:56:44.361  4280  4280 D AndroidRuntime: Shutting down VM
08-04 12:56:44.379  3712  3712 D QueueFragment: loadItems()
08-04 12:56:44.380  3712  3741 D DBReader: getQueue() called
08-04 12:56:44.380  3712  3741 D DBReader: getQueue()
08-04 12:56:44.380  3712  3712 V PlaybackController: initServiceNotRunning()
08-04 12:56:44.380  3712  3712 D ExternalPlayerFragment: Loading media info
08-04 12:56:44.381  3712  3741 D DBReader: getFavoriteIDList() called
08-04 12:56:44.381  3712  3712 D UserPreferences: Using default data folder
08-04 12:56:44.381  3712  3741 D DBReader: getQueueIDList() called
08-04 12:56:44.382  3712  3741 D DBReader: Extracting Feedlist
08-04 12:56:44.382  3712  3734 D DBReader: getNavDrawerData() called with: 
08-04 12:56:44.384  3712  3734 D DBReader: getDownloadedItems() called
08-04 12:56:44.385  3712  3734 D DBReader: getFavoriteIDList() called
08-04 12:56:44.385  3712  3734 D DBReader: getQueueIDList() called
08-04 12:56:44.385  3712  3734 D DBReader: Extracting Feedlist
08-04 12:56:44.395 32231  3703 I Finsky  : [6020] dzn.a(22): Completed 0 account content syncs with 0 successful.
08-04 12:56:44.396 32231 32231 I Finsky  : [1] ContentSyncJob.a(1): [ContentSync] Installation state replication succeeded.
08-04 12:56:44.396 32231 32231 I Finsky  : [1] xlr.a(13): SCH: jobFinished: 12-1. TimeElapsed: 97ms.
08-04 12:56:44.397 32231 32231 I Finsky  : [1] xkg.a(36): SCH: Job 12-1 finished. Not rescheduling.
08-04 12:56:44.397 32231 32231 I Finsky  : [1] xkf.handleMessage(61): SCH: RunningQueue size: 0, PendingQueue size: 0
08-04 12:56:44.397 32231 32231 I Finsky  : [1] xkf.handleMessage(25): Executor finished
08-04 12:56:44.416 32231 32231 I Finsky  : [1] xmu.a(8): SCH: Jobs in database: 1-1337 3-191 3-192 24-77777777 26-1414141414 
08-04 12:56:44.418 32231 32231 I Finsky  : [1] xio.a(57): SCH: ConstraintMapping: 24-77777777,  -> L: 0ms, D: 29596420ms, C: false, I: true, N: 0
08-04 12:56:44.419 32231 32231 I Finsky  : [1] xio.a(57): SCH: ConstraintMapping: 1-1337,  -> L: 14753634ms, D: 32948494ms, C: false, I: false, N: 1
08-04 12:56:44.419 32231 32231 I Finsky  : [1] xio.a(57): SCH: ConstraintMapping: 3-191,  -> L: 0ms, D: 73658367ms, C: false, I: true, N: 2
08-04 12:56:44.419 32231 32231 I Finsky  : [1] xio.a(57): SCH: ConstraintMapping: 3-192,  -> L: 0ms, D: 73658440ms, C: true, I: true, N: 2
08-04 12:56:44.420 32231 32231 I Finsky  : [1] xio.a(57): SCH: ConstraintMapping: 26-1414141414,  -> L: 37061620ms, D: 37961620ms, C: false, I: false, N: 0
08-04 12:56:44.428  3712  3712 D MainActivity: getLastNavFragment() -> QueueFragment
08-04 12:56:44.433 32231 32231 I Finsky  : [1] xle.a(34): Cancelling existing jobscheduler jobs: 9001 9016 9014 9013 9019 9017 9018 9015 9012 
08-04 12:56:44.433 32231 32231 I Finsky  : [1] xle.a(10): Throttling wakeup for job 9000 (expected to run in 0 ms) due to recent wakeup
08-04 12:56:44.433 32231 32231 I Finsky  : [1] xle.a(27): Scheduling job Id: 9000, L: 30000, D: 29596420, C: false, I: true, N: 0
08-04 12:56:44.435 32231 32231 I Finsky  : [1] xle.a(27): Scheduling job Id: 9002, L: 14753634, D: 32948494, C: false, I: false, N: 1
08-04 12:56:44.436 32231 32231 I Finsky  : [1] xle.a(10): Throttling wakeup for job 9003 (expected to run in 0 ms) due to recent wakeup
08-04 12:56:44.436 32231 32231 I Finsky  : [1] xle.a(27): Scheduling job Id: 9003, L: 30000, D: 73658367, C: false, I: true, N: 2
08-04 12:56:44.437 32231 32231 I Finsky  : [1] xle.a(10): Throttling wakeup for job 9004 (expected to run in 0 ms) due to recent wakeup
08-04 12:56:44.437 32231 32231 I Finsky  : [1] xle.a(27): Scheduling job Id: 9004, L: 30000, D: 73658440, C: true, I: true, N: 2
08-04 12:56:44.439 32231 32231 I Finsky  : [1] xle.a(27): Scheduling job Id: 9005, L: 37061620, D: 37961620, C: false, I: false, N: 0
08-04 12:56:44.440 32231 32231 I Finsky  : [1] xle.a(10): Throttling wakeup for job 9006 (expected to run in 0 ms) due to recent wakeup
08-04 12:56:44.440 32231 32231 I Finsky  : [1] xle.a(27): Scheduling job Id: 9006, L: 30000, D: 29596420, C: false, I: true, N: 0
08-04 12:56:44.441 32231 32231 I Finsky  : [1] xle.a(27): Scheduling job Id: 9007, L: 14753634, D: 32948494, C: false, I: false, N: 1
08-04 12:56:44.443 32231 32231 I Finsky  : [1] xle.a(10): Throttling wakeup for job 9008 (expected to run in 0 ms) due to recent wakeup
08-04 12:56:44.443 32231 32231 I Finsky  : [1] xle.a(27): Scheduling job Id: 9008, L: 30000, D: 73658367, C: false, I: true, N: 2
08-04 12:56:44.444 32231 32231 I Finsky  : [1] xle.a(10): Throttling wakeup for job 9009 (expected to run in 0 ms) due to recent wakeup
08-04 12:56:44.444 32231 32231 I Finsky  : [1] xle.a(27): Scheduling job Id: 9009, L: 30000, D: 73658440, C: true, I: true, N: 2
08-04 12:56:44.445 32231 32231 I Finsky  : [1] xle.a(27): Scheduling job Id: 9010, L: 37061620, D: 37961620, C: false, I: false, N: 0
08-04 12:56:44.459 13866 13866 I GoogleInputMethodServic: GoogleInputMethodService.onFinishInput():3138 
08-04 12:56:44.461 13866 13866 I GoogleInputMethodServic: GoogleInputMethodService.onStartInput():1808 
08-04 12:56:44.566  3712  3726 I art     : Starting a blocking GC Explicit
08-04 12:56:44.590  3712  3726 I art     : Explicit concurrent mark sweep GC freed 3358(195KB) AllocSpace objects, 1(20KB) LOS objects, 40% free, 23MB/39MB, paused 235us total 23.523ms
08-04 12:56:44.600  3712  3726 I art     : Starting a blocking GC Explicit
08-04 12:56:44.618  3712  3726 I art     : Explicit concurrent mark sweep GC freed 1478(93KB) AllocSpace objects, 0(0B) LOS objects, 40% free, 23MB/39MB, paused 216us total 17.015ms
08-04 12:56:44.626  3712  3726 I art     : Starting a blocking GC Explicit
08-04 12:56:44.643  3712  3726 I art     : Explicit concurrent mark sweep GC freed 3(96B) AllocSpace objects, 0(0B) LOS objects, 40% free, 23MB/39MB, paused 242us total 17.141ms
08-04 12:56:44.653  3712  3726 I art     : Starting a blocking GC Explicit
08-04 12:56:44.656  4288  4288 I GAv4-SVC: Google Analytics 202.5.90 is starting up.
08-04 12:56:44.670  3712  3726 I art     : Explicit concurrent mark sweep GC freed 3(96B) AllocSpace objects, 0(0B) LOS objects, 40% free, 23MB/39MB, paused 231us total 17.269ms
08-04 12:56:44.678  3712  3726 I art     : Starting a blocking GC Explicit
08-04 12:56:44.696  3712  3726 I art     : Explicit concurrent mark sweep GC freed 3(96B) AllocSpace objects, 0(0B) LOS objects, 40% free, 23MB/39MB, paused 319us total 17.284ms
08-04 12:56:44.742   380   380 W SurfaceFlinger: couldn't log to binary event log: overflow.
08-04 12:56:44.787  4288  4339 W DynamiteModule: Local module descriptor class for com.google.android.gms.measurement.dynamite not found.
08-04 12:56:44.791  4288  4339 E linker  : readlink('/proc/self/fd/21') failed: Permission denied [fd=21]
08-04 12:56:44.791  4288  4339 E linker  : warning: unable to get realpath for the library "/data/data/com.google.android.gms/app_chimera/m/00000039/oat/arm64/DynamiteLoader.odex". Will use given name.
08-04 12:56:44.814  4288  4339 I DynamiteLoaderV2: [71] Measurementdynamite
08-04 12:56:44.816  4288  4339 E linker  : readlink('/proc/self/fd/23') failed: Permission denied [fd=23]
08-04 12:56:44.816  4288  4339 E linker  : warning: unable to get realpath for the library "/data/data/com.google.android.gms/app_chimera/m/0000003e/oat/arm64/MeasurementDynamite.odex". Will use given name.
08-04 12:56:44.820  4288  4339 W System  : ClassLoader referenced unknown path: /data/data/com.google.android.gms/app_chimera/m/0000003e/n/arm64-v8a
08-04 12:56:44.830  4288  4339 W DynamiteModule: Local module descriptor class for com.google.android.gms.measurement.dynamite not found.
08-04 12:56:44.922  4288  4360 W DynamiteModule: Local module descriptor class for providerinstaller not found.
08-04 12:56:44.928 24365 24988 W ProviderHelper: Unknown dynamite feature providerinstaller
08-04 12:56:44.938  3712  3747 I art     : Starting a blocking GC Explicit
08-04 12:56:44.938  4288  4360 W ProviderInstaller: Failed to load providerinstaller module: No acceptable module found. Local version is 0 and remote version is 0.
08-04 12:56:44.941  4288  4360 E linker  : readlink('/proc/self/fd/22') failed: Permission denied [fd=22]
08-04 12:56:44.941  4288  4360 E linker  : warning: unable to get realpath for the library "/system/framework/oat/arm64/com.android.location.provider.odex". Will use given name.
08-04 12:56:44.943  4288  4360 E linker  : readlink('/proc/self/fd/22') failed: Permission denied [fd=22]
08-04 12:56:44.943  4288  4360 E linker  : warning: unable to get realpath for the library "/system/framework/oat/arm64/com.android.media.remotedisplay.odex". Will use given name.
08-04 12:56:44.956  3712  3747 I art     : Explicit concurrent mark sweep GC freed 1936(106KB) AllocSpace objects, 1(20KB) LOS objects, 40% free, 23MB/39MB, paused 213us total 18.418ms
08-04 12:56:44.965  3712  3747 I art     : Starting a blocking GC Explicit
08-04 12:56:44.980  3712  3747 I art     : Explicit concurrent mark sweep GC freed 6242(390KB) AllocSpace objects, 11(308KB) LOS objects, 40% free, 22MB/38MB, paused 241us total 15.623ms
08-04 12:56:44.988  3712  3747 I art     : Starting a blocking GC Explicit
08-04 12:56:44.989  4288  4360 E linker  : readlink('/proc/self/fd/22') failed: Permission denied [fd=22]
08-04 12:56:44.989  4288  4360 E linker  : warning: unable to get realpath for the library "/data/app/com.google.android.gms-2/oat/arm64/base.odex". Will use given name.
08-04 12:56:45.002  3712  3747 I art     : Explicit concurrent mark sweep GC freed 8(368B) AllocSpace objects, 0(0B) LOS objects, 40% free, 22MB/38MB, paused 203us total 14.424ms
08-04 12:56:45.010  3712  3747 I art     : Starting a blocking GC Explicit
08-04 12:56:45.024  3712  3747 I art     : Explicit concurrent mark sweep GC freed 3(96B) AllocSpace objects, 0(0B) LOS objects, 40% free, 22MB/38MB, paused 197us total 14.394ms
08-04 12:56:45.032  3712  3747 I art     : Starting a blocking GC Explicit
08-04 12:56:45.046  3712  3747 I art     : Explicit concurrent mark sweep GC freed 3(96B) AllocSpace objects, 0(0B) LOS objects, 40% free, 22MB/38MB, paused 215us total 14.476ms
08-04 12:56:45.194  4288  4360 E linker  : readlink('/proc/self/fd/22') failed: Permission denied [fd=22]
08-04 12:56:45.194  4288  4360 E linker  : warning: unable to get realpath for the library "/data/app/com.google.android.gms-2/lib/arm64/libconscrypt_gmscore_jni.so". Will use given name.
08-04 12:56:45.290  3712  3727 I art     : Starting a blocking GC Explicit
08-04 12:56:45.304  3712  3727 I art     : Explicit concurrent mark sweep GC freed 1367(82KB) AllocSpace objects, 1(20KB) LOS objects, 40% free, 22MB/38MB, paused 216us total 14.550ms
08-04 12:56:45.312  3712  3727 I art     : Starting a blocking GC Explicit
08-04 12:56:45.326  3712  3727 I art     : Explicit concurrent mark sweep GC freed 23(752B) AllocSpace objects, 0(0B) LOS objects, 40% free, 22MB/38MB, paused 208us total 14.204ms
08-04 12:56:45.333  3712  3727 I art     : Starting a blocking GC Explicit
08-04 12:56:45.338  4288  4360 V NativeCrypto: Registering com/google/android/gms/org/conscrypt/NativeCrypto's 286 native methods...
08-04 12:56:45.348  3712  3727 I art     : Explicit concurrent mark sweep GC freed 3(96B) AllocSpace objects, 0(0B) LOS objects, 40% free, 22MB/38MB, paused 209us total 14.471ms
08-04 12:56:45.355  3712  3727 I art     : Starting a blocking GC Explicit
08-04 12:56:45.358  4288  4359 I FA      : App measurement initialized, version: 29027
08-04 12:56:45.358  4288  4359 I FA      : To enable debug logging run: adb shell setprop log.tag.FA VERBOSE
08-04 12:56:45.359  4288  4359 I FA      : To enable faster debug mode event logging run:
08-04 12:56:45.359  4288  4359 I FA      :   adb shell setprop debug.firebase.analytics.app com.google.android.play.games
08-04 12:56:45.370  3712  3727 I art     : Explicit concurrent mark sweep GC freed 3(96B) AllocSpace objects, 0(0B) LOS objects, 40% free, 22MB/38MB, paused 219us total 14.615ms
08-04 12:56:45.377  3712  3727 I art     : Starting a blocking GC Explicit
08-04 12:56:45.382   918   927 I art     : Background partial concurrent mark sweep GC freed 79573(7MB) AllocSpace objects, 86(1720KB) LOS objects, 18% free, 69MB/85MB, paused 1.397ms total 168.478ms
08-04 12:56:45.392  3712  3727 I art     : Explicit concurrent mark sweep GC freed 3(96B) AllocSpace objects, 0(0B) LOS objects, 40% free, 22MB/38MB, paused 221us total 14.742ms
08-04 12:56:45.475  4288  4360 I art     : Rejecting re-init on previously-failed class java.lang.Class<com.google.android.gms.org.conscrypt.Java7ExtendedSSLSession>
08-04 12:56:45.475  4288  4360 I art     : Rejecting re-init on previously-failed class java.lang.Class<com.google.android.gms.org.conscrypt.Java7ExtendedSSLSession>
08-04 12:56:45.476  4288  4360 I art     : Rejecting re-init on previously-failed class java.lang.Class<com.google.android.gms.org.conscrypt.Java8ExtendedSSLSession>
08-04 12:56:45.477  4288  4360 I art     : Rejecting re-init on previously-failed class java.lang.Class<com.google.android.gms.org.conscrypt.Java8ExtendedSSLSession>
08-04 12:56:45.555  4288  4360 I ProviderInstaller: Installed default security provider GmsCore_OpenSSL
08-04 12:56:45.574   918  6029 I AccountManagerService: getTypesVisibleToCaller: isPermitted? true
08-04 12:56:45.650  3712  4218 I art     : Starting a blocking GC Explicit
08-04 12:56:45.658   918   928 I AccountManagerService: getTypesVisibleToCaller: isPermitted? true
08-04 12:56:45.666  3712  4218 I art     : Explicit concurrent mark sweep GC freed 1364(80KB) AllocSpace objects, 1(20KB) LOS objects, 40% free, 22MB/38MB, paused 206us total 15.249ms
08-04 12:56:45.673  3712  4218 I art     : Starting a blocking GC Explicit
08-04 12:56:45.682  4288  4360 I DynamiteLoaderV2: [71] Cronetdynamite
08-04 12:56:45.683  4288  4360 E linker  : readlink('/proc/self/fd/26') failed: Permission denied [fd=26]
08-04 12:56:45.683  4288  4360 E linker  : warning: unable to get realpath for the library "/data/data/com.google.android.gms/app_chimera/m/00000038/oat/arm64/CronetDynamite.odex". Will use given name.
08-04 12:56:45.688  3712  4218 I art     : Explicit concurrent mark sweep GC freed 26(864B) AllocSpace objects, 0(0B) LOS objects, 40% free, 22MB/38MB, paused 205us total 14.642ms
08-04 12:56:45.695  3712  4218 I art     : Starting a blocking GC Explicit
08-04 12:56:45.710  3712  4218 I art     : Explicit concurrent mark sweep GC freed 3(96B) AllocSpace objects, 0(0B) LOS objects, 40% free, 22MB/38MB, paused 207us total 14.422ms
08-04 12:56:45.717  3712  4218 I art     : Starting a blocking GC Explicit
08-04 12:56:45.731  3712  4218 I art     : Explicit concurrent mark sweep GC freed 3(96B) AllocSpace objects, 0(0B) LOS objects, 40% free, 22MB/38MB, paused 222us total 14.080ms
08-04 12:56:45.739  3712  4218 I art     : Starting a blocking GC Explicit
08-04 12:56:45.748 13866 13882 I PeriodicStatsRunner: PeriodicStatsRunner.call():175 call()
08-04 12:56:45.748 13866 13882 I PeriodicStatsRunner: PeriodicStatsRunner.call():179 No submit PeriodicStats since input started.
08-04 12:56:45.749   918  6111 D ConnectivityService: listenForNetwork for Listen from uid/pid:10064/4288 for NetworkRequest [ id=2658, legacyType=-1, [ Capabilities: INTERNET&NOT_RESTRICTED&TRUSTED] ]
08-04 12:56:45.753  3712  4218 I art     : Explicit concurrent mark sweep GC freed 3(96B) AllocSpace objects, 0(0B) LOS objects, 40% free, 22MB/38MB, paused 197us total 14.055ms
08-04 12:56:45.753  4288  4360 E linker  : readlink('/proc/self/fd/36') failed: Permission denied [fd=36]
08-04 12:56:45.754  4288  4360 E linker  : warning: unable to get realpath for the library "/data/data/com.google.android.gms/app_chimera/m/00000038/n/arm64-v8a/libcronet.83.0.4103.106.so". Will use given name.
08-04 12:56:45.769  4288  4360 I cr_CronetLibraryLoader: Cronet version: 83.0.4103.106, arch: aarch64
08-04 12:56:45.979  4389  4389 D AndroidRuntime: >>>>>> START com.android.internal.os.RuntimeInit uid 2000 <<<<<<
08-04 12:56:45.984  4389  4389 D AndroidRuntime: CheckJNI is OFF
08-04 12:56:46.001  3712  3747 I art     : Starting a blocking GC Explicit
08-04 12:56:46.018  3712  3747 I art     : Explicit concurrent mark sweep GC freed 1393(81KB) AllocSpace objects, 1(20KB) LOS objects, 40% free, 22MB/38MB, paused 239us total 16.660ms
08-04 12:56:46.019  4389  4389 D ICU     : No timezone override file found: /data/misc/zoneinfo/current/icu/icu_tzdata.dat
08-04 12:56:46.027  3712  3747 I art     : Starting a blocking GC Explicit
08-04 12:56:46.043  3712  3747 I art     : Explicit concurrent mark sweep GC freed 23(752B) AllocSpace objects, 0(0B) LOS objects, 40% free, 22MB/38MB, paused 230us total 16.643ms
08-04 12:56:46.051  3712  3747 I art     : Starting a blocking GC Explicit
08-04 12:56:46.053  4389  4389 I Radio-JNI: register_android_hardware_Radio DONE
08-04 12:56:46.068  3712  3747 I art     : Explicit concurrent mark sweep GC freed 3(96B) AllocSpace objects, 0(0B) LOS objects, 40% free, 22MB/38MB, paused 229us total 16.396ms
08-04 12:56:46.076  4389  4389 D AndroidRuntime: Calling main entry com.android.commands.input.Input
08-04 12:56:46.076  3712  3747 I art     : Starting a blocking GC Explicit
08-04 12:56:46.078  4389  4389 I Input   : injectMotionEvent: MotionEvent { action=ACTION_DOWN, actionButton=0, id[0]=0, x[0]=103.0, y[0]=192.0, toolType[0]=TOOL_TYPE_UNKNOWN, buttonState=0, metaState=0, flags=0x0, edgeFlags=0x0, pointerCount=1, historySize=0, eventTime=709022491, downTime=709022491, deviceId=0, source=0x1002 }
08-04 12:56:46.082  4389  4389 I Input   : injectMotionEvent: MotionEvent { action=ACTION_UP, actionButton=0, id[0]=0, x[0]=103.0, y[0]=192.0, toolType[0]=TOOL_TYPE_UNKNOWN, buttonState=0, metaState=0, flags=0x0, edgeFlags=0x0, pointerCount=1, historySize=0, eventTime=709022491, downTime=709022491, deviceId=0, source=0x1002 }
08-04 12:56:46.084  4389  4389 D AndroidRuntime: Shutting down VM
08-04 12:56:46.092  3712  3747 I art     : Explicit concurrent mark sweep GC freed 23(720B) AllocSpace objects, 0(0B) LOS objects, 40% free, 22MB/38MB, paused 229us total 15.957ms
08-04 12:56:46.096   512  2967 D audio_hw_primary: out_set_parameters: enter: usecase(1: low-latency-playback) kvpairs: routing=2
08-04 12:56:46.100  3712  3747 I art     : Starting a blocking GC Explicit
08-04 12:56:46.109   512  2967 D audio_hw_primary: select_devices: out_snd_device(2: speaker) in_snd_device(0: none)
08-04 12:56:46.109   512  2967 D msm8974_platform: platform_send_audio_calibration: sending audio calibration for snd_device(2) acdb_id(15)
08-04 12:56:46.110   512  2967 I soundtrigger: audio_extn_sound_trigger_update_device_status: device 0x2 of type 0 for Event 1
08-04 12:56:46.117  3712  3747 I art     : Explicit concurrent mark sweep GC freed 36(1168B) AllocSpace objects, 0(0B) LOS objects, 40% free, 22MB/38MB, paused 283us total 16.684ms
08-04 12:56:46.122   512  2967 D audio_hw_primary: enable_snd_device: snd_device(2: speaker)
08-04 12:56:46.124   512  2967 D audio_hw_primary: enable_audio_route: apply and update mixer path: low-latency-playback speaker
08-04 12:56:46.134 13866 13866 I GoogleInputMethodServic: GoogleInputMethodService.onFinishInput():3138 
08-04 12:56:46.135 13866 13866 I GoogleInputMethodServic: GoogleInputMethodService.onStartInput():1808 
08-04 12:56:46.199   918   928 I AccountManagerService: getTypesVisibleToCaller: isPermitted? true
08-04 12:56:46.367  3712  3727 I art     : Starting a blocking GC Explicit
08-04 12:56:46.378 13866 13882 I PeriodicStatsRunner: PeriodicStatsRunner.call():175 call()
08-04 12:56:46.378 13866 13882 I PeriodicStatsRunner: PeriodicStatsRunner.call():179 No submit PeriodicStats since input started.
08-04 12:56:46.383  3712  3727 I art     : Explicit concurrent mark sweep GC freed 1803(103KB) AllocSpace objects, 1(20KB) LOS objects, 40% free, 22MB/38MB, paused 223us total 15.922ms
08-04 12:56:46.392  3712  3727 I art     : Starting a blocking GC Explicit
08-04 12:56:46.410  3712  3727 I art     : Explicit concurrent mark sweep GC freed 86(5KB) AllocSpace objects, 0(0B) LOS objects, 40% free, 22MB/38MB, paused 218us total 17.526ms
08-04 12:56:46.418  3712  3727 I art     : Starting a blocking GC Explicit
08-04 12:56:46.435  3712  3727 I art     : Explicit concurrent mark sweep GC freed 3(96B) AllocSpace objects, 0(0B) LOS objects, 40% free, 22MB/38MB, paused 210us total 16.138ms
08-04 12:56:46.442  3712  3727 I art     : Starting a blocking GC Explicit
08-04 12:56:46.458  3712  3727 I art     : Explicit concurrent mark sweep GC freed 9(288B) AllocSpace objects, 0(0B) LOS objects, 40% free, 22MB/38MB, paused 216us total 15.618ms
08-04 12:56:46.466  3712  3727 I art     : Starting a blocking GC Explicit
08-04 12:56:46.481  3712  3727 I art     : Explicit concurrent mark sweep GC freed 3(96B) AllocSpace objects, 0(0B) LOS objects, 40% free, 22MB/38MB, paused 219us total 15.226ms
08-04 12:56:46.658   512  2967 D audio_hw_primary: disable_audio_route: reset and update mixer path: low-latency-playback speaker
08-04 12:56:46.660   512  2967 D audio_hw_primary: disable_snd_device: snd_device(2: speaker)
08-04 12:56:46.668   512  2967 I soundtrigger: audio_extn_sound_trigger_update_device_status: device 0x2 of type 0 for Event 0
08-04 12:56:46.753  3712  4218 I art     : Starting a blocking GC Explicit
08-04 12:56:46.770  3712  4218 I art     : Explicit concurrent mark sweep GC freed 1367(81KB) AllocSpace objects, 1(20KB) LOS objects, 40% free, 22MB/38MB, paused 213us total 17.492ms
08-04 12:56:46.779  3712  4218 I art     : Starting a blocking GC Explicit
08-04 12:56:46.795  3712  4218 I art     : Explicit concurrent mark sweep GC freed 25(816B) AllocSpace objects, 0(0B) LOS objects, 40% free, 22MB/38MB, paused 215us total 16.293ms
08-04 12:56:46.803  3712  4218 I art     : Starting a blocking GC Explicit
08-04 12:56:46.820  3712  4218 I art     : Explicit concurrent mark sweep GC freed 5(160B) AllocSpace objects, 0(0B) LOS objects, 40% free, 22MB/38MB, paused 210us total 16.288ms
08-04 12:56:46.828  3712  4218 I art     : Starting a blocking GC Explicit
08-04 12:56:46.844  3712  4218 I art     : Explicit concurrent mark sweep GC freed 32(880B) AllocSpace objects, 0(0B) LOS objects, 40% free, 22MB/38MB, paused 209us total 16.398ms
08-04 12:56:46.852  3712  4218 I art     : Starting a blocking GC Explicit
08-04 12:56:46.869  3712  4218 I art     : Explicit concurrent mark sweep GC freed 3(96B) AllocSpace objects, 0(0B) LOS objects, 40% free, 22MB/38MB, paused 215us total 16.583ms
08-04 12:56:47.003 13866 13882 I PeriodicStatsRunner: PeriodicStatsRunner.call():175 call()
08-04 12:56:47.003 13866 13882 I PeriodicStatsRunner: PeriodicStatsRunner.call():179 No submit PeriodicStats since input started.
08-04 12:56:47.130   918  3188 I hubconnection: sensorhub said: 'set_bias 3: -6.4992, 0.0000, 0.0000'
08-04 12:56:47.163  3712  3747 I art     : Starting a blocking GC Explicit
08-04 12:56:47.185  3712  3747 I art     : Explicit concurrent mark sweep GC freed 1363(82KB) AllocSpace objects, 1(20KB) LOS objects, 40% free, 22MB/38MB, paused 269us total 21.558ms
08-04 12:56:47.200  3712  3747 I art     : Starting a blocking GC Explicit
08-04 12:56:47.217  3712  3747 I art     : Explicit concurrent mark sweep GC freed 23(752B) AllocSpace objects, 0(0B) LOS objects, 40% free, 22MB/38MB, paused 242us total 16.647ms
08-04 12:56:47.225  3712  3747 I art     : Starting a blocking GC Explicit
08-04 12:56:47.241  3712  3747 I art     : Explicit concurrent mark sweep GC freed 3(96B) AllocSpace objects, 0(0B) LOS objects, 40% free, 22MB/38MB, paused 224us total 16.320ms
08-04 12:56:47.249  3712  3747 I art     : Starting a blocking GC Explicit
08-04 12:56:47.266  3712  3747 I art     : Explicit concurrent mark sweep GC freed 3(96B) AllocSpace objects, 0(0B) LOS objects, 40% free, 22MB/38MB, paused 224us total 16.964ms
08-04 12:56:47.274  3712  3747 I art     : Starting a blocking GC Explicit
08-04 12:56:47.291  3712  3747 I art     : Explicit concurrent mark sweep GC freed 3(96B) AllocSpace objects, 0(0B) LOS objects, 40% free, 22MB/38MB, paused 223us total 16.735ms
08-04 12:56:47.541  3712  3726 I art     : Starting a blocking GC Explicit
08-04 12:56:47.558  3712  3726 I art     : Explicit concurrent mark sweep GC freed 1362(80KB) AllocSpace objects, 1(20KB) LOS objects, 40% free, 22MB/38MB, paused 229us total 17.160ms
08-04 12:56:47.566  3712  3726 I art     : Starting a blocking GC Explicit
08-04 12:56:47.583  3712  3726 I art     : Explicit concurrent mark sweep GC freed 23(752B) AllocSpace objects, 0(0B) LOS objects, 40% free, 22MB/38MB, paused 215us total 16.478ms
08-04 12:56:47.591  3712  3726 I art     : Starting a blocking GC Explicit
08-04 12:56:47.608  3712  3726 I art     : Explicit concurrent mark sweep GC freed 3(96B) AllocSpace objects, 0(0B) LOS objects, 40% free, 22MB/38MB, paused 208us total 17.094ms
08-04 12:56:47.617  3712  3726 I art     : Starting a blocking GC Explicit
08-04 12:56:47.633  3712  3726 I art     : Explicit concurrent mark sweep GC freed 3(96B) AllocSpace objects, 0(0B) LOS objects, 40% free, 22MB/38MB, paused 207us total 16.284ms
08-04 12:56:47.641  3712  3726 I art     : Starting a blocking GC Explicit
08-04 12:56:47.658  3712  3726 I art     : Explicit concurrent mark sweep GC freed 3(96B) AllocSpace objects, 0(0B) LOS objects, 40% free, 22MB/38MB, paused 209us total 16.311ms
08-04 12:56:47.666 13866 13882 I PeriodicStatsRunner: PeriodicStatsRunner.call():175 call()
08-04 12:56:47.666 13866 13882 I PeriodicStatsRunner: PeriodicStatsRunner.call():179 No submit PeriodicStats since input started.
08-04 12:56:47.743  4464  4464 D AndroidRuntime: >>>>>> START com.android.internal.os.RuntimeInit uid 2000 <<<<<<
08-04 12:56:47.748  4464  4464 D AndroidRuntime: CheckJNI is OFF
08-04 12:56:47.782  4464  4464 D ICU     : No timezone override file found: /data/misc/zoneinfo/current/icu/icu_tzdata.dat
08-04 12:56:47.815  4464  4464 I Radio-JNI: register_android_hardware_Radio DONE
08-04 12:56:47.837  4464  4464 D AndroidRuntime: Calling main entry com.android.commands.input.Input
08-04 12:56:47.839  4464  4464 I Input   : injectMotionEvent: MotionEvent { action=ACTION_DOWN, actionButton=0, id[0]=0, x[0]=409.0, y[0]=1034.0, toolType[0]=TOOL_TYPE_UNKNOWN, buttonState=0, metaState=0, flags=0x0, edgeFlags=0x0, pointerCount=1, historySize=0, eventTime=709024252, downTime=709024252, deviceId=0, source=0x1002 }
08-04 12:56:47.843  4464  4464 I Input   : injectMotionEvent: MotionEvent { action=ACTION_UP, actionButton=0, id[0]=0, x[0]=409.0, y[0]=1034.0, toolType[0]=TOOL_TYPE_UNKNOWN, buttonState=0, metaState=0, flags=0x0, edgeFlags=0x0, pointerCount=1, historySize=0, eventTime=709024252, downTime=709024252, deviceId=0, source=0x1002 }
08-04 12:56:47.846  4464  4464 D AndroidRuntime: Shutting down VM
08-04 12:56:47.912  3712  3712 D MainActivity: loadFragment(index: 5, args: null)
08-04 12:56:47.912  3712  3712 D MainActivity: loadFragment(tag: AddFeedFragment, args: null)
08-04 12:56:47.913  3712  3712 D MainActivity: saveLastNavFragment(tag: AddFeedFragment)
08-04 12:56:47.913  3712  3712 D MainActivity: getLastNavFragment() -> AddFeedFragment
08-04 12:56:47.913   512  2967 D audio_hw_primary: out_set_parameters: enter: usecase(1: low-latency-playback) kvpairs: routing=2
08-04 12:56:47.916  3712  3747 I art     : Starting a blocking GC Explicit
08-04 12:56:47.926   512  2967 D audio_hw_primary: select_devices: out_snd_device(2: speaker) in_snd_device(0: none)
08-04 12:56:47.926   512  2967 D msm8974_platform: platform_send_audio_calibration: sending audio calibration for snd_device(2) acdb_id(15)
08-04 12:56:47.927   512  2967 I soundtrigger: audio_extn_sound_trigger_update_device_status: device 0x2 of type 0 for Event 1
08-04 12:56:47.934  3712  3747 I art     : Explicit concurrent mark sweep GC freed 1600(106KB) AllocSpace objects, 2(40KB) LOS objects, 40% free, 22MB/38MB, paused 550us total 17.714ms
08-04 12:56:47.938   512  2967 D audio_hw_primary: enable_snd_device: snd_device(2: speaker)
08-04 12:56:47.940   512  2967 D audio_hw_primary: enable_audio_route: apply and update mixer path: low-latency-playback speaker
08-04 12:56:47.942  3712  3747 I art     : Starting a blocking GC Explicit
08-04 12:56:47.961  3712  3747 I art     : Explicit concurrent mark sweep GC freed 1468(74KB) AllocSpace objects, 0(0B) LOS objects, 40% free, 23MB/38MB, paused 496us total 18.734ms
08-04 12:56:47.969  3712  3747 I art     : Starting a blocking GC Explicit
08-04 12:56:47.988  3712  3747 I art     : Explicit concurrent mark sweep GC freed 635(39KB) AllocSpace objects, 0(0B) LOS objects, 40% free, 23MB/38MB, paused 237us total 18.681ms
08-04 12:56:47.995  3712  3747 I art     : Starting a blocking GC Explicit
08-04 12:56:48.012  3712  3747 I art     : Explicit concurrent mark sweep GC freed 1160(70KB) AllocSpace objects, 2(56KB) LOS objects, 40% free, 22MB/38MB, paused 205us total 16.388ms
08-04 12:56:48.020  3712  3747 I art     : Starting a blocking GC Explicit
08-04 12:56:48.035  3712  3747 I art     : Explicit concurrent mark sweep GC freed 5(160B) AllocSpace objects, 0(0B) LOS objects, 40% free, 22MB/38MB, paused 200us total 15.145ms
08-04 12:56:48.290  3712  3747 I art     : Starting a blocking GC Explicit
08-04 12:56:48.307  3712  3747 I art     : Explicit concurrent mark sweep GC freed 1407(81KB) AllocSpace objects, 1(20KB) LOS objects, 40% free, 22MB/38MB, paused 223us total 16.506ms
08-04 12:56:48.316  3712  3747 I art     : Starting a blocking GC Explicit
08-04 12:56:48.334  3712  3747 I art     : Explicit concurrent mark sweep GC freed 68(2256B) AllocSpace objects, 0(0B) LOS objects, 40% free, 22MB/38MB, paused 219us total 17.571ms
08-04 12:56:48.342  3712  3747 I art     : Starting a blocking GC Explicit
08-04 12:56:48.350 13866 13866 I GoogleInputMethodServic: GoogleInputMethodService.onFinishInput():3138 
08-04 12:56:48.350 13866 13866 I GoogleInputMethodServic: GoogleInputMethodService.onStartInput():1808 
08-04 12:56:48.358  3712  3747 I art     : Explicit concurrent mark sweep GC freed 104(4KB) AllocSpace objects, 0(0B) LOS objects, 40% free, 22MB/38MB, paused 220us total 15.343ms
08-04 12:56:48.365  3712  3747 I art     : Starting a blocking GC Explicit
08-04 12:56:48.381  3712  3747 I art     : Explicit concurrent mark sweep GC freed 87(5KB) AllocSpace objects, 0(0B) LOS objects, 40% free, 22MB/38MB, paused 199us total 15.466ms
08-04 12:56:48.388  3712  3747 I art     : Starting a blocking GC Explicit
08-04 12:56:48.403  3712  3747 I art     : Explicit concurrent mark sweep GC freed 3(96B) AllocSpace objects, 0(0B) LOS objects, 40% free, 22MB/38MB, paused 198us total 15.081ms
08-04 12:56:48.480   512  2967 D audio_hw_primary: disable_audio_route: reset and update mixer path: low-latency-playback speaker
08-04 12:56:48.481   512  2967 D audio_hw_primary: disable_snd_device: snd_device(2: speaker)
08-04 12:56:48.489   512  2967 I soundtrigger: audio_extn_sound_trigger_update_device_status: device 0x2 of type 0 for Event 0
08-04 12:56:48.699  3712  4218 I art     : Starting a blocking GC Explicit
08-04 12:56:48.718  3712  4218 I art     : Explicit concurrent mark sweep GC freed 1362(80KB) AllocSpace objects, 1(20KB) LOS objects, 40% free, 22MB/38MB, paused 201us total 19.447ms
08-04 12:56:48.727  3712  4218 I art     : Starting a blocking GC Explicit
08-04 12:56:48.745  3712  4218 I art     : Explicit concurrent mark sweep GC freed 25(816B) AllocSpace objects, 0(0B) LOS objects, 40% free, 22MB/38MB, paused 225us total 17.493ms
08-04 12:56:48.753  3712  4218 I art     : Starting a blocking GC Explicit
08-04 12:56:48.770  3712  4218 I art     : Explicit concurrent mark sweep GC freed 5(160B) AllocSpace objects, 0(0B) LOS objects, 40% free, 22MB/38MB, paused 195us total 16.274ms
08-04 12:56:48.778  3712  4218 I art     : Starting a blocking GC Explicit
08-04 12:56:48.794  3712  4218 I art     : Explicit concurrent mark sweep GC freed 3(96B) AllocSpace objects, 0(0B) LOS objects, 40% free, 22MB/38MB, paused 230us total 15.986ms
08-04 12:56:48.802  3712  4218 I art     : Starting a blocking GC Explicit
08-04 12:56:48.819  3712  4218 I art     : Explicit concurrent mark sweep GC freed 3(96B) AllocSpace objects, 0(0B) LOS objects, 40% free, 22MB/38MB, paused 209us total 17.015ms
08-04 12:56:49.094  3712  3727 I art     : Starting a blocking GC Explicit
08-04 12:56:49.112  3712  3727 I art     : Explicit concurrent mark sweep GC freed 1391(80KB) AllocSpace objects, 1(20KB) LOS objects, 40% free, 22MB/38MB, paused 238us total 17.695ms
08-04 12:56:49.120  3712  3727 I art     : Starting a blocking GC Explicit
08-04 12:56:49.138  3712  3727 I art     : Explicit concurrent mark sweep GC freed 23(752B) AllocSpace objects, 0(0B) LOS objects, 40% free, 22MB/38MB, paused 228us total 17.264ms
08-04 12:56:49.146  3712  3727 I art     : Starting a blocking GC Explicit
08-04 12:56:49.162  3712  3727 I art     : Explicit concurrent mark sweep GC freed 3(96B) AllocSpace objects, 0(0B) LOS objects, 40% free, 22MB/38MB, paused 215us total 16.465ms
08-04 12:56:49.171  3712  3727 I art     : Starting a blocking GC Explicit
08-04 12:56:49.186  3712  3727 I art     : Explicit concurrent mark sweep GC freed 3(96B) AllocSpace objects, 0(0B) LOS objects, 40% free, 22MB/38MB, paused 217us total 15.607ms
08-04 12:56:49.194  3712  3727 I art     : Starting a blocking GC Explicit
08-04 12:56:49.210  3712  3727 I art     : Explicit concurrent mark sweep GC freed 3(96B) AllocSpace objects, 0(0B) LOS objects, 40% free, 22MB/38MB, paused 213us total 16.009ms
08-04 12:56:49.460 13866 13882 I PeriodicStatsRunner: PeriodicStatsRunner.call():175 call()
08-04 12:56:49.460 13866 13882 I PeriodicStatsRunner: PeriodicStatsRunner.call():179 No submit PeriodicStats since input started.
08-04 12:56:49.473  3712  4218 I art     : Starting a blocking GC Explicit
08-04 12:56:49.490  4529  4529 D AndroidRuntime: >>>>>> START com.android.internal.os.RuntimeInit uid 2000 <<<<<<
08-04 12:56:49.491  3712  4218 I art     : Explicit concurrent mark sweep GC freed 1362(80KB) AllocSpace objects, 1(20KB) LOS objects, 40% free, 22MB/38MB, paused 229us total 17.969ms
08-04 12:56:49.496  4529  4529 D AndroidRuntime: CheckJNI is OFF
08-04 12:56:49.499  3712  4218 I art     : Starting a blocking GC Explicit
08-04 12:56:49.517  3712  4218 I art     : Explicit concurrent mark sweep GC freed 23(752B) AllocSpace objects, 0(0B) LOS objects, 40% free, 22MB/38MB, paused 221us total 16.919ms
08-04 12:56:49.524  3712  4218 I art     : Starting a blocking GC Explicit
08-04 12:56:49.533  4529  4529 D ICU     : No timezone override file found: /data/misc/zoneinfo/current/icu/icu_tzdata.dat
08-04 12:56:49.541  3712  4218 I art     : Explicit concurrent mark sweep GC freed 3(96B) AllocSpace objects, 0(0B) LOS objects, 40% free, 22MB/38MB, paused 221us total 16.360ms
08-04 12:56:49.549  3712  4218 I art     : Starting a blocking GC Explicit
08-04 12:56:49.566  3712  4218 I art     : Explicit concurrent mark sweep GC freed 4(128B) AllocSpace objects, 0(0B) LOS objects, 40% free, 22MB/38MB, paused 234us total 16.544ms
08-04 12:56:49.570  4529  4529 I Radio-JNI: register_android_hardware_Radio DONE
08-04 12:56:49.574  3712  4218 I art     : Starting a blocking GC Explicit
08-04 12:56:49.591  3712  4218 I art     : Explicit concurrent mark sweep GC freed 6(192B) AllocSpace objects, 0(0B) LOS objects, 40% free, 22MB/38MB, paused 224us total 17.094ms
08-04 12:56:49.592  4529  4529 D AndroidRuntime: Calling main entry com.android.commands.input.Input
08-04 12:56:49.594  4529  4529 I Input   : injectMotionEvent: MotionEvent { action=ACTION_DOWN, actionButton=0, id[0]=0, x[0]=567.0, y[0]=714.0, toolType[0]=TOOL_TYPE_UNKNOWN, buttonState=0, metaState=0, flags=0x0, edgeFlags=0x0, pointerCount=1, historySize=0, eventTime=709026007, downTime=709026007, deviceId=0, source=0x1002 }
08-04 12:56:49.600  4529  4529 I Input   : injectMotionEvent: MotionEvent { action=ACTION_UP, actionButton=0, id[0]=0, x[0]=567.0, y[0]=714.0, toolType[0]=TOOL_TYPE_UNKNOWN, buttonState=0, metaState=0, flags=0x0, edgeFlags=0x0, pointerCount=1, historySize=0, eventTime=709026007, downTime=709026007, deviceId=0, source=0x1002 }
08-04 12:56:49.604  4529  4529 D AndroidRuntime: Shutting down VM
08-04 12:56:49.617   512  2967 D audio_hw_primary: out_set_parameters: enter: usecase(1: low-latency-playback) kvpairs: routing=2
08-04 12:56:49.630   512  2967 D audio_hw_primary: select_devices: out_snd_device(2: speaker) in_snd_device(0: none)
08-04 12:56:49.630   512  2967 D msm8974_platform: platform_send_audio_calibration: sending audio calibration for snd_device(2) acdb_id(15)
08-04 12:56:49.631   512  2967 I soundtrigger: audio_extn_sound_trigger_update_device_status: device 0x2 of type 0 for Event 1
08-04 12:56:49.640  3712  4319 D AntennapodHttpClient: Creating new instance of HTTP client
08-04 12:56:49.640   512  2967 D audio_hw_primary: enable_snd_device: snd_device(2: speaker)
08-04 12:56:49.642   512  2967 D audio_hw_primary: enable_audio_route: apply and update mixer path: low-latency-playback speaker
08-04 12:56:49.651 13866 13866 I GoogleInputMethodServic: GoogleInputMethodService.onFinishInput():3138 
08-04 12:56:49.651 13866 13866 I GoogleInputMethodServic: GoogleInputMethodService.onStartInput():1808 
08-04 12:56:49.821  3712  3747 I art     : Starting a blocking GC Explicit
08-04 12:56:49.843  3712  3747 I art     : Explicit concurrent mark sweep GC freed 11815(668KB) AllocSpace objects, 4(220KB) LOS objects, 40% free, 23MB/39MB, paused 310us total 21.677ms
08-04 12:56:49.851  3712  3747 I art     : Starting a blocking GC Explicit
08-04 12:56:49.867  3712  3747 I art     : Explicit concurrent mark sweep GC freed 2679(205KB) AllocSpace objects, 1(220KB) LOS objects, 40% free, 23MB/39MB, paused 287us total 16.066ms
08-04 12:56:49.874  3712  3747 I art     : Starting a blocking GC Explicit
08-04 12:56:49.890  3712  3747 I art     : Explicit concurrent mark sweep GC freed 10(352B) AllocSpace objects, 0(0B) LOS objects, 40% free, 23MB/39MB, paused 311us total 16.162ms
08-04 12:56:49.898  3712  3747 I art     : Starting a blocking GC Explicit
08-04 12:56:49.916  3712  3747 I art     : Explicit concurrent mark sweep GC freed 10(368B) AllocSpace objects, 0(0B) LOS objects, 40% free, 23MB/39MB, paused 567us total 17.573ms
08-04 12:56:49.923  3712  3747 I art     : Starting a blocking GC Explicit
08-04 12:56:49.940  3712  3747 I art     : Explicit concurrent mark sweep GC freed 9(336B) AllocSpace objects, 0(0B) LOS objects, 40% free, 23MB/39MB, paused 306us total 16.823ms
08-04 12:56:49.974  3712  4319 I NAPPA_EXPERIMENTATION: MetricNetworkRequestExecutionTime: REQUEST_DURATION_SYSTEM='319',REQUEST_DURATION_OKHTTP='145',REQUEST_SYNCHRONOUS='TRUE',RESPONSE_CODE='400',RESPONSE_METHOD='GET',RESPONSE_LENGTH_OKHTTP='0',RESPONSE_LENGTH_HEADER='0',REQUEST_PROTOCOL='h2',REQUEST_URL='https://itunes.apple.com/en/rss/toppodcasts/limit=25/explicit=true/json',
08-04 12:56:50.111  3712  4319 I NAPPA_EXPERIMENTATION: MetricNetworkRequestExecutionTime: REQUEST_DURATION_SYSTEM='135',REQUEST_DURATION_OKHTTP='134',REQUEST_SYNCHRONOUS='TRUE',RESPONSE_CODE='200',RESPONSE_METHOD='GET',RESPONSE_LENGTH_OKHTTP='-1',RESPONSE_LENGTH_HEADER='10075',REQUEST_PROTOCOL='h2',REQUEST_URL='https://itunes.apple.com/us/rss/toppodcasts/limit=25/explicit=true/json',
08-04 12:56:50.173  3712  3712 D AntennapodHttpClient: Creating new instance of HTTP client
08-04 12:56:50.180   512  2967 D audio_hw_primary: disable_audio_route: reset and update mixer path: low-latency-playback speaker
08-04 12:56:50.182   512  2967 D audio_hw_primary: disable_snd_device: snd_device(2: speaker)
08-04 12:56:50.186  3712  4578 D ApOkHttpUrlLoader: buildLoadData() called with: model = [https://is4-ssl.mzstatic.com/image/thumb/Podcasts114/v4/3f/16/74/3f167426-bf50-ce3a-d709-e4301620fc5b/mza_5832671293059882550.jpeg/170x170bb.png], width = [224], height = [224]
08-04 12:56:50.189   512  2967 I soundtrigger: audio_extn_sound_trigger_update_device_status: device 0x2 of type 0 for Event 0
08-04 12:56:50.190  3712  4579 D DBReader: getImageAuthentication() called with: imageUrl = [https://is4-ssl.mzstatic.com/image/thumb/Podcasts114/v4/3f/16/74/3f167426-bf50-ce3a-d709-e4301620fc5b/mza_5832671293059882550.jpeg/170x170bb.png]
08-04 12:56:50.191  3712  4580 D ApOkHttpUrlLoader: buildLoadData() called with: model = [https://is4-ssl.mzstatic.com/image/thumb/Podcasts113/v4/e5/8a/10/e58a108f-f5d0-f622-c94a-13f66edd570c/mza_3025981348644196724.jpg/170x170bb.png], width = [224], height = [224]
08-04 12:56:50.192  3712  4579 D ApOkHttpUrlLoader: no credentials for 'https://is4-ssl.mzstatic.com/image/thumb/Podcasts114/v4/3f/16/74/3f167426-bf50-ce3a-d709-e4301620fc5b/mza_5832671293059882550.jpeg/170x170bb.png'
08-04 12:56:50.193  3712  4581 D DBReader: getImageAuthentication() called with: imageUrl = [https://is4-ssl.mzstatic.com/image/thumb/Podcasts113/v4/e5/8a/10/e58a108f-f5d0-f622-c94a-13f66edd570c/mza_3025981348644196724.jpg/170x170bb.png]
08-04 12:56:50.194  3712  4581 D ApOkHttpUrlLoader: no credentials for 'https://is4-ssl.mzstatic.com/image/thumb/Podcasts113/v4/e5/8a/10/e58a108f-f5d0-f622-c94a-13f66edd570c/mza_3025981348644196724.jpg/170x170bb.png'
08-04 12:56:50.194  3712  4582 D ApOkHttpUrlLoader: buildLoadData() called with: model = [https://is2-ssl.mzstatic.com/image/thumb/Podcasts113/v4/a9/39/cc/a939ccc5-6d60-0c11-0a4c-16d71cdef89b/mza_8787577209688278658.jpg/170x170bb.png], width = [224], height = [224]
08-04 12:56:50.196  3712  4583 D DBReader: getImageAuthentication() called with: imageUrl = [https://is2-ssl.mzstatic.com/image/thumb/Podcasts113/v4/a9/39/cc/a939ccc5-6d60-0c11-0a4c-16d71cdef89b/mza_8787577209688278658.jpg/170x170bb.png]
08-04 12:56:50.198  3712  4584 D ApOkHttpUrlLoader: buildLoadData() called with: model = [https://is5-ssl.mzstatic.com/image/thumb/Podcasts114/v4/93/cf/99/93cf9960-fff3-205e-6655-72c03ddeccb2/mza_10545582232493904175.jpeg/170x170bb.png], width = [224], height = [224]
08-04 12:56:50.198  3712  4583 D ApOkHttpUrlLoader: no credentials for 'https://is2-ssl.mzstatic.com/image/thumb/Podcasts113/v4/a9/39/cc/a939ccc5-6d60-0c11-0a4c-16d71cdef89b/mza_8787577209688278658.jpg/170x170bb.png'
08-04 12:56:50.200  3712  4585 D DBReader: getImageAuthentication() called with: imageUrl = [https://is5-ssl.mzstatic.com/image/thumb/Podcasts114/v4/93/cf/99/93cf9960-fff3-205e-6655-72c03ddeccb2/mza_10545582232493904175.jpeg/170x170bb.png]
08-04 12:56:50.201  3712  4578 D ApOkHttpUrlLoader: buildLoadData() called with: model = [https://is4-ssl.mzstatic.com/image/thumb/Podcasts124/v4/49/a4/91/49a491b7-3daf-c5dc-d7c6-6c4f1486955c/mza_5930014091766152297.png/170x170bb.png], width = [224], height = [224]
08-04 12:56:50.203  3712  4586 D DBReader: getImageAuthentication() called with: imageUrl = [https://is4-ssl.mzstatic.com/image/thumb/Podcasts124/v4/49/a4/91/49a491b7-3daf-c5dc-d7c6-6c4f1486955c/mza_5930014091766152297.png/170x170bb.png]
08-04 12:56:50.203  3712  4585 D ApOkHttpUrlLoader: no credentials for 'https://is5-ssl.mzstatic.com/image/thumb/Podcasts114/v4/93/cf/99/93cf9960-fff3-205e-6655-72c03ddeccb2/mza_10545582232493904175.jpeg/170x170bb.png'
08-04 12:56:50.203  3712  3747 I art     : Starting a blocking GC Explicit
08-04 12:56:50.205  3712  4586 D ApOkHttpUrlLoader: no credentials for 'https://is4-ssl.mzstatic.com/image/thumb/Podcasts124/v4/49/a4/91/49a491b7-3daf-c5dc-d7c6-6c4f1486955c/mza_5930014091766152297.png/170x170bb.png'
08-04 12:56:50.206  3712  4580 D ApOkHttpUrlLoader: buildLoadData() called with: model = [https://is5-ssl.mzstatic.com/image/thumb/Podcasts113/v4/fd/54/6e/fd546ea0-7ab2-e3f0-6049-884d82917af9/mza_4855349695799758348.jpeg/170x170bb.png], width = [224], height = [224]
08-04 12:56:50.208  3712  4587 D DBReader: getImageAuthentication() called with: imageUrl = [https://is5-ssl.mzstatic.com/image/thumb/Podcasts113/v4/fd/54/6e/fd546ea0-7ab2-e3f0-6049-884d82917af9/mza_4855349695799758348.jpeg/170x170bb.png]
08-04 12:56:50.209  3712  4582 D ApOkHttpUrlLoader: buildLoadData() called with: model = [https://is2-ssl.mzstatic.com/image/thumb/Podcasts114/v4/b3/4c/cf/b34ccfc2-cea4-1ca1-0fad-7793af301cc5/mza_2466085192629456364.jpg/170x170bb.png], width = [224], height = [224]
08-04 12:56:50.209  3712  4587 D ApOkHttpUrlLoader: no credentials for 'https://is5-ssl.mzstatic.com/image/thumb/Podcasts113/v4/fd/54/6e/fd546ea0-7ab2-e3f0-6049-884d82917af9/mza_4855349695799758348.jpeg/170x170bb.png'
08-04 12:56:50.211  3712  4588 D DBReader: getImageAuthentication() called with: imageUrl = [https://is2-ssl.mzstatic.com/image/thumb/Podcasts114/v4/b3/4c/cf/b34ccfc2-cea4-1ca1-0fad-7793af301cc5/mza_2466085192629456364.jpg/170x170bb.png]
08-04 12:56:50.212  3712  4588 D ApOkHttpUrlLoader: no credentials for 'https://is2-ssl.mzstatic.com/image/thumb/Podcasts114/v4/b3/4c/cf/b34ccfc2-cea4-1ca1-0fad-7793af301cc5/mza_2466085192629456364.jpg/170x170bb.png'
08-04 12:56:50.226  3712  3747 I art     : Explicit concurrent mark sweep GC freed 14131(887KB) AllocSpace objects, 5(372KB) LOS objects, 39% free, 24MB/40MB, paused 757us total 22.300ms
08-04 12:56:50.234  3712  3747 I art     : Starting a blocking GC Explicit
08-04 12:56:50.255  3712  3747 I art     : Explicit concurrent mark sweep GC freed 423(22KB) AllocSpace objects, 0(0B) LOS objects, 39% free, 24MB/40MB, paused 705us total 20.014ms
08-04 12:56:50.262  3712  3747 I art     : Starting a blocking GC Explicit
08-04 12:56:50.281  3712  3747 I art     : Explicit concurrent mark sweep GC freed 293(18KB) AllocSpace objects, 0(0B) LOS objects, 39% free, 24MB/40MB, paused 634us total 18.917ms
08-04 12:56:50.289  3712  3747 I art     : Starting a blocking GC Explicit
08-04 12:56:50.310  3712  3747 I art     : Explicit concurrent mark sweep GC freed 3(96B) AllocSpace objects, 0(0B) LOS objects, 39% free, 24MB/40MB, paused 637us total 20.691ms
08-04 12:56:50.319  3712  3747 I art     : Starting a blocking GC Explicit
08-04 12:56:50.339  3712  3747 I art     : Explicit concurrent mark sweep GC freed 3(96B) AllocSpace objects, 0(0B) LOS objects, 39% free, 24MB/40MB, paused 643us total 20.402ms
08-04 12:56:50.597  3712  4581 D MYTAG   : interceptor 2a
08-04 12:56:50.598  3712  4581 I NAPPA_EXPERIMENTATION: MetricNetworkRequestExecutionTime: REQUEST_DURATION_SYSTEM='403',REQUEST_DURATION_OKHTTP='160',REQUEST_SYNCHRONOUS='TRUE',RESPONSE_CODE='200',RESPONSE_METHOD='GET',RESPONSE_LENGTH_OKHTTP='45995',RESPONSE_LENGTH_HEADER='45995',REQUEST_PROTOCOL='h2',REQUEST_URL='https://is4-ssl.mzstatic.com/image/thumb/Podcasts113/v4/e5/8a/10/e58a108f-f5d0-f622-c94a-13f66edd570c/mza_3025981348644196724.jpg/170x170bb.png',
08-04 12:56:50.601  3712  3727 I art     : Starting a blocking GC Explicit
08-04 12:56:50.640  3712  3727 I art     : Explicit concurrent mark sweep GC freed 29567(1445KB) AllocSpace objects, 4(220KB) LOS objects, 39% free, 24MB/40MB, paused 1.066ms total 37.980ms
08-04 12:56:50.648  3712  4579 D MYTAG   : interceptor 2a
08-04 12:56:50.649  3712  4579 I NAPPA_EXPERIMENTATION: MetricNetworkRequestExecutionTime: REQUEST_DURATION_SYSTEM='456',REQUEST_DURATION_OKHTTP='205',REQUEST_SYNCHRONOUS='TRUE',RESPONSE_CODE='200',RESPONSE_METHOD='GET',RESPONSE_LENGTH_OKHTTP='26177',RESPONSE_LENGTH_HEADER='26177',REQUEST_PROTOCOL='h2',REQUEST_URL='https://is4-ssl.mzstatic.com/image/thumb/Podcasts114/v4/3f/16/74/3f167426-bf50-ce3a-d709-e4301620fc5b/mza_5832671293059882550.jpeg/170x170bb.png',
08-04 12:56:50.649  3712  3727 I art     : Starting a blocking GC Explicit
08-04 12:56:50.672  3712  3727 I art     : Explicit concurrent mark sweep GC freed 1945(164KB) AllocSpace objects, 0(0B) LOS objects, 39% free, 24MB/40MB, paused 707us total 22.716ms
08-04 12:56:50.677  4288  4359 W ConnectionTracker: Exception thrown while unbinding
08-04 12:56:50.677  4288  4359 W ConnectionTracker: java.lang.IllegalArgumentException: Service not registered: lu@1dbaae3
08-04 12:56:50.677  4288  4359 W ConnectionTracker: 	at android.app.LoadedApk.forgetServiceDispatcher(LoadedApk.java:1044)
08-04 12:56:50.677  4288  4359 W ConnectionTracker: 	at android.app.ContextImpl.unbindService(ContextImpl.java:1337)
08-04 12:56:50.677  4288  4359 W ConnectionTracker: 	at android.content.ContextWrapper.unbindService(ContextWrapper.java:616)
08-04 12:56:50.677  4288  4359 W ConnectionTracker: 	at cg.b(:com.google.android.gms.dynamite_measurementdynamite@202614048@20.26.14 (040400-0):1)
08-04 12:56:50.677  4288  4359 W ConnectionTracker: 	at cg.a(:com.google.android.gms.dynamite_measurementdynamite@202614048@20.26.14 (040400-0):6)
08-04 12:56:50.677  4288  4359 W ConnectionTracker: 	at lv.A(:com.google.android.gms.dynamite_measurementdynamite@202614048@20.26.14 (040400-0):10)
08-04 12:56:50.677  4288  4359 W ConnectionTracker: 	at lg.a(:com.google.android.gms.dynamite_measurementdynamite@202614048@20.26.14 (040400-0):3)
08-04 12:56:50.677  4288  4359 W ConnectionTracker: 	at dz.run(:com.google.android.gms.dynamite_measurementdynamite@202614048@20.26.14 (040400-0):3)
08-04 12:56:50.677  4288  4359 W ConnectionTracker: 	at java.util.concurrent.Executors$RunnableAdapter.call(Executors.java:423)
08-04 12:56:50.677  4288  4359 W ConnectionTracker: 	at java.util.concurrent.FutureTask.run(FutureTask.java:237)
08-04 12:56:50.677  4288  4359 W ConnectionTracker: 	at jb.run(:com.google.android.gms.dynamite_measurementdynamite@202614048@20.26.14 (040400-0):6)
08-04 12:56:50.680  3712  3727 I art     : Starting a blocking GC Explicit
08-04 12:56:50.682  3712  4587 D MYTAG   : interceptor 2a
08-04 12:56:50.683  3712  4587 I NAPPA_EXPERIMENTATION: MetricNetworkRequestExecutionTime: REQUEST_DURATION_SYSTEM='473',REQUEST_DURATION_OKHTTP='237',REQUEST_SYNCHRONOUS='TRUE',RESPONSE_CODE='200',RESPONSE_METHOD='GET',RESPONSE_LENGTH_OKHTTP='54835',RESPONSE_LENGTH_HEADER='54835',REQUEST_PROTOCOL='h2',REQUEST_URL='https://is5-ssl.mzstatic.com/image/thumb/Podcasts113/v4/fd/54/6e/fd546ea0-7ab2-e3f0-6049-884d82917af9/mza_4855349695799758348.jpeg/170x170bb.png',
08-04 12:56:50.695  3712  4588 D MYTAG   : interceptor 2a
08-04 12:56:50.696  3712  4588 I NAPPA_EXPERIMENTATION: MetricNetworkRequestExecutionTime: REQUEST_DURATION_SYSTEM='483',REQUEST_DURATION_OKHTTP='234',REQUEST_SYNCHRONOUS='TRUE',RESPONSE_CODE='200',RESPONSE_METHOD='GET',RESPONSE_LENGTH_OKHTTP='42299',RESPONSE_LENGTH_HEADER='42299',REQUEST_PROTOCOL='h2',REQUEST_URL='https://is2-ssl.mzstatic.com/image/thumb/Podcasts114/v4/b3/4c/cf/b34ccfc2-cea4-1ca1-0fad-7793af301cc5/mza_2466085192629456364.jpg/170x170bb.png',
08-04 12:56:50.701  3712  4585 D MYTAG   : interceptor 2a
08-04 12:56:50.701  3712  4585 I NAPPA_EXPERIMENTATION: MetricNetworkRequestExecutionTime: REQUEST_DURATION_SYSTEM='498',REQUEST_DURATION_OKHTTP='251',REQUEST_SYNCHRONOUS='TRUE',RESPONSE_CODE='200',RESPONSE_METHOD='GET',RESPONSE_LENGTH_OKHTTP='22351',RESPONSE_LENGTH_HEADER='22351',REQUEST_PROTOCOL='h2',REQUEST_URL='https://is5-ssl.mzstatic.com/image/thumb/Podcasts114/v4/93/cf/99/93cf9960-fff3-205e-6655-72c03ddeccb2/mza_10545582232493904175.jpeg/170x170bb.png',
08-04 12:56:50.703  3712  3727 I art     : Explicit concurrent mark sweep GC freed 965(68KB) AllocSpace objects, 0(0B) LOS objects, 38% free, 25MB/41MB, paused 803us total 22.828ms
08-04 12:56:50.709  3712  4586 D MYTAG   : interceptor 2a
08-04 12:56:50.710  3712  4586 I NAPPA_EXPERIMENTATION: MetricNetworkRequestExecutionTime: REQUEST_DURATION_SYSTEM='504',REQUEST_DURATION_OKHTTP='241',REQUEST_SYNCHRONOUS='TRUE',RESPONSE_CODE='200',RESPONSE_METHOD='GET',RESPONSE_LENGTH_OKHTTP='12000',RESPONSE_LENGTH_HEADER='12000',REQUEST_PROTOCOL='h2',REQUEST_URL='https://is4-ssl.mzstatic.com/image/thumb/Podcasts124/v4/49/a4/91/49a491b7-3daf-c5dc-d7c6-6c4f1486955c/mza_5930014091766152297.png/170x170bb.png',
08-04 12:56:50.712  3712  3727 I art     : Starting a blocking GC Explicit
08-04 12:56:50.715  3712  4583 D MYTAG   : interceptor 2a
08-04 12:56:50.716  3712  4583 I NAPPA_EXPERIMENTATION: MetricNetworkRequestExecutionTime: REQUEST_DURATION_SYSTEM='517',REQUEST_DURATION_OKHTTP='262',REQUEST_SYNCHRONOUS='TRUE',RESPONSE_CODE='200',RESPONSE_METHOD='GET',RESPONSE_LENGTH_OKHTTP='48239',RESPONSE_LENGTH_HEADER='48239',REQUEST_PROTOCOL='h2',REQUEST_URL='https://is2-ssl.mzstatic.com/image/thumb/Podcasts113/v4/a9/39/cc/a939ccc5-6d60-0c11-0a4c-16d71cdef89b/mza_8787577209688278658.jpg/170x170bb.png',
08-04 12:56:50.733  3712  3727 I art     : Explicit concurrent mark sweep GC freed 815(53KB) AllocSpace objects, 0(0B) LOS objects, 38% free, 25MB/41MB, paused 828us total 20.634ms
08-04 12:56:50.741  3712  3727 I art     : Starting a blocking GC Explicit
08-04 12:56:50.761  3712  3727 I art     : Explicit concurrent mark sweep GC freed 695(28KB) AllocSpace objects, 0(0B) LOS objects, 38% free, 25MB/41MB, paused 526us total 19.603ms
08-04 12:56:51.039  3712  3747 I art     : Starting a blocking GC Explicit
08-04 12:56:51.068  3712  3747 I art     : Explicit concurrent mark sweep GC freed 1408(81KB) AllocSpace objects, 1(20KB) LOS objects, 38% free, 25MB/41MB, paused 675us total 28.201ms
08-04 12:56:51.080  3712  3747 I art     : Starting a blocking GC Explicit
08-04 12:56:51.107  3712  3747 I art     : Explicit concurrent mark sweep GC freed 23(752B) AllocSpace objects, 0(0B) LOS objects, 38% free, 25MB/41MB, paused 534us total 26.650ms
08-04 12:56:51.117  3712  3747 I art     : Starting a blocking GC Explicit
08-04 12:56:51.135 13866 13882 I PeriodicStatsRunner: PeriodicStatsRunner.call():175 call()
08-04 12:56:51.135 13866 13882 I PeriodicStatsRunner: PeriodicStatsRunner.call():179 No submit PeriodicStats since input started.
08-04 12:56:51.140  3712  3747 I art     : Explicit concurrent mark sweep GC freed 3(96B) AllocSpace objects, 0(0B) LOS objects, 38% free, 25MB/41MB, paused 528us total 22.278ms
08-04 12:56:51.149  3712  3747 I art     : Starting a blocking GC Explicit
08-04 12:56:51.171  3712  3747 I art     : Explicit concurrent mark sweep GC freed 3(96B) AllocSpace objects, 0(0B) LOS objects, 38% free, 25MB/41MB, paused 523us total 21.738ms
08-04 12:56:51.180  3712  3747 I art     : Starting a blocking GC Explicit
08-04 12:56:51.202  3712  3747 I art     : Explicit concurrent mark sweep GC freed 3(96B) AllocSpace objects, 0(0B) LOS objects, 38% free, 25MB/41MB, paused 528us total 22.117ms
08-04 12:56:51.499  3712  4218 I art     : Starting a blocking GC Explicit
08-04 12:56:51.531  3712  4218 I art     : Explicit concurrent mark sweep GC freed 1363(80KB) AllocSpace objects, 1(20KB) LOS objects, 38% free, 25MB/41MB, paused 575us total 32.206ms
08-04 12:56:51.543  3712  4218 I art     : Starting a blocking GC Explicit
08-04 12:56:51.569  3712  4218 I art     : Explicit concurrent mark sweep GC freed 23(752B) AllocSpace objects, 0(0B) LOS objects, 38% free, 25MB/41MB, paused 502us total 25.411ms
08-04 12:56:51.578  3712  4218 I art     : Starting a blocking GC Explicit
08-04 12:56:51.601  3712  4218 I art     : Explicit concurrent mark sweep GC freed 3(96B) AllocSpace objects, 0(0B) LOS objects, 38% free, 25MB/41MB, paused 538us total 22.527ms
08-04 12:56:51.609  3712  4218 I art     : Starting a blocking GC Explicit
08-04 12:56:51.632  3712  4218 I art     : Explicit concurrent mark sweep GC freed 3(96B) AllocSpace objects, 0(0B) LOS objects, 38% free, 25MB/41MB, paused 523us total 22.097ms
08-04 12:56:51.640  3712  4218 I art     : Starting a blocking GC Explicit
08-04 12:56:51.662  3712  4218 I art     : Explicit concurrent mark sweep GC freed 3(96B) AllocSpace objects, 0(0B) LOS objects, 38% free, 25MB/41MB, paused 523us total 21.029ms
08-04 12:56:51.958  3712  3726 I art     : Starting a blocking GC Explicit
08-04 12:56:51.983  3712  3726 I art     : Explicit concurrent mark sweep GC freed 1420(81KB) AllocSpace objects, 1(20KB) LOS objects, 38% free, 25MB/41MB, paused 529us total 24.406ms
08-04 12:56:51.993  3712  3726 I art     : Starting a blocking GC Explicit
08-04 12:56:52.015  3712  3726 I art     : Explicit concurrent mark sweep GC freed 25(816B) AllocSpace objects, 0(0B) LOS objects, 38% free, 25MB/41MB, paused 500us total 21.702ms
08-04 12:56:52.024  3712  3726 I art     : Starting a blocking GC Explicit
08-04 12:56:52.043  3712  3726 I art     : Explicit concurrent mark sweep GC freed 3(96B) AllocSpace objects, 0(0B) LOS objects, 38% free, 25MB/41MB, paused 522us total 18.841ms
08-04 12:56:52.052  3712  3726 I art     : Starting a blocking GC Explicit
08-04 12:56:52.072  3712  3726 I art     : Explicit concurrent mark sweep GC freed 3(96B) AllocSpace objects, 0(0B) LOS objects, 38% free, 25MB/41MB, paused 504us total 20.272ms
08-04 12:56:52.081  3712  3726 I art     : Starting a blocking GC Explicit
08-04 12:56:52.102  3712  3726 I art     : Explicit concurrent mark sweep GC freed 3(96B) AllocSpace objects, 0(0B) LOS objects, 38% free, 25MB/41MB, paused 526us total 21.113ms
08-04 12:56:52.414  3712  3747 I art     : Starting a blocking GC Explicit
08-04 12:56:52.446  3712  3747 I art     : Explicit concurrent mark sweep GC freed 1363(80KB) AllocSpace objects, 1(20KB) LOS objects, 38% free, 25MB/41MB, paused 573us total 31.601ms
08-04 12:56:52.458  3712  3747 I art     : Starting a blocking GC Explicit
08-04 12:56:52.481  3712  3747 I art     : Explicit concurrent mark sweep GC freed 23(752B) AllocSpace objects, 0(0B) LOS objects, 38% free, 25MB/41MB, paused 539us total 22.695ms
08-04 12:56:52.490  3712  3747 I art     : Starting a blocking GC Explicit
08-04 12:56:52.512  3712  3747 I art     : Explicit concurrent mark sweep GC freed 3(96B) AllocSpace objects, 0(0B) LOS objects, 38% free, 25MB/41MB, paused 493us total 21.861ms
08-04 12:56:52.521  3712  3747 I art     : Starting a blocking GC Explicit
08-04 12:56:52.543  3712  3747 I art     : Explicit concurrent mark sweep GC freed 3(96B) AllocSpace objects, 0(0B) LOS objects, 38% free, 25MB/41MB, paused 565us total 21.825ms
08-04 12:56:52.552  3712  3747 I art     : Starting a blocking GC Explicit
08-04 12:56:52.574  3712  3747 I art     : Explicit concurrent mark sweep GC freed 3(96B) AllocSpace objects, 0(0B) LOS objects, 38% free, 25MB/41MB, paused 528us total 21.621ms
08-04 12:56:52.883  3712  4218 I art     : Starting a blocking GC Explicit
08-04 12:56:52.911  3712  4218 I art     : Explicit concurrent mark sweep GC freed 1392(80KB) AllocSpace objects, 1(20KB) LOS objects, 38% free, 25MB/41MB, paused 568us total 28ms
08-04 12:56:52.924  3712  4218 I art     : Starting a blocking GC Explicit
08-04 12:56:52.947  3712  4218 I art     : Explicit concurrent mark sweep GC freed 23(752B) AllocSpace objects, 0(0B) LOS objects, 38% free, 25MB/41MB, paused 539us total 22.859ms
08-04 12:56:52.956  3712  4218 I art     : Starting a blocking GC Explicit
08-04 12:56:52.978  3712  4218 I art     : Explicit concurrent mark sweep GC freed 3(96B) AllocSpace objects, 0(0B) LOS objects, 38% free, 25MB/41MB, paused 531us total 22.568ms
08-04 12:56:52.987  3712  4218 I art     : Starting a blocking GC Explicit
08-04 12:56:53.010  3712  4218 I art     : Explicit concurrent mark sweep GC freed 3(96B) AllocSpace objects, 0(0B) LOS objects, 38% free, 25MB/41MB, paused 512us total 22.052ms
08-04 12:56:53.018  3712  4218 I art     : Starting a blocking GC Explicit
08-04 12:56:53.041  3712  4218 I art     : Explicit concurrent mark sweep GC freed 3(96B) AllocSpace objects, 0(0B) LOS objects, 38% free, 25MB/41MB, paused 528us total 22.232ms
08-04 12:56:53.350  3712  3727 I art     : Starting a blocking GC Explicit
08-04 12:56:53.351 13866 13882 I PeriodicStatsRunner: PeriodicStatsRunner.call():175 call()
08-04 12:56:53.351 13866 13882 I PeriodicStatsRunner: PeriodicStatsRunner.call():179 No submit PeriodicStats since input started.
08-04 12:56:53.381  3712  3727 I art     : Explicit concurrent mark sweep GC freed 1363(80KB) AllocSpace objects, 1(20KB) LOS objects, 38% free, 25MB/41MB, paused 550us total 30.826ms
08-04 12:56:53.394  3712  3727 I art     : Starting a blocking GC Explicit
08-04 12:56:53.416  3712  3727 I art     : Explicit concurrent mark sweep GC freed 23(752B) AllocSpace objects, 0(0B) LOS objects, 38% free, 25MB/41MB, paused 509us total 21.570ms
08-04 12:56:53.425  3712  3727 I art     : Starting a blocking GC Explicit
08-04 12:56:53.446  3712  3727 I art     : Explicit concurrent mark sweep GC freed 3(96B) AllocSpace objects, 0(0B) LOS objects, 38% free, 25MB/41MB, paused 505us total 20.942ms
08-04 12:56:53.454  3712  3727 I art     : Starting a blocking GC Explicit
08-04 12:56:53.475  3712  3727 I art     : Explicit concurrent mark sweep GC freed 3(96B) AllocSpace objects, 0(0B) LOS objects, 38% free, 25MB/41MB, paused 498us total 20.778ms
08-04 12:56:53.484  3712  3727 I art     : Starting a blocking GC Explicit
08-04 12:56:53.504  3712  3727 I art     : Explicit concurrent mark sweep GC freed 3(96B) AllocSpace objects, 0(0B) LOS objects, 38% free, 25MB/41MB, paused 482us total 19.776ms
08-04 12:56:53.511  3644  3644 I ServiceManager: Waiting for service AtCmdFwd...
08-04 12:56:53.782  3712  3726 I art     : Starting a blocking GC Explicit
08-04 12:56:53.804  3712  3726 I art     : Explicit concurrent mark sweep GC freed 1363(80KB) AllocSpace objects, 1(20KB) LOS objects, 38% free, 25MB/41MB, paused 505us total 21.573ms
08-04 12:56:53.813  3712  3726 I art     : Starting a blocking GC Explicit
08-04 12:56:53.835  3712  3726 I art     : Explicit concurrent mark sweep GC freed 23(752B) AllocSpace objects, 0(0B) LOS objects, 38% free, 25MB/41MB, paused 526us total 21.903ms
08-04 12:56:53.843  3712  3726 I art     : Starting a blocking GC Explicit
08-04 12:56:53.865  3712  3726 I art     : Explicit concurrent mark sweep GC freed 32(880B) AllocSpace objects, 0(0B) LOS objects, 38% free, 25MB/41MB, paused 531us total 21.328ms
08-04 12:56:53.874  3712  3726 I art     : Starting a blocking GC Explicit
08-04 12:56:53.896  3712  3726 I art     : Explicit concurrent mark sweep GC freed 3(96B) AllocSpace objects, 0(0B) LOS objects, 38% free, 25MB/41MB, paused 523us total 21.931ms
08-04 12:56:53.905  3712  3726 I art     : Starting a blocking GC Explicit
08-04 12:56:53.927  3712  3726 I art     : Explicit concurrent mark sweep GC freed 3(96B) AllocSpace objects, 0(0B) LOS objects, 38% free, 25MB/41MB, paused 615us total 21.930ms
08-04 12:56:54.231  3712  3747 I art     : Starting a blocking GC Explicit
08-04 12:56:54.259  3712  3747 I art     : Explicit concurrent mark sweep GC freed 1363(80KB) AllocSpace objects, 1(20KB) LOS objects, 38% free, 25MB/41MB, paused 600us total 28.067ms
08-04 12:56:54.271  3712  3747 I art     : Starting a blocking GC Explicit
08-04 12:56:54.296  3712  3747 I art     : Explicit concurrent mark sweep GC freed 23(752B) AllocSpace objects, 0(0B) LOS objects, 38% free, 25MB/41MB, paused 545us total 24.394ms
08-04 12:56:54.305  3712  3747 I art     : Starting a blocking GC Explicit
08-04 12:56:54.327  3712  3747 I art     : Explicit concurrent mark sweep GC freed 3(96B) AllocSpace objects, 0(0B) LOS objects, 38% free, 25MB/41MB, paused 628us total 22.090ms
08-04 12:56:54.336  3712  3747 I art     : Starting a blocking GC Explicit
08-04 12:56:54.358  3712  3747 I art     : Explicit concurrent mark sweep GC freed 3(96B) AllocSpace objects, 0(0B) LOS objects, 38% free, 25MB/41MB, paused 545us total 22.279ms
08-04 12:56:54.367  3712  3747 I art     : Starting a blocking GC Explicit
08-04 12:56:54.389  3712  3747 I art     : Explicit concurrent mark sweep GC freed 3(96B) AllocSpace objects, 0(0B) LOS objects, 38% free, 25MB/41MB, paused 525us total 22.074ms
08-04 12:56:54.511  3644  3644 I ServiceManager: Waiting for service AtCmdFwd...
08-04 12:56:54.637   518   646 I ThermalEngine: ACTION: GPU - Setting GPU[0] to 600000000
08-04 12:56:54.651 13866 13882 I PeriodicStatsRunner: PeriodicStatsRunner.call():175 call()
08-04 12:56:54.652 13866 13882 I PeriodicStatsRunner: PeriodicStatsRunner.call():179 No submit PeriodicStats since input started.
08-04 12:56:54.710  3712  4218 I art     : Starting a blocking GC Explicit
08-04 12:56:54.735  3712  4218 I art     : Explicit concurrent mark sweep GC freed 1363(80KB) AllocSpace objects, 1(20KB) LOS objects, 38% free, 25MB/41MB, paused 455us total 24.696ms
08-04 12:56:54.746  3712  4218 I art     : Starting a blocking GC Explicit
08-04 12:56:54.769  3712  4218 I art     : Explicit concurrent mark sweep GC freed 23(752B) AllocSpace objects, 0(0B) LOS objects, 38% free, 25MB/41MB, paused 441us total 22.697ms
08-04 12:56:54.778  3712  4218 I art     : Starting a blocking GC Explicit
08-04 12:56:54.796  3712  4218 I art     : Explicit concurrent mark sweep GC freed 3(96B) AllocSpace objects, 0(0B) LOS objects, 38% free, 25MB/41MB, paused 376us total 17.876ms
08-04 12:56:54.803  3712  4218 I art     : Starting a blocking GC Explicit
08-04 12:56:54.821  3712  4218 I art     : Explicit concurrent mark sweep GC freed 3(96B) AllocSpace objects, 0(0B) LOS objects, 38% free, 25MB/41MB, paused 403us total 17.647ms
08-04 12:56:54.828  3712  4218 I art     : Starting a blocking GC Explicit
08-04 12:56:54.845  3712  4218 I art     : Explicit concurrent mark sweep GC freed 32(880B) AllocSpace objects, 0(0B) LOS objects, 38% free, 25MB/41MB, paused 391us total 17.244ms
08-04 12:56:55.151  3712  3727 I art     : Starting a blocking GC Explicit
08-04 12:56:55.177  3712  3727 I art     : Explicit concurrent mark sweep GC freed 1363(80KB) AllocSpace objects, 1(20KB) LOS objects, 38% free, 25MB/41MB, paused 415us total 25.897ms
08-04 12:56:55.184  3712  3727 I art     : Starting a blocking GC Explicit
08-04 12:56:55.202  3712  3727 I art     : Explicit concurrent mark sweep GC freed 23(752B) AllocSpace objects, 0(0B) LOS objects, 38% free, 25MB/41MB, paused 389us total 17.924ms
08-04 12:56:55.209  3712  3727 I art     : Starting a blocking GC Explicit
08-04 12:56:55.227  3712  3727 I art     : Explicit concurrent mark sweep GC freed 3(96B) AllocSpace objects, 0(0B) LOS objects, 38% free, 25MB/41MB, paused 426us total 17.541ms
08-04 12:56:55.234  3712  3727 I art     : Starting a blocking GC Explicit
08-04 12:56:55.252  3712  3727 I art     : Explicit concurrent mark sweep GC freed 3(96B) AllocSpace objects, 0(0B) LOS objects, 38% free, 25MB/41MB, paused 381us total 18.028ms
08-04 12:56:55.259  3712  3727 I art     : Starting a blocking GC Explicit
08-04 12:56:55.276  3712  3727 I art     : Explicit concurrent mark sweep GC freed 3(96B) AllocSpace objects, 0(0B) LOS objects, 38% free, 25MB/41MB, paused 370us total 17.124ms
08-04 12:56:55.512  3644  3644 I ServiceManager: Waiting for service AtCmdFwd...
08-04 12:56:55.601  3712  3726 I art     : Starting a blocking GC Explicit
08-04 12:56:55.627  3712  3726 I art     : Explicit concurrent mark sweep GC freed 1363(80KB) AllocSpace objects, 1(20KB) LOS objects, 38% free, 25MB/41MB, paused 451us total 25.228ms
08-04 12:56:55.639  3712  3726 I art     : Starting a blocking GC Explicit
08-04 12:56:55.658  3712  3726 I art     : Explicit concurrent mark sweep GC freed 23(752B) AllocSpace objects, 0(0B) LOS objects, 38% free, 25MB/41MB, paused 381us total 19.095ms
08-04 12:56:55.665  3712  3726 I art     : Starting a blocking GC Explicit
08-04 12:56:55.682  3712  3726 I art     : Explicit concurrent mark sweep GC freed 3(96B) AllocSpace objects, 0(0B) LOS objects, 38% free, 25MB/41MB, paused 349us total 16.970ms
08-04 12:56:55.689  3712  3726 I art     : Starting a blocking GC Explicit
08-04 12:56:55.706  3712  3726 I art     : Explicit concurrent mark sweep GC freed 3(96B) AllocSpace objects, 0(0B) LOS objects, 38% free, 25MB/41MB, paused 372us total 17.245ms
08-04 12:56:55.713  3712  3726 I art     : Starting a blocking GC Explicit
08-04 12:56:55.730  3712  3726 I art     : Explicit concurrent mark sweep GC freed 3(96B) AllocSpace objects, 0(0B) LOS objects, 38% free, 25MB/41MB, paused 349us total 17.159ms
08-04 12:56:56.000  3712  3747 I art     : Starting a blocking GC Explicit
08-04 12:56:56.019  3712  3747 I art     : Explicit concurrent mark sweep GC freed 1392(80KB) AllocSpace objects, 1(20KB) LOS objects, 38% free, 25MB/41MB, paused 488us total 18.072ms
08-04 12:56:56.026  3712  3747 I art     : Starting a blocking GC Explicit
08-04 12:56:56.043  3712  3747 I art     : Explicit concurrent mark sweep GC freed 23(752B) AllocSpace objects, 0(0B) LOS objects, 38% free, 25MB/41MB, paused 386us total 16.739ms
08-04 12:56:56.050  3712  3747 I art     : Starting a blocking GC Explicit
08-04 12:56:56.067  3712  3747 I art     : Explicit concurrent mark sweep GC freed 3(96B) AllocSpace objects, 0(0B) LOS objects, 38% free, 25MB/41MB, paused 445us total 17.004ms
08-04 12:56:56.073  3712  3747 I art     : Starting a blocking GC Explicit
08-04 12:56:56.090  3712  3747 I art     : Explicit concurrent mark sweep GC freed 3(96B) AllocSpace objects, 0(0B) LOS objects, 38% free, 25MB/41MB, paused 381us total 16.721ms
08-04 12:56:56.097  3712  3747 I art     : Starting a blocking GC Explicit
08-04 12:56:56.114  3712  3747 I art     : Explicit concurrent mark sweep GC freed 3(96B) AllocSpace objects, 0(0B) LOS objects, 38% free, 25MB/41MB, paused 376us total 16.721ms
08-04 12:56:56.218  4724  4724 D AndroidRuntime: >>>>>> START com.android.internal.os.RuntimeInit uid 2000 <<<<<<
08-04 12:56:56.223  4724  4724 D AndroidRuntime: CheckJNI is OFF
08-04 12:56:56.250  4724  4724 D ICU     : No timezone override file found: /data/misc/zoneinfo/current/icu/icu_tzdata.dat
08-04 12:56:56.275  4724  4724 I Radio-JNI: register_android_hardware_Radio DONE
08-04 12:56:56.291  4724  4724 D AndroidRuntime: Calling main entry com.android.commands.input.Input
08-04 12:56:56.293  4724  4724 I Input   : injectMotionEvent: MotionEvent { action=ACTION_DOWN, actionButton=0, id[0]=0, x[0]=616.0, y[0]=469.0, toolType[0]=TOOL_TYPE_UNKNOWN, buttonState=0, metaState=0, flags=0x0, edgeFlags=0x0, pointerCount=1, historySize=0, eventTime=709032706, downTime=709032706, deviceId=0, source=0x1002 }
08-04 12:56:56.298  4724  4724 I Input   : injectMotionEvent: MotionEvent { action=ACTION_UP, actionButton=0, id[0]=0, x[0]=616.0, y[0]=469.0, toolType[0]=TOOL_TYPE_UNKNOWN, buttonState=0, metaState=0, flags=0x0, edgeFlags=0x0, pointerCount=1, historySize=0, eventTime=709032706, downTime=709032706, deviceId=0, source=0x1002 }
08-04 12:56:56.300  4724  4724 D AndroidRuntime: Shutting down VM
08-04 12:56:56.366   512  2967 D audio_hw_primary: out_set_parameters: enter: usecase(1: low-latency-playback) kvpairs: routing=2
08-04 12:56:56.369  3712  3747 I art     : Starting a blocking GC Explicit
08-04 12:56:56.379   512  2967 D audio_hw_primary: select_devices: out_snd_device(2: speaker) in_snd_device(0: none)
08-04 12:56:56.379   512  2967 D msm8974_platform: platform_send_audio_calibration: sending audio calibration for snd_device(2) acdb_id(15)
08-04 12:56:56.379   512  2967 I soundtrigger: audio_extn_sound_trigger_update_device_status: device 0x2 of type 0 for Event 1
08-04 12:56:56.389  3712  3747 I art     : Explicit concurrent mark sweep GC freed 1579(89KB) AllocSpace objects, 1(20KB) LOS objects, 38% free, 25MB/41MB, paused 433us total 19.982ms
08-04 12:56:56.393   512  2967 D audio_hw_primary: enable_snd_device: snd_device(2: speaker)
08-04 12:56:56.396   512  2967 D audio_hw_primary: enable_audio_route: apply and update mixer path: low-latency-playback speaker
08-04 12:56:56.399  3712  3747 I art     : Starting a blocking GC Explicit
08-04 12:56:56.417  3712  3747 I art     : Explicit concurrent mark sweep GC freed 45(1616B) AllocSpace objects, 0(0B) LOS objects, 38% free, 25MB/41MB, paused 454us total 18.284ms
08-04 12:56:56.424  3712  3747 I art     : Starting a blocking GC Explicit
08-04 12:56:56.441  3712  3747 I art     : Explicit concurrent mark sweep GC freed 13(480B) AllocSpace objects, 0(0B) LOS objects, 38% free, 25MB/41MB, paused 420us total 16.953ms
08-04 12:56:56.448  3712  3747 I art     : Starting a blocking GC Explicit
08-04 12:56:56.464  3712  3747 I art     : Explicit concurrent mark sweep GC freed 10(352B) AllocSpace objects, 0(0B) LOS objects, 38% free, 25MB/41MB, paused 429us total 16.512ms
08-04 12:56:56.471  3712  3747 I art     : Starting a blocking GC Explicit
08-04 12:56:56.488  3712  3747 I art     : Explicit concurrent mark sweep GC freed 7(240B) AllocSpace objects, 0(0B) LOS objects, 38% free, 25MB/41MB, paused 454us total 16.934ms
08-04 12:56:56.513  3644  3644 I ServiceManager: Waiting for service AtCmdFwd...
08-04 12:56:56.587  3712  3741 I NAPPA_EXPERIMENTATION: MetricNetworkRequestExecutionTime: REQUEST_DURATION_SYSTEM='220',REQUEST_DURATION_OKHTTP='220',REQUEST_SYNCHRONOUS='TRUE',RESPONSE_CODE='200',RESPONSE_METHOD='GET',RESPONSE_LENGTH_OKHTTP='-1',RESPONSE_LENGTH_HEADER='628',REQUEST_PROTOCOL='h2',REQUEST_URL='https://itunes.apple.com/lookup?id=1524080195',
08-04 12:56:56.612   918  4413 I ActivityManager: START u0 {cmp=baseline.de.danoeh.antennapod.debug/baseline.de.danoeh.antennapod.activity.OnlineFeedViewActivity (has extras)} from uid 10670 on display 0
08-04 12:56:56.629 13866 13866 I GoogleInputMethodServic: GoogleInputMethodService.onFinishInput():3138 
08-04 12:56:56.630 13866 13866 I GoogleInputMethodServic: GoogleInputMethodService.onStartInput():1808 
08-04 12:56:56.653  3712  3712 D UserPreferences: Using default data folder
08-04 12:56:56.654  3712  3712 D OnlineFeedViewActivity: Activity was started with url https://rss.art19.com/nice-white-parents
08-04 12:56:56.656  3712  3712 D OnlineFeedViewActivity: Starting feed download
08-04 12:56:56.660  3712  3734 D DBReader: Extracting Feedlist
08-04 12:56:56.663   918  3696 D WifiService: acquireWifiLockLocked: WifiLock{Downloader type=1 binder=android.os.BinderProxy@ce9bc23}
08-04 12:56:56.664  3712  3734 D AntennapodHttpClient: Creating new instance of HTTP client
08-04 12:56:56.719 13866 13866 I GoogleInputMethodServic: GoogleInputMethodService.onFinishInput():3138 
08-04 12:56:56.720 13866 13866 I GoogleInputMethodServic: GoogleInputMethodService.onStartInput():1808 
08-04 12:56:56.732  3712  4218 I art     : Starting a blocking GC Explicit
08-04 12:56:56.742   918   936 I ActivityManager: Displayed baseline.de.danoeh.antennapod.debug/baseline.de.danoeh.antennapod.activity.OnlineFeedViewActivity: +113ms
08-04 12:56:56.752  3712  4218 I art     : Explicit concurrent mark sweep GC freed 3884(246KB) AllocSpace objects, 1(20KB) LOS objects, 37% free, 26MB/42MB, paused 448us total 20.327ms
08-04 12:56:56.760  3712  4218 I art     : Starting a blocking GC Explicit
08-04 12:56:56.782  3712  4218 I art     : Explicit concurrent mark sweep GC freed 858(68KB) AllocSpace objects, 0(0B) LOS objects, 37% free, 26MB/42MB, paused 666us total 22.309ms
08-04 12:56:56.790  3712  4218 I art     : Starting a blocking GC Explicit
08-04 12:56:56.808  3712  4218 I art     : Explicit concurrent mark sweep GC freed 3901(156KB) AllocSpace objects, 2(120KB) LOS objects, 37% free, 26MB/42MB, paused 542us total 18.126ms
08-04 12:56:56.815  3712  4218 I art     : Starting a blocking GC Explicit
08-04 12:56:56.833  3712  4218 I art     : Explicit concurrent mark sweep GC freed 942(116KB) AllocSpace objects, 1(80KB) LOS objects, 37% free, 26MB/42MB, paused 445us total 17.263ms
08-04 12:56:56.839  3712  4218 I art     : Starting a blocking GC Explicit
08-04 12:56:56.855  3712  4218 I art     : Explicit concurrent mark sweep GC freed 60(2192B) AllocSpace objects, 0(0B) LOS objects, 37% free, 26MB/42MB, paused 475us total 15.703ms
08-04 12:56:56.929   512  2967 D audio_hw_primary: disable_audio_route: reset and update mixer path: low-latency-playback speaker
08-04 12:56:56.930   512  2967 D audio_hw_primary: disable_snd_device: snd_device(2: speaker)
08-04 12:56:56.940   512  2967 I soundtrigger: audio_extn_sound_trigger_update_device_status: device 0x2 of type 0 for Event 0
08-04 12:56:56.950  3712  3734 D MYTAG   : interceptor 3a https://rss.art19.com/nice-white-parents
08-04 12:56:56.950  3712  3734 I NAPPA_EXPERIMENTATION: MetricNetworkRequestExecutionTime: REQUEST_DURATION_SYSTEM='285',REQUEST_DURATION_OKHTTP='146',REQUEST_SYNCHRONOUS='TRUE',RESPONSE_CODE='200',RESPONSE_METHOD='GET',RESPONSE_LENGTH_OKHTTP='-1',RESPONSE_LENGTH_HEADER='1803',REQUEST_PROTOCOL='h2',REQUEST_URL='https://rss.art19.com/nice-white-parents',
08-04 12:56:56.951  3712  3734 D HttpDownloader: Response code is 200
08-04 12:56:56.951  3712  3734 D UserPreferences: Using default data folder
08-04 12:56:56.953  3712  3734 D HttpDownloader: Getting size of download
08-04 12:56:56.954  3712  3734 D HttpDownloader: Size is -1
08-04 12:56:56.954  3712  3734 D UserPreferences: Using default data folder
08-04 12:56:56.954  3712  3734 D HttpDownloader: Free space is 20261924864
08-04 12:56:56.954  3712  3734 D HttpDownloader: Starting download
08-04 12:56:56.958  3712  3734 D HttpDownloader: Download was successful
08-04 12:56:56.961   918  3696 D WifiService: releaseWifiLockLocked: WifiLock{Downloader type=1 binder=android.os.BinderProxy@ce9bc23}
08-04 12:56:56.961  3712  3712 D OnlineFeedViewActivity: Parsing feed
08-04 12:56:56.979  3712  4774 D TypeGetter: Recognized type RSS 2.0
08-04 12:56:56.984  3712  4774 D SyndHandler: Recognized ITunes namespace
08-04 12:56:56.985  3712  4774 D SyndHandler: Recognized Atom namespace
08-04 12:56:56.985  3712  4774 D SyndHandler: Recognized Content namespace
08-04 12:56:56.991   380   380 W SurfaceFlinger: couldn't log to binary event log: overflow.
08-04 12:56:56.999  3712  4774 D OnlineFeedViewActivity: Deleted feed source file. Result: true
08-04 12:56:57.000  3712  3712 D OnlineFeedViewActivity: Removing HTML from shownotes
08-04 12:56:57.071  3712  3712 W art     : Before Android 4.1, method int androidx.appcompat.widget.DropDownListView.lookForSelectablePosition(int, boolean) would have incorrectly overridden the package-private method in android.widget.ListView
08-04 12:56:57.077  3712  3712 I ListPopupWindow: Could not find method setEpicenterBounds(Rect) on PopupWindow. Oh well.
08-04 12:56:57.085  3712  4786 D ApOkHttpUrlLoader: buildLoadData() called with: model = [https://content.production.cdn.art19.com/images/89/e0/88/44/89e08844-ac28-4fc0-96fa-15a41fec2014/262c12ed699a8d9720dea0bd66449d998e4a08cf18095bed170ccaa76722045fa5dbf7a366918b2db7e3acf29ad22f6b99fd659a9409cb807bf2781d968932f8.jpeg], width = [350], height = [350]
08-04 12:56:57.090  3712  4583 D DBReader: getImageAuthentication() called with: imageUrl = [https://content.production.cdn.art19.com/images/89/e0/88/44/89e08844-ac28-4fc0-96fa-15a41fec2014/262c12ed699a8d9720dea0bd66449d998e4a08cf18095bed170ccaa76722045fa5dbf7a366918b2db7e3acf29ad22f6b99fd659a9409cb807bf2781d968932f8.jpeg]
08-04 12:56:57.091  3712  4583 D ApOkHttpUrlLoader: no credentials for 'https://content.production.cdn.art19.com/images/89/e0/88/44/89e08844-ac28-4fc0-96fa-15a41fec2014/262c12ed699a8d9720dea0bd66449d998e4a08cf18095bed170ccaa76722045fa5dbf7a366918b2db7e3acf29ad22f6b99fd659a9409cb807bf2781d968932f8.jpeg'
08-04 12:56:57.111  3712  3747 I art     : Starting a blocking GC Explicit
08-04 12:56:57.125  3712  3712 D PlaybackController: Releasing PlaybackController
08-04 12:56:57.138  3712  3747 I art     : Explicit concurrent mark sweep GC freed 15838(1073KB) AllocSpace objects, 7(232KB) LOS objects, 37% free, 26MB/42MB, paused 521us total 26.390ms
08-04 12:56:57.147  3712  3747 I art     : Starting a blocking GC Explicit
08-04 12:56:57.166  3712  3747 I art     : Explicit concurrent mark sweep GC freed 755(36KB) AllocSpace objects, 1(112KB) LOS objects, 37% free, 26MB/42MB, paused 479us total 19.262ms
08-04 12:56:57.173  3712  3747 I art     : Starting a blocking GC Explicit
08-04 12:56:57.190  3712  3747 I art     : Explicit concurrent mark sweep GC freed 88(5KB) AllocSpace objects, 0(0B) LOS objects, 37% free, 26MB/42MB, paused 414us total 16.951ms
08-04 12:56:57.196  3712  3747 I art     : Starting a blocking GC Explicit
08-04 12:56:57.215  3712  3747 I art     : Explicit concurrent mark sweep GC freed 14(688B) AllocSpace objects, 0(0B) LOS objects, 37% free, 26MB/42MB, paused 453us total 18.628ms
08-04 12:56:57.222  3712  3747 I art     : Starting a blocking GC Explicit
08-04 12:56:57.240  3712  3747 I art     : Explicit concurrent mark sweep GC freed 7(256B) AllocSpace objects, 0(0B) LOS objects, 37% free, 26MB/42MB, paused 460us total 18.280ms
08-04 12:56:57.423  3712  4583 D MYTAG   : interceptor 2a
08-04 12:56:57.424  3712  4583 I NAPPA_EXPERIMENTATION: MetricNetworkRequestExecutionTime: REQUEST_DURATION_SYSTEM='332',REQUEST_DURATION_OKHTTP='149',REQUEST_SYNCHRONOUS='TRUE',RESPONSE_CODE='200',RESPONSE_METHOD='GET',RESPONSE_LENGTH_OKHTTP='2466122',RESPONSE_LENGTH_HEADER='2466122',REQUEST_PROTOCOL='h2',REQUEST_URL='https://content.production.cdn.art19.com/images/89/e0/88/44/89e08844-ac28-4fc0-96fa-15a41fec2014/262c12ed699a8d9720dea0bd66449d998e4a08cf18095bed170ccaa76722045fa5dbf7a366918b2db7e3acf29ad22f6b99fd659a9409cb807bf2781d968932f8.jpeg',
08-04 12:56:57.508  3712  3726 I art     : Starting a blocking GC Explicit
08-04 12:56:57.513  3644  3644 I ServiceManager: Waiting for service AtCmdFwd...
08-04 12:56:57.530  3712  3726 I art     : Explicit concurrent mark sweep GC freed 5975(290KB) AllocSpace objects, 1(20KB) LOS objects, 37% free, 26MB/42MB, paused 511us total 21.676ms
08-04 12:56:57.538  3712  3726 I art     : Starting a blocking GC Explicit
08-04 12:56:57.558  3712  3726 I art     : Explicit concurrent mark sweep GC freed 106(3KB) AllocSpace objects, 0(0B) LOS objects, 37% free, 26MB/42MB, paused 442us total 19.974ms
08-04 12:56:57.565  3712  3726 I art     : Starting a blocking GC Explicit
08-04 12:56:57.585  3712  3726 I art     : Explicit concurrent mark sweep GC freed 48(1536B) AllocSpace objects, 0(0B) LOS objects, 37% free, 26MB/42MB, paused 611us total 19.739ms
08-04 12:56:57.592  3712  3726 I art     : Starting a blocking GC Explicit
08-04 12:56:57.610  3712  3726 I art     : Explicit concurrent mark sweep GC freed 48(1536B) AllocSpace objects, 0(0B) LOS objects, 37% free, 26MB/42MB, paused 455us total 17.678ms
08-04 12:56:57.616  3712  3726 I art     : Starting a blocking GC Explicit
08-04 12:56:57.633  3712  3726 I art     : Explicit concurrent mark sweep GC freed 42(1344B) AllocSpace objects, 0(0B) LOS objects, 37% free, 26MB/42MB, paused 404us total 17.060ms
08-04 12:56:57.876  3712  4218 I art     : Starting a blocking GC Explicit
08-04 12:56:57.895  3712  4218 I art     : Explicit concurrent mark sweep GC freed 2806(154KB) AllocSpace objects, 1(20KB) LOS objects, 36% free, 27MB/43MB, paused 411us total 19.564ms
08-04 12:56:57.902  3712  4218 I art     : Starting a blocking GC Explicit
08-04 12:56:57.920  3712  4218 I art     : Explicit concurrent mark sweep GC freed 42(1312B) AllocSpace objects, 0(0B) LOS objects, 36% free, 27MB/43MB, paused 445us total 18.276ms
08-04 12:56:57.927  3712  4218 I art     : Starting a blocking GC Explicit
08-04 12:56:57.946  3712  4218 I art     : Explicit concurrent mark sweep GC freed 3(96B) AllocSpace objects, 0(0B) LOS objects, 36% free, 27MB/43MB, paused 448us total 18.403ms
08-04 12:56:57.953  3712  4218 I art     : Starting a blocking GC Explicit
08-04 12:56:57.973  3712  4218 I art     : Explicit concurrent mark sweep GC freed 3(96B) AllocSpace objects, 0(0B) LOS objects, 36% free, 27MB/43MB, paused 457us total 20.347ms
08-04 12:56:57.981  3712  4218 I art     : Starting a blocking GC Explicit
08-04 12:56:58.001  3712  4218 I art     : Explicit concurrent mark sweep GC freed 3(96B) AllocSpace objects, 0(0B) LOS objects, 36% free, 27MB/43MB, paused 465us total 20.386ms
08-04 12:56:58.318  3712  3747 I art     : Starting a blocking GC Explicit
08-04 12:56:58.344  3712  3747 I art     : Explicit concurrent mark sweep GC freed 1369(80KB) AllocSpace objects, 1(20KB) LOS objects, 36% free, 27MB/43MB, paused 518us total 26.361ms
08-04 12:56:58.355  3712  3747 I art     : Starting a blocking GC Explicit
08-04 12:56:58.377  3712  3747 I art     : Explicit concurrent mark sweep GC freed 23(752B) AllocSpace objects, 0(0B) LOS objects, 36% free, 27MB/43MB, paused 535us total 21.596ms
08-04 12:56:58.384  3712  3747 I art     : Starting a blocking GC Explicit
08-04 12:56:58.405  3712  3747 I art     : Explicit concurrent mark sweep GC freed 3(96B) AllocSpace objects, 0(0B) LOS objects, 36% free, 27MB/43MB, paused 466us total 20.975ms
08-04 12:56:58.413  3712  3747 I art     : Starting a blocking GC Explicit
08-04 12:56:58.433  3712  3747 I art     : Explicit concurrent mark sweep GC freed 3(96B) AllocSpace objects, 0(0B) LOS objects, 36% free, 27MB/43MB, paused 468us total 20.402ms
08-04 12:56:58.440  3712  3747 I art     : Starting a blocking GC Explicit
08-04 12:56:58.462  3712  3747 I art     : Explicit concurrent mark sweep GC freed 3(96B) AllocSpace objects, 0(0B) LOS objects, 36% free, 27MB/43MB, paused 472us total 20.836ms
08-04 12:56:58.514  3644  3644 W Atfwd_Sendcmd: AtCmdFwd service not published, waiting... retryCnt : 3
08-04 12:56:58.646   518   646 I ThermalEngine: ACTION: GPU - Setting GPU[0] to 510000000
08-04 12:56:58.775  3712  3726 I art     : Starting a blocking GC Explicit
08-04 12:56:58.799  3712  3726 I art     : Explicit concurrent mark sweep GC freed 1381(80KB) AllocSpace objects, 1(20KB) LOS objects, 36% free, 27MB/43MB, paused 551us total 23.385ms
08-04 12:56:58.807  3712  3726 I art     : Starting a blocking GC Explicit
08-04 12:56:58.832  3712  3726 I art     : Explicit concurrent mark sweep GC freed 27(880B) AllocSpace objects, 0(0B) LOS objects, 36% free, 27MB/43MB, paused 598us total 24.411ms
08-04 12:56:58.841  3712  3726 I art     : Starting a blocking GC Explicit
08-04 12:56:58.866  3712  3726 I art     : Explicit concurrent mark sweep GC freed 37(1040B) AllocSpace objects, 0(0B) LOS objects, 36% free, 27MB/43MB, paused 608us total 24.681ms
08-04 12:56:58.875  3712  3726 I art     : Starting a blocking GC Explicit
08-04 12:56:58.899  3712  3726 I art     : Explicit concurrent mark sweep GC freed 6(192B) AllocSpace objects, 0(0B) LOS objects, 36% free, 27MB/43MB, paused 594us total 23.097ms
08-04 12:56:58.907  3712  3726 I art     : Starting a blocking GC Explicit
08-04 12:56:58.932  3712  3726 I art     : Explicit concurrent mark sweep GC freed 6(192B) AllocSpace objects, 0(0B) LOS objects, 36% free, 27MB/43MB, paused 660us total 24.612ms
08-04 12:56:59.231  3712  3727 I art     : Starting a blocking GC Explicit
08-04 12:56:59.263  3712  3727 I art     : Explicit concurrent mark sweep GC freed 1368(82KB) AllocSpace objects, 1(20KB) LOS objects, 36% free, 27MB/43MB, paused 688us total 32.434ms
08-04 12:56:59.277  3712  3727 I art     : Starting a blocking GC Explicit
08-04 12:56:59.306  3712  3727 I art     : Explicit concurrent mark sweep GC freed 23(752B) AllocSpace objects, 0(0B) LOS objects, 36% free, 27MB/43MB, paused 615us total 28.632ms
08-04 12:56:59.315  3712  3727 I art     : Starting a blocking GC Explicit
08-04 12:56:59.342  3712  3727 I art     : Explicit concurrent mark sweep GC freed 3(96B) AllocSpace objects, 0(0B) LOS objects, 36% free, 27MB/43MB, paused 619us total 26.417ms
08-04 12:56:59.351  3712  3727 I art     : Starting a blocking GC Explicit
08-04 12:56:59.377  3712  3727 I art     : Explicit concurrent mark sweep GC freed 3(96B) AllocSpace objects, 0(0B) LOS objects, 36% free, 27MB/43MB, paused 701us total 25.784ms
08-04 12:56:59.387  3712  3727 I art     : Starting a blocking GC Explicit
08-04 12:56:59.413  3712  3727 I art     : Explicit concurrent mark sweep GC freed 3(96B) AllocSpace objects, 0(0B) LOS objects, 36% free, 27MB/43MB, paused 640us total 25.852ms
08-04 12:56:59.748  3712  3747 I art     : Starting a blocking GC Explicit
08-04 12:56:59.786  3712  3747 I art     : Explicit concurrent mark sweep GC freed 1366(80KB) AllocSpace objects, 1(20KB) LOS objects, 36% free, 27MB/43MB, paused 781us total 37.282ms
08-04 12:56:59.800  3712  3747 I art     : Starting a blocking GC Explicit
08-04 12:56:59.829  3712  3747 I art     : Explicit concurrent mark sweep GC freed 23(752B) AllocSpace objects, 0(0B) LOS objects, 36% free, 27MB/43MB, paused 646us total 29.163ms
08-04 12:56:59.838  3712  3747 I art     : Starting a blocking GC Explicit
08-04 12:56:59.865  3712  3747 I art     : Explicit concurrent mark sweep GC freed 32(880B) AllocSpace objects, 0(0B) LOS objects, 36% free, 27MB/43MB, paused 634us total 26.258ms
08-04 12:56:59.874  3712  3747 I art     : Starting a blocking GC Explicit
08-04 12:56:59.901  3712  3747 I art     : Explicit concurrent mark sweep GC freed 3(96B) AllocSpace objects, 0(0B) LOS objects, 36% free, 27MB/43MB, paused 706us total 25.985ms
08-04 12:56:59.911  3712  3747 I art     : Starting a blocking GC Explicit
08-04 12:56:59.936  3712  3747 I art     : Explicit concurrent mark sweep GC freed 3(96B) AllocSpace objects, 0(0B) LOS objects, 36% free, 27MB/43MB, paused 629us total 25.156ms
08-04 12:57:00.226  3712  3726 I art     : Starting a blocking GC Explicit
08-04 12:57:00.256  3712  3726 I art     : Explicit concurrent mark sweep GC freed 1366(80KB) AllocSpace objects, 1(20KB) LOS objects, 36% free, 27MB/43MB, paused 704us total 29.632ms
08-04 12:57:00.267  3712  3726 I art     : Starting a blocking GC Explicit
08-04 12:57:00.293  3712  3726 I art     : Explicit concurrent mark sweep GC freed 23(752B) AllocSpace objects, 0(0B) LOS objects, 36% free, 27MB/43MB, paused 631us total 26.157ms
08-04 12:57:00.302  3712  3726 I art     : Starting a blocking GC Explicit
08-04 12:57:00.328  3712  3726 I art     : Explicit concurrent mark sweep GC freed 3(96B) AllocSpace objects, 0(0B) LOS objects, 36% free, 27MB/43MB, paused 658us total 25.744ms
08-04 12:57:00.338  3712  3726 I art     : Starting a blocking GC Explicit
08-04 12:57:00.364  3712  3726 I art     : Explicit concurrent mark sweep GC freed 3(96B) AllocSpace objects, 0(0B) LOS objects, 36% free, 27MB/43MB, paused 609us total 25.904ms
08-04 12:57:00.374  3712  3726 I art     : Starting a blocking GC Explicit
08-04 12:57:00.400  3712  3726 I art     : Explicit concurrent mark sweep GC freed 3(96B) AllocSpace objects, 0(0B) LOS objects, 36% free, 27MB/43MB, paused 715us total 26.439ms
08-04 12:57:00.691  3712  4218 I art     : Starting a blocking GC Explicit
08-04 12:57:00.717  3712  4218 I art     : Explicit concurrent mark sweep GC freed 1366(80KB) AllocSpace objects, 1(20KB) LOS objects, 36% free, 27MB/43MB, paused 709us total 26.234ms
08-04 12:57:00.726  3712  4218 I art     : Starting a blocking GC Explicit
08-04 12:57:00.751  3712  4218 I art     : Explicit concurrent mark sweep GC freed 23(752B) AllocSpace objects, 0(0B) LOS objects, 36% free, 27MB/43MB, paused 617us total 24.744ms
08-04 12:57:00.760  3712  4218 I art     : Starting a blocking GC Explicit
08-04 12:57:00.785  3712  4218 I art     : Explicit concurrent mark sweep GC freed 3(96B) AllocSpace objects, 0(0B) LOS objects, 36% free, 27MB/43MB, paused 717us total 24.284ms
08-04 12:57:00.794  3712  4218 I art     : Starting a blocking GC Explicit
08-04 12:57:00.819  3712  4218 I art     : Explicit concurrent mark sweep GC freed 3(96B) AllocSpace objects, 0(0B) LOS objects, 36% free, 27MB/43MB, paused 619us total 24.624ms
08-04 12:57:00.828  3712  4218 I art     : Starting a blocking GC Explicit
08-04 12:57:00.852  3712  4218 I art     : Explicit concurrent mark sweep GC freed 32(880B) AllocSpace objects, 0(0B) LOS objects, 36% free, 27MB/43MB, paused 600us total 24.308ms
08-04 12:57:01.001  4861  4861 D AndroidRuntime: >>>>>> START com.android.internal.os.RuntimeInit uid 2000 <<<<<<
08-04 12:57:01.008  4861  4861 D AndroidRuntime: CheckJNI is OFF
08-04 12:57:01.040  4861  4861 D ICU     : No timezone override file found: /data/misc/zoneinfo/current/icu/icu_tzdata.dat
08-04 12:57:01.073  4861  4861 I Radio-JNI: register_android_hardware_Radio DONE
08-04 12:57:01.095  4861  4861 D AndroidRuntime: Calling main entry com.android.commands.input.Input
08-04 12:57:01.097  4861  4861 I Input   : injectMotionEvent: MotionEvent { action=ACTION_DOWN, actionButton=0, id[0]=0, x[0]=625.0, y[0]=832.0, toolType[0]=TOOL_TYPE_UNKNOWN, buttonState=0, metaState=0, flags=0x0, edgeFlags=0x0, pointerCount=1, historySize=0, eventTime=709037509, downTime=709037509, deviceId=0, source=0x1002 }
08-04 12:57:01.100  4861  4861 I Input   : injectMotionEvent: MotionEvent { action=ACTION_UP, actionButton=0, id[0]=0, x[0]=625.0, y[0]=832.0, toolType[0]=TOOL_TYPE_UNKNOWN, buttonState=0, metaState=0, flags=0x0, edgeFlags=0x0, pointerCount=1, historySize=0, eventTime=709037509, downTime=709037509, deviceId=0, source=0x1002 }
08-04 12:57:01.102  4861  4861 D AndroidRuntime: Shutting down VM
08-04 12:57:01.116  3712  3712 D UserPreferences: Using default data folder
08-04 12:57:01.116   512  2967 D audio_hw_primary: out_set_parameters: enter: usecase(1: low-latency-playback) kvpairs: routing=2
08-04 12:57:01.117  3712  3712 D DownloadRequester: partiallyDownloadedFileExists: false
08-04 12:57:01.117  3712  3712 D DownloadRequester: /storage/emulated/0/Android/data/baseline.de.danoeh.antennapod.debug/files/cache/feed-Nice White Parents is available as a download destination
08-04 12:57:01.118  3712  3712 D DownloadRequester: Requesting download of url https://rss.art19.com/nice-white-parents
08-04 12:57:01.124  3712  3712 D DownloadService: Service started
08-04 12:57:01.125  3712  3712 D DownloadService: parallel downloads: 4
08-04 12:57:01.126  3712  4896 D downloadCompletionThd: downloadCompletionThread was started
08-04 12:57:01.128  3712  3712 D DownloadService: Notification set up
08-04 12:57:01.129   512  2967 D audio_hw_primary: select_devices: out_snd_device(2: speaker) in_snd_device(0: none)
08-04 12:57:01.129   512  2967 D msm8974_platform: platform_send_audio_calibration: sending audio calibration for snd_device(2) acdb_id(15)
08-04 12:57:01.129   512  2967 I soundtrigger: audio_extn_sound_trigger_update_device_status: device 0x2 of type 0 for Event 1
08-04 12:57:01.139   512  2967 D audio_hw_primary: enable_snd_device: snd_device(2: speaker)
08-04 12:57:01.141  3712  3726 I art     : Starting a blocking GC Explicit
08-04 12:57:01.141  3712  3712 D DownloadService: Received enqueue request
08-04 12:57:01.141   512  2967 D audio_hw_primary: enable_audio_route: apply and update mixer path: low-latency-playback speaker
08-04 12:57:01.144   918  3359 D WifiService: acquireWifiLockLocked: WifiLock{Downloader type=1 binder=android.os.BinderProxy@8156302}
08-04 12:57:01.145  3712  3712 D OnlineFeedViewActivity: onEventMainThread() called with: event = [DownloadEvent{update=DownloaderUpdate{downloaders=[baseline.de.danoeh.antennapod.core.service.download.HttpDownloader@34e85cc], feedIds=[0], mediaIds=[]}}]
08-04 12:57:01.145  3712  4898 D AntennapodHttpClient: Creating new instance of HTTP client
08-04 12:57:01.145  3712  3712 D DownloadService: 1 downloads left
08-04 12:57:01.145  3712  3712 D DownloadService: Setting up notification updater
08-04 12:57:01.170  3712  3726 I art     : Explicit concurrent mark sweep GC freed 2554(150KB) AllocSpace objects, 1(20KB) LOS objects, 36% free, 27MB/43MB, paused 903us total 29.561ms
08-04 12:57:01.179  3712  3726 I art     : Starting a blocking GC Explicit
08-04 12:57:01.202  3712  3726 I art     : Explicit concurrent mark sweep GC freed 36(1520B) AllocSpace objects, 0(0B) LOS objects, 36% free, 27MB/43MB, paused 708us total 23.385ms
08-04 12:57:01.211  3712  3726 I art     : Starting a blocking GC Explicit
08-04 12:57:01.233  3712  3726 I art     : Explicit concurrent mark sweep GC freed 4(128B) AllocSpace objects, 0(0B) LOS objects, 36% free, 27MB/43MB, paused 683us total 22.531ms
08-04 12:57:01.242  3712  3726 I art     : Starting a blocking GC Explicit
08-04 12:57:01.265  3712  3726 I art     : Explicit concurrent mark sweep GC freed 23(928B) AllocSpace objects, 0(0B) LOS objects, 36% free, 27MB/43MB, paused 703us total 23.044ms
08-04 12:57:01.274  3712  3726 I art     : Starting a blocking GC Explicit
08-04 12:57:01.298  3712  3726 I art     : Explicit concurrent mark sweep GC freed 71(5KB) AllocSpace objects, 0(0B) LOS objects, 36% free, 27MB/43MB, paused 784us total 24.143ms
08-04 12:57:01.544  3712  4898 D MYTAG   : interceptor 3a https://rss.art19.com/nice-white-parents
08-04 12:57:01.545  3712  4898 I NAPPA_EXPERIMENTATION: MetricNetworkRequestExecutionTime: REQUEST_DURATION_SYSTEM='397',REQUEST_DURATION_OKHTTP='140',REQUEST_SYNCHRONOUS='TRUE',RESPONSE_CODE='200',RESPONSE_METHOD='GET',RESPONSE_LENGTH_OKHTTP='-1',RESPONSE_LENGTH_HEADER='1803',REQUEST_PROTOCOL='h2',REQUEST_URL='https://rss.art19.com/nice-white-parents',
08-04 12:57:01.545  3712  4898 D HttpDownloader: Response code is 200
08-04 12:57:01.545  3712  4898 D UserPreferences: Using default data folder
08-04 12:57:01.547  3712  3747 I art     : Starting a blocking GC Explicit
08-04 12:57:01.561  3712  4898 D HttpDownloader: Getting size of download
08-04 12:57:01.563  3712  4898 D HttpDownloader: Size is -1
08-04 12:57:01.563  3712  4898 D UserPreferences: Using default data folder
08-04 12:57:01.563  3712  4898 D HttpDownloader: Free space is 20259422208
08-04 12:57:01.563  3712  4898 D HttpDownloader: Starting download
08-04 12:57:01.576  3712  3747 I art     : Explicit concurrent mark sweep GC freed 6132(312KB) AllocSpace objects, 4(220KB) LOS objects, 36% free, 27MB/43MB, paused 795us total 28.926ms
08-04 12:57:01.586  3712  3747 I art     : Starting a blocking GC Explicit
08-04 12:57:01.589  3712  4898 D HttpDownloader: Download was successful
08-04 12:57:01.590   918  6111 D WifiService: releaseWifiLockLocked: WifiLock{Downloader type=1 binder=android.os.BinderProxy@8156302}
08-04 12:57:01.590  3712  4896 D downloadCompletionThd: Received 'Download Complete' - message.
08-04 12:57:01.591  3712  4896 D DownloadService: Handling completed Feed Download
08-04 12:57:01.591  3712  3712 D DownloadService: Removing downloader: https://rss.art19.com/nice-white-parents
08-04 12:57:01.591  3712  3712 D DownloadService: Result of downloads.remove: true
08-04 12:57:01.591  3712  4897 D FeedSyncThread: Waiting for 3000 ms
08-04 12:57:01.592  3712  3712 D OnlineFeedViewActivity: onEventMainThread() called with: event = [DownloadEvent{update=DownloaderUpdate{downloaders=[], feedIds=[], mediaIds=[]}}]
08-04 12:57:01.594  3712  4916 D TypeGetter: Recognized type RSS 2.0
08-04 12:57:01.596  3712  4916 D SyndHandler: Recognized ITunes namespace
08-04 12:57:01.596  3712  4916 D SyndHandler: Recognized Atom namespace
08-04 12:57:01.596  3712  4916 D SyndHandler: Recognized Content namespace
08-04 12:57:01.600  3712  4916 D FeedSyncThread: Nice White Parents parsed
08-04 12:57:01.601  3712  4916 D FeedSyncThread: Deletion of file '/storage/emulated/0/Android/data/baseline.de.danoeh.antennapod.debug/files/cache/feed-Nice White Parents' successful
08-04 12:57:01.601  3712  4916 D DBReader: getFeedDownloadLog() called with: feed = [baseline.de.danoeh.antennapod.core.feed.Feed@0]
08-04 12:57:01.611  3712  3747 I art     : Explicit concurrent mark sweep GC freed 1514(287KB) AllocSpace objects, 3(60KB) LOS objects, 36% free, 27MB/43MB, paused 875us total 24.976ms
08-04 12:57:01.620  3712  3747 I art     : Starting a blocking GC Explicit
08-04 12:57:01.633 13866 13882 I PeriodicStatsRunner: PeriodicStatsRunner.call():175 call()
08-04 12:57:01.633 13866 13882 I PeriodicStatsRunner: PeriodicStatsRunner.call():179 No submit PeriodicStats since input started.
08-04 12:57:01.644  3712  3747 I art     : Explicit concurrent mark sweep GC freed 277(39KB) AllocSpace objects, 0(0B) LOS objects, 36% free, 27MB/43MB, paused 835us total 24.130ms
08-04 12:57:01.653  3712  3747 I art     : Starting a blocking GC Explicit
08-04 12:57:01.678  3712  3747 I art     : Explicit concurrent mark sweep GC freed 15(496B) AllocSpace objects, 0(0B) LOS objects, 36% free, 27MB/43MB, paused 832us total 24.905ms
08-04 12:57:01.680   512  2967 D audio_hw_primary: disable_audio_route: reset and update mixer path: low-latency-playback speaker
08-04 12:57:01.681   512  2967 D audio_hw_primary: disable_snd_device: snd_device(2: speaker)
08-04 12:57:01.687  3712  3747 I art     : Starting a blocking GC Explicit
08-04 12:57:01.689   512  2967 I soundtrigger: audio_extn_sound_trigger_update_device_status: device 0x2 of type 0 for Event 0
08-04 12:57:01.713  3712  3747 I art     : Explicit concurrent mark sweep GC freed 14(544B) AllocSpace objects, 0(0B) LOS objects, 36% free, 27MB/43MB, paused 737us total 25.133ms
08-04 12:57:01.720 13866 13882 I PeriodicStatsRunner: PeriodicStatsRunner.call():175 call()
08-04 12:57:01.720 13866 13882 I PeriodicStatsRunner: PeriodicStatsRunner.call():179 No submit PeriodicStats since input started.
08-04 12:57:02.007  3712  3747 I art     : Starting a blocking GC Explicit
08-04 12:57:02.036  3712  3747 I art     : Explicit concurrent mark sweep GC freed 1406(81KB) AllocSpace objects, 1(20KB) LOS objects, 36% free, 27MB/43MB, paused 744us total 28.374ms
08-04 12:57:02.045  3712  3747 I art     : Starting a blocking GC Explicit
08-04 12:57:02.072  3712  3747 I art     : Explicit concurrent mark sweep GC freed 25(816B) AllocSpace objects, 0(0B) LOS objects, 36% free, 27MB/43MB, paused 739us total 26.760ms
08-04 12:57:02.081  3712  3747 I art     : Starting a blocking GC Explicit
08-04 12:57:02.109  3712  3747 I art     : Explicit concurrent mark sweep GC freed 3(96B) AllocSpace objects, 0(0B) LOS objects, 36% free, 27MB/43MB, paused 958us total 27.370ms
08-04 12:57:02.118  3712  3747 I art     : Starting a blocking GC Explicit
08-04 12:57:02.145  3712  3747 I art     : Explicit concurrent mark sweep GC freed 3(96B) AllocSpace objects, 0(0B) LOS objects, 36% free, 27MB/43MB, paused 712us total 26.191ms
08-04 12:57:02.154  3712  3747 I art     : Starting a blocking GC Explicit
08-04 12:57:02.181  3712  3747 I art     : Explicit concurrent mark sweep GC freed 3(96B) AllocSpace objects, 0(0B) LOS objects, 36% free, 27MB/43MB, paused 708us total 26.288ms
08-04 12:57:02.477  3712  4218 I art     : Starting a blocking GC Explicit
08-04 12:57:02.516  3712  4218 I art     : Explicit concurrent mark sweep GC freed 1366(80KB) AllocSpace objects, 1(20KB) LOS objects, 36% free, 27MB/43MB, paused 780us total 37.780ms
08-04 12:57:02.528  3712  4218 I art     : Starting a blocking GC Explicit
08-04 12:57:02.555  3712  4218 I art     : Explicit concurrent mark sweep GC freed 23(752B) AllocSpace objects, 0(0B) LOS objects, 36% free, 27MB/43MB, paused 722us total 26.701ms
08-04 12:57:02.564  3712  4218 I art     : Starting a blocking GC Explicit
08-04 12:57:02.591  3712  4218 I art     : Explicit concurrent mark sweep GC freed 3(96B) AllocSpace objects, 0(0B) LOS objects, 36% free, 27MB/43MB, paused 731us total 26.719ms
08-04 12:57:02.600  3712  4218 I art     : Starting a blocking GC Explicit
08-04 12:57:02.628  3712  4218 I art     : Explicit concurrent mark sweep GC freed 3(96B) AllocSpace objects, 0(0B) LOS objects, 36% free, 27MB/43MB, paused 814us total 27.189ms
08-04 12:57:02.637  3712  4218 I art     : Starting a blocking GC Explicit
08-04 12:57:02.665  3712  4218 I art     : Explicit concurrent mark sweep GC freed 3(96B) AllocSpace objects, 0(0B) LOS objects, 36% free, 27MB/43MB, paused 740us total 27.614ms
08-04 12:57:02.969  3712  3727 I art     : Starting a blocking GC Explicit
08-04 12:57:03.007  3712  3727 I art     : Explicit concurrent mark sweep GC freed 1395(80KB) AllocSpace objects, 1(20KB) LOS objects, 36% free, 27MB/43MB, paused 810us total 37.464ms
08-04 12:57:03.021  3712  3727 I art     : Starting a blocking GC Explicit
08-04 12:57:03.047  3712  3727 I art     : Explicit concurrent mark sweep GC freed 23(752B) AllocSpace objects, 0(0B) LOS objects, 36% free, 27MB/43MB, paused 880us total 26.319ms
08-04 12:57:03.057  3712  3727 I art     : Starting a blocking GC Explicit
08-04 12:57:03.084  3712  3727 I art     : Explicit concurrent mark sweep GC freed 3(96B) AllocSpace objects, 0(0B) LOS objects, 36% free, 27MB/43MB, paused 787us total 27.039ms
08-04 12:57:03.094  3712  3727 I art     : Starting a blocking GC Explicit
08-04 12:57:03.095  3712  3712 D OnlineFeedViewActivity: onEventMainThread() called with: event = [DownloadEvent{update=DownloaderUpdate{downloaders=[], feedIds=[], mediaIds=[]}}]
08-04 12:57:03.121  3712  3727 I art     : Explicit concurrent mark sweep GC freed 33(2848B) AllocSpace objects, 0(0B) LOS objects, 36% free, 27MB/43MB, paused 706us total 27.226ms
08-04 12:57:03.131  3712  3727 I art     : Starting a blocking GC Explicit
08-04 12:57:03.157  3712  3727 I art     : Explicit concurrent mark sweep GC freed 9(272B) AllocSpace objects, 0(0B) LOS objects, 36% free, 27MB/43MB, paused 794us total 25.965ms
08-04 12:57:03.485  3712  3747 I art     : Starting a blocking GC Explicit
08-04 12:57:03.523  3712  3747 I art     : Explicit concurrent mark sweep GC freed 1366(80KB) AllocSpace objects, 1(20KB) LOS objects, 36% free, 27MB/43MB, paused 779us total 37.551ms
08-04 12:57:03.532  3712  3747 I art     : Starting a blocking GC Explicit
08-04 12:57:03.560  3712  3747 I art     : Explicit concurrent mark sweep GC freed 23(752B) AllocSpace objects, 0(0B) LOS objects, 36% free, 27MB/43MB, paused 726us total 27.136ms
08-04 12:57:03.569  3712  3747 I art     : Starting a blocking GC Explicit
08-04 12:57:03.595  3712  3747 I art     : Explicit concurrent mark sweep GC freed 3(96B) AllocSpace objects, 0(0B) LOS objects, 36% free, 27MB/43MB, paused 730us total 26.195ms
08-04 12:57:03.605  3712  3747 I art     : Starting a blocking GC Explicit
08-04 12:57:03.633  3712  3747 I art     : Explicit concurrent mark sweep GC freed 3(96B) AllocSpace objects, 0(0B) LOS objects, 36% free, 27MB/43MB, paused 760us total 27.718ms
08-04 12:57:03.643  3712  3747 I art     : Starting a blocking GC Explicit
08-04 12:57:03.669  3712  3747 I art     : Explicit concurrent mark sweep GC freed 3(96B) AllocSpace objects, 0(0B) LOS objects, 36% free, 27MB/43MB, paused 734us total 26.256ms
08-04 12:57:03.985  3712  4218 I art     : Starting a blocking GC Explicit
08-04 12:57:04.023  3712  4218 I art     : Explicit concurrent mark sweep GC freed 1395(80KB) AllocSpace objects, 1(20KB) LOS objects, 36% free, 27MB/43MB, paused 862us total 37.435ms
08-04 12:57:04.034  3712  4218 I art     : Starting a blocking GC Explicit
08-04 12:57:04.061  3712  4218 I art     : Explicit concurrent mark sweep GC freed 23(752B) AllocSpace objects, 0(0B) LOS objects, 36% free, 27MB/43MB, paused 738us total 26.546ms
08-04 12:57:04.070  3712  4218 I art     : Starting a blocking GC Explicit
08-04 12:57:04.097  3712  4218 I art     : Explicit concurrent mark sweep GC freed 3(96B) AllocSpace objects, 0(0B) LOS objects, 36% free, 27MB/43MB, paused 805us total 27.019ms
08-04 12:57:04.107  3712  4218 I art     : Starting a blocking GC Explicit
08-04 12:57:04.134  3712  4218 I art     : Explicit concurrent mark sweep GC freed 3(96B) AllocSpace objects, 0(0B) LOS objects, 36% free, 27MB/43MB, paused 740us total 27.048ms
08-04 12:57:04.144  3712  4218 I art     : Starting a blocking GC Explicit
08-04 12:57:04.171  3712  4218 I art     : Explicit concurrent mark sweep GC freed 3(96B) AllocSpace objects, 0(0B) LOS objects, 36% free, 27MB/43MB, paused 729us total 26.945ms
08-04 12:57:04.485  3712  3726 I art     : Starting a blocking GC Explicit
08-04 12:57:04.523  3712  3726 I art     : Explicit concurrent mark sweep GC freed 1366(80KB) AllocSpace objects, 1(20KB) LOS objects, 36% free, 27MB/43MB, paused 1.032ms total 37.712ms
08-04 12:57:04.535  3712  3726 I art     : Starting a blocking GC Explicit
08-04 12:57:04.561  3712  3726 I art     : Explicit concurrent mark sweep GC freed 23(752B) AllocSpace objects, 0(0B) LOS objects, 36% free, 27MB/43MB, paused 739us total 26.435ms
08-04 12:57:04.571  3712  3726 I art     : Starting a blocking GC Explicit
08-04 12:57:04.592  3712  4897 D FeedSyncThread: Bundling 1 feeds
08-04 12:57:04.593  3712  4978 D DBReader: Extracting Feedlist
08-04 12:57:04.594  3712  4978 D DBTasks : Found no existing Feed with title Nice White Parents. Adding as new one.
08-04 12:57:04.596  3712  4979 D PodDBAdapter: Setting feed with flattr status Nice White Parents: 0
08-04 12:57:04.598  3712  4979 D baseline.de.danoeh.antennapod.core.storage.PodDBAdapter@1666ccd: Inserting new Feed into db
08-04 12:57:04.598  3712  3726 I art     : Explicit concurrent mark sweep GC freed 56(7KB) AllocSpace objects, 0(0B) LOS objects, 36% free, 27MB/43MB, paused 1.125ms total 27.055ms
08-04 12:57:04.599  3712  3712 D OnlineFeedViewActivity: onEventMainThread() called with: event = [DownloadEvent{update=DownloaderUpdate{downloaders=[], feedIds=[], mediaIds=[]}}]
08-04 12:57:04.607  3712  3726 I art     : Starting a blocking GC Explicit
08-04 12:57:04.624  3712  3712 D EventDistributor: Processing event queue. Number of events: 1
08-04 12:57:04.625  3712  3712 D EventDistributor: Notifying observers. Data: 1
08-04 12:57:04.626  3712  4319 D DBReader: Extracting Feedlist
08-04 12:57:04.626  3712  3712 D DownloadService: 0 downloads left
08-04 12:57:04.626  3712  3712 D DownloadService: Number of downloads is 0, attempting shutdown
08-04 12:57:04.635  3712  3726 I art     : Explicit concurrent mark sweep GC freed 335(39KB) AllocSpace objects, 1(20KB) LOS objects, 36% free, 27MB/43MB, paused 1.046ms total 27.601ms
08-04 12:57:04.636  3712  3712 D DownloadService: Service shutting down
08-04 12:57:04.637  3712  3712 D DownloadService: No report is created
08-04 12:57:04.637  3712  3712 D OnlineFeedViewActivity: onEventMainThread() called with: event = [DownloadEvent{update=DownloaderUpdate{downloaders=[], feedIds=[], mediaIds=[]}}]
08-04 12:57:04.641  3712  4896 E downloadCompletionThd: DownloadCompletionThread was interrupted
08-04 12:57:04.641  3712  3712 D DownloadService: NotificationUpdater cancelled. Result: false
08-04 12:57:04.642  3712  3712 D DBTasks : autodownloadUndownloadedItems
08-04 12:57:04.645  3712  3726 I art     : Starting a blocking GC Explicit
08-04 12:57:04.650  3712  4980 D NetworkUtils: Device is connected to Wi-Fi
08-04 12:57:04.651  3712  4980 D NetworkUtils: Auto-dl filter is disabled
08-04 12:57:04.657   518   646 I ThermalEngine: ACTION: GPU - Setting GPU[0] to 600000000
08-04 12:57:04.669  3712  3726 I art     : Explicit concurrent mark sweep GC freed 285(15KB) AllocSpace objects, 0(0B) LOS objects, 36% free, 27MB/43MB, paused 745us total 23.841ms
08-04 12:57:04.912   918  3188 I hubconnection: sensorhub said: 'set_bias 3: -6.1248, 0.0000, 0.0000'
08-04 12:57:04.979  3712  3727 I art     : Starting a blocking GC Explicit
08-04 12:57:05.005  3712  3727 I art     : Explicit concurrent mark sweep GC freed 1406(81KB) AllocSpace objects, 1(20KB) LOS objects, 36% free, 27MB/43MB, paused 614us total 24.827ms
08-04 12:57:05.018  3712  3727 I art     : Starting a blocking GC Explicit
08-04 12:57:05.040  3712  3727 I art     : Explicit concurrent mark sweep GC freed 23(752B) AllocSpace objects, 0(0B) LOS objects, 36% free, 27MB/43MB, paused 568us total 21.275ms
08-04 12:57:05.047  3712  3727 I art     : Starting a blocking GC Explicit
08-04 12:57:05.068  3712  3727 I art     : Explicit concurrent mark sweep GC freed 3(96B) AllocSpace objects, 0(0B) LOS objects, 36% free, 27MB/43MB, paused 572us total 21.309ms
08-04 12:57:05.076  3712  3727 I art     : Starting a blocking GC Explicit
08-04 12:57:05.097  3712  3727 I art     : Explicit concurrent mark sweep GC freed 3(96B) AllocSpace objects, 0(0B) LOS objects, 36% free, 27MB/43MB, paused 643us total 21.254ms
08-04 12:57:05.104  3712  3727 I art     : Starting a blocking GC Explicit
08-04 12:57:05.126  3712  3727 I art     : Explicit concurrent mark sweep GC freed 3(96B) AllocSpace objects, 0(0B) LOS objects, 36% free, 27MB/43MB, paused 618us total 21.455ms
08-04 12:57:05.414  3712  3747 I art     : Starting a blocking GC Explicit
08-04 12:57:05.437  3712  3747 I art     : Explicit concurrent mark sweep GC freed 1368(82KB) AllocSpace objects, 1(20KB) LOS objects, 36% free, 27MB/43MB, paused 701us total 22.804ms
08-04 12:57:05.445  3712  3747 I art     : Starting a blocking GC Explicit
08-04 12:57:05.466  3712  3747 I art     : Explicit concurrent mark sweep GC freed 23(752B) AllocSpace objects, 0(0B) LOS objects, 36% free, 27MB/43MB, paused 563us total 20.513ms
08-04 12:57:05.473  3712  3747 I art     : Starting a blocking GC Explicit
08-04 12:57:05.494  3712  3747 I art     : Explicit concurrent mark sweep GC freed 3(96B) AllocSpace objects, 0(0B) LOS objects, 36% free, 27MB/43MB, paused 573us total 20.664ms
08-04 12:57:05.501  3712  3747 I art     : Starting a blocking GC Explicit
08-04 12:57:05.522  3712  3747 I art     : Explicit concurrent mark sweep GC freed 3(96B) AllocSpace objects, 0(0B) LOS objects, 36% free, 27MB/43MB, paused 556us total 20.650ms
08-04 12:57:05.529  3712  3747 I art     : Starting a blocking GC Explicit
08-04 12:57:05.548  3712  3747 I art     : Explicit concurrent mark sweep GC freed 3(96B) AllocSpace objects, 0(0B) LOS objects, 36% free, 27MB/43MB, paused 532us total 18.895ms
08-04 12:57:05.671  4997  4997 D AndroidRuntime: >>>>>> START com.android.internal.os.RuntimeInit uid 2000 <<<<<<
08-04 12:57:05.677  4997  4997 D AndroidRuntime: CheckJNI is OFF
08-04 12:57:05.707  4997  4997 D ICU     : No timezone override file found: /data/misc/zoneinfo/current/icu/icu_tzdata.dat
08-04 12:57:05.733  4997  4997 I Radio-JNI: register_android_hardware_Radio DONE
08-04 12:57:05.749  4997  4997 D AndroidRuntime: Calling main entry com.android.commands.input.Input
08-04 12:57:05.750  4997  4997 I Input   : injectKeyEvent: KeyEvent { action=ACTION_DOWN, keyCode=KEYCODE_BACK, scanCode=0, metaState=0, flags=0x0, repeatCount=0, eventTime=709042164, downTime=709042164, deviceId=-1, source=0x101 }
08-04 12:57:05.756  4997  4997 I Input   : injectKeyEvent: KeyEvent { action=ACTION_UP, keyCode=KEYCODE_BACK, scanCode=0, metaState=0, flags=0x0, repeatCount=0, eventTime=709042164, downTime=709042164, deviceId=-1, source=0x101 }
08-04 12:57:05.764  4997  4997 D AndroidRuntime: Shutting down VM
08-04 12:57:05.772  3712  3712 V PlaybackController: initServiceNotRunning()
08-04 12:57:05.772  3712  3712 D ExternalPlayerFragment: Loading media info
08-04 12:57:05.775  3712  3712 D UserPreferences: Using default data folder
08-04 12:57:05.775  3712  4319 D DBReader: getNavDrawerData() called with: 
08-04 12:57:05.779  3712  4319 D DBReader: getDownloadedItems() called
08-04 12:57:05.779  3712  4319 D DBReader: getFavoriteIDList() called
08-04 12:57:05.780  3712  4319 D DBReader: getQueueIDList() called
08-04 12:57:05.780  3712  4319 D DBReader: Extracting Feedlist
08-04 12:57:05.803  3712  3712 D MainActivity: getLastNavFragment() -> AddFeedFragment
08-04 12:57:05.804 13866 13866 I GoogleInputMethodServic: GoogleInputMethodService.onFinishInput():3138 
08-04 12:57:05.804 13866 13866 I GoogleInputMethodServic: GoogleInputMethodService.onStartInput():1808 
08-04 12:57:05.815  3712  4786 D ApOkHttpUrlLoader: buildLoadData() called with: model = [https://content.production.cdn.art19.com/images/89/e0/88/44/89e08844-ac28-4fc0-96fa-15a41fec2014/262c12ed699a8d9720dea0bd66449d998e4a08cf18095bed170ccaa76722045fa5dbf7a366918b2db7e3acf29ad22f6b99fd659a9409cb807bf2781d968932f8.jpeg], width = [140], height = [140]
08-04 12:57:05.825  4288  4360 W GrowthKit: Failed to fetch promotions.
08-04 12:57:05.825  4288  4360 W GrowthKit: rjp: DEADLINE_EXCEEDED: deadline exceeded after 19.948364063s. [remote_addr=null]
08-04 12:57:05.825  4288  4360 W GrowthKit: 	at rjn.a(PG:31)
08-04 12:57:05.825  4288  4360 W GrowthKit: 	at rwd.a(PG:6)
08-04 12:57:05.825  4288  4360 W GrowthKit: 	at rlw.a(PG:23)
08-04 12:57:05.825  4288  4360 W GrowthKit: 	at rln.a(PG:3)
08-04 12:57:05.825  4288  4360 W GrowthKit: 	at rmk.run(PG:2)
08-04 12:57:05.825  4288  4360 W GrowthKit: 	at rsm.run(PG:10)
08-04 12:57:05.825  4288  4360 W GrowthKit: 	at java.util.concurrent.ThreadPoolExecutor.runWorker(ThreadPoolExecutor.java:1113)
08-04 12:57:05.825  4288  4360 W GrowthKit: 	at java.util.concurrent.ThreadPoolExecutor$Worker.run(ThreadPoolExecutor.java:588)
08-04 12:57:05.825  4288  4360 W GrowthKit: 	at foi.run(Unknown Source)
08-04 12:57:05.825  4288  4360 W GrowthKit: 	at java.lang.Thread.run(Thread.java:818)
08-04 12:57:05.828  3712  3727 I art     : Starting a blocking GC Explicit
08-04 12:57:05.829  4288  4360 E GrowthKit: job GrowthKitJobScheduler.PeriodicSyncJob failed
08-04 12:57:05.837   918  5952 I ActivityManager: Killing 21871:com.google.android.webview:webview_service/u0a74 (adj 15): empty #17
08-04 12:57:05.850  3712  3727 I art     : Explicit concurrent mark sweep GC freed 2482(179KB) AllocSpace objects, 1(20KB) LOS objects, 36% free, 27MB/43MB, paused 672us total 21.968ms
08-04 12:57:05.861  3712  3727 I art     : Starting a blocking GC Explicit
08-04 12:57:05.880  3712  3727 I art     : Explicit concurrent mark sweep GC freed 497(25KB) AllocSpace objects, 0(0B) LOS objects, 36% free, 27MB/43MB, paused 630us total 18.789ms
08-04 12:57:05.887  3712  3727 I art     : Starting a blocking GC Explicit
08-04 12:57:05.906  3712  3727 I art     : Explicit concurrent mark sweep GC freed 7(224B) AllocSpace objects, 0(0B) LOS objects, 36% free, 27MB/43MB, paused 626us total 19.024ms
08-04 12:57:05.913  3712  3727 I art     : Starting a blocking GC Explicit
08-04 12:57:05.932  3712  3727 I art     : Explicit concurrent mark sweep GC freed 59(12KB) AllocSpace objects, 0(0B) LOS objects, 36% free, 27MB/43MB, paused 565us total 18.816ms
08-04 12:57:05.938  3712  3727 I art     : Starting a blocking GC Explicit
08-04 12:57:05.959  3712  3727 I art     : Explicit concurrent mark sweep GC freed 165(6KB) AllocSpace objects, 0(0B) LOS objects, 36% free, 27MB/43MB, paused 536us total 20.145ms
08-04 12:57:06.165   380   380 W SurfaceFlinger: couldn't log to binary event log: overflow.
08-04 12:57:06.231  3712  3727 I art     : Starting a blocking GC Explicit
08-04 12:57:06.255  3712  3727 I art     : Explicit concurrent mark sweep GC freed 2016(107KB) AllocSpace objects, 1(20KB) LOS objects, 36% free, 27MB/43MB, paused 606us total 23.603ms
08-04 12:57:06.263  3712  3727 I art     : Starting a blocking GC Explicit
08-04 12:57:06.285  3712  3727 I art     : Explicit concurrent mark sweep GC freed 2483(152KB) AllocSpace objects, 2(248KB) LOS objects, 36% free, 27MB/43MB, paused 595us total 22.108ms
08-04 12:57:06.292  3712  3727 I art     : Starting a blocking GC Explicit
08-04 12:57:06.314  3712  3727 I art     : Explicit concurrent mark sweep GC freed 3(96B) AllocSpace objects, 0(0B) LOS objects, 36% free, 27MB/43MB, paused 568us total 21.232ms
08-04 12:57:06.322  3712  3727 I art     : Starting a blocking GC Explicit
08-04 12:57:06.342  3712  3727 I art     : Explicit concurrent mark sweep GC freed 3(96B) AllocSpace objects, 0(0B) LOS objects, 36% free, 27MB/43MB, paused 556us total 20.365ms
08-04 12:57:06.350  3712  3727 I art     : Starting a blocking GC Explicit
08-04 12:57:06.370  3712  3727 I art     : Explicit concurrent mark sweep GC freed 3(96B) AllocSpace objects, 0(0B) LOS objects, 36% free, 27MB/43MB, paused 580us total 20.572ms
08-04 12:57:06.651  3712  3726 I art     : Starting a blocking GC Explicit
08-04 12:57:06.680  3712  3726 I art     : Explicit concurrent mark sweep GC freed 1369(82KB) AllocSpace objects, 1(20KB) LOS objects, 36% free, 27MB/43MB, paused 649us total 28.925ms
08-04 12:57:06.692  3712  3726 I art     : Starting a blocking GC Explicit
08-04 12:57:06.718  3712  3726 I art     : Explicit concurrent mark sweep GC freed 23(752B) AllocSpace objects, 0(0B) LOS objects, 36% free, 27MB/43MB, paused 573us total 26.440ms
08-04 12:57:06.726  3712  3726 I art     : Starting a blocking GC Explicit
08-04 12:57:06.748  3712  3726 I art     : Explicit concurrent mark sweep GC freed 3(96B) AllocSpace objects, 0(0B) LOS objects, 36% free, 27MB/43MB, paused 610us total 21.467ms
08-04 12:57:06.756  3712  3726 I art     : Starting a blocking GC Explicit
08-04 12:57:06.776  3712  3726 I art     : Explicit concurrent mark sweep GC freed 3(96B) AllocSpace objects, 0(0B) LOS objects, 36% free, 27MB/43MB, paused 515us total 19.869ms
08-04 12:57:06.783  3712  3726 I art     : Starting a blocking GC Explicit
08-04 12:57:06.803  3712  3726 I art     : Explicit concurrent mark sweep GC freed 3(96B) AllocSpace objects, 0(0B) LOS objects, 36% free, 27MB/43MB, paused 550us total 20.484ms
08-04 12:57:06.824  4288  4375 I cr_CronetUrlRequestContext: destroyNativeStreamLocked org.chromium.net.impl.CronetBidirectionalStream@d5270c
08-04 12:57:07.072  3712  4218 I art     : Starting a blocking GC Explicit
08-04 12:57:07.093  3712  4218 I art     : Explicit concurrent mark sweep GC freed 1397(81KB) AllocSpace objects, 1(20KB) LOS objects, 36% free, 27MB/43MB, paused 631us total 20.883ms
08-04 12:57:07.101  3712  4218 I art     : Starting a blocking GC Explicit
08-04 12:57:07.121  3712  4218 I art     : Explicit concurrent mark sweep GC freed 23(752B) AllocSpace objects, 0(0B) LOS objects, 36% free, 27MB/43MB, paused 580us total 20.569ms
08-04 12:57:07.128  3712  4218 I art     : Starting a blocking GC Explicit
08-04 12:57:07.149  3712  4218 I art     : Explicit concurrent mark sweep GC freed 3(96B) AllocSpace objects, 0(0B) LOS objects, 36% free, 27MB/43MB, paused 563us total 19.886ms
08-04 12:57:07.155  3712  4218 I art     : Starting a blocking GC Explicit
08-04 12:57:07.176  3712  4218 I art     : Explicit concurrent mark sweep GC freed 3(96B) AllocSpace objects, 0(0B) LOS objects, 36% free, 27MB/43MB, paused 624us total 20.038ms
08-04 12:57:07.183  3712  4218 I art     : Starting a blocking GC Explicit
08-04 12:57:07.202  3712  4218 I art     : Explicit concurrent mark sweep GC freed 3(96B) AllocSpace objects, 0(0B) LOS objects, 36% free, 27MB/43MB, paused 548us total 19.383ms
08-04 12:57:07.317  5051  5051 D AndroidRuntime: >>>>>> START com.android.internal.os.RuntimeInit uid 2000 <<<<<<
08-04 12:57:07.322  5051  5051 D AndroidRuntime: CheckJNI is OFF
08-04 12:57:07.350  5051  5051 D ICU     : No timezone override file found: /data/misc/zoneinfo/current/icu/icu_tzdata.dat
08-04 12:57:07.375  5051  5051 I Radio-JNI: register_android_hardware_Radio DONE
08-04 12:57:07.391  5051  5051 D AndroidRuntime: Calling main entry com.android.commands.input.Input
08-04 12:57:07.393  5051  5051 I Input   : injectMotionEvent: MotionEvent { action=ACTION_DOWN, actionButton=0, id[0]=0, x[0]=639.0, y[0]=762.0, toolType[0]=TOOL_TYPE_UNKNOWN, buttonState=0, metaState=0, flags=0x0, edgeFlags=0x0, pointerCount=1, historySize=0, eventTime=709043806, downTime=709043806, deviceId=0, source=0x1002 }
08-04 12:57:07.405  5051  5051 I Input   : injectMotionEvent: MotionEvent { action=ACTION_UP, actionButton=0, id[0]=0, x[0]=639.0, y[0]=762.0, toolType[0]=TOOL_TYPE_UNKNOWN, buttonState=0, metaState=0, flags=0x0, edgeFlags=0x0, pointerCount=1, historySize=0, eventTime=709043806, downTime=709043806, deviceId=0, source=0x1002 }
08-04 12:57:07.407  5051  5051 D AndroidRuntime: Shutting down VM
08-04 12:57:07.461  3712  3747 I art     : Starting a blocking GC Explicit
08-04 12:57:07.481  3712  3747 I art     : Explicit concurrent mark sweep GC freed 1406(81KB) AllocSpace objects, 1(20KB) LOS objects, 36% free, 27MB/43MB, paused 595us total 20.171ms
08-04 12:57:07.485   512  2967 D audio_hw_primary: out_set_parameters: enter: usecase(1: low-latency-playback) kvpairs: routing=2
08-04 12:57:07.489  3712  3747 I art     : Starting a blocking GC Explicit
08-04 12:57:07.498   512  2967 D audio_hw_primary: select_devices: out_snd_device(2: speaker) in_snd_device(0: none)
08-04 12:57:07.498   512  2967 D msm8974_platform: platform_send_audio_calibration: sending audio calibration for snd_device(2) acdb_id(15)
08-04 12:57:07.499   512  2967 I soundtrigger: audio_extn_sound_trigger_update_device_status: device 0x2 of type 0 for Event 1
08-04 12:57:07.506 13866 13866 I GoogleInputMethodServic: GoogleInputMethodService.onFinishInput():3138 
08-04 12:57:07.507 13866 13866 I GoogleInputMethodServic: GoogleInputMethodService.onStartInput():1808 
08-04 12:57:07.510   512  2967 D audio_hw_primary: enable_snd_device: snd_device(2: speaker)
08-04 12:57:07.512   512  2967 D audio_hw_primary: enable_audio_route: apply and update mixer path: low-latency-playback speaker
08-04 12:57:07.512  3712  3747 I art     : Explicit concurrent mark sweep GC freed 216(8KB) AllocSpace objects, 0(0B) LOS objects, 36% free, 27MB/43MB, paused 681us total 22.783ms
08-04 12:57:07.519  3712  3747 I art     : Starting a blocking GC Explicit
08-04 12:57:07.543  3712  3747 I art     : Explicit concurrent mark sweep GC freed 28(1216B) AllocSpace objects, 0(0B) LOS objects, 36% free, 27MB/43MB, paused 542us total 23.514ms
08-04 12:57:07.550  3712  3747 I art     : Starting a blocking GC Explicit
08-04 12:57:07.569  3712  3747 I art     : Explicit concurrent mark sweep GC freed 15(544B) AllocSpace objects, 0(0B) LOS objects, 36% free, 27MB/43MB, paused 545us total 19.329ms
08-04 12:57:07.576  3712  3747 I art     : Starting a blocking GC Explicit
08-04 12:57:07.596  3712  3747 I art     : Explicit concurrent mark sweep GC freed 10(352B) AllocSpace objects, 0(0B) LOS objects, 36% free, 27MB/43MB, paused 618us total 20.099ms
08-04 12:57:07.645  3712  3741 I NAPPA_EXPERIMENTATION: MetricNetworkRequestExecutionTime: REQUEST_DURATION_SYSTEM='160',REQUEST_DURATION_OKHTTP='159',REQUEST_SYNCHRONOUS='TRUE',RESPONSE_CODE='200',RESPONSE_METHOD='GET',RESPONSE_LENGTH_OKHTTP='-1',RESPONSE_LENGTH_HEADER='622',REQUEST_PROTOCOL='h2',REQUEST_URL='https://itunes.apple.com/lookup?id=360084272',
08-04 12:57:07.661   518   646 I ThermalEngine: ACTION: GPU - Setting GPU[0] to 510000000
08-04 12:57:07.668   918  5481 I ActivityManager: START u0 {cmp=baseline.de.danoeh.antennapod.debug/baseline.de.danoeh.antennapod.activity.OnlineFeedViewActivity (has extras)} from uid 10670 on display 0
08-04 12:57:07.692 13866 13866 I GoogleInputMethodServic: GoogleInputMethodService.onFinishInput():3138 
08-04 12:57:07.693 13866 13866 I GoogleInputMethodServic: GoogleInputMethodService.onStartInput():1808 
08-04 12:57:07.719  3712  3712 D UserPreferences: Using default data folder
08-04 12:57:07.722  3712  3712 D OnlineFeedViewActivity: Activity was started with url http://joeroganexp.joerogan.libsynpro.com/rss
08-04 12:57:07.724  3712  3712 D OnlineFeedViewActivity: Starting feed download
08-04 12:57:07.729  3712  3734 D DBReader: Extracting Feedlist
08-04 12:57:07.730   918  5952 D WifiService: acquireWifiLockLocked: WifiLock{Downloader type=1 binder=android.os.BinderProxy@31305fe}
08-04 12:57:07.731  3712  3734 D AntennapodHttpClient: Creating new instance of HTTP client
08-04 12:57:07.770  3712  3734 D MYTAG   : interceptor 3a http://joeroganexp.joerogan.libsynpro.com/rss
08-04 12:57:07.771  3712  3734 I NAPPA_EXPERIMENTATION: MetricNetworkRequestExecutionTime: REQUEST_DURATION_SYSTEM='38',REQUEST_DURATION_OKHTTP='31',REQUEST_SYNCHRONOUS='TRUE',RESPONSE_CODE='200',RESPONSE_METHOD='GET',RESPONSE_LENGTH_OKHTTP='-1',RESPONSE_LENGTH_HEADER='307892',REQUEST_PROTOCOL='http/1.1',REQUEST_URL='http://joeroganexp.joerogan.libsynpro.com/rss',
08-04 12:57:07.771  3712  3734 D HttpDownloader: Response code is 200
08-04 12:57:07.771  3712  3734 D UserPreferences: Using default data folder
08-04 12:57:07.772  3712  3734 D HttpDownloader: Getting size of download
08-04 12:57:07.772  3712  3734 D HttpDownloader: Size is -1
08-04 12:57:07.772  3712  3734 D UserPreferences: Using default data folder
08-04 12:57:07.773  3712  3734 D HttpDownloader: Free space is 20259344384
08-04 12:57:07.773  3712  3734 D HttpDownloader: Starting download
08-04 12:57:07.777 13866 13866 I GoogleInputMethodServic: GoogleInputMethodService.onFinishInput():3138 
08-04 12:57:07.778 13866 13866 I GoogleInputMethodServic: GoogleInputMethodService.onStartInput():1808 
08-04 12:57:07.810   918   936 I ActivityManager: Displayed baseline.de.danoeh.antennapod.debug/baseline.de.danoeh.antennapod.activity.OnlineFeedViewActivity: +117ms
08-04 12:57:07.854  3712  4218 I art     : Starting a blocking GC Explicit
08-04 12:57:07.880  3712  4218 I art     : Explicit concurrent mark sweep GC freed 3486(235KB) AllocSpace objects, 1(20KB) LOS objects, 36% free, 27MB/43MB, paused 770us total 26.416ms
08-04 12:57:07.890  3712  4218 I art     : Starting a blocking GC Explicit
08-04 12:57:07.914  3712  4218 I art     : Explicit concurrent mark sweep GC freed 373(16KB) AllocSpace objects, 0(0B) LOS objects, 36% free, 27MB/43MB, paused 810us total 24.361ms
08-04 12:57:07.924  3712  4218 I art     : Starting a blocking GC Explicit
08-04 12:57:07.942  3712  3734 D HttpDownloader: Download was successful
08-04 12:57:07.943   918  5481 D WifiService: releaseWifiLockLocked: WifiLock{Downloader type=1 binder=android.os.BinderProxy@31305fe}
08-04 12:57:07.943  3712  3712 D OnlineFeedViewActivity: Parsing feed
08-04 12:57:07.950  3712  5099 D TypeGetter: Recognized type RSS 2.0
08-04 12:57:07.950  3712  4218 I art     : Explicit concurrent mark sweep GC freed 41(27KB) AllocSpace objects, 0(0B) LOS objects, 36% free, 27MB/43MB, paused 921us total 26.243ms
08-04 12:57:07.955  3712  5099 D SyndHandler: Recognized Atom namespace
08-04 12:57:07.955  3712  5099 D SyndHandler: Recognized ITunes namespace
08-04 12:57:07.956  3712  5099 D SyndHandler: Recognized media namespace
08-04 12:57:07.956  3712  5099 D SyndHandler: Recognized Content namespace
08-04 12:57:07.960  3712  4218 I art     : Starting a blocking GC Explicit
08-04 12:57:07.987  3712  4218 I art     : Explicit concurrent mark sweep GC freed 1157(175KB) AllocSpace objects, 3(60KB) LOS objects, 36% free, 27MB/43MB, paused 876us total 26.009ms
08-04 12:57:07.996  3712  4218 I art     : Starting a blocking GC Explicit
08-04 12:57:08.022  3712  4218 I art     : Explicit concurrent mark sweep GC freed 1659(90KB) AllocSpace objects, 0(0B) LOS objects, 36% free, 27MB/43MB, paused 977us total 26.421ms
08-04 12:57:08.051   380   380 W SurfaceFlinger: couldn't log to binary event log: overflow.
08-04 12:57:08.058   512  2967 D audio_hw_primary: disable_audio_route: reset and update mixer path: low-latency-playback speaker
08-04 12:57:08.059   512  2967 D audio_hw_primary: disable_snd_device: snd_device(2: speaker)
08-04 12:57:08.066   512  2967 I soundtrigger: audio_extn_sound_trigger_update_device_status: device 0x2 of type 0 for Event 0
08-04 12:57:08.177  3712  3712 D PlaybackController: Releasing PlaybackController
08-04 12:57:08.301  3712  3726 I art     : Starting a blocking GC Explicit
08-04 12:57:08.336  3712  3726 I art     : Explicit concurrent mark sweep GC freed 22948(1237KB) AllocSpace objects, 1(20KB) LOS objects, 35% free, 28MB/44MB, paused 1.201ms total 34.968ms
08-04 12:57:08.346  3712  3726 I art     : Starting a blocking GC Explicit
08-04 12:57:08.375  3712  3726 I art     : Explicit concurrent mark sweep GC freed 5159(250KB) AllocSpace objects, 0(0B) LOS objects, 35% free, 28MB/44MB, paused 1.174ms total 28.549ms
08-04 12:57:08.384  3712  3726 I art     : Starting a blocking GC Explicit
08-04 12:57:08.411  3712  3726 I art     : Explicit concurrent mark sweep GC freed 6618(309KB) AllocSpace objects, 0(0B) LOS objects, 36% free, 28MB/44MB, paused 1.057ms total 26.536ms
08-04 12:57:08.420  3712  3726 I art     : Starting a blocking GC Explicit
08-04 12:57:08.446  3712  3726 I art     : Explicit concurrent mark sweep GC freed 2802(151KB) AllocSpace objects, 0(0B) LOS objects, 36% free, 28MB/44MB, paused 1.017ms total 26.229ms
08-04 12:57:08.455  3712  3726 I art     : Starting a blocking GC Explicit
08-04 12:57:08.482  3712  3726 I art     : Explicit concurrent mark sweep GC freed 2696(136KB) AllocSpace objects, 0(0B) LOS objects, 35% free, 28MB/44MB, paused 1.058ms total 26.379ms
08-04 12:57:08.749  3712  3726 I art     : Starting a blocking GC Explicit
08-04 12:57:08.783  3712  3726 I art     : Explicit concurrent mark sweep GC freed 22408(1185KB) AllocSpace objects, 1(20KB) LOS objects, 35% free, 29MB/45MB, paused 1.151ms total 34.151ms
08-04 12:57:08.794  3712  3726 I art     : Starting a blocking GC Explicit
08-04 12:57:08.824  3712  3726 I art     : Explicit concurrent mark sweep GC freed 5927(290KB) AllocSpace objects, 0(0B) LOS objects, 35% free, 29MB/45MB, paused 1.158ms total 30.007ms
08-04 12:57:08.834  3712  3726 I art     : Starting a blocking GC Explicit
08-04 12:57:08.861  3712  3726 I art     : Explicit concurrent mark sweep GC freed 6082(290KB) AllocSpace objects, 0(0B) LOS objects, 35% free, 28MB/44MB, paused 1.049ms total 27.304ms
08-04 12:57:08.870  3712  3726 I art     : Starting a blocking GC Explicit
08-04 12:57:08.898  3712  3726 I art     : Explicit concurrent mark sweep GC freed 2956(148KB) AllocSpace objects, 0(0B) LOS objects, 35% free, 29MB/45MB, paused 1.059ms total 27.609ms
08-04 12:57:08.908  3712  3726 I art     : Starting a blocking GC Explicit
08-04 12:57:08.936  3712  3726 I art     : Explicit concurrent mark sweep GC freed 2936(157KB) AllocSpace objects, 0(0B) LOS objects, 35% free, 29MB/45MB, paused 994us total 27.723ms
08-04 12:57:09.241  3712  3727 I art     : Starting a blocking GC Explicit
08-04 12:57:09.280  3712  3727 I art     : Explicit concurrent mark sweep GC freed 25952(1411KB) AllocSpace objects, 1(20KB) LOS objects, 34% free, 29MB/45MB, paused 1.190ms total 38.550ms
08-04 12:57:09.291  3712  3727 I art     : Starting a blocking GC Explicit
08-04 12:57:09.323  3712  3727 I art     : Explicit concurrent mark sweep GC freed 8583(415KB) AllocSpace objects, 0(0B) LOS objects, 35% free, 29MB/45MB, paused 1.689ms total 31.360ms
08-04 12:57:09.332  3712  3727 I art     : Starting a blocking GC Explicit
08-04 12:57:09.361  3712  3727 I art     : Explicit concurrent mark sweep GC freed 5021(249KB) AllocSpace objects, 0(0B) LOS objects, 35% free, 29MB/45MB, paused 1.084ms total 28.811ms
08-04 12:57:09.371  3712  3727 I art     : Starting a blocking GC Explicit
08-04 12:57:09.401  3712  3727 I art     : Explicit concurrent mark sweep GC freed 3167(171KB) AllocSpace objects, 0(0B) LOS objects, 35% free, 29MB/45MB, paused 1.082ms total 29.582ms
08-04 12:57:09.411  3712  3727 I art     : Starting a blocking GC Explicit
08-04 12:57:09.440  3712  3727 I art     : Explicit concurrent mark sweep GC freed 3157(166KB) AllocSpace objects, 0(0B) LOS objects, 34% free, 29MB/45MB, paused 1.093ms total 29.199ms
08-04 12:57:09.785  3712  3747 I art     : Starting a blocking GC Explicit
08-04 12:57:09.830  3712  3747 I art     : Explicit concurrent mark sweep GC freed 29577(1618KB) AllocSpace objects, 1(20KB) LOS objects, 34% free, 30MB/46MB, paused 1.216ms total 44.844ms
08-04 12:57:09.842  3712  3747 I art     : Starting a blocking GC Explicit
08-04 12:57:09.875  3712  3747 I art     : Explicit concurrent mark sweep GC freed 9672(458KB) AllocSpace objects, 0(0B) LOS objects, 34% free, 30MB/46MB, paused 2.276ms total 33.253ms
08-04 12:57:09.885  3712  3747 I art     : Starting a blocking GC Explicit
08-04 12:57:09.917  3712  3747 I art     : Explicit concurrent mark sweep GC freed 5894(324KB) AllocSpace objects, 0(0B) LOS objects, 34% free, 30MB/46MB, paused 1.108ms total 31.826ms
08-04 12:57:09.928  3712  3747 I art     : Starting a blocking GC Explicit
08-04 12:57:09.959  3712  3747 I art     : Explicit concurrent mark sweep GC freed 3419(197KB) AllocSpace objects, 0(0B) LOS objects, 34% free, 30MB/46MB, paused 1.085ms total 30.925ms
08-04 12:57:09.969  3712  3747 I art     : Starting a blocking GC Explicit
08-04 12:57:10.001  3712  3747 I art     : Explicit concurrent mark sweep GC freed 3532(151KB) AllocSpace objects, 0(0B) LOS objects, 34% free, 30MB/46MB, paused 1.150ms total 31.922ms
08-04 12:57:10.307  3712  3727 I art     : Starting a blocking GC Explicit
08-04 12:57:10.340  3712  5099 D OnlineFeedViewActivity: Deleted feed source file. Result: true
08-04 12:57:10.351  3712  3727 I art     : Explicit concurrent mark sweep GC freed 26579(1197KB) AllocSpace objects, 1(20KB) LOS objects, 33% free, 31MB/47MB, paused 981us total 43.670ms
08-04 12:57:10.354  3712  3712 D OnlineFeedViewActivity: Removing HTML from shownotes
08-04 12:57:10.363  3712  3727 I art     : Starting a blocking GC Explicit
08-04 12:57:10.402  3712  3727 I art     : Explicit concurrent mark sweep GC freed 38886(2MB) AllocSpace objects, 145(9MB) LOS objects, 33% free, 32MB/48MB, paused 1.265ms total 38.465ms
08-04 12:57:10.413  3712  3727 I art     : Starting a blocking GC Explicit
08-04 12:57:10.450  3712  3727 I art     : Explicit concurrent mark sweep GC freed 44063(3MB) AllocSpace objects, 179(11MB) LOS objects, 32% free, 32MB/48MB, paused 1.040ms total 36.914ms
08-04 12:57:10.450  3712  3725 I art     : WaitForGcToComplete blocked for 12.231ms for cause HeapTrim
08-04 12:57:10.461  3712  3727 I art     : Starting a blocking GC Explicit
08-04 12:57:10.499  3712  3727 I art     : Explicit concurrent mark sweep GC freed 40286(3MB) AllocSpace objects, 183(12MB) LOS objects, 32% free, 32MB/48MB, paused 1.055ms total 38.249ms
08-04 12:57:10.510  3712  3727 I art     : Starting a blocking GC Explicit
08-04 12:57:10.551  3712  3727 I art     : Explicit concurrent mark sweep GC freed 44370(3MB) AllocSpace objects, 191(12MB) LOS objects, 32% free, 32MB/48MB, paused 1.130ms total 40.200ms
08-04 12:57:10.778  3712  4786 D ApOkHttpUrlLoader: buildLoadData() called with: model = [http://static.libsyn.com/p/assets/7/1/f/3/71f3014e14ef2722/JREiTunesImage2.jpg], width = [350], height = [350]
08-04 12:57:10.780  3712  4583 D DBReader: getImageAuthentication() called with: imageUrl = [http://static.libsyn.com/p/assets/7/1/f/3/71f3014e14ef2722/JREiTunesImage2.jpg]
08-04 12:57:10.781  3712  4583 D ApOkHttpUrlLoader: no credentials for 'http://static.libsyn.com/p/assets/7/1/f/3/71f3014e14ef2722/JREiTunesImage2.jpg'
08-04 12:57:10.804 13866 13882 I PeriodicStatsRunner: PeriodicStatsRunner.call():175 call()
08-04 12:57:10.804 13866 13882 I PeriodicStatsRunner: PeriodicStatsRunner.call():179 No submit PeriodicStats since input started.
08-04 12:57:10.813  3712  3726 I art     : Starting a blocking GC Explicit
08-04 12:57:10.860  3712  3726 I art     : Explicit concurrent mark sweep GC freed 25539(2MB) AllocSpace objects, 155(10MB) LOS objects, 34% free, 30MB/46MB, paused 908us total 46.936ms
08-04 12:57:10.872  3712  3726 I art     : Starting a blocking GC Explicit
08-04 12:57:10.908  3712  3726 I art     : Explicit concurrent mark sweep GC freed 610(29KB) AllocSpace objects, 1(112KB) LOS objects, 34% free, 30MB/46MB, paused 929us total 35.792ms
08-04 12:57:10.920  3712  3726 I art     : Starting a blocking GC Explicit
08-04 12:57:10.921  3712  4583 D MYTAG   : interceptor 2a
08-04 12:57:10.922  3712  4583 I NAPPA_EXPERIMENTATION: MetricNetworkRequestExecutionTime: REQUEST_DURATION_SYSTEM='139',REQUEST_DURATION_OKHTTP='35',REQUEST_SYNCHRONOUS='TRUE',RESPONSE_CODE='200',RESPONSE_METHOD='GET',RESPONSE_LENGTH_OKHTTP='402832',RESPONSE_LENGTH_HEADER='402832',REQUEST_PROTOCOL='http/1.1',REQUEST_URL='http://static.libsyn.com/p/assets/7/1/f/3/71f3014e14ef2722/JREiTunesImage2.jpg',
08-04 12:57:10.956  3712  3726 I art     : Explicit concurrent mark sweep GC freed 141(15KB) AllocSpace objects, 0(0B) LOS objects, 34% free, 30MB/46MB, paused 849us total 35.760ms
08-04 12:57:10.967  3712  3726 I art     : Starting a blocking GC Explicit
08-04 12:57:11.003  3712  3726 I art     : Explicit concurrent mark sweep GC freed 62(2912B) AllocSpace objects, 0(0B) LOS objects, 34% free, 30MB/46MB, paused 772us total 35.506ms
08-04 12:57:11.014  3712  3726 I art     : Starting a blocking GC Explicit
08-04 12:57:11.049  3712  3726 I art     : Explicit concurrent mark sweep GC freed 47(2432B) AllocSpace objects, 0(0B) LOS objects, 33% free, 31MB/47MB, paused 1.088ms total 34.730ms
08-04 12:57:11.367  3712  3747 I art     : Starting a blocking GC Explicit
08-04 12:57:11.421  3712  3747 I art     : Explicit concurrent mark sweep GC freed 1502(96KB) AllocSpace objects, 1(20KB) LOS objects, 33% free, 31MB/47MB, paused 886us total 53.537ms
08-04 12:57:11.436  3712  3747 I art     : Starting a blocking GC Explicit
08-04 12:57:11.473  3712  3747 I art     : Explicit concurrent mark sweep GC freed 29(944B) AllocSpace objects, 0(0B) LOS objects, 33% free, 31MB/47MB, paused 770us total 37.021ms
08-04 12:57:11.485  3712  3747 I art     : Starting a blocking GC Explicit
08-04 12:57:11.523  3712  3747 I art     : Explicit concurrent mark sweep GC freed 3(96B) AllocSpace objects, 0(0B) LOS objects, 33% free, 31MB/47MB, paused 804us total 37.699ms
08-04 12:57:11.535  3712  3747 I art     : Starting a blocking GC Explicit
08-04 12:57:11.573  3712  3747 I art     : Explicit concurrent mark sweep GC freed 3(96B) AllocSpace objects, 0(0B) LOS objects, 33% free, 31MB/47MB, paused 820us total 37.516ms
08-04 12:57:11.585  3712  3747 I art     : Starting a blocking GC Explicit
08-04 12:57:11.624  3712  3747 I art     : Explicit concurrent mark sweep GC freed 3(96B) AllocSpace objects, 0(0B) LOS objects, 33% free, 31MB/47MB, paused 817us total 38.152ms
08-04 12:57:11.899  3712  3727 I art     : Starting a blocking GC Explicit
08-04 12:57:11.942  3712  3727 I art     : Explicit concurrent mark sweep GC freed 1399(81KB) AllocSpace objects, 1(20KB) LOS objects, 33% free, 31MB/47MB, paused 840us total 42.675ms
08-04 12:57:11.955  3712  3727 I art     : Starting a blocking GC Explicit
08-04 12:57:11.991  3712  3727 I art     : Explicit concurrent mark sweep GC freed 23(752B) AllocSpace objects, 0(0B) LOS objects, 33% free, 31MB/47MB, paused 796us total 35.732ms
08-04 12:57:12.003  3712  3727 I art     : Starting a blocking GC Explicit
08-04 12:57:12.040  3712  3727 I art     : Explicit concurrent mark sweep GC freed 3(96B) AllocSpace objects, 0(0B) LOS objects, 33% free, 31MB/47MB, paused 809us total 36.489ms
08-04 12:57:12.052  3712  3727 I art     : Starting a blocking GC Explicit
08-04 12:57:12.088  3712  3727 I art     : Explicit concurrent mark sweep GC freed 3(96B) AllocSpace objects, 0(0B) LOS objects, 33% free, 31MB/47MB, paused 855us total 35.688ms
08-04 12:57:12.099  5208  5208 D AndroidRuntime: >>>>>> START com.android.internal.os.RuntimeInit uid 2000 <<<<<<
08-04 12:57:12.100  3712  3727 I art     : Starting a blocking GC Explicit
08-04 12:57:12.104  5208  5208 D AndroidRuntime: CheckJNI is OFF
08-04 12:57:12.136  3712  3727 I art     : Explicit concurrent mark sweep GC freed 3(96B) AllocSpace objects, 0(0B) LOS objects, 33% free, 31MB/47MB, paused 860us total 35.479ms
08-04 12:57:12.139  5208  5208 D ICU     : No timezone override file found: /data/misc/zoneinfo/current/icu/icu_tzdata.dat
08-04 12:57:12.175  5208  5208 I Radio-JNI: register_android_hardware_Radio DONE
08-04 12:57:12.196  5208  5208 D AndroidRuntime: Calling main entry com.android.commands.input.Input
08-04 12:57:12.198  5208  5208 I Input   : injectMotionEvent: MotionEvent { action=ACTION_DOWN, actionButton=0, id[0]=0, x[0]=693.0, y[0]=821.0, toolType[0]=TOOL_TYPE_UNKNOWN, buttonState=0, metaState=0, flags=0x0, edgeFlags=0x0, pointerCount=1, historySize=0, eventTime=709048611, downTime=709048611, deviceId=0, source=0x1002 }
08-04 12:57:12.205  5208  5208 I Input   : injectMotionEvent: MotionEvent { action=ACTION_UP, actionButton=0, id[0]=0, x[0]=693.0, y[0]=821.0, toolType[0]=TOOL_TYPE_UNKNOWN, buttonState=0, metaState=0, flags=0x0, edgeFlags=0x0, pointerCount=1, historySize=0, eventTime=709048611, downTime=709048611, deviceId=0, source=0x1002 }
08-04 12:57:12.208  5208  5208 D AndroidRuntime: Shutting down VM
08-04 12:57:12.226  3712  3712 D UserPreferences: Using default data folder
08-04 12:57:12.227  3712  3712 D DownloadRequester: partiallyDownloadedFileExists: false
08-04 12:57:12.227  3712  3712 D DownloadRequester: /storage/emulated/0/Android/data/baseline.de.danoeh.antennapod.debug/files/cache/feed-The Joe Rogan Experience is available as a download destination
08-04 12:57:12.228  3712  3712 D DownloadRequester: Requesting download of url http://joeroganexp.joerogan.libsynpro.com/rss
08-04 12:57:12.229   512  2967 D audio_hw_primary: out_set_parameters: enter: usecase(1: low-latency-playback) kvpairs: routing=2
08-04 12:57:12.234  3712  3712 D DownloadService: Service started
08-04 12:57:12.236  3712  3712 D DownloadService: parallel downloads: 4
08-04 12:57:12.237  3712  5231 D downloadCompletionThd: downloadCompletionThread was started
08-04 12:57:12.237  3712  3712 D DownloadService: Notification set up
08-04 12:57:12.242  3712  3712 D DownloadService: Received enqueue request
08-04 12:57:12.242   512  2967 D audio_hw_primary: select_devices: out_snd_device(2: speaker) in_snd_device(0: none)
08-04 12:57:12.242   512  2967 D msm8974_platform: platform_send_audio_calibration: sending audio calibration for snd_device(2) acdb_id(15)
08-04 12:57:12.242  3712  3712 D OnlineFeedViewActivity: onEventMainThread() called with: event = [DownloadEvent{update=DownloaderUpdate{downloaders=[baseline.de.danoeh.antennapod.core.service.download.HttpDownloader@b35a412], feedIds=[0], mediaIds=[]}}]
08-04 12:57:12.242   512  2967 I soundtrigger: audio_extn_sound_trigger_update_device_status: device 0x2 of type 0 for Event 1
08-04 12:57:12.242  3712  3712 D DownloadService: 1 downloads left
08-04 12:57:12.242  3712  3712 D DownloadService: Setting up notification updater
08-04 12:57:12.243   918  5132 D WifiService: acquireWifiLockLocked: WifiLock{Downloader type=1 binder=android.os.BinderProxy@cf1f729}
08-04 12:57:12.247  3712  5233 D AntennapodHttpClient: Creating new instance of HTTP client
08-04 12:57:12.254   512  2967 D audio_hw_primary: enable_snd_device: snd_device(2: speaker)
08-04 12:57:12.258   512  2967 D audio_hw_primary: enable_audio_route: apply and update mixer path: low-latency-playback speaker
08-04 12:57:12.346  3712  5233 D MYTAG   : interceptor 3a http://joeroganexp.joerogan.libsynpro.com/rss
08-04 12:57:12.347  3712  5233 I NAPPA_EXPERIMENTATION: MetricNetworkRequestExecutionTime: REQUEST_DURATION_SYSTEM='98',REQUEST_DURATION_OKHTTP='26',REQUEST_SYNCHRONOUS='TRUE',RESPONSE_CODE='200',RESPONSE_METHOD='GET',RESPONSE_LENGTH_OKHTTP='-1',RESPONSE_LENGTH_HEADER='307892',REQUEST_PROTOCOL='http/1.1',REQUEST_URL='http://joeroganexp.joerogan.libsynpro.com/rss',
08-04 12:57:12.347  3712  5233 D HttpDownloader: Response code is 200
08-04 12:57:12.347  3712  5233 D UserPreferences: Using default data folder
08-04 12:57:12.349  3712  5233 D HttpDownloader: Getting size of download
08-04 12:57:12.349  3712  5233 D HttpDownloader: Size is -1
08-04 12:57:12.349  3712  5233 D UserPreferences: Using default data folder
08-04 12:57:12.349  3712  5233 D HttpDownloader: Free space is 20258881536
08-04 12:57:12.349  3712  5233 D HttpDownloader: Starting download
08-04 12:57:12.392  3712  3726 I art     : Starting a blocking GC Explicit
08-04 12:57:12.427  3712  3726 I art     : Explicit concurrent mark sweep GC freed 2693(157KB) AllocSpace objects, 1(20KB) LOS objects, 33% free, 31MB/47MB, paused 980us total 34.679ms
08-04 12:57:12.438  3712  3726 I art     : Starting a blocking GC Explicit
08-04 12:57:12.464  3712  5233 D HttpDownloader: Download was successful
08-04 12:57:12.465   918  4400 D WifiService: releaseWifiLockLocked: WifiLock{Downloader type=1 binder=android.os.BinderProxy@cf1f729}
08-04 12:57:12.465  3712  5231 D downloadCompletionThd: Received 'Download Complete' - message.
08-04 12:57:12.465  3712  5231 D DownloadService: Handling completed Feed Download
08-04 12:57:12.466  3712  5232 D FeedSyncThread: Waiting for 3000 ms
08-04 12:57:12.468  3712  5246 D TypeGetter: Recognized type RSS 2.0
08-04 12:57:12.470  3712  5246 D SyndHandler: Recognized Atom namespace
08-04 12:57:12.470  3712  5246 D SyndHandler: Recognized ITunes namespace
08-04 12:57:12.471  3712  5246 D SyndHandler: Recognized media namespace
08-04 12:57:12.471  3712  5246 D SyndHandler: Recognized Content namespace
08-04 12:57:12.473  3712  3726 I art     : Explicit concurrent mark sweep GC freed 201(121KB) AllocSpace objects, 3(60KB) LOS objects, 33% free, 31MB/47MB, paused 1.112ms total 35.057ms
08-04 12:57:12.474  3712  3712 D DownloadService: Removing downloader: http://joeroganexp.joerogan.libsynpro.com/rss
08-04 12:57:12.474  3712  3712 D DownloadService: Result of downloads.remove: true
08-04 12:57:12.485  3712  3726 I art     : Starting a blocking GC Explicit
08-04 12:57:12.507 13866 13882 I PeriodicStatsRunner: PeriodicStatsRunner.call():175 call()
08-04 12:57:12.507 13866 13882 I PeriodicStatsRunner: PeriodicStatsRunner.call():179 No submit PeriodicStats since input started.
08-04 12:57:12.520  3712  3726 I art     : Explicit concurrent mark sweep GC freed 2902(187KB) AllocSpace objects, 0(0B) LOS objects, 33% free, 31MB/47MB, paused 1.154ms total 34.706ms
08-04 12:57:12.531  3712  3726 I art     : Starting a blocking GC Explicit
08-04 12:57:12.566  3712  3726 I art     : Explicit concurrent mark sweep GC freed 3561(176KB) AllocSpace objects, 0(0B) LOS objects, 33% free, 31MB/47MB, paused 1.145ms total 34.587ms
08-04 12:57:12.577  3712  3726 I art     : Starting a blocking GC Explicit
08-04 12:57:12.612  3712  3726 I art     : Explicit concurrent mark sweep GC freed 3655(192KB) AllocSpace objects, 0(0B) LOS objects, 33% free, 31MB/47MB, paused 1.125ms total 34.816ms
08-04 12:57:12.693 13866 13882 I PeriodicStatsRunner: PeriodicStatsRunner.call():175 call()
08-04 12:57:12.693 13866 13882 I PeriodicStatsRunner: PeriodicStatsRunner.call():179 No submit PeriodicStats since input started.
08-04 12:57:12.778 13866 13882 I PeriodicStatsRunner: PeriodicStatsRunner.call():175 call()
08-04 12:57:12.778 13866 13882 I PeriodicStatsRunner: PeriodicStatsRunner.call():179 No submit PeriodicStats since input started.
08-04 12:57:12.798   512  2967 D audio_hw_primary: disable_audio_route: reset and update mixer path: low-latency-playback speaker
08-04 12:57:12.800   512  2967 D audio_hw_primary: disable_snd_device: snd_device(2: speaker)
08-04 12:57:12.812   512  2967 I soundtrigger: audio_extn_sound_trigger_update_device_status: device 0x2 of type 0 for Event 0
08-04 12:57:12.897  3712  3727 I art     : Starting a blocking GC Explicit
08-04 12:57:12.937  3712  3727 I art     : Explicit concurrent mark sweep GC freed 24740(1323KB) AllocSpace objects, 1(20KB) LOS objects, 32% free, 32MB/48MB, paused 1.213ms total 39.568ms
08-04 12:57:12.949  3712  3727 I art     : Starting a blocking GC Explicit
08-04 12:57:12.985  3712  3727 I art     : Explicit concurrent mark sweep GC freed 7551(365KB) AllocSpace objects, 0(0B) LOS objects, 33% free, 32MB/48MB, paused 1.202ms total 36.070ms
08-04 12:57:12.996  3712  3727 I art     : Starting a blocking GC Explicit
08-04 12:57:13.032  3712  3727 I art     : Explicit concurrent mark sweep GC freed 6557(323KB) AllocSpace objects, 0(0B) LOS objects, 33% free, 32MB/48MB, paused 1.125ms total 35.482ms
08-04 12:57:13.043  3712  3727 I art     : Starting a blocking GC Explicit
08-04 12:57:13.079  3712  3727 I art     : Explicit concurrent mark sweep GC freed 3934(199KB) AllocSpace objects, 0(0B) LOS objects, 33% free, 32MB/48MB, paused 1.190ms total 36.022ms
08-04 12:57:13.090  3712  3727 I art     : Starting a blocking GC Explicit
08-04 12:57:13.127  3712  3727 I art     : Explicit concurrent mark sweep GC freed 3975(197KB) AllocSpace objects, 0(0B) LOS objects, 33% free, 32MB/48MB, paused 1.183ms total 37.282ms
08-04 12:57:13.404  3712  3747 I art     : Starting a blocking GC Explicit
08-04 12:57:13.454  3712  3747 I art     : Explicit concurrent mark sweep GC freed 25039(1345KB) AllocSpace objects, 1(20KB) LOS objects, 32% free, 33MB/49MB, paused 1.358ms total 50.025ms
08-04 12:57:13.468  3712  3747 I art     : Starting a blocking GC Explicit
08-04 12:57:13.508  3712  3747 I art     : Explicit concurrent mark sweep GC freed 8820(437KB) AllocSpace objects, 0(0B) LOS objects, 32% free, 33MB/49MB, paused 1.355ms total 40.283ms
08-04 12:57:13.514  3644  3644 I ServiceManager: Waiting for service AtCmdFwd...
08-04 12:57:13.520  3712  3747 I art     : Starting a blocking GC Explicit
08-04 12:57:13.559  3712  3747 I art     : Explicit concurrent mark sweep GC freed 5815(280KB) AllocSpace objects, 0(0B) LOS objects, 32% free, 33MB/49MB, paused 1.244ms total 38.933ms
08-04 12:57:13.571  3712  3747 I art     : Starting a blocking GC Explicit
08-04 12:57:13.610  3712  3747 I art     : Explicit concurrent mark sweep GC freed 3969(209KB) AllocSpace objects, 0(0B) LOS objects, 32% free, 33MB/49MB, paused 1.160ms total 38.488ms
08-04 12:57:13.621  3712  3747 I art     : Starting a blocking GC Explicit
08-04 12:57:13.661  3712  3747 I art     : Explicit concurrent mark sweep GC freed 3928(203KB) AllocSpace objects, 0(0B) LOS objects, 32% free, 33MB/49MB, paused 1.146ms total 39.355ms
08-04 12:57:13.744  3712  3712 D OnlineFeedViewActivity: onEventMainThread() called with: event = [DownloadEvent{update=DownloaderUpdate{downloaders=[], feedIds=[], mediaIds=[]}}]
08-04 12:57:13.954  3712  4218 I art     : Starting a blocking GC Explicit
08-04 12:57:14.008  3712  4218 I art     : Explicit concurrent mark sweep GC freed 25802(1441KB) AllocSpace objects, 1(20KB) LOS objects, 32% free, 34MB/49MB, paused 1.445ms total 54.049ms
08-04 12:57:14.022  3712  4218 I art     : Starting a blocking GC Explicit
08-04 12:57:14.066  3712  4218 I art     : Explicit concurrent mark sweep GC freed 5669(290KB) AllocSpace objects, 0(0B) LOS objects, 31% free, 34MB/50MB, paused 1.548ms total 43.816ms
08-04 12:57:14.078  3712  4218 I art     : Starting a blocking GC Explicit
08-04 12:57:14.119  3712  4218 I art     : Explicit concurrent mark sweep GC freed 10051(475KB) AllocSpace objects, 0(0B) LOS objects, 32% free, 33MB/49MB, paused 1.270ms total 40.392ms
08-04 12:57:14.131  3712  4218 I art     : Starting a blocking GC Explicit
08-04 12:57:14.172  3712  4218 I art     : Explicit concurrent mark sweep GC freed 4334(218KB) AllocSpace objects, 0(0B) LOS objects, 32% free, 33MB/49MB, paused 1.290ms total 41.425ms
08-04 12:57:14.184  3712  4218 I art     : Starting a blocking GC Explicit
08-04 12:57:14.226  3712  4218 I art     : Explicit concurrent mark sweep GC freed 4365(226KB) AllocSpace objects, 0(0B) LOS objects, 32% free, 33MB/49MB, paused 1.200ms total 41.247ms
08-04 12:57:14.501 24365  7397 I NetworkScheduler.Stats: Task com.google.android.gms/com.google.android.gms.icing.service.IcingGcmTaskService started execution. cause:4 exec_start_elapsed_seconds: 1692438 [CONTEXT service_id=218 ]
08-04 12:57:14.513 24365  7398 I NetworkScheduler.Stats: Task com.google.android.gms/com.google.android.gms.icing.service.IcingGcmTaskService finished executing. cause:4 result: 1 elapsed_millis: 32 uptime_millis: 32 exec_start_elapsed_seconds: 1692438 [CONTEXT service_id=218 ]
08-04 12:57:14.515  3644  3644 I ServiceManager: Waiting for service AtCmdFwd...
08-04 12:57:14.545  3712  3727 I art     : Starting a blocking GC Explicit
08-04 12:57:14.559 24365  7397 I NetworkScheduler.Stats: Task com.google.android.gms/com.google.android.gms.clearcut.uploader.QosUploaderService started execution. cause:5 exec_start_elapsed_seconds: 1692438 [CONTEXT service_id=218 ]
08-04 12:57:14.584 24365  7397 I NetworkScheduler.Stats: Task com.google.android.gms/com.google.android.gms.clearcut.uploader.QosUploaderService finished executing. cause:5 result: 1 elapsed_millis: 47 uptime_millis: 47 exec_start_elapsed_seconds: 1692438 [CONTEXT service_id=218 ]
08-04 12:57:14.592  3712  3727 I art     : Explicit concurrent mark sweep GC freed 28397(1452KB) AllocSpace objects, 1(20KB) LOS objects, 31% free, 34MB/50MB, paused 1.210ms total 46.659ms
08-04 12:57:14.605  3712  3727 I art     : Starting a blocking GC Explicit
08-04 12:57:14.649  3712  3727 I art     : Explicit concurrent mark sweep GC freed 8381(375KB) AllocSpace objects, 0(0B) LOS objects, 31% free, 34MB/50MB, paused 1.484ms total 43.924ms
08-04 12:57:14.662  3712  3727 I art     : Starting a blocking GC Explicit
08-04 12:57:14.705  3712  3727 I art     : Explicit concurrent mark sweep GC freed 8570(377KB) AllocSpace objects, 0(0B) LOS objects, 31% free, 34MB/50MB, paused 1.201ms total 42.626ms
08-04 12:57:14.718  3712  3727 I art     : Starting a blocking GC Explicit
08-04 12:57:14.763  3712  3727 I art     : Explicit concurrent mark sweep GC freed 4468(202KB) AllocSpace objects, 0(0B) LOS objects, 31% free, 34MB/50MB, paused 1.385ms total 44.544ms
08-04 12:57:14.776  3712  3727 I art     : Starting a blocking GC Explicit
08-04 12:57:14.822  3712  3727 I art     : Explicit concurrent mark sweep GC freed 4553(216KB) AllocSpace objects, 0(0B) LOS objects, 31% free, 34MB/50MB, paused 1.298ms total 46.239ms
08-04 12:57:14.864  3712  5246 D FeedSyncThread: The Joe Rogan Experience parsed
08-04 12:57:14.874  3712  5246 D FeedSyncThread: Deletion of file '/storage/emulated/0/Android/data/baseline.de.danoeh.antennapod.debug/files/cache/feed-The Joe Rogan Experience' successful
08-04 12:57:14.874  3712  5246 D DBReader: getFeedDownloadLog() called with: feed = [baseline.de.danoeh.antennapod.core.feed.Feed@0]
08-04 12:57:15.157  3712  3747 I art     : Starting a blocking GC Explicit
08-04 12:57:15.220  3712  3747 I art     : Explicit concurrent mark sweep GC freed 7210(327KB) AllocSpace objects, 1(20KB) LOS objects, 31% free, 34MB/50MB, paused 972us total 63.188ms
08-04 12:57:15.235  3712  3747 I art     : Starting a blocking GC Explicit
08-04 12:57:15.248  3712  3712 D OnlineFeedViewActivity: onEventMainThread() called with: event = [DownloadEvent{update=DownloaderUpdate{downloaders=[], feedIds=[], mediaIds=[]}}]
08-04 12:57:15.282  3712  3747 I art     : Explicit concurrent mark sweep GC freed 1110(52KB) AllocSpace objects, 0(0B) LOS objects, 31% free, 34MB/50MB, paused 913us total 47.554ms
08-04 12:57:15.297  3712  3747 I art     : Starting a blocking GC Explicit
08-04 12:57:15.344  3712  3747 I art     : Explicit concurrent mark sweep GC freed 4(144B) AllocSpace objects, 0(0B) LOS objects, 31% free, 34MB/50MB, paused 881us total 47.576ms
08-04 12:57:15.359  3712  3747 I art     : Starting a blocking GC Explicit
08-04 12:57:15.407  3712  3747 I art     : Explicit concurrent mark sweep GC freed 3(96B) AllocSpace objects, 0(0B) LOS objects, 31% free, 34MB/50MB, paused 1.045ms total 48.414ms
08-04 12:57:15.422  3712  3747 I art     : Starting a blocking GC Explicit
08-04 12:57:15.466  3712  5232 D FeedSyncThread: Bundling 1 feeds
08-04 12:57:15.467  3712  5298 D DBReader: Extracting Feedlist
08-04 12:57:15.468  3712  5298 D DBTasks : Found no existing Feed with title The Joe Rogan Experience. Adding as new one.
08-04 12:57:15.471  3712  3747 I art     : Explicit concurrent mark sweep GC freed 118(10KB) AllocSpace objects, 0(0B) LOS objects, 31% free, 34MB/50MB, paused 1.167ms total 48.732ms
08-04 12:57:15.473  3712  4979 D PodDBAdapter: Setting feed with flattr status The Joe Rogan Experience: 0
08-04 12:57:15.473  3712  4979 D baseline.de.danoeh.antennapod.core.storage.PodDBAdapter@1666ccd: Inserting new Feed into db
08-04 12:57:15.515  3644  3644 I ServiceManager: Waiting for service AtCmdFwd...
08-04 12:57:15.677   518   646 I ThermalEngine: ACTION: GPU - Setting GPU[0] to 450000000
08-04 12:57:15.782  3712  4218 I art     : Starting a blocking GC Explicit
08-04 12:57:15.851  3712  4218 I art     : Explicit concurrent mark sweep GC freed 89858(6MB) AllocSpace objects, 1(20KB) LOS objects, 31% free, 34MB/50MB, paused 1.394ms total 68.751ms
08-04 12:57:15.868  3712  4218 I art     : Starting a blocking GC Explicit
08-04 12:57:15.927  3712  4218 I art     : Explicit concurrent mark sweep GC freed 22239(1663KB) AllocSpace objects, 0(0B) LOS objects, 31% free, 34MB/50MB, paused 1.536ms total 58.236ms
08-04 12:57:15.944  3712  4218 I art     : Starting a blocking GC Explicit
08-04 12:57:16.002  3712  4218 I art     : Explicit concurrent mark sweep GC freed 10676(799KB) AllocSpace objects, 0(0B) LOS objects, 31% free, 34MB/50MB, paused 1.331ms total 58.453ms
08-04 12:57:16.012  3712  3712 D EventDistributor: Processing event queue. Number of events: 1
08-04 12:57:16.012  3712  3712 D EventDistributor: Notifying observers. Data: 1
08-04 12:57:16.013  3712  3712 D DownloadService: 0 downloads left
08-04 12:57:16.013  3712  4319 D DBReader: Extracting Feedlist
08-04 12:57:16.013  3712  3712 D DownloadService: Number of downloads is 0, attempting shutdown
08-04 12:57:16.014  3712  3712 D DownloadService: Service shutting down
08-04 12:57:16.014  3712  3712 D DownloadService: No report is created
08-04 12:57:16.014  3712  3712 D OnlineFeedViewActivity: onEventMainThread() called with: event = [DownloadEvent{update=DownloaderUpdate{downloaders=[], feedIds=[], mediaIds=[]}}]
08-04 12:57:16.017  3712  3712 D DownloadService: NotificationUpdater cancelled. Result: false
08-04 12:57:16.017  3712  5231 E downloadCompletionThd: DownloadCompletionThread was interrupted
08-04 12:57:16.018  3712  3712 D DBTasks : autodownloadUndownloadedItems
08-04 12:57:16.019  3712  4980 D NetworkUtils: Device is connected to Wi-Fi
08-04 12:57:16.019  3712  4980 D NetworkUtils: Auto-dl filter is disabled
08-04 12:57:16.020  3712  4218 I art     : Starting a blocking GC Explicit
08-04 12:57:16.066  3712  4218 I art     : Explicit concurrent mark sweep GC freed 30682(3MB) AllocSpace objects, 1(20KB) LOS objects, 33% free, 31MB/47MB, paused 1.073ms total 45.935ms
08-04 12:57:16.081  3712  4218 I art     : Starting a blocking GC Explicit
08-04 12:57:16.126  3712  4218 I art     : Explicit concurrent mark sweep GC freed 88(3KB) AllocSpace objects, 0(0B) LOS objects, 33% free, 31MB/47MB, paused 1.107ms total 45.285ms
08-04 12:57:16.460  3712  3747 I art     : Starting a blocking GC Explicit
08-04 12:57:16.509  3712  3747 I art     : Explicit concurrent mark sweep GC freed 1387(82KB) AllocSpace objects, 1(20KB) LOS objects, 33% free, 31MB/47MB, paused 1.407ms total 48.156ms
08-04 12:57:16.515  3644  3644 I ServiceManager: Waiting for service AtCmdFwd...
08-04 12:57:16.524  3712  3747 I art     : Starting a blocking GC Explicit
08-04 12:57:16.569  3712  3747 I art     : Explicit concurrent mark sweep GC freed 23(752B) AllocSpace objects, 0(0B) LOS objects, 33% free, 31MB/47MB, paused 1.233ms total 44.685ms
08-04 12:57:16.584  3712  3747 I art     : Starting a blocking GC Explicit
08-04 12:57:16.632  3712  3747 I art     : Explicit concurrent mark sweep GC freed 3(96B) AllocSpace objects, 0(0B) LOS objects, 33% free, 31MB/47MB, paused 1.203ms total 47.394ms
08-04 12:57:16.647  3712  3747 I art     : Starting a blocking GC Explicit
08-04 12:57:16.680   518   646 I ThermalEngine: ACTION: GPU - Setting GPU[0] to 510000000
08-04 12:57:16.695  3712  3747 I art     : Explicit concurrent mark sweep GC freed 3(96B) AllocSpace objects, 0(0B) LOS objects, 33% free, 31MB/47MB, paused 1.254ms total 47.767ms
08-04 12:57:16.711  3712  3747 I art     : Starting a blocking GC Explicit
08-04 12:57:16.750  3712  3747 I art     : Explicit concurrent mark sweep GC freed 3(96B) AllocSpace objects, 0(0B) LOS objects, 33% free, 31MB/47MB, paused 919us total 38.930ms
08-04 12:57:16.924  5319  5319 D AndroidRuntime: >>>>>> START com.android.internal.os.RuntimeInit uid 2000 <<<<<<
08-04 12:57:16.930  5319  5319 D AndroidRuntime: CheckJNI is OFF
08-04 12:57:16.964  5319  5319 D ICU     : No timezone override file found: /data/misc/zoneinfo/current/icu/icu_tzdata.dat
08-04 12:57:16.995  5319  5319 I Radio-JNI: register_android_hardware_Radio DONE
08-04 12:57:17.018  5319  5319 D AndroidRuntime: Calling main entry com.android.commands.input.Input
08-04 12:57:17.020  5319  5319 I Input   : injectKeyEvent: KeyEvent { action=ACTION_DOWN, keyCode=KEYCODE_BACK, scanCode=0, metaState=0, flags=0x0, repeatCount=0, eventTime=709053433, downTime=709053433, deviceId=-1, source=0x101 }
08-04 12:57:17.024  5319  5319 I Input   : injectKeyEvent: KeyEvent { action=ACTION_UP, keyCode=KEYCODE_BACK, scanCode=0, metaState=0, flags=0x0, repeatCount=0, eventTime=709053433, downTime=709053433, deviceId=-1, source=0x101 }
08-04 12:57:17.030  5319  5319 D AndroidRuntime: Shutting down VM
08-04 12:57:17.034  3712  3712 V PlaybackController: initServiceNotRunning()
08-04 12:57:17.034  3712  3712 D ExternalPlayerFragment: Loading media info
08-04 12:57:17.040  3712  3712 D UserPreferences: Using default data folder
08-04 12:57:17.040  3712  4319 D DBReader: getNavDrawerData() called with: 
08-04 12:57:17.050  3712  4319 D DBReader: getDownloadedItems() called
08-04 12:57:17.052  3712  4319 D DBReader: getFavoriteIDList() called
08-04 12:57:17.052  3712  4319 D DBReader: getQueueIDList() called
08-04 12:57:17.052  3712  4319 D DBReader: Extracting Feedlist
08-04 12:57:17.055  3712  4218 I art     : Starting a blocking GC Explicit
08-04 12:57:17.074  3712  3712 D MainActivity: getLastNavFragment() -> AddFeedFragment
08-04 12:57:17.074 13866 13866 I GoogleInputMethodServic: GoogleInputMethodService.onFinishInput():3138 
08-04 12:57:17.074 13866 13866 I GoogleInputMethodServic: GoogleInputMethodService.onStartInput():1808 
08-04 12:57:17.078  3712  4786 D ApOkHttpUrlLoader: buildLoadData() called with: model = [http://static.libsyn.com/p/assets/7/1/f/3/71f3014e14ef2722/JREiTunesImage2.jpg], width = [140], height = [140]
08-04 12:57:17.093  3712  4218 I art     : Explicit concurrent mark sweep GC freed 2469(158KB) AllocSpace objects, 1(20KB) LOS objects, 33% free, 31MB/47MB, paused 1.135ms total 37.442ms
08-04 12:57:17.105  3712  4218 I art     : Starting a blocking GC Explicit
08-04 12:57:17.111  3712  4786 D ApOkHttpUrlLoader: buildLoadData() called with: model = [http://static.libsyn.com/p/assets/7/1/f/3/71f3014e14ef2722/JREiTunesImage2.jpg], width = [140], height = [140]
08-04 12:57:17.140  3712  4218 I art     : Explicit concurrent mark sweep GC freed 743(43KB) AllocSpace objects, 0(0B) LOS objects, 33% free, 31MB/47MB, paused 964us total 34.662ms
08-04 12:57:17.151  3712  4218 I art     : Starting a blocking GC Explicit
08-04 12:57:17.183  3712  4218 I art     : Explicit concurrent mark sweep GC freed 191(10KB) AllocSpace objects, 0(0B) LOS objects, 33% free, 31MB/47MB, paused 777us total 31.995ms
08-04 12:57:17.194  3712  4218 I art     : Starting a blocking GC Explicit
08-04 12:57:17.230  3712  4218 I art     : Explicit concurrent mark sweep GC freed 24(1008B) AllocSpace objects, 0(0B) LOS objects, 33% free, 31MB/47MB, paused 788us total 35.419ms
08-04 12:57:17.242  3712  4218 I art     : Starting a blocking GC Explicit
08-04 12:57:17.280  3712  4218 I art     : Explicit concurrent mark sweep GC freed 3(96B) AllocSpace objects, 0(0B) LOS objects, 33% free, 31MB/47MB, paused 936us total 37.470ms
08-04 12:57:17.378   380   380 W SurfaceFlinger: couldn't log to binary event log: overflow.
08-04 12:57:17.516  3644  3644 I ServiceManager: Waiting for service AtCmdFwd...
08-04 12:57:17.530  3712  3727 I art     : Starting a blocking GC Explicit
08-04 12:57:17.565  3712  3727 I art     : Explicit concurrent mark sweep GC freed 2054(109KB) AllocSpace objects, 1(20KB) LOS objects, 33% free, 31MB/47MB, paused 884us total 34.790ms
08-04 12:57:17.577  3712  3727 I art     : Starting a blocking GC Explicit
08-04 12:57:17.605  3712  3727 I art     : Explicit concurrent mark sweep GC freed 33335(3MB) AllocSpace objects, 2(248KB) LOS objects, 36% free, 28MB/44MB, paused 838us total 27.952ms
08-04 12:57:17.614  3712  3727 I art     : Starting a blocking GC Explicit
08-04 12:57:17.638  3712  3727 I art     : Explicit concurrent mark sweep GC freed 3(96B) AllocSpace objects, 0(0B) LOS objects, 36% free, 28MB/44MB, paused 836us total 24.528ms
08-04 12:57:17.647  3712  3727 I art     : Starting a blocking GC Explicit
08-04 12:57:17.671  3712  3727 I art     : Explicit concurrent mark sweep GC freed 3(96B) AllocSpace objects, 0(0B) LOS objects, 36% free, 28MB/44MB, paused 837us total 24.219ms
08-04 12:57:17.680  3712  3727 I art     : Starting a blocking GC Explicit
08-04 12:57:17.705  3712  3727 I art     : Explicit concurrent mark sweep GC freed 3(96B) AllocSpace objects, 0(0B) LOS objects, 36% free, 28MB/44MB, paused 839us total 24.629ms
08-04 12:57:17.987  3712  3747 I art     : Starting a blocking GC Explicit
08-04 12:57:18.019  3712  3747 I art     : Explicit concurrent mark sweep GC freed 1402(83KB) AllocSpace objects, 1(20KB) LOS objects, 36% free, 28MB/44MB, paused 977us total 31.530ms
08-04 12:57:18.028  3712  3747 I art     : Starting a blocking GC Explicit
08-04 12:57:18.057  3712  3747 I art     : Explicit concurrent mark sweep GC freed 23(752B) AllocSpace objects, 0(0B) LOS objects, 36% free, 28MB/44MB, paused 901us total 27.956ms
08-04 12:57:18.066  3712  3747 I art     : Starting a blocking GC Explicit
08-04 12:57:18.094  3712  3747 I art     : Explicit concurrent mark sweep GC freed 3(96B) AllocSpace objects, 0(0B) LOS objects, 36% free, 28MB/44MB, paused 879us total 27.693ms
08-04 12:57:18.103  3712  3747 I art     : Starting a blocking GC Explicit
08-04 12:57:18.131  3712  3747 I art     : Explicit concurrent mark sweep GC freed 3(96B) AllocSpace objects, 0(0B) LOS objects, 36% free, 28MB/44MB, paused 853us total 27.358ms
08-04 12:57:18.140  3712  3747 I art     : Starting a blocking GC Explicit
08-04 12:57:18.168  3712  3747 I art     : Explicit concurrent mark sweep GC freed 3(96B) AllocSpace objects, 0(0B) LOS objects, 36% free, 28MB/44MB, paused 966us total 27.779ms
08-04 12:57:18.253   918  3188 I hubconnection: sensorhub said: 'set_bias 3: -6.2400, 0.0000, 0.0000'
08-04 12:57:18.433  3712  3726 I art     : Starting a blocking GC Explicit
08-04 12:57:18.460  3712  3726 I art     : Explicit concurrent mark sweep GC freed 1373(80KB) AllocSpace objects, 1(20KB) LOS objects, 36% free, 28MB/44MB, paused 904us total 27.703ms
08-04 12:57:18.470  3712  3726 I art     : Starting a blocking GC Explicit
08-04 12:57:18.497  3712  3726 I art     : Explicit concurrent mark sweep GC freed 23(752B) AllocSpace objects, 0(0B) LOS objects, 36% free, 28MB/44MB, paused 972us total 27.213ms
08-04 12:57:18.507  3712  3726 I art     : Starting a blocking GC Explicit
08-04 12:57:18.516  3644  3644 W Atfwd_Sendcmd: AtCmdFwd service not published, waiting... retryCnt : 4
08-04 12:57:18.533  3712  3726 I art     : Explicit concurrent mark sweep GC freed 3(96B) AllocSpace objects, 0(0B) LOS objects, 36% free, 28MB/44MB, paused 882us total 25.914ms
08-04 12:57:18.543  3712  3726 I art     : Starting a blocking GC Explicit
08-04 12:57:18.569  3712  3726 I art     : Explicit concurrent mark sweep GC freed 3(96B) AllocSpace objects, 0(0B) LOS objects, 36% free, 28MB/44MB, paused 885us total 26.025ms
08-04 12:57:18.578  3712  3726 I art     : Starting a blocking GC Explicit
08-04 12:57:18.604  3712  3726 I art     : Explicit concurrent mark sweep GC freed 3(96B) AllocSpace objects, 0(0B) LOS objects, 36% free, 28MB/44MB, paused 880us total 26.321ms
08-04 12:57:18.708  5363  5363 D AndroidRuntime: >>>>>> START com.android.internal.os.RuntimeInit uid 2000 <<<<<<
08-04 12:57:18.713  5363  5363 D AndroidRuntime: CheckJNI is OFF
08-04 12:57:18.750  5363  5363 D ICU     : No timezone override file found: /data/misc/zoneinfo/current/icu/icu_tzdata.dat
08-04 12:57:18.783  5363  5363 I Radio-JNI: register_android_hardware_Radio DONE
08-04 12:57:18.803  5363  5363 D AndroidRuntime: Calling main entry com.android.commands.input.Input
08-04 12:57:18.805  5363  5363 I Input   : injectMotionEvent: MotionEvent { action=ACTION_DOWN, actionButton=0, id[0]=0, x[0]=639.0, y[0]=762.0, toolType[0]=TOOL_TYPE_UNKNOWN, buttonState=0, metaState=0, flags=0x0, edgeFlags=0x0, pointerCount=1, historySize=0, eventTime=709055217, downTime=709055217, deviceId=0, source=0x1002 }
08-04 12:57:18.809  5363  5363 I Input   : injectMotionEvent: MotionEvent { action=ACTION_UP, actionButton=0, id[0]=0, x[0]=639.0, y[0]=762.0, toolType[0]=TOOL_TYPE_UNKNOWN, buttonState=0, metaState=0, flags=0x0, edgeFlags=0x0, pointerCount=1, historySize=0, eventTime=709055217, downTime=709055217, deviceId=0, source=0x1002 }
08-04 12:57:18.810  5363  5363 D AndroidRuntime: Shutting down VM
08-04 12:57:18.882   512  2967 D audio_hw_primary: out_set_parameters: enter: usecase(1: low-latency-playback) kvpairs: routing=2
08-04 12:57:18.883  3712  3747 I art     : Starting a blocking GC Explicit
08-04 12:57:18.895   512  2967 D audio_hw_primary: select_devices: out_snd_device(2: speaker) in_snd_device(0: none)
08-04 12:57:18.895   512  2967 D msm8974_platform: platform_send_audio_calibration: sending audio calibration for snd_device(2) acdb_id(15)
08-04 12:57:18.895   512  2967 I soundtrigger: audio_extn_sound_trigger_update_device_status: device 0x2 of type 0 for Event 1
08-04 12:57:18.903 13866 13866 I GoogleInputMethodServic: GoogleInputMethodService.onFinishInput():3138 
08-04 12:57:18.905 13866 13866 I GoogleInputMethodServic: GoogleInputMethodService.onStartInput():1808 
08-04 12:57:18.906   512  2967 D audio_hw_primary: enable_snd_device: snd_device(2: speaker)
08-04 12:57:18.908   512  2967 D audio_hw_primary: enable_audio_route: apply and update mixer path: low-latency-playback speaker
08-04 12:57:18.913  3712  3747 I art     : Explicit concurrent mark sweep GC freed 1868(103KB) AllocSpace objects, 1(20KB) LOS objects, 36% free, 28MB/44MB, paused 1.032ms total 30.361ms
08-04 12:57:18.922  3712  3747 I art     : Starting a blocking GC Explicit
08-04 12:57:18.948  3712  3747 I art     : Explicit concurrent mark sweep GC freed 49(1968B) AllocSpace objects, 0(0B) LOS objects, 36% free, 28MB/44MB, paused 1.017ms total 25.650ms
08-04 12:57:18.957  3712  3747 I art     : Starting a blocking GC Explicit
08-04 12:57:18.982  3712  3747 I art     : Explicit concurrent mark sweep GC freed 17(624B) AllocSpace objects, 0(0B) LOS objects, 36% free, 28MB/44MB, paused 859us total 25.061ms
08-04 12:57:18.990  3712  3747 I art     : Starting a blocking GC Explicit
08-04 12:57:19.015  3712  3747 I art     : Explicit concurrent mark sweep GC freed 15(544B) AllocSpace objects, 0(0B) LOS objects, 36% free, 28MB/44MB, paused 855us total 24.760ms
08-04 12:57:19.024  3712  3747 I art     : Starting a blocking GC Explicit
08-04 12:57:19.050  3712  3747 I art     : Explicit concurrent mark sweep GC freed 13(480B) AllocSpace objects, 0(0B) LOS objects, 36% free, 28MB/44MB, paused 1.068ms total 25.517ms
08-04 12:57:19.112  3712  3741 I NAPPA_EXPERIMENTATION: MetricNetworkRequestExecutionTime: REQUEST_DURATION_SYSTEM='232',REQUEST_DURATION_OKHTTP='230',REQUEST_SYNCHRONOUS='TRUE',RESPONSE_CODE='200',RESPONSE_METHOD='GET',RESPONSE_LENGTH_OKHTTP='-1',RESPONSE_LENGTH_HEADER='622',REQUEST_PROTOCOL='h2',REQUEST_URL='https://itunes.apple.com/lookup?id=360084272',
08-04 12:57:19.130   918  3714 I ActivityManager: START u0 {cmp=baseline.de.danoeh.antennapod.debug/baseline.de.danoeh.antennapod.activity.OnlineFeedViewActivity (has extras)} from uid 10670 on display 0
08-04 12:57:19.152 13866 13866 I GoogleInputMethodServic: GoogleInputMethodService.onFinishInput():3138 
08-04 12:57:19.153 13866 13866 I GoogleInputMethodServic: GoogleInputMethodService.onStartInput():1808 
08-04 12:57:19.181  3712  3712 D UserPreferences: Using default data folder
08-04 12:57:19.185  3712  3712 D OnlineFeedViewActivity: Activity was started with url http://joeroganexp.joerogan.libsynpro.com/rss
08-04 12:57:19.188  3712  3712 D OnlineFeedViewActivity: Starting feed download
08-04 12:57:19.190  3712  3734 D DBReader: Extracting Feedlist
08-04 12:57:19.192   918  3714 D WifiService: acquireWifiLockLocked: WifiLock{Downloader type=1 binder=android.os.BinderProxy@bed337}
08-04 12:57:19.193  3712  3734 D AntennapodHttpClient: Creating new instance of HTTP client
08-04 12:57:19.236  3712  3734 D MYTAG   : interceptor 3a http://joeroganexp.joerogan.libsynpro.com/rss
08-04 12:57:19.236  3712  3734 I NAPPA_EXPERIMENTATION: MetricNetworkRequestExecutionTime: REQUEST_DURATION_SYSTEM='43',REQUEST_DURATION_OKHTTP='38',REQUEST_SYNCHRONOUS='TRUE',RESPONSE_CODE='200',RESPONSE_METHOD='GET',RESPONSE_LENGTH_OKHTTP='-1',RESPONSE_LENGTH_HEADER='307892',REQUEST_PROTOCOL='http/1.1',REQUEST_URL='http://joeroganexp.joerogan.libsynpro.com/rss',
08-04 12:57:19.236  3712  3734 D HttpDownloader: Response code is 200
08-04 12:57:19.236  3712  3734 D UserPreferences: Using default data folder
08-04 12:57:19.238  3712  3734 D HttpDownloader: Getting size of download
08-04 12:57:19.238  3712  3734 D HttpDownloader: Size is -1
08-04 12:57:19.238  3712  3734 D UserPreferences: Using default data folder
08-04 12:57:19.238  3712  3734 D HttpDownloader: Free space is 20257652736
08-04 12:57:19.238  3712  3734 D HttpDownloader: Starting download
08-04 12:57:19.241 13866 13866 I GoogleInputMethodServic: GoogleInputMethodService.onFinishInput():3138 
08-04 12:57:19.242 13866 13866 I GoogleInputMethodServic: GoogleInputMethodService.onStartInput():1808 
08-04 12:57:19.261   918   936 I ActivityManager: Displayed baseline.de.danoeh.antennapod.debug/baseline.de.danoeh.antennapod.activity.OnlineFeedViewActivity: +107ms
08-04 12:57:19.282  3712  3736 D OpenGLRenderer: endAllStagingAnimators on 0x7f99495000 (GridView) with handle 0x7f9a1ebcc0
08-04 12:57:19.306  3712  3726 I art     : Starting a blocking GC Explicit
08-04 12:57:19.333  3712  3726 I art     : Explicit concurrent mark sweep GC freed 3338(226KB) AllocSpace objects, 1(20KB) LOS objects, 35% free, 28MB/44MB, paused 859us total 26.290ms
08-04 12:57:19.342  3712  3726 I art     : Starting a blocking GC Explicit
08-04 12:57:19.367  3712  3726 I art     : Explicit concurrent mark sweep GC freed 380(16KB) AllocSpace objects, 0(0B) LOS objects, 35% free, 28MB/44MB, paused 914us total 24.727ms
08-04 12:57:19.376  3712  3726 I art     : Starting a blocking GC Explicit
08-04 12:57:19.403  3712  3726 I art     : Explicit concurrent mark sweep GC freed 3(96B) AllocSpace objects, 0(0B) LOS objects, 35% free, 28MB/44MB, paused 838us total 26.233ms
08-04 12:57:19.413  3712  3726 I art     : Starting a blocking GC Explicit
08-04 12:57:19.429  3712  3734 D HttpDownloader: Download was successful
08-04 12:57:19.430   918  3359 D WifiService: releaseWifiLockLocked: WifiLock{Downloader type=1 binder=android.os.BinderProxy@bed337}
08-04 12:57:19.430  3712  3712 D OnlineFeedViewActivity: Parsing feed
08-04 12:57:19.436  3712  5407 D TypeGetter: Recognized type RSS 2.0
08-04 12:57:19.440  3712  3726 I art     : Explicit concurrent mark sweep GC freed 69(56KB) AllocSpace objects, 1(20KB) LOS objects, 35% free, 28MB/44MB, paused 947us total 26.814ms
08-04 12:57:19.441  3712  5407 D SyndHandler: Recognized Atom namespace
08-04 12:57:19.441  3712  5407 D SyndHandler: Recognized ITunes namespace
08-04 12:57:19.441  3712  5407 D SyndHandler: Recognized media namespace
08-04 12:57:19.441  3712  5407 D SyndHandler: Recognized Content namespace
08-04 12:57:19.449  3712  3726 I art     : Starting a blocking GC Explicit
08-04 12:57:19.449   512  2967 D audio_hw_primary: disable_audio_route: reset and update mixer path: low-latency-playback speaker
08-04 12:57:19.451   512  2967 D audio_hw_primary: disable_snd_device: snd_device(2: speaker)
08-04 12:57:19.460   512  2967 I soundtrigger: audio_extn_sound_trigger_update_device_status: device 0x2 of type 0 for Event 0
08-04 12:57:19.476  3712  3726 I art     : Explicit concurrent mark sweep GC freed 1429(163KB) AllocSpace objects, 2(40KB) LOS objects, 35% free, 28MB/44MB, paused 997us total 27.519ms
08-04 12:57:19.496   380   380 W SurfaceFlinger: couldn't log to binary event log: overflow.
08-04 12:57:19.634  3712  3712 D PlaybackController: Releasing PlaybackController
08-04 12:57:19.745  3712  3747 I art     : Starting a blocking GC Explicit
08-04 12:57:19.779  3712  3747 I art     : Explicit concurrent mark sweep GC freed 22268(1200KB) AllocSpace objects, 1(20KB) LOS objects, 35% free, 29MB/45MB, paused 1.277ms total 33.981ms
08-04 12:57:19.789  3712  3747 I art     : Starting a blocking GC Explicit
08-04 12:57:19.819  3712  3747 I art     : Explicit concurrent mark sweep GC freed 5197(254KB) AllocSpace objects, 0(0B) LOS objects, 35% free, 29MB/45MB, paused 1.197ms total 29.183ms
08-04 12:57:19.828  3712  3747 I art     : Starting a blocking GC Explicit
08-04 12:57:19.855  3712  3747 I art     : Explicit concurrent mark sweep GC freed 6699(320KB) AllocSpace objects, 0(0B) LOS objects, 35% free, 29MB/45MB, paused 1.122ms total 27.276ms
08-04 12:57:19.864  3712  3747 I art     : Starting a blocking GC Explicit
08-04 12:57:19.892  3712  3747 I art     : Explicit concurrent mark sweep GC freed 2923(149KB) AllocSpace objects, 0(0B) LOS objects, 35% free, 29MB/45MB, paused 1.245ms total 27.477ms
08-04 12:57:19.901  3712  3747 I art     : Starting a blocking GC Explicit
08-04 12:57:19.929  3712  3747 I art     : Explicit concurrent mark sweep GC freed 2959(151KB) AllocSpace objects, 0(0B) LOS objects, 35% free, 29MB/45MB, paused 1.189ms total 27.773ms
08-04 12:57:20.206  3712  3726 I art     : Starting a blocking GC Explicit
08-04 12:57:20.243  3712  3726 I art     : Explicit concurrent mark sweep GC freed 23900(1269KB) AllocSpace objects, 1(20KB) LOS objects, 34% free, 29MB/45MB, paused 1.286ms total 36.757ms
08-04 12:57:20.255  3712  3726 I art     : Starting a blocking GC Explicit
08-04 12:57:20.285  3712  3726 I art     : Explicit concurrent mark sweep GC freed 7209(345KB) AllocSpace objects, 0(0B) LOS objects, 34% free, 29MB/45MB, paused 1.194ms total 30.296ms
08-04 12:57:20.296  3712  3726 I art     : Starting a blocking GC Explicit
08-04 12:57:20.324  3712  3726 I art     : Explicit concurrent mark sweep GC freed 5512(265KB) AllocSpace objects, 0(0B) LOS objects, 35% free, 29MB/45MB, paused 1.119ms total 28.211ms
08-04 12:57:20.333  3712  3726 I art     : Starting a blocking GC Explicit
08-04 12:57:20.363  3712  3726 I art     : Explicit concurrent mark sweep GC freed 3046(157KB) AllocSpace objects, 0(0B) LOS objects, 35% free, 29MB/45MB, paused 1.155ms total 28.909ms
08-04 12:57:20.372  3712  3726 I art     : Starting a blocking GC Explicit
08-04 12:57:20.403  3712  3726 I art     : Explicit concurrent mark sweep GC freed 3060(164KB) AllocSpace objects, 0(0B) LOS objects, 34% free, 29MB/45MB, paused 1.346ms total 30.274ms
08-04 12:57:20.688   518   646 I ThermalEngine: ACTION: GPU - Setting GPU[0] to 450000000
08-04 12:57:20.722  3712  3727 I art     : Starting a blocking GC Explicit
08-04 12:57:20.773  3712  3727 I art     : Explicit concurrent mark sweep GC freed 26443(1436KB) AllocSpace objects, 1(20KB) LOS objects, 34% free, 30MB/46MB, paused 1.630ms total 50.028ms
08-04 12:57:20.787  3712  3727 I art     : Starting a blocking GC Explicit
08-04 12:57:20.830  3712  3727 I art     : Explicit concurrent mark sweep GC freed 4383(230KB) AllocSpace objects, 0(0B) LOS objects, 34% free, 30MB/46MB, paused 1.829ms total 42.968ms
08-04 12:57:20.843  3712  3727 I art     : Starting a blocking GC Explicit
08-04 12:57:20.883  3712  3727 I art     : Explicit concurrent mark sweep GC freed 9759(467KB) AllocSpace objects, 0(0B) LOS objects, 34% free, 30MB/46MB, paused 1.467ms total 39.559ms
08-04 12:57:20.883  3712  3725 I art     : WaitForGcToComplete blocked for 32.042ms for cause HeapTrim
08-04 12:57:20.895  3712  3727 I art     : Starting a blocking GC Explicit
08-04 12:57:20.934  3712  3727 I art     : Explicit concurrent mark sweep GC freed 3034(158KB) AllocSpace objects, 0(0B) LOS objects, 34% free, 30MB/46MB, paused 1.583ms total 38.522ms
08-04 12:57:20.947  3712  3727 I art     : Starting a blocking GC Explicit
08-04 12:57:20.988  3712  3727 I art     : Explicit concurrent mark sweep GC freed 3211(173KB) AllocSpace objects, 0(0B) LOS objects, 34% free, 30MB/46MB, paused 1.666ms total 40.422ms
08-04 12:57:21.330  3712  3727 I art     : Starting a blocking GC Explicit
08-04 12:57:21.383  3712  3727 I art     : Explicit concurrent mark sweep GC freed 22349(1222KB) AllocSpace objects, 1(20KB) LOS objects, 33% free, 31MB/47MB, paused 1.885ms total 52.058ms
08-04 12:57:21.398  3712  3727 I art     : Starting a blocking GC Explicit
08-04 12:57:21.442  3712  3727 I art     : Explicit concurrent mark sweep GC freed 4016(201KB) AllocSpace objects, 0(0B) LOS objects, 33% free, 31MB/47MB, paused 1.809ms total 44.503ms
08-04 12:57:21.456  3712  3727 I art     : Starting a blocking GC Explicit
08-04 12:57:21.497  3712  3727 I art     : Explicit concurrent mark sweep GC freed 9085(434KB) AllocSpace objects, 0(0B) LOS objects, 34% free, 30MB/46MB, paused 1.516ms total 40.992ms
08-04 12:57:21.510  3712  3727 I art     : Starting a blocking GC Explicit
08-04 12:57:21.552  3712  3727 I art     : Explicit concurrent mark sweep GC freed 3440(178KB) AllocSpace objects, 0(0B) LOS objects, 34% free, 31MB/47MB, paused 1.599ms total 41.790ms
08-04 12:57:21.566  3712  3727 I art     : Starting a blocking GC Explicit
08-04 12:57:21.607  3712  3727 I art     : Explicit concurrent mark sweep GC freed 3372(187KB) AllocSpace objects, 0(0B) LOS objects, 33% free, 31MB/47MB, paused 1.595ms total 40.685ms
08-04 12:57:21.940  3712  3727 I art     : Starting a blocking GC Explicit
08-04 12:57:21.994  3712  3727 I art     : Explicit concurrent mark sweep GC freed 22385(1049KB) AllocSpace objects, 1(20KB) LOS objects, 33% free, 31MB/47MB, paused 1.653ms total 53.190ms
08-04 12:57:22.010  3712  3727 I art     : Starting a blocking GC Explicit
08-04 12:57:22.057  3712  3727 I art     : Explicit concurrent mark sweep GC freed 4368(194KB) AllocSpace objects, 0(0B) LOS objects, 33% free, 31MB/47MB, paused 1.745ms total 46.738ms
08-04 12:57:22.070  3712  3727 I art     : Starting a blocking GC Explicit
08-04 12:57:22.074 13866 13882 I PeriodicStatsRunner: PeriodicStatsRunner.call():175 call()
08-04 12:57:22.074 13866 13882 I PeriodicStatsRunner: PeriodicStatsRunner.call():179 No submit PeriodicStats since input started.
08-04 12:57:22.113  3712  3727 I art     : Explicit concurrent mark sweep GC freed 9072(414KB) AllocSpace objects, 0(0B) LOS objects, 33% free, 31MB/47MB, paused 1.547ms total 42.789ms
08-04 12:57:22.127  3712  3727 I art     : Starting a blocking GC Explicit
08-04 12:57:22.170  3712  3727 I art     : Explicit concurrent mark sweep GC freed 3497(167KB) AllocSpace objects, 0(0B) LOS objects, 33% free, 31MB/47MB, paused 1.567ms total 42.864ms
08-04 12:57:22.184  3712  3727 I art     : Starting a blocking GC Explicit
08-04 12:57:22.222  3712  5407 D OnlineFeedViewActivity: Deleted feed source file. Result: true
08-04 12:57:22.229  3712  3727 I art     : Explicit concurrent mark sweep GC freed 3099(150KB) AllocSpace objects, 0(0B) LOS objects, 33% free, 31MB/47MB, paused 1.305ms total 44.643ms
08-04 12:57:22.234  3712  3712 D OnlineFeedViewActivity: Removing HTML from shownotes
08-04 12:57:22.557  3712  3726 I art     : Starting a blocking GC Explicit
08-04 12:57:22.611  3712  3726 I art     : Explicit concurrent mark sweep GC freed 42736(3MB) AllocSpace objects, 186(12MB) LOS objects, 32% free, 33MB/49MB, paused 1.591ms total 53.338ms
08-04 12:57:22.626  3712  3726 I art     : Starting a blocking GC Explicit
08-04 12:57:22.677  3712  3726 I art     : Explicit concurrent mark sweep GC freed 42625(3MB) AllocSpace objects, 192(12MB) LOS objects, 32% free, 33MB/49MB, paused 1.661ms total 50.517ms
08-04 12:57:22.692  3712  3726 I art     : Starting a blocking GC Explicit
08-04 12:57:22.746  3712  3726 I art     : Explicit concurrent mark sweep GC freed 42873(3MB) AllocSpace objects, 217(14MB) LOS objects, 31% free, 34MB/50MB, paused 1.696ms total 53.603ms
08-04 12:57:22.762  3712  3726 I art     : Starting a blocking GC Explicit
08-04 12:57:22.815  3712  3712 I Choreographer: Skipped 34 frames!  The application may be doing too much work on its main thread.
08-04 12:57:22.815  3712  3726 I art     : Explicit concurrent mark sweep GC freed 35258(4MB) AllocSpace objects, 253(16MB) LOS objects, 33% free, 31MB/47MB, paused 1.850ms total 52.422ms
08-04 12:57:22.831  3712  3726 I art     : Starting a blocking GC Explicit
08-04 12:57:22.877  3712  3726 I art     : Explicit concurrent mark sweep GC freed 1244(64KB) AllocSpace objects, 0(0B) LOS objects, 33% free, 31MB/47MB, paused 1.314ms total 46.072ms
08-04 12:57:23.192  3712  3747 I art     : Starting a blocking GC Explicit
08-04 12:57:23.239  3712  3747 I art     : Explicit concurrent mark sweep GC freed 1913(108KB) AllocSpace objects, 2(132KB) LOS objects, 33% free, 31MB/47MB, paused 1.238ms total 46.381ms
08-04 12:57:23.254  3712  3747 I art     : Starting a blocking GC Explicit
08-04 12:57:23.303  3712  3747 I art     : Explicit concurrent mark sweep GC freed 25(848B) AllocSpace objects, 0(0B) LOS objects, 33% free, 31MB/47MB, paused 1.220ms total 48.092ms
08-04 12:57:23.318  3712  3747 I art     : Starting a blocking GC Explicit
08-04 12:57:23.368  3712  3747 I art     : Explicit concurrent mark sweep GC freed 3(96B) AllocSpace objects, 0(0B) LOS objects, 33% free, 31MB/47MB, paused 1.344ms total 49.232ms
08-04 12:57:23.383  3712  3747 I art     : Starting a blocking GC Explicit
08-04 12:57:23.431  3712  3747 I art     : Explicit concurrent mark sweep GC freed 3(96B) AllocSpace objects, 0(0B) LOS objects, 33% free, 31MB/47MB, paused 1.190ms total 48.188ms
08-04 12:57:23.447  3712  3747 I art     : Starting a blocking GC Explicit
08-04 12:57:23.497  3712  3747 I art     : Explicit concurrent mark sweep GC freed 3(96B) AllocSpace objects, 0(0B) LOS objects, 33% free, 31MB/47MB, paused 1.320ms total 50.120ms
08-04 12:57:23.617  5471  5471 D AndroidRuntime: >>>>>> START com.android.internal.os.RuntimeInit uid 2000 <<<<<<
08-04 12:57:23.626  5471  5471 D AndroidRuntime: CheckJNI is OFF
08-04 12:57:23.674  5471  5471 D ICU     : No timezone override file found: /data/misc/zoneinfo/current/icu/icu_tzdata.dat
08-04 12:57:23.717  5471  5471 I Radio-JNI: register_android_hardware_Radio DONE
08-04 12:57:23.745  5471  5471 D AndroidRuntime: Calling main entry com.android.commands.input.Input
08-04 12:57:23.747  5471  5471 I Input   : injectKeyEvent: KeyEvent { action=ACTION_DOWN, keyCode=KEYCODE_BACK, scanCode=0, metaState=0, flags=0x0, repeatCount=0, eventTime=709060160, downTime=709060160, deviceId=-1, source=0x101 }
08-04 12:57:23.757  5471  5471 I Input   : injectKeyEvent: KeyEvent { action=ACTION_UP, keyCode=KEYCODE_BACK, scanCode=0, metaState=0, flags=0x0, repeatCount=0, eventTime=709060160, downTime=709060160, deviceId=-1, source=0x101 }
08-04 12:57:23.764  5471  5471 D AndroidRuntime: Shutting down VM
08-04 12:57:23.773  3712  3712 V PlaybackController: initServiceNotRunning()
08-04 12:57:23.773  3712  3712 D ExternalPlayerFragment: Loading media info
08-04 12:57:23.777  3712  3712 D UserPreferences: Using default data folder
08-04 12:57:23.778  3712  3734 D DBReader: getNavDrawerData() called with: 
08-04 12:57:23.791  3712  3734 D DBReader: getDownloadedItems() called
08-04 12:57:23.793  3712  3734 D DBReader: getFavoriteIDList() called
08-04 12:57:23.794  3712  3734 D DBReader: getQueueIDList() called
08-04 12:57:23.794  3712  3734 D DBReader: Extracting Feedlist
08-04 12:57:23.811 13866 13866 I GoogleInputMethodServic: GoogleInputMethodService.onFinishInput():3138 
08-04 12:57:23.811  3712  3712 D MainActivity: getLastNavFragment() -> AddFeedFragment
08-04 12:57:23.812 13866 13866 I GoogleInputMethodServic: GoogleInputMethodService.onStartInput():1808 
08-04 12:57:23.837  3712  3726 I art     : Starting a blocking GC Explicit
08-04 12:57:23.885  3712  3726 I art     : Explicit concurrent mark sweep GC freed 2510(153KB) AllocSpace objects, 1(20KB) LOS objects, 33% free, 31MB/47MB, paused 1.218ms total 47.053ms
08-04 12:57:23.899  3712  3726 I art     : Starting a blocking GC Explicit
08-04 12:57:23.903 13866 13882 I PeriodicStatsRunner: PeriodicStatsRunner.call():175 call()
08-04 12:57:23.903 13866 13882 I PeriodicStatsRunner: PeriodicStatsRunner.call():179 No submit PeriodicStats since input started.
08-04 12:57:23.941  3712  3726 I art     : Explicit concurrent mark sweep GC freed 449(23KB) AllocSpace objects, 0(0B) LOS objects, 33% free, 31MB/47MB, paused 1.302ms total 41.189ms
08-04 12:57:23.957  3712  3726 I art     : Starting a blocking GC Explicit
08-04 12:57:24.008  3712  3726 I art     : Explicit concurrent mark sweep GC freed 3(96B) AllocSpace objects, 0(0B) LOS objects, 33% free, 31MB/47MB, paused 1.748ms total 50.698ms
08-04 12:57:24.024  3712  3726 I art     : Starting a blocking GC Explicit
08-04 12:57:24.080  3712  3726 I art     : Explicit concurrent mark sweep GC freed 3(96B) AllocSpace objects, 0(0B) LOS objects, 33% free, 31MB/47MB, paused 1.148ms total 55.147ms
08-04 12:57:24.098  3712  3726 I art     : Starting a blocking GC Explicit
08-04 12:57:24.118   380   380 W SurfaceFlinger: couldn't log to binary event log: overflow.
08-04 12:57:24.145  3712  3726 I art     : Explicit concurrent mark sweep GC freed 516(22KB) AllocSpace objects, 0(0B) LOS objects, 33% free, 31MB/47MB, paused 1.137ms total 46.418ms
08-04 12:57:24.153 13866 13882 I PeriodicStatsRunner: PeriodicStatsRunner.call():175 call()
08-04 12:57:24.153 13866 13882 I PeriodicStatsRunner: PeriodicStatsRunner.call():179 No submit PeriodicStats since input started.
08-04 12:57:24.242 13866 13882 I PeriodicStatsRunner: PeriodicStatsRunner.call():175 call()
08-04 12:57:24.242 13866 13882 I PeriodicStatsRunner: PeriodicStatsRunner.call():179 No submit PeriodicStats since input started.
08-04 12:57:24.465  3712  3727 I art     : Starting a blocking GC Explicit
08-04 12:57:24.531  3712  3727 I art     : Explicit concurrent mark sweep GC freed 1460(83KB) AllocSpace objects, 1(20KB) LOS objects, 33% free, 31MB/47MB, paused 1.356ms total 65.284ms
08-04 12:57:24.549  3712  3727 I art     : Starting a blocking GC Explicit
08-04 12:57:24.588  3712  3727 I art     : Explicit concurrent mark sweep GC freed 33281(3MB) AllocSpace objects, 1(28KB) LOS objects, 36% free, 28MB/44MB, paused 1.153ms total 38.566ms
08-04 12:57:24.600  3712  3727 I art     : Starting a blocking GC Explicit
08-04 12:57:24.634  3712  3727 I art     : Explicit concurrent mark sweep GC freed 3(96B) AllocSpace objects, 0(0B) LOS objects, 36% free, 28MB/44MB, paused 1.167ms total 33.926ms
08-04 12:57:24.646  3712  3727 I art     : Starting a blocking GC Explicit
08-04 12:57:24.680  3712  3727 I art     : Explicit concurrent mark sweep GC freed 3(96B) AllocSpace objects, 0(0B) LOS objects, 36% free, 28MB/44MB, paused 1.183ms total 34.128ms
08-04 12:57:24.692  3712  3727 I art     : Starting a blocking GC Explicit
08-04 12:57:24.695   518   646 I ThermalEngine: ACTION: GPU - Setting GPU[0] to 510000000
08-04 12:57:24.727  3712  3727 I art     : Explicit concurrent mark sweep GC freed 3(96B) AllocSpace objects, 0(0B) LOS objects, 36% free, 28MB/44MB, paused 1.257ms total 34.774ms
08-04 12:57:25.027  3712  4218 I art     : Starting a blocking GC Explicit
08-04 12:57:25.059  3712  4218 I art     : Explicit concurrent mark sweep GC freed 1403(83KB) AllocSpace objects, 1(20KB) LOS objects, 36% free, 28MB/44MB, paused 934us total 31.111ms
08-04 12:57:25.068  3712  4218 I art     : Starting a blocking GC Explicit
08-04 12:57:25.096  3712  4218 I art     : Explicit concurrent mark sweep GC freed 23(752B) AllocSpace objects, 0(0B) LOS objects, 36% free, 28MB/44MB, paused 886us total 27.309ms
08-04 12:57:25.105  3712  4218 I art     : Starting a blocking GC Explicit
08-04 12:57:25.132  3712  4218 I art     : Explicit concurrent mark sweep GC freed 3(96B) AllocSpace objects, 0(0B) LOS objects, 36% free, 28MB/44MB, paused 884us total 26.575ms
08-04 12:57:25.141  3712  4218 I art     : Starting a blocking GC Explicit
08-04 12:57:25.167  3712  4218 I art     : Explicit concurrent mark sweep GC freed 3(96B) AllocSpace objects, 0(0B) LOS objects, 36% free, 28MB/44MB, paused 934us total 26.356ms
08-04 12:57:25.176  3712  4218 I art     : Starting a blocking GC Explicit
08-04 12:57:25.202  3712  4218 I art     : Explicit concurrent mark sweep GC freed 3(96B) AllocSpace objects, 0(0B) LOS objects, 36% free, 28MB/44MB, paused 929us total 25.992ms
08-04 12:57:25.418  5524  5524 D AndroidRuntime: >>>>>> START com.android.internal.os.RuntimeInit uid 2000 <<<<<<
08-04 12:57:25.423  5524  5524 D AndroidRuntime: CheckJNI is OFF
08-04 12:57:25.457  5524  5524 D ICU     : No timezone override file found: /data/misc/zoneinfo/current/icu/icu_tzdata.dat
08-04 12:57:25.487  3712  3727 I art     : Starting a blocking GC Explicit
08-04 12:57:25.491  5524  5524 I Radio-JNI: register_android_hardware_Radio DONE
08-04 12:57:25.514  5524  5524 D AndroidRuntime: Calling main entry com.android.commands.input.Input
08-04 12:57:25.516  3712  3727 I art     : Explicit concurrent mark sweep GC freed 1385(81KB) AllocSpace objects, 1(20KB) LOS objects, 36% free, 28MB/44MB, paused 977us total 28.932ms
08-04 12:57:25.516  5524  5524 I Input   : injectMotionEvent: MotionEvent { action=ACTION_DOWN, actionButton=0, id[0]=0, x[0]=616.0, y[0]=469.0, toolType[0]=TOOL_TYPE_UNKNOWN, buttonState=0, metaState=0, flags=0x0, edgeFlags=0x0, pointerCount=1, historySize=0, eventTime=709061929, downTime=709061929, deviceId=0, source=0x1002 }
08-04 12:57:25.522  5524  5524 I Input   : injectMotionEvent: MotionEvent { action=ACTION_UP, actionButton=0, id[0]=0, x[0]=616.0, y[0]=469.0, toolType[0]=TOOL_TYPE_UNKNOWN, buttonState=0, metaState=0, flags=0x0, edgeFlags=0x0, pointerCount=1, historySize=0, eventTime=709061929, downTime=709061929, deviceId=0, source=0x1002 }
08-04 12:57:25.524  5524  5524 D AndroidRuntime: Shutting down VM
08-04 12:57:25.526  3712  3727 I art     : Starting a blocking GC Explicit
08-04 12:57:25.552  3712  3727 I art     : Explicit concurrent mark sweep GC freed 67(2560B) AllocSpace objects, 0(0B) LOS objects, 36% free, 28MB/44MB, paused 869us total 26.146ms
08-04 12:57:25.561  3712  3727 I art     : Starting a blocking GC Explicit
08-04 12:57:25.586  3712  3727 I art     : Explicit concurrent mark sweep GC freed 17(544B) AllocSpace objects, 0(0B) LOS objects, 36% free, 28MB/44MB, paused 892us total 24.822ms
08-04 12:57:25.596  3712  3727 I art     : Starting a blocking GC Explicit
08-04 12:57:25.605   512  2967 D audio_hw_primary: out_set_parameters: enter: usecase(1: low-latency-playback) kvpairs: routing=2
08-04 12:57:25.618   512  2967 D audio_hw_primary: select_devices: out_snd_device(2: speaker) in_snd_device(0: none)
08-04 12:57:25.618   512  2967 D msm8974_platform: platform_send_audio_calibration: sending audio calibration for snd_device(2) acdb_id(15)
08-04 12:57:25.618   512  2967 I soundtrigger: audio_extn_sound_trigger_update_device_status: device 0x2 of type 0 for Event 1
08-04 12:57:25.622  3712  3727 I art     : Explicit concurrent mark sweep GC freed 174(7KB) AllocSpace objects, 0(0B) LOS objects, 36% free, 28MB/44MB, paused 1.273ms total 26.065ms
08-04 12:57:25.625 13866 13866 I GoogleInputMethodServic: GoogleInputMethodService.onFinishInput():3138 
08-04 12:57:25.627 13866 13866 I GoogleInputMethodServic: GoogleInputMethodService.onStartInput():1808 
08-04 12:57:25.628   512  2967 D audio_hw_primary: enable_snd_device: snd_device(2: speaker)
08-04 12:57:25.630   512  2967 D audio_hw_primary: enable_audio_route: apply and update mixer path: low-latency-playback speaker
08-04 12:57:25.632  3712  3727 I art     : Starting a blocking GC Explicit
08-04 12:57:25.660  3712  3727 I art     : Explicit concurrent mark sweep GC freed 51(2208B) AllocSpace objects, 0(0B) LOS objects, 36% free, 28MB/44MB, paused 879us total 28.231ms
08-04 12:57:25.768  3712  4319 I NAPPA_EXPERIMENTATION: MetricNetworkRequestExecutionTime: REQUEST_DURATION_SYSTEM='164',REQUEST_DURATION_OKHTTP='164',REQUEST_SYNCHRONOUS='TRUE',RESPONSE_CODE='200',RESPONSE_METHOD='GET',RESPONSE_LENGTH_OKHTTP='-1',RESPONSE_LENGTH_HEADER='628',REQUEST_PROTOCOL='h2',REQUEST_URL='https://itunes.apple.com/lookup?id=1524080195',
08-04 12:57:25.788   918  5952 I ActivityManager: START u0 {cmp=baseline.de.danoeh.antennapod.debug/baseline.de.danoeh.antennapod.activity.OnlineFeedViewActivity (has extras)} from uid 10670 on display 0
08-04 12:57:25.810 13866 13866 I GoogleInputMethodServic: GoogleInputMethodService.onFinishInput():3138 
08-04 12:57:25.811 13866 13866 I GoogleInputMethodServic: GoogleInputMethodService.onStartInput():1808 
08-04 12:57:25.833  3712  3712 D UserPreferences: Using default data folder
08-04 12:57:25.833  3712  3712 D OnlineFeedViewActivity: Activity was started with url https://rss.art19.com/nice-white-parents
08-04 12:57:25.835  3712  3712 D OnlineFeedViewActivity: Starting feed download
08-04 12:57:25.839  3712  3741 D DBReader: Extracting Feedlist
08-04 12:57:25.842   918   928 D WifiService: acquireWifiLockLocked: WifiLock{Downloader type=1 binder=android.os.BinderProxy@c159635}
08-04 12:57:25.843  3712  3741 D AntennapodHttpClient: Creating new instance of HTTP client
08-04 12:57:25.895 13866 13866 I GoogleInputMethodServic: GoogleInputMethodService.onFinishInput():3138 
08-04 12:57:25.896 13866 13866 I GoogleInputMethodServic: GoogleInputMethodService.onStartInput():1808 
08-04 12:57:25.918  3712  3747 I art     : Starting a blocking GC Explicit
08-04 12:57:25.928   918   936 I ActivityManager: Displayed baseline.de.danoeh.antennapod.debug/baseline.de.danoeh.antennapod.activity.OnlineFeedViewActivity: +117ms
08-04 12:57:25.958  3712  3747 I art     : Explicit concurrent mark sweep GC freed 3241(212KB) AllocSpace objects, 1(20KB) LOS objects, 35% free, 28MB/44MB, paused 1.785ms total 39.448ms
08-04 12:57:25.958  3712  3725 I art     : WaitForGcToComplete blocked for 23.659ms for cause HeapTrim
08-04 12:57:25.969  3712  3747 I art     : Starting a blocking GC Explicit
08-04 12:57:25.998  3712  3747 I art     : Explicit concurrent mark sweep GC freed 4184(192KB) AllocSpace objects, 3(200KB) LOS objects, 35% free, 28MB/44MB, paused 1.070ms total 28.237ms
08-04 12:57:26.008  3712  3747 I art     : Starting a blocking GC Explicit
08-04 12:57:26.033  3712  3747 I art     : Explicit concurrent mark sweep GC freed 1536(149KB) AllocSpace objects, 0(0B) LOS objects, 35% free, 28MB/44MB, paused 904us total 25.407ms
08-04 12:57:26.042  3712  3747 I art     : Starting a blocking GC Explicit
08-04 12:57:26.068  3712  3747 I art     : Explicit concurrent mark sweep GC freed 36(1600B) AllocSpace objects, 0(0B) LOS objects, 35% free, 28MB/44MB, paused 1.013ms total 25.644ms
08-04 12:57:26.078  3712  3747 I art     : Starting a blocking GC Explicit
08-04 12:57:26.105  3712  3747 I art     : Explicit concurrent mark sweep GC freed 7(256B) AllocSpace objects, 0(0B) LOS objects, 35% free, 28MB/44MB, paused 924us total 26.930ms
08-04 12:57:26.145  3712  3741 D MYTAG   : interceptor 3a https://rss.art19.com/nice-white-parents
08-04 12:57:26.145  3712  3741 I NAPPA_EXPERIMENTATION: MetricNetworkRequestExecutionTime: REQUEST_DURATION_SYSTEM='301',REQUEST_DURATION_OKHTTP='145',REQUEST_SYNCHRONOUS='TRUE',RESPONSE_CODE='200',RESPONSE_METHOD='GET',RESPONSE_LENGTH_OKHTTP='-1',RESPONSE_LENGTH_HEADER='1803',REQUEST_PROTOCOL='h2',REQUEST_URL='https://rss.art19.com/nice-white-parents',
08-04 12:57:26.145  3712  3741 D HttpDownloader: Response code is 200
08-04 12:57:26.145  3712  3741 D UserPreferences: Using default data folder
08-04 12:57:26.148  3712  3741 D HttpDownloader: Getting size of download
08-04 12:57:26.148  3712  3741 D HttpDownloader: Size is -1
08-04 12:57:26.148  3712  3741 D UserPreferences: Using default data folder
08-04 12:57:26.148  3712  3741 D HttpDownloader: Free space is 20257652736
08-04 12:57:26.148  3712  3741 D HttpDownloader: Starting download
08-04 12:57:26.152  3712  3741 D HttpDownloader: Download was successful
08-04 12:57:26.152   918  3696 D WifiService: releaseWifiLockLocked: WifiLock{Downloader type=1 binder=android.os.BinderProxy@c159635}
08-04 12:57:26.153  3712  3712 D OnlineFeedViewActivity: Parsing feed
08-04 12:57:26.158  3712  5561 D TypeGetter: Recognized type RSS 2.0
08-04 12:57:26.160  3712  5561 D SyndHandler: Recognized ITunes namespace
08-04 12:57:26.160  3712  5561 D SyndHandler: Recognized Atom namespace
08-04 12:57:26.161  3712  5561 D SyndHandler: Recognized Content namespace
08-04 12:57:26.169  3712  5561 D OnlineFeedViewActivity: Deleted feed source file. Result: true
08-04 12:57:26.169  3712  3712 D OnlineFeedViewActivity: Removing HTML from shownotes
08-04 12:57:26.170   380   380 W SurfaceFlinger: couldn't log to binary event log: overflow.
08-04 12:57:26.171   512  2967 D audio_hw_primary: disable_audio_route: reset and update mixer path: low-latency-playback speaker
08-04 12:57:26.172   512  2967 D audio_hw_primary: disable_snd_device: snd_device(2: speaker)
08-04 12:57:26.196   512  2967 I soundtrigger: audio_extn_sound_trigger_update_device_status: device 0x2 of type 0 for Event 0
08-04 12:57:26.293  3712  3712 D PlaybackController: Releasing PlaybackController
08-04 12:57:26.386  3712  3747 I art     : Starting a blocking GC Explicit
08-04 12:57:26.420  3712  3747 I art     : Explicit concurrent mark sweep GC freed 3713(378KB) AllocSpace objects, 5(148KB) LOS objects, 35% free, 28MB/44MB, paused 1.285ms total 33.660ms
08-04 12:57:26.430  3712  3747 I art     : Starting a blocking GC Explicit
08-04 12:57:26.459  3712  3747 I art     : Explicit concurrent mark sweep GC freed 657(31KB) AllocSpace objects, 1(112KB) LOS objects, 35% free, 28MB/44MB, paused 963us total 29.010ms
08-04 12:57:26.469  3712  3747 I art     : Starting a blocking GC Explicit
08-04 12:57:26.498  3712  3747 I art     : Explicit concurrent mark sweep GC freed 3(96B) AllocSpace objects, 0(0B) LOS objects, 35% free, 28MB/44MB, paused 1.015ms total 28.581ms
08-04 12:57:26.508  3712  3747 I art     : Starting a blocking GC Explicit
08-04 12:57:26.538  3712  3747 I art     : Explicit concurrent mark sweep GC freed 3(96B) AllocSpace objects, 0(0B) LOS objects, 35% free, 28MB/44MB, paused 977us total 30.210ms
08-04 12:57:26.548  3712  3747 I art     : Starting a blocking GC Explicit
08-04 12:57:26.577  3712  3747 I art     : Explicit concurrent mark sweep GC freed 3(96B) AllocSpace objects, 0(0B) LOS objects, 35% free, 28MB/44MB, paused 1.022ms total 29.274ms
08-04 12:57:26.885  3712  4218 I art     : Starting a blocking GC Explicit
08-04 12:57:26.923  3712  4218 I art     : Explicit concurrent mark sweep GC freed 1403(83KB) AllocSpace objects, 1(20KB) LOS objects, 35% free, 28MB/44MB, paused 1.026ms total 37.707ms
08-04 12:57:26.935  3712  4218 I art     : Starting a blocking GC Explicit
08-04 12:57:26.965  3712  4218 I art     : Explicit concurrent mark sweep GC freed 23(752B) AllocSpace objects, 0(0B) LOS objects, 35% free, 28MB/44MB, paused 992us total 29.769ms
08-04 12:57:26.975  3712  4218 I art     : Starting a blocking GC Explicit
08-04 12:57:27.005  3712  4218 I art     : Explicit concurrent mark sweep GC freed 3(96B) AllocSpace objects, 0(0B) LOS objects, 35% free, 28MB/44MB, paused 957us total 29.797ms
08-04 12:57:27.015  3712  4218 I art     : Starting a blocking GC Explicit
08-04 12:57:27.044  3712  4218 I art     : Explicit concurrent mark sweep GC freed 3(96B) AllocSpace objects, 0(0B) LOS objects, 35% free, 28MB/44MB, paused 961us total 29.270ms
08-04 12:57:27.054  3712  4218 I art     : Starting a blocking GC Explicit
08-04 12:57:27.084  3712  4218 I art     : Explicit concurrent mark sweep GC freed 3(96B) AllocSpace objects, 0(0B) LOS objects, 35% free, 28MB/44MB, paused 955us total 29.615ms
08-04 12:57:27.394  3712  3726 I art     : Starting a blocking GC Explicit
08-04 12:57:27.435  3712  3726 I art     : Explicit concurrent mark sweep GC freed 1372(80KB) AllocSpace objects, 1(20KB) LOS objects, 35% free, 28MB/44MB, paused 1.039ms total 40.288ms
08-04 12:57:27.447  3712  3726 I art     : Starting a blocking GC Explicit
08-04 12:57:27.476  3712  3726 I art     : Explicit concurrent mark sweep GC freed 23(752B) AllocSpace objects, 0(0B) LOS objects, 35% free, 28MB/44MB, paused 961us total 29.108ms
08-04 12:57:27.486  3712  3726 I art     : Starting a blocking GC Explicit
08-04 12:57:27.515  3712  3726 I art     : Explicit concurrent mark sweep GC freed 3(96B) AllocSpace objects, 0(0B) LOS objects, 35% free, 28MB/44MB, paused 941us total 29.126ms
08-04 12:57:27.525  3712  3726 I art     : Starting a blocking GC Explicit
08-04 12:57:27.554  3712  3726 I art     : Explicit concurrent mark sweep GC freed 3(96B) AllocSpace objects, 0(0B) LOS objects, 35% free, 28MB/44MB, paused 953us total 29.437ms
08-04 12:57:27.564  3712  3726 I art     : Starting a blocking GC Explicit
08-04 12:57:27.595  3712  3726 I art     : Explicit concurrent mark sweep GC freed 3(96B) AllocSpace objects, 0(0B) LOS objects, 35% free, 28MB/44MB, paused 966us total 30.232ms
08-04 12:57:27.924  3712  3727 I art     : Starting a blocking GC Explicit
08-04 12:57:27.954  3712  3727 I art     : Explicit concurrent mark sweep GC freed 1420(81KB) AllocSpace objects, 1(20KB) LOS objects, 35% free, 28MB/44MB, paused 940us total 30.408ms
08-04 12:57:27.964  3712  3727 I art     : Starting a blocking GC Explicit
08-04 12:57:27.993  3712  3727 I art     : Explicit concurrent mark sweep GC freed 29(944B) AllocSpace objects, 0(0B) LOS objects, 35% free, 28MB/44MB, paused 871us total 28.483ms
08-04 12:57:28.004  3712  3727 I art     : Starting a blocking GC Explicit
08-04 12:57:28.032  3712  3727 I art     : Explicit concurrent mark sweep GC freed 7(224B) AllocSpace objects, 0(0B) LOS objects, 35% free, 28MB/44MB, paused 942us total 28.365ms
08-04 12:57:28.042  3712  3727 I art     : Starting a blocking GC Explicit
08-04 12:57:28.070  3712  3727 I art     : Explicit concurrent mark sweep GC freed 4(128B) AllocSpace objects, 0(0B) LOS objects, 35% free, 28MB/44MB, paused 1.017ms total 28.657ms
08-04 12:57:28.080  3712  3727 I art     : Starting a blocking GC Explicit
08-04 12:57:28.108  3712  3727 I art     : Explicit concurrent mark sweep GC freed 3(96B) AllocSpace objects, 0(0B) LOS objects, 35% free, 28MB/44MB, paused 992us total 27.819ms
08-04 12:57:28.432  3712  4218 I art     : Starting a blocking GC Explicit
08-04 12:57:28.470  3712  4218 I art     : Explicit concurrent mark sweep GC freed 1372(80KB) AllocSpace objects, 1(20KB) LOS objects, 35% free, 28MB/44MB, paused 1.071ms total 37.169ms
08-04 12:57:28.485  3712  4218 I art     : Starting a blocking GC Explicit
08-04 12:57:28.514  3712  4218 I art     : Explicit concurrent mark sweep GC freed 23(752B) AllocSpace objects, 0(0B) LOS objects, 35% free, 28MB/44MB, paused 948us total 29.247ms
08-04 12:57:28.524  3712  4218 I art     : Starting a blocking GC Explicit
08-04 12:57:28.552  3712  4218 I art     : Explicit concurrent mark sweep GC freed 3(96B) AllocSpace objects, 0(0B) LOS objects, 35% free, 28MB/44MB, paused 940us total 28.468ms
08-04 12:57:28.562  3712  4218 I art     : Starting a blocking GC Explicit
08-04 12:57:28.592  3712  4218 I art     : Explicit concurrent mark sweep GC freed 3(96B) AllocSpace objects, 0(0B) LOS objects, 35% free, 28MB/44MB, paused 1.160ms total 29.799ms
08-04 12:57:28.601  3712  4218 I art     : Starting a blocking GC Explicit
08-04 12:57:28.628  3712  4218 I art     : Explicit concurrent mark sweep GC freed 3(96B) AllocSpace objects, 0(0B) LOS objects, 35% free, 28MB/44MB, paused 964us total 26.298ms
08-04 12:57:28.812 13866 13882 I PeriodicStatsRunner: PeriodicStatsRunner.call():175 call()
08-04 12:57:28.812 13866 13882 I PeriodicStatsRunner: PeriodicStatsRunner.call():179 No submit PeriodicStats since input started.
08-04 12:57:28.958  3712  3726 I art     : Starting a blocking GC Explicit
08-04 12:57:28.996  3712  3726 I art     : Explicit concurrent mark sweep GC freed 1401(81KB) AllocSpace objects, 1(20KB) LOS objects, 35% free, 28MB/44MB, paused 1.022ms total 36.961ms
08-04 12:57:29.007  3712  3726 I art     : Starting a blocking GC Explicit
08-04 12:57:29.037  3712  3726 I art     : Explicit concurrent mark sweep GC freed 23(752B) AllocSpace objects, 0(0B) LOS objects, 35% free, 28MB/44MB, paused 954us total 29.738ms
08-04 12:57:29.047  3712  3726 I art     : Starting a blocking GC Explicit
08-04 12:57:29.077  3712  3726 I art     : Explicit concurrent mark sweep GC freed 3(96B) AllocSpace objects, 0(0B) LOS objects, 35% free, 28MB/44MB, paused 952us total 29.890ms
08-04 12:57:29.087  3712  3726 I art     : Starting a blocking GC Explicit
08-04 12:57:29.116  3712  3726 I art     : Explicit concurrent mark sweep GC freed 3(96B) AllocSpace objects, 0(0B) LOS objects, 35% free, 28MB/44MB, paused 945us total 28.707ms
08-04 12:57:29.125  3712  3726 I art     : Starting a blocking GC Explicit
08-04 12:57:29.155  3712  3726 I art     : Explicit concurrent mark sweep GC freed 3(96B) AllocSpace objects, 0(0B) LOS objects, 35% free, 28MB/44MB, paused 1.096ms total 29.894ms
08-04 12:57:29.482  3712  3747 I art     : Starting a blocking GC Explicit
08-04 12:57:29.515  3712  3747 I art     : Explicit concurrent mark sweep GC freed 1373(82KB) AllocSpace objects, 1(20KB) LOS objects, 35% free, 28MB/44MB, paused 1.168ms total 33.043ms
08-04 12:57:29.526  3712  3747 I art     : Starting a blocking GC Explicit
08-04 12:57:29.555  3712  3747 I art     : Explicit concurrent mark sweep GC freed 23(752B) AllocSpace objects, 0(0B) LOS objects, 35% free, 28MB/44MB, paused 954us total 29.301ms
08-04 12:57:29.565  3712  3747 I art     : Starting a blocking GC Explicit
08-04 12:57:29.595  3712  3747 I art     : Explicit concurrent mark sweep GC freed 3(96B) AllocSpace objects, 0(0B) LOS objects, 35% free, 28MB/44MB, paused 982us total 29.783ms
08-04 12:57:29.604  3712  3747 I art     : Starting a blocking GC Explicit
08-04 12:57:29.635  3712  3747 I art     : Explicit concurrent mark sweep GC freed 3(96B) AllocSpace objects, 0(0B) LOS objects, 35% free, 28MB/44MB, paused 1.066ms total 30.035ms
08-04 12:57:29.645  3712  3747 I art     : Starting a blocking GC Explicit
08-04 12:57:29.674  3712  3747 I art     : Explicit concurrent mark sweep GC freed 3(96B) AllocSpace objects, 0(0B) LOS objects, 35% free, 28MB/44MB, paused 911us total 28.853ms
08-04 12:57:30.002  3712  3727 I art     : Starting a blocking GC Explicit
08-04 12:57:30.040  3712  3727 I art     : Explicit concurrent mark sweep GC freed 1408(81KB) AllocSpace objects, 1(20KB) LOS objects, 35% free, 28MB/44MB, paused 1.050ms total 38.013ms
08-04 12:57:30.052  3712  3727 I art     : Starting a blocking GC Explicit
08-04 12:57:30.082  3712  3727 I art     : Explicit concurrent mark sweep GC freed 60(3KB) AllocSpace objects, 0(0B) LOS objects, 35% free, 28MB/44MB, paused 1.073ms total 30.006ms
08-04 12:57:30.093  3712  3727 I art     : Starting a blocking GC Explicit
08-04 12:57:30.122  3712  3727 I art     : Explicit concurrent mark sweep GC freed 3(96B) AllocSpace objects, 0(0B) LOS objects, 35% free, 28MB/44MB, paused 913us total 29.376ms
08-04 12:57:30.132  3712  3727 I art     : Starting a blocking GC Explicit
08-04 12:57:30.161  3712  3727 I art     : Explicit concurrent mark sweep GC freed 3(96B) AllocSpace objects, 0(0B) LOS objects, 35% free, 28MB/44MB, paused 908us total 29.192ms
08-04 12:57:30.171  3712  3727 I art     : Starting a blocking GC Explicit
08-04 12:57:30.200  3712  3727 I art     : Explicit concurrent mark sweep GC freed 3(96B) AllocSpace objects, 0(0B) LOS objects, 35% free, 28MB/44MB, paused 928us total 29.342ms
08-04 12:57:30.529  3712  4218 I art     : Starting a blocking GC Explicit
08-04 12:57:30.571  3712  4218 I art     : Explicit concurrent mark sweep GC freed 1372(80KB) AllocSpace objects, 1(20KB) LOS objects, 35% free, 28MB/44MB, paused 1.104ms total 41.915ms
08-04 12:57:30.584  3712  4218 I art     : Starting a blocking GC Explicit
08-04 12:57:30.614  3712  4218 I art     : Explicit concurrent mark sweep GC freed 23(752B) AllocSpace objects, 0(0B) LOS objects, 35% free, 28MB/44MB, paused 924us total 29.785ms
08-04 12:57:30.623  3712  4218 I art     : Starting a blocking GC Explicit
08-04 12:57:30.627 13866 13882 I PeriodicStatsRunner: PeriodicStatsRunner.call():175 call()
08-04 12:57:30.627 13866 13882 I PeriodicStatsRunner: PeriodicStatsRunner.call():179 No submit PeriodicStats since input started.
08-04 12:57:30.653  3712  4218 I art     : Explicit concurrent mark sweep GC freed 5(224B) AllocSpace objects, 0(0B) LOS objects, 35% free, 28MB/44MB, paused 949us total 29.725ms
08-04 12:57:30.663  3712  4218 I art     : Starting a blocking GC Explicit
08-04 12:57:30.692  3712  4218 I art     : Explicit concurrent mark sweep GC freed 118(8KB) AllocSpace objects, 0(0B) LOS objects, 35% free, 28MB/44MB, paused 853us total 28.303ms
08-04 12:57:30.701  3712  4218 I art     : Starting a blocking GC Explicit
08-04 12:57:30.730  3712  4218 I art     : Explicit concurrent mark sweep GC freed 3(96B) AllocSpace objects, 0(0B) LOS objects, 35% free, 28MB/44MB, paused 816us total 28.673ms
08-04 12:57:30.811 13866 13882 I PeriodicStatsRunner: PeriodicStatsRunner.call():175 call()
08-04 12:57:30.811 13866 13882 I PeriodicStatsRunner: PeriodicStatsRunner.call():179 No submit PeriodicStats since input started.
08-04 12:57:30.896 13866 13882 I PeriodicStatsRunner: PeriodicStatsRunner.call():175 call()
08-04 12:57:30.897 13866 13882 I PeriodicStatsRunner: PeriodicStatsRunner.call():179 No submit PeriodicStats since input started.
08-04 12:57:31.065  3712  3726 I art     : Starting a blocking GC Explicit
08-04 12:57:31.104  3712  3726 I art     : Explicit concurrent mark sweep GC freed 1401(81KB) AllocSpace objects, 1(20KB) LOS objects, 35% free, 28MB/44MB, paused 891us total 38.466ms
08-04 12:57:31.115  3712  3726 I art     : Starting a blocking GC Explicit
08-04 12:57:31.145  3712  3726 I art     : Explicit concurrent mark sweep GC freed 23(752B) AllocSpace objects, 0(0B) LOS objects, 35% free, 28MB/44MB, paused 825us total 29.437ms
08-04 12:57:31.155  3712  3726 I art     : Starting a blocking GC Explicit
08-04 12:57:31.184  3712  3726 I art     : Explicit concurrent mark sweep GC freed 3(96B) AllocSpace objects, 0(0B) LOS objects, 35% free, 28MB/44MB, paused 821us total 28.552ms
08-04 12:57:31.193  3712  3726 I art     : Starting a blocking GC Explicit
08-04 12:57:31.222  3712  3726 I art     : Explicit concurrent mark sweep GC freed 3(96B) AllocSpace objects, 0(0B) LOS objects, 35% free, 28MB/44MB, paused 824us total 28.503ms
08-04 12:57:31.231  3712  3726 I art     : Starting a blocking GC Explicit
08-04 12:57:31.261  3712  3726 I art     : Explicit concurrent mark sweep GC freed 3(96B) AllocSpace objects, 0(0B) LOS objects, 35% free, 28MB/44MB, paused 845us total 29.008ms
08-04 12:57:31.596  3712  3747 I art     : Starting a blocking GC Explicit
08-04 12:57:31.632  3712  3747 I art     : Explicit concurrent mark sweep GC freed 1372(80KB) AllocSpace objects, 1(20KB) LOS objects, 35% free, 28MB/44MB, paused 919us total 36.076ms
08-04 12:57:31.645  3712  3747 I art     : Starting a blocking GC Explicit
08-04 12:57:31.679  3712  3747 I art     : Explicit concurrent mark sweep GC freed 23(752B) AllocSpace objects, 0(0B) LOS objects, 35% free, 28MB/44MB, paused 861us total 33.050ms
08-04 12:57:31.688  3712  3747 I art     : Starting a blocking GC Explicit
08-04 12:57:31.718  3712  3747 I art     : Explicit concurrent mark sweep GC freed 3(96B) AllocSpace objects, 0(0B) LOS objects, 35% free, 28MB/44MB, paused 835us total 29.433ms
08-04 12:57:31.728  3712  3747 I art     : Starting a blocking GC Explicit
08-04 12:57:31.757  3712  3747 I art     : Explicit concurrent mark sweep GC freed 3(96B) AllocSpace objects, 0(0B) LOS objects, 35% free, 28MB/44MB, paused 858us total 28.904ms
08-04 12:57:31.766  3712  3747 I art     : Starting a blocking GC Explicit
08-04 12:57:31.795  3712  3747 I art     : Explicit concurrent mark sweep GC freed 3(96B) AllocSpace objects, 0(0B) LOS objects, 35% free, 28MB/44MB, paused 890us total 28.292ms
08-04 12:57:32.119  3712  3727 I art     : Starting a blocking GC Explicit
08-04 12:57:32.162  3712  3727 I art     : Explicit concurrent mark sweep GC freed 1401(81KB) AllocSpace objects, 1(20KB) LOS objects, 35% free, 28MB/44MB, paused 958us total 42.641ms
08-04 12:57:32.175  3712  3727 I art     : Starting a blocking GC Explicit
08-04 12:57:32.208  3712  3727 I art     : Explicit concurrent mark sweep GC freed 23(752B) AllocSpace objects, 0(0B) LOS objects, 35% free, 28MB/44MB, paused 871us total 32.882ms
08-04 12:57:32.218  3712  3727 I art     : Starting a blocking GC Explicit
08-04 12:57:32.247  3712  3727 I art     : Explicit concurrent mark sweep GC freed 3(96B) AllocSpace objects, 0(0B) LOS objects, 35% free, 28MB/44MB, paused 933us total 29.201ms
08-04 12:57:32.257  3712  3727 I art     : Starting a blocking GC Explicit
08-04 12:57:32.287  3712  3727 I art     : Explicit concurrent mark sweep GC freed 3(96B) AllocSpace objects, 0(0B) LOS objects, 35% free, 28MB/44MB, paused 840us total 29.126ms
08-04 12:57:32.296  3712  3727 I art     : Starting a blocking GC Explicit
08-04 12:57:32.325  3712  3727 I art     : Explicit concurrent mark sweep GC freed 3(96B) AllocSpace objects, 0(0B) LOS objects, 35% free, 28MB/44MB, paused 845us total 28.873ms
08-04 12:57:32.652  3712  4218 I art     : Starting a blocking GC Explicit
08-04 12:57:32.693  3712  4218 I art     : Explicit concurrent mark sweep GC freed 1372(80KB) AllocSpace objects, 1(20KB) LOS objects, 35% free, 28MB/44MB, paused 900us total 40.621ms
08-04 12:57:32.707  3712  4218 I art     : Starting a blocking GC Explicit
08-04 12:57:32.736  3712  4218 I art     : Explicit concurrent mark sweep GC freed 23(752B) AllocSpace objects, 0(0B) LOS objects, 35% free, 28MB/44MB, paused 847us total 28.194ms
08-04 12:57:32.745  3712  4218 I art     : Starting a blocking GC Explicit
08-04 12:57:32.774  3712  4218 I art     : Explicit concurrent mark sweep GC freed 3(96B) AllocSpace objects, 0(0B) LOS objects, 35% free, 28MB/44MB, paused 835us total 28.628ms
08-04 12:57:32.784  3712  4218 I art     : Starting a blocking GC Explicit
08-04 12:57:32.813  3712  4218 I art     : Explicit concurrent mark sweep GC freed 3(96B) AllocSpace objects, 0(0B) LOS objects, 35% free, 28MB/44MB, paused 847us total 28.964ms
08-04 12:57:32.823  3712  4218 I art     : Starting a blocking GC Explicit
08-04 12:57:32.852  3712  4218 I art     : Explicit concurrent mark sweep GC freed 32(880B) AllocSpace objects, 0(0B) LOS objects, 35% free, 28MB/44MB, paused 860us total 28.838ms
08-04 12:57:33.183  3712  3726 I art     : Starting a blocking GC Explicit
08-04 12:57:33.226  3712  3726 I art     : Explicit concurrent mark sweep GC freed 1372(80KB) AllocSpace objects, 1(20KB) LOS objects, 35% free, 28MB/44MB, paused 917us total 43.061ms
08-04 12:57:33.240  3712  3726 I art     : Starting a blocking GC Explicit
08-04 12:57:33.271  3712  3726 I art     : Explicit concurrent mark sweep GC freed 23(752B) AllocSpace objects, 0(0B) LOS objects, 35% free, 28MB/44MB, paused 831us total 31.369ms
08-04 12:57:33.281  3712  3726 I art     : Starting a blocking GC Explicit
08-04 12:57:33.310  3712  3726 I art     : Explicit concurrent mark sweep GC freed 3(96B) AllocSpace objects, 0(0B) LOS objects, 35% free, 28MB/44MB, paused 835us total 28.808ms
08-04 12:57:33.320  3712  3726 I art     : Starting a blocking GC Explicit
08-04 12:57:33.349  3712  3726 I art     : Explicit concurrent mark sweep GC freed 3(96B) AllocSpace objects, 0(0B) LOS objects, 35% free, 28MB/44MB, paused 843us total 29.088ms
08-04 12:57:33.359  3712  3726 I art     : Starting a blocking GC Explicit
08-04 12:57:33.388  3712  3726 I art     : Explicit concurrent mark sweep GC freed 3(96B) AllocSpace objects, 0(0B) LOS objects, 35% free, 28MB/44MB, paused 843us total 28.843ms
08-04 12:57:33.714  3712  3747 I art     : Starting a blocking GC Explicit
08-04 12:57:33.754  3712  3747 I art     : Explicit concurrent mark sweep GC freed 1372(80KB) AllocSpace objects, 1(20KB) LOS objects, 35% free, 28MB/44MB, paused 921us total 38.642ms
08-04 12:57:33.767  3712  3747 I art     : Starting a blocking GC Explicit
08-04 12:57:33.795  3712  3747 I art     : Explicit concurrent mark sweep GC freed 23(752B) AllocSpace objects, 0(0B) LOS objects, 35% free, 28MB/44MB, paused 808us total 28.039ms
08-04 12:57:33.805  3712  3747 I art     : Starting a blocking GC Explicit
08-04 12:57:33.832  3712  3747 I art     : Explicit concurrent mark sweep GC freed 3(96B) AllocSpace objects, 0(0B) LOS objects, 35% free, 28MB/44MB, paused 902us total 26.923ms
08-04 12:57:33.842  3712  3747 I art     : Starting a blocking GC Explicit
08-04 12:57:33.868  3712  3747 I art     : Explicit concurrent mark sweep GC freed 32(880B) AllocSpace objects, 0(0B) LOS objects, 35% free, 28MB/44MB, paused 852us total 26.509ms
08-04 12:57:33.877  3712  3747 I art     : Starting a blocking GC Explicit
08-04 12:57:33.905  3712  3747 I art     : Explicit concurrent mark sweep GC freed 3(96B) AllocSpace objects, 0(0B) LOS objects, 35% free, 28MB/44MB, paused 889us total 27.308ms
08-04 12:57:34.202  5715  5715 D AndroidRuntime: >>>>>> START com.android.internal.os.RuntimeInit uid 2000 <<<<<<
08-04 12:57:34.209  5715  5715 D AndroidRuntime: CheckJNI is OFF
08-04 12:57:34.224  3712  3727 I art     : Starting a blocking GC Explicit
08-04 12:57:34.249  5715  5715 D ICU     : No timezone override file found: /data/misc/zoneinfo/current/icu/icu_tzdata.dat
08-04 12:57:34.254  3712  3727 I art     : Explicit concurrent mark sweep GC freed 1372(80KB) AllocSpace objects, 1(20KB) LOS objects, 35% free, 28MB/44MB, paused 849us total 29.423ms
08-04 12:57:34.264  3712  3727 I art     : Starting a blocking GC Explicit
08-04 12:57:34.284  5715  5715 I Radio-JNI: register_android_hardware_Radio DONE
08-04 12:57:34.291  3712  3727 I art     : Explicit concurrent mark sweep GC freed 23(752B) AllocSpace objects, 0(0B) LOS objects, 35% free, 28MB/44MB, paused 911us total 26.870ms
08-04 12:57:34.300  3712  3727 I art     : Starting a blocking GC Explicit
08-04 12:57:34.305  5715  5715 D AndroidRuntime: Calling main entry com.android.commands.input.Input
08-04 12:57:34.307  5715  5715 I Input   : injectKeyEvent: KeyEvent { action=ACTION_DOWN, keyCode=KEYCODE_BACK, scanCode=0, metaState=0, flags=0x0, repeatCount=0, eventTime=709070720, downTime=709070720, deviceId=-1, source=0x101 }
08-04 12:57:34.313  5715  5715 I Input   : injectKeyEvent: KeyEvent { action=ACTION_UP, keyCode=KEYCODE_BACK, scanCode=0, metaState=0, flags=0x0, repeatCount=0, eventTime=709070720, downTime=709070720, deviceId=-1, source=0x101 }
08-04 12:57:34.318  5715  5715 D AndroidRuntime: Shutting down VM
08-04 12:57:34.322  3712  3712 V PlaybackController: initServiceNotRunning()
08-04 12:57:34.323  3712  3712 D ExternalPlayerFragment: Loading media info
08-04 12:57:34.327  3712  3727 I art     : Explicit concurrent mark sweep GC freed 92(3KB) AllocSpace objects, 0(0B) LOS objects, 35% free, 28MB/44MB, paused 1.090ms total 26.626ms
08-04 12:57:34.329  3712  3712 D UserPreferences: Using default data folder
08-04 12:57:34.330  3712  3741 D DBReader: getNavDrawerData() called with: 
08-04 12:57:34.336  3712  3727 I art     : Starting a blocking GC Explicit
08-04 12:57:34.343  3712  3741 D DBReader: getDownloadedItems() called
08-04 12:57:34.344  3712  3741 D DBReader: getFavoriteIDList() called
08-04 12:57:34.344  3712  3741 D DBReader: getQueueIDList() called
08-04 12:57:34.345  3712  3741 D DBReader: Extracting Feedlist
08-04 12:57:34.360 13866 13866 I GoogleInputMethodServic: GoogleInputMethodService.onFinishInput():3138 
08-04 12:57:34.361 13866 13866 I GoogleInputMethodServic: GoogleInputMethodService.onStartInput():1808 
08-04 12:57:34.363  3712  3727 I art     : Explicit concurrent mark sweep GC freed 547(45KB) AllocSpace objects, 0(0B) LOS objects, 35% free, 28MB/44MB, paused 808us total 26.542ms
08-04 12:57:34.372  3712  3727 I art     : Starting a blocking GC Explicit
08-04 12:57:34.376  3712  3712 D MainActivity: getLastNavFragment() -> AddFeedFragment
08-04 12:57:34.398  3712  3727 I art     : Explicit concurrent mark sweep GC freed 691(33KB) AllocSpace objects, 0(0B) LOS objects, 35% free, 28MB/44MB, paused 975us total 25.474ms
08-04 12:57:34.646   380   380 W SurfaceFlinger: couldn't log to binary event log: overflow.
08-04 12:57:34.666  3712  3727 I art     : Starting a blocking GC Explicit
08-04 12:57:34.694  3712  3727 I art     : Explicit concurrent mark sweep GC freed 2080(110KB) AllocSpace objects, 1(20KB) LOS objects, 35% free, 28MB/44MB, paused 837us total 27.807ms
08-04 12:57:34.703  3712  3727 I art     : Starting a blocking GC Explicit
08-04 12:57:34.729  3712  3727 I art     : Explicit concurrent mark sweep GC freed 2567(160KB) AllocSpace objects, 1(28KB) LOS objects, 36% free, 28MB/44MB, paused 812us total 25.488ms
08-04 12:57:34.738  3712  3727 I art     : Starting a blocking GC Explicit
08-04 12:57:34.764  3712  3727 I art     : Explicit concurrent mark sweep GC freed 3(96B) AllocSpace objects, 0(0B) LOS objects, 36% free, 28MB/44MB, paused 826us total 26.370ms
08-04 12:57:34.774  3712  3727 I art     : Starting a blocking GC Explicit
08-04 12:57:34.801  3712  3727 I art     : Explicit concurrent mark sweep GC freed 3(96B) AllocSpace objects, 0(0B) LOS objects, 36% free, 28MB/44MB, paused 841us total 26.968ms
08-04 12:57:34.810  3712  3727 I art     : Starting a blocking GC Explicit
08-04 12:57:34.838  3712  3727 I art     : Explicit concurrent mark sweep GC freed 3(96B) AllocSpace objects, 0(0B) LOS objects, 36% free, 28MB/44MB, paused 863us total 27.489ms
08-04 12:57:35.145  3712  3726 I art     : Starting a blocking GC Explicit
08-04 12:57:35.180  3712  3726 I art     : Explicit concurrent mark sweep GC freed 1403(83KB) AllocSpace objects, 1(20KB) LOS objects, 36% free, 28MB/44MB, paused 893us total 34.680ms
08-04 12:57:35.192  3712  3726 I art     : Starting a blocking GC Explicit
08-04 12:57:35.221  3712  3726 I art     : Explicit concurrent mark sweep GC freed 23(752B) AllocSpace objects, 0(0B) LOS objects, 36% free, 28MB/44MB, paused 858us total 28.460ms
08-04 12:57:35.230  3712  3726 I art     : Starting a blocking GC Explicit
08-04 12:57:35.258  3712  3726 I art     : Explicit concurrent mark sweep GC freed 3(96B) AllocSpace objects, 0(0B) LOS objects, 36% free, 28MB/44MB, paused 874us total 27.730ms
08-04 12:57:35.268  3712  3726 I art     : Starting a blocking GC Explicit
08-04 12:57:35.296  3712  3726 I art     : Explicit concurrent mark sweep GC freed 3(96B) AllocSpace objects, 0(0B) LOS objects, 36% free, 28MB/44MB, paused 834us total 28.051ms
08-04 12:57:35.306  3712  3726 I art     : Starting a blocking GC Explicit
08-04 12:57:35.334  3712  3726 I art     : Explicit concurrent mark sweep GC freed 3(96B) AllocSpace objects, 0(0B) LOS objects, 36% free, 28MB/44MB, paused 844us total 27.962ms
08-04 12:57:35.627  3712  3747 I art     : Starting a blocking GC Explicit
08-04 12:57:35.655  3712  3747 I art     : Explicit concurrent mark sweep GC freed 1373(80KB) AllocSpace objects, 1(20KB) LOS objects, 36% free, 28MB/44MB, paused 861us total 27.845ms
08-04 12:57:35.664  3712  3747 I art     : Starting a blocking GC Explicit
08-04 12:57:35.691  3712  3747 I art     : Explicit concurrent mark sweep GC freed 23(752B) AllocSpace objects, 0(0B) LOS objects, 36% free, 28MB/44MB, paused 816us total 27.175ms
08-04 12:57:35.700  3712  3747 I art     : Starting a blocking GC Explicit
08-04 12:57:35.726  3712  3747 I art     : Explicit concurrent mark sweep GC freed 3(96B) AllocSpace objects, 0(0B) LOS objects, 36% free, 28MB/44MB, paused 831us total 25.660ms
08-04 12:57:35.736  3712  3747 I art     : Starting a blocking GC Explicit
08-04 12:57:35.762  3712  3747 I art     : Explicit concurrent mark sweep GC freed 3(96B) AllocSpace objects, 0(0B) LOS objects, 36% free, 28MB/44MB, paused 851us total 26.165ms
08-04 12:57:35.771  3712  3747 I art     : Starting a blocking GC Explicit
08-04 12:57:35.798  3712  3747 I art     : Explicit concurrent mark sweep GC freed 3(96B) AllocSpace objects, 0(0B) LOS objects, 36% free, 28MB/44MB, paused 930us total 26.198ms
08-04 12:57:35.984  5769  5769 D AndroidRuntime: >>>>>> START com.android.internal.os.RuntimeInit uid 2000 <<<<<<
08-04 12:57:35.991  5769  5769 D AndroidRuntime: CheckJNI is OFF
08-04 12:57:36.023  5769  5769 D ICU     : No timezone override file found: /data/misc/zoneinfo/current/icu/icu_tzdata.dat
08-04 12:57:36.053  5769  5769 I Radio-JNI: register_android_hardware_Radio DONE
08-04 12:57:36.075  5769  5769 D AndroidRuntime: Calling main entry com.android.commands.input.Input
08-04 12:57:36.077  5769  5769 I Input   : injectKeyEvent: KeyEvent { action=ACTION_DOWN, keyCode=KEYCODE_BACK, scanCode=0, metaState=0, flags=0x0, repeatCount=0, eventTime=709072490, downTime=709072490, deviceId=-1, source=0x101 }
08-04 12:57:36.081  5769  5769 I Input   : injectKeyEvent: KeyEvent { action=ACTION_UP, keyCode=KEYCODE_BACK, scanCode=0, metaState=0, flags=0x0, repeatCount=0, eventTime=709072490, downTime=709072490, deviceId=-1, source=0x101 }
08-04 12:57:36.084  3712  3727 I art     : Starting a blocking GC Explicit
08-04 12:57:36.091 13866 13866 I GoogleInputMethodServic: GoogleInputMethodService.onFinishInput():3138 
08-04 12:57:36.092 13866 13866 I GoogleInputMethodServic: GoogleInputMethodService.onStartInput():1808 
08-04 12:57:36.096  5769  5769 D AndroidRuntime: Shutting down VM
08-04 12:57:36.113  3712  3727 I art     : Explicit concurrent mark sweep GC freed 2529(127KB) AllocSpace objects, 1(20KB) LOS objects, 36% free, 28MB/44MB, paused 1.122ms total 28.378ms
08-04 12:57:36.113  3712  3725 I art     : WaitForGcToComplete blocked for 8.478ms for cause HeapTrim
08-04 12:57:36.122  3712  3727 I art     : Starting a blocking GC Explicit
08-04 12:57:36.149  3712  3727 I art     : Explicit concurrent mark sweep GC freed 239(14KB) AllocSpace objects, 0(0B) LOS objects, 36% free, 28MB/44MB, paused 847us total 27.037ms
08-04 12:57:36.158  3712  3727 I art     : Starting a blocking GC Explicit
08-04 12:57:36.183  3712  3727 I art     : Explicit concurrent mark sweep GC freed 2464(164KB) AllocSpace objects, 9(1540KB) LOS objects, 37% free, 26MB/42MB, paused 921us total 24.589ms
08-04 12:57:36.192  3712  3727 I art     : Starting a blocking GC Explicit
08-04 12:57:36.219  3712  3727 I art     : Explicit concurrent mark sweep GC freed 48(2016B) AllocSpace objects, 0(0B) LOS objects, 37% free, 26MB/42MB, paused 838us total 26.094ms
08-04 12:57:36.228  3712  3727 I art     : Starting a blocking GC Explicit
08-04 12:57:36.255  3712  3727 I art     : Explicit concurrent mark sweep GC freed 3(96B) AllocSpace objects, 0(0B) LOS objects, 37% free, 26MB/42MB, paused 832us total 26.841ms
08-04 12:57:36.526  3712  3726 I art     : Starting a blocking GC Explicit
08-04 12:57:36.559  3712  3726 I art     : Explicit concurrent mark sweep GC freed 1373(81KB) AllocSpace objects, 1(20KB) LOS objects, 37% free, 26MB/42MB, paused 1.006ms total 33.126ms
08-04 12:57:36.571  3712  3726 I art     : Starting a blocking GC Explicit
08-04 12:57:36.599  3712  3726 I art     : Explicit concurrent mark sweep GC freed 23(752B) AllocSpace objects, 0(0B) LOS objects, 37% free, 26MB/42MB, paused 841us total 27.641ms
08-04 12:57:36.608  3712  3726 I art     : Starting a blocking GC Explicit
08-04 12:57:36.636  3712  3726 I art     : Explicit concurrent mark sweep GC freed 3(96B) AllocSpace objects, 0(0B) LOS objects, 37% free, 26MB/42MB, paused 831us total 27.166ms
08-04 12:57:36.645  3712  3726 I art     : Starting a blocking GC Explicit
08-04 12:57:36.672  3712  3726 I art     : Explicit concurrent mark sweep GC freed 3(96B) AllocSpace objects, 0(0B) LOS objects, 37% free, 26MB/42MB, paused 866us total 26.941ms
08-04 12:57:36.681  3712  3726 I art     : Starting a blocking GC Explicit
08-04 12:57:36.709  3712  3726 I art     : Explicit concurrent mark sweep GC freed 3(96B) AllocSpace objects, 0(0B) LOS objects, 37% free, 26MB/42MB, paused 834us total 27.111ms
08-04 12:57:37.005  3712  4218 I art     : Starting a blocking GC Explicit
08-04 12:57:37.042  3712  4218 I art     : Explicit concurrent mark sweep GC freed 1402(82KB) AllocSpace objects, 1(20KB) LOS objects, 37% free, 26MB/42MB, paused 931us total 36.248ms
08-04 12:57:37.054  3712  4218 I art     : Starting a blocking GC Explicit
08-04 12:57:37.082  3712  4218 I art     : Explicit concurrent mark sweep GC freed 23(752B) AllocSpace objects, 0(0B) LOS objects, 37% free, 26MB/42MB, paused 768us total 27.666ms
08-04 12:57:37.091  3712  4218 I art     : Starting a blocking GC Explicit
08-04 12:57:37.121  3712  4218 I art     : Explicit concurrent mark sweep GC freed 3(96B) AllocSpace objects, 0(0B) LOS objects, 37% free, 26MB/42MB, paused 957us total 28.876ms
08-04 12:57:37.130  3712  4218 I art     : Starting a blocking GC Explicit
08-04 12:57:37.158  3712  4218 I art     : Explicit concurrent mark sweep GC freed 3(96B) AllocSpace objects, 0(0B) LOS objects, 37% free, 26MB/42MB, paused 874us total 26.978ms
08-04 12:57:37.167  3712  4218 I art     : Starting a blocking GC Explicit
08-04 12:57:37.194  3712  4218 I art     : Explicit concurrent mark sweep GC freed 3(96B) AllocSpace objects, 0(0B) LOS objects, 37% free, 26MB/42MB, paused 835us total 26.812ms
08-04 12:57:37.475  3712  3747 I art     : Starting a blocking GC Explicit
08-04 12:57:37.503  3712  3747 I art     : Explicit concurrent mark sweep GC freed 1372(82KB) AllocSpace objects, 1(20KB) LOS objects, 37% free, 26MB/42MB, paused 846us total 27.334ms
08-04 12:57:37.512  3712  3747 I art     : Starting a blocking GC Explicit
08-04 12:57:37.539  3712  3747 I art     : Explicit concurrent mark sweep GC freed 23(752B) AllocSpace objects, 0(0B) LOS objects, 37% free, 26MB/42MB, paused 847us total 26.783ms
08-04 12:57:37.549  3712  3747 I art     : Starting a blocking GC Explicit
08-04 12:57:37.575  3712  3747 I art     : Explicit concurrent mark sweep GC freed 3(96B) AllocSpace objects, 0(0B) LOS objects, 37% free, 26MB/42MB, paused 835us total 25.637ms
08-04 12:57:37.584  3712  3747 I art     : Starting a blocking GC Explicit
08-04 12:57:37.610  3712  3747 I art     : Explicit concurrent mark sweep GC freed 3(96B) AllocSpace objects, 0(0B) LOS objects, 37% free, 26MB/42MB, paused 861us total 25.764ms
08-04 12:57:37.619  3712  3747 I art     : Starting a blocking GC Explicit
08-04 12:57:37.645  3712  3747 I art     : Explicit concurrent mark sweep GC freed 3(96B) AllocSpace objects, 0(0B) LOS objects, 37% free, 26MB/42MB, paused 823us total 26.071ms
08-04 12:57:37.768  5818  5818 D AndroidRuntime: >>>>>> START com.android.internal.os.RuntimeInit uid 2000 <<<<<<
08-04 12:57:37.773  5818  5818 D AndroidRuntime: CheckJNI is OFF
08-04 12:57:37.806  5818  5818 D ICU     : No timezone override file found: /data/misc/zoneinfo/current/icu/icu_tzdata.dat
08-04 12:57:37.843  5818  5818 I Radio-JNI: register_android_hardware_Radio DONE
08-04 12:57:37.865  5818  5818 D AndroidRuntime: Calling main entry com.android.commands.input.Input
08-04 12:57:37.866  5818  5818 I Input   : injectMotionEvent: MotionEvent { action=ACTION_DOWN, actionButton=0, id[0]=0, x[0]=567.0, y[0]=714.0, toolType[0]=TOOL_TYPE_UNKNOWN, buttonState=0, metaState=0, flags=0x0, edgeFlags=0x0, pointerCount=1, historySize=0, eventTime=709074279, downTime=709074279, deviceId=0, source=0x1002 }
08-04 12:57:37.870  5818  5818 I Input   : injectMotionEvent: MotionEvent { action=ACTION_UP, actionButton=0, id[0]=0, x[0]=567.0, y[0]=714.0, toolType[0]=TOOL_TYPE_UNKNOWN, buttonState=0, metaState=0, flags=0x0, edgeFlags=0x0, pointerCount=1, historySize=0, eventTime=709074279, downTime=709074279, deviceId=0, source=0x1002 }
08-04 12:57:37.872  5818  5818 D AndroidRuntime: Shutting down VM
08-04 12:57:37.887   512  2967 D audio_hw_primary: out_set_parameters: enter: usecase(1: low-latency-playback) kvpairs: routing=2
08-04 12:57:37.900   512  2967 D audio_hw_primary: select_devices: out_snd_device(2: speaker) in_snd_device(0: none)
08-04 12:57:37.901   512  2967 D msm8974_platform: platform_send_audio_calibration: sending audio calibration for snd_device(2) acdb_id(15)
08-04 12:57:37.901   512  2967 I soundtrigger: audio_extn_sound_trigger_update_device_status: device 0x2 of type 0 for Event 1
08-04 12:57:37.910   512  2967 D audio_hw_primary: enable_snd_device: snd_device(2: speaker)
08-04 12:57:37.912   512  2967 D audio_hw_primary: enable_audio_route: apply and update mixer path: low-latency-playback speaker
08-04 12:57:37.930  3712  3747 I art     : Starting a blocking GC Explicit
08-04 12:57:37.959  3712  3747 I art     : Explicit concurrent mark sweep GC freed 3595(168KB) AllocSpace objects, 1(20KB) LOS objects, 37% free, 27MB/43MB, paused 1.114ms total 28.912ms
08-04 12:57:37.968  3712  3747 I art     : Starting a blocking GC Explicit
08-04 12:57:37.995  3712  3747 I art     : Explicit concurrent mark sweep GC freed 1622(82KB) AllocSpace objects, 1(220KB) LOS objects, 37% free, 26MB/42MB, paused 1.016ms total 26.715ms
08-04 12:57:38.005  3712  3747 I art     : Starting a blocking GC Explicit
08-04 12:57:38.030  3712  3747 I art     : Explicit concurrent mark sweep GC freed 30(1264B) AllocSpace objects, 0(0B) LOS objects, 37% free, 26MB/42MB, paused 877us total 24.852ms
08-04 12:57:38.039  3712  3747 I art     : Starting a blocking GC Explicit
08-04 12:57:38.063  3712  3747 I art     : Explicit concurrent mark sweep GC freed 84(5KB) AllocSpace objects, 0(0B) LOS objects, 37% free, 26MB/42MB, paused 857us total 24.381ms
08-04 12:57:38.072  3712  3747 I art     : Starting a blocking GC Explicit
08-04 12:57:38.096  3712  3747 I art     : Explicit concurrent mark sweep GC freed 13(480B) AllocSpace objects, 0(0B) LOS objects, 37% free, 26MB/42MB, paused 863us total 24.187ms
08-04 12:57:38.304  3712  3734 I NAPPA_EXPERIMENTATION: MetricNetworkRequestExecutionTime: REQUEST_DURATION_SYSTEM='397',REQUEST_DURATION_OKHTTP='146',REQUEST_SYNCHRONOUS='TRUE',RESPONSE_CODE='400',RESPONSE_METHOD='GET',RESPONSE_LENGTH_OKHTTP='0',RESPONSE_LENGTH_HEADER='0',REQUEST_PROTOCOL='h2',REQUEST_URL='https://itunes.apple.com/en/rss/toppodcasts/limit=25/explicit=true/json',
08-04 12:57:38.354  3712  3727 I art     : Starting a blocking GC Explicit
08-04 12:57:38.382  3712  3727 I art     : Explicit concurrent mark sweep GC freed 5741(288KB) AllocSpace objects, 1(20KB) LOS objects, 37% free, 26MB/42MB, paused 920us total 27.786ms
08-04 12:57:38.391  3712  3727 I art     : Starting a blocking GC Explicit
08-04 12:57:38.419  3712  3727 I art     : Explicit concurrent mark sweep GC freed 181(6KB) AllocSpace objects, 0(0B) LOS objects, 37% free, 26MB/42MB, paused 1.169ms total 27.998ms
08-04 12:57:38.428  3712  3727 I art     : Starting a blocking GC Explicit
08-04 12:57:38.437  3712  3734 I NAPPA_EXPERIMENTATION: MetricNetworkRequestExecutionTime: REQUEST_DURATION_SYSTEM='132',REQUEST_DURATION_OKHTTP='131',REQUEST_SYNCHRONOUS='TRUE',RESPONSE_CODE='200',RESPONSE_METHOD='GET',RESPONSE_LENGTH_OKHTTP='-1',RESPONSE_LENGTH_HEADER='10075',REQUEST_PROTOCOL='h2',REQUEST_URL='https://itunes.apple.com/us/rss/toppodcasts/limit=25/explicit=true/json',
08-04 12:57:38.449   512  2967 D audio_hw_primary: disable_audio_route: reset and update mixer path: low-latency-playback speaker
08-04 12:57:38.450   512  2967 D audio_hw_primary: disable_snd_device: snd_device(2: speaker)
08-04 12:57:38.458  3712  3727 I art     : Explicit concurrent mark sweep GC freed 2506(177KB) AllocSpace objects, 3(252KB) LOS objects, 36% free, 27MB/43MB, paused 1.271ms total 29.260ms
08-04 12:57:38.459   512  2967 I soundtrigger: audio_extn_sound_trigger_update_device_status: device 0x2 of type 0 for Event 0
08-04 12:57:38.467  3712  3727 I art     : Starting a blocking GC Explicit
08-04 12:57:38.489  3712  4584 D ApOkHttpUrlLoader: buildLoadData() called with: model = [https://is4-ssl.mzstatic.com/image/thumb/Podcasts114/v4/3f/16/74/3f167426-bf50-ce3a-d709-e4301620fc5b/mza_5832671293059882550.jpeg/170x170bb.png], width = [224], height = [224]
08-04 12:57:38.489  3712  4583 D DBReader: getImageAuthentication() called with: imageUrl = [https://is4-ssl.mzstatic.com/image/thumb/Podcasts114/v4/3f/16/74/3f167426-bf50-ce3a-d709-e4301620fc5b/mza_5832671293059882550.jpeg/170x170bb.png]
08-04 12:57:38.492  3712  3727 I art     : Explicit concurrent mark sweep GC freed 6131(280KB) AllocSpace objects, 1(100KB) LOS objects, 37% free, 26MB/42MB, paused 1.324ms total 25.537ms
08-04 12:57:38.495  3712  4583 D ApOkHttpUrlLoader: no credentials for 'https://is4-ssl.mzstatic.com/image/thumb/Podcasts114/v4/3f/16/74/3f167426-bf50-ce3a-d709-e4301620fc5b/mza_5832671293059882550.jpeg/170x170bb.png'
08-04 12:57:38.498  3712  4582 D ApOkHttpUrlLoader: buildLoadData() called with: model = [https://is4-ssl.mzstatic.com/image/thumb/Podcasts113/v4/e5/8a/10/e58a108f-f5d0-f622-c94a-13f66edd570c/mza_3025981348644196724.jpg/170x170bb.png], width = [224], height = [224]
08-04 12:57:38.499  3712  4586 D DBReader: getImageAuthentication() called with: imageUrl = [https://is4-ssl.mzstatic.com/image/thumb/Podcasts113/v4/e5/8a/10/e58a108f-f5d0-f622-c94a-13f66edd570c/mza_3025981348644196724.jpg/170x170bb.png]
08-04 12:57:38.501  3712  3727 I art     : Starting a blocking GC Explicit
08-04 12:57:38.503  3712  4586 D ApOkHttpUrlLoader: no credentials for 'https://is4-ssl.mzstatic.com/image/thumb/Podcasts113/v4/e5/8a/10/e58a108f-f5d0-f622-c94a-13f66edd570c/mza_3025981348644196724.jpg/170x170bb.png'
08-04 12:57:38.504  3712  4578 D ApOkHttpUrlLoader: buildLoadData() called with: model = [https://is2-ssl.mzstatic.com/image/thumb/Podcasts113/v4/a9/39/cc/a939ccc5-6d60-0c11-0a4c-16d71cdef89b/mza_8787577209688278658.jpg/170x170bb.png], width = [224], height = [224]
08-04 12:57:38.505  3712  4585 D DBReader: getImageAuthentication() called with: imageUrl = [https://is2-ssl.mzstatic.com/image/thumb/Podcasts113/v4/a9/39/cc/a939ccc5-6d60-0c11-0a4c-16d71cdef89b/mza_8787577209688278658.jpg/170x170bb.png]
08-04 12:57:38.509  3712  4580 D ApOkHttpUrlLoader: buildLoadData() called with: model = [https://is5-ssl.mzstatic.com/image/thumb/Podcasts114/v4/93/cf/99/93cf9960-fff3-205e-6655-72c03ddeccb2/mza_10545582232493904175.jpeg/170x170bb.png], width = [224], height = [224]
08-04 12:57:38.509  3712  4585 D ApOkHttpUrlLoader: no credentials for 'https://is2-ssl.mzstatic.com/image/thumb/Podcasts113/v4/a9/39/cc/a939ccc5-6d60-0c11-0a4c-16d71cdef89b/mza_8787577209688278658.jpg/170x170bb.png'
08-04 12:57:38.510  3712  4588 D DBReader: getImageAuthentication() called with: imageUrl = [https://is5-ssl.mzstatic.com/image/thumb/Podcasts114/v4/93/cf/99/93cf9960-fff3-205e-6655-72c03ddeccb2/mza_10545582232493904175.jpeg/170x170bb.png]
08-04 12:57:38.513  3712  4588 D ApOkHttpUrlLoader: no credentials for 'https://is5-ssl.mzstatic.com/image/thumb/Podcasts114/v4/93/cf/99/93cf9960-fff3-205e-6655-72c03ddeccb2/mza_10545582232493904175.jpeg/170x170bb.png'
08-04 12:57:38.514  3712  4584 D ApOkHttpUrlLoader: buildLoadData() called with: model = [https://is4-ssl.mzstatic.com/image/thumb/Podcasts124/v4/49/a4/91/49a491b7-3daf-c5dc-d7c6-6c4f1486955c/mza_5930014091766152297.png/170x170bb.png], width = [224], height = [224]
08-04 12:57:38.514  3712  4587 D DBReader: getImageAuthentication() called with: imageUrl = [https://is4-ssl.mzstatic.com/image/thumb/Podcasts124/v4/49/a4/91/49a491b7-3daf-c5dc-d7c6-6c4f1486955c/mza_5930014091766152297.png/170x170bb.png]
08-04 12:57:38.517  3644  3644 I ServiceManager: Waiting for service AtCmdFwd...
08-04 12:57:38.518  3712  4587 D ApOkHttpUrlLoader: no credentials for 'https://is4-ssl.mzstatic.com/image/thumb/Podcasts124/v4/49/a4/91/49a491b7-3daf-c5dc-d7c6-6c4f1486955c/mza_5930014091766152297.png/170x170bb.png'
08-04 12:57:38.519  3712  4582 D ApOkHttpUrlLoader: buildLoadData() called with: model = [https://is5-ssl.mzstatic.com/image/thumb/Podcasts113/v4/fd/54/6e/fd546ea0-7ab2-e3f0-6049-884d82917af9/mza_4855349695799758348.jpeg/170x170bb.png], width = [224], height = [224]
08-04 12:57:38.520  3712  4579 D DBReader: getImageAuthentication() called with: imageUrl = [https://is5-ssl.mzstatic.com/image/thumb/Podcasts113/v4/fd/54/6e/fd546ea0-7ab2-e3f0-6049-884d82917af9/mza_4855349695799758348.jpeg/170x170bb.png]
08-04 12:57:38.523  3712  4579 D ApOkHttpUrlLoader: no credentials for 'https://is5-ssl.mzstatic.com/image/thumb/Podcasts113/v4/fd/54/6e/fd546ea0-7ab2-e3f0-6049-884d82917af9/mza_4855349695799758348.jpeg/170x170bb.png'
08-04 12:57:38.527  3712  4578 D ApOkHttpUrlLoader: buildLoadData() called with: model = [https://is2-ssl.mzstatic.com/image/thumb/Podcasts114/v4/b3/4c/cf/b34ccfc2-cea4-1ca1-0fad-7793af301cc5/mza_2466085192629456364.jpg/170x170bb.png], width = [224], height = [224]
08-04 12:57:38.528  3712  3727 I art     : Explicit concurrent mark sweep GC freed 1885(150KB) AllocSpace objects, 0(0B) LOS objects, 37% free, 27MB/43MB, paused 1.585ms total 26.753ms
08-04 12:57:38.528  3712  4581 D DBReader: getImageAuthentication() called with: imageUrl = [https://is2-ssl.mzstatic.com/image/thumb/Podcasts114/v4/b3/4c/cf/b34ccfc2-cea4-1ca1-0fad-7793af301cc5/mza_2466085192629456364.jpg/170x170bb.png]
08-04 12:57:38.532  3712  4581 D ApOkHttpUrlLoader: no credentials for 'https://is2-ssl.mzstatic.com/image/thumb/Podcasts114/v4/b3/4c/cf/b34ccfc2-cea4-1ca1-0fad-7793af301cc5/mza_2466085192629456364.jpg/170x170bb.png'
08-04 12:57:38.812  3712  3726 I art     : Starting a blocking GC Explicit
08-04 12:57:38.845  3712  3726 I art     : Explicit concurrent mark sweep GC freed 29674(1462KB) AllocSpace objects, 1(20KB) LOS objects, 37% free, 26MB/42MB, paused 1.242ms total 33.335ms
08-04 12:57:38.855  3712  3726 I art     : Starting a blocking GC Explicit
08-04 12:57:38.883  3712  3726 I art     : Explicit concurrent mark sweep GC freed 900(31KB) AllocSpace objects, 0(0B) LOS objects, 37% free, 26MB/42MB, paused 1.145ms total 27.860ms
08-04 12:57:38.892  3712  3726 I art     : Starting a blocking GC Explicit
08-04 12:57:38.896  3712  4586 D MYTAG   : interceptor 2a
08-04 12:57:38.896  3712  4586 I NAPPA_EXPERIMENTATION: MetricNetworkRequestExecutionTime: REQUEST_DURATION_SYSTEM='393',REQUEST_DURATION_OKHTTP='192',REQUEST_SYNCHRONOUS='TRUE',RESPONSE_CODE='200',RESPONSE_METHOD='GET',RESPONSE_LENGTH_OKHTTP='45995',RESPONSE_LENGTH_HEADER='45995',REQUEST_PROTOCOL='h2',REQUEST_URL='https://is4-ssl.mzstatic.com/image/thumb/Podcasts113/v4/e5/8a/10/e58a108f-f5d0-f622-c94a-13f66edd570c/mza_3025981348644196724.jpg/170x170bb.png',
08-04 12:57:38.922  3712  3726 I art     : Explicit concurrent mark sweep GC freed 268(20KB) AllocSpace objects, 0(0B) LOS objects, 37% free, 27MB/43MB, paused 1.365ms total 29.654ms
08-04 12:57:38.924  3712  4587 D MYTAG   : interceptor 2a
08-04 12:57:38.925  3712  4587 I NAPPA_EXPERIMENTATION: MetricNetworkRequestExecutionTime: REQUEST_DURATION_SYSTEM='406',REQUEST_DURATION_OKHTTP='220',REQUEST_SYNCHRONOUS='TRUE',RESPONSE_CODE='200',RESPONSE_METHOD='GET',RESPONSE_LENGTH_OKHTTP='12000',RESPONSE_LENGTH_HEADER='12000',REQUEST_PROTOCOL='h2',REQUEST_URL='https://is4-ssl.mzstatic.com/image/thumb/Podcasts124/v4/49/a4/91/49a491b7-3daf-c5dc-d7c6-6c4f1486955c/mza_5930014091766152297.png/170x170bb.png',
08-04 12:57:38.932  3712  3726 I art     : Starting a blocking GC Explicit
08-04 12:57:38.944  3712  4579 D MYTAG   : interceptor 2a
08-04 12:57:38.944  3712  4579 I NAPPA_EXPERIMENTATION: MetricNetworkRequestExecutionTime: REQUEST_DURATION_SYSTEM='421',REQUEST_DURATION_OKHTTP='234',REQUEST_SYNCHRONOUS='TRUE',RESPONSE_CODE='200',RESPONSE_METHOD='GET',RESPONSE_LENGTH_OKHTTP='54835',RESPONSE_LENGTH_HEADER='54835',REQUEST_PROTOCOL='h2',REQUEST_URL='https://is5-ssl.mzstatic.com/image/thumb/Podcasts113/v4/fd/54/6e/fd546ea0-7ab2-e3f0-6049-884d82917af9/mza_4855349695799758348.jpeg/170x170bb.png',
08-04 12:57:38.945  3712  4583 D MYTAG   : interceptor 2a
08-04 12:57:38.946  3712  4583 I NAPPA_EXPERIMENTATION: MetricNetworkRequestExecutionTime: REQUEST_DURATION_SYSTEM='450',REQUEST_DURATION_OKHTTP='254',REQUEST_SYNCHRONOUS='TRUE',RESPONSE_CODE='200',RESPONSE_METHOD='GET',RESPONSE_LENGTH_OKHTTP='26177',RESPONSE_LENGTH_HEADER='26177',REQUEST_PROTOCOL='h2',REQUEST_URL='https://is4-ssl.mzstatic.com/image/thumb/Podcasts114/v4/3f/16/74/3f167426-bf50-ce3a-d709-e4301620fc5b/mza_5832671293059882550.jpeg/170x170bb.png',
08-04 12:57:38.960  3712  3726 I art     : Explicit concurrent mark sweep GC freed 1110(75KB) AllocSpace objects, 0(0B) LOS objects, 36% free, 27MB/43MB, paused 1.219ms total 27.968ms
08-04 12:57:38.965  3712  4585 D MYTAG   : interceptor 2a
08-04 12:57:38.965  3712  4585 I NAPPA_EXPERIMENTATION: MetricNetworkRequestExecutionTime: REQUEST_DURATION_SYSTEM='456',REQUEST_DURATION_OKHTTP='255',REQUEST_SYNCHRONOUS='TRUE',RESPONSE_CODE='200',RESPONSE_METHOD='GET',RESPONSE_LENGTH_OKHTTP='48239',RESPONSE_LENGTH_HEADER='48239',REQUEST_PROTOCOL='h2',REQUEST_URL='https://is2-ssl.mzstatic.com/image/thumb/Podcasts113/v4/a9/39/cc/a939ccc5-6d60-0c11-0a4c-16d71cdef89b/mza_8787577209688278658.jpg/170x170bb.png',
08-04 12:57:38.969  3712  3726 I art     : Starting a blocking GC Explicit
08-04 12:57:38.973  3712  4581 D MYTAG   : interceptor 2a
08-04 12:57:38.973  3712  4588 D MYTAG   : interceptor 2a
08-04 12:57:38.973  3712  4588 I NAPPA_EXPERIMENTATION: MetricNetworkRequestExecutionTime: REQUEST_DURATION_SYSTEM='460',REQUEST_DURATION_OKHTTP='263',REQUEST_SYNCHRONOUS='TRUE',RESPONSE_CODE='200',RESPONSE_METHOD='GET',RESPONSE_LENGTH_OKHTTP='22351',RESPONSE_LENGTH_HEADER='22351',REQUEST_PROTOCOL='h2',REQUEST_URL='https://is5-ssl.mzstatic.com/image/thumb/Podcasts114/v4/93/cf/99/93cf9960-fff3-205e-6655-72c03ddeccb2/mza_10545582232493904175.jpeg/170x170bb.png',
08-04 12:57:38.973  3712  4581 I NAPPA_EXPERIMENTATION: MetricNetworkRequestExecutionTime: REQUEST_DURATION_SYSTEM='441',REQUEST_DURATION_OKHTTP='255',REQUEST_SYNCHRONOUS='TRUE',RESPONSE_CODE='200',RESPONSE_METHOD='GET',RESPONSE_LENGTH_OKHTTP='42299',RESPONSE_LENGTH_HEADER='42299',REQUEST_PROTOCOL='h2',REQUEST_URL='https://is2-ssl.mzstatic.com/image/thumb/Podcasts114/v4/b3/4c/cf/b34ccfc2-cea4-1ca1-0fad-7793af301cc5/mza_2466085192629456364.jpg/170x170bb.png',
08-04 12:57:38.994  3712  3726 I art     : Explicit concurrent mark sweep GC freed 1289(81KB) AllocSpace objects, 0(0B) LOS objects, 36% free, 28MB/44MB, paused 1.097ms total 24.695ms
08-04 12:57:39.280  3712  3726 I art     : Starting a blocking GC Explicit
08-04 12:57:39.320  3712  3726 I art     : Explicit concurrent mark sweep GC freed 2041(107KB) AllocSpace objects, 1(20KB) LOS objects, 36% free, 28MB/44MB, paused 1.056ms total 39.958ms
08-04 12:57:39.335  3712  3726 I art     : Starting a blocking GC Explicit
08-04 12:57:39.362 13866 13882 I PeriodicStatsRunner: PeriodicStatsRunner.call():175 call()
08-04 12:57:39.362 13866 13882 I PeriodicStatsRunner: PeriodicStatsRunner.call():179 No submit PeriodicStats since input started.
08-04 12:57:39.364  3712  3726 I art     : Explicit concurrent mark sweep GC freed 41(2048B) AllocSpace objects, 0(0B) LOS objects, 36% free, 28MB/44MB, paused 919us total 28.652ms
08-04 12:57:39.373  3712  3726 I art     : Starting a blocking GC Explicit
08-04 12:57:39.401  3712  3726 I art     : Explicit concurrent mark sweep GC freed 3(96B) AllocSpace objects, 0(0B) LOS objects, 36% free, 28MB/44MB, paused 888us total 28.135ms
08-04 12:57:39.411  3712  3726 I art     : Starting a blocking GC Explicit
08-04 12:57:39.440  3712  3726 I art     : Explicit concurrent mark sweep GC freed 3(96B) AllocSpace objects, 0(0B) LOS objects, 36% free, 28MB/44MB, paused 960us total 28.440ms
08-04 12:57:39.450  3712  3726 I art     : Starting a blocking GC Explicit
08-04 12:57:39.479  3712  3726 I art     : Explicit concurrent mark sweep GC freed 3(96B) AllocSpace objects, 0(0B) LOS objects, 36% free, 28MB/44MB, paused 945us total 29.096ms
08-04 12:57:39.518  3644  3644 I ServiceManager: Waiting for service AtCmdFwd...
08-04 12:57:39.819  3712  4218 I art     : Starting a blocking GC Explicit
08-04 12:57:39.855  3712  4218 I art     : Explicit concurrent mark sweep GC freed 1402(82KB) AllocSpace objects, 1(20KB) LOS objects, 36% free, 28MB/44MB, paused 945us total 35.474ms
08-04 12:57:39.865  3712  4218 I art     : Starting a blocking GC Explicit
08-04 12:57:39.894  3712  4218 I art     : Explicit concurrent mark sweep GC freed 23(752B) AllocSpace objects, 0(0B) LOS objects, 36% free, 28MB/44MB, paused 935us total 28.654ms
08-04 12:57:39.904  3712  4218 I art     : Starting a blocking GC Explicit
08-04 12:57:39.933  3712  4218 I art     : Explicit concurrent mark sweep GC freed 3(96B) AllocSpace objects, 0(0B) LOS objects, 36% free, 28MB/44MB, paused 967us total 29.178ms
08-04 12:57:39.943  3712  4218 I art     : Starting a blocking GC Explicit
08-04 12:57:39.972  3712  4218 I art     : Explicit concurrent mark sweep GC freed 3(96B) AllocSpace objects, 0(0B) LOS objects, 36% free, 28MB/44MB, paused 965us total 28.991ms
08-04 12:57:39.982  3712  4218 I art     : Starting a blocking GC Explicit
08-04 12:57:40.011  3712  4218 I art     : Explicit concurrent mark sweep GC freed 3(96B) AllocSpace objects, 0(0B) LOS objects, 36% free, 28MB/44MB, paused 903us total 28.766ms
08-04 12:57:40.337  3712  4218 I art     : Starting a blocking GC Explicit
08-04 12:57:40.365  3712  4218 I art     : Explicit concurrent mark sweep GC freed 1404(83KB) AllocSpace objects, 1(20KB) LOS objects, 36% free, 28MB/44MB, paused 1.045ms total 27.806ms
08-04 12:57:40.374  3712  4218 I art     : Starting a blocking GC Explicit
08-04 12:57:40.401  3712  4218 I art     : Explicit concurrent mark sweep GC freed 23(752B) AllocSpace objects, 0(0B) LOS objects, 36% free, 28MB/44MB, paused 930us total 27.168ms
08-04 12:57:40.411  3712  4218 I art     : Starting a blocking GC Explicit
08-04 12:57:40.438  3712  4218 I art     : Explicit concurrent mark sweep GC freed 3(96B) AllocSpace objects, 0(0B) LOS objects, 36% free, 28MB/44MB, paused 1.090ms total 26.904ms
08-04 12:57:40.447  3712  4218 I art     : Starting a blocking GC Explicit
08-04 12:57:40.475  3712  4218 I art     : Explicit concurrent mark sweep GC freed 3(96B) AllocSpace objects, 0(0B) LOS objects, 36% free, 28MB/44MB, paused 958us total 27.896ms
08-04 12:57:40.485  3712  4218 I art     : Starting a blocking GC Explicit
08-04 12:57:40.514  3712  4218 I art     : Explicit concurrent mark sweep GC freed 3(96B) AllocSpace objects, 0(0B) LOS objects, 36% free, 28MB/44MB, paused 961us total 28.701ms
08-04 12:57:40.518  3644  3644 I ServiceManager: Waiting for service AtCmdFwd...
08-04 12:57:40.830  3712  3727 I art     : Starting a blocking GC Explicit
08-04 12:57:40.866  3712  3727 I art     : Explicit concurrent mark sweep GC freed 1402(82KB) AllocSpace objects, 1(20KB) LOS objects, 36% free, 28MB/44MB, paused 1.026ms total 35.820ms
08-04 12:57:40.878  3712  3727 I art     : Starting a blocking GC Explicit
08-04 12:57:40.907  3712  3727 I art     : Explicit concurrent mark sweep GC freed 23(752B) AllocSpace objects, 0(0B) LOS objects, 36% free, 28MB/44MB, paused 1.019ms total 28.986ms
08-04 12:57:40.917  3712  3727 I art     : Starting a blocking GC Explicit
08-04 12:57:40.946  3712  3727 I art     : Explicit concurrent mark sweep GC freed 3(96B) AllocSpace objects, 0(0B) LOS objects, 36% free, 28MB/44MB, paused 923us total 28.756ms
08-04 12:57:40.956  3712  3727 I art     : Starting a blocking GC Explicit
08-04 12:57:40.984  3712  3727 I art     : Explicit concurrent mark sweep GC freed 3(96B) AllocSpace objects, 0(0B) LOS objects, 36% free, 28MB/44MB, paused 979us total 28.520ms
08-04 12:57:40.994  3712  3727 I art     : Starting a blocking GC Explicit
08-04 12:57:41.023  3712  3727 I art     : Explicit concurrent mark sweep GC freed 3(96B) AllocSpace objects, 0(0B) LOS objects, 36% free, 28MB/44MB, paused 877us total 28.883ms
08-04 12:57:41.092 13866 13882 I PeriodicStatsRunner: PeriodicStatsRunner.call():175 call()
08-04 12:57:41.093 13866 13882 I PeriodicStatsRunner: PeriodicStatsRunner.call():179 No submit PeriodicStats since input started.
08-04 12:57:41.341  3712  3726 I art     : Starting a blocking GC Explicit
08-04 12:57:41.377  3712  3726 I art     : Explicit concurrent mark sweep GC freed 1374(82KB) AllocSpace objects, 1(20KB) LOS objects, 36% free, 28MB/44MB, paused 1.008ms total 35.702ms
08-04 12:57:41.389  3712  3726 I art     : Starting a blocking GC Explicit
08-04 12:57:41.419  3712  3726 I art     : Explicit concurrent mark sweep GC freed 23(752B) AllocSpace objects, 0(0B) LOS objects, 36% free, 28MB/44MB, paused 984us total 29.242ms
08-04 12:57:41.428  3712  3726 I art     : Starting a blocking GC Explicit
08-04 12:57:41.457  3712  3726 I art     : Explicit concurrent mark sweep GC freed 3(96B) AllocSpace objects, 0(0B) LOS objects, 36% free, 28MB/44MB, paused 1.102ms total 28.713ms
08-04 12:57:41.467  3712  3726 I art     : Starting a blocking GC Explicit
08-04 12:57:41.495  3712  3726 I art     : Explicit concurrent mark sweep GC freed 3(96B) AllocSpace objects, 0(0B) LOS objects, 36% free, 28MB/44MB, paused 958us total 28.096ms
08-04 12:57:41.505  3712  3726 I art     : Starting a blocking GC Explicit
08-04 12:57:41.519  3644  3644 I ServiceManager: Waiting for service AtCmdFwd...
08-04 12:57:41.533  3712  3726 I art     : Explicit concurrent mark sweep GC freed 3(96B) AllocSpace objects, 0(0B) LOS objects, 36% free, 28MB/44MB, paused 939us total 28.452ms
08-04 12:57:41.849  3712  3747 I art     : Starting a blocking GC Explicit
08-04 12:57:41.890  3712  3747 I art     : Explicit concurrent mark sweep GC freed 1402(82KB) AllocSpace objects, 1(20KB) LOS objects, 36% free, 28MB/44MB, paused 1.044ms total 40.136ms
08-04 12:57:41.904  3712  3747 I art     : Starting a blocking GC Explicit
08-04 12:57:41.932  3712  3747 I art     : Explicit concurrent mark sweep GC freed 23(752B) AllocSpace objects, 0(0B) LOS objects, 36% free, 28MB/44MB, paused 958us total 28.231ms
08-04 12:57:41.942  3712  3747 I art     : Starting a blocking GC Explicit
08-04 12:57:41.970  3712  3747 I art     : Explicit concurrent mark sweep GC freed 3(96B) AllocSpace objects, 0(0B) LOS objects, 36% free, 28MB/44MB, paused 936us total 28.280ms
08-04 12:57:41.980  3712  3747 I art     : Starting a blocking GC Explicit
08-04 12:57:42.009  3712  3747 I art     : Explicit concurrent mark sweep GC freed 3(96B) AllocSpace objects, 0(0B) LOS objects, 36% free, 28MB/44MB, paused 952us total 28.475ms
08-04 12:57:42.018  3712  3747 I art     : Starting a blocking GC Explicit
08-04 12:57:42.047  3712  3747 I art     : Explicit concurrent mark sweep GC freed 3(96B) AllocSpace objects, 0(0B) LOS objects, 36% free, 28MB/44MB, paused 1.024ms total 28.516ms
08-04 12:57:42.373  3712  4218 I art     : Starting a blocking GC Explicit
08-04 12:57:42.411  3712  4218 I art     : Explicit concurrent mark sweep GC freed 1372(80KB) AllocSpace objects, 1(20KB) LOS objects, 36% free, 28MB/44MB, paused 1.017ms total 37.360ms
08-04 12:57:42.424  3712  4218 I art     : Starting a blocking GC Explicit
08-04 12:57:42.453  3712  4218 I art     : Explicit concurrent mark sweep GC freed 23(752B) AllocSpace objects, 0(0B) LOS objects, 36% free, 28MB/44MB, paused 933us total 28.772ms
08-04 12:57:42.462  3712  4218 I art     : Starting a blocking GC Explicit
08-04 12:57:42.491  3712  4218 I art     : Explicit concurrent mark sweep GC freed 3(96B) AllocSpace objects, 0(0B) LOS objects, 36% free, 28MB/44MB, paused 996us total 28.278ms
08-04 12:57:42.500  3712  4218 I art     : Starting a blocking GC Explicit
08-04 12:57:42.520  3644  3644 I ServiceManager: Waiting for service AtCmdFwd...
08-04 12:57:42.529  3712  4218 I art     : Explicit concurrent mark sweep GC freed 3(96B) AllocSpace objects, 0(0B) LOS objects, 36% free, 28MB/44MB, paused 965us total 28.235ms
08-04 12:57:42.538  3712  4218 I art     : Starting a blocking GC Explicit
08-04 12:57:42.567  3712  4218 I art     : Explicit concurrent mark sweep GC freed 3(96B) AllocSpace objects, 0(0B) LOS objects, 36% free, 28MB/44MB, paused 1.023ms total 28.530ms
08-04 12:57:42.918  3712  3727 I art     : Starting a blocking GC Explicit
08-04 12:57:42.958  3712  3727 I art     : Explicit concurrent mark sweep GC freed 1401(81KB) AllocSpace objects, 1(20KB) LOS objects, 36% free, 28MB/44MB, paused 1.032ms total 39.382ms
08-04 12:57:42.967  3712  3727 I art     : Starting a blocking GC Explicit
08-04 12:57:42.996  3712  3727 I art     : Explicit concurrent mark sweep GC freed 23(752B) AllocSpace objects, 0(0B) LOS objects, 36% free, 28MB/44MB, paused 940us total 28.224ms
08-04 12:57:43.005  3712  3727 I art     : Starting a blocking GC Explicit
08-04 12:57:43.033  3712  3727 I art     : Explicit concurrent mark sweep GC freed 3(96B) AllocSpace objects, 0(0B) LOS objects, 36% free, 28MB/44MB, paused 935us total 27.950ms
08-04 12:57:43.043  3712  3727 I art     : Starting a blocking GC Explicit
08-04 12:57:43.072  3712  3727 I art     : Explicit concurrent mark sweep GC freed 3(96B) AllocSpace objects, 0(0B) LOS objects, 36% free, 28MB/44MB, paused 923us total 28.712ms
08-04 12:57:43.082  3712  3727 I art     : Starting a blocking GC Explicit
08-04 12:57:43.110  3712  3727 I art     : Explicit concurrent mark sweep GC freed 3(96B) AllocSpace objects, 0(0B) LOS objects, 36% free, 28MB/44MB, paused 942us total 27.882ms
08-04 12:57:43.461  3712  3726 I art     : Starting a blocking GC Explicit
08-04 12:57:43.492  3712  3726 I art     : Explicit concurrent mark sweep GC freed 1372(80KB) AllocSpace objects, 1(20KB) LOS objects, 36% free, 28MB/44MB, paused 935us total 28.846ms
08-04 12:57:43.502  3712  3726 I art     : Starting a blocking GC Explicit
08-04 12:57:43.520  3644  3644 W Atfwd_Sendcmd: AtCmdFwd service not published, waiting... retryCnt : 5
08-04 12:57:43.529  3712  3726 I art     : Explicit concurrent mark sweep GC freed 23(752B) AllocSpace objects, 0(0B) LOS objects, 36% free, 28MB/44MB, paused 953us total 27.148ms
08-04 12:57:43.538  3712  3726 I art     : Starting a blocking GC Explicit
08-04 12:57:43.566  3712  3726 I art     : Explicit concurrent mark sweep GC freed 3(96B) AllocSpace objects, 0(0B) LOS objects, 36% free, 28MB/44MB, paused 949us total 27.858ms
08-04 12:57:43.576  3712  3726 I art     : Starting a blocking GC Explicit
08-04 12:57:43.604  3712  3726 I art     : Explicit concurrent mark sweep GC freed 3(96B) AllocSpace objects, 0(0B) LOS objects, 36% free, 28MB/44MB, paused 938us total 28.216ms
08-04 12:57:43.614  3712  3726 I art     : Starting a blocking GC Explicit
08-04 12:57:43.643  3712  3726 I art     : Explicit concurrent mark sweep GC freed 3(96B) AllocSpace objects, 0(0B) LOS objects, 36% free, 28MB/44MB, paused 1.021ms total 28.785ms
08-04 12:57:43.971  3712  3747 I art     : Starting a blocking GC Explicit
08-04 12:57:44.009  3712  3747 I art     : Explicit concurrent mark sweep GC freed 1401(81KB) AllocSpace objects, 1(20KB) LOS objects, 36% free, 28MB/44MB, paused 1.178ms total 38.097ms
08-04 12:57:44.020  3712  3747 I art     : Starting a blocking GC Explicit
08-04 12:57:44.050  3712  3747 I art     : Explicit concurrent mark sweep GC freed 23(752B) AllocSpace objects, 0(0B) LOS objects, 36% free, 28MB/44MB, paused 1.070ms total 28.908ms
08-04 12:57:44.059  3712  3747 I art     : Starting a blocking GC Explicit
08-04 12:57:44.088  3712  3747 I art     : Explicit concurrent mark sweep GC freed 3(96B) AllocSpace objects, 0(0B) LOS objects, 36% free, 28MB/44MB, paused 1.098ms total 28.049ms
08-04 12:57:44.097  3712  3747 I art     : Starting a blocking GC Explicit
08-04 12:57:44.124  3712  3747 I art     : Explicit concurrent mark sweep GC freed 3(96B) AllocSpace objects, 0(0B) LOS objects, 36% free, 28MB/44MB, paused 952us total 26.966ms
08-04 12:57:44.133  3712  3747 I art     : Starting a blocking GC Explicit
08-04 12:57:44.161  3712  3747 I art     : Explicit concurrent mark sweep GC freed 3(96B) AllocSpace objects, 0(0B) LOS objects, 36% free, 28MB/44MB, paused 933us total 27.281ms
08-04 12:57:44.456  3712  3727 I art     : Starting a blocking GC Explicit
08-04 12:57:44.482  3712  3727 I art     : Explicit concurrent mark sweep GC freed 1372(80KB) AllocSpace objects, 1(20KB) LOS objects, 36% free, 28MB/44MB, paused 918us total 25.652ms
08-04 12:57:44.490  3712  3727 I art     : Starting a blocking GC Explicit
08-04 12:57:44.515  3712  3727 I art     : Explicit concurrent mark sweep GC freed 29(976B) AllocSpace objects, 0(0B) LOS objects, 36% free, 28MB/44MB, paused 911us total 24.695ms
08-04 12:57:44.525  3712  3727 I art     : Starting a blocking GC Explicit
08-04 12:57:44.552  3712  3727 I art     : Explicit concurrent mark sweep GC freed 54(2032B) AllocSpace objects, 0(0B) LOS objects, 36% free, 28MB/44MB, paused 921us total 26.753ms
08-04 12:57:44.561  3712  3727 I art     : Starting a blocking GC Explicit
08-04 12:57:44.564  5983  5983 D AndroidRuntime: >>>>>> START com.android.internal.os.RuntimeInit uid 2000 <<<<<<
08-04 12:57:44.569  5983  5983 D AndroidRuntime: CheckJNI is OFF
08-04 12:57:44.588  3712  3727 I art     : Explicit concurrent mark sweep GC freed 3(96B) AllocSpace objects, 0(0B) LOS objects, 36% free, 28MB/44MB, paused 1.056ms total 26.667ms
08-04 12:57:44.597  3712  3727 I art     : Starting a blocking GC Explicit
08-04 12:57:44.605  5983  5983 D ICU     : No timezone override file found: /data/misc/zoneinfo/current/icu/icu_tzdata.dat
08-04 12:57:44.624  3712  3727 I art     : Explicit concurrent mark sweep GC freed 3(96B) AllocSpace objects, 0(0B) LOS objects, 36% free, 28MB/44MB, paused 994us total 27.276ms
08-04 12:57:44.641  5983  5983 I Radio-JNI: register_android_hardware_Radio DONE
08-04 12:57:44.662  5983  5983 D AndroidRuntime: Calling main entry com.android.commands.input.Input
08-04 12:57:44.664  5983  5983 I Input   : injectMotionEvent: MotionEvent { action=ACTION_DOWN, actionButton=0, id[0]=0, x[0]=616.0, y[0]=469.0, toolType[0]=TOOL_TYPE_UNKNOWN, buttonState=0, metaState=0, flags=0x0, edgeFlags=0x0, pointerCount=1, historySize=0, eventTime=709081077, downTime=709081077, deviceId=0, source=0x1002 }
08-04 12:57:44.671  5983  5983 I Input   : injectMotionEvent: MotionEvent { action=ACTION_UP, actionButton=0, id[0]=0, x[0]=616.0, y[0]=469.0, toolType[0]=TOOL_TYPE_UNKNOWN, buttonState=0, metaState=0, flags=0x0, edgeFlags=0x0, pointerCount=1, historySize=0, eventTime=709081077, downTime=709081077, deviceId=0, source=0x1002 }
08-04 12:57:44.673  5983  5983 D AndroidRuntime: Shutting down VM
08-04 12:57:44.739   512  2967 D audio_hw_primary: out_set_parameters: enter: usecase(1: low-latency-playback) kvpairs: routing=2
08-04 12:57:44.752   512  2967 D audio_hw_primary: select_devices: out_snd_device(2: speaker) in_snd_device(0: none)
08-04 12:57:44.752   512  2967 D msm8974_platform: platform_send_audio_calibration: sending audio calibration for snd_device(2) acdb_id(15)
08-04 12:57:44.752   512  2967 I soundtrigger: audio_extn_sound_trigger_update_device_status: device 0x2 of type 0 for Event 1
08-04 12:57:44.763   512  2967 D audio_hw_primary: enable_snd_device: snd_device(2: speaker)
08-04 12:57:44.766   512  2967 D audio_hw_primary: enable_audio_route: apply and update mixer path: low-latency-playback speaker
08-04 12:57:44.891  3712  3747 I art     : Starting a blocking GC Explicit
08-04 12:57:44.917  3712  4319 I NAPPA_EXPERIMENTATION: MetricNetworkRequestExecutionTime: REQUEST_DURATION_SYSTEM='177',REQUEST_DURATION_OKHTTP='177',REQUEST_SYNCHRONOUS='TRUE',RESPONSE_CODE='200',RESPONSE_METHOD='GET',RESPONSE_LENGTH_OKHTTP='-1',RESPONSE_LENGTH_HEADER='628',REQUEST_PROTOCOL='h2',REQUEST_URL='https://itunes.apple.com/lookup?id=1524080195',
08-04 12:57:44.920  3712  3747 I art     : Explicit concurrent mark sweep GC freed 1893(113KB) AllocSpace objects, 1(20KB) LOS objects, 36% free, 28MB/44MB, paused 1.295ms total 29.213ms
08-04 12:57:44.926   918  5132 I ActivityManager: START u0 {cmp=baseline.de.danoeh.antennapod.debug/baseline.de.danoeh.antennapod.activity.OnlineFeedViewActivity (has extras)} from uid 10670 on display 0
08-04 12:57:44.930  3712  3747 I art     : Starting a blocking GC Explicit
08-04 12:57:44.947 13866 13866 I GoogleInputMethodServic: GoogleInputMethodService.onFinishInput():3138 
08-04 12:57:44.947 13866 13866 I GoogleInputMethodServic: GoogleInputMethodService.onStartInput():1808 
08-04 12:57:44.955  3712  3747 I art     : Explicit concurrent mark sweep GC freed 619(35KB) AllocSpace objects, 0(0B) LOS objects, 36% free, 28MB/44MB, paused 1.017ms total 25.262ms
08-04 12:57:44.965  3712  3747 I art     : Starting a blocking GC Explicit
08-04 12:57:44.971  3712  3712 D UserPreferences: Using default data folder
08-04 12:57:44.972  3712  3712 D OnlineFeedViewActivity: Activity was started with url https://rss.art19.com/nice-white-parents
08-04 12:57:44.974  3712  3712 D OnlineFeedViewActivity: Starting feed download
08-04 12:57:44.977  3712  3741 D DBReader: Extracting Feedlist
08-04 12:57:44.978   918  5132 D WifiService: acquireWifiLockLocked: WifiLock{Downloader type=1 binder=android.os.BinderProxy@b7b5ed2}
08-04 12:57:44.979  3712  3741 D AntennapodHttpClient: Creating new instance of HTTP client
08-04 12:57:44.990  3712  3747 I art     : Explicit concurrent mark sweep GC freed 869(71KB) AllocSpace objects, 0(0B) LOS objects, 35% free, 28MB/44MB, paused 968us total 25.595ms
08-04 12:57:44.999  3712  3747 I art     : Starting a blocking GC Explicit
08-04 12:57:45.023  3712  3747 I art     : Explicit concurrent mark sweep GC freed 397(19KB) AllocSpace objects, 0(0B) LOS objects, 36% free, 28MB/44MB, paused 898us total 23.642ms
08-04 12:57:45.031  3712  3747 I art     : Starting a blocking GC Explicit
08-04 12:57:45.035 13866 13866 I GoogleInputMethodServic: GoogleInputMethodService.onFinishInput():3138 
08-04 12:57:45.036 13866 13866 I GoogleInputMethodServic: GoogleInputMethodService.onStartInput():1808 
08-04 12:57:45.057  3712  3747 I art     : Explicit concurrent mark sweep GC freed 131(5KB) AllocSpace objects, 0(0B) LOS objects, 35% free, 28MB/44MB, paused 952us total 25.255ms
08-04 12:57:45.058   918   936 I ActivityManager: Displayed baseline.de.danoeh.antennapod.debug/baseline.de.danoeh.antennapod.activity.OnlineFeedViewActivity: +110ms
08-04 12:57:45.253  3712  3741 D MYTAG   : interceptor 3a https://rss.art19.com/nice-white-parents
08-04 12:57:45.254  3712  3741 I NAPPA_EXPERIMENTATION: MetricNetworkRequestExecutionTime: REQUEST_DURATION_SYSTEM='275',REQUEST_DURATION_OKHTTP='138',REQUEST_SYNCHRONOUS='TRUE',RESPONSE_CODE='200',RESPONSE_METHOD='GET',RESPONSE_LENGTH_OKHTTP='-1',RESPONSE_LENGTH_HEADER='1803',REQUEST_PROTOCOL='h2',REQUEST_URL='https://rss.art19.com/nice-white-parents',
08-04 12:57:45.254  3712  3741 D HttpDownloader: Response code is 200
08-04 12:57:45.254  3712  3741 D UserPreferences: Using default data folder
08-04 12:57:45.258  3712  3741 D HttpDownloader: Getting size of download
08-04 12:57:45.258  3712  3741 D HttpDownloader: Size is -1
08-04 12:57:45.258  3712  3741 D UserPreferences: Using default data folder
08-04 12:57:45.259  3712  3741 D HttpDownloader: Free space is 20257636352
08-04 12:57:45.259  3712  3741 D HttpDownloader: Starting download
08-04 12:57:45.260  3712  3741 D HttpDownloader: Download was successful
08-04 12:57:45.261   918  3696 D WifiService: releaseWifiLockLocked: WifiLock{Downloader type=1 binder=android.os.BinderProxy@b7b5ed2}
08-04 12:57:45.261  3712  3712 D OnlineFeedViewActivity: Parsing feed
08-04 12:57:45.267  3712  6027 D TypeGetter: Recognized type RSS 2.0
08-04 12:57:45.279  3712  6027 D SyndHandler: Recognized ITunes namespace
08-04 12:57:45.279  3712  6027 D SyndHandler: Recognized Atom namespace
08-04 12:57:45.279  3712  6027 D SyndHandler: Recognized Content namespace
08-04 12:57:45.288  3712  6027 D OnlineFeedViewActivity: Deleted feed source file. Result: true
08-04 12:57:45.289  3712  3712 D OnlineFeedViewActivity: Removing HTML from shownotes
08-04 12:57:45.308   512  2967 D audio_hw_primary: disable_audio_route: reset and update mixer path: low-latency-playback speaker
08-04 12:57:45.309   512  2967 D audio_hw_primary: disable_snd_device: snd_device(2: speaker)
08-04 12:57:45.314   380   380 W SurfaceFlinger: couldn't log to binary event log: overflow.
08-04 12:57:45.317   512  2967 I soundtrigger: audio_extn_sound_trigger_update_device_status: device 0x2 of type 0 for Event 0
08-04 12:57:45.361  3712  4218 I art     : Starting a blocking GC Explicit
08-04 12:57:45.390  3712  4218 I art     : Explicit concurrent mark sweep GC freed 7943(577KB) AllocSpace objects, 8(348KB) LOS objects, 35% free, 28MB/44MB, paused 1.009ms total 28.843ms
08-04 12:57:45.399  3712  4218 I art     : Starting a blocking GC Explicit
08-04 12:57:45.427  3712  4218 I art     : Explicit concurrent mark sweep GC freed 1579(147KB) AllocSpace objects, 0(0B) LOS objects, 35% free, 28MB/44MB, paused 1.251ms total 27.916ms
08-04 12:57:45.430  3712  3712 D PlaybackController: Releasing PlaybackController
08-04 12:57:45.437  3712  4218 I art     : Starting a blocking GC Explicit
08-04 12:57:45.464  3712  4218 I art     : Explicit concurrent mark sweep GC freed 245(13KB) AllocSpace objects, 1(112KB) LOS objects, 35% free, 28MB/44MB, paused 882us total 27.176ms
08-04 12:57:45.473  3712  4218 I art     : Starting a blocking GC Explicit
08-04 12:57:45.498  3712  4218 I art     : Explicit concurrent mark sweep GC freed 19(640B) AllocSpace objects, 0(0B) LOS objects, 35% free, 28MB/44MB, paused 905us total 25.411ms
08-04 12:57:45.507  3712  4218 I art     : Starting a blocking GC Explicit
08-04 12:57:45.535  3712  4218 I art     : Explicit concurrent mark sweep GC freed 3(96B) AllocSpace objects, 0(0B) LOS objects, 35% free, 28MB/44MB, paused 989us total 27.833ms
08-04 12:57:45.827  3712  3747 I art     : Starting a blocking GC Explicit
08-04 12:57:45.860  3712  3747 I art     : Explicit concurrent mark sweep GC freed 1401(81KB) AllocSpace objects, 1(20KB) LOS objects, 35% free, 28MB/44MB, paused 1.002ms total 32.461ms
08-04 12:57:45.870  3712  3747 I art     : Starting a blocking GC Explicit
08-04 12:57:45.901  3712  3747 I art     : Explicit concurrent mark sweep GC freed 23(752B) AllocSpace objects, 0(0B) LOS objects, 35% free, 28MB/44MB, paused 1.010ms total 30.287ms
08-04 12:57:45.910  3712  3747 I art     : Starting a blocking GC Explicit
08-04 12:57:45.941  3712  3747 I art     : Explicit concurrent mark sweep GC freed 3(96B) AllocSpace objects, 0(0B) LOS objects, 35% free, 28MB/44MB, paused 1.099ms total 30.715ms
08-04 12:57:45.951  3712  3747 I art     : Starting a blocking GC Explicit
08-04 12:57:45.982  3712  3747 I art     : Explicit concurrent mark sweep GC freed 3(96B) AllocSpace objects, 0(0B) LOS objects, 35% free, 28MB/44MB, paused 1.015ms total 30.505ms
08-04 12:57:45.992  3712  3747 I art     : Starting a blocking GC Explicit
08-04 12:57:46.022  3712  3747 I art     : Explicit concurrent mark sweep GC freed 3(96B) AllocSpace objects, 0(0B) LOS objects, 35% free, 28MB/44MB, paused 1.004ms total 30.376ms
08-04 12:57:46.333  3712  3727 I art     : Starting a blocking GC Explicit
08-04 12:57:46.375  3712  3727 I art     : Explicit concurrent mark sweep GC freed 1372(80KB) AllocSpace objects, 1(20KB) LOS objects, 35% free, 28MB/44MB, paused 1.080ms total 41.957ms
08-04 12:57:46.390  3712  3727 I art     : Starting a blocking GC Explicit
08-04 12:57:46.421  3712  3727 I art     : Explicit concurrent mark sweep GC freed 23(752B) AllocSpace objects, 0(0B) LOS objects, 35% free, 28MB/44MB, paused 1.021ms total 30.477ms
08-04 12:57:46.421  3712  3725 I art     : WaitForGcToComplete blocked for 30.690ms for cause HeapTrim
08-04 12:57:46.431  3712  3727 I art     : Starting a blocking GC Explicit
08-04 12:57:46.461  3712  3727 I art     : Explicit concurrent mark sweep GC freed 3(96B) AllocSpace objects, 0(0B) LOS objects, 35% free, 28MB/44MB, paused 990us total 29.889ms
08-04 12:57:46.470  3712  3727 I art     : Starting a blocking GC Explicit
08-04 12:57:46.501  3712  3727 I art     : Explicit concurrent mark sweep GC freed 3(96B) AllocSpace objects, 0(0B) LOS objects, 35% free, 28MB/44MB, paused 1.101ms total 30.245ms
08-04 12:57:46.511  3712  3727 I art     : Starting a blocking GC Explicit
08-04 12:57:46.541  3712  3727 I art     : Explicit concurrent mark sweep GC freed 3(96B) AllocSpace objects, 0(0B) LOS objects, 35% free, 28MB/44MB, paused 996us total 29.886ms
08-04 12:57:46.864  3712  3726 I art     : Starting a blocking GC Explicit
08-04 12:57:46.909  3712  3726 I art     : Explicit concurrent mark sweep GC freed 1401(81KB) AllocSpace objects, 1(20KB) LOS objects, 35% free, 28MB/44MB, paused 1.284ms total 44.295ms
08-04 12:57:46.926  3712  3726 I art     : Starting a blocking GC Explicit
08-04 12:57:46.955  3712  3726 I art     : Explicit concurrent mark sweep GC freed 28(912B) AllocSpace objects, 0(0B) LOS objects, 35% free, 28MB/44MB, paused 907us total 28.842ms
08-04 12:57:46.964  3712  3726 I art     : Starting a blocking GC Explicit
08-04 12:57:46.989  3712  3726 I art     : Explicit concurrent mark sweep GC freed 7(224B) AllocSpace objects, 0(0B) LOS objects, 35% free, 28MB/44MB, paused 941us total 25.627ms
08-04 12:57:46.998  3712  3726 I art     : Starting a blocking GC Explicit
08-04 12:57:47.026  3712  3726 I art     : Explicit concurrent mark sweep GC freed 7(224B) AllocSpace objects, 0(0B) LOS objects, 35% free, 28MB/44MB, paused 987us total 27.514ms
08-04 12:57:47.035  3712  3726 I art     : Starting a blocking GC Explicit
08-04 12:57:47.063  3712  3726 I art     : Explicit concurrent mark sweep GC freed 8(256B) AllocSpace objects, 0(0B) LOS objects, 35% free, 28MB/44MB, paused 903us total 27.795ms
08-04 12:57:47.378  3712  3727 I art     : Starting a blocking GC Explicit
08-04 12:57:47.417  3712  3727 I art     : Explicit concurrent mark sweep GC freed 1382(80KB) AllocSpace objects, 1(20KB) LOS objects, 35% free, 28MB/44MB, paused 1.308ms total 38.398ms
08-04 12:57:47.430  3712  3727 I art     : Starting a blocking GC Explicit
08-04 12:57:47.459  3712  3727 I art     : Explicit concurrent mark sweep GC freed 23(752B) AllocSpace objects, 0(0B) LOS objects, 35% free, 28MB/44MB, paused 979us total 29.503ms
08-04 12:57:47.469  3712  3727 I art     : Starting a blocking GC Explicit
08-04 12:57:47.499  3712  3727 I art     : Explicit concurrent mark sweep GC freed 3(96B) AllocSpace objects, 0(0B) LOS objects, 35% free, 28MB/44MB, paused 1.015ms total 30.197ms
08-04 12:57:47.509  3712  3727 I art     : Starting a blocking GC Explicit
08-04 12:57:47.540  3712  3727 I art     : Explicit concurrent mark sweep GC freed 3(96B) AllocSpace objects, 0(0B) LOS objects, 35% free, 28MB/44MB, paused 995us total 30.697ms
08-04 12:57:47.550  3712  3727 I art     : Starting a blocking GC Explicit
08-04 12:57:47.580  3712  3727 I art     : Explicit concurrent mark sweep GC freed 3(96B) AllocSpace objects, 0(0B) LOS objects, 35% free, 28MB/44MB, paused 970us total 29.827ms
08-04 12:57:47.920  3712  4218 I art     : Starting a blocking GC Explicit
08-04 12:57:47.958  3712  4218 I art     : Explicit concurrent mark sweep GC freed 1401(81KB) AllocSpace objects, 1(20KB) LOS objects, 35% free, 28MB/44MB, paused 1.187ms total 37.274ms
08-04 12:57:47.970  3712  4218 I art     : Starting a blocking GC Explicit
08-04 12:57:48.001  3712  4218 I art     : Explicit concurrent mark sweep GC freed 23(752B) AllocSpace objects, 0(0B) LOS objects, 35% free, 28MB/44MB, paused 1.008ms total 30.604ms
08-04 12:57:48.011  3712  4218 I art     : Starting a blocking GC Explicit
08-04 12:57:48.041  3712  4218 I art     : Explicit concurrent mark sweep GC freed 3(96B) AllocSpace objects, 0(0B) LOS objects, 35% free, 28MB/44MB, paused 1.001ms total 29.866ms
08-04 12:57:48.051  3712  4218 I art     : Starting a blocking GC Explicit
08-04 12:57:48.081  3712  4218 I art     : Explicit concurrent mark sweep GC freed 3(96B) AllocSpace objects, 0(0B) LOS objects, 35% free, 28MB/44MB, paused 988us total 30.113ms
08-04 12:57:48.091  3712  4218 I art     : Starting a blocking GC Explicit
08-04 12:57:48.122  3712  4218 I art     : Explicit concurrent mark sweep GC freed 3(96B) AllocSpace objects, 0(0B) LOS objects, 35% free, 28MB/44MB, paused 1.029ms total 30.487ms
08-04 12:57:48.464  3712  3747 I art     : Starting a blocking GC Explicit
08-04 12:57:48.502  3712  3747 I art     : Explicit concurrent mark sweep GC freed 1373(82KB) AllocSpace objects, 1(20KB) LOS objects, 35% free, 28MB/44MB, paused 1.085ms total 37.851ms
08-04 12:57:48.516  3712  3747 I art     : Starting a blocking GC Explicit
08-04 12:57:48.549  3712  3747 I art     : Explicit concurrent mark sweep GC freed 23(752B) AllocSpace objects, 0(0B) LOS objects, 35% free, 28MB/44MB, paused 1.042ms total 32.715ms
08-04 12:57:48.558  3712  3747 I art     : Starting a blocking GC Explicit
08-04 12:57:48.588  3712  3747 I art     : Explicit concurrent mark sweep GC freed 3(96B) AllocSpace objects, 0(0B) LOS objects, 35% free, 28MB/44MB, paused 1.093ms total 29.653ms
08-04 12:57:48.598  3712  3747 I art     : Starting a blocking GC Explicit
08-04 12:57:48.629  3712  3747 I art     : Explicit concurrent mark sweep GC freed 3(96B) AllocSpace objects, 0(0B) LOS objects, 35% free, 28MB/44MB, paused 1.049ms total 30.420ms
08-04 12:57:48.639  3712  3747 I art     : Starting a blocking GC Explicit
08-04 12:57:48.670  3712  3747 I art     : Explicit concurrent mark sweep GC freed 3(96B) AllocSpace objects, 0(0B) LOS objects, 35% free, 28MB/44MB, paused 1.012ms total 30.619ms
08-04 12:57:48.996  3712  3726 I art     : Starting a blocking GC Explicit
08-04 12:57:49.032  3712  3726 I art     : Explicit concurrent mark sweep GC freed 1401(81KB) AllocSpace objects, 1(20KB) LOS objects, 35% free, 28MB/44MB, paused 1.023ms total 35.479ms
08-04 12:57:49.041  3712  3726 I art     : Starting a blocking GC Explicit
08-04 12:57:49.071  3712  3726 I art     : Explicit concurrent mark sweep GC freed 23(752B) AllocSpace objects, 0(0B) LOS objects, 35% free, 28MB/44MB, paused 1.113ms total 29.342ms
08-04 12:57:49.080  3712  3726 I art     : Starting a blocking GC Explicit
08-04 12:57:49.109  3712  3726 I art     : Explicit concurrent mark sweep GC freed 3(96B) AllocSpace objects, 0(0B) LOS objects, 35% free, 28MB/44MB, paused 1.016ms total 28.241ms
08-04 12:57:49.118  3712  3726 I art     : Starting a blocking GC Explicit
08-04 12:57:49.148  3712  3726 I art     : Explicit concurrent mark sweep GC freed 3(96B) AllocSpace objects, 0(0B) LOS objects, 35% free, 28MB/44MB, paused 1.079ms total 29.123ms
08-04 12:57:49.158  3712  3726 I art     : Starting a blocking GC Explicit
08-04 12:57:49.186  3712  3726 I art     : Explicit concurrent mark sweep GC freed 3(96B) AllocSpace objects, 0(0B) LOS objects, 35% free, 28MB/44MB, paused 1.026ms total 28.049ms
08-04 12:57:49.354  6102  6102 D AndroidRuntime: >>>>>> START com.android.internal.os.RuntimeInit uid 2000 <<<<<<
08-04 12:57:49.360  6102  6102 D AndroidRuntime: CheckJNI is OFF
08-04 12:57:49.393  6102  6102 D ICU     : No timezone override file found: /data/misc/zoneinfo/current/icu/icu_tzdata.dat
08-04 12:57:49.425  6102  6102 I Radio-JNI: register_android_hardware_Radio DONE
08-04 12:57:49.448  6102  6102 D AndroidRuntime: Calling main entry com.android.commands.input.Input
08-04 12:57:49.449  6102  6102 I Input   : injectKeyEvent: KeyEvent { action=ACTION_DOWN, keyCode=KEYCODE_BACK, scanCode=0, metaState=0, flags=0x0, repeatCount=0, eventTime=709085862, downTime=709085862, deviceId=-1, source=0x101 }
08-04 12:57:49.457  6102  6102 I Input   : injectKeyEvent: KeyEvent { action=ACTION_UP, keyCode=KEYCODE_BACK, scanCode=0, metaState=0, flags=0x0, repeatCount=0, eventTime=709085862, downTime=709085862, deviceId=-1, source=0x101 }
08-04 12:57:49.466  6102  6102 D AndroidRuntime: Shutting down VM
08-04 12:57:49.469  3712  3712 V PlaybackController: initServiceNotRunning()
08-04 12:57:49.469  3712  3712 D ExternalPlayerFragment: Loading media info
08-04 12:57:49.472  3712  3712 D UserPreferences: Using default data folder
08-04 12:57:49.473  3712  3741 D DBReader: getNavDrawerData() called with: 
08-04 12:57:49.483  3712  3741 D DBReader: getDownloadedItems() called
08-04 12:57:49.484  3712  3741 D DBReader: getFavoriteIDList() called
08-04 12:57:49.485  3712  3741 D DBReader: getQueueIDList() called
08-04 12:57:49.485  3712  3741 D DBReader: Extracting Feedlist
08-04 12:57:49.504 13866 13866 I GoogleInputMethodServic: GoogleInputMethodService.onFinishInput():3138 
08-04 12:57:49.504  3712  3747 I art     : Starting a blocking GC Explicit
08-04 12:57:49.505 13866 13866 I GoogleInputMethodServic: GoogleInputMethodService.onStartInput():1808 
08-04 12:57:49.506  3712  3712 D MainActivity: getLastNavFragment() -> AddFeedFragment
08-04 12:57:49.535  3712  3747 I art     : Explicit concurrent mark sweep GC freed 2476(152KB) AllocSpace objects, 1(20KB) LOS objects, 35% free, 28MB/44MB, paused 1.476ms total 30.789ms
08-04 12:57:49.544  3712  3747 I art     : Starting a blocking GC Explicit
08-04 12:57:49.571  3712  3747 I art     : Explicit concurrent mark sweep GC freed 460(24KB) AllocSpace objects, 0(0B) LOS objects, 35% free, 28MB/44MB, paused 872us total 26.844ms
08-04 12:57:49.580  3712  3747 I art     : Starting a blocking GC Explicit
08-04 12:57:49.604  3712  3747 I art     : Explicit concurrent mark sweep GC freed 3(96B) AllocSpace objects, 0(0B) LOS objects, 35% free, 28MB/44MB, paused 865us total 24.123ms
08-04 12:57:49.614  3712  3747 I art     : Starting a blocking GC Explicit
08-04 12:57:49.641  3712  3747 I art     : Explicit concurrent mark sweep GC freed 3(96B) AllocSpace objects, 0(0B) LOS objects, 35% free, 28MB/44MB, paused 1.012ms total 27.306ms
08-04 12:57:49.650  3712  3747 I art     : Starting a blocking GC Explicit
08-04 12:57:49.680  3712  3747 I art     : Explicit concurrent mark sweep GC freed 3(96B) AllocSpace objects, 0(0B) LOS objects, 35% free, 28MB/44MB, paused 1.019ms total 29.262ms
08-04 12:57:49.814   380   380 W SurfaceFlinger: couldn't log to binary event log: overflow.
08-04 12:57:49.947 13866 13882 I PeriodicStatsRunner: PeriodicStatsRunner.call():175 call()
08-04 12:57:49.948 13866 13882 I PeriodicStatsRunner: PeriodicStatsRunner.call():179 No submit PeriodicStats since input started.
08-04 12:57:49.967  3712  3726 I art     : Starting a blocking GC Explicit
08-04 12:57:49.999  3712  3726 I art     : Explicit concurrent mark sweep GC freed 1998(106KB) AllocSpace objects, 1(20KB) LOS objects, 35% free, 28MB/44MB, paused 1.109ms total 31.238ms
08-04 12:57:50.008  3712  3726 I art     : Starting a blocking GC Explicit
08-04 12:57:50.036 13866 13882 I PeriodicStatsRunner: PeriodicStatsRunner.call():175 call()
08-04 12:57:50.036 13866 13882 I PeriodicStatsRunner: PeriodicStatsRunner.call():179 No submit PeriodicStats since input started.
08-04 12:57:50.038  3712  3726 I art     : Explicit concurrent mark sweep GC freed 2457(152KB) AllocSpace objects, 1(28KB) LOS objects, 35% free, 28MB/44MB, paused 1.056ms total 29.322ms
08-04 12:57:50.047  3712  3726 I art     : Starting a blocking GC Explicit
08-04 12:57:50.077  3712  3726 I art     : Explicit concurrent mark sweep GC freed 3(96B) AllocSpace objects, 0(0B) LOS objects, 35% free, 28MB/44MB, paused 1.149ms total 29.149ms
08-04 12:57:50.086  3712  3726 I art     : Starting a blocking GC Explicit
08-04 12:57:50.116  3712  3726 I art     : Explicit concurrent mark sweep GC freed 3(96B) AllocSpace objects, 0(0B) LOS objects, 35% free, 28MB/44MB, paused 998us total 29.340ms
08-04 12:57:50.126  3712  3726 I art     : Starting a blocking GC Explicit
08-04 12:57:50.154  3712  3726 I art     : Explicit concurrent mark sweep GC freed 3(96B) AllocSpace objects, 0(0B) LOS objects, 35% free, 28MB/44MB, paused 982us total 27.705ms
08-04 12:57:50.465  3712  3727 I art     : Starting a blocking GC Explicit
08-04 12:57:50.508  3712  3727 I art     : Explicit concurrent mark sweep GC freed 1374(82KB) AllocSpace objects, 1(20KB) LOS objects, 35% free, 28MB/44MB, paused 1.088ms total 42.556ms
08-04 12:57:50.523  3712  3727 I art     : Starting a blocking GC Explicit
08-04 12:57:50.553  3712  3727 I art     : Explicit concurrent mark sweep GC freed 23(752B) AllocSpace objects, 0(0B) LOS objects, 35% free, 28MB/44MB, paused 1.002ms total 29.421ms
08-04 12:57:50.562  3712  3727 I art     : Starting a blocking GC Explicit
08-04 12:57:50.591  3712  3727 I art     : Explicit concurrent mark sweep GC freed 3(96B) AllocSpace objects, 0(0B) LOS objects, 35% free, 28MB/44MB, paused 1ms total 28.834ms
08-04 12:57:50.601  3712  3727 I art     : Starting a blocking GC Explicit
08-04 12:57:50.630  3712  3727 I art     : Explicit concurrent mark sweep GC freed 3(96B) AllocSpace objects, 0(0B) LOS objects, 35% free, 28MB/44MB, paused 1.298ms total 29.535ms
08-04 12:57:50.641  3712  3727 I art     : Starting a blocking GC Explicit
08-04 12:57:50.670  3712  3727 I art     : Explicit concurrent mark sweep GC freed 3(96B) AllocSpace objects, 0(0B) LOS objects, 35% free, 28MB/44MB, paused 984us total 28.905ms
08-04 12:57:50.939  3712  4218 I art     : Starting a blocking GC Explicit
08-04 12:57:50.968  3712  4218 I art     : Explicit concurrent mark sweep GC freed 1402(81KB) AllocSpace objects, 1(20KB) LOS objects, 35% free, 28MB/44MB, paused 1.135ms total 29.421ms
08-04 12:57:50.978  3712  4218 I art     : Starting a blocking GC Explicit
08-04 12:57:51.005  3712  4218 I art     : Explicit concurrent mark sweep GC freed 23(752B) AllocSpace objects, 0(0B) LOS objects, 35% free, 28MB/44MB, paused 954us total 26.808ms
08-04 12:57:51.014  3712  4218 I art     : Starting a blocking GC Explicit
08-04 12:57:51.041  3712  4218 I art     : Explicit concurrent mark sweep GC freed 3(96B) AllocSpace objects, 0(0B) LOS objects, 35% free, 28MB/44MB, paused 987us total 27.102ms
08-04 12:57:51.050  3712  4218 I art     : Starting a blocking GC Explicit
08-04 12:57:51.078  3712  4218 I art     : Explicit concurrent mark sweep GC freed 3(96B) AllocSpace objects, 0(0B) LOS objects, 35% free, 28MB/44MB, paused 1.059ms total 27.457ms
08-04 12:57:51.087  3712  4218 I art     : Starting a blocking GC Explicit
08-04 12:57:51.117  3712  4218 I art     : Explicit concurrent mark sweep GC freed 4(128B) AllocSpace objects, 0(0B) LOS objects, 35% free, 28MB/44MB, paused 1.194ms total 29.561ms
08-04 12:57:51.134  6150  6150 D AndroidRuntime: >>>>>> START com.android.internal.os.RuntimeInit uid 2000 <<<<<<
08-04 12:57:51.140  6150  6150 D AndroidRuntime: CheckJNI is OFF
08-04 12:57:51.175  6150  6150 D ICU     : No timezone override file found: /data/misc/zoneinfo/current/icu/icu_tzdata.dat
08-04 12:57:51.209  6150  6150 I Radio-JNI: register_android_hardware_Radio DONE
08-04 12:57:51.231  6150  6150 D AndroidRuntime: Calling main entry com.android.commands.input.Input
08-04 12:57:51.232  6150  6150 I Input   : injectKeyEvent: KeyEvent { action=ACTION_DOWN, keyCode=KEYCODE_BACK, scanCode=0, metaState=0, flags=0x0, repeatCount=0, eventTime=709087645, downTime=709087645, deviceId=-1, source=0x101 }
08-04 12:57:51.239  6150  6150 I Input   : injectKeyEvent: KeyEvent { action=ACTION_UP, keyCode=KEYCODE_BACK, scanCode=0, metaState=0, flags=0x0, repeatCount=0, eventTime=709087645, downTime=709087645, deviceId=-1, source=0x101 }
08-04 12:57:51.251 13866 13866 I GoogleInputMethodServic: GoogleInputMethodService.onFinishInput():3138 
08-04 12:57:51.251 13866 13866 I GoogleInputMethodServic: GoogleInputMethodService.onStartInput():1808 
08-04 12:57:51.255  6150  6150 D AndroidRuntime: Shutting down VM
08-04 12:57:51.380  3712  4218 I art     : Starting a blocking GC Explicit
08-04 12:57:51.413  3712  4218 I art     : Explicit concurrent mark sweep GC freed 2587(130KB) AllocSpace objects, 1(20KB) LOS objects, 35% free, 28MB/44MB, paused 1.063ms total 32.241ms
08-04 12:57:51.426  3712  4218 I art     : Starting a blocking GC Explicit
08-04 12:57:51.454  3712  4218 I art     : Explicit concurrent mark sweep GC freed 2654(177KB) AllocSpace objects, 9(1540KB) LOS objects, 37% free, 26MB/42MB, paused 986us total 27.874ms
08-04 12:57:51.464  3712  4218 I art     : Starting a blocking GC Explicit
08-04 12:57:51.491  3712  4218 I art     : Explicit concurrent mark sweep GC freed 3(96B) AllocSpace objects, 0(0B) LOS objects, 37% free, 26MB/42MB, paused 984us total 26.885ms
08-04 12:57:51.491  3712  3725 I art     : WaitForGcToComplete blocked for 27.127ms for cause HeapTrim
08-04 12:57:51.500  3712  4218 I art     : Starting a blocking GC Explicit
08-04 12:57:51.528  3712  4218 I art     : Explicit concurrent mark sweep GC freed 3(96B) AllocSpace objects, 0(0B) LOS objects, 37% free, 26MB/42MB, paused 1.176ms total 27.852ms
08-04 12:57:51.537  3712  4218 I art     : Starting a blocking GC Explicit
08-04 12:57:51.566  3712  4218 I art     : Explicit concurrent mark sweep GC freed 3(96B) AllocSpace objects, 0(0B) LOS objects, 37% free, 26MB/42MB, paused 972us total 28.328ms
08-04 12:57:51.855  3712  3726 I art     : Starting a blocking GC Explicit
08-04 12:57:51.889  3712  3726 I art     : Explicit concurrent mark sweep GC freed 1402(82KB) AllocSpace objects, 1(20KB) LOS objects, 37% free, 26MB/42MB, paused 1.058ms total 33.492ms
08-04 12:57:51.899  3712  3726 I art     : Starting a blocking GC Explicit
08-04 12:57:51.927  3712  3726 I art     : Explicit concurrent mark sweep GC freed 23(752B) AllocSpace objects, 0(0B) LOS objects, 37% free, 26MB/42MB, paused 1.096ms total 28.667ms
08-04 12:57:51.937  3712  3726 I art     : Starting a blocking GC Explicit
08-04 12:57:51.966  3712  3726 I art     : Explicit concurrent mark sweep GC freed 3(96B) AllocSpace objects, 0(0B) LOS objects, 37% free, 26MB/42MB, paused 1.002ms total 28.727ms
08-04 12:57:51.976  3712  3726 I art     : Starting a blocking GC Explicit
08-04 12:57:52.004  3712  3726 I art     : Explicit concurrent mark sweep GC freed 3(96B) AllocSpace objects, 0(0B) LOS objects, 37% free, 26MB/42MB, paused 998us total 28.188ms
08-04 12:57:52.013  3712  3726 I art     : Starting a blocking GC Explicit
08-04 12:57:52.041  3712  3726 I art     : Explicit concurrent mark sweep GC freed 3(96B) AllocSpace objects, 0(0B) LOS objects, 37% free, 26MB/42MB, paused 1.002ms total 27.556ms
08-04 12:57:52.340  3712  3727 I art     : Starting a blocking GC Explicit
08-04 12:57:52.376  3712  3727 I art     : Explicit concurrent mark sweep GC freed 1373(81KB) AllocSpace objects, 1(20KB) LOS objects, 37% free, 26MB/42MB, paused 1.080ms total 35.637ms
08-04 12:57:52.389  3712  3727 I art     : Starting a blocking GC Explicit
08-04 12:57:52.418  3712  3727 I art     : Explicit concurrent mark sweep GC freed 23(752B) AllocSpace objects, 0(0B) LOS objects, 37% free, 26MB/42MB, paused 1.012ms total 28.753ms
08-04 12:57:52.428  3712  3727 I art     : Starting a blocking GC Explicit
08-04 12:57:52.456  3712  3727 I art     : Explicit concurrent mark sweep GC freed 3(96B) AllocSpace objects, 0(0B) LOS objects, 37% free, 26MB/42MB, paused 977us total 28.464ms
08-04 12:57:52.466  3712  3727 I art     : Starting a blocking GC Explicit
08-04 12:57:52.493  3712  3727 I art     : Explicit concurrent mark sweep GC freed 3(96B) AllocSpace objects, 0(0B) LOS objects, 37% free, 26MB/42MB, paused 942us total 27.274ms
08-04 12:57:52.503  3712  3727 I art     : Starting a blocking GC Explicit
08-04 12:57:52.531  3712  3727 I art     : Explicit concurrent mark sweep GC freed 3(96B) AllocSpace objects, 0(0B) LOS objects, 37% free, 26MB/42MB, paused 1.024ms total 27.534ms
08-04 12:57:52.797  3712  3747 I art     : Starting a blocking GC Explicit
08-04 12:57:52.828  3712  3747 I art     : Explicit concurrent mark sweep GC freed 1372(82KB) AllocSpace objects, 1(20KB) LOS objects, 37% free, 26MB/42MB, paused 1.254ms total 30.713ms
08-04 12:57:52.846  3712  3747 I art     : Starting a blocking GC Explicit
08-04 12:57:52.872  3712  3747 I art     : Explicit concurrent mark sweep GC freed 53(1568B) AllocSpace objects, 0(0B) LOS objects, 37% free, 26MB/42MB, paused 1.050ms total 25.888ms
08-04 12:57:52.881  3712  3747 I art     : Starting a blocking GC Explicit
08-04 12:57:52.903  6204  6204 D AndroidRuntime: >>>>>> START com.android.internal.os.RuntimeInit uid 2000 <<<<<<
08-04 12:57:52.908  6204  6204 D AndroidRuntime: CheckJNI is OFF
08-04 12:57:52.909  3712  3747 I art     : Explicit concurrent mark sweep GC freed 7(224B) AllocSpace objects, 0(0B) LOS objects, 37% free, 26MB/42MB, paused 989us total 27.906ms
08-04 12:57:52.918  3712  3747 I art     : Starting a blocking GC Explicit
08-04 12:57:52.940  6204  6204 D ICU     : No timezone override file found: /data/misc/zoneinfo/current/icu/icu_tzdata.dat
08-04 12:57:52.942  3712  3747 I art     : Explicit concurrent mark sweep GC freed 8(256B) AllocSpace objects, 0(0B) LOS objects, 37% free, 26MB/42MB, paused 1.009ms total 24.658ms
08-04 12:57:52.951  3712  3747 I art     : Starting a blocking GC Explicit
08-04 12:57:52.974  6204  6204 I Radio-JNI: register_android_hardware_Radio DONE
08-04 12:57:52.977  3712  3747 I art     : Explicit concurrent mark sweep GC freed 6(192B) AllocSpace objects, 0(0B) LOS objects, 37% free, 26MB/42MB, paused 1.072ms total 25.410ms
08-04 12:57:52.995  6204  6204 D AndroidRuntime: Calling main entry com.android.commands.input.Input
08-04 12:57:52.997  6204  6204 I Input   : injectMotionEvent: MotionEvent { action=ACTION_DOWN, actionButton=0, id[0]=0, x[0]=103.0, y[0]=192.0, toolType[0]=TOOL_TYPE_UNKNOWN, buttonState=0, metaState=0, flags=0x0, edgeFlags=0x0, pointerCount=1, historySize=0, eventTime=709089410, downTime=709089410, deviceId=0, source=0x1002 }
08-04 12:57:53.002  6204  6204 I Input   : injectMotionEvent: MotionEvent { action=ACTION_UP, actionButton=0, id[0]=0, x[0]=103.0, y[0]=192.0, toolType[0]=TOOL_TYPE_UNKNOWN, buttonState=0, metaState=0, flags=0x0, edgeFlags=0x0, pointerCount=1, historySize=0, eventTime=709089410, downTime=709089410, deviceId=0, source=0x1002 }
08-04 12:57:53.004  6204  6204 D AndroidRuntime: Shutting down VM
08-04 12:57:53.023   512  2967 D audio_hw_primary: out_set_parameters: enter: usecase(1: low-latency-playback) kvpairs: routing=2
08-04 12:57:53.036   512  2967 D audio_hw_primary: select_devices: out_snd_device(2: speaker) in_snd_device(0: none)
08-04 12:57:53.036   512  2967 D msm8974_platform: platform_send_audio_calibration: sending audio calibration for snd_device(2) acdb_id(15)
08-04 12:57:53.036   512  2967 I soundtrigger: audio_extn_sound_trigger_update_device_status: device 0x2 of type 0 for Event 1
08-04 12:57:53.046   512  2967 D audio_hw_primary: enable_snd_device: snd_device(2: speaker)
08-04 12:57:53.048   512  2967 D audio_hw_primary: enable_audio_route: apply and update mixer path: low-latency-playback speaker
08-04 12:57:53.056 13866 13866 I GoogleInputMethodServic: GoogleInputMethodService.onFinishInput():3138 
08-04 12:57:53.057 13866 13866 I GoogleInputMethodServic: GoogleInputMethodService.onStartInput():1808 
08-04 12:57:53.239  3712  3727 I art     : Starting a blocking GC Explicit
08-04 12:57:53.269  3712  3727 I art     : Explicit concurrent mark sweep GC freed 1989(109KB) AllocSpace objects, 1(20KB) LOS objects, 37% free, 26MB/42MB, paused 998us total 29.171ms
08-04 12:57:53.278  3712  3727 I art     : Starting a blocking GC Explicit
08-04 12:57:53.304  3712  3727 I art     : Explicit concurrent mark sweep GC freed 102(5KB) AllocSpace objects, 0(0B) LOS objects, 37% free, 26MB/42MB, paused 900us total 26.128ms
08-04 12:57:53.313  3712  3727 I art     : Starting a blocking GC Explicit
08-04 12:57:53.338  3712  3727 I art     : Explicit concurrent mark sweep GC freed 3(96B) AllocSpace objects, 0(0B) LOS objects, 37% free, 26MB/42MB, paused 978us total 24.656ms
08-04 12:57:53.347  3712  3727 I art     : Starting a blocking GC Explicit
08-04 12:57:53.371  3712  3727 I art     : Explicit concurrent mark sweep GC freed 3(96B) AllocSpace objects, 0(0B) LOS objects, 37% free, 26MB/42MB, paused 866us total 24.204ms
08-04 12:57:53.380  3712  3727 I art     : Starting a blocking GC Explicit
08-04 12:57:53.404  3712  3727 I art     : Explicit concurrent mark sweep GC freed 9(288B) AllocSpace objects, 0(0B) LOS objects, 37% free, 26MB/42MB, paused 877us total 24.360ms
08-04 12:57:53.591   512  2967 D audio_hw_primary: disable_audio_route: reset and update mixer path: low-latency-playback speaker
08-04 12:57:53.592   512  2967 D audio_hw_primary: disable_snd_device: snd_device(2: speaker)
08-04 12:57:53.600   512  2967 I soundtrigger: audio_extn_sound_trigger_update_device_status: device 0x2 of type 0 for Event 0
08-04 12:57:53.697  3712  3747 I art     : Starting a blocking GC Explicit
08-04 12:57:53.726  3712  3747 I art     : Explicit concurrent mark sweep GC freed 1374(80KB) AllocSpace objects, 1(20KB) LOS objects, 37% free, 26MB/42MB, paused 982us total 28.755ms
08-04 12:57:53.735  3712  3747 I art     : Starting a blocking GC Explicit
08-04 12:57:53.765  3712  3747 I art     : Explicit concurrent mark sweep GC freed 27(880B) AllocSpace objects, 0(0B) LOS objects, 37% free, 26MB/42MB, paused 1.091ms total 28.977ms
08-04 12:57:53.775  3712  3747 I art     : Starting a blocking GC Explicit
08-04 12:57:53.802  3712  3747 I art     : Explicit concurrent mark sweep GC freed 3(96B) AllocSpace objects, 0(0B) LOS objects, 37% free, 26MB/42MB, paused 997us total 27.647ms
08-04 12:57:53.812  3712  3747 I art     : Starting a blocking GC Explicit
08-04 12:57:53.840  3712  3747 I art     : Explicit concurrent mark sweep GC freed 3(96B) AllocSpace objects, 0(0B) LOS objects, 37% free, 26MB/42MB, paused 982us total 28.312ms
08-04 12:57:53.850  3712  3747 I art     : Starting a blocking GC Explicit
08-04 12:57:53.878  3712  3747 I art     : Explicit concurrent mark sweep GC freed 32(880B) AllocSpace objects, 0(0B) LOS objects, 37% free, 26MB/42MB, paused 1.035ms total 28.405ms
08-04 12:57:54.184  3712  3726 I art     : Starting a blocking GC Explicit
08-04 12:57:54.229  3712  3726 I art     : Explicit concurrent mark sweep GC freed 1371(80KB) AllocSpace objects, 1(20KB) LOS objects, 37% free, 26MB/42MB, paused 1.510ms total 44.646ms
08-04 12:57:54.245  3712  3726 I art     : Starting a blocking GC Explicit
08-04 12:57:54.272  3712  3726 I art     : Explicit concurrent mark sweep GC freed 23(752B) AllocSpace objects, 0(0B) LOS objects, 37% free, 26MB/42MB, paused 988us total 27.131ms
08-04 12:57:54.281  3712  3726 I art     : Starting a blocking GC Explicit
08-04 12:57:54.309  3712  3726 I art     : Explicit concurrent mark sweep GC freed 3(96B) AllocSpace objects, 0(0B) LOS objects, 37% free, 26MB/42MB, paused 1.177ms total 27.033ms
08-04 12:57:54.318  3712  3726 I art     : Starting a blocking GC Explicit
08-04 12:57:54.345  3712  3726 I art     : Explicit concurrent mark sweep GC freed 3(96B) AllocSpace objects, 0(0B) LOS objects, 37% free, 26MB/42MB, paused 1.142ms total 26.631ms
08-04 12:57:54.354  3712  3726 I art     : Starting a blocking GC Explicit
08-04 12:57:54.381  3712  3726 I art     : Explicit concurrent mark sweep GC freed 3(96B) AllocSpace objects, 0(0B) LOS objects, 37% free, 26MB/42MB, paused 985us total 26.221ms
08-04 12:57:54.505 13866 13882 I PeriodicStatsRunner: PeriodicStatsRunner.call():175 call()
08-04 12:57:54.506 13866 13882 I PeriodicStatsRunner: PeriodicStatsRunner.call():179 No submit PeriodicStats since input started.
08-04 12:57:54.664  6257  6257 D AndroidRuntime: >>>>>> START com.android.internal.os.RuntimeInit uid 2000 <<<<<<
08-04 12:57:54.669  3712  3727 I art     : Starting a blocking GC Explicit
08-04 12:57:54.669  6257  6257 D AndroidRuntime: CheckJNI is OFF
08-04 12:57:54.698  3712  3727 I art     : Explicit concurrent mark sweep GC freed 1377(80KB) AllocSpace objects, 1(20KB) LOS objects, 37% free, 26MB/42MB, paused 1.130ms total 29.250ms
08-04 12:57:54.707  6257  6257 D ICU     : No timezone override file found: /data/misc/zoneinfo/current/icu/icu_tzdata.dat
08-04 12:57:54.707  3712  3727 I art     : Starting a blocking GC Explicit
08-04 12:57:54.734  3712  3727 I art     : Explicit concurrent mark sweep GC freed 26(848B) AllocSpace objects, 0(0B) LOS objects, 37% free, 26MB/42MB, paused 1.002ms total 25.943ms
08-04 12:57:54.742  3712  3727 I art     : Starting a blocking GC Explicit
08-04 12:57:54.744  6257  6257 I Radio-JNI: register_android_hardware_Radio DONE
08-04 12:57:54.765  6257  6257 D AndroidRuntime: Calling main entry com.android.commands.input.Input
08-04 12:57:54.767  6257  6257 I Input   : injectMotionEvent: MotionEvent { action=ACTION_DOWN, actionButton=0, id[0]=0, x[0]=625.0, y[0]=1248.0, toolType[0]=TOOL_TYPE_UNKNOWN, buttonState=0, metaState=0, flags=0x0, edgeFlags=0x0, pointerCount=1, historySize=0, eventTime=709091179, downTime=709091179, deviceId=0, source=0x1002 }
08-04 12:57:54.768  3712  3727 I art     : Explicit concurrent mark sweep GC freed 8(256B) AllocSpace objects, 0(0B) LOS objects, 37% free, 26MB/42MB, paused 1.152ms total 24.995ms
08-04 12:57:54.773  6257  6257 I Input   : injectMotionEvent: MotionEvent { action=ACTION_UP, actionButton=0, id[0]=0, x[0]=625.0, y[0]=1248.0, toolType[0]=TOOL_TYPE_UNKNOWN, buttonState=0, metaState=0, flags=0x0, edgeFlags=0x0, pointerCount=1, historySize=0, eventTime=709091179, downTime=709091179, deviceId=0, source=0x1002 }
08-04 12:57:54.775  6257  6257 D AndroidRuntime: Shutting down VM
08-04 12:57:54.776  3712  3727 I art     : Starting a blocking GC Explicit
08-04 12:57:54.803  3712  3727 I art     : Explicit concurrent mark sweep GC freed 42(1424B) AllocSpace objects, 0(0B) LOS objects, 37% free, 26MB/42MB, paused 923us total 26.024ms
08-04 12:57:54.812  3712  3727 I art     : Starting a blocking GC Explicit
08-04 12:57:54.837  3712  3727 I art     : Explicit concurrent mark sweep GC freed 21(672B) AllocSpace objects, 0(0B) LOS objects, 37% free, 26MB/42MB, paused 1.222ms total 25.283ms
08-04 12:57:54.853  3712  3712 D MainActivity: loadFragment(index: 7, args: null)
08-04 12:57:54.854  3712  3712 D MainActivity: saveLastNavFragment(tag: 2)
08-04 12:57:54.854  3712  3712 D MainActivity: getLastNavFragment() -> 2
08-04 12:57:54.854   512  2967 D audio_hw_primary: out_set_parameters: enter: usecase(1: low-latency-playback) kvpairs: routing=2
08-04 12:57:54.867   512  2967 D audio_hw_primary: select_devices: out_snd_device(2: speaker) in_snd_device(0: none)
08-04 12:57:54.867   512  2967 D msm8974_platform: platform_send_audio_calibration: sending audio calibration for snd_device(2) acdb_id(15)
08-04 12:57:54.867   512  2967 I soundtrigger: audio_extn_sound_trigger_update_device_status: device 0x2 of type 0 for Event 1
08-04 12:57:54.877   512  2967 D audio_hw_primary: enable_snd_device: snd_device(2: speaker)
08-04 12:57:54.879   512  2967 D audio_hw_primary: enable_audio_route: apply and update mixer path: low-latency-playback speaker
08-04 12:57:54.887  3712  3712 D ItemlistFragment: onEventMainThread() called with: event = [DownloadEvent{update=DownloaderUpdate{downloaders=[], feedIds=[], mediaIds=[]}}]
08-04 12:57:54.888  3712  3734 D DBReader: getFeed() called with: feedId = [2]
08-04 12:57:54.890  3712  3734 D DBReader: getFeedItemList() called with: feed = [baseline.de.danoeh.antennapod.core.feed.Feed@2]
08-04 12:57:54.962  3712  3734 W PodDBAdapter: Length of id array is larger than 800. Creating multiple cursors
08-04 12:57:55.031  3712  3734 D DBReader: getFavoriteIDList() called
08-04 12:57:55.032  3712  3734 D DBReader: getQueueIDList() called
08-04 12:57:55.033  3712  3734 D DBReader: Extracting Feedlist
08-04 12:57:55.064  3712  3712 D FeedMenuHandler: Preparing options menu
08-04 12:57:55.099  3712  3726 I art     : Starting a blocking GC Explicit
08-04 12:57:55.117  3712  4786 D ApOkHttpUrlLoader: buildLoadData() called with: model = [http://static.libsyn.com/p/assets/7/1/f/3/71f3014e14ef2722/JREiTunesImage2.jpg], width = [1440], height = [462]
08-04 12:57:55.136  3712  3726 I art     : Explicit concurrent mark sweep GC freed 17841(825KB) AllocSpace objects, 4(72KB) LOS objects, 29% free, 37MB/53MB, paused 1.490ms total 37.047ms
08-04 12:57:55.147  3712  3726 I art     : Starting a blocking GC Explicit
08-04 12:57:55.180  3712  3726 I art     : Explicit concurrent mark sweep GC freed 2777(153KB) AllocSpace objects, 0(0B) LOS objects, 29% free, 37MB/53MB, paused 1.007ms total 33.126ms
08-04 12:57:55.190  3712  3736 V RenderScript: 0x7f759d6000 Launching thread(s), CPUs 8
08-04 12:57:55.194  3712  3726 I art     : Starting a blocking GC Explicit
08-04 12:57:55.226  3712  3726 I art     : Explicit concurrent mark sweep GC freed 9(320B) AllocSpace objects, 0(0B) LOS objects, 29% free, 37MB/53MB, paused 1.178ms total 31.924ms
08-04 12:57:55.236  3712  3726 I art     : Starting a blocking GC Explicit
08-04 12:57:55.268  3712  3726 I art     : Explicit concurrent mark sweep GC freed 14(464B) AllocSpace objects, 1(88KB) LOS objects, 29% free, 37MB/53MB, paused 1.081ms total 31.551ms
08-04 12:57:55.278  3712  3726 I art     : Starting a blocking GC Explicit
08-04 12:57:55.294 13866 13866 I GoogleInputMethodServic: GoogleInputMethodService.onFinishInput():3138 
08-04 12:57:55.294 13866 13866 I GoogleInputMethodServic: GoogleInputMethodService.onStartInput():1808 
08-04 12:57:55.310  3712  3726 I art     : Explicit concurrent mark sweep GC freed 342(32KB) AllocSpace objects, 4(128KB) LOS objects, 29% free, 37MB/53MB, paused 880us total 31.927ms
08-04 12:57:55.429   512  2967 D audio_hw_primary: disable_audio_route: reset and update mixer path: low-latency-playback speaker
08-04 12:57:55.431   512  2967 D audio_hw_primary: disable_snd_device: snd_device(2: speaker)
08-04 12:57:55.442   512  2967 I soundtrigger: audio_extn_sound_trigger_update_device_status: device 0x2 of type 0 for Event 0
08-04 12:57:55.630  3712  4218 I art     : Starting a blocking GC Explicit
08-04 12:57:55.670  3712  4218 I art     : Explicit concurrent mark sweep GC freed 1473(86KB) AllocSpace objects, 1(20KB) LOS objects, 29% free, 37MB/53MB, paused 1.084ms total 40.055ms
08-04 12:57:55.683  3712  4218 I art     : Starting a blocking GC Explicit
08-04 12:57:55.716  3712  4218 I art     : Explicit concurrent mark sweep GC freed 65(2224B) AllocSpace objects, 0(0B) LOS objects, 29% free, 37MB/53MB, paused 973us total 32.851ms
08-04 12:57:55.726  3712  4218 I art     : Starting a blocking GC Explicit
08-04 12:57:55.762  3712  4218 I art     : Explicit concurrent mark sweep GC freed 5(160B) AllocSpace objects, 0(0B) LOS objects, 29% free, 37MB/53MB, paused 1.005ms total 35.968ms
08-04 12:57:55.773  3712  4218 I art     : Starting a blocking GC Explicit
08-04 12:57:55.810  3712  4218 I art     : Explicit concurrent mark sweep GC freed 3(96B) AllocSpace objects, 0(0B) LOS objects, 29% free, 37MB/53MB, paused 998us total 36.431ms
08-04 12:57:55.821  3712  4218 I art     : Starting a blocking GC Explicit
08-04 12:57:55.859  3712  4218 I art     : Explicit concurrent mark sweep GC freed 32(880B) AllocSpace objects, 0(0B) LOS objects, 29% free, 37MB/53MB, paused 1.013ms total 38.041ms
08-04 12:57:56.166  3712  3726 I art     : Starting a blocking GC Explicit
08-04 12:57:56.216  3712  3726 I art     : Explicit concurrent mark sweep GC freed 1372(80KB) AllocSpace objects, 1(20KB) LOS objects, 29% free, 37MB/53MB, paused 1.082ms total 49.785ms
08-04 12:57:56.229  3712  3726 I art     : Starting a blocking GC Explicit
08-04 12:57:56.251 13866 13882 I PeriodicStatsRunner: PeriodicStatsRunner.call():175 call()
08-04 12:57:56.252 13866 13882 I PeriodicStatsRunner: PeriodicStatsRunner.call():179 No submit PeriodicStats since input started.
08-04 12:57:56.268  3712  3726 I art     : Explicit concurrent mark sweep GC freed 23(752B) AllocSpace objects, 0(0B) LOS objects, 29% free, 37MB/53MB, paused 1.090ms total 37.975ms
08-04 12:57:56.279  3712  3726 I art     : Starting a blocking GC Explicit
08-04 12:57:56.317  3712  3726 I art     : Explicit concurrent mark sweep GC freed 3(96B) AllocSpace objects, 0(0B) LOS objects, 29% free, 37MB/53MB, paused 1.002ms total 37.624ms
08-04 12:57:56.328  3712  3726 I art     : Starting a blocking GC Explicit
08-04 12:57:56.366  3712  3726 I art     : Explicit concurrent mark sweep GC freed 3(96B) AllocSpace objects, 0(0B) LOS objects, 29% free, 37MB/53MB, paused 1.007ms total 37.315ms
08-04 12:57:56.377  3712  3726 I art     : Starting a blocking GC Explicit
08-04 12:57:56.415  3712  3726 I art     : Explicit concurrent mark sweep GC freed 3(96B) AllocSpace objects, 0(0B) LOS objects, 29% free, 37MB/53MB, paused 1.015ms total 37.512ms
08-04 12:57:56.772  3712  3726 I art     : Starting a blocking GC Explicit
08-04 12:57:56.813  3712  3726 I art     : Explicit concurrent mark sweep GC freed 1392(81KB) AllocSpace objects, 1(20KB) LOS objects, 29% free, 37MB/53MB, paused 1.048ms total 40.765ms
08-04 12:57:56.825  3712  3726 I art     : Starting a blocking GC Explicit
08-04 12:57:56.859  3712  3726 I art     : Explicit concurrent mark sweep GC freed 57(1696B) AllocSpace objects, 0(0B) LOS objects, 29% free, 37MB/53MB, paused 875us total 33.383ms
08-04 12:57:56.870  3712  3726 I art     : Starting a blocking GC Explicit
08-04 12:57:56.905  3712  3726 I art     : Explicit concurrent mark sweep GC freed 7(224B) AllocSpace objects, 0(0B) LOS objects, 29% free, 37MB/53MB, paused 928us total 34.584ms
08-04 12:57:56.916  3712  3726 I art     : Starting a blocking GC Explicit
08-04 12:57:56.950  3712  3726 I art     : Explicit concurrent mark sweep GC freed 4(128B) AllocSpace objects, 0(0B) LOS objects, 29% free, 37MB/53MB, paused 953us total 34.687ms
08-04 12:57:56.961  3712  3726 I art     : Starting a blocking GC Explicit
08-04 12:57:56.998  3712  3726 I art     : Explicit concurrent mark sweep GC freed 3(96B) AllocSpace objects, 0(0B) LOS objects, 29% free, 37MB/53MB, paused 1.046ms total 36.490ms
08-04 12:57:57.333  3712  3727 I art     : Starting a blocking GC Explicit
08-04 12:57:57.381  3712  3727 I art     : Explicit concurrent mark sweep GC freed 2074(102KB) AllocSpace objects, 1(20KB) LOS objects, 29% free, 37MB/53MB, paused 1.088ms total 47.738ms
08-04 12:57:57.397  3712  3727 I art     : Starting a blocking GC Explicit
08-04 12:57:57.437  3712  3727 I art     : Explicit concurrent mark sweep GC freed 23(752B) AllocSpace objects, 0(0B) LOS objects, 29% free, 37MB/53MB, paused 1.012ms total 39.951ms
08-04 12:57:57.448  3712  3727 I art     : Starting a blocking GC Explicit
08-04 12:57:57.485  3712  3727 I art     : Explicit concurrent mark sweep GC freed 3(96B) AllocSpace objects, 0(0B) LOS objects, 29% free, 37MB/53MB, paused 997us total 36.594ms
08-04 12:57:57.497  3712  3727 I art     : Starting a blocking GC Explicit
08-04 12:57:57.534  3712  3727 I art     : Explicit concurrent mark sweep GC freed 3(96B) AllocSpace objects, 0(0B) LOS objects, 29% free, 37MB/53MB, paused 1.013ms total 37.493ms
08-04 12:57:57.546  3712  3727 I art     : Starting a blocking GC Explicit
08-04 12:57:57.584  3712  3727 I art     : Explicit concurrent mark sweep GC freed 3(96B) AllocSpace objects, 0(0B) LOS objects, 29% free, 37MB/53MB, paused 1ms total 38.195ms
08-04 12:57:57.936  3712  3747 I art     : Starting a blocking GC Explicit
08-04 12:57:57.985  3712  3747 I art     : Explicit concurrent mark sweep GC freed 2289(113KB) AllocSpace objects, 1(20KB) LOS objects, 29% free, 37MB/53MB, paused 970us total 48.391ms
08-04 12:57:57.996  3712  3747 I art     : Starting a blocking GC Explicit
08-04 12:57:58.033  3712  3747 I art     : Explicit concurrent mark sweep GC freed 23(752B) AllocSpace objects, 0(0B) LOS objects, 29% free, 37MB/53MB, paused 970us total 36.716ms
08-04 12:57:58.044  3712  3747 I art     : Starting a blocking GC Explicit
08-04 12:57:58.057 13866 13882 I PeriodicStatsRunner: PeriodicStatsRunner.call():175 call()
08-04 12:57:58.058 13866 13882 I PeriodicStatsRunner: PeriodicStatsRunner.call():179 No submit PeriodicStats since input started.
08-04 12:57:58.083  3712  3747 I art     : Explicit concurrent mark sweep GC freed 3(96B) AllocSpace objects, 0(0B) LOS objects, 29% free, 37MB/53MB, paused 1.003ms total 38.255ms
08-04 12:57:58.094  3712  3747 I art     : Starting a blocking GC Explicit
08-04 12:57:58.133  3712  3747 I art     : Explicit concurrent mark sweep GC freed 3(96B) AllocSpace objects, 0(0B) LOS objects, 29% free, 37MB/53MB, paused 1.028ms total 38.034ms
08-04 12:57:58.144  3712  3747 I art     : Starting a blocking GC Explicit
08-04 12:57:58.183  3712  3747 I art     : Explicit concurrent mark sweep GC freed 3(96B) AllocSpace objects, 0(0B) LOS objects, 29% free, 37MB/53MB, paused 1.035ms total 38.470ms
08-04 12:57:58.515  3712  4218 I art     : Starting a blocking GC Explicit
08-04 12:57:58.565  3712  4218 I art     : Explicit concurrent mark sweep GC freed 1374(81KB) AllocSpace objects, 1(20KB) LOS objects, 29% free, 37MB/53MB, paused 1.664ms total 49.324ms
08-04 12:57:58.581  3712  4218 I art     : Starting a blocking GC Explicit
08-04 12:57:58.613  3712  4218 I art     : Explicit concurrent mark sweep GC freed 23(752B) AllocSpace objects, 0(0B) LOS objects, 29% free, 37MB/53MB, paused 951us total 32.446ms
08-04 12:57:58.623  3712  4218 I art     : Starting a blocking GC Explicit
08-04 12:57:58.659  3712  4218 I art     : Explicit concurrent mark sweep GC freed 3(96B) AllocSpace objects, 0(0B) LOS objects, 29% free, 37MB/53MB, paused 1ms total 35.436ms
08-04 12:57:58.670  3712  4218 I art     : Starting a blocking GC Explicit
08-04 12:57:58.708  3712  4218 I art     : Explicit concurrent mark sweep GC freed 3(96B) AllocSpace objects, 0(0B) LOS objects, 29% free, 37MB/53MB, paused 1.067ms total 37.395ms
08-04 12:57:58.719  3712  4218 I art     : Starting a blocking GC Explicit
08-04 12:57:58.756  3712  4218 I art     : Explicit concurrent mark sweep GC freed 3(96B) AllocSpace objects, 0(0B) LOS objects, 29% free, 37MB/53MB, paused 998us total 36.880ms
08-04 12:57:59.098  3712  3726 I art     : Starting a blocking GC Explicit
08-04 12:57:59.135  3712  3726 I art     : Explicit concurrent mark sweep GC freed 1402(83KB) AllocSpace objects, 1(20KB) LOS objects, 29% free, 37MB/53MB, paused 1.023ms total 36.895ms
08-04 12:57:59.146  3712  3726 I art     : Starting a blocking GC Explicit
08-04 12:57:59.183  3712  3726 I art     : Explicit concurrent mark sweep GC freed 23(752B) AllocSpace objects, 0(0B) LOS objects, 29% free, 37MB/53MB, paused 983us total 36.511ms
08-04 12:57:59.194  3712  3726 I art     : Starting a blocking GC Explicit
08-04 12:57:59.229  3712  3726 I art     : Explicit concurrent mark sweep GC freed 3(96B) AllocSpace objects, 0(0B) LOS objects, 29% free, 37MB/53MB, paused 1.009ms total 34.974ms
08-04 12:57:59.240  3712  3726 I art     : Starting a blocking GC Explicit
08-04 12:57:59.276  3712  3726 I art     : Explicit concurrent mark sweep GC freed 3(96B) AllocSpace objects, 0(0B) LOS objects, 29% free, 37MB/53MB, paused 984us total 35.252ms
08-04 12:57:59.286  3712  3726 I art     : Starting a blocking GC Explicit
08-04 12:57:59.321  3712  3726 I art     : Explicit concurrent mark sweep GC freed 3(96B) AllocSpace objects, 0(0B) LOS objects, 29% free, 37MB/53MB, paused 988us total 34.840ms
08-04 12:57:59.447  6369  6369 D AndroidRuntime: >>>>>> START com.android.internal.os.RuntimeInit uid 2000 <<<<<<
08-04 12:57:59.453  6369  6369 D AndroidRuntime: CheckJNI is OFF
08-04 12:57:59.488  6369  6369 D ICU     : No timezone override file found: /data/misc/zoneinfo/current/icu/icu_tzdata.dat
08-04 12:57:59.521  6369  6369 I Radio-JNI: register_android_hardware_Radio DONE
08-04 12:57:59.543  6369  6369 D AndroidRuntime: Calling main entry com.android.commands.input.Input
08-04 12:57:59.545  6369  6369 I Input   : injectMotionEvent: MotionEvent { action=ACTION_DOWN, actionButton=0, id[0]=0, x[0]=1363.0, y[0]=517.0, toolType[0]=TOOL_TYPE_UNKNOWN, buttonState=0, metaState=0, flags=0x0, edgeFlags=0x0, pointerCount=1, historySize=0, eventTime=709095957, downTime=709095957, deviceId=0, source=0x1002 }
08-04 12:57:59.549  6369  6369 I Input   : injectMotionEvent: MotionEvent { action=ACTION_UP, actionButton=0, id[0]=0, x[0]=1363.0, y[0]=517.0, toolType[0]=TOOL_TYPE_UNKNOWN, buttonState=0, metaState=0, flags=0x0, edgeFlags=0x0, pointerCount=1, historySize=0, eventTime=709095957, downTime=709095957, deviceId=0, source=0x1002 }
08-04 12:57:59.551  6369  6369 D AndroidRuntime: Shutting down VM
08-04 12:57:59.560   918   929 I ActivityManager: START u0 {cmp=baseline.de.danoeh.antennapod.debug/baseline.de.danoeh.antennapod.activity.FeedSettingsActivity (has extras)} from uid 10670 on display 0
08-04 12:57:59.561   512  2967 D audio_hw_primary: out_set_parameters: enter: usecase(1: low-latency-playback) kvpairs: routing=2
08-04 12:57:59.574   512  2967 D audio_hw_primary: select_devices: out_snd_device(2: speaker) in_snd_device(0: none)
08-04 12:57:59.575   512  2967 D msm8974_platform: platform_send_audio_calibration: sending audio calibration for snd_device(2) acdb_id(15)
08-04 12:57:59.575   512  2967 I soundtrigger: audio_extn_sound_trigger_update_device_status: device 0x2 of type 0 for Event 1
08-04 12:57:59.587   512  2967 D audio_hw_primary: enable_snd_device: snd_device(2: speaker)
08-04 12:57:59.589   512  2967 D audio_hw_primary: enable_audio_route: apply and update mixer path: low-latency-playback speaker
08-04 12:57:59.644  3712  3727 I art     : Starting a blocking GC Explicit
08-04 12:57:59.687  3712  3727 I art     : Explicit concurrent mark sweep GC freed 37798(1624KB) AllocSpace objects, 1(20KB) LOS objects, 29% free, 37MB/53MB, paused 1.621ms total 43.309ms
08-04 12:57:59.699  3712  3727 I art     : Starting a blocking GC Explicit
08-04 12:57:59.737  3712  3727 I art     : Explicit concurrent mark sweep GC freed 12026(540KB) AllocSpace objects, 0(0B) LOS objects, 29% free, 39MB/55MB, paused 1.363ms total 37.760ms
08-04 12:57:59.748  3712  3727 I art     : Starting a blocking GC Explicit
08-04 12:57:59.757  3712  4319 D DBReader: getFeed() called with: feedId = [2]
08-04 12:57:59.758  3712  4319 D DBReader: getFeedItemList() called with: feed = [baseline.de.danoeh.antennapod.core.feed.Feed@2]
08-04 12:57:59.789  3712  3727 I art     : Explicit concurrent mark sweep GC freed 3110(176KB) AllocSpace objects, 0(0B) LOS objects, 28% free, 40MB/56MB, paused 1.911ms total 41.107ms
08-04 12:57:59.802  3712  3727 I art     : Starting a blocking GC Explicit
08-04 12:57:59.841  3712  4319 W PodDBAdapter: Length of id array is larger than 800. Creating multiple cursors
08-04 12:57:59.846  3712  3727 I art     : Explicit concurrent mark sweep GC freed 3753(219KB) AllocSpace objects, 1(16KB) LOS objects, 27% free, 41MB/57MB, paused 1.729ms total 43.888ms
08-04 12:57:59.859  3712  3727 I art     : Starting a blocking GC Explicit
08-04 12:57:59.860   918   936 I ActivityManager: Displayed baseline.de.danoeh.antennapod.debug/baseline.de.danoeh.antennapod.activity.FeedSettingsActivity: +291ms
08-04 12:57:59.864 13866 13866 I GoogleInputMethodServic: GoogleInputMethodService.onFinishInput():3138 
08-04 12:57:59.865 13866 13866 I GoogleInputMethodServic: GoogleInputMethodService.onStartInput():1808 
08-04 12:57:59.898  3712  3736 D OpenGLRenderer: endAllStagingAnimators on 0x7f7ef8a400 (RippleDrawable) with handle 0x7f759f22a0
08-04 12:57:59.903  3712  3727 I art     : Explicit concurrent mark sweep GC freed 230(9KB) AllocSpace objects, 0(0B) LOS objects, 27% free, 41MB/57MB, paused 1.359ms total 44.262ms
08-04 12:57:59.921  3712  4786 D ApOkHttpUrlLoader: buildLoadData() called with: model = [http://static.libsyn.com/p/assets/7/1/f/3/71f3014e14ef2722/JREiTunesImage2.jpg], width = [1440], height = [462]
08-04 12:57:59.926 13866 13866 I GoogleInputMethodServic: GoogleInputMethodService.onStartInput():1808 
08-04 12:57:59.927 13866 13866 W SessionManager: SessionManager.beginSession():53 Try to begin an already begun session [INPUT_SESSION], end it first
08-04 12:57:59.935 13866 13866 I ShortcutsDataManager: ShortcutsDataManager.onContentChanged():89 onContentChanged()
08-04 12:57:59.937  3712  3712 D FeedSettingsActivity: No filter set
08-04 12:57:59.945   918  3359 W IntentResolver: resolveIntent: multiple matches, only some with CATEGORY_DEFAULT
08-04 12:58:00.108   380   380 W SurfaceFlinger: couldn't log to binary event log: overflow.
08-04 12:58:00.130   512  2967 D audio_hw_primary: disable_audio_route: reset and update mixer path: low-latency-playback speaker
08-04 12:58:00.137   512  2967 D audio_hw_primary: disable_snd_device: snd_device(2: speaker)
08-04 12:58:00.144   512  2967 I soundtrigger: audio_extn_sound_trigger_update_device_status: device 0x2 of type 0 for Event 0
08-04 12:58:00.204  3712  4218 I art     : Starting a blocking GC Explicit
08-04 12:58:00.243  3712  3712 D PlaybackController: Releasing PlaybackController
08-04 12:58:00.251  3712  4218 I art     : Explicit concurrent mark sweep GC freed 9773(339KB) AllocSpace objects, 2(36KB) LOS objects, 27% free, 42MB/58MB, paused 1.345ms total 46.722ms
08-04 12:58:00.263  3712  4218 I art     : Starting a blocking GC Explicit
08-04 12:58:00.294 13866 13882 I PeriodicStatsRunner: PeriodicStatsRunner.call():175 call()
08-04 12:58:00.294 13866 13882 I PeriodicStatsRunner: PeriodicStatsRunner.call():179 No submit PeriodicStats since input started.
08-04 12:58:00.306  3712  4218 I art     : Explicit concurrent mark sweep GC freed 638(43KB) AllocSpace objects, 0(0B) LOS objects, 27% free, 41MB/57MB, paused 1.061ms total 43.193ms
08-04 12:58:00.318  3712  4218 I art     : Starting a blocking GC Explicit
08-04 12:58:00.359  3712  4218 I art     : Explicit concurrent mark sweep GC freed 56(1968B) AllocSpace objects, 0(0B) LOS objects, 27% free, 41MB/57MB, paused 1.011ms total 41.323ms
08-04 12:58:00.371  3712  4218 I art     : Starting a blocking GC Explicit
08-04 12:58:00.415  3712  4218 I art     : Explicit concurrent mark sweep GC freed 29(1120B) AllocSpace objects, 0(0B) LOS objects, 27% free, 41MB/57MB, paused 1.076ms total 43.791ms
08-04 12:58:00.428  3712  4218 I art     : Starting a blocking GC Explicit
08-04 12:58:00.474  3712  4218 I art     : Explicit concurrent mark sweep GC freed 42(1744B) AllocSpace objects, 0(0B) LOS objects, 27% free, 41MB/57MB, paused 1.130ms total 45.441ms
08-04 12:58:00.784  3712  3726 I art     : Starting a blocking GC Explicit
08-04 12:58:00.851  3712  3726 I art     : Explicit concurrent mark sweep GC freed 1423(82KB) AllocSpace objects, 1(20KB) LOS objects, 27% free, 41MB/57MB, paused 1.175ms total 66.840ms
08-04 12:58:00.868  3712  3726 I art     : Starting a blocking GC Explicit
08-04 12:58:00.918  3712  3726 I art     : Explicit concurrent mark sweep GC freed 23(752B) AllocSpace objects, 0(0B) LOS objects, 27% free, 41MB/57MB, paused 1.099ms total 50.402ms
08-04 12:58:00.932  3712  3726 I art     : Starting a blocking GC Explicit
08-04 12:58:00.982  3712  3726 I art     : Explicit concurrent mark sweep GC freed 3(96B) AllocSpace objects, 0(0B) LOS objects, 27% free, 41MB/57MB, paused 1.109ms total 49.917ms
08-04 12:58:00.995  3712  3726 I art     : Starting a blocking GC Explicit
08-04 12:58:01.044  3712  3726 I art     : Explicit concurrent mark sweep GC freed 3(96B) AllocSpace objects, 0(0B) LOS objects, 27% free, 41MB/57MB, paused 1.115ms total 49.037ms
08-04 12:58:01.058  3712  3726 I art     : Starting a blocking GC Explicit
08-04 12:58:01.108  3712  3726 I art     : Explicit concurrent mark sweep GC freed 3(96B) AllocSpace objects, 0(0B) LOS objects, 27% free, 41MB/57MB, paused 1.157ms total 49.848ms
08-04 12:58:01.459  3712  3727 I art     : Starting a blocking GC Explicit
08-04 12:58:01.511  3712  3727 I art     : Explicit concurrent mark sweep GC freed 1400(81KB) AllocSpace objects, 1(20KB) LOS objects, 27% free, 41MB/57MB, paused 1.001ms total 51.718ms
08-04 12:58:01.524  3712  3727 I art     : Starting a blocking GC Explicit
08-04 12:58:01.568  3712  3727 I art     : Explicit concurrent mark sweep GC freed 39(1264B) AllocSpace objects, 0(0B) LOS objects, 27% free, 41MB/57MB, paused 1.111ms total 42.845ms
08-04 12:58:01.580  3712  3727 I art     : Starting a blocking GC Explicit
08-04 12:58:01.626  3712  3727 I art     : Explicit concurrent mark sweep GC freed 15(480B) AllocSpace objects, 0(0B) LOS objects, 27% free, 41MB/57MB, paused 1.009ms total 46.035ms
08-04 12:58:01.641  3712  3727 I art     : Starting a blocking GC Explicit
08-04 12:58:01.688  3712  3727 I art     : Explicit concurrent mark sweep GC freed 4(128B) AllocSpace objects, 0(0B) LOS objects, 27% free, 41MB/57MB, paused 1.194ms total 47.032ms
08-04 12:58:01.701  3712  3727 I art     : Starting a blocking GC Explicit
08-04 12:58:01.749  3712  3727 I art     : Explicit concurrent mark sweep GC freed 3(96B) AllocSpace objects, 0(0B) LOS objects, 27% free, 41MB/57MB, paused 1.044ms total 48.276ms
08-04 12:58:02.097  3712  3726 I art     : Starting a blocking GC Explicit
08-04 12:58:02.160  3712  3726 I art     : Explicit concurrent mark sweep GC freed 1402(83KB) AllocSpace objects, 1(20KB) LOS objects, 27% free, 41MB/57MB, paused 1.137ms total 62.788ms
08-04 12:58:02.175  3712  3726 I art     : Starting a blocking GC Explicit
08-04 12:58:02.224  3712  3726 I art     : Explicit concurrent mark sweep GC freed 23(752B) AllocSpace objects, 0(0B) LOS objects, 27% free, 41MB/57MB, paused 1.076ms total 48.802ms
08-04 12:58:02.238  3712  3726 I art     : Starting a blocking GC Explicit
08-04 12:58:02.287  3712  3726 I art     : Explicit concurrent mark sweep GC freed 3(96B) AllocSpace objects, 0(0B) LOS objects, 27% free, 41MB/57MB, paused 1.099ms total 48.977ms
08-04 12:58:02.301  3712  3726 I art     : Starting a blocking GC Explicit
08-04 12:58:02.351  3712  3726 I art     : Explicit concurrent mark sweep GC freed 3(96B) AllocSpace objects, 0(0B) LOS objects, 27% free, 41MB/57MB, paused 1.079ms total 49.986ms
08-04 12:58:02.364  3712  3726 I art     : Starting a blocking GC Explicit
08-04 12:58:02.414  3712  3726 I art     : Explicit concurrent mark sweep GC freed 3(96B) AllocSpace objects, 0(0B) LOS objects, 27% free, 41MB/57MB, paused 1.047ms total 49.275ms
08-04 12:58:02.545   918  3261 D WifiStateMachine: starting scan for "H369AA63323"WPA_PSK with 2412,5180
08-04 12:58:02.737  3712  3727 I art     : Starting a blocking GC Explicit
08-04 12:58:02.802  3712  3727 I art     : Explicit concurrent mark sweep GC freed 1373(81KB) AllocSpace objects, 1(20KB) LOS objects, 27% free, 41MB/57MB, paused 1.092ms total 63.877ms
08-04 12:58:02.815  3712  3727 I art     : Starting a blocking GC Explicit
08-04 12:58:02.865  3712  3727 I art     : Explicit concurrent mark sweep GC freed 52(1536B) AllocSpace objects, 0(0B) LOS objects, 27% free, 41MB/57MB, paused 1.102ms total 49.761ms
08-04 12:58:02.879  3712  3727 I art     : Starting a blocking GC Explicit
08-04 12:58:02.929  3712  3727 I art     : Explicit concurrent mark sweep GC freed 3(96B) AllocSpace objects, 0(0B) LOS objects, 27% free, 41MB/57MB, paused 1.054ms total 49.577ms
08-04 12:58:02.942  3712  3727 I art     : Starting a blocking GC Explicit
08-04 12:58:02.992  3712  3727 I art     : Explicit concurrent mark sweep GC freed 3(96B) AllocSpace objects, 0(0B) LOS objects, 27% free, 41MB/57MB, paused 1.004ms total 49.048ms
08-04 12:58:03.005  3712  3727 I art     : Starting a blocking GC Explicit
08-04 12:58:03.055  3712  3727 I art     : Explicit concurrent mark sweep GC freed 3(96B) AllocSpace objects, 0(0B) LOS objects, 27% free, 41MB/57MB, paused 1.072ms total 48.954ms
08-04 12:58:03.391  3712  3726 I art     : Starting a blocking GC Explicit
08-04 12:58:03.453  3712  3726 I art     : Explicit concurrent mark sweep GC freed 2075(106KB) AllocSpace objects, 1(20KB) LOS objects, 27% free, 41MB/57MB, paused 1.150ms total 61.437ms
08-04 12:58:03.473  3712  3726 I art     : Starting a blocking GC Explicit
08-04 12:58:03.521  3712  3726 I art     : Explicit concurrent mark sweep GC freed 23(752B) AllocSpace objects, 0(0B) LOS objects, 27% free, 41MB/57MB, paused 1.094ms total 47.929ms
08-04 12:58:03.535  3712  3726 I art     : Starting a blocking GC Explicit
08-04 12:58:03.583  3712  3726 I art     : Explicit concurrent mark sweep GC freed 3(96B) AllocSpace objects, 0(0B) LOS objects, 27% free, 41MB/57MB, paused 1.095ms total 48.311ms
08-04 12:58:03.597  3712  3726 I art     : Starting a blocking GC Explicit
08-04 12:58:03.647  3712  3726 I art     : Explicit concurrent mark sweep GC freed 3(96B) AllocSpace objects, 0(0B) LOS objects, 27% free, 41MB/57MB, paused 1.067ms total 49.633ms
08-04 12:58:03.660  3712  3726 I art     : Starting a blocking GC Explicit
08-04 12:58:03.709  3712  3726 I art     : Explicit concurrent mark sweep GC freed 3(96B) AllocSpace objects, 0(0B) LOS objects, 27% free, 41MB/57MB, paused 1.088ms total 48.852ms
08-04 12:58:03.995  3712  3727 I art     : Starting a blocking GC Explicit
08-04 12:58:04.044  3712  3727 I art     : Explicit concurrent mark sweep GC freed 2290(113KB) AllocSpace objects, 1(20KB) LOS objects, 27% free, 41MB/57MB, paused 1.090ms total 48.697ms
08-04 12:58:04.058  3712  3727 I art     : Starting a blocking GC Explicit
08-04 12:58:04.104  3712  3727 I art     : Explicit concurrent mark sweep GC freed 23(752B) AllocSpace objects, 0(0B) LOS objects, 27% free, 41MB/57MB, paused 1.083ms total 46.214ms
08-04 12:58:04.117  3712  3727 I art     : Starting a blocking GC Explicit
08-04 12:58:04.164  3712  3727 I art     : Explicit concurrent mark sweep GC freed 3(96B) AllocSpace objects, 0(0B) LOS objects, 27% free, 41MB/57MB, paused 1.089ms total 46.955ms
08-04 12:58:04.178  3712  3727 I art     : Starting a blocking GC Explicit
08-04 12:58:04.224  3712  3727 I art     : Explicit concurrent mark sweep GC freed 3(96B) AllocSpace objects, 0(0B) LOS objects, 27% free, 41MB/57MB, paused 1.110ms total 46.650ms
08-04 12:58:04.237  3712  3727 I art     : Starting a blocking GC Explicit
08-04 12:58:04.247  6459  6459 D AndroidRuntime: >>>>>> START com.android.internal.os.RuntimeInit uid 2000 <<<<<<
08-04 12:58:04.251  6459  6459 D AndroidRuntime: CheckJNI is OFF
08-04 12:58:04.284  3712  3727 I art     : Explicit concurrent mark sweep GC freed 3(96B) AllocSpace objects, 0(0B) LOS objects, 27% free, 41MB/57MB, paused 1.170ms total 46.162ms
08-04 12:58:04.285  6459  6459 D ICU     : No timezone override file found: /data/misc/zoneinfo/current/icu/icu_tzdata.dat
08-04 12:58:04.321  6459  6459 I Radio-JNI: register_android_hardware_Radio DONE
08-04 12:58:04.343  6459  6459 D AndroidRuntime: Calling main entry com.android.commands.input.Input
08-04 12:58:04.344  6459  6459 I Input   : injectKeyEvent: KeyEvent { action=ACTION_DOWN, keyCode=KEYCODE_BACK, scanCode=0, metaState=0, flags=0x0, repeatCount=0, eventTime=709100757, downTime=709100757, deviceId=-1, source=0x101 }
08-04 12:58:04.353  6459  6459 I Input   : injectKeyEvent: KeyEvent { action=ACTION_UP, keyCode=KEYCODE_BACK, scanCode=0, metaState=0, flags=0x0, repeatCount=0, eventTime=709100757, downTime=709100757, deviceId=-1, source=0x101 }
08-04 12:58:04.358  6459  6459 D AndroidRuntime: Shutting down VM
08-04 12:58:04.362  3712  3712 V PlaybackController: initServiceNotRunning()
08-04 12:58:04.362  3712  3712 D ExternalPlayerFragment: Loading media info
08-04 12:58:04.364  3712  3712 D ItemlistFragment: onEventMainThread() called with: event = [DownloadEvent{update=DownloaderUpdate{downloaders=[], feedIds=[], mediaIds=[]}}]
08-04 12:58:04.365  3712  4786 D ApOkHttpUrlLoader: buildLoadData() called with: model = [http://static.libsyn.com/p/assets/7/1/f/3/71f3014e14ef2722/JREiTunesImage2.jpg], width = [1440], height = [462]
08-04 12:58:04.367  3712  3712 D UserPreferences: Using default data folder
08-04 12:58:04.368  3712  4319 D DBReader: getNavDrawerData() called with: 
08-04 12:58:04.369  3712  3741 D DBReader: getFeed() called with: feedId = [2]
08-04 12:58:04.370  3712  3741 D DBReader: getFeedItemList() called with: feed = [baseline.de.danoeh.antennapod.core.feed.Feed@2]
08-04 12:58:04.379  3712  3712 D FeedMenuHandler: Preparing options menu
08-04 12:58:04.390  3712  4319 D DBReader: getDownloadedItems() called
08-04 12:58:04.392  3712  4319 D DBReader: getFavoriteIDList() called
08-04 12:58:04.392  3712  4319 D DBReader: getQueueIDList() called
08-04 12:58:04.392  3712  4319 D DBReader: Extracting Feedlist
08-04 12:58:04.422  3712  3712 D MainActivity: getLastNavFragment() -> 2
08-04 12:58:04.422 13866 13866 I GoogleInputMethodServic: GoogleInputMethodService.onFinishInput():3138 
08-04 12:58:04.422 13866 13866 I GoogleInputMethodServic: GoogleInputMethodService.onStartInput():1808 
08-04 12:58:04.423 13866 13866 I ShortcutsDataManager: AbstractContentDataManager.startImportContentTask():208 startImportContentTask()
08-04 12:58:04.424 13866 13938 I ShortcutsDataManager: AbstractContentDataManager$ImportContentTask.doInBackground():222 doInBackground()
08-04 12:58:04.424 13866 13938 I PersonalDictionaryDataH: PersonalDictionaryDataHandler.beginProcess():111 LanguageTags = [en-US]
08-04 12:58:04.436 13866 13938 I ShortcutsDataManager: AbstractContentDataManager.importRecords():312 importRecords() : Success : Count = 0
08-04 12:58:04.442 13866 13938 I ShortcutsDataManager: AbstractContentDataManager.importContentData():262 importContentData() : Ending import process
08-04 12:58:04.450  3712  3741 W PodDBAdapter: Length of id array is larger than 800. Creating multiple cursors
08-04 12:58:04.471 13866 13938 I PersonalLanguageModelUp: PersonalLanguageModelUpdater$UpdateOperation.performInternal():160 run() : Added 0 words and 0 shortcuts
08-04 12:58:04.471 13866 13938 I DynamicLanguageModelOpe: DynamicLanguageModelOperation.perform():37 perform() : 4 : coc : Completed
08-04 12:58:04.471 13866 13950 I Delight5Decoder: Delight5DecoderWrapper.loadLanguageModel():578 loadLanguageModel() : 4, version [n/a]
08-04 12:58:04.473 13866 13950 I Delight5Decoder: Delight5DecoderWrapper.loadLanguageModel():616 Loaded dynamic LM 4.en
08-04 12:58:04.473 13866 13866 I ShortcutsDataManager: AbstractContentDataManager$ImportContentTask.onPostExecute():233 onPostExecute() : Result = [2,0]
08-04 12:58:04.473 13866 13866 I ShortcutsDataManager: ShortcutsDataManager.onImportFinished():99 onImportFinished() : Result = 2 : Count = 0
08-04 12:58:04.515  3712  3741 D DBReader: getFavoriteIDList() called
08-04 12:58:04.516  3712  3741 D DBReader: getQueueIDList() called
08-04 12:58:04.517  3712  3741 D DBReader: Extracting Feedlist
08-04 12:58:04.519  3712  4786 D ApOkHttpUrlLoader: buildLoadData() called with: model = [http://static.libsyn.com/p/assets/7/1/f/3/71f3014e14ef2722/JREiTunesImage2.jpg], width = [1440], height = [462]
08-04 12:58:04.535  3712  3712 D FeedMenuHandler: Preparing options menu
08-04 12:58:04.550  3712  3727 I art     : Starting a blocking GC Explicit
08-04 12:58:04.595  3712  3727 I art     : Explicit concurrent mark sweep GC freed 41750(2MB) AllocSpace objects, 3(52KB) LOS objects, 25% free, 47MB/63MB, paused 968us total 44.805ms
08-04 12:58:04.607  3712  3727 I art     : Starting a blocking GC Explicit
08-04 12:58:04.648  3712  3727 I art     : Explicit concurrent mark sweep GC freed 2441(159KB) AllocSpace objects, 0(0B) LOS objects, 25% free, 47MB/63MB, paused 1.020ms total 40.566ms
08-04 12:58:04.660  3712  3727 I art     : Starting a blocking GC Explicit
08-04 12:58:04.700  3712  3727 I art     : Explicit concurrent mark sweep GC freed 3(96B) AllocSpace objects, 0(0B) LOS objects, 25% free, 47MB/63MB, paused 960us total 39.801ms
08-04 12:58:04.712  3712  3727 I art     : Starting a blocking GC Explicit
08-04 12:58:04.730   380   380 W SurfaceFlinger: couldn't log to binary event log: overflow.
08-04 12:58:04.755  3712  3727 I art     : Explicit concurrent mark sweep GC freed 501(21KB) AllocSpace objects, 0(0B) LOS objects, 25% free, 47MB/63MB, paused 1.115ms total 41.849ms
08-04 12:58:04.766  3712  3727 I art     : Starting a blocking GC Explicit
08-04 12:58:04.808  3712  3727 I art     : Explicit concurrent mark sweep GC freed 129(5KB) AllocSpace objects, 0(0B) LOS objects, 25% free, 47MB/63MB, paused 978us total 40.928ms
08-04 12:58:04.865 13866 13882 I PeriodicStatsRunner: PeriodicStatsRunner.call():175 call()
08-04 12:58:04.865 13866 13882 I PeriodicStatsRunner: PeriodicStatsRunner.call():179 No submit PeriodicStats since input started.
08-04 12:58:05.098  3712  6492 I art     : Starting a blocking GC Explicit
08-04 12:58:05.146  3712  6492 I art     : Explicit concurrent mark sweep GC freed 36185(2MB) AllocSpace objects, 45(2MB) LOS objects, 27% free, 42MB/58MB, paused 1.132ms total 47.225ms
08-04 12:58:05.158  3712  6492 I art     : Starting a blocking GC Explicit
08-04 12:58:05.197  3712  6492 I art     : Explicit concurrent mark sweep GC freed 23(752B) AllocSpace objects, 0(0B) LOS objects, 27% free, 42MB/58MB, paused 1.193ms total 38.849ms
08-04 12:58:05.208  3712  6492 I art     : Starting a blocking GC Explicit
08-04 12:58:05.246  3712  6492 I art     : Explicit concurrent mark sweep GC freed 3(96B) AllocSpace objects, 0(0B) LOS objects, 27% free, 42MB/58MB, paused 1.100ms total 37.920ms
08-04 12:58:05.258  3712  6492 I art     : Starting a blocking GC Explicit
08-04 12:58:05.298  3712  6492 I art     : Explicit concurrent mark sweep GC freed 3(96B) AllocSpace objects, 0(0B) LOS objects, 27% free, 42MB/58MB, paused 1.385ms total 39.560ms
08-04 12:58:05.309  3712  6492 I art     : Starting a blocking GC Explicit
08-04 12:58:05.349  3712  6492 I art     : Explicit concurrent mark sweep GC freed 3(96B) AllocSpace objects, 0(0B) LOS objects, 27% free, 42MB/58MB, paused 1.097ms total 39.266ms
08-04 12:58:05.667  3712  3726 I art     : Starting a blocking GC Explicit
08-04 12:58:05.706  3712  3726 I art     : Explicit concurrent mark sweep GC freed 1374(81KB) AllocSpace objects, 1(20KB) LOS objects, 27% free, 42MB/58MB, paused 1.133ms total 38.465ms
08-04 12:58:05.718  3712  3726 I art     : Starting a blocking GC Explicit
08-04 12:58:05.752  3712  3726 I art     : Explicit concurrent mark sweep GC freed 23(752B) AllocSpace objects, 0(0B) LOS objects, 27% free, 42MB/58MB, paused 1.066ms total 34.024ms
08-04 12:58:05.762  3712  3726 I art     : Starting a blocking GC Explicit
08-04 12:58:05.799  3712  3726 I art     : Explicit concurrent mark sweep GC freed 3(96B) AllocSpace objects, 0(0B) LOS objects, 27% free, 42MB/58MB, paused 1.232ms total 36.480ms
08-04 12:58:05.810  3712  3726 I art     : Starting a blocking GC Explicit
08-04 12:58:05.847  3712  3726 I art     : Explicit concurrent mark sweep GC freed 32(880B) AllocSpace objects, 0(0B) LOS objects, 27% free, 42MB/58MB, paused 1.124ms total 36.357ms
08-04 12:58:05.858  3712  3726 I art     : Starting a blocking GC Explicit
08-04 12:58:05.895  3712  3726 I art     : Explicit concurrent mark sweep GC freed 3(96B) AllocSpace objects, 0(0B) LOS objects, 27% free, 42MB/58MB, paused 1.090ms total 36.811ms
08-04 12:58:06.025  6513  6513 D AndroidRuntime: >>>>>> START com.android.internal.os.RuntimeInit uid 2000 <<<<<<
08-04 12:58:06.032  6513  6513 D AndroidRuntime: CheckJNI is OFF
08-04 12:58:06.065  6513  6513 D ICU     : No timezone override file found: /data/misc/zoneinfo/current/icu/icu_tzdata.dat
08-04 12:58:06.097  6513  6513 I Radio-JNI: register_android_hardware_Radio DONE
08-04 12:58:06.118  6513  6513 D AndroidRuntime: Calling main entry com.android.commands.input.Input
08-04 12:58:06.119  6513  6513 I Input   : injectMotionEvent: MotionEvent { action=ACTION_DOWN, actionButton=0, id[0]=0, x[0]=1372.0, y[0]=384.0, toolType[0]=TOOL_TYPE_UNKNOWN, buttonState=0, metaState=0, flags=0x0, edgeFlags=0x0, pointerCount=1, historySize=0, eventTime=709102532, downTime=709102532, deviceId=0, source=0x1002 }
08-04 12:58:06.125  6513  6513 I Input   : injectMotionEvent: MotionEvent { action=ACTION_UP, actionButton=0, id[0]=0, x[0]=1372.0, y[0]=384.0, toolType[0]=TOOL_TYPE_UNKNOWN, buttonState=0, metaState=0, flags=0x0, edgeFlags=0x0, pointerCount=1, historySize=0, eventTime=709102532, downTime=709102532, deviceId=0, source=0x1002 }
08-04 12:58:06.127  6513  6513 D AndroidRuntime: Shutting down VM
08-04 12:58:06.133   918   929 I ActivityManager: START u0 {cmp=baseline.de.danoeh.antennapod.debug/baseline.de.danoeh.antennapod.activity.FeedInfoActivity (has extras)} from uid 10670 on display 0
08-04 12:58:06.135   512  2967 D audio_hw_primary: out_set_parameters: enter: usecase(1: low-latency-playback) kvpairs: routing=2
08-04 12:58:06.148   512  2967 D audio_hw_primary: select_devices: out_snd_device(2: speaker) in_snd_device(0: none)
08-04 12:58:06.148   512  2967 D msm8974_platform: platform_send_audio_calibration: sending audio calibration for snd_device(2) acdb_id(15)
08-04 12:58:06.148   512  2967 I soundtrigger: audio_extn_sound_trigger_update_device_status: device 0x2 of type 0 for Event 1
08-04 12:58:06.158   512  2967 D audio_hw_primary: enable_snd_device: snd_device(2: speaker)
08-04 12:58:06.160   512  2967 D audio_hw_primary: enable_audio_route: apply and update mixer path: low-latency-playback speaker
08-04 12:58:06.190  3712  3734 D DBReader: getFeed() called with: feedId = [2]
08-04 12:58:06.191  3712  3734 D DBReader: getFeedItemList() called with: feed = [baseline.de.danoeh.antennapod.core.feed.Feed@2]
08-04 12:58:06.203  3712  3712 D androidx.gridlayout.widget.GridLayout: horizontal constraints: x2-x0>=1328, x2-x1<=0, x1-x0<=242 are inconsistent; permanently removing: x2-x1<=0. 
08-04 12:58:06.203  3712  3712 D androidx.gridlayout.widget.GridLayout: vertical constraints: y3-y2>=80, y3-y2<=66, y2-y1<=94, y1-y0<=94 are inconsistent; permanently removing: y3-y2<=66. 
08-04 12:58:06.215  3712  6492 I art     : Starting a blocking GC Explicit
08-04 12:58:06.258  3712  6492 I art     : Explicit concurrent mark sweep GC freed 5983(278KB) AllocSpace objects, 1(20KB) LOS objects, 26% free, 44MB/60MB, paused 1.678ms total 42.877ms
08-04 12:58:06.265  3712  3734 W PodDBAdapter: Length of id array is larger than 800. Creating multiple cursors
08-04 12:58:06.272  3712  6492 I art     : Starting a blocking GC Explicit
08-04 12:58:06.278   918   936 I ActivityManager: Displayed baseline.de.danoeh.antennapod.debug/baseline.de.danoeh.antennapod.activity.FeedInfoActivity: +128ms
08-04 12:58:06.279 13866 13866 I GoogleInputMethodServic: GoogleInputMethodService.onFinishInput():3138 
08-04 12:58:06.279 13866 13866 I GoogleInputMethodServic: GoogleInputMethodService.onStartInput():1808 
08-04 12:58:06.314  3712  6492 I art     : Explicit concurrent mark sweep GC freed 2253(207KB) AllocSpace objects, 1(16KB) LOS objects, 26% free, 44MB/60MB, paused 1.308ms total 41.482ms
08-04 12:58:06.326  3712  6492 I art     : Starting a blocking GC Explicit
08-04 12:58:06.343  3712  3736 D OpenGLRenderer: endAllStagingAnimators on 0x7f7ef8a000 (RippleDrawable) with handle 0x7f7ef66740
08-04 12:58:06.347  3712  3712 D FeedInfoActivity: Language is en
08-04 12:58:06.348  3712  3712 D FeedInfoActivity: Author is Joe Rogan
08-04 12:58:06.348  3712  3712 D FeedInfoActivity: URL is http://joeroganexp.joerogan.libsynpro.com/rss
08-04 12:58:06.352  3712  4786 D ApOkHttpUrlLoader: buildLoadData() called with: model = [http://static.libsyn.com/p/assets/7/1/f/3/71f3014e14ef2722/JREiTunesImage2.jpg], width = [1440], height = [462]
08-04 12:58:06.368   918  6029 W IntentResolver: resolveIntent: multiple matches, only some with CATEGORY_DEFAULT
08-04 12:58:06.376  3712  6492 I art     : Explicit concurrent mark sweep GC freed 5482(118KB) AllocSpace objects, 0(0B) LOS objects, 25% free, 47MB/63MB, paused 1.465ms total 49.695ms
08-04 12:58:06.377  3712  3712 D androidx.gridlayout.widget.GridLayout: horizontal constraints: x2-x0>=1328, x2-x1<=232, x1-x0<=242 are inconsistent; permanently removing: x2-x1<=232. 
08-04 12:58:06.378  3712  3712 D androidx.gridlayout.widget.GridLayout: vertical constraints: y3-y2>=80, y3-y2<=66, y2-y1<=94, y1-y0<=94 are inconsistent; permanently removing: y3-y2<=66. 
08-04 12:58:06.389  3712  6492 I art     : Starting a blocking GC Explicit
08-04 12:58:06.433  3712  6492 I art     : Explicit concurrent mark sweep GC freed 2142(82KB) AllocSpace objects, 1(16KB) LOS objects, 25% free, 47MB/63MB, paused 1.182ms total 43.718ms
08-04 12:58:06.446  3712  6492 I art     : Starting a blocking GC Explicit
08-04 12:58:06.495  3712  6492 I art     : Explicit concurrent mark sweep GC freed 273(22KB) AllocSpace objects, 0(0B) LOS objects, 25% free, 47MB/63MB, paused 1.084ms total 48.812ms
08-04 12:58:06.533   380   380 W SurfaceFlinger: couldn't log to binary event log: overflow.
08-04 12:58:06.664  3712  3712 D PlaybackController: Releasing PlaybackController
08-04 12:58:06.699   512  2967 D audio_hw_primary: disable_audio_route: reset and update mixer path: low-latency-playback speaker
08-04 12:58:06.701   512  2967 D audio_hw_primary: disable_snd_device: snd_device(2: speaker)
08-04 12:58:06.709   512  2967 I soundtrigger: audio_extn_sound_trigger_update_device_status: device 0x2 of type 0 for Event 0
08-04 12:58:06.807  3712  4218 I art     : Starting a blocking GC Explicit
08-04 12:58:06.870  3712  4218 I art     : Explicit concurrent mark sweep GC freed 1710(98KB) AllocSpace objects, 1(20KB) LOS objects, 25% free, 47MB/63MB, paused 1.648ms total 62.035ms
08-04 12:58:06.890  3712  4218 I art     : Starting a blocking GC Explicit
08-04 12:58:06.937  3712  4218 I art     : Explicit concurrent mark sweep GC freed 55(1808B) AllocSpace objects, 0(0B) LOS objects, 25% free, 47MB/63MB, paused 1.109ms total 46.203ms
08-04 12:58:06.950  3712  4218 I art     : Starting a blocking GC Explicit
08-04 12:58:07.000  3712  4218 I art     : Explicit concurrent mark sweep GC freed 3(96B) AllocSpace objects, 0(0B) LOS objects, 25% free, 47MB/63MB, paused 1.194ms total 49.485ms
08-04 12:58:07.013  3712  4218 I art     : Starting a blocking GC Explicit
08-04 12:58:07.061  3712  4218 I art     : Explicit concurrent mark sweep GC freed 3(96B) AllocSpace objects, 0(0B) LOS objects, 25% free, 47MB/63MB, paused 1.072ms total 46.991ms
08-04 12:58:07.074  3712  4218 I art     : Starting a blocking GC Explicit
08-04 12:58:07.123  3712  4218 I art     : Explicit concurrent mark sweep GC freed 3(96B) AllocSpace objects, 0(0B) LOS objects, 25% free, 47MB/63MB, paused 1.105ms total 48.909ms
08-04 12:58:07.439  3712  3727 I art     : Starting a blocking GC Explicit
08-04 12:58:07.502  3712  3727 I art     : Explicit concurrent mark sweep GC freed 1372(80KB) AllocSpace objects, 1(20KB) LOS objects, 25% free, 47MB/63MB, paused 1.194ms total 63.010ms
08-04 12:58:07.521  3712  3727 I art     : Starting a blocking GC Explicit
08-04 12:58:07.568  3712  3727 I art     : Explicit concurrent mark sweep GC freed 23(752B) AllocSpace objects, 0(0B) LOS objects, 25% free, 47MB/63MB, paused 1.176ms total 46.380ms
08-04 12:58:07.582  3712  3727 I art     : Starting a blocking GC Explicit
08-04 12:58:07.631  3712  3727 I art     : Explicit concurrent mark sweep GC freed 3(96B) AllocSpace objects, 0(0B) LOS objects, 25% free, 47MB/63MB, paused 1.085ms total 49.321ms
08-04 12:58:07.645  3712  3727 I art     : Starting a blocking GC Explicit
08-04 12:58:07.693  3712  3727 I art     : Explicit concurrent mark sweep GC freed 3(96B) AllocSpace objects, 0(0B) LOS objects, 25% free, 47MB/63MB, paused 1.073ms total 47.948ms
08-04 12:58:07.706  3712  3727 I art     : Starting a blocking GC Explicit
08-04 12:58:07.754  3712  3727 I art     : Explicit concurrent mark sweep GC freed 3(96B) AllocSpace objects, 0(0B) LOS objects, 25% free, 47MB/63MB, paused 1.103ms total 47.447ms
08-04 12:58:08.076  3712  3727 I art     : Starting a blocking GC Explicit
08-04 12:58:08.125  3712  3727 I art     : Explicit concurrent mark sweep GC freed 1430(82KB) AllocSpace objects, 1(20KB) LOS objects, 25% free, 47MB/63MB, paused 1.070ms total 48.120ms
08-04 12:58:08.139  3712  3727 I art     : Starting a blocking GC Explicit
08-04 12:58:08.186  3712  3727 I art     : Explicit concurrent mark sweep GC freed 23(752B) AllocSpace objects, 0(0B) LOS objects, 25% free, 47MB/63MB, paused 1.130ms total 46.994ms
08-04 12:58:08.200  3712  3727 I art     : Starting a blocking GC Explicit
08-04 12:58:08.248  3712  3727 I art     : Explicit concurrent mark sweep GC freed 3(96B) AllocSpace objects, 0(0B) LOS objects, 25% free, 47MB/63MB, paused 1.138ms total 48.379ms
08-04 12:58:08.262  3712  3727 I art     : Starting a blocking GC Explicit
08-04 12:58:08.309  3712  3727 I art     : Explicit concurrent mark sweep GC freed 3(96B) AllocSpace objects, 0(0B) LOS objects, 25% free, 47MB/63MB, paused 1.130ms total 46.785ms
08-04 12:58:08.322  3712  3727 I art     : Starting a blocking GC Explicit
08-04 12:58:08.370  3712  3727 I art     : Explicit concurrent mark sweep GC freed 3(96B) AllocSpace objects, 0(0B) LOS objects, 25% free, 47MB/63MB, paused 1.125ms total 47.437ms
08-04 12:58:08.521  3644  3644 I Atfwd_Sendcmd: AtCmdFwd service not ready - Exhausted retry attempts - :6
08-04 12:58:08.521  3644  3644 I Atfwd_Daemon: result : -1 	 ,Init step :2 	 ,qmiErrorCode: 0
08-04 12:58:08.708  3712  3726 I art     : Starting a blocking GC Explicit
08-04 12:58:08.772  3712  3726 I art     : Explicit concurrent mark sweep GC freed 1373(82KB) AllocSpace objects, 1(20KB) LOS objects, 25% free, 47MB/63MB, paused 1.172ms total 63.214ms
08-04 12:58:08.791  3712  3726 I art     : Starting a blocking GC Explicit
08-04 12:58:08.839  3712  3726 I art     : Explicit concurrent mark sweep GC freed 23(752B) AllocSpace objects, 0(0B) LOS objects, 25% free, 47MB/63MB, paused 1.115ms total 47.931ms
08-04 12:58:08.852  3712  3726 I art     : Starting a blocking GC Explicit
08-04 12:58:08.901  3712  3726 I art     : Explicit concurrent mark sweep GC freed 32(880B) AllocSpace objects, 0(0B) LOS objects, 25% free, 47MB/63MB, paused 1.089ms total 47.876ms
08-04 12:58:08.914  3712  3726 I art     : Starting a blocking GC Explicit
08-04 12:58:08.963  3712  3726 I art     : Explicit concurrent mark sweep GC freed 3(96B) AllocSpace objects, 0(0B) LOS objects, 25% free, 47MB/63MB, paused 1.268ms total 49.051ms
08-04 12:58:08.977  3712  3726 I art     : Starting a blocking GC Explicit
08-04 12:58:09.026  3712  3726 I art     : Explicit concurrent mark sweep GC freed 3(96B) AllocSpace objects, 0(0B) LOS objects, 25% free, 47MB/63MB, paused 1.103ms total 48.893ms
08-04 12:58:09.385  3712  4218 I art     : Starting a blocking GC Explicit
08-04 12:58:09.423 13866 13882 I PeriodicStatsRunner: PeriodicStatsRunner.call():175 call()
08-04 12:58:09.423 13866 13882 I PeriodicStatsRunner: PeriodicStatsRunner.call():179 No submit PeriodicStats since input started.
08-04 12:58:09.452  3712  4218 I art     : Explicit concurrent mark sweep GC freed 1373(81KB) AllocSpace objects, 1(20KB) LOS objects, 25% free, 47MB/63MB, paused 1.140ms total 65.627ms
08-04 12:58:09.467  3712  4218 I art     : Starting a blocking GC Explicit
08-04 12:58:09.510  3712  4218 I art     : Explicit concurrent mark sweep GC freed 23(752B) AllocSpace objects, 0(0B) LOS objects, 25% free, 47MB/63MB, paused 1.049ms total 43.249ms
08-04 12:58:09.523  3712  4218 I art     : Starting a blocking GC Explicit
08-04 12:58:09.571  3712  4218 I art     : Explicit concurrent mark sweep GC freed 3(96B) AllocSpace objects, 0(0B) LOS objects, 25% free, 47MB/63MB, paused 1.093ms total 47.819ms
08-04 12:58:09.585  3712  4218 I art     : Starting a blocking GC Explicit
08-04 12:58:09.635  3712  4218 I art     : Explicit concurrent mark sweep GC freed 3(96B) AllocSpace objects, 0(0B) LOS objects, 25% free, 47MB/63MB, paused 1.106ms total 49.620ms
08-04 12:58:09.648  3712  4218 I art     : Starting a blocking GC Explicit
08-04 12:58:09.697  3712  4218 I art     : Explicit concurrent mark sweep GC freed 3(96B) AllocSpace objects, 0(0B) LOS objects, 25% free, 47MB/63MB, paused 1.098ms total 48.276ms
08-04 12:58:09.991  3712  3747 I art     : Starting a blocking GC Explicit
08-04 12:58:10.034  3712  3747 I art     : Explicit concurrent mark sweep GC freed 2104(107KB) AllocSpace objects, 1(20KB) LOS objects, 25% free, 47MB/63MB, paused 1.014ms total 43.285ms
08-04 12:58:10.047  3712  3747 I art     : Starting a blocking GC Explicit
08-04 12:58:10.092  3712  3747 I art     : Explicit concurrent mark sweep GC freed 23(752B) AllocSpace objects, 0(0B) LOS objects, 25% free, 47MB/63MB, paused 1.089ms total 44.896ms
08-04 12:58:10.105  3712  3747 I art     : Starting a blocking GC Explicit
08-04 12:58:10.155  3712  3747 I art     : Explicit concurrent mark sweep GC freed 7(256B) AllocSpace objects, 0(0B) LOS objects, 25% free, 47MB/63MB, paused 1.127ms total 49.370ms
08-04 12:58:10.168  3712  3747 I art     : Starting a blocking GC Explicit
08-04 12:58:10.217  3712  3747 I art     : Explicit concurrent mark sweep GC freed 3(96B) AllocSpace objects, 0(0B) LOS objects, 25% free, 47MB/63MB, paused 1.234ms total 48.790ms
08-04 12:58:10.230  3712  3747 I art     : Starting a blocking GC Explicit
08-04 12:58:10.278  3712  3747 I art     : Explicit concurrent mark sweep GC freed 3(96B) AllocSpace objects, 0(0B) LOS objects, 25% free, 47MB/63MB, paused 1.129ms total 47.842ms
08-04 12:58:10.568  3712  3727 I art     : Starting a blocking GC Explicit
08-04 12:58:10.618  3712  3727 I art     : Explicit concurrent mark sweep GC freed 2261(112KB) AllocSpace objects, 1(20KB) LOS objects, 25% free, 47MB/63MB, paused 1.182ms total 49.384ms
08-04 12:58:10.631  3712  3727 I art     : Starting a blocking GC Explicit
08-04 12:58:10.677  3712  3727 I art     : Explicit concurrent mark sweep GC freed 23(752B) AllocSpace objects, 0(0B) LOS objects, 25% free, 47MB/63MB, paused 1.103ms total 46.010ms
08-04 12:58:10.690  3712  3727 I art     : Starting a blocking GC Explicit
08-04 12:58:10.735  3712  3727 I art     : Explicit concurrent mark sweep GC freed 3(96B) AllocSpace objects, 0(0B) LOS objects, 25% free, 47MB/63MB, paused 1.092ms total 44.701ms
08-04 12:58:10.748  3712  3727 I art     : Starting a blocking GC Explicit
08-04 12:58:10.792  3712  3727 I art     : Explicit concurrent mark sweep GC freed 3(96B) AllocSpace objects, 0(0B) LOS objects, 25% free, 47MB/63MB, paused 1.091ms total 44.357ms
08-04 12:58:10.805  3712  3727 I art     : Starting a blocking GC Explicit
08-04 12:58:10.834  6596  6596 D AndroidRuntime: >>>>>> START com.android.internal.os.RuntimeInit uid 2000 <<<<<<
08-04 12:58:10.839  6596  6596 D AndroidRuntime: CheckJNI is OFF
08-04 12:58:10.851  3712  3727 I art     : Explicit concurrent mark sweep GC freed 32(880B) AllocSpace objects, 0(0B) LOS objects, 25% free, 47MB/63MB, paused 1.123ms total 46.257ms
08-04 12:58:10.877  6596  6596 D ICU     : No timezone override file found: /data/misc/zoneinfo/current/icu/icu_tzdata.dat
08-04 12:58:10.909  6596  6596 I Radio-JNI: register_android_hardware_Radio DONE
08-04 12:58:10.931  6596  6596 D AndroidRuntime: Calling main entry com.android.commands.input.Input
08-04 12:58:10.932  6596  6596 I Input   : injectKeyEvent: KeyEvent { action=ACTION_DOWN, keyCode=KEYCODE_BACK, scanCode=0, metaState=0, flags=0x0, repeatCount=0, eventTime=709107345, downTime=709107345, deviceId=-1, source=0x101 }
08-04 12:58:10.940  6596  6596 I Input   : injectKeyEvent: KeyEvent { action=ACTION_UP, keyCode=KEYCODE_BACK, scanCode=0, metaState=0, flags=0x0, repeatCount=0, eventTime=709107345, downTime=709107345, deviceId=-1, source=0x101 }
08-04 12:58:10.951  3712  3712 V PlaybackController: initServiceNotRunning()
08-04 12:58:10.951  3712  3712 D ExternalPlayerFragment: Loading media info
08-04 12:58:10.951  6596  6596 D AndroidRuntime: Shutting down VM
08-04 12:58:10.954  3712  3712 D ItemlistFragment: onEventMainThread() called with: event = [DownloadEvent{update=DownloaderUpdate{downloaders=[], feedIds=[], mediaIds=[]}}]
08-04 12:58:10.955  3712  4786 D ApOkHttpUrlLoader: buildLoadData() called with: model = [http://static.libsyn.com/p/assets/7/1/f/3/71f3014e14ef2722/JREiTunesImage2.jpg], width = [1440], height = [462]
08-04 12:58:10.957  3712  3712 D UserPreferences: Using default data folder
08-04 12:58:10.958  3712  3734 D DBReader: getNavDrawerData() called with: 
08-04 12:58:10.959  3712  4319 D DBReader: getFeed() called with: feedId = [2]
08-04 12:58:10.960  3712  4319 D DBReader: getFeedItemList() called with: feed = [baseline.de.danoeh.antennapod.core.feed.Feed@2]
08-04 12:58:10.969  3712  3712 D FeedMenuHandler: Preparing options menu
08-04 12:58:10.980  3712  3734 D DBReader: getDownloadedItems() called
08-04 12:58:10.982  3712  3734 D DBReader: getFavoriteIDList() called
08-04 12:58:10.982  3712  3734 D DBReader: getQueueIDList() called
08-04 12:58:10.983  3712  3734 D DBReader: Extracting Feedlist
08-04 12:58:11.011  3712  3712 D MainActivity: getLastNavFragment() -> 2
08-04 12:58:11.011 13866 13866 I GoogleInputMethodServic: GoogleInputMethodService.onFinishInput():3138 
08-04 12:58:11.012 13866 13866 I GoogleInputMethodServic: GoogleInputMethodService.onStartInput():1808 
08-04 12:58:11.039  3712  4319 W PodDBAdapter: Length of id array is larger than 800. Creating multiple cursors
08-04 12:58:11.105  3712  4319 D DBReader: getFavoriteIDList() called
08-04 12:58:11.106  3712  4319 D DBReader: getQueueIDList() called
08-04 12:58:11.107  3712  4319 D DBReader: Extracting Feedlist
08-04 12:58:11.110  3712  4786 D ApOkHttpUrlLoader: buildLoadData() called with: model = [http://static.libsyn.com/p/assets/7/1/f/3/71f3014e14ef2722/JREiTunesImage2.jpg], width = [1440], height = [462]
08-04 12:58:11.121  3712  4218 I art     : Starting a blocking GC Explicit
08-04 12:58:11.126  3712  3712 D FeedMenuHandler: Preparing options menu
08-04 12:58:11.176  3712  4218 I art     : Explicit concurrent mark sweep GC freed 41476(2MB) AllocSpace objects, 3(52KB) LOS objects, 23% free, 52MB/68MB, paused 1.324ms total 55.080ms
08-04 12:58:11.192  3712  4218 I art     : Starting a blocking GC Explicit
08-04 12:58:11.247  3712  4218 I art     : Explicit concurrent mark sweep GC freed 2647(169KB) AllocSpace objects, 0(0B) LOS objects, 23% free, 52MB/68MB, paused 1.172ms total 55.083ms
08-04 12:58:11.264  3712  4218 I art     : Starting a blocking GC Explicit
08-04 12:58:11.280 13866 13882 I PeriodicStatsRunner: PeriodicStatsRunner.call():175 call()
08-04 12:58:11.280 13866 13882 I PeriodicStatsRunner: PeriodicStatsRunner.call():179 No submit PeriodicStats since input started.
08-04 12:58:11.323  3712  4218 I art     : Explicit concurrent mark sweep GC freed 19(1088B) AllocSpace objects, 0(0B) LOS objects, 23% free, 52MB/68MB, paused 1.131ms total 58.739ms
08-04 12:58:11.336  3712  4218 I art     : Starting a blocking GC Explicit
08-04 12:58:11.337   380   380 W SurfaceFlinger: couldn't log to binary event log: overflow.
08-04 12:58:11.379  3712  4218 I art     : Explicit concurrent mark sweep GC freed 555(23KB) AllocSpace objects, 0(0B) LOS objects, 23% free, 52MB/68MB, paused 1.145ms total 43.021ms
08-04 12:58:11.392  3712  4218 I art     : Starting a blocking GC Explicit
08-04 12:58:11.433  3712  4218 I art     : Explicit concurrent mark sweep GC freed 175(8KB) AllocSpace objects, 0(0B) LOS objects, 23% free, 52MB/68MB, paused 1.042ms total 40.634ms
08-04 12:58:11.726  3712  6492 I art     : Starting a blocking GC Explicit
08-04 12:58:11.764  3712  6492 I art     : Explicit concurrent mark sweep GC freed 30542(2MB) AllocSpace objects, 4(104KB) LOS objects, 24% free, 50MB/66MB, paused 1.048ms total 37.515ms
08-04 12:58:11.774  3712  6492 I art     : Starting a blocking GC Explicit
08-04 12:58:11.810  3712  6492 I art     : Explicit concurrent mark sweep GC freed 25(832B) AllocSpace objects, 0(0B) LOS objects, 24% free, 50MB/66MB, paused 1.093ms total 34.972ms
08-04 12:58:11.820  3712  6492 I art     : Starting a blocking GC Explicit
08-04 12:58:11.856  3712  6492 I art     : Explicit concurrent mark sweep GC freed 32(880B) AllocSpace objects, 0(0B) LOS objects, 24% free, 50MB/66MB, paused 1.057ms total 35.992ms
08-04 12:58:11.868  3712  6492 I art     : Starting a blocking GC Explicit
08-04 12:58:11.905  3712  6492 I art     : Explicit concurrent mark sweep GC freed 3(96B) AllocSpace objects, 0(0B) LOS objects, 24% free, 50MB/66MB, paused 1.085ms total 36.895ms
08-04 12:58:11.916  3712  6492 I art     : Starting a blocking GC Explicit
08-04 12:58:11.954  3712  6492 I art     : Explicit concurrent mark sweep GC freed 3(96B) AllocSpace objects, 0(0B) LOS objects, 24% free, 50MB/66MB, paused 1.064ms total 37.655ms
08-04 12:58:12.271  3712  3726 I art     : Starting a blocking GC Explicit
08-04 12:58:12.316  3712  3726 I art     : Explicit concurrent mark sweep GC freed 1374(81KB) AllocSpace objects, 1(20KB) LOS objects, 24% free, 50MB/66MB, paused 1.103ms total 44.798ms
08-04 12:58:12.327  3712  3726 I art     : Starting a blocking GC Explicit
08-04 12:58:12.365  3712  3726 I art     : Explicit concurrent mark sweep GC freed 23(752B) AllocSpace objects, 0(0B) LOS objects, 24% free, 50MB/66MB, paused 1.098ms total 37.458ms
08-04 12:58:12.376  3712  3726 I art     : Starting a blocking GC Explicit
08-04 12:58:12.413  3712  3726 I art     : Explicit concurrent mark sweep GC freed 3(96B) AllocSpace objects, 0(0B) LOS objects, 24% free, 50MB/66MB, paused 1.186ms total 36.649ms
08-04 12:58:12.424  3712  3726 I art     : Starting a blocking GC Explicit
08-04 12:58:12.461  3712  3726 I art     : Explicit concurrent mark sweep GC freed 3(96B) AllocSpace objects, 0(0B) LOS objects, 24% free, 50MB/66MB, paused 1.119ms total 36.478ms
08-04 12:58:12.472  3712  3726 I art     : Starting a blocking GC Explicit
08-04 12:58:12.509  3712  3726 I art     : Explicit concurrent mark sweep GC freed 3(96B) AllocSpace objects, 0(0B) LOS objects, 24% free, 50MB/66MB, paused 1.068ms total 37.116ms
08-04 12:58:12.509  3712  3725 I art     : WaitForGcToComplete blocked for 6.656ms for cause HeapTrim
08-04 12:58:12.637  6650  6650 D AndroidRuntime: >>>>>> START com.android.internal.os.RuntimeInit uid 2000 <<<<<<
08-04 12:58:12.642  6650  6650 D AndroidRuntime: CheckJNI is OFF
08-04 12:58:12.671  6650  6650 D ICU     : No timezone override file found: /data/misc/zoneinfo/current/icu/icu_tzdata.dat
08-04 12:58:12.702  6650  6650 I Radio-JNI: register_android_hardware_Radio DONE
08-04 12:58:12.722  6650  6650 D AndroidRuntime: Calling main entry com.android.commands.input.Input
08-04 12:58:12.724  6650  6650 I Input   : injectMotionEvent: MotionEvent { action=ACTION_DOWN, actionButton=0, id[0]=0, x[0]=733.0, y[0]=896.0, toolType[0]=TOOL_TYPE_UNKNOWN, buttonState=0, metaState=0, flags=0x0, edgeFlags=0x0, pointerCount=1, historySize=0, eventTime=709109137, downTime=709109137, deviceId=0, source=0x1002 }
08-04 12:58:12.728  6650  6650 I Input   : injectMotionEvent: MotionEvent { action=ACTION_UP, actionButton=0, id[0]=0, x[0]=733.0, y[0]=896.0, toolType[0]=TOOL_TYPE_UNKNOWN, buttonState=0, metaState=0, flags=0x0, edgeFlags=0x0, pointerCount=1, historySize=0, eventTime=709109137, downTime=709109137, deviceId=0, source=0x1002 }
08-04 12:58:12.729  6650  6650 D AndroidRuntime: Shutting down VM
08-04 12:58:12.796  3712  3727 I art     : Starting a blocking GC Explicit
08-04 12:58:12.808   512  2967 D audio_hw_primary: out_set_parameters: enter: usecase(1: low-latency-playback) kvpairs: routing=2
08-04 12:58:12.821   512  2967 D audio_hw_primary: select_devices: out_snd_device(2: speaker) in_snd_device(0: none)
08-04 12:58:12.821   512  2967 D msm8974_platform: platform_send_audio_calibration: sending audio calibration for snd_device(2) acdb_id(15)
08-04 12:58:12.821   512  2967 I soundtrigger: audio_extn_sound_trigger_update_device_status: device 0x2 of type 0 for Event 1
08-04 12:58:12.831   512  2967 D audio_hw_primary: enable_snd_device: snd_device(2: speaker)
08-04 12:58:12.833   512  2967 D audio_hw_primary: enable_audio_route: apply and update mixer path: low-latency-playback speaker
08-04 12:58:12.838  3712  3727 I art     : Explicit concurrent mark sweep GC freed 2198(121KB) AllocSpace objects, 1(20KB) LOS objects, 24% free, 50MB/66MB, paused 1.819ms total 41.630ms
08-04 12:58:12.842  3712  3712 I WebViewFactory: Loading com.google.android.webview version 84.0.4147.89 (code 414708953)
08-04 12:58:12.851  3712  3727 I art     : Starting a blocking GC Explicit
08-04 12:58:12.889  3712  3727 I art     : Explicit concurrent mark sweep GC freed 569(69KB) AllocSpace objects, 0(0B) LOS objects, 23% free, 50MB/66MB, paused 1.630ms total 37.272ms
08-04 12:58:12.900  3712  3727 I art     : Starting a blocking GC Explicit
08-04 12:58:12.919  3712  3712 I cr_LibraryLoader: Loaded native library version number "84.0.4147.89"
08-04 12:58:12.920  3712  3712 I cr_CachingUmaRecorder: Flushed 5 samples from 5 histograms.
08-04 12:58:12.930   918   929 I ActivityManager: Start proc 6677:com.google.android.webview:webview_service/u0a74 for service com.google.android.webview/org.chromium.android_webview.services.VariationsSeedServer
08-04 12:58:12.939  3712  3727 I art     : Explicit concurrent mark sweep GC freed 4025(339KB) AllocSpace objects, 2(40KB) LOS objects, 23% free, 51MB/67MB, paused 1.586ms total 38.742ms
08-04 12:58:12.950  3712  3727 I art     : Starting a blocking GC Explicit
08-04 12:58:12.962  3712  3712 E chromium: [ERROR:filesystem_posix.cc(62)] mkdir /data/user/0/baseline.de.danoeh.antennapod.debug/cache/WebView/Crashpad: No such file or directory (2)
08-04 12:58:12.966  6677  6677 I LoadedApk: No resource references to update in package com.google.android.webview_translations
08-04 12:58:12.988  3712  3727 I art     : Explicit concurrent mark sweep GC freed 935(136KB) AllocSpace objects, 0(0B) LOS objects, 23% free, 51MB/67MB, paused 2.796ms total 38.019ms
08-04 12:58:13.002  3712  3727 I art     : Starting a blocking GC Explicit
08-04 12:58:13.043  3712  3727 I art     : Explicit concurrent mark sweep GC freed 735(61KB) AllocSpace objects, 0(0B) LOS objects, 23% free, 51MB/67MB, paused 1.740ms total 41.407ms
08-04 12:58:13.055   918   929 D ConnectivityService: listenForNetwork for Listen from uid/pid:10670/3712 for NetworkRequest [ id=2659, legacyType=-1, [ Capabilities: INTERNET&NOT_RESTRICTED&TRUSTED] ]
08-04 12:58:13.087  3712  3741 D DBReader: getFeedItem() called with: itemId = [2]
08-04 12:58:13.087  3712  3741 D DBReader: Loading feeditem with id 2
08-04 12:58:13.088  3712  3712 D ItemFragment: onEventMainThread() called with: event = [DownloadEvent{update=DownloaderUpdate{downloaders=[], feedIds=[], mediaIds=[]}}]
08-04 12:58:13.090  3712  3741 D DBReader: getFavoriteIDList() called
08-04 12:58:13.090  3712  3741 D DBReader: getQueueIDList() called
08-04 12:58:13.091  3712  3741 D DBReader: Extracting Feedlist
08-04 12:58:13.092 13866 13866 I GoogleInputMethodServic: GoogleInputMethodService.onFinishInput():3138 
08-04 12:58:13.093 13866 13866 I GoogleInputMethodServic: GoogleInputMethodService.onStartInput():1808 
08-04 12:58:13.098  3712  3741 D DBReader: loadExtraInformationOfFeedItem() called with: item = [FeedItem[autoDownload=1,chapters=<null>,contentEncoded=<null>,description=<null>,feed=baseline.de.danoeh.antennapod.core.feed.Feed@bd46b2,feedId=2,flattrStatus=baseline.de.danoeh.antennapod.core.util.flattr.FlattrStatus@bcd8603,hasChapters=false,imageUrl=http://static.libsyn.com/p/assets/2/7/8/6/278615fe73b1f0ca/JRE1514.jpg,itemIdentifier=a0870b6b-c887-4883-930c-a06d5e1a8f7e,link=http://traffic.libsyn.com/joeroganexp/p1514.mp3,media=baseline.de.danoeh.antennapod.core.feed.FeedMedia@ea92980,paymentLink=<null>,pubDate=Fri Jul 24 21:00:00 GMT+02:00 2020,state=-1,tags=[],title=#1514 - Joe De Sena,id=2]]
08-04 12:58:13.101  3712  3712 E libEGL  : validate_display:255 error 3008 (EGL_BAD_DISPLAY)
08-04 12:58:13.148   918   935 D BluetoothManagerService: Added callback: android.bluetooth.IBluetoothManagerCallback$Stub$Proxy@21641ec:true
08-04 12:58:13.160  3712  4786 D ApOkHttpUrlLoader: buildLoadData() called with: model = [http://static.libsyn.com/p/assets/2/7/8/6/278615fe73b1f0ca/JRE1514.jpg], width = [175], height = [175]
08-04 12:58:13.163  3712  4588 D DBReader: getImageAuthentication() called with: imageUrl = [http://static.libsyn.com/p/assets/2/7/8/6/278615fe73b1f0ca/JRE1514.jpg]
08-04 12:58:13.167  3712  4588 D ApOkHttpUrlLoader: no credentials for 'http://static.libsyn.com/p/assets/2/7/8/6/278615fe73b1f0ca/JRE1514.jpg'
08-04 12:58:13.274  3712  4588 D MYTAG   : interceptor 2a
08-04 12:58:13.274  3712  4588 I NAPPA_EXPERIMENTATION: MetricNetworkRequestExecutionTime: REQUEST_DURATION_SYSTEM='107',REQUEST_DURATION_OKHTTP='107',REQUEST_SYNCHRONOUS='TRUE',RESPONSE_CODE='200',RESPONSE_METHOD='GET',RESPONSE_LENGTH_OKHTTP='364960',RESPONSE_LENGTH_HEADER='364960',REQUEST_PROTOCOL='http/1.1',REQUEST_URL='http://static.libsyn.com/p/assets/2/7/8/6/278615fe73b1f0ca/JRE1514.jpg',
08-04 12:58:13.357  3712  6492 I art     : Starting a blocking GC Explicit
08-04 12:58:13.369   512  2967 D audio_hw_primary: disable_audio_route: reset and update mixer path: low-latency-playback speaker
08-04 12:58:13.370   512  2967 D audio_hw_primary: disable_snd_device: snd_device(2: speaker)
08-04 12:58:13.378   512  2967 I soundtrigger: audio_extn_sound_trigger_update_device_status: device 0x2 of type 0 for Event 0
08-04 12:58:13.398  3712  6492 I art     : Explicit concurrent mark sweep GC freed 7248(524KB) AllocSpace objects, 2(88KB) LOS objects, 23% free, 51MB/67MB, paused 1.371ms total 40.962ms
08-04 12:58:13.409  3712  6492 I art     : Starting a blocking GC Explicit
08-04 12:58:13.444  3712  6492 I art     : Explicit concurrent mark sweep GC freed 1309(73KB) AllocSpace objects, 4(112KB) LOS objects, 23% free, 51MB/67MB, paused 1.060ms total 35.051ms
08-04 12:58:13.455  3712  6492 I art     : Starting a blocking GC Explicit
08-04 12:58:13.494  3712  6492 I art     : Explicit concurrent mark sweep GC freed 108(15KB) AllocSpace objects, 0(0B) LOS objects, 23% free, 51MB/67MB, paused 1.069ms total 38.495ms
08-04 12:58:13.506  3712  6492 I art     : Starting a blocking GC Explicit
08-04 12:58:13.521  3644  3644 I ServiceManager: Waiting for service AtCmdFwd...
08-04 12:58:13.543  3712  6492 I art     : Explicit concurrent mark sweep GC freed 104(3KB) AllocSpace objects, 0(0B) LOS objects, 23% free, 51MB/67MB, paused 1.061ms total 37.385ms
08-04 12:58:13.555  3712  6492 I art     : Starting a blocking GC Explicit
08-04 12:58:13.593  3712  6492 I art     : Explicit concurrent mark sweep GC freed 11(368B) AllocSpace objects, 0(0B) LOS objects, 23% free, 51MB/67MB, paused 1.330ms total 38.341ms
08-04 12:58:13.936  3712  3747 I art     : Starting a blocking GC Explicit
08-04 12:58:13.984  3712  3747 I art     : Explicit concurrent mark sweep GC freed 1456(83KB) AllocSpace objects, 1(20KB) LOS objects, 23% free, 51MB/67MB, paused 1.261ms total 47.922ms
08-04 12:58:13.997  3712  3747 I art     : Starting a blocking GC Explicit
08-04 12:58:14.037  3712  3747 I art     : Explicit concurrent mark sweep GC freed 29(944B) AllocSpace objects, 0(0B) LOS objects, 23% free, 51MB/67MB, paused 1.132ms total 39.319ms
08-04 12:58:14.048  3712  3747 I art     : Starting a blocking GC Explicit
08-04 12:58:14.090  3712  3747 I art     : Explicit concurrent mark sweep GC freed 9(288B) AllocSpace objects, 0(0B) LOS objects, 23% free, 51MB/67MB, paused 1.252ms total 42.110ms
08-04 12:58:14.102  3712  3747 I art     : Starting a blocking GC Explicit
08-04 12:58:14.144  3712  3747 I art     : Explicit concurrent mark sweep GC freed 11(352B) AllocSpace objects, 0(0B) LOS objects, 23% free, 51MB/67MB, paused 1.079ms total 41.785ms
08-04 12:58:14.157  3712  3747 I art     : Starting a blocking GC Explicit
08-04 12:58:14.199  3712  3747 I art     : Explicit concurrent mark sweep GC freed 10(320B) AllocSpace objects, 0(0B) LOS objects, 23% free, 51MB/67MB, paused 1.283ms total 41.485ms
08-04 12:58:14.521  3644  3644 I ServiceManager: Waiting for service AtCmdFwd...
08-04 12:58:14.547  3712  4218 I art     : Starting a blocking GC Explicit
08-04 12:58:14.595  3712  4218 I art     : Explicit concurrent mark sweep GC freed 1426(82KB) AllocSpace objects, 1(20KB) LOS objects, 23% free, 51MB/67MB, paused 1.576ms total 48.141ms
08-04 12:58:14.608  3712  4218 I art     : Starting a blocking GC Explicit
08-04 12:58:14.649  3712  4218 I art     : Explicit concurrent mark sweep GC freed 32(1040B) AllocSpace objects, 0(0B) LOS objects, 23% free, 51MB/67MB, paused 1.229ms total 41.343ms
08-04 12:58:14.662  3712  4218 I art     : Starting a blocking GC Explicit
08-04 12:58:14.703  3712  4218 I art     : Explicit concurrent mark sweep GC freed 8(256B) AllocSpace objects, 0(0B) LOS objects, 23% free, 51MB/67MB, paused 1.234ms total 40.838ms
08-04 12:58:14.715  3712  4218 I art     : Starting a blocking GC Explicit
08-04 12:58:14.757  3712  4218 I art     : Explicit concurrent mark sweep GC freed 15(480B) AllocSpace objects, 0(0B) LOS objects, 23% free, 51MB/67MB, paused 1.240ms total 42.334ms
08-04 12:58:14.769  3712  4218 I art     : Starting a blocking GC Explicit
08-04 12:58:14.772   518   646 I ThermalEngine: ACTION: GPU - Setting GPU[0] to 450000000
08-04 12:58:14.821  3712  4218 I art     : Explicit concurrent mark sweep GC freed 19(608B) AllocSpace objects, 0(0B) LOS objects, 23% free, 51MB/67MB, paused 1.706ms total 51.815ms
08-04 12:58:15.200  3712  3747 I art     : Starting a blocking GC Explicit
08-04 12:58:15.271  3712  3747 I art     : Explicit concurrent mark sweep GC freed 1445(82KB) AllocSpace objects, 1(20KB) LOS objects, 23% free, 51MB/67MB, paused 1.763ms total 70.755ms
08-04 12:58:15.289  3712  3747 I art     : Starting a blocking GC Explicit
08-04 12:58:15.349  3712  3747 I art     : Explicit concurrent mark sweep GC freed 23(752B) AllocSpace objects, 0(0B) LOS objects, 23% free, 51MB/67MB, paused 1.822ms total 59.174ms
08-04 12:58:15.365  3712  3747 I art     : Starting a blocking GC Explicit
08-04 12:58:15.421  3712  3747 I art     : Explicit concurrent mark sweep GC freed 3(96B) AllocSpace objects, 0(0B) LOS objects, 23% free, 51MB/67MB, paused 1.579ms total 56.193ms
08-04 12:58:15.437  3712  3747 I art     : Starting a blocking GC Explicit
08-04 12:58:15.497  3712  3747 I art     : Explicit concurrent mark sweep GC freed 3(96B) AllocSpace objects, 0(0B) LOS objects, 23% free, 51MB/67MB, paused 1.880ms total 59.152ms
08-04 12:58:15.512  3712  3747 I art     : Starting a blocking GC Explicit
08-04 12:58:15.522  3644  3644 I ServiceManager: Waiting for service AtCmdFwd...
08-04 12:58:15.569  3712  3747 I art     : Explicit concurrent mark sweep GC freed 3(96B) AllocSpace objects, 0(0B) LOS objects, 23% free, 51MB/67MB, paused 1.726ms total 56.487ms
08-04 12:58:15.979  3712  6492 I art     : Starting a blocking GC Explicit
08-04 12:58:16.012 13866 13882 I PeriodicStatsRunner: PeriodicStatsRunner.call():175 call()
08-04 12:58:16.012 13866 13882 I PeriodicStatsRunner: PeriodicStatsRunner.call():179 No submit PeriodicStats since input started.
08-04 12:58:16.048  3712  6492 I art     : Explicit concurrent mark sweep GC freed 1411(82KB) AllocSpace objects, 1(20KB) LOS objects, 23% free, 51MB/67MB, paused 1.742ms total 68.089ms
08-04 12:58:16.067  3712  6492 I art     : Starting a blocking GC Explicit
08-04 12:58:16.127  3712  6492 I art     : Explicit concurrent mark sweep GC freed 23(752B) AllocSpace objects, 0(0B) LOS objects, 23% free, 51MB/67MB, paused 1.637ms total 59.246ms
08-04 12:58:16.147  3712  6492 I art     : Starting a blocking GC Explicit
08-04 12:58:16.205  3712  6492 I art     : Explicit concurrent mark sweep GC freed 3(96B) AllocSpace objects, 0(0B) LOS objects, 23% free, 51MB/67MB, paused 1.629ms total 58.101ms
08-04 12:58:16.224  3712  6492 I art     : Starting a blocking GC Explicit
08-04 12:58:16.281  3712  6492 I art     : Explicit concurrent mark sweep GC freed 3(96B) AllocSpace objects, 0(0B) LOS objects, 23% free, 51MB/67MB, paused 1.650ms total 56.590ms
08-04 12:58:16.297  3712  6492 I art     : Starting a blocking GC Explicit
08-04 12:58:16.356  3712  6492 I art     : Explicit concurrent mark sweep GC freed 3(96B) AllocSpace objects, 0(0B) LOS objects, 23% free, 51MB/67MB, paused 1.679ms total 58.177ms
08-04 12:58:16.523  3644  3644 I ServiceManager: Waiting for service AtCmdFwd...
08-04 12:58:16.749  3712  4218 I art     : Starting a blocking GC Explicit
08-04 12:58:16.811  3712  4218 I art     : Explicit concurrent mark sweep GC freed 1382(81KB) AllocSpace objects, 1(20KB) LOS objects, 23% free, 51MB/67MB, paused 1.751ms total 61.475ms
08-04 12:58:16.830  3712  4218 I art     : Starting a blocking GC Explicit
08-04 12:58:16.889  3712  4218 I art     : Explicit concurrent mark sweep GC freed 52(1536B) AllocSpace objects, 0(0B) LOS objects, 23% free, 51MB/67MB, paused 1.665ms total 59.289ms
08-04 12:58:16.910  3712  4218 I art     : Starting a blocking GC Explicit
08-04 12:58:16.965  3712  4218 I art     : Explicit concurrent mark sweep GC freed 3(96B) AllocSpace objects, 0(0B) LOS objects, 23% free, 51MB/67MB, paused 1.598ms total 54.895ms
08-04 12:58:16.981  3712  4218 I art     : Starting a blocking GC Explicit
08-04 12:58:17.029  3712  4218 I art     : Explicit concurrent mark sweep GC freed 3(96B) AllocSpace objects, 0(0B) LOS objects, 23% free, 51MB/67MB, paused 1.993ms total 47.933ms
08-04 12:58:17.043  3712  4218 I art     : Starting a blocking GC Explicit
08-04 12:58:17.094  3712  4218 I art     : Explicit concurrent mark sweep GC freed 3(96B) AllocSpace objects, 0(0B) LOS objects, 23% free, 51MB/67MB, paused 1.625ms total 50.440ms
08-04 12:58:17.459  3712  3727 I art     : Starting a blocking GC Explicit
08-04 12:58:17.521  3712  3727 I art     : Explicit concurrent mark sweep GC freed 1382(83KB) AllocSpace objects, 1(20KB) LOS objects, 23% free, 51MB/67MB, paused 1.838ms total 61.874ms
08-04 12:58:17.524  3644  3644 I ServiceManager: Waiting for service AtCmdFwd...
08-04 12:58:17.526  6787  6787 D AndroidRuntime: >>>>>> START com.android.internal.os.RuntimeInit uid 2000 <<<<<<
08-04 12:58:17.532  6787  6787 D AndroidRuntime: CheckJNI is OFF
08-04 12:58:17.537  3712  3727 I art     : Starting a blocking GC Explicit
08-04 12:58:17.577  6787  6787 D ICU     : No timezone override file found: /data/misc/zoneinfo/current/icu/icu_tzdata.dat
08-04 12:58:17.589  3712  3727 I art     : Explicit concurrent mark sweep GC freed 23(752B) AllocSpace objects, 0(0B) LOS objects, 23% free, 51MB/67MB, paused 1.793ms total 52.019ms
08-04 12:58:17.605  3712  3727 I art     : Starting a blocking GC Explicit
08-04 12:58:17.625  6787  6787 I Radio-JNI: register_android_hardware_Radio DONE
08-04 12:58:17.654  6787  6787 D AndroidRuntime: Calling main entry com.android.commands.input.Input
08-04 12:58:17.654  3712  3727 I art     : Explicit concurrent mark sweep GC freed 3(96B) AllocSpace objects, 0(0B) LOS objects, 23% free, 51MB/67MB, paused 1.624ms total 49.538ms
08-04 12:58:17.655  6787  6787 I Input   : injectKeyEvent: KeyEvent { action=ACTION_DOWN, keyCode=KEYCODE_BACK, scanCode=0, metaState=0, flags=0x0, repeatCount=0, eventTime=709114068, downTime=709114068, deviceId=-1, source=0x101 }
08-04 12:58:17.663  6787  6787 I Input   : injectKeyEvent: KeyEvent { action=ACTION_UP, keyCode=KEYCODE_BACK, scanCode=0, metaState=0, flags=0x0, repeatCount=0, eventTime=709114068, downTime=709114068, deviceId=-1, source=0x101 }
08-04 12:58:17.670  3712  3727 I art     : Starting a blocking GC Explicit
08-04 12:58:17.684  3712  3712 D ItemlistFragment: onEventMainThread() called with: event = [DownloadEvent{update=DownloaderUpdate{downloaders=[], feedIds=[], mediaIds=[]}}]
08-04 12:58:17.686  3712  3734 D DBReader: getFeed() called with: feedId = [2]
08-04 12:58:17.686  6787  6787 D AndroidRuntime: Shutting down VM
08-04 12:58:17.687   918  3263 D ConnectivityService: releasing NetworkRequest NetworkRequest [ id=2659, legacyType=-1, [ Capabilities: INTERNET&NOT_RESTRICTED&TRUSTED] ]
08-04 12:58:17.687  3712  3734 D DBReader: getFeedItemList() called with: feed = [baseline.de.danoeh.antennapod.core.feed.Feed@2]
08-04 12:58:17.722  3712  3712 D FeedMenuHandler: Preparing options menu
08-04 12:58:17.723  3712  3727 I art     : Explicit concurrent mark sweep GC freed 2355(103KB) AllocSpace objects, 0(0B) LOS objects, 23% free, 52MB/68MB, paused 2.470ms total 53.330ms
08-04 12:58:17.738  3712  3727 I art     : Starting a blocking GC Explicit
08-04 12:58:17.777   518   646 I ThermalEngine: ACTION: GPU - Setting GPU[0] to 510000000
08-04 12:58:17.785  3712  4786 D ApOkHttpUrlLoader: buildLoadData() called with: model = [http://static.libsyn.com/p/assets/7/1/f/3/71f3014e14ef2722/JREiTunesImage2.jpg], width = [1440], height = [462]
08-04 12:58:17.794  3712  3727 I art     : Explicit concurrent mark sweep GC freed 2756(139KB) AllocSpace objects, 0(0B) LOS objects, 22% free, 56MB/72MB, paused 3.542ms total 56.357ms
08-04 12:58:17.807  3712  3734 W PodDBAdapter: Length of id array is larger than 800. Creating multiple cursors
08-04 12:58:17.815 13866 13866 I GoogleInputMethodServic: GoogleInputMethodService.onFinishInput():3138 
08-04 12:58:17.816 13866 13866 I GoogleInputMethodServic: GoogleInputMethodService.onStartInput():1808 
08-04 12:58:17.876  3712  3734 D DBReader: getFavoriteIDList() called
08-04 12:58:17.877  3712  3734 D DBReader: getQueueIDList() called
08-04 12:58:17.878  3712  3734 D DBReader: Extracting Feedlist
08-04 12:58:17.880  3712  4786 D ApOkHttpUrlLoader: buildLoadData() called with: model = [http://static.libsyn.com/p/assets/7/1/f/3/71f3014e14ef2722/JREiTunesImage2.jpg], width = [1440], height = [462]
08-04 12:58:17.901  3712  3712 D FeedMenuHandler: Preparing options menu
08-04 12:58:18.089  3712  3747 I art     : Starting a blocking GC Explicit
08-04 12:58:18.093 13866 13882 I PeriodicStatsRunner: PeriodicStatsRunner.call():175 call()
08-04 12:58:18.093 13866 13882 I PeriodicStatsRunner: PeriodicStatsRunner.call():179 No submit PeriodicStats since input started.
08-04 12:58:18.147  3712  3747 I art     : Explicit concurrent mark sweep GC freed 43139(2MB) AllocSpace objects, 9(3MB) LOS objects, 22% free, 54MB/70MB, paused 1.158ms total 57.500ms
08-04 12:58:18.159  3712  3747 I art     : Starting a blocking GC Explicit
08-04 12:58:18.196  3712  3747 I art     : Explicit concurrent mark sweep GC freed 1216(80KB) AllocSpace objects, 0(0B) LOS objects, 22% free, 54MB/70MB, paused 1.156ms total 36.808ms
08-04 12:58:18.208  3712  3747 I art     : Starting a blocking GC Explicit
08-04 12:58:18.249  3712  3747 I art     : Explicit concurrent mark sweep GC freed 3(96B) AllocSpace objects, 0(0B) LOS objects, 22% free, 54MB/70MB, paused 1.245ms total 40.823ms
08-04 12:58:18.261  3712  3747 I art     : Starting a blocking GC Explicit
08-04 12:58:18.303  3712  3747 I art     : Explicit concurrent mark sweep GC freed 5(176B) AllocSpace objects, 0(0B) LOS objects, 22% free, 54MB/70MB, paused 1.209ms total 41.902ms
08-04 12:58:18.315  3712  3747 I art     : Starting a blocking GC Explicit
08-04 12:58:18.359  3712  3747 I art     : Explicit concurrent mark sweep GC freed 3(96B) AllocSpace objects, 0(0B) LOS objects, 22% free, 54MB/70MB, paused 1.175ms total 43.547ms
08-04 12:58:18.524  3644  3644 W Atfwd_Sendcmd: AtCmdFwd service not published, waiting... retryCnt : 1
08-04 12:58:18.705  3712  4218 I art     : Starting a blocking GC Explicit
08-04 12:58:18.760  3712  4218 I art     : Explicit concurrent mark sweep GC freed 1420(83KB) AllocSpace objects, 1(20KB) LOS objects, 22% free, 54MB/70MB, paused 1.197ms total 54.649ms
08-04 12:58:18.773  3712  4218 I art     : Starting a blocking GC Explicit
08-04 12:58:18.816  3712  4218 I art     : Explicit concurrent mark sweep GC freed 23(768B) AllocSpace objects, 0(0B) LOS objects, 22% free, 54MB/70MB, paused 1.201ms total 42.837ms
08-04 12:58:18.828  3712  4218 I art     : Starting a blocking GC Explicit
08-04 12:58:18.872  3712  4218 I art     : Explicit concurrent mark sweep GC freed 32(880B) AllocSpace objects, 0(0B) LOS objects, 22% free, 54MB/70MB, paused 1.209ms total 43.646ms
08-04 12:58:18.886  3712  4218 I art     : Starting a blocking GC Explicit
08-04 12:58:18.928  3712  4218 I art     : Explicit concurrent mark sweep GC freed 120(8KB) AllocSpace objects, 0(0B) LOS objects, 22% free, 54MB/70MB, paused 1.079ms total 41.905ms
08-04 12:58:18.940  3712  4218 I art     : Starting a blocking GC Explicit
08-04 12:58:18.979  3712  4218 I art     : Explicit concurrent mark sweep GC freed 3(96B) AllocSpace objects, 0(0B) LOS objects, 22% free, 54MB/70MB, paused 1.160ms total 38.734ms
08-04 12:58:19.295  3712  3726 I art     : Starting a blocking GC Explicit
08-04 12:58:19.350  3712  3726 I art     : Explicit concurrent mark sweep GC freed 1389(83KB) AllocSpace objects, 1(20KB) LOS objects, 22% free, 54MB/70MB, paused 1.166ms total 53.738ms
08-04 12:58:19.353  6831  6831 D AndroidRuntime: >>>>>> START com.android.internal.os.RuntimeInit uid 2000 <<<<<<
08-04 12:58:19.359  6831  6831 D AndroidRuntime: CheckJNI is OFF
08-04 12:58:19.363  3712  3726 I art     : Starting a blocking GC Explicit
08-04 12:58:19.393  6831  6831 D ICU     : No timezone override file found: /data/misc/zoneinfo/current/icu/icu_tzdata.dat
08-04 12:58:19.403  3712  3726 I art     : Explicit concurrent mark sweep GC freed 30(976B) AllocSpace objects, 0(0B) LOS objects, 22% free, 54MB/70MB, paused 1.133ms total 40.155ms
08-04 12:58:19.415  3712  3726 I art     : Starting a blocking GC Explicit
08-04 12:58:19.427  6831  6831 I Radio-JNI: register_android_hardware_Radio DONE
08-04 12:58:19.449  6831  6831 D AndroidRuntime: Calling main entry com.android.commands.input.Input
08-04 12:58:19.451  6831  6831 I Input   : injectMotionEvent: MotionEvent { action=ACTION_DOWN, actionButton=0, id[0]=0, x[0]=103.0, y[0]=192.0, toolType[0]=TOOL_TYPE_UNKNOWN, buttonState=0, metaState=0, flags=0x0, edgeFlags=0x0, pointerCount=1, historySize=0, eventTime=709115864, downTime=709115864, deviceId=0, source=0x1002 }
08-04 12:58:19.452  3712  3726 I art     : Explicit concurrent mark sweep GC freed 8(256B) AllocSpace objects, 0(0B) LOS objects, 22% free, 54MB/70MB, paused 1.216ms total 36.867ms
08-04 12:58:19.456  6831  6831 I Input   : injectMotionEvent: MotionEvent { action=ACTION_UP, actionButton=0, id[0]=0, x[0]=103.0, y[0]=192.0, toolType[0]=TOOL_TYPE_UNKNOWN, buttonState=0, metaState=0, flags=0x0, edgeFlags=0x0, pointerCount=1, historySize=0, eventTime=709115864, downTime=709115864, deviceId=0, source=0x1002 }
08-04 12:58:19.458  6831  6831 D AndroidRuntime: Shutting down VM
08-04 12:58:19.463  3712  3726 I art     : Starting a blocking GC Explicit
08-04 12:58:19.466   512  2967 D audio_hw_primary: out_set_parameters: enter: usecase(1: low-latency-playback) kvpairs: routing=2
08-04 12:58:19.479   512  2967 D audio_hw_primary: select_devices: out_snd_device(2: speaker) in_snd_device(0: none)
08-04 12:58:19.479   512  2967 D msm8974_platform: platform_send_audio_calibration: sending audio calibration for snd_device(2) acdb_id(15)
08-04 12:58:19.480   512  2967 I soundtrigger: audio_extn_sound_trigger_update_device_status: device 0x2 of type 0 for Event 1
08-04 12:58:19.488   512  2967 D audio_hw_primary: enable_snd_device: snd_device(2: speaker)
08-04 12:58:19.490   512  2967 D audio_hw_primary: enable_audio_route: apply and update mixer path: low-latency-playback speaker
08-04 12:58:19.502  3712  3726 I art     : Explicit concurrent mark sweep GC freed 56(2128B) AllocSpace objects, 0(0B) LOS objects, 22% free, 54MB/70MB, paused 1.067ms total 38.610ms
08-04 12:58:19.513  3712  3726 I art     : Starting a blocking GC Explicit
08-04 12:58:19.550  3712  3726 I art     : Explicit concurrent mark sweep GC freed 380(19KB) AllocSpace objects, 0(0B) LOS objects, 22% free, 54MB/70MB, paused 1.213ms total 36.900ms
08-04 12:58:19.842  3712  6492 I art     : Starting a blocking GC Explicit
08-04 12:58:19.888  3712  6492 I art     : Explicit concurrent mark sweep GC freed 1428(83KB) AllocSpace objects, 1(20KB) LOS objects, 22% free, 54MB/70MB, paused 1.141ms total 45.996ms
08-04 12:58:19.902  3712  6492 I art     : Starting a blocking GC Explicit
08-04 12:58:19.943  3712  6492 I art     : Explicit concurrent mark sweep GC freed 32(1056B) AllocSpace objects, 0(0B) LOS objects, 22% free, 54MB/70MB, paused 1.129ms total 39.785ms
08-04 12:58:19.956  3712  6492 I art     : Starting a blocking GC Explicit
08-04 12:58:19.996  3712  6492 I art     : Explicit concurrent mark sweep GC freed 5(160B) AllocSpace objects, 0(0B) LOS objects, 22% free, 54MB/70MB, paused 1.066ms total 40.126ms
08-04 12:58:20.008  3712  6492 I art     : Starting a blocking GC Explicit
08-04 12:58:20.038   512  2967 D audio_hw_primary: disable_audio_route: reset and update mixer path: low-latency-playback speaker
08-04 12:58:20.039   512  2967 D audio_hw_primary: disable_snd_device: snd_device(2: speaker)
08-04 12:58:20.047   512  2967 I soundtrigger: audio_extn_sound_trigger_update_device_status: device 0x2 of type 0 for Event 0
08-04 12:58:20.048  3712  6492 I art     : Explicit concurrent mark sweep GC freed 3(96B) AllocSpace objects, 0(0B) LOS objects, 22% free, 54MB/70MB, paused 1.059ms total 39.956ms
08-04 12:58:20.060  3712  6492 I art     : Starting a blocking GC Explicit
08-04 12:58:20.100  3712  6492 I art     : Explicit concurrent mark sweep GC freed 3(96B) AllocSpace objects, 0(0B) LOS objects, 22% free, 54MB/70MB, paused 1.157ms total 40.035ms
08-04 12:58:20.418  3712  4218 I art     : Starting a blocking GC Explicit
08-04 12:58:20.473  3712  4218 I art     : Explicit concurrent mark sweep GC freed 2084(107KB) AllocSpace objects, 1(20KB) LOS objects, 22% free, 54MB/70MB, paused 1.208ms total 54.503ms
08-04 12:58:20.488  3712  4218 I art     : Starting a blocking GC Explicit
08-04 12:58:20.493   918  3188 I hubconnection: sensorhub said: 'set_bias 3: -5.1456, 0.0000, 0.0000'
08-04 12:58:20.532  3712  4218 I art     : Explicit concurrent mark sweep GC freed 25(816B) AllocSpace objects, 0(0B) LOS objects, 22% free, 54MB/70MB, paused 1.113ms total 43.934ms
08-04 12:58:20.544  3712  4218 I art     : Starting a blocking GC Explicit
08-04 12:58:20.588  3712  4218 I art     : Explicit concurrent mark sweep GC freed 3(96B) AllocSpace objects, 0(0B) LOS objects, 22% free, 54MB/70MB, paused 1.209ms total 43.572ms
08-04 12:58:20.600  3712  4218 I art     : Starting a blocking GC Explicit
08-04 12:58:20.644  3712  4218 I art     : Explicit concurrent mark sweep GC freed 3(96B) AllocSpace objects, 0(0B) LOS objects, 22% free, 54MB/70MB, paused 1.083ms total 43.310ms
08-04 12:58:20.656  3712  4218 I art     : Starting a blocking GC Explicit
08-04 12:58:20.699  3712  4218 I art     : Explicit concurrent mark sweep GC freed 3(96B) AllocSpace objects, 0(0B) LOS objects, 22% free, 54MB/70MB, paused 1.045ms total 42.286ms
08-04 12:58:21.007  3712  6492 I art     : Starting a blocking GC Explicit
08-04 12:58:21.049  3712  6492 I art     : Explicit concurrent mark sweep GC freed 2299(114KB) AllocSpace objects, 1(20KB) LOS objects, 22% free, 53MB/69MB, paused 1.241ms total 42.271ms
08-04 12:58:21.062  3712  6492 I art     : Starting a blocking GC Explicit
08-04 12:58:21.101  3712  6492 I art     : Explicit concurrent mark sweep GC freed 25(832B) AllocSpace objects, 0(0B) LOS objects, 22% free, 53MB/69MB, paused 1.174ms total 39.535ms
08-04 12:58:21.107  6874  6874 D AndroidRuntime: >>>>>> START com.android.internal.os.RuntimeInit uid 2000 <<<<<<
08-04 12:58:21.112  6874  6874 D AndroidRuntime: CheckJNI is OFF
08-04 12:58:21.114  3712  6492 I art     : Starting a blocking GC Explicit
08-04 12:58:21.146  6874  6874 D ICU     : No timezone override file found: /data/misc/zoneinfo/current/icu/icu_tzdata.dat
08-04 12:58:21.151  3712  6492 I art     : Explicit concurrent mark sweep GC freed 9(288B) AllocSpace objects, 0(0B) LOS objects, 22% free, 53MB/69MB, paused 1.105ms total 37.534ms
08-04 12:58:21.162  3712  6492 I art     : Starting a blocking GC Explicit
08-04 12:58:21.180  6874  6874 I Radio-JNI: register_android_hardware_Radio DONE
08-04 12:58:21.198  3712  6492 I art     : Explicit concurrent mark sweep GC freed 7(224B) AllocSpace objects, 0(0B) LOS objects, 22% free, 53MB/69MB, paused 1.063ms total 35.716ms
08-04 12:58:21.200  6874  6874 D AndroidRuntime: Calling main entry com.android.commands.input.Input
08-04 12:58:21.203  6874  6874 I Input   : injectMotionEvent: MotionEvent { action=ACTION_DOWN, actionButton=0, id[0]=0, x[0]=409.0, y[0]=1034.0, toolType[0]=TOOL_TYPE_UNKNOWN, buttonState=0, metaState=0, flags=0x0, edgeFlags=0x0, pointerCount=1, historySize=0, eventTime=709117615, downTime=709117615, deviceId=0, source=0x1002 }
08-04 12:58:21.208  6874  6874 I Input   : injectMotionEvent: MotionEvent { action=ACTION_UP, actionButton=0, id[0]=0, x[0]=409.0, y[0]=1034.0, toolType[0]=TOOL_TYPE_UNKNOWN, buttonState=0, metaState=0, flags=0x0, edgeFlags=0x0, pointerCount=1, historySize=0, eventTime=709117615, downTime=709117615, deviceId=0, source=0x1002 }
08-04 12:58:21.209  3712  6492 I art     : Starting a blocking GC Explicit
08-04 12:58:21.210  6874  6874 D AndroidRuntime: Shutting down VM
08-04 12:58:21.246  3712  6492 I art     : Explicit concurrent mark sweep GC freed 45(1552B) AllocSpace objects, 0(0B) LOS objects, 22% free, 53MB/69MB, paused 1.040ms total 36.419ms
08-04 12:58:21.283  3712  3712 D MainActivity: loadFragment(index: 5, args: null)
08-04 12:58:21.283  3712  3712 D MainActivity: loadFragment(tag: AddFeedFragment, args: null)
08-04 12:58:21.283  3712  3712 D MainActivity: saveLastNavFragment(tag: AddFeedFragment)
08-04 12:58:21.283  3712  3712 D MainActivity: getLastNavFragment() -> AddFeedFragment
08-04 12:58:21.286   512  2967 D audio_hw_primary: out_set_parameters: enter: usecase(1: low-latency-playback) kvpairs: routing=2
08-04 12:58:21.300   512  2967 D audio_hw_primary: select_devices: out_snd_device(2: speaker) in_snd_device(0: none)
08-04 12:58:21.300   512  2967 D msm8974_platform: platform_send_audio_calibration: sending audio calibration for snd_device(2) acdb_id(15)
08-04 12:58:21.300   512  2967 I soundtrigger: audio_extn_sound_trigger_update_device_status: device 0x2 of type 0 for Event 1
08-04 12:58:21.309   512  2967 D audio_hw_primary: enable_snd_device: snd_device(2: speaker)
08-04 12:58:21.311   512  2967 D audio_hw_primary: enable_audio_route: apply and update mixer path: low-latency-playback speaker
08-04 12:58:21.323 13866 13866 I GoogleInputMethodServic: GoogleInputMethodService.onFinishInput():3138 
08-04 12:58:21.324 13866 13866 I GoogleInputMethodServic: GoogleInputMethodService.onStartInput():1808 
08-04 12:58:21.536  3712  3726 I art     : Starting a blocking GC Explicit
08-04 12:58:21.584  3712  3726 I art     : Explicit concurrent mark sweep GC freed 3794(200KB) AllocSpace objects, 2(40KB) LOS objects, 22% free, 54MB/70MB, paused 1ms total 47.660ms
08-04 12:58:21.596  3712  3726 I art     : Starting a blocking GC Explicit
08-04 12:58:21.630  3712  3726 I art     : Explicit concurrent mark sweep GC freed 31423(2MB) AllocSpace objects, 9(3MB) LOS objects, 24% free, 48MB/64MB, paused 977us total 33.526ms
08-04 12:58:21.639  3712  3726 I art     : Starting a blocking GC Explicit
08-04 12:58:21.668  3712  3726 I art     : Explicit concurrent mark sweep GC freed 11(352B) AllocSpace objects, 0(0B) LOS objects, 24% free, 48MB/64MB, paused 1.184ms total 28.452ms
08-04 12:58:21.677  3712  3726 I art     : Starting a blocking GC Explicit
08-04 12:58:21.706  3712  3726 I art     : Explicit concurrent mark sweep GC freed 194(7KB) AllocSpace objects, 0(0B) LOS objects, 24% free, 48MB/64MB, paused 1.314ms total 28.676ms
08-04 12:58:21.708 13866 13866 I GoogleInputMethodServic: GoogleInputMethodService.onFinishInput():3138 
08-04 12:58:21.709 13866 13866 I GoogleInputMethodServic: GoogleInputMethodService.onStartInput():1808 
08-04 12:58:21.716  3712  3726 I art     : Starting a blocking GC Explicit
08-04 12:58:21.744  3712  3726 I art     : Explicit concurrent mark sweep GC freed 132(7KB) AllocSpace objects, 0(0B) LOS objects, 24% free, 48MB/64MB, paused 999us total 28.204ms
08-04 12:58:21.849   512  2967 D audio_hw_primary: disable_audio_route: reset and update mixer path: low-latency-playback speaker
08-04 12:58:21.850   512  2967 D audio_hw_primary: disable_snd_device: snd_device(2: speaker)
08-04 12:58:21.859   512  2967 I soundtrigger: audio_extn_sound_trigger_update_device_status: device 0x2 of type 0 for Event 0
08-04 12:58:22.079  3712  3726 I art     : Starting a blocking GC Explicit
08-04 12:58:22.113  3712  3726 I art     : Explicit concurrent mark sweep GC freed 1427(84KB) AllocSpace objects, 1(20KB) LOS objects, 24% free, 48MB/64MB, paused 1.148ms total 34.292ms
08-04 12:58:22.125  3712  3726 I art     : Starting a blocking GC Explicit
08-04 12:58:22.157  3712  3726 I art     : Explicit concurrent mark sweep GC freed 27(880B) AllocSpace objects, 0(0B) LOS objects, 24% free, 48MB/64MB, paused 1.005ms total 31.516ms
08-04 12:58:22.167  3712  3726 I art     : Starting a blocking GC Explicit
08-04 12:58:22.200  3712  3726 I art     : Explicit concurrent mark sweep GC freed 3(96B) AllocSpace objects, 0(0B) LOS objects, 24% free, 48MB/64MB, paused 1.048ms total 32.458ms
08-04 12:58:22.211  3712  3726 I art     : Starting a blocking GC Explicit
08-04 12:58:22.243  3712  3726 I art     : Explicit concurrent mark sweep GC freed 3(96B) AllocSpace objects, 0(0B) LOS objects, 24% free, 48MB/64MB, paused 1.061ms total 31.930ms
08-04 12:58:22.253  3712  3726 I art     : Starting a blocking GC Explicit
08-04 12:58:22.286  3712  3726 I art     : Explicit concurrent mark sweep GC freed 3(96B) AllocSpace objects, 0(0B) LOS objects, 24% free, 48MB/64MB, paused 1.106ms total 32.447ms
08-04 12:58:22.547   918  3261 D WifiStateMachine: starting scan for "H369AA63323"WPA_PSK with 2412,5180
08-04 12:58:22.594  3712  4218 I art     : Starting a blocking GC Explicit
08-04 12:58:22.627  3712  4218 I art     : Explicit concurrent mark sweep GC freed 1380(81KB) AllocSpace objects, 1(20KB) LOS objects, 24% free, 48MB/64MB, paused 1.246ms total 32.755ms
08-04 12:58:22.637  3712  4218 I art     : Starting a blocking GC Explicit
08-04 12:58:22.669  3712  4218 I art     : Explicit concurrent mark sweep GC freed 23(752B) AllocSpace objects, 0(0B) LOS objects, 24% free, 48MB/64MB, paused 1.103ms total 31.757ms
08-04 12:58:22.679  3712  4218 I art     : Starting a blocking GC Explicit
08-04 12:58:22.710  3712  4218 I art     : Explicit concurrent mark sweep GC freed 3(96B) AllocSpace objects, 0(0B) LOS objects, 24% free, 48MB/64MB, paused 1.295ms total 31.406ms
08-04 12:58:22.722  3712  4218 I art     : Starting a blocking GC Explicit
08-04 12:58:22.754  3712  4218 I art     : Explicit concurrent mark sweep GC freed 3(96B) AllocSpace objects, 0(0B) LOS objects, 24% free, 48MB/64MB, paused 1.175ms total 31.736ms
08-04 12:58:22.764  3712  4218 I art     : Starting a blocking GC Explicit
08-04 12:58:22.787   518   646 I ThermalEngine: ACTION: GPU - Setting GPU[0] to 450000000
08-04 12:58:22.796  3712  4218 I art     : Explicit concurrent mark sweep GC freed 3(96B) AllocSpace objects, 0(0B) LOS objects, 24% free, 48MB/64MB, paused 1.342ms total 32.049ms
08-04 12:58:22.815 13866 13882 I PeriodicStatsRunner: PeriodicStatsRunner.call():175 call()
08-04 12:58:22.816 13866 13882 I PeriodicStatsRunner: PeriodicStatsRunner.call():179 No submit PeriodicStats since input started.
08-04 12:58:22.893  6919  6919 D AndroidRuntime: >>>>>> START com.android.internal.os.RuntimeInit uid 2000 <<<<<<
08-04 12:58:22.899  6919  6919 D AndroidRuntime: CheckJNI is OFF
08-04 12:58:22.949  6919  6919 D ICU     : No timezone override file found: /data/misc/zoneinfo/current/icu/icu_tzdata.dat
08-04 12:58:22.994  6919  6919 I Radio-JNI: register_android_hardware_Radio DONE
08-04 12:58:23.022  6919  6919 D AndroidRuntime: Calling main entry com.android.commands.input.Input
08-04 12:58:23.025  6919  6919 I Input   : injectMotionEvent: MotionEvent { action=ACTION_DOWN, actionButton=0, id[0]=0, x[0]=603.0, y[0]=1061.0, toolType[0]=TOOL_TYPE_UNKNOWN, buttonState=0, metaState=0, flags=0x0, edgeFlags=0x0, pointerCount=1, historySize=0, eventTime=709119437, downTime=709119437, deviceId=0, source=0x1002 }
08-04 12:58:23.030  6919  6919 I Input   : injectMotionEvent: MotionEvent { action=ACTION_UP, actionButton=0, id[0]=0, x[0]=603.0, y[0]=1061.0, toolType[0]=TOOL_TYPE_UNKNOWN, buttonState=0, metaState=0, flags=0x0, edgeFlags=0x0, pointerCount=1, historySize=0, eventTime=709119437, downTime=709119437, deviceId=0, source=0x1002 }
08-04 12:58:23.031  6919  6919 D AndroidRuntime: Shutting down VM
08-04 12:58:23.042   512  2967 D audio_hw_primary: out_set_parameters: enter: usecase(1: low-latency-playback) kvpairs: routing=2
08-04 12:58:23.055   512  2967 D audio_hw_primary: select_devices: out_snd_device(2: speaker) in_snd_device(0: none)
08-04 12:58:23.055   512  2967 D msm8974_platform: platform_send_audio_calibration: sending audio calibration for snd_device(2) acdb_id(15)
08-04 12:58:23.056   512  2967 I soundtrigger: audio_extn_sound_trigger_update_device_status: device 0x2 of type 0 for Event 1
08-04 12:58:23.065   512  2967 D audio_hw_primary: enable_snd_device: snd_device(2: speaker)
08-04 12:58:23.067   512  2967 D audio_hw_primary: enable_audio_route: apply and update mixer path: low-latency-playback speaker
08-04 12:58:23.111 13866 13866 I GoogleInputMethodServic: GoogleInputMethodService.onFinishInput():3138 
08-04 12:58:23.112 13866 13866 I GoogleInputMethodServic: GoogleInputMethodService.onStartInput():1808 
08-04 12:58:23.168  3712  3726 I art     : Starting a blocking GC Explicit
08-04 12:58:23.210  3712  3726 I art     : Explicit concurrent mark sweep GC freed 4832(338KB) AllocSpace objects, 1(20KB) LOS objects, 24% free, 49MB/65MB, paused 1.700ms total 41.892ms
08-04 12:58:23.224  3712  3726 I art     : Starting a blocking GC Explicit
08-04 12:58:23.262  3712  3726 I art     : Explicit concurrent mark sweep GC freed 1824(94KB) AllocSpace objects, 1(220KB) LOS objects, 24% free, 49MB/65MB, paused 1.502ms total 37.596ms
08-04 12:58:23.275  3712  3726 I art     : Starting a blocking GC Explicit
08-04 12:58:23.315  3712  3726 I art     : Explicit concurrent mark sweep GC freed 33(1248B) AllocSpace objects, 0(0B) LOS objects, 24% free, 49MB/65MB, paused 1.608ms total 39.583ms
08-04 12:58:23.328  3712  3726 I art     : Starting a blocking GC Explicit
08-04 12:58:23.367  3712  3726 I art     : Explicit concurrent mark sweep GC freed 33(1248B) AllocSpace objects, 0(0B) LOS objects, 24% free, 49MB/65MB, paused 1.625ms total 39.337ms
08-04 12:58:23.380  3712  3726 I art     : Starting a blocking GC Explicit
08-04 12:58:23.419  3712  3726 I art     : Explicit concurrent mark sweep GC freed 33(1248B) AllocSpace objects, 0(0B) LOS objects, 24% free, 49MB/65MB, paused 1.539ms total 39.124ms
08-04 12:58:23.524  3644  3644 I ServiceManager: Waiting for service AtCmdFwd...
08-04 12:58:23.611   512  2967 D audio_hw_primary: disable_audio_route: reset and update mixer path: low-latency-playback speaker
08-04 12:58:23.613   512  2967 D audio_hw_primary: disable_snd_device: snd_device(2: speaker)
08-04 12:58:23.622   512  2967 I soundtrigger: audio_extn_sound_trigger_update_device_status: device 0x2 of type 0 for Event 0
08-04 12:58:23.760  3712  6492 I art     : Starting a blocking GC Explicit
08-04 12:58:23.803  3712  6492 I art     : Explicit concurrent mark sweep GC freed 1531(87KB) AllocSpace objects, 1(20KB) LOS objects, 24% free, 49MB/65MB, paused 1.519ms total 42.092ms
08-04 12:58:23.816  3712  6492 I art     : Starting a blocking GC Explicit
08-04 12:58:23.856  3712  6492 I art     : Explicit concurrent mark sweep GC freed 168(5KB) AllocSpace objects, 0(0B) LOS objects, 24% free, 49MB/65MB, paused 1.640ms total 40.157ms
08-04 12:58:23.869  3712  6492 I art     : Starting a blocking GC Explicit
08-04 12:58:23.912  3712  6492 I art     : Explicit concurrent mark sweep GC freed 1631(68KB) AllocSpace objects, 0(0B) LOS objects, 24% free, 49MB/65MB, paused 2.262ms total 42.165ms
08-04 12:58:23.925  3712  6492 I art     : Starting a blocking GC Explicit
08-04 12:58:23.965  3712  6952 I NAPPA_EXPERIMENTATION: MetricNetworkRequestExecutionTime: REQUEST_DURATION_SYSTEM='864',REQUEST_DURATION_OKHTTP='35',REQUEST_SYNCHRONOUS='TRUE',RESPONSE_CODE='200',RESPONSE_METHOD='GET',RESPONSE_LENGTH_OKHTTP='2923',RESPONSE_LENGTH_HEADER='2923',REQUEST_PROTOCOL='http/1.1',REQUEST_URL='https://gpodder.net/api/2/tags/50.json',
08-04 12:58:23.965  3712  6492 I art     : Explicit concurrent mark sweep GC freed 1776(64KB) AllocSpace objects, 0(0B) LOS objects, 24% free, 49MB/65MB, paused 1.518ms total 40.175ms
08-04 12:58:23.978  3712  6492 I art     : Starting a blocking GC Explicit
08-04 12:58:23.984  3712  6951 I NAPPA_EXPERIMENTATION: MetricNetworkRequestExecutionTime: REQUEST_DURATION_SYSTEM='887',REQUEST_DURATION_OKHTTP='54',REQUEST_SYNCHRONOUS='TRUE',RESPONSE_CODE='200',RESPONSE_METHOD='GET',RESPONSE_LENGTH_OKHTTP='37507',RESPONSE_LENGTH_HEADER='37507',REQUEST_PROTOCOL='http/1.1',REQUEST_URL='https://gpodder.net/toplist/50.json',
08-04 12:58:24.018  3712  6492 I art     : Explicit concurrent mark sweep GC freed 4335(338KB) AllocSpace objects, 3(192KB) LOS objects, 24% free, 49MB/65MB, paused 1.903ms total 39.785ms
08-04 12:58:24.039  3712  4786 D ApOkHttpUrlLoader: buildLoadData() called with: model = [http://sixgun.org/files/linuxoutlaws.jpg], width = [224], height = [224]
08-04 12:58:24.040  3712  4588 D DBReader: getImageAuthentication() called with: imageUrl = [http://sixgun.org/files/linuxoutlaws.jpg]
08-04 12:58:24.044  3712  4588 D ApOkHttpUrlLoader: no credentials for 'http://sixgun.org/files/linuxoutlaws.jpg'
08-04 12:58:24.048  3712  4786 D ApOkHttpUrlLoader: buildLoadData() called with: model = [https://files.thisamericanlife.org/sites/all/themes/thislife/img/tal-name-1400x1400.png], width = [224], height = [224]
08-04 12:58:24.050  3712  4581 D DBReader: getImageAuthentication() called with: imageUrl = [https://files.thisamericanlife.org/sites/all/themes/thislife/img/tal-name-1400x1400.png]
08-04 12:58:24.053  3712  4581 D ApOkHttpUrlLoader: no credentials for 'https://files.thisamericanlife.org/sites/all/themes/thislife/img/tal-name-1400x1400.png'
08-04 12:58:24.054  3712  4786 D ApOkHttpUrlLoader: buildLoadData() called with: model = [https://elroy.twit.tv/sites/default/files/styles/twit_album_art_2048x2048/public/images/shows/floss_weekly/album_art/audio/floss_albumart_mask.jpg?itok=IUjxKpwt], width = [224], height = [224]
08-04 12:58:24.055  3712  4585 D DBReader: getImageAuthentication() called with: imageUrl = [https://elroy.twit.tv/sites/default/files/styles/twit_album_art_2048x2048/public/images/shows/floss_weekly/album_art/audio/floss_albumart_mask.jpg?itok=IUjxKpwt]
08-04 12:58:24.059  3712  4786 D ApOkHttpUrlLoader: buildLoadData() called with: model = [http://ichef.bbci.co.uk/images/ic/3000x3000/p07kfvzb.jpg], width = [224], height = [224]
08-04 12:58:24.059  3712  4585 D ApOkHttpUrlLoader: no credentials for 'https://elroy.twit.tv/sites/default/files/styles/twit_album_art_2048x2048/public/images/shows/floss_weekly/album_art/audio/floss_albumart_mask.jpg?itok=IUjxKpwt'
08-04 12:58:24.060  3712  4583 D DBReader: getImageAuthentication() called with: imageUrl = [http://ichef.bbci.co.uk/images/ic/3000x3000/p07kfvzb.jpg]
08-04 12:58:24.064  3712  4583 D ApOkHttpUrlLoader: no credentials for 'http://ichef.bbci.co.uk/images/ic/3000x3000/p07kfvzb.jpg'
08-04 12:58:24.064  3712  4786 D ApOkHttpUrlLoader: buildLoadData() called with: model = [https://pl.tedcdn.com/rss_feed_images/ted_talks_main_podcast/video.png], width = [224], height = [224]
08-04 12:58:24.066  3712  4579 D DBReader: getImageAuthentication() called with: imageUrl = [https://pl.tedcdn.com/rss_feed_images/ted_talks_main_podcast/video.png]
08-04 12:58:24.069  3712  4786 D ApOkHttpUrlLoader: buildLoadData() called with: model = [https://elroy.twit.tv/sites/default/files/styles/twit_album_art_2048x2048/public/images/shows/this_week_in_tech/album_art/audio/twit1400audio.jpg?itok=J0vhatZb], width = [224], height = [224]
08-04 12:58:24.069  3712  4579 D ApOkHttpUrlLoader: no credentials for 'https://pl.tedcdn.com/rss_feed_images/ted_talks_main_podcast/video.png'
08-04 12:58:24.071  3712  4587 D DBReader: getImageAuthentication() called with: imageUrl = [https://elroy.twit.tv/sites/default/files/styles/twit_album_art_2048x2048/public/images/shows/this_week_in_tech/album_art/audio/twit1400audio.jpg?itok=J0vhatZb]
08-04 12:58:24.074  3712  4786 D ApOkHttpUrlLoader: buildLoadData() called with: model = [http://ichef.bbci.co.uk/images/ic/3000x3000/p03gtk3j.jpg], width = [224], height = [224]
08-04 12:58:24.074  3712  4587 D ApOkHttpUrlLoader: no credentials for 'https://elroy.twit.tv/sites/default/files/styles/twit_album_art_2048x2048/public/images/shows/this_week_in_tech/album_art/audio/twit1400audio.jpg?itok=J0vhatZb'
08-04 12:58:24.075  3712  4586 D DBReader: getImageAuthentication() called with: imageUrl = [http://ichef.bbci.co.uk/images/ic/3000x3000/p03gtk3j.jpg]
08-04 12:58:24.078  3712  4586 D ApOkHttpUrlLoader: no credentials for 'http://ichef.bbci.co.uk/images/ic/3000x3000/p03gtk3j.jpg'
08-04 12:58:24.079  3712  4588 D DBWriter: updateFeedDownloadURL(original: http://sixgun.org/files/linuxoutlaws.jpg, updated: https://fab.industries/sixgun/files/linuxoutlaws.jpg)
08-04 12:58:24.138  3712  4583 D MYTAG   : interceptor 2a
08-04 12:58:24.139  3712  4583 I NAPPA_EXPERIMENTATION: MetricNetworkRequestExecutionTime: REQUEST_DURATION_SYSTEM='74',REQUEST_DURATION_OKHTTP='69',REQUEST_SYNCHRONOUS='TRUE',RESPONSE_CODE='200',RESPONSE_METHOD='GET',RESPONSE_LENGTH_OKHTTP='589826',RESPONSE_LENGTH_HEADER='589826',REQUEST_PROTOCOL='http/1.1',REQUEST_URL='http://ichef.bbci.co.uk/images/ic/3000x3000/p07kfvzb.jpg',
08-04 12:58:24.180  3712  4586 D MYTAG   : interceptor 2a
08-04 12:58:24.180  3712  4586 I NAPPA_EXPERIMENTATION: MetricNetworkRequestExecutionTime: REQUEST_DURATION_SYSTEM='102',REQUEST_DURATION_OKHTTP='97',REQUEST_SYNCHRONOUS='TRUE',RESPONSE_CODE='200',RESPONSE_METHOD='GET',RESPONSE_LENGTH_OKHTTP='814284',RESPONSE_LENGTH_HEADER='814284',REQUEST_PROTOCOL='http/1.1',REQUEST_URL='http://ichef.bbci.co.uk/images/ic/3000x3000/p03gtk3j.jpg',
08-04 12:58:24.322  3712  4581 D MYTAG   : interceptor 2a
08-04 12:58:24.322  3712  4581 I NAPPA_EXPERIMENTATION: MetricNetworkRequestExecutionTime: REQUEST_DURATION_SYSTEM='269',REQUEST_DURATION_OKHTTP='67',REQUEST_SYNCHRONOUS='TRUE',RESPONSE_CODE='200',RESPONSE_METHOD='GET',RESPONSE_LENGTH_OKHTTP='52553',RESPONSE_LENGTH_HEADER='52553',REQUEST_PROTOCOL='http/1.1',REQUEST_URL='https://files.thisamericanlife.org/sites/all/themes/thislife/img/tal-name-1400x1400.png',
08-04 12:58:24.349  3712  3727 I art     : Starting a blocking GC Explicit
08-04 12:58:24.404  3712  3727 I art     : Explicit concurrent mark sweep GC freed 15217(859KB) AllocSpace objects, 1(20KB) LOS objects, 24% free, 50MB/66MB, paused 2.011ms total 53.963ms
08-04 12:58:24.418  3712  3727 I art     : Starting a blocking GC Explicit
08-04 12:58:24.461  3712  4585 D MYTAG   : interceptor 2a
08-04 12:58:24.461  3712  4585 I NAPPA_EXPERIMENTATION: MetricNetworkRequestExecutionTime: REQUEST_DURATION_SYSTEM='402',REQUEST_DURATION_OKHTTP='206',REQUEST_SYNCHRONOUS='TRUE',RESPONSE_CODE='200',RESPONSE_METHOD='GET',RESPONSE_LENGTH_OKHTTP='297964',RESPONSE_LENGTH_HEADER='297964',REQUEST_PROTOCOL='h2',REQUEST_URL='https://elroy.twit.tv/sites/default/files/styles/twit_album_art_2048x2048/public/images/shows/floss_weekly/album_art/audio/floss_albumart_mask.jpg?itok=IUjxKpwt',
08-04 12:58:24.461  3712  3727 I art     : Explicit concurrent mark sweep GC freed 1733(77KB) AllocSpace objects, 0(0B) LOS objects, 24% free, 50MB/66MB, paused 1.685ms total 43.684ms
08-04 12:58:24.474  3712  3727 I art     : Starting a blocking GC Explicit
08-04 12:58:24.513  3712  3727 I art     : Explicit concurrent mark sweep GC freed 365(36KB) AllocSpace objects, 0(0B) LOS objects, 24% free, 50MB/66MB, paused 1.681ms total 39.028ms
08-04 12:58:24.513  3712  4579 D MYTAG   : interceptor 2a
08-04 12:58:24.513  3712  4579 I NAPPA_EXPERIMENTATION: MetricNetworkRequestExecutionTime: REQUEST_DURATION_SYSTEM='444',REQUEST_DURATION_OKHTTP='158',REQUEST_SYNCHRONOUS='TRUE',RESPONSE_CODE='200',RESPONSE_METHOD='GET',RESPONSE_LENGTH_OKHTTP='89986',RESPONSE_LENGTH_HEADER='89986',REQUEST_PROTOCOL='h2',REQUEST_URL='https://pl.tedcdn.com/rss_feed_images/ted_talks_main_podcast/video.png',
08-04 12:58:24.522  3712  4588 D MYTAG   : interceptor 2a
08-04 12:58:24.522  3712  4588 I NAPPA_EXPERIMENTATION: MetricNetworkRequestExecutionTime: REQUEST_DURATION_SYSTEM='478',REQUEST_DURATION_OKHTTP='169',REQUEST_SYNCHRONOUS='TRUE',RESPONSE_CODE='404',RESPONSE_METHOD='GET',RESPONSE_LENGTH_OKHTTP='-1',RESPONSE_LENGTH_HEADER='1503',REQUEST_PROTOCOL='h2',REQUEST_URL='https://fab.industries/sixgun/files/linuxoutlaws.jpg',
08-04 12:58:24.525  3712  3712 W Glide   : Load failed for http://sixgun.org/files/linuxoutlaws.jpg with size [224x224]
08-04 12:58:24.525  3712  3712 W Glide   : class com.bumptech.glide.load.engine.GlideException: Failed to load resource
08-04 12:58:24.525  3712  3712 W Glide   : There was 1 cause:
08-04 12:58:24.525  3712  3712 W Glide   : com.bumptech.glide.load.HttpException()
08-04 12:58:24.525  3712  3712 W Glide   :  call GlideException#logRootCauses(String) for more detail
08-04 12:58:24.525  3712  3712 W Glide   :   Cause (1 of 1): class com.bumptech.glide.load.engine.GlideException: Fetching data failed, class java.io.InputStream, REMOTE
08-04 12:58:24.525  3712  3712 W Glide   : There was 1 cause:
08-04 12:58:24.525  3712  3712 W Glide   : com.bumptech.glide.load.HttpException()
08-04 12:58:24.525  3712  3712 W Glide   :  call GlideException#logRootCauses(String) for more detail
08-04 12:58:24.525  3712  3712 W Glide   :     Cause (1 of 1): class com.bumptech.glide.load.HttpException: 
08-04 12:58:24.525  3644  3644 I ServiceManager: Waiting for service AtCmdFwd...
08-04 12:58:24.525  3712  3712 I Glide   : Root cause (1 of 1)
08-04 12:58:24.525  3712  3712 I Glide   : com.bumptech.glide.load.HttpException: 
08-04 12:58:24.525  3712  3712 I Glide   : 	at com.bumptech.glide.integration.okhttp3.OkHttpStreamFetcher.onResponse(OkHttpStreamFetcher.java:73)
08-04 12:58:24.525  3712  3712 I Glide   : 	at okhttp3.RealCall$AsyncCall.execute(RealCall.java:174)
08-04 12:58:24.525  3712  3712 I Glide   : 	at okhttp3.internal.NamedRunnable.run(NamedRunnable.java:32)
08-04 12:58:24.525  3712  3712 I Glide   : 	at java.util.concurrent.ThreadPoolExecutor.runWorker(ThreadPoolExecutor.java:1113)
08-04 12:58:24.525  3712  3712 I Glide   : 	at java.util.concurrent.ThreadPoolExecutor$Worker.run(ThreadPoolExecutor.java:588)
08-04 12:58:24.525  3712  3712 I Glide   : 	at java.lang.Thread.run(Thread.java:818)
08-04 12:58:24.525  3712  3727 I art     : Starting a blocking GC Explicit
08-04 12:58:24.530  3712  3712 W Glide   : Load failed for http://sixgun.org/files/linuxoutlaws.jpg with size [224x224]
08-04 12:58:24.530  3712  3712 W Glide   : class com.bumptech.glide.load.engine.GlideException: Failed to load resource
08-04 12:58:24.530  3712  3712 W Glide   : There was 1 cause:
08-04 12:58:24.530  3712  3712 W Glide   : com.bumptech.glide.load.HttpException()
08-04 12:58:24.530  3712  3712 W Glide   :  call GlideException#logRootCauses(String) for more detail
08-04 12:58:24.530  3712  3712 W Glide   :   Cause (1 of 1): class com.bumptech.glide.load.engine.GlideException: Fetching data failed, class java.io.InputStream, REMOTE
08-04 12:58:24.530  3712  3712 W Glide   : There was 1 cause:
08-04 12:58:24.530  3712  3712 W Glide   : com.bumptech.glide.load.HttpException()
08-04 12:58:24.530  3712  3712 W Glide   :  call GlideException#logRootCauses(String) for more detail
08-04 12:58:24.530  3712  3712 W Glide   :     Cause (1 of 1): class com.bumptech.glide.load.HttpException: 
08-04 12:58:24.530  3712  3712 I Glide   : Root cause (1 of 1)
08-04 12:58:24.530  3712  3712 I Glide   : com.bumptech.glide.load.HttpException: 
08-04 12:58:24.530  3712  3712 I Glide   : 	at com.bumptech.glide.integration.okhttp3.OkHttpStreamFetcher.onResponse(OkHttpStreamFetcher.java:73)
08-04 12:58:24.530  3712  3712 I Glide   : 	at okhttp3.RealCall$AsyncCall.execute(RealCall.java:174)
08-04 12:58:24.530  3712  3712 I Glide   : 	at okhttp3.internal.NamedRunnable.run(NamedRunnable.java:32)
08-04 12:58:24.530  3712  3712 I Glide   : 	at java.util.concurrent.ThreadPoolExecutor.runWorker(ThreadPoolExecutor.java:1113)
08-04 12:58:24.530  3712  3712 I Glide   : 	at java.util.concurrent.ThreadPoolExecutor$Worker.run(ThreadPoolExecutor.java:588)
08-04 12:58:24.530  3712  3712 I Glide   : 	at java.lang.Thread.run(Thread.java:818)
08-04 12:58:24.546  3712  4587 D MYTAG   : interceptor 2a
08-04 12:58:24.546  3712  4587 I NAPPA_EXPERIMENTATION: MetricNetworkRequestExecutionTime: REQUEST_DURATION_SYSTEM='472',REQUEST_DURATION_OKHTTP='270',REQUEST_SYNCHRONOUS='TRUE',RESPONSE_CODE='200',RESPONSE_METHOD='GET',RESPONSE_LENGTH_OKHTTP='465707',RESPONSE_LENGTH_HEADER='465707',REQUEST_PROTOCOL='h2',REQUEST_URL='https://elroy.twit.tv/sites/default/files/styles/twit_album_art_2048x2048/public/images/shows/this_week_in_tech/album_art/audio/twit1400audio.jpg?itok=J0vhatZb',
08-04 12:58:24.568  3712  3727 I art     : Explicit concurrent mark sweep GC freed 1236(125KB) AllocSpace objects, 0(0B) LOS objects, 24% free, 50MB/66MB, paused 1.671ms total 42.355ms
08-04 12:58:24.580  3712  3727 I art     : Starting a blocking GC Explicit
08-04 12:58:24.619  3712  3727 I art     : Explicit concurrent mark sweep GC freed 224(19KB) AllocSpace objects, 0(0B) LOS objects, 24% free, 50MB/66MB, paused 1.638ms total 38.498ms
08-04 12:58:24.621  3712  4786 D ApOkHttpUrlLoader: buildLoadData() called with: model = [http://sixgun.org/files/linuxoutlaws.jpg], width = [224], height = [224]
08-04 12:58:24.623  3712  4587 D DBReader: getImageAuthentication() called with: imageUrl = [http://sixgun.org/files/linuxoutlaws.jpg]
08-04 12:58:24.626  3712  4587 D ApOkHttpUrlLoader: no credentials for 'http://sixgun.org/files/linuxoutlaws.jpg'
08-04 12:58:24.659  3712  4587 D DBWriter: updateFeedDownloadURL(original: http://sixgun.org/files/linuxoutlaws.jpg, updated: https://fab.industries/sixgun/files/linuxoutlaws.jpg)
08-04 12:58:24.795  3712  4587 D MYTAG   : interceptor 2a
08-04 12:58:24.796  3712  4587 I NAPPA_EXPERIMENTATION: MetricNetworkRequestExecutionTime: REQUEST_DURATION_SYSTEM='169',REQUEST_DURATION_OKHTTP='133',REQUEST_SYNCHRONOUS='TRUE',RESPONSE_CODE='404',RESPONSE_METHOD='GET',RESPONSE_LENGTH_OKHTTP='-1',RESPONSE_LENGTH_HEADER='1503',REQUEST_PROTOCOL='h2',REQUEST_URL='https://fab.industries/sixgun/files/linuxoutlaws.jpg',
08-04 12:58:24.804  3712  3712 W Glide   : Load failed for http://sixgun.org/files/linuxoutlaws.jpg with size [224x224]
08-04 12:58:24.804  3712  3712 W Glide   : class com.bumptech.glide.load.engine.GlideException: Failed to load resource
08-04 12:58:24.804  3712  3712 W Glide   : There was 1 cause:
08-04 12:58:24.804  3712  3712 W Glide   : com.bumptech.glide.load.HttpException()
08-04 12:58:24.804  3712  3712 W Glide   :  call GlideException#logRootCauses(String) for more detail
08-04 12:58:24.804  3712  3712 W Glide   :   Cause (1 of 1): class com.bumptech.glide.load.engine.GlideException: Fetching data failed, class java.io.InputStream, REMOTE
08-04 12:58:24.804  3712  3712 W Glide   : There was 1 cause:
08-04 12:58:24.804  3712  3712 W Glide   : com.bumptech.glide.load.HttpException()
08-04 12:58:24.804  3712  3712 W Glide   :  call GlideException#logRootCauses(String) for more detail
08-04 12:58:24.804  3712  3712 W Glide   :     Cause (1 of 1): class com.bumptech.glide.load.HttpException: 
08-04 12:58:24.805  3712  3712 I Glide   : Root cause (1 of 1)
08-04 12:58:24.805  3712  3712 I Glide   : com.bumptech.glide.load.HttpException: 
08-04 12:58:24.805  3712  3712 I Glide   : 	at com.bumptech.glide.integration.okhttp3.OkHttpStreamFetcher.onResponse(OkHttpStreamFetcher.java:73)
08-04 12:58:24.805  3712  3712 I Glide   : 	at okhttp3.RealCall$AsyncCall.execute(RealCall.java:174)
08-04 12:58:24.805  3712  3712 I Glide   : 	at okhttp3.internal.NamedRunnable.run(NamedRunnable.java:32)
08-04 12:58:24.805  3712  3712 I Glide   : 	at java.util.concurrent.ThreadPoolExecutor.runWorker(ThreadPoolExecutor.java:1113)
08-04 12:58:24.805  3712  3712 I Glide   : 	at java.util.concurrent.ThreadPoolExecutor$Worker.run(ThreadPoolExecutor.java:588)
08-04 12:58:24.805  3712  3712 I Glide   : 	at java.lang.Thread.run(Thread.java:818)
08-04 12:58:24.886  3712  4786 D ApOkHttpUrlLoader: buildLoadData() called with: model = [http://sixgun.org/files/linuxoutlaws.jpg], width = [224], height = [224]
08-04 12:58:24.888  3712  4587 D DBReader: getImageAuthentication() called with: imageUrl = [http://sixgun.org/files/linuxoutlaws.jpg]
08-04 12:58:24.892  3712  4587 D ApOkHttpUrlLoader: no credentials for 'http://sixgun.org/files/linuxoutlaws.jpg'
08-04 12:58:24.923  3712  4587 D DBWriter: updateFeedDownloadURL(original: http://sixgun.org/files/linuxoutlaws.jpg, updated: https://fab.industries/sixgun/files/linuxoutlaws.jpg)
08-04 12:58:24.971  3712  3747 I art     : Starting a blocking GC Explicit
08-04 12:58:25.014  3712  3747 I art     : Explicit concurrent mark sweep GC freed 3742(242KB) AllocSpace objects, 1(20KB) LOS objects, 23% free, 50MB/66MB, paused 1.446ms total 41.990ms
08-04 12:58:25.028  3712  3747 I art     : Starting a blocking GC Explicit
08-04 12:58:25.060  3712  4587 D MYTAG   : interceptor 2a
08-04 12:58:25.061  3712  4587 I NAPPA_EXPERIMENTATION: MetricNetworkRequestExecutionTime: REQUEST_DURATION_SYSTEM='168',REQUEST_DURATION_OKHTTP='133',REQUEST_SYNCHRONOUS='TRUE',RESPONSE_CODE='404',RESPONSE_METHOD='GET',RESPONSE_LENGTH_OKHTTP='-1',RESPONSE_LENGTH_HEADER='1503',REQUEST_PROTOCOL='h2',REQUEST_URL='https://fab.industries/sixgun/files/linuxoutlaws.jpg',
08-04 12:58:25.063  3712  3712 W Glide   : Load failed for http://sixgun.org/files/linuxoutlaws.jpg with size [224x224]
08-04 12:58:25.063  3712  3712 W Glide   : class com.bumptech.glide.load.engine.GlideException: Failed to load resource
08-04 12:58:25.063  3712  3712 W Glide   : There was 1 cause:
08-04 12:58:25.063  3712  3712 W Glide   : com.bumptech.glide.load.HttpException()
08-04 12:58:25.063  3712  3712 W Glide   :  call GlideException#logRootCauses(String) for more detail
08-04 12:58:25.063  3712  3712 W Glide   :   Cause (1 of 1): class com.bumptech.glide.load.engine.GlideException: Fetching data failed, class java.io.InputStream, REMOTE
08-04 12:58:25.063  3712  3712 W Glide   : There was 1 cause:
08-04 12:58:25.063  3712  3712 W Glide   : com.bumptech.glide.load.HttpException()
08-04 12:58:25.063  3712  3712 W Glide   :  call GlideException#logRootCauses(String) for more detail
08-04 12:58:25.063  3712  3712 W Glide   :     Cause (1 of 1): class com.bumptech.glide.load.HttpException: 
08-04 12:58:25.064  3712  3712 I Glide   : Root cause (1 of 1)
08-04 12:58:25.064  3712  3712 I Glide   : com.bumptech.glide.load.HttpException: 
08-04 12:58:25.064  3712  3712 I Glide   : 	at com.bumptech.glide.integration.okhttp3.OkHttpStreamFetcher.onResponse(OkHttpStreamFetcher.java:73)
08-04 12:58:25.064  3712  3712 I Glide   : 	at okhttp3.RealCall$AsyncCall.execute(RealCall.java:174)
08-04 12:58:25.064  3712  3712 I Glide   : 	at okhttp3.internal.NamedRunnable.run(NamedRunnable.java:32)
08-04 12:58:25.064  3712  3712 I Glide   : 	at java.util.concurrent.ThreadPoolExecutor.runWorker(ThreadPoolExecutor.java:1113)
08-04 12:58:25.064  3712  3712 I Glide   : 	at java.util.concurrent.ThreadPoolExecutor$Worker.run(ThreadPoolExecutor.java:588)
08-04 12:58:25.064  3712  3712 I Glide   : 	at java.lang.Thread.run(Thread.java:818)
08-04 12:58:25.072  3712  3747 I art     : Explicit concurrent mark sweep GC freed 443(47KB) AllocSpace objects, 0(0B) LOS objects, 23% free, 50MB/66MB, paused 1.614ms total 44.363ms
08-04 12:58:25.086  3712  3747 I art     : Starting a blocking GC Explicit
08-04 12:58:25.133  3712  3747 I art     : Explicit concurrent mark sweep GC freed 167(6KB) AllocSpace objects, 0(0B) LOS objects, 23% free, 50MB/66MB, paused 1.574ms total 46.511ms
08-04 12:58:25.146  3712  3747 I art     : Starting a blocking GC Explicit
08-04 12:58:25.192  3712  3747 I art     : Explicit concurrent mark sweep GC freed 6(192B) AllocSpace objects, 0(0B) LOS objects, 23% free, 50MB/66MB, paused 1.623ms total 46.122ms
08-04 12:58:25.205  3712  3747 I art     : Starting a blocking GC Explicit
08-04 12:58:25.252  3712  3747 I art     : Explicit concurrent mark sweep GC freed 3(96B) AllocSpace objects, 0(0B) LOS objects, 23% free, 50MB/66MB, paused 1.615ms total 46.504ms
08-04 12:58:25.525  3644  3644 I ServiceManager: Waiting for service AtCmdFwd...
08-04 12:58:25.635  3712  3727 I art     : Starting a blocking GC Explicit
08-04 12:58:25.684  3712  3727 I art     : Explicit concurrent mark sweep GC freed 1395(81KB) AllocSpace objects, 1(20KB) LOS objects, 23% free, 50MB/66MB, paused 1.517ms total 48.339ms
08-04 12:58:25.698  3712  3727 I art     : Starting a blocking GC Explicit
08-04 12:58:25.739  3712  3727 I art     : Explicit concurrent mark sweep GC freed 35(1136B) AllocSpace objects, 0(0B) LOS objects, 23% free, 50MB/66MB, paused 1.643ms total 40.642ms
08-04 12:58:25.752  3712  3727 I art     : Starting a blocking GC Explicit
08-04 12:58:25.794  3712  3727 I art     : Explicit concurrent mark sweep GC freed 36(1184B) AllocSpace objects, 0(0B) LOS objects, 23% free, 50MB/66MB, paused 1.435ms total 42.055ms
08-04 12:58:25.808  3712  3727 I art     : Starting a blocking GC Explicit
08-04 12:58:25.850  3712  3727 I art     : Explicit concurrent mark sweep GC freed 42(1200B) AllocSpace objects, 0(0B) LOS objects, 23% free, 50MB/66MB, paused 1.584ms total 42.256ms
08-04 12:58:25.863  3712  3727 I art     : Starting a blocking GC Explicit
08-04 12:58:25.907  3712  3727 I art     : Explicit concurrent mark sweep GC freed 8(256B) AllocSpace objects, 0(0B) LOS objects, 23% free, 50MB/66MB, paused 1.508ms total 43.489ms
08-04 12:58:26.306  3712  6492 I art     : Starting a blocking GC Explicit
08-04 12:58:26.325 13866 13882 I PeriodicStatsRunner: PeriodicStatsRunner.call():175 call()
08-04 12:58:26.325 13866 13882 I PeriodicStatsRunner: PeriodicStatsRunner.call():179 No submit PeriodicStats since input started.
08-04 12:58:26.362  3712  6492 I art     : Explicit concurrent mark sweep GC freed 1381(81KB) AllocSpace objects, 1(20KB) LOS objects, 23% free, 50MB/66MB, paused 1.701ms total 55.201ms
08-04 12:58:26.378  3712  6492 I art     : Starting a blocking GC Explicit
08-04 12:58:26.426  3712  6492 I art     : Explicit concurrent mark sweep GC freed 23(752B) AllocSpace objects, 0(0B) LOS objects, 23% free, 50MB/66MB, paused 1.619ms total 47.560ms
08-04 12:58:26.440  3712  6492 I art     : Starting a blocking GC Explicit
08-04 12:58:26.487  3712  6492 I art     : Explicit concurrent mark sweep GC freed 3(96B) AllocSpace objects, 0(0B) LOS objects, 23% free, 50MB/66MB, paused 1.725ms total 47.374ms
08-04 12:58:26.501  3712  6492 I art     : Starting a blocking GC Explicit
08-04 12:58:26.527  3644  3644 I ServiceManager: Waiting for service AtCmdFwd...
08-04 12:58:26.548  3712  6492 I art     : Explicit concurrent mark sweep GC freed 3(96B) AllocSpace objects, 0(0B) LOS objects, 23% free, 50MB/66MB, paused 1.628ms total 47.411ms
08-04 12:58:26.562  3712  6492 I art     : Starting a blocking GC Explicit
08-04 12:58:26.611  3712  6492 I art     : Explicit concurrent mark sweep GC freed 3(96B) AllocSpace objects, 0(0B) LOS objects, 23% free, 50MB/66MB, paused 1.574ms total 48.788ms
08-04 12:58:26.710 13866 13882 I PeriodicStatsRunner: PeriodicStatsRunner.call():175 call()
08-04 12:58:26.710 13866 13882 I PeriodicStatsRunner: PeriodicStatsRunner.call():179 No submit PeriodicStats since input started.
08-04 12:58:26.996  3712  3747 I art     : Starting a blocking GC Explicit
08-04 12:58:27.048  3712  3747 I art     : Explicit concurrent mark sweep GC freed 1412(82KB) AllocSpace objects, 1(20KB) LOS objects, 23% free, 50MB/66MB, paused 1.524ms total 50.806ms
08-04 12:58:27.061  3712  3747 I art     : Starting a blocking GC Explicit
08-04 12:58:27.104  3712  3747 I art     : Explicit concurrent mark sweep GC freed 23(752B) AllocSpace objects, 0(0B) LOS objects, 23% free, 50MB/66MB, paused 1.553ms total 43.053ms
08-04 12:58:27.117  3712  3747 I art     : Starting a blocking GC Explicit
08-04 12:58:27.162  3712  3747 I art     : Explicit concurrent mark sweep GC freed 3(96B) AllocSpace objects, 0(0B) LOS objects, 23% free, 50MB/66MB, paused 1.613ms total 44.136ms
08-04 12:58:27.175  3712  3747 I art     : Starting a blocking GC Explicit
08-04 12:58:27.223  3712  3747 I art     : Explicit concurrent mark sweep GC freed 3(96B) AllocSpace objects, 0(0B) LOS objects, 23% free, 50MB/66MB, paused 1.603ms total 46.844ms
08-04 12:58:27.236  3712  3747 I art     : Starting a blocking GC Explicit
08-04 12:58:27.283  3712  3747 I art     : Explicit concurrent mark sweep GC freed 3(96B) AllocSpace objects, 0(0B) LOS objects, 23% free, 50MB/66MB, paused 1.598ms total 46.292ms
08-04 12:58:27.527  3644  3644 I ServiceManager: Waiting for service AtCmdFwd...
08-04 12:58:27.717  3712  3726 I art     : Starting a blocking GC Explicit
08-04 12:58:27.776  3712  3726 I art     : Explicit concurrent mark sweep GC freed 1382(82KB) AllocSpace objects, 1(20KB) LOS objects, 23% free, 50MB/66MB, paused 1.718ms total 57.516ms
08-04 12:58:27.791  3712  3726 I art     : Starting a blocking GC Explicit
08-04 12:58:27.799   518   646 I ThermalEngine: ACTION: GPU - Setting GPU[0] to 510000000
08-04 12:58:27.838  3712  3726 I art     : Explicit concurrent mark sweep GC freed 23(752B) AllocSpace objects, 0(0B) LOS objects, 23% free, 50MB/66MB, paused 1.972ms total 46.150ms
08-04 12:58:27.849  3712  3726 I art     : Starting a blocking GC Explicit
08-04 12:58:27.885  3712  3726 I art     : Explicit concurrent mark sweep GC freed 32(880B) AllocSpace objects, 0(0B) LOS objects, 23% free, 50MB/66MB, paused 1.184ms total 36.165ms
08-04 12:58:27.896  3712  3726 I art     : Starting a blocking GC Explicit
08-04 12:58:27.931  3712  3726 I art     : Explicit concurrent mark sweep GC freed 3(96B) AllocSpace objects, 0(0B) LOS objects, 23% free, 50MB/66MB, paused 1.134ms total 35.227ms
08-04 12:58:27.942  3712  3726 I art     : Starting a blocking GC Explicit
08-04 12:58:27.978  3712  3726 I art     : Explicit concurrent mark sweep GC freed 3(96B) AllocSpace objects, 0(0B) LOS objects, 23% free, 50MB/66MB, paused 1.299ms total 35.577ms
08-04 12:58:28.111 13866 13882 I PeriodicStatsRunner: PeriodicStatsRunner.call():175 call()
08-04 12:58:28.112 13866 13882 I PeriodicStatsRunner: PeriodicStatsRunner.call():179 No submit PeriodicStats since input started.
08-04 12:58:28.191   918  3359 I ActivityManager: Killing 25112:com.google.android.apps.gcs/u0a11 (adj 15): empty #17
08-04 12:58:28.228   918  3262 D WifiService: Client connection lost with reason: 4
08-04 12:58:28.345  3712  6492 I art     : Starting a blocking GC Explicit
08-04 12:58:28.390  3712  6492 I art     : Explicit concurrent mark sweep GC freed 1422(83KB) AllocSpace objects, 1(20KB) LOS objects, 23% free, 50MB/66MB, paused 1.441ms total 44.403ms
08-04 12:58:28.403  3712  6492 I art     : Starting a blocking GC Explicit
08-04 12:58:28.438  3712  6492 I art     : Explicit concurrent mark sweep GC freed 29(976B) AllocSpace objects, 0(0B) LOS objects, 23% free, 50MB/66MB, paused 1.212ms total 35.034ms
08-04 12:58:28.449  3712  6492 I art     : Starting a blocking GC Explicit
08-04 12:58:28.485  3712  6492 I art     : Explicit concurrent mark sweep GC freed 3(96B) AllocSpace objects, 0(0B) LOS objects, 23% free, 50MB/66MB, paused 1.228ms total 35.604ms
08-04 12:58:28.495  3712  6492 I art     : Starting a blocking GC Explicit
08-04 12:58:28.528  3644  3644 W Atfwd_Sendcmd: AtCmdFwd service not published, waiting... retryCnt : 2
08-04 12:58:28.531  3712  6492 I art     : Explicit concurrent mark sweep GC freed 3(96B) AllocSpace objects, 0(0B) LOS objects, 23% free, 50MB/66MB, paused 1.124ms total 35.769ms
08-04 12:58:28.542  3712  6492 I art     : Starting a blocking GC Explicit
08-04 12:58:28.577  3712  6492 I art     : Explicit concurrent mark sweep GC freed 3(96B) AllocSpace objects, 0(0B) LOS objects, 23% free, 50MB/66MB, paused 1.265ms total 35.028ms
08-04 12:58:28.923  3712  3747 I art     : Starting a blocking GC Explicit
08-04 12:58:28.962  3712  3747 I art     : Explicit concurrent mark sweep GC freed 1414(83KB) AllocSpace objects, 1(20KB) LOS objects, 23% free, 50MB/66MB, paused 1.191ms total 38.960ms
08-04 12:58:28.972  3712  3747 I art     : Starting a blocking GC Explicit
08-04 12:58:29.008  3712  3747 I art     : Explicit concurrent mark sweep GC freed 23(752B) AllocSpace objects, 0(0B) LOS objects, 23% free, 50MB/66MB, paused 1.307ms total 35.124ms
08-04 12:58:29.018  3712  3747 I art     : Starting a blocking GC Explicit
08-04 12:58:29.054  3712  3747 I art     : Explicit concurrent mark sweep GC freed 3(96B) AllocSpace objects, 0(0B) LOS objects, 23% free, 50MB/66MB, paused 1.132ms total 35.420ms
08-04 12:58:29.064  3712  3747 I art     : Starting a blocking GC Explicit
08-04 12:58:29.101  3712  3747 I art     : Explicit concurrent mark sweep GC freed 3(96B) AllocSpace objects, 0(0B) LOS objects, 23% free, 50MB/66MB, paused 1.205ms total 36.115ms
08-04 12:58:29.111  3712  3747 I art     : Starting a blocking GC Explicit
08-04 12:58:29.148  3712  3747 I art     : Explicit concurrent mark sweep GC freed 3(96B) AllocSpace objects, 0(0B) LOS objects, 23% free, 50MB/66MB, paused 1.300ms total 36.215ms
08-04 12:58:29.479  3712  3726 I art     : Starting a blocking GC Explicit
08-04 12:58:29.515  3712  3726 I art     : Explicit concurrent mark sweep GC freed 1384(81KB) AllocSpace objects, 1(20KB) LOS objects, 23% free, 50MB/66MB, paused 1.206ms total 34.924ms
08-04 12:58:29.525  3712  3726 I art     : Starting a blocking GC Explicit
08-04 12:58:29.558  3712  3726 I art     : Explicit concurrent mark sweep GC freed 23(752B) AllocSpace objects, 0(0B) LOS objects, 23% free, 50MB/66MB, paused 1.181ms total 32.748ms
08-04 12:58:29.568  3712  3726 I art     : Starting a blocking GC Explicit
08-04 12:58:29.602  3712  3726 I art     : Explicit concurrent mark sweep GC freed 3(96B) AllocSpace objects, 0(0B) LOS objects, 23% free, 50MB/66MB, paused 1.181ms total 33.618ms
08-04 12:58:29.612  3712  3726 I art     : Starting a blocking GC Explicit
08-04 12:58:29.645  3712  3726 I art     : Explicit concurrent mark sweep GC freed 3(96B) AllocSpace objects, 0(0B) LOS objects, 23% free, 50MB/66MB, paused 1.189ms total 33.638ms
08-04 12:58:29.655  3712  3726 I art     : Starting a blocking GC Explicit
08-04 12:58:29.688  3712  3726 I art     : Explicit concurrent mark sweep GC freed 3(96B) AllocSpace objects, 0(0B) LOS objects, 23% free, 50MB/66MB, paused 1.229ms total 32.874ms
08-04 12:58:29.737  7055  7055 D AndroidRuntime: >>>>>> START com.android.internal.os.RuntimeInit uid 2000 <<<<<<
08-04 12:58:29.742  7055  7055 D AndroidRuntime: CheckJNI is OFF
08-04 12:58:29.775  7055  7055 D ICU     : No timezone override file found: /data/misc/zoneinfo/current/icu/icu_tzdata.dat
08-04 12:58:29.808  7055  7055 I Radio-JNI: register_android_hardware_Radio DONE
08-04 12:58:29.830  7055  7055 D AndroidRuntime: Calling main entry com.android.commands.input.Input
08-04 12:58:29.832  7055  7055 I Input   : injectMotionEvent: MotionEvent { action=ACTION_DOWN, actionButton=0, id[0]=0, x[0]=526.0, y[0]=597.0, toolType[0]=TOOL_TYPE_UNKNOWN, buttonState=0, metaState=0, flags=0x0, edgeFlags=0x0, pointerCount=1, historySize=0, eventTime=709126245, downTime=709126245, deviceId=0, source=0x1002 }
08-04 12:58:29.837  7055  7055 I Input   : injectMotionEvent: MotionEvent { action=ACTION_UP, actionButton=0, id[0]=0, x[0]=526.0, y[0]=597.0, toolType[0]=TOOL_TYPE_UNKNOWN, buttonState=0, metaState=0, flags=0x0, edgeFlags=0x0, pointerCount=1, historySize=0, eventTime=709126245, downTime=709126245, deviceId=0, source=0x1002 }
08-04 12:58:29.839  7055  7055 D AndroidRuntime: Shutting down VM
08-04 12:58:29.904  3712  3712 D PodcastListFragment: Selected podcast: GpodnetPodcast [url=http://feeds.feedburner.com/linuxoutlaws, title=Linux Outlaws, description=Two pragmatic geeks talk about the latest news concerning Linux, free and open
08-04 12:58:29.904  3712  3712 D PodcastListFragment: technology or anything else they deem noteworthy which may include such absurd
08-04 12:58:29.904  3712  3712 D PodcastListFragment: things as hockey or bands you never heard of. This means there's many a joke
08-04 12:58:29.904  3712  3712 D PodcastListFragment: and derailed conversation along the way, so don't come here expecting only
08-04 12:58:29.904  3712  3712 D PodcastListFragment: Linux or software freedom talk  just sit back and relax, partner., subscribers=3321, logoUrl=http://sixgun.org/files/linuxoutlaws.jpg, website=http://sixgun.org, mygpoLink=http://gpodder.net/podcast/linux-outlaws-mp3]
08-04 12:58:29.905   918  5481 I ActivityManager: START u0 {cmp=baseline.de.danoeh.antennapod.debug/baseline.de.danoeh.antennapod.activity.OnlineFeedViewActivity (has extras)} from uid 10670 on display 0
08-04 12:58:29.905   512  2967 D audio_hw_primary: out_set_parameters: enter: usecase(1: low-latency-playback) kvpairs: routing=2
08-04 12:58:29.918   512  2967 D audio_hw_primary: select_devices: out_snd_device(2: speaker) in_snd_device(0: none)
08-04 12:58:29.919   512  2967 D msm8974_platform: platform_send_audio_calibration: sending audio calibration for snd_device(2) acdb_id(15)
08-04 12:58:29.919   512  2967 I soundtrigger: audio_extn_sound_trigger_update_device_status: device 0x2 of type 0 for Event 1
08-04 12:58:29.929   512  2967 D audio_hw_primary: enable_snd_device: snd_device(2: speaker)
08-04 12:58:29.932   512  2967 D audio_hw_primary: enable_audio_route: apply and update mixer path: low-latency-playback speaker
08-04 12:58:29.933  3712  3712 D UserPreferences: Using default data folder
08-04 12:58:29.933  3712  3712 D OnlineFeedViewActivity: Activity was started with url http://feeds.feedburner.com/linuxoutlaws
08-04 12:58:29.936  3712  3712 D OnlineFeedViewActivity: Starting feed download
08-04 12:58:29.938  3712  4319 D DBReader: Extracting Feedlist
08-04 12:58:29.940   918  6110 D WifiService: acquireWifiLockLocked: WifiLock{Downloader type=1 binder=android.os.BinderProxy@d80e008}
08-04 12:58:29.941  3712  4319 D AntennapodHttpClient: Creating new instance of HTTP client
08-04 12:58:29.987 13866 13866 I GoogleInputMethodServic: GoogleInputMethodService.onFinishInput():3138 
08-04 12:58:29.988 13866 13866 I GoogleInputMethodServic: GoogleInputMethodService.onStartInput():1808 
08-04 12:58:30.005  3712  3726 I art     : Starting a blocking GC Explicit
08-04 12:58:30.010   918   936 I ActivityManager: Displayed baseline.de.danoeh.antennapod.debug/baseline.de.danoeh.antennapod.activity.OnlineFeedViewActivity: +96ms
08-04 12:58:30.037  3712  3736 D OpenGLRenderer: endAllStagingAnimators on 0x7f7c23b800 (GridView) with handle 0x7f7e411e60
08-04 12:58:30.044  3712  3726 I art     : Explicit concurrent mark sweep GC freed 2857(201KB) AllocSpace objects, 2(40KB) LOS objects, 23% free, 51MB/67MB, paused 1.384ms total 38.993ms
08-04 12:58:30.055  3712  3726 I art     : Starting a blocking GC Explicit
08-04 12:58:30.074  3712  4319 D MYTAG   : interceptor 3a http://feeds.feedburner.com/linuxoutlaws
08-04 12:58:30.074  3712  4319 I NAPPA_EXPERIMENTATION: MetricNetworkRequestExecutionTime: REQUEST_DURATION_SYSTEM='132',REQUEST_DURATION_OKHTTP='30',REQUEST_SYNCHRONOUS='TRUE',RESPONSE_CODE='200',RESPONSE_METHOD='GET',RESPONSE_LENGTH_OKHTTP='-1',RESPONSE_LENGTH_HEADER='-2',REQUEST_PROTOCOL='http/1.1',REQUEST_URL='http://feeds.feedburner.com/linuxoutlaws',
08-04 12:58:30.075  3712  4319 D HttpDownloader: Response code is 200
08-04 12:58:30.075  3712  4319 D UserPreferences: Using default data folder
08-04 12:58:30.077  3712  4319 D HttpDownloader: Getting size of download
08-04 12:58:30.077  3712  4319 D HttpDownloader: Size is -1
08-04 12:58:30.077  3712  4319 D UserPreferences: Using default data folder
08-04 12:58:30.077  3712  4319 D HttpDownloader: Free space is 20254478336
08-04 12:58:30.077  3712  4319 D HttpDownloader: Starting download
08-04 12:58:30.080  3712  4319 D HttpDownloader: Download was successful
08-04 12:58:30.080   918  3670 D WifiService: releaseWifiLockLocked: WifiLock{Downloader type=1 binder=android.os.BinderProxy@d80e008}
08-04 12:58:30.080  3712  3712 D OnlineFeedViewActivity: Parsing feed
08-04 12:58:30.083  3712  7090 D TypeGetter: Recognized type RSS 2.0
08-04 12:58:30.085  3712  7090 D SyndHandler: Recognized Content namespace
08-04 12:58:30.086  3712  7090 D SyndHandler: Recognized DublinCore namespace
08-04 12:58:30.086  3712  7090 D SyndHandler: Recognized Atom namespace
08-04 12:58:30.088  3712  7090 D SyndHandler: Recognized ITunes namespace
08-04 12:58:30.088  3712  7090 D SyndHandler: Recognized media namespace
08-04 12:58:30.088  3712  3726 I art     : Explicit concurrent mark sweep GC freed 763(181KB) AllocSpace objects, 3(60KB) LOS objects, 23% free, 51MB/67MB, paused 1.492ms total 32.804ms
08-04 12:58:30.098  3712  3726 I art     : Starting a blocking GC Explicit
08-04 12:58:30.119  3712  7090 D OnlineFeedViewActivity: Deleted feed source file. Result: true
08-04 12:58:30.120  3712  3712 D OnlineFeedViewActivity: Removing HTML from shownotes
08-04 12:58:30.133  3712  3726 I art     : Explicit concurrent mark sweep GC freed 3928(503KB) AllocSpace objects, 11(748KB) LOS objects, 23% free, 51MB/67MB, paused 1.531ms total 34.533ms
08-04 12:58:30.142  3712  4786 D ApOkHttpUrlLoader: buildLoadData() called with: model = [http://sixgun.org/files/linuxoutlaws.jpg], width = [350], height = [350]
08-04 12:58:30.143  3712  3726 I art     : Starting a blocking GC Explicit
08-04 12:58:30.144  3712  4587 D DBReader: getImageAuthentication() called with: imageUrl = [http://sixgun.org/files/linuxoutlaws.jpg]
08-04 12:58:30.147  3712  4587 D ApOkHttpUrlLoader: no credentials for 'http://sixgun.org/files/linuxoutlaws.jpg'
08-04 12:58:30.177  3712  4587 D DBWriter: updateFeedDownloadURL(original: http://sixgun.org/files/linuxoutlaws.jpg, updated: https://fab.industries/sixgun/files/linuxoutlaws.jpg)
08-04 12:58:30.179  3712  3726 I art     : Explicit concurrent mark sweep GC freed 8366(444KB) AllocSpace objects, 0(0B) LOS objects, 23% free, 51MB/67MB, paused 1.628ms total 35.414ms
08-04 12:58:30.189  3712  3726 I art     : Starting a blocking GC Explicit
08-04 12:58:30.222  3712  3726 I art     : Explicit concurrent mark sweep GC freed 865(40KB) AllocSpace objects, 0(0B) LOS objects, 23% free, 51MB/67MB, paused 1.166ms total 32.871ms
08-04 12:58:30.259   380   380 W SurfaceFlinger: couldn't log to binary event log: overflow.
08-04 12:58:30.309  3712  4587 D MYTAG   : interceptor 2a
08-04 12:58:30.310  3712  4587 I NAPPA_EXPERIMENTATION: MetricNetworkRequestExecutionTime: REQUEST_DURATION_SYSTEM='162',REQUEST_DURATION_OKHTTP='130',REQUEST_SYNCHRONOUS='TRUE',RESPONSE_CODE='404',RESPONSE_METHOD='GET',RESPONSE_LENGTH_OKHTTP='-1',RESPONSE_LENGTH_HEADER='1503',REQUEST_PROTOCOL='h2',REQUEST_URL='https://fab.industries/sixgun/files/linuxoutlaws.jpg',
08-04 12:58:30.311  3712  3712 W Glide   : Load failed for http://sixgun.org/files/linuxoutlaws.jpg with size [350x350]
08-04 12:58:30.311  3712  3712 W Glide   : class com.bumptech.glide.load.engine.GlideException: Failed to load resource
08-04 12:58:30.311  3712  3712 W Glide   : There was 1 cause:
08-04 12:58:30.311  3712  3712 W Glide   : com.bumptech.glide.load.HttpException()
08-04 12:58:30.311  3712  3712 W Glide   :  call GlideException#logRootCauses(String) for more detail
08-04 12:58:30.311  3712  3712 W Glide   :   Cause (1 of 1): class com.bumptech.glide.load.engine.GlideException: Fetching data failed, class java.io.InputStream, REMOTE
08-04 12:58:30.311  3712  3712 W Glide   : There was 1 cause:
08-04 12:58:30.311  3712  3712 W Glide   : com.bumptech.glide.load.HttpException()
08-04 12:58:30.311  3712  3712 W Glide   :  call GlideException#logRootCauses(String) for more detail
08-04 12:58:30.311  3712  3712 W Glide   :     Cause (1 of 1): class com.bumptech.glide.load.HttpException: 
08-04 12:58:30.311  3712  3712 I Glide   : Root cause (1 of 1)
08-04 12:58:30.311  3712  3712 I Glide   : com.bumptech.glide.load.HttpException: 
08-04 12:58:30.311  3712  3712 I Glide   : 	at com.bumptech.glide.integration.okhttp3.OkHttpStreamFetcher.onResponse(OkHttpStreamFetcher.java:73)
08-04 12:58:30.311  3712  3712 I Glide   : 	at okhttp3.RealCall$AsyncCall.execute(RealCall.java:174)
08-04 12:58:30.311  3712  3712 I Glide   : 	at okhttp3.internal.NamedRunnable.run(NamedRunnable.java:32)
08-04 12:58:30.311  3712  3712 I Glide   : 	at java.util.concurrent.ThreadPoolExecutor.runWorker(ThreadPoolExecutor.java:1113)
08-04 12:58:30.311  3712  3712 I Glide   : 	at java.util.concurrent.ThreadPoolExecutor$Worker.run(ThreadPoolExecutor.java:588)
08-04 12:58:30.311  3712  3712 I Glide   : 	at java.lang.Thread.run(Thread.java:818)
08-04 12:58:30.386  3712  3712 D PlaybackController: Releasing PlaybackController
08-04 12:58:30.468   512  2967 D audio_hw_primary: disable_audio_route: reset and update mixer path: low-latency-playback speaker
08-04 12:58:30.469   512  2967 D audio_hw_primary: disable_snd_device: snd_device(2: speaker)
08-04 12:58:30.477   512  2967 I soundtrigger: audio_extn_sound_trigger_update_device_status: device 0x2 of type 0 for Event 0
08-04 12:58:30.534  3712  3747 I art     : Starting a blocking GC Explicit
08-04 12:58:30.576  3712  3747 I art     : Explicit concurrent mark sweep GC freed 2172(146KB) AllocSpace objects, 2(132KB) LOS objects, 23% free, 51MB/67MB, paused 1.280ms total 41.948ms
08-04 12:58:30.587  3712  3747 I art     : Starting a blocking GC Explicit
08-04 12:58:30.624  3712  3747 I art     : Explicit concurrent mark sweep GC freed 58(2032B) AllocSpace objects, 0(0B) LOS objects, 23% free, 51MB/67MB, paused 1.194ms total 36.603ms
08-04 12:58:30.634  3712  3747 I art     : Starting a blocking GC Explicit
08-04 12:58:30.671  3712  3747 I art     : Explicit concurrent mark sweep GC freed 3(96B) AllocSpace objects, 0(0B) LOS objects, 23% free, 51MB/67MB, paused 1.218ms total 37.038ms
08-04 12:58:30.682  3712  3747 I art     : Starting a blocking GC Explicit
08-04 12:58:30.720  3712  3747 I art     : Explicit concurrent mark sweep GC freed 3(96B) AllocSpace objects, 0(0B) LOS objects, 23% free, 51MB/67MB, paused 1.221ms total 37.627ms
08-04 12:58:30.731  3712  3747 I art     : Starting a blocking GC Explicit
08-04 12:58:30.769  3712  3747 I art     : Explicit concurrent mark sweep GC freed 3(96B) AllocSpace objects, 0(0B) LOS objects, 23% free, 51MB/67MB, paused 1.212ms total 37.687ms
08-04 12:58:31.089  3712  4218 I art     : Starting a blocking GC Explicit
08-04 12:58:31.138  3712  4218 I art     : Explicit concurrent mark sweep GC freed 1410(81KB) AllocSpace objects, 1(20KB) LOS objects, 23% free, 51MB/67MB, paused 1.333ms total 48.533ms
08-04 12:58:31.149  3712  4218 I art     : Starting a blocking GC Explicit
08-04 12:58:31.185  3712  4218 I art     : Explicit concurrent mark sweep GC freed 23(752B) AllocSpace objects, 0(0B) LOS objects, 23% free, 51MB/67MB, paused 1.193ms total 35.735ms
08-04 12:58:31.196  3712  4218 I art     : Starting a blocking GC Explicit
08-04 12:58:31.233  3712  4218 I art     : Explicit concurrent mark sweep GC freed 3(96B) AllocSpace objects, 0(0B) LOS objects, 23% free, 51MB/67MB, paused 1.212ms total 37.564ms
08-04 12:58:31.244  3712  4218 I art     : Starting a blocking GC Explicit
08-04 12:58:31.281  3712  4218 I art     : Explicit concurrent mark sweep GC freed 3(96B) AllocSpace objects, 0(0B) LOS objects, 23% free, 51MB/67MB, paused 1.189ms total 36.764ms
08-04 12:58:31.292  3712  4218 I art     : Starting a blocking GC Explicit
08-04 12:58:31.330  3712  4218 I art     : Explicit concurrent mark sweep GC freed 3(96B) AllocSpace objects, 0(0B) LOS objects, 23% free, 51MB/67MB, paused 1.231ms total 37.595ms
08-04 12:58:31.707  3712  6492 I art     : Starting a blocking GC Explicit
08-04 12:58:31.755  3712  6492 I art     : Explicit concurrent mark sweep GC freed 1382(81KB) AllocSpace objects, 1(20KB) LOS objects, 23% free, 51MB/67MB, paused 1.257ms total 48.170ms
08-04 12:58:31.771  3712  6492 I art     : Starting a blocking GC Explicit
08-04 12:58:31.810  3712  6492 I art     : Explicit concurrent mark sweep GC freed 29(944B) AllocSpace objects, 0(0B) LOS objects, 23% free, 51MB/67MB, paused 1.185ms total 37.883ms
08-04 12:58:31.820  3712  6492 I art     : Starting a blocking GC Explicit
08-04 12:58:31.853  3712  6492 I art     : Explicit concurrent mark sweep GC freed 38(1072B) AllocSpace objects, 0(0B) LOS objects, 23% free, 51MB/67MB, paused 1.086ms total 32.433ms
08-04 12:58:31.863  3712  6492 I art     : Starting a blocking GC Explicit
08-04 12:58:31.897  3712  6492 I art     : Explicit concurrent mark sweep GC freed 9(288B) AllocSpace objects, 0(0B) LOS objects, 23% free, 51MB/67MB, paused 1.214ms total 34.418ms
08-04 12:58:31.908  3712  6492 I art     : Starting a blocking GC Explicit
08-04 12:58:31.944  3712  6492 I art     : Explicit concurrent mark sweep GC freed 7(224B) AllocSpace objects, 0(0B) LOS objects, 23% free, 51MB/67MB, paused 1.120ms total 35.163ms
08-04 12:58:32.294  3712  3726 I art     : Starting a blocking GC Explicit
08-04 12:58:32.339  3712  3726 I art     : Explicit concurrent mark sweep GC freed 1388(81KB) AllocSpace objects, 1(20KB) LOS objects, 23% free, 51MB/67MB, paused 1.245ms total 44.826ms
08-04 12:58:32.350  3712  3726 I art     : Starting a blocking GC Explicit
08-04 12:58:32.386  3712  3726 I art     : Explicit concurrent mark sweep GC freed 23(752B) AllocSpace objects, 0(0B) LOS objects, 23% free, 51MB/67MB, paused 1.106ms total 35.507ms
08-04 12:58:32.397  3712  3726 I art     : Starting a blocking GC Explicit
08-04 12:58:32.431  3712  3726 I art     : Explicit concurrent mark sweep GC freed 3(96B) AllocSpace objects, 0(0B) LOS objects, 23% free, 51MB/67MB, paused 1.174ms total 34.537ms
08-04 12:58:32.442  3712  3726 I art     : Starting a blocking GC Explicit
08-04 12:58:32.478  3712  3726 I art     : Explicit concurrent mark sweep GC freed 3(96B) AllocSpace objects, 0(0B) LOS objects, 23% free, 51MB/67MB, paused 1.226ms total 36.665ms
08-04 12:58:32.489  3712  3726 I art     : Starting a blocking GC Explicit
08-04 12:58:32.526  3712  3726 I art     : Explicit concurrent mark sweep GC freed 3(96B) AllocSpace objects, 0(0B) LOS objects, 23% free, 51MB/67MB, paused 1.378ms total 36.707ms
08-04 12:58:32.914  3712  3727 I art     : Starting a blocking GC Explicit
08-04 12:58:32.955  3712  3727 I art     : Explicit concurrent mark sweep GC freed 1410(81KB) AllocSpace objects, 1(20KB) LOS objects, 23% free, 51MB/67MB, paused 1.228ms total 40.427ms
08-04 12:58:32.966  3712  3727 I art     : Starting a blocking GC Explicit
08-04 12:58:33.004  3712  3727 I art     : Explicit concurrent mark sweep GC freed 23(752B) AllocSpace objects, 0(0B) LOS objects, 23% free, 51MB/67MB, paused 1.172ms total 37.761ms
08-04 12:58:33.015  3712  3727 I art     : Starting a blocking GC Explicit
08-04 12:58:33.051  3712  3727 I art     : Explicit concurrent mark sweep GC freed 3(96B) AllocSpace objects, 0(0B) LOS objects, 23% free, 51MB/67MB, paused 1.199ms total 36.384ms
08-04 12:58:33.062  3712  3727 I art     : Starting a blocking GC Explicit
08-04 12:58:33.099  3712  3727 I art     : Explicit concurrent mark sweep GC freed 3(96B) AllocSpace objects, 0(0B) LOS objects, 23% free, 51MB/67MB, paused 1.238ms total 36.872ms
08-04 12:58:33.110  3712  3727 I art     : Starting a blocking GC Explicit
08-04 12:58:33.147  3712  3727 I art     : Explicit concurrent mark sweep GC freed 3(96B) AllocSpace objects, 0(0B) LOS objects, 23% free, 51MB/67MB, paused 1.378ms total 37.569ms
08-04 12:58:33.457  3712  4218 I art     : Starting a blocking GC Explicit
08-04 12:58:33.502  3712  4218 I art     : Explicit concurrent mark sweep GC freed 1383(84KB) AllocSpace objects, 1(20KB) LOS objects, 23% free, 51MB/67MB, paused 1.346ms total 44.749ms
08-04 12:58:33.515  3712  4218 I art     : Starting a blocking GC Explicit
08-04 12:58:33.552  3712  4218 I art     : Explicit concurrent mark sweep GC freed 37(1200B) AllocSpace objects, 0(0B) LOS objects, 23% free, 51MB/67MB, paused 1.202ms total 36.909ms
08-04 12:58:33.563  3712  4218 I art     : Starting a blocking GC Explicit
08-04 12:58:33.600  3712  4218 I art     : Explicit concurrent mark sweep GC freed 3(96B) AllocSpace objects, 0(0B) LOS objects, 23% free, 51MB/67MB, paused 1.244ms total 37.164ms
08-04 12:58:33.611  3712  4218 I art     : Starting a blocking GC Explicit
08-04 12:58:33.647  3712  4218 I art     : Explicit concurrent mark sweep GC freed 3(96B) AllocSpace objects, 0(0B) LOS objects, 23% free, 51MB/67MB, paused 1.234ms total 35.967ms
08-04 12:58:33.657  3712  4218 I art     : Starting a blocking GC Explicit
08-04 12:58:33.694  3712  4218 I art     : Explicit concurrent mark sweep GC freed 3(96B) AllocSpace objects, 0(0B) LOS objects, 23% free, 51MB/67MB, paused 1.179ms total 36.712ms
08-04 12:58:34.043  3712  3726 I art     : Starting a blocking GC Explicit
08-04 12:58:34.089  3712  3726 I art     : Explicit concurrent mark sweep GC freed 1413(82KB) AllocSpace objects, 1(20KB) LOS objects, 23% free, 51MB/67MB, paused 1.464ms total 46.001ms
08-04 12:58:34.102  3712  3726 I art     : Starting a blocking GC Explicit
08-04 12:58:34.138  3712  3726 I art     : Explicit concurrent mark sweep GC freed 23(752B) AllocSpace objects, 0(0B) LOS objects, 23% free, 51MB/67MB, paused 1.206ms total 35.156ms
08-04 12:58:34.148  3712  3726 I art     : Starting a blocking GC Explicit
08-04 12:58:34.183  3712  3726 I art     : Explicit concurrent mark sweep GC freed 3(96B) AllocSpace objects, 0(0B) LOS objects, 23% free, 51MB/67MB, paused 1.205ms total 34.588ms
08-04 12:58:34.193  3712  3726 I art     : Starting a blocking GC Explicit
08-04 12:58:34.227  3712  3726 I art     : Explicit concurrent mark sweep GC freed 3(96B) AllocSpace objects, 0(0B) LOS objects, 23% free, 51MB/67MB, paused 1.272ms total 34.455ms
08-04 12:58:34.238  3712  3726 I art     : Starting a blocking GC Explicit
08-04 12:58:34.272  3712  3726 I art     : Explicit concurrent mark sweep GC freed 3(96B) AllocSpace objects, 0(0B) LOS objects, 23% free, 51MB/67MB, paused 1.201ms total 34.508ms
08-04 12:58:34.515  7163  7163 D AndroidRuntime: >>>>>> START com.android.internal.os.RuntimeInit uid 2000 <<<<<<
08-04 12:58:34.520  7163  7163 D AndroidRuntime: CheckJNI is OFF
08-04 12:58:34.553  7163  7163 D ICU     : No timezone override file found: /data/misc/zoneinfo/current/icu/icu_tzdata.dat
08-04 12:58:34.587  7163  7163 I Radio-JNI: register_android_hardware_Radio DONE
08-04 12:58:34.610  7163  7163 D AndroidRuntime: Calling main entry com.android.commands.input.Input
08-04 12:58:34.611  7163  7163 I Input   : injectKeyEvent: KeyEvent { action=ACTION_DOWN, keyCode=KEYCODE_BACK, scanCode=0, metaState=0, flags=0x0, repeatCount=0, eventTime=709131024, downTime=709131024, deviceId=-1, source=0x101 }
08-04 12:58:34.616  7163  7163 I Input   : injectKeyEvent: KeyEvent { action=ACTION_UP, keyCode=KEYCODE_BACK, scanCode=0, metaState=0, flags=0x0, repeatCount=0, eventTime=709131024, downTime=709131024, deviceId=-1, source=0x101 }
08-04 12:58:34.620  3712  3727 I art     : Starting a blocking GC Explicit
08-04 12:58:34.622  7163  7163 D AndroidRuntime: Shutting down VM
08-04 12:58:34.629  3712  3712 V PlaybackController: initServiceNotRunning()
08-04 12:58:34.630  3712  3712 D ExternalPlayerFragment: Loading media info
08-04 12:58:34.632  3712  4786 D ApOkHttpUrlLoader: buildLoadData() called with: model = [http://sixgun.org/files/linuxoutlaws.jpg], width = [224], height = [224]
08-04 12:58:34.633  3712  4587 D DBReader: getImageAuthentication() called with: imageUrl = [http://sixgun.org/files/linuxoutlaws.jpg]
08-04 12:58:34.636  3712  4587 D ApOkHttpUrlLoader: no credentials for 'http://sixgun.org/files/linuxoutlaws.jpg'
08-04 12:58:34.637  3712  3712 D UserPreferences: Using default data folder
08-04 12:58:34.637  3712  4319 D DBReader: getNavDrawerData() called with: 
08-04 12:58:34.648  3712  4319 D DBReader: getDownloadedItems() called
08-04 12:58:34.649  3712  4319 D DBReader: getFavoriteIDList() called
08-04 12:58:34.649  3712  4319 D DBReader: getQueueIDList() called
08-04 12:58:34.650  3712  4319 D DBReader: Extracting Feedlist
08-04 12:58:34.655  3712  3727 I art     : Explicit concurrent mark sweep GC freed 2251(144KB) AllocSpace objects, 1(20KB) LOS objects, 23% free, 51MB/67MB, paused 1.198ms total 34.997ms
08-04 12:58:34.665  3712  3727 I art     : Starting a blocking GC Explicit
08-04 12:58:34.665 13866 13866 I GoogleInputMethodServic: GoogleInputMethodService.onFinishInput():3138 
08-04 12:58:34.666 13866 13866 I GoogleInputMethodServic: GoogleInputMethodService.onStartInput():1808 
08-04 12:58:34.681  3712  3712 D MainActivity: getLastNavFragment() -> AddFeedFragment
08-04 12:58:34.699  3712  3727 I art     : Explicit concurrent mark sweep GC freed 776(34KB) AllocSpace objects, 0(0B) LOS objects, 23% free, 51MB/67MB, paused 1.626ms total 34.429ms
08-04 12:58:34.709  3712  3727 I art     : Starting a blocking GC Explicit
08-04 12:58:34.741  3712  3727 I art     : Explicit concurrent mark sweep GC freed 219(11KB) AllocSpace objects, 0(0B) LOS objects, 23% free, 51MB/67MB, paused 1.080ms total 30.888ms
08-04 12:58:34.750  3712  3727 I art     : Starting a blocking GC Explicit
08-04 12:58:34.781  3712  4587 D DBWriter: updateFeedDownloadURL(original: http://sixgun.org/files/linuxoutlaws.jpg, updated: https://fab.industries/sixgun/files/linuxoutlaws.jpg)
08-04 12:58:34.782  3712  3727 I art     : Explicit concurrent mark sweep GC freed 130(8KB) AllocSpace objects, 0(0B) LOS objects, 23% free, 51MB/67MB, paused 1.147ms total 31.447ms
08-04 12:58:34.793  3712  3727 I art     : Starting a blocking GC Explicit
08-04 12:58:34.826  3712  3727 I art     : Explicit concurrent mark sweep GC freed 224(12KB) AllocSpace objects, 0(0B) LOS objects, 23% free, 51MB/67MB, paused 1.257ms total 33.219ms
08-04 12:58:34.918  3712  4587 D MYTAG   : interceptor 2a
08-04 12:58:34.918  3712  4587 I NAPPA_EXPERIMENTATION: MetricNetworkRequestExecutionTime: REQUEST_DURATION_SYSTEM='282',REQUEST_DURATION_OKHTTP='133',REQUEST_SYNCHRONOUS='TRUE',RESPONSE_CODE='404',RESPONSE_METHOD='GET',RESPONSE_LENGTH_OKHTTP='-1',RESPONSE_LENGTH_HEADER='1503',REQUEST_PROTOCOL='h2',REQUEST_URL='https://fab.industries/sixgun/files/linuxoutlaws.jpg',
08-04 12:58:34.920  3712  3712 W Glide   : Load failed for http://sixgun.org/files/linuxoutlaws.jpg with size [224x224]
08-04 12:58:34.920  3712  3712 W Glide   : class com.bumptech.glide.load.engine.GlideException: Failed to load resource
08-04 12:58:34.920  3712  3712 W Glide   : There was 1 cause:
08-04 12:58:34.920  3712  3712 W Glide   : com.bumptech.glide.load.HttpException()
08-04 12:58:34.920  3712  3712 W Glide   :  call GlideException#logRootCauses(String) for more detail
08-04 12:58:34.920  3712  3712 W Glide   :   Cause (1 of 1): class com.bumptech.glide.load.engine.GlideException: Fetching data failed, class java.io.InputStream, REMOTE
08-04 12:58:34.920  3712  3712 W Glide   : There was 1 cause:
08-04 12:58:34.920  3712  3712 W Glide   : com.bumptech.glide.load.HttpException()
08-04 12:58:34.920  3712  3712 W Glide   :  call GlideException#logRootCauses(String) for more detail
08-04 12:58:34.920  3712  3712 W Glide   :     Cause (1 of 1): class com.bumptech.glide.load.HttpException: 
08-04 12:58:34.920  3712  3712 I Glide   : Root cause (1 of 1)
08-04 12:58:34.920  3712  3712 I Glide   : com.bumptech.glide.load.HttpException: 
08-04 12:58:34.920  3712  3712 I Glide   : 	at com.bumptech.glide.integration.okhttp3.OkHttpStreamFetcher.onResponse(OkHttpStreamFetcher.java:73)
08-04 12:58:34.920  3712  3712 I Glide   : 	at okhttp3.RealCall$AsyncCall.execute(RealCall.java:174)
08-04 12:58:34.920  3712  3712 I Glide   : 	at okhttp3.internal.NamedRunnable.run(NamedRunnable.java:32)
08-04 12:58:34.920  3712  3712 I Glide   : 	at java.util.concurrent.ThreadPoolExecutor.runWorker(ThreadPoolExecutor.java:1113)
08-04 12:58:34.920  3712  3712 I Glide   : 	at java.util.concurrent.ThreadPoolExecutor$Worker.run(ThreadPoolExecutor.java:588)
08-04 12:58:34.920  3712  3712 I Glide   : 	at java.lang.Thread.run(Thread.java:818)
08-04 12:58:34.920  3712  3712 W Glide   : Load failed for http://sixgun.org/files/linuxoutlaws.jpg with size [224x224]
08-04 12:58:34.920  3712  3712 W Glide   : class com.bumptech.glide.load.engine.GlideException: Failed to load resource
08-04 12:58:34.920  3712  3712 W Glide   : There was 1 cause:
08-04 12:58:34.920  3712  3712 W Glide   : com.bumptech.glide.load.HttpException()
08-04 12:58:34.920  3712  3712 W Glide   :  call GlideException#logRootCauses(String) for more detail
08-04 12:58:34.920  3712  3712 W Glide   :   Cause (1 of 1): class com.bumptech.glide.load.engine.GlideException: Fetching data failed, class java.io.InputStream, REMOTE
08-04 12:58:34.920  3712  3712 W Glide   : There was 1 cause:
08-04 12:58:34.920  3712  3712 W Glide   : com.bumptech.glide.load.HttpException()
08-04 12:58:34.920  3712  3712 W Glide   :  call GlideException#logRootCauses(String) for more detail
08-04 12:58:34.920  3712  3712 W Glide   :     Cause (1 of 1): class com.bumptech.glide.load.HttpException: 
08-04 12:58:34.921  3712  3712 I Glide   : Root cause (1 of 1)
08-04 12:58:34.921  3712  3712 I Glide   : com.bumptech.glide.load.HttpException: 
08-04 12:58:34.921  3712  3712 I Glide   : 	at com.bumptech.glide.integration.okhttp3.OkHttpStreamFetcher.onResponse(OkHttpStreamFetcher.java:73)
08-04 12:58:34.921  3712  3712 I Glide   : 	at okhttp3.RealCall$AsyncCall.execute(RealCall.java:174)
08-04 12:58:34.921  3712  3712 I Glide   : 	at okhttp3.internal.NamedRunnable.run(NamedRunnable.java:32)
08-04 12:58:34.921  3712  3712 I Glide   : 	at java.util.concurrent.ThreadPoolExecutor.runWorker(ThreadPoolExecutor.java:1113)
08-04 12:58:34.921  3712  3712 I Glide   : 	at java.util.concurrent.ThreadPoolExecutor$Worker.run(ThreadPoolExecutor.java:588)
08-04 12:58:34.921  3712  3712 I Glide   : 	at java.lang.Thread.run(Thread.java:818)
08-04 12:58:34.980   380   380 W SurfaceFlinger: couldn't log to binary event log: overflow.
08-04 12:58:34.988 13866 13882 I PeriodicStatsRunner: PeriodicStatsRunner.call():175 call()
08-04 12:58:34.989 13866 13882 I PeriodicStatsRunner: PeriodicStatsRunner.call():179 No submit PeriodicStats since input started.
08-04 12:58:35.113  3712  4218 I art     : Starting a blocking GC Explicit
08-04 12:58:35.152  3712  4218 I art     : Explicit concurrent mark sweep GC freed 2574(183KB) AllocSpace objects, 1(20KB) LOS objects, 23% free, 51MB/67MB, paused 1.241ms total 38.384ms
08-04 12:58:35.163  3712  4218 I art     : Starting a blocking GC Explicit
08-04 12:58:35.198  3712  4218 I art     : Explicit concurrent mark sweep GC freed 2895(237KB) AllocSpace objects, 1(28KB) LOS objects, 23% free, 50MB/66MB, paused 1.268ms total 35.331ms
08-04 12:58:35.208  3712  4218 I art     : Starting a blocking GC Explicit
08-04 12:58:35.244  3712  4218 I art     : Explicit concurrent mark sweep GC freed 3(96B) AllocSpace objects, 0(0B) LOS objects, 23% free, 50MB/66MB, paused 1.213ms total 35.719ms
08-04 12:58:35.255  3712  4218 I art     : Starting a blocking GC Explicit
08-04 12:58:35.291  3712  4218 I art     : Explicit concurrent mark sweep GC freed 3(96B) AllocSpace objects, 0(0B) LOS objects, 23% free, 50MB/66MB, paused 1.229ms total 36.224ms
08-04 12:58:35.302  3712  4218 I art     : Starting a blocking GC Explicit
08-04 12:58:35.339  3712  4218 I art     : Explicit concurrent mark sweep GC freed 3(96B) AllocSpace objects, 0(0B) LOS objects, 23% free, 50MB/66MB, paused 1.393ms total 36.769ms
08-04 12:58:35.687  3712  3727 I art     : Starting a blocking GC Explicit
08-04 12:58:35.733  3712  3727 I art     : Explicit concurrent mark sweep GC freed 1383(81KB) AllocSpace objects, 1(20KB) LOS objects, 23% free, 50MB/66MB, paused 1.339ms total 45.553ms
08-04 12:58:35.744  3712  3727 I art     : Starting a blocking GC Explicit
08-04 12:58:35.781  3712  3727 I art     : Explicit concurrent mark sweep GC freed 23(752B) AllocSpace objects, 0(0B) LOS objects, 23% free, 50MB/66MB, paused 1.215ms total 36.343ms
08-04 12:58:35.791  3712  3727 I art     : Starting a blocking GC Explicit
08-04 12:58:35.828  3712  3727 I art     : Explicit concurrent mark sweep GC freed 3(96B) AllocSpace objects, 0(0B) LOS objects, 23% free, 50MB/66MB, paused 1.420ms total 36.462ms
08-04 12:58:35.839  3712  3727 I art     : Starting a blocking GC Explicit
08-04 12:58:35.873  3712  3727 I art     : Explicit concurrent mark sweep GC freed 32(880B) AllocSpace objects, 0(0B) LOS objects, 23% free, 50MB/66MB, paused 1.115ms total 33.717ms
08-04 12:58:35.883  3712  3727 I art     : Starting a blocking GC Explicit
08-04 12:58:35.916  3712  3727 I art     : Explicit concurrent mark sweep GC freed 3(96B) AllocSpace objects, 0(0B) LOS objects, 23% free, 50MB/66MB, paused 1.236ms total 33.373ms
08-04 12:58:36.229  3712  6492 I art     : Starting a blocking GC Explicit
08-04 12:58:36.269  3712  6492 I art     : Explicit concurrent mark sweep GC freed 1385(81KB) AllocSpace objects, 1(20KB) LOS objects, 23% free, 50MB/66MB, paused 1.551ms total 40.598ms
08-04 12:58:36.278  7207  7207 D AndroidRuntime: >>>>>> START com.android.internal.os.RuntimeInit uid 2000 <<<<<<
08-04 12:58:36.283  3712  6492 I art     : Starting a blocking GC Explicit
08-04 12:58:36.283  7207  7207 D AndroidRuntime: CheckJNI is OFF
08-04 12:58:36.318  7207  7207 D ICU     : No timezone override file found: /data/misc/zoneinfo/current/icu/icu_tzdata.dat
08-04 12:58:36.318  3712  6492 I art     : Explicit concurrent mark sweep GC freed 36(1168B) AllocSpace objects, 0(0B) LOS objects, 23% free, 50MB/66MB, paused 1.949ms total 34.687ms
08-04 12:58:36.327  3712  6492 I art     : Starting a blocking GC Explicit
08-04 12:58:36.350  7207  7207 I Radio-JNI: register_android_hardware_Radio DONE
08-04 12:58:36.359  3712  6492 I art     : Explicit concurrent mark sweep GC freed 14(448B) AllocSpace objects, 0(0B) LOS objects, 23% free, 50MB/66MB, paused 1.320ms total 31.177ms
08-04 12:58:36.368  3712  6492 I art     : Starting a blocking GC Explicit
08-04 12:58:36.372  7207  7207 D AndroidRuntime: Calling main entry com.android.commands.input.Input
08-04 12:58:36.374  7207  7207 I Input   : injectMotionEvent: MotionEvent { action=ACTION_DOWN, actionButton=0, id[0]=0, x[0]=526.0, y[0]=597.0, toolType[0]=TOOL_TYPE_UNKNOWN, buttonState=0, metaState=0, flags=0x0, edgeFlags=0x0, pointerCount=1, historySize=0, eventTime=709132786, downTime=709132786, deviceId=0, source=0x1002 }
08-04 12:58:36.379  7207  7207 I Input   : injectMotionEvent: MotionEvent { action=ACTION_UP, actionButton=0, id[0]=0, x[0]=526.0, y[0]=597.0, toolType[0]=TOOL_TYPE_UNKNOWN, buttonState=0, metaState=0, flags=0x0, edgeFlags=0x0, pointerCount=1, historySize=0, eventTime=709132786, downTime=709132786, deviceId=0, source=0x1002 }
08-04 12:58:36.381  7207  7207 D AndroidRuntime: Shutting down VM
08-04 12:58:36.399  3712  6492 I art     : Explicit concurrent mark sweep GC freed 23(768B) AllocSpace objects, 0(0B) LOS objects, 23% free, 50MB/66MB, paused 1.180ms total 30.723ms
08-04 12:58:36.409  3712  6492 I art     : Starting a blocking GC Explicit
08-04 12:58:36.438  3712  6492 I art     : Explicit concurrent mark sweep GC freed 22(848B) AllocSpace objects, 0(0B) LOS objects, 23% free, 50MB/66MB, paused 1.072ms total 29.605ms
08-04 12:58:36.449  3712  3712 D PodcastListFragment: Selected podcast: GpodnetPodcast [url=http://feeds.feedburner.com/linuxoutlaws, title=Linux Outlaws, description=Two pragmatic geeks talk about the latest news concerning Linux, free and open
08-04 12:58:36.449  3712  3712 D PodcastListFragment: technology or anything else they deem noteworthy which may include such absurd
08-04 12:58:36.449  3712  3712 D PodcastListFragment: things as hockey or bands you never heard of. This means there's many a joke
08-04 12:58:36.449  3712  3712 D PodcastListFragment: and derailed conversation along the way, so don't come here expecting only
08-04 12:58:36.449  3712  3712 D PodcastListFragment: Linux or software freedom talk  just sit back and relax, partner., subscribers=3321, logoUrl=http://sixgun.org/files/linuxoutlaws.jpg, website=http://sixgun.org, mygpoLink=http://gpodder.net/podcast/linux-outlaws-mp3]
08-04 12:58:36.450   918  4413 I ActivityManager: START u0 {cmp=baseline.de.danoeh.antennapod.debug/baseline.de.danoeh.antennapod.activity.OnlineFeedViewActivity (has extras)} from uid 10670 on display 0
08-04 12:58:36.451   512  2967 D audio_hw_primary: out_set_parameters: enter: usecase(1: low-latency-playback) kvpairs: routing=2
08-04 12:58:36.464   512  2967 D audio_hw_primary: select_devices: out_snd_device(2: speaker) in_snd_device(0: none)
08-04 12:58:36.464   512  2967 D msm8974_platform: platform_send_audio_calibration: sending audio calibration for snd_device(2) acdb_id(15)
08-04 12:58:36.464   512  2967 I soundtrigger: audio_extn_sound_trigger_update_device_status: device 0x2 of type 0 for Event 1
08-04 12:58:36.476   512  2967 D audio_hw_primary: enable_snd_device: snd_device(2: speaker)
08-04 12:58:36.478   512  2967 D audio_hw_primary: enable_audio_route: apply and update mixer path: low-latency-playback speaker
08-04 12:58:36.493  3712  3712 D UserPreferences: Using default data folder
08-04 12:58:36.493  3712  3712 D OnlineFeedViewActivity: Activity was started with url http://feeds.feedburner.com/linuxoutlaws
08-04 12:58:36.495  3712  3712 D OnlineFeedViewActivity: Starting feed download
08-04 12:58:36.497  3712  3741 D DBReader: Extracting Feedlist
08-04 12:58:36.499   918  3961 D WifiService: acquireWifiLockLocked: WifiLock{Downloader type=1 binder=android.os.BinderProxy@67d0d6f}
08-04 12:58:36.500  3712  3741 D AntennapodHttpClient: Creating new instance of HTTP client
08-04 12:58:36.597   918   936 I ActivityManager: Displayed baseline.de.danoeh.antennapod.debug/baseline.de.danoeh.antennapod.activity.OnlineFeedViewActivity: +129ms
08-04 12:58:36.598 13866 13866 I GoogleInputMethodServic: GoogleInputMethodService.onFinishInput():3138 
08-04 12:58:36.600 13866 13866 I GoogleInputMethodServic: GoogleInputMethodService.onStartInput():1808 
08-04 12:58:36.622  3712  3736 D OpenGLRenderer: endAllStagingAnimators on 0x7f7c23b800 (GridView) with handle 0x7f725eaa80
08-04 12:58:36.624  3712  3741 D MYTAG   : interceptor 3a http://feeds.feedburner.com/linuxoutlaws
08-04 12:58:36.624  3712  3741 I NAPPA_EXPERIMENTATION: MetricNetworkRequestExecutionTime: REQUEST_DURATION_SYSTEM='123',REQUEST_DURATION_OKHTTP='29',REQUEST_SYNCHRONOUS='TRUE',RESPONSE_CODE='200',RESPONSE_METHOD='GET',RESPONSE_LENGTH_OKHTTP='-1',RESPONSE_LENGTH_HEADER='-2',REQUEST_PROTOCOL='http/1.1',REQUEST_URL='http://feeds.feedburner.com/linuxoutlaws',
08-04 12:58:36.624  3712  3741 D HttpDownloader: Response code is 200
08-04 12:58:36.624  3712  3741 D UserPreferences: Using default data folder
08-04 12:58:36.629  3712  3741 D HttpDownloader: Getting size of download
08-04 12:58:36.629  3712  3741 D HttpDownloader: Size is -1
08-04 12:58:36.629  3712  3741 D UserPreferences: Using default data folder
08-04 12:58:36.630  3712  3741 D HttpDownloader: Free space is 20254478336
08-04 12:58:36.630  3712  3741 D HttpDownloader: Starting download
08-04 12:58:36.635  3712  3741 D HttpDownloader: Download was successful
08-04 12:58:36.636   918  6029 D WifiService: releaseWifiLockLocked: WifiLock{Downloader type=1 binder=android.os.BinderProxy@67d0d6f}
08-04 12:58:36.636  3712  3712 D OnlineFeedViewActivity: Parsing feed
08-04 12:58:36.639  3712  7239 D TypeGetter: Recognized type RSS 2.0
08-04 12:58:36.640  3712  7239 D SyndHandler: Recognized Content namespace
08-04 12:58:36.640  3712  7239 D SyndHandler: Recognized DublinCore namespace
08-04 12:58:36.640  3712  7239 D SyndHandler: Recognized Atom namespace
08-04 12:58:36.641  3712  7239 D SyndHandler: Recognized ITunes namespace
08-04 12:58:36.641  3712  7239 D SyndHandler: Recognized media namespace
08-04 12:58:36.673  3712  7239 D OnlineFeedViewActivity: Deleted feed source file. Result: true
08-04 12:58:36.674  3712  3712 D OnlineFeedViewActivity: Removing HTML from shownotes
08-04 12:58:36.693  3712  4786 D ApOkHttpUrlLoader: buildLoadData() called with: model = [http://sixgun.org/files/linuxoutlaws.jpg], width = [350], height = [350]
08-04 12:58:36.694  3712  4587 D DBReader: getImageAuthentication() called with: imageUrl = [http://sixgun.org/files/linuxoutlaws.jpg]
08-04 12:58:36.698  3712  4587 D ApOkHttpUrlLoader: no credentials for 'http://sixgun.org/files/linuxoutlaws.jpg'
08-04 12:58:36.727  3712  4587 D DBWriter: updateFeedDownloadURL(original: http://sixgun.org/files/linuxoutlaws.jpg, updated: https://fab.industries/sixgun/files/linuxoutlaws.jpg)
08-04 12:58:36.744  3712  3747 I art     : Starting a blocking GC Explicit
08-04 12:58:36.790  3712  3747 I art     : Explicit concurrent mark sweep GC freed 8544(951KB) AllocSpace objects, 15(828KB) LOS objects, 23% free, 51MB/67MB, paused 1.509ms total 45.826ms
08-04 12:58:36.802  3712  3747 I art     : Starting a blocking GC Explicit
08-04 12:58:36.846  3712  3747 I art     : Explicit concurrent mark sweep GC freed 1512(68KB) AllocSpace objects, 0(0B) LOS objects, 23% free, 51MB/67MB, paused 1.567ms total 43.355ms
08-04 12:58:36.849   380   380 W SurfaceFlinger: couldn't log to binary event log: overflow.
08-04 12:58:36.860  3712  3747 I art     : Starting a blocking GC Explicit
08-04 12:58:36.865  3712  4587 D MYTAG   : interceptor 2a
08-04 12:58:36.865  3712  4587 I NAPPA_EXPERIMENTATION: MetricNetworkRequestExecutionTime: REQUEST_DURATION_SYSTEM='167',REQUEST_DURATION_OKHTTP='136',REQUEST_SYNCHRONOUS='TRUE',RESPONSE_CODE='404',RESPONSE_METHOD='GET',RESPONSE_LENGTH_OKHTTP='-1',RESPONSE_LENGTH_HEADER='1503',REQUEST_PROTOCOL='h2',REQUEST_URL='https://fab.industries/sixgun/files/linuxoutlaws.jpg',
08-04 12:58:36.868  3712  3712 W Glide   : Load failed for http://sixgun.org/files/linuxoutlaws.jpg with size [350x350]
08-04 12:58:36.868  3712  3712 W Glide   : class com.bumptech.glide.load.engine.GlideException: Failed to load resource
08-04 12:58:36.868  3712  3712 W Glide   : There was 1 cause:
08-04 12:58:36.868  3712  3712 W Glide   : com.bumptech.glide.load.HttpException()
08-04 12:58:36.868  3712  3712 W Glide   :  call GlideException#logRootCauses(String) for more detail
08-04 12:58:36.868  3712  3712 W Glide   :   Cause (1 of 1): class com.bumptech.glide.load.engine.GlideException: Fetching data failed, class java.io.InputStream, REMOTE
08-04 12:58:36.868  3712  3712 W Glide   : There was 1 cause:
08-04 12:58:36.868  3712  3712 W Glide   : com.bumptech.glide.load.HttpException()
08-04 12:58:36.868  3712  3712 W Glide   :  call GlideException#logRootCauses(String) for more detail
08-04 12:58:36.868  3712  3712 W Glide   :     Cause (1 of 1): class com.bumptech.glide.load.HttpException: 
08-04 12:58:36.868  3712  3712 I Glide   : Root cause (1 of 1)
08-04 12:58:36.868  3712  3712 I Glide   : com.bumptech.glide.load.HttpException: 
08-04 12:58:36.868  3712  3712 I Glide   : 	at com.bumptech.glide.integration.okhttp3.OkHttpStreamFetcher.onResponse(OkHttpStreamFetcher.java:73)
08-04 12:58:36.868  3712  3712 I Glide   : 	at okhttp3.RealCall$AsyncCall.execute(RealCall.java:174)
08-04 12:58:36.868  3712  3712 I Glide   : 	at okhttp3.internal.NamedRunnable.run(NamedRunnable.java:32)
08-04 12:58:36.868  3712  3712 I Glide   : 	at java.util.concurrent.ThreadPoolExecutor.runWorker(ThreadPoolExecutor.java:1113)
08-04 12:58:36.868  3712  3712 I Glide   : 	at java.util.concurrent.ThreadPoolExecutor$Worker.run(ThreadPoolExecutor.java:588)
08-04 12:58:36.868  3712  3712 I Glide   : 	at java.lang.Thread.run(Thread.java:818)
08-04 12:58:36.893  3712  3747 I art     : Explicit concurrent mark sweep GC freed 312(42KB) AllocSpace objects, 0(0B) LOS objects, 23% free, 51MB/67MB, paused 1.050ms total 32.343ms
08-04 12:58:36.902  3712  3747 I art     : Starting a blocking GC Explicit
08-04 12:58:36.933  3712  3747 I art     : Explicit concurrent mark sweep GC freed 159(6KB) AllocSpace objects, 0(0B) LOS objects, 23% free, 51MB/67MB, paused 1.032ms total 30.609ms
08-04 12:58:36.943  3712  3747 I art     : Starting a blocking GC Explicit
08-04 12:58:36.975  3712  3712 D PlaybackController: Releasing PlaybackController
08-04 12:58:36.978  3712  3747 I art     : Explicit concurrent mark sweep GC freed 163(10KB) AllocSpace objects, 0(0B) LOS objects, 23% free, 51MB/67MB, paused 1.543ms total 34.368ms
08-04 12:58:37.009   512  2967 D audio_hw_primary: disable_audio_route: reset and update mixer path: low-latency-playback speaker
08-04 12:58:37.009   512  2967 D audio_hw_primary: disable_snd_device: snd_device(2: speaker)
08-04 12:58:37.018   512  2967 I soundtrigger: audio_extn_sound_trigger_update_device_status: device 0x2 of type 0 for Event 0
08-04 12:58:37.291  3712  3727 I art     : Starting a blocking GC Explicit
08-04 12:58:37.334  3712  3727 I art     : Explicit concurrent mark sweep GC freed 1527(86KB) AllocSpace objects, 2(132KB) LOS objects, 23% free, 51MB/67MB, paused 1.208ms total 42.702ms
08-04 12:58:37.345  3712  3727 I art     : Starting a blocking GC Explicit
08-04 12:58:37.382  3712  3727 I art     : Explicit concurrent mark sweep GC freed 39(1296B) AllocSpace objects, 0(0B) LOS objects, 23% free, 51MB/67MB, paused 1.220ms total 36.952ms
08-04 12:58:37.393  3712  3727 I art     : Starting a blocking GC Explicit
08-04 12:58:37.431  3712  3727 I art     : Explicit concurrent mark sweep GC freed 3(96B) AllocSpace objects, 0(0B) LOS objects, 23% free, 51MB/67MB, paused 1.237ms total 37.650ms
08-04 12:58:37.442  3712  3727 I art     : Starting a blocking GC Explicit
08-04 12:58:37.479  3712  3727 I art     : Explicit concurrent mark sweep GC freed 3(96B) AllocSpace objects, 0(0B) LOS objects, 23% free, 51MB/67MB, paused 1.252ms total 36.582ms
08-04 12:58:37.489  3712  3727 I art     : Starting a blocking GC Explicit
08-04 12:58:37.527  3712  3727 I art     : Explicit concurrent mark sweep GC freed 3(96B) AllocSpace objects, 0(0B) LOS objects, 23% free, 51MB/67MB, paused 1.325ms total 37.288ms
08-04 12:58:37.815   518   646 I ThermalEngine: ACTION: GPU - Setting GPU[0] to 450000000
08-04 12:58:37.885  3712  6492 I art     : Starting a blocking GC Explicit
08-04 12:58:37.941  3712  6492 I art     : Explicit concurrent mark sweep GC freed 1410(81KB) AllocSpace objects, 1(20KB) LOS objects, 23% free, 51MB/67MB, paused 1.751ms total 55.028ms
08-04 12:58:37.958  3712  6492 I art     : Starting a blocking GC Explicit
08-04 12:58:38.008  3712  6492 I art     : Explicit concurrent mark sweep GC freed 23(752B) AllocSpace objects, 0(0B) LOS objects, 23% free, 51MB/67MB, paused 1.692ms total 49.001ms
08-04 12:58:38.022  3712  6492 I art     : Starting a blocking GC Explicit
08-04 12:58:38.072  3712  6492 I art     : Explicit concurrent mark sweep GC freed 3(96B) AllocSpace objects, 0(0B) LOS objects, 23% free, 51MB/67MB, paused 1.667ms total 50.325ms
08-04 12:58:38.086  3712  6492 I art     : Starting a blocking GC Explicit
08-04 12:58:38.135  3712  6492 I art     : Explicit concurrent mark sweep GC freed 3(96B) AllocSpace objects, 0(0B) LOS objects, 23% free, 51MB/67MB, paused 1.669ms total 49.008ms
08-04 12:58:38.149  3712  6492 I art     : Starting a blocking GC Explicit
08-04 12:58:38.200  3712  6492 I art     : Explicit concurrent mark sweep GC freed 3(96B) AllocSpace objects, 0(0B) LOS objects, 23% free, 51MB/67MB, paused 1.660ms total 50.471ms
08-04 12:58:38.288   918  3188 I hubconnection: sensorhub said: 'set_bias 3: -6.0000, 0.0000, 0.0000'
08-04 12:58:38.529  3644  3644 I ServiceManager: Waiting for service AtCmdFwd...
08-04 12:58:38.568  3712  3727 I art     : Starting a blocking GC Explicit
08-04 12:58:38.616  3712  3727 I art     : Explicit concurrent mark sweep GC freed 1409(81KB) AllocSpace objects, 1(20KB) LOS objects, 23% free, 51MB/67MB, paused 1.641ms total 46.852ms
08-04 12:58:38.629  3712  3727 I art     : Starting a blocking GC Explicit
08-04 12:58:38.680  3712  3727 I art     : Explicit concurrent mark sweep GC freed 23(752B) AllocSpace objects, 0(0B) LOS objects, 23% free, 51MB/67MB, paused 1.741ms total 50.035ms
08-04 12:58:38.694  3712  3727 I art     : Starting a blocking GC Explicit
08-04 12:58:38.743  3712  3727 I art     : Explicit concurrent mark sweep GC freed 3(96B) AllocSpace objects, 0(0B) LOS objects, 23% free, 51MB/67MB, paused 1.691ms total 48.775ms
08-04 12:58:38.757  3712  3727 I art     : Starting a blocking GC Explicit
08-04 12:58:38.806  3712  3727 I art     : Explicit concurrent mark sweep GC freed 3(96B) AllocSpace objects, 0(0B) LOS objects, 23% free, 51MB/67MB, paused 1.645ms total 49.303ms
08-04 12:58:38.817   518   646 I ThermalEngine: ACTION: GPU - Setting GPU[0] to 510000000
08-04 12:58:38.820  3712  3727 I art     : Starting a blocking GC Explicit
08-04 12:58:38.867  3712  3727 I art     : Explicit concurrent mark sweep GC freed 32(880B) AllocSpace objects, 0(0B) LOS objects, 23% free, 51MB/67MB, paused 1.285ms total 46.368ms
08-04 12:58:39.220  3712  6492 I art     : Starting a blocking GC Explicit
08-04 12:58:39.267  3712  6492 I art     : Explicit concurrent mark sweep GC freed 1381(81KB) AllocSpace objects, 1(20KB) LOS objects, 23% free, 51MB/67MB, paused 1.338ms total 47.276ms
08-04 12:58:39.280  3712  6492 I art     : Starting a blocking GC Explicit
08-04 12:58:39.317  3712  6492 I art     : Explicit concurrent mark sweep GC freed 23(752B) AllocSpace objects, 0(0B) LOS objects, 23% free, 51MB/67MB, paused 1.231ms total 37.110ms
08-04 12:58:39.328  3712  6492 I art     : Starting a blocking GC Explicit
08-04 12:58:39.366  3712  6492 I art     : Explicit concurrent mark sweep GC freed 3(96B) AllocSpace objects, 0(0B) LOS objects, 23% free, 51MB/67MB, paused 1.234ms total 37.678ms
08-04 12:58:39.377  3712  6492 I art     : Starting a blocking GC Explicit
08-04 12:58:39.414  3712  6492 I art     : Explicit concurrent mark sweep GC freed 3(96B) AllocSpace objects, 0(0B) LOS objects, 23% free, 51MB/67MB, paused 1.170ms total 37.494ms
08-04 12:58:39.425  3712  6492 I art     : Starting a blocking GC Explicit
08-04 12:58:39.462  3712  6492 I art     : Explicit concurrent mark sweep GC freed 3(96B) AllocSpace objects, 0(0B) LOS objects, 23% free, 51MB/67MB, paused 1.152ms total 36.218ms
08-04 12:58:39.530  3644  3644 I ServiceManager: Waiting for service AtCmdFwd...
08-04 12:58:39.667 13866 13882 I PeriodicStatsRunner: PeriodicStatsRunner.call():175 call()
08-04 12:58:39.667 13866 13882 I PeriodicStatsRunner: PeriodicStatsRunner.call():179 No submit PeriodicStats since input started.
08-04 12:58:39.853  3712  3747 I art     : Starting a blocking GC Explicit
08-04 12:58:39.901  3712  3747 I art     : Explicit concurrent mark sweep GC freed 1410(81KB) AllocSpace objects, 1(20KB) LOS objects, 23% free, 51MB/67MB, paused 1.365ms total 47.235ms
08-04 12:58:39.914  3712  3747 I art     : Starting a blocking GC Explicit
08-04 12:58:39.952  3712  3747 I art     : Explicit concurrent mark sweep GC freed 23(752B) AllocSpace objects, 0(0B) LOS objects, 23% free, 51MB/67MB, paused 1.186ms total 37.446ms
08-04 12:58:39.963  3712  3747 I art     : Starting a blocking GC Explicit
08-04 12:58:40.000  3712  3747 I art     : Explicit concurrent mark sweep GC freed 3(96B) AllocSpace objects, 0(0B) LOS objects, 23% free, 51MB/67MB, paused 1.212ms total 36.928ms
08-04 12:58:40.011  3712  3747 I art     : Starting a blocking GC Explicit
08-04 12:58:40.048  3712  3747 I art     : Explicit concurrent mark sweep GC freed 3(96B) AllocSpace objects, 0(0B) LOS objects, 23% free, 51MB/67MB, paused 1.293ms total 37.094ms
08-04 12:58:40.059  3712  3747 I art     : Starting a blocking GC Explicit
08-04 12:58:40.096  3712  3747 I art     : Explicit concurrent mark sweep GC freed 3(96B) AllocSpace objects, 0(0B) LOS objects, 23% free, 51MB/67MB, paused 1.192ms total 37.363ms
08-04 12:58:40.463  3712  3726 I art     : Starting a blocking GC Explicit
08-04 12:58:40.503  3712  3726 I art     : Explicit concurrent mark sweep GC freed 1383(84KB) AllocSpace objects, 1(20KB) LOS objects, 23% free, 51MB/67MB, paused 1.236ms total 39.665ms
08-04 12:58:40.514  3712  3726 I art     : Starting a blocking GC Explicit
08-04 12:58:40.531  3644  3644 I ServiceManager: Waiting for service AtCmdFwd...
08-04 12:58:40.552  3712  3726 I art     : Explicit concurrent mark sweep GC freed 23(752B) AllocSpace objects, 0(0B) LOS objects, 23% free, 51MB/67MB, paused 1.258ms total 37.945ms
08-04 12:58:40.563  3712  3726 I art     : Starting a blocking GC Explicit
08-04 12:58:40.600  3712  3726 I art     : Explicit concurrent mark sweep GC freed 3(96B) AllocSpace objects, 0(0B) LOS objects, 23% free, 51MB/67MB, paused 1.188ms total 37.224ms
08-04 12:58:40.611  3712  3726 I art     : Starting a blocking GC Explicit
08-04 12:58:40.647  3712  3726 I art     : Explicit concurrent mark sweep GC freed 3(96B) AllocSpace objects, 0(0B) LOS objects, 23% free, 51MB/67MB, paused 1.289ms total 35.768ms
08-04 12:58:40.658  3712  3726 I art     : Starting a blocking GC Explicit
08-04 12:58:40.693  3712  3726 I art     : Explicit concurrent mark sweep GC freed 3(96B) AllocSpace objects, 0(0B) LOS objects, 23% free, 51MB/67MB, paused 1.165ms total 35.145ms
08-04 12:58:41.043  3712  4218 I art     : Starting a blocking GC Explicit
08-04 12:58:41.070  7303  7303 D AndroidRuntime: >>>>>> START com.android.internal.os.RuntimeInit uid 2000 <<<<<<
08-04 12:58:41.076  7303  7303 D AndroidRuntime: CheckJNI is OFF
08-04 12:58:41.088  3712  4218 I art     : Explicit concurrent mark sweep GC freed 1413(82KB) AllocSpace objects, 1(20KB) LOS objects, 23% free, 51MB/67MB, paused 1.261ms total 45.028ms
08-04 12:58:41.098  3712  4218 I art     : Starting a blocking GC Explicit
08-04 12:58:41.113  7303  7303 D ICU     : No timezone override file found: /data/misc/zoneinfo/current/icu/icu_tzdata.dat
08-04 12:58:41.134  3712  4218 I art     : Explicit concurrent mark sweep GC freed 23(752B) AllocSpace objects, 0(0B) LOS objects, 23% free, 51MB/67MB, paused 1.295ms total 34.966ms
08-04 12:58:41.144  3712  4218 I art     : Starting a blocking GC Explicit
08-04 12:58:41.147  7303  7303 I Radio-JNI: register_android_hardware_Radio DONE
08-04 12:58:41.169  7303  7303 D AndroidRuntime: Calling main entry com.android.commands.input.Input
08-04 12:58:41.171  7303  7303 I Input   : injectKeyEvent: KeyEvent { action=ACTION_DOWN, keyCode=KEYCODE_BACK, scanCode=0, metaState=0, flags=0x0, repeatCount=0, eventTime=709137584, downTime=709137584, deviceId=-1, source=0x101 }
08-04 12:58:41.178  3712  4218 I art     : Explicit concurrent mark sweep GC freed 8(528B) AllocSpace objects, 0(0B) LOS objects, 23% free, 51MB/67MB, paused 1.325ms total 34.231ms
08-04 12:58:41.178  7303  7303 I Input   : injectKeyEvent: KeyEvent { action=ACTION_UP, keyCode=KEYCODE_BACK, scanCode=0, metaState=0, flags=0x0, repeatCount=0, eventTime=709137584, downTime=709137584, deviceId=-1, source=0x101 }
08-04 12:58:41.185  7303  7303 D AndroidRuntime: Shutting down VM
08-04 12:58:41.188  3712  4218 I art     : Starting a blocking GC Explicit
08-04 12:58:41.195  3712  3712 V PlaybackController: initServiceNotRunning()
08-04 12:58:41.195  3712  3712 D ExternalPlayerFragment: Loading media info
08-04 12:58:41.197  3712  4786 D ApOkHttpUrlLoader: buildLoadData() called with: model = [http://sixgun.org/files/linuxoutlaws.jpg], width = [224], height = [224]
08-04 12:58:41.198  3712  4587 D DBReader: getImageAuthentication() called with: imageUrl = [http://sixgun.org/files/linuxoutlaws.jpg]
08-04 12:58:41.199  3712  3712 D UserPreferences: Using default data folder
08-04 12:58:41.201  3712  3741 D DBReader: getNavDrawerData() called with: 
08-04 12:58:41.201  3712  4587 D ApOkHttpUrlLoader: no credentials for 'http://sixgun.org/files/linuxoutlaws.jpg'
08-04 12:58:41.211  3712  3741 D DBReader: getDownloadedItems() called
08-04 12:58:41.213  3712  3741 D DBReader: getFavoriteIDList() called
08-04 12:58:41.213  3712  3741 D DBReader: getQueueIDList() called
08-04 12:58:41.214  3712  3741 D DBReader: Extracting Feedlist
08-04 12:58:41.221  3712  4218 I art     : Explicit concurrent mark sweep GC freed 880(63KB) AllocSpace objects, 0(0B) LOS objects, 23% free, 51MB/67MB, paused 1.201ms total 33.173ms
08-04 12:58:41.228  3712  3712 D MainActivity: getLastNavFragment() -> AddFeedFragment
08-04 12:58:41.228 13866 13866 I GoogleInputMethodServic: GoogleInputMethodService.onFinishInput():3138 
08-04 12:58:41.228 13866 13866 I GoogleInputMethodServic: GoogleInputMethodService.onStartInput():1808 
08-04 12:58:41.231  3712  4218 I art     : Starting a blocking GC Explicit
08-04 12:58:41.264  3712  4218 I art     : Explicit concurrent mark sweep GC freed 883(41KB) AllocSpace objects, 0(0B) LOS objects, 23% free, 51MB/67MB, paused 1.346ms total 33.067ms
08-04 12:58:41.334  3712  4587 D DBWriter: updateFeedDownloadURL(original: http://sixgun.org/files/linuxoutlaws.jpg, updated: https://fab.industries/sixgun/files/linuxoutlaws.jpg)
08-04 12:58:41.471  3712  4587 D MYTAG   : interceptor 2a
08-04 12:58:41.471  3712  4587 I NAPPA_EXPERIMENTATION: MetricNetworkRequestExecutionTime: REQUEST_DURATION_SYSTEM='270',REQUEST_DURATION_OKHTTP='133',REQUEST_SYNCHRONOUS='TRUE',RESPONSE_CODE='404',RESPONSE_METHOD='GET',RESPONSE_LENGTH_OKHTTP='-1',RESPONSE_LENGTH_HEADER='1503',REQUEST_PROTOCOL='h2',REQUEST_URL='https://fab.industries/sixgun/files/linuxoutlaws.jpg',
08-04 12:58:41.473  3712  3712 W Glide   : Load failed for http://sixgun.org/files/linuxoutlaws.jpg with size [224x224]
08-04 12:58:41.473  3712  3712 W Glide   : class com.bumptech.glide.load.engine.GlideException: Failed to load resource
08-04 12:58:41.473  3712  3712 W Glide   : There was 1 cause:
08-04 12:58:41.473  3712  3712 W Glide   : com.bumptech.glide.load.HttpException()
08-04 12:58:41.473  3712  3712 W Glide   :  call GlideException#logRootCauses(String) for more detail
08-04 12:58:41.473  3712  3712 W Glide   :   Cause (1 of 1): class com.bumptech.glide.load.engine.GlideException: Fetching data failed, class java.io.InputStream, REMOTE
08-04 12:58:41.473  3712  3712 W Glide   : There was 1 cause:
08-04 12:58:41.473  3712  3712 W Glide   : com.bumptech.glide.load.HttpException()
08-04 12:58:41.473  3712  3712 W Glide   :  call GlideException#logRootCauses(String) for more detail
08-04 12:58:41.473  3712  3712 W Glide   :     Cause (1 of 1): class com.bumptech.glide.load.HttpException: 
08-04 12:58:41.473  3712  3712 I Glide   : Root cause (1 of 1)
08-04 12:58:41.473  3712  3712 I Glide   : com.bumptech.glide.load.HttpException: 
08-04 12:58:41.473  3712  3712 I Glide   : 	at com.bumptech.glide.integration.okhttp3.OkHttpStreamFetcher.onResponse(OkHttpStreamFetcher.java:73)
08-04 12:58:41.473  3712  3712 I Glide   : 	at okhttp3.RealCall$AsyncCall.execute(RealCall.java:174)
08-04 12:58:41.473  3712  3712 I Glide   : 	at okhttp3.internal.NamedRunnable.run(NamedRunnable.java:32)
08-04 12:58:41.473  3712  3712 I Glide   : 	at java.util.concurrent.ThreadPoolExecutor.runWorker(ThreadPoolExecutor.java:1113)
08-04 12:58:41.473  3712  3712 I Glide   : 	at java.util.concurrent.ThreadPoolExecutor$Worker.run(ThreadPoolExecutor.java:588)
08-04 12:58:41.473  3712  3712 I Glide   : 	at java.lang.Thread.run(Thread.java:818)
08-04 12:58:41.475  3712  3712 W Glide   : Load failed for http://sixgun.org/files/linuxoutlaws.jpg with size [224x224]
08-04 12:58:41.475  3712  3712 W Glide   : class com.bumptech.glide.load.engine.GlideException: Failed to load resource
08-04 12:58:41.475  3712  3712 W Glide   : There was 1 cause:
08-04 12:58:41.475  3712  3712 W Glide   : com.bumptech.glide.load.HttpException()
08-04 12:58:41.475  3712  3712 W Glide   :  call GlideException#logRootCauses(String) for more detail
08-04 12:58:41.475  3712  3712 W Glide   :   Cause (1 of 1): class com.bumptech.glide.load.engine.GlideException: Fetching data failed, class java.io.InputStream, REMOTE
08-04 12:58:41.475  3712  3712 W Glide   : There was 1 cause:
08-04 12:58:41.475  3712  3712 W Glide   : com.bumptech.glide.load.HttpException()
08-04 12:58:41.475  3712  3712 W Glide   :  call GlideException#logRootCauses(String) for more detail
08-04 12:58:41.475  3712  3712 W Glide   :     Cause (1 of 1): class com.bumptech.glide.load.HttpException: 
08-04 12:58:41.475  3712  3712 I Glide   : Root cause (1 of 1)
08-04 12:58:41.475  3712  3712 I Glide   : com.bumptech.glide.load.HttpException: 
08-04 12:58:41.475  3712  3712 I Glide   : 	at com.bumptech.glide.integration.okhttp3.OkHttpStreamFetcher.onResponse(OkHttpStreamFetcher.java:73)
08-04 12:58:41.475  3712  3712 I Glide   : 	at okhttp3.RealCall$AsyncCall.execute(RealCall.java:174)
08-04 12:58:41.475  3712  3712 I Glide   : 	at okhttp3.internal.NamedRunnable.run(NamedRunnable.java:32)
08-04 12:58:41.475  3712  3712 I Glide   : 	at java.util.concurrent.ThreadPoolExecutor.runWorker(ThreadPoolExecutor.java:1113)
08-04 12:58:41.475  3712  3712 I Glide   : 	at java.util.concurrent.ThreadPoolExecutor$Worker.run(ThreadPoolExecutor.java:588)
08-04 12:58:41.475  3712  3712 I Glide   : 	at java.lang.Thread.run(Thread.java:818)
08-04 12:58:41.531  3644  3644 I ServiceManager: Waiting for service AtCmdFwd...
08-04 12:58:41.537   380   380 W SurfaceFlinger: couldn't log to binary event log: overflow.
08-04 12:58:41.580  3712  3726 I art     : Starting a blocking GC Explicit
08-04 12:58:41.599 13866 13882 I PeriodicStatsRunner: PeriodicStatsRunner.call():175 call()
08-04 12:58:41.599 13866 13882 I PeriodicStatsRunner: PeriodicStatsRunner.call():179 No submit PeriodicStats since input started.
08-04 12:58:41.618  3712  3726 I art     : Explicit concurrent mark sweep GC freed 2968(207KB) AllocSpace objects, 1(20KB) LOS objects, 23% free, 51MB/67MB, paused 1.219ms total 37.247ms
08-04 12:58:41.628  3712  3726 I art     : Starting a blocking GC Explicit
08-04 12:58:41.664  3712  3726 I art     : Explicit concurrent mark sweep GC freed 2902(237KB) AllocSpace objects, 1(28KB) LOS objects, 23% free, 50MB/66MB, paused 1.241ms total 35.655ms
08-04 12:58:41.674  3712  3726 I art     : Starting a blocking GC Explicit
08-04 12:58:41.710  3712  3726 I art     : Explicit concurrent mark sweep GC freed 3(96B) AllocSpace objects, 0(0B) LOS objects, 23% free, 50MB/66MB, paused 1.229ms total 35.657ms
08-04 12:58:41.721  3712  3726 I art     : Starting a blocking GC Explicit
08-04 12:58:41.757  3712  3726 I art     : Explicit concurrent mark sweep GC freed 3(96B) AllocSpace objects, 0(0B) LOS objects, 23% free, 50MB/66MB, paused 1.349ms total 35.717ms
08-04 12:58:41.767  3712  3726 I art     : Starting a blocking GC Explicit
08-04 12:58:41.804  3712  3726 I art     : Explicit concurrent mark sweep GC freed 3(96B) AllocSpace objects, 0(0B) LOS objects, 23% free, 50MB/66MB, paused 1.219ms total 35.872ms
08-04 12:58:42.134  3712  3727 I art     : Starting a blocking GC Explicit
08-04 12:58:42.180  3712  3727 I art     : Explicit concurrent mark sweep GC freed 1412(82KB) AllocSpace objects, 1(20KB) LOS objects, 23% free, 50MB/66MB, paused 1.404ms total 45.521ms
08-04 12:58:42.195  3712  3727 I art     : Starting a blocking GC Explicit
08-04 12:58:42.232  3712  3727 I art     : Explicit concurrent mark sweep GC freed 23(752B) AllocSpace objects, 0(0B) LOS objects, 23% free, 50MB/66MB, paused 1.128ms total 36.724ms
08-04 12:58:42.242  3712  3727 I art     : Starting a blocking GC Explicit
08-04 12:58:42.278  3712  3727 I art     : Explicit concurrent mark sweep GC freed 3(96B) AllocSpace objects, 0(0B) LOS objects, 23% free, 50MB/66MB, paused 1.294ms total 35.698ms
08-04 12:58:42.288  3712  3727 I art     : Starting a blocking GC Explicit
08-04 12:58:42.324  3712  3727 I art     : Explicit concurrent mark sweep GC freed 3(96B) AllocSpace objects, 0(0B) LOS objects, 23% free, 50MB/66MB, paused 1.230ms total 36.156ms
08-04 12:58:42.335  3712  3727 I art     : Starting a blocking GC Explicit
08-04 12:58:42.372  3712  3727 I art     : Explicit concurrent mark sweep GC freed 3(96B) AllocSpace objects, 0(0B) LOS objects, 23% free, 50MB/66MB, paused 1.255ms total 36.535ms
08-04 12:58:42.532  3644  3644 I ServiceManager: Waiting for service AtCmdFwd...
08-04 12:58:42.549   918  3261 D WifiStateMachine: starting scan for "H369AA63323"WPA_PSK with 2412,5180
08-04 12:58:42.674  3712  3747 I art     : Starting a blocking GC Explicit
08-04 12:58:42.711  3712  3747 I art     : Explicit concurrent mark sweep GC freed 1382(81KB) AllocSpace objects, 1(20KB) LOS objects, 23% free, 50MB/66MB, paused 1.233ms total 36.050ms
08-04 12:58:42.721  3712  3747 I art     : Starting a blocking GC Explicit
08-04 12:58:42.757  3712  3747 I art     : Explicit concurrent mark sweep GC freed 23(752B) AllocSpace objects, 0(0B) LOS objects, 23% free, 50MB/66MB, paused 1.276ms total 35.340ms
08-04 12:58:42.767  3712  3747 I art     : Starting a blocking GC Explicit
08-04 12:58:42.802  3712  3747 I art     : Explicit concurrent mark sweep GC freed 3(96B) AllocSpace objects, 0(0B) LOS objects, 23% free, 50MB/66MB, paused 1.161ms total 34.647ms
08-04 12:58:42.812  3712  3747 I art     : Starting a blocking GC Explicit
08-04 12:58:42.846  3712  3747 I art     : Explicit concurrent mark sweep GC freed 43(1232B) AllocSpace objects, 0(0B) LOS objects, 23% free, 50MB/66MB, paused 1.360ms total 33.826ms
08-04 12:58:42.853  7347  7347 D AndroidRuntime: >>>>>> START com.android.internal.os.RuntimeInit uid 2000 <<<<<<
08-04 12:58:42.856  3712  3747 I art     : Starting a blocking GC Explicit
08-04 12:58:42.857  7347  7347 D AndroidRuntime: CheckJNI is OFF
08-04 12:58:42.888  3712  3747 I art     : Explicit concurrent mark sweep GC freed 11(352B) AllocSpace objects, 0(0B) LOS objects, 23% free, 50MB/66MB, paused 1.284ms total 31.936ms
08-04 12:58:42.891  7347  7347 D ICU     : No timezone override file found: /data/misc/zoneinfo/current/icu/icu_tzdata.dat
08-04 12:58:42.923  7347  7347 I Radio-JNI: register_android_hardware_Radio DONE
08-04 12:58:42.944  7347  7347 D AndroidRuntime: Calling main entry com.android.commands.input.Input
08-04 12:58:42.946  7347  7347 I Input   : injectKeyEvent: KeyEvent { action=ACTION_DOWN, keyCode=KEYCODE_BACK, scanCode=0, metaState=0, flags=0x0, repeatCount=0, eventTime=709139359, downTime=709139359, deviceId=-1, source=0x101 }
08-04 12:58:42.951  7347  7347 I Input   : injectKeyEvent: KeyEvent { action=ACTION_UP, keyCode=KEYCODE_BACK, scanCode=0, metaState=0, flags=0x0, repeatCount=0, eventTime=709139359, downTime=709139359, deviceId=-1, source=0x101 }
08-04 12:58:42.965  7347  7347 D AndroidRuntime: Shutting down VM
08-04 12:58:43.177  3712  6492 I art     : Starting a blocking GC Explicit
08-04 12:58:43.215  3712  6492 I art     : Explicit concurrent mark sweep GC freed 3605(173KB) AllocSpace objects, 1(20KB) LOS objects, 23% free, 50MB/66MB, paused 1.297ms total 37.751ms
08-04 12:58:43.226  3712  6492 I art     : Starting a blocking GC Explicit
08-04 12:58:43.260  3712  6492 I art     : Explicit concurrent mark sweep GC freed 5341(394KB) AllocSpace objects, 9(1620KB) LOS objects, 24% free, 48MB/64MB, paused 1.218ms total 33.924ms
08-04 12:58:43.270  3712  6492 I art     : Starting a blocking GC Explicit
08-04 12:58:43.304  3712  6492 I art     : Explicit concurrent mark sweep GC freed 3(96B) AllocSpace objects, 0(0B) LOS objects, 24% free, 48MB/64MB, paused 1.176ms total 33.530ms
08-04 12:58:43.314  3712  6492 I art     : Starting a blocking GC Explicit
08-04 12:58:43.348  3712  6492 I art     : Explicit concurrent mark sweep GC freed 3(96B) AllocSpace objects, 0(0B) LOS objects, 24% free, 48MB/64MB, paused 1.254ms total 34.116ms
08-04 12:58:43.359  3712  6492 I art     : Starting a blocking GC Explicit
08-04 12:58:43.393  3712  6492 I art     : Explicit concurrent mark sweep GC freed 3(96B) AllocSpace objects, 0(0B) LOS objects, 24% free, 48MB/64MB, paused 1.185ms total 33.604ms
08-04 12:58:43.532  3644  3644 W Atfwd_Sendcmd: AtCmdFwd service not published, waiting... retryCnt : 3
08-04 12:58:43.729  3712  3726 I art     : Starting a blocking GC Explicit
08-04 12:58:43.777  3712  3726 I art     : Explicit concurrent mark sweep GC freed 1382(82KB) AllocSpace objects, 1(20KB) LOS objects, 24% free, 48MB/64MB, paused 1.603ms total 47.540ms
08-04 12:58:43.790  3712  3726 I art     : Starting a blocking GC Explicit
08-04 12:58:43.824  3712  3726 I art     : Explicit concurrent mark sweep GC freed 23(768B) AllocSpace objects, 0(0B) LOS objects, 24% free, 48MB/64MB, paused 1.155ms total 34.058ms
08-04 12:58:43.834  3712  3726 I art     : Starting a blocking GC Explicit
08-04 12:58:43.869  3712  3726 I art     : Explicit concurrent mark sweep GC freed 32(880B) AllocSpace objects, 0(0B) LOS objects, 24% free, 48MB/64MB, paused 1.205ms total 34.122ms
08-04 12:58:43.879  3712  3726 I art     : Starting a blocking GC Explicit
08-04 12:58:43.913  3712  3726 I art     : Explicit concurrent mark sweep GC freed 3(96B) AllocSpace objects, 0(0B) LOS objects, 24% free, 48MB/64MB, paused 1.167ms total 33.518ms
08-04 12:58:43.923  3712  3726 I art     : Starting a blocking GC Explicit
08-04 12:58:43.958  3712  3726 I art     : Explicit concurrent mark sweep GC freed 3(96B) AllocSpace objects, 0(0B) LOS objects, 24% free, 48MB/64MB, paused 1.276ms total 34.319ms
08-04 12:58:44.281  3712  4218 I art     : Starting a blocking GC Explicit
08-04 12:58:44.315  3712  4218 I art     : Explicit concurrent mark sweep GC freed 1382(83KB) AllocSpace objects, 1(20KB) LOS objects, 24% free, 48MB/64MB, paused 1.225ms total 33.876ms
08-04 12:58:44.325  3712  4218 I art     : Starting a blocking GC Explicit
08-04 12:58:44.358  3712  4218 I art     : Explicit concurrent mark sweep GC freed 23(752B) AllocSpace objects, 0(0B) LOS objects, 24% free, 48MB/64MB, paused 1.244ms total 32.908ms
08-04 12:58:44.369  3712  4218 I art     : Starting a blocking GC Explicit
08-04 12:58:44.401  3712  4218 I art     : Explicit concurrent mark sweep GC freed 3(96B) AllocSpace objects, 0(0B) LOS objects, 24% free, 48MB/64MB, paused 1.201ms total 31.811ms
08-04 12:58:44.411  3712  4218 I art     : Starting a blocking GC Explicit
08-04 12:58:44.442  3712  4218 I art     : Explicit concurrent mark sweep GC freed 3(96B) AllocSpace objects, 0(0B) LOS objects, 24% free, 48MB/64MB, paused 1.168ms total 31.456ms
08-04 12:58:44.452  3712  4218 I art     : Starting a blocking GC Explicit
08-04 12:58:44.485  3712  4218 I art     : Explicit concurrent mark sweep GC freed 3(96B) AllocSpace objects, 0(0B) LOS objects, 24% free, 48MB/64MB, paused 1.324ms total 32.065ms
08-04 12:58:44.624  7403  7403 D AndroidRuntime: >>>>>> START com.android.internal.os.RuntimeInit uid 2000 <<<<<<
08-04 12:58:44.629  7403  7403 D AndroidRuntime: CheckJNI is OFF
08-04 12:58:44.658  7403  7403 D ICU     : No timezone override file found: /data/misc/zoneinfo/current/icu/icu_tzdata.dat
08-04 12:58:44.689  7403  7403 I Radio-JNI: register_android_hardware_Radio DONE
08-04 12:58:44.710  7403  7403 D AndroidRuntime: Calling main entry com.android.commands.input.Input
08-04 12:58:44.712  7403  7403 I Input   : injectMotionEvent: MotionEvent { action=ACTION_DOWN, actionButton=0, id[0]=0, x[0]=603.0, y[0]=1061.0, toolType[0]=TOOL_TYPE_UNKNOWN, buttonState=0, metaState=0, flags=0x0, edgeFlags=0x0, pointerCount=1, historySize=0, eventTime=709141124, downTime=709141124, deviceId=0, source=0x1002 }
08-04 12:58:44.716  7403  7403 I Input   : injectMotionEvent: MotionEvent { action=ACTION_UP, actionButton=0, id[0]=0, x[0]=603.0, y[0]=1061.0, toolType[0]=TOOL_TYPE_UNKNOWN, buttonState=0, metaState=0, flags=0x0, edgeFlags=0x0, pointerCount=1, historySize=0, eventTime=709141124, downTime=709141124, deviceId=0, source=0x1002 }
08-04 12:58:44.717  7403  7403 D AndroidRuntime: Shutting down VM
08-04 12:58:44.729   512  2967 D audio_hw_primary: out_set_parameters: enter: usecase(1: low-latency-playback) kvpairs: routing=2
08-04 12:58:44.743   512  2967 D audio_hw_primary: select_devices: out_snd_device(2: speaker) in_snd_device(0: none)
08-04 12:58:44.743   512  2967 D msm8974_platform: platform_send_audio_calibration: sending audio calibration for snd_device(2) acdb_id(15)
08-04 12:58:44.743   512  2967 I soundtrigger: audio_extn_sound_trigger_update_device_status: device 0x2 of type 0 for Event 1
08-04 12:58:44.753   512  2967 D audio_hw_primary: enable_snd_device: snd_device(2: speaker)
08-04 12:58:44.755   512  2967 D audio_hw_primary: enable_audio_route: apply and update mixer path: low-latency-playback speaker
08-04 12:58:44.802  3712  4218 I art     : Starting a blocking GC Explicit
08-04 12:58:44.833  3712  7426 I NAPPA_EXPERIMENTATION: MetricNetworkRequestExecutionTime: REQUEST_DURATION_SYSTEM='68',REQUEST_DURATION_OKHTTP='67',REQUEST_SYNCHRONOUS='TRUE',RESPONSE_CODE='200',RESPONSE_METHOD='GET',RESPONSE_LENGTH_OKHTTP='37507',RESPONSE_LENGTH_HEADER='37507',REQUEST_PROTOCOL='http/1.1',REQUEST_URL='https://gpodder.net/toplist/50.json',
08-04 12:58:44.835  3712  4218 I art     : Explicit concurrent mark sweep GC freed 4440(207KB) AllocSpace objects, 1(20KB) LOS objects, 24% free, 49MB/65MB, paused 1.211ms total 32.548ms
08-04 12:58:44.839  3712  6392 I NAPPA_EXPERIMENTATION: MetricNetworkRequestExecutionTime: REQUEST_DURATION_SYSTEM='72',REQUEST_DURATION_OKHTTP='70',REQUEST_SYNCHRONOUS='TRUE',RESPONSE_CODE='200',RESPONSE_METHOD='GET',RESPONSE_LENGTH_OKHTTP='2923',RESPONSE_LENGTH_HEADER='2923',REQUEST_PROTOCOL='http/1.1',REQUEST_URL='https://gpodder.net/api/2/tags/50.json',
08-04 12:58:44.846  3712  4218 I art     : Starting a blocking GC Explicit
08-04 12:58:44.879  3712  4218 I art     : Explicit concurrent mark sweep GC freed 4484(357KB) AllocSpace objects, 3(336KB) LOS objects, 24% free, 49MB/65MB, paused 1.619ms total 32.532ms
08-04 12:58:44.880  3712  4786 D ApOkHttpUrlLoader: buildLoadData() called with: model = [http://sixgun.org/files/linuxoutlaws.jpg], width = [224], height = [224]
08-04 12:58:44.881  3712  4587 D DBReader: getImageAuthentication() called with: imageUrl = [http://sixgun.org/files/linuxoutlaws.jpg]
08-04 12:58:44.884  3712  4587 D ApOkHttpUrlLoader: no credentials for 'http://sixgun.org/files/linuxoutlaws.jpg'
08-04 12:58:44.888  3712  4218 I art     : Starting a blocking GC Explicit
08-04 12:58:44.891  3712  4786 D ApOkHttpUrlLoader: buildLoadData() called with: model = [https://files.thisamericanlife.org/sites/all/themes/thislife/img/tal-name-1400x1400.png], width = [224], height = [224]
08-04 12:58:44.898  3712  4786 D ApOkHttpUrlLoader: buildLoadData() called with: model = [https://elroy.twit.tv/sites/default/files/styles/twit_album_art_2048x2048/public/images/shows/floss_weekly/album_art/audio/floss_albumart_mask.jpg?itok=IUjxKpwt], width = [224], height = [224]
08-04 12:58:44.901  3712  4786 D ApOkHttpUrlLoader: buildLoadData() called with: model = [http://ichef.bbci.co.uk/images/ic/3000x3000/p07kfvzb.jpg], width = [224], height = [224]
08-04 12:58:44.905  3712  4786 D ApOkHttpUrlLoader: buildLoadData() called with: model = [https://pl.tedcdn.com/rss_feed_images/ted_talks_main_podcast/video.png], width = [224], height = [224]
08-04 12:58:44.908  3712  4786 D ApOkHttpUrlLoader: buildLoadData() called with: model = [https://elroy.twit.tv/sites/default/files/styles/twit_album_art_2048x2048/public/images/shows/this_week_in_tech/album_art/audio/twit1400audio.jpg?itok=J0vhatZb], width = [224], height = [224]
08-04 12:58:44.913  3712  4786 D ApOkHttpUrlLoader: buildLoadData() called with: model = [http://ichef.bbci.co.uk/images/ic/3000x3000/p03gtk3j.jpg], width = [224], height = [224]
08-04 12:58:44.913  3712  4587 D DBWriter: updateFeedDownloadURL(original: http://sixgun.org/files/linuxoutlaws.jpg, updated: https://fab.industries/sixgun/files/linuxoutlaws.jpg)
08-04 12:58:44.922  3712  4218 I art     : Explicit concurrent mark sweep GC freed 2783(128KB) AllocSpace objects, 1(76KB) LOS objects, 23% free, 50MB/66MB, paused 1.772ms total 33.965ms
08-04 12:58:44.932  3712  4218 I art     : Starting a blocking GC Explicit
08-04 12:58:44.963  3712  4218 I art     : Explicit concurrent mark sweep GC freed 773(27KB) AllocSpace objects, 0(0B) LOS objects, 23% free, 50MB/66MB, paused 1.219ms total 30.799ms
08-04 12:58:44.972  3712  4218 I art     : Starting a blocking GC Explicit
08-04 12:58:45.002  3712  4218 I art     : Explicit concurrent mark sweep GC freed 40(1744B) AllocSpace objects, 0(0B) LOS objects, 23% free, 50MB/66MB, paused 1.102ms total 29.599ms
08-04 12:58:45.049  3712  4587 D MYTAG   : interceptor 2a
08-04 12:58:45.049  3712  4587 I NAPPA_EXPERIMENTATION: MetricNetworkRequestExecutionTime: REQUEST_DURATION_SYSTEM='165',REQUEST_DURATION_OKHTTP='134',REQUEST_SYNCHRONOUS='TRUE',RESPONSE_CODE='404',RESPONSE_METHOD='GET',RESPONSE_LENGTH_OKHTTP='-1',RESPONSE_LENGTH_HEADER='1503',REQUEST_PROTOCOL='h2',REQUEST_URL='https://fab.industries/sixgun/files/linuxoutlaws.jpg',
08-04 12:58:45.050  3712  3712 W Glide   : Load failed for http://sixgun.org/files/linuxoutlaws.jpg with size [224x224]
08-04 12:58:45.050  3712  3712 W Glide   : class com.bumptech.glide.load.engine.GlideException: Failed to load resource
08-04 12:58:45.050  3712  3712 W Glide   : There was 1 cause:
08-04 12:58:45.050  3712  3712 W Glide   : com.bumptech.glide.load.HttpException()
08-04 12:58:45.050  3712  3712 W Glide   :  call GlideException#logRootCauses(String) for more detail
08-04 12:58:45.050  3712  3712 W Glide   :   Cause (1 of 1): class com.bumptech.glide.load.engine.GlideException: Fetching data failed, class java.io.InputStream, REMOTE
08-04 12:58:45.050  3712  3712 W Glide   : There was 1 cause:
08-04 12:58:45.050  3712  3712 W Glide   : com.bumptech.glide.load.HttpException()
08-04 12:58:45.050  3712  3712 W Glide   :  call GlideException#logRootCauses(String) for more detail
08-04 12:58:45.050  3712  3712 W Glide   :     Cause (1 of 1): class com.bumptech.glide.load.HttpException: 
08-04 12:58:45.051  3712  3712 I Glide   : Root cause (1 of 1)
08-04 12:58:45.051  3712  3712 I Glide   : com.bumptech.glide.load.HttpException: 
08-04 12:58:45.051  3712  3712 I Glide   : 	at com.bumptech.glide.integration.okhttp3.OkHttpStreamFetcher.onResponse(OkHttpStreamFetcher.java:73)
08-04 12:58:45.051  3712  3712 I Glide   : 	at okhttp3.RealCall$AsyncCall.execute(RealCall.java:174)
08-04 12:58:45.051  3712  3712 I Glide   : 	at okhttp3.internal.NamedRunnable.run(NamedRunnable.java:32)
08-04 12:58:45.051  3712  3712 I Glide   : 	at java.util.concurrent.ThreadPoolExecutor.runWorker(ThreadPoolExecutor.java:1113)
08-04 12:58:45.051  3712  3712 I Glide   : 	at java.util.concurrent.ThreadPoolExecutor$Worker.run(ThreadPoolExecutor.java:588)
08-04 12:58:45.051  3712  3712 I Glide   : 	at java.lang.Thread.run(Thread.java:818)
08-04 12:58:45.051  3712  3712 W Glide   : Load failed for http://sixgun.org/files/linuxoutlaws.jpg with size [224x224]
08-04 12:58:45.051  3712  3712 W Glide   : class com.bumptech.glide.load.engine.GlideException: Failed to load resource
08-04 12:58:45.051  3712  3712 W Glide   : There was 1 cause:
08-04 12:58:45.051  3712  3712 W Glide   : com.bumptech.glide.load.HttpException()
08-04 12:58:45.051  3712  3712 W Glide   :  call GlideException#logRootCauses(String) for more detail
08-04 12:58:45.051  3712  3712 W Glide   :   Cause (1 of 1): class com.bumptech.glide.load.engine.GlideException: Fetching data failed, class java.io.InputStream, REMOTE
08-04 12:58:45.051  3712  3712 W Glide   : There was 1 cause:
08-04 12:58:45.051  3712  3712 W Glide   : com.bumptech.glide.load.HttpException()
08-04 12:58:45.051  3712  3712 W Glide   :  call GlideException#logRootCauses(String) for more detail
08-04 12:58:45.051  3712  3712 W Glide   :     Cause (1 of 1): class com.bumptech.glide.load.HttpException: 
08-04 12:58:45.051  3712  3712 I Glide   : Root cause (1 of 1)
08-04 12:58:45.051  3712  3712 I Glide   : com.bumptech.glide.load.HttpException: 
08-04 12:58:45.051  3712  3712 I Glide   : 	at com.bumptech.glide.integration.okhttp3.OkHttpStreamFetcher.onResponse(OkHttpStreamFetcher.java:73)
08-04 12:58:45.051  3712  3712 I Glide   : 	at okhttp3.RealCall$AsyncCall.execute(RealCall.java:174)
08-04 12:58:45.051  3712  3712 I Glide   : 	at okhttp3.internal.NamedRunnable.run(NamedRunnable.java:32)
08-04 12:58:45.051  3712  3712 I Glide   : 	at java.util.concurrent.ThreadPoolExecutor.runWorker(ThreadPoolExecutor.java:1113)
08-04 12:58:45.051  3712  3712 I Glide   : 	at java.util.concurrent.ThreadPoolExecutor$Worker.run(ThreadPoolExecutor.java:588)
08-04 12:58:45.051  3712  3712 I Glide   : 	at java.lang.Thread.run(Thread.java:818)
08-04 12:58:45.289   512  2967 D audio_hw_primary: disable_audio_route: reset and update mixer path: low-latency-playback speaker
08-04 12:58:45.290   512  2967 D audio_hw_primary: disable_snd_device: snd_device(2: speaker)
08-04 12:58:45.299   512  2967 I soundtrigger: audio_extn_sound_trigger_update_device_status: device 0x2 of type 0 for Event 0
08-04 12:58:45.301  3712  3747 I art     : Starting a blocking GC Explicit
08-04 12:58:45.344  3712  3747 I art     : Explicit concurrent mark sweep GC freed 1958(156KB) AllocSpace objects, 1(20KB) LOS objects, 23% free, 50MB/66MB, paused 1.393ms total 42.834ms
08-04 12:58:45.357  3712  3747 I art     : Starting a blocking GC Explicit
08-04 12:58:45.395  3712  3747 I art     : Explicit concurrent mark sweep GC freed 44(1744B) AllocSpace objects, 0(0B) LOS objects, 23% free, 50MB/66MB, paused 1.299ms total 37.671ms
08-04 12:58:45.407  3712  3747 I art     : Starting a blocking GC Explicit
08-04 12:58:45.444  3712  3747 I art     : Explicit concurrent mark sweep GC freed 3(96B) AllocSpace objects, 0(0B) LOS objects, 23% free, 50MB/66MB, paused 1.387ms total 36.924ms
08-04 12:58:45.457  3712  3747 I art     : Starting a blocking GC Explicit
08-04 12:58:45.493  3712  3747 I art     : Explicit concurrent mark sweep GC freed 3(96B) AllocSpace objects, 0(0B) LOS objects, 23% free, 50MB/66MB, paused 1.065ms total 35.175ms
08-04 12:58:45.502  3712  3747 I art     : Starting a blocking GC Explicit
08-04 12:58:45.537  3712  3747 I art     : Explicit concurrent mark sweep GC freed 3(96B) AllocSpace objects, 0(0B) LOS objects, 23% free, 50MB/66MB, paused 1.208ms total 34.289ms
08-04 12:58:45.852  3712  4218 I art     : Starting a blocking GC Explicit
08-04 12:58:45.898  3712  4218 I art     : Explicit concurrent mark sweep GC freed 1427(82KB) AllocSpace objects, 1(20KB) LOS objects, 23% free, 50MB/66MB, paused 1.579ms total 45.957ms
08-04 12:58:45.912  3712  4218 I art     : Starting a blocking GC Explicit
08-04 12:58:45.949  3712  4218 I art     : Explicit concurrent mark sweep GC freed 23(752B) AllocSpace objects, 0(0B) LOS objects, 23% free, 50MB/66MB, paused 1.246ms total 36.669ms
08-04 12:58:45.960  3712  4218 I art     : Starting a blocking GC Explicit
08-04 12:58:45.997  3712  4218 I art     : Explicit concurrent mark sweep GC freed 3(96B) AllocSpace objects, 0(0B) LOS objects, 23% free, 50MB/66MB, paused 1.222ms total 36.648ms
08-04 12:58:46.007  3712  4218 I art     : Starting a blocking GC Explicit
08-04 12:58:46.044  3712  4218 I art     : Explicit concurrent mark sweep GC freed 3(96B) AllocSpace objects, 0(0B) LOS objects, 23% free, 50MB/66MB, paused 1.230ms total 36.568ms
08-04 12:58:46.055  3712  4218 I art     : Starting a blocking GC Explicit
08-04 12:58:46.090  3712  4218 I art     : Explicit concurrent mark sweep GC freed 3(96B) AllocSpace objects, 0(0B) LOS objects, 23% free, 50MB/66MB, paused 1.217ms total 35.610ms
08-04 12:58:46.229 13866 13882 I PeriodicStatsRunner: PeriodicStatsRunner.call():175 call()
08-04 12:58:46.229 13866 13882 I PeriodicStatsRunner: PeriodicStatsRunner.call():179 No submit PeriodicStats since input started.
08-04 12:58:46.424  3712  6492 I art     : Starting a blocking GC Explicit
08-04 12:58:46.470  3712  6492 I art     : Explicit concurrent mark sweep GC freed 1382(81KB) AllocSpace objects, 1(20KB) LOS objects, 23% free, 50MB/66MB, paused 1.382ms total 44.962ms
08-04 12:58:46.484  3712  6492 I art     : Starting a blocking GC Explicit
08-04 12:58:46.523  3712  6492 I art     : Explicit concurrent mark sweep GC freed 34(1104B) AllocSpace objects, 0(0B) LOS objects, 23% free, 50MB/66MB, paused 1.111ms total 38.229ms
08-04 12:58:46.536  3712  6492 I art     : Starting a blocking GC Explicit
08-04 12:58:46.571  3712  6492 I art     : Explicit concurrent mark sweep GC freed 15(480B) AllocSpace objects, 0(0B) LOS objects, 23% free, 50MB/66MB, paused 1.104ms total 34.470ms
08-04 12:58:46.581  3712  6492 I art     : Starting a blocking GC Explicit
08-04 12:58:46.615  3712  6492 I art     : Explicit concurrent mark sweep GC freed 29(960B) AllocSpace objects, 0(0B) LOS objects, 23% free, 50MB/66MB, paused 1.242ms total 33.818ms
08-04 12:58:46.625  3712  6492 I art     : Starting a blocking GC Explicit
08-04 12:58:46.658  3712  6492 I art     : Explicit concurrent mark sweep GC freed 14(448B) AllocSpace objects, 0(0B) LOS objects, 23% free, 50MB/66MB, paused 1.215ms total 33.058ms
08-04 12:58:46.833   518   646 I ThermalEngine: ACTION: GPU - Setting GPU[0] to 450000000
08-04 12:58:47.042  3712  3747 I art     : Starting a blocking GC Explicit
08-04 12:58:47.101  3712  3747 I art     : Explicit concurrent mark sweep GC freed 1426(82KB) AllocSpace objects, 1(20KB) LOS objects, 23% free, 50MB/66MB, paused 1.693ms total 58.319ms
08-04 12:58:47.117  3712  3747 I art     : Starting a blocking GC Explicit
08-04 12:58:47.166  3712  3747 I art     : Explicit concurrent mark sweep GC freed 23(752B) AllocSpace objects, 0(0B) LOS objects, 23% free, 50MB/66MB, paused 1.649ms total 48.826ms
08-04 12:58:47.180  3712  3747 I art     : Starting a blocking GC Explicit
08-04 12:58:47.230  3712  3747 I art     : Explicit concurrent mark sweep GC freed 3(96B) AllocSpace objects, 0(0B) LOS objects, 23% free, 50MB/66MB, paused 1.804ms total 49.440ms
08-04 12:58:47.246  3712  3747 I art     : Starting a blocking GC Explicit
08-04 12:58:47.295  3712  3747 I art     : Explicit concurrent mark sweep GC freed 3(96B) AllocSpace objects, 0(0B) LOS objects, 23% free, 50MB/66MB, paused 1.661ms total 48.357ms
08-04 12:58:47.309  3712  3747 I art     : Starting a blocking GC Explicit
08-04 12:58:47.359  3712  3747 I art     : Explicit concurrent mark sweep GC freed 3(96B) AllocSpace objects, 0(0B) LOS objects, 23% free, 50MB/66MB, paused 1.845ms total 49.351ms
08-04 12:58:47.763  3712  3727 I art     : Starting a blocking GC Explicit
08-04 12:58:47.825  3712  3727 I art     : Explicit concurrent mark sweep GC freed 1381(81KB) AllocSpace objects, 1(20KB) LOS objects, 23% free, 50MB/66MB, paused 1.740ms total 61.551ms
08-04 12:58:47.834   518   646 I ThermalEngine: ACTION: GPU - Setting GPU[0] to 510000000
08-04 12:58:47.842  3712  3727 I art     : Starting a blocking GC Explicit
08-04 12:58:47.888  3712  3727 I art     : Explicit concurrent mark sweep GC freed 52(1536B) AllocSpace objects, 0(0B) LOS objects, 23% free, 50MB/66MB, paused 1.366ms total 45.576ms
08-04 12:58:47.899  3712  3727 I art     : Starting a blocking GC Explicit
08-04 12:58:47.936  3712  3727 I art     : Explicit concurrent mark sweep GC freed 3(96B) AllocSpace objects, 0(0B) LOS objects, 23% free, 50MB/66MB, paused 1.185ms total 36.616ms
08-04 12:58:47.946  3712  3727 I art     : Starting a blocking GC Explicit
08-04 12:58:47.983  3712  3727 I art     : Explicit concurrent mark sweep GC freed 3(96B) AllocSpace objects, 0(0B) LOS objects, 23% free, 50MB/66MB, paused 1.196ms total 36.194ms
08-04 12:58:47.993  3712  3727 I art     : Starting a blocking GC Explicit
08-04 12:58:48.030  3712  3727 I art     : Explicit concurrent mark sweep GC freed 3(96B) AllocSpace objects, 0(0B) LOS objects, 23% free, 50MB/66MB, paused 1.205ms total 36.569ms
08-04 12:58:48.405  3712  6492 I art     : Starting a blocking GC Explicit
08-04 12:58:48.451  3712  6492 I art     : Explicit concurrent mark sweep GC freed 1382(82KB) AllocSpace objects, 1(20KB) LOS objects, 23% free, 50MB/66MB, paused 1.328ms total 45.511ms
08-04 12:58:48.463  3712  6492 I art     : Starting a blocking GC Explicit
08-04 12:58:48.499  3712  6492 I art     : Explicit concurrent mark sweep GC freed 23(752B) AllocSpace objects, 0(0B) LOS objects, 23% free, 50MB/66MB, paused 1.250ms total 36.332ms
08-04 12:58:48.510  3712  6492 I art     : Starting a blocking GC Explicit
08-04 12:58:48.547  3712  6492 I art     : Explicit concurrent mark sweep GC freed 3(96B) AllocSpace objects, 0(0B) LOS objects, 23% free, 50MB/66MB, paused 1.206ms total 36.741ms
08-04 12:58:48.557  3712  6492 I art     : Starting a blocking GC Explicit
08-04 12:58:48.594  3712  6492 I art     : Explicit concurrent mark sweep GC freed 3(96B) AllocSpace objects, 0(0B) LOS objects, 23% free, 50MB/66MB, paused 1.209ms total 36.387ms
08-04 12:58:48.605  3712  6492 I art     : Starting a blocking GC Explicit
08-04 12:58:48.642  3712  6492 I art     : Explicit concurrent mark sweep GC freed 3(96B) AllocSpace objects, 0(0B) LOS objects, 23% free, 50MB/66MB, paused 1.204ms total 36.710ms
08-04 12:58:48.983  3712  4218 I art     : Starting a blocking GC Explicit
08-04 12:58:49.032  3712  4218 I art     : Explicit concurrent mark sweep GC freed 1413(82KB) AllocSpace objects, 1(20KB) LOS objects, 23% free, 50MB/66MB, paused 1.337ms total 48.497ms
08-04 12:58:49.045  3712  4218 I art     : Starting a blocking GC Explicit
08-04 12:58:49.082  3712  4218 I art     : Explicit concurrent mark sweep GC freed 23(752B) AllocSpace objects, 0(0B) LOS objects, 23% free, 50MB/66MB, paused 1.218ms total 36.698ms
08-04 12:58:49.093  3712  4218 I art     : Starting a blocking GC Explicit
08-04 12:58:49.130  3712  4218 I art     : Explicit concurrent mark sweep GC freed 3(96B) AllocSpace objects, 0(0B) LOS objects, 23% free, 50MB/66MB, paused 1.235ms total 36.752ms
08-04 12:58:49.140  3712  4218 I art     : Starting a blocking GC Explicit
08-04 12:58:49.177  3712  4218 I art     : Explicit concurrent mark sweep GC freed 3(96B) AllocSpace objects, 0(0B) LOS objects, 23% free, 50MB/66MB, paused 1.327ms total 36.691ms
08-04 12:58:49.188  3712  4218 I art     : Starting a blocking GC Explicit
08-04 12:58:49.225  3712  4218 I art     : Explicit concurrent mark sweep GC freed 3(96B) AllocSpace objects, 0(0B) LOS objects, 23% free, 50MB/66MB, paused 1.226ms total 36.588ms
08-04 12:58:49.592  3712  3726 I art     : Starting a blocking GC Explicit
08-04 12:58:49.633  3712  3726 I art     : Explicit concurrent mark sweep GC freed 1381(81KB) AllocSpace objects, 1(20KB) LOS objects, 23% free, 50MB/66MB, paused 1.229ms total 40.724ms
08-04 12:58:49.644  3712  3726 I art     : Starting a blocking GC Explicit
08-04 12:58:49.679  3712  3726 I art     : Explicit concurrent mark sweep GC freed 23(752B) AllocSpace objects, 0(0B) LOS objects, 23% free, 50MB/66MB, paused 1.201ms total 35.281ms
08-04 12:58:49.690  3712  3726 I art     : Starting a blocking GC Explicit
08-04 12:58:49.726  3712  3726 I art     : Explicit concurrent mark sweep GC freed 3(96B) AllocSpace objects, 0(0B) LOS objects, 23% free, 50MB/66MB, paused 1.212ms total 36.475ms
08-04 12:58:49.737  3712  3726 I art     : Starting a blocking GC Explicit
08-04 12:58:49.773  3712  3726 I art     : Explicit concurrent mark sweep GC freed 3(96B) AllocSpace objects, 0(0B) LOS objects, 23% free, 50MB/66MB, paused 1.211ms total 35.631ms
08-04 12:58:49.783  3712  3726 I art     : Starting a blocking GC Explicit
08-04 12:58:49.820  3712  3726 I art     : Explicit concurrent mark sweep GC freed 3(96B) AllocSpace objects, 0(0B) LOS objects, 23% free, 50MB/66MB, paused 1.220ms total 36.533ms
08-04 12:58:50.221  3712  3747 I art     : Starting a blocking GC Explicit
08-04 12:58:50.272  3712  3747 I art     : Explicit concurrent mark sweep GC freed 1410(81KB) AllocSpace objects, 1(20KB) LOS objects, 23% free, 50MB/66MB, paused 1.326ms total 51.158ms
08-04 12:58:50.286  3712  3747 I art     : Starting a blocking GC Explicit
08-04 12:58:50.322  3712  3747 I art     : Explicit concurrent mark sweep GC freed 23(752B) AllocSpace objects, 0(0B) LOS objects, 23% free, 50MB/66MB, paused 1.202ms total 35.812ms
08-04 12:58:50.332  3712  3747 I art     : Starting a blocking GC Explicit
08-04 12:58:50.369  3712  3747 I art     : Explicit concurrent mark sweep GC freed 3(96B) AllocSpace objects, 0(0B) LOS objects, 23% free, 50MB/66MB, paused 1.261ms total 36.524ms
08-04 12:58:50.380  3712  3747 I art     : Starting a blocking GC Explicit
08-04 12:58:50.415  3712  3747 I art     : Explicit concurrent mark sweep GC freed 3(96B) AllocSpace objects, 0(0B) LOS objects, 23% free, 50MB/66MB, paused 1.212ms total 35.662ms
08-04 12:58:50.426  3712  3747 I art     : Starting a blocking GC Explicit
08-04 12:58:50.462  3712  3747 I art     : Explicit concurrent mark sweep GC freed 3(96B) AllocSpace objects, 0(0B) LOS objects, 23% free, 50MB/66MB, paused 1.219ms total 35.994ms
08-04 12:58:50.854  3712  3727 I art     : Starting a blocking GC Explicit
08-04 12:58:50.901  3712  3727 I art     : Explicit concurrent mark sweep GC freed 1410(81KB) AllocSpace objects, 1(20KB) LOS objects, 23% free, 50MB/66MB, paused 1.337ms total 46.695ms
08-04 12:58:50.916  3712  3727 I art     : Starting a blocking GC Explicit
08-04 12:58:50.951  3712  3727 I art     : Explicit concurrent mark sweep GC freed 23(752B) AllocSpace objects, 0(0B) LOS objects, 23% free, 50MB/66MB, paused 1.140ms total 34.570ms
08-04 12:58:50.961  3712  3727 I art     : Starting a blocking GC Explicit
08-04 12:58:50.994  3712  3727 I art     : Explicit concurrent mark sweep GC freed 3(96B) AllocSpace objects, 0(0B) LOS objects, 23% free, 50MB/66MB, paused 1.174ms total 33.131ms
08-04 12:58:51.004  3712  3727 I art     : Starting a blocking GC Explicit
08-04 12:58:51.038  3712  3727 I art     : Explicit concurrent mark sweep GC freed 3(96B) AllocSpace objects, 0(0B) LOS objects, 23% free, 50MB/66MB, paused 1.249ms total 33.865ms
08-04 12:58:51.048  3712  3727 I art     : Starting a blocking GC Explicit
08-04 12:58:51.082  3712  3727 I art     : Explicit concurrent mark sweep GC freed 3(96B) AllocSpace objects, 0(0B) LOS objects, 23% free, 50MB/66MB, paused 1.191ms total 33.248ms
08-04 12:58:51.373  7531  7531 D AndroidRuntime: >>>>>> START com.android.internal.os.RuntimeInit uid 2000 <<<<<<
08-04 12:58:51.378  7531  7531 D AndroidRuntime: CheckJNI is OFF
08-04 12:58:51.413  7531  7531 D ICU     : No timezone override file found: /data/misc/zoneinfo/current/icu/icu_tzdata.dat
08-04 12:58:51.431  3712  6492 I art     : Starting a blocking GC Explicit
08-04 12:58:51.447  7531  7531 I Radio-JNI: register_android_hardware_Radio DONE
08-04 12:58:51.467  3712  6492 I art     : Explicit concurrent mark sweep GC freed 1381(81KB) AllocSpace objects, 1(20KB) LOS objects, 23% free, 50MB/66MB, paused 1.230ms total 35.542ms
08-04 12:58:51.470  7531  7531 D AndroidRuntime: Calling main entry com.android.commands.input.Input
08-04 12:58:51.471  7531  7531 I Input   : injectMotionEvent: MotionEvent { action=ACTION_DOWN, actionButton=0, id[0]=0, x[0]=526.0, y[0]=597.0, toolType[0]=TOOL_TYPE_UNKNOWN, buttonState=0, metaState=0, flags=0x0, edgeFlags=0x0, pointerCount=1, historySize=0, eventTime=709147884, downTime=709147884, deviceId=0, source=0x1002 }
08-04 12:58:51.478  3712  6492 I art     : Starting a blocking GC Explicit
08-04 12:58:51.481  7531  7531 I Input   : injectMotionEvent: MotionEvent { action=ACTION_UP, actionButton=0, id[0]=0, x[0]=526.0, y[0]=597.0, toolType[0]=TOOL_TYPE_UNKNOWN, buttonState=0, metaState=0, flags=0x0, edgeFlags=0x0, pointerCount=1, historySize=0, eventTime=709147884, downTime=709147884, deviceId=0, source=0x1002 }
08-04 12:58:51.485  7531  7531 D AndroidRuntime: Shutting down VM
08-04 12:58:51.509  3712  6492 I art     : Explicit concurrent mark sweep GC freed 41(1360B) AllocSpace objects, 0(0B) LOS objects, 23% free, 50MB/66MB, paused 1.141ms total 31.786ms
08-04 12:58:51.519  3712  6492 I art     : Starting a blocking GC Explicit
08-04 12:58:51.548  3712  3712 D PodcastListFragment: Selected podcast: GpodnetPodcast [url=http://feeds.feedburner.com/linuxoutlaws, title=Linux Outlaws, description=Two pragmatic geeks talk about the latest news concerning Linux, free and open
08-04 12:58:51.548  3712  3712 D PodcastListFragment: technology or anything else they deem noteworthy which may include such absurd
08-04 12:58:51.548  3712  3712 D PodcastListFragment: things as hockey or bands you never heard of. This means there's many a joke
08-04 12:58:51.548  3712  3712 D PodcastListFragment: and derailed conversation along the way, so don't come here expecting only
08-04 12:58:51.548  3712  3712 D PodcastListFragment: Linux or software freedom talk  just sit back and relax, partner., subscribers=3321, logoUrl=http://sixgun.org/files/linuxoutlaws.jpg, website=http://sixgun.org, mygpoLink=http://gpodder.net/podcast/linux-outlaws-mp3]
08-04 12:58:51.549   918   929 I ActivityManager: START u0 {cmp=baseline.de.danoeh.antennapod.debug/baseline.de.danoeh.antennapod.activity.OnlineFeedViewActivity (has extras)} from uid 10670 on display 0
08-04 12:58:51.550   512  2967 D audio_hw_primary: out_set_parameters: enter: usecase(1: low-latency-playback) kvpairs: routing=2
08-04 12:58:51.551  3712  6492 I art     : Explicit concurrent mark sweep GC freed 26(10KB) AllocSpace objects, 0(0B) LOS objects, 23% free, 50MB/66MB, paused 1.416ms total 31.566ms
08-04 12:58:51.560  3712  6492 I art     : Starting a blocking GC Explicit
08-04 12:58:51.563   512  2967 D audio_hw_primary: select_devices: out_snd_device(2: speaker) in_snd_device(0: none)
08-04 12:58:51.563   512  2967 D msm8974_platform: platform_send_audio_calibration: sending audio calibration for snd_device(2) acdb_id(15)
08-04 12:58:51.563   512  2967 I soundtrigger: audio_extn_sound_trigger_update_device_status: device 0x2 of type 0 for Event 1
08-04 12:58:51.576  3712  3712 D UserPreferences: Using default data folder
08-04 12:58:51.576  3712  3712 D OnlineFeedViewActivity: Activity was started with url http://feeds.feedburner.com/linuxoutlaws
08-04 12:58:51.577   512  2967 D audio_hw_primary: enable_snd_device: snd_device(2: speaker)
08-04 12:58:51.579   512  2967 D audio_hw_primary: enable_audio_route: apply and update mixer path: low-latency-playback speaker
08-04 12:58:51.584  3712  3712 D OnlineFeedViewActivity: Starting feed download
08-04 12:58:51.587  3712  3734 D DBReader: Extracting Feedlist
08-04 12:58:51.589   918  3961 D WifiService: acquireWifiLockLocked: WifiLock{Downloader type=1 binder=android.os.BinderProxy@442b344}
08-04 12:58:51.592  3712  3734 D AntennapodHttpClient: Creating new instance of HTTP client
08-04 12:58:51.595  3712  6492 I art     : Explicit concurrent mark sweep GC freed 1016(74KB) AllocSpace objects, 0(0B) LOS objects, 23% free, 50MB/66MB, paused 1.605ms total 34.244ms
08-04 12:58:51.605  3712  6492 I art     : Starting a blocking GC Explicit
08-04 12:58:51.624   918  3188 I hubconnection: sensorhub said: 'set_bias 3: -6.2400, 0.0000, 0.0000'
08-04 12:58:51.635  3712  6492 I art     : Explicit concurrent mark sweep GC freed 493(28KB) AllocSpace objects, 0(0B) LOS objects, 23% free, 50MB/66MB, paused 1.109ms total 30.393ms
08-04 12:58:51.641 13866 13866 I GoogleInputMethodServic: GoogleInputMethodService.onFinishInput():3138 
08-04 12:58:51.642 13866 13866 I GoogleInputMethodServic: GoogleInputMethodService.onStartInput():1808 
08-04 12:58:51.663   918   936 I ActivityManager: Displayed baseline.de.danoeh.antennapod.debug/baseline.de.danoeh.antennapod.activity.OnlineFeedViewActivity: +105ms
08-04 12:58:51.678  3712  3734 D MYTAG   : interceptor 3a http://feeds.feedburner.com/linuxoutlaws
08-04 12:58:51.678  3712  3734 I NAPPA_EXPERIMENTATION: MetricNetworkRequestExecutionTime: REQUEST_DURATION_SYSTEM='83',REQUEST_DURATION_OKHTTP='31',REQUEST_SYNCHRONOUS='TRUE',RESPONSE_CODE='200',RESPONSE_METHOD='GET',RESPONSE_LENGTH_OKHTTP='-1',RESPONSE_LENGTH_HEADER='-2',REQUEST_PROTOCOL='http/1.1',REQUEST_URL='http://feeds.feedburner.com/linuxoutlaws',
08-04 12:58:51.678  3712  3734 D HttpDownloader: Response code is 200
08-04 12:58:51.678  3712  3734 D UserPreferences: Using default data folder
08-04 12:58:51.680  3712  3734 D HttpDownloader: Getting size of download
08-04 12:58:51.680  3712  3734 D HttpDownloader: Size is -1
08-04 12:58:51.680  3712  3734 D UserPreferences: Using default data folder
08-04 12:58:51.680  3712  3734 D HttpDownloader: Free space is 20254470144
08-04 12:58:51.680  3712  3734 D HttpDownloader: Starting download
08-04 12:58:51.684  3712  3736 D OpenGLRenderer: endAllStagingAnimators on 0x7f7d14e800 (GridView) with handle 0x7f72af1960
08-04 12:58:51.707  3712  3734 D HttpDownloader: Download was successful
08-04 12:58:51.708   918  4413 D WifiService: releaseWifiLockLocked: WifiLock{Downloader type=1 binder=android.os.BinderProxy@442b344}
08-04 12:58:51.708  3712  3712 D OnlineFeedViewActivity: Parsing feed
08-04 12:58:51.711  3712  7556 D TypeGetter: Recognized type RSS 2.0
08-04 12:58:51.712  3712  7556 D SyndHandler: Recognized Content namespace
08-04 12:58:51.712  3712  7556 D SyndHandler: Recognized DublinCore namespace
08-04 12:58:51.712  3712  7556 D SyndHandler: Recognized Atom namespace
08-04 12:58:51.712  3712  7556 D SyndHandler: Recognized ITunes namespace
08-04 12:58:51.713  3712  7556 D SyndHandler: Recognized media namespace
08-04 12:58:51.741  3712  7556 D OnlineFeedViewActivity: Deleted feed source file. Result: true
08-04 12:58:51.741  3712  3712 D OnlineFeedViewActivity: Removing HTML from shownotes
08-04 12:58:51.753  3712  4786 D ApOkHttpUrlLoader: buildLoadData() called with: model = [http://sixgun.org/files/linuxoutlaws.jpg], width = [350], height = [350]
08-04 12:58:51.754  3712  4587 D DBReader: getImageAuthentication() called with: imageUrl = [http://sixgun.org/files/linuxoutlaws.jpg]
08-04 12:58:51.757  3712  4587 D ApOkHttpUrlLoader: no credentials for 'http://sixgun.org/files/linuxoutlaws.jpg'
08-04 12:58:51.786  3712  4587 D DBWriter: updateFeedDownloadURL(original: http://sixgun.org/files/linuxoutlaws.jpg, updated: https://fab.industries/sixgun/files/linuxoutlaws.jpg)
08-04 12:58:51.916  3712  6492 I art     : Starting a blocking GC Explicit
08-04 12:58:51.917   380   380 W SurfaceFlinger: couldn't log to binary event log: overflow.
08-04 12:58:51.922  3712  4587 D MYTAG   : interceptor 2a
08-04 12:58:51.922  3712  4587 I NAPPA_EXPERIMENTATION: MetricNetworkRequestExecutionTime: REQUEST_DURATION_SYSTEM='165',REQUEST_DURATION_OKHTTP='131',REQUEST_SYNCHRONOUS='TRUE',RESPONSE_CODE='404',RESPONSE_METHOD='GET',RESPONSE_LENGTH_OKHTTP='-1',RESPONSE_LENGTH_HEADER='1503',REQUEST_PROTOCOL='h2',REQUEST_URL='https://fab.industries/sixgun/files/linuxoutlaws.jpg',
08-04 12:58:51.924  3712  3712 W Glide   : Load failed for http://sixgun.org/files/linuxoutlaws.jpg with size [350x350]
08-04 12:58:51.924  3712  3712 W Glide   : class com.bumptech.glide.load.engine.GlideException: Failed to load resource
08-04 12:58:51.924  3712  3712 W Glide   : There was 1 cause:
08-04 12:58:51.924  3712  3712 W Glide   : com.bumptech.glide.load.HttpException()
08-04 12:58:51.924  3712  3712 W Glide   :  call GlideException#logRootCauses(String) for more detail
08-04 12:58:51.924  3712  3712 W Glide   :   Cause (1 of 1): class com.bumptech.glide.load.engine.GlideException: Fetching data failed, class java.io.InputStream, REMOTE
08-04 12:58:51.924  3712  3712 W Glide   : There was 1 cause:
08-04 12:58:51.924  3712  3712 W Glide   : com.bumptech.glide.load.HttpException()
08-04 12:58:51.924  3712  3712 W Glide   :  call GlideException#logRootCauses(String) for more detail
08-04 12:58:51.924  3712  3712 W Glide   :     Cause (1 of 1): class com.bumptech.glide.load.HttpException: 
08-04 12:58:51.925  3712  3712 I Glide   : Root cause (1 of 1)
08-04 12:58:51.925  3712  3712 I Glide   : com.bumptech.glide.load.HttpException: 
08-04 12:58:51.925  3712  3712 I Glide   : 	at com.bumptech.glide.integration.okhttp3.OkHttpStreamFetcher.onResponse(OkHttpStreamFetcher.java:73)
08-04 12:58:51.925  3712  3712 I Glide   : 	at okhttp3.RealCall$AsyncCall.execute(RealCall.java:174)
08-04 12:58:51.925  3712  3712 I Glide   : 	at okhttp3.internal.NamedRunnable.run(NamedRunnable.java:32)
08-04 12:58:51.925  3712  3712 I Glide   : 	at java.util.concurrent.ThreadPoolExecutor.runWorker(ThreadPoolExecutor.java:1113)
08-04 12:58:51.925  3712  3712 I Glide   : 	at java.util.concurrent.ThreadPoolExecutor$Worker.run(ThreadPoolExecutor.java:588)
08-04 12:58:51.925  3712  3712 I Glide   : 	at java.lang.Thread.run(Thread.java:818)
08-04 12:58:51.955  3712  6492 I art     : Explicit concurrent mark sweep GC freed 7644(895KB) AllocSpace objects, 15(828KB) LOS objects, 23% free, 51MB/67MB, paused 1.078ms total 37.921ms
08-04 12:58:51.964  3712  6492 I art     : Starting a blocking GC Explicit
08-04 12:58:51.995  3712  6492 I art     : Explicit concurrent mark sweep GC freed 1326(59KB) AllocSpace objects, 0(0B) LOS objects, 23% free, 51MB/67MB, paused 1.101ms total 30.815ms
08-04 12:58:52.005  3712  6492 I art     : Starting a blocking GC Explicit
08-04 12:58:52.037  3712  6492 I art     : Explicit concurrent mark sweep GC freed 6(192B) AllocSpace objects, 0(0B) LOS objects, 23% free, 51MB/67MB, paused 1.083ms total 32.039ms
08-04 12:58:52.047  3712  6492 I art     : Starting a blocking GC Explicit
08-04 12:58:52.057  3712  3712 D PlaybackController: Releasing PlaybackController
08-04 12:58:52.084  3712  6492 I art     : Explicit concurrent mark sweep GC freed 299(14KB) AllocSpace objects, 0(0B) LOS objects, 23% free, 51MB/67MB, paused 1.130ms total 36.433ms
08-04 12:58:52.094  3712  6492 I art     : Starting a blocking GC Explicit
08-04 12:58:52.119   512  2967 D audio_hw_primary: disable_audio_route: reset and update mixer path: low-latency-playback speaker
08-04 12:58:52.120   512  2967 D audio_hw_primary: disable_snd_device: snd_device(2: speaker)
08-04 12:58:52.127  3712  6492 I art     : Explicit concurrent mark sweep GC freed 20(672B) AllocSpace objects, 1(112KB) LOS objects, 23% free, 51MB/67MB, paused 1.254ms total 33.120ms
08-04 12:58:52.127   512  2967 I soundtrigger: audio_extn_sound_trigger_update_device_status: device 0x2 of type 0 for Event 0
08-04 12:58:52.448  3712  6492 I art     : Starting a blocking GC Explicit
08-04 12:58:52.486  3712  6492 I art     : Explicit concurrent mark sweep GC freed 1381(81KB) AllocSpace objects, 1(20KB) LOS objects, 23% free, 51MB/67MB, paused 1.238ms total 37.074ms
08-04 12:58:52.496  3712  6492 I art     : Starting a blocking GC Explicit
08-04 12:58:52.534  3712  6492 I art     : Explicit concurrent mark sweep GC freed 115(4KB) AllocSpace objects, 0(0B) LOS objects, 23% free, 51MB/67MB, paused 1.252ms total 37.310ms
08-04 12:58:52.545  3712  6492 I art     : Starting a blocking GC Explicit
08-04 12:58:52.583  3712  6492 I art     : Explicit concurrent mark sweep GC freed 3(96B) AllocSpace objects, 0(0B) LOS objects, 23% free, 51MB/67MB, paused 1.237ms total 37.514ms
08-04 12:58:52.593  3712  6492 I art     : Starting a blocking GC Explicit
08-04 12:58:52.630  3712  6492 I art     : Explicit concurrent mark sweep GC freed 3(96B) AllocSpace objects, 0(0B) LOS objects, 23% free, 51MB/67MB, paused 1.241ms total 36.293ms
08-04 12:58:52.641  3712  6492 I art     : Starting a blocking GC Explicit
08-04 12:58:52.677  3712  6492 I art     : Explicit concurrent mark sweep GC freed 3(96B) AllocSpace objects, 0(0B) LOS objects, 23% free, 51MB/67MB, paused 1.349ms total 36.695ms
08-04 12:58:53.013  3712  4218 I art     : Starting a blocking GC Explicit
08-04 12:58:53.061  3712  4218 I art     : Explicit concurrent mark sweep GC freed 1410(81KB) AllocSpace objects, 1(20KB) LOS objects, 23% free, 51MB/67MB, paused 1.341ms total 47.208ms
08-04 12:58:53.078  3712  4218 I art     : Starting a blocking GC Explicit
08-04 12:58:53.114  3712  4218 I art     : Explicit concurrent mark sweep GC freed 23(752B) AllocSpace objects, 0(0B) LOS objects, 23% free, 51MB/67MB, paused 1.215ms total 35.683ms
08-04 12:58:53.125  3712  4218 I art     : Starting a blocking GC Explicit
08-04 12:58:53.162  3712  4218 I art     : Explicit concurrent mark sweep GC freed 3(96B) AllocSpace objects, 0(0B) LOS objects, 23% free, 51MB/67MB, paused 1.126ms total 36.775ms
08-04 12:58:53.172  3712  4218 I art     : Starting a blocking GC Explicit
08-04 12:58:53.209  3712  4218 I art     : Explicit concurrent mark sweep GC freed 3(96B) AllocSpace objects, 0(0B) LOS objects, 23% free, 51MB/67MB, paused 1.253ms total 36.425ms
08-04 12:58:53.220  3712  4218 I art     : Starting a blocking GC Explicit
08-04 12:58:53.257  3712  4218 I art     : Explicit concurrent mark sweep GC freed 3(96B) AllocSpace objects, 0(0B) LOS objects, 23% free, 51MB/67MB, paused 1.217ms total 36.996ms
08-04 12:58:53.602  3712  3727 I art     : Starting a blocking GC Explicit
08-04 12:58:53.638  3712  3727 I art     : Explicit concurrent mark sweep GC freed 1411(82KB) AllocSpace objects, 1(20KB) LOS objects, 23% free, 51MB/67MB, paused 1.191ms total 35.650ms
08-04 12:58:53.649  3712  3727 I art     : Starting a blocking GC Explicit
08-04 12:58:53.682  3712  3727 I art     : Explicit concurrent mark sweep GC freed 23(752B) AllocSpace objects, 0(0B) LOS objects, 23% free, 51MB/67MB, paused 1.170ms total 33.466ms
08-04 12:58:53.692  3712  3727 I art     : Starting a blocking GC Explicit
08-04 12:58:53.728  3712  3727 I art     : Explicit concurrent mark sweep GC freed 3(96B) AllocSpace objects, 0(0B) LOS objects, 23% free, 51MB/67MB, paused 1.224ms total 35.107ms
08-04 12:58:53.739  3712  3727 I art     : Starting a blocking GC Explicit
08-04 12:58:53.775  3712  3727 I art     : Explicit concurrent mark sweep GC freed 3(96B) AllocSpace objects, 0(0B) LOS objects, 23% free, 51MB/67MB, paused 1.228ms total 36.518ms
08-04 12:58:53.786  3712  3727 I art     : Starting a blocking GC Explicit
08-04 12:58:53.823  3712  3727 I art     : Explicit concurrent mark sweep GC freed 3(96B) AllocSpace objects, 0(0B) LOS objects, 23% free, 51MB/67MB, paused 1.217ms total 36.292ms
08-04 12:58:54.205  3712  4218 I art     : Starting a blocking GC Explicit
08-04 12:58:54.252  3712  4218 I art     : Explicit concurrent mark sweep GC freed 1410(81KB) AllocSpace objects, 1(20KB) LOS objects, 23% free, 51MB/67MB, paused 1.319ms total 47.016ms
08-04 12:58:54.268  3712  4218 I art     : Starting a blocking GC Explicit
08-04 12:58:54.304  3712  4218 I art     : Explicit concurrent mark sweep GC freed 23(752B) AllocSpace objects, 0(0B) LOS objects, 23% free, 51MB/67MB, paused 1.212ms total 36.021ms
08-04 12:58:54.314  3712  4218 I art     : Starting a blocking GC Explicit
08-04 12:58:54.351  3712  4218 I art     : Explicit concurrent mark sweep GC freed 3(96B) AllocSpace objects, 0(0B) LOS objects, 23% free, 51MB/67MB, paused 1.219ms total 36.145ms
08-04 12:58:54.361  3712  4218 I art     : Starting a blocking GC Explicit
08-04 12:58:54.399  3712  4218 I art     : Explicit concurrent mark sweep GC freed 3(96B) AllocSpace objects, 0(0B) LOS objects, 23% free, 51MB/67MB, paused 1.282ms total 37.740ms
08-04 12:58:54.410  3712  4218 I art     : Starting a blocking GC Explicit
08-04 12:58:54.447  3712  4218 I art     : Explicit concurrent mark sweep GC freed 3(96B) AllocSpace objects, 0(0B) LOS objects, 23% free, 51MB/67MB, paused 1.241ms total 36.634ms
08-04 12:58:54.798  3712  3726 I art     : Starting a blocking GC Explicit
08-04 12:58:54.845  3712  3726 I art     : Explicit concurrent mark sweep GC freed 1410(83KB) AllocSpace objects, 1(20KB) LOS objects, 23% free, 51MB/67MB, paused 1.377ms total 46.737ms
08-04 12:58:54.859  3712  3726 I art     : Starting a blocking GC Explicit
08-04 12:58:54.896  3712  3726 I art     : Explicit concurrent mark sweep GC freed 24(784B) AllocSpace objects, 0(0B) LOS objects, 23% free, 51MB/67MB, paused 1.229ms total 36.778ms
08-04 12:58:54.907  3712  3726 I art     : Starting a blocking GC Explicit
08-04 12:58:54.945  3712  3726 I art     : Explicit concurrent mark sweep GC freed 3(96B) AllocSpace objects, 0(0B) LOS objects, 23% free, 51MB/67MB, paused 1.225ms total 37.762ms
08-04 12:58:54.955  3712  3726 I art     : Starting a blocking GC Explicit
08-04 12:58:54.993  3712  3726 I art     : Explicit concurrent mark sweep GC freed 3(96B) AllocSpace objects, 0(0B) LOS objects, 23% free, 51MB/67MB, paused 1.234ms total 37.699ms
08-04 12:58:55.004  3712  3726 I art     : Starting a blocking GC Explicit
08-04 12:58:55.042  3712  3726 I art     : Explicit concurrent mark sweep GC freed 3(96B) AllocSpace objects, 0(0B) LOS objects, 23% free, 51MB/67MB, paused 1.237ms total 37.060ms
08-04 12:58:55.410  3712  3747 I art     : Starting a blocking GC Explicit
08-04 12:58:55.457  3712  3747 I art     : Explicit concurrent mark sweep GC freed 1382(82KB) AllocSpace objects, 1(20KB) LOS objects, 23% free, 51MB/67MB, paused 1.340ms total 46.647ms
08-04 12:58:55.469  3712  3747 I art     : Starting a blocking GC Explicit
08-04 12:58:55.506  3712  3747 I art     : Explicit concurrent mark sweep GC freed 23(752B) AllocSpace objects, 0(0B) LOS objects, 23% free, 51MB/67MB, paused 1.224ms total 36.136ms
08-04 12:58:55.516  3712  3747 I art     : Starting a blocking GC Explicit
08-04 12:58:55.554  3712  3747 I art     : Explicit concurrent mark sweep GC freed 3(96B) AllocSpace objects, 0(0B) LOS objects, 23% free, 51MB/67MB, paused 1.236ms total 37.049ms
08-04 12:58:55.564  3712  3747 I art     : Starting a blocking GC Explicit
08-04 12:58:55.602  3712  3747 I art     : Explicit concurrent mark sweep GC freed 3(96B) AllocSpace objects, 0(0B) LOS objects, 23% free, 51MB/67MB, paused 1.249ms total 37.463ms
08-04 12:58:55.613  3712  3747 I art     : Starting a blocking GC Explicit
08-04 12:58:55.650  3712  3747 I art     : Explicit concurrent mark sweep GC freed 3(96B) AllocSpace objects, 0(0B) LOS objects, 23% free, 51MB/67MB, paused 1.254ms total 37.045ms
08-04 12:58:55.960  3712  6492 I art     : Starting a blocking GC Explicit
08-04 12:58:56.001  3712  6492 I art     : Explicit concurrent mark sweep GC freed 1413(82KB) AllocSpace objects, 1(20KB) LOS objects, 23% free, 51MB/67MB, paused 1.187ms total 40.677ms
08-04 12:58:56.012  3712  6492 I art     : Starting a blocking GC Explicit
08-04 12:58:56.046  3712  6492 I art     : Explicit concurrent mark sweep GC freed 23(752B) AllocSpace objects, 0(0B) LOS objects, 23% free, 51MB/67MB, paused 1.168ms total 33.944ms
08-04 12:58:56.057  3712  6492 I art     : Starting a blocking GC Explicit
08-04 12:58:56.092  3712  6492 I art     : Explicit concurrent mark sweep GC freed 3(96B) AllocSpace objects, 0(0B) LOS objects, 23% free, 51MB/67MB, paused 1.229ms total 35.041ms
08-04 12:58:56.102  3712  6492 I art     : Starting a blocking GC Explicit
08-04 12:58:56.137  3712  6492 I art     : Explicit concurrent mark sweep GC freed 3(96B) AllocSpace objects, 0(0B) LOS objects, 23% free, 51MB/67MB, paused 1.303ms total 34.592ms
08-04 12:58:56.147  3712  6492 I art     : Starting a blocking GC Explicit
08-04 12:58:56.182  3712  6492 I art     : Explicit concurrent mark sweep GC freed 3(96B) AllocSpace objects, 0(0B) LOS objects, 23% free, 51MB/67MB, paused 1.271ms total 34.725ms
08-04 12:58:56.186  7629  7629 D AndroidRuntime: >>>>>> START com.android.internal.os.RuntimeInit uid 2000 <<<<<<
08-04 12:58:56.191  7629  7629 D AndroidRuntime: CheckJNI is OFF
08-04 12:58:56.223  7629  7629 D ICU     : No timezone override file found: /data/misc/zoneinfo/current/icu/icu_tzdata.dat
08-04 12:58:56.256  7629  7629 I Radio-JNI: register_android_hardware_Radio DONE
08-04 12:58:56.278  7629  7629 D AndroidRuntime: Calling main entry com.android.commands.input.Input
08-04 12:58:56.280  7629  7629 I Input   : injectKeyEvent: KeyEvent { action=ACTION_DOWN, keyCode=KEYCODE_BACK, scanCode=0, metaState=0, flags=0x0, repeatCount=0, eventTime=709152693, downTime=709152693, deviceId=-1, source=0x101 }
08-04 12:58:56.286  7629  7629 I Input   : injectKeyEvent: KeyEvent { action=ACTION_UP, keyCode=KEYCODE_BACK, scanCode=0, metaState=0, flags=0x0, repeatCount=0, eventTime=709152693, downTime=709152693, deviceId=-1, source=0x101 }
08-04 12:58:56.292  7629  7629 D AndroidRuntime: Shutting down VM
08-04 12:58:56.297  3712  3712 V PlaybackController: initServiceNotRunning()
08-04 12:58:56.297  3712  3712 D ExternalPlayerFragment: Loading media info
08-04 12:58:56.300  3712  4786 D ApOkHttpUrlLoader: buildLoadData() called with: model = [http://sixgun.org/files/linuxoutlaws.jpg], width = [224], height = [224]
08-04 12:58:56.301  3712  4587 D DBReader: getImageAuthentication() called with: imageUrl = [http://sixgun.org/files/linuxoutlaws.jpg]
08-04 12:58:56.303  3712  3712 D UserPreferences: Using default data folder
08-04 12:58:56.303  3712  3734 D DBReader: getNavDrawerData() called with: 
08-04 12:58:56.304  3712  4587 D ApOkHttpUrlLoader: no credentials for 'http://sixgun.org/files/linuxoutlaws.jpg'
08-04 12:58:56.314  3712  3734 D DBReader: getDownloadedItems() called
08-04 12:58:56.315  3712  3734 D DBReader: getFavoriteIDList() called
08-04 12:58:56.315  3712  3734 D DBReader: getQueueIDList() called
08-04 12:58:56.316  3712  3734 D DBReader: Extracting Feedlist
08-04 12:58:56.333  3712  3712 D MainActivity: getLastNavFragment() -> AddFeedFragment
08-04 12:58:56.333 13866 13866 I GoogleInputMethodServic: GoogleInputMethodService.onFinishInput():3138 
08-04 12:58:56.334 13866 13866 I GoogleInputMethodServic: GoogleInputMethodService.onStartInput():1808 
08-04 12:58:56.384  3712  4587 D DBWriter: updateFeedDownloadURL(original: http://sixgun.org/files/linuxoutlaws.jpg, updated: https://fab.industries/sixgun/files/linuxoutlaws.jpg)
08-04 12:58:56.465  3712  3726 I art     : Starting a blocking GC Explicit
08-04 12:58:56.513  3712  3726 I art     : Explicit concurrent mark sweep GC freed 3101(185KB) AllocSpace objects, 1(20KB) LOS objects, 23% free, 51MB/67MB, paused 1.477ms total 47.215ms
08-04 12:58:56.518  3712  4587 D MYTAG   : interceptor 2a
08-04 12:58:56.518  3712  4587 I NAPPA_EXPERIMENTATION: MetricNetworkRequestExecutionTime: REQUEST_DURATION_SYSTEM='214',REQUEST_DURATION_OKHTTP='132',REQUEST_SYNCHRONOUS='TRUE',RESPONSE_CODE='404',RESPONSE_METHOD='GET',RESPONSE_LENGTH_OKHTTP='-1',RESPONSE_LENGTH_HEADER='1503',REQUEST_PROTOCOL='h2',REQUEST_URL='https://fab.industries/sixgun/files/linuxoutlaws.jpg',
08-04 12:58:56.520  3712  3712 W Glide   : Load failed for http://sixgun.org/files/linuxoutlaws.jpg with size [224x224]
08-04 12:58:56.520  3712  3712 W Glide   : class com.bumptech.glide.load.engine.GlideException: Failed to load resource
08-04 12:58:56.520  3712  3712 W Glide   : There was 1 cause:
08-04 12:58:56.520  3712  3712 W Glide   : com.bumptech.glide.load.HttpException()
08-04 12:58:56.520  3712  3712 W Glide   :  call GlideException#logRootCauses(String) for more detail
08-04 12:58:56.520  3712  3712 W Glide   :   Cause (1 of 1): class com.bumptech.glide.load.engine.GlideException: Fetching data failed, class java.io.InputStream, REMOTE
08-04 12:58:56.520  3712  3712 W Glide   : There was 1 cause:
08-04 12:58:56.520  3712  3712 W Glide   : com.bumptech.glide.load.HttpException()
08-04 12:58:56.520  3712  3712 W Glide   :  call GlideException#logRootCauses(String) for more detail
08-04 12:58:56.520  3712  3712 W Glide   :     Cause (1 of 1): class com.bumptech.glide.load.HttpException: 
08-04 12:58:56.520  3712  3712 I Glide   : Root cause (1 of 1)
08-04 12:58:56.520  3712  3712 I Glide   : com.bumptech.glide.load.HttpException: 
08-04 12:58:56.520  3712  3712 I Glide   : 	at com.bumptech.glide.integration.okhttp3.OkHttpStreamFetcher.onResponse(OkHttpStreamFetcher.java:73)
08-04 12:58:56.520  3712  3712 I Glide   : 	at okhttp3.RealCall$AsyncCall.execute(RealCall.java:174)
08-04 12:58:56.520  3712  3712 I Glide   : 	at okhttp3.internal.NamedRunnable.run(NamedRunnable.java:32)
08-04 12:58:56.520  3712  3712 I Glide   : 	at java.util.concurrent.ThreadPoolExecutor.runWorker(ThreadPoolExecutor.java:1113)
08-04 12:58:56.520  3712  3712 I Glide   : 	at java.util.concurrent.ThreadPoolExecutor$Worker.run(ThreadPoolExecutor.java:588)
08-04 12:58:56.520  3712  3712 I Glide   : 	at java.lang.Thread.run(Thread.java:818)
08-04 12:58:56.520  3712  3712 W Glide   : Load failed for http://sixgun.org/files/linuxoutlaws.jpg with size [224x224]
08-04 12:58:56.520  3712  3712 W Glide   : class com.bumptech.glide.load.engine.GlideException: Failed to load resource
08-04 12:58:56.520  3712  3712 W Glide   : There was 1 cause:
08-04 12:58:56.520  3712  3712 W Glide   : com.bumptech.glide.load.HttpException()
08-04 12:58:56.520  3712  3712 W Glide   :  call GlideException#logRootCauses(String) for more detail
08-04 12:58:56.520  3712  3712 W Glide   :   Cause (1 of 1): class com.bumptech.glide.load.engine.GlideException: Fetching data failed, class java.io.InputStream, REMOTE
08-04 12:58:56.520  3712  3712 W Glide   : There was 1 cause:
08-04 12:58:56.520  3712  3712 W Glide   : com.bumptech.glide.load.HttpException()
08-04 12:58:56.520  3712  3712 W Glide   :  call GlideException#logRootCauses(String) for more detail
08-04 12:58:56.520  3712  3712 W Glide   :     Cause (1 of 1): class com.bumptech.glide.load.HttpException: 
08-04 12:58:56.521  3712  3712 I Glide   : Root cause (1 of 1)
08-04 12:58:56.521  3712  3712 I Glide   : com.bumptech.glide.load.HttpException: 
08-04 12:58:56.521  3712  3712 I Glide   : 	at com.bumptech.glide.integration.okhttp3.OkHttpStreamFetcher.onResponse(OkHttpStreamFetcher.java:73)
08-04 12:58:56.521  3712  3712 I Glide   : 	at okhttp3.RealCall$AsyncCall.execute(RealCall.java:174)
08-04 12:58:56.521  3712  3712 I Glide   : 	at okhttp3.internal.NamedRunnable.run(NamedRunnable.java:32)
08-04 12:58:56.521  3712  3712 I Glide   : 	at java.util.concurrent.ThreadPoolExecutor.runWorker(ThreadPoolExecutor.java:1113)
08-04 12:58:56.521  3712  3712 I Glide   : 	at java.util.concurrent.ThreadPoolExecutor$Worker.run(ThreadPoolExecutor.java:588)
08-04 12:58:56.521  3712  3712 I Glide   : 	at java.lang.Thread.run(Thread.java:818)
08-04 12:58:56.526  3712  3726 I art     : Starting a blocking GC Explicit
08-04 12:58:56.560  3712  3726 I art     : Explicit concurrent mark sweep GC freed 1065(101KB) AllocSpace objects, 0(0B) LOS objects, 23% free, 51MB/67MB, paused 1.225ms total 33.415ms
08-04 12:58:56.569  3712  3726 I art     : Starting a blocking GC Explicit
08-04 12:58:56.607  3712  3726 I art     : Explicit concurrent mark sweep GC freed 26(1152B) AllocSpace objects, 0(0B) LOS objects, 23% free, 51MB/67MB, paused 1.084ms total 37.245ms
08-04 12:58:56.620  3712  3726 I art     : Starting a blocking GC Explicit
08-04 12:58:56.642 13866 13882 I PeriodicStatsRunner: PeriodicStatsRunner.call():175 call()
08-04 12:58:56.642 13866 13882 I PeriodicStatsRunner: PeriodicStatsRunner.call():179 No submit PeriodicStats since input started.
08-04 12:58:56.654   380   380 W SurfaceFlinger: couldn't log to binary event log: overflow.
08-04 12:58:56.661  3712  3726 I art     : Explicit concurrent mark sweep GC freed 3(96B) AllocSpace objects, 0(0B) LOS objects, 23% free, 51MB/67MB, paused 2.243ms total 39.883ms
08-04 12:58:56.673  3712  3726 I art     : Starting a blocking GC Explicit
08-04 12:58:56.706  3712  3726 I art     : Explicit concurrent mark sweep GC freed 595(24KB) AllocSpace objects, 0(0B) LOS objects, 23% free, 51MB/67MB, paused 1.184ms total 32.912ms
08-04 12:58:57.022  3712  3747 I art     : Starting a blocking GC Explicit
08-04 12:58:57.068  3712  3747 I art     : Explicit concurrent mark sweep GC freed 4265(319KB) AllocSpace objects, 2(48KB) LOS objects, 23% free, 50MB/66MB, paused 1.331ms total 46.131ms
08-04 12:58:57.080  3712  3747 I art     : Starting a blocking GC Explicit
08-04 12:58:57.116  3712  3747 I art     : Explicit concurrent mark sweep GC freed 23(752B) AllocSpace objects, 0(0B) LOS objects, 23% free, 50MB/66MB, paused 1.202ms total 36.109ms
08-04 12:58:57.127  3712  3747 I art     : Starting a blocking GC Explicit
08-04 12:58:57.163  3712  3747 I art     : Explicit concurrent mark sweep GC freed 3(96B) AllocSpace objects, 0(0B) LOS objects, 23% free, 50MB/66MB, paused 1.251ms total 35.888ms
08-04 12:58:57.173  3712  3747 I art     : Starting a blocking GC Explicit
08-04 12:58:57.210  3712  3747 I art     : Explicit concurrent mark sweep GC freed 3(96B) AllocSpace objects, 0(0B) LOS objects, 23% free, 50MB/66MB, paused 1.249ms total 36.203ms
08-04 12:58:57.221  3712  3747 I art     : Starting a blocking GC Explicit
08-04 12:58:57.258  3712  3747 I art     : Explicit concurrent mark sweep GC freed 3(96B) AllocSpace objects, 0(0B) LOS objects, 23% free, 50MB/66MB, paused 1.354ms total 37.260ms
08-04 12:58:57.592  3712  3727 I art     : Starting a blocking GC Explicit
08-04 12:58:57.628  3712  3727 I art     : Explicit concurrent mark sweep GC freed 1383(81KB) AllocSpace objects, 1(20KB) LOS objects, 23% free, 50MB/66MB, paused 1.355ms total 36.050ms
08-04 12:58:57.639  3712  3727 I art     : Starting a blocking GC Explicit
08-04 12:58:57.673  3712  3727 I art     : Explicit concurrent mark sweep GC freed 23(752B) AllocSpace objects, 0(0B) LOS objects, 23% free, 50MB/66MB, paused 1.378ms total 34.430ms
08-04 12:58:57.683  3712  3727 I art     : Starting a blocking GC Explicit
08-04 12:58:57.718  3712  3727 I art     : Explicit concurrent mark sweep GC freed 3(96B) AllocSpace objects, 0(0B) LOS objects, 23% free, 50MB/66MB, paused 1.367ms total 33.869ms
08-04 12:58:57.727  3712  3727 I art     : Starting a blocking GC Explicit
08-04 12:58:57.761  3712  3727 I art     : Explicit concurrent mark sweep GC freed 3(96B) AllocSpace objects, 0(0B) LOS objects, 23% free, 50MB/66MB, paused 1.227ms total 33.531ms
08-04 12:58:57.771  3712  3727 I art     : Starting a blocking GC Explicit
08-04 12:58:57.805  3712  3727 I art     : Explicit concurrent mark sweep GC freed 3(96B) AllocSpace objects, 0(0B) LOS objects, 23% free, 50MB/66MB, paused 1.234ms total 34.011ms
08-04 12:58:57.957  7684  7684 D AndroidRuntime: >>>>>> START com.android.internal.os.RuntimeInit uid 2000 <<<<<<
08-04 12:58:57.963  7684  7684 D AndroidRuntime: CheckJNI is OFF
08-04 12:58:57.998  7684  7684 D ICU     : No timezone override file found: /data/misc/zoneinfo/current/icu/icu_tzdata.dat
08-04 12:58:58.032  7684  7684 I Radio-JNI: register_android_hardware_Radio DONE
08-04 12:58:58.053  7684  7684 D AndroidRuntime: Calling main entry com.android.commands.input.Input
08-04 12:58:58.054  7684  7684 I Input   : injectKeyEvent: KeyEvent { action=ACTION_DOWN, keyCode=KEYCODE_BACK, scanCode=0, metaState=0, flags=0x0, repeatCount=0, eventTime=709154467, downTime=709154467, deviceId=-1, source=0x101 }
08-04 12:58:58.059  7684  7684 I Input   : injectKeyEvent: KeyEvent { action=ACTION_UP, keyCode=KEYCODE_BACK, scanCode=0, metaState=0, flags=0x0, repeatCount=0, eventTime=709154467, downTime=709154467, deviceId=-1, source=0x101 }
08-04 12:58:58.074  7684  7684 D AndroidRuntime: Shutting down VM
08-04 12:58:58.136  3712  3747 I art     : Starting a blocking GC Explicit
08-04 12:58:58.173  3712  3747 I art     : Explicit concurrent mark sweep GC freed 3585(171KB) AllocSpace objects, 1(20KB) LOS objects, 23% free, 50MB/66MB, paused 1.292ms total 36.975ms
08-04 12:58:58.183  3712  3747 I art     : Starting a blocking GC Explicit
08-04 12:58:58.219  3712  3747 I art     : Explicit concurrent mark sweep GC freed 5380(396KB) AllocSpace objects, 9(1620KB) LOS objects, 24% free, 48MB/64MB, paused 1.356ms total 35.089ms
08-04 12:58:58.229  3712  3747 I art     : Starting a blocking GC Explicit
08-04 12:58:58.263  3712  3747 I art     : Explicit concurrent mark sweep GC freed 3(96B) AllocSpace objects, 0(0B) LOS objects, 24% free, 48MB/64MB, paused 1.225ms total 33.510ms
08-04 12:58:58.273  3712  3747 I art     : Starting a blocking GC Explicit
08-04 12:58:58.307  3712  3747 I art     : Explicit concurrent mark sweep GC freed 3(96B) AllocSpace objects, 0(0B) LOS objects, 24% free, 48MB/64MB, paused 1.244ms total 33.832ms
08-04 12:58:58.317  3712  3747 I art     : Starting a blocking GC Explicit
08-04 12:58:58.352  3712  3747 I art     : Explicit concurrent mark sweep GC freed 3(96B) AllocSpace objects, 0(0B) LOS objects, 24% free, 48MB/64MB, paused 1.235ms total 34.176ms
08-04 12:58:58.533  3644  3644 I ServiceManager: Waiting for service AtCmdFwd...
08-04 12:58:58.659  3712  3727 I art     : Starting a blocking GC Explicit
08-04 12:58:58.706  3712  3727 I art     : Explicit concurrent mark sweep GC freed 1382(82KB) AllocSpace objects, 1(20KB) LOS objects, 24% free, 48MB/64MB, paused 1.324ms total 46.350ms
08-04 12:58:58.719  3712  3727 I art     : Starting a blocking GC Explicit
08-04 12:58:58.753  3712  3727 I art     : Explicit concurrent mark sweep GC freed 23(752B) AllocSpace objects, 0(0B) LOS objects, 24% free, 48MB/64MB, paused 1.167ms total 33.155ms
08-04 12:58:58.763  3712  3727 I art     : Starting a blocking GC Explicit
08-04 12:58:58.796  3712  3727 I art     : Explicit concurrent mark sweep GC freed 3(96B) AllocSpace objects, 0(0B) LOS objects, 24% free, 48MB/64MB, paused 1.404ms total 33.231ms
08-04 12:58:58.807  3712  3727 I art     : Starting a blocking GC Explicit
08-04 12:58:58.840  3712  3727 I art     : Explicit concurrent mark sweep GC freed 3(96B) AllocSpace objects, 0(0B) LOS objects, 24% free, 48MB/64MB, paused 1.211ms total 32.631ms
08-04 12:58:58.850  3712  3727 I art     : Starting a blocking GC Explicit
08-04 12:58:58.884  3712  3727 I art     : Explicit concurrent mark sweep GC freed 32(880B) AllocSpace objects, 0(0B) LOS objects, 24% free, 48MB/64MB, paused 1.221ms total 34.001ms
08-04 12:58:59.222  3712  6492 I art     : Starting a blocking GC Explicit
08-04 12:58:59.265  3712  6492 I art     : Explicit concurrent mark sweep GC freed 1381(82KB) AllocSpace objects, 1(20KB) LOS objects, 24% free, 48MB/64MB, paused 1.295ms total 42.739ms
08-04 12:58:59.265  3712  3725 I art     : WaitForGcToComplete blocked for 12.572ms for cause HeapTrim
08-04 12:58:59.279  3712  6492 I art     : Starting a blocking GC Explicit
08-04 12:58:59.313  3712  6492 I art     : Explicit concurrent mark sweep GC freed 23(752B) AllocSpace objects, 0(0B) LOS objects, 24% free, 48MB/64MB, paused 1.161ms total 33.714ms
08-04 12:58:59.323  3712  6492 I art     : Starting a blocking GC Explicit
08-04 12:58:59.356  3712  6492 I art     : Explicit concurrent mark sweep GC freed 3(96B) AllocSpace objects, 0(0B) LOS objects, 24% free, 48MB/64MB, paused 1.089ms total 33.075ms
08-04 12:58:59.365  3712  6492 I art     : Starting a blocking GC Explicit
08-04 12:58:59.397  3712  6492 I art     : Explicit concurrent mark sweep GC freed 3(96B) AllocSpace objects, 0(0B) LOS objects, 24% free, 48MB/64MB, paused 1.236ms total 30.810ms
08-04 12:58:59.406  3712  6492 I art     : Starting a blocking GC Explicit
08-04 12:58:59.438  3712  6492 I art     : Explicit concurrent mark sweep GC freed 3(96B) AllocSpace objects, 0(0B) LOS objects, 24% free, 48MB/64MB, paused 1.263ms total 31.316ms
08-04 12:58:59.534  3644  3644 I ServiceManager: Waiting for service AtCmdFwd...
08-04 12:58:59.760  3712  6492 I art     : Starting a blocking GC Explicit
08-04 12:58:59.783  7736  7736 D AndroidRuntime: >>>>>> START com.android.internal.os.RuntimeInit uid 2000 <<<<<<
08-04 12:58:59.789  7736  7736 D AndroidRuntime: CheckJNI is OFF
08-04 12:58:59.797  3712  6492 I art     : Explicit concurrent mark sweep GC freed 1396(83KB) AllocSpace objects, 1(20KB) LOS objects, 24% free, 48MB/64MB, paused 1.428ms total 36.489ms
08-04 12:58:59.807  3712  6492 I art     : Starting a blocking GC Explicit
08-04 12:58:59.825  7736  7736 D ICU     : No timezone override file found: /data/misc/zoneinfo/current/icu/icu_tzdata.dat
08-04 12:58:59.838  3712  6492 I art     : Explicit concurrent mark sweep GC freed 27(880B) AllocSpace objects, 0(0B) LOS objects, 24% free, 48MB/64MB, paused 1.212ms total 30.482ms
08-04 12:58:59.847  3712  6492 I art     : Starting a blocking GC Explicit
08-04 12:58:59.858  7736  7736 I Radio-JNI: register_android_hardware_Radio DONE
08-04 12:58:59.877  3712  6492 I art     : Explicit concurrent mark sweep GC freed 37(1040B) AllocSpace objects, 0(0B) LOS objects, 24% free, 48MB/64MB, paused 2.275ms total 30.350ms
08-04 12:58:59.879  7736  7736 D AndroidRuntime: Calling main entry com.android.commands.am.Am
08-04 12:58:59.885  2375  2375 I Trepn   : Trepn 6.2s: Received intent: com.quicinc.trepn.stop_profiling
08-04 12:58:59.887  3712  6492 I art     : Starting a blocking GC Explicit
08-04 12:58:59.915  3712  6492 I art     : Explicit concurrent mark sweep GC freed 7(224B) AllocSpace objects, 0(0B) LOS objects, 24% free, 48MB/64MB, paused 1.104ms total 27.855ms
08-04 12:58:59.924  3712  6492 I art     : Starting a blocking GC Explicit
08-04 12:58:59.935  2375  2375 I Trepn   : Trepn 6.2s: Trepn has Stopped Profiling.
08-04 12:58:59.953  3712  6492 I art     : Explicit concurrent mark sweep GC freed 6(192B) AllocSpace objects, 0(0B) LOS objects, 24% free, 48MB/64MB, paused 1.159ms total 28.613ms
08-04 12:59:00.153  7736  7736 D AndroidRuntime: Shutting down VM
08-04 12:59:00.156   918  3714 W AppOps  : Finishing op nesting under-run: uid 10078 pkg com.quicinc.trepn code 24 time=0 duration=0 nesting=0
08-04 12:59:00.257  3712  3727 I art     : Starting a blocking GC Explicit
08-04 12:59:00.293  3712  3727 I art     : Explicit concurrent mark sweep GC freed 1383(81KB) AllocSpace objects, 1(20KB) LOS objects, 24% free, 48MB/64MB, paused 1.224ms total 35.676ms
08-04 12:59:00.303  3712  3727 I art     : Starting a blocking GC Explicit
08-04 12:59:00.338  3712  3727 I art     : Explicit concurrent mark sweep GC freed 23(752B) AllocSpace objects, 0(0B) LOS objects, 24% free, 48MB/64MB, paused 1.368ms total 34.686ms
08-04 12:59:00.349  3712  3727 I art     : Starting a blocking GC Explicit
08-04 12:59:00.383  3712  3727 I art     : Explicit concurrent mark sweep GC freed 3(96B) AllocSpace objects, 0(0B) LOS objects, 24% free, 48MB/64MB, paused 1.137ms total 33.923ms
08-04 12:59:00.393  3712  3727 I art     : Starting a blocking GC Explicit
08-04 12:59:00.426  3712  3727 I art     : Explicit concurrent mark sweep GC freed 3(96B) AllocSpace objects, 0(0B) LOS objects, 24% free, 48MB/64MB, paused 1.121ms total 32.293ms
08-04 12:59:00.436  3712  3727 I art     : Starting a blocking GC Explicit
08-04 12:59:00.468  3712  3727 I art     : Explicit concurrent mark sweep GC freed 3(96B) AllocSpace objects, 0(0B) LOS objects, 24% free, 48MB/64MB, paused 1.216ms total 31.366ms
08-04 12:59:00.534  3644  3644 I ServiceManager: Waiting for service AtCmdFwd...
08-04 12:59:01.334 13866 13882 I PeriodicStatsRunner: PeriodicStatsRunner.call():175 call()
08-04 12:59:01.334 13866 13882 I PeriodicStatsRunner: PeriodicStatsRunner.call():179 No submit PeriodicStats since input started.
08-04 12:59:01.534  3644  3644 I ServiceManager: Waiting for service AtCmdFwd...
08-04 12:59:02.535  3644  3644 I ServiceManager: Waiting for service AtCmdFwd...
08-04 12:59:02.554   918  3261 D WifiStateMachine: starting scan for "H369AA63323"WPA_PSK with 2412,5180
08-04 12:59:03.535  3644  3644 W Atfwd_Sendcmd: AtCmdFwd service not published, waiting... retryCnt : 4
