--------- beginning of main
08-04 12:29:48.464   918  6111 I AccountManagerService: getTypesVisibleToCaller: isPermitted? true
08-04 12:29:48.485 24365 10061 I Fitness : FitCleanupIntentOperation received Intent android.intent.action.PACKAGE_REMOVED [CONTEXT service_id=17 ]
08-04 12:29:48.488  3784  3784 D CarrierServiceBindHelper: Receive action: android.intent.action.PACKAGE_ADDED
08-04 12:29:48.489  3784  3784 D CarrierServiceBindHelper: Receive action: android.intent.action.PACKAGE_REPLACED
08-04 12:29:48.489  3784  3784 D CarrierServiceBindHelper: mHandler: 3
08-04 12:29:48.489  3784  3784 D CarrierServiceBindHelper: mHandler: 3
08-04 12:29:48.489  3784  3784 D CarrierServiceBindHelper: mHandler: 3
08-04 12:29:48.489  3784  3784 D CarrierConfigLoader: mHandler: 9 phoneId: 0
08-04 12:29:48.491 32231 32231 I Finsky  : [1] uah.a(18): PackageMonitorReceiverImpl - Received: android.intent.action.PACKAGE_REMOVED, [CFjXe5fo2ooiLur0Ju3smv2h5qnGgIsGl5_C_SkJu8g]
08-04 12:29:48.491 32231 32231 I Finsky  : [1] ubi.d(9): Invalidating cached PackageState for baseline.de.danoeh.antennapod.debug
08-04 12:29:48.498 32231 32231 I Finsky  : [1] lzi.c(2): Frosting ID looked up on UI thread. Caller should move to a background thread.
08-04 12:29:48.502   918   930 W ResourceType: ResTable_typeSpec entry count inconsistent: given 37, previously 42
08-04 12:29:48.503   918   930 W ResourceType: ResTable_typeSpec entry count inconsistent: given 2527, previously 2530
08-04 12:29:48.504   918   930 W ResourceType: ResTable_typeSpec entry count inconsistent: given 2542, previously 2545
08-04 12:29:48.504   918   930 W ResourceType: ResTable_typeSpec entry count inconsistent: given 303, previously 1691
08-04 12:29:48.521   918  4413 I AccountManagerService: getTypesVisibleToCaller: isPermitted? true
08-04 12:29:48.523 32231 32231 I Finsky  : [1] nqb.c(3): Installer: package baseline.de.danoeh.antennapod.debug was removed. replacing: true
08-04 12:29:48.524 32231 32231 I Finsky  : [1] nra.a(188): Installer: Notifying status update. package=baseline.de.danoeh.antennapod.debug, status=UNINSTALLED
08-04 12:29:48.544   918   930 W ResourceType: ResTable_typeSpec entry count inconsistent: given 37, previously 42
08-04 12:29:48.544   918   930 W ResourceType: ResTable_typeSpec entry count inconsistent: given 2527, previously 2530
08-04 12:29:48.544   918   930 W ResourceType: ResTable_typeSpec entry count inconsistent: given 2542, previously 2545
08-04 12:29:48.544   918   930 W ResourceType: ResTable_typeSpec entry count inconsistent: given 303, previously 1691
08-04 12:29:48.546   918   927 I art     : Background partial concurrent mark sweep GC freed 20290(1295KB) AllocSpace objects, 0(0B) LOS objects, 18% free, 68MB/84MB, paused 9.644ms total 178.386ms
08-04 12:29:48.565 32231 32231 I Finsky  : [1] lzi.c(2): Frosting ID looked up on UI thread. Caller should move to a background thread.
08-04 12:29:48.578 32231 32231 I Finsky  : [1] nra.a(220): Installer: found apps to install. isMultiUserMode=false, apps=[]
08-04 12:29:48.581 32231 10069 I Finsky  : [5972] ejf.a(-1): Cancelled 0 ongoing asset module downloads for package baseline.de.danoeh.antennapod.debug due to a concurrent app update.
08-04 12:29:48.587 32231 32350 I Finsky  : [5755] odj.b(52): IQ: Notifying installation update. package=baseline.de.danoeh.antennapod.debug, status=UNINSTALLED
08-04 12:29:48.620 32231 10062 I Finsky  : [5970] lyv.run(-1): Wrote row to frosting DB: 2280
08-04 12:29:48.645 24577 10057 I Auth    : [SupervisedAccountIntentOperation] onHandleIntent(): android.intent.action.PACKAGE_ADDED
08-04 12:29:48.645 24577 10057 I ChromeSync: [Sync,SyncIntentOperation] Handling the intent: Intent { act=android.intent.action.PACKAGE_ADDED dat=package:baseline.de.danoeh.antennapod.debug flg=0x4000010 cmp=com.google.android.gms/.chimera.GmsIntentOperationService (has extras) }.
08-04 12:29:48.655 32231 32231 I Finsky  : [1] uah.a(18): PackageMonitorReceiverImpl - Received: android.intent.action.PACKAGE_ADDED, [CFjXe5fo2ooiLur0Ju3smv2h5qnGgIsGl5_C_SkJu8g]
08-04 12:29:48.656 32231 32231 I Finsky  : [1] ubi.d(9): Invalidating cached PackageState for baseline.de.danoeh.antennapod.debug
--------- beginning of system
08-04 12:29:48.660   918  3714 W ActivityManager: Unable to start service Intent { act=com.google.android.gms.auth.key.retrieval.service.START pkg=com.google.android.gms } U=0: not found
08-04 12:29:48.707 32231 32231 I Finsky  : [1] lzi.c(2): Frosting ID looked up on UI thread. Caller should move to a background thread.
08-04 12:29:48.728 32231 32231 I Finsky  : [1] agsx.a(4): Do not start WearSupportService due to Wear service optimization
08-04 12:29:48.747   918  3359 W ActivityManager: Unbind failed: could not find connection for android.os.BinderProxy@6c4d30e
08-04 12:29:48.749 32231 10069 I Finsky  : [5972] ejc.a(-1): Asset module broadcast after update successful for package baseline.de.danoeh.antennapod.debug. 0 sessions broadcast.
08-04 12:29:48.778 24577 24621 E GmsClient: unable to connect to service: com.google.android.gms.auth.key.retrieval.service.START on com.google.android.gms
08-04 12:29:48.781 32231 32231 I Finsky  : [1] lzi.c(2): Frosting ID looked up on UI thread. Caller should move to a background thread.
08-04 12:29:48.785   918  6110 I AccountManagerService: getTypesVisibleToCaller: isPermitted? true
08-04 12:29:48.787 24577 10057 I ChromeSync: [Persistence,AffiliationManager] One of affiliation or grouping data for android://bz0hZa4nAJEtd0n5sRlXG7KAqctUMWVefv7Ki4mh1p6slZ9YO-n9gS9j8m9YCrsIyI2wIxrDHraumF9Y6pBLTA==@baseline.de.danoeh.antennapod.debug/ was not found. Marking affiliation data as stale...
08-04 12:29:48.879   918   929 I AccountManagerService: getTypesVisibleToCaller: isPermitted? true
08-04 12:29:48.889 32231 32231 I Finsky  : [1] gzn.a(-1): [ContentSync] finished, scheduled=true
08-04 12:29:48.937 32231 10062 I Finsky  : [5970] lyv.run(-1): Wrote row to frosting DB: 2281
08-04 12:29:48.950 32231 10068 I Finsky  : [5971] gzn.a(-1): [ContentSync] finished, scheduled=false
08-04 12:29:48.962 32231 32350 I Finsky  : [5755] odj.b(40): IQ: No matching installs to run for jobs: []
08-04 12:29:49.008 32231 10062 I Finsky  : [5970] lyv.run(-1): Wrote row to frosting DB: 2282
08-04 12:29:49.041 10086 10086 D AndroidRuntime: >>>>>> START com.android.internal.os.RuntimeInit uid 2000 <<<<<<
08-04 12:29:49.045 10086 10086 D AndroidRuntime: CheckJNI is OFF
08-04 12:29:49.048 24577 13293 I Icing   : IndexChimeraService.getServiceInterface callingPackage=com.google.android.gms componentName=AppsCorpus serviceId=36
08-04 12:29:49.057 32231 10062 I Finsky  : [5970] lyv.run(-1): Wrote row to frosting DB: 2283
08-04 12:29:49.068 10086 10086 D ICU     : No timezone override file found: /data/misc/zoneinfo/current/icu/icu_tzdata.dat
08-04 12:29:49.092 10086 10086 I Radio-JNI: register_android_hardware_Radio DONE
08-04 12:29:49.108 10086 10086 D AndroidRuntime: Calling main entry com.android.commands.monkey.Monkey
08-04 12:29:49.124   918  6111 W BroadcastQueue: Skipping deliver [background] BroadcastRecord{cf1aa58 u-1 android.net.conn.CONNECTIVITY_CHANGE} to ReceiverList{cdc87b1 10086 (unknown name)/2000/u-1 remote:a5035ca}: process crashing
08-04 12:29:49.126 24577 28655 W Icing   : No valid account for uploading user actions
08-04 12:29:49.135   918   928 I ActivityManager: START u0 {act=android.intent.action.MAIN cat=[android.intent.category.LAUNCHER] flg=0x10200000 cmp=baseline.de.danoeh.antennapod.debug/baseline.de.danoeh.antennapod.activity.SplashActivity} from uid 2000 on display 0
08-04 12:29:49.139   918  3696 I AccountManagerService: getTypesVisibleToCaller: isPermitted? true
08-04 12:29:49.157   918  5132 I ActivityManager: Start proc 10100:baseline.de.danoeh.antennapod.debug/u0a670 for activity baseline.de.danoeh.antennapod.debug/baseline.de.danoeh.antennapod.activity.SplashActivity
08-04 12:29:49.157 10100 10100 I art     : Late-enabling -Xcheck:jni
08-04 12:29:49.166 10086 10086 I art     : System.exit called, status: 0
08-04 12:29:49.166 10086 10086 I AndroidRuntime: VM exiting with result code 0.
08-04 12:29:49.171 24577 13294 I Icing   : IndexChimeraService.getServiceInterface callingPackage=com.google.android.gms componentName=null serviceId=30
08-04 12:29:49.190 24577 28655 I Icing   : Usage reports ok 1, Failed Usage reports 0, indexed 0, rejected 0
08-04 12:29:49.195 24577 28655 W Icing   : No valid account for uploading user actions
08-04 12:29:49.227 10100 10100 W System  : ClassLoader referenced unknown path: /data/app/baseline.de.danoeh.antennapod.debug-1/lib/arm64
08-04 12:29:49.242  2075  1217 I PBSessionCacheImpl: Deleted sessionId[9127543042550561] from persistence.
08-04 12:29:49.245  2075  2107 W SearchServiceCore: Abort, client detached.
08-04 12:29:49.245  2075  2107 I MicroDetectionState: Should stop hotword detection immediately - true
08-04 12:29:49.254 10100 10100 D UserPreferences: Creating new instance of UserPreferences
08-04 12:29:49.255 10100 10100 D UserPreferences: Using default data folder
08-04 12:29:49.256 24577 28655 I Icing   : Usage reports ok 1, Failed Usage reports 0, indexed 0, rejected 0
08-04 12:29:49.257 24577 28655 I Icing   : Indexing com.google.android.gms-internal.3p:MobileApplication from com.google.android.gms using seqno 763
08-04 12:29:49.260 24577 28655 I Icing   : Indexing com.google.android.gms-internal.3p:MobileApplication from com.google.android.gms using seqno 763
08-04 12:29:49.262 10100 10100 D UserPreferences: Import directory already exists
08-04 12:29:49.263 10100 10100 D UpdateManager: old: -1, current: 1070296
08-04 12:29:49.266 10100 10100 D SleepTimerPreferences: Creating new instance of SleepTimerPreferences
08-04 12:29:49.277 10100 10100 D SPAUtil : Sending SP_APPS_QUERY_FEEDS intent
08-04 12:29:49.290 24577 13294 I Icing   : IndexChimeraService.getServiceInterface callingPackage=com.google.android.gms componentName=null serviceId=36
08-04 12:29:49.294 24577 28655 W Icing   : No valid account for uploading user actions
08-04 12:29:49.308 24577 28655 I Icing   : Usage reports ok 0, Failed Usage reports 0, indexed 0, rejected 0
08-04 12:29:49.318 10100 10100 W art     : Before Android 4.1, method android.graphics.PorterDuffColorFilter androidx.vectordrawable.graphics.drawable.VectorDrawableCompat.updateTintFilter(android.graphics.PorterDuffColorFilter, android.content.res.ColorStateList, android.graphics.PorterDuff$Mode) would have incorrectly overridden the package-private method in android.graphics.drawable.Drawable
08-04 12:29:49.344 10100 10100 I art     : Rejecting re-init on previously-failed class java.lang.Class<androidx.core.view.ViewCompat$2>
08-04 12:29:49.344 10100 10100 I art     : Rejecting re-init on previously-failed class java.lang.Class<androidx.core.view.ViewCompat$2>
08-04 12:29:49.368 10100 10121 D OpenGLRenderer: Use EGL_SWAP_BEHAVIOR_PRESERVED: true
08-04 12:29:49.426 10100 10121 I Adreno  : QUALCOMM build                   : fcf4852, I1af360237c
08-04 12:29:49.426 10100 10121 I Adreno  : Build Date                       : 09/23/15
08-04 12:29:49.426 10100 10121 I Adreno  : OpenGL ES Shader Compiler Version: XE031.05.13.02
08-04 12:29:49.426 10100 10121 I Adreno  : Local Branch                     : mybranch14465806
08-04 12:29:49.426 10100 10121 I Adreno  : Remote Branch                    : quic/LA.BF64.1.2.9_v2
08-04 12:29:49.426 10100 10121 I Adreno  : Remote Branch                    : NONE
08-04 12:29:49.426 10100 10121 I Adreno  : Reconstruct Branch               : NOTHING
08-04 12:29:49.433 10100 10121 I OpenGLRenderer: Initialized EGL, version 1.4
08-04 12:29:49.469   918  5132 I ActivityManager: START u0 {cmp=baseline.de.danoeh.antennapod.debug/baseline.de.danoeh.antennapod.activity.MainActivity} from uid 10670 on display 0
08-04 12:29:49.476 13866 13866 I GoogleInputMethodServic: GoogleInputMethodService.onFinishInput():3138 
08-04 12:29:49.477 13866 13866 I GoogleInputMethodServic: GoogleInputMethodService.onStartInput():1808 
08-04 12:29:49.586   918 13198 D NetlinkSocketObserver: NeighborEvent{elapsedMs=1690793461, 192.168.2.254, [7C3953A63323], RTM_NEWNEIGH, NUD_STALE}
08-04 12:29:49.627 10100 10100 D UserPreferences: Using default data folder
08-04 12:29:49.677 10100 10100 D MainActivity: getLastNavFragment() -> QueueFragment
08-04 12:29:49.678 10100 10100 D MainActivity: loadFragment(tag: QueueFragment, args: null)
08-04 12:29:49.681 10100 10100 D MainActivity: saveLastNavFragment(tag: QueueFragment)
08-04 12:29:49.681 10100 10100 D MainActivity: getLastNavFragment() -> QueueFragment
08-04 12:29:49.682 10100 10100 D UserPreferences: timeOfDay: []
08-04 12:29:49.684 10100 10100 D AutoUpdateManager: Restarting update alarm.
08-04 12:29:49.685 10100 10100 D AutoUpdateManager: Changed alarm to new interval 12 h
08-04 12:29:49.711 10100 10100 D UserPreferences: timeOfDay: []
08-04 12:29:49.711 10100 10100 D AutoUpdateManager: Restarting update alarm.
08-04 12:29:49.713 10100 10100 D AutoUpdateManager: Changed alarm to new interval 12 h
08-04 12:29:49.752 10100 10100 D ExternalPlayerFragment: Loading media info
08-04 12:29:49.753 10100 10100 D QueueFragment: loadItems()
08-04 12:29:49.757 10100 10120 D DBReader: getQueue() called
08-04 12:29:49.757 10100 10120 D DBReader: getQueue()
08-04 12:29:49.758 10100 10120 D DBReader: getFavoriteIDList() called
08-04 12:29:49.759 10100 10120 D DBReader: getQueueIDList() called
08-04 12:29:49.760 10100 10120 D DBReader: Extracting Feedlist
08-04 12:29:49.762 10100 10100 V PlaybackController: initServiceNotRunning()
08-04 12:29:49.762 10100 10100 D ExternalPlayerFragment: Loading media info
08-04 12:29:49.765 10100 10100 D UserPreferences: Using default data folder
08-04 12:29:49.767 10100 10100 D AutoUpdateManager: last refresh: 443482 hours 29 minutes ago
08-04 12:29:49.768 10100 10120 D DBReader: getNavDrawerData() called with: 
08-04 12:29:49.772 10100 10120 D DBReader: getDownloadedItems() called
08-04 12:29:49.773 10100 10120 D DBReader: getFavoriteIDList() called
08-04 12:29:49.773 10100 10120 D DBReader: getQueueIDList() called
08-04 12:29:49.773 10100 10120 D DBReader: Extracting Feedlist
08-04 12:29:49.790   380   380 W SurfaceFlinger: couldn't log to binary event log: overflow.
08-04 12:29:49.829   918  3188 I hubconnection: sensorhub said: 'set_bias 3: -5.7600, 0.0000, 0.0000'
08-04 12:29:50.066 10100 10100 D MainActivity: getLastNavFragment() -> QueueFragment
08-04 12:29:50.066 10100 10100 D MainActivity: handleNavIntent()
08-04 12:29:50.074   918   936 I ActivityManager: Displayed baseline.de.danoeh.antennapod.debug/baseline.de.danoeh.antennapod.activity.MainActivity: +492ms (total +931ms)
08-04 12:29:50.083 13866 13866 I GoogleInputMethodServic: GoogleInputMethodService.onFinishInput():3138 
08-04 12:29:50.084 13866 13866 I GoogleInputMethodServic: GoogleInputMethodService.onStartInput():1808 
08-04 12:29:50.114 29532 29532 W PathParser: Points are too far apart 4.030360828967057
08-04 12:29:50.115 29532 29532 W PathParser: Points are too far apart 4.030360538880159
08-04 12:29:50.126 29532 29532 W PathParser: Points are too far apart 4.030360828967057
08-04 12:29:50.126 29532 29532 W PathParser: Points are too far apart 4.030360538880159
08-04 12:29:50.143 29532 29532 W PathParser: Points are too far apart 4.030360828967057
08-04 12:29:50.143 29532 29532 W PathParser: Points are too far apart 4.030360538880159
08-04 12:29:50.160 29532 29532 W PathParser: Points are too far apart 4.030360828967057
08-04 12:29:50.162 29532 29532 W PathParser: Points are too far apart 4.030360538880159
08-04 12:29:50.177 29532 29532 W PathParser: Points are too far apart 4.030360828967057
08-04 12:29:50.177 29532 29532 W PathParser: Points are too far apart 4.030360538880159
08-04 12:29:50.195 24577 28655 I Icing   : Indexing com.google.android.gms-apps from com.google.android.gms
08-04 12:29:50.196 29532 29532 W PathParser: Points are too far apart 4.030360828967057
08-04 12:29:50.196 29532 29532 W PathParser: Points are too far apart 4.030360538880159
08-04 12:29:50.211 29532 29532 W PathParser: Points are too far apart 4.030360828967057
08-04 12:29:50.211 29532 29532 W PathParser: Points are too far apart 4.030360538880159
08-04 12:29:50.227 29532 29532 W PathParser: Points are too far apart 4.030360828967057
08-04 12:29:50.227 29532 29532 W PathParser: Points are too far apart 4.030360538880159
08-04 12:29:50.296 24577 28655 I Icing   : Indexing done com.google.android.gms-apps
08-04 12:29:50.765 10143 10143 D AndroidRuntime: >>>>>> START com.android.internal.os.RuntimeInit uid 2000 <<<<<<
08-04 12:29:50.770 10143 10143 D AndroidRuntime: CheckJNI is OFF
08-04 12:29:50.780 10100 10146 D DBReader: Extracting Feedlist
08-04 12:29:50.782 10100 10146 D FlattrUtils: Retrieving access token
08-04 12:29:50.783 10100 10146 D FlattrUtils: No access token found
08-04 12:29:50.785 10100 10146 I art     : Rejecting re-init on previously-failed class java.lang.Class<androidx.core.app.JobIntentService$JobServiceEngineImpl>
08-04 12:29:50.785 10100 10146 I art     : Rejecting re-init on previously-failed class java.lang.Class<androidx.core.app.JobIntentService$JobServiceEngineImpl>
08-04 12:29:50.787 10100 10146 I art     : Rejecting re-init on previously-failed class java.lang.Class<androidx.core.app.SafeJobIntentService$SafeJobServiceEngineImpl>
08-04 12:29:50.787 10100 10146 I art     : Rejecting re-init on previously-failed class java.lang.Class<androidx.core.app.SafeJobIntentService$SafeJobServiceEngineImpl>
08-04 12:29:50.804 10143 10143 D ICU     : No timezone override file found: /data/misc/zoneinfo/current/icu/icu_tzdata.dat
08-04 12:29:50.832 10143 10143 I Radio-JNI: register_android_hardware_Radio DONE
08-04 12:29:50.848 10143 10143 D AndroidRuntime: Calling main entry com.android.commands.am.Am
08-04 12:29:50.858  2375  2375 I Trepn   : Trepn 6.2s: Received intent: com.quicinc.trepn.start_profiling
08-04 12:29:50.992  2375  2375 W FileUtils: Failed to chmod(/storage/emulated/0/trepn/Trepn_2020.08.04_122950.db): android.system.ErrnoException: chmod failed: EPERM (Operation not permitted)
08-04 12:29:51.126  2375  2375 I Trepn   : Trepn 6.2s: Trepn has Started Profiling.
08-04 12:29:51.130 10143 10143 D AndroidRuntime: Shutting down VM
08-04 12:29:51.229 13866 13866 I GoogleInputMethodServic: GoogleInputMethodService.onFinishInput():3138 
08-04 12:29:51.231 13866 13866 I GoogleInputMethodServic: GoogleInputMethodService.onStartInput():1808 
08-04 12:29:51.596 10100 10112 I art     : Starting a blocking GC Explicit
08-04 12:29:51.616 10100 10112 I art     : Explicit concurrent mark sweep GC freed 10316(1325KB) AllocSpace objects, 5(100KB) LOS objects, 40% free, 23MB/38MB, paused 153us total 19.705ms
08-04 12:29:51.625 10100 10112 I art     : Starting a blocking GC Explicit
08-04 12:29:51.639 10100 10112 I art     : Explicit concurrent mark sweep GC freed 2064(118KB) AllocSpace objects, 0(0B) LOS objects, 40% free, 23MB/38MB, paused 159us total 14.127ms
08-04 12:29:51.647 10100 10112 I art     : Starting a blocking GC Explicit
08-04 12:29:51.659 10100 10112 I art     : Explicit concurrent mark sweep GC freed 1247(73KB) AllocSpace objects, 2(588KB) LOS objects, 40% free, 22MB/37MB, paused 127us total 11.931ms
08-04 12:29:51.664 10100 10112 I art     : Starting a blocking GC Explicit
08-04 12:29:51.676 10100 10112 I art     : Explicit concurrent mark sweep GC freed 3(96B) AllocSpace objects, 0(0B) LOS objects, 40% free, 22MB/37MB, paused 125us total 11.021ms
08-04 12:29:51.681 10100 10112 I art     : Starting a blocking GC Explicit
08-04 12:29:51.693 10100 10112 I art     : Explicit concurrent mark sweep GC freed 3(96B) AllocSpace objects, 0(0B) LOS objects, 40% free, 22MB/37MB, paused 142us total 11.147ms
08-04 12:29:51.977 10100 10122 I art     : Starting a blocking GC Explicit
08-04 12:29:52.001 10100 10122 I art     : Explicit concurrent mark sweep GC freed 1371(82KB) AllocSpace objects, 1(20KB) LOS objects, 40% free, 22MB/37MB, paused 200us total 23.374ms
08-04 12:29:52.012 10100 10122 I art     : Starting a blocking GC Explicit
08-04 12:29:52.029 10100 10122 I art     : Explicit concurrent mark sweep GC freed 23(752B) AllocSpace objects, 0(0B) LOS objects, 40% free, 22MB/37MB, paused 157us total 16.466ms
08-04 12:29:52.038 10100 10122 I art     : Starting a blocking GC Explicit
08-04 12:29:52.051 10100 10122 I art     : Explicit concurrent mark sweep GC freed 3(96B) AllocSpace objects, 0(0B) LOS objects, 40% free, 22MB/37MB, paused 155us total 12.788ms
08-04 12:29:52.058 10100 10122 I art     : Starting a blocking GC Explicit
08-04 12:29:52.071 10100 10122 I art     : Explicit concurrent mark sweep GC freed 3(96B) AllocSpace objects, 0(0B) LOS objects, 40% free, 22MB/37MB, paused 142us total 13.112ms
08-04 12:29:52.078 10100 10122 I art     : Starting a blocking GC Explicit
08-04 12:29:52.090 10100 10122 I art     : Explicit concurrent mark sweep GC freed 3(96B) AllocSpace objects, 0(0B) LOS objects, 40% free, 22MB/37MB, paused 138us total 12.132ms
08-04 12:29:52.367 10100 10113 I art     : Starting a blocking GC Explicit
08-04 12:29:52.383 10100 10113 I art     : Explicit concurrent mark sweep GC freed 1386(80KB) AllocSpace objects, 1(20KB) LOS objects, 40% free, 22MB/37MB, paused 171us total 15.829ms
08-04 12:29:52.390 10100 10113 I art     : Starting a blocking GC Explicit
08-04 12:29:52.404 10100 10113 I art     : Explicit concurrent mark sweep GC freed 23(752B) AllocSpace objects, 0(0B) LOS objects, 40% free, 22MB/37MB, paused 159us total 13.488ms
08-04 12:29:52.410 10100 10113 I art     : Starting a blocking GC Explicit
08-04 12:29:52.423 10100 10113 I art     : Explicit concurrent mark sweep GC freed 3(96B) AllocSpace objects, 0(0B) LOS objects, 40% free, 22MB/37MB, paused 155us total 13.035ms
08-04 12:29:52.430 10100 10113 I art     : Starting a blocking GC Explicit
08-04 12:29:52.443 10100 10113 I art     : Explicit concurrent mark sweep GC freed 3(96B) AllocSpace objects, 0(0B) LOS objects, 40% free, 22MB/37MB, paused 154us total 12.565ms
08-04 12:29:52.449 10100 10113 I art     : Starting a blocking GC Explicit
08-04 12:29:52.462 10100 10113 I art     : Explicit concurrent mark sweep GC freed 3(96B) AllocSpace objects, 0(0B) LOS objects, 40% free, 22MB/37MB, paused 172us total 12.327ms
08-04 12:29:52.773 10100 10112 I art     : Starting a blocking GC Explicit
08-04 12:29:52.793 10100 10112 I art     : Explicit concurrent mark sweep GC freed 1358(79KB) AllocSpace objects, 1(20KB) LOS objects, 40% free, 22MB/37MB, paused 195us total 19.378ms
08-04 12:29:52.802 10100 10112 I art     : Starting a blocking GC Explicit
08-04 12:29:52.815 10100 10112 I art     : Explicit concurrent mark sweep GC freed 24(784B) AllocSpace objects, 0(0B) LOS objects, 40% free, 22MB/37MB, paused 163us total 13.114ms
08-04 12:29:52.823 10100 10112 I art     : Starting a blocking GC Explicit
08-04 12:29:52.836 10100 10112 I art     : Explicit concurrent mark sweep GC freed 6(192B) AllocSpace objects, 0(0B) LOS objects, 40% free, 22MB/37MB, paused 134us total 12.776ms
08-04 12:29:52.842 10100 10112 I art     : Starting a blocking GC Explicit
08-04 12:29:52.854 10100 10112 I art     : Explicit concurrent mark sweep GC freed 5(160B) AllocSpace objects, 0(0B) LOS objects, 40% free, 22MB/37MB, paused 136us total 12.056ms
08-04 12:29:52.861 10100 10112 I art     : Starting a blocking GC Explicit
08-04 12:29:52.872 10100 10112 I art     : Explicit concurrent mark sweep GC freed 5(160B) AllocSpace objects, 0(0B) LOS objects, 40% free, 22MB/37MB, paused 139us total 11.622ms
08-04 12:29:52.924  9378  9378 I ServiceManager: Waiting for service AtCmdFwd...
08-04 12:29:53.160 10100 10113 I art     : Starting a blocking GC Explicit
08-04 12:29:53.175 10100 10113 I art     : Explicit concurrent mark sweep GC freed 1380(80KB) AllocSpace objects, 1(20KB) LOS objects, 40% free, 22MB/37MB, paused 158us total 14.481ms
08-04 12:29:53.181 10100 10113 I art     : Starting a blocking GC Explicit
08-04 12:29:53.194 10100 10113 I art     : Explicit concurrent mark sweep GC freed 23(752B) AllocSpace objects, 0(0B) LOS objects, 40% free, 22MB/37MB, paused 167us total 12.829ms
08-04 12:29:53.201 10100 10113 I art     : Starting a blocking GC Explicit
08-04 12:29:53.213 10100 10113 I art     : Explicit concurrent mark sweep GC freed 3(96B) AllocSpace objects, 0(0B) LOS objects, 40% free, 22MB/37MB, paused 155us total 11.864ms
08-04 12:29:53.219 10100 10113 I art     : Starting a blocking GC Explicit
08-04 12:29:53.231 10100 10113 I art     : Explicit concurrent mark sweep GC freed 3(96B) AllocSpace objects, 0(0B) LOS objects, 40% free, 22MB/37MB, paused 153us total 12.096ms
08-04 12:29:53.238 10100 10113 I art     : Starting a blocking GC Explicit
08-04 12:29:53.250 10100 10113 I art     : Explicit concurrent mark sweep GC freed 3(96B) AllocSpace objects, 0(0B) LOS objects, 40% free, 22MB/37MB, paused 152us total 12.286ms
08-04 12:29:53.557 10100 10112 I art     : Starting a blocking GC Explicit
08-04 12:29:53.576 10100 10112 I art     : Explicit concurrent mark sweep GC freed 1385(81KB) AllocSpace objects, 1(20KB) LOS objects, 40% free, 22MB/37MB, paused 178us total 18.559ms
08-04 12:29:53.584 10100 10112 I art     : Starting a blocking GC Explicit
08-04 12:29:53.598 10100 10112 I art     : Explicit concurrent mark sweep GC freed 23(752B) AllocSpace objects, 0(0B) LOS objects, 40% free, 22MB/37MB, paused 152us total 13.020ms
08-04 12:29:53.604 10100 10112 I art     : Starting a blocking GC Explicit
08-04 12:29:53.617 10100 10112 I art     : Explicit concurrent mark sweep GC freed 3(96B) AllocSpace objects, 0(0B) LOS objects, 40% free, 22MB/37MB, paused 163us total 12.598ms
08-04 12:29:53.623 10100 10112 I art     : Starting a blocking GC Explicit
08-04 12:29:53.636 10100 10112 I art     : Explicit concurrent mark sweep GC freed 3(96B) AllocSpace objects, 0(0B) LOS objects, 40% free, 22MB/37MB, paused 146us total 12.447ms
08-04 12:29:53.642 10100 10112 I art     : Starting a blocking GC Explicit
08-04 12:29:53.654 10100 10112 I art     : Explicit concurrent mark sweep GC freed 3(96B) AllocSpace objects, 0(0B) LOS objects, 40% free, 22MB/37MB, paused 148us total 12.586ms
08-04 12:29:53.904 32231 10068 I Finsky  : [5971] xmu.a(8): SCH: Jobs in database: 1-1337 3-191 3-192 12-1 24-77777777 26-1414141414 
08-04 12:29:53.925  9378  9378 I ServiceManager: Waiting for service AtCmdFwd...
08-04 12:29:53.927 32231 32231 I Finsky  : [1] xkf.handleMessage(61): SCH: RunningQueue size: 1, PendingQueue size: 0
08-04 12:29:53.927 32231 32231 I Finsky  : [1] xkf.handleMessage(64): SCH: Running queue: 1-1337 
08-04 12:29:53.964 10100 10122 I art     : Starting a blocking GC Explicit
08-04 12:29:53.983 10100 10122 I art     : Explicit concurrent mark sweep GC freed 1360(81KB) AllocSpace objects, 1(20KB) LOS objects, 40% free, 22MB/37MB, paused 218us total 19.511ms
08-04 12:29:53.993 10100 10122 I art     : Starting a blocking GC Explicit
08-04 12:29:54.007 10100 10122 I art     : Explicit concurrent mark sweep GC freed 23(752B) AllocSpace objects, 0(0B) LOS objects, 40% free, 22MB/37MB, paused 226us total 13.807ms
08-04 12:29:54.013 10100 10122 I art     : Starting a blocking GC Explicit
08-04 12:29:54.026 10100 10122 I art     : Explicit concurrent mark sweep GC freed 3(96B) AllocSpace objects, 0(0B) LOS objects, 40% free, 22MB/37MB, paused 158us total 12.976ms
08-04 12:29:54.033 10100 10122 I art     : Starting a blocking GC Explicit
08-04 12:29:54.045 10100 10122 I art     : Explicit concurrent mark sweep GC freed 3(96B) AllocSpace objects, 0(0B) LOS objects, 40% free, 22MB/37MB, paused 149us total 12.581ms
08-04 12:29:54.052 10100 10122 I art     : Starting a blocking GC Explicit
08-04 12:29:54.064 10100 10122 I art     : Explicit concurrent mark sweep GC freed 3(96B) AllocSpace objects, 0(0B) LOS objects, 40% free, 22MB/37MB, paused 155us total 12.331ms
08-04 12:29:54.377 10100 10113 I art     : Starting a blocking GC Explicit
08-04 12:29:54.396 10100 10113 I art     : Explicit concurrent mark sweep GC freed 1386(82KB) AllocSpace objects, 1(20KB) LOS objects, 40% free, 22MB/37MB, paused 208us total 18.846ms
08-04 12:29:54.406 10100 10113 I art     : Starting a blocking GC Explicit
08-04 12:29:54.424 10100 10113 I art     : Explicit concurrent mark sweep GC freed 23(752B) AllocSpace objects, 0(0B) LOS objects, 40% free, 22MB/37MB, paused 202us total 17.354ms
08-04 12:29:54.430 10100 10113 I art     : Starting a blocking GC Explicit
08-04 12:29:54.443 10100 10113 I art     : Explicit concurrent mark sweep GC freed 3(96B) AllocSpace objects, 0(0B) LOS objects, 40% free, 22MB/37MB, paused 149us total 12.627ms
08-04 12:29:54.450 10100 10113 I art     : Starting a blocking GC Explicit
08-04 12:29:54.462 10100 10113 I art     : Explicit concurrent mark sweep GC freed 3(96B) AllocSpace objects, 0(0B) LOS objects, 40% free, 22MB/37MB, paused 136us total 12.480ms
08-04 12:29:54.468 10100 10113 I art     : Starting a blocking GC Explicit
08-04 12:29:54.477 13866 13882 I PeriodicStatsRunner: PeriodicStatsRunner.call():175 call()
08-04 12:29:54.477 13866 13882 I PeriodicStatsRunner: PeriodicStatsRunner.call():179 No submit PeriodicStats since input started.
08-04 12:29:54.480 10100 10113 I art     : Explicit concurrent mark sweep GC freed 3(96B) AllocSpace objects, 0(0B) LOS objects, 40% free, 22MB/37MB, paused 145us total 11.902ms
08-04 12:29:54.781 10100 10112 I art     : Starting a blocking GC Explicit
08-04 12:29:54.800 10100 10112 I art     : Explicit concurrent mark sweep GC freed 1358(79KB) AllocSpace objects, 1(20KB) LOS objects, 40% free, 22MB/37MB, paused 173us total 18.990ms
08-04 12:29:54.812 10100 10112 I art     : Starting a blocking GC Explicit
08-04 12:29:54.829 10100 10112 I art     : Explicit concurrent mark sweep GC freed 23(752B) AllocSpace objects, 0(0B) LOS objects, 40% free, 22MB/37MB, paused 166us total 16.659ms
08-04 12:29:54.838 10100 10112 I art     : Starting a blocking GC Explicit
08-04 12:29:54.851 10100 10112 I art     : Explicit concurrent mark sweep GC freed 3(96B) AllocSpace objects, 0(0B) LOS objects, 40% free, 22MB/37MB, paused 136us total 12.463ms
08-04 12:29:54.857 10100 10112 I art     : Starting a blocking GC Explicit
08-04 12:29:54.870 10100 10112 I art     : Explicit concurrent mark sweep GC freed 3(96B) AllocSpace objects, 0(0B) LOS objects, 40% free, 22MB/37MB, paused 142us total 12.317ms
08-04 12:29:54.876 10100 10112 I art     : Starting a blocking GC Explicit
08-04 12:29:54.888 10100 10112 I art     : Explicit concurrent mark sweep GC freed 3(96B) AllocSpace objects, 0(0B) LOS objects, 40% free, 22MB/37MB, paused 143us total 12.248ms
08-04 12:29:54.925  9378  9378 I ServiceManager: Waiting for service AtCmdFwd...
08-04 12:29:55.087 13866 13882 I PeriodicStatsRunner: PeriodicStatsRunner.call():175 call()
08-04 12:29:55.087 13866 13882 I PeriodicStatsRunner: PeriodicStatsRunner.call():179 No submit PeriodicStats since input started.
08-04 12:29:55.193 10100 10122 I art     : Starting a blocking GC Explicit
08-04 12:29:55.207 10100 10122 I art     : Explicit concurrent mark sweep GC freed 1358(79KB) AllocSpace objects, 1(20KB) LOS objects, 40% free, 22MB/37MB, paused 231us total 13.932ms
08-04 12:29:55.214 10100 10122 I art     : Starting a blocking GC Explicit
08-04 12:29:55.226 10100 10122 I art     : Explicit concurrent mark sweep GC freed 23(752B) AllocSpace objects, 0(0B) LOS objects, 40% free, 22MB/37MB, paused 166us total 11.757ms
08-04 12:29:55.231 10100 10122 I art     : Starting a blocking GC Explicit
08-04 12:29:55.243 10100 10122 I art     : Explicit concurrent mark sweep GC freed 3(96B) AllocSpace objects, 0(0B) LOS objects, 40% free, 22MB/37MB, paused 132us total 11.168ms
08-04 12:29:55.248 10100 10122 I art     : Starting a blocking GC Explicit
08-04 12:29:55.259 10100 10122 I art     : Explicit concurrent mark sweep GC freed 3(96B) AllocSpace objects, 0(0B) LOS objects, 40% free, 22MB/37MB, paused 130us total 10.670ms
08-04 12:29:55.265 10100 10122 I art     : Starting a blocking GC Explicit
08-04 12:29:55.276 10100 10122 I art     : Explicit concurrent mark sweep GC freed 3(96B) AllocSpace objects, 0(0B) LOS objects, 40% free, 22MB/37MB, paused 135us total 10.839ms
08-04 12:29:55.539 10100 10113 I art     : Starting a blocking GC Explicit
08-04 12:29:55.558 10100 10113 I art     : Explicit concurrent mark sweep GC freed 1385(80KB) AllocSpace objects, 1(20KB) LOS objects, 40% free, 22MB/37MB, paused 186us total 18.645ms
08-04 12:29:55.568 10100 10113 I art     : Starting a blocking GC Explicit
08-04 12:29:55.581 10100 10113 I art     : Explicit concurrent mark sweep GC freed 23(752B) AllocSpace objects, 0(0B) LOS objects, 40% free, 22MB/37MB, paused 159us total 12.963ms
08-04 12:29:55.587 10100 10113 I art     : Starting a blocking GC Explicit
08-04 12:29:55.600 10100 10113 I art     : Explicit concurrent mark sweep GC freed 3(96B) AllocSpace objects, 0(0B) LOS objects, 40% free, 22MB/37MB, paused 148us total 12.926ms
08-04 12:29:55.607 10100 10113 I art     : Starting a blocking GC Explicit
08-04 12:29:55.620 10100 10113 I art     : Explicit concurrent mark sweep GC freed 3(96B) AllocSpace objects, 0(0B) LOS objects, 40% free, 22MB/37MB, paused 146us total 12.358ms
08-04 12:29:55.626 10100 10113 I art     : Starting a blocking GC Explicit
08-04 12:29:55.639 10100 10113 I art     : Explicit concurrent mark sweep GC freed 3(96B) AllocSpace objects, 0(0B) LOS objects, 40% free, 22MB/37MB, paused 151us total 12.576ms
08-04 12:29:55.916 10100 10112 I art     : Starting a blocking GC Explicit
08-04 12:29:55.926  9378  9378 I ServiceManager: Waiting for service AtCmdFwd...
08-04 12:29:55.931 10100 10112 I art     : Explicit concurrent mark sweep GC freed 1358(79KB) AllocSpace objects, 1(20KB) LOS objects, 40% free, 22MB/37MB, paused 159us total 14.769ms
08-04 12:29:55.938 10100 10112 I art     : Starting a blocking GC Explicit
08-04 12:29:55.952 10100 10112 I art     : Explicit concurrent mark sweep GC freed 23(752B) AllocSpace objects, 0(0B) LOS objects, 40% free, 22MB/37MB, paused 141us total 13.148ms
08-04 12:29:55.958 10100 10112 I art     : Starting a blocking GC Explicit
08-04 12:29:55.969 10100 10112 I art     : Explicit concurrent mark sweep GC freed 3(96B) AllocSpace objects, 0(0B) LOS objects, 40% free, 22MB/37MB, paused 143us total 11.002ms
08-04 12:29:55.975 10100 10112 I art     : Starting a blocking GC Explicit
08-04 12:29:55.987 10100 10112 I art     : Explicit concurrent mark sweep GC freed 3(96B) AllocSpace objects, 0(0B) LOS objects, 40% free, 22MB/37MB, paused 163us total 11.379ms
08-04 12:29:55.992 10100 10112 I art     : Starting a blocking GC Explicit
08-04 12:29:56.003 10100 10112 I art     : Explicit concurrent mark sweep GC freed 3(96B) AllocSpace objects, 0(0B) LOS objects, 40% free, 22MB/37MB, paused 126us total 10.806ms
08-04 12:29:56.236 13866 13882 I PeriodicStatsRunner: PeriodicStatsRunner.call():175 call()
08-04 12:29:56.237 13866 13882 I PeriodicStatsRunner: PeriodicStatsRunner.call():179 No submit PeriodicStats since input started.
08-04 12:29:56.267 10100 10122 I art     : Starting a blocking GC Explicit
08-04 12:29:56.281 10100 10122 I art     : Explicit concurrent mark sweep GC freed 1357(79KB) AllocSpace objects, 1(20KB) LOS objects, 40% free, 22MB/37MB, paused 151us total 13.118ms
08-04 12:29:56.287 10100 10122 I art     : Starting a blocking GC Explicit
08-04 12:29:56.300 10100 10122 I art     : Explicit concurrent mark sweep GC freed 23(752B) AllocSpace objects, 0(0B) LOS objects, 40% free, 22MB/37MB, paused 155us total 12.920ms
08-04 12:29:56.304 10298 10298 D AndroidRuntime: >>>>>> START com.android.internal.os.RuntimeInit uid 2000 <<<<<<
08-04 12:29:56.307 10100 10122 I art     : Starting a blocking GC Explicit
08-04 12:29:56.308 10298 10298 D AndroidRuntime: CheckJNI is OFF
08-04 12:29:56.319 10100 10122 I art     : Explicit concurrent mark sweep GC freed 3(96B) AllocSpace objects, 0(0B) LOS objects, 40% free, 22MB/37MB, paused 150us total 12.134ms
08-04 12:29:56.325 10100 10122 I art     : Starting a blocking GC Explicit
08-04 12:29:56.337 10298 10298 D ICU     : No timezone override file found: /data/misc/zoneinfo/current/icu/icu_tzdata.dat
08-04 12:29:56.337 10100 10122 I art     : Explicit concurrent mark sweep GC freed 3(96B) AllocSpace objects, 0(0B) LOS objects, 40% free, 22MB/37MB, paused 176us total 11.806ms
08-04 12:29:56.343 10100 10122 I art     : Starting a blocking GC Explicit
08-04 12:29:56.354 10100 10122 I art     : Explicit concurrent mark sweep GC freed 3(96B) AllocSpace objects, 0(0B) LOS objects, 40% free, 22MB/37MB, paused 147us total 11.354ms
08-04 12:29:56.361 10298 10298 I Radio-JNI: register_android_hardware_Radio DONE
08-04 12:29:56.377 10298 10298 D AndroidRuntime: Calling main entry com.android.commands.input.Input
08-04 12:29:56.378 10298 10298 I Input   : injectMotionEvent: MotionEvent { action=ACTION_DOWN, actionButton=0, id[0]=0, x[0]=1233.0, y[0]=1274.0, toolType[0]=TOOL_TYPE_UNKNOWN, buttonState=0, metaState=0, flags=0x0, edgeFlags=0x0, pointerCount=1, historySize=0, eventTime=707412791, downTime=707412791, deviceId=0, source=0x1002 }
08-04 12:29:56.385 10298 10298 I Input   : injectMotionEvent: MotionEvent { action=ACTION_UP, actionButton=0, id[0]=0, x[0]=1233.0, y[0]=1274.0, toolType[0]=TOOL_TYPE_UNKNOWN, buttonState=0, metaState=0, flags=0x0, edgeFlags=0x0, pointerCount=1, historySize=0, eventTime=707412791, downTime=707412791, deviceId=0, source=0x1002 }
08-04 12:29:56.386 10298 10298 D AndroidRuntime: Shutting down VM
08-04 12:29:56.580 10100 10112 I art     : Starting a blocking GC Explicit
08-04 12:29:56.595 10100 10112 I art     : Explicit concurrent mark sweep GC freed 1387(80KB) AllocSpace objects, 1(20KB) LOS objects, 40% free, 22MB/37MB, paused 168us total 14.523ms
08-04 12:29:56.603 10100 10112 I art     : Starting a blocking GC Explicit
08-04 12:29:56.617 10100 10112 I art     : Explicit concurrent mark sweep GC freed 23(752B) AllocSpace objects, 0(0B) LOS objects, 40% free, 22MB/37MB, paused 215us total 14.119ms
08-04 12:29:56.625 10100 10112 I art     : Starting a blocking GC Explicit
08-04 12:29:56.638 10100 10112 I art     : Explicit concurrent mark sweep GC freed 3(96B) AllocSpace objects, 0(0B) LOS objects, 40% free, 22MB/37MB, paused 167us total 13.612ms
08-04 12:29:56.645 10100 10112 I art     : Starting a blocking GC Explicit
08-04 12:29:56.659 10100 10112 I art     : Explicit concurrent mark sweep GC freed 3(96B) AllocSpace objects, 0(0B) LOS objects, 40% free, 22MB/37MB, paused 150us total 13.643ms
08-04 12:29:56.665 10100 10112 I art     : Starting a blocking GC Explicit
08-04 12:29:56.677 10100 10112 I art     : Explicit concurrent mark sweep GC freed 3(96B) AllocSpace objects, 0(0B) LOS objects, 40% free, 22MB/37MB, paused 152us total 12.344ms
08-04 12:29:56.823 13866 13866 I GoogleInputMethodServic: GoogleInputMethodService.onFinishInput():3138 
08-04 12:29:56.825 13866 13866 I GoogleInputMethodServic: GoogleInputMethodService.onStartInput():1808 
08-04 12:29:56.920 10100 10122 I art     : Starting a blocking GC Explicit
08-04 12:29:56.926  9378  9378 I ServiceManager: Waiting for service AtCmdFwd...
08-04 12:29:56.938 10100 10122 I art     : Explicit concurrent mark sweep GC freed 1455(83KB) AllocSpace objects, 1(20KB) LOS objects, 40% free, 22MB/37MB, paused 224us total 18.279ms
08-04 12:29:56.948 10100 10122 I art     : Starting a blocking GC Explicit
08-04 12:29:56.960 10100 10122 I art     : Explicit concurrent mark sweep GC freed 31(1200B) AllocSpace objects, 0(0B) LOS objects, 40% free, 22MB/37MB, paused 149us total 12.674ms
08-04 12:29:56.966 10100 10122 I art     : Starting a blocking GC Explicit
08-04 12:29:56.979 10100 10122 I art     : Explicit concurrent mark sweep GC freed 3(96B) AllocSpace objects, 0(0B) LOS objects, 40% free, 22MB/37MB, paused 137us total 12.137ms
08-04 12:29:56.985 10100 10122 I art     : Starting a blocking GC Explicit
08-04 12:29:56.997 10100 10122 I art     : Explicit concurrent mark sweep GC freed 3(96B) AllocSpace objects, 0(0B) LOS objects, 40% free, 22MB/37MB, paused 157us total 12.226ms
08-04 12:29:57.003 10100 10122 I art     : Starting a blocking GC Explicit
08-04 12:29:57.015 10100 10122 I art     : Explicit concurrent mark sweep GC freed 3(96B) AllocSpace objects, 0(0B) LOS objects, 40% free, 22MB/37MB, paused 145us total 12.287ms
08-04 12:29:57.283 10100 10112 I art     : Starting a blocking GC Explicit
08-04 12:29:57.301 10100 10112 I art     : Explicit concurrent mark sweep GC freed 1357(79KB) AllocSpace objects, 1(20KB) LOS objects, 40% free, 22MB/37MB, paused 181us total 17.596ms
08-04 12:29:57.310 10100 10112 I art     : Starting a blocking GC Explicit
08-04 12:29:57.323 10100 10112 I art     : Explicit concurrent mark sweep GC freed 23(752B) AllocSpace objects, 0(0B) LOS objects, 40% free, 22MB/37MB, paused 145us total 13.169ms
08-04 12:29:57.330 10100 10112 I art     : Starting a blocking GC Explicit
08-04 12:29:57.343 10100 10112 I art     : Explicit concurrent mark sweep GC freed 3(96B) AllocSpace objects, 0(0B) LOS objects, 40% free, 22MB/37MB, paused 143us total 13.149ms
08-04 12:29:57.350 10100 10112 I art     : Starting a blocking GC Explicit
08-04 12:29:57.363 10100 10112 I art     : Explicit concurrent mark sweep GC freed 30(832B) AllocSpace objects, 0(0B) LOS objects, 40% free, 22MB/37MB, paused 140us total 12.388ms
08-04 12:29:57.369 10100 10112 I art     : Starting a blocking GC Explicit
08-04 12:29:57.381 10100 10112 I art     : Explicit concurrent mark sweep GC freed 3(96B) AllocSpace objects, 0(0B) LOS objects, 40% free, 22MB/37MB, paused 152us total 12.370ms
08-04 12:29:57.662 10100 10113 I art     : Starting a blocking GC Explicit
08-04 12:29:57.677 10100 10113 I art     : Explicit concurrent mark sweep GC freed 1357(79KB) AllocSpace objects, 1(20KB) LOS objects, 40% free, 22MB/37MB, paused 296us total 15.332ms
08-04 12:29:57.684 10100 10113 I art     : Starting a blocking GC Explicit
08-04 12:29:57.697 10100 10113 I art     : Explicit concurrent mark sweep GC freed 23(752B) AllocSpace objects, 0(0B) LOS objects, 40% free, 22MB/37MB, paused 157us total 13.129ms
08-04 12:29:57.703 10100 10113 I art     : Starting a blocking GC Explicit
08-04 12:29:57.716 10100 10113 I art     : Explicit concurrent mark sweep GC freed 3(96B) AllocSpace objects, 0(0B) LOS objects, 40% free, 22MB/37MB, paused 152us total 12.242ms
08-04 12:29:57.722 10100 10113 I art     : Starting a blocking GC Explicit
08-04 12:29:57.734 10100 10113 I art     : Explicit concurrent mark sweep GC freed 3(96B) AllocSpace objects, 0(0B) LOS objects, 40% free, 22MB/37MB, paused 147us total 12.413ms
08-04 12:29:57.740 10100 10113 I art     : Starting a blocking GC Explicit
08-04 12:29:57.752 10100 10113 I art     : Explicit concurrent mark sweep GC freed 3(96B) AllocSpace objects, 0(0B) LOS objects, 40% free, 22MB/37MB, paused 141us total 12.034ms
08-04 12:29:57.927  9378  9378 W Atfwd_Sendcmd: AtCmdFwd service not published, waiting... retryCnt : 3
08-04 12:29:57.952 10361 10361 D AndroidRuntime: >>>>>> START com.android.internal.os.RuntimeInit uid 2000 <<<<<<
08-04 12:29:57.957 10361 10361 D AndroidRuntime: CheckJNI is OFF
08-04 12:29:57.981 10361 10361 D ICU     : No timezone override file found: /data/misc/zoneinfo/current/icu/icu_tzdata.dat
08-04 12:29:57.999 10100 10122 I art     : Starting a blocking GC Explicit
08-04 12:29:58.007 10361 10361 I Radio-JNI: register_android_hardware_Radio DONE
08-04 12:29:58.012 10100 10122 I art     : Explicit concurrent mark sweep GC freed 1357(79KB) AllocSpace objects, 1(20KB) LOS objects, 40% free, 22MB/37MB, paused 188us total 12.803ms
08-04 12:29:58.019 10100 10122 I art     : Starting a blocking GC Explicit
08-04 12:29:58.025 10361 10361 D AndroidRuntime: Calling main entry com.android.commands.input.Input
08-04 12:29:58.027 10361 10361 I Input   : injectMotionEvent: MotionEvent { action=ACTION_DOWN, actionButton=0, id[0]=0, x[0]=103.0, y[0]=192.0, toolType[0]=TOOL_TYPE_UNKNOWN, buttonState=0, metaState=0, flags=0x0, edgeFlags=0x0, pointerCount=1, historySize=0, eventTime=707414440, downTime=707414440, deviceId=0, source=0x1002 }
08-04 12:29:58.031 10100 10122 I art     : Explicit concurrent mark sweep GC freed 23(752B) AllocSpace objects, 0(0B) LOS objects, 40% free, 22MB/37MB, paused 138us total 12.633ms
08-04 12:29:58.034 10361 10361 I Input   : injectMotionEvent: MotionEvent { action=ACTION_UP, actionButton=0, id[0]=0, x[0]=103.0, y[0]=192.0, toolType[0]=TOOL_TYPE_UNKNOWN, buttonState=0, metaState=0, flags=0x0, edgeFlags=0x0, pointerCount=1, historySize=0, eventTime=707414440, downTime=707414440, deviceId=0, source=0x1002 }
08-04 12:29:58.036 10361 10361 D AndroidRuntime: Shutting down VM
08-04 12:29:58.038 10100 10122 I art     : Starting a blocking GC Explicit
08-04 12:29:58.052 10100 10122 I art     : Explicit concurrent mark sweep GC freed 32(992B) AllocSpace objects, 0(0B) LOS objects, 40% free, 22MB/37MB, paused 273us total 14.464ms
08-04 12:29:58.053   512  2967 D audio_hw_primary: out_set_parameters: enter: usecase(1: low-latency-playback) kvpairs: routing=2
08-04 12:29:58.059 10100 10122 I art     : Starting a blocking GC Explicit
08-04 12:29:58.066   512  2967 D audio_hw_primary: select_devices: out_snd_device(2: speaker) in_snd_device(0: none)
08-04 12:29:58.066   512  2967 D msm8974_platform: platform_send_audio_calibration: sending audio calibration for snd_device(2) acdb_id(15)
08-04 12:29:58.067   512  2967 I soundtrigger: audio_extn_sound_trigger_update_device_status: device 0x2 of type 0 for Event 1
08-04 12:29:58.071 10100 10122 I art     : Explicit concurrent mark sweep GC freed 35(1120B) AllocSpace objects, 0(0B) LOS objects, 40% free, 22MB/37MB, paused 148us total 11.473ms
08-04 12:29:58.075   512  2967 D audio_hw_primary: enable_snd_device: snd_device(2: speaker)
08-04 12:29:58.076 10100 10122 I art     : Starting a blocking GC Explicit
08-04 12:29:58.077   512  2967 D audio_hw_primary: enable_audio_route: apply and update mixer path: low-latency-playback speaker
08-04 12:29:58.087 13866 13866 I GoogleInputMethodServic: GoogleInputMethodService.onFinishInput():3138 
08-04 12:29:58.088 13866 13866 I GoogleInputMethodServic: GoogleInputMethodService.onStartInput():1808 
08-04 12:29:58.088 10100 10122 I art     : Explicit concurrent mark sweep GC freed 66(2608B) AllocSpace objects, 0(0B) LOS objects, 40% free, 22MB/37MB, paused 167us total 11.364ms
08-04 12:29:58.311 10100 10122 I art     : Starting a blocking GC Explicit
08-04 12:29:58.324 10100 10122 I art     : Explicit concurrent mark sweep GC freed 1748(100KB) AllocSpace objects, 1(20KB) LOS objects, 40% free, 22MB/37MB, paused 174us total 12.564ms
08-04 12:29:58.330 10100 10122 I art     : Starting a blocking GC Explicit
08-04 12:29:58.342 10100 10122 I art     : Explicit concurrent mark sweep GC freed 31(1168B) AllocSpace objects, 0(0B) LOS objects, 40% free, 22MB/37MB, paused 157us total 12.400ms
08-04 12:29:58.348 10100 10122 I art     : Starting a blocking GC Explicit
08-04 12:29:58.361 10100 10122 I art     : Explicit concurrent mark sweep GC freed 30(832B) AllocSpace objects, 0(0B) LOS objects, 40% free, 22MB/37MB, paused 160us total 12.727ms
08-04 12:29:58.367 10100 10122 I art     : Starting a blocking GC Explicit
08-04 12:29:58.380 10100 10122 I art     : Explicit concurrent mark sweep GC freed 3(96B) AllocSpace objects, 0(0B) LOS objects, 40% free, 22MB/37MB, paused 163us total 12.407ms
08-04 12:29:58.386 10100 10122 I art     : Starting a blocking GC Explicit
08-04 12:29:58.398 10100 10122 I art     : Explicit concurrent mark sweep GC freed 9(288B) AllocSpace objects, 0(0B) LOS objects, 40% free, 22MB/37MB, paused 147us total 12.128ms
08-04 12:29:58.582 10390 10390 D AndroidRuntime: >>>>>> START com.android.internal.os.RuntimeInit uid 2000 <<<<<<
08-04 12:29:58.586 10390 10390 D AndroidRuntime: CheckJNI is OFF
08-04 12:29:58.610 10390 10390 D ICU     : No timezone override file found: /data/misc/zoneinfo/current/icu/icu_tzdata.dat
08-04 12:29:58.618   512  2967 D audio_hw_primary: disable_audio_route: reset and update mixer path: low-latency-playback speaker
08-04 12:29:58.620   512  2967 D audio_hw_primary: disable_snd_device: snd_device(2: speaker)
08-04 12:29:58.627   512  2967 I soundtrigger: audio_extn_sound_trigger_update_device_status: device 0x2 of type 0 for Event 0
08-04 12:29:58.634 10390 10390 I Radio-JNI: register_android_hardware_Radio DONE
08-04 12:29:58.650 10390 10390 D AndroidRuntime: Calling main entry com.android.commands.input.Input
08-04 12:29:58.651 10390 10390 I Input   : injectMotionEvent: MotionEvent { action=ACTION_DOWN, actionButton=0, id[0]=0, x[0]=324.0, y[0]=2298.0, toolType[0]=TOOL_TYPE_UNKNOWN, buttonState=0, metaState=0, flags=0x0, edgeFlags=0x0, pointerCount=1, historySize=0, eventTime=707415064, downTime=707415064, deviceId=0, source=0x1002 }
08-04 12:29:58.655 10390 10390 I Input   : injectMotionEvent: MotionEvent { action=ACTION_UP, actionButton=0, id[0]=0, x[0]=324.0, y[0]=2298.0, toolType[0]=TOOL_TYPE_UNKNOWN, buttonState=0, metaState=0, flags=0x0, edgeFlags=0x0, pointerCount=1, historySize=0, eventTime=707415064, downTime=707415064, deviceId=0, source=0x1002 }
08-04 12:29:58.656 10390 10390 D AndroidRuntime: Shutting down VM
08-04 12:29:58.658 10100 10122 I art     : Starting a blocking GC Explicit
08-04 12:29:58.668   918  3359 I ActivityManager: START u0 {cmp=baseline.de.danoeh.antennapod.debug/baseline.de.danoeh.antennapod.activity.PreferenceActivity} from uid 10670 on display 0
08-04 12:29:58.669   512  2967 D audio_hw_primary: out_set_parameters: enter: usecase(1: low-latency-playback) kvpairs: routing=2
08-04 12:29:58.671 10100 10122 I art     : Explicit concurrent mark sweep GC freed 1386(85KB) AllocSpace objects, 1(20KB) LOS objects, 40% free, 22MB/37MB, paused 174us total 12.939ms
08-04 12:29:58.677 10100 10122 I art     : Starting a blocking GC Explicit
08-04 12:29:58.682   512  2967 D audio_hw_primary: select_devices: out_snd_device(2: speaker) in_snd_device(0: none)
08-04 12:29:58.682   512  2967 D msm8974_platform: platform_send_audio_calibration: sending audio calibration for snd_device(2) acdb_id(15)
08-04 12:29:58.682   512  2967 I soundtrigger: audio_extn_sound_trigger_update_device_status: device 0x2 of type 0 for Event 1
08-04 12:29:58.690 10100 10122 I art     : Explicit concurrent mark sweep GC freed 69(19KB) AllocSpace objects, 1(20KB) LOS objects, 40% free, 22MB/37MB, paused 219us total 12.826ms
08-04 12:29:58.693   512  2967 D audio_hw_primary: enable_snd_device: snd_device(2: speaker)
08-04 12:29:58.695   512  2967 D audio_hw_primary: enable_audio_route: apply and update mixer path: low-latency-playback speaker
08-04 12:29:58.696 10100 10122 I art     : Starting a blocking GC Explicit
08-04 12:29:58.710 10100 10122 I art     : Explicit concurrent mark sweep GC freed 467(38KB) AllocSpace objects, 0(0B) LOS objects, 40% free, 22MB/37MB, paused 393us total 14.036ms
08-04 12:29:58.718 10100 10122 I art     : Starting a blocking GC Explicit
08-04 12:29:58.731 10100 10122 I art     : Explicit concurrent mark sweep GC freed 580(114KB) AllocSpace objects, 0(0B) LOS objects, 40% free, 22MB/37MB, paused 391us total 13.193ms
08-04 12:29:58.736   512  2967 D AudioFlinger: mixer(0xf4740000) throttle end: throttle time(12)
08-04 12:29:58.737 10100 10122 I art     : Starting a blocking GC Explicit
08-04 12:29:58.751 10100 10122 I art     : Explicit concurrent mark sweep GC freed 367(41KB) AllocSpace objects, 0(0B) LOS objects, 40% free, 22MB/37MB, paused 156us total 13.403ms
08-04 12:29:58.937   918   936 I ActivityManager: Displayed baseline.de.danoeh.antennapod.debug/baseline.de.danoeh.antennapod.activity.PreferenceActivity: +246ms
08-04 12:29:58.940 13866 13866 I GoogleInputMethodServic: GoogleInputMethodService.onFinishInput():3138 
08-04 12:29:58.942 13866 13866 I GoogleInputMethodServic: GoogleInputMethodService.onStartInput():1808 
08-04 12:29:58.970 10100 10121 D OpenGLRenderer: endAllStagingAnimators on 0x7f7f0d3000 (RippleDrawable) with handle 0x7f7e193bc0
08-04 12:29:58.992 10100 10112 I art     : Starting a blocking GC Explicit
08-04 12:29:59.007 10100 10112 I art     : Explicit concurrent mark sweep GC freed 3396(244KB) AllocSpace objects, 1(20KB) LOS objects, 40% free, 23MB/39MB, paused 143us total 14.545ms
08-04 12:29:59.013 10100 10112 I art     : Starting a blocking GC Explicit
08-04 12:29:59.027 10100 10112 I art     : Explicit concurrent mark sweep GC freed 223(10KB) AllocSpace objects, 0(0B) LOS objects, 40% free, 23MB/38MB, paused 149us total 13.732ms
08-04 12:29:59.033 10100 10112 I art     : Starting a blocking GC Explicit
08-04 12:29:59.048 10100 10112 I art     : Explicit concurrent mark sweep GC freed 3(96B) AllocSpace objects, 0(0B) LOS objects, 40% free, 23MB/38MB, paused 151us total 15.569ms
08-04 12:29:59.055 10100 10112 I art     : Starting a blocking GC Explicit
08-04 12:29:59.070 10100 10112 I art     : Explicit concurrent mark sweep GC freed 3(96B) AllocSpace objects, 0(0B) LOS objects, 40% free, 23MB/38MB, paused 147us total 14.569ms
08-04 12:29:59.077 10100 10112 I art     : Starting a blocking GC Explicit
08-04 12:29:59.092 10100 10112 I art     : Explicit concurrent mark sweep GC freed 3(96B) AllocSpace objects, 0(0B) LOS objects, 40% free, 23MB/38MB, paused 144us total 14.580ms
08-04 12:29:59.183   380   380 W SurfaceFlinger: couldn't log to binary event log: overflow.
08-04 12:29:59.229   512  2967 D audio_hw_primary: disable_audio_route: reset and update mixer path: low-latency-playback speaker
08-04 12:29:59.229   512  2967 D audio_hw_primary: disable_snd_device: snd_device(2: speaker)
08-04 12:29:59.237   512  2967 I soundtrigger: audio_extn_sound_trigger_update_device_status: device 0x2 of type 0 for Event 0
08-04 12:29:59.308 10100 10100 D PlaybackController: Releasing PlaybackController
08-04 12:29:59.362 10100 10112 I art     : Starting a blocking GC Explicit
08-04 12:29:59.380 10100 10112 I art     : Explicit concurrent mark sweep GC freed 1647(98KB) AllocSpace objects, 1(20KB) LOS objects, 40% free, 23MB/39MB, paused 166us total 17.683ms
08-04 12:29:59.386 10100 10112 I art     : Starting a blocking GC Explicit
08-04 12:29:59.403 10100 10112 I art     : Explicit concurrent mark sweep GC freed 63(2064B) AllocSpace objects, 0(0B) LOS objects, 40% free, 23MB/39MB, paused 151us total 16.105ms
08-04 12:29:59.403 10100 10111 I art     : WaitForGcToComplete blocked for 6.731ms for cause HeapTrim
08-04 12:29:59.410 10100 10112 I art     : Starting a blocking GC Explicit
08-04 12:29:59.425 10100 10112 I art     : Explicit concurrent mark sweep GC freed 3(96B) AllocSpace objects, 0(0B) LOS objects, 40% free, 23MB/39MB, paused 148us total 15.380ms
08-04 12:29:59.432 10100 10112 I art     : Starting a blocking GC Explicit
08-04 12:29:59.447 10100 10112 I art     : Explicit concurrent mark sweep GC freed 3(96B) AllocSpace objects, 0(0B) LOS objects, 40% free, 23MB/39MB, paused 149us total 15.080ms
08-04 12:29:59.454 10100 10112 I art     : Starting a blocking GC Explicit
08-04 12:29:59.469 10100 10112 I art     : Explicit concurrent mark sweep GC freed 3(96B) AllocSpace objects, 0(0B) LOS objects, 40% free, 23MB/39MB, paused 142us total 14.935ms
08-04 12:29:59.747 10100 10113 I art     : Starting a blocking GC Explicit
08-04 12:29:59.768 10100 10113 I art     : Explicit concurrent mark sweep GC freed 1360(80KB) AllocSpace objects, 1(20KB) LOS objects, 40% free, 23MB/39MB, paused 181us total 20.271ms
08-04 12:29:59.779 10100 10113 I art     : Starting a blocking GC Explicit
08-04 12:29:59.794 10100 10113 I art     : Explicit concurrent mark sweep GC freed 23(752B) AllocSpace objects, 0(0B) LOS objects, 40% free, 23MB/39MB, paused 151us total 15.151ms
08-04 12:29:59.801 10100 10113 I art     : Starting a blocking GC Explicit
08-04 12:29:59.816 10100 10113 I art     : Explicit concurrent mark sweep GC freed 3(96B) AllocSpace objects, 0(0B) LOS objects, 40% free, 23MB/39MB, paused 148us total 14.781ms
08-04 12:29:59.822 10100 10113 I art     : Starting a blocking GC Explicit
08-04 12:29:59.837 10100 10113 I art     : Explicit concurrent mark sweep GC freed 3(96B) AllocSpace objects, 0(0B) LOS objects, 40% free, 23MB/39MB, paused 160us total 14.581ms
08-04 12:29:59.843 10100 10113 I art     : Starting a blocking GC Explicit
08-04 12:29:59.858 10100 10113 I art     : Explicit concurrent mark sweep GC freed 3(96B) AllocSpace objects, 0(0B) LOS objects, 40% free, 23MB/39MB, paused 146us total 14.891ms
08-04 12:30:00.107 10100 10122 I art     : Starting a blocking GC Explicit
08-04 12:30:00.120 10100 10122 I art     : Explicit concurrent mark sweep GC freed 1360(80KB) AllocSpace objects, 1(20KB) LOS objects, 40% free, 23MB/39MB, paused 147us total 13.558ms
08-04 12:30:00.126 10100 10122 I art     : Starting a blocking GC Explicit
08-04 12:30:00.140 10100 10122 I art     : Explicit concurrent mark sweep GC freed 23(752B) AllocSpace objects, 0(0B) LOS objects, 40% free, 23MB/39MB, paused 151us total 13.879ms
08-04 12:30:00.146 10100 10122 I art     : Starting a blocking GC Explicit
08-04 12:30:00.161 10100 10122 I art     : Explicit concurrent mark sweep GC freed 3(96B) AllocSpace objects, 0(0B) LOS objects, 40% free, 23MB/39MB, paused 150us total 14.583ms
08-04 12:30:00.168 10100 10122 I art     : Starting a blocking GC Explicit
08-04 12:30:00.182 10100 10122 I art     : Explicit concurrent mark sweep GC freed 3(96B) AllocSpace objects, 0(0B) LOS objects, 40% free, 23MB/39MB, paused 149us total 13.840ms
08-04 12:30:00.188 10100 10122 I art     : Starting a blocking GC Explicit
08-04 12:30:00.195 10449 10449 D AndroidRuntime: >>>>>> START com.android.internal.os.RuntimeInit uid 2000 <<<<<<
08-04 12:30:00.199 10449 10449 D AndroidRuntime: CheckJNI is OFF
08-04 12:30:00.202 10100 10122 I art     : Explicit concurrent mark sweep GC freed 3(96B) AllocSpace objects, 0(0B) LOS objects, 40% free, 23MB/39MB, paused 152us total 14.172ms
08-04 12:30:00.224 10449 10449 D ICU     : No timezone override file found: /data/misc/zoneinfo/current/icu/icu_tzdata.dat
08-04 12:30:00.247 10449 10449 I Radio-JNI: register_android_hardware_Radio DONE
08-04 12:30:00.263 10449 10449 D AndroidRuntime: Calling main entry com.android.commands.input.Input
08-04 12:30:00.264 10449 10449 I Input   : injectMotionEvent: MotionEvent { action=ACTION_DOWN, actionButton=0, id[0]=0, x[0]=400.0, y[0]=997.0, toolType[0]=TOOL_TYPE_UNKNOWN, buttonState=0, metaState=0, flags=0x0, edgeFlags=0x0, pointerCount=1, historySize=0, eventTime=707416677, downTime=707416677, deviceId=0, source=0x1002 }
08-04 12:30:00.272 10449 10449 I Input   : injectMotionEvent: MotionEvent { action=ACTION_UP, actionButton=0, id[0]=0, x[0]=400.0, y[0]=997.0, toolType[0]=TOOL_TYPE_UNKNOWN, buttonState=0, metaState=0, flags=0x0, edgeFlags=0x0, pointerCount=1, historySize=0, eventTime=707416677, downTime=707416677, deviceId=0, source=0x1002 }
08-04 12:30:00.274 10449 10449 D AndroidRuntime: Shutting down VM
08-04 12:30:00.286   512  2967 D audio_hw_primary: out_set_parameters: enter: usecase(1: low-latency-playback) kvpairs: routing=2
08-04 12:30:00.300   512  2967 D audio_hw_primary: select_devices: out_snd_device(2: speaker) in_snd_device(0: none)
08-04 12:30:00.300   512  2967 D msm8974_platform: platform_send_audio_calibration: sending audio calibration for snd_device(2) acdb_id(15)
08-04 12:30:00.300   512  2967 I soundtrigger: audio_extn_sound_trigger_update_device_status: device 0x2 of type 0 for Event 1
08-04 12:30:00.313   512  2967 D audio_hw_primary: enable_snd_device: snd_device(2: speaker)
08-04 12:30:00.314   512  2967 D audio_hw_primary: enable_audio_route: apply and update mixer path: low-latency-playback speaker
08-04 12:30:00.375 13866 13866 I GoogleInputMethodServic: GoogleInputMethodService.onFinishInput():3138 
08-04 12:30:00.377 13866 13866 I GoogleInputMethodServic: GoogleInputMethodService.onStartInput():1808 
08-04 12:30:00.412 10100 10112 I art     : Starting a blocking GC Explicit
08-04 12:30:00.429 10100 10112 I art     : Explicit concurrent mark sweep GC freed 2958(187KB) AllocSpace objects, 2(40KB) LOS objects, 40% free, 23MB/39MB, paused 153us total 17.353ms
08-04 12:30:00.436 10100 10112 I art     : Starting a blocking GC Explicit
08-04 12:30:00.453 10100 10112 I art     : Explicit concurrent mark sweep GC freed 205(10KB) AllocSpace objects, 0(0B) LOS objects, 40% free, 23MB/39MB, paused 151us total 16.565ms
08-04 12:30:00.460 10100 10112 I art     : Starting a blocking GC Explicit
08-04 12:30:00.476 10100 10112 I art     : Explicit concurrent mark sweep GC freed 3(96B) AllocSpace objects, 0(0B) LOS objects, 40% free, 23MB/39MB, paused 142us total 16.246ms
08-04 12:30:00.483 10100 10112 I art     : Starting a blocking GC Explicit
08-04 12:30:00.499 10100 10112 I art     : Explicit concurrent mark sweep GC freed 3(96B) AllocSpace objects, 0(0B) LOS objects, 40% free, 23MB/39MB, paused 163us total 16.249ms
08-04 12:30:00.507 10100 10112 I art     : Starting a blocking GC Explicit
08-04 12:30:00.522 10100 10112 I art     : Explicit concurrent mark sweep GC freed 3(96B) AllocSpace objects, 0(0B) LOS objects, 40% free, 23MB/39MB, paused 146us total 14.754ms
08-04 12:30:00.744 10100 10113 I art     : Starting a blocking GC Explicit
08-04 12:30:00.762 10100 10113 I art     : Explicit concurrent mark sweep GC freed 1362(80KB) AllocSpace objects, 1(20KB) LOS objects, 40% free, 23MB/39MB, paused 167us total 17.005ms
08-04 12:30:00.769 10100 10113 I art     : Starting a blocking GC Explicit
08-04 12:30:00.786 10100 10113 I art     : Explicit concurrent mark sweep GC freed 23(752B) AllocSpace objects, 0(0B) LOS objects, 40% free, 23MB/39MB, paused 170us total 16.965ms
08-04 12:30:00.793 10100 10113 I art     : Starting a blocking GC Explicit
08-04 12:30:00.809 10100 10113 I art     : Explicit concurrent mark sweep GC freed 3(96B) AllocSpace objects, 0(0B) LOS objects, 40% free, 23MB/39MB, paused 150us total 15.641ms
08-04 12:30:00.815 10100 10113 I art     : Starting a blocking GC Explicit
08-04 12:30:00.831 10100 10113 I art     : Explicit concurrent mark sweep GC freed 3(96B) AllocSpace objects, 0(0B) LOS objects, 40% free, 23MB/39MB, paused 150us total 15.604ms
08-04 12:30:00.837 10100 10113 I art     : Starting a blocking GC Explicit
08-04 12:30:00.848 10482 10482 D AndroidRuntime: >>>>>> START com.android.internal.os.RuntimeInit uid 2000 <<<<<<
08-04 12:30:00.848   512  2967 D audio_hw_primary: disable_audio_route: reset and update mixer path: low-latency-playback speaker
08-04 12:30:00.850   512  2967 D audio_hw_primary: disable_snd_device: snd_device(2: speaker)
08-04 12:30:00.852 10482 10482 D AndroidRuntime: CheckJNI is OFF
08-04 12:30:00.852 10100 10113 I art     : Explicit concurrent mark sweep GC freed 3(96B) AllocSpace objects, 0(0B) LOS objects, 40% free, 23MB/39MB, paused 163us total 15.085ms
08-04 12:30:00.859   512  2967 I soundtrigger: audio_extn_sound_trigger_update_device_status: device 0x2 of type 0 for Event 0
08-04 12:30:00.877 10482 10482 D ICU     : No timezone override file found: /data/misc/zoneinfo/current/icu/icu_tzdata.dat
08-04 12:30:00.902 10482 10482 I Radio-JNI: register_android_hardware_Radio DONE
08-04 12:30:00.917 10482 10482 D AndroidRuntime: Calling main entry com.android.commands.input.Input
08-04 12:30:00.918 10482 10482 I Input   : injectMotionEvent: MotionEvent { action=ACTION_DOWN, actionButton=0, id[0]=0, x[0]=697.0, y[0]=656.0, toolType[0]=TOOL_TYPE_UNKNOWN, buttonState=0, metaState=0, flags=0x0, edgeFlags=0x0, pointerCount=1, historySize=0, eventTime=707417331, downTime=707417331, deviceId=0, source=0x1002 }
08-04 12:30:00.922 10482 10482 I Input   : injectMotionEvent: MotionEvent { action=ACTION_UP, actionButton=0, id[0]=0, x[0]=697.0, y[0]=656.0, toolType[0]=TOOL_TYPE_UNKNOWN, buttonState=0, metaState=0, flags=0x0, edgeFlags=0x0, pointerCount=1, historySize=0, eventTime=707417331, downTime=707417331, deviceId=0, source=0x1002 }
08-04 12:30:00.925 10482 10482 D AndroidRuntime: Shutting down VM
08-04 12:30:00.938   512  2967 D audio_hw_primary: out_set_parameters: enter: usecase(1: low-latency-playback) kvpairs: routing=2
08-04 12:30:00.952   512  2967 D audio_hw_primary: select_devices: out_snd_device(2: speaker) in_snd_device(0: none)
08-04 12:30:00.952   512  2967 D msm8974_platform: platform_send_audio_calibration: sending audio calibration for snd_device(2) acdb_id(15)
08-04 12:30:00.952   512  2967 I soundtrigger: audio_extn_sound_trigger_update_device_status: device 0x2 of type 0 for Event 1
08-04 12:30:00.962   512  2967 D audio_hw_primary: enable_snd_device: snd_device(2: speaker)
08-04 12:30:00.965   512  2967 D audio_hw_primary: enable_audio_route: apply and update mixer path: low-latency-playback speaker
08-04 12:30:01.003 13866 13866 I GoogleInputMethodServic: GoogleInputMethodService.onFinishInput():3138 
08-04 12:30:01.004 13866 13866 I GoogleInputMethodServic: GoogleInputMethodService.onStartInput():1808 
08-04 12:30:01.006   512  2967 D AudioFlinger: mixer(0xf4740000) throttle end: throttle time(12)
08-04 12:30:01.092 10100 10113 I art     : Starting a blocking GC Explicit
08-04 12:30:01.111 10100 10113 I art     : Explicit concurrent mark sweep GC freed 2409(194KB) AllocSpace objects, 1(20KB) LOS objects, 40% free, 23MB/39MB, paused 174us total 18.620ms
08-04 12:30:01.119 10100 10113 I art     : Starting a blocking GC Explicit
08-04 12:30:01.140 10100 10113 I art     : Explicit concurrent mark sweep GC freed 163(7KB) AllocSpace objects, 0(0B) LOS objects, 40% free, 23MB/39MB, paused 174us total 20.953ms
08-04 12:30:01.149 10100 10113 I art     : Starting a blocking GC Explicit
08-04 12:30:01.167 10100 10113 I art     : Explicit concurrent mark sweep GC freed 3(96B) AllocSpace objects, 0(0B) LOS objects, 40% free, 23MB/39MB, paused 165us total 17.778ms
08-04 12:30:01.174 10100 10113 I art     : Starting a blocking GC Explicit
08-04 12:30:01.190 10100 10113 I art     : Explicit concurrent mark sweep GC freed 5(160B) AllocSpace objects, 0(0B) LOS objects, 40% free, 23MB/39MB, paused 150us total 15.399ms
08-04 12:30:01.197 10100 10113 I art     : Starting a blocking GC Explicit
08-04 12:30:01.212 10100 10113 I art     : Explicit concurrent mark sweep GC freed 3(96B) AllocSpace objects, 0(0B) LOS objects, 40% free, 23MB/39MB, paused 155us total 15.190ms
08-04 12:30:01.235 29532 29532 W PathParser: Points are too far apart 4.030360828967057
08-04 12:30:01.236 29532 29532 W PathParser: Points are too far apart 4.030360538880159
08-04 12:30:01.252 29532 29532 W PathParser: Points are too far apart 4.030360828967057
08-04 12:30:01.253 29532 29532 W PathParser: Points are too far apart 4.030360538880159
08-04 12:30:01.270 29532 29532 W PathParser: Points are too far apart 4.030360828967057
08-04 12:30:01.270 29532 29532 W PathParser: Points are too far apart 4.030360538880159
08-04 12:30:01.286 29532 29532 W PathParser: Points are too far apart 4.030360828967057
08-04 12:30:01.287 29532 29532 W PathParser: Points are too far apart 4.030360538880159
08-04 12:30:01.302 29532 29532 W PathParser: Points are too far apart 4.030360828967057
08-04 12:30:01.303 29532 29532 W PathParser: Points are too far apart 4.030360538880159
08-04 12:30:01.319 29532 29532 W PathParser: Points are too far apart 4.030360828967057
08-04 12:30:01.319 29532 29532 W PathParser: Points are too far apart 4.030360538880159
08-04 12:30:01.341 29532 29532 W PathParser: Points are too far apart 4.030360828967057
08-04 12:30:01.341 29532 29532 W PathParser: Points are too far apart 4.030360538880159
08-04 12:30:01.469 10514 10514 D AndroidRuntime: >>>>>> START com.android.internal.os.RuntimeInit uid 2000 <<<<<<
08-04 12:30:01.470 10100 10122 I art     : Starting a blocking GC Explicit
08-04 12:30:01.475 10514 10514 D AndroidRuntime: CheckJNI is OFF
08-04 12:30:01.491   512  2967 D audio_hw_primary: disable_audio_route: reset and update mixer path: low-latency-playback speaker
08-04 12:30:01.492 10100 10122 I art     : Explicit concurrent mark sweep GC freed 1394(80KB) AllocSpace objects, 1(20KB) LOS objects, 40% free, 23MB/39MB, paused 209us total 21.074ms
08-04 12:30:01.493   512  2967 D audio_hw_primary: disable_snd_device: snd_device(2: speaker)
08-04 12:30:01.501 10100 10122 I art     : Starting a blocking GC Explicit
08-04 12:30:01.502   512  2967 I soundtrigger: audio_extn_sound_trigger_update_device_status: device 0x2 of type 0 for Event 0
08-04 12:30:01.516 10514 10514 D ICU     : No timezone override file found: /data/misc/zoneinfo/current/icu/icu_tzdata.dat
08-04 12:30:01.521 10100 10122 I art     : Explicit concurrent mark sweep GC freed 29(944B) AllocSpace objects, 0(0B) LOS objects, 40% free, 23MB/39MB, paused 193us total 20.199ms
08-04 12:30:01.531 10100 10122 I art     : Starting a blocking GC Explicit
08-04 12:30:01.546 10514 10514 I Radio-JNI: register_android_hardware_Radio DONE
08-04 12:30:01.548 10100 10122 I art     : Explicit concurrent mark sweep GC freed 3(96B) AllocSpace objects, 0(0B) LOS objects, 40% free, 23MB/39MB, paused 148us total 16.856ms
08-04 12:30:01.554 10100 10122 I art     : Starting a blocking GC Explicit
08-04 12:30:01.563 10514 10514 D AndroidRuntime: Calling main entry com.android.commands.input.Input
08-04 12:30:01.565 10514 10514 I Input   : injectMotionEvent: MotionEvent { action=ACTION_DOWN, actionButton=0, id[0]=0, x[0]=256.0, y[0]=1589.0, toolType[0]=TOOL_TYPE_UNKNOWN, buttonState=0, metaState=0, flags=0x0, edgeFlags=0x0, pointerCount=1, historySize=0, eventTime=707417977, downTime=707417977, deviceId=0, source=0x1002 }
08-04 12:30:01.570 10514 10514 I Input   : injectMotionEvent: MotionEvent { action=ACTION_UP, actionButton=0, id[0]=0, x[0]=256.0, y[0]=1589.0, toolType[0]=TOOL_TYPE_UNKNOWN, buttonState=0, metaState=0, flags=0x0, edgeFlags=0x0, pointerCount=1, historySize=0, eventTime=707417977, downTime=707417977, deviceId=0, source=0x1002 }
08-04 12:30:01.570 10100 10122 I art     : Explicit concurrent mark sweep GC freed 3(96B) AllocSpace objects, 0(0B) LOS objects, 40% free, 23MB/39MB, paused 156us total 16.021ms
08-04 12:30:01.574 10514 10514 D AndroidRuntime: Shutting down VM
08-04 12:30:01.579 10100 10122 I art     : Starting a blocking GC Explicit
08-04 12:30:01.590 10100 10100 D UserPreferences: timeOfDay: []
08-04 12:30:01.590 10100 10100 D AutoUpdateManager: Restarting update alarm.
08-04 12:30:01.592   512  2967 D audio_hw_primary: out_set_parameters: enter: usecase(1: low-latency-playback) kvpairs: routing=2
08-04 12:30:01.592 10100 10100 D AutoUpdateManager: Automatic update was deactivated
08-04 12:30:01.596 10100 10122 I art     : Explicit concurrent mark sweep GC freed 75(15KB) AllocSpace objects, 1(20KB) LOS objects, 40% free, 23MB/39MB, paused 306us total 17.426ms
08-04 12:30:01.607   512  2967 D audio_hw_primary: select_devices: out_snd_device(2: speaker) in_snd_device(0: none)
08-04 12:30:01.607   512  2967 D msm8974_platform: platform_send_audio_calibration: sending audio calibration for snd_device(2) acdb_id(15)
08-04 12:30:01.608   512  2967 I soundtrigger: audio_extn_sound_trigger_update_device_status: device 0x2 of type 0 for Event 1
08-04 12:30:01.613 13866 13866 I GoogleInputMethodServic: GoogleInputMethodService.onFinishInput():3138 
08-04 12:30:01.617 13866 13866 I GoogleInputMethodServic: GoogleInputMethodService.onStartInput():1808 
08-04 12:30:01.621   512  2967 D audio_hw_primary: enable_snd_device: snd_device(2: speaker)
08-04 12:30:01.624   512  2967 D audio_hw_primary: enable_audio_route: apply and update mixer path: low-latency-playback speaker
08-04 12:30:01.639 29532 29532 W PathParser: Points are too far apart 4.030360828967057
08-04 12:30:01.640 29532 29532 W PathParser: Points are too far apart 4.030360538880159
08-04 12:30:01.652 29532 29532 W PathParser: Points are too far apart 4.030360828967057
08-04 12:30:01.652 29532 29532 W PathParser: Points are too far apart 4.030360538880159
08-04 12:30:01.665   512  2967 D AudioFlinger: mixer(0xf4740000) throttle end: throttle time(12)
08-04 12:30:01.668 29532 29532 W PathParser: Points are too far apart 4.030360828967057
08-04 12:30:01.668 29532 29532 W PathParser: Points are too far apart 4.030360538880159
08-04 12:30:01.685 29532 29532 W PathParser: Points are too far apart 4.030360828967057
08-04 12:30:01.685 29532 29532 W PathParser: Points are too far apart 4.030360538880159
08-04 12:30:01.702 29532 29532 W PathParser: Points are too far apart 4.030360828967057
08-04 12:30:01.702 29532 29532 W PathParser: Points are too far apart 4.030360538880159
08-04 12:30:01.718 29532 29532 W PathParser: Points are too far apart 4.030360828967057
08-04 12:30:01.719 29532 29532 W PathParser: Points are too far apart 4.030360538880159
08-04 12:30:01.735 29532 29532 W PathParser: Points are too far apart 4.030360828967057
08-04 12:30:01.735 29532 29532 W PathParser: Points are too far apart 4.030360538880159
08-04 12:30:01.754 29532 29532 W PathParser: Points are too far apart 4.030360828967057
08-04 12:30:01.754 29532 29532 W PathParser: Points are too far apart 4.030360538880159
08-04 12:30:01.802   380   380 W SurfaceFlinger: couldn't log to binary event log: overflow.
08-04 12:30:01.824 13866 13882 I PeriodicStatsRunner: PeriodicStatsRunner.call():175 call()
08-04 12:30:01.825 13866 13882 I PeriodicStatsRunner: PeriodicStatsRunner.call():179 No submit PeriodicStats since input started.
08-04 12:30:01.842 10100 10122 I art     : Starting a blocking GC Explicit
08-04 12:30:01.857 10100 10122 I art     : Explicit concurrent mark sweep GC freed 1627(92KB) AllocSpace objects, 1(20KB) LOS objects, 40% free, 23MB/39MB, paused 144us total 15.012ms
08-04 12:30:01.864 10100 10122 I art     : Starting a blocking GC Explicit
08-04 12:30:01.879 10100 10122 I art     : Explicit concurrent mark sweep GC freed 55(1936B) AllocSpace objects, 0(0B) LOS objects, 40% free, 23MB/39MB, paused 157us total 15.239ms
08-04 12:30:01.885 10100 10122 I art     : Starting a blocking GC Explicit
08-04 12:30:01.901 10100 10122 I art     : Explicit concurrent mark sweep GC freed 4(160B) AllocSpace objects, 0(0B) LOS objects, 40% free, 23MB/39MB, paused 171us total 15.336ms
08-04 12:30:01.907 10100 10122 I art     : Starting a blocking GC Explicit
08-04 12:30:01.923 10100 10122 I art     : Explicit concurrent mark sweep GC freed 38(2272B) AllocSpace objects, 0(0B) LOS objects, 40% free, 23MB/39MB, paused 155us total 15.279ms
08-04 12:30:01.929 10100 10122 I art     : Starting a blocking GC Explicit
08-04 12:30:01.945 10100 10122 I art     : Explicit concurrent mark sweep GC freed 44(2112B) AllocSpace objects, 0(0B) LOS objects, 40% free, 23MB/39MB, paused 160us total 15.573ms
08-04 12:30:02.122 10544 10544 D AndroidRuntime: >>>>>> START com.android.internal.os.RuntimeInit uid 2000 <<<<<<
08-04 12:30:02.125 10544 10544 D AndroidRuntime: CheckJNI is OFF
08-04 12:30:02.150 10544 10544 D ICU     : No timezone override file found: /data/misc/zoneinfo/current/icu/icu_tzdata.dat
08-04 12:30:02.159   512  2967 D audio_hw_primary: disable_audio_route: reset and update mixer path: low-latency-playback speaker
08-04 12:30:02.160   512  2967 D audio_hw_primary: disable_snd_device: snd_device(2: speaker)
08-04 12:30:02.168   512  2967 I soundtrigger: audio_extn_sound_trigger_update_device_status: device 0x2 of type 0 for Event 0
08-04 12:30:02.176 10544 10544 I Radio-JNI: register_android_hardware_Radio DONE
08-04 12:30:02.193 10544 10544 D AndroidRuntime: Calling main entry com.android.commands.input.Input
08-04 12:30:02.194 10544 10544 I Input   : injectKeyEvent: KeyEvent { action=ACTION_DOWN, keyCode=KEYCODE_BACK, scanCode=0, metaState=0, flags=0x0, repeatCount=0, eventTime=707418608, downTime=707418608, deviceId=-1, source=0x101 }
08-04 12:30:02.197 10100 10113 I art     : Starting a blocking GC Explicit
08-04 12:30:02.199 10544 10544 I Input   : injectKeyEvent: KeyEvent { action=ACTION_UP, keyCode=KEYCODE_BACK, scanCode=0, metaState=0, flags=0x0, repeatCount=0, eventTime=707418608, downTime=707418608, deviceId=-1, source=0x101 }
08-04 12:30:02.204 10544 10544 D AndroidRuntime: Shutting down VM
08-04 12:30:02.215 10100 10113 I art     : Explicit concurrent mark sweep GC freed 2580(128KB) AllocSpace objects, 1(20KB) LOS objects, 40% free, 23MB/39MB, paused 475us total 16.910ms
08-04 12:30:02.221 10100 10113 I art     : Starting a blocking GC Explicit
08-04 12:30:02.239 10100 10113 I art     : Explicit concurrent mark sweep GC freed 1495(71KB) AllocSpace objects, 0(0B) LOS objects, 39% free, 24MB/40MB, paused 404us total 17.392ms
08-04 12:30:02.245 10100 10113 I art     : Starting a blocking GC Explicit
08-04 12:30:02.254 13866 13866 I GoogleInputMethodServic: GoogleInputMethodService.onFinishInput():3138 
08-04 12:30:02.255 13866 13866 I GoogleInputMethodServic: GoogleInputMethodService.onStartInput():1808 
08-04 12:30:02.262 10100 10113 I art     : Explicit concurrent mark sweep GC freed 7473(486KB) AllocSpace objects, 0(0B) LOS objects, 40% free, 23MB/39MB, paused 174us total 16.597ms
08-04 12:30:02.268 10100 10113 I art     : Starting a blocking GC Explicit
08-04 12:30:02.282 10100 10113 I art     : Explicit concurrent mark sweep GC freed 25(1264B) AllocSpace objects, 0(0B) LOS objects, 40% free, 23MB/39MB, paused 145us total 13.548ms
08-04 12:30:02.287   918  3261 D WifiStateMachine: starting scan for "H369AA63323"WPA_PSK with 2412,5180
08-04 12:30:02.288 10100 10113 I art     : Starting a blocking GC Explicit
08-04 12:30:02.302 10100 10113 I art     : Explicit concurrent mark sweep GC freed 3(96B) AllocSpace objects, 0(0B) LOS objects, 40% free, 23MB/39MB, paused 144us total 13.488ms
08-04 12:30:02.566 10100 10122 I art     : Starting a blocking GC Explicit
08-04 12:30:02.589 10100 10122 I art     : Explicit concurrent mark sweep GC freed 1492(86KB) AllocSpace objects, 1(20KB) LOS objects, 40% free, 23MB/39MB, paused 193us total 22.878ms
08-04 12:30:02.598 10100 10122 I art     : Starting a blocking GC Explicit
08-04 12:30:02.615 10100 10122 I art     : Explicit concurrent mark sweep GC freed 889(56KB) AllocSpace objects, 1(48KB) LOS objects, 40% free, 23MB/39MB, paused 172us total 16.429ms
08-04 12:30:02.622 10100 10122 I art     : Starting a blocking GC Explicit
08-04 12:30:02.638 10100 10122 I art     : Explicit concurrent mark sweep GC freed 3(96B) AllocSpace objects, 0(0B) LOS objects, 40% free, 23MB/39MB, paused 155us total 15.566ms
08-04 12:30:02.645 10100 10122 I art     : Starting a blocking GC Explicit
08-04 12:30:02.660 10100 10122 I art     : Explicit concurrent mark sweep GC freed 3(96B) AllocSpace objects, 0(0B) LOS objects, 40% free, 23MB/39MB, paused 163us total 15.360ms
08-04 12:30:02.667 10100 10122 I art     : Starting a blocking GC Explicit
08-04 12:30:02.683 10100 10122 I art     : Explicit concurrent mark sweep GC freed 3(96B) AllocSpace objects, 0(0B) LOS objects, 40% free, 23MB/39MB, paused 170us total 15.461ms
08-04 12:30:02.962 10100 10112 I art     : Starting a blocking GC Explicit
08-04 12:30:02.985 10100 10112 I art     : Explicit concurrent mark sweep GC freed 1365(80KB) AllocSpace objects, 1(20KB) LOS objects, 40% free, 23MB/39MB, paused 174us total 22.292ms
08-04 12:30:02.995 10100 10112 I art     : Starting a blocking GC Explicit
08-04 12:30:03.011 10100 10112 I art     : Explicit concurrent mark sweep GC freed 23(752B) AllocSpace objects, 0(0B) LOS objects, 40% free, 23MB/39MB, paused 144us total 15.551ms
08-04 12:30:03.018 10100 10112 I art     : Starting a blocking GC Explicit
08-04 12:30:03.033 10100 10112 I art     : Explicit concurrent mark sweep GC freed 3(96B) AllocSpace objects, 0(0B) LOS objects, 40% free, 23MB/39MB, paused 148us total 15.299ms
08-04 12:30:03.040 10100 10112 I art     : Starting a blocking GC Explicit
08-04 12:30:03.055 10100 10112 I art     : Explicit concurrent mark sweep GC freed 3(96B) AllocSpace objects, 0(0B) LOS objects, 40% free, 23MB/39MB, paused 177us total 14.838ms
08-04 12:30:03.062 10100 10112 I art     : Starting a blocking GC Explicit
08-04 12:30:03.077 10100 10112 I art     : Explicit concurrent mark sweep GC freed 3(96B) AllocSpace objects, 0(0B) LOS objects, 40% free, 23MB/39MB, paused 146us total 15.253ms
08-04 12:30:03.089 13866 13882 I PeriodicStatsRunner: PeriodicStatsRunner.call():175 call()
08-04 12:30:03.089 13866 13882 I PeriodicStatsRunner: PeriodicStatsRunner.call():179 No submit PeriodicStats since input started.
08-04 12:30:03.359 10100 10113 I art     : Starting a blocking GC Explicit
08-04 12:30:03.377 10100 10113 I art     : Explicit concurrent mark sweep GC freed 1392(80KB) AllocSpace objects, 1(20KB) LOS objects, 40% free, 23MB/39MB, paused 175us total 17.859ms
08-04 12:30:03.388 10100 10113 I art     : Starting a blocking GC Explicit
08-04 12:30:03.405 10100 10113 I art     : Explicit concurrent mark sweep GC freed 23(752B) AllocSpace objects, 0(0B) LOS objects, 40% free, 23MB/39MB, paused 160us total 16.743ms
08-04 12:30:03.411 10100 10113 I art     : Starting a blocking GC Explicit
08-04 12:30:03.426 10100 10113 I art     : Explicit concurrent mark sweep GC freed 3(96B) AllocSpace objects, 0(0B) LOS objects, 40% free, 23MB/39MB, paused 152us total 14.795ms
08-04 12:30:03.433 10100 10113 I art     : Starting a blocking GC Explicit
08-04 12:30:03.447 10100 10113 I art     : Explicit concurrent mark sweep GC freed 3(96B) AllocSpace objects, 0(0B) LOS objects, 40% free, 23MB/39MB, paused 175us total 14.052ms
08-04 12:30:03.453 10100 10113 I art     : Starting a blocking GC Explicit
08-04 12:30:03.468 10100 10113 I art     : Explicit concurrent mark sweep GC freed 3(96B) AllocSpace objects, 0(0B) LOS objects, 40% free, 23MB/39MB, paused 156us total 14.454ms
08-04 12:30:03.517   518   646 I ThermalEngine: ACTION: GPU - Setting GPU[0] to 510000000
08-04 12:30:03.740 10100 10122 I art     : Starting a blocking GC Explicit
08-04 12:30:03.764 10100 10122 I art     : Explicit concurrent mark sweep GC freed 1365(80KB) AllocSpace objects, 1(20KB) LOS objects, 40% free, 23MB/39MB, paused 222us total 23.273ms
08-04 12:30:03.772 10100 10122 I art     : Starting a blocking GC Explicit
08-04 12:30:03.791 10100 10122 I art     : Explicit concurrent mark sweep GC freed 23(752B) AllocSpace objects, 0(0B) LOS objects, 40% free, 23MB/39MB, paused 217us total 19.014ms
08-04 12:30:03.800 10100 10122 I art     : Starting a blocking GC Explicit
08-04 12:30:03.819 10100 10122 I art     : Explicit concurrent mark sweep GC freed 3(96B) AllocSpace objects, 0(0B) LOS objects, 40% free, 23MB/39MB, paused 238us total 18.391ms
08-04 12:30:03.827 10100 10122 I art     : Starting a blocking GC Explicit
08-04 12:30:03.827 10599 10599 D AndroidRuntime: >>>>>> START com.android.internal.os.RuntimeInit uid 2000 <<<<<<
08-04 12:30:03.832 10599 10599 D AndroidRuntime: CheckJNI is OFF
08-04 12:30:03.847 10100 10122 I art     : Explicit concurrent mark sweep GC freed 73(3KB) AllocSpace objects, 0(0B) LOS objects, 40% free, 23MB/39MB, paused 221us total 19.882ms
08-04 12:30:03.855 10100 10122 I art     : Starting a blocking GC Explicit
08-04 12:30:03.871 10599 10599 D ICU     : No timezone override file found: /data/misc/zoneinfo/current/icu/icu_tzdata.dat
08-04 12:30:03.876 10100 10122 I art     : Explicit concurrent mark sweep GC freed 78(2720B) AllocSpace objects, 0(0B) LOS objects, 40% free, 23MB/39MB, paused 372us total 19.854ms
08-04 12:30:03.903 10599 10599 I Radio-JNI: register_android_hardware_Radio DONE
08-04 12:30:03.923 10599 10599 D AndroidRuntime: Calling main entry com.android.commands.input.Input
08-04 12:30:03.925 10599 10599 I Input   : injectKeyEvent: KeyEvent { action=ACTION_DOWN, keyCode=KEYCODE_BACK, scanCode=0, metaState=0, flags=0x0, repeatCount=0, eventTime=707420338, downTime=707420338, deviceId=-1, source=0x101 }
08-04 12:30:03.930 10599 10599 I Input   : injectKeyEvent: KeyEvent { action=ACTION_UP, keyCode=KEYCODE_BACK, scanCode=0, metaState=0, flags=0x0, repeatCount=0, eventTime=707420338, downTime=707420338, deviceId=-1, source=0x101 }
08-04 12:30:03.934 10599 10599 D AndroidRuntime: Shutting down VM
08-04 12:30:03.941 13866 13882 I PeriodicStatsRunner: PeriodicStatsRunner.call():175 call()
08-04 12:30:03.941 13866 13882 I PeriodicStatsRunner: PeriodicStatsRunner.call():179 No submit PeriodicStats since input started.
08-04 12:30:03.959 10100 10100 D QueueFragment: loadItems()
08-04 12:30:03.960 10100 10126 D DBReader: getQueue() called
08-04 12:30:03.960 10100 10126 D DBReader: getQueue()
08-04 12:30:03.960 10100 10100 V PlaybackController: initServiceNotRunning()
08-04 12:30:03.960 10100 10100 D ExternalPlayerFragment: Loading media info
08-04 12:30:03.961 10100 10100 D UserPreferences: Using default data folder
08-04 12:30:03.961 10100 10126 D DBReader: getFavoriteIDList() called
08-04 12:30:03.961 10100 10126 D DBReader: getQueueIDList() called
08-04 12:30:03.962 10100 10126 D DBReader: Extracting Feedlist
08-04 12:30:03.963 10100 10120 D DBReader: getNavDrawerData() called with: 
08-04 12:30:03.965 10100 10120 D DBReader: getDownloadedItems() called
08-04 12:30:03.966 10100 10120 D DBReader: getFavoriteIDList() called
08-04 12:30:03.966 10100 10120 D DBReader: getQueueIDList() called
08-04 12:30:03.967 10100 10120 D DBReader: Extracting Feedlist
08-04 12:30:04.011 10100 10100 D MainActivity: getLastNavFragment() -> QueueFragment
08-04 12:30:04.045 13866 13866 I GoogleInputMethodServic: GoogleInputMethodService.onFinishInput():3138 
08-04 12:30:04.046 13866 13866 I GoogleInputMethodServic: GoogleInputMethodService.onStartInput():1808 
08-04 12:30:04.113 10100 10113 I art     : Starting a blocking GC Explicit
08-04 12:30:04.132 10100 10113 I art     : Explicit concurrent mark sweep GC freed 3476(198KB) AllocSpace objects, 1(20KB) LOS objects, 40% free, 23MB/39MB, paused 203us total 19.150ms
08-04 12:30:04.140 10100 10113 I art     : Starting a blocking GC Explicit
08-04 12:30:04.160 10100 10113 I art     : Explicit concurrent mark sweep GC freed 1469(92KB) AllocSpace objects, 0(0B) LOS objects, 40% free, 23MB/39MB, paused 247us total 19.335ms
08-04 12:30:04.170 10100 10113 I art     : Starting a blocking GC Explicit
08-04 12:30:04.190 10100 10113 I art     : Explicit concurrent mark sweep GC freed 3(96B) AllocSpace objects, 0(0B) LOS objects, 40% free, 23MB/39MB, paused 212us total 19.856ms
08-04 12:30:04.201 10100 10113 I art     : Starting a blocking GC Explicit
08-04 12:30:04.219 10100 10113 I art     : Explicit concurrent mark sweep GC freed 3(96B) AllocSpace objects, 0(0B) LOS objects, 40% free, 23MB/39MB, paused 217us total 17.345ms
08-04 12:30:04.228 10100 10113 I art     : Starting a blocking GC Explicit
08-04 12:30:04.246 10100 10113 I art     : Explicit concurrent mark sweep GC freed 3(96B) AllocSpace objects, 0(0B) LOS objects, 40% free, 23MB/39MB, paused 203us total 18.114ms
08-04 12:30:04.322   380   380 W SurfaceFlinger: couldn't log to binary event log: overflow.
08-04 12:30:04.487 10100 10112 I art     : Starting a blocking GC Explicit
08-04 12:30:04.509 10100 10112 I art     : Explicit concurrent mark sweep GC freed 1935(106KB) AllocSpace objects, 1(20KB) LOS objects, 40% free, 23MB/39MB, paused 306us total 21.556ms
08-04 12:30:04.518 10100 10112 I art     : Starting a blocking GC Explicit
08-04 12:30:04.536 10100 10112 I art     : Explicit concurrent mark sweep GC freed 6245(390KB) AllocSpace objects, 11(308KB) LOS objects, 40% free, 22MB/38MB, paused 246us total 17.794ms
08-04 12:30:04.544 10100 10112 I art     : Starting a blocking GC Explicit
08-04 12:30:04.562 10100 10112 I art     : Explicit concurrent mark sweep GC freed 7(288B) AllocSpace objects, 0(0B) LOS objects, 40% free, 22MB/38MB, paused 246us total 17.318ms
08-04 12:30:04.570 10100 10112 I art     : Starting a blocking GC Explicit
08-04 12:30:04.587 10100 10112 I art     : Explicit concurrent mark sweep GC freed 3(96B) AllocSpace objects, 0(0B) LOS objects, 40% free, 22MB/38MB, paused 233us total 16.852ms
08-04 12:30:04.595 10100 10112 I art     : Starting a blocking GC Explicit
08-04 12:30:04.612 10100 10112 I art     : Explicit concurrent mark sweep GC freed 3(96B) AllocSpace objects, 0(0B) LOS objects, 40% free, 22MB/38MB, paused 209us total 16.714ms
08-04 12:30:04.888 10100 10122 I art     : Starting a blocking GC Explicit
08-04 12:30:04.910 10100 10122 I art     : Explicit concurrent mark sweep GC freed 1367(82KB) AllocSpace objects, 1(20KB) LOS objects, 40% free, 22MB/38MB, paused 247us total 21.482ms
08-04 12:30:04.920 10100 10122 I art     : Starting a blocking GC Explicit
08-04 12:30:04.937 10100 10122 I art     : Explicit concurrent mark sweep GC freed 23(752B) AllocSpace objects, 0(0B) LOS objects, 40% free, 22MB/38MB, paused 253us total 17.154ms
08-04 12:30:04.945 10100 10122 I art     : Starting a blocking GC Explicit
08-04 12:30:04.962 10100 10122 I art     : Explicit concurrent mark sweep GC freed 3(96B) AllocSpace objects, 0(0B) LOS objects, 40% free, 22MB/38MB, paused 222us total 16.657ms
08-04 12:30:04.970 10100 10122 I art     : Starting a blocking GC Explicit
08-04 12:30:04.987 10100 10122 I art     : Explicit concurrent mark sweep GC freed 3(96B) AllocSpace objects, 0(0B) LOS objects, 40% free, 22MB/38MB, paused 261us total 16.561ms
08-04 12:30:04.995 10100 10122 I art     : Starting a blocking GC Explicit
08-04 12:30:05.012 10100 10122 I art     : Explicit concurrent mark sweep GC freed 3(96B) AllocSpace objects, 0(0B) LOS objects, 40% free, 22MB/38MB, paused 217us total 16.653ms
08-04 12:30:05.275 10100 10113 I art     : Starting a blocking GC Explicit
08-04 12:30:05.293 10100 10113 I art     : Explicit concurrent mark sweep GC freed 1364(80KB) AllocSpace objects, 1(20KB) LOS objects, 40% free, 22MB/38MB, paused 228us total 16.868ms
08-04 12:30:05.301 10100 10113 I art     : Starting a blocking GC Explicit
08-04 12:30:05.318 10100 10113 I art     : Explicit concurrent mark sweep GC freed 23(752B) AllocSpace objects, 0(0B) LOS objects, 40% free, 22MB/38MB, paused 236us total 16.764ms
08-04 12:30:05.326 10100 10113 I art     : Starting a blocking GC Explicit
08-04 12:30:05.343 10100 10113 I art     : Explicit concurrent mark sweep GC freed 3(96B) AllocSpace objects, 0(0B) LOS objects, 40% free, 22MB/38MB, paused 224us total 16.895ms
08-04 12:30:05.351 10100 10113 I art     : Starting a blocking GC Explicit
08-04 12:30:05.367 10100 10113 I art     : Explicit concurrent mark sweep GC freed 32(880B) AllocSpace objects, 0(0B) LOS objects, 40% free, 22MB/38MB, paused 251us total 16.038ms
08-04 12:30:05.375 10100 10113 I art     : Starting a blocking GC Explicit
08-04 12:30:05.376 13866 13882 I PeriodicStatsRunner: PeriodicStatsRunner.call():175 call()
08-04 12:30:05.377 13866 13882 I PeriodicStatsRunner: PeriodicStatsRunner.call():179 No submit PeriodicStats since input started.
08-04 12:30:05.391 10100 10113 I art     : Explicit concurrent mark sweep GC freed 3(96B) AllocSpace objects, 0(0B) LOS objects, 40% free, 22MB/38MB, paused 221us total 16.211ms
08-04 12:30:05.591 10655 10655 D AndroidRuntime: >>>>>> START com.android.internal.os.RuntimeInit uid 2000 <<<<<<
08-04 12:30:05.596 10655 10655 D AndroidRuntime: CheckJNI is OFF
08-04 12:30:05.631 10655 10655 D ICU     : No timezone override file found: /data/misc/zoneinfo/current/icu/icu_tzdata.dat
08-04 12:30:05.650 10100 10112 I art     : Starting a blocking GC Explicit
08-04 12:30:05.665 10655 10655 I Radio-JNI: register_android_hardware_Radio DONE
08-04 12:30:05.668 10100 10112 I art     : Explicit concurrent mark sweep GC freed 1364(80KB) AllocSpace objects, 1(20KB) LOS objects, 40% free, 22MB/38MB, paused 260us total 17.116ms
08-04 12:30:05.676 10100 10112 I art     : Starting a blocking GC Explicit
08-04 12:30:05.688 10655 10655 D AndroidRuntime: Calling main entry com.android.commands.input.Input
08-04 12:30:05.691 10655 10655 I Input   : injectMotionEvent: MotionEvent { action=ACTION_DOWN, actionButton=0, id[0]=0, x[0]=103.0, y[0]=192.0, toolType[0]=TOOL_TYPE_UNKNOWN, buttonState=0, metaState=0, flags=0x0, edgeFlags=0x0, pointerCount=1, historySize=0, eventTime=707422103, downTime=707422103, deviceId=0, source=0x1002 }
08-04 12:30:05.692 10100 10112 I art     : Explicit concurrent mark sweep GC freed 23(752B) AllocSpace objects, 0(0B) LOS objects, 40% free, 22MB/38MB, paused 233us total 16.239ms
08-04 12:30:05.697 10655 10655 I Input   : injectMotionEvent: MotionEvent { action=ACTION_UP, actionButton=0, id[0]=0, x[0]=103.0, y[0]=192.0, toolType[0]=TOOL_TYPE_UNKNOWN, buttonState=0, metaState=0, flags=0x0, edgeFlags=0x0, pointerCount=1, historySize=0, eventTime=707422103, downTime=707422103, deviceId=0, source=0x1002 }
08-04 12:30:05.699 10655 10655 D AndroidRuntime: Shutting down VM
08-04 12:30:05.700 10100 10112 I art     : Starting a blocking GC Explicit
08-04 12:30:05.709   512  2967 D audio_hw_primary: out_set_parameters: enter: usecase(1: low-latency-playback) kvpairs: routing=2
08-04 12:30:05.717 10100 10112 I art     : Explicit concurrent mark sweep GC freed 27(864B) AllocSpace objects, 0(0B) LOS objects, 40% free, 22MB/38MB, paused 227us total 17.192ms
08-04 12:30:05.721   512  2967 D audio_hw_primary: select_devices: out_snd_device(2: speaker) in_snd_device(0: none)
08-04 12:30:05.722   512  2967 D msm8974_platform: platform_send_audio_calibration: sending audio calibration for snd_device(2) acdb_id(15)
08-04 12:30:05.723   512  2967 I soundtrigger: audio_extn_sound_trigger_update_device_status: device 0x2 of type 0 for Event 1
08-04 12:30:05.725 10100 10112 I art     : Starting a blocking GC Explicit
08-04 12:30:05.734   512  2967 D audio_hw_primary: enable_snd_device: snd_device(2: speaker)
08-04 12:30:05.736   512  2967 D audio_hw_primary: enable_audio_route: apply and update mixer path: low-latency-playback speaker
08-04 12:30:05.742 10100 10112 I art     : Explicit concurrent mark sweep GC freed 56(1936B) AllocSpace objects, 0(0B) LOS objects, 40% free, 22MB/38MB, paused 361us total 16.435ms
08-04 12:30:05.749 13866 13866 I GoogleInputMethodServic: GoogleInputMethodService.onFinishInput():3138 
08-04 12:30:05.749 13866 13866 I GoogleInputMethodServic: GoogleInputMethodService.onStartInput():1808 
08-04 12:30:05.750 10100 10112 I art     : Starting a blocking GC Explicit
08-04 12:30:05.766 10100 10112 I art     : Explicit concurrent mark sweep GC freed 48(2128B) AllocSpace objects, 0(0B) LOS objects, 40% free, 22MB/38MB, paused 195us total 16.011ms
08-04 12:30:06.004 13866 13882 I PeriodicStatsRunner: PeriodicStatsRunner.call():175 call()
08-04 12:30:06.004 13866 13882 I PeriodicStatsRunner: PeriodicStatsRunner.call():179 No submit PeriodicStats since input started.
08-04 12:30:06.015 10100 10113 I art     : Starting a blocking GC Explicit
08-04 12:30:06.034 10100 10113 I art     : Explicit concurrent mark sweep GC freed 1742(100KB) AllocSpace objects, 1(20KB) LOS objects, 40% free, 22MB/38MB, paused 234us total 18.756ms
08-04 12:30:06.042 10100 10113 I art     : Starting a blocking GC Explicit
08-04 12:30:06.062 10100 10113 I art     : Explicit concurrent mark sweep GC freed 29(1104B) AllocSpace objects, 0(0B) LOS objects, 40% free, 22MB/38MB, paused 208us total 18.879ms
08-04 12:30:06.072 10100 10113 I art     : Starting a blocking GC Explicit
08-04 12:30:06.090 10100 10113 I art     : Explicit concurrent mark sweep GC freed 9(288B) AllocSpace objects, 0(0B) LOS objects, 40% free, 22MB/38MB, paused 276us total 17.882ms
08-04 12:30:06.099 10100 10113 I art     : Starting a blocking GC Explicit
08-04 12:30:06.115 10100 10113 I art     : Explicit concurrent mark sweep GC freed 3(96B) AllocSpace objects, 0(0B) LOS objects, 40% free, 22MB/38MB, paused 211us total 16.604ms
08-04 12:30:06.123 10100 10113 I art     : Starting a blocking GC Explicit
08-04 12:30:06.139 10100 10113 I art     : Explicit concurrent mark sweep GC freed 6(224B) AllocSpace objects, 0(0B) LOS objects, 40% free, 22MB/38MB, paused 217us total 15.978ms
08-04 12:30:06.270   512  2967 D audio_hw_primary: disable_audio_route: reset and update mixer path: low-latency-playback speaker
08-04 12:30:06.272   512  2967 D audio_hw_primary: disable_snd_device: snd_device(2: speaker)
08-04 12:30:06.283   512  2967 I soundtrigger: audio_extn_sound_trigger_update_device_status: device 0x2 of type 0 for Event 0
08-04 12:30:06.412 10100 10112 I art     : Starting a blocking GC Explicit
08-04 12:30:06.430 10100 10112 I art     : Explicit concurrent mark sweep GC freed 1396(81KB) AllocSpace objects, 1(20KB) LOS objects, 40% free, 22MB/38MB, paused 211us total 17.376ms
08-04 12:30:06.438 10100 10112 I art     : Starting a blocking GC Explicit
08-04 12:30:06.455 10100 10112 I art     : Explicit concurrent mark sweep GC freed 25(816B) AllocSpace objects, 0(0B) LOS objects, 40% free, 22MB/38MB, paused 215us total 16.976ms
08-04 12:30:06.463 10100 10112 I art     : Starting a blocking GC Explicit
08-04 12:30:06.480 10100 10112 I art     : Explicit concurrent mark sweep GC freed 3(96B) AllocSpace objects, 0(0B) LOS objects, 40% free, 22MB/38MB, paused 214us total 16.977ms
08-04 12:30:06.488 10100 10112 I art     : Starting a blocking GC Explicit
08-04 12:30:06.505 10100 10112 I art     : Explicit concurrent mark sweep GC freed 3(96B) AllocSpace objects, 0(0B) LOS objects, 40% free, 22MB/38MB, paused 208us total 16.686ms
08-04 12:30:06.513 10100 10112 I art     : Starting a blocking GC Explicit
08-04 12:30:06.530 10100 10112 I art     : Explicit concurrent mark sweep GC freed 3(96B) AllocSpace objects, 0(0B) LOS objects, 40% free, 22MB/38MB, paused 209us total 16.894ms
08-04 12:30:06.617 13866 13882 I PeriodicStatsRunner: PeriodicStatsRunner.call():175 call()
08-04 12:30:06.617 13866 13882 I PeriodicStatsRunner: PeriodicStatsRunner.call():179 No submit PeriodicStats since input started.
08-04 12:30:06.808 10100 10113 I art     : Starting a blocking GC Explicit
08-04 12:30:06.829 10100 10113 I art     : Explicit concurrent mark sweep GC freed 1363(82KB) AllocSpace objects, 1(20KB) LOS objects, 40% free, 22MB/38MB, paused 239us total 19.993ms
08-04 12:30:06.839 10100 10113 I art     : Starting a blocking GC Explicit
08-04 12:30:06.857 10100 10113 I art     : Explicit concurrent mark sweep GC freed 23(752B) AllocSpace objects, 0(0B) LOS objects, 40% free, 22MB/38MB, paused 371us total 17.356ms
08-04 12:30:06.865 10100 10113 I art     : Starting a blocking GC Explicit
08-04 12:30:06.882 10100 10113 I art     : Explicit concurrent mark sweep GC freed 3(96B) AllocSpace objects, 0(0B) LOS objects, 40% free, 22MB/38MB, paused 226us total 17.198ms
08-04 12:30:06.891 10100 10113 I art     : Starting a blocking GC Explicit
08-04 12:30:06.908 10100 10113 I art     : Explicit concurrent mark sweep GC freed 3(96B) AllocSpace objects, 0(0B) LOS objects, 40% free, 22MB/38MB, paused 218us total 16.746ms
08-04 12:30:06.916 10100 10113 I art     : Starting a blocking GC Explicit
08-04 12:30:06.932 10100 10113 I art     : Explicit concurrent mark sweep GC freed 3(96B) AllocSpace objects, 0(0B) LOS objects, 40% free, 22MB/38MB, paused 209us total 16.035ms
08-04 12:30:07.187 10100 10122 I art     : Starting a blocking GC Explicit
08-04 12:30:07.205 10100 10122 I art     : Explicit concurrent mark sweep GC freed 1362(80KB) AllocSpace objects, 1(20KB) LOS objects, 40% free, 22MB/38MB, paused 253us total 17.206ms
08-04 12:30:07.213 10100 10122 I art     : Starting a blocking GC Explicit
08-04 12:30:07.230 10100 10122 I art     : Explicit concurrent mark sweep GC freed 23(752B) AllocSpace objects, 0(0B) LOS objects, 40% free, 22MB/38MB, paused 213us total 16.149ms
08-04 12:30:07.237 10100 10122 I art     : Starting a blocking GC Explicit
08-04 12:30:07.253 10100 10122 I art     : Explicit concurrent mark sweep GC freed 3(96B) AllocSpace objects, 0(0B) LOS objects, 40% free, 22MB/38MB, paused 217us total 15.803ms
08-04 12:30:07.255 13866 13882 I PeriodicStatsRunner: PeriodicStatsRunner.call():175 call()
08-04 12:30:07.255 13866 13882 I PeriodicStatsRunner: PeriodicStatsRunner.call():179 No submit PeriodicStats since input started.
08-04 12:30:07.261 10100 10122 I art     : Starting a blocking GC Explicit
08-04 12:30:07.278 10100 10122 I art     : Explicit concurrent mark sweep GC freed 3(96B) AllocSpace objects, 0(0B) LOS objects, 40% free, 22MB/38MB, paused 219us total 16.090ms
08-04 12:30:07.285 10100 10122 I art     : Starting a blocking GC Explicit
08-04 12:30:07.302 10100 10122 I art     : Explicit concurrent mark sweep GC freed 3(96B) AllocSpace objects, 0(0B) LOS objects, 40% free, 22MB/38MB, paused 218us total 16.062ms
08-04 12:30:07.352 10717 10717 D AndroidRuntime: >>>>>> START com.android.internal.os.RuntimeInit uid 2000 <<<<<<
08-04 12:30:07.358 10717 10717 D AndroidRuntime: CheckJNI is OFF
08-04 12:30:07.392 10717 10717 D ICU     : No timezone override file found: /data/misc/zoneinfo/current/icu/icu_tzdata.dat
08-04 12:30:07.425 10717 10717 I Radio-JNI: register_android_hardware_Radio DONE
08-04 12:30:07.448 10717 10717 D AndroidRuntime: Calling main entry com.android.commands.input.Input
08-04 12:30:07.450 10717 10717 I Input   : injectMotionEvent: MotionEvent { action=ACTION_DOWN, actionButton=0, id[0]=0, x[0]=409.0, y[0]=1034.0, toolType[0]=TOOL_TYPE_UNKNOWN, buttonState=0, metaState=0, flags=0x0, edgeFlags=0x0, pointerCount=1, historySize=0, eventTime=707423863, downTime=707423863, deviceId=0, source=0x1002 }
08-04 12:30:07.455 10717 10717 I Input   : injectMotionEvent: MotionEvent { action=ACTION_UP, actionButton=0, id[0]=0, x[0]=409.0, y[0]=1034.0, toolType[0]=TOOL_TYPE_UNKNOWN, buttonState=0, metaState=0, flags=0x0, edgeFlags=0x0, pointerCount=1, historySize=0, eventTime=707423863, downTime=707423863, deviceId=0, source=0x1002 }
08-04 12:30:07.457 10717 10717 D AndroidRuntime: Shutting down VM
08-04 12:30:07.526 10100 10100 D MainActivity: loadFragment(index: 5, args: null)
08-04 12:30:07.527 10100 10100 D MainActivity: loadFragment(tag: AddFeedFragment, args: null)
08-04 12:30:07.528 10100 10100 D MainActivity: saveLastNavFragment(tag: AddFeedFragment)
08-04 12:30:07.530   512  2967 D audio_hw_primary: out_set_parameters: enter: usecase(1: low-latency-playback) kvpairs: routing=2
08-04 12:30:07.531 10100 10100 D MainActivity: getLastNavFragment() -> AddFeedFragment
08-04 12:30:07.543   512  2967 D audio_hw_primary: select_devices: out_snd_device(2: speaker) in_snd_device(0: none)
08-04 12:30:07.543   512  2967 D msm8974_platform: platform_send_audio_calibration: sending audio calibration for snd_device(2) acdb_id(15)
08-04 12:30:07.543   512  2967 I soundtrigger: audio_extn_sound_trigger_update_device_status: device 0x2 of type 0 for Event 1
08-04 12:30:07.553   512  2967 D audio_hw_primary: enable_snd_device: snd_device(2: speaker)
08-04 12:30:07.556   512  2967 D audio_hw_primary: enable_audio_route: apply and update mixer path: low-latency-playback speaker
08-04 12:30:07.573 10100 10112 I art     : Starting a blocking GC Explicit
08-04 12:30:07.593 10100 10112 I art     : Explicit concurrent mark sweep GC freed 3436(206KB) AllocSpace objects, 2(40KB) LOS objects, 40% free, 23MB/38MB, paused 355us total 19.457ms
08-04 12:30:07.602 10100 10112 I art     : Starting a blocking GC Explicit
08-04 12:30:07.617 10100 10112 I art     : Explicit concurrent mark sweep GC freed 988(59KB) AllocSpace objects, 2(56KB) LOS objects, 40% free, 22MB/38MB, paused 211us total 15.021ms
08-04 12:30:07.624 10100 10112 I art     : Starting a blocking GC Explicit
08-04 12:30:07.636 10100 10112 I art     : Explicit concurrent mark sweep GC freed 437(25KB) AllocSpace objects, 0(0B) LOS objects, 40% free, 22MB/38MB, paused 149us total 12.203ms
08-04 12:30:07.642 10100 10112 I art     : Starting a blocking GC Explicit
08-04 12:30:07.655 10100 10112 I art     : Explicit concurrent mark sweep GC freed 3(96B) AllocSpace objects, 0(0B) LOS objects, 40% free, 22MB/38MB, paused 152us total 12.163ms
08-04 12:30:07.662 10100 10112 I art     : Starting a blocking GC Explicit
08-04 12:30:07.674 10100 10112 I art     : Explicit concurrent mark sweep GC freed 3(96B) AllocSpace objects, 0(0B) LOS objects, 40% free, 22MB/38MB, paused 148us total 12.683ms
08-04 12:30:07.923 10100 10122 I art     : Starting a blocking GC Explicit
08-04 12:30:07.939 10100 10122 I art     : Explicit concurrent mark sweep GC freed 1410(82KB) AllocSpace objects, 1(20KB) LOS objects, 40% free, 22MB/38MB, paused 197us total 16.293ms
08-04 12:30:07.946 10100 10122 I art     : Starting a blocking GC Explicit
08-04 12:30:07.961 10100 10122 I art     : Explicit concurrent mark sweep GC freed 135(4KB) AllocSpace objects, 0(0B) LOS objects, 40% free, 22MB/38MB, paused 340us total 14.971ms
08-04 12:30:07.968 10100 10122 I art     : Starting a blocking GC Explicit
08-04 12:30:07.969 13866 13866 I GoogleInputMethodServic: GoogleInputMethodService.onFinishInput():3138 
08-04 12:30:07.970 13866 13866 I GoogleInputMethodServic: GoogleInputMethodService.onStartInput():1808 
08-04 12:30:07.981 10100 10122 I art     : Explicit concurrent mark sweep GC freed 45(1968B) AllocSpace objects, 0(0B) LOS objects, 40% free, 22MB/38MB, paused 160us total 12.646ms
08-04 12:30:07.987 10100 10122 I art     : Starting a blocking GC Explicit
08-04 12:30:07.999 10100 10122 I art     : Explicit concurrent mark sweep GC freed 77(4KB) AllocSpace objects, 0(0B) LOS objects, 40% free, 22MB/38MB, paused 154us total 11.593ms
08-04 12:30:08.005 10100 10122 I art     : Starting a blocking GC Explicit
08-04 12:30:08.016 10100 10122 I art     : Explicit concurrent mark sweep GC freed 3(96B) AllocSpace objects, 0(0B) LOS objects, 40% free, 22MB/38MB, paused 143us total 11.511ms
08-04 12:30:08.100   512  2967 D audio_hw_primary: disable_audio_route: reset and update mixer path: low-latency-playback speaker
08-04 12:30:08.101   512  2967 D audio_hw_primary: disable_snd_device: snd_device(2: speaker)
08-04 12:30:08.109   512  2967 I soundtrigger: audio_extn_sound_trigger_update_device_status: device 0x2 of type 0 for Event 0
08-04 12:30:08.303 10100 10122 I art     : Starting a blocking GC Explicit
08-04 12:30:08.320 10100 10122 I art     : Explicit concurrent mark sweep GC freed 1362(80KB) AllocSpace objects, 1(20KB) LOS objects, 40% free, 22MB/38MB, paused 165us total 16.421ms
08-04 12:30:08.329 10100 10122 I art     : Starting a blocking GC Explicit
08-04 12:30:08.345 10100 10122 I art     : Explicit concurrent mark sweep GC freed 25(816B) AllocSpace objects, 0(0B) LOS objects, 40% free, 22MB/38MB, paused 178us total 15.891ms
08-04 12:30:08.352 10100 10122 I art     : Starting a blocking GC Explicit
08-04 12:30:08.367 10100 10122 I art     : Explicit concurrent mark sweep GC freed 32(880B) AllocSpace objects, 0(0B) LOS objects, 40% free, 22MB/38MB, paused 188us total 14.207ms
08-04 12:30:08.373 10100 10122 I art     : Starting a blocking GC Explicit
08-04 12:30:08.385 10100 10122 I art     : Explicit concurrent mark sweep GC freed 5(160B) AllocSpace objects, 0(0B) LOS objects, 40% free, 22MB/38MB, paused 154us total 12.388ms
08-04 12:30:08.391 10100 10122 I art     : Starting a blocking GC Explicit
08-04 12:30:08.404 10100 10122 I art     : Explicit concurrent mark sweep GC freed 3(96B) AllocSpace objects, 0(0B) LOS objects, 40% free, 22MB/38MB, paused 152us total 12.074ms
08-04 12:30:08.675 10100 10112 I art     : Starting a blocking GC Explicit
08-04 12:30:08.696 10100 10112 I art     : Explicit concurrent mark sweep GC freed 1362(80KB) AllocSpace objects, 1(20KB) LOS objects, 40% free, 22MB/38MB, paused 195us total 20.127ms
08-04 12:30:08.704 10100 10112 I art     : Starting a blocking GC Explicit
08-04 12:30:08.721 10100 10112 I art     : Explicit concurrent mark sweep GC freed 23(752B) AllocSpace objects, 0(0B) LOS objects, 40% free, 22MB/38MB, paused 201us total 16.183ms
08-04 12:30:08.728 10100 10112 I art     : Starting a blocking GC Explicit
08-04 12:30:08.744 10100 10112 I art     : Explicit concurrent mark sweep GC freed 3(96B) AllocSpace objects, 0(0B) LOS objects, 40% free, 22MB/38MB, paused 201us total 15.387ms
08-04 12:30:08.751 10100 10112 I art     : Starting a blocking GC Explicit
08-04 12:30:08.768 10100 10112 I art     : Explicit concurrent mark sweep GC freed 3(96B) AllocSpace objects, 0(0B) LOS objects, 40% free, 22MB/38MB, paused 240us total 16.610ms
08-04 12:30:08.776 10100 10112 I art     : Starting a blocking GC Explicit
08-04 12:30:08.792 10100 10112 I art     : Explicit concurrent mark sweep GC freed 3(96B) AllocSpace objects, 0(0B) LOS objects, 40% free, 22MB/38MB, paused 215us total 16.275ms
08-04 12:30:09.046 13866 13882 I PeriodicStatsRunner: PeriodicStatsRunner.call():175 call()
08-04 12:30:09.047 13866 13882 I PeriodicStatsRunner: PeriodicStatsRunner.call():179 No submit PeriodicStats since input started.
08-04 12:30:09.059 10100 10113 I art     : Starting a blocking GC Explicit
08-04 12:30:09.076 10100 10113 I art     : Explicit concurrent mark sweep GC freed 1362(80KB) AllocSpace objects, 1(20KB) LOS objects, 40% free, 22MB/38MB, paused 230us total 17.518ms
08-04 12:30:09.084 10100 10113 I art     : Starting a blocking GC Explicit
08-04 12:30:09.101 10100 10113 I art     : Explicit concurrent mark sweep GC freed 23(752B) AllocSpace objects, 0(0B) LOS objects, 40% free, 22MB/38MB, paused 229us total 16.750ms
08-04 12:30:09.109 10100 10113 I art     : Starting a blocking GC Explicit
08-04 12:30:09.120 10781 10781 D AndroidRuntime: >>>>>> START com.android.internal.os.RuntimeInit uid 2000 <<<<<<
08-04 12:30:09.125 10781 10781 D AndroidRuntime: CheckJNI is OFF
08-04 12:30:09.126 10100 10113 I art     : Explicit concurrent mark sweep GC freed 3(96B) AllocSpace objects, 0(0B) LOS objects, 40% free, 22MB/38MB, paused 249us total 16.909ms
08-04 12:30:09.135 10100 10113 I art     : Starting a blocking GC Explicit
08-04 12:30:09.151 10100 10113 I art     : Explicit concurrent mark sweep GC freed 3(96B) AllocSpace objects, 0(0B) LOS objects, 40% free, 22MB/38MB, paused 220us total 16.188ms
08-04 12:30:09.159 10100 10113 I art     : Starting a blocking GC Explicit
08-04 12:30:09.163 10781 10781 D ICU     : No timezone override file found: /data/misc/zoneinfo/current/icu/icu_tzdata.dat
08-04 12:30:09.176 10100 10113 I art     : Explicit concurrent mark sweep GC freed 3(96B) AllocSpace objects, 0(0B) LOS objects, 40% free, 22MB/38MB, paused 211us total 16.601ms
08-04 12:30:09.199 10781 10781 I Radio-JNI: register_android_hardware_Radio DONE
08-04 12:30:09.220 10781 10781 D AndroidRuntime: Calling main entry com.android.commands.input.Input
08-04 12:30:09.222 10781 10781 I Input   : injectMotionEvent: MotionEvent { action=ACTION_DOWN, actionButton=0, id[0]=0, x[0]=567.0, y[0]=714.0, toolType[0]=TOOL_TYPE_UNKNOWN, buttonState=0, metaState=0, flags=0x0, edgeFlags=0x0, pointerCount=1, historySize=0, eventTime=707425635, downTime=707425635, deviceId=0, source=0x1002 }
08-04 12:30:09.227 10781 10781 I Input   : injectMotionEvent: MotionEvent { action=ACTION_UP, actionButton=0, id[0]=0, x[0]=567.0, y[0]=714.0, toolType[0]=TOOL_TYPE_UNKNOWN, buttonState=0, metaState=0, flags=0x0, edgeFlags=0x0, pointerCount=1, historySize=0, eventTime=707425635, downTime=707425635, deviceId=0, source=0x1002 }
08-04 12:30:09.232 10781 10781 D AndroidRuntime: Shutting down VM
08-04 12:30:09.248   512  2967 D audio_hw_primary: out_set_parameters: enter: usecase(1: low-latency-playback) kvpairs: routing=2
08-04 12:30:09.261   512  2967 D audio_hw_primary: select_devices: out_snd_device(2: speaker) in_snd_device(0: none)
08-04 12:30:09.261   512  2967 D msm8974_platform: platform_send_audio_calibration: sending audio calibration for snd_device(2) acdb_id(15)
08-04 12:30:09.261   512  2967 I soundtrigger: audio_extn_sound_trigger_update_device_status: device 0x2 of type 0 for Event 1
08-04 12:30:09.268 10100 10622 D AntennapodHttpClient: Creating new instance of HTTP client
08-04 12:30:09.270   512  2967 D audio_hw_primary: enable_snd_device: snd_device(2: speaker)
08-04 12:30:09.272   512  2967 D audio_hw_primary: enable_audio_route: apply and update mixer path: low-latency-playback speaker
08-04 12:30:09.280 13866 13866 I GoogleInputMethodServic: GoogleInputMethodService.onFinishInput():3138 
08-04 12:30:09.281 13866 13866 I GoogleInputMethodServic: GoogleInputMethodService.onStartInput():1808 
08-04 12:30:09.416 10100 10122 I art     : Starting a blocking GC Explicit
08-04 12:30:09.435 10100 10122 I art     : Explicit concurrent mark sweep GC freed 4697(302KB) AllocSpace objects, 1(20KB) LOS objects, 40% free, 23MB/39MB, paused 270us total 19.078ms
08-04 12:30:09.443 10100 10122 I art     : Starting a blocking GC Explicit
08-04 12:30:09.459 10100 10122 I art     : Explicit concurrent mark sweep GC freed 1663(84KB) AllocSpace objects, 1(220KB) LOS objects, 40% free, 23MB/38MB, paused 269us total 16.450ms
08-04 12:30:09.468 10100 10122 I art     : Starting a blocking GC Explicit
08-04 12:30:09.484 10100 10122 I art     : Explicit concurrent mark sweep GC freed 748(61KB) AllocSpace objects, 2(120KB) LOS objects, 40% free, 23MB/39MB, paused 421us total 16.426ms
08-04 12:30:09.492 10100 10122 I art     : Starting a blocking GC Explicit
08-04 12:30:09.510 10100 10122 I art     : Explicit concurrent mark sweep GC freed 3141(165KB) AllocSpace objects, 0(0B) LOS objects, 40% free, 23MB/39MB, paused 252us total 17.776ms
08-04 12:30:09.518 10100 10122 I art     : Starting a blocking GC Explicit
08-04 12:30:09.537 10100 10122 I art     : Explicit concurrent mark sweep GC freed 4202(254KB) AllocSpace objects, 1(80KB) LOS objects, 40% free, 23MB/39MB, paused 353us total 18.267ms
08-04 12:30:09.680 10100 10622 I NAPPA_EXPERIMENTATION: MetricNetworkRequestExecutionTime: REQUEST_DURATION_SYSTEM='398',REQUEST_DURATION_OKHTTP='151',REQUEST_SYNCHRONOUS='TRUE',RESPONSE_CODE='400',RESPONSE_METHOD='GET',RESPONSE_LENGTH_OKHTTP='0',RESPONSE_LENGTH_HEADER='0',REQUEST_PROTOCOL='h2',REQUEST_URL='https://itunes.apple.com/en/rss/toppodcasts/limit=25/explicit=true/json',
08-04 12:30:09.777 10100 10112 I art     : Starting a blocking GC Explicit
08-04 12:30:09.797 10100 10112 I art     : Explicit concurrent mark sweep GC freed 1933(119KB) AllocSpace objects, 1(20KB) LOS objects, 40% free, 23MB/39MB, paused 417us total 19.506ms
08-04 12:30:09.805 10100 10112 I art     : Starting a blocking GC Explicit
08-04 12:30:09.816 10100 10622 I NAPPA_EXPERIMENTATION: MetricNetworkRequestExecutionTime: REQUEST_DURATION_SYSTEM='134',REQUEST_DURATION_OKHTTP='133',REQUEST_SYNCHRONOUS='TRUE',RESPONSE_CODE='200',RESPONSE_METHOD='GET',RESPONSE_LENGTH_OKHTTP='-1',RESPONSE_LENGTH_HEADER='10075',REQUEST_PROTOCOL='h2',REQUEST_URL='https://itunes.apple.com/us/rss/toppodcasts/limit=25/explicit=true/json',
08-04 12:30:09.820   512  2967 D audio_hw_primary: disable_audio_route: reset and update mixer path: low-latency-playback speaker
08-04 12:30:09.821   512  2967 D audio_hw_primary: disable_snd_device: snd_device(2: speaker)
08-04 12:30:09.823 10100 10112 I art     : Explicit concurrent mark sweep GC freed 393(28KB) AllocSpace objects, 0(0B) LOS objects, 40% free, 23MB/39MB, paused 296us total 18.476ms
08-04 12:30:09.832 10100 10112 I art     : Starting a blocking GC Explicit
08-04 12:30:09.832   512  2967 I soundtrigger: audio_extn_sound_trigger_update_device_status: device 0x2 of type 0 for Event 0
08-04 12:30:09.852 10100 10112 I art     : Explicit concurrent mark sweep GC freed 2308(158KB) AllocSpace objects, 3(252KB) LOS objects, 40% free, 23MB/39MB, paused 289us total 19.821ms
08-04 12:30:09.860 10100 10112 I art     : Starting a blocking GC Explicit
08-04 12:30:09.880 10100 10112 I art     : Explicit concurrent mark sweep GC freed 6039(276KB) AllocSpace objects, 1(100KB) LOS objects, 40% free, 23MB/39MB, paused 1.173ms total 20.175ms
08-04 12:30:09.887 10100 10100 D AntennapodHttpClient: Creating new instance of HTTP client
08-04 12:30:09.888 10100 10112 I art     : Starting a blocking GC Explicit
08-04 12:30:09.902 10100 10832 D ApOkHttpUrlLoader: buildLoadData() called with: model = [https://is4-ssl.mzstatic.com/image/thumb/Podcasts114/v4/3f/16/74/3f167426-bf50-ce3a-d709-e4301620fc5b/mza_5832671293059882550.jpeg/170x170bb.png], width = [224], height = [224]
08-04 12:30:09.906 10100 10833 D ApOkHttpUrlLoader: buildLoadData() called with: model = [https://is4-ssl.mzstatic.com/image/thumb/Podcasts113/v4/e5/8a/10/e58a108f-f5d0-f622-c94a-13f66edd570c/mza_3025981348644196724.jpg/170x170bb.png], width = [224], height = [224]
08-04 12:30:09.909 10100 10834 D DBReader: getImageAuthentication() called with: imageUrl = [https://is4-ssl.mzstatic.com/image/thumb/Podcasts114/v4/3f/16/74/3f167426-bf50-ce3a-d709-e4301620fc5b/mza_5832671293059882550.jpeg/170x170bb.png]
08-04 12:30:09.909 10100 10835 D DBReader: getImageAuthentication() called with: imageUrl = [https://is4-ssl.mzstatic.com/image/thumb/Podcasts113/v4/e5/8a/10/e58a108f-f5d0-f622-c94a-13f66edd570c/mza_3025981348644196724.jpg/170x170bb.png]
08-04 12:30:09.912 10100 10112 I art     : Explicit concurrent mark sweep GC freed 1626(139KB) AllocSpace objects, 0(0B) LOS objects, 39% free, 24MB/40MB, paused 1.089ms total 22.823ms
08-04 12:30:09.912 10100 10834 D ApOkHttpUrlLoader: no credentials for 'https://is4-ssl.mzstatic.com/image/thumb/Podcasts114/v4/3f/16/74/3f167426-bf50-ce3a-d709-e4301620fc5b/mza_5832671293059882550.jpeg/170x170bb.png'
08-04 12:30:09.912 10100 10835 D ApOkHttpUrlLoader: no credentials for 'https://is4-ssl.mzstatic.com/image/thumb/Podcasts113/v4/e5/8a/10/e58a108f-f5d0-f622-c94a-13f66edd570c/mza_3025981348644196724.jpg/170x170bb.png'
08-04 12:30:09.912 10100 10836 D ApOkHttpUrlLoader: buildLoadData() called with: model = [https://is2-ssl.mzstatic.com/image/thumb/Podcasts113/v4/a9/39/cc/a939ccc5-6d60-0c11-0a4c-16d71cdef89b/mza_8787577209688278658.jpg/170x170bb.png], width = [224], height = [224]
08-04 12:30:09.914 10100 10837 D DBReader: getImageAuthentication() called with: imageUrl = [https://is2-ssl.mzstatic.com/image/thumb/Podcasts113/v4/a9/39/cc/a939ccc5-6d60-0c11-0a4c-16d71cdef89b/mza_8787577209688278658.jpg/170x170bb.png]
08-04 12:30:09.916 10100 10837 D ApOkHttpUrlLoader: no credentials for 'https://is2-ssl.mzstatic.com/image/thumb/Podcasts113/v4/a9/39/cc/a939ccc5-6d60-0c11-0a4c-16d71cdef89b/mza_8787577209688278658.jpg/170x170bb.png'
08-04 12:30:09.916 10100 10838 D ApOkHttpUrlLoader: buildLoadData() called with: model = [https://is5-ssl.mzstatic.com/image/thumb/Podcasts114/v4/93/cf/99/93cf9960-fff3-205e-6655-72c03ddeccb2/mza_10545582232493904175.jpeg/170x170bb.png], width = [224], height = [224]
08-04 12:30:09.918 10100 10832 D ApOkHttpUrlLoader: buildLoadData() called with: model = [https://is4-ssl.mzstatic.com/image/thumb/Podcasts124/v4/49/a4/91/49a491b7-3daf-c5dc-d7c6-6c4f1486955c/mza_5930014091766152297.png/170x170bb.png], width = [224], height = [224]
08-04 12:30:09.918 10100 10839 D DBReader: getImageAuthentication() called with: imageUrl = [https://is5-ssl.mzstatic.com/image/thumb/Podcasts114/v4/93/cf/99/93cf9960-fff3-205e-6655-72c03ddeccb2/mza_10545582232493904175.jpeg/170x170bb.png]
08-04 12:30:09.919 10100 10839 D ApOkHttpUrlLoader: no credentials for 'https://is5-ssl.mzstatic.com/image/thumb/Podcasts114/v4/93/cf/99/93cf9960-fff3-205e-6655-72c03ddeccb2/mza_10545582232493904175.jpeg/170x170bb.png'
08-04 12:30:09.920 10100 10840 D DBReader: getImageAuthentication() called with: imageUrl = [https://is4-ssl.mzstatic.com/image/thumb/Podcasts124/v4/49/a4/91/49a491b7-3daf-c5dc-d7c6-6c4f1486955c/mza_5930014091766152297.png/170x170bb.png]
08-04 12:30:09.921 10100 10833 D ApOkHttpUrlLoader: buildLoadData() called with: model = [https://is5-ssl.mzstatic.com/image/thumb/Podcasts113/v4/fd/54/6e/fd546ea0-7ab2-e3f0-6049-884d82917af9/mza_4855349695799758348.jpeg/170x170bb.png], width = [224], height = [224]
08-04 12:30:09.923 10100 10840 D ApOkHttpUrlLoader: no credentials for 'https://is4-ssl.mzstatic.com/image/thumb/Podcasts124/v4/49/a4/91/49a491b7-3daf-c5dc-d7c6-6c4f1486955c/mza_5930014091766152297.png/170x170bb.png'
08-04 12:30:09.924 10100 10844 D DBReader: getImageAuthentication() called with: imageUrl = [https://is5-ssl.mzstatic.com/image/thumb/Podcasts113/v4/fd/54/6e/fd546ea0-7ab2-e3f0-6049-884d82917af9/mza_4855349695799758348.jpeg/170x170bb.png]
08-04 12:30:09.925 10100 10836 D ApOkHttpUrlLoader: buildLoadData() called with: model = [https://is2-ssl.mzstatic.com/image/thumb/Podcasts114/v4/b3/4c/cf/b34ccfc2-cea4-1ca1-0fad-7793af301cc5/mza_2466085192629456364.jpg/170x170bb.png], width = [224], height = [224]
08-04 12:30:09.926 10100 10844 D ApOkHttpUrlLoader: no credentials for 'https://is5-ssl.mzstatic.com/image/thumb/Podcasts113/v4/fd/54/6e/fd546ea0-7ab2-e3f0-6049-884d82917af9/mza_4855349695799758348.jpeg/170x170bb.png'
08-04 12:30:09.927 10100 10845 D DBReader: getImageAuthentication() called with: imageUrl = [https://is2-ssl.mzstatic.com/image/thumb/Podcasts114/v4/b3/4c/cf/b34ccfc2-cea4-1ca1-0fad-7793af301cc5/mza_2466085192629456364.jpg/170x170bb.png]
08-04 12:30:09.929 10100 10845 D ApOkHttpUrlLoader: no credentials for 'https://is2-ssl.mzstatic.com/image/thumb/Podcasts114/v4/b3/4c/cf/b34ccfc2-cea4-1ca1-0fad-7793af301cc5/mza_2466085192629456364.jpg/170x170bb.png'
08-04 12:30:10.173 10100 10113 I art     : Starting a blocking GC Explicit
08-04 12:30:10.198 10100 10113 I art     : Explicit concurrent mark sweep GC freed 31288(1603KB) AllocSpace objects, 4(220KB) LOS objects, 39% free, 24MB/40MB, paused 741us total 24.467ms
08-04 12:30:10.206 10100 10113 I art     : Starting a blocking GC Explicit
08-04 12:30:10.229 10100 10113 I art     : Explicit concurrent mark sweep GC freed 1673(143KB) AllocSpace objects, 0(0B) LOS objects, 39% free, 24MB/40MB, paused 680us total 22.600ms
08-04 12:30:10.238 10100 10113 I art     : Starting a blocking GC Explicit
08-04 12:30:10.260 10100 10113 I art     : Explicit concurrent mark sweep GC freed 3(96B) AllocSpace objects, 0(0B) LOS objects, 39% free, 24MB/40MB, paused 723us total 22.327ms
08-04 12:30:10.269 10100 10113 I art     : Starting a blocking GC Explicit
08-04 12:30:10.292 10100 10113 I art     : Explicit concurrent mark sweep GC freed 3(96B) AllocSpace objects, 0(0B) LOS objects, 39% free, 24MB/40MB, paused 728us total 23.084ms
08-04 12:30:10.301 10100 10113 I art     : Starting a blocking GC Explicit
08-04 12:30:10.322 10100 10837 D MYTAG   : interceptor 2a
08-04 12:30:10.324 10100 10837 I NAPPA_EXPERIMENTATION: MetricNetworkRequestExecutionTime: REQUEST_DURATION_SYSTEM='406',REQUEST_DURATION_OKHTTP='202',REQUEST_SYNCHRONOUS='TRUE',RESPONSE_CODE='200',RESPONSE_METHOD='GET',RESPONSE_LENGTH_OKHTTP='48239',RESPONSE_LENGTH_HEADER='48239',REQUEST_PROTOCOL='h2',REQUEST_URL='https://is2-ssl.mzstatic.com/image/thumb/Podcasts113/v4/a9/39/cc/a939ccc5-6d60-0c11-0a4c-16d71cdef89b/mza_8787577209688278658.jpg/170x170bb.png',
08-04 12:30:10.324 10100 10113 I art     : Explicit concurrent mark sweep GC freed 232(17KB) AllocSpace objects, 0(0B) LOS objects, 39% free, 24MB/40MB, paused 987us total 22.999ms
08-04 12:30:10.367 10100 10845 D MYTAG   : interceptor 2a
08-04 12:30:10.368 10100 10845 I NAPPA_EXPERIMENTATION: MetricNetworkRequestExecutionTime: REQUEST_DURATION_SYSTEM='438',REQUEST_DURATION_OKHTTP='236',REQUEST_SYNCHRONOUS='TRUE',RESPONSE_CODE='200',RESPONSE_METHOD='GET',RESPONSE_LENGTH_OKHTTP='42299',RESPONSE_LENGTH_HEADER='42299',REQUEST_PROTOCOL='h2',REQUEST_URL='https://is2-ssl.mzstatic.com/image/thumb/Podcasts114/v4/b3/4c/cf/b34ccfc2-cea4-1ca1-0fad-7793af301cc5/mza_2466085192629456364.jpg/170x170bb.png',
08-04 12:30:10.377 10100 10839 D MYTAG   : interceptor 2a
08-04 12:30:10.377 10100 10839 I NAPPA_EXPERIMENTATION: MetricNetworkRequestExecutionTime: REQUEST_DURATION_SYSTEM='457',REQUEST_DURATION_OKHTTP='244',REQUEST_SYNCHRONOUS='TRUE',RESPONSE_CODE='200',RESPONSE_METHOD='GET',RESPONSE_LENGTH_OKHTTP='22351',RESPONSE_LENGTH_HEADER='22351',REQUEST_PROTOCOL='h2',REQUEST_URL='https://is5-ssl.mzstatic.com/image/thumb/Podcasts114/v4/93/cf/99/93cf9960-fff3-205e-6655-72c03ddeccb2/mza_10545582232493904175.jpeg/170x170bb.png',
08-04 12:30:10.384 10100 10834 D MYTAG   : interceptor 2a
08-04 12:30:10.385 10100 10834 I NAPPA_EXPERIMENTATION: MetricNetworkRequestExecutionTime: REQUEST_DURATION_SYSTEM='472',REQUEST_DURATION_OKHTTP='243',REQUEST_SYNCHRONOUS='TRUE',RESPONSE_CODE='200',RESPONSE_METHOD='GET',RESPONSE_LENGTH_OKHTTP='26177',RESPONSE_LENGTH_HEADER='26177',REQUEST_PROTOCOL='h2',REQUEST_URL='https://is4-ssl.mzstatic.com/image/thumb/Podcasts114/v4/3f/16/74/3f167426-bf50-ce3a-d709-e4301620fc5b/mza_5832671293059882550.jpeg/170x170bb.png',
08-04 12:30:10.390 10100 10844 D MYTAG   : interceptor 2a
08-04 12:30:10.390 10100 10844 I NAPPA_EXPERIMENTATION: MetricNetworkRequestExecutionTime: REQUEST_DURATION_SYSTEM='464',REQUEST_DURATION_OKHTTP='251',REQUEST_SYNCHRONOUS='TRUE',RESPONSE_CODE='200',RESPONSE_METHOD='GET',RESPONSE_LENGTH_OKHTTP='54835',RESPONSE_LENGTH_HEADER='54835',REQUEST_PROTOCOL='h2',REQUEST_URL='https://is5-ssl.mzstatic.com/image/thumb/Podcasts113/v4/fd/54/6e/fd546ea0-7ab2-e3f0-6049-884d82917af9/mza_4855349695799758348.jpeg/170x170bb.png',
08-04 12:30:10.406 10100 10840 D MYTAG   : interceptor 2a
08-04 12:30:10.407 10100 10840 I NAPPA_EXPERIMENTATION: MetricNetworkRequestExecutionTime: REQUEST_DURATION_SYSTEM='483',REQUEST_DURATION_OKHTTP='268',REQUEST_SYNCHRONOUS='TRUE',RESPONSE_CODE='200',RESPONSE_METHOD='GET',RESPONSE_LENGTH_OKHTTP='12000',RESPONSE_LENGTH_HEADER='12000',REQUEST_PROTOCOL='h2',REQUEST_URL='https://is4-ssl.mzstatic.com/image/thumb/Podcasts124/v4/49/a4/91/49a491b7-3daf-c5dc-d7c6-6c4f1486955c/mza_5930014091766152297.png/170x170bb.png',
08-04 12:30:10.411 10100 10835 D MYTAG   : interceptor 2a
08-04 12:30:10.411 10100 10835 I NAPPA_EXPERIMENTATION: MetricNetworkRequestExecutionTime: REQUEST_DURATION_SYSTEM='499',REQUEST_DURATION_OKHTTP='269',REQUEST_SYNCHRONOUS='TRUE',RESPONSE_CODE='200',RESPONSE_METHOD='GET',RESPONSE_LENGTH_OKHTTP='45995',RESPONSE_LENGTH_HEADER='45995',REQUEST_PROTOCOL='h2',REQUEST_URL='https://is4-ssl.mzstatic.com/image/thumb/Podcasts113/v4/e5/8a/10/e58a108f-f5d0-f622-c94a-13f66edd570c/mza_3025981348644196724.jpg/170x170bb.png',
08-04 12:30:10.602 10100 10122 I art     : Starting a blocking GC Explicit
08-04 12:30:10.631 10100 10122 I art     : Explicit concurrent mark sweep GC freed 4675(285KB) AllocSpace objects, 1(20KB) LOS objects, 38% free, 26MB/42MB, paused 560us total 28.750ms
08-04 12:30:10.644 10100 10122 I art     : Starting a blocking GC Explicit
08-04 12:30:10.666 10100 10122 I art     : Explicit concurrent mark sweep GC freed 43(2096B) AllocSpace objects, 0(0B) LOS objects, 38% free, 26MB/42MB, paused 531us total 22.402ms
08-04 12:30:10.675 10100 10122 I art     : Starting a blocking GC Explicit
08-04 12:30:10.696 10100 10122 I art     : Explicit concurrent mark sweep GC freed 3(96B) AllocSpace objects, 0(0B) LOS objects, 38% free, 26MB/42MB, paused 532us total 21.190ms
08-04 12:30:10.705 10100 10122 I art     : Starting a blocking GC Explicit
08-04 12:30:10.728 10100 10122 I art     : Explicit concurrent mark sweep GC freed 3(96B) AllocSpace objects, 0(0B) LOS objects, 38% free, 26MB/42MB, paused 556us total 22.549ms
08-04 12:30:10.737 10100 10122 I art     : Starting a blocking GC Explicit
08-04 12:30:10.749 13866 13882 I PeriodicStatsRunner: PeriodicStatsRunner.call():175 call()
08-04 12:30:10.749 13866 13882 I PeriodicStatsRunner: PeriodicStatsRunner.call():179 No submit PeriodicStats since input started.
08-04 12:30:10.759 10100 10122 I art     : Explicit concurrent mark sweep GC freed 3(96B) AllocSpace objects, 0(0B) LOS objects, 38% free, 26MB/42MB, paused 521us total 22.235ms
08-04 12:30:11.076 10100 10113 I art     : Starting a blocking GC Explicit
08-04 12:30:11.109 10100 10113 I art     : Explicit concurrent mark sweep GC freed 1363(80KB) AllocSpace objects, 1(20KB) LOS objects, 38% free, 26MB/42MB, paused 645us total 32.058ms
08-04 12:30:11.120 10100 10113 I art     : Starting a blocking GC Explicit
08-04 12:30:11.143 10100 10113 I art     : Explicit concurrent mark sweep GC freed 23(752B) AllocSpace objects, 0(0B) LOS objects, 38% free, 26MB/42MB, paused 531us total 22.051ms
08-04 12:30:11.152 10100 10113 I art     : Starting a blocking GC Explicit
08-04 12:30:11.175 10100 10113 I art     : Explicit concurrent mark sweep GC freed 3(96B) AllocSpace objects, 0(0B) LOS objects, 38% free, 26MB/42MB, paused 525us total 22.766ms
08-04 12:30:11.183 10100 10113 I art     : Starting a blocking GC Explicit
08-04 12:30:11.206 10100 10113 I art     : Explicit concurrent mark sweep GC freed 3(96B) AllocSpace objects, 0(0B) LOS objects, 38% free, 26MB/42MB, paused 537us total 22.887ms
08-04 12:30:11.215 10100 10113 I art     : Starting a blocking GC Explicit
08-04 12:30:11.238 10100 10113 I art     : Explicit concurrent mark sweep GC freed 3(96B) AllocSpace objects, 0(0B) LOS objects, 38% free, 26MB/42MB, paused 540us total 22.296ms
08-04 12:30:11.559 10100 10113 I art     : Starting a blocking GC Explicit
08-04 12:30:11.584 10100 10113 I art     : Explicit concurrent mark sweep GC freed 1407(81KB) AllocSpace objects, 1(20KB) LOS objects, 38% free, 26MB/42MB, paused 497us total 24.619ms
08-04 12:30:11.595 10100 10113 I art     : Starting a blocking GC Explicit
08-04 12:30:11.618 10100 10113 I art     : Explicit concurrent mark sweep GC freed 27(880B) AllocSpace objects, 0(0B) LOS objects, 38% free, 26MB/42MB, paused 504us total 23.267ms
08-04 12:30:11.628 10100 10113 I art     : Starting a blocking GC Explicit
08-04 12:30:11.650 10100 10113 I art     : Explicit concurrent mark sweep GC freed 7(224B) AllocSpace objects, 0(0B) LOS objects, 38% free, 26MB/42MB, paused 498us total 20.988ms
08-04 12:30:11.659 10100 10113 I art     : Starting a blocking GC Explicit
08-04 12:30:11.682 10100 10113 I art     : Explicit concurrent mark sweep GC freed 6(192B) AllocSpace objects, 0(0B) LOS objects, 38% free, 26MB/42MB, paused 486us total 22.202ms
08-04 12:30:11.691 10100 10113 I art     : Starting a blocking GC Explicit
08-04 12:30:11.713 10100 10113 I art     : Explicit concurrent mark sweep GC freed 7(224B) AllocSpace objects, 0(0B) LOS objects, 38% free, 26MB/42MB, paused 485us total 21.934ms
08-04 12:30:12.021 10100 10122 I art     : Starting a blocking GC Explicit
08-04 12:30:12.050 10100 10122 I art     : Explicit concurrent mark sweep GC freed 1363(80KB) AllocSpace objects, 1(20KB) LOS objects, 38% free, 26MB/42MB, paused 532us total 28.139ms
08-04 12:30:12.062 10100 10122 I art     : Starting a blocking GC Explicit
08-04 12:30:12.085 10100 10122 I art     : Explicit concurrent mark sweep GC freed 23(752B) AllocSpace objects, 0(0B) LOS objects, 38% free, 26MB/42MB, paused 524us total 22.650ms
08-04 12:30:12.093 10100 10122 I art     : Starting a blocking GC Explicit
08-04 12:30:12.115 10100 10122 I art     : Explicit concurrent mark sweep GC freed 3(96B) AllocSpace objects, 0(0B) LOS objects, 38% free, 26MB/42MB, paused 508us total 21.774ms
08-04 12:30:12.124 10100 10122 I art     : Starting a blocking GC Explicit
08-04 12:30:12.146 10100 10122 I art     : Explicit concurrent mark sweep GC freed 3(96B) AllocSpace objects, 0(0B) LOS objects, 38% free, 26MB/42MB, paused 515us total 22.079ms
08-04 12:30:12.155 10100 10122 I art     : Starting a blocking GC Explicit
08-04 12:30:12.178 10100 10122 I art     : Explicit concurrent mark sweep GC freed 3(96B) AllocSpace objects, 0(0B) LOS objects, 38% free, 26MB/42MB, paused 568us total 22.569ms
08-04 12:30:12.495 10100 10112 I art     : Starting a blocking GC Explicit
08-04 12:30:12.523 10100 10112 I art     : Explicit concurrent mark sweep GC freed 1392(80KB) AllocSpace objects, 1(20KB) LOS objects, 38% free, 26MB/42MB, paused 570us total 28.247ms
08-04 12:30:12.535   518   646 I ThermalEngine: ACTION: GPU - Setting GPU[0] to 600000000
08-04 12:30:12.536 10100 10112 I art     : Starting a blocking GC Explicit
08-04 12:30:12.559 10100 10112 I art     : Explicit concurrent mark sweep GC freed 23(752B) AllocSpace objects, 0(0B) LOS objects, 38% free, 26MB/42MB, paused 539us total 22.646ms
08-04 12:30:12.568 10100 10112 I art     : Starting a blocking GC Explicit
08-04 12:30:12.588 10100 10112 I art     : Explicit concurrent mark sweep GC freed 3(96B) AllocSpace objects, 0(0B) LOS objects, 38% free, 26MB/42MB, paused 444us total 20.702ms
08-04 12:30:12.596 10100 10112 I art     : Starting a blocking GC Explicit
08-04 12:30:12.615 10100 10112 I art     : Explicit concurrent mark sweep GC freed 3(96B) AllocSpace objects, 0(0B) LOS objects, 38% free, 26MB/42MB, paused 393us total 18.601ms
08-04 12:30:12.622 10100 10112 I art     : Starting a blocking GC Explicit
08-04 12:30:12.640 10100 10112 I art     : Explicit concurrent mark sweep GC freed 3(96B) AllocSpace objects, 0(0B) LOS objects, 38% free, 26MB/42MB, paused 380us total 17.780ms
08-04 12:30:12.927  9378  9378 I ServiceManager: Waiting for service AtCmdFwd...
08-04 12:30:12.956 10100 10113 I art     : Starting a blocking GC Explicit
08-04 12:30:12.970 13866 13882 I PeriodicStatsRunner: PeriodicStatsRunner.call():175 call()
08-04 12:30:12.970 13866 13882 I PeriodicStatsRunner: PeriodicStatsRunner.call():179 No submit PeriodicStats since input started.
08-04 12:30:12.975 10100 10113 I art     : Explicit concurrent mark sweep GC freed 1363(80KB) AllocSpace objects, 1(20KB) LOS objects, 38% free, 26MB/42MB, paused 387us total 19.219ms
08-04 12:30:12.983 10100 10113 I art     : Starting a blocking GC Explicit
08-04 12:30:13.001 10100 10113 I art     : Explicit concurrent mark sweep GC freed 23(752B) AllocSpace objects, 0(0B) LOS objects, 38% free, 26MB/42MB, paused 390us total 18.407ms
08-04 12:30:13.009 10100 10113 I art     : Starting a blocking GC Explicit
08-04 12:30:13.027 10100 10113 I art     : Explicit concurrent mark sweep GC freed 3(96B) AllocSpace objects, 0(0B) LOS objects, 38% free, 26MB/42MB, paused 420us total 17.549ms
08-04 12:30:13.033 10100 10113 I art     : Starting a blocking GC Explicit
08-04 12:30:13.051 10100 10113 I art     : Explicit concurrent mark sweep GC freed 3(96B) AllocSpace objects, 0(0B) LOS objects, 38% free, 26MB/42MB, paused 382us total 17.578ms
08-04 12:30:13.058 10100 10113 I art     : Starting a blocking GC Explicit
08-04 12:30:13.076 10100 10113 I art     : Explicit concurrent mark sweep GC freed 3(96B) AllocSpace objects, 0(0B) LOS objects, 38% free, 26MB/42MB, paused 395us total 17.737ms
08-04 12:30:13.381 10100 10122 I art     : Starting a blocking GC Explicit
08-04 12:30:13.407 10100 10122 I art     : Explicit concurrent mark sweep GC freed 1392(80KB) AllocSpace objects, 1(20KB) LOS objects, 38% free, 26MB/42MB, paused 552us total 25.982ms
08-04 12:30:13.418 10100 10122 I art     : Starting a blocking GC Explicit
08-04 12:30:13.436 10100 10122 I art     : Explicit concurrent mark sweep GC freed 23(752B) AllocSpace objects, 0(0B) LOS objects, 38% free, 26MB/42MB, paused 383us total 17.407ms
08-04 12:30:13.442 10100 10122 I art     : Starting a blocking GC Explicit
08-04 12:30:13.460 10100 10122 I art     : Explicit concurrent mark sweep GC freed 3(96B) AllocSpace objects, 0(0B) LOS objects, 38% free, 26MB/42MB, paused 358us total 17.234ms
08-04 12:30:13.466 10100 10122 I art     : Starting a blocking GC Explicit
08-04 12:30:13.484 10100 10122 I art     : Explicit concurrent mark sweep GC freed 3(96B) AllocSpace objects, 0(0B) LOS objects, 38% free, 26MB/42MB, paused 384us total 17.020ms
08-04 12:30:13.490 10100 10122 I art     : Starting a blocking GC Explicit
08-04 12:30:13.508 10100 10122 I art     : Explicit concurrent mark sweep GC freed 3(96B) AllocSpace objects, 0(0B) LOS objects, 38% free, 26MB/42MB, paused 377us total 17.245ms
08-04 12:30:13.818 10100 10112 I art     : Starting a blocking GC Explicit
08-04 12:30:13.842 10100 10112 I art     : Explicit concurrent mark sweep GC freed 1363(80KB) AllocSpace objects, 1(20KB) LOS objects, 38% free, 26MB/42MB, paused 436us total 23.281ms
08-04 12:30:13.850 10100 10112 I art     : Starting a blocking GC Explicit
08-04 12:30:13.869 10100 10112 I art     : Explicit concurrent mark sweep GC freed 23(752B) AllocSpace objects, 0(0B) LOS objects, 38% free, 26MB/42MB, paused 387us total 17.935ms
08-04 12:30:13.875 10100 10112 I art     : Starting a blocking GC Explicit
08-04 12:30:13.894 10100 10112 I art     : Explicit concurrent mark sweep GC freed 3(96B) AllocSpace objects, 0(0B) LOS objects, 38% free, 26MB/42MB, paused 387us total 17.984ms
08-04 12:30:13.901 10100 10112 I art     : Starting a blocking GC Explicit
08-04 12:30:13.919 10100 10112 I art     : Explicit concurrent mark sweep GC freed 3(96B) AllocSpace objects, 0(0B) LOS objects, 38% free, 26MB/42MB, paused 389us total 17.922ms
08-04 12:30:13.926 10100 10112 I art     : Starting a blocking GC Explicit
08-04 12:30:13.928  9378  9378 I ServiceManager: Waiting for service AtCmdFwd...
08-04 12:30:13.944 10100 10112 I art     : Explicit concurrent mark sweep GC freed 3(96B) AllocSpace objects, 0(0B) LOS objects, 38% free, 26MB/42MB, paused 377us total 17.783ms
08-04 12:30:14.260 10100 10113 I art     : Starting a blocking GC Explicit
08-04 12:30:14.280 13866 13882 I PeriodicStatsRunner: PeriodicStatsRunner.call():175 call()
08-04 12:30:14.281 13866 13882 I PeriodicStatsRunner: PeriodicStatsRunner.call():179 No submit PeriodicStats since input started.
08-04 12:30:14.282 10100 10113 I art     : Explicit concurrent mark sweep GC freed 1363(80KB) AllocSpace objects, 1(20KB) LOS objects, 38% free, 26MB/42MB, paused 479us total 21.675ms
08-04 12:30:14.293 10100 10113 I art     : Starting a blocking GC Explicit
08-04 12:30:14.311 10100 10113 I art     : Explicit concurrent mark sweep GC freed 23(752B) AllocSpace objects, 0(0B) LOS objects, 38% free, 26MB/42MB, paused 403us total 17.193ms
08-04 12:30:14.317 10100 10113 I art     : Starting a blocking GC Explicit
08-04 12:30:14.334 10100 10113 I art     : Explicit concurrent mark sweep GC freed 3(96B) AllocSpace objects, 0(0B) LOS objects, 38% free, 26MB/42MB, paused 373us total 16.592ms
08-04 12:30:14.341 10100 10113 I art     : Starting a blocking GC Explicit
08-04 12:30:14.358 10100 10113 I art     : Explicit concurrent mark sweep GC freed 31(848B) AllocSpace objects, 0(0B) LOS objects, 38% free, 26MB/42MB, paused 424us total 16.925ms
08-04 12:30:14.365 10100 10113 I art     : Starting a blocking GC Explicit
08-04 12:30:14.382 10100 10113 I art     : Explicit concurrent mark sweep GC freed 4(128B) AllocSpace objects, 0(0B) LOS objects, 38% free, 26MB/42MB, paused 385us total 17.352ms
08-04 12:30:14.701 10100 10122 I art     : Starting a blocking GC Explicit
08-04 12:30:14.727 10100 10122 I art     : Explicit concurrent mark sweep GC freed 1363(80KB) AllocSpace objects, 1(20KB) LOS objects, 38% free, 26MB/42MB, paused 456us total 25.695ms
08-04 12:30:14.738 10100 10122 I art     : Starting a blocking GC Explicit
08-04 12:30:14.758 10100 10122 I art     : Explicit concurrent mark sweep GC freed 23(752B) AllocSpace objects, 0(0B) LOS objects, 38% free, 26MB/42MB, paused 412us total 19.192ms
08-04 12:30:14.765 10100 10122 I art     : Starting a blocking GC Explicit
08-04 12:30:14.783 10100 10122 I art     : Explicit concurrent mark sweep GC freed 3(96B) AllocSpace objects, 0(0B) LOS objects, 38% free, 26MB/42MB, paused 394us total 18.250ms
08-04 12:30:14.790 10100 10122 I art     : Starting a blocking GC Explicit
08-04 12:30:14.808 10100 10122 I art     : Explicit concurrent mark sweep GC freed 3(96B) AllocSpace objects, 0(0B) LOS objects, 38% free, 26MB/42MB, paused 384us total 17.670ms
08-04 12:30:14.815 10100 10122 I art     : Starting a blocking GC Explicit
08-04 12:30:14.832 10100 10122 I art     : Explicit concurrent mark sweep GC freed 3(96B) AllocSpace objects, 0(0B) LOS objects, 38% free, 26MB/42MB, paused 363us total 17.187ms
08-04 12:30:14.928  9378  9378 I ServiceManager: Waiting for service AtCmdFwd...
08-04 12:30:15.137 10100 10112 I art     : Starting a blocking GC Explicit
08-04 12:30:15.167 10100 10112 I art     : Explicit concurrent mark sweep GC freed 1363(80KB) AllocSpace objects, 1(20KB) LOS objects, 38% free, 26MB/42MB, paused 442us total 29.201ms
08-04 12:30:15.178 10100 10112 I art     : Starting a blocking GC Explicit
08-04 12:30:15.196 10100 10112 I art     : Explicit concurrent mark sweep GC freed 23(752B) AllocSpace objects, 0(0B) LOS objects, 38% free, 26MB/42MB, paused 378us total 18.316ms
08-04 12:30:15.203 10100 10112 I art     : Starting a blocking GC Explicit
08-04 12:30:15.221 10100 10112 I art     : Explicit concurrent mark sweep GC freed 3(96B) AllocSpace objects, 0(0B) LOS objects, 38% free, 26MB/42MB, paused 387us total 17.812ms
08-04 12:30:15.229 10100 10112 I art     : Starting a blocking GC Explicit
08-04 12:30:15.246 10100 10112 I art     : Explicit concurrent mark sweep GC freed 3(96B) AllocSpace objects, 0(0B) LOS objects, 38% free, 26MB/42MB, paused 377us total 17.325ms
08-04 12:30:15.253 10100 10112 I art     : Starting a blocking GC Explicit
08-04 12:30:15.270 10100 10112 I art     : Explicit concurrent mark sweep GC freed 3(96B) AllocSpace objects, 0(0B) LOS objects, 38% free, 26MB/42MB, paused 382us total 17.222ms
08-04 12:30:15.551 10100 10113 I art     : Starting a blocking GC Explicit
08-04 12:30:15.570 10100 10113 I art     : Explicit concurrent mark sweep GC freed 1392(80KB) AllocSpace objects, 1(20KB) LOS objects, 38% free, 26MB/42MB, paused 441us total 18.581ms
08-04 12:30:15.578 10100 10113 I art     : Starting a blocking GC Explicit
08-04 12:30:15.594 10100 10113 I art     : Explicit concurrent mark sweep GC freed 23(752B) AllocSpace objects, 0(0B) LOS objects, 38% free, 26MB/42MB, paused 430us total 16.199ms
08-04 12:30:15.600 10100 10113 I art     : Starting a blocking GC Explicit
08-04 12:30:15.617 10100 10113 I art     : Explicit concurrent mark sweep GC freed 3(96B) AllocSpace objects, 0(0B) LOS objects, 38% free, 26MB/42MB, paused 460us total 16.906ms
08-04 12:30:15.624 10100 10113 I art     : Starting a blocking GC Explicit
08-04 12:30:15.641 10100 10113 I art     : Explicit concurrent mark sweep GC freed 3(96B) AllocSpace objects, 0(0B) LOS objects, 38% free, 26MB/42MB, paused 379us total 16.861ms
08-04 12:30:15.648 10100 10113 I art     : Starting a blocking GC Explicit
08-04 12:30:15.664 10100 10113 I art     : Explicit concurrent mark sweep GC freed 3(96B) AllocSpace objects, 0(0B) LOS objects, 38% free, 26MB/42MB, paused 383us total 16.683ms
08-04 12:30:15.800 10988 10988 D AndroidRuntime: >>>>>> START com.android.internal.os.RuntimeInit uid 2000 <<<<<<
08-04 12:30:15.805 10988 10988 D AndroidRuntime: CheckJNI is OFF
08-04 12:30:15.831 10988 10988 D ICU     : No timezone override file found: /data/misc/zoneinfo/current/icu/icu_tzdata.dat
08-04 12:30:15.855 10988 10988 I Radio-JNI: register_android_hardware_Radio DONE
08-04 12:30:15.870 10988 10988 D AndroidRuntime: Calling main entry com.android.commands.input.Input
08-04 12:30:15.872 10988 10988 I Input   : injectMotionEvent: MotionEvent { action=ACTION_DOWN, actionButton=0, id[0]=0, x[0]=616.0, y[0]=469.0, toolType[0]=TOOL_TYPE_UNKNOWN, buttonState=0, metaState=0, flags=0x0, edgeFlags=0x0, pointerCount=1, historySize=0, eventTime=707432285, downTime=707432285, deviceId=0, source=0x1002 }
08-04 12:30:15.877 10988 10988 I Input   : injectMotionEvent: MotionEvent { action=ACTION_UP, actionButton=0, id[0]=0, x[0]=616.0, y[0]=469.0, toolType[0]=TOOL_TYPE_UNKNOWN, buttonState=0, metaState=0, flags=0x0, edgeFlags=0x0, pointerCount=1, historySize=0, eventTime=707432285, downTime=707432285, deviceId=0, source=0x1002 }
08-04 12:30:15.879 10988 10988 D AndroidRuntime: Shutting down VM
08-04 12:30:15.929  9378  9378 I ServiceManager: Waiting for service AtCmdFwd...
08-04 12:30:15.938 10100 10122 I art     : Starting a blocking GC Explicit
08-04 12:30:15.945   512  2967 D audio_hw_primary: out_set_parameters: enter: usecase(1: low-latency-playback) kvpairs: routing=2
08-04 12:30:15.957 10100 10122 I art     : Explicit concurrent mark sweep GC freed 1573(88KB) AllocSpace objects, 1(20KB) LOS objects, 37% free, 26MB/42MB, paused 603us total 18.693ms
08-04 12:30:15.958   512  2967 D audio_hw_primary: select_devices: out_snd_device(2: speaker) in_snd_device(0: none)
08-04 12:30:15.958   512  2967 D msm8974_platform: platform_send_audio_calibration: sending audio calibration for snd_device(2) acdb_id(15)
08-04 12:30:15.959   512  2967 I soundtrigger: audio_extn_sound_trigger_update_device_status: device 0x2 of type 0 for Event 1
08-04 12:30:15.965 10100 10122 I art     : Starting a blocking GC Explicit
08-04 12:30:15.970   512  2967 D audio_hw_primary: enable_snd_device: snd_device(2: speaker)
08-04 12:30:15.972   512  2967 D audio_hw_primary: enable_audio_route: apply and update mixer path: low-latency-playback speaker
08-04 12:30:15.987 10100 10122 I art     : Explicit concurrent mark sweep GC freed 50(2336B) AllocSpace objects, 0(0B) LOS objects, 38% free, 26MB/42MB, paused 581us total 20.773ms
08-04 12:30:15.996 10100 10122 I art     : Starting a blocking GC Explicit
08-04 12:30:16.013 10100 10122 I art     : Explicit concurrent mark sweep GC freed 9(336B) AllocSpace objects, 0(0B) LOS objects, 38% free, 26MB/42MB, paused 425us total 17.310ms
08-04 12:30:16.020 10100 10122 I art     : Starting a blocking GC Explicit
08-04 12:30:16.037 10100 10122 I art     : Explicit concurrent mark sweep GC freed 13(480B) AllocSpace objects, 0(0B) LOS objects, 38% free, 26MB/42MB, paused 513us total 17.130ms
08-04 12:30:16.044 10100 10122 I art     : Starting a blocking GC Explicit
08-04 12:30:16.060 10100 10122 I art     : Explicit concurrent mark sweep GC freed 10(352B) AllocSpace objects, 0(0B) LOS objects, 38% free, 26MB/42MB, paused 429us total 16.422ms
08-04 12:30:16.176 10100 10126 I NAPPA_EXPERIMENTATION: MetricNetworkRequestExecutionTime: REQUEST_DURATION_SYSTEM='232',REQUEST_DURATION_OKHTTP='230',REQUEST_SYNCHRONOUS='TRUE',RESPONSE_CODE='200',RESPONSE_METHOD='GET',RESPONSE_LENGTH_OKHTTP='-1',RESPONSE_LENGTH_HEADER='628',REQUEST_PROTOCOL='h2',REQUEST_URL='https://itunes.apple.com/lookup?id=1524080195',
08-04 12:30:16.189   918  6111 I ActivityManager: START u0 {cmp=baseline.de.danoeh.antennapod.debug/baseline.de.danoeh.antennapod.activity.OnlineFeedViewActivity (has extras)} from uid 10670 on display 0
08-04 12:30:16.209 13866 13866 I GoogleInputMethodServic: GoogleInputMethodService.onFinishInput():3138 
08-04 12:30:16.211 13866 13866 I GoogleInputMethodServic: GoogleInputMethodService.onStartInput():1808 
08-04 12:30:16.212   918   937 W ProcessCpuTracker: Skipping unknown process pid 11015
08-04 12:30:16.230 10100 10100 D UserPreferences: Using default data folder
08-04 12:30:16.232 10100 10100 D OnlineFeedViewActivity: Activity was started with url https://rss.art19.com/nice-white-parents
08-04 12:30:16.233 10100 10100 D OnlineFeedViewActivity: Starting feed download
08-04 12:30:16.239 10100 10120 D DBReader: Extracting Feedlist
08-04 12:30:16.241   918  4413 D WifiService: acquireWifiLockLocked: WifiLock{Downloader type=1 binder=android.os.BinderProxy@cbece48}
08-04 12:30:16.243 10100 10120 D AntennapodHttpClient: Creating new instance of HTTP client
08-04 12:30:16.291 13866 13866 I GoogleInputMethodServic: GoogleInputMethodService.onFinishInput():3138 
08-04 12:30:16.292 13866 13866 I GoogleInputMethodServic: GoogleInputMethodService.onStartInput():1808 
08-04 12:30:16.292 10100 10113 I art     : Starting a blocking GC Explicit
08-04 12:30:16.311 10100 10113 I art     : Explicit concurrent mark sweep GC freed 3879(246KB) AllocSpace objects, 1(20KB) LOS objects, 37% free, 26MB/42MB, paused 483us total 18.461ms
08-04 12:30:16.318 10100 10113 I art     : Starting a blocking GC Explicit
08-04 12:30:16.318   918   936 I ActivityManager: Displayed baseline.de.danoeh.antennapod.debug/baseline.de.danoeh.antennapod.activity.OnlineFeedViewActivity: +109ms
08-04 12:30:16.340 10100 10113 I art     : Explicit concurrent mark sweep GC freed 354(16KB) AllocSpace objects, 0(0B) LOS objects, 37% free, 26MB/42MB, paused 540us total 21.482ms
08-04 12:30:16.348 10100 10113 I art     : Starting a blocking GC Explicit
08-04 12:30:16.368 10100 10113 I art     : Explicit concurrent mark sweep GC freed 3396(177KB) AllocSpace objects, 3(200KB) LOS objects, 37% free, 26MB/42MB, paused 629us total 19.375ms
08-04 12:30:16.375 10100 10113 I art     : Starting a blocking GC Explicit
08-04 12:30:16.393 10100 10113 I art     : Explicit concurrent mark sweep GC freed 1969(148KB) AllocSpace objects, 0(0B) LOS objects, 37% free, 26MB/42MB, paused 462us total 17.902ms
08-04 12:30:16.399 10100 10113 I art     : Starting a blocking GC Explicit
08-04 12:30:16.415 10100 10113 I art     : Explicit concurrent mark sweep GC freed 24(960B) AllocSpace objects, 0(0B) LOS objects, 37% free, 26MB/42MB, paused 406us total 16.289ms
08-04 12:30:16.510   512  2967 D audio_hw_primary: disable_audio_route: reset and update mixer path: low-latency-playback speaker
08-04 12:30:16.511   512  2967 D audio_hw_primary: disable_snd_device: snd_device(2: speaker)
08-04 12:30:16.514 10100 10120 D MYTAG   : interceptor 3a https://rss.art19.com/nice-white-parents
08-04 12:30:16.514 10100 10120 I NAPPA_EXPERIMENTATION: MetricNetworkRequestExecutionTime: REQUEST_DURATION_SYSTEM='270',REQUEST_DURATION_OKHTTP='138',REQUEST_SYNCHRONOUS='TRUE',RESPONSE_CODE='200',RESPONSE_METHOD='GET',RESPONSE_LENGTH_OKHTTP='-1',RESPONSE_LENGTH_HEADER='1803',REQUEST_PROTOCOL='h2',REQUEST_URL='https://rss.art19.com/nice-white-parents',
08-04 12:30:16.515 10100 10120 D HttpDownloader: Response code is 200
08-04 12:30:16.515 10100 10120 D UserPreferences: Using default data folder
08-04 12:30:16.517 10100 10120 D HttpDownloader: Getting size of download
08-04 12:30:16.517 10100 10120 D HttpDownloader: Size is -1
08-04 12:30:16.517 10100 10120 D UserPreferences: Using default data folder
08-04 12:30:16.518 10100 10120 D HttpDownloader: Free space is 20262604800
08-04 12:30:16.518 10100 10120 D HttpDownloader: Starting download
08-04 12:30:16.520   512  2967 I soundtrigger: audio_extn_sound_trigger_update_device_status: device 0x2 of type 0 for Event 0
08-04 12:30:16.522 10100 10120 D HttpDownloader: Download was successful
08-04 12:30:16.525   918  5132 D WifiService: releaseWifiLockLocked: WifiLock{Downloader type=1 binder=android.os.BinderProxy@cbece48}
08-04 12:30:16.525 10100 10100 D OnlineFeedViewActivity: Parsing feed
08-04 12:30:16.537 10100 11034 D TypeGetter: Recognized type RSS 2.0
08-04 12:30:16.542 10100 11034 D SyndHandler: Recognized ITunes namespace
08-04 12:30:16.543 10100 11034 D SyndHandler: Recognized Atom namespace
08-04 12:30:16.543 10100 11034 D SyndHandler: Recognized Content namespace
08-04 12:30:16.553 10100 11034 D OnlineFeedViewActivity: Deleted feed source file. Result: true
08-04 12:30:16.554 10100 10100 D OnlineFeedViewActivity: Removing HTML from shownotes
08-04 12:30:16.568   380   380 W SurfaceFlinger: couldn't log to binary event log: overflow.
08-04 12:30:16.603 10100 10100 W art     : Before Android 4.1, method int androidx.appcompat.widget.DropDownListView.lookForSelectablePosition(int, boolean) would have incorrectly overridden the package-private method in android.widget.ListView
08-04 12:30:16.608 10100 10100 I ListPopupWindow: Could not find method setEpicenterBounds(Rect) on PopupWindow. Oh well.
08-04 12:30:16.613 10100 11045 D ApOkHttpUrlLoader: buildLoadData() called with: model = [https://content.production.cdn.art19.com/images/89/e0/88/44/89e08844-ac28-4fc0-96fa-15a41fec2014/262c12ed699a8d9720dea0bd66449d998e4a08cf18095bed170ccaa76722045fa5dbf7a366918b2db7e3acf29ad22f6b99fd659a9409cb807bf2781d968932f8.jpeg], width = [350], height = [350]
08-04 12:30:16.620 10100 10835 D DBReader: getImageAuthentication() called with: imageUrl = [https://content.production.cdn.art19.com/images/89/e0/88/44/89e08844-ac28-4fc0-96fa-15a41fec2014/262c12ed699a8d9720dea0bd66449d998e4a08cf18095bed170ccaa76722045fa5dbf7a366918b2db7e3acf29ad22f6b99fd659a9409cb807bf2781d968932f8.jpeg]
08-04 12:30:16.621 10100 10835 D ApOkHttpUrlLoader: no credentials for 'https://content.production.cdn.art19.com/images/89/e0/88/44/89e08844-ac28-4fc0-96fa-15a41fec2014/262c12ed699a8d9720dea0bd66449d998e4a08cf18095bed170ccaa76722045fa5dbf7a366918b2db7e3acf29ad22f6b99fd659a9409cb807bf2781d968932f8.jpeg'
08-04 12:30:16.655 10100 11029 I art     : Starting a blocking GC Explicit
08-04 12:30:16.675 10100 11029 I art     : Explicit concurrent mark sweep GC freed 15774(1070KB) AllocSpace objects, 7(232KB) LOS objects, 37% free, 27MB/43MB, paused 429us total 19.388ms
08-04 12:30:16.681 10100 11029 I art     : Starting a blocking GC Explicit
08-04 12:30:16.687 10100 10100 D PlaybackController: Releasing PlaybackController
08-04 12:30:16.702 10100 11029 I art     : Explicit concurrent mark sweep GC freed 893(45KB) AllocSpace objects, 0(0B) LOS objects, 37% free, 27MB/43MB, paused 682us total 20.888ms
08-04 12:30:16.711 10100 11029 I art     : Starting a blocking GC Explicit
08-04 12:30:16.729 10100 11029 I art     : Explicit concurrent mark sweep GC freed 3150(129KB) AllocSpace objects, 1(112KB) LOS objects, 37% free, 27MB/43MB, paused 447us total 17.324ms
08-04 12:30:16.736 10100 11029 I art     : Starting a blocking GC Explicit
08-04 12:30:16.753 10100 11029 I art     : Explicit concurrent mark sweep GC freed 1186(57KB) AllocSpace objects, 0(0B) LOS objects, 37% free, 27MB/43MB, paused 431us total 17.177ms
08-04 12:30:16.759 10100 11029 I art     : Starting a blocking GC Explicit
08-04 12:30:16.778 10100 11029 I art     : Explicit concurrent mark sweep GC freed 11(480B) AllocSpace objects, 0(0B) LOS objects, 37% free, 26MB/42MB, paused 485us total 18.078ms
08-04 12:30:16.881 10100 10835 D MYTAG   : interceptor 2a
08-04 12:30:16.881 10100 10835 I NAPPA_EXPERIMENTATION: MetricNetworkRequestExecutionTime: REQUEST_DURATION_SYSTEM='260',REQUEST_DURATION_OKHTTP='147',REQUEST_SYNCHRONOUS='TRUE',RESPONSE_CODE='200',RESPONSE_METHOD='GET',RESPONSE_LENGTH_OKHTTP='2466122',RESPONSE_LENGTH_HEADER='2466122',REQUEST_PROTOCOL='h2',REQUEST_URL='https://content.production.cdn.art19.com/images/89/e0/88/44/89e08844-ac28-4fc0-96fa-15a41fec2014/262c12ed699a8d9720dea0bd66449d998e4a08cf18095bed170ccaa76722045fa5dbf7a366918b2db7e3acf29ad22f6b99fd659a9409cb807bf2781d968932f8.jpeg',
08-04 12:30:16.929  9378  9378 I ServiceManager: Waiting for service AtCmdFwd...
08-04 12:30:17.048 10100 10113 I art     : Starting a blocking GC Explicit
08-04 12:30:17.069 10100 10113 I art     : Explicit concurrent mark sweep GC freed 1903(112KB) AllocSpace objects, 1(20KB) LOS objects, 37% free, 27MB/43MB, paused 610us total 20.683ms
08-04 12:30:17.075 10100 10113 I art     : Starting a blocking GC Explicit
08-04 12:30:17.095 10100 10113 I art     : Explicit concurrent mark sweep GC freed 80(2576B) AllocSpace objects, 0(0B) LOS objects, 37% free, 27MB/43MB, paused 467us total 19.052ms
08-04 12:30:17.102 10100 10113 I art     : Starting a blocking GC Explicit
08-04 12:30:17.120 10100 10113 I art     : Explicit concurrent mark sweep GC freed 57(1824B) AllocSpace objects, 0(0B) LOS objects, 37% free, 27MB/43MB, paused 436us total 17.806ms
08-04 12:30:17.126 10100 10113 I art     : Starting a blocking GC Explicit
08-04 12:30:17.144 10100 10113 I art     : Explicit concurrent mark sweep GC freed 69(2208B) AllocSpace objects, 0(0B) LOS objects, 37% free, 27MB/43MB, paused 450us total 17.703ms
08-04 12:30:17.152 10100 10113 I art     : Starting a blocking GC Explicit
08-04 12:30:17.171 10100 10113 I art     : Explicit concurrent mark sweep GC freed 1086(50KB) AllocSpace objects, 0(0B) LOS objects, 36% free, 27MB/43MB, paused 528us total 19.133ms
08-04 12:30:17.457 10100 10112 I art     : Starting a blocking GC Explicit
08-04 12:30:17.491 10100 10112 I art     : Explicit concurrent mark sweep GC freed 1555(98KB) AllocSpace objects, 1(20KB) LOS objects, 36% free, 27MB/43MB, paused 509us total 33.548ms
08-04 12:30:17.502 10100 10112 I art     : Starting a blocking GC Explicit
08-04 12:30:17.522 10100 10112 I art     : Explicit concurrent mark sweep GC freed 29(944B) AllocSpace objects, 0(0B) LOS objects, 36% free, 27MB/43MB, paused 460us total 20.101ms
08-04 12:30:17.529 10100 10112 I art     : Starting a blocking GC Explicit
08-04 12:30:17.550 10100 10112 I art     : Explicit concurrent mark sweep GC freed 3(96B) AllocSpace objects, 0(0B) LOS objects, 36% free, 27MB/43MB, paused 472us total 20.256ms
08-04 12:30:17.557 10100 10112 I art     : Starting a blocking GC Explicit
08-04 12:30:17.578 10100 10112 I art     : Explicit concurrent mark sweep GC freed 3(96B) AllocSpace objects, 0(0B) LOS objects, 36% free, 27MB/43MB, paused 478us total 20.802ms
08-04 12:30:17.585 10100 10112 I art     : Starting a blocking GC Explicit
08-04 12:30:17.606 10100 10112 I art     : Explicit concurrent mark sweep GC freed 3(96B) AllocSpace objects, 0(0B) LOS objects, 36% free, 27MB/43MB, paused 462us total 20.762ms
08-04 12:30:17.922 10100 11030 I art     : Starting a blocking GC Explicit
08-04 12:30:17.930  9378  9378 W Atfwd_Sendcmd: AtCmdFwd service not published, waiting... retryCnt : 4
08-04 12:30:17.953 10100 11030 I art     : Explicit concurrent mark sweep GC freed 1369(80KB) AllocSpace objects, 1(20KB) LOS objects, 36% free, 27MB/43MB, paused 523us total 30.982ms
08-04 12:30:17.963 10100 11030 I art     : Starting a blocking GC Explicit
08-04 12:30:17.985 10100 11030 I art     : Explicit concurrent mark sweep GC freed 23(752B) AllocSpace objects, 0(0B) LOS objects, 36% free, 27MB/43MB, paused 478us total 21.163ms
08-04 12:30:17.992 10100 11030 I art     : Starting a blocking GC Explicit
08-04 12:30:18.013 10100 11030 I art     : Explicit concurrent mark sweep GC freed 3(96B) AllocSpace objects, 0(0B) LOS objects, 36% free, 27MB/43MB, paused 461us total 20.745ms
08-04 12:30:18.020 10100 11030 I art     : Starting a blocking GC Explicit
08-04 12:30:18.041 10100 11030 I art     : Explicit concurrent mark sweep GC freed 3(96B) AllocSpace objects, 0(0B) LOS objects, 36% free, 27MB/43MB, paused 465us total 20.154ms
08-04 12:30:18.048 10100 11030 I art     : Starting a blocking GC Explicit
08-04 12:30:18.068 10100 11030 I art     : Explicit concurrent mark sweep GC freed 3(96B) AllocSpace objects, 0(0B) LOS objects, 36% free, 27MB/43MB, paused 463us total 20.173ms
08-04 12:30:18.388 10100 11029 I art     : Starting a blocking GC Explicit
08-04 12:30:18.411 10100 11029 I art     : Explicit concurrent mark sweep GC freed 1420(81KB) AllocSpace objects, 1(20KB) LOS objects, 36% free, 27MB/43MB, paused 441us total 23.227ms
08-04 12:30:18.420 10100 11029 I art     : Starting a blocking GC Explicit
08-04 12:30:18.441 10100 11029 I art     : Explicit concurrent mark sweep GC freed 28(912B) AllocSpace objects, 0(0B) LOS objects, 36% free, 27MB/43MB, paused 439us total 20.804ms
08-04 12:30:18.449 10100 11029 I art     : Starting a blocking GC Explicit
08-04 12:30:18.467 10100 11029 I art     : Explicit concurrent mark sweep GC freed 3(96B) AllocSpace objects, 0(0B) LOS objects, 36% free, 27MB/43MB, paused 471us total 17.932ms
08-04 12:30:18.474 10100 11029 I art     : Starting a blocking GC Explicit
08-04 12:30:18.493 10100 11029 I art     : Explicit concurrent mark sweep GC freed 3(96B) AllocSpace objects, 0(0B) LOS objects, 36% free, 27MB/43MB, paused 420us total 18.997ms
08-04 12:30:18.500 10100 11029 I art     : Starting a blocking GC Explicit
08-04 12:30:18.519 10100 11029 I art     : Explicit concurrent mark sweep GC freed 3(96B) AllocSpace objects, 0(0B) LOS objects, 36% free, 27MB/43MB, paused 458us total 19.015ms
08-04 12:30:18.845 10100 11030 I art     : Starting a blocking GC Explicit
08-04 12:30:18.877 10100 11030 I art     : Explicit concurrent mark sweep GC freed 1367(82KB) AllocSpace objects, 1(20KB) LOS objects, 36% free, 27MB/43MB, paused 595us total 31.981ms
08-04 12:30:18.889 10100 11030 I art     : Starting a blocking GC Explicit
08-04 12:30:18.911 10100 11030 I art     : Explicit concurrent mark sweep GC freed 23(752B) AllocSpace objects, 0(0B) LOS objects, 36% free, 27MB/43MB, paused 472us total 21.221ms
08-04 12:30:18.918 10100 11030 I art     : Starting a blocking GC Explicit
08-04 12:30:18.939 10100 11030 I art     : Explicit concurrent mark sweep GC freed 3(96B) AllocSpace objects, 0(0B) LOS objects, 36% free, 27MB/43MB, paused 442us total 20.340ms
08-04 12:30:18.946 10100 11030 I art     : Starting a blocking GC Explicit
08-04 12:30:18.967 10100 11030 I art     : Explicit concurrent mark sweep GC freed 3(96B) AllocSpace objects, 0(0B) LOS objects, 36% free, 27MB/43MB, paused 426us total 20.314ms
08-04 12:30:18.974 10100 11030 I art     : Starting a blocking GC Explicit
08-04 12:30:18.995 10100 11030 I art     : Explicit concurrent mark sweep GC freed 3(96B) AllocSpace objects, 0(0B) LOS objects, 36% free, 27MB/43MB, paused 472us total 20.834ms
08-04 12:30:19.216 24365  7397 I NetworkScheduler.Stats: Task com.google.android.gms/com.google.android.gms.icing.service.IcingGcmTaskService started execution. cause:4 exec_start_elapsed_seconds: 1690823 [CONTEXT service_id=218 ]
08-04 12:30:19.230 24365 25567 I NetworkScheduler.Stats: Task com.google.android.gms/com.google.android.gms.icing.service.IcingGcmTaskService finished executing. cause:4 result: 1 elapsed_millis: 53 uptime_millis: 52 exec_start_elapsed_seconds: 1690823 [CONTEXT service_id=218 ]
08-04 12:30:19.319 10100 10113 I art     : Starting a blocking GC Explicit
08-04 12:30:19.346 10100 10113 I art     : Explicit concurrent mark sweep GC freed 1366(80KB) AllocSpace objects, 1(20KB) LOS objects, 36% free, 27MB/43MB, paused 503us total 27.112ms
08-04 12:30:19.354 10100 10113 I art     : Starting a blocking GC Explicit
08-04 12:30:19.375 10100 10113 I art     : Explicit concurrent mark sweep GC freed 52(1536B) AllocSpace objects, 0(0B) LOS objects, 36% free, 27MB/43MB, paused 485us total 21.015ms
08-04 12:30:19.382 10100 10113 I art     : Starting a blocking GC Explicit
08-04 12:30:19.403 10100 10113 I art     : Explicit concurrent mark sweep GC freed 3(96B) AllocSpace objects, 0(0B) LOS objects, 36% free, 27MB/43MB, paused 467us total 20.387ms
08-04 12:30:19.410 10100 10113 I art     : Starting a blocking GC Explicit
08-04 12:30:19.430 10100 10113 I art     : Explicit concurrent mark sweep GC freed 3(96B) AllocSpace objects, 0(0B) LOS objects, 36% free, 27MB/43MB, paused 451us total 20.134ms
08-04 12:30:19.438 10100 10113 I art     : Starting a blocking GC Explicit
08-04 12:30:19.458 10100 10113 I art     : Explicit concurrent mark sweep GC freed 3(96B) AllocSpace objects, 0(0B) LOS objects, 36% free, 27MB/43MB, paused 470us total 20.102ms
08-04 12:30:19.550   518   646 I ThermalEngine: ACTION: GPU - Setting GPU[0] to 510000000
08-04 12:30:19.758 10100 10122 I art     : Starting a blocking GC Explicit
08-04 12:30:19.792 10100 10122 I art     : Explicit concurrent mark sweep GC freed 1366(80KB) AllocSpace objects, 1(20KB) LOS objects, 36% free, 27MB/43MB, paused 736us total 32.921ms
08-04 12:30:19.804 10100 10122 I art     : Starting a blocking GC Explicit
08-04 12:30:19.831 10100 10122 I art     : Explicit concurrent mark sweep GC freed 23(752B) AllocSpace objects, 0(0B) LOS objects, 36% free, 27MB/43MB, paused 643us total 26.577ms
08-04 12:30:19.840 10100 10122 I art     : Starting a blocking GC Explicit
08-04 12:30:19.867 10100 10122 I art     : Explicit concurrent mark sweep GC freed 3(96B) AllocSpace objects, 0(0B) LOS objects, 36% free, 27MB/43MB, paused 617us total 25.784ms
08-04 12:30:19.876 10100 10122 I art     : Starting a blocking GC Explicit
08-04 12:30:19.902 10100 10122 I art     : Explicit concurrent mark sweep GC freed 3(96B) AllocSpace objects, 0(0B) LOS objects, 36% free, 27MB/43MB, paused 630us total 25.864ms
08-04 12:30:19.911 10100 10122 I art     : Starting a blocking GC Explicit
08-04 12:30:19.937 10100 10122 I art     : Explicit concurrent mark sweep GC freed 3(96B) AllocSpace objects, 0(0B) LOS objects, 36% free, 27MB/43MB, paused 714us total 25.830ms
08-04 12:30:20.230 10100 10112 I art     : Starting a blocking GC Explicit
08-04 12:30:20.256 10100 10112 I art     : Explicit concurrent mark sweep GC freed 1366(80KB) AllocSpace objects, 1(20KB) LOS objects, 36% free, 27MB/43MB, paused 651us total 25.756ms
08-04 12:30:20.265 10100 10112 I art     : Starting a blocking GC Explicit
08-04 12:30:20.290 10100 10112 I art     : Explicit concurrent mark sweep GC freed 23(752B) AllocSpace objects, 0(0B) LOS objects, 36% free, 27MB/43MB, paused 700us total 25.309ms
08-04 12:30:20.299 10100 10112 I art     : Starting a blocking GC Explicit
08-04 12:30:20.324 10100 10112 I art     : Explicit concurrent mark sweep GC freed 3(96B) AllocSpace objects, 0(0B) LOS objects, 36% free, 27MB/43MB, paused 625us total 24.216ms
08-04 12:30:20.333 10100 10112 I art     : Starting a blocking GC Explicit
08-04 12:30:20.357 10100 10112 I art     : Explicit concurrent mark sweep GC freed 3(96B) AllocSpace objects, 0(0B) LOS objects, 36% free, 27MB/43MB, paused 665us total 24.404ms
08-04 12:30:20.366 10100 10112 I art     : Starting a blocking GC Explicit
08-04 12:30:20.391 10100 10112 I art     : Explicit concurrent mark sweep GC freed 32(880B) AllocSpace objects, 0(0B) LOS objects, 36% free, 27MB/43MB, paused 713us total 24.530ms
08-04 12:30:20.553 11120 11120 D AndroidRuntime: >>>>>> START com.android.internal.os.RuntimeInit uid 2000 <<<<<<
08-04 12:30:20.554   518   646 I ThermalEngine: ACTION: GPU - Setting GPU[0] to 600000000
08-04 12:30:20.560 11120 11120 D AndroidRuntime: CheckJNI is OFF
08-04 12:30:20.592 11120 11120 D ICU     : No timezone override file found: /data/misc/zoneinfo/current/icu/icu_tzdata.dat
08-04 12:30:20.620 11120 11120 I Radio-JNI: register_android_hardware_Radio DONE
08-04 12:30:20.637 11120 11120 D AndroidRuntime: Calling main entry com.android.commands.input.Input
08-04 12:30:20.638 11120 11120 I Input   : injectMotionEvent: MotionEvent { action=ACTION_DOWN, actionButton=0, id[0]=0, x[0]=625.0, y[0]=832.0, toolType[0]=TOOL_TYPE_UNKNOWN, buttonState=0, metaState=0, flags=0x0, edgeFlags=0x0, pointerCount=1, historySize=0, eventTime=707437051, downTime=707437051, deviceId=0, source=0x1002 }
08-04 12:30:20.643 11120 11120 I Input   : injectMotionEvent: MotionEvent { action=ACTION_UP, actionButton=0, id[0]=0, x[0]=625.0, y[0]=832.0, toolType[0]=TOOL_TYPE_UNKNOWN, buttonState=0, metaState=0, flags=0x0, edgeFlags=0x0, pointerCount=1, historySize=0, eventTime=707437051, downTime=707437051, deviceId=0, source=0x1002 }
08-04 12:30:20.645 11120 11120 D AndroidRuntime: Shutting down VM
08-04 12:30:20.658 10100 10100 D UserPreferences: Using default data folder
08-04 12:30:20.658 10100 10100 D DownloadRequester: partiallyDownloadedFileExists: false
08-04 12:30:20.658 10100 10100 D DownloadRequester: /storage/emulated/0/Android/data/baseline.de.danoeh.antennapod.debug/files/cache/feed-Nice White Parents is available as a download destination
08-04 12:30:20.659   512  2967 D audio_hw_primary: out_set_parameters: enter: usecase(1: low-latency-playback) kvpairs: routing=2
08-04 12:30:20.660 10100 10100 D DownloadRequester: Requesting download of url https://rss.art19.com/nice-white-parents
08-04 12:30:20.663 10100 10100 D DownloadService: Service started
08-04 12:30:20.665 10100 10100 D DownloadService: parallel downloads: 4
08-04 12:30:20.667 10100 11152 D downloadCompletionThd: downloadCompletionThread was started
08-04 12:30:20.669 10100 10100 D DownloadService: Notification set up
08-04 12:30:20.670 10100 11030 I art     : Starting a blocking GC Explicit
08-04 12:30:20.672   512  2967 D audio_hw_primary: select_devices: out_snd_device(2: speaker) in_snd_device(0: none)
08-04 12:30:20.672   512  2967 D msm8974_platform: platform_send_audio_calibration: sending audio calibration for snd_device(2) acdb_id(15)
08-04 12:30:20.673   512  2967 I soundtrigger: audio_extn_sound_trigger_update_device_status: device 0x2 of type 0 for Event 1
08-04 12:30:20.681 10100 10100 D DownloadService: Received enqueue request
08-04 12:30:20.683   512  2967 D audio_hw_primary: enable_snd_device: snd_device(2: speaker)
08-04 12:30:20.685   918  6029 D WifiService: acquireWifiLockLocked: WifiLock{Downloader type=1 binder=android.os.BinderProxy@12d89b7}
08-04 12:30:20.686   512  2967 D audio_hw_primary: enable_audio_route: apply and update mixer path: low-latency-playback speaker
08-04 12:30:20.686 10100 10100 D OnlineFeedViewActivity: onEventMainThread() called with: event = [DownloadEvent{update=DownloaderUpdate{downloaders=[baseline.de.danoeh.antennapod.core.service.download.HttpDownloader@fb0bf1e], feedIds=[0], mediaIds=[]}}]
08-04 12:30:20.687 10100 10100 D DownloadService: 1 downloads left
08-04 12:30:20.687 10100 10100 D DownloadService: Setting up notification updater
08-04 12:30:20.689 10100 11154 D AntennapodHttpClient: Creating new instance of HTTP client
08-04 12:30:20.698 10100 11030 I art     : Explicit concurrent mark sweep GC freed 2497(145KB) AllocSpace objects, 1(20KB) LOS objects, 36% free, 27MB/43MB, paused 1.067ms total 27.739ms
08-04 12:30:20.706 10100 11030 I art     : Starting a blocking GC Explicit
08-04 12:30:20.725 10100 11030 I art     : Explicit concurrent mark sweep GC freed 91(6KB) AllocSpace objects, 0(0B) LOS objects, 36% free, 27MB/43MB, paused 661us total 19.347ms
08-04 12:30:20.732 10100 11030 I art     : Starting a blocking GC Explicit
08-04 12:30:20.750 10100 11030 I art     : Explicit concurrent mark sweep GC freed 17(688B) AllocSpace objects, 0(0B) LOS objects, 36% free, 27MB/43MB, paused 562us total 18.146ms
08-04 12:30:20.757 10100 11030 I art     : Starting a blocking GC Explicit
08-04 12:30:20.775 10100 11030 I art     : Explicit concurrent mark sweep GC freed 65(4KB) AllocSpace objects, 0(0B) LOS objects, 36% free, 27MB/43MB, paused 537us total 18.272ms
08-04 12:30:20.782 10100 11030 I art     : Starting a blocking GC Explicit
08-04 12:30:20.802 10100 11030 I art     : Explicit concurrent mark sweep GC freed 11(464B) AllocSpace objects, 0(0B) LOS objects, 36% free, 27MB/43MB, paused 547us total 19.009ms
08-04 12:30:20.927   918  3188 I hubconnection: sensorhub said: 'set_bias 3: -6.2400, 0.0000, 0.0000'
08-04 12:30:21.004 10100 11154 D MYTAG   : interceptor 3a https://rss.art19.com/nice-white-parents
08-04 12:30:21.004 10100 11154 I NAPPA_EXPERIMENTATION: MetricNetworkRequestExecutionTime: REQUEST_DURATION_SYSTEM='312',REQUEST_DURATION_OKHTTP='144',REQUEST_SYNCHRONOUS='TRUE',RESPONSE_CODE='200',RESPONSE_METHOD='GET',RESPONSE_LENGTH_OKHTTP='-1',RESPONSE_LENGTH_HEADER='1803',REQUEST_PROTOCOL='h2',REQUEST_URL='https://rss.art19.com/nice-white-parents',
08-04 12:30:21.004 10100 11154 D HttpDownloader: Response code is 200
08-04 12:30:21.004 10100 11154 D UserPreferences: Using default data folder
08-04 12:30:21.007 10100 11154 D HttpDownloader: Getting size of download
08-04 12:30:21.007 10100 11154 D HttpDownloader: Size is -1
08-04 12:30:21.007 10100 11154 D UserPreferences: Using default data folder
08-04 12:30:21.008 10100 11154 D HttpDownloader: Free space is 20260093952
08-04 12:30:21.008 10100 11154 D HttpDownloader: Starting download
08-04 12:30:21.022 10100 10112 I art     : Starting a blocking GC Explicit
08-04 12:30:21.044 10100 10112 I art     : Explicit concurrent mark sweep GC freed 6119(312KB) AllocSpace objects, 4(220KB) LOS objects, 36% free, 28MB/44MB, paused 552us total 22.210ms
08-04 12:30:21.049 10100 11154 D HttpDownloader: Download was successful
08-04 12:30:21.050   918  3670 D WifiService: releaseWifiLockLocked: WifiLock{Downloader type=1 binder=android.os.BinderProxy@12d89b7}
08-04 12:30:21.050 10100 11152 D downloadCompletionThd: Received 'Download Complete' - message.
08-04 12:30:21.051 10100 11152 D DownloadService: Handling completed Feed Download
08-04 12:30:21.051 10100 10100 D DownloadService: Removing downloader: https://rss.art19.com/nice-white-parents
08-04 12:30:21.051 10100 10100 D DownloadService: Result of downloads.remove: true
08-04 12:30:21.051 10100 10100 D OnlineFeedViewActivity: onEventMainThread() called with: event = [DownloadEvent{update=DownloaderUpdate{downloaders=[], feedIds=[], mediaIds=[]}}]
08-04 12:30:21.051 10100 10112 I art     : Starting a blocking GC Explicit
08-04 12:30:21.054 10100 11170 D TypeGetter: Recognized type RSS 2.0
08-04 12:30:21.055 10100 11170 D SyndHandler: Recognized ITunes namespace
08-04 12:30:21.055 10100 11170 D SyndHandler: Recognized Atom namespace
08-04 12:30:21.055 10100 11170 D SyndHandler: Recognized Content namespace
08-04 12:30:21.059 10100 11170 D FeedSyncThread: Nice White Parents parsed
08-04 12:30:21.059 10100 11170 D FeedSyncThread: Deletion of file '/storage/emulated/0/Android/data/baseline.de.danoeh.antennapod.debug/files/cache/feed-Nice White Parents' successful
08-04 12:30:21.059 10100 11170 D DBReader: getFeedDownloadLog() called with: feed = [baseline.de.danoeh.antennapod.core.feed.Feed@0]
08-04 12:30:21.060 10100 11153 D FeedSyncThread: Bundling 1 feeds
08-04 12:30:21.061 10100 11171 D DBReader: Extracting Feedlist
08-04 12:30:21.062 10100 11171 D DBTasks : Found no existing Feed with title Nice White Parents. Adding as new one.
08-04 12:30:21.063 10100 11172 D PodDBAdapter: Setting feed with flattr status Nice White Parents: 0
08-04 12:30:21.064 10100 11172 D baseline.de.danoeh.antennapod.core.storage.PodDBAdapter@bd323f7: Inserting new Feed into db
08-04 12:30:21.073 10100 10112 I art     : Explicit concurrent mark sweep GC freed 1821(335KB) AllocSpace objects, 3(60KB) LOS objects, 36% free, 27MB/43MB, paused 619us total 21.312ms
08-04 12:30:21.076 10100 10100 D EventDistributor: Processing event queue. Number of events: 1
08-04 12:30:21.076 10100 10100 D EventDistributor: Notifying observers. Data: 1
08-04 12:30:21.077 10100 10100 D DownloadService: 0 downloads left
08-04 12:30:21.077 10100 10622 D DBReader: Extracting Feedlist
08-04 12:30:21.077 10100 10100 D DownloadService: Number of downloads is 0, attempting shutdown
08-04 12:30:21.078 10100 10100 D DownloadService: Service shutting down
08-04 12:30:21.078 10100 10100 D DownloadService: No report is created
08-04 12:30:21.078 10100 10100 D OnlineFeedViewActivity: onEventMainThread() called with: event = [DownloadEvent{update=DownloaderUpdate{downloaders=[], feedIds=[], mediaIds=[]}}]
08-04 12:30:21.079 10100 11152 E downloadCompletionThd: DownloadCompletionThread was interrupted
08-04 12:30:21.079 10100 10100 D DownloadService: NotificationUpdater cancelled. Result: false
08-04 12:30:21.080 10100 10100 D DBTasks : autodownloadUndownloadedItems
08-04 12:30:21.082 10100 10112 I art     : Starting a blocking GC Explicit
08-04 12:30:21.085 10100 11173 D NetworkUtils: Device is connected to Wi-Fi
08-04 12:30:21.085 10100 11173 D NetworkUtils: Auto-dl filter is disabled
08-04 12:30:21.101 10100 10112 I art     : Explicit concurrent mark sweep GC freed 523(47KB) AllocSpace objects, 1(20KB) LOS objects, 36% free, 27MB/43MB, paused 565us total 19.162ms
08-04 12:30:21.108 10100 10112 I art     : Starting a blocking GC Explicit
08-04 12:30:21.128 10100 10112 I art     : Explicit concurrent mark sweep GC freed 104(4KB) AllocSpace objects, 0(0B) LOS objects, 36% free, 27MB/43MB, paused 779us total 19.219ms
08-04 12:30:21.135 10100 10112 I art     : Starting a blocking GC Explicit
08-04 12:30:21.155 10100 10112 I art     : Explicit concurrent mark sweep GC freed 13(416B) AllocSpace objects, 0(0B) LOS objects, 36% free, 27MB/43MB, paused 566us total 20.028ms
08-04 12:30:21.210 13866 13882 I PeriodicStatsRunner: PeriodicStatsRunner.call():175 call()
08-04 12:30:21.210 13866 13882 I PeriodicStatsRunner: PeriodicStatsRunner.call():179 No submit PeriodicStats since input started.
08-04 12:30:21.220   512  2967 D audio_hw_primary: disable_audio_route: reset and update mixer path: low-latency-playback speaker
08-04 12:30:21.221   512  2967 D audio_hw_primary: disable_snd_device: snd_device(2: speaker)
08-04 12:30:21.229   512  2967 I soundtrigger: audio_extn_sound_trigger_update_device_status: device 0x2 of type 0 for Event 0
08-04 12:30:21.292 13866 13882 I PeriodicStatsRunner: PeriodicStatsRunner.call():175 call()
08-04 12:30:21.293 13866 13882 I PeriodicStatsRunner: PeriodicStatsRunner.call():179 No submit PeriodicStats since input started.
08-04 12:30:21.441 10100 11030 I art     : Starting a blocking GC Explicit
08-04 12:30:21.464 10100 11030 I art     : Explicit concurrent mark sweep GC freed 1420(81KB) AllocSpace objects, 1(20KB) LOS objects, 36% free, 27MB/43MB, paused 565us total 23.314ms
08-04 12:30:21.472 10100 11030 I art     : Starting a blocking GC Explicit
08-04 12:30:21.492 10100 11030 I art     : Explicit concurrent mark sweep GC freed 23(752B) AllocSpace objects, 0(0B) LOS objects, 36% free, 27MB/43MB, paused 477us total 19.749ms
08-04 12:30:21.499 10100 11030 I art     : Starting a blocking GC Explicit
08-04 12:30:21.518 10100 11030 I art     : Explicit concurrent mark sweep GC freed 4(192B) AllocSpace objects, 0(0B) LOS objects, 36% free, 27MB/43MB, paused 526us total 19.001ms
08-04 12:30:21.525 10100 11030 I art     : Starting a blocking GC Explicit
08-04 12:30:21.546 10100 11030 I art     : Explicit concurrent mark sweep GC freed 5(160B) AllocSpace objects, 0(0B) LOS objects, 36% free, 27MB/43MB, paused 550us total 20.388ms
08-04 12:30:21.553 10100 11030 I art     : Starting a blocking GC Explicit
08-04 12:30:21.557   518   646 I ThermalEngine: ACTION: GPU - Setting GPU[0] to 510000000
08-04 12:30:21.574 10100 11030 I art     : Explicit concurrent mark sweep GC freed 3(96B) AllocSpace objects, 0(0B) LOS objects, 36% free, 27MB/43MB, paused 567us total 21.496ms
08-04 12:30:21.867 10100 10122 I art     : Starting a blocking GC Explicit
08-04 12:30:21.899 10100 10122 I art     : Explicit concurrent mark sweep GC freed 1367(82KB) AllocSpace objects, 1(20KB) LOS objects, 36% free, 27MB/43MB, paused 1.064ms total 30.676ms
08-04 12:30:21.909 10100 10122 I art     : Starting a blocking GC Explicit
08-04 12:30:21.932 10100 10122 I art     : Explicit concurrent mark sweep GC freed 23(752B) AllocSpace objects, 0(0B) LOS objects, 36% free, 27MB/43MB, paused 722us total 22.063ms
08-04 12:30:21.939 10100 10122 I art     : Starting a blocking GC Explicit
08-04 12:30:21.961 10100 10122 I art     : Explicit concurrent mark sweep GC freed 3(96B) AllocSpace objects, 0(0B) LOS objects, 36% free, 27MB/43MB, paused 556us total 21.678ms
08-04 12:30:21.969 10100 10122 I art     : Starting a blocking GC Explicit
08-04 12:30:21.990 10100 10122 I art     : Explicit concurrent mark sweep GC freed 3(96B) AllocSpace objects, 0(0B) LOS objects, 36% free, 27MB/43MB, paused 555us total 20.806ms
08-04 12:30:21.997 10100 10122 I art     : Starting a blocking GC Explicit
08-04 12:30:22.019 10100 10122 I art     : Explicit concurrent mark sweep GC freed 3(96B) AllocSpace objects, 0(0B) LOS objects, 36% free, 27MB/43MB, paused 553us total 21.421ms
08-04 12:30:22.306 10100 11029 I art     : Starting a blocking GC Explicit
08-04 12:30:22.340 10100 11029 I art     : Explicit concurrent mark sweep GC freed 1373(82KB) AllocSpace objects, 1(20KB) LOS objects, 36% free, 27MB/43MB, paused 824us total 33.187ms
08-04 12:30:22.352 10100 11029 I art     : Starting a blocking GC Explicit
08-04 12:30:22.374 10100 11029 I art     : Explicit concurrent mark sweep GC freed 52(1536B) AllocSpace objects, 0(0B) LOS objects, 36% free, 27MB/43MB, paused 640us total 21.997ms
08-04 12:30:22.382 10100 11029 I art     : Starting a blocking GC Explicit
08-04 12:30:22.404 10100 11029 I art     : Explicit concurrent mark sweep GC freed 3(96B) AllocSpace objects, 0(0B) LOS objects, 36% free, 27MB/43MB, paused 578us total 21.788ms
08-04 12:30:22.412 10100 11029 I art     : Starting a blocking GC Explicit
08-04 12:30:22.434 10100 11029 I art     : Explicit concurrent mark sweep GC freed 3(96B) AllocSpace objects, 0(0B) LOS objects, 36% free, 27MB/43MB, paused 560us total 21.925ms
08-04 12:30:22.441 10100 11029 I art     : Starting a blocking GC Explicit
08-04 12:30:22.463 10100 11029 I art     : Explicit concurrent mark sweep GC freed 3(96B) AllocSpace objects, 0(0B) LOS objects, 36% free, 27MB/43MB, paused 551us total 21.605ms
08-04 12:30:22.798 10100 10113 I art     : Starting a blocking GC Explicit
08-04 12:30:22.834 10100 10113 I art     : Explicit concurrent mark sweep GC freed 1372(82KB) AllocSpace objects, 1(20KB) LOS objects, 36% free, 27MB/43MB, paused 937us total 35.890ms
08-04 12:30:22.847 10100 10113 I art     : Starting a blocking GC Explicit
08-04 12:30:22.875 10100 10113 I art     : Explicit concurrent mark sweep GC freed 23(752B) AllocSpace objects, 0(0B) LOS objects, 36% free, 27MB/43MB, paused 757us total 27.735ms
08-04 12:30:22.885 10100 10113 I art     : Starting a blocking GC Explicit
08-04 12:30:22.912 10100 10113 I art     : Explicit concurrent mark sweep GC freed 3(96B) AllocSpace objects, 0(0B) LOS objects, 36% free, 27MB/43MB, paused 758us total 27.219ms
08-04 12:30:22.922 10100 10113 I art     : Starting a blocking GC Explicit
08-04 12:30:22.949 10100 10113 I art     : Explicit concurrent mark sweep GC freed 3(96B) AllocSpace objects, 0(0B) LOS objects, 36% free, 27MB/43MB, paused 835us total 27.318ms
08-04 12:30:22.959 10100 10113 I art     : Starting a blocking GC Explicit
08-04 12:30:22.986 10100 10113 I art     : Explicit concurrent mark sweep GC freed 3(96B) AllocSpace objects, 0(0B) LOS objects, 36% free, 27MB/43MB, paused 774us total 27.454ms
08-04 12:30:23.309 10100 10112 I art     : Starting a blocking GC Explicit
08-04 12:30:23.343 10100 10112 I art     : Explicit concurrent mark sweep GC freed 1370(80KB) AllocSpace objects, 1(20KB) LOS objects, 36% free, 27MB/43MB, paused 875us total 34.143ms
08-04 12:30:23.355 10100 10112 I art     : Starting a blocking GC Explicit
08-04 12:30:23.383 10100 10112 I art     : Explicit concurrent mark sweep GC freed 52(1536B) AllocSpace objects, 0(0B) LOS objects, 36% free, 27MB/43MB, paused 754us total 28.099ms
08-04 12:30:23.393 10100 10112 I art     : Starting a blocking GC Explicit
08-04 12:30:23.421 10100 10112 I art     : Explicit concurrent mark sweep GC freed 3(96B) AllocSpace objects, 0(0B) LOS objects, 36% free, 27MB/43MB, paused 739us total 26.999ms
08-04 12:30:23.430 10100 10112 I art     : Starting a blocking GC Explicit
08-04 12:30:23.457 10100 10112 I art     : Explicit concurrent mark sweep GC freed 3(96B) AllocSpace objects, 0(0B) LOS objects, 36% free, 27MB/43MB, paused 819us total 27.183ms
08-04 12:30:23.467 10100 10112 I art     : Starting a blocking GC Explicit
08-04 12:30:23.494 10100 10112 I art     : Explicit concurrent mark sweep GC freed 3(96B) AllocSpace objects, 0(0B) LOS objects, 36% free, 27MB/43MB, paused 747us total 27.016ms
08-04 12:30:23.827 10100 11030 I art     : Starting a blocking GC Explicit
08-04 12:30:23.870 10100 11030 I art     : Explicit concurrent mark sweep GC freed 1366(80KB) AllocSpace objects, 1(20KB) LOS objects, 36% free, 27MB/43MB, paused 931us total 42.003ms
08-04 12:30:23.882 10100 11030 I art     : Starting a blocking GC Explicit
08-04 12:30:23.910 10100 11030 I art     : Explicit concurrent mark sweep GC freed 23(752B) AllocSpace objects, 0(0B) LOS objects, 36% free, 27MB/43MB, paused 835us total 27.367ms
08-04 12:30:23.919 10100 11030 I art     : Starting a blocking GC Explicit
08-04 12:30:23.947 10100 11030 I art     : Explicit concurrent mark sweep GC freed 3(96B) AllocSpace objects, 0(0B) LOS objects, 36% free, 27MB/43MB, paused 856us total 27.686ms
08-04 12:30:23.957 10100 11030 I art     : Starting a blocking GC Explicit
08-04 12:30:23.984 10100 11030 I art     : Explicit concurrent mark sweep GC freed 3(96B) AllocSpace objects, 0(0B) LOS objects, 36% free, 27MB/43MB, paused 767us total 27.112ms
08-04 12:30:23.994 10100 11030 I art     : Starting a blocking GC Explicit
08-04 12:30:24.021 10100 11030 I art     : Explicit concurrent mark sweep GC freed 3(96B) AllocSpace objects, 0(0B) LOS objects, 36% free, 27MB/43MB, paused 765us total 27.416ms
08-04 12:30:24.333 10100 10122 I art     : Starting a blocking GC Explicit
08-04 12:30:24.367 10100 10122 I art     : Explicit concurrent mark sweep GC freed 1396(82KB) AllocSpace objects, 1(20KB) LOS objects, 36% free, 27MB/43MB, paused 822us total 34.100ms
08-04 12:30:24.380 10100 10122 I art     : Starting a blocking GC Explicit
08-04 12:30:24.408 10100 10122 I art     : Explicit concurrent mark sweep GC freed 23(752B) AllocSpace objects, 0(0B) LOS objects, 36% free, 27MB/43MB, paused 874us total 27.866ms
08-04 12:30:24.418 10100 10122 I art     : Starting a blocking GC Explicit
08-04 12:30:24.446 10100 10122 I art     : Explicit concurrent mark sweep GC freed 3(96B) AllocSpace objects, 0(0B) LOS objects, 36% free, 27MB/43MB, paused 758us total 27.776ms
08-04 12:30:24.455 10100 10122 I art     : Starting a blocking GC Explicit
08-04 12:30:24.483 10100 10122 I art     : Explicit concurrent mark sweep GC freed 3(96B) AllocSpace objects, 0(0B) LOS objects, 36% free, 27MB/43MB, paused 786us total 27.628ms
08-04 12:30:24.493 10100 10122 I art     : Starting a blocking GC Explicit
08-04 12:30:24.520 10100 10122 I art     : Explicit concurrent mark sweep GC freed 3(96B) AllocSpace objects, 0(0B) LOS objects, 36% free, 27MB/43MB, paused 762us total 27.287ms
08-04 12:30:24.566   518   646 I ThermalEngine: ACTION: GPU - Setting GPU[0] to 600000000
08-04 12:30:24.849 10100 11029 I art     : Starting a blocking GC Explicit
08-04 12:30:24.880 10100 11029 I art     : Explicit concurrent mark sweep GC freed 1366(80KB) AllocSpace objects, 1(20KB) LOS objects, 36% free, 27MB/43MB, paused 593us total 30.315ms
08-04 12:30:24.888 10100 11029 I art     : Starting a blocking GC Explicit
08-04 12:30:24.909 10100 11029 I art     : Explicit concurrent mark sweep GC freed 23(752B) AllocSpace objects, 0(0B) LOS objects, 36% free, 27MB/43MB, paused 497us total 21.229ms
08-04 12:30:24.917 10100 11029 I art     : Starting a blocking GC Explicit
08-04 12:30:24.937 10100 11029 I art     : Explicit concurrent mark sweep GC freed 3(96B) AllocSpace objects, 0(0B) LOS objects, 36% free, 27MB/43MB, paused 602us total 20.008ms
08-04 12:30:24.944 10100 11029 I art     : Starting a blocking GC Explicit
08-04 12:30:24.963 10100 11029 I art     : Explicit concurrent mark sweep GC freed 3(96B) AllocSpace objects, 0(0B) LOS objects, 36% free, 27MB/43MB, paused 534us total 19.267ms
08-04 12:30:24.970 10100 11029 I art     : Starting a blocking GC Explicit
08-04 12:30:24.988 10100 11029 I art     : Explicit concurrent mark sweep GC freed 3(96B) AllocSpace objects, 0(0B) LOS objects, 36% free, 27MB/43MB, paused 549us total 18.537ms
08-04 12:30:25.212 11254 11254 D AndroidRuntime: >>>>>> START com.android.internal.os.RuntimeInit uid 2000 <<<<<<
08-04 12:30:25.217 11254 11254 D AndroidRuntime: CheckJNI is OFF
08-04 12:30:25.245 11254 11254 D ICU     : No timezone override file found: /data/misc/zoneinfo/current/icu/icu_tzdata.dat
08-04 12:30:25.258 10100 10113 I art     : Starting a blocking GC Explicit
08-04 12:30:25.272 11254 11254 I Radio-JNI: register_android_hardware_Radio DONE
08-04 12:30:25.280 10100 10113 I art     : Explicit concurrent mark sweep GC freed 1366(80KB) AllocSpace objects, 1(20KB) LOS objects, 36% free, 27MB/43MB, paused 633us total 22.118ms
08-04 12:30:25.288 10100 10113 I art     : Starting a blocking GC Explicit
08-04 12:30:25.289 11254 11254 D AndroidRuntime: Calling main entry com.android.commands.input.Input
08-04 12:30:25.291 11254 11254 I Input   : injectKeyEvent: KeyEvent { action=ACTION_DOWN, keyCode=KEYCODE_BACK, scanCode=0, metaState=0, flags=0x0, repeatCount=0, eventTime=707441704, downTime=707441704, deviceId=-1, source=0x101 }
08-04 12:30:25.296 11254 11254 I Input   : injectKeyEvent: KeyEvent { action=ACTION_UP, keyCode=KEYCODE_BACK, scanCode=0, metaState=0, flags=0x0, repeatCount=0, eventTime=707441704, downTime=707441704, deviceId=-1, source=0x101 }
08-04 12:30:25.301 11254 11254 D AndroidRuntime: Shutting down VM
08-04 12:30:25.304 10100 10100 V PlaybackController: initServiceNotRunning()
08-04 12:30:25.304 10100 10100 D ExternalPlayerFragment: Loading media info
08-04 12:30:25.308 10100 10100 D UserPreferences: Using default data folder
08-04 12:30:25.308 10100 10113 I art     : Explicit concurrent mark sweep GC freed 111(4KB) AllocSpace objects, 0(0B) LOS objects, 36% free, 27MB/43MB, paused 806us total 19.882ms
08-04 12:30:25.308 10100 10622 D DBReader: getNavDrawerData() called with: 
08-04 12:30:25.311 10100 10622 D DBReader: getDownloadedItems() called
08-04 12:30:25.312 10100 10622 D DBReader: getFavoriteIDList() called
08-04 12:30:25.312 10100 10622 D DBReader: getQueueIDList() called
08-04 12:30:25.313 10100 10622 D DBReader: Extracting Feedlist
08-04 12:30:25.315 10100 10113 I art     : Starting a blocking GC Explicit
08-04 12:30:25.335 10100 10113 I art     : Explicit concurrent mark sweep GC freed 481(41KB) AllocSpace objects, 0(0B) LOS objects, 36% free, 27MB/43MB, paused 523us total 19.310ms
08-04 12:30:25.336 10100 10100 D MainActivity: getLastNavFragment() -> AddFeedFragment
08-04 12:30:25.337 13866 13866 I GoogleInputMethodServic: GoogleInputMethodService.onFinishInput():3138 
08-04 12:30:25.338 13866 13866 I GoogleInputMethodServic: GoogleInputMethodService.onStartInput():1808 
08-04 12:30:25.342 10100 10113 I art     : Starting a blocking GC Explicit
08-04 12:30:25.351 10100 11045 D ApOkHttpUrlLoader: buildLoadData() called with: model = [https://content.production.cdn.art19.com/images/89/e0/88/44/89e08844-ac28-4fc0-96fa-15a41fec2014/262c12ed699a8d9720dea0bd66449d998e4a08cf18095bed170ccaa76722045fa5dbf7a366918b2db7e3acf29ad22f6b99fd659a9409cb807bf2781d968932f8.jpeg], width = [140], height = [140]
08-04 12:30:25.363 10100 10113 I art     : Explicit concurrent mark sweep GC freed 751(57KB) AllocSpace objects, 0(0B) LOS objects, 36% free, 28MB/44MB, paused 747us total 21.739ms
08-04 12:30:25.371 10100 10113 I art     : Starting a blocking GC Explicit
08-04 12:30:25.392 10100 10113 I art     : Explicit concurrent mark sweep GC freed 253(13KB) AllocSpace objects, 0(0B) LOS objects, 36% free, 28MB/44MB, paused 628us total 20.923ms
08-04 12:30:25.637 10100 10113 I art     : Starting a blocking GC Explicit
08-04 12:30:25.644   380   380 W SurfaceFlinger: couldn't log to binary event log: overflow.
08-04 12:30:25.663 10100 10113 I art     : Explicit concurrent mark sweep GC freed 2095(122KB) AllocSpace objects, 1(20KB) LOS objects, 36% free, 28MB/44MB, paused 549us total 26.745ms
08-04 12:30:25.670 10100 10113 I art     : Starting a blocking GC Explicit
08-04 12:30:25.690 10100 10113 I art     : Explicit concurrent mark sweep GC freed 182(6KB) AllocSpace objects, 0(0B) LOS objects, 36% free, 28MB/44MB, paused 568us total 19.440ms
08-04 12:30:25.697 10100 10113 I art     : Starting a blocking GC Explicit
08-04 12:30:25.717 10100 10113 I art     : Explicit concurrent mark sweep GC freed 2459(151KB) AllocSpace objects, 2(248KB) LOS objects, 36% free, 27MB/43MB, paused 576us total 19.940ms
08-04 12:30:25.724 10100 10113 I art     : Starting a blocking GC Explicit
08-04 12:30:25.743 10100 10113 I art     : Explicit concurrent mark sweep GC freed 3(96B) AllocSpace objects, 0(0B) LOS objects, 36% free, 27MB/43MB, paused 573us total 19.622ms
08-04 12:30:25.750 10100 10113 I art     : Starting a blocking GC Explicit
08-04 12:30:25.772 10100 10113 I art     : Explicit concurrent mark sweep GC freed 3(96B) AllocSpace objects, 0(0B) LOS objects, 36% free, 27MB/43MB, paused 595us total 21.377ms
08-04 12:30:26.059 10100 11029 I art     : Starting a blocking GC Explicit
08-04 12:30:26.088 10100 11029 I art     : Explicit concurrent mark sweep GC freed 1372(82KB) AllocSpace objects, 1(20KB) LOS objects, 36% free, 27MB/43MB, paused 735us total 29.028ms
08-04 12:30:26.097 10100 11029 I art     : Starting a blocking GC Explicit
08-04 12:30:26.119 10100 11029 I art     : Explicit concurrent mark sweep GC freed 23(752B) AllocSpace objects, 0(0B) LOS objects, 36% free, 27MB/43MB, paused 640us total 21.801ms
08-04 12:30:26.126 10100 11029 I art     : Starting a blocking GC Explicit
08-04 12:30:26.148 10100 11029 I art     : Explicit concurrent mark sweep GC freed 3(96B) AllocSpace objects, 0(0B) LOS objects, 36% free, 27MB/43MB, paused 581us total 21.535ms
08-04 12:30:26.156 10100 11029 I art     : Starting a blocking GC Explicit
08-04 12:30:26.177 10100 11029 I art     : Explicit concurrent mark sweep GC freed 3(96B) AllocSpace objects, 0(0B) LOS objects, 36% free, 27MB/43MB, paused 626us total 21.108ms
08-04 12:30:26.184 10100 11029 I art     : Starting a blocking GC Explicit
08-04 12:30:26.205 10100 11029 I art     : Explicit concurrent mark sweep GC freed 3(96B) AllocSpace objects, 0(0B) LOS objects, 36% free, 27MB/43MB, paused 563us total 20.572ms
08-04 12:30:26.491 10100 10112 I art     : Starting a blocking GC Explicit
08-04 12:30:26.521 10100 10112 I art     : Explicit concurrent mark sweep GC freed 1397(81KB) AllocSpace objects, 1(20KB) LOS objects, 36% free, 27MB/43MB, paused 616us total 29.282ms
08-04 12:30:26.534 10100 10112 I art     : Starting a blocking GC Explicit
08-04 12:30:26.555 10100 10112 I art     : Explicit concurrent mark sweep GC freed 23(752B) AllocSpace objects, 0(0B) LOS objects, 36% free, 27MB/43MB, paused 613us total 20.372ms
08-04 12:30:26.562 10100 10112 I art     : Starting a blocking GC Explicit
08-04 12:30:26.581 10100 10112 I art     : Explicit concurrent mark sweep GC freed 3(96B) AllocSpace objects, 0(0B) LOS objects, 36% free, 27MB/43MB, paused 539us total 18.383ms
08-04 12:30:26.587 10100 10112 I art     : Starting a blocking GC Explicit
08-04 12:30:26.605 10100 10112 I art     : Explicit concurrent mark sweep GC freed 3(96B) AllocSpace objects, 0(0B) LOS objects, 36% free, 27MB/43MB, paused 546us total 17.901ms
08-04 12:30:26.612 10100 10112 I art     : Starting a blocking GC Explicit
08-04 12:30:26.630 10100 10112 I art     : Explicit concurrent mark sweep GC freed 3(96B) AllocSpace objects, 0(0B) LOS objects, 36% free, 27MB/43MB, paused 525us total 18.173ms
08-04 12:30:26.842 11308 11308 D AndroidRuntime: >>>>>> START com.android.internal.os.RuntimeInit uid 2000 <<<<<<
08-04 12:30:26.846 11308 11308 D AndroidRuntime: CheckJNI is OFF
08-04 12:30:26.873 11308 11308 D ICU     : No timezone override file found: /data/misc/zoneinfo/current/icu/icu_tzdata.dat
08-04 12:30:26.886 10100 10122 I art     : Starting a blocking GC Explicit
08-04 12:30:26.900 11308 11308 I Radio-JNI: register_android_hardware_Radio DONE
08-04 12:30:26.908 10100 10122 I art     : Explicit concurrent mark sweep GC freed 1368(80KB) AllocSpace objects, 1(20KB) LOS objects, 36% free, 27MB/43MB, paused 725us total 21.508ms
08-04 12:30:26.915 10100 10122 I art     : Starting a blocking GC Explicit
08-04 12:30:26.917 11308 11308 D AndroidRuntime: Calling main entry com.android.commands.input.Input
08-04 12:30:26.919 11308 11308 I Input   : injectMotionEvent: MotionEvent { action=ACTION_DOWN, actionButton=0, id[0]=0, x[0]=639.0, y[0]=762.0, toolType[0]=TOOL_TYPE_UNKNOWN, buttonState=0, metaState=0, flags=0x0, edgeFlags=0x0, pointerCount=1, historySize=0, eventTime=707443332, downTime=707443332, deviceId=0, source=0x1002 }
08-04 12:30:26.924 11308 11308 I Input   : injectMotionEvent: MotionEvent { action=ACTION_UP, actionButton=0, id[0]=0, x[0]=639.0, y[0]=762.0, toolType[0]=TOOL_TYPE_UNKNOWN, buttonState=0, metaState=0, flags=0x0, edgeFlags=0x0, pointerCount=1, historySize=0, eventTime=707443332, downTime=707443332, deviceId=0, source=0x1002 }
08-04 12:30:26.925 11308 11308 D AndroidRuntime: Shutting down VM
08-04 12:30:26.934 10100 10122 I art     : Explicit concurrent mark sweep GC freed 44(1424B) AllocSpace objects, 0(0B) LOS objects, 36% free, 27MB/43MB, paused 567us total 18.771ms
08-04 12:30:26.942 10100 10122 I art     : Starting a blocking GC Explicit
08-04 12:30:26.962 10100 10122 I art     : Explicit concurrent mark sweep GC freed 10(416B) AllocSpace objects, 0(0B) LOS objects, 36% free, 27MB/43MB, paused 539us total 20.122ms
08-04 12:30:26.970 10100 10122 I art     : Starting a blocking GC Explicit
08-04 12:30:26.989 10100 10122 I art     : Explicit concurrent mark sweep GC freed 8(256B) AllocSpace objects, 0(0B) LOS objects, 36% free, 27MB/43MB, paused 567us total 19.411ms
08-04 12:30:26.996 10100 10122 I art     : Starting a blocking GC Explicit
08-04 12:30:27.000   512  2967 D audio_hw_primary: out_set_parameters: enter: usecase(1: low-latency-playback) kvpairs: routing=2
08-04 12:30:27.012   512  2967 D audio_hw_primary: select_devices: out_snd_device(2: speaker) in_snd_device(0: none)
08-04 12:30:27.012   512  2967 D msm8974_platform: platform_send_audio_calibration: sending audio calibration for snd_device(2) acdb_id(15)
08-04 12:30:27.013   512  2967 I soundtrigger: audio_extn_sound_trigger_update_device_status: device 0x2 of type 0 for Event 1
08-04 12:30:27.018 10100 10122 I art     : Explicit concurrent mark sweep GC freed 176(7KB) AllocSpace objects, 0(0B) LOS objects, 36% free, 27MB/43MB, paused 920us total 21.491ms
08-04 12:30:27.019 13866 13866 I GoogleInputMethodServic: GoogleInputMethodService.onFinishInput():3138 
08-04 12:30:27.019 13866 13866 I GoogleInputMethodServic: GoogleInputMethodService.onStartInput():1808 
08-04 12:30:27.024   512  2967 D audio_hw_primary: enable_snd_device: snd_device(2: speaker)
08-04 12:30:27.026   512  2967 D audio_hw_primary: enable_audio_route: apply and update mixer path: low-latency-playback speaker
08-04 12:30:27.235 10100 10126 I NAPPA_EXPERIMENTATION: MetricNetworkRequestExecutionTime: REQUEST_DURATION_SYSTEM='237',REQUEST_DURATION_OKHTTP='235',REQUEST_SYNCHRONOUS='TRUE',RESPONSE_CODE='200',RESPONSE_METHOD='GET',RESPONSE_LENGTH_OKHTTP='-1',RESPONSE_LENGTH_HEADER='622',REQUEST_PROTOCOL='h2',REQUEST_URL='https://itunes.apple.com/lookup?id=360084272',
08-04 12:30:27.248   918  5481 I ActivityManager: START u0 {cmp=baseline.de.danoeh.antennapod.debug/baseline.de.danoeh.antennapod.activity.OnlineFeedViewActivity (has extras)} from uid 10670 on display 0
08-04 12:30:27.269 13866 13866 I GoogleInputMethodServic: GoogleInputMethodService.onFinishInput():3138 
08-04 12:30:27.270 13866 13866 I GoogleInputMethodServic: GoogleInputMethodService.onStartInput():1808 
08-04 12:30:27.274 10100 10112 I art     : Starting a blocking GC Explicit
08-04 12:30:27.290 10100 10100 D UserPreferences: Using default data folder
08-04 12:30:27.291 10100 10100 D OnlineFeedViewActivity: Activity was started with url http://joeroganexp.joerogan.libsynpro.com/rss
08-04 12:30:27.292 10100 10100 D OnlineFeedViewActivity: Starting feed download
08-04 12:30:27.294 10100 10120 D DBReader: Extracting Feedlist
08-04 12:30:27.297 10100 10112 I art     : Explicit concurrent mark sweep GC freed 2831(178KB) AllocSpace objects, 1(20KB) LOS objects, 36% free, 27MB/43MB, paused 892us total 22.510ms
08-04 12:30:27.298   918  5481 D WifiService: acquireWifiLockLocked: WifiLock{Downloader type=1 binder=android.os.BinderProxy@e2efb66}
08-04 12:30:27.299 10100 10120 D AntennapodHttpClient: Creating new instance of HTTP client
08-04 12:30:27.307 10100 10112 I art     : Starting a blocking GC Explicit
08-04 12:30:27.326 10100 10112 I art     : Explicit concurrent mark sweep GC freed 599(45KB) AllocSpace objects, 0(0B) LOS objects, 36% free, 27MB/43MB, paused 744us total 19.061ms
08-04 12:30:27.332 10100 10112 I art     : Starting a blocking GC Explicit
08-04 12:30:27.337 10100 10120 D MYTAG   : interceptor 3a http://joeroganexp.joerogan.libsynpro.com/rss
08-04 12:30:27.337 10100 10120 I NAPPA_EXPERIMENTATION: MetricNetworkRequestExecutionTime: REQUEST_DURATION_SYSTEM='37',REQUEST_DURATION_OKHTTP='33',REQUEST_SYNCHRONOUS='TRUE',RESPONSE_CODE='200',RESPONSE_METHOD='GET',RESPONSE_LENGTH_OKHTTP='-1',RESPONSE_LENGTH_HEADER='307892',REQUEST_PROTOCOL='http/1.1',REQUEST_URL='http://joeroganexp.joerogan.libsynpro.com/rss',
08-04 12:30:27.337 10100 10120 D HttpDownloader: Response code is 200
08-04 12:30:27.337 10100 10120 D UserPreferences: Using default data folder
08-04 12:30:27.339 10100 10120 D HttpDownloader: Getting size of download
08-04 12:30:27.339 10100 10120 D HttpDownloader: Size is -1
08-04 12:30:27.339 10100 10120 D UserPreferences: Using default data folder
08-04 12:30:27.341 10100 10120 D HttpDownloader: Free space is 20260024320
08-04 12:30:27.341 10100 10120 D HttpDownloader: Starting download
08-04 12:30:27.351 10100 10112 I art     : Explicit concurrent mark sweep GC freed 304(22KB) AllocSpace objects, 0(0B) LOS objects, 36% free, 27MB/43MB, paused 579us total 18.879ms
08-04 12:30:27.355 13866 13866 I GoogleInputMethodServic: GoogleInputMethodService.onFinishInput():3138 
08-04 12:30:27.356 13866 13866 I GoogleInputMethodServic: GoogleInputMethodService.onStartInput():1808 
08-04 12:30:27.358 10100 10112 I art     : Starting a blocking GC Explicit
08-04 12:30:27.378 10100 10112 I art     : Explicit concurrent mark sweep GC freed 170(6KB) AllocSpace objects, 0(0B) LOS objects, 36% free, 27MB/43MB, paused 748us total 19.457ms
08-04 12:30:27.382   918   936 I ActivityManager: Displayed baseline.de.danoeh.antennapod.debug/baseline.de.danoeh.antennapod.activity.OnlineFeedViewActivity: +113ms
08-04 12:30:27.385 10100 10112 I art     : Starting a blocking GC Explicit
08-04 12:30:27.406 10100 10112 I art     : Explicit concurrent mark sweep GC freed 35(1376B) AllocSpace objects, 0(0B) LOS objects, 36% free, 27MB/43MB, paused 587us total 20.763ms
08-04 12:30:27.526 10100 10120 D HttpDownloader: Download was successful
08-04 12:30:27.527   918  6029 D WifiService: releaseWifiLockLocked: WifiLock{Downloader type=1 binder=android.os.BinderProxy@e2efb66}
08-04 12:30:27.528 10100 10100 D OnlineFeedViewActivity: Parsing feed
08-04 12:30:27.534 10100 11344 D TypeGetter: Recognized type RSS 2.0
08-04 12:30:27.537 10100 11344 D SyndHandler: Recognized Atom namespace
08-04 12:30:27.538 10100 11344 D SyndHandler: Recognized ITunes namespace
08-04 12:30:27.538 10100 11344 D SyndHandler: Recognized media namespace
08-04 12:30:27.538 10100 11344 D SyndHandler: Recognized Content namespace
08-04 12:30:27.572   512  2967 D audio_hw_primary: disable_audio_route: reset and update mixer path: low-latency-playback speaker
08-04 12:30:27.573   518   646 I ThermalEngine: ACTION: GPU - Setting GPU[0] to 510000000
08-04 12:30:27.573   512  2967 D audio_hw_primary: disable_snd_device: snd_device(2: speaker)
08-04 12:30:27.583   512  2967 I soundtrigger: audio_extn_sound_trigger_update_device_status: device 0x2 of type 0 for Event 0
08-04 12:30:27.615   380   380 W SurfaceFlinger: couldn't log to binary event log: overflow.
08-04 12:30:27.682 10100 11030 I art     : Starting a blocking GC Explicit
08-04 12:30:27.711 10100 11030 I art     : Explicit concurrent mark sweep GC freed 11774(780KB) AllocSpace objects, 4(80KB) LOS objects, 36% free, 28MB/44MB, paused 1.018ms total 28.894ms
08-04 12:30:27.721 10100 11030 I art     : Starting a blocking GC Explicit
08-04 12:30:27.749 10100 11030 I art     : Explicit concurrent mark sweep GC freed 5222(249KB) AllocSpace objects, 0(0B) LOS objects, 36% free, 28MB/44MB, paused 968us total 27.652ms
08-04 12:30:27.753 10100 10100 D PlaybackController: Releasing PlaybackController
08-04 12:30:27.759 10100 11030 I art     : Starting a blocking GC Explicit
08-04 12:30:27.784 10100 11030 I art     : Explicit concurrent mark sweep GC freed 3063(159KB) AllocSpace objects, 0(0B) LOS objects, 36% free, 28MB/44MB, paused 942us total 24.989ms
08-04 12:30:27.793 10100 11030 I art     : Starting a blocking GC Explicit
08-04 12:30:27.818 10100 11030 I art     : Explicit concurrent mark sweep GC freed 2695(140KB) AllocSpace objects, 0(0B) LOS objects, 36% free, 28MB/44MB, paused 988us total 25.488ms
08-04 12:30:27.827 10100 11030 I art     : Starting a blocking GC Explicit
08-04 12:30:27.853 10100 11030 I art     : Explicit concurrent mark sweep GC freed 2682(142KB) AllocSpace objects, 0(0B) LOS objects, 36% free, 28MB/44MB, paused 969us total 26.041ms
08-04 12:30:28.123 10100 10112 I art     : Starting a blocking GC Explicit
08-04 12:30:28.158 10100 10112 I art     : Explicit concurrent mark sweep GC freed 22787(1214KB) AllocSpace objects, 1(20KB) LOS objects, 35% free, 29MB/45MB, paused 1.144ms total 34.714ms
08-04 12:30:28.169 10100 10112 I art     : Starting a blocking GC Explicit
08-04 12:30:28.198 10100 10112 I art     : Explicit concurrent mark sweep GC freed 4547(220KB) AllocSpace objects, 0(0B) LOS objects, 35% free, 29MB/45MB, paused 1.184ms total 28.693ms
08-04 12:30:28.209 10100 10112 I art     : Starting a blocking GC Explicit
08-04 12:30:28.236 10100 10112 I art     : Explicit concurrent mark sweep GC freed 7587(358KB) AllocSpace objects, 0(0B) LOS objects, 35% free, 28MB/44MB, paused 951us total 26.622ms
08-04 12:30:28.244 10100 10112 I art     : Starting a blocking GC Explicit
08-04 12:30:28.271 10100 10112 I art     : Explicit concurrent mark sweep GC freed 2792(142KB) AllocSpace objects, 0(0B) LOS objects, 35% free, 28MB/44MB, paused 1.057ms total 26.785ms
08-04 12:30:28.280 10100 10112 I art     : Starting a blocking GC Explicit
08-04 12:30:28.307 10100 10112 I art     : Explicit concurrent mark sweep GC freed 2890(144KB) AllocSpace objects, 0(0B) LOS objects, 35% free, 28MB/44MB, paused 1.102ms total 26.786ms
08-04 12:30:28.580 10100 11030 I art     : Starting a blocking GC Explicit
08-04 12:30:28.613 10100 11030 I art     : Explicit concurrent mark sweep GC freed 22861(1248KB) AllocSpace objects, 1(20KB) LOS objects, 35% free, 29MB/45MB, paused 1.112ms total 32.450ms
08-04 12:30:28.623 10100 11030 I art     : Starting a blocking GC Explicit
08-04 12:30:28.653 10100 11030 I art     : Explicit concurrent mark sweep GC freed 3614(177KB) AllocSpace objects, 0(0B) LOS objects, 35% free, 29MB/45MB, paused 1.108ms total 29.811ms
08-04 12:30:28.662 10100 11030 I art     : Starting a blocking GC Explicit
08-04 12:30:28.691 10100 11030 I art     : Explicit concurrent mark sweep GC freed 7713(369KB) AllocSpace objects, 0(0B) LOS objects, 35% free, 29MB/45MB, paused 1.066ms total 28.708ms
08-04 12:30:28.701 10100 11030 I art     : Starting a blocking GC Explicit
08-04 12:30:28.729 10100 11030 I art     : Explicit concurrent mark sweep GC freed 4045(202KB) AllocSpace objects, 0(0B) LOS objects, 35% free, 29MB/45MB, paused 1.047ms total 28.261ms
08-04 12:30:28.739 10100 11030 I art     : Starting a blocking GC Explicit
08-04 12:30:28.767 10100 11030 I art     : Explicit concurrent mark sweep GC freed 3047(157KB) AllocSpace objects, 0(0B) LOS objects, 35% free, 29MB/45MB, paused 1.052ms total 28.241ms
08-04 12:30:29.058 10100 10113 I art     : Starting a blocking GC Explicit
08-04 12:30:29.103 10100 10113 I art     : Explicit concurrent mark sweep GC freed 25451(1429KB) AllocSpace objects, 1(20KB) LOS objects, 34% free, 30MB/46MB, paused 1.180ms total 44.717ms
08-04 12:30:29.115 10100 10113 I art     : Starting a blocking GC Explicit
08-04 12:30:29.145 10100 10113 I art     : Explicit concurrent mark sweep GC freed 9971(474KB) AllocSpace objects, 0(0B) LOS objects, 34% free, 30MB/46MB, paused 1.216ms total 30.395ms
08-04 12:30:29.155 10100 10113 I art     : Starting a blocking GC Explicit
08-04 12:30:29.185 10100 10113 I art     : Explicit concurrent mark sweep GC freed 3662(181KB) AllocSpace objects, 0(0B) LOS objects, 34% free, 30MB/46MB, paused 951us total 29.356ms
08-04 12:30:29.195 10100 10113 I art     : Starting a blocking GC Explicit
08-04 12:30:29.226 10100 10113 I art     : Explicit concurrent mark sweep GC freed 3224(157KB) AllocSpace objects, 0(0B) LOS objects, 34% free, 30MB/46MB, paused 1.082ms total 31.319ms
08-04 12:30:29.236 10100 10113 I art     : Starting a blocking GC Explicit
08-04 12:30:29.268 10100 10113 I art     : Explicit concurrent mark sweep GC freed 3165(162KB) AllocSpace objects, 0(0B) LOS objects, 34% free, 30MB/46MB, paused 1.225ms total 31.465ms
08-04 12:30:29.568 10100 10113 I art     : Starting a blocking GC Explicit
08-04 12:30:29.610 10100 10113 I art     : Explicit concurrent mark sweep GC freed 26170(1400KB) AllocSpace objects, 1(20KB) LOS objects, 33% free, 31MB/47MB, paused 1.257ms total 41.290ms
08-04 12:30:29.622 10100 10113 I art     : Starting a blocking GC Explicit
08-04 12:30:29.655 10100 10113 I art     : Explicit concurrent mark sweep GC freed 10468(462KB) AllocSpace objects, 0(0B) LOS objects, 34% free, 30MB/46MB, paused 1.151ms total 32.487ms
08-04 12:30:29.665 10100 10113 I art     : Starting a blocking GC Explicit
08-04 12:30:29.698 10100 10113 I art     : Explicit concurrent mark sweep GC freed 3969(169KB) AllocSpace objects, 0(0B) LOS objects, 34% free, 30MB/46MB, paused 1.117ms total 32.220ms
08-04 12:30:29.708 10100 10113 I art     : Starting a blocking GC Explicit
08-04 12:30:29.742 10100 10113 I art     : Explicit concurrent mark sweep GC freed 3412(146KB) AllocSpace objects, 0(0B) LOS objects, 34% free, 30MB/46MB, paused 1.172ms total 33.398ms
08-04 12:30:29.752 10100 10113 I art     : Starting a blocking GC Explicit
08-04 12:30:29.787 10100 10113 I art     : Explicit concurrent mark sweep GC freed 3478(156KB) AllocSpace objects, 0(0B) LOS objects, 34% free, 30MB/46MB, paused 2.286ms total 34.489ms
08-04 12:30:29.953 10100 11344 D OnlineFeedViewActivity: Deleted feed source file. Result: true
08-04 12:30:29.970 10100 10100 D OnlineFeedViewActivity: Removing HTML from shownotes
08-04 12:30:30.101 10100 10112 I art     : Starting a blocking GC Explicit
08-04 12:30:30.143 10100 10112 I art     : Explicit concurrent mark sweep GC freed 69107(5MB) AllocSpace objects, 289(19MB) LOS objects, 32% free, 33MB/49MB, paused 946us total 42.135ms
08-04 12:30:30.156 10100 10112 I art     : Starting a blocking GC Explicit
08-04 12:30:30.193 10100 10112 I art     : Explicit concurrent mark sweep GC freed 47425(3MB) AllocSpace objects, 206(13MB) LOS objects, 32% free, 33MB/49MB, paused 951us total 37.585ms
08-04 12:30:30.205 10100 10112 I art     : Starting a blocking GC Explicit
08-04 12:30:30.246 10100 10112 I art     : Explicit concurrent mark sweep GC freed 46704(3MB) AllocSpace objects, 209(13MB) LOS objects, 32% free, 33MB/49MB, paused 1.138ms total 40.364ms
08-04 12:30:30.258 10100 10112 I art     : Starting a blocking GC Explicit
08-04 12:30:30.301 10100 10112 I art     : Explicit concurrent mark sweep GC freed 48399(3MB) AllocSpace objects, 217(14MB) LOS objects, 32% free, 33MB/49MB, paused 1.117ms total 42.866ms
08-04 12:30:30.313 10100 10112 I art     : Starting a blocking GC Explicit
08-04 12:30:30.339 13866 13882 I PeriodicStatsRunner: PeriodicStatsRunner.call():175 call()
08-04 12:30:30.340 13866 13882 I PeriodicStatsRunner: PeriodicStatsRunner.call():179 No submit PeriodicStats since input started.
08-04 12:30:30.354 10100 10112 I art     : Explicit concurrent mark sweep GC freed 47373(3MB) AllocSpace objects, 214(14MB) LOS objects, 32% free, 33MB/49MB, paused 1.257ms total 41.109ms
08-04 12:30:30.413 10100 11045 D ApOkHttpUrlLoader: buildLoadData() called with: model = [http://static.libsyn.com/p/assets/7/1/f/3/71f3014e14ef2722/JREiTunesImage2.jpg], width = [350], height = [350]
08-04 12:30:30.416 10100 10835 D DBReader: getImageAuthentication() called with: imageUrl = [http://static.libsyn.com/p/assets/7/1/f/3/71f3014e14ef2722/JREiTunesImage2.jpg]
08-04 12:30:30.419 10100 10835 D ApOkHttpUrlLoader: no credentials for 'http://static.libsyn.com/p/assets/7/1/f/3/71f3014e14ef2722/JREiTunesImage2.jpg'
08-04 12:30:30.507 10100 10835 D MYTAG   : interceptor 2a
08-04 12:30:30.507 10100 10835 I NAPPA_EXPERIMENTATION: MetricNetworkRequestExecutionTime: REQUEST_DURATION_SYSTEM='88',REQUEST_DURATION_OKHTTP='32',REQUEST_SYNCHRONOUS='TRUE',RESPONSE_CODE='200',RESPONSE_METHOD='GET',RESPONSE_LENGTH_OKHTTP='402832',RESPONSE_LENGTH_HEADER='402832',REQUEST_PROTOCOL='http/1.1',REQUEST_URL='http://static.libsyn.com/p/assets/7/1/f/3/71f3014e14ef2722/JREiTunesImage2.jpg',
08-04 12:30:30.671 10100 11030 I art     : Starting a blocking GC Explicit
08-04 12:30:30.711 10100 11030 I art     : Explicit concurrent mark sweep GC freed 13750(1397KB) AllocSpace objects, 71(4MB) LOS objects, 33% free, 31MB/47MB, paused 809us total 39.745ms
08-04 12:30:30.721 10100 11030 I art     : Starting a blocking GC Explicit
08-04 12:30:30.753 10100 11030 I art     : Explicit concurrent mark sweep GC freed 612(29KB) AllocSpace objects, 1(112KB) LOS objects, 33% free, 31MB/47MB, paused 752us total 31.630ms
08-04 12:30:30.764 10100 11030 I art     : Starting a blocking GC Explicit
08-04 12:30:30.796 10100 11030 I art     : Explicit concurrent mark sweep GC freed 3(96B) AllocSpace objects, 0(0B) LOS objects, 33% free, 31MB/47MB, paused 761us total 31.865ms
08-04 12:30:30.806 10100 11030 I art     : Starting a blocking GC Explicit
08-04 12:30:30.839 10100 11030 I art     : Explicit concurrent mark sweep GC freed 3(96B) AllocSpace objects, 0(0B) LOS objects, 33% free, 31MB/47MB, paused 731us total 32ms
08-04 12:30:30.849 10100 11030 I art     : Starting a blocking GC Explicit
08-04 12:30:30.881 10100 11030 I art     : Explicit concurrent mark sweep GC freed 3(96B) AllocSpace objects, 0(0B) LOS objects, 33% free, 31MB/47MB, paused 774us total 32.050ms
08-04 12:30:31.210 10100 11029 I art     : Starting a blocking GC Explicit
08-04 12:30:31.248 10100 11029 I art     : Explicit concurrent mark sweep GC freed 1370(80KB) AllocSpace objects, 1(20KB) LOS objects, 33% free, 31MB/47MB, paused 913us total 37.062ms
08-04 12:30:31.260 10100 11029 I art     : Starting a blocking GC Explicit
08-04 12:30:31.295 10100 11029 I art     : Explicit concurrent mark sweep GC freed 23(752B) AllocSpace objects, 0(0B) LOS objects, 33% free, 31MB/47MB, paused 786us total 35.235ms
08-04 12:30:31.307 10100 11029 I art     : Starting a blocking GC Explicit
08-04 12:30:31.343 10100 11029 I art     : Explicit concurrent mark sweep GC freed 3(96B) AllocSpace objects, 0(0B) LOS objects, 33% free, 31MB/47MB, paused 775us total 36.001ms
08-04 12:30:31.355 10100 11029 I art     : Starting a blocking GC Explicit
08-04 12:30:31.391 10100 11029 I art     : Explicit concurrent mark sweep GC freed 32(880B) AllocSpace objects, 0(0B) LOS objects, 33% free, 31MB/47MB, paused 806us total 35.815ms
08-04 12:30:31.402 10100 11029 I art     : Starting a blocking GC Explicit
08-04 12:30:31.438 10100 11029 I art     : Explicit concurrent mark sweep GC freed 3(96B) AllocSpace objects, 0(0B) LOS objects, 33% free, 31MB/47MB, paused 847us total 35.810ms
08-04 12:30:31.592 11423 11423 D AndroidRuntime: >>>>>> START com.android.internal.os.RuntimeInit uid 2000 <<<<<<
08-04 12:30:31.598 11423 11423 D AndroidRuntime: CheckJNI is OFF
08-04 12:30:31.634 11423 11423 D ICU     : No timezone override file found: /data/misc/zoneinfo/current/icu/icu_tzdata.dat
08-04 12:30:31.665 11423 11423 I Radio-JNI: register_android_hardware_Radio DONE
08-04 12:30:31.686 11423 11423 D AndroidRuntime: Calling main entry com.android.commands.input.Input
08-04 12:30:31.688 11423 11423 I Input   : injectMotionEvent: MotionEvent { action=ACTION_DOWN, actionButton=0, id[0]=0, x[0]=693.0, y[0]=821.0, toolType[0]=TOOL_TYPE_UNKNOWN, buttonState=0, metaState=0, flags=0x0, edgeFlags=0x0, pointerCount=1, historySize=0, eventTime=707448101, downTime=707448101, deviceId=0, source=0x1002 }
08-04 12:30:31.692 11423 11423 I Input   : injectMotionEvent: MotionEvent { action=ACTION_UP, actionButton=0, id[0]=0, x[0]=693.0, y[0]=821.0, toolType[0]=TOOL_TYPE_UNKNOWN, buttonState=0, metaState=0, flags=0x0, edgeFlags=0x0, pointerCount=1, historySize=0, eventTime=707448101, downTime=707448101, deviceId=0, source=0x1002 }
08-04 12:30:31.694 11423 11423 D AndroidRuntime: Shutting down VM
08-04 12:30:31.704 10100 10100 D UserPreferences: Using default data folder
08-04 12:30:31.705   512  2967 D audio_hw_primary: out_set_parameters: enter: usecase(1: low-latency-playback) kvpairs: routing=2
08-04 12:30:31.706 10100 10100 D DownloadRequester: partiallyDownloadedFileExists: false
08-04 12:30:31.706 10100 10100 D DownloadRequester: /storage/emulated/0/Android/data/baseline.de.danoeh.antennapod.debug/files/cache/feed-The Joe Rogan Experience is available as a download destination
08-04 12:30:31.706 10100 10100 D DownloadRequester: Requesting download of url http://joeroganexp.joerogan.libsynpro.com/rss
08-04 12:30:31.718   512  2967 D audio_hw_primary: select_devices: out_snd_device(2: speaker) in_snd_device(0: none)
08-04 12:30:31.718   512  2967 D msm8974_platform: platform_send_audio_calibration: sending audio calibration for snd_device(2) acdb_id(15)
08-04 12:30:31.718   512  2967 I soundtrigger: audio_extn_sound_trigger_update_device_status: device 0x2 of type 0 for Event 1
08-04 12:30:31.720 10100 10100 D DownloadService: Service started
08-04 12:30:31.721 10100 10100 D DownloadService: parallel downloads: 4
08-04 12:30:31.724 10100 10100 D DownloadService: Notification set up
08-04 12:30:31.724 10100 11447 D downloadCompletionThd: downloadCompletionThread was started
08-04 12:30:31.728 10100 10100 D DownloadService: Received enqueue request
08-04 12:30:31.729 10100 10100 D OnlineFeedViewActivity: onEventMainThread() called with: event = [DownloadEvent{update=DownloaderUpdate{downloaders=[baseline.de.danoeh.antennapod.core.service.download.HttpDownloader@b35a412], feedIds=[0], mediaIds=[]}}]
08-04 12:30:31.730 10100 10100 D DownloadService: 1 downloads left
08-04 12:30:31.730 10100 10100 D DownloadService: Setting up notification updater
08-04 12:30:31.730   918  5132 D WifiService: acquireWifiLockLocked: WifiLock{Downloader type=1 binder=android.os.BinderProxy@432d331}
08-04 12:30:31.731   512  2967 D audio_hw_primary: enable_snd_device: snd_device(2: speaker)
08-04 12:30:31.731 10100 11449 D AntennapodHttpClient: Creating new instance of HTTP client
08-04 12:30:31.733   512  2967 D audio_hw_primary: enable_audio_route: apply and update mixer path: low-latency-playback speaker
08-04 12:30:31.755 10100 11029 I art     : Starting a blocking GC Explicit
08-04 12:30:31.789 10100 11029 I art     : Explicit concurrent mark sweep GC freed 2457(138KB) AllocSpace objects, 1(20KB) LOS objects, 33% free, 31MB/47MB, paused 908us total 33.820ms
08-04 12:30:31.800 10100 11029 I art     : Starting a blocking GC Explicit
08-04 12:30:31.833 10100 11029 I art     : Explicit concurrent mark sweep GC freed 47(2000B) AllocSpace objects, 0(0B) LOS objects, 33% free, 31MB/47MB, paused 936us total 33.314ms
08-04 12:30:31.842 10100 11449 D MYTAG   : interceptor 3a http://joeroganexp.joerogan.libsynpro.com/rss
08-04 12:30:31.844 10100 11449 I NAPPA_EXPERIMENTATION: MetricNetworkRequestExecutionTime: REQUEST_DURATION_SYSTEM='111',REQUEST_DURATION_OKHTTP='35',REQUEST_SYNCHRONOUS='TRUE',RESPONSE_CODE='200',RESPONSE_METHOD='GET',RESPONSE_LENGTH_OKHTTP='-1',RESPONSE_LENGTH_HEADER='307892',REQUEST_PROTOCOL='http/1.1',REQUEST_URL='http://joeroganexp.joerogan.libsynpro.com/rss',
08-04 12:30:31.844 10100 11449 D HttpDownloader: Response code is 200
08-04 12:30:31.844 10100 11449 D UserPreferences: Using default data folder
08-04 12:30:31.844 10100 11029 I art     : Starting a blocking GC Explicit
08-04 12:30:31.846 10100 11449 D HttpDownloader: Getting size of download
08-04 12:30:31.847 10100 11449 D HttpDownloader: Size is -1
08-04 12:30:31.847 10100 11449 D UserPreferences: Using default data folder
08-04 12:30:31.848 10100 11449 D HttpDownloader: Free space is 20259565568
08-04 12:30:31.848 10100 11449 D HttpDownloader: Starting download
08-04 12:30:31.877 10100 11029 I art     : Explicit concurrent mark sweep GC freed 208(17KB) AllocSpace objects, 0(0B) LOS objects, 33% free, 31MB/47MB, paused 926us total 32.879ms
08-04 12:30:31.888 10100 11029 I art     : Starting a blocking GC Explicit
08-04 12:30:31.921 10100 11029 I art     : Explicit concurrent mark sweep GC freed 9(480B) AllocSpace objects, 0(0B) LOS objects, 33% free, 31MB/47MB, paused 963us total 32.410ms
08-04 12:30:31.931 10100 11029 I art     : Starting a blocking GC Explicit
08-04 12:30:31.963 10100 11449 D HttpDownloader: Download was successful
08-04 12:30:31.964 10100 11029 I art     : Explicit concurrent mark sweep GC freed 6(192B) AllocSpace objects, 0(0B) LOS objects, 33% free, 31MB/47MB, paused 890us total 32.291ms
08-04 12:30:31.964   918   928 D WifiService: releaseWifiLockLocked: WifiLock{Downloader type=1 binder=android.os.BinderProxy@432d331}
08-04 12:30:31.965 10100 11447 D downloadCompletionThd: Received 'Download Complete' - message.
08-04 12:30:31.965 10100 11447 D DownloadService: Handling completed Feed Download
08-04 12:30:31.965 10100 10100 D DownloadService: Removing downloader: http://joeroganexp.joerogan.libsynpro.com/rss
08-04 12:30:31.965 10100 10100 D DownloadService: Result of downloads.remove: true
08-04 12:30:31.968 10100 11452 D TypeGetter: Recognized type RSS 2.0
08-04 12:30:31.970 10100 11452 D SyndHandler: Recognized Atom namespace
08-04 12:30:31.970 10100 11452 D SyndHandler: Recognized ITunes namespace
08-04 12:30:31.970 10100 11452 D SyndHandler: Recognized media namespace
08-04 12:30:31.970 10100 11452 D SyndHandler: Recognized Content namespace
08-04 12:30:32.020 13866 13882 I PeriodicStatsRunner: PeriodicStatsRunner.call():175 call()
08-04 12:30:32.020 13866 13882 I PeriodicStatsRunner: PeriodicStatsRunner.call():179 No submit PeriodicStats since input started.
08-04 12:30:32.221 10100 11030 I art     : Starting a blocking GC Explicit
08-04 12:30:32.267 10100 11030 I art     : Explicit concurrent mark sweep GC freed 20178(1232KB) AllocSpace objects, 4(80KB) LOS objects, 33% free, 32MB/48MB, paused 1.308ms total 45.843ms
08-04 12:30:32.273 13866 13882 I PeriodicStatsRunner: PeriodicStatsRunner.call():175 call()
08-04 12:30:32.273 13866 13882 I PeriodicStatsRunner: PeriodicStatsRunner.call():179 No submit PeriodicStats since input started.
08-04 12:30:32.279   512  2967 D audio_hw_primary: disable_audio_route: reset and update mixer path: low-latency-playback speaker
08-04 12:30:32.279 10100 11030 I art     : Starting a blocking GC Explicit
08-04 12:30:32.280   512  2967 D audio_hw_primary: disable_snd_device: snd_device(2: speaker)
08-04 12:30:32.289   512  2967 I soundtrigger: audio_extn_sound_trigger_update_device_status: device 0x2 of type 0 for Event 0
08-04 12:30:32.319 10100 11030 I art     : Explicit concurrent mark sweep GC freed 8712(414KB) AllocSpace objects, 0(0B) LOS objects, 33% free, 32MB/48MB, paused 1.295ms total 39.322ms
08-04 12:30:32.330 10100 11030 I art     : Starting a blocking GC Explicit
08-04 12:30:32.356 13866 13882 I PeriodicStatsRunner: PeriodicStatsRunner.call():175 call()
08-04 12:30:32.356 13866 13882 I PeriodicStatsRunner: PeriodicStatsRunner.call():179 No submit PeriodicStats since input started.
08-04 12:30:32.365 10100 11030 I art     : Explicit concurrent mark sweep GC freed 4116(211KB) AllocSpace objects, 0(0B) LOS objects, 33% free, 32MB/48MB, paused 1.164ms total 34.794ms
08-04 12:30:32.376 10100 11030 I art     : Starting a blocking GC Explicit
08-04 12:30:32.411 10100 11030 I art     : Explicit concurrent mark sweep GC freed 3735(184KB) AllocSpace objects, 0(0B) LOS objects, 33% free, 32MB/48MB, paused 1.195ms total 35.248ms
08-04 12:30:32.422 10100 11030 I art     : Starting a blocking GC Explicit
08-04 12:30:32.458 10100 11030 I art     : Explicit concurrent mark sweep GC freed 3740(199KB) AllocSpace objects, 0(0B) LOS objects, 33% free, 32MB/48MB, paused 1.110ms total 35.663ms
08-04 12:30:32.734 10100 11029 I art     : Starting a blocking GC Explicit
08-04 12:30:32.781 10100 11029 I art     : Explicit concurrent mark sweep GC freed 24221(1281KB) AllocSpace objects, 1(20KB) LOS objects, 32% free, 33MB/49MB, paused 1.323ms total 46.725ms
08-04 12:30:32.793 10100 11029 I art     : Starting a blocking GC Explicit
08-04 12:30:32.833 10100 11029 I art     : Explicit concurrent mark sweep GC freed 7735(376KB) AllocSpace objects, 0(0B) LOS objects, 32% free, 32MB/48MB, paused 1.302ms total 39.741ms
08-04 12:30:32.845 10100 11029 I art     : Starting a blocking GC Explicit
08-04 12:30:32.885 10100 11029 I art     : Explicit concurrent mark sweep GC freed 6551(314KB) AllocSpace objects, 0(0B) LOS objects, 32% free, 32MB/48MB, paused 1.232ms total 39.262ms
08-04 12:30:32.896 10100 11029 I art     : Starting a blocking GC Explicit
08-04 12:30:32.935 10100 11029 I art     : Explicit concurrent mark sweep GC freed 4012(217KB) AllocSpace objects, 0(0B) LOS objects, 32% free, 32MB/48MB, paused 1.193ms total 38.641ms
08-04 12:30:32.947 10100 11029 I art     : Starting a blocking GC Explicit
08-04 12:30:32.986 10100 11029 I art     : Explicit concurrent mark sweep GC freed 4070(211KB) AllocSpace objects, 0(0B) LOS objects, 32% free, 33MB/49MB, paused 1.194ms total 39.172ms
08-04 12:30:33.230 10100 10100 D OnlineFeedViewActivity: onEventMainThread() called with: event = [DownloadEvent{update=DownloaderUpdate{downloaders=[], feedIds=[], mediaIds=[]}}]
08-04 12:30:33.263 10100 10112 I art     : Starting a blocking GC Explicit
08-04 12:30:33.315 10100 10112 I art     : Explicit concurrent mark sweep GC freed 24165(1314KB) AllocSpace objects, 1(20KB) LOS objects, 32% free, 33MB/49MB, paused 1.344ms total 51.070ms
08-04 12:30:33.328 10100 10112 I art     : Starting a blocking GC Explicit
08-04 12:30:33.370 10100 10112 I art     : Explicit concurrent mark sweep GC freed 4907(258KB) AllocSpace objects, 0(0B) LOS objects, 32% free, 33MB/49MB, paused 1.508ms total 41.837ms
08-04 12:30:33.382 10100 10112 I art     : Starting a blocking GC Explicit
08-04 12:30:33.423 10100 10112 I art     : Explicit concurrent mark sweep GC freed 10200(497KB) AllocSpace objects, 0(0B) LOS objects, 32% free, 33MB/49MB, paused 1.266ms total 40.556ms
08-04 12:30:33.436 10100 10112 I art     : Starting a blocking GC Explicit
08-04 12:30:33.477 10100 10112 I art     : Explicit concurrent mark sweep GC freed 4206(225KB) AllocSpace objects, 0(0B) LOS objects, 32% free, 33MB/49MB, paused 1.245ms total 40.909ms
08-04 12:30:33.490 10100 10112 I art     : Starting a blocking GC Explicit
08-04 12:30:33.534 10100 10112 I art     : Explicit concurrent mark sweep GC freed 4168(229KB) AllocSpace objects, 0(0B) LOS objects, 32% free, 33MB/49MB, paused 1.204ms total 43.567ms
08-04 12:30:33.845 10100 10122 I art     : Starting a blocking GC Explicit
08-04 12:30:33.901 10100 10122 I art     : Explicit concurrent mark sweep GC freed 27030(1459KB) AllocSpace objects, 1(20KB) LOS objects, 31% free, 34MB/50MB, paused 1.437ms total 55.843ms
08-04 12:30:33.915 10100 10122 I art     : Starting a blocking GC Explicit
08-04 12:30:33.961 10100 10122 I art     : Explicit concurrent mark sweep GC freed 4576(275KB) AllocSpace objects, 0(0B) LOS objects, 31% free, 34MB/50MB, paused 1.493ms total 45.675ms
08-04 12:30:33.974 10100 10122 I art     : Starting a blocking GC Explicit
08-04 12:30:34.016 10100 10122 I art     : Explicit concurrent mark sweep GC freed 11765(569KB) AllocSpace objects, 0(0B) LOS objects, 31% free, 34MB/50MB, paused 1.284ms total 42.057ms
08-04 12:30:34.029 10100 10122 I art     : Starting a blocking GC Explicit
08-04 12:30:34.071 10100 10122 I art     : Explicit concurrent mark sweep GC freed 4541(192KB) AllocSpace objects, 0(0B) LOS objects, 31% free, 34MB/50MB, paused 1.274ms total 42.316ms
08-04 12:30:34.085 10100 10122 I art     : Starting a blocking GC Explicit
08-04 12:30:34.131 10100 10122 I art     : Explicit concurrent mark sweep GC freed 4718(200KB) AllocSpace objects, 0(0B) LOS objects, 31% free, 34MB/50MB, paused 1.370ms total 46.061ms
08-04 12:30:34.398 10100 11452 D FeedSyncThread: The Joe Rogan Experience parsed
08-04 12:30:34.404 10100 11452 D FeedSyncThread: Deletion of file '/storage/emulated/0/Android/data/baseline.de.danoeh.antennapod.debug/files/cache/feed-The Joe Rogan Experience' successful
08-04 12:30:34.404 10100 11452 D DBReader: getFeedDownloadLog() called with: feed = [baseline.de.danoeh.antennapod.core.feed.Feed@0]
08-04 12:30:34.405 10100 11448 D FeedSyncThread: Bundling 1 feeds
08-04 12:30:34.406 10100 11504 D DBReader: Extracting Feedlist
08-04 12:30:34.408 10100 11504 D DBTasks : Found no existing Feed with title The Joe Rogan Experience. Adding as new one.
08-04 12:30:34.410 10100 11172 D PodDBAdapter: Setting feed with flattr status The Joe Rogan Experience: 0
08-04 12:30:34.410 10100 11172 D baseline.de.danoeh.antennapod.core.storage.PodDBAdapter@bd323f7: Inserting new Feed into db
08-04 12:30:34.454 10100 11030 I art     : Starting a blocking GC Explicit
08-04 12:30:34.511 10100 11030 I art     : Explicit concurrent mark sweep GC freed 50610(2MB) AllocSpace objects, 1(20KB) LOS objects, 31% free, 35MB/51MB, paused 1.188ms total 56.447ms
08-04 12:30:34.526 10100 11030 I art     : Starting a blocking GC Explicit
08-04 12:30:34.575 10100 11030 I art     : Explicit concurrent mark sweep GC freed 24879(1674KB) AllocSpace objects, 0(0B) LOS objects, 31% free, 34MB/50MB, paused 1.212ms total 48.232ms
08-04 12:30:34.588 10100 11030 I art     : Starting a blocking GC Explicit
08-04 12:30:34.635 10100 11030 I art     : Explicit concurrent mark sweep GC freed 17550(1305KB) AllocSpace objects, 0(0B) LOS objects, 31% free, 34MB/50MB, paused 1.109ms total 46.349ms
08-04 12:30:34.648 10100 11030 I art     : Starting a blocking GC Explicit
08-04 12:30:34.695 10100 11030 I art     : Explicit concurrent mark sweep GC freed 16166(1212KB) AllocSpace objects, 0(0B) LOS objects, 31% free, 34MB/50MB, paused 1.138ms total 46.822ms
08-04 12:30:34.708 10100 11030 I art     : Starting a blocking GC Explicit
08-04 12:30:34.733 10100 10100 D OnlineFeedViewActivity: onEventMainThread() called with: event = [DownloadEvent{update=DownloaderUpdate{downloaders=[], feedIds=[], mediaIds=[]}}]
08-04 12:30:34.755 10100 11030 I art     : Explicit concurrent mark sweep GC freed 16610(1240KB) AllocSpace objects, 0(0B) LOS objects, 31% free, 34MB/50MB, paused 1.129ms total 46.727ms
08-04 12:30:34.905 10100 10100 D EventDistributor: Processing event queue. Number of events: 1
08-04 12:30:34.906 10100 10100 D EventDistributor: Notifying observers. Data: 1
08-04 12:30:34.906 10100 10100 D DownloadService: 0 downloads left
08-04 12:30:34.906 10100 10622 D DBReader: Extracting Feedlist
08-04 12:30:34.906 10100 10100 D DownloadService: Number of downloads is 0, attempting shutdown
08-04 12:30:34.907 10100 10100 D DownloadService: Service shutting down
08-04 12:30:34.907 10100 10100 D DownloadService: No report is created
08-04 12:30:34.908 10100 10100 D OnlineFeedViewActivity: onEventMainThread() called with: event = [DownloadEvent{update=DownloaderUpdate{downloaders=[], feedIds=[], mediaIds=[]}}]
08-04 12:30:34.910 10100 11447 E downloadCompletionThd: DownloadCompletionThread was interrupted
08-04 12:30:34.910 10100 10100 D DownloadService: NotificationUpdater cancelled. Result: false
08-04 12:30:34.911 10100 10100 D DBTasks : autodownloadUndownloadedItems
08-04 12:30:34.912 10100 11173 D NetworkUtils: Device is connected to Wi-Fi
08-04 12:30:34.912 10100 11173 D NetworkUtils: Auto-dl filter is disabled
08-04 12:30:35.047 10100 11029 I art     : Starting a blocking GC Explicit
08-04 12:30:35.102 10100 11029 I art     : Explicit concurrent mark sweep GC freed 57882(5MB) AllocSpace objects, 2(40KB) LOS objects, 33% free, 31MB/47MB, paused 1.025ms total 54.323ms
08-04 12:30:35.102 10100 10111 I art     : WaitForGcToComplete blocked for 27.886ms for cause HeapTrim
08-04 12:30:35.114 10100 11029 I art     : Starting a blocking GC Explicit
08-04 12:30:35.147 10100 11029 I art     : Explicit concurrent mark sweep GC freed 99(4KB) AllocSpace objects, 0(0B) LOS objects, 33% free, 31MB/47MB, paused 906us total 32.323ms
08-04 12:30:35.158 10100 11029 I art     : Starting a blocking GC Explicit
08-04 12:30:35.191 10100 11029 I art     : Explicit concurrent mark sweep GC freed 3(96B) AllocSpace objects, 0(0B) LOS objects, 33% free, 31MB/47MB, paused 832us total 32.811ms
08-04 12:30:35.201 10100 11029 I art     : Starting a blocking GC Explicit
08-04 12:30:35.234 10100 11029 I art     : Explicit concurrent mark sweep GC freed 3(96B) AllocSpace objects, 0(0B) LOS objects, 33% free, 31MB/47MB, paused 828us total 32.577ms
08-04 12:30:35.245 10100 11029 I art     : Starting a blocking GC Explicit
08-04 12:30:35.276 10100 11029 I art     : Explicit concurrent mark sweep GC freed 3(96B) AllocSpace objects, 0(0B) LOS objects, 33% free, 31MB/47MB, paused 833us total 31.314ms
08-04 12:30:35.574 10100 11030 I art     : Starting a blocking GC Explicit
08-04 12:30:35.612 10100 11030 I art     : Explicit concurrent mark sweep GC freed 1415(83KB) AllocSpace objects, 1(20KB) LOS objects, 33% free, 31MB/47MB, paused 872us total 37.199ms
08-04 12:30:35.624 10100 11030 I art     : Starting a blocking GC Explicit
08-04 12:30:35.661 10100 11030 I art     : Explicit concurrent mark sweep GC freed 23(752B) AllocSpace objects, 0(0B) LOS objects, 33% free, 31MB/47MB, paused 849us total 36.186ms
08-04 12:30:35.672 10100 11030 I art     : Starting a blocking GC Explicit
08-04 12:30:35.711 10100 11030 I art     : Explicit concurrent mark sweep GC freed 3(96B) AllocSpace objects, 0(0B) LOS objects, 33% free, 31MB/47MB, paused 899us total 38.473ms
08-04 12:30:35.723 10100 11030 I art     : Starting a blocking GC Explicit
08-04 12:30:35.762 10100 11030 I art     : Explicit concurrent mark sweep GC freed 3(96B) AllocSpace objects, 0(0B) LOS objects, 33% free, 31MB/47MB, paused 885us total 38.272ms
08-04 12:30:35.774 10100 11030 I art     : Starting a blocking GC Explicit
08-04 12:30:35.814 10100 11030 I art     : Explicit concurrent mark sweep GC freed 3(96B) AllocSpace objects, 0(0B) LOS objects, 33% free, 31MB/47MB, paused 907us total 39.521ms
08-04 12:30:36.095 10100 10113 I art     : Starting a blocking GC Explicit
08-04 12:30:36.133 10100 10113 I art     : Explicit concurrent mark sweep GC freed 1378(81KB) AllocSpace objects, 1(20KB) LOS objects, 33% free, 31MB/47MB, paused 912us total 38.362ms
08-04 12:30:36.145 10100 10113 I art     : Starting a blocking GC Explicit
08-04 12:30:36.183 10100 10113 I art     : Explicit concurrent mark sweep GC freed 23(752B) AllocSpace objects, 0(0B) LOS objects, 33% free, 31MB/47MB, paused 927us total 37.426ms
08-04 12:30:36.195 10100 10113 I art     : Starting a blocking GC Explicit
08-04 12:30:36.230 10100 10113 I art     : Explicit concurrent mark sweep GC freed 3(96B) AllocSpace objects, 0(0B) LOS objects, 33% free, 31MB/47MB, paused 927us total 35.561ms
08-04 12:30:36.242 10100 10113 I art     : Starting a blocking GC Explicit
08-04 12:30:36.279 10100 10113 I art     : Explicit concurrent mark sweep GC freed 3(96B) AllocSpace objects, 0(0B) LOS objects, 33% free, 31MB/47MB, paused 904us total 36.664ms
08-04 12:30:36.291 10100 10113 I art     : Starting a blocking GC Explicit
08-04 12:30:36.328 10100 10113 I art     : Explicit concurrent mark sweep GC freed 3(96B) AllocSpace objects, 0(0B) LOS objects, 33% free, 31MB/47MB, paused 955us total 36.796ms
08-04 12:30:36.402 11525 11525 D AndroidRuntime: >>>>>> START com.android.internal.os.RuntimeInit uid 2000 <<<<<<
08-04 12:30:36.407 11525 11525 D AndroidRuntime: CheckJNI is OFF
08-04 12:30:36.447 11525 11525 D ICU     : No timezone override file found: /data/misc/zoneinfo/current/icu/icu_tzdata.dat
08-04 12:30:36.484 11525 11525 I Radio-JNI: register_android_hardware_Radio DONE
08-04 12:30:36.505 11525 11525 D AndroidRuntime: Calling main entry com.android.commands.input.Input
08-04 12:30:36.507 11525 11525 I Input   : injectKeyEvent: KeyEvent { action=ACTION_DOWN, keyCode=KEYCODE_BACK, scanCode=0, metaState=0, flags=0x0, repeatCount=0, eventTime=707452920, downTime=707452920, deviceId=-1, source=0x101 }
08-04 12:30:36.511 11525 11525 I Input   : injectKeyEvent: KeyEvent { action=ACTION_UP, keyCode=KEYCODE_BACK, scanCode=0, metaState=0, flags=0x0, repeatCount=0, eventTime=707452920, downTime=707452920, deviceId=-1, source=0x101 }
08-04 12:30:36.521 11525 11525 D AndroidRuntime: Shutting down VM
08-04 12:30:36.525 10100 10100 V PlaybackController: initServiceNotRunning()
08-04 12:30:36.526 10100 10100 D ExternalPlayerFragment: Loading media info
08-04 12:30:36.530 10100 10100 D UserPreferences: Using default data folder
08-04 12:30:36.530 10100 10622 D DBReader: getNavDrawerData() called with: 
08-04 12:30:36.540 10100 10622 D DBReader: getDownloadedItems() called
08-04 12:30:36.541 10100 10622 D DBReader: getFavoriteIDList() called
08-04 12:30:36.542 10100 10622 D DBReader: getQueueIDList() called
08-04 12:30:36.542 10100 10622 D DBReader: Extracting Feedlist
08-04 12:30:36.565 10100 10100 D MainActivity: getLastNavFragment() -> AddFeedFragment
08-04 12:30:36.567 13866 13866 I GoogleInputMethodServic: GoogleInputMethodService.onFinishInput():3138 
08-04 12:30:36.568 13866 13866 I GoogleInputMethodServic: GoogleInputMethodService.onStartInput():1808 
08-04 12:30:36.571 10100 11045 D ApOkHttpUrlLoader: buildLoadData() called with: model = [http://static.libsyn.com/p/assets/7/1/f/3/71f3014e14ef2722/JREiTunesImage2.jpg], width = [140], height = [140]
08-04 12:30:36.600 10100 11045 D ApOkHttpUrlLoader: buildLoadData() called with: model = [http://static.libsyn.com/p/assets/7/1/f/3/71f3014e14ef2722/JREiTunesImage2.jpg], width = [140], height = [140]
08-04 12:30:36.624 10100 10112 I art     : Starting a blocking GC Explicit
08-04 12:30:36.659 10100 10112 I art     : Explicit concurrent mark sweep GC freed 2900(186KB) AllocSpace objects, 1(20KB) LOS objects, 33% free, 31MB/47MB, paused 951us total 34.132ms
08-04 12:30:36.671 10100 10112 I art     : Starting a blocking GC Explicit
08-04 12:30:36.707 10100 10112 I art     : Explicit concurrent mark sweep GC freed 520(26KB) AllocSpace objects, 0(0B) LOS objects, 33% free, 31MB/47MB, paused 1.003ms total 35.860ms
08-04 12:30:36.721 10100 10112 I art     : Starting a blocking GC Explicit
08-04 12:30:36.764 10100 10112 I art     : Explicit concurrent mark sweep GC freed 3(96B) AllocSpace objects, 0(0B) LOS objects, 33% free, 31MB/47MB, paused 922us total 42.254ms
08-04 12:30:36.778 10100 10112 I art     : Starting a blocking GC Explicit
08-04 12:30:36.824 10100 10112 I art     : Explicit concurrent mark sweep GC freed 3(96B) AllocSpace objects, 0(0B) LOS objects, 33% free, 31MB/47MB, paused 995us total 46.267ms
08-04 12:30:36.841 10100 10112 I art     : Starting a blocking GC Explicit
08-04 12:30:36.874   380   380 W SurfaceFlinger: couldn't log to binary event log: overflow.
08-04 12:30:36.884 10100 10112 I art     : Explicit concurrent mark sweep GC freed 484(20KB) AllocSpace objects, 0(0B) LOS objects, 33% free, 31MB/47MB, paused 907us total 42.935ms
08-04 12:30:37.168 10100 10122 I art     : Starting a blocking GC Explicit
08-04 12:30:37.218 10100 10122 I art     : Explicit concurrent mark sweep GC freed 1531(87KB) AllocSpace objects, 1(20KB) LOS objects, 33% free, 31MB/47MB, paused 997us total 49.847ms
08-04 12:30:37.233 10100 10122 I art     : Starting a blocking GC Explicit
08-04 12:30:37.266 10100 10122 I art     : Explicit concurrent mark sweep GC freed 33335(3MB) AllocSpace objects, 2(248KB) LOS objects, 36% free, 28MB/44MB, paused 960us total 32.952ms
08-04 12:30:37.276 10100 10122 I art     : Starting a blocking GC Explicit
08-04 12:30:37.303 10100 10122 I art     : Explicit concurrent mark sweep GC freed 3(96B) AllocSpace objects, 0(0B) LOS objects, 36% free, 28MB/44MB, paused 891us total 27.442ms
08-04 12:30:37.312 10100 10122 I art     : Starting a blocking GC Explicit
08-04 12:30:37.339 10100 10122 I art     : Explicit concurrent mark sweep GC freed 3(96B) AllocSpace objects, 0(0B) LOS objects, 36% free, 28MB/44MB, paused 888us total 26.801ms
08-04 12:30:37.349 10100 10122 I art     : Starting a blocking GC Explicit
08-04 12:30:37.378 10100 10122 I art     : Explicit concurrent mark sweep GC freed 32(880B) AllocSpace objects, 0(0B) LOS objects, 36% free, 28MB/44MB, paused 1.109ms total 28.813ms
08-04 12:30:37.677 10100 11029 I art     : Starting a blocking GC Explicit
08-04 12:30:37.713 10100 11029 I art     : Explicit concurrent mark sweep GC freed 1373(82KB) AllocSpace objects, 1(20KB) LOS objects, 36% free, 28MB/44MB, paused 992us total 36.082ms
08-04 12:30:37.725 10100 11029 I art     : Starting a blocking GC Explicit
08-04 12:30:37.753 10100 11029 I art     : Explicit concurrent mark sweep GC freed 23(752B) AllocSpace objects, 0(0B) LOS objects, 36% free, 28MB/44MB, paused 843us total 27.534ms
08-04 12:30:37.762 10100 11029 I art     : Starting a blocking GC Explicit
08-04 12:30:37.789 10100 11029 I art     : Explicit concurrent mark sweep GC freed 3(96B) AllocSpace objects, 0(0B) LOS objects, 36% free, 28MB/44MB, paused 887us total 26.606ms
08-04 12:30:37.798 10100 11029 I art     : Starting a blocking GC Explicit
08-04 12:30:37.825 10100 11029 I art     : Explicit concurrent mark sweep GC freed 3(96B) AllocSpace objects, 0(0B) LOS objects, 36% free, 28MB/44MB, paused 906us total 26.337ms
08-04 12:30:37.834 10100 11029 I art     : Starting a blocking GC Explicit
08-04 12:30:37.860 10100 11029 I art     : Explicit concurrent mark sweep GC freed 3(96B) AllocSpace objects, 0(0B) LOS objects, 36% free, 28MB/44MB, paused 914us total 25.944ms
08-04 12:30:37.930  9378  9378 I ServiceManager: Waiting for service AtCmdFwd...
08-04 12:30:38.134 10100 11030 I art     : Starting a blocking GC Explicit
08-04 12:30:38.163 10100 11030 I art     : Explicit concurrent mark sweep GC freed 1374(80KB) AllocSpace objects, 1(20KB) LOS objects, 36% free, 28MB/44MB, paused 1.244ms total 28.645ms
08-04 12:30:38.173 10100 11030 I art     : Starting a blocking GC Explicit
08-04 12:30:38.174 11578 11578 D AndroidRuntime: >>>>>> START com.android.internal.os.RuntimeInit uid 2000 <<<<<<
08-04 12:30:38.179 11578 11578 D AndroidRuntime: CheckJNI is OFF
08-04 12:30:38.201 10100 11030 I art     : Explicit concurrent mark sweep GC freed 26(848B) AllocSpace objects, 0(0B) LOS objects, 36% free, 28MB/44MB, paused 940us total 27.773ms
08-04 12:30:38.210 10100 11030 I art     : Starting a blocking GC Explicit
08-04 12:30:38.217 11578 11578 D ICU     : No timezone override file found: /data/misc/zoneinfo/current/icu/icu_tzdata.dat
08-04 12:30:38.236 10100 11030 I art     : Explicit concurrent mark sweep GC freed 7(224B) AllocSpace objects, 0(0B) LOS objects, 36% free, 28MB/44MB, paused 884us total 25.772ms
08-04 12:30:38.244 10100 11030 I art     : Starting a blocking GC Explicit
08-04 12:30:38.250 11578 11578 I Radio-JNI: register_android_hardware_Radio DONE
08-04 12:30:38.270 10100 11030 I art     : Explicit concurrent mark sweep GC freed 7(224B) AllocSpace objects, 0(0B) LOS objects, 36% free, 28MB/44MB, paused 875us total 25.256ms
08-04 12:30:38.271 11578 11578 D AndroidRuntime: Calling main entry com.android.commands.input.Input
08-04 12:30:38.272 11578 11578 I Input   : injectMotionEvent: MotionEvent { action=ACTION_DOWN, actionButton=0, id[0]=0, x[0]=639.0, y[0]=762.0, toolType[0]=TOOL_TYPE_UNKNOWN, buttonState=0, metaState=0, flags=0x0, edgeFlags=0x0, pointerCount=1, historySize=0, eventTime=707454685, downTime=707454685, deviceId=0, source=0x1002 }
08-04 12:30:38.278 10100 11030 I art     : Starting a blocking GC Explicit
08-04 12:30:38.279 11578 11578 I Input   : injectMotionEvent: MotionEvent { action=ACTION_UP, actionButton=0, id[0]=0, x[0]=639.0, y[0]=762.0, toolType[0]=TOOL_TYPE_UNKNOWN, buttonState=0, metaState=0, flags=0x0, edgeFlags=0x0, pointerCount=1, historySize=0, eventTime=707454685, downTime=707454685, deviceId=0, source=0x1002 }
08-04 12:30:38.281 11578 11578 D AndroidRuntime: Shutting down VM
08-04 12:30:38.306 10100 11030 I art     : Explicit concurrent mark sweep GC freed 250(13KB) AllocSpace objects, 0(0B) LOS objects, 36% free, 28MB/44MB, paused 874us total 27.326ms
08-04 12:30:38.361   512  2967 D audio_hw_primary: out_set_parameters: enter: usecase(1: low-latency-playback) kvpairs: routing=2
08-04 12:30:38.374   512  2967 D audio_hw_primary: select_devices: out_snd_device(2: speaker) in_snd_device(0: none)
08-04 12:30:38.374   512  2967 D msm8974_platform: platform_send_audio_calibration: sending audio calibration for snd_device(2) acdb_id(15)
08-04 12:30:38.374   512  2967 I soundtrigger: audio_extn_sound_trigger_update_device_status: device 0x2 of type 0 for Event 1
08-04 12:30:38.386 13866 13866 I GoogleInputMethodServic: GoogleInputMethodService.onFinishInput():3138 
08-04 12:30:38.387   512  2967 D audio_hw_primary: enable_snd_device: snd_device(2: speaker)
08-04 12:30:38.387 13866 13866 I GoogleInputMethodServic: GoogleInputMethodService.onStartInput():1808 
08-04 12:30:38.389   512  2967 D audio_hw_primary: enable_audio_route: apply and update mixer path: low-latency-playback speaker
08-04 12:30:38.573 10100 10122 I art     : Starting a blocking GC Explicit
08-04 12:30:38.597 10100 10126 I NAPPA_EXPERIMENTATION: MetricNetworkRequestExecutionTime: REQUEST_DURATION_SYSTEM='237',REQUEST_DURATION_OKHTTP='237',REQUEST_SYNCHRONOUS='TRUE',RESPONSE_CODE='200',RESPONSE_METHOD='GET',RESPONSE_LENGTH_OKHTTP='-1',RESPONSE_LENGTH_HEADER='622',REQUEST_PROTOCOL='h2',REQUEST_URL='https://itunes.apple.com/lookup?id=360084272',
08-04 12:30:38.601 10100 10122 I art     : Explicit concurrent mark sweep GC freed 1798(107KB) AllocSpace objects, 1(20KB) LOS objects, 36% free, 28MB/44MB, paused 1.068ms total 28.201ms
08-04 12:30:38.611   918  5132 I ActivityManager: START u0 {cmp=baseline.de.danoeh.antennapod.debug/baseline.de.danoeh.antennapod.activity.OnlineFeedViewActivity (has extras)} from uid 10670 on display 0
08-04 12:30:38.611 10100 10122 I art     : Starting a blocking GC Explicit
08-04 12:30:38.633 13866 13866 I GoogleInputMethodServic: GoogleInputMethodService.onFinishInput():3138 
08-04 12:30:38.634 13866 13866 I GoogleInputMethodServic: GoogleInputMethodService.onStartInput():1808 
08-04 12:30:38.636 10100 10122 I art     : Explicit concurrent mark sweep GC freed 622(37KB) AllocSpace objects, 0(0B) LOS objects, 36% free, 28MB/44MB, paused 1.100ms total 25.224ms
08-04 12:30:38.646 10100 10122 I art     : Starting a blocking GC Explicit
08-04 12:30:38.657 10100 10100 D UserPreferences: Using default data folder
08-04 12:30:38.658 10100 10100 D OnlineFeedViewActivity: Activity was started with url http://joeroganexp.joerogan.libsynpro.com/rss
08-04 12:30:38.659 10100 10100 D OnlineFeedViewActivity: Starting feed download
08-04 12:30:38.662 10100 10120 D DBReader: Extracting Feedlist
08-04 12:30:38.664   918  5132 D WifiService: acquireWifiLockLocked: WifiLock{Downloader type=1 binder=android.os.BinderProxy@3d024c6}
08-04 12:30:38.665 10100 10120 D AntennapodHttpClient: Creating new instance of HTTP client
08-04 12:30:38.673 10100 10122 I art     : Explicit concurrent mark sweep GC freed 875(69KB) AllocSpace objects, 0(0B) LOS objects, 35% free, 28MB/44MB, paused 1.139ms total 27.417ms
08-04 12:30:38.682 10100 10122 I art     : Starting a blocking GC Explicit
08-04 12:30:38.704 10100 10120 D MYTAG   : interceptor 3a http://joeroganexp.joerogan.libsynpro.com/rss
08-04 12:30:38.704 10100 10120 I NAPPA_EXPERIMENTATION: MetricNetworkRequestExecutionTime: REQUEST_DURATION_SYSTEM='38',REQUEST_DURATION_OKHTTP='32',REQUEST_SYNCHRONOUS='TRUE',RESPONSE_CODE='200',RESPONSE_METHOD='GET',RESPONSE_LENGTH_OKHTTP='-1',RESPONSE_LENGTH_HEADER='307892',REQUEST_PROTOCOL='http/1.1',REQUEST_URL='http://joeroganexp.joerogan.libsynpro.com/rss',
08-04 12:30:38.706 10100 10120 D HttpDownloader: Response code is 200
08-04 12:30:38.706 10100 10120 D UserPreferences: Using default data folder
08-04 12:30:38.708 10100 10122 I art     : Explicit concurrent mark sweep GC freed 486(28KB) AllocSpace objects, 0(0B) LOS objects, 35% free, 28MB/44MB, paused 1.036ms total 26.129ms
08-04 12:30:38.711 10100 10120 D HttpDownloader: Getting size of download
08-04 12:30:38.711 10100 10120 D HttpDownloader: Size is -1
08-04 12:30:38.711 10100 10120 D UserPreferences: Using default data folder
08-04 12:30:38.712 10100 10120 D HttpDownloader: Free space is 20258336768
08-04 12:30:38.712 10100 10120 D HttpDownloader: Starting download
08-04 12:30:38.718 10100 10122 I art     : Starting a blocking GC Explicit
08-04 12:30:38.723 13866 13866 I GoogleInputMethodServic: GoogleInputMethodService.onFinishInput():3138 
08-04 12:30:38.724 13866 13866 I GoogleInputMethodServic: GoogleInputMethodService.onStartInput():1808 
08-04 12:30:38.741   918   936 I ActivityManager: Displayed baseline.de.danoeh.antennapod.debug/baseline.de.danoeh.antennapod.activity.OnlineFeedViewActivity: +107ms
08-04 12:30:38.746 10100 10122 I art     : Explicit concurrent mark sweep GC freed 207(11KB) AllocSpace objects, 0(0B) LOS objects, 35% free, 28MB/44MB, paused 1.651ms total 27.766ms
08-04 12:30:38.762 10100 10121 D OpenGLRenderer: endAllStagingAnimators on 0x7f7ec82000 (GridView) with handle 0x7f7cd0cf80
08-04 12:30:38.930   512  2967 D audio_hw_primary: disable_audio_route: reset and update mixer path: low-latency-playback speaker
08-04 12:30:38.931  9378  9378 I ServiceManager: Waiting for service AtCmdFwd...
08-04 12:30:38.933   512  2967 D audio_hw_primary: disable_snd_device: snd_device(2: speaker)
08-04 12:30:38.942   512  2967 I soundtrigger: audio_extn_sound_trigger_update_device_status: device 0x2 of type 0 for Event 0
08-04 12:30:38.942 10100 10120 D HttpDownloader: Download was successful
08-04 12:30:38.944   918  5132 D WifiService: releaseWifiLockLocked: WifiLock{Downloader type=1 binder=android.os.BinderProxy@3d024c6}
08-04 12:30:38.945 10100 10100 D OnlineFeedViewActivity: Parsing feed
08-04 12:30:38.951 10100 11619 D TypeGetter: Recognized type RSS 2.0
08-04 12:30:38.953 10100 11619 D SyndHandler: Recognized Atom namespace
08-04 12:30:38.953 10100 11619 D SyndHandler: Recognized ITunes namespace
08-04 12:30:38.953 10100 11619 D SyndHandler: Recognized media namespace
08-04 12:30:38.953 10100 11619 D SyndHandler: Recognized Content namespace
08-04 12:30:38.977   380   380 W SurfaceFlinger: couldn't log to binary event log: overflow.
08-04 12:30:39.040 10100 11030 I art     : Starting a blocking GC Explicit
08-04 12:30:39.069 10100 11030 I art     : Explicit concurrent mark sweep GC freed 7926(569KB) AllocSpace objects, 4(80KB) LOS objects, 35% free, 28MB/44MB, paused 1.025ms total 28.295ms
08-04 12:30:39.078 10100 11030 I art     : Starting a blocking GC Explicit
08-04 12:30:39.107 10100 11030 I art     : Explicit concurrent mark sweep GC freed 4153(210KB) AllocSpace objects, 0(0B) LOS objects, 35% free, 28MB/44MB, paused 1.122ms total 28.348ms
08-04 12:30:39.113 10100 10100 D PlaybackController: Releasing PlaybackController
08-04 12:30:39.117 10100 11030 I art     : Starting a blocking GC Explicit
08-04 12:30:39.144 10100 11030 I art     : Explicit concurrent mark sweep GC freed 3128(161KB) AllocSpace objects, 0(0B) LOS objects, 35% free, 28MB/44MB, paused 1.029ms total 27.254ms
08-04 12:30:39.153 10100 11030 I art     : Starting a blocking GC Explicit
08-04 12:30:39.179 10100 11030 I art     : Explicit concurrent mark sweep GC freed 2815(138KB) AllocSpace objects, 0(0B) LOS objects, 35% free, 28MB/44MB, paused 1.260ms total 26.303ms
08-04 12:30:39.188 10100 11030 I art     : Starting a blocking GC Explicit
08-04 12:30:39.214 10100 11030 I art     : Explicit concurrent mark sweep GC freed 2726(143KB) AllocSpace objects, 0(0B) LOS objects, 35% free, 28MB/44MB, paused 1.015ms total 25.969ms
08-04 12:30:39.493 10100 10113 I art     : Starting a blocking GC Explicit
08-04 12:30:39.530 10100 10113 I art     : Explicit concurrent mark sweep GC freed 23682(1274KB) AllocSpace objects, 1(20KB) LOS objects, 35% free, 29MB/45MB, paused 1.269ms total 36.372ms
08-04 12:30:39.540 10100 10113 I art     : Starting a blocking GC Explicit
08-04 12:30:39.570 10100 10113 I art     : Explicit concurrent mark sweep GC freed 5109(246KB) AllocSpace objects, 0(0B) LOS objects, 35% free, 29MB/45MB, paused 1.298ms total 30.009ms
08-04 12:30:39.580 10100 10113 I art     : Starting a blocking GC Explicit
08-04 12:30:39.614 10100 10113 I art     : Explicit concurrent mark sweep GC freed 7395(347KB) AllocSpace objects, 0(0B) LOS objects, 35% free, 29MB/45MB, paused 1.363ms total 33.703ms
08-04 12:30:39.625 10100 10113 I art     : Starting a blocking GC Explicit
08-04 12:30:39.661 10100 10113 I art     : Explicit concurrent mark sweep GC freed 2840(144KB) AllocSpace objects, 0(0B) LOS objects, 35% free, 29MB/45MB, paused 1.510ms total 35.548ms
08-04 12:30:39.673 10100 10113 I art     : Starting a blocking GC Explicit
08-04 12:30:39.709 10100 10113 I art     : Explicit concurrent mark sweep GC freed 2923(151KB) AllocSpace objects, 0(0B) LOS objects, 35% free, 29MB/45MB, paused 1.582ms total 35.476ms
08-04 12:30:39.933  9378  9378 I ServiceManager: Waiting for service AtCmdFwd...
08-04 12:30:40.027 10100 11029 I art     : Starting a blocking GC Explicit
08-04 12:30:40.075 10100 11029 I art     : Explicit concurrent mark sweep GC freed 20835(1116KB) AllocSpace objects, 1(20KB) LOS objects, 34% free, 30MB/46MB, paused 1.801ms total 47.449ms
08-04 12:30:40.088 10100 11029 I art     : Starting a blocking GC Explicit
08-04 12:30:40.128 10100 11029 I art     : Explicit concurrent mark sweep GC freed 5725(292KB) AllocSpace objects, 0(0B) LOS objects, 34% free, 30MB/46MB, paused 3.005ms total 38.977ms
08-04 12:30:40.140 10100 11029 I art     : Starting a blocking GC Explicit
08-04 12:30:40.178 10100 11029 I art     : Explicit concurrent mark sweep GC freed 5324(257KB) AllocSpace objects, 0(0B) LOS objects, 34% free, 30MB/46MB, paused 1.513ms total 37.540ms
08-04 12:30:40.178 10100 10111 I art     : WaitForGcToComplete blocked for 30.895ms for cause HeapTrim
08-04 12:30:40.190 10100 11029 I art     : Starting a blocking GC Explicit
08-04 12:30:40.229 10100 11029 I art     : Explicit concurrent mark sweep GC freed 3002(151KB) AllocSpace objects, 0(0B) LOS objects, 34% free, 30MB/46MB, paused 1.681ms total 38.085ms
08-04 12:30:40.241 10100 11029 I art     : Starting a blocking GC Explicit
08-04 12:30:40.280 10100 11029 I art     : Explicit concurrent mark sweep GC freed 3066(152KB) AllocSpace objects, 0(0B) LOS objects, 34% free, 30MB/46MB, paused 1.445ms total 38.871ms
08-04 12:30:40.590   518   646 I ThermalEngine: ACTION: GPU - Setting GPU[0] to 450000000
08-04 12:30:40.602 10100 10122 I art     : Starting a blocking GC Explicit
08-04 12:30:40.651 10100 10122 I art     : Explicit concurrent mark sweep GC freed 20894(1148KB) AllocSpace objects, 1(20KB) LOS objects, 34% free, 30MB/46MB, paused 1.667ms total 49.181ms
08-04 12:30:40.665 10100 10122 I art     : Starting a blocking GC Explicit
08-04 12:30:40.706 10100 10122 I art     : Explicit concurrent mark sweep GC freed 6474(316KB) AllocSpace objects, 0(0B) LOS objects, 34% free, 30MB/46MB, paused 2.418ms total 40.703ms
08-04 12:30:40.719 10100 10122 I art     : Starting a blocking GC Explicit
08-04 12:30:40.758 10100 10122 I art     : Explicit concurrent mark sweep GC freed 5629(279KB) AllocSpace objects, 0(0B) LOS objects, 34% free, 30MB/46MB, paused 1.580ms total 38.808ms
08-04 12:30:40.771 10100 10122 I art     : Starting a blocking GC Explicit
08-04 12:30:40.812 10100 10122 I art     : Explicit concurrent mark sweep GC freed 3084(170KB) AllocSpace objects, 0(0B) LOS objects, 34% free, 30MB/46MB, paused 1.555ms total 41.037ms
08-04 12:30:40.825 10100 10122 I art     : Starting a blocking GC Explicit
08-04 12:30:40.867 10100 10122 I art     : Explicit concurrent mark sweep GC freed 3201(182KB) AllocSpace objects, 0(0B) LOS objects, 34% free, 30MB/46MB, paused 1.764ms total 41.141ms
08-04 12:30:40.934  9378  9378 I ServiceManager: Waiting for service AtCmdFwd...
08-04 12:30:41.175 10100 11029 I art     : Starting a blocking GC Explicit
08-04 12:30:41.227 10100 11029 I art     : Explicit concurrent mark sweep GC freed 20324(1083KB) AllocSpace objects, 1(20KB) LOS objects, 33% free, 31MB/47MB, paused 1.800ms total 51.080ms
08-04 12:30:41.241 10100 11029 I art     : Starting a blocking GC Explicit
08-04 12:30:41.284 10100 11029 I art     : Explicit concurrent mark sweep GC freed 5567(276KB) AllocSpace objects, 0(0B) LOS objects, 33% free, 31MB/47MB, paused 1.678ms total 42.705ms
08-04 12:30:41.297 10100 11029 I art     : Starting a blocking GC Explicit
08-04 12:30:41.340 10100 11029 I art     : Explicit concurrent mark sweep GC freed 6654(320KB) AllocSpace objects, 0(0B) LOS objects, 33% free, 31MB/47MB, paused 1.572ms total 42.314ms
08-04 12:30:41.354 10100 11029 I art     : Starting a blocking GC Explicit
08-04 12:30:41.397 10100 11029 I art     : Explicit concurrent mark sweep GC freed 3344(205KB) AllocSpace objects, 0(0B) LOS objects, 33% free, 31MB/47MB, paused 1.674ms total 43.310ms
08-04 12:30:41.410 10100 11029 I art     : Starting a blocking GC Explicit
08-04 12:30:41.453 10100 11029 I art     : Explicit concurrent mark sweep GC freed 3415(203KB) AllocSpace objects, 0(0B) LOS objects, 33% free, 31MB/47MB, paused 1.632ms total 42.736ms
08-04 12:30:41.568 13866 13882 I PeriodicStatsRunner: PeriodicStatsRunner.call():175 call()
08-04 12:30:41.569 13866 13882 I PeriodicStatsRunner: PeriodicStatsRunner.call():179 No submit PeriodicStats since input started.
08-04 12:30:41.787 10100 10122 I art     : Starting a blocking GC Explicit
08-04 12:30:41.842 10100 10122 I art     : Explicit concurrent mark sweep GC freed 22167(964KB) AllocSpace objects, 1(20KB) LOS objects, 33% free, 31MB/47MB, paused 1.663ms total 53.706ms
08-04 12:30:41.858 10100 10122 I art     : Starting a blocking GC Explicit
08-04 12:30:41.904 10100 10122 I art     : Explicit concurrent mark sweep GC freed 7526(347KB) AllocSpace objects, 0(0B) LOS objects, 33% free, 31MB/47MB, paused 1.671ms total 45.952ms
08-04 12:30:41.918 10100 10122 I art     : Starting a blocking GC Explicit
08-04 12:30:41.934  9378  9378 I ServiceManager: Waiting for service AtCmdFwd...
08-04 12:30:41.961 10100 10122 I art     : Explicit concurrent mark sweep GC freed 5561(257KB) AllocSpace objects, 0(0B) LOS objects, 33% free, 31MB/47MB, paused 1.517ms total 42.843ms
08-04 12:30:41.975 10100 10122 I art     : Starting a blocking GC Explicit
08-04 12:30:42.012 10100 11619 D OnlineFeedViewActivity: Deleted feed source file. Result: true
08-04 12:30:42.019 10100 10122 I art     : Explicit concurrent mark sweep GC freed 2880(140KB) AllocSpace objects, 0(0B) LOS objects, 33% free, 31MB/47MB, paused 1.669ms total 44.209ms
08-04 12:30:42.020 10100 10100 D OnlineFeedViewActivity: Removing HTML from shownotes
08-04 12:30:42.033 10100 10122 I art     : Starting a blocking GC Explicit
08-04 12:30:42.082 10100 10122 I art     : Explicit concurrent mark sweep GC freed 23004(1872KB) AllocSpace objects, 95(6MB) LOS objects, 32% free, 32MB/48MB, paused 1.428ms total 49.006ms
08-04 12:30:42.386 10100 11029 I art     : Starting a blocking GC Explicit
08-04 12:30:42.439 10100 11029 I art     : Explicit concurrent mark sweep GC freed 37760(3MB) AllocSpace objects, 168(11MB) LOS objects, 32% free, 33MB/49MB, paused 1.664ms total 53.019ms
08-04 12:30:42.454 10100 11029 I art     : Starting a blocking GC Explicit
08-04 12:30:42.510 10100 11029 I art     : Explicit concurrent mark sweep GC freed 46702(3MB) AllocSpace objects, 211(14MB) LOS objects, 32% free, 33MB/49MB, paused 1.632ms total 55.986ms
08-04 12:30:42.526 10100 11029 I art     : Starting a blocking GC Explicit
08-04 12:30:42.577 10100 11029 I art     : Explicit concurrent mark sweep GC freed 41215(4MB) AllocSpace objects, 296(19MB) LOS objects, 32% free, 33MB/49MB, paused 1.473ms total 50.971ms
08-04 12:30:42.592 10100 11029 I art     : Starting a blocking GC Explicit
08-04 12:30:42.593 10100 10100 I Choreographer: Skipped 33 frames!  The application may be doing too much work on its main thread.
08-04 12:30:42.636 10100 11029 I art     : Explicit concurrent mark sweep GC freed 5655(532KB) AllocSpace objects, 27(1836KB) LOS objects, 33% free, 31MB/47MB, paused 1.308ms total 43.742ms
08-04 12:30:42.650 10100 11029 I art     : Starting a blocking GC Explicit
08-04 12:30:42.691 10100 11029 I art     : Explicit concurrent mark sweep GC freed 618(30KB) AllocSpace objects, 1(112KB) LOS objects, 33% free, 31MB/47MB, paused 1.135ms total 41.566ms
08-04 12:30:42.934  9378  9378 W Atfwd_Sendcmd: AtCmdFwd service not published, waiting... retryCnt : 5
08-04 12:30:43.028 10100 10113 I art     : Starting a blocking GC Explicit
08-04 12:30:43.063 11684 11684 D AndroidRuntime: >>>>>> START com.android.internal.os.RuntimeInit uid 2000 <<<<<<
08-04 12:30:43.069 11684 11684 D AndroidRuntime: CheckJNI is OFF
08-04 12:30:43.076 10100 10113 I art     : Explicit concurrent mark sweep GC freed 1381(80KB) AllocSpace objects, 1(20KB) LOS objects, 33% free, 31MB/47MB, paused 1.299ms total 48.583ms
08-04 12:30:43.091 10100 10113 I art     : Starting a blocking GC Explicit
08-04 12:30:43.115 11684 11684 D ICU     : No timezone override file found: /data/misc/zoneinfo/current/icu/icu_tzdata.dat
08-04 12:30:43.139 10100 10113 I art     : Explicit concurrent mark sweep GC freed 23(752B) AllocSpace objects, 0(0B) LOS objects, 33% free, 31MB/47MB, paused 1.261ms total 47.712ms
08-04 12:30:43.154 10100 10113 I art     : Starting a blocking GC Explicit
08-04 12:30:43.162 11684 11684 I Radio-JNI: register_android_hardware_Radio DONE
08-04 12:30:43.193 11684 11684 D AndroidRuntime: Calling main entry com.android.commands.input.Input
08-04 12:30:43.195 11684 11684 I Input   : injectKeyEvent: KeyEvent { action=ACTION_DOWN, keyCode=KEYCODE_BACK, scanCode=0, metaState=0, flags=0x0, repeatCount=0, eventTime=707459608, downTime=707459608, deviceId=-1, source=0x101 }
08-04 12:30:43.200 10100 10113 I art     : Explicit concurrent mark sweep GC freed 3(96B) AllocSpace objects, 0(0B) LOS objects, 33% free, 31MB/47MB, paused 1.095ms total 45.908ms
08-04 12:30:43.201 11684 11684 I Input   : injectKeyEvent: KeyEvent { action=ACTION_UP, keyCode=KEYCODE_BACK, scanCode=0, metaState=0, flags=0x0, repeatCount=0, eventTime=707459608, downTime=707459608, deviceId=-1, source=0x101 }
08-04 12:30:43.208 11684 11684 D AndroidRuntime: Shutting down VM
08-04 12:30:43.213 10100 10100 V PlaybackController: initServiceNotRunning()
08-04 12:30:43.214 10100 10100 D ExternalPlayerFragment: Loading media info
08-04 12:30:43.214 10100 10113 I art     : Starting a blocking GC Explicit
08-04 12:30:43.222 10100 10100 D UserPreferences: Using default data folder
08-04 12:30:43.222 10100 10120 D DBReader: getNavDrawerData() called with: 
08-04 12:30:43.236 10100 10120 D DBReader: getDownloadedItems() called
08-04 12:30:43.237 10100 10120 D DBReader: getFavoriteIDList() called
08-04 12:30:43.238 10100 10120 D DBReader: getQueueIDList() called
08-04 12:30:43.239 10100 10120 D DBReader: Extracting Feedlist
08-04 12:30:43.251 13866 13866 I GoogleInputMethodServic: GoogleInputMethodService.onFinishInput():3138 
08-04 12:30:43.251 13866 13866 I GoogleInputMethodServic: GoogleInputMethodService.onStartInput():1808 
08-04 12:30:43.260 10100 10113 I art     : Explicit concurrent mark sweep GC freed 637(50KB) AllocSpace objects, 0(0B) LOS objects, 33% free, 31MB/47MB, paused 1.363ms total 45.419ms
08-04 12:30:43.266 10100 10100 D MainActivity: getLastNavFragment() -> AddFeedFragment
08-04 12:30:43.275 10100 10113 I art     : Starting a blocking GC Explicit
08-04 12:30:43.317 10100 10113 I art     : Explicit concurrent mark sweep GC freed 744(34KB) AllocSpace objects, 0(0B) LOS objects, 33% free, 31MB/47MB, paused 1.259ms total 42.364ms
08-04 12:30:43.387 13866 13882 I PeriodicStatsRunner: PeriodicStatsRunner.call():175 call()
08-04 12:30:43.387 13866 13882 I PeriodicStatsRunner: PeriodicStatsRunner.call():179 No submit PeriodicStats since input started.
08-04 12:30:43.565   380   380 W SurfaceFlinger: couldn't log to binary event log: overflow.
08-04 12:30:43.597   518   646 I ThermalEngine: ACTION: GPU - Setting GPU[0] to 510000000
08-04 12:30:43.625 10100 10113 I art     : Starting a blocking GC Explicit
08-04 12:30:43.634 13866 13882 I PeriodicStatsRunner: PeriodicStatsRunner.call():175 call()
08-04 12:30:43.634 13866 13882 I PeriodicStatsRunner: PeriodicStatsRunner.call():179 No submit PeriodicStats since input started.
08-04 12:30:43.668 10100 10113 I art     : Explicit concurrent mark sweep GC freed 2102(113KB) AllocSpace objects, 1(20KB) LOS objects, 33% free, 31MB/47MB, paused 979us total 43.509ms
08-04 12:30:43.681 10100 10113 I art     : Starting a blocking GC Explicit
08-04 12:30:43.721 10100 10113 I art     : Explicit concurrent mark sweep GC freed 96(5KB) AllocSpace objects, 0(0B) LOS objects, 33% free, 31MB/47MB, paused 923us total 39.961ms
08-04 12:30:43.724 13866 13882 I PeriodicStatsRunner: PeriodicStatsRunner.call():175 call()
08-04 12:30:43.724 13866 13882 I PeriodicStatsRunner: PeriodicStatsRunner.call():179 No submit PeriodicStats since input started.
08-04 12:30:43.733 10100 10113 I art     : Starting a blocking GC Explicit
08-04 12:30:43.773 10100 10113 I art     : Explicit concurrent mark sweep GC freed 3(96B) AllocSpace objects, 0(0B) LOS objects, 33% free, 31MB/47MB, paused 889us total 39.268ms
08-04 12:30:43.784 10100 10113 I art     : Starting a blocking GC Explicit
08-04 12:30:43.824 10100 10113 I art     : Explicit concurrent mark sweep GC freed 3(96B) AllocSpace objects, 0(0B) LOS objects, 33% free, 31MB/47MB, paused 909us total 39.096ms
08-04 12:30:43.836 10100 10113 I art     : Starting a blocking GC Explicit
08-04 12:30:43.876 10100 10113 I art     : Explicit concurrent mark sweep GC freed 3(96B) AllocSpace objects, 0(0B) LOS objects, 33% free, 31MB/47MB, paused 915us total 39.239ms
08-04 12:30:44.183 10100 11029 I art     : Starting a blocking GC Explicit
08-04 12:30:44.232 10100 11029 I art     : Explicit concurrent mark sweep GC freed 1477(88KB) AllocSpace objects, 1(20KB) LOS objects, 33% free, 31MB/47MB, paused 1.021ms total 48.580ms
08-04 12:30:44.244 10100 11029 I art     : Starting a blocking GC Explicit
08-04 12:30:44.275 10100 11029 I art     : Explicit concurrent mark sweep GC freed 33168(3MB) AllocSpace objects, 1(28KB) LOS objects, 36% free, 28MB/44MB, paused 890us total 31.205ms
08-04 12:30:44.284 10100 11029 I art     : Starting a blocking GC Explicit
08-04 12:30:44.312 10100 11029 I art     : Explicit concurrent mark sweep GC freed 3(96B) AllocSpace objects, 0(0B) LOS objects, 36% free, 28MB/44MB, paused 884us total 27.318ms
08-04 12:30:44.321 10100 11029 I art     : Starting a blocking GC Explicit
08-04 12:30:44.348 10100 11029 I art     : Explicit concurrent mark sweep GC freed 3(96B) AllocSpace objects, 0(0B) LOS objects, 36% free, 28MB/44MB, paused 908us total 27.050ms
08-04 12:30:44.358 10100 11029 I art     : Starting a blocking GC Explicit
08-04 12:30:44.387 10100 11029 I art     : Explicit concurrent mark sweep GC freed 32(880B) AllocSpace objects, 0(0B) LOS objects, 36% free, 28MB/44MB, paused 882us total 28.150ms
08-04 12:30:44.654 10100 10122 I art     : Starting a blocking GC Explicit
08-04 12:30:44.682 10100 10122 I art     : Explicit concurrent mark sweep GC freed 1373(80KB) AllocSpace objects, 1(20KB) LOS objects, 36% free, 28MB/44MB, paused 897us total 27.901ms
08-04 12:30:44.692 10100 10122 I art     : Starting a blocking GC Explicit
08-04 12:30:44.719 10100 10122 I art     : Explicit concurrent mark sweep GC freed 23(752B) AllocSpace objects, 0(0B) LOS objects, 36% free, 28MB/44MB, paused 910us total 27.232ms
08-04 12:30:44.728 10100 10122 I art     : Starting a blocking GC Explicit
08-04 12:30:44.755 10100 10122 I art     : Explicit concurrent mark sweep GC freed 3(96B) AllocSpace objects, 0(0B) LOS objects, 36% free, 28MB/44MB, paused 904us total 26.645ms
08-04 12:30:44.764 10100 10122 I art     : Starting a blocking GC Explicit
08-04 12:30:44.791 10100 10122 I art     : Explicit concurrent mark sweep GC freed 3(96B) AllocSpace objects, 0(0B) LOS objects, 36% free, 28MB/44MB, paused 895us total 26.194ms
08-04 12:30:44.800 10100 10122 I art     : Starting a blocking GC Explicit
08-04 12:30:44.826 10100 10122 I art     : Explicit concurrent mark sweep GC freed 3(96B) AllocSpace objects, 0(0B) LOS objects, 36% free, 28MB/44MB, paused 881us total 26.046ms
08-04 12:30:44.869 11728 11728 D AndroidRuntime: >>>>>> START com.android.internal.os.RuntimeInit uid 2000 <<<<<<
08-04 12:30:44.874 11728 11728 D AndroidRuntime: CheckJNI is OFF
08-04 12:30:44.909 11728 11728 D ICU     : No timezone override file found: /data/misc/zoneinfo/current/icu/icu_tzdata.dat
08-04 12:30:44.943 11728 11728 I Radio-JNI: register_android_hardware_Radio DONE
08-04 12:30:44.966 11728 11728 D AndroidRuntime: Calling main entry com.android.commands.input.Input
08-04 12:30:44.969 11728 11728 I Input   : injectMotionEvent: MotionEvent { action=ACTION_DOWN, actionButton=0, id[0]=0, x[0]=616.0, y[0]=469.0, toolType[0]=TOOL_TYPE_UNKNOWN, buttonState=0, metaState=0, flags=0x0, edgeFlags=0x0, pointerCount=1, historySize=0, eventTime=707461381, downTime=707461381, deviceId=0, source=0x1002 }
08-04 12:30:44.976 11728 11728 I Input   : injectMotionEvent: MotionEvent { action=ACTION_UP, actionButton=0, id[0]=0, x[0]=616.0, y[0]=469.0, toolType[0]=TOOL_TYPE_UNKNOWN, buttonState=0, metaState=0, flags=0x0, edgeFlags=0x0, pointerCount=1, historySize=0, eventTime=707461381, downTime=707461381, deviceId=0, source=0x1002 }
08-04 12:30:44.979 11728 11728 D AndroidRuntime: Shutting down VM
08-04 12:30:45.052   512  2967 D audio_hw_primary: out_set_parameters: enter: usecase(1: low-latency-playback) kvpairs: routing=2
08-04 12:30:45.065   512  2967 D audio_hw_primary: select_devices: out_snd_device(2: speaker) in_snd_device(0: none)
08-04 12:30:45.065   512  2967 D msm8974_platform: platform_send_audio_calibration: sending audio calibration for snd_device(2) acdb_id(15)
08-04 12:30:45.065   512  2967 I soundtrigger: audio_extn_sound_trigger_update_device_status: device 0x2 of type 0 for Event 1
08-04 12:30:45.072 13866 13866 I GoogleInputMethodServic: GoogleInputMethodService.onFinishInput():3138 
08-04 12:30:45.073 13866 13866 I GoogleInputMethodServic: GoogleInputMethodService.onStartInput():1808 
08-04 12:30:45.077   512  2967 D audio_hw_primary: enable_snd_device: snd_device(2: speaker)
08-04 12:30:45.079   512  2967 D audio_hw_primary: enable_audio_route: apply and update mixer path: low-latency-playback speaker
08-04 12:30:45.100 10100 11030 I art     : Starting a blocking GC Explicit
08-04 12:30:45.131 10100 11030 I art     : Explicit concurrent mark sweep GC freed 1652(92KB) AllocSpace objects, 1(20KB) LOS objects, 36% free, 28MB/44MB, paused 942us total 31.185ms
08-04 12:30:45.140 10100 11030 I art     : Starting a blocking GC Explicit
08-04 12:30:45.168 10100 11030 I art     : Explicit concurrent mark sweep GC freed 52(1824B) AllocSpace objects, 0(0B) LOS objects, 36% free, 28MB/44MB, paused 988us total 27.548ms
08-04 12:30:45.177 10100 11030 I art     : Starting a blocking GC Explicit
08-04 12:30:45.203 10100 11030 I art     : Explicit concurrent mark sweep GC freed 16(576B) AllocSpace objects, 0(0B) LOS objects, 36% free, 28MB/44MB, paused 1.236ms total 26.135ms
08-04 12:30:45.213 10100 11030 I art     : Starting a blocking GC Explicit
08-04 12:30:45.238 10100 11030 I art     : Explicit concurrent mark sweep GC freed 15(576B) AllocSpace objects, 0(0B) LOS objects, 36% free, 28MB/44MB, paused 970us total 24.798ms
08-04 12:30:45.238 10100 10111 I art     : WaitForGcToComplete blocked for 8.645ms for cause HeapTrim
08-04 12:30:45.246 10100 11030 I art     : Starting a blocking GC Explicit
08-04 12:30:45.251 10100 10622 I NAPPA_EXPERIMENTATION: MetricNetworkRequestExecutionTime: REQUEST_DURATION_SYSTEM='200',REQUEST_DURATION_OKHTTP='200',REQUEST_SYNCHRONOUS='TRUE',RESPONSE_CODE='200',RESPONSE_METHOD='GET',RESPONSE_LENGTH_OKHTTP='-1',RESPONSE_LENGTH_HEADER='628',REQUEST_PROTOCOL='h2',REQUEST_URL='https://itunes.apple.com/lookup?id=1524080195',
08-04 12:30:45.268   918  5132 I ActivityManager: START u0 {cmp=baseline.de.danoeh.antennapod.debug/baseline.de.danoeh.antennapod.activity.OnlineFeedViewActivity (has extras)} from uid 10670 on display 0
08-04 12:30:45.271 10100 11030 I art     : Explicit concurrent mark sweep GC freed 431(40KB) AllocSpace objects, 0(0B) LOS objects, 36% free, 28MB/44MB, paused 932us total 25.041ms
08-04 12:30:45.290 13866 13866 I GoogleInputMethodServic: GoogleInputMethodService.onFinishInput():3138 
08-04 12:30:45.291 13866 13866 I GoogleInputMethodServic: GoogleInputMethodService.onStartInput():1808 
08-04 12:30:45.312 10100 10100 D UserPreferences: Using default data folder
08-04 12:30:45.312 10100 10100 D OnlineFeedViewActivity: Activity was started with url https://rss.art19.com/nice-white-parents
08-04 12:30:45.314 10100 10100 D OnlineFeedViewActivity: Starting feed download
08-04 12:30:45.316 10100 10126 D DBReader: Extracting Feedlist
08-04 12:30:45.317   918  5481 D WifiService: acquireWifiLockLocked: WifiLock{Downloader type=1 binder=android.os.BinderProxy@9236c6f}
08-04 12:30:45.318 10100 10126 D AntennapodHttpClient: Creating new instance of HTTP client
08-04 12:30:45.381 13866 13866 I GoogleInputMethodServic: GoogleInputMethodService.onFinishInput():3138 
08-04 12:30:45.381 13866 13866 I GoogleInputMethodServic: GoogleInputMethodService.onStartInput():1808 
08-04 12:30:45.416   918   936 I ActivityManager: Displayed baseline.de.danoeh.antennapod.debug/baseline.de.danoeh.antennapod.activity.OnlineFeedViewActivity: +126ms
08-04 12:30:45.526 10100 10113 I art     : Starting a blocking GC Explicit
08-04 12:30:45.563 10100 10113 I art     : Explicit concurrent mark sweep GC freed 7250(384KB) AllocSpace objects, 4(220KB) LOS objects, 35% free, 28MB/44MB, paused 1.458ms total 37.350ms
08-04 12:30:45.575 10100 10113 I art     : Starting a blocking GC Explicit
08-04 12:30:45.588 10100 10126 D MYTAG   : interceptor 3a https://rss.art19.com/nice-white-parents
08-04 12:30:45.589 10100 10126 I NAPPA_EXPERIMENTATION: MetricNetworkRequestExecutionTime: REQUEST_DURATION_SYSTEM='269',REQUEST_DURATION_OKHTTP='143',REQUEST_SYNCHRONOUS='TRUE',RESPONSE_CODE='200',RESPONSE_METHOD='GET',RESPONSE_LENGTH_OKHTTP='-1',RESPONSE_LENGTH_HEADER='1803',REQUEST_PROTOCOL='h2',REQUEST_URL='https://rss.art19.com/nice-white-parents',
08-04 12:30:45.589 10100 10126 D HttpDownloader: Response code is 200
08-04 12:30:45.589 10100 10126 D UserPreferences: Using default data folder
08-04 12:30:45.590 10100 10126 D HttpDownloader: Getting size of download
08-04 12:30:45.590 10100 10126 D HttpDownloader: Size is -1
08-04 12:30:45.590 10100 10126 D UserPreferences: Using default data folder
08-04 12:30:45.590 10100 10126 D HttpDownloader: Free space is 20258332672
08-04 12:30:45.591 10100 10126 D HttpDownloader: Starting download
08-04 12:30:45.605 10100 10113 I art     : Explicit concurrent mark sweep GC freed 1561(151KB) AllocSpace objects, 0(0B) LOS objects, 35% free, 28MB/44MB, paused 927us total 29.568ms
08-04 12:30:45.614 10100 10113 I art     : Starting a blocking GC Explicit
08-04 12:30:45.630 10100 10126 D HttpDownloader: Download was successful
08-04 12:30:45.630   512  2967 D audio_hw_primary: disable_audio_route: reset and update mixer path: low-latency-playback speaker
08-04 12:30:45.631   918  5481 D WifiService: releaseWifiLockLocked: WifiLock{Downloader type=1 binder=android.os.BinderProxy@9236c6f}
08-04 12:30:45.631   512  2967 D audio_hw_primary: disable_snd_device: snd_device(2: speaker)
08-04 12:30:45.632 10100 10100 D OnlineFeedViewActivity: Parsing feed
08-04 12:30:45.638 10100 11775 D TypeGetter: Recognized type RSS 2.0
08-04 12:30:45.643   512  2967 I soundtrigger: audio_extn_sound_trigger_update_device_status: device 0x2 of type 0 for Event 0
08-04 12:30:45.644 10100 11775 D SyndHandler: Recognized ITunes namespace
08-04 12:30:45.645 10100 11775 D SyndHandler: Recognized Atom namespace
08-04 12:30:45.646 10100 11775 D SyndHandler: Recognized Content namespace
08-04 12:30:45.647 10100 10113 I art     : Explicit concurrent mark sweep GC freed 163(105KB) AllocSpace objects, 3(60KB) LOS objects, 35% free, 28MB/44MB, paused 1.038ms total 32.087ms
08-04 12:30:45.652   380   380 W SurfaceFlinger: couldn't log to binary event log: overflow.
08-04 12:30:45.656 10100 11775 D OnlineFeedViewActivity: Deleted feed source file. Result: true
08-04 12:30:45.656 10100 10100 D OnlineFeedViewActivity: Removing HTML from shownotes
08-04 12:30:45.659 10100 10113 I art     : Starting a blocking GC Explicit
08-04 12:30:45.705 10100 10113 I art     : Explicit concurrent mark sweep GC freed 1479(151KB) AllocSpace objects, 1(68KB) LOS objects, 35% free, 28MB/44MB, paused 1.126ms total 46.171ms
08-04 12:30:45.714 10100 10113 I art     : Starting a blocking GC Explicit
08-04 12:30:45.739 10100 10113 I art     : Explicit concurrent mark sweep GC freed 789(37KB) AllocSpace objects, 0(0B) LOS objects, 35% free, 28MB/44MB, paused 840us total 25.020ms
08-04 12:30:45.790 10100 10100 D PlaybackController: Releasing PlaybackController
08-04 12:30:46.042 10100 10112 I art     : Starting a blocking GC Explicit
08-04 12:30:46.084 10100 10112 I art     : Explicit concurrent mark sweep GC freed 1635(96KB) AllocSpace objects, 2(132KB) LOS objects, 35% free, 28MB/44MB, paused 1.045ms total 41.136ms
08-04 12:30:46.097 10100 10112 I art     : Starting a blocking GC Explicit
08-04 12:30:46.127 10100 10112 I art     : Explicit concurrent mark sweep GC freed 39(1296B) AllocSpace objects, 0(0B) LOS objects, 35% free, 28MB/44MB, paused 1.031ms total 29.892ms
08-04 12:30:46.137 10100 10112 I art     : Starting a blocking GC Explicit
08-04 12:30:46.167 10100 10112 I art     : Explicit concurrent mark sweep GC freed 3(96B) AllocSpace objects, 0(0B) LOS objects, 35% free, 28MB/44MB, paused 968us total 29.636ms
08-04 12:30:46.177 10100 10112 I art     : Starting a blocking GC Explicit
08-04 12:30:46.207 10100 10112 I art     : Explicit concurrent mark sweep GC freed 3(96B) AllocSpace objects, 0(0B) LOS objects, 35% free, 28MB/44MB, paused 956us total 29.845ms
08-04 12:30:46.217 10100 10112 I art     : Starting a blocking GC Explicit
08-04 12:30:46.247 10100 10112 I art     : Explicit concurrent mark sweep GC freed 3(96B) AllocSpace objects, 0(0B) LOS objects, 35% free, 28MB/44MB, paused 946us total 29.959ms
08-04 12:30:46.537 10100 10122 I art     : Starting a blocking GC Explicit
08-04 12:30:46.568 10100 10122 I art     : Explicit concurrent mark sweep GC freed 1401(81KB) AllocSpace objects, 1(20KB) LOS objects, 35% free, 28MB/44MB, paused 1.056ms total 30.629ms
08-04 12:30:46.577 10100 10122 I art     : Starting a blocking GC Explicit
08-04 12:30:46.608   518   646 I ThermalEngine: ACTION: GPU - Setting GPU[0] to 450000000
08-04 12:30:46.615 10100 10122 I art     : Explicit concurrent mark sweep GC freed 23(752B) AllocSpace objects, 0(0B) LOS objects, 35% free, 28MB/44MB, paused 1.443ms total 37.235ms
08-04 12:30:46.627 10100 10122 I art     : Starting a blocking GC Explicit
08-04 12:30:46.667 10100 10122 I art     : Explicit concurrent mark sweep GC freed 3(96B) AllocSpace objects, 0(0B) LOS objects, 35% free, 28MB/44MB, paused 1.477ms total 39.132ms
08-04 12:30:46.679 10100 10122 I art     : Starting a blocking GC Explicit
08-04 12:30:46.720 10100 10122 I art     : Explicit concurrent mark sweep GC freed 3(96B) AllocSpace objects, 0(0B) LOS objects, 35% free, 28MB/44MB, paused 1.372ms total 40.015ms
08-04 12:30:46.732 10100 10122 I art     : Starting a blocking GC Explicit
08-04 12:30:46.770 10100 10122 I art     : Explicit concurrent mark sweep GC freed 3(96B) AllocSpace objects, 0(0B) LOS objects, 35% free, 28MB/44MB, paused 1.341ms total 38.121ms
08-04 12:30:47.118 10100 11030 I art     : Starting a blocking GC Explicit
08-04 12:30:47.172 10100 11030 I art     : Explicit concurrent mark sweep GC freed 1372(80KB) AllocSpace objects, 1(20KB) LOS objects, 35% free, 28MB/44MB, paused 1.573ms total 53.529ms
08-04 12:30:47.185 10100 11030 I art     : Starting a blocking GC Explicit
08-04 12:30:47.222 10100 11030 I art     : Explicit concurrent mark sweep GC freed 23(752B) AllocSpace objects, 0(0B) LOS objects, 35% free, 28MB/44MB, paused 1.268ms total 36.764ms
08-04 12:30:47.234 10100 11030 I art     : Starting a blocking GC Explicit
08-04 12:30:47.272 10100 11030 I art     : Explicit concurrent mark sweep GC freed 3(96B) AllocSpace objects, 0(0B) LOS objects, 35% free, 28MB/44MB, paused 1.463ms total 37.304ms
08-04 12:30:47.285 10100 11030 I art     : Starting a blocking GC Explicit
08-04 12:30:47.324 10100 11030 I art     : Explicit concurrent mark sweep GC freed 10(320B) AllocSpace objects, 0(0B) LOS objects, 35% free, 28MB/44MB, paused 1.238ms total 39.479ms
08-04 12:30:47.337 10100 11030 I art     : Starting a blocking GC Explicit
08-04 12:30:47.372 10100 11030 I art     : Explicit concurrent mark sweep GC freed 38(1072B) AllocSpace objects, 0(0B) LOS objects, 35% free, 28MB/44MB, paused 1.385ms total 35.157ms
08-04 12:30:47.608   518   646 I ThermalEngine: ACTION: GPU - Setting GPU[0] to 510000000
08-04 12:30:47.708 10100 11029 I art     : Starting a blocking GC Explicit
08-04 12:30:47.744 10100 11029 I art     : Explicit concurrent mark sweep GC freed 1389(81KB) AllocSpace objects, 1(20KB) LOS objects, 35% free, 28MB/44MB, paused 990us total 35.972ms
08-04 12:30:47.756 10100 11029 I art     : Starting a blocking GC Explicit
08-04 12:30:47.786 10100 11029 I art     : Explicit concurrent mark sweep GC freed 23(752B) AllocSpace objects, 0(0B) LOS objects, 35% free, 28MB/44MB, paused 981us total 30.086ms
08-04 12:30:47.796 10100 11029 I art     : Starting a blocking GC Explicit
08-04 12:30:47.826 10100 11029 I art     : Explicit concurrent mark sweep GC freed 3(96B) AllocSpace objects, 0(0B) LOS objects, 35% free, 28MB/44MB, paused 947us total 29.334ms
08-04 12:30:47.835 10100 11029 I art     : Starting a blocking GC Explicit
08-04 12:30:47.864 10100 11029 I art     : Explicit concurrent mark sweep GC freed 3(96B) AllocSpace objects, 0(0B) LOS objects, 35% free, 28MB/44MB, paused 958us total 28.676ms
08-04 12:30:47.874 10100 11029 I art     : Starting a blocking GC Explicit
08-04 12:30:47.904 10100 11029 I art     : Explicit concurrent mark sweep GC freed 3(96B) AllocSpace objects, 0(0B) LOS objects, 35% free, 28MB/44MB, paused 942us total 29.882ms
08-04 12:30:48.243 10100 11030 I art     : Starting a blocking GC Explicit
08-04 12:30:48.251 13866 13882 I PeriodicStatsRunner: PeriodicStatsRunner.call():175 call()
08-04 12:30:48.252 13866 13882 I PeriodicStatsRunner: PeriodicStatsRunner.call():179 No submit PeriodicStats since input started.
08-04 12:30:48.281 10100 11030 I art     : Explicit concurrent mark sweep GC freed 1372(80KB) AllocSpace objects, 1(20KB) LOS objects, 35% free, 28MB/44MB, paused 1.065ms total 37.838ms
08-04 12:30:48.291 10100 11030 I art     : Starting a blocking GC Explicit
08-04 12:30:48.322 10100 11030 I art     : Explicit concurrent mark sweep GC freed 23(752B) AllocSpace objects, 0(0B) LOS objects, 35% free, 28MB/44MB, paused 954us total 29.921ms
08-04 12:30:48.331 10100 11030 I art     : Starting a blocking GC Explicit
08-04 12:30:48.360 10100 11030 I art     : Explicit concurrent mark sweep GC freed 28(704B) AllocSpace objects, 0(0B) LOS objects, 35% free, 28MB/44MB, paused 955us total 28.676ms
08-04 12:30:48.370 10100 11030 I art     : Starting a blocking GC Explicit
08-04 12:30:48.399 10100 11030 I art     : Explicit concurrent mark sweep GC freed 7(272B) AllocSpace objects, 0(0B) LOS objects, 35% free, 28MB/44MB, paused 958us total 29.063ms
08-04 12:30:48.409 10100 11030 I art     : Starting a blocking GC Explicit
08-04 12:30:48.438 10100 11030 I art     : Explicit concurrent mark sweep GC freed 3(96B) AllocSpace objects, 0(0B) LOS objects, 35% free, 28MB/44MB, paused 972us total 29.326ms
08-04 12:30:48.757 10100 10122 I art     : Starting a blocking GC Explicit
08-04 12:30:48.798 10100 10122 I art     : Explicit concurrent mark sweep GC freed 1372(80KB) AllocSpace objects, 1(20KB) LOS objects, 35% free, 28MB/44MB, paused 1.153ms total 40.378ms
08-04 12:30:48.811 10100 10122 I art     : Starting a blocking GC Explicit
08-04 12:30:48.841 10100 10122 I art     : Explicit concurrent mark sweep GC freed 23(752B) AllocSpace objects, 0(0B) LOS objects, 35% free, 28MB/44MB, paused 928us total 29.480ms
08-04 12:30:48.850 10100 10122 I art     : Starting a blocking GC Explicit
08-04 12:30:48.881 10100 10122 I art     : Explicit concurrent mark sweep GC freed 3(96B) AllocSpace objects, 0(0B) LOS objects, 35% free, 28MB/44MB, paused 964us total 30.050ms
08-04 12:30:48.891 10100 10122 I art     : Starting a blocking GC Explicit
08-04 12:30:48.921 10100 10122 I art     : Explicit concurrent mark sweep GC freed 3(96B) AllocSpace objects, 0(0B) LOS objects, 35% free, 28MB/44MB, paused 968us total 30.101ms
08-04 12:30:48.931 10100 10122 I art     : Starting a blocking GC Explicit
08-04 12:30:48.961 10100 10122 I art     : Explicit concurrent mark sweep GC freed 3(96B) AllocSpace objects, 0(0B) LOS objects, 35% free, 28MB/44MB, paused 918us total 29.647ms
08-04 12:30:49.292 10100 10113 I art     : Starting a blocking GC Explicit
08-04 12:30:49.333 10100 10113 I art     : Explicit concurrent mark sweep GC freed 1373(82KB) AllocSpace objects, 1(20KB) LOS objects, 35% free, 28MB/44MB, paused 1.054ms total 41.206ms
08-04 12:30:49.347 10100 10113 I art     : Starting a blocking GC Explicit
08-04 12:30:49.377 10100 10113 I art     : Explicit concurrent mark sweep GC freed 55(1616B) AllocSpace objects, 0(0B) LOS objects, 35% free, 28MB/44MB, paused 1.150ms total 30.045ms
08-04 12:30:49.387 10100 10113 I art     : Starting a blocking GC Explicit
08-04 12:30:49.417 10100 10113 I art     : Explicit concurrent mark sweep GC freed 5(368B) AllocSpace objects, 0(0B) LOS objects, 35% free, 28MB/44MB, paused 1.080ms total 29.716ms
08-04 12:30:49.427 10100 10113 I art     : Starting a blocking GC Explicit
08-04 12:30:49.457 10100 10113 I art     : Explicit concurrent mark sweep GC freed 3(96B) AllocSpace objects, 0(0B) LOS objects, 35% free, 28MB/44MB, paused 927us total 29.561ms
08-04 12:30:49.466 10100 10113 I art     : Starting a blocking GC Explicit
08-04 12:30:49.496 10100 10113 I art     : Explicit concurrent mark sweep GC freed 3(96B) AllocSpace objects, 0(0B) LOS objects, 35% free, 28MB/44MB, paused 955us total 29.738ms
08-04 12:30:49.819 10100 10112 I art     : Starting a blocking GC Explicit
08-04 12:30:49.855 10100 10112 I art     : Explicit concurrent mark sweep GC freed 1411(83KB) AllocSpace objects, 1(20KB) LOS objects, 35% free, 28MB/44MB, paused 979us total 35.800ms
08-04 12:30:49.868 10100 10112 I art     : Starting a blocking GC Explicit
08-04 12:30:49.897 10100 10112 I art     : Explicit concurrent mark sweep GC freed 23(752B) AllocSpace objects, 0(0B) LOS objects, 35% free, 28MB/44MB, paused 1.014ms total 29.181ms
08-04 12:30:49.907 10100 10112 I art     : Starting a blocking GC Explicit
08-04 12:30:49.936 10100 10112 I art     : Explicit concurrent mark sweep GC freed 3(96B) AllocSpace objects, 0(0B) LOS objects, 35% free, 28MB/44MB, paused 930us total 29.216ms
08-04 12:30:49.946 10100 10112 I art     : Starting a blocking GC Explicit
08-04 12:30:49.975 10100 10112 I art     : Explicit concurrent mark sweep GC freed 3(96B) AllocSpace objects, 0(0B) LOS objects, 35% free, 28MB/44MB, paused 879us total 28.297ms
08-04 12:30:49.984 10100 10112 I art     : Starting a blocking GC Explicit
08-04 12:30:50.014 10100 10112 I art     : Explicit concurrent mark sweep GC freed 3(96B) AllocSpace objects, 0(0B) LOS objects, 35% free, 28MB/44MB, paused 931us total 29.558ms
08-04 12:30:50.073 13866 13882 I PeriodicStatsRunner: PeriodicStatsRunner.call():175 call()
08-04 12:30:50.074 13866 13882 I PeriodicStatsRunner: PeriodicStatsRunner.call():179 No submit PeriodicStats since input started.
08-04 12:30:50.291 13866 13882 I PeriodicStatsRunner: PeriodicStatsRunner.call():175 call()
08-04 12:30:50.291 13866 13882 I PeriodicStatsRunner: PeriodicStatsRunner.call():179 No submit PeriodicStats since input started.
08-04 12:30:50.348 10100 11029 I art     : Starting a blocking GC Explicit
08-04 12:30:50.382 13866 13882 I PeriodicStatsRunner: PeriodicStatsRunner.call():175 call()
08-04 12:30:50.382 13866 13882 I PeriodicStatsRunner: PeriodicStatsRunner.call():179 No submit PeriodicStats since input started.
08-04 12:30:50.385 10100 11029 I art     : Explicit concurrent mark sweep GC freed 1518(89KB) AllocSpace objects, 1(20KB) LOS objects, 35% free, 28MB/44MB, paused 1.189ms total 36.918ms
08-04 12:30:50.395 10100 11029 I art     : Starting a blocking GC Explicit
08-04 12:30:50.425 10100 11029 I art     : Explicit concurrent mark sweep GC freed 23(752B) AllocSpace objects, 0(0B) LOS objects, 35% free, 28MB/44MB, paused 858us total 29.585ms
08-04 12:30:50.435 10100 11029 I art     : Starting a blocking GC Explicit
08-04 12:30:50.464 10100 11029 I art     : Explicit concurrent mark sweep GC freed 3(96B) AllocSpace objects, 0(0B) LOS objects, 35% free, 28MB/44MB, paused 838us total 28.772ms
08-04 12:30:50.473 10100 11029 I art     : Starting a blocking GC Explicit
08-04 12:30:50.502 10100 11029 I art     : Explicit concurrent mark sweep GC freed 3(96B) AllocSpace objects, 0(0B) LOS objects, 35% free, 28MB/44MB, paused 870us total 28.914ms
08-04 12:30:50.512 10100 11029 I art     : Starting a blocking GC Explicit
08-04 12:30:50.541 10100 11029 I art     : Explicit concurrent mark sweep GC freed 3(96B) AllocSpace objects, 0(0B) LOS objects, 35% free, 28MB/44MB, paused 829us total 29.066ms
08-04 12:30:50.874 10100 11030 I art     : Starting a blocking GC Explicit
08-04 12:30:50.914 10100 11030 I art     : Explicit concurrent mark sweep GC freed 1372(80KB) AllocSpace objects, 1(20KB) LOS objects, 35% free, 28MB/44MB, paused 921us total 38.946ms
08-04 12:30:50.925 10100 11030 I art     : Starting a blocking GC Explicit
08-04 12:30:50.954 10100 11030 I art     : Explicit concurrent mark sweep GC freed 23(752B) AllocSpace objects, 0(0B) LOS objects, 35% free, 28MB/44MB, paused 825us total 28.644ms
08-04 12:30:50.964 10100 11030 I art     : Starting a blocking GC Explicit
08-04 12:30:50.993 10100 11030 I art     : Explicit concurrent mark sweep GC freed 3(96B) AllocSpace objects, 0(0B) LOS objects, 35% free, 28MB/44MB, paused 858us total 29.323ms
08-04 12:30:51.003 10100 11030 I art     : Starting a blocking GC Explicit
08-04 12:30:51.032 10100 11030 I art     : Explicit concurrent mark sweep GC freed 3(96B) AllocSpace objects, 0(0B) LOS objects, 35% free, 28MB/44MB, paused 827us total 28.742ms
08-04 12:30:51.042 10100 11030 I art     : Starting a blocking GC Explicit
08-04 12:30:51.071 10100 11030 I art     : Explicit concurrent mark sweep GC freed 3(96B) AllocSpace objects, 0(0B) LOS objects, 35% free, 28MB/44MB, paused 838us total 29.114ms
08-04 12:30:51.407 10100 10122 I art     : Starting a blocking GC Explicit
08-04 12:30:51.449 10100 10122 I art     : Explicit concurrent mark sweep GC freed 1401(81KB) AllocSpace objects, 1(20KB) LOS objects, 35% free, 28MB/44MB, paused 916us total 41.321ms
08-04 12:30:51.462 10100 10122 I art     : Starting a blocking GC Explicit
08-04 12:30:51.491 10100 10122 I art     : Explicit concurrent mark sweep GC freed 23(752B) AllocSpace objects, 0(0B) LOS objects, 35% free, 28MB/44MB, paused 953us total 28.880ms
08-04 12:30:51.501 10100 10122 I art     : Starting a blocking GC Explicit
08-04 12:30:51.530 10100 10122 I art     : Explicit concurrent mark sweep GC freed 3(96B) AllocSpace objects, 0(0B) LOS objects, 35% free, 28MB/44MB, paused 839us total 28.826ms
08-04 12:30:51.539 10100 10122 I art     : Starting a blocking GC Explicit
08-04 12:30:51.569 10100 10122 I art     : Explicit concurrent mark sweep GC freed 3(96B) AllocSpace objects, 0(0B) LOS objects, 35% free, 28MB/44MB, paused 854us total 28.958ms
08-04 12:30:51.578 10100 10122 I art     : Starting a blocking GC Explicit
08-04 12:30:51.608 10100 10122 I art     : Explicit concurrent mark sweep GC freed 3(96B) AllocSpace objects, 0(0B) LOS objects, 35% free, 28MB/44MB, paused 949us total 29.006ms
08-04 12:30:51.920 10100 10113 I art     : Starting a blocking GC Explicit
08-04 12:30:51.957 10100 10113 I art     : Explicit concurrent mark sweep GC freed 1372(80KB) AllocSpace objects, 1(20KB) LOS objects, 35% free, 28MB/44MB, paused 866us total 36.297ms
08-04 12:30:51.969 10100 10113 I art     : Starting a blocking GC Explicit
08-04 12:30:51.999 10100 10113 I art     : Explicit concurrent mark sweep GC freed 23(752B) AllocSpace objects, 0(0B) LOS objects, 35% free, 28MB/44MB, paused 876us total 29.262ms
08-04 12:30:52.009 10100 10113 I art     : Starting a blocking GC Explicit
08-04 12:30:52.038 10100 10113 I art     : Explicit concurrent mark sweep GC freed 3(96B) AllocSpace objects, 0(0B) LOS objects, 35% free, 28MB/44MB, paused 990us total 28.844ms
08-04 12:30:52.047 10100 10113 I art     : Starting a blocking GC Explicit
08-04 12:30:52.049   918  3188 I hubconnection: sensorhub said: 'set_bias 3: -5.5296, 0.0000, 0.0000'
08-04 12:30:52.077 10100 10113 I art     : Explicit concurrent mark sweep GC freed 3(96B) AllocSpace objects, 0(0B) LOS objects, 35% free, 28MB/44MB, paused 798us total 29.313ms
08-04 12:30:52.086 10100 10113 I art     : Starting a blocking GC Explicit
08-04 12:30:52.115 10100 10113 I art     : Explicit concurrent mark sweep GC freed 3(96B) AllocSpace objects, 0(0B) LOS objects, 35% free, 28MB/44MB, paused 837us total 28.030ms
08-04 12:30:52.437 10100 10112 I art     : Starting a blocking GC Explicit
08-04 12:30:52.473 10100 10112 I art     : Explicit concurrent mark sweep GC freed 1401(81KB) AllocSpace objects, 1(20KB) LOS objects, 35% free, 28MB/44MB, paused 906us total 35.492ms
08-04 12:30:52.485 10100 10112 I art     : Starting a blocking GC Explicit
08-04 12:30:52.515 10100 10112 I art     : Explicit concurrent mark sweep GC freed 23(752B) AllocSpace objects, 0(0B) LOS objects, 35% free, 28MB/44MB, paused 843us total 29.644ms
08-04 12:30:52.524 10100 10112 I art     : Starting a blocking GC Explicit
08-04 12:30:52.553 10100 10112 I art     : Explicit concurrent mark sweep GC freed 3(96B) AllocSpace objects, 0(0B) LOS objects, 35% free, 28MB/44MB, paused 835us total 28.773ms
08-04 12:30:52.563 10100 10112 I art     : Starting a blocking GC Explicit
08-04 12:30:52.592 10100 10112 I art     : Explicit concurrent mark sweep GC freed 3(96B) AllocSpace objects, 0(0B) LOS objects, 35% free, 28MB/44MB, paused 860us total 28.405ms
08-04 12:30:52.602 10100 10112 I art     : Starting a blocking GC Explicit
08-04 12:30:52.631 10100 10112 I art     : Explicit concurrent mark sweep GC freed 3(96B) AllocSpace objects, 0(0B) LOS objects, 35% free, 28MB/44MB, paused 848us total 29.396ms
08-04 12:30:52.946 10100 11029 I art     : Starting a blocking GC Explicit
08-04 12:30:52.983 10100 11029 I art     : Explicit concurrent mark sweep GC freed 1372(80KB) AllocSpace objects, 1(20KB) LOS objects, 35% free, 28MB/44MB, paused 899us total 36.351ms
08-04 12:30:52.997 10100 11029 I art     : Starting a blocking GC Explicit
08-04 12:30:53.027 10100 11029 I art     : Explicit concurrent mark sweep GC freed 23(752B) AllocSpace objects, 0(0B) LOS objects, 35% free, 28MB/44MB, paused 900us total 29.564ms
08-04 12:30:53.037 10100 11029 I art     : Starting a blocking GC Explicit
08-04 12:30:53.066 10100 11029 I art     : Explicit concurrent mark sweep GC freed 3(96B) AllocSpace objects, 0(0B) LOS objects, 35% free, 28MB/44MB, paused 807us total 28.941ms
08-04 12:30:53.076 10100 11029 I art     : Starting a blocking GC Explicit
08-04 12:30:53.105 10100 11029 I art     : Explicit concurrent mark sweep GC freed 3(96B) AllocSpace objects, 0(0B) LOS objects, 35% free, 28MB/44MB, paused 867us total 29.488ms
08-04 12:30:53.115 10100 11029 I art     : Starting a blocking GC Explicit
08-04 12:30:53.145 10100 11029 I art     : Explicit concurrent mark sweep GC freed 3(96B) AllocSpace objects, 0(0B) LOS objects, 35% free, 28MB/44MB, paused 854us total 29.518ms
08-04 12:30:53.421 10100 11030 I art     : Starting a blocking GC Explicit
08-04 12:30:53.455 10100 11030 I art     : Explicit concurrent mark sweep GC freed 1401(81KB) AllocSpace objects, 1(20KB) LOS objects, 35% free, 28MB/44MB, paused 852us total 33.156ms
08-04 12:30:53.464 10100 11030 I art     : Starting a blocking GC Explicit
08-04 12:30:53.494 10100 11030 I art     : Explicit concurrent mark sweep GC freed 23(752B) AllocSpace objects, 0(0B) LOS objects, 35% free, 28MB/44MB, paused 818us total 29.310ms
08-04 12:30:53.503 10100 11030 I art     : Starting a blocking GC Explicit
08-04 12:30:53.530 10100 11030 I art     : Explicit concurrent mark sweep GC freed 3(96B) AllocSpace objects, 0(0B) LOS objects, 35% free, 28MB/44MB, paused 798us total 27.370ms
08-04 12:30:53.540 10100 11030 I art     : Starting a blocking GC Explicit
08-04 12:30:53.568 10100 11030 I art     : Explicit concurrent mark sweep GC freed 3(96B) AllocSpace objects, 0(0B) LOS objects, 35% free, 28MB/44MB, paused 909us total 27.584ms
08-04 12:30:53.577 10100 11030 I art     : Starting a blocking GC Explicit
08-04 12:30:53.604 10100 11030 I art     : Explicit concurrent mark sweep GC freed 3(96B) AllocSpace objects, 0(0B) LOS objects, 35% free, 28MB/44MB, paused 850us total 27.224ms
08-04 12:30:53.662 11916 11916 D AndroidRuntime: >>>>>> START com.android.internal.os.RuntimeInit uid 2000 <<<<<<
08-04 12:30:53.667 11916 11916 D AndroidRuntime: CheckJNI is OFF
08-04 12:30:53.705 11916 11916 D ICU     : No timezone override file found: /data/misc/zoneinfo/current/icu/icu_tzdata.dat
08-04 12:30:53.743 11916 11916 I Radio-JNI: register_android_hardware_Radio DONE
08-04 12:30:53.767 11916 11916 D AndroidRuntime: Calling main entry com.android.commands.input.Input
08-04 12:30:53.770 11916 11916 I Input   : injectKeyEvent: KeyEvent { action=ACTION_DOWN, keyCode=KEYCODE_BACK, scanCode=0, metaState=0, flags=0x0, repeatCount=0, eventTime=707470183, downTime=707470183, deviceId=-1, source=0x101 }
08-04 12:30:53.776 11916 11916 I Input   : injectKeyEvent: KeyEvent { action=ACTION_UP, keyCode=KEYCODE_BACK, scanCode=0, metaState=0, flags=0x0, repeatCount=0, eventTime=707470183, downTime=707470183, deviceId=-1, source=0x101 }
08-04 12:30:53.782 11916 11916 D AndroidRuntime: Shutting down VM
08-04 12:30:53.786 10100 10100 V PlaybackController: initServiceNotRunning()
08-04 12:30:53.787 10100 10100 D ExternalPlayerFragment: Loading media info
08-04 12:30:53.790 10100 10100 D UserPreferences: Using default data folder
08-04 12:30:53.791 10100 10126 D DBReader: getNavDrawerData() called with: 
08-04 12:30:53.801 10100 10126 D DBReader: getDownloadedItems() called
08-04 12:30:53.802 10100 10126 D DBReader: getFavoriteIDList() called
08-04 12:30:53.803 10100 10126 D DBReader: getQueueIDList() called
08-04 12:30:53.803 10100 10126 D DBReader: Extracting Feedlist
08-04 12:30:53.824 10100 10100 D MainActivity: getLastNavFragment() -> AddFeedFragment
08-04 12:30:53.825 13866 13866 I GoogleInputMethodServic: GoogleInputMethodService.onFinishInput():3138 
08-04 12:30:53.826 13866 13866 I GoogleInputMethodServic: GoogleInputMethodService.onStartInput():1808 
08-04 12:30:53.890 10100 10122 I art     : Starting a blocking GC Explicit
08-04 12:30:53.915 10100 10122 I art     : Explicit concurrent mark sweep GC freed 2482(153KB) AllocSpace objects, 1(20KB) LOS objects, 35% free, 28MB/44MB, paused 740us total 24.060ms
08-04 12:30:53.924 10100 10122 I art     : Starting a blocking GC Explicit
08-04 12:30:53.950 10100 10122 I art     : Explicit concurrent mark sweep GC freed 452(24KB) AllocSpace objects, 0(0B) LOS objects, 35% free, 28MB/44MB, paused 769us total 26.431ms
08-04 12:30:53.959 10100 10122 I art     : Starting a blocking GC Explicit
08-04 12:30:53.988 10100 10122 I art     : Explicit concurrent mark sweep GC freed 3(96B) AllocSpace objects, 0(0B) LOS objects, 35% free, 28MB/44MB, paused 861us total 28.822ms
08-04 12:30:53.999 10100 10122 I art     : Starting a blocking GC Explicit
08-04 12:30:54.029 10100 10122 I art     : Explicit concurrent mark sweep GC freed 3(96B) AllocSpace objects, 0(0B) LOS objects, 35% free, 28MB/44MB, paused 769us total 30.323ms
08-04 12:30:54.041 10100 10122 I art     : Starting a blocking GC Explicit
08-04 12:30:54.074 10100 10122 I art     : Explicit concurrent mark sweep GC freed 3(96B) AllocSpace objects, 0(0B) LOS objects, 35% free, 28MB/44MB, paused 833us total 32.313ms
08-04 12:30:54.127   380   380 W SurfaceFlinger: couldn't log to binary event log: overflow.
08-04 12:30:54.327 10100 10122 I art     : Starting a blocking GC Explicit
08-04 12:30:54.358 10100 10122 I art     : Explicit concurrent mark sweep GC freed 1969(105KB) AllocSpace objects, 1(20KB) LOS objects, 35% free, 28MB/44MB, paused 862us total 30.140ms
08-04 12:30:54.367 10100 10122 I art     : Starting a blocking GC Explicit
08-04 12:30:54.396 10100 10122 I art     : Explicit concurrent mark sweep GC freed 2486(153KB) AllocSpace objects, 1(28KB) LOS objects, 35% free, 28MB/44MB, paused 838us total 28.547ms
08-04 12:30:54.406 10100 10122 I art     : Starting a blocking GC Explicit
08-04 12:30:54.435 10100 10122 I art     : Explicit concurrent mark sweep GC freed 3(96B) AllocSpace objects, 0(0B) LOS objects, 35% free, 28MB/44MB, paused 841us total 28.506ms
08-04 12:30:54.444 10100 10122 I art     : Starting a blocking GC Explicit
08-04 12:30:54.472 10100 10122 I art     : Explicit concurrent mark sweep GC freed 3(96B) AllocSpace objects, 0(0B) LOS objects, 35% free, 28MB/44MB, paused 845us total 27.835ms
08-04 12:30:54.482 10100 10122 I art     : Starting a blocking GC Explicit
08-04 12:30:54.510 10100 10122 I art     : Explicit concurrent mark sweep GC freed 3(96B) AllocSpace objects, 0(0B) LOS objects, 35% free, 28MB/44MB, paused 840us total 28.026ms
08-04 12:30:54.612 24365 25567 I NetworkScheduler.Stats: Task com.google.android.apps.gcs/ started execution. cause:4 exec_start_elapsed_seconds: 1690858 [CONTEXT service_id=218 ]
08-04 12:30:54.614  5742 11959 W Gcs.WfaEliRefreshTask: [23896] afk.b: NULL eligibility response.
08-04 12:30:54.619 24365 25567 I NetworkScheduler.Stats: Task com.google.android.apps.gcs/ finished executing. cause:4 result: 3 elapsed_millis: 11 uptime_millis: 12 exec_start_elapsed_seconds: 1690858 [CONTEXT service_id=218 ]
08-04 12:30:54.804 10100 10112 I art     : Starting a blocking GC Explicit
08-04 12:30:54.840 10100 10112 I art     : Explicit concurrent mark sweep GC freed 1374(82KB) AllocSpace objects, 1(20KB) LOS objects, 35% free, 28MB/44MB, paused 986us total 35.050ms
08-04 12:30:54.851 10100 10112 I art     : Starting a blocking GC Explicit
08-04 12:30:54.880 10100 10112 I art     : Explicit concurrent mark sweep GC freed 23(752B) AllocSpace objects, 0(0B) LOS objects, 35% free, 28MB/44MB, paused 854us total 28.450ms
08-04 12:30:54.890 10100 10112 I art     : Starting a blocking GC Explicit
08-04 12:30:54.919 10100 10112 I art     : Explicit concurrent mark sweep GC freed 3(96B) AllocSpace objects, 0(0B) LOS objects, 35% free, 28MB/44MB, paused 870us total 28.508ms
08-04 12:30:54.928 10100 10112 I art     : Starting a blocking GC Explicit
08-04 12:30:54.956 10100 10112 I art     : Explicit concurrent mark sweep GC freed 3(96B) AllocSpace objects, 0(0B) LOS objects, 35% free, 28MB/44MB, paused 829us total 27.633ms
08-04 12:30:54.966 10100 10112 I art     : Starting a blocking GC Explicit
08-04 12:30:54.994 10100 10112 I art     : Explicit concurrent mark sweep GC freed 3(96B) AllocSpace objects, 0(0B) LOS objects, 35% free, 28MB/44MB, paused 832us total 28.100ms
08-04 12:30:55.272 10100 10113 I art     : Starting a blocking GC Explicit
08-04 12:30:55.308 10100 10113 I art     : Explicit concurrent mark sweep GC freed 1373(80KB) AllocSpace objects, 1(20KB) LOS objects, 35% free, 28MB/44MB, paused 1.187ms total 35.668ms
08-04 12:30:55.317 10100 10113 I art     : Starting a blocking GC Explicit
08-04 12:30:55.345 10100 10113 I art     : Explicit concurrent mark sweep GC freed 23(752B) AllocSpace objects, 0(0B) LOS objects, 35% free, 28MB/44MB, paused 901us total 27.415ms
08-04 12:30:55.355 10100 10113 I art     : Starting a blocking GC Explicit
08-04 12:30:55.381 10100 10113 I art     : Explicit concurrent mark sweep GC freed 32(880B) AllocSpace objects, 0(0B) LOS objects, 35% free, 28MB/44MB, paused 846us total 25.946ms
08-04 12:30:55.390 10100 10113 I art     : Starting a blocking GC Explicit
08-04 12:30:55.420 10100 10113 I art     : Explicit concurrent mark sweep GC freed 4(128B) AllocSpace objects, 0(0B) LOS objects, 35% free, 28MB/44MB, paused 824us total 29.415ms
08-04 12:30:55.420 10100 10111 I art     : WaitForGcToComplete blocked for 29.950ms for cause HeapTrim
08-04 12:30:55.429 10100 10113 I art     : Starting a blocking GC Explicit
08-04 12:30:55.447 11970 11970 D AndroidRuntime: >>>>>> START com.android.internal.os.RuntimeInit uid 2000 <<<<<<
08-04 12:30:55.453 11970 11970 D AndroidRuntime: CheckJNI is OFF
08-04 12:30:55.462 10100 10113 I art     : Explicit concurrent mark sweep GC freed 7(224B) AllocSpace objects, 0(0B) LOS objects, 35% free, 28MB/44MB, paused 876us total 33.215ms
08-04 12:30:55.488 11970 11970 D ICU     : No timezone override file found: /data/misc/zoneinfo/current/icu/icu_tzdata.dat
08-04 12:30:55.517 11970 11970 I Radio-JNI: register_android_hardware_Radio DONE
08-04 12:30:55.538 11970 11970 D AndroidRuntime: Calling main entry com.android.commands.input.Input
08-04 12:30:55.540 11970 11970 I Input   : injectKeyEvent: KeyEvent { action=ACTION_DOWN, keyCode=KEYCODE_BACK, scanCode=0, metaState=0, flags=0x0, repeatCount=0, eventTime=707471953, downTime=707471953, deviceId=-1, source=0x101 }
08-04 12:30:55.548 11970 11970 I Input   : injectKeyEvent: KeyEvent { action=ACTION_UP, keyCode=KEYCODE_BACK, scanCode=0, metaState=0, flags=0x0, repeatCount=0, eventTime=707471953, downTime=707471953, deviceId=-1, source=0x101 }
08-04 12:30:55.562 13866 13866 I GoogleInputMethodServic: GoogleInputMethodService.onFinishInput():3138 
08-04 12:30:55.564 13866 13866 I GoogleInputMethodServic: GoogleInputMethodService.onStartInput():1808 
08-04 12:30:55.567 11970 11970 D AndroidRuntime: Shutting down VM
08-04 12:30:55.716 10100 10112 I art     : Starting a blocking GC Explicit
08-04 12:30:55.748 10100 10112 I art     : Explicit concurrent mark sweep GC freed 2583(129KB) AllocSpace objects, 1(20KB) LOS objects, 35% free, 28MB/44MB, paused 862us total 31.546ms
08-04 12:30:55.759 10100 10112 I art     : Starting a blocking GC Explicit
08-04 12:30:55.787 10100 10112 I art     : Explicit concurrent mark sweep GC freed 2658(177KB) AllocSpace objects, 9(1540KB) LOS objects, 37% free, 26MB/42MB, paused 823us total 27.811ms
08-04 12:30:55.797 10100 10112 I art     : Starting a blocking GC Explicit
08-04 12:30:55.824 10100 10112 I art     : Explicit concurrent mark sweep GC freed 3(96B) AllocSpace objects, 0(0B) LOS objects, 37% free, 26MB/42MB, paused 826us total 26.852ms
08-04 12:30:55.833 10100 10112 I art     : Starting a blocking GC Explicit
08-04 12:30:55.860 10100 10112 I art     : Explicit concurrent mark sweep GC freed 3(96B) AllocSpace objects, 0(0B) LOS objects, 37% free, 26MB/42MB, paused 836us total 26.680ms
08-04 12:30:55.870 10100 10112 I art     : Starting a blocking GC Explicit
08-04 12:30:55.897 10100 10112 I art     : Explicit concurrent mark sweep GC freed 3(96B) AllocSpace objects, 0(0B) LOS objects, 37% free, 26MB/42MB, paused 980us total 27.392ms
08-04 12:30:56.199 10100 11029 I art     : Starting a blocking GC Explicit
08-04 12:30:56.239 10100 11029 I art     : Explicit concurrent mark sweep GC freed 1373(81KB) AllocSpace objects, 1(20KB) LOS objects, 37% free, 26MB/42MB, paused 912us total 39.143ms
08-04 12:30:56.255 10100 11029 I art     : Starting a blocking GC Explicit
08-04 12:30:56.283 10100 11029 I art     : Explicit concurrent mark sweep GC freed 23(752B) AllocSpace objects, 0(0B) LOS objects, 37% free, 26MB/42MB, paused 826us total 26.956ms
08-04 12:30:56.292 10100 11029 I art     : Starting a blocking GC Explicit
08-04 12:30:56.319 10100 11029 I art     : Explicit concurrent mark sweep GC freed 3(96B) AllocSpace objects, 0(0B) LOS objects, 37% free, 26MB/42MB, paused 849us total 27.090ms
08-04 12:30:56.329 10100 11029 I art     : Starting a blocking GC Explicit
08-04 12:30:56.357 10100 11029 I art     : Explicit concurrent mark sweep GC freed 3(96B) AllocSpace objects, 0(0B) LOS objects, 37% free, 26MB/42MB, paused 1.139ms total 28.332ms
08-04 12:30:56.367 10100 11029 I art     : Starting a blocking GC Explicit
08-04 12:30:56.395 10100 11029 I art     : Explicit concurrent mark sweep GC freed 32(880B) AllocSpace objects, 0(0B) LOS objects, 37% free, 26MB/42MB, paused 845us total 27.762ms
08-04 12:30:56.698 10100 10113 I art     : Starting a blocking GC Explicit
08-04 12:30:56.733 10100 10113 I art     : Explicit concurrent mark sweep GC freed 1373(81KB) AllocSpace objects, 1(20KB) LOS objects, 37% free, 26MB/42MB, paused 927us total 34.670ms
08-04 12:30:56.744 10100 10113 I art     : Starting a blocking GC Explicit
08-04 12:30:56.772 10100 10113 I art     : Explicit concurrent mark sweep GC freed 23(752B) AllocSpace objects, 0(0B) LOS objects, 37% free, 26MB/42MB, paused 847us total 27.871ms
08-04 12:30:56.781 10100 10113 I art     : Starting a blocking GC Explicit
08-04 12:30:56.809 10100 10113 I art     : Explicit concurrent mark sweep GC freed 3(96B) AllocSpace objects, 0(0B) LOS objects, 37% free, 26MB/42MB, paused 819us total 27.096ms
08-04 12:30:56.819 10100 10113 I art     : Starting a blocking GC Explicit
08-04 12:30:56.844 10100 10113 I art     : Explicit concurrent mark sweep GC freed 3(96B) AllocSpace objects, 0(0B) LOS objects, 37% free, 26MB/42MB, paused 866us total 25.087ms
08-04 12:30:56.853 10100 10113 I art     : Starting a blocking GC Explicit
08-04 12:30:56.879 10100 10113 I art     : Explicit concurrent mark sweep GC freed 3(96B) AllocSpace objects, 0(0B) LOS objects, 37% free, 26MB/42MB, paused 847us total 25.230ms
08-04 12:30:57.154 10100 11030 I art     : Starting a blocking GC Explicit
08-04 12:30:57.182 10100 11030 I art     : Explicit concurrent mark sweep GC freed 1372(82KB) AllocSpace objects, 1(20KB) LOS objects, 37% free, 26MB/42MB, paused 1.028ms total 27.310ms
08-04 12:30:57.191 10100 11030 I art     : Starting a blocking GC Explicit
08-04 12:30:57.214 12025 12025 D AndroidRuntime: >>>>>> START com.android.internal.os.RuntimeInit uid 2000 <<<<<<
08-04 12:30:57.218 10100 11030 I art     : Explicit concurrent mark sweep GC freed 28(912B) AllocSpace objects, 0(0B) LOS objects, 37% free, 26MB/42MB, paused 861us total 26.375ms
08-04 12:30:57.219 12025 12025 D AndroidRuntime: CheckJNI is OFF
08-04 12:30:57.228 10100 11030 I art     : Starting a blocking GC Explicit
08-04 12:30:57.253 10100 11030 I art     : Explicit concurrent mark sweep GC freed 7(224B) AllocSpace objects, 0(0B) LOS objects, 37% free, 26MB/42MB, paused 938us total 24.861ms
08-04 12:30:57.255 12025 12025 D ICU     : No timezone override file found: /data/misc/zoneinfo/current/icu/icu_tzdata.dat
08-04 12:30:57.262 10100 11030 I art     : Starting a blocking GC Explicit
08-04 12:30:57.287 10100 11030 I art     : Explicit concurrent mark sweep GC freed 7(224B) AllocSpace objects, 0(0B) LOS objects, 37% free, 26MB/42MB, paused 1.007ms total 24.548ms
08-04 12:30:57.288 12025 12025 I Radio-JNI: register_android_hardware_Radio DONE
08-04 12:30:57.296 10100 11030 I art     : Starting a blocking GC Explicit
08-04 12:30:57.310 12025 12025 D AndroidRuntime: Calling main entry com.android.commands.input.Input
08-04 12:30:57.312 12025 12025 I Input   : injectMotionEvent: MotionEvent { action=ACTION_DOWN, actionButton=0, id[0]=0, x[0]=567.0, y[0]=714.0, toolType[0]=TOOL_TYPE_UNKNOWN, buttonState=0, metaState=0, flags=0x0, edgeFlags=0x0, pointerCount=1, historySize=0, eventTime=707473725, downTime=707473725, deviceId=0, source=0x1002 }
08-04 12:30:57.320 10100 11030 I art     : Explicit concurrent mark sweep GC freed 7(224B) AllocSpace objects, 0(0B) LOS objects, 37% free, 26MB/42MB, paused 745us total 24.036ms
08-04 12:30:57.321 12025 12025 I Input   : injectMotionEvent: MotionEvent { action=ACTION_UP, actionButton=0, id[0]=0, x[0]=567.0, y[0]=714.0, toolType[0]=TOOL_TYPE_UNKNOWN, buttonState=0, metaState=0, flags=0x0, edgeFlags=0x0, pointerCount=1, historySize=0, eventTime=707473725, downTime=707473725, deviceId=0, source=0x1002 }
08-04 12:30:57.323 12025 12025 D AndroidRuntime: Shutting down VM
08-04 12:30:57.335   512  2967 D audio_hw_primary: out_set_parameters: enter: usecase(1: low-latency-playback) kvpairs: routing=2
08-04 12:30:57.347   512  2967 D audio_hw_primary: select_devices: out_snd_device(2: speaker) in_snd_device(0: none)
08-04 12:30:57.348   512  2967 D msm8974_platform: platform_send_audio_calibration: sending audio calibration for snd_device(2) acdb_id(15)
08-04 12:30:57.348   512  2967 I soundtrigger: audio_extn_sound_trigger_update_device_status: device 0x2 of type 0 for Event 1
08-04 12:30:57.357   512  2967 D audio_hw_primary: enable_snd_device: snd_device(2: speaker)
08-04 12:30:57.359   512  2967 D audio_hw_primary: enable_audio_route: apply and update mixer path: low-latency-playback speaker
08-04 12:30:57.587 10100 11030 I art     : Starting a blocking GC Explicit
08-04 12:30:57.616 10100 11030 I art     : Explicit concurrent mark sweep GC freed 7586(352KB) AllocSpace objects, 1(20KB) LOS objects, 36% free, 27MB/43MB, paused 907us total 28.581ms
08-04 12:30:57.625 10100 11030 I art     : Starting a blocking GC Explicit
08-04 12:30:57.651 10100 11030 I art     : Explicit concurrent mark sweep GC freed 1764(87KB) AllocSpace objects, 1(220KB) LOS objects, 37% free, 26MB/42MB, paused 864us total 26.102ms
08-04 12:30:57.660 10100 11030 I art     : Starting a blocking GC Explicit
08-04 12:30:57.685 10100 11030 I art     : Explicit concurrent mark sweep GC freed 15(544B) AllocSpace objects, 0(0B) LOS objects, 37% free, 26MB/42MB, paused 844us total 24.572ms
08-04 12:30:57.693 10100 11030 I art     : Starting a blocking GC Explicit
08-04 12:30:57.704 10100 10120 I NAPPA_EXPERIMENTATION: MetricNetworkRequestExecutionTime: REQUEST_DURATION_SYSTEM='350',REQUEST_DURATION_OKHTTP='155',REQUEST_SYNCHRONOUS='TRUE',RESPONSE_CODE='400',RESPONSE_METHOD='GET',RESPONSE_LENGTH_OKHTTP='0',RESPONSE_LENGTH_HEADER='0',REQUEST_PROTOCOL='h2',REQUEST_URL='https://itunes.apple.com/en/rss/toppodcasts/limit=25/explicit=true/json',
08-04 12:30:57.718 10100 11030 I art     : Explicit concurrent mark sweep GC freed 364(24KB) AllocSpace objects, 0(0B) LOS objects, 37% free, 26MB/42MB, paused 1.099ms total 24.915ms
08-04 12:30:57.727 10100 11030 I art     : Starting a blocking GC Explicit
08-04 12:30:57.752 10100 11030 I art     : Explicit concurrent mark sweep GC freed 90(3KB) AllocSpace objects, 0(0B) LOS objects, 37% free, 26MB/42MB, paused 859us total 24.667ms
08-04 12:30:57.837 10100 10120 I NAPPA_EXPERIMENTATION: MetricNetworkRequestExecutionTime: REQUEST_DURATION_SYSTEM='132',REQUEST_DURATION_OKHTTP='132',REQUEST_SYNCHRONOUS='TRUE',RESPONSE_CODE='200',RESPONSE_METHOD='GET',RESPONSE_LENGTH_OKHTTP='-1',RESPONSE_LENGTH_HEADER='10075',REQUEST_PROTOCOL='h2',REQUEST_URL='https://itunes.apple.com/us/rss/toppodcasts/limit=25/explicit=true/json',
08-04 12:30:57.884 10100 10832 D ApOkHttpUrlLoader: buildLoadData() called with: model = [https://is4-ssl.mzstatic.com/image/thumb/Podcasts114/v4/3f/16/74/3f167426-bf50-ce3a-d709-e4301620fc5b/mza_5832671293059882550.jpeg/170x170bb.png], width = [224], height = [224]
08-04 12:30:57.885 10100 10835 D DBReader: getImageAuthentication() called with: imageUrl = [https://is4-ssl.mzstatic.com/image/thumb/Podcasts114/v4/3f/16/74/3f167426-bf50-ce3a-d709-e4301620fc5b/mza_5832671293059882550.jpeg/170x170bb.png]
08-04 12:30:57.887 10100 10838 D ApOkHttpUrlLoader: buildLoadData() called with: model = [https://is4-ssl.mzstatic.com/image/thumb/Podcasts113/v4/e5/8a/10/e58a108f-f5d0-f622-c94a-13f66edd570c/mza_3025981348644196724.jpg/170x170bb.png], width = [224], height = [224]
08-04 12:30:57.888 10100 10840 D DBReader: getImageAuthentication() called with: imageUrl = [https://is4-ssl.mzstatic.com/image/thumb/Podcasts113/v4/e5/8a/10/e58a108f-f5d0-f622-c94a-13f66edd570c/mza_3025981348644196724.jpg/170x170bb.png]
08-04 12:30:57.890 10100 10835 D ApOkHttpUrlLoader: no credentials for 'https://is4-ssl.mzstatic.com/image/thumb/Podcasts114/v4/3f/16/74/3f167426-bf50-ce3a-d709-e4301620fc5b/mza_5832671293059882550.jpeg/170x170bb.png'
08-04 12:30:57.890 10100 10833 D ApOkHttpUrlLoader: buildLoadData() called with: model = [https://is2-ssl.mzstatic.com/image/thumb/Podcasts113/v4/a9/39/cc/a939ccc5-6d60-0c11-0a4c-16d71cdef89b/mza_8787577209688278658.jpg/170x170bb.png], width = [224], height = [224]
08-04 12:30:57.891 10100 10844 D DBReader: getImageAuthentication() called with: imageUrl = [https://is2-ssl.mzstatic.com/image/thumb/Podcasts113/v4/a9/39/cc/a939ccc5-6d60-0c11-0a4c-16d71cdef89b/mza_8787577209688278658.jpg/170x170bb.png]
08-04 12:30:57.894 10100 10840 D ApOkHttpUrlLoader: no credentials for 'https://is4-ssl.mzstatic.com/image/thumb/Podcasts113/v4/e5/8a/10/e58a108f-f5d0-f622-c94a-13f66edd570c/mza_3025981348644196724.jpg/170x170bb.png'
08-04 12:30:57.894 10100 10836 D ApOkHttpUrlLoader: buildLoadData() called with: model = [https://is5-ssl.mzstatic.com/image/thumb/Podcasts114/v4/93/cf/99/93cf9960-fff3-205e-6655-72c03ddeccb2/mza_10545582232493904175.jpeg/170x170bb.png], width = [224], height = [224]
08-04 12:30:57.898 10100 10834 D DBReader: getImageAuthentication() called with: imageUrl = [https://is5-ssl.mzstatic.com/image/thumb/Podcasts114/v4/93/cf/99/93cf9960-fff3-205e-6655-72c03ddeccb2/mza_10545582232493904175.jpeg/170x170bb.png]
08-04 12:30:57.899 10100 10832 D ApOkHttpUrlLoader: buildLoadData() called with: model = [https://is4-ssl.mzstatic.com/image/thumb/Podcasts124/v4/49/a4/91/49a491b7-3daf-c5dc-d7c6-6c4f1486955c/mza_5930014091766152297.png/170x170bb.png], width = [224], height = [224]
08-04 12:30:57.900 10100 10844 D ApOkHttpUrlLoader: no credentials for 'https://is2-ssl.mzstatic.com/image/thumb/Podcasts113/v4/a9/39/cc/a939ccc5-6d60-0c11-0a4c-16d71cdef89b/mza_8787577209688278658.jpg/170x170bb.png'
08-04 12:30:57.901   512  2967 D audio_hw_primary: disable_audio_route: reset and update mixer path: low-latency-playback speaker
08-04 12:30:57.901 10100 10838 D ApOkHttpUrlLoader: buildLoadData() called with: model = [https://is5-ssl.mzstatic.com/image/thumb/Podcasts113/v4/fd/54/6e/fd546ea0-7ab2-e3f0-6049-884d82917af9/mza_4855349695799758348.jpeg/170x170bb.png], width = [224], height = [224]
08-04 12:30:57.902   512  2967 D audio_hw_primary: disable_snd_device: snd_device(2: speaker)
08-04 12:30:57.902 10100 10845 D DBReader: getImageAuthentication() called with: imageUrl = [https://is5-ssl.mzstatic.com/image/thumb/Podcasts113/v4/fd/54/6e/fd546ea0-7ab2-e3f0-6049-884d82917af9/mza_4855349695799758348.jpeg/170x170bb.png]
08-04 12:30:57.902 10100 10839 D DBReader: getImageAuthentication() called with: imageUrl = [https://is4-ssl.mzstatic.com/image/thumb/Podcasts124/v4/49/a4/91/49a491b7-3daf-c5dc-d7c6-6c4f1486955c/mza_5930014091766152297.png/170x170bb.png]
08-04 12:30:57.903 10100 10834 D ApOkHttpUrlLoader: no credentials for 'https://is5-ssl.mzstatic.com/image/thumb/Podcasts114/v4/93/cf/99/93cf9960-fff3-205e-6655-72c03ddeccb2/mza_10545582232493904175.jpeg/170x170bb.png'
08-04 12:30:57.904 10100 10833 D ApOkHttpUrlLoader: buildLoadData() called with: model = [https://is2-ssl.mzstatic.com/image/thumb/Podcasts114/v4/b3/4c/cf/b34ccfc2-cea4-1ca1-0fad-7793af301cc5/mza_2466085192629456364.jpg/170x170bb.png], width = [224], height = [224]
08-04 12:30:57.905 10100 10837 D DBReader: getImageAuthentication() called with: imageUrl = [https://is2-ssl.mzstatic.com/image/thumb/Podcasts114/v4/b3/4c/cf/b34ccfc2-cea4-1ca1-0fad-7793af301cc5/mza_2466085192629456364.jpg/170x170bb.png]
08-04 12:30:57.907 10100 10839 D ApOkHttpUrlLoader: no credentials for 'https://is4-ssl.mzstatic.com/image/thumb/Podcasts124/v4/49/a4/91/49a491b7-3daf-c5dc-d7c6-6c4f1486955c/mza_5930014091766152297.png/170x170bb.png'
08-04 12:30:57.910 10100 10845 D ApOkHttpUrlLoader: no credentials for 'https://is5-ssl.mzstatic.com/image/thumb/Podcasts113/v4/fd/54/6e/fd546ea0-7ab2-e3f0-6049-884d82917af9/mza_4855349695799758348.jpeg/170x170bb.png'
08-04 12:30:57.912 10100 10837 D ApOkHttpUrlLoader: no credentials for 'https://is2-ssl.mzstatic.com/image/thumb/Podcasts114/v4/b3/4c/cf/b34ccfc2-cea4-1ca1-0fad-7793af301cc5/mza_2466085192629456364.jpg/170x170bb.png'
08-04 12:30:57.916   512  2967 I soundtrigger: audio_extn_sound_trigger_update_device_status: device 0x2 of type 0 for Event 0
08-04 12:30:58.030 10100 10113 I art     : Starting a blocking GC Explicit
08-04 12:30:58.063 10100 10113 I art     : Explicit concurrent mark sweep GC freed 31585(1546KB) AllocSpace objects, 5(372KB) LOS objects, 36% free, 27MB/43MB, paused 1.499ms total 32.855ms
08-04 12:30:58.073 10100 10113 I art     : Starting a blocking GC Explicit
08-04 12:30:58.099 10100 10113 I art     : Explicit concurrent mark sweep GC freed 4128(194KB) AllocSpace objects, 0(0B) LOS objects, 37% free, 27MB/43MB, paused 1.385ms total 26.231ms
08-04 12:30:58.108 10100 10113 I art     : Starting a blocking GC Explicit
08-04 12:30:58.137 10100 10113 I art     : Explicit concurrent mark sweep GC freed 4656(308KB) AllocSpace objects, 0(0B) LOS objects, 37% free, 27MB/43MB, paused 1.251ms total 28.674ms
08-04 12:30:58.146 10100 10113 I art     : Starting a blocking GC Explicit
08-04 12:30:58.173 10100 10113 I art     : Explicit concurrent mark sweep GC freed 641(49KB) AllocSpace objects, 0(0B) LOS objects, 37% free, 27MB/43MB, paused 1.178ms total 27.028ms
08-04 12:30:58.182 10100 10113 I art     : Starting a blocking GC Explicit
08-04 12:30:58.211 10100 10113 I art     : Explicit concurrent mark sweep GC freed 71(2416B) AllocSpace objects, 0(0B) LOS objects, 37% free, 27MB/43MB, paused 1.188ms total 28.191ms
08-04 12:30:58.239 10100 10835 D MYTAG   : interceptor 2a
08-04 12:30:58.240 10100 10835 I NAPPA_EXPERIMENTATION: MetricNetworkRequestExecutionTime: REQUEST_DURATION_SYSTEM='349',REQUEST_DURATION_OKHTTP='177',REQUEST_SYNCHRONOUS='TRUE',RESPONSE_CODE='200',RESPONSE_METHOD='GET',RESPONSE_LENGTH_OKHTTP='26177',RESPONSE_LENGTH_HEADER='26177',REQUEST_PROTOCOL='h2',REQUEST_URL='https://is4-ssl.mzstatic.com/image/thumb/Podcasts114/v4/3f/16/74/3f167426-bf50-ce3a-d709-e4301620fc5b/mza_5832671293059882550.jpeg/170x170bb.png',
08-04 12:30:58.252 10100 10840 D MYTAG   : interceptor 2a
08-04 12:30:58.252 10100 10840 I NAPPA_EXPERIMENTATION: MetricNetworkRequestExecutionTime: REQUEST_DURATION_SYSTEM='358',REQUEST_DURATION_OKHTTP='150',REQUEST_SYNCHRONOUS='TRUE',RESPONSE_CODE='200',RESPONSE_METHOD='GET',RESPONSE_LENGTH_OKHTTP='45995',RESPONSE_LENGTH_HEADER='45995',REQUEST_PROTOCOL='h2',REQUEST_URL='https://is4-ssl.mzstatic.com/image/thumb/Podcasts113/v4/e5/8a/10/e58a108f-f5d0-f622-c94a-13f66edd570c/mza_3025981348644196724.jpg/170x170bb.png',
08-04 12:30:58.311 10100 10844 D MYTAG   : interceptor 2a
08-04 12:30:58.311 10100 10844 I NAPPA_EXPERIMENTATION: MetricNetworkRequestExecutionTime: REQUEST_DURATION_SYSTEM='411',REQUEST_DURATION_OKHTTP='232',REQUEST_SYNCHRONOUS='TRUE',RESPONSE_CODE='200',RESPONSE_METHOD='GET',RESPONSE_LENGTH_OKHTTP='48239',RESPONSE_LENGTH_HEADER='48239',REQUEST_PROTOCOL='h2',REQUEST_URL='https://is2-ssl.mzstatic.com/image/thumb/Podcasts113/v4/a9/39/cc/a939ccc5-6d60-0c11-0a4c-16d71cdef89b/mza_8787577209688278658.jpg/170x170bb.png',
08-04 12:30:58.322 10100 10834 D MYTAG   : interceptor 2a
08-04 12:30:58.322 10100 10834 I NAPPA_EXPERIMENTATION: MetricNetworkRequestExecutionTime: REQUEST_DURATION_SYSTEM='419',REQUEST_DURATION_OKHTTP='234',REQUEST_SYNCHRONOUS='TRUE',RESPONSE_CODE='200',RESPONSE_METHOD='GET',RESPONSE_LENGTH_OKHTTP='22351',RESPONSE_LENGTH_HEADER='22351',REQUEST_PROTOCOL='h2',REQUEST_URL='https://is5-ssl.mzstatic.com/image/thumb/Podcasts114/v4/93/cf/99/93cf9960-fff3-205e-6655-72c03ddeccb2/mza_10545582232493904175.jpeg/170x170bb.png',
08-04 12:30:58.341 10100 10837 D MYTAG   : interceptor 2a
08-04 12:30:58.341 10100 10837 I NAPPA_EXPERIMENTATION: MetricNetworkRequestExecutionTime: REQUEST_DURATION_SYSTEM='429',REQUEST_DURATION_OKHTTP='239',REQUEST_SYNCHRONOUS='TRUE',RESPONSE_CODE='200',RESPONSE_METHOD='GET',RESPONSE_LENGTH_OKHTTP='42299',RESPONSE_LENGTH_HEADER='42299',REQUEST_PROTOCOL='h2',REQUEST_URL='https://is2-ssl.mzstatic.com/image/thumb/Podcasts114/v4/b3/4c/cf/b34ccfc2-cea4-1ca1-0fad-7793af301cc5/mza_2466085192629456364.jpg/170x170bb.png',
08-04 12:30:58.346 10100 10839 D MYTAG   : interceptor 2a
08-04 12:30:58.347 10100 10839 I NAPPA_EXPERIMENTATION: MetricNetworkRequestExecutionTime: REQUEST_DURATION_SYSTEM='439',REQUEST_DURATION_OKHTTP='232',REQUEST_SYNCHRONOUS='TRUE',RESPONSE_CODE='200',RESPONSE_METHOD='GET',RESPONSE_LENGTH_OKHTTP='12000',RESPONSE_LENGTH_HEADER='12000',REQUEST_PROTOCOL='h2',REQUEST_URL='https://is4-ssl.mzstatic.com/image/thumb/Podcasts124/v4/49/a4/91/49a491b7-3daf-c5dc-d7c6-6c4f1486955c/mza_5930014091766152297.png/170x170bb.png',
08-04 12:30:58.348 10100 10845 D MYTAG   : interceptor 2a
08-04 12:30:58.348 10100 10845 I NAPPA_EXPERIMENTATION: MetricNetworkRequestExecutionTime: REQUEST_DURATION_SYSTEM='438',REQUEST_DURATION_OKHTTP='245',REQUEST_SYNCHRONOUS='TRUE',RESPONSE_CODE='200',RESPONSE_METHOD='GET',RESPONSE_LENGTH_OKHTTP='54835',RESPONSE_LENGTH_HEADER='54835',REQUEST_PROTOCOL='h2',REQUEST_URL='https://is5-ssl.mzstatic.com/image/thumb/Podcasts113/v4/fd/54/6e/fd546ea0-7ab2-e3f0-6049-884d82917af9/mza_4855349695799758348.jpeg/170x170bb.png',
08-04 12:30:58.496 10100 10112 I art     : Starting a blocking GC Explicit
08-04 12:30:58.529 10100 10112 I art     : Explicit concurrent mark sweep GC freed 4768(286KB) AllocSpace objects, 1(20KB) LOS objects, 35% free, 28MB/44MB, paused 982us total 31.578ms
08-04 12:30:58.541 10100 10112 I art     : Starting a blocking GC Explicit
08-04 12:30:58.568 10100 10112 I art     : Explicit concurrent mark sweep GC freed 73(4KB) AllocSpace objects, 0(0B) LOS objects, 35% free, 28MB/44MB, paused 984us total 26.862ms
08-04 12:30:58.578 10100 10112 I art     : Starting a blocking GC Explicit
08-04 12:30:58.605 10100 10112 I art     : Explicit concurrent mark sweep GC freed 3(96B) AllocSpace objects, 0(0B) LOS objects, 35% free, 28MB/44MB, paused 949us total 26.906ms
08-04 12:30:58.614 10100 10112 I art     : Starting a blocking GC Explicit
08-04 12:30:58.642 10100 10112 I art     : Explicit concurrent mark sweep GC freed 3(96B) AllocSpace objects, 0(0B) LOS objects, 35% free, 28MB/44MB, paused 953us total 27.633ms
08-04 12:30:58.651 10100 10112 I art     : Starting a blocking GC Explicit
08-04 12:30:58.680 10100 10112 I art     : Explicit concurrent mark sweep GC freed 3(96B) AllocSpace objects, 0(0B) LOS objects, 35% free, 28MB/44MB, paused 1.168ms total 28.489ms
08-04 12:30:58.826 13866 13882 I PeriodicStatsRunner: PeriodicStatsRunner.call():175 call()
08-04 12:30:58.827 13866 13882 I PeriodicStatsRunner: PeriodicStatsRunner.call():179 No submit PeriodicStats since input started.
08-04 12:30:58.979 10100 10122 I art     : Starting a blocking GC Explicit
08-04 12:30:59.019 10100 10122 I art     : Explicit concurrent mark sweep GC freed 1372(80KB) AllocSpace objects, 1(20KB) LOS objects, 35% free, 28MB/44MB, paused 1.327ms total 39.169ms
08-04 12:30:59.033 10100 10122 I art     : Starting a blocking GC Explicit
08-04 12:30:59.062 10100 10122 I art     : Explicit concurrent mark sweep GC freed 23(752B) AllocSpace objects, 0(0B) LOS objects, 35% free, 28MB/44MB, paused 990us total 29.164ms
08-04 12:30:59.071 10100 10122 I art     : Starting a blocking GC Explicit
08-04 12:30:59.100 10100 10122 I art     : Explicit concurrent mark sweep GC freed 3(96B) AllocSpace objects, 0(0B) LOS objects, 35% free, 28MB/44MB, paused 956us total 28.256ms
08-04 12:30:59.109 10100 10122 I art     : Starting a blocking GC Explicit
08-04 12:30:59.139 10100 10122 I art     : Explicit concurrent mark sweep GC freed 3(96B) AllocSpace objects, 0(0B) LOS objects, 35% free, 28MB/44MB, paused 1.021ms total 28.896ms
08-04 12:30:59.148 10100 10122 I art     : Starting a blocking GC Explicit
08-04 12:30:59.177 10100 10122 I art     : Explicit concurrent mark sweep GC freed 3(96B) AllocSpace objects, 0(0B) LOS objects, 35% free, 28MB/44MB, paused 1.065ms total 28.375ms
08-04 12:30:59.517 10100 11029 I art     : Starting a blocking GC Explicit
08-04 12:30:59.552 10100 11029 I art     : Explicit concurrent mark sweep GC freed 1409(82KB) AllocSpace objects, 1(20KB) LOS objects, 35% free, 28MB/44MB, paused 997us total 34.330ms
08-04 12:30:59.563 10100 11029 I art     : Starting a blocking GC Explicit
08-04 12:30:59.592 10100 11029 I art     : Explicit concurrent mark sweep GC freed 29(944B) AllocSpace objects, 0(0B) LOS objects, 35% free, 28MB/44MB, paused 999us total 29.507ms
08-04 12:30:59.601 10100 11029 I art     : Starting a blocking GC Explicit
08-04 12:30:59.629 10100 11029 I art     : Explicit concurrent mark sweep GC freed 7(224B) AllocSpace objects, 0(0B) LOS objects, 35% free, 28MB/44MB, paused 1.015ms total 27.135ms
08-04 12:30:59.638 10100 11029 I art     : Starting a blocking GC Explicit
08-04 12:30:59.664 10100 11029 I art     : Explicit concurrent mark sweep GC freed 7(224B) AllocSpace objects, 0(0B) LOS objects, 35% free, 28MB/44MB, paused 934us total 25.461ms
08-04 12:30:59.673 10100 11029 I art     : Starting a blocking GC Explicit
08-04 12:30:59.700 10100 11029 I art     : Explicit concurrent mark sweep GC freed 8(256B) AllocSpace objects, 0(0B) LOS objects, 35% free, 28MB/44MB, paused 894us total 27.295ms
08-04 12:31:00.023 10100 11029 I art     : Starting a blocking GC Explicit
08-04 12:31:00.049 10100 11029 I art     : Explicit concurrent mark sweep GC freed 1378(82KB) AllocSpace objects, 1(20KB) LOS objects, 35% free, 28MB/44MB, paused 887us total 26.158ms
08-04 12:31:00.058 10100 11029 I art     : Starting a blocking GC Explicit
08-04 12:31:00.081 10100 11029 I art     : Explicit concurrent mark sweep GC freed 23(752B) AllocSpace objects, 0(0B) LOS objects, 35% free, 28MB/44MB, paused 881us total 23.754ms
08-04 12:31:00.090 10100 11029 I art     : Starting a blocking GC Explicit
08-04 12:31:00.115 10100 11029 I art     : Explicit concurrent mark sweep GC freed 3(96B) AllocSpace objects, 0(0B) LOS objects, 35% free, 28MB/44MB, paused 936us total 24.884ms
08-04 12:31:00.124 10100 11029 I art     : Starting a blocking GC Explicit
08-04 12:31:00.151 10100 11029 I art     : Explicit concurrent mark sweep GC freed 3(96B) AllocSpace objects, 0(0B) LOS objects, 35% free, 28MB/44MB, paused 958us total 26.892ms
08-04 12:31:00.160 10100 11029 I art     : Starting a blocking GC Explicit
08-04 12:31:00.188 10100 11029 I art     : Explicit concurrent mark sweep GC freed 3(96B) AllocSpace objects, 0(0B) LOS objects, 35% free, 28MB/44MB, paused 1.038ms total 27.719ms
08-04 12:31:00.518 10100 10113 I art     : Starting a blocking GC Explicit
08-04 12:31:00.555 10100 10113 I art     : Explicit concurrent mark sweep GC freed 1402(82KB) AllocSpace objects, 1(20KB) LOS objects, 35% free, 28MB/44MB, paused 1.050ms total 36.130ms
08-04 12:31:00.564 13866 13882 I PeriodicStatsRunner: PeriodicStatsRunner.call():175 call()
08-04 12:31:00.564 13866 13882 I PeriodicStatsRunner: PeriodicStatsRunner.call():179 No submit PeriodicStats since input started.
08-04 12:31:00.567 10100 10113 I art     : Starting a blocking GC Explicit
08-04 12:31:00.596 10100 10113 I art     : Explicit concurrent mark sweep GC freed 23(752B) AllocSpace objects, 0(0B) LOS objects, 35% free, 28MB/44MB, paused 969us total 29.033ms
08-04 12:31:00.606 10100 10113 I art     : Starting a blocking GC Explicit
08-04 12:31:00.635 10100 10113 I art     : Explicit concurrent mark sweep GC freed 3(96B) AllocSpace objects, 0(0B) LOS objects, 35% free, 28MB/44MB, paused 974us total 28.351ms
08-04 12:31:00.644 10100 10113 I art     : Starting a blocking GC Explicit
08-04 12:31:00.673 10100 10113 I art     : Explicit concurrent mark sweep GC freed 3(96B) AllocSpace objects, 0(0B) LOS objects, 35% free, 28MB/44MB, paused 959us total 28.570ms
08-04 12:31:00.683 10100 10113 I art     : Starting a blocking GC Explicit
08-04 12:31:00.712 10100 10113 I art     : Explicit concurrent mark sweep GC freed 3(96B) AllocSpace objects, 0(0B) LOS objects, 35% free, 28MB/44MB, paused 996us total 29.225ms
08-04 12:31:01.048 10100 10122 I art     : Starting a blocking GC Explicit
08-04 12:31:01.084 10100 10122 I art     : Explicit concurrent mark sweep GC freed 1374(82KB) AllocSpace objects, 1(20KB) LOS objects, 35% free, 28MB/44MB, paused 1.032ms total 35.651ms
08-04 12:31:01.096 10100 10122 I art     : Starting a blocking GC Explicit
08-04 12:31:01.125 10100 10122 I art     : Explicit concurrent mark sweep GC freed 23(752B) AllocSpace objects, 0(0B) LOS objects, 35% free, 28MB/44MB, paused 967us total 29.038ms
08-04 12:31:01.135 10100 10122 I art     : Starting a blocking GC Explicit
08-04 12:31:01.164 10100 10122 I art     : Explicit concurrent mark sweep GC freed 3(96B) AllocSpace objects, 0(0B) LOS objects, 35% free, 28MB/44MB, paused 977us total 28.804ms
08-04 12:31:01.174 10100 10122 I art     : Starting a blocking GC Explicit
08-04 12:31:01.202 10100 10122 I art     : Explicit concurrent mark sweep GC freed 3(96B) AllocSpace objects, 0(0B) LOS objects, 35% free, 28MB/44MB, paused 939us total 27.593ms
08-04 12:31:01.211 10100 10122 I art     : Starting a blocking GC Explicit
08-04 12:31:01.240 10100 10122 I art     : Explicit concurrent mark sweep GC freed 3(96B) AllocSpace objects, 0(0B) LOS objects, 35% free, 28MB/44MB, paused 971us total 28.502ms
08-04 12:31:01.577 10100 11030 I art     : Starting a blocking GC Explicit
08-04 12:31:01.613 10100 11030 I art     : Explicit concurrent mark sweep GC freed 1402(82KB) AllocSpace objects, 1(20KB) LOS objects, 35% free, 28MB/44MB, paused 969us total 36.106ms
08-04 12:31:01.623 10100 11030 I art     : Starting a blocking GC Explicit
08-04 12:31:01.651 10100 11030 I art     : Explicit concurrent mark sweep GC freed 23(752B) AllocSpace objects, 0(0B) LOS objects, 35% free, 28MB/44MB, paused 965us total 27.996ms
08-04 12:31:01.660 10100 11030 I art     : Starting a blocking GC Explicit
08-04 12:31:01.689 10100 11030 I art     : Explicit concurrent mark sweep GC freed 3(96B) AllocSpace objects, 0(0B) LOS objects, 35% free, 28MB/44MB, paused 979us total 28.203ms
08-04 12:31:01.698 10100 11030 I art     : Starting a blocking GC Explicit
08-04 12:31:01.727 10100 11030 I art     : Explicit concurrent mark sweep GC freed 3(96B) AllocSpace objects, 0(0B) LOS objects, 35% free, 28MB/44MB, paused 995us total 28.202ms
08-04 12:31:01.736 10100 11030 I art     : Starting a blocking GC Explicit
08-04 12:31:01.765 10100 11030 I art     : Explicit concurrent mark sweep GC freed 3(96B) AllocSpace objects, 0(0B) LOS objects, 35% free, 28MB/44MB, paused 928us total 28.849ms
08-04 12:31:02.098 10100 10112 I art     : Starting a blocking GC Explicit
08-04 12:31:02.135 10100 10112 I art     : Explicit concurrent mark sweep GC freed 1372(80KB) AllocSpace objects, 1(20KB) LOS objects, 35% free, 28MB/44MB, paused 1.051ms total 36.159ms
08-04 12:31:02.148 10100 10112 I art     : Starting a blocking GC Explicit
08-04 12:31:02.182 10100 10112 I art     : Explicit concurrent mark sweep GC freed 23(752B) AllocSpace objects, 0(0B) LOS objects, 35% free, 28MB/44MB, paused 967us total 33.443ms
08-04 12:31:02.191 10100 10112 I art     : Starting a blocking GC Explicit
08-04 12:31:02.220 10100 10112 I art     : Explicit concurrent mark sweep GC freed 3(96B) AllocSpace objects, 0(0B) LOS objects, 35% free, 28MB/44MB, paused 939us total 28.382ms
08-04 12:31:02.229 10100 10112 I art     : Starting a blocking GC Explicit
08-04 12:31:02.257 10100 10112 I art     : Explicit concurrent mark sweep GC freed 3(96B) AllocSpace objects, 0(0B) LOS objects, 35% free, 28MB/44MB, paused 1.013ms total 27.685ms
08-04 12:31:02.267 10100 10112 I art     : Starting a blocking GC Explicit
08-04 12:31:02.296 10100 10112 I art     : Explicit concurrent mark sweep GC freed 3(96B) AllocSpace objects, 0(0B) LOS objects, 35% free, 28MB/44MB, paused 995us total 28.636ms
08-04 12:31:02.643 10100 11029 I art     : Starting a blocking GC Explicit
08-04 12:31:02.685 10100 11029 I art     : Explicit concurrent mark sweep GC freed 1401(81KB) AllocSpace objects, 1(20KB) LOS objects, 35% free, 28MB/44MB, paused 1.148ms total 41.428ms
08-04 12:31:02.697 10100 11029 I art     : Starting a blocking GC Explicit
08-04 12:31:02.727 10100 11029 I art     : Explicit concurrent mark sweep GC freed 23(752B) AllocSpace objects, 0(0B) LOS objects, 35% free, 28MB/44MB, paused 978us total 28.791ms
08-04 12:31:02.736 10100 11029 I art     : Starting a blocking GC Explicit
08-04 12:31:02.765 10100 11029 I art     : Explicit concurrent mark sweep GC freed 3(96B) AllocSpace objects, 0(0B) LOS objects, 35% free, 28MB/44MB, paused 965us total 28.388ms
08-04 12:31:02.774 10100 11029 I art     : Starting a blocking GC Explicit
08-04 12:31:02.803 10100 11029 I art     : Explicit concurrent mark sweep GC freed 3(96B) AllocSpace objects, 0(0B) LOS objects, 35% free, 28MB/44MB, paused 979us total 28.999ms
08-04 12:31:02.813 10100 11029 I art     : Starting a blocking GC Explicit
08-04 12:31:02.842 10100 11029 I art     : Explicit concurrent mark sweep GC freed 3(96B) AllocSpace objects, 0(0B) LOS objects, 35% free, 28MB/44MB, paused 976us total 28.468ms
08-04 12:31:03.174 10100 10113 I art     : Starting a blocking GC Explicit
08-04 12:31:03.215 10100 10113 I art     : Explicit concurrent mark sweep GC freed 1372(80KB) AllocSpace objects, 1(20KB) LOS objects, 35% free, 28MB/44MB, paused 1.043ms total 40.663ms
08-04 12:31:03.229 10100 10113 I art     : Starting a blocking GC Explicit
08-04 12:31:03.259 10100 10113 I art     : Explicit concurrent mark sweep GC freed 23(752B) AllocSpace objects, 0(0B) LOS objects, 35% free, 28MB/44MB, paused 1.034ms total 30.161ms
08-04 12:31:03.269 10100 10113 I art     : Starting a blocking GC Explicit
08-04 12:31:03.298 10100 10113 I art     : Explicit concurrent mark sweep GC freed 3(96B) AllocSpace objects, 0(0B) LOS objects, 35% free, 28MB/44MB, paused 1.012ms total 29.012ms
08-04 12:31:03.308 10100 10113 I art     : Starting a blocking GC Explicit
08-04 12:31:03.337 10100 10113 I art     : Explicit concurrent mark sweep GC freed 3(96B) AllocSpace objects, 0(0B) LOS objects, 35% free, 28MB/44MB, paused 1.046ms total 28.934ms
08-04 12:31:03.347 10100 10113 I art     : Starting a blocking GC Explicit
08-04 12:31:03.376 10100 10113 I art     : Explicit concurrent mark sweep GC freed 32(880B) AllocSpace objects, 0(0B) LOS objects, 35% free, 28MB/44MB, paused 985us total 28.592ms
08-04 12:31:03.676 10100 10122 I art     : Starting a blocking GC Explicit
08-04 12:31:03.705 10100 10122 I art     : Explicit concurrent mark sweep GC freed 1372(80KB) AllocSpace objects, 1(20KB) LOS objects, 35% free, 28MB/44MB, paused 987us total 28.354ms
08-04 12:31:03.715 10100 10122 I art     : Starting a blocking GC Explicit
08-04 12:31:03.742 10100 10122 I art     : Explicit concurrent mark sweep GC freed 23(752B) AllocSpace objects, 0(0B) LOS objects, 35% free, 28MB/44MB, paused 923us total 27.143ms
08-04 12:31:03.751 10100 10122 I art     : Starting a blocking GC Explicit
08-04 12:31:03.778 10100 10122 I art     : Explicit concurrent mark sweep GC freed 3(96B) AllocSpace objects, 0(0B) LOS objects, 35% free, 28MB/44MB, paused 1.048ms total 27.066ms
08-04 12:31:03.787 10100 10122 I art     : Starting a blocking GC Explicit
08-04 12:31:03.814 10100 10122 I art     : Explicit concurrent mark sweep GC freed 3(96B) AllocSpace objects, 0(0B) LOS objects, 35% free, 28MB/44MB, paused 993us total 26.926ms
08-04 12:31:03.824 10100 10122 I art     : Starting a blocking GC Explicit
08-04 12:31:03.851 10100 10122 I art     : Explicit concurrent mark sweep GC freed 3(96B) AllocSpace objects, 0(0B) LOS objects, 35% free, 28MB/44MB, paused 1.002ms total 26.788ms
08-04 12:31:04.011 12184 12184 D AndroidRuntime: >>>>>> START com.android.internal.os.RuntimeInit uid 2000 <<<<<<
08-04 12:31:04.016 12184 12184 D AndroidRuntime: CheckJNI is OFF
08-04 12:31:04.049 12184 12184 D ICU     : No timezone override file found: /data/misc/zoneinfo/current/icu/icu_tzdata.dat
08-04 12:31:04.082 12184 12184 I Radio-JNI: register_android_hardware_Radio DONE
08-04 12:31:04.103 12184 12184 D AndroidRuntime: Calling main entry com.android.commands.input.Input
08-04 12:31:04.105 12184 12184 I Input   : injectMotionEvent: MotionEvent { action=ACTION_DOWN, actionButton=0, id[0]=0, x[0]=616.0, y[0]=469.0, toolType[0]=TOOL_TYPE_UNKNOWN, buttonState=0, metaState=0, flags=0x0, edgeFlags=0x0, pointerCount=1, historySize=0, eventTime=707480518, downTime=707480518, deviceId=0, source=0x1002 }
08-04 12:31:04.110 12184 12184 I Input   : injectMotionEvent: MotionEvent { action=ACTION_UP, actionButton=0, id[0]=0, x[0]=616.0, y[0]=469.0, toolType[0]=TOOL_TYPE_UNKNOWN, buttonState=0, metaState=0, flags=0x0, edgeFlags=0x0, pointerCount=1, historySize=0, eventTime=707480518, downTime=707480518, deviceId=0, source=0x1002 }
08-04 12:31:04.111 12184 12184 D AndroidRuntime: Shutting down VM
08-04 12:31:04.165 10100 10113 I art     : Starting a blocking GC Explicit
08-04 12:31:04.179   512  2967 D audio_hw_primary: out_set_parameters: enter: usecase(1: low-latency-playback) kvpairs: routing=2
08-04 12:31:04.192   512  2967 D audio_hw_primary: select_devices: out_snd_device(2: speaker) in_snd_device(0: none)
08-04 12:31:04.193   512  2967 D msm8974_platform: platform_send_audio_calibration: sending audio calibration for snd_device(2) acdb_id(15)
08-04 12:31:04.193   512  2967 I soundtrigger: audio_extn_sound_trigger_update_device_status: device 0x2 of type 0 for Event 1
08-04 12:31:04.199 10100 10113 I art     : Explicit concurrent mark sweep GC freed 1582(89KB) AllocSpace objects, 1(20KB) LOS objects, 35% free, 28MB/44MB, paused 1.436ms total 33.691ms
08-04 12:31:04.203   512  2967 D audio_hw_primary: enable_snd_device: snd_device(2: speaker)
08-04 12:31:04.206   512  2967 D audio_hw_primary: enable_audio_route: apply and update mixer path: low-latency-playback speaker
08-04 12:31:04.210 10100 10113 I art     : Starting a blocking GC Explicit
08-04 12:31:04.240 10100 10113 I art     : Explicit concurrent mark sweep GC freed 48(1744B) AllocSpace objects, 0(0B) LOS objects, 35% free, 28MB/44MB, paused 1.147ms total 30.105ms
08-04 12:31:04.250 10100 10113 I art     : Starting a blocking GC Explicit
08-04 12:31:04.275 10100 10113 I art     : Explicit concurrent mark sweep GC freed 15(544B) AllocSpace objects, 0(0B) LOS objects, 35% free, 28MB/44MB, paused 994us total 25.515ms
08-04 12:31:04.284 10100 10113 I art     : Starting a blocking GC Explicit
08-04 12:31:04.310 10100 10113 I art     : Explicit concurrent mark sweep GC freed 13(480B) AllocSpace objects, 0(0B) LOS objects, 35% free, 28MB/44MB, paused 968us total 25.342ms
08-04 12:31:04.318 10100 10113 I art     : Starting a blocking GC Explicit
08-04 12:31:04.344 10100 10113 I art     : Explicit concurrent mark sweep GC freed 13(480B) AllocSpace objects, 0(0B) LOS objects, 35% free, 28MB/44MB, paused 992us total 25.672ms
08-04 12:31:04.404 10100 10622 I NAPPA_EXPERIMENTATION: MetricNetworkRequestExecutionTime: REQUEST_DURATION_SYSTEM='226',REQUEST_DURATION_OKHTTP='222',REQUEST_SYNCHRONOUS='TRUE',RESPONSE_CODE='200',RESPONSE_METHOD='GET',RESPONSE_LENGTH_OKHTTP='-1',RESPONSE_LENGTH_HEADER='628',REQUEST_PROTOCOL='h2',REQUEST_URL='https://itunes.apple.com/lookup?id=1524080195',
08-04 12:31:04.423   918   929 I ActivityManager: START u0 {cmp=baseline.de.danoeh.antennapod.debug/baseline.de.danoeh.antennapod.activity.OnlineFeedViewActivity (has extras)} from uid 10670 on display 0
08-04 12:31:04.447 13866 13866 I GoogleInputMethodServic: GoogleInputMethodService.onFinishInput():3138 
08-04 12:31:04.448 13866 13866 I GoogleInputMethodServic: GoogleInputMethodService.onStartInput():1808 
08-04 12:31:04.473 10100 10100 D UserPreferences: Using default data folder
08-04 12:31:04.474 10100 10100 D OnlineFeedViewActivity: Activity was started with url https://rss.art19.com/nice-white-parents
08-04 12:31:04.477 10100 10100 D OnlineFeedViewActivity: Starting feed download
08-04 12:31:04.480 10100 10126 D DBReader: Extracting Feedlist
08-04 12:31:04.482   918  6029 D WifiService: acquireWifiLockLocked: WifiLock{Downloader type=1 binder=android.os.BinderProxy@b6bd32d}
08-04 12:31:04.482 10100 10126 D AntennapodHttpClient: Creating new instance of HTTP client
08-04 12:31:04.533 13866 13866 I GoogleInputMethodServic: GoogleInputMethodService.onFinishInput():3138 
08-04 12:31:04.534 13866 13866 I GoogleInputMethodServic: GoogleInputMethodService.onStartInput():1808 
08-04 12:31:04.565   918   936 I ActivityManager: Displayed baseline.de.danoeh.antennapod.debug/baseline.de.danoeh.antennapod.activity.OnlineFeedViewActivity: +116ms
08-04 12:31:04.614 10100 10122 I art     : Starting a blocking GC Explicit
08-04 12:31:04.641 10100 10122 I art     : Explicit concurrent mark sweep GC freed 7628(425KB) AllocSpace objects, 4(220KB) LOS objects, 35% free, 28MB/44MB, paused 1.098ms total 27.168ms
08-04 12:31:04.650 10100 10122 I art     : Starting a blocking GC Explicit
08-04 12:31:04.677 10100 10122 I art     : Explicit concurrent mark sweep GC freed 1395(135KB) AllocSpace objects, 0(0B) LOS objects, 35% free, 28MB/44MB, paused 1.047ms total 26.884ms
08-04 12:31:04.686 10100 10122 I art     : Starting a blocking GC Explicit
08-04 12:31:04.714 10100 10122 I art     : Explicit concurrent mark sweep GC freed 33(1504B) AllocSpace objects, 0(0B) LOS objects, 35% free, 28MB/44MB, paused 957us total 27.731ms
08-04 12:31:04.724 10100 10122 I art     : Starting a blocking GC Explicit
08-04 12:31:04.741   512  2967 D audio_hw_primary: disable_audio_route: reset and update mixer path: low-latency-playback speaker
08-04 12:31:04.743   512  2967 D audio_hw_primary: disable_snd_device: snd_device(2: speaker)
08-04 12:31:04.751   512  2967 I soundtrigger: audio_extn_sound_trigger_update_device_status: device 0x2 of type 0 for Event 0
08-04 12:31:04.755 10100 10122 I art     : Explicit concurrent mark sweep GC freed 3(96B) AllocSpace objects, 0(0B) LOS objects, 35% free, 28MB/44MB, paused 1.196ms total 30.832ms
08-04 12:31:04.767 10100 10122 I art     : Starting a blocking GC Explicit
08-04 12:31:04.772 10100 10126 D MYTAG   : interceptor 3a https://rss.art19.com/nice-white-parents
08-04 12:31:04.772 10100 10126 I NAPPA_EXPERIMENTATION: MetricNetworkRequestExecutionTime: REQUEST_DURATION_SYSTEM='289',REQUEST_DURATION_OKHTTP='144',REQUEST_SYNCHRONOUS='TRUE',RESPONSE_CODE='200',RESPONSE_METHOD='GET',RESPONSE_LENGTH_OKHTTP='-1',RESPONSE_LENGTH_HEADER='1803',REQUEST_PROTOCOL='h2',REQUEST_URL='https://rss.art19.com/nice-white-parents',
08-04 12:31:04.773 10100 10126 D HttpDownloader: Response code is 200
08-04 12:31:04.773 10100 10126 D UserPreferences: Using default data folder
08-04 12:31:04.776 10100 10126 D HttpDownloader: Getting size of download
08-04 12:31:04.777 10100 10126 D HttpDownloader: Size is -1
08-04 12:31:04.777 10100 10126 D UserPreferences: Using default data folder
08-04 12:31:04.777 10100 10126 D HttpDownloader: Free space is 20258320384
08-04 12:31:04.777 10100 10126 D HttpDownloader: Starting download
08-04 12:31:04.778 10100 10126 D HttpDownloader: Download was successful
08-04 12:31:04.779   918  6029 D WifiService: releaseWifiLockLocked: WifiLock{Downloader type=1 binder=android.os.BinderProxy@b6bd32d}
08-04 12:31:04.780 10100 10100 D OnlineFeedViewActivity: Parsing feed
08-04 12:31:04.783 10100 12228 D TypeGetter: Recognized type RSS 2.0
08-04 12:31:04.786 10100 12228 D SyndHandler: Recognized ITunes namespace
08-04 12:31:04.786 10100 12228 D SyndHandler: Recognized Atom namespace
08-04 12:31:04.786 10100 12228 D SyndHandler: Recognized Content namespace
08-04 12:31:04.796 10100 12228 D OnlineFeedViewActivity: Deleted feed source file. Result: true
08-04 12:31:04.796 10100 10100 D OnlineFeedViewActivity: Removing HTML from shownotes
08-04 12:31:04.802 10100 10122 I art     : Explicit concurrent mark sweep GC freed 1120(230KB) AllocSpace objects, 4(128KB) LOS objects, 35% free, 28MB/44MB, paused 1.296ms total 34.428ms
08-04 12:31:04.806   380   380 W SurfaceFlinger: couldn't log to binary event log: overflow.
08-04 12:31:04.930 10100 10100 D PlaybackController: Releasing PlaybackController
08-04 12:31:05.099 10100 10112 I art     : Starting a blocking GC Explicit
08-04 12:31:05.131 10100 10112 I art     : Explicit concurrent mark sweep GC freed 2720(154KB) AllocSpace objects, 1(20KB) LOS objects, 35% free, 28MB/44MB, paused 1.042ms total 32.034ms
08-04 12:31:05.141 10100 10112 I art     : Starting a blocking GC Explicit
08-04 12:31:05.172 10100 10112 I art     : Explicit concurrent mark sweep GC freed 531(24KB) AllocSpace objects, 1(112KB) LOS objects, 35% free, 28MB/44MB, paused 1.085ms total 30.779ms
08-04 12:31:05.182 10100 10112 I art     : Starting a blocking GC Explicit
08-04 12:31:05.212 10100 10112 I art     : Explicit concurrent mark sweep GC freed 3(96B) AllocSpace objects, 0(0B) LOS objects, 35% free, 28MB/44MB, paused 1.022ms total 30.353ms
08-04 12:31:05.222 10100 10112 I art     : Starting a blocking GC Explicit
08-04 12:31:05.253 10100 10112 I art     : Explicit concurrent mark sweep GC freed 3(96B) AllocSpace objects, 0(0B) LOS objects, 35% free, 28MB/44MB, paused 1.026ms total 30.462ms
08-04 12:31:05.263 10100 10112 I art     : Starting a blocking GC Explicit
08-04 12:31:05.293 10100 10112 I art     : Explicit concurrent mark sweep GC freed 3(96B) AllocSpace objects, 0(0B) LOS objects, 35% free, 28MB/44MB, paused 1.026ms total 29.791ms
08-04 12:31:05.601 10100 11029 I art     : Starting a blocking GC Explicit
08-04 12:31:05.636 10100 11029 I art     : Explicit concurrent mark sweep GC freed 1401(81KB) AllocSpace objects, 1(20KB) LOS objects, 35% free, 28MB/44MB, paused 1.055ms total 33.931ms
08-04 12:31:05.646 10100 11029 I art     : Starting a blocking GC Explicit
08-04 12:31:05.675 10100 11029 I art     : Explicit concurrent mark sweep GC freed 23(768B) AllocSpace objects, 0(0B) LOS objects, 35% free, 28MB/44MB, paused 1.016ms total 29.499ms
08-04 12:31:05.685 10100 11029 I art     : Starting a blocking GC Explicit
08-04 12:31:05.716 10100 11029 I art     : Explicit concurrent mark sweep GC freed 3(96B) AllocSpace objects, 0(0B) LOS objects, 35% free, 28MB/44MB, paused 1.053ms total 30.568ms
08-04 12:31:05.726 10100 11029 I art     : Starting a blocking GC Explicit
08-04 12:31:05.756 10100 11029 I art     : Explicit concurrent mark sweep GC freed 3(96B) AllocSpace objects, 0(0B) LOS objects, 35% free, 28MB/44MB, paused 1.021ms total 30.255ms
08-04 12:31:05.766 10100 11029 I art     : Starting a blocking GC Explicit
08-04 12:31:05.797 10100 11029 I art     : Explicit concurrent mark sweep GC freed 3(96B) AllocSpace objects, 0(0B) LOS objects, 35% free, 28MB/44MB, paused 1.106ms total 30.679ms
08-04 12:31:06.121 10100 11030 I art     : Starting a blocking GC Explicit
08-04 12:31:06.159 10100 11030 I art     : Explicit concurrent mark sweep GC freed 1372(80KB) AllocSpace objects, 1(20KB) LOS objects, 35% free, 28MB/44MB, paused 1.294ms total 37.757ms
08-04 12:31:06.170 10100 11030 I art     : Starting a blocking GC Explicit
08-04 12:31:06.200 10100 11030 I art     : Explicit concurrent mark sweep GC freed 23(752B) AllocSpace objects, 0(0B) LOS objects, 35% free, 28MB/44MB, paused 1.055ms total 30.235ms
08-04 12:31:06.210 10100 11030 I art     : Starting a blocking GC Explicit
08-04 12:31:06.241 10100 11030 I art     : Explicit concurrent mark sweep GC freed 3(96B) AllocSpace objects, 0(0B) LOS objects, 35% free, 28MB/44MB, paused 1.026ms total 30.725ms
08-04 12:31:06.251 10100 11030 I art     : Starting a blocking GC Explicit
08-04 12:31:06.281 10100 11030 I art     : Explicit concurrent mark sweep GC freed 3(96B) AllocSpace objects, 0(0B) LOS objects, 35% free, 28MB/44MB, paused 1.016ms total 30.070ms
08-04 12:31:06.291 10100 11030 I art     : Starting a blocking GC Explicit
08-04 12:31:06.321 10100 11030 I art     : Explicit concurrent mark sweep GC freed 3(96B) AllocSpace objects, 0(0B) LOS objects, 35% free, 28MB/44MB, paused 1.082ms total 29.885ms
08-04 12:31:06.654 10100 11029 I art     : Starting a blocking GC Explicit
08-04 12:31:06.685 10100 11029 I art     : Explicit concurrent mark sweep GC freed 1431(82KB) AllocSpace objects, 1(20KB) LOS objects, 35% free, 28MB/44MB, paused 1.018ms total 30.797ms
08-04 12:31:06.696 10100 11029 I art     : Starting a blocking GC Explicit
08-04 12:31:06.726 10100 11029 I art     : Explicit concurrent mark sweep GC freed 23(752B) AllocSpace objects, 0(0B) LOS objects, 35% free, 28MB/44MB, paused 924us total 29.084ms
08-04 12:31:06.735 10100 11029 I art     : Starting a blocking GC Explicit
08-04 12:31:06.763 10100 11029 I art     : Explicit concurrent mark sweep GC freed 3(96B) AllocSpace objects, 0(0B) LOS objects, 35% free, 28MB/44MB, paused 1.031ms total 28.260ms
08-04 12:31:06.773 10100 11029 I art     : Starting a blocking GC Explicit
08-04 12:31:06.803 10100 11029 I art     : Explicit concurrent mark sweep GC freed 3(96B) AllocSpace objects, 0(0B) LOS objects, 35% free, 28MB/44MB, paused 1.052ms total 29.598ms
08-04 12:31:06.812 10100 11029 I art     : Starting a blocking GC Explicit
08-04 12:31:06.842 10100 11029 I art     : Explicit concurrent mark sweep GC freed 3(96B) AllocSpace objects, 0(0B) LOS objects, 35% free, 28MB/44MB, paused 967us total 29.964ms
08-04 12:31:07.168 10100 11030 I art     : Starting a blocking GC Explicit
08-04 12:31:07.211 10100 11030 I art     : Explicit concurrent mark sweep GC freed 1372(80KB) AllocSpace objects, 1(20KB) LOS objects, 35% free, 28MB/44MB, paused 1.259ms total 41.994ms
08-04 12:31:07.223 10100 11030 I art     : Starting a blocking GC Explicit
08-04 12:31:07.254 10100 11030 I art     : Explicit concurrent mark sweep GC freed 23(752B) AllocSpace objects, 0(0B) LOS objects, 35% free, 28MB/44MB, paused 1.032ms total 30.482ms
08-04 12:31:07.263 10100 11030 I art     : Starting a blocking GC Explicit
08-04 12:31:07.294 10100 11030 I art     : Explicit concurrent mark sweep GC freed 3(96B) AllocSpace objects, 0(0B) LOS objects, 35% free, 28MB/44MB, paused 1.012ms total 29.920ms
08-04 12:31:07.303 10100 11030 I art     : Starting a blocking GC Explicit
08-04 12:31:07.334 10100 11030 I art     : Explicit concurrent mark sweep GC freed 3(96B) AllocSpace objects, 0(0B) LOS objects, 35% free, 28MB/44MB, paused 1.039ms total 30.083ms
08-04 12:31:07.343 10100 11030 I art     : Starting a blocking GC Explicit
08-04 12:31:07.374 10100 11030 I art     : Explicit concurrent mark sweep GC freed 32(880B) AllocSpace objects, 0(0B) LOS objects, 35% free, 28MB/44MB, paused 957us total 30.172ms
08-04 12:31:07.703 10100 10122 I art     : Starting a blocking GC Explicit
08-04 12:31:07.742 10100 10122 I art     : Explicit concurrent mark sweep GC freed 1372(80KB) AllocSpace objects, 1(20KB) LOS objects, 35% free, 28MB/44MB, paused 1.112ms total 38.109ms
08-04 12:31:07.753 10100 10122 I art     : Starting a blocking GC Explicit
08-04 12:31:07.784 10100 10122 I art     : Explicit concurrent mark sweep GC freed 23(752B) AllocSpace objects, 0(0B) LOS objects, 35% free, 28MB/44MB, paused 1.037ms total 30.505ms
08-04 12:31:07.794 10100 10122 I art     : Starting a blocking GC Explicit
08-04 12:31:07.825 10100 10122 I art     : Explicit concurrent mark sweep GC freed 3(96B) AllocSpace objects, 0(0B) LOS objects, 35% free, 28MB/44MB, paused 1.050ms total 30.548ms
08-04 12:31:07.834 10100 10122 I art     : Starting a blocking GC Explicit
08-04 12:31:07.864 10100 10122 I art     : Explicit concurrent mark sweep GC freed 3(96B) AllocSpace objects, 0(0B) LOS objects, 35% free, 28MB/44MB, paused 1.033ms total 29.544ms
08-04 12:31:07.874 10100 10122 I art     : Starting a blocking GC Explicit
08-04 12:31:07.905 10100 10122 I art     : Explicit concurrent mark sweep GC freed 3(96B) AllocSpace objects, 0(0B) LOS objects, 35% free, 28MB/44MB, paused 1.021ms total 30.512ms
08-04 12:31:07.935  9378  9378 I Atfwd_Sendcmd: AtCmdFwd service not ready - Exhausted retry attempts - :6
08-04 12:31:07.935  9378  9378 I Atfwd_Daemon: result : -1 	 ,Init step :2 	 ,qmiErrorCode: 0
08-04 12:31:08.262 10100 10113 I art     : Starting a blocking GC Explicit
08-04 12:31:08.306 10100 10113 I art     : Explicit concurrent mark sweep GC freed 1373(82KB) AllocSpace objects, 1(20KB) LOS objects, 35% free, 28MB/44MB, paused 1.140ms total 43.352ms
08-04 12:31:08.321 10100 10113 I art     : Starting a blocking GC Explicit
08-04 12:31:08.350 10100 10113 I art     : Explicit concurrent mark sweep GC freed 23(752B) AllocSpace objects, 0(0B) LOS objects, 35% free, 28MB/44MB, paused 968us total 28.879ms
08-04 12:31:08.359 10100 10113 I art     : Starting a blocking GC Explicit
08-04 12:31:08.388 10100 10113 I art     : Explicit concurrent mark sweep GC freed 32(880B) AllocSpace objects, 0(0B) LOS objects, 35% free, 28MB/44MB, paused 1.106ms total 28.245ms
08-04 12:31:08.397 10100 10113 I art     : Starting a blocking GC Explicit
08-04 12:31:08.425 10100 10113 I art     : Explicit concurrent mark sweep GC freed 3(96B) AllocSpace objects, 0(0B) LOS objects, 35% free, 28MB/44MB, paused 1.028ms total 27.825ms
08-04 12:31:08.434 10100 10113 I art     : Starting a blocking GC Explicit
08-04 12:31:08.462 10100 10113 I art     : Explicit concurrent mark sweep GC freed 3(96B) AllocSpace objects, 0(0B) LOS objects, 35% free, 28MB/44MB, paused 1.059ms total 28.069ms
08-04 12:31:08.768 12301 12301 D AndroidRuntime: >>>>>> START com.android.internal.os.RuntimeInit uid 2000 <<<<<<
08-04 12:31:08.771 10100 10112 I art     : Starting a blocking GC Explicit
08-04 12:31:08.773 12301 12301 D AndroidRuntime: CheckJNI is OFF
08-04 12:31:08.801 10100 10112 I art     : Explicit concurrent mark sweep GC freed 1372(80KB) AllocSpace objects, 1(20KB) LOS objects, 35% free, 28MB/44MB, paused 1.079ms total 30.167ms
08-04 12:31:08.810 12301 12301 D ICU     : No timezone override file found: /data/misc/zoneinfo/current/icu/icu_tzdata.dat
08-04 12:31:08.811 10100 10112 I art     : Starting a blocking GC Explicit
08-04 12:31:08.840 10100 10112 I art     : Explicit concurrent mark sweep GC freed 23(752B) AllocSpace objects, 0(0B) LOS objects, 35% free, 28MB/44MB, paused 1.074ms total 28.631ms
08-04 12:31:08.846 12301 12301 I Radio-JNI: register_android_hardware_Radio DONE
08-04 12:31:08.849 10100 10112 I art     : Starting a blocking GC Explicit
08-04 12:31:08.869 12301 12301 D AndroidRuntime: Calling main entry com.android.commands.input.Input
08-04 12:31:08.870 12301 12301 I Input   : injectKeyEvent: KeyEvent { action=ACTION_DOWN, keyCode=KEYCODE_BACK, scanCode=0, metaState=0, flags=0x0, repeatCount=0, eventTime=707485283, downTime=707485283, deviceId=-1, source=0x101 }
08-04 12:31:08.877 10100 10112 I art     : Explicit concurrent mark sweep GC freed 8(528B) AllocSpace objects, 0(0B) LOS objects, 35% free, 28MB/44MB, paused 1.072ms total 27.736ms
08-04 12:31:08.878 12301 12301 I Input   : injectKeyEvent: KeyEvent { action=ACTION_UP, keyCode=KEYCODE_BACK, scanCode=0, metaState=0, flags=0x0, repeatCount=0, eventTime=707485283, downTime=707485283, deviceId=-1, source=0x101 }
08-04 12:31:08.884 12301 12301 D AndroidRuntime: Shutting down VM
08-04 12:31:08.886 10100 10112 I art     : Starting a blocking GC Explicit
08-04 12:31:08.888 10100 10100 V PlaybackController: initServiceNotRunning()
08-04 12:31:08.888 10100 10100 D ExternalPlayerFragment: Loading media info
08-04 12:31:08.894 10100 10100 D UserPreferences: Using default data folder
08-04 12:31:08.894 10100 10126 D DBReader: getNavDrawerData() called with: 
08-04 12:31:08.904 10100 10126 D DBReader: getDownloadedItems() called
08-04 12:31:08.905 10100 10126 D DBReader: getFavoriteIDList() called
08-04 12:31:08.906 10100 10126 D DBReader: getQueueIDList() called
08-04 12:31:08.906 10100 10126 D DBReader: Extracting Feedlist
08-04 12:31:08.915 10100 10112 I art     : Explicit concurrent mark sweep GC freed 604(47KB) AllocSpace objects, 0(0B) LOS objects, 35% free, 28MB/44MB, paused 965us total 27.990ms
08-04 12:31:08.923 10100 10112 I art     : Starting a blocking GC Explicit
08-04 12:31:08.928 10100 10100 D MainActivity: getLastNavFragment() -> AddFeedFragment
08-04 12:31:08.930 13866 13866 I GoogleInputMethodServic: GoogleInputMethodService.onFinishInput():3138 
08-04 12:31:08.931 13866 13866 I GoogleInputMethodServic: GoogleInputMethodService.onStartInput():1808 
08-04 12:31:08.951 10100 10112 I art     : Explicit concurrent mark sweep GC freed 689(33KB) AllocSpace objects, 0(0B) LOS objects, 35% free, 28MB/44MB, paused 994us total 27.317ms
08-04 12:31:09.225 10100 10122 I art     : Starting a blocking GC Explicit
08-04 12:31:09.244   380   380 W SurfaceFlinger: couldn't log to binary event log: overflow.
08-04 12:31:09.258 10100 10122 I art     : Explicit concurrent mark sweep GC freed 1979(106KB) AllocSpace objects, 1(20KB) LOS objects, 35% free, 28MB/44MB, paused 1.179ms total 32.131ms
08-04 12:31:09.267 10100 10122 I art     : Starting a blocking GC Explicit
08-04 12:31:09.293 10100 10122 I art     : Explicit concurrent mark sweep GC freed 264(13KB) AllocSpace objects, 0(0B) LOS objects, 35% free, 28MB/44MB, paused 966us total 26.147ms
08-04 12:31:09.302 10100 10122 I art     : Starting a blocking GC Explicit
08-04 12:31:09.329 10100 10122 I art     : Explicit concurrent mark sweep GC freed 2437(152KB) AllocSpace objects, 1(28KB) LOS objects, 35% free, 28MB/44MB, paused 1.008ms total 26.883ms
08-04 12:31:09.338 10100 10122 I art     : Starting a blocking GC Explicit
08-04 12:31:09.365 10100 10122 I art     : Explicit concurrent mark sweep GC freed 32(880B) AllocSpace objects, 0(0B) LOS objects, 35% free, 28MB/44MB, paused 996us total 27.289ms
08-04 12:31:09.374 10100 10122 I art     : Starting a blocking GC Explicit
08-04 12:31:09.402 10100 10122 I art     : Explicit concurrent mark sweep GC freed 3(96B) AllocSpace objects, 0(0B) LOS objects, 35% free, 28MB/44MB, paused 1.002ms total 27.889ms
08-04 12:31:09.448 13866 13882 I PeriodicStatsRunner: PeriodicStatsRunner.call():175 call()
08-04 12:31:09.448 13866 13882 I PeriodicStatsRunner: PeriodicStatsRunner.call():179 No submit PeriodicStats since input started.
08-04 12:31:09.534 13866 13882 I PeriodicStatsRunner: PeriodicStatsRunner.call():175 call()
08-04 12:31:09.535 13866 13882 I PeriodicStatsRunner: PeriodicStatsRunner.call():179 No submit PeriodicStats since input started.
08-04 12:31:09.700 10100 11029 I art     : Starting a blocking GC Explicit
08-04 12:31:09.741 10100 11029 I art     : Explicit concurrent mark sweep GC freed 1374(82KB) AllocSpace objects, 1(20KB) LOS objects, 35% free, 28MB/44MB, paused 1.097ms total 40.641ms
08-04 12:31:09.755 10100 11029 I art     : Starting a blocking GC Explicit
08-04 12:31:09.785 10100 11029 I art     : Explicit concurrent mark sweep GC freed 25(832B) AllocSpace objects, 0(0B) LOS objects, 35% free, 28MB/44MB, paused 1.043ms total 30.130ms
08-04 12:31:09.795 10100 11029 I art     : Starting a blocking GC Explicit
08-04 12:31:09.824 10100 11029 I art     : Explicit concurrent mark sweep GC freed 3(96B) AllocSpace objects, 0(0B) LOS objects, 35% free, 28MB/44MB, paused 1.173ms total 29.164ms
08-04 12:31:09.831   918  3188 I hubconnection: sensorhub said: 'set_bias 3: -5.4048, 0.0000, 0.0000'
08-04 12:31:09.834 10100 11029 I art     : Starting a blocking GC Explicit
08-04 12:31:09.863 10100 11029 I art     : Explicit concurrent mark sweep GC freed 3(96B) AllocSpace objects, 0(0B) LOS objects, 35% free, 28MB/44MB, paused 1.041ms total 29.359ms
08-04 12:31:09.873 10100 11029 I art     : Starting a blocking GC Explicit
08-04 12:31:09.903 10100 11029 I art     : Explicit concurrent mark sweep GC freed 3(96B) AllocSpace objects, 0(0B) LOS objects, 35% free, 28MB/44MB, paused 1.029ms total 29.616ms
08-04 12:31:10.198 10100 10113 I art     : Starting a blocking GC Explicit
08-04 12:31:10.232 10100 10113 I art     : Explicit concurrent mark sweep GC freed 1373(80KB) AllocSpace objects, 1(20KB) LOS objects, 35% free, 28MB/44MB, paused 1.018ms total 33.621ms
08-04 12:31:10.241 10100 10113 I art     : Starting a blocking GC Explicit
08-04 12:31:10.270 10100 10113 I art     : Explicit concurrent mark sweep GC freed 23(752B) AllocSpace objects, 0(0B) LOS objects, 35% free, 28MB/44MB, paused 1.038ms total 28.727ms
08-04 12:31:10.279 10100 10113 I art     : Starting a blocking GC Explicit
08-04 12:31:10.307 10100 10113 I art     : Explicit concurrent mark sweep GC freed 3(96B) AllocSpace objects, 0(0B) LOS objects, 35% free, 28MB/44MB, paused 1.058ms total 27.644ms
08-04 12:31:10.316 10100 10113 I art     : Starting a blocking GC Explicit
08-04 12:31:10.344 10100 10113 I art     : Explicit concurrent mark sweep GC freed 3(96B) AllocSpace objects, 0(0B) LOS objects, 35% free, 28MB/44MB, paused 1.048ms total 27.541ms
08-04 12:31:10.353 10100 10113 I art     : Starting a blocking GC Explicit
08-04 12:31:10.381 10100 10113 I art     : Explicit concurrent mark sweep GC freed 32(880B) AllocSpace objects, 0(0B) LOS objects, 35% free, 28MB/44MB, paused 1.029ms total 27.347ms
08-04 12:31:10.567 12353 12353 D AndroidRuntime: >>>>>> START com.android.internal.os.RuntimeInit uid 2000 <<<<<<
08-04 12:31:10.572 12353 12353 D AndroidRuntime: CheckJNI is OFF
08-04 12:31:10.604 12353 12353 D ICU     : No timezone override file found: /data/misc/zoneinfo/current/icu/icu_tzdata.dat
08-04 12:31:10.634 12353 12353 I Radio-JNI: register_android_hardware_Radio DONE
08-04 12:31:10.655 12353 12353 D AndroidRuntime: Calling main entry com.android.commands.input.Input
08-04 12:31:10.657 12353 12353 I Input   : injectKeyEvent: KeyEvent { action=ACTION_DOWN, keyCode=KEYCODE_BACK, scanCode=0, metaState=0, flags=0x0, repeatCount=0, eventTime=707487070, downTime=707487070, deviceId=-1, source=0x101 }
08-04 12:31:10.661 12353 12353 I Input   : injectKeyEvent: KeyEvent { action=ACTION_UP, keyCode=KEYCODE_BACK, scanCode=0, metaState=0, flags=0x0, repeatCount=0, eventTime=707487070, downTime=707487070, deviceId=-1, source=0x101 }
08-04 12:31:10.670 13866 13866 I GoogleInputMethodServic: GoogleInputMethodService.onFinishInput():3138 
08-04 12:31:10.670 10100 11029 I art     : Starting a blocking GC Explicit
08-04 12:31:10.670 13866 13866 I GoogleInputMethodServic: GoogleInputMethodService.onStartInput():1808 
08-04 12:31:10.677 12353 12353 D AndroidRuntime: Shutting down VM
08-04 12:31:10.698 10100 11029 I art     : Explicit concurrent mark sweep GC freed 2521(127KB) AllocSpace objects, 1(20KB) LOS objects, 35% free, 28MB/44MB, paused 1.154ms total 28.228ms
08-04 12:31:10.707 10100 11029 I art     : Starting a blocking GC Explicit
08-04 12:31:10.732 10100 11029 I art     : Explicit concurrent mark sweep GC freed 882(55KB) AllocSpace objects, 1(28KB) LOS objects, 35% free, 28MB/44MB, paused 920us total 25.214ms
08-04 12:31:10.741 10100 11029 I art     : Starting a blocking GC Explicit
08-04 12:31:10.769 10100 11029 I art     : Explicit concurrent mark sweep GC freed 1817(124KB) AllocSpace objects, 8(1512KB) LOS objects, 37% free, 26MB/42MB, paused 1.017ms total 27.538ms
08-04 12:31:10.778 10100 11029 I art     : Starting a blocking GC Explicit
08-04 12:31:10.805 10100 11029 I art     : Explicit concurrent mark sweep GC freed 23(896B) AllocSpace objects, 0(0B) LOS objects, 37% free, 26MB/42MB, paused 989us total 27.538ms
08-04 12:31:10.815 10100 11029 I art     : Starting a blocking GC Explicit
08-04 12:31:10.842 10100 11029 I art     : Explicit concurrent mark sweep GC freed 3(96B) AllocSpace objects, 0(0B) LOS objects, 37% free, 26MB/42MB, paused 1.014ms total 27.584ms
08-04 12:31:11.126 10100 11030 I art     : Starting a blocking GC Explicit
08-04 12:31:11.163 10100 11030 I art     : Explicit concurrent mark sweep GC freed 1373(81KB) AllocSpace objects, 1(20KB) LOS objects, 37% free, 26MB/42MB, paused 1.077ms total 36.331ms
08-04 12:31:11.176 10100 11030 I art     : Starting a blocking GC Explicit
08-04 12:31:11.206 10100 11030 I art     : Explicit concurrent mark sweep GC freed 23(768B) AllocSpace objects, 0(0B) LOS objects, 37% free, 26MB/42MB, paused 1.087ms total 29.286ms
08-04 12:31:11.216 10100 11030 I art     : Starting a blocking GC Explicit
08-04 12:31:11.244 10100 11030 I art     : Explicit concurrent mark sweep GC freed 3(96B) AllocSpace objects, 0(0B) LOS objects, 37% free, 26MB/42MB, paused 1.016ms total 28.440ms
08-04 12:31:11.254 10100 11030 I art     : Starting a blocking GC Explicit
08-04 12:31:11.282 10100 11030 I art     : Explicit concurrent mark sweep GC freed 3(96B) AllocSpace objects, 0(0B) LOS objects, 37% free, 26MB/42MB, paused 1.028ms total 28.359ms
08-04 12:31:11.292 10100 11030 I art     : Starting a blocking GC Explicit
08-04 12:31:11.321 10100 11030 I art     : Explicit concurrent mark sweep GC freed 3(96B) AllocSpace objects, 0(0B) LOS objects, 37% free, 26MB/42MB, paused 1.087ms total 28.737ms
08-04 12:31:11.629 10100 10122 I art     : Starting a blocking GC Explicit
08-04 12:31:11.668 10100 10122 I art     : Explicit concurrent mark sweep GC freed 1402(82KB) AllocSpace objects, 1(20KB) LOS objects, 37% free, 26MB/42MB, paused 1.200ms total 38.563ms
08-04 12:31:11.678 10100 10122 I art     : Starting a blocking GC Explicit
08-04 12:31:11.708 10100 10122 I art     : Explicit concurrent mark sweep GC freed 23(752B) AllocSpace objects, 0(0B) LOS objects, 37% free, 26MB/42MB, paused 1.127ms total 29.040ms
08-04 12:31:11.717 10100 10122 I art     : Starting a blocking GC Explicit
08-04 12:31:11.746 10100 10122 I art     : Explicit concurrent mark sweep GC freed 3(96B) AllocSpace objects, 0(0B) LOS objects, 37% free, 26MB/42MB, paused 1.014ms total 28.235ms
08-04 12:31:11.755 10100 10122 I art     : Starting a blocking GC Explicit
08-04 12:31:11.784 10100 10122 I art     : Explicit concurrent mark sweep GC freed 3(96B) AllocSpace objects, 0(0B) LOS objects, 37% free, 26MB/42MB, paused 1.009ms total 28.078ms
08-04 12:31:11.793 10100 10122 I art     : Starting a blocking GC Explicit
08-04 12:31:11.822 10100 10122 I art     : Explicit concurrent mark sweep GC freed 3(96B) AllocSpace objects, 0(0B) LOS objects, 37% free, 26MB/42MB, paused 1.016ms total 28.550ms
08-04 12:31:12.091 10100 10112 I art     : Starting a blocking GC Explicit
08-04 12:31:12.123 10100 10112 I art     : Explicit concurrent mark sweep GC freed 1372(82KB) AllocSpace objects, 1(20KB) LOS objects, 37% free, 26MB/42MB, paused 1.053ms total 31.846ms
08-04 12:31:12.133 10100 10112 I art     : Starting a blocking GC Explicit
08-04 12:31:12.160 10100 10112 I art     : Explicit concurrent mark sweep GC freed 23(752B) AllocSpace objects, 0(0B) LOS objects, 37% free, 26MB/42MB, paused 983us total 27.416ms
08-04 12:31:12.170 10100 10112 I art     : Starting a blocking GC Explicit
08-04 12:31:12.197 10100 10112 I art     : Explicit concurrent mark sweep GC freed 3(96B) AllocSpace objects, 0(0B) LOS objects, 37% free, 26MB/42MB, paused 1.025ms total 26.849ms
08-04 12:31:12.206 10100 10112 I art     : Starting a blocking GC Explicit
08-04 12:31:12.233 10100 10112 I art     : Explicit concurrent mark sweep GC freed 3(96B) AllocSpace objects, 0(0B) LOS objects, 37% free, 26MB/42MB, paused 1.077ms total 27.212ms
08-04 12:31:12.242 10100 10112 I art     : Starting a blocking GC Explicit
08-04 12:31:12.269 10100 10112 I art     : Explicit concurrent mark sweep GC freed 3(96B) AllocSpace objects, 0(0B) LOS objects, 37% free, 26MB/42MB, paused 1.022ms total 26.915ms
08-04 12:31:12.345 12398 12398 D AndroidRuntime: >>>>>> START com.android.internal.os.RuntimeInit uid 2000 <<<<<<
08-04 12:31:12.350 12398 12398 D AndroidRuntime: CheckJNI is OFF
08-04 12:31:12.382 12398 12398 D ICU     : No timezone override file found: /data/misc/zoneinfo/current/icu/icu_tzdata.dat
08-04 12:31:12.414 12398 12398 I Radio-JNI: register_android_hardware_Radio DONE
08-04 12:31:12.436 12398 12398 D AndroidRuntime: Calling main entry com.android.commands.input.Input
08-04 12:31:12.438 12398 12398 I Input   : injectMotionEvent: MotionEvent { action=ACTION_DOWN, actionButton=0, id[0]=0, x[0]=103.0, y[0]=192.0, toolType[0]=TOOL_TYPE_UNKNOWN, buttonState=0, metaState=0, flags=0x0, edgeFlags=0x0, pointerCount=1, historySize=0, eventTime=707488850, downTime=707488850, deviceId=0, source=0x1002 }
08-04 12:31:12.444 12398 12398 I Input   : injectMotionEvent: MotionEvent { action=ACTION_UP, actionButton=0, id[0]=0, x[0]=103.0, y[0]=192.0, toolType[0]=TOOL_TYPE_UNKNOWN, buttonState=0, metaState=0, flags=0x0, edgeFlags=0x0, pointerCount=1, historySize=0, eventTime=707488850, downTime=707488850, deviceId=0, source=0x1002 }
08-04 12:31:12.445 12398 12398 D AndroidRuntime: Shutting down VM
08-04 12:31:12.451   512  2967 D audio_hw_primary: out_set_parameters: enter: usecase(1: low-latency-playback) kvpairs: routing=2
08-04 12:31:12.464   512  2967 D audio_hw_primary: select_devices: out_snd_device(2: speaker) in_snd_device(0: none)
08-04 12:31:12.464   512  2967 D msm8974_platform: platform_send_audio_calibration: sending audio calibration for snd_device(2) acdb_id(15)
08-04 12:31:12.464   512  2967 I soundtrigger: audio_extn_sound_trigger_update_device_status: device 0x2 of type 0 for Event 1
08-04 12:31:12.473   512  2967 D audio_hw_primary: enable_snd_device: snd_device(2: speaker)
08-04 12:31:12.475   512  2967 D audio_hw_primary: enable_audio_route: apply and update mixer path: low-latency-playback speaker
08-04 12:31:12.488 13866 13866 I GoogleInputMethodServic: GoogleInputMethodService.onFinishInput():3138 
08-04 12:31:12.489 13866 13866 I GoogleInputMethodServic: GoogleInputMethodService.onStartInput():1808 
08-04 12:31:12.554 10100 11029 I art     : Starting a blocking GC Explicit
08-04 12:31:12.584 10100 11029 I art     : Explicit concurrent mark sweep GC freed 2032(110KB) AllocSpace objects, 1(20KB) LOS objects, 37% free, 26MB/42MB, paused 1.272ms total 29.934ms
08-04 12:31:12.595 10100 11029 I art     : Starting a blocking GC Explicit
08-04 12:31:12.623 10100 11029 I art     : Explicit concurrent mark sweep GC freed 100(5KB) AllocSpace objects, 0(0B) LOS objects, 37% free, 26MB/42MB, paused 980us total 27.862ms
08-04 12:31:12.633 10100 11029 I art     : Starting a blocking GC Explicit
08-04 12:31:12.661 10100 11029 I art     : Explicit concurrent mark sweep GC freed 3(96B) AllocSpace objects, 0(0B) LOS objects, 37% free, 26MB/42MB, paused 1.042ms total 28.590ms
08-04 12:31:12.671 10100 11029 I art     : Starting a blocking GC Explicit
08-04 12:31:12.698 10100 11029 I art     : Explicit concurrent mark sweep GC freed 5(160B) AllocSpace objects, 0(0B) LOS objects, 37% free, 26MB/42MB, paused 982us total 26.980ms
08-04 12:31:12.707 10100 11029 I art     : Starting a blocking GC Explicit
08-04 12:31:12.733 10100 11029 I art     : Explicit concurrent mark sweep GC freed 3(96B) AllocSpace objects, 0(0B) LOS objects, 37% free, 26MB/42MB, paused 1.078ms total 25.869ms
08-04 12:31:13.004 10100 10122 I art     : Starting a blocking GC Explicit
08-04 12:31:13.019   512  2967 D audio_hw_primary: disable_audio_route: reset and update mixer path: low-latency-playback speaker
08-04 12:31:13.020   512  2967 D audio_hw_primary: disable_snd_device: snd_device(2: speaker)
08-04 12:31:13.030   512  2967 I soundtrigger: audio_extn_sound_trigger_update_device_status: device 0x2 of type 0 for Event 0
08-04 12:31:13.033 10100 10122 I art     : Explicit concurrent mark sweep GC freed 1374(80KB) AllocSpace objects, 1(20KB) LOS objects, 37% free, 26MB/42MB, paused 1.018ms total 28.575ms
08-04 12:31:13.043 10100 10122 I art     : Starting a blocking GC Explicit
08-04 12:31:13.070 10100 10122 I art     : Explicit concurrent mark sweep GC freed 31(1008B) AllocSpace objects, 0(0B) LOS objects, 37% free, 26MB/42MB, paused 911us total 27.032ms
08-04 12:31:13.080 10100 10122 I art     : Starting a blocking GC Explicit
08-04 12:31:13.106 10100 10122 I art     : Explicit concurrent mark sweep GC freed 3(96B) AllocSpace objects, 0(0B) LOS objects, 37% free, 26MB/42MB, paused 1.005ms total 26.711ms
08-04 12:31:13.116 10100 10122 I art     : Starting a blocking GC Explicit
08-04 12:31:13.143 10100 10122 I art     : Explicit concurrent mark sweep GC freed 3(96B) AllocSpace objects, 0(0B) LOS objects, 37% free, 26MB/42MB, paused 996us total 27.090ms
08-04 12:31:13.152 10100 10122 I art     : Starting a blocking GC Explicit
08-04 12:31:13.180 10100 10122 I art     : Explicit concurrent mark sweep GC freed 5(160B) AllocSpace objects, 0(0B) LOS objects, 37% free, 26MB/42MB, paused 1.114ms total 27.693ms
08-04 12:31:13.485 10100 10112 I art     : Starting a blocking GC Explicit
08-04 12:31:13.521 10100 10112 I art     : Explicit concurrent mark sweep GC freed 1400(81KB) AllocSpace objects, 1(20KB) LOS objects, 37% free, 26MB/42MB, paused 1.100ms total 35.754ms
08-04 12:31:13.536 10100 10112 I art     : Starting a blocking GC Explicit
08-04 12:31:13.564 10100 10112 I art     : Explicit concurrent mark sweep GC freed 23(752B) AllocSpace objects, 0(0B) LOS objects, 37% free, 26MB/42MB, paused 1.004ms total 27.675ms
08-04 12:31:13.573 10100 10112 I art     : Starting a blocking GC Explicit
08-04 12:31:13.601 10100 10112 I art     : Explicit concurrent mark sweep GC freed 3(96B) AllocSpace objects, 0(0B) LOS objects, 37% free, 26MB/42MB, paused 1.002ms total 28.105ms
08-04 12:31:13.611 10100 10112 I art     : Starting a blocking GC Explicit
08-04 12:31:13.640 10100 10112 I art     : Explicit concurrent mark sweep GC freed 3(96B) AllocSpace objects, 0(0B) LOS objects, 37% free, 26MB/42MB, paused 971us total 28.508ms
08-04 12:31:13.649 10100 10112 I art     : Starting a blocking GC Explicit
08-04 12:31:13.678 10100 10112 I art     : Explicit concurrent mark sweep GC freed 3(96B) AllocSpace objects, 0(0B) LOS objects, 37% free, 26MB/42MB, paused 1.037ms total 28.298ms
08-04 12:31:13.931 13866 13882 I PeriodicStatsRunner: PeriodicStatsRunner.call():175 call()
08-04 12:31:13.931 13866 13882 I PeriodicStatsRunner: PeriodicStatsRunner.call():179 No submit PeriodicStats since input started.
08-04 12:31:13.956 10100 10113 I art     : Starting a blocking GC Explicit
08-04 12:31:13.989 10100 10113 I art     : Explicit concurrent mark sweep GC freed 1371(80KB) AllocSpace objects, 1(20KB) LOS objects, 37% free, 26MB/42MB, paused 1.084ms total 32.682ms
08-04 12:31:13.998 10100 10113 I art     : Starting a blocking GC Explicit
08-04 12:31:14.026 10100 10113 I art     : Explicit concurrent mark sweep GC freed 23(752B) AllocSpace objects, 0(0B) LOS objects, 37% free, 26MB/42MB, paused 1.015ms total 27.620ms
08-04 12:31:14.035 10100 10113 I art     : Starting a blocking GC Explicit
08-04 12:31:14.063 10100 10113 I art     : Explicit concurrent mark sweep GC freed 3(96B) AllocSpace objects, 0(0B) LOS objects, 37% free, 26MB/42MB, paused 994us total 27.554ms
08-04 12:31:14.072 10100 10113 I art     : Starting a blocking GC Explicit
08-04 12:31:14.099 10100 10113 I art     : Explicit concurrent mark sweep GC freed 4(128B) AllocSpace objects, 0(0B) LOS objects, 37% free, 26MB/42MB, paused 1.019ms total 26.249ms
08-04 12:31:14.108 12452 12452 D AndroidRuntime: >>>>>> START com.android.internal.os.RuntimeInit uid 2000 <<<<<<
08-04 12:31:14.109 10100 10113 I art     : Starting a blocking GC Explicit
08-04 12:31:14.114 12452 12452 D AndroidRuntime: CheckJNI is OFF
08-04 12:31:14.136 10100 10113 I art     : Explicit concurrent mark sweep GC freed 7(224B) AllocSpace objects, 0(0B) LOS objects, 37% free, 26MB/42MB, paused 1.126ms total 26.600ms
08-04 12:31:14.149 12452 12452 D ICU     : No timezone override file found: /data/misc/zoneinfo/current/icu/icu_tzdata.dat
08-04 12:31:14.180 12452 12452 I Radio-JNI: register_android_hardware_Radio DONE
08-04 12:31:14.201 12452 12452 D AndroidRuntime: Calling main entry com.android.commands.input.Input
08-04 12:31:14.202 12452 12452 I Input   : injectMotionEvent: MotionEvent { action=ACTION_DOWN, actionButton=0, id[0]=0, x[0]=625.0, y[0]=1248.0, toolType[0]=TOOL_TYPE_UNKNOWN, buttonState=0, metaState=0, flags=0x0, edgeFlags=0x0, pointerCount=1, historySize=0, eventTime=707490615, downTime=707490615, deviceId=0, source=0x1002 }
08-04 12:31:14.207 12452 12452 I Input   : injectMotionEvent: MotionEvent { action=ACTION_UP, actionButton=0, id[0]=0, x[0]=625.0, y[0]=1248.0, toolType[0]=TOOL_TYPE_UNKNOWN, buttonState=0, metaState=0, flags=0x0, edgeFlags=0x0, pointerCount=1, historySize=0, eventTime=707490615, downTime=707490615, deviceId=0, source=0x1002 }
08-04 12:31:14.210 12452 12452 D AndroidRuntime: Shutting down VM
08-04 12:31:14.284 10100 10100 D MainActivity: loadFragment(index: 7, args: null)
08-04 12:31:14.285 10100 10100 D MainActivity: saveLastNavFragment(tag: 2)
08-04 12:31:14.285 10100 10100 D MainActivity: getLastNavFragment() -> 2
08-04 12:31:14.286   512  2967 D audio_hw_primary: out_set_parameters: enter: usecase(1: low-latency-playback) kvpairs: routing=2
08-04 12:31:14.299   512  2967 D audio_hw_primary: select_devices: out_snd_device(2: speaker) in_snd_device(0: none)
08-04 12:31:14.299   512  2967 D msm8974_platform: platform_send_audio_calibration: sending audio calibration for snd_device(2) acdb_id(15)
08-04 12:31:14.299   512  2967 I soundtrigger: audio_extn_sound_trigger_update_device_status: device 0x2 of type 0 for Event 1
08-04 12:31:14.310   512  2967 D audio_hw_primary: enable_snd_device: snd_device(2: speaker)
08-04 12:31:14.312   512  2967 D audio_hw_primary: enable_audio_route: apply and update mixer path: low-latency-playback speaker
08-04 12:31:14.322 10100 10100 D ItemlistFragment: onEventMainThread() called with: event = [DownloadEvent{update=DownloaderUpdate{downloaders=[], feedIds=[], mediaIds=[]}}]
08-04 12:31:14.323 10100 10120 D DBReader: getFeed() called with: feedId = [2]
08-04 12:31:14.324 10100 10120 D DBReader: getFeedItemList() called with: feed = [baseline.de.danoeh.antennapod.core.feed.Feed@2]
08-04 12:31:14.396 10100 10120 W PodDBAdapter: Length of id array is larger than 800. Creating multiple cursors
08-04 12:31:14.397 10100 10113 I art     : Starting a blocking GC Explicit
08-04 12:31:14.431 10100 10113 I art     : Explicit concurrent mark sweep GC freed 7393(426KB) AllocSpace objects, 3(56KB) LOS objects, 35% free, 28MB/44MB, paused 1.170ms total 32.882ms
08-04 12:31:14.440 10100 10113 I art     : Starting a blocking GC Explicit
08-04 12:31:14.469 10100 10120 D DBReader: getFavoriteIDList() called
08-04 12:31:14.470 10100 10120 D DBReader: getQueueIDList() called
08-04 12:31:14.473 10100 10120 D DBReader: Extracting Feedlist
08-04 12:31:14.473 10100 10113 I art     : Explicit concurrent mark sweep GC freed 6736(190KB) AllocSpace objects, 0(0B) LOS objects, 35% free, 29MB/45MB, paused 1.996ms total 32.895ms
08-04 12:31:14.483 10100 10113 I art     : Starting a blocking GC Explicit
08-04 12:31:14.510 10100 10100 D FeedMenuHandler: Preparing options menu
08-04 12:31:14.516 10100 10113 I art     : Explicit concurrent mark sweep GC freed 3149(127KB) AllocSpace objects, 1(16KB) LOS objects, 35% free, 29MB/45MB, paused 1.409ms total 32.916ms
08-04 12:31:14.526 10100 10113 I art     : Starting a blocking GC Explicit
08-04 12:31:14.559 10100 10113 I art     : Explicit concurrent mark sweep GC freed 2498(158KB) AllocSpace objects, 0(0B) LOS objects, 35% free, 29MB/45MB, paused 1.411ms total 33.185ms
08-04 12:31:14.569 10100 10113 I art     : Starting a blocking GC Explicit
08-04 12:31:14.572 10100 11045 D ApOkHttpUrlLoader: buildLoadData() called with: model = [http://static.libsyn.com/p/assets/7/1/f/3/71f3014e14ef2722/JREiTunesImage2.jpg], width = [1440], height = [462]
08-04 12:31:14.602 10100 10113 I art     : Explicit concurrent mark sweep GC freed 1054(86KB) AllocSpace objects, 0(0B) LOS objects, 29% free, 37MB/53MB, paused 1.100ms total 32.263ms
08-04 12:31:14.634 10100 10121 V RenderScript: 0x7f7c0d7000 Launching thread(s), CPUs 8
08-04 12:31:14.724 13866 13866 I GoogleInputMethodServic: GoogleInputMethodService.onFinishInput():3138 
08-04 12:31:14.725 13866 13866 I GoogleInputMethodServic: GoogleInputMethodService.onStartInput():1808 
08-04 12:31:14.858   512  2967 D audio_hw_primary: disable_audio_route: reset and update mixer path: low-latency-playback speaker
08-04 12:31:14.859   512  2967 D audio_hw_primary: disable_snd_device: snd_device(2: speaker)
08-04 12:31:14.868   512  2967 I soundtrigger: audio_extn_sound_trigger_update_device_status: device 0x2 of type 0 for Event 0
08-04 12:31:14.891 10100 10113 I art     : Starting a blocking GC Explicit
08-04 12:31:14.923 10100 10113 I art     : Explicit concurrent mark sweep GC freed 1870(120KB) AllocSpace objects, 6(236KB) LOS objects, 29% free, 37MB/53MB, paused 908us total 31.671ms
08-04 12:31:14.933 10100 10113 I art     : Starting a blocking GC Explicit
08-04 12:31:14.965 10100 10113 I art     : Explicit concurrent mark sweep GC freed 146(7KB) AllocSpace objects, 0(0B) LOS objects, 29% free, 37MB/53MB, paused 974us total 31.583ms
08-04 12:31:14.975 10100 10113 I art     : Starting a blocking GC Explicit
08-04 12:31:15.007 10100 10113 I art     : Explicit concurrent mark sweep GC freed 20(688B) AllocSpace objects, 0(0B) LOS objects, 29% free, 37MB/53MB, paused 1.036ms total 32.199ms
08-04 12:31:15.018 10100 10113 I art     : Starting a blocking GC Explicit
08-04 12:31:15.051 10100 10113 I art     : Explicit concurrent mark sweep GC freed 3(96B) AllocSpace objects, 0(0B) LOS objects, 29% free, 37MB/53MB, paused 907us total 32.769ms
08-04 12:31:15.061 10100 10113 I art     : Starting a blocking GC Explicit
08-04 12:31:15.093 10100 10113 I art     : Explicit concurrent mark sweep GC freed 3(96B) AllocSpace objects, 0(0B) LOS objects, 29% free, 37MB/53MB, paused 913us total 31.618ms
08-04 12:31:15.385 10100 10122 I art     : Starting a blocking GC Explicit
08-04 12:31:15.437 10100 10122 I art     : Explicit concurrent mark sweep GC freed 1421(81KB) AllocSpace objects, 1(20KB) LOS objects, 29% free, 37MB/53MB, paused 1.128ms total 51.894ms
08-04 12:31:15.451 10100 10122 I art     : Starting a blocking GC Explicit
08-04 12:31:15.489 10100 10122 I art     : Explicit concurrent mark sweep GC freed 25(816B) AllocSpace objects, 0(0B) LOS objects, 29% free, 37MB/53MB, paused 1.025ms total 38.164ms
08-04 12:31:15.500 10100 10122 I art     : Starting a blocking GC Explicit
08-04 12:31:15.538 10100 10122 I art     : Explicit concurrent mark sweep GC freed 3(96B) AllocSpace objects, 0(0B) LOS objects, 29% free, 37MB/53MB, paused 1.044ms total 37.753ms
08-04 12:31:15.550 10100 10122 I art     : Starting a blocking GC Explicit
08-04 12:31:15.588 10100 10122 I art     : Explicit concurrent mark sweep GC freed 3(96B) AllocSpace objects, 0(0B) LOS objects, 29% free, 37MB/53MB, paused 1.075ms total 37.849ms
08-04 12:31:15.599 10100 10122 I art     : Starting a blocking GC Explicit
08-04 12:31:15.637 10100 10122 I art     : Explicit concurrent mark sweep GC freed 3(96B) AllocSpace objects, 0(0B) LOS objects, 29% free, 37MB/53MB, paused 1.119ms total 38.030ms
08-04 12:31:15.670 13866 13882 I PeriodicStatsRunner: PeriodicStatsRunner.call():175 call()
08-04 12:31:15.671 13866 13882 I PeriodicStatsRunner: PeriodicStatsRunner.call():179 No submit PeriodicStats since input started.
08-04 12:31:15.936 10100 10112 I art     : Starting a blocking GC Explicit
08-04 12:31:15.987 10100 10112 I art     : Explicit concurrent mark sweep GC freed 1372(80KB) AllocSpace objects, 1(20KB) LOS objects, 29% free, 37MB/53MB, paused 1.087ms total 49.892ms
08-04 12:31:16.000 10100 10112 I art     : Starting a blocking GC Explicit
08-04 12:31:16.039 10100 10112 I art     : Explicit concurrent mark sweep GC freed 23(752B) AllocSpace objects, 0(0B) LOS objects, 29% free, 37MB/53MB, paused 1.067ms total 38.497ms
08-04 12:31:16.050 10100 10112 I art     : Starting a blocking GC Explicit
08-04 12:31:16.088 10100 10112 I art     : Explicit concurrent mark sweep GC freed 3(96B) AllocSpace objects, 0(0B) LOS objects, 29% free, 37MB/53MB, paused 1.070ms total 38.023ms
08-04 12:31:16.099 10100 10112 I art     : Starting a blocking GC Explicit
08-04 12:31:16.139 10100 10112 I art     : Explicit concurrent mark sweep GC freed 8(256B) AllocSpace objects, 0(0B) LOS objects, 29% free, 37MB/53MB, paused 1.026ms total 39.815ms
08-04 12:31:16.153 10100 10112 I art     : Starting a blocking GC Explicit
08-04 12:31:16.186 10100 10112 I art     : Explicit concurrent mark sweep GC freed 8(256B) AllocSpace objects, 0(0B) LOS objects, 29% free, 37MB/53MB, paused 1.048ms total 33.050ms
08-04 12:31:16.511 10100 10112 I art     : Starting a blocking GC Explicit
08-04 12:31:16.558 10100 10112 I art     : Explicit concurrent mark sweep GC freed 2123(103KB) AllocSpace objects, 1(20KB) LOS objects, 29% free, 37MB/53MB, paused 1.128ms total 46.803ms
08-04 12:31:16.574 10100 10112 I art     : Starting a blocking GC Explicit
08-04 12:31:16.612 10100 10112 I art     : Explicit concurrent mark sweep GC freed 23(752B) AllocSpace objects, 0(0B) LOS objects, 29% free, 37MB/53MB, paused 1.046ms total 37.607ms
08-04 12:31:16.623 10100 10112 I art     : Starting a blocking GC Explicit
08-04 12:31:16.661 10100 10112 I art     : Explicit concurrent mark sweep GC freed 3(96B) AllocSpace objects, 0(0B) LOS objects, 29% free, 37MB/53MB, paused 1.024ms total 37.974ms
08-04 12:31:16.672 10100 10112 I art     : Starting a blocking GC Explicit
08-04 12:31:16.711 10100 10112 I art     : Explicit concurrent mark sweep GC freed 3(96B) AllocSpace objects, 0(0B) LOS objects, 29% free, 37MB/53MB, paused 1.056ms total 38.370ms
08-04 12:31:16.722 10100 10112 I art     : Starting a blocking GC Explicit
08-04 12:31:16.761 10100 10112 I art     : Explicit concurrent mark sweep GC freed 3(96B) AllocSpace objects, 0(0B) LOS objects, 29% free, 37MB/53MB, paused 1.039ms total 38.489ms
08-04 12:31:17.105 10100 11030 I art     : Starting a blocking GC Explicit
08-04 12:31:17.164 10100 11030 I art     : Explicit concurrent mark sweep GC freed 2260(112KB) AllocSpace objects, 1(20KB) LOS objects, 29% free, 37MB/53MB, paused 1.213ms total 58.294ms
08-04 12:31:17.182 10100 11030 I art     : Starting a blocking GC Explicit
08-04 12:31:17.219 10100 11030 I art     : Explicit concurrent mark sweep GC freed 23(752B) AllocSpace objects, 0(0B) LOS objects, 29% free, 37MB/53MB, paused 1.067ms total 36.938ms
08-04 12:31:17.230 10100 11030 I art     : Starting a blocking GC Explicit
08-04 12:31:17.267 10100 11030 I art     : Explicit concurrent mark sweep GC freed 3(96B) AllocSpace objects, 0(0B) LOS objects, 29% free, 37MB/53MB, paused 1.153ms total 37.325ms
08-04 12:31:17.279 10100 11030 I art     : Starting a blocking GC Explicit
08-04 12:31:17.317 10100 11030 I art     : Explicit concurrent mark sweep GC freed 3(96B) AllocSpace objects, 0(0B) LOS objects, 29% free, 37MB/53MB, paused 1.036ms total 38.016ms
08-04 12:31:17.328 10100 11030 I art     : Starting a blocking GC Explicit
08-04 12:31:17.366 10100 11030 I art     : Explicit concurrent mark sweep GC freed 32(880B) AllocSpace objects, 0(0B) LOS objects, 29% free, 37MB/53MB, paused 1ms total 37.561ms
08-04 12:31:17.489 13866 13882 I PeriodicStatsRunner: PeriodicStatsRunner.call():175 call()
08-04 12:31:17.489 13866 13882 I PeriodicStatsRunner: PeriodicStatsRunner.call():179 No submit PeriodicStats since input started.
08-04 12:31:17.715 10100 11029 I art     : Starting a blocking GC Explicit
08-04 12:31:17.772 10100 11029 I art     : Explicit concurrent mark sweep GC freed 1374(81KB) AllocSpace objects, 1(20KB) LOS objects, 29% free, 37MB/53MB, paused 1.100ms total 56.006ms
08-04 12:31:17.788 10100 11029 I art     : Starting a blocking GC Explicit
08-04 12:31:17.825 10100 11029 I art     : Explicit concurrent mark sweep GC freed 23(752B) AllocSpace objects, 0(0B) LOS objects, 29% free, 37MB/53MB, paused 972us total 36.298ms
08-04 12:31:17.836 10100 11029 I art     : Starting a blocking GC Explicit
08-04 12:31:17.875 10100 11029 I art     : Explicit concurrent mark sweep GC freed 3(96B) AllocSpace objects, 0(0B) LOS objects, 29% free, 37MB/53MB, paused 1.034ms total 38.349ms
08-04 12:31:17.886 10100 11029 I art     : Starting a blocking GC Explicit
08-04 12:31:17.925 10100 11029 I art     : Explicit concurrent mark sweep GC freed 3(96B) AllocSpace objects, 0(0B) LOS objects, 29% free, 37MB/53MB, paused 1.028ms total 38.261ms
08-04 12:31:17.936  9378  9378 I ServiceManager: Waiting for service AtCmdFwd...
08-04 12:31:17.936 10100 11029 I art     : Starting a blocking GC Explicit
08-04 12:31:17.975 10100 11029 I art     : Explicit concurrent mark sweep GC freed 3(96B) AllocSpace objects, 0(0B) LOS objects, 29% free, 37MB/53MB, paused 1.033ms total 38.374ms
08-04 12:31:18.306 10100 10122 I art     : Starting a blocking GC Explicit
08-04 12:31:18.361 10100 10122 I art     : Explicit concurrent mark sweep GC freed 1401(83KB) AllocSpace objects, 1(20KB) LOS objects, 29% free, 37MB/53MB, paused 1.285ms total 54.343ms
08-04 12:31:18.375 10100 10122 I art     : Starting a blocking GC Explicit
08-04 12:31:18.413 10100 10122 I art     : Explicit concurrent mark sweep GC freed 24(784B) AllocSpace objects, 0(0B) LOS objects, 29% free, 37MB/53MB, paused 1.030ms total 37.588ms
08-04 12:31:18.424 10100 10122 I art     : Starting a blocking GC Explicit
08-04 12:31:18.461 10100 10122 I art     : Explicit concurrent mark sweep GC freed 3(96B) AllocSpace objects, 0(0B) LOS objects, 29% free, 37MB/53MB, paused 1.187ms total 37.211ms
08-04 12:31:18.473 10100 10122 I art     : Starting a blocking GC Explicit
08-04 12:31:18.508 10100 10122 I art     : Explicit concurrent mark sweep GC freed 3(96B) AllocSpace objects, 0(0B) LOS objects, 29% free, 37MB/53MB, paused 1.016ms total 34.993ms
08-04 12:31:18.518 10100 10122 I art     : Starting a blocking GC Explicit
08-04 12:31:18.551 10100 10122 I art     : Explicit concurrent mark sweep GC freed 3(96B) AllocSpace objects, 0(0B) LOS objects, 29% free, 37MB/53MB, paused 1.014ms total 33.113ms
08-04 12:31:18.869 10100 10113 I art     : Starting a blocking GC Explicit
08-04 12:31:18.872 12564 12564 D AndroidRuntime: >>>>>> START com.android.internal.os.RuntimeInit uid 2000 <<<<<<
08-04 12:31:18.878 12564 12564 D AndroidRuntime: CheckJNI is OFF
08-04 12:31:18.908 10100 10113 I art     : Explicit concurrent mark sweep GC freed 1372(80KB) AllocSpace objects, 1(20KB) LOS objects, 29% free, 37MB/53MB, paused 1.141ms total 39.054ms
08-04 12:31:18.914 12564 12564 D ICU     : No timezone override file found: /data/misc/zoneinfo/current/icu/icu_tzdata.dat
08-04 12:31:18.919 10100 10113 I art     : Starting a blocking GC Explicit
08-04 12:31:18.937  9378  9378 I ServiceManager: Waiting for service AtCmdFwd...
08-04 12:31:18.949 12564 12564 I Radio-JNI: register_android_hardware_Radio DONE
08-04 12:31:18.954 10100 10113 I art     : Explicit concurrent mark sweep GC freed 23(752B) AllocSpace objects, 0(0B) LOS objects, 29% free, 37MB/53MB, paused 1.074ms total 34.724ms
08-04 12:31:18.965 10100 10113 I art     : Starting a blocking GC Explicit
08-04 12:31:18.971 12564 12564 D AndroidRuntime: Calling main entry com.android.commands.input.Input
08-04 12:31:18.973 12564 12564 I Input   : injectMotionEvent: MotionEvent { action=ACTION_DOWN, actionButton=0, id[0]=0, x[0]=1363.0, y[0]=517.0, toolType[0]=TOOL_TYPE_UNKNOWN, buttonState=0, metaState=0, flags=0x0, edgeFlags=0x0, pointerCount=1, historySize=0, eventTime=707495386, downTime=707495386, deviceId=0, source=0x1002 }
08-04 12:31:18.980 12564 12564 I Input   : injectMotionEvent: MotionEvent { action=ACTION_UP, actionButton=0, id[0]=0, x[0]=1363.0, y[0]=517.0, toolType[0]=TOOL_TYPE_UNKNOWN, buttonState=0, metaState=0, flags=0x0, edgeFlags=0x0, pointerCount=1, historySize=0, eventTime=707495386, downTime=707495386, deviceId=0, source=0x1002 }
08-04 12:31:18.982 12564 12564 D AndroidRuntime: Shutting down VM
08-04 12:31:18.990   918  5481 I ActivityManager: START u0 {cmp=baseline.de.danoeh.antennapod.debug/baseline.de.danoeh.antennapod.activity.FeedSettingsActivity (has extras)} from uid 10670 on display 0
08-04 12:31:18.992   512  2967 D audio_hw_primary: out_set_parameters: enter: usecase(1: low-latency-playback) kvpairs: routing=2
08-04 12:31:18.999 10100 10113 I art     : Explicit concurrent mark sweep GC freed 13(4KB) AllocSpace objects, 0(0B) LOS objects, 29% free, 37MB/53MB, paused 1.430ms total 33.360ms
08-04 12:31:19.006   512  2967 D audio_hw_primary: select_devices: out_snd_device(2: speaker) in_snd_device(0: none)
08-04 12:31:19.006   512  2967 D msm8974_platform: platform_send_audio_calibration: sending audio calibration for snd_device(2) acdb_id(15)
08-04 12:31:19.006   512  2967 I soundtrigger: audio_extn_sound_trigger_update_device_status: device 0x2 of type 0 for Event 1
08-04 12:31:19.010 10100 10113 I art     : Starting a blocking GC Explicit
08-04 12:31:19.017   512  2967 D audio_hw_primary: enable_snd_device: snd_device(2: speaker)
08-04 12:31:19.019   512  2967 D audio_hw_primary: enable_audio_route: apply and update mixer path: low-latency-playback speaker
08-04 12:31:19.046 10100 10113 I art     : Explicit concurrent mark sweep GC freed 6417(305KB) AllocSpace objects, 0(0B) LOS objects, 29% free, 37MB/53MB, paused 1.764ms total 36.042ms
08-04 12:31:19.057 10100 10113 I art     : Starting a blocking GC Explicit
08-04 12:31:19.095 10100 10113 I art     : Explicit concurrent mark sweep GC freed 22572(935KB) AllocSpace objects, 0(0B) LOS objects, 29% free, 37MB/53MB, paused 1.410ms total 37.903ms
08-04 12:31:19.183 10100 10622 D DBReader: getFeed() called with: feedId = [2]
08-04 12:31:19.184 10100 10622 D DBReader: getFeedItemList() called with: feed = [baseline.de.danoeh.antennapod.core.feed.Feed@2]
08-04 12:31:19.265 10100 10622 W PodDBAdapter: Length of id array is larger than 800. Creating multiple cursors
08-04 12:31:19.307   918   936 I ActivityManager: Displayed baseline.de.danoeh.antennapod.debug/baseline.de.danoeh.antennapod.activity.FeedSettingsActivity: +306ms
08-04 12:31:19.309 13866 13866 I GoogleInputMethodServic: GoogleInputMethodService.onFinishInput():3138 
08-04 12:31:19.310 13866 13866 I GoogleInputMethodServic: GoogleInputMethodService.onStartInput():1808 
08-04 12:31:19.346 10100 10121 D OpenGLRenderer: endAllStagingAnimators on 0x7f7efd4400 (RippleDrawable) with handle 0x7f7a02f940
08-04 12:31:19.353 10100 11045 D ApOkHttpUrlLoader: buildLoadData() called with: model = [http://static.libsyn.com/p/assets/7/1/f/3/71f3014e14ef2722/JREiTunesImage2.jpg], width = [1440], height = [462]
08-04 12:31:19.357 13866 13866 I GoogleInputMethodServic: GoogleInputMethodService.onStartInput():1808 
08-04 12:31:19.359 13866 13866 W SessionManager: SessionManager.beginSession():53 Try to begin an already begun session [INPUT_SESSION], end it first
08-04 12:31:19.365 10100 10112 I art     : Starting a blocking GC Explicit
08-04 12:31:19.368 13866 13866 I ShortcutsDataManager: ShortcutsDataManager.onContentChanged():89 onContentChanged()
08-04 12:31:19.372 10100 10100 D FeedSettingsActivity: No filter set
08-04 12:31:19.379   918  6111 W IntentResolver: resolveIntent: multiple matches, only some with CATEGORY_DEFAULT
08-04 12:31:19.414 10100 10112 I art     : Explicit concurrent mark sweep GC freed 37288(1606KB) AllocSpace objects, 3(52KB) LOS objects, 27% free, 42MB/58MB, paused 1.160ms total 48.477ms
08-04 12:31:19.427 10100 10112 I art     : Starting a blocking GC Explicit
08-04 12:31:19.474 10100 10112 I art     : Explicit concurrent mark sweep GC freed 2753(164KB) AllocSpace objects, 0(0B) LOS objects, 27% free, 42MB/58MB, paused 1.148ms total 46.687ms
08-04 12:31:19.489 10100 10112 I art     : Starting a blocking GC Explicit
08-04 12:31:19.542 10100 10112 I art     : Explicit concurrent mark sweep GC freed 60(3KB) AllocSpace objects, 0(0B) LOS objects, 27% free, 42MB/58MB, paused 1.304ms total 52.433ms
08-04 12:31:19.549   512  2967 D audio_hw_primary: disable_audio_route: reset and update mixer path: low-latency-playback speaker
08-04 12:31:19.550   512  2967 D audio_hw_primary: disable_snd_device: snd_device(2: speaker)
08-04 12:31:19.557   380   380 W SurfaceFlinger: couldn't log to binary event log: overflow.
08-04 12:31:19.557 10100 10112 I art     : Starting a blocking GC Explicit
08-04 12:31:19.560   512  2967 I soundtrigger: audio_extn_sound_trigger_update_device_status: device 0x2 of type 0 for Event 0
08-04 12:31:19.605 10100 10112 I art     : Explicit concurrent mark sweep GC freed 46(2144B) AllocSpace objects, 0(0B) LOS objects, 27% free, 42MB/58MB, paused 1.118ms total 47.518ms
08-04 12:31:19.618 10100 10112 I art     : Starting a blocking GC Explicit
08-04 12:31:19.661 10100 10112 I art     : Explicit concurrent mark sweep GC freed 13(576B) AllocSpace objects, 0(0B) LOS objects, 27% free, 42MB/58MB, paused 1.029ms total 42.975ms
08-04 12:31:19.680 10100 10100 D PlaybackController: Releasing PlaybackController
08-04 12:31:19.725 13866 13882 I PeriodicStatsRunner: PeriodicStatsRunner.call():175 call()
08-04 12:31:19.725 13866 13882 I PeriodicStatsRunner: PeriodicStatsRunner.call():179 No submit PeriodicStats since input started.
08-04 12:31:19.937  9378  9378 I ServiceManager: Waiting for service AtCmdFwd...
08-04 12:31:19.975 10100 10112 I art     : Starting a blocking GC Explicit
08-04 12:31:20.026 10100 10112 I art     : Explicit concurrent mark sweep GC freed 1807(102KB) AllocSpace objects, 1(20KB) LOS objects, 27% free, 42MB/58MB, paused 1.147ms total 50.911ms
08-04 12:31:20.040 10100 10112 I art     : Starting a blocking GC Explicit
08-04 12:31:20.084 10100 10112 I art     : Explicit concurrent mark sweep GC freed 75(2448B) AllocSpace objects, 0(0B) LOS objects, 27% free, 42MB/58MB, paused 1.087ms total 43.701ms
08-04 12:31:20.098 10100 10112 I art     : Starting a blocking GC Explicit
08-04 12:31:20.147 10100 10112 I art     : Explicit concurrent mark sweep GC freed 3(96B) AllocSpace objects, 0(0B) LOS objects, 27% free, 42MB/58MB, paused 1.311ms total 49.268ms
08-04 12:31:20.161 10100 10112 I art     : Starting a blocking GC Explicit
08-04 12:31:20.210 10100 10112 I art     : Explicit concurrent mark sweep GC freed 3(96B) AllocSpace objects, 0(0B) LOS objects, 27% free, 42MB/58MB, paused 1.115ms total 48.954ms
08-04 12:31:20.224 10100 10112 I art     : Starting a blocking GC Explicit
08-04 12:31:20.274 10100 10112 I art     : Explicit concurrent mark sweep GC freed 3(96B) AllocSpace objects, 0(0B) LOS objects, 27% free, 42MB/58MB, paused 1.155ms total 50.083ms
08-04 12:31:20.595 10100 10113 I art     : Starting a blocking GC Explicit
08-04 12:31:20.660 10100 10113 I art     : Explicit concurrent mark sweep GC freed 1401(81KB) AllocSpace objects, 1(20KB) LOS objects, 27% free, 42MB/58MB, paused 1.242ms total 65.143ms
08-04 12:31:20.681 10100 10113 I art     : Starting a blocking GC Explicit
08-04 12:31:20.729 10100 10113 I art     : Explicit concurrent mark sweep GC freed 23(752B) AllocSpace objects, 0(0B) LOS objects, 27% free, 42MB/58MB, paused 1.148ms total 47.821ms
08-04 12:31:20.743 10100 10113 I art     : Starting a blocking GC Explicit
08-04 12:31:20.793 10100 10113 I art     : Explicit concurrent mark sweep GC freed 3(96B) AllocSpace objects, 0(0B) LOS objects, 27% free, 42MB/58MB, paused 1.238ms total 50.340ms
08-04 12:31:20.807 10100 10113 I art     : Starting a blocking GC Explicit
08-04 12:31:20.856 10100 10113 I art     : Explicit concurrent mark sweep GC freed 12(384B) AllocSpace objects, 0(0B) LOS objects, 27% free, 42MB/58MB, paused 1.130ms total 48.360ms
08-04 12:31:20.871 10100 10113 I art     : Starting a blocking GC Explicit
08-04 12:31:20.918 10100 10113 I art     : Explicit concurrent mark sweep GC freed 18(576B) AllocSpace objects, 0(0B) LOS objects, 27% free, 42MB/58MB, paused 1.267ms total 46.981ms
08-04 12:31:20.938  9378  9378 I ServiceManager: Waiting for service AtCmdFwd...
08-04 12:31:21.265 10100 10122 I art     : Starting a blocking GC Explicit
08-04 12:31:21.331 10100 10122 I art     : Explicit concurrent mark sweep GC freed 1405(81KB) AllocSpace objects, 1(20KB) LOS objects, 27% free, 42MB/58MB, paused 1.245ms total 65.239ms
08-04 12:31:21.350 10100 10122 I art     : Starting a blocking GC Explicit
08-04 12:31:21.398 10100 10122 I art     : Explicit concurrent mark sweep GC freed 52(1536B) AllocSpace objects, 0(0B) LOS objects, 27% free, 42MB/58MB, paused 1.123ms total 47.514ms
08-04 12:31:21.414 10100 10122 I art     : Starting a blocking GC Explicit
08-04 12:31:21.459 10100 10122 I art     : Explicit concurrent mark sweep GC freed 3(96B) AllocSpace objects, 0(0B) LOS objects, 27% free, 42MB/58MB, paused 1.121ms total 44.445ms
08-04 12:31:21.472 10100 10122 I art     : Starting a blocking GC Explicit
08-04 12:31:21.521 10100 10122 I art     : Explicit concurrent mark sweep GC freed 3(96B) AllocSpace objects, 0(0B) LOS objects, 27% free, 42MB/58MB, paused 1.192ms total 49.397ms
08-04 12:31:21.535 10100 10122 I art     : Starting a blocking GC Explicit
08-04 12:31:21.583 10100 10122 I art     : Explicit concurrent mark sweep GC freed 3(96B) AllocSpace objects, 0(0B) LOS objects, 27% free, 42MB/58MB, paused 1.125ms total 47.367ms
08-04 12:31:21.930 10100 10113 I art     : Starting a blocking GC Explicit
08-04 12:31:21.938  9378  9378 I ServiceManager: Waiting for service AtCmdFwd...
08-04 12:31:21.983 10100 10113 I art     : Explicit concurrent mark sweep GC freed 1373(82KB) AllocSpace objects, 1(20KB) LOS objects, 27% free, 42MB/58MB, paused 1.538ms total 53.135ms
08-04 12:31:21.998 10100 10113 I art     : Starting a blocking GC Explicit
08-04 12:31:22.046 10100 10113 I art     : Explicit concurrent mark sweep GC freed 23(752B) AllocSpace objects, 0(0B) LOS objects, 27% free, 42MB/58MB, paused 1.127ms total 47.086ms
08-04 12:31:22.059 10100 10113 I art     : Starting a blocking GC Explicit
08-04 12:31:22.107 10100 10113 I art     : Explicit concurrent mark sweep GC freed 3(96B) AllocSpace objects, 0(0B) LOS objects, 27% free, 42MB/58MB, paused 1.124ms total 47.823ms
08-04 12:31:22.120 10100 10113 I art     : Starting a blocking GC Explicit
08-04 12:31:22.168 10100 10113 I art     : Explicit concurrent mark sweep GC freed 3(96B) AllocSpace objects, 0(0B) LOS objects, 27% free, 42MB/58MB, paused 1.150ms total 47.696ms
08-04 12:31:22.181 10100 10113 I art     : Starting a blocking GC Explicit
08-04 12:31:22.232 10100 10113 I art     : Explicit concurrent mark sweep GC freed 3(96B) AllocSpace objects, 0(0B) LOS objects, 27% free, 42MB/58MB, paused 1.196ms total 50.471ms
08-04 12:31:22.298   918  3261 D WifiStateMachine: starting scan for "H369AA63323"WPA_PSK with 2412,5180
08-04 12:31:22.574 10100 11029 I art     : Starting a blocking GC Explicit
08-04 12:31:22.644 10100 11029 I art     : Explicit concurrent mark sweep GC freed 1402(82KB) AllocSpace objects, 1(20KB) LOS objects, 27% free, 42MB/58MB, paused 1.215ms total 69.699ms
08-04 12:31:22.660 10100 11029 I art     : Starting a blocking GC Explicit
08-04 12:31:22.711 10100 11029 I art     : Explicit concurrent mark sweep GC freed 23(752B) AllocSpace objects, 0(0B) LOS objects, 27% free, 42MB/58MB, paused 1.153ms total 50.461ms
08-04 12:31:22.725 10100 11029 I art     : Starting a blocking GC Explicit
08-04 12:31:22.776 10100 11029 I art     : Explicit concurrent mark sweep GC freed 3(96B) AllocSpace objects, 0(0B) LOS objects, 27% free, 42MB/58MB, paused 1.137ms total 50.937ms
08-04 12:31:22.790 10100 11029 I art     : Starting a blocking GC Explicit
08-04 12:31:22.840 10100 11029 I art     : Explicit concurrent mark sweep GC freed 3(96B) AllocSpace objects, 0(0B) LOS objects, 27% free, 42MB/58MB, paused 1.147ms total 49.457ms
08-04 12:31:22.854 10100 11029 I art     : Starting a blocking GC Explicit
08-04 12:31:22.903 10100 11029 I art     : Explicit concurrent mark sweep GC freed 3(96B) AllocSpace objects, 0(0B) LOS objects, 27% free, 42MB/58MB, paused 1.128ms total 49.352ms
08-04 12:31:22.939  9378  9378 W Atfwd_Sendcmd: AtCmdFwd service not published, waiting... retryCnt : 1
08-04 12:31:23.170   918  3188 I hubconnection: sensorhub said: 'set_bias 3: -6.2400, 0.0000, 0.0000'
08-04 12:31:23.241 10100 10112 I art     : Starting a blocking GC Explicit
08-04 12:31:23.290 10100 10112 I art     : Explicit concurrent mark sweep GC freed 2075(106KB) AllocSpace objects, 1(20KB) LOS objects, 27% free, 42MB/58MB, paused 1.176ms total 49.528ms
08-04 12:31:23.304 10100 10112 I art     : Starting a blocking GC Explicit
08-04 12:31:23.351 10100 10112 I art     : Explicit concurrent mark sweep GC freed 23(752B) AllocSpace objects, 0(0B) LOS objects, 27% free, 42MB/58MB, paused 1.105ms total 47.087ms
08-04 12:31:23.364 10100 10112 I art     : Starting a blocking GC Explicit
08-04 12:31:23.411 10100 10112 I art     : Explicit concurrent mark sweep GC freed 32(880B) AllocSpace objects, 0(0B) LOS objects, 27% free, 42MB/58MB, paused 1.079ms total 46.461ms
08-04 12:31:23.424 10100 10112 I art     : Starting a blocking GC Explicit
08-04 12:31:23.470 10100 10112 I art     : Explicit concurrent mark sweep GC freed 3(96B) AllocSpace objects, 0(0B) LOS objects, 27% free, 42MB/58MB, paused 1.122ms total 45.737ms
08-04 12:31:23.483 10100 10112 I art     : Starting a blocking GC Explicit
08-04 12:31:23.530 10100 10112 I art     : Explicit concurrent mark sweep GC freed 3(96B) AllocSpace objects, 0(0B) LOS objects, 27% free, 42MB/58MB, paused 1.104ms total 46.976ms
08-04 12:31:23.642 12667 12667 D AndroidRuntime: >>>>>> START com.android.internal.os.RuntimeInit uid 2000 <<<<<<
08-04 12:31:23.648 12667 12667 D AndroidRuntime: CheckJNI is OFF
08-04 12:31:23.685 12667 12667 D ICU     : No timezone override file found: /data/misc/zoneinfo/current/icu/icu_tzdata.dat
08-04 12:31:23.720 12667 12667 I Radio-JNI: register_android_hardware_Radio DONE
08-04 12:31:23.743 12667 12667 D AndroidRuntime: Calling main entry com.android.commands.input.Input
08-04 12:31:23.744 12667 12667 I Input   : injectKeyEvent: KeyEvent { action=ACTION_DOWN, keyCode=KEYCODE_BACK, scanCode=0, metaState=0, flags=0x0, repeatCount=0, eventTime=707500157, downTime=707500157, deviceId=-1, source=0x101 }
08-04 12:31:23.755 12667 12667 I Input   : injectKeyEvent: KeyEvent { action=ACTION_UP, keyCode=KEYCODE_BACK, scanCode=0, metaState=0, flags=0x0, repeatCount=0, eventTime=707500157, downTime=707500157, deviceId=-1, source=0x101 }
08-04 12:31:23.763 12667 12667 D AndroidRuntime: Shutting down VM
08-04 12:31:23.770 10100 10100 V PlaybackController: initServiceNotRunning()
08-04 12:31:23.770 10100 10100 D ExternalPlayerFragment: Loading media info
08-04 12:31:23.771 10100 10100 D ItemlistFragment: onEventMainThread() called with: event = [DownloadEvent{update=DownloaderUpdate{downloaders=[], feedIds=[], mediaIds=[]}}]
08-04 12:31:23.772 10100 11045 D ApOkHttpUrlLoader: buildLoadData() called with: model = [http://static.libsyn.com/p/assets/7/1/f/3/71f3014e14ef2722/JREiTunesImage2.jpg], width = [1440], height = [462]
08-04 12:31:23.774 10100 10100 D UserPreferences: Using default data folder
08-04 12:31:23.776 10100 10622 D DBReader: getNavDrawerData() called with: 
08-04 12:31:23.776 10100 10126 D DBReader: getFeed() called with: feedId = [2]
08-04 12:31:23.777 10100 10126 D DBReader: getFeedItemList() called with: feed = [baseline.de.danoeh.antennapod.core.feed.Feed@2]
08-04 12:31:23.785 10100 10100 D FeedMenuHandler: Preparing options menu
08-04 12:31:23.803 10100 10622 D DBReader: getDownloadedItems() called
08-04 12:31:23.804 10100 10622 D DBReader: getFavoriteIDList() called
08-04 12:31:23.805 10100 10622 D DBReader: getQueueIDList() called
08-04 12:31:23.805 10100 10622 D DBReader: Extracting Feedlist
08-04 12:31:23.836 10100 11029 I art     : Starting a blocking GC Explicit
08-04 12:31:23.850 13866 13866 I GoogleInputMethodServic: GoogleInputMethodService.onFinishInput():3138 
08-04 12:31:23.851 10100 10100 D MainActivity: getLastNavFragment() -> 2
08-04 12:31:23.851 13866 13866 I GoogleInputMethodServic: GoogleInputMethodService.onStartInput():1808 
08-04 12:31:23.851 13866 13866 I ShortcutsDataManager: AbstractContentDataManager.startImportContentTask():208 startImportContentTask()
08-04 12:31:23.852 13866 13938 I ShortcutsDataManager: AbstractContentDataManager$ImportContentTask.doInBackground():222 doInBackground()
08-04 12:31:23.852 13866 13938 I PersonalDictionaryDataH: PersonalDictionaryDataHandler.beginProcess():111 LanguageTags = [en-US]
08-04 12:31:23.859 10100 10126 W PodDBAdapter: Length of id array is larger than 800. Creating multiple cursors
08-04 12:31:23.865 13866 13938 I ShortcutsDataManager: AbstractContentDataManager.importRecords():312 importRecords() : Success : Count = 0
08-04 12:31:23.870 13866 13938 I ShortcutsDataManager: AbstractContentDataManager.importContentData():262 importContentData() : Ending import process
08-04 12:31:23.890 10100 11029 I art     : Explicit concurrent mark sweep GC freed 7887(467KB) AllocSpace objects, 2(36KB) LOS objects, 25% free, 46MB/62MB, paused 1.578ms total 53.718ms
08-04 12:31:23.898 13866 13938 I PersonalLanguageModelUp: PersonalLanguageModelUpdater$UpdateOperation.performInternal():160 run() : Added 0 words and 0 shortcuts
08-04 12:31:23.898 13866 13938 I DynamicLanguageModelOpe: DynamicLanguageModelOperation.perform():37 perform() : 4 : coc : Completed
08-04 12:31:23.898 13866 13950 I Delight5Decoder: Delight5DecoderWrapper.loadLanguageModel():578 loadLanguageModel() : 4, version [n/a]
08-04 12:31:23.898 13866 13866 I ShortcutsDataManager: AbstractContentDataManager$ImportContentTask.onPostExecute():233 onPostExecute() : Result = [2,0]
08-04 12:31:23.899 13866 13866 I ShortcutsDataManager: ShortcutsDataManager.onImportFinished():99 onImportFinished() : Result = 2 : Count = 0
08-04 12:31:23.899 13866 13950 I Delight5Decoder: Delight5DecoderWrapper.loadLanguageModel():616 Loaded dynamic LM 4.en
08-04 12:31:23.903 10100 11029 I art     : Starting a blocking GC Explicit
08-04 12:31:23.927 10100 10126 D DBReader: getFavoriteIDList() called
08-04 12:31:23.928 10100 10126 D DBReader: getQueueIDList() called
08-04 12:31:23.929 10100 10126 D DBReader: Extracting Feedlist
08-04 12:31:23.932 10100 11045 D ApOkHttpUrlLoader: buildLoadData() called with: model = [http://static.libsyn.com/p/assets/7/1/f/3/71f3014e14ef2722/JREiTunesImage2.jpg], width = [1440], height = [462]
08-04 12:31:23.949 10100 11029 I art     : Explicit concurrent mark sweep GC freed 33406(2MB) AllocSpace objects, 0(0B) LOS objects, 25% free, 47MB/63MB, paused 1.367ms total 45.384ms
08-04 12:31:23.954 10100 10100 D FeedMenuHandler: Preparing options menu
08-04 12:31:23.961 10100 11029 I art     : Starting a blocking GC Explicit
08-04 12:31:24.004 10100 11029 I art     : Explicit concurrent mark sweep GC freed 2931(123KB) AllocSpace objects, 1(16KB) LOS objects, 25% free, 47MB/63MB, paused 1.025ms total 42.981ms
08-04 12:31:24.017 10100 11029 I art     : Starting a blocking GC Explicit
08-04 12:31:24.064 10100 11029 I art     : Explicit concurrent mark sweep GC freed 1041(75KB) AllocSpace objects, 0(0B) LOS objects, 25% free, 47MB/63MB, paused 995us total 46.849ms
08-04 12:31:24.080 10100 11029 I art     : Starting a blocking GC Explicit
08-04 12:31:24.127   380   380 W SurfaceFlinger: couldn't log to binary event log: overflow.
08-04 12:31:24.134 10100 11029 I art     : Explicit concurrent mark sweep GC freed 5(160B) AllocSpace objects, 0(0B) LOS objects, 25% free, 47MB/63MB, paused 1.331ms total 53.429ms
08-04 12:31:24.311 13866 13882 I PeriodicStatsRunner: PeriodicStatsRunner.call():175 call()
08-04 12:31:24.311 13866 13882 I PeriodicStatsRunner: PeriodicStatsRunner.call():179 No submit PeriodicStats since input started.
08-04 12:31:24.436 10100 10122 I art     : Starting a blocking GC Explicit
08-04 12:31:24.488 10100 10122 I art     : Explicit concurrent mark sweep GC freed 2077(110KB) AllocSpace objects, 1(20KB) LOS objects, 25% free, 47MB/63MB, paused 1.188ms total 51.789ms
08-04 12:31:24.501 10100 10122 I art     : Starting a blocking GC Explicit
08-04 12:31:24.545 10100 10122 I art     : Explicit concurrent mark sweep GC freed 34795(2MB) AllocSpace objects, 44(2MB) LOS objects, 27% free, 42MB/58MB, paused 1.127ms total 43.565ms
08-04 12:31:24.557 10100 10122 I art     : Starting a blocking GC Explicit
08-04 12:31:24.596 10100 10122 I art     : Explicit concurrent mark sweep GC freed 3(96B) AllocSpace objects, 0(0B) LOS objects, 27% free, 42MB/58MB, paused 1.114ms total 38.750ms
08-04 12:31:24.608 10100 10122 I art     : Starting a blocking GC Explicit
08-04 12:31:24.646 10100 10122 I art     : Explicit concurrent mark sweep GC freed 3(96B) AllocSpace objects, 0(0B) LOS objects, 27% free, 42MB/58MB, paused 1.149ms total 38.580ms
08-04 12:31:24.658 10100 10122 I art     : Starting a blocking GC Explicit
08-04 12:31:24.697 10100 10122 I art     : Explicit concurrent mark sweep GC freed 3(96B) AllocSpace objects, 0(0B) LOS objects, 27% free, 42MB/58MB, paused 1.253ms total 39.099ms
08-04 12:31:24.996 10100 11030 I art     : Starting a blocking GC Explicit
08-04 12:31:25.037 10100 11030 I art     : Explicit concurrent mark sweep GC freed 1374(81KB) AllocSpace objects, 1(20KB) LOS objects, 27% free, 42MB/58MB, paused 1.577ms total 40.528ms
08-04 12:31:25.048 10100 11030 I art     : Starting a blocking GC Explicit
08-04 12:31:25.085 10100 11030 I art     : Explicit concurrent mark sweep GC freed 23(752B) AllocSpace objects, 0(0B) LOS objects, 27% free, 42MB/58MB, paused 1.106ms total 36.809ms
08-04 12:31:25.096 10100 11030 I art     : Starting a blocking GC Explicit
08-04 12:31:25.132 10100 11030 I art     : Explicit concurrent mark sweep GC freed 3(96B) AllocSpace objects, 0(0B) LOS objects, 27% free, 42MB/58MB, paused 1.111ms total 35.894ms
08-04 12:31:25.143 10100 11030 I art     : Starting a blocking GC Explicit
08-04 12:31:25.181 10100 11030 I art     : Explicit concurrent mark sweep GC freed 3(96B) AllocSpace objects, 0(0B) LOS objects, 27% free, 42MB/58MB, paused 1.120ms total 37.304ms
08-04 12:31:25.192 10100 11030 I art     : Starting a blocking GC Explicit
08-04 12:31:25.228 10100 11030 I art     : Explicit concurrent mark sweep GC freed 3(96B) AllocSpace objects, 0(0B) LOS objects, 27% free, 42MB/58MB, paused 1.152ms total 36.539ms
08-04 12:31:25.414 12710 12710 D AndroidRuntime: >>>>>> START com.android.internal.os.RuntimeInit uid 2000 <<<<<<
08-04 12:31:25.419 12710 12710 D AndroidRuntime: CheckJNI is OFF
08-04 12:31:25.449 12710 12710 D ICU     : No timezone override file found: /data/misc/zoneinfo/current/icu/icu_tzdata.dat
08-04 12:31:25.480 12710 12710 I Radio-JNI: register_android_hardware_Radio DONE
08-04 12:31:25.502 12710 12710 D AndroidRuntime: Calling main entry com.android.commands.input.Input
08-04 12:31:25.504 12710 12710 I Input   : injectMotionEvent: MotionEvent { action=ACTION_DOWN, actionButton=0, id[0]=0, x[0]=1372.0, y[0]=384.0, toolType[0]=TOOL_TYPE_UNKNOWN, buttonState=0, metaState=0, flags=0x0, edgeFlags=0x0, pointerCount=1, historySize=0, eventTime=707501917, downTime=707501917, deviceId=0, source=0x1002 }
08-04 12:31:25.509 12710 12710 I Input   : injectMotionEvent: MotionEvent { action=ACTION_UP, actionButton=0, id[0]=0, x[0]=1372.0, y[0]=384.0, toolType[0]=TOOL_TYPE_UNKNOWN, buttonState=0, metaState=0, flags=0x0, edgeFlags=0x0, pointerCount=1, historySize=0, eventTime=707501917, downTime=707501917, deviceId=0, source=0x1002 }
08-04 12:31:25.510 12710 12710 D AndroidRuntime: Shutting down VM
08-04 12:31:25.515 10100 11029 I art     : Starting a blocking GC Explicit
08-04 12:31:25.515   918  5132 I ActivityManager: START u0 {cmp=baseline.de.danoeh.antennapod.debug/baseline.de.danoeh.antennapod.activity.FeedInfoActivity (has extras)} from uid 10670 on display 0
08-04 12:31:25.516   512  2967 D audio_hw_primary: out_set_parameters: enter: usecase(1: low-latency-playback) kvpairs: routing=2
08-04 12:31:25.529   512  2967 D audio_hw_primary: select_devices: out_snd_device(2: speaker) in_snd_device(0: none)
08-04 12:31:25.529   512  2967 D msm8974_platform: platform_send_audio_calibration: sending audio calibration for snd_device(2) acdb_id(15)
08-04 12:31:25.530   512  2967 I soundtrigger: audio_extn_sound_trigger_update_device_status: device 0x2 of type 0 for Event 1
08-04 12:31:25.541   512  2967 D audio_hw_primary: enable_snd_device: snd_device(2: speaker)
08-04 12:31:25.543   512  2967 D audio_hw_primary: enable_audio_route: apply and update mixer path: low-latency-playback speaker
08-04 12:31:25.553 10100 11029 I art     : Explicit concurrent mark sweep GC freed 1793(112KB) AllocSpace objects, 1(20KB) LOS objects, 27% free, 42MB/58MB, paused 1.534ms total 38.432ms
08-04 12:31:25.564 10100 11029 I art     : Starting a blocking GC Explicit
08-04 12:31:25.573 10100 10120 D DBReader: getFeed() called with: feedId = [2]
08-04 12:31:25.574 10100 10120 D DBReader: getFeedItemList() called with: feed = [baseline.de.danoeh.antennapod.core.feed.Feed@2]
08-04 12:31:25.581 10100 10100 D androidx.gridlayout.widget.GridLayout: horizontal constraints: x2-x0>=1328, x2-x1<=0, x1-x0<=242 are inconsistent; permanently removing: x2-x1<=0. 
08-04 12:31:25.582 10100 10100 D androidx.gridlayout.widget.GridLayout: vertical constraints: y3-y2>=80, y3-y2<=66, y2-y1<=94, y1-y0<=94 are inconsistent; permanently removing: y3-y2<=66. 
08-04 12:31:25.600 10100 11029 I art     : Explicit concurrent mark sweep GC freed 2897(137KB) AllocSpace objects, 0(0B) LOS objects, 26% free, 43MB/59MB, paused 1.536ms total 36.008ms
08-04 12:31:25.611 10100 11029 I art     : Starting a blocking GC Explicit
08-04 12:31:25.644   918   936 I ActivityManager: Displayed baseline.de.danoeh.antennapod.debug/baseline.de.danoeh.antennapod.activity.FeedInfoActivity: +112ms
08-04 12:31:25.644 13866 13866 I GoogleInputMethodServic: GoogleInputMethodService.onFinishInput():3138 
08-04 12:31:25.645 13866 13866 I GoogleInputMethodServic: GoogleInputMethodService.onStartInput():1808 
08-04 12:31:25.653 10100 10120 W PodDBAdapter: Length of id array is larger than 800. Creating multiple cursors
08-04 12:31:25.654 10100 11029 I art     : Explicit concurrent mark sweep GC freed 3273(115KB) AllocSpace objects, 0(0B) LOS objects, 26% free, 44MB/60MB, paused 1.706ms total 42.701ms
08-04 12:31:25.666 10100 11029 I art     : Starting a blocking GC Explicit
08-04 12:31:25.668 10100 10121 D OpenGLRenderer: endAllStagingAnimators on 0x7f7efd4000 (RippleDrawable) with handle 0x7f7a021840
08-04 12:31:25.707 10100 11029 I art     : Explicit concurrent mark sweep GC freed 299(121KB) AllocSpace objects, 1(16KB) LOS objects, 26% free, 44MB/60MB, paused 1.288ms total 41.029ms
08-04 12:31:25.719 10100 11029 I art     : Starting a blocking GC Explicit
08-04 12:31:25.720 10100 10100 D FeedInfoActivity: Language is en
08-04 12:31:25.720 10100 10100 D FeedInfoActivity: Author is Joe Rogan
08-04 12:31:25.720 10100 10100 D FeedInfoActivity: URL is http://joeroganexp.joerogan.libsynpro.com/rss
08-04 12:31:25.726 10100 11045 D ApOkHttpUrlLoader: buildLoadData() called with: model = [http://static.libsyn.com/p/assets/7/1/f/3/71f3014e14ef2722/JREiTunesImage2.jpg], width = [1440], height = [462]
08-04 12:31:25.734   918  5132 W IntentResolver: resolveIntent: multiple matches, only some with CATEGORY_DEFAULT
08-04 12:31:25.740 10100 10100 D androidx.gridlayout.widget.GridLayout: horizontal constraints: x2-x0>=1328, x2-x1<=232, x1-x0<=242 are inconsistent; permanently removing: x2-x1<=232. 
08-04 12:31:25.740 10100 10100 D androidx.gridlayout.widget.GridLayout: vertical constraints: y3-y2>=80, y3-y2<=66, y2-y1<=94, y1-y0<=94 are inconsistent; permanently removing: y3-y2<=66. 
08-04 12:31:25.761 10100 11029 I art     : Explicit concurrent mark sweep GC freed 7475(195KB) AllocSpace objects, 1(16KB) LOS objects, 25% free, 47MB/63MB, paused 1.135ms total 41.886ms
08-04 12:31:25.881   380   380 W SurfaceFlinger: couldn't log to binary event log: overflow.
08-04 12:31:26.025 10100 11029 I art     : Starting a blocking GC Explicit
08-04 12:31:26.025 10100 10100 D PlaybackController: Releasing PlaybackController
08-04 12:31:26.078 10100 11029 I art     : Explicit concurrent mark sweep GC freed 2041(123KB) AllocSpace objects, 1(20KB) LOS objects, 25% free, 47MB/63MB, paused 1.259ms total 53.183ms
08-04 12:31:26.079   512  2967 D audio_hw_primary: disable_audio_route: reset and update mixer path: low-latency-playback speaker
08-04 12:31:26.080   512  2967 D audio_hw_primary: disable_snd_device: snd_device(2: speaker)
08-04 12:31:26.088   512  2967 I soundtrigger: audio_extn_sound_trigger_update_device_status: device 0x2 of type 0 for Event 0
08-04 12:31:26.091 10100 11029 I art     : Starting a blocking GC Explicit
08-04 12:31:26.138 10100 11029 I art     : Explicit concurrent mark sweep GC freed 71(2928B) AllocSpace objects, 0(0B) LOS objects, 25% free, 47MB/63MB, paused 1.121ms total 46.973ms
08-04 12:31:26.151 10100 11029 I art     : Starting a blocking GC Explicit
08-04 12:31:26.198 10100 11029 I art     : Explicit concurrent mark sweep GC freed 19(640B) AllocSpace objects, 0(0B) LOS objects, 25% free, 47MB/63MB, paused 1.172ms total 47.100ms
08-04 12:31:26.211 10100 11029 I art     : Starting a blocking GC Explicit
08-04 12:31:26.260 10100 11029 I art     : Explicit concurrent mark sweep GC freed 3(96B) AllocSpace objects, 0(0B) LOS objects, 25% free, 47MB/63MB, paused 1.124ms total 48.497ms
08-04 12:31:26.273 10100 11029 I art     : Starting a blocking GC Explicit
08-04 12:31:26.323 10100 11029 I art     : Explicit concurrent mark sweep GC freed 3(96B) AllocSpace objects, 0(0B) LOS objects, 25% free, 47MB/63MB, paused 1.142ms total 49.077ms
08-04 12:31:26.642 10100 10113 I art     : Starting a blocking GC Explicit
08-04 12:31:26.711 10100 10113 I art     : Explicit concurrent mark sweep GC freed 1401(81KB) AllocSpace objects, 1(20KB) LOS objects, 25% free, 47MB/63MB, paused 1.281ms total 69.104ms
08-04 12:31:26.727 10100 10113 I art     : Starting a blocking GC Explicit
08-04 12:31:26.777 10100 10113 I art     : Explicit concurrent mark sweep GC freed 23(752B) AllocSpace objects, 0(0B) LOS objects, 25% free, 47MB/63MB, paused 1.103ms total 49.324ms
08-04 12:31:26.790 10100 10113 I art     : Starting a blocking GC Explicit
08-04 12:31:26.840 10100 10113 I art     : Explicit concurrent mark sweep GC freed 3(96B) AllocSpace objects, 0(0B) LOS objects, 25% free, 47MB/63MB, paused 1.093ms total 49.737ms
08-04 12:31:26.854 10100 10113 I art     : Starting a blocking GC Explicit
08-04 12:31:26.901 10100 10113 I art     : Explicit concurrent mark sweep GC freed 3(96B) AllocSpace objects, 0(0B) LOS objects, 25% free, 47MB/63MB, paused 1.104ms total 47.286ms
08-04 12:31:26.914 10100 10113 I art     : Starting a blocking GC Explicit
08-04 12:31:26.964 10100 10113 I art     : Explicit concurrent mark sweep GC freed 3(96B) AllocSpace objects, 0(0B) LOS objects, 25% free, 47MB/63MB, paused 1.222ms total 48.988ms
08-04 12:31:27.279 10100 11030 I art     : Starting a blocking GC Explicit
08-04 12:31:27.330 10100 11030 I art     : Explicit concurrent mark sweep GC freed 1386(80KB) AllocSpace objects, 1(20KB) LOS objects, 25% free, 47MB/63MB, paused 1.117ms total 50.600ms
08-04 12:31:27.345 10100 11030 I art     : Starting a blocking GC Explicit
08-04 12:31:27.392 10100 11030 I art     : Explicit concurrent mark sweep GC freed 60(1792B) AllocSpace objects, 0(0B) LOS objects, 25% free, 47MB/63MB, paused 1.082ms total 46.826ms
08-04 12:31:27.405 10100 11030 I art     : Starting a blocking GC Explicit
08-04 12:31:27.451 10100 11030 I art     : Explicit concurrent mark sweep GC freed 8(256B) AllocSpace objects, 0(0B) LOS objects, 25% free, 47MB/63MB, paused 994us total 45.968ms
08-04 12:31:27.465 10100 11030 I art     : Starting a blocking GC Explicit
08-04 12:31:27.510 10100 11030 I art     : Explicit concurrent mark sweep GC freed 3(96B) AllocSpace objects, 0(0B) LOS objects, 25% free, 47MB/63MB, paused 1.104ms total 44.943ms
08-04 12:31:27.522 10100 11030 I art     : Starting a blocking GC Explicit
08-04 12:31:27.570 10100 11030 I art     : Explicit concurrent mark sweep GC freed 3(96B) AllocSpace objects, 0(0B) LOS objects, 25% free, 47MB/63MB, paused 1.127ms total 47.858ms
08-04 12:31:27.906 10100 11029 I art     : Starting a blocking GC Explicit
08-04 12:31:27.939  9378  9378 I ServiceManager: Waiting for service AtCmdFwd...
08-04 12:31:27.975 10100 11029 I art     : Explicit concurrent mark sweep GC freed 1373(82KB) AllocSpace objects, 1(20KB) LOS objects, 25% free, 47MB/63MB, paused 1.297ms total 68.552ms
08-04 12:31:27.990 10100 11029 I art     : Starting a blocking GC Explicit
08-04 12:31:28.039 10100 11029 I art     : Explicit concurrent mark sweep GC freed 23(752B) AllocSpace objects, 0(0B) LOS objects, 25% free, 47MB/63MB, paused 1.148ms total 48.973ms
08-04 12:31:28.053 10100 11029 I art     : Starting a blocking GC Explicit
08-04 12:31:28.100 10100 11029 I art     : Explicit concurrent mark sweep GC freed 3(96B) AllocSpace objects, 0(0B) LOS objects, 25% free, 47MB/63MB, paused 1.121ms total 47.665ms
08-04 12:31:28.114 10100 11029 I art     : Starting a blocking GC Explicit
08-04 12:31:28.162 10100 11029 I art     : Explicit concurrent mark sweep GC freed 3(96B) AllocSpace objects, 0(0B) LOS objects, 25% free, 47MB/63MB, paused 1.054ms total 48.233ms
08-04 12:31:28.175 10100 11029 I art     : Starting a blocking GC Explicit
08-04 12:31:28.225 10100 11029 I art     : Explicit concurrent mark sweep GC freed 3(96B) AllocSpace objects, 0(0B) LOS objects, 25% free, 47MB/63MB, paused 1.139ms total 49.214ms
08-04 12:31:28.577 10100 10113 I art     : Starting a blocking GC Explicit
08-04 12:31:28.641 10100 10113 I art     : Explicit concurrent mark sweep GC freed 1402(82KB) AllocSpace objects, 1(20KB) LOS objects, 25% free, 47MB/63MB, paused 1.226ms total 63.972ms
08-04 12:31:28.661 10100 10113 I art     : Starting a blocking GC Explicit
08-04 12:31:28.708 10100 10113 I art     : Explicit concurrent mark sweep GC freed 23(752B) AllocSpace objects, 0(0B) LOS objects, 25% free, 47MB/63MB, paused 1.164ms total 46.843ms
08-04 12:31:28.722 10100 10113 I art     : Starting a blocking GC Explicit
08-04 12:31:28.771 10100 10113 I art     : Explicit concurrent mark sweep GC freed 3(96B) AllocSpace objects, 0(0B) LOS objects, 25% free, 47MB/63MB, paused 1.134ms total 49.424ms
08-04 12:31:28.785 10100 10113 I art     : Starting a blocking GC Explicit
08-04 12:31:28.833 10100 10113 I art     : Explicit concurrent mark sweep GC freed 3(96B) AllocSpace objects, 0(0B) LOS objects, 25% free, 47MB/63MB, paused 1.106ms total 47.753ms
08-04 12:31:28.846 10100 10113 I art     : Starting a blocking GC Explicit
08-04 12:31:28.851 13866 13882 I PeriodicStatsRunner: PeriodicStatsRunner.call():175 call()
08-04 12:31:28.851 13866 13882 I PeriodicStatsRunner: PeriodicStatsRunner.call():179 No submit PeriodicStats since input started.
08-04 12:31:28.894 10100 10113 I art     : Explicit concurrent mark sweep GC freed 3(96B) AllocSpace objects, 0(0B) LOS objects, 25% free, 47MB/63MB, paused 1.081ms total 48.305ms
08-04 12:31:28.940  9378  9378 I ServiceManager: Waiting for service AtCmdFwd...
08-04 12:31:29.247 10100 10122 I art     : Starting a blocking GC Explicit
08-04 12:31:29.290 10100 10122 I art     : Explicit concurrent mark sweep GC freed 2075(106KB) AllocSpace objects, 1(20KB) LOS objects, 25% free, 47MB/63MB, paused 1.010ms total 42.056ms
08-04 12:31:29.302 10100 10122 I art     : Starting a blocking GC Explicit
08-04 12:31:29.342 10100 10122 I art     : Explicit concurrent mark sweep GC freed 23(752B) AllocSpace objects, 0(0B) LOS objects, 25% free, 47MB/63MB, paused 1.094ms total 39.927ms
08-04 12:31:29.353 10100 10122 I art     : Starting a blocking GC Explicit
08-04 12:31:29.393 10100 10122 I art     : Explicit concurrent mark sweep GC freed 32(880B) AllocSpace objects, 0(0B) LOS objects, 25% free, 47MB/63MB, paused 1.028ms total 39.668ms
08-04 12:31:29.405 10100 10122 I art     : Starting a blocking GC Explicit
08-04 12:31:29.448 10100 10122 I art     : Explicit concurrent mark sweep GC freed 3(96B) AllocSpace objects, 0(0B) LOS objects, 25% free, 47MB/63MB, paused 1.115ms total 42.606ms
08-04 12:31:29.460 10100 10122 I art     : Starting a blocking GC Explicit
08-04 12:31:29.507 10100 10122 I art     : Explicit concurrent mark sweep GC freed 7(256B) AllocSpace objects, 0(0B) LOS objects, 25% free, 47MB/63MB, paused 1.120ms total 46.838ms
08-04 12:31:29.834 10100 11030 I art     : Starting a blocking GC Explicit
08-04 12:31:29.875 10100 11030 I art     : Explicit concurrent mark sweep GC freed 2261(112KB) AllocSpace objects, 1(20KB) LOS objects, 25% free, 47MB/63MB, paused 1.047ms total 41.124ms
08-04 12:31:29.888 10100 11030 I art     : Starting a blocking GC Explicit
08-04 12:31:29.933 10100 11030 I art     : Explicit concurrent mark sweep GC freed 105(3KB) AllocSpace objects, 0(0B) LOS objects, 25% free, 47MB/63MB, paused 1.099ms total 44.821ms
08-04 12:31:29.941  9378  9378 I ServiceManager: Waiting for service AtCmdFwd...
08-04 12:31:29.945 10100 11030 I art     : Starting a blocking GC Explicit
08-04 12:31:29.990 10100 11030 I art     : Explicit concurrent mark sweep GC freed 3(96B) AllocSpace objects, 0(0B) LOS objects, 25% free, 47MB/63MB, paused 1.079ms total 44.787ms
08-04 12:31:30.003 10100 11030 I art     : Starting a blocking GC Explicit
08-04 12:31:30.048 10100 11030 I art     : Explicit concurrent mark sweep GC freed 3(96B) AllocSpace objects, 0(0B) LOS objects, 25% free, 47MB/63MB, paused 1.168ms total 44.828ms
08-04 12:31:30.061 10100 11030 I art     : Starting a blocking GC Explicit
08-04 12:31:30.106 10100 11030 I art     : Explicit concurrent mark sweep GC freed 3(96B) AllocSpace objects, 0(0B) LOS objects, 25% free, 47MB/63MB, paused 1.117ms total 45.022ms
08-04 12:31:30.170 12800 12800 D AndroidRuntime: >>>>>> START com.android.internal.os.RuntimeInit uid 2000 <<<<<<
08-04 12:31:30.175 12800 12800 D AndroidRuntime: CheckJNI is OFF
08-04 12:31:30.209 12800 12800 D ICU     : No timezone override file found: /data/misc/zoneinfo/current/icu/icu_tzdata.dat
08-04 12:31:30.245 12800 12800 I Radio-JNI: register_android_hardware_Radio DONE
08-04 12:31:30.270 12800 12800 D AndroidRuntime: Calling main entry com.android.commands.input.Input
08-04 12:31:30.272 12800 12800 I Input   : injectKeyEvent: KeyEvent { action=ACTION_DOWN, keyCode=KEYCODE_BACK, scanCode=0, metaState=0, flags=0x0, repeatCount=0, eventTime=707506685, downTime=707506685, deviceId=-1, source=0x101 }
08-04 12:31:30.283 12800 12800 I Input   : injectKeyEvent: KeyEvent { action=ACTION_UP, keyCode=KEYCODE_BACK, scanCode=0, metaState=0, flags=0x0, repeatCount=0, eventTime=707506685, downTime=707506685, deviceId=-1, source=0x101 }
08-04 12:31:30.290 12800 12800 D AndroidRuntime: Shutting down VM
08-04 12:31:30.296 10100 10100 V PlaybackController: initServiceNotRunning()
08-04 12:31:30.297 10100 10100 D ExternalPlayerFragment: Loading media info
08-04 12:31:30.298 10100 10100 D ItemlistFragment: onEventMainThread() called with: event = [DownloadEvent{update=DownloaderUpdate{downloaders=[], feedIds=[], mediaIds=[]}}]
08-04 12:31:30.299 10100 11045 D ApOkHttpUrlLoader: buildLoadData() called with: model = [http://static.libsyn.com/p/assets/7/1/f/3/71f3014e14ef2722/JREiTunesImage2.jpg], width = [1440], height = [462]
08-04 12:31:30.301 10100 10100 D UserPreferences: Using default data folder
08-04 12:31:30.302 10100 10120 D DBReader: getNavDrawerData() called with: 
08-04 12:31:30.302 10100 10622 D DBReader: getFeed() called with: feedId = [2]
08-04 12:31:30.303 10100 10622 D DBReader: getFeedItemList() called with: feed = [baseline.de.danoeh.antennapod.core.feed.Feed@2]
08-04 12:31:30.316 10100 10100 D FeedMenuHandler: Preparing options menu
08-04 12:31:30.330 10100 10120 D DBReader: getDownloadedItems() called
08-04 12:31:30.331 10100 10120 D DBReader: getFavoriteIDList() called
08-04 12:31:30.331 10100 10120 D DBReader: getQueueIDList() called
08-04 12:31:30.332 10100 10120 D DBReader: Extracting Feedlist
08-04 12:31:30.354 13866 13866 I GoogleInputMethodServic: GoogleInputMethodService.onFinishInput():3138 
08-04 12:31:30.354 10100 10100 D MainActivity: getLastNavFragment() -> 2
08-04 12:31:30.354 13866 13866 I GoogleInputMethodServic: GoogleInputMethodService.onStartInput():1808 
08-04 12:31:30.383 10100 10622 W PodDBAdapter: Length of id array is larger than 800. Creating multiple cursors
08-04 12:31:30.417 10100 10113 I art     : Starting a blocking GC Explicit
08-04 12:31:30.448 10100 10622 D DBReader: getFavoriteIDList() called
08-04 12:31:30.449 10100 10622 D DBReader: getQueueIDList() called
08-04 12:31:30.450 10100 10622 D DBReader: Extracting Feedlist
08-04 12:31:30.452 10100 11045 D ApOkHttpUrlLoader: buildLoadData() called with: model = [http://static.libsyn.com/p/assets/7/1/f/3/71f3014e14ef2722/JREiTunesImage2.jpg], width = [1440], height = [462]
08-04 12:31:30.465 10100 10113 I art     : Explicit concurrent mark sweep GC freed 12292(543KB) AllocSpace objects, 2(36KB) LOS objects, 22% free, 54MB/70MB, paused 1.287ms total 47.974ms
08-04 12:31:30.479 10100 10113 I art     : Starting a blocking GC Explicit
08-04 12:31:30.480 10100 10100 D FeedMenuHandler: Preparing options menu
08-04 12:31:30.522 10100 10113 I art     : Explicit concurrent mark sweep GC freed 30843(2MB) AllocSpace objects, 1(16KB) LOS objects, 23% free, 52MB/68MB, paused 1.060ms total 43.218ms
08-04 12:31:30.534 10100 10113 I art     : Starting a blocking GC Explicit
08-04 12:31:30.575 10100 10113 I art     : Explicit concurrent mark sweep GC freed 1224(84KB) AllocSpace objects, 0(0B) LOS objects, 23% free, 52MB/68MB, paused 1.009ms total 40.503ms
08-04 12:31:30.587 10100 10113 I art     : Starting a blocking GC Explicit
08-04 12:31:30.628 10100 10113 I art     : Explicit concurrent mark sweep GC freed 23(1248B) AllocSpace objects, 0(0B) LOS objects, 23% free, 52MB/68MB, paused 1.013ms total 40.933ms
08-04 12:31:30.640 10100 10113 I art     : Starting a blocking GC Explicit
08-04 12:31:30.645 13866 13882 I PeriodicStatsRunner: PeriodicStatsRunner.call():175 call()
08-04 12:31:30.645 13866 13882 I PeriodicStatsRunner: PeriodicStatsRunner.call():179 No submit PeriodicStats since input started.
08-04 12:31:30.682 10100 10113 I art     : Explicit concurrent mark sweep GC freed 3(96B) AllocSpace objects, 0(0B) LOS objects, 23% free, 52MB/68MB, paused 1.073ms total 41.118ms
08-04 12:31:30.686   380   380 W SurfaceFlinger: couldn't log to binary event log: overflow.
08-04 12:31:30.941  9378  9378 I ServiceManager: Waiting for service AtCmdFwd...
08-04 12:31:30.977 10100 11030 I art     : Starting a blocking GC Explicit
08-04 12:31:31.038 10100 11030 I art     : Explicit concurrent mark sweep GC freed 2024(109KB) AllocSpace objects, 1(20KB) LOS objects, 23% free, 52MB/68MB, paused 1.231ms total 61.155ms
08-04 12:31:31.056 10100 11030 I art     : Starting a blocking GC Explicit
08-04 12:31:31.098 10100 11030 I art     : Explicit concurrent mark sweep GC freed 29265(2MB) AllocSpace objects, 3(84KB) LOS objects, 24% free, 50MB/66MB, paused 1.118ms total 41.277ms
08-04 12:31:31.110 10100 11030 I art     : Starting a blocking GC Explicit
08-04 12:31:31.149 10100 11030 I art     : Explicit concurrent mark sweep GC freed 3(96B) AllocSpace objects, 0(0B) LOS objects, 24% free, 50MB/66MB, paused 1.146ms total 38.810ms
08-04 12:31:31.160 10100 11030 I art     : Starting a blocking GC Explicit
08-04 12:31:31.199 10100 11030 I art     : Explicit concurrent mark sweep GC freed 3(96B) AllocSpace objects, 0(0B) LOS objects, 24% free, 50MB/66MB, paused 1.134ms total 38.397ms
08-04 12:31:31.210 10100 11030 I art     : Starting a blocking GC Explicit
08-04 12:31:31.249 10100 11030 I art     : Explicit concurrent mark sweep GC freed 3(96B) AllocSpace objects, 0(0B) LOS objects, 24% free, 50MB/66MB, paused 1.136ms total 38.676ms
08-04 12:31:31.565 10100 11029 I art     : Starting a blocking GC Explicit
08-04 12:31:31.605 10100 11029 I art     : Explicit concurrent mark sweep GC freed 1403(82KB) AllocSpace objects, 1(20KB) LOS objects, 24% free, 50MB/66MB, paused 1.146ms total 39.201ms
08-04 12:31:31.616 10100 11029 I art     : Starting a blocking GC Explicit
08-04 12:31:31.653 10100 11029 I art     : Explicit concurrent mark sweep GC freed 23(752B) AllocSpace objects, 0(0B) LOS objects, 24% free, 50MB/66MB, paused 1.130ms total 36.853ms
08-04 12:31:31.664 10100 11029 I art     : Starting a blocking GC Explicit
08-04 12:31:31.702 10100 11029 I art     : Explicit concurrent mark sweep GC freed 3(96B) AllocSpace objects, 0(0B) LOS objects, 24% free, 50MB/66MB, paused 1.176ms total 37.245ms
08-04 12:31:31.713 10100 11029 I art     : Starting a blocking GC Explicit
08-04 12:31:31.749 10100 11029 I art     : Explicit concurrent mark sweep GC freed 3(96B) AllocSpace objects, 0(0B) LOS objects, 24% free, 50MB/66MB, paused 1.166ms total 36.407ms
08-04 12:31:31.750 10100 10111 I art     : WaitForGcToComplete blocked for 36.635ms for cause HeapTrim
08-04 12:31:31.761 10100 11029 I art     : Starting a blocking GC Explicit
08-04 12:31:31.798 10100 11029 I art     : Explicit concurrent mark sweep GC freed 3(96B) AllocSpace objects, 0(0B) LOS objects, 24% free, 50MB/66MB, paused 1.195ms total 36.943ms
08-04 12:31:31.942  9378  9378 I ServiceManager: Waiting for service AtCmdFwd...
08-04 12:31:31.952 12850 12850 D AndroidRuntime: >>>>>> START com.android.internal.os.RuntimeInit uid 2000 <<<<<<
08-04 12:31:31.964 12850 12850 D AndroidRuntime: CheckJNI is OFF
08-04 12:31:31.998 12850 12850 D ICU     : No timezone override file found: /data/misc/zoneinfo/current/icu/icu_tzdata.dat
08-04 12:31:32.029 12850 12850 I Radio-JNI: register_android_hardware_Radio DONE
08-04 12:31:32.050 12850 12850 D AndroidRuntime: Calling main entry com.android.commands.input.Input
08-04 12:31:32.051 12850 12850 I Input   : injectMotionEvent: MotionEvent { action=ACTION_DOWN, actionButton=0, id[0]=0, x[0]=733.0, y[0]=896.0, toolType[0]=TOOL_TYPE_UNKNOWN, buttonState=0, metaState=0, flags=0x0, edgeFlags=0x0, pointerCount=1, historySize=0, eventTime=707508464, downTime=707508464, deviceId=0, source=0x1002 }
08-04 12:31:32.056 12850 12850 I Input   : injectMotionEvent: MotionEvent { action=ACTION_UP, actionButton=0, id[0]=0, x[0]=733.0, y[0]=896.0, toolType[0]=TOOL_TYPE_UNKNOWN, buttonState=0, metaState=0, flags=0x0, edgeFlags=0x0, pointerCount=1, historySize=0, eventTime=707508464, downTime=707508464, deviceId=0, source=0x1002 }
08-04 12:31:32.057 12850 12850 D AndroidRuntime: Shutting down VM
08-04 12:31:32.104 10100 10113 I art     : Starting a blocking GC Explicit
08-04 12:31:32.139   512  2967 D audio_hw_primary: out_set_parameters: enter: usecase(1: low-latency-playback) kvpairs: routing=2
08-04 12:31:32.145 10100 10113 I art     : Explicit concurrent mark sweep GC freed 1445(85KB) AllocSpace objects, 1(20KB) LOS objects, 24% free, 50MB/66MB, paused 1.260ms total 41.660ms
08-04 12:31:32.152   512  2967 D audio_hw_primary: select_devices: out_snd_device(2: speaker) in_snd_device(0: none)
08-04 12:31:32.152   512  2967 D msm8974_platform: platform_send_audio_calibration: sending audio calibration for snd_device(2) acdb_id(15)
08-04 12:31:32.152   512  2967 I soundtrigger: audio_extn_sound_trigger_update_device_status: device 0x2 of type 0 for Event 1
08-04 12:31:32.157 10100 10113 I art     : Starting a blocking GC Explicit
08-04 12:31:32.172   512  2967 D audio_hw_primary: enable_snd_device: snd_device(2: speaker)
08-04 12:31:32.174   512  2967 D audio_hw_primary: enable_audio_route: apply and update mixer path: low-latency-playback speaker
08-04 12:31:32.176 10100 10100 I WebViewFactory: Loading com.google.android.webview version 84.0.4147.89 (code 414708953)
08-04 12:31:32.200 10100 10113 I art     : Explicit concurrent mark sweep GC freed 976(59KB) AllocSpace objects, 0(0B) LOS objects, 24% free, 50MB/66MB, paused 1.723ms total 42.672ms
08-04 12:31:32.215 10100 10113 I art     : Starting a blocking GC Explicit
08-04 12:31:32.252 10100 10113 I art     : Explicit concurrent mark sweep GC freed 3378(296KB) AllocSpace objects, 1(20KB) LOS objects, 23% free, 51MB/67MB, paused 1.782ms total 37.344ms
08-04 12:31:32.254 10100 10100 I cr_LibraryLoader: Loaded native library version number "84.0.4147.89"
08-04 12:31:32.255 10100 10100 I cr_CachingUmaRecorder: Flushed 5 samples from 5 histograms.
08-04 12:31:32.263 10100 10113 I art     : Starting a blocking GC Explicit
08-04 12:31:32.290 10100 10100 E chromium: [ERROR:filesystem_posix.cc(62)] mkdir /data/user/0/baseline.de.danoeh.antennapod.debug/cache/WebView/Crashpad: No such file or directory (2)
08-04 12:31:32.302 10100 10113 I art     : Explicit concurrent mark sweep GC freed 1482(194KB) AllocSpace objects, 1(20KB) LOS objects, 23% free, 51MB/67MB, paused 2.110ms total 38.694ms
08-04 12:31:32.314 10100 10113 I art     : Starting a blocking GC Explicit
08-04 12:31:32.361 10100 10113 I art     : Explicit concurrent mark sweep GC freed 1102(84KB) AllocSpace objects, 0(0B) LOS objects, 23% free, 51MB/67MB, paused 2.745ms total 46.947ms
08-04 12:31:32.376   918  4413 D ConnectivityService: listenForNetwork for Listen from uid/pid:10670/10100 for NetworkRequest [ id=2651, legacyType=-1, [ Capabilities: INTERNET&NOT_RESTRICTED&TRUSTED] ]
08-04 12:31:32.408 10100 10126 D DBReader: getFeedItem() called with: itemId = [2]
08-04 12:31:32.408 10100 10126 D DBReader: Loading feeditem with id 2
08-04 12:31:32.409 10100 10100 D ItemFragment: onEventMainThread() called with: event = [DownloadEvent{update=DownloaderUpdate{downloaders=[], feedIds=[], mediaIds=[]}}]
08-04 12:31:32.411 10100 10126 D DBReader: getFavoriteIDList() called
08-04 12:31:32.411 10100 10126 D DBReader: getQueueIDList() called
08-04 12:31:32.412 10100 10126 D DBReader: Extracting Feedlist
08-04 12:31:32.413 13866 13866 I GoogleInputMethodServic: GoogleInputMethodService.onFinishInput():3138 
08-04 12:31:32.414 13866 13866 I GoogleInputMethodServic: GoogleInputMethodService.onStartInput():1808 
08-04 12:31:32.418 10100 10126 D DBReader: loadExtraInformationOfFeedItem() called with: item = [FeedItem[autoDownload=1,chapters=<null>,contentEncoded=<null>,description=<null>,feed=baseline.de.danoeh.antennapod.core.feed.Feed@fbcfb57,feedId=2,flattrStatus=baseline.de.danoeh.antennapod.core.util.flattr.FlattrStatus@455b644,hasChapters=false,imageUrl=http://static.libsyn.com/p/assets/2/7/8/6/278615fe73b1f0ca/JRE1514.jpg,itemIdentifier=a0870b6b-c887-4883-930c-a06d5e1a8f7e,link=http://traffic.libsyn.com/joeroganexp/p1514.mp3,media=baseline.de.danoeh.antennapod.core.feed.FeedMedia@29f832d,paymentLink=<null>,pubDate=Fri Jul 24 21:00:00 GMT+02:00 2020,state=-1,tags=[],title=#1514 - Joe De Sena,id=2]]
08-04 12:31:32.421 10100 10100 E libEGL  : validate_display:255 error 3008 (EGL_BAD_DISPLAY)
08-04 12:31:32.474   918   935 D BluetoothManagerService: Added callback: android.bluetooth.IBluetoothManagerCallback$Stub$Proxy@a6682:true
08-04 12:31:32.482 10100 11045 D ApOkHttpUrlLoader: buildLoadData() called with: model = [http://static.libsyn.com/p/assets/2/7/8/6/278615fe73b1f0ca/JRE1514.jpg], width = [175], height = [175]
08-04 12:31:32.483 10100 10845 D DBReader: getImageAuthentication() called with: imageUrl = [http://static.libsyn.com/p/assets/2/7/8/6/278615fe73b1f0ca/JRE1514.jpg]
08-04 12:31:32.489 10100 10845 D ApOkHttpUrlLoader: no credentials for 'http://static.libsyn.com/p/assets/2/7/8/6/278615fe73b1f0ca/JRE1514.jpg'
08-04 12:31:32.561 10100 10845 D MYTAG   : interceptor 2a
08-04 12:31:32.561 10100 10845 I NAPPA_EXPERIMENTATION: MetricNetworkRequestExecutionTime: REQUEST_DURATION_SYSTEM='72',REQUEST_DURATION_OKHTTP='71',REQUEST_SYNCHRONOUS='TRUE',RESPONSE_CODE='200',RESPONSE_METHOD='GET',RESPONSE_LENGTH_OKHTTP='364960',RESPONSE_LENGTH_HEADER='364960',REQUEST_PROTOCOL='http/1.1',REQUEST_URL='http://static.libsyn.com/p/assets/2/7/8/6/278615fe73b1f0ca/JRE1514.jpg',
08-04 12:31:32.662 10100 10122 I art     : Starting a blocking GC Explicit
08-04 12:31:32.703 10100 10122 I art     : Explicit concurrent mark sweep GC freed 7307(531KB) AllocSpace objects, 2(88KB) LOS objects, 23% free, 52MB/68MB, paused 1.288ms total 40.654ms
08-04 12:31:32.714 10100 10122 I art     : Starting a blocking GC Explicit
08-04 12:31:32.718   512  2967 D audio_hw_primary: disable_audio_route: reset and update mixer path: low-latency-playback speaker
08-04 12:31:32.719   512  2967 D audio_hw_primary: disable_snd_device: snd_device(2: speaker)
08-04 12:31:32.729   512  2967 I soundtrigger: audio_extn_sound_trigger_update_device_status: device 0x2 of type 0 for Event 0
08-04 12:31:32.752 10100 10122 I art     : Explicit concurrent mark sweep GC freed 1313(73KB) AllocSpace objects, 4(112KB) LOS objects, 23% free, 51MB/67MB, paused 1.763ms total 38.645ms
08-04 12:31:32.763 10100 10122 I art     : Starting a blocking GC Explicit
08-04 12:31:32.802 10100 10122 I art     : Explicit concurrent mark sweep GC freed 108(15KB) AllocSpace objects, 0(0B) LOS objects, 23% free, 52MB/68MB, paused 1.218ms total 38.544ms
08-04 12:31:32.813 10100 10122 I art     : Starting a blocking GC Explicit
08-04 12:31:32.851 10100 10122 I art     : Explicit concurrent mark sweep GC freed 104(3KB) AllocSpace objects, 0(0B) LOS objects, 23% free, 51MB/67MB, paused 1.146ms total 37.996ms
08-04 12:31:32.862 10100 10122 I art     : Starting a blocking GC Explicit
08-04 12:31:32.900 10100 10122 I art     : Explicit concurrent mark sweep GC freed 11(368B) AllocSpace objects, 0(0B) LOS objects, 23% free, 51MB/67MB, paused 1.149ms total 37.401ms
08-04 12:31:32.942  9378  9378 W Atfwd_Sendcmd: AtCmdFwd service not published, waiting... retryCnt : 2
08-04 12:31:33.235 10100 11029 I art     : Starting a blocking GC Explicit
08-04 12:31:33.282 10100 11029 I art     : Explicit concurrent mark sweep GC freed 1427(82KB) AllocSpace objects, 1(20KB) LOS objects, 23% free, 52MB/68MB, paused 1.694ms total 46.588ms
08-04 12:31:33.295 10100 11029 I art     : Starting a blocking GC Explicit
08-04 12:31:33.337 10100 11029 I art     : Explicit concurrent mark sweep GC freed 29(944B) AllocSpace objects, 0(0B) LOS objects, 23% free, 51MB/67MB, paused 1.299ms total 42.388ms
08-04 12:31:33.351 10100 11029 I art     : Starting a blocking GC Explicit
08-04 12:31:33.394 10100 11029 I art     : Explicit concurrent mark sweep GC freed 40(1136B) AllocSpace objects, 0(0B) LOS objects, 23% free, 51MB/67MB, paused 1.100ms total 42.914ms
08-04 12:31:33.407 10100 11029 I art     : Starting a blocking GC Explicit
08-04 12:31:33.448 10100 11029 I art     : Explicit concurrent mark sweep GC freed 9(288B) AllocSpace objects, 0(0B) LOS objects, 23% free, 51MB/67MB, paused 1.396ms total 41.188ms
08-04 12:31:33.460 10100 11029 I art     : Starting a blocking GC Explicit
08-04 12:31:33.502 10100 11029 I art     : Explicit concurrent mark sweep GC freed 9(288B) AllocSpace objects, 0(0B) LOS objects, 23% free, 51MB/67MB, paused 1.210ms total 41.918ms
08-04 12:31:33.681   518   646 I ThermalEngine: ACTION: GPU - Setting GPU[0] to 450000000
08-04 12:31:33.872 10100 11030 I art     : Starting a blocking GC Explicit
08-04 12:31:33.930 10100 11030 I art     : Explicit concurrent mark sweep GC freed 1433(82KB) AllocSpace objects, 1(20KB) LOS objects, 23% free, 52MB/68MB, paused 1.567ms total 57.615ms
08-04 12:31:33.947 10100 11030 I art     : Starting a blocking GC Explicit
08-04 12:31:34.002 10100 11030 I art     : Explicit concurrent mark sweep GC freed 31(1008B) AllocSpace objects, 0(0B) LOS objects, 23% free, 51MB/67MB, paused 1.703ms total 55.235ms
08-04 12:31:34.017 10100 11030 I art     : Starting a blocking GC Explicit
08-04 12:31:34.070 10100 11030 I art     : Explicit concurrent mark sweep GC freed 15(480B) AllocSpace objects, 0(0B) LOS objects, 23% free, 51MB/67MB, paused 1.856ms total 51.908ms
08-04 12:31:34.085 10100 11030 I art     : Starting a blocking GC Explicit
08-04 12:31:34.142 10100 11030 I art     : Explicit concurrent mark sweep GC freed 19(608B) AllocSpace objects, 0(0B) LOS objects, 23% free, 51MB/67MB, paused 1.741ms total 55.979ms
08-04 12:31:34.158 10100 11030 I art     : Starting a blocking GC Explicit
08-04 12:31:34.211 10100 11030 I art     : Explicit concurrent mark sweep GC freed 24(768B) AllocSpace objects, 0(0B) LOS objects, 23% free, 51MB/67MB, paused 1.480ms total 53.575ms
08-04 12:31:34.607 10100 10122 I art     : Starting a blocking GC Explicit
08-04 12:31:34.677 10100 10122 I art     : Explicit concurrent mark sweep GC freed 1428(82KB) AllocSpace objects, 1(20KB) LOS objects, 23% free, 51MB/67MB, paused 1.813ms total 70.076ms
08-04 12:31:34.697 10100 10122 I art     : Starting a blocking GC Explicit
08-04 12:31:34.756 10100 10122 I art     : Explicit concurrent mark sweep GC freed 23(752B) AllocSpace objects, 0(0B) LOS objects, 23% free, 51MB/67MB, paused 1.670ms total 57.801ms
08-04 12:31:34.775 10100 10122 I art     : Starting a blocking GC Explicit
08-04 12:31:34.832 10100 10122 I art     : Explicit concurrent mark sweep GC freed 3(96B) AllocSpace objects, 0(0B) LOS objects, 23% free, 51MB/67MB, paused 1.652ms total 56.729ms
08-04 12:31:34.848 10100 10122 I art     : Starting a blocking GC Explicit
08-04 12:31:34.905 10100 10122 I art     : Explicit concurrent mark sweep GC freed 3(96B) AllocSpace objects, 0(0B) LOS objects, 23% free, 51MB/67MB, paused 1.631ms total 56.033ms
08-04 12:31:34.920 10100 10122 I art     : Starting a blocking GC Explicit
08-04 12:31:34.979 10100 10122 I art     : Explicit concurrent mark sweep GC freed 3(96B) AllocSpace objects, 0(0B) LOS objects, 23% free, 51MB/67MB, paused 1.745ms total 58.906ms
08-04 12:31:35.355 13866 13882 I PeriodicStatsRunner: PeriodicStatsRunner.call():175 call()
08-04 12:31:35.355 13866 13882 I PeriodicStatsRunner: PeriodicStatsRunner.call():179 No submit PeriodicStats since input started.
08-04 12:31:35.366 10100 10112 I art     : Starting a blocking GC Explicit
08-04 12:31:35.435 10100 10112 I art     : Explicit concurrent mark sweep GC freed 1411(82KB) AllocSpace objects, 1(20KB) LOS objects, 23% free, 51MB/67MB, paused 1.753ms total 67.826ms
08-04 12:31:35.452 10100 10112 I art     : Starting a blocking GC Explicit
08-04 12:31:35.510 10100 10112 I art     : Explicit concurrent mark sweep GC freed 23(752B) AllocSpace objects, 0(0B) LOS objects, 23% free, 51MB/67MB, paused 1.729ms total 57.860ms
08-04 12:31:35.526 10100 10112 I art     : Starting a blocking GC Explicit
08-04 12:31:35.586 10100 10112 I art     : Explicit concurrent mark sweep GC freed 3(96B) AllocSpace objects, 0(0B) LOS objects, 23% free, 51MB/67MB, paused 1.626ms total 59.186ms
08-04 12:31:35.606 10100 10112 I art     : Starting a blocking GC Explicit
08-04 12:31:35.664 10100 10112 I art     : Explicit concurrent mark sweep GC freed 3(96B) AllocSpace objects, 0(0B) LOS objects, 23% free, 51MB/67MB, paused 1.679ms total 58.173ms
08-04 12:31:35.683 10100 10112 I art     : Starting a blocking GC Explicit
08-04 12:31:35.742 10100 10112 I art     : Explicit concurrent mark sweep GC freed 3(96B) AllocSpace objects, 0(0B) LOS objects, 23% free, 51MB/67MB, paused 1.647ms total 58.854ms
08-04 12:31:36.139 10100 11030 I art     : Starting a blocking GC Explicit
08-04 12:31:36.210 10100 11030 I art     : Explicit concurrent mark sweep GC freed 1382(81KB) AllocSpace objects, 1(20KB) LOS objects, 23% free, 51MB/67MB, paused 1.902ms total 70.278ms
08-04 12:31:36.229 10100 11030 I art     : Starting a blocking GC Explicit
08-04 12:31:36.286 10100 11030 I art     : Explicit concurrent mark sweep GC freed 23(752B) AllocSpace objects, 0(0B) LOS objects, 23% free, 51MB/67MB, paused 1.562ms total 56.728ms
08-04 12:31:36.301 10100 11030 I art     : Starting a blocking GC Explicit
08-04 12:31:36.351 10100 11030 I art     : Explicit concurrent mark sweep GC freed 3(96B) AllocSpace objects, 0(0B) LOS objects, 23% free, 51MB/67MB, paused 1.633ms total 50.139ms
08-04 12:31:36.366 10100 11030 I art     : Starting a blocking GC Explicit
08-04 12:31:36.415 10100 11030 I art     : Explicit concurrent mark sweep GC freed 32(880B) AllocSpace objects, 0(0B) LOS objects, 23% free, 51MB/67MB, paused 1.599ms total 48.711ms
08-04 12:31:36.430 10100 11030 I art     : Starting a blocking GC Explicit
08-04 12:31:36.483 10100 11030 I art     : Explicit concurrent mark sweep GC freed 3(96B) AllocSpace objects, 0(0B) LOS objects, 23% free, 51MB/67MB, paused 1.666ms total 53.300ms
08-04 12:31:36.684   518   646 I ThermalEngine: ACTION: GPU - Setting GPU[0] to 510000000
08-04 12:31:36.826 12971 12971 D AndroidRuntime: >>>>>> START com.android.internal.os.RuntimeInit uid 2000 <<<<<<
08-04 12:31:36.831 12971 12971 D AndroidRuntime: CheckJNI is OFF
08-04 12:31:36.831 10100 10113 I art     : Starting a blocking GC Explicit
08-04 12:31:36.867 12971 12971 D ICU     : No timezone override file found: /data/misc/zoneinfo/current/icu/icu_tzdata.dat
08-04 12:31:36.874 10100 10113 I art     : Explicit concurrent mark sweep GC freed 1382(83KB) AllocSpace objects, 1(20KB) LOS objects, 23% free, 51MB/67MB, paused 1.181ms total 42.782ms
08-04 12:31:36.886 10100 10113 I art     : Starting a blocking GC Explicit
08-04 12:31:36.903 12971 12971 I Radio-JNI: register_android_hardware_Radio DONE
08-04 12:31:36.924 12971 12971 D AndroidRuntime: Calling main entry com.android.commands.input.Input
08-04 12:31:36.925 10100 10113 I art     : Explicit concurrent mark sweep GC freed 23(752B) AllocSpace objects, 0(0B) LOS objects, 23% free, 51MB/67MB, paused 1.254ms total 39.140ms
08-04 12:31:36.927 12971 12971 I Input   : injectKeyEvent: KeyEvent { action=ACTION_DOWN, keyCode=KEYCODE_BACK, scanCode=0, metaState=0, flags=0x0, repeatCount=0, eventTime=707513340, downTime=707513340, deviceId=-1, source=0x101 }
08-04 12:31:36.932 12971 12971 I Input   : injectKeyEvent: KeyEvent { action=ACTION_UP, keyCode=KEYCODE_BACK, scanCode=0, metaState=0, flags=0x0, repeatCount=0, eventTime=707513340, downTime=707513340, deviceId=-1, source=0x101 }
08-04 12:31:36.936 10100 10113 I art     : Starting a blocking GC Explicit
08-04 12:31:36.948 10100 10100 D ItemlistFragment: onEventMainThread() called with: event = [DownloadEvent{update=DownloaderUpdate{downloaders=[], feedIds=[], mediaIds=[]}}]
08-04 12:31:36.949 10100 10120 D DBReader: getFeed() called with: feedId = [2]
08-04 12:31:36.950 12971 12971 D AndroidRuntime: Shutting down VM
08-04 12:31:36.950 10100 10120 D DBReader: getFeedItemList() called with: feed = [baseline.de.danoeh.antennapod.core.feed.Feed@2]
08-04 12:31:36.951   918  3263 D ConnectivityService: releasing NetworkRequest NetworkRequest [ id=2651, legacyType=-1, [ Capabilities: INTERNET&NOT_RESTRICTED&TRUSTED] ]
08-04 12:31:36.971 10100 10100 D FeedMenuHandler: Preparing options menu
08-04 12:31:36.979 10100 10113 I art     : Explicit concurrent mark sweep GC freed 2537(107KB) AllocSpace objects, 0(0B) LOS objects, 23% free, 52MB/68MB, paused 2.178ms total 43.077ms
08-04 12:31:36.990 10100 10113 I art     : Starting a blocking GC Explicit
08-04 12:31:37.020 10100 11045 D ApOkHttpUrlLoader: buildLoadData() called with: model = [http://static.libsyn.com/p/assets/7/1/f/3/71f3014e14ef2722/JREiTunesImage2.jpg], width = [1440], height = [462]
08-04 12:31:37.036 10100 10113 I art     : Explicit concurrent mark sweep GC freed 2913(153KB) AllocSpace objects, 0(0B) LOS objects, 22% free, 56MB/72MB, paused 2.124ms total 45.477ms
08-04 12:31:37.037 10100 10120 W PodDBAdapter: Length of id array is larger than 800. Creating multiple cursors
08-04 12:31:37.039 13866 13866 I GoogleInputMethodServic: GoogleInputMethodService.onFinishInput():3138 
08-04 12:31:37.040 13866 13866 I GoogleInputMethodServic: GoogleInputMethodService.onStartInput():1808 
08-04 12:31:37.049 10100 10113 I art     : Starting a blocking GC Explicit
08-04 12:31:37.093 10100 10113 I art     : Explicit concurrent mark sweep GC freed 6633(456KB) AllocSpace objects, 7(3MB) LOS objects, 23% free, 53MB/69MB, paused 1.408ms total 43.637ms
08-04 12:31:37.107 10100 10120 D DBReader: getFavoriteIDList() called
08-04 12:31:37.108 10100 10120 D DBReader: getQueueIDList() called
08-04 12:31:37.109 10100 10120 D DBReader: Extracting Feedlist
08-04 12:31:37.111 10100 11045 D ApOkHttpUrlLoader: buildLoadData() called with: model = [http://static.libsyn.com/p/assets/7/1/f/3/71f3014e14ef2722/JREiTunesImage2.jpg], width = [1440], height = [462]
08-04 12:31:37.132 10100 10100 D FeedMenuHandler: Preparing options menu
08-04 12:31:37.385 10100 10112 I art     : Starting a blocking GC Explicit
08-04 12:31:37.414 13866 13882 I PeriodicStatsRunner: PeriodicStatsRunner.call():175 call()
08-04 12:31:37.414 13866 13882 I PeriodicStatsRunner: PeriodicStatsRunner.call():179 No submit PeriodicStats since input started.
08-04 12:31:37.445 10100 10112 I art     : Explicit concurrent mark sweep GC freed 36202(2MB) AllocSpace objects, 2(36KB) LOS objects, 22% free, 54MB/70MB, paused 1.523ms total 59.625ms
08-04 12:31:37.458 10100 10112 I art     : Starting a blocking GC Explicit
08-04 12:31:37.495 10100 10112 I art     : Explicit concurrent mark sweep GC freed 1202(79KB) AllocSpace objects, 0(0B) LOS objects, 22% free, 54MB/70MB, paused 1.160ms total 36.636ms
08-04 12:31:37.505 10100 10112 I art     : Starting a blocking GC Explicit
08-04 12:31:37.546 10100 10112 I art     : Explicit concurrent mark sweep GC freed 3(96B) AllocSpace objects, 0(0B) LOS objects, 22% free, 54MB/70MB, paused 1.247ms total 40.714ms
08-04 12:31:37.558 10100 10112 I art     : Starting a blocking GC Explicit
08-04 12:31:37.601 10100 10112 I art     : Explicit concurrent mark sweep GC freed 5(176B) AllocSpace objects, 0(0B) LOS objects, 22% free, 54MB/70MB, paused 1.254ms total 43.050ms
08-04 12:31:37.613 10100 10112 I art     : Starting a blocking GC Explicit
08-04 12:31:37.657 10100 10112 I art     : Explicit concurrent mark sweep GC freed 3(96B) AllocSpace objects, 0(0B) LOS objects, 22% free, 54MB/70MB, paused 1.362ms total 43.947ms
08-04 12:31:37.990 10100 10113 I art     : Starting a blocking GC Explicit
08-04 12:31:38.045 10100 10113 I art     : Explicit concurrent mark sweep GC freed 1421(85KB) AllocSpace objects, 1(20KB) LOS objects, 22% free, 54MB/70MB, paused 1.326ms total 54.636ms
08-04 12:31:38.061 10100 10113 I art     : Starting a blocking GC Explicit
08-04 12:31:38.107 10100 10113 I art     : Explicit concurrent mark sweep GC freed 23(752B) AllocSpace objects, 0(0B) LOS objects, 22% free, 54MB/70MB, paused 1.357ms total 45.618ms
08-04 12:31:38.119 10100 10113 I art     : Starting a blocking GC Explicit
08-04 12:31:38.162 10100 10113 I art     : Explicit concurrent mark sweep GC freed 3(96B) AllocSpace objects, 0(0B) LOS objects, 22% free, 54MB/70MB, paused 1.194ms total 41.976ms
08-04 12:31:38.173 10100 10113 I art     : Starting a blocking GC Explicit
08-04 12:31:38.215 10100 10113 I art     : Explicit concurrent mark sweep GC freed 3(96B) AllocSpace objects, 0(0B) LOS objects, 22% free, 54MB/70MB, paused 1.239ms total 41.492ms
08-04 12:31:38.226 10100 10113 I art     : Starting a blocking GC Explicit
08-04 12:31:38.267 10100 10113 I art     : Explicit concurrent mark sweep GC freed 9(480B) AllocSpace objects, 0(0B) LOS objects, 22% free, 54MB/70MB, paused 1.321ms total 40.218ms
08-04 12:31:38.575 10100 11029 I art     : Starting a blocking GC Explicit
08-04 12:31:38.606 13021 13021 D AndroidRuntime: >>>>>> START com.android.internal.os.RuntimeInit uid 2000 <<<<<<
08-04 12:31:38.613 13021 13021 D AndroidRuntime: CheckJNI is OFF
08-04 12:31:38.624 10100 11029 I art     : Explicit concurrent mark sweep GC freed 1529(91KB) AllocSpace objects, 1(20KB) LOS objects, 22% free, 54MB/70MB, paused 1.088ms total 49.160ms
08-04 12:31:38.636 10100 11029 I art     : Starting a blocking GC Explicit
08-04 12:31:38.651 13021 13021 D ICU     : No timezone override file found: /data/misc/zoneinfo/current/icu/icu_tzdata.dat
08-04 12:31:38.675 10100 11029 I art     : Explicit concurrent mark sweep GC freed 29(944B) AllocSpace objects, 0(0B) LOS objects, 22% free, 54MB/70MB, paused 1.133ms total 38.605ms
08-04 12:31:38.686 10100 11029 I art     : Starting a blocking GC Explicit
08-04 12:31:38.688 13021 13021 I Radio-JNI: register_android_hardware_Radio DONE
08-04 12:31:38.710 13021 13021 D AndroidRuntime: Calling main entry com.android.commands.input.Input
08-04 12:31:38.712 13021 13021 I Input   : injectMotionEvent: MotionEvent { action=ACTION_DOWN, actionButton=0, id[0]=0, x[0]=103.0, y[0]=192.0, toolType[0]=TOOL_TYPE_UNKNOWN, buttonState=0, metaState=0, flags=0x0, edgeFlags=0x0, pointerCount=1, historySize=0, eventTime=707515124, downTime=707515124, deviceId=0, source=0x1002 }
08-04 12:31:38.716 13021 13021 I Input   : injectMotionEvent: MotionEvent { action=ACTION_UP, actionButton=0, id[0]=0, x[0]=103.0, y[0]=192.0, toolType[0]=TOOL_TYPE_UNKNOWN, buttonState=0, metaState=0, flags=0x0, edgeFlags=0x0, pointerCount=1, historySize=0, eventTime=707515124, downTime=707515124, deviceId=0, source=0x1002 }
08-04 12:31:38.718 13021 13021 D AndroidRuntime: Shutting down VM
08-04 12:31:38.724 10100 11029 I art     : Explicit concurrent mark sweep GC freed 29(912B) AllocSpace objects, 0(0B) LOS objects, 22% free, 54MB/70MB, paused 1.079ms total 36.931ms
08-04 12:31:38.729   512  2967 D audio_hw_primary: out_set_parameters: enter: usecase(1: low-latency-playback) kvpairs: routing=2
08-04 12:31:38.735 10100 11029 I art     : Starting a blocking GC Explicit
08-04 12:31:38.742   512  2967 D audio_hw_primary: select_devices: out_snd_device(2: speaker) in_snd_device(0: none)
08-04 12:31:38.742   512  2967 D msm8974_platform: platform_send_audio_calibration: sending audio calibration for snd_device(2) acdb_id(15)
08-04 12:31:38.742   512  2967 I soundtrigger: audio_extn_sound_trigger_update_device_status: device 0x2 of type 0 for Event 1
08-04 12:31:38.752   512  2967 D audio_hw_primary: enable_snd_device: snd_device(2: speaker)
08-04 12:31:38.754   512  2967 D audio_hw_primary: enable_audio_route: apply and update mixer path: low-latency-playback speaker
08-04 12:31:38.771 10100 11029 I art     : Explicit concurrent mark sweep GC freed 37(1536B) AllocSpace objects, 0(0B) LOS objects, 22% free, 54MB/70MB, paused 976us total 35.758ms
08-04 12:31:38.781 10100 11029 I art     : Starting a blocking GC Explicit
08-04 12:31:38.819 10100 11029 I art     : Explicit concurrent mark sweep GC freed 390(19KB) AllocSpace objects, 0(0B) LOS objects, 22% free, 54MB/70MB, paused 1.096ms total 37.179ms
08-04 12:31:39.111 10100 10112 I art     : Starting a blocking GC Explicit
08-04 12:31:39.155 10100 10112 I art     : Explicit concurrent mark sweep GC freed 2090(107KB) AllocSpace objects, 1(20KB) LOS objects, 22% free, 54MB/70MB, paused 1.083ms total 43.902ms
08-04 12:31:39.167 10100 10112 I art     : Starting a blocking GC Explicit
08-04 12:31:39.212 10100 10112 I art     : Explicit concurrent mark sweep GC freed 34(1104B) AllocSpace objects, 0(0B) LOS objects, 22% free, 54MB/70MB, paused 1.047ms total 44.175ms
08-04 12:31:39.226 10100 10112 I art     : Starting a blocking GC Explicit
08-04 12:31:39.266 10100 10112 I art     : Explicit concurrent mark sweep GC freed 3(96B) AllocSpace objects, 0(0B) LOS objects, 22% free, 54MB/70MB, paused 978us total 39.621ms
08-04 12:31:39.277 10100 10112 I art     : Starting a blocking GC Explicit
08-04 12:31:39.288   512  2967 D audio_hw_primary: disable_audio_route: reset and update mixer path: low-latency-playback speaker
08-04 12:31:39.289   512  2967 D audio_hw_primary: disable_snd_device: snd_device(2: speaker)
08-04 12:31:39.298   512  2967 I soundtrigger: audio_extn_sound_trigger_update_device_status: device 0x2 of type 0 for Event 0
08-04 12:31:39.316 10100 10112 I art     : Explicit concurrent mark sweep GC freed 3(96B) AllocSpace objects, 0(0B) LOS objects, 22% free, 54MB/70MB, paused 995us total 38.937ms
08-04 12:31:39.328 10100 10112 I art     : Starting a blocking GC Explicit
08-04 12:31:39.368 10100 10112 I art     : Explicit concurrent mark sweep GC freed 32(880B) AllocSpace objects, 0(0B) LOS objects, 22% free, 54MB/70MB, paused 1.103ms total 39.752ms
08-04 12:31:39.688 10100 10122 I art     : Starting a blocking GC Explicit
08-04 12:31:39.742 10100 10122 I art     : Explicit concurrent mark sweep GC freed 2270(113KB) AllocSpace objects, 1(20KB) LOS objects, 22% free, 54MB/70MB, paused 1.219ms total 53.802ms
08-04 12:31:39.759 10100 10122 I art     : Starting a blocking GC Explicit
08-04 12:31:39.804 10100 10122 I art     : Explicit concurrent mark sweep GC freed 25(816B) AllocSpace objects, 0(0B) LOS objects, 22% free, 54MB/70MB, paused 1.133ms total 45.380ms
08-04 12:31:39.816 10100 10122 I art     : Starting a blocking GC Explicit
08-04 12:31:39.859 10100 10122 I art     : Explicit concurrent mark sweep GC freed 3(96B) AllocSpace objects, 0(0B) LOS objects, 22% free, 54MB/70MB, paused 1.135ms total 42.256ms
08-04 12:31:39.871 10100 10122 I art     : Starting a blocking GC Explicit
08-04 12:31:39.914 10100 10122 I art     : Explicit concurrent mark sweep GC freed 3(96B) AllocSpace objects, 0(0B) LOS objects, 22% free, 54MB/70MB, paused 1.192ms total 42.707ms
08-04 12:31:39.926 10100 10122 I art     : Starting a blocking GC Explicit
08-04 12:31:39.968 10100 10122 I art     : Explicit concurrent mark sweep GC freed 3(96B) AllocSpace objects, 0(0B) LOS objects, 22% free, 54MB/70MB, paused 1.183ms total 41.457ms
08-04 12:31:40.271 10100 10112 I art     : Starting a blocking GC Explicit
08-04 12:31:40.321 10100 10112 I art     : Explicit concurrent mark sweep GC freed 1381(81KB) AllocSpace objects, 1(20KB) LOS objects, 22% free, 54MB/70MB, paused 1.153ms total 49.738ms
08-04 12:31:40.333 10100 10112 I art     : Starting a blocking GC Explicit
08-04 12:31:40.369 13071 13071 D AndroidRuntime: >>>>>> START com.android.internal.os.RuntimeInit uid 2000 <<<<<<
08-04 12:31:40.370 10100 10112 I art     : Explicit concurrent mark sweep GC freed 54(1600B) AllocSpace objects, 0(0B) LOS objects, 22% free, 54MB/70MB, paused 1.168ms total 36.831ms
08-04 12:31:40.374 13071 13071 D AndroidRuntime: CheckJNI is OFF
08-04 12:31:40.381 10100 10112 I art     : Starting a blocking GC Explicit
08-04 12:31:40.407 13071 13071 D ICU     : No timezone override file found: /data/misc/zoneinfo/current/icu/icu_tzdata.dat
08-04 12:31:40.417 10100 10112 I art     : Explicit concurrent mark sweep GC freed 9(288B) AllocSpace objects, 0(0B) LOS objects, 22% free, 54MB/70MB, paused 1.285ms total 36.375ms
08-04 12:31:40.428 10100 10112 I art     : Starting a blocking GC Explicit
08-04 12:31:40.440 13071 13071 I Radio-JNI: register_android_hardware_Radio DONE
08-04 12:31:40.461 13071 13071 D AndroidRuntime: Calling main entry com.android.commands.input.Input
08-04 12:31:40.465 13071 13071 I Input   : injectMotionEvent: MotionEvent { action=ACTION_DOWN, actionButton=0, id[0]=0, x[0]=409.0, y[0]=1034.0, toolType[0]=TOOL_TYPE_UNKNOWN, buttonState=0, metaState=0, flags=0x0, edgeFlags=0x0, pointerCount=1, historySize=0, eventTime=707516877, downTime=707516877, deviceId=0, source=0x1002 }
08-04 12:31:40.465 10100 10112 I art     : Explicit concurrent mark sweep GC freed 8(256B) AllocSpace objects, 0(0B) LOS objects, 22% free, 54MB/70MB, paused 1.352ms total 36.501ms
08-04 12:31:40.473 13071 13071 I Input   : injectMotionEvent: MotionEvent { action=ACTION_UP, actionButton=0, id[0]=0, x[0]=409.0, y[0]=1034.0, toolType[0]=TOOL_TYPE_UNKNOWN, buttonState=0, metaState=0, flags=0x0, edgeFlags=0x0, pointerCount=1, historySize=0, eventTime=707516877, downTime=707516877, deviceId=0, source=0x1002 }
08-04 12:31:40.475 13071 13071 D AndroidRuntime: Shutting down VM
08-04 12:31:40.476 10100 10112 I art     : Starting a blocking GC Explicit
08-04 12:31:40.514 10100 10112 I art     : Explicit concurrent mark sweep GC freed 48(1648B) AllocSpace objects, 0(0B) LOS objects, 22% free, 54MB/70MB, paused 1.328ms total 38.329ms
08-04 12:31:40.546 10100 10100 D MainActivity: loadFragment(index: 5, args: null)
08-04 12:31:40.546 10100 10100 D MainActivity: loadFragment(tag: AddFeedFragment, args: null)
08-04 12:31:40.546 10100 10100 D MainActivity: saveLastNavFragment(tag: AddFeedFragment)
08-04 12:31:40.547 10100 10100 D MainActivity: getLastNavFragment() -> AddFeedFragment
08-04 12:31:40.548   512  2967 D audio_hw_primary: out_set_parameters: enter: usecase(1: low-latency-playback) kvpairs: routing=2
08-04 12:31:40.561   512  2967 D audio_hw_primary: select_devices: out_snd_device(2: speaker) in_snd_device(0: none)
08-04 12:31:40.561   512  2967 D msm8974_platform: platform_send_audio_calibration: sending audio calibration for snd_device(2) acdb_id(15)
08-04 12:31:40.561   512  2967 I soundtrigger: audio_extn_sound_trigger_update_device_status: device 0x2 of type 0 for Event 1
08-04 12:31:40.571   512  2967 D audio_hw_primary: enable_snd_device: snd_device(2: speaker)
08-04 12:31:40.574   512  2967 D audio_hw_primary: enable_audio_route: apply and update mixer path: low-latency-playback speaker
08-04 12:31:40.586 13866 13866 I GoogleInputMethodServic: GoogleInputMethodService.onFinishInput():3138 
08-04 12:31:40.587 13866 13866 I GoogleInputMethodServic: GoogleInputMethodService.onStartInput():1808 
08-04 12:31:40.798 10100 11030 I art     : Starting a blocking GC Explicit
08-04 12:31:40.841 10100 11030 I art     : Explicit concurrent mark sweep GC freed 3790(199KB) AllocSpace objects, 2(40KB) LOS objects, 22% free, 54MB/70MB, paused 1.326ms total 42.272ms
08-04 12:31:40.854 10100 11030 I art     : Starting a blocking GC Explicit
08-04 12:31:40.886 10100 11030 I art     : Explicit concurrent mark sweep GC freed 31423(2MB) AllocSpace objects, 9(3MB) LOS objects, 24% free, 48MB/64MB, paused 997us total 32.315ms
08-04 12:31:40.896 10100 11030 I art     : Starting a blocking GC Explicit
08-04 12:31:40.924 10100 11030 I art     : Explicit concurrent mark sweep GC freed 11(352B) AllocSpace objects, 0(0B) LOS objects, 24% free, 48MB/64MB, paused 1.015ms total 28.464ms
08-04 12:31:40.934 10100 11030 I art     : Starting a blocking GC Explicit
08-04 12:31:40.962 10100 11030 I art     : Explicit concurrent mark sweep GC freed 3(96B) AllocSpace objects, 0(0B) LOS objects, 24% free, 48MB/64MB, paused 1.028ms total 28.429ms
08-04 12:31:40.972 10100 11030 I art     : Starting a blocking GC Explicit
08-04 12:31:40.988 13866 13866 I GoogleInputMethodServic: GoogleInputMethodService.onFinishInput():3138 
08-04 12:31:40.989 13866 13866 I GoogleInputMethodServic: GoogleInputMethodService.onStartInput():1808 
08-04 12:31:41.001 10100 11030 I art     : Explicit concurrent mark sweep GC freed 242(9KB) AllocSpace objects, 0(0B) LOS objects, 24% free, 48MB/64MB, paused 1.004ms total 28.542ms
08-04 12:31:41.120   512  2967 D audio_hw_primary: disable_audio_route: reset and update mixer path: low-latency-playback speaker
08-04 12:31:41.122   512  2967 D audio_hw_primary: disable_snd_device: snd_device(2: speaker)
08-04 12:31:41.131   512  2967 I soundtrigger: audio_extn_sound_trigger_update_device_status: device 0x2 of type 0 for Event 0
08-04 12:31:41.317 10100 10112 I art     : Starting a blocking GC Explicit
08-04 12:31:41.353 10100 10112 I art     : Explicit concurrent mark sweep GC freed 1428(85KB) AllocSpace objects, 1(20KB) LOS objects, 24% free, 48MB/64MB, paused 1.097ms total 35.709ms
08-04 12:31:41.364 10100 10112 I art     : Starting a blocking GC Explicit
08-04 12:31:41.395 10100 10112 I art     : Explicit concurrent mark sweep GC freed 105(5KB) AllocSpace objects, 0(0B) LOS objects, 24% free, 48MB/64MB, paused 1.072ms total 30.840ms
08-04 12:31:41.405 10100 10112 I art     : Starting a blocking GC Explicit
08-04 12:31:41.437 10100 10112 I art     : Explicit concurrent mark sweep GC freed 5(160B) AllocSpace objects, 0(0B) LOS objects, 24% free, 48MB/64MB, paused 1.175ms total 31.725ms
08-04 12:31:41.447 10100 10112 I art     : Starting a blocking GC Explicit
08-04 12:31:41.479 10100 10112 I art     : Explicit concurrent mark sweep GC freed 3(96B) AllocSpace objects, 0(0B) LOS objects, 24% free, 48MB/64MB, paused 1.071ms total 31.813ms
08-04 12:31:41.490 10100 10112 I art     : Starting a blocking GC Explicit
08-04 12:31:41.523 10100 10112 I art     : Explicit concurrent mark sweep GC freed 3(96B) AllocSpace objects, 0(0B) LOS objects, 24% free, 48MB/64MB, paused 1.105ms total 32.239ms
08-04 12:31:41.697   518   646 I ThermalEngine: ACTION: GPU - Setting GPU[0] to 450000000
08-04 12:31:41.872 10100 10122 I art     : Starting a blocking GC Explicit
08-04 12:31:41.930 10100 10122 I art     : Explicit concurrent mark sweep GC freed 1380(81KB) AllocSpace objects, 1(20KB) LOS objects, 24% free, 48MB/64MB, paused 1.513ms total 57.112ms
08-04 12:31:41.930 10100 10111 I art     : WaitForGcToComplete blocked for 55.162ms for cause HeapTrim
08-04 12:31:41.942 10100 10122 I art     : Starting a blocking GC Explicit
08-04 12:31:41.982 10100 10122 I art     : Explicit concurrent mark sweep GC freed 23(752B) AllocSpace objects, 0(0B) LOS objects, 24% free, 48MB/64MB, paused 1.542ms total 39.055ms
08-04 12:31:41.995 10100 10122 I art     : Starting a blocking GC Explicit
08-04 12:31:42.034 10100 10122 I art     : Explicit concurrent mark sweep GC freed 3(96B) AllocSpace objects, 0(0B) LOS objects, 24% free, 48MB/64MB, paused 1.459ms total 38.712ms
08-04 12:31:42.040 13866 13882 I PeriodicStatsRunner: PeriodicStatsRunner.call():175 call()
08-04 12:31:42.040 13866 13882 I PeriodicStatsRunner: PeriodicStatsRunner.call():179 No submit PeriodicStats since input started.
08-04 12:31:42.046 10100 10122 I art     : Starting a blocking GC Explicit
08-04 12:31:42.088 10100 10122 I art     : Explicit concurrent mark sweep GC freed 3(96B) AllocSpace objects, 0(0B) LOS objects, 24% free, 48MB/64MB, paused 1.597ms total 41.236ms
08-04 12:31:42.101 10100 10122 I art     : Starting a blocking GC Explicit
08-04 12:31:42.142 10100 10122 I art     : Explicit concurrent mark sweep GC freed 3(96B) AllocSpace objects, 0(0B) LOS objects, 24% free, 48MB/64MB, paused 1.530ms total 41.424ms
08-04 12:31:42.264 13118 13118 D AndroidRuntime: >>>>>> START com.android.internal.os.RuntimeInit uid 2000 <<<<<<
08-04 12:31:42.270 13118 13118 D AndroidRuntime: CheckJNI is OFF
08-04 12:31:42.301   918  3261 D WifiStateMachine: starting scan for "H369AA63323"WPA_PSK with 2412,5180
08-04 12:31:42.313 13118 13118 D ICU     : No timezone override file found: /data/misc/zoneinfo/current/icu/icu_tzdata.dat
08-04 12:31:42.355 13118 13118 I Radio-JNI: register_android_hardware_Radio DONE
08-04 12:31:42.384 13118 13118 D AndroidRuntime: Calling main entry com.android.commands.input.Input
08-04 12:31:42.386 13118 13118 I Input   : injectMotionEvent: MotionEvent { action=ACTION_DOWN, actionButton=0, id[0]=0, x[0]=603.0, y[0]=1061.0, toolType[0]=TOOL_TYPE_UNKNOWN, buttonState=0, metaState=0, flags=0x0, edgeFlags=0x0, pointerCount=1, historySize=0, eventTime=707518799, downTime=707518799, deviceId=0, source=0x1002 }
08-04 12:31:42.390 13118 13118 I Input   : injectMotionEvent: MotionEvent { action=ACTION_UP, actionButton=0, id[0]=0, x[0]=603.0, y[0]=1061.0, toolType[0]=TOOL_TYPE_UNKNOWN, buttonState=0, metaState=0, flags=0x0, edgeFlags=0x0, pointerCount=1, historySize=0, eventTime=707518799, downTime=707518799, deviceId=0, source=0x1002 }
08-04 12:31:42.392 13118 13118 D AndroidRuntime: Shutting down VM
08-04 12:31:42.403   512  2967 D audio_hw_primary: out_set_parameters: enter: usecase(1: low-latency-playback) kvpairs: routing=2
08-04 12:31:42.416   512  2967 D audio_hw_primary: select_devices: out_snd_device(2: speaker) in_snd_device(0: none)
08-04 12:31:42.417   512  2967 D msm8974_platform: platform_send_audio_calibration: sending audio calibration for snd_device(2) acdb_id(15)
08-04 12:31:42.417   512  2967 I soundtrigger: audio_extn_sound_trigger_update_device_status: device 0x2 of type 0 for Event 1
08-04 12:31:42.426   512  2967 D audio_hw_primary: enable_snd_device: snd_device(2: speaker)
08-04 12:31:42.428   512  2967 D audio_hw_primary: enable_audio_route: apply and update mixer path: low-latency-playback speaker
08-04 12:31:42.476 13866 13866 I GoogleInputMethodServic: GoogleInputMethodService.onFinishInput():3138 
08-04 12:31:42.477 13866 13866 I GoogleInputMethodServic: GoogleInputMethodService.onStartInput():1808 
08-04 12:31:42.504 10100 11029 I art     : Starting a blocking GC Explicit
08-04 12:31:42.548 10100 11029 I art     : Explicit concurrent mark sweep GC freed 4714(331KB) AllocSpace objects, 1(20KB) LOS objects, 24% free, 49MB/65MB, paused 1.823ms total 44.237ms
08-04 12:31:42.561 10100 11029 I art     : Starting a blocking GC Explicit
08-04 12:31:42.599 10100 11029 I art     : Explicit concurrent mark sweep GC freed 1912(97KB) AllocSpace objects, 1(220KB) LOS objects, 24% free, 49MB/65MB, paused 1.494ms total 38.148ms
08-04 12:31:42.612 10100 11029 I art     : Starting a blocking GC Explicit
08-04 12:31:42.652 10100 11029 I art     : Explicit concurrent mark sweep GC freed 61(4KB) AllocSpace objects, 0(0B) LOS objects, 24% free, 49MB/65MB, paused 1.801ms total 39.651ms
08-04 12:31:42.664 10100 11029 I art     : Starting a blocking GC Explicit
08-04 12:31:42.704 10100 11029 I art     : Explicit concurrent mark sweep GC freed 36(1328B) AllocSpace objects, 0(0B) LOS objects, 24% free, 49MB/65MB, paused 1.603ms total 39.496ms
08-04 12:31:42.717 10100 11029 I art     : Starting a blocking GC Explicit
08-04 12:31:42.757 10100 11029 I art     : Explicit concurrent mark sweep GC freed 32(1232B) AllocSpace objects, 0(0B) LOS objects, 24% free, 49MB/65MB, paused 1.715ms total 40.152ms
08-04 12:31:42.942  9378  9378 I ServiceManager: Waiting for service AtCmdFwd...
08-04 12:31:42.968   512  2967 D audio_hw_primary: disable_audio_route: reset and update mixer path: low-latency-playback speaker
08-04 12:31:42.970   512  2967 D audio_hw_primary: disable_snd_device: snd_device(2: speaker)
08-04 12:31:42.978   512  2967 I soundtrigger: audio_extn_sound_trigger_update_device_status: device 0x2 of type 0 for Event 0
08-04 12:31:43.103 10100 11030 I art     : Starting a blocking GC Explicit
08-04 12:31:43.145 10100 11030 I art     : Explicit concurrent mark sweep GC freed 1533(87KB) AllocSpace objects, 1(20KB) LOS objects, 24% free, 49MB/65MB, paused 1.622ms total 41.773ms
08-04 12:31:43.158 10100 11030 I art     : Starting a blocking GC Explicit
08-04 12:31:43.198 10100 11030 I art     : Explicit concurrent mark sweep GC freed 133(4KB) AllocSpace objects, 0(0B) LOS objects, 24% free, 49MB/65MB, paused 1.644ms total 39.474ms
08-04 12:31:43.211 10100 11030 I art     : Starting a blocking GC Explicit
08-04 12:31:43.251 10100 11030 I art     : Explicit concurrent mark sweep GC freed 35(1328B) AllocSpace objects, 0(0B) LOS objects, 24% free, 49MB/65MB, paused 1.992ms total 40.498ms
08-04 12:31:43.264 10100 11030 I art     : Starting a blocking GC Explicit
08-04 12:31:43.304 10100 11030 I art     : Explicit concurrent mark sweep GC freed 37(1424B) AllocSpace objects, 0(0B) LOS objects, 24% free, 49MB/65MB, paused 1.534ms total 39.644ms
08-04 12:31:43.318 10100 11030 I art     : Starting a blocking GC Explicit
08-04 12:31:43.357 10100 11030 I art     : Explicit concurrent mark sweep GC freed 37(1376B) AllocSpace objects, 0(0B) LOS objects, 24% free, 49MB/65MB, paused 1.699ms total 39.504ms
08-04 12:31:43.442 10100 13149 I NAPPA_EXPERIMENTATION: MetricNetworkRequestExecutionTime: REQUEST_DURATION_SYSTEM='977',REQUEST_DURATION_OKHTTP='40',REQUEST_SYNCHRONOUS='TRUE',RESPONSE_CODE='200',RESPONSE_METHOD='GET',RESPONSE_LENGTH_OKHTTP='2923',RESPONSE_LENGTH_HEADER='2923',REQUEST_PROTOCOL='http/1.1',REQUEST_URL='https://gpodder.net/api/2/tags/50.json',
08-04 12:31:43.458 10100 13148 I NAPPA_EXPERIMENTATION: MetricNetworkRequestExecutionTime: REQUEST_DURATION_SYSTEM='996',REQUEST_DURATION_OKHTTP='56',REQUEST_SYNCHRONOUS='TRUE',RESPONSE_CODE='200',RESPONSE_METHOD='GET',RESPONSE_LENGTH_OKHTTP='37507',RESPONSE_LENGTH_HEADER='37507',REQUEST_PROTOCOL='http/1.1',REQUEST_URL='https://gpodder.net/toplist/50.json',
08-04 12:31:43.521 10100 11045 D ApOkHttpUrlLoader: buildLoadData() called with: model = [http://sixgun.org/files/linuxoutlaws.jpg], width = [224], height = [224]
08-04 12:31:43.523 10100 10845 D DBReader: getImageAuthentication() called with: imageUrl = [http://sixgun.org/files/linuxoutlaws.jpg]
08-04 12:31:43.527 10100 10845 D ApOkHttpUrlLoader: no credentials for 'http://sixgun.org/files/linuxoutlaws.jpg'
08-04 12:31:43.529 10100 11045 D ApOkHttpUrlLoader: buildLoadData() called with: model = [https://files.thisamericanlife.org/sites/all/themes/thislife/img/tal-name-1400x1400.png], width = [224], height = [224]
08-04 12:31:43.531 10100 10839 D DBReader: getImageAuthentication() called with: imageUrl = [https://files.thisamericanlife.org/sites/all/themes/thislife/img/tal-name-1400x1400.png]
08-04 12:31:43.534 10100 11045 D ApOkHttpUrlLoader: buildLoadData() called with: model = [https://elroy.twit.tv/sites/default/files/styles/twit_album_art_2048x2048/public/images/shows/floss_weekly/album_art/audio/floss_albumart_mask.jpg?itok=IUjxKpwt], width = [224], height = [224]
08-04 12:31:43.535 10100 10839 D ApOkHttpUrlLoader: no credentials for 'https://files.thisamericanlife.org/sites/all/themes/thislife/img/tal-name-1400x1400.png'
08-04 12:31:43.536 10100 10837 D DBReader: getImageAuthentication() called with: imageUrl = [https://elroy.twit.tv/sites/default/files/styles/twit_album_art_2048x2048/public/images/shows/floss_weekly/album_art/audio/floss_albumart_mask.jpg?itok=IUjxKpwt]
08-04 12:31:43.539 10100 10837 D ApOkHttpUrlLoader: no credentials for 'https://elroy.twit.tv/sites/default/files/styles/twit_album_art_2048x2048/public/images/shows/floss_weekly/album_art/audio/floss_albumart_mask.jpg?itok=IUjxKpwt'
08-04 12:31:43.540 10100 11045 D ApOkHttpUrlLoader: buildLoadData() called with: model = [http://ichef.bbci.co.uk/images/ic/3000x3000/p07kfvzb.jpg], width = [224], height = [224]
08-04 12:31:43.541 10100 10834 D DBReader: getImageAuthentication() called with: imageUrl = [http://ichef.bbci.co.uk/images/ic/3000x3000/p07kfvzb.jpg]
08-04 12:31:43.545 10100 10834 D ApOkHttpUrlLoader: no credentials for 'http://ichef.bbci.co.uk/images/ic/3000x3000/p07kfvzb.jpg'
08-04 12:31:43.546 10100 11045 D ApOkHttpUrlLoader: buildLoadData() called with: model = [https://pl.tedcdn.com/rss_feed_images/ted_talks_main_podcast/video.png], width = [224], height = [224]
08-04 12:31:43.548 10100 10844 D DBReader: getImageAuthentication() called with: imageUrl = [https://pl.tedcdn.com/rss_feed_images/ted_talks_main_podcast/video.png]
08-04 12:31:43.551 10100 11045 D ApOkHttpUrlLoader: buildLoadData() called with: model = [https://elroy.twit.tv/sites/default/files/styles/twit_album_art_2048x2048/public/images/shows/this_week_in_tech/album_art/audio/twit1400audio.jpg?itok=J0vhatZb], width = [224], height = [224]
08-04 12:31:43.552 10100 10844 D ApOkHttpUrlLoader: no credentials for 'https://pl.tedcdn.com/rss_feed_images/ted_talks_main_podcast/video.png'
08-04 12:31:43.554 10100 10840 D DBReader: getImageAuthentication() called with: imageUrl = [https://elroy.twit.tv/sites/default/files/styles/twit_album_art_2048x2048/public/images/shows/this_week_in_tech/album_art/audio/twit1400audio.jpg?itok=J0vhatZb]
08-04 12:31:43.555 10100 11045 D ApOkHttpUrlLoader: buildLoadData() called with: model = [http://ichef.bbci.co.uk/images/ic/3000x3000/p03gtk3j.jpg], width = [224], height = [224]
08-04 12:31:43.559 10100 10840 D ApOkHttpUrlLoader: no credentials for 'https://elroy.twit.tv/sites/default/files/styles/twit_album_art_2048x2048/public/images/shows/this_week_in_tech/album_art/audio/twit1400audio.jpg?itok=J0vhatZb'
08-04 12:31:43.563 10100 10835 D DBReader: getImageAuthentication() called with: imageUrl = [http://ichef.bbci.co.uk/images/ic/3000x3000/p03gtk3j.jpg]
08-04 12:31:43.566 10100 10845 D DBWriter: updateFeedDownloadURL(original: http://sixgun.org/files/linuxoutlaws.jpg, updated: https://fab.industries/sixgun/files/linuxoutlaws.jpg)
08-04 12:31:43.569 10100 10835 D ApOkHttpUrlLoader: no credentials for 'http://ichef.bbci.co.uk/images/ic/3000x3000/p03gtk3j.jpg'
08-04 12:31:43.620 10100 10834 D MYTAG   : interceptor 2a
08-04 12:31:43.621 10100 10834 I NAPPA_EXPERIMENTATION: MetricNetworkRequestExecutionTime: REQUEST_DURATION_SYSTEM='75',REQUEST_DURATION_OKHTTP='68',REQUEST_SYNCHRONOUS='TRUE',RESPONSE_CODE='200',RESPONSE_METHOD='GET',RESPONSE_LENGTH_OKHTTP='589826',RESPONSE_LENGTH_HEADER='589826',REQUEST_PROTOCOL='http/1.1',REQUEST_URL='http://ichef.bbci.co.uk/images/ic/3000x3000/p07kfvzb.jpg',
08-04 12:31:43.652 10100 10835 D MYTAG   : interceptor 2a
08-04 12:31:43.653 10100 10835 I NAPPA_EXPERIMENTATION: MetricNetworkRequestExecutionTime: REQUEST_DURATION_SYSTEM='83',REQUEST_DURATION_OKHTTP='76',REQUEST_SYNCHRONOUS='TRUE',RESPONSE_CODE='200',RESPONSE_METHOD='GET',RESPONSE_LENGTH_OKHTTP='814284',RESPONSE_LENGTH_HEADER='814284',REQUEST_PROTOCOL='http/1.1',REQUEST_URL='http://ichef.bbci.co.uk/images/ic/3000x3000/p03gtk3j.jpg',
08-04 12:31:43.688 10100 11030 I art     : Starting a blocking GC Explicit
08-04 12:31:43.734 10100 11030 I art     : Explicit concurrent mark sweep GC freed 18452(1064KB) AllocSpace objects, 4(212KB) LOS objects, 24% free, 49MB/65MB, paused 2.160ms total 45.847ms
08-04 12:31:43.747 10100 11030 I art     : Starting a blocking GC Explicit
08-04 12:31:43.787 10100 11030 I art     : Explicit concurrent mark sweep GC freed 2447(112KB) AllocSpace objects, 0(0B) LOS objects, 24% free, 50MB/66MB, paused 1.879ms total 39.933ms
08-04 12:31:43.799 10100 11030 I art     : Starting a blocking GC Explicit
08-04 12:31:43.812 10100 10839 D MYTAG   : interceptor 2a
08-04 12:31:43.813 10100 10839 I NAPPA_EXPERIMENTATION: MetricNetworkRequestExecutionTime: REQUEST_DURATION_SYSTEM='277',REQUEST_DURATION_OKHTTP='83',REQUEST_SYNCHRONOUS='TRUE',RESPONSE_CODE='200',RESPONSE_METHOD='GET',RESPONSE_LENGTH_OKHTTP='52553',RESPONSE_LENGTH_HEADER='52553',REQUEST_PROTOCOL='http/1.1',REQUEST_URL='https://files.thisamericanlife.org/sites/all/themes/thislife/img/tal-name-1400x1400.png',
08-04 12:31:43.840 10100 11030 I art     : Explicit concurrent mark sweep GC freed 2545(160KB) AllocSpace objects, 0(0B) LOS objects, 24% free, 50MB/66MB, paused 2.048ms total 41.317ms
08-04 12:31:43.852 10100 11030 I art     : Starting a blocking GC Explicit
08-04 12:31:43.895 10100 11030 I art     : Explicit concurrent mark sweep GC freed 694(46KB) AllocSpace objects, 0(0B) LOS objects, 24% free, 50MB/66MB, paused 2.336ms total 42.153ms
08-04 12:31:43.908 10100 11030 I art     : Starting a blocking GC Explicit
08-04 12:31:43.919 10100 10844 D MYTAG   : interceptor 2a
08-04 12:31:43.919 10100 10844 I NAPPA_EXPERIMENTATION: MetricNetworkRequestExecutionTime: REQUEST_DURATION_SYSTEM='367',REQUEST_DURATION_OKHTTP='185',REQUEST_SYNCHRONOUS='TRUE',RESPONSE_CODE='200',RESPONSE_METHOD='GET',RESPONSE_LENGTH_OKHTTP='89986',RESPONSE_LENGTH_HEADER='89986',REQUEST_PROTOCOL='h2',REQUEST_URL='https://pl.tedcdn.com/rss_feed_images/ted_talks_main_podcast/video.png',
08-04 12:31:43.929 10100 10840 D MYTAG   : interceptor 2a
08-04 12:31:43.929 10100 10840 I NAPPA_EXPERIMENTATION: MetricNetworkRequestExecutionTime: REQUEST_DURATION_SYSTEM='370',REQUEST_DURATION_OKHTTP='179',REQUEST_SYNCHRONOUS='TRUE',RESPONSE_CODE='200',RESPONSE_METHOD='GET',RESPONSE_LENGTH_OKHTTP='465707',RESPONSE_LENGTH_HEADER='465707',REQUEST_PROTOCOL='h2',REQUEST_URL='https://elroy.twit.tv/sites/default/files/styles/twit_album_art_2048x2048/public/images/shows/this_week_in_tech/album_art/audio/twit1400audio.jpg?itok=J0vhatZb',
08-04 12:31:43.943  9378  9378 I ServiceManager: Waiting for service AtCmdFwd...
08-04 12:31:43.947 10100 11030 I art     : Explicit concurrent mark sweep GC freed 1041(65KB) AllocSpace objects, 0(0B) LOS objects, 24% free, 50MB/66MB, paused 1.679ms total 39.174ms
08-04 12:31:43.978 10100 10845 D MYTAG   : interceptor 2a
08-04 12:31:43.979 10100 10845 I NAPPA_EXPERIMENTATION: MetricNetworkRequestExecutionTime: REQUEST_DURATION_SYSTEM='451',REQUEST_DURATION_OKHTTP='138',REQUEST_SYNCHRONOUS='TRUE',RESPONSE_CODE='404',RESPONSE_METHOD='GET',RESPONSE_LENGTH_OKHTTP='-1',RESPONSE_LENGTH_HEADER='1503',REQUEST_PROTOCOL='h2',REQUEST_URL='https://fab.industries/sixgun/files/linuxoutlaws.jpg',
08-04 12:31:43.980 10100 10100 W Glide   : Load failed for http://sixgun.org/files/linuxoutlaws.jpg with size [224x224]
08-04 12:31:43.980 10100 10100 W Glide   : class com.bumptech.glide.load.engine.GlideException: Failed to load resource
08-04 12:31:43.980 10100 10100 W Glide   : There was 1 cause:
08-04 12:31:43.980 10100 10100 W Glide   : com.bumptech.glide.load.HttpException()
08-04 12:31:43.980 10100 10100 W Glide   :  call GlideException#logRootCauses(String) for more detail
08-04 12:31:43.980 10100 10100 W Glide   :   Cause (1 of 1): class com.bumptech.glide.load.engine.GlideException: Fetching data failed, class java.io.InputStream, REMOTE
08-04 12:31:43.980 10100 10100 W Glide   : There was 1 cause:
08-04 12:31:43.980 10100 10100 W Glide   : com.bumptech.glide.load.HttpException()
08-04 12:31:43.980 10100 10100 W Glide   :  call GlideException#logRootCauses(String) for more detail
08-04 12:31:43.980 10100 10100 W Glide   :     Cause (1 of 1): class com.bumptech.glide.load.HttpException: 
08-04 12:31:43.981 10100 10100 I Glide   : Root cause (1 of 1)
08-04 12:31:43.981 10100 10100 I Glide   : com.bumptech.glide.load.HttpException: 
08-04 12:31:43.981 10100 10100 I Glide   : 	at com.bumptech.glide.integration.okhttp3.OkHttpStreamFetcher.onResponse(OkHttpStreamFetcher.java:73)
08-04 12:31:43.981 10100 10100 I Glide   : 	at okhttp3.RealCall$AsyncCall.execute(RealCall.java:174)
08-04 12:31:43.981 10100 10100 I Glide   : 	at okhttp3.internal.NamedRunnable.run(NamedRunnable.java:32)
08-04 12:31:43.981 10100 10100 I Glide   : 	at java.util.concurrent.ThreadPoolExecutor.runWorker(ThreadPoolExecutor.java:1113)
08-04 12:31:43.981 10100 10100 I Glide   : 	at java.util.concurrent.ThreadPoolExecutor$Worker.run(ThreadPoolExecutor.java:588)
08-04 12:31:43.981 10100 10100 I Glide   : 	at java.lang.Thread.run(Thread.java:818)
08-04 12:31:43.982 10100 10100 W Glide   : Load failed for http://sixgun.org/files/linuxoutlaws.jpg with size [224x224]
08-04 12:31:43.982 10100 10100 W Glide   : class com.bumptech.glide.load.engine.GlideException: Failed to load resource
08-04 12:31:43.982 10100 10100 W Glide   : There was 1 cause:
08-04 12:31:43.982 10100 10100 W Glide   : com.bumptech.glide.load.HttpException()
08-04 12:31:43.982 10100 10100 W Glide   :  call GlideException#logRootCauses(String) for more detail
08-04 12:31:43.982 10100 10100 W Glide   :   Cause (1 of 1): class com.bumptech.glide.load.engine.GlideException: Fetching data failed, class java.io.InputStream, REMOTE
08-04 12:31:43.982 10100 10100 W Glide   : There was 1 cause:
08-04 12:31:43.982 10100 10100 W Glide   : com.bumptech.glide.load.HttpException()
08-04 12:31:43.982 10100 10100 W Glide   :  call GlideException#logRootCauses(String) for more detail
08-04 12:31:43.982 10100 10100 W Glide   :     Cause (1 of 1): class com.bumptech.glide.load.HttpException: 
08-04 12:31:43.982 10100 10100 I Glide   : Root cause (1 of 1)
08-04 12:31:43.982 10100 10100 I Glide   : com.bumptech.glide.load.HttpException: 
08-04 12:31:43.982 10100 10100 I Glide   : 	at com.bumptech.glide.integration.okhttp3.OkHttpStreamFetcher.onResponse(OkHttpStreamFetcher.java:73)
08-04 12:31:43.982 10100 10100 I Glide   : 	at okhttp3.RealCall$AsyncCall.execute(RealCall.java:174)
08-04 12:31:43.982 10100 10100 I Glide   : 	at okhttp3.internal.NamedRunnable.run(NamedRunnable.java:32)
08-04 12:31:43.982 10100 10100 I Glide   : 	at java.util.concurrent.ThreadPoolExecutor.runWorker(ThreadPoolExecutor.java:1113)
08-04 12:31:43.982 10100 10100 I Glide   : 	at java.util.concurrent.ThreadPoolExecutor$Worker.run(ThreadPoolExecutor.java:588)
08-04 12:31:43.982 10100 10100 I Glide   : 	at java.lang.Thread.run(Thread.java:818)
08-04 12:31:44.012 10100 10837 D MYTAG   : interceptor 2a
08-04 12:31:44.012 10100 10837 I NAPPA_EXPERIMENTATION: MetricNetworkRequestExecutionTime: REQUEST_DURATION_SYSTEM='472',REQUEST_DURATION_OKHTTP='280',REQUEST_SYNCHRONOUS='TRUE',RESPONSE_CODE='200',RESPONSE_METHOD='GET',RESPONSE_LENGTH_OKHTTP='297964',RESPONSE_LENGTH_HEADER='297964',REQUEST_PROTOCOL='h2',REQUEST_URL='https://elroy.twit.tv/sites/default/files/styles/twit_album_art_2048x2048/public/images/shows/floss_weekly/album_art/audio/floss_albumart_mask.jpg?itok=IUjxKpwt',
08-04 12:31:44.084 10100 11045 D ApOkHttpUrlLoader: buildLoadData() called with: model = [http://sixgun.org/files/linuxoutlaws.jpg], width = [224], height = [224]
08-04 12:31:44.085 10100 10837 D DBReader: getImageAuthentication() called with: imageUrl = [http://sixgun.org/files/linuxoutlaws.jpg]
08-04 12:31:44.088 10100 10837 D ApOkHttpUrlLoader: no credentials for 'http://sixgun.org/files/linuxoutlaws.jpg'
08-04 12:31:44.123 10100 10837 D DBWriter: updateFeedDownloadURL(original: http://sixgun.org/files/linuxoutlaws.jpg, updated: https://fab.industries/sixgun/files/linuxoutlaws.jpg)
08-04 12:31:44.258 10100 10837 D MYTAG   : interceptor 2a
08-04 12:31:44.259 10100 10837 I NAPPA_EXPERIMENTATION: MetricNetworkRequestExecutionTime: REQUEST_DURATION_SYSTEM='170',REQUEST_DURATION_OKHTTP='133',REQUEST_SYNCHRONOUS='TRUE',RESPONSE_CODE='404',RESPONSE_METHOD='GET',RESPONSE_LENGTH_OKHTTP='-1',RESPONSE_LENGTH_HEADER='1503',REQUEST_PROTOCOL='h2',REQUEST_URL='https://fab.industries/sixgun/files/linuxoutlaws.jpg',
08-04 12:31:44.269 10100 10100 W Glide   : Load failed for http://sixgun.org/files/linuxoutlaws.jpg with size [224x224]
08-04 12:31:44.269 10100 10100 W Glide   : class com.bumptech.glide.load.engine.GlideException: Failed to load resource
08-04 12:31:44.269 10100 10100 W Glide   : There was 1 cause:
08-04 12:31:44.269 10100 10100 W Glide   : com.bumptech.glide.load.HttpException()
08-04 12:31:44.269 10100 10100 W Glide   :  call GlideException#logRootCauses(String) for more detail
08-04 12:31:44.269 10100 10100 W Glide   :   Cause (1 of 1): class com.bumptech.glide.load.engine.GlideException: Fetching data failed, class java.io.InputStream, REMOTE
08-04 12:31:44.269 10100 10100 W Glide   : There was 1 cause:
08-04 12:31:44.269 10100 10100 W Glide   : com.bumptech.glide.load.HttpException()
08-04 12:31:44.269 10100 10100 W Glide   :  call GlideException#logRootCauses(String) for more detail
08-04 12:31:44.269 10100 10100 W Glide   :     Cause (1 of 1): class com.bumptech.glide.load.HttpException: 
08-04 12:31:44.269 10100 10100 I Glide   : Root cause (1 of 1)
08-04 12:31:44.269 10100 10100 I Glide   : com.bumptech.glide.load.HttpException: 
08-04 12:31:44.269 10100 10100 I Glide   : 	at com.bumptech.glide.integration.okhttp3.OkHttpStreamFetcher.onResponse(OkHttpStreamFetcher.java:73)
08-04 12:31:44.269 10100 10100 I Glide   : 	at okhttp3.RealCall$AsyncCall.execute(RealCall.java:174)
08-04 12:31:44.269 10100 10100 I Glide   : 	at okhttp3.internal.NamedRunnable.run(NamedRunnable.java:32)
08-04 12:31:44.269 10100 10100 I Glide   : 	at java.util.concurrent.ThreadPoolExecutor.runWorker(ThreadPoolExecutor.java:1113)
08-04 12:31:44.269 10100 10100 I Glide   : 	at java.util.concurrent.ThreadPoolExecutor$Worker.run(ThreadPoolExecutor.java:588)
08-04 12:31:44.269 10100 10100 I Glide   : 	at java.lang.Thread.run(Thread.java:818)
08-04 12:31:44.275 10100 10113 I art     : Starting a blocking GC Explicit
08-04 12:31:44.284 10100 11045 D ApOkHttpUrlLoader: buildLoadData() called with: model = [http://sixgun.org/files/linuxoutlaws.jpg], width = [224], height = [224]
08-04 12:31:44.285 10100 10837 D DBReader: getImageAuthentication() called with: imageUrl = [http://sixgun.org/files/linuxoutlaws.jpg]
08-04 12:31:44.290 10100 10837 D ApOkHttpUrlLoader: no credentials for 'http://sixgun.org/files/linuxoutlaws.jpg'
08-04 12:31:44.311 10100 10837 D DBWriter: updateFeedDownloadURL(original: http://sixgun.org/files/linuxoutlaws.jpg, updated: https://fab.industries/sixgun/files/linuxoutlaws.jpg)
08-04 12:31:44.321 10100 10113 I art     : Explicit concurrent mark sweep GC freed 4942(472KB) AllocSpace objects, 1(20KB) LOS objects, 23% free, 50MB/66MB, paused 1.738ms total 44.979ms
08-04 12:31:44.333 10100 10113 I art     : Starting a blocking GC Explicit
08-04 12:31:44.372 10100 10113 I art     : Explicit concurrent mark sweep GC freed 275(9KB) AllocSpace objects, 0(0B) LOS objects, 23% free, 50MB/66MB, paused 1.508ms total 38.446ms
08-04 12:31:44.384 10100 10113 I art     : Starting a blocking GC Explicit
08-04 12:31:44.427 10100 10113 I art     : Explicit concurrent mark sweep GC freed 9(352B) AllocSpace objects, 0(0B) LOS objects, 23% free, 50MB/66MB, paused 1.578ms total 42.472ms
08-04 12:31:44.441 10100 10113 I art     : Starting a blocking GC Explicit
08-04 12:31:44.450 10100 10837 D MYTAG   : interceptor 2a
08-04 12:31:44.450 10100 10837 I NAPPA_EXPERIMENTATION: MetricNetworkRequestExecutionTime: REQUEST_DURATION_SYSTEM='160',REQUEST_DURATION_OKHTTP='133',REQUEST_SYNCHRONOUS='TRUE',RESPONSE_CODE='404',RESPONSE_METHOD='GET',RESPONSE_LENGTH_OKHTTP='-1',RESPONSE_LENGTH_HEADER='1503',REQUEST_PROTOCOL='h2',REQUEST_URL='https://fab.industries/sixgun/files/linuxoutlaws.jpg',
08-04 12:31:44.458 10100 10100 W Glide   : Load failed for http://sixgun.org/files/linuxoutlaws.jpg with size [224x224]
08-04 12:31:44.458 10100 10100 W Glide   : class com.bumptech.glide.load.engine.GlideException: Failed to load resource
08-04 12:31:44.458 10100 10100 W Glide   : There was 1 cause:
08-04 12:31:44.458 10100 10100 W Glide   : com.bumptech.glide.load.HttpException()
08-04 12:31:44.458 10100 10100 W Glide   :  call GlideException#logRootCauses(String) for more detail
08-04 12:31:44.458 10100 10100 W Glide   :   Cause (1 of 1): class com.bumptech.glide.load.engine.GlideException: Fetching data failed, class java.io.InputStream, REMOTE
08-04 12:31:44.458 10100 10100 W Glide   : There was 1 cause:
08-04 12:31:44.458 10100 10100 W Glide   : com.bumptech.glide.load.HttpException()
08-04 12:31:44.458 10100 10100 W Glide   :  call GlideException#logRootCauses(String) for more detail
08-04 12:31:44.458 10100 10100 W Glide   :     Cause (1 of 1): class com.bumptech.glide.load.HttpException: 
08-04 12:31:44.459 10100 10100 I Glide   : Root cause (1 of 1)
08-04 12:31:44.459 10100 10100 I Glide   : com.bumptech.glide.load.HttpException: 
08-04 12:31:44.459 10100 10100 I Glide   : 	at com.bumptech.glide.integration.okhttp3.OkHttpStreamFetcher.onResponse(OkHttpStreamFetcher.java:73)
08-04 12:31:44.459 10100 10100 I Glide   : 	at okhttp3.RealCall$AsyncCall.execute(RealCall.java:174)
08-04 12:31:44.459 10100 10100 I Glide   : 	at okhttp3.internal.NamedRunnable.run(NamedRunnable.java:32)
08-04 12:31:44.459 10100 10100 I Glide   : 	at java.util.concurrent.ThreadPoolExecutor.runWorker(ThreadPoolExecutor.java:1113)
08-04 12:31:44.459 10100 10100 I Glide   : 	at java.util.concurrent.ThreadPoolExecutor$Worker.run(ThreadPoolExecutor.java:588)
08-04 12:31:44.459 10100 10100 I Glide   : 	at java.lang.Thread.run(Thread.java:818)
08-04 12:31:44.484 10100 10113 I art     : Explicit concurrent mark sweep GC freed 304(41KB) AllocSpace objects, 0(0B) LOS objects, 23% free, 50MB/66MB, paused 1.618ms total 43.034ms
08-04 12:31:44.497 10100 10113 I art     : Starting a blocking GC Explicit
08-04 12:31:44.543 10100 10113 I art     : Explicit concurrent mark sweep GC freed 183(7KB) AllocSpace objects, 0(0B) LOS objects, 23% free, 50MB/66MB, paused 1.645ms total 45.982ms
08-04 12:31:44.939 10100 10112 I art     : Starting a blocking GC Explicit
08-04 12:31:44.944  9378  9378 I ServiceManager: Waiting for service AtCmdFwd...
08-04 12:31:44.997 10100 10112 I art     : Explicit concurrent mark sweep GC freed 1387(81KB) AllocSpace objects, 1(20KB) LOS objects, 23% free, 50MB/66MB, paused 1.661ms total 57.829ms
08-04 12:31:45.013 10100 10112 I art     : Starting a blocking GC Explicit
08-04 12:31:45.061 10100 10112 I art     : Explicit concurrent mark sweep GC freed 23(752B) AllocSpace objects, 0(0B) LOS objects, 23% free, 50MB/66MB, paused 1.648ms total 47.493ms
08-04 12:31:45.074 10100 10112 I art     : Starting a blocking GC Explicit
08-04 12:31:45.121 10100 10112 I art     : Explicit concurrent mark sweep GC freed 3(96B) AllocSpace objects, 0(0B) LOS objects, 23% free, 50MB/66MB, paused 1.545ms total 46.332ms
08-04 12:31:45.134 10100 10112 I art     : Starting a blocking GC Explicit
08-04 12:31:45.181 10100 10112 I art     : Explicit concurrent mark sweep GC freed 15(480B) AllocSpace objects, 0(0B) LOS objects, 23% free, 50MB/66MB, paused 1.737ms total 46.514ms
08-04 12:31:45.195 10100 10112 I art     : Starting a blocking GC Explicit
08-04 12:31:45.239 10100 10112 I art     : Explicit concurrent mark sweep GC freed 16(512B) AllocSpace objects, 0(0B) LOS objects, 23% free, 50MB/66MB, paused 1.786ms total 44.270ms
08-04 12:31:45.587 13866 13882 I PeriodicStatsRunner: PeriodicStatsRunner.call():175 call()
08-04 12:31:45.589 13866 13882 I PeriodicStatsRunner: PeriodicStatsRunner.call():179 No submit PeriodicStats since input started.
08-04 12:31:45.612 10100 10122 I art     : Starting a blocking GC Explicit
08-04 12:31:45.670 10100 10122 I art     : Explicit concurrent mark sweep GC freed 1452(83KB) AllocSpace objects, 1(20KB) LOS objects, 23% free, 50MB/66MB, paused 2.016ms total 57.159ms
08-04 12:31:45.685 10100 10122 I art     : Starting a blocking GC Explicit
08-04 12:31:45.733 10100 10122 I art     : Explicit concurrent mark sweep GC freed 23(752B) AllocSpace objects, 0(0B) LOS objects, 23% free, 50MB/66MB, paused 1.662ms total 47.525ms
08-04 12:31:45.747 10100 10122 I art     : Starting a blocking GC Explicit
08-04 12:31:45.794 10100 10122 I art     : Explicit concurrent mark sweep GC freed 3(96B) AllocSpace objects, 0(0B) LOS objects, 23% free, 50MB/66MB, paused 1.552ms total 46.527ms
08-04 12:31:45.808 10100 10122 I art     : Starting a blocking GC Explicit
08-04 12:31:45.856 10100 10122 I art     : Explicit concurrent mark sweep GC freed 3(96B) AllocSpace objects, 0(0B) LOS objects, 23% free, 50MB/66MB, paused 1.661ms total 48.572ms
08-04 12:31:45.873 10100 10122 I art     : Starting a blocking GC Explicit
08-04 12:31:45.919 10100 10122 I art     : Explicit concurrent mark sweep GC freed 3(96B) AllocSpace objects, 0(0B) LOS objects, 23% free, 50MB/66MB, paused 1.713ms total 45.722ms
08-04 12:31:45.945  9378  9378 I ServiceManager: Waiting for service AtCmdFwd...
08-04 12:31:45.989 13866 13882 I PeriodicStatsRunner: PeriodicStatsRunner.call():175 call()
08-04 12:31:45.990 13866 13882 I PeriodicStatsRunner: PeriodicStatsRunner.call():179 No submit PeriodicStats since input started.
08-04 12:31:46.318 10100 10113 I art     : Starting a blocking GC Explicit
08-04 12:31:46.370 10100 10113 I art     : Explicit concurrent mark sweep GC freed 1412(82KB) AllocSpace objects, 1(20KB) LOS objects, 23% free, 50MB/66MB, paused 1.695ms total 49.249ms
08-04 12:31:46.383 10100 10113 I art     : Starting a blocking GC Explicit
08-04 12:31:46.426 10100 10113 I art     : Explicit concurrent mark sweep GC freed 23(752B) AllocSpace objects, 0(0B) LOS objects, 23% free, 50MB/66MB, paused 1.563ms total 43.009ms
08-04 12:31:46.439 10100 10113 I art     : Starting a blocking GC Explicit
08-04 12:31:46.483 10100 10113 I art     : Explicit concurrent mark sweep GC freed 3(96B) AllocSpace objects, 0(0B) LOS objects, 23% free, 50MB/66MB, paused 1.577ms total 43.001ms
08-04 12:31:46.495 10100 10113 I art     : Starting a blocking GC Explicit
08-04 12:31:46.538 10100 10113 I art     : Explicit concurrent mark sweep GC freed 3(96B) AllocSpace objects, 0(0B) LOS objects, 23% free, 50MB/66MB, paused 1.692ms total 42.480ms
08-04 12:31:46.551 10100 10113 I art     : Starting a blocking GC Explicit
08-04 12:31:46.598 10100 10113 I art     : Explicit concurrent mark sweep GC freed 3(96B) AllocSpace objects, 0(0B) LOS objects, 23% free, 50MB/66MB, paused 1.703ms total 46.313ms
08-04 12:31:46.946  9378  9378 I ServiceManager: Waiting for service AtCmdFwd...
08-04 12:31:46.977 10100 11029 I art     : Starting a blocking GC Explicit
08-04 12:31:47.033 10100 11029 I art     : Explicit concurrent mark sweep GC freed 1381(81KB) AllocSpace objects, 1(20KB) LOS objects, 23% free, 50MB/66MB, paused 1.745ms total 55.664ms
08-04 12:31:47.034 10100 10111 I art     : WaitForGcToComplete blocked for 50.585ms for cause HeapTrim
08-04 12:31:47.050 10100 11029 I art     : Starting a blocking GC Explicit
08-04 12:31:47.098 10100 11029 I art     : Explicit concurrent mark sweep GC freed 23(752B) AllocSpace objects, 0(0B) LOS objects, 23% free, 50MB/66MB, paused 1.577ms total 47.936ms
08-04 12:31:47.111 10100 11029 I art     : Starting a blocking GC Explicit
08-04 12:31:47.159 10100 11029 I art     : Explicit concurrent mark sweep GC freed 3(96B) AllocSpace objects, 0(0B) LOS objects, 23% free, 50MB/66MB, paused 1.672ms total 47.577ms
08-04 12:31:47.173 10100 11029 I art     : Starting a blocking GC Explicit
08-04 12:31:47.220 10100 11029 I art     : Explicit concurrent mark sweep GC freed 3(96B) AllocSpace objects, 0(0B) LOS objects, 23% free, 50MB/66MB, paused 1.700ms total 47.109ms
08-04 12:31:47.234 10100 11029 I art     : Starting a blocking GC Explicit
08-04 12:31:47.281 10100 11029 I art     : Explicit concurrent mark sweep GC freed 3(96B) AllocSpace objects, 0(0B) LOS objects, 23% free, 50MB/66MB, paused 1.638ms total 47.510ms
08-04 12:31:47.479 13866 13882 I PeriodicStatsRunner: PeriodicStatsRunner.call():175 call()
08-04 12:31:47.480 13866 13882 I PeriodicStatsRunner: PeriodicStatsRunner.call():179 No submit PeriodicStats since input started.
08-04 12:31:47.681 10100 10113 I art     : Starting a blocking GC Explicit
08-04 12:31:47.705   518   646 I ThermalEngine: ACTION: GPU - Setting GPU[0] to 510000000
08-04 12:31:47.735 10100 10113 I art     : Explicit concurrent mark sweep GC freed 1452(84KB) AllocSpace objects, 1(20KB) LOS objects, 23% free, 50MB/66MB, paused 1.582ms total 53.149ms
08-04 12:31:47.748 10100 10113 I art     : Starting a blocking GC Explicit
08-04 12:31:47.786 10100 10113 I art     : Explicit concurrent mark sweep GC freed 29(976B) AllocSpace objects, 0(0B) LOS objects, 23% free, 50MB/66MB, paused 1.233ms total 37.321ms
08-04 12:31:47.797 10100 10113 I art     : Starting a blocking GC Explicit
08-04 12:31:47.833 10100 10113 I art     : Explicit concurrent mark sweep GC freed 3(96B) AllocSpace objects, 0(0B) LOS objects, 23% free, 50MB/66MB, paused 1.220ms total 35.800ms
08-04 12:31:47.843 10100 10113 I art     : Starting a blocking GC Explicit
08-04 12:31:47.879 10100 10113 I art     : Explicit concurrent mark sweep GC freed 3(96B) AllocSpace objects, 0(0B) LOS objects, 23% free, 50MB/66MB, paused 1.271ms total 35.851ms
08-04 12:31:47.890 10100 10113 I art     : Starting a blocking GC Explicit
08-04 12:31:47.926 10100 10113 I art     : Explicit concurrent mark sweep GC freed 3(96B) AllocSpace objects, 0(0B) LOS objects, 23% free, 50MB/66MB, paused 1.226ms total 35.455ms
08-04 12:31:47.948  9378  9378 W Atfwd_Sendcmd: AtCmdFwd service not published, waiting... retryCnt : 3
08-04 12:31:48.291 10100 11029 I art     : Starting a blocking GC Explicit
08-04 12:31:48.338 10100 11029 I art     : Explicit concurrent mark sweep GC freed 1385(82KB) AllocSpace objects, 1(20KB) LOS objects, 23% free, 50MB/66MB, paused 1.197ms total 46.732ms
08-04 12:31:48.351 10100 11029 I art     : Starting a blocking GC Explicit
08-04 12:31:48.388 10100 11029 I art     : Explicit concurrent mark sweep GC freed 52(1536B) AllocSpace objects, 0(0B) LOS objects, 23% free, 50MB/66MB, paused 1.298ms total 36.243ms
08-04 12:31:48.398 10100 11029 I art     : Starting a blocking GC Explicit
08-04 12:31:48.434 10100 11029 I art     : Explicit concurrent mark sweep GC freed 3(96B) AllocSpace objects, 0(0B) LOS objects, 23% free, 50MB/66MB, paused 1.151ms total 35.691ms
08-04 12:31:48.445 10100 11029 I art     : Starting a blocking GC Explicit
08-04 12:31:48.480 10100 11029 I art     : Explicit concurrent mark sweep GC freed 3(96B) AllocSpace objects, 0(0B) LOS objects, 23% free, 50MB/66MB, paused 1.211ms total 35.301ms
08-04 12:31:48.491 10100 11029 I art     : Starting a blocking GC Explicit
08-04 12:31:48.527 10100 11029 I art     : Explicit concurrent mark sweep GC freed 3(96B) AllocSpace objects, 0(0B) LOS objects, 23% free, 50MB/66MB, paused 1.223ms total 35.731ms
08-04 12:31:48.848 10100 10112 I art     : Starting a blocking GC Explicit
08-04 12:31:48.891 10100 10112 I art     : Explicit concurrent mark sweep GC freed 1384(81KB) AllocSpace objects, 1(20KB) LOS objects, 23% free, 50MB/66MB, paused 1.231ms total 41.347ms
08-04 12:31:48.901 10100 10112 I art     : Starting a blocking GC Explicit
08-04 12:31:48.934 10100 10112 I art     : Explicit concurrent mark sweep GC freed 23(752B) AllocSpace objects, 0(0B) LOS objects, 23% free, 50MB/66MB, paused 1.157ms total 33.130ms
08-04 12:31:48.944 10100 10112 I art     : Starting a blocking GC Explicit
08-04 12:31:48.979 10100 10112 I art     : Explicit concurrent mark sweep GC freed 3(96B) AllocSpace objects, 0(0B) LOS objects, 23% free, 50MB/66MB, paused 1.244ms total 33.946ms
08-04 12:31:48.989 10100 10112 I art     : Starting a blocking GC Explicit
08-04 12:31:49.022 10100 10112 I art     : Explicit concurrent mark sweep GC freed 3(96B) AllocSpace objects, 0(0B) LOS objects, 23% free, 50MB/66MB, paused 1.229ms total 33.557ms
08-04 12:31:49.033 10100 10112 I art     : Starting a blocking GC Explicit
08-04 12:31:49.067 10100 10112 I art     : Explicit concurrent mark sweep GC freed 3(96B) AllocSpace objects, 0(0B) LOS objects, 23% free, 50MB/66MB, paused 1.184ms total 33.904ms
08-04 12:31:49.106 13257 13257 D AndroidRuntime: >>>>>> START com.android.internal.os.RuntimeInit uid 2000 <<<<<<
08-04 12:31:49.111 13257 13257 D AndroidRuntime: CheckJNI is OFF
08-04 12:31:49.145 13257 13257 D ICU     : No timezone override file found: /data/misc/zoneinfo/current/icu/icu_tzdata.dat
08-04 12:31:49.177 13257 13257 I Radio-JNI: register_android_hardware_Radio DONE
08-04 12:31:49.200 13257 13257 D AndroidRuntime: Calling main entry com.android.commands.input.Input
08-04 12:31:49.202 13257 13257 I Input   : injectMotionEvent: MotionEvent { action=ACTION_DOWN, actionButton=0, id[0]=0, x[0]=526.0, y[0]=597.0, toolType[0]=TOOL_TYPE_UNKNOWN, buttonState=0, metaState=0, flags=0x0, edgeFlags=0x0, pointerCount=1, historySize=0, eventTime=707525615, downTime=707525615, deviceId=0, source=0x1002 }
08-04 12:31:49.207 13257 13257 I Input   : injectMotionEvent: MotionEvent { action=ACTION_UP, actionButton=0, id[0]=0, x[0]=526.0, y[0]=597.0, toolType[0]=TOOL_TYPE_UNKNOWN, buttonState=0, metaState=0, flags=0x0, edgeFlags=0x0, pointerCount=1, historySize=0, eventTime=707525615, downTime=707525615, deviceId=0, source=0x1002 }
08-04 12:31:49.210 13257 13257 D AndroidRuntime: Shutting down VM
08-04 12:31:49.276 10100 10100 D PodcastListFragment: Selected podcast: GpodnetPodcast [url=http://feeds.feedburner.com/linuxoutlaws, title=Linux Outlaws, description=Two pragmatic geeks talk about the latest news concerning Linux, free and open
08-04 12:31:49.276 10100 10100 D PodcastListFragment: technology or anything else they deem noteworthy which may include such absurd
08-04 12:31:49.276 10100 10100 D PodcastListFragment: things as hockey or bands you never heard of. This means there's many a joke
08-04 12:31:49.276 10100 10100 D PodcastListFragment: and derailed conversation along the way, so don't come here expecting only
08-04 12:31:49.276 10100 10100 D PodcastListFragment: Linux or software freedom talk  just sit back and relax, partner., subscribers=3321, logoUrl=http://sixgun.org/files/linuxoutlaws.jpg, website=http://sixgun.org, mygpoLink=http://gpodder.net/podcast/linux-outlaws-mp3]
08-04 12:31:49.277   512  2967 D audio_hw_primary: out_set_parameters: enter: usecase(1: low-latency-playback) kvpairs: routing=2
08-04 12:31:49.279   918  3696 I ActivityManager: START u0 {cmp=baseline.de.danoeh.antennapod.debug/baseline.de.danoeh.antennapod.activity.OnlineFeedViewActivity (has extras)} from uid 10670 on display 0
08-04 12:31:49.291   512  2967 D audio_hw_primary: select_devices: out_snd_device(2: speaker) in_snd_device(0: none)
08-04 12:31:49.291   512  2967 D msm8974_platform: platform_send_audio_calibration: sending audio calibration for snd_device(2) acdb_id(15)
08-04 12:31:49.291   512  2967 I soundtrigger: audio_extn_sound_trigger_update_device_status: device 0x2 of type 0 for Event 1
08-04 12:31:49.303   512  2967 D audio_hw_primary: enable_snd_device: snd_device(2: speaker)
08-04 12:31:49.306   512  2967 D audio_hw_primary: enable_audio_route: apply and update mixer path: low-latency-playback speaker
08-04 12:31:49.318 10100 10100 D UserPreferences: Using default data folder
08-04 12:31:49.319 10100 10100 D OnlineFeedViewActivity: Activity was started with url http://feeds.feedburner.com/linuxoutlaws
08-04 12:31:49.322 10100 10100 D OnlineFeedViewActivity: Starting feed download
08-04 12:31:49.324 10100 10622 D DBReader: Extracting Feedlist
08-04 12:31:49.326   918  4400 D WifiService: acquireWifiLockLocked: WifiLock{Downloader type=1 binder=android.os.BinderProxy@f660739}
08-04 12:31:49.326 10100 10622 D AntennapodHttpClient: Creating new instance of HTTP client
08-04 12:31:49.370 10100 10122 I art     : Starting a blocking GC Explicit
08-04 12:31:49.386 13866 13866 I GoogleInputMethodServic: GoogleInputMethodService.onFinishInput():3138 
08-04 12:31:49.387 13866 13866 I GoogleInputMethodServic: GoogleInputMethodService.onStartInput():1808 
08-04 12:31:49.405 10100 10122 I art     : Explicit concurrent mark sweep GC freed 2843(201KB) AllocSpace objects, 2(40KB) LOS objects, 23% free, 51MB/67MB, paused 1.851ms total 34.684ms
08-04 12:31:49.407   918   936 I ActivityManager: Displayed baseline.de.danoeh.antennapod.debug/baseline.de.danoeh.antennapod.activity.OnlineFeedViewActivity: +116ms
08-04 12:31:49.416 10100 10122 I art     : Starting a blocking GC Explicit
08-04 12:31:49.433 10100 10121 D OpenGLRenderer: endAllStagingAnimators on 0x7f7d44e800 (GridView) with handle 0x7f72c8dfe0
08-04 12:31:49.452 10100 10122 I art     : Explicit concurrent mark sweep GC freed 376(17KB) AllocSpace objects, 0(0B) LOS objects, 23% free, 51MB/67MB, paused 1.215ms total 35.735ms
08-04 12:31:49.455 10100 10622 D MYTAG   : interceptor 3a http://feeds.feedburner.com/linuxoutlaws
08-04 12:31:49.456 10100 10622 I NAPPA_EXPERIMENTATION: MetricNetworkRequestExecutionTime: REQUEST_DURATION_SYSTEM='128',REQUEST_DURATION_OKHTTP='30',REQUEST_SYNCHRONOUS='TRUE',RESPONSE_CODE='200',RESPONSE_METHOD='GET',RESPONSE_LENGTH_OKHTTP='-1',RESPONSE_LENGTH_HEADER='-2',REQUEST_PROTOCOL='http/1.1',REQUEST_URL='http://feeds.feedburner.com/linuxoutlaws',
08-04 12:31:49.456 10100 10622 D HttpDownloader: Response code is 200
08-04 12:31:49.456 10100 10622 D UserPreferences: Using default data folder
08-04 12:31:49.458 10100 10622 D HttpDownloader: Getting size of download
08-04 12:31:49.458 10100 10622 D HttpDownloader: Size is -1
08-04 12:31:49.458 10100 10622 D UserPreferences: Using default data folder
08-04 12:31:49.458 10100 10622 D HttpDownloader: Free space is 20255141888
08-04 12:31:49.458 10100 10622 D HttpDownloader: Starting download
08-04 12:31:49.461 10100 10622 D HttpDownloader: Download was successful
08-04 12:31:49.461 10100 10122 I art     : Starting a blocking GC Explicit
08-04 12:31:49.461   918  4413 D WifiService: releaseWifiLockLocked: WifiLock{Downloader type=1 binder=android.os.BinderProxy@f660739}
08-04 12:31:49.464 10100 10100 D OnlineFeedViewActivity: Parsing feed
08-04 12:31:49.466 10100 13295 D TypeGetter: Recognized type RSS 2.0
08-04 12:31:49.468 10100 13295 D SyndHandler: Recognized Content namespace
08-04 12:31:49.469 10100 13295 D SyndHandler: Recognized DublinCore namespace
08-04 12:31:49.469 10100 13295 D SyndHandler: Recognized Atom namespace
08-04 12:31:49.469 10100 13295 D SyndHandler: Recognized ITunes namespace
08-04 12:31:49.469 10100 13295 D SyndHandler: Recognized media namespace
08-04 12:31:49.495 10100 10122 I art     : Explicit concurrent mark sweep GC freed 1655(377KB) AllocSpace objects, 3(60KB) LOS objects, 23% free, 51MB/67MB, paused 1.359ms total 33.348ms
08-04 12:31:49.504 10100 10122 I art     : Starting a blocking GC Explicit
08-04 12:31:49.507 10100 13295 D OnlineFeedViewActivity: Deleted feed source file. Result: true
08-04 12:31:49.507 10100 10100 D OnlineFeedViewActivity: Removing HTML from shownotes
08-04 12:31:49.525 10100 11045 D ApOkHttpUrlLoader: buildLoadData() called with: model = [http://sixgun.org/files/linuxoutlaws.jpg], width = [350], height = [350]
08-04 12:31:49.526 10100 10837 D DBReader: getImageAuthentication() called with: imageUrl = [http://sixgun.org/files/linuxoutlaws.jpg]
08-04 12:31:49.529 10100 10837 D ApOkHttpUrlLoader: no credentials for 'http://sixgun.org/files/linuxoutlaws.jpg'
08-04 12:31:49.540 10100 10122 I art     : Explicit concurrent mark sweep GC freed 4897(424KB) AllocSpace objects, 11(748KB) LOS objects, 23% free, 51MB/67MB, paused 2.184ms total 35.459ms
08-04 12:31:49.550 10100 10122 I art     : Starting a blocking GC Explicit
08-04 12:31:49.554 10100 10837 D DBWriter: updateFeedDownloadURL(original: http://sixgun.org/files/linuxoutlaws.jpg, updated: https://fab.industries/sixgun/files/linuxoutlaws.jpg)
08-04 12:31:49.585 10100 10122 I art     : Explicit concurrent mark sweep GC freed 7216(364KB) AllocSpace objects, 0(0B) LOS objects, 23% free, 51MB/67MB, paused 1.163ms total 34.483ms
08-04 12:31:49.639   380   380 W SurfaceFlinger: couldn't log to binary event log: overflow.
08-04 12:31:49.689 10100 10837 D MYTAG   : interceptor 2a
08-04 12:31:49.689 10100 10837 I NAPPA_EXPERIMENTATION: MetricNetworkRequestExecutionTime: REQUEST_DURATION_SYSTEM='160',REQUEST_DURATION_OKHTTP='132',REQUEST_SYNCHRONOUS='TRUE',RESPONSE_CODE='404',RESPONSE_METHOD='GET',RESPONSE_LENGTH_OKHTTP='-1',RESPONSE_LENGTH_HEADER='1503',REQUEST_PROTOCOL='h2',REQUEST_URL='https://fab.industries/sixgun/files/linuxoutlaws.jpg',
08-04 12:31:49.690 10100 10100 W Glide   : Load failed for http://sixgun.org/files/linuxoutlaws.jpg with size [350x350]
08-04 12:31:49.690 10100 10100 W Glide   : class com.bumptech.glide.load.engine.GlideException: Failed to load resource
08-04 12:31:49.690 10100 10100 W Glide   : There was 1 cause:
08-04 12:31:49.690 10100 10100 W Glide   : com.bumptech.glide.load.HttpException()
08-04 12:31:49.690 10100 10100 W Glide   :  call GlideException#logRootCauses(String) for more detail
08-04 12:31:49.690 10100 10100 W Glide   :   Cause (1 of 1): class com.bumptech.glide.load.engine.GlideException: Fetching data failed, class java.io.InputStream, REMOTE
08-04 12:31:49.690 10100 10100 W Glide   : There was 1 cause:
08-04 12:31:49.690 10100 10100 W Glide   : com.bumptech.glide.load.HttpException()
08-04 12:31:49.690 10100 10100 W Glide   :  call GlideException#logRootCauses(String) for more detail
08-04 12:31:49.690 10100 10100 W Glide   :     Cause (1 of 1): class com.bumptech.glide.load.HttpException: 
08-04 12:31:49.691 10100 10100 I Glide   : Root cause (1 of 1)
08-04 12:31:49.691 10100 10100 I Glide   : com.bumptech.glide.load.HttpException: 
08-04 12:31:49.691 10100 10100 I Glide   : 	at com.bumptech.glide.integration.okhttp3.OkHttpStreamFetcher.onResponse(OkHttpStreamFetcher.java:73)
08-04 12:31:49.691 10100 10100 I Glide   : 	at okhttp3.RealCall$AsyncCall.execute(RealCall.java:174)
08-04 12:31:49.691 10100 10100 I Glide   : 	at okhttp3.internal.NamedRunnable.run(NamedRunnable.java:32)
08-04 12:31:49.691 10100 10100 I Glide   : 	at java.util.concurrent.ThreadPoolExecutor.runWorker(ThreadPoolExecutor.java:1113)
08-04 12:31:49.691 10100 10100 I Glide   : 	at java.util.concurrent.ThreadPoolExecutor$Worker.run(ThreadPoolExecutor.java:588)
08-04 12:31:49.691 10100 10100 I Glide   : 	at java.lang.Thread.run(Thread.java:818)
08-04 12:31:49.782 10100 10100 D PlaybackController: Releasing PlaybackController
08-04 12:31:49.838   512  2967 D audio_hw_primary: disable_audio_route: reset and update mixer path: low-latency-playback speaker
08-04 12:31:49.839   512  2967 D audio_hw_primary: disable_snd_device: snd_device(2: speaker)
08-04 12:31:49.846   512  2967 I soundtrigger: audio_extn_sound_trigger_update_device_status: device 0x2 of type 0 for Event 0
08-04 12:31:49.876   918 13197 D NetworkMonitor/NetworkAgentInfo [WIFI () - 158]: Checking http://connectivitycheck.gstatic.com/generate_204 on "H369AA63323", 192.168.2.12=192.168.2.12
08-04 12:31:49.903 10100 11030 I art     : Starting a blocking GC Explicit
08-04 12:31:49.941 10100 11030 I art     : Explicit concurrent mark sweep GC freed 2287(152KB) AllocSpace objects, 2(132KB) LOS objects, 23% free, 51MB/67MB, paused 1.237ms total 38.064ms
08-04 12:31:49.952 10100 11030 I art     : Starting a blocking GC Explicit
08-04 12:31:49.966   918 13197 D NetworkMonitor/NetworkAgentInfo [WIFI () - 158]: Probably not a portal: exception java.io.IOException: unexpected end of stream on Connection{connectivitycheck.gstatic.com:80, proxy=HTTP@/192.168.2.12:8080 hostAddress=192.168.2.12 cipherSuite=none protocol=http/1.1} (recycle count=0)
08-04 12:31:49.967   918  3263 D ConnectivityService: NetworkAgentInfo [WIFI () - 158] validation failed
08-04 12:31:49.968   918  3261 E WifiConfigStore:  rewrite network history for "H369AA63323"WPA_PSK
08-04 12:31:49.990 10100 11030 I art     : Explicit concurrent mark sweep GC freed 60(2112B) AllocSpace objects, 0(0B) LOS objects, 23% free, 51MB/67MB, paused 1.251ms total 37.750ms
08-04 12:31:50.000 10100 11030 I art     : Starting a blocking GC Explicit
08-04 12:31:50.037 10100 11030 I art     : Explicit concurrent mark sweep GC freed 3(96B) AllocSpace objects, 0(0B) LOS objects, 23% free, 51MB/67MB, paused 1.315ms total 36.991ms
08-04 12:31:50.048 10100 11030 I art     : Starting a blocking GC Explicit
08-04 12:31:50.087 10100 11030 I art     : Explicit concurrent mark sweep GC freed 3(96B) AllocSpace objects, 0(0B) LOS objects, 23% free, 51MB/67MB, paused 1.254ms total 37.937ms
08-04 12:31:50.097 10100 11030 I art     : Starting a blocking GC Explicit
08-04 12:31:50.134 10100 11030 I art     : Explicit concurrent mark sweep GC freed 3(96B) AllocSpace objects, 0(0B) LOS objects, 23% free, 51MB/67MB, paused 1.226ms total 36.670ms
08-04 12:31:50.477 10100 10122 I art     : Starting a blocking GC Explicit
08-04 12:31:50.528 10100 10122 I art     : Explicit concurrent mark sweep GC freed 1410(81KB) AllocSpace objects, 1(20KB) LOS objects, 23% free, 51MB/67MB, paused 1.358ms total 50.701ms
08-04 12:31:50.539 10100 10122 I art     : Starting a blocking GC Explicit
08-04 12:31:50.577 10100 10122 I art     : Explicit concurrent mark sweep GC freed 23(752B) AllocSpace objects, 0(0B) LOS objects, 23% free, 51MB/67MB, paused 1.344ms total 37.676ms
08-04 12:31:50.588 10100 10122 I art     : Starting a blocking GC Explicit
08-04 12:31:50.626 10100 10122 I art     : Explicit concurrent mark sweep GC freed 3(96B) AllocSpace objects, 0(0B) LOS objects, 23% free, 51MB/67MB, paused 1.588ms total 37.851ms
08-04 12:31:50.637 10100 10122 I art     : Starting a blocking GC Explicit
08-04 12:31:50.675 10100 10122 I art     : Explicit concurrent mark sweep GC freed 3(96B) AllocSpace objects, 0(0B) LOS objects, 23% free, 51MB/67MB, paused 1.228ms total 37.206ms
08-04 12:31:50.685 10100 10122 I art     : Starting a blocking GC Explicit
08-04 12:31:50.723 10100 10122 I art     : Explicit concurrent mark sweep GC freed 3(96B) AllocSpace objects, 0(0B) LOS objects, 23% free, 51MB/67MB, paused 1.252ms total 36.875ms
08-04 12:31:51.091 10100 10113 I art     : Starting a blocking GC Explicit
08-04 12:31:51.142 10100 10113 I art     : Explicit concurrent mark sweep GC freed 1382(81KB) AllocSpace objects, 1(20KB) LOS objects, 23% free, 51MB/67MB, paused 1.352ms total 51.055ms
08-04 12:31:51.158 10100 10113 I art     : Starting a blocking GC Explicit
08-04 12:31:51.196 10100 10113 I art     : Explicit concurrent mark sweep GC freed 31(1008B) AllocSpace objects, 0(0B) LOS objects, 23% free, 51MB/67MB, paused 1.132ms total 37.267ms
08-04 12:31:51.207 10100 10113 I art     : Starting a blocking GC Explicit
08-04 12:31:51.243 10100 10113 I art     : Explicit concurrent mark sweep GC freed 8(256B) AllocSpace objects, 0(0B) LOS objects, 23% free, 51MB/67MB, paused 1.251ms total 35.736ms
08-04 12:31:51.253 10100 10113 I art     : Starting a blocking GC Explicit
08-04 12:31:51.289 10100 10113 I art     : Explicit concurrent mark sweep GC freed 8(256B) AllocSpace objects, 0(0B) LOS objects, 23% free, 51MB/67MB, paused 1.315ms total 35.167ms
08-04 12:31:51.299 10100 10113 I art     : Starting a blocking GC Explicit
08-04 12:31:51.335 10100 10113 I art     : Explicit concurrent mark sweep GC freed 9(288B) AllocSpace objects, 0(0B) LOS objects, 23% free, 51MB/67MB, paused 1.242ms total 35.549ms
08-04 12:31:51.688 10100 10112 I art     : Starting a blocking GC Explicit
08-04 12:31:51.741 10100 10112 I art     : Explicit concurrent mark sweep GC freed 1415(82KB) AllocSpace objects, 1(20KB) LOS objects, 23% free, 51MB/67MB, paused 1.350ms total 52.349ms
08-04 12:31:51.755 10100 10112 I art     : Starting a blocking GC Explicit
08-04 12:31:51.793 10100 10112 I art     : Explicit concurrent mark sweep GC freed 23(752B) AllocSpace objects, 0(0B) LOS objects, 23% free, 51MB/67MB, paused 1.254ms total 37.756ms
08-04 12:31:51.804 10100 10112 I art     : Starting a blocking GC Explicit
08-04 12:31:51.842 10100 10112 I art     : Explicit concurrent mark sweep GC freed 3(96B) AllocSpace objects, 0(0B) LOS objects, 23% free, 51MB/67MB, paused 1.234ms total 37.912ms
08-04 12:31:51.853 10100 10112 I art     : Starting a blocking GC Explicit
08-04 12:31:51.890 10100 10112 I art     : Explicit concurrent mark sweep GC freed 3(96B) AllocSpace objects, 0(0B) LOS objects, 23% free, 51MB/67MB, paused 1.231ms total 37.398ms
08-04 12:31:51.901 10100 10112 I art     : Starting a blocking GC Explicit
08-04 12:31:51.938 10100 10112 I art     : Explicit concurrent mark sweep GC freed 3(96B) AllocSpace objects, 0(0B) LOS objects, 23% free, 51MB/67MB, paused 1.301ms total 36.996ms
08-04 12:31:52.293 10100 11030 I art     : Starting a blocking GC Explicit
08-04 12:31:52.338 10100 11030 I art     : Explicit concurrent mark sweep GC freed 1381(81KB) AllocSpace objects, 1(20KB) LOS objects, 23% free, 51MB/67MB, paused 1.322ms total 44.212ms
08-04 12:31:52.349 10100 11030 I art     : Starting a blocking GC Explicit
08-04 12:31:52.385 10100 11030 I art     : Explicit concurrent mark sweep GC freed 52(1536B) AllocSpace objects, 0(0B) LOS objects, 23% free, 51MB/67MB, paused 1.218ms total 36.329ms
08-04 12:31:52.396 10100 11030 I art     : Starting a blocking GC Explicit
08-04 12:31:52.434 10100 11030 I art     : Explicit concurrent mark sweep GC freed 3(96B) AllocSpace objects, 0(0B) LOS objects, 23% free, 51MB/67MB, paused 1.259ms total 37.392ms
08-04 12:31:52.444 10100 11030 I art     : Starting a blocking GC Explicit
08-04 12:31:52.481 10100 11030 I art     : Explicit concurrent mark sweep GC freed 3(96B) AllocSpace objects, 0(0B) LOS objects, 23% free, 51MB/67MB, paused 1.226ms total 36.561ms
08-04 12:31:52.491 10100 11030 I art     : Starting a blocking GC Explicit
08-04 12:31:52.528 10100 11030 I art     : Explicit concurrent mark sweep GC freed 3(96B) AllocSpace objects, 0(0B) LOS objects, 23% free, 51MB/67MB, paused 1.255ms total 36.307ms
08-04 12:31:52.843 10100 11029 I art     : Starting a blocking GC Explicit
08-04 12:31:52.891 10100 11029 I art     : Explicit concurrent mark sweep GC freed 1383(84KB) AllocSpace objects, 1(20KB) LOS objects, 23% free, 51MB/67MB, paused 1.362ms total 46.766ms
08-04 12:31:52.907 10100 11029 I art     : Starting a blocking GC Explicit
08-04 12:31:52.943 10100 11029 I art     : Explicit concurrent mark sweep GC freed 37(1200B) AllocSpace objects, 0(0B) LOS objects, 23% free, 51MB/67MB, paused 1.210ms total 36.342ms
08-04 12:31:52.954 10100 11029 I art     : Starting a blocking GC Explicit
08-04 12:31:52.991 10100 11029 I art     : Explicit concurrent mark sweep GC freed 3(96B) AllocSpace objects, 0(0B) LOS objects, 23% free, 51MB/67MB, paused 1.238ms total 36.845ms
08-04 12:31:53.001 10100 11029 I art     : Starting a blocking GC Explicit
08-04 12:31:53.038 10100 11029 I art     : Explicit concurrent mark sweep GC freed 3(96B) AllocSpace objects, 0(0B) LOS objects, 23% free, 51MB/67MB, paused 1.248ms total 36.800ms
08-04 12:31:53.049 10100 11029 I art     : Starting a blocking GC Explicit
08-04 12:31:53.085 10100 11029 I art     : Explicit concurrent mark sweep GC freed 3(96B) AllocSpace objects, 0(0B) LOS objects, 23% free, 51MB/67MB, paused 1.208ms total 35.878ms
08-04 12:31:53.443 10100 10112 I art     : Starting a blocking GC Explicit
08-04 12:31:53.484 10100 10112 I art     : Explicit concurrent mark sweep GC freed 1413(82KB) AllocSpace objects, 1(20KB) LOS objects, 23% free, 51MB/67MB, paused 1.172ms total 40.628ms
08-04 12:31:53.495 10100 10112 I art     : Starting a blocking GC Explicit
08-04 12:31:53.529 10100 10112 I art     : Explicit concurrent mark sweep GC freed 23(752B) AllocSpace objects, 0(0B) LOS objects, 23% free, 51MB/67MB, paused 1.444ms total 34.113ms
08-04 12:31:53.540 10100 10112 I art     : Starting a blocking GC Explicit
08-04 12:31:53.573 10100 10112 I art     : Explicit concurrent mark sweep GC freed 3(96B) AllocSpace objects, 0(0B) LOS objects, 23% free, 51MB/67MB, paused 1.219ms total 33.590ms
08-04 12:31:53.583 10100 10112 I art     : Starting a blocking GC Explicit
08-04 12:31:53.618 10100 10112 I art     : Explicit concurrent mark sweep GC freed 3(96B) AllocSpace objects, 0(0B) LOS objects, 23% free, 51MB/67MB, paused 1.266ms total 34.860ms
08-04 12:31:53.629 10100 10112 I art     : Starting a blocking GC Explicit
08-04 12:31:53.663 10100 10112 I art     : Explicit concurrent mark sweep GC freed 3(96B) AllocSpace objects, 0(0B) LOS objects, 23% free, 51MB/67MB, paused 1.185ms total 33.938ms
08-04 12:31:53.884 13370 13370 D AndroidRuntime: >>>>>> START com.android.internal.os.RuntimeInit uid 2000 <<<<<<
08-04 12:31:53.889 13370 13370 D AndroidRuntime: CheckJNI is OFF
08-04 12:31:53.920 13370 13370 D ICU     : No timezone override file found: /data/misc/zoneinfo/current/icu/icu_tzdata.dat
08-04 12:31:53.953 13370 13370 I Radio-JNI: register_android_hardware_Radio DONE
08-04 12:31:53.974 13370 13370 D AndroidRuntime: Calling main entry com.android.commands.input.Input
08-04 12:31:53.976 13370 13370 I Input   : injectKeyEvent: KeyEvent { action=ACTION_DOWN, keyCode=KEYCODE_BACK, scanCode=0, metaState=0, flags=0x0, repeatCount=0, eventTime=707530389, downTime=707530389, deviceId=-1, source=0x101 }
08-04 12:31:53.982 13370 13370 I Input   : injectKeyEvent: KeyEvent { action=ACTION_UP, keyCode=KEYCODE_BACK, scanCode=0, metaState=0, flags=0x0, repeatCount=0, eventTime=707530389, downTime=707530389, deviceId=-1, source=0x101 }
08-04 12:31:53.988 13370 13370 D AndroidRuntime: Shutting down VM
08-04 12:31:53.993 10100 10100 V PlaybackController: initServiceNotRunning()
08-04 12:31:53.994 10100 10100 D ExternalPlayerFragment: Loading media info
08-04 12:31:53.997 10100 11045 D ApOkHttpUrlLoader: buildLoadData() called with: model = [http://sixgun.org/files/linuxoutlaws.jpg], width = [224], height = [224]
08-04 12:31:53.999 10100 10100 D UserPreferences: Using default data folder
08-04 12:31:53.999 10100 10622 D DBReader: getNavDrawerData() called with: 
08-04 12:31:54.001 10100 10837 D DBReader: getImageAuthentication() called with: imageUrl = [http://sixgun.org/files/linuxoutlaws.jpg]
08-04 12:31:54.006 10100 11030 I art     : Starting a blocking GC Explicit
08-04 12:31:54.011 10100 10837 D ApOkHttpUrlLoader: no credentials for 'http://sixgun.org/files/linuxoutlaws.jpg'
08-04 12:31:54.014 10100 10622 D DBReader: getDownloadedItems() called
08-04 12:31:54.015 10100 10622 D DBReader: getFavoriteIDList() called
08-04 12:31:54.016 10100 10622 D DBReader: getQueueIDList() called
08-04 12:31:54.017 10100 10622 D DBReader: Extracting Feedlist
08-04 12:31:54.041 10100 11030 I art     : Explicit concurrent mark sweep GC freed 2301(146KB) AllocSpace objects, 1(20KB) LOS objects, 23% free, 51MB/67MB, paused 1.352ms total 34.404ms
08-04 12:31:54.050 10100 11030 I art     : Starting a blocking GC Explicit
08-04 12:31:54.054 13866 13866 I GoogleInputMethodServic: GoogleInputMethodService.onFinishInput():3138 
08-04 12:31:54.054 10100 10100 D MainActivity: getLastNavFragment() -> AddFeedFragment
08-04 12:31:54.055 13866 13866 I GoogleInputMethodServic: GoogleInputMethodService.onStartInput():1808 
08-04 12:31:54.061 10100 10837 D DBWriter: updateFeedDownloadURL(original: http://sixgun.org/files/linuxoutlaws.jpg, updated: https://fab.industries/sixgun/files/linuxoutlaws.jpg)
08-04 12:31:54.084 10100 11030 I art     : Explicit concurrent mark sweep GC freed 1054(53KB) AllocSpace objects, 0(0B) LOS objects, 23% free, 51MB/67MB, paused 1.334ms total 33.076ms
08-04 12:31:54.093 10100 11030 I art     : Starting a blocking GC Explicit
08-04 12:31:54.126 10100 11030 I art     : Explicit concurrent mark sweep GC freed 109(5KB) AllocSpace objects, 0(0B) LOS objects, 23% free, 51MB/67MB, paused 1.415ms total 32.150ms
08-04 12:31:54.136 10100 11030 I art     : Starting a blocking GC Explicit
08-04 12:31:54.170 10100 11030 I art     : Explicit concurrent mark sweep GC freed 117(7KB) AllocSpace objects, 0(0B) LOS objects, 23% free, 51MB/67MB, paused 1.197ms total 33.490ms
08-04 12:31:54.180 10100 11030 I art     : Starting a blocking GC Explicit
08-04 12:31:54.196 10100 10837 D MYTAG   : interceptor 2a
08-04 12:31:54.197 10100 10837 I NAPPA_EXPERIMENTATION: MetricNetworkRequestExecutionTime: REQUEST_DURATION_SYSTEM='184',REQUEST_DURATION_OKHTTP='132',REQUEST_SYNCHRONOUS='TRUE',RESPONSE_CODE='404',RESPONSE_METHOD='GET',RESPONSE_LENGTH_OKHTTP='-1',RESPONSE_LENGTH_HEADER='1503',REQUEST_PROTOCOL='h2',REQUEST_URL='https://fab.industries/sixgun/files/linuxoutlaws.jpg',
08-04 12:31:54.199 10100 10100 W Glide   : Load failed for http://sixgun.org/files/linuxoutlaws.jpg with size [224x224]
08-04 12:31:54.199 10100 10100 W Glide   : class com.bumptech.glide.load.engine.GlideException: Failed to load resource
08-04 12:31:54.199 10100 10100 W Glide   : There was 1 cause:
08-04 12:31:54.199 10100 10100 W Glide   : com.bumptech.glide.load.HttpException()
08-04 12:31:54.199 10100 10100 W Glide   :  call GlideException#logRootCauses(String) for more detail
08-04 12:31:54.199 10100 10100 W Glide   :   Cause (1 of 1): class com.bumptech.glide.load.engine.GlideException: Fetching data failed, class java.io.InputStream, REMOTE
08-04 12:31:54.199 10100 10100 W Glide   : There was 1 cause:
08-04 12:31:54.199 10100 10100 W Glide   : com.bumptech.glide.load.HttpException()
08-04 12:31:54.199 10100 10100 W Glide   :  call GlideException#logRootCauses(String) for more detail
08-04 12:31:54.199 10100 10100 W Glide   :     Cause (1 of 1): class com.bumptech.glide.load.HttpException: 
08-04 12:31:54.199 10100 10100 I Glide   : Root cause (1 of 1)
08-04 12:31:54.199 10100 10100 I Glide   : com.bumptech.glide.load.HttpException: 
08-04 12:31:54.199 10100 10100 I Glide   : 	at com.bumptech.glide.integration.okhttp3.OkHttpStreamFetcher.onResponse(OkHttpStreamFetcher.java:73)
08-04 12:31:54.199 10100 10100 I Glide   : 	at okhttp3.RealCall$AsyncCall.execute(RealCall.java:174)
08-04 12:31:54.199 10100 10100 I Glide   : 	at okhttp3.internal.NamedRunnable.run(NamedRunnable.java:32)
08-04 12:31:54.199 10100 10100 I Glide   : 	at java.util.concurrent.ThreadPoolExecutor.runWorker(ThreadPoolExecutor.java:1113)
08-04 12:31:54.199 10100 10100 I Glide   : 	at java.util.concurrent.ThreadPoolExecutor$Worker.run(ThreadPoolExecutor.java:588)
08-04 12:31:54.199 10100 10100 I Glide   : 	at java.lang.Thread.run(Thread.java:818)
08-04 12:31:54.200 10100 10100 W Glide   : Load failed for http://sixgun.org/files/linuxoutlaws.jpg with size [224x224]
08-04 12:31:54.200 10100 10100 W Glide   : class com.bumptech.glide.load.engine.GlideException: Failed to load resource
08-04 12:31:54.200 10100 10100 W Glide   : There was 1 cause:
08-04 12:31:54.200 10100 10100 W Glide   : com.bumptech.glide.load.HttpException()
08-04 12:31:54.200 10100 10100 W Glide   :  call GlideException#logRootCauses(String) for more detail
08-04 12:31:54.200 10100 10100 W Glide   :   Cause (1 of 1): class com.bumptech.glide.load.engine.GlideException: Fetching data failed, class java.io.InputStream, REMOTE
08-04 12:31:54.200 10100 10100 W Glide   : There was 1 cause:
08-04 12:31:54.200 10100 10100 W Glide   : com.bumptech.glide.load.HttpException()
08-04 12:31:54.200 10100 10100 W Glide   :  call GlideException#logRootCauses(String) for more detail
08-04 12:31:54.200 10100 10100 W Glide   :     Cause (1 of 1): class com.bumptech.glide.load.HttpException: 
08-04 12:31:54.200 10100 10100 I Glide   : Root cause (1 of 1)
08-04 12:31:54.200 10100 10100 I Glide   : com.bumptech.glide.load.HttpException: 
08-04 12:31:54.200 10100 10100 I Glide   : 	at com.bumptech.glide.integration.okhttp3.OkHttpStreamFetcher.onResponse(OkHttpStreamFetcher.java:73)
08-04 12:31:54.200 10100 10100 I Glide   : 	at okhttp3.RealCall$AsyncCall.execute(RealCall.java:174)
08-04 12:31:54.200 10100 10100 I Glide   : 	at okhttp3.internal.NamedRunnable.run(NamedRunnable.java:32)
08-04 12:31:54.200 10100 10100 I Glide   : 	at java.util.concurrent.ThreadPoolExecutor.runWorker(ThreadPoolExecutor.java:1113)
08-04 12:31:54.200 10100 10100 I Glide   : 	at java.util.concurrent.ThreadPoolExecutor$Worker.run(ThreadPoolExecutor.java:588)
08-04 12:31:54.200 10100 10100 I Glide   : 	at java.lang.Thread.run(Thread.java:818)
08-04 12:31:54.222 10100 11030 I art     : Explicit concurrent mark sweep GC freed 417(69KB) AllocSpace objects, 0(0B) LOS objects, 23% free, 51MB/67MB, paused 1.119ms total 41.222ms
08-04 12:31:54.346   380   380 W SurfaceFlinger: couldn't log to binary event log: overflow.
08-04 12:31:54.386 13866 13882 I PeriodicStatsRunner: PeriodicStatsRunner.call():175 call()
08-04 12:31:54.386 13866 13882 I PeriodicStatsRunner: PeriodicStatsRunner.call():179 No submit PeriodicStats since input started.
08-04 12:31:54.509 10100 10112 I art     : Starting a blocking GC Explicit
08-04 12:31:54.543 10100 10112 I art     : Explicit concurrent mark sweep GC freed 2170(113KB) AllocSpace objects, 1(20KB) LOS objects, 23% free, 51MB/67MB, paused 1.164ms total 33.253ms
08-04 12:31:54.552 10100 10112 I art     : Starting a blocking GC Explicit
08-04 12:31:54.584 10100 10112 I art     : Explicit concurrent mark sweep GC freed 2879(236KB) AllocSpace objects, 1(28KB) LOS objects, 23% free, 50MB/66MB, paused 1.166ms total 31.589ms
08-04 12:31:54.594 10100 10112 I art     : Starting a blocking GC Explicit
08-04 12:31:54.625 10100 10112 I art     : Explicit concurrent mark sweep GC freed 3(96B) AllocSpace objects, 0(0B) LOS objects, 23% free, 50MB/66MB, paused 1.170ms total 31.168ms
08-04 12:31:54.634 10100 10112 I art     : Starting a blocking GC Explicit
08-04 12:31:54.667 10100 10112 I art     : Explicit concurrent mark sweep GC freed 3(96B) AllocSpace objects, 0(0B) LOS objects, 23% free, 50MB/66MB, paused 1.169ms total 31.950ms
08-04 12:31:54.676 10100 10112 I art     : Starting a blocking GC Explicit
08-04 12:31:54.708 10100 10112 I art     : Explicit concurrent mark sweep GC freed 3(96B) AllocSpace objects, 0(0B) LOS objects, 23% free, 50MB/66MB, paused 1.199ms total 32.023ms
08-04 12:31:55.018 10100 11029 I art     : Starting a blocking GC Explicit
08-04 12:31:55.064 10100 11029 I art     : Explicit concurrent mark sweep GC freed 1383(82KB) AllocSpace objects, 1(20KB) LOS objects, 23% free, 50MB/66MB, paused 1.369ms total 45.793ms
08-04 12:31:55.078 10100 11029 I art     : Starting a blocking GC Explicit
08-04 12:31:55.115 10100 11029 I art     : Explicit concurrent mark sweep GC freed 23(752B) AllocSpace objects, 0(0B) LOS objects, 23% free, 50MB/66MB, paused 1.377ms total 36.559ms
08-04 12:31:55.125 10100 11029 I art     : Starting a blocking GC Explicit
08-04 12:31:55.162 10100 11029 I art     : Explicit concurrent mark sweep GC freed 3(96B) AllocSpace objects, 0(0B) LOS objects, 23% free, 50MB/66MB, paused 1.247ms total 36.594ms
08-04 12:31:55.172 10100 11029 I art     : Starting a blocking GC Explicit
08-04 12:31:55.209 10100 11029 I art     : Explicit concurrent mark sweep GC freed 3(96B) AllocSpace objects, 0(0B) LOS objects, 23% free, 50MB/66MB, paused 1.276ms total 35.993ms
08-04 12:31:55.219 10100 11029 I art     : Starting a blocking GC Explicit
08-04 12:31:55.252 10100 11029 I art     : Explicit concurrent mark sweep GC freed 3(96B) AllocSpace objects, 0(0B) LOS objects, 23% free, 50MB/66MB, paused 1.212ms total 32.005ms
08-04 12:31:55.556 10100 10113 I art     : Starting a blocking GC Explicit
08-04 12:31:55.591 10100 10113 I art     : Explicit concurrent mark sweep GC freed 1411(82KB) AllocSpace objects, 1(20KB) LOS objects, 23% free, 50MB/66MB, paused 1.291ms total 35.302ms
08-04 12:31:55.602 10100 10113 I art     : Starting a blocking GC Explicit
08-04 12:31:55.638 10100 10113 I art     : Explicit concurrent mark sweep GC freed 30(976B) AllocSpace objects, 0(0B) LOS objects, 23% free, 50MB/66MB, paused 2.041ms total 35.880ms
08-04 12:31:55.645 13413 13413 D AndroidRuntime: >>>>>> START com.android.internal.os.RuntimeInit uid 2000 <<<<<<
08-04 12:31:55.649 10100 10113 I art     : Starting a blocking GC Explicit
08-04 12:31:55.650 13413 13413 D AndroidRuntime: CheckJNI is OFF
08-04 12:31:55.684 10100 10113 I art     : Explicit concurrent mark sweep GC freed 15(480B) AllocSpace objects, 0(0B) LOS objects, 23% free, 50MB/66MB, paused 1.308ms total 34.357ms
08-04 12:31:55.687 13413 13413 D ICU     : No timezone override file found: /data/misc/zoneinfo/current/icu/icu_tzdata.dat
08-04 12:31:55.694 10100 10113 I art     : Starting a blocking GC Explicit
08-04 12:31:55.721 13413 13413 I Radio-JNI: register_android_hardware_Radio DONE
08-04 12:31:55.726 10100 10113 I art     : Explicit concurrent mark sweep GC freed 11(352B) AllocSpace objects, 0(0B) LOS objects, 23% free, 50MB/66MB, paused 1.241ms total 31.671ms
08-04 12:31:55.735 10100 10113 I art     : Starting a blocking GC Explicit
08-04 12:31:55.743 13413 13413 D AndroidRuntime: Calling main entry com.android.commands.input.Input
08-04 12:31:55.744 13413 13413 I Input   : injectMotionEvent: MotionEvent { action=ACTION_DOWN, actionButton=0, id[0]=0, x[0]=526.0, y[0]=597.0, toolType[0]=TOOL_TYPE_UNKNOWN, buttonState=0, metaState=0, flags=0x0, edgeFlags=0x0, pointerCount=1, historySize=0, eventTime=707532157, downTime=707532157, deviceId=0, source=0x1002 }
08-04 12:31:55.750 13413 13413 I Input   : injectMotionEvent: MotionEvent { action=ACTION_UP, actionButton=0, id[0]=0, x[0]=526.0, y[0]=597.0, toolType[0]=TOOL_TYPE_UNKNOWN, buttonState=0, metaState=0, flags=0x0, edgeFlags=0x0, pointerCount=1, historySize=0, eventTime=707532157, downTime=707532157, deviceId=0, source=0x1002 }
08-04 12:31:55.753 13413 13413 D AndroidRuntime: Shutting down VM
08-04 12:31:55.767 10100 10113 I art     : Explicit concurrent mark sweep GC freed 26(864B) AllocSpace objects, 0(0B) LOS objects, 23% free, 50MB/66MB, paused 1.529ms total 30.938ms
08-04 12:31:55.830 10100 10100 D PodcastListFragment: Selected podcast: GpodnetPodcast [url=http://feeds.feedburner.com/linuxoutlaws, title=Linux Outlaws, description=Two pragmatic geeks talk about the latest news concerning Linux, free and open
08-04 12:31:55.830 10100 10100 D PodcastListFragment: technology or anything else they deem noteworthy which may include such absurd
08-04 12:31:55.830 10100 10100 D PodcastListFragment: things as hockey or bands you never heard of. This means there's many a joke
08-04 12:31:55.830 10100 10100 D PodcastListFragment: and derailed conversation along the way, so don't come here expecting only
08-04 12:31:55.830 10100 10100 D PodcastListFragment: Linux or software freedom talk  just sit back and relax, partner., subscribers=3321, logoUrl=http://sixgun.org/files/linuxoutlaws.jpg, website=http://sixgun.org, mygpoLink=http://gpodder.net/podcast/linux-outlaws-mp3]
08-04 12:31:55.831   918  5132 I ActivityManager: START u0 {cmp=baseline.de.danoeh.antennapod.debug/baseline.de.danoeh.antennapod.activity.OnlineFeedViewActivity (has extras)} from uid 10670 on display 0
08-04 12:31:55.832   512  2967 D audio_hw_primary: out_set_parameters: enter: usecase(1: low-latency-playback) kvpairs: routing=2
08-04 12:31:55.846   512  2967 D audio_hw_primary: select_devices: out_snd_device(2: speaker) in_snd_device(0: none)
08-04 12:31:55.846   512  2967 D msm8974_platform: platform_send_audio_calibration: sending audio calibration for snd_device(2) acdb_id(15)
08-04 12:31:55.846   512  2967 I soundtrigger: audio_extn_sound_trigger_update_device_status: device 0x2 of type 0 for Event 1
08-04 12:31:55.857   512  2967 D audio_hw_primary: enable_snd_device: snd_device(2: speaker)
08-04 12:31:55.859   512  2967 D audio_hw_primary: enable_audio_route: apply and update mixer path: low-latency-playback speaker
08-04 12:31:55.874 10100 10100 D UserPreferences: Using default data folder
08-04 12:31:55.874 10100 10100 D OnlineFeedViewActivity: Activity was started with url http://feeds.feedburner.com/linuxoutlaws
08-04 12:31:55.876 10100 10100 D OnlineFeedViewActivity: Starting feed download
08-04 12:31:55.878 10100 10126 D DBReader: Extracting Feedlist
08-04 12:31:55.880   918  3670 D WifiService: acquireWifiLockLocked: WifiLock{Downloader type=1 binder=android.os.BinderProxy@c730d06}
08-04 12:31:55.880 10100 10126 D AntennapodHttpClient: Creating new instance of HTTP client
08-04 12:31:55.921 13866 13866 I GoogleInputMethodServic: GoogleInputMethodService.onFinishInput():3138 
08-04 12:31:55.922 13866 13866 I GoogleInputMethodServic: GoogleInputMethodService.onStartInput():1808 
08-04 12:31:55.944   918   936 I ActivityManager: Displayed baseline.de.danoeh.antennapod.debug/baseline.de.danoeh.antennapod.activity.OnlineFeedViewActivity: +96ms
08-04 12:31:55.968 10100 10121 D OpenGLRenderer: endAllStagingAnimators on 0x7f7d44e800 (GridView) with handle 0x7f7e2d1bc0
08-04 12:31:56.010 10100 10126 D MYTAG   : interceptor 3a http://feeds.feedburner.com/linuxoutlaws
08-04 12:31:56.010 10100 10126 I NAPPA_EXPERIMENTATION: MetricNetworkRequestExecutionTime: REQUEST_DURATION_SYSTEM='129',REQUEST_DURATION_OKHTTP='31',REQUEST_SYNCHRONOUS='TRUE',RESPONSE_CODE='200',RESPONSE_METHOD='GET',RESPONSE_LENGTH_OKHTTP='-1',RESPONSE_LENGTH_HEADER='-2',REQUEST_PROTOCOL='http/1.1',REQUEST_URL='http://feeds.feedburner.com/linuxoutlaws',
08-04 12:31:56.010 10100 10126 D HttpDownloader: Response code is 200
08-04 12:31:56.010 10100 10126 D UserPreferences: Using default data folder
08-04 12:31:56.012 10100 10126 D HttpDownloader: Getting size of download
08-04 12:31:56.012 10100 10126 D HttpDownloader: Size is -1
08-04 12:31:56.012 10100 10126 D UserPreferences: Using default data folder
08-04 12:31:56.014 10100 10126 D HttpDownloader: Free space is 20255141888
08-04 12:31:56.014 10100 10126 D HttpDownloader: Starting download
08-04 12:31:56.019 10100 10126 D HttpDownloader: Download was successful
08-04 12:31:56.019   918  3359 D WifiService: releaseWifiLockLocked: WifiLock{Downloader type=1 binder=android.os.BinderProxy@c730d06}
08-04 12:31:56.020 10100 10100 D OnlineFeedViewActivity: Parsing feed
08-04 12:31:56.022 10100 13449 D TypeGetter: Recognized type RSS 2.0
08-04 12:31:56.024 10100 13449 D SyndHandler: Recognized Content namespace
08-04 12:31:56.024 10100 13449 D SyndHandler: Recognized DublinCore namespace
08-04 12:31:56.024 10100 13449 D SyndHandler: Recognized Atom namespace
08-04 12:31:56.024 10100 13449 D SyndHandler: Recognized ITunes namespace
08-04 12:31:56.024 10100 13449 D SyndHandler: Recognized media namespace
08-04 12:31:56.046 10100 11030 I art     : Starting a blocking GC Explicit
08-04 12:31:56.054 10100 13449 D OnlineFeedViewActivity: Deleted feed source file. Result: true
08-04 12:31:56.054 10100 10100 D OnlineFeedViewActivity: Removing HTML from shownotes
08-04 12:31:56.074 10100 11045 D ApOkHttpUrlLoader: buildLoadData() called with: model = [http://sixgun.org/files/linuxoutlaws.jpg], width = [350], height = [350]
08-04 12:31:56.075 10100 10837 D DBReader: getImageAuthentication() called with: imageUrl = [http://sixgun.org/files/linuxoutlaws.jpg]
08-04 12:31:56.079 10100 10837 D ApOkHttpUrlLoader: no credentials for 'http://sixgun.org/files/linuxoutlaws.jpg'
08-04 12:31:56.084 10100 11030 I art     : Explicit concurrent mark sweep GC freed 7680(882KB) AllocSpace objects, 15(828KB) LOS objects, 23% free, 51MB/67MB, paused 1.757ms total 38.213ms
08-04 12:31:56.094 10100 11030 I art     : Starting a blocking GC Explicit
08-04 12:31:56.107 10100 10837 D DBWriter: updateFeedDownloadURL(original: http://sixgun.org/files/linuxoutlaws.jpg, updated: https://fab.industries/sixgun/files/linuxoutlaws.jpg)
08-04 12:31:56.130 10100 11030 I art     : Explicit concurrent mark sweep GC freed 2198(128KB) AllocSpace objects, 0(0B) LOS objects, 23% free, 51MB/67MB, paused 1.350ms total 35.489ms
08-04 12:31:56.140 10100 11030 I art     : Starting a blocking GC Explicit
08-04 12:31:56.175 10100 11030 I art     : Explicit concurrent mark sweep GC freed 205(10KB) AllocSpace objects, 0(0B) LOS objects, 23% free, 51MB/67MB, paused 1.174ms total 34.187ms
08-04 12:31:56.186 10100 11030 I art     : Starting a blocking GC Explicit
08-04 12:31:56.197   380   380 W SurfaceFlinger: couldn't log to binary event log: overflow.
08-04 12:31:56.224 10100 11030 I art     : Explicit concurrent mark sweep GC freed 12(480B) AllocSpace objects, 0(0B) LOS objects, 23% free, 51MB/67MB, paused 1.137ms total 38.046ms
08-04 12:31:56.234 10100 11030 I art     : Starting a blocking GC Explicit
08-04 12:31:56.240 10100 10837 D MYTAG   : interceptor 2a
08-04 12:31:56.241 10100 10837 I NAPPA_EXPERIMENTATION: MetricNetworkRequestExecutionTime: REQUEST_DURATION_SYSTEM='161',REQUEST_DURATION_OKHTTP='131',REQUEST_SYNCHRONOUS='TRUE',RESPONSE_CODE='404',RESPONSE_METHOD='GET',RESPONSE_LENGTH_OKHTTP='-1',RESPONSE_LENGTH_HEADER='1503',REQUEST_PROTOCOL='h2',REQUEST_URL='https://fab.industries/sixgun/files/linuxoutlaws.jpg',
08-04 12:31:56.242 10100 10100 W Glide   : Load failed for http://sixgun.org/files/linuxoutlaws.jpg with size [350x350]
08-04 12:31:56.242 10100 10100 W Glide   : class com.bumptech.glide.load.engine.GlideException: Failed to load resource
08-04 12:31:56.242 10100 10100 W Glide   : There was 1 cause:
08-04 12:31:56.242 10100 10100 W Glide   : com.bumptech.glide.load.HttpException()
08-04 12:31:56.242 10100 10100 W Glide   :  call GlideException#logRootCauses(String) for more detail
08-04 12:31:56.242 10100 10100 W Glide   :   Cause (1 of 1): class com.bumptech.glide.load.engine.GlideException: Fetching data failed, class java.io.InputStream, REMOTE
08-04 12:31:56.242 10100 10100 W Glide   : There was 1 cause:
08-04 12:31:56.242 10100 10100 W Glide   : com.bumptech.glide.load.HttpException()
08-04 12:31:56.242 10100 10100 W Glide   :  call GlideException#logRootCauses(String) for more detail
08-04 12:31:56.242 10100 10100 W Glide   :     Cause (1 of 1): class com.bumptech.glide.load.HttpException: 
08-04 12:31:56.242 10100 10100 I Glide   : Root cause (1 of 1)
08-04 12:31:56.242 10100 10100 I Glide   : com.bumptech.glide.load.HttpException: 
08-04 12:31:56.242 10100 10100 I Glide   : 	at com.bumptech.glide.integration.okhttp3.OkHttpStreamFetcher.onResponse(OkHttpStreamFetcher.java:73)
08-04 12:31:56.242 10100 10100 I Glide   : 	at okhttp3.RealCall$AsyncCall.execute(RealCall.java:174)
08-04 12:31:56.242 10100 10100 I Glide   : 	at okhttp3.internal.NamedRunnable.run(NamedRunnable.java:32)
08-04 12:31:56.242 10100 10100 I Glide   : 	at java.util.concurrent.ThreadPoolExecutor.runWorker(ThreadPoolExecutor.java:1113)
08-04 12:31:56.242 10100 10100 I Glide   : 	at java.util.concurrent.ThreadPoolExecutor$Worker.run(ThreadPoolExecutor.java:588)
08-04 12:31:56.242 10100 10100 I Glide   : 	at java.lang.Thread.run(Thread.java:818)
08-04 12:31:56.266 10100 11030 I art     : Explicit concurrent mark sweep GC freed 312(42KB) AllocSpace objects, 0(0B) LOS objects, 23% free, 51MB/67MB, paused 1.125ms total 31.490ms
08-04 12:31:56.320 10100 10100 D PlaybackController: Releasing PlaybackController
08-04 12:31:56.398   512  2967 D audio_hw_primary: disable_audio_route: reset and update mixer path: low-latency-playback speaker
08-04 12:31:56.400   512  2967 D audio_hw_primary: disable_snd_device: snd_device(2: speaker)
08-04 12:31:56.408   512  2967 I soundtrigger: audio_extn_sound_trigger_update_device_status: device 0x2 of type 0 for Event 0
08-04 12:31:56.591 10100 10113 I art     : Starting a blocking GC Explicit
08-04 12:31:56.639 10100 10113 I art     : Explicit concurrent mark sweep GC freed 1869(103KB) AllocSpace objects, 2(132KB) LOS objects, 23% free, 51MB/67MB, paused 1.500ms total 47.545ms
08-04 12:31:56.653 10100 10113 I art     : Starting a blocking GC Explicit
08-04 12:31:56.692 10100 10113 I art     : Explicit concurrent mark sweep GC freed 42(1392B) AllocSpace objects, 0(0B) LOS objects, 23% free, 51MB/67MB, paused 1.290ms total 38.508ms
08-04 12:31:56.703 10100 10113 I art     : Starting a blocking GC Explicit
08-04 12:31:56.741 10100 10113 I art     : Explicit concurrent mark sweep GC freed 3(96B) AllocSpace objects, 0(0B) LOS objects, 23% free, 51MB/67MB, paused 1.447ms total 37.975ms
08-04 12:31:56.752 10100 10113 I art     : Starting a blocking GC Explicit
08-04 12:31:56.791 10100 10113 I art     : Explicit concurrent mark sweep GC freed 3(96B) AllocSpace objects, 0(0B) LOS objects, 23% free, 51MB/67MB, paused 1.510ms total 38.254ms
08-04 12:31:56.802 10100 10113 I art     : Starting a blocking GC Explicit
08-04 12:31:56.840 10100 10113 I art     : Explicit concurrent mark sweep GC freed 3(96B) AllocSpace objects, 0(0B) LOS objects, 23% free, 51MB/67MB, paused 1.280ms total 37.634ms
08-04 12:31:57.174 10100 10112 I art     : Starting a blocking GC Explicit
08-04 12:31:57.221 10100 10112 I art     : Explicit concurrent mark sweep GC freed 1381(81KB) AllocSpace objects, 1(20KB) LOS objects, 23% free, 51MB/67MB, paused 1.399ms total 47.181ms
08-04 12:31:57.239 10100 10112 I art     : Starting a blocking GC Explicit
08-04 12:31:57.274 10100 10112 I art     : Explicit concurrent mark sweep GC freed 23(752B) AllocSpace objects, 0(0B) LOS objects, 23% free, 51MB/67MB, paused 1.236ms total 35.177ms
08-04 12:31:57.285 10100 10112 I art     : Starting a blocking GC Explicit
08-04 12:31:57.322 10100 10112 I art     : Explicit concurrent mark sweep GC freed 3(96B) AllocSpace objects, 0(0B) LOS objects, 23% free, 51MB/67MB, paused 1.256ms total 37.015ms
08-04 12:31:57.332 10100 10112 I art     : Starting a blocking GC Explicit
08-04 12:31:57.371 10100 10112 I art     : Explicit concurrent mark sweep GC freed 32(880B) AllocSpace objects, 0(0B) LOS objects, 23% free, 51MB/67MB, paused 1.263ms total 38.459ms
08-04 12:31:57.371 10100 10111 I art     : WaitForGcToComplete blocked for 32.964ms for cause HeapTrim
08-04 12:31:57.382 10100 10112 I art     : Starting a blocking GC Explicit
08-04 12:31:57.419 10100 10112 I art     : Explicit concurrent mark sweep GC freed 3(96B) AllocSpace objects, 0(0B) LOS objects, 23% free, 51MB/67MB, paused 1.307ms total 35.961ms
08-04 12:31:57.786 10100 11029 I art     : Starting a blocking GC Explicit
08-04 12:31:57.827 10100 11029 I art     : Explicit concurrent mark sweep GC freed 1398(81KB) AllocSpace objects, 1(20KB) LOS objects, 23% free, 51MB/67MB, paused 1.610ms total 39.811ms
08-04 12:31:57.837 10100 11029 I art     : Starting a blocking GC Explicit
08-04 12:31:57.874 10100 11029 I art     : Explicit concurrent mark sweep GC freed 29(944B) AllocSpace objects, 0(0B) LOS objects, 23% free, 51MB/67MB, paused 1.155ms total 36.130ms
08-04 12:31:57.884 10100 11029 I art     : Starting a blocking GC Explicit
08-04 12:31:57.920 10100 11029 I art     : Explicit concurrent mark sweep GC freed 8(256B) AllocSpace objects, 0(0B) LOS objects, 23% free, 51MB/67MB, paused 1.126ms total 35.427ms
08-04 12:31:57.931 10100 11029 I art     : Starting a blocking GC Explicit
08-04 12:31:57.968 10100 11029 I art     : Explicit concurrent mark sweep GC freed 3(96B) AllocSpace objects, 0(0B) LOS objects, 23% free, 51MB/67MB, paused 1.251ms total 36.988ms
08-04 12:31:57.978 10100 11029 I art     : Starting a blocking GC Explicit
08-04 12:31:58.014 10100 11029 I art     : Explicit concurrent mark sweep GC freed 3(96B) AllocSpace objects, 0(0B) LOS objects, 23% free, 51MB/67MB, paused 1.221ms total 35.251ms
08-04 12:31:58.366 10100 10122 I art     : Starting a blocking GC Explicit
08-04 12:31:58.413 10100 10122 I art     : Explicit concurrent mark sweep GC freed 1418(82KB) AllocSpace objects, 1(20KB) LOS objects, 23% free, 51MB/67MB, paused 1.384ms total 46.746ms
08-04 12:31:58.427 10100 10122 I art     : Starting a blocking GC Explicit
08-04 12:31:58.465 10100 10122 I art     : Explicit concurrent mark sweep GC freed 23(752B) AllocSpace objects, 0(0B) LOS objects, 23% free, 51MB/67MB, paused 1.274ms total 37.503ms
08-04 12:31:58.475 10100 10122 I art     : Starting a blocking GC Explicit
08-04 12:31:58.513 10100 10122 I art     : Explicit concurrent mark sweep GC freed 3(96B) AllocSpace objects, 0(0B) LOS objects, 23% free, 51MB/67MB, paused 1.243ms total 37.853ms
08-04 12:31:58.524 10100 10122 I art     : Starting a blocking GC Explicit
08-04 12:31:58.561 10100 10122 I art     : Explicit concurrent mark sweep GC freed 3(96B) AllocSpace objects, 0(0B) LOS objects, 23% free, 51MB/67MB, paused 1.144ms total 36.389ms
08-04 12:31:58.571 10100 10122 I art     : Starting a blocking GC Explicit
08-04 12:31:58.609 10100 10122 I art     : Explicit concurrent mark sweep GC freed 3(96B) AllocSpace objects, 0(0B) LOS objects, 23% free, 51MB/67MB, paused 1.306ms total 36.890ms
08-04 12:31:58.982 10100 10112 I art     : Starting a blocking GC Explicit
08-04 12:31:59.030 10100 10112 I art     : Explicit concurrent mark sweep GC freed 1381(81KB) AllocSpace objects, 1(20KB) LOS objects, 23% free, 51MB/67MB, paused 1.437ms total 47.119ms
08-04 12:31:59.046 10100 10112 I art     : Starting a blocking GC Explicit
08-04 12:31:59.055 13866 13882 I PeriodicStatsRunner: PeriodicStatsRunner.call():175 call()
08-04 12:31:59.055 13866 13882 I PeriodicStatsRunner: PeriodicStatsRunner.call():179 No submit PeriodicStats since input started.
08-04 12:31:59.085 10100 10112 I art     : Explicit concurrent mark sweep GC freed 23(752B) AllocSpace objects, 0(0B) LOS objects, 23% free, 51MB/67MB, paused 1.213ms total 38.697ms
08-04 12:31:59.096 10100 10112 I art     : Starting a blocking GC Explicit
08-04 12:31:59.132 10100 10112 I art     : Explicit concurrent mark sweep GC freed 3(96B) AllocSpace objects, 0(0B) LOS objects, 23% free, 51MB/67MB, paused 1.225ms total 36.743ms
08-04 12:31:59.143 10100 10112 I art     : Starting a blocking GC Explicit
08-04 12:31:59.181 10100 10112 I art     : Explicit concurrent mark sweep GC freed 3(96B) AllocSpace objects, 0(0B) LOS objects, 23% free, 51MB/67MB, paused 1.151ms total 37.425ms
08-04 12:31:59.192 10100 10112 I art     : Starting a blocking GC Explicit
08-04 12:31:59.230 10100 10112 I art     : Explicit concurrent mark sweep GC freed 3(96B) AllocSpace objects, 0(0B) LOS objects, 23% free, 51MB/67MB, paused 1.266ms total 37.270ms
08-04 12:31:59.595 10100 11030 I art     : Starting a blocking GC Explicit
08-04 12:31:59.642 10100 11030 I art     : Explicit concurrent mark sweep GC freed 1412(84KB) AllocSpace objects, 1(20KB) LOS objects, 23% free, 51MB/67MB, paused 1.358ms total 47.197ms
08-04 12:31:59.655 10100 11030 I art     : Starting a blocking GC Explicit
08-04 12:31:59.693 10100 11030 I art     : Explicit concurrent mark sweep GC freed 23(752B) AllocSpace objects, 0(0B) LOS objects, 23% free, 51MB/67MB, paused 1.216ms total 37.223ms
08-04 12:31:59.703 10100 11030 I art     : Starting a blocking GC Explicit
08-04 12:31:59.740 10100 11030 I art     : Explicit concurrent mark sweep GC freed 3(96B) AllocSpace objects, 0(0B) LOS objects, 23% free, 51MB/67MB, paused 1.265ms total 36.811ms
08-04 12:31:59.751 10100 11030 I art     : Starting a blocking GC Explicit
08-04 12:31:59.789 10100 11030 I art     : Explicit concurrent mark sweep GC freed 3(96B) AllocSpace objects, 0(0B) LOS objects, 23% free, 51MB/67MB, paused 1.377ms total 37.969ms
08-04 12:31:59.800 10100 11030 I art     : Starting a blocking GC Explicit
08-04 12:31:59.839 10100 11030 I art     : Explicit concurrent mark sweep GC freed 3(96B) AllocSpace objects, 0(0B) LOS objects, 23% free, 51MB/67MB, paused 1.290ms total 38.080ms
08-04 12:32:00.172 10100 10113 I art     : Starting a blocking GC Explicit
08-04 12:32:00.210 10100 10113 I art     : Explicit concurrent mark sweep GC freed 1384(81KB) AllocSpace objects, 1(20KB) LOS objects, 23% free, 51MB/67MB, paused 1.307ms total 36.974ms
08-04 12:32:00.220 10100 10113 I art     : Starting a blocking GC Explicit
08-04 12:32:00.255 10100 10113 I art     : Explicit concurrent mark sweep GC freed 23(752B) AllocSpace objects, 0(0B) LOS objects, 23% free, 51MB/67MB, paused 1.285ms total 34.565ms
08-04 12:32:00.265 10100 10113 I art     : Starting a blocking GC Explicit
08-04 12:32:00.300 10100 10113 I art     : Explicit concurrent mark sweep GC freed 3(96B) AllocSpace objects, 0(0B) LOS objects, 23% free, 51MB/67MB, paused 1.245ms total 34.739ms
08-04 12:32:00.310 10100 10113 I art     : Starting a blocking GC Explicit
08-04 12:32:00.346 10100 10113 I art     : Explicit concurrent mark sweep GC freed 3(96B) AllocSpace objects, 0(0B) LOS objects, 23% free, 51MB/67MB, paused 1.249ms total 34.966ms
08-04 12:32:00.356 10100 10113 I art     : Starting a blocking GC Explicit
08-04 12:32:00.390 10100 10113 I art     : Explicit concurrent mark sweep GC freed 32(880B) AllocSpace objects, 0(0B) LOS objects, 23% free, 51MB/67MB, paused 1.209ms total 34.273ms
08-04 12:32:00.434 13514 13514 D AndroidRuntime: >>>>>> START com.android.internal.os.RuntimeInit uid 2000 <<<<<<
08-04 12:32:00.439 13514 13514 D AndroidRuntime: CheckJNI is OFF
08-04 12:32:00.475 13514 13514 D ICU     : No timezone override file found: /data/misc/zoneinfo/current/icu/icu_tzdata.dat
08-04 12:32:00.512 13514 13514 I Radio-JNI: register_android_hardware_Radio DONE
08-04 12:32:00.534 13514 13514 D AndroidRuntime: Calling main entry com.android.commands.input.Input
08-04 12:32:00.536 13514 13514 I Input   : injectKeyEvent: KeyEvent { action=ACTION_DOWN, keyCode=KEYCODE_BACK, scanCode=0, metaState=0, flags=0x0, repeatCount=0, eventTime=707536949, downTime=707536949, deviceId=-1, source=0x101 }
08-04 12:32:00.543 13514 13514 I Input   : injectKeyEvent: KeyEvent { action=ACTION_UP, keyCode=KEYCODE_BACK, scanCode=0, metaState=0, flags=0x0, repeatCount=0, eventTime=707536949, downTime=707536949, deviceId=-1, source=0x101 }
08-04 12:32:00.549 13514 13514 D AndroidRuntime: Shutting down VM
08-04 12:32:00.554 10100 10100 V PlaybackController: initServiceNotRunning()
08-04 12:32:00.555 10100 10100 D ExternalPlayerFragment: Loading media info
08-04 12:32:00.558 10100 11045 D ApOkHttpUrlLoader: buildLoadData() called with: model = [http://sixgun.org/files/linuxoutlaws.jpg], width = [224], height = [224]
08-04 12:32:00.559 10100 10837 D DBReader: getImageAuthentication() called with: imageUrl = [http://sixgun.org/files/linuxoutlaws.jpg]
08-04 12:32:00.561 10100 10100 D UserPreferences: Using default data folder
08-04 12:32:00.562 10100 10837 D ApOkHttpUrlLoader: no credentials for 'http://sixgun.org/files/linuxoutlaws.jpg'
08-04 12:32:00.564 10100 10126 D DBReader: getNavDrawerData() called with: 
08-04 12:32:00.574 10100 10126 D DBReader: getDownloadedItems() called
08-04 12:32:00.575 10100 10126 D DBReader: getFavoriteIDList() called
08-04 12:32:00.575 10100 10126 D DBReader: getQueueIDList() called
08-04 12:32:00.576 10100 10126 D DBReader: Extracting Feedlist
08-04 12:32:00.593 13866 13866 I GoogleInputMethodServic: GoogleInputMethodService.onFinishInput():3138 
08-04 12:32:00.593 10100 10100 D MainActivity: getLastNavFragment() -> AddFeedFragment
08-04 12:32:00.594 13866 13866 I GoogleInputMethodServic: GoogleInputMethodService.onStartInput():1808 
08-04 12:32:00.614 10100 10837 D DBWriter: updateFeedDownloadURL(original: http://sixgun.org/files/linuxoutlaws.jpg, updated: https://fab.industries/sixgun/files/linuxoutlaws.jpg)
08-04 12:32:00.694 10100 10122 I art     : Starting a blocking GC Explicit
08-04 12:32:00.730 10100 10122 I art     : Explicit concurrent mark sweep GC freed 3101(185KB) AllocSpace objects, 1(20KB) LOS objects, 23% free, 51MB/67MB, paused 1.164ms total 36.209ms
08-04 12:32:00.740 10100 10122 I art     : Starting a blocking GC Explicit
08-04 12:32:00.750 10100 10837 D MYTAG   : interceptor 2a
08-04 12:32:00.750 10100 10837 I NAPPA_EXPERIMENTATION: MetricNetworkRequestExecutionTime: REQUEST_DURATION_SYSTEM='188',REQUEST_DURATION_OKHTTP='134',REQUEST_SYNCHRONOUS='TRUE',RESPONSE_CODE='404',RESPONSE_METHOD='GET',RESPONSE_LENGTH_OKHTTP='-1',RESPONSE_LENGTH_HEADER='1503',REQUEST_PROTOCOL='h2',REQUEST_URL='https://fab.industries/sixgun/files/linuxoutlaws.jpg',
08-04 12:32:00.751 10100 10100 W Glide   : Load failed for http://sixgun.org/files/linuxoutlaws.jpg with size [224x224]
08-04 12:32:00.751 10100 10100 W Glide   : class com.bumptech.glide.load.engine.GlideException: Failed to load resource
08-04 12:32:00.751 10100 10100 W Glide   : There was 1 cause:
08-04 12:32:00.751 10100 10100 W Glide   : com.bumptech.glide.load.HttpException()
08-04 12:32:00.751 10100 10100 W Glide   :  call GlideException#logRootCauses(String) for more detail
08-04 12:32:00.751 10100 10100 W Glide   :   Cause (1 of 1): class com.bumptech.glide.load.engine.GlideException: Fetching data failed, class java.io.InputStream, REMOTE
08-04 12:32:00.751 10100 10100 W Glide   : There was 1 cause:
08-04 12:32:00.751 10100 10100 W Glide   : com.bumptech.glide.load.HttpException()
08-04 12:32:00.751 10100 10100 W Glide   :  call GlideException#logRootCauses(String) for more detail
08-04 12:32:00.751 10100 10100 W Glide   :     Cause (1 of 1): class com.bumptech.glide.load.HttpException: 
08-04 12:32:00.751 10100 10100 I Glide   : Root cause (1 of 1)
08-04 12:32:00.751 10100 10100 I Glide   : com.bumptech.glide.load.HttpException: 
08-04 12:32:00.751 10100 10100 I Glide   : 	at com.bumptech.glide.integration.okhttp3.OkHttpStreamFetcher.onResponse(OkHttpStreamFetcher.java:73)
08-04 12:32:00.751 10100 10100 I Glide   : 	at okhttp3.RealCall$AsyncCall.execute(RealCall.java:174)
08-04 12:32:00.751 10100 10100 I Glide   : 	at okhttp3.internal.NamedRunnable.run(NamedRunnable.java:32)
08-04 12:32:00.751 10100 10100 I Glide   : 	at java.util.concurrent.ThreadPoolExecutor.runWorker(ThreadPoolExecutor.java:1113)
08-04 12:32:00.751 10100 10100 I Glide   : 	at java.util.concurrent.ThreadPoolExecutor$Worker.run(ThreadPoolExecutor.java:588)
08-04 12:32:00.751 10100 10100 I Glide   : 	at java.lang.Thread.run(Thread.java:818)
08-04 12:32:00.752 10100 10100 W Glide   : Load failed for http://sixgun.org/files/linuxoutlaws.jpg with size [224x224]
08-04 12:32:00.752 10100 10100 W Glide   : class com.bumptech.glide.load.engine.GlideException: Failed to load resource
08-04 12:32:00.752 10100 10100 W Glide   : There was 1 cause:
08-04 12:32:00.752 10100 10100 W Glide   : com.bumptech.glide.load.HttpException()
08-04 12:32:00.752 10100 10100 W Glide   :  call GlideException#logRootCauses(String) for more detail
08-04 12:32:00.752 10100 10100 W Glide   :   Cause (1 of 1): class com.bumptech.glide.load.engine.GlideException: Fetching data failed, class java.io.InputStream, REMOTE
08-04 12:32:00.752 10100 10100 W Glide   : There was 1 cause:
08-04 12:32:00.752 10100 10100 W Glide   : com.bumptech.glide.load.HttpException()
08-04 12:32:00.752 10100 10100 W Glide   :  call GlideException#logRootCauses(String) for more detail
08-04 12:32:00.752 10100 10100 W Glide   :     Cause (1 of 1): class com.bumptech.glide.load.HttpException: 
08-04 12:32:00.752 10100 10100 I Glide   : Root cause (1 of 1)
08-04 12:32:00.752 10100 10100 I Glide   : com.bumptech.glide.load.HttpException: 
08-04 12:32:00.752 10100 10100 I Glide   : 	at com.bumptech.glide.integration.okhttp3.OkHttpStreamFetcher.onResponse(OkHttpStreamFetcher.java:73)
08-04 12:32:00.752 10100 10100 I Glide   : 	at okhttp3.RealCall$AsyncCall.execute(RealCall.java:174)
08-04 12:32:00.752 10100 10100 I Glide   : 	at okhttp3.internal.NamedRunnable.run(NamedRunnable.java:32)
08-04 12:32:00.752 10100 10100 I Glide   : 	at java.util.concurrent.ThreadPoolExecutor.runWorker(ThreadPoolExecutor.java:1113)
08-04 12:32:00.752 10100 10100 I Glide   : 	at java.util.concurrent.ThreadPoolExecutor$Worker.run(ThreadPoolExecutor.java:588)
08-04 12:32:00.752 10100 10100 I Glide   : 	at java.lang.Thread.run(Thread.java:818)
08-04 12:32:00.775 10100 10122 I art     : Explicit concurrent mark sweep GC freed 871(93KB) AllocSpace objects, 0(0B) LOS objects, 23% free, 51MB/67MB, paused 1.259ms total 34.396ms
08-04 12:32:00.784 10100 10122 I art     : Starting a blocking GC Explicit
08-04 12:32:00.818 10100 10122 I art     : Explicit concurrent mark sweep GC freed 208(8KB) AllocSpace objects, 0(0B) LOS objects, 23% free, 51MB/67MB, paused 1.110ms total 33.622ms
08-04 12:32:00.829 10100 10122 I art     : Starting a blocking GC Explicit
08-04 12:32:00.864 10100 10122 I art     : Explicit concurrent mark sweep GC freed 6(192B) AllocSpace objects, 0(0B) LOS objects, 23% free, 51MB/67MB, paused 1.322ms total 34.392ms
08-04 12:32:00.874 10100 10122 I art     : Starting a blocking GC Explicit
08-04 12:32:00.901   380   380 W SurfaceFlinger: couldn't log to binary event log: overflow.
08-04 12:32:00.912 10100 10122 I art     : Explicit concurrent mark sweep GC freed 477(20KB) AllocSpace objects, 0(0B) LOS objects, 23% free, 51MB/67MB, paused 2.032ms total 37.524ms
08-04 12:32:00.922 13866 13882 I PeriodicStatsRunner: PeriodicStatsRunner.call():175 call()
08-04 12:32:00.922 13866 13882 I PeriodicStatsRunner: PeriodicStatsRunner.call():179 No submit PeriodicStats since input started.
08-04 12:32:01.233 10100 11030 I art     : Starting a blocking GC Explicit
08-04 12:32:01.273 10100 11030 I art     : Explicit concurrent mark sweep GC freed 1500(87KB) AllocSpace objects, 1(20KB) LOS objects, 23% free, 51MB/67MB, paused 1.274ms total 39.037ms
08-04 12:32:01.283 10100 11030 I art     : Starting a blocking GC Explicit
08-04 12:32:01.320 10100 11030 I art     : Explicit concurrent mark sweep GC freed 2881(236KB) AllocSpace objects, 1(28KB) LOS objects, 23% free, 50MB/66MB, paused 1.279ms total 36.516ms
08-04 12:32:01.331 10100 11030 I art     : Starting a blocking GC Explicit
08-04 12:32:01.367 10100 11030 I art     : Explicit concurrent mark sweep GC freed 32(880B) AllocSpace objects, 0(0B) LOS objects, 23% free, 50MB/66MB, paused 1.431ms total 36.202ms
08-04 12:32:01.378 10100 11030 I art     : Starting a blocking GC Explicit
08-04 12:32:01.414 10100 11030 I art     : Explicit concurrent mark sweep GC freed 3(96B) AllocSpace objects, 0(0B) LOS objects, 23% free, 50MB/66MB, paused 1.243ms total 35.576ms
08-04 12:32:01.424 10100 11030 I art     : Starting a blocking GC Explicit
08-04 12:32:01.460 10100 11030 I art     : Explicit concurrent mark sweep GC freed 3(96B) AllocSpace objects, 0(0B) LOS objects, 23% free, 50MB/66MB, paused 1.241ms total 36.028ms
08-04 12:32:01.802 10100 10113 I art     : Starting a blocking GC Explicit
08-04 12:32:01.839 10100 10113 I art     : Explicit concurrent mark sweep GC freed 1383(81KB) AllocSpace objects, 1(20KB) LOS objects, 23% free, 50MB/66MB, paused 1.443ms total 36.689ms
08-04 12:32:01.850 10100 10113 I art     : Starting a blocking GC Explicit
08-04 12:32:01.883 10100 10113 I art     : Explicit concurrent mark sweep GC freed 23(752B) AllocSpace objects, 0(0B) LOS objects, 23% free, 50MB/66MB, paused 1.318ms total 33.368ms
08-04 12:32:01.894 10100 10113 I art     : Starting a blocking GC Explicit
08-04 12:32:01.927 10100 10113 I art     : Explicit concurrent mark sweep GC freed 3(96B) AllocSpace objects, 0(0B) LOS objects, 23% free, 50MB/66MB, paused 1.425ms total 33.108ms
08-04 12:32:01.937 10100 10113 I art     : Starting a blocking GC Explicit
08-04 12:32:01.971 10100 10113 I art     : Explicit concurrent mark sweep GC freed 3(96B) AllocSpace objects, 0(0B) LOS objects, 23% free, 50MB/66MB, paused 1.256ms total 33.755ms
08-04 12:32:01.981 10100 10113 I art     : Starting a blocking GC Explicit
08-04 12:32:02.015 10100 10113 I art     : Explicit concurrent mark sweep GC freed 3(96B) AllocSpace objects, 0(0B) LOS objects, 23% free, 50MB/66MB, paused 1.284ms total 33.828ms
08-04 12:32:02.205 13566 13566 D AndroidRuntime: >>>>>> START com.android.internal.os.RuntimeInit uid 2000 <<<<<<
08-04 12:32:02.211 13566 13566 D AndroidRuntime: CheckJNI is OFF
08-04 12:32:02.243 13566 13566 D ICU     : No timezone override file found: /data/misc/zoneinfo/current/icu/icu_tzdata.dat
08-04 12:32:02.274 13566 13566 I Radio-JNI: register_android_hardware_Radio DONE
08-04 12:32:02.295 13566 13566 D AndroidRuntime: Calling main entry com.android.commands.input.Input
08-04 12:32:02.297 13566 13566 I Input   : injectKeyEvent: KeyEvent { action=ACTION_DOWN, keyCode=KEYCODE_BACK, scanCode=0, metaState=0, flags=0x0, repeatCount=0, eventTime=707538710, downTime=707538710, deviceId=-1, source=0x101 }
08-04 12:32:02.300 13566 13566 I Input   : injectKeyEvent: KeyEvent { action=ACTION_UP, keyCode=KEYCODE_BACK, scanCode=0, metaState=0, flags=0x0, repeatCount=0, eventTime=707538710, downTime=707538710, deviceId=-1, source=0x101 }
08-04 12:32:02.302   918  3261 D WifiStateMachine: starting scan for "H369AA63323"WPA_PSK with 2412,5180
08-04 12:32:02.315 13566 13566 D AndroidRuntime: Shutting down VM
08-04 12:32:02.345 10100 10122 I art     : Starting a blocking GC Explicit
08-04 12:32:02.379 10100 10122 I art     : Explicit concurrent mark sweep GC freed 3601(172KB) AllocSpace objects, 1(20KB) LOS objects, 23% free, 51MB/67MB, paused 1.089ms total 34.105ms
08-04 12:32:02.389 10100 10122 I art     : Starting a blocking GC Explicit
08-04 12:32:02.423 10100 10122 I art     : Explicit concurrent mark sweep GC freed 5360(395KB) AllocSpace objects, 9(1620KB) LOS objects, 24% free, 49MB/65MB, paused 1.216ms total 33.994ms
08-04 12:32:02.433 10100 10122 I art     : Starting a blocking GC Explicit
08-04 12:32:02.466 10100 10122 I art     : Explicit concurrent mark sweep GC freed 23(896B) AllocSpace objects, 0(0B) LOS objects, 24% free, 49MB/65MB, paused 1.188ms total 33.098ms
08-04 12:32:02.476 10100 10122 I art     : Starting a blocking GC Explicit
08-04 12:32:02.510 10100 10122 I art     : Explicit concurrent mark sweep GC freed 3(96B) AllocSpace objects, 0(0B) LOS objects, 24% free, 49MB/65MB, paused 1.121ms total 32.998ms
08-04 12:32:02.520 10100 10122 I art     : Starting a blocking GC Explicit
08-04 12:32:02.553 10100 10122 I art     : Explicit concurrent mark sweep GC freed 3(96B) AllocSpace objects, 0(0B) LOS objects, 24% free, 49MB/65MB, paused 1.152ms total 33.254ms
08-04 12:32:02.864 10100 11030 I art     : Starting a blocking GC Explicit
08-04 12:32:02.907 10100 11030 I art     : Explicit concurrent mark sweep GC freed 1382(82KB) AllocSpace objects, 1(20KB) LOS objects, 24% free, 49MB/65MB, paused 1.214ms total 42.613ms
08-04 12:32:02.917 10100 11030 I art     : Starting a blocking GC Explicit
08-04 12:32:02.948  9378  9378 I ServiceManager: Waiting for service AtCmdFwd...
08-04 12:32:02.952 10100 11030 I art     : Explicit concurrent mark sweep GC freed 23(752B) AllocSpace objects, 0(0B) LOS objects, 24% free, 49MB/65MB, paused 1.212ms total 34.647ms
08-04 12:32:02.963 10100 11030 I art     : Starting a blocking GC Explicit
08-04 12:32:02.997 10100 11030 I art     : Explicit concurrent mark sweep GC freed 3(96B) AllocSpace objects, 0(0B) LOS objects, 24% free, 49MB/65MB, paused 1.343ms total 34.561ms
08-04 12:32:03.008 10100 11030 I art     : Starting a blocking GC Explicit
08-04 12:32:03.043 10100 11030 I art     : Explicit concurrent mark sweep GC freed 3(96B) AllocSpace objects, 0(0B) LOS objects, 24% free, 49MB/65MB, paused 1.218ms total 34.481ms
08-04 12:32:03.053 10100 11030 I art     : Starting a blocking GC Explicit
08-04 12:32:03.088 10100 11030 I art     : Explicit concurrent mark sweep GC freed 3(96B) AllocSpace objects, 0(0B) LOS objects, 24% free, 49MB/65MB, paused 1.377ms total 34.724ms
08-04 12:32:03.438 10100 10113 I art     : Starting a blocking GC Explicit
08-04 12:32:03.476 10100 10113 I art     : Explicit concurrent mark sweep GC freed 1410(82KB) AllocSpace objects, 1(20KB) LOS objects, 24% free, 49MB/65MB, paused 1.209ms total 37.849ms
08-04 12:32:03.486 10100 10113 I art     : Starting a blocking GC Explicit
08-04 12:32:03.520 10100 10113 I art     : Explicit concurrent mark sweep GC freed 23(752B) AllocSpace objects, 0(0B) LOS objects, 24% free, 49MB/65MB, paused 1.140ms total 33.743ms
08-04 12:32:03.531 10100 10113 I art     : Starting a blocking GC Explicit
08-04 12:32:03.564 10100 10113 I art     : Explicit concurrent mark sweep GC freed 3(96B) AllocSpace objects, 0(0B) LOS objects, 24% free, 49MB/65MB, paused 1.141ms total 32.847ms
08-04 12:32:03.574 10100 10113 I art     : Starting a blocking GC Explicit
08-04 12:32:03.607 10100 10113 I art     : Explicit concurrent mark sweep GC freed 3(96B) AllocSpace objects, 0(0B) LOS objects, 24% free, 49MB/65MB, paused 1.233ms total 32.214ms
08-04 12:32:03.617 10100 10113 I art     : Starting a blocking GC Explicit
08-04 12:32:03.649 10100 10113 I art     : Explicit concurrent mark sweep GC freed 3(96B) AllocSpace objects, 0(0B) LOS objects, 24% free, 49MB/65MB, paused 1.211ms total 31.190ms
08-04 12:32:03.949  9378  9378 I ServiceManager: Waiting for service AtCmdFwd...
08-04 12:32:03.955 10100 11030 I art     : Starting a blocking GC Explicit
08-04 12:32:03.968 13610 13610 D AndroidRuntime: >>>>>> START com.android.internal.os.RuntimeInit uid 2000 <<<<<<
08-04 12:32:03.973 13610 13610 D AndroidRuntime: CheckJNI is OFF
08-04 12:32:03.995 10100 11030 I art     : Explicit concurrent mark sweep GC freed 1391(83KB) AllocSpace objects, 1(20KB) LOS objects, 24% free, 49MB/65MB, paused 1.351ms total 38.884ms
08-04 12:32:04.006 10100 11030 I art     : Starting a blocking GC Explicit
08-04 12:32:04.014 13610 13610 D ICU     : No timezone override file found: /data/misc/zoneinfo/current/icu/icu_tzdata.dat
08-04 12:32:04.037 10100 11030 I art     : Explicit concurrent mark sweep GC freed 27(880B) AllocSpace objects, 0(0B) LOS objects, 24% free, 49MB/65MB, paused 1.190ms total 30.687ms
08-04 12:32:04.047 10100 11030 I art     : Starting a blocking GC Explicit
08-04 12:32:04.047 13610 13610 I Radio-JNI: register_android_hardware_Radio DONE
08-04 12:32:04.068 13610 13610 D AndroidRuntime: Calling main entry com.android.commands.input.Input
08-04 12:32:04.069 13610 13610 I Input   : injectMotionEvent: MotionEvent { action=ACTION_DOWN, actionButton=0, id[0]=0, x[0]=603.0, y[0]=1061.0, toolType[0]=TOOL_TYPE_UNKNOWN, buttonState=0, metaState=0, flags=0x0, edgeFlags=0x0, pointerCount=1, historySize=0, eventTime=707540482, downTime=707540482, deviceId=0, source=0x1002 }
08-04 12:32:04.075 13610 13610 I Input   : injectMotionEvent: MotionEvent { action=ACTION_UP, actionButton=0, id[0]=0, x[0]=603.0, y[0]=1061.0, toolType[0]=TOOL_TYPE_UNKNOWN, buttonState=0, metaState=0, flags=0x0, edgeFlags=0x0, pointerCount=1, historySize=0, eventTime=707540482, downTime=707540482, deviceId=0, source=0x1002 }
08-04 12:32:04.076 10100 11030 I art     : Explicit concurrent mark sweep GC freed 9(288B) AllocSpace objects, 0(0B) LOS objects, 24% free, 49MB/65MB, paused 1.247ms total 28.834ms
08-04 12:32:04.077 13610 13610 D AndroidRuntime: Shutting down VM
08-04 12:32:04.085 10100 11030 I art     : Starting a blocking GC Explicit
08-04 12:32:04.092   512  2967 D audio_hw_primary: out_set_parameters: enter: usecase(1: low-latency-playback) kvpairs: routing=2
08-04 12:32:04.105   512  2967 D audio_hw_primary: select_devices: out_snd_device(2: speaker) in_snd_device(0: none)
08-04 12:32:04.105   512  2967 D msm8974_platform: platform_send_audio_calibration: sending audio calibration for snd_device(2) acdb_id(15)
08-04 12:32:04.105   512  2967 I soundtrigger: audio_extn_sound_trigger_update_device_status: device 0x2 of type 0 for Event 1
08-04 12:32:04.115   512  2967 D audio_hw_primary: enable_snd_device: snd_device(2: speaker)
08-04 12:32:04.117 10100 11030 I art     : Explicit concurrent mark sweep GC freed 666(27KB) AllocSpace objects, 0(0B) LOS objects, 24% free, 49MB/65MB, paused 1.440ms total 31.482ms
08-04 12:32:04.117   512  2967 D audio_hw_primary: enable_audio_route: apply and update mixer path: low-latency-playback speaker
08-04 12:32:04.127 10100 11030 I art     : Starting a blocking GC Explicit
08-04 12:32:04.159 10100 11030 I art     : Explicit concurrent mark sweep GC freed 2310(94KB) AllocSpace objects, 0(0B) LOS objects, 24% free, 49MB/65MB, paused 1.840ms total 32.063ms
08-04 12:32:04.203 10100 12587 I NAPPA_EXPERIMENTATION: MetricNetworkRequestExecutionTime: REQUEST_DURATION_SYSTEM='73',REQUEST_DURATION_OKHTTP='73',REQUEST_SYNCHRONOUS='TRUE',RESPONSE_CODE='200',RESPONSE_METHOD='GET',RESPONSE_LENGTH_OKHTTP='2923',RESPONSE_LENGTH_HEADER='2923',REQUEST_PROTOCOL='http/1.1',REQUEST_URL='https://gpodder.net/api/2/tags/50.json',
08-04 12:32:04.222 10100 13633 I NAPPA_EXPERIMENTATION: MetricNetworkRequestExecutionTime: REQUEST_DURATION_SYSTEM='94',REQUEST_DURATION_OKHTTP='94',REQUEST_SYNCHRONOUS='TRUE',RESPONSE_CODE='200',RESPONSE_METHOD='GET',RESPONSE_LENGTH_OKHTTP='37507',RESPONSE_LENGTH_HEADER='37507',REQUEST_PROTOCOL='http/1.1',REQUEST_URL='https://gpodder.net/toplist/50.json',
08-04 12:32:04.265 10100 11045 D ApOkHttpUrlLoader: buildLoadData() called with: model = [http://sixgun.org/files/linuxoutlaws.jpg], width = [224], height = [224]
08-04 12:32:04.266 10100 10837 D DBReader: getImageAuthentication() called with: imageUrl = [http://sixgun.org/files/linuxoutlaws.jpg]
08-04 12:32:04.269 10100 10837 D ApOkHttpUrlLoader: no credentials for 'http://sixgun.org/files/linuxoutlaws.jpg'
08-04 12:32:04.272 10100 11045 D ApOkHttpUrlLoader: buildLoadData() called with: model = [https://files.thisamericanlife.org/sites/all/themes/thislife/img/tal-name-1400x1400.png], width = [224], height = [224]
08-04 12:32:04.276 10100 11045 D ApOkHttpUrlLoader: buildLoadData() called with: model = [https://elroy.twit.tv/sites/default/files/styles/twit_album_art_2048x2048/public/images/shows/floss_weekly/album_art/audio/floss_albumart_mask.jpg?itok=IUjxKpwt], width = [224], height = [224]
08-04 12:32:04.280 10100 11045 D ApOkHttpUrlLoader: buildLoadData() called with: model = [http://ichef.bbci.co.uk/images/ic/3000x3000/p07kfvzb.jpg], width = [224], height = [224]
08-04 12:32:04.284 10100 11045 D ApOkHttpUrlLoader: buildLoadData() called with: model = [https://pl.tedcdn.com/rss_feed_images/ted_talks_main_podcast/video.png], width = [224], height = [224]
08-04 12:32:04.290 10100 11045 D ApOkHttpUrlLoader: buildLoadData() called with: model = [https://elroy.twit.tv/sites/default/files/styles/twit_album_art_2048x2048/public/images/shows/this_week_in_tech/album_art/audio/twit1400audio.jpg?itok=J0vhatZb], width = [224], height = [224]
08-04 12:32:04.295 10100 11045 D ApOkHttpUrlLoader: buildLoadData() called with: model = [http://ichef.bbci.co.uk/images/ic/3000x3000/p03gtk3j.jpg], width = [224], height = [224]
08-04 12:32:04.297 10100 10837 D DBWriter: updateFeedDownloadURL(original: http://sixgun.org/files/linuxoutlaws.jpg, updated: https://fab.industries/sixgun/files/linuxoutlaws.jpg)
08-04 12:32:04.430 10100 11030 I art     : Starting a blocking GC Explicit
08-04 12:32:04.435 10100 10837 D MYTAG   : interceptor 2a
08-04 12:32:04.435 10100 10837 I NAPPA_EXPERIMENTATION: MetricNetworkRequestExecutionTime: REQUEST_DURATION_SYSTEM='165',REQUEST_DURATION_OKHTTP='135',REQUEST_SYNCHRONOUS='TRUE',RESPONSE_CODE='404',RESPONSE_METHOD='GET',RESPONSE_LENGTH_OKHTTP='-1',RESPONSE_LENGTH_HEADER='1503',REQUEST_PROTOCOL='h2',REQUEST_URL='https://fab.industries/sixgun/files/linuxoutlaws.jpg',
08-04 12:32:04.436 10100 10100 W Glide   : Load failed for http://sixgun.org/files/linuxoutlaws.jpg with size [224x224]
08-04 12:32:04.436 10100 10100 W Glide   : class com.bumptech.glide.load.engine.GlideException: Failed to load resource
08-04 12:32:04.436 10100 10100 W Glide   : There was 1 cause:
08-04 12:32:04.436 10100 10100 W Glide   : com.bumptech.glide.load.HttpException()
08-04 12:32:04.436 10100 10100 W Glide   :  call GlideException#logRootCauses(String) for more detail
08-04 12:32:04.436 10100 10100 W Glide   :   Cause (1 of 1): class com.bumptech.glide.load.engine.GlideException: Fetching data failed, class java.io.InputStream, REMOTE
08-04 12:32:04.436 10100 10100 W Glide   : There was 1 cause:
08-04 12:32:04.436 10100 10100 W Glide   : com.bumptech.glide.load.HttpException()
08-04 12:32:04.436 10100 10100 W Glide   :  call GlideException#logRootCauses(String) for more detail
08-04 12:32:04.436 10100 10100 W Glide   :     Cause (1 of 1): class com.bumptech.glide.load.HttpException: 
08-04 12:32:04.436 10100 10100 I Glide   : Root cause (1 of 1)
08-04 12:32:04.436 10100 10100 I Glide   : com.bumptech.glide.load.HttpException: 
08-04 12:32:04.436 10100 10100 I Glide   : 	at com.bumptech.glide.integration.okhttp3.OkHttpStreamFetcher.onResponse(OkHttpStreamFetcher.java:73)
08-04 12:32:04.436 10100 10100 I Glide   : 	at okhttp3.RealCall$AsyncCall.execute(RealCall.java:174)
08-04 12:32:04.436 10100 10100 I Glide   : 	at okhttp3.internal.NamedRunnable.run(NamedRunnable.java:32)
08-04 12:32:04.436 10100 10100 I Glide   : 	at java.util.concurrent.ThreadPoolExecutor.runWorker(ThreadPoolExecutor.java:1113)
08-04 12:32:04.436 10100 10100 I Glide   : 	at java.util.concurrent.ThreadPoolExecutor$Worker.run(ThreadPoolExecutor.java:588)
08-04 12:32:04.436 10100 10100 I Glide   : 	at java.lang.Thread.run(Thread.java:818)
08-04 12:32:04.437 10100 10100 W Glide   : Load failed for http://sixgun.org/files/linuxoutlaws.jpg with size [224x224]
08-04 12:32:04.437 10100 10100 W Glide   : class com.bumptech.glide.load.engine.GlideException: Failed to load resource
08-04 12:32:04.437 10100 10100 W Glide   : There was 1 cause:
08-04 12:32:04.437 10100 10100 W Glide   : com.bumptech.glide.load.HttpException()
08-04 12:32:04.437 10100 10100 W Glide   :  call GlideException#logRootCauses(String) for more detail
08-04 12:32:04.437 10100 10100 W Glide   :   Cause (1 of 1): class com.bumptech.glide.load.engine.GlideException: Fetching data failed, class java.io.InputStream, REMOTE
08-04 12:32:04.437 10100 10100 W Glide   : There was 1 cause:
08-04 12:32:04.437 10100 10100 W Glide   : com.bumptech.glide.load.HttpException()
08-04 12:32:04.437 10100 10100 W Glide   :  call GlideException#logRootCauses(String) for more detail
08-04 12:32:04.437 10100 10100 W Glide   :     Cause (1 of 1): class com.bumptech.glide.load.HttpException: 
08-04 12:32:04.437 10100 10100 I Glide   : Root cause (1 of 1)
08-04 12:32:04.437 10100 10100 I Glide   : com.bumptech.glide.load.HttpException: 
08-04 12:32:04.437 10100 10100 I Glide   : 	at com.bumptech.glide.integration.okhttp3.OkHttpStreamFetcher.onResponse(OkHttpStreamFetcher.java:73)
08-04 12:32:04.437 10100 10100 I Glide   : 	at okhttp3.RealCall$AsyncCall.execute(RealCall.java:174)
08-04 12:32:04.437 10100 10100 I Glide   : 	at okhttp3.internal.NamedRunnable.run(NamedRunnable.java:32)
08-04 12:32:04.437 10100 10100 I Glide   : 	at java.util.concurrent.ThreadPoolExecutor.runWorker(ThreadPoolExecutor.java:1113)
08-04 12:32:04.437 10100 10100 I Glide   : 	at java.util.concurrent.ThreadPoolExecutor$Worker.run(ThreadPoolExecutor.java:588)
08-04 12:32:04.437 10100 10100 I Glide   : 	at java.lang.Thread.run(Thread.java:818)
08-04 12:32:04.470 10100 11030 I art     : Explicit concurrent mark sweep GC freed 9878(664KB) AllocSpace objects, 5(432KB) LOS objects, 23% free, 50MB/66MB, paused 1.212ms total 39.437ms
08-04 12:32:04.479 10100 11030 I art     : Starting a blocking GC Explicit
08-04 12:32:04.513 10100 11030 I art     : Explicit concurrent mark sweep GC freed 398(16KB) AllocSpace objects, 0(0B) LOS objects, 23% free, 50MB/66MB, paused 1.217ms total 32.984ms
08-04 12:32:04.523 10100 11030 I art     : Starting a blocking GC Explicit
08-04 12:32:04.559 10100 11030 I art     : Explicit concurrent mark sweep GC freed 6(192B) AllocSpace objects, 0(0B) LOS objects, 23% free, 50MB/66MB, paused 1.452ms total 35.599ms
08-04 12:32:04.570 10100 11030 I art     : Starting a blocking GC Explicit
08-04 12:32:04.605 10100 11030 I art     : Explicit concurrent mark sweep GC freed 3(96B) AllocSpace objects, 0(0B) LOS objects, 23% free, 50MB/66MB, paused 1.144ms total 35.230ms
08-04 12:32:04.616 10100 11030 I art     : Starting a blocking GC Explicit
08-04 12:32:04.648 10100 11030 I art     : Explicit concurrent mark sweep GC freed 3(96B) AllocSpace objects, 0(0B) LOS objects, 23% free, 50MB/66MB, paused 1.204ms total 31.605ms
08-04 12:32:04.660   512  2967 D audio_hw_primary: disable_audio_route: reset and update mixer path: low-latency-playback speaker
08-04 12:32:04.661   512  2967 D audio_hw_primary: disable_snd_device: snd_device(2: speaker)
08-04 12:32:04.670   512  2967 I soundtrigger: audio_extn_sound_trigger_update_device_status: device 0x2 of type 0 for Event 0
08-04 12:32:04.949  9378  9378 I ServiceManager: Waiting for service AtCmdFwd...
08-04 12:32:04.970 10100 10112 I art     : Starting a blocking GC Explicit
08-04 12:32:05.009 10100 10112 I art     : Explicit concurrent mark sweep GC freed 1381(81KB) AllocSpace objects, 1(20KB) LOS objects, 23% free, 50MB/66MB, paused 1.311ms total 38.594ms
08-04 12:32:05.020 10100 10112 I art     : Starting a blocking GC Explicit
08-04 12:32:05.055 10100 10112 I art     : Explicit concurrent mark sweep GC freed 40(1344B) AllocSpace objects, 0(0B) LOS objects, 23% free, 50MB/66MB, paused 1.199ms total 35.425ms
08-04 12:32:05.065 10100 10112 I art     : Starting a blocking GC Explicit
08-04 12:32:05.102 10100 10112 I art     : Explicit concurrent mark sweep GC freed 3(96B) AllocSpace objects, 0(0B) LOS objects, 23% free, 50MB/66MB, paused 1.197ms total 35.970ms
08-04 12:32:05.112 10100 10112 I art     : Starting a blocking GC Explicit
08-04 12:32:05.148 10100 10112 I art     : Explicit concurrent mark sweep GC freed 3(96B) AllocSpace objects, 0(0B) LOS objects, 23% free, 50MB/66MB, paused 1.247ms total 35.920ms
08-04 12:32:05.159 10100 10112 I art     : Starting a blocking GC Explicit
08-04 12:32:05.195 10100 10112 I art     : Explicit concurrent mark sweep GC freed 3(96B) AllocSpace objects, 0(0B) LOS objects, 23% free, 50MB/66MB, paused 1.218ms total 35.534ms
08-04 12:32:05.532 10100 11029 I art     : Starting a blocking GC Explicit
08-04 12:32:05.579 10100 11029 I art     : Explicit concurrent mark sweep GC freed 1410(81KB) AllocSpace objects, 1(20KB) LOS objects, 23% free, 50MB/66MB, paused 1.539ms total 45.928ms
08-04 12:32:05.590 10100 11029 I art     : Starting a blocking GC Explicit
08-04 12:32:05.594 13866 13882 I PeriodicStatsRunner: PeriodicStatsRunner.call():175 call()
08-04 12:32:05.594 13866 13882 I PeriodicStatsRunner: PeriodicStatsRunner.call():179 No submit PeriodicStats since input started.
08-04 12:32:05.627 10100 11029 I art     : Explicit concurrent mark sweep GC freed 23(752B) AllocSpace objects, 0(0B) LOS objects, 23% free, 50MB/66MB, paused 1.209ms total 36.136ms
08-04 12:32:05.637 10100 11029 I art     : Starting a blocking GC Explicit
08-04 12:32:05.674 10100 11029 I art     : Explicit concurrent mark sweep GC freed 3(96B) AllocSpace objects, 0(0B) LOS objects, 23% free, 50MB/66MB, paused 1.289ms total 36.120ms
08-04 12:32:05.684 10100 11029 I art     : Starting a blocking GC Explicit
08-04 12:32:05.720 10100 11029 I art     : Explicit concurrent mark sweep GC freed 3(96B) AllocSpace objects, 0(0B) LOS objects, 23% free, 50MB/66MB, paused 1.211ms total 35.744ms
08-04 12:32:05.730 10100 11029 I art     : Starting a blocking GC Explicit
08-04 12:32:05.739   518   646 I ThermalEngine: ACTION: GPU - Setting GPU[0] to 450000000
08-04 12:32:05.776 10100 11029 I art     : Explicit concurrent mark sweep GC freed 3(96B) AllocSpace objects, 0(0B) LOS objects, 23% free, 50MB/66MB, paused 1.690ms total 45.282ms
08-04 12:32:05.950  9378  9378 I ServiceManager: Waiting for service AtCmdFwd...
08-04 12:32:06.155 10100 10112 I art     : Starting a blocking GC Explicit
08-04 12:32:06.202 10100 10112 I art     : Explicit concurrent mark sweep GC freed 1437(82KB) AllocSpace objects, 1(20KB) LOS objects, 23% free, 50MB/66MB, paused 1.635ms total 46.128ms
08-04 12:32:06.215 10100 10112 I art     : Starting a blocking GC Explicit
08-04 12:32:06.263 10100 10112 I art     : Explicit concurrent mark sweep GC freed 40(1328B) AllocSpace objects, 0(0B) LOS objects, 23% free, 50MB/66MB, paused 1.672ms total 47.203ms
08-04 12:32:06.276 10100 10112 I art     : Starting a blocking GC Explicit
08-04 12:32:06.324 10100 10112 I art     : Explicit concurrent mark sweep GC freed 3(96B) AllocSpace objects, 0(0B) LOS objects, 23% free, 50MB/66MB, paused 1.660ms total 47.785ms
08-04 12:32:06.338 10100 10112 I art     : Starting a blocking GC Explicit
08-04 12:32:06.387 10100 10112 I art     : Explicit concurrent mark sweep GC freed 32(880B) AllocSpace objects, 0(0B) LOS objects, 23% free, 50MB/66MB, paused 1.708ms total 48.779ms
08-04 12:32:06.401 10100 10112 I art     : Starting a blocking GC Explicit
08-04 12:32:06.449 10100 10112 I art     : Explicit concurrent mark sweep GC freed 3(96B) AllocSpace objects, 0(0B) LOS objects, 23% free, 50MB/66MB, paused 1.812ms total 47.655ms
08-04 12:32:06.846 10100 11030 I art     : Starting a blocking GC Explicit
08-04 12:32:06.908 10100 11030 I art     : Explicit concurrent mark sweep GC freed 1381(81KB) AllocSpace objects, 1(20KB) LOS objects, 23% free, 50MB/66MB, paused 1.685ms total 60.570ms
08-04 12:32:06.923 10100 11030 I art     : Starting a blocking GC Explicit
08-04 12:32:06.951  9378  9378 I ServiceManager: Waiting for service AtCmdFwd...
08-04 12:32:06.971 10100 11030 I art     : Explicit concurrent mark sweep GC freed 23(752B) AllocSpace objects, 0(0B) LOS objects, 23% free, 50MB/66MB, paused 1.678ms total 48.057ms
08-04 12:32:06.985 10100 11030 I art     : Starting a blocking GC Explicit
08-04 12:32:07.033 10100 11030 I art     : Explicit concurrent mark sweep GC freed 3(96B) AllocSpace objects, 0(0B) LOS objects, 23% free, 50MB/66MB, paused 1.577ms total 47.540ms
08-04 12:32:07.046 10100 11030 I art     : Starting a blocking GC Explicit
08-04 12:32:07.093 10100 11030 I art     : Explicit concurrent mark sweep GC freed 3(96B) AllocSpace objects, 0(0B) LOS objects, 23% free, 50MB/66MB, paused 1.659ms total 46.869ms
08-04 12:32:07.107 10100 11030 I art     : Starting a blocking GC Explicit
08-04 12:32:07.156 10100 11030 I art     : Explicit concurrent mark sweep GC freed 3(96B) AllocSpace objects, 0(0B) LOS objects, 23% free, 50MB/66MB, paused 1.649ms total 48.384ms
08-04 12:32:07.566 10100 10122 I art     : Starting a blocking GC Explicit
08-04 12:32:07.621 10100 10122 I art     : Explicit concurrent mark sweep GC freed 1410(81KB) AllocSpace objects, 1(20KB) LOS objects, 23% free, 50MB/66MB, paused 1.750ms total 53.902ms
08-04 12:32:07.636 10100 10122 I art     : Starting a blocking GC Explicit
08-04 12:32:07.683 10100 10122 I art     : Explicit concurrent mark sweep GC freed 23(752B) AllocSpace objects, 0(0B) LOS objects, 23% free, 50MB/66MB, paused 1.617ms total 46.507ms
08-04 12:32:07.697 10100 10122 I art     : Starting a blocking GC Explicit
08-04 12:32:07.740   518   646 I ThermalEngine: ACTION: GPU - Setting GPU[0] to 510000000
08-04 12:32:07.745 10100 10122 I art     : Explicit concurrent mark sweep GC freed 3(96B) AllocSpace objects, 0(0B) LOS objects, 23% free, 50MB/66MB, paused 1.766ms total 48.088ms
08-04 12:32:07.759 10100 10122 I art     : Starting a blocking GC Explicit
08-04 12:32:07.800 10100 10122 I art     : Explicit concurrent mark sweep GC freed 3(96B) AllocSpace objects, 0(0B) LOS objects, 23% free, 50MB/66MB, paused 1.172ms total 41.285ms
08-04 12:32:07.811 10100 10122 I art     : Starting a blocking GC Explicit
08-04 12:32:07.847 10100 10122 I art     : Explicit concurrent mark sweep GC freed 3(96B) AllocSpace objects, 0(0B) LOS objects, 23% free, 50MB/66MB, paused 1.357ms total 35.677ms
08-04 12:32:07.951  9378  9378 W Atfwd_Sendcmd: AtCmdFwd service not published, waiting... retryCnt : 4
08-04 12:32:08.214 10100 10113 I art     : Starting a blocking GC Explicit
08-04 12:32:08.261 10100 10113 I art     : Explicit concurrent mark sweep GC freed 1382(82KB) AllocSpace objects, 1(20KB) LOS objects, 23% free, 50MB/66MB, paused 1.399ms total 45.951ms
08-04 12:32:08.273 10100 10113 I art     : Starting a blocking GC Explicit
08-04 12:32:08.309 10100 10113 I art     : Explicit concurrent mark sweep GC freed 23(752B) AllocSpace objects, 0(0B) LOS objects, 23% free, 50MB/66MB, paused 1.263ms total 36.152ms
08-04 12:32:08.320 10100 10113 I art     : Starting a blocking GC Explicit
08-04 12:32:08.357 10100 10113 I art     : Explicit concurrent mark sweep GC freed 3(96B) AllocSpace objects, 0(0B) LOS objects, 23% free, 50MB/66MB, paused 1.220ms total 36.534ms
08-04 12:32:08.368 10100 10113 I art     : Starting a blocking GC Explicit
08-04 12:32:08.403 10100 10113 I art     : Explicit concurrent mark sweep GC freed 32(880B) AllocSpace objects, 0(0B) LOS objects, 23% free, 50MB/66MB, paused 1.150ms total 35.434ms
08-04 12:32:08.414 10100 10113 I art     : Starting a blocking GC Explicit
08-04 12:32:08.450 10100 10113 I art     : Explicit concurrent mark sweep GC freed 3(96B) AllocSpace objects, 0(0B) LOS objects, 23% free, 50MB/66MB, paused 1.295ms total 35.748ms
08-04 12:32:08.799 10100 11029 I art     : Starting a blocking GC Explicit
08-04 12:32:08.845 10100 11029 I art     : Explicit concurrent mark sweep GC freed 1384(81KB) AllocSpace objects, 1(20KB) LOS objects, 23% free, 50MB/66MB, paused 1.358ms total 45.318ms
08-04 12:32:08.859 10100 11029 I art     : Starting a blocking GC Explicit
08-04 12:32:08.895 10100 11029 I art     : Explicit concurrent mark sweep GC freed 23(752B) AllocSpace objects, 0(0B) LOS objects, 23% free, 50MB/66MB, paused 1.154ms total 35.978ms
08-04 12:32:08.905 10100 11029 I art     : Starting a blocking GC Explicit
08-04 12:32:08.942 10100 11029 I art     : Explicit concurrent mark sweep GC freed 3(96B) AllocSpace objects, 0(0B) LOS objects, 23% free, 50MB/66MB, paused 1.227ms total 36.345ms
08-04 12:32:08.953 10100 11029 I art     : Starting a blocking GC Explicit
08-04 12:32:08.989 10100 11029 I art     : Explicit concurrent mark sweep GC freed 3(96B) AllocSpace objects, 0(0B) LOS objects, 23% free, 50MB/66MB, paused 1.256ms total 36.508ms
08-04 12:32:09.000 10100 11029 I art     : Starting a blocking GC Explicit
08-04 12:32:09.036 10100 11029 I art     : Explicit concurrent mark sweep GC freed 3(96B) AllocSpace objects, 0(0B) LOS objects, 23% free, 50MB/66MB, paused 1.165ms total 35.227ms
08-04 12:32:09.384 10100 10112 I art     : Starting a blocking GC Explicit
08-04 12:32:09.429 10100 10112 I art     : Explicit concurrent mark sweep GC freed 1410(81KB) AllocSpace objects, 1(20KB) LOS objects, 23% free, 50MB/66MB, paused 1.601ms total 44.438ms
08-04 12:32:09.442 10100 10112 I art     : Starting a blocking GC Explicit
08-04 12:32:09.479 10100 10112 I art     : Explicit concurrent mark sweep GC freed 23(752B) AllocSpace objects, 0(0B) LOS objects, 23% free, 50MB/66MB, paused 1.300ms total 36.584ms
08-04 12:32:09.489 10100 10112 I art     : Starting a blocking GC Explicit
08-04 12:32:09.526 10100 10112 I art     : Explicit concurrent mark sweep GC freed 3(96B) AllocSpace objects, 0(0B) LOS objects, 23% free, 50MB/66MB, paused 1.165ms total 36.660ms
08-04 12:32:09.537 10100 10112 I art     : Starting a blocking GC Explicit
08-04 12:32:09.573 10100 10112 I art     : Explicit concurrent mark sweep GC freed 3(96B) AllocSpace objects, 0(0B) LOS objects, 23% free, 50MB/66MB, paused 1.225ms total 36.327ms
08-04 12:32:09.584 10100 10112 I art     : Starting a blocking GC Explicit
08-04 12:32:09.620 10100 10112 I art     : Explicit concurrent mark sweep GC freed 3(96B) AllocSpace objects, 0(0B) LOS objects, 23% free, 50MB/66MB, paused 1.205ms total 35.744ms
08-04 12:32:10.000 10100 11030 I art     : Starting a blocking GC Explicit
08-04 12:32:10.048 10100 11030 I art     : Explicit concurrent mark sweep GC freed 1381(81KB) AllocSpace objects, 1(20KB) LOS objects, 23% free, 50MB/66MB, paused 1.332ms total 47.705ms
08-04 12:32:10.061 10100 11030 I art     : Starting a blocking GC Explicit
08-04 12:32:10.098 10100 11030 I art     : Explicit concurrent mark sweep GC freed 23(752B) AllocSpace objects, 0(0B) LOS objects, 23% free, 50MB/66MB, paused 1.322ms total 36.748ms
08-04 12:32:10.108 10100 11030 I art     : Starting a blocking GC Explicit
08-04 12:32:10.145 10100 11030 I art     : Explicit concurrent mark sweep GC freed 3(96B) AllocSpace objects, 0(0B) LOS objects, 23% free, 50MB/66MB, paused 1.168ms total 36.198ms
08-04 12:32:10.155 10100 11030 I art     : Starting a blocking GC Explicit
08-04 12:32:10.191 10100 11030 I art     : Explicit concurrent mark sweep GC freed 3(96B) AllocSpace objects, 0(0B) LOS objects, 23% free, 50MB/66MB, paused 1.193ms total 35.183ms
08-04 12:32:10.201 10100 11030 I art     : Starting a blocking GC Explicit
08-04 12:32:10.237 10100 11030 I art     : Explicit concurrent mark sweep GC freed 3(96B) AllocSpace objects, 0(0B) LOS objects, 23% free, 50MB/66MB, paused 1.328ms total 35.661ms
08-04 12:32:10.553 10100 10122 I art     : Starting a blocking GC Explicit
08-04 12:32:10.590 10100 10122 I art     : Explicit concurrent mark sweep GC freed 1410(81KB) AllocSpace objects, 1(20KB) LOS objects, 23% free, 50MB/66MB, paused 1.308ms total 36.496ms
08-04 12:32:10.600 10100 10122 I art     : Starting a blocking GC Explicit
08-04 12:32:10.636 10100 10122 I art     : Explicit concurrent mark sweep GC freed 23(752B) AllocSpace objects, 0(0B) LOS objects, 23% free, 50MB/66MB, paused 1.210ms total 35.382ms
08-04 12:32:10.646 10100 10122 I art     : Starting a blocking GC Explicit
08-04 12:32:10.680 10100 10122 I art     : Explicit concurrent mark sweep GC freed 3(96B) AllocSpace objects, 0(0B) LOS objects, 23% free, 50MB/66MB, paused 1.220ms total 33.678ms
08-04 12:32:10.690 10100 10122 I art     : Starting a blocking GC Explicit
08-04 12:32:10.724 10100 10122 I art     : Explicit concurrent mark sweep GC freed 3(96B) AllocSpace objects, 0(0B) LOS objects, 23% free, 50MB/66MB, paused 1.231ms total 33.550ms
08-04 12:32:10.734 10100 10122 I art     : Starting a blocking GC Explicit
08-04 12:32:10.760 13738 13738 D AndroidRuntime: >>>>>> START com.android.internal.os.RuntimeInit uid 2000 <<<<<<
08-04 12:32:10.765 13738 13738 D AndroidRuntime: CheckJNI is OFF
08-04 12:32:10.769 10100 10122 I art     : Explicit concurrent mark sweep GC freed 3(96B) AllocSpace objects, 0(0B) LOS objects, 23% free, 50MB/66MB, paused 1.325ms total 34.567ms
08-04 12:32:10.799 13738 13738 D ICU     : No timezone override file found: /data/misc/zoneinfo/current/icu/icu_tzdata.dat
08-04 12:32:10.831 13738 13738 I Radio-JNI: register_android_hardware_Radio DONE
08-04 12:32:10.853 13738 13738 D AndroidRuntime: Calling main entry com.android.commands.input.Input
08-04 12:32:10.855 13738 13738 I Input   : injectMotionEvent: MotionEvent { action=ACTION_DOWN, actionButton=0, id[0]=0, x[0]=526.0, y[0]=597.0, toolType[0]=TOOL_TYPE_UNKNOWN, buttonState=0, metaState=0, flags=0x0, edgeFlags=0x0, pointerCount=1, historySize=0, eventTime=707547268, downTime=707547268, deviceId=0, source=0x1002 }
08-04 12:32:10.861 13738 13738 I Input   : injectMotionEvent: MotionEvent { action=ACTION_UP, actionButton=0, id[0]=0, x[0]=526.0, y[0]=597.0, toolType[0]=TOOL_TYPE_UNKNOWN, buttonState=0, metaState=0, flags=0x0, edgeFlags=0x0, pointerCount=1, historySize=0, eventTime=707547268, downTime=707547268, deviceId=0, source=0x1002 }
08-04 12:32:10.864 13738 13738 D AndroidRuntime: Shutting down VM
08-04 12:32:10.928 10100 10100 D PodcastListFragment: Selected podcast: GpodnetPodcast [url=http://feeds.feedburner.com/linuxoutlaws, title=Linux Outlaws, description=Two pragmatic geeks talk about the latest news concerning Linux, free and open
08-04 12:32:10.928 10100 10100 D PodcastListFragment: technology or anything else they deem noteworthy which may include such absurd
08-04 12:32:10.928 10100 10100 D PodcastListFragment: things as hockey or bands you never heard of. This means there's many a joke
08-04 12:32:10.928 10100 10100 D PodcastListFragment: and derailed conversation along the way, so don't come here expecting only
08-04 12:32:10.928 10100 10100 D PodcastListFragment: Linux or software freedom talk  just sit back and relax, partner., subscribers=3321, logoUrl=http://sixgun.org/files/linuxoutlaws.jpg, website=http://sixgun.org, mygpoLink=http://gpodder.net/podcast/linux-outlaws-mp3]
08-04 12:32:10.930   512  2967 D audio_hw_primary: out_set_parameters: enter: usecase(1: low-latency-playback) kvpairs: routing=2
08-04 12:32:10.931   918  6111 I ActivityManager: START u0 {cmp=baseline.de.danoeh.antennapod.debug/baseline.de.danoeh.antennapod.activity.OnlineFeedViewActivity (has extras)} from uid 10670 on display 0
08-04 12:32:10.942   512  2967 D audio_hw_primary: select_devices: out_snd_device(2: speaker) in_snd_device(0: none)
08-04 12:32:10.943   512  2967 D msm8974_platform: platform_send_audio_calibration: sending audio calibration for snd_device(2) acdb_id(15)
08-04 12:32:10.943   512  2967 I soundtrigger: audio_extn_sound_trigger_update_device_status: device 0x2 of type 0 for Event 1
08-04 12:32:10.955   512  2967 D audio_hw_primary: enable_snd_device: snd_device(2: speaker)
08-04 12:32:10.957   512  2967 D audio_hw_primary: enable_audio_route: apply and update mixer path: low-latency-playback speaker
08-04 12:32:10.962 10100 10100 D UserPreferences: Using default data folder
08-04 12:32:10.963 10100 10100 D OnlineFeedViewActivity: Activity was started with url http://feeds.feedburner.com/linuxoutlaws
08-04 12:32:10.965 10100 10100 D OnlineFeedViewActivity: Starting feed download
08-04 12:32:10.968 10100 10120 D DBReader: Extracting Feedlist
08-04 12:32:10.970   918  6110 D WifiService: acquireWifiLockLocked: WifiLock{Downloader type=1 binder=android.os.BinderProxy@d9e47af}
08-04 12:32:10.971 10100 10120 D AntennapodHttpClient: Creating new instance of HTTP client
08-04 12:32:11.022 13866 13866 I GoogleInputMethodServic: GoogleInputMethodService.onFinishInput():3138 
08-04 12:32:11.022 13866 13866 I GoogleInputMethodServic: GoogleInputMethodService.onStartInput():1808 
08-04 12:32:11.044   918   936 I ActivityManager: Displayed baseline.de.danoeh.antennapod.debug/baseline.de.danoeh.antennapod.activity.OnlineFeedViewActivity: +102ms
08-04 12:32:11.064 10100 10120 D MYTAG   : interceptor 3a http://feeds.feedburner.com/linuxoutlaws
08-04 12:32:11.064 10100 10120 I NAPPA_EXPERIMENTATION: MetricNetworkRequestExecutionTime: REQUEST_DURATION_SYSTEM='92',REQUEST_DURATION_OKHTTP='32',REQUEST_SYNCHRONOUS='TRUE',RESPONSE_CODE='200',RESPONSE_METHOD='GET',RESPONSE_LENGTH_OKHTTP='-1',RESPONSE_LENGTH_HEADER='-2',REQUEST_PROTOCOL='http/1.1',REQUEST_URL='http://feeds.feedburner.com/linuxoutlaws',
08-04 12:32:11.064 10100 10120 D HttpDownloader: Response code is 200
08-04 12:32:11.064 10100 10120 D UserPreferences: Using default data folder
08-04 12:32:11.065 10100 10121 D OpenGLRenderer: endAllStagingAnimators on 0x7f799aac00 (GridView) with handle 0x7f77c62f20
08-04 12:32:11.066 10100 10120 D HttpDownloader: Getting size of download
08-04 12:32:11.066 10100 10120 D HttpDownloader: Size is -1
08-04 12:32:11.066 10100 10120 D UserPreferences: Using default data folder
08-04 12:32:11.067 10100 10120 D HttpDownloader: Free space is 20255133696
08-04 12:32:11.067 10100 10120 D HttpDownloader: Starting download
08-04 12:32:11.075 10100 11029 I art     : Starting a blocking GC Explicit
08-04 12:32:11.085 10100 10120 D HttpDownloader: Download was successful
08-04 12:32:11.086   918  5481 D WifiService: releaseWifiLockLocked: WifiLock{Downloader type=1 binder=android.os.BinderProxy@d9e47af}
08-04 12:32:11.086 10100 10100 D OnlineFeedViewActivity: Parsing feed
08-04 12:32:11.089 10100 13772 D TypeGetter: Recognized type RSS 2.0
08-04 12:32:11.091 10100 13772 D SyndHandler: Recognized Content namespace
08-04 12:32:11.091 10100 13772 D SyndHandler: Recognized DublinCore namespace
08-04 12:32:11.091 10100 13772 D SyndHandler: Recognized Atom namespace
08-04 12:32:11.091 10100 13772 D SyndHandler: Recognized ITunes namespace
08-04 12:32:11.091 10100 13772 D SyndHandler: Recognized media namespace
08-04 12:32:11.114 10100 11029 I art     : Explicit concurrent mark sweep GC freed 4093(462KB) AllocSpace objects, 4(80KB) LOS objects, 23% free, 51MB/67MB, paused 2.676ms total 38.435ms
08-04 12:32:11.124 10100 11029 I art     : Starting a blocking GC Explicit
08-04 12:32:11.131 10100 13772 D OnlineFeedViewActivity: Deleted feed source file. Result: true
08-04 12:32:11.131 10100 10100 D OnlineFeedViewActivity: Removing HTML from shownotes
08-04 12:32:11.146 10100 11045 D ApOkHttpUrlLoader: buildLoadData() called with: model = [http://sixgun.org/files/linuxoutlaws.jpg], width = [350], height = [350]
08-04 12:32:11.147 10100 10837 D DBReader: getImageAuthentication() called with: imageUrl = [http://sixgun.org/files/linuxoutlaws.jpg]
08-04 12:32:11.150 10100 10837 D ApOkHttpUrlLoader: no credentials for 'http://sixgun.org/files/linuxoutlaws.jpg'
08-04 12:32:11.158 10100 11029 I art     : Explicit concurrent mark sweep GC freed 4460(451KB) AllocSpace objects, 11(748KB) LOS objects, 23% free, 51MB/67MB, paused 1.669ms total 34.468ms
08-04 12:32:11.168 10100 11029 I art     : Starting a blocking GC Explicit
08-04 12:32:11.182 10100 10837 D DBWriter: updateFeedDownloadURL(original: http://sixgun.org/files/linuxoutlaws.jpg, updated: https://fab.industries/sixgun/files/linuxoutlaws.jpg)
08-04 12:32:11.200 10100 11029 I art     : Explicit concurrent mark sweep GC freed 1437(91KB) AllocSpace objects, 0(0B) LOS objects, 23% free, 51MB/67MB, paused 1.153ms total 31.899ms
08-04 12:32:11.210 10100 11029 I art     : Starting a blocking GC Explicit
08-04 12:32:11.244 10100 11029 I art     : Explicit concurrent mark sweep GC freed 170(8KB) AllocSpace objects, 0(0B) LOS objects, 23% free, 51MB/67MB, paused 1.248ms total 34.319ms
08-04 12:32:11.255 10100 11029 I art     : Starting a blocking GC Explicit
08-04 12:32:11.294 10100 11029 I art     : Explicit concurrent mark sweep GC freed 12(480B) AllocSpace objects, 0(0B) LOS objects, 23% free, 51MB/67MB, paused 1.339ms total 38.880ms
08-04 12:32:11.297   380   380 W SurfaceFlinger: couldn't log to binary event log: overflow.
08-04 12:32:11.314 10100 10837 D MYTAG   : interceptor 2a
08-04 12:32:11.315 10100 10837 I NAPPA_EXPERIMENTATION: MetricNetworkRequestExecutionTime: REQUEST_DURATION_SYSTEM='164',REQUEST_DURATION_OKHTTP='128',REQUEST_SYNCHRONOUS='TRUE',RESPONSE_CODE='404',RESPONSE_METHOD='GET',RESPONSE_LENGTH_OKHTTP='-1',RESPONSE_LENGTH_HEADER='1503',REQUEST_PROTOCOL='h2',REQUEST_URL='https://fab.industries/sixgun/files/linuxoutlaws.jpg',
08-04 12:32:11.316 10100 10100 W Glide   : Load failed for http://sixgun.org/files/linuxoutlaws.jpg with size [350x350]
08-04 12:32:11.316 10100 10100 W Glide   : class com.bumptech.glide.load.engine.GlideException: Failed to load resource
08-04 12:32:11.316 10100 10100 W Glide   : There was 1 cause:
08-04 12:32:11.316 10100 10100 W Glide   : com.bumptech.glide.load.HttpException()
08-04 12:32:11.316 10100 10100 W Glide   :  call GlideException#logRootCauses(String) for more detail
08-04 12:32:11.316 10100 10100 W Glide   :   Cause (1 of 1): class com.bumptech.glide.load.engine.GlideException: Fetching data failed, class java.io.InputStream, REMOTE
08-04 12:32:11.316 10100 10100 W Glide   : There was 1 cause:
08-04 12:32:11.316 10100 10100 W Glide   : com.bumptech.glide.load.HttpException()
08-04 12:32:11.316 10100 10100 W Glide   :  call GlideException#logRootCauses(String) for more detail
08-04 12:32:11.316 10100 10100 W Glide   :     Cause (1 of 1): class com.bumptech.glide.load.HttpException: 
08-04 12:32:11.316 10100 10100 I Glide   : Root cause (1 of 1)
08-04 12:32:11.316 10100 10100 I Glide   : com.bumptech.glide.load.HttpException: 
08-04 12:32:11.316 10100 10100 I Glide   : 	at com.bumptech.glide.integration.okhttp3.OkHttpStreamFetcher.onResponse(OkHttpStreamFetcher.java:73)
08-04 12:32:11.316 10100 10100 I Glide   : 	at okhttp3.RealCall$AsyncCall.execute(RealCall.java:174)
08-04 12:32:11.316 10100 10100 I Glide   : 	at okhttp3.internal.NamedRunnable.run(NamedRunnable.java:32)
08-04 12:32:11.316 10100 10100 I Glide   : 	at java.util.concurrent.ThreadPoolExecutor.runWorker(ThreadPoolExecutor.java:1113)
08-04 12:32:11.316 10100 10100 I Glide   : 	at java.util.concurrent.ThreadPoolExecutor$Worker.run(ThreadPoolExecutor.java:588)
08-04 12:32:11.316 10100 10100 I Glide   : 	at java.lang.Thread.run(Thread.java:818)
08-04 12:32:11.427 10100 10100 D PlaybackController: Releasing PlaybackController
08-04 12:32:11.498   512  2967 D audio_hw_primary: disable_audio_route: reset and update mixer path: low-latency-playback speaker
08-04 12:32:11.499   512  2967 D audio_hw_primary: disable_snd_device: snd_device(2: speaker)
08-04 12:32:11.506   512  2967 I soundtrigger: audio_extn_sound_trigger_update_device_status: device 0x2 of type 0 for Event 0
08-04 12:32:11.620 10100 10112 I art     : Starting a blocking GC Explicit
08-04 12:32:11.661 10100 10112 I art     : Explicit concurrent mark sweep GC freed 2165(144KB) AllocSpace objects, 2(132KB) LOS objects, 23% free, 51MB/67MB, paused 1.349ms total 39.995ms
08-04 12:32:11.677 10100 10112 I art     : Starting a blocking GC Explicit
08-04 12:32:11.713 10100 10112 I art     : Explicit concurrent mark sweep GC freed 50(1792B) AllocSpace objects, 0(0B) LOS objects, 23% free, 51MB/67MB, paused 1.219ms total 35.588ms
08-04 12:32:11.724 10100 10112 I art     : Starting a blocking GC Explicit
08-04 12:32:11.761 10100 10112 I art     : Explicit concurrent mark sweep GC freed 3(96B) AllocSpace objects, 0(0B) LOS objects, 23% free, 51MB/67MB, paused 1.220ms total 36.861ms
08-04 12:32:11.771 10100 10112 I art     : Starting a blocking GC Explicit
08-04 12:32:11.809 10100 10112 I art     : Explicit concurrent mark sweep GC freed 3(96B) AllocSpace objects, 0(0B) LOS objects, 23% free, 51MB/67MB, paused 1.288ms total 37.803ms
08-04 12:32:11.820 10100 10112 I art     : Starting a blocking GC Explicit
08-04 12:32:11.858 10100 10112 I art     : Explicit concurrent mark sweep GC freed 3(96B) AllocSpace objects, 0(0B) LOS objects, 23% free, 51MB/67MB, paused 1.282ms total 37.992ms
08-04 12:32:12.199 10100 10122 I art     : Starting a blocking GC Explicit
08-04 12:32:12.253 10100 10122 I art     : Explicit concurrent mark sweep GC freed 1381(81KB) AllocSpace objects, 1(20KB) LOS objects, 23% free, 51MB/67MB, paused 1.536ms total 53.428ms
08-04 12:32:12.269 10100 10122 I art     : Starting a blocking GC Explicit
08-04 12:32:12.305 10100 10122 I art     : Explicit concurrent mark sweep GC freed 23(752B) AllocSpace objects, 0(0B) LOS objects, 23% free, 51MB/67MB, paused 1.220ms total 35.099ms
08-04 12:32:12.315 10100 10122 I art     : Starting a blocking GC Explicit
08-04 12:32:12.353 10100 10122 I art     : Explicit concurrent mark sweep GC freed 3(96B) AllocSpace objects, 0(0B) LOS objects, 23% free, 51MB/67MB, paused 1.252ms total 37.579ms
08-04 12:32:12.364 10100 10122 I art     : Starting a blocking GC Explicit
08-04 12:32:12.402 10100 10122 I art     : Explicit concurrent mark sweep GC freed 32(880B) AllocSpace objects, 0(0B) LOS objects, 23% free, 51MB/67MB, paused 1.280ms total 37.734ms
08-04 12:32:12.413 10100 10122 I art     : Starting a blocking GC Explicit
08-04 12:32:12.450 10100 10122 I art     : Explicit concurrent mark sweep GC freed 3(96B) AllocSpace objects, 0(0B) LOS objects, 23% free, 51MB/67MB, paused 1.275ms total 36.877ms
08-04 12:32:12.848 10100 11029 I art     : Starting a blocking GC Explicit
08-04 12:32:12.888 10100 11029 I art     : Explicit concurrent mark sweep GC freed 1398(81KB) AllocSpace objects, 1(20KB) LOS objects, 23% free, 51MB/67MB, paused 1.311ms total 39.707ms
08-04 12:32:12.899 10100 11029 I art     : Starting a blocking GC Explicit
08-04 12:32:12.936 10100 11029 I art     : Explicit concurrent mark sweep GC freed 29(944B) AllocSpace objects, 0(0B) LOS objects, 23% free, 51MB/67MB, paused 1.175ms total 36.179ms
08-04 12:32:12.947 10100 11029 I art     : Starting a blocking GC Explicit
08-04 12:32:12.984 10100 11029 I art     : Explicit concurrent mark sweep GC freed 9(288B) AllocSpace objects, 0(0B) LOS objects, 23% free, 51MB/67MB, paused 1.163ms total 36.660ms
08-04 12:32:12.995 10100 11029 I art     : Starting a blocking GC Explicit
08-04 12:32:13.032 10100 11029 I art     : Explicit concurrent mark sweep GC freed 4(128B) AllocSpace objects, 0(0B) LOS objects, 23% free, 51MB/67MB, paused 1.083ms total 36.612ms
08-04 12:32:13.042 10100 11029 I art     : Starting a blocking GC Explicit
08-04 12:32:13.078 10100 11029 I art     : Explicit concurrent mark sweep GC freed 3(96B) AllocSpace objects, 0(0B) LOS objects, 23% free, 51MB/67MB, paused 1.327ms total 34.994ms
08-04 12:32:13.458 10100 11030 I art     : Starting a blocking GC Explicit
08-04 12:32:13.505 10100 11030 I art     : Explicit concurrent mark sweep GC freed 1410(81KB) AllocSpace objects, 1(20KB) LOS objects, 23% free, 51MB/67MB, paused 1.340ms total 46.844ms
08-04 12:32:13.518 10100 11030 I art     : Starting a blocking GC Explicit
08-04 12:32:13.556 10100 11030 I art     : Explicit concurrent mark sweep GC freed 23(752B) AllocSpace objects, 0(0B) LOS objects, 23% free, 51MB/67MB, paused 1.261ms total 37.233ms
08-04 12:32:13.567 10100 11030 I art     : Starting a blocking GC Explicit
08-04 12:32:13.605 10100 11030 I art     : Explicit concurrent mark sweep GC freed 3(96B) AllocSpace objects, 0(0B) LOS objects, 23% free, 51MB/67MB, paused 1.270ms total 38.005ms
08-04 12:32:13.616 10100 11030 I art     : Starting a blocking GC Explicit
08-04 12:32:13.654 10100 11030 I art     : Explicit concurrent mark sweep GC freed 3(96B) AllocSpace objects, 0(0B) LOS objects, 23% free, 51MB/67MB, paused 1.258ms total 37.936ms
08-04 12:32:13.665 10100 11030 I art     : Starting a blocking GC Explicit
08-04 12:32:13.703 10100 11030 I art     : Explicit concurrent mark sweep GC freed 3(96B) AllocSpace objects, 0(0B) LOS objects, 23% free, 51MB/67MB, paused 1.244ms total 37.777ms
08-04 12:32:14.073 10100 10112 I art     : Starting a blocking GC Explicit
08-04 12:32:14.121 10100 10112 I art     : Explicit concurrent mark sweep GC freed 1381(81KB) AllocSpace objects, 1(20KB) LOS objects, 23% free, 51MB/67MB, paused 1.379ms total 47.754ms
08-04 12:32:14.137 10100 10112 I art     : Starting a blocking GC Explicit
08-04 12:32:14.179 10100 10112 I art     : Explicit concurrent mark sweep GC freed 23(752B) AllocSpace objects, 0(0B) LOS objects, 23% free, 51MB/67MB, paused 1.279ms total 41.369ms
08-04 12:32:14.190 10100 10112 I art     : Starting a blocking GC Explicit
08-04 12:32:14.228 10100 10112 I art     : Explicit concurrent mark sweep GC freed 3(96B) AllocSpace objects, 0(0B) LOS objects, 23% free, 51MB/67MB, paused 1.313ms total 38.077ms
08-04 12:32:14.239 10100 10112 I art     : Starting a blocking GC Explicit
08-04 12:32:14.277 10100 10112 I art     : Explicit concurrent mark sweep GC freed 3(96B) AllocSpace objects, 0(0B) LOS objects, 23% free, 51MB/67MB, paused 1.434ms total 37.580ms
08-04 12:32:14.288 10100 10112 I art     : Starting a blocking GC Explicit
08-04 12:32:14.326 10100 10112 I art     : Explicit concurrent mark sweep GC freed 3(96B) AllocSpace objects, 0(0B) LOS objects, 23% free, 51MB/67MB, paused 1.253ms total 37.728ms
08-04 12:32:14.721 10100 10122 I art     : Starting a blocking GC Explicit
08-04 12:32:14.768 10100 10122 I art     : Explicit concurrent mark sweep GC freed 1412(84KB) AllocSpace objects, 1(20KB) LOS objects, 23% free, 51MB/67MB, paused 1.357ms total 46.719ms
08-04 12:32:14.780 10100 10122 I art     : Starting a blocking GC Explicit
08-04 12:32:14.818 10100 10122 I art     : Explicit concurrent mark sweep GC freed 23(752B) AllocSpace objects, 0(0B) LOS objects, 23% free, 51MB/67MB, paused 1.313ms total 37.989ms
08-04 12:32:14.829 10100 10122 I art     : Starting a blocking GC Explicit
08-04 12:32:14.866 10100 10122 I art     : Explicit concurrent mark sweep GC freed 3(96B) AllocSpace objects, 0(0B) LOS objects, 23% free, 51MB/67MB, paused 1.238ms total 36.870ms
08-04 12:32:14.877 10100 10122 I art     : Starting a blocking GC Explicit
08-04 12:32:14.915 10100 10122 I art     : Explicit concurrent mark sweep GC freed 3(96B) AllocSpace objects, 0(0B) LOS objects, 23% free, 51MB/67MB, paused 1.258ms total 37.511ms
08-04 12:32:14.925 10100 10122 I art     : Starting a blocking GC Explicit
08-04 12:32:14.963 10100 10122 I art     : Explicit concurrent mark sweep GC freed 3(96B) AllocSpace objects, 0(0B) LOS objects, 23% free, 51MB/67MB, paused 1.258ms total 37.294ms
08-04 12:32:15.297 10100 10113 I art     : Starting a blocking GC Explicit
08-04 12:32:15.335 10100 10113 I art     : Explicit concurrent mark sweep GC freed 1384(81KB) AllocSpace objects, 1(20KB) LOS objects, 23% free, 51MB/67MB, paused 1.277ms total 37.229ms
08-04 12:32:15.345 10100 10113 I art     : Starting a blocking GC Explicit
08-04 12:32:15.381 10100 10113 I art     : Explicit concurrent mark sweep GC freed 52(1536B) AllocSpace objects, 0(0B) LOS objects, 23% free, 51MB/67MB, paused 1.382ms total 35.361ms
08-04 12:32:15.391 10100 10113 I art     : Starting a blocking GC Explicit
08-04 12:32:15.426 10100 10113 I art     : Explicit concurrent mark sweep GC freed 3(96B) AllocSpace objects, 0(0B) LOS objects, 23% free, 51MB/67MB, paused 1.213ms total 34.224ms
08-04 12:32:15.436 10100 10113 I art     : Starting a blocking GC Explicit
08-04 12:32:15.472 10100 10113 I art     : Explicit concurrent mark sweep GC freed 3(96B) AllocSpace objects, 0(0B) LOS objects, 23% free, 51MB/67MB, paused 1.237ms total 35.514ms
08-04 12:32:15.482 10100 10113 I art     : Starting a blocking GC Explicit
08-04 12:32:15.517 10100 10113 I art     : Explicit concurrent mark sweep GC freed 3(96B) AllocSpace objects, 0(0B) LOS objects, 23% free, 51MB/67MB, paused 1.309ms total 35.437ms
08-04 12:32:15.573 13834 13834 D AndroidRuntime: >>>>>> START com.android.internal.os.RuntimeInit uid 2000 <<<<<<
08-04 12:32:15.578 13834 13834 D AndroidRuntime: CheckJNI is OFF
08-04 12:32:15.615 13834 13834 D ICU     : No timezone override file found: /data/misc/zoneinfo/current/icu/icu_tzdata.dat
08-04 12:32:15.653 13834 13834 I Radio-JNI: register_android_hardware_Radio DONE
08-04 12:32:15.677 13834 13834 D AndroidRuntime: Calling main entry com.android.commands.input.Input
08-04 12:32:15.678 13834 13834 I Input   : injectKeyEvent: KeyEvent { action=ACTION_DOWN, keyCode=KEYCODE_BACK, scanCode=0, metaState=0, flags=0x0, repeatCount=0, eventTime=707552092, downTime=707552092, deviceId=-1, source=0x101 }
08-04 12:32:15.684 13834 13834 I Input   : injectKeyEvent: KeyEvent { action=ACTION_UP, keyCode=KEYCODE_BACK, scanCode=0, metaState=0, flags=0x0, repeatCount=0, eventTime=707552092, downTime=707552092, deviceId=-1, source=0x101 }
08-04 12:32:15.692 13834 13834 D AndroidRuntime: Shutting down VM
08-04 12:32:15.698 10100 10100 V PlaybackController: initServiceNotRunning()
08-04 12:32:15.698 10100 10100 D ExternalPlayerFragment: Loading media info
08-04 12:32:15.702 10100 11045 D ApOkHttpUrlLoader: buildLoadData() called with: model = [http://sixgun.org/files/linuxoutlaws.jpg], width = [224], height = [224]
08-04 12:32:15.704 10100 10837 D DBReader: getImageAuthentication() called with: imageUrl = [http://sixgun.org/files/linuxoutlaws.jpg]
08-04 12:32:15.704 10100 10100 D UserPreferences: Using default data folder
08-04 12:32:15.704 10100 10120 D DBReader: getNavDrawerData() called with: 
08-04 12:32:15.707 10100 10837 D ApOkHttpUrlLoader: no credentials for 'http://sixgun.org/files/linuxoutlaws.jpg'
08-04 12:32:15.716 10100 10120 D DBReader: getDownloadedItems() called
08-04 12:32:15.717 10100 10120 D DBReader: getFavoriteIDList() called
08-04 12:32:15.717 10100 10120 D DBReader: getQueueIDList() called
08-04 12:32:15.717 10100 10120 D DBReader: Extracting Feedlist
08-04 12:32:15.731 13866 13866 I GoogleInputMethodServic: GoogleInputMethodService.onFinishInput():3138 
08-04 12:32:15.732 13866 13866 I GoogleInputMethodServic: GoogleInputMethodService.onStartInput():1808 
08-04 12:32:15.748 10100 10100 D MainActivity: getLastNavFragment() -> AddFeedFragment
08-04 12:32:15.766 10100 10837 D DBWriter: updateFeedDownloadURL(original: http://sixgun.org/files/linuxoutlaws.jpg, updated: https://fab.industries/sixgun/files/linuxoutlaws.jpg)
08-04 12:32:15.827 10100 10122 I art     : Starting a blocking GC Explicit
08-04 12:32:15.867 10100 10122 I art     : Explicit concurrent mark sweep GC freed 3103(185KB) AllocSpace objects, 1(20KB) LOS objects, 23% free, 51MB/67MB, paused 1.212ms total 40.092ms
08-04 12:32:15.882 10100 10122 I art     : Starting a blocking GC Explicit
08-04 12:32:15.909 10100 10837 D MYTAG   : interceptor 2a
08-04 12:32:15.909 10100 10837 I NAPPA_EXPERIMENTATION: MetricNetworkRequestExecutionTime: REQUEST_DURATION_SYSTEM='202',REQUEST_DURATION_OKHTTP='138',REQUEST_SYNCHRONOUS='TRUE',RESPONSE_CODE='404',RESPONSE_METHOD='GET',RESPONSE_LENGTH_OKHTTP='-1',RESPONSE_LENGTH_HEADER='1503',REQUEST_PROTOCOL='h2',REQUEST_URL='https://fab.industries/sixgun/files/linuxoutlaws.jpg',
08-04 12:32:15.912 10100 10100 W Glide   : Load failed for http://sixgun.org/files/linuxoutlaws.jpg with size [224x224]
08-04 12:32:15.912 10100 10100 W Glide   : class com.bumptech.glide.load.engine.GlideException: Failed to load resource
08-04 12:32:15.912 10100 10100 W Glide   : There was 1 cause:
08-04 12:32:15.912 10100 10100 W Glide   : com.bumptech.glide.load.HttpException()
08-04 12:32:15.912 10100 10100 W Glide   :  call GlideException#logRootCauses(String) for more detail
08-04 12:32:15.912 10100 10100 W Glide   :   Cause (1 of 1): class com.bumptech.glide.load.engine.GlideException: Fetching data failed, class java.io.InputStream, REMOTE
08-04 12:32:15.912 10100 10100 W Glide   : There was 1 cause:
08-04 12:32:15.912 10100 10100 W Glide   : com.bumptech.glide.load.HttpException()
08-04 12:32:15.912 10100 10100 W Glide   :  call GlideException#logRootCauses(String) for more detail
08-04 12:32:15.912 10100 10100 W Glide   :     Cause (1 of 1): class com.bumptech.glide.load.HttpException: 
08-04 12:32:15.912 10100 10100 I Glide   : Root cause (1 of 1)
08-04 12:32:15.912 10100 10100 I Glide   : com.bumptech.glide.load.HttpException: 
08-04 12:32:15.912 10100 10100 I Glide   : 	at com.bumptech.glide.integration.okhttp3.OkHttpStreamFetcher.onResponse(OkHttpStreamFetcher.java:73)
08-04 12:32:15.912 10100 10100 I Glide   : 	at okhttp3.RealCall$AsyncCall.execute(RealCall.java:174)
08-04 12:32:15.912 10100 10100 I Glide   : 	at okhttp3.internal.NamedRunnable.run(NamedRunnable.java:32)
08-04 12:32:15.912 10100 10100 I Glide   : 	at java.util.concurrent.ThreadPoolExecutor.runWorker(ThreadPoolExecutor.java:1113)
08-04 12:32:15.912 10100 10100 I Glide   : 	at java.util.concurrent.ThreadPoolExecutor$Worker.run(ThreadPoolExecutor.java:588)
08-04 12:32:15.912 10100 10100 I Glide   : 	at java.lang.Thread.run(Thread.java:818)
08-04 12:32:15.913 10100 10100 W Glide   : Load failed for http://sixgun.org/files/linuxoutlaws.jpg with size [224x224]
08-04 12:32:15.913 10100 10100 W Glide   : class com.bumptech.glide.load.engine.GlideException: Failed to load resource
08-04 12:32:15.913 10100 10100 W Glide   : There was 1 cause:
08-04 12:32:15.913 10100 10100 W Glide   : com.bumptech.glide.load.HttpException()
08-04 12:32:15.913 10100 10100 W Glide   :  call GlideException#logRootCauses(String) for more detail
08-04 12:32:15.913 10100 10100 W Glide   :   Cause (1 of 1): class com.bumptech.glide.load.engine.GlideException: Fetching data failed, class java.io.InputStream, REMOTE
08-04 12:32:15.913 10100 10100 W Glide   : There was 1 cause:
08-04 12:32:15.913 10100 10100 W Glide   : com.bumptech.glide.load.HttpException()
08-04 12:32:15.913 10100 10100 W Glide   :  call GlideException#logRootCauses(String) for more detail
08-04 12:32:15.913 10100 10100 W Glide   :     Cause (1 of 1): class com.bumptech.glide.load.HttpException: 
08-04 12:32:15.913 10100 10100 I Glide   : Root cause (1 of 1)
08-04 12:32:15.913 10100 10100 I Glide   : com.bumptech.glide.load.HttpException: 
08-04 12:32:15.913 10100 10100 I Glide   : 	at com.bumptech.glide.integration.okhttp3.OkHttpStreamFetcher.onResponse(OkHttpStreamFetcher.java:73)
08-04 12:32:15.913 10100 10100 I Glide   : 	at okhttp3.RealCall$AsyncCall.execute(RealCall.java:174)
08-04 12:32:15.913 10100 10100 I Glide   : 	at okhttp3.internal.NamedRunnable.run(NamedRunnable.java:32)
08-04 12:32:15.913 10100 10100 I Glide   : 	at java.util.concurrent.ThreadPoolExecutor.runWorker(ThreadPoolExecutor.java:1113)
08-04 12:32:15.913 10100 10100 I Glide   : 	at java.util.concurrent.ThreadPoolExecutor$Worker.run(ThreadPoolExecutor.java:588)
08-04 12:32:15.913 10100 10100 I Glide   : 	at java.lang.Thread.run(Thread.java:818)
08-04 12:32:15.929 10100 10122 I art     : Explicit concurrent mark sweep GC freed 901(95KB) AllocSpace objects, 0(0B) LOS objects, 23% free, 51MB/67MB, paused 1.402ms total 46.444ms
08-04 12:32:15.940 10100 10122 I art     : Starting a blocking GC Explicit
08-04 12:32:15.982 10100 10122 I art     : Explicit concurrent mark sweep GC freed 177(7KB) AllocSpace objects, 0(0B) LOS objects, 23% free, 51MB/67MB, paused 1.234ms total 42.042ms
08-04 12:32:15.997 10100 10122 I art     : Starting a blocking GC Explicit
08-04 12:32:16.018   380   380 W SurfaceFlinger: couldn't log to binary event log: overflow.
08-04 12:32:16.022 13866 13882 I PeriodicStatsRunner: PeriodicStatsRunner.call():175 call()
08-04 12:32:16.024 13866 13882 I PeriodicStatsRunner: PeriodicStatsRunner.call():179 No submit PeriodicStats since input started.
08-04 12:32:16.038 10100 10122 I art     : Explicit concurrent mark sweep GC freed 491(20KB) AllocSpace objects, 0(0B) LOS objects, 23% free, 51MB/67MB, paused 1.223ms total 41.039ms
08-04 12:32:16.047 10100 10122 I art     : Starting a blocking GC Explicit
08-04 12:32:16.079 10100 10122 I art     : Explicit concurrent mark sweep GC freed 110(4KB) AllocSpace objects, 0(0B) LOS objects, 23% free, 51MB/67MB, paused 1.408ms total 31.724ms
08-04 12:32:16.395 10100 10113 I art     : Starting a blocking GC Explicit
08-04 12:32:16.442 10100 10113 I art     : Explicit concurrent mark sweep GC freed 4265(319KB) AllocSpace objects, 2(48KB) LOS objects, 23% free, 50MB/66MB, paused 1.514ms total 47.112ms
08-04 12:32:16.458 10100 10113 I art     : Starting a blocking GC Explicit
08-04 12:32:16.493 10100 10113 I art     : Explicit concurrent mark sweep GC freed 25(832B) AllocSpace objects, 0(0B) LOS objects, 23% free, 50MB/66MB, paused 1.222ms total 35.027ms
08-04 12:32:16.503 10100 10113 I art     : Starting a blocking GC Explicit
08-04 12:32:16.540 10100 10113 I art     : Explicit concurrent mark sweep GC freed 3(96B) AllocSpace objects, 0(0B) LOS objects, 23% free, 50MB/66MB, paused 1.253ms total 36.003ms
08-04 12:32:16.550 10100 10113 I art     : Starting a blocking GC Explicit
08-04 12:32:16.587 10100 10113 I art     : Explicit concurrent mark sweep GC freed 3(96B) AllocSpace objects, 0(0B) LOS objects, 23% free, 50MB/66MB, paused 1.479ms total 36.447ms
08-04 12:32:16.597 10100 10113 I art     : Starting a blocking GC Explicit
08-04 12:32:16.633 10100 10113 I art     : Explicit concurrent mark sweep GC freed 3(96B) AllocSpace objects, 0(0B) LOS objects, 23% free, 50MB/66MB, paused 1.226ms total 35.827ms
08-04 12:32:16.968 10100 11029 I art     : Starting a blocking GC Explicit
08-04 12:32:17.005 10100 11029 I art     : Explicit concurrent mark sweep GC freed 1383(81KB) AllocSpace objects, 1(20KB) LOS objects, 23% free, 50MB/66MB, paused 1.342ms total 36.152ms
08-04 12:32:17.015 10100 11029 I art     : Starting a blocking GC Explicit
08-04 12:32:17.050 10100 11029 I art     : Explicit concurrent mark sweep GC freed 23(752B) AllocSpace objects, 0(0B) LOS objects, 23% free, 50MB/66MB, paused 1.305ms total 35.036ms
08-04 12:32:17.061 10100 11029 I art     : Starting a blocking GC Explicit
08-04 12:32:17.097 10100 11029 I art     : Explicit concurrent mark sweep GC freed 3(96B) AllocSpace objects, 0(0B) LOS objects, 23% free, 50MB/66MB, paused 1.215ms total 35.740ms
08-04 12:32:17.107 10100 11029 I art     : Starting a blocking GC Explicit
08-04 12:32:17.141 10100 11029 I art     : Explicit concurrent mark sweep GC freed 3(96B) AllocSpace objects, 0(0B) LOS objects, 23% free, 50MB/66MB, paused 1.268ms total 33.754ms
08-04 12:32:17.151 10100 11029 I art     : Starting a blocking GC Explicit
08-04 12:32:17.184 10100 11029 I art     : Explicit concurrent mark sweep GC freed 3(96B) AllocSpace objects, 0(0B) LOS objects, 23% free, 50MB/66MB, paused 1.233ms total 33.514ms
08-04 12:32:17.369 13902 13902 D AndroidRuntime: >>>>>> START com.android.internal.os.RuntimeInit uid 2000 <<<<<<
08-04 12:32:17.373 13902 13902 D AndroidRuntime: CheckJNI is OFF
08-04 12:32:17.403 13902 13902 D ICU     : No timezone override file found: /data/misc/zoneinfo/current/icu/icu_tzdata.dat
08-04 12:32:17.434 13902 13902 I Radio-JNI: register_android_hardware_Radio DONE
08-04 12:32:17.455 13902 13902 D AndroidRuntime: Calling main entry com.android.commands.input.Input
08-04 12:32:17.456 13902 13902 I Input   : injectKeyEvent: KeyEvent { action=ACTION_DOWN, keyCode=KEYCODE_BACK, scanCode=0, metaState=0, flags=0x0, repeatCount=0, eventTime=707553869, downTime=707553869, deviceId=-1, source=0x101 }
08-04 12:32:17.461 13902 13902 I Input   : injectKeyEvent: KeyEvent { action=ACTION_UP, keyCode=KEYCODE_BACK, scanCode=0, metaState=0, flags=0x0, repeatCount=0, eventTime=707553869, downTime=707553869, deviceId=-1, source=0x101 }
08-04 12:32:17.478 13902 13902 D AndroidRuntime: Shutting down VM
08-04 12:32:17.498 10100 11030 I art     : Starting a blocking GC Explicit
08-04 12:32:17.534 10100 11030 I art     : Explicit concurrent mark sweep GC freed 3585(171KB) AllocSpace objects, 1(20KB) LOS objects, 23% free, 51MB/67MB, paused 1.163ms total 35.084ms
08-04 12:32:17.544 10100 11030 I art     : Starting a blocking GC Explicit
08-04 12:32:17.579 10100 11030 I art     : Explicit concurrent mark sweep GC freed 5329(394KB) AllocSpace objects, 9(1620KB) LOS objects, 24% free, 49MB/65MB, paused 1.303ms total 33.935ms
08-04 12:32:17.589 10100 11030 I art     : Starting a blocking GC Explicit
08-04 12:32:17.622 10100 11030 I art     : Explicit concurrent mark sweep GC freed 48(2016B) AllocSpace objects, 0(0B) LOS objects, 24% free, 49MB/65MB, paused 1.218ms total 33.224ms
08-04 12:32:17.632 10100 11030 I art     : Starting a blocking GC Explicit
08-04 12:32:17.666 10100 11030 I art     : Explicit concurrent mark sweep GC freed 3(96B) AllocSpace objects, 0(0B) LOS objects, 24% free, 49MB/65MB, paused 1.276ms total 33.668ms
08-04 12:32:17.676 10100 11030 I art     : Starting a blocking GC Explicit
08-04 12:32:17.710 10100 11030 I art     : Explicit concurrent mark sweep GC freed 3(96B) AllocSpace objects, 0(0B) LOS objects, 24% free, 49MB/65MB, paused 1.266ms total 33.620ms
08-04 12:32:18.028 10100 10113 I art     : Starting a blocking GC Explicit
08-04 12:32:18.072 10100 10113 I art     : Explicit concurrent mark sweep GC freed 1382(82KB) AllocSpace objects, 1(20KB) LOS objects, 24% free, 49MB/65MB, paused 1.340ms total 43.345ms
08-04 12:32:18.086 10100 10113 I art     : Starting a blocking GC Explicit
08-04 12:32:18.121 10100 10113 I art     : Explicit concurrent mark sweep GC freed 23(752B) AllocSpace objects, 0(0B) LOS objects, 24% free, 49MB/65MB, paused 1.331ms total 35.060ms
08-04 12:32:18.132 10100 10113 I art     : Starting a blocking GC Explicit
08-04 12:32:18.166 10100 10113 I art     : Explicit concurrent mark sweep GC freed 3(96B) AllocSpace objects, 0(0B) LOS objects, 24% free, 49MB/65MB, paused 1.245ms total 33.981ms
08-04 12:32:18.176 10100 10113 I art     : Starting a blocking GC Explicit
08-04 12:32:18.211 10100 10113 I art     : Explicit concurrent mark sweep GC freed 3(96B) AllocSpace objects, 0(0B) LOS objects, 24% free, 49MB/65MB, paused 1.261ms total 34.733ms
08-04 12:32:18.222 10100 10113 I art     : Starting a blocking GC Explicit
08-04 12:32:18.257 10100 10113 I art     : Explicit concurrent mark sweep GC freed 3(96B) AllocSpace objects, 0(0B) LOS objects, 24% free, 49MB/65MB, paused 1.251ms total 34.984ms
08-04 12:32:18.584 10100 11029 I art     : Starting a blocking GC Explicit
08-04 12:32:18.630 10100 11029 I art     : Explicit concurrent mark sweep GC freed 1410(82KB) AllocSpace objects, 1(20KB) LOS objects, 24% free, 49MB/65MB, paused 1.507ms total 45.569ms
08-04 12:32:18.644 10100 11029 I art     : Starting a blocking GC Explicit
08-04 12:32:18.682 10100 11029 I art     : Explicit concurrent mark sweep GC freed 23(752B) AllocSpace objects, 0(0B) LOS objects, 24% free, 49MB/65MB, paused 1.250ms total 37.377ms
08-04 12:32:18.692 10100 11029 I art     : Starting a blocking GC Explicit
08-04 12:32:18.726 10100 11029 I art     : Explicit concurrent mark sweep GC freed 3(96B) AllocSpace objects, 0(0B) LOS objects, 24% free, 49MB/65MB, paused 1.138ms total 33.089ms
08-04 12:32:18.736 10100 11029 I art     : Starting a blocking GC Explicit
08-04 12:32:18.768 10100 11029 I art     : Explicit concurrent mark sweep GC freed 3(96B) AllocSpace objects, 0(0B) LOS objects, 24% free, 49MB/65MB, paused 1.166ms total 31.581ms
08-04 12:32:18.777 10100 11029 I art     : Starting a blocking GC Explicit
08-04 12:32:18.808 10100 11029 I art     : Explicit concurrent mark sweep GC freed 3(96B) AllocSpace objects, 0(0B) LOS objects, 24% free, 49MB/65MB, paused 1.281ms total 30.446ms
08-04 12:32:19.118 10100 11030 I art     : Starting a blocking GC Explicit
08-04 12:32:19.154 10100 11030 I art     : Explicit concurrent mark sweep GC freed 1389(83KB) AllocSpace objects, 1(20KB) LOS objects, 24% free, 49MB/65MB, paused 1.247ms total 35.428ms
08-04 12:32:19.165 10100 11030 I art     : Starting a blocking GC Explicit
08-04 12:32:19.178 13955 13955 D AndroidRuntime: >>>>>> START com.android.internal.os.RuntimeInit uid 2000 <<<<<<
08-04 12:32:19.183 13955 13955 D AndroidRuntime: CheckJNI is OFF
08-04 12:32:19.199 10100 11030 I art     : Explicit concurrent mark sweep GC freed 29(944B) AllocSpace objects, 0(0B) LOS objects, 24% free, 49MB/65MB, paused 1.364ms total 33.275ms
08-04 12:32:19.209 10100 11030 I art     : Starting a blocking GC Explicit
08-04 12:32:19.220 13955 13955 D ICU     : No timezone override file found: /data/misc/zoneinfo/current/icu/icu_tzdata.dat
08-04 12:32:19.239 10100 11030 I art     : Explicit concurrent mark sweep GC freed 7(224B) AllocSpace objects, 0(0B) LOS objects, 24% free, 49MB/65MB, paused 1.273ms total 30.024ms
08-04 12:32:19.249 10100 11030 I art     : Starting a blocking GC Explicit
08-04 12:32:19.254 13955 13955 I Radio-JNI: register_android_hardware_Radio DONE
08-04 12:32:19.274 13955 13955 D AndroidRuntime: Calling main entry com.android.commands.am.Am
08-04 12:32:19.278 10100 11030 I art     : Explicit concurrent mark sweep GC freed 9(288B) AllocSpace objects, 0(0B) LOS objects, 24% free, 49MB/65MB, paused 1.307ms total 28.267ms
08-04 12:32:19.283  2375  2375 I Trepn   : Trepn 6.2s: Received intent: com.quicinc.trepn.stop_profiling
08-04 12:32:19.287 10100 11030 I art     : Starting a blocking GC Explicit
08-04 12:32:19.314 10100 11030 I art     : Explicit concurrent mark sweep GC freed 7(224B) AllocSpace objects, 0(0B) LOS objects, 24% free, 49MB/65MB, paused 1.054ms total 27.106ms
08-04 12:32:19.321  2375  2375 I Trepn   : Trepn 6.2s: Trepn has Stopped Profiling.
08-04 12:32:19.412 13955 13955 D AndroidRuntime: Shutting down VM
08-04 12:32:19.415   918  6029 W AppOps  : Finishing op nesting under-run: uid 10078 pkg com.quicinc.trepn code 24 time=0 duration=0 nesting=0
08-04 12:32:19.620 10100 11029 I art     : Starting a blocking GC Explicit
08-04 12:32:19.652 10100 11029 I art     : Explicit concurrent mark sweep GC freed 1415(82KB) AllocSpace objects, 1(20KB) LOS objects, 24% free, 49MB/65MB, paused 1.308ms total 31.795ms
08-04 12:32:19.663 10100 11029 I art     : Starting a blocking GC Explicit
08-04 12:32:19.693 10100 11029 I art     : Explicit concurrent mark sweep GC freed 23(752B) AllocSpace objects, 0(0B) LOS objects, 24% free, 49MB/65MB, paused 1.133ms total 30.643ms
08-04 12:32:19.703 10100 11029 I art     : Starting a blocking GC Explicit
08-04 12:32:19.735 10100 11029 I art     : Explicit concurrent mark sweep GC freed 3(96B) AllocSpace objects, 0(0B) LOS objects, 24% free, 49MB/65MB, paused 1.135ms total 31.276ms
08-04 12:32:19.744 10100 11029 I art     : Starting a blocking GC Explicit
08-04 12:32:19.777 10100 11029 I art     : Explicit concurrent mark sweep GC freed 3(96B) AllocSpace objects, 0(0B) LOS objects, 24% free, 49MB/65MB, paused 1.215ms total 32.085ms
08-04 12:32:19.787 10100 11029 I art     : Starting a blocking GC Explicit
08-04 12:32:19.819 10100 11029 I art     : Explicit concurrent mark sweep GC freed 3(96B) AllocSpace objects, 0(0B) LOS objects, 24% free, 49MB/65MB, paused 1.273ms total 32.141ms
08-04 12:32:20.732 13866 13882 I PeriodicStatsRunner: PeriodicStatsRunner.call():175 call()
08-04 12:32:20.733 13866 13882 I PeriodicStatsRunner: PeriodicStatsRunner.call():179 No submit PeriodicStats since input started.
08-04 12:32:22.305   918  3261 D WifiStateMachine: starting scan for "H369AA63323"WPA_PSK with 2412,5180
