08-05 16:58:14.850 24025 24025 D ActivityNode: 	activity ID 2( key title)
08-05 16:58:14.850 24025 24025 D ActivityNode: 	activity ID 2( key arg.feedurl)
08-05 16:58:14.850 24025 24025 D ActivityNode: 	activity ID 2( key title)
08-05 16:58:14.850 24025 24025 D ActivityNode: 	activity ID 2( key arg.feedurl)
08-05 16:58:14.850 24025 24025 D ActivityNode: 	activity ID 2( key title)
08-05 16:58:14.850 24025 24025 D ActivityNode: 	activity ID 2( key arg.feedurl)
08-05 16:58:14.850 24025 24025 D ActivityNode: 	activity ID 2( key title)
08-05 16:58:14.850 24025 24025 D ActivityNode: 	activity ID 2( key arg.feedurl)
08-05 16:58:14.850 24025 24025 D ActivityNode: 	activity ID 2( key title)
08-05 16:58:14.850 24025 24025 D ActivityNode: 	activity ID 2( key arg.feedurl)
08-05 16:58:14.850 24025 24025 D ActivityNode: 	activity ID 2( key title)
08-05 16:58:14.850 24025 24025 D ActivityNode: 	activity ID 2( key arg.feedurl)
08-05 16:58:14.850 24025 24025 D ActivityNode: 	activity ID 2( key nappatfpr.de.danoeh.antennapod.ext
08-05 16:58:14.850 24025 24025 D ActivityNode: Observer - session data - sourcePreferenceActivity
08-05 16:58:14.850 24025 24025 D ActivityNode: destinations:
08-05 16:58:14.850 24025 24025 D ActivityNode: Observer - visit time - MainActivity - New aggregate visit time found is 314637 ms
08-05 16:58:14.850 24025 24025 D PARAM   : COUNT: 0
08-05 16:58:14.850 24025 24025 D ActivityNode: Observer - URL candidate PreferenceActivity[]
08-05 16:58:14.851 24025 24025 D ActivityNode: Observer - intent extra - PreferenceActivity
08-05 16:58:14.851 24025 24025 D ActivityNode: Extras:
08-05 16:58:14.851 24025 24025 D ActivityNode: Observer - session data - sourceOnlineFeedViewActivity
08-05 16:58:14.851 24025 24025 D ActivityNode: destinations:
08-05 16:58:14.851 24025 24025 D ActivityNode: Observer - visit time - PreferenceActivity - New aggregate visit time found is 21267 ms
08-05 16:58:14.851 24025 24025 D PARAM   : COUNT: 1
08-05 16:58:14.851 24025 24025 D PARAM   : ID_ACTIVITY: 4
08-05 16:58:14.851 24025 24025 D PARAM   : parameter.urlPiece = arg.feedurl
08-05 16:58:14.851 24025 24025 D PARAM   : parameter.type = 1
08-05 16:58:14.851 24025 24025 D PARAM   : parameter.urlOrder = 0
08-05 16:58:14.852 24025 24025 D ActivityNode: Observer - URL candidate OnlineFeedViewActivity[nl.vu.cs.s2group.nappa.room.dao.UrlCandidateDao$UrlCandidateToUrlParameter@c6db3d3]
08-05 16:58:14.852 24025 24025 D ActivityNode: Observer - intent extra - OnlineFeedViewActivity
08-05 16:58:14.852 24025 24025 D ActivityNode: Extras:
08-05 16:58:14.852 24025 24025 D ActivityNode: Observer - session data - sourceFeedSettingsActivity
08-05 16:58:14.852 24025 24025 D ActivityNode: destinations:
08-05 16:58:14.852 24025 24025 D ActivityNode: Observer - visit time - FeedSettingsActivity - New aggregate visit time found is 17645 ms
08-05 16:58:14.852 24025 24025 D ActivityNode: Observer - visit time - OnlineFeedViewActivity - New aggregate visit time found is 196363 ms
08-05 16:58:14.852 24025 24025 D PARAM   : COUNT: 0
08-05 16:58:14.852 24025 24025 D ActivityNode: Observer - URL candidate FeedSettingsActivity[]
08-05 16:58:14.852 24025 24025 D ActivityNode: Observer - session data - sourceFeedInfoActivity
08-05 16:58:14.852 24025 24025 D ActivityNode: destinations:
08-05 16:58:14.852 24025 24025 D ActivityNode: Observer - session data - sourceSplashActivity
08-05 16:58:14.852 24025 24025 D ActivityNode: destinations:
08-05 16:58:14.852 24025 24025 D ActivityNode: 	nappatfpr.de.danoeh.antennapod.activity.MainActivity( count 4)
08-05 16:58:14.853 24025 24025 D ActivityNode: Observer - intent extra - FeedSettingsActivity
08-05 16:58:14.853 24025 24025 D ActivityNode: Extras:
08-05 16:58:14.853 24025 24025 D ActivityNode: Observer - visit time - FeedInfoActivity - New aggregate visit time found is 18328 ms
08-05 16:58:14.853 24025 24025 D ActivityNode: Observer - intent extra - FeedInfoActivity
08-05 16:58:14.853 24025 24025 D ActivityNode: Extras:
08-05 16:58:14.853 24025 24025 D PARAM   : COUNT: 0
08-05 16:58:14.853 24025 24025 D ActivityNode: Observer - URL candidate FeedInfoActivity[]
08-05 16:58:14.857 24060 24060 D AndroidRuntime: Calling main entry com.android.commands.am.Am
08-05 16:58:14.867 16924 16924 I Trepn   : Trepn 6.2s: Received intent: com.quicinc.trepn.start_profiling
08-05 16:58:14.927 24025 24025 D UserPreferences: Using default data folder
08-05 16:58:14.962 16924 16924 W FileUtils: Failed to chmod(/storage/emulated/0/trepn/Trepn_2020.08.05_165814.db): android.system.ErrnoException: chmod failed: EPERM (Operation not permitted)
08-05 16:58:14.962 24025 24025 D MainActivity: getLastNavFragment() -> QueueFragment
08-05 16:58:14.963 24025 24025 D MainActivity: loadFragment(tag: QueueFragment, args: null)
08-05 16:58:14.965 24025 24025 D MainActivity: saveLastNavFragment(tag: QueueFragment)
08-05 16:58:14.965 24025 24025 D MainActivity: getLastNavFragment() -> QueueFragment
08-05 16:58:14.966 24025 24025 D UserPreferences: timeOfDay: []
08-05 16:58:14.968 24025 24025 D AutoUpdateManager: Restarting update alarm.
08-05 16:58:14.969 24025 24025 D AutoUpdateManager: Changed alarm to new interval 12 h
08-05 16:58:14.987 24025 24025 D UserPreferences: timeOfDay: []
08-05 16:58:14.987 24025 24025 D AutoUpdateManager: Restarting update alarm.
08-05 16:58:14.989 24025 24025 D AutoUpdateManager: Changed alarm to new interval 12 h
08-05 16:58:15.007 24025 24046 D Nappa   : PREFETCH_ON_EXTRA - setCurrentActivity - logs - from extra - made prediction isfalse
08-05 16:58:15.024 24025 24025 D ExternalPlayerFragment: Loading media info
08-05 16:58:15.026 24025 24025 D QueueFragment: loadItems()
08-05 16:58:15.030 24025 24064 D DBReader: getQueue() called
08-05 16:58:15.030 24025 24064 D DBReader: getQueue()
08-05 16:58:15.031 24025 24064 D DBReader: getFavoriteIDList() called
08-05 16:58:15.032 24025 24064 D DBReader: getQueueIDList() called
08-05 16:58:15.033 24025 24064 D DBReader: Extracting Feedlist
08-05 16:58:15.037 24025 24025 V PlaybackController: initServiceNotRunning()
08-05 16:58:15.037 24025 24025 D ExternalPlayerFragment: Loading media info
08-05 16:58:15.041 24025 24025 D UserPreferences: Using default data folder
08-05 16:58:15.044 24025 24025 D AutoUpdateManager: last refresh: 443510 hours 58 minutes ago
08-05 16:58:15.045 24025 24064 D DBReader: getNavDrawerData() called with: 
08-05 16:58:15.045 24025 24025 D NappaLifecycleObserver: nappatfpr.de.danoeh.antennapod.activity.MainActivity - onResume
08-05 16:58:15.045 24025 24025 D Nappa   : setCurrentActivity - MetricStrategyAccuracy - 
08-05 16:58:15.045 24025 24025 D Nappa   : madePredictionFromActivity = false, 
08-05 16:58:15.045 24025 24025 D Nappa   : fromActivity = nappatfpr.de.danoeh.antennapod.activity.SplashActivity, 
08-05 16:58:15.045 24025 24025 D Nappa   : predictedNextActivityFromActivity = [], 
08-05 16:58:15.045 24025 24025 D Nappa   : activity.getClass().getCanonicalName() = nappatfpr.de.danoeh.antennapod.activity.MainActivity, 
08-05 16:58:15.045 24025 24025 D Nappa   : setCurrentActivity - MetricStrategyAccuracy - 
08-05 16:58:15.045 24025 24025 D Nappa   : madePredictionFromExtra = false, 
08-05 16:58:15.045 24025 24025 D Nappa   : fromActivity = nappatfpr.de.danoeh.antennapod.activity.SplashActivity, 
08-05 16:58:15.045 24025 24025 D Nappa   : predictedNextActivityFromExtra = [], 
08-05 16:58:15.045 24025 24025 D Nappa   : activity.getClass().getCanonicalName() = nappatfpr.de.danoeh.antennapod.activity.MainActivity, 
08-05 16:58:15.046 24025 24025 D Nappa   : PREFETCH_ON_EXTRA - setCurrentActivity - logs - from activity - made prediction isfalse
08-05 16:58:15.049 24025 24064 D DBReader: getDownloadedItems() called
08-05 16:58:15.049 24025 24064 D DBReader: getFavoriteIDList() called
08-05 16:58:15.050 24025 24064 D DBReader: getQueueIDList() called
08-05 16:58:15.050 24025 24064 D DBReader: Extracting Feedlist
08-05 16:58:15.087 16924 16924 I Trepn   : Trepn 6.2s: Trepn has Started Profiling.
08-05 16:58:15.089 24060 24060 D AndroidRuntime: Shutting down VM
08-05 16:58:15.147 24025 24025 D Nappa   : registerActivity: (already in) nappatfpr.de.danoeh.antennapod.activity.MainActivity
08-05 16:58:15.147 24025 24025 D ActivityNode: ACTNODE UPDATING AFTER LOADING FROM DB
08-05 16:58:15.148 24025 24025 D ActivityGraph: LARDataCalculatedUpdate nappatfpr.de.danoeh.antennapod.activity.MainActivity Pagerank: 0.25 HITS-Authority: 1.0 HITS-Hub: 1.0 SALSA-Authority: 1.0 SALSA-Hub: 1.0
08-05 16:58:15.148 24025 24025 D Nappa   : SHOULD_PREFETCH true
08-05 16:58:15.248 24025 24025 D Nappa   : registerActivity: (already in) nappatfpr.de.danoeh.antennapod.activity.MainActivity
08-05 16:58:15.248 24025 24025 D Nappa   : SUCCESSORS nappatfpr.de.danoeh.antennapod.activity.PreferenceActivity
08-05 16:58:15.249 24025 24025 D Nappa   : SUCCESSORS nappatfpr.de.danoeh.antennapod.activity.OnlineFeedViewActivity
08-05 16:58:15.249 24025 24025 D Nappa   : SUCCESSORS nappatfpr.de.danoeh.antennapod.activity.FeedSettingsActivity
08-05 16:58:15.249 24025 24025 D Nappa   : SUCCESSORS nappatfpr.de.danoeh.antennapod.activity.FeedInfoActivity
08-05 16:58:15.249 24025 24025 D Nappa   : STATS Number of requests not prefetched: 0
08-05 16:58:15.249 24025 24025 D Nappa   : STATS Number of requests prefetched: 0
08-05 16:58:15.250 24025 24025 D Nappa   : STATS Time saved until now: 0.0
08-05 16:58:15.257 24025 24025 D ActivityNode: Observer - visit time - SplashActivity - New aggregate visit time found is 734 ms
08-05 16:58:15.258 24025 24025 D ActivityNode: Observer - successor visit time - SplashActivity - Updating the visit time from the successors list:
08-05 16:58:15.258 24025 24025 D ActivityNode: [AggregateVisitTimeByActivity{nappatfpr.de.danoeh.antennapod.activity.MainActivity : 29657 ms}]
08-05 16:58:15.258 24025 24025 D ActivityNode: Observer - successor visit time - MainActivity - Updating the visit time from the successors list:
08-05 16:58:15.258 24025 24025 D ActivityNode: [AggregateVisitTimeByActivity{nappatfpr.de.danoeh.antennapod.activity.PreferenceActivity : 21267 ms}, AggregateVisitTimeByActivity{nappatfpr.de.danoeh.antennapod.activity.OnlineFeedViewActivity : 196363 ms}, AggregateVisitTimeByActivity{nappatfpr.de.danoeh.antennapod.activity.FeedSettingsActivity : 17645 ms}, AggregateVisitTimeByActivity{nappatfpr.de.danoeh.antennapod.activity.FeedInfoActivity : 18328 ms}]
08-05 16:58:15.384 24025 24025 D MainActivity: getLastNavFragment() -> QueueFragment
08-05 16:58:15.384 24025 24025 D MainActivity: handleNavIntent()
08-05 16:58:15.446 24025 24046 D Nappa   : PREFETCH_ON_EXTRA - setCurrentActivity - logs - from extra - made prediction isfalse
08-05 16:58:15.530 24025 24037 I art     : Starting a blocking GC Explicit
08-05 16:58:15.550 24025 24037 I art     : Explicit concurrent mark sweep GC freed 4511(249KB) AllocSpace objects, 0(0B) LOS objects, 40% free, 23MB/39MB, paused 344us total 19.578ms
08-05 16:58:15.557 24025 24037 I art     : Starting a blocking GC Explicit
08-05 16:58:15.562   918   936 I ActivityManager: Displayed nappatfpr.de.danoeh.antennapod.debug/nappatfpr.de.danoeh.antennapod.activity.MainActivity: +718ms (total +2s370ms)
08-05 16:58:15.568 24025 24025 D ActivityNode: Observer - session data - sourceSplashActivity
08-05 16:58:15.568 24025 24025 D ActivityNode: destinations:
08-05 16:58:15.568 24025 24025 D ActivityNode: 	nappatfpr.de.danoeh.antennapod.activity.MainActivity( count 5)
08-05 16:58:15.568 24025 24025 D ActivityNode: Observer - session data - sourceMainActivity
08-05 16:58:15.568 24025 24025 D ActivityNode: destinations:
08-05 16:58:15.568 24025 24025 D ActivityNode: 	nappatfpr.de.danoeh.antennapod.activity.PreferenceActivity( count 4)
08-05 16:58:15.568 24025 24025 D ActivityNode: 	nappatfpr.de.danoeh.antennapod.activity.OnlineFeedViewActivity( count 32)
08-05 16:58:15.568 24025 24025 D ActivityNode: 	nappatfpr.de.danoeh.antennapod.activity.FeedSettingsActivity( count 4)
08-05 16:58:15.568 24025 24025 D ActivityNode: 	nappatfpr.de.danoeh.antennapod.activity.FeedInfoActivity( count 4)
08-05 16:58:15.568 24025 24025 D ActivityNode: Observer - session data - sourcePreferenceActivity
08-05 16:58:15.568 24025 24025 D ActivityNode: destinations:
08-05 16:58:15.570 13866 13866 I GoogleInputMethodServic: GoogleInputMethodService.onFinishInput():3138 
08-05 16:58:15.571 13866 13866 I GoogleInputMethodServic: GoogleInputMethodService.onStartInput():1808 
08-05 16:58:15.572 24025 24037 I art     : Explicit concurrent mark sweep GC freed 923(53KB) AllocSpace objects, 0(0B) LOS objects, 40% free, 23MB/39MB, paused 474us total 14.797ms
08-05 16:58:15.580 24025 24037 I art     : Starting a blocking GC Explicit
08-05 16:58:15.583 24025 24025 D ActivityNode: Observer - session data - sourceOnlineFeedViewActivity
08-05 16:58:15.583 24025 24025 D ActivityNode: destinations:
08-05 16:58:15.583 24025 24025 D ActivityNode: Observer - successor visit time - SplashActivity - Updating the visit time from the successors list:
08-05 16:58:15.583 24025 24025 D ActivityNode: [AggregateVisitTimeByActivity{nappatfpr.de.danoeh.antennapod.activity.MainActivity : 29657 ms}]
08-05 16:58:15.583 24025 24025 D ActivityNode: Observer - session data - sourceFeedSettingsActivity
08-05 16:58:15.583 24025 24025 D ActivityNode: destinations:
08-05 16:58:15.583 24025 24025 D ActivityNode: Observer - session data - sourceFeedInfoActivity
08-05 16:58:15.583 24025 24025 D ActivityNode: destinations:
08-05 16:58:15.583 24025 24025 D ActivityNode: Observer - successor visit time - MainActivity - Updating the visit time from the successors list:
08-05 16:58:15.583 24025 24025 D ActivityNode: [AggregateVisitTimeByActivity{nappatfpr.de.danoeh.antennapod.activity.PreferenceActivity : 21267 ms}, AggregateVisitTimeByActivity{nappatfpr.de.danoeh.antennapod.activity.OnlineFeedViewActivity : 196363 ms}, AggregateVisitTimeByActivity{nappatfpr.de.danoeh.antennapod.activity.FeedSettingsActivity : 17645 ms}, AggregateVisitTimeByActivity{nappatfpr.de.danoeh.antennapod.activity.FeedInfoActivity : 18328 ms}]
08-05 16:58:15.585 24025 24025 D NappaLifecycleObserver: nappatfpr.de.danoeh.antennapod.activity.SplashActivity - onDestroy
08-05 16:58:15.585 24025 24025 D NappaLifecycleObserver: -------------F1_SCORE #0 -----------
08-05 16:58:15.585 24025 24025 D NappaLifecycleObserver: F1_SCORE - Intercept list (0)= []
08-05 16:58:15.585 24025 24025 D NappaLifecycleObserver: F1_SCORE - Prefetch list (0)= []
08-05 16:58:15.585 24025 24025 D NappaLifecycleObserver: F1_SCORE - TP list (0)= []
08-05 16:58:15.585 24025 24025 D NappaLifecycleObserver: F1_SCORE - FN list (0)= []
08-05 16:58:15.585 24025 24025 I NAPPA_EXPERIMENTATION: MetricPrefetchingAccuracy: LOG_ID='1',F1_SCORE_1='0.0',F1_SCORE_2='0.0',TRUE_POSITIVE='0',FALSE_POSITIVE='0',FALSE_NEGATIVE='0',
08-05 16:58:15.589 29532 29532 W PathParser: Points are too far apart 4.030360828967057
08-05 16:58:15.589 29532 29532 W PathParser: Points are too far apart 4.030360538880159
08-05 16:58:15.595 24025 24037 I art     : Explicit concurrent mark sweep GC freed 705(50KB) AllocSpace objects, 0(0B) LOS objects, 40% free, 23MB/39MB, paused 260us total 14.347ms
08-05 16:58:15.601 24025 24037 I art     : Starting a blocking GC Explicit
08-05 16:58:15.605 29532 29532 W PathParser: Points are too far apart 4.030360828967057
08-05 16:58:15.606 29532 29532 W PathParser: Points are too far apart 4.030360538880159
08-05 16:58:15.615 24025 24037 I art     : Explicit concurrent mark sweep GC freed 578(36KB) AllocSpace objects, 0(0B) LOS objects, 40% free, 23MB/39MB, paused 193us total 13.079ms
08-05 16:58:15.620 24025 24037 I art     : Starting a blocking GC Explicit
08-05 16:58:15.622 29532 29532 W PathParser: Points are too far apart 4.030360828967057
08-05 16:58:15.622 29532 29532 W PathParser: Points are too far apart 4.030360538880159
08-05 16:58:15.633 24025 24037 I art     : Explicit concurrent mark sweep GC freed 1058(65KB) AllocSpace objects, 2(588KB) LOS objects, 40% free, 22MB/38MB, paused 188us total 12.175ms
08-05 16:58:15.639 29532 29532 W PathParser: Points are too far apart 4.030360828967057
08-05 16:58:15.639 29532 29532 W PathParser: Points are too far apart 4.030360538880159
08-05 16:58:15.656 29532 29532 W PathParser: Points are too far apart 4.030360828967057
08-05 16:58:15.656 29532 29532 W PathParser: Points are too far apart 4.030360538880159
08-05 16:58:15.673 29532 29532 W PathParser: Points are too far apart 4.030360828967057
08-05 16:58:15.673 29532 29532 W PathParser: Points are too far apart 4.030360538880159
08-05 16:58:15.689 29532 29532 W PathParser: Points are too far apart 4.030360828967057
08-05 16:58:15.690 29532 29532 W PathParser: Points are too far apart 4.030360538880159
08-05 16:58:15.706 29532 29532 W PathParser: Points are too far apart 4.030360828967057
08-05 16:58:15.706 29532 29532 W PathParser: Points are too far apart 4.030360538880159
08-05 16:58:15.750 24025 24046 D Nappa   : PREFETCH_ON_EXTRA - setCurrentActivity - starting new prediction
08-05 16:58:15.750 24025 24046 D Nappa   : Current node - currentActivityName - nappatfpr.de.danoeh.antennapod.activity.MainActivity
08-05 16:58:15.750 24025 24046 D Nappa   : Current node - activityGraph.getCurrent() - nappatfpr.de.danoeh.antennapod.activity.MainActivity
08-05 16:58:15.756 24025 24046 I NAPPA_EXPERIMENTATION: MetricNappaPrefetchingStrategyExecutionTime: STRATEGY_CLASS='TfprPrefetchingStrategy',DURATION='4902188',NUMBER_OF_URLS='0',NUMBER_OF_SELECTED_CHILDREN_NODES='1',NUMBER_OF_CHILDREN_NODES='4',STRATEGY_RUN_SUCCESSFULLY='True',
08-05 16:58:15.756 24025 24046 D TfprPrefetchingStrategy: ==================================
08-05 16:58:15.756 24025 24046 D TfprPrefetchingStrategy: Starting Run #1
08-05 16:58:15.756 24025 24046 D TfprPrefetchingStrategy: ----------------------------------
08-05 16:58:15.756 24025 24046 D TfprPrefetchingStrategy: Node data MainActivity 
08-05 16:58:15.756 24025 24046 D TfprPrefetchingStrategy: 	Successors:
08-05 16:58:15.756 24025 24046 D TfprPrefetchingStrategy: 		PreferenceActivity (0 hits)
08-05 16:58:15.756 24025 24046 D TfprPrefetchingStrategy: 		OnlineFeedViewActivity (0 hits)
08-05 16:58:15.756 24025 24046 D TfprPrefetchingStrategy: 		FeedSettingsActivity (0 hits)
08-05 16:58:15.756 24025 24046 D TfprPrefetchingStrategy: 		FeedInfoActivity (0 hits)
08-05 16:58:15.756 24025 24046 D TfprPrefetchingStrategy: 	Ancestors:
08-05 16:58:15.756 24025 24046 D TfprPrefetchingStrategy: 		SplashActivity (0 hits)
08-05 16:58:15.756 24025 24046 D TfprPrefetchingStrategy: 
08-05 16:58:15.757 24025 24046 D TfprPrefetchingStrategy: MetricStrategyAccuracy inc execution count1 | act = true; extra = false
08-05 16:58:15.757 24025 24046 D TfprPrefetchingStrategy: ===
08-05 16:58:15.757 24025 24046 D TfprPrefetchingStrategy: calculateVisitTimeScores
08-05 16:58:15.757 24025 24046 D TfprPrefetchingStrategy: -------- Node FeedSettingsActivity-----------
08-05 16:58:15.757 24025 24046 D TfprPrefetchingStrategy: tfprNode.aggregateVisitTime = 17645
08-05 16:58:15.757 24025 24046 D TfprPrefetchingStrategy: tfprNode.totalAggregateVisitTimeFromSuccessors = 0
08-05 16:58:15.758 24025 24046 D TfprPrefetchingStrategy: tfprNode.aggregateVisitTimeFromSuccessors = {}
08-05 16:58:15.758 24025 24046 D TfprPrefetchingStrategy: -------- Node MainActivity-----------
08-05 16:58:15.758 24025 24046 D TfprPrefetchingStrategy: tfprNode.aggregateVisitTime = 314637
08-05 16:58:15.758 24025 24046 D TfprPrefetchingStrategy: tfprNode.totalAggregateVisitTimeFromSuccessors = 253603
08-05 16:58:15.758 24025 24046 D TfprPrefetchingStrategy: tfprNode.aggregateVisitTimeFromSuccessors = {nappatfpr.de.danoeh.antennapod.activity.FeedInfoActivity=18328, nappatfpr.de.danoeh.antennapod.activity.FeedSettingsActivity=17645, nappatfpr.de.danoeh.antennapod.activity.OnlineFeedViewActivity=196363, nappatfpr.de.danoeh.antennapod.activity.PreferenceActivity=21267}
08-05 16:58:15.758 24025 24046 D TfprPrefetchingStrategy: -------- Node FeedInfoActivity-----------
08-05 16:58:15.758 24025 24046 D TfprPrefetchingStrategy: tfprNode.aggregateVisitTime = 18328
08-05 16:58:15.758 24025 24046 D TfprPrefetchingStrategy: tfprNode.totalAggregateVisitTimeFromSuccessors = 0
08-05 16:58:15.758 24025 24046 D TfprPrefetchingStrategy: tfprNode.aggregateVisitTimeFromSuccessors = {}
08-05 16:58:15.758 24025 24046 D TfprPrefetchingStrategy: -------- Node OnlineFeedViewActivity-----------
08-05 16:58:15.758 24025 24046 D TfprPrefetchingStrategy: tfprNode.aggregateVisitTime = 196363
08-05 16:58:15.758 24025 24046 D TfprPrefetchingStrategy: tfprNode.totalAggregateVisitTimeFromSuccessors = 0
08-05 16:58:15.758 24025 24046 D TfprPrefetchingStrategy: tfprNode.aggregateVisitTimeFromSuccessors = {}
08-05 16:58:15.758 24025 24046 D TfprPrefetchingStrategy: -------- Node PreferenceActivity-----------
08-05 16:58:15.759 24025 24046 D TfprPrefetchingStrategy: tfprNode.aggregateVisitTime = 21267
08-05 16:58:15.759 24025 24046 D TfprPrefetchingStrategy: tfprNode.totalAggregateVisitTimeFromSuccessors = 0
08-05 16:58:15.759 24025 24046 D TfprPrefetchingStrategy: tfprNode.aggregateVisitTimeFromSuccessors = {}
08-05 16:58:15.759 24025 24046 D TfprPrefetchingStrategy: -------- Graph -----------
08-05 16:58:15.759 24025 24046 D TfprPrefetchingStrategy: tfprGraph.aggregateVisitTimeFromSuccessors = 568240
08-05 16:58:15.759 24025 24046 D TfprPrefetchingStrategy: ===
08-05 16:58:15.759 24025 24046 D TfprPrefetchingStrategy: ===
08-05 16:58:15.759 24025 24046 D TfprPrefetchingStrategy: runTfprAlgorithm
08-05 16:58:15.759 24025 24046 D TfprPrefetchingStrategy: ------------- TFPR calculation #1 of 10 -----------
08-05 16:58:15.759 24025 24046 D TfprPrefetchingStrategy: node FeedSettingsActivity score = 0.026394216
08-05 16:58:15.759 24025 24046 D TfprPrefetchingStrategy: node MainActivity score = 0.4706488
08-05 16:58:15.759 24025 24046 D TfprPrefetchingStrategy: node FeedInfoActivity score = 0.03251798
08-05 16:58:15.759 24025 24046 D TfprPrefetchingStrategy: node OnlineFeedViewActivity score = 0.34839198
08-05 16:58:15.759 24025 24046 D TfprPrefetchingStrategy: node PreferenceActivity score = 0.037732426
08-05 16:58:15.759 24025 24046 D TfprPrefetchingStrategy: ------------- TFPR calculation #2 of 10 -----------
08-05 16:58:15.759 24025 24046 D TfprPrefetchingStrategy: node FeedSettingsActivity score = 0.031306185
08-05 16:58:15.759 24025 24046 D TfprPrefetchingStrategy: node MainActivity score = 0.4706488
08-05 16:58:15.759 24025 24046 D TfprPrefetchingStrategy: node FeedInfoActivity score = 0.03251798
08-05 16:58:15.759 24025 24046 D TfprPrefetchingStrategy: node OnlineFeedViewActivity score = 0.34839198
08-05 16:58:15.759 24025 24046 D TfprPrefetchingStrategy: node PreferenceActivity score = 0.037732426
08-05 16:58:15.759 24025 24046 D TfprPrefetchingStrategy: ------------- TFPR calculation #3 of 10 -----------
08-05 16:58:15.759 24025 24046 D TfprPrefetchingStrategy: node FeedSettingsActivity score = 0.031306185
08-05 16:58:15.759 24025 24046 D TfprPrefetchingStrategy: node MainActivity score = 0.4706488
08-05 16:58:15.759 24025 24046 D TfprPrefetchingStrategy: node FeedInfoActivity score = 0.03251798
08-05 16:58:15.759 24025 24046 D TfprPrefetchingStrategy: node OnlineFeedViewActivity score = 0.34839198
08-05 16:58:15.760 24025 24046 D TfprPrefetchingStrategy: node PreferenceActivity score = 0.037732426
08-05 16:58:15.760 24025 24046 D TfprPrefetchingStrategy: ------------- TFPR calculation #4 of 10 -----------
08-05 16:58:15.760 24025 24046 D TfprPrefetchingStrategy: node FeedSettingsActivity score = 0.031306185
08-05 16:58:15.760 24025 24046 D TfprPrefetchingStrategy: node MainActivity score = 0.4706488
08-05 16:58:15.760 24025 24046 D TfprPrefetchingStrategy: node FeedInfoActivity score = 0.03251798
08-05 16:58:15.760 24025 24046 D TfprPrefetchingStrategy: node OnlineFeedViewActivity score = 0.34839198
08-05 16:58:15.760 24025 24046 D TfprPrefetchingStrategy: node PreferenceActivity score = 0.037732426
08-05 16:58:15.760 24025 24046 D TfprPrefetchingStrategy: ------------- TFPR calculation #5 of 10 -----------
08-05 16:58:15.760 24025 24046 D TfprPrefetchingStrategy: node FeedSettingsActivity score = 0.031306185
08-05 16:58:15.760 24025 24046 D TfprPrefetchingStrategy: node MainActivity score = 0.4706488
08-05 16:58:15.760 24025 24046 D TfprPrefetchingStrategy: node FeedInfoActivity score = 0.03251798
08-05 16:58:15.760 24025 24046 D TfprPrefetchingStrategy: node OnlineFeedViewActivity score = 0.34839198
08-05 16:58:15.760 24025 24046 D TfprPrefetchingStrategy: node PreferenceActivity score = 0.037732426
08-05 16:58:15.760 24025 24046 D TfprPrefetchingStrategy: ------------- TFPR calculation #6 of 10 -----------
08-05 16:58:15.760 24025 24046 D TfprPrefetchingStrategy: node FeedSettingsActivity score = 0.031306185
08-05 16:58:15.760 24025 24046 D TfprPrefetchingStrategy: node MainActivity score = 0.4706488
08-05 16:58:15.760 24025 24046 D TfprPrefetchingStrategy: node FeedInfoActivity score = 0.03251798
08-05 16:58:15.760 24025 24046 D TfprPrefetchingStrategy: node OnlineFeedViewActivity score = 0.34839198
08-05 16:58:15.760 24025 24046 D TfprPrefetchingStrategy: node PreferenceActivity score = 0.037732426
08-05 16:58:15.760 24025 24046 D TfprPrefetchingStrategy: ------------- TFPR calculation #7 of 10 -----------
08-05 16:58:15.760 24025 24046 D TfprPrefetchingStrategy: node FeedSettingsActivity score = 0.031306185
08-05 16:58:15.760 24025 24046 D TfprPrefetchingStrategy: node MainActivity score = 0.4706488
08-05 16:58:15.760 24025 24046 D TfprPrefetchingStrategy: node FeedInfoActivity score = 0.03251798
08-05 16:58:15.760 24025 24046 D TfprPrefetchingStrategy: node OnlineFeedViewActivity score = 0.34839198
08-05 16:58:15.761 24025 24046 D TfprPrefetchingStrategy: node PreferenceActivity score = 0.037732426
08-05 16:58:15.761 24025 24046 D TfprPrefetchingStrategy: ------------- TFPR calculation #8 of 10 -----------
08-05 16:58:15.761 24025 24046 D TfprPrefetchingStrategy: node FeedSettingsActivity score = 0.031306185
08-05 16:58:15.761 24025 24046 D TfprPrefetchingStrategy: node MainActivity score = 0.4706488
08-05 16:58:15.761 24025 24046 D TfprPrefetchingStrategy: node FeedInfoActivity score = 0.03251798
08-05 16:58:15.761 24025 24046 D TfprPrefetchingStrategy: node OnlineFeedViewActivity score = 0.34839198
08-05 16:58:15.761 24025 24046 D TfprPrefetchingStrategy: node PreferenceActivity score = 0.037732426
08-05 16:58:15.761 24025 24046 D TfprPrefetchingStrategy: ------------- TFPR calculation #9 of 10 -----------
08-05 16:58:15.761 24025 24046 D TfprPrefetchingStrategy: node FeedSettingsActivity score = 0.031306185
08-05 16:58:15.761 24025 24046 D TfprPrefetchingStrategy: node MainActivity score = 0.4706488
08-05 16:58:15.761 24025 24046 D TfprPrefetchingStrategy: node FeedInfoActivity score = 0.03251798
08-05 16:58:15.761 24025 24046 D TfprPrefetchingStrategy: node OnlineFeedViewActivity score = 0.34839198
08-05 16:58:15.761 24025 24046 D TfprPrefetchingStrategy: node PreferenceActivity score = 0.037732426
08-05 16:58:15.761 24025 24046 D TfprPrefetchingStrategy: ------------- TFPR calculation #10 of 10 -----------
08-05 16:58:15.761 24025 24046 D TfprPrefetchingStrategy: node FeedSettingsActivity score = 0.031306185
08-05 16:58:15.761 24025 24046 D TfprPrefetchingStrategy: node MainActivity score = 0.4706488
08-05 16:58:15.761 24025 24046 D TfprPrefetchingStrategy: node FeedInfoActivity score = 0.03251798
08-05 16:58:15.761 24025 24046 D TfprPrefetchingStrategy: node OnlineFeedViewActivity score = 0.34839198
08-05 16:58:15.761 24025 24046 D TfprPrefetchingStrategy: node PreferenceActivity score = 0.037732426
08-05 16:58:15.761 24025 24046 D TfprPrefetchingStrategy: ===
08-05 16:58:15.761 24025 24046 D TfprPrefetchingStrategy: ===
08-05 16:58:15.761 24025 24046 D TfprPrefetchingStrategy: getSuccessorListSortByTfprScore
08-05 16:58:15.761 24025 24046 D TfprPrefetchingStrategy: Successors before the sort [TfprNode{PreferenceActivity : TFPR = 0.037732426}, TfprNode{OnlineFeedViewActivity : TFPR = 0.34839198}, TfprNode{FeedSettingsActivity : TFPR = 0.031306185}, TfprNode{FeedInfoActivity : TFPR = 0.03251798}]
08-05 16:58:15.761 24025 24046 D TfprPrefetchingStrategy: Successors sorted by highest to lowest score (N2 - N1 comparator) are [TfprNode{OnlineFeedViewActivity : TFPR = 0.34839198}, TfprNode{PreferenceActivity : TFPR = 0.037732426}, TfprNode{FeedInfoActivity : TFPR = 0.03251798}, TfprNode{FeedSettingsActivity : TFPR = 0.031306185}]
08-05 16:58:15.761 24025 24046 D TfprPrefetchingStrategy: Selected the following nodes:
08-05 16:58:15.762 24025 24046 D TfprPrefetchingStrategy: #1 - OnlineFeedViewActivity with score 0.34839198
08-05 16:58:15.762 24025 24046 D TfprPrefetchingStrategy: successors with high score = [OnlineFeedViewActivity 
08-05 16:58:15.762 24025 24046 D TfprPrefetchingStrategy: 	Successors:
08-05 16:58:15.762 24025 24046 D TfprPrefetchingStrategy: 
08-05 16:58:15.762 24025 24046 D TfprPrefetchingStrategy: 	Ancestors:
08-05 16:58:15.762 24025 24046 D TfprPrefetchingStrategy: 		MainActivity (0 hits)
08-05 16:58:15.762 24025 24046 D TfprPrefetchingStrategy: 
08-05 16:58:15.762 24025 24046 D TfprPrefetchingStrategy: ]
08-05 16:58:15.762 24025 24046 D TfprPrefetchingStrategy: ===
08-05 16:58:15.762 24025 24046 D TfprPrefetchingStrategy: Selected node OnlineFeedViewActivity containing the URLS []
08-05 16:58:15.762 24025 24046 D TfprPrefetchingStrategy: Next visited child will be [nappatfpr.de.danoeh.antennapod.activity.OnlineFeedViewActivity]
08-05 16:58:15.762 24025 24046 D TfprPrefetchingStrategy: ==================================
08-05 16:58:15.762 24025 24046 D Nappa   : PREFETCH_ON_EXTRA - setCurrentActivity - finished new prediction
08-05 16:58:15.909 24025 24038 I art     : Starting a blocking GC Explicit
08-05 16:58:15.932 24025 24038 I art     : Explicit concurrent mark sweep GC freed 2839(179KB) AllocSpace objects, 1(20KB) LOS objects, 40% free, 22MB/38MB, paused 271us total 21.923ms
08-05 16:58:15.942 24025 24038 I art     : Starting a blocking GC Explicit
08-05 16:58:15.961 24025 24038 I art     : Explicit concurrent mark sweep GC freed 35(1136B) AllocSpace objects, 0(0B) LOS objects, 40% free, 22MB/38MB, paused 225us total 18.272ms
08-05 16:58:15.971 24025 24038 I art     : Starting a blocking GC Explicit
08-05 16:58:15.986 24025 24038 I art     : Explicit concurrent mark sweep GC freed 3(96B) AllocSpace objects, 0(0B) LOS objects, 40% free, 22MB/38MB, paused 221us total 14.363ms
08-05 16:58:15.993 24025 24038 I art     : Starting a blocking GC Explicit
08-05 16:58:16.007 24025 24038 I art     : Explicit concurrent mark sweep GC freed 3(96B) AllocSpace objects, 0(0B) LOS objects, 40% free, 22MB/38MB, paused 220us total 14.278ms
08-05 16:58:16.014 24025 24038 I art     : Starting a blocking GC Explicit
08-05 16:58:16.028 24025 24038 I art     : Explicit concurrent mark sweep GC freed 3(96B) AllocSpace objects, 0(0B) LOS objects, 40% free, 22MB/38MB, paused 223us total 14.074ms
08-05 16:58:16.052 24025 24120 D DBReader: Extracting Feedlist
08-05 16:58:16.053 24025 24120 D FlattrUtils: Retrieving access token
08-05 16:58:16.053 24025 24120 D FlattrUtils: No access token found
08-05 16:58:16.055 24025 24120 I art     : Rejecting re-init on previously-failed class java.lang.Class<androidx.core.app.JobIntentService$JobServiceEngineImpl>
08-05 16:58:16.055 24025 24120 I art     : Rejecting re-init on previously-failed class java.lang.Class<androidx.core.app.JobIntentService$JobServiceEngineImpl>
08-05 16:58:16.056 24025 24120 I art     : Rejecting re-init on previously-failed class java.lang.Class<androidx.core.app.SafeJobIntentService$SafeJobServiceEngineImpl>
08-05 16:58:16.056 24025 24120 I art     : Rejecting re-init on previously-failed class java.lang.Class<androidx.core.app.SafeJobIntentService$SafeJobServiceEngineImpl>
08-05 16:58:16.287 24025 24101 I art     : Starting a blocking GC Explicit
08-05 16:58:16.305 24025 24101 I art     : Explicit concurrent mark sweep GC freed 2056(187KB) AllocSpace objects, 2(40KB) LOS objects, 40% free, 22MB/38MB, paused 228us total 17.795ms
08-05 16:58:16.314 24025 24101 I art     : Starting a blocking GC Explicit
08-05 16:58:16.329 24025 24101 I art     : Explicit concurrent mark sweep GC freed 85(3KB) AllocSpace objects, 0(0B) LOS objects, 40% free, 22MB/38MB, paused 211us total 14.295ms
08-05 16:58:16.335 24025 24101 I art     : Starting a blocking GC Explicit
08-05 16:58:16.350 24025 24101 I art     : Explicit concurrent mark sweep GC freed 3(96B) AllocSpace objects, 0(0B) LOS objects, 40% free, 22MB/38MB, paused 211us total 14.218ms
08-05 16:58:16.356 24025 24101 I art     : Starting a blocking GC Explicit
08-05 16:58:16.370 24025 24101 I art     : Explicit concurrent mark sweep GC freed 3(96B) AllocSpace objects, 0(0B) LOS objects, 40% free, 22MB/38MB, paused 213us total 13.273ms
08-05 16:58:16.376 24025 24101 I art     : Starting a blocking GC Explicit
08-05 16:58:16.390 24025 24101 I art     : Explicit concurrent mark sweep GC freed 3(96B) AllocSpace objects, 0(0B) LOS objects, 40% free, 22MB/38MB, paused 203us total 13.693ms
08-05 16:58:16.503 13866 13866 I GoogleInputMethodServic: GoogleInputMethodService.onFinishInput():3138 
08-05 16:58:16.505 13866 13866 I GoogleInputMethodServic: GoogleInputMethodService.onStartInput():1808 
08-05 16:58:16.671 24025 24038 I art     : Starting a blocking GC Explicit
08-05 16:58:16.687 24025 24038 I art     : Explicit concurrent mark sweep GC freed 1707(102KB) AllocSpace objects, 1(20KB) LOS objects, 40% free, 22MB/38MB, paused 349us total 15.958ms
08-05 16:58:16.694 24025 24038 I art     : Starting a blocking GC Explicit
08-05 16:58:16.710 24025 24038 I art     : Explicit concurrent mark sweep GC freed 43(1600B) AllocSpace objects, 0(0B) LOS objects, 40% free, 22MB/38MB, paused 211us total 15.329ms
08-05 16:58:16.717 24025 24038 I art     : Starting a blocking GC Explicit
08-05 16:58:16.729 24025 24038 I art     : Explicit concurrent mark sweep GC freed 3(96B) AllocSpace objects, 0(0B) LOS objects, 40% free, 22MB/38MB, paused 195us total 11.843ms
08-05 16:58:16.735 24025 24038 I art     : Starting a blocking GC Explicit
08-05 16:58:16.748 24025 24038 I art     : Explicit concurrent mark sweep GC freed 3(96B) AllocSpace objects, 0(0B) LOS objects, 40% free, 22MB/38MB, paused 192us total 12.019ms
08-05 16:58:16.754 24025 24038 I art     : Starting a blocking GC Explicit
08-05 16:58:16.766 24025 24038 I art     : Explicit concurrent mark sweep GC freed 3(96B) AllocSpace objects, 0(0B) LOS objects, 40% free, 22MB/38MB, paused 189us total 12.124ms
08-05 16:58:17.075 24025 24038 I art     : Starting a blocking GC Explicit
08-05 16:58:17.094 24025 24038 I art     : Explicit concurrent mark sweep GC freed 1594(97KB) AllocSpace objects, 1(20KB) LOS objects, 40% free, 22MB/38MB, paused 289us total 19.379ms
08-05 16:58:17.104 24025 24038 I art     : Starting a blocking GC Explicit
08-05 16:58:17.119 24025 24038 I art     : Explicit concurrent mark sweep GC freed 35(1136B) AllocSpace objects, 0(0B) LOS objects, 40% free, 22MB/38MB, paused 213us total 14.709ms
08-05 16:58:17.126 24025 24038 I art     : Starting a blocking GC Explicit
08-05 16:58:17.140 24025 24038 I art     : Explicit concurrent mark sweep GC freed 3(96B) AllocSpace objects, 0(0B) LOS objects, 40% free, 22MB/38MB, paused 224us total 13.970ms
08-05 16:58:17.147 24025 24038 I art     : Starting a blocking GC Explicit
08-05 16:58:17.161 24025 24038 I art     : Explicit concurrent mark sweep GC freed 3(96B) AllocSpace objects, 0(0B) LOS objects, 40% free, 22MB/38MB, paused 218us total 14.434ms
08-05 16:58:17.168 24025 24038 I art     : Starting a blocking GC Explicit
08-05 16:58:17.181 24025 24038 I art     : Explicit concurrent mark sweep GC freed 3(96B) AllocSpace objects, 0(0B) LOS objects, 40% free, 22MB/38MB, paused 217us total 13.603ms
08-05 16:58:17.462 24025 24037 I art     : Starting a blocking GC Explicit
08-05 16:58:17.480 24025 24037 I art     : Explicit concurrent mark sweep GC freed 1595(100KB) AllocSpace objects, 1(20KB) LOS objects, 40% free, 22MB/38MB, paused 258us total 17.851ms
08-05 16:58:17.492 24025 24037 I art     : Starting a blocking GC Explicit
08-05 16:58:17.507 24025 24037 I art     : Explicit concurrent mark sweep GC freed 35(1136B) AllocSpace objects, 0(0B) LOS objects, 40% free, 22MB/38MB, paused 320us total 14.701ms
08-05 16:58:17.513 24025 24037 I art     : Starting a blocking GC Explicit
08-05 16:58:17.527 24025 24037 I art     : Explicit concurrent mark sweep GC freed 3(96B) AllocSpace objects, 0(0B) LOS objects, 40% free, 22MB/38MB, paused 217us total 13.838ms
08-05 16:58:17.533 24025 24037 I art     : Starting a blocking GC Explicit
08-05 16:58:17.547 24025 24037 I art     : Explicit concurrent mark sweep GC freed 3(96B) AllocSpace objects, 0(0B) LOS objects, 40% free, 22MB/38MB, paused 190us total 13.649ms
08-05 16:58:17.554 24025 24037 I art     : Starting a blocking GC Explicit
08-05 16:58:17.568 24025 24037 I art     : Explicit concurrent mark sweep GC freed 3(96B) AllocSpace objects, 0(0B) LOS objects, 40% free, 22MB/38MB, paused 212us total 13.910ms
08-05 16:58:17.881 24025 24101 I art     : Starting a blocking GC Explicit
08-05 16:58:17.899 24025 24101 I art     : Explicit concurrent mark sweep GC freed 1623(102KB) AllocSpace objects, 1(20KB) LOS objects, 40% free, 22MB/38MB, paused 241us total 17.663ms
08-05 16:58:17.910 24025 24101 I art     : Starting a blocking GC Explicit
08-05 16:58:17.926 24025 24101 I art     : Explicit concurrent mark sweep GC freed 35(1136B) AllocSpace objects, 0(0B) LOS objects, 40% free, 22MB/38MB, paused 212us total 15.651ms
08-05 16:58:17.932 24025 24101 I art     : Starting a blocking GC Explicit
08-05 16:58:17.946 24025 24101 I art     : Explicit concurrent mark sweep GC freed 3(96B) AllocSpace objects, 0(0B) LOS objects, 40% free, 22MB/38MB, paused 192us total 14.115ms
08-05 16:58:17.953 24025 24101 I art     : Starting a blocking GC Explicit
08-05 16:58:17.967 24025 24101 I art     : Explicit concurrent mark sweep GC freed 3(96B) AllocSpace objects, 0(0B) LOS objects, 40% free, 22MB/38MB, paused 200us total 13.577ms
08-05 16:58:17.973 24025 24101 I art     : Starting a blocking GC Explicit
08-05 16:58:17.987 24025 24101 I art     : Explicit concurrent mark sweep GC freed 3(96B) AllocSpace objects, 0(0B) LOS objects, 40% free, 22MB/38MB, paused 218us total 13.746ms
08-05 16:58:18.298 24025 24101 I art     : Starting a blocking GC Explicit
08-05 16:58:18.316 24025 24101 I art     : Explicit concurrent mark sweep GC freed 1619(98KB) AllocSpace objects, 1(20KB) LOS objects, 40% free, 22MB/38MB, paused 238us total 17.008ms
08-05 16:58:18.324 24025 24101 I art     : Starting a blocking GC Explicit
08-05 16:58:18.339 24025 24101 I art     : Explicit concurrent mark sweep GC freed 36(1168B) AllocSpace objects, 0(0B) LOS objects, 40% free, 22MB/38MB, paused 215us total 15.385ms
08-05 16:58:18.346 24025 24101 I art     : Starting a blocking GC Explicit
08-05 16:58:18.360 24025 24101 I art     : Explicit concurrent mark sweep GC freed 4(160B) AllocSpace objects, 0(0B) LOS objects, 40% free, 22MB/38MB, paused 199us total 13.679ms
08-05 16:58:18.366 24025 24101 I art     : Starting a blocking GC Explicit
08-05 16:58:18.379 24025 24101 I art     : Explicit concurrent mark sweep GC freed 3(96B) AllocSpace objects, 0(0B) LOS objects, 40% free, 22MB/38MB, paused 189us total 12.162ms
08-05 16:58:18.384 24025 24101 I art     : Starting a blocking GC Explicit
08-05 16:58:18.397 24025 24101 I art     : Explicit concurrent mark sweep GC freed 3(96B) AllocSpace objects, 0(0B) LOS objects, 40% free, 22MB/38MB, paused 207us total 12.180ms
08-05 16:58:18.709 24025 24037 I art     : Starting a blocking GC Explicit
08-05 16:58:18.733 24025 24037 I art     : Explicit concurrent mark sweep GC freed 1616(95KB) AllocSpace objects, 1(20KB) LOS objects, 40% free, 22MB/38MB, paused 241us total 24.134ms
08-05 16:58:18.744 24025 24037 I art     : Starting a blocking GC Explicit
08-05 16:58:18.759 24025 24037 I art     : Explicit concurrent mark sweep GC freed 35(1136B) AllocSpace objects, 0(0B) LOS objects, 40% free, 22MB/38MB, paused 211us total 14.560ms
08-05 16:58:18.765 24025 24037 I art     : Starting a blocking GC Explicit
08-05 16:58:18.779 24025 24037 I art     : Explicit concurrent mark sweep GC freed 3(96B) AllocSpace objects, 0(0B) LOS objects, 40% free, 22MB/38MB, paused 194us total 13.425ms
08-05 16:58:18.785 24025 24037 I art     : Starting a blocking GC Explicit
08-05 16:58:18.799 24025 24037 I art     : Explicit concurrent mark sweep GC freed 3(96B) AllocSpace objects, 0(0B) LOS objects, 40% free, 22MB/38MB, paused 213us total 13.897ms
08-05 16:58:18.806 24025 24037 I art     : Starting a blocking GC Explicit
08-05 16:58:18.819 24025 24037 I art     : Explicit concurrent mark sweep GC freed 3(96B) AllocSpace objects, 0(0B) LOS objects, 40% free, 22MB/38MB, paused 209us total 13.591ms
08-05 16:58:19.130 24025 24038 I art     : Starting a blocking GC Explicit
08-05 16:58:19.151   518   646 I ThermalEngine: ACTION: GPU - Setting GPU[0] to 510000000
08-05 16:58:19.157 24025 24038 I art     : Explicit concurrent mark sweep GC freed 1592(96KB) AllocSpace objects, 1(20KB) LOS objects, 40% free, 22MB/38MB, paused 223us total 27.555ms
08-05 16:58:19.166 24025 24038 I art     : Starting a blocking GC Explicit
08-05 16:58:19.184 24025 24038 I art     : Explicit concurrent mark sweep GC freed 35(1136B) AllocSpace objects, 0(0B) LOS objects, 40% free, 22MB/38MB, paused 294us total 17.805ms
08-05 16:58:19.192 24025 24038 I art     : Starting a blocking GC Explicit
08-05 16:58:19.210 24025 24038 I art     : Explicit concurrent mark sweep GC freed 3(96B) AllocSpace objects, 0(0B) LOS objects, 40% free, 22MB/38MB, paused 283us total 17.124ms
08-05 16:58:19.218 24025 24038 I art     : Starting a blocking GC Explicit
08-05 16:58:19.235 24025 24038 I art     : Explicit concurrent mark sweep GC freed 3(96B) AllocSpace objects, 0(0B) LOS objects, 40% free, 22MB/38MB, paused 297us total 17.428ms
08-05 16:58:19.243 24025 24038 I art     : Starting a blocking GC Explicit
08-05 16:58:19.261 24025 24038 I art     : Explicit concurrent mark sweep GC freed 3(96B) AllocSpace objects, 0(0B) LOS objects, 40% free, 22MB/38MB, paused 294us total 17.649ms
08-05 16:58:19.581 24025 24101 I art     : Starting a blocking GC Explicit
08-05 16:58:19.607 24025 24101 I art     : Explicit concurrent mark sweep GC freed 1617(95KB) AllocSpace objects, 1(20KB) LOS objects, 40% free, 22MB/38MB, paused 311us total 25.448ms
08-05 16:58:19.618 24025 24101 I art     : Starting a blocking GC Explicit
08-05 16:58:19.640 24025 24101 I art     : Explicit concurrent mark sweep GC freed 35(1136B) AllocSpace objects, 0(0B) LOS objects, 40% free, 22MB/38MB, paused 294us total 21.120ms
08-05 16:58:19.649 24025 24101 I art     : Starting a blocking GC Explicit
08-05 16:58:19.667 24025 24101 I art     : Explicit concurrent mark sweep GC freed 3(96B) AllocSpace objects, 0(0B) LOS objects, 40% free, 22MB/38MB, paused 303us total 18.191ms
08-05 16:58:19.676 24025 24101 I art     : Starting a blocking GC Explicit
08-05 16:58:19.693 24025 24101 I art     : Explicit concurrent mark sweep GC freed 3(96B) AllocSpace objects, 0(0B) LOS objects, 40% free, 22MB/38MB, paused 271us total 16.722ms
08-05 16:58:19.700 24025 24101 I art     : Starting a blocking GC Explicit
08-05 16:58:19.718 24025 24101 I art     : Explicit concurrent mark sweep GC freed 3(96B) AllocSpace objects, 0(0B) LOS objects, 40% free, 22MB/38MB, paused 291us total 17.106ms
08-05 16:58:19.973 24025 24037 I art     : Starting a blocking GC Explicit
08-05 16:58:19.991 24025 24037 I art     : Explicit concurrent mark sweep GC freed 1589(94KB) AllocSpace objects, 1(20KB) LOS objects, 40% free, 22MB/38MB, paused 297us total 17.607ms
08-05 16:58:19.999 24025 24037 I art     : Starting a blocking GC Explicit
08-05 16:58:20.016 24025 24037 I art     : Explicit concurrent mark sweep GC freed 35(1136B) AllocSpace objects, 0(0B) LOS objects, 40% free, 22MB/38MB, paused 283us total 17.180ms
08-05 16:58:20.024 24025 24037 I art     : Starting a blocking GC Explicit
08-05 16:58:20.041 24025 24037 I art     : Explicit concurrent mark sweep GC freed 3(96B) AllocSpace objects, 0(0B) LOS objects, 40% free, 22MB/38MB, paused 280us total 16.893ms
08-05 16:58:20.049 24025 24037 I art     : Starting a blocking GC Explicit
08-05 16:58:20.066 24025 24037 I art     : Explicit concurrent mark sweep GC freed 3(96B) AllocSpace objects, 0(0B) LOS objects, 40% free, 22MB/38MB, paused 292us total 16.901ms
08-05 16:58:20.074 24025 24037 I art     : Starting a blocking GC Explicit
08-05 16:58:20.091 24025 24037 I art     : Explicit concurrent mark sweep GC freed 3(96B) AllocSpace objects, 0(0B) LOS objects, 40% free, 22MB/38MB, paused 287us total 16.931ms
08-05 16:58:20.359 24232 24232 D AndroidRuntime: >>>>>> START com.android.internal.os.RuntimeInit uid 2000 <<<<<<
08-05 16:58:20.364 24232 24232 D AndroidRuntime: CheckJNI is OFF
08-05 16:58:20.371 24025 24038 I art     : Starting a blocking GC Explicit
08-05 16:58:20.389 24025 24038 I art     : Explicit concurrent mark sweep GC freed 1591(94KB) AllocSpace objects, 1(20KB) LOS objects, 40% free, 22MB/38MB, paused 313us total 17.854ms
08-05 16:58:20.397 24025 24038 I art     : Starting a blocking GC Explicit
08-05 16:58:20.402 24232 24232 D ICU     : No timezone override file found: /data/misc/zoneinfo/current/icu/icu_tzdata.dat
08-05 16:58:20.414 24025 24038 I art     : Explicit concurrent mark sweep GC freed 35(1136B) AllocSpace objects, 0(0B) LOS objects, 40% free, 22MB/38MB, paused 311us total 17.068ms
08-05 16:58:20.422 24025 24038 I art     : Starting a blocking GC Explicit
08-05 16:58:20.437 24232 24232 I Radio-JNI: register_android_hardware_Radio DONE
08-05 16:58:20.439 24025 24038 I art     : Explicit concurrent mark sweep GC freed 3(96B) AllocSpace objects, 0(0B) LOS objects, 40% free, 22MB/38MB, paused 297us total 16.902ms
08-05 16:58:20.439 24025 24035 I art     : WaitForGcToComplete blocked for 8.558ms for cause HeapTrim
08-05 16:58:20.447 24025 24038 I art     : Starting a blocking GC Explicit
08-05 16:58:20.459 24232 24232 D AndroidRuntime: Calling main entry com.android.commands.input.Input
08-05 16:58:20.461 24232 24232 I Input   : injectMotionEvent: MotionEvent { action=ACTION_DOWN, actionButton=0, id[0]=0, x[0]=1233.0, y[0]=1274.0, toolType[0]=TOOL_TYPE_UNKNOWN, buttonState=0, metaState=0, flags=0x0, edgeFlags=0x0, pointerCount=1, historySize=0, eventTime=809916874, downTime=809916874, deviceId=0, source=0x1002 }
08-05 16:58:20.465 24025 24038 I art     : Explicit concurrent mark sweep GC freed 3(96B) AllocSpace objects, 0(0B) LOS objects, 40% free, 22MB/38MB, paused 631us total 17.232ms
08-05 16:58:20.467 24232 24232 I Input   : injectMotionEvent: MotionEvent { action=ACTION_UP, actionButton=0, id[0]=0, x[0]=1233.0, y[0]=1274.0, toolType[0]=TOOL_TYPE_UNKNOWN, buttonState=0, metaState=0, flags=0x0, edgeFlags=0x0, pointerCount=1, historySize=0, eventTime=809916874, downTime=809916874, deviceId=0, source=0x1002 }
08-05 16:58:20.468 24232 24232 D AndroidRuntime: Shutting down VM
08-05 16:58:20.472 24025 24038 I art     : Starting a blocking GC Explicit
08-05 16:58:20.490 24025 24038 I art     : Explicit concurrent mark sweep GC freed 6(192B) AllocSpace objects, 0(0B) LOS objects, 40% free, 22MB/38MB, paused 289us total 17.388ms
08-05 16:58:20.720 24025 24037 I art     : Starting a blocking GC Explicit
08-05 16:58:20.736 24025 24037 I art     : Explicit concurrent mark sweep GC freed 1616(95KB) AllocSpace objects, 1(20KB) LOS objects, 40% free, 22MB/38MB, paused 258us total 16.481ms
08-05 16:58:20.744 24025 24037 I art     : Starting a blocking GC Explicit
08-05 16:58:20.759 24025 24037 I art     : Explicit concurrent mark sweep GC freed 35(1136B) AllocSpace objects, 0(0B) LOS objects, 40% free, 22MB/38MB, paused 255us total 15.475ms
08-05 16:58:20.767 24025 24037 I art     : Starting a blocking GC Explicit
08-05 16:58:20.782 24025 24037 I art     : Explicit concurrent mark sweep GC freed 3(96B) AllocSpace objects, 0(0B) LOS objects, 40% free, 22MB/38MB, paused 255us total 15.385ms
08-05 16:58:20.790 24025 24037 I art     : Starting a blocking GC Explicit
08-05 16:58:20.806 24025 24037 I art     : Explicit concurrent mark sweep GC freed 3(96B) AllocSpace objects, 0(0B) LOS objects, 40% free, 22MB/38MB, paused 260us total 15.400ms
08-05 16:58:20.813 24025 24037 I art     : Starting a blocking GC Explicit
08-05 16:58:20.829 24025 24037 I art     : Explicit concurrent mark sweep GC freed 3(96B) AllocSpace objects, 0(0B) LOS objects, 40% free, 22MB/38MB, paused 269us total 15.821ms
08-05 16:58:20.899 13866 13866 I GoogleInputMethodServic: GoogleInputMethodService.onFinishInput():3138 
08-05 16:58:20.899 13866 13866 I GoogleInputMethodServic: GoogleInputMethodService.onStartInput():1808 
08-05 16:58:21.114 24025 24101 I art     : Starting a blocking GC Explicit
08-05 16:58:21.133 24025 24101 I art     : Explicit concurrent mark sweep GC freed 1687(98KB) AllocSpace objects, 1(20KB) LOS objects, 40% free, 22MB/38MB, paused 292us total 19.077ms
08-05 16:58:21.142 24025 24101 I art     : Starting a blocking GC Explicit
08-05 16:58:21.160 24025 24101 I art     : Explicit concurrent mark sweep GC freed 43(1584B) AllocSpace objects, 0(0B) LOS objects, 40% free, 22MB/38MB, paused 313us total 17.780ms
08-05 16:58:21.168 24025 24101 I art     : Starting a blocking GC Explicit
08-05 16:58:21.186 24025 24101 I art     : Explicit concurrent mark sweep GC freed 3(96B) AllocSpace objects, 0(0B) LOS objects, 40% free, 22MB/38MB, paused 282us total 17.371ms
08-05 16:58:21.190 20779 20779 I ServiceManager: Waiting for service AtCmdFwd...
08-05 16:58:21.194 24025 24101 I art     : Starting a blocking GC Explicit
