--------- beginning of main
08-05 16:58:12.279  3784  3784 D CarrierServiceBindHelper: Receive action: android.intent.action.PACKAGE_REMOVED
08-05 16:58:12.313   918  3696 I AccountManagerService: getTypesVisibleToCaller: isPermitted? true
08-05 16:58:12.323 23959 23959 W System  : ClassLoader referenced unknown path: /system/app/KeyChain/lib/arm64
08-05 16:58:12.334  3784  3784 D CarrierServiceBindHelper: Receive action: android.intent.action.PACKAGE_ADDED
08-05 16:58:12.334  3784  3784 D CarrierServiceBindHelper: Receive action: android.intent.action.PACKAGE_REPLACED
08-05 16:58:12.335  3784  3784 D CarrierServiceBindHelper: mHandler: 3
08-05 16:58:12.335  3784  3784 D CarrierServiceBindHelper: mHandler: 3
08-05 16:58:12.335  3784  3784 D CarrierServiceBindHelper: mHandler: 3
08-05 16:58:12.335  3784  3784 D CarrierConfigLoader: mHandler: 9 phoneId: 0
08-05 16:58:12.365 24365 23982 I Fitness : FitCleanupIntentOperation received Intent android.intent.action.PACKAGE_REMOVED [CONTEXT service_id=17 ]
08-05 16:58:12.369   918  6111 I AccountManagerService: getTypesVisibleToCaller: isPermitted? true
08-05 16:58:12.377 21092 21092 I Finsky  : [1] uah.a(18): PackageMonitorReceiverImpl - Received: android.intent.action.PACKAGE_REMOVED, [0-ZT9HreWxDlPwL3PD1BWbmvF9Uw3CqQ7cBeRCZMsvs]
08-05 16:58:12.377 21092 21092 I Finsky  : [1] ubi.d(9): Invalidating cached PackageState for nappatfpr.de.danoeh.antennapod.debug
08-05 16:58:12.387 21092 21092 I Finsky  : [1] lzi.c(2): Frosting ID looked up on UI thread. Caller should move to a background thread.
08-05 16:58:12.411 21092 21092 I Finsky  : [1] nqb.c(3): Installer: package nappatfpr.de.danoeh.antennapod.debug was removed. replacing: true
08-05 16:58:12.411 21092 21092 I Finsky  : [1] nra.a(188): Installer: Notifying status update. package=nappatfpr.de.danoeh.antennapod.debug, status=UNINSTALLED
08-05 16:58:12.461 21092 21092 I Finsky  : [1] lzi.c(2): Frosting ID looked up on UI thread. Caller should move to a background thread.
08-05 16:58:12.479 21092 21092 I Finsky  : [1] nra.a(220): Installer: found apps to install. isMultiUserMode=false, apps=[]
08-05 16:58:12.483 21092 23998 I Finsky  : [6439] ejf.a(-1): Cancelled 0 ongoing asset module downloads for package nappatfpr.de.danoeh.antennapod.debug due to a concurrent app update.
08-05 16:58:12.508 21092 21254 I Finsky  : [6084] odj.b(52): IQ: Notifying installation update. package=nappatfpr.de.danoeh.antennapod.debug, status=UNINSTALLED
08-05 16:58:12.554 24577 23994 I Auth    : [SupervisedAccountIntentOperation] onHandleIntent(): android.intent.action.PACKAGE_ADDED
08-05 16:58:12.556 24577 23994 I ChromeSync: [Sync,SyncIntentOperation] Handling the intent: Intent { act=android.intent.action.PACKAGE_ADDED dat=package:nappatfpr.de.danoeh.antennapod.debug flg=0x4000010 cmp=com.google.android.gms/.chimera.GmsIntentOperationService (has extras) }.
--------- beginning of system
08-05 16:58:12.561   918  3696 W ActivityManager: Unable to start service Intent { act=com.google.android.gms.auth.key.retrieval.service.START pkg=com.google.android.gms } U=0: not found
08-05 16:58:12.580 21092 21092 I Finsky  : [1] uah.a(18): PackageMonitorReceiverImpl - Received: android.intent.action.PACKAGE_ADDED, [0-ZT9HreWxDlPwL3PD1BWbmvF9Uw3CqQ7cBeRCZMsvs]
08-05 16:58:12.581 21092 21092 I Finsky  : [1] ubi.d(9): Invalidating cached PackageState for nappatfpr.de.danoeh.antennapod.debug
08-05 16:58:12.644 21092 21092 I Finsky  : [1] lzi.c(2): Frosting ID looked up on UI thread. Caller should move to a background thread.
08-05 16:58:12.678   918  5481 W ActivityManager: Unbind failed: could not find connection for android.os.BinderProxy@9699286
08-05 16:58:12.690 21092 21092 I Finsky  : [1] agsx.a(4): Do not start WearSupportService due to Wear service optimization
08-05 16:58:12.691 24577 24621 E GmsClient: unable to connect to service: com.google.android.gms.auth.key.retrieval.service.START on com.google.android.gms
08-05 16:58:12.692 21092 23987 I Finsky  : [6437] lyv.run(-1): Wrote row to frosting DB: 2878
08-05 16:58:12.717 21092 23998 I Finsky  : [6439] ejc.a(-1): Asset module broadcast after update successful for package nappatfpr.de.danoeh.antennapod.debug. 0 sessions broadcast.
08-05 16:58:12.725 21092 23995 I Finsky  : [6438] gzn.a(-1): [ContentSync] finished, scheduled=false
08-05 16:58:12.727 21092 21092 I Finsky  : [1] lzi.c(2): Frosting ID looked up on UI thread. Caller should move to a background thread.
08-05 16:58:12.729   918  3670 I AccountManagerService: getTypesVisibleToCaller: isPermitted? true
08-05 16:58:12.733 24577 23994 I ChromeSync: [Persistence,AffiliationManager] One of affiliation or grouping data for android://bz0hZa4nAJEtd0n5sRlXG7KAqctUMWVefv7Ki4mh1p6slZ9YO-n9gS9j8m9YCrsIyI2wIxrDHraumF9Y6pBLTA==@nappatfpr.de.danoeh.antennapod.debug/ was not found. Marking affiliation data as stale...
08-05 16:58:12.828   918  3359 I AccountManagerService: getTypesVisibleToCaller: isPermitted? true
08-05 16:58:12.857 21092 21254 I Finsky  : [6084] odj.b(40): IQ: No matching installs to run for jobs: []
08-05 16:58:12.914 21092 23987 I Finsky  : [6437] lyv.run(-1): Wrote row to frosting DB: 2879
08-05 16:58:12.930 21092 21092 I Finsky  : [1] xmu.a(8): SCH: Jobs in database: 1-1337 3-215 3-216 12-1 24-77777777 26-1414141414 
08-05 16:58:12.933 21092 21092 I Finsky  : [1] xio.a(57): SCH: ConstraintMapping: 24-77777777,  -> L: 0ms, D: 15107587ms, C: false, I: true, N: 0
08-05 16:58:12.933 21092 21092 I Finsky  : [1] xio.a(57): SCH: ConstraintMapping: 1-1337, 12-1,  -> L: 14522ms, D: 61659979ms, C: false, I: false, N: 1
08-05 16:58:12.934 21092 21092 I Finsky  : [1] xio.a(57): SCH: ConstraintMapping: 3-215,  -> L: 0ms, D: 73534519ms, C: false, I: true, N: 2
08-05 16:58:12.934 21092 21092 I Finsky  : [1] xio.a(57): SCH: ConstraintMapping: 3-216,  -> L: 0ms, D: 73534550ms, C: true, I: true, N: 2
08-05 16:58:12.934 21092 21092 I Finsky  : [1] xio.a(57): SCH: ConstraintMapping: 26-1414141414,  -> L: 23107446ms, D: 24007446ms, C: false, I: false, N: 0
08-05 16:58:12.942 21092 23995 I Finsky  : [6438] gzn.a(-1): [ContentSync] finished, scheduled=true
08-05 16:58:12.960 21092 21092 I Finsky  : [1] xle.a(34): Cancelling existing jobscheduler jobs: 9008 9010 9009 9007 9003 9002 9005 9006 9001 9004 
08-05 16:58:12.960 21092 21092 I Finsky  : [1] xle.a(27): Scheduling job Id: 9000, L: 0, D: 15107587, C: false, I: true, N: 0
08-05 16:58:12.963 21092 21092 I Finsky  : [1] xle.a(27): Scheduling job Id: 9011, L: 14522, D: 61659979, C: false, I: false, N: 1
08-05 16:58:12.965 21092 21092 I Finsky  : [1] xle.a(27): Scheduling job Id: 9012, L: 0, D: 73534519, C: false, I: true, N: 2
08-05 16:58:12.967 21092 21092 I Finsky  : [1] xle.a(27): Scheduling job Id: 9013, L: 0, D: 73534550, C: true, I: true, N: 2
08-05 16:58:12.970 21092 21092 I Finsky  : [1] xle.a(27): Scheduling job Id: 9014, L: 23107446, D: 24007446, C: false, I: false, N: 0
08-05 16:58:12.973 21092 21092 I Finsky  : [1] xle.a(27): Scheduling job Id: 9015, L: 0, D: 15107587, C: false, I: true, N: 0
08-05 16:58:12.975 21092 23987 I Finsky  : [6437] lyv.run(-1): Wrote row to frosting DB: 2880
08-05 16:58:12.977 21092 21092 I Finsky  : [1] xle.a(27): Scheduling job Id: 9016, L: 14522, D: 61659979, C: false, I: false, N: 1
08-05 16:58:12.979 21092 21092 I Finsky  : [1] xle.a(27): Scheduling job Id: 9017, L: 0, D: 73534519, C: false, I: true, N: 2
08-05 16:58:12.987 24008 24008 D AndroidRuntime: >>>>>> START com.android.internal.os.RuntimeInit uid 2000 <<<<<<
08-05 16:58:12.992 21092 21092 I Finsky  : [1] xle.a(27): Scheduling job Id: 9018, L: 0, D: 73534550, C: true, I: true, N: 2
08-05 16:58:12.993 21092 21092 I Finsky  : [1] xle.a(27): Scheduling job Id: 9019, L: 23107446, D: 24007446, C: false, I: false, N: 0
08-05 16:58:13.046 24008 24008 D AndroidRuntime: CheckJNI is OFF
08-05 16:58:13.068 21092 23987 I Finsky  : [6437] lyv.run(-1): Wrote row to frosting DB: 2881
08-05 16:58:13.077 24577 13316 I Icing   : IndexChimeraService.getServiceInterface callingPackage=com.google.android.gms componentName=AppsCorpus serviceId=36
08-05 16:58:13.078 24008 24008 D ICU     : No timezone override file found: /data/misc/zoneinfo/current/icu/icu_tzdata.dat
08-05 16:58:13.107   918  3714 I AccountManagerService: getTypesVisibleToCaller: isPermitted? true
08-05 16:58:13.107 24008 24008 I Radio-JNI: register_android_hardware_Radio DONE
08-05 16:58:13.109 24577 11697 W Icing   : No valid account for uploading user actions
08-05 16:58:13.122 24008 24008 D AndroidRuntime: Calling main entry com.android.commands.monkey.Monkey
08-05 16:58:13.140 24577 13294 I Icing   : IndexChimeraService.getServiceInterface callingPackage=com.google.android.gms componentName=null serviceId=30
08-05 16:58:13.154   918   931 W BroadcastQueue: Skipping deliver [background] BroadcastRecord{b551b35 u-1 android.net.conn.CONNECTIVITY_CHANGE} to ReceiverList{dac213b 24008 (unknown name)/2000/u-1 remote:ec771be}: process crashing
08-05 16:58:13.166 24577 11697 I Icing   : Usage reports ok 1, Failed Usage reports 0, indexed 0, rejected 0
08-05 16:58:13.172 24577 11697 W Icing   : No valid account for uploading user actions
08-05 16:58:13.187   918   929 I ActivityManager: START u0 {act=android.intent.action.MAIN cat=[android.intent.category.LAUNCHER] flg=0x10200000 cmp=nappatfpr.de.danoeh.antennapod.debug/nappatfpr.de.danoeh.antennapod.activity.SplashActivity} from uid 2000 on display 0
08-05 16:58:13.188 24577 11697 I Icing   : Usage reports ok 0, Failed Usage reports 0, indexed 0, rejected 0
08-05 16:58:13.189 24577 11697 I Icing   : Indexing com.google.android.gms-internal.3p:MobileApplication from com.google.android.gms using seqno 763
08-05 16:58:13.193 24577 11697 I Icing   : Indexing com.google.android.gms-internal.3p:MobileApplication from com.google.android.gms using seqno 763
08-05 16:58:13.202 24025 24025 I art     : Late-enabling -Xcheck:jni
08-05 16:58:13.203   918  3714 I ActivityManager: Start proc 24025:nappatfpr.de.danoeh.antennapod.debug/u0a688 for activity nappatfpr.de.danoeh.antennapod.debug/nappatfpr.de.danoeh.antennapod.activity.SplashActivity
08-05 16:58:13.216 24008 24008 I art     : System.exit called, status: 0
08-05 16:58:13.216 24008 24008 I AndroidRuntime: VM exiting with result code 0.
08-05 16:58:13.226 24577 13294 I Icing   : IndexChimeraService.getServiceInterface callingPackage=com.google.android.gms componentName=null serviceId=36
08-05 16:58:13.234 24577  3880 W Icing   : No valid account for uploading user actions
08-05 16:58:13.257 24025 24025 W System  : ClassLoader referenced unknown path: /data/app/nappatfpr.de.danoeh.antennapod.debug-2/lib/arm64
08-05 16:58:13.286 24577  3880 I Icing   : Usage reports ok 1, Failed Usage reports 0, indexed 0, rejected 0
08-05 16:58:13.289 24025 24025 D UserPreferences: Creating new instance of UserPreferences
08-05 16:58:13.291 24025 24025 D UserPreferences: Using default data folder
08-05 16:58:13.294 16458 15483 I PBSessionCacheImpl: Deleted sessionId[72384646105454640] from persistence.
08-05 16:58:13.295 24025 24025 D UserPreferences: Import directory already exists
08-05 16:58:13.298 24025 24025 D UpdateManager: old: -1, current: 1070296
08-05 16:58:13.299 16458 16488 W SearchServiceCore: Abort, client detached.
08-05 16:58:13.299 16458 16488 I MicroDetectionState: Should stop hotword detection immediately - true
08-05 16:58:13.301 24025 24025 D SleepTimerPreferences: Creating new instance of SleepTimerPreferences
08-05 16:58:13.313 24025 24025 D SPAUtil : Sending SP_APPS_QUERY_FEEDS intent
08-05 16:58:13.340 24025 24025 W art     : Before Android 4.1, method android.graphics.PorterDuffColorFilter androidx.vectordrawable.graphics.drawable.VectorDrawableCompat.updateTintFilter(android.graphics.PorterDuffColorFilter, android.content.res.ColorStateList, android.graphics.PorterDuff$Mode) would have incorrectly overridden the package-private method in android.graphics.drawable.Drawable
08-05 16:58:13.358 24025 24025 D Nappa   : Selected prefetching strategy STRATEGY_TFPR
08-05 16:58:13.391 24025 24043 D Nappa   : Updating activity map nappatfpr.de.danoeh.antennapod.activity.SplashActivity: 1
08-05 16:58:13.391 24025 24043 D Nappa   : Updating activity map nappatfpr.de.danoeh.antennapod.activity.MainActivity: 2
08-05 16:58:13.391 24025 24043 D Nappa   : Updating activity map nappatfpr.de.danoeh.antennapod.activity.PreferenceActivity: 3
08-05 16:58:13.391 24025 24043 D Nappa   : Updating activity map nappatfpr.de.danoeh.antennapod.activity.OnlineFeedViewActivity: 4
08-05 16:58:13.391 24025 24043 D Nappa   : Updating activity map nappatfpr.de.danoeh.antennapod.activity.FeedSettingsActivity: 5
08-05 16:58:13.391 24025 24043 D Nappa   : Updating activity map nappatfpr.de.danoeh.antennapod.activity.FeedInfoActivity: 6
08-05 16:58:13.392 24025 24043 D ActivityGraph: ACT_GRAPH initNodes() fired for node: nappatfpr.de.danoeh.antennapod.activity.SplashActivity
08-05 16:58:13.492 24025 24043 D Nappa   : registerActivity: (already in) nappatfpr.de.danoeh.antennapod.activity.SplashActivity
08-05 16:58:13.494 24025 24043 D ActivityGraph: LARDataInitFetchDB nappatfpr.de.danoeh.antennapod.activity.SplashActivity Pagerank: 0.25 HITS-Authority: 1.0 HITS-Hub: 1.0 SALSA-Authority: 1.0 SALSA-Hub: 1.0
08-05 16:58:13.494 24025 24043 D ActivityGraph: LARDataInit node nappatfpr.de.danoeh.antennapod.activity.SplashActivity added to nodeList
08-05 16:58:13.495 24025 24043 D ActivityGraph: ACT_GRAPH Edges size: 1
08-05 16:58:13.597 24025 24043 D Nappa   : registerActivity: (already in) nappatfpr.de.danoeh.antennapod.activity.MainActivity
08-05 16:58:13.599 24025 24043 D ActivityGraph: LARDataInitFetchDB nappatfpr.de.danoeh.antennapod.activity.SplashActivity Pagerank: 0.25 HITS-Authority: 1.0 HITS-Hub: 1.0 SALSA-Authority: 1.0 SALSA-Hub: 1.0 loaded following an edge
08-05 16:58:13.599 24025 24043 D ActivityGraph: ACT_GRAPH does not contain temp2
08-05 16:58:13.599 24025 24043 D ActivityGraph: LARDataInit node nappatfpr.de.danoeh.antennapod.activity.MainActivity added to nodeList from edge
08-05 16:58:13.600 24025 24043 D ActivityGraph: ACT_GRAPH adding successors: nappatfpr.de.danoeh.antennapod.activity.SplashActivity -> nappatfpr.de.danoeh.antennapod.activity.MainActivity
08-05 16:58:13.602 24025 24043 D FetchActivityLiveDataInfoHandler: activity  = SplashActivity
08-05 16:58:13.602 24025 24043 D FetchActivityLiveDataInfoHandler: shouldSetSessionAggregateLiveData  = true
08-05 16:58:13.602 24025 24046 D Nappa   : {nappatfpr.de.danoeh.antennapod.activity.FeedSettingsActivity=5, nappatfpr.de.danoeh.antennapod.activity.MainActivity=2, nappatfpr.de.danoeh.antennapod.activity.FeedInfoActivity=6, nappatfpr.de.danoeh.antennapod.activity.OnlineFeedViewActivity=4, nappatfpr.de.danoeh.antennapod.activity.PreferenceActivity=3, nappatfpr.de.danoeh.antennapod.activity.SplashActivity=1}
08-05 16:58:13.602 24025 24043 D FetchActivityLiveDataInfoHandler: need/shouldSetSuccessorVisitTime  = true - true
08-05 16:58:13.602 24025 24043 D FetchActivityLiveDataInfoHandler: need/shouldSetSuccessorVisitTime  = true - true
08-05 16:58:13.602 24025 24043 D FetchActivityLiveDataInfoHandler: shouldSetUrlCandidateDbLiveDataLiveData  = true
08-05 16:58:13.602 24025 24043 D FetchActivityLiveDataInfoHandler: shouldSetActivityExtraLiveData  = true
08-05 16:58:13.605 24025 24045 D FetchSessionDataRunnable: SplashActivity Fetching session data for LAST_N_SESSIONS_FROM_ENTITY_SESSION
08-05 16:58:13.608 24025 24045 D FetchVisitTimeRunnable: SplashActivity Fetching session data for LAST_N_SESSIONS_FROM_ENTITY_SESSION
08-05 16:58:13.612 24025 24045 D FetchSuccessorsVisitTimeRunnable: SplashActivity Fetching session data for LAST_N_SESSIONS_FROM_ENTITY_SESSION
08-05 16:58:13.613 24025 24045 D FetchUrlCandidateRunnable: SplashActivity Fetching URL candidates
08-05 16:58:13.614 24025 24045 D FetchIntentExtraRunnable: SplashActivity Fetching intent extras
08-05 16:58:13.615 24025 24043 D ActivityGraph: ACT_GRAPH initNodes() fired for node: nappatfpr.de.danoeh.antennapod.activity.MainActivity
08-05 16:58:13.716 24025 24043 D Nappa   : registerActivity: (already in) nappatfpr.de.danoeh.antennapod.activity.MainActivity
08-05 16:58:13.717 24025 24043 D ActivityGraph: LARDataInitFetchDB nappatfpr.de.danoeh.antennapod.activity.MainActivity Pagerank: 0.25 HITS-Authority: 1.0 HITS-Hub: 1.0 SALSA-Authority: 1.0 SALSA-Hub: 1.0
08-05 16:58:13.718 24025 24043 D ActivityGraph: LARDataInit already in nodeList
08-05 16:58:13.718 24025 24043 D ActivityGraph: ACT_GRAPH Edges size: 4
08-05 16:58:13.819 24025 24043 D Nappa   : registerActivity: (already in) nappatfpr.de.danoeh.antennapod.activity.PreferenceActivity
08-05 16:58:13.820 24025 24043 D ActivityGraph: LARDataInitFetchDB nappatfpr.de.danoeh.antennapod.activity.MainActivity Pagerank: 0.25 HITS-Authority: 1.0 HITS-Hub: 1.0 SALSA-Authority: 1.0 SALSA-Hub: 1.0 loaded following an edge
08-05 16:58:13.820 24025 24043 D ActivityGraph: ACT_GRAPH does not contain temp2
08-05 16:58:13.820 24025 24043 D ActivityGraph: LARDataInit node nappatfpr.de.danoeh.antennapod.activity.PreferenceActivity added to nodeList from edge
08-05 16:58:13.820 24025 24043 D ActivityGraph: ACT_GRAPH adding successors: nappatfpr.de.danoeh.antennapod.activity.MainActivity -> nappatfpr.de.danoeh.antennapod.activity.PreferenceActivity
08-05 16:58:13.820 24025 24046 D Nappa   : {nappatfpr.de.danoeh.antennapod.activity.FeedSettingsActivity=5, nappatfpr.de.danoeh.antennapod.activity.MainActivity=2, nappatfpr.de.danoeh.antennapod.activity.FeedInfoActivity=6, nappatfpr.de.danoeh.antennapod.activity.OnlineFeedViewActivity=4, nappatfpr.de.danoeh.antennapod.activity.PreferenceActivity=3, nappatfpr.de.danoeh.antennapod.activity.SplashActivity=1}
08-05 16:58:13.920 24025 24043 D Nappa   : registerActivity: (already in) nappatfpr.de.danoeh.antennapod.activity.OnlineFeedViewActivity
08-05 16:58:13.921 24025 24043 D ActivityGraph: LARDataInitFetchDB nappatfpr.de.danoeh.antennapod.activity.MainActivity Pagerank: 0.25 HITS-Authority: 1.0 HITS-Hub: 1.0 SALSA-Authority: 1.0 SALSA-Hub: 1.0 loaded following an edge
08-05 16:58:13.921 24025 24043 D ActivityGraph: ACT_GRAPH does not contain temp2
08-05 16:58:13.921 24025 24043 D ActivityGraph: LARDataInit node nappatfpr.de.danoeh.antennapod.activity.OnlineFeedViewActivity added to nodeList from edge
08-05 16:58:13.922 24025 24043 D ActivityGraph: ACT_GRAPH adding successors: nappatfpr.de.danoeh.antennapod.activity.MainActivity -> nappatfpr.de.danoeh.antennapod.activity.OnlineFeedViewActivity
08-05 16:58:13.922 24025 24046 D Nappa   : {nappatfpr.de.danoeh.antennapod.activity.FeedSettingsActivity=5, nappatfpr.de.danoeh.antennapod.activity.MainActivity=2, nappatfpr.de.danoeh.antennapod.activity.FeedInfoActivity=6, nappatfpr.de.danoeh.antennapod.activity.OnlineFeedViewActivity=4, nappatfpr.de.danoeh.antennapod.activity.PreferenceActivity=3, nappatfpr.de.danoeh.antennapod.activity.SplashActivity=1}
08-05 16:58:14.022 24025 24043 D Nappa   : registerActivity: (already in) nappatfpr.de.danoeh.antennapod.activity.FeedSettingsActivity
08-05 16:58:14.023 24025 24043 D ActivityGraph: LARDataInitFetchDB nappatfpr.de.danoeh.antennapod.activity.MainActivity Pagerank: 0.25 HITS-Authority: 1.0 HITS-Hub: 1.0 SALSA-Authority: 1.0 SALSA-Hub: 1.0 loaded following an edge
08-05 16:58:14.024 24025 24043 D ActivityGraph: ACT_GRAPH does not contain temp2
08-05 16:58:14.024 24025 24043 D ActivityGraph: LARDataInit node nappatfpr.de.danoeh.antennapod.activity.FeedSettingsActivity added to nodeList from edge
08-05 16:58:14.024 24025 24043 D ActivityGraph: ACT_GRAPH adding successors: nappatfpr.de.danoeh.antennapod.activity.MainActivity -> nappatfpr.de.danoeh.antennapod.activity.FeedSettingsActivity
08-05 16:58:14.024 24025 24046 D Nappa   : {nappatfpr.de.danoeh.antennapod.activity.FeedSettingsActivity=5, nappatfpr.de.danoeh.antennapod.activity.MainActivity=2, nappatfpr.de.danoeh.antennapod.activity.FeedInfoActivity=6, nappatfpr.de.danoeh.antennapod.activity.OnlineFeedViewActivity=4, nappatfpr.de.danoeh.antennapod.activity.PreferenceActivity=3, nappatfpr.de.danoeh.antennapod.activity.SplashActivity=1}
08-05 16:58:14.125 24025 24043 D Nappa   : registerActivity: (already in) nappatfpr.de.danoeh.antennapod.activity.FeedInfoActivity
08-05 16:58:14.127 24025 24043 D ActivityGraph: LARDataInitFetchDB nappatfpr.de.danoeh.antennapod.activity.MainActivity Pagerank: 0.25 HITS-Authority: 1.0 HITS-Hub: 1.0 SALSA-Authority: 1.0 SALSA-Hub: 1.0 loaded following an edge
08-05 16:58:14.127 24025 24043 D ActivityGraph: ACT_GRAPH does not contain temp2
08-05 16:58:14.127 24025 24043 D ActivityGraph: LARDataInit node nappatfpr.de.danoeh.antennapod.activity.FeedInfoActivity added to nodeList from edge
08-05 16:58:14.127 24025 24043 D ActivityGraph: ACT_GRAPH adding successors: nappatfpr.de.danoeh.antennapod.activity.MainActivity -> nappatfpr.de.danoeh.antennapod.activity.FeedInfoActivity
08-05 16:58:14.128 24025 24043 D FetchActivityLiveDataInfoHandler: activity  = MainActivity
08-05 16:58:14.128 24025 24043 D FetchActivityLiveDataInfoHandler: shouldSetSessionAggregateLiveData  = true
08-05 16:58:14.128 24025 24043 D FetchActivityLiveDataInfoHandler: need/shouldSetSuccessorVisitTime  = true - true
08-05 16:58:14.128 24025 24046 D Nappa   : {nappatfpr.de.danoeh.antennapod.activity.FeedSettingsActivity=5, nappatfpr.de.danoeh.antennapod.activity.MainActivity=2, nappatfpr.de.danoeh.antennapod.activity.FeedInfoActivity=6, nappatfpr.de.danoeh.antennapod.activity.OnlineFeedViewActivity=4, nappatfpr.de.danoeh.antennapod.activity.PreferenceActivity=3, nappatfpr.de.danoeh.antennapod.activity.SplashActivity=1}
08-05 16:58:14.128 24025 24043 D FetchActivityLiveDataInfoHandler: need/shouldSetSuccessorVisitTime  = true - true
08-05 16:58:14.128 24025 24043 D FetchActivityLiveDataInfoHandler: shouldSetUrlCandidateDbLiveDataLiveData  = true
08-05 16:58:14.128 24025 24043 D FetchActivityLiveDataInfoHandler: shouldSetActivityExtraLiveData  = true
08-05 16:58:14.128 24025 24045 D FetchSessionDataRunnable: MainActivity Fetching session data for LAST_N_SESSIONS_FROM_ENTITY_SESSION
08-05 16:58:14.130 24025 24045 D FetchVisitTimeRunnable: MainActivity Fetching session data for LAST_N_SESSIONS_FROM_ENTITY_SESSION
08-05 16:58:14.131 24025 24045 D FetchSuccessorsVisitTimeRunnable: MainActivity Fetching session data for LAST_N_SESSIONS_FROM_ENTITY_SESSION
08-05 16:58:14.131 24025 24045 D FetchUrlCandidateRunnable: MainActivity Fetching URL candidates
08-05 16:58:14.132 24025 24045 D FetchIntentExtraRunnable: MainActivity Fetching intent extras
08-05 16:58:14.133 24025 24043 D ActivityGraph: ACT_GRAPH initNodes() fired for node: nappatfpr.de.danoeh.antennapod.activity.PreferenceActivity
08-05 16:58:14.173 24577  3880 I Icing   : Indexing com.google.android.gms-apps from com.google.android.gms
08-05 16:58:14.234 24025 24043 D Nappa   : registerActivity: (already in) nappatfpr.de.danoeh.antennapod.activity.PreferenceActivity
08-05 16:58:14.237 24025 24043 D ActivityGraph: LARDataInitFetchDB nappatfpr.de.danoeh.antennapod.activity.PreferenceActivity Pagerank: 0.25 HITS-Authority: 1.0 HITS-Hub: 1.0 SALSA-Authority: 1.0 SALSA-Hub: 1.0
08-05 16:58:14.237 24025 24043 D ActivityGraph: LARDataInit already in nodeList
08-05 16:58:14.238 24025 24043 D ActivityGraph: ACT_GRAPH Edges size: 0
08-05 16:58:14.238 24025 24043 D FetchActivityLiveDataInfoHandler: activity  = PreferenceActivity
08-05 16:58:14.238 24025 24043 D FetchActivityLiveDataInfoHandler: shouldSetSessionAggregateLiveData  = true
08-05 16:58:14.238 24025 24043 D FetchActivityLiveDataInfoHandler: need/shouldSetSuccessorVisitTime  = true - true
08-05 16:58:14.238 24025 24043 D FetchActivityLiveDataInfoHandler: need/shouldSetSuccessorVisitTime  = true - true
08-05 16:58:14.238 24025 24043 D FetchActivityLiveDataInfoHandler: shouldSetUrlCandidateDbLiveDataLiveData  = true
08-05 16:58:14.239 24025 24043 D FetchActivityLiveDataInfoHandler: shouldSetActivityExtraLiveData  = true
08-05 16:58:14.239 24025 24045 D FetchSessionDataRunnable: PreferenceActivity Fetching session data for LAST_N_SESSIONS_FROM_ENTITY_SESSION
08-05 16:58:14.241 24025 24045 D FetchVisitTimeRunnable: PreferenceActivity Fetching session data for LAST_N_SESSIONS_FROM_ENTITY_SESSION
08-05 16:58:14.242 24025 24045 D FetchSuccessorsVisitTimeRunnable: PreferenceActivity Fetching session data for LAST_N_SESSIONS_FROM_ENTITY_SESSION
08-05 16:58:14.243 24025 24045 D FetchUrlCandidateRunnable: PreferenceActivity Fetching URL candidates
08-05 16:58:14.243 24025 24045 D FetchIntentExtraRunnable: PreferenceActivity Fetching intent extras
08-05 16:58:14.244 24025 24043 D ActivityGraph: ACT_GRAPH initNodes() fired for node: nappatfpr.de.danoeh.antennapod.activity.OnlineFeedViewActivity
08-05 16:58:14.308 24577  3880 I Icing   : Indexing done com.google.android.gms-apps
08-05 16:58:14.345 24025 24043 D Nappa   : registerActivity: (already in) nappatfpr.de.danoeh.antennapod.activity.OnlineFeedViewActivity
08-05 16:58:14.346 24025 24043 D ActivityGraph: LARDataInitFetchDB nappatfpr.de.danoeh.antennapod.activity.OnlineFeedViewActivity Pagerank: 0.25 HITS-Authority: 1.0 HITS-Hub: 1.0 SALSA-Authority: 1.0 SALSA-Hub: 1.0
08-05 16:58:14.346 24025 24043 D ActivityGraph: LARDataInit already in nodeList
08-05 16:58:14.347 24025 24043 D ActivityGraph: ACT_GRAPH Edges size: 0
08-05 16:58:14.347 24025 24043 D FetchActivityLiveDataInfoHandler: activity  = OnlineFeedViewActivity
08-05 16:58:14.347 24025 24043 D FetchActivityLiveDataInfoHandler: shouldSetSessionAggregateLiveData  = true
08-05 16:58:14.347 24025 24043 D FetchActivityLiveDataInfoHandler: need/shouldSetSuccessorVisitTime  = true - true
08-05 16:58:14.347 24025 24043 D FetchActivityLiveDataInfoHandler: need/shouldSetSuccessorVisitTime  = true - true
08-05 16:58:14.348 24025 24043 D FetchActivityLiveDataInfoHandler: shouldSetUrlCandidateDbLiveDataLiveData  = true
08-05 16:58:14.348 24025 24043 D FetchActivityLiveDataInfoHandler: shouldSetActivityExtraLiveData  = true
08-05 16:58:14.348 24025 24045 D FetchSessionDataRunnable: OnlineFeedViewActivity Fetching session data for LAST_N_SESSIONS_FROM_ENTITY_SESSION
08-05 16:58:14.349 24025 24045 D FetchVisitTimeRunnable: OnlineFeedViewActivity Fetching session data for LAST_N_SESSIONS_FROM_ENTITY_SESSION
08-05 16:58:14.351 24025 24045 D FetchSuccessorsVisitTimeRunnable: OnlineFeedViewActivity Fetching session data for LAST_N_SESSIONS_FROM_ENTITY_SESSION
08-05 16:58:14.352 24025 24045 D FetchUrlCandidateRunnable: OnlineFeedViewActivity Fetching URL candidates
08-05 16:58:14.353 24025 24045 D FetchIntentExtraRunnable: OnlineFeedViewActivity Fetching intent extras
08-05 16:58:14.353 24025 24043 D ActivityGraph: ACT_GRAPH initNodes() fired for node: nappatfpr.de.danoeh.antennapod.activity.FeedSettingsActivity
08-05 16:58:14.455 24025 24043 D Nappa   : registerActivity: (already in) nappatfpr.de.danoeh.antennapod.activity.FeedSettingsActivity
08-05 16:58:14.456 24025 24043 D ActivityGraph: LARDataInitFetchDB nappatfpr.de.danoeh.antennapod.activity.FeedSettingsActivity Pagerank: 0.25 HITS-Authority: 1.0 HITS-Hub: 1.0 SALSA-Authority: 1.0 SALSA-Hub: 1.0
08-05 16:58:14.457 24025 24043 D ActivityGraph: LARDataInit already in nodeList
08-05 16:58:14.457 24025 24043 D ActivityGraph: ACT_GRAPH Edges size: 0
08-05 16:58:14.458 24025 24043 D FetchActivityLiveDataInfoHandler: activity  = FeedSettingsActivity
08-05 16:58:14.458 24025 24043 D FetchActivityLiveDataInfoHandler: shouldSetSessionAggregateLiveData  = true
08-05 16:58:14.458 24025 24043 D FetchActivityLiveDataInfoHandler: need/shouldSetSuccessorVisitTime  = true - true
08-05 16:58:14.458 24025 24043 D FetchActivityLiveDataInfoHandler: need/shouldSetSuccessorVisitTime  = true - true
08-05 16:58:14.458 24025 24043 D FetchActivityLiveDataInfoHandler: shouldSetUrlCandidateDbLiveDataLiveData  = true
08-05 16:58:14.458 24025 24043 D FetchActivityLiveDataInfoHandler: shouldSetActivityExtraLiveData  = true
08-05 16:58:14.459 24025 24045 D FetchSessionDataRunnable: FeedSettingsActivity Fetching session data for LAST_N_SESSIONS_FROM_ENTITY_SESSION
08-05 16:58:14.460 24025 24045 D FetchVisitTimeRunnable: FeedSettingsActivity Fetching session data for LAST_N_SESSIONS_FROM_ENTITY_SESSION
08-05 16:58:14.461 24025 24045 D FetchSuccessorsVisitTimeRunnable: FeedSettingsActivity Fetching session data for LAST_N_SESSIONS_FROM_ENTITY_SESSION
08-05 16:58:14.461 24025 24045 D FetchUrlCandidateRunnable: FeedSettingsActivity Fetching URL candidates
08-05 16:58:14.463 24025 24045 D FetchIntentExtraRunnable: FeedSettingsActivity Fetching intent extras
08-05 16:58:14.463 24025 24043 D ActivityGraph: ACT_GRAPH initNodes() fired for node: nappatfpr.de.danoeh.antennapod.activity.FeedInfoActivity
08-05 16:58:14.564 24025 24043 D Nappa   : registerActivity: (already in) nappatfpr.de.danoeh.antennapod.activity.FeedInfoActivity
08-05 16:58:14.565 24025 24043 D ActivityGraph: LARDataInitFetchDB nappatfpr.de.danoeh.antennapod.activity.FeedInfoActivity Pagerank: 0.25 HITS-Authority: 1.0 HITS-Hub: 1.0 SALSA-Authority: 1.0 SALSA-Hub: 1.0
08-05 16:58:14.565 24025 24043 D ActivityGraph: LARDataInit already in nodeList
08-05 16:58:14.566 24025 24043 D ActivityGraph: ACT_GRAPH Edges size: 0
08-05 16:58:14.566 24025 24043 D FetchActivityLiveDataInfoHandler: activity  = FeedInfoActivity
08-05 16:58:14.566 24025 24043 D FetchActivityLiveDataInfoHandler: shouldSetSessionAggregateLiveData  = true
08-05 16:58:14.566 24025 24043 D FetchActivityLiveDataInfoHandler: need/shouldSetSuccessorVisitTime  = true - true
08-05 16:58:14.566 24025 24043 D FetchActivityLiveDataInfoHandler: need/shouldSetSuccessorVisitTime  = true - true
08-05 16:58:14.566 24025 24043 D FetchActivityLiveDataInfoHandler: shouldSetUrlCandidateDbLiveDataLiveData  = true
08-05 16:58:14.566 24025 24043 D FetchActivityLiveDataInfoHandler: shouldSetActivityExtraLiveData  = true
08-05 16:58:14.567 24025 24045 D FetchSessionDataRunnable: FeedInfoActivity Fetching session data for LAST_N_SESSIONS_FROM_ENTITY_SESSION
08-05 16:58:14.567 24025 24045 D FetchVisitTimeRunnable: FeedInfoActivity Fetching session data for LAST_N_SESSIONS_FROM_ENTITY_SESSION
08-05 16:58:14.568 24025 24045 D FetchSuccessorsVisitTimeRunnable: FeedInfoActivity Fetching session data for LAST_N_SESSIONS_FROM_ENTITY_SESSION
08-05 16:58:14.569 24025 24045 D FetchUrlCandidateRunnable: FeedInfoActivity Fetching URL candidates
08-05 16:58:14.569 24025 24045 D FetchIntentExtraRunnable: FeedInfoActivity Fetching intent extras
08-05 16:58:14.570 24025 24043 D Nappa   : Extended Startup-time: 1213 ms
08-05 16:58:14.571 24025 24043 D InitGraphRunnable: Initialised graph ActivityGraph beginning
08-05 16:58:14.571 24025 24043 D InitGraphRunnable: 
08-05 16:58:14.571 24025 24043 D InitGraphRunnable: SplashActivity 
08-05 16:58:14.571 24025 24043 D InitGraphRunnable: 	Successors:
08-05 16:58:14.571 24025 24043 D InitGraphRunnable: 		MainActivity (0 hits)
08-05 16:58:14.571 24025 24043 D InitGraphRunnable: 	Ancestors:
08-05 16:58:14.571 24025 24043 D InitGraphRunnable: 
08-05 16:58:14.571 24025 24043 D InitGraphRunnable: 
08-05 16:58:14.571 24025 24043 D InitGraphRunnable: MainActivity 
08-05 16:58:14.571 24025 24043 D InitGraphRunnable: 	Successors:
08-05 16:58:14.571 24025 24043 D InitGraphRunnable: 		PreferenceActivity (0 hits)
08-05 16:58:14.571 24025 24043 D InitGraphRunnable: 		OnlineFeedViewActivity (0 hits)
08-05 16:58:14.571 24025 24043 D InitGraphRunnable: 		FeedSettingsActivity (0 hits)
08-05 16:58:14.571 24025 24043 D InitGraphRunnable: 		FeedInfoActivity (0 hits)
08-05 16:58:14.571 24025 24043 D InitGraphRunnable: 	Ancestors:
08-05 16:58:14.571 24025 24043 D InitGraphRunnable: 		SplashActivity (0 hits)
08-05 16:58:14.571 24025 24043 D InitGraphRunnable: 
08-05 16:58:14.571 24025 24043 D InitGraphRunnable: PreferenceActivity 
08-05 16:58:14.571 24025 24043 D InitGraphRunnable: 	Successors:
08-05 16:58:14.571 24025 24043 D InitGraphRunnable: 
08-05 16:58:14.571 24025 24043 D InitGraphRunnable: 	Ancestors:
08-05 16:58:14.571 24025 24043 D InitGraphRunnable: 		MainActivity (0 hits)
08-05 16:58:14.571 24025 24043 D InitGraphRunnable: 
08-05 16:58:14.571 24025 24043 D InitGraphRunnable: OnlineFeedViewActivity 
08-05 16:58:14.571 24025 24043 D InitGraphRunnable: 	Successors:
08-05 16:58:14.571 24025 24043 D InitGraphRunnable: 
08-05 16:58:14.571 24025 24043 D InitGraphRunnable: 	Ancestors:
08-05 16:58:14.571 24025 24043 D InitGraphRunnable: 		MainActivity (0 hits)
08-05 16:58:14.571 24025 24043 D InitGraphRunnable: 
08-05 16:58:14.571 24025 24043 D InitGraphRunnable: FeedSettingsActivity 
08-05 16:58:14.571 24025 24043 D InitGraphRunnable: 	Successors:
08-05 16:58:14.571 24025 24043 D InitGraphRunnable: 
08-05 16:58:14.571 24025 24043 D InitGraphRunnable: 	Ancestors:
08-05 16:58:14.571 24025 24043 D InitGraphRunnable: 		MainActivity (0 hits)
08-05 16:58:14.571 24025 24043 D InitGraphRunnable: 
08-05 16:58:14.571 24025 24043 D InitGraphRunnable: FeedInfoActivity 
08-05 16:58:14.571 24025 24043 D InitGraphRunnable: 	Successors:
08-05 16:58:14.571 24025 24043 D InitGraphRunnable: 
08-05 16:58:14.571 24025 24043 D InitGraphRunnable: 	Ancestors:
08-05 16:58:14.571 24025 24043 D InitGraphRunnable: 		MainActivity (0 hits)
08-05 16:58:14.571 24025 24043 D InitGraphRunnable: 
08-05 16:58:14.571 24025 24043 D InitGraphRunnable: ActivityGraph end
08-05 16:58:14.571 24025 24043 D InitGraphRunnable: 
08-05 16:58:14.571 24025 24025 D Nappa   : Startup-time: 1214 ms
08-05 16:58:14.585 24025 24025 I art     : Rejecting re-init on previously-failed class java.lang.Class<androidx.core.view.ViewCompat$2>
08-05 16:58:14.585 24025 24025 I art     : Rejecting re-init on previously-failed class java.lang.Class<androidx.core.view.ViewCompat$2>
08-05 16:58:14.606 24025 24025 D NappaLifecycleObserver: nappatfpr.de.danoeh.antennapod.activity.SplashActivity - onResume
08-05 16:58:14.606 24025 24025 D Nappa   : setCurrentActivity - MetricStrategyAccuracy - 
08-05 16:58:14.606 24025 24025 D Nappa   : madePredictionFromActivity = false, 
08-05 16:58:14.606 24025 24025 D Nappa   : fromActivity = null, 
08-05 16:58:14.606 24025 24025 D Nappa   : predictedNextActivityFromActivity = [], 
08-05 16:58:14.606 24025 24025 D Nappa   : activity.getClass().getCanonicalName() = nappatfpr.de.danoeh.antennapod.activity.SplashActivity, 
08-05 16:58:14.606 24025 24025 D Nappa   : setCurrentActivity - MetricStrategyAccuracy - 
08-05 16:58:14.606 24025 24025 D Nappa   : madePredictionFromExtra = false, 
08-05 16:58:14.606 24025 24025 D Nappa   : fromActivity = null, 
08-05 16:58:14.606 24025 24025 D Nappa   : predictedNextActivityFromExtra = [], 
08-05 16:58:14.606 24025 24025 D Nappa   : activity.getClass().getCanonicalName() = nappatfpr.de.danoeh.antennapod.activity.SplashActivity, 
08-05 16:58:14.606 24025 24025 D Nappa   : PREFETCH_ON_EXTRA - setCurrentActivity - logs - from activity - made prediction isfalse
08-05 16:58:14.707 24025 24025 D Nappa   : registerActivity: (already in) nappatfpr.de.danoeh.antennapod.activity.SplashActivity
08-05 16:58:14.707 24025 24025 D Nappa   : SHOULD_PREFETCH false
08-05 16:58:14.707 24025 24025 D Nappa   : STATS Number of requests not prefetched: 0
08-05 16:58:14.707 24025 24025 D Nappa   : STATS Number of requests prefetched: 0
08-05 16:58:14.707 24025 24025 D Nappa   : STATS Time saved until now: 0.0
08-05 16:58:14.718 24025 24065 D OpenGLRenderer: Use EGL_SWAP_BEHAVIOR_PRESERVED: true
08-05 16:58:14.730 24025 24025 D ActivityNode: Setting aggregate visit time live data for node SplashActivity
08-05 16:58:14.732 24025 24025 D ActivityNode: Setting aggregate visit time live data for node MainActivity
08-05 16:58:14.732 24025 24025 D ActivityNode: Setting aggregate visit time live data for node PreferenceActivity
08-05 16:58:14.732 24025 24025 D ActivityNode: Setting aggregate visit time live data for node OnlineFeedViewActivity
08-05 16:58:14.732 24025 24025 D ActivityNode: Setting aggregate visit time live data for node FeedSettingsActivity
08-05 16:58:14.732 24025 24025 D ActivityNode: Setting aggregate visit time live data for node FeedInfoActivity
08-05 16:58:14.733 24025 24025 D NappaIntentExtras: ==================
08-05 16:58:14.733 24025 24025 D NappaIntentExtras: Log #1
08-05 16:58:14.733 24025 24025 D NappaIntentExtras: ------------------
08-05 16:58:14.733 24025 24025 D NappaIntentExtras: activity nappatfpr.de.danoeh.antennapod.activity.FeedSettingsActivity
08-05 16:58:14.733 24025 24025 D NappaIntentExtras: 	- No extras registered
08-05 16:58:14.733 24025 24025 D NappaIntentExtras: activity nappatfpr.de.danoeh.antennapod.activity.MainActivity
08-05 16:58:14.733 24025 24025 D NappaIntentExtras: 	- No extras registered
08-05 16:58:14.733 24025 24025 D NappaIntentExtras: activity nappatfpr.de.danoeh.antennapod.activity.FeedInfoActivity
08-05 16:58:14.733 24025 24025 D NappaIntentExtras: 	- No extras registered
08-05 16:58:14.733 24025 24025 D NappaIntentExtras: activity nappatfpr.de.danoeh.antennapod.activity.OnlineFeedViewActivity
08-05 16:58:14.733 24025 24025 D NappaIntentExtras: 	- No extras registered
08-05 16:58:14.733 24025 24025 D NappaIntentExtras: activity nappatfpr.de.danoeh.antennapod.activity.PreferenceActivity
08-05 16:58:14.733 24025 24025 D NappaIntentExtras: 	- No extras registered
08-05 16:58:14.733 24025 24025 D NappaIntentExtras: activity nappatfpr.de.danoeh.antennapod.activity.SplashActivity
08-05 16:58:14.733 24025 24025 D NappaIntentExtras: 	- No extras registered
08-05 16:58:14.733 24025 24025 D NappaIntentExtras: ==================
08-05 16:58:14.734   918   928 I ActivityManager: START u0 {cmp=nappatfpr.de.danoeh.antennapod.debug/nappatfpr.de.danoeh.antennapod.activity.MainActivity} from uid 10688 on display 0
08-05 16:58:14.788 24060 24060 D AndroidRuntime: >>>>>> START com.android.internal.os.RuntimeInit uid 2000 <<<<<<
08-05 16:58:14.791 24060 24060 D AndroidRuntime: CheckJNI is OFF
08-05 16:58:14.793 24025 24065 I Adreno  : QUALCOMM build                   : fcf4852, I1af360237c
08-05 16:58:14.793 24025 24065 I Adreno  : Build Date                       : 09/23/15
08-05 16:58:14.793 24025 24065 I Adreno  : OpenGL ES Shader Compiler Version: XE031.05.13.02
08-05 16:58:14.793 24025 24065 I Adreno  : Local Branch                     : mybranch14465806
08-05 16:58:14.793 24025 24065 I Adreno  : Remote Branch                    : quic/LA.BF64.1.2.9_v2
08-05 16:58:14.793 24025 24065 I Adreno  : Remote Branch                    : NONE
08-05 16:58:14.793 24025 24065 I Adreno  : Reconstruct Branch               : NOTHING
08-05 16:58:14.803 24025 24065 I OpenGLRenderer: Initialized EGL, version 1.4
08-05 16:58:14.815 24060 24060 D ICU     : No timezone override file found: /data/misc/zoneinfo/current/icu/icu_tzdata.dat
08-05 16:58:14.839 24025 24025 D PARAM   : COUNT: 0
08-05 16:58:14.839 24025 24025 D ActivityNode: Observer - URL candidate SplashActivity[]
08-05 16:58:14.839 24025 24025 D ActivityNode: Observer - visit time - SplashActivity - New aggregate visit time found is 600 ms
08-05 16:58:14.839 24025 24025 D ActivityNode: Observer - successor visit time - SplashActivity - Updating the visit time from the successors list:
08-05 16:58:14.839 24025 24025 D ActivityNode: [AggregateVisitTimeByActivity{nappatfpr.de.danoeh.antennapod.activity.MainActivity : 29657 ms}]
08-05 16:58:14.840 24025 24025 D ActivityNode: Observer - session data - sourceMainActivity
08-05 16:58:14.840 24025 24025 D ActivityNode: destinations:
08-05 16:58:14.840 24025 24025 D ActivityNode: 	nappatfpr.de.danoeh.antennapod.activity.PreferenceActivity( count 4)
08-05 16:58:14.840 24025 24025 D ActivityNode: 	nappatfpr.de.danoeh.antennapod.activity.OnlineFeedViewActivity( count 32)
08-05 16:58:14.840 24025 24025 D ActivityNode: 	nappatfpr.de.danoeh.antennapod.activity.FeedSettingsActivity( count 4)
08-05 16:58:14.840 24025 24025 D ActivityNode: 	nappatfpr.de.danoeh.antennapod.activity.FeedInfoActivity( count 4)
08-05 16:58:14.840 24025 24025 D ActivityNode: Observer - intent extra - SplashActivity
08-05 16:58:14.840 24025 24025 D ActivityNode: Extras:
08-05 16:58:14.840 24025 24025 D PARAM   : COUNT: 0
08-05 16:58:14.840 24025 24025 D ActivityNode: Observer - URL candidate MainActivity[]
08-05 16:58:14.841 24025 24025 D NappaLifecycleObserver: nappatfpr.de.danoeh.antennapod.activity.SplashActivity - onPause
08-05 16:58:14.841 24025 24025 D Nappa   : Stayed on nappatfpr.de.danoeh.antennapod.activity.SplashActivity for 134 ms
08-05 16:58:14.842 24060 24060 I Radio-JNI: register_android_hardware_Radio DONE
08-05 16:58:14.850 24025 24025 D ActivityNode: Observer - successor visit time - MainActivity - Updating the visit time from the successors list:
08-05 16:58:14.850 24025 24025 D ActivityNode: [AggregateVisitTimeByActivity{nappatfpr.de.danoeh.antennapod.activity.PreferenceActivity : 21267 ms}, AggregateVisitTimeByActivity{nappatfpr.de.danoeh.antennapod.activity.OnlineFeedViewActivity : 196363 ms}, AggregateVisitTimeByActivity{nappatfpr.de.danoeh.antennapod.activity.FeedSettingsActivity : 17645 ms}, AggregateVisitTimeByActivity{nappatfpr.de.danoeh.antennapod.activity.FeedInfoActivity : 18328 ms}]
08-05 16:58:14.850 24025 24025 D ActivityNode: Observer - intent extra - MainActivity
08-05 16:58:14.850 24025 24025 D ActivityNode: Extras:
08-05 16:58:14.850 24025 24025 D ActivityNode: 	activity ID 2( key title)
08-05 16:58:14.850 24025 24025 D ActivityNode: 	activity ID 2( key arg.feedurl)
08-05 16:58:14.850 24025 24025 D ActivityNode: 	activity ID 2( key title)
08-05 16:58:14.850 24025 24025 D ActivityNode: 	activity ID 2( key arg.feedurl)
08-05 16:58:14.850 24025 24025 D ActivityNode: 	activity ID 2( key title)
08-05 16:58:14.850 24025 24025 D ActivityNode: 	activity ID 2( key arg.feedurl)
08-05 16:58:14.850 24025 24025 D ActivityNode: 	activity ID 2( key title)
08-05 16:58:14.850 24025 24025 D ActivityNode: 	activity ID 2( key arg.feedurl)
08-05 16:58:14.850 24025 24025 D ActivityNode: 	activity ID 2( key title)
08-05 16:58:14.850 24025 24025 D ActivityNode: 	activity ID 2( key arg.feedurl)
08-05 16:58:14.850 24025 24025 D ActivityNode: 	activity ID 2( key nappatfpr.de.danoeh.antennapod.extra.feedId)
08-05 16:58:14.850 24025 24025 D ActivityNode: 	activity ID 2( key nappatfpr.de.danoeh.antennapod.extra.feedId)
08-05 16:58:14.850 24025 24025 D ActivityNode: 	activity ID 2( key title)
08-05 16:58:14.850 24025 24025 D ActivityNode: 	activity ID 2( key arg.feedurl)
08-05 16:58:14.850 24025 24025 D ActivityNode: 	activity ID 2( key title)
08-05 16:58:14.850 24025 24025 D ActivityNode: 	activity ID 2( key arg.feedurl)
08-05 16:58:14.850 24025 24025 D ActivityNode: 	activity ID 2( key title)
08-05 16:58:14.850 24025 24025 D ActivityNode: 	activity ID 2( key arg.feedurl)
08-05 16:58:14.850 24025 24025 D ActivityNode: 	activity ID 2( key title)
08-05 16:58:14.850 24025 24025 D ActivityNode: 	activity ID 2( key arg.feedurl)
08-05 16:58:14.850 24025 24025 D ActivityNode: 	activity ID 2( key title)
08-05 16:58:14.850 24025 24025 D ActivityNode: 	activity ID 2( key arg.feedurl)
08-05 16:58:14.850 24025 24025 D ActivityNode: 	activity ID 2( key title)
08-05 16:58:14.850 24025 24025 D ActivityNode: 	activity ID 2( key arg.feedurl)
08-05 16:58:14.850 24025 24025 D ActivityNode: 	activity ID 2( key title)
08-05 16:58:14.850 24025 24025 D ActivityNode: 	activity ID 2( key arg.feedurl)
08-05 16:58:14.850 24025 24025 D ActivityNode: 	activity ID 2( key title)
08-05 16:58:14.850 24025 24025 D ActivityNode: 	activity ID 2( key arg.feedurl)
08-05 16:58:14.850 24025 24025 D ActivityNode: 	activity ID 2( key nappatfpr.de.danoeh.antennapod.extra.feedId)
08-05 16:58:14.850 24025 24025 D ActivityNode: 	activity ID 2( key nappatfpr.de.danoeh.antennapod.extra.feedId)
08-05 16:58:14.850 24025 24025 D ActivityNode: 	activity ID 2( key title)
08-05 16:58:14.850 24025 24025 D ActivityNode: 	activity ID 2( key arg.feedurl)
08-05 16:58:14.850 24025 24025 D ActivityNode: 	activity ID 2( key title)
08-05 16:58:14.850 24025 24025 D ActivityNode: 	activity ID 2( key arg.feedurl)
08-05 16:58:14.850 24025 24025 D ActivityNode: 	activity ID 2( key title)
08-05 16:58:14.850 24025 24025 D ActivityNode: 	activity ID 2( key arg.feedurl)
08-05 16:58:14.850 24025 24025 D ActivityNode: 	activity ID 2( key title)
08-05 16:58:14.850 24025 24025 D ActivityNode: 	activity ID 2( key arg.feedurl)
08-05 16:58:14.850 24025 24025 D ActivityNode: 	activity ID 2( key title)
08-05 16:58:14.850 24025 24025 D ActivityNode: 	activity ID 2( key arg.feedurl)
08-05 16:58:14.850 24025 24025 D ActivityNode: 	activity ID 2( key title)
08-05 16:58:14.850 24025 24025 D ActivityNode: 	activity ID 2( key arg.feedurl)
08-05 16:58:14.850 24025 24025 D ActivityNode: 	activity ID 2( key title)
08-05 16:58:14.850 24025 24025 D ActivityNode: 	activity ID 2( key arg.feedurl)
08-05 16:58:14.850 24025 24025 D ActivityNode: 	activity ID 2( key title)
08-05 16:58:14.850 24025 24025 D ActivityNode: 	activity ID 2( key arg.feedurl)
08-05 16:58:14.850 24025 24025 D ActivityNode: 	activity ID 2( key nappatfpr.de.danoeh.antennapod.extra.feedId)
08-05 16:58:14.850 24025 24025 D ActivityNode: 	activity ID 2( key nappatfpr.de.danoeh.antennapod.extra.feedId)
08-05 16:58:14.850 24025 24025 D ActivityNode: 	activity ID 2( key title)
08-05 16:58:14.850 24025 24025 D ActivityNode: 	activity ID 2( key arg.feedurl)
08-05 16:58:14.850 24025 24025 D ActivityNode: 	activity ID 2( key title)
08-05 16:58:14.850 24025 24025 D ActivityNode: 	activity ID 2( key arg.feedurl)
08-05 16:58:14.850 24025 24025 D ActivityNode: 	activity ID 2( key title)
08-05 16:58:14.850 24025 24025 D ActivityNode: 	activity ID 2( key arg.feedurl)
08-05 16:58:14.850 24025 24025 D ActivityNode: 	activity ID 2( key title)
08-05 16:58:14.850 24025 24025 D ActivityNode: 	activity ID 2( key arg.feedurl)
08-05 16:58:14.850 24025 24025 D ActivityNode: 	activity ID 2( key title)
08-05 16:58:14.850 24025 24025 D ActivityNode: 	activity ID 2( key arg.feedurl)
08-05 16:58:14.850 24025 24025 D ActivityNode: 	activity ID 2( key title)
08-05 16:58:14.850 24025 24025 D ActivityNode: 	activity ID 2( key arg.feedurl)
08-05 16:58:14.850 24025 24025 D ActivityNode: 	activity ID 2( key title)
08-05 16:58:14.850 24025 24025 D ActivityNode: 	activity ID 2( key arg.feedurl)
08-05 16:58:14.850 24025 24025 D ActivityNode: 	activity ID 2( key title)
08-05 16:58:14.850 24025 24025 D ActivityNode: 	activity ID 2( key arg.feedurl)
08-05 16:58:14.850 24025 24025 D ActivityNode: 	activity ID 2( key nappatfpr.de.danoeh.antennapod.extra.feedId)
08-05 16:58:14.850 24025 24025 D ActivityNode: 	activity ID 2( key nappatfpr.de.danoeh.antennapod.extra.feedId)
08-05 16:58:14.850 24025 24025 D ActivityNode: 	activity ID 2( key title)
08-05 16:58:14.850 24025 24025 D ActivityNode: 	activity ID 2( key arg.feedurl)
08-05 16:58:14.850 24025 24025 D ActivityNode: 	activity ID 2( key title)
08-05 16:58:14.850 24025 24025 D ActivityNode: 	activity ID 2( key arg.feedurl)
08-05 16:58:14.850 24025 24025 D ActivityNode: 	activity ID 2( key title)
08-05 16:58:14.850 24025 24025 D ActivityNode: 	activity ID 2( key arg.feedurl)
08-05 16:58:14.850 24025 24025 D ActivityNode: 	activity ID 2( key title)
08-05 16:58:14.850 24025 24025 D ActivityNode: 	activity ID 2( key arg.feedurl)
08-05 16:58:14.850 24025 24025 D ActivityNode: 	activity ID 2( key title)
08-05 16:58:14.850 24025 24025 D ActivityNode: 	activity ID 2( key arg.feedurl)
08-05 16:58:14.850 24025 24025 D ActivityNode: 	activity ID 2( key title)
08-05 16:58:14.850 24025 24025 D ActivityNode: 	activity ID 2( key arg.feedurl)
08-05 16:58:14.850 24025 24025 D ActivityNode: 	activity ID 2( key title)
08-05 16:58:14.850 24025 24025 D ActivityNode: 	activity ID 2( key arg.feedurl)
08-05 16:58:14.850 24025 24025 D ActivityNode: 	activity ID 2( key title)
08-05 16:58:14.850 24025 24025 D ActivityNode: 	activity ID 2( key arg.feedurl)
08-05 16:58:14.850 24025 24025 D ActivityNode: 	activity ID 2( key nappatfpr.de.danoeh.antennapod.extra.feedId)
08-05 16:58:14.850 24025 24025 D ActivityNode: 	activity ID 2( key nappatfpr.de.danoeh.antennapod.extra.feedId)
08-05 16:58:14.850 24025 24025 D ActivityNode: 	activity ID 2( key title)
08-05 16:58:14.850 24025 24025 D ActivityNode: 	activity ID 2( key arg.feedurl)
08-05 16:58:14.850 24025 24025 D ActivityNode: 	activity ID 2( key title)
08-05 16:58:14.850 24025 24025 D ActivityNode: 	activity ID 2( key arg.feedurl)
08-05 16:58:14.850 24025 24025 D ActivityNode: 	activity ID 2( key title)
08-05 16:58:14.850 24025 24025 D ActivityNode: 	activity ID 2( key arg.feedurl)
08-05 16:58:14.850 24025 24025 D ActivityNode: 	activity ID 2( key title)
08-05 16:58:14.850 24025 24025 D ActivityNode: 	activity ID 2( key arg.feedurl)
08-05 16:58:14.850 24025 24025 D ActivityNode: 	activity ID 2( key title)
08-05 16:58:14.850 24025 24025 D ActivityNode: 	activity ID 2( key arg.feedurl)
08-05 16:58:14.850 24025 24025 D ActivityNode: 	activity ID 2( key title)
08-05 16:58:14.850 24025 24025 D ActivityNode: 	activity ID 2( key arg.feedurl)
08-05 16:58:14.850 24025 24025 D ActivityNode: 	activity ID 2( key title)
08-05 16:58:14.850 24025 24025 D ActivityNode: 	activity ID 2( key arg.feedurl)
08-05 16:58:14.850 24025 24025 D ActivityNode: 	activity ID 2( key title)
08-05 16:58:14.850 24025 24025 D ActivityNode: 	activity ID 2( key arg.feedurl)
08-05 16:58:14.850 24025 24025 D ActivityNode: 	activity ID 2( key nappatfpr.de.danoeh.antennapod.extra.feedId)
08-05 16:58:14.850 24025 24025 D ActivityNode: 	activity ID 2( key nappatfpr.de.danoeh.antennapod.extra.feedId)
08-05 16:58:14.850 24025 24025 D ActivityNode: 	activity ID 2( key title)
08-05 16:58:14.850 24025 24025 D ActivityNode: 	activity ID 2( key arg.feedurl)
08-05 16:58:14.850 24025 24025 D ActivityNode: 	activity ID 2( key title)
08-05 16:58:14.850 24025 24025 D ActivityNode: 	activity ID 2( key arg.feedurl)
