08-06 03:46:14.012  9266  9266 D ActivityNode: Observer - visit time - GlobalSharedStoriesReading - New aggregate visit time found is 82199 ms
08-06 03:46:14.012  9266  9266 D ActivityNode: Observer - successor visit time - AllSharedStoriesItemsList - Updating the visit time from the successors list:
08-06 03:46:14.012  9266  9266 D ActivityNode: [AggregateVisitTimeByActivity{nappatfpr.com.newsblur.activity.AllSharedStoriesReading : 64098 ms}]
08-06 03:46:14.026  9266 13498 I art     : Starting a blocking GC Explicit
08-06 03:46:14.066  9266 13498 I art     : Explicit concurrent mark sweep GC freed 1057(79KB) AllocSpace objects, 1(20KB) LOS objects, 30% free, 36MB/52MB, paused 1.519ms total 39.702ms
08-06 03:46:14.078  9266 13498 I art     : Starting a blocking GC Explicit
08-06 03:46:14.117  9266 13498 I art     : Explicit concurrent mark sweep GC freed 24(976B) AllocSpace objects, 1(28KB) LOS objects, 30% free, 36MB/52MB, paused 1.292ms total 38.083ms
08-06 03:46:14.129  9266 13498 I art     : Starting a blocking GC Explicit
08-06 03:46:14.168  9266 13498 I art     : Explicit concurrent mark sweep GC freed 3(96B) AllocSpace objects, 0(0B) LOS objects, 30% free, 36MB/52MB, paused 1.343ms total 38.685ms
08-06 03:46:14.228  9266 13215 D Nappa   : PREFETCH_ON_EXTRA - setCurrentActivity - logs - from extra - made prediction isfalse
08-06 03:46:14.292  9266  9266 D NappaLifecycleObserver: nappatfpr.com.newsblur.activity.GlobalSharedStoriesReading - onDestroy
08-06 03:46:14.292  9266  9266 D NappaLifecycleObserver: -------------F1_SCORE #21 -----------
08-06 03:46:14.292  9266  9266 D NappaLifecycleObserver: F1_SCORE - Intercept list (11)= [https://www.newsblur.com/reader/feeds/?update_counts=true, https://www.newsblur.com/reader/unread_story_hashes?include_timestamps=1, https://www.newsblur.com/social/river_stories?order=newest&page=1&read_filter=all&global_feed=true, https://www.newsblur.com/rss_feeds/icon/0, https://s3.amazonaws.com/icons.newsblur.com/6882243.png, https://s3.amazonaws.com/icons.newsblur.com/18178.png, https://s3.amazonaws.com/icons.newsblur.com/5762506.png, http://feeds.feedburner.com/~r/retort/~4/UffaFMiJbNs, https://images.fastcompany.net/image/upload/w_1280,q_auto,f_auto,fl_lossy/wp-cms/uploads/2020/07/p-1-90532920-this-chart-shows-how-effective-masks-can-be.png, https://www.gravatar.com/avatar/f5934485a0863578733c447016505547, https://www.newsblur.com/social/river_stories?order=newest&page=2&read_filter=all&global_feed=true]
08-06 03:46:14.292  9266  9266 D NappaLifecycleObserver: F1_SCORE - Prefetch list (0)= []
08-06 03:46:14.292  9266  9266 D NappaLifecycleObserver: F1_SCORE - TP list (0)= []
08-06 03:46:14.292  9266  9266 D NappaLifecycleObserver: F1_SCORE - FN list (11)= [https://www.newsblur.com/reader/feeds/?update_counts=true, https://www.newsblur.com/reader/unread_story_hashes?include_timestamps=1, https://www.newsblur.com/social/river_stories?order=newest&page=1&read_filter=all&global_feed=true, https://www.newsblur.com/rss_feeds/icon/0, https://s3.amazonaws.com/icons.newsblur.com/6882243.png, https://s3.amazonaws.com/icons.newsblur.com/18178.png, https://s3.amazonaws.com/icons.newsblur.com/5762506.png, http://feeds.feedburner.com/~r/retort/~4/UffaFMiJbNs, https://images.fastcompany.net/image/upload/w_1280,q_auto,f_auto,fl_lossy/wp-cms/uploads/2020/07/p-1-90532920-this-chart-shows-how-effective-masks-can-be.png, https://www.gravatar.com/avatar/f5934485a0863578733c447016505547, https://www.newsblur.com/social/river_stories?order=newest&page=2&read_filter=all&global_feed=true]
08-06 03:46:14.292  9266  9266 I NAPPA_EXPERIMENTATION: MetricPrefetchingAccuracy: LOG_ID='22',F1_SCORE_1='0.0',F1_SCORE_2='0.0',TRUE_POSITIVE='0',FALSE_POSITIVE='0',FALSE_NEGATIVE='11',
08-06 03:46:14.501  9266  9278 I art     : Starting a blocking GC Explicit
08-06 03:46:14.544  9266  9278 I art     : Explicit concurrent mark sweep GC freed 3885(220KB) AllocSpace objects, 1(20KB) LOS objects, 30% free, 36MB/52MB, paused 1.387ms total 42.769ms
08-06 03:46:14.557  9266  9278 I art     : Starting a blocking GC Explicit
08-06 03:46:14.599  9266  9278 I art     : Explicit concurrent mark sweep GC freed 165(7KB) AllocSpace objects, 0(0B) LOS objects, 30% free, 36MB/52MB, paused 1.497ms total 41.763ms
08-06 03:46:14.611  9266  9278 I art     : Starting a blocking GC Explicit
08-06 03:46:14.656  9266  9278 I art     : Explicit concurrent mark sweep GC freed 9(288B) AllocSpace objects, 0(0B) LOS objects, 30% free, 36MB/52MB, paused 1.428ms total 44.622ms
08-06 03:46:14.670  9266  9278 I art     : Starting a blocking GC Explicit
08-06 03:46:14.717  9266  9278 I art     : Explicit concurrent mark sweep GC freed 11(352B) AllocSpace objects, 0(0B) LOS objects, 30% free, 36MB/52MB, paused 1.670ms total 46.518ms
08-06 03:46:14.730  9266  9278 I art     : Starting a blocking GC Explicit
08-06 03:46:14.777  9266  9278 I art     : Explicit concurrent mark sweep GC freed 9(288B) AllocSpace objects, 0(0B) LOS objects, 30% free, 36MB/52MB, paused 1.777ms total 46.671ms
08-06 03:46:15.014   918  3261 D WifiStateMachine: starting scan for "H369AA63323"WPA_PSK with 2412,5180
08-06 03:46:15.111  9266 13498 I art     : Starting a blocking GC Explicit
08-06 03:46:15.159  9266 13498 I art     : Explicit concurrent mark sweep GC freed 1682(95KB) AllocSpace objects, 1(20KB) LOS objects, 30% free, 36MB/52MB, paused 1.561ms total 47.055ms
08-06 03:46:15.173  9266 13498 I art     : Starting a blocking GC Explicit
08-06 03:46:15.220  9266 13498 I art     : Explicit concurrent mark sweep GC freed 52(1808B) AllocSpace objects, 0(0B) LOS objects, 30% free, 36MB/52MB, paused 1.684ms total 46.858ms
08-06 03:46:15.234  9266 13498 I art     : Starting a blocking GC Explicit
08-06 03:46:15.278  9266 13498 I art     : Explicit concurrent mark sweep GC freed 9(288B) AllocSpace objects, 0(0B) LOS objects, 30% free, 36MB/52MB, paused 1.670ms total 42.974ms
08-06 03:46:15.291  9266 13498 I art     : Starting a blocking GC Explicit
08-06 03:46:15.333  9266 13498 I art     : Explicit concurrent mark sweep GC freed 11(352B) AllocSpace objects, 0(0B) LOS objects, 30% free, 36MB/52MB, paused 1.467ms total 42.047ms
08-06 03:46:15.346  9266 13498 I art     : Starting a blocking GC Explicit
08-06 03:46:15.389  9266 13498 I art     : Explicit concurrent mark sweep GC freed 10(320B) AllocSpace objects, 0(0B) LOS objects, 30% free, 36MB/52MB, paused 1.999ms total 42.896ms
08-06 03:46:15.475 14209 14209 D AndroidRuntime: >>>>>> START com.android.internal.os.RuntimeInit uid 2000 <<<<<<
08-06 03:46:15.481 14209 14209 D AndroidRuntime: CheckJNI is OFF
08-06 03:46:15.524 14209 14209 D ICU     : No timezone override file found: /data/misc/zoneinfo/current/icu/icu_tzdata.dat
08-06 03:46:15.568 14209 14209 I Radio-JNI: register_android_hardware_Radio DONE
08-06 03:46:15.597 14209 14209 D AndroidRuntime: Calling main entry com.android.commands.input.Input
08-06 03:46:15.598 14209 14209 I Input   : injectKeyEvent: KeyEvent { action=ACTION_DOWN, keyCode=KEYCODE_BACK, scanCode=0, metaState=0, flags=0x0, repeatCount=0, eventTime=848792011, downTime=848792011, deviceId=-1, source=0x101 }
08-06 03:46:15.605 14209 14209 I Input   : injectKeyEvent: KeyEvent { action=ACTION_UP, keyCode=KEYCODE_BACK, scanCode=0, metaState=0, flags=0x0, repeatCount=0, eventTime=848792011, downTime=848792011, deviceId=-1, source=0x101 }
08-06 03:46:15.613 14209 14209 D AndroidRuntime: Shutting down VM
08-06 03:46:15.613  9266  9266 D NappaLifecycleObserver: nappatfpr.com.newsblur.activity.GlobalSharedStoriesItemsList - onPause
08-06 03:46:15.613  9266  9266 D Nappa   : Stayed on nappatfpr.com.newsblur.activity.GlobalSharedStoriesItemsList for 1684 ms
08-06 03:46:15.757  9266 13498 I art     : Starting a blocking GC Explicit
08-06 03:46:15.777  9266  9266 D NappaLifecycleObserver: nappatfpr.com.newsblur.activity.Main - onResume
08-06 03:46:15.777  9266  9266 D Nappa   : setCurrentActivity - MetricStrategyAccuracy - 
08-06 03:46:15.777  9266  9266 D Nappa   : madePredictionFromActivity = false, 
08-06 03:46:15.777  9266  9266 D Nappa   : fromActivity = nappatfpr.com.newsblur.activity.GlobalSharedStoriesItemsList, 
08-06 03:46:15.777  9266  9266 D Nappa   : predictedNextActivityFromActivity = [], 
08-06 03:46:15.777  9266  9266 D Nappa   : activity.getClass().getCanonicalName() = nappatfpr.com.newsblur.activity.Main, 
08-06 03:46:15.777  9266  9266 D Nappa   : setCurrentActivity - MetricStrategyAccuracy - 
08-06 03:46:15.777  9266  9266 D Nappa   : madePredictionFromExtra = false, 
08-06 03:46:15.777  9266  9266 D Nappa   : fromActivity = nappatfpr.com.newsblur.activity.GlobalSharedStoriesItemsList, 
08-06 03:46:15.777  9266  9266 D Nappa   : predictedNextActivityFromExtra = [], 
08-06 03:46:15.777  9266  9266 D Nappa   : activity.getClass().getCanonicalName() = nappatfpr.com.newsblur.activity.Main, 
08-06 03:46:15.778  9266  9266 D Nappa   : PREFETCH_ON_EXTRA - setCurrentActivity - logs - from activity - made prediction isfalse
08-06 03:46:15.805  9266 13498 I art     : Explicit concurrent mark sweep GC freed 4227(320KB) AllocSpace objects, 9(180KB) LOS objects, 30% free, 36MB/52MB, paused 1.608ms total 47.016ms
08-06 03:46:15.817  9266 13498 I art     : Starting a blocking GC Explicit
08-06 03:46:15.861  9266 13498 I art     : Explicit concurrent mark sweep GC freed 105(4KB) AllocSpace objects, 0(0B) LOS objects, 30% free, 36MB/52MB, paused 1.574ms total 43.599ms
08-06 03:46:15.875  9266 13498 I art     : Starting a blocking GC Explicit
08-06 03:46:15.878  9266  9266 D Nappa   : registerActivity: (already in) nappatfpr.com.newsblur.activity.Main
08-06 03:46:15.878  9266  9266 D ActivityGraph: LARDataCalculatedUpdate nappatfpr.com.newsblur.activity.Main Pagerank: 0.25 HITS-Authority: 1.0 HITS-Hub: 1.0 SALSA-Authority: 1.0 SALSA-Hub: 1.0
08-06 03:46:15.878  9266  9266 D Nappa   : SHOULD_PREFETCH false
08-06 03:46:15.878  9266  9266 D Nappa   : STATS Number of requests not prefetched: 9
08-06 03:46:15.878  9266  9266 D Nappa   : STATS Number of requests prefetched: 0
08-06 03:46:15.878  9266  9266 D Nappa   : STATS Time saved until now: 0.0
08-06 03:46:15.919  9266 13498 I art     : Explicit concurrent mark sweep GC freed 1653(100KB) AllocSpace objects, 2(40KB) LOS objects, 30% free, 36MB/52MB, paused 2.190ms total 44.159ms
08-06 03:46:15.927  9266  9266 D ActivityNode: Observer - successor visit time - GlobalSharedStoriesItemsList - Updating the visit time from the successors list:
08-06 03:46:15.927  9266  9266 D ActivityNode: [AggregateVisitTimeByActivity{nappatfpr.com.newsblur.activity.GlobalSharedStoriesReading : 82199 ms}]
08-06 03:46:15.927  9266  9266 D ActivityNode: Observer - visit time - GlobalSharedStoriesItemsList - New aggregate visit time found is 90240 ms
08-06 03:46:15.927  9266  9266 D ActivityNode: Observer - successor visit time - Main - Updating the visit time from the successors list:
08-06 03:46:15.927  9266  9266 D ActivityNode: [AggregateVisitTimeByActivity{nappatfpr.com.newsblur.activity.GlobalSharedStoriesItemsList : 72169 ms}, AggregateVisitTimeByActivity{nappatfpr.com.newsblur.activity.AllSharedStoriesItemsList : 63008 ms}]
08-06 03:46:15.929 13866 13866 I GoogleInputMethodServic: GoogleInputMethodService.onFinishInput():3138 
08-06 03:46:15.929  9266  9266 D ActivityNode: Observer - successor visit time - AllSharedStoriesItemsList - Updating the visit time from the successors list:
08-06 03:46:15.929  9266  9266 D ActivityNode: [AggregateVisitTimeByActivity{nappatfpr.com.newsblur.activity.AllSharedStoriesReading : 64098 ms}]
08-06 03:46:15.929 13866 13866 I GoogleInputMethodServic: GoogleInputMethodService.onStartInput():1808 
08-06 03:46:15.930  9266 14110 D CustomInterceptor: NETWORK-PROVIDER https://www.newsblur.com/reader/mark_story_hashes_as_read/
08-06 03:46:15.930  9266 14110 D CustomInterceptor: HEADER REQUEST
08-06 03:46:15.930  9266 14110 D CustomInterceptor: Cache-Control max-age=300, max-stale=300
08-06 03:46:15.930  9266 14110 D CustomInterceptor: Cookie newsblur_sessionid=qlbd3ilzka7q9q07v2htr96j75kh6za7; Domain=.newsblur.com; expires=Fri, 05 Aug 2022 20:40:09 GMT; Max-Age=63072000; Path=/
08-06 03:46:15.930  9266 14110 D CustomInterceptor: CACHED STATS: size = '9', maxSize = '100', hitCount = '9', createCount = '0', putCount = '9', evictionCount = '0', missCount = '25', toString = 'LruCache[maxSize=100,hits=9,misses=25,hitRate=26%]', 
08-06 03:46:15.930  9266 14110 D CustomInterceptor: PREFLIB NOT A GET REQUEST OR NOT IN CACHEPOST
08-06 03:46:15.932  9266 13498 I art     : Starting a blocking GC Explicit
08-06 03:46:15.979  9266 13498 I art     : Explicit concurrent mark sweep GC freed 4896(310KB) AllocSpace objects, 2(40KB) LOS objects, 30% free, 36MB/52MB, paused 1.728ms total 46.830ms
08-06 03:46:15.992  9266 13498 I art     : Starting a blocking GC Explicit
08-06 03:46:16.033  9266 13498 I art     : Explicit concurrent mark sweep GC freed 165(6KB) AllocSpace objects, 0(0B) LOS objects, 30% free, 36MB/52MB, paused 1.437ms total 40.324ms
08-06 03:46:16.178  9266 13215 D Nappa   : PREFETCH_ON_EXTRA - setCurrentActivity - logs - from extra - made prediction isfalse
08-06 03:46:16.295  9266  9266 D NappaLifecycleObserver: nappatfpr.com.newsblur.activity.GlobalSharedStoriesItemsList - onDestroy
08-06 03:46:16.295  9266  9266 D NappaLifecycleObserver: -------------F1_SCORE #22 -----------
08-06 03:46:16.295  9266  9266 D NappaLifecycleObserver: F1_SCORE - Intercept list (11)= [https://www.newsblur.com/reader/feeds/?update_counts=true, https://www.newsblur.com/reader/unread_story_hashes?include_timestamps=1, https://www.newsblur.com/social/river_stories?order=newest&page=1&read_filter=all&global_feed=true, https://www.newsblur.com/rss_feeds/icon/0, https://s3.amazonaws.com/icons.newsblur.com/6882243.png, https://s3.amazonaws.com/icons.newsblur.com/18178.png, https://s3.amazonaws.com/icons.newsblur.com/5762506.png, http://feeds.feedburner.com/~r/retort/~4/UffaFMiJbNs, https://images.fastcompany.net/image/upload/w_1280,q_auto,f_auto,fl_lossy/wp-cms/uploads/2020/07/p-1-90532920-this-chart-shows-how-effective-masks-can-be.png, https://www.gravatar.com/avatar/f5934485a0863578733c447016505547, https://www.newsblur.com/social/river_stories?order=newest&page=2&read_filter=all&global_feed=true]
08-06 03:46:16.295  9266  9266 D NappaLifecycleObserver: F1_SCORE - Prefetch list (0)= []
08-06 03:46:16.295  9266  9266 D NappaLifecycleObserver: F1_SCORE - TP list (0)= []
08-06 03:46:16.296  9266  9266 D NappaLifecycleObserver: F1_SCORE - FN list (11)= [https://www.newsblur.com/reader/feeds/?update_counts=true, https://www.newsblur.com/reader/unread_story_hashes?include_timestamps=1, https://www.newsblur.com/social/river_stories?order=newest&page=1&read_filter=all&global_feed=true, https://www.newsblur.com/rss_feeds/icon/0, https://s3.amazonaws.com/icons.newsblur.com/6882243.png, https://s3.amazonaws.com/icons.newsblur.com/18178.png, https://s3.amazonaws.com/icons.newsblur.com/5762506.png, http://feeds.feedburner.com/~r/retort/~4/UffaFMiJbNs, https://images.fastcompany.net/image/upload/w_1280,q_auto,f_auto,fl_lossy/wp-cms/uploads/2020/07/p-1-90532920-this-chart-shows-how-effective-masks-can-be.png, https://www.gravatar.com/avatar/f5934485a0863578733c447016505547, https://www.newsblur.com/social/river_stories?order=newest&page=2&read_filter=all&global_feed=true]
08-06 03:46:16.296  9266  9266 I NAPPA_EXPERIMENTATION: MetricPrefetchingAccuracy: LOG_ID='23',F1_SCORE_1='0.0',F1_SCORE_2='0.0',TRUE_POSITIVE='0',FALSE_POSITIVE='0',FALSE_NEGATIVE='11',
08-06 03:46:16.403  9266 13739 I art     : Starting a blocking GC Explicit
08-06 03:46:16.454  9266 13739 I art     : Explicit concurrent mark sweep GC freed 2430(157KB) AllocSpace objects, 1(20KB) LOS objects, 30% free, 36MB/52MB, paused 1.848ms total 50.217ms
08-06 03:46:16.467  9266 13739 I art     : Starting a blocking GC Explicit
08-06 03:46:16.479  6649  6652 E QC-QMI  : qmi_client [6649] 5de: failed to locate client data
08-06 03:46:16.483   519   519 E QC-QMI  : qmuxd: RX on fd=18 returned error=0 errno[2:No such file or directory]
08-06 03:46:16.483  6649  6649 I Atfwd_Daemon: Stop the daemon....
08-06 03:46:16.483   519   519 E QC-QMI  : QMUX qmux_client_id=5de not found in qmux client list, unable to remove
08-06 03:46:16.499 14254 14254 W ATFWD-daemon: type=1400 audit(0.0:739965): avc: denied { read write } for name="diag" dev="tmpfs" ino=1296 scontext=u:r:atfwd:s0 tcontext=u:object_r:diag_device:s0 tclass=chr_file permissive=0
08-06 03:46:16.504  9266 14110 D CustomInterceptor: Interceptor exiting with exception java.io.IOException: unexpected end of stream on https://www.newsblur.com/...
08-06 03:46:16.504  9266 14110 W System.err: java.io.IOException: unexpected end of stream on https://www.newsblur.com/...
08-06 03:46:16.505  9266 14110 W System.err: 	at okhttp3.internal.http1.Http1ExchangeCodec.readResponseHeaders(Http1ExchangeCodec.java:236)
08-06 03:46:16.505  9266 14110 W System.err: 	at okhttp3.internal.connection.Exchange.readResponseHeaders(Exchange.java:115)
08-06 03:46:16.505  9266 14110 W System.err: 	at okhttp3.internal.http.CallServerInterceptor.intercept(CallServerInterceptor.java:94)
08-06 03:46:16.505  9266 14110 W System.err: 	at okhttp3.internal.http.RealInterceptorChain.proceed(RealInterceptorChain.java:142)
08-06 03:46:16.505  9266 14110 W System.err: 	at okhttp3.internal.connection.ConnectInterceptor.intercept(ConnectInterceptor.java:43)
08-06 03:46:16.507  9266 14110 W System.err: 	at okhttp3.internal.http.RealInterceptorChain.proceed(RealInterceptorChain.java:142)
08-06 03:46:16.507  9266 14110 W System.err: 	at okhttp3.internal.http.RealInterceptorChain.proceed(RealInterceptorChain.java:117)
08-06 03:46:16.507  9266 14110 W System.err: 	at okhttp3.internal.cache.CacheInterceptor.intercept(CacheInterceptor.java:94)
08-06 03:46:16.507  9266 14110 W System.err: 	at okhttp3.internal.http.RealInterceptorChain.proceed(RealInterceptorChain.java:142)
08-06 03:46:16.507  9266 14110 W System.err: 	at okhttp3.internal.http.RealInterceptorChain.proceed(RealInterceptorChain.java:117)
08-06 03:46:16.507  9266 14110 W System.err: 	at okhttp3.internal.http.BridgeInterceptor.intercept(BridgeInterceptor.java:93)
08-06 03:46:16.507  9266 14110 W System.err: 	at okhttp3.internal.http.RealInterceptorChain.proceed(RealInterceptorChain.java:142)
08-06 03:46:16.507  9266 14110 W System.err: 	at okhttp3.internal.http.RetryAndFollowUpInterceptor.intercept(RetryAndFollowUpInterceptor.java:88)
08-06 03:46:16.507  9266 14110 W System.err: 	at okhttp3.internal.http.RealInterceptorChain.proceed(RealInterceptorChain.java:142)
08-06 03:46:16.507  9266 14110 W System.err: 	at okhttp3.internal.http.RealInterceptorChain.proceed(RealInterceptorChain.java:117)
08-06 03:46:16.507  9266 14110 W System.err: 	at nl.vu.cs.s2group.nappa.Nappa$CustomInterceptor.intercept(Nappa.java:875)
08-06 03:46:16.507  9266 14110 W System.err: 	at okhttp3.internal.http.RealInterceptorChain.proceed(RealInterceptorChain.java:142)
08-06 03:46:16.507  9266 14110 W System.err: 	at okhttp3.internal.http.RealInterceptorChain.proceed(RealInterceptorChain.java:117)
08-06 03:46:16.507  9266 14110 W System.err: 	at okhttp3.RealCall.getResponseWithInterceptorChain(RealCall.java:229)
08-06 03:46:16.507  9266 14110 W System.err: 	at okhttp3.RealCall.execute(RealCall.java:81)
08-06 03:46:16.507  9266 14110 W System.err: 	at nappatfpr.com.newsblur.network.APIResponse.<init>(APIResponse.java:57)
08-06 03:46:16.508  9266 14110 W System.err: 	at nappatfpr.com.newsblur.network.APIResponse.<init>(APIResponse.java:43)
08-06 03:46:16.508  9266 14110 W System.err: 	at nappatfpr.com.newsblur.network.APIManager.post_single(APIManager.java:703)
08-06 03:46:16.508  9266 14110 W System.err: 	at nappatfpr.com.newsblur.network.APIManager.post(APIManager.java:676)
08-06 03:46:16.508  9266 14110 W System.err: 	at nappatfpr.com.newsblur.network.APIManager.post(APIManager.java:715)
08-06 03:46:16.508  9266 14110 W System.err: 	at nappatfpr.com.newsblur.network.APIManager.markStoryAsRead(APIManager.java:206)
08-06 03:46:16.508  9266 14110 W System.err: 	at nappatfpr.com.newsblur.util.ReadingAction.doRemote(ReadingAction.java:281)
08-06 03:46:16.508  9266 14110 W System.err: 	at nappatfpr.com.newsblur.service.NBSyncService.syncActions(NBSyncService.java:400)
08-06 03:46:16.508  9266 14110 W System.err: 	at nappatfpr.com.newsblur.service.NBSyncService.doSync(NBSyncService.java:298)
08-06 03:46:16.508  9266 14110 W System.err: 	at nappatfpr.com.newsblur.service.NBSyncService.access$100(NBSyncService.java:67)
08-06 03:46:16.508  9266 14110 W System.err: 	at nappatfpr.com.newsblur.service.NBSyncService$1.run(NBSyncService.java:188)
08-06 03:46:16.508  9266 14110 W System.err: 	at java.util.concurrent.ThreadPoolExecutor.runWorker(ThreadPoolExecutor.java:1113)
08-06 03:46:16.508  9266 14110 W System.err: 	at java.util.concurrent.ThreadPoolExecutor$Worker.run(ThreadPoolExecutor.java:588)
08-06 03:46:16.508  9266 14110 W System.err: 	at java.lang.Thread.run(Thread.java:818)
08-06 03:46:16.508  9266 14110 W System.err: Caused by: java.io.EOFException: \n not found: limit=0 content=
08-06 03:46:16.509 14254 14254 I libmdmdetect: ESOC framework not supported
08-06 03:46:16.509 14254 14254 I libmdmdetect: Found internal modem: modem
08-06 03:46:16.511 14254 14254 E Diag_Lib:  Diag_LSM_Init: Failed to open handle to diag driver, error = 13
08-06 03:46:16.511  9266 14110 W System.err: 	at okio.RealBufferedSource.readUtf8LineStrict(RealBufferedSource.java:240)
08-06 03:46:16.511  9266 14110 W System.err: 	at okhttp3.internal.http1.Http1ExchangeCodec.readHeaderLine(Http1ExchangeCodec.java:242)
08-06 03:46:16.511  9266 14110 W System.err: 	at okhttp3.internal.http1.Http1ExchangeCodec.readResponseHeaders(Http1ExchangeCodec.java:213)
08-06 03:46:16.511  9266 14110 W System.err: 	... 33 more
08-06 03:46:16.511  9266 14110 D CustomInterceptor: interceptor_finished : return_type #4 : interceptor failed, resuming the request chain with the original request
08-06 03:46:16.512  9266 13739 I art     : Explicit concurrent mark sweep GC freed 2082(100KB) AllocSpace objects, 0(0B) LOS objects, 30% free, 36MB/52MB, paused 2.369ms total 44.402ms
08-06 03:46:16.517 14254 14254 I Atfwd_Daemon: result : 255 	 ,Init step :0 	 ,qmiErrorCode: 0
08-06 03:46:16.517 14254 14254 I Atfwd_Daemon: result : 0 	 ,Init step :1 	 ,qmiErrorCode: 0
08-06 03:46:16.517 14254 14254 I ServiceManager: Waiting for service AtCmdFwd...
08-06 03:46:16.524  9266 13739 I art     : Starting a blocking GC Explicit
08-06 03:46:16.566  9266 13739 I art     : Explicit concurrent mark sweep GC freed 564(44KB) AllocSpace objects, 0(0B) LOS objects, 30% free, 36MB/52MB, paused 1.419ms total 40.789ms
08-06 03:46:16.578  9266 13739 I art     : Starting a blocking GC Explicit
08-06 03:46:16.622  9266 13739 I art     : Explicit concurrent mark sweep GC freed 51(1920B) AllocSpace objects, 0(0B) LOS objects, 30% free, 36MB/52MB, paused 1.534ms total 43.403ms
08-06 03:46:16.635  9266 13739 I art     : Starting a blocking GC Explicit
08-06 03:46:16.681  9266 13739 I art     : Explicit concurrent mark sweep GC freed 10(320B) AllocSpace objects, 0(0B) LOS objects, 30% free, 36MB/52MB, paused 1.492ms total 45.301ms
08-06 03:46:16.916  9266 14110 E nappatfpr.com.newsblur.network.APIResponse: Error (unexpected end of stream on https://www.newsblur.com/...) calling https://www.newsblur.com/reader/mark_story_hashes_as_read/
08-06 03:46:16.916  9266 14110 E nappatfpr.com.newsblur.network.APIResponse: java.io.IOException: unexpected end of stream on https://www.newsblur.com/...
08-06 03:46:16.916  9266 14110 E nappatfpr.com.newsblur.network.APIResponse: 	at okhttp3.internal.http1.Http1ExchangeCodec.readResponseHeaders(Http1ExchangeCodec.java:236)
08-06 03:46:16.916  9266 14110 E nappatfpr.com.newsblur.network.APIResponse: 	at okhttp3.internal.connection.Exchange.readResponseHeaders(Exchange.java:115)
08-06 03:46:16.916  9266 14110 E nappatfpr.com.newsblur.network.APIResponse: 	at okhttp3.internal.http.CallServerInterceptor.intercept(CallServerInterceptor.java:94)
08-06 03:46:16.916  9266 14110 E nappatfpr.com.newsblur.network.APIResponse: 	at okhttp3.internal.http.RealInterceptorChain.proceed(RealInterceptorChain.java:142)
08-06 03:46:16.916  9266 14110 E nappatfpr.com.newsblur.network.APIResponse: 	at okhttp3.internal.connection.ConnectInterceptor.intercept(ConnectInterceptor.java:43)
08-06 03:46:16.916  9266 14110 E nappatfpr.com.newsblur.network.APIResponse: 	at okhttp3.internal.http.RealInterceptorChain.proceed(RealInterceptorChain.java:142)
08-06 03:46:16.916  9266 14110 E nappatfpr.com.newsblur.network.APIResponse: 	at okhttp3.internal.http.RealInterceptorChain.proceed(RealInterceptorChain.java:117)
08-06 03:46:16.916  9266 14110 E nappatfpr.com.newsblur.network.APIResponse: 	at okhttp3.internal.cache.CacheInterceptor.intercept(CacheInterceptor.java:94)
08-06 03:46:16.916  9266 14110 E nappatfpr.com.newsblur.network.APIResponse: 	at okhttp3.internal.http.RealInterceptorChain.proceed(RealInterceptorChain.java:142)
08-06 03:46:16.916  9266 14110 E nappatfpr.com.newsblur.network.APIResponse: 	at okhttp3.internal.http.RealInterceptorChain.proceed(RealInterceptorChain.java:117)
08-06 03:46:16.916  9266 14110 E nappatfpr.com.newsblur.network.APIResponse: 	at okhttp3.internal.http.BridgeInterceptor.intercept(BridgeInterceptor.java:93)
08-06 03:46:16.916  9266 14110 E nappatfpr.com.newsblur.network.APIResponse: 	at okhttp3.internal.http.RealInterceptorChain.proceed(RealInterceptorChain.java:142)
08-06 03:46:16.916  9266 14110 E nappatfpr.com.newsblur.network.APIResponse: 	at okhttp3.internal.http.RetryAndFollowUpInterceptor.intercept(RetryAndFollowUpInterceptor.java:88)
08-06 03:46:16.916  9266 14110 E nappatfpr.com.newsblur.network.APIResponse: 	at okhttp3.internal.http.RealInterceptorChain.proceed(RealInterceptorChain.java:142)
08-06 03:46:16.916  9266 14110 E nappatfpr.com.newsblur.network.APIResponse: 	at okhttp3.internal.http.RealInterceptorChain.proceed(RealInterceptorChain.java:117)
08-06 03:46:16.916  9266 14110 E nappatfpr.com.newsblur.network.APIResponse: 	at nl.vu.cs.s2group.nappa.Nappa$CustomInterceptor.intercept(Nappa.java:970)
08-06 03:46:16.916  9266 14110 E nappatfpr.com.newsblur.network.APIResponse: 	at okhttp3.internal.http.RealInterceptorChain.proceed(RealInterceptorChain.java:142)
08-06 03:46:16.916  9266 14110 E nappatfpr.com.newsblur.network.APIResponse: 	at okhttp3.internal.http.RealInterceptorChain.proceed(RealInterceptorChain.java:117)
08-06 03:46:16.916  9266 14110 E nappatfpr.com.newsblur.network.APIResponse: 	at okhttp3.RealCall.getResponseWithInterceptorChain(RealCall.java:229)
08-06 03:46:16.916  9266 14110 E nappatfpr.com.newsblur.network.APIResponse: 	at okhttp3.RealCall.execute(RealCall.java:81)
08-06 03:46:16.916  9266 14110 E nappatfpr.com.newsblur.network.APIResponse: 	at nappatfpr.com.newsblur.network.APIResponse.<init>(APIResponse.java:57)
08-06 03:46:16.916  9266 14110 E nappatfpr.com.newsblur.network.APIResponse: 	at nappatfpr.com.newsblur.network.APIResponse.<init>(APIResponse.java:43)
08-06 03:46:16.916  9266 14110 E nappatfpr.com.newsblur.network.APIResponse: 	at nappatfpr.com.newsblur.network.APIManager.post_single(APIManager.java:703)
08-06 03:46:16.916  9266 14110 E nappatfpr.com.newsblur.network.APIResponse: 	at nappatfpr.com.newsblur.network.APIManager.post(APIManager.java:676)
08-06 03:46:16.916  9266 14110 E nappatfpr.com.newsblur.network.APIResponse: 	at nappatfpr.com.newsblur.network.APIManager.post(APIManager.java:715)
08-06 03:46:16.916  9266 14110 E nappatfpr.com.newsblur.network.APIResponse: 	at nappatfpr.com.newsblur.network.APIManager.markStoryAsRead(APIManager.java:206)
08-06 03:46:16.916  9266 14110 E nappatfpr.com.newsblur.network.APIResponse: 	at nappatfpr.com.newsblur.util.ReadingAction.doRemote(ReadingAction.java:281)
08-06 03:46:16.916  9266 14110 E nappatfpr.com.newsblur.network.APIResponse: 	at nappatfpr.com.newsblur.service.NBSyncService.syncActions(NBSyncService.java:400)
08-06 03:46:16.916  9266 14110 E nappatfpr.com.newsblur.network.APIResponse: 	at nappatfpr.com.newsblur.service.NBSyncService.doSync(NBSyncService.java:298)
08-06 03:46:16.916  9266 14110 E nappatfpr.com.newsblur.network.APIResponse: 	at nappatfpr.com.newsblur.service.NBSyncService.access$100(NBSyncService.java:67)
08-06 03:46:16.916  9266 14110 E nappatfpr.com.newsblur.network.APIResponse: 	at nappatfpr.com.newsblur.service.NBSyncService$1.run(NBSyncService.java:188)
08-06 03:46:16.916  9266 14110 E nappatfpr.com.newsblur.network.APIResponse: 	at java.util.concurrent.ThreadPoolExecutor.runWorker(ThreadPoolExecutor.java:1113)
08-06 03:46:16.916  9266 14110 E nappatfpr.com.newsblur.network.APIResponse: 	at java.util.concurrent.ThreadPoolExecutor$Worker.run(ThreadPoolExecutor.java:588)
08-06 03:46:16.916  9266 14110 E nappatfpr.com.newsblur.network.APIResponse: 	at java.lang.Thread.run(Thread.java:818)
08-06 03:46:16.916  9266 14110 E nappatfpr.com.newsblur.network.APIResponse: Caused by: java.io.EOFException: \n not found: limit=0 content=
08-06 03:46:16.916  9266 14110 E nappatfpr.com.newsblur.network.APIResponse: 	at okio.RealBufferedSource.readUtf8LineStrict(RealBufferedSource.java:240)
08-06 03:46:16.916  9266 14110 E nappatfpr.com.newsblur.network.APIResponse: 	at okhttp3.internal.http1.Http1ExchangeCodec.readHeaderLine(Http1ExchangeCodec.java:242)
08-06 03:46:16.916  9266 14110 E nappatfpr.com.newsblur.network.APIResponse: 	at okhttp3.internal.http1.Http1ExchangeCodec.readResponseHeaders(Http1ExchangeCodec.java:213)
08-06 03:46:16.916  9266 14110 E nappatfpr.com.newsblur.network.APIResponse: 	... 33 more
08-06 03:46:16.918  9266 14110 I nappatfpr.com.newsblur.service.NBSyncService: Holding reading action with server-side or network error.
08-06 03:46:16.926  9266 14110 W nappatfpr.com.newsblur.service.NBSyncService: hard API failure
08-06 03:46:16.928  9266 14110 D CustomInterceptor: NETWORK-PROVIDER https://www.newsblur.com/reader/mark_story_hashes_as_read/
08-06 03:46:16.929  9266 14110 D CustomInterceptor: HEADER REQUEST
08-06 03:46:16.929  9266 14110 D CustomInterceptor: Cache-Control max-age=300, max-stale=300
08-06 03:46:16.929  9266 14110 D CustomInterceptor: Cookie newsblur_sessionid=qlbd3ilzka7q9q07v2htr96j75kh6za7; Domain=.newsblur.com; expires=Fri, 05 Aug 2022 20:40:09 GMT; Max-Age=63072000; Path=/
08-06 03:46:16.929  9266 14110 D CustomInterceptor: CACHED STATS: size = '9', maxSize = '100', hitCount = '9', createCount = '0', putCount = '9', evictionCount = '0', missCount = '26', toString = 'LruCache[maxSize=100,hits=9,misses=26,hitRate=25%]', 
08-06 03:46:16.929  9266 14110 D CustomInterceptor: PREFLIB NOT A GET REQUEST OR NOT IN CACHEPOST
08-06 03:46:17.038  9266  9277 I art     : Starting a blocking GC Explicit
08-06 03:46:17.088  9266  9277 I art     : Explicit concurrent mark sweep GC freed 4724(435KB) AllocSpace objects, 5(100KB) LOS objects, 30% free, 36MB/52MB, paused 1.975ms total 50.085ms
08-06 03:46:17.102  9266  9277 I art     : Starting a blocking GC Explicit
08-06 03:46:17.144  9266  9277 I art     : Explicit concurrent mark sweep GC freed 151(5KB) AllocSpace objects, 0(0B) LOS objects, 30% free, 36MB/52MB, paused 1.537ms total 42.142ms
08-06 03:46:17.157  9266  9277 I art     : Starting a blocking GC Explicit
08-06 03:46:17.202  9266  9277 I art     : Explicit concurrent mark sweep GC freed 11(352B) AllocSpace objects, 0(0B) LOS objects, 30% free, 36MB/52MB, paused 1.661ms total 44.157ms
08-06 03:46:17.215  9266  9277 I art     : Starting a blocking GC Explicit
08-06 03:46:17.261  9266  9277 I art     : Explicit concurrent mark sweep GC freed 9(288B) AllocSpace objects, 0(0B) LOS objects, 30% free, 36MB/52MB, paused 1.639ms total 45.688ms
08-06 03:46:17.274  9266  9277 I art     : Starting a blocking GC Explicit
08-06 03:46:17.321  9266  9277 I art     : Explicit concurrent mark sweep GC freed 1665(65KB) AllocSpace objects, 0(0B) LOS objects, 30% free, 36MB/52MB, paused 1.755ms total 46.659ms
08-06 03:46:17.342  9266 14110 D CustomInterceptor: Interceptor exiting with exception java.io.IOException: unexpected end of stream on https://www.newsblur.com/...
08-06 03:46:17.342  9266 14110 W System.err: java.io.IOException: unexpected end of stream on https://www.newsblur.com/...
08-06 03:46:17.343  9266 14110 W System.err: 	at okhttp3.internal.http1.Http1ExchangeCodec.readResponseHeaders(Http1ExchangeCodec.java:236)
08-06 03:46:17.343  9266 14110 W System.err: 	at okhttp3.internal.connection.Exchange.readResponseHeaders(Exchange.java:115)
08-06 03:46:17.343  9266 14110 W System.err: 	at okhttp3.internal.http.CallServerInterceptor.intercept(CallServerInterceptor.java:94)
08-06 03:46:17.343  9266 14110 W System.err: 	at okhttp3.internal.http.RealInterceptorChain.proceed(RealInterceptorChain.java:142)
08-06 03:46:17.343  9266 14110 W System.err: 	at okhttp3.internal.connection.ConnectInterceptor.intercept(ConnectInterceptor.java:43)
08-06 03:46:17.343  9266 14110 W System.err: 	at okhttp3.internal.http.RealInterceptorChain.proceed(RealInterceptorChain.java:142)
08-06 03:46:17.343  9266 14110 W System.err: 	at okhttp3.internal.http.RealInterceptorChain.proceed(RealInterceptorChain.java:117)
08-06 03:46:17.343  9266 14110 W System.err: 	at okhttp3.internal.cache.CacheInterceptor.intercept(CacheInterceptor.java:94)
08-06 03:46:17.343  9266 14110 W System.err: 	at okhttp3.internal.http.RealInterceptorChain.proceed(RealInterceptorChain.java:142)
08-06 03:46:17.343  9266 14110 W System.err: 	at okhttp3.internal.http.RealInterceptorChain.proceed(RealInterceptorChain.java:117)
08-06 03:46:17.344  9266 14110 W System.err: 	at okhttp3.internal.http.BridgeInterceptor.intercept(BridgeInterceptor.java:93)
08-06 03:46:17.344  9266 14110 W System.err: 	at okhttp3.internal.http.RealInterceptorChain.proceed(RealInterceptorChain.java:142)
08-06 03:46:17.344  9266 14110 W System.err: 	at okhttp3.internal.http.RetryAndFollowUpInterceptor.intercept(RetryAndFollowUpInterceptor.java:88)
08-06 03:46:17.344  9266 14110 W System.err: 	at okhttp3.internal.http.RealInterceptorChain.proceed(RealInterceptorChain.java:142)
08-06 03:46:17.344  9266 14110 W System.err: 	at okhttp3.internal.http.RealInterceptorChain.proceed(RealInterceptorChain.java:117)
08-06 03:46:17.344  9266 14110 W System.err: 	at nl.vu.cs.s2group.nappa.Nappa$CustomInterceptor.intercept(Nappa.java:875)
08-06 03:46:17.344  9266 14110 W System.err: 	at okhttp3.internal.http.RealInterceptorChain.proceed(RealInterceptorChain.java:142)
08-06 03:46:17.344  9266 14110 W System.err: 	at okhttp3.internal.http.RealInterceptorChain.proceed(RealInterceptorChain.java:117)
08-06 03:46:17.344  9266 14110 W System.err: 	at okhttp3.RealCall.getResponseWithInterceptorChain(RealCall.java:229)
08-06 03:46:17.344  9266 14110 W System.err: 	at okhttp3.RealCall.execute(RealCall.java:81)
08-06 03:46:17.344  9266 14110 W System.err: 	at nappatfpr.com.newsblur.network.APIResponse.<init>(APIResponse.java:57)
08-06 03:46:17.345  9266 14110 W System.err: 	at nappatfpr.com.newsblur.network.APIResponse.<init>(APIResponse.java:43)
08-06 03:46:17.346  9266 14110 W System.err: 	at nappatfpr.com.newsblur.network.APIManager.post_single(APIManager.java:703)
08-06 03:46:17.346  9266 14110 W System.err: 	at nappatfpr.com.newsblur.network.APIManager.post(APIManager.java:676)
08-06 03:46:17.347  9266 14110 W System.err: 	at nappatfpr.com.newsblur.network.APIManager.post(APIManager.java:715)
08-06 03:46:17.347  9266 14110 W System.err: 	at nappatfpr.com.newsblur.network.APIManager.markStoryAsRead(APIManager.java:206)
08-06 03:46:17.347  9266 14110 W System.err: 	at nappatfpr.com.newsblur.util.ReadingAction.doRemote(ReadingAction.java:281)
08-06 03:46:17.347  9266 14110 W System.err: 	at nappatfpr.com.newsblur.service.NBSyncService.syncActions(NBSyncService.java:400)
08-06 03:46:17.347  9266 14110 W System.err: 	at nappatfpr.com.newsblur.service.NBSyncService.doSync(NBSyncService.java:298)
08-06 03:46:17.347  9266 14110 W System.err: 	at nappatfpr.com.newsblur.service.NBSyncService.access$100(NBSyncService.java:67)
08-06 03:46:17.347  9266 14110 W System.err: 	at nappatfpr.com.newsblur.service.NBSyncService$1.run(NBSyncService.java:188)
08-06 03:46:17.347  9266 14110 W System.err: 	at java.util.concurrent.ThreadPoolExecutor.runWorker(ThreadPoolExecutor.java:1113)
08-06 03:46:17.347  9266 14110 W System.err: 	at java.util.concurrent.ThreadPoolExecutor$Worker.run(ThreadPoolExecutor.java:588)
08-06 03:46:17.347  9266 14110 W System.err: 	at java.lang.Thread.run(Thread.java:818)
08-06 03:46:17.347  9266 14110 W System.err: Caused by: java.io.EOFException: \n not found: limit=0 content=
08-06 03:46:17.348  9266 14110 W System.err: 	at okio.RealBufferedSource.readUtf8LineStrict(RealBufferedSource.java:240)
08-06 03:46:17.348  9266 14110 W System.err: 	at okhttp3.internal.http1.Http1ExchangeCodec.readHeaderLine(Http1ExchangeCodec.java:242)
08-06 03:46:17.348  9266 14110 W System.err: 	at okhttp3.internal.http1.Http1ExchangeCodec.readResponseHeaders(Http1ExchangeCodec.java:213)
08-06 03:46:17.348  9266 14110 W System.err: 	... 33 more
08-06 03:46:17.348  9266 14110 D CustomInterceptor: interceptor_finished : return_type #4 : interceptor failed, resuming the request chain with the original request
08-06 03:46:17.392 14260 14260 D AndroidRuntime: >>>>>> START com.android.internal.os.RuntimeInit uid 2000 <<<<<<
08-06 03:46:17.398 14260 14260 D AndroidRuntime: CheckJNI is OFF
08-06 03:46:17.441 14260 14260 D ICU     : No timezone override file found: /data/misc/zoneinfo/current/icu/icu_tzdata.dat
08-06 03:46:17.487 14260 14260 I Radio-JNI: register_android_hardware_Radio DONE
08-06 03:46:17.515 14260 14260 D AndroidRuntime: Calling main entry com.android.commands.input.Input
08-06 03:46:17.517 14260 14260 I Input   : injectMotionEvent: MotionEvent { action=ACTION_DOWN, actionButton=0, id[0]=0, x[0]=594.0, y[0]=330.0, toolType[0]=TOOL_TYPE_UNKNOWN, buttonState=0, metaState=0, flags=0x0, edgeFlags=0x0, pointerCount=1, historySize=0, eventTime=848793930, downTime=848793930, deviceId=0, source=0x1002 }
08-06 03:46:17.518 14254 14254 I ServiceManager: Waiting for service AtCmdFwd...
08-06 03:46:17.523 14260 14260 I Input   : injectMotionEvent: MotionEvent { action=ACTION_UP, actionButton=0, id[0]=0, x[0]=594.0, y[0]=330.0, toolType[0]=TOOL_TYPE_UNKNOWN, buttonState=0, metaState=0, flags=0x0, edgeFlags=0x0, pointerCount=1, historySize=0, eventTime=848793930, downTime=848793930, deviceId=0, source=0x1002 }
08-06 03:46:17.526 14260 14260 D AndroidRuntime: Shutting down VM
08-06 03:46:17.590  9266  9266 D NappaIntentExtras: ==================
08-06 03:46:17.590  9266  9266 D NappaIntentExtras: Log #4
08-06 03:46:17.590  9266  9266 D NappaIntentExtras: ------------------
08-06 03:46:17.590  9266  9266 D NappaIntentExtras: activity nappatfpr.com.newsblur.activity.GlobalSharedStoriesReading
08-06 03:46:17.590  9266  9266 D NappaIntentExtras: 	- No extras registered
08-06 03:46:17.590  9266  9266 D NappaIntentExtras: activity nappatfpr.com.newsblur.activity.AllSharedStoriesItemsList
08-06 03:46:17.590  9266  9266 D NappaIntentExtras: 	- No extras registered
08-06 03:46:17.591  9266  9266 D NappaIntentExtras: activity nappatfpr.com.newsblur.activity.AllSharedStoriesReading
08-06 03:46:17.591  9266  9266 D NappaIntentExtras: 	- No extras registered
08-06 03:46:17.591  9266  9266 D NappaIntentExtras: activity nappatfpr.com.newsblur.activity.GlobalSharedStoriesItemsList
08-06 03:46:17.591  9266  9266 D NappaIntentExtras: 	- 2 extras registered
08-06 03:46:17.591  9266  9266 D NappaIntentExtras: 	- story_hash : 0:d567e6
08-06 03:46:17.591  9266  9266 D NappaIntentExtras: 	- feed_set : nappatfpr.com.newsblur.util.FeedSet@e
08-06 03:46:17.591  9266  9266 D NappaIntentExtras: activity nappatfpr.com.newsblur.activity.Main
08-06 03:46:17.591  9266  9266 D NappaIntentExtras: 	- 1 extras registered
08-06 03:46:17.591  9266  9266 D NappaIntentExtras: 	- feed_set : nappatfpr.com.newsblur.util.FeedSet@e
08-06 03:46:17.591  9266  9266 D NappaIntentExtras: ==================
08-06 03:46:17.593  9266 13215 D Nappa   : PREFETCH_ON_EXTRA - notifyExtras- start
08-06 03:46:17.594   918  6111 I ActivityManager: START u0 {cmp=nappatfpr.com.newsblur/.activity.GlobalSharedStoriesItemsList (has extras)} from uid 10704 on display 0
08-06 03:46:17.594  9266 13215 I NAPPA_EXPERIMENTATION: MetricNappaPrefetchingStrategyExecutionTime: STRATEGY_CLASS='TfprPrefetchingStrategy',DURATION='977813',NUMBER_OF_URLS='0',NUMBER_OF_SELECTED_CHILDREN_NODES='2',NUMBER_OF_CHILDREN_NODES='2',STRATEGY_RUN_SUCCESSFULLY='True',
08-06 03:46:17.594  9266 13215 D TfprPrefetchingStrategy: ==================================
08-06 03:46:17.595  9266 13215 D TfprPrefetchingStrategy: Starting Run #7
08-06 03:46:17.595  9266 13215 D TfprPrefetchingStrategy: ----------------------------------
08-06 03:46:17.595  9266 13215 D TfprPrefetchingStrategy: Node data Main 
08-06 03:46:17.595  9266 13215 D TfprPrefetchingStrategy: 	Successors:
08-06 03:46:17.595  9266 13215 D TfprPrefetchingStrategy: 		GlobalSharedStoriesItemsList (1 hits)
08-06 03:46:17.595  9266 13215 D TfprPrefetchingStrategy: 		AllSharedStoriesItemsList (0 hits)
08-06 03:46:17.595  9266 13215 D TfprPrefetchingStrategy: 	Ancestors:
08-06 03:46:17.595  9266 13215 D TfprPrefetchingStrategy: 
08-06 03:46:17.595  9266 13215 D TfprPrefetchingStrategy: 
08-06 03:46:17.595  9266 13215 D TfprPrefetchingStrategy: MetricStrategyAccuracy inc execution count7 | act = false; extra = true
08-06 03:46:17.595  9266 13215 D TfprPrefetchingStrategy: ===
08-06 03:46:17.595  9266 13215 D TfprPrefetchingStrategy: calculateVisitTimeScores
08-06 03:46:17.595  9266 13215 D TfprPrefetchingStrategy: -------- Node GlobalSharedStoriesItemsList-----------
08-06 03:46:17.595  9266 13215 D TfprPrefetchingStrategy: tfprNode.aggregateVisitTime = 90240
08-06 03:46:17.595  9266 13215 D TfprPrefetchingStrategy: tfprNode.totalAggregateVisitTimeFromSuccessors = 82199
08-06 03:46:17.595  9266 13215 D TfprPrefetchingStrategy: tfprNode.aggregateVisitTimeFromSuccessors = {nappatfpr.com.newsblur.activity.GlobalSharedStoriesReading=82199}
08-06 03:46:17.595  9266 13215 D TfprPrefetchingStrategy: -------- Node Main-----------
08-06 03:46:17.595  9266 13215 D TfprPrefetchingStrategy: tfprNode.aggregateVisitTime = 38310
08-06 03:46:17.595  9266 13215 D TfprPrefetchingStrategy: tfprNode.totalAggregateVisitTimeFromSuccessors = 135177
08-06 03:46:17.595  9266 13215 D TfprPrefetchingStrategy: tfprNode.aggregateVisitTimeFromSuccessors = {nappatfpr.com.newsblur.activity.GlobalSharedStoriesItemsList=72169, nappatfpr.com.newsblur.activity.AllSharedStoriesItemsList=63008}
08-06 03:46:17.595  9266 13215 D TfprPrefetchingStrategy: -------- Node AllSharedStoriesItemsList-----------
08-06 03:46:17.595  9266 13215 D TfprPrefetchingStrategy: tfprNode.aggregateVisitTime = 78152
08-06 03:46:17.595  9266 13215 D TfprPrefetchingStrategy: tfprNode.totalAggregateVisitTimeFromSuccessors = 64098
08-06 03:46:17.595  9266 13215 D TfprPrefetchingStrategy: tfprNode.aggregateVisitTimeFromSuccessors = {nappatfpr.com.newsblur.activity.AllSharedStoriesReading=64098}
08-06 03:46:17.595  9266 13215 D TfprPrefetchingStrategy: -------- Graph -----------
08-06 03:46:17.595  9266 13215 D TfprPrefetchingStrategy: tfprGraph.aggregateVisitTimeFromSuccessors = 206702
08-06 03:46:17.595  9266 13215 D TfprPrefetchingStrategy: ===
08-06 03:46:17.595  9266 13215 D TfprPrefetchingStrategy: ===
08-06 03:46:17.595  9266 13215 D TfprPrefetchingStrategy: runTfprAlgorithm
08-06 03:46:17.595  9266 13215 D TfprPrefetchingStrategy: ------------- TFPR calculation #1 of 10 -----------
08-06 03:46:17.595  9266 13215 D TfprPrefetchingStrategy: node GlobalSharedStoriesItemsList score = 0.37108496
08-06 03:46:17.595  9266 13215 D TfprPrefetchingStrategy: node Main score = 0.15753838
08-06 03:46:17.595  9266 13215 D TfprPrefetchingStrategy: node AllSharedStoriesItemsList score = 0.33239132
08-06 03:46:17.596  9266 13215 D TfprPrefetchingStrategy: ------------- TFPR calculation #2 of 10 -----------
08-06 03:46:17.596  9266 13215 D TfprPrefetchingStrategy: node GlobalSharedStoriesItemsList score = 0.38370106
08-06 03:46:17.596  9266 13215 D TfprPrefetchingStrategy: node Main score = 0.15753838
08-06 03:46:17.596  9266 13215 D TfprPrefetchingStrategy: node AllSharedStoriesItemsList score = 0.33239132
08-06 03:46:17.596  9266 13215 D TfprPrefetchingStrategy: ------------- TFPR calculation #3 of 10 -----------
08-06 03:46:17.596  9266 13215 D TfprPrefetchingStrategy: node GlobalSharedStoriesItemsList score = 0.38370106
08-06 03:46:17.596  9266 13215 D TfprPrefetchingStrategy: node Main score = 0.15753838
08-06 03:46:17.596  9266 13215 D TfprPrefetchingStrategy: node AllSharedStoriesItemsList score = 0.33239132
08-06 03:46:17.596  9266 13215 D TfprPrefetchingStrategy: ------------- TFPR calculation #4 of 10 -----------
08-06 03:46:17.596  9266 13215 D TfprPrefetchingStrategy: node GlobalSharedStoriesItemsList score = 0.38370106
08-06 03:46:17.596  9266 13215 D TfprPrefetchingStrategy: node Main score = 0.15753838
08-06 03:46:17.596  9266 13215 D TfprPrefetchingStrategy: node AllSharedStoriesItemsList score = 0.33239132
08-06 03:46:17.596  9266 13215 D TfprPrefetchingStrategy: ------------- TFPR calculation #5 of 10 -----------
08-06 03:46:17.596  9266 13215 D TfprPrefetchingStrategy: node GlobalSharedStoriesItemsList score = 0.38370106
08-06 03:46:17.596  9266 13215 D TfprPrefetchingStrategy: node Main score = 0.15753838
08-06 03:46:17.596  9266 13215 D TfprPrefetchingStrategy: node AllSharedStoriesItemsList score = 0.33239132
08-06 03:46:17.596  9266 13215 D TfprPrefetchingStrategy: ------------- TFPR calculation #6 of 10 -----------
08-06 03:46:17.596  9266 13215 D TfprPrefetchingStrategy: node GlobalSharedStoriesItemsList score = 0.38370106
08-06 03:46:17.596  9266 13215 D TfprPrefetchingStrategy: node Main score = 0.15753838
08-06 03:46:17.597  9266 13215 D TfprPrefetchingStrategy: node AllSharedStoriesItemsList score = 0.33239132
08-06 03:46:17.597  9266 13215 D TfprPrefetchingStrategy: ------------- TFPR calculation #7 of 10 -----------
08-06 03:46:17.597  9266 13215 D TfprPrefetchingStrategy: node GlobalSharedStoriesItemsList score = 0.38370106
08-06 03:46:17.597  9266 13215 D TfprPrefetchingStrategy: node Main score = 0.15753838
08-06 03:46:17.597  9266 13215 D TfprPrefetchingStrategy: node AllSharedStoriesItemsList score = 0.33239132
08-06 03:46:17.597  9266 13215 D TfprPrefetchingStrategy: ------------- TFPR calculation #8 of 10 -----------
08-06 03:46:17.597  9266 13215 D TfprPrefetchingStrategy: node GlobalSharedStoriesItemsList score = 0.38370106
08-06 03:46:17.597  9266 13215 D TfprPrefetchingStrategy: node Main score = 0.15753838
08-06 03:46:17.597  9266 13215 D TfprPrefetchingStrategy: node AllSharedStoriesItemsList score = 0.33239132
08-06 03:46:17.597  9266 13215 D TfprPrefetchingStrategy: ------------- TFPR calculation #9 of 10 -----------
08-06 03:46:17.597  9266 13215 D TfprPrefetchingStrategy: node GlobalSharedStoriesItemsList score = 0.38370106
08-06 03:46:17.597  9266 13215 D TfprPrefetchingStrategy: node Main score = 0.15753838
08-06 03:46:17.597  9266 13215 D TfprPrefetchingStrategy: node AllSharedStoriesItemsList score = 0.33239132
08-06 03:46:17.597  9266 13215 D TfprPrefetchingStrategy: ------------- TFPR calculation #10 of 10 -----------
08-06 03:46:17.597  9266 13215 D TfprPrefetchingStrategy: node GlobalSharedStoriesItemsList score = 0.38370106
08-06 03:46:17.597  9266 13215 D TfprPrefetchingStrategy: node Main score = 0.15753838
08-06 03:46:17.598  9266 13215 D TfprPrefetchingStrategy: node AllSharedStoriesItemsList score = 0.33239132
08-06 03:46:17.598  9266 13215 D TfprPrefetchingStrategy: ===
08-06 03:46:17.598  9266 13215 D TfprPrefetchingStrategy: ===
08-06 03:46:17.598  9266 13215 D TfprPrefetchingStrategy: getSuccessorListSortByTfprScore
08-06 03:46:17.598  9266 13215 D TfprPrefetchingStrategy: Successors before the sort [TfprNode{GlobalSharedStoriesItemsList : TFPR = 0.38370106}, TfprNode{AllSharedStoriesItemsList : TFPR = 0.33239132}]
08-06 03:46:17.598  9266 13215 D TfprPrefetchingStrategy: Successors sorted by highest to lowest score (N2 - N1 comparator) are [TfprNode{GlobalSharedStoriesItemsList : TFPR = 0.38370106}, TfprNode{AllSharedStoriesItemsList : TFPR = 0.33239132}]
08-06 03:46:17.598  9266 13215 D TfprPrefetchingStrategy: Selected the following nodes:
08-06 03:46:17.598  9266 13215 D TfprPrefetchingStrategy: #1 - GlobalSharedStoriesItemsList with score 0.38370106
08-06 03:46:17.598  9266 13215 D TfprPrefetchingStrategy: #2 - AllSharedStoriesItemsList with score 0.33239132
08-06 03:46:17.598  9266 13215 D TfprPrefetchingStrategy: successors with high score = [GlobalSharedStoriesItemsList 
08-06 03:46:17.598  9266 13215 D TfprPrefetchingStrategy: 	Successors:
08-06 03:46:17.598  9266 13215 D TfprPrefetchingStrategy: 		GlobalSharedStoriesReading (2 hits)
08-06 03:46:17.598  9266 13215 D TfprPrefetchingStrategy: 	Ancestors:
08-06 03:46:17.598  9266 13215 D TfprPrefetchingStrategy: 		Main (0 hits)
08-06 03:46:17.598  9266 13215 D TfprPrefetchingStrategy: 
08-06 03:46:17.598  9266 13215 D TfprPrefetchingStrategy: , AllSharedStoriesItemsList 
08-06 03:46:17.598  9266 13215 D TfprPrefetchingStrategy: 	Successors:
08-06 03:46:17.598  9266 13215 D TfprPrefetchingStrategy: 		AllSharedStoriesReading (0 hits)
08-06 03:46:17.598  9266 13215 D TfprPrefetchingStrategy: 	Ancestors:
08-06 03:46:17.598  9266 13215 D TfprPrefetchingStrategy: 		Main (0 hits)
08-06 03:46:17.598  9266 13215 D TfprPrefetchingStrategy: 
08-06 03:46:17.598  9266 13215 D TfprPrefetchingStrategy: ]
08-06 03:46:17.598  9266 13215 D TfprPrefetchingStrategy: ===
