--------- beginning of main
08-06 05:20:43.335 30196 30196 D AndroidRuntime: >>>>>> START com.android.internal.os.RuntimeInit uid 2000 <<<<<<
08-06 05:20:43.342 30196 30196 D AndroidRuntime: CheckJNI is OFF
08-06 05:20:43.370 30196 30196 D ICU     : No timezone override file found: /data/misc/zoneinfo/current/icu/icu_tzdata.dat
08-06 05:20:43.399 30196 30196 I Radio-JNI: register_android_hardware_Radio DONE
08-06 05:20:43.416 30196 30196 D AndroidRuntime: Calling main entry com.android.commands.monkey.Monkey
--------- beginning of system
08-06 05:20:43.434   918   931 W BroadcastQueue: Skipping deliver [background] BroadcastRecord{c693800 u-1 android.net.conn.CONNECTIVITY_CHANGE} to ReceiverList{6b40e7e 30196 (unknown name)/2000/u-1 remote:efa1132}: process crashing
08-06 05:20:43.444   918  6112 I ActivityManager: START u0 {act=android.intent.action.MAIN cat=[android.intent.category.LAUNCHER] flg=0x10200000 cmp=baseline.com.newsblur/.activity.InitActivity} from uid 2000 on display 0
08-06 05:20:43.471   918   932 I sensors : batch
08-06 05:20:43.481 30196 30196 I art     : System.exit called, status: 0
08-06 05:20:43.481 30196 30196 I AndroidRuntime: VM exiting with result code 0.
08-06 05:20:43.482   918  3188 I hubconnection: sensorhub said: 'batch 31 flags:0, sampling_rate_Hz:15.00, max_report_latency_us:0'
08-06 05:20:43.485   918   932 I sensors : flush
08-06 05:20:43.494   918  3188 I hubconnection: sensorhub said: 'flush 31'
08-06 05:20:43.495   918  3188 I hubconnection: saw sensor 31 flushed
08-06 05:20:43.530 22687 22687 I baseline.com.newsblur.activity.InitActivity: cold launching version 9.0b1
08-06 05:20:43.540 22687 30211 D OpenGLRenderer: Use EGL_SWAP_BEHAVIOR_PRESERVED: true
08-06 05:20:43.554 16458  6583 I PBSessionCacheImpl: Deleted sessionId[72384646105454640] from persistence.
08-06 05:20:43.560 16458 16488 W SearchServiceCore: Abort, client detached.
08-06 05:20:43.561 16458 16488 I MicroDetectionState: Should stop hotword detection immediately - true
08-06 05:20:43.587 22687 30211 I Adreno  : QUALCOMM build                   : fcf4852, I1af360237c
08-06 05:20:43.587 22687 30211 I Adreno  : Build Date                       : 09/23/15
08-06 05:20:43.587 22687 30211 I Adreno  : OpenGL ES Shader Compiler Version: XE031.05.13.02
08-06 05:20:43.587 22687 30211 I Adreno  : Local Branch                     : mybranch14465806
08-06 05:20:43.587 22687 30211 I Adreno  : Remote Branch                    : quic/LA.BF64.1.2.9_v2
08-06 05:20:43.587 22687 30211 I Adreno  : Remote Branch                    : NONE
08-06 05:20:43.587 22687 30211 I Adreno  : Reconstruct Branch               : NOTHING
08-06 05:20:43.592 22687 30211 I OpenGLRenderer: Initialized EGL, version 1.4
08-06 05:20:43.594   918  6110 I ActivityManager: START u0 {cmp=baseline.com.newsblur/.activity.Main} from uid 10698 on display 0
08-06 05:20:43.621   918   929 W InputMethodManagerService: Focus gain on non-focused client com.android.internal.view.IInputMethodClient$Stub$Proxy@ca6ace1 (uid=10698 pid=22687)
08-06 05:20:43.771 22687 22687 I art     : Rejecting re-init on previously-failed class java.lang.Class<androidx.core.view.ViewCompat$OnUnhandledKeyEventListenerWrapper>
08-06 05:20:43.771 22687 22687 I art     : Rejecting re-init on previously-failed class java.lang.Class<androidx.core.view.ViewCompat$OnUnhandledKeyEventListenerWrapper>
08-06 05:20:43.801 22687 22687 E BitmapFactory: Unable to decode stream: java.io.FileNotFoundException: /data/user/0/baseline.com.newsblur/cache/userProfilePicture: open failed: ENOENT (No such file or directory)
08-06 05:20:43.899 22687 30219 I baseline.com.newsblur.service.NBSyncService: ready to sync feed list
08-06 05:20:43.943 13866 13866 I GoogleInputMethodServic: GoogleInputMethodService.onFinishInput():3138 
08-06 05:20:43.944 13866 13866 I GoogleInputMethodServic: GoogleInputMethodService.onStartInput():1808 
08-06 05:20:44.044   918   936 I ActivityManager: Displayed baseline.com.newsblur/.activity.Main: +422ms (total +590ms)
08-06 05:20:44.484 22687 30219 I NAPPA_EXPERIMENTATION: MetricNetworkRequestExecutionTime: REQUEST_DURATION_SYSTEM='581',REQUEST_DURATION_OKHTTP='36',REQUEST_SYNCHRONOUS='TRUE',RESPONSE_CODE='200',RESPONSE_METHOD='GET',RESPONSE_LENGTH_OKHTTP='-1',RESPONSE_LENGTH_HEADER='-2',REQUEST_PROTOCOL='http/1.1',REQUEST_URL='https://www.newsblur.com/reader/feeds/?update_counts=true',
08-06 05:20:44.484 22687 30219 D MY_TAG  : 0, 581
08-06 05:20:44.522 22687 30219 I baseline.com.newsblur.service.NBSyncService: got feed list: 1 feeds in  conn:581 read:3 parse:3 store:30
08-06 05:20:44.538 22687 30230 I baseline.com.newsblur.util.FileCache: have 0 files
08-06 05:20:44.538 22687 30230 I baseline.com.newsblur.util.FileCache: cleaned up 0 files
08-06 05:20:44.963 22687 30229 I NAPPA_EXPERIMENTATION: MetricNetworkRequestExecutionTime: REQUEST_DURATION_SYSTEM='435',REQUEST_DURATION_OKHTTP='36',REQUEST_SYNCHRONOUS='TRUE',RESPONSE_CODE='200',RESPONSE_METHOD='GET',RESPONSE_LENGTH_OKHTTP='-1',RESPONSE_LENGTH_HEADER='-2',REQUEST_PROTOCOL='http/1.1',REQUEST_URL='https://www.newsblur.com/reader/unread_story_hashes?include_timestamps=1',
08-06 05:20:44.964 22687 30229 D MY_TAG  : 0, 435
08-06 05:20:44.975 22687 30229 I baseline.com.newsblur.service.UnreadsService: starting unread count: 0
08-06 05:20:44.976 22687 30229 I baseline.com.newsblur.service.UnreadsService: new unread count:      0
08-06 05:20:44.976 22687 30229 I baseline.com.newsblur.service.UnreadsService: new unreads found:     0
08-06 05:20:44.977 22687 30229 I baseline.com.newsblur.service.UnreadsService: unreads to retire:     0
08-06 05:20:45.007 30240 30240 D AndroidRuntime: >>>>>> START com.android.internal.os.RuntimeInit uid 2000 <<<<<<
08-06 05:20:45.011 30240 30240 D AndroidRuntime: CheckJNI is OFF
08-06 05:20:45.036 30240 30240 D ICU     : No timezone override file found: /data/misc/zoneinfo/current/icu/icu_tzdata.dat
08-06 05:20:45.062 30240 30240 I Radio-JNI: register_android_hardware_Radio DONE
08-06 05:20:45.077 30240 30240 D AndroidRuntime: Calling main entry com.android.commands.am.Am
08-06 05:20:45.084  3167  3167 I Trepn   : Trepn 6.2s: Received intent: com.quicinc.trepn.start_profiling
08-06 05:20:45.166  3167  3167 W FileUtils: Failed to chmod(/storage/emulated/0/trepn/Trepn_2020.08.06_052045.db): android.system.ErrnoException: chmod failed: EPERM (Operation not permitted)
08-06 05:20:45.246  3167  3167 I Trepn   : Trepn 6.2s: Trepn has Started Profiling.
08-06 05:20:45.247 30240 30240 D AndroidRuntime: Shutting down VM
08-06 05:20:45.741 22687 22698 I art     : Starting a blocking GC Explicit
08-06 05:20:45.774 22687 22698 I art     : Explicit concurrent mark sweep GC freed 33178(2MB) AllocSpace objects, 53(1380KB) LOS objects, 37% free, 26MB/42MB, paused 257us total 32.524ms
08-06 05:20:45.781 22687 22698 I art     : Starting a blocking GC Explicit
08-06 05:20:45.794 22687 22698 I art     : Explicit concurrent mark sweep GC freed 1085(90KB) AllocSpace objects, 0(0B) LOS objects, 37% free, 26MB/42MB, paused 192us total 12.171ms
08-06 05:20:45.801 22687 22698 I art     : Starting a blocking GC Explicit
08-06 05:20:45.812 22687 22698 I art     : Explicit concurrent mark sweep GC freed 1470(111KB) AllocSpace objects, 0(0B) LOS objects, 38% free, 26MB/42MB, paused 176us total 11.175ms
08-06 05:20:45.818 22687 22698 I art     : Starting a blocking GC Explicit
08-06 05:20:45.829 22687 22698 I art     : Explicit concurrent mark sweep GC freed 3(96B) AllocSpace objects, 0(0B) LOS objects, 38% free, 26MB/42MB, paused 176us total 10.849ms
08-06 05:20:45.835 22687 22698 I art     : Starting a blocking GC Explicit
08-06 05:20:45.846 22687 22698 I art     : Explicit concurrent mark sweep GC freed 3(96B) AllocSpace objects, 0(0B) LOS objects, 38% free, 26MB/42MB, paused 166us total 11.038ms
08-06 05:20:46.130 22687 22699 I art     : Starting a blocking GC Explicit
08-06 05:20:46.151 22687 22699 I art     : Explicit concurrent mark sweep GC freed 1388(80KB) AllocSpace objects, 1(20KB) LOS objects, 38% free, 26MB/42MB, paused 215us total 20.045ms
08-06 05:20:46.161 22687 22699 I art     : Starting a blocking GC Explicit
08-06 05:20:46.175 22687 22699 I art     : Explicit concurrent mark sweep GC freed 20(704B) AllocSpace objects, 0(0B) LOS objects, 38% free, 26MB/42MB, paused 185us total 14.094ms
08-06 05:20:46.181 22687 22699 I art     : Starting a blocking GC Explicit
08-06 05:20:46.193 22687 22699 I art     : Explicit concurrent mark sweep GC freed 3(96B) AllocSpace objects, 0(0B) LOS objects, 38% free, 26MB/42MB, paused 183us total 11.653ms
08-06 05:20:46.200 22687 22699 I art     : Starting a blocking GC Explicit
08-06 05:20:46.212 22687 22699 I art     : Explicit concurrent mark sweep GC freed 3(96B) AllocSpace objects, 0(0B) LOS objects, 38% free, 26MB/42MB, paused 177us total 11.904ms
08-06 05:20:46.219 22687 22699 I art     : Starting a blocking GC Explicit
08-06 05:20:46.230 22687 22699 I art     : Explicit concurrent mark sweep GC freed 3(96B) AllocSpace objects, 0(0B) LOS objects, 38% free, 26MB/42MB, paused 173us total 10.907ms
08-06 05:20:46.517 22687 22698 I art     : Starting a blocking GC Explicit
08-06 05:20:46.531 22687 22698 I art     : Explicit concurrent mark sweep GC freed 1379(80KB) AllocSpace objects, 1(20KB) LOS objects, 38% free, 26MB/42MB, paused 213us total 14.271ms
08-06 05:20:46.539 22687 22698 I art     : Starting a blocking GC Explicit
08-06 05:20:46.552 22687 22698 I art     : Explicit concurrent mark sweep GC freed 20(704B) AllocSpace objects, 0(0B) LOS objects, 38% free, 26MB/42MB, paused 249us total 12.476ms
08-06 05:20:46.559 22687 22698 I art     : Starting a blocking GC Explicit
08-06 05:20:46.570 22687 22698 I art     : Explicit concurrent mark sweep GC freed 3(96B) AllocSpace objects, 0(0B) LOS objects, 38% free, 26MB/42MB, paused 179us total 11.121ms
08-06 05:20:46.576 22687 22698 I art     : Starting a blocking GC Explicit
08-06 05:20:46.587 22687 22698 I art     : Explicit concurrent mark sweep GC freed 3(96B) AllocSpace objects, 0(0B) LOS objects, 38% free, 26MB/42MB, paused 167us total 10.980ms
08-06 05:20:46.593 22687 22698 I art     : Starting a blocking GC Explicit
08-06 05:20:46.604 22687 22698 I art     : Explicit concurrent mark sweep GC freed 3(96B) AllocSpace objects, 0(0B) LOS objects, 38% free, 26MB/42MB, paused 162us total 11.117ms
08-06 05:20:46.917 22687 22699 I art     : Starting a blocking GC Explicit
08-06 05:20:46.938 22687 22699 I art     : Explicit concurrent mark sweep GC freed 1378(80KB) AllocSpace objects, 1(20KB) LOS objects, 38% free, 26MB/42MB, paused 235us total 20.382ms
08-06 05:20:46.951 22687 22699 I art     : Starting a blocking GC Explicit
08-06 05:20:46.964 22687 22699 I art     : Explicit concurrent mark sweep GC freed 20(704B) AllocSpace objects, 0(0B) LOS objects, 38% free, 26MB/42MB, paused 168us total 12.901ms
08-06 05:20:46.970 22687 22699 I art     : Starting a blocking GC Explicit
08-06 05:20:46.982 22687 22699 I art     : Explicit concurrent mark sweep GC freed 3(96B) AllocSpace objects, 0(0B) LOS objects, 38% free, 26MB/42MB, paused 184us total 11.479ms
08-06 05:20:46.988 22687 22699 I art     : Starting a blocking GC Explicit
08-06 05:20:46.999 22687 22699 I art     : Explicit concurrent mark sweep GC freed 3(96B) AllocSpace objects, 0(0B) LOS objects, 38% free, 26MB/42MB, paused 177us total 11.316ms
08-06 05:20:47.005 22687 22699 I art     : Starting a blocking GC Explicit
08-06 05:20:47.017 22687 22699 I art     : Explicit concurrent mark sweep GC freed 3(96B) AllocSpace objects, 0(0B) LOS objects, 38% free, 26MB/42MB, paused 203us total 11.287ms
08-06 05:20:47.327 22687 22698 I art     : Starting a blocking GC Explicit
08-06 05:20:47.344 22687 22698 I art     : Explicit concurrent mark sweep GC freed 1377(80KB) AllocSpace objects, 1(20KB) LOS objects, 38% free, 26MB/42MB, paused 231us total 16.865ms
08-06 05:20:47.354 22687 22698 I art     : Starting a blocking GC Explicit
08-06 05:20:47.370 22687 22698 I art     : Explicit concurrent mark sweep GC freed 20(704B) AllocSpace objects, 0(0B) LOS objects, 38% free, 26MB/42MB, paused 203us total 15.707ms
08-06 05:20:47.378 22687 22698 I art     : Starting a blocking GC Explicit
08-06 05:20:47.390 22687 22698 I art     : Explicit concurrent mark sweep GC freed 3(96B) AllocSpace objects, 0(0B) LOS objects, 38% free, 26MB/42MB, paused 175us total 11.737ms
08-06 05:20:47.396 22687 22698 I art     : Starting a blocking GC Explicit
08-06 05:20:47.408 22687 22698 I art     : Explicit concurrent mark sweep GC freed 3(96B) AllocSpace objects, 0(0B) LOS objects, 38% free, 26MB/42MB, paused 173us total 11.895ms
08-06 05:20:47.415 22687 22698 I art     : Starting a blocking GC Explicit
08-06 05:20:47.426 22687 22698 I art     : Explicit concurrent mark sweep GC freed 3(96B) AllocSpace objects, 0(0B) LOS objects, 38% free, 26MB/42MB, paused 170us total 11.345ms
08-06 05:20:47.721 22687 22699 I art     : Starting a blocking GC Explicit
08-06 05:20:47.737 22687 22699 I art     : Explicit concurrent mark sweep GC freed 1375(79KB) AllocSpace objects, 1(20KB) LOS objects, 38% free, 26MB/42MB, paused 329us total 16.437ms
08-06 05:20:47.746 22687 22699 I art     : Starting a blocking GC Explicit
08-06 05:20:47.758 22687 22699 I art     : Explicit concurrent mark sweep GC freed 20(704B) AllocSpace objects, 0(0B) LOS objects, 38% free, 26MB/42MB, paused 189us total 11.879ms
08-06 05:20:47.765 22687 22699 I art     : Starting a blocking GC Explicit
08-06 05:20:47.777 22687 22699 I art     : Explicit concurrent mark sweep GC freed 3(96B) AllocSpace objects, 0(0B) LOS objects, 38% free, 26MB/42MB, paused 183us total 11.850ms
08-06 05:20:47.783 22687 22699 I art     : Starting a blocking GC Explicit
08-06 05:20:47.794 22687 22699 I art     : Explicit concurrent mark sweep GC freed 3(96B) AllocSpace objects, 0(0B) LOS objects, 38% free, 26MB/42MB, paused 181us total 11.580ms
08-06 05:20:47.801 22687 22699 I art     : Starting a blocking GC Explicit
08-06 05:20:47.813 22687 22699 I art     : Explicit concurrent mark sweep GC freed 3(96B) AllocSpace objects, 0(0B) LOS objects, 38% free, 26MB/42MB, paused 178us total 11.663ms
08-06 05:20:48.108 22687 22698 I art     : Starting a blocking GC Explicit
08-06 05:20:48.126 22687 22698 I art     : Explicit concurrent mark sweep GC freed 1376(79KB) AllocSpace objects, 1(20KB) LOS objects, 38% free, 26MB/42MB, paused 240us total 17.418ms
08-06 05:20:48.136 22687 22698 I art     : Starting a blocking GC Explicit
08-06 05:20:48.151 22687 22698 I art     : Explicit concurrent mark sweep GC freed 20(704B) AllocSpace objects, 0(0B) LOS objects, 38% free, 26MB/42MB, paused 203us total 15.083ms
08-06 05:20:48.160 22687 22698 I art     : Starting a blocking GC Explicit
08-06 05:20:48.171 22687 22698 I art     : Explicit concurrent mark sweep GC freed 3(96B) AllocSpace objects, 0(0B) LOS objects, 38% free, 26MB/42MB, paused 172us total 11.519ms
08-06 05:20:48.178 22687 22698 I art     : Starting a blocking GC Explicit
08-06 05:20:48.189 22687 22698 I art     : Explicit concurrent mark sweep GC freed 3(96B) AllocSpace objects, 0(0B) LOS objects, 38% free, 26MB/42MB, paused 178us total 11.053ms
08-06 05:20:48.195 22687 22698 I art     : Starting a blocking GC Explicit
08-06 05:20:48.207 22687 22698 I art     : Explicit concurrent mark sweep GC freed 3(96B) AllocSpace objects, 0(0B) LOS objects, 38% free, 26MB/42MB, paused 180us total 11.912ms
08-06 05:20:48.501 22687 22699 I art     : Starting a blocking GC Explicit
08-06 05:20:48.518 22687 22699 I art     : Explicit concurrent mark sweep GC freed 1376(79KB) AllocSpace objects, 1(20KB) LOS objects, 38% free, 26MB/42MB, paused 222us total 16.784ms
08-06 05:20:48.528 22687 22699 I art     : Starting a blocking GC Explicit
08-06 05:20:48.542 22687 22699 I art     : Explicit concurrent mark sweep GC freed 20(704B) AllocSpace objects, 0(0B) LOS objects, 38% free, 26MB/42MB, paused 190us total 14.049ms
08-06 05:20:48.552 22687 22699 I art     : Starting a blocking GC Explicit
08-06 05:20:48.563 22687 22699 I art     : Explicit concurrent mark sweep GC freed 3(96B) AllocSpace objects, 0(0B) LOS objects, 38% free, 26MB/42MB, paused 160us total 10.943ms
08-06 05:20:48.564 24405 24405 I ServiceManager: Waiting for service AtCmdFwd...
08-06 05:20:48.569 22687 22699 I art     : Starting a blocking GC Explicit
08-06 05:20:48.580 22687 22699 I art     : Explicit concurrent mark sweep GC freed 3(96B) AllocSpace objects, 0(0B) LOS objects, 38% free, 26MB/42MB, paused 180us total 11.353ms
08-06 05:20:48.586 22687 22699 I art     : Starting a blocking GC Explicit
08-06 05:20:48.598 22687 22699 I art     : Explicit concurrent mark sweep GC freed 3(96B) AllocSpace objects, 0(0B) LOS objects, 38% free, 26MB/42MB, paused 175us total 11.172ms
08-06 05:20:48.819   918   918 I ActivityManager: Start proc 30350:nappagreedy.com.newsblur/u0a701 for service nappagreedy.com.newsblur/.service.NBSyncService
08-06 05:20:48.820 30350 30350 I art     : Late-enabling -Xcheck:jni
08-06 05:20:48.858 30350 30350 W System  : ClassLoader referenced unknown path: /data/app/nappagreedy.com.newsblur-1/lib/arm64
08-06 05:20:48.906 22687 22699 I art     : Starting a blocking GC Explicit
08-06 05:20:48.921 22687 22699 I art     : Explicit concurrent mark sweep GC freed 3997(409KB) AllocSpace objects, 18(360KB) LOS objects, 38% free, 26MB/42MB, paused 213us total 14.258ms
08-06 05:20:48.927 22687 22699 I art     : Starting a blocking GC Explicit
08-06 05:20:48.939 22687 22699 I art     : Explicit concurrent mark sweep GC freed 230(9KB) AllocSpace objects, 0(0B) LOS objects, 38% free, 26MB/42MB, paused 182us total 11.330ms
08-06 05:20:48.945 22687 22699 I art     : Starting a blocking GC Explicit
08-06 05:20:48.957 22687 22699 I art     : Explicit concurrent mark sweep GC freed 3(96B) AllocSpace objects, 0(0B) LOS objects, 38% free, 26MB/42MB, paused 175us total 11.290ms
08-06 05:20:48.963 22687 22699 I art     : Starting a blocking GC Explicit
08-06 05:20:48.975 22687 22699 I art     : Explicit concurrent mark sweep GC freed 3(96B) AllocSpace objects, 0(0B) LOS objects, 38% free, 26MB/42MB, paused 179us total 11.325ms
08-06 05:20:48.981 22687 22699 I art     : Starting a blocking GC Explicit
08-06 05:20:48.992 22687 22699 I art     : Explicit concurrent mark sweep GC freed 3(96B) AllocSpace objects, 0(0B) LOS objects, 38% free, 26MB/42MB, paused 184us total 11.490ms
08-06 05:20:49.288 22687 22698 I art     : Starting a blocking GC Explicit
08-06 05:20:49.302 22687 22698 I art     : Explicit concurrent mark sweep GC freed 1378(80KB) AllocSpace objects, 1(20KB) LOS objects, 38% free, 26MB/42MB, paused 208us total 14.027ms
08-06 05:20:49.309 22687 22698 I art     : Starting a blocking GC Explicit
08-06 05:20:49.322 22687 22698 I art     : Explicit concurrent mark sweep GC freed 20(704B) AllocSpace objects, 0(0B) LOS objects, 38% free, 26MB/42MB, paused 182us total 12.515ms
08-06 05:20:49.328 22687 22698 I art     : Starting a blocking GC Explicit
08-06 05:20:49.340 22687 22698 I art     : Explicit concurrent mark sweep GC freed 3(96B) AllocSpace objects, 0(0B) LOS objects, 38% free, 26MB/42MB, paused 180us total 11.856ms
08-06 05:20:49.346 22687 22698 I art     : Starting a blocking GC Explicit
08-06 05:20:49.358 22687 22698 I art     : Explicit concurrent mark sweep GC freed 3(96B) AllocSpace objects, 0(0B) LOS objects, 38% free, 26MB/42MB, paused 182us total 11.723ms
08-06 05:20:49.365 22687 22698 I art     : Starting a blocking GC Explicit
08-06 05:20:49.377 22687 22698 I art     : Explicit concurrent mark sweep GC freed 3(96B) AllocSpace objects, 0(0B) LOS objects, 38% free, 26MB/42MB, paused 251us total 11.907ms
08-06 05:20:49.564 24405 24405 I ServiceManager: Waiting for service AtCmdFwd...
08-06 05:20:49.656 22687 22699 I art     : Starting a blocking GC Explicit
08-06 05:20:49.669 22687 22699 I art     : Explicit concurrent mark sweep GC freed 1375(79KB) AllocSpace objects, 1(20KB) LOS objects, 38% free, 26MB/42MB, paused 209us total 12.215ms
08-06 05:20:49.675 22687 22699 I art     : Starting a blocking GC Explicit
08-06 05:20:49.687 22687 22699 I art     : Explicit concurrent mark sweep GC freed 20(704B) AllocSpace objects, 0(0B) LOS objects, 38% free, 26MB/42MB, paused 206us total 11.648ms
08-06 05:20:49.693 22687 22699 I art     : Starting a blocking GC Explicit
08-06 05:20:49.704 22687 22699 I art     : Explicit concurrent mark sweep GC freed 3(96B) AllocSpace objects, 0(0B) LOS objects, 38% free, 26MB/42MB, paused 166us total 10.760ms
08-06 05:20:49.710 22687 22699 I art     : Starting a blocking GC Explicit
08-06 05:20:49.721 22687 22699 I art     : Explicit concurrent mark sweep GC freed 3(96B) AllocSpace objects, 0(0B) LOS objects, 38% free, 26MB/42MB, paused 172us total 10.912ms
08-06 05:20:49.727 22687 22699 I art     : Starting a blocking GC Explicit
08-06 05:20:49.737 22687 22699 I art     : Explicit concurrent mark sweep GC freed 3(96B) AllocSpace objects, 0(0B) LOS objects, 38% free, 26MB/42MB, paused 214us total 9.807ms
08-06 05:20:50.026 22687 22698 I art     : Starting a blocking GC Explicit
08-06 05:20:50.041 22687 22698 I art     : Explicit concurrent mark sweep GC freed 1376(79KB) AllocSpace objects, 1(20KB) LOS objects, 38% free, 26MB/42MB, paused 263us total 14.089ms
08-06 05:20:50.048 22687 22698 I art     : Starting a blocking GC Explicit
08-06 05:20:50.060 22687 22698 I art     : Explicit concurrent mark sweep GC freed 20(704B) AllocSpace objects, 0(0B) LOS objects, 38% free, 26MB/42MB, paused 183us total 11.155ms
08-06 05:20:50.065 22687 22698 I art     : Starting a blocking GC Explicit
08-06 05:20:50.076 22687 22698 I art     : Explicit concurrent mark sweep GC freed 3(96B) AllocSpace objects, 0(0B) LOS objects, 38% free, 26MB/42MB, paused 168us total 10.293ms
08-06 05:20:50.081 22687 22698 I art     : Starting a blocking GC Explicit
08-06 05:20:50.092 22687 22698 I art     : Explicit concurrent mark sweep GC freed 3(96B) AllocSpace objects, 0(0B) LOS objects, 38% free, 26MB/42MB, paused 169us total 10.377ms
08-06 05:20:50.098 22687 22698 I art     : Starting a blocking GC Explicit
08-06 05:20:50.108 22687 22698 I art     : Explicit concurrent mark sweep GC freed 3(96B) AllocSpace objects, 0(0B) LOS objects, 38% free, 26MB/42MB, paused 159us total 9.850ms
08-06 05:20:50.389 22687 22699 I art     : Starting a blocking GC Explicit
08-06 05:20:50.402 22687 22699 I art     : Explicit concurrent mark sweep GC freed 1376(79KB) AllocSpace objects, 1(20KB) LOS objects, 38% free, 26MB/42MB, paused 200us total 12.447ms
08-06 05:20:50.406 30411 30411 D AndroidRuntime: >>>>>> START com.android.internal.os.RuntimeInit uid 2000 <<<<<<
08-06 05:20:50.408 22687 22699 I art     : Starting a blocking GC Explicit
08-06 05:20:50.410 30411 30411 D AndroidRuntime: CheckJNI is OFF
08-06 05:20:50.421 22687 22699 I art     : Explicit concurrent mark sweep GC freed 20(704B) AllocSpace objects, 0(0B) LOS objects, 38% free, 26MB/42MB, paused 201us total 12.137ms
08-06 05:20:50.427 22687 22699 I art     : Starting a blocking GC Explicit
08-06 05:20:50.439 22687 22699 I art     : Explicit concurrent mark sweep GC freed 3(96B) AllocSpace objects, 0(0B) LOS objects, 38% free, 26MB/42MB, paused 212us total 11.840ms
08-06 05:20:50.441 30411 30411 D ICU     : No timezone override file found: /data/misc/zoneinfo/current/icu/icu_tzdata.dat
08-06 05:20:50.445 22687 22699 I art     : Starting a blocking GC Explicit
08-06 05:20:50.456 22687 22699 I art     : Explicit concurrent mark sweep GC freed 3(96B) AllocSpace objects, 0(0B) LOS objects, 38% free, 26MB/42MB, paused 175us total 11.083ms
08-06 05:20:50.462 22687 22699 I art     : Starting a blocking GC Explicit
08-06 05:20:50.466 30411 30411 I Radio-JNI: register_android_hardware_Radio DONE
08-06 05:20:50.473 22687 22699 I art     : Explicit concurrent mark sweep GC freed 3(96B) AllocSpace objects, 0(0B) LOS objects, 38% free, 26MB/42MB, paused 194us total 11.051ms
08-06 05:20:50.483 30411 30411 D AndroidRuntime: Calling main entry com.android.commands.input.Input
08-06 05:20:50.484 30411 30411 I Input   : injectMotionEvent: MotionEvent { action=ACTION_DOWN, actionButton=0, id[0]=0, x[0]=594.0, y[0]=330.0, toolType[0]=TOOL_TYPE_UNKNOWN, buttonState=0, metaState=0, flags=0x0, edgeFlags=0x0, pointerCount=1, historySize=0, eventTime=854466897, downTime=854466897, deviceId=0, source=0x1002 }
08-06 05:20:50.489 30411 30411 I Input   : injectMotionEvent: MotionEvent { action=ACTION_UP, actionButton=0, id[0]=0, x[0]=594.0, y[0]=330.0, toolType[0]=TOOL_TYPE_UNKNOWN, buttonState=0, metaState=0, flags=0x0, edgeFlags=0x0, pointerCount=1, historySize=0, eventTime=854466897, downTime=854466897, deviceId=0, source=0x1002 }
08-06 05:20:50.490 30411 30411 D AndroidRuntime: Shutting down VM
08-06 05:20:50.559   918  4413 I ActivityManager: START u0 {cmp=baseline.com.newsblur/.activity.GlobalSharedStoriesItemsList (has extras)} from uid 10698 on display 0
08-06 05:20:50.565 24405 24405 I ServiceManager: Waiting for service AtCmdFwd...
08-06 05:20:50.584 22687 30435 I baseline.com.newsblur.database.BlurDatabaseHelper: reading session reset
08-06 05:20:50.696 22687 22699 I art     : Starting a blocking GC Explicit
08-06 05:20:50.710 22687 22699 I art     : Explicit concurrent mark sweep GC freed 6434(518KB) AllocSpace objects, 8(284KB) LOS objects, 36% free, 27MB/43MB, paused 200us total 13.701ms
08-06 05:20:50.717 22687 22699 I art     : Starting a blocking GC Explicit
08-06 05:20:50.728 22687 22687 W View    : requestLayout() improperly called by android.widget.FrameLayout{12f7e10 V.E...... ......ID 0,0-1440,0 #7f07003f app:id/footer_view_inner} during layout: running second layout pass
08-06 05:20:50.728 22687 22687 W View    : requestLayout() improperly called by android.widget.FrameLayout{a01bd09 V.E...... ......ID 0,0-1440,2091 #7f07003f app:id/footer_view_inner} during layout: running second layout pass
08-06 05:20:50.731 22687 22699 I art     : Explicit concurrent mark sweep GC freed 663(54KB) AllocSpace objects, 1(20KB) LOS objects, 36% free, 27MB/43MB, paused 378us total 13.900ms
08-06 05:20:50.737 22687 22699 I art     : Starting a blocking GC Explicit
08-06 05:20:50.745   918   936 I ActivityManager: Displayed baseline.com.newsblur/.activity.GlobalSharedStoriesItemsList: +174ms
08-06 05:20:50.746 13866 13866 I GoogleInputMethodServic: GoogleInputMethodService.onFinishInput():3138 
08-06 05:20:50.747 13866 13866 I GoogleInputMethodServic: GoogleInputMethodService.onStartInput():1808 
08-06 05:20:50.751 22687 22699 I art     : Explicit concurrent mark sweep GC freed 962(46KB) AllocSpace objects, 0(0B) LOS objects, 36% free, 27MB/43MB, paused 2.485ms total 14.696ms
08-06 05:20:50.758 22687 22699 I art     : Starting a blocking GC Explicit
08-06 05:20:50.773 22687 22699 I art     : Explicit concurrent mark sweep GC freed 807(104KB) AllocSpace objects, 5(100KB) LOS objects, 36% free, 27MB/43MB, paused 317us total 15.142ms
08-06 05:20:50.779 22687 22699 I art     : Starting a blocking GC Explicit
08-06 05:20:50.791 22687 22699 I art     : Explicit concurrent mark sweep GC freed 119(5KB) AllocSpace objects, 0(0B) LOS objects, 36% free, 27MB/43MB, paused 255us total 11.800ms
08-06 05:20:51.035 22687 22699 I art     : Starting a blocking GC Explicit
08-06 05:20:51.050 22687 22699 I art     : Explicit concurrent mark sweep GC freed 1769(113KB) AllocSpace objects, 2(40KB) LOS objects, 36% free, 27MB/43MB, paused 311us total 15.311ms
08-06 05:20:51.057 22687 22699 I art     : Starting a blocking GC Explicit
08-06 05:20:51.070 22687 22699 I art     : Explicit concurrent mark sweep GC freed 54(1888B) AllocSpace objects, 0(0B) LOS objects, 36% free, 27MB/43MB, paused 217us total 12.681ms
08-06 05:20:51.075 22687 22699 I art     : Starting a blocking GC Explicit
08-06 05:20:51.087 22687 22699 I art     : Explicit concurrent mark sweep GC freed 4(128B) AllocSpace objects, 0(0B) LOS objects, 36% free, 27MB/43MB, paused 317us total 11.719ms
08-06 05:20:51.092 22687 22699 I art     : Starting a blocking GC Explicit
08-06 05:20:51.104 22687 22699 I art     : Explicit concurrent mark sweep GC freed 5(160B) AllocSpace objects, 0(0B) LOS objects, 36% free, 27MB/43MB, paused 219us total 11.870ms
08-06 05:20:51.110 22687 22699 I art     : Starting a blocking GC Explicit
08-06 05:20:51.122 22687 22699 I art     : Explicit concurrent mark sweep GC freed 4(128B) AllocSpace objects, 0(0B) LOS objects, 36% free, 27MB/43MB, paused 221us total 11.977ms
08-06 05:20:51.336 22687 30450 I NAPPA_EXPERIMENTATION: MetricNetworkRequestExecutionTime: REQUEST_DURATION_SYSTEM='574',REQUEST_DURATION_OKHTTP='36',REQUEST_SYNCHRONOUS='TRUE',RESPONSE_CODE='200',RESPONSE_METHOD='GET',RESPONSE_LENGTH_OKHTTP='-1',RESPONSE_LENGTH_HEADER='13047',REQUEST_PROTOCOL='http/1.1',REQUEST_URL='https://www.newsblur.com/social/river_stories?order=newest&page=1&read_filter=all&global_feed=true',
08-06 05:20:51.337 22687 30450 D MY_TAG  : 0, 574
08-06 05:20:51.387 22687 30447 I art     : Starting a blocking GC Explicit
08-06 05:20:51.421 22687 30447 I art     : Explicit concurrent mark sweep GC freed 33870(2MB) AllocSpace objects, 21(688KB) LOS objects, 36% free, 28MB/44MB, paused 587us total 32.687ms
08-06 05:20:51.429 22687 30447 I art     : Starting a blocking GC Explicit
08-06 05:20:51.445 22687 30447 I art     : Explicit concurrent mark sweep GC freed 2397(255KB) AllocSpace objects, 8(248KB) LOS objects, 36% free, 27MB/43MB, paused 375us total 15.929ms
08-06 05:20:51.451 22687 30447 I art     : Starting a blocking GC Explicit
08-06 05:20:51.463 22687 30447 I art     : Explicit concurrent mark sweep GC freed 1375(247KB) AllocSpace objects, 12(240KB) LOS objects, 36% free, 27MB/43MB, paused 208us total 11.992ms
08-06 05:20:51.469 22687 30447 I art     : Starting a blocking GC Explicit
08-06 05:20:51.481 22687 30447 I art     : Explicit concurrent mark sweep GC freed 1167(62KB) AllocSpace objects, 1(20KB) LOS objects, 36% free, 27MB/43MB, paused 443us total 11.895ms
08-06 05:20:51.486 22687 30447 I art     : Starting a blocking GC Explicit
08-06 05:20:51.499 22687 30447 I art     : Explicit concurrent mark sweep GC freed 335(19KB) AllocSpace objects, 0(0B) LOS objects, 36% free, 27MB/43MB, paused 439us total 12.949ms
08-06 05:20:51.565 24405 24405 I ServiceManager: Waiting for service AtCmdFwd...
08-06 05:20:51.575 22687 30481 I NAPPA_EXPERIMENTATION: MetricNetworkRequestExecutionTime: REQUEST_DURATION_SYSTEM='35',REQUEST_DURATION_OKHTTP='31',REQUEST_SYNCHRONOUS='TRUE',RESPONSE_CODE='200',RESPONSE_METHOD='GET',RESPONSE_LENGTH_OKHTTP='43',RESPONSE_LENGTH_HEADER='43',REQUEST_PROTOCOL='http/1.1',REQUEST_URL='http://feeds.feedburner.com/~r/retort/~4/UffaFMiJbNs',
08-06 05:20:51.758 22687 30447 I art     : Starting a blocking GC Explicit
08-06 05:20:51.777 22687 30447 I art     : Explicit concurrent mark sweep GC freed 4507(281KB) AllocSpace objects, 7(140KB) LOS objects, 36% free, 28MB/44MB, paused 551us total 18.502ms
08-06 05:20:51.786 22687 30447 I art     : Starting a blocking GC Explicit
08-06 05:20:51.806 22687 30447 I art     : Explicit concurrent mark sweep GC freed 4201(266KB) AllocSpace objects, 2(120KB) LOS objects, 36% free, 28MB/44MB, paused 869us total 20.620ms
08-06 05:20:51.813 22687 30447 I art     : Starting a blocking GC Explicit
08-06 05:20:51.828 22687 30447 I art     : Explicit concurrent mark sweep GC freed 6820(354KB) AllocSpace objects, 1(80KB) LOS objects, 36% free, 28MB/44MB, paused 485us total 14.877ms
08-06 05:20:51.834 22687 30447 I art     : Starting a blocking GC Explicit
08-06 05:20:51.849 22687 30447 I art     : Explicit concurrent mark sweep GC freed 421(17KB) AllocSpace objects, 0(0B) LOS objects, 36% free, 28MB/44MB, paused 454us total 14.350ms
08-06 05:20:51.855 22687 30447 I art     : Starting a blocking GC Explicit
08-06 05:20:51.868 22687 30447 I art     : Explicit concurrent mark sweep GC freed 1786(71KB) AllocSpace objects, 0(0B) LOS objects, 36% free, 28MB/44MB, paused 488us total 13.546ms
08-06 05:20:51.984 22687 30482 I NAPPA_EXPERIMENTATION: MetricNetworkRequestExecutionTime: REQUEST_DURATION_SYSTEM='463',REQUEST_DURATION_OKHTTP='64',REQUEST_SYNCHRONOUS='TRUE',RESPONSE_CODE='200',RESPONSE_METHOD='GET',RESPONSE_LENGTH_OKHTTP='243',RESPONSE_LENGTH_HEADER='243',REQUEST_PROTOCOL='http/1.1',REQUEST_URL='https://s3.amazonaws.com/icons.newsblur.com/18178.png',
08-06 05:20:51.986 22687 30483 I NAPPA_EXPERIMENTATION: MetricNetworkRequestExecutionTime: REQUEST_DURATION_SYSTEM='437',REQUEST_DURATION_OKHTTP='177',REQUEST_SYNCHRONOUS='TRUE',RESPONSE_CODE='200',RESPONSE_METHOD='GET',RESPONSE_LENGTH_OKHTTP='79351',RESPONSE_LENGTH_HEADER='79351',REQUEST_PROTOCOL='h2',REQUEST_URL='https://images.fastcompany.net/image/upload/w_1280,q_auto,f_auto,fl_lossy/wp-cms/uploads/2020/07/p-1-90532920-this-chart-shows-how-effective-masks-can-be.png',
08-06 05:20:52.014 22687 30480 I NAPPA_EXPERIMENTATION: MetricNetworkRequestExecutionTime: REQUEST_DURATION_SYSTEM='499',REQUEST_DURATION_OKHTTP='87',REQUEST_SYNCHRONOUS='TRUE',RESPONSE_CODE='200',RESPONSE_METHOD='GET',RESPONSE_LENGTH_OKHTTP='145',RESPONSE_LENGTH_HEADER='145',REQUEST_PROTOCOL='http/1.1',REQUEST_URL='https://s3.amazonaws.com/icons.newsblur.com/6882243.png',
08-06 05:20:52.039 22687 30484 I NAPPA_EXPERIMENTATION: MetricNetworkRequestExecutionTime: REQUEST_DURATION_SYSTEM='510',REQUEST_DURATION_OKHTTP='115',REQUEST_SYNCHRONOUS='TRUE',RESPONSE_CODE='200',RESPONSE_METHOD='GET',RESPONSE_LENGTH_OKHTTP='477',RESPONSE_LENGTH_HEADER='477',REQUEST_PROTOCOL='http/1.1',REQUEST_URL='https://s3.amazonaws.com/icons.newsblur.com/5762506.png',
08-06 05:20:52.129 22687 30447 I art     : Starting a blocking GC Explicit
08-06 05:20:52.146 22687 30447 I art     : Explicit concurrent mark sweep GC freed 9429(536KB) AllocSpace objects, 14(3MB) LOS objects, 34% free, 30MB/46MB, paused 311us total 17.166ms
08-06 05:20:52.153 22687 30447 I art     : Starting a blocking GC Explicit
08-06 05:20:52.168 22687 30447 I art     : Explicit concurrent mark sweep GC freed 310(10KB) AllocSpace objects, 0(0B) LOS objects, 34% free, 30MB/46MB, paused 315us total 14.895ms
08-06 05:20:52.176 22687 30447 I art     : Starting a blocking GC Explicit
08-06 05:20:52.190 22687 30447 I art     : Explicit concurrent mark sweep GC freed 3(96B) AllocSpace objects, 0(0B) LOS objects, 34% free, 30MB/46MB, paused 300us total 14.287ms
08-06 05:20:52.197 22687 30447 I art     : Starting a blocking GC Explicit
08-06 05:20:52.211 22687 30447 I art     : Explicit concurrent mark sweep GC freed 3(96B) AllocSpace objects, 0(0B) LOS objects, 34% free, 30MB/46MB, paused 289us total 13.855ms
08-06 05:20:52.217 22687 30447 I art     : Starting a blocking GC Explicit
08-06 05:20:52.232 22687 30447 I art     : Explicit concurrent mark sweep GC freed 3(96B) AllocSpace objects, 0(0B) LOS objects, 34% free, 30MB/46MB, paused 342us total 14.434ms
08-06 05:20:52.517 22687 22699 I art     : Starting a blocking GC Explicit
08-06 05:20:52.535 22687 22699 I art     : Explicit concurrent mark sweep GC freed 1387(82KB) AllocSpace objects, 1(20KB) LOS objects, 34% free, 30MB/46MB, paused 358us total 17.783ms
08-06 05:20:52.546 22687 22699 I art     : Starting a blocking GC Explicit
08-06 05:20:52.561 22687 22699 I art     : Explicit concurrent mark sweep GC freed 20(704B) AllocSpace objects, 0(0B) LOS objects, 34% free, 30MB/46MB, paused 339us total 14.805ms
08-06 05:20:52.566 24405 24405 I ServiceManager: Waiting for service AtCmdFwd...
08-06 05:20:52.567 22687 22699 I art     : Starting a blocking GC Explicit
08-06 05:20:52.582 22687 22699 I art     : Explicit concurrent mark sweep GC freed 3(96B) AllocSpace objects, 0(0B) LOS objects, 34% free, 30MB/46MB, paused 325us total 14.652ms
08-06 05:20:52.589 22687 22699 I art     : Starting a blocking GC Explicit
08-06 05:20:52.603 22687 22699 I art     : Explicit concurrent mark sweep GC freed 3(96B) AllocSpace objects, 0(0B) LOS objects, 34% free, 30MB/46MB, paused 330us total 14.659ms
08-06 05:20:52.610 22687 22699 I art     : Starting a blocking GC Explicit
08-06 05:20:52.624 22687 22699 I art     : Explicit concurrent mark sweep GC freed 3(96B) AllocSpace objects, 0(0B) LOS objects, 34% free, 30MB/46MB, paused 327us total 14.285ms
08-06 05:20:52.926 22687 22698 I art     : Starting a blocking GC Explicit
08-06 05:20:52.945 22687 22698 I art     : Explicit concurrent mark sweep GC freed 1387(80KB) AllocSpace objects, 1(20KB) LOS objects, 34% free, 30MB/46MB, paused 363us total 18.440ms
08-06 05:20:52.955 22687 22698 I art     : Starting a blocking GC Explicit
08-06 05:20:52.970 22687 22698 I art     : Explicit concurrent mark sweep GC freed 20(704B) AllocSpace objects, 0(0B) LOS objects, 34% free, 30MB/46MB, paused 330us total 14.564ms
08-06 05:20:52.976 22687 22698 I art     : Starting a blocking GC Explicit
08-06 05:20:52.991 22687 22698 I art     : Explicit concurrent mark sweep GC freed 3(96B) AllocSpace objects, 0(0B) LOS objects, 34% free, 30MB/46MB, paused 322us total 14.585ms
08-06 05:20:52.997 22687 22698 I art     : Starting a blocking GC Explicit
08-06 05:20:53.012 22687 22698 I art     : Explicit concurrent mark sweep GC freed 3(96B) AllocSpace objects, 0(0B) LOS objects, 34% free, 30MB/46MB, paused 326us total 14.325ms
08-06 05:20:53.018 22687 22698 I art     : Starting a blocking GC Explicit
08-06 05:20:53.033 22687 22698 I art     : Explicit concurrent mark sweep GC freed 3(96B) AllocSpace objects, 0(0B) LOS objects, 34% free, 30MB/46MB, paused 325us total 14.539ms
08-06 05:20:53.338 22687 30447 I art     : Starting a blocking GC Explicit
08-06 05:20:53.357 22687 30447 I art     : Explicit concurrent mark sweep GC freed 1386(80KB) AllocSpace objects, 1(20KB) LOS objects, 34% free, 30MB/46MB, paused 372us total 18.688ms
08-06 05:20:53.366 22687 30447 I art     : Starting a blocking GC Explicit
08-06 05:20:53.381 22687 30447 I art     : Explicit concurrent mark sweep GC freed 20(704B) AllocSpace objects, 0(0B) LOS objects, 34% free, 30MB/46MB, paused 324us total 15.175ms
08-06 05:20:53.388 22687 30447 I art     : Starting a blocking GC Explicit
08-06 05:20:53.403 22687 30447 I art     : Explicit concurrent mark sweep GC freed 3(96B) AllocSpace objects, 0(0B) LOS objects, 34% free, 30MB/46MB, paused 328us total 15ms
08-06 05:20:53.409 22687 30447 I art     : Starting a blocking GC Explicit
08-06 05:20:53.424 22687 30447 I art     : Explicit concurrent mark sweep GC freed 3(96B) AllocSpace objects, 0(0B) LOS objects, 34% free, 30MB/46MB, paused 307us total 14.569ms
08-06 05:20:53.431 22687 30447 I art     : Starting a blocking GC Explicit
08-06 05:20:53.446 22687 30447 I art     : Explicit concurrent mark sweep GC freed 3(96B) AllocSpace objects, 0(0B) LOS objects, 34% free, 30MB/46MB, paused 328us total 14.958ms
08-06 05:20:53.566 24405 24405 W Atfwd_Sendcmd: AtCmdFwd service not published, waiting... retryCnt : 4
08-06 05:20:53.758 22687 22699 I art     : Starting a blocking GC Explicit
08-06 05:20:53.778 22687 22699 I art     : Explicit concurrent mark sweep GC freed 1386(80KB) AllocSpace objects, 1(20KB) LOS objects, 34% free, 30MB/46MB, paused 394us total 18.894ms
08-06 05:20:53.788 22687 22699 I art     : Starting a blocking GC Explicit
08-06 05:20:53.803 22687 22699 I art     : Explicit concurrent mark sweep GC freed 20(704B) AllocSpace objects, 0(0B) LOS objects, 34% free, 30MB/46MB, paused 302us total 14.563ms
08-06 05:20:53.809 22687 22699 I art     : Starting a blocking GC Explicit
08-06 05:20:53.824 22687 22699 I art     : Explicit concurrent mark sweep GC freed 3(96B) AllocSpace objects, 0(0B) LOS objects, 34% free, 30MB/46MB, paused 356us total 14.320ms
08-06 05:20:53.830 22687 22699 I art     : Starting a blocking GC Explicit
08-06 05:20:53.845 22687 22699 I art     : Explicit concurrent mark sweep GC freed 3(96B) AllocSpace objects, 0(0B) LOS objects, 34% free, 30MB/46MB, paused 296us total 14.485ms
08-06 05:20:53.851 22687 22699 I art     : Starting a blocking GC Explicit
08-06 05:20:53.865 22687 22699 I art     : Explicit concurrent mark sweep GC freed 3(96B) AllocSpace objects, 0(0B) LOS objects, 34% free, 30MB/46MB, paused 357us total 13.975ms
08-06 05:20:54.204 22687 22698 I art     : Starting a blocking GC Explicit
08-06 05:20:54.224 22687 22698 I art     : Explicit concurrent mark sweep GC freed 1387(80KB) AllocSpace objects, 1(20KB) LOS objects, 34% free, 30MB/46MB, paused 428us total 19.596ms
08-06 05:20:54.232 22687 22698 I art     : Starting a blocking GC Explicit
08-06 05:20:54.248 22687 22698 I art     : Explicit concurrent mark sweep GC freed 20(704B) AllocSpace objects, 0(0B) LOS objects, 34% free, 30MB/46MB, paused 333us total 15.628ms
08-06 05:20:54.254 22687 22698 I art     : Starting a blocking GC Explicit
08-06 05:20:54.269 22687 22698 I art     : Explicit concurrent mark sweep GC freed 3(96B) AllocSpace objects, 0(0B) LOS objects, 34% free, 30MB/46MB, paused 360us total 14.548ms
08-06 05:20:54.275 22687 22698 I art     : Starting a blocking GC Explicit
08-06 05:20:54.290 22687 22698 I art     : Explicit concurrent mark sweep GC freed 3(96B) AllocSpace objects, 0(0B) LOS objects, 34% free, 30MB/46MB, paused 329us total 14.578ms
08-06 05:20:54.297 22687 22698 I art     : Starting a blocking GC Explicit
08-06 05:20:54.312 22687 22698 I art     : Explicit concurrent mark sweep GC freed 3(96B) AllocSpace objects, 0(0B) LOS objects, 34% free, 30MB/46MB, paused 325us total 14.946ms
08-06 05:20:54.628 22687 30447 I art     : Starting a blocking GC Explicit
08-06 05:20:54.648 22687 30447 I art     : Explicit concurrent mark sweep GC freed 1386(80KB) AllocSpace objects, 1(20KB) LOS objects, 34% free, 30MB/46MB, paused 360us total 18.954ms
08-06 05:20:54.657 22687 30447 I art     : Starting a blocking GC Explicit
08-06 05:20:54.672 22687 30447 I art     : Explicit concurrent mark sweep GC freed 20(704B) AllocSpace objects, 0(0B) LOS objects, 34% free, 30MB/46MB, paused 327us total 14.577ms
08-06 05:20:54.678 22687 30447 I art     : Starting a blocking GC Explicit
08-06 05:20:54.693 22687 30447 I art     : Explicit concurrent mark sweep GC freed 3(96B) AllocSpace objects, 0(0B) LOS objects, 34% free, 30MB/46MB, paused 319us total 14.552ms
08-06 05:20:54.699 22687 30447 I art     : Starting a blocking GC Explicit
08-06 05:20:54.714 22687 30447 I art     : Explicit concurrent mark sweep GC freed 3(96B) AllocSpace objects, 0(0B) LOS objects, 34% free, 30MB/46MB, paused 319us total 14.399ms
08-06 05:20:54.720 22687 30447 I art     : Starting a blocking GC Explicit
08-06 05:20:54.735 22687 30447 I art     : Explicit concurrent mark sweep GC freed 3(96B) AllocSpace objects, 0(0B) LOS objects, 34% free, 30MB/46MB, paused 324us total 14.733ms
08-06 05:20:55.028 22687 22699 I art     : Starting a blocking GC Explicit
08-06 05:20:55.046 22687 22699 I art     : Explicit concurrent mark sweep GC freed 1386(80KB) AllocSpace objects, 1(20KB) LOS objects, 34% free, 30MB/46MB, paused 413us total 17.740ms
08-06 05:20:55.056 22687 22699 I art     : Starting a blocking GC Explicit
08-06 05:20:55.071 22687 22699 I art     : Explicit concurrent mark sweep GC freed 20(704B) AllocSpace objects, 0(0B) LOS objects, 34% free, 30MB/46MB, paused 367us total 14.672ms
08-06 05:20:55.077 22687 22699 I art     : Starting a blocking GC Explicit
08-06 05:20:55.092 22687 22699 I art     : Explicit concurrent mark sweep GC freed 3(96B) AllocSpace objects, 0(0B) LOS objects, 34% free, 30MB/46MB, paused 361us total 14.663ms
08-06 05:20:55.098 22687 22699 I art     : Starting a blocking GC Explicit
08-06 05:20:55.113 22687 22699 I art     : Explicit concurrent mark sweep GC freed 3(96B) AllocSpace objects, 0(0B) LOS objects, 34% free, 30MB/46MB, paused 377us total 14.692ms
08-06 05:20:55.120 22687 22699 I art     : Starting a blocking GC Explicit
08-06 05:20:55.134 22687 22699 I art     : Explicit concurrent mark sweep GC freed 3(96B) AllocSpace objects, 0(0B) LOS objects, 34% free, 30MB/46MB, paused 313us total 14.003ms
08-06 05:20:55.438 22687 22698 I art     : Starting a blocking GC Explicit
08-06 05:20:55.456 22687 22698 I art     : Explicit concurrent mark sweep GC freed 1386(80KB) AllocSpace objects, 1(20KB) LOS objects, 34% free, 30MB/46MB, paused 348us total 18.037ms
08-06 05:20:55.465 22687 22698 I art     : Starting a blocking GC Explicit
08-06 05:20:55.481 22687 22698 I art     : Explicit concurrent mark sweep GC freed 20(704B) AllocSpace objects, 0(0B) LOS objects, 34% free, 30MB/46MB, paused 323us total 15.265ms
08-06 05:20:55.487 22687 22698 I art     : Starting a blocking GC Explicit
08-06 05:20:55.502 22687 22698 I art     : Explicit concurrent mark sweep GC freed 3(96B) AllocSpace objects, 0(0B) LOS objects, 34% free, 30MB/46MB, paused 304us total 14.708ms
08-06 05:20:55.508 22687 22698 I art     : Starting a blocking GC Explicit
08-06 05:20:55.523 22687 22698 I art     : Explicit concurrent mark sweep GC freed 3(96B) AllocSpace objects, 0(0B) LOS objects, 34% free, 30MB/46MB, paused 329us total 14.862ms
08-06 05:20:55.530 22687 22698 I art     : Starting a blocking GC Explicit
08-06 05:20:55.545 22687 22698 I art     : Explicit concurrent mark sweep GC freed 3(96B) AllocSpace objects, 0(0B) LOS objects, 34% free, 30MB/46MB, paused 313us total 14.683ms
08-06 05:20:55.860 22687 30447 I art     : Starting a blocking GC Explicit
08-06 05:20:55.879 22687 30447 I art     : Explicit concurrent mark sweep GC freed 1386(80KB) AllocSpace objects, 1(20KB) LOS objects, 34% free, 30MB/46MB, paused 437us total 19.117ms
08-06 05:20:55.889 22687 30447 I art     : Starting a blocking GC Explicit
08-06 05:20:55.903 22687 30447 I art     : Explicit concurrent mark sweep GC freed 20(704B) AllocSpace objects, 0(0B) LOS objects, 34% free, 30MB/46MB, paused 329us total 14.571ms
08-06 05:20:55.910 22687 30447 I art     : Starting a blocking GC Explicit
08-06 05:20:55.924 22687 30447 I art     : Explicit concurrent mark sweep GC freed 3(96B) AllocSpace objects, 0(0B) LOS objects, 34% free, 30MB/46MB, paused 320us total 14.624ms
08-06 05:20:55.931 22687 30447 I art     : Starting a blocking GC Explicit
08-06 05:20:55.945 22687 30447 I art     : Explicit concurrent mark sweep GC freed 3(96B) AllocSpace objects, 0(0B) LOS objects, 34% free, 30MB/46MB, paused 319us total 14.521ms
08-06 05:20:55.952 22687 30447 I art     : Starting a blocking GC Explicit
08-06 05:20:55.966 22687 30447 I art     : Explicit concurrent mark sweep GC freed 3(96B) AllocSpace objects, 0(0B) LOS objects, 34% free, 30MB/46MB, paused 313us total 14.375ms
08-06 05:20:56.270 22687 22699 I art     : Starting a blocking GC Explicit
08-06 05:20:56.289 22687 22699 I art     : Explicit concurrent mark sweep GC freed 1386(80KB) AllocSpace objects, 1(20KB) LOS objects, 34% free, 30MB/46MB, paused 369us total 18.744ms
08-06 05:20:56.299 22687 22699 I art     : Starting a blocking GC Explicit
08-06 05:20:56.313 22687 22699 I art     : Explicit concurrent mark sweep GC freed 20(704B) AllocSpace objects, 0(0B) LOS objects, 34% free, 30MB/46MB, paused 325us total 14.714ms
08-06 05:20:56.320 22687 22699 I art     : Starting a blocking GC Explicit
08-06 05:20:56.334 22687 22699 I art     : Explicit concurrent mark sweep GC freed 3(96B) AllocSpace objects, 0(0B) LOS objects, 34% free, 30MB/46MB, paused 319us total 14.545ms
08-06 05:20:56.341 22687 22699 I art     : Starting a blocking GC Explicit
08-06 05:20:56.355 22687 22699 I art     : Explicit concurrent mark sweep GC freed 3(96B) AllocSpace objects, 0(0B) LOS objects, 34% free, 30MB/46MB, paused 315us total 14.214ms
08-06 05:20:56.361 22687 22699 I art     : Starting a blocking GC Explicit
08-06 05:20:56.376 22687 22699 I art     : Explicit concurrent mark sweep GC freed 3(96B) AllocSpace objects, 0(0B) LOS objects, 34% free, 30MB/46MB, paused 344us total 14.654ms
08-06 05:20:56.705 22687 22698 I art     : Starting a blocking GC Explicit
08-06 05:20:56.724 22687 22698 I art     : Explicit concurrent mark sweep GC freed 1386(80KB) AllocSpace objects, 1(20KB) LOS objects, 34% free, 30MB/46MB, paused 331us total 18.241ms
08-06 05:20:56.734 22687 22698 I art     : Starting a blocking GC Explicit
08-06 05:20:56.749 22687 22698 I art     : Explicit concurrent mark sweep GC freed 20(704B) AllocSpace objects, 0(0B) LOS objects, 34% free, 30MB/46MB, paused 326us total 15.152ms
08-06 05:20:56.755 22687 22698 I art     : Starting a blocking GC Explicit
08-06 05:20:56.770 22687 22698 I art     : Explicit concurrent mark sweep GC freed 3(96B) AllocSpace objects, 0(0B) LOS objects, 34% free, 30MB/46MB, paused 328us total 14.946ms
08-06 05:20:56.777 22687 22698 I art     : Starting a blocking GC Explicit
08-06 05:20:56.792 22687 22698 I art     : Explicit concurrent mark sweep GC freed 3(96B) AllocSpace objects, 0(0B) LOS objects, 34% free, 30MB/46MB, paused 301us total 14.545ms
08-06 05:20:56.798 22687 22698 I art     : Starting a blocking GC Explicit
08-06 05:20:56.812 22687 22698 I art     : Explicit concurrent mark sweep GC freed 3(96B) AllocSpace objects, 0(0B) LOS objects, 34% free, 30MB/46MB, paused 304us total 13.987ms
08-06 05:20:57.107 22687 30447 I art     : Starting a blocking GC Explicit
08-06 05:20:57.126 22687 30447 I art     : Explicit concurrent mark sweep GC freed 1386(80KB) AllocSpace objects, 1(20KB) LOS objects, 34% free, 30MB/46MB, paused 341us total 18.243ms
08-06 05:20:57.134 22687 30447 I art     : Starting a blocking GC Explicit
08-06 05:20:57.150 22687 30447 I art     : Explicit concurrent mark sweep GC freed 20(704B) AllocSpace objects, 0(0B) LOS objects, 34% free, 30MB/46MB, paused 330us total 15.177ms
08-06 05:20:57.156 22687 30447 I art     : Starting a blocking GC Explicit
08-06 05:20:57.171 22687 30447 I art     : Explicit concurrent mark sweep GC freed 3(96B) AllocSpace objects, 0(0B) LOS objects, 34% free, 30MB/46MB, paused 301us total 14.803ms
08-06 05:20:57.178 22687 30447 I art     : Starting a blocking GC Explicit
08-06 05:20:57.192 22687 30447 I art     : Explicit concurrent mark sweep GC freed 3(96B) AllocSpace objects, 0(0B) LOS objects, 34% free, 30MB/46MB, paused 306us total 14.611ms
08-06 05:20:57.199 22687 30447 I art     : Starting a blocking GC Explicit
08-06 05:20:57.213 22687 30447 I art     : Explicit concurrent mark sweep GC freed 3(96B) AllocSpace objects, 0(0B) LOS objects, 34% free, 30MB/46MB, paused 309us total 14.284ms
08-06 05:20:57.533 22687 22699 I art     : Starting a blocking GC Explicit
08-06 05:20:57.553 22687 22699 I art     : Explicit concurrent mark sweep GC freed 1386(80KB) AllocSpace objects, 1(20KB) LOS objects, 34% free, 30MB/46MB, paused 365us total 19.075ms
08-06 05:20:57.564 22687 22699 I art     : Starting a blocking GC Explicit
08-06 05:20:57.578 22687 22699 I art     : Explicit concurrent mark sweep GC freed 20(704B) AllocSpace objects, 0(0B) LOS objects, 34% free, 30MB/46MB, paused 326us total 14.340ms
08-06 05:20:57.584 22687 22699 I art     : Starting a blocking GC Explicit
08-06 05:20:57.599 22687 22699 I art     : Explicit concurrent mark sweep GC freed 3(96B) AllocSpace objects, 0(0B) LOS objects, 34% free, 30MB/46MB, paused 332us total 14.677ms
08-06 05:20:57.605 22687 22699 I art     : Starting a blocking GC Explicit
08-06 05:20:57.620 22687 22699 I art     : Explicit concurrent mark sweep GC freed 3(96B) AllocSpace objects, 0(0B) LOS objects, 34% free, 30MB/46MB, paused 324us total 14.420ms
08-06 05:20:57.626 22687 22699 I art     : Starting a blocking GC Explicit
08-06 05:20:57.641 22687 22699 I art     : Explicit concurrent mark sweep GC freed 3(96B) AllocSpace objects, 0(0B) LOS objects, 34% free, 30MB/46MB, paused 319us total 14.581ms
08-06 05:20:57.937 22687 22698 I art     : Starting a blocking GC Explicit
08-06 05:20:57.954 22687 22698 I art     : Explicit concurrent mark sweep GC freed 1386(80KB) AllocSpace objects, 1(20KB) LOS objects, 34% free, 30MB/46MB, paused 360us total 16.976ms
08-06 05:20:57.961 22687 22698 I art     : Starting a blocking GC Explicit
08-06 05:20:57.977 22687 22698 I art     : Explicit concurrent mark sweep GC freed 20(704B) AllocSpace objects, 0(0B) LOS objects, 34% free, 30MB/46MB, paused 439us total 15.653ms
08-06 05:20:57.984 22687 22698 I art     : Starting a blocking GC Explicit
08-06 05:20:57.999 22687 22698 I art     : Explicit concurrent mark sweep GC freed 3(96B) AllocSpace objects, 0(0B) LOS objects, 34% free, 30MB/46MB, paused 390us total 15.232ms
08-06 05:20:58.006 22687 22698 I art     : Starting a blocking GC Explicit
08-06 05:20:58.021 22687 22698 I art     : Explicit concurrent mark sweep GC freed 3(96B) AllocSpace objects, 0(0B) LOS objects, 34% free, 30MB/46MB, paused 330us total 14.885ms
08-06 05:20:58.027 22687 22698 I art     : Starting a blocking GC Explicit
08-06 05:20:58.042 22687 22698 I art     : Explicit concurrent mark sweep GC freed 3(96B) AllocSpace objects, 0(0B) LOS objects, 34% free, 30MB/46MB, paused 325us total 14.907ms
08-06 05:20:58.355 22687 30447 I art     : Starting a blocking GC Explicit
08-06 05:20:58.374 22687 30447 I art     : Explicit concurrent mark sweep GC freed 1386(80KB) AllocSpace objects, 1(20KB) LOS objects, 34% free, 30MB/46MB, paused 345us total 18.611ms
08-06 05:20:58.385 22687 30447 I art     : Starting a blocking GC Explicit
08-06 05:20:58.400 22687 30447 I art     : Explicit concurrent mark sweep GC freed 20(704B) AllocSpace objects, 0(0B) LOS objects, 34% free, 30MB/46MB, paused 327us total 14.671ms
08-06 05:20:58.406 22687 30447 I art     : Starting a blocking GC Explicit
08-06 05:20:58.420 22687 30447 I art     : Explicit concurrent mark sweep GC freed 3(96B) AllocSpace objects, 0(0B) LOS objects, 34% free, 30MB/46MB, paused 291us total 13.401ms
08-06 05:20:58.426 22687 30447 I art     : Starting a blocking GC Explicit
08-06 05:20:58.440 22687 30447 I art     : Explicit concurrent mark sweep GC freed 3(96B) AllocSpace objects, 0(0B) LOS objects, 34% free, 30MB/46MB, paused 321us total 14.244ms
08-06 05:20:58.446 22687 30447 I art     : Starting a blocking GC Explicit
08-06 05:20:58.461 22687 30447 I art     : Explicit concurrent mark sweep GC freed 3(96B) AllocSpace objects, 0(0B) LOS objects, 34% free, 30MB/46MB, paused 351us total 14.684ms
08-06 05:20:58.783 22687 22699 I art     : Starting a blocking GC Explicit
08-06 05:20:58.803 22687 22699 I art     : Explicit concurrent mark sweep GC freed 1386(80KB) AllocSpace objects, 1(20KB) LOS objects, 34% free, 30MB/46MB, paused 363us total 19.426ms
08-06 05:20:58.812 22687 22699 I art     : Starting a blocking GC Explicit
08-06 05:20:58.826 22687 22699 I art     : Explicit concurrent mark sweep GC freed 20(704B) AllocSpace objects, 0(0B) LOS objects, 34% free, 30MB/46MB, paused 311us total 14.421ms
08-06 05:20:58.833 22687 22699 I art     : Starting a blocking GC Explicit
08-06 05:20:58.847 22687 22699 I art     : Explicit concurrent mark sweep GC freed 3(96B) AllocSpace objects, 0(0B) LOS objects, 34% free, 30MB/46MB, paused 338us total 14.476ms
08-06 05:20:58.853 22687 22699 I art     : Starting a blocking GC Explicit
08-06 05:20:58.868 22687 22699 I art     : Explicit concurrent mark sweep GC freed 3(96B) AllocSpace objects, 0(0B) LOS objects, 34% free, 30MB/46MB, paused 324us total 14.482ms
08-06 05:20:58.874 22687 22699 I art     : Starting a blocking GC Explicit
08-06 05:20:58.889 22687 22699 I art     : Explicit concurrent mark sweep GC freed 3(96B) AllocSpace objects, 0(0B) LOS objects, 34% free, 30MB/46MB, paused 298us total 14.463ms
08-06 05:20:59.192 22687 22698 I art     : Starting a blocking GC Explicit
08-06 05:20:59.211 22687 22698 I art     : Explicit concurrent mark sweep GC freed 1386(80KB) AllocSpace objects, 1(20KB) LOS objects, 34% free, 30MB/46MB, paused 395us total 19.038ms
08-06 05:20:59.218 22687 22698 I art     : Starting a blocking GC Explicit
08-06 05:20:59.234 22687 22698 I art     : Explicit concurrent mark sweep GC freed 20(704B) AllocSpace objects, 0(0B) LOS objects, 34% free, 30MB/46MB, paused 339us total 15.339ms
08-06 05:20:59.234 22687 22697 I art     : WaitForGcToComplete blocked for 10.592ms for cause HeapTrim
08-06 05:20:59.241 22687 22698 I art     : Starting a blocking GC Explicit
08-06 05:20:59.256 22687 22698 I art     : Explicit concurrent mark sweep GC freed 3(96B) AllocSpace objects, 0(0B) LOS objects, 34% free, 30MB/46MB, paused 321us total 14.918ms
08-06 05:20:59.262 22687 22698 I art     : Starting a blocking GC Explicit
08-06 05:20:59.277 22687 22698 I art     : Explicit concurrent mark sweep GC freed 3(96B) AllocSpace objects, 0(0B) LOS objects, 34% free, 30MB/46MB, paused 334us total 14.830ms
08-06 05:20:59.284 22687 22698 I art     : Starting a blocking GC Explicit
08-06 05:20:59.299 22687 22698 I art     : Explicit concurrent mark sweep GC freed 3(96B) AllocSpace objects, 0(0B) LOS objects, 34% free, 30MB/46MB, paused 325us total 14.631ms
08-06 05:20:59.633 22687 30447 I art     : Starting a blocking GC Explicit
08-06 05:20:59.652 22687 30447 I art     : Explicit concurrent mark sweep GC freed 1386(80KB) AllocSpace objects, 1(20KB) LOS objects, 34% free, 30MB/46MB, paused 354us total 19.135ms
08-06 05:20:59.663 22687 30447 I art     : Starting a blocking GC Explicit
08-06 05:20:59.678 22687 30447 I art     : Explicit concurrent mark sweep GC freed 20(704B) AllocSpace objects, 0(0B) LOS objects, 34% free, 30MB/46MB, paused 299us total 14.713ms
08-06 05:20:59.684 22687 30447 I art     : Starting a blocking GC Explicit
08-06 05:20:59.699 22687 30447 I art     : Explicit concurrent mark sweep GC freed 3(96B) AllocSpace objects, 0(0B) LOS objects, 34% free, 30MB/46MB, paused 354us total 14.609ms
08-06 05:20:59.705 22687 30447 I art     : Starting a blocking GC Explicit
08-06 05:20:59.720 22687 30447 I art     : Explicit concurrent mark sweep GC freed 3(96B) AllocSpace objects, 0(0B) LOS objects, 34% free, 30MB/46MB, paused 314us total 14.880ms
08-06 05:20:59.726 22687 30447 I art     : Starting a blocking GC Explicit
08-06 05:20:59.741 22687 30447 I art     : Explicit concurrent mark sweep GC freed 3(96B) AllocSpace objects, 0(0B) LOS objects, 34% free, 30MB/46MB, paused 320us total 14.619ms
08-06 05:21:00.039 22687 22699 I art     : Starting a blocking GC Explicit
08-06 05:21:00.056 22687 22699 I art     : Explicit concurrent mark sweep GC freed 1386(80KB) AllocSpace objects, 1(20KB) LOS objects, 34% free, 30MB/46MB, paused 351us total 16.454ms
08-06 05:21:00.062 22687 22699 I art     : Starting a blocking GC Explicit
08-06 05:21:00.078 22687 22699 I art     : Explicit concurrent mark sweep GC freed 20(704B) AllocSpace objects, 0(0B) LOS objects, 34% free, 30MB/46MB, paused 293us total 15.492ms
08-06 05:21:00.084 22687 22699 I art     : Starting a blocking GC Explicit
08-06 05:21:00.099 22687 22699 I art     : Explicit concurrent mark sweep GC freed 3(96B) AllocSpace objects, 0(0B) LOS objects, 34% free, 30MB/46MB, paused 346us total 14.464ms
08-06 05:21:00.105 22687 22699 I art     : Starting a blocking GC Explicit
08-06 05:21:00.120 22687 22699 I art     : Explicit concurrent mark sweep GC freed 3(96B) AllocSpace objects, 0(0B) LOS objects, 34% free, 30MB/46MB, paused 323us total 14.362ms
08-06 05:21:00.126 22687 22699 I art     : Starting a blocking GC Explicit
08-06 05:21:00.141 22687 22699 I art     : Explicit concurrent mark sweep GC freed 3(96B) AllocSpace objects, 0(0B) LOS objects, 34% free, 30MB/46MB, paused 296us total 14.487ms
08-06 05:21:00.459 22687 22698 I art     : Starting a blocking GC Explicit
08-06 05:21:00.477 22687 22698 I art     : Explicit concurrent mark sweep GC freed 1386(80KB) AllocSpace objects, 1(20KB) LOS objects, 34% free, 30MB/46MB, paused 450us total 18.342ms
08-06 05:21:00.488 22687 22698 I art     : Starting a blocking GC Explicit
08-06 05:21:00.503 22687 22698 I art     : Explicit concurrent mark sweep GC freed 20(704B) AllocSpace objects, 0(0B) LOS objects, 34% free, 30MB/46MB, paused 363us total 14.539ms
08-06 05:21:00.509 22687 22698 I art     : Starting a blocking GC Explicit
08-06 05:21:00.523 22687 22698 I art     : Explicit concurrent mark sweep GC freed 3(96B) AllocSpace objects, 0(0B) LOS objects, 34% free, 30MB/46MB, paused 314us total 13.924ms
08-06 05:21:00.529 22687 22698 I art     : Starting a blocking GC Explicit
08-06 05:21:00.543 22687 22698 I art     : Explicit concurrent mark sweep GC freed 3(96B) AllocSpace objects, 0(0B) LOS objects, 34% free, 30MB/46MB, paused 306us total 14.019ms
08-06 05:21:00.550 22687 22698 I art     : Starting a blocking GC Explicit
08-06 05:21:00.564 22687 22698 I art     : Explicit concurrent mark sweep GC freed 3(96B) AllocSpace objects, 0(0B) LOS objects, 34% free, 30MB/46MB, paused 317us total 14.564ms
08-06 05:21:00.833 22687 30447 I art     : Starting a blocking GC Explicit
08-06 05:21:00.849 22687 30447 I art     : Explicit concurrent mark sweep GC freed 1386(80KB) AllocSpace objects, 1(20KB) LOS objects, 34% free, 30MB/46MB, paused 379us total 15.533ms
08-06 05:21:00.855 22687 30447 I art     : Starting a blocking GC Explicit
08-06 05:21:00.871 22687 30447 I art     : Explicit concurrent mark sweep GC freed 20(704B) AllocSpace objects, 0(0B) LOS objects, 34% free, 30MB/46MB, paused 342us total 15.513ms
08-06 05:21:00.878 22687 30447 I art     : Starting a blocking GC Explicit
08-06 05:21:00.892 22687 30447 I art     : Explicit concurrent mark sweep GC freed 3(96B) AllocSpace objects, 0(0B) LOS objects, 34% free, 30MB/46MB, paused 319us total 14.025ms
08-06 05:21:00.898 22687 30447 I art     : Starting a blocking GC Explicit
08-06 05:21:00.913 22687 30447 I art     : Explicit concurrent mark sweep GC freed 3(96B) AllocSpace objects, 0(0B) LOS objects, 34% free, 30MB/46MB, paused 360us total 14.389ms
08-06 05:21:00.920 22687 30447 I art     : Starting a blocking GC Explicit
08-06 05:21:00.933 22687 30447 I art     : Explicit concurrent mark sweep GC freed 3(96B) AllocSpace objects, 0(0B) LOS objects, 34% free, 30MB/46MB, paused 314us total 13.360ms
08-06 05:21:01.061 30713 30713 D AndroidRuntime: >>>>>> START com.android.internal.os.RuntimeInit uid 2000 <<<<<<
08-06 05:21:01.065 30713 30713 D AndroidRuntime: CheckJNI is OFF
08-06 05:21:01.091 30713 30713 D ICU     : No timezone override file found: /data/misc/zoneinfo/current/icu/icu_tzdata.dat
08-06 05:21:01.117 30713 30713 I Radio-JNI: register_android_hardware_Radio DONE
08-06 05:21:01.133 30713 30713 D AndroidRuntime: Calling main entry com.android.commands.input.Input
08-06 05:21:01.135 30713 30713 I Input   : injectMotionEvent: MotionEvent { action=ACTION_DOWN, actionButton=0, id[0]=0, x[0]=436.0, y[0]=453.0, toolType[0]=TOOL_TYPE_UNKNOWN, buttonState=0, metaState=0, flags=0x0, edgeFlags=0x0, pointerCount=1, historySize=0, eventTime=854477548, downTime=854477548, deviceId=0, source=0x1002 }
08-06 05:21:01.142 30713 30713 I Input   : injectMotionEvent: MotionEvent { action=ACTION_UP, actionButton=0, id[0]=0, x[0]=436.0, y[0]=453.0, toolType[0]=TOOL_TYPE_UNKNOWN, buttonState=0, metaState=0, flags=0x0, edgeFlags=0x0, pointerCount=1, historySize=0, eventTime=854477548, downTime=854477548, deviceId=0, source=0x1002 }
08-06 05:21:01.145 30713 30713 D AndroidRuntime: Shutting down VM
08-06 05:21:01.151   918   928 I ActivityManager: START u0 {cmp=baseline.com.newsblur/.activity.GlobalSharedStoriesReading (has extras)} from uid 10698 on display 0
08-06 05:21:01.152   512  2967 D audio_hw_primary: out_set_parameters: enter: usecase(1: low-latency-playback) kvpairs: routing=2
08-06 05:21:01.166   512  2967 D audio_hw_primary: select_devices: out_snd_device(2: speaker) in_snd_device(0: none)
08-06 05:21:01.166   512  2967 D msm8974_platform: platform_send_audio_calibration: sending audio calibration for snd_device(2) acdb_id(15)
08-06 05:21:01.166   512  2967 I soundtrigger: audio_extn_sound_trigger_update_device_status: device 0x2 of type 0 for Event 1
08-06 05:21:01.175   512  2967 D audio_hw_primary: enable_snd_device: snd_device(2: speaker)
08-06 05:21:01.177   512  2967 D audio_hw_primary: enable_audio_route: apply and update mixer path: low-latency-playback speaker
08-06 05:21:01.211 22687 30447 I art     : Starting a blocking GC Explicit
08-06 05:21:01.230 22687 30447 I art     : Explicit concurrent mark sweep GC freed 2888(261KB) AllocSpace objects, 5(528KB) LOS objects, 33% free, 32MB/48MB, paused 359us total 18.120ms
08-06 05:21:01.236 22687 30447 I art     : Starting a blocking GC Explicit
08-06 05:21:01.251 22687 30447 I art     : Explicit concurrent mark sweep GC freed 424(20KB) AllocSpace objects, 0(0B) LOS objects, 33% free, 32MB/48MB, paused 367us total 14.753ms
08-06 05:21:01.258 22687 30447 I art     : Starting a blocking GC Explicit
08-06 05:21:01.273 22687 30447 I art     : Explicit concurrent mark sweep GC freed 158(26KB) AllocSpace objects, 1(20KB) LOS objects, 33% free, 32MB/48MB, paused 372us total 14.862ms
08-06 05:21:01.279 22687 30447 I art     : Starting a blocking GC Explicit
08-06 05:21:01.295 22687 30447 I art     : Explicit concurrent mark sweep GC freed 268(36KB) AllocSpace objects, 1(20KB) LOS objects, 32% free, 33MB/49MB, paused 499us total 16.187ms
08-06 05:21:01.302 22687 30447 I art     : Starting a blocking GC Explicit
08-06 05:21:01.318 22687 30447 I art     : Explicit concurrent mark sweep GC freed 178(14KB) AllocSpace objects, 0(0B) LOS objects, 32% free, 33MB/49MB, paused 440us total 15.262ms
08-06 05:21:01.328   918   936 I ActivityManager: Displayed baseline.com.newsblur/.activity.GlobalSharedStoriesReading: +166ms
08-06 05:21:01.328 13866 13866 I GoogleInputMethodServic: GoogleInputMethodService.onFinishInput():3138 
08-06 05:21:01.330 13866 13866 I GoogleInputMethodServic: GoogleInputMethodService.onStartInput():1808 
08-06 05:21:01.339 22687 22687 I WebViewFactory: Loading com.google.android.webview version 84.0.4147.89 (code 414708953)
08-06 05:21:01.398 22687 22687 I cr_LibraryLoader: Loaded native library version number "84.0.4147.89"
08-06 05:21:01.398 22687 22687 I cr_CachingUmaRecorder: Flushed 5 samples from 5 histograms.
08-06 05:21:01.423 22687 22687 E chromium: [ERROR:filesystem_posix.cc(62)] mkdir /data/user/0/baseline.com.newsblur/cache/WebView/Crashpad: No such file or directory (2)
08-06 05:21:01.500   918  3714 D ConnectivityService: listenForNetwork for Listen from uid/pid:10698/22687 for NetworkRequest [ id=3866, legacyType=-1, [ Capabilities: INTERNET&NOT_RESTRICTED&TRUSTED] ]
08-06 05:21:01.560 22687 22698 I art     : Starting a blocking GC Explicit
08-06 05:21:01.586 22687 22698 I art     : Explicit concurrent mark sweep GC freed 10661(994KB) AllocSpace objects, 6(120KB) LOS objects, 30% free, 36MB/52MB, paused 701us total 25.064ms
08-06 05:21:01.593 22687 22698 I art     : Starting a blocking GC Explicit
08-06 05:21:01.603 22687 30764 W cr_media: Requires BLUETOOTH permission
08-06 05:21:01.620 22687 30788 E libEGL  : validate_display:255 error 3008 (EGL_BAD_DISPLAY)
08-06 05:21:01.623 22687 22698 I art     : Explicit concurrent mark sweep GC freed 3707(228KB) AllocSpace objects, 7(168KB) LOS objects, 30% free, 36MB/52MB, paused 1.374ms total 28.772ms
08-06 05:21:01.636 22687 22698 I art     : Starting a blocking GC Explicit
08-06 05:21:01.661 22687 22698 I art     : Explicit concurrent mark sweep GC freed 5765(268KB) AllocSpace objects, 3(76KB) LOS objects, 30% free, 36MB/52MB, paused 1.453ms total 24.959ms
08-06 05:21:01.669 22687 22698 I art     : Starting a blocking GC Explicit
08-06 05:21:01.690 22687 22698 I art     : Explicit concurrent mark sweep GC freed 1004(78KB) AllocSpace objects, 1(20KB) LOS objects, 30% free, 36MB/52MB, paused 859us total 20.534ms
08-06 05:21:01.708   512  2967 D audio_hw_primary: disable_audio_route: reset and update mixer path: low-latency-playback speaker
08-06 05:21:01.709 22687 22698 I art     : Starting a blocking GC Explicit
08-06 05:21:01.709   512  2967 D audio_hw_primary: disable_snd_device: snd_device(2: speaker)
08-06 05:21:01.717   512  2967 I soundtrigger: audio_extn_sound_trigger_update_device_status: device 0x2 of type 0 for Event 0
08-06 05:21:01.740 22687 22698 I art     : Explicit concurrent mark sweep GC freed 8764(472KB) AllocSpace objects, 5(100KB) LOS objects, 30% free, 36MB/52MB, paused 929us total 30.746ms
08-06 05:21:01.985 22687 22699 I art     : Starting a blocking GC Explicit
08-06 05:21:02.008 22687 22699 I art     : Explicit concurrent mark sweep GC freed 2997(238KB) AllocSpace objects, 4(96KB) LOS objects, 30% free, 36MB/52MB, paused 648us total 22.949ms
08-06 05:21:02.016 22687 22699 I art     : Starting a blocking GC Explicit
08-06 05:21:02.044 22687 22699 I art     : Explicit concurrent mark sweep GC freed 3789(151KB) AllocSpace objects, 0(0B) LOS objects, 30% free, 36MB/52MB, paused 727us total 27.685ms
08-06 05:21:02.054 22687 22699 I art     : Starting a blocking GC Explicit
08-06 05:21:02.078 22687 22699 I art     : Explicit concurrent mark sweep GC freed 347(15KB) AllocSpace objects, 0(0B) LOS objects, 30% free, 36MB/52MB, paused 695us total 23.871ms
08-06 05:21:02.087 22687 22699 I art     : Starting a blocking GC Explicit
08-06 05:21:02.109 22687 22699 I art     : Explicit concurrent mark sweep GC freed 376(29KB) AllocSpace objects, 0(0B) LOS objects, 30% free, 36MB/52MB, paused 621us total 21.813ms
08-06 05:21:02.117 22687 22699 I art     : Starting a blocking GC Explicit
08-06 05:21:02.140 22687 22699 I art     : Explicit concurrent mark sweep GC freed 1131(87KB) AllocSpace objects, 2(120KB) LOS objects, 30% free, 36MB/52MB, paused 871us total 23.072ms
08-06 05:21:02.188 22687 30798 E baseline.com.newsblur.network.APIResponse: Error (unexpected end of stream on https://www.newsblur.com/...) calling https://www.newsblur.com/reader/mark_story_hashes_as_read/
08-06 05:21:02.188 22687 30798 E baseline.com.newsblur.network.APIResponse: java.io.IOException: unexpected end of stream on https://www.newsblur.com/...
08-06 05:21:02.188 22687 30798 E baseline.com.newsblur.network.APIResponse: 	at okhttp3.internal.http1.Http1ExchangeCodec.readResponseHeaders(Http1ExchangeCodec.java:236)
08-06 05:21:02.188 22687 30798 E baseline.com.newsblur.network.APIResponse: 	at okhttp3.internal.connection.Exchange.readResponseHeaders(Exchange.java:115)
08-06 05:21:02.188 22687 30798 E baseline.com.newsblur.network.APIResponse: 	at okhttp3.internal.http.CallServerInterceptor.intercept(CallServerInterceptor.java:94)
08-06 05:21:02.188 22687 30798 E baseline.com.newsblur.network.APIResponse: 	at okhttp3.internal.http.RealInterceptorChain.proceed(RealInterceptorChain.java:142)
08-06 05:21:02.188 22687 30798 E baseline.com.newsblur.network.APIResponse: 	at okhttp3.internal.connection.ConnectInterceptor.intercept(ConnectInterceptor.java:43)
08-06 05:21:02.188 22687 30798 E baseline.com.newsblur.network.APIResponse: 	at okhttp3.internal.http.RealInterceptorChain.proceed(RealInterceptorChain.java:142)
08-06 05:21:02.188 22687 30798 E baseline.com.newsblur.network.APIResponse: 	at okhttp3.internal.http.RealInterceptorChain.proceed(RealInterceptorChain.java:117)
08-06 05:21:02.188 22687 30798 E baseline.com.newsblur.network.APIResponse: 	at okhttp3.internal.cache.CacheInterceptor.intercept(CacheInterceptor.java:94)
08-06 05:21:02.188 22687 30798 E baseline.com.newsblur.network.APIResponse: 	at okhttp3.internal.http.RealInterceptorChain.proceed(RealInterceptorChain.java:142)
08-06 05:21:02.188 22687 30798 E baseline.com.newsblur.network.APIResponse: 	at okhttp3.internal.http.RealInterceptorChain.proceed(RealInterceptorChain.java:117)
08-06 05:21:02.188 22687 30798 E baseline.com.newsblur.network.APIResponse: 	at okhttp3.internal.http.BridgeInterceptor.intercept(BridgeInterceptor.java:93)
08-06 05:21:02.188 22687 30798 E baseline.com.newsblur.network.APIResponse: 	at okhttp3.internal.http.RealInterceptorChain.proceed(RealInterceptorChain.java:142)
08-06 05:21:02.188 22687 30798 E baseline.com.newsblur.network.APIResponse: 	at okhttp3.internal.http.RetryAndFollowUpInterceptor.intercept(RetryAndFollowUpInterceptor.java:88)
08-06 05:21:02.188 22687 30798 E baseline.com.newsblur.network.APIResponse: 	at okhttp3.internal.http.RealInterceptorChain.proceed(RealInterceptorChain.java:142)
08-06 05:21:02.188 22687 30798 E baseline.com.newsblur.network.APIResponse: 	at okhttp3.internal.http.RealInterceptorChain.proceed(RealInterceptorChain.java:117)
08-06 05:21:02.188 22687 30798 E baseline.com.newsblur.network.APIResponse: 	at okhttp3.RealCall.getResponseWithInterceptorChain(RealCall.java:229)
08-06 05:21:02.188 22687 30798 E baseline.com.newsblur.network.APIResponse: 	at okhttp3.RealCall.execute(RealCall.java:81)
08-06 05:21:02.188 22687 30798 E baseline.com.newsblur.network.APIResponse: 	at baseline.com.newsblur.network.APIResponse.<init>(APIResponse.java:57)
08-06 05:21:02.188 22687 30798 E baseline.com.newsblur.network.APIResponse: 	at baseline.com.newsblur.network.APIResponse.<init>(APIResponse.java:43)
08-06 05:21:02.188 22687 30798 E baseline.com.newsblur.network.APIResponse: 	at baseline.com.newsblur.network.APIManager.post_single(APIManager.java:702)
08-06 05:21:02.188 22687 30798 E baseline.com.newsblur.network.APIResponse: 	at baseline.com.newsblur.network.APIManager.post(APIManager.java:675)
08-06 05:21:02.188 22687 30798 E baseline.com.newsblur.network.APIResponse: 	at baseline.com.newsblur.network.APIManager.post(APIManager.java:714)
08-06 05:21:02.188 22687 30798 E baseline.com.newsblur.network.APIResponse: 	at baseline.com.newsblur.network.APIManager.markStoryAsRead(APIManager.java:205)
08-06 05:21:02.188 22687 30798 E baseline.com.newsblur.network.APIResponse: 	at baseline.com.newsblur.util.ReadingAction.doRemote(ReadingAction.java:281)
08-06 05:21:02.188 22687 30798 E baseline.com.newsblur.network.APIResponse: 	at baseline.com.newsblur.service.NBSyncService.syncActions(NBSyncService.java:400)
08-06 05:21:02.188 22687 30798 E baseline.com.newsblur.network.APIResponse: 	at baseline.com.newsblur.service.NBSyncService.doSync(NBSyncService.java:298)
08-06 05:21:02.188 22687 30798 E baseline.com.newsblur.network.APIResponse: 	at baseline.com.newsblur.service.NBSyncService.access$100(NBSyncService.java:67)
08-06 05:21:02.188 22687 30798 E baseline.com.newsblur.network.APIResponse: 	at baseline.com.newsblur.service.NBSyncService$1.run(NBSyncService.java:188)
08-06 05:21:02.188 22687 30798 E baseline.com.newsblur.network.APIResponse: 	at java.util.concurrent.ThreadPoolExecutor.runWorker(ThreadPoolExecutor.java:1113)
08-06 05:21:02.188 22687 30798 E baseline.com.newsblur.network.APIResponse: 	at java.util.concurrent.ThreadPoolExecutor$Worker.run(ThreadPoolExecutor.java:588)
08-06 05:21:02.188 22687 30798 E baseline.com.newsblur.network.APIResponse: 	at java.lang.Thread.run(Thread.java:818)
08-06 05:21:02.188 22687 30798 E baseline.com.newsblur.network.APIResponse: Caused by: java.io.EOFException: \n not found: limit=0 content=
08-06 05:21:02.188 22687 30798 E baseline.com.newsblur.network.APIResponse: 	at okio.RealBufferedSource.readUtf8LineStrict(RealBufferedSource.java:240)
08-06 05:21:02.188 22687 30798 E baseline.com.newsblur.network.APIResponse: 	at okhttp3.internal.http1.Http1ExchangeCodec.readHeaderLine(Http1ExchangeCodec.java:242)
08-06 05:21:02.188 22687 30798 E baseline.com.newsblur.network.APIResponse: 	at okhttp3.internal.http1.Http1ExchangeCodec.readResponseHeaders(Http1ExchangeCodec.java:213)
08-06 05:21:02.188 22687 30798 E baseline.com.newsblur.network.APIResponse: 	... 30 more
08-06 05:21:02.189 22687 30798 I baseline.com.newsblur.network.APIManager: API call failed, pausing before retry number 1
08-06 05:21:02.456 22687 22698 I art     : Starting a blocking GC Explicit
08-06 05:21:02.485 22687 22698 I art     : Explicit concurrent mark sweep GC freed 4460(443KB) AllocSpace objects, 4(140KB) LOS objects, 30% free, 36MB/52MB, paused 997us total 29.108ms
08-06 05:21:02.494 22687 22698 I art     : Starting a blocking GC Explicit
08-06 05:21:02.522 22687 22698 I art     : Explicit concurrent mark sweep GC freed 237(22KB) AllocSpace objects, 0(0B) LOS objects, 30% free, 36MB/52MB, paused 667us total 27.600ms
08-06 05:21:02.530 22687 22698 I art     : Starting a blocking GC Explicit
08-06 05:21:02.552 22687 22698 I art     : Explicit concurrent mark sweep GC freed 3(96B) AllocSpace objects, 0(0B) LOS objects, 30% free, 36MB/52MB, paused 616us total 22.387ms
08-06 05:21:02.559 22687 22698 I art     : Starting a blocking GC Explicit
08-06 05:21:02.582 22687 22698 I art     : Explicit concurrent mark sweep GC freed 3(96B) AllocSpace objects, 0(0B) LOS objects, 30% free, 36MB/52MB, paused 623us total 22.060ms
08-06 05:21:02.590 22687 22698 I art     : Starting a blocking GC Explicit
08-06 05:21:02.611 22687 22698 I art     : Explicit concurrent mark sweep GC freed 3(96B) AllocSpace objects, 0(0B) LOS objects, 30% free, 36MB/52MB, paused 601us total 21.465ms
08-06 05:21:02.925 22687 22699 I art     : Starting a blocking GC Explicit
08-06 05:21:02.946 22687 22699 I art     : Explicit concurrent mark sweep GC freed 1484(84KB) AllocSpace objects, 1(20KB) LOS objects, 30% free, 36MB/52MB, paused 553us total 20.491ms
08-06 05:21:02.953 22687 22699 I art     : Starting a blocking GC Explicit
08-06 05:21:02.974 22687 22699 I art     : Explicit concurrent mark sweep GC freed 29(1008B) AllocSpace objects, 0(0B) LOS objects, 30% free, 36MB/52MB, paused 556us total 19.853ms
08-06 05:21:02.981 22687 22699 I art     : Starting a blocking GC Explicit
08-06 05:21:03.003 22687 22699 I art     : Explicit concurrent mark sweep GC freed 11(352B) AllocSpace objects, 0(0B) LOS objects, 30% free, 36MB/52MB, paused 540us total 22.132ms
08-06 05:21:03.010 22687 22699 I art     : Starting a blocking GC Explicit
08-06 05:21:03.033 22687 22699 I art     : Explicit concurrent mark sweep GC freed 4(128B) AllocSpace objects, 0(0B) LOS objects, 30% free, 36MB/52MB, paused 666us total 21.983ms
08-06 05:21:03.041 22687 22699 I art     : Starting a blocking GC Explicit
08-06 05:21:03.062 22687 22699 I art     : Explicit concurrent mark sweep GC freed 3(96B) AllocSpace objects, 0(0B) LOS objects, 30% free, 36MB/52MB, paused 684us total 21.738ms
08-06 05:21:03.141   518   646 I ThermalEngine: ACTION: GPU - Setting GPU[0] to 510000000
08-06 05:21:03.392 22687 22699 I art     : Starting a blocking GC Explicit
08-06 05:21:03.425 22687 22699 I art     : Explicit concurrent mark sweep GC freed 1439(82KB) AllocSpace objects, 1(20KB) LOS objects, 30% free, 36MB/52MB, paused 770us total 32.054ms
08-06 05:21:03.437 22687 22699 I art     : Starting a blocking GC Explicit
08-06 05:21:03.470 22687 22699 I art     : Explicit concurrent mark sweep GC freed 22(784B) AllocSpace objects, 0(0B) LOS objects, 30% free, 36MB/52MB, paused 1.083ms total 32.996ms
08-06 05:21:03.479 22687 22699 I art     : Starting a blocking GC Explicit
08-06 05:21:03.511 22687 22699 I art     : Explicit concurrent mark sweep GC freed 3(96B) AllocSpace objects, 0(0B) LOS objects, 30% free, 36MB/52MB, paused 850us total 30.959ms
08-06 05:21:03.523 22687 22699 I art     : Starting a blocking GC Explicit
08-06 05:21:03.554 22687 22699 I art     : Explicit concurrent mark sweep GC freed 3(96B) AllocSpace objects, 0(0B) LOS objects, 30% free, 36MB/52MB, paused 2.042ms total 30.553ms
08-06 05:21:03.563 22687 22699 I art     : Starting a blocking GC Explicit
08-06 05:21:03.594 22687 22699 I art     : Explicit concurrent mark sweep GC freed 3(96B) AllocSpace objects, 0(0B) LOS objects, 30% free, 36MB/52MB, paused 834us total 30.085ms
08-06 05:21:03.920 22687 22698 I art     : Starting a blocking GC Explicit
08-06 05:21:03.954 22687 22698 I art     : Explicit concurrent mark sweep GC freed 1606(91KB) AllocSpace objects, 1(20KB) LOS objects, 30% free, 36MB/52MB, paused 1.124ms total 33.285ms
08-06 05:21:03.963 22687 22698 I art     : Starting a blocking GC Explicit
08-06 05:21:03.995 22687 22698 I art     : Explicit concurrent mark sweep GC freed 28(1040B) AllocSpace objects, 0(0B) LOS objects, 30% free, 36MB/52MB, paused 879us total 31.354ms
08-06 05:21:04.007 22687 22698 I art     : Starting a blocking GC Explicit
08-06 05:21:04.039 22687 22698 I art     : Explicit concurrent mark sweep GC freed 3(96B) AllocSpace objects, 0(0B) LOS objects, 30% free, 36MB/52MB, paused 802us total 31.932ms
08-06 05:21:04.049 22687 22698 I art     : Starting a blocking GC Explicit
08-06 05:21:04.081 22687 22698 I art     : Explicit concurrent mark sweep GC freed 3(96B) AllocSpace objects, 0(0B) LOS objects, 30% free, 36MB/52MB, paused 882us total 31.447ms
08-06 05:21:04.091 22687 22698 I art     : Starting a blocking GC Explicit
08-06 05:21:04.119 22687 22698 I art     : Explicit concurrent mark sweep GC freed 3(96B) AllocSpace objects, 0(0B) LOS objects, 30% free, 36MB/52MB, paused 800us total 27.698ms
08-06 05:21:04.142   518   646 I ThermalEngine: ACTION: GPU - Setting GPU[0] to 450000000
08-06 05:21:04.219 22687 30798 E baseline.com.newsblur.network.APIResponse: Error (unexpected end of stream on https://www.newsblur.com/...) calling https://www.newsblur.com/reader/mark_story_hashes_as_read/
08-06 05:21:04.219 22687 30798 E baseline.com.newsblur.network.APIResponse: java.io.IOException: unexpected end of stream on https://www.newsblur.com/...
08-06 05:21:04.219 22687 30798 E baseline.com.newsblur.network.APIResponse: 	at okhttp3.internal.http1.Http1ExchangeCodec.readResponseHeaders(Http1ExchangeCodec.java:236)
08-06 05:21:04.219 22687 30798 E baseline.com.newsblur.network.APIResponse: 	at okhttp3.internal.connection.Exchange.readResponseHeaders(Exchange.java:115)
08-06 05:21:04.219 22687 30798 E baseline.com.newsblur.network.APIResponse: 	at okhttp3.internal.http.CallServerInterceptor.intercept(CallServerInterceptor.java:94)
08-06 05:21:04.219 22687 30798 E baseline.com.newsblur.network.APIResponse: 	at okhttp3.internal.http.RealInterceptorChain.proceed(RealInterceptorChain.java:142)
08-06 05:21:04.219 22687 30798 E baseline.com.newsblur.network.APIResponse: 	at okhttp3.internal.connection.ConnectInterceptor.intercept(ConnectInterceptor.java:43)
08-06 05:21:04.219 22687 30798 E baseline.com.newsblur.network.APIResponse: 	at okhttp3.internal.http.RealInterceptorChain.proceed(RealInterceptorChain.java:142)
08-06 05:21:04.219 22687 30798 E baseline.com.newsblur.network.APIResponse: 	at okhttp3.internal.http.RealInterceptorChain.proceed(RealInterceptorChain.java:117)
08-06 05:21:04.219 22687 30798 E baseline.com.newsblur.network.APIResponse: 	at okhttp3.internal.cache.CacheInterceptor.intercept(CacheInterceptor.java:94)
08-06 05:21:04.219 22687 30798 E baseline.com.newsblur.network.APIResponse: 	at okhttp3.internal.http.RealInterceptorChain.proceed(RealInterceptorChain.java:142)
08-06 05:21:04.219 22687 30798 E baseline.com.newsblur.network.APIResponse: 	at okhttp3.internal.http.RealInterceptorChain.proceed(RealInterceptorChain.java:117)
08-06 05:21:04.219 22687 30798 E baseline.com.newsblur.network.APIResponse: 	at okhttp3.internal.http.BridgeInterceptor.intercept(BridgeInterceptor.java:93)
08-06 05:21:04.219 22687 30798 E baseline.com.newsblur.network.APIResponse: 	at okhttp3.internal.http.RealInterceptorChain.proceed(RealInterceptorChain.java:142)
08-06 05:21:04.219 22687 30798 E baseline.com.newsblur.network.APIResponse: 	at okhttp3.internal.http.RetryAndFollowUpInterceptor.intercept(RetryAndFollowUpInterceptor.java:88)
08-06 05:21:04.219 22687 30798 E baseline.com.newsblur.network.APIResponse: 	at okhttp3.internal.http.RealInterceptorChain.proceed(RealInterceptorChain.java:142)
08-06 05:21:04.219 22687 30798 E baseline.com.newsblur.network.APIResponse: 	at okhttp3.internal.http.RealInterceptorChain.proceed(RealInterceptorChain.java:117)
08-06 05:21:04.219 22687 30798 E baseline.com.newsblur.network.APIResponse: 	at okhttp3.RealCall.getResponseWithInterceptorChain(RealCall.java:229)
08-06 05:21:04.219 22687 30798 E baseline.com.newsblur.network.APIResponse: 	at okhttp3.RealCall.execute(RealCall.java:81)
08-06 05:21:04.219 22687 30798 E baseline.com.newsblur.network.APIResponse: 	at baseline.com.newsblur.network.APIResponse.<init>(APIResponse.java:57)
08-06 05:21:04.219 22687 30798 E baseline.com.newsblur.network.APIResponse: 	at baseline.com.newsblur.network.APIResponse.<init>(APIResponse.java:43)
08-06 05:21:04.219 22687 30798 E baseline.com.newsblur.network.APIResponse: 	at baseline.com.newsblur.network.APIManager.post_single(APIManager.java:702)
08-06 05:21:04.219 22687 30798 E baseline.com.newsblur.network.APIResponse: 	at baseline.com.newsblur.network.APIManager.post(APIManager.java:675)
08-06 05:21:04.219 22687 30798 E baseline.com.newsblur.network.APIResponse: 	at baseline.com.newsblur.network.APIManager.post(APIManager.java:714)
08-06 05:21:04.219 22687 30798 E baseline.com.newsblur.network.APIResponse: 	at baseline.com.newsblur.network.APIManager.markStoryAsRead(APIManager.java:205)
08-06 05:21:04.219 22687 30798 E baseline.com.newsblur.network.APIResponse: 	at baseline.com.newsblur.util.ReadingAction.doRemote(ReadingAction.java:281)
08-06 05:21:04.219 22687 30798 E baseline.com.newsblur.network.APIResponse: 	at baseline.com.newsblur.service.NBSyncService.syncActions(NBSyncService.java:400)
08-06 05:21:04.219 22687 30798 E baseline.com.newsblur.network.APIResponse: 	at baseline.com.newsblur.service.NBSyncService.doSync(NBSyncService.java:298)
08-06 05:21:04.219 22687 30798 E baseline.com.newsblur.network.APIResponse: 	at baseline.com.newsblur.service.NBSyncService.access$100(NBSyncService.java:67)
08-06 05:21:04.219 22687 30798 E baseline.com.newsblur.network.APIResponse: 	at baseline.com.newsblur.service.NBSyncService$1.run(NBSyncService.java:188)
08-06 05:21:04.219 22687 30798 E baseline.com.newsblur.network.APIResponse: 	at java.util.concurrent.ThreadPoolExecutor.runWorker(ThreadPoolExecutor.java:1113)
08-06 05:21:04.219 22687 30798 E baseline.com.newsblur.network.APIResponse: 	at java.util.concurrent.ThreadPoolExecutor$Worker.run(ThreadPoolExecutor.java:588)
08-06 05:21:04.219 22687 30798 E baseline.com.newsblur.network.APIResponse: 	at java.lang.Thread.run(Thread.java:818)
08-06 05:21:04.219 22687 30798 E baseline.com.newsblur.network.APIResponse: Caused by: java.io.EOFException: \n not found: limit=0 content=
08-06 05:21:04.219 22687 30798 E baseline.com.newsblur.network.APIResponse: 	at okio.RealBufferedSource.readUtf8LineStrict(RealBufferedSource.java:240)
08-06 05:21:04.219 22687 30798 E baseline.com.newsblur.network.APIResponse: 	at okhttp3.internal.http1.Http1ExchangeCodec.readHeaderLine(Http1ExchangeCodec.java:242)
08-06 05:21:04.219 22687 30798 E baseline.com.newsblur.network.APIResponse: 	at okhttp3.internal.http1.Http1ExchangeCodec.readResponseHeaders(Http1ExchangeCodec.java:213)
08-06 05:21:04.219 22687 30798 E baseline.com.newsblur.network.APIResponse: 	... 30 more
08-06 05:21:04.221 22687 30798 I baseline.com.newsblur.network.APIManager: API call failed, pausing before retry number 2
08-06 05:21:04.462 22687 30790 I art     : Starting a blocking GC Explicit
08-06 05:21:04.501 22687 30790 I art     : Explicit concurrent mark sweep GC freed 3946(357KB) AllocSpace objects, 3(60KB) LOS objects, 30% free, 36MB/52MB, paused 1.209ms total 39.022ms
08-06 05:21:04.515 22687 30790 I art     : Starting a blocking GC Explicit
08-06 05:21:04.553 22687 30790 I art     : Explicit concurrent mark sweep GC freed 109(3KB) AllocSpace objects, 0(0B) LOS objects, 30% free, 36MB/52MB, paused 1.371ms total 37.992ms
08-06 05:21:04.565 22687 30790 I art     : Starting a blocking GC Explicit
08-06 05:21:04.604 22687 30790 I art     : Explicit concurrent mark sweep GC freed 3(96B) AllocSpace objects, 0(0B) LOS objects, 30% free, 36MB/52MB, paused 1.188ms total 38.712ms
08-06 05:21:04.617 22687 30790 I art     : Starting a blocking GC Explicit
08-06 05:21:04.657 22687 30790 I art     : Explicit concurrent mark sweep GC freed 3(96B) AllocSpace objects, 0(0B) LOS objects, 30% free, 36MB/52MB, paused 1.173ms total 39.344ms
08-06 05:21:04.671 22687 30790 I art     : Starting a blocking GC Explicit
08-06 05:21:04.709 22687 30790 I art     : Explicit concurrent mark sweep GC freed 3(96B) AllocSpace objects, 0(0B) LOS objects, 30% free, 36MB/52MB, paused 1.058ms total 37.719ms
08-06 05:21:05.058 22687 30447 I art     : Starting a blocking GC Explicit
08-06 05:21:05.096 22687 30447 I art     : Explicit concurrent mark sweep GC freed 1440(83KB) AllocSpace objects, 1(20KB) LOS objects, 30% free, 36MB/52MB, paused 1.174ms total 37.809ms
08-06 05:21:05.110 22687 30447 I art     : Starting a blocking GC Explicit
08-06 05:21:05.147 22687 30447 I art     : Explicit concurrent mark sweep GC freed 22(784B) AllocSpace objects, 0(0B) LOS objects, 30% free, 36MB/52MB, paused 1.122ms total 36.513ms
08-06 05:21:05.160 22687 30447 I art     : Starting a blocking GC Explicit
08-06 05:21:05.197 22687 30447 I art     : Explicit concurrent mark sweep GC freed 3(96B) AllocSpace objects, 0(0B) LOS objects, 30% free, 36MB/52MB, paused 1.202ms total 36.766ms
08-06 05:21:05.211 22687 30447 I art     : Starting a blocking GC Explicit
08-06 05:21:05.248 22687 30447 I art     : Explicit concurrent mark sweep GC freed 3(96B) AllocSpace objects, 0(0B) LOS objects, 30% free, 36MB/52MB, paused 1.229ms total 36.866ms
08-06 05:21:05.262 22687 30447 I art     : Starting a blocking GC Explicit
08-06 05:21:05.300 22687 30447 I art     : Explicit concurrent mark sweep GC freed 3(96B) AllocSpace objects, 0(0B) LOS objects, 30% free, 36MB/52MB, paused 1.168ms total 37.191ms
08-06 05:21:05.657 22687 30790 I art     : Starting a blocking GC Explicit
08-06 05:21:05.695 22687 30790 I art     : Explicit concurrent mark sweep GC freed 1439(83KB) AllocSpace objects, 1(20KB) LOS objects, 30% free, 36MB/52MB, paused 1.119ms total 38.116ms
08-06 05:21:05.709 22687 30790 I art     : Starting a blocking GC Explicit
08-06 05:21:05.747 22687 30790 I art     : Explicit concurrent mark sweep GC freed 22(784B) AllocSpace objects, 0(0B) LOS objects, 30% free, 36MB/52MB, paused 1.143ms total 37.017ms
08-06 05:21:05.760 22687 30790 I art     : Starting a blocking GC Explicit
08-06 05:21:05.798 22687 30790 I art     : Explicit concurrent mark sweep GC freed 3(96B) AllocSpace objects, 0(0B) LOS objects, 30% free, 36MB/52MB, paused 1.197ms total 37.693ms
08-06 05:21:05.812 22687 30790 I art     : Starting a blocking GC Explicit
08-06 05:21:05.850 22687 30790 I art     : Explicit concurrent mark sweep GC freed 3(96B) AllocSpace objects, 0(0B) LOS objects, 30% free, 36MB/52MB, paused 1.202ms total 37.144ms
08-06 05:21:05.864 22687 30790 I art     : Starting a blocking GC Explicit
08-06 05:21:05.902 22687 30790 I art     : Explicit concurrent mark sweep GC freed 3(96B) AllocSpace objects, 0(0B) LOS objects, 30% free, 36MB/52MB, paused 1.375ms total 37.919ms
08-06 05:21:06.261 22687 22698 I art     : Starting a blocking GC Explicit
08-06 05:21:06.299 22687 22698 I art     : Explicit concurrent mark sweep GC freed 1438(82KB) AllocSpace objects, 1(20KB) LOS objects, 30% free, 36MB/52MB, paused 1.217ms total 37.946ms
08-06 05:21:06.313 22687 22698 I art     : Starting a blocking GC Explicit
08-06 05:21:06.346 22687 22698 I art     : Explicit concurrent mark sweep GC freed 22(784B) AllocSpace objects, 0(0B) LOS objects, 30% free, 36MB/52MB, paused 1.157ms total 32.879ms
08-06 05:21:06.359 22687 22698 I art     : Starting a blocking GC Explicit
08-06 05:21:06.396 22687 22698 I art     : Explicit concurrent mark sweep GC freed 3(96B) AllocSpace objects, 0(0B) LOS objects, 30% free, 36MB/52MB, paused 1.127ms total 37.021ms
08-06 05:21:06.410 22687 22698 I art     : Starting a blocking GC Explicit
08-06 05:21:06.447 22687 22698 I art     : Explicit concurrent mark sweep GC freed 3(96B) AllocSpace objects, 0(0B) LOS objects, 30% free, 36MB/52MB, paused 1.206ms total 36.691ms
08-06 05:21:06.461 22687 22698 I art     : Starting a blocking GC Explicit
08-06 05:21:06.499 22687 22698 I art     : Explicit concurrent mark sweep GC freed 3(96B) AllocSpace objects, 0(0B) LOS objects, 30% free, 36MB/52MB, paused 1.193ms total 37.770ms
08-06 05:21:06.849 22687 22699 I art     : Starting a blocking GC Explicit
08-06 05:21:06.894 22687 22699 I art     : Explicit concurrent mark sweep GC freed 1438(82KB) AllocSpace objects, 1(20KB) LOS objects, 30% free, 36MB/52MB, paused 1.045ms total 45.290ms
08-06 05:21:06.907 22687 22699 I art     : Starting a blocking GC Explicit
08-06 05:21:06.945 22687 22699 I art     : Explicit concurrent mark sweep GC freed 24(864B) AllocSpace objects, 0(0B) LOS objects, 30% free, 36MB/52MB, paused 1.070ms total 37.040ms
08-06 05:21:06.959 22687 22699 I art     : Starting a blocking GC Explicit
08-06 05:21:06.997 22687 22699 I art     : Explicit concurrent mark sweep GC freed 3(96B) AllocSpace objects, 0(0B) LOS objects, 30% free, 36MB/52MB, paused 1.228ms total 37.843ms
08-06 05:21:07.012 22687 22699 I art     : Starting a blocking GC Explicit
08-06 05:21:07.050 22687 22699 I art     : Explicit concurrent mark sweep GC freed 3(96B) AllocSpace objects, 0(0B) LOS objects, 30% free, 36MB/52MB, paused 1.227ms total 37.965ms
08-06 05:21:07.064 22687 22699 I art     : Starting a blocking GC Explicit
08-06 05:21:07.102 22687 22699 I art     : Explicit concurrent mark sweep GC freed 3(96B) AllocSpace objects, 0(0B) LOS objects, 30% free, 36MB/52MB, paused 1.143ms total 37.946ms
08-06 05:21:07.461 22687 30447 I art     : Starting a blocking GC Explicit
08-06 05:21:07.499 22687 30447 I art     : Explicit concurrent mark sweep GC freed 1603(91KB) AllocSpace objects, 1(20KB) LOS objects, 30% free, 36MB/52MB, paused 1.255ms total 38.622ms
08-06 05:21:07.513 22687 30447 I art     : Starting a blocking GC Explicit
08-06 05:21:07.551 22687 30447 I art     : Explicit concurrent mark sweep GC freed 28(1040B) AllocSpace objects, 0(0B) LOS objects, 30% free, 36MB/52MB, paused 1.210ms total 36.664ms
08-06 05:21:07.564 22687 30447 I art     : Starting a blocking GC Explicit
08-06 05:21:07.602 22687 30447 I art     : Explicit concurrent mark sweep GC freed 3(96B) AllocSpace objects, 0(0B) LOS objects, 30% free, 36MB/52MB, paused 1.216ms total 36.925ms
08-06 05:21:07.616 22687 30447 I art     : Starting a blocking GC Explicit
08-06 05:21:07.654 22687 30447 I art     : Explicit concurrent mark sweep GC freed 798(32KB) AllocSpace objects, 0(0B) LOS objects, 30% free, 36MB/52MB, paused 1.635ms total 37.985ms
08-06 05:21:07.668 22687 30447 I art     : Starting a blocking GC Explicit
08-06 05:21:07.708 22687 30447 I art     : Explicit concurrent mark sweep GC freed 934(34KB) AllocSpace objects, 0(0B) LOS objects, 30% free, 36MB/52MB, paused 1.513ms total 39.763ms
08-06 05:21:07.710 22687 30798 E baseline.com.newsblur.network.APIResponse: Error (unexpected end of stream on https://www.newsblur.com/...) calling https://www.newsblur.com/reader/mark_story_hashes_as_read/
08-06 05:21:07.710 22687 30798 E baseline.com.newsblur.network.APIResponse: java.io.IOException: unexpected end of stream on https://www.newsblur.com/...
08-06 05:21:07.710 22687 30798 E baseline.com.newsblur.network.APIResponse: 	at okhttp3.internal.http1.Http1ExchangeCodec.readResponseHeaders(Http1ExchangeCodec.java:236)
08-06 05:21:07.710 22687 30798 E baseline.com.newsblur.network.APIResponse: 	at okhttp3.internal.connection.Exchange.readResponseHeaders(Exchange.java:115)
08-06 05:21:07.710 22687 30798 E baseline.com.newsblur.network.APIResponse: 	at okhttp3.internal.http.CallServerInterceptor.intercept(CallServerInterceptor.java:94)
08-06 05:21:07.710 22687 30798 E baseline.com.newsblur.network.APIResponse: 	at okhttp3.internal.http.RealInterceptorChain.proceed(RealInterceptorChain.java:142)
08-06 05:21:07.710 22687 30798 E baseline.com.newsblur.network.APIResponse: 	at okhttp3.internal.connection.ConnectInterceptor.intercept(ConnectInterceptor.java:43)
08-06 05:21:07.710 22687 30798 E baseline.com.newsblur.network.APIResponse: 	at okhttp3.internal.http.RealInterceptorChain.proceed(RealInterceptorChain.java:142)
08-06 05:21:07.710 22687 30798 E baseline.com.newsblur.network.APIResponse: 	at okhttp3.internal.http.RealInterceptorChain.proceed(RealInterceptorChain.java:117)
08-06 05:21:07.710 22687 30798 E baseline.com.newsblur.network.APIResponse: 	at okhttp3.internal.cache.CacheInterceptor.intercept(CacheInterceptor.java:94)
08-06 05:21:07.710 22687 30798 E baseline.com.newsblur.network.APIResponse: 	at okhttp3.internal.http.RealInterceptorChain.proceed(RealInterceptorChain.java:142)
08-06 05:21:07.710 22687 30798 E baseline.com.newsblur.network.APIResponse: 	at okhttp3.internal.http.RealInterceptorChain.proceed(RealInterceptorChain.java:117)
08-06 05:21:07.710 22687 30798 E baseline.com.newsblur.network.APIResponse: 	at okhttp3.internal.http.BridgeInterceptor.intercept(BridgeInterceptor.java:93)
08-06 05:21:07.710 22687 30798 E baseline.com.newsblur.network.APIResponse: 	at okhttp3.internal.http.RealInterceptorChain.proceed(RealInterceptorChain.java:142)
08-06 05:21:07.710 22687 30798 E baseline.com.newsblur.network.APIResponse: 	at okhttp3.internal.http.RetryAndFollowUpInterceptor.intercept(RetryAndFollowUpInterceptor.java:88)
08-06 05:21:07.710 22687 30798 E baseline.com.newsblur.network.APIResponse: 	at okhttp3.internal.http.RealInterceptorChain.proceed(RealInterceptorChain.java:142)
08-06 05:21:07.710 22687 30798 E baseline.com.newsblur.network.APIResponse: 	at okhttp3.internal.http.RealInterceptorChain.proceed(RealInterceptorChain.java:117)
08-06 05:21:07.710 22687 30798 E baseline.com.newsblur.network.APIResponse: 	at okhttp3.RealCall.getResponseWithInterceptorChain(RealCall.java:229)
08-06 05:21:07.710 22687 30798 E baseline.com.newsblur.network.APIResponse: 	at okhttp3.RealCall.execute(RealCall.java:81)
08-06 05:21:07.710 22687 30798 E baseline.com.newsblur.network.APIResponse: 	at baseline.com.newsblur.network.APIResponse.<init>(APIResponse.java:57)
08-06 05:21:07.710 22687 30798 E baseline.com.newsblur.network.APIResponse: 	at baseline.com.newsblur.network.APIResponse.<init>(APIResponse.java:43)
08-06 05:21:07.710 22687 30798 E baseline.com.newsblur.network.APIResponse: 	at baseline.com.newsblur.network.APIManager.post_single(APIManager.java:702)
08-06 05:21:07.710 22687 30798 E baseline.com.newsblur.network.APIResponse: 	at baseline.com.newsblur.network.APIManager.post(APIManager.java:675)
08-06 05:21:07.710 22687 30798 E baseline.com.newsblur.network.APIResponse: 	at baseline.com.newsblur.network.APIManager.post(APIManager.java:714)
08-06 05:21:07.710 22687 30798 E baseline.com.newsblur.network.APIResponse: 	at baseline.com.newsblur.network.APIManager.markStoryAsRead(APIManager.java:205)
08-06 05:21:07.710 22687 30798 E baseline.com.newsblur.network.APIResponse: 	at baseline.com.newsblur.util.ReadingAction.doRemote(ReadingAction.java:281)
08-06 05:21:07.710 22687 30798 E baseline.com.newsblur.network.APIResponse: 	at baseline.com.newsblur.service.NBSyncService.syncActions(NBSyncService.java:400)
08-06 05:21:07.710 22687 30798 E baseline.com.newsblur.network.APIResponse: 	at baseline.com.newsblur.service.NBSyncService.doSync(NBSyncService.java:298)
08-06 05:21:07.710 22687 30798 E baseline.com.newsblur.network.APIResponse: 	at baseline.com.newsblur.service.NBSyncService.access$100(NBSyncService.java:67)
08-06 05:21:07.710 22687 30798 E baseline.com.newsblur.network.APIResponse: 	at baseline.com.newsblur.service.NBSyncService$1.run(NBSyncService.java:188)
08-06 05:21:07.710 22687 30798 E baseline.com.newsblur.network.APIResponse: 	at java.util.concurrent.ThreadPoolExecutor.runWorker(ThreadPoolExecutor.java:1113)
08-06 05:21:07.710 22687 30798 E baseline.com.newsblur.network.APIResponse: 	at java.util.concurrent.ThreadPoolExecutor$Worker.run(ThreadPoolExecutor.java:588)
08-06 05:21:07.710 22687 30798 E baseline.com.newsblur.network.APIResponse: 	at java.lang.Thread.run(Thread.java:818)
08-06 05:21:07.710 22687 30798 E baseline.com.newsblur.network.APIResponse: Caused by: java.io.EOFException: \n not found: limit=0 content=
08-06 05:21:07.710 22687 30798 E baseline.com.newsblur.network.APIResponse: 	at okio.RealBufferedSource.readUtf8LineStrict(RealBufferedSource.java:240)
08-06 05:21:07.710 22687 30798 E baseline.com.newsblur.network.APIResponse: 	at okhttp3.internal.http1.Http1ExchangeCodec.readHeaderLine(Http1ExchangeCodec.java:242)
08-06 05:21:07.710 22687 30798 E baseline.com.newsblur.network.APIResponse: 	at okhttp3.internal.http1.Http1ExchangeCodec.readResponseHeaders(Http1ExchangeCodec.java:213)
08-06 05:21:07.710 22687 30798 E baseline.com.newsblur.network.APIResponse: 	... 30 more
08-06 05:21:07.712 22687 30798 I baseline.com.newsblur.service.NBSyncService: Holding reading action with server-side or network error.
08-06 05:21:07.733 22687 30798 W baseline.com.newsblur.service.NBSyncService: hard API failure
08-06 05:21:08.085 22687 22698 I art     : Starting a blocking GC Explicit
08-06 05:21:08.126 22687 22698 I art     : Explicit concurrent mark sweep GC freed 3231(498KB) AllocSpace objects, 16(320KB) LOS objects, 30% free, 36MB/52MB, paused 1.142ms total 39.851ms
08-06 05:21:08.140 22687 22698 I art     : Starting a blocking GC Explicit
08-06 05:21:08.176 22687 22698 I art     : Explicit concurrent mark sweep GC freed 562(20KB) AllocSpace objects, 0(0B) LOS objects, 30% free, 36MB/52MB, paused 1.096ms total 35.740ms
08-06 05:21:08.188 22687 22698 I art     : Starting a blocking GC Explicit
08-06 05:21:08.225 22687 22698 I art     : Explicit concurrent mark sweep GC freed 3(96B) AllocSpace objects, 0(0B) LOS objects, 30% free, 36MB/52MB, paused 1.121ms total 36.108ms
08-06 05:21:08.237 22687 22698 I art     : Starting a blocking GC Explicit
08-06 05:21:08.274 22687 22698 I art     : Explicit concurrent mark sweep GC freed 3(96B) AllocSpace objects, 0(0B) LOS objects, 30% free, 36MB/52MB, paused 1.131ms total 36.755ms
08-06 05:21:08.286 22687 22698 I art     : Starting a blocking GC Explicit
08-06 05:21:08.321 22687 22698 I art     : Explicit concurrent mark sweep GC freed 3(96B) AllocSpace objects, 0(0B) LOS objects, 30% free, 36MB/52MB, paused 1.071ms total 34.581ms
08-06 05:21:08.679 22687 22698 I art     : Starting a blocking GC Explicit
08-06 05:21:08.716 22687 22698 I art     : Explicit concurrent mark sweep GC freed 1399(80KB) AllocSpace objects, 1(20KB) LOS objects, 30% free, 36MB/52MB, paused 1.088ms total 35.690ms
08-06 05:21:08.730 22687 22698 I art     : Starting a blocking GC Explicit
08-06 05:21:08.767 22687 22698 I art     : Explicit concurrent mark sweep GC freed 363(12KB) AllocSpace objects, 0(0B) LOS objects, 30% free, 36MB/52MB, paused 1.238ms total 37.054ms
08-06 05:21:08.780 22687 22698 I art     : Starting a blocking GC Explicit
08-06 05:21:08.816 22687 22698 I art     : Explicit concurrent mark sweep GC freed 3(96B) AllocSpace objects, 0(0B) LOS objects, 30% free, 36MB/52MB, paused 1.061ms total 35.533ms
08-06 05:21:08.828 22687 22698 I art     : Starting a blocking GC Explicit
08-06 05:21:08.866 22687 22698 I art     : Explicit concurrent mark sweep GC freed 3(96B) AllocSpace objects, 0(0B) LOS objects, 30% free, 36MB/52MB, paused 1.148ms total 37.752ms
08-06 05:21:08.878 22687 22698 I art     : Starting a blocking GC Explicit
08-06 05:21:08.916 22687 22698 I art     : Explicit concurrent mark sweep GC freed 3(96B) AllocSpace objects, 0(0B) LOS objects, 30% free, 36MB/52MB, paused 1.146ms total 37.212ms
08-06 05:21:09.268 22687 30790 I art     : Starting a blocking GC Explicit
08-06 05:21:09.306 22687 30790 I art     : Explicit concurrent mark sweep GC freed 1398(80KB) AllocSpace objects, 1(20KB) LOS objects, 30% free, 36MB/52MB, paused 1.118ms total 37.099ms
08-06 05:21:09.318 22687 30790 I art     : Starting a blocking GC Explicit
08-06 05:21:09.354 22687 30790 I art     : Explicit concurrent mark sweep GC freed 20(704B) AllocSpace objects, 0(0B) LOS objects, 30% free, 36MB/52MB, paused 1.111ms total 35.416ms
08-06 05:21:09.366 22687 30790 I art     : Starting a blocking GC Explicit
08-06 05:21:09.404 22687 30790 I art     : Explicit concurrent mark sweep GC freed 3(96B) AllocSpace objects, 0(0B) LOS objects, 30% free, 36MB/52MB, paused 1.152ms total 37.612ms
08-06 05:21:09.416 22687 30790 I art     : Starting a blocking GC Explicit
08-06 05:21:09.453 22687 30790 I art     : Explicit concurrent mark sweep GC freed 3(96B) AllocSpace objects, 0(0B) LOS objects, 30% free, 36MB/52MB, paused 1.099ms total 36.342ms
08-06 05:21:09.465 22687 30790 I art     : Starting a blocking GC Explicit
08-06 05:21:09.504 22687 30790 I art     : Explicit concurrent mark sweep GC freed 3(96B) AllocSpace objects, 0(0B) LOS objects, 30% free, 36MB/52MB, paused 1.200ms total 37.850ms
08-06 05:21:09.857 22687 22699 I art     : Starting a blocking GC Explicit
08-06 05:21:09.897 22687 22699 I art     : Explicit concurrent mark sweep GC freed 1398(80KB) AllocSpace objects, 1(20KB) LOS objects, 30% free, 36MB/52MB, paused 1.110ms total 39.635ms
08-06 05:21:09.913 22687 22699 I art     : Starting a blocking GC Explicit
08-06 05:21:09.948 22687 22699 I art     : Explicit concurrent mark sweep GC freed 20(704B) AllocSpace objects, 0(0B) LOS objects, 30% free, 36MB/52MB, paused 1.137ms total 34.320ms
08-06 05:21:09.960 22687 22699 I art     : Starting a blocking GC Explicit
08-06 05:21:09.994 22687 22699 I art     : Explicit concurrent mark sweep GC freed 3(96B) AllocSpace objects, 0(0B) LOS objects, 30% free, 36MB/52MB, paused 1.082ms total 33.457ms
08-06 05:21:10.005 22687 22699 I art     : Starting a blocking GC Explicit
08-06 05:21:10.039 22687 22699 I art     : Explicit concurrent mark sweep GC freed 3(96B) AllocSpace objects, 0(0B) LOS objects, 30% free, 36MB/52MB, paused 1.172ms total 33.740ms
08-06 05:21:10.051 22687 22699 I art     : Starting a blocking GC Explicit
08-06 05:21:10.084 22687 22699 I art     : Explicit concurrent mark sweep GC freed 3(96B) AllocSpace objects, 0(0B) LOS objects, 30% free, 36MB/52MB, paused 1.097ms total 32.307ms
08-06 05:21:10.444 22687 30447 I art     : Starting a blocking GC Explicit
08-06 05:21:10.481 22687 30447 I art     : Explicit concurrent mark sweep GC freed 1398(80KB) AllocSpace objects, 1(20KB) LOS objects, 30% free, 36MB/52MB, paused 1.126ms total 37.065ms
08-06 05:21:10.493 22687 30447 I art     : Starting a blocking GC Explicit
08-06 05:21:10.530 22687 30447 I art     : Explicit concurrent mark sweep GC freed 20(704B) AllocSpace objects, 0(0B) LOS objects, 30% free, 36MB/52MB, paused 1.113ms total 36.527ms
08-06 05:21:10.542 22687 30447 I art     : Starting a blocking GC Explicit
08-06 05:21:10.578 22687 30447 I art     : Explicit concurrent mark sweep GC freed 3(96B) AllocSpace objects, 0(0B) LOS objects, 30% free, 36MB/52MB, paused 1.174ms total 35.128ms
08-06 05:21:10.590 22687 30447 I art     : Starting a blocking GC Explicit
08-06 05:21:10.627 22687 30447 I art     : Explicit concurrent mark sweep GC freed 3(96B) AllocSpace objects, 0(0B) LOS objects, 30% free, 36MB/52MB, paused 1.213ms total 37.135ms
08-06 05:21:10.640 22687 30447 I art     : Starting a blocking GC Explicit
08-06 05:21:10.678 22687 30447 I art     : Explicit concurrent mark sweep GC freed 3(96B) AllocSpace objects, 0(0B) LOS objects, 30% free, 36MB/52MB, paused 1.256ms total 37.850ms
08-06 05:21:11.020 22687 22698 I art     : Starting a blocking GC Explicit
08-06 05:21:11.061 22687 22698 I art     : Explicit concurrent mark sweep GC freed 1398(80KB) AllocSpace objects, 1(20KB) LOS objects, 30% free, 36MB/52MB, paused 1.196ms total 40.230ms
08-06 05:21:11.076 22687 22698 I art     : Starting a blocking GC Explicit
08-06 05:21:11.111 22687 22698 I art     : Explicit concurrent mark sweep GC freed 20(704B) AllocSpace objects, 0(0B) LOS objects, 30% free, 36MB/52MB, paused 1.142ms total 34.725ms
08-06 05:21:11.123 22687 22698 I art     : Starting a blocking GC Explicit
08-06 05:21:11.159 22687 22698 I art     : Explicit concurrent mark sweep GC freed 3(96B) AllocSpace objects, 0(0B) LOS objects, 30% free, 36MB/52MB, paused 1.155ms total 35.738ms
08-06 05:21:11.172 22687 22698 I art     : Starting a blocking GC Explicit
08-06 05:21:11.208 22687 22698 I art     : Explicit concurrent mark sweep GC freed 3(96B) AllocSpace objects, 0(0B) LOS objects, 30% free, 36MB/52MB, paused 1.216ms total 36.036ms
08-06 05:21:11.220 22687 22698 I art     : Starting a blocking GC Explicit
08-06 05:21:11.256 22687 22698 I art     : Explicit concurrent mark sweep GC freed 3(96B) AllocSpace objects, 0(0B) LOS objects, 30% free, 36MB/52MB, paused 1.091ms total 35.471ms
08-06 05:21:11.621 22687 30790 I art     : Starting a blocking GC Explicit
08-06 05:21:11.661 22687 30790 I art     : Explicit concurrent mark sweep GC freed 1409(81KB) AllocSpace objects, 1(20KB) LOS objects, 30% free, 36MB/52MB, paused 1.147ms total 39.625ms
08-06 05:21:11.675 22687 30790 I art     : Starting a blocking GC Explicit
08-06 05:21:11.710 22687 30790 I art     : Explicit concurrent mark sweep GC freed 28(864B) AllocSpace objects, 0(0B) LOS objects, 30% free, 36MB/52MB, paused 1.141ms total 35.141ms
08-06 05:21:11.723 22687 30790 I art     : Starting a blocking GC Explicit
08-06 05:21:11.760 22687 30790 I art     : Explicit concurrent mark sweep GC freed 9(320B) AllocSpace objects, 0(0B) LOS objects, 30% free, 36MB/52MB, paused 1.102ms total 37.215ms
08-06 05:21:11.772 22687 30790 I art     : Starting a blocking GC Explicit
08-06 05:21:11.810 22687 30790 I art     : Explicit concurrent mark sweep GC freed 3(96B) AllocSpace objects, 0(0B) LOS objects, 30% free, 36MB/52MB, paused 1.136ms total 36.937ms
08-06 05:21:11.822 22687 30790 I art     : Starting a blocking GC Explicit
08-06 05:21:11.859 22687 30790 I art     : Explicit concurrent mark sweep GC freed 3(96B) AllocSpace objects, 0(0B) LOS objects, 30% free, 36MB/52MB, paused 1.146ms total 36.752ms
08-06 05:21:12.154   518   646 I ThermalEngine: ACTION: GPU - Setting GPU[0] to 510000000
08-06 05:21:12.187 22687 22699 I art     : Starting a blocking GC Explicit
08-06 05:21:12.220 22687 22699 I art     : Explicit concurrent mark sweep GC freed 1398(80KB) AllocSpace objects, 1(20KB) LOS objects, 30% free, 36MB/52MB, paused 837us total 32.789ms
08-06 05:21:12.229 22687 22699 I art     : Starting a blocking GC Explicit
08-06 05:21:12.257 22687 22699 I art     : Explicit concurrent mark sweep GC freed 20(704B) AllocSpace objects, 0(0B) LOS objects, 30% free, 36MB/52MB, paused 999us total 27.955ms
08-06 05:21:12.267 22687 22699 I art     : Starting a blocking GC Explicit
08-06 05:21:12.295 22687 22699 I art     : Explicit concurrent mark sweep GC freed 3(96B) AllocSpace objects, 0(0B) LOS objects, 30% free, 36MB/52MB, paused 777us total 27.872ms
08-06 05:21:12.305 22687 22699 I art     : Starting a blocking GC Explicit
08-06 05:21:12.332 22687 22699 I art     : Explicit concurrent mark sweep GC freed 3(96B) AllocSpace objects, 0(0B) LOS objects, 30% free, 36MB/52MB, paused 825us total 27.595ms
08-06 05:21:12.342 22687 22699 I art     : Starting a blocking GC Explicit
08-06 05:21:12.370 22687 22699 I art     : Explicit concurrent mark sweep GC freed 3(96B) AllocSpace objects, 0(0B) LOS objects, 30% free, 36MB/52MB, paused 820us total 27.778ms
08-06 05:21:12.717 22687 30447 I art     : Starting a blocking GC Explicit
08-06 05:21:12.747 22687 30447 I art     : Explicit concurrent mark sweep GC freed 1398(80KB) AllocSpace objects, 1(20KB) LOS objects, 30% free, 36MB/52MB, paused 846us total 29.497ms
08-06 05:21:12.759 22687 30447 I art     : Starting a blocking GC Explicit
08-06 05:21:12.785 22687 30447 I art     : Explicit concurrent mark sweep GC freed 20(704B) AllocSpace objects, 0(0B) LOS objects, 30% free, 36MB/52MB, paused 804us total 25.854ms
08-06 05:21:12.794 22687 30447 I art     : Starting a blocking GC Explicit
08-06 05:21:12.820 22687 30447 I art     : Explicit concurrent mark sweep GC freed 3(96B) AllocSpace objects, 0(0B) LOS objects, 30% free, 36MB/52MB, paused 826us total 26.428ms
08-06 05:21:12.829 22687 30447 I art     : Starting a blocking GC Explicit
08-06 05:21:12.857 22687 30447 I art     : Explicit concurrent mark sweep GC freed 3(96B) AllocSpace objects, 0(0B) LOS objects, 30% free, 36MB/52MB, paused 820us total 26.991ms
08-06 05:21:12.866 22687 30447 I art     : Starting a blocking GC Explicit
08-06 05:21:12.893 22687 30447 I art     : Explicit concurrent mark sweep GC freed 3(96B) AllocSpace objects, 0(0B) LOS objects, 30% free, 36MB/52MB, paused 823us total 27.082ms
08-06 05:21:13.236 22687 22698 I art     : Starting a blocking GC Explicit
08-06 05:21:13.266 22687 22698 I art     : Explicit concurrent mark sweep GC freed 1398(80KB) AllocSpace objects, 1(20KB) LOS objects, 30% free, 36MB/52MB, paused 855us total 29.428ms
08-06 05:21:13.279 22687 22698 I art     : Starting a blocking GC Explicit
08-06 05:21:13.305 22687 22698 I art     : Explicit concurrent mark sweep GC freed 20(704B) AllocSpace objects, 0(0B) LOS objects, 30% free, 36MB/52MB, paused 828us total 26.027ms
08-06 05:21:13.314 22687 22698 I art     : Starting a blocking GC Explicit
08-06 05:21:13.341 22687 22698 I art     : Explicit concurrent mark sweep GC freed 3(96B) AllocSpace objects, 0(0B) LOS objects, 30% free, 36MB/52MB, paused 794us total 26.841ms
08-06 05:21:13.350 22687 22698 I art     : Starting a blocking GC Explicit
08-06 05:21:13.377 22687 22698 I art     : Explicit concurrent mark sweep GC freed 3(96B) AllocSpace objects, 0(0B) LOS objects, 30% free, 36MB/52MB, paused 827us total 26.844ms
08-06 05:21:13.387 22687 22698 I art     : Starting a blocking GC Explicit
08-06 05:21:13.412 22687 22698 I art     : Explicit concurrent mark sweep GC freed 3(96B) AllocSpace objects, 0(0B) LOS objects, 30% free, 36MB/52MB, paused 789us total 25.298ms
08-06 05:21:13.567 24405 24405 I ServiceManager: Waiting for service AtCmdFwd...
08-06 05:21:13.737 22687 30790 I art     : Starting a blocking GC Explicit
08-06 05:21:13.766 22687 30790 I art     : Explicit concurrent mark sweep GC freed 1398(80KB) AllocSpace objects, 1(20KB) LOS objects, 30% free, 36MB/52MB, paused 842us total 28.441ms
08-06 05:21:13.775 22687 30790 I art     : Starting a blocking GC Explicit
08-06 05:21:13.801 22687 30790 I art     : Explicit concurrent mark sweep GC freed 20(704B) AllocSpace objects, 0(0B) LOS objects, 30% free, 36MB/52MB, paused 837us total 25.960ms
08-06 05:21:13.810 22687 30790 I art     : Starting a blocking GC Explicit
08-06 05:21:13.815 31020 31020 D AndroidRuntime: >>>>>> START com.android.internal.os.RuntimeInit uid 2000 <<<<<<
08-06 05:21:13.820 31020 31020 D AndroidRuntime: CheckJNI is OFF
08-06 05:21:13.837 22687 30790 I art     : Explicit concurrent mark sweep GC freed 3(96B) AllocSpace objects, 0(0B) LOS objects, 30% free, 36MB/52MB, paused 912us total 26.734ms
08-06 05:21:13.846 22687 30790 I art     : Starting a blocking GC Explicit
08-06 05:21:13.857 31020 31020 D ICU     : No timezone override file found: /data/misc/zoneinfo/current/icu/icu_tzdata.dat
08-06 05:21:13.873 22687 30790 I art     : Explicit concurrent mark sweep GC freed 3(96B) AllocSpace objects, 0(0B) LOS objects, 30% free, 36MB/52MB, paused 893us total 26.569ms
08-06 05:21:13.883 22687 30790 I art     : Starting a blocking GC Explicit
08-06 05:21:13.893 31020 31020 I Radio-JNI: register_android_hardware_Radio DONE
08-06 05:21:13.909 22687 30790 I art     : Explicit concurrent mark sweep GC freed 3(96B) AllocSpace objects, 0(0B) LOS objects, 30% free, 36MB/52MB, paused 853us total 26.160ms
08-06 05:21:13.915 31020 31020 D AndroidRuntime: Calling main entry com.android.commands.input.Input
08-06 05:21:13.917 31020 31020 I Input   : injectKeyEvent: KeyEvent { action=ACTION_DOWN, keyCode=KEYCODE_BACK, scanCode=0, metaState=0, flags=0x0, repeatCount=0, eventTime=854490330, downTime=854490330, deviceId=-1, source=0x101 }
08-06 05:21:13.925 31020 31020 I Input   : injectKeyEvent: KeyEvent { action=ACTION_UP, keyCode=KEYCODE_BACK, scanCode=0, metaState=0, flags=0x0, repeatCount=0, eventTime=854490330, downTime=854490330, deviceId=-1, source=0x101 }
08-06 05:21:13.930 31020 31020 D AndroidRuntime: Shutting down VM
08-06 05:21:14.040 13866 13866 I GoogleInputMethodServic: GoogleInputMethodService.onFinishInput():3138 
08-06 05:21:14.043 13866 13866 I GoogleInputMethodServic: GoogleInputMethodService.onStartInput():1808 
08-06 05:21:14.182 22687 22699 I art     : Starting a blocking GC Explicit
08-06 05:21:14.213 22687 22699 I art     : Explicit concurrent mark sweep GC freed 4565(364KB) AllocSpace objects, 11(228KB) LOS objects, 30% free, 36MB/52MB, paused 903us total 30.170ms
08-06 05:21:14.223 22687 22699 I art     : Starting a blocking GC Explicit
08-06 05:21:14.253 22687 22699 I art     : Explicit concurrent mark sweep GC freed 278(12KB) AllocSpace objects, 0(0B) LOS objects, 30% free, 36MB/52MB, paused 872us total 29.997ms
08-06 05:21:14.263 22687 22699 I art     : Starting a blocking GC Explicit
08-06 05:21:14.290 22687 22699 I art     : Explicit concurrent mark sweep GC freed 3(96B) AllocSpace objects, 0(0B) LOS objects, 30% free, 36MB/52MB, paused 868us total 26.234ms
08-06 05:21:14.300 22687 22699 I art     : Starting a blocking GC Explicit
08-06 05:21:14.331 22687 22699 I art     : Explicit concurrent mark sweep GC freed 3(96B) AllocSpace objects, 0(0B) LOS objects, 30% free, 36MB/52MB, paused 1.335ms total 30.277ms
08-06 05:21:14.343 22687 22699 I art     : Starting a blocking GC Explicit
08-06 05:21:14.372 22687 22699 I art     : Explicit concurrent mark sweep GC freed 8(320B) AllocSpace objects, 0(0B) LOS objects, 30% free, 36MB/52MB, paused 885us total 29.509ms
08-06 05:21:14.567 24405 24405 I ServiceManager: Waiting for service AtCmdFwd...
08-06 05:21:14.591 22687 31045 I NAPPA_EXPERIMENTATION: MetricNetworkRequestExecutionTime: REQUEST_DURATION_SYSTEM='538',REQUEST_DURATION_OKHTTP='41',REQUEST_SYNCHRONOUS='TRUE',RESPONSE_CODE='200',RESPONSE_METHOD='GET',RESPONSE_LENGTH_OKHTTP='-1',RESPONSE_LENGTH_HEADER='12364',REQUEST_PROTOCOL='http/1.1',REQUEST_URL='https://www.newsblur.com/social/river_stories?order=newest&page=2&read_filter=all&global_feed=true',
08-06 05:21:14.591 22687 31045 D MY_TAG  : 0, 538
08-06 05:21:14.696 22687 22698 I art     : Starting a blocking GC Explicit
08-06 05:21:14.737 22687 22698 I art     : Explicit concurrent mark sweep GC freed 37949(2MB) AllocSpace objects, 35(1040KB) LOS objects, 30% free, 37MB/53MB, paused 1.632ms total 41.593ms
08-06 05:21:14.747 22687 22698 I art     : Starting a blocking GC Explicit
08-06 05:21:14.774 22687 22698 I art     : Explicit concurrent mark sweep GC freed 2278(249KB) AllocSpace objects, 1(20KB) LOS objects, 30% free, 36MB/52MB, paused 838us total 26.786ms
08-06 05:21:14.785 22687 22698 I art     : Starting a blocking GC Explicit
08-06 05:21:14.812 22687 22698 I art     : Explicit concurrent mark sweep GC freed 1992(142KB) AllocSpace objects, 0(0B) LOS objects, 30% free, 36MB/52MB, paused 800us total 27.076ms
08-06 05:21:14.822 22687 22698 I art     : Starting a blocking GC Explicit
08-06 05:21:14.850 22687 22698 I art     : Explicit concurrent mark sweep GC freed 7(224B) AllocSpace objects, 0(0B) LOS objects, 30% free, 36MB/52MB, paused 916us total 28.170ms
08-06 05:21:14.860 22687 22698 I art     : Starting a blocking GC Explicit
08-06 05:21:14.891 22687 22698 I art     : Explicit concurrent mark sweep GC freed 7(224B) AllocSpace objects, 0(0B) LOS objects, 30% free, 36MB/52MB, paused 937us total 30.246ms
08-06 05:21:15.230 22687 22699 I art     : Starting a blocking GC Explicit
08-06 05:21:15.264 22687 22699 I art     : Explicit concurrent mark sweep GC freed 1446(82KB) AllocSpace objects, 1(20KB) LOS objects, 30% free, 36MB/52MB, paused 898us total 33.803ms
08-06 05:21:15.275 22687 22699 I art     : Starting a blocking GC Explicit
08-06 05:21:15.306 22687 22699 I art     : Explicit concurrent mark sweep GC freed 24(832B) AllocSpace objects, 0(0B) LOS objects, 30% free, 36MB/52MB, paused 881us total 31.444ms
08-06 05:21:15.317 22687 22699 I art     : Starting a blocking GC Explicit
08-06 05:21:15.346 22687 22699 I art     : Explicit concurrent mark sweep GC freed 9(288B) AllocSpace objects, 0(0B) LOS objects, 30% free, 36MB/52MB, paused 936us total 28.594ms
08-06 05:21:15.357 22687 22699 I art     : Starting a blocking GC Explicit
08-06 05:21:15.383 22687 22699 I art     : Explicit concurrent mark sweep GC freed 7(224B) AllocSpace objects, 0(0B) LOS objects, 30% free, 36MB/52MB, paused 862us total 26.322ms
08-06 05:21:15.392 22687 22699 I art     : Starting a blocking GC Explicit
08-06 05:21:15.419 22687 22699 I art     : Explicit concurrent mark sweep GC freed 7(224B) AllocSpace objects, 0(0B) LOS objects, 30% free, 36MB/52MB, paused 833us total 26.567ms
08-06 05:21:15.568 24405 24405 I ServiceManager: Waiting for service AtCmdFwd...
08-06 05:21:15.583 31078 31078 D AndroidRuntime: >>>>>> START com.android.internal.os.RuntimeInit uid 2000 <<<<<<
08-06 05:21:15.588 31078 31078 D AndroidRuntime: CheckJNI is OFF
08-06 05:21:15.620 31078 31078 D ICU     : No timezone override file found: /data/misc/zoneinfo/current/icu/icu_tzdata.dat
08-06 05:21:15.652 31078 31078 I Radio-JNI: register_android_hardware_Radio DONE
08-06 05:21:15.673 31078 31078 D AndroidRuntime: Calling main entry com.android.commands.input.Input
08-06 05:21:15.676 31078 31078 I Input   : injectMotionEvent: MotionEvent { action=ACTION_DOWN, actionButton=0, id[0]=0, x[0]=435.0, y[0]=858.0, toolType[0]=TOOL_TYPE_UNKNOWN, buttonState=0, metaState=0, flags=0x0, edgeFlags=0x0, pointerCount=1, historySize=0, eventTime=854492088, downTime=854492088, deviceId=0, source=0x1002 }
08-06 05:21:15.681 31078 31078 I Input   : injectMotionEvent: MotionEvent { action=ACTION_UP, actionButton=0, id[0]=0, x[0]=435.0, y[0]=858.0, toolType[0]=TOOL_TYPE_UNKNOWN, buttonState=0, metaState=0, flags=0x0, edgeFlags=0x0, pointerCount=1, historySize=0, eventTime=854492088, downTime=854492088, deviceId=0, source=0x1002 }
08-06 05:21:15.683 31078 31078 D AndroidRuntime: Shutting down VM
08-06 05:21:15.695   512  2967 D audio_hw_primary: out_set_parameters: enter: usecase(1: low-latency-playback) kvpairs: routing=2
08-06 05:21:15.696   918  6029 I ActivityManager: START u0 {cmp=baseline.com.newsblur/.activity.GlobalSharedStoriesReading (has extras)} from uid 10698 on display 0
08-06 05:21:15.708   512  2967 D audio_hw_primary: select_devices: out_snd_device(2: speaker) in_snd_device(0: none)
08-06 05:21:15.708   512  2967 D msm8974_platform: platform_send_audio_calibration: sending audio calibration for snd_device(2) acdb_id(15)
08-06 05:21:15.708   512  2967 I soundtrigger: audio_extn_sound_trigger_update_device_status: device 0x2 of type 0 for Event 1
08-06 05:21:15.719   512  2967 D audio_hw_primary: enable_snd_device: snd_device(2: speaker)
08-06 05:21:15.721   512  2967 D audio_hw_primary: enable_audio_route: apply and update mixer path: low-latency-playback speaker
08-06 05:21:15.753 22687 22698 I art     : Starting a blocking GC Explicit
08-06 05:21:15.780 22687 22698 I art     : Explicit concurrent mark sweep GC freed 2741(206KB) AllocSpace objects, 5(528KB) LOS objects, 30% free, 36MB/52MB, paused 937us total 26.525ms
08-06 05:21:15.789 22687 22698 I art     : Starting a blocking GC Explicit
08-06 05:21:15.816 22687 22698 I art     : Explicit concurrent mark sweep GC freed 258(13KB) AllocSpace objects, 0(0B) LOS objects, 30% free, 36MB/52MB, paused 937us total 27.414ms
08-06 05:21:15.826 22687 22698 I art     : Starting a blocking GC Explicit
08-06 05:21:15.855 22687 22698 I art     : Explicit concurrent mark sweep GC freed 159(26KB) AllocSpace objects, 1(20KB) LOS objects, 30% free, 36MB/52MB, paused 818us total 28.583ms
08-06 05:21:15.863 22687 22698 I art     : Starting a blocking GC Explicit
08-06 05:21:15.889   918   936 I ActivityManager: Displayed baseline.com.newsblur/.activity.GlobalSharedStoriesReading: +185ms
08-06 05:21:15.889 13866 13866 I GoogleInputMethodServic: GoogleInputMethodService.onFinishInput():3138 
08-06 05:21:15.890 13866 13866 I GoogleInputMethodServic: GoogleInputMethodService.onStartInput():1808 
08-06 05:21:15.892 22687 22698 I art     : Explicit concurrent mark sweep GC freed 524(42KB) AllocSpace objects, 1(20KB) LOS objects, 30% free, 36MB/52MB, paused 1.164ms total 28.560ms
08-06 05:21:15.900   918  3261 D WifiStateMachine: starting scan for "H369AA63323"WPA_PSK with 2412,5180
08-06 05:21:15.901 22687 22698 I art     : Starting a blocking GC Explicit
08-06 05:21:15.929 22687 22698 I art     : Explicit concurrent mark sweep GC freed 1142(77KB) AllocSpace objects, 1(20KB) LOS objects, 30% free, 37MB/53MB, paused 1.218ms total 27.824ms
08-06 05:21:16.134 22687 30794 E chromium: [ERROR:tile_manager.cc(793)] WARNING: tile memory limits exceeded, some content may not draw
08-06 05:21:16.135 22687 30794 E chromium: [ERROR:tile_manager.cc(793)] WARNING: tile memory limits exceeded, some content may not draw
08-06 05:21:16.214 22687 30447 I art     : Starting a blocking GC Explicit
08-06 05:21:16.248 22687 30447 I art     : Explicit concurrent mark sweep GC freed 7990(633KB) AllocSpace objects, 20(444KB) LOS objects, 29% free, 37MB/53MB, paused 966us total 34.007ms
08-06 05:21:16.258 22687 30447 I art     : Starting a blocking GC Explicit
08-06 05:21:16.258   512  2967 D audio_hw_primary: disable_audio_route: reset and update mixer path: low-latency-playback speaker
08-06 05:21:16.260   512  2967 D audio_hw_primary: disable_snd_device: snd_device(2: speaker)
08-06 05:21:16.268   512  2967 I soundtrigger: audio_extn_sound_trigger_update_device_status: device 0x2 of type 0 for Event 0
08-06 05:21:16.290 22687 30447 I art     : Explicit concurrent mark sweep GC freed 1843(87KB) AllocSpace objects, 0(0B) LOS objects, 29% free, 37MB/53MB, paused 1.672ms total 31.215ms
08-06 05:21:16.299 22687 30447 I art     : Starting a blocking GC Explicit
08-06 05:21:16.330 22687 30447 I art     : Explicit concurrent mark sweep GC freed 80(15KB) AllocSpace objects, 2(48KB) LOS objects, 29% free, 37MB/53MB, paused 909us total 30.660ms
08-06 05:21:16.339 22687 30447 I art     : Starting a blocking GC Explicit
08-06 05:21:16.368 22687 30447 I art     : Explicit concurrent mark sweep GC freed 10(384B) AllocSpace objects, 0(0B) LOS objects, 29% free, 37MB/53MB, paused 1.146ms total 28.824ms
08-06 05:21:16.378 22687 30447 I art     : Starting a blocking GC Explicit
08-06 05:21:16.411 22687 30447 I art     : Explicit concurrent mark sweep GC freed 3(96B) AllocSpace objects, 0(0B) LOS objects, 29% free, 37MB/53MB, paused 888us total 32.047ms
08-06 05:21:16.569 24405 24405 I ServiceManager: Waiting for service AtCmdFwd...
08-06 05:21:16.639 22687 31104 E baseline.com.newsblur.network.APIResponse: Error (unexpected end of stream on https://www.newsblur.com/...) calling https://www.newsblur.com/reader/mark_story_hashes_as_read/
08-06 05:21:16.639 22687 31104 E baseline.com.newsblur.network.APIResponse: java.io.IOException: unexpected end of stream on https://www.newsblur.com/...
08-06 05:21:16.639 22687 31104 E baseline.com.newsblur.network.APIResponse: 	at okhttp3.internal.http1.Http1ExchangeCodec.readResponseHeaders(Http1ExchangeCodec.java:236)
08-06 05:21:16.639 22687 31104 E baseline.com.newsblur.network.APIResponse: 	at okhttp3.internal.connection.Exchange.readResponseHeaders(Exchange.java:115)
08-06 05:21:16.639 22687 31104 E baseline.com.newsblur.network.APIResponse: 	at okhttp3.internal.http.CallServerInterceptor.intercept(CallServerInterceptor.java:94)
08-06 05:21:16.639 22687 31104 E baseline.com.newsblur.network.APIResponse: 	at okhttp3.internal.http.RealInterceptorChain.proceed(RealInterceptorChain.java:142)
08-06 05:21:16.639 22687 31104 E baseline.com.newsblur.network.APIResponse: 	at okhttp3.internal.connection.ConnectInterceptor.intercept(ConnectInterceptor.java:43)
08-06 05:21:16.639 22687 31104 E baseline.com.newsblur.network.APIResponse: 	at okhttp3.internal.http.RealInterceptorChain.proceed(RealInterceptorChain.java:142)
08-06 05:21:16.639 22687 31104 E baseline.com.newsblur.network.APIResponse: 	at okhttp3.internal.http.RealInterceptorChain.proceed(RealInterceptorChain.java:117)
08-06 05:21:16.639 22687 31104 E baseline.com.newsblur.network.APIResponse: 	at okhttp3.internal.cache.CacheInterceptor.intercept(CacheInterceptor.java:94)
08-06 05:21:16.639 22687 31104 E baseline.com.newsblur.network.APIResponse: 	at okhttp3.internal.http.RealInterceptorChain.proceed(RealInterceptorChain.java:142)
08-06 05:21:16.639 22687 31104 E baseline.com.newsblur.network.APIResponse: 	at okhttp3.internal.http.RealInterceptorChain.proceed(RealInterceptorChain.java:117)
08-06 05:21:16.639 22687 31104 E baseline.com.newsblur.network.APIResponse: 	at okhttp3.internal.http.BridgeInterceptor.intercept(BridgeInterceptor.java:93)
08-06 05:21:16.639 22687 31104 E baseline.com.newsblur.network.APIResponse: 	at okhttp3.internal.http.RealInterceptorChain.proceed(RealInterceptorChain.java:142)
08-06 05:21:16.639 22687 31104 E baseline.com.newsblur.network.APIResponse: 	at okhttp3.internal.http.RetryAndFollowUpInterceptor.intercept(RetryAndFollowUpInterceptor.java:88)
08-06 05:21:16.639 22687 31104 E baseline.com.newsblur.network.APIResponse: 	at okhttp3.internal.http.RealInterceptorChain.proceed(RealInterceptorChain.java:142)
08-06 05:21:16.639 22687 31104 E baseline.com.newsblur.network.APIResponse: 	at okhttp3.internal.http.RealInterceptorChain.proceed(RealInterceptorChain.java:117)
08-06 05:21:16.639 22687 31104 E baseline.com.newsblur.network.APIResponse: 	at okhttp3.RealCall.getResponseWithInterceptorChain(RealCall.java:229)
08-06 05:21:16.639 22687 31104 E baseline.com.newsblur.network.APIResponse: 	at okhttp3.RealCall.execute(RealCall.java:81)
08-06 05:21:16.639 22687 31104 E baseline.com.newsblur.network.APIResponse: 	at baseline.com.newsblur.network.APIResponse.<init>(APIResponse.java:57)
08-06 05:21:16.639 22687 31104 E baseline.com.newsblur.network.APIResponse: 	at baseline.com.newsblur.network.APIResponse.<init>(APIResponse.java:43)
08-06 05:21:16.639 22687 31104 E baseline.com.newsblur.network.APIResponse: 	at baseline.com.newsblur.network.APIManager.post_single(APIManager.java:702)
08-06 05:21:16.639 22687 31104 E baseline.com.newsblur.network.APIResponse: 	at baseline.com.newsblur.network.APIManager.post(APIManager.java:675)
08-06 05:21:16.639 22687 31104 E baseline.com.newsblur.network.APIResponse: 	at baseline.com.newsblur.network.APIManager.post(APIManager.java:714)
08-06 05:21:16.639 22687 31104 E baseline.com.newsblur.network.APIResponse: 	at baseline.com.newsblur.network.APIManager.markStoryAsRead(APIManager.java:205)
08-06 05:21:16.639 22687 31104 E baseline.com.newsblur.network.APIResponse: 	at baseline.com.newsblur.util.ReadingAction.doRemote(ReadingAction.java:281)
08-06 05:21:16.639 22687 31104 E baseline.com.newsblur.network.APIResponse: 	at baseline.com.newsblur.service.NBSyncService.syncActions(NBSyncService.java:400)
08-06 05:21:16.639 22687 31104 E baseline.com.newsblur.network.APIResponse: 	at baseline.com.newsblur.service.NBSyncService.doSync(NBSyncService.java:298)
08-06 05:21:16.639 22687 31104 E baseline.com.newsblur.network.APIResponse: 	at baseline.com.newsblur.service.NBSyncService.access$100(NBSyncService.java:67)
08-06 05:21:16.639 22687 31104 E baseline.com.newsblur.network.APIResponse: 	at baseline.com.newsblur.service.NBSyncService$1.run(NBSyncService.java:188)
08-06 05:21:16.639 22687 31104 E baseline.com.newsblur.network.APIResponse: 	at java.util.concurrent.ThreadPoolExecutor.runWorker(ThreadPoolExecutor.java:1113)
08-06 05:21:16.639 22687 31104 E baseline.com.newsblur.network.APIResponse: 	at java.util.concurrent.ThreadPoolExecutor$Worker.run(ThreadPoolExecutor.java:588)
08-06 05:21:16.639 22687 31104 E baseline.com.newsblur.network.APIResponse: 	at java.lang.Thread.run(Thread.java:818)
08-06 05:21:16.639 22687 31104 E baseline.com.newsblur.network.APIResponse: Caused by: java.io.EOFException: \n not found: limit=0 content=
08-06 05:21:16.639 22687 31104 E baseline.com.newsblur.network.APIResponse: 	at okio.RealBufferedSource.readUtf8LineStrict(RealBufferedSource.java:240)
08-06 05:21:16.639 22687 31104 E baseline.com.newsblur.network.APIResponse: 	at okhttp3.internal.http1.Http1ExchangeCodec.readHeaderLine(Http1ExchangeCodec.java:242)
08-06 05:21:16.639 22687 31104 E baseline.com.newsblur.network.APIResponse: 	at okhttp3.internal.http1.Http1ExchangeCodec.readResponseHeaders(Http1ExchangeCodec.java:213)
08-06 05:21:16.639 22687 31104 E baseline.com.newsblur.network.APIResponse: 	... 30 more
08-06 05:21:16.640 22687 31104 I baseline.com.newsblur.network.APIManager: API call failed, pausing before retry number 1
08-06 05:21:16.736 22687 30447 I art     : Starting a blocking GC Explicit
08-06 05:21:16.772 22687 30447 I art     : Explicit concurrent mark sweep GC freed 4691(417KB) AllocSpace objects, 6(260KB) LOS objects, 29% free, 37MB/53MB, paused 967us total 36.470ms
08-06 05:21:16.784 22687 30447 I art     : Starting a blocking GC Explicit
08-06 05:21:16.817 22687 30447 I art     : Explicit concurrent mark sweep GC freed 999(118KB) AllocSpace objects, 0(0B) LOS objects, 29% free, 37MB/53MB, paused 1.010ms total 32.844ms
08-06 05:21:16.828 22687 30447 I art     : Starting a blocking GC Explicit
08-06 05:21:16.860 22687 30447 I art     : Explicit concurrent mark sweep GC freed 3(96B) AllocSpace objects, 0(0B) LOS objects, 29% free, 37MB/53MB, paused 931us total 31.749ms
08-06 05:21:16.870 22687 30447 I art     : Starting a blocking GC Explicit
08-06 05:21:16.901 22687 30447 I art     : Explicit concurrent mark sweep GC freed 3(96B) AllocSpace objects, 0(0B) LOS objects, 29% free, 37MB/53MB, paused 838us total 30.812ms
08-06 05:21:16.911 22687 30447 I art     : Starting a blocking GC Explicit
08-06 05:21:16.943 22687 30447 I art     : Explicit concurrent mark sweep GC freed 3(96B) AllocSpace objects, 0(0B) LOS objects, 29% free, 37MB/53MB, paused 963us total 32.190ms
08-06 05:21:17.165   518   646 I ThermalEngine: ACTION: GPU - Setting GPU[0] to 450000000
08-06 05:21:17.182 22687 30794 E chromium: [ERROR:tile_manager.cc(793)] WARNING: tile memory limits exceeded, some content may not draw
08-06 05:21:17.182 22687 30794 E chromium: [ERROR:tile_manager.cc(793)] WARNING: tile memory limits exceeded, some content may not draw
08-06 05:21:17.195 22687 30794 E chromium: [ERROR:tile_manager.cc(793)] WARNING: tile memory limits exceeded, some content may not draw
08-06 05:21:17.196 22687 30794 E chromium: [ERROR:tile_manager.cc(793)] WARNING: tile memory limits exceeded, some content may not draw
08-06 05:21:17.214 22687 30794 E chromium: [ERROR:tile_manager.cc(793)] WARNING: tile memory limits exceeded, some content may not draw
08-06 05:21:17.214 22687 30794 E chromium: [ERROR:tile_manager.cc(793)] WARNING: tile memory limits exceeded, some content may not draw
08-06 05:21:17.216   918  3188 I hubconnection: sensorhub said: 'set_bias 3: -5.7600, 0.0000, 0.0000'
08-06 05:21:17.281 22687 30790 I art     : Starting a blocking GC Explicit
08-06 05:21:17.325 22687 30790 I art     : Explicit concurrent mark sweep GC freed 1520(85KB) AllocSpace objects, 1(20KB) LOS objects, 29% free, 37MB/53MB, paused 1.373ms total 43.442ms
08-06 05:21:17.338 22687 30790 I art     : Starting a blocking GC Explicit
08-06 05:21:17.381 22687 30790 I art     : Explicit concurrent mark sweep GC freed 41(1392B) AllocSpace objects, 0(0B) LOS objects, 29% free, 37MB/53MB, paused 1.373ms total 42.113ms
08-06 05:21:17.394 22687 30790 I art     : Starting a blocking GC Explicit
08-06 05:21:17.436 22687 30790 I art     : Explicit concurrent mark sweep GC freed 20(640B) AllocSpace objects, 0(0B) LOS objects, 29% free, 37MB/53MB, paused 1.153ms total 42.204ms
08-06 05:21:17.450 22687 30790 I art     : Starting a blocking GC Explicit
08-06 05:21:17.492 22687 30790 I art     : Explicit concurrent mark sweep GC freed 4(128B) AllocSpace objects, 0(0B) LOS objects, 29% free, 37MB/53MB, paused 1.267ms total 41.117ms
08-06 05:21:17.504 22687 30790 I art     : Starting a blocking GC Explicit
08-06 05:21:17.546 22687 30790 I art     : Explicit concurrent mark sweep GC freed 3(96B) AllocSpace objects, 0(0B) LOS objects, 29% free, 37MB/53MB, paused 1.227ms total 41.527ms
08-06 05:21:17.569 24405 24405 I ServiceManager: Waiting for service AtCmdFwd...
08-06 05:21:17.931 22687 30447 I art     : Starting a blocking GC Explicit
08-06 05:21:17.976 22687 30447 I art     : Explicit concurrent mark sweep GC freed 1440(83KB) AllocSpace objects, 1(20KB) LOS objects, 29% free, 37MB/53MB, paused 1.418ms total 44.822ms
08-06 05:21:17.990 22687 30447 I art     : Starting a blocking GC Explicit
08-06 05:21:18.032 22687 30447 I art     : Explicit concurrent mark sweep GC freed 22(784B) AllocSpace objects, 0(0B) LOS objects, 29% free, 37MB/53MB, paused 1.288ms total 42.076ms
08-06 05:21:18.045 22687 30447 I art     : Starting a blocking GC Explicit
08-06 05:21:18.088 22687 30447 I art     : Explicit concurrent mark sweep GC freed 3(96B) AllocSpace objects, 0(0B) LOS objects, 29% free, 37MB/53MB, paused 1.355ms total 42.101ms
08-06 05:21:18.102 22687 30447 I art     : Starting a blocking GC Explicit
08-06 05:21:18.143 22687 30447 I art     : Explicit concurrent mark sweep GC freed 3(96B) AllocSpace objects, 0(0B) LOS objects, 29% free, 37MB/53MB, paused 1.258ms total 41.144ms
08-06 05:21:18.156 22687 30447 I art     : Starting a blocking GC Explicit
08-06 05:21:18.199 22687 30447 I art     : Explicit concurrent mark sweep GC freed 106(4KB) AllocSpace objects, 0(0B) LOS objects, 29% free, 37MB/53MB, paused 1.321ms total 42.056ms
08-06 05:21:18.567 22687 30790 I art     : Starting a blocking GC Explicit
08-06 05:21:18.570 24405 24405 W Atfwd_Sendcmd: AtCmdFwd service not published, waiting... retryCnt : 5
08-06 05:21:18.611 22687 30790 I art     : Explicit concurrent mark sweep GC freed 2332(121KB) AllocSpace objects, 1(20KB) LOS objects, 29% free, 37MB/53MB, paused 1.795ms total 44.126ms
08-06 05:21:18.626 22687 30790 I art     : Starting a blocking GC Explicit
08-06 05:21:18.659 22687 31104 E baseline.com.newsblur.network.APIResponse: Error (unexpected end of stream on https://www.newsblur.com/...) calling https://www.newsblur.com/reader/mark_story_hashes_as_read/
08-06 05:21:18.659 22687 31104 E baseline.com.newsblur.network.APIResponse: java.io.IOException: unexpected end of stream on https://www.newsblur.com/...
08-06 05:21:18.659 22687 31104 E baseline.com.newsblur.network.APIResponse: 	at okhttp3.internal.http1.Http1ExchangeCodec.readResponseHeaders(Http1ExchangeCodec.java:236)
08-06 05:21:18.659 22687 31104 E baseline.com.newsblur.network.APIResponse: 	at okhttp3.internal.connection.Exchange.readResponseHeaders(Exchange.java:115)
08-06 05:21:18.659 22687 31104 E baseline.com.newsblur.network.APIResponse: 	at okhttp3.internal.http.CallServerInterceptor.intercept(CallServerInterceptor.java:94)
08-06 05:21:18.659 22687 31104 E baseline.com.newsblur.network.APIResponse: 	at okhttp3.internal.http.RealInterceptorChain.proceed(RealInterceptorChain.java:142)
08-06 05:21:18.659 22687 31104 E baseline.com.newsblur.network.APIResponse: 	at okhttp3.internal.connection.ConnectInterceptor.intercept(ConnectInterceptor.java:43)
08-06 05:21:18.659 22687 31104 E baseline.com.newsblur.network.APIResponse: 	at okhttp3.internal.http.RealInterceptorChain.proceed(RealInterceptorChain.java:142)
08-06 05:21:18.659 22687 31104 E baseline.com.newsblur.network.APIResponse: 	at okhttp3.internal.http.RealInterceptorChain.proceed(RealInterceptorChain.java:117)
08-06 05:21:18.659 22687 31104 E baseline.com.newsblur.network.APIResponse: 	at okhttp3.internal.cache.CacheInterceptor.intercept(CacheInterceptor.java:94)
08-06 05:21:18.659 22687 31104 E baseline.com.newsblur.network.APIResponse: 	at okhttp3.internal.http.RealInterceptorChain.proceed(RealInterceptorChain.java:142)
08-06 05:21:18.659 22687 31104 E baseline.com.newsblur.network.APIResponse: 	at okhttp3.internal.http.RealInterceptorChain.proceed(RealInterceptorChain.java:117)
08-06 05:21:18.659 22687 31104 E baseline.com.newsblur.network.APIResponse: 	at okhttp3.internal.http.BridgeInterceptor.intercept(BridgeInterceptor.java:93)
08-06 05:21:18.659 22687 31104 E baseline.com.newsblur.network.APIResponse: 	at okhttp3.internal.http.RealInterceptorChain.proceed(RealInterceptorChain.java:142)
08-06 05:21:18.659 22687 31104 E baseline.com.newsblur.network.APIResponse: 	at okhttp3.internal.http.RetryAndFollowUpInterceptor.intercept(RetryAndFollowUpInterceptor.java:88)
08-06 05:21:18.659 22687 31104 E baseline.com.newsblur.network.APIResponse: 	at okhttp3.internal.http.RealInterceptorChain.proceed(RealInterceptorChain.java:142)
08-06 05:21:18.659 22687 31104 E baseline.com.newsblur.network.APIResponse: 	at okhttp3.internal.http.RealInterceptorChain.proceed(RealInterceptorChain.java:117)
08-06 05:21:18.659 22687 31104 E baseline.com.newsblur.network.APIResponse: 	at okhttp3.RealCall.getResponseWithInterceptorChain(RealCall.java:229)
08-06 05:21:18.659 22687 31104 E baseline.com.newsblur.network.APIResponse: 	at okhttp3.RealCall.execute(RealCall.java:81)
08-06 05:21:18.659 22687 31104 E baseline.com.newsblur.network.APIResponse: 	at baseline.com.newsblur.network.APIResponse.<init>(APIResponse.java:57)
08-06 05:21:18.659 22687 31104 E baseline.com.newsblur.network.APIResponse: 	at baseline.com.newsblur.network.APIResponse.<init>(APIResponse.java:43)
08-06 05:21:18.659 22687 31104 E baseline.com.newsblur.network.APIResponse: 	at baseline.com.newsblur.network.APIManager.post_single(APIManager.java:702)
08-06 05:21:18.659 22687 31104 E baseline.com.newsblur.network.APIResponse: 	at baseline.com.newsblur.network.APIManager.post(APIManager.java:675)
08-06 05:21:18.659 22687 31104 E baseline.com.newsblur.network.APIResponse: 	at baseline.com.newsblur.network.APIManager.post(APIManager.java:714)
08-06 05:21:18.659 22687 31104 E baseline.com.newsblur.network.APIResponse: 	at baseline.com.newsblur.network.APIManager.markStoryAsRead(APIManager.java:205)
08-06 05:21:18.659 22687 31104 E baseline.com.newsblur.network.APIResponse: 	at baseline.com.newsblur.util.ReadingAction.doRemote(ReadingAction.java:281)
08-06 05:21:18.659 22687 31104 E baseline.com.newsblur.network.APIResponse: 	at baseline.com.newsblur.service.NBSyncService.syncActions(NBSyncService.java:400)
08-06 05:21:18.659 22687 31104 E baseline.com.newsblur.network.APIResponse: 	at baseline.com.newsblur.service.NBSyncService.doSync(NBSyncService.java:298)
08-06 05:21:18.659 22687 31104 E baseline.com.newsblur.network.APIResponse: 	at baseline.com.newsblur.service.NBSyncService.access$100(NBSyncService.java:67)
08-06 05:21:18.659 22687 31104 E baseline.com.newsblur.network.APIResponse: 	at baseline.com.newsblur.service.NBSyncService$1.run(NBSyncService.java:188)
08-06 05:21:18.659 22687 31104 E baseline.com.newsblur.network.APIResponse: 	at java.util.concurrent.ThreadPoolExecutor.runWorker(ThreadPoolExecutor.java:1113)
08-06 05:21:18.659 22687 31104 E baseline.com.newsblur.network.APIResponse: 	at java.util.concurrent.ThreadPoolExecutor$Worker.run(ThreadPoolExecutor.java:588)
08-06 05:21:18.659 22687 31104 E baseline.com.newsblur.network.APIResponse: 	at java.lang.Thread.run(Thread.java:818)
08-06 05:21:18.659 22687 31104 E baseline.com.newsblur.network.APIResponse: Caused by: java.io.EOFException: \n not found: limit=0 content=
08-06 05:21:18.659 22687 31104 E baseline.com.newsblur.network.APIResponse: 	at okio.RealBufferedSource.readUtf8LineStrict(RealBufferedSource.java:240)
08-06 05:21:18.659 22687 31104 E baseline.com.newsblur.network.APIResponse: 	at okhttp3.internal.http1.Http1ExchangeCodec.readHeaderLine(Http1ExchangeCodec.java:242)
08-06 05:21:18.659 22687 31104 E baseline.com.newsblur.network.APIResponse: 	at okhttp3.internal.http1.Http1ExchangeCodec.readResponseHeaders(Http1ExchangeCodec.java:213)
08-06 05:21:18.659 22687 31104 E baseline.com.newsblur.network.APIResponse: 	... 30 more
08-06 05:21:18.660 22687 31104 I baseline.com.newsblur.network.APIManager: API call failed, pausing before retry number 2
08-06 05:21:18.667 22687 30790 I art     : Explicit concurrent mark sweep GC freed 1634(206KB) AllocSpace objects, 2(40KB) LOS objects, 29% free, 37MB/53MB, paused 1.226ms total 40.762ms
08-06 05:21:18.680 22687 30790 I art     : Starting a blocking GC Explicit
08-06 05:21:18.720 22687 30790 I art     : Explicit concurrent mark sweep GC freed 130(37KB) AllocSpace objects, 0(0B) LOS objects, 29% free, 37MB/53MB, paused 1.133ms total 39.914ms
08-06 05:21:18.733 22687 30790 I art     : Starting a blocking GC Explicit
08-06 05:21:18.774 22687 30790 I art     : Explicit concurrent mark sweep GC freed 35(1216B) AllocSpace objects, 0(0B) LOS objects, 29% free, 37MB/53MB, paused 1.190ms total 40.867ms
08-06 05:21:18.788 22687 30790 I art     : Starting a blocking GC Explicit
08-06 05:21:18.830 22687 30790 I art     : Explicit concurrent mark sweep GC freed 3(96B) AllocSpace objects, 0(0B) LOS objects, 29% free, 37MB/53MB, paused 1.218ms total 41.496ms
08-06 05:21:19.226 22687 30447 I art     : Starting a blocking GC Explicit
08-06 05:21:19.271 22687 30447 I art     : Explicit concurrent mark sweep GC freed 1440(83KB) AllocSpace objects, 1(20KB) LOS objects, 29% free, 37MB/53MB, paused 1.220ms total 44.630ms
08-06 05:21:19.285 22687 30447 I art     : Starting a blocking GC Explicit
08-06 05:21:19.327 22687 30447 I art     : Explicit concurrent mark sweep GC freed 22(784B) AllocSpace objects, 0(0B) LOS objects, 29% free, 37MB/53MB, paused 1.310ms total 41.640ms
08-06 05:21:19.339 22687 30447 I art     : Starting a blocking GC Explicit
08-06 05:21:19.381 22687 30447 I art     : Explicit concurrent mark sweep GC freed 3(96B) AllocSpace objects, 0(0B) LOS objects, 29% free, 37MB/53MB, paused 1.155ms total 41.351ms
08-06 05:21:19.394 22687 30447 I art     : Starting a blocking GC Explicit
08-06 05:21:19.435 22687 30447 I art     : Explicit concurrent mark sweep GC freed 3(96B) AllocSpace objects, 0(0B) LOS objects, 29% free, 37MB/53MB, paused 1.132ms total 40.580ms
08-06 05:21:19.448 22687 30447 I art     : Starting a blocking GC Explicit
08-06 05:21:19.490 22687 30447 I art     : Explicit concurrent mark sweep GC freed 3(96B) AllocSpace objects, 0(0B) LOS objects, 29% free, 37MB/53MB, paused 1.205ms total 41.149ms
08-06 05:21:19.865 22687 22698 I art     : Starting a blocking GC Explicit
08-06 05:21:19.910 22687 22698 I art     : Explicit concurrent mark sweep GC freed 1440(83KB) AllocSpace objects, 1(20KB) LOS objects, 29% free, 37MB/53MB, paused 1.373ms total 44.323ms
08-06 05:21:19.924 22687 22698 I art     : Starting a blocking GC Explicit
08-06 05:21:19.964 22687 22698 I art     : Explicit concurrent mark sweep GC freed 22(784B) AllocSpace objects, 0(0B) LOS objects, 29% free, 37MB/53MB, paused 1.147ms total 39.678ms
08-06 05:21:19.977 22687 22698 I art     : Starting a blocking GC Explicit
08-06 05:21:20.013 22687 22698 I art     : Explicit concurrent mark sweep GC freed 3(96B) AllocSpace objects, 0(0B) LOS objects, 29% free, 37MB/53MB, paused 1.193ms total 35.710ms
08-06 05:21:20.024 22687 22698 I art     : Starting a blocking GC Explicit
08-06 05:21:20.060 22687 22698 I art     : Explicit concurrent mark sweep GC freed 3(96B) AllocSpace objects, 0(0B) LOS objects, 29% free, 37MB/53MB, paused 1.213ms total 35.780ms
08-06 05:21:20.072 22687 22698 I art     : Starting a blocking GC Explicit
08-06 05:21:20.110 22687 22698 I art     : Explicit concurrent mark sweep GC freed 3(96B) AllocSpace objects, 0(0B) LOS objects, 29% free, 37MB/53MB, paused 1.288ms total 37.392ms
08-06 05:21:20.452 31178 31178 D AndroidRuntime: >>>>>> START com.android.internal.os.RuntimeInit uid 2000 <<<<<<
08-06 05:21:20.458 31178 31178 D AndroidRuntime: CheckJNI is OFF
08-06 05:21:20.473 22687 30790 I art     : Starting a blocking GC Explicit
08-06 05:21:20.505 31178 31178 D ICU     : No timezone override file found: /data/misc/zoneinfo/current/icu/icu_tzdata.dat
08-06 05:21:20.518 22687 30790 I art     : Explicit concurrent mark sweep GC freed 1439(82KB) AllocSpace objects, 1(20KB) LOS objects, 29% free, 37MB/53MB, paused 1.535ms total 45.071ms
08-06 05:21:20.532 22687 30790 I art     : Starting a blocking GC Explicit
08-06 05:21:20.551 31178 31178 I Radio-JNI: register_android_hardware_Radio DONE
08-06 05:21:20.571 22687 30790 I art     : Explicit concurrent mark sweep GC freed 22(784B) AllocSpace objects, 0(0B) LOS objects, 29% free, 37MB/53MB, paused 1.201ms total 38.776ms
08-06 05:21:20.579 31178 31178 D AndroidRuntime: Calling main entry com.android.commands.input.Input
08-06 05:21:20.581 31178 31178 I Input   : injectKeyEvent: KeyEvent { action=ACTION_DOWN, keyCode=KEYCODE_BACK, scanCode=0, metaState=0, flags=0x0, repeatCount=0, eventTime=854496994, downTime=854496994, deviceId=-1, source=0x101 }
08-06 05:21:20.583 22687 30790 I art     : Starting a blocking GC Explicit
08-06 05:21:20.588 31178 31178 I Input   : injectKeyEvent: KeyEvent { action=ACTION_UP, keyCode=KEYCODE_BACK, scanCode=0, metaState=0, flags=0x0, repeatCount=0, eventTime=854496994, downTime=854496994, deviceId=-1, source=0x101 }
08-06 05:21:20.594 31178 31178 D AndroidRuntime: Shutting down VM
08-06 05:21:20.621 22687 30790 I art     : Explicit concurrent mark sweep GC freed 212(37KB) AllocSpace objects, 2(40KB) LOS objects, 29% free, 37MB/53MB, paused 1.214ms total 37.446ms
08-06 05:21:20.633 22687 30790 I art     : Starting a blocking GC Explicit
08-06 05:21:20.669 22687 30790 I art     : Explicit concurrent mark sweep GC freed 47(2048B) AllocSpace objects, 0(0B) LOS objects, 29% free, 37MB/53MB, paused 1.334ms total 36.210ms
08-06 05:21:20.681 22687 30790 I art     : Starting a blocking GC Explicit
08-06 05:21:20.722 22687 30790 I art     : Explicit concurrent mark sweep GC freed 515(28KB) AllocSpace objects, 1(20KB) LOS objects, 29% free, 37MB/53MB, paused 1.622ms total 41.110ms
08-06 05:21:20.752 13866 13866 I GoogleInputMethodServic: GoogleInputMethodService.onFinishInput():3138 
08-06 05:21:20.752 13866 13866 I GoogleInputMethodServic: GoogleInputMethodService.onStartInput():1808 
08-06 05:21:21.053 22687 30447 I art     : Starting a blocking GC Explicit
08-06 05:21:21.098 22687 30447 I art     : Explicit concurrent mark sweep GC freed 4289(278KB) AllocSpace objects, 4(88KB) LOS objects, 29% free, 37MB/53MB, paused 1.269ms total 44.649ms
08-06 05:21:21.110 22687 30447 I art     : Starting a blocking GC Explicit
08-06 05:21:21.148 22687 30447 I art     : Explicit concurrent mark sweep GC freed 267(17KB) AllocSpace objects, 0(0B) LOS objects, 29% free, 37MB/53MB, paused 1.215ms total 37.522ms
08-06 05:21:21.160 22687 30447 I art     : Starting a blocking GC Explicit
08-06 05:21:21.200 22687 30447 I art     : Explicit concurrent mark sweep GC freed 136(6KB) AllocSpace objects, 0(0B) LOS objects, 29% free, 37MB/53MB, paused 1.337ms total 40.080ms
08-06 05:21:21.214 22687 30447 I art     : Starting a blocking GC Explicit
08-06 05:21:21.256 22687 30447 I art     : Explicit concurrent mark sweep GC freed 11(352B) AllocSpace objects, 0(0B) LOS objects, 29% free, 37MB/53MB, paused 1.287ms total 42.049ms
08-06 05:21:21.269 22687 30447 I art     : Starting a blocking GC Explicit
08-06 05:21:21.312 22687 30447 I art     : Explicit concurrent mark sweep GC freed 9(288B) AllocSpace objects, 0(0B) LOS objects, 29% free, 37MB/53MB, paused 1.273ms total 43.433ms
08-06 05:21:21.671 22687 30790 I art     : Starting a blocking GC Explicit
08-06 05:21:21.711 22687 30790 I art     : Explicit concurrent mark sweep GC freed 1577(87KB) AllocSpace objects, 1(20KB) LOS objects, 29% free, 37MB/53MB, paused 1.565ms total 40.020ms
08-06 05:21:21.723 22687 30790 I art     : Starting a blocking GC Explicit
08-06 05:21:21.759 22687 30790 I art     : Explicit concurrent mark sweep GC freed 34(1232B) AllocSpace objects, 0(0B) LOS objects, 29% free, 37MB/53MB, paused 1.311ms total 35.921ms
08-06 05:21:21.771 22687 30790 I art     : Starting a blocking GC Explicit
08-06 05:21:21.808 22687 30790 I art     : Explicit concurrent mark sweep GC freed 74(4KB) AllocSpace objects, 0(0B) LOS objects, 29% free, 37MB/53MB, paused 1.268ms total 36.555ms
08-06 05:21:21.819 22687 30790 I art     : Starting a blocking GC Explicit
08-06 05:21:21.856 22687 30790 I art     : Explicit concurrent mark sweep GC freed 18(1600B) AllocSpace objects, 0(0B) LOS objects, 29% free, 37MB/53MB, paused 1.329ms total 36.009ms
08-06 05:21:21.867 22687 30790 I art     : Starting a blocking GC Explicit
08-06 05:21:21.904 22687 30790 I art     : Explicit concurrent mark sweep GC freed 9(288B) AllocSpace objects, 0(0B) LOS objects, 29% free, 37MB/53MB, paused 1.286ms total 36.582ms
08-06 05:21:22.239 22687 31104 E baseline.com.newsblur.network.APIResponse: Error (unexpected end of stream on https://www.newsblur.com/...) calling https://www.newsblur.com/reader/mark_story_hashes_as_read/
08-06 05:21:22.239 22687 31104 E baseline.com.newsblur.network.APIResponse: java.io.IOException: unexpected end of stream on https://www.newsblur.com/...
08-06 05:21:22.239 22687 31104 E baseline.com.newsblur.network.APIResponse: 	at okhttp3.internal.http1.Http1ExchangeCodec.readResponseHeaders(Http1ExchangeCodec.java:236)
08-06 05:21:22.239 22687 31104 E baseline.com.newsblur.network.APIResponse: 	at okhttp3.internal.connection.Exchange.readResponseHeaders(Exchange.java:115)
08-06 05:21:22.239 22687 31104 E baseline.com.newsblur.network.APIResponse: 	at okhttp3.internal.http.CallServerInterceptor.intercept(CallServerInterceptor.java:94)
08-06 05:21:22.239 22687 31104 E baseline.com.newsblur.network.APIResponse: 	at okhttp3.internal.http.RealInterceptorChain.proceed(RealInterceptorChain.java:142)
08-06 05:21:22.239 22687 31104 E baseline.com.newsblur.network.APIResponse: 	at okhttp3.internal.connection.ConnectInterceptor.intercept(ConnectInterceptor.java:43)
08-06 05:21:22.239 22687 31104 E baseline.com.newsblur.network.APIResponse: 	at okhttp3.internal.http.RealInterceptorChain.proceed(RealInterceptorChain.java:142)
08-06 05:21:22.239 22687 31104 E baseline.com.newsblur.network.APIResponse: 	at okhttp3.internal.http.RealInterceptorChain.proceed(RealInterceptorChain.java:117)
08-06 05:21:22.239 22687 31104 E baseline.com.newsblur.network.APIResponse: 	at okhttp3.internal.cache.CacheInterceptor.intercept(CacheInterceptor.java:94)
08-06 05:21:22.239 22687 31104 E baseline.com.newsblur.network.APIResponse: 	at okhttp3.internal.http.RealInterceptorChain.proceed(RealInterceptorChain.java:142)
08-06 05:21:22.239 22687 31104 E baseline.com.newsblur.network.APIResponse: 	at okhttp3.internal.http.RealInterceptorChain.proceed(RealInterceptorChain.java:117)
08-06 05:21:22.239 22687 31104 E baseline.com.newsblur.network.APIResponse: 	at okhttp3.internal.http.BridgeInterceptor.intercept(BridgeInterceptor.java:93)
08-06 05:21:22.239 22687 31104 E baseline.com.newsblur.network.APIResponse: 	at okhttp3.internal.http.RealInterceptorChain.proceed(RealInterceptorChain.java:142)
08-06 05:21:22.239 22687 31104 E baseline.com.newsblur.network.APIResponse: 	at okhttp3.internal.http.RetryAndFollowUpInterceptor.intercept(RetryAndFollowUpInterceptor.java:88)
08-06 05:21:22.239 22687 31104 E baseline.com.newsblur.network.APIResponse: 	at okhttp3.internal.http.RealInterceptorChain.proceed(RealInterceptorChain.java:142)
08-06 05:21:22.239 22687 31104 E baseline.com.newsblur.network.APIResponse: 	at okhttp3.internal.http.RealInterceptorChain.proceed(RealInterceptorChain.java:117)
08-06 05:21:22.239 22687 31104 E baseline.com.newsblur.network.APIResponse: 	at okhttp3.RealCall.getResponseWithInterceptorChain(RealCall.java:229)
08-06 05:21:22.239 22687 31104 E baseline.com.newsblur.network.APIResponse: 	at okhttp3.RealCall.execute(RealCall.java:81)
08-06 05:21:22.239 22687 31104 E baseline.com.newsblur.network.APIResponse: 	at baseline.com.newsblur.network.APIResponse.<init>(APIResponse.java:57)
08-06 05:21:22.239 22687 31104 E baseline.com.newsblur.network.APIResponse: 	at baseline.com.newsblur.network.APIResponse.<init>(APIResponse.java:43)
08-06 05:21:22.239 22687 31104 E baseline.com.newsblur.network.APIResponse: 	at baseline.com.newsblur.network.APIManager.post_single(APIManager.java:702)
08-06 05:21:22.239 22687 31104 E baseline.com.newsblur.network.APIResponse: 	at baseline.com.newsblur.network.APIManager.post(APIManager.java:675)
08-06 05:21:22.239 22687 31104 E baseline.com.newsblur.network.APIResponse: 	at baseline.com.newsblur.network.APIManager.post(APIManager.java:714)
08-06 05:21:22.239 22687 31104 E baseline.com.newsblur.network.APIResponse: 	at baseline.com.newsblur.network.APIManager.markStoryAsRead(APIManager.java:205)
08-06 05:21:22.239 22687 31104 E baseline.com.newsblur.network.APIResponse: 	at baseline.com.newsblur.util.ReadingAction.doRemote(ReadingAction.java:281)
08-06 05:21:22.239 22687 31104 E baseline.com.newsblur.network.APIResponse: 	at baseline.com.newsblur.service.NBSyncService.syncActions(NBSyncService.java:400)
08-06 05:21:22.239 22687 31104 E baseline.com.newsblur.network.APIResponse: 	at baseline.com.newsblur.service.NBSyncService.doSync(NBSyncService.java:298)
08-06 05:21:22.239 22687 31104 E baseline.com.newsblur.network.APIResponse: 	at baseline.com.newsblur.service.NBSyncService.access$100(NBSyncService.java:67)
08-06 05:21:22.239 22687 31104 E baseline.com.newsblur.network.APIResponse: 	at baseline.com.newsblur.service.NBSyncService$1.run(NBSyncService.java:188)
08-06 05:21:22.239 22687 31104 E baseline.com.newsblur.network.APIResponse: 	at java.util.concurrent.ThreadPoolExecutor.runWorker(ThreadPoolExecutor.java:1113)
08-06 05:21:22.239 22687 31104 E baseline.com.newsblur.network.APIResponse: 	at java.util.concurrent.ThreadPoolExecutor$Worker.run(ThreadPoolExecutor.java:588)
08-06 05:21:22.239 22687 31104 E baseline.com.newsblur.network.APIResponse: 	at java.lang.Thread.run(Thread.java:818)
08-06 05:21:22.239 22687 31104 E baseline.com.newsblur.network.APIResponse: Caused by: java.io.EOFException: \n not found: limit=0 content=
08-06 05:21:22.239 22687 31104 E baseline.com.newsblur.network.APIResponse: 	at okio.RealBufferedSource.readUtf8LineStrict(RealBufferedSource.java:240)
08-06 05:21:22.239 22687 31104 E baseline.com.newsblur.network.APIResponse: 	at okhttp3.internal.http1.Http1ExchangeCodec.readHeaderLine(Http1ExchangeCodec.java:242)
08-06 05:21:22.239 22687 31104 E baseline.com.newsblur.network.APIResponse: 	at okhttp3.internal.http1.Http1ExchangeCodec.readResponseHeaders(Http1ExchangeCodec.java:213)
08-06 05:21:22.239 22687 31104 E baseline.com.newsblur.network.APIResponse: 	... 30 more
08-06 05:21:22.241 22687 31104 I baseline.com.newsblur.service.NBSyncService: Holding reading action with server-side or network error.
08-06 05:21:22.250 22687 22698 I art     : Starting a blocking GC Explicit
08-06 05:21:22.252 22687 31104 W baseline.com.newsblur.service.NBSyncService: hard API failure
08-06 05:21:22.292 22687 22698 I art     : Explicit concurrent mark sweep GC freed 4388(407KB) AllocSpace objects, 5(100KB) LOS objects, 29% free, 37MB/53MB, paused 1.375ms total 42.015ms
08-06 05:21:22.304 22687 22698 I art     : Starting a blocking GC Explicit
08-06 05:21:22.344 22687 22698 I art     : Explicit concurrent mark sweep GC freed 135(4KB) AllocSpace objects, 0(0B) LOS objects, 29% free, 37MB/53MB, paused 1.357ms total 39.814ms
08-06 05:21:22.356 31221 31221 D AndroidRuntime: >>>>>> START com.android.internal.os.RuntimeInit uid 2000 <<<<<<
08-06 05:21:22.357 22687 22698 I art     : Starting a blocking GC Explicit
08-06 05:21:22.361 31221 31221 D AndroidRuntime: CheckJNI is OFF
08-06 05:21:22.397 22687 22698 I art     : Explicit concurrent mark sweep GC freed 3(96B) AllocSpace objects, 0(0B) LOS objects, 29% free, 37MB/53MB, paused 1.411ms total 40.056ms
08-06 05:21:22.405 31221 31221 D ICU     : No timezone override file found: /data/misc/zoneinfo/current/icu/icu_tzdata.dat
08-06 05:21:22.410 22687 22698 I art     : Starting a blocking GC Explicit
08-06 05:21:22.449 31221 31221 I Radio-JNI: register_android_hardware_Radio DONE
08-06 05:21:22.453 22687 22698 I art     : Explicit concurrent mark sweep GC freed 3(96B) AllocSpace objects, 0(0B) LOS objects, 29% free, 37MB/53MB, paused 1.505ms total 42.568ms
08-06 05:21:22.466 22687 22698 I art     : Starting a blocking GC Explicit
08-06 05:21:22.479 31221 31221 D AndroidRuntime: Calling main entry com.android.commands.input.Input
08-06 05:21:22.481 31221 31221 I Input   : injectKeyEvent: KeyEvent { action=ACTION_DOWN, keyCode=KEYCODE_BACK, scanCode=0, metaState=0, flags=0x0, repeatCount=0, eventTime=854498894, downTime=854498894, deviceId=-1, source=0x101 }
08-06 05:21:22.487 31221 31221 I Input   : injectKeyEvent: KeyEvent { action=ACTION_UP, keyCode=KEYCODE_BACK, scanCode=0, metaState=0, flags=0x0, repeatCount=0, eventTime=854498894, downTime=854498894, deviceId=-1, source=0x101 }
08-06 05:21:22.495 31221 31221 D AndroidRuntime: Shutting down VM
08-06 05:21:22.506 22687 22698 I art     : Explicit concurrent mark sweep GC freed 300(39KB) AllocSpace objects, 3(60KB) LOS objects, 29% free, 37MB/53MB, paused 1.687ms total 40.249ms
08-06 05:21:22.647 22687 31104 E baseline.com.newsblur.network.APIResponse: Error (unexpected end of stream on https://www.newsblur.com/...) calling https://www.newsblur.com/reader/mark_story_hashes_as_read/
08-06 05:21:22.647 22687 31104 E baseline.com.newsblur.network.APIResponse: java.io.IOException: unexpected end of stream on https://www.newsblur.com/...
08-06 05:21:22.647 22687 31104 E baseline.com.newsblur.network.APIResponse: 	at okhttp3.internal.http1.Http1ExchangeCodec.readResponseHeaders(Http1ExchangeCodec.java:236)
08-06 05:21:22.647 22687 31104 E baseline.com.newsblur.network.APIResponse: 	at okhttp3.internal.connection.Exchange.readResponseHeaders(Exchange.java:115)
08-06 05:21:22.647 22687 31104 E baseline.com.newsblur.network.APIResponse: 	at okhttp3.internal.http.CallServerInterceptor.intercept(CallServerInterceptor.java:94)
08-06 05:21:22.647 22687 31104 E baseline.com.newsblur.network.APIResponse: 	at okhttp3.internal.http.RealInterceptorChain.proceed(RealInterceptorChain.java:142)
08-06 05:21:22.647 22687 31104 E baseline.com.newsblur.network.APIResponse: 	at okhttp3.internal.connection.ConnectInterceptor.intercept(ConnectInterceptor.java:43)
08-06 05:21:22.647 22687 31104 E baseline.com.newsblur.network.APIResponse: 	at okhttp3.internal.http.RealInterceptorChain.proceed(RealInterceptorChain.java:142)
08-06 05:21:22.647 22687 31104 E baseline.com.newsblur.network.APIResponse: 	at okhttp3.internal.http.RealInterceptorChain.proceed(RealInterceptorChain.java:117)
08-06 05:21:22.647 22687 31104 E baseline.com.newsblur.network.APIResponse: 	at okhttp3.internal.cache.CacheInterceptor.intercept(CacheInterceptor.java:94)
08-06 05:21:22.647 22687 31104 E baseline.com.newsblur.network.APIResponse: 	at okhttp3.internal.http.RealInterceptorChain.proceed(RealInterceptorChain.java:142)
08-06 05:21:22.647 22687 31104 E baseline.com.newsblur.network.APIResponse: 	at okhttp3.internal.http.RealInterceptorChain.proceed(RealInterceptorChain.java:117)
08-06 05:21:22.647 22687 31104 E baseline.com.newsblur.network.APIResponse: 	at okhttp3.internal.http.BridgeInterceptor.intercept(BridgeInterceptor.java:93)
08-06 05:21:22.647 22687 31104 E baseline.com.newsblur.network.APIResponse: 	at okhttp3.internal.http.RealInterceptorChain.proceed(RealInterceptorChain.java:142)
08-06 05:21:22.647 22687 31104 E baseline.com.newsblur.network.APIResponse: 	at okhttp3.internal.http.RetryAndFollowUpInterceptor.intercept(RetryAndFollowUpInterceptor.java:88)
08-06 05:21:22.647 22687 31104 E baseline.com.newsblur.network.APIResponse: 	at okhttp3.internal.http.RealInterceptorChain.proceed(RealInterceptorChain.java:142)
08-06 05:21:22.647 22687 31104 E baseline.com.newsblur.network.APIResponse: 	at okhttp3.internal.http.RealInterceptorChain.proceed(RealInterceptorChain.java:117)
08-06 05:21:22.647 22687 31104 E baseline.com.newsblur.network.APIResponse: 	at okhttp3.RealCall.getResponseWithInterceptorChain(RealCall.java:229)
08-06 05:21:22.647 22687 31104 E baseline.com.newsblur.network.APIResponse: 	at okhttp3.RealCall.execute(RealCall.java:81)
08-06 05:21:22.647 22687 31104 E baseline.com.newsblur.network.APIResponse: 	at baseline.com.newsblur.network.APIResponse.<init>(APIResponse.java:57)
08-06 05:21:22.647 22687 31104 E baseline.com.newsblur.network.APIResponse: 	at baseline.com.newsblur.network.APIResponse.<init>(APIResponse.java:43)
08-06 05:21:22.647 22687 31104 E baseline.com.newsblur.network.APIResponse: 	at baseline.com.newsblur.network.APIManager.post_single(APIManager.java:702)
08-06 05:21:22.647 22687 31104 E baseline.com.newsblur.network.APIResponse: 	at baseline.com.newsblur.network.APIManager.post(APIManager.java:675)
08-06 05:21:22.647 22687 31104 E baseline.com.newsblur.network.APIResponse: 	at baseline.com.newsblur.network.APIManager.post(APIManager.java:714)
08-06 05:21:22.647 22687 31104 E baseline.com.newsblur.network.APIResponse: 	at baseline.com.newsblur.network.APIManager.markStoryAsRead(APIManager.java:205)
08-06 05:21:22.647 22687 31104 E baseline.com.newsblur.network.APIResponse: 	at baseline.com.newsblur.util.ReadingAction.doRemote(ReadingAction.java:281)
08-06 05:21:22.647 22687 31104 E baseline.com.newsblur.network.APIResponse: 	at baseline.com.newsblur.service.NBSyncService.syncActions(NBSyncService.java:400)
08-06 05:21:22.647 22687 31104 E baseline.com.newsblur.network.APIResponse: 	at baseline.com.newsblur.service.NBSyncService.doSync(NBSyncService.java:298)
08-06 05:21:22.647 22687 31104 E baseline.com.newsblur.network.APIResponse: 	at baseline.com.newsblur.service.NBSyncService.access$100(NBSyncService.java:67)
08-06 05:21:22.647 22687 31104 E baseline.com.newsblur.network.APIResponse: 	at baseline.com.newsblur.service.NBSyncService$1.run(NBSyncService.java:188)
08-06 05:21:22.647 22687 31104 E baseline.com.newsblur.network.APIResponse: 	at java.util.concurrent.ThreadPoolExecutor.runWorker(ThreadPoolExecutor.java:1113)
08-06 05:21:22.647 22687 31104 E baseline.com.newsblur.network.APIResponse: 	at java.util.concurrent.ThreadPoolExecutor$Worker.run(ThreadPoolExecutor.java:588)
08-06 05:21:22.647 22687 31104 E baseline.com.newsblur.network.APIResponse: 	at java.lang.Thread.run(Thread.java:818)
08-06 05:21:22.647 22687 31104 E baseline.com.newsblur.network.APIResponse: Caused by: java.io.EOFException: \n not found: limit=0 content=
08-06 05:21:22.647 22687 31104 E baseline.com.newsblur.network.APIResponse: 	at okio.RealBufferedSource.readUtf8LineStrict(RealBufferedSource.java:240)
08-06 05:21:22.647 22687 31104 E baseline.com.newsblur.network.APIResponse: 	at okhttp3.internal.http1.Http1ExchangeCodec.readHeaderLine(Http1ExchangeCodec.java:242)
08-06 05:21:22.647 22687 31104 E baseline.com.newsblur.network.APIResponse: 	at okhttp3.internal.http1.Http1ExchangeCodec.readResponseHeaders(Http1ExchangeCodec.java:213)
08-06 05:21:22.647 22687 31104 E baseline.com.newsblur.network.APIResponse: 	... 30 more
08-06 05:21:22.648 22687 31104 I baseline.com.newsblur.network.APIManager: API call failed, pausing before retry number 1
08-06 05:21:22.678 13866 13866 I GoogleInputMethodServic: GoogleInputMethodService.onFinishInput():3138 
08-06 05:21:22.678 13866 13866 I GoogleInputMethodServic: GoogleInputMethodService.onStartInput():1808 
08-06 05:21:22.833 22687 22699 I art     : Starting a blocking GC Explicit
08-06 05:21:22.876 22687 22699 I art     : Explicit concurrent mark sweep GC freed 11876(895KB) AllocSpace objects, 12(240KB) LOS objects, 29% free, 37MB/53MB, paused 1.170ms total 42.644ms
08-06 05:21:22.888 22687 22699 I art     : Starting a blocking GC Explicit
08-06 05:21:22.931 22687 22699 I art     : Explicit concurrent mark sweep GC freed 300(11KB) AllocSpace objects, 0(0B) LOS objects, 29% free, 37MB/53MB, paused 1.273ms total 42.269ms
08-06 05:21:22.945 22687 22699 I art     : Starting a blocking GC Explicit
08-06 05:21:22.992 22687 22699 I art     : Explicit concurrent mark sweep GC freed 3(96B) AllocSpace objects, 0(0B) LOS objects, 29% free, 37MB/53MB, paused 1.451ms total 46.455ms
08-06 05:21:23.005 22687 22699 I art     : Starting a blocking GC Explicit
08-06 05:21:23.047 22687 22699 I art     : Explicit concurrent mark sweep GC freed 394(17KB) AllocSpace objects, 0(0B) LOS objects, 29% free, 37MB/53MB, paused 1.381ms total 41.840ms
08-06 05:21:23.061 22687 22699 I art     : Starting a blocking GC Explicit
08-06 05:21:23.097 22687 22699 I art     : Explicit concurrent mark sweep GC freed 63(2688B) AllocSpace objects, 0(0B) LOS objects, 29% free, 37MB/53MB, paused 1.223ms total 36.261ms
08-06 05:21:23.450 22687 30790 I art     : Starting a blocking GC Explicit
08-06 05:21:23.496 22687 30790 I art     : Explicit concurrent mark sweep GC freed 1622(91KB) AllocSpace objects, 1(20KB) LOS objects, 29% free, 37MB/53MB, paused 1.445ms total 45.339ms
08-06 05:21:23.509 22687 30790 I art     : Starting a blocking GC Explicit
08-06 05:21:23.551 22687 30790 I art     : Explicit concurrent mark sweep GC freed 28(976B) AllocSpace objects, 0(0B) LOS objects, 29% free, 37MB/53MB, paused 1.227ms total 41.684ms
08-06 05:21:23.564 22687 30790 I art     : Starting a blocking GC Explicit
08-06 05:21:23.606 22687 30790 I art     : Explicit concurrent mark sweep GC freed 11(352B) AllocSpace objects, 0(0B) LOS objects, 29% free, 37MB/53MB, paused 1.211ms total 41.627ms
08-06 05:21:23.619 22687 30790 I art     : Starting a blocking GC Explicit
08-06 05:21:23.661 22687 30790 I art     : Explicit concurrent mark sweep GC freed 9(288B) AllocSpace objects, 0(0B) LOS objects, 29% free, 37MB/53MB, paused 1.343ms total 41.466ms
08-06 05:21:23.674 22687 30790 I art     : Starting a blocking GC Explicit
08-06 05:21:23.715 22687 30790 I art     : Explicit concurrent mark sweep GC freed 9(288B) AllocSpace objects, 0(0B) LOS objects, 29% free, 37MB/53MB, paused 1.275ms total 41.402ms
08-06 05:21:24.051 22687 30790 I art     : Starting a blocking GC Explicit
08-06 05:21:24.118 22687 30790 I art     : Explicit concurrent mark sweep GC freed 1522(86KB) AllocSpace objects, 1(20KB) LOS objects, 29% free, 37MB/53MB, paused 1.997ms total 67.207ms
08-06 05:21:24.134 22687 30790 I art     : Starting a blocking GC Explicit
08-06 05:21:24.176 22687 30790 I art     : Explicit concurrent mark sweep GC freed 114(4KB) AllocSpace objects, 0(0B) LOS objects, 29% free, 37MB/53MB, paused 1.341ms total 41.146ms
08-06 05:21:24.188 22687 30790 I art     : Starting a blocking GC Explicit
08-06 05:21:24.229 22687 30790 I art     : Explicit concurrent mark sweep GC freed 9(352B) AllocSpace objects, 0(0B) LOS objects, 29% free, 37MB/53MB, paused 1.522ms total 40.937ms
08-06 05:21:24.242 22687 30790 I art     : Starting a blocking GC Explicit
08-06 05:21:24.270 31265 31265 D AndroidRuntime: >>>>>> START com.android.internal.os.RuntimeInit uid 2000 <<<<<<
08-06 05:21:24.276 31265 31265 D AndroidRuntime: CheckJNI is OFF
08-06 05:21:24.286 22687 30790 I art     : Explicit concurrent mark sweep GC freed 71(5KB) AllocSpace objects, 0(0B) LOS objects, 29% free, 37MB/53MB, paused 1.441ms total 43.833ms
08-06 05:21:24.299 22687 30790 I art     : Starting a blocking GC Explicit
08-06 05:21:24.322 31265 31265 D ICU     : No timezone override file found: /data/misc/zoneinfo/current/icu/icu_tzdata.dat
08-06 05:21:24.340 22687 30790 I art     : Explicit concurrent mark sweep GC freed 9(400B) AllocSpace objects, 0(0B) LOS objects, 29% free, 37MB/53MB, paused 1.319ms total 41.042ms
08-06 05:21:24.369 31265 31265 I Radio-JNI: register_android_hardware_Radio DONE
08-06 05:21:24.398 31265 31265 D AndroidRuntime: Calling main entry com.android.commands.input.Input
08-06 05:21:24.400 31265 31265 I Input   : injectMotionEvent: MotionEvent { action=ACTION_DOWN, actionButton=0, id[0]=0, x[0]=594.0, y[0]=330.0, toolType[0]=TOOL_TYPE_UNKNOWN, buttonState=0, metaState=0, flags=0x0, edgeFlags=0x0, pointerCount=1, historySize=0, eventTime=854500813, downTime=854500813, deviceId=0, source=0x1002 }
08-06 05:21:24.406 31265 31265 I Input   : injectMotionEvent: MotionEvent { action=ACTION_UP, actionButton=0, id[0]=0, x[0]=594.0, y[0]=330.0, toolType[0]=TOOL_TYPE_UNKNOWN, buttonState=0, metaState=0, flags=0x0, edgeFlags=0x0, pointerCount=1, historySize=0, eventTime=854500813, downTime=854500813, deviceId=0, source=0x1002 }
08-06 05:21:24.408 31265 31265 D AndroidRuntime: Shutting down VM
08-06 05:21:24.475   918  3696 I ActivityManager: START u0 {cmp=baseline.com.newsblur/.activity.GlobalSharedStoriesItemsList (has extras)} from uid 10698 on display 0
08-06 05:21:24.501 22687 30476 I baseline.com.newsblur.database.BlurDatabaseHelper: reading session reset
08-06 05:21:24.626   918  3188 I hubconnection: sensorhub said: 'set_bias 3: -6.2400, 0.0000, 0.0000'
08-06 05:21:24.663 22687 30447 I art     : Starting a blocking GC Explicit
08-06 05:21:24.690 22687 22687 W View    : requestLayout() improperly called by android.widget.FrameLayout{28e6041 V.E...... ......ID 0,0-1440,18 #7f07003f app:id/footer_view_inner} during layout: running second layout pass
08-06 05:21:24.690 22687 22687 W View    : requestLayout() improperly called by android.widget.FrameLayout{b38f9e6 V.E...... ......ID 0,0-1440,2091 #7f07003f app:id/footer_view_inner} during layout: running second layout pass
08-06 05:21:24.695 22687 31104 E baseline.com.newsblur.network.APIResponse: Error (unexpected end of stream on https://www.newsblur.com/...) calling https://www.newsblur.com/reader/mark_story_hashes_as_read/
08-06 05:21:24.695 22687 31104 E baseline.com.newsblur.network.APIResponse: java.io.IOException: unexpected end of stream on https://www.newsblur.com/...
08-06 05:21:24.695 22687 31104 E baseline.com.newsblur.network.APIResponse: 	at okhttp3.internal.http1.Http1ExchangeCodec.readResponseHeaders(Http1ExchangeCodec.java:236)
08-06 05:21:24.695 22687 31104 E baseline.com.newsblur.network.APIResponse: 	at okhttp3.internal.connection.Exchange.readResponseHeaders(Exchange.java:115)
08-06 05:21:24.695 22687 31104 E baseline.com.newsblur.network.APIResponse: 	at okhttp3.internal.http.CallServerInterceptor.intercept(CallServerInterceptor.java:94)
08-06 05:21:24.695 22687 31104 E baseline.com.newsblur.network.APIResponse: 	at okhttp3.internal.http.RealInterceptorChain.proceed(RealInterceptorChain.java:142)
08-06 05:21:24.695 22687 31104 E baseline.com.newsblur.network.APIResponse: 	at okhttp3.internal.connection.ConnectInterceptor.intercept(ConnectInterceptor.java:43)
08-06 05:21:24.695 22687 31104 E baseline.com.newsblur.network.APIResponse: 	at okhttp3.internal.http.RealInterceptorChain.proceed(RealInterceptorChain.java:142)
08-06 05:21:24.695 22687 31104 E baseline.com.newsblur.network.APIResponse: 	at okhttp3.internal.http.RealInterceptorChain.proceed(RealInterceptorChain.java:117)
08-06 05:21:24.695 22687 31104 E baseline.com.newsblur.network.APIResponse: 	at okhttp3.internal.cache.CacheInterceptor.intercept(CacheInterceptor.java:94)
08-06 05:21:24.695 22687 31104 E baseline.com.newsblur.network.APIResponse: 	at okhttp3.internal.http.RealInterceptorChain.proceed(RealInterceptorChain.java:142)
08-06 05:21:24.695 22687 31104 E baseline.com.newsblur.network.APIResponse: 	at okhttp3.internal.http.RealInterceptorChain.proceed(RealInterceptorChain.java:117)
08-06 05:21:24.695 22687 31104 E baseline.com.newsblur.network.APIResponse: 	at okhttp3.internal.http.BridgeInterceptor.intercept(BridgeInterceptor.java:93)
08-06 05:21:24.695 22687 31104 E baseline.com.newsblur.network.APIResponse: 	at okhttp3.internal.http.RealInterceptorChain.proceed(RealInterceptorChain.java:142)
08-06 05:21:24.695 22687 31104 E baseline.com.newsblur.network.APIResponse: 	at okhttp3.internal.http.RetryAndFollowUpInterceptor.intercept(RetryAndFollowUpInterceptor.java:88)
08-06 05:21:24.695 22687 31104 E baseline.com.newsblur.network.APIResponse: 	at okhttp3.internal.http.RealInterceptorChain.proceed(RealInterceptorChain.java:142)
08-06 05:21:24.695 22687 31104 E baseline.com.newsblur.network.APIResponse: 	at okhttp3.internal.http.RealInterceptorChain.proceed(RealInterceptorChain.java:117)
08-06 05:21:24.695 22687 31104 E baseline.com.newsblur.network.APIResponse: 	at okhttp3.RealCall.getResponseWithInterceptorChain(RealCall.java:229)
08-06 05:21:24.695 22687 31104 E baseline.com.newsblur.network.APIResponse: 	at okhttp3.RealCall.execute(RealCall.java:81)
08-06 05:21:24.695 22687 31104 E baseline.com.newsblur.network.APIResponse: 	at baseline.com.newsblur.network.APIResponse.<init>(APIResponse.java:57)
08-06 05:21:24.695 22687 31104 E baseline.com.newsblur.network.APIResponse: 	at baseline.com.newsblur.network.APIResponse.<init>(APIResponse.java:43)
08-06 05:21:24.695 22687 31104 E baseline.com.newsblur.network.APIResponse: 	at baseline.com.newsblur.network.APIManager.post_single(APIManager.java:702)
08-06 05:21:24.695 22687 31104 E baseline.com.newsblur.network.APIResponse: 	at baseline.com.newsblur.network.APIManager.post(APIManager.java:675)
08-06 05:21:24.695 22687 31104 E baseline.com.newsblur.network.APIResponse: 	at baseline.com.newsblur.network.APIManager.post(APIManager.java:714)
08-06 05:21:24.695 22687 31104 E baseline.com.newsblur.network.APIResponse: 	at baseline.com.newsblur.network.APIManager.markStoryAsRead(APIManager.java:205)
08-06 05:21:24.695 22687 31104 E baseline.com.newsblur.network.APIResponse: 	at baseline.com.newsblur.util.ReadingAction.doRemote(ReadingAction.java:281)
08-06 05:21:24.695 22687 31104 E baseline.com.newsblur.network.APIResponse: 	at baseline.com.newsblur.service.NBSyncService.syncActions(NBSyncService.java:400)
08-06 05:21:24.695 22687 31104 E baseline.com.newsblur.network.APIResponse: 	at baseline.com.newsblur.service.NBSyncService.doSync(NBSyncService.java:298)
08-06 05:21:24.695 22687 31104 E baseline.com.newsblur.network.APIResponse: 	at baseline.com.newsblur.service.NBSyncService.access$100(NBSyncService.java:67)
08-06 05:21:24.695 22687 31104 E baseline.com.newsblur.network.APIResponse: 	at baseline.com.newsblur.service.NBSyncService$1.run(NBSyncService.java:188)
08-06 05:21:24.695 22687 31104 E baseline.com.newsblur.network.APIResponse: 	at java.util.concurrent.ThreadPoolExecutor.runWorker(ThreadPoolExecutor.java:1113)
08-06 05:21:24.695 22687 31104 E baseline.com.newsblur.network.APIResponse: 	at java.util.concurrent.ThreadPoolExecutor$Worker.run(ThreadPoolExecutor.java:588)
08-06 05:21:24.695 22687 31104 E baseline.com.newsblur.network.APIResponse: 	at java.lang.Thread.run(Thread.java:818)
08-06 05:21:24.695 22687 31104 E baseline.com.newsblur.network.APIResponse: Caused by: java.io.EOFException: \n not found: limit=0 content=
08-06 05:21:24.695 22687 31104 E baseline.com.newsblur.network.APIResponse: 	at okio.RealBufferedSource.readUtf8LineStrict(RealBufferedSource.java:240)
08-06 05:21:24.695 22687 31104 E baseline.com.newsblur.network.APIResponse: 	at okhttp3.internal.http1.Http1ExchangeCodec.readHeaderLine(Http1ExchangeCodec.java:242)
08-06 05:21:24.695 22687 31104 E baseline.com.newsblur.network.APIResponse: 	at okhttp3.internal.http1.Http1ExchangeCodec.readResponseHeaders(Http1ExchangeCodec.java:213)
08-06 05:21:24.695 22687 31104 E baseline.com.newsblur.network.APIResponse: 	... 30 more
08-06 05:21:24.696 22687 31104 I baseline.com.newsblur.network.APIManager: API call failed, pausing before retry number 2
08-06 05:21:24.708 22687 30447 I art     : Explicit concurrent mark sweep GC freed 6634(593KB) AllocSpace objects, 10(292KB) LOS objects, 29% free, 37MB/53MB, paused 1.781ms total 45.669ms
08-06 05:21:24.709   918   936 I ActivityManager: Displayed baseline.com.newsblur/.activity.GlobalSharedStoriesItemsList: +222ms
08-06 05:21:24.713 13866 13866 I GoogleInputMethodServic: GoogleInputMethodService.onFinishInput():3138 
08-06 05:21:24.713 13866 13866 I GoogleInputMethodServic: GoogleInputMethodService.onStartInput():1808 
08-06 05:21:24.721 22687 30447 I art     : Starting a blocking GC Explicit
08-06 05:21:24.763 22687 30447 I art     : Explicit concurrent mark sweep GC freed 1475(102KB) AllocSpace objects, 6(120KB) LOS objects, 29% free, 37MB/53MB, paused 1.791ms total 41.950ms
08-06 05:21:24.778 22687 30447 I art     : Starting a blocking GC Explicit
08-06 05:21:24.807 22687 31299 I NAPPA_EXPERIMENTATION: MetricNetworkRequestExecutionTime: REQUEST_DURATION_SYSTEM='34',REQUEST_DURATION_OKHTTP='32',REQUEST_SYNCHRONOUS='TRUE',RESPONSE_CODE='200',RESPONSE_METHOD='GET',RESPONSE_LENGTH_OKHTTP='43',RESPONSE_LENGTH_HEADER='43',REQUEST_PROTOCOL='http/1.1',REQUEST_URL='http://feeds.feedburner.com/~r/retort/~4/UffaFMiJbNs',
08-06 05:21:24.822 22687 30447 I art     : Explicit concurrent mark sweep GC freed 583(45KB) AllocSpace objects, 1(20KB) LOS objects, 29% free, 37MB/53MB, paused 1.340ms total 44.200ms
08-06 05:21:24.836 22687 30447 I art     : Starting a blocking GC Explicit
08-06 05:21:24.875 22687 30447 I art     : Explicit concurrent mark sweep GC freed 172(7KB) AllocSpace objects, 0(0B) LOS objects, 29% free, 37MB/53MB, paused 1.198ms total 38.275ms
08-06 05:21:24.889 22687 30447 I art     : Starting a blocking GC Explicit
08-06 05:21:24.930 22687 30447 I art     : Explicit concurrent mark sweep GC freed 3(96B) AllocSpace objects, 0(0B) LOS objects, 29% free, 37MB/53MB, paused 1.239ms total 40.539ms
08-06 05:21:25.266 22687 30447 I art     : Starting a blocking GC Explicit
08-06 05:21:25.313 22687 30447 I art     : Explicit concurrent mark sweep GC freed 1853(111KB) AllocSpace objects, 2(40KB) LOS objects, 29% free, 37MB/53MB, paused 1.371ms total 46.016ms
08-06 05:21:25.328 22687 30447 I art     : Starting a blocking GC Explicit
08-06 05:21:25.371 22687 30447 I art     : Explicit concurrent mark sweep GC freed 29(1072B) AllocSpace objects, 0(0B) LOS objects, 29% free, 37MB/53MB, paused 1.318ms total 42.936ms
08-06 05:21:25.384 22687 30447 I art     : Starting a blocking GC Explicit
08-06 05:21:25.427 22687 30447 I art     : Explicit concurrent mark sweep GC freed 3(96B) AllocSpace objects, 0(0B) LOS objects, 29% free, 37MB/53MB, paused 1.332ms total 43.346ms
08-06 05:21:25.440 22687 30447 I art     : Starting a blocking GC Explicit
08-06 05:21:25.484 22687 30447 I art     : Explicit concurrent mark sweep GC freed 3(96B) AllocSpace objects, 0(0B) LOS objects, 29% free, 37MB/53MB, paused 1.285ms total 43.609ms
08-06 05:21:25.497 22687 30447 I art     : Starting a blocking GC Explicit
08-06 05:21:25.541 22687 30447 I art     : Explicit concurrent mark sweep GC freed 3(96B) AllocSpace objects, 0(0B) LOS objects, 29% free, 37MB/53MB, paused 1.381ms total 43.343ms
08-06 05:21:25.541 22687 22697 I art     : WaitForGcToComplete blocked for 22.159ms for cause HeapTrim
08-06 05:21:25.895 22687 30447 I art     : Starting a blocking GC Explicit
08-06 05:21:25.942 22687 30447 I art     : Explicit concurrent mark sweep GC freed 1449(83KB) AllocSpace objects, 1(20KB) LOS objects, 29% free, 37MB/53MB, paused 1.372ms total 46.519ms
08-06 05:21:25.956 22687 30447 I art     : Starting a blocking GC Explicit
08-06 05:21:25.995 22687 30447 I art     : Explicit concurrent mark sweep GC freed 28(976B) AllocSpace objects, 0(0B) LOS objects, 29% free, 37MB/53MB, paused 1.185ms total 38.346ms
08-06 05:21:26.007 22687 30447 I art     : Starting a blocking GC Explicit
08-06 05:21:26.045 22687 30447 I art     : Explicit concurrent mark sweep GC freed 9(288B) AllocSpace objects, 0(0B) LOS objects, 29% free, 37MB/53MB, paused 1.226ms total 38.278ms
08-06 05:21:26.057 22687 30447 I art     : Starting a blocking GC Explicit
08-06 05:21:26.098 22687 30447 I art     : Explicit concurrent mark sweep GC freed 9(288B) AllocSpace objects, 0(0B) LOS objects, 29% free, 37MB/53MB, paused 1.357ms total 40.134ms
08-06 05:21:26.110 22687 30447 I art     : Starting a blocking GC Explicit
08-06 05:21:26.151 22687 30447 I art     : Explicit concurrent mark sweep GC freed 4(128B) AllocSpace objects, 0(0B) LOS objects, 29% free, 37MB/53MB, paused 1.396ms total 40.690ms
08-06 05:21:26.526 22687 30790 I art     : Starting a blocking GC Explicit
08-06 05:21:26.572 22687 30790 I art     : Explicit concurrent mark sweep GC freed 1440(82KB) AllocSpace objects, 1(20KB) LOS objects, 29% free, 37MB/53MB, paused 1.395ms total 46.140ms
08-06 05:21:26.585 22687 30790 I art     : Starting a blocking GC Explicit
08-06 05:21:26.634 22687 30790 I art     : Explicit concurrent mark sweep GC freed 22(784B) AllocSpace objects, 0(0B) LOS objects, 29% free, 37MB/53MB, paused 1.274ms total 48.327ms
08-06 05:21:26.647 22687 30790 I art     : Starting a blocking GC Explicit
08-06 05:21:26.694 22687 30790 I art     : Explicit concurrent mark sweep GC freed 3(96B) AllocSpace objects, 0(0B) LOS objects, 29% free, 37MB/53MB, paused 1.432ms total 46.934ms
08-06 05:21:26.708 22687 30790 I art     : Starting a blocking GC Explicit
08-06 05:21:26.756 22687 30790 I art     : Explicit concurrent mark sweep GC freed 3(96B) AllocSpace objects, 0(0B) LOS objects, 29% free, 37MB/53MB, paused 1.446ms total 48.585ms
08-06 05:21:26.770 22687 30790 I art     : Starting a blocking GC Explicit
08-06 05:21:26.818 22687 30790 I art     : Explicit concurrent mark sweep GC freed 3(96B) AllocSpace objects, 0(0B) LOS objects, 29% free, 37MB/53MB, paused 1.434ms total 47.992ms
08-06 05:21:27.170 22687 22698 I art     : Starting a blocking GC Explicit
08-06 05:21:27.221 22687 22698 I art     : Explicit concurrent mark sweep GC freed 1441(83KB) AllocSpace objects, 1(20KB) LOS objects, 29% free, 37MB/53MB, paused 1.372ms total 50.863ms
08-06 05:21:27.236 22687 22698 I art     : Starting a blocking GC Explicit
08-06 05:21:27.283 22687 22698 I art     : Explicit concurrent mark sweep GC freed 22(784B) AllocSpace objects, 0(0B) LOS objects, 29% free, 37MB/53MB, paused 1.394ms total 47.329ms
08-06 05:21:27.296 22687 22698 I art     : Starting a blocking GC Explicit
08-06 05:21:27.344 22687 22698 I art     : Explicit concurrent mark sweep GC freed 3(96B) AllocSpace objects, 0(0B) LOS objects, 29% free, 37MB/53MB, paused 1.314ms total 46.945ms
08-06 05:21:27.357 22687 22698 I art     : Starting a blocking GC Explicit
08-06 05:21:27.406 22687 22698 I art     : Explicit concurrent mark sweep GC freed 3(96B) AllocSpace objects, 0(0B) LOS objects, 29% free, 37MB/53MB, paused 1.360ms total 48.607ms
08-06 05:21:27.419 22687 22698 I art     : Starting a blocking GC Explicit
08-06 05:21:27.467 22687 22698 I art     : Explicit concurrent mark sweep GC freed 3(96B) AllocSpace objects, 0(0B) LOS objects, 29% free, 37MB/53MB, paused 1.410ms total 47.580ms
08-06 05:21:27.850 22687 22699 I art     : Starting a blocking GC Explicit
08-06 05:21:27.902 22687 22699 I art     : Explicit concurrent mark sweep GC freed 1606(91KB) AllocSpace objects, 1(20KB) LOS objects, 29% free, 37MB/53MB, paused 1.482ms total 51.995ms
08-06 05:21:27.919 22687 22699 I art     : Starting a blocking GC Explicit
08-06 05:21:27.966 22687 22699 I art     : Explicit concurrent mark sweep GC freed 28(1040B) AllocSpace objects, 0(0B) LOS objects, 29% free, 37MB/53MB, paused 1.457ms total 46.099ms
08-06 05:21:27.979 22687 22699 I art     : Starting a blocking GC Explicit
08-06 05:21:28.027 22687 22699 I art     : Explicit concurrent mark sweep GC freed 3(96B) AllocSpace objects, 0(0B) LOS objects, 29% free, 37MB/53MB, paused 1.478ms total 48.204ms
08-06 05:21:28.040 22687 22699 I art     : Starting a blocking GC Explicit
08-06 05:21:28.088 22687 22699 I art     : Explicit concurrent mark sweep GC freed 3(96B) AllocSpace objects, 0(0B) LOS objects, 29% free, 37MB/53MB, paused 1.608ms total 46.994ms
08-06 05:21:28.101 22687 22699 I art     : Starting a blocking GC Explicit
08-06 05:21:28.149 22687 22699 I art     : Explicit concurrent mark sweep GC freed 1597(62KB) AllocSpace objects, 0(0B) LOS objects, 29% free, 37MB/53MB, paused 1.578ms total 47.845ms
08-06 05:21:28.184 22687 31104 E baseline.com.newsblur.network.APIResponse: Error (unexpected end of stream on https://www.newsblur.com/...) calling https://www.newsblur.com/reader/mark_story_hashes_as_read/
08-06 05:21:28.184 22687 31104 E baseline.com.newsblur.network.APIResponse: java.io.IOException: unexpected end of stream on https://www.newsblur.com/...
08-06 05:21:28.184 22687 31104 E baseline.com.newsblur.network.APIResponse: 	at okhttp3.internal.http1.Http1ExchangeCodec.readResponseHeaders(Http1ExchangeCodec.java:236)
08-06 05:21:28.184 22687 31104 E baseline.com.newsblur.network.APIResponse: 	at okhttp3.internal.connection.Exchange.readResponseHeaders(Exchange.java:115)
08-06 05:21:28.184 22687 31104 E baseline.com.newsblur.network.APIResponse: 	at okhttp3.internal.http.CallServerInterceptor.intercept(CallServerInterceptor.java:94)
08-06 05:21:28.184 22687 31104 E baseline.com.newsblur.network.APIResponse: 	at okhttp3.internal.http.RealInterceptorChain.proceed(RealInterceptorChain.java:142)
08-06 05:21:28.184 22687 31104 E baseline.com.newsblur.network.APIResponse: 	at okhttp3.internal.connection.ConnectInterceptor.intercept(ConnectInterceptor.java:43)
08-06 05:21:28.184 22687 31104 E baseline.com.newsblur.network.APIResponse: 	at okhttp3.internal.http.RealInterceptorChain.proceed(RealInterceptorChain.java:142)
08-06 05:21:28.184 22687 31104 E baseline.com.newsblur.network.APIResponse: 	at okhttp3.internal.http.RealInterceptorChain.proceed(RealInterceptorChain.java:117)
08-06 05:21:28.184 22687 31104 E baseline.com.newsblur.network.APIResponse: 	at okhttp3.internal.cache.CacheInterceptor.intercept(CacheInterceptor.java:94)
08-06 05:21:28.184 22687 31104 E baseline.com.newsblur.network.APIResponse: 	at okhttp3.internal.http.RealInterceptorChain.proceed(RealInterceptorChain.java:142)
08-06 05:21:28.184 22687 31104 E baseline.com.newsblur.network.APIResponse: 	at okhttp3.internal.http.RealInterceptorChain.proceed(RealInterceptorChain.java:117)
08-06 05:21:28.184 22687 31104 E baseline.com.newsblur.network.APIResponse: 	at okhttp3.internal.http.BridgeInterceptor.intercept(BridgeInterceptor.java:93)
08-06 05:21:28.184 22687 31104 E baseline.com.newsblur.network.APIResponse: 	at okhttp3.internal.http.RealInterceptorChain.proceed(RealInterceptorChain.java:142)
08-06 05:21:28.184 22687 31104 E baseline.com.newsblur.network.APIResponse: 	at okhttp3.internal.http.RetryAndFollowUpInterceptor.intercept(RetryAndFollowUpInterceptor.java:88)
08-06 05:21:28.184 22687 31104 E baseline.com.newsblur.network.APIResponse: 	at okhttp3.internal.http.RealInterceptorChain.proceed(RealInterceptorChain.java:142)
08-06 05:21:28.184 22687 31104 E baseline.com.newsblur.network.APIResponse: 	at okhttp3.internal.http.RealInterceptorChain.proceed(RealInterceptorChain.java:117)
08-06 05:21:28.184 22687 31104 E baseline.com.newsblur.network.APIResponse: 	at okhttp3.RealCall.getResponseWithInterceptorChain(RealCall.java:229)
08-06 05:21:28.184 22687 31104 E baseline.com.newsblur.network.APIResponse: 	at okhttp3.RealCall.execute(RealCall.java:81)
08-06 05:21:28.184 22687 31104 E baseline.com.newsblur.network.APIResponse: 	at baseline.com.newsblur.network.APIResponse.<init>(APIResponse.java:57)
08-06 05:21:28.184 22687 31104 E baseline.com.newsblur.network.APIResponse: 	at baseline.com.newsblur.network.APIResponse.<init>(APIResponse.java:43)
08-06 05:21:28.184 22687 31104 E baseline.com.newsblur.network.APIResponse: 	at baseline.com.newsblur.network.APIManager.post_single(APIManager.java:702)
08-06 05:21:28.184 22687 31104 E baseline.com.newsblur.network.APIResponse: 	at baseline.com.newsblur.network.APIManager.post(APIManager.java:675)
08-06 05:21:28.184 22687 31104 E baseline.com.newsblur.network.APIResponse: 	at baseline.com.newsblur.network.APIManager.post(APIManager.java:714)
08-06 05:21:28.184 22687 31104 E baseline.com.newsblur.network.APIResponse: 	at baseline.com.newsblur.network.APIManager.markStoryAsRead(APIManager.java:205)
08-06 05:21:28.184 22687 31104 E baseline.com.newsblur.network.APIResponse: 	at baseline.com.newsblur.util.ReadingAction.doRemote(ReadingAction.java:281)
08-06 05:21:28.184 22687 31104 E baseline.com.newsblur.network.APIResponse: 	at baseline.com.newsblur.service.NBSyncService.syncActions(NBSyncService.java:400)
08-06 05:21:28.184 22687 31104 E baseline.com.newsblur.network.APIResponse: 	at baseline.com.newsblur.service.NBSyncService.doSync(NBSyncService.java:298)
08-06 05:21:28.184 22687 31104 E baseline.com.newsblur.network.APIResponse: 	at baseline.com.newsblur.service.NBSyncService.access$100(NBSyncService.java:67)
08-06 05:21:28.184 22687 31104 E baseline.com.newsblur.network.APIResponse: 	at baseline.com.newsblur.service.NBSyncService$1.run(NBSyncService.java:188)
08-06 05:21:28.184 22687 31104 E baseline.com.newsblur.network.APIResponse: 	at java.util.concurrent.ThreadPoolExecutor.runWorker(ThreadPoolExecutor.java:1113)
08-06 05:21:28.184 22687 31104 E baseline.com.newsblur.network.APIResponse: 	at java.util.concurrent.ThreadPoolExecutor$Worker.run(ThreadPoolExecutor.java:588)
08-06 05:21:28.184 22687 31104 E baseline.com.newsblur.network.APIResponse: 	at java.lang.Thread.run(Thread.java:818)
08-06 05:21:28.184 22687 31104 E baseline.com.newsblur.network.APIResponse: Caused by: java.io.EOFException: \n not found: limit=0 content=
08-06 05:21:28.184 22687 31104 E baseline.com.newsblur.network.APIResponse: 	at okio.RealBufferedSource.readUtf8LineStrict(RealBufferedSource.java:240)
08-06 05:21:28.184 22687 31104 E baseline.com.newsblur.network.APIResponse: 	at okhttp3.internal.http1.Http1ExchangeCodec.readHeaderLine(Http1ExchangeCodec.java:242)
08-06 05:21:28.184 22687 31104 E baseline.com.newsblur.network.APIResponse: 	at okhttp3.internal.http1.Http1ExchangeCodec.readResponseHeaders(Http1ExchangeCodec.java:213)
08-06 05:21:28.184 22687 31104 E baseline.com.newsblur.network.APIResponse: 	... 30 more
08-06 05:21:28.186 22687 31104 I baseline.com.newsblur.service.NBSyncService: Holding reading action with server-side or network error.
08-06 05:21:28.198 22687 31104 W baseline.com.newsblur.service.NBSyncService: hard API failure
08-06 05:21:28.208 22687 31104 I baseline.com.newsblur.service.NBSyncService: recounting dirty feed sets: 1
08-06 05:21:28.514 22687 30447 I art     : Starting a blocking GC Explicit
08-06 05:21:28.565 22687 30447 I art     : Explicit concurrent mark sweep GC freed 3205(368KB) AllocSpace objects, 5(100KB) LOS objects, 29% free, 37MB/53MB, paused 1.484ms total 49.809ms
08-06 05:21:28.578 22687 30447 I art     : Starting a blocking GC Explicit
08-06 05:21:28.629 22687 30447 I art     : Explicit concurrent mark sweep GC freed 250(9KB) AllocSpace objects, 0(0B) LOS objects, 29% free, 37MB/53MB, paused 1.516ms total 50.285ms
08-06 05:21:28.646 22687 30447 I art     : Starting a blocking GC Explicit
08-06 05:21:28.692 22687 30447 I art     : Explicit concurrent mark sweep GC freed 1658(64KB) AllocSpace objects, 0(0B) LOS objects, 29% free, 37MB/53MB, paused 1.485ms total 45.508ms
08-06 05:21:28.705 22687 30447 I art     : Starting a blocking GC Explicit
08-06 05:21:28.712 22687 31104 E baseline.com.newsblur.network.APIResponse: Error (unexpected end of stream on https://www.newsblur.com/...) calling https://www.newsblur.com/reader/feed_unread_count?feed_id=0
08-06 05:21:28.712 22687 31104 E baseline.com.newsblur.network.APIResponse: java.io.IOException: unexpected end of stream on https://www.newsblur.com/...
08-06 05:21:28.712 22687 31104 E baseline.com.newsblur.network.APIResponse: 	at okhttp3.internal.http1.Http1ExchangeCodec.readResponseHeaders(Http1ExchangeCodec.java:236)
08-06 05:21:28.712 22687 31104 E baseline.com.newsblur.network.APIResponse: 	at okhttp3.internal.connection.Exchange.readResponseHeaders(Exchange.java:115)
08-06 05:21:28.712 22687 31104 E baseline.com.newsblur.network.APIResponse: 	at okhttp3.internal.http.CallServerInterceptor.intercept(CallServerInterceptor.java:94)
08-06 05:21:28.712 22687 31104 E baseline.com.newsblur.network.APIResponse: 	at okhttp3.internal.http.RealInterceptorChain.proceed(RealInterceptorChain.java:142)
08-06 05:21:28.712 22687 31104 E baseline.com.newsblur.network.APIResponse: 	at okhttp3.internal.connection.ConnectInterceptor.intercept(ConnectInterceptor.java:43)
08-06 05:21:28.712 22687 31104 E baseline.com.newsblur.network.APIResponse: 	at okhttp3.internal.http.RealInterceptorChain.proceed(RealInterceptorChain.java:142)
08-06 05:21:28.712 22687 31104 E baseline.com.newsblur.network.APIResponse: 	at okhttp3.internal.http.RealInterceptorChain.proceed(RealInterceptorChain.java:117)
08-06 05:21:28.712 22687 31104 E baseline.com.newsblur.network.APIResponse: 	at okhttp3.internal.cache.CacheInterceptor.intercept(CacheInterceptor.java:94)
08-06 05:21:28.712 22687 31104 E baseline.com.newsblur.network.APIResponse: 	at okhttp3.internal.http.RealInterceptorChain.proceed(RealInterceptorChain.java:142)
08-06 05:21:28.712 22687 31104 E baseline.com.newsblur.network.APIResponse: 	at okhttp3.internal.http.RealInterceptorChain.proceed(RealInterceptorChain.java:117)
08-06 05:21:28.712 22687 31104 E baseline.com.newsblur.network.APIResponse: 	at okhttp3.internal.http.BridgeInterceptor.intercept(BridgeInterceptor.java:93)
08-06 05:21:28.712 22687 31104 E baseline.com.newsblur.network.APIResponse: 	at okhttp3.internal.http.RealInterceptorChain.proceed(RealInterceptorChain.java:142)
08-06 05:21:28.712 22687 31104 E baseline.com.newsblur.network.APIResponse: 	at okhttp3.internal.http.RetryAndFollowUpInterceptor.intercept(RetryAndFollowUpInterceptor.java:88)
08-06 05:21:28.712 22687 31104 E baseline.com.newsblur.network.APIResponse: 	at okhttp3.internal.http.RealInterceptorChain.proceed(RealInterceptorChain.java:142)
08-06 05:21:28.712 22687 31104 E baseline.com.newsblur.network.APIResponse: 	at okhttp3.internal.http.RealInterceptorChain.proceed(RealInterceptorChain.java:117)
08-06 05:21:28.712 22687 31104 E baseline.com.newsblur.network.APIResponse: 	at okhttp3.RealCall.getResponseWithInterceptorChain(RealCall.java:229)
08-06 05:21:28.712 22687 31104 E baseline.com.newsblur.network.APIResponse: 	at okhttp3.RealCall.execute(RealCall.java:81)
08-06 05:21:28.712 22687 31104 E baseline.com.newsblur.network.APIResponse: 	at baseline.com.newsblur.network.APIResponse.<init>(APIResponse.java:57)
08-06 05:21:28.712 22687 31104 E baseline.com.newsblur.network.APIResponse: 	at baseline.com.newsblur.network.APIManager.get_single(APIManager.java:639)
08-06 05:21:28.712 22687 31104 E baseline.com.newsblur.network.APIResponse: 	at baseline.com.newsblur.network.APIManager.get(APIManager.java:625)
08-06 05:21:28.712 22687 31104 E baseline.com.newsblur.network.APIResponse: 	at baseline.com.newsblur.network.APIManager.get(APIManager.java:667)
08-06 05:21:28.712 22687 31104 E baseline.com.newsblur.network.APIResponse: 	at baseline.com.newsblur.network.APIManager.getFeedUnreadCounts(APIManager.java:274)
08-06 05:21:28.712 22687 31104 E baseline.com.newsblur.network.APIResponse: 	at baseline.com.newsblur.service.NBSyncService.checkRecounts(NBSyncService.java:660)
08-06 05:21:28.712 22687 31104 E baseline.com.newsblur.network.APIResponse: 	at baseline.com.newsblur.service.NBSyncService.doSync(NBSyncService.java:310)
08-06 05:21:28.712 22687 31104 E baseline.com.newsblur.network.APIResponse: 	at baseline.com.newsblur.service.NBSyncService.access$100(NBSyncService.java:67)
08-06 05:21:28.712 22687 31104 E baseline.com.newsblur.network.APIResponse: 	at baseline.com.newsblur.service.NBSyncService$1.run(NBSyncService.java:188)
08-06 05:21:28.712 22687 31104 E baseline.com.newsblur.network.APIResponse: 	at java.util.concurrent.ThreadPoolExecutor.runWorker(ThreadPoolExecutor.java:1113)
08-06 05:21:28.712 22687 31104 E baseline.com.newsblur.network.APIResponse: 	at java.util.concurrent.ThreadPoolExecutor$Worker.run(ThreadPoolExecutor.java:588)
08-06 05:21:28.712 22687 31104 E baseline.com.newsblur.network.APIResponse: 	at java.lang.Thread.run(Thread.java:818)
08-06 05:21:28.712 22687 31104 E baseline.com.newsblur.network.APIResponse: Caused by: java.io.EOFException: \n not found: limit=0 content=
08-06 05:21:28.712 22687 31104 E baseline.com.newsblur.network.APIResponse: 	at okio.RealBufferedSource.readUtf8LineStrict(RealBufferedSource.java:240)
08-06 05:21:28.712 22687 31104 E baseline.com.newsblur.network.APIResponse: 	at okhttp3.internal.http1.Http1ExchangeCodec.readHeaderLine(Http1ExchangeCodec.java:242)
08-06 05:21:28.712 22687 31104 E baseline.com.newsblur.network.APIResponse: 	at okhttp3.internal.http1.Http1ExchangeCodec.readResponseHeaders(Http1ExchangeCodec.java:213)
08-06 05:21:28.712 22687 31104 E baseline.com.newsblur.network.APIResponse: 	... 28 more
08-06 05:21:28.714 22687 31104 I baseline.com.newsblur.network.APIManager: API call failed, pausing before retry number 1
08-06 05:21:28.753 22687 30447 I art     : Explicit concurrent mark sweep GC freed 796(194KB) AllocSpace objects, 2(40KB) LOS objects, 29% free, 37MB/53MB, paused 1.319ms total 47.399ms
08-06 05:21:28.766 22687 30447 I art     : Starting a blocking GC Explicit
08-06 05:21:28.812 22687 30447 I art     : Explicit concurrent mark sweep GC freed 108(16KB) AllocSpace objects, 0(0B) LOS objects, 29% free, 37MB/53MB, paused 1.404ms total 46.241ms
08-06 05:21:29.200 22687 30790 I art     : Starting a blocking GC Explicit
08-06 05:21:29.253 22687 30790 I art     : Explicit concurrent mark sweep GC freed 1461(83KB) AllocSpace objects, 1(20KB) LOS objects, 29% free, 37MB/53MB, paused 1.446ms total 52.455ms
08-06 05:21:29.271 22687 30790 I art     : Starting a blocking GC Explicit
08-06 05:21:29.317 22687 30790 I art     : Explicit concurrent mark sweep GC freed 22(784B) AllocSpace objects, 0(0B) LOS objects, 29% free, 37MB/53MB, paused 1.414ms total 46ms
08-06 05:21:29.330 22687 30790 I art     : Starting a blocking GC Explicit
08-06 05:21:29.377 22687 30790 I art     : Explicit concurrent mark sweep GC freed 3(96B) AllocSpace objects, 0(0B) LOS objects, 29% free, 37MB/53MB, paused 1.505ms total 47.196ms
08-06 05:21:29.391 22687 30790 I art     : Starting a blocking GC Explicit
08-06 05:21:29.438 22687 30790 I art     : Explicit concurrent mark sweep GC freed 3(96B) AllocSpace objects, 0(0B) LOS objects, 29% free, 37MB/53MB, paused 1.510ms total 47.088ms
08-06 05:21:29.451 22687 30790 I art     : Starting a blocking GC Explicit
08-06 05:21:29.501 22687 30790 I art     : Explicit concurrent mark sweep GC freed 3(96B) AllocSpace objects, 0(0B) LOS objects, 29% free, 37MB/53MB, paused 1.428ms total 49.048ms
08-06 05:21:29.887 22687 22698 I art     : Starting a blocking GC Explicit
08-06 05:21:29.935 22687 22698 I art     : Explicit concurrent mark sweep GC freed 1437(82KB) AllocSpace objects, 1(20KB) LOS objects, 29% free, 37MB/53MB, paused 1.431ms total 48.363ms
08-06 05:21:29.949 22687 22698 I art     : Starting a blocking GC Explicit
08-06 05:21:29.997 22687 22698 I art     : Explicit concurrent mark sweep GC freed 22(784B) AllocSpace objects, 0(0B) LOS objects, 29% free, 37MB/53MB, paused 1.446ms total 47.973ms
08-06 05:21:30.011 22687 22698 I art     : Starting a blocking GC Explicit
08-06 05:21:30.059 22687 22698 I art     : Explicit concurrent mark sweep GC freed 3(96B) AllocSpace objects, 0(0B) LOS objects, 29% free, 37MB/53MB, paused 1.293ms total 47.754ms
08-06 05:21:30.072 22687 22698 I art     : Starting a blocking GC Explicit
08-06 05:21:30.122 22687 22698 I art     : Explicit concurrent mark sweep GC freed 3(96B) AllocSpace objects, 0(0B) LOS objects, 29% free, 37MB/53MB, paused 1.432ms total 50.041ms
08-06 05:21:30.136 22687 22698 I art     : Starting a blocking GC Explicit
08-06 05:21:30.184 22687 22698 I art     : Explicit concurrent mark sweep GC freed 3(96B) AllocSpace objects, 0(0B) LOS objects, 29% free, 37MB/53MB, paused 1.421ms total 47.679ms
08-06 05:21:30.555 22687 22699 I art     : Starting a blocking GC Explicit
08-06 05:21:30.607 22687 22699 I art     : Explicit concurrent mark sweep GC freed 1605(91KB) AllocSpace objects, 1(20KB) LOS objects, 29% free, 37MB/53MB, paused 1.518ms total 52.041ms
08-06 05:21:30.625 22687 22699 I art     : Starting a blocking GC Explicit
08-06 05:21:30.671 22687 22699 I art     : Explicit concurrent mark sweep GC freed 28(1040B) AllocSpace objects, 0(0B) LOS objects, 29% free, 37MB/53MB, paused 1.388ms total 45.728ms
08-06 05:21:30.683 22687 22699 I art     : Starting a blocking GC Explicit
08-06 05:21:30.731 22687 22699 I art     : Explicit concurrent mark sweep GC freed 1690(66KB) AllocSpace objects, 0(0B) LOS objects, 29% free, 37MB/53MB, paused 1.525ms total 47.532ms
08-06 05:21:30.744 22687 22699 I art     : Starting a blocking GC Explicit
08-06 05:21:30.747 22687 31104 E baseline.com.newsblur.network.APIResponse: Error (unexpected end of stream on https://www.newsblur.com/...) calling https://www.newsblur.com/reader/feed_unread_count?feed_id=0
08-06 05:21:30.747 22687 31104 E baseline.com.newsblur.network.APIResponse: java.io.IOException: unexpected end of stream on https://www.newsblur.com/...
08-06 05:21:30.747 22687 31104 E baseline.com.newsblur.network.APIResponse: 	at okhttp3.internal.http1.Http1ExchangeCodec.readResponseHeaders(Http1ExchangeCodec.java:236)
08-06 05:21:30.747 22687 31104 E baseline.com.newsblur.network.APIResponse: 	at okhttp3.internal.connection.Exchange.readResponseHeaders(Exchange.java:115)
08-06 05:21:30.747 22687 31104 E baseline.com.newsblur.network.APIResponse: 	at okhttp3.internal.http.CallServerInterceptor.intercept(CallServerInterceptor.java:94)
08-06 05:21:30.747 22687 31104 E baseline.com.newsblur.network.APIResponse: 	at okhttp3.internal.http.RealInterceptorChain.proceed(RealInterceptorChain.java:142)
08-06 05:21:30.747 22687 31104 E baseline.com.newsblur.network.APIResponse: 	at okhttp3.internal.connection.ConnectInterceptor.intercept(ConnectInterceptor.java:43)
08-06 05:21:30.747 22687 31104 E baseline.com.newsblur.network.APIResponse: 	at okhttp3.internal.http.RealInterceptorChain.proceed(RealInterceptorChain.java:142)
08-06 05:21:30.747 22687 31104 E baseline.com.newsblur.network.APIResponse: 	at okhttp3.internal.http.RealInterceptorChain.proceed(RealInterceptorChain.java:117)
08-06 05:21:30.747 22687 31104 E baseline.com.newsblur.network.APIResponse: 	at okhttp3.internal.cache.CacheInterceptor.intercept(CacheInterceptor.java:94)
08-06 05:21:30.747 22687 31104 E baseline.com.newsblur.network.APIResponse: 	at okhttp3.internal.http.RealInterceptorChain.proceed(RealInterceptorChain.java:142)
08-06 05:21:30.747 22687 31104 E baseline.com.newsblur.network.APIResponse: 	at okhttp3.internal.http.RealInterceptorChain.proceed(RealInterceptorChain.java:117)
08-06 05:21:30.747 22687 31104 E baseline.com.newsblur.network.APIResponse: 	at okhttp3.internal.http.BridgeInterceptor.intercept(BridgeInterceptor.java:93)
08-06 05:21:30.747 22687 31104 E baseline.com.newsblur.network.APIResponse: 	at okhttp3.internal.http.RealInterceptorChain.proceed(RealInterceptorChain.java:142)
08-06 05:21:30.747 22687 31104 E baseline.com.newsblur.network.APIResponse: 	at okhttp3.internal.http.RetryAndFollowUpInterceptor.intercept(RetryAndFollowUpInterceptor.java:88)
08-06 05:21:30.747 22687 31104 E baseline.com.newsblur.network.APIResponse: 	at okhttp3.internal.http.RealInterceptorChain.proceed(RealInterceptorChain.java:142)
08-06 05:21:30.747 22687 31104 E baseline.com.newsblur.network.APIResponse: 	at okhttp3.internal.http.RealInterceptorChain.proceed(RealInterceptorChain.java:117)
08-06 05:21:30.747 22687 31104 E baseline.com.newsblur.network.APIResponse: 	at okhttp3.RealCall.getResponseWithInterceptorChain(RealCall.java:229)
08-06 05:21:30.747 22687 31104 E baseline.com.newsblur.network.APIResponse: 	at okhttp3.RealCall.execute(RealCall.java:81)
08-06 05:21:30.747 22687 31104 E baseline.com.newsblur.network.APIResponse: 	at baseline.com.newsblur.network.APIResponse.<init>(APIResponse.java:57)
08-06 05:21:30.747 22687 31104 E baseline.com.newsblur.network.APIResponse: 	at baseline.com.newsblur.network.APIManager.get_single(APIManager.java:639)
08-06 05:21:30.747 22687 31104 E baseline.com.newsblur.network.APIResponse: 	at baseline.com.newsblur.network.APIManager.get(APIManager.java:625)
08-06 05:21:30.747 22687 31104 E baseline.com.newsblur.network.APIResponse: 	at baseline.com.newsblur.network.APIManager.get(APIManager.java:667)
08-06 05:21:30.747 22687 31104 E baseline.com.newsblur.network.APIResponse: 	at baseline.com.newsblur.network.APIManager.getFeedUnreadCounts(APIManager.java:274)
08-06 05:21:30.747 22687 31104 E baseline.com.newsblur.network.APIResponse: 	at baseline.com.newsblur.service.NBSyncService.checkRecounts(NBSyncService.java:660)
08-06 05:21:30.747 22687 31104 E baseline.com.newsblur.network.APIResponse: 	at baseline.com.newsblur.service.NBSyncService.doSync(NBSyncService.java:310)
08-06 05:21:30.747 22687 31104 E baseline.com.newsblur.network.APIResponse: 	at baseline.com.newsblur.service.NBSyncService.access$100(NBSyncService.java:67)
08-06 05:21:30.747 22687 31104 E baseline.com.newsblur.network.APIResponse: 	at baseline.com.newsblur.service.NBSyncService$1.run(NBSyncService.java:188)
08-06 05:21:30.747 22687 31104 E baseline.com.newsblur.network.APIResponse: 	at java.util.concurrent.ThreadPoolExecutor.runWorker(ThreadPoolExecutor.java:1113)
08-06 05:21:30.747 22687 31104 E baseline.com.newsblur.network.APIResponse: 	at java.util.concurrent.ThreadPoolExecutor$Worker.run(ThreadPoolExecutor.java:588)
08-06 05:21:30.747 22687 31104 E baseline.com.newsblur.network.APIResponse: 	at java.lang.Thread.run(Thread.java:818)
08-06 05:21:30.747 22687 31104 E baseline.com.newsblur.network.APIResponse: Caused by: java.io.EOFException: \n not found: limit=0 content=
08-06 05:21:30.747 22687 31104 E baseline.com.newsblur.network.APIResponse: 	at okio.RealBufferedSource.readUtf8LineStrict(RealBufferedSource.java:240)
08-06 05:21:30.747 22687 31104 E baseline.com.newsblur.network.APIResponse: 	at okhttp3.internal.http1.Http1ExchangeCodec.readHeaderLine(Http1ExchangeCodec.java:242)
08-06 05:21:30.747 22687 31104 E baseline.com.newsblur.network.APIResponse: 	at okhttp3.internal.http1.Http1ExchangeCodec.readResponseHeaders(Http1ExchangeCodec.java:213)
08-06 05:21:30.747 22687 31104 E baseline.com.newsblur.network.APIResponse: 	... 28 more
08-06 05:21:30.748 22687 31104 I baseline.com.newsblur.network.APIManager: API call failed, pausing before retry number 2
08-06 05:21:30.792 22687 22699 I art     : Explicit concurrent mark sweep GC freed 571(175KB) AllocSpace objects, 2(40KB) LOS objects, 29% free, 37MB/53MB, paused 1.369ms total 47.024ms
08-06 05:21:30.805 22687 22699 I art     : Starting a blocking GC Explicit
08-06 05:21:30.855 22687 22699 I art     : Explicit concurrent mark sweep GC freed 320(34KB) AllocSpace objects, 0(0B) LOS objects, 29% free, 37MB/53MB, paused 1.396ms total 48.898ms
08-06 05:21:31.188   518   646 I ThermalEngine: ACTION: GPU - Setting GPU[0] to 510000000
08-06 05:21:31.224 22687 30447 I art     : Starting a blocking GC Explicit
08-06 05:21:31.263 22687 30447 I art     : Explicit concurrent mark sweep GC freed 1441(82KB) AllocSpace objects, 1(20KB) LOS objects, 29% free, 37MB/53MB, paused 1.034ms total 38.457ms
08-06 05:21:31.274 22687 30447 I art     : Starting a blocking GC Explicit
08-06 05:21:31.311 22687 30447 I art     : Explicit concurrent mark sweep GC freed 22(784B) AllocSpace objects, 0(0B) LOS objects, 29% free, 37MB/53MB, paused 1.078ms total 37.246ms
08-06 05:21:31.322 22687 30447 I art     : Starting a blocking GC Explicit
08-06 05:21:31.359 22687 30447 I art     : Explicit concurrent mark sweep GC freed 3(96B) AllocSpace objects, 0(0B) LOS objects, 29% free, 37MB/53MB, paused 1.069ms total 37.223ms
08-06 05:21:31.369 22687 30447 I art     : Starting a blocking GC Explicit
08-06 05:21:31.405 22687 30447 I art     : Explicit concurrent mark sweep GC freed 8(256B) AllocSpace objects, 0(0B) LOS objects, 29% free, 37MB/53MB, paused 1.022ms total 35.371ms
08-06 05:21:31.415 22687 30447 I art     : Starting a blocking GC Explicit
08-06 05:21:31.451 22687 30447 I art     : Explicit concurrent mark sweep GC freed 16(688B) AllocSpace objects, 0(0B) LOS objects, 29% free, 37MB/53MB, paused 984us total 35.697ms
08-06 05:21:31.798 22687 30790 I art     : Starting a blocking GC Explicit
08-06 05:21:31.836 22687 30790 I art     : Explicit concurrent mark sweep GC freed 2431(131KB) AllocSpace objects, 1(20KB) LOS objects, 29% free, 37MB/53MB, paused 1.066ms total 38.211ms
08-06 05:21:31.847 22687 30790 I art     : Starting a blocking GC Explicit
08-06 05:21:31.881 22687 30790 I art     : Explicit concurrent mark sweep GC freed 629(52KB) AllocSpace objects, 0(0B) LOS objects, 29% free, 37MB/53MB, paused 934us total 34.172ms
08-06 05:21:31.891 22687 30790 I art     : Starting a blocking GC Explicit
08-06 05:21:31.927 22687 30790 I art     : Explicit concurrent mark sweep GC freed 3(96B) AllocSpace objects, 0(0B) LOS objects, 29% free, 37MB/53MB, paused 1.062ms total 35.520ms
08-06 05:21:31.937 22687 30790 I art     : Starting a blocking GC Explicit
08-06 05:21:31.973 22687 30790 I art     : Explicit concurrent mark sweep GC freed 3(96B) AllocSpace objects, 0(0B) LOS objects, 29% free, 37MB/53MB, paused 1.036ms total 35.438ms
08-06 05:21:31.983 22687 30790 I art     : Starting a blocking GC Explicit
08-06 05:21:32.019 22687 30790 I art     : Explicit concurrent mark sweep GC freed 3(96B) AllocSpace objects, 0(0B) LOS objects, 29% free, 37MB/53MB, paused 1.038ms total 35.143ms
08-06 05:21:32.371 22687 22698 I art     : Starting a blocking GC Explicit
08-06 05:21:32.408 22687 22698 I art     : Explicit concurrent mark sweep GC freed 1933(107KB) AllocSpace objects, 1(20KB) LOS objects, 29% free, 37MB/53MB, paused 1.105ms total 36.779ms
08-06 05:21:32.419 22687 22698 I art     : Starting a blocking GC Explicit
08-06 05:21:32.455 22687 22698 I art     : Explicit concurrent mark sweep GC freed 402(29KB) AllocSpace objects, 0(0B) LOS objects, 29% free, 37MB/53MB, paused 984us total 35.405ms
08-06 05:21:32.465 22687 22698 I art     : Starting a blocking GC Explicit
08-06 05:21:32.501 22687 22698 I art     : Explicit concurrent mark sweep GC freed 3(96B) AllocSpace objects, 0(0B) LOS objects, 29% free, 37MB/53MB, paused 1.003ms total 35.826ms
08-06 05:21:32.511 22687 22698 I art     : Starting a blocking GC Explicit
08-06 05:21:32.547 22687 22698 I art     : Explicit concurrent mark sweep GC freed 3(96B) AllocSpace objects, 0(0B) LOS objects, 29% free, 37MB/53MB, paused 998us total 35.688ms
08-06 05:21:32.557 22687 22698 I art     : Starting a blocking GC Explicit
08-06 05:21:32.594 22687 22698 I art     : Explicit concurrent mark sweep GC freed 3(96B) AllocSpace objects, 0(0B) LOS objects, 29% free, 37MB/53MB, paused 1.025ms total 36.156ms
08-06 05:21:32.933 22687 22699 I art     : Starting a blocking GC Explicit
08-06 05:21:32.972 22687 22699 I art     : Explicit concurrent mark sweep GC freed 1437(82KB) AllocSpace objects, 1(20KB) LOS objects, 29% free, 37MB/53MB, paused 962us total 38.131ms
08-06 05:21:32.987 22687 22699 I art     : Starting a blocking GC Explicit
08-06 05:21:33.021 22687 22699 I art     : Explicit concurrent mark sweep GC freed 22(784B) AllocSpace objects, 0(0B) LOS objects, 29% free, 37MB/53MB, paused 970us total 33.695ms
08-06 05:21:33.031 22687 22699 I art     : Starting a blocking GC Explicit
08-06 05:21:33.065 22687 22699 I art     : Explicit concurrent mark sweep GC freed 3(96B) AllocSpace objects, 0(0B) LOS objects, 29% free, 37MB/53MB, paused 975us total 34.126ms
08-06 05:21:33.075 22687 22699 I art     : Starting a blocking GC Explicit
08-06 05:21:33.110 22687 22699 I art     : Explicit concurrent mark sweep GC freed 3(96B) AllocSpace objects, 0(0B) LOS objects, 29% free, 37MB/53MB, paused 930us total 34.505ms
08-06 05:21:33.120 22687 22699 I art     : Starting a blocking GC Explicit
08-06 05:21:33.155 22687 22699 I art     : Explicit concurrent mark sweep GC freed 3(96B) AllocSpace objects, 0(0B) LOS objects, 29% free, 37MB/53MB, paused 983us total 35.021ms
08-06 05:21:33.500 22687 30447 I art     : Starting a blocking GC Explicit
08-06 05:21:33.539 22687 30447 I art     : Explicit concurrent mark sweep GC freed 1437(82KB) AllocSpace objects, 1(20KB) LOS objects, 29% free, 37MB/53MB, paused 1.072ms total 38.448ms
08-06 05:21:33.553 22687 30447 I art     : Starting a blocking GC Explicit
08-06 05:21:33.586 22687 30447 I art     : Explicit concurrent mark sweep GC freed 22(784B) AllocSpace objects, 0(0B) LOS objects, 29% free, 37MB/53MB, paused 948us total 32.930ms
08-06 05:21:33.596 22687 30447 I art     : Starting a blocking GC Explicit
08-06 05:21:33.629 22687 30447 I art     : Explicit concurrent mark sweep GC freed 3(96B) AllocSpace objects, 0(0B) LOS objects, 29% free, 37MB/53MB, paused 1.016ms total 33.019ms
08-06 05:21:33.639 22687 30447 I art     : Starting a blocking GC Explicit
08-06 05:21:33.674 22687 30447 I art     : Explicit concurrent mark sweep GC freed 3(96B) AllocSpace objects, 0(0B) LOS objects, 29% free, 37MB/53MB, paused 950us total 35.065ms
08-06 05:21:33.684 22687 30447 I art     : Starting a blocking GC Explicit
08-06 05:21:33.718 22687 30447 I art     : Explicit concurrent mark sweep GC freed 3(96B) AllocSpace objects, 0(0B) LOS objects, 29% free, 37MB/53MB, paused 994us total 34.239ms
08-06 05:21:34.083 22687 30790 I art     : Starting a blocking GC Explicit
08-06 05:21:34.120 22687 30790 I art     : Explicit concurrent mark sweep GC freed 1604(91KB) AllocSpace objects, 1(20KB) LOS objects, 29% free, 37MB/53MB, paused 1.038ms total 36.834ms
08-06 05:21:34.131 22687 30790 I art     : Starting a blocking GC Explicit
08-06 05:21:34.167 22687 30790 I art     : Explicit concurrent mark sweep GC freed 28(1040B) AllocSpace objects, 0(0B) LOS objects, 29% free, 37MB/53MB, paused 1.120ms total 36.388ms
08-06 05:21:34.177 22687 30790 I art     : Starting a blocking GC Explicit
08-06 05:21:34.213 22687 30790 I art     : Explicit concurrent mark sweep GC freed 3(96B) AllocSpace objects, 0(0B) LOS objects, 29% free, 37MB/53MB, paused 1.028ms total 35.713ms
08-06 05:21:34.224 22687 30790 I art     : Starting a blocking GC Explicit
08-06 05:21:34.260 22687 30790 I art     : Explicit concurrent mark sweep GC freed 3(96B) AllocSpace objects, 0(0B) LOS objects, 29% free, 37MB/53MB, paused 1.032ms total 35.715ms
08-06 05:21:34.270 22687 30790 I art     : Starting a blocking GC Explicit
08-06 05:21:34.306 22687 30790 I art     : Explicit concurrent mark sweep GC freed 1650(64KB) AllocSpace objects, 0(0B) LOS objects, 29% free, 37MB/53MB, paused 1.079ms total 36.242ms
08-06 05:21:34.341 22687 31104 E baseline.com.newsblur.network.APIResponse: Error (unexpected end of stream on https://www.newsblur.com/...) calling https://www.newsblur.com/reader/feed_unread_count?feed_id=0
08-06 05:21:34.341 22687 31104 E baseline.com.newsblur.network.APIResponse: java.io.IOException: unexpected end of stream on https://www.newsblur.com/...
08-06 05:21:34.341 22687 31104 E baseline.com.newsblur.network.APIResponse: 	at okhttp3.internal.http1.Http1ExchangeCodec.readResponseHeaders(Http1ExchangeCodec.java:236)
08-06 05:21:34.341 22687 31104 E baseline.com.newsblur.network.APIResponse: 	at okhttp3.internal.connection.Exchange.readResponseHeaders(Exchange.java:115)
08-06 05:21:34.341 22687 31104 E baseline.com.newsblur.network.APIResponse: 	at okhttp3.internal.http.CallServerInterceptor.intercept(CallServerInterceptor.java:94)
08-06 05:21:34.341 22687 31104 E baseline.com.newsblur.network.APIResponse: 	at okhttp3.internal.http.RealInterceptorChain.proceed(RealInterceptorChain.java:142)
08-06 05:21:34.341 22687 31104 E baseline.com.newsblur.network.APIResponse: 	at okhttp3.internal.connection.ConnectInterceptor.intercept(ConnectInterceptor.java:43)
08-06 05:21:34.341 22687 31104 E baseline.com.newsblur.network.APIResponse: 	at okhttp3.internal.http.RealInterceptorChain.proceed(RealInterceptorChain.java:142)
08-06 05:21:34.341 22687 31104 E baseline.com.newsblur.network.APIResponse: 	at okhttp3.internal.http.RealInterceptorChain.proceed(RealInterceptorChain.java:117)
08-06 05:21:34.341 22687 31104 E baseline.com.newsblur.network.APIResponse: 	at okhttp3.internal.cache.CacheInterceptor.intercept(CacheInterceptor.java:94)
08-06 05:21:34.341 22687 31104 E baseline.com.newsblur.network.APIResponse: 	at okhttp3.internal.http.RealInterceptorChain.proceed(RealInterceptorChain.java:142)
08-06 05:21:34.341 22687 31104 E baseline.com.newsblur.network.APIResponse: 	at okhttp3.internal.http.RealInterceptorChain.proceed(RealInterceptorChain.java:117)
08-06 05:21:34.341 22687 31104 E baseline.com.newsblur.network.APIResponse: 	at okhttp3.internal.http.BridgeInterceptor.intercept(BridgeInterceptor.java:93)
08-06 05:21:34.341 22687 31104 E baseline.com.newsblur.network.APIResponse: 	at okhttp3.internal.http.RealInterceptorChain.proceed(RealInterceptorChain.java:142)
08-06 05:21:34.341 22687 31104 E baseline.com.newsblur.network.APIResponse: 	at okhttp3.internal.http.RetryAndFollowUpInterceptor.intercept(RetryAndFollowUpInterceptor.java:88)
08-06 05:21:34.341 22687 31104 E baseline.com.newsblur.network.APIResponse: 	at okhttp3.internal.http.RealInterceptorChain.proceed(RealInterceptorChain.java:142)
08-06 05:21:34.341 22687 31104 E baseline.com.newsblur.network.APIResponse: 	at okhttp3.internal.http.RealInterceptorChain.proceed(RealInterceptorChain.java:117)
08-06 05:21:34.341 22687 31104 E baseline.com.newsblur.network.APIResponse: 	at okhttp3.RealCall.getResponseWithInterceptorChain(RealCall.java:229)
08-06 05:21:34.341 22687 31104 E baseline.com.newsblur.network.APIResponse: 	at okhttp3.RealCall.execute(RealCall.java:81)
08-06 05:21:34.341 22687 31104 E baseline.com.newsblur.network.APIResponse: 	at baseline.com.newsblur.network.APIResponse.<init>(APIResponse.java:57)
08-06 05:21:34.341 22687 31104 E baseline.com.newsblur.network.APIResponse: 	at baseline.com.newsblur.network.APIManager.get_single(APIManager.java:639)
08-06 05:21:34.341 22687 31104 E baseline.com.newsblur.network.APIResponse: 	at baseline.com.newsblur.network.APIManager.get(APIManager.java:625)
08-06 05:21:34.341 22687 31104 E baseline.com.newsblur.network.APIResponse: 	at baseline.com.newsblur.network.APIManager.get(APIManager.java:667)
08-06 05:21:34.341 22687 31104 E baseline.com.newsblur.network.APIResponse: 	at baseline.com.newsblur.network.APIManager.getFeedUnreadCounts(APIManager.java:274)
08-06 05:21:34.341 22687 31104 E baseline.com.newsblur.network.APIResponse: 	at baseline.com.newsblur.service.NBSyncService.checkRecounts(NBSyncService.java:660)
08-06 05:21:34.341 22687 31104 E baseline.com.newsblur.network.APIResponse: 	at baseline.com.newsblur.service.NBSyncService.doSync(NBSyncService.java:310)
08-06 05:21:34.341 22687 31104 E baseline.com.newsblur.network.APIResponse: 	at baseline.com.newsblur.service.NBSyncService.access$100(NBSyncService.java:67)
08-06 05:21:34.341 22687 31104 E baseline.com.newsblur.network.APIResponse: 	at baseline.com.newsblur.service.NBSyncService$1.run(NBSyncService.java:188)
08-06 05:21:34.341 22687 31104 E baseline.com.newsblur.network.APIResponse: 	at java.util.concurrent.ThreadPoolExecutor.runWorker(ThreadPoolExecutor.java:1113)
08-06 05:21:34.341 22687 31104 E baseline.com.newsblur.network.APIResponse: 	at java.util.concurrent.ThreadPoolExecutor$Worker.run(ThreadPoolExecutor.java:588)
08-06 05:21:34.341 22687 31104 E baseline.com.newsblur.network.APIResponse: 	at java.lang.Thread.run(Thread.java:818)
08-06 05:21:34.341 22687 31104 E baseline.com.newsblur.network.APIResponse: Caused by: java.io.EOFException: \n not found: limit=0 content=
08-06 05:21:34.341 22687 31104 E baseline.com.newsblur.network.APIResponse: 	at okio.RealBufferedSource.readUtf8LineStrict(RealBufferedSource.java:240)
08-06 05:21:34.341 22687 31104 E baseline.com.newsblur.network.APIResponse: 	at okhttp3.internal.http1.Http1ExchangeCodec.readHeaderLine(Http1ExchangeCodec.java:242)
08-06 05:21:34.341 22687 31104 E baseline.com.newsblur.network.APIResponse: 	at okhttp3.internal.http1.Http1ExchangeCodec.readResponseHeaders(Http1ExchangeCodec.java:213)
08-06 05:21:34.341 22687 31104 E baseline.com.newsblur.network.APIResponse: 	... 28 more
08-06 05:21:34.343 22687 31104 W baseline.com.newsblur.service.NBSyncService: Bad response to feed_unread_count
08-06 05:21:34.645 22687 22698 I art     : Starting a blocking GC Explicit
08-06 05:21:34.682 22687 22698 I art     : Explicit concurrent mark sweep GC freed 2845(359KB) AllocSpace objects, 6(120KB) LOS objects, 29% free, 37MB/53MB, paused 962us total 36.900ms
08-06 05:21:34.692 22687 22698 I art     : Starting a blocking GC Explicit
08-06 05:21:34.726 22687 22698 I art     : Explicit concurrent mark sweep GC freed 93(3KB) AllocSpace objects, 0(0B) LOS objects, 29% free, 37MB/53MB, paused 1.081ms total 33.653ms
08-06 05:21:34.736 22687 22698 I art     : Starting a blocking GC Explicit
08-06 05:21:34.770 22687 22698 I art     : Explicit concurrent mark sweep GC freed 3(96B) AllocSpace objects, 0(0B) LOS objects, 29% free, 37MB/53MB, paused 1.048ms total 33.398ms
08-06 05:21:34.779 22687 22698 I art     : Starting a blocking GC Explicit
08-06 05:21:34.813 22687 22698 I art     : Explicit concurrent mark sweep GC freed 1689(65KB) AllocSpace objects, 0(0B) LOS objects, 29% free, 37MB/53MB, paused 1.087ms total 33.680ms
08-06 05:21:34.823 22687 22698 I art     : Starting a blocking GC Explicit
08-06 05:21:34.832 22687 31104 E baseline.com.newsblur.network.APIResponse: Error (unexpected end of stream on https://www.newsblur.com/...) calling https://www.newsblur.com/reader/mark_story_hashes_as_read/
08-06 05:21:34.832 22687 31104 E baseline.com.newsblur.network.APIResponse: java.io.IOException: unexpected end of stream on https://www.newsblur.com/...
08-06 05:21:34.832 22687 31104 E baseline.com.newsblur.network.APIResponse: 	at okhttp3.internal.http1.Http1ExchangeCodec.readResponseHeaders(Http1ExchangeCodec.java:236)
08-06 05:21:34.832 22687 31104 E baseline.com.newsblur.network.APIResponse: 	at okhttp3.internal.connection.Exchange.readResponseHeaders(Exchange.java:115)
08-06 05:21:34.832 22687 31104 E baseline.com.newsblur.network.APIResponse: 	at okhttp3.internal.http.CallServerInterceptor.intercept(CallServerInterceptor.java:94)
08-06 05:21:34.832 22687 31104 E baseline.com.newsblur.network.APIResponse: 	at okhttp3.internal.http.RealInterceptorChain.proceed(RealInterceptorChain.java:142)
08-06 05:21:34.832 22687 31104 E baseline.com.newsblur.network.APIResponse: 	at okhttp3.internal.connection.ConnectInterceptor.intercept(ConnectInterceptor.java:43)
08-06 05:21:34.832 22687 31104 E baseline.com.newsblur.network.APIResponse: 	at okhttp3.internal.http.RealInterceptorChain.proceed(RealInterceptorChain.java:142)
08-06 05:21:34.832 22687 31104 E baseline.com.newsblur.network.APIResponse: 	at okhttp3.internal.http.RealInterceptorChain.proceed(RealInterceptorChain.java:117)
08-06 05:21:34.832 22687 31104 E baseline.com.newsblur.network.APIResponse: 	at okhttp3.internal.cache.CacheInterceptor.intercept(CacheInterceptor.java:94)
08-06 05:21:34.832 22687 31104 E baseline.com.newsblur.network.APIResponse: 	at okhttp3.internal.http.RealInterceptorChain.proceed(RealInterceptorChain.java:142)
08-06 05:21:34.832 22687 31104 E baseline.com.newsblur.network.APIResponse: 	at okhttp3.internal.http.RealInterceptorChain.proceed(RealInterceptorChain.java:117)
08-06 05:21:34.832 22687 31104 E baseline.com.newsblur.network.APIResponse: 	at okhttp3.internal.http.BridgeInterceptor.intercept(BridgeInterceptor.java:93)
08-06 05:21:34.832 22687 31104 E baseline.com.newsblur.network.APIResponse: 	at okhttp3.internal.http.RealInterceptorChain.proceed(RealInterceptorChain.java:142)
08-06 05:21:34.832 22687 31104 E baseline.com.newsblur.network.APIResponse: 	at okhttp3.internal.http.RetryAndFollowUpInterceptor.intercept(RetryAndFollowUpInterceptor.java:88)
08-06 05:21:34.832 22687 31104 E baseline.com.newsblur.network.APIResponse: 	at okhttp3.internal.http.RealInterceptorChain.proceed(RealInterceptorChain.java:142)
08-06 05:21:34.832 22687 31104 E baseline.com.newsblur.network.APIResponse: 	at okhttp3.internal.http.RealInterceptorChain.proceed(RealInterceptorChain.java:117)
08-06 05:21:34.832 22687 31104 E baseline.com.newsblur.network.APIResponse: 	at okhttp3.RealCall.getResponseWithInterceptorChain(RealCall.java:229)
08-06 05:21:34.832 22687 31104 E baseline.com.newsblur.network.APIResponse: 	at okhttp3.RealCall.execute(RealCall.java:81)
08-06 05:21:34.832 22687 31104 E baseline.com.newsblur.network.APIResponse: 	at baseline.com.newsblur.network.APIResponse.<init>(APIResponse.java:57)
08-06 05:21:34.832 22687 31104 E baseline.com.newsblur.network.APIResponse: 	at baseline.com.newsblur.network.APIResponse.<init>(APIResponse.java:43)
08-06 05:21:34.832 22687 31104 E baseline.com.newsblur.network.APIResponse: 	at baseline.com.newsblur.network.APIManager.post_single(APIManager.java:702)
08-06 05:21:34.832 22687 31104 E baseline.com.newsblur.network.APIResponse: 	at baseline.com.newsblur.network.APIManager.post(APIManager.java:675)
08-06 05:21:34.832 22687 31104 E baseline.com.newsblur.network.APIResponse: 	at baseline.com.newsblur.network.APIManager.post(APIManager.java:714)
08-06 05:21:34.832 22687 31104 E baseline.com.newsblur.network.APIResponse: 	at baseline.com.newsblur.network.APIManager.markStoryAsRead(APIManager.java:205)
08-06 05:21:34.832 22687 31104 E baseline.com.newsblur.network.APIResponse: 	at baseline.com.newsblur.util.ReadingAction.doRemote(ReadingAction.java:281)
08-06 05:21:34.832 22687 31104 E baseline.com.newsblur.network.APIResponse: 	at baseline.com.newsblur.service.NBSyncService.syncActions(NBSyncService.java:400)
08-06 05:21:34.832 22687 31104 E baseline.com.newsblur.network.APIResponse: 	at baseline.com.newsblur.service.NBSyncService.doSync(NBSyncService.java:298)
08-06 05:21:34.832 22687 31104 E baseline.com.newsblur.network.APIResponse: 	at baseline.com.newsblur.service.NBSyncService.access$100(NBSyncService.java:67)
08-06 05:21:34.832 22687 31104 E baseline.com.newsblur.network.APIResponse: 	at baseline.com.newsblur.service.NBSyncService$1.run(NBSyncService.java:188)
08-06 05:21:34.832 22687 31104 E baseline.com.newsblur.network.APIResponse: 	at java.util.concurrent.ThreadPoolExecutor.runWorker(ThreadPoolExecutor.java:1113)
08-06 05:21:34.832 22687 31104 E baseline.com.newsblur.network.APIResponse: 	at java.util.concurrent.ThreadPoolExecutor$Worker.run(ThreadPoolExecutor.java:588)
08-06 05:21:34.832 22687 31104 E baseline.com.newsblur.network.APIResponse: 	at java.lang.Thread.run(Thread.java:818)
08-06 05:21:34.832 22687 31104 E baseline.com.newsblur.network.APIResponse: Caused by: java.io.EOFException: \n not found: limit=0 content=
08-06 05:21:34.832 22687 31104 E baseline.com.newsblur.network.APIResponse: 	at okio.RealBufferedSource.readUtf8LineStrict(RealBufferedSource.java:240)
08-06 05:21:34.832 22687 31104 E baseline.com.newsblur.network.APIResponse: 	at okhttp3.internal.http1.Http1ExchangeCodec.readHeaderLine(Http1ExchangeCodec.java:242)
08-06 05:21:34.832 22687 31104 E baseline.com.newsblur.network.APIResponse: 	at okhttp3.internal.http1.Http1ExchangeCodec.readResponseHeaders(Http1ExchangeCodec.java:213)
08-06 05:21:34.832 22687 31104 E baseline.com.newsblur.network.APIResponse: 	... 30 more
08-06 05:21:34.833 22687 31104 I baseline.com.newsblur.network.APIManager: API call failed, pausing before retry number 1
08-06 05:21:34.857 22687 22698 I art     : Explicit concurrent mark sweep GC freed 793(195KB) AllocSpace objects, 2(40KB) LOS objects, 29% free, 37MB/53MB, paused 1.054ms total 33.683ms
08-06 05:21:35.080 31465 31465 D AndroidRuntime: >>>>>> START com.android.internal.os.RuntimeInit uid 2000 <<<<<<
08-06 05:21:35.086 31465 31465 D AndroidRuntime: CheckJNI is OFF
08-06 05:21:35.118 31465 31465 D ICU     : No timezone override file found: /data/misc/zoneinfo/current/icu/icu_tzdata.dat
08-06 05:21:35.151 31465 31465 I Radio-JNI: register_android_hardware_Radio DONE
08-06 05:21:35.173 31465 31465 D AndroidRuntime: Calling main entry com.android.commands.input.Input
08-06 05:21:35.175 31465 31465 I Input   : injectMotionEvent: MotionEvent { action=ACTION_DOWN, actionButton=0, id[0]=0, x[0]=436.0, y[0]=453.0, toolType[0]=TOOL_TYPE_UNKNOWN, buttonState=0, metaState=0, flags=0x0, edgeFlags=0x0, pointerCount=1, historySize=0, eventTime=854511588, downTime=854511588, deviceId=0, source=0x1002 }
08-06 05:21:35.181 31465 31465 I Input   : injectMotionEvent: MotionEvent { action=ACTION_UP, actionButton=0, id[0]=0, x[0]=436.0, y[0]=453.0, toolType[0]=TOOL_TYPE_UNKNOWN, buttonState=0, metaState=0, flags=0x0, edgeFlags=0x0, pointerCount=1, historySize=0, eventTime=854511588, downTime=854511588, deviceId=0, source=0x1002 }
08-06 05:21:35.183 31465 31465 D AndroidRuntime: Shutting down VM
08-06 05:21:35.190 22687 22699 I art     : Starting a blocking GC Explicit
08-06 05:21:35.199   918  6112 I ActivityManager: START u0 {cmp=baseline.com.newsblur/.activity.GlobalSharedStoriesReading (has extras)} from uid 10698 on display 0
08-06 05:21:35.200   512  2967 D audio_hw_primary: out_set_parameters: enter: usecase(1: low-latency-playback) kvpairs: routing=2
08-06 05:21:35.213   512  2967 D audio_hw_primary: select_devices: out_snd_device(2: speaker) in_snd_device(0: none)
08-06 05:21:35.215   512  2967 D msm8974_platform: platform_send_audio_calibration: sending audio calibration for snd_device(2) acdb_id(15)
08-06 05:21:35.215   512  2967 I soundtrigger: audio_extn_sound_trigger_update_device_status: device 0x2 of type 0 for Event 1
08-06 05:21:35.223   512  2967 D audio_hw_primary: enable_snd_device: snd_device(2: speaker)
08-06 05:21:35.226   512  2967 D audio_hw_primary: enable_audio_route: apply and update mixer path: low-latency-playback speaker
08-06 05:21:35.228 22687 22699 I art     : Explicit concurrent mark sweep GC freed 2107(181KB) AllocSpace objects, 3(60KB) LOS objects, 29% free, 37MB/53MB, paused 1.258ms total 37.991ms
08-06 05:21:35.238 22687 22699 I art     : Starting a blocking GC Explicit
08-06 05:21:35.271 22687 22699 I art     : Explicit concurrent mark sweep GC freed 1005(67KB) AllocSpace objects, 2(468KB) LOS objects, 29% free, 37MB/53MB, paused 1.047ms total 33.379ms
08-06 05:21:35.281 22687 22699 I art     : Starting a blocking GC Explicit
08-06 05:21:35.314 22687 22699 I art     : Explicit concurrent mark sweep GC freed 168(8KB) AllocSpace objects, 0(0B) LOS objects, 29% free, 37MB/53MB, paused 1.054ms total 33.090ms
08-06 05:21:35.324 22687 22699 I art     : Starting a blocking GC Explicit
08-06 05:21:35.362 22687 22699 I art     : Explicit concurrent mark sweep GC freed 150(26KB) AllocSpace objects, 1(20KB) LOS objects, 29% free, 37MB/53MB, paused 1.070ms total 37.602ms
08-06 05:21:35.371 22687 22699 I art     : Starting a blocking GC Explicit
08-06 05:21:35.407 22687 22699 I art     : Explicit concurrent mark sweep GC freed 373(32KB) AllocSpace objects, 1(20KB) LOS objects, 29% free, 37MB/53MB, paused 1.322ms total 35.211ms
08-06 05:21:35.410   918   936 I ActivityManager: Displayed baseline.com.newsblur/.activity.GlobalSharedStoriesReading: +202ms
08-06 05:21:35.412 13866 13866 I GoogleInputMethodServic: GoogleInputMethodService.onFinishInput():3138 
08-06 05:21:35.413 13866 13866 I GoogleInputMethodServic: GoogleInputMethodService.onStartInput():1808 
08-06 05:21:35.613 22687 30794 E chromium: [ERROR:tile_manager.cc(793)] WARNING: tile memory limits exceeded, some content may not draw
08-06 05:21:35.613 22687 30794 E chromium: [ERROR:tile_manager.cc(793)] WARNING: tile memory limits exceeded, some content may not draw
08-06 05:21:35.695 22687 30447 I art     : Starting a blocking GC Explicit
08-06 05:21:35.733 22687 30447 I art     : Explicit concurrent mark sweep GC freed 4302(316KB) AllocSpace objects, 13(304KB) LOS objects, 29% free, 38MB/54MB, paused 1.017ms total 37.880ms
08-06 05:21:35.744 22687 30447 I art     : Starting a blocking GC Explicit
08-06 05:21:35.779   512  2967 D audio_hw_primary: disable_audio_route: reset and update mixer path: low-latency-playback speaker
08-06 05:21:35.780 22687 30447 I art     : Explicit concurrent mark sweep GC freed 746(34KB) AllocSpace objects, 0(0B) LOS objects, 29% free, 38MB/54MB, paused 926us total 36.081ms
08-06 05:21:35.780   512  2967 D audio_hw_primary: disable_snd_device: snd_device(2: speaker)
08-06 05:21:35.790   512  2967 I soundtrigger: audio_extn_sound_trigger_update_device_status: device 0x2 of type 0 for Event 0
08-06 05:21:35.792 22687 30447 I art     : Starting a blocking GC Explicit
08-06 05:21:35.828 22687 30447 I art     : Explicit concurrent mark sweep GC freed 126(17KB) AllocSpace objects, 1(20KB) LOS objects, 29% free, 38MB/54MB, paused 1.089ms total 36.734ms
08-06 05:21:35.839 22687 30447 I art     : Starting a blocking GC Explicit
08-06 05:21:35.872 22687 30447 I art     : Explicit concurrent mark sweep GC freed 27(880B) AllocSpace objects, 0(0B) LOS objects, 29% free, 38MB/54MB, paused 995us total 33.109ms
08-06 05:21:35.882 22687 30447 I art     : Starting a blocking GC Explicit
08-06 05:21:35.902   918  3261 D WifiStateMachine: starting scan for "H369AA63323"WPA_PSK with 2412,5180
08-06 05:21:35.916 22687 30447 I art     : Explicit concurrent mark sweep GC freed 3(96B) AllocSpace objects, 0(0B) LOS objects, 29% free, 38MB/54MB, paused 1.037ms total 33.475ms
08-06 05:21:36.252 22687 30790 I art     : Starting a blocking GC Explicit
08-06 05:21:36.293 22687 30790 I art     : Explicit concurrent mark sweep GC freed 1443(83KB) AllocSpace objects, 1(20KB) LOS objects, 29% free, 38MB/54MB, paused 1.060ms total 40.640ms
08-06 05:21:36.293 22687 22697 I art     : WaitForGcToComplete blocked for 29.693ms for cause HeapTrim
08-06 05:21:36.303 22687 30790 I art     : Starting a blocking GC Explicit
08-06 05:21:36.342 22687 30790 I art     : Explicit concurrent mark sweep GC freed 113(4KB) AllocSpace objects, 0(0B) LOS objects, 29% free, 38MB/54MB, paused 1.092ms total 38.268ms
08-06 05:21:36.352 22687 30790 I art     : Starting a blocking GC Explicit
08-06 05:21:36.391 22687 30790 I art     : Explicit concurrent mark sweep GC freed 9(352B) AllocSpace objects, 0(0B) LOS objects, 29% free, 38MB/54MB, paused 1.154ms total 38.428ms
08-06 05:21:36.402 22687 30790 I art     : Starting a blocking GC Explicit
08-06 05:21:36.440 22687 30790 I art     : Explicit concurrent mark sweep GC freed 68(4KB) AllocSpace objects, 0(0B) LOS objects, 29% free, 38MB/54MB, paused 1.105ms total 38.350ms
08-06 05:21:36.451 22687 30790 I art     : Starting a blocking GC Explicit
08-06 05:21:36.490 22687 30790 I art     : Explicit concurrent mark sweep GC freed 12(1408B) AllocSpace objects, 0(0B) LOS objects, 29% free, 38MB/54MB, paused 1.243ms total 39.053ms
08-06 05:21:36.828 22687 22698 I art     : Starting a blocking GC Explicit
08-06 05:21:36.869 22687 22698 I art     : Explicit concurrent mark sweep GC freed 3184(150KB) AllocSpace objects, 1(20KB) LOS objects, 29% free, 38MB/54MB, paused 973us total 40.900ms
08-06 05:21:36.880 22687 22698 I art     : Starting a blocking GC Explicit
08-06 05:21:36.886 22687 31104 E baseline.com.newsblur.network.APIResponse: Error (unexpected end of stream on https://www.newsblur.com/...) calling https://www.newsblur.com/reader/mark_story_hashes_as_read/
08-06 05:21:36.886 22687 31104 E baseline.com.newsblur.network.APIResponse: java.io.IOException: unexpected end of stream on https://www.newsblur.com/...
08-06 05:21:36.886 22687 31104 E baseline.com.newsblur.network.APIResponse: 	at okhttp3.internal.http1.Http1ExchangeCodec.readResponseHeaders(Http1ExchangeCodec.java:236)
08-06 05:21:36.886 22687 31104 E baseline.com.newsblur.network.APIResponse: 	at okhttp3.internal.connection.Exchange.readResponseHeaders(Exchange.java:115)
08-06 05:21:36.886 22687 31104 E baseline.com.newsblur.network.APIResponse: 	at okhttp3.internal.http.CallServerInterceptor.intercept(CallServerInterceptor.java:94)
08-06 05:21:36.886 22687 31104 E baseline.com.newsblur.network.APIResponse: 	at okhttp3.internal.http.RealInterceptorChain.proceed(RealInterceptorChain.java:142)
08-06 05:21:36.886 22687 31104 E baseline.com.newsblur.network.APIResponse: 	at okhttp3.internal.connection.ConnectInterceptor.intercept(ConnectInterceptor.java:43)
08-06 05:21:36.886 22687 31104 E baseline.com.newsblur.network.APIResponse: 	at okhttp3.internal.http.RealInterceptorChain.proceed(RealInterceptorChain.java:142)
08-06 05:21:36.886 22687 31104 E baseline.com.newsblur.network.APIResponse: 	at okhttp3.internal.http.RealInterceptorChain.proceed(RealInterceptorChain.java:117)
08-06 05:21:36.886 22687 31104 E baseline.com.newsblur.network.APIResponse: 	at okhttp3.internal.cache.CacheInterceptor.intercept(CacheInterceptor.java:94)
08-06 05:21:36.886 22687 31104 E baseline.com.newsblur.network.APIResponse: 	at okhttp3.internal.http.RealInterceptorChain.proceed(RealInterceptorChain.java:142)
08-06 05:21:36.886 22687 31104 E baseline.com.newsblur.network.APIResponse: 	at okhttp3.internal.http.RealInterceptorChain.proceed(RealInterceptorChain.java:117)
08-06 05:21:36.886 22687 31104 E baseline.com.newsblur.network.APIResponse: 	at okhttp3.internal.http.BridgeInterceptor.intercept(BridgeInterceptor.java:93)
08-06 05:21:36.886 22687 31104 E baseline.com.newsblur.network.APIResponse: 	at okhttp3.internal.http.RealInterceptorChain.proceed(RealInterceptorChain.java:142)
08-06 05:21:36.886 22687 31104 E baseline.com.newsblur.network.APIResponse: 	at okhttp3.internal.http.RetryAndFollowUpInterceptor.intercept(RetryAndFollowUpInterceptor.java:88)
08-06 05:21:36.886 22687 31104 E baseline.com.newsblur.network.APIResponse: 	at okhttp3.internal.http.RealInterceptorChain.proceed(RealInterceptorChain.java:142)
08-06 05:21:36.886 22687 31104 E baseline.com.newsblur.network.APIResponse: 	at okhttp3.internal.http.RealInterceptorChain.proceed(RealInterceptorChain.java:117)
08-06 05:21:36.886 22687 31104 E baseline.com.newsblur.network.APIResponse: 	at okhttp3.RealCall.getResponseWithInterceptorChain(RealCall.java:229)
08-06 05:21:36.886 22687 31104 E baseline.com.newsblur.network.APIResponse: 	at okhttp3.RealCall.execute(RealCall.java:81)
08-06 05:21:36.886 22687 31104 E baseline.com.newsblur.network.APIResponse: 	at baseline.com.newsblur.network.APIResponse.<init>(APIResponse.java:57)
08-06 05:21:36.886 22687 31104 E baseline.com.newsblur.network.APIResponse: 	at baseline.com.newsblur.network.APIResponse.<init>(APIResponse.java:43)
08-06 05:21:36.886 22687 31104 E baseline.com.newsblur.network.APIResponse: 	at baseline.com.newsblur.network.APIManager.post_single(APIManager.java:702)
08-06 05:21:36.886 22687 31104 E baseline.com.newsblur.network.APIResponse: 	at baseline.com.newsblur.network.APIManager.post(APIManager.java:675)
08-06 05:21:36.886 22687 31104 E baseline.com.newsblur.network.APIResponse: 	at baseline.com.newsblur.network.APIManager.post(APIManager.java:714)
08-06 05:21:36.886 22687 31104 E baseline.com.newsblur.network.APIResponse: 	at baseline.com.newsblur.network.APIManager.markStoryAsRead(APIManager.java:205)
08-06 05:21:36.886 22687 31104 E baseline.com.newsblur.network.APIResponse: 	at baseline.com.newsblur.util.ReadingAction.doRemote(ReadingAction.java:281)
08-06 05:21:36.886 22687 31104 E baseline.com.newsblur.network.APIResponse: 	at baseline.com.newsblur.service.NBSyncService.syncActions(NBSyncService.java:400)
08-06 05:21:36.886 22687 31104 E baseline.com.newsblur.network.APIResponse: 	at baseline.com.newsblur.service.NBSyncService.doSync(NBSyncService.java:298)
08-06 05:21:36.886 22687 31104 E baseline.com.newsblur.network.APIResponse: 	at baseline.com.newsblur.service.NBSyncService.access$100(NBSyncService.java:67)
08-06 05:21:36.886 22687 31104 E baseline.com.newsblur.network.APIResponse: 	at baseline.com.newsblur.service.NBSyncService$1.run(NBSyncService.java:188)
08-06 05:21:36.886 22687 31104 E baseline.com.newsblur.network.APIResponse: 	at java.util.concurrent.ThreadPoolExecutor.runWorker(ThreadPoolExecutor.java:1113)
08-06 05:21:36.886 22687 31104 E baseline.com.newsblur.network.APIResponse: 	at java.util.concurrent.ThreadPoolExecutor$Worker.run(ThreadPoolExecutor.java:588)
08-06 05:21:36.886 22687 31104 E baseline.com.newsblur.network.APIResponse: 	at java.lang.Thread.run(Thread.java:818)
08-06 05:21:36.886 22687 31104 E baseline.com.newsblur.network.APIResponse: Caused by: java.io.EOFException: \n not found: limit=0 content=
08-06 05:21:36.886 22687 31104 E baseline.com.newsblur.network.APIResponse: 	at okio.RealBufferedSource.readUtf8LineStrict(RealBufferedSource.java:240)
08-06 05:21:36.886 22687 31104 E baseline.com.newsblur.network.APIResponse: 	at okhttp3.internal.http1.Http1ExchangeCodec.readHeaderLine(Http1ExchangeCodec.java:242)
08-06 05:21:36.886 22687 31104 E baseline.com.newsblur.network.APIResponse: 	at okhttp3.internal.http1.Http1ExchangeCodec.readResponseHeaders(Http1ExchangeCodec.java:213)
08-06 05:21:36.886 22687 31104 E baseline.com.newsblur.network.APIResponse: 	... 30 more
08-06 05:21:36.888 22687 31104 I baseline.com.newsblur.network.APIManager: API call failed, pausing before retry number 2
08-06 05:21:36.919 22687 22698 I art     : Explicit concurrent mark sweep GC freed 831(196KB) AllocSpace objects, 2(40KB) LOS objects, 29% free, 38MB/54MB, paused 988us total 38.273ms
08-06 05:21:36.930 22687 22698 I art     : Starting a blocking GC Explicit
08-06 05:21:36.967 22687 22698 I art     : Explicit concurrent mark sweep GC freed 99(15KB) AllocSpace objects, 0(0B) LOS objects, 29% free, 38MB/54MB, paused 1.018ms total 36.679ms
08-06 05:21:36.977 22687 22698 I art     : Starting a blocking GC Explicit
08-06 05:21:37.015 22687 22698 I art     : Explicit concurrent mark sweep GC freed 25(832B) AllocSpace objects, 0(0B) LOS objects, 29% free, 38MB/54MB, paused 1.030ms total 37.610ms
08-06 05:21:37.026 22687 22698 I art     : Starting a blocking GC Explicit
08-06 05:21:37.064 22687 22698 I art     : Explicit concurrent mark sweep GC freed 3(96B) AllocSpace objects, 0(0B) LOS objects, 29% free, 38MB/54MB, paused 952us total 38.406ms
08-06 05:21:37.201   518   646 I ThermalEngine: ACTION: GPU - Setting GPU[0] to 450000000
08-06 05:21:37.449 22687 30447 I art     : Starting a blocking GC Explicit
08-06 05:21:37.500 22687 30447 I art     : Explicit concurrent mark sweep GC freed 1443(83KB) AllocSpace objects, 1(20KB) LOS objects, 29% free, 38MB/54MB, paused 1.548ms total 50.565ms
08-06 05:21:37.513 22687 30447 I art     : Starting a blocking GC Explicit
08-06 05:21:37.565 22687 30447 I art     : Explicit concurrent mark sweep GC freed 22(784B) AllocSpace objects, 0(0B) LOS objects, 29% free, 38MB/54MB, paused 1.398ms total 51.332ms
08-06 05:21:37.580 22687 30447 I art     : Starting a blocking GC Explicit
08-06 05:21:37.631 22687 30447 I art     : Explicit concurrent mark sweep GC freed 3(96B) AllocSpace objects, 0(0B) LOS objects, 29% free, 38MB/54MB, paused 1.420ms total 50.183ms
08-06 05:21:37.644 22687 30447 I art     : Starting a blocking GC Explicit
08-06 05:21:37.696 22687 30447 I art     : Explicit concurrent mark sweep GC freed 3(96B) AllocSpace objects, 0(0B) LOS objects, 29% free, 38MB/54MB, paused 1.340ms total 50.997ms
08-06 05:21:37.709 22687 30447 I art     : Starting a blocking GC Explicit
08-06 05:21:37.760 22687 30447 I art     : Explicit concurrent mark sweep GC freed 3(96B) AllocSpace objects, 0(0B) LOS objects, 29% free, 38MB/54MB, paused 1.434ms total 49.993ms
08-06 05:21:38.140 22687 22699 I art     : Starting a blocking GC Explicit
08-06 05:21:38.193 22687 22699 I art     : Explicit concurrent mark sweep GC freed 1444(83KB) AllocSpace objects, 1(20KB) LOS objects, 29% free, 38MB/54MB, paused 1.400ms total 52.694ms
08-06 05:21:38.210 22687 22699 I art     : Starting a blocking GC Explicit
08-06 05:21:38.259 22687 22699 I art     : Explicit concurrent mark sweep GC freed 22(784B) AllocSpace objects, 0(0B) LOS objects, 29% free, 38MB/54MB, paused 1.440ms total 48.918ms
08-06 05:21:38.272 22687 22699 I art     : Starting a blocking GC Explicit
08-06 05:21:38.324 22687 22699 I art     : Explicit concurrent mark sweep GC freed 3(96B) AllocSpace objects, 0(0B) LOS objects, 29% free, 38MB/54MB, paused 1.408ms total 51.106ms
08-06 05:21:38.337 22687 22699 I art     : Starting a blocking GC Explicit
08-06 05:21:38.387 22687 22699 I art     : Explicit concurrent mark sweep GC freed 3(96B) AllocSpace objects, 0(0B) LOS objects, 29% free, 38MB/54MB, paused 1.410ms total 49.624ms
08-06 05:21:38.401 22687 22699 I art     : Starting a blocking GC Explicit
08-06 05:21:38.452 22687 22699 I art     : Explicit concurrent mark sweep GC freed 3(96B) AllocSpace objects, 0(0B) LOS objects, 29% free, 38MB/54MB, paused 1.430ms total 51.447ms
08-06 05:21:38.833 22687 30790 I art     : Starting a blocking GC Explicit
08-06 05:21:38.884 22687 30790 I art     : Explicit concurrent mark sweep GC freed 1443(83KB) AllocSpace objects, 1(20KB) LOS objects, 29% free, 38MB/54MB, paused 1.433ms total 51.189ms
08-06 05:21:38.898 22687 30790 I art     : Starting a blocking GC Explicit
08-06 05:21:38.949 22687 30790 I art     : Explicit concurrent mark sweep GC freed 22(784B) AllocSpace objects, 0(0B) LOS objects, 29% free, 38MB/54MB, paused 1.341ms total 51.040ms
08-06 05:21:38.963 22687 30790 I art     : Starting a blocking GC Explicit
08-06 05:21:39.011 22687 30790 I art     : Explicit concurrent mark sweep GC freed 3(96B) AllocSpace objects, 0(0B) LOS objects, 29% free, 38MB/54MB, paused 1.422ms total 48.224ms
08-06 05:21:39.025 22687 30790 I art     : Starting a blocking GC Explicit
08-06 05:21:39.077 22687 30790 I art     : Explicit concurrent mark sweep GC freed 3(96B) AllocSpace objects, 0(0B) LOS objects, 29% free, 38MB/54MB, paused 1.332ms total 51.689ms
08-06 05:21:39.090 22687 30790 I art     : Starting a blocking GC Explicit
08-06 05:21:39.142 22687 30790 I art     : Explicit concurrent mark sweep GC freed 3(96B) AllocSpace objects, 0(0B) LOS objects, 29% free, 38MB/54MB, paused 1.425ms total 51.783ms
08-06 05:21:39.527 22687 22698 I art     : Starting a blocking GC Explicit
08-06 05:21:39.577 22687 22698 I art     : Explicit concurrent mark sweep GC freed 1444(83KB) AllocSpace objects, 1(20KB) LOS objects, 29% free, 38MB/54MB, paused 1.471ms total 49.630ms
08-06 05:21:39.591 22687 22698 I art     : Starting a blocking GC Explicit
08-06 05:21:39.641 22687 22698 I art     : Explicit concurrent mark sweep GC freed 22(784B) AllocSpace objects, 0(0B) LOS objects, 29% free, 38MB/54MB, paused 1.406ms total 49.911ms
08-06 05:21:39.654 22687 22698 I art     : Starting a blocking GC Explicit
08-06 05:21:39.703 22687 22698 I art     : Explicit concurrent mark sweep GC freed 3(96B) AllocSpace objects, 0(0B) LOS objects, 29% free, 38MB/54MB, paused 1.382ms total 48.720ms
08-06 05:21:39.716 22687 22698 I art     : Starting a blocking GC Explicit
08-06 05:21:39.767 22687 22698 I art     : Explicit concurrent mark sweep GC freed 3(96B) AllocSpace objects, 0(0B) LOS objects, 29% free, 38MB/54MB, paused 1.412ms total 49.969ms
08-06 05:21:39.780 22687 22698 I art     : Starting a blocking GC Explicit
08-06 05:21:39.831 22687 22698 I art     : Explicit concurrent mark sweep GC freed 3(96B) AllocSpace objects, 0(0B) LOS objects, 29% free, 38MB/54MB, paused 1.426ms total 50.462ms
08-06 05:21:39.978 31562 31562 D AndroidRuntime: >>>>>> START com.android.internal.os.RuntimeInit uid 2000 <<<<<<
08-06 05:21:39.984 31562 31562 D AndroidRuntime: CheckJNI is OFF
08-06 05:21:40.022 31562 31562 D ICU     : No timezone override file found: /data/misc/zoneinfo/current/icu/icu_tzdata.dat
08-06 05:21:40.064 31562 31562 I Radio-JNI: register_android_hardware_Radio DONE
08-06 05:21:40.092 31562 31562 D AndroidRuntime: Calling main entry com.android.commands.input.Input
08-06 05:21:40.094 31562 31562 I Input   : injectKeyEvent: KeyEvent { action=ACTION_DOWN, keyCode=KEYCODE_BACK, scanCode=0, metaState=0, flags=0x0, repeatCount=0, eventTime=854516507, downTime=854516507, deviceId=-1, source=0x101 }
08-06 05:21:40.099 31562 31562 I Input   : injectKeyEvent: KeyEvent { action=ACTION_UP, keyCode=KEYCODE_BACK, scanCode=0, metaState=0, flags=0x0, repeatCount=0, eventTime=854516507, downTime=854516507, deviceId=-1, source=0x101 }
08-06 05:21:40.105 31562 31562 D AndroidRuntime: Shutting down VM
08-06 05:21:40.200 22687 22698 I art     : Starting a blocking GC Explicit
08-06 05:21:40.249 22687 22698 I art     : Explicit concurrent mark sweep GC freed 2287(167KB) AllocSpace objects, 4(80KB) LOS objects, 29% free, 38MB/54MB, paused 1.896ms total 48.487ms
08-06 05:21:40.263 22687 22698 I art     : Starting a blocking GC Explicit
08-06 05:21:40.280 13866 13866 I GoogleInputMethodServic: GoogleInputMethodService.onFinishInput():3138 
08-06 05:21:40.281 13866 13866 I GoogleInputMethodServic: GoogleInputMethodService.onStartInput():1808 
08-06 05:21:40.308 22687 22698 I art     : Explicit concurrent mark sweep GC freed 640(57KB) AllocSpace objects, 1(20KB) LOS objects, 29% free, 38MB/54MB, paused 1.480ms total 44.359ms
08-06 05:21:40.325 22687 22698 I art     : Starting a blocking GC Explicit
08-06 05:21:40.373 22687 22698 I art     : Explicit concurrent mark sweep GC freed 467(36KB) AllocSpace objects, 0(0B) LOS objects, 29% free, 38MB/54MB, paused 1.332ms total 47.775ms
08-06 05:21:40.386 22687 22698 I art     : Starting a blocking GC Explicit
08-06 05:21:40.429 22687 22698 I art     : Explicit concurrent mark sweep GC freed 1722(69KB) AllocSpace objects, 1(28KB) LOS objects, 29% free, 38MB/54MB, paused 1.790ms total 43.186ms
08-06 05:21:40.444 22687 22698 I art     : Starting a blocking GC Explicit
08-06 05:21:40.465 22687 31104 E baseline.com.newsblur.network.APIResponse: Error (unexpected end of stream on https://www.newsblur.com/...) calling https://www.newsblur.com/reader/mark_story_hashes_as_read/
08-06 05:21:40.465 22687 31104 E baseline.com.newsblur.network.APIResponse: java.io.IOException: unexpected end of stream on https://www.newsblur.com/...
08-06 05:21:40.465 22687 31104 E baseline.com.newsblur.network.APIResponse: 	at okhttp3.internal.http1.Http1ExchangeCodec.readResponseHeaders(Http1ExchangeCodec.java:236)
08-06 05:21:40.465 22687 31104 E baseline.com.newsblur.network.APIResponse: 	at okhttp3.internal.connection.Exchange.readResponseHeaders(Exchange.java:115)
08-06 05:21:40.465 22687 31104 E baseline.com.newsblur.network.APIResponse: 	at okhttp3.internal.http.CallServerInterceptor.intercept(CallServerInterceptor.java:94)
08-06 05:21:40.465 22687 31104 E baseline.com.newsblur.network.APIResponse: 	at okhttp3.internal.http.RealInterceptorChain.proceed(RealInterceptorChain.java:142)
08-06 05:21:40.465 22687 31104 E baseline.com.newsblur.network.APIResponse: 	at okhttp3.internal.connection.ConnectInterceptor.intercept(ConnectInterceptor.java:43)
08-06 05:21:40.465 22687 31104 E baseline.com.newsblur.network.APIResponse: 	at okhttp3.internal.http.RealInterceptorChain.proceed(RealInterceptorChain.java:142)
08-06 05:21:40.465 22687 31104 E baseline.com.newsblur.network.APIResponse: 	at okhttp3.internal.http.RealInterceptorChain.proceed(RealInterceptorChain.java:117)
08-06 05:21:40.465 22687 31104 E baseline.com.newsblur.network.APIResponse: 	at okhttp3.internal.cache.CacheInterceptor.intercept(CacheInterceptor.java:94)
08-06 05:21:40.465 22687 31104 E baseline.com.newsblur.network.APIResponse: 	at okhttp3.internal.http.RealInterceptorChain.proceed(RealInterceptorChain.java:142)
08-06 05:21:40.465 22687 31104 E baseline.com.newsblur.network.APIResponse: 	at okhttp3.internal.http.RealInterceptorChain.proceed(RealInterceptorChain.java:117)
08-06 05:21:40.465 22687 31104 E baseline.com.newsblur.network.APIResponse: 	at okhttp3.internal.http.BridgeInterceptor.intercept(BridgeInterceptor.java:93)
08-06 05:21:40.465 22687 31104 E baseline.com.newsblur.network.APIResponse: 	at okhttp3.internal.http.RealInterceptorChain.proceed(RealInterceptorChain.java:142)
08-06 05:21:40.465 22687 31104 E baseline.com.newsblur.network.APIResponse: 	at okhttp3.internal.http.RetryAndFollowUpInterceptor.intercept(RetryAndFollowUpInterceptor.java:88)
08-06 05:21:40.465 22687 31104 E baseline.com.newsblur.network.APIResponse: 	at okhttp3.internal.http.RealInterceptorChain.proceed(RealInterceptorChain.java:142)
08-06 05:21:40.465 22687 31104 E baseline.com.newsblur.network.APIResponse: 	at okhttp3.internal.http.RealInterceptorChain.proceed(RealInterceptorChain.java:117)
08-06 05:21:40.465 22687 31104 E baseline.com.newsblur.network.APIResponse: 	at okhttp3.RealCall.getResponseWithInterceptorChain(RealCall.java:229)
08-06 05:21:40.465 22687 31104 E baseline.com.newsblur.network.APIResponse: 	at okhttp3.RealCall.execute(RealCall.java:81)
08-06 05:21:40.465 22687 31104 E baseline.com.newsblur.network.APIResponse: 	at baseline.com.newsblur.network.APIResponse.<init>(APIResponse.java:57)
08-06 05:21:40.465 22687 31104 E baseline.com.newsblur.network.APIResponse: 	at baseline.com.newsblur.network.APIResponse.<init>(APIResponse.java:43)
08-06 05:21:40.465 22687 31104 E baseline.com.newsblur.network.APIResponse: 	at baseline.com.newsblur.network.APIManager.post_single(APIManager.java:702)
08-06 05:21:40.465 22687 31104 E baseline.com.newsblur.network.APIResponse: 	at baseline.com.newsblur.network.APIManager.post(APIManager.java:675)
08-06 05:21:40.465 22687 31104 E baseline.com.newsblur.network.APIResponse: 	at baseline.com.newsblur.network.APIManager.post(APIManager.java:714)
08-06 05:21:40.465 22687 31104 E baseline.com.newsblur.network.APIResponse: 	at baseline.com.newsblur.network.APIManager.markStoryAsRead(APIManager.java:205)
08-06 05:21:40.465 22687 31104 E baseline.com.newsblur.network.APIResponse: 	at baseline.com.newsblur.util.ReadingAction.doRemote(ReadingAction.java:281)
08-06 05:21:40.465 22687 31104 E baseline.com.newsblur.network.APIResponse: 	at baseline.com.newsblur.service.NBSyncService.syncActions(NBSyncService.java:400)
08-06 05:21:40.465 22687 31104 E baseline.com.newsblur.network.APIResponse: 	at baseline.com.newsblur.service.NBSyncService.doSync(NBSyncService.java:298)
08-06 05:21:40.465 22687 31104 E baseline.com.newsblur.network.APIResponse: 	at baseline.com.newsblur.service.NBSyncService.access$100(NBSyncService.java:67)
08-06 05:21:40.465 22687 31104 E baseline.com.newsblur.network.APIResponse: 	at baseline.com.newsblur.service.NBSyncService$1.run(NBSyncService.java:188)
08-06 05:21:40.465 22687 31104 E baseline.com.newsblur.network.APIResponse: 	at java.util.concurrent.ThreadPoolExecutor.runWorker(ThreadPoolExecutor.java:1113)
08-06 05:21:40.465 22687 31104 E baseline.com.newsblur.network.APIResponse: 	at java.util.concurrent.ThreadPoolExecutor$Worker.run(ThreadPoolExecutor.java:588)
08-06 05:21:40.465 22687 31104 E baseline.com.newsblur.network.APIResponse: 	at java.lang.Thread.run(Thread.java:818)
08-06 05:21:40.465 22687 31104 E baseline.com.newsblur.network.APIResponse: Caused by: java.io.EOFException: \n not found: limit=0 content=
08-06 05:21:40.465 22687 31104 E baseline.com.newsblur.network.APIResponse: 	at okio.RealBufferedSource.readUtf8LineStrict(RealBufferedSource.java:240)
08-06 05:21:40.465 22687 31104 E baseline.com.newsblur.network.APIResponse: 	at okhttp3.internal.http1.Http1ExchangeCodec.readHeaderLine(Http1ExchangeCodec.java:242)
08-06 05:21:40.465 22687 31104 E baseline.com.newsblur.network.APIResponse: 	at okhttp3.internal.http1.Http1ExchangeCodec.readResponseHeaders(Http1ExchangeCodec.java:213)
08-06 05:21:40.465 22687 31104 E baseline.com.newsblur.network.APIResponse: 	... 30 more
08-06 05:21:40.466 22687 31104 I baseline.com.newsblur.service.NBSyncService: Holding reading action with server-side or network error.
08-06 05:21:40.479 22687 31104 W baseline.com.newsblur.service.NBSyncService: hard API failure
08-06 05:21:40.498 22687 22698 I art     : Explicit concurrent mark sweep GC freed 1433(290KB) AllocSpace objects, 6(120KB) LOS objects, 29% free, 38MB/54MB, paused 1.645ms total 54.369ms
08-06 05:21:40.854 22687 30447 I art     : Starting a blocking GC Explicit
08-06 05:21:40.878 22687 31104 E baseline.com.newsblur.network.APIResponse: Error (unexpected end of stream on https://www.newsblur.com/...) calling https://www.newsblur.com/reader/mark_story_hashes_as_read/
08-06 05:21:40.878 22687 31104 E baseline.com.newsblur.network.APIResponse: java.io.IOException: unexpected end of stream on https://www.newsblur.com/...
08-06 05:21:40.878 22687 31104 E baseline.com.newsblur.network.APIResponse: 	at okhttp3.internal.http1.Http1ExchangeCodec.readResponseHeaders(Http1ExchangeCodec.java:236)
08-06 05:21:40.878 22687 31104 E baseline.com.newsblur.network.APIResponse: 	at okhttp3.internal.connection.Exchange.readResponseHeaders(Exchange.java:115)
08-06 05:21:40.878 22687 31104 E baseline.com.newsblur.network.APIResponse: 	at okhttp3.internal.http.CallServerInterceptor.intercept(CallServerInterceptor.java:94)
08-06 05:21:40.878 22687 31104 E baseline.com.newsblur.network.APIResponse: 	at okhttp3.internal.http.RealInterceptorChain.proceed(RealInterceptorChain.java:142)
08-06 05:21:40.878 22687 31104 E baseline.com.newsblur.network.APIResponse: 	at okhttp3.internal.connection.ConnectInterceptor.intercept(ConnectInterceptor.java:43)
08-06 05:21:40.878 22687 31104 E baseline.com.newsblur.network.APIResponse: 	at okhttp3.internal.http.RealInterceptorChain.proceed(RealInterceptorChain.java:142)
08-06 05:21:40.878 22687 31104 E baseline.com.newsblur.network.APIResponse: 	at okhttp3.internal.http.RealInterceptorChain.proceed(RealInterceptorChain.java:117)
08-06 05:21:40.878 22687 31104 E baseline.com.newsblur.network.APIResponse: 	at okhttp3.internal.cache.CacheInterceptor.intercept(CacheInterceptor.java:94)
08-06 05:21:40.878 22687 31104 E baseline.com.newsblur.network.APIResponse: 	at okhttp3.internal.http.RealInterceptorChain.proceed(RealInterceptorChain.java:142)
08-06 05:21:40.878 22687 31104 E baseline.com.newsblur.network.APIResponse: 	at okhttp3.internal.http.RealInterceptorChain.proceed(RealInterceptorChain.java:117)
08-06 05:21:40.878 22687 31104 E baseline.com.newsblur.network.APIResponse: 	at okhttp3.internal.http.BridgeInterceptor.intercept(BridgeInterceptor.java:93)
08-06 05:21:40.878 22687 31104 E baseline.com.newsblur.network.APIResponse: 	at okhttp3.internal.http.RealInterceptorChain.proceed(RealInterceptorChain.java:142)
08-06 05:21:40.878 22687 31104 E baseline.com.newsblur.network.APIResponse: 	at okhttp3.internal.http.RetryAndFollowUpInterceptor.intercept(RetryAndFollowUpInterceptor.java:88)
08-06 05:21:40.878 22687 31104 E baseline.com.newsblur.network.APIResponse: 	at okhttp3.internal.http.RealInterceptorChain.proceed(RealInterceptorChain.java:142)
08-06 05:21:40.878 22687 31104 E baseline.com.newsblur.network.APIResponse: 	at okhttp3.internal.http.RealInterceptorChain.proceed(RealInterceptorChain.java:117)
08-06 05:21:40.878 22687 31104 E baseline.com.newsblur.network.APIResponse: 	at okhttp3.RealCall.getResponseWithInterceptorChain(RealCall.java:229)
08-06 05:21:40.878 22687 31104 E baseline.com.newsblur.network.APIResponse: 	at okhttp3.RealCall.execute(RealCall.java:81)
08-06 05:21:40.878 22687 31104 E baseline.com.newsblur.network.APIResponse: 	at baseline.com.newsblur.network.APIResponse.<init>(APIResponse.java:57)
08-06 05:21:40.878 22687 31104 E baseline.com.newsblur.network.APIResponse: 	at baseline.com.newsblur.network.APIResponse.<init>(APIResponse.java:43)
08-06 05:21:40.878 22687 31104 E baseline.com.newsblur.network.APIResponse: 	at baseline.com.newsblur.network.APIManager.post_single(APIManager.java:702)
08-06 05:21:40.878 22687 31104 E baseline.com.newsblur.network.APIResponse: 	at baseline.com.newsblur.network.APIManager.post(APIManager.java:675)
08-06 05:21:40.878 22687 31104 E baseline.com.newsblur.network.APIResponse: 	at baseline.com.newsblur.network.APIManager.post(APIManager.java:714)
08-06 05:21:40.878 22687 31104 E baseline.com.newsblur.network.APIResponse: 	at baseline.com.newsblur.network.APIManager.markStoryAsRead(APIManager.java:205)
08-06 05:21:40.878 22687 31104 E baseline.com.newsblur.network.APIResponse: 	at baseline.com.newsblur.util.ReadingAction.doRemote(ReadingAction.java:281)
08-06 05:21:40.878 22687 31104 E baseline.com.newsblur.network.APIResponse: 	at baseline.com.newsblur.service.NBSyncService.syncActions(NBSyncService.java:400)
08-06 05:21:40.878 22687 31104 E baseline.com.newsblur.network.APIResponse: 	at baseline.com.newsblur.service.NBSyncService.doSync(NBSyncService.java:298)
08-06 05:21:40.878 22687 31104 E baseline.com.newsblur.network.APIResponse: 	at baseline.com.newsblur.service.NBSyncService.access$100(NBSyncService.java:67)
08-06 05:21:40.878 22687 31104 E baseline.com.newsblur.network.APIResponse: 	at baseline.com.newsblur.service.NBSyncService$1.run(NBSyncService.java:188)
08-06 05:21:40.878 22687 31104 E baseline.com.newsblur.network.APIResponse: 	at java.util.concurrent.ThreadPoolExecutor.runWorker(ThreadPoolExecutor.java:1113)
08-06 05:21:40.878 22687 31104 E baseline.com.newsblur.network.APIResponse: 	at java.util.concurrent.ThreadPoolExecutor$Worker.run(ThreadPoolExecutor.java:588)
08-06 05:21:40.878 22687 31104 E baseline.com.newsblur.network.APIResponse: 	at java.lang.Thread.run(Thread.java:818)
08-06 05:21:40.878 22687 31104 E baseline.com.newsblur.network.APIResponse: Caused by: java.io.EOFException: \n not found: limit=0 content=
08-06 05:21:40.878 22687 31104 E baseline.com.newsblur.network.APIResponse: 	at okio.RealBufferedSource.readUtf8LineStrict(RealBufferedSource.java:240)
08-06 05:21:40.878 22687 31104 E baseline.com.newsblur.network.APIResponse: 	at okhttp3.internal.http1.Http1ExchangeCodec.readHeaderLine(Http1ExchangeCodec.java:242)
08-06 05:21:40.878 22687 31104 E baseline.com.newsblur.network.APIResponse: 	at okhttp3.internal.http1.Http1ExchangeCodec.readResponseHeaders(Http1ExchangeCodec.java:213)
08-06 05:21:40.878 22687 31104 E baseline.com.newsblur.network.APIResponse: 	... 30 more
08-06 05:21:40.879 22687 31104 I baseline.com.newsblur.network.APIManager: API call failed, pausing before retry number 1
08-06 05:21:40.902 22687 30447 I art     : Explicit concurrent mark sweep GC freed 5408(427KB) AllocSpace objects, 3(60KB) LOS objects, 29% free, 38MB/54MB, paused 1.376ms total 47.361ms
08-06 05:21:40.916 22687 30447 I art     : Starting a blocking GC Explicit
08-06 05:21:40.965 22687 30447 I art     : Explicit concurrent mark sweep GC freed 355(26KB) AllocSpace objects, 0(0B) LOS objects, 29% free, 38MB/54MB, paused 1.492ms total 48.056ms
08-06 05:21:40.978 22687 30447 I art     : Starting a blocking GC Explicit
08-06 05:21:41.026 22687 30447 I art     : Explicit concurrent mark sweep GC freed 33(1088B) AllocSpace objects, 0(0B) LOS objects, 29% free, 38MB/54MB, paused 1.546ms total 48.268ms
08-06 05:21:41.041 22687 30447 I art     : Starting a blocking GC Explicit
08-06 05:21:41.089 22687 30447 I art     : Explicit concurrent mark sweep GC freed 11(352B) AllocSpace objects, 0(0B) LOS objects, 29% free, 38MB/54MB, paused 1.289ms total 47.757ms
08-06 05:21:41.103 22687 30447 I art     : Starting a blocking GC Explicit
08-06 05:21:41.152 22687 30447 I art     : Explicit concurrent mark sweep GC freed 10(320B) AllocSpace objects, 0(0B) LOS objects, 29% free, 38MB/54MB, paused 1.362ms total 48.752ms
08-06 05:21:41.510 22687 30447 I art     : Starting a blocking GC Explicit
08-06 05:21:41.559 22687 30447 I art     : Explicit concurrent mark sweep GC freed 1490(84KB) AllocSpace objects, 1(20KB) LOS objects, 29% free, 38MB/54MB, paused 1.442ms total 48.042ms
08-06 05:21:41.573 22687 30447 I art     : Starting a blocking GC Explicit
08-06 05:21:41.621 22687 30447 I art     : Explicit concurrent mark sweep GC freed 28(976B) AllocSpace objects, 0(0B) LOS objects, 29% free, 38MB/54MB, paused 1.518ms total 48.243ms
08-06 05:21:41.635 22687 30447 I art     : Starting a blocking GC Explicit
08-06 05:21:41.684 22687 30447 I art     : Explicit concurrent mark sweep GC freed 12(384B) AllocSpace objects, 0(0B) LOS objects, 29% free, 38MB/54MB, paused 1.532ms total 48.305ms
08-06 05:21:41.698 22687 30447 I art     : Starting a blocking GC Explicit
08-06 05:21:41.744 22687 30447 I art     : Explicit concurrent mark sweep GC freed 7(224B) AllocSpace objects, 0(0B) LOS objects, 29% free, 38MB/54MB, paused 1.348ms total 46.525ms
08-06 05:21:41.758 22687 30447 I art     : Starting a blocking GC Explicit
08-06 05:21:41.807 22687 30447 I art     : Explicit concurrent mark sweep GC freed 3(96B) AllocSpace objects, 0(0B) LOS objects, 29% free, 38MB/54MB, paused 1.463ms total 47.772ms
08-06 05:21:41.881 31601 31601 D AndroidRuntime: >>>>>> START com.android.internal.os.RuntimeInit uid 2000 <<<<<<
08-06 05:21:41.888 31601 31601 D AndroidRuntime: CheckJNI is OFF
08-06 05:21:41.932 31601 31601 D ICU     : No timezone override file found: /data/misc/zoneinfo/current/icu/icu_tzdata.dat
08-06 05:21:41.978 31601 31601 I Radio-JNI: register_android_hardware_Radio DONE
08-06 05:21:42.007 31601 31601 D AndroidRuntime: Calling main entry com.android.commands.input.Input
08-06 05:21:42.009 31601 31601 I Input   : injectKeyEvent: KeyEvent { action=ACTION_DOWN, keyCode=KEYCODE_BACK, scanCode=0, metaState=0, flags=0x0, repeatCount=0, eventTime=854518422, downTime=854518422, deviceId=-1, source=0x101 }
08-06 05:21:42.015 31601 31601 I Input   : injectKeyEvent: KeyEvent { action=ACTION_UP, keyCode=KEYCODE_BACK, scanCode=0, metaState=0, flags=0x0, repeatCount=0, eventTime=854518422, downTime=854518422, deviceId=-1, source=0x101 }
08-06 05:21:42.021 31601 31601 D AndroidRuntime: Shutting down VM
08-06 05:21:42.177 22687 22698 I art     : Starting a blocking GC Explicit
08-06 05:21:42.210 13866 13866 I GoogleInputMethodServic: GoogleInputMethodService.onFinishInput():3138 
08-06 05:21:42.210 13866 13866 I GoogleInputMethodServic: GoogleInputMethodService.onStartInput():1808 
08-06 05:21:42.223 22687 22698 I art     : Explicit concurrent mark sweep GC freed 9548(656KB) AllocSpace objects, 13(260KB) LOS objects, 29% free, 38MB/54MB, paused 1.382ms total 45.296ms
08-06 05:21:42.236 22687 22698 I art     : Starting a blocking GC Explicit
08-06 05:21:42.283 22687 22698 I art     : Explicit concurrent mark sweep GC freed 397(17KB) AllocSpace objects, 0(0B) LOS objects, 29% free, 38MB/54MB, paused 1.360ms total 46.328ms
08-06 05:21:42.295 22687 22698 I art     : Starting a blocking GC Explicit
08-06 05:21:42.337 22687 22698 I art     : Explicit concurrent mark sweep GC freed 83(3KB) AllocSpace objects, 0(0B) LOS objects, 29% free, 38MB/54MB, paused 1.191ms total 41.526ms
08-06 05:21:42.350 22687 22698 I art     : Starting a blocking GC Explicit
08-06 05:21:42.402 22687 22698 I art     : Explicit concurrent mark sweep GC freed 94(3KB) AllocSpace objects, 0(0B) LOS objects, 29% free, 38MB/54MB, paused 1.467ms total 51.725ms
08-06 05:21:42.415 22687 22698 I art     : Starting a blocking GC Explicit
08-06 05:21:42.468 22687 22698 I art     : Explicit concurrent mark sweep GC freed 21(912B) AllocSpace objects, 0(0B) LOS objects, 29% free, 38MB/54MB, paused 1.520ms total 52.703ms
08-06 05:21:42.825 22687 22699 I art     : Starting a blocking GC Explicit
08-06 05:21:42.879 22687 22699 I art     : Explicit concurrent mark sweep GC freed 2364(125KB) AllocSpace objects, 1(20KB) LOS objects, 29% free, 38MB/54MB, paused 2.170ms total 53.698ms
08-06 05:21:42.894 22687 22699 I art     : Starting a blocking GC Explicit
08-06 05:21:42.924 22687 31104 E baseline.com.newsblur.network.APIResponse: Error (unexpected end of stream on https://www.newsblur.com/...) calling https://www.newsblur.com/reader/mark_story_hashes_as_read/
08-06 05:21:42.924 22687 31104 E baseline.com.newsblur.network.APIResponse: java.io.IOException: unexpected end of stream on https://www.newsblur.com/...
08-06 05:21:42.924 22687 31104 E baseline.com.newsblur.network.APIResponse: 	at okhttp3.internal.http1.Http1ExchangeCodec.readResponseHeaders(Http1ExchangeCodec.java:236)
08-06 05:21:42.924 22687 31104 E baseline.com.newsblur.network.APIResponse: 	at okhttp3.internal.connection.Exchange.readResponseHeaders(Exchange.java:115)
08-06 05:21:42.924 22687 31104 E baseline.com.newsblur.network.APIResponse: 	at okhttp3.internal.http.CallServerInterceptor.intercept(CallServerInterceptor.java:94)
08-06 05:21:42.924 22687 31104 E baseline.com.newsblur.network.APIResponse: 	at okhttp3.internal.http.RealInterceptorChain.proceed(RealInterceptorChain.java:142)
08-06 05:21:42.924 22687 31104 E baseline.com.newsblur.network.APIResponse: 	at okhttp3.internal.connection.ConnectInterceptor.intercept(ConnectInterceptor.java:43)
08-06 05:21:42.924 22687 31104 E baseline.com.newsblur.network.APIResponse: 	at okhttp3.internal.http.RealInterceptorChain.proceed(RealInterceptorChain.java:142)
08-06 05:21:42.924 22687 31104 E baseline.com.newsblur.network.APIResponse: 	at okhttp3.internal.http.RealInterceptorChain.proceed(RealInterceptorChain.java:117)
08-06 05:21:42.924 22687 31104 E baseline.com.newsblur.network.APIResponse: 	at okhttp3.internal.cache.CacheInterceptor.intercept(CacheInterceptor.java:94)
08-06 05:21:42.924 22687 31104 E baseline.com.newsblur.network.APIResponse: 	at okhttp3.internal.http.RealInterceptorChain.proceed(RealInterceptorChain.java:142)
08-06 05:21:42.924 22687 31104 E baseline.com.newsblur.network.APIResponse: 	at okhttp3.internal.http.RealInterceptorChain.proceed(RealInterceptorChain.java:117)
08-06 05:21:42.924 22687 31104 E baseline.com.newsblur.network.APIResponse: 	at okhttp3.internal.http.BridgeInterceptor.intercept(BridgeInterceptor.java:93)
08-06 05:21:42.924 22687 31104 E baseline.com.newsblur.network.APIResponse: 	at okhttp3.internal.http.RealInterceptorChain.proceed(RealInterceptorChain.java:142)
08-06 05:21:42.924 22687 31104 E baseline.com.newsblur.network.APIResponse: 	at okhttp3.internal.http.RetryAndFollowUpInterceptor.intercept(RetryAndFollowUpInterceptor.java:88)
08-06 05:21:42.924 22687 31104 E baseline.com.newsblur.network.APIResponse: 	at okhttp3.internal.http.RealInterceptorChain.proceed(RealInterceptorChain.java:142)
08-06 05:21:42.924 22687 31104 E baseline.com.newsblur.network.APIResponse: 	at okhttp3.internal.http.RealInterceptorChain.proceed(RealInterceptorChain.java:117)
08-06 05:21:42.924 22687 31104 E baseline.com.newsblur.network.APIResponse: 	at okhttp3.RealCall.getResponseWithInterceptorChain(RealCall.java:229)
08-06 05:21:42.924 22687 31104 E baseline.com.newsblur.network.APIResponse: 	at okhttp3.RealCall.execute(RealCall.java:81)
08-06 05:21:42.924 22687 31104 E baseline.com.newsblur.network.APIResponse: 	at baseline.com.newsblur.network.APIResponse.<init>(APIResponse.java:57)
08-06 05:21:42.924 22687 31104 E baseline.com.newsblur.network.APIResponse: 	at baseline.com.newsblur.network.APIResponse.<init>(APIResponse.java:43)
08-06 05:21:42.924 22687 31104 E baseline.com.newsblur.network.APIResponse: 	at baseline.com.newsblur.network.APIManager.post_single(APIManager.java:702)
08-06 05:21:42.924 22687 31104 E baseline.com.newsblur.network.APIResponse: 	at baseline.com.newsblur.network.APIManager.post(APIManager.java:675)
08-06 05:21:42.924 22687 31104 E baseline.com.newsblur.network.APIResponse: 	at baseline.com.newsblur.network.APIManager.post(APIManager.java:714)
08-06 05:21:42.924 22687 31104 E baseline.com.newsblur.network.APIResponse: 	at baseline.com.newsblur.network.APIManager.markStoryAsRead(APIManager.java:205)
08-06 05:21:42.924 22687 31104 E baseline.com.newsblur.network.APIResponse: 	at baseline.com.newsblur.util.ReadingAction.doRemote(ReadingAction.java:281)
08-06 05:21:42.924 22687 31104 E baseline.com.newsblur.network.APIResponse: 	at baseline.com.newsblur.service.NBSyncService.syncActions(NBSyncService.java:400)
08-06 05:21:42.924 22687 31104 E baseline.com.newsblur.network.APIResponse: 	at baseline.com.newsblur.service.NBSyncService.doSync(NBSyncService.java:298)
08-06 05:21:42.924 22687 31104 E baseline.com.newsblur.network.APIResponse: 	at baseline.com.newsblur.service.NBSyncService.access$100(NBSyncService.java:67)
08-06 05:21:42.924 22687 31104 E baseline.com.newsblur.network.APIResponse: 	at baseline.com.newsblur.service.NBSyncService$1.run(NBSyncService.java:188)
08-06 05:21:42.924 22687 31104 E baseline.com.newsblur.network.APIResponse: 	at java.util.concurrent.ThreadPoolExecutor.runWorker(ThreadPoolExecutor.java:1113)
08-06 05:21:42.924 22687 31104 E baseline.com.newsblur.network.APIResponse: 	at java.util.concurrent.ThreadPoolExecutor$Worker.run(ThreadPoolExecutor.java:588)
08-06 05:21:42.924 22687 31104 E baseline.com.newsblur.network.APIResponse: 	at java.lang.Thread.run(Thread.java:818)
08-06 05:21:42.924 22687 31104 E baseline.com.newsblur.network.APIResponse: Caused by: java.io.EOFException: \n not found: limit=0 content=
08-06 05:21:42.924 22687 31104 E baseline.com.newsblur.network.APIResponse: 	at okio.RealBufferedSource.readUtf8LineStrict(RealBufferedSource.java:240)
08-06 05:21:42.924 22687 31104 E baseline.com.newsblur.network.APIResponse: 	at okhttp3.internal.http1.Http1ExchangeCodec.readHeaderLine(Http1ExchangeCodec.java:242)
08-06 05:21:42.924 22687 31104 E baseline.com.newsblur.network.APIResponse: 	at okhttp3.internal.http1.Http1ExchangeCodec.readResponseHeaders(Http1ExchangeCodec.java:213)
08-06 05:21:42.924 22687 31104 E baseline.com.newsblur.network.APIResponse: 	... 30 more
08-06 05:21:42.925 22687 31104 I baseline.com.newsblur.network.APIManager: API call failed, pausing before retry number 2
08-06 05:21:42.942 22687 22699 I art     : Explicit concurrent mark sweep GC freed 2242(251KB) AllocSpace objects, 2(40KB) LOS objects, 29% free, 38MB/54MB, paused 1.300ms total 48.451ms
08-06 05:21:42.956 22687 22699 I art     : Starting a blocking GC Explicit
08-06 05:21:43.003 22687 22699 I art     : Explicit concurrent mark sweep GC freed 143(17KB) AllocSpace objects, 0(0B) LOS objects, 29% free, 38MB/54MB, paused 1.339ms total 46.921ms
08-06 05:21:43.017 22687 22699 I art     : Starting a blocking GC Explicit
08-06 05:21:43.066 22687 22699 I art     : Explicit concurrent mark sweep GC freed 33(1088B) AllocSpace objects, 0(0B) LOS objects, 29% free, 38MB/54MB, paused 1.493ms total 48.692ms
08-06 05:21:43.080 22687 22699 I art     : Starting a blocking GC Explicit
08-06 05:21:43.126 22687 22699 I art     : Explicit concurrent mark sweep GC freed 11(352B) AllocSpace objects, 0(0B) LOS objects, 29% free, 38MB/54MB, paused 1.255ms total 46.002ms
08-06 05:21:43.467 22687 30790 I art     : Starting a blocking GC Explicit
08-06 05:21:43.519 22687 30790 I art     : Explicit concurrent mark sweep GC freed 1486(84KB) AllocSpace objects, 1(20KB) LOS objects, 29% free, 38MB/54MB, paused 1.431ms total 51.432ms
08-06 05:21:43.534 22687 30790 I art     : Starting a blocking GC Explicit
08-06 05:21:43.570 24405 24405 I Atfwd_Sendcmd: AtCmdFwd service not ready - Exhausted retry attempts - :6
08-06 05:21:43.570 24405 24405 I Atfwd_Daemon: result : -1 	 ,Init step :2 	 ,qmiErrorCode: 0
08-06 05:21:43.581 22687 30790 I art     : Explicit concurrent mark sweep GC freed 30(1056B) AllocSpace objects, 0(0B) LOS objects, 29% free, 38MB/54MB, paused 1.609ms total 47.005ms
08-06 05:21:43.594 22687 30790 I art     : Starting a blocking GC Explicit
08-06 05:21:43.641 22687 30790 I art     : Explicit concurrent mark sweep GC freed 11(352B) AllocSpace objects, 0(0B) LOS objects, 29% free, 38MB/54MB, paused 1.274ms total 46.702ms
08-06 05:21:43.655 22687 30790 I art     : Starting a blocking GC Explicit
08-06 05:21:43.702 22687 30790 I art     : Explicit concurrent mark sweep GC freed 4(128B) AllocSpace objects, 0(0B) LOS objects, 29% free, 38MB/54MB, paused 1.380ms total 46.182ms
08-06 05:21:43.714 22687 30790 I art     : Starting a blocking GC Explicit
08-06 05:21:43.764 22687 30790 I art     : Explicit concurrent mark sweep GC freed 3(96B) AllocSpace objects, 0(0B) LOS objects, 29% free, 38MB/54MB, paused 1.391ms total 48.990ms
08-06 05:21:43.811 31640 31640 D AndroidRuntime: >>>>>> START com.android.internal.os.RuntimeInit uid 2000 <<<<<<
08-06 05:21:43.818 31640 31640 D AndroidRuntime: CheckJNI is OFF
08-06 05:21:43.863 31640 31640 D ICU     : No timezone override file found: /data/misc/zoneinfo/current/icu/icu_tzdata.dat
08-06 05:21:43.909 31640 31640 I Radio-JNI: register_android_hardware_Radio DONE
08-06 05:21:43.938 31640 31640 D AndroidRuntime: Calling main entry com.android.commands.input.Input
08-06 05:21:43.940 31640 31640 I Input   : injectMotionEvent: MotionEvent { action=ACTION_DOWN, actionButton=0, id[0]=0, x[0]=553.0, y[0]=442.0, toolType[0]=TOOL_TYPE_UNKNOWN, buttonState=0, metaState=0, flags=0x0, edgeFlags=0x0, pointerCount=1, historySize=0, eventTime=854520353, downTime=854520353, deviceId=0, source=0x1002 }
08-06 05:21:43.946 31640 31640 I Input   : injectMotionEvent: MotionEvent { action=ACTION_UP, actionButton=0, id[0]=0, x[0]=553.0, y[0]=442.0, toolType[0]=TOOL_TYPE_UNKNOWN, buttonState=0, metaState=0, flags=0x0, edgeFlags=0x0, pointerCount=1, historySize=0, eventTime=854520353, downTime=854520353, deviceId=0, source=0x1002 }
08-06 05:21:43.948 31640 31640 D AndroidRuntime: Shutting down VM
08-06 05:21:44.017   918  4400 I ActivityManager: START u0 {cmp=baseline.com.newsblur/.activity.AllSharedStoriesItemsList (has extras)} from uid 10698 on display 0
08-06 05:21:44.037 22687 30745 I baseline.com.newsblur.database.BlurDatabaseHelper: reading session reset
08-06 05:21:44.122 22687 22699 I art     : Starting a blocking GC Explicit
08-06 05:21:44.171 22687 22699 I art     : Explicit concurrent mark sweep GC freed 3479(288KB) AllocSpace objects, 6(212KB) LOS objects, 29% free, 38MB/54MB, paused 1.404ms total 48.637ms
08-06 05:21:44.186 22687 22699 I art     : Starting a blocking GC Explicit
08-06 05:21:44.217 22687 22687 W View    : requestLayout() improperly called by android.widget.FrameLayout{6fffade V.E...... ......ID 0,0-1440,0 #7f07003f app:id/footer_view_inner} during layout: running second layout pass
08-06 05:21:44.217 22687 22687 W View    : requestLayout() improperly called by android.widget.FrameLayout{f21a4bf V.E...... ......ID 0,0-1440,476 #7f07003f app:id/footer_view_inner} during layout: running second layout pass
08-06 05:21:44.232 22687 22699 I art     : Explicit concurrent mark sweep GC freed 1401(92KB) AllocSpace objects, 1(20KB) LOS objects, 29% free, 38MB/54MB, paused 1.522ms total 45.700ms
08-06 05:21:44.235   918   936 I ActivityManager: Displayed baseline.com.newsblur/.activity.AllSharedStoriesItemsList: +208ms
08-06 05:21:44.235 13866 13866 I GoogleInputMethodServic: GoogleInputMethodService.onFinishInput():3138 
08-06 05:21:44.236 13866 13866 I GoogleInputMethodServic: GoogleInputMethodService.onStartInput():1808 
08-06 05:21:44.247 22687 22699 I art     : Starting a blocking GC Explicit
08-06 05:21:44.296 22687 22699 I art     : Explicit concurrent mark sweep GC freed 954(88KB) AllocSpace objects, 6(120KB) LOS objects, 29% free, 38MB/54MB, paused 1.734ms total 48.916ms
08-06 05:21:44.309 22687 22699 I art     : Starting a blocking GC Explicit
08-06 05:21:44.356 22687 22699 I art     : Explicit concurrent mark sweep GC freed 947(54KB) AllocSpace objects, 2(40KB) LOS objects, 29% free, 38MB/54MB, paused 1.468ms total 46.727ms
08-06 05:21:44.368 22687 22699 I art     : Starting a blocking GC Explicit
08-06 05:21:44.424 22687 22699 I art     : Explicit concurrent mark sweep GC freed 52(2272B) AllocSpace objects, 0(0B) LOS objects, 29% free, 38MB/54MB, paused 1.561ms total 54.910ms
08-06 05:21:44.444 22687 31674 I NAPPA_EXPERIMENTATION: MetricNetworkRequestExecutionTime: REQUEST_DURATION_SYSTEM='129',REQUEST_DURATION_OKHTTP='129',REQUEST_SYNCHRONOUS='TRUE',RESPONSE_CODE='200',RESPONSE_METHOD='GET',RESPONSE_LENGTH_OKHTTP='43',RESPONSE_LENGTH_HEADER='43',REQUEST_PROTOCOL='http/1.1',REQUEST_URL='http://feeds.feedburner.com/~r/retort/~4/UffaFMiJbNs',
08-06 05:21:44.545 22687 30481 I NAPPA_EXPERIMENTATION: MetricNetworkRequestExecutionTime: REQUEST_DURATION_SYSTEM='212',REQUEST_DURATION_OKHTTP='211',REQUEST_SYNCHRONOUS='TRUE',RESPONSE_CODE='200',RESPONSE_METHOD='GET',RESPONSE_LENGTH_OKHTTP='56376',RESPONSE_LENGTH_HEADER='56376',REQUEST_PROTOCOL='h2',REQUEST_URL='https://images.fastcompany.net/image/upload/w_1280,q_auto,f_auto,fl_lossy/wp-cms/uploads/2020/07/p-1-quit-after-covid.jpg',
08-06 05:21:44.774 22687 30790 I art     : Starting a blocking GC Explicit
08-06 05:21:44.826 22687 30790 I art     : Explicit concurrent mark sweep GC freed 2628(187KB) AllocSpace objects, 7(3MB) LOS objects, 28% free, 40MB/56MB, paused 1.426ms total 51.840ms
08-06 05:21:44.840 22687 30790 I art     : Starting a blocking GC Explicit
08-06 05:21:44.890 22687 30790 I art     : Explicit concurrent mark sweep GC freed 75(2832B) AllocSpace objects, 0(0B) LOS objects, 28% free, 40MB/56MB, paused 1.328ms total 49.761ms
08-06 05:21:44.903 22687 30790 I art     : Starting a blocking GC Explicit
08-06 05:21:44.952 22687 30790 I art     : Explicit concurrent mark sweep GC freed 7(224B) AllocSpace objects, 0(0B) LOS objects, 28% free, 40MB/56MB, paused 1.419ms total 48.926ms
08-06 05:21:44.966 22687 30790 I art     : Starting a blocking GC Explicit
08-06 05:21:45.015 22687 30790 I art     : Explicit concurrent mark sweep GC freed 7(224B) AllocSpace objects, 0(0B) LOS objects, 28% free, 40MB/56MB, paused 1.432ms total 48.576ms
08-06 05:21:45.028 22687 30790 I art     : Starting a blocking GC Explicit
08-06 05:21:45.078 22687 30790 I art     : Explicit concurrent mark sweep GC freed 7(224B) AllocSpace objects, 0(0B) LOS objects, 28% free, 40MB/56MB, paused 1.628ms total 49.050ms
08-06 05:21:45.437 22687 30790 I art     : Starting a blocking GC Explicit
08-06 05:21:45.492 22687 30790 I art     : Explicit concurrent mark sweep GC freed 1482(84KB) AllocSpace objects, 1(20KB) LOS objects, 28% free, 40MB/56MB, paused 1.491ms total 54.859ms
08-06 05:21:45.507 22687 30790 I art     : Starting a blocking GC Explicit
08-06 05:21:45.561 22687 30790 I art     : Explicit concurrent mark sweep GC freed 35(1200B) AllocSpace objects, 0(0B) LOS objects, 28% free, 40MB/56MB, paused 1.399ms total 54.318ms
08-06 05:21:45.576 22687 30790 I art     : Starting a blocking GC Explicit
08-06 05:21:45.629 22687 30790 I art     : Explicit concurrent mark sweep GC freed 15(480B) AllocSpace objects, 0(0B) LOS objects, 28% free, 40MB/56MB, paused 1.399ms total 52.734ms
08-06 05:21:45.644 22687 30790 I art     : Starting a blocking GC Explicit
08-06 05:21:45.697 22687 30790 I art     : Explicit concurrent mark sweep GC freed 8(256B) AllocSpace objects, 0(0B) LOS objects, 28% free, 40MB/56MB, paused 1.334ms total 52.107ms
08-06 05:21:45.712 22687 30790 I art     : Starting a blocking GC Explicit
08-06 05:21:45.763 22687 30790 I art     : Explicit concurrent mark sweep GC freed 7(224B) AllocSpace objects, 0(0B) LOS objects, 28% free, 40MB/56MB, paused 1.478ms total 50.941ms
08-06 05:21:46.153 22687 30447 I art     : Starting a blocking GC Explicit
08-06 05:21:46.206 22687 30447 I art     : Explicit concurrent mark sweep GC freed 1636(92KB) AllocSpace objects, 1(20KB) LOS objects, 28% free, 40MB/56MB, paused 1.571ms total 53.131ms
08-06 05:21:46.221 22687 30447 I art     : Starting a blocking GC Explicit
08-06 05:21:46.273 22687 30447 I art     : Explicit concurrent mark sweep GC freed 32(1168B) AllocSpace objects, 0(0B) LOS objects, 28% free, 40MB/56MB, paused 1.564ms total 52.003ms
08-06 05:21:46.287 22687 30447 I art     : Starting a blocking GC Explicit
08-06 05:21:46.338 22687 30447 I art     : Explicit concurrent mark sweep GC freed 7(224B) AllocSpace objects, 0(0B) LOS objects, 28% free, 40MB/56MB, paused 1.611ms total 51.218ms
08-06 05:21:46.352 22687 30447 I art     : Starting a blocking GC Explicit
08-06 05:21:46.403 22687 30447 I art     : Explicit concurrent mark sweep GC freed 7(224B) AllocSpace objects, 0(0B) LOS objects, 28% free, 40MB/56MB, paused 1.560ms total 50.496ms
08-06 05:21:46.416 22687 30447 I art     : Starting a blocking GC Explicit
08-06 05:21:46.468 22687 30447 I art     : Explicit concurrent mark sweep GC freed 459(19KB) AllocSpace objects, 0(0B) LOS objects, 28% free, 40MB/56MB, paused 1.807ms total 51.385ms
08-06 05:21:46.519 22687 31104 E baseline.com.newsblur.network.APIResponse: Error (unexpected end of stream on https://www.newsblur.com/...) calling https://www.newsblur.com/reader/mark_story_hashes_as_read/
08-06 05:21:46.519 22687 31104 E baseline.com.newsblur.network.APIResponse: java.io.IOException: unexpected end of stream on https://www.newsblur.com/...
08-06 05:21:46.519 22687 31104 E baseline.com.newsblur.network.APIResponse: 	at okhttp3.internal.http1.Http1ExchangeCodec.readResponseHeaders(Http1ExchangeCodec.java:236)
08-06 05:21:46.519 22687 31104 E baseline.com.newsblur.network.APIResponse: 	at okhttp3.internal.connection.Exchange.readResponseHeaders(Exchange.java:115)
08-06 05:21:46.519 22687 31104 E baseline.com.newsblur.network.APIResponse: 	at okhttp3.internal.http.CallServerInterceptor.intercept(CallServerInterceptor.java:94)
08-06 05:21:46.519 22687 31104 E baseline.com.newsblur.network.APIResponse: 	at okhttp3.internal.http.RealInterceptorChain.proceed(RealInterceptorChain.java:142)
08-06 05:21:46.519 22687 31104 E baseline.com.newsblur.network.APIResponse: 	at okhttp3.internal.connection.ConnectInterceptor.intercept(ConnectInterceptor.java:43)
08-06 05:21:46.519 22687 31104 E baseline.com.newsblur.network.APIResponse: 	at okhttp3.internal.http.RealInterceptorChain.proceed(RealInterceptorChain.java:142)
08-06 05:21:46.519 22687 31104 E baseline.com.newsblur.network.APIResponse: 	at okhttp3.internal.http.RealInterceptorChain.proceed(RealInterceptorChain.java:117)
08-06 05:21:46.519 22687 31104 E baseline.com.newsblur.network.APIResponse: 	at okhttp3.internal.cache.CacheInterceptor.intercept(CacheInterceptor.java:94)
08-06 05:21:46.519 22687 31104 E baseline.com.newsblur.network.APIResponse: 	at okhttp3.internal.http.RealInterceptorChain.proceed(RealInterceptorChain.java:142)
08-06 05:21:46.519 22687 31104 E baseline.com.newsblur.network.APIResponse: 	at okhttp3.internal.http.RealInterceptorChain.proceed(RealInterceptorChain.java:117)
08-06 05:21:46.519 22687 31104 E baseline.com.newsblur.network.APIResponse: 	at okhttp3.internal.http.BridgeInterceptor.intercept(BridgeInterceptor.java:93)
08-06 05:21:46.519 22687 31104 E baseline.com.newsblur.network.APIResponse: 	at okhttp3.internal.http.RealInterceptorChain.proceed(RealInterceptorChain.java:142)
08-06 05:21:46.519 22687 31104 E baseline.com.newsblur.network.APIResponse: 	at okhttp3.internal.http.RetryAndFollowUpInterceptor.intercept(RetryAndFollowUpInterceptor.java:88)
08-06 05:21:46.519 22687 31104 E baseline.com.newsblur.network.APIResponse: 	at okhttp3.internal.http.RealInterceptorChain.proceed(RealInterceptorChain.java:142)
08-06 05:21:46.519 22687 31104 E baseline.com.newsblur.network.APIResponse: 	at okhttp3.internal.http.RealInterceptorChain.proceed(RealInterceptorChain.java:117)
08-06 05:21:46.519 22687 31104 E baseline.com.newsblur.network.APIResponse: 	at okhttp3.RealCall.getResponseWithInterceptorChain(RealCall.java:229)
08-06 05:21:46.519 22687 31104 E baseline.com.newsblur.network.APIResponse: 	at okhttp3.RealCall.execute(RealCall.java:81)
08-06 05:21:46.519 22687 31104 E baseline.com.newsblur.network.APIResponse: 	at baseline.com.newsblur.network.APIResponse.<init>(APIResponse.java:57)
08-06 05:21:46.519 22687 31104 E baseline.com.newsblur.network.APIResponse: 	at baseline.com.newsblur.network.APIResponse.<init>(APIResponse.java:43)
08-06 05:21:46.519 22687 31104 E baseline.com.newsblur.network.APIResponse: 	at baseline.com.newsblur.network.APIManager.post_single(APIManager.java:702)
08-06 05:21:46.519 22687 31104 E baseline.com.newsblur.network.APIResponse: 	at baseline.com.newsblur.network.APIManager.post(APIManager.java:675)
08-06 05:21:46.519 22687 31104 E baseline.com.newsblur.network.APIResponse: 	at baseline.com.newsblur.network.APIManager.post(APIManager.java:714)
08-06 05:21:46.519 22687 31104 E baseline.com.newsblur.network.APIResponse: 	at baseline.com.newsblur.network.APIManager.markStoryAsRead(APIManager.java:205)
08-06 05:21:46.519 22687 31104 E baseline.com.newsblur.network.APIResponse: 	at baseline.com.newsblur.util.ReadingAction.doRemote(ReadingAction.java:281)
08-06 05:21:46.519 22687 31104 E baseline.com.newsblur.network.APIResponse: 	at baseline.com.newsblur.service.NBSyncService.syncActions(NBSyncService.java:400)
08-06 05:21:46.519 22687 31104 E baseline.com.newsblur.network.APIResponse: 	at baseline.com.newsblur.service.NBSyncService.doSync(NBSyncService.java:298)
08-06 05:21:46.519 22687 31104 E baseline.com.newsblur.network.APIResponse: 	at baseline.com.newsblur.service.NBSyncService.access$100(NBSyncService.java:67)
08-06 05:21:46.519 22687 31104 E baseline.com.newsblur.network.APIResponse: 	at baseline.com.newsblur.service.NBSyncService$1.run(NBSyncService.java:188)
08-06 05:21:46.519 22687 31104 E baseline.com.newsblur.network.APIResponse: 	at java.util.concurrent.ThreadPoolExecutor.runWorker(ThreadPoolExecutor.java:1113)
08-06 05:21:46.519 22687 31104 E baseline.com.newsblur.network.APIResponse: 	at java.util.concurrent.ThreadPoolExecutor$Worker.run(ThreadPoolExecutor.java:588)
08-06 05:21:46.519 22687 31104 E baseline.com.newsblur.network.APIResponse: 	at java.lang.Thread.run(Thread.java:818)
08-06 05:21:46.519 22687 31104 E baseline.com.newsblur.network.APIResponse: Caused by: java.io.EOFException: \n not found: limit=0 content=
08-06 05:21:46.519 22687 31104 E baseline.com.newsblur.network.APIResponse: 	at okio.RealBufferedSource.readUtf8LineStrict(RealBufferedSource.java:240)
08-06 05:21:46.519 22687 31104 E baseline.com.newsblur.network.APIResponse: 	at okhttp3.internal.http1.Http1ExchangeCodec.readHeaderLine(Http1ExchangeCodec.java:242)
08-06 05:21:46.519 22687 31104 E baseline.com.newsblur.network.APIResponse: 	at okhttp3.internal.http1.Http1ExchangeCodec.readResponseHeaders(Http1ExchangeCodec.java:213)
08-06 05:21:46.519 22687 31104 E baseline.com.newsblur.network.APIResponse: 	... 30 more
08-06 05:21:46.521 22687 31104 I baseline.com.newsblur.service.NBSyncService: Holding reading action with server-side or network error.
08-06 05:21:46.532 22687 31104 W baseline.com.newsblur.service.NBSyncService: hard API failure
08-06 05:21:46.542 22687 31104 I baseline.com.newsblur.service.NBSyncService: recounting dirty feed sets: 1
08-06 05:21:46.834 22687 30447 I art     : Starting a blocking GC Explicit
08-06 05:21:46.889 22687 30447 I art     : Explicit concurrent mark sweep GC freed 4418(421KB) AllocSpace objects, 5(100KB) LOS objects, 28% free, 40MB/56MB, paused 1.657ms total 54.830ms
08-06 05:21:46.902 22687 30447 I art     : Starting a blocking GC Explicit
08-06 05:21:46.951 22687 30447 I art     : Explicit concurrent mark sweep GC freed 277(10KB) AllocSpace objects, 0(0B) LOS objects, 28% free, 40MB/56MB, paused 1.485ms total 48.531ms
08-06 05:21:46.965 22687 30447 I art     : Starting a blocking GC Explicit
08-06 05:21:47.016 22687 30447 I art     : Explicit concurrent mark sweep GC freed 1661(65KB) AllocSpace objects, 0(0B) LOS objects, 28% free, 40MB/56MB, paused 1.634ms total 51.361ms
08-06 05:21:47.030 22687 30447 I art     : Starting a blocking GC Explicit
08-06 05:21:47.038 22687 31104 E baseline.com.newsblur.network.APIResponse: Error (unexpected end of stream on https://www.newsblur.com/...) calling https://www.newsblur.com/reader/feed_unread_count?feed_id=0
08-06 05:21:47.038 22687 31104 E baseline.com.newsblur.network.APIResponse: java.io.IOException: unexpected end of stream on https://www.newsblur.com/...
08-06 05:21:47.038 22687 31104 E baseline.com.newsblur.network.APIResponse: 	at okhttp3.internal.http1.Http1ExchangeCodec.readResponseHeaders(Http1ExchangeCodec.java:236)
08-06 05:21:47.038 22687 31104 E baseline.com.newsblur.network.APIResponse: 	at okhttp3.internal.connection.Exchange.readResponseHeaders(Exchange.java:115)
08-06 05:21:47.038 22687 31104 E baseline.com.newsblur.network.APIResponse: 	at okhttp3.internal.http.CallServerInterceptor.intercept(CallServerInterceptor.java:94)
08-06 05:21:47.038 22687 31104 E baseline.com.newsblur.network.APIResponse: 	at okhttp3.internal.http.RealInterceptorChain.proceed(RealInterceptorChain.java:142)
08-06 05:21:47.038 22687 31104 E baseline.com.newsblur.network.APIResponse: 	at okhttp3.internal.connection.ConnectInterceptor.intercept(ConnectInterceptor.java:43)
08-06 05:21:47.038 22687 31104 E baseline.com.newsblur.network.APIResponse: 	at okhttp3.internal.http.RealInterceptorChain.proceed(RealInterceptorChain.java:142)
08-06 05:21:47.038 22687 31104 E baseline.com.newsblur.network.APIResponse: 	at okhttp3.internal.http.RealInterceptorChain.proceed(RealInterceptorChain.java:117)
08-06 05:21:47.038 22687 31104 E baseline.com.newsblur.network.APIResponse: 	at okhttp3.internal.cache.CacheInterceptor.intercept(CacheInterceptor.java:94)
08-06 05:21:47.038 22687 31104 E baseline.com.newsblur.network.APIResponse: 	at okhttp3.internal.http.RealInterceptorChain.proceed(RealInterceptorChain.java:142)
08-06 05:21:47.038 22687 31104 E baseline.com.newsblur.network.APIResponse: 	at okhttp3.internal.http.RealInterceptorChain.proceed(RealInterceptorChain.java:117)
08-06 05:21:47.038 22687 31104 E baseline.com.newsblur.network.APIResponse: 	at okhttp3.internal.http.BridgeInterceptor.intercept(BridgeInterceptor.java:93)
08-06 05:21:47.038 22687 31104 E baseline.com.newsblur.network.APIResponse: 	at okhttp3.internal.http.RealInterceptorChain.proceed(RealInterceptorChain.java:142)
08-06 05:21:47.038 22687 31104 E baseline.com.newsblur.network.APIResponse: 	at okhttp3.internal.http.RetryAndFollowUpInterceptor.intercept(RetryAndFollowUpInterceptor.java:88)
08-06 05:21:47.038 22687 31104 E baseline.com.newsblur.network.APIResponse: 	at okhttp3.internal.http.RealInterceptorChain.proceed(RealInterceptorChain.java:142)
08-06 05:21:47.038 22687 31104 E baseline.com.newsblur.network.APIResponse: 	at okhttp3.internal.http.RealInterceptorChain.proceed(RealInterceptorChain.java:117)
08-06 05:21:47.038 22687 31104 E baseline.com.newsblur.network.APIResponse: 	at okhttp3.RealCall.getResponseWithInterceptorChain(RealCall.java:229)
08-06 05:21:47.038 22687 31104 E baseline.com.newsblur.network.APIResponse: 	at okhttp3.RealCall.execute(RealCall.java:81)
08-06 05:21:47.038 22687 31104 E baseline.com.newsblur.network.APIResponse: 	at baseline.com.newsblur.network.APIResponse.<init>(APIResponse.java:57)
08-06 05:21:47.038 22687 31104 E baseline.com.newsblur.network.APIResponse: 	at baseline.com.newsblur.network.APIManager.get_single(APIManager.java:639)
08-06 05:21:47.038 22687 31104 E baseline.com.newsblur.network.APIResponse: 	at baseline.com.newsblur.network.APIManager.get(APIManager.java:625)
08-06 05:21:47.038 22687 31104 E baseline.com.newsblur.network.APIResponse: 	at baseline.com.newsblur.network.APIManager.get(APIManager.java:667)
08-06 05:21:47.038 22687 31104 E baseline.com.newsblur.network.APIResponse: 	at baseline.com.newsblur.network.APIManager.getFeedUnreadCounts(APIManager.java:274)
08-06 05:21:47.038 22687 31104 E baseline.com.newsblur.network.APIResponse: 	at baseline.com.newsblur.service.NBSyncService.checkRecounts(NBSyncService.java:660)
08-06 05:21:47.038 22687 31104 E baseline.com.newsblur.network.APIResponse: 	at baseline.com.newsblur.service.NBSyncService.doSync(NBSyncService.java:310)
08-06 05:21:47.038 22687 31104 E baseline.com.newsblur.network.APIResponse: 	at baseline.com.newsblur.service.NBSyncService.access$100(NBSyncService.java:67)
08-06 05:21:47.038 22687 31104 E baseline.com.newsblur.network.APIResponse: 	at baseline.com.newsblur.service.NBSyncService$1.run(NBSyncService.java:188)
08-06 05:21:47.038 22687 31104 E baseline.com.newsblur.network.APIResponse: 	at java.util.concurrent.ThreadPoolExecutor.runWorker(ThreadPoolExecutor.java:1113)
08-06 05:21:47.038 22687 31104 E baseline.com.newsblur.network.APIResponse: 	at java.util.concurrent.ThreadPoolExecutor$Worker.run(ThreadPoolExecutor.java:588)
08-06 05:21:47.038 22687 31104 E baseline.com.newsblur.network.APIResponse: 	at java.lang.Thread.run(Thread.java:818)
08-06 05:21:47.038 22687 31104 E baseline.com.newsblur.network.APIResponse: Caused by: java.io.EOFException: \n not found: limit=0 content=
08-06 05:21:47.038 22687 31104 E baseline.com.newsblur.network.APIResponse: 	at okio.RealBufferedSource.readUtf8LineStrict(RealBufferedSource.java:240)
08-06 05:21:47.038 22687 31104 E baseline.com.newsblur.network.APIResponse: 	at okhttp3.internal.http1.Http1ExchangeCodec.readHeaderLine(Http1ExchangeCodec.java:242)
08-06 05:21:47.038 22687 31104 E baseline.com.newsblur.network.APIResponse: 	at okhttp3.internal.http1.Http1ExchangeCodec.readResponseHeaders(Http1ExchangeCodec.java:213)
08-06 05:21:47.038 22687 31104 E baseline.com.newsblur.network.APIResponse: 	... 28 more
08-06 05:21:47.039 22687 31104 I baseline.com.newsblur.network.APIManager: API call failed, pausing before retry number 1
08-06 05:21:47.082 22687 30447 I art     : Explicit concurrent mark sweep GC freed 809(194KB) AllocSpace objects, 2(40KB) LOS objects, 28% free, 40MB/56MB, paused 1.535ms total 51.643ms
08-06 05:21:47.096 22687 30447 I art     : Starting a blocking GC Explicit
08-06 05:21:47.148 22687 30447 I art     : Explicit concurrent mark sweep GC freed 119(16KB) AllocSpace objects, 0(0B) LOS objects, 28% free, 40MB/56MB, paused 1.533ms total 52.126ms
08-06 05:21:47.537 22687 30447 I art     : Starting a blocking GC Explicit
08-06 05:21:47.590 22687 30447 I art     : Explicit concurrent mark sweep GC freed 1494(84KB) AllocSpace objects, 1(20KB) LOS objects, 28% free, 40MB/56MB, paused 1.531ms total 52.881ms
08-06 05:21:47.603 22687 30447 I art     : Starting a blocking GC Explicit
08-06 05:21:47.654 22687 30447 I art     : Explicit concurrent mark sweep GC freed 26(912B) AllocSpace objects, 0(0B) LOS objects, 28% free, 40MB/56MB, paused 1.488ms total 50.660ms
08-06 05:21:47.668 22687 30447 I art     : Starting a blocking GC Explicit
08-06 05:21:47.719 22687 30447 I art     : Explicit concurrent mark sweep GC freed 7(224B) AllocSpace objects, 0(0B) LOS objects, 28% free, 40MB/56MB, paused 1.413ms total 50.510ms
08-06 05:21:47.732 22687 30447 I art     : Starting a blocking GC Explicit
08-06 05:21:47.783 22687 30447 I art     : Explicit concurrent mark sweep GC freed 7(224B) AllocSpace objects, 0(0B) LOS objects, 28% free, 40MB/56MB, paused 1.449ms total 50.550ms
08-06 05:21:47.797 22687 30447 I art     : Starting a blocking GC Explicit
08-06 05:21:47.848 22687 30447 I art     : Explicit concurrent mark sweep GC freed 7(224B) AllocSpace objects, 0(0B) LOS objects, 28% free, 40MB/56MB, paused 1.588ms total 50.858ms
08-06 05:21:48.242 22687 22698 I art     : Starting a blocking GC Explicit
08-06 05:21:48.295 22687 22698 I art     : Explicit concurrent mark sweep GC freed 1470(85KB) AllocSpace objects, 1(20KB) LOS objects, 28% free, 40MB/56MB, paused 1.751ms total 52.835ms
08-06 05:21:48.309 22687 22698 I art     : Starting a blocking GC Explicit
08-06 05:21:48.360 22687 22698 I art     : Explicit concurrent mark sweep GC freed 26(912B) AllocSpace objects, 0(0B) LOS objects, 28% free, 40MB/56MB, paused 1.380ms total 51.052ms
08-06 05:21:48.374 22687 22698 I art     : Starting a blocking GC Explicit
08-06 05:21:48.425 22687 22698 I art     : Explicit concurrent mark sweep GC freed 7(224B) AllocSpace objects, 0(0B) LOS objects, 28% free, 40MB/56MB, paused 1.475ms total 51.084ms
08-06 05:21:48.439 22687 22698 I art     : Starting a blocking GC Explicit
08-06 05:21:48.491 22687 22698 I art     : Explicit concurrent mark sweep GC freed 7(224B) AllocSpace objects, 0(0B) LOS objects, 28% free, 40MB/56MB, paused 1.522ms total 51.744ms
08-06 05:21:48.504 22687 22698 I art     : Starting a blocking GC Explicit
08-06 05:21:48.556 22687 22698 I art     : Explicit concurrent mark sweep GC freed 100(3KB) AllocSpace objects, 0(0B) LOS objects, 28% free, 40MB/56MB, paused 1.579ms total 51.478ms
08-06 05:21:48.945 22687 22698 I art     : Starting a blocking GC Explicit
08-06 05:21:48.999 22687 22698 I art     : Explicit concurrent mark sweep GC freed 1551(89KB) AllocSpace objects, 1(20KB) LOS objects, 28% free, 40MB/56MB, paused 1.702ms total 53.365ms
08-06 05:21:49.013 22687 22698 I art     : Starting a blocking GC Explicit
08-06 05:21:49.065 22687 22698 I art     : Explicit concurrent mark sweep GC freed 1681(65KB) AllocSpace objects, 0(0B) LOS objects, 28% free, 40MB/56MB, paused 1.449ms total 51.403ms
08-06 05:21:49.078 22687 22698 I art     : Starting a blocking GC Explicit
08-06 05:21:49.084 22687 31104 E baseline.com.newsblur.network.APIResponse: Error (unexpected end of stream on https://www.newsblur.com/...) calling https://www.newsblur.com/reader/feed_unread_count?feed_id=0
08-06 05:21:49.084 22687 31104 E baseline.com.newsblur.network.APIResponse: java.io.IOException: unexpected end of stream on https://www.newsblur.com/...
08-06 05:21:49.084 22687 31104 E baseline.com.newsblur.network.APIResponse: 	at okhttp3.internal.http1.Http1ExchangeCodec.readResponseHeaders(Http1ExchangeCodec.java:236)
08-06 05:21:49.084 22687 31104 E baseline.com.newsblur.network.APIResponse: 	at okhttp3.internal.connection.Exchange.readResponseHeaders(Exchange.java:115)
08-06 05:21:49.084 22687 31104 E baseline.com.newsblur.network.APIResponse: 	at okhttp3.internal.http.CallServerInterceptor.intercept(CallServerInterceptor.java:94)
08-06 05:21:49.084 22687 31104 E baseline.com.newsblur.network.APIResponse: 	at okhttp3.internal.http.RealInterceptorChain.proceed(RealInterceptorChain.java:142)
08-06 05:21:49.084 22687 31104 E baseline.com.newsblur.network.APIResponse: 	at okhttp3.internal.connection.ConnectInterceptor.intercept(ConnectInterceptor.java:43)
08-06 05:21:49.084 22687 31104 E baseline.com.newsblur.network.APIResponse: 	at okhttp3.internal.http.RealInterceptorChain.proceed(RealInterceptorChain.java:142)
08-06 05:21:49.084 22687 31104 E baseline.com.newsblur.network.APIResponse: 	at okhttp3.internal.http.RealInterceptorChain.proceed(RealInterceptorChain.java:117)
08-06 05:21:49.084 22687 31104 E baseline.com.newsblur.network.APIResponse: 	at okhttp3.internal.cache.CacheInterceptor.intercept(CacheInterceptor.java:94)
08-06 05:21:49.084 22687 31104 E baseline.com.newsblur.network.APIResponse: 	at okhttp3.internal.http.RealInterceptorChain.proceed(RealInterceptorChain.java:142)
08-06 05:21:49.084 22687 31104 E baseline.com.newsblur.network.APIResponse: 	at okhttp3.internal.http.RealInterceptorChain.proceed(RealInterceptorChain.java:117)
08-06 05:21:49.084 22687 31104 E baseline.com.newsblur.network.APIResponse: 	at okhttp3.internal.http.BridgeInterceptor.intercept(BridgeInterceptor.java:93)
08-06 05:21:49.084 22687 31104 E baseline.com.newsblur.network.APIResponse: 	at okhttp3.internal.http.RealInterceptorChain.proceed(RealInterceptorChain.java:142)
08-06 05:21:49.084 22687 31104 E baseline.com.newsblur.network.APIResponse: 	at okhttp3.internal.http.RetryAndFollowUpInterceptor.intercept(RetryAndFollowUpInterceptor.java:88)
08-06 05:21:49.084 22687 31104 E baseline.com.newsblur.network.APIResponse: 	at okhttp3.internal.http.RealInterceptorChain.proceed(RealInterceptorChain.java:142)
08-06 05:21:49.084 22687 31104 E baseline.com.newsblur.network.APIResponse: 	at okhttp3.internal.http.RealInterceptorChain.proceed(RealInterceptorChain.java:117)
08-06 05:21:49.084 22687 31104 E baseline.com.newsblur.network.APIResponse: 	at okhttp3.RealCall.getResponseWithInterceptorChain(RealCall.java:229)
08-06 05:21:49.084 22687 31104 E baseline.com.newsblur.network.APIResponse: 	at okhttp3.RealCall.execute(RealCall.java:81)
08-06 05:21:49.084 22687 31104 E baseline.com.newsblur.network.APIResponse: 	at baseline.com.newsblur.network.APIResponse.<init>(APIResponse.java:57)
08-06 05:21:49.084 22687 31104 E baseline.com.newsblur.network.APIResponse: 	at baseline.com.newsblur.network.APIManager.get_single(APIManager.java:639)
08-06 05:21:49.084 22687 31104 E baseline.com.newsblur.network.APIResponse: 	at baseline.com.newsblur.network.APIManager.get(APIManager.java:625)
08-06 05:21:49.084 22687 31104 E baseline.com.newsblur.network.APIResponse: 	at baseline.com.newsblur.network.APIManager.get(APIManager.java:667)
08-06 05:21:49.084 22687 31104 E baseline.com.newsblur.network.APIResponse: 	at baseline.com.newsblur.network.APIManager.getFeedUnreadCounts(APIManager.java:274)
08-06 05:21:49.084 22687 31104 E baseline.com.newsblur.network.APIResponse: 	at baseline.com.newsblur.service.NBSyncService.checkRecounts(NBSyncService.java:660)
08-06 05:21:49.084 22687 31104 E baseline.com.newsblur.network.APIResponse: 	at baseline.com.newsblur.service.NBSyncService.doSync(NBSyncService.java:310)
08-06 05:21:49.084 22687 31104 E baseline.com.newsblur.network.APIResponse: 	at baseline.com.newsblur.service.NBSyncService.access$100(NBSyncService.java:67)
08-06 05:21:49.084 22687 31104 E baseline.com.newsblur.network.APIResponse: 	at baseline.com.newsblur.service.NBSyncService$1.run(NBSyncService.java:188)
08-06 05:21:49.084 22687 31104 E baseline.com.newsblur.network.APIResponse: 	at java.util.concurrent.ThreadPoolExecutor.runWorker(ThreadPoolExecutor.java:1113)
08-06 05:21:49.084 22687 31104 E baseline.com.newsblur.network.APIResponse: 	at java.util.concurrent.ThreadPoolExecutor$Worker.run(ThreadPoolExecutor.java:588)
08-06 05:21:49.084 22687 31104 E baseline.com.newsblur.network.APIResponse: 	at java.lang.Thread.run(Thread.java:818)
08-06 05:21:49.084 22687 31104 E baseline.com.newsblur.network.APIResponse: Caused by: java.io.EOFException: \n not found: limit=0 content=
08-06 05:21:49.084 22687 31104 E baseline.com.newsblur.network.APIResponse: 	at okio.RealBufferedSource.readUtf8LineStrict(RealBufferedSource.java:240)
08-06 05:21:49.084 22687 31104 E baseline.com.newsblur.network.APIResponse: 	at okhttp3.internal.http1.Http1ExchangeCodec.readHeaderLine(Http1ExchangeCodec.java:242)
08-06 05:21:49.084 22687 31104 E baseline.com.newsblur.network.APIResponse: 	at okhttp3.internal.http1.Http1ExchangeCodec.readResponseHeaders(Http1ExchangeCodec.java:213)
08-06 05:21:49.084 22687 31104 E baseline.com.newsblur.network.APIResponse: 	... 28 more
08-06 05:21:49.086 22687 31104 I baseline.com.newsblur.network.APIManager: API call failed, pausing before retry number 2
08-06 05:21:49.129 22687 22698 I art     : Explicit concurrent mark sweep GC freed 809(194KB) AllocSpace objects, 2(40KB) LOS objects, 28% free, 40MB/56MB, paused 1.433ms total 50.951ms
08-06 05:21:49.144 22687 22698 I art     : Starting a blocking GC Explicit
08-06 05:21:49.196 22687 22698 I art     : Explicit concurrent mark sweep GC freed 118(16KB) AllocSpace objects, 0(0B) LOS objects, 28% free, 40MB/56MB, paused 1.526ms total 52.003ms
08-06 05:21:49.209 22687 22698 I art     : Starting a blocking GC Explicit
08-06 05:21:49.262 22687 22698 I art     : Explicit concurrent mark sweep GC freed 29(960B) AllocSpace objects, 0(0B) LOS objects, 28% free, 40MB/56MB, paused 1.579ms total 52.693ms
08-06 05:21:49.655 22687 22698 I art     : Starting a blocking GC Explicit
08-06 05:21:49.708 22687 22698 I art     : Explicit concurrent mark sweep GC freed 1471(83KB) AllocSpace objects, 1(20KB) LOS objects, 28% free, 40MB/56MB, paused 1.470ms total 52.035ms
08-06 05:21:49.722 22687 22698 I art     : Starting a blocking GC Explicit
08-06 05:21:49.773 22687 22698 I art     : Explicit concurrent mark sweep GC freed 26(912B) AllocSpace objects, 0(0B) LOS objects, 28% free, 40MB/56MB, paused 1.509ms total 50.698ms
08-06 05:21:49.786 22687 22698 I art     : Starting a blocking GC Explicit
08-06 05:21:49.837 22687 22698 I art     : Explicit concurrent mark sweep GC freed 7(224B) AllocSpace objects, 0(0B) LOS objects, 28% free, 40MB/56MB, paused 1.518ms total 50.955ms
08-06 05:21:49.851 22687 22698 I art     : Starting a blocking GC Explicit
08-06 05:21:49.902 22687 22698 I art     : Explicit concurrent mark sweep GC freed 7(224B) AllocSpace objects, 0(0B) LOS objects, 28% free, 40MB/56MB, paused 1.535ms total 51.398ms
08-06 05:21:49.916 22687 22698 I art     : Starting a blocking GC Explicit
08-06 05:21:49.968 22687 22698 I art     : Explicit concurrent mark sweep GC freed 7(224B) AllocSpace objects, 0(0B) LOS objects, 28% free, 40MB/56MB, paused 1.453ms total 51.571ms
08-06 05:21:50.355 22687 22699 I art     : Starting a blocking GC Explicit
08-06 05:21:50.408 22687 22699 I art     : Explicit concurrent mark sweep GC freed 1470(83KB) AllocSpace objects, 1(20KB) LOS objects, 28% free, 40MB/56MB, paused 1.443ms total 53.104ms
08-06 05:21:50.422 22687 22699 I art     : Starting a blocking GC Explicit
08-06 05:21:50.473 22687 22699 I art     : Explicit concurrent mark sweep GC freed 26(912B) AllocSpace objects, 0(0B) LOS objects, 28% free, 40MB/56MB, paused 1.532ms total 50.676ms
08-06 05:21:50.486 22687 22699 I art     : Starting a blocking GC Explicit
08-06 05:21:50.537 22687 22699 I art     : Explicit concurrent mark sweep GC freed 7(224B) AllocSpace objects, 0(0B) LOS objects, 28% free, 40MB/56MB, paused 1.567ms total 50.797ms
08-06 05:21:50.551 22687 22699 I art     : Starting a blocking GC Explicit
08-06 05:21:50.602 22687 22699 I art     : Explicit concurrent mark sweep GC freed 7(224B) AllocSpace objects, 0(0B) LOS objects, 28% free, 40MB/56MB, paused 1.396ms total 50.950ms
08-06 05:21:50.615 22687 22699 I art     : Starting a blocking GC Explicit
08-06 05:21:50.667 22687 22699 I art     : Explicit concurrent mark sweep GC freed 7(224B) AllocSpace objects, 0(0B) LOS objects, 28% free, 40MB/56MB, paused 1.467ms total 51.840ms
08-06 05:21:51.051 22687 30447 I art     : Starting a blocking GC Explicit
08-06 05:21:51.105 22687 30447 I art     : Explicit concurrent mark sweep GC freed 1471(84KB) AllocSpace objects, 1(20KB) LOS objects, 28% free, 40MB/56MB, paused 1.456ms total 53.545ms
08-06 05:21:51.118 22687 30447 I art     : Starting a blocking GC Explicit
08-06 05:21:51.170 22687 30447 I art     : Explicit concurrent mark sweep GC freed 26(912B) AllocSpace objects, 0(0B) LOS objects, 28% free, 40MB/56MB, paused 1.553ms total 51.317ms
08-06 05:21:51.184 22687 30447 I art     : Starting a blocking GC Explicit
08-06 05:21:51.234 22687 30447 I art     : Explicit concurrent mark sweep GC freed 7(224B) AllocSpace objects, 0(0B) LOS objects, 28% free, 40MB/56MB, paused 1.369ms total 50.232ms
08-06 05:21:51.248 22687 30447 I art     : Starting a blocking GC Explicit
08-06 05:21:51.298 22687 30447 I art     : Explicit concurrent mark sweep GC freed 7(224B) AllocSpace objects, 0(0B) LOS objects, 28% free, 40MB/56MB, paused 1.464ms total 50.399ms
08-06 05:21:51.312 22687 30447 I art     : Starting a blocking GC Explicit
08-06 05:21:51.363 22687 30447 I art     : Explicit concurrent mark sweep GC freed 6(192B) AllocSpace objects, 0(0B) LOS objects, 28% free, 40MB/56MB, paused 1.435ms total 50.868ms
08-06 05:21:51.762 22687 22699 I art     : Starting a blocking GC Explicit
08-06 05:21:51.815 22687 22699 I art     : Explicit concurrent mark sweep GC freed 1471(83KB) AllocSpace objects, 1(20KB) LOS objects, 28% free, 40MB/56MB, paused 1.387ms total 53.489ms
08-06 05:21:51.830 22687 22699 I art     : Starting a blocking GC Explicit
08-06 05:21:51.880 22687 22699 I art     : Explicit concurrent mark sweep GC freed 25(880B) AllocSpace objects, 0(0B) LOS objects, 28% free, 40MB/56MB, paused 1.412ms total 50.456ms
08-06 05:21:51.894 22687 22699 I art     : Starting a blocking GC Explicit
08-06 05:21:51.945 22687 22699 I art     : Explicit concurrent mark sweep GC freed 7(224B) AllocSpace objects, 0(0B) LOS objects, 28% free, 40MB/56MB, paused 1.522ms total 50.387ms
08-06 05:21:51.945 22687 22697 I art     : WaitForGcToComplete blocked for 50.852ms for cause HeapTrim
08-06 05:21:51.958 22687 22699 I art     : Starting a blocking GC Explicit
08-06 05:21:52.009 22687 22699 I art     : Explicit concurrent mark sweep GC freed 7(224B) AllocSpace objects, 0(0B) LOS objects, 28% free, 40MB/56MB, paused 1.336ms total 50.228ms
08-06 05:21:52.022 22687 22699 I art     : Starting a blocking GC Explicit
08-06 05:21:52.073 22687 22699 I art     : Explicit concurrent mark sweep GC freed 7(224B) AllocSpace objects, 0(0B) LOS objects, 28% free, 40MB/56MB, paused 1.504ms total 50.519ms
08-06 05:21:52.465 22687 22698 I art     : Starting a blocking GC Explicit
08-06 05:21:52.519 22687 22698 I art     : Explicit concurrent mark sweep GC freed 1637(92KB) AllocSpace objects, 1(20KB) LOS objects, 28% free, 40MB/56MB, paused 1.598ms total 53.656ms
08-06 05:21:52.532 22687 22698 I art     : Starting a blocking GC Explicit
08-06 05:21:52.584 22687 22698 I art     : Explicit concurrent mark sweep GC freed 32(1168B) AllocSpace objects, 0(0B) LOS objects, 28% free, 40MB/56MB, paused 1.404ms total 51.412ms
08-06 05:21:52.598 22687 22698 I art     : Starting a blocking GC Explicit
08-06 05:21:52.649 22687 22698 I art     : Explicit concurrent mark sweep GC freed 1696(66KB) AllocSpace objects, 0(0B) LOS objects, 28% free, 40MB/56MB, paused 1.664ms total 51.266ms
08-06 05:21:52.661 22687 31104 E baseline.com.newsblur.network.APIResponse: Error (unexpected end of stream on https://www.newsblur.com/...) calling https://www.newsblur.com/reader/feed_unread_count?feed_id=0
08-06 05:21:52.661 22687 31104 E baseline.com.newsblur.network.APIResponse: java.io.IOException: unexpected end of stream on https://www.newsblur.com/...
08-06 05:21:52.661 22687 31104 E baseline.com.newsblur.network.APIResponse: 	at okhttp3.internal.http1.Http1ExchangeCodec.readResponseHeaders(Http1ExchangeCodec.java:236)
08-06 05:21:52.661 22687 31104 E baseline.com.newsblur.network.APIResponse: 	at okhttp3.internal.connection.Exchange.readResponseHeaders(Exchange.java:115)
08-06 05:21:52.661 22687 31104 E baseline.com.newsblur.network.APIResponse: 	at okhttp3.internal.http.CallServerInterceptor.intercept(CallServerInterceptor.java:94)
08-06 05:21:52.661 22687 31104 E baseline.com.newsblur.network.APIResponse: 	at okhttp3.internal.http.RealInterceptorChain.proceed(RealInterceptorChain.java:142)
08-06 05:21:52.661 22687 31104 E baseline.com.newsblur.network.APIResponse: 	at okhttp3.internal.connection.ConnectInterceptor.intercept(ConnectInterceptor.java:43)
08-06 05:21:52.661 22687 31104 E baseline.com.newsblur.network.APIResponse: 	at okhttp3.internal.http.RealInterceptorChain.proceed(RealInterceptorChain.java:142)
08-06 05:21:52.661 22687 31104 E baseline.com.newsblur.network.APIResponse: 	at okhttp3.internal.http.RealInterceptorChain.proceed(RealInterceptorChain.java:117)
08-06 05:21:52.661 22687 31104 E baseline.com.newsblur.network.APIResponse: 	at okhttp3.internal.cache.CacheInterceptor.intercept(CacheInterceptor.java:94)
08-06 05:21:52.661 22687 31104 E baseline.com.newsblur.network.APIResponse: 	at okhttp3.internal.http.RealInterceptorChain.proceed(RealInterceptorChain.java:142)
08-06 05:21:52.661 22687 31104 E baseline.com.newsblur.network.APIResponse: 	at okhttp3.internal.http.RealInterceptorChain.proceed(RealInterceptorChain.java:117)
08-06 05:21:52.661 22687 31104 E baseline.com.newsblur.network.APIResponse: 	at okhttp3.internal.http.BridgeInterceptor.intercept(BridgeInterceptor.java:93)
08-06 05:21:52.661 22687 31104 E baseline.com.newsblur.network.APIResponse: 	at okhttp3.internal.http.RealInterceptorChain.proceed(RealInterceptorChain.java:142)
08-06 05:21:52.661 22687 31104 E baseline.com.newsblur.network.APIResponse: 	at okhttp3.internal.http.RetryAndFollowUpInterceptor.intercept(RetryAndFollowUpInterceptor.java:88)
08-06 05:21:52.661 22687 31104 E baseline.com.newsblur.network.APIResponse: 	at okhttp3.internal.http.RealInterceptorChain.proceed(RealInterceptorChain.java:142)
08-06 05:21:52.661 22687 31104 E baseline.com.newsblur.network.APIResponse: 	at okhttp3.internal.http.RealInterceptorChain.proceed(RealInterceptorChain.java:117)
08-06 05:21:52.661 22687 31104 E baseline.com.newsblur.network.APIResponse: 	at okhttp3.RealCall.getResponseWithInterceptorChain(RealCall.java:229)
08-06 05:21:52.661 22687 31104 E baseline.com.newsblur.network.APIResponse: 	at okhttp3.RealCall.execute(RealCall.java:81)
08-06 05:21:52.661 22687 31104 E baseline.com.newsblur.network.APIResponse: 	at baseline.com.newsblur.network.APIResponse.<init>(APIResponse.java:57)
08-06 05:21:52.661 22687 31104 E baseline.com.newsblur.network.APIResponse: 	at baseline.com.newsblur.network.APIManager.get_single(APIManager.java:639)
08-06 05:21:52.661 22687 31104 E baseline.com.newsblur.network.APIResponse: 	at baseline.com.newsblur.network.APIManager.get(APIManager.java:625)
08-06 05:21:52.661 22687 31104 E baseline.com.newsblur.network.APIResponse: 	at baseline.com.newsblur.network.APIManager.get(APIManager.java:667)
08-06 05:21:52.661 22687 31104 E baseline.com.newsblur.network.APIResponse: 	at baseline.com.newsblur.network.APIManager.getFeedUnreadCounts(APIManager.java:274)
08-06 05:21:52.661 22687 31104 E baseline.com.newsblur.network.APIResponse: 	at baseline.com.newsblur.service.NBSyncService.checkRecounts(NBSyncService.java:660)
08-06 05:21:52.661 22687 31104 E baseline.com.newsblur.network.APIResponse: 	at baseline.com.newsblur.service.NBSyncService.doSync(NBSyncService.java:310)
08-06 05:21:52.661 22687 31104 E baseline.com.newsblur.network.APIResponse: 	at baseline.com.newsblur.service.NBSyncService.access$100(NBSyncService.java:67)
08-06 05:21:52.661 22687 31104 E baseline.com.newsblur.network.APIResponse: 	at baseline.com.newsblur.service.NBSyncService$1.run(NBSyncService.java:188)
08-06 05:21:52.661 22687 31104 E baseline.com.newsblur.network.APIResponse: 	at java.util.concurrent.ThreadPoolExecutor.runWorker(ThreadPoolExecutor.java:1113)
08-06 05:21:52.661 22687 31104 E baseline.com.newsblur.network.APIResponse: 	at java.util.concurrent.ThreadPoolExecutor$Worker.run(ThreadPoolExecutor.java:588)
08-06 05:21:52.661 22687 31104 E baseline.com.newsblur.network.APIResponse: 	at java.lang.Thread.run(Thread.java:818)
08-06 05:21:52.661 22687 31104 E baseline.com.newsblur.network.APIResponse: Caused by: java.io.EOFException: \n not found: limit=0 content=
08-06 05:21:52.661 22687 31104 E baseline.com.newsblur.network.APIResponse: 	at okio.RealBufferedSource.readUtf8LineStrict(RealBufferedSource.java:240)
08-06 05:21:52.661 22687 31104 E baseline.com.newsblur.network.APIResponse: 	at okhttp3.internal.http1.Http1ExchangeCodec.readHeaderLine(Http1ExchangeCodec.java:242)
08-06 05:21:52.661 22687 31104 E baseline.com.newsblur.network.APIResponse: 	at okhttp3.internal.http1.Http1ExchangeCodec.readResponseHeaders(Http1ExchangeCodec.java:213)
08-06 05:21:52.661 22687 31104 E baseline.com.newsblur.network.APIResponse: 	... 28 more
08-06 05:21:52.663 22687 22698 I art     : Starting a blocking GC Explicit
08-06 05:21:52.663 22687 31104 W baseline.com.newsblur.service.NBSyncService: Bad response to feed_unread_count
08-06 05:21:52.714 22687 22698 I art     : Explicit concurrent mark sweep GC freed 1364(266KB) AllocSpace objects, 4(80KB) LOS objects, 28% free, 40MB/56MB, paused 1.453ms total 50.613ms
08-06 05:21:52.727 22687 22698 I art     : Starting a blocking GC Explicit
08-06 05:21:52.779 22687 22698 I art     : Explicit concurrent mark sweep GC freed 152(13KB) AllocSpace objects, 0(0B) LOS objects, 28% free, 40MB/56MB, paused 1.580ms total 51.593ms
08-06 05:21:53.060 22687 31104 I NAPPA_EXPERIMENTATION: MetricNetworkRequestExecutionTime: REQUEST_DURATION_SYSTEM='385',REQUEST_DURATION_OKHTTP='34',REQUEST_SYNCHRONOUS='TRUE',RESPONSE_CODE='200',RESPONSE_METHOD='GET',RESPONSE_LENGTH_OKHTTP='-1',RESPONSE_LENGTH_HEADER='-2',REQUEST_PROTOCOL='http/1.1',REQUEST_URL='https://www.newsblur.com/social/river_stories?order=newest&page=1&read_filter=all',
08-06 05:21:53.060 22687 31104 D MY_TAG  : 0, 385
08-06 05:21:53.082 22687 22687 D baseline.com.newsblur.service.NBSyncService: rejecting request for feedset that is exhaused
08-06 05:21:53.166 22687 30790 I art     : Starting a blocking GC Explicit
08-06 05:21:53.227 22687 30790 I art     : Explicit concurrent mark sweep GC freed 7541(457KB) AllocSpace objects, 7(140KB) LOS objects, 28% free, 40MB/56MB, paused 1.469ms total 60.284ms
08-06 05:21:53.245 22687 30790 I art     : Starting a blocking GC Explicit
08-06 05:21:53.299 22687 30790 I art     : Explicit concurrent mark sweep GC freed 257(11KB) AllocSpace objects, 0(0B) LOS objects, 28% free, 40MB/56MB, paused 1.703ms total 54.053ms
08-06 05:21:53.313 22687 30790 I art     : Starting a blocking GC Explicit
08-06 05:21:53.367 22687 30790 I art     : Explicit concurrent mark sweep GC freed 3(96B) AllocSpace objects, 0(0B) LOS objects, 28% free, 40MB/56MB, paused 1.579ms total 53.990ms
08-06 05:21:53.381 22687 30790 I art     : Starting a blocking GC Explicit
08-06 05:21:53.434 22687 30790 I art     : Explicit concurrent mark sweep GC freed 1036(43KB) AllocSpace objects, 0(0B) LOS objects, 28% free, 40MB/56MB, paused 1.888ms total 53.211ms
08-06 05:21:53.449 22687 30790 I art     : Starting a blocking GC Explicit
08-06 05:21:53.490 22687 31104 E baseline.com.newsblur.network.APIResponse: Error (unexpected end of stream on https://www.newsblur.com/...) calling https://www.newsblur.com/reader/mark_story_hashes_as_read/
08-06 05:21:53.490 22687 31104 E baseline.com.newsblur.network.APIResponse: java.io.IOException: unexpected end of stream on https://www.newsblur.com/...
08-06 05:21:53.490 22687 31104 E baseline.com.newsblur.network.APIResponse: 	at okhttp3.internal.http1.Http1ExchangeCodec.readResponseHeaders(Http1ExchangeCodec.java:236)
08-06 05:21:53.490 22687 31104 E baseline.com.newsblur.network.APIResponse: 	at okhttp3.internal.connection.Exchange.readResponseHeaders(Exchange.java:115)
08-06 05:21:53.490 22687 31104 E baseline.com.newsblur.network.APIResponse: 	at okhttp3.internal.http.CallServerInterceptor.intercept(CallServerInterceptor.java:94)
08-06 05:21:53.490 22687 31104 E baseline.com.newsblur.network.APIResponse: 	at okhttp3.internal.http.RealInterceptorChain.proceed(RealInterceptorChain.java:142)
08-06 05:21:53.490 22687 31104 E baseline.com.newsblur.network.APIResponse: 	at okhttp3.internal.connection.ConnectInterceptor.intercept(ConnectInterceptor.java:43)
08-06 05:21:53.490 22687 31104 E baseline.com.newsblur.network.APIResponse: 	at okhttp3.internal.http.RealInterceptorChain.proceed(RealInterceptorChain.java:142)
08-06 05:21:53.490 22687 31104 E baseline.com.newsblur.network.APIResponse: 	at okhttp3.internal.http.RealInterceptorChain.proceed(RealInterceptorChain.java:117)
08-06 05:21:53.490 22687 31104 E baseline.com.newsblur.network.APIResponse: 	at okhttp3.internal.cache.CacheInterceptor.intercept(CacheInterceptor.java:94)
08-06 05:21:53.490 22687 31104 E baseline.com.newsblur.network.APIResponse: 	at okhttp3.internal.http.RealInterceptorChain.proceed(RealInterceptorChain.java:142)
08-06 05:21:53.490 22687 31104 E baseline.com.newsblur.network.APIResponse: 	at okhttp3.internal.http.RealInterceptorChain.proceed(RealInterceptorChain.java:117)
08-06 05:21:53.490 22687 31104 E baseline.com.newsblur.network.APIResponse: 	at okhttp3.internal.http.BridgeInterceptor.intercept(BridgeInterceptor.java:93)
08-06 05:21:53.490 22687 31104 E baseline.com.newsblur.network.APIResponse: 	at okhttp3.internal.http.RealInterceptorChain.proceed(RealInterceptorChain.java:142)
08-06 05:21:53.490 22687 31104 E baseline.com.newsblur.network.APIResponse: 	at okhttp3.internal.http.RetryAndFollowUpInterceptor.intercept(RetryAndFollowUpInterceptor.java:88)
08-06 05:21:53.490 22687 31104 E baseline.com.newsblur.network.APIResponse: 	at okhttp3.internal.http.RealInterceptorChain.proceed(RealInterceptorChain.java:142)
08-06 05:21:53.490 22687 31104 E baseline.com.newsblur.network.APIResponse: 	at okhttp3.internal.http.RealInterceptorChain.proceed(RealInterceptorChain.java:117)
08-06 05:21:53.490 22687 31104 E baseline.com.newsblur.network.APIResponse: 	at okhttp3.RealCall.getResponseWithInterceptorChain(RealCall.java:229)
08-06 05:21:53.490 22687 31104 E baseline.com.newsblur.network.APIResponse: 	at okhttp3.RealCall.execute(RealCall.java:81)
08-06 05:21:53.490 22687 31104 E baseline.com.newsblur.network.APIResponse: 	at baseline.com.newsblur.network.APIResponse.<init>(APIResponse.java:57)
08-06 05:21:53.490 22687 31104 E baseline.com.newsblur.network.APIResponse: 	at baseline.com.newsblur.network.APIResponse.<init>(APIResponse.java:43)
08-06 05:21:53.490 22687 31104 E baseline.com.newsblur.network.APIResponse: 	at baseline.com.newsblur.network.APIManager.post_single(APIManager.java:702)
08-06 05:21:53.490 22687 31104 E baseline.com.newsblur.network.APIResponse: 	at baseline.com.newsblur.network.APIManager.post(APIManager.java:675)
08-06 05:21:53.490 22687 31104 E baseline.com.newsblur.network.APIResponse: 	at baseline.com.newsblur.network.APIManager.post(APIManager.java:714)
08-06 05:21:53.490 22687 31104 E baseline.com.newsblur.network.APIResponse: 	at baseline.com.newsblur.network.APIManager.markStoryAsRead(APIManager.java:205)
08-06 05:21:53.490 22687 31104 E baseline.com.newsblur.network.APIResponse: 	at baseline.com.newsblur.util.ReadingAction.doRemote(ReadingAction.java:281)
08-06 05:21:53.490 22687 31104 E baseline.com.newsblur.network.APIResponse: 	at baseline.com.newsblur.service.NBSyncService.syncActions(NBSyncService.java:400)
08-06 05:21:53.490 22687 31104 E baseline.com.newsblur.network.APIResponse: 	at baseline.com.newsblur.service.NBSyncService.doSync(NBSyncService.java:298)
08-06 05:21:53.490 22687 31104 E baseline.com.newsblur.network.APIResponse: 	at baseline.com.newsblur.service.NBSyncService.access$100(NBSyncService.java:67)
08-06 05:21:53.490 22687 31104 E baseline.com.newsblur.network.APIResponse: 	at baseline.com.newsblur.service.NBSyncService$1.run(NBSyncService.java:188)
08-06 05:21:53.490 22687 31104 E baseline.com.newsblur.network.APIResponse: 	at java.util.concurrent.ThreadPoolExecutor.runWorker(ThreadPoolExecutor.java:1113)
08-06 05:21:53.490 22687 31104 E baseline.com.newsblur.network.APIResponse: 	at java.util.concurrent.ThreadPoolExecutor$Worker.run(ThreadPoolExecutor.java:588)
08-06 05:21:53.490 22687 31104 E baseline.com.newsblur.network.APIResponse: 	at java.lang.Thread.run(Thread.java:818)
08-06 05:21:53.490 22687 31104 E baseline.com.newsblur.network.APIResponse: Caused by: java.io.EOFException: \n not found: limit=0 content=
08-06 05:21:53.490 22687 31104 E baseline.com.newsblur.network.APIResponse: 	at okio.RealBufferedSource.readUtf8LineStrict(RealBufferedSource.java:240)
08-06 05:21:53.490 22687 31104 E baseline.com.newsblur.network.APIResponse: 	at okhttp3.internal.http1.Http1ExchangeCodec.readHeaderLine(Http1ExchangeCodec.java:242)
08-06 05:21:53.490 22687 31104 E baseline.com.newsblur.network.APIResponse: 	at okhttp3.internal.http1.Http1ExchangeCodec.readResponseHeaders(Http1ExchangeCodec.java:213)
08-06 05:21:53.490 22687 31104 E baseline.com.newsblur.network.APIResponse: 	... 30 more
08-06 05:21:53.492 22687 31104 I baseline.com.newsblur.network.APIManager: API call failed, pausing before retry number 1
08-06 05:21:53.504 22687 30790 I art     : Explicit concurrent mark sweep GC freed 1401(216KB) AllocSpace objects, 2(40KB) LOS objects, 28% free, 40MB/56MB, paused 1.534ms total 54.582ms
08-06 05:21:53.889 22687 22698 I art     : Starting a blocking GC Explicit
08-06 05:21:53.945 22687 22698 I art     : Explicit concurrent mark sweep GC freed 1577(100KB) AllocSpace objects, 1(20KB) LOS objects, 28% free, 40MB/56MB, paused 1.533ms total 56.405ms
08-06 05:21:53.963 22687 22698 I art     : Starting a blocking GC Explicit
08-06 05:21:54.017 22687 22698 I art     : Explicit concurrent mark sweep GC freed 47(1616B) AllocSpace objects, 0(0B) LOS objects, 28% free, 40MB/56MB, paused 1.559ms total 53.915ms
08-06 05:21:54.031 22687 22698 I art     : Starting a blocking GC Explicit
08-06 05:21:54.087 22687 22698 I art     : Explicit concurrent mark sweep GC freed 3(96B) AllocSpace objects, 0(0B) LOS objects, 28% free, 40MB/56MB, paused 1.544ms total 55.383ms
08-06 05:21:54.106 22687 22698 I art     : Starting a blocking GC Explicit
08-06 05:21:54.157 22687 22698 I art     : Explicit concurrent mark sweep GC freed 3(96B) AllocSpace objects, 0(0B) LOS objects, 28% free, 40MB/56MB, paused 1.420ms total 49.780ms
08-06 05:21:54.170 22687 22698 I art     : Starting a blocking GC Explicit
08-06 05:21:54.218 22687 22698 I art     : Explicit concurrent mark sweep GC freed 3(96B) AllocSpace objects, 0(0B) LOS objects, 28% free, 40MB/56MB, paused 1.465ms total 47.984ms
08-06 05:21:54.562 22687 30447 I art     : Starting a blocking GC Explicit
08-06 05:21:54.615 22687 30447 I art     : Explicit concurrent mark sweep GC freed 1444(83KB) AllocSpace objects, 1(20KB) LOS objects, 28% free, 40MB/56MB, paused 1.501ms total 53.189ms
08-06 05:21:54.629 22687 30447 I art     : Starting a blocking GC Explicit
08-06 05:21:54.682 22687 30447 I art     : Explicit concurrent mark sweep GC freed 22(784B) AllocSpace objects, 0(0B) LOS objects, 28% free, 40MB/56MB, paused 1.544ms total 52.388ms
08-06 05:21:54.695 22687 30447 I art     : Starting a blocking GC Explicit
08-06 05:21:54.747 22687 30447 I art     : Explicit concurrent mark sweep GC freed 3(96B) AllocSpace objects, 0(0B) LOS objects, 28% free, 40MB/56MB, paused 1.507ms total 51.636ms
08-06 05:21:54.749 31825 31825 D AndroidRuntime: >>>>>> START com.android.internal.os.RuntimeInit uid 2000 <<<<<<
08-06 05:21:54.755 31825 31825 D AndroidRuntime: CheckJNI is OFF
08-06 05:21:54.761 22687 30447 I art     : Starting a blocking GC Explicit
08-06 05:21:54.800 31825 31825 D ICU     : No timezone override file found: /data/misc/zoneinfo/current/icu/icu_tzdata.dat
08-06 05:21:54.813 22687 30447 I art     : Explicit concurrent mark sweep GC freed 3(96B) AllocSpace objects, 0(0B) LOS objects, 28% free, 40MB/56MB, paused 1.540ms total 52.107ms
08-06 05:21:54.827 22687 30447 I art     : Starting a blocking GC Explicit
08-06 05:21:54.847 31825 31825 I Radio-JNI: register_android_hardware_Radio DONE
08-06 05:21:54.876 31825 31825 D AndroidRuntime: Calling main entry com.android.commands.input.Input
08-06 05:21:54.878 22687 30447 I art     : Explicit concurrent mark sweep GC freed 3(96B) AllocSpace objects, 0(0B) LOS objects, 28% free, 40MB/56MB, paused 1.441ms total 50.467ms
08-06 05:21:54.879 31825 31825 I Input   : injectMotionEvent: MotionEvent { action=ACTION_DOWN, actionButton=0, id[0]=0, x[0]=436.0, y[0]=453.0, toolType[0]=TOOL_TYPE_UNKNOWN, buttonState=0, metaState=0, flags=0x0, edgeFlags=0x0, pointerCount=1, historySize=0, eventTime=854531291, downTime=854531291, deviceId=0, source=0x1002 }
08-06 05:21:54.885 31825 31825 I Input   : injectMotionEvent: MotionEvent { action=ACTION_UP, actionButton=0, id[0]=0, x[0]=436.0, y[0]=453.0, toolType[0]=TOOL_TYPE_UNKNOWN, buttonState=0, metaState=0, flags=0x0, edgeFlags=0x0, pointerCount=1, historySize=0, eventTime=854531291, downTime=854531291, deviceId=0, source=0x1002 }
08-06 05:21:54.887 31825 31825 D AndroidRuntime: Shutting down VM
08-06 05:21:54.906   918   929 I ActivityManager: START u0 {cmp=baseline.com.newsblur/.activity.AllSharedStoriesReading (has extras)} from uid 10698 on display 0
08-06 05:21:54.907   512  2967 D audio_hw_primary: out_set_parameters: enter: usecase(1: low-latency-playback) kvpairs: routing=2
08-06 05:21:54.921   512  2967 D audio_hw_primary: select_devices: out_snd_device(2: speaker) in_snd_device(0: none)
08-06 05:21:54.921   512  2967 D msm8974_platform: platform_send_audio_calibration: sending audio calibration for snd_device(2) acdb_id(15)
08-06 05:21:54.921   512  2967 I soundtrigger: audio_extn_sound_trigger_update_device_status: device 0x2 of type 0 for Event 1
08-06 05:21:54.934   512  2967 D audio_hw_primary: enable_snd_device: snd_device(2: speaker)
08-06 05:21:54.936   512  2967 D audio_hw_primary: enable_audio_route: apply and update mixer path: low-latency-playback speaker
08-06 05:21:55.168   918   936 I ActivityManager: Displayed baseline.com.newsblur/.activity.AllSharedStoriesReading: +249ms
08-06 05:21:55.168 13866 13866 I GoogleInputMethodServic: GoogleInputMethodService.onFinishInput():3138 
08-06 05:21:55.169 13866 13866 I GoogleInputMethodServic: GoogleInputMethodService.onStartInput():1808 
08-06 05:21:55.228 22687 22698 I art     : Starting a blocking GC Explicit
08-06 05:21:55.294 22687 22698 I art     : Explicit concurrent mark sweep GC freed 5445(448KB) AllocSpace objects, 15(748KB) LOS objects, 27% free, 41MB/57MB, paused 1.941ms total 65.867ms
08-06 05:21:55.308 22687 22698 I art     : Starting a blocking GC Explicit
08-06 05:21:55.359 22687 22698 I art     : Explicit concurrent mark sweep GC freed 1657(100KB) AllocSpace objects, 4(104KB) LOS objects, 28% free, 41MB/57MB, paused 1.475ms total 50.447ms
08-06 05:21:55.372 22687 22698 I art     : Starting a blocking GC Explicit
08-06 05:21:55.420 22687 22698 I art     : Explicit concurrent mark sweep GC freed 327(33KB) AllocSpace objects, 0(0B) LOS objects, 28% free, 41MB/57MB, paused 1.719ms total 47.380ms
08-06 05:21:55.433 22687 22698 I art     : Starting a blocking GC Explicit
08-06 05:21:55.435 22687 30794 E chromium: [ERROR:tile_manager.cc(793)] WARNING: tile memory limits exceeded, some content may not draw
08-06 05:21:55.435 22687 30794 E chromium: [ERROR:tile_manager.cc(793)] WARNING: tile memory limits exceeded, some content may not draw
08-06 05:21:55.478   512  2967 D audio_hw_primary: disable_audio_route: reset and update mixer path: low-latency-playback speaker
08-06 05:21:55.479   512  2967 D audio_hw_primary: disable_snd_device: snd_device(2: speaker)
08-06 05:21:55.479 22687 22698 I art     : Explicit concurrent mark sweep GC freed 1626(63KB) AllocSpace objects, 0(0B) LOS objects, 28% free, 41MB/57MB, paused 1.442ms total 45.891ms
08-06 05:21:55.487   512  2967 I soundtrigger: audio_extn_sound_trigger_update_device_status: device 0x2 of type 0 for Event 0
08-06 05:21:55.492 22687 22698 I art     : Starting a blocking GC Explicit
08-06 05:21:55.514 22687 31104 E baseline.com.newsblur.network.APIResponse: Error (unexpected end of stream on https://www.newsblur.com/...) calling https://www.newsblur.com/reader/mark_story_hashes_as_read/
08-06 05:21:55.514 22687 31104 E baseline.com.newsblur.network.APIResponse: java.io.IOException: unexpected end of stream on https://www.newsblur.com/...
08-06 05:21:55.514 22687 31104 E baseline.com.newsblur.network.APIResponse: 	at okhttp3.internal.http1.Http1ExchangeCodec.readResponseHeaders(Http1ExchangeCodec.java:236)
08-06 05:21:55.514 22687 31104 E baseline.com.newsblur.network.APIResponse: 	at okhttp3.internal.connection.Exchange.readResponseHeaders(Exchange.java:115)
08-06 05:21:55.514 22687 31104 E baseline.com.newsblur.network.APIResponse: 	at okhttp3.internal.http.CallServerInterceptor.intercept(CallServerInterceptor.java:94)
08-06 05:21:55.514 22687 31104 E baseline.com.newsblur.network.APIResponse: 	at okhttp3.internal.http.RealInterceptorChain.proceed(RealInterceptorChain.java:142)
08-06 05:21:55.514 22687 31104 E baseline.com.newsblur.network.APIResponse: 	at okhttp3.internal.connection.ConnectInterceptor.intercept(ConnectInterceptor.java:43)
08-06 05:21:55.514 22687 31104 E baseline.com.newsblur.network.APIResponse: 	at okhttp3.internal.http.RealInterceptorChain.proceed(RealInterceptorChain.java:142)
08-06 05:21:55.514 22687 31104 E baseline.com.newsblur.network.APIResponse: 	at okhttp3.internal.http.RealInterceptorChain.proceed(RealInterceptorChain.java:117)
08-06 05:21:55.514 22687 31104 E baseline.com.newsblur.network.APIResponse: 	at okhttp3.internal.cache.CacheInterceptor.intercept(CacheInterceptor.java:94)
08-06 05:21:55.514 22687 31104 E baseline.com.newsblur.network.APIResponse: 	at okhttp3.internal.http.RealInterceptorChain.proceed(RealInterceptorChain.java:142)
08-06 05:21:55.514 22687 31104 E baseline.com.newsblur.network.APIResponse: 	at okhttp3.internal.http.RealInterceptorChain.proceed(RealInterceptorChain.java:117)
08-06 05:21:55.514 22687 31104 E baseline.com.newsblur.network.APIResponse: 	at okhttp3.internal.http.BridgeInterceptor.intercept(BridgeInterceptor.java:93)
08-06 05:21:55.514 22687 31104 E baseline.com.newsblur.network.APIResponse: 	at okhttp3.internal.http.RealInterceptorChain.proceed(RealInterceptorChain.java:142)
08-06 05:21:55.514 22687 31104 E baseline.com.newsblur.network.APIResponse: 	at okhttp3.internal.http.RetryAndFollowUpInterceptor.intercept(RetryAndFollowUpInterceptor.java:88)
08-06 05:21:55.514 22687 31104 E baseline.com.newsblur.network.APIResponse: 	at okhttp3.internal.http.RealInterceptorChain.proceed(RealInterceptorChain.java:142)
08-06 05:21:55.514 22687 31104 E baseline.com.newsblur.network.APIResponse: 	at okhttp3.internal.http.RealInterceptorChain.proceed(RealInterceptorChain.java:117)
08-06 05:21:55.514 22687 31104 E baseline.com.newsblur.network.APIResponse: 	at okhttp3.RealCall.getResponseWithInterceptorChain(RealCall.java:229)
08-06 05:21:55.514 22687 31104 E baseline.com.newsblur.network.APIResponse: 	at okhttp3.RealCall.execute(RealCall.java:81)
08-06 05:21:55.514 22687 31104 E baseline.com.newsblur.network.APIResponse: 	at baseline.com.newsblur.network.APIResponse.<init>(APIResponse.java:57)
08-06 05:21:55.514 22687 31104 E baseline.com.newsblur.network.APIResponse: 	at baseline.com.newsblur.network.APIResponse.<init>(APIResponse.java:43)
08-06 05:21:55.514 22687 31104 E baseline.com.newsblur.network.APIResponse: 	at baseline.com.newsblur.network.APIManager.post_single(APIManager.java:702)
08-06 05:21:55.514 22687 31104 E baseline.com.newsblur.network.APIResponse: 	at baseline.com.newsblur.network.APIManager.post(APIManager.java:675)
08-06 05:21:55.514 22687 31104 E baseline.com.newsblur.network.APIResponse: 	at baseline.com.newsblur.network.APIManager.post(APIManager.java:714)
08-06 05:21:55.514 22687 31104 E baseline.com.newsblur.network.APIResponse: 	at baseline.com.newsblur.network.APIManager.markStoryAsRead(APIManager.java:205)
08-06 05:21:55.514 22687 31104 E baseline.com.newsblur.network.APIResponse: 	at baseline.com.newsblur.util.ReadingAction.doRemote(ReadingAction.java:281)
08-06 05:21:55.514 22687 31104 E baseline.com.newsblur.network.APIResponse: 	at baseline.com.newsblur.service.NBSyncService.syncActions(NBSyncService.java:400)
08-06 05:21:55.514 22687 31104 E baseline.com.newsblur.network.APIResponse: 	at baseline.com.newsblur.service.NBSyncService.doSync(NBSyncService.java:298)
08-06 05:21:55.514 22687 31104 E baseline.com.newsblur.network.APIResponse: 	at baseline.com.newsblur.service.NBSyncService.access$100(NBSyncService.java:67)
08-06 05:21:55.514 22687 31104 E baseline.com.newsblur.network.APIResponse: 	at baseline.com.newsblur.service.NBSyncService$1.run(NBSyncService.java:188)
08-06 05:21:55.514 22687 31104 E baseline.com.newsblur.network.APIResponse: 	at java.util.concurrent.ThreadPoolExecutor.runWorker(ThreadPoolExecutor.java:1113)
08-06 05:21:55.514 22687 31104 E baseline.com.newsblur.network.APIResponse: 	at java.util.concurrent.ThreadPoolExecutor$Worker.run(ThreadPoolExecutor.java:588)
08-06 05:21:55.514 22687 31104 E baseline.com.newsblur.network.APIResponse: 	at java.lang.Thread.run(Thread.java:818)
08-06 05:21:55.514 22687 31104 E baseline.com.newsblur.network.APIResponse: Caused by: java.io.EOFException: \n not found: limit=0 content=
08-06 05:21:55.514 22687 31104 E baseline.com.newsblur.network.APIResponse: 	at okio.RealBufferedSource.readUtf8LineStrict(RealBufferedSource.java:240)
08-06 05:21:55.514 22687 31104 E baseline.com.newsblur.network.APIResponse: 	at okhttp3.internal.http1.Http1ExchangeCodec.readHeaderLine(Http1ExchangeCodec.java:242)
08-06 05:21:55.514 22687 31104 E baseline.com.newsblur.network.APIResponse: 	at okhttp3.internal.http1.Http1ExchangeCodec.readResponseHeaders(Http1ExchangeCodec.java:213)
08-06 05:21:55.514 22687 31104 E baseline.com.newsblur.network.APIResponse: 	... 30 more
08-06 05:21:55.516 22687 31104 I baseline.com.newsblur.network.APIManager: API call failed, pausing before retry number 2
08-06 05:21:55.538 22687 22698 I art     : Explicit concurrent mark sweep GC freed 1008(215KB) AllocSpace objects, 3(60KB) LOS objects, 28% free, 41MB/57MB, paused 1.792ms total 45.841ms
08-06 05:21:55.886 22687 22698 I art     : Starting a blocking GC Explicit
08-06 05:21:55.903   918  3261 D WifiStateMachine: starting scan for "H369AA63323"WPA_PSK with 2412,5180
08-06 05:21:55.940 22687 22698 I art     : Explicit concurrent mark sweep GC freed 1597(100KB) AllocSpace objects, 2(48KB) LOS objects, 28% free, 41MB/57MB, paused 1.500ms total 53.471ms
08-06 05:21:55.954 22687 22698 I art     : Starting a blocking GC Explicit
08-06 05:21:56.007 22687 22698 I art     : Explicit concurrent mark sweep GC freed 54(1968B) AllocSpace objects, 0(0B) LOS objects, 28% free, 41MB/57MB, paused 1.452ms total 52.491ms
08-06 05:21:56.020 22687 22698 I art     : Starting a blocking GC Explicit
08-06 05:21:56.075 22687 22698 I art     : Explicit concurrent mark sweep GC freed 3(96B) AllocSpace objects, 0(0B) LOS objects, 28% free, 41MB/57MB, paused 1.462ms total 54.178ms
08-06 05:21:56.089 22687 22698 I art     : Starting a blocking GC Explicit
08-06 05:21:56.144 22687 22698 I art     : Explicit concurrent mark sweep GC freed 3(96B) AllocSpace objects, 0(0B) LOS objects, 28% free, 41MB/57MB, paused 1.695ms total 55.328ms
08-06 05:21:56.159 22687 22698 I art     : Starting a blocking GC Explicit
08-06 05:21:56.214 22687 22698 I art     : Explicit concurrent mark sweep GC freed 3(96B) AllocSpace objects, 0(0B) LOS objects, 28% free, 41MB/57MB, paused 1.484ms total 54.590ms
08-06 05:21:56.605 22687 30790 I art     : Starting a blocking GC Explicit
08-06 05:21:56.664 22687 30790 I art     : Explicit concurrent mark sweep GC freed 1497(84KB) AllocSpace objects, 1(20KB) LOS objects, 28% free, 41MB/57MB, paused 1.423ms total 58.842ms
08-06 05:21:56.679 22687 30790 I art     : Starting a blocking GC Explicit
08-06 05:21:56.734 22687 30790 I art     : Explicit concurrent mark sweep GC freed 31(1072B) AllocSpace objects, 0(0B) LOS objects, 28% free, 41MB/57MB, paused 1.376ms total 54.328ms
08-06 05:21:56.748 22687 30790 I art     : Starting a blocking GC Explicit
08-06 05:21:56.803 22687 30790 I art     : Explicit concurrent mark sweep GC freed 3(96B) AllocSpace objects, 0(0B) LOS objects, 28% free, 41MB/57MB, paused 1.507ms total 54.949ms
08-06 05:21:56.818 22687 30790 I art     : Starting a blocking GC Explicit
08-06 05:21:56.879 22687 30790 I art     : Explicit concurrent mark sweep GC freed 3(96B) AllocSpace objects, 0(0B) LOS objects, 28% free, 41MB/57MB, paused 1.677ms total 60.628ms
08-06 05:21:56.896 22687 30790 I art     : Starting a blocking GC Explicit
08-06 05:21:56.953 22687 30790 I art     : Explicit concurrent mark sweep GC freed 3(96B) AllocSpace objects, 0(0B) LOS objects, 28% free, 41MB/57MB, paused 1.546ms total 56.433ms
08-06 05:21:57.353 22687 22698 I art     : Starting a blocking GC Explicit
08-06 05:21:57.412 22687 22698 I art     : Explicit concurrent mark sweep GC freed 1445(83KB) AllocSpace objects, 1(20KB) LOS objects, 28% free, 41MB/57MB, paused 1.569ms total 58.753ms
08-06 05:21:57.429 22687 22698 I art     : Starting a blocking GC Explicit
08-06 05:21:57.487 22687 22698 I art     : Explicit concurrent mark sweep GC freed 22(784B) AllocSpace objects, 0(0B) LOS objects, 28% free, 41MB/57MB, paused 1.522ms total 57.654ms
08-06 05:21:57.501 22687 22698 I art     : Starting a blocking GC Explicit
08-06 05:21:57.557 22687 22698 I art     : Explicit concurrent mark sweep GC freed 3(96B) AllocSpace objects, 0(0B) LOS objects, 28% free, 41MB/57MB, paused 1.562ms total 55.713ms
08-06 05:21:57.572 22687 22698 I art     : Starting a blocking GC Explicit
08-06 05:21:57.630 22687 22698 I art     : Explicit concurrent mark sweep GC freed 3(96B) AllocSpace objects, 0(0B) LOS objects, 28% free, 41MB/57MB, paused 1.605ms total 58.370ms
08-06 05:21:57.647 22687 22698 I art     : Starting a blocking GC Explicit
08-06 05:21:57.703 22687 22698 I art     : Explicit concurrent mark sweep GC freed 3(96B) AllocSpace objects, 0(0B) LOS objects, 28% free, 41MB/57MB, paused 1.515ms total 56.199ms
08-06 05:21:58.102 22687 30447 I art     : Starting a blocking GC Explicit
08-06 05:21:58.162 22687 30447 I art     : Explicit concurrent mark sweep GC freed 1446(83KB) AllocSpace objects, 1(20KB) LOS objects, 28% free, 41MB/57MB, paused 1.565ms total 58.635ms
08-06 05:21:58.176 22687 30447 I art     : Starting a blocking GC Explicit
08-06 05:21:58.237 22687 30447 I art     : Explicit concurrent mark sweep GC freed 22(784B) AllocSpace objects, 0(0B) LOS objects, 28% free, 41MB/57MB, paused 1.545ms total 60.235ms
08-06 05:21:58.251 22687 30447 I art     : Starting a blocking GC Explicit
08-06 05:21:58.309 22687 30447 I art     : Explicit concurrent mark sweep GC freed 3(96B) AllocSpace objects, 0(0B) LOS objects, 28% free, 41MB/57MB, paused 1.642ms total 57.434ms
08-06 05:21:58.324 22687 30447 I art     : Starting a blocking GC Explicit
08-06 05:21:58.384 22687 30447 I art     : Explicit concurrent mark sweep GC freed 3(96B) AllocSpace objects, 0(0B) LOS objects, 28% free, 41MB/57MB, paused 1.555ms total 59.476ms
08-06 05:21:58.399 22687 30447 I art     : Starting a blocking GC Explicit
08-06 05:21:58.459 22687 30447 I art     : Explicit concurrent mark sweep GC freed 3(96B) AllocSpace objects, 0(0B) LOS objects, 28% free, 41MB/57MB, paused 1.788ms total 60.265ms
08-06 05:21:58.842 22687 22699 I art     : Starting a blocking GC Explicit
08-06 05:21:58.901 22687 22699 I art     : Explicit concurrent mark sweep GC freed 1610(91KB) AllocSpace objects, 1(20KB) LOS objects, 28% free, 41MB/57MB, paused 1.579ms total 58.861ms
08-06 05:21:58.916 22687 22699 I art     : Starting a blocking GC Explicit
08-06 05:21:58.973 22687 22699 I art     : Explicit concurrent mark sweep GC freed 1497(59KB) AllocSpace objects, 0(0B) LOS objects, 28% free, 41MB/57MB, paused 1.781ms total 57.289ms
08-06 05:21:58.988 22687 22699 I art     : Starting a blocking GC Explicit
08-06 05:21:59.017 22687 31104 E baseline.com.newsblur.network.APIResponse: Error (unexpected end of stream on https://www.newsblur.com/...) calling https://www.newsblur.com/reader/mark_story_hashes_as_read/
08-06 05:21:59.017 22687 31104 E baseline.com.newsblur.network.APIResponse: java.io.IOException: unexpected end of stream on https://www.newsblur.com/...
08-06 05:21:59.017 22687 31104 E baseline.com.newsblur.network.APIResponse: 	at okhttp3.internal.http1.Http1ExchangeCodec.readResponseHeaders(Http1ExchangeCodec.java:236)
08-06 05:21:59.017 22687 31104 E baseline.com.newsblur.network.APIResponse: 	at okhttp3.internal.connection.Exchange.readResponseHeaders(Exchange.java:115)
08-06 05:21:59.017 22687 31104 E baseline.com.newsblur.network.APIResponse: 	at okhttp3.internal.http.CallServerInterceptor.intercept(CallServerInterceptor.java:94)
08-06 05:21:59.017 22687 31104 E baseline.com.newsblur.network.APIResponse: 	at okhttp3.internal.http.RealInterceptorChain.proceed(RealInterceptorChain.java:142)
08-06 05:21:59.017 22687 31104 E baseline.com.newsblur.network.APIResponse: 	at okhttp3.internal.connection.ConnectInterceptor.intercept(ConnectInterceptor.java:43)
08-06 05:21:59.017 22687 31104 E baseline.com.newsblur.network.APIResponse: 	at okhttp3.internal.http.RealInterceptorChain.proceed(RealInterceptorChain.java:142)
08-06 05:21:59.017 22687 31104 E baseline.com.newsblur.network.APIResponse: 	at okhttp3.internal.http.RealInterceptorChain.proceed(RealInterceptorChain.java:117)
08-06 05:21:59.017 22687 31104 E baseline.com.newsblur.network.APIResponse: 	at okhttp3.internal.cache.CacheInterceptor.intercept(CacheInterceptor.java:94)
08-06 05:21:59.017 22687 31104 E baseline.com.newsblur.network.APIResponse: 	at okhttp3.internal.http.RealInterceptorChain.proceed(RealInterceptorChain.java:142)
08-06 05:21:59.017 22687 31104 E baseline.com.newsblur.network.APIResponse: 	at okhttp3.internal.http.RealInterceptorChain.proceed(RealInterceptorChain.java:117)
08-06 05:21:59.017 22687 31104 E baseline.com.newsblur.network.APIResponse: 	at okhttp3.internal.http.BridgeInterceptor.intercept(BridgeInterceptor.java:93)
08-06 05:21:59.017 22687 31104 E baseline.com.newsblur.network.APIResponse: 	at okhttp3.internal.http.RealInterceptorChain.proceed(RealInterceptorChain.java:142)
08-06 05:21:59.017 22687 31104 E baseline.com.newsblur.network.APIResponse: 	at okhttp3.internal.http.RetryAndFollowUpInterceptor.intercept(RetryAndFollowUpInterceptor.java:88)
08-06 05:21:59.017 22687 31104 E baseline.com.newsblur.network.APIResponse: 	at okhttp3.internal.http.RealInterceptorChain.proceed(RealInterceptorChain.java:142)
08-06 05:21:59.017 22687 31104 E baseline.com.newsblur.network.APIResponse: 	at okhttp3.internal.http.RealInterceptorChain.proceed(RealInterceptorChain.java:117)
08-06 05:21:59.017 22687 31104 E baseline.com.newsblur.network.APIResponse: 	at okhttp3.RealCall.getResponseWithInterceptorChain(RealCall.java:229)
08-06 05:21:59.017 22687 31104 E baseline.com.newsblur.network.APIResponse: 	at okhttp3.RealCall.execute(RealCall.java:81)
08-06 05:21:59.017 22687 31104 E baseline.com.newsblur.network.APIResponse: 	at baseline.com.newsblur.network.APIResponse.<init>(APIResponse.java:57)
08-06 05:21:59.017 22687 31104 E baseline.com.newsblur.network.APIResponse: 	at baseline.com.newsblur.network.APIResponse.<init>(APIResponse.java:43)
08-06 05:21:59.017 22687 31104 E baseline.com.newsblur.network.APIResponse: 	at baseline.com.newsblur.network.APIManager.post_single(APIManager.java:702)
08-06 05:21:59.017 22687 31104 E baseline.com.newsblur.network.APIResponse: 	at baseline.com.newsblur.network.APIManager.post(APIManager.java:675)
08-06 05:21:59.017 22687 31104 E baseline.com.newsblur.network.APIResponse: 	at baseline.com.newsblur.network.APIManager.post(APIManager.java:714)
08-06 05:21:59.017 22687 31104 E baseline.com.newsblur.network.APIResponse: 	at baseline.com.newsblur.network.APIManager.markStoryAsRead(APIManager.java:205)
08-06 05:21:59.017 22687 31104 E baseline.com.newsblur.network.APIResponse: 	at baseline.com.newsblur.util.ReadingAction.doRemote(ReadingAction.java:281)
08-06 05:21:59.017 22687 31104 E baseline.com.newsblur.network.APIResponse: 	at baseline.com.newsblur.service.NBSyncService.syncActions(NBSyncService.java:400)
08-06 05:21:59.017 22687 31104 E baseline.com.newsblur.network.APIResponse: 	at baseline.com.newsblur.service.NBSyncService.doSync(NBSyncService.java:298)
08-06 05:21:59.017 22687 31104 E baseline.com.newsblur.network.APIResponse: 	at baseline.com.newsblur.service.NBSyncService.access$100(NBSyncService.java:67)
08-06 05:21:59.017 22687 31104 E baseline.com.newsblur.network.APIResponse: 	at baseline.com.newsblur.service.NBSyncService$1.run(NBSyncService.java:188)
08-06 05:21:59.017 22687 31104 E baseline.com.newsblur.network.APIResponse: 	at java.util.concurrent.ThreadPoolExecutor.runWorker(ThreadPoolExecutor.java:1113)
08-06 05:21:59.017 22687 31104 E baseline.com.newsblur.network.APIResponse: 	at java.util.concurrent.ThreadPoolExecutor$Worker.run(ThreadPoolExecutor.java:588)
08-06 05:21:59.017 22687 31104 E baseline.com.newsblur.network.APIResponse: 	at java.lang.Thread.run(Thread.java:818)
08-06 05:21:59.017 22687 31104 E baseline.com.newsblur.network.APIResponse: Caused by: java.io.EOFException: \n not found: limit=0 content=
08-06 05:21:59.017 22687 31104 E baseline.com.newsblur.network.APIResponse: 	at okio.RealBufferedSource.readUtf8LineStrict(RealBufferedSource.java:240)
08-06 05:21:59.017 22687 31104 E baseline.com.newsblur.network.APIResponse: 	at okhttp3.internal.http1.Http1ExchangeCodec.readHeaderLine(Http1ExchangeCodec.java:242)
08-06 05:21:59.017 22687 31104 E baseline.com.newsblur.network.APIResponse: 	at okhttp3.internal.http1.Http1ExchangeCodec.readResponseHeaders(Http1ExchangeCodec.java:213)
08-06 05:21:59.017 22687 31104 E baseline.com.newsblur.network.APIResponse: 	... 30 more
08-06 05:21:59.019 22687 31104 I baseline.com.newsblur.service.NBSyncService: Holding reading action with server-side or network error.
08-06 05:21:59.032 22687 31104 W baseline.com.newsblur.service.NBSyncService: hard API failure
08-06 05:21:59.042 22687 22699 I art     : Explicit concurrent mark sweep GC freed 1279(244KB) AllocSpace objects, 4(80KB) LOS objects, 28% free, 41MB/57MB, paused 1.792ms total 54.160ms
08-06 05:21:59.057 22687 22699 I art     : Starting a blocking GC Explicit
08-06 05:21:59.119 22687 22699 I art     : Explicit concurrent mark sweep GC freed 256(24KB) AllocSpace objects, 0(0B) LOS objects, 28% free, 41MB/57MB, paused 1.588ms total 61.123ms
08-06 05:21:59.133 22687 22699 I art     : Starting a blocking GC Explicit
08-06 05:21:59.194 22687 22699 I art     : Explicit concurrent mark sweep GC freed 34(1232B) AllocSpace objects, 0(0B) LOS objects, 28% free, 41MB/57MB, paused 1.637ms total 60.954ms
08-06 05:21:59.506 22687 31104 E baseline.com.newsblur.network.APIResponse: Error (unexpected end of stream on https://www.newsblur.com/...) calling https://www.newsblur.com/reader/mark_story_hashes_as_read/
08-06 05:21:59.506 22687 31104 E baseline.com.newsblur.network.APIResponse: java.io.IOException: unexpected end of stream on https://www.newsblur.com/...
08-06 05:21:59.506 22687 31104 E baseline.com.newsblur.network.APIResponse: 	at okhttp3.internal.http1.Http1ExchangeCodec.readResponseHeaders(Http1ExchangeCodec.java:236)
08-06 05:21:59.506 22687 31104 E baseline.com.newsblur.network.APIResponse: 	at okhttp3.internal.connection.Exchange.readResponseHeaders(Exchange.java:115)
08-06 05:21:59.506 22687 31104 E baseline.com.newsblur.network.APIResponse: 	at okhttp3.internal.http.CallServerInterceptor.intercept(CallServerInterceptor.java:94)
08-06 05:21:59.506 22687 31104 E baseline.com.newsblur.network.APIResponse: 	at okhttp3.internal.http.RealInterceptorChain.proceed(RealInterceptorChain.java:142)
08-06 05:21:59.506 22687 31104 E baseline.com.newsblur.network.APIResponse: 	at okhttp3.internal.connection.ConnectInterceptor.intercept(ConnectInterceptor.java:43)
08-06 05:21:59.506 22687 31104 E baseline.com.newsblur.network.APIResponse: 	at okhttp3.internal.http.RealInterceptorChain.proceed(RealInterceptorChain.java:142)
08-06 05:21:59.506 22687 31104 E baseline.com.newsblur.network.APIResponse: 	at okhttp3.internal.http.RealInterceptorChain.proceed(RealInterceptorChain.java:117)
08-06 05:21:59.506 22687 31104 E baseline.com.newsblur.network.APIResponse: 	at okhttp3.internal.cache.CacheInterceptor.intercept(CacheInterceptor.java:94)
08-06 05:21:59.506 22687 31104 E baseline.com.newsblur.network.APIResponse: 	at okhttp3.internal.http.RealInterceptorChain.proceed(RealInterceptorChain.java:142)
08-06 05:21:59.506 22687 31104 E baseline.com.newsblur.network.APIResponse: 	at okhttp3.internal.http.RealInterceptorChain.proceed(RealInterceptorChain.java:117)
08-06 05:21:59.506 22687 31104 E baseline.com.newsblur.network.APIResponse: 	at okhttp3.internal.http.BridgeInterceptor.intercept(BridgeInterceptor.java:93)
08-06 05:21:59.506 22687 31104 E baseline.com.newsblur.network.APIResponse: 	at okhttp3.internal.http.RealInterceptorChain.proceed(RealInterceptorChain.java:142)
08-06 05:21:59.506 22687 31104 E baseline.com.newsblur.network.APIResponse: 	at okhttp3.internal.http.RetryAndFollowUpInterceptor.intercept(RetryAndFollowUpInterceptor.java:88)
08-06 05:21:59.506 22687 31104 E baseline.com.newsblur.network.APIResponse: 	at okhttp3.internal.http.RealInterceptorChain.proceed(RealInterceptorChain.java:142)
08-06 05:21:59.506 22687 31104 E baseline.com.newsblur.network.APIResponse: 	at okhttp3.internal.http.RealInterceptorChain.proceed(RealInterceptorChain.java:117)
08-06 05:21:59.506 22687 31104 E baseline.com.newsblur.network.APIResponse: 	at okhttp3.RealCall.getResponseWithInterceptorChain(RealCall.java:229)
08-06 05:21:59.506 22687 31104 E baseline.com.newsblur.network.APIResponse: 	at okhttp3.RealCall.execute(RealCall.java:81)
08-06 05:21:59.506 22687 31104 E baseline.com.newsblur.network.APIResponse: 	at baseline.com.newsblur.network.APIResponse.<init>(APIResponse.java:57)
08-06 05:21:59.506 22687 31104 E baseline.com.newsblur.network.APIResponse: 	at baseline.com.newsblur.network.APIResponse.<init>(APIResponse.java:43)
08-06 05:21:59.506 22687 31104 E baseline.com.newsblur.network.APIResponse: 	at baseline.com.newsblur.network.APIManager.post_single(APIManager.java:702)
08-06 05:21:59.506 22687 31104 E baseline.com.newsblur.network.APIResponse: 	at baseline.com.newsblur.network.APIManager.post(APIManager.java:675)
08-06 05:21:59.506 22687 31104 E baseline.com.newsblur.network.APIResponse: 	at baseline.com.newsblur.network.APIManager.post(APIManager.java:714)
08-06 05:21:59.506 22687 31104 E baseline.com.newsblur.network.APIResponse: 	at baseline.com.newsblur.network.APIManager.markStoryAsRead(APIManager.java:205)
08-06 05:21:59.506 22687 31104 E baseline.com.newsblur.network.APIResponse: 	at baseline.com.newsblur.util.ReadingAction.doRemote(ReadingAction.java:281)
08-06 05:21:59.506 22687 31104 E baseline.com.newsblur.network.APIResponse: 	at baseline.com.newsblur.service.NBSyncService.syncActions(NBSyncService.java:400)
08-06 05:21:59.506 22687 31104 E baseline.com.newsblur.network.APIResponse: 	at baseline.com.newsblur.service.NBSyncService.doSync(NBSyncService.java:298)
08-06 05:21:59.506 22687 31104 E baseline.com.newsblur.network.APIResponse: 	at baseline.com.newsblur.service.NBSyncService.access$100(NBSyncService.java:67)
08-06 05:21:59.506 22687 31104 E baseline.com.newsblur.network.APIResponse: 	at baseline.com.newsblur.service.NBSyncService$1.run(NBSyncService.java:188)
08-06 05:21:59.506 22687 31104 E baseline.com.newsblur.network.APIResponse: 	at java.util.concurrent.ThreadPoolExecutor.runWorker(ThreadPoolExecutor.java:1113)
08-06 05:21:59.506 22687 31104 E baseline.com.newsblur.network.APIResponse: 	at java.util.concurrent.ThreadPoolExecutor$Worker.run(ThreadPoolExecutor.java:588)
08-06 05:21:59.506 22687 31104 E baseline.com.newsblur.network.APIResponse: 	at java.lang.Thread.run(Thread.java:818)
08-06 05:21:59.506 22687 31104 E baseline.com.newsblur.network.APIResponse: Caused by: java.io.EOFException: \n not found: limit=0 content=
08-06 05:21:59.506 22687 31104 E baseline.com.newsblur.network.APIResponse: 	at okio.RealBufferedSource.readUtf8LineStrict(RealBufferedSource.java:240)
08-06 05:21:59.506 22687 31104 E baseline.com.newsblur.network.APIResponse: 	at okhttp3.internal.http1.Http1ExchangeCodec.readHeaderLine(Http1ExchangeCodec.java:242)
08-06 05:21:59.506 22687 31104 E baseline.com.newsblur.network.APIResponse: 	at okhttp3.internal.http1.Http1ExchangeCodec.readResponseHeaders(Http1ExchangeCodec.java:213)
08-06 05:21:59.506 22687 31104 E baseline.com.newsblur.network.APIResponse: 	... 30 more
08-06 05:21:59.507 22687 31104 I baseline.com.newsblur.network.APIManager: API call failed, pausing before retry number 1
08-06 05:21:59.588 22687 30790 I art     : Starting a blocking GC Explicit
08-06 05:21:59.648 22687 30790 I art     : Explicit concurrent mark sweep GC freed 3958(357KB) AllocSpace objects, 3(60KB) LOS objects, 28% free, 41MB/57MB, paused 1.619ms total 60.443ms
08-06 05:21:59.663 22687 30790 I art     : Starting a blocking GC Explicit
08-06 05:21:59.723 22687 30790 I art     : Explicit concurrent mark sweep GC freed 120(4KB) AllocSpace objects, 0(0B) LOS objects, 28% free, 41MB/57MB, paused 1.461ms total 59.706ms
08-06 05:21:59.741 22687 30790 I art     : Starting a blocking GC Explicit
08-06 05:21:59.798 22687 30790 I art     : Explicit concurrent mark sweep GC freed 3(96B) AllocSpace objects, 0(0B) LOS objects, 28% free, 41MB/57MB, paused 1.490ms total 57.309ms
08-06 05:21:59.812 22687 30790 I art     : Starting a blocking GC Explicit
08-06 05:21:59.868 22687 30790 I art     : Explicit concurrent mark sweep GC freed 3(96B) AllocSpace objects, 0(0B) LOS objects, 28% free, 41MB/57MB, paused 1.524ms total 55.875ms
08-06 05:21:59.883 22687 30790 I art     : Starting a blocking GC Explicit
08-06 05:21:59.941 22687 30790 I art     : Explicit concurrent mark sweep GC freed 3(96B) AllocSpace objects, 0(0B) LOS objects, 28% free, 41MB/57MB, paused 1.562ms total 57.644ms
08-06 05:22:00.338 22687 22698 I art     : Starting a blocking GC Explicit
08-06 05:22:00.399 22687 22698 I art     : Explicit concurrent mark sweep GC freed 1445(83KB) AllocSpace objects, 1(20KB) LOS objects, 28% free, 41MB/57MB, paused 1.559ms total 59.978ms
08-06 05:22:00.413 22687 22698 I art     : Starting a blocking GC Explicit
08-06 05:22:00.474 22687 22698 I art     : Explicit concurrent mark sweep GC freed 22(784B) AllocSpace objects, 0(0B) LOS objects, 28% free, 41MB/57MB, paused 1.478ms total 60.137ms
08-06 05:22:00.492 22687 22698 I art     : Starting a blocking GC Explicit
08-06 05:22:00.550 22687 22698 I art     : Explicit concurrent mark sweep GC freed 3(96B) AllocSpace objects, 0(0B) LOS objects, 28% free, 41MB/57MB, paused 1.616ms total 57.849ms
08-06 05:22:00.564 22687 22698 I art     : Starting a blocking GC Explicit
08-06 05:22:00.620 22687 22698 I art     : Explicit concurrent mark sweep GC freed 3(96B) AllocSpace objects, 0(0B) LOS objects, 28% free, 41MB/57MB, paused 1.648ms total 56.007ms
08-06 05:22:00.635 22687 22698 I art     : Starting a blocking GC Explicit
08-06 05:22:00.695 22687 22698 I art     : Explicit concurrent mark sweep GC freed 3(96B) AllocSpace objects, 0(0B) LOS objects, 28% free, 41MB/57MB, paused 1.572ms total 60.222ms
08-06 05:22:01.111 22687 30447 I art     : Starting a blocking GC Explicit
08-06 05:22:01.173 22687 30447 I art     : Explicit concurrent mark sweep GC freed 1608(91KB) AllocSpace objects, 1(20KB) LOS objects, 28% free, 41MB/57MB, paused 1.615ms total 61.949ms
08-06 05:22:01.188 22687 30447 I art     : Starting a blocking GC Explicit
08-06 05:22:01.246 22687 30447 I art     : Explicit concurrent mark sweep GC freed 28(1040B) AllocSpace objects, 0(0B) LOS objects, 28% free, 41MB/57MB, paused 1.562ms total 57.837ms
08-06 05:22:01.260 22687 30447 I art     : Starting a blocking GC Explicit
08-06 05:22:01.322 22687 30447 I art     : Explicit concurrent mark sweep GC freed 3(96B) AllocSpace objects, 0(0B) LOS objects, 28% free, 41MB/57MB, paused 1.815ms total 60.975ms
08-06 05:22:01.338 22687 30447 I art     : Starting a blocking GC Explicit
08-06 05:22:01.395 22687 30447 I art     : Explicit concurrent mark sweep GC freed 3(96B) AllocSpace objects, 0(0B) LOS objects, 28% free, 41MB/57MB, paused 1.656ms total 56.554ms
08-06 05:22:01.410 22687 30447 I art     : Starting a blocking GC Explicit
08-06 05:22:01.471 22687 30447 I art     : Explicit concurrent mark sweep GC freed 3(96B) AllocSpace objects, 0(0B) LOS objects, 28% free, 41MB/57MB, paused 1.706ms total 60.728ms
08-06 05:22:01.580 22687 31104 E baseline.com.newsblur.network.APIResponse: Error (unexpected end of stream on https://www.newsblur.com/...) calling https://www.newsblur.com/reader/mark_story_hashes_as_read/
08-06 05:22:01.580 22687 31104 E baseline.com.newsblur.network.APIResponse: java.io.IOException: unexpected end of stream on https://www.newsblur.com/...
08-06 05:22:01.580 22687 31104 E baseline.com.newsblur.network.APIResponse: 	at okhttp3.internal.http1.Http1ExchangeCodec.readResponseHeaders(Http1ExchangeCodec.java:236)
08-06 05:22:01.580 22687 31104 E baseline.com.newsblur.network.APIResponse: 	at okhttp3.internal.connection.Exchange.readResponseHeaders(Exchange.java:115)
08-06 05:22:01.580 22687 31104 E baseline.com.newsblur.network.APIResponse: 	at okhttp3.internal.http.CallServerInterceptor.intercept(CallServerInterceptor.java:94)
08-06 05:22:01.580 22687 31104 E baseline.com.newsblur.network.APIResponse: 	at okhttp3.internal.http.RealInterceptorChain.proceed(RealInterceptorChain.java:142)
08-06 05:22:01.580 22687 31104 E baseline.com.newsblur.network.APIResponse: 	at okhttp3.internal.connection.ConnectInterceptor.intercept(ConnectInterceptor.java:43)
08-06 05:22:01.580 22687 31104 E baseline.com.newsblur.network.APIResponse: 	at okhttp3.internal.http.RealInterceptorChain.proceed(RealInterceptorChain.java:142)
08-06 05:22:01.580 22687 31104 E baseline.com.newsblur.network.APIResponse: 	at okhttp3.internal.http.RealInterceptorChain.proceed(RealInterceptorChain.java:117)
08-06 05:22:01.580 22687 31104 E baseline.com.newsblur.network.APIResponse: 	at okhttp3.internal.cache.CacheInterceptor.intercept(CacheInterceptor.java:94)
08-06 05:22:01.580 22687 31104 E baseline.com.newsblur.network.APIResponse: 	at okhttp3.internal.http.RealInterceptorChain.proceed(RealInterceptorChain.java:142)
08-06 05:22:01.580 22687 31104 E baseline.com.newsblur.network.APIResponse: 	at okhttp3.internal.http.RealInterceptorChain.proceed(RealInterceptorChain.java:117)
08-06 05:22:01.580 22687 31104 E baseline.com.newsblur.network.APIResponse: 	at okhttp3.internal.http.BridgeInterceptor.intercept(BridgeInterceptor.java:93)
08-06 05:22:01.580 22687 31104 E baseline.com.newsblur.network.APIResponse: 	at okhttp3.internal.http.RealInterceptorChain.proceed(RealInterceptorChain.java:142)
08-06 05:22:01.580 22687 31104 E baseline.com.newsblur.network.APIResponse: 	at okhttp3.internal.http.RetryAndFollowUpInterceptor.intercept(RetryAndFollowUpInterceptor.java:88)
08-06 05:22:01.580 22687 31104 E baseline.com.newsblur.network.APIResponse: 	at okhttp3.internal.http.RealInterceptorChain.proceed(RealInterceptorChain.java:142)
08-06 05:22:01.580 22687 31104 E baseline.com.newsblur.network.APIResponse: 	at okhttp3.internal.http.RealInterceptorChain.proceed(RealInterceptorChain.java:117)
08-06 05:22:01.580 22687 31104 E baseline.com.newsblur.network.APIResponse: 	at okhttp3.RealCall.getResponseWithInterceptorChain(RealCall.java:229)
08-06 05:22:01.580 22687 31104 E baseline.com.newsblur.network.APIResponse: 	at okhttp3.RealCall.execute(RealCall.java:81)
08-06 05:22:01.580 22687 31104 E baseline.com.newsblur.network.APIResponse: 	at baseline.com.newsblur.network.APIResponse.<init>(APIResponse.java:57)
08-06 05:22:01.580 22687 31104 E baseline.com.newsblur.network.APIResponse: 	at baseline.com.newsblur.network.APIResponse.<init>(APIResponse.java:43)
08-06 05:22:01.580 22687 31104 E baseline.com.newsblur.network.APIResponse: 	at baseline.com.newsblur.network.APIManager.post_single(APIManager.java:702)
08-06 05:22:01.580 22687 31104 E baseline.com.newsblur.network.APIResponse: 	at baseline.com.newsblur.network.APIManager.post(APIManager.java:675)
08-06 05:22:01.580 22687 31104 E baseline.com.newsblur.network.APIResponse: 	at baseline.com.newsblur.network.APIManager.post(APIManager.java:714)
08-06 05:22:01.580 22687 31104 E baseline.com.newsblur.network.APIResponse: 	at baseline.com.newsblur.network.APIManager.markStoryAsRead(APIManager.java:205)
08-06 05:22:01.580 22687 31104 E baseline.com.newsblur.network.APIResponse: 	at baseline.com.newsblur.util.ReadingAction.doRemote(ReadingAction.java:281)
08-06 05:22:01.580 22687 31104 E baseline.com.newsblur.network.APIResponse: 	at baseline.com.newsblur.service.NBSyncService.syncActions(NBSyncService.java:400)
08-06 05:22:01.580 22687 31104 E baseline.com.newsblur.network.APIResponse: 	at baseline.com.newsblur.service.NBSyncService.doSync(NBSyncService.java:298)
08-06 05:22:01.580 22687 31104 E baseline.com.newsblur.network.APIResponse: 	at baseline.com.newsblur.service.NBSyncService.access$100(NBSyncService.java:67)
08-06 05:22:01.580 22687 31104 E baseline.com.newsblur.network.APIResponse: 	at baseline.com.newsblur.service.NBSyncService$1.run(NBSyncService.java:188)
08-06 05:22:01.580 22687 31104 E baseline.com.newsblur.network.APIResponse: 	at java.util.concurrent.ThreadPoolExecutor.runWorker(ThreadPoolExecutor.java:1113)
08-06 05:22:01.580 22687 31104 E baseline.com.newsblur.network.APIResponse: 	at java.util.concurrent.ThreadPoolExecutor$Worker.run(ThreadPoolExecutor.java:588)
08-06 05:22:01.580 22687 31104 E baseline.com.newsblur.network.APIResponse: 	at java.lang.Thread.run(Thread.java:818)
08-06 05:22:01.580 22687 31104 E baseline.com.newsblur.network.APIResponse: Caused by: java.io.EOFException: \n not found: limit=0 content=
08-06 05:22:01.580 22687 31104 E baseline.com.newsblur.network.APIResponse: 	at okio.RealBufferedSource.readUtf8LineStrict(RealBufferedSource.java:240)
08-06 05:22:01.580 22687 31104 E baseline.com.newsblur.network.APIResponse: 	at okhttp3.internal.http1.Http1ExchangeCodec.readHeaderLine(Http1ExchangeCodec.java:242)
08-06 05:22:01.580 22687 31104 E baseline.com.newsblur.network.APIResponse: 	at okhttp3.internal.http1.Http1ExchangeCodec.readResponseHeaders(Http1ExchangeCodec.java:213)
08-06 05:22:01.580 22687 31104 E baseline.com.newsblur.network.APIResponse: 	... 30 more
08-06 05:22:01.582 22687 31104 I baseline.com.newsblur.network.APIManager: API call failed, pausing before retry number 2
08-06 05:22:01.869 22687 22699 I art     : Starting a blocking GC Explicit
08-06 05:22:01.934 22687 22699 I art     : Explicit concurrent mark sweep GC freed 5097(416KB) AllocSpace objects, 3(60KB) LOS objects, 28% free, 41MB/57MB, paused 1.641ms total 63.879ms
08-06 05:22:01.951 22687 22699 I art     : Starting a blocking GC Explicit
08-06 05:22:02.007 22687 22699 I art     : Explicit concurrent mark sweep GC freed 878(61KB) AllocSpace objects, 0(0B) LOS objects, 28% free, 41MB/57MB, paused 1.596ms total 55.936ms
08-06 05:22:02.022 22687 22699 I art     : Starting a blocking GC Explicit
08-06 05:22:02.077 22687 22699 I art     : Explicit concurrent mark sweep GC freed 3(96B) AllocSpace objects, 0(0B) LOS objects, 28% free, 41MB/57MB, paused 1.490ms total 54.494ms
08-06 05:22:02.090 22687 22699 I art     : Starting a blocking GC Explicit
08-06 05:22:02.138 22687 22699 I art     : Explicit concurrent mark sweep GC freed 3692(149KB) AllocSpace objects, 0(0B) LOS objects, 28% free, 41MB/57MB, paused 1.531ms total 47.747ms
08-06 05:22:02.151 22687 22699 I art     : Starting a blocking GC Explicit
08-06 05:22:02.203 22687 22699 I art     : Explicit concurrent mark sweep GC freed 771(36KB) AllocSpace objects, 0(0B) LOS objects, 28% free, 41MB/57MB, paused 1.535ms total 51.468ms
08-06 05:22:02.240   518   646 I ThermalEngine: ACTION: GPU - Setting GPU[0] to 510000000
08-06 05:22:02.567 22687 30790 I art     : Starting a blocking GC Explicit
08-06 05:22:02.611 22687 30790 I art     : Explicit concurrent mark sweep GC freed 3560(192KB) AllocSpace objects, 1(20KB) LOS objects, 28% free, 41MB/57MB, paused 1.197ms total 43.868ms
08-06 05:22:02.622 22687 30790 I art     : Starting a blocking GC Explicit
08-06 05:22:02.668 22687 30790 I art     : Explicit concurrent mark sweep GC freed 216(19KB) AllocSpace objects, 0(0B) LOS objects, 28% free, 41MB/57MB, paused 1.267ms total 45.100ms
08-06 05:22:02.679 22687 30790 I art     : Starting a blocking GC Explicit
08-06 05:22:02.722 22687 30790 I art     : Explicit concurrent mark sweep GC freed 25(832B) AllocSpace objects, 0(0B) LOS objects, 28% free, 41MB/57MB, paused 1.078ms total 43.177ms
08-06 05:22:02.734 22687 30790 I art     : Starting a blocking GC Explicit
08-06 05:22:02.778 22687 30790 I art     : Explicit concurrent mark sweep GC freed 3(96B) AllocSpace objects, 0(0B) LOS objects, 28% free, 41MB/57MB, paused 1.169ms total 44.276ms
08-06 05:22:02.789 22687 30790 I art     : Starting a blocking GC Explicit
08-06 05:22:02.833 22687 30790 I art     : Explicit concurrent mark sweep GC freed 3(96B) AllocSpace objects, 0(0B) LOS objects, 28% free, 41MB/57MB, paused 1.093ms total 43.811ms
08-06 05:22:03.233 22687 22698 I art     : Starting a blocking GC Explicit
08-06 05:22:03.279 22687 22698 I art     : Explicit concurrent mark sweep GC freed 1443(83KB) AllocSpace objects, 1(20KB) LOS objects, 28% free, 41MB/57MB, paused 1.110ms total 45.765ms
08-06 05:22:03.290 22687 22698 I art     : Starting a blocking GC Explicit
08-06 05:22:03.334 22687 22698 I art     : Explicit concurrent mark sweep GC freed 22(784B) AllocSpace objects, 0(0B) LOS objects, 28% free, 41MB/57MB, paused 1.098ms total 43.628ms
08-06 05:22:03.345 22687 22698 I art     : Starting a blocking GC Explicit
08-06 05:22:03.388 22687 22698 I art     : Explicit concurrent mark sweep GC freed 3(96B) AllocSpace objects, 0(0B) LOS objects, 28% free, 41MB/57MB, paused 1.156ms total 42.841ms
08-06 05:22:03.399 22687 22698 I art     : Starting a blocking GC Explicit
08-06 05:22:03.444 22687 22698 I art     : Explicit concurrent mark sweep GC freed 3(96B) AllocSpace objects, 0(0B) LOS objects, 28% free, 41MB/57MB, paused 1.062ms total 44.395ms
08-06 05:22:03.455 22687 22698 I art     : Starting a blocking GC Explicit
08-06 05:22:03.499 22687 22698 I art     : Explicit concurrent mark sweep GC freed 3(96B) AllocSpace objects, 0(0B) LOS objects, 28% free, 41MB/57MB, paused 1.163ms total 43.694ms
08-06 05:22:03.882 22687 30447 I art     : Starting a blocking GC Explicit
08-06 05:22:03.929 22687 30447 I art     : Explicit concurrent mark sweep GC freed 1444(83KB) AllocSpace objects, 1(20KB) LOS objects, 28% free, 41MB/57MB, paused 1.267ms total 46.649ms
08-06 05:22:03.944 22687 30447 I art     : Starting a blocking GC Explicit
08-06 05:22:03.985 22687 30447 I art     : Explicit concurrent mark sweep GC freed 22(784B) AllocSpace objects, 0(0B) LOS objects, 28% free, 41MB/57MB, paused 1.080ms total 41.044ms
08-06 05:22:03.996 22687 30447 I art     : Starting a blocking GC Explicit
08-06 05:22:04.039 22687 30447 I art     : Explicit concurrent mark sweep GC freed 3(96B) AllocSpace objects, 0(0B) LOS objects, 28% free, 41MB/57MB, paused 1.166ms total 42.852ms
08-06 05:22:04.051 22687 30447 I art     : Starting a blocking GC Explicit
08-06 05:22:04.094 22687 30447 I art     : Explicit concurrent mark sweep GC freed 3(96B) AllocSpace objects, 0(0B) LOS objects, 28% free, 41MB/57MB, paused 1.078ms total 43.247ms
08-06 05:22:04.105 22687 30447 I art     : Starting a blocking GC Explicit
08-06 05:22:04.150 22687 30447 I art     : Explicit concurrent mark sweep GC freed 3(96B) AllocSpace objects, 0(0B) LOS objects, 28% free, 41MB/57MB, paused 1.159ms total 44.295ms
08-06 05:22:04.521 22687 22699 I art     : Starting a blocking GC Explicit
08-06 05:22:04.569 22687 22699 I art     : Explicit concurrent mark sweep GC freed 1443(83KB) AllocSpace objects, 1(20KB) LOS objects, 28% free, 41MB/57MB, paused 1.143ms total 47.058ms
08-06 05:22:04.580 22687 22699 I art     : Starting a blocking GC Explicit
08-06 05:22:04.624 22687 22699 I art     : Explicit concurrent mark sweep GC freed 113(4KB) AllocSpace objects, 0(0B) LOS objects, 28% free, 41MB/57MB, paused 1.205ms total 44.312ms
08-06 05:22:04.636 22687 22699 I art     : Starting a blocking GC Explicit
08-06 05:22:04.681 22687 22699 I art     : Explicit concurrent mark sweep GC freed 9(352B) AllocSpace objects, 0(0B) LOS objects, 28% free, 41MB/57MB, paused 1.176ms total 45.088ms
08-06 05:22:04.693 22687 22699 I art     : Starting a blocking GC Explicit
08-06 05:22:04.737 22687 22699 I art     : Explicit concurrent mark sweep GC freed 71(5KB) AllocSpace objects, 0(0B) LOS objects, 28% free, 41MB/57MB, paused 1.169ms total 43.763ms
08-06 05:22:04.748 22687 22699 I art     : Starting a blocking GC Explicit
08-06 05:22:04.792 22687 22699 I art     : Explicit concurrent mark sweep GC freed 9(400B) AllocSpace objects, 0(0B) LOS objects, 28% free, 41MB/57MB, paused 1.168ms total 44.280ms
08-06 05:22:05.143 22687 31104 E baseline.com.newsblur.network.APIResponse: Error (unexpected end of stream on https://www.newsblur.com/...) calling https://www.newsblur.com/reader/mark_story_hashes_as_read/
08-06 05:22:05.143 22687 31104 E baseline.com.newsblur.network.APIResponse: java.io.IOException: unexpected end of stream on https://www.newsblur.com/...
08-06 05:22:05.143 22687 31104 E baseline.com.newsblur.network.APIResponse: 	at okhttp3.internal.http1.Http1ExchangeCodec.readResponseHeaders(Http1ExchangeCodec.java:236)
08-06 05:22:05.143 22687 31104 E baseline.com.newsblur.network.APIResponse: 	at okhttp3.internal.connection.Exchange.readResponseHeaders(Exchange.java:115)
08-06 05:22:05.143 22687 31104 E baseline.com.newsblur.network.APIResponse: 	at okhttp3.internal.http.CallServerInterceptor.intercept(CallServerInterceptor.java:94)
08-06 05:22:05.143 22687 31104 E baseline.com.newsblur.network.APIResponse: 	at okhttp3.internal.http.RealInterceptorChain.proceed(RealInterceptorChain.java:142)
08-06 05:22:05.143 22687 31104 E baseline.com.newsblur.network.APIResponse: 	at okhttp3.internal.connection.ConnectInterceptor.intercept(ConnectInterceptor.java:43)
08-06 05:22:05.143 22687 31104 E baseline.com.newsblur.network.APIResponse: 	at okhttp3.internal.http.RealInterceptorChain.proceed(RealInterceptorChain.java:142)
08-06 05:22:05.143 22687 31104 E baseline.com.newsblur.network.APIResponse: 	at okhttp3.internal.http.RealInterceptorChain.proceed(RealInterceptorChain.java:117)
08-06 05:22:05.143 22687 31104 E baseline.com.newsblur.network.APIResponse: 	at okhttp3.internal.cache.CacheInterceptor.intercept(CacheInterceptor.java:94)
08-06 05:22:05.143 22687 31104 E baseline.com.newsblur.network.APIResponse: 	at okhttp3.internal.http.RealInterceptorChain.proceed(RealInterceptorChain.java:142)
08-06 05:22:05.143 22687 31104 E baseline.com.newsblur.network.APIResponse: 	at okhttp3.internal.http.RealInterceptorChain.proceed(RealInterceptorChain.java:117)
08-06 05:22:05.143 22687 31104 E baseline.com.newsblur.network.APIResponse: 	at okhttp3.internal.http.BridgeInterceptor.intercept(BridgeInterceptor.java:93)
08-06 05:22:05.143 22687 31104 E baseline.com.newsblur.network.APIResponse: 	at okhttp3.internal.http.RealInterceptorChain.proceed(RealInterceptorChain.java:142)
08-06 05:22:05.143 22687 31104 E baseline.com.newsblur.network.APIResponse: 	at okhttp3.internal.http.RetryAndFollowUpInterceptor.intercept(RetryAndFollowUpInterceptor.java:88)
08-06 05:22:05.143 22687 31104 E baseline.com.newsblur.network.APIResponse: 	at okhttp3.internal.http.RealInterceptorChain.proceed(RealInterceptorChain.java:142)
08-06 05:22:05.143 22687 31104 E baseline.com.newsblur.network.APIResponse: 	at okhttp3.internal.http.RealInterceptorChain.proceed(RealInterceptorChain.java:117)
08-06 05:22:05.143 22687 31104 E baseline.com.newsblur.network.APIResponse: 	at okhttp3.RealCall.getResponseWithInterceptorChain(RealCall.java:229)
08-06 05:22:05.143 22687 31104 E baseline.com.newsblur.network.APIResponse: 	at okhttp3.RealCall.execute(RealCall.java:81)
08-06 05:22:05.143 22687 31104 E baseline.com.newsblur.network.APIResponse: 	at baseline.com.newsblur.network.APIResponse.<init>(APIResponse.java:57)
08-06 05:22:05.143 22687 31104 E baseline.com.newsblur.network.APIResponse: 	at baseline.com.newsblur.network.APIResponse.<init>(APIResponse.java:43)
08-06 05:22:05.143 22687 31104 E baseline.com.newsblur.network.APIResponse: 	at baseline.com.newsblur.network.APIManager.post_single(APIManager.java:702)
08-06 05:22:05.143 22687 31104 E baseline.com.newsblur.network.APIResponse: 	at baseline.com.newsblur.network.APIManager.post(APIManager.java:675)
08-06 05:22:05.143 22687 31104 E baseline.com.newsblur.network.APIResponse: 	at baseline.com.newsblur.network.APIManager.post(APIManager.java:714)
08-06 05:22:05.143 22687 31104 E baseline.com.newsblur.network.APIResponse: 	at baseline.com.newsblur.network.APIManager.markStoryAsRead(APIManager.java:205)
08-06 05:22:05.143 22687 31104 E baseline.com.newsblur.network.APIResponse: 	at baseline.com.newsblur.util.ReadingAction.doRemote(ReadingAction.java:281)
08-06 05:22:05.143 22687 31104 E baseline.com.newsblur.network.APIResponse: 	at baseline.com.newsblur.service.NBSyncService.syncActions(NBSyncService.java:400)
08-06 05:22:05.143 22687 31104 E baseline.com.newsblur.network.APIResponse: 	at baseline.com.newsblur.service.NBSyncService.doSync(NBSyncService.java:298)
08-06 05:22:05.143 22687 31104 E baseline.com.newsblur.network.APIResponse: 	at baseline.com.newsblur.service.NBSyncService.access$100(NBSyncService.java:67)
08-06 05:22:05.143 22687 31104 E baseline.com.newsblur.network.APIResponse: 	at baseline.com.newsblur.service.NBSyncService$1.run(NBSyncService.java:188)
08-06 05:22:05.143 22687 31104 E baseline.com.newsblur.network.APIResponse: 	at java.util.concurrent.ThreadPoolExecutor.runWorker(ThreadPoolExecutor.java:1113)
08-06 05:22:05.143 22687 31104 E baseline.com.newsblur.network.APIResponse: 	at java.util.concurrent.ThreadPoolExecutor$Worker.run(ThreadPoolExecutor.java:588)
08-06 05:22:05.143 22687 31104 E baseline.com.newsblur.network.APIResponse: 	at java.lang.Thread.run(Thread.java:818)
08-06 05:22:05.143 22687 31104 E baseline.com.newsblur.network.APIResponse: Caused by: java.io.EOFException: \n not found: limit=0 content=
08-06 05:22:05.143 22687 31104 E baseline.com.newsblur.network.APIResponse: 	at okio.RealBufferedSource.readUtf8LineStrict(RealBufferedSource.java:240)
08-06 05:22:05.143 22687 31104 E baseline.com.newsblur.network.APIResponse: 	at okhttp3.internal.http1.Http1ExchangeCodec.readHeaderLine(Http1ExchangeCodec.java:242)
08-06 05:22:05.143 22687 31104 E baseline.com.newsblur.network.APIResponse: 	at okhttp3.internal.http1.Http1ExchangeCodec.readResponseHeaders(Http1ExchangeCodec.java:213)
08-06 05:22:05.143 22687 31104 E baseline.com.newsblur.network.APIResponse: 	... 30 more
08-06 05:22:05.145 22687 31104 I baseline.com.newsblur.service.NBSyncService: Holding reading action with server-side or network error.
08-06 05:22:05.151 22687 30790 I art     : Starting a blocking GC Explicit
08-06 05:22:05.153 22687 31104 W baseline.com.newsblur.service.NBSyncService: hard API failure
08-06 05:22:05.196 22687 30790 I art     : Explicit concurrent mark sweep GC freed 4347(406KB) AllocSpace objects, 5(100KB) LOS objects, 28% free, 41MB/57MB, paused 1.176ms total 44.940ms
08-06 05:22:05.207 22687 30790 I art     : Starting a blocking GC Explicit
08-06 05:22:05.250 22687 30790 I art     : Explicit concurrent mark sweep GC freed 144(5KB) AllocSpace objects, 0(0B) LOS objects, 28% free, 41MB/57MB, paused 1.153ms total 42.487ms
08-06 05:22:05.261 22687 30790 I art     : Starting a blocking GC Explicit
08-06 05:22:05.305 22687 30790 I art     : Explicit concurrent mark sweep GC freed 6(208B) AllocSpace objects, 0(0B) LOS objects, 28% free, 41MB/57MB, paused 1.118ms total 43.255ms
08-06 05:22:05.316 22687 30790 I art     : Starting a blocking GC Explicit
08-06 05:22:05.360 22687 30790 I art     : Explicit concurrent mark sweep GC freed 3(96B) AllocSpace objects, 0(0B) LOS objects, 28% free, 41MB/57MB, paused 1.143ms total 43.882ms
08-06 05:22:05.371 22687 30790 I art     : Starting a blocking GC Explicit
08-06 05:22:05.415 22687 30790 I art     : Explicit concurrent mark sweep GC freed 3(96B) AllocSpace objects, 0(0B) LOS objects, 28% free, 41MB/57MB, paused 1.112ms total 43.446ms
08-06 05:22:05.570 22687 31104 E baseline.com.newsblur.network.APIResponse: Error (unexpected end of stream on https://www.newsblur.com/...) calling https://www.newsblur.com/reader/mark_story_hashes_as_read/
08-06 05:22:05.570 22687 31104 E baseline.com.newsblur.network.APIResponse: java.io.IOException: unexpected end of stream on https://www.newsblur.com/...
08-06 05:22:05.570 22687 31104 E baseline.com.newsblur.network.APIResponse: 	at okhttp3.internal.http1.Http1ExchangeCodec.readResponseHeaders(Http1ExchangeCodec.java:236)
08-06 05:22:05.570 22687 31104 E baseline.com.newsblur.network.APIResponse: 	at okhttp3.internal.connection.Exchange.readResponseHeaders(Exchange.java:115)
08-06 05:22:05.570 22687 31104 E baseline.com.newsblur.network.APIResponse: 	at okhttp3.internal.http.CallServerInterceptor.intercept(CallServerInterceptor.java:94)
08-06 05:22:05.570 22687 31104 E baseline.com.newsblur.network.APIResponse: 	at okhttp3.internal.http.RealInterceptorChain.proceed(RealInterceptorChain.java:142)
08-06 05:22:05.570 22687 31104 E baseline.com.newsblur.network.APIResponse: 	at okhttp3.internal.connection.ConnectInterceptor.intercept(ConnectInterceptor.java:43)
08-06 05:22:05.570 22687 31104 E baseline.com.newsblur.network.APIResponse: 	at okhttp3.internal.http.RealInterceptorChain.proceed(RealInterceptorChain.java:142)
08-06 05:22:05.570 22687 31104 E baseline.com.newsblur.network.APIResponse: 	at okhttp3.internal.http.RealInterceptorChain.proceed(RealInterceptorChain.java:117)
08-06 05:22:05.570 22687 31104 E baseline.com.newsblur.network.APIResponse: 	at okhttp3.internal.cache.CacheInterceptor.intercept(CacheInterceptor.java:94)
08-06 05:22:05.570 22687 31104 E baseline.com.newsblur.network.APIResponse: 	at okhttp3.internal.http.RealInterceptorChain.proceed(RealInterceptorChain.java:142)
08-06 05:22:05.570 22687 31104 E baseline.com.newsblur.network.APIResponse: 	at okhttp3.internal.http.RealInterceptorChain.proceed(RealInterceptorChain.java:117)
08-06 05:22:05.570 22687 31104 E baseline.com.newsblur.network.APIResponse: 	at okhttp3.internal.http.BridgeInterceptor.intercept(BridgeInterceptor.java:93)
08-06 05:22:05.570 22687 31104 E baseline.com.newsblur.network.APIResponse: 	at okhttp3.internal.http.RealInterceptorChain.proceed(RealInterceptorChain.java:142)
08-06 05:22:05.570 22687 31104 E baseline.com.newsblur.network.APIResponse: 	at okhttp3.internal.http.RetryAndFollowUpInterceptor.intercept(RetryAndFollowUpInterceptor.java:88)
08-06 05:22:05.570 22687 31104 E baseline.com.newsblur.network.APIResponse: 	at okhttp3.internal.http.RealInterceptorChain.proceed(RealInterceptorChain.java:142)
08-06 05:22:05.570 22687 31104 E baseline.com.newsblur.network.APIResponse: 	at okhttp3.internal.http.RealInterceptorChain.proceed(RealInterceptorChain.java:117)
08-06 05:22:05.570 22687 31104 E baseline.com.newsblur.network.APIResponse: 	at okhttp3.RealCall.getResponseWithInterceptorChain(RealCall.java:229)
08-06 05:22:05.570 22687 31104 E baseline.com.newsblur.network.APIResponse: 	at okhttp3.RealCall.execute(RealCall.java:81)
08-06 05:22:05.570 22687 31104 E baseline.com.newsblur.network.APIResponse: 	at baseline.com.newsblur.network.APIResponse.<init>(APIResponse.java:57)
08-06 05:22:05.570 22687 31104 E baseline.com.newsblur.network.APIResponse: 	at baseline.com.newsblur.network.APIResponse.<init>(APIResponse.java:43)
08-06 05:22:05.570 22687 31104 E baseline.com.newsblur.network.APIResponse: 	at baseline.com.newsblur.network.APIManager.post_single(APIManager.java:702)
08-06 05:22:05.570 22687 31104 E baseline.com.newsblur.network.APIResponse: 	at baseline.com.newsblur.network.APIManager.post(APIManager.java:675)
08-06 05:22:05.570 22687 31104 E baseline.com.newsblur.network.APIResponse: 	at baseline.com.newsblur.network.APIManager.post(APIManager.java:714)
08-06 05:22:05.570 22687 31104 E baseline.com.newsblur.network.APIResponse: 	at baseline.com.newsblur.network.APIManager.markStoryAsRead(APIManager.java:205)
08-06 05:22:05.570 22687 31104 E baseline.com.newsblur.network.APIResponse: 	at baseline.com.newsblur.util.ReadingAction.doRemote(ReadingAction.java:281)
08-06 05:22:05.570 22687 31104 E baseline.com.newsblur.network.APIResponse: 	at baseline.com.newsblur.service.NBSyncService.syncActions(NBSyncService.java:400)
08-06 05:22:05.570 22687 31104 E baseline.com.newsblur.network.APIResponse: 	at baseline.com.newsblur.service.NBSyncService.doSync(NBSyncService.java:298)
08-06 05:22:05.570 22687 31104 E baseline.com.newsblur.network.APIResponse: 	at baseline.com.newsblur.service.NBSyncService.access$100(NBSyncService.java:67)
08-06 05:22:05.570 22687 31104 E baseline.com.newsblur.network.APIResponse: 	at baseline.com.newsblur.service.NBSyncService$1.run(NBSyncService.java:188)
08-06 05:22:05.570 22687 31104 E baseline.com.newsblur.network.APIResponse: 	at java.util.concurrent.ThreadPoolExecutor.runWorker(ThreadPoolExecutor.java:1113)
08-06 05:22:05.570 22687 31104 E baseline.com.newsblur.network.APIResponse: 	at java.util.concurrent.ThreadPoolExecutor$Worker.run(ThreadPoolExecutor.java:588)
08-06 05:22:05.570 22687 31104 E baseline.com.newsblur.network.APIResponse: 	at java.lang.Thread.run(Thread.java:818)
08-06 05:22:05.570 22687 31104 E baseline.com.newsblur.network.APIResponse: Caused by: java.io.EOFException: \n not found: limit=0 content=
08-06 05:22:05.570 22687 31104 E baseline.com.newsblur.network.APIResponse: 	at okio.RealBufferedSource.readUtf8LineStrict(RealBufferedSource.java:240)
08-06 05:22:05.570 22687 31104 E baseline.com.newsblur.network.APIResponse: 	at okhttp3.internal.http1.Http1ExchangeCodec.readHeaderLine(Http1ExchangeCodec.java:242)
08-06 05:22:05.570 22687 31104 E baseline.com.newsblur.network.APIResponse: 	at okhttp3.internal.http1.Http1ExchangeCodec.readResponseHeaders(Http1ExchangeCodec.java:213)
08-06 05:22:05.570 22687 31104 E baseline.com.newsblur.network.APIResponse: 	... 30 more
08-06 05:22:05.572 22687 31104 I baseline.com.newsblur.network.APIManager: API call failed, pausing before retry number 1
08-06 05:22:05.759 22687 22698 I art     : Starting a blocking GC Explicit
08-06 05:22:05.804 22687 22698 I art     : Explicit concurrent mark sweep GC freed 3954(357KB) AllocSpace objects, 3(60KB) LOS objects, 28% free, 40MB/56MB, paused 1.089ms total 44.916ms
08-06 05:22:05.816 22687 22698 I art     : Starting a blocking GC Explicit
08-06 05:22:05.859 22687 22698 I art     : Explicit concurrent mark sweep GC freed 120(4KB) AllocSpace objects, 0(0B) LOS objects, 28% free, 40MB/56MB, paused 1.105ms total 43.107ms
08-06 05:22:05.870 22687 22698 I art     : Starting a blocking GC Explicit
08-06 05:22:05.915 22687 22698 I art     : Explicit concurrent mark sweep GC freed 3(96B) AllocSpace objects, 0(0B) LOS objects, 28% free, 40MB/56MB, paused 1.060ms total 44.507ms
08-06 05:22:05.926 22687 22698 I art     : Starting a blocking GC Explicit
08-06 05:22:05.971 22687 22698 I art     : Explicit concurrent mark sweep GC freed 3(96B) AllocSpace objects, 0(0B) LOS objects, 28% free, 40MB/56MB, paused 1.131ms total 44.062ms
08-06 05:22:05.982 22687 22698 I art     : Starting a blocking GC Explicit
08-06 05:22:06.027 22687 22698 I art     : Explicit concurrent mark sweep GC freed 3(96B) AllocSpace objects, 0(0B) LOS objects, 28% free, 40MB/56MB, paused 1.072ms total 44.730ms
08-06 05:22:06.398 22687 30447 I art     : Starting a blocking GC Explicit
08-06 05:22:06.445 22687 30447 I art     : Explicit concurrent mark sweep GC freed 1443(83KB) AllocSpace objects, 1(20KB) LOS objects, 28% free, 40MB/56MB, paused 1.077ms total 46.319ms
08-06 05:22:06.458 22687 30447 I art     : Starting a blocking GC Explicit
08-06 05:22:06.501 22687 30447 I art     : Explicit concurrent mark sweep GC freed 22(784B) AllocSpace objects, 0(0B) LOS objects, 28% free, 40MB/56MB, paused 1.117ms total 42.691ms
08-06 05:22:06.512 22687 30447 I art     : Starting a blocking GC Explicit
08-06 05:22:06.554 22687 30447 I art     : Explicit concurrent mark sweep GC freed 3(96B) AllocSpace objects, 0(0B) LOS objects, 28% free, 40MB/56MB, paused 1.072ms total 42.165ms
08-06 05:22:06.565 22687 30447 I art     : Starting a blocking GC Explicit
08-06 05:22:06.609 22687 30447 I art     : Explicit concurrent mark sweep GC freed 3(96B) AllocSpace objects, 0(0B) LOS objects, 28% free, 40MB/56MB, paused 1.127ms total 43.372ms
08-06 05:22:06.620 22687 30447 I art     : Starting a blocking GC Explicit
08-06 05:22:06.664 22687 30447 I art     : Explicit concurrent mark sweep GC freed 3(96B) AllocSpace objects, 0(0B) LOS objects, 28% free, 40MB/56MB, paused 1.184ms total 44.040ms
08-06 05:22:07.042 22687 22699 I art     : Starting a blocking GC Explicit
08-06 05:22:07.086 22687 22699 I art     : Explicit concurrent mark sweep GC freed 1534(86KB) AllocSpace objects, 1(20KB) LOS objects, 28% free, 41MB/57MB, paused 1.097ms total 44.113ms
08-06 05:22:07.098 22687 22699 I art     : Starting a blocking GC Explicit
08-06 05:22:07.140 22687 22699 I art     : Explicit concurrent mark sweep GC freed 28(1040B) AllocSpace objects, 0(0B) LOS objects, 28% free, 40MB/56MB, paused 1.105ms total 41.689ms
08-06 05:22:07.151 22687 22699 I art     : Starting a blocking GC Explicit
08-06 05:22:07.190 22687 22699 I art     : Explicit concurrent mark sweep GC freed 74(5KB) AllocSpace objects, 0(0B) LOS objects, 28% free, 40MB/56MB, paused 988us total 38.929ms
08-06 05:22:07.201 22687 22699 I art     : Starting a blocking GC Explicit
08-06 05:22:07.242 22687 22699 I art     : Explicit concurrent mark sweep GC freed 6(288B) AllocSpace objects, 0(0B) LOS objects, 28% free, 40MB/56MB, paused 1.131ms total 41.168ms
08-06 05:22:07.253 22687 22699 I art     : Starting a blocking GC Explicit
08-06 05:22:07.295 22687 22699 I art     : Explicit concurrent mark sweep GC freed 3(96B) AllocSpace objects, 0(0B) LOS objects, 28% free, 40MB/56MB, paused 1.201ms total 41.705ms
08-06 05:22:07.547 32032 32032 D AndroidRuntime: >>>>>> START com.android.internal.os.RuntimeInit uid 2000 <<<<<<
08-06 05:22:07.552 32032 32032 D AndroidRuntime: CheckJNI is OFF
08-06 05:22:07.584 32032 32032 D ICU     : No timezone override file found: /data/misc/zoneinfo/current/icu/icu_tzdata.dat
08-06 05:22:07.602 22687 31104 E baseline.com.newsblur.network.APIResponse: Error (unexpected end of stream on https://www.newsblur.com/...) calling https://www.newsblur.com/reader/mark_story_hashes_as_read/
08-06 05:22:07.602 22687 31104 E baseline.com.newsblur.network.APIResponse: java.io.IOException: unexpected end of stream on https://www.newsblur.com/...
08-06 05:22:07.602 22687 31104 E baseline.com.newsblur.network.APIResponse: 	at okhttp3.internal.http1.Http1ExchangeCodec.readResponseHeaders(Http1ExchangeCodec.java:236)
08-06 05:22:07.602 22687 31104 E baseline.com.newsblur.network.APIResponse: 	at okhttp3.internal.connection.Exchange.readResponseHeaders(Exchange.java:115)
08-06 05:22:07.602 22687 31104 E baseline.com.newsblur.network.APIResponse: 	at okhttp3.internal.http.CallServerInterceptor.intercept(CallServerInterceptor.java:94)
08-06 05:22:07.602 22687 31104 E baseline.com.newsblur.network.APIResponse: 	at okhttp3.internal.http.RealInterceptorChain.proceed(RealInterceptorChain.java:142)
08-06 05:22:07.602 22687 31104 E baseline.com.newsblur.network.APIResponse: 	at okhttp3.internal.connection.ConnectInterceptor.intercept(ConnectInterceptor.java:43)
08-06 05:22:07.602 22687 31104 E baseline.com.newsblur.network.APIResponse: 	at okhttp3.internal.http.RealInterceptorChain.proceed(RealInterceptorChain.java:142)
08-06 05:22:07.602 22687 31104 E baseline.com.newsblur.network.APIResponse: 	at okhttp3.internal.http.RealInterceptorChain.proceed(RealInterceptorChain.java:117)
08-06 05:22:07.602 22687 31104 E baseline.com.newsblur.network.APIResponse: 	at okhttp3.internal.cache.CacheInterceptor.intercept(CacheInterceptor.java:94)
08-06 05:22:07.602 22687 31104 E baseline.com.newsblur.network.APIResponse: 	at okhttp3.internal.http.RealInterceptorChain.proceed(RealInterceptorChain.java:142)
08-06 05:22:07.602 22687 31104 E baseline.com.newsblur.network.APIResponse: 	at okhttp3.internal.http.RealInterceptorChain.proceed(RealInterceptorChain.java:117)
08-06 05:22:07.602 22687 31104 E baseline.com.newsblur.network.APIResponse: 	at okhttp3.internal.http.BridgeInterceptor.intercept(BridgeInterceptor.java:93)
08-06 05:22:07.602 22687 31104 E baseline.com.newsblur.network.APIResponse: 	at okhttp3.internal.http.RealInterceptorChain.proceed(RealInterceptorChain.java:142)
08-06 05:22:07.602 22687 31104 E baseline.com.newsblur.network.APIResponse: 	at okhttp3.internal.http.RetryAndFollowUpInterceptor.intercept(RetryAndFollowUpInterceptor.java:88)
08-06 05:22:07.602 22687 31104 E baseline.com.newsblur.network.APIResponse: 	at okhttp3.internal.http.RealInterceptorChain.proceed(RealInterceptorChain.java:142)
08-06 05:22:07.602 22687 31104 E baseline.com.newsblur.network.APIResponse: 	at okhttp3.internal.http.RealInterceptorChain.proceed(RealInterceptorChain.java:117)
08-06 05:22:07.602 22687 31104 E baseline.com.newsblur.network.APIResponse: 	at okhttp3.RealCall.getResponseWithInterceptorChain(RealCall.java:229)
08-06 05:22:07.602 22687 31104 E baseline.com.newsblur.network.APIResponse: 	at okhttp3.RealCall.execute(RealCall.java:81)
08-06 05:22:07.602 22687 31104 E baseline.com.newsblur.network.APIResponse: 	at baseline.com.newsblur.network.APIResponse.<init>(APIResponse.java:57)
08-06 05:22:07.602 22687 31104 E baseline.com.newsblur.network.APIResponse: 	at baseline.com.newsblur.network.APIResponse.<init>(APIResponse.java:43)
08-06 05:22:07.602 22687 31104 E baseline.com.newsblur.network.APIResponse: 	at baseline.com.newsblur.network.APIManager.post_single(APIManager.java:702)
08-06 05:22:07.602 22687 31104 E baseline.com.newsblur.network.APIResponse: 	at baseline.com.newsblur.network.APIManager.post(APIManager.java:675)
08-06 05:22:07.602 22687 31104 E baseline.com.newsblur.network.APIResponse: 	at baseline.com.newsblur.network.APIManager.post(APIManager.java:714)
08-06 05:22:07.602 22687 31104 E baseline.com.newsblur.network.APIResponse: 	at baseline.com.newsblur.network.APIManager.markStoryAsRead(APIManager.java:205)
08-06 05:22:07.602 22687 31104 E baseline.com.newsblur.network.APIResponse: 	at baseline.com.newsblur.util.ReadingAction.doRemote(ReadingAction.java:281)
08-06 05:22:07.602 22687 31104 E baseline.com.newsblur.network.APIResponse: 	at baseline.com.newsblur.service.NBSyncService.syncActions(NBSyncService.java:400)
08-06 05:22:07.602 22687 31104 E baseline.com.newsblur.network.APIResponse: 	at baseline.com.newsblur.service.NBSyncService.doSync(NBSyncService.java:298)
08-06 05:22:07.602 22687 31104 E baseline.com.newsblur.network.APIResponse: 	at baseline.com.newsblur.service.NBSyncService.access$100(NBSyncService.java:67)
08-06 05:22:07.602 22687 31104 E baseline.com.newsblur.network.APIResponse: 	at baseline.com.newsblur.service.NBSyncService$1.run(NBSyncService.java:188)
08-06 05:22:07.602 22687 31104 E baseline.com.newsblur.network.APIResponse: 	at java.util.concurrent.ThreadPoolExecutor.runWorker(ThreadPoolExecutor.java:1113)
08-06 05:22:07.602 22687 31104 E baseline.com.newsblur.network.APIResponse: 	at java.util.concurrent.ThreadPoolExecutor$Worker.run(ThreadPoolExecutor.java:588)
08-06 05:22:07.602 22687 31104 E baseline.com.newsblur.network.APIResponse: 	at java.lang.Thread.run(Thread.java:818)
08-06 05:22:07.602 22687 31104 E baseline.com.newsblur.network.APIResponse: Caused by: java.io.EOFException: \n not found: limit=0 content=
08-06 05:22:07.602 22687 31104 E baseline.com.newsblur.network.APIResponse: 	at okio.RealBufferedSource.readUtf8LineStrict(RealBufferedSource.java:240)
08-06 05:22:07.602 22687 31104 E baseline.com.newsblur.network.APIResponse: 	at okhttp3.internal.http1.Http1ExchangeCodec.readHeaderLine(Http1ExchangeCodec.java:242)
08-06 05:22:07.602 22687 31104 E baseline.com.newsblur.network.APIResponse: 	at okhttp3.internal.http1.Http1ExchangeCodec.readResponseHeaders(Http1ExchangeCodec.java:213)
08-06 05:22:07.602 22687 31104 E baseline.com.newsblur.network.APIResponse: 	... 30 more
08-06 05:22:07.603 22687 31104 I baseline.com.newsblur.network.APIManager: API call failed, pausing before retry number 2
08-06 05:22:07.616 32032 32032 I Radio-JNI: register_android_hardware_Radio DONE
08-06 05:22:07.638 32032 32032 D AndroidRuntime: Calling main entry com.android.commands.input.Input
08-06 05:22:07.639 32032 32032 I Input   : injectKeyEvent: KeyEvent { action=ACTION_DOWN, keyCode=KEYCODE_BACK, scanCode=0, metaState=0, flags=0x0, repeatCount=0, eventTime=854544052, downTime=854544052, deviceId=-1, source=0x101 }
08-06 05:22:07.644 32032 32032 I Input   : injectKeyEvent: KeyEvent { action=ACTION_UP, keyCode=KEYCODE_BACK, scanCode=0, metaState=0, flags=0x0, repeatCount=0, eventTime=854544052, downTime=854544052, deviceId=-1, source=0x101 }
08-06 05:22:07.644 22687 30790 I art     : Starting a blocking GC Explicit
08-06 05:22:07.649 32032 32032 D AndroidRuntime: Shutting down VM
08-06 05:22:07.658 22687 22687 D baseline.com.newsblur.service.NBSyncService: rejecting request for feedset that is exhaused
08-06 05:22:07.687 22687 30790 I art     : Explicit concurrent mark sweep GC freed 4171(396KB) AllocSpace objects, 5(100KB) LOS objects, 28% free, 41MB/57MB, paused 1.103ms total 42.482ms
08-06 05:22:07.699 22687 30790 I art     : Starting a blocking GC Explicit
08-06 05:22:07.738 22687 30790 I art     : Explicit concurrent mark sweep GC freed 162(6KB) AllocSpace objects, 0(0B) LOS objects, 28% free, 41MB/57MB, paused 1.134ms total 39.707ms
08-06 05:22:07.749 22687 30790 I art     : Starting a blocking GC Explicit
08-06 05:22:07.788 22687 22687 D baseline.com.newsblur.service.NBSyncService: rejecting request for feedset that is exhaused
08-06 05:22:07.789 13866 13866 I GoogleInputMethodServic: GoogleInputMethodService.onFinishInput():3138 
08-06 05:22:07.790 13866 13866 I GoogleInputMethodServic: GoogleInputMethodService.onStartInput():1808 
08-06 05:22:07.792 22687 30790 I art     : Explicit concurrent mark sweep GC freed 729(67KB) AllocSpace objects, 2(40KB) LOS objects, 28% free, 41MB/57MB, paused 1.636ms total 42.591ms
08-06 05:22:07.805 22687 30790 I art     : Starting a blocking GC Explicit
08-06 05:22:07.847 22687 30790 I art     : Explicit concurrent mark sweep GC freed 490(37KB) AllocSpace objects, 0(0B) LOS objects, 28% free, 41MB/57MB, paused 1.326ms total 41.722ms
08-06 05:22:07.859 22687 30790 I art     : Starting a blocking GC Explicit
08-06 05:22:07.897 22687 30790 I art     : Explicit concurrent mark sweep GC freed 474(38KB) AllocSpace objects, 0(0B) LOS objects, 28% free, 40MB/56MB, paused 1.088ms total 38.080ms
08-06 05:22:08.218 22687 30790 I art     : Starting a blocking GC Explicit
08-06 05:22:08.263 22687 30790 I art     : Explicit concurrent mark sweep GC freed 2683(142KB) AllocSpace objects, 2(48KB) LOS objects, 28% free, 40MB/56MB, paused 1.041ms total 44.538ms
08-06 05:22:08.275 22687 30790 I art     : Starting a blocking GC Explicit
08-06 05:22:08.324 22687 30790 I art     : Explicit concurrent mark sweep GC freed 157(7KB) AllocSpace objects, 0(0B) LOS objects, 28% free, 40MB/56MB, paused 1.140ms total 48.355ms
08-06 05:22:08.336 22687 30790 I art     : Starting a blocking GC Explicit
08-06 05:22:08.382 22687 30790 I art     : Explicit concurrent mark sweep GC freed 11(352B) AllocSpace objects, 0(0B) LOS objects, 28% free, 40MB/56MB, paused 1.026ms total 45.789ms
08-06 05:22:08.395 22687 30790 I art     : Starting a blocking GC Explicit
08-06 05:22:08.442 22687 30790 I art     : Explicit concurrent mark sweep GC freed 10(320B) AllocSpace objects, 0(0B) LOS objects, 28% free, 40MB/56MB, paused 1.135ms total 46.960ms
08-06 05:22:08.455 22687 30790 I art     : Starting a blocking GC Explicit
08-06 05:22:08.502 22687 30790 I art     : Explicit concurrent mark sweep GC freed 10(320B) AllocSpace objects, 0(0B) LOS objects, 28% free, 40MB/56MB, paused 1.223ms total 46.678ms
08-06 05:22:08.574 24405 24407 E QC-QMI  : qmi_client [24405] 5e8: failed to locate client data
08-06 05:22:08.575   519   519 E QC-QMI  : qmuxd: RX on fd=18 returned error=0 errno[2:No such file or directory]
08-06 05:22:08.575   519   519 E QC-QMI  : QMUX qmux_client_id=5e8 not found in qmux client list, unable to remove
08-06 05:22:08.576 24405 24405 I Atfwd_Daemon: Stop the daemon....
08-06 05:22:08.589 32067 32067 W ATFWD-daemon: type=1400 audit(0.0:740025): avc: denied { read write } for name="diag" dev="tmpfs" ino=1296 scontext=u:r:atfwd:s0 tcontext=u:object_r:diag_device:s0 tclass=chr_file permissive=0
08-06 05:22:08.604 32067 32067 I libmdmdetect: ESOC framework not supported
08-06 05:22:08.605 32067 32067 I libmdmdetect: Found internal modem: modem
08-06 05:22:08.605 32067 32067 E Diag_Lib:  Diag_LSM_Init: Failed to open handle to diag driver, error = 13
08-06 05:22:08.609 32067 32067 I Atfwd_Daemon: result : 255 	 ,Init step :0 	 ,qmiErrorCode: 0
08-06 05:22:08.609 32067 32067 I Atfwd_Daemon: result : 0 	 ,Init step :1 	 ,qmiErrorCode: 0
08-06 05:22:08.609 32067 32067 I ServiceManager: Waiting for service AtCmdFwd...
08-06 05:22:08.846 22687 30447 I art     : Starting a blocking GC Explicit
08-06 05:22:08.899 22687 30447 I art     : Explicit concurrent mark sweep GC freed 1492(84KB) AllocSpace objects, 1(20KB) LOS objects, 28% free, 40MB/56MB, paused 1.364ms total 52.460ms
08-06 05:22:08.914 22687 30447 I art     : Starting a blocking GC Explicit
08-06 05:22:08.955 22687 30447 I art     : Explicit concurrent mark sweep GC freed 28(976B) AllocSpace objects, 0(0B) LOS objects, 28% free, 40MB/56MB, paused 1.055ms total 40.790ms
08-06 05:22:08.965 22687 30447 I art     : Starting a blocking GC Explicit
08-06 05:22:09.005 22687 30447 I art     : Explicit concurrent mark sweep GC freed 9(288B) AllocSpace objects, 0(0B) LOS objects, 28% free, 40MB/56MB, paused 1.071ms total 40.585ms
08-06 05:22:09.016 22687 30447 I art     : Starting a blocking GC Explicit
08-06 05:22:09.056 22687 30447 I art     : Explicit concurrent mark sweep GC freed 9(288B) AllocSpace objects, 0(0B) LOS objects, 28% free, 40MB/56MB, paused 1.122ms total 40.252ms
08-06 05:22:09.068 22687 30447 I art     : Starting a blocking GC Explicit
08-06 05:22:09.112 22687 30447 I art     : Explicit concurrent mark sweep GC freed 9(288B) AllocSpace objects, 0(0B) LOS objects, 28% free, 40MB/56MB, paused 1.148ms total 44.131ms
08-06 05:22:09.253   518   646 I ThermalEngine: ACTION: GPU - Setting GPU[0] to 450000000
08-06 05:22:09.302 32081 32081 D AndroidRuntime: >>>>>> START com.android.internal.os.RuntimeInit uid 2000 <<<<<<
08-06 05:22:09.308 32081 32081 D AndroidRuntime: CheckJNI is OFF
08-06 05:22:09.349 32081 32081 D ICU     : No timezone override file found: /data/misc/zoneinfo/current/icu/icu_tzdata.dat
08-06 05:22:09.390 32081 32081 I Radio-JNI: register_android_hardware_Radio DONE
08-06 05:22:09.420 32081 32081 D AndroidRuntime: Calling main entry com.android.commands.input.Input
08-06 05:22:09.421 32081 32081 I Input   : injectMotionEvent: MotionEvent { action=ACTION_DOWN, actionButton=0, id[0]=0, x[0]=435.0, y[0]=858.0, toolType[0]=TOOL_TYPE_UNKNOWN, buttonState=0, metaState=0, flags=0x0, edgeFlags=0x0, pointerCount=1, historySize=0, eventTime=854545834, downTime=854545834, deviceId=0, source=0x1002 }
08-06 05:22:09.426 32081 32081 I Input   : injectMotionEvent: MotionEvent { action=ACTION_UP, actionButton=0, id[0]=0, x[0]=435.0, y[0]=858.0, toolType[0]=TOOL_TYPE_UNKNOWN, buttonState=0, metaState=0, flags=0x0, edgeFlags=0x0, pointerCount=1, historySize=0, eventTime=854545834, downTime=854545834, deviceId=0, source=0x1002 }
08-06 05:22:09.428 32081 32081 D AndroidRuntime: Shutting down VM
08-06 05:22:09.434   512  2967 D audio_hw_primary: out_set_parameters: enter: usecase(1: low-latency-playback) kvpairs: routing=2
08-06 05:22:09.438   918  6110 I ActivityManager: START u0 {cmp=baseline.com.newsblur/.activity.AllSharedStoriesReading (has extras)} from uid 10698 on display 0
08-06 05:22:09.447   512  2967 D audio_hw_primary: select_devices: out_snd_device(2: speaker) in_snd_device(0: none)
08-06 05:22:09.448   512  2967 D msm8974_platform: platform_send_audio_calibration: sending audio calibration for snd_device(2) acdb_id(15)
08-06 05:22:09.448   512  2967 I soundtrigger: audio_extn_sound_trigger_update_device_status: device 0x2 of type 0 for Event 1
08-06 05:22:09.459   512  2967 D audio_hw_primary: enable_snd_device: snd_device(2: speaker)
08-06 05:22:09.461   512  2967 D audio_hw_primary: enable_audio_route: apply and update mixer path: low-latency-playback speaker
08-06 05:22:09.505 22687 30790 I art     : Starting a blocking GC Explicit
08-06 05:22:09.560 22687 30790 I art     : Explicit concurrent mark sweep GC freed 2930(229KB) AllocSpace objects, 5(528KB) LOS objects, 28% free, 41MB/57MB, paused 1.604ms total 54.453ms
08-06 05:22:09.574 22687 30790 I art     : Starting a blocking GC Explicit
08-06 05:22:09.610 32067 32067 I ServiceManager: Waiting for service AtCmdFwd...
08-06 05:22:09.629 22687 30790 I art     : Explicit concurrent mark sweep GC freed 364(25KB) AllocSpace objects, 0(0B) LOS objects, 28% free, 41MB/57MB, paused 1.853ms total 54.914ms
08-06 05:22:09.644 22687 30790 I art     : Starting a blocking GC Explicit
08-06 05:22:09.696 22687 30790 I art     : Explicit concurrent mark sweep GC freed 153(23KB) AllocSpace objects, 2(40KB) LOS objects, 28% free, 41MB/57MB, paused 2.041ms total 51.533ms
08-06 05:22:09.711 22687 30790 I art     : Starting a blocking GC Explicit
08-06 05:22:09.724   918   936 I ActivityManager: Displayed baseline.com.newsblur/.activity.AllSharedStoriesReading: +277ms
08-06 05:22:09.724 13866 13866 I GoogleInputMethodServic: GoogleInputMethodService.onFinishInput():3138 
08-06 05:22:09.724 13866 13866 I GoogleInputMethodServic: GoogleInputMethodService.onStartInput():1808 
08-06 05:22:09.765 22687 30790 I art     : Explicit concurrent mark sweep GC freed 1208(82KB) AllocSpace objects, 1(20KB) LOS objects, 27% free, 41MB/57MB, paused 1.972ms total 53.148ms
08-06 05:22:09.780 22687 30790 I art     : Starting a blocking GC Explicit
08-06 05:22:09.838 22687 30790 I art     : Explicit concurrent mark sweep GC freed 1868(122KB) AllocSpace objects, 2(40KB) LOS objects, 27% free, 41MB/57MB, paused 2.363ms total 57.482ms
08-06 05:22:09.999   512  2967 D audio_hw_primary: disable_audio_route: reset and update mixer path: low-latency-playback speaker
08-06 05:22:10.000   512  2967 D audio_hw_primary: disable_snd_device: snd_device(2: speaker)
08-06 05:22:10.008   512  2967 I soundtrigger: audio_extn_sound_trigger_update_device_status: device 0x2 of type 0 for Event 0
08-06 05:22:10.019 22687 30794 E chromium: [ERROR:tile_manager.cc(793)] WARNING: tile memory limits exceeded, some content may not draw
08-06 05:22:10.019 22687 30794 E chromium: [ERROR:tile_manager.cc(793)] WARNING: tile memory limits exceeded, some content may not draw
08-06 05:22:10.209 22687 22698 I art     : Starting a blocking GC Explicit
08-06 05:22:10.273 22687 22698 I art     : Explicit concurrent mark sweep GC freed 3198(272KB) AllocSpace objects, 12(284KB) LOS objects, 27% free, 41MB/57MB, paused 1.619ms total 62.577ms
08-06 05:22:10.289 22687 22698 I art     : Starting a blocking GC Explicit
08-06 05:22:10.345 22687 22698 I art     : Explicit concurrent mark sweep GC freed 192(9KB) AllocSpace objects, 0(0B) LOS objects, 27% free, 41MB/57MB, paused 1.508ms total 55.705ms
08-06 05:22:10.359 22687 22698 I art     : Starting a blocking GC Explicit
08-06 05:22:10.415 22687 22698 I art     : Explicit concurrent mark sweep GC freed 3(96B) AllocSpace objects, 0(0B) LOS objects, 27% free, 41MB/57MB, paused 1.523ms total 56.220ms
08-06 05:22:10.430 22687 22698 I art     : Starting a blocking GC Explicit
08-06 05:22:10.486 22687 22698 I art     : Explicit concurrent mark sweep GC freed 3(96B) AllocSpace objects, 0(0B) LOS objects, 27% free, 41MB/57MB, paused 1.542ms total 55.866ms
08-06 05:22:10.500 22687 22698 I art     : Starting a blocking GC Explicit
08-06 05:22:10.557 22687 22698 I art     : Explicit concurrent mark sweep GC freed 3(96B) AllocSpace objects, 0(0B) LOS objects, 27% free, 41MB/57MB, paused 1.524ms total 56.635ms
08-06 05:22:10.611 32067 32067 I ServiceManager: Waiting for service AtCmdFwd...
08-06 05:22:10.939 22687 30790 I art     : Starting a blocking GC Explicit
08-06 05:22:10.999 22687 30790 I art     : Explicit concurrent mark sweep GC freed 1611(91KB) AllocSpace objects, 1(20KB) LOS objects, 27% free, 41MB/57MB, paused 1.610ms total 59.491ms
08-06 05:22:11.013 22687 30790 I art     : Starting a blocking GC Explicit
08-06 05:22:11.035 22687 30794 E chromium: [ERROR:tile_manager.cc(793)] WARNING: tile memory limits exceeded, some content may not draw
08-06 05:22:11.036 22687 30794 E chromium: [ERROR:tile_manager.cc(793)] WARNING: tile memory limits exceeded, some content may not draw
08-06 05:22:11.052 22687 30794 E chromium: [ERROR:tile_manager.cc(793)] WARNING: tile memory limits exceeded, some content may not draw
08-06 05:22:11.052 22687 30794 E chromium: [ERROR:tile_manager.cc(793)] WARNING: tile memory limits exceeded, some content may not draw
08-06 05:22:11.070 22687 30794 E chromium: [ERROR:tile_manager.cc(793)] WARNING: tile memory limits exceeded, some content may not draw
08-06 05:22:11.071 22687 30794 E chromium: [ERROR:tile_manager.cc(793)] WARNING: tile memory limits exceeded, some content may not draw
08-06 05:22:11.073 22687 30790 I art     : Explicit concurrent mark sweep GC freed 71(2432B) AllocSpace objects, 0(0B) LOS objects, 27% free, 41MB/57MB, paused 1.665ms total 59.406ms
08-06 05:22:11.088 22687 30790 I art     : Starting a blocking GC Explicit
08-06 05:22:11.140 22687 30790 I art     : Explicit concurrent mark sweep GC freed 393(17KB) AllocSpace objects, 0(0B) LOS objects, 27% free, 41MB/57MB, paused 1.644ms total 52.069ms
08-06 05:22:11.155 22687 30790 I art     : Starting a blocking GC Explicit
08-06 05:22:11.190 22687 31104 E baseline.com.newsblur.network.APIResponse: Error (unexpected end of stream on https://www.newsblur.com/...) calling https://www.newsblur.com/reader/mark_story_hashes_as_read/
08-06 05:22:11.190 22687 31104 E baseline.com.newsblur.network.APIResponse: java.io.IOException: unexpected end of stream on https://www.newsblur.com/...
08-06 05:22:11.190 22687 31104 E baseline.com.newsblur.network.APIResponse: 	at okhttp3.internal.http1.Http1ExchangeCodec.readResponseHeaders(Http1ExchangeCodec.java:236)
08-06 05:22:11.190 22687 31104 E baseline.com.newsblur.network.APIResponse: 	at okhttp3.internal.connection.Exchange.readResponseHeaders(Exchange.java:115)
08-06 05:22:11.190 22687 31104 E baseline.com.newsblur.network.APIResponse: 	at okhttp3.internal.http.CallServerInterceptor.intercept(CallServerInterceptor.java:94)
08-06 05:22:11.190 22687 31104 E baseline.com.newsblur.network.APIResponse: 	at okhttp3.internal.http.RealInterceptorChain.proceed(RealInterceptorChain.java:142)
08-06 05:22:11.190 22687 31104 E baseline.com.newsblur.network.APIResponse: 	at okhttp3.internal.connection.ConnectInterceptor.intercept(ConnectInterceptor.java:43)
08-06 05:22:11.190 22687 31104 E baseline.com.newsblur.network.APIResponse: 	at okhttp3.internal.http.RealInterceptorChain.proceed(RealInterceptorChain.java:142)
08-06 05:22:11.190 22687 31104 E baseline.com.newsblur.network.APIResponse: 	at okhttp3.internal.http.RealInterceptorChain.proceed(RealInterceptorChain.java:117)
08-06 05:22:11.190 22687 31104 E baseline.com.newsblur.network.APIResponse: 	at okhttp3.internal.cache.CacheInterceptor.intercept(CacheInterceptor.java:94)
08-06 05:22:11.190 22687 31104 E baseline.com.newsblur.network.APIResponse: 	at okhttp3.internal.http.RealInterceptorChain.proceed(RealInterceptorChain.java:142)
08-06 05:22:11.190 22687 31104 E baseline.com.newsblur.network.APIResponse: 	at okhttp3.internal.http.RealInterceptorChain.proceed(RealInterceptorChain.java:117)
08-06 05:22:11.190 22687 31104 E baseline.com.newsblur.network.APIResponse: 	at okhttp3.internal.http.BridgeInterceptor.intercept(BridgeInterceptor.java:93)
08-06 05:22:11.190 22687 31104 E baseline.com.newsblur.network.APIResponse: 	at okhttp3.internal.http.RealInterceptorChain.proceed(RealInterceptorChain.java:142)
08-06 05:22:11.190 22687 31104 E baseline.com.newsblur.network.APIResponse: 	at okhttp3.internal.http.RetryAndFollowUpInterceptor.intercept(RetryAndFollowUpInterceptor.java:88)
08-06 05:22:11.190 22687 31104 E baseline.com.newsblur.network.APIResponse: 	at okhttp3.internal.http.RealInterceptorChain.proceed(RealInterceptorChain.java:142)
08-06 05:22:11.190 22687 31104 E baseline.com.newsblur.network.APIResponse: 	at okhttp3.internal.http.RealInterceptorChain.proceed(RealInterceptorChain.java:117)
08-06 05:22:11.190 22687 31104 E baseline.com.newsblur.network.APIResponse: 	at okhttp3.RealCall.getResponseWithInterceptorChain(RealCall.java:229)
08-06 05:22:11.190 22687 31104 E baseline.com.newsblur.network.APIResponse: 	at okhttp3.RealCall.execute(RealCall.java:81)
08-06 05:22:11.190 22687 31104 E baseline.com.newsblur.network.APIResponse: 	at baseline.com.newsblur.network.APIResponse.<init>(APIResponse.java:57)
08-06 05:22:11.190 22687 31104 E baseline.com.newsblur.network.APIResponse: 	at baseline.com.newsblur.network.APIResponse.<init>(APIResponse.java:43)
08-06 05:22:11.190 22687 31104 E baseline.com.newsblur.network.APIResponse: 	at baseline.com.newsblur.network.APIManager.post_single(APIManager.java:702)
08-06 05:22:11.190 22687 31104 E baseline.com.newsblur.network.APIResponse: 	at baseline.com.newsblur.network.APIManager.post(APIManager.java:675)
08-06 05:22:11.190 22687 31104 E baseline.com.newsblur.network.APIResponse: 	at baseline.com.newsblur.network.APIManager.post(APIManager.java:714)
08-06 05:22:11.190 22687 31104 E baseline.com.newsblur.network.APIResponse: 	at baseline.com.newsblur.network.APIManager.markStoryAsRead(APIManager.java:205)
08-06 05:22:11.190 22687 31104 E baseline.com.newsblur.network.APIResponse: 	at baseline.com.newsblur.util.ReadingAction.doRemote(ReadingAction.java:281)
08-06 05:22:11.190 22687 31104 E baseline.com.newsblur.network.APIResponse: 	at baseline.com.newsblur.service.NBSyncService.syncActions(NBSyncService.java:400)
08-06 05:22:11.190 22687 31104 E baseline.com.newsblur.network.APIResponse: 	at baseline.com.newsblur.service.NBSyncService.doSync(NBSyncService.java:298)
08-06 05:22:11.190 22687 31104 E baseline.com.newsblur.network.APIResponse: 	at baseline.com.newsblur.service.NBSyncService.access$100(NBSyncService.java:67)
08-06 05:22:11.190 22687 31104 E baseline.com.newsblur.network.APIResponse: 	at baseline.com.newsblur.service.NBSyncService$1.run(NBSyncService.java:188)
08-06 05:22:11.190 22687 31104 E baseline.com.newsblur.network.APIResponse: 	at java.util.concurrent.ThreadPoolExecutor.runWorker(ThreadPoolExecutor.java:1113)
08-06 05:22:11.190 22687 31104 E baseline.com.newsblur.network.APIResponse: 	at java.util.concurrent.ThreadPoolExecutor$Worker.run(ThreadPoolExecutor.java:588)
08-06 05:22:11.190 22687 31104 E baseline.com.newsblur.network.APIResponse: 	at java.lang.Thread.run(Thread.java:818)
08-06 05:22:11.190 22687 31104 E baseline.com.newsblur.network.APIResponse: Caused by: java.io.EOFException: \n not found: limit=0 content=
08-06 05:22:11.190 22687 31104 E baseline.com.newsblur.network.APIResponse: 	at okio.RealBufferedSource.readUtf8LineStrict(RealBufferedSource.java:240)
08-06 05:22:11.190 22687 31104 E baseline.com.newsblur.network.APIResponse: 	at okhttp3.internal.http1.Http1ExchangeCodec.readHeaderLine(Http1ExchangeCodec.java:242)
08-06 05:22:11.190 22687 31104 E baseline.com.newsblur.network.APIResponse: 	at okhttp3.internal.http1.Http1ExchangeCodec.readResponseHeaders(Http1ExchangeCodec.java:213)
08-06 05:22:11.190 22687 31104 E baseline.com.newsblur.network.APIResponse: 	... 30 more
08-06 05:22:11.192 22687 31104 I baseline.com.newsblur.service.NBSyncService: Holding reading action with server-side or network error.
08-06 05:22:11.206 22687 31104 W baseline.com.newsblur.service.NBSyncService: hard API failure
08-06 05:22:11.208 22687 30790 I art     : Explicit concurrent mark sweep GC freed 2116(244KB) AllocSpace objects, 2(40KB) LOS objects, 27% free, 41MB/57MB, paused 1.421ms total 52.531ms
08-06 05:22:11.223 22687 30790 I art     : Starting a blocking GC Explicit
08-06 05:22:11.276 22687 30790 I art     : Explicit concurrent mark sweep GC freed 1146(222KB) AllocSpace objects, 14(280KB) LOS objects, 27% free, 41MB/57MB, paused 1.347ms total 52.319ms
08-06 05:22:11.611 32067 32067 I ServiceManager: Waiting for service AtCmdFwd...
08-06 05:22:11.680 22687 30790 I art     : Starting a blocking GC Explicit
08-06 05:22:11.745 22687 30790 I art     : Explicit concurrent mark sweep GC freed 1580(99KB) AllocSpace objects, 1(20KB) LOS objects, 27% free, 41MB/57MB, paused 1.478ms total 64.731ms
08-06 05:22:11.760 22687 30790 I art     : Starting a blocking GC Explicit
08-06 05:22:11.823 22687 30790 I art     : Explicit concurrent mark sweep GC freed 521(18KB) AllocSpace objects, 0(0B) LOS objects, 27% free, 41MB/57MB, paused 1.521ms total 62.199ms
08-06 05:22:11.838 22687 30790 I art     : Starting a blocking GC Explicit
08-06 05:22:11.902 22687 30790 I art     : Explicit concurrent mark sweep GC freed 3(96B) AllocSpace objects, 0(0B) LOS objects, 27% free, 41MB/57MB, paused 1.515ms total 63.892ms
08-06 05:22:11.919 22687 30790 I art     : Starting a blocking GC Explicit
08-06 05:22:11.981 22687 30790 I art     : Explicit concurrent mark sweep GC freed 3(96B) AllocSpace objects, 0(0B) LOS objects, 27% free, 41MB/57MB, paused 1.507ms total 61.720ms
08-06 05:22:11.996 22687 30790 I art     : Starting a blocking GC Explicit
08-06 05:22:12.058 22687 30790 I art     : Explicit concurrent mark sweep GC freed 3(96B) AllocSpace objects, 0(0B) LOS objects, 27% free, 41MB/57MB, paused 1.436ms total 61.196ms
08-06 05:22:12.450 22687 30447 I art     : Starting a blocking GC Explicit
08-06 05:22:12.516 22687 30447 I art     : Explicit concurrent mark sweep GC freed 1406(81KB) AllocSpace objects, 1(20KB) LOS objects, 27% free, 41MB/57MB, paused 1.481ms total 64.926ms
08-06 05:22:12.532 22687 30447 I art     : Starting a blocking GC Explicit
08-06 05:22:12.591 22687 30447 I art     : Explicit concurrent mark sweep GC freed 20(704B) AllocSpace objects, 0(0B) LOS objects, 27% free, 41MB/57MB, paused 1.381ms total 58.400ms
08-06 05:22:12.605 22687 30447 I art     : Starting a blocking GC Explicit
08-06 05:22:12.612 32067 32067 I ServiceManager: Waiting for service AtCmdFwd...
08-06 05:22:12.668 22687 30447 I art     : Explicit concurrent mark sweep GC freed 3(96B) AllocSpace objects, 0(0B) LOS objects, 27% free, 41MB/57MB, paused 1.553ms total 62.394ms
08-06 05:22:12.683 22687 30447 I art     : Starting a blocking GC Explicit
08-06 05:22:12.744 22687 30447 I art     : Explicit concurrent mark sweep GC freed 3(96B) AllocSpace objects, 0(0B) LOS objects, 27% free, 41MB/57MB, paused 1.434ms total 60.742ms
08-06 05:22:12.744 22687 22697 I art     : WaitForGcToComplete blocked for 56.230ms for cause HeapTrim
08-06 05:22:12.759 22687 30447 I art     : Starting a blocking GC Explicit
08-06 05:22:12.823 22687 30447 I art     : Explicit concurrent mark sweep GC freed 3(96B) AllocSpace objects, 0(0B) LOS objects, 27% free, 41MB/57MB, paused 1.591ms total 63.823ms
08-06 05:22:13.235 22687 22698 I art     : Starting a blocking GC Explicit
08-06 05:22:13.301 22687 22698 I art     : Explicit concurrent mark sweep GC freed 1405(81KB) AllocSpace objects, 1(20KB) LOS objects, 27% free, 41MB/57MB, paused 1.484ms total 65.330ms
08-06 05:22:13.318 22687 22698 I art     : Starting a blocking GC Explicit
08-06 05:22:13.379 22687 22698 I art     : Explicit concurrent mark sweep GC freed 20(704B) AllocSpace objects, 0(0B) LOS objects, 27% free, 41MB/57MB, paused 1.450ms total 60.760ms
08-06 05:22:13.394 22687 22698 I art     : Starting a blocking GC Explicit
08-06 05:22:13.459 22687 22698 I art     : Explicit concurrent mark sweep GC freed 3(96B) AllocSpace objects, 0(0B) LOS objects, 27% free, 41MB/57MB, paused 1.692ms total 64.782ms
08-06 05:22:13.477 22687 22698 I art     : Starting a blocking GC Explicit
08-06 05:22:13.536 22687 22698 I art     : Explicit concurrent mark sweep GC freed 3(96B) AllocSpace objects, 0(0B) LOS objects, 27% free, 41MB/57MB, paused 1.446ms total 58.622ms
08-06 05:22:13.551 22687 22698 I art     : Starting a blocking GC Explicit
08-06 05:22:13.612 32067 32067 W Atfwd_Sendcmd: AtCmdFwd service not published, waiting... retryCnt : 1
08-06 05:22:13.613 22687 22698 I art     : Explicit concurrent mark sweep GC freed 3(96B) AllocSpace objects, 0(0B) LOS objects, 27% free, 41MB/57MB, paused 1.385ms total 61.435ms
08-06 05:22:13.968 22687 22699 I art     : Starting a blocking GC Explicit
08-06 05:22:14.029 22687 22699 I art     : Explicit concurrent mark sweep GC freed 1406(81KB) AllocSpace objects, 1(20KB) LOS objects, 27% free, 41MB/57MB, paused 1.429ms total 60.714ms
08-06 05:22:14.044 22687 22699 I art     : Starting a blocking GC Explicit
08-06 05:22:14.103 22687 22699 I art     : Explicit concurrent mark sweep GC freed 20(704B) AllocSpace objects, 0(0B) LOS objects, 27% free, 41MB/57MB, paused 1.422ms total 58.596ms
08-06 05:22:14.117 22687 22699 I art     : Starting a blocking GC Explicit
08-06 05:22:14.176 22687 22699 I art     : Explicit concurrent mark sweep GC freed 3(96B) AllocSpace objects, 0(0B) LOS objects, 27% free, 41MB/57MB, paused 1.513ms total 58.701ms
08-06 05:22:14.191 22687 22699 I art     : Starting a blocking GC Explicit
08-06 05:22:14.242 32156 32156 D AndroidRuntime: >>>>>> START com.android.internal.os.RuntimeInit uid 2000 <<<<<<
08-06 05:22:14.248 32156 32156 D AndroidRuntime: CheckJNI is OFF
08-06 05:22:14.249 22687 22699 I art     : Explicit concurrent mark sweep GC freed 3(96B) AllocSpace objects, 0(0B) LOS objects, 27% free, 41MB/57MB, paused 1.558ms total 57.735ms
08-06 05:22:14.264 22687 22699 I art     : Starting a blocking GC Explicit
08-06 05:22:14.293 32156 32156 D ICU     : No timezone override file found: /data/misc/zoneinfo/current/icu/icu_tzdata.dat
08-06 05:22:14.321 22687 22699 I art     : Explicit concurrent mark sweep GC freed 3(96B) AllocSpace objects, 0(0B) LOS objects, 27% free, 41MB/57MB, paused 1.552ms total 57.346ms
08-06 05:22:14.342 32156 32156 I Radio-JNI: register_android_hardware_Radio DONE
08-06 05:22:14.370 32156 32156 D AndroidRuntime: Calling main entry com.android.commands.input.Input
08-06 05:22:14.372 32156 32156 I Input   : injectKeyEvent: KeyEvent { action=ACTION_DOWN, keyCode=KEYCODE_BACK, scanCode=0, metaState=0, flags=0x0, repeatCount=0, eventTime=854550785, downTime=854550785, deviceId=-1, source=0x101 }
08-06 05:22:14.379 32156 32156 I Input   : injectKeyEvent: KeyEvent { action=ACTION_UP, keyCode=KEYCODE_BACK, scanCode=0, metaState=0, flags=0x0, repeatCount=0, eventTime=854550785, downTime=854550785, deviceId=-1, source=0x101 }
08-06 05:22:14.386 32156 32156 D AndroidRuntime: Shutting down VM
08-06 05:22:14.396 22687 22687 D baseline.com.newsblur.service.NBSyncService: rejecting request for feedset that is exhaused
08-06 05:22:14.581 22687 22687 D baseline.com.newsblur.service.NBSyncService: rejecting request for feedset that is exhaused
08-06 05:22:14.643 13866 13866 I GoogleInputMethodServic: GoogleInputMethodService.onFinishInput():3138 
08-06 05:22:14.644 13866 13866 I GoogleInputMethodServic: GoogleInputMethodService.onStartInput():1808 
08-06 05:22:14.699 22687 22699 I art     : Starting a blocking GC Explicit
08-06 05:22:14.753 22687 22699 I art     : Explicit concurrent mark sweep GC freed 3189(257KB) AllocSpace objects, 6(128KB) LOS objects, 27% free, 41MB/57MB, paused 1.313ms total 53.404ms
08-06 05:22:14.769 22687 22699 I art     : Starting a blocking GC Explicit
08-06 05:22:14.835 22687 22699 I art     : Explicit concurrent mark sweep GC freed 171(8KB) AllocSpace objects, 0(0B) LOS objects, 27% free, 41MB/57MB, paused 1.388ms total 65.620ms
08-06 05:22:14.852 22687 22699 I art     : Starting a blocking GC Explicit
08-06 05:22:14.916 22687 22699 I art     : Explicit concurrent mark sweep GC freed 3(96B) AllocSpace objects, 0(0B) LOS objects, 27% free, 41MB/57MB, paused 1.380ms total 63.086ms
08-06 05:22:14.934 22687 22699 I art     : Starting a blocking GC Explicit
08-06 05:22:14.986 22687 22699 I art     : Explicit concurrent mark sweep GC freed 1612(77KB) AllocSpace objects, 0(0B) LOS objects, 27% free, 41MB/57MB, paused 1.273ms total 52.287ms
08-06 05:22:15.001 22687 22699 I art     : Starting a blocking GC Explicit
08-06 05:22:15.057 22687 22699 I art     : Explicit concurrent mark sweep GC freed 157(7KB) AllocSpace objects, 0(0B) LOS objects, 27% free, 41MB/57MB, paused 1.404ms total 56.013ms
08-06 05:22:15.459 22687 30790 I art     : Starting a blocking GC Explicit
08-06 05:22:15.527 22687 30790 I art     : Explicit concurrent mark sweep GC freed 1462(82KB) AllocSpace objects, 1(20KB) LOS objects, 27% free, 41MB/57MB, paused 1.748ms total 67.292ms
08-06 05:22:15.542 22687 30790 I art     : Starting a blocking GC Explicit
08-06 05:22:15.603 22687 30790 I art     : Explicit concurrent mark sweep GC freed 28(960B) AllocSpace objects, 0(0B) LOS objects, 27% free, 41MB/57MB, paused 1.299ms total 60.538ms
08-06 05:22:15.619 22687 30790 I art     : Starting a blocking GC Explicit
08-06 05:22:15.680 22687 30790 I art     : Explicit concurrent mark sweep GC freed 14(448B) AllocSpace objects, 0(0B) LOS objects, 27% free, 41MB/57MB, paused 1.550ms total 60.681ms
08-06 05:22:15.695 22687 30790 I art     : Starting a blocking GC Explicit
08-06 05:22:15.753 22687 30790 I art     : Explicit concurrent mark sweep GC freed 10(320B) AllocSpace objects, 0(0B) LOS objects, 27% free, 41MB/57MB, paused 1.361ms total 58.030ms
08-06 05:22:15.769 22687 30790 I art     : Starting a blocking GC Explicit
08-06 05:22:15.830 22687 30790 I art     : Explicit concurrent mark sweep GC freed 14(448B) AllocSpace objects, 0(0B) LOS objects, 27% free, 41MB/57MB, paused 1.611ms total 61.196ms
08-06 05:22:15.907   918  3261 D WifiStateMachine: starting scan for "H369AA63323"WPA_PSK with 2412,5180
08-06 05:22:16.159 32199 32199 D AndroidRuntime: >>>>>> START com.android.internal.os.RuntimeInit uid 2000 <<<<<<
08-06 05:22:16.165 32199 32199 D AndroidRuntime: CheckJNI is OFF
08-06 05:22:16.209 32199 32199 D ICU     : No timezone override file found: /data/misc/zoneinfo/current/icu/icu_tzdata.dat
08-06 05:22:16.241 22687 22699 I art     : Starting a blocking GC Explicit
08-06 05:22:16.256 32199 32199 I Radio-JNI: register_android_hardware_Radio DONE
08-06 05:22:16.286 32199 32199 D AndroidRuntime: Calling main entry com.android.commands.input.Input
08-06 05:22:16.288 32199 32199 I Input   : injectKeyEvent: KeyEvent { action=ACTION_DOWN, keyCode=KEYCODE_BACK, scanCode=0, metaState=0, flags=0x0, repeatCount=0, eventTime=854552700, downTime=854552700, deviceId=-1, source=0x101 }
08-06 05:22:16.294 32199 32199 I Input   : injectKeyEvent: KeyEvent { action=ACTION_UP, keyCode=KEYCODE_BACK, scanCode=0, metaState=0, flags=0x0, repeatCount=0, eventTime=854552700, downTime=854552700, deviceId=-1, source=0x101 }
08-06 05:22:16.301 32199 32199 D AndroidRuntime: Shutting down VM
08-06 05:22:16.302 22687 22699 I art     : Explicit concurrent mark sweep GC freed 1430(81KB) AllocSpace objects, 1(20KB) LOS objects, 27% free, 41MB/57MB, paused 1.574ms total 60.240ms
08-06 05:22:16.317 22687 22699 I art     : Starting a blocking GC Explicit
08-06 05:22:16.372 22687 22699 I art     : Explicit concurrent mark sweep GC freed 362(66KB) AllocSpace objects, 4(80KB) LOS objects, 27% free, 41MB/57MB, paused 1.498ms total 55.114ms
08-06 05:22:16.386 22687 22699 I art     : Starting a blocking GC Explicit
08-06 05:22:16.443 22687 22699 I art     : Explicit concurrent mark sweep GC freed 31(1248B) AllocSpace objects, 0(0B) LOS objects, 27% free, 41MB/57MB, paused 1.478ms total 56.584ms
08-06 05:22:16.457 22687 22699 I art     : Starting a blocking GC Explicit
08-06 05:22:16.514 22687 22699 I art     : Explicit concurrent mark sweep GC freed 3040(208KB) AllocSpace objects, 5(100KB) LOS objects, 27% free, 41MB/57MB, paused 1.876ms total 56.433ms
08-06 05:22:16.528 13866 13866 I GoogleInputMethodServic: GoogleInputMethodService.onFinishInput():3138 
08-06 05:22:16.529 13866 13866 I GoogleInputMethodServic: GoogleInputMethodService.onStartInput():1808 
08-06 05:22:16.529 22687 22699 I art     : Starting a blocking GC Explicit
08-06 05:22:16.587 22687 22699 I art     : Explicit concurrent mark sweep GC freed 7252(464KB) AllocSpace objects, 7(140KB) LOS objects, 27% free, 41MB/57MB, paused 1.544ms total 57.208ms
08-06 05:22:16.939 22687 30447 I art     : Starting a blocking GC Explicit
08-06 05:22:17.000 22687 30447 I art     : Explicit concurrent mark sweep GC freed 3169(184KB) AllocSpace objects, 3(140KB) LOS objects, 27% free, 41MB/57MB, paused 2.803ms total 60.374ms
08-06 05:22:17.015 22687 30447 I art     : Starting a blocking GC Explicit
08-06 05:22:17.048 22687 32222 E baseline.com.newsblur.network.APIResponse: Error (unexpected end of stream on https://www.newsblur.com/...) calling https://www.newsblur.com/reader/mark_story_hashes_as_read/
08-06 05:22:17.048 22687 32222 E baseline.com.newsblur.network.APIResponse: java.io.IOException: unexpected end of stream on https://www.newsblur.com/...
08-06 05:22:17.048 22687 32222 E baseline.com.newsblur.network.APIResponse: 	at okhttp3.internal.http1.Http1ExchangeCodec.readResponseHeaders(Http1ExchangeCodec.java:236)
08-06 05:22:17.048 22687 32222 E baseline.com.newsblur.network.APIResponse: 	at okhttp3.internal.connection.Exchange.readResponseHeaders(Exchange.java:115)
08-06 05:22:17.048 22687 32222 E baseline.com.newsblur.network.APIResponse: 	at okhttp3.internal.http.CallServerInterceptor.intercept(CallServerInterceptor.java:94)
08-06 05:22:17.048 22687 32222 E baseline.com.newsblur.network.APIResponse: 	at okhttp3.internal.http.RealInterceptorChain.proceed(RealInterceptorChain.java:142)
08-06 05:22:17.048 22687 32222 E baseline.com.newsblur.network.APIResponse: 	at okhttp3.internal.connection.ConnectInterceptor.intercept(ConnectInterceptor.java:43)
08-06 05:22:17.048 22687 32222 E baseline.com.newsblur.network.APIResponse: 	at okhttp3.internal.http.RealInterceptorChain.proceed(RealInterceptorChain.java:142)
08-06 05:22:17.048 22687 32222 E baseline.com.newsblur.network.APIResponse: 	at okhttp3.internal.http.RealInterceptorChain.proceed(RealInterceptorChain.java:117)
08-06 05:22:17.048 22687 32222 E baseline.com.newsblur.network.APIResponse: 	at okhttp3.internal.cache.CacheInterceptor.intercept(CacheInterceptor.java:94)
08-06 05:22:17.048 22687 32222 E baseline.com.newsblur.network.APIResponse: 	at okhttp3.internal.http.RealInterceptorChain.proceed(RealInterceptorChain.java:142)
08-06 05:22:17.048 22687 32222 E baseline.com.newsblur.network.APIResponse: 	at okhttp3.internal.http.RealInterceptorChain.proceed(RealInterceptorChain.java:117)
08-06 05:22:17.048 22687 32222 E baseline.com.newsblur.network.APIResponse: 	at okhttp3.internal.http.BridgeInterceptor.intercept(BridgeInterceptor.java:93)
08-06 05:22:17.048 22687 32222 E baseline.com.newsblur.network.APIResponse: 	at okhttp3.internal.http.RealInterceptorChain.proceed(RealInterceptorChain.java:142)
08-06 05:22:17.048 22687 32222 E baseline.com.newsblur.network.APIResponse: 	at okhttp3.internal.http.RetryAndFollowUpInterceptor.intercept(RetryAndFollowUpInterceptor.java:88)
08-06 05:22:17.048 22687 32222 E baseline.com.newsblur.network.APIResponse: 	at okhttp3.internal.http.RealInterceptorChain.proceed(RealInterceptorChain.java:142)
08-06 05:22:17.048 22687 32222 E baseline.com.newsblur.network.APIResponse: 	at okhttp3.internal.http.RealInterceptorChain.proceed(RealInterceptorChain.java:117)
08-06 05:22:17.048 22687 32222 E baseline.com.newsblur.network.APIResponse: 	at okhttp3.RealCall.getResponseWithInterceptorChain(RealCall.java:229)
08-06 05:22:17.048 22687 32222 E baseline.com.newsblur.network.APIResponse: 	at okhttp3.RealCall.execute(RealCall.java:81)
08-06 05:22:17.048 22687 32222 E baseline.com.newsblur.network.APIResponse: 	at baseline.com.newsblur.network.APIResponse.<init>(APIResponse.java:57)
08-06 05:22:17.048 22687 32222 E baseline.com.newsblur.network.APIResponse: 	at baseline.com.newsblur.network.APIResponse.<init>(APIResponse.java:43)
08-06 05:22:17.048 22687 32222 E baseline.com.newsblur.network.APIResponse: 	at baseline.com.newsblur.network.APIManager.post_single(APIManager.java:702)
08-06 05:22:17.048 22687 32222 E baseline.com.newsblur.network.APIResponse: 	at baseline.com.newsblur.network.APIManager.post(APIManager.java:675)
08-06 05:22:17.048 22687 32222 E baseline.com.newsblur.network.APIResponse: 	at baseline.com.newsblur.network.APIManager.post(APIManager.java:714)
08-06 05:22:17.048 22687 32222 E baseline.com.newsblur.network.APIResponse: 	at baseline.com.newsblur.network.APIManager.markStoryAsRead(APIManager.java:205)
08-06 05:22:17.048 22687 32222 E baseline.com.newsblur.network.APIResponse: 	at baseline.com.newsblur.util.ReadingAction.doRemote(ReadingAction.java:281)
08-06 05:22:17.048 22687 32222 E baseline.com.newsblur.network.APIResponse: 	at baseline.com.newsblur.service.NBSyncService.syncActions(NBSyncService.java:400)
08-06 05:22:17.048 22687 32222 E baseline.com.newsblur.network.APIResponse: 	at baseline.com.newsblur.service.NBSyncService.doSync(NBSyncService.java:298)
08-06 05:22:17.048 22687 32222 E baseline.com.newsblur.network.APIResponse: 	at baseline.com.newsblur.service.NBSyncService.access$100(NBSyncService.java:67)
08-06 05:22:17.048 22687 32222 E baseline.com.newsblur.network.APIResponse: 	at baseline.com.newsblur.service.NBSyncService$1.run(NBSyncService.java:188)
08-06 05:22:17.048 22687 32222 E baseline.com.newsblur.network.APIResponse: 	at java.util.concurrent.ThreadPoolExecutor.runWorker(ThreadPoolExecutor.java:1113)
08-06 05:22:17.048 22687 32222 E baseline.com.newsblur.network.APIResponse: 	at java.util.concurrent.ThreadPoolExecutor$Worker.run(ThreadPoolExecutor.java:588)
08-06 05:22:17.048 22687 32222 E baseline.com.newsblur.network.APIResponse: 	at java.lang.Thread.run(Thread.java:818)
08-06 05:22:17.048 22687 32222 E baseline.com.newsblur.network.APIResponse: Caused by: java.io.EOFException: \n not found: limit=0 content=
08-06 05:22:17.048 22687 32222 E baseline.com.newsblur.network.APIResponse: 	at okio.RealBufferedSource.readUtf8LineStrict(RealBufferedSource.java:240)
08-06 05:22:17.048 22687 32222 E baseline.com.newsblur.network.APIResponse: 	at okhttp3.internal.http1.Http1ExchangeCodec.readHeaderLine(Http1ExchangeCodec.java:242)
08-06 05:22:17.048 22687 32222 E baseline.com.newsblur.network.APIResponse: 	at okhttp3.internal.http1.Http1ExchangeCodec.readResponseHeaders(Http1ExchangeCodec.java:213)
08-06 05:22:17.048 22687 32222 E baseline.com.newsblur.network.APIResponse: 	... 30 more
08-06 05:22:17.049 22687 32222 I baseline.com.newsblur.network.APIManager: API call failed, pausing before retry number 1
08-06 05:22:17.071 22687 30447 I art     : Explicit concurrent mark sweep GC freed 3831(387KB) AllocSpace objects, 3(120KB) LOS objects, 27% free, 41MB/57MB, paused 1.480ms total 55.382ms
08-06 05:22:17.086 22687 30447 I art     : Starting a blocking GC Explicit
08-06 05:22:17.143 22687 30447 I art     : Explicit concurrent mark sweep GC freed 224(27KB) AllocSpace objects, 0(0B) LOS objects, 27% free, 41MB/57MB, paused 1.455ms total 57.374ms
08-06 05:22:17.159 22687 30447 I art     : Starting a blocking GC Explicit
08-06 05:22:17.217 22687 30447 I art     : Explicit concurrent mark sweep GC freed 54(2016B) AllocSpace objects, 0(0B) LOS objects, 27% free, 41MB/57MB, paused 1.488ms total 57.966ms
08-06 05:22:17.233 22687 30447 I art     : Starting a blocking GC Explicit
08-06 05:22:17.293 22687 30447 I art     : Explicit concurrent mark sweep GC freed 13(416B) AllocSpace objects, 0(0B) LOS objects, 27% free, 41MB/57MB, paused 1.386ms total 59.572ms
08-06 05:22:17.686 22687 30790 I art     : Starting a blocking GC Explicit
08-06 05:22:17.747 22687 30790 I art     : Explicit concurrent mark sweep GC freed 1499(84KB) AllocSpace objects, 1(20KB) LOS objects, 27% free, 41MB/57MB, paused 1.536ms total 60.204ms
08-06 05:22:17.761 22687 30790 I art     : Starting a blocking GC Explicit
08-06 05:22:17.818 22687 30790 I art     : Explicit concurrent mark sweep GC freed 30(1040B) AllocSpace objects, 0(0B) LOS objects, 27% free, 41MB/57MB, paused 1.526ms total 57.152ms
08-06 05:22:17.833 22687 30790 I art     : Starting a blocking GC Explicit
08-06 05:22:17.889 22687 30790 I art     : Explicit concurrent mark sweep GC freed 11(352B) AllocSpace objects, 0(0B) LOS objects, 27% free, 41MB/57MB, paused 1.465ms total 55.421ms
08-06 05:22:17.889 22687 22697 I art     : WaitForGcToComplete blocked for 55.595ms for cause HeapTrim
08-06 05:22:17.902 22687 30790 I art     : Starting a blocking GC Explicit
08-06 05:22:17.962 22687 30790 I art     : Explicit concurrent mark sweep GC freed 11(352B) AllocSpace objects, 0(0B) LOS objects, 27% free, 41MB/57MB, paused 1.934ms total 59.002ms
08-06 05:22:17.976 22687 30790 I art     : Starting a blocking GC Explicit
08-06 05:22:18.032 22687 30790 I art     : Explicit concurrent mark sweep GC freed 4(128B) AllocSpace objects, 0(0B) LOS objects, 27% free, 41MB/57MB, paused 1.529ms total 56.048ms
08-06 05:22:18.095 32246 32246 D AndroidRuntime: >>>>>> START com.android.internal.os.RuntimeInit uid 2000 <<<<<<
08-06 05:22:18.101 32246 32246 D AndroidRuntime: CheckJNI is OFF
08-06 05:22:18.145 32246 32246 D ICU     : No timezone override file found: /data/misc/zoneinfo/current/icu/icu_tzdata.dat
08-06 05:22:18.192 32246 32246 I Radio-JNI: register_android_hardware_Radio DONE
08-06 05:22:18.220 32246 32246 D AndroidRuntime: Calling main entry com.android.commands.input.Input
08-06 05:22:18.222 32246 32246 I Input   : injectMotionEvent: MotionEvent { action=ACTION_DOWN, actionButton=0, id[0]=0, x[0]=553.0, y[0]=442.0, toolType[0]=TOOL_TYPE_UNKNOWN, buttonState=0, metaState=0, flags=0x0, edgeFlags=0x0, pointerCount=1, historySize=0, eventTime=854554635, downTime=854554635, deviceId=0, source=0x1002 }
08-06 05:22:18.229 32246 32246 I Input   : injectMotionEvent: MotionEvent { action=ACTION_UP, actionButton=0, id[0]=0, x[0]=553.0, y[0]=442.0, toolType[0]=TOOL_TYPE_UNKNOWN, buttonState=0, metaState=0, flags=0x0, edgeFlags=0x0, pointerCount=1, historySize=0, eventTime=854554635, downTime=854554635, deviceId=0, source=0x1002 }
08-06 05:22:18.231 32246 32246 D AndroidRuntime: Shutting down VM
08-06 05:22:18.300   918  6029 I ActivityManager: START u0 {cmp=baseline.com.newsblur/.activity.AllSharedStoriesItemsList (has extras)} from uid 10698 on display 0
08-06 05:22:18.324 22687 30210 I baseline.com.newsblur.database.BlurDatabaseHelper: reading session reset
08-06 05:22:18.422 22687 22699 I art     : Starting a blocking GC Explicit
08-06 05:22:18.484 22687 22699 I art     : Explicit concurrent mark sweep GC freed 3477(277KB) AllocSpace objects, 6(212KB) LOS objects, 27% free, 41MB/57MB, paused 1.589ms total 61.318ms
08-06 05:22:18.499 22687 22699 I art     : Starting a blocking GC Explicit
08-06 05:22:18.531 22687 22687 D baseline.com.newsblur.service.NBSyncService: rejecting request for feedset that is exhaused
08-06 05:22:18.538 22687 22687 W View    : requestLayout() improperly called by android.widget.FrameLayout{ef1664c V.E...... ......ID 0,0-1440,18 #7f07003f app:id/footer_view_inner} during layout: running second layout pass
08-06 05:22:18.538 22687 22687 W View    : requestLayout() improperly called by android.widget.FrameLayout{4bbe695 V.E...... ......ID 0,0-1440,2091 #7f07003f app:id/footer_view_inner} during layout: running second layout pass
08-06 05:22:18.554 22687 22699 I art     : Explicit concurrent mark sweep GC freed 1131(89KB) AllocSpace objects, 2(40KB) LOS objects, 27% free, 41MB/57MB, paused 1.722ms total 55.064ms
08-06 05:22:18.556   918   936 I ActivityManager: Displayed baseline.com.newsblur/.activity.AllSharedStoriesItemsList: +245ms
08-06 05:22:18.556 13866 13866 I GoogleInputMethodServic: GoogleInputMethodService.onFinishInput():3138 
08-06 05:22:18.558 13866 13866 I GoogleInputMethodServic: GoogleInputMethodService.onStartInput():1808 
08-06 05:22:18.568 22687 22699 I art     : Starting a blocking GC Explicit
08-06 05:22:18.613 32067 32067 I ServiceManager: Waiting for service AtCmdFwd...
08-06 05:22:18.628 22687 22699 I art     : Explicit concurrent mark sweep GC freed 1491(91KB) AllocSpace objects, 6(120KB) LOS objects, 27% free, 42MB/58MB, paused 2.067ms total 59.899ms
08-06 05:22:18.644 22687 22699 I art     : Starting a blocking GC Explicit
08-06 05:22:18.651 22687 30483 I NAPPA_EXPERIMENTATION: MetricNetworkRequestExecutionTime: REQUEST_DURATION_SYSTEM='42',REQUEST_DURATION_OKHTTP='40',REQUEST_SYNCHRONOUS='TRUE',RESPONSE_CODE='200',RESPONSE_METHOD='GET',RESPONSE_LENGTH_OKHTTP='43',RESPONSE_LENGTH_HEADER='43',REQUEST_PROTOCOL='http/1.1',REQUEST_URL='http://feeds.feedburner.com/~r/retort/~4/UffaFMiJbNs',
08-06 05:22:18.700 22687 22699 I art     : Explicit concurrent mark sweep GC freed 410(39KB) AllocSpace objects, 1(20KB) LOS objects, 27% free, 41MB/57MB, paused 1.468ms total 56.695ms
08-06 05:22:18.714 22687 22699 I art     : Starting a blocking GC Explicit
08-06 05:22:18.777 22687 22699 I art     : Explicit concurrent mark sweep GC freed 145(6KB) AllocSpace objects, 0(0B) LOS objects, 27% free, 41MB/57MB, paused 2.408ms total 62.949ms
08-06 05:22:19.067 22687 32222 E baseline.com.newsblur.network.APIResponse: Error (unexpected end of stream on https://www.newsblur.com/...) calling https://www.newsblur.com/reader/mark_story_hashes_as_read/
08-06 05:22:19.067 22687 32222 E baseline.com.newsblur.network.APIResponse: java.io.IOException: unexpected end of stream on https://www.newsblur.com/...
08-06 05:22:19.067 22687 32222 E baseline.com.newsblur.network.APIResponse: 	at okhttp3.internal.http1.Http1ExchangeCodec.readResponseHeaders(Http1ExchangeCodec.java:236)
08-06 05:22:19.067 22687 32222 E baseline.com.newsblur.network.APIResponse: 	at okhttp3.internal.connection.Exchange.readResponseHeaders(Exchange.java:115)
08-06 05:22:19.067 22687 32222 E baseline.com.newsblur.network.APIResponse: 	at okhttp3.internal.http.CallServerInterceptor.intercept(CallServerInterceptor.java:94)
08-06 05:22:19.067 22687 32222 E baseline.com.newsblur.network.APIResponse: 	at okhttp3.internal.http.RealInterceptorChain.proceed(RealInterceptorChain.java:142)
08-06 05:22:19.067 22687 32222 E baseline.com.newsblur.network.APIResponse: 	at okhttp3.internal.connection.ConnectInterceptor.intercept(ConnectInterceptor.java:43)
08-06 05:22:19.067 22687 32222 E baseline.com.newsblur.network.APIResponse: 	at okhttp3.internal.http.RealInterceptorChain.proceed(RealInterceptorChain.java:142)
08-06 05:22:19.067 22687 32222 E baseline.com.newsblur.network.APIResponse: 	at okhttp3.internal.http.RealInterceptorChain.proceed(RealInterceptorChain.java:117)
08-06 05:22:19.067 22687 32222 E baseline.com.newsblur.network.APIResponse: 	at okhttp3.internal.cache.CacheInterceptor.intercept(CacheInterceptor.java:94)
08-06 05:22:19.067 22687 32222 E baseline.com.newsblur.network.APIResponse: 	at okhttp3.internal.http.RealInterceptorChain.proceed(RealInterceptorChain.java:142)
08-06 05:22:19.067 22687 32222 E baseline.com.newsblur.network.APIResponse: 	at okhttp3.internal.http.RealInterceptorChain.proceed(RealInterceptorChain.java:117)
08-06 05:22:19.067 22687 32222 E baseline.com.newsblur.network.APIResponse: 	at okhttp3.internal.http.BridgeInterceptor.intercept(BridgeInterceptor.java:93)
08-06 05:22:19.067 22687 32222 E baseline.com.newsblur.network.APIResponse: 	at okhttp3.internal.http.RealInterceptorChain.proceed(RealInterceptorChain.java:142)
08-06 05:22:19.067 22687 32222 E baseline.com.newsblur.network.APIResponse: 	at okhttp3.internal.http.RetryAndFollowUpInterceptor.intercept(RetryAndFollowUpInterceptor.java:88)
08-06 05:22:19.067 22687 32222 E baseline.com.newsblur.network.APIResponse: 	at okhttp3.internal.http.RealInterceptorChain.proceed(RealInterceptorChain.java:142)
08-06 05:22:19.067 22687 32222 E baseline.com.newsblur.network.APIResponse: 	at okhttp3.internal.http.RealInterceptorChain.proceed(RealInterceptorChain.java:117)
08-06 05:22:19.067 22687 32222 E baseline.com.newsblur.network.APIResponse: 	at okhttp3.RealCall.getResponseWithInterceptorChain(RealCall.java:229)
08-06 05:22:19.067 22687 32222 E baseline.com.newsblur.network.APIResponse: 	at okhttp3.RealCall.execute(RealCall.java:81)
08-06 05:22:19.067 22687 32222 E baseline.com.newsblur.network.APIResponse: 	at baseline.com.newsblur.network.APIResponse.<init>(APIResponse.java:57)
08-06 05:22:19.067 22687 32222 E baseline.com.newsblur.network.APIResponse: 	at baseline.com.newsblur.network.APIResponse.<init>(APIResponse.java:43)
08-06 05:22:19.067 22687 32222 E baseline.com.newsblur.network.APIResponse: 	at baseline.com.newsblur.network.APIManager.post_single(APIManager.java:702)
08-06 05:22:19.067 22687 32222 E baseline.com.newsblur.network.APIResponse: 	at baseline.com.newsblur.network.APIManager.post(APIManager.java:675)
08-06 05:22:19.067 22687 32222 E baseline.com.newsblur.network.APIResponse: 	at baseline.com.newsblur.network.APIManager.post(APIManager.java:714)
08-06 05:22:19.067 22687 32222 E baseline.com.newsblur.network.APIResponse: 	at baseline.com.newsblur.network.APIManager.markStoryAsRead(APIManager.java:205)
08-06 05:22:19.067 22687 32222 E baseline.com.newsblur.network.APIResponse: 	at baseline.com.newsblur.util.ReadingAction.doRemote(ReadingAction.java:281)
08-06 05:22:19.067 22687 32222 E baseline.com.newsblur.network.APIResponse: 	at baseline.com.newsblur.service.NBSyncService.syncActions(NBSyncService.java:400)
08-06 05:22:19.067 22687 32222 E baseline.com.newsblur.network.APIResponse: 	at baseline.com.newsblur.service.NBSyncService.doSync(NBSyncService.java:298)
08-06 05:22:19.067 22687 32222 E baseline.com.newsblur.network.APIResponse: 	at baseline.com.newsblur.service.NBSyncService.access$100(NBSyncService.java:67)
08-06 05:22:19.067 22687 32222 E baseline.com.newsblur.network.APIResponse: 	at baseline.com.newsblur.service.NBSyncService$1.run(NBSyncService.java:188)
08-06 05:22:19.067 22687 32222 E baseline.com.newsblur.network.APIResponse: 	at java.util.concurrent.ThreadPoolExecutor.runWorker(ThreadPoolExecutor.java:1113)
08-06 05:22:19.067 22687 32222 E baseline.com.newsblur.network.APIResponse: 	at java.util.concurrent.ThreadPoolExecutor$Worker.run(ThreadPoolExecutor.java:588)
08-06 05:22:19.067 22687 32222 E baseline.com.newsblur.network.APIResponse: 	at java.lang.Thread.run(Thread.java:818)
08-06 05:22:19.067 22687 32222 E baseline.com.newsblur.network.APIResponse: Caused by: java.io.EOFException: \n not found: limit=0 content=
08-06 05:22:19.067 22687 32222 E baseline.com.newsblur.network.APIResponse: 	at okio.RealBufferedSource.readUtf8LineStrict(RealBufferedSource.java:240)
08-06 05:22:19.067 22687 32222 E baseline.com.newsblur.network.APIResponse: 	at okhttp3.internal.http1.Http1ExchangeCodec.readHeaderLine(Http1ExchangeCodec.java:242)
08-06 05:22:19.067 22687 32222 E baseline.com.newsblur.network.APIResponse: 	at okhttp3.internal.http1.Http1ExchangeCodec.readResponseHeaders(Http1ExchangeCodec.java:213)
08-06 05:22:19.067 22687 32222 E baseline.com.newsblur.network.APIResponse: 	... 30 more
08-06 05:22:19.068 22687 32222 I baseline.com.newsblur.network.APIManager: API call failed, pausing before retry number 2
08-06 05:22:19.163 22687 22699 I art     : Starting a blocking GC Explicit
08-06 05:22:19.229 22687 22699 I art     : Explicit concurrent mark sweep GC freed 4332(385KB) AllocSpace objects, 4(80KB) LOS objects, 27% free, 41MB/57MB, paused 1.492ms total 65.660ms
08-06 05:22:19.245 22687 22699 I art     : Starting a blocking GC Explicit
08-06 05:22:19.304 22687 22699 I art     : Explicit concurrent mark sweep GC freed 116(4KB) AllocSpace objects, 0(0B) LOS objects, 27% free, 41MB/57MB, paused 1.502ms total 59.177ms
08-06 05:22:19.319 22687 22699 I art     : Starting a blocking GC Explicit
08-06 05:22:19.379 22687 22699 I art     : Explicit concurrent mark sweep GC freed 3(96B) AllocSpace objects, 0(0B) LOS objects, 27% free, 41MB/57MB, paused 1.572ms total 59.909ms
08-06 05:22:19.394 22687 22699 I art     : Starting a blocking GC Explicit
08-06 05:22:19.456 22687 22699 I art     : Explicit concurrent mark sweep GC freed 3(96B) AllocSpace objects, 0(0B) LOS objects, 27% free, 41MB/57MB, paused 1.532ms total 61.682ms
08-06 05:22:19.463   918  3188 I hubconnection: sensorhub said: 'set_bias 3: -5.7600, 0.0000, 0.0000'
08-06 05:22:19.473 22687 22699 I art     : Starting a blocking GC Explicit
08-06 05:22:19.534 22687 22699 I art     : Explicit concurrent mark sweep GC freed 3(96B) AllocSpace objects, 0(0B) LOS objects, 27% free, 41MB/57MB, paused 1.540ms total 60.370ms
08-06 05:22:19.613 32067 32067 I ServiceManager: Waiting for service AtCmdFwd...
08-06 05:22:19.915 22687 22698 I art     : Starting a blocking GC Explicit
08-06 05:22:19.984 22687 22698 I art     : Explicit concurrent mark sweep GC freed 1474(84KB) AllocSpace objects, 1(20KB) LOS objects, 27% free, 41MB/57MB, paused 1.765ms total 68.131ms
08-06 05:22:19.998 22687 22698 I art     : Starting a blocking GC Explicit
08-06 05:22:20.064 22687 22698 I art     : Explicit concurrent mark sweep GC freed 23(816B) AllocSpace objects, 0(0B) LOS objects, 27% free, 41MB/57MB, paused 1.662ms total 65.193ms
08-06 05:22:20.080 22687 22698 I art     : Starting a blocking GC Explicit
08-06 05:22:20.148 22687 22698 I art     : Explicit concurrent mark sweep GC freed 3(96B) AllocSpace objects, 0(0B) LOS objects, 27% free, 41MB/57MB, paused 1.696ms total 68.005ms
08-06 05:22:20.164 22687 22698 I art     : Starting a blocking GC Explicit
08-06 05:22:20.231 22687 22698 I art     : Explicit concurrent mark sweep GC freed 3(96B) AllocSpace objects, 0(0B) LOS objects, 27% free, 41MB/57MB, paused 1.675ms total 67.281ms
08-06 05:22:20.247 22687 22698 I art     : Starting a blocking GC Explicit
08-06 05:22:20.316 22687 22698 I art     : Explicit concurrent mark sweep GC freed 3(96B) AllocSpace objects, 0(0B) LOS objects, 27% free, 41MB/57MB, paused 1.533ms total 68.527ms
08-06 05:22:20.614 32067 32067 I ServiceManager: Waiting for service AtCmdFwd...
08-06 05:22:20.728 22687 30447 I art     : Starting a blocking GC Explicit
08-06 05:22:20.799 22687 30447 I art     : Explicit concurrent mark sweep GC freed 1445(83KB) AllocSpace objects, 1(20KB) LOS objects, 27% free, 41MB/57MB, paused 1.814ms total 70.500ms
08-06 05:22:20.816 22687 30447 I art     : Starting a blocking GC Explicit
08-06 05:22:20.880 22687 30447 I art     : Explicit concurrent mark sweep GC freed 22(784B) AllocSpace objects, 0(0B) LOS objects, 27% free, 41MB/57MB, paused 1.627ms total 63.840ms
08-06 05:22:20.895 22687 30447 I art     : Starting a blocking GC Explicit
08-06 05:22:20.962 22687 30447 I art     : Explicit concurrent mark sweep GC freed 3(96B) AllocSpace objects, 0(0B) LOS objects, 27% free, 41MB/57MB, paused 1.486ms total 66.846ms
08-06 05:22:20.977 22687 30447 I art     : Starting a blocking GC Explicit
08-06 05:22:21.044 22687 30447 I art     : Explicit concurrent mark sweep GC freed 3(96B) AllocSpace objects, 0(0B) LOS objects, 27% free, 41MB/57MB, paused 1.601ms total 66.656ms
08-06 05:22:21.060 22687 30447 I art     : Starting a blocking GC Explicit
08-06 05:22:21.126 22687 30447 I art     : Explicit concurrent mark sweep GC freed 3(96B) AllocSpace objects, 0(0B) LOS objects, 27% free, 41MB/57MB, paused 1.585ms total 66.345ms
08-06 05:22:21.530 22687 22699 I art     : Starting a blocking GC Explicit
08-06 05:22:21.598 22687 22699 I art     : Explicit concurrent mark sweep GC freed 1446(83KB) AllocSpace objects, 1(20KB) LOS objects, 27% free, 41MB/57MB, paused 1.556ms total 67.533ms
08-06 05:22:21.613 22687 22699 I art     : Starting a blocking GC Explicit
08-06 05:22:21.614 32067 32067 I ServiceManager: Waiting for service AtCmdFwd...
08-06 05:22:21.680 22687 22699 I art     : Explicit concurrent mark sweep GC freed 22(784B) AllocSpace objects, 0(0B) LOS objects, 27% free, 41MB/57MB, paused 1.728ms total 67.140ms
08-06 05:22:21.698 22687 22699 I art     : Starting a blocking GC Explicit
08-06 05:22:21.763 22687 22699 I art     : Explicit concurrent mark sweep GC freed 3(96B) AllocSpace objects, 0(0B) LOS objects, 27% free, 41MB/57MB, paused 1.636ms total 64.938ms
08-06 05:22:21.778 22687 22699 I art     : Starting a blocking GC Explicit
08-06 05:22:21.847 22687 22699 I art     : Explicit concurrent mark sweep GC freed 3(96B) AllocSpace objects, 0(0B) LOS objects, 27% free, 41MB/57MB, paused 1.544ms total 68.762ms
08-06 05:22:21.865 22687 22699 I art     : Starting a blocking GC Explicit
08-06 05:22:21.934 22687 22699 I art     : Explicit concurrent mark sweep GC freed 3(96B) AllocSpace objects, 0(0B) LOS objects, 27% free, 41MB/57MB, paused 1.611ms total 68.859ms
08-06 05:22:22.351 22687 30790 I art     : Starting a blocking GC Explicit
08-06 05:22:22.422 22687 30790 I art     : Explicit concurrent mark sweep GC freed 1611(92KB) AllocSpace objects, 1(20KB) LOS objects, 27% free, 41MB/57MB, paused 1.711ms total 70.707ms
08-06 05:22:22.440 22687 30790 I art     : Starting a blocking GC Explicit
08-06 05:22:22.503 22687 30790 I art     : Explicit concurrent mark sweep GC freed 28(1040B) AllocSpace objects, 0(0B) LOS objects, 27% free, 41MB/57MB, paused 1.689ms total 62.744ms
08-06 05:22:22.518 22687 30790 I art     : Starting a blocking GC Explicit
08-06 05:22:22.569 22687 32222 E baseline.com.newsblur.network.APIResponse: Error (unexpected end of stream on https://www.newsblur.com/...) calling https://www.newsblur.com/reader/mark_story_hashes_as_read/
08-06 05:22:22.569 22687 32222 E baseline.com.newsblur.network.APIResponse: java.io.IOException: unexpected end of stream on https://www.newsblur.com/...
08-06 05:22:22.569 22687 32222 E baseline.com.newsblur.network.APIResponse: 	at okhttp3.internal.http1.Http1ExchangeCodec.readResponseHeaders(Http1ExchangeCodec.java:236)
08-06 05:22:22.569 22687 32222 E baseline.com.newsblur.network.APIResponse: 	at okhttp3.internal.connection.Exchange.readResponseHeaders(Exchange.java:115)
08-06 05:22:22.569 22687 32222 E baseline.com.newsblur.network.APIResponse: 	at okhttp3.internal.http.CallServerInterceptor.intercept(CallServerInterceptor.java:94)
08-06 05:22:22.569 22687 32222 E baseline.com.newsblur.network.APIResponse: 	at okhttp3.internal.http.RealInterceptorChain.proceed(RealInterceptorChain.java:142)
08-06 05:22:22.569 22687 32222 E baseline.com.newsblur.network.APIResponse: 	at okhttp3.internal.connection.ConnectInterceptor.intercept(ConnectInterceptor.java:43)
08-06 05:22:22.569 22687 32222 E baseline.com.newsblur.network.APIResponse: 	at okhttp3.internal.http.RealInterceptorChain.proceed(RealInterceptorChain.java:142)
08-06 05:22:22.569 22687 32222 E baseline.com.newsblur.network.APIResponse: 	at okhttp3.internal.http.RealInterceptorChain.proceed(RealInterceptorChain.java:117)
08-06 05:22:22.569 22687 32222 E baseline.com.newsblur.network.APIResponse: 	at okhttp3.internal.cache.CacheInterceptor.intercept(CacheInterceptor.java:94)
08-06 05:22:22.569 22687 32222 E baseline.com.newsblur.network.APIResponse: 	at okhttp3.internal.http.RealInterceptorChain.proceed(RealInterceptorChain.java:142)
08-06 05:22:22.569 22687 32222 E baseline.com.newsblur.network.APIResponse: 	at okhttp3.internal.http.RealInterceptorChain.proceed(RealInterceptorChain.java:117)
08-06 05:22:22.569 22687 32222 E baseline.com.newsblur.network.APIResponse: 	at okhttp3.internal.http.BridgeInterceptor.intercept(BridgeInterceptor.java:93)
08-06 05:22:22.569 22687 32222 E baseline.com.newsblur.network.APIResponse: 	at okhttp3.internal.http.RealInterceptorChain.proceed(RealInterceptorChain.java:142)
08-06 05:22:22.569 22687 32222 E baseline.com.newsblur.network.APIResponse: 	at okhttp3.internal.http.RetryAndFollowUpInterceptor.intercept(RetryAndFollowUpInterceptor.java:88)
08-06 05:22:22.569 22687 32222 E baseline.com.newsblur.network.APIResponse: 	at okhttp3.internal.http.RealInterceptorChain.proceed(RealInterceptorChain.java:142)
08-06 05:22:22.569 22687 32222 E baseline.com.newsblur.network.APIResponse: 	at okhttp3.internal.http.RealInterceptorChain.proceed(RealInterceptorChain.java:117)
08-06 05:22:22.569 22687 32222 E baseline.com.newsblur.network.APIResponse: 	at okhttp3.RealCall.getResponseWithInterceptorChain(RealCall.java:229)
08-06 05:22:22.569 22687 32222 E baseline.com.newsblur.network.APIResponse: 	at okhttp3.RealCall.execute(RealCall.java:81)
08-06 05:22:22.569 22687 32222 E baseline.com.newsblur.network.APIResponse: 	at baseline.com.newsblur.network.APIResponse.<init>(APIResponse.java:57)
08-06 05:22:22.569 22687 32222 E baseline.com.newsblur.network.APIResponse: 	at baseline.com.newsblur.network.APIResponse.<init>(APIResponse.java:43)
08-06 05:22:22.569 22687 32222 E baseline.com.newsblur.network.APIResponse: 	at baseline.com.newsblur.network.APIManager.post_single(APIManager.java:702)
08-06 05:22:22.569 22687 32222 E baseline.com.newsblur.network.APIResponse: 	at baseline.com.newsblur.network.APIManager.post(APIManager.java:675)
08-06 05:22:22.569 22687 32222 E baseline.com.newsblur.network.APIResponse: 	at baseline.com.newsblur.network.APIManager.post(APIManager.java:714)
08-06 05:22:22.569 22687 32222 E baseline.com.newsblur.network.APIResponse: 	at baseline.com.newsblur.network.APIManager.markStoryAsRead(APIManager.java:205)
08-06 05:22:22.569 22687 32222 E baseline.com.newsblur.network.APIResponse: 	at baseline.com.newsblur.util.ReadingAction.doRemote(ReadingAction.java:281)
08-06 05:22:22.569 22687 32222 E baseline.com.newsblur.network.APIResponse: 	at baseline.com.newsblur.service.NBSyncService.syncActions(NBSyncService.java:400)
08-06 05:22:22.569 22687 32222 E baseline.com.newsblur.network.APIResponse: 	at baseline.com.newsblur.service.NBSyncService.doSync(NBSyncService.java:298)
08-06 05:22:22.569 22687 32222 E baseline.com.newsblur.network.APIResponse: 	at baseline.com.newsblur.service.NBSyncService.access$100(NBSyncService.java:67)
08-06 05:22:22.569 22687 32222 E baseline.com.newsblur.network.APIResponse: 	at baseline.com.newsblur.service.NBSyncService$1.run(NBSyncService.java:188)
08-06 05:22:22.569 22687 32222 E baseline.com.newsblur.network.APIResponse: 	at java.util.concurrent.ThreadPoolExecutor.runWorker(ThreadPoolExecutor.java:1113)
08-06 05:22:22.569 22687 32222 E baseline.com.newsblur.network.APIResponse: 	at java.util.concurrent.ThreadPoolExecutor$Worker.run(ThreadPoolExecutor.java:588)
08-06 05:22:22.569 22687 32222 E baseline.com.newsblur.network.APIResponse: 	at java.lang.Thread.run(Thread.java:818)
08-06 05:22:22.569 22687 32222 E baseline.com.newsblur.network.APIResponse: Caused by: java.io.EOFException: \n not found: limit=0 content=
08-06 05:22:22.569 22687 32222 E baseline.com.newsblur.network.APIResponse: 	at okio.RealBufferedSource.readUtf8LineStrict(RealBufferedSource.java:240)
08-06 05:22:22.569 22687 32222 E baseline.com.newsblur.network.APIResponse: 	at okhttp3.internal.http1.Http1ExchangeCodec.readHeaderLine(Http1ExchangeCodec.java:242)
08-06 05:22:22.569 22687 32222 E baseline.com.newsblur.network.APIResponse: 	at okhttp3.internal.http1.Http1ExchangeCodec.readResponseHeaders(Http1ExchangeCodec.java:213)
08-06 05:22:22.569 22687 32222 E baseline.com.newsblur.network.APIResponse: 	... 30 more
08-06 05:22:22.572 22687 32222 I baseline.com.newsblur.service.NBSyncService: Holding reading action with server-side or network error.
08-06 05:22:22.583 22687 30790 I art     : Explicit concurrent mark sweep GC freed 2411(226KB) AllocSpace objects, 2(40KB) LOS objects, 27% free, 42MB/58MB, paused 1.679ms total 65.138ms
08-06 05:22:22.585 22687 32222 W baseline.com.newsblur.service.NBSyncService: hard API failure
08-06 05:22:22.598 22687 30790 I art     : Starting a blocking GC Explicit
08-06 05:22:22.615 32067 32067 I ServiceManager: Waiting for service AtCmdFwd...
08-06 05:22:22.664 22687 30790 I art     : Explicit concurrent mark sweep GC freed 547(99KB) AllocSpace objects, 2(40KB) LOS objects, 27% free, 41MB/57MB, paused 1.669ms total 65.995ms
08-06 05:22:22.679 22687 30790 I art     : Starting a blocking GC Explicit
08-06 05:22:22.746 22687 30790 I art     : Explicit concurrent mark sweep GC freed 65(2544B) AllocSpace objects, 0(0B) LOS objects, 27% free, 41MB/57MB, paused 1.720ms total 66.695ms
08-06 05:22:23.063 22687 32222 E baseline.com.newsblur.network.APIResponse: Error (unexpected end of stream on https://www.newsblur.com/...) calling https://www.newsblur.com/reader/mark_story_hashes_as_read/
08-06 05:22:23.063 22687 32222 E baseline.com.newsblur.network.APIResponse: java.io.IOException: unexpected end of stream on https://www.newsblur.com/...
08-06 05:22:23.063 22687 32222 E baseline.com.newsblur.network.APIResponse: 	at okhttp3.internal.http1.Http1ExchangeCodec.readResponseHeaders(Http1ExchangeCodec.java:236)
08-06 05:22:23.063 22687 32222 E baseline.com.newsblur.network.APIResponse: 	at okhttp3.internal.connection.Exchange.readResponseHeaders(Exchange.java:115)
08-06 05:22:23.063 22687 32222 E baseline.com.newsblur.network.APIResponse: 	at okhttp3.internal.http.CallServerInterceptor.intercept(CallServerInterceptor.java:94)
08-06 05:22:23.063 22687 32222 E baseline.com.newsblur.network.APIResponse: 	at okhttp3.internal.http.RealInterceptorChain.proceed(RealInterceptorChain.java:142)
08-06 05:22:23.063 22687 32222 E baseline.com.newsblur.network.APIResponse: 	at okhttp3.internal.connection.ConnectInterceptor.intercept(ConnectInterceptor.java:43)
08-06 05:22:23.063 22687 32222 E baseline.com.newsblur.network.APIResponse: 	at okhttp3.internal.http.RealInterceptorChain.proceed(RealInterceptorChain.java:142)
08-06 05:22:23.063 22687 32222 E baseline.com.newsblur.network.APIResponse: 	at okhttp3.internal.http.RealInterceptorChain.proceed(RealInterceptorChain.java:117)
08-06 05:22:23.063 22687 32222 E baseline.com.newsblur.network.APIResponse: 	at okhttp3.internal.cache.CacheInterceptor.intercept(CacheInterceptor.java:94)
08-06 05:22:23.063 22687 32222 E baseline.com.newsblur.network.APIResponse: 	at okhttp3.internal.http.RealInterceptorChain.proceed(RealInterceptorChain.java:142)
08-06 05:22:23.063 22687 32222 E baseline.com.newsblur.network.APIResponse: 	at okhttp3.internal.http.RealInterceptorChain.proceed(RealInterceptorChain.java:117)
08-06 05:22:23.063 22687 32222 E baseline.com.newsblur.network.APIResponse: 	at okhttp3.internal.http.BridgeInterceptor.intercept(BridgeInterceptor.java:93)
08-06 05:22:23.063 22687 32222 E baseline.com.newsblur.network.APIResponse: 	at okhttp3.internal.http.RealInterceptorChain.proceed(RealInterceptorChain.java:142)
08-06 05:22:23.063 22687 32222 E baseline.com.newsblur.network.APIResponse: 	at okhttp3.internal.http.RetryAndFollowUpInterceptor.intercept(RetryAndFollowUpInterceptor.java:88)
08-06 05:22:23.063 22687 32222 E baseline.com.newsblur.network.APIResponse: 	at okhttp3.internal.http.RealInterceptorChain.proceed(RealInterceptorChain.java:142)
08-06 05:22:23.063 22687 32222 E baseline.com.newsblur.network.APIResponse: 	at okhttp3.internal.http.RealInterceptorChain.proceed(RealInterceptorChain.java:117)
08-06 05:22:23.063 22687 32222 E baseline.com.newsblur.network.APIResponse: 	at okhttp3.RealCall.getResponseWithInterceptorChain(RealCall.java:229)
08-06 05:22:23.063 22687 32222 E baseline.com.newsblur.network.APIResponse: 	at okhttp3.RealCall.execute(RealCall.java:81)
08-06 05:22:23.063 22687 32222 E baseline.com.newsblur.network.APIResponse: 	at baseline.com.newsblur.network.APIResponse.<init>(APIResponse.java:57)
08-06 05:22:23.063 22687 32222 E baseline.com.newsblur.network.APIResponse: 	at baseline.com.newsblur.network.APIResponse.<init>(APIResponse.java:43)
08-06 05:22:23.063 22687 32222 E baseline.com.newsblur.network.APIResponse: 	at baseline.com.newsblur.network.APIManager.post_single(APIManager.java:702)
08-06 05:22:23.063 22687 32222 E baseline.com.newsblur.network.APIResponse: 	at baseline.com.newsblur.network.APIManager.post(APIManager.java:675)
08-06 05:22:23.063 22687 32222 E baseline.com.newsblur.network.APIResponse: 	at baseline.com.newsblur.network.APIManager.post(APIManager.java:714)
08-06 05:22:23.063 22687 32222 E baseline.com.newsblur.network.APIResponse: 	at baseline.com.newsblur.network.APIManager.markStoryAsRead(APIManager.java:205)
08-06 05:22:23.063 22687 32222 E baseline.com.newsblur.network.APIResponse: 	at baseline.com.newsblur.util.ReadingAction.doRemote(ReadingAction.java:281)
08-06 05:22:23.063 22687 32222 E baseline.com.newsblur.network.APIResponse: 	at baseline.com.newsblur.service.NBSyncService.syncActions(NBSyncService.java:400)
08-06 05:22:23.063 22687 32222 E baseline.com.newsblur.network.APIResponse: 	at baseline.com.newsblur.service.NBSyncService.doSync(NBSyncService.java:298)
08-06 05:22:23.063 22687 32222 E baseline.com.newsblur.network.APIResponse: 	at baseline.com.newsblur.service.NBSyncService.access$100(NBSyncService.java:67)
08-06 05:22:23.063 22687 32222 E baseline.com.newsblur.network.APIResponse: 	at baseline.com.newsblur.service.NBSyncService$1.run(NBSyncService.java:188)
08-06 05:22:23.063 22687 32222 E baseline.com.newsblur.network.APIResponse: 	at java.util.concurrent.ThreadPoolExecutor.runWorker(ThreadPoolExecutor.java:1113)
08-06 05:22:23.063 22687 32222 E baseline.com.newsblur.network.APIResponse: 	at java.util.concurrent.ThreadPoolExecutor$Worker.run(ThreadPoolExecutor.java:588)
08-06 05:22:23.063 22687 32222 E baseline.com.newsblur.network.APIResponse: 	at java.lang.Thread.run(Thread.java:818)
08-06 05:22:23.063 22687 32222 E baseline.com.newsblur.network.APIResponse: Caused by: java.io.EOFException: \n not found: limit=0 content=
08-06 05:22:23.063 22687 32222 E baseline.com.newsblur.network.APIResponse: 	at okio.RealBufferedSource.readUtf8LineStrict(RealBufferedSource.java:240)
08-06 05:22:23.063 22687 32222 E baseline.com.newsblur.network.APIResponse: 	at okhttp3.internal.http1.Http1ExchangeCodec.readHeaderLine(Http1ExchangeCodec.java:242)
08-06 05:22:23.063 22687 32222 E baseline.com.newsblur.network.APIResponse: 	at okhttp3.internal.http1.Http1ExchangeCodec.readResponseHeaders(Http1ExchangeCodec.java:213)
08-06 05:22:23.063 22687 32222 E baseline.com.newsblur.network.APIResponse: 	... 30 more
08-06 05:22:23.064 22687 32222 I baseline.com.newsblur.network.APIManager: API call failed, pausing before retry number 1
08-06 05:22:23.154 22687 22698 I art     : Starting a blocking GC Explicit
08-06 05:22:23.224 22687 22698 I art     : Explicit concurrent mark sweep GC freed 3952(359KB) AllocSpace objects, 3(60KB) LOS objects, 27% free, 41MB/57MB, paused 1.579ms total 69.343ms
08-06 05:22:23.243 22687 22698 I art     : Starting a blocking GC Explicit
08-06 05:22:23.309 22687 22698 I art     : Explicit concurrent mark sweep GC freed 109(3KB) AllocSpace objects, 0(0B) LOS objects, 27% free, 41MB/57MB, paused 1.619ms total 66.205ms
08-06 05:22:23.324 22687 22698 I art     : Starting a blocking GC Explicit
08-06 05:22:23.389 22687 22698 I art     : Explicit concurrent mark sweep GC freed 3(96B) AllocSpace objects, 0(0B) LOS objects, 27% free, 41MB/57MB, paused 1.719ms total 64.337ms
08-06 05:22:23.404 22687 22698 I art     : Starting a blocking GC Explicit
08-06 05:22:23.472 22687 22698 I art     : Explicit concurrent mark sweep GC freed 3(96B) AllocSpace objects, 0(0B) LOS objects, 27% free, 41MB/57MB, paused 1.571ms total 67.401ms
08-06 05:22:23.490 22687 22698 I art     : Starting a blocking GC Explicit
08-06 05:22:23.556 22687 22698 I art     : Explicit concurrent mark sweep GC freed 3(96B) AllocSpace objects, 0(0B) LOS objects, 27% free, 41MB/57MB, paused 1.590ms total 65.766ms
08-06 05:22:23.615 32067 32067 W Atfwd_Sendcmd: AtCmdFwd service not published, waiting... retryCnt : 2
08-06 05:22:23.971 22687 30447 I art     : Starting a blocking GC Explicit
08-06 05:22:24.041 22687 30447 I art     : Explicit concurrent mark sweep GC freed 1442(83KB) AllocSpace objects, 1(20KB) LOS objects, 27% free, 41MB/57MB, paused 1.633ms total 69.154ms
08-06 05:22:24.056 22687 30447 I art     : Starting a blocking GC Explicit
08-06 05:22:24.121 22687 30447 I art     : Explicit concurrent mark sweep GC freed 22(800B) AllocSpace objects, 0(0B) LOS objects, 27% free, 41MB/57MB, paused 1.581ms total 64.712ms
08-06 05:22:24.136 22687 30447 I art     : Starting a blocking GC Explicit
08-06 05:22:24.205 22687 30447 I art     : Explicit concurrent mark sweep GC freed 3(96B) AllocSpace objects, 0(0B) LOS objects, 27% free, 41MB/57MB, paused 1.639ms total 68.187ms
08-06 05:22:24.222 22687 30447 I art     : Starting a blocking GC Explicit
08-06 05:22:24.290 22687 30447 I art     : Explicit concurrent mark sweep GC freed 3(96B) AllocSpace objects, 0(0B) LOS objects, 27% free, 41MB/57MB, paused 1.644ms total 67.112ms
08-06 05:22:24.305 22687 30447 I art     : Starting a blocking GC Explicit
08-06 05:22:24.373 22687 30447 I art     : Explicit concurrent mark sweep GC freed 3(96B) AllocSpace objects, 0(0B) LOS objects, 27% free, 41MB/57MB, paused 1.640ms total 67.491ms
08-06 05:22:24.758 22687 30447 I art     : Starting a blocking GC Explicit
08-06 05:22:24.826 22687 30447 I art     : Explicit concurrent mark sweep GC freed 1606(91KB) AllocSpace objects, 1(20KB) LOS objects, 27% free, 41MB/57MB, paused 1.599ms total 67.014ms
08-06 05:22:24.841 22687 30447 I art     : Starting a blocking GC Explicit
08-06 05:22:24.911 22687 30447 I art     : Explicit concurrent mark sweep GC freed 99(3KB) AllocSpace objects, 0(0B) LOS objects, 27% free, 41MB/57MB, paused 1.741ms total 69.157ms
08-06 05:22:24.928 22687 30447 I art     : Starting a blocking GC Explicit
08-06 05:22:24.994 22687 30447 I art     : Explicit concurrent mark sweep GC freed 3(96B) AllocSpace objects, 0(0B) LOS objects, 27% free, 41MB/57MB, paused 1.506ms total 65.841ms
08-06 05:22:25.010 22687 30447 I art     : Starting a blocking GC Explicit
08-06 05:22:25.080 22687 30447 I art     : Explicit concurrent mark sweep GC freed 735(29KB) AllocSpace objects, 0(0B) LOS objects, 27% free, 41MB/57MB, paused 1.962ms total 69.787ms
08-06 05:22:25.098 22687 30447 I art     : Starting a blocking GC Explicit
08-06 05:22:25.136 22687 32222 E baseline.com.newsblur.network.APIResponse: Error (unexpected end of stream on https://www.newsblur.com/...) calling https://www.newsblur.com/reader/mark_story_hashes_as_read/
08-06 05:22:25.136 22687 32222 E baseline.com.newsblur.network.APIResponse: java.io.IOException: unexpected end of stream on https://www.newsblur.com/...
08-06 05:22:25.136 22687 32222 E baseline.com.newsblur.network.APIResponse: 	at okhttp3.internal.http1.Http1ExchangeCodec.readResponseHeaders(Http1ExchangeCodec.java:236)
08-06 05:22:25.136 22687 32222 E baseline.com.newsblur.network.APIResponse: 	at okhttp3.internal.connection.Exchange.readResponseHeaders(Exchange.java:115)
08-06 05:22:25.136 22687 32222 E baseline.com.newsblur.network.APIResponse: 	at okhttp3.internal.http.CallServerInterceptor.intercept(CallServerInterceptor.java:94)
08-06 05:22:25.136 22687 32222 E baseline.com.newsblur.network.APIResponse: 	at okhttp3.internal.http.RealInterceptorChain.proceed(RealInterceptorChain.java:142)
08-06 05:22:25.136 22687 32222 E baseline.com.newsblur.network.APIResponse: 	at okhttp3.internal.connection.ConnectInterceptor.intercept(ConnectInterceptor.java:43)
08-06 05:22:25.136 22687 32222 E baseline.com.newsblur.network.APIResponse: 	at okhttp3.internal.http.RealInterceptorChain.proceed(RealInterceptorChain.java:142)
08-06 05:22:25.136 22687 32222 E baseline.com.newsblur.network.APIResponse: 	at okhttp3.internal.http.RealInterceptorChain.proceed(RealInterceptorChain.java:117)
08-06 05:22:25.136 22687 32222 E baseline.com.newsblur.network.APIResponse: 	at okhttp3.internal.cache.CacheInterceptor.intercept(CacheInterceptor.java:94)
08-06 05:22:25.136 22687 32222 E baseline.com.newsblur.network.APIResponse: 	at okhttp3.internal.http.RealInterceptorChain.proceed(RealInterceptorChain.java:142)
08-06 05:22:25.136 22687 32222 E baseline.com.newsblur.network.APIResponse: 	at okhttp3.internal.http.RealInterceptorChain.proceed(RealInterceptorChain.java:117)
08-06 05:22:25.136 22687 32222 E baseline.com.newsblur.network.APIResponse: 	at okhttp3.internal.http.BridgeInterceptor.intercept(BridgeInterceptor.java:93)
08-06 05:22:25.136 22687 32222 E baseline.com.newsblur.network.APIResponse: 	at okhttp3.internal.http.RealInterceptorChain.proceed(RealInterceptorChain.java:142)
08-06 05:22:25.136 22687 32222 E baseline.com.newsblur.network.APIResponse: 	at okhttp3.internal.http.RetryAndFollowUpInterceptor.intercept(RetryAndFollowUpInterceptor.java:88)
08-06 05:22:25.136 22687 32222 E baseline.com.newsblur.network.APIResponse: 	at okhttp3.internal.http.RealInterceptorChain.proceed(RealInterceptorChain.java:142)
08-06 05:22:25.136 22687 32222 E baseline.com.newsblur.network.APIResponse: 	at okhttp3.internal.http.RealInterceptorChain.proceed(RealInterceptorChain.java:117)
08-06 05:22:25.136 22687 32222 E baseline.com.newsblur.network.APIResponse: 	at okhttp3.RealCall.getResponseWithInterceptorChain(RealCall.java:229)
08-06 05:22:25.136 22687 32222 E baseline.com.newsblur.network.APIResponse: 	at okhttp3.RealCall.execute(RealCall.java:81)
08-06 05:22:25.136 22687 32222 E baseline.com.newsblur.network.APIResponse: 	at baseline.com.newsblur.network.APIResponse.<init>(APIResponse.java:57)
08-06 05:22:25.136 22687 32222 E baseline.com.newsblur.network.APIResponse: 	at baseline.com.newsblur.network.APIResponse.<init>(APIResponse.java:43)
08-06 05:22:25.136 22687 32222 E baseline.com.newsblur.network.APIResponse: 	at baseline.com.newsblur.network.APIManager.post_single(APIManager.java:702)
08-06 05:22:25.136 22687 32222 E baseline.com.newsblur.network.APIResponse: 	at baseline.com.newsblur.network.APIManager.post(APIManager.java:675)
08-06 05:22:25.136 22687 32222 E baseline.com.newsblur.network.APIResponse: 	at baseline.com.newsblur.network.APIManager.post(APIManager.java:714)
08-06 05:22:25.136 22687 32222 E baseline.com.newsblur.network.APIResponse: 	at baseline.com.newsblur.network.APIManager.markStoryAsRead(APIManager.java:205)
08-06 05:22:25.136 22687 32222 E baseline.com.newsblur.network.APIResponse: 	at baseline.com.newsblur.util.ReadingAction.doRemote(ReadingAction.java:281)
08-06 05:22:25.136 22687 32222 E baseline.com.newsblur.network.APIResponse: 	at baseline.com.newsblur.service.NBSyncService.syncActions(NBSyncService.java:400)
08-06 05:22:25.136 22687 32222 E baseline.com.newsblur.network.APIResponse: 	at baseline.com.newsblur.service.NBSyncService.doSync(NBSyncService.java:298)
08-06 05:22:25.136 22687 32222 E baseline.com.newsblur.network.APIResponse: 	at baseline.com.newsblur.service.NBSyncService.access$100(NBSyncService.java:67)
08-06 05:22:25.136 22687 32222 E baseline.com.newsblur.network.APIResponse: 	at baseline.com.newsblur.service.NBSyncService$1.run(NBSyncService.java:188)
08-06 05:22:25.136 22687 32222 E baseline.com.newsblur.network.APIResponse: 	at java.util.concurrent.ThreadPoolExecutor.runWorker(ThreadPoolExecutor.java:1113)
08-06 05:22:25.136 22687 32222 E baseline.com.newsblur.network.APIResponse: 	at java.util.concurrent.ThreadPoolExecutor$Worker.run(ThreadPoolExecutor.java:588)
08-06 05:22:25.136 22687 32222 E baseline.com.newsblur.network.APIResponse: 	at java.lang.Thread.run(Thread.java:818)
08-06 05:22:25.136 22687 32222 E baseline.com.newsblur.network.APIResponse: Caused by: java.io.EOFException: \n not found: limit=0 content=
08-06 05:22:25.136 22687 32222 E baseline.com.newsblur.network.APIResponse: 	at okio.RealBufferedSource.readUtf8LineStrict(RealBufferedSource.java:240)
08-06 05:22:25.136 22687 32222 E baseline.com.newsblur.network.APIResponse: 	at okhttp3.internal.http1.Http1ExchangeCodec.readHeaderLine(Http1ExchangeCodec.java:242)
08-06 05:22:25.136 22687 32222 E baseline.com.newsblur.network.APIResponse: 	at okhttp3.internal.http1.Http1ExchangeCodec.readResponseHeaders(Http1ExchangeCodec.java:213)
08-06 05:22:25.136 22687 32222 E baseline.com.newsblur.network.APIResponse: 	... 30 more
08-06 05:22:25.137 22687 32222 I baseline.com.newsblur.network.APIManager: API call failed, pausing before retry number 2
08-06 05:22:25.156 22687 30447 I art     : Explicit concurrent mark sweep GC freed 1724(230KB) AllocSpace objects, 2(40KB) LOS objects, 27% free, 42MB/58MB, paused 1.514ms total 57.771ms
08-06 05:22:25.574 22687 22698 I art     : Starting a blocking GC Explicit
08-06 05:22:25.645 22687 22698 I art     : Explicit concurrent mark sweep GC freed 1561(99KB) AllocSpace objects, 1(20KB) LOS objects, 27% free, 41MB/57MB, paused 1.613ms total 69.816ms
08-06 05:22:25.663 22687 22698 I art     : Starting a blocking GC Explicit
08-06 05:22:25.728 22687 22698 I art     : Explicit concurrent mark sweep GC freed 44(1520B) AllocSpace objects, 0(0B) LOS objects, 27% free, 41MB/57MB, paused 1.686ms total 64.961ms
08-06 05:22:25.743 22687 22698 I art     : Starting a blocking GC Explicit
08-06 05:22:25.811 22687 22698 I art     : Explicit concurrent mark sweep GC freed 3(96B) AllocSpace objects, 0(0B) LOS objects, 27% free, 41MB/57MB, paused 1.481ms total 66.800ms
08-06 05:22:25.826 22687 22698 I art     : Starting a blocking GC Explicit
08-06 05:22:25.892 22687 22698 I art     : Explicit concurrent mark sweep GC freed 3(96B) AllocSpace objects, 0(0B) LOS objects, 27% free, 41MB/57MB, paused 1.662ms total 66.546ms
08-06 05:22:25.908 22687 22698 I art     : Starting a blocking GC Explicit
08-06 05:22:25.974 22687 22698 I art     : Explicit concurrent mark sweep GC freed 3(96B) AllocSpace objects, 0(0B) LOS objects, 27% free, 41MB/57MB, paused 1.606ms total 65.907ms
08-06 05:22:26.399 22687 30790 I art     : Starting a blocking GC Explicit
08-06 05:22:26.467 22687 30790 I art     : Explicit concurrent mark sweep GC freed 1441(82KB) AllocSpace objects, 1(20KB) LOS objects, 27% free, 41MB/57MB, paused 1.606ms total 67.650ms
08-06 05:22:26.484 22687 30790 I art     : Starting a blocking GC Explicit
08-06 05:22:26.550 22687 30790 I art     : Explicit concurrent mark sweep GC freed 22(784B) AllocSpace objects, 0(0B) LOS objects, 27% free, 41MB/57MB, paused 1.641ms total 65.462ms
08-06 05:22:26.564 22687 30790 I art     : Starting a blocking GC Explicit
08-06 05:22:26.629 22687 30790 I art     : Explicit concurrent mark sweep GC freed 3(96B) AllocSpace objects, 0(0B) LOS objects, 27% free, 41MB/57MB, paused 1.619ms total 64.466ms
08-06 05:22:26.644 22687 30790 I art     : Starting a blocking GC Explicit
08-06 05:22:26.710 22687 30790 I art     : Explicit concurrent mark sweep GC freed 3(96B) AllocSpace objects, 0(0B) LOS objects, 27% free, 41MB/57MB, paused 1.523ms total 65.131ms
08-06 05:22:26.727 22687 30790 I art     : Starting a blocking GC Explicit
08-06 05:22:26.790 22687 30790 I art     : Explicit concurrent mark sweep GC freed 3(96B) AllocSpace objects, 0(0B) LOS objects, 27% free, 41MB/57MB, paused 1.582ms total 63.118ms
08-06 05:22:26.873   918  3188 I hubconnection: sensorhub said: 'set_bias 3: -5.1840, 0.0000, 0.0000'
08-06 05:22:27.225 22687 22699 I art     : Starting a blocking GC Explicit
08-06 05:22:27.289 22687 22699 I art     : Explicit concurrent mark sweep GC freed 1441(82KB) AllocSpace objects, 1(20KB) LOS objects, 27% free, 41MB/57MB, paused 1.684ms total 64.317ms
08-06 05:22:27.304 22687 22699 I art     : Starting a blocking GC Explicit
08-06 05:22:27.367 22687 22699 I art     : Explicit concurrent mark sweep GC freed 22(784B) AllocSpace objects, 0(0B) LOS objects, 27% free, 41MB/57MB, paused 1.635ms total 62.945ms
08-06 05:22:27.383 22687 22699 I art     : Starting a blocking GC Explicit
08-06 05:22:27.449 22687 22699 I art     : Explicit concurrent mark sweep GC freed 3(96B) AllocSpace objects, 0(0B) LOS objects, 27% free, 41MB/57MB, paused 1.611ms total 65.973ms
08-06 05:22:27.466 22687 22699 I art     : Starting a blocking GC Explicit
08-06 05:22:27.531 22687 22699 I art     : Explicit concurrent mark sweep GC freed 3(96B) AllocSpace objects, 0(0B) LOS objects, 27% free, 41MB/57MB, paused 1.595ms total 65.276ms
08-06 05:22:27.547 22687 22699 I art     : Starting a blocking GC Explicit
08-06 05:22:27.611 22687 22699 I art     : Explicit concurrent mark sweep GC freed 3(96B) AllocSpace objects, 0(0B) LOS objects, 27% free, 41MB/57MB, paused 1.591ms total 63.874ms
08-06 05:22:28.025 22687 30447 I art     : Starting a blocking GC Explicit
08-06 05:22:28.094 22687 30447 I art     : Explicit concurrent mark sweep GC freed 1442(82KB) AllocSpace objects, 1(20KB) LOS objects, 27% free, 41MB/57MB, paused 1.617ms total 68.350ms
08-06 05:22:28.110 22687 30447 I art     : Starting a blocking GC Explicit
08-06 05:22:28.178 22687 30447 I art     : Explicit concurrent mark sweep GC freed 113(4KB) AllocSpace objects, 0(0B) LOS objects, 27% free, 41MB/57MB, paused 1.800ms total 67.805ms
08-06 05:22:28.193 22687 30447 I art     : Starting a blocking GC Explicit
08-06 05:22:28.260 22687 30447 I art     : Explicit concurrent mark sweep GC freed 74(4KB) AllocSpace objects, 0(0B) LOS objects, 27% free, 41MB/57MB, paused 1.726ms total 66.943ms
08-06 05:22:28.260 22687 22697 I art     : WaitForGcToComplete blocked for 36.080ms for cause HeapTrim
08-06 05:22:28.276 22687 30447 I art     : Starting a blocking GC Explicit
08-06 05:22:28.341 22687 30447 I art     : Explicit concurrent mark sweep GC freed 12(1408B) AllocSpace objects, 0(0B) LOS objects, 27% free, 41MB/57MB, paused 1.580ms total 65.295ms
08-06 05:22:28.356 22687 30447 I art     : Starting a blocking GC Explicit
08-06 05:22:28.424 22687 30447 I art     : Explicit concurrent mark sweep GC freed 3(96B) AllocSpace objects, 0(0B) LOS objects, 27% free, 41MB/57MB, paused 1.654ms total 67.094ms
08-06 05:22:28.694 22687 32222 E baseline.com.newsblur.network.APIResponse: Error (unexpected end of stream on https://www.newsblur.com/...) calling https://www.newsblur.com/reader/mark_story_hashes_as_read/
08-06 05:22:28.694 22687 32222 E baseline.com.newsblur.network.APIResponse: java.io.IOException: unexpected end of stream on https://www.newsblur.com/...
08-06 05:22:28.694 22687 32222 E baseline.com.newsblur.network.APIResponse: 	at okhttp3.internal.http1.Http1ExchangeCodec.readResponseHeaders(Http1ExchangeCodec.java:236)
08-06 05:22:28.694 22687 32222 E baseline.com.newsblur.network.APIResponse: 	at okhttp3.internal.connection.Exchange.readResponseHeaders(Exchange.java:115)
08-06 05:22:28.694 22687 32222 E baseline.com.newsblur.network.APIResponse: 	at okhttp3.internal.http.CallServerInterceptor.intercept(CallServerInterceptor.java:94)
08-06 05:22:28.694 22687 32222 E baseline.com.newsblur.network.APIResponse: 	at okhttp3.internal.http.RealInterceptorChain.proceed(RealInterceptorChain.java:142)
08-06 05:22:28.694 22687 32222 E baseline.com.newsblur.network.APIResponse: 	at okhttp3.internal.connection.ConnectInterceptor.intercept(ConnectInterceptor.java:43)
08-06 05:22:28.694 22687 32222 E baseline.com.newsblur.network.APIResponse: 	at okhttp3.internal.http.RealInterceptorChain.proceed(RealInterceptorChain.java:142)
08-06 05:22:28.694 22687 32222 E baseline.com.newsblur.network.APIResponse: 	at okhttp3.internal.http.RealInterceptorChain.proceed(RealInterceptorChain.java:117)
08-06 05:22:28.694 22687 32222 E baseline.com.newsblur.network.APIResponse: 	at okhttp3.internal.cache.CacheInterceptor.intercept(CacheInterceptor.java:94)
08-06 05:22:28.694 22687 32222 E baseline.com.newsblur.network.APIResponse: 	at okhttp3.internal.http.RealInterceptorChain.proceed(RealInterceptorChain.java:142)
08-06 05:22:28.694 22687 32222 E baseline.com.newsblur.network.APIResponse: 	at okhttp3.internal.http.RealInterceptorChain.proceed(RealInterceptorChain.java:117)
08-06 05:22:28.694 22687 32222 E baseline.com.newsblur.network.APIResponse: 	at okhttp3.internal.http.BridgeInterceptor.intercept(BridgeInterceptor.java:93)
08-06 05:22:28.694 22687 32222 E baseline.com.newsblur.network.APIResponse: 	at okhttp3.internal.http.RealInterceptorChain.proceed(RealInterceptorChain.java:142)
08-06 05:22:28.694 22687 32222 E baseline.com.newsblur.network.APIResponse: 	at okhttp3.internal.http.RetryAndFollowUpInterceptor.intercept(RetryAndFollowUpInterceptor.java:88)
08-06 05:22:28.694 22687 32222 E baseline.com.newsblur.network.APIResponse: 	at okhttp3.internal.http.RealInterceptorChain.proceed(RealInterceptorChain.java:142)
08-06 05:22:28.694 22687 32222 E baseline.com.newsblur.network.APIResponse: 	at okhttp3.internal.http.RealInterceptorChain.proceed(RealInterceptorChain.java:117)
08-06 05:22:28.694 22687 32222 E baseline.com.newsblur.network.APIResponse: 	at okhttp3.RealCall.getResponseWithInterceptorChain(RealCall.java:229)
08-06 05:22:28.694 22687 32222 E baseline.com.newsblur.network.APIResponse: 	at okhttp3.RealCall.execute(RealCall.java:81)
08-06 05:22:28.694 22687 32222 E baseline.com.newsblur.network.APIResponse: 	at baseline.com.newsblur.network.APIResponse.<init>(APIResponse.java:57)
08-06 05:22:28.694 22687 32222 E baseline.com.newsblur.network.APIResponse: 	at baseline.com.newsblur.network.APIResponse.<init>(APIResponse.java:43)
08-06 05:22:28.694 22687 32222 E baseline.com.newsblur.network.APIResponse: 	at baseline.com.newsblur.network.APIManager.post_single(APIManager.java:702)
08-06 05:22:28.694 22687 32222 E baseline.com.newsblur.network.APIResponse: 	at baseline.com.newsblur.network.APIManager.post(APIManager.java:675)
08-06 05:22:28.694 22687 32222 E baseline.com.newsblur.network.APIResponse: 	at baseline.com.newsblur.network.APIManager.post(APIManager.java:714)
08-06 05:22:28.694 22687 32222 E baseline.com.newsblur.network.APIResponse: 	at baseline.com.newsblur.network.APIManager.markStoryAsRead(APIManager.java:205)
08-06 05:22:28.694 22687 32222 E baseline.com.newsblur.network.APIResponse: 	at baseline.com.newsblur.util.ReadingAction.doRemote(ReadingAction.java:281)
08-06 05:22:28.694 22687 32222 E baseline.com.newsblur.network.APIResponse: 	at baseline.com.newsblur.service.NBSyncService.syncActions(NBSyncService.java:400)
08-06 05:22:28.694 22687 32222 E baseline.com.newsblur.network.APIResponse: 	at baseline.com.newsblur.service.NBSyncService.doSync(NBSyncService.java:298)
08-06 05:22:28.694 22687 32222 E baseline.com.newsblur.network.APIResponse: 	at baseline.com.newsblur.service.NBSyncService.access$100(NBSyncService.java:67)
08-06 05:22:28.694 22687 32222 E baseline.com.newsblur.network.APIResponse: 	at baseline.com.newsblur.service.NBSyncService$1.run(NBSyncService.java:188)
08-06 05:22:28.694 22687 32222 E baseline.com.newsblur.network.APIResponse: 	at java.util.concurrent.ThreadPoolExecutor.runWorker(ThreadPoolExecutor.java:1113)
08-06 05:22:28.694 22687 32222 E baseline.com.newsblur.network.APIResponse: 	at java.util.concurrent.ThreadPoolExecutor$Worker.run(ThreadPoolExecutor.java:588)
08-06 05:22:28.694 22687 32222 E baseline.com.newsblur.network.APIResponse: 	at java.lang.Thread.run(Thread.java:818)
08-06 05:22:28.694 22687 32222 E baseline.com.newsblur.network.APIResponse: Caused by: java.io.EOFException: \n not found: limit=0 content=
08-06 05:22:28.694 22687 32222 E baseline.com.newsblur.network.APIResponse: 	at okio.RealBufferedSource.readUtf8LineStrict(RealBufferedSource.java:240)
08-06 05:22:28.694 22687 32222 E baseline.com.newsblur.network.APIResponse: 	at okhttp3.internal.http1.Http1ExchangeCodec.readHeaderLine(Http1ExchangeCodec.java:242)
08-06 05:22:28.694 22687 32222 E baseline.com.newsblur.network.APIResponse: 	at okhttp3.internal.http1.Http1ExchangeCodec.readResponseHeaders(Http1ExchangeCodec.java:213)
08-06 05:22:28.694 22687 32222 E baseline.com.newsblur.network.APIResponse: 	... 30 more
08-06 05:22:28.695 22687 32222 I baseline.com.newsblur.service.NBSyncService: Holding reading action with server-side or network error.
08-06 05:22:28.704 22687 32222 W baseline.com.newsblur.service.NBSyncService: hard API failure
08-06 05:22:28.793 22687 22698 I art     : Starting a blocking GC Explicit
08-06 05:22:28.858 22687 22698 I art     : Explicit concurrent mark sweep GC freed 4347(406KB) AllocSpace objects, 5(100KB) LOS objects, 27% free, 41MB/57MB, paused 1.713ms total 64.424ms
08-06 05:22:28.873 22687 22698 I art     : Starting a blocking GC Explicit
08-06 05:22:28.937 22687 22698 I art     : Explicit concurrent mark sweep GC freed 129(4KB) AllocSpace objects, 0(0B) LOS objects, 27% free, 41MB/57MB, paused 1.650ms total 63.140ms
08-06 05:22:28.952 22687 22698 I art     : Starting a blocking GC Explicit
08-06 05:22:29.017 22687 22698 I art     : Explicit concurrent mark sweep GC freed 3(96B) AllocSpace objects, 0(0B) LOS objects, 27% free, 41MB/57MB, paused 1.577ms total 64.585ms
08-06 05:22:29.032 22687 22698 I art     : Starting a blocking GC Explicit
08-06 05:22:29.051 32391 32391 D AndroidRuntime: >>>>>> START com.android.internal.os.RuntimeInit uid 2000 <<<<<<
08-06 05:22:29.057 32391 32391 D AndroidRuntime: CheckJNI is OFF
08-06 05:22:29.094 22687 22698 I art     : Explicit concurrent mark sweep GC freed 1655(64KB) AllocSpace objects, 0(0B) LOS objects, 27% free, 41MB/57MB, paused 1.705ms total 61.836ms
08-06 05:22:29.101 32391 32391 D ICU     : No timezone override file found: /data/misc/zoneinfo/current/icu/icu_tzdata.dat
08-06 05:22:29.109 22687 22698 I art     : Starting a blocking GC Explicit
08-06 05:22:29.129 22687 32222 E baseline.com.newsblur.network.APIResponse: Error (unexpected end of stream on https://www.newsblur.com/...) calling https://www.newsblur.com/reader/mark_story_hashes_as_read/
08-06 05:22:29.129 22687 32222 E baseline.com.newsblur.network.APIResponse: java.io.IOException: unexpected end of stream on https://www.newsblur.com/...
08-06 05:22:29.129 22687 32222 E baseline.com.newsblur.network.APIResponse: 	at okhttp3.internal.http1.Http1ExchangeCodec.readResponseHeaders(Http1ExchangeCodec.java:236)
08-06 05:22:29.129 22687 32222 E baseline.com.newsblur.network.APIResponse: 	at okhttp3.internal.connection.Exchange.readResponseHeaders(Exchange.java:115)
08-06 05:22:29.129 22687 32222 E baseline.com.newsblur.network.APIResponse: 	at okhttp3.internal.http.CallServerInterceptor.intercept(CallServerInterceptor.java:94)
08-06 05:22:29.129 22687 32222 E baseline.com.newsblur.network.APIResponse: 	at okhttp3.internal.http.RealInterceptorChain.proceed(RealInterceptorChain.java:142)
08-06 05:22:29.129 22687 32222 E baseline.com.newsblur.network.APIResponse: 	at okhttp3.internal.connection.ConnectInterceptor.intercept(ConnectInterceptor.java:43)
08-06 05:22:29.129 22687 32222 E baseline.com.newsblur.network.APIResponse: 	at okhttp3.internal.http.RealInterceptorChain.proceed(RealInterceptorChain.java:142)
08-06 05:22:29.129 22687 32222 E baseline.com.newsblur.network.APIResponse: 	at okhttp3.internal.http.RealInterceptorChain.proceed(RealInterceptorChain.java:117)
08-06 05:22:29.129 22687 32222 E baseline.com.newsblur.network.APIResponse: 	at okhttp3.internal.cache.CacheInterceptor.intercept(CacheInterceptor.java:94)
08-06 05:22:29.129 22687 32222 E baseline.com.newsblur.network.APIResponse: 	at okhttp3.internal.http.RealInterceptorChain.proceed(RealInterceptorChain.java:142)
08-06 05:22:29.129 22687 32222 E baseline.com.newsblur.network.APIResponse: 	at okhttp3.internal.http.RealInterceptorChain.proceed(RealInterceptorChain.java:117)
08-06 05:22:29.129 22687 32222 E baseline.com.newsblur.network.APIResponse: 	at okhttp3.internal.http.BridgeInterceptor.intercept(BridgeInterceptor.java:93)
08-06 05:22:29.129 22687 32222 E baseline.com.newsblur.network.APIResponse: 	at okhttp3.internal.http.RealInterceptorChain.proceed(RealInterceptorChain.java:142)
08-06 05:22:29.129 22687 32222 E baseline.com.newsblur.network.APIResponse: 	at okhttp3.internal.http.RetryAndFollowUpInterceptor.intercept(RetryAndFollowUpInterceptor.java:88)
08-06 05:22:29.129 22687 32222 E baseline.com.newsblur.network.APIResponse: 	at okhttp3.internal.http.RealInterceptorChain.proceed(RealInterceptorChain.java:142)
08-06 05:22:29.129 22687 32222 E baseline.com.newsblur.network.APIResponse: 	at okhttp3.internal.http.RealInterceptorChain.proceed(RealInterceptorChain.java:117)
08-06 05:22:29.129 22687 32222 E baseline.com.newsblur.network.APIResponse: 	at okhttp3.RealCall.getResponseWithInterceptorChain(RealCall.java:229)
08-06 05:22:29.129 22687 32222 E baseline.com.newsblur.network.APIResponse: 	at okhttp3.RealCall.execute(RealCall.java:81)
08-06 05:22:29.129 22687 32222 E baseline.com.newsblur.network.APIResponse: 	at baseline.com.newsblur.network.APIResponse.<init>(APIResponse.java:57)
08-06 05:22:29.129 22687 32222 E baseline.com.newsblur.network.APIResponse: 	at baseline.com.newsblur.network.APIResponse.<init>(APIResponse.java:43)
08-06 05:22:29.129 22687 32222 E baseline.com.newsblur.network.APIResponse: 	at baseline.com.newsblur.network.APIManager.post_single(APIManager.java:702)
08-06 05:22:29.129 22687 32222 E baseline.com.newsblur.network.APIResponse: 	at baseline.com.newsblur.network.APIManager.post(APIManager.java:675)
08-06 05:22:29.129 22687 32222 E baseline.com.newsblur.network.APIResponse: 	at baseline.com.newsblur.network.APIManager.post(APIManager.java:714)
08-06 05:22:29.129 22687 32222 E baseline.com.newsblur.network.APIResponse: 	at baseline.com.newsblur.network.APIManager.markStoryAsRead(APIManager.java:205)
08-06 05:22:29.129 22687 32222 E baseline.com.newsblur.network.APIResponse: 	at baseline.com.newsblur.util.ReadingAction.doRemote(ReadingAction.java:281)
08-06 05:22:29.129 22687 32222 E baseline.com.newsblur.network.APIResponse: 	at baseline.com.newsblur.service.NBSyncService.syncActions(NBSyncService.java:400)
08-06 05:22:29.129 22687 32222 E baseline.com.newsblur.network.APIResponse: 	at baseline.com.newsblur.service.NBSyncService.doSync(NBSyncService.java:298)
08-06 05:22:29.129 22687 32222 E baseline.com.newsblur.network.APIResponse: 	at baseline.com.newsblur.service.NBSyncService.access$100(NBSyncService.java:67)
08-06 05:22:29.129 22687 32222 E baseline.com.newsblur.network.APIResponse: 	at baseline.com.newsblur.service.NBSyncService$1.run(NBSyncService.java:188)
08-06 05:22:29.129 22687 32222 E baseline.com.newsblur.network.APIResponse: 	at java.util.concurrent.ThreadPoolExecutor.runWorker(ThreadPoolExecutor.java:1113)
08-06 05:22:29.129 22687 32222 E baseline.com.newsblur.network.APIResponse: 	at java.util.concurrent.ThreadPoolExecutor$Worker.run(ThreadPoolExecutor.java:588)
08-06 05:22:29.129 22687 32222 E baseline.com.newsblur.network.APIResponse: 	at java.lang.Thread.run(Thread.java:818)
08-06 05:22:29.129 22687 32222 E baseline.com.newsblur.network.APIResponse: Caused by: java.io.EOFException: \n not found: limit=0 content=
08-06 05:22:29.129 22687 32222 E baseline.com.newsblur.network.APIResponse: 	at okio.RealBufferedSource.readUtf8LineStrict(RealBufferedSource.java:240)
08-06 05:22:29.129 22687 32222 E baseline.com.newsblur.network.APIResponse: 	at okhttp3.internal.http1.Http1ExchangeCodec.readHeaderLine(Http1ExchangeCodec.java:242)
08-06 05:22:29.129 22687 32222 E baseline.com.newsblur.network.APIResponse: 	at okhttp3.internal.http1.Http1ExchangeCodec.readResponseHeaders(Http1ExchangeCodec.java:213)
08-06 05:22:29.129 22687 32222 E baseline.com.newsblur.network.APIResponse: 	... 30 more
08-06 05:22:29.130 22687 32222 I baseline.com.newsblur.network.APIManager: API call failed, pausing before retry number 1
08-06 05:22:29.145 32391 32391 I Radio-JNI: register_android_hardware_Radio DONE
08-06 05:22:29.173 22687 22698 I art     : Explicit concurrent mark sweep GC freed 819(196KB) AllocSpace objects, 2(40KB) LOS objects, 27% free, 41MB/57MB, paused 1.691ms total 63.381ms
08-06 05:22:29.174 32391 32391 D AndroidRuntime: Calling main entry com.android.commands.input.Input
08-06 05:22:29.177 32391 32391 I Input   : injectMotionEvent: MotionEvent { action=ACTION_DOWN, actionButton=0, id[0]=0, x[0]=436.0, y[0]=453.0, toolType[0]=TOOL_TYPE_UNKNOWN, buttonState=0, metaState=0, flags=0x0, edgeFlags=0x0, pointerCount=1, historySize=0, eventTime=854565589, downTime=854565589, deviceId=0, source=0x1002 }
08-06 05:22:29.184 32391 32391 I Input   : injectMotionEvent: MotionEvent { action=ACTION_UP, actionButton=0, id[0]=0, x[0]=436.0, y[0]=453.0, toolType[0]=TOOL_TYPE_UNKNOWN, buttonState=0, metaState=0, flags=0x0, edgeFlags=0x0, pointerCount=1, historySize=0, eventTime=854565589, downTime=854565589, deviceId=0, source=0x1002 }
08-06 05:22:29.187 32391 32391 D AndroidRuntime: Shutting down VM
08-06 05:22:29.202   512  2967 D audio_hw_primary: out_set_parameters: enter: usecase(1: low-latency-playback) kvpairs: routing=2
08-06 05:22:29.204   918   929 I ActivityManager: START u0 {cmp=baseline.com.newsblur/.activity.AllSharedStoriesReading (has extras)} from uid 10698 on display 0
08-06 05:22:29.215   512  2967 D audio_hw_primary: select_devices: out_snd_device(2: speaker) in_snd_device(0: none)
08-06 05:22:29.215   512  2967 D msm8974_platform: platform_send_audio_calibration: sending audio calibration for snd_device(2) acdb_id(15)
08-06 05:22:29.215   512  2967 I soundtrigger: audio_extn_sound_trigger_update_device_status: device 0x2 of type 0 for Event 1
08-06 05:22:29.224   512  2967 D audio_hw_primary: enable_snd_device: snd_device(2: speaker)
08-06 05:22:29.227   512  2967 D audio_hw_primary: enable_audio_route: apply and update mixer path: low-latency-playback speaker
08-06 05:22:29.286   518   646 I ThermalEngine: ACTION: GPU - Setting GPU[0] to 510000000
08-06 05:22:29.449   918   936 I ActivityManager: Displayed baseline.com.newsblur/.activity.AllSharedStoriesReading: +238ms
08-06 05:22:29.449 13866 13866 I GoogleInputMethodServic: GoogleInputMethodService.onFinishInput():3138 
08-06 05:22:29.450 13866 13866 I GoogleInputMethodServic: GoogleInputMethodService.onStartInput():1808 
08-06 05:22:29.499 22687 30790 I art     : Starting a blocking GC Explicit
08-06 05:22:29.558 22687 30790 I art     : Explicit concurrent mark sweep GC freed 5444(465KB) AllocSpace objects, 18(824KB) LOS objects, 27% free, 42MB/58MB, paused 1.453ms total 58.403ms
08-06 05:22:29.571 22687 30790 I art     : Starting a blocking GC Explicit
08-06 05:22:29.625 22687 30790 I art     : Explicit concurrent mark sweep GC freed 1867(120KB) AllocSpace objects, 1(28KB) LOS objects, 27% free, 42MB/58MB, paused 1.096ms total 53.736ms
08-06 05:22:29.637 22687 30790 I art     : Starting a blocking GC Explicit
08-06 05:22:29.667 22687 30794 E chromium: [ERROR:tile_manager.cc(793)] WARNING: tile memory limits exceeded, some content may not draw
08-06 05:22:29.668 22687 30794 E chromium: [ERROR:tile_manager.cc(793)] WARNING: tile memory limits exceeded, some content may not draw
08-06 05:22:29.685 22687 30790 I art     : Explicit concurrent mark sweep GC freed 74(3KB) AllocSpace objects, 0(0B) LOS objects, 27% free, 42MB/58MB, paused 1.160ms total 47.553ms
08-06 05:22:29.696 22687 30790 I art     : Starting a blocking GC Explicit
08-06 05:22:29.741 22687 30790 I art     : Explicit concurrent mark sweep GC freed 11(416B) AllocSpace objects, 0(0B) LOS objects, 27% free, 42MB/58MB, paused 1.008ms total 45.130ms
08-06 05:22:29.752 22687 30790 I art     : Starting a blocking GC Explicit
08-06 05:22:29.768   512  2967 D audio_hw_primary: disable_audio_route: reset and update mixer path: low-latency-playback speaker
08-06 05:22:29.769   512  2967 D audio_hw_primary: disable_snd_device: snd_device(2: speaker)
08-06 05:22:29.778   512  2967 I soundtrigger: audio_extn_sound_trigger_update_device_status: device 0x2 of type 0 for Event 0
08-06 05:22:29.801 22687 30790 I art     : Explicit concurrent mark sweep GC freed 3(96B) AllocSpace objects, 0(0B) LOS objects, 27% free, 42MB/58MB, paused 1.093ms total 48.256ms
08-06 05:22:30.123 22687 30790 I art     : Starting a blocking GC Explicit
08-06 05:22:30.179 22687 30790 I art     : Explicit concurrent mark sweep GC freed 1602(101KB) AllocSpace objects, 3(68KB) LOS objects, 27% free, 42MB/58MB, paused 1.224ms total 56.186ms
08-06 05:22:30.195 22687 30790 I art     : Starting a blocking GC Explicit
08-06 05:22:30.247 22687 30790 I art     : Explicit concurrent mark sweep GC freed 39(1520B) AllocSpace objects, 0(0B) LOS objects, 27% free, 42MB/58MB, paused 1.179ms total 50.960ms
08-06 05:22:30.258 22687 30790 I art     : Starting a blocking GC Explicit
08-06 05:22:30.289   518   646 I ThermalEngine: ACTION: GPU - Setting GPU[0] to 450000000
08-06 05:22:30.316 22687 30790 I art     : Explicit concurrent mark sweep GC freed 3(96B) AllocSpace objects, 0(0B) LOS objects, 27% free, 42MB/58MB, paused 1.530ms total 57.064ms
08-06 05:22:30.331 22687 30790 I art     : Starting a blocking GC Explicit
08-06 05:22:30.394 22687 30790 I art     : Explicit concurrent mark sweep GC freed 3(96B) AllocSpace objects, 0(0B) LOS objects, 27% free, 42MB/58MB, paused 1.532ms total 63.489ms
08-06 05:22:30.410 22687 30790 I art     : Starting a blocking GC Explicit
08-06 05:22:30.475 22687 30790 I art     : Explicit concurrent mark sweep GC freed 3(96B) AllocSpace objects, 0(0B) LOS objects, 27% free, 42MB/58MB, paused 1.537ms total 64.362ms
08-06 05:22:30.880 22687 30447 I art     : Starting a blocking GC Explicit
08-06 05:22:30.952 22687 30447 I art     : Explicit concurrent mark sweep GC freed 1665(93KB) AllocSpace objects, 1(20KB) LOS objects, 27% free, 42MB/58MB, paused 1.819ms total 71.385ms
08-06 05:22:30.969 22687 30447 I art     : Starting a blocking GC Explicit
08-06 05:22:31.036 22687 30447 I art     : Explicit concurrent mark sweep GC freed 33(1200B) AllocSpace objects, 0(0B) LOS objects, 27% free, 42MB/58MB, paused 1.444ms total 66.548ms
08-06 05:22:31.051 22687 30447 I art     : Starting a blocking GC Explicit
08-06 05:22:31.121 22687 30447 I art     : Explicit concurrent mark sweep GC freed 770(31KB) AllocSpace objects, 0(0B) LOS objects, 27% free, 42MB/58MB, paused 1.855ms total 69.825ms
08-06 05:22:31.136 22687 30447 I art     : Starting a blocking GC Explicit
08-06 05:22:31.170 22687 32222 E baseline.com.newsblur.network.APIResponse: Error (unexpected end of stream on https://www.newsblur.com/...) calling https://www.newsblur.com/reader/mark_story_hashes_as_read/
08-06 05:22:31.170 22687 32222 E baseline.com.newsblur.network.APIResponse: java.io.IOException: unexpected end of stream on https://www.newsblur.com/...
08-06 05:22:31.170 22687 32222 E baseline.com.newsblur.network.APIResponse: 	at okhttp3.internal.http1.Http1ExchangeCodec.readResponseHeaders(Http1ExchangeCodec.java:236)
08-06 05:22:31.170 22687 32222 E baseline.com.newsblur.network.APIResponse: 	at okhttp3.internal.connection.Exchange.readResponseHeaders(Exchange.java:115)
08-06 05:22:31.170 22687 32222 E baseline.com.newsblur.network.APIResponse: 	at okhttp3.internal.http.CallServerInterceptor.intercept(CallServerInterceptor.java:94)
08-06 05:22:31.170 22687 32222 E baseline.com.newsblur.network.APIResponse: 	at okhttp3.internal.http.RealInterceptorChain.proceed(RealInterceptorChain.java:142)
08-06 05:22:31.170 22687 32222 E baseline.com.newsblur.network.APIResponse: 	at okhttp3.internal.connection.ConnectInterceptor.intercept(ConnectInterceptor.java:43)
08-06 05:22:31.170 22687 32222 E baseline.com.newsblur.network.APIResponse: 	at okhttp3.internal.http.RealInterceptorChain.proceed(RealInterceptorChain.java:142)
08-06 05:22:31.170 22687 32222 E baseline.com.newsblur.network.APIResponse: 	at okhttp3.internal.http.RealInterceptorChain.proceed(RealInterceptorChain.java:117)
08-06 05:22:31.170 22687 32222 E baseline.com.newsblur.network.APIResponse: 	at okhttp3.internal.cache.CacheInterceptor.intercept(CacheInterceptor.java:94)
08-06 05:22:31.170 22687 32222 E baseline.com.newsblur.network.APIResponse: 	at okhttp3.internal.http.RealInterceptorChain.proceed(RealInterceptorChain.java:142)
08-06 05:22:31.170 22687 32222 E baseline.com.newsblur.network.APIResponse: 	at okhttp3.internal.http.RealInterceptorChain.proceed(RealInterceptorChain.java:117)
08-06 05:22:31.170 22687 32222 E baseline.com.newsblur.network.APIResponse: 	at okhttp3.internal.http.BridgeInterceptor.intercept(BridgeInterceptor.java:93)
08-06 05:22:31.170 22687 32222 E baseline.com.newsblur.network.APIResponse: 	at okhttp3.internal.http.RealInterceptorChain.proceed(RealInterceptorChain.java:142)
08-06 05:22:31.170 22687 32222 E baseline.com.newsblur.network.APIResponse: 	at okhttp3.internal.http.RetryAndFollowUpInterceptor.intercept(RetryAndFollowUpInterceptor.java:88)
08-06 05:22:31.170 22687 32222 E baseline.com.newsblur.network.APIResponse: 	at okhttp3.internal.http.RealInterceptorChain.proceed(RealInterceptorChain.java:142)
08-06 05:22:31.170 22687 32222 E baseline.com.newsblur.network.APIResponse: 	at okhttp3.internal.http.RealInterceptorChain.proceed(RealInterceptorChain.java:117)
08-06 05:22:31.170 22687 32222 E baseline.com.newsblur.network.APIResponse: 	at okhttp3.RealCall.getResponseWithInterceptorChain(RealCall.java:229)
08-06 05:22:31.170 22687 32222 E baseline.com.newsblur.network.APIResponse: 	at okhttp3.RealCall.execute(RealCall.java:81)
08-06 05:22:31.170 22687 32222 E baseline.com.newsblur.network.APIResponse: 	at baseline.com.newsblur.network.APIResponse.<init>(APIResponse.java:57)
08-06 05:22:31.170 22687 32222 E baseline.com.newsblur.network.APIResponse: 	at baseline.com.newsblur.network.APIResponse.<init>(APIResponse.java:43)
08-06 05:22:31.170 22687 32222 E baseline.com.newsblur.network.APIResponse: 	at baseline.com.newsblur.network.APIManager.post_single(APIManager.java:702)
08-06 05:22:31.170 22687 32222 E baseline.com.newsblur.network.APIResponse: 	at baseline.com.newsblur.network.APIManager.post(APIManager.java:675)
08-06 05:22:31.170 22687 32222 E baseline.com.newsblur.network.APIResponse: 	at baseline.com.newsblur.network.APIManager.post(APIManager.java:714)
08-06 05:22:31.170 22687 32222 E baseline.com.newsblur.network.APIResponse: 	at baseline.com.newsblur.network.APIManager.markStoryAsRead(APIManager.java:205)
08-06 05:22:31.170 22687 32222 E baseline.com.newsblur.network.APIResponse: 	at baseline.com.newsblur.util.ReadingAction.doRemote(ReadingAction.java:281)
08-06 05:22:31.170 22687 32222 E baseline.com.newsblur.network.APIResponse: 	at baseline.com.newsblur.service.NBSyncService.syncActions(NBSyncService.java:400)
08-06 05:22:31.170 22687 32222 E baseline.com.newsblur.network.APIResponse: 	at baseline.com.newsblur.service.NBSyncService.doSync(NBSyncService.java:298)
08-06 05:22:31.170 22687 32222 E baseline.com.newsblur.network.APIResponse: 	at baseline.com.newsblur.service.NBSyncService.access$100(NBSyncService.java:67)
08-06 05:22:31.170 22687 32222 E baseline.com.newsblur.network.APIResponse: 	at baseline.com.newsblur.service.NBSyncService$1.run(NBSyncService.java:188)
08-06 05:22:31.170 22687 32222 E baseline.com.newsblur.network.APIResponse: 	at java.util.concurrent.ThreadPoolExecutor.runWorker(ThreadPoolExecutor.java:1113)
08-06 05:22:31.170 22687 32222 E baseline.com.newsblur.network.APIResponse: 	at java.util.concurrent.ThreadPoolExecutor$Worker.run(ThreadPoolExecutor.java:588)
08-06 05:22:31.170 22687 32222 E baseline.com.newsblur.network.APIResponse: 	at java.lang.Thread.run(Thread.java:818)
08-06 05:22:31.170 22687 32222 E baseline.com.newsblur.network.APIResponse: Caused by: java.io.EOFException: \n not found: limit=0 content=
08-06 05:22:31.170 22687 32222 E baseline.com.newsblur.network.APIResponse: 	at okio.RealBufferedSource.readUtf8LineStrict(RealBufferedSource.java:240)
08-06 05:22:31.170 22687 32222 E baseline.com.newsblur.network.APIResponse: 	at okhttp3.internal.http1.Http1ExchangeCodec.readHeaderLine(Http1ExchangeCodec.java:242)
08-06 05:22:31.170 22687 32222 E baseline.com.newsblur.network.APIResponse: 	at okhttp3.internal.http1.Http1ExchangeCodec.readResponseHeaders(Http1ExchangeCodec.java:213)
08-06 05:22:31.170 22687 32222 E baseline.com.newsblur.network.APIResponse: 	... 30 more
08-06 05:22:31.171 22687 32222 I baseline.com.newsblur.network.APIManager: API call failed, pausing before retry number 2
08-06 05:22:31.209 22687 30447 I art     : Explicit concurrent mark sweep GC freed 1693(229KB) AllocSpace objects, 2(40KB) LOS objects, 27% free, 42MB/58MB, paused 1.859ms total 72.233ms
08-06 05:22:31.225 22687 30447 I art     : Starting a blocking GC Explicit
08-06 05:22:31.297 22687 30447 I art     : Explicit concurrent mark sweep GC freed 119(16KB) AllocSpace objects, 0(0B) LOS objects, 27% free, 42MB/58MB, paused 1.653ms total 71.723ms
08-06 05:22:31.719 22687 22698 I art     : Starting a blocking GC Explicit
08-06 05:22:31.789 22687 22698 I art     : Explicit concurrent mark sweep GC freed 1818(102KB) AllocSpace objects, 1(20KB) LOS objects, 27% free, 42MB/58MB, paused 1.641ms total 68.951ms
08-06 05:22:31.804 22687 22698 I art     : Starting a blocking GC Explicit
08-06 05:22:31.873 22687 22698 I art     : Explicit concurrent mark sweep GC freed 229(9KB) AllocSpace objects, 0(0B) LOS objects, 27% free, 42MB/58MB, paused 1.982ms total 69.133ms
08-06 05:22:31.889 22687 22698 I art     : Starting a blocking GC Explicit
08-06 05:22:31.952 22687 22698 I art     : Explicit concurrent mark sweep GC freed 579(26KB) AllocSpace objects, 0(0B) LOS objects, 27% free, 42MB/58MB, paused 1.587ms total 62.815ms
08-06 05:22:31.968 22687 22698 I art     : Starting a blocking GC Explicit
08-06 05:22:32.034 22687 22698 I art     : Explicit concurrent mark sweep GC freed 4330(346KB) AllocSpace objects, 1(20KB) LOS objects, 27% free, 42MB/58MB, paused 1.631ms total 65.796ms
08-06 05:22:32.050 22687 22698 I art     : Starting a blocking GC Explicit
08-06 05:22:32.115 22687 22698 I art     : Explicit concurrent mark sweep GC freed 165(8KB) AllocSpace objects, 0(0B) LOS objects, 27% free, 42MB/58MB, paused 1.570ms total 65.116ms
08-06 05:22:32.529 22687 30790 I art     : Starting a blocking GC Explicit
08-06 05:22:32.598 22687 30790 I art     : Explicit concurrent mark sweep GC freed 3971(191KB) AllocSpace objects, 1(20KB) LOS objects, 27% free, 42MB/58MB, paused 1.726ms total 68.082ms
08-06 05:22:32.613 22687 30790 I art     : Starting a blocking GC Explicit
08-06 05:22:32.680 22687 30790 I art     : Explicit concurrent mark sweep GC freed 881(76KB) AllocSpace objects, 0(0B) LOS objects, 27% free, 42MB/58MB, paused 1.662ms total 66.053ms
08-06 05:22:32.695 22687 30790 I art     : Starting a blocking GC Explicit
08-06 05:22:32.764 22687 30790 I art     : Explicit concurrent mark sweep GC freed 54(2480B) AllocSpace objects, 0(0B) LOS objects, 27% free, 42MB/58MB, paused 1.536ms total 68.547ms
08-06 05:22:32.783 22687 30790 I art     : Starting a blocking GC Explicit
08-06 05:22:32.850 22687 30790 I art     : Explicit concurrent mark sweep GC freed 3(96B) AllocSpace objects, 0(0B) LOS objects, 27% free, 42MB/58MB, paused 1.628ms total 66.329ms
08-06 05:22:32.865 22687 30790 I art     : Starting a blocking GC Explicit
08-06 05:22:32.930 22687 30790 I art     : Explicit concurrent mark sweep GC freed 3(96B) AllocSpace objects, 0(0B) LOS objects, 27% free, 42MB/58MB, paused 1.574ms total 64.945ms
08-06 05:22:33.357 22687 22699 I art     : Starting a blocking GC Explicit
08-06 05:22:33.424 22687 22699 I art     : Explicit concurrent mark sweep GC freed 1446(83KB) AllocSpace objects, 1(20KB) LOS objects, 27% free, 42MB/58MB, paused 1.536ms total 66.140ms
08-06 05:22:33.440 22687 22699 I art     : Starting a blocking GC Explicit
08-06 05:22:33.501 22687 22699 I art     : Explicit concurrent mark sweep GC freed 22(784B) AllocSpace objects, 0(0B) LOS objects, 27% free, 42MB/58MB, paused 1.571ms total 61.006ms
08-06 05:22:33.516 22687 22699 I art     : Starting a blocking GC Explicit
08-06 05:22:33.576 22687 22699 I art     : Explicit concurrent mark sweep GC freed 3(96B) AllocSpace objects, 0(0B) LOS objects, 27% free, 42MB/58MB, paused 1.663ms total 59.885ms
08-06 05:22:33.592 22687 22699 I art     : Starting a blocking GC Explicit
08-06 05:22:33.616 32067 32067 I ServiceManager: Waiting for service AtCmdFwd...
08-06 05:22:33.655 22687 22699 I art     : Explicit concurrent mark sweep GC freed 3(96B) AllocSpace objects, 0(0B) LOS objects, 27% free, 42MB/58MB, paused 1.584ms total 62.936ms
08-06 05:22:33.671 22687 22699 I art     : Starting a blocking GC Explicit
08-06 05:22:33.736 22687 22699 I art     : Explicit concurrent mark sweep GC freed 3(96B) AllocSpace objects, 0(0B) LOS objects, 27% free, 42MB/58MB, paused 1.514ms total 65.125ms
08-06 05:22:33.976 32475 32475 D AndroidRuntime: >>>>>> START com.android.internal.os.RuntimeInit uid 2000 <<<<<<
08-06 05:22:33.982 32475 32475 D AndroidRuntime: CheckJNI is OFF
08-06 05:22:34.025 32475 32475 D ICU     : No timezone override file found: /data/misc/zoneinfo/current/icu/icu_tzdata.dat
08-06 05:22:34.067 32475 32475 I Radio-JNI: register_android_hardware_Radio DONE
08-06 05:22:34.096 32475 32475 D AndroidRuntime: Calling main entry com.android.commands.input.Input
08-06 05:22:34.098 32475 32475 I Input   : injectKeyEvent: KeyEvent { action=ACTION_DOWN, keyCode=KEYCODE_BACK, scanCode=0, metaState=0, flags=0x0, repeatCount=0, eventTime=854570511, downTime=854570511, deviceId=-1, source=0x101 }
08-06 05:22:34.105 32475 32475 I Input   : injectKeyEvent: KeyEvent { action=ACTION_UP, keyCode=KEYCODE_BACK, scanCode=0, metaState=0, flags=0x0, repeatCount=0, eventTime=854570511, downTime=854570511, deviceId=-1, source=0x101 }
08-06 05:22:34.113 32475 32475 D AndroidRuntime: Shutting down VM
08-06 05:22:34.121 22687 22687 D baseline.com.newsblur.service.NBSyncService: rejecting request for feedset that is exhaused
08-06 05:22:34.126 22687 22699 I art     : Starting a blocking GC Explicit
08-06 05:22:34.183 22687 22699 I art     : Explicit concurrent mark sweep GC freed 1766(125KB) AllocSpace objects, 3(60KB) LOS objects, 27% free, 42MB/58MB, paused 1.720ms total 56.887ms
08-06 05:22:34.198 22687 22699 I art     : Starting a blocking GC Explicit
08-06 05:22:34.258 22687 22699 I art     : Explicit concurrent mark sweep GC freed 61(2288B) AllocSpace objects, 0(0B) LOS objects, 27% free, 42MB/58MB, paused 1.719ms total 59.996ms
08-06 05:22:34.273 22687 22699 I art     : Starting a blocking GC Explicit
08-06 05:22:34.305 22687 22687 D baseline.com.newsblur.service.NBSyncService: rejecting request for feedset that is exhaused
08-06 05:22:34.307 13866 13866 I GoogleInputMethodServic: GoogleInputMethodService.onFinishInput():3138 
08-06 05:22:34.307 13866 13866 I GoogleInputMethodServic: GoogleInputMethodService.onStartInput():1808 
08-06 05:22:34.332 22687 22699 I art     : Explicit concurrent mark sweep GC freed 825(72KB) AllocSpace objects, 2(40KB) LOS objects, 27% free, 42MB/58MB, paused 1.601ms total 58.160ms
08-06 05:22:34.348 22687 22699 I art     : Starting a blocking GC Explicit
08-06 05:22:34.406 22687 22699 I art     : Explicit concurrent mark sweep GC freed 751(60KB) AllocSpace objects, 0(0B) LOS objects, 27% free, 42MB/58MB, paused 1.431ms total 57.843ms
08-06 05:22:34.420 22687 22699 I art     : Starting a blocking GC Explicit
08-06 05:22:34.478 22687 22699 I art     : Explicit concurrent mark sweep GC freed 98(5KB) AllocSpace objects, 1(28KB) LOS objects, 27% free, 42MB/58MB, paused 1.573ms total 57.501ms
08-06 05:22:34.617 32067 32067 I ServiceManager: Waiting for service AtCmdFwd...
08-06 05:22:34.732 22687 32222 E baseline.com.newsblur.network.APIResponse: Error (unexpected end of stream on https://www.newsblur.com/...) calling https://www.newsblur.com/reader/mark_story_hashes_as_read/
08-06 05:22:34.732 22687 32222 E baseline.com.newsblur.network.APIResponse: java.io.IOException: unexpected end of stream on https://www.newsblur.com/...
08-06 05:22:34.732 22687 32222 E baseline.com.newsblur.network.APIResponse: 	at okhttp3.internal.http1.Http1ExchangeCodec.readResponseHeaders(Http1ExchangeCodec.java:236)
08-06 05:22:34.732 22687 32222 E baseline.com.newsblur.network.APIResponse: 	at okhttp3.internal.connection.Exchange.readResponseHeaders(Exchange.java:115)
08-06 05:22:34.732 22687 32222 E baseline.com.newsblur.network.APIResponse: 	at okhttp3.internal.http.CallServerInterceptor.intercept(CallServerInterceptor.java:94)
08-06 05:22:34.732 22687 32222 E baseline.com.newsblur.network.APIResponse: 	at okhttp3.internal.http.RealInterceptorChain.proceed(RealInterceptorChain.java:142)
08-06 05:22:34.732 22687 32222 E baseline.com.newsblur.network.APIResponse: 	at okhttp3.internal.connection.ConnectInterceptor.intercept(ConnectInterceptor.java:43)
08-06 05:22:34.732 22687 32222 E baseline.com.newsblur.network.APIResponse: 	at okhttp3.internal.http.RealInterceptorChain.proceed(RealInterceptorChain.java:142)
08-06 05:22:34.732 22687 32222 E baseline.com.newsblur.network.APIResponse: 	at okhttp3.internal.http.RealInterceptorChain.proceed(RealInterceptorChain.java:117)
08-06 05:22:34.732 22687 32222 E baseline.com.newsblur.network.APIResponse: 	at okhttp3.internal.cache.CacheInterceptor.intercept(CacheInterceptor.java:94)
08-06 05:22:34.732 22687 32222 E baseline.com.newsblur.network.APIResponse: 	at okhttp3.internal.http.RealInterceptorChain.proceed(RealInterceptorChain.java:142)
08-06 05:22:34.732 22687 32222 E baseline.com.newsblur.network.APIResponse: 	at okhttp3.internal.http.RealInterceptorChain.proceed(RealInterceptorChain.java:117)
08-06 05:22:34.732 22687 32222 E baseline.com.newsblur.network.APIResponse: 	at okhttp3.internal.http.BridgeInterceptor.intercept(BridgeInterceptor.java:93)
08-06 05:22:34.732 22687 32222 E baseline.com.newsblur.network.APIResponse: 	at okhttp3.internal.http.RealInterceptorChain.proceed(RealInterceptorChain.java:142)
08-06 05:22:34.732 22687 32222 E baseline.com.newsblur.network.APIResponse: 	at okhttp3.internal.http.RetryAndFollowUpInterceptor.intercept(RetryAndFollowUpInterceptor.java:88)
08-06 05:22:34.732 22687 32222 E baseline.com.newsblur.network.APIResponse: 	at okhttp3.internal.http.RealInterceptorChain.proceed(RealInterceptorChain.java:142)
08-06 05:22:34.732 22687 32222 E baseline.com.newsblur.network.APIResponse: 	at okhttp3.internal.http.RealInterceptorChain.proceed(RealInterceptorChain.java:117)
08-06 05:22:34.732 22687 32222 E baseline.com.newsblur.network.APIResponse: 	at okhttp3.RealCall.getResponseWithInterceptorChain(RealCall.java:229)
08-06 05:22:34.732 22687 32222 E baseline.com.newsblur.network.APIResponse: 	at okhttp3.RealCall.execute(RealCall.java:81)
08-06 05:22:34.732 22687 32222 E baseline.com.newsblur.network.APIResponse: 	at baseline.com.newsblur.network.APIResponse.<init>(APIResponse.java:57)
08-06 05:22:34.732 22687 32222 E baseline.com.newsblur.network.APIResponse: 	at baseline.com.newsblur.network.APIResponse.<init>(APIResponse.java:43)
08-06 05:22:34.732 22687 32222 E baseline.com.newsblur.network.APIResponse: 	at baseline.com.newsblur.network.APIManager.post_single(APIManager.java:702)
08-06 05:22:34.732 22687 32222 E baseline.com.newsblur.network.APIResponse: 	at baseline.com.newsblur.network.APIManager.post(APIManager.java:675)
08-06 05:22:34.732 22687 32222 E baseline.com.newsblur.network.APIResponse: 	at baseline.com.newsblur.network.APIManager.post(APIManager.java:714)
08-06 05:22:34.732 22687 32222 E baseline.com.newsblur.network.APIResponse: 	at baseline.com.newsblur.network.APIManager.markStoryAsRead(APIManager.java:205)
08-06 05:22:34.732 22687 32222 E baseline.com.newsblur.network.APIResponse: 	at baseline.com.newsblur.util.ReadingAction.doRemote(ReadingAction.java:281)
08-06 05:22:34.732 22687 32222 E baseline.com.newsblur.network.APIResponse: 	at baseline.com.newsblur.service.NBSyncService.syncActions(NBSyncService.java:400)
08-06 05:22:34.732 22687 32222 E baseline.com.newsblur.network.APIResponse: 	at baseline.com.newsblur.service.NBSyncService.doSync(NBSyncService.java:298)
08-06 05:22:34.732 22687 32222 E baseline.com.newsblur.network.APIResponse: 	at baseline.com.newsblur.service.NBSyncService.access$100(NBSyncService.java:67)
08-06 05:22:34.732 22687 32222 E baseline.com.newsblur.network.APIResponse: 	at baseline.com.newsblur.service.NBSyncService$1.run(NBSyncService.java:188)
08-06 05:22:34.732 22687 32222 E baseline.com.newsblur.network.APIResponse: 	at java.util.concurrent.ThreadPoolExecutor.runWorker(ThreadPoolExecutor.java:1113)
08-06 05:22:34.732 22687 32222 E baseline.com.newsblur.network.APIResponse: 	at java.util.concurrent.ThreadPoolExecutor$Worker.run(ThreadPoolExecutor.java:588)
08-06 05:22:34.732 22687 32222 E baseline.com.newsblur.network.APIResponse: 	at java.lang.Thread.run(Thread.java:818)
08-06 05:22:34.732 22687 32222 E baseline.com.newsblur.network.APIResponse: Caused by: java.io.EOFException: \n not found: limit=0 content=
08-06 05:22:34.732 22687 32222 E baseline.com.newsblur.network.APIResponse: 	at okio.RealBufferedSource.readUtf8LineStrict(RealBufferedSource.java:240)
08-06 05:22:34.732 22687 32222 E baseline.com.newsblur.network.APIResponse: 	at okhttp3.internal.http1.Http1ExchangeCodec.readHeaderLine(Http1ExchangeCodec.java:242)
08-06 05:22:34.732 22687 32222 E baseline.com.newsblur.network.APIResponse: 	at okhttp3.internal.http1.Http1ExchangeCodec.readResponseHeaders(Http1ExchangeCodec.java:213)
08-06 05:22:34.732 22687 32222 E baseline.com.newsblur.network.APIResponse: 	... 30 more
08-06 05:22:34.733 22687 32222 I baseline.com.newsblur.service.NBSyncService: Holding reading action with server-side or network error.
08-06 05:22:34.744 22687 32222 W baseline.com.newsblur.service.NBSyncService: hard API failure
08-06 05:22:34.751 22687 32222 I baseline.com.newsblur.service.NBSyncService: recounting dirty feed sets: 1
08-06 05:22:34.858 22687 22699 I art     : Starting a blocking GC Explicit
08-06 05:22:34.933 22687 22699 I art     : Explicit concurrent mark sweep GC freed 6058(496KB) AllocSpace objects, 6(120KB) LOS objects, 27% free, 42MB/58MB, paused 2.060ms total 73.906ms
08-06 05:22:34.950 22687 22699 I art     : Starting a blocking GC Explicit
08-06 05:22:35.016 22687 22699 I art     : Explicit concurrent mark sweep GC freed 407(16KB) AllocSpace objects, 0(0B) LOS objects, 27% free, 42MB/58MB, paused 2.131ms total 65.233ms
08-06 05:22:35.034 22687 22699 I art     : Starting a blocking GC Explicit
08-06 05:22:35.100 22687 22699 I art     : Explicit concurrent mark sweep GC freed 13(416B) AllocSpace objects, 0(0B) LOS objects, 27% free, 42MB/58MB, paused 2.082ms total 65.919ms
08-06 05:22:35.117 22687 22699 I art     : Starting a blocking GC Explicit
08-06 05:22:35.159 22687 32222 E baseline.com.newsblur.network.APIResponse: Error (unexpected end of stream on https://www.newsblur.com/...) calling https://www.newsblur.com/reader/feed_unread_count?feed_id=0
08-06 05:22:35.159 22687 32222 E baseline.com.newsblur.network.APIResponse: java.io.IOException: unexpected end of stream on https://www.newsblur.com/...
08-06 05:22:35.159 22687 32222 E baseline.com.newsblur.network.APIResponse: 	at okhttp3.internal.http1.Http1ExchangeCodec.readResponseHeaders(Http1ExchangeCodec.java:236)
08-06 05:22:35.159 22687 32222 E baseline.com.newsblur.network.APIResponse: 	at okhttp3.internal.connection.Exchange.readResponseHeaders(Exchange.java:115)
08-06 05:22:35.159 22687 32222 E baseline.com.newsblur.network.APIResponse: 	at okhttp3.internal.http.CallServerInterceptor.intercept(CallServerInterceptor.java:94)
08-06 05:22:35.159 22687 32222 E baseline.com.newsblur.network.APIResponse: 	at okhttp3.internal.http.RealInterceptorChain.proceed(RealInterceptorChain.java:142)
08-06 05:22:35.159 22687 32222 E baseline.com.newsblur.network.APIResponse: 	at okhttp3.internal.connection.ConnectInterceptor.intercept(ConnectInterceptor.java:43)
08-06 05:22:35.159 22687 32222 E baseline.com.newsblur.network.APIResponse: 	at okhttp3.internal.http.RealInterceptorChain.proceed(RealInterceptorChain.java:142)
08-06 05:22:35.159 22687 32222 E baseline.com.newsblur.network.APIResponse: 	at okhttp3.internal.http.RealInterceptorChain.proceed(RealInterceptorChain.java:117)
08-06 05:22:35.159 22687 32222 E baseline.com.newsblur.network.APIResponse: 	at okhttp3.internal.cache.CacheInterceptor.intercept(CacheInterceptor.java:94)
08-06 05:22:35.159 22687 32222 E baseline.com.newsblur.network.APIResponse: 	at okhttp3.internal.http.RealInterceptorChain.proceed(RealInterceptorChain.java:142)
08-06 05:22:35.159 22687 32222 E baseline.com.newsblur.network.APIResponse: 	at okhttp3.internal.http.RealInterceptorChain.proceed(RealInterceptorChain.java:117)
08-06 05:22:35.159 22687 32222 E baseline.com.newsblur.network.APIResponse: 	at okhttp3.internal.http.BridgeInterceptor.intercept(BridgeInterceptor.java:93)
08-06 05:22:35.159 22687 32222 E baseline.com.newsblur.network.APIResponse: 	at okhttp3.internal.http.RealInterceptorChain.proceed(RealInterceptorChain.java:142)
08-06 05:22:35.159 22687 32222 E baseline.com.newsblur.network.APIResponse: 	at okhttp3.internal.http.RetryAndFollowUpInterceptor.intercept(RetryAndFollowUpInterceptor.java:88)
08-06 05:22:35.159 22687 32222 E baseline.com.newsblur.network.APIResponse: 	at okhttp3.internal.http.RealInterceptorChain.proceed(RealInterceptorChain.java:142)
08-06 05:22:35.159 22687 32222 E baseline.com.newsblur.network.APIResponse: 	at okhttp3.internal.http.RealInterceptorChain.proceed(RealInterceptorChain.java:117)
08-06 05:22:35.159 22687 32222 E baseline.com.newsblur.network.APIResponse: 	at okhttp3.RealCall.getResponseWithInterceptorChain(RealCall.java:229)
08-06 05:22:35.159 22687 32222 E baseline.com.newsblur.network.APIResponse: 	at okhttp3.RealCall.execute(RealCall.java:81)
08-06 05:22:35.159 22687 32222 E baseline.com.newsblur.network.APIResponse: 	at baseline.com.newsblur.network.APIResponse.<init>(APIResponse.java:57)
08-06 05:22:35.159 22687 32222 E baseline.com.newsblur.network.APIResponse: 	at baseline.com.newsblur.network.APIManager.get_single(APIManager.java:639)
08-06 05:22:35.159 22687 32222 E baseline.com.newsblur.network.APIResponse: 	at baseline.com.newsblur.network.APIManager.get(APIManager.java:625)
08-06 05:22:35.159 22687 32222 E baseline.com.newsblur.network.APIResponse: 	at baseline.com.newsblur.network.APIManager.get(APIManager.java:667)
08-06 05:22:35.159 22687 32222 E baseline.com.newsblur.network.APIResponse: 	at baseline.com.newsblur.network.APIManager.getFeedUnreadCounts(APIManager.java:274)
08-06 05:22:35.159 22687 32222 E baseline.com.newsblur.network.APIResponse: 	at baseline.com.newsblur.service.NBSyncService.checkRecounts(NBSyncService.java:660)
08-06 05:22:35.159 22687 32222 E baseline.com.newsblur.network.APIResponse: 	at baseline.com.newsblur.service.NBSyncService.doSync(NBSyncService.java:310)
08-06 05:22:35.159 22687 32222 E baseline.com.newsblur.network.APIResponse: 	at baseline.com.newsblur.service.NBSyncService.access$100(NBSyncService.java:67)
08-06 05:22:35.159 22687 32222 E baseline.com.newsblur.network.APIResponse: 	at baseline.com.newsblur.service.NBSyncService$1.run(NBSyncService.java:188)
08-06 05:22:35.159 22687 32222 E baseline.com.newsblur.network.APIResponse: 	at java.util.concurrent.ThreadPoolExecutor.runWorker(ThreadPoolExecutor.java:1113)
08-06 05:22:35.159 22687 32222 E baseline.com.newsblur.network.APIResponse: 	at java.util.concurrent.ThreadPoolExecutor$Worker.run(ThreadPoolExecutor.java:588)
08-06 05:22:35.159 22687 32222 E baseline.com.newsblur.network.APIResponse: 	at java.lang.Thread.run(Thread.java:818)
08-06 05:22:35.159 22687 32222 E baseline.com.newsblur.network.APIResponse: Caused by: java.io.EOFException: \n not found: limit=0 content=
08-06 05:22:35.159 22687 32222 E baseline.com.newsblur.network.APIResponse: 	at okio.RealBufferedSource.readUtf8LineStrict(RealBufferedSource.java:240)
08-06 05:22:35.159 22687 32222 E baseline.com.newsblur.network.APIResponse: 	at okhttp3.internal.http1.Http1ExchangeCodec.readHeaderLine(Http1ExchangeCodec.java:242)
08-06 05:22:35.159 22687 32222 E baseline.com.newsblur.network.APIResponse: 	at okhttp3.internal.http1.Http1ExchangeCodec.readResponseHeaders(Http1ExchangeCodec.java:213)
08-06 05:22:35.159 22687 32222 E baseline.com.newsblur.network.APIResponse: 	... 28 more
08-06 05:22:35.161 22687 32222 I baseline.com.newsblur.network.APIManager: API call failed, pausing before retry number 1
08-06 05:22:35.182 22687 22699 I art     : Explicit concurrent mark sweep GC freed 2410(257KB) AllocSpace objects, 2(40KB) LOS objects, 27% free, 42MB/58MB, paused 1.855ms total 65.296ms
08-06 05:22:35.198 22687 22699 I art     : Starting a blocking GC Explicit
08-06 05:22:35.264 22687 22699 I art     : Explicit concurrent mark sweep GC freed 169(18KB) AllocSpace objects, 0(0B) LOS objects, 27% free, 41MB/57MB, paused 1.721ms total 65.709ms
08-06 05:22:35.618 32067 32067 I ServiceManager: Waiting for service AtCmdFwd...
08-06 05:22:35.642 22687 30447 I art     : Starting a blocking GC Explicit
08-06 05:22:35.712 22687 30447 I art     : Explicit concurrent mark sweep GC freed 1518(85KB) AllocSpace objects, 1(20KB) LOS objects, 27% free, 41MB/57MB, paused 1.935ms total 69.373ms
08-06 05:22:35.730 22687 30447 I art     : Starting a blocking GC Explicit
08-06 05:22:35.791 22687 30447 I art     : Explicit concurrent mark sweep GC freed 29(1008B) AllocSpace objects, 0(0B) LOS objects, 27% free, 41MB/57MB, paused 1.496ms total 61.489ms
08-06 05:22:35.807 22687 30447 I art     : Starting a blocking GC Explicit
08-06 05:22:35.868 22687 30447 I art     : Explicit concurrent mark sweep GC freed 3(96B) AllocSpace objects, 0(0B) LOS objects, 27% free, 41MB/57MB, paused 1.693ms total 61.316ms
08-06 05:22:35.883 22687 30447 I art     : Starting a blocking GC Explicit
08-06 05:22:35.910   918  3261 D WifiStateMachine: starting scan for "H369AA63323"WPA_PSK with 2412,5180
08-06 05:22:35.931 32508 32508 D AndroidRuntime: >>>>>> START com.android.internal.os.RuntimeInit uid 2000 <<<<<<
08-06 05:22:35.937 32508 32508 D AndroidRuntime: CheckJNI is OFF
08-06 05:22:35.947 22687 30447 I art     : Explicit concurrent mark sweep GC freed 3(96B) AllocSpace objects, 0(0B) LOS objects, 27% free, 41MB/57MB, paused 1.637ms total 63.836ms
08-06 05:22:35.963 22687 30447 I art     : Starting a blocking GC Explicit
08-06 05:22:35.981 32508 32508 D ICU     : No timezone override file found: /data/misc/zoneinfo/current/icu/icu_tzdata.dat
08-06 05:22:36.022 22687 30447 I art     : Explicit concurrent mark sweep GC freed 3(96B) AllocSpace objects, 0(0B) LOS objects, 27% free, 41MB/57MB, paused 1.625ms total 58.920ms
08-06 05:22:36.025 32508 32508 I Radio-JNI: register_android_hardware_Radio DONE
08-06 05:22:36.056 32508 32508 D AndroidRuntime: Calling main entry com.android.commands.input.Input
08-06 05:22:36.058 32508 32508 I Input   : injectKeyEvent: KeyEvent { action=ACTION_DOWN, keyCode=KEYCODE_BACK, scanCode=0, metaState=0, flags=0x0, repeatCount=0, eventTime=854572471, downTime=854572471, deviceId=-1, source=0x101 }
08-06 05:22:36.064 32508 32508 I Input   : injectKeyEvent: KeyEvent { action=ACTION_UP, keyCode=KEYCODE_BACK, scanCode=0, metaState=0, flags=0x0, repeatCount=0, eventTime=854572471, downTime=854572471, deviceId=-1, source=0x101 }
08-06 05:22:36.071 32508 32508 D AndroidRuntime: Shutting down VM
08-06 05:22:36.311 13866 13866 I GoogleInputMethodServic: GoogleInputMethodService.onFinishInput():3138 
08-06 05:22:36.312 13866 13866 I GoogleInputMethodServic: GoogleInputMethodService.onStartInput():1808 
08-06 05:22:36.399 22687 30790 I art     : Starting a blocking GC Explicit
08-06 05:22:36.471 22687 30790 I art     : Explicit concurrent mark sweep GC freed 9760(666KB) AllocSpace objects, 13(260KB) LOS objects, 27% free, 42MB/58MB, paused 2.134ms total 71.233ms
08-06 05:22:36.486 22687 30790 I art     : Starting a blocking GC Explicit
08-06 05:22:36.558 22687 30790 I art     : Explicit concurrent mark sweep GC freed 235(9KB) AllocSpace objects, 0(0B) LOS objects, 27% free, 41MB/57MB, paused 1.684ms total 71.800ms
08-06 05:22:36.578 22687 30790 I art     : Starting a blocking GC Explicit
08-06 05:22:36.618 32067 32067 I ServiceManager: Waiting for service AtCmdFwd...
08-06 05:22:36.643 22687 30790 I art     : Explicit concurrent mark sweep GC freed 397(17KB) AllocSpace objects, 0(0B) LOS objects, 27% free, 41MB/57MB, paused 1.589ms total 65.195ms
08-06 05:22:36.661 22687 30790 I art     : Starting a blocking GC Explicit
08-06 05:22:36.719 22687 30790 I art     : Explicit concurrent mark sweep GC freed 155(6KB) AllocSpace objects, 0(0B) LOS objects, 27% free, 41MB/57MB, paused 1.784ms total 57.802ms
08-06 05:22:36.735 22687 30790 I art     : Starting a blocking GC Explicit
08-06 05:22:36.796 22687 30790 I art     : Explicit concurrent mark sweep GC freed 223(12KB) AllocSpace objects, 0(0B) LOS objects, 27% free, 42MB/58MB, paused 1.509ms total 61.296ms
08-06 05:22:37.185 22687 22699 I art     : Starting a blocking GC Explicit
08-06 05:22:37.197 22687 32222 E baseline.com.newsblur.network.APIResponse: Error (unexpected end of stream on https://www.newsblur.com/...) calling https://www.newsblur.com/reader/feed_unread_count?feed_id=0
08-06 05:22:37.197 22687 32222 E baseline.com.newsblur.network.APIResponse: java.io.IOException: unexpected end of stream on https://www.newsblur.com/...
08-06 05:22:37.197 22687 32222 E baseline.com.newsblur.network.APIResponse: 	at okhttp3.internal.http1.Http1ExchangeCodec.readResponseHeaders(Http1ExchangeCodec.java:236)
08-06 05:22:37.197 22687 32222 E baseline.com.newsblur.network.APIResponse: 	at okhttp3.internal.connection.Exchange.readResponseHeaders(Exchange.java:115)
08-06 05:22:37.197 22687 32222 E baseline.com.newsblur.network.APIResponse: 	at okhttp3.internal.http.CallServerInterceptor.intercept(CallServerInterceptor.java:94)
08-06 05:22:37.197 22687 32222 E baseline.com.newsblur.network.APIResponse: 	at okhttp3.internal.http.RealInterceptorChain.proceed(RealInterceptorChain.java:142)
08-06 05:22:37.197 22687 32222 E baseline.com.newsblur.network.APIResponse: 	at okhttp3.internal.connection.ConnectInterceptor.intercept(ConnectInterceptor.java:43)
08-06 05:22:37.197 22687 32222 E baseline.com.newsblur.network.APIResponse: 	at okhttp3.internal.http.RealInterceptorChain.proceed(RealInterceptorChain.java:142)
08-06 05:22:37.197 22687 32222 E baseline.com.newsblur.network.APIResponse: 	at okhttp3.internal.http.RealInterceptorChain.proceed(RealInterceptorChain.java:117)
08-06 05:22:37.197 22687 32222 E baseline.com.newsblur.network.APIResponse: 	at okhttp3.internal.cache.CacheInterceptor.intercept(CacheInterceptor.java:94)
08-06 05:22:37.197 22687 32222 E baseline.com.newsblur.network.APIResponse: 	at okhttp3.internal.http.RealInterceptorChain.proceed(RealInterceptorChain.java:142)
08-06 05:22:37.197 22687 32222 E baseline.com.newsblur.network.APIResponse: 	at okhttp3.internal.http.RealInterceptorChain.proceed(RealInterceptorChain.java:117)
08-06 05:22:37.197 22687 32222 E baseline.com.newsblur.network.APIResponse: 	at okhttp3.internal.http.BridgeInterceptor.intercept(BridgeInterceptor.java:93)
08-06 05:22:37.197 22687 32222 E baseline.com.newsblur.network.APIResponse: 	at okhttp3.internal.http.RealInterceptorChain.proceed(RealInterceptorChain.java:142)
08-06 05:22:37.197 22687 32222 E baseline.com.newsblur.network.APIResponse: 	at okhttp3.internal.http.RetryAndFollowUpInterceptor.intercept(RetryAndFollowUpInterceptor.java:88)
08-06 05:22:37.197 22687 32222 E baseline.com.newsblur.network.APIResponse: 	at okhttp3.internal.http.RealInterceptorChain.proceed(RealInterceptorChain.java:142)
08-06 05:22:37.197 22687 32222 E baseline.com.newsblur.network.APIResponse: 	at okhttp3.internal.http.RealInterceptorChain.proceed(RealInterceptorChain.java:117)
08-06 05:22:37.197 22687 32222 E baseline.com.newsblur.network.APIResponse: 	at okhttp3.RealCall.getResponseWithInterceptorChain(RealCall.java:229)
08-06 05:22:37.197 22687 32222 E baseline.com.newsblur.network.APIResponse: 	at okhttp3.RealCall.execute(RealCall.java:81)
08-06 05:22:37.197 22687 32222 E baseline.com.newsblur.network.APIResponse: 	at baseline.com.newsblur.network.APIResponse.<init>(APIResponse.java:57)
08-06 05:22:37.197 22687 32222 E baseline.com.newsblur.network.APIResponse: 	at baseline.com.newsblur.network.APIManager.get_single(APIManager.java:639)
08-06 05:22:37.197 22687 32222 E baseline.com.newsblur.network.APIResponse: 	at baseline.com.newsblur.network.APIManager.get(APIManager.java:625)
08-06 05:22:37.197 22687 32222 E baseline.com.newsblur.network.APIResponse: 	at baseline.com.newsblur.network.APIManager.get(APIManager.java:667)
08-06 05:22:37.197 22687 32222 E baseline.com.newsblur.network.APIResponse: 	at baseline.com.newsblur.network.APIManager.getFeedUnreadCounts(APIManager.java:274)
08-06 05:22:37.197 22687 32222 E baseline.com.newsblur.network.APIResponse: 	at baseline.com.newsblur.service.NBSyncService.checkRecounts(NBSyncService.java:660)
08-06 05:22:37.197 22687 32222 E baseline.com.newsblur.network.APIResponse: 	at baseline.com.newsblur.service.NBSyncService.doSync(NBSyncService.java:310)
08-06 05:22:37.197 22687 32222 E baseline.com.newsblur.network.APIResponse: 	at baseline.com.newsblur.service.NBSyncService.access$100(NBSyncService.java:67)
08-06 05:22:37.197 22687 32222 E baseline.com.newsblur.network.APIResponse: 	at baseline.com.newsblur.service.NBSyncService$1.run(NBSyncService.java:188)
08-06 05:22:37.197 22687 32222 E baseline.com.newsblur.network.APIResponse: 	at java.util.concurrent.ThreadPoolExecutor.runWorker(ThreadPoolExecutor.java:1113)
08-06 05:22:37.197 22687 32222 E baseline.com.newsblur.network.APIResponse: 	at java.util.concurrent.ThreadPoolExecutor$Worker.run(ThreadPoolExecutor.java:588)
08-06 05:22:37.197 22687 32222 E baseline.com.newsblur.network.APIResponse: 	at java.lang.Thread.run(Thread.java:818)
08-06 05:22:37.197 22687 32222 E baseline.com.newsblur.network.APIResponse: Caused by: java.io.EOFException: \n not found: limit=0 content=
08-06 05:22:37.197 22687 32222 E baseline.com.newsblur.network.APIResponse: 	at okio.RealBufferedSource.readUtf8LineStrict(RealBufferedSource.java:240)
08-06 05:22:37.197 22687 32222 E baseline.com.newsblur.network.APIResponse: 	at okhttp3.internal.http1.Http1ExchangeCodec.readHeaderLine(Http1ExchangeCodec.java:242)
08-06 05:22:37.197 22687 32222 E baseline.com.newsblur.network.APIResponse: 	at okhttp3.internal.http1.Http1ExchangeCodec.readResponseHeaders(Http1ExchangeCodec.java:213)
08-06 05:22:37.197 22687 32222 E baseline.com.newsblur.network.APIResponse: 	... 28 more
08-06 05:22:37.199 22687 32222 I baseline.com.newsblur.network.APIManager: API call failed, pausing before retry number 2
08-06 05:22:37.252 22687 22699 I art     : Explicit concurrent mark sweep GC freed 3919(343KB) AllocSpace objects, 3(60KB) LOS objects, 27% free, 42MB/58MB, paused 1.878ms total 67.240ms
08-06 05:22:37.269 22687 22699 I art     : Starting a blocking GC Explicit
08-06 05:22:37.330 22687 22699 I art     : Explicit concurrent mark sweep GC freed 184(18KB) AllocSpace objects, 0(0B) LOS objects, 27% free, 41MB/57MB, paused 1.474ms total 60.716ms
08-06 05:22:37.346 22687 22699 I art     : Starting a blocking GC Explicit
08-06 05:22:37.402 22687 22699 I art     : Explicit concurrent mark sweep GC freed 12(384B) AllocSpace objects, 0(0B) LOS objects, 27% free, 41MB/57MB, paused 1.573ms total 55.838ms
08-06 05:22:37.416 22687 22699 I art     : Starting a blocking GC Explicit
08-06 05:22:37.474 22687 22699 I art     : Explicit concurrent mark sweep GC freed 11(352B) AllocSpace objects, 0(0B) LOS objects, 27% free, 41MB/57MB, paused 1.509ms total 58.460ms
08-06 05:22:37.490 22687 22699 I art     : Starting a blocking GC Explicit
08-06 05:22:37.548 22687 22699 I art     : Explicit concurrent mark sweep GC freed 12(384B) AllocSpace objects, 0(0B) LOS objects, 27% free, 41MB/57MB, paused 1.589ms total 57.249ms
08-06 05:22:37.619 32067 32067 I ServiceManager: Waiting for service AtCmdFwd...
08-06 05:22:37.876 32556 32556 D AndroidRuntime: >>>>>> START com.android.internal.os.RuntimeInit uid 2000 <<<<<<
08-06 05:22:37.882 32556 32556 D AndroidRuntime: CheckJNI is OFF
08-06 05:22:37.928 32556 32556 D ICU     : No timezone override file found: /data/misc/zoneinfo/current/icu/icu_tzdata.dat
08-06 05:22:37.933 22687 22698 I art     : Starting a blocking GC Explicit
08-06 05:22:37.975 32556 32556 I Radio-JNI: register_android_hardware_Radio DONE
08-06 05:22:38.000 22687 22698 I art     : Explicit concurrent mark sweep GC freed 1464(83KB) AllocSpace objects, 1(20KB) LOS objects, 27% free, 41MB/57MB, paused 1.716ms total 66.581ms
08-06 05:22:38.004 32556 32556 D AndroidRuntime: Calling main entry com.android.commands.am.Am
08-06 05:22:38.015  3167  3167 I Trepn   : Trepn 6.2s: Received intent: com.quicinc.trepn.stop_profiling
08-06 05:22:38.015 22687 22698 I art     : Starting a blocking GC Explicit
08-06 05:22:38.064  3167  3167 I Trepn   : Trepn 6.2s: Trepn has Stopped Profiling.
08-06 05:22:38.073 22687 22698 I art     : Explicit concurrent mark sweep GC freed 22(784B) AllocSpace objects, 0(0B) LOS objects, 27% free, 41MB/57MB, paused 1.462ms total 57.591ms
08-06 05:22:38.088 22687 22698 I art     : Starting a blocking GC Explicit
08-06 05:22:38.151 22687 22698 I art     : Explicit concurrent mark sweep GC freed 3(96B) AllocSpace objects, 0(0B) LOS objects, 27% free, 41MB/57MB, paused 1.558ms total 62.774ms
08-06 05:22:38.166 22687 22698 I art     : Starting a blocking GC Explicit
08-06 05:22:38.227 22687 22698 I art     : Explicit concurrent mark sweep GC freed 3(96B) AllocSpace objects, 0(0B) LOS objects, 27% free, 41MB/57MB, paused 1.463ms total 60.015ms
08-06 05:22:38.242 22687 22698 I art     : Starting a blocking GC Explicit
08-06 05:22:38.248 32556 32556 D AndroidRuntime: Shutting down VM
08-06 05:22:38.252   918  4413 W AppOps  : Finishing op nesting under-run: uid 10078 pkg com.quicinc.trepn code 24 time=0 duration=0 nesting=0
08-06 05:22:38.298 22687 22698 I art     : Explicit concurrent mark sweep GC freed 3(96B) AllocSpace objects, 0(0B) LOS objects, 27% free, 41MB/57MB, paused 1.556ms total 56.311ms
08-06 05:22:38.619 32067 32067 W Atfwd_Sendcmd: AtCmdFwd service not published, waiting... retryCnt : 3
08-06 05:22:38.689 22687 22699 I art     : Starting a blocking GC Explicit
08-06 05:22:38.753 22687 22699 I art     : Explicit concurrent mark sweep GC freed 1441(82KB) AllocSpace objects, 1(20KB) LOS objects, 27% free, 41MB/57MB, paused 1.541ms total 63.452ms
08-06 05:22:38.768 22687 22699 I art     : Starting a blocking GC Explicit
08-06 05:22:38.829 22687 22699 I art     : Explicit concurrent mark sweep GC freed 22(784B) AllocSpace objects, 0(0B) LOS objects, 27% free, 41MB/57MB, paused 1.634ms total 59.996ms
08-06 05:22:38.844 22687 22699 I art     : Starting a blocking GC Explicit
08-06 05:22:38.904 22687 22699 I art     : Explicit concurrent mark sweep GC freed 3(96B) AllocSpace objects, 0(0B) LOS objects, 27% free, 41MB/57MB, paused 1.517ms total 59.390ms
08-06 05:22:38.918 22687 22699 I art     : Starting a blocking GC Explicit
08-06 05:22:38.979 22687 22699 I art     : Explicit concurrent mark sweep GC freed 3(96B) AllocSpace objects, 0(0B) LOS objects, 27% free, 41MB/57MB, paused 1.834ms total 59.996ms
08-06 05:22:38.994 22687 22699 I art     : Starting a blocking GC Explicit
08-06 05:22:39.053 22687 22699 I art     : Explicit concurrent mark sweep GC freed 3(96B) AllocSpace objects, 0(0B) LOS objects, 27% free, 41MB/57MB, paused 1.485ms total 59.467ms
