--------- beginning of main
08-06 04:33:02.204 20739 20739 D AndroidRuntime: >>>>>> START com.android.internal.os.RuntimeInit uid 2000 <<<<<<
08-06 04:33:02.211 20739 20739 D AndroidRuntime: CheckJNI is OFF
08-06 04:33:02.247 20739 20739 D ICU     : No timezone override file found: /data/misc/zoneinfo/current/icu/icu_tzdata.dat
08-06 04:33:02.278 20739 20739 I Radio-JNI: register_android_hardware_Radio DONE
08-06 04:33:02.294 20739 20739 D AndroidRuntime: Calling main entry com.android.commands.monkey.Monkey
--------- beginning of system
08-06 04:33:02.311   918   931 W BroadcastQueue: Skipping deliver [background] BroadcastRecord{5696d95 u-1 android.net.conn.CONNECTIVITY_CHANGE} to ReceiverList{3853eaa 20739 (unknown name)/2000/u-1 remote:633357f}: process crashing
08-06 04:33:02.322   918  3670 I ActivityManager: START u0 {act=android.intent.action.MAIN cat=[android.intent.category.LAUNCHER] flg=0x10200000 cmp=baseline.com.newsblur/.activity.InitActivity} from uid 2000 on display 0
08-06 04:33:02.337   918   932 I sensors : batch
08-06 04:33:02.348   918  3188 I hubconnection: sensorhub said: 'batch 31 flags:0, sampling_rate_Hz:15.00, max_report_latency_us:0'
08-06 04:33:02.366   918   932 I sensors : flush
08-06 04:33:02.367 20739 20739 I art     : System.exit called, status: 0
08-06 04:33:02.367 20739 20739 I AndroidRuntime: VM exiting with result code 0.
08-06 04:33:02.372   918  3188 I hubconnection: sensorhub said: 'flush 31'
08-06 04:33:02.372   918  3188 I hubconnection: saw sensor 31 flushed
08-06 04:33:02.409 24686 24686 I baseline.com.newsblur.activity.InitActivity: cold launching version 9.0b1
08-06 04:33:02.415 24686 20754 D OpenGLRenderer: Use EGL_SWAP_BEHAVIOR_PRESERVED: true
08-06 04:33:02.428 16458  6583 I PBSessionCacheImpl: Deleted sessionId[72384646105454640] from persistence.
08-06 04:33:02.432 16458 16488 W SearchServiceCore: Abort, client detached.
08-06 04:33:02.432 16458 16488 I MicroDetectionState: Should stop hotword detection immediately - true
08-06 04:33:02.468   918  6111 I ActivityManager: START u0 {cmp=baseline.com.newsblur/.activity.Main} from uid 10698 on display 0
08-06 04:33:02.478 24686 20754 I Adreno  : QUALCOMM build                   : fcf4852, I1af360237c
08-06 04:33:02.478 24686 20754 I Adreno  : Build Date                       : 09/23/15
08-06 04:33:02.478 24686 20754 I Adreno  : OpenGL ES Shader Compiler Version: XE031.05.13.02
08-06 04:33:02.478 24686 20754 I Adreno  : Local Branch                     : mybranch14465806
08-06 04:33:02.478 24686 20754 I Adreno  : Remote Branch                    : quic/LA.BF64.1.2.9_v2
08-06 04:33:02.478 24686 20754 I Adreno  : Remote Branch                    : NONE
08-06 04:33:02.478 24686 20754 I Adreno  : Reconstruct Branch               : NOTHING
08-06 04:33:02.481 24686 20754 I OpenGLRenderer: Initialized EGL, version 1.4
08-06 04:33:02.500   918  5132 W InputMethodManagerService: Focus gain on non-focused client com.android.internal.view.IInputMethodClient$Stub$Proxy@30bd0bd (uid=10698 pid=24686)
08-06 04:33:02.583   918   927 I art     : Background partial concurrent mark sweep GC freed 138086(11MB) AllocSpace objects, 144(3MB) LOS objects, 18% free, 69MB/85MB, paused 1.170ms total 166.270ms
08-06 04:33:02.609 24686 24686 I art     : Rejecting re-init on previously-failed class java.lang.Class<androidx.core.view.ViewCompat$OnUnhandledKeyEventListenerWrapper>
08-06 04:33:02.609 24686 24686 I art     : Rejecting re-init on previously-failed class java.lang.Class<androidx.core.view.ViewCompat$OnUnhandledKeyEventListenerWrapper>
08-06 04:33:02.635 24686 24686 E BitmapFactory: Unable to decode stream: java.io.FileNotFoundException: /data/user/0/baseline.com.newsblur/cache/userProfilePicture: open failed: ENOENT (No such file or directory)
08-06 04:33:02.717 24686 20762 I baseline.com.newsblur.service.NBSyncService: ready to sync feed list
08-06 04:33:02.762 13866 13866 I GoogleInputMethodServic: GoogleInputMethodService.onFinishInput():3138 
08-06 04:33:02.763 13866 13866 I GoogleInputMethodServic: GoogleInputMethodService.onStartInput():1808 
08-06 04:33:02.855   918   936 I ActivityManager: Displayed baseline.com.newsblur/.activity.Main: +354ms (total +525ms)
08-06 04:33:03.318 24686 20762 I NAPPA_EXPERIMENTATION: MetricNetworkRequestExecutionTime: REQUEST_DURATION_SYSTEM='599',REQUEST_DURATION_OKHTTP='34',REQUEST_SYNCHRONOUS='TRUE',RESPONSE_CODE='200',RESPONSE_METHOD='GET',RESPONSE_LENGTH_OKHTTP='-1',RESPONSE_LENGTH_HEADER='-2',REQUEST_PROTOCOL='http/1.1',REQUEST_URL='https://www.newsblur.com/reader/feeds/?update_counts=true',
08-06 04:33:03.319 24686 20762 D MY_TAG  : 0, 599
08-06 04:33:03.357 24686 20762 I baseline.com.newsblur.service.NBSyncService: got feed list: 1 feeds in  conn:599 read:2 parse:4 store:31
08-06 04:33:03.805 24686 20769 I NAPPA_EXPERIMENTATION: MetricNetworkRequestExecutionTime: REQUEST_DURATION_SYSTEM='442',REQUEST_DURATION_OKHTTP='38',REQUEST_SYNCHRONOUS='TRUE',RESPONSE_CODE='200',RESPONSE_METHOD='GET',RESPONSE_LENGTH_OKHTTP='-1',RESPONSE_LENGTH_HEADER='-2',REQUEST_PROTOCOL='http/1.1',REQUEST_URL='https://www.newsblur.com/reader/unread_story_hashes?include_timestamps=1',
08-06 04:33:03.805 24686 20769 D MY_TAG  : 0, 442
08-06 04:33:03.817 24686 20769 I baseline.com.newsblur.service.UnreadsService: starting unread count: 0
08-06 04:33:03.818 24686 20769 I baseline.com.newsblur.service.UnreadsService: new unread count:      0
08-06 04:33:03.818 24686 20769 I baseline.com.newsblur.service.UnreadsService: new unreads found:     0
08-06 04:33:03.818 24686 20769 I baseline.com.newsblur.service.UnreadsService: unreads to retire:     0
08-06 04:33:03.897 20782 20782 D AndroidRuntime: >>>>>> START com.android.internal.os.RuntimeInit uid 2000 <<<<<<
08-06 04:33:03.901 20782 20782 D AndroidRuntime: CheckJNI is OFF
08-06 04:33:03.927 20782 20782 D ICU     : No timezone override file found: /data/misc/zoneinfo/current/icu/icu_tzdata.dat
08-06 04:33:03.956 20782 20782 I Radio-JNI: register_android_hardware_Radio DONE
08-06 04:33:03.972 20782 20782 D AndroidRuntime: Calling main entry com.android.commands.am.Am
08-06 04:33:03.979  3167  3167 I Trepn   : Trepn 6.2s: Received intent: com.quicinc.trepn.start_profiling
08-06 04:33:04.077  3167  3167 W FileUtils: Failed to chmod(/storage/emulated/0/trepn/Trepn_2020.08.06_043304.db): android.system.ErrnoException: chmod failed: EPERM (Operation not permitted)
08-06 04:33:04.159  3167  3167 I Trepn   : Trepn 6.2s: Trepn has Started Profiling.
08-06 04:33:04.160 20782 20782 D AndroidRuntime: Shutting down VM
08-06 04:33:04.629 24686 24697 I art     : Starting a blocking GC Explicit
08-06 04:33:04.652 24686 24697 I art     : Explicit concurrent mark sweep GC freed 31268(2005KB) AllocSpace objects, 41(1140KB) LOS objects, 37% free, 26MB/42MB, paused 203us total 22.072ms
08-06 04:33:04.665 24686 24697 I art     : Starting a blocking GC Explicit
08-06 04:33:04.676 24686 24697 I art     : Explicit concurrent mark sweep GC freed 2443(198KB) AllocSpace objects, 0(0B) LOS objects, 38% free, 26MB/42MB, paused 176us total 11.484ms
08-06 04:33:04.682 24686 24697 I art     : Starting a blocking GC Explicit
08-06 04:33:04.693 24686 24697 I art     : Explicit concurrent mark sweep GC freed 3(96B) AllocSpace objects, 0(0B) LOS objects, 38% free, 26MB/42MB, paused 171us total 11.034ms
08-06 04:33:04.699 24686 24697 I art     : Starting a blocking GC Explicit
08-06 04:33:04.710 24686 24697 I art     : Explicit concurrent mark sweep GC freed 3(96B) AllocSpace objects, 0(0B) LOS objects, 38% free, 26MB/42MB, paused 166us total 10.985ms
08-06 04:33:04.716 24686 24697 I art     : Starting a blocking GC Explicit
08-06 04:33:04.728 24686 24697 I art     : Explicit concurrent mark sweep GC freed 3(96B) AllocSpace objects, 0(0B) LOS objects, 38% free, 26MB/42MB, paused 174us total 11.163ms
08-06 04:33:05.011 24686 24698 I art     : Starting a blocking GC Explicit
08-06 04:33:05.028 24686 24698 I art     : Explicit concurrent mark sweep GC freed 1390(80KB) AllocSpace objects, 1(20KB) LOS objects, 38% free, 26MB/42MB, paused 204us total 16.835ms
08-06 04:33:05.037 24686 24698 I art     : Starting a blocking GC Explicit
08-06 04:33:05.049 24686 24698 I art     : Explicit concurrent mark sweep GC freed 20(704B) AllocSpace objects, 0(0B) LOS objects, 38% free, 26MB/42MB, paused 187us total 11.496ms
08-06 04:33:05.055 24686 24698 I art     : Starting a blocking GC Explicit
08-06 04:33:05.067 24686 24698 I art     : Explicit concurrent mark sweep GC freed 3(96B) AllocSpace objects, 0(0B) LOS objects, 38% free, 26MB/42MB, paused 176us total 11.852ms
08-06 04:33:05.073 24686 24698 I art     : Starting a blocking GC Explicit
08-06 04:33:05.085 24686 24698 I art     : Explicit concurrent mark sweep GC freed 3(96B) AllocSpace objects, 0(0B) LOS objects, 38% free, 26MB/42MB, paused 170us total 11.248ms
08-06 04:33:05.091 24686 24698 I art     : Starting a blocking GC Explicit
08-06 04:33:05.102 24686 24698 I art     : Explicit concurrent mark sweep GC freed 3(96B) AllocSpace objects, 0(0B) LOS objects, 38% free, 26MB/42MB, paused 172us total 11.241ms
08-06 04:33:05.380 24686 20764 I art     : Starting a blocking GC Explicit
08-06 04:33:05.394 24686 20764 I art     : Explicit concurrent mark sweep GC freed 1380(80KB) AllocSpace objects, 1(20KB) LOS objects, 38% free, 26MB/42MB, paused 197us total 13.900ms
08-06 04:33:05.401 24686 20764 I art     : Starting a blocking GC Explicit
08-06 04:33:05.413 24686 20764 I art     : Explicit concurrent mark sweep GC freed 20(704B) AllocSpace objects, 0(0B) LOS objects, 38% free, 26MB/42MB, paused 182us total 12.079ms
08-06 04:33:05.420 24686 20764 I art     : Starting a blocking GC Explicit
08-06 04:33:05.432 24686 20764 I art     : Explicit concurrent mark sweep GC freed 3(96B) AllocSpace objects, 0(0B) LOS objects, 38% free, 26MB/42MB, paused 175us total 11.789ms
08-06 04:33:05.438 24686 20764 I art     : Starting a blocking GC Explicit
08-06 04:33:05.449 24686 20764 I art     : Explicit concurrent mark sweep GC freed 3(96B) AllocSpace objects, 0(0B) LOS objects, 38% free, 26MB/42MB, paused 176us total 10.668ms
08-06 04:33:05.455 24686 20764 I art     : Starting a blocking GC Explicit
08-06 04:33:05.466 24686 20764 I art     : Explicit concurrent mark sweep GC freed 3(96B) AllocSpace objects, 0(0B) LOS objects, 38% free, 26MB/42MB, paused 172us total 10.889ms
08-06 04:33:05.769 24686 24697 I art     : Starting a blocking GC Explicit
08-06 04:33:05.786 24686 24697 I art     : Explicit concurrent mark sweep GC freed 1376(79KB) AllocSpace objects, 1(20KB) LOS objects, 38% free, 26MB/42MB, paused 239us total 17.185ms
08-06 04:33:05.796 24686 24697 I art     : Starting a blocking GC Explicit
08-06 04:33:05.812 24686 24697 I art     : Explicit concurrent mark sweep GC freed 20(704B) AllocSpace objects, 0(0B) LOS objects, 38% free, 26MB/42MB, paused 184us total 14.926ms
08-06 04:33:05.819 24686 24697 I art     : Starting a blocking GC Explicit
08-06 04:33:05.831 24686 24697 I art     : Explicit concurrent mark sweep GC freed 3(96B) AllocSpace objects, 0(0B) LOS objects, 38% free, 26MB/42MB, paused 172us total 11.670ms
08-06 04:33:05.837 24686 24697 I art     : Starting a blocking GC Explicit
08-06 04:33:05.849 24686 24697 I art     : Explicit concurrent mark sweep GC freed 3(96B) AllocSpace objects, 0(0B) LOS objects, 38% free, 26MB/42MB, paused 165us total 11.626ms
08-06 04:33:05.855 24686 24697 I art     : Starting a blocking GC Explicit
08-06 04:33:05.866 24686 24697 I art     : Explicit concurrent mark sweep GC freed 3(96B) AllocSpace objects, 0(0B) LOS objects, 38% free, 26MB/42MB, paused 167us total 10.920ms
08-06 04:33:06.159 24686 24698 I art     : Starting a blocking GC Explicit
08-06 04:33:06.176 24686 24698 I art     : Explicit concurrent mark sweep GC freed 1378(80KB) AllocSpace objects, 1(20KB) LOS objects, 38% free, 26MB/42MB, paused 211us total 16.452ms
08-06 04:33:06.185 24686 24698 I art     : Starting a blocking GC Explicit
08-06 04:33:06.197 24686 24698 I art     : Explicit concurrent mark sweep GC freed 20(704B) AllocSpace objects, 0(0B) LOS objects, 38% free, 26MB/42MB, paused 182us total 11.799ms
08-06 04:33:06.204 24686 24698 I art     : Starting a blocking GC Explicit
08-06 04:33:06.215 24686 24698 I art     : Explicit concurrent mark sweep GC freed 3(96B) AllocSpace objects, 0(0B) LOS objects, 38% free, 26MB/42MB, paused 168us total 11.540ms
08-06 04:33:06.222 24686 24698 I art     : Starting a blocking GC Explicit
08-06 04:33:06.233 24686 24698 I art     : Explicit concurrent mark sweep GC freed 3(96B) AllocSpace objects, 0(0B) LOS objects, 38% free, 26MB/42MB, paused 176us total 11.506ms
08-06 04:33:06.240 24686 24698 I art     : Starting a blocking GC Explicit
08-06 04:33:06.251 24686 24698 I art     : Explicit concurrent mark sweep GC freed 3(96B) AllocSpace objects, 0(0B) LOS objects, 38% free, 26MB/42MB, paused 187us total 11.181ms
08-06 04:33:06.539 24686 20764 I art     : Starting a blocking GC Explicit
08-06 04:33:06.556 24686 20764 I art     : Explicit concurrent mark sweep GC freed 1375(79KB) AllocSpace objects, 1(20KB) LOS objects, 38% free, 26MB/42MB, paused 210us total 16.445ms
08-06 04:33:06.564 24686 20764 I art     : Starting a blocking GC Explicit
08-06 04:33:06.576 24686 20764 I art     : Explicit concurrent mark sweep GC freed 20(704B) AllocSpace objects, 0(0B) LOS objects, 38% free, 26MB/42MB, paused 189us total 12.098ms
08-06 04:33:06.583 24686 20764 I art     : Starting a blocking GC Explicit
08-06 04:33:06.595 24686 20764 I art     : Explicit concurrent mark sweep GC freed 3(96B) AllocSpace objects, 0(0B) LOS objects, 38% free, 26MB/42MB, paused 188us total 11.675ms
08-06 04:33:06.601 24686 20764 I art     : Starting a blocking GC Explicit
08-06 04:33:06.613 24686 20764 I art     : Explicit concurrent mark sweep GC freed 3(96B) AllocSpace objects, 0(0B) LOS objects, 38% free, 26MB/42MB, paused 176us total 11.431ms
08-06 04:33:06.619 24686 20764 I art     : Starting a blocking GC Explicit
08-06 04:33:06.630 24686 20764 I art     : Explicit concurrent mark sweep GC freed 3(96B) AllocSpace objects, 0(0B) LOS objects, 38% free, 26MB/42MB, paused 172us total 10.859ms
08-06 04:33:06.937 24686 24697 I art     : Starting a blocking GC Explicit
08-06 04:33:06.955 24686 24697 I art     : Explicit concurrent mark sweep GC freed 1376(79KB) AllocSpace objects, 1(20KB) LOS objects, 38% free, 26MB/42MB, paused 235us total 17.057ms
08-06 04:33:06.965 24686 24697 I art     : Starting a blocking GC Explicit
08-06 04:33:06.980 24686 24697 I art     : Explicit concurrent mark sweep GC freed 20(704B) AllocSpace objects, 0(0B) LOS objects, 38% free, 26MB/42MB, paused 196us total 14.828ms
08-06 04:33:06.988 24686 24697 I art     : Starting a blocking GC Explicit
08-06 04:33:07.000 24686 24697 I art     : Explicit concurrent mark sweep GC freed 3(96B) AllocSpace objects, 0(0B) LOS objects, 38% free, 26MB/42MB, paused 179us total 11.321ms
08-06 04:33:07.006 24686 24697 I art     : Starting a blocking GC Explicit
08-06 04:33:07.018 24686 24697 I art     : Explicit concurrent mark sweep GC freed 3(96B) AllocSpace objects, 0(0B) LOS objects, 38% free, 26MB/42MB, paused 185us total 11.540ms
08-06 04:33:07.025 24686 24697 I art     : Starting a blocking GC Explicit
08-06 04:33:07.036 24686 24697 I art     : Explicit concurrent mark sweep GC freed 3(96B) AllocSpace objects, 0(0B) LOS objects, 38% free, 26MB/42MB, paused 173us total 11.410ms
08-06 04:33:07.343 24686 24698 I art     : Starting a blocking GC Explicit
08-06 04:33:07.361 24686 24698 I art     : Explicit concurrent mark sweep GC freed 1376(79KB) AllocSpace objects, 1(20KB) LOS objects, 38% free, 26MB/42MB, paused 234us total 17.441ms
08-06 04:33:07.372 24686 24698 I art     : Starting a blocking GC Explicit
08-06 04:33:07.386 24686 24698 I art     : Explicit concurrent mark sweep GC freed 20(704B) AllocSpace objects, 0(0B) LOS objects, 38% free, 26MB/42MB, paused 183us total 13.325ms
08-06 04:33:07.392 24686 24698 I art     : Starting a blocking GC Explicit
08-06 04:33:07.403 24686 24698 I art     : Explicit concurrent mark sweep GC freed 3(96B) AllocSpace objects, 0(0B) LOS objects, 38% free, 26MB/42MB, paused 178us total 11.101ms
08-06 04:33:07.409 24686 24698 I art     : Starting a blocking GC Explicit
08-06 04:33:07.421 24686 24698 I art     : Explicit concurrent mark sweep GC freed 3(96B) AllocSpace objects, 0(0B) LOS objects, 38% free, 26MB/42MB, paused 177us total 10.969ms
08-06 04:33:07.427 24686 24698 I art     : Starting a blocking GC Explicit
08-06 04:33:07.438 24686 24698 I art     : Explicit concurrent mark sweep GC freed 3(96B) AllocSpace objects, 0(0B) LOS objects, 38% free, 26MB/42MB, paused 173us total 11.167ms
08-06 04:33:07.767 24686 20764 I art     : Starting a blocking GC Explicit
08-06 04:33:07.788 24686 20764 I art     : Explicit concurrent mark sweep GC freed 1376(79KB) AllocSpace objects, 1(20KB) LOS objects, 38% free, 26MB/42MB, paused 444us total 20.645ms
08-06 04:33:07.799 24686 20764 I art     : Starting a blocking GC Explicit
08-06 04:33:07.814 24686 20764 I art     : Explicit concurrent mark sweep GC freed 20(704B) AllocSpace objects, 0(0B) LOS objects, 38% free, 26MB/42MB, paused 197us total 14.654ms
08-06 04:33:07.822 24686 20764 I art     : Starting a blocking GC Explicit
08-06 04:33:07.834 24686 20764 I art     : Explicit concurrent mark sweep GC freed 3(96B) AllocSpace objects, 0(0B) LOS objects, 38% free, 26MB/42MB, paused 169us total 11.500ms
08-06 04:33:07.841 24686 20764 I art     : Starting a blocking GC Explicit
08-06 04:33:07.853 24686 20764 I art     : Explicit concurrent mark sweep GC freed 3(96B) AllocSpace objects, 0(0B) LOS objects, 38% free, 26MB/42MB, paused 183us total 11.901ms
08-06 04:33:07.859 24686 20764 I art     : Starting a blocking GC Explicit
08-06 04:33:07.871 24686 20764 I art     : Explicit concurrent mark sweep GC freed 3(96B) AllocSpace objects, 0(0B) LOS objects, 38% free, 26MB/42MB, paused 171us total 11.313ms
08-06 04:33:08.183 24686 24697 I art     : Starting a blocking GC Explicit
08-06 04:33:08.201 24686 24697 I art     : Explicit concurrent mark sweep GC freed 1376(79KB) AllocSpace objects, 1(20KB) LOS objects, 38% free, 26MB/42MB, paused 207us total 16.919ms
08-06 04:33:08.212 24686 24697 I art     : Starting a blocking GC Explicit
08-06 04:33:08.227 24686 24697 I art     : Explicit concurrent mark sweep GC freed 20(704B) AllocSpace objects, 0(0B) LOS objects, 38% free, 26MB/42MB, paused 191us total 14.624ms
08-06 04:33:08.236 24686 24697 I art     : Starting a blocking GC Explicit
08-06 04:33:08.248 24686 24697 I art     : Explicit concurrent mark sweep GC freed 3(96B) AllocSpace objects, 0(0B) LOS objects, 38% free, 26MB/42MB, paused 166us total 11.493ms
08-06 04:33:08.254 24686 24697 I art     : Starting a blocking GC Explicit
08-06 04:33:08.265 24686 24697 I art     : Explicit concurrent mark sweep GC freed 3(96B) AllocSpace objects, 0(0B) LOS objects, 38% free, 26MB/42MB, paused 180us total 11.307ms
08-06 04:33:08.271 24686 24697 I art     : Starting a blocking GC Explicit
08-06 04:33:08.283 24686 24697 I art     : Explicit concurrent mark sweep GC freed 3(96B) AllocSpace objects, 0(0B) LOS objects, 38% free, 26MB/42MB, paused 174us total 11.730ms
08-06 04:33:08.536 24686 24698 I art     : Starting a blocking GC Explicit
08-06 04:33:08.549 24686 24698 I art     : Explicit concurrent mark sweep GC freed 1375(79KB) AllocSpace objects, 1(20KB) LOS objects, 38% free, 26MB/42MB, paused 173us total 12.647ms
08-06 04:33:08.556 24686 24698 I art     : Starting a blocking GC Explicit
08-06 04:33:08.567 24686 24698 I art     : Explicit concurrent mark sweep GC freed 20(704B) AllocSpace objects, 0(0B) LOS objects, 38% free, 26MB/42MB, paused 175us total 11.667ms
08-06 04:33:08.573 24686 24698 I art     : Starting a blocking GC Explicit
08-06 04:33:08.585 24686 24698 I art     : Explicit concurrent mark sweep GC freed 3(96B) AllocSpace objects, 0(0B) LOS objects, 38% free, 26MB/42MB, paused 172us total 11.292ms
08-06 04:33:08.591 24686 24698 I art     : Starting a blocking GC Explicit
08-06 04:33:08.602 24686 24698 I art     : Explicit concurrent mark sweep GC freed 3(96B) AllocSpace objects, 0(0B) LOS objects, 38% free, 26MB/42MB, paused 172us total 11.095ms
08-06 04:33:08.608 24686 24698 I art     : Starting a blocking GC Explicit
08-06 04:33:08.619 24686 24698 I art     : Explicit concurrent mark sweep GC freed 3(96B) AllocSpace objects, 0(0B) LOS objects, 38% free, 26MB/42MB, paused 175us total 11.033ms
08-06 04:33:08.919 24686 20764 I art     : Starting a blocking GC Explicit
08-06 04:33:08.934 24686 20764 I art     : Explicit concurrent mark sweep GC freed 1376(79KB) AllocSpace objects, 1(20KB) LOS objects, 38% free, 26MB/42MB, paused 215us total 14.023ms
08-06 04:33:08.940 24686 20764 I art     : Starting a blocking GC Explicit
08-06 04:33:08.952 24686 20764 I art     : Explicit concurrent mark sweep GC freed 20(704B) AllocSpace objects, 0(0B) LOS objects, 38% free, 26MB/42MB, paused 225us total 11.843ms
08-06 04:33:08.959 24686 20764 I art     : Starting a blocking GC Explicit
08-06 04:33:08.970 24686 20764 I art     : Explicit concurrent mark sweep GC freed 3(96B) AllocSpace objects, 0(0B) LOS objects, 38% free, 26MB/42MB, paused 164us total 11.251ms
08-06 04:33:08.976 24686 20764 I art     : Starting a blocking GC Explicit
08-06 04:33:08.988 24686 20764 I art     : Explicit concurrent mark sweep GC freed 3(96B) AllocSpace objects, 0(0B) LOS objects, 38% free, 26MB/42MB, paused 488us total 11.115ms
08-06 04:33:08.993 24686 20764 I art     : Starting a blocking GC Explicit
08-06 04:33:09.004 24686 20764 I art     : Explicit concurrent mark sweep GC freed 3(96B) AllocSpace objects, 0(0B) LOS objects, 38% free, 26MB/42MB, paused 162us total 10.138ms
08-06 04:33:09.276 20932 20932 D AndroidRuntime: >>>>>> START com.android.internal.os.RuntimeInit uid 2000 <<<<<<
08-06 04:33:09.277 24686 24697 I art     : Starting a blocking GC Explicit
08-06 04:33:09.281 20932 20932 D AndroidRuntime: CheckJNI is OFF
08-06 04:33:09.289 24686 24697 I art     : Explicit concurrent mark sweep GC freed 1376(79KB) AllocSpace objects, 1(20KB) LOS objects, 38% free, 26MB/42MB, paused 185us total 12.368ms
08-06 04:33:09.296 24686 24697 I art     : Starting a blocking GC Explicit
08-06 04:33:09.307 24686 24697 I art     : Explicit concurrent mark sweep GC freed 20(704B) AllocSpace objects, 0(0B) LOS objects, 38% free, 26MB/42MB, paused 195us total 10.901ms
08-06 04:33:09.310 20932 20932 D ICU     : No timezone override file found: /data/misc/zoneinfo/current/icu/icu_tzdata.dat
08-06 04:33:09.313 24686 24697 I art     : Starting a blocking GC Explicit
08-06 04:33:09.324 24686 24697 I art     : Explicit concurrent mark sweep GC freed 3(96B) AllocSpace objects, 0(0B) LOS objects, 38% free, 26MB/42MB, paused 185us total 11.119ms
08-06 04:33:09.331 24686 24697 I art     : Starting a blocking GC Explicit
08-06 04:33:09.336 20932 20932 I Radio-JNI: register_android_hardware_Radio DONE
08-06 04:33:09.341 24686 24697 I art     : Explicit concurrent mark sweep GC freed 3(96B) AllocSpace objects, 0(0B) LOS objects, 38% free, 26MB/42MB, paused 192us total 10.203ms
08-06 04:33:09.346 24686 24697 I art     : Starting a blocking GC Explicit
08-06 04:33:09.352 20932 20932 D AndroidRuntime: Calling main entry com.android.commands.input.Input
08-06 04:33:09.353 20932 20932 I Input   : injectMotionEvent: MotionEvent { action=ACTION_DOWN, actionButton=0, id[0]=0, x[0]=594.0, y[0]=330.0, toolType[0]=TOOL_TYPE_UNKNOWN, buttonState=0, metaState=0, flags=0x0, edgeFlags=0x0, pointerCount=1, historySize=0, eventTime=851605766, downTime=851605766, deviceId=0, source=0x1002 }
08-06 04:33:09.357 24686 24697 I art     : Explicit concurrent mark sweep GC freed 3(96B) AllocSpace objects, 0(0B) LOS objects, 38% free, 26MB/42MB, paused 198us total 10.650ms
08-06 04:33:09.360 20932 20932 I Input   : injectMotionEvent: MotionEvent { action=ACTION_UP, actionButton=0, id[0]=0, x[0]=594.0, y[0]=330.0, toolType[0]=TOOL_TYPE_UNKNOWN, buttonState=0, metaState=0, flags=0x0, edgeFlags=0x0, pointerCount=1, historySize=0, eventTime=851605766, downTime=851605766, deviceId=0, source=0x1002 }
08-06 04:33:09.362 20932 20932 D AndroidRuntime: Shutting down VM
08-06 04:33:09.431   918   928 I ActivityManager: START u0 {cmp=baseline.com.newsblur/.activity.GlobalSharedStoriesItemsList (has extras)} from uid 10698 on display 0
08-06 04:33:09.448 24686 20955 I baseline.com.newsblur.database.BlurDatabaseHelper: reading session reset
08-06 04:33:09.561 24686 24686 W View    : requestLayout() improperly called by android.widget.FrameLayout{533a7f8 V.E...... ......ID 0,0-1440,0 #7f07003f app:id/footer_view_inner} during layout: running second layout pass
08-06 04:33:09.561 24686 24686 W View    : requestLayout() improperly called by android.widget.FrameLayout{5fc44d1 V.E...... ......ID 0,0-1440,2091 #7f07003f app:id/footer_view_inner} during layout: running second layout pass
08-06 04:33:09.565 24686 24698 I art     : Starting a blocking GC Explicit
08-06 04:33:09.578   918   936 I ActivityManager: Displayed baseline.com.newsblur/.activity.GlobalSharedStoriesItemsList: +140ms
08-06 04:33:09.578 13866 13866 I GoogleInputMethodServic: GoogleInputMethodService.onFinishInput():3138 
08-06 04:33:09.579 13866 13866 I GoogleInputMethodServic: GoogleInputMethodService.onStartInput():1808 
08-06 04:33:09.580 24686 24698 I art     : Explicit concurrent mark sweep GC freed 6790(561KB) AllocSpace objects, 9(304KB) LOS objects, 36% free, 27MB/43MB, paused 377us total 15.003ms
08-06 04:33:09.588 24686 24698 I art     : Starting a blocking GC Explicit
08-06 04:33:09.601 24686 24698 I art     : Explicit concurrent mark sweep GC freed 2083(164KB) AllocSpace objects, 5(100KB) LOS objects, 36% free, 27MB/43MB, paused 272us total 13.312ms
08-06 04:33:09.608 24686 24698 I art     : Starting a blocking GC Explicit
08-06 04:33:09.621 24686 24698 I art     : Explicit concurrent mark sweep GC freed 104(3KB) AllocSpace objects, 0(0B) LOS objects, 36% free, 27MB/43MB, paused 237us total 12.295ms
08-06 04:33:09.627 24686 24698 I art     : Starting a blocking GC Explicit
08-06 04:33:09.638 24686 24698 I art     : Explicit concurrent mark sweep GC freed 6(208B) AllocSpace objects, 0(0B) LOS objects, 36% free, 27MB/43MB, paused 234us total 11.466ms
08-06 04:33:09.644 24686 24698 I art     : Starting a blocking GC Explicit
08-06 04:33:09.656 24686 24698 I art     : Explicit concurrent mark sweep GC freed 3(96B) AllocSpace objects, 0(0B) LOS objects, 36% free, 27MB/43MB, paused 249us total 11.744ms
08-06 04:33:09.856 24686 20967 I art     : Starting a blocking GC Explicit
08-06 04:33:09.869 24686 20967 I art     : Explicit concurrent mark sweep GC freed 1769(113KB) AllocSpace objects, 2(40KB) LOS objects, 36% free, 27MB/43MB, paused 231us total 11.902ms
08-06 04:33:09.875 24686 20967 I art     : Starting a blocking GC Explicit
08-06 04:33:09.886 24686 20967 I art     : Explicit concurrent mark sweep GC freed 54(1888B) AllocSpace objects, 0(0B) LOS objects, 36% free, 27MB/43MB, paused 226us total 11.123ms
08-06 04:33:09.892 24686 20967 I art     : Starting a blocking GC Explicit
08-06 04:33:09.903 24686 20967 I art     : Explicit concurrent mark sweep GC freed 4(128B) AllocSpace objects, 0(0B) LOS objects, 36% free, 27MB/43MB, paused 210us total 10.924ms
08-06 04:33:09.909 24686 20967 I art     : Starting a blocking GC Explicit
08-06 04:33:09.920 24686 20967 I art     : Explicit concurrent mark sweep GC freed 4(128B) AllocSpace objects, 0(0B) LOS objects, 36% free, 27MB/43MB, paused 259us total 10.923ms
08-06 04:33:09.925 24686 20967 I art     : Starting a blocking GC Explicit
08-06 04:33:09.936 24686 20967 I art     : Explicit concurrent mark sweep GC freed 4(128B) AllocSpace objects, 0(0B) LOS objects, 36% free, 27MB/43MB, paused 234us total 11.014ms
08-06 04:33:10.174 24686 20970 I NAPPA_EXPERIMENTATION: MetricNetworkRequestExecutionTime: REQUEST_DURATION_SYSTEM='580',REQUEST_DURATION_OKHTTP='37',REQUEST_SYNCHRONOUS='TRUE',RESPONSE_CODE='200',RESPONSE_METHOD='GET',RESPONSE_LENGTH_OKHTTP='-1',RESPONSE_LENGTH_HEADER='13047',REQUEST_PROTOCOL='http/1.1',REQUEST_URL='https://www.newsblur.com/social/river_stories?order=newest&page=1&read_filter=all&global_feed=true',
08-06 04:33:10.174 24686 20970 D MY_TAG  : 0, 580
08-06 04:33:10.190 24686 20764 I art     : Starting a blocking GC Explicit
08-06 04:33:10.206 24686 20764 I art     : Explicit concurrent mark sweep GC freed 10585(572KB) AllocSpace objects, 9(452KB) LOS objects, 36% free, 27MB/43MB, paused 406us total 15.475ms
08-06 04:33:10.212 24686 20764 I art     : Starting a blocking GC Explicit
08-06 04:33:10.230 24686 20764 I art     : Explicit concurrent mark sweep GC freed 6657(418KB) AllocSpace objects, 0(0B) LOS objects, 36% free, 27MB/43MB, paused 4.662ms total 17.600ms
08-06 04:33:10.236 24686 20764 I art     : Starting a blocking GC Explicit
08-06 04:33:10.255 24686 20764 I art     : Explicit concurrent mark sweep GC freed 3020(285KB) AllocSpace objects, 5(96KB) LOS objects, 36% free, 27MB/43MB, paused 6.731ms total 19.345ms
08-06 04:33:10.261 24686 20764 I art     : Starting a blocking GC Explicit
08-06 04:33:10.274 24686 20764 I art     : Explicit concurrent mark sweep GC freed 5221(359KB) AllocSpace objects, 6(120KB) LOS objects, 36% free, 27MB/43MB, paused 369us total 13.439ms
08-06 04:33:10.281 24686 20764 I art     : Starting a blocking GC Explicit
08-06 04:33:10.294 24686 20764 I art     : Explicit concurrent mark sweep GC freed 9480(573KB) AllocSpace objects, 3(60KB) LOS objects, 36% free, 27MB/43MB, paused 252us total 13.058ms
08-06 04:33:10.439 24686 21000 I NAPPA_EXPERIMENTATION: MetricNetworkRequestExecutionTime: REQUEST_DURATION_SYSTEM='45',REQUEST_DURATION_OKHTTP='41',REQUEST_SYNCHRONOUS='TRUE',RESPONSE_CODE='200',RESPONSE_METHOD='GET',RESPONSE_LENGTH_OKHTTP='43',RESPONSE_LENGTH_HEADER='43',REQUEST_PROTOCOL='http/1.1',REQUEST_URL='http://feeds.feedburner.com/~r/retort/~4/UffaFMiJbNs',
08-06 04:33:10.554 24686 20764 I art     : Starting a blocking GC Explicit
08-06 04:33:10.575 24686 20764 I art     : Explicit concurrent mark sweep GC freed 13288(952KB) AllocSpace objects, 29(808KB) LOS objects, 35% free, 28MB/44MB, paused 603us total 21.488ms
08-06 04:33:10.583 24686 20764 I art     : Starting a blocking GC Explicit
08-06 04:33:10.599 24686 20764 I art     : Explicit concurrent mark sweep GC freed 3313(279KB) AllocSpace objects, 0(0B) LOS objects, 36% free, 28MB/44MB, paused 432us total 16.133ms
08-06 04:33:10.606 24686 20764 I art     : Starting a blocking GC Explicit
08-06 04:33:10.620 24686 20764 I art     : Explicit concurrent mark sweep GC freed 8(240B) AllocSpace objects, 0(0B) LOS objects, 36% free, 28MB/44MB, paused 429us total 13.856ms
08-06 04:33:10.627 24686 20764 I art     : Starting a blocking GC Explicit
08-06 04:33:10.641 24686 20764 I art     : Explicit concurrent mark sweep GC freed 29(1376B) AllocSpace objects, 0(0B) LOS objects, 36% free, 28MB/44MB, paused 463us total 13.739ms
08-06 04:33:10.647 24686 20764 I art     : Starting a blocking GC Explicit
08-06 04:33:10.661 24686 20764 I art     : Explicit concurrent mark sweep GC freed 3(96B) AllocSpace objects, 0(0B) LOS objects, 36% free, 28MB/44MB, paused 462us total 14.585ms
08-06 04:33:10.726 24686 21002 I NAPPA_EXPERIMENTATION: MetricNetworkRequestExecutionTime: REQUEST_DURATION_SYSTEM='323',REQUEST_DURATION_OKHTTP='161',REQUEST_SYNCHRONOUS='TRUE',RESPONSE_CODE='200',RESPONSE_METHOD='GET',RESPONSE_LENGTH_OKHTTP='79351',RESPONSE_LENGTH_HEADER='79351',REQUEST_PROTOCOL='h2',REQUEST_URL='https://images.fastcompany.net/image/upload/w_1280,q_auto,f_auto,fl_lossy/wp-cms/uploads/2020/07/p-1-90532920-this-chart-shows-how-effective-masks-can-be.png',
08-06 04:33:10.894 24686 21003 I NAPPA_EXPERIMENTATION: MetricNetworkRequestExecutionTime: REQUEST_DURATION_SYSTEM='510',REQUEST_DURATION_OKHTTP='86',REQUEST_SYNCHRONOUS='TRUE',RESPONSE_CODE='200',RESPONSE_METHOD='GET',RESPONSE_LENGTH_OKHTTP='477',RESPONSE_LENGTH_HEADER='477',REQUEST_PROTOCOL='http/1.1',REQUEST_URL='https://s3.amazonaws.com/icons.newsblur.com/5762506.png',
08-06 04:33:10.895 24686 21001 I NAPPA_EXPERIMENTATION: MetricNetworkRequestExecutionTime: REQUEST_DURATION_SYSTEM='521',REQUEST_DURATION_OKHTTP='89',REQUEST_SYNCHRONOUS='TRUE',RESPONSE_CODE='200',RESPONSE_METHOD='GET',RESPONSE_LENGTH_OKHTTP='243',RESPONSE_LENGTH_HEADER='243',REQUEST_PROTOCOL='http/1.1',REQUEST_URL='https://s3.amazonaws.com/icons.newsblur.com/18178.png',
08-06 04:33:10.903 24686 20999 I NAPPA_EXPERIMENTATION: MetricNetworkRequestExecutionTime: REQUEST_DURATION_SYSTEM='536',REQUEST_DURATION_OKHTTP='92',REQUEST_SYNCHRONOUS='TRUE',RESPONSE_CODE='200',RESPONSE_METHOD='GET',RESPONSE_LENGTH_OKHTTP='145',RESPONSE_LENGTH_HEADER='145',REQUEST_PROTOCOL='http/1.1',REQUEST_URL='https://s3.amazonaws.com/icons.newsblur.com/6882243.png',
08-06 04:33:10.929 24686 20764 I art     : Starting a blocking GC Explicit
08-06 04:33:10.947 24686 20764 I art     : Explicit concurrent mark sweep GC freed 14292(725KB) AllocSpace objects, 12(3MB) LOS objects, 34% free, 30MB/46MB, paused 334us total 18.170ms
08-06 04:33:10.954 24686 20764 I art     : Starting a blocking GC Explicit
08-06 04:33:10.968 24686 20764 I art     : Explicit concurrent mark sweep GC freed 695(27KB) AllocSpace objects, 2(40KB) LOS objects, 34% free, 30MB/46MB, paused 311us total 13.936ms
08-06 04:33:10.974 24686 20764 I art     : Starting a blocking GC Explicit
08-06 04:33:10.987 24686 20764 I art     : Explicit concurrent mark sweep GC freed 28(1008B) AllocSpace objects, 0(0B) LOS objects, 34% free, 30MB/46MB, paused 305us total 13.174ms
08-06 04:33:10.993 24686 20764 I art     : Starting a blocking GC Explicit
08-06 04:33:11.006 24686 20764 I art     : Explicit concurrent mark sweep GC freed 3(96B) AllocSpace objects, 0(0B) LOS objects, 34% free, 30MB/46MB, paused 311us total 12.853ms
08-06 04:33:11.012 24686 20764 I art     : Starting a blocking GC Explicit
08-06 04:33:11.026 24686 20764 I art     : Explicit concurrent mark sweep GC freed 3(96B) AllocSpace objects, 0(0B) LOS objects, 34% free, 30MB/46MB, paused 319us total 13.776ms
08-06 04:33:11.338 24686 24697 I art     : Starting a blocking GC Explicit
08-06 04:33:11.357 24686 24697 I art     : Explicit concurrent mark sweep GC freed 1387(82KB) AllocSpace objects, 1(20KB) LOS objects, 34% free, 30MB/46MB, paused 350us total 18.551ms
08-06 04:33:11.366 24686 24697 I art     : Starting a blocking GC Explicit
08-06 04:33:11.381 24686 24697 I art     : Explicit concurrent mark sweep GC freed 20(720B) AllocSpace objects, 0(0B) LOS objects, 34% free, 30MB/46MB, paused 337us total 15.248ms
08-06 04:33:11.388 24686 24697 I art     : Starting a blocking GC Explicit
08-06 04:33:11.402 24686 24697 I art     : Explicit concurrent mark sweep GC freed 3(96B) AllocSpace objects, 0(0B) LOS objects, 34% free, 30MB/46MB, paused 318us total 14.456ms
08-06 04:33:11.409 24686 24697 I art     : Starting a blocking GC Explicit
08-06 04:33:11.423 24686 24697 I art     : Explicit concurrent mark sweep GC freed 3(96B) AllocSpace objects, 0(0B) LOS objects, 34% free, 30MB/46MB, paused 321us total 14.385ms
08-06 04:33:11.429 24686 24697 I art     : Starting a blocking GC Explicit
08-06 04:33:11.444 24686 24697 I art     : Explicit concurrent mark sweep GC freed 3(96B) AllocSpace objects, 0(0B) LOS objects, 34% free, 30MB/46MB, paused 313us total 14.445ms
08-06 04:33:11.748   918  3188 I hubconnection: sensorhub said: 'set_bias 3: -5.9808, 0.0000, 0.0000'
08-06 04:33:11.753 24686 20967 I art     : Starting a blocking GC Explicit
08-06 04:33:11.772 24686 20967 I art     : Explicit concurrent mark sweep GC freed 1387(80KB) AllocSpace objects, 1(20KB) LOS objects, 34% free, 30MB/46MB, paused 421us total 18.451ms
08-06 04:33:11.779 24686 20967 I art     : Starting a blocking GC Explicit
08-06 04:33:11.794 24686 20967 I art     : Explicit concurrent mark sweep GC freed 20(704B) AllocSpace objects, 0(0B) LOS objects, 34% free, 30MB/46MB, paused 327us total 15.287ms
08-06 04:33:11.800 24686 20967 I art     : Starting a blocking GC Explicit
08-06 04:33:11.815 24686 20967 I art     : Explicit concurrent mark sweep GC freed 3(96B) AllocSpace objects, 0(0B) LOS objects, 34% free, 30MB/46MB, paused 345us total 14.923ms
08-06 04:33:11.822 24686 20967 I art     : Starting a blocking GC Explicit
08-06 04:33:11.837 24686 20967 I art     : Explicit concurrent mark sweep GC freed 3(96B) AllocSpace objects, 0(0B) LOS objects, 34% free, 30MB/46MB, paused 436us total 14.830ms
08-06 04:33:11.843 24686 20967 I art     : Starting a blocking GC Explicit
08-06 04:33:11.858 24686 20967 I art     : Explicit concurrent mark sweep GC freed 3(96B) AllocSpace objects, 0(0B) LOS objects, 34% free, 30MB/46MB, paused 321us total 14.710ms
08-06 04:33:12.177 24686 24698 I art     : Starting a blocking GC Explicit
08-06 04:33:12.195 24686 24698 I art     : Explicit concurrent mark sweep GC freed 1386(80KB) AllocSpace objects, 1(20KB) LOS objects, 34% free, 30MB/46MB, paused 348us total 17.179ms
08-06 04:33:12.201 24686 24698 I art     : Starting a blocking GC Explicit
08-06 04:33:12.217 24686 24698 I art     : Explicit concurrent mark sweep GC freed 20(704B) AllocSpace objects, 0(0B) LOS objects, 34% free, 30MB/46MB, paused 362us total 15.162ms
08-06 04:33:12.223 24686 24698 I art     : Starting a blocking GC Explicit
08-06 04:33:12.238 24686 24698 I art     : Explicit concurrent mark sweep GC freed 3(96B) AllocSpace objects, 0(0B) LOS objects, 34% free, 30MB/46MB, paused 323us total 14.885ms
08-06 04:33:12.244 24686 24698 I art     : Starting a blocking GC Explicit
08-06 04:33:12.259 24686 24698 I art     : Explicit concurrent mark sweep GC freed 3(96B) AllocSpace objects, 0(0B) LOS objects, 34% free, 30MB/46MB, paused 324us total 14.815ms
08-06 04:33:12.266 24686 24698 I art     : Starting a blocking GC Explicit
08-06 04:33:12.281 24686 24698 I art     : Explicit concurrent mark sweep GC freed 3(96B) AllocSpace objects, 0(0B) LOS objects, 34% free, 30MB/46MB, paused 318us total 14.764ms
08-06 04:33:12.582 24686 20764 I art     : Starting a blocking GC Explicit
08-06 04:33:12.600 24686 20764 I art     : Explicit concurrent mark sweep GC freed 1386(80KB) AllocSpace objects, 1(20KB) LOS objects, 34% free, 30MB/46MB, paused 340us total 17.508ms
08-06 04:33:12.607 24686 20764 I art     : Starting a blocking GC Explicit
08-06 04:33:12.623 24686 20764 I art     : Explicit concurrent mark sweep GC freed 20(704B) AllocSpace objects, 0(0B) LOS objects, 34% free, 30MB/46MB, paused 320us total 15.619ms
08-06 04:33:12.629 24686 20764 I art     : Starting a blocking GC Explicit
08-06 04:33:12.644 24686 20764 I art     : Explicit concurrent mark sweep GC freed 3(96B) AllocSpace objects, 0(0B) LOS objects, 34% free, 30MB/46MB, paused 319us total 14.894ms
08-06 04:33:12.651 24686 20764 I art     : Starting a blocking GC Explicit
08-06 04:33:12.665 24686 20764 I art     : Explicit concurrent mark sweep GC freed 3(96B) AllocSpace objects, 0(0B) LOS objects, 34% free, 30MB/46MB, paused 350us total 14.601ms
08-06 04:33:12.672 24686 20764 I art     : Starting a blocking GC Explicit
08-06 04:33:12.687 24686 20764 I art     : Explicit concurrent mark sweep GC freed 3(96B) AllocSpace objects, 0(0B) LOS objects, 34% free, 30MB/46MB, paused 353us total 14.994ms
08-06 04:33:13.004 24686 24697 I art     : Starting a blocking GC Explicit
08-06 04:33:13.024 24686 24697 I art     : Explicit concurrent mark sweep GC freed 1386(80KB) AllocSpace objects, 1(20KB) LOS objects, 34% free, 30MB/46MB, paused 352us total 19.108ms
08-06 04:33:13.033 24686 24697 I art     : Starting a blocking GC Explicit
08-06 04:33:13.048 24686 24697 I art     : Explicit concurrent mark sweep GC freed 20(704B) AllocSpace objects, 0(0B) LOS objects, 34% free, 30MB/46MB, paused 311us total 14.699ms
08-06 04:33:13.054 24686 24697 I art     : Starting a blocking GC Explicit
08-06 04:33:13.068 24686 24697 I art     : Explicit concurrent mark sweep GC freed 3(96B) AllocSpace objects, 0(0B) LOS objects, 34% free, 30MB/46MB, paused 309us total 14.221ms
08-06 04:33:13.075 24686 24697 I art     : Starting a blocking GC Explicit
08-06 04:33:13.089 24686 24697 I art     : Explicit concurrent mark sweep GC freed 3(96B) AllocSpace objects, 0(0B) LOS objects, 34% free, 30MB/46MB, paused 314us total 14.654ms
08-06 04:33:13.096 24686 24697 I art     : Starting a blocking GC Explicit
08-06 04:33:13.110 24686 24697 I art     : Explicit concurrent mark sweep GC freed 3(96B) AllocSpace objects, 0(0B) LOS objects, 34% free, 30MB/46MB, paused 331us total 14.475ms
08-06 04:33:13.430 24686 20967 I art     : Starting a blocking GC Explicit
08-06 04:33:13.448 24686 20967 I art     : Explicit concurrent mark sweep GC freed 1387(80KB) AllocSpace objects, 1(20KB) LOS objects, 34% free, 30MB/46MB, paused 369us total 17.287ms
08-06 04:33:13.459 24686 20967 I art     : Starting a blocking GC Explicit
08-06 04:33:13.473 24686 20967 I art     : Explicit concurrent mark sweep GC freed 20(704B) AllocSpace objects, 0(0B) LOS objects, 34% free, 30MB/46MB, paused 311us total 14.113ms
08-06 04:33:13.480 24686 20967 I art     : Starting a blocking GC Explicit
08-06 04:33:13.494 24686 20967 I art     : Explicit concurrent mark sweep GC freed 3(96B) AllocSpace objects, 0(0B) LOS objects, 34% free, 30MB/46MB, paused 323us total 14.662ms
08-06 04:33:13.501 24686 20967 I art     : Starting a blocking GC Explicit
08-06 04:33:13.515 24686 20967 I art     : Explicit concurrent mark sweep GC freed 3(96B) AllocSpace objects, 0(0B) LOS objects, 34% free, 30MB/46MB, paused 306us total 14.556ms
08-06 04:33:13.522 24686 20967 I art     : Starting a blocking GC Explicit
08-06 04:33:13.536 24686 20967 I art     : Explicit concurrent mark sweep GC freed 3(96B) AllocSpace objects, 0(0B) LOS objects, 34% free, 30MB/46MB, paused 317us total 14.474ms
08-06 04:33:13.845 24686 24698 I art     : Starting a blocking GC Explicit
08-06 04:33:13.863 24686 24698 I art     : Explicit concurrent mark sweep GC freed 1386(80KB) AllocSpace objects, 1(20KB) LOS objects, 34% free, 30MB/46MB, paused 350us total 18.201ms
08-06 04:33:13.873 24686 24698 I art     : Starting a blocking GC Explicit
08-06 04:33:13.888 24686 24698 I art     : Explicit concurrent mark sweep GC freed 20(704B) AllocSpace objects, 0(0B) LOS objects, 34% free, 30MB/46MB, paused 329us total 15.091ms
08-06 04:33:13.894 24686 24698 I art     : Starting a blocking GC Explicit
08-06 04:33:13.909 24686 24698 I art     : Explicit concurrent mark sweep GC freed 3(96B) AllocSpace objects, 0(0B) LOS objects, 34% free, 30MB/46MB, paused 317us total 14.695ms
08-06 04:33:13.916 24686 24698 I art     : Starting a blocking GC Explicit
08-06 04:33:13.931 24686 24698 I art     : Explicit concurrent mark sweep GC freed 3(96B) AllocSpace objects, 0(0B) LOS objects, 34% free, 30MB/46MB, paused 297us total 14.584ms
08-06 04:33:13.937 24686 24698 I art     : Starting a blocking GC Explicit
08-06 04:33:13.952 24686 24698 I art     : Explicit concurrent mark sweep GC freed 3(96B) AllocSpace objects, 0(0B) LOS objects, 34% free, 30MB/46MB, paused 325us total 14.562ms
08-06 04:33:14.227 24686 20764 I art     : Starting a blocking GC Explicit
08-06 04:33:14.246 24686 20764 I art     : Explicit concurrent mark sweep GC freed 1386(80KB) AllocSpace objects, 1(20KB) LOS objects, 34% free, 30MB/46MB, paused 364us total 17.947ms
08-06 04:33:14.256 24686 20764 I art     : Starting a blocking GC Explicit
08-06 04:33:14.271 24686 20764 I art     : Explicit concurrent mark sweep GC freed 20(704B) AllocSpace objects, 0(0B) LOS objects, 34% free, 30MB/46MB, paused 310us total 14.487ms
08-06 04:33:14.277 24686 20764 I art     : Starting a blocking GC Explicit
08-06 04:33:14.291 24686 20764 I art     : Explicit concurrent mark sweep GC freed 3(96B) AllocSpace objects, 0(0B) LOS objects, 34% free, 30MB/46MB, paused 328us total 14.263ms
08-06 04:33:14.298 24686 20764 I art     : Starting a blocking GC Explicit
08-06 04:33:14.312 24686 20764 I art     : Explicit concurrent mark sweep GC freed 3(96B) AllocSpace objects, 0(0B) LOS objects, 34% free, 30MB/46MB, paused 315us total 14.443ms
08-06 04:33:14.319 24686 20764 I art     : Starting a blocking GC Explicit
08-06 04:33:14.333 24686 20764 I art     : Explicit concurrent mark sweep GC freed 3(96B) AllocSpace objects, 0(0B) LOS objects, 34% free, 30MB/46MB, paused 401us total 14.428ms
08-06 04:33:14.638 24686 24697 I art     : Starting a blocking GC Explicit
08-06 04:33:14.657 24686 24697 I art     : Explicit concurrent mark sweep GC freed 1386(80KB) AllocSpace objects, 1(20KB) LOS objects, 34% free, 30MB/46MB, paused 354us total 18.223ms
08-06 04:33:14.665 24686 24697 I art     : Starting a blocking GC Explicit
08-06 04:33:14.680 24686 24697 I art     : Explicit concurrent mark sweep GC freed 20(704B) AllocSpace objects, 0(0B) LOS objects, 34% free, 30MB/46MB, paused 321us total 14.818ms
08-06 04:33:14.687 24686 24697 I art     : Starting a blocking GC Explicit
08-06 04:33:14.702 24686 24697 I art     : Explicit concurrent mark sweep GC freed 3(96B) AllocSpace objects, 0(0B) LOS objects, 34% free, 30MB/46MB, paused 328us total 14.979ms
08-06 04:33:14.708 24686 24697 I art     : Starting a blocking GC Explicit
08-06 04:33:14.723 24686 24697 I art     : Explicit concurrent mark sweep GC freed 3(96B) AllocSpace objects, 0(0B) LOS objects, 34% free, 30MB/46MB, paused 328us total 14.636ms
08-06 04:33:14.730 24686 24697 I art     : Starting a blocking GC Explicit
08-06 04:33:14.745 24686 24697 I art     : Explicit concurrent mark sweep GC freed 3(96B) AllocSpace objects, 0(0B) LOS objects, 34% free, 30MB/46MB, paused 353us total 14.638ms
08-06 04:33:15.066 24686 20967 I art     : Starting a blocking GC Explicit
08-06 04:33:15.086 24686 20967 I art     : Explicit concurrent mark sweep GC freed 1386(80KB) AllocSpace objects, 1(20KB) LOS objects, 34% free, 30MB/46MB, paused 368us total 19.362ms
08-06 04:33:15.094 24686 20967 I art     : Starting a blocking GC Explicit
08-06 04:33:15.110 24686 20967 I art     : Explicit concurrent mark sweep GC freed 20(704B) AllocSpace objects, 0(0B) LOS objects, 34% free, 30MB/46MB, paused 336us total 15.434ms
08-06 04:33:15.116 24686 20967 I art     : Starting a blocking GC Explicit
08-06 04:33:15.131 24686 20967 I art     : Explicit concurrent mark sweep GC freed 3(96B) AllocSpace objects, 0(0B) LOS objects, 34% free, 30MB/46MB, paused 318us total 14.437ms
08-06 04:33:15.137 24686 20967 I art     : Starting a blocking GC Explicit
08-06 04:33:15.152 24686 20967 I art     : Explicit concurrent mark sweep GC freed 3(96B) AllocSpace objects, 0(0B) LOS objects, 34% free, 30MB/46MB, paused 318us total 14.459ms
08-06 04:33:15.159 24686 20967 I art     : Starting a blocking GC Explicit
08-06 04:33:15.174 24686 20967 I art     : Explicit concurrent mark sweep GC freed 3(96B) AllocSpace objects, 0(0B) LOS objects, 34% free, 30MB/46MB, paused 318us total 14.696ms
08-06 04:33:15.478 24686 24698 I art     : Starting a blocking GC Explicit
08-06 04:33:15.481   918  3261 D WifiStateMachine: starting scan for "H369AA63323"WPA_PSK with 2412,5180
08-06 04:33:15.497 24686 24698 I art     : Explicit concurrent mark sweep GC freed 1386(80KB) AllocSpace objects, 1(20KB) LOS objects, 34% free, 30MB/46MB, paused 345us total 18.920ms
08-06 04:33:15.504 24686 24698 I art     : Starting a blocking GC Explicit
08-06 04:33:15.520 24686 24698 I art     : Explicit concurrent mark sweep GC freed 20(704B) AllocSpace objects, 0(0B) LOS objects, 34% free, 30MB/46MB, paused 323us total 15.630ms
08-06 04:33:15.527 24686 24698 I art     : Starting a blocking GC Explicit
08-06 04:33:15.541 24686 24698 I art     : Explicit concurrent mark sweep GC freed 3(96B) AllocSpace objects, 0(0B) LOS objects, 34% free, 30MB/46MB, paused 312us total 14.637ms
08-06 04:33:15.548 24686 24698 I art     : Starting a blocking GC Explicit
08-06 04:33:15.562 24686 24698 I art     : Explicit concurrent mark sweep GC freed 3(96B) AllocSpace objects, 0(0B) LOS objects, 34% free, 30MB/46MB, paused 341us total 14.349ms
08-06 04:33:15.569 24686 24698 I art     : Starting a blocking GC Explicit
08-06 04:33:15.583 24686 24698 I art     : Explicit concurrent mark sweep GC freed 3(96B) AllocSpace objects, 0(0B) LOS objects, 34% free, 30MB/46MB, paused 290us total 14.133ms
08-06 04:33:15.878 24686 20764 I art     : Starting a blocking GC Explicit
08-06 04:33:15.896 24686 20764 I art     : Explicit concurrent mark sweep GC freed 1386(80KB) AllocSpace objects, 1(20KB) LOS objects, 34% free, 30MB/46MB, paused 415us total 17.577ms
08-06 04:33:15.903 24686 20764 I art     : Starting a blocking GC Explicit
08-06 04:33:15.918 24686 20764 I art     : Explicit concurrent mark sweep GC freed 20(704B) AllocSpace objects, 0(0B) LOS objects, 34% free, 30MB/46MB, paused 376us total 15.354ms
08-06 04:33:15.925 24686 20764 I art     : Starting a blocking GC Explicit
08-06 04:33:15.940 24686 20764 I art     : Explicit concurrent mark sweep GC freed 3(96B) AllocSpace objects, 0(0B) LOS objects, 34% free, 30MB/46MB, paused 321us total 14.326ms
08-06 04:33:15.946 24686 20764 I art     : Starting a blocking GC Explicit
08-06 04:33:15.960 24686 20764 I art     : Explicit concurrent mark sweep GC freed 3(96B) AllocSpace objects, 0(0B) LOS objects, 34% free, 30MB/46MB, paused 310us total 14.524ms
08-06 04:33:15.967 24686 20764 I art     : Starting a blocking GC Explicit
08-06 04:33:15.982 24686 20764 I art     : Explicit concurrent mark sweep GC freed 3(96B) AllocSpace objects, 0(0B) LOS objects, 34% free, 30MB/46MB, paused 328us total 15.344ms
08-06 04:33:16.289 24686 24697 I art     : Starting a blocking GC Explicit
08-06 04:33:16.308 24686 24697 I art     : Explicit concurrent mark sweep GC freed 1386(80KB) AllocSpace objects, 1(20KB) LOS objects, 34% free, 30MB/46MB, paused 343us total 18.632ms
08-06 04:33:16.317 24686 24697 I art     : Starting a blocking GC Explicit
08-06 04:33:16.332 24686 24697 I art     : Explicit concurrent mark sweep GC freed 20(704B) AllocSpace objects, 0(0B) LOS objects, 34% free, 30MB/46MB, paused 317us total 14.428ms
08-06 04:33:16.338 24686 24697 I art     : Starting a blocking GC Explicit
08-06 04:33:16.352 24686 24697 I art     : Explicit concurrent mark sweep GC freed 3(96B) AllocSpace objects, 0(0B) LOS objects, 34% free, 30MB/46MB, paused 300us total 13.398ms
08-06 04:33:16.358 24686 24697 I art     : Starting a blocking GC Explicit
08-06 04:33:16.373 24686 24697 I art     : Explicit concurrent mark sweep GC freed 3(96B) AllocSpace objects, 0(0B) LOS objects, 34% free, 30MB/46MB, paused 330us total 14.706ms
08-06 04:33:16.379 24686 24697 I art     : Starting a blocking GC Explicit
08-06 04:33:16.394 24686 24697 I art     : Explicit concurrent mark sweep GC freed 3(96B) AllocSpace objects, 0(0B) LOS objects, 34% free, 30MB/46MB, paused 326us total 14.395ms
08-06 04:33:16.707 24686 20967 I art     : Starting a blocking GC Explicit
08-06 04:33:16.724 24686 20967 I art     : Explicit concurrent mark sweep GC freed 1386(80KB) AllocSpace objects, 1(20KB) LOS objects, 34% free, 30MB/46MB, paused 336us total 17.368ms
08-06 04:33:16.731 24686 20967 I art     : Starting a blocking GC Explicit
08-06 04:33:16.746 24686 20967 I art     : Explicit concurrent mark sweep GC freed 20(704B) AllocSpace objects, 0(0B) LOS objects, 34% free, 30MB/46MB, paused 314us total 14.780ms
08-06 04:33:16.752 24686 20967 I art     : Starting a blocking GC Explicit
08-06 04:33:16.767 24686 20967 I art     : Explicit concurrent mark sweep GC freed 3(96B) AllocSpace objects, 0(0B) LOS objects, 34% free, 30MB/46MB, paused 440us total 14.623ms
08-06 04:33:16.773 24686 20967 I art     : Starting a blocking GC Explicit
08-06 04:33:16.788 24686 20967 I art     : Explicit concurrent mark sweep GC freed 3(96B) AllocSpace objects, 0(0B) LOS objects, 34% free, 30MB/46MB, paused 319us total 14.439ms
08-06 04:33:16.794 24686 20967 I art     : Starting a blocking GC Explicit
08-06 04:33:16.809 24686 20967 I art     : Explicit concurrent mark sweep GC freed 3(96B) AllocSpace objects, 0(0B) LOS objects, 34% free, 30MB/46MB, paused 444us total 14.517ms
08-06 04:33:17.126 24686 24698 I art     : Starting a blocking GC Explicit
08-06 04:33:17.144 24686 24698 I art     : Explicit concurrent mark sweep GC freed 1386(80KB) AllocSpace objects, 1(20KB) LOS objects, 34% free, 30MB/46MB, paused 351us total 18.016ms
08-06 04:33:17.153 24686 24698 I art     : Starting a blocking GC Explicit
08-06 04:33:17.168 24686 24698 I art     : Explicit concurrent mark sweep GC freed 20(704B) AllocSpace objects, 0(0B) LOS objects, 34% free, 30MB/46MB, paused 351us total 14.964ms
08-06 04:33:17.174 24686 24698 I art     : Starting a blocking GC Explicit
08-06 04:33:17.189 24686 24698 I art     : Explicit concurrent mark sweep GC freed 3(96B) AllocSpace objects, 0(0B) LOS objects, 34% free, 30MB/46MB, paused 323us total 14.851ms
08-06 04:33:17.196 24686 24698 I art     : Starting a blocking GC Explicit
08-06 04:33:17.210 24686 24698 I art     : Explicit concurrent mark sweep GC freed 3(96B) AllocSpace objects, 0(0B) LOS objects, 34% free, 30MB/46MB, paused 304us total 14.648ms
08-06 04:33:17.217 24686 24698 I art     : Starting a blocking GC Explicit
08-06 04:33:17.232 24686 24698 I art     : Explicit concurrent mark sweep GC freed 3(96B) AllocSpace objects, 0(0B) LOS objects, 34% free, 30MB/46MB, paused 313us total 14.714ms
08-06 04:33:17.540 13567 13567 I ServiceManager: Waiting for service AtCmdFwd...
08-06 04:33:17.542 24686 20764 I art     : Starting a blocking GC Explicit
08-06 04:33:17.560 24686 20764 I art     : Explicit concurrent mark sweep GC freed 1386(80KB) AllocSpace objects, 1(20KB) LOS objects, 34% free, 30MB/46MB, paused 355us total 17.936ms
08-06 04:33:17.569 24686 20764 I art     : Starting a blocking GC Explicit
08-06 04:33:17.584 24686 20764 I art     : Explicit concurrent mark sweep GC freed 20(704B) AllocSpace objects, 0(0B) LOS objects, 34% free, 30MB/46MB, paused 324us total 15.156ms
08-06 04:33:17.591 24686 20764 I art     : Starting a blocking GC Explicit
08-06 04:33:17.606 24686 20764 I art     : Explicit concurrent mark sweep GC freed 3(96B) AllocSpace objects, 0(0B) LOS objects, 34% free, 30MB/46MB, paused 337us total 14.754ms
08-06 04:33:17.612 24686 20764 I art     : Starting a blocking GC Explicit
08-06 04:33:17.627 24686 20764 I art     : Explicit concurrent mark sweep GC freed 3(96B) AllocSpace objects, 0(0B) LOS objects, 34% free, 30MB/46MB, paused 349us total 14.780ms
08-06 04:33:17.633 24686 20764 I art     : Starting a blocking GC Explicit
08-06 04:33:17.648 24686 20764 I art     : Explicit concurrent mark sweep GC freed 3(96B) AllocSpace objects, 0(0B) LOS objects, 34% free, 30MB/46MB, paused 335us total 14.624ms
08-06 04:33:17.950 24686 24697 I art     : Starting a blocking GC Explicit
08-06 04:33:17.969 24686 24697 I art     : Explicit concurrent mark sweep GC freed 1386(80KB) AllocSpace objects, 1(20KB) LOS objects, 34% free, 30MB/46MB, paused 342us total 18.412ms
08-06 04:33:17.981 24686 24697 I art     : Starting a blocking GC Explicit
08-06 04:33:17.996 24686 24697 I art     : Explicit concurrent mark sweep GC freed 20(704B) AllocSpace objects, 0(0B) LOS objects, 34% free, 30MB/46MB, paused 331us total 14.284ms
08-06 04:33:18.002 24686 24697 I art     : Starting a blocking GC Explicit
08-06 04:33:18.017 24686 24697 I art     : Explicit concurrent mark sweep GC freed 3(96B) AllocSpace objects, 0(0B) LOS objects, 34% free, 30MB/46MB, paused 390us total 14.538ms
08-06 04:33:18.023 24686 24697 I art     : Starting a blocking GC Explicit
08-06 04:33:18.038 24686 24697 I art     : Explicit concurrent mark sweep GC freed 3(96B) AllocSpace objects, 0(0B) LOS objects, 34% free, 30MB/46MB, paused 337us total 14.526ms
08-06 04:33:18.038 24686 24696 I art     : WaitForGcToComplete blocked for 13.816ms for cause HeapTrim
08-06 04:33:18.044 24686 24697 I art     : Starting a blocking GC Explicit
08-06 04:33:18.058 24686 24697 I art     : Explicit concurrent mark sweep GC freed 3(96B) AllocSpace objects, 0(0B) LOS objects, 34% free, 30MB/46MB, paused 316us total 14.491ms
08-06 04:33:18.385 24686 20967 I art     : Starting a blocking GC Explicit
08-06 04:33:18.404 24686 20967 I art     : Explicit concurrent mark sweep GC freed 1386(80KB) AllocSpace objects, 1(20KB) LOS objects, 34% free, 30MB/46MB, paused 349us total 18.502ms
08-06 04:33:18.416 24686 20967 I art     : Starting a blocking GC Explicit
08-06 04:33:18.431 24686 20967 I art     : Explicit concurrent mark sweep GC freed 20(704B) AllocSpace objects, 0(0B) LOS objects, 34% free, 30MB/46MB, paused 316us total 14.639ms
08-06 04:33:18.437 24686 20967 I art     : Starting a blocking GC Explicit
08-06 04:33:18.452 24686 20967 I art     : Explicit concurrent mark sweep GC freed 3(96B) AllocSpace objects, 0(0B) LOS objects, 34% free, 30MB/46MB, paused 323us total 14.365ms
08-06 04:33:18.458 24686 20967 I art     : Starting a blocking GC Explicit
08-06 04:33:18.472 24686 20967 I art     : Explicit concurrent mark sweep GC freed 3(96B) AllocSpace objects, 0(0B) LOS objects, 34% free, 30MB/46MB, paused 315us total 14.374ms
08-06 04:33:18.479 24686 20967 I art     : Starting a blocking GC Explicit
08-06 04:33:18.493 24686 20967 I art     : Explicit concurrent mark sweep GC freed 3(96B) AllocSpace objects, 0(0B) LOS objects, 34% free, 30MB/46MB, paused 315us total 14.331ms
08-06 04:33:18.540 13567 13567 I ServiceManager: Waiting for service AtCmdFwd...
08-06 04:33:18.806 24686 24698 I art     : Starting a blocking GC Explicit
08-06 04:33:18.824 24686 24698 I art     : Explicit concurrent mark sweep GC freed 1386(80KB) AllocSpace objects, 1(20KB) LOS objects, 34% free, 30MB/46MB, paused 347us total 18.266ms
08-06 04:33:18.833 24686 24698 I art     : Starting a blocking GC Explicit
08-06 04:33:18.848 24686 24698 I art     : Explicit concurrent mark sweep GC freed 20(704B) AllocSpace objects, 0(0B) LOS objects, 34% free, 30MB/46MB, paused 324us total 15.105ms
08-06 04:33:18.855 24686 24698 I art     : Starting a blocking GC Explicit
08-06 04:33:18.870 24686 24698 I art     : Explicit concurrent mark sweep GC freed 3(96B) AllocSpace objects, 0(0B) LOS objects, 34% free, 30MB/46MB, paused 324us total 14.790ms
08-06 04:33:18.876 24686 24698 I art     : Starting a blocking GC Explicit
08-06 04:33:18.891 24686 24698 I art     : Explicit concurrent mark sweep GC freed 3(96B) AllocSpace objects, 0(0B) LOS objects, 34% free, 30MB/46MB, paused 314us total 14.779ms
08-06 04:33:18.898 24686 24698 I art     : Starting a blocking GC Explicit
08-06 04:33:18.912 24686 24698 I art     : Explicit concurrent mark sweep GC freed 3(96B) AllocSpace objects, 0(0B) LOS objects, 34% free, 30MB/46MB, paused 365us total 14.100ms
08-06 04:33:19.237 24686 20764 I art     : Starting a blocking GC Explicit
08-06 04:33:19.255 24686 20764 I art     : Explicit concurrent mark sweep GC freed 1386(80KB) AllocSpace objects, 1(20KB) LOS objects, 34% free, 30MB/46MB, paused 326us total 18.285ms
08-06 04:33:19.267 24686 20764 I art     : Starting a blocking GC Explicit
08-06 04:33:19.281 24686 20764 I art     : Explicit concurrent mark sweep GC freed 20(704B) AllocSpace objects, 0(0B) LOS objects, 34% free, 30MB/46MB, paused 347us total 14.227ms
08-06 04:33:19.288 24686 20764 I art     : Starting a blocking GC Explicit
08-06 04:33:19.302 24686 20764 I art     : Explicit concurrent mark sweep GC freed 3(96B) AllocSpace objects, 0(0B) LOS objects, 34% free, 30MB/46MB, paused 324us total 14.496ms
08-06 04:33:19.308 24686 20764 I art     : Starting a blocking GC Explicit
08-06 04:33:19.323 24686 20764 I art     : Explicit concurrent mark sweep GC freed 3(96B) AllocSpace objects, 0(0B) LOS objects, 34% free, 30MB/46MB, paused 319us total 14.399ms
08-06 04:33:19.329 24686 20764 I art     : Starting a blocking GC Explicit
08-06 04:33:19.344 24686 20764 I art     : Explicit concurrent mark sweep GC freed 3(96B) AllocSpace objects, 0(0B) LOS objects, 34% free, 30MB/46MB, paused 318us total 14.239ms
08-06 04:33:19.541 13567 13567 I ServiceManager: Waiting for service AtCmdFwd...
08-06 04:33:19.638 24686 24697 I art     : Starting a blocking GC Explicit
08-06 04:33:19.655 24686 24697 I art     : Explicit concurrent mark sweep GC freed 1386(80KB) AllocSpace objects, 1(20KB) LOS objects, 34% free, 30MB/46MB, paused 345us total 16.880ms
08-06 04:33:19.663 24686 24697 I art     : Starting a blocking GC Explicit
08-06 04:33:19.678 24686 24697 I art     : Explicit concurrent mark sweep GC freed 20(704B) AllocSpace objects, 0(0B) LOS objects, 34% free, 30MB/46MB, paused 325us total 14.908ms
08-06 04:33:19.684 24686 24697 I art     : Starting a blocking GC Explicit
08-06 04:33:19.699 24686 24697 I art     : Explicit concurrent mark sweep GC freed 3(96B) AllocSpace objects, 0(0B) LOS objects, 34% free, 30MB/46MB, paused 326us total 14.940ms
08-06 04:33:19.705 24686 24697 I art     : Starting a blocking GC Explicit
08-06 04:33:19.720 24686 24697 I art     : Explicit concurrent mark sweep GC freed 3(96B) AllocSpace objects, 0(0B) LOS objects, 34% free, 30MB/46MB, paused 405us total 14.387ms
08-06 04:33:19.726 24686 24697 I art     : Starting a blocking GC Explicit
08-06 04:33:19.741 24686 24697 I art     : Explicit concurrent mark sweep GC freed 3(96B) AllocSpace objects, 0(0B) LOS objects, 34% free, 30MB/46MB, paused 308us total 14.451ms
08-06 04:33:19.920 21240 21240 D AndroidRuntime: >>>>>> START com.android.internal.os.RuntimeInit uid 2000 <<<<<<
08-06 04:33:19.927 21240 21240 D AndroidRuntime: CheckJNI is OFF
08-06 04:33:19.951 21240 21240 D ICU     : No timezone override file found: /data/misc/zoneinfo/current/icu/icu_tzdata.dat
08-06 04:33:19.975 21240 21240 I Radio-JNI: register_android_hardware_Radio DONE
08-06 04:33:19.991 21240 21240 D AndroidRuntime: Calling main entry com.android.commands.input.Input
08-06 04:33:19.992 21240 21240 I Input   : injectMotionEvent: MotionEvent { action=ACTION_DOWN, actionButton=0, id[0]=0, x[0]=436.0, y[0]=453.0, toolType[0]=TOOL_TYPE_UNKNOWN, buttonState=0, metaState=0, flags=0x0, edgeFlags=0x0, pointerCount=1, historySize=0, eventTime=851616405, downTime=851616405, deviceId=0, source=0x1002 }
08-06 04:33:19.997 21240 21240 I Input   : injectMotionEvent: MotionEvent { action=ACTION_UP, actionButton=0, id[0]=0, x[0]=436.0, y[0]=453.0, toolType[0]=TOOL_TYPE_UNKNOWN, buttonState=0, metaState=0, flags=0x0, edgeFlags=0x0, pointerCount=1, historySize=0, eventTime=851616405, downTime=851616405, deviceId=0, source=0x1002 }
08-06 04:33:19.999 21240 21240 D AndroidRuntime: Shutting down VM
08-06 04:33:20.008   512  2967 D audio_hw_primary: out_set_parameters: enter: usecase(1: low-latency-playback) kvpairs: routing=2
08-06 04:33:20.008   918  5481 I ActivityManager: START u0 {cmp=baseline.com.newsblur/.activity.GlobalSharedStoriesReading (has extras)} from uid 10698 on display 0
08-06 04:33:20.021   512  2967 D audio_hw_primary: select_devices: out_snd_device(2: speaker) in_snd_device(0: none)
08-06 04:33:20.021   512  2967 D msm8974_platform: platform_send_audio_calibration: sending audio calibration for snd_device(2) acdb_id(15)
08-06 04:33:20.021   512  2967 I soundtrigger: audio_extn_sound_trigger_update_device_status: device 0x2 of type 0 for Event 1
08-06 04:33:20.031   512  2967 D audio_hw_primary: enable_snd_device: snd_device(2: speaker)
08-06 04:33:20.033   512  2967 D audio_hw_primary: enable_audio_route: apply and update mixer path: low-latency-playback speaker
08-06 04:33:20.034 24686 20967 I art     : Starting a blocking GC Explicit
08-06 04:33:20.049 24686 20967 I art     : Explicit concurrent mark sweep GC freed 2121(175KB) AllocSpace objects, 3(60KB) LOS objects, 33% free, 31MB/47MB, paused 515us total 15.600ms
08-06 04:33:20.057 24686 20967 I art     : Starting a blocking GC Explicit
08-06 04:33:20.072 24686 20967 I art     : Explicit concurrent mark sweep GC freed 1041(94KB) AllocSpace objects, 1(112KB) LOS objects, 33% free, 32MB/48MB, paused 531us total 15.132ms
08-06 04:33:20.078 24686 20967 I art     : Starting a blocking GC Explicit
08-06 04:33:20.093 24686 20967 I art     : Explicit concurrent mark sweep GC freed 344(32KB) AllocSpace objects, 1(356KB) LOS objects, 33% free, 32MB/48MB, paused 374us total 14.567ms
08-06 04:33:20.099 24686 20967 I art     : Starting a blocking GC Explicit
08-06 04:33:20.114 24686 20967 I art     : Explicit concurrent mark sweep GC freed 46(2352B) AllocSpace objects, 0(0B) LOS objects, 33% free, 32MB/48MB, paused 396us total 14.414ms
08-06 04:33:20.120 24686 20967 I art     : Starting a blocking GC Explicit
08-06 04:33:20.136 24686 20967 I art     : Explicit concurrent mark sweep GC freed 158(26KB) AllocSpace objects, 1(20KB) LOS objects, 33% free, 32MB/48MB, paused 378us total 16.421ms
08-06 04:33:20.198 13866 13866 I GoogleInputMethodServic: GoogleInputMethodService.onFinishInput():3138 
08-06 04:33:20.198   918   936 I ActivityManager: Displayed baseline.com.newsblur/.activity.GlobalSharedStoriesReading: +183ms
08-06 04:33:20.200 13866 13866 I GoogleInputMethodServic: GoogleInputMethodService.onStartInput():1808 
08-06 04:33:20.213 24686 24686 I WebViewFactory: Loading com.google.android.webview version 84.0.4147.89 (code 414708953)
08-06 04:33:20.274 24686 24686 I cr_LibraryLoader: Loaded native library version number "84.0.4147.89"
08-06 04:33:20.275 24686 24686 I cr_CachingUmaRecorder: Flushed 5 samples from 5 histograms.
08-06 04:33:20.303 24686 24686 E chromium: [ERROR:filesystem_posix.cc(62)] mkdir /data/user/0/baseline.com.newsblur/cache/WebView/Crashpad: No such file or directory (2)
08-06 04:33:20.378 24686 24697 I art     : Starting a blocking GC Explicit
08-06 04:33:20.384   918   928 D ConnectivityService: listenForNetwork for Listen from uid/pid:10698/24686 for NetworkRequest [ id=3830, legacyType=-1, [ Capabilities: INTERNET&NOT_RESTRICTED&TRUSTED] ]
08-06 04:33:20.400 24686 24697 I art     : Explicit concurrent mark sweep GC freed 8299(846KB) AllocSpace objects, 5(100KB) LOS objects, 31% free, 35MB/51MB, paused 776us total 21.906ms
08-06 04:33:20.407 24686 24697 I art     : Starting a blocking GC Explicit
08-06 04:33:20.427 24686 24697 I art     : Explicit concurrent mark sweep GC freed 1535(131KB) AllocSpace objects, 1(20KB) LOS objects, 30% free, 36MB/52MB, paused 951us total 19.713ms
08-06 04:33:20.435 24686 24697 I art     : Starting a blocking GC Explicit
08-06 04:33:20.457 24686 24697 I art     : Explicit concurrent mark sweep GC freed 1534(95KB) AllocSpace objects, 1(20KB) LOS objects, 30% free, 36MB/52MB, paused 1.210ms total 21.378ms
08-06 04:33:20.464 24686 24697 I art     : Starting a blocking GC Explicit
08-06 04:33:20.489 24686 24697 I art     : Explicit concurrent mark sweep GC freed 884(72KB) AllocSpace objects, 6(140KB) LOS objects, 30% free, 36MB/52MB, paused 3.285ms total 25.071ms
08-06 04:33:20.496 24686 21290 W cr_media: Requires BLUETOOTH permission
08-06 04:33:20.511 24686 24697 I art     : Starting a blocking GC Explicit
08-06 04:33:20.518 24686 21306 E libEGL  : validate_display:255 error 3008 (EGL_BAD_DISPLAY)
08-06 04:33:20.540 24686 24697 I art     : Explicit concurrent mark sweep GC freed 8346(405KB) AllocSpace objects, 1(28KB) LOS objects, 30% free, 36MB/52MB, paused 795us total 28.540ms
08-06 04:33:20.542 13567 13567 I ServiceManager: Waiting for service AtCmdFwd...
08-06 04:33:20.578   512  2967 D audio_hw_primary: disable_audio_route: reset and update mixer path: low-latency-playback speaker
08-06 04:33:20.579   512  2967 D audio_hw_primary: disable_snd_device: snd_device(2: speaker)
08-06 04:33:20.587   512  2967 I soundtrigger: audio_extn_sound_trigger_update_device_status: device 0x2 of type 0 for Event 0
08-06 04:33:20.801 24686 24697 I art     : Starting a blocking GC Explicit
08-06 04:33:20.824 24686 24697 I art     : Explicit concurrent mark sweep GC freed 13875(820KB) AllocSpace objects, 12(264KB) LOS objects, 30% free, 36MB/52MB, paused 769us total 21.894ms
08-06 04:33:20.831 24686 24697 I art     : Starting a blocking GC Explicit
08-06 04:33:20.853 24686 24697 I art     : Explicit concurrent mark sweep GC freed 3045(137KB) AllocSpace objects, 1(28KB) LOS objects, 30% free, 36MB/52MB, paused 648us total 21.382ms
08-06 04:33:20.860 24686 24697 I art     : Starting a blocking GC Explicit
08-06 04:33:20.880 24686 24697 I art     : Explicit concurrent mark sweep GC freed 325(15KB) AllocSpace objects, 0(0B) LOS objects, 30% free, 36MB/52MB, paused 575us total 19.540ms
08-06 04:33:20.886 24686 24697 I art     : Starting a blocking GC Explicit
08-06 04:33:20.905 24686 24697 I art     : Explicit concurrent mark sweep GC freed 112(16KB) AllocSpace objects, 0(0B) LOS objects, 30% free, 36MB/52MB, paused 597us total 18.776ms
08-06 04:33:20.913 24686 24697 I art     : Starting a blocking GC Explicit
08-06 04:33:20.933 24686 24697 I art     : Explicit concurrent mark sweep GC freed 25(832B) AllocSpace objects, 0(0B) LOS objects, 30% free, 36MB/52MB, paused 576us total 19.906ms
08-06 04:33:21.111 24686 21314 E baseline.com.newsblur.network.APIResponse: Error (unexpected end of stream on https://www.newsblur.com/...) calling https://www.newsblur.com/reader/mark_story_hashes_as_read/
08-06 04:33:21.111 24686 21314 E baseline.com.newsblur.network.APIResponse: java.io.IOException: unexpected end of stream on https://www.newsblur.com/...
08-06 04:33:21.111 24686 21314 E baseline.com.newsblur.network.APIResponse: 	at okhttp3.internal.http1.Http1ExchangeCodec.readResponseHeaders(Http1ExchangeCodec.java:236)
08-06 04:33:21.111 24686 21314 E baseline.com.newsblur.network.APIResponse: 	at okhttp3.internal.connection.Exchange.readResponseHeaders(Exchange.java:115)
08-06 04:33:21.111 24686 21314 E baseline.com.newsblur.network.APIResponse: 	at okhttp3.internal.http.CallServerInterceptor.intercept(CallServerInterceptor.java:94)
08-06 04:33:21.111 24686 21314 E baseline.com.newsblur.network.APIResponse: 	at okhttp3.internal.http.RealInterceptorChain.proceed(RealInterceptorChain.java:142)
08-06 04:33:21.111 24686 21314 E baseline.com.newsblur.network.APIResponse: 	at okhttp3.internal.connection.ConnectInterceptor.intercept(ConnectInterceptor.java:43)
08-06 04:33:21.111 24686 21314 E baseline.com.newsblur.network.APIResponse: 	at okhttp3.internal.http.RealInterceptorChain.proceed(RealInterceptorChain.java:142)
08-06 04:33:21.111 24686 21314 E baseline.com.newsblur.network.APIResponse: 	at okhttp3.internal.http.RealInterceptorChain.proceed(RealInterceptorChain.java:117)
08-06 04:33:21.111 24686 21314 E baseline.com.newsblur.network.APIResponse: 	at okhttp3.internal.cache.CacheInterceptor.intercept(CacheInterceptor.java:94)
08-06 04:33:21.111 24686 21314 E baseline.com.newsblur.network.APIResponse: 	at okhttp3.internal.http.RealInterceptorChain.proceed(RealInterceptorChain.java:142)
08-06 04:33:21.111 24686 21314 E baseline.com.newsblur.network.APIResponse: 	at okhttp3.internal.http.RealInterceptorChain.proceed(RealInterceptorChain.java:117)
08-06 04:33:21.111 24686 21314 E baseline.com.newsblur.network.APIResponse: 	at okhttp3.internal.http.BridgeInterceptor.intercept(BridgeInterceptor.java:93)
08-06 04:33:21.111 24686 21314 E baseline.com.newsblur.network.APIResponse: 	at okhttp3.internal.http.RealInterceptorChain.proceed(RealInterceptorChain.java:142)
08-06 04:33:21.111 24686 21314 E baseline.com.newsblur.network.APIResponse: 	at okhttp3.internal.http.RetryAndFollowUpInterceptor.intercept(RetryAndFollowUpInterceptor.java:88)
08-06 04:33:21.111 24686 21314 E baseline.com.newsblur.network.APIResponse: 	at okhttp3.internal.http.RealInterceptorChain.proceed(RealInterceptorChain.java:142)
08-06 04:33:21.111 24686 21314 E baseline.com.newsblur.network.APIResponse: 	at okhttp3.internal.http.RealInterceptorChain.proceed(RealInterceptorChain.java:117)
08-06 04:33:21.111 24686 21314 E baseline.com.newsblur.network.APIResponse: 	at okhttp3.RealCall.getResponseWithInterceptorChain(RealCall.java:229)
08-06 04:33:21.111 24686 21314 E baseline.com.newsblur.network.APIResponse: 	at okhttp3.RealCall.execute(RealCall.java:81)
08-06 04:33:21.111 24686 21314 E baseline.com.newsblur.network.APIResponse: 	at baseline.com.newsblur.network.APIResponse.<init>(APIResponse.java:57)
08-06 04:33:21.111 24686 21314 E baseline.com.newsblur.network.APIResponse: 	at baseline.com.newsblur.network.APIResponse.<init>(APIResponse.java:43)
08-06 04:33:21.111 24686 21314 E baseline.com.newsblur.network.APIResponse: 	at baseline.com.newsblur.network.APIManager.post_single(APIManager.java:702)
08-06 04:33:21.111 24686 21314 E baseline.com.newsblur.network.APIResponse: 	at baseline.com.newsblur.network.APIManager.post(APIManager.java:675)
08-06 04:33:21.111 24686 21314 E baseline.com.newsblur.network.APIResponse: 	at baseline.com.newsblur.network.APIManager.post(APIManager.java:714)
08-06 04:33:21.111 24686 21314 E baseline.com.newsblur.network.APIResponse: 	at baseline.com.newsblur.network.APIManager.markStoryAsRead(APIManager.java:205)
08-06 04:33:21.111 24686 21314 E baseline.com.newsblur.network.APIResponse: 	at baseline.com.newsblur.util.ReadingAction.doRemote(ReadingAction.java:281)
08-06 04:33:21.111 24686 21314 E baseline.com.newsblur.network.APIResponse: 	at baseline.com.newsblur.service.NBSyncService.syncActions(NBSyncService.java:400)
08-06 04:33:21.111 24686 21314 E baseline.com.newsblur.network.APIResponse: 	at baseline.com.newsblur.service.NBSyncService.doSync(NBSyncService.java:298)
08-06 04:33:21.111 24686 21314 E baseline.com.newsblur.network.APIResponse: 	at baseline.com.newsblur.service.NBSyncService.access$100(NBSyncService.java:67)
08-06 04:33:21.111 24686 21314 E baseline.com.newsblur.network.APIResponse: 	at baseline.com.newsblur.service.NBSyncService$1.run(NBSyncService.java:188)
08-06 04:33:21.111 24686 21314 E baseline.com.newsblur.network.APIResponse: 	at java.util.concurrent.ThreadPoolExecutor.runWorker(ThreadPoolExecutor.java:1113)
08-06 04:33:21.111 24686 21314 E baseline.com.newsblur.network.APIResponse: 	at java.util.concurrent.ThreadPoolExecutor$Worker.run(ThreadPoolExecutor.java:588)
08-06 04:33:21.111 24686 21314 E baseline.com.newsblur.network.APIResponse: 	at java.lang.Thread.run(Thread.java:818)
08-06 04:33:21.111 24686 21314 E baseline.com.newsblur.network.APIResponse: Caused by: java.io.EOFException: \n not found: limit=0 content=
08-06 04:33:21.111 24686 21314 E baseline.com.newsblur.network.APIResponse: 	at okio.RealBufferedSource.readUtf8LineStrict(RealBufferedSource.java:240)
08-06 04:33:21.111 24686 21314 E baseline.com.newsblur.network.APIResponse: 	at okhttp3.internal.http1.Http1ExchangeCodec.readHeaderLine(Http1ExchangeCodec.java:242)
08-06 04:33:21.111 24686 21314 E baseline.com.newsblur.network.APIResponse: 	at okhttp3.internal.http1.Http1ExchangeCodec.readResponseHeaders(Http1ExchangeCodec.java:213)
08-06 04:33:21.111 24686 21314 E baseline.com.newsblur.network.APIResponse: 	... 30 more
08-06 04:33:21.113 24686 21314 I baseline.com.newsblur.network.APIManager: API call failed, pausing before retry number 1
08-06 04:33:21.250 24686 24697 I art     : Starting a blocking GC Explicit
08-06 04:33:21.299 24686 24697 I art     : Explicit concurrent mark sweep GC freed 4658(416KB) AllocSpace objects, 6(260KB) LOS objects, 30% free, 36MB/52MB, paused 621us total 48.559ms
08-06 04:33:21.310 24686 24697 I art     : Starting a blocking GC Explicit
08-06 04:33:21.338 24686 24697 I art     : Explicit concurrent mark sweep GC freed 993(118KB) AllocSpace objects, 0(0B) LOS objects, 30% free, 36MB/52MB, paused 685us total 28.241ms
08-06 04:33:21.346 24686 24697 I art     : Starting a blocking GC Explicit
08-06 04:33:21.368 24686 24697 I art     : Explicit concurrent mark sweep GC freed 3(96B) AllocSpace objects, 0(0B) LOS objects, 30% free, 36MB/52MB, paused 662us total 21.263ms
08-06 04:33:21.376 24686 24697 I art     : Starting a blocking GC Explicit
08-06 04:33:21.397 24686 24697 I art     : Explicit concurrent mark sweep GC freed 3(96B) AllocSpace objects, 0(0B) LOS objects, 30% free, 36MB/52MB, paused 546us total 20.898ms
08-06 04:33:21.405 24686 24697 I art     : Starting a blocking GC Explicit
08-06 04:33:21.427 24686 24697 I art     : Explicit concurrent mark sweep GC freed 3(96B) AllocSpace objects, 0(0B) LOS objects, 30% free, 36MB/52MB, paused 577us total 21.924ms
08-06 04:33:21.542 13567 13567 I ServiceManager: Waiting for service AtCmdFwd...
08-06 04:33:21.739 24686 24698 I art     : Starting a blocking GC Explicit
08-06 04:33:21.766 24686 24698 I art     : Explicit concurrent mark sweep GC freed 1466(83KB) AllocSpace objects, 1(20KB) LOS objects, 30% free, 36MB/52MB, paused 650us total 26.565ms
08-06 04:33:21.776 24686 24698 I art     : Starting a blocking GC Explicit
08-06 04:33:21.799 24686 24698 I art     : Explicit concurrent mark sweep GC freed 31(1072B) AllocSpace objects, 0(0B) LOS objects, 30% free, 36MB/52MB, paused 548us total 22.488ms
08-06 04:33:21.807 24686 24698 I art     : Starting a blocking GC Explicit
08-06 04:33:21.829 24686 24698 I art     : Explicit concurrent mark sweep GC freed 10(320B) AllocSpace objects, 0(0B) LOS objects, 30% free, 36MB/52MB, paused 556us total 21.793ms
08-06 04:33:21.838 24686 24698 I art     : Starting a blocking GC Explicit
08-06 04:33:21.864 24686 24698 I art     : Explicit concurrent mark sweep GC freed 10(320B) AllocSpace objects, 0(0B) LOS objects, 30% free, 36MB/52MB, paused 686us total 26.347ms
08-06 04:33:21.872 24686 24698 I art     : Starting a blocking GC Explicit
08-06 04:33:21.896 24686 24698 I art     : Explicit concurrent mark sweep GC freed 12(384B) AllocSpace objects, 0(0B) LOS objects, 30% free, 36MB/52MB, paused 553us total 24.377ms
08-06 04:33:22.227 24686 24698 I art     : Starting a blocking GC Explicit
08-06 04:33:22.253 24686 24698 I art     : Explicit concurrent mark sweep GC freed 1442(83KB) AllocSpace objects, 1(20KB) LOS objects, 30% free, 36MB/52MB, paused 662us total 25.530ms
08-06 04:33:22.263 24686 24698 I art     : Starting a blocking GC Explicit
08-06 04:33:22.289 24686 24698 I art     : Explicit concurrent mark sweep GC freed 22(784B) AllocSpace objects, 0(0B) LOS objects, 30% free, 36MB/52MB, paused 723us total 25.447ms
08-06 04:33:22.299 24686 24698 I art     : Starting a blocking GC Explicit
08-06 04:33:22.325 24686 24698 I art     : Explicit concurrent mark sweep GC freed 3(96B) AllocSpace objects, 0(0B) LOS objects, 30% free, 36MB/52MB, paused 912us total 26.289ms
08-06 04:33:22.335 24686 24698 I art     : Starting a blocking GC Explicit
08-06 04:33:22.359 24686 24698 I art     : Explicit concurrent mark sweep GC freed 3(96B) AllocSpace objects, 0(0B) LOS objects, 30% free, 36MB/52MB, paused 623us total 23.842ms
08-06 04:33:22.365 24686 24698 I art     : Starting a blocking GC Explicit
08-06 04:33:22.387 24686 24698 I art     : Explicit concurrent mark sweep GC freed 3(96B) AllocSpace objects, 0(0B) LOS objects, 30% free, 36MB/52MB, paused 943us total 21.753ms
08-06 04:33:22.543 13567 13567 W Atfwd_Sendcmd: AtCmdFwd service not published, waiting... retryCnt : 5
08-06 04:33:22.549   518   646 I ThermalEngine: ACTION: GPU - Setting GPU[0] to 510000000
08-06 04:33:22.719 24686 24698 I art     : Starting a blocking GC Explicit
08-06 04:33:22.750 24686 24698 I art     : Explicit concurrent mark sweep GC freed 1606(91KB) AllocSpace objects, 1(20KB) LOS objects, 30% free, 36MB/52MB, paused 790us total 30.314ms
08-06 04:33:22.761 24686 24698 I art     : Starting a blocking GC Explicit
08-06 04:33:22.789 24686 24698 I art     : Explicit concurrent mark sweep GC freed 28(1040B) AllocSpace objects, 0(0B) LOS objects, 30% free, 36MB/52MB, paused 1.101ms total 27.582ms
08-06 04:33:22.799 24686 24698 I art     : Starting a blocking GC Explicit
08-06 04:33:22.826 24686 24698 I art     : Explicit concurrent mark sweep GC freed 3(96B) AllocSpace objects, 0(0B) LOS objects, 30% free, 36MB/52MB, paused 842us total 27.302ms
08-06 04:33:22.835 24686 24698 I art     : Starting a blocking GC Explicit
08-06 04:33:22.864 24686 24698 I art     : Explicit concurrent mark sweep GC freed 3(96B) AllocSpace objects, 0(0B) LOS objects, 30% free, 36MB/52MB, paused 839us total 28.673ms
08-06 04:33:22.873 24686 24698 I art     : Starting a blocking GC Explicit
08-06 04:33:22.906 24686 24698 I art     : Explicit concurrent mark sweep GC freed 3(96B) AllocSpace objects, 0(0B) LOS objects, 30% free, 36MB/52MB, paused 885us total 32.502ms
08-06 04:33:23.169 24686 21314 E baseline.com.newsblur.network.APIResponse: Error (unexpected end of stream on https://www.newsblur.com/...) calling https://www.newsblur.com/reader/mark_story_hashes_as_read/
08-06 04:33:23.169 24686 21314 E baseline.com.newsblur.network.APIResponse: java.io.IOException: unexpected end of stream on https://www.newsblur.com/...
08-06 04:33:23.169 24686 21314 E baseline.com.newsblur.network.APIResponse: 	at okhttp3.internal.http1.Http1ExchangeCodec.readResponseHeaders(Http1ExchangeCodec.java:236)
08-06 04:33:23.169 24686 21314 E baseline.com.newsblur.network.APIResponse: 	at okhttp3.internal.connection.Exchange.readResponseHeaders(Exchange.java:115)
08-06 04:33:23.169 24686 21314 E baseline.com.newsblur.network.APIResponse: 	at okhttp3.internal.http.CallServerInterceptor.intercept(CallServerInterceptor.java:94)
08-06 04:33:23.169 24686 21314 E baseline.com.newsblur.network.APIResponse: 	at okhttp3.internal.http.RealInterceptorChain.proceed(RealInterceptorChain.java:142)
08-06 04:33:23.169 24686 21314 E baseline.com.newsblur.network.APIResponse: 	at okhttp3.internal.connection.ConnectInterceptor.intercept(ConnectInterceptor.java:43)
08-06 04:33:23.169 24686 21314 E baseline.com.newsblur.network.APIResponse: 	at okhttp3.internal.http.RealInterceptorChain.proceed(RealInterceptorChain.java:142)
08-06 04:33:23.169 24686 21314 E baseline.com.newsblur.network.APIResponse: 	at okhttp3.internal.http.RealInterceptorChain.proceed(RealInterceptorChain.java:117)
08-06 04:33:23.169 24686 21314 E baseline.com.newsblur.network.APIResponse: 	at okhttp3.internal.cache.CacheInterceptor.intercept(CacheInterceptor.java:94)
08-06 04:33:23.169 24686 21314 E baseline.com.newsblur.network.APIResponse: 	at okhttp3.internal.http.RealInterceptorChain.proceed(RealInterceptorChain.java:142)
08-06 04:33:23.169 24686 21314 E baseline.com.newsblur.network.APIResponse: 	at okhttp3.internal.http.RealInterceptorChain.proceed(RealInterceptorChain.java:117)
08-06 04:33:23.169 24686 21314 E baseline.com.newsblur.network.APIResponse: 	at okhttp3.internal.http.BridgeInterceptor.intercept(BridgeInterceptor.java:93)
08-06 04:33:23.169 24686 21314 E baseline.com.newsblur.network.APIResponse: 	at okhttp3.internal.http.RealInterceptorChain.proceed(RealInterceptorChain.java:142)
08-06 04:33:23.169 24686 21314 E baseline.com.newsblur.network.APIResponse: 	at okhttp3.internal.http.RetryAndFollowUpInterceptor.intercept(RetryAndFollowUpInterceptor.java:88)
08-06 04:33:23.169 24686 21314 E baseline.com.newsblur.network.APIResponse: 	at okhttp3.internal.http.RealInterceptorChain.proceed(RealInterceptorChain.java:142)
08-06 04:33:23.169 24686 21314 E baseline.com.newsblur.network.APIResponse: 	at okhttp3.internal.http.RealInterceptorChain.proceed(RealInterceptorChain.java:117)
08-06 04:33:23.169 24686 21314 E baseline.com.newsblur.network.APIResponse: 	at okhttp3.RealCall.getResponseWithInterceptorChain(RealCall.java:229)
08-06 04:33:23.169 24686 21314 E baseline.com.newsblur.network.APIResponse: 	at okhttp3.RealCall.execute(RealCall.java:81)
08-06 04:33:23.169 24686 21314 E baseline.com.newsblur.network.APIResponse: 	at baseline.com.newsblur.network.APIResponse.<init>(APIResponse.java:57)
08-06 04:33:23.169 24686 21314 E baseline.com.newsblur.network.APIResponse: 	at baseline.com.newsblur.network.APIResponse.<init>(APIResponse.java:43)
08-06 04:33:23.169 24686 21314 E baseline.com.newsblur.network.APIResponse: 	at baseline.com.newsblur.network.APIManager.post_single(APIManager.java:702)
08-06 04:33:23.169 24686 21314 E baseline.com.newsblur.network.APIResponse: 	at baseline.com.newsblur.network.APIManager.post(APIManager.java:675)
08-06 04:33:23.169 24686 21314 E baseline.com.newsblur.network.APIResponse: 	at baseline.com.newsblur.network.APIManager.post(APIManager.java:714)
08-06 04:33:23.169 24686 21314 E baseline.com.newsblur.network.APIResponse: 	at baseline.com.newsblur.network.APIManager.markStoryAsRead(APIManager.java:205)
08-06 04:33:23.169 24686 21314 E baseline.com.newsblur.network.APIResponse: 	at baseline.com.newsblur.util.ReadingAction.doRemote(ReadingAction.java:281)
08-06 04:33:23.169 24686 21314 E baseline.com.newsblur.network.APIResponse: 	at baseline.com.newsblur.service.NBSyncService.syncActions(NBSyncService.java:400)
08-06 04:33:23.169 24686 21314 E baseline.com.newsblur.network.APIResponse: 	at baseline.com.newsblur.service.NBSyncService.doSync(NBSyncService.java:298)
08-06 04:33:23.169 24686 21314 E baseline.com.newsblur.network.APIResponse: 	at baseline.com.newsblur.service.NBSyncService.access$100(NBSyncService.java:67)
08-06 04:33:23.169 24686 21314 E baseline.com.newsblur.network.APIResponse: 	at baseline.com.newsblur.service.NBSyncService$1.run(NBSyncService.java:188)
08-06 04:33:23.169 24686 21314 E baseline.com.newsblur.network.APIResponse: 	at java.util.concurrent.ThreadPoolExecutor.runWorker(ThreadPoolExecutor.java:1113)
08-06 04:33:23.169 24686 21314 E baseline.com.newsblur.network.APIResponse: 	at java.util.concurrent.ThreadPoolExecutor$Worker.run(ThreadPoolExecutor.java:588)
08-06 04:33:23.169 24686 21314 E baseline.com.newsblur.network.APIResponse: 	at java.lang.Thread.run(Thread.java:818)
08-06 04:33:23.169 24686 21314 E baseline.com.newsblur.network.APIResponse: Caused by: java.io.EOFException: \n not found: limit=0 content=
08-06 04:33:23.169 24686 21314 E baseline.com.newsblur.network.APIResponse: 	at okio.RealBufferedSource.readUtf8LineStrict(RealBufferedSource.java:240)
08-06 04:33:23.169 24686 21314 E baseline.com.newsblur.network.APIResponse: 	at okhttp3.internal.http1.Http1ExchangeCodec.readHeaderLine(Http1ExchangeCodec.java:242)
08-06 04:33:23.169 24686 21314 E baseline.com.newsblur.network.APIResponse: 	at okhttp3.internal.http1.Http1ExchangeCodec.readResponseHeaders(Http1ExchangeCodec.java:213)
08-06 04:33:23.169 24686 21314 E baseline.com.newsblur.network.APIResponse: 	... 30 more
08-06 04:33:23.171 24686 21314 I baseline.com.newsblur.network.APIManager: API call failed, pausing before retry number 2
08-06 04:33:23.239 24686 24698 I art     : Starting a blocking GC Explicit
08-06 04:33:23.271 24686 24698 I art     : Explicit concurrent mark sweep GC freed 3947(357KB) AllocSpace objects, 3(60KB) LOS objects, 30% free, 36MB/52MB, paused 890us total 32.024ms
08-06 04:33:23.283 24686 24698 I art     : Starting a blocking GC Explicit
08-06 04:33:23.315 24686 24698 I art     : Explicit concurrent mark sweep GC freed 109(3KB) AllocSpace objects, 0(0B) LOS objects, 30% free, 36MB/52MB, paused 796us total 32.104ms
08-06 04:33:23.326 24686 24698 I art     : Starting a blocking GC Explicit
08-06 04:33:23.356 24686 24698 I art     : Explicit concurrent mark sweep GC freed 3(96B) AllocSpace objects, 0(0B) LOS objects, 30% free, 36MB/52MB, paused 848us total 30.014ms
08-06 04:33:23.368 24686 24698 I art     : Starting a blocking GC Explicit
08-06 04:33:23.396 24686 24698 I art     : Explicit concurrent mark sweep GC freed 3(96B) AllocSpace objects, 0(0B) LOS objects, 30% free, 36MB/52MB, paused 1.148ms total 28.388ms
08-06 04:33:23.405 24686 24698 I art     : Starting a blocking GC Explicit
08-06 04:33:23.432 24686 24698 I art     : Explicit concurrent mark sweep GC freed 3(96B) AllocSpace objects, 0(0B) LOS objects, 30% free, 36MB/52MB, paused 760us total 26.352ms
08-06 04:33:23.756 24686 20967 I art     : Starting a blocking GC Explicit
08-06 04:33:23.788 24686 20967 I art     : Explicit concurrent mark sweep GC freed 1441(83KB) AllocSpace objects, 1(20KB) LOS objects, 30% free, 36MB/52MB, paused 981us total 31.329ms
08-06 04:33:23.800 24686 20967 I art     : Starting a blocking GC Explicit
08-06 04:33:23.832 24686 20967 I art     : Explicit concurrent mark sweep GC freed 22(784B) AllocSpace objects, 0(0B) LOS objects, 30% free, 36MB/52MB, paused 783us total 31.711ms
08-06 04:33:23.842 24686 20967 I art     : Starting a blocking GC Explicit
08-06 04:33:23.873 24686 20967 I art     : Explicit concurrent mark sweep GC freed 3(96B) AllocSpace objects, 0(0B) LOS objects, 30% free, 36MB/52MB, paused 875us total 30.570ms
08-06 04:33:23.885 24686 20967 I art     : Starting a blocking GC Explicit
08-06 04:33:23.917 24686 20967 I art     : Explicit concurrent mark sweep GC freed 3(96B) AllocSpace objects, 0(0B) LOS objects, 30% free, 36MB/52MB, paused 847us total 32.246ms
08-06 04:33:23.928 24686 20967 I art     : Starting a blocking GC Explicit
08-06 04:33:23.961 24686 20967 I art     : Explicit concurrent mark sweep GC freed 3(96B) AllocSpace objects, 0(0B) LOS objects, 30% free, 36MB/52MB, paused 1.074ms total 32.069ms
08-06 04:33:24.289 24686 20967 I art     : Starting a blocking GC Explicit
08-06 04:33:24.321 24686 20967 I art     : Explicit concurrent mark sweep GC freed 1439(83KB) AllocSpace objects, 1(20KB) LOS objects, 30% free, 36MB/52MB, paused 844us total 31.663ms
08-06 04:33:24.333 24686 20967 I art     : Starting a blocking GC Explicit
08-06 04:33:24.365 24686 20967 I art     : Explicit concurrent mark sweep GC freed 22(784B) AllocSpace objects, 0(0B) LOS objects, 30% free, 36MB/52MB, paused 892us total 31.577ms
08-06 04:33:24.375 24686 20967 I art     : Starting a blocking GC Explicit
08-06 04:33:24.406 24686 20967 I art     : Explicit concurrent mark sweep GC freed 3(96B) AllocSpace objects, 0(0B) LOS objects, 30% free, 36MB/52MB, paused 887us total 30.752ms
08-06 04:33:24.418 24686 20967 I art     : Starting a blocking GC Explicit
08-06 04:33:24.450 24686 20967 I art     : Explicit concurrent mark sweep GC freed 3(96B) AllocSpace objects, 0(0B) LOS objects, 30% free, 36MB/52MB, paused 769us total 31.880ms
08-06 04:33:24.461 24686 20967 I art     : Starting a blocking GC Explicit
08-06 04:33:24.491 24686 20967 I art     : Explicit concurrent mark sweep GC freed 3(96B) AllocSpace objects, 0(0B) LOS objects, 30% free, 36MB/52MB, paused 893us total 30.220ms
08-06 04:33:24.552   518   646 I ThermalEngine: ACTION: GPU - Setting GPU[0] to 450000000
08-06 04:33:24.852 24686 24697 I art     : Starting a blocking GC Explicit
08-06 04:33:24.890 24686 24697 I art     : Explicit concurrent mark sweep GC freed 1438(82KB) AllocSpace objects, 1(20KB) LOS objects, 30% free, 36MB/52MB, paused 1.122ms total 37.791ms
08-06 04:33:24.904 24686 24697 I art     : Starting a blocking GC Explicit
08-06 04:33:24.941 24686 24697 I art     : Explicit concurrent mark sweep GC freed 22(784B) AllocSpace objects, 0(0B) LOS objects, 30% free, 36MB/52MB, paused 1.187ms total 36.630ms
08-06 04:33:24.955 24686 24697 I art     : Starting a blocking GC Explicit
08-06 04:33:24.993 24686 24697 I art     : Explicit concurrent mark sweep GC freed 3(96B) AllocSpace objects, 0(0B) LOS objects, 30% free, 36MB/52MB, paused 1.136ms total 37.030ms
08-06 04:33:25.007 24686 24697 I art     : Starting a blocking GC Explicit
08-06 04:33:25.044 24686 24697 I art     : Explicit concurrent mark sweep GC freed 3(96B) AllocSpace objects, 0(0B) LOS objects, 30% free, 36MB/52MB, paused 1.171ms total 36.627ms
08-06 04:33:25.057 24686 24697 I art     : Starting a blocking GC Explicit
08-06 04:33:25.095 24686 24697 I art     : Explicit concurrent mark sweep GC freed 3(96B) AllocSpace objects, 0(0B) LOS objects, 30% free, 36MB/52MB, paused 1.366ms total 36.958ms
08-06 04:33:25.452 24686 20967 I art     : Starting a blocking GC Explicit
08-06 04:33:25.490 24686 20967 I art     : Explicit concurrent mark sweep GC freed 1438(82KB) AllocSpace objects, 1(20KB) LOS objects, 30% free, 36MB/52MB, paused 1.125ms total 37.813ms
08-06 04:33:25.504 24686 20967 I art     : Starting a blocking GC Explicit
08-06 04:33:25.541 24686 20967 I art     : Explicit concurrent mark sweep GC freed 22(784B) AllocSpace objects, 0(0B) LOS objects, 30% free, 36MB/52MB, paused 1.158ms total 36.717ms
08-06 04:33:25.555 24686 20967 I art     : Starting a blocking GC Explicit
08-06 04:33:25.592 24686 20967 I art     : Explicit concurrent mark sweep GC freed 3(96B) AllocSpace objects, 0(0B) LOS objects, 30% free, 36MB/52MB, paused 1.114ms total 36.751ms
08-06 04:33:25.606 24686 20967 I art     : Starting a blocking GC Explicit
08-06 04:33:25.643 24686 20967 I art     : Explicit concurrent mark sweep GC freed 3(96B) AllocSpace objects, 0(0B) LOS objects, 30% free, 36MB/52MB, paused 1.180ms total 36.603ms
08-06 04:33:25.657 24686 20967 I art     : Starting a blocking GC Explicit
08-06 04:33:25.693 24686 20967 I art     : Explicit concurrent mark sweep GC freed 3(96B) AllocSpace objects, 0(0B) LOS objects, 30% free, 36MB/52MB, paused 1.120ms total 36.100ms
08-06 04:33:26.050 24686 20967 I art     : Starting a blocking GC Explicit
08-06 04:33:26.089 24686 20967 I art     : Explicit concurrent mark sweep GC freed 1438(82KB) AllocSpace objects, 1(20KB) LOS objects, 30% free, 36MB/52MB, paused 1.179ms total 38.730ms
08-06 04:33:26.103 24686 20967 I art     : Starting a blocking GC Explicit
08-06 04:33:26.141 24686 20967 I art     : Explicit concurrent mark sweep GC freed 22(784B) AllocSpace objects, 0(0B) LOS objects, 30% free, 36MB/52MB, paused 1.117ms total 37.663ms
08-06 04:33:26.155 24686 20967 I art     : Starting a blocking GC Explicit
08-06 04:33:26.192 24686 20967 I art     : Explicit concurrent mark sweep GC freed 94(3KB) AllocSpace objects, 0(0B) LOS objects, 30% free, 36MB/52MB, paused 1.231ms total 37.035ms
08-06 04:33:26.206 24686 20967 I art     : Starting a blocking GC Explicit
08-06 04:33:26.243 24686 20967 I art     : Explicit concurrent mark sweep GC freed 9(352B) AllocSpace objects, 0(0B) LOS objects, 30% free, 36MB/52MB, paused 1.258ms total 37.049ms
08-06 04:33:26.257 24686 20967 I art     : Starting a blocking GC Explicit
08-06 04:33:26.295 24686 20967 I art     : Explicit concurrent mark sweep GC freed 15(656B) AllocSpace objects, 0(0B) LOS objects, 30% free, 36MB/52MB, paused 1.243ms total 37.023ms
08-06 04:33:26.652 24686 24697 I art     : Starting a blocking GC Explicit
08-06 04:33:26.696 24686 24697 I art     : Explicit concurrent mark sweep GC freed 1651(93KB) AllocSpace objects, 1(20KB) LOS objects, 30% free, 36MB/52MB, paused 1.593ms total 44.529ms
08-06 04:33:26.710 24686 24697 I art     : Starting a blocking GC Explicit
08-06 04:33:26.749 24686 24697 I art     : Explicit concurrent mark sweep GC freed 1559(60KB) AllocSpace objects, 0(0B) LOS objects, 30% free, 36MB/52MB, paused 1.483ms total 38.482ms
08-06 04:33:26.754 24686 21314 E baseline.com.newsblur.network.APIResponse: Error (unexpected end of stream on https://www.newsblur.com/...) calling https://www.newsblur.com/reader/mark_story_hashes_as_read/
08-06 04:33:26.754 24686 21314 E baseline.com.newsblur.network.APIResponse: java.io.IOException: unexpected end of stream on https://www.newsblur.com/...
08-06 04:33:26.754 24686 21314 E baseline.com.newsblur.network.APIResponse: 	at okhttp3.internal.http1.Http1ExchangeCodec.readResponseHeaders(Http1ExchangeCodec.java:236)
08-06 04:33:26.754 24686 21314 E baseline.com.newsblur.network.APIResponse: 	at okhttp3.internal.connection.Exchange.readResponseHeaders(Exchange.java:115)
08-06 04:33:26.754 24686 21314 E baseline.com.newsblur.network.APIResponse: 	at okhttp3.internal.http.CallServerInterceptor.intercept(CallServerInterceptor.java:94)
08-06 04:33:26.754 24686 21314 E baseline.com.newsblur.network.APIResponse: 	at okhttp3.internal.http.RealInterceptorChain.proceed(RealInterceptorChain.java:142)
08-06 04:33:26.754 24686 21314 E baseline.com.newsblur.network.APIResponse: 	at okhttp3.internal.connection.ConnectInterceptor.intercept(ConnectInterceptor.java:43)
08-06 04:33:26.754 24686 21314 E baseline.com.newsblur.network.APIResponse: 	at okhttp3.internal.http.RealInterceptorChain.proceed(RealInterceptorChain.java:142)
08-06 04:33:26.754 24686 21314 E baseline.com.newsblur.network.APIResponse: 	at okhttp3.internal.http.RealInterceptorChain.proceed(RealInterceptorChain.java:117)
08-06 04:33:26.754 24686 21314 E baseline.com.newsblur.network.APIResponse: 	at okhttp3.internal.cache.CacheInterceptor.intercept(CacheInterceptor.java:94)
08-06 04:33:26.754 24686 21314 E baseline.com.newsblur.network.APIResponse: 	at okhttp3.internal.http.RealInterceptorChain.proceed(RealInterceptorChain.java:142)
08-06 04:33:26.754 24686 21314 E baseline.com.newsblur.network.APIResponse: 	at okhttp3.internal.http.RealInterceptorChain.proceed(RealInterceptorChain.java:117)
08-06 04:33:26.754 24686 21314 E baseline.com.newsblur.network.APIResponse: 	at okhttp3.internal.http.BridgeInterceptor.intercept(BridgeInterceptor.java:93)
08-06 04:33:26.754 24686 21314 E baseline.com.newsblur.network.APIResponse: 	at okhttp3.internal.http.RealInterceptorChain.proceed(RealInterceptorChain.java:142)
08-06 04:33:26.754 24686 21314 E baseline.com.newsblur.network.APIResponse: 	at okhttp3.internal.http.RetryAndFollowUpInterceptor.intercept(RetryAndFollowUpInterceptor.java:88)
08-06 04:33:26.754 24686 21314 E baseline.com.newsblur.network.APIResponse: 	at okhttp3.internal.http.RealInterceptorChain.proceed(RealInterceptorChain.java:142)
08-06 04:33:26.754 24686 21314 E baseline.com.newsblur.network.APIResponse: 	at okhttp3.internal.http.RealInterceptorChain.proceed(RealInterceptorChain.java:117)
08-06 04:33:26.754 24686 21314 E baseline.com.newsblur.network.APIResponse: 	at okhttp3.RealCall.getResponseWithInterceptorChain(RealCall.java:229)
08-06 04:33:26.754 24686 21314 E baseline.com.newsblur.network.APIResponse: 	at okhttp3.RealCall.execute(RealCall.java:81)
08-06 04:33:26.754 24686 21314 E baseline.com.newsblur.network.APIResponse: 	at baseline.com.newsblur.network.APIResponse.<init>(APIResponse.java:57)
08-06 04:33:26.754 24686 21314 E baseline.com.newsblur.network.APIResponse: 	at baseline.com.newsblur.network.APIResponse.<init>(APIResponse.java:43)
08-06 04:33:26.754 24686 21314 E baseline.com.newsblur.network.APIResponse: 	at baseline.com.newsblur.network.APIManager.post_single(APIManager.java:702)
08-06 04:33:26.754 24686 21314 E baseline.com.newsblur.network.APIResponse: 	at baseline.com.newsblur.network.APIManager.post(APIManager.java:675)
08-06 04:33:26.754 24686 21314 E baseline.com.newsblur.network.APIResponse: 	at baseline.com.newsblur.network.APIManager.post(APIManager.java:714)
08-06 04:33:26.754 24686 21314 E baseline.com.newsblur.network.APIResponse: 	at baseline.com.newsblur.network.APIManager.markStoryAsRead(APIManager.java:205)
08-06 04:33:26.754 24686 21314 E baseline.com.newsblur.network.APIResponse: 	at baseline.com.newsblur.util.ReadingAction.doRemote(ReadingAction.java:281)
08-06 04:33:26.754 24686 21314 E baseline.com.newsblur.network.APIResponse: 	at baseline.com.newsblur.service.NBSyncService.syncActions(NBSyncService.java:400)
08-06 04:33:26.754 24686 21314 E baseline.com.newsblur.network.APIResponse: 	at baseline.com.newsblur.service.NBSyncService.doSync(NBSyncService.java:298)
08-06 04:33:26.754 24686 21314 E baseline.com.newsblur.network.APIResponse: 	at baseline.com.newsblur.service.NBSyncService.access$100(NBSyncService.java:67)
08-06 04:33:26.754 24686 21314 E baseline.com.newsblur.network.APIResponse: 	at baseline.com.newsblur.service.NBSyncService$1.run(NBSyncService.java:188)
08-06 04:33:26.754 24686 21314 E baseline.com.newsblur.network.APIResponse: 	at java.util.concurrent.ThreadPoolExecutor.runWorker(ThreadPoolExecutor.java:1113)
08-06 04:33:26.754 24686 21314 E baseline.com.newsblur.network.APIResponse: 	at java.util.concurrent.ThreadPoolExecutor$Worker.run(ThreadPoolExecutor.java:588)
08-06 04:33:26.754 24686 21314 E baseline.com.newsblur.network.APIResponse: 	at java.lang.Thread.run(Thread.java:818)
08-06 04:33:26.754 24686 21314 E baseline.com.newsblur.network.APIResponse: Caused by: java.io.EOFException: \n not found: limit=0 content=
08-06 04:33:26.754 24686 21314 E baseline.com.newsblur.network.APIResponse: 	at okio.RealBufferedSource.readUtf8LineStrict(RealBufferedSource.java:240)
08-06 04:33:26.754 24686 21314 E baseline.com.newsblur.network.APIResponse: 	at okhttp3.internal.http1.Http1ExchangeCodec.readHeaderLine(Http1ExchangeCodec.java:242)
08-06 04:33:26.754 24686 21314 E baseline.com.newsblur.network.APIResponse: 	at okhttp3.internal.http1.Http1ExchangeCodec.readResponseHeaders(Http1ExchangeCodec.java:213)
08-06 04:33:26.754 24686 21314 E baseline.com.newsblur.network.APIResponse: 	... 30 more
08-06 04:33:26.756 24686 21314 I baseline.com.newsblur.service.NBSyncService: Holding reading action with server-side or network error.
08-06 04:33:26.762 24686 24697 I art     : Starting a blocking GC Explicit
08-06 04:33:26.778 24686 21314 W baseline.com.newsblur.service.NBSyncService: hard API failure
08-06 04:33:26.799 24686 24697 I art     : Explicit concurrent mark sweep GC freed 1212(278KB) AllocSpace objects, 6(120KB) LOS objects, 30% free, 36MB/52MB, paused 1.301ms total 37.272ms
08-06 04:33:26.812 24686 24697 I art     : Starting a blocking GC Explicit
08-06 04:33:26.844 24686 24697 I art     : Explicit concurrent mark sweep GC freed 801(158KB) AllocSpace objects, 10(200KB) LOS objects, 30% free, 36MB/52MB, paused 1.064ms total 31.676ms
08-06 04:33:26.855 24686 24697 I art     : Starting a blocking GC Explicit
08-06 04:33:26.887 24686 24697 I art     : Explicit concurrent mark sweep GC freed 443(16KB) AllocSpace objects, 0(0B) LOS objects, 30% free, 36MB/52MB, paused 1.173ms total 32.356ms
08-06 04:33:27.251 24686 20967 I art     : Starting a blocking GC Explicit
08-06 04:33:27.289 24686 20967 I art     : Explicit concurrent mark sweep GC freed 1401(80KB) AllocSpace objects, 1(20KB) LOS objects, 30% free, 36MB/52MB, paused 1.199ms total 37.380ms
08-06 04:33:27.303 24686 20967 I art     : Starting a blocking GC Explicit
08-06 04:33:27.340 24686 20967 I art     : Explicit concurrent mark sweep GC freed 20(704B) AllocSpace objects, 0(0B) LOS objects, 30% free, 36MB/52MB, paused 1.133ms total 35.851ms
08-06 04:33:27.351 24686 20967 I art     : Starting a blocking GC Explicit
08-06 04:33:27.387 24686 20967 I art     : Explicit concurrent mark sweep GC freed 3(96B) AllocSpace objects, 0(0B) LOS objects, 30% free, 36MB/52MB, paused 1.159ms total 35.272ms
08-06 04:33:27.399 24686 20967 I art     : Starting a blocking GC Explicit
08-06 04:33:27.436 24686 20967 I art     : Explicit concurrent mark sweep GC freed 3(96B) AllocSpace objects, 0(0B) LOS objects, 30% free, 36MB/52MB, paused 1.130ms total 35.928ms
08-06 04:33:27.448 24686 20967 I art     : Starting a blocking GC Explicit
08-06 04:33:27.484 24686 20967 I art     : Explicit concurrent mark sweep GC freed 3(96B) AllocSpace objects, 0(0B) LOS objects, 30% free, 36MB/52MB, paused 1.130ms total 36.051ms
08-06 04:33:27.842 24686 20764 I art     : Starting a blocking GC Explicit
08-06 04:33:27.880 24686 20764 I art     : Explicit concurrent mark sweep GC freed 1398(80KB) AllocSpace objects, 1(20KB) LOS objects, 30% free, 36MB/52MB, paused 1.156ms total 37.239ms
08-06 04:33:27.895 24686 20764 I art     : Starting a blocking GC Explicit
08-06 04:33:27.931 24686 20764 I art     : Explicit concurrent mark sweep GC freed 20(704B) AllocSpace objects, 0(0B) LOS objects, 30% free, 36MB/52MB, paused 1.095ms total 35.136ms
08-06 04:33:27.943 24686 20764 I art     : Starting a blocking GC Explicit
08-06 04:33:27.979 24686 20764 I art     : Explicit concurrent mark sweep GC freed 3(96B) AllocSpace objects, 0(0B) LOS objects, 30% free, 36MB/52MB, paused 1.139ms total 36.536ms
08-06 04:33:27.992 24686 20764 I art     : Starting a blocking GC Explicit
08-06 04:33:28.027 24686 20764 I art     : Explicit concurrent mark sweep GC freed 3(96B) AllocSpace objects, 0(0B) LOS objects, 30% free, 36MB/52MB, paused 1.084ms total 34.639ms
08-06 04:33:28.039 24686 20764 I art     : Starting a blocking GC Explicit
08-06 04:33:28.075 24686 20764 I art     : Explicit concurrent mark sweep GC freed 3(96B) AllocSpace objects, 0(0B) LOS objects, 30% free, 36MB/52MB, paused 1.114ms total 36.626ms
08-06 04:33:28.427 24686 24698 I art     : Starting a blocking GC Explicit
08-06 04:33:28.463 24686 24698 I art     : Explicit concurrent mark sweep GC freed 1398(80KB) AllocSpace objects, 1(20KB) LOS objects, 30% free, 36MB/52MB, paused 1.100ms total 35.912ms
08-06 04:33:28.478 24686 24698 I art     : Starting a blocking GC Explicit
08-06 04:33:28.512 24686 24698 I art     : Explicit concurrent mark sweep GC freed 20(704B) AllocSpace objects, 0(0B) LOS objects, 30% free, 36MB/52MB, paused 1.070ms total 33.557ms
08-06 04:33:28.525 24686 24698 I art     : Starting a blocking GC Explicit
08-06 04:33:28.559 24686 24698 I art     : Explicit concurrent mark sweep GC freed 3(96B) AllocSpace objects, 0(0B) LOS objects, 30% free, 36MB/52MB, paused 1.124ms total 33.514ms
08-06 04:33:28.570 24686 24698 I art     : Starting a blocking GC Explicit
08-06 04:33:28.604 24686 24698 I art     : Explicit concurrent mark sweep GC freed 3(96B) AllocSpace objects, 0(0B) LOS objects, 30% free, 36MB/52MB, paused 1.086ms total 33.490ms
08-06 04:33:28.615 24686 24698 I art     : Starting a blocking GC Explicit
08-06 04:33:28.648 24686 24698 I art     : Explicit concurrent mark sweep GC freed 3(96B) AllocSpace objects, 0(0B) LOS objects, 30% free, 36MB/52MB, paused 1.069ms total 32.725ms
08-06 04:33:28.991 24686 24697 I art     : Starting a blocking GC Explicit
08-06 04:33:29.027 24686 24697 I art     : Explicit concurrent mark sweep GC freed 1398(80KB) AllocSpace objects, 1(20KB) LOS objects, 30% free, 36MB/52MB, paused 1.147ms total 35.731ms
08-06 04:33:29.039 24686 24697 I art     : Starting a blocking GC Explicit
08-06 04:33:29.076 24686 24697 I art     : Explicit concurrent mark sweep GC freed 20(704B) AllocSpace objects, 0(0B) LOS objects, 30% free, 36MB/52MB, paused 1.126ms total 36.813ms
08-06 04:33:29.088 24686 24697 I art     : Starting a blocking GC Explicit
08-06 04:33:29.124 24686 24697 I art     : Explicit concurrent mark sweep GC freed 3(96B) AllocSpace objects, 0(0B) LOS objects, 30% free, 36MB/52MB, paused 1.233ms total 35.629ms
08-06 04:33:29.136 24686 24697 I art     : Starting a blocking GC Explicit
08-06 04:33:29.172 24686 24697 I art     : Explicit concurrent mark sweep GC freed 3(96B) AllocSpace objects, 0(0B) LOS objects, 30% free, 36MB/52MB, paused 1.130ms total 35.748ms
08-06 04:33:29.184 24686 24697 I art     : Starting a blocking GC Explicit
08-06 04:33:29.221 24686 24697 I art     : Explicit concurrent mark sweep GC freed 3(96B) AllocSpace objects, 0(0B) LOS objects, 30% free, 36MB/52MB, paused 1.147ms total 36.788ms
08-06 04:33:29.562   518   646 I ThermalEngine: ACTION: GPU - Setting GPU[0] to 510000000
08-06 04:33:29.575 24686 20967 I art     : Starting a blocking GC Explicit
08-06 04:33:29.611 24686 20967 I art     : Explicit concurrent mark sweep GC freed 1398(80KB) AllocSpace objects, 1(20KB) LOS objects, 30% free, 36MB/52MB, paused 864us total 35.896ms
08-06 04:33:29.625 24686 20967 I art     : Starting a blocking GC Explicit
08-06 04:33:29.651 24686 20967 I art     : Explicit concurrent mark sweep GC freed 20(704B) AllocSpace objects, 0(0B) LOS objects, 30% free, 36MB/52MB, paused 811us total 25.614ms
08-06 04:33:29.660 24686 20967 I art     : Starting a blocking GC Explicit
08-06 04:33:29.686 24686 20967 I art     : Explicit concurrent mark sweep GC freed 3(96B) AllocSpace objects, 0(0B) LOS objects, 30% free, 36MB/52MB, paused 818us total 26.583ms
08-06 04:33:29.695 24686 20967 I art     : Starting a blocking GC Explicit
08-06 04:33:29.722 24686 20967 I art     : Explicit concurrent mark sweep GC freed 3(96B) AllocSpace objects, 0(0B) LOS objects, 30% free, 36MB/52MB, paused 821us total 26.770ms
08-06 04:33:29.732 24686 20967 I art     : Starting a blocking GC Explicit
08-06 04:33:29.759 24686 20967 I art     : Explicit concurrent mark sweep GC freed 3(96B) AllocSpace objects, 0(0B) LOS objects, 30% free, 36MB/52MB, paused 802us total 26.904ms
08-06 04:33:30.088 24686 20764 I art     : Starting a blocking GC Explicit
08-06 04:33:30.119 24686 20764 I art     : Explicit concurrent mark sweep GC freed 1398(80KB) AllocSpace objects, 1(20KB) LOS objects, 30% free, 36MB/52MB, paused 860us total 30.055ms
08-06 04:33:30.133 24686 20764 I art     : Starting a blocking GC Explicit
08-06 04:33:30.159 24686 20764 I art     : Explicit concurrent mark sweep GC freed 20(704B) AllocSpace objects, 0(0B) LOS objects, 30% free, 36MB/52MB, paused 821us total 25.689ms
08-06 04:33:30.168 24686 20764 I art     : Starting a blocking GC Explicit
08-06 04:33:30.195 24686 20764 I art     : Explicit concurrent mark sweep GC freed 3(96B) AllocSpace objects, 0(0B) LOS objects, 30% free, 36MB/52MB, paused 813us total 26.438ms
08-06 04:33:30.204 24686 20764 I art     : Starting a blocking GC Explicit
08-06 04:33:30.230 24686 20764 I art     : Explicit concurrent mark sweep GC freed 3(96B) AllocSpace objects, 0(0B) LOS objects, 30% free, 36MB/52MB, paused 833us total 26.633ms
08-06 04:33:30.240 24686 20764 I art     : Starting a blocking GC Explicit
08-06 04:33:30.266 24686 20764 I art     : Explicit concurrent mark sweep GC freed 3(96B) AllocSpace objects, 0(0B) LOS objects, 30% free, 36MB/52MB, paused 775us total 26.364ms
08-06 04:33:30.620 24686 24698 I art     : Starting a blocking GC Explicit
08-06 04:33:30.650 24686 24698 I art     : Explicit concurrent mark sweep GC freed 1417(81KB) AllocSpace objects, 1(20KB) LOS objects, 30% free, 36MB/52MB, paused 821us total 29.667ms
08-06 04:33:30.660 24686 24698 I art     : Starting a blocking GC Explicit
08-06 04:33:30.688 24686 24698 I art     : Explicit concurrent mark sweep GC freed 26(928B) AllocSpace objects, 0(0B) LOS objects, 30% free, 36MB/52MB, paused 885us total 28.222ms
08-06 04:33:30.698 24686 24698 I art     : Starting a blocking GC Explicit
08-06 04:33:30.726 24686 24698 I art     : Explicit concurrent mark sweep GC freed 3(96B) AllocSpace objects, 0(0B) LOS objects, 30% free, 36MB/52MB, paused 805us total 27.844ms
08-06 04:33:30.735 24686 24698 I art     : Starting a blocking GC Explicit
08-06 04:33:30.762 24686 24698 I art     : Explicit concurrent mark sweep GC freed 3(96B) AllocSpace objects, 0(0B) LOS objects, 30% free, 36MB/52MB, paused 821us total 26.675ms
08-06 04:33:30.772 24686 24698 I art     : Starting a blocking GC Explicit
08-06 04:33:30.799 24686 24698 I art     : Explicit concurrent mark sweep GC freed 3(96B) AllocSpace objects, 0(0B) LOS objects, 30% free, 36MB/52MB, paused 817us total 26.949ms
08-06 04:33:31.152 24686 24697 I art     : Starting a blocking GC Explicit
08-06 04:33:31.182 24686 24697 I art     : Explicit concurrent mark sweep GC freed 1398(80KB) AllocSpace objects, 1(20KB) LOS objects, 30% free, 36MB/52MB, paused 834us total 29.319ms
08-06 04:33:31.194 24686 24697 I art     : Starting a blocking GC Explicit
08-06 04:33:31.221 24686 24697 I art     : Explicit concurrent mark sweep GC freed 20(704B) AllocSpace objects, 0(0B) LOS objects, 30% free, 36MB/52MB, paused 794us total 27.068ms
08-06 04:33:31.231 24686 24697 I art     : Starting a blocking GC Explicit
08-06 04:33:31.258 24686 24697 I art     : Explicit concurrent mark sweep GC freed 3(96B) AllocSpace objects, 0(0B) LOS objects, 30% free, 36MB/52MB, paused 835us total 26.329ms
08-06 04:33:31.267 24686 24697 I art     : Starting a blocking GC Explicit
08-06 04:33:31.294 24686 24697 I art     : Explicit concurrent mark sweep GC freed 3(96B) AllocSpace objects, 0(0B) LOS objects, 30% free, 36MB/52MB, paused 818us total 26.954ms
08-06 04:33:31.303 24686 24697 I art     : Starting a blocking GC Explicit
08-06 04:33:31.331 24686 24697 I art     : Explicit concurrent mark sweep GC freed 3(96B) AllocSpace objects, 0(0B) LOS objects, 30% free, 36MB/52MB, paused 832us total 27.602ms
08-06 04:33:31.662 24686 20967 I art     : Starting a blocking GC Explicit
08-06 04:33:31.692 24686 20967 I art     : Explicit concurrent mark sweep GC freed 1398(80KB) AllocSpace objects, 1(20KB) LOS objects, 30% free, 36MB/52MB, paused 840us total 29.914ms
08-06 04:33:31.704 24686 20967 I art     : Starting a blocking GC Explicit
08-06 04:33:31.731 24686 20967 I art     : Explicit concurrent mark sweep GC freed 20(704B) AllocSpace objects, 0(0B) LOS objects, 30% free, 36MB/52MB, paused 849us total 26.993ms
08-06 04:33:31.741 24686 20967 I art     : Starting a blocking GC Explicit
08-06 04:33:31.768 24686 20967 I art     : Explicit concurrent mark sweep GC freed 3(96B) AllocSpace objects, 0(0B) LOS objects, 30% free, 36MB/52MB, paused 799us total 27.160ms
08-06 04:33:31.778 24686 20967 I art     : Starting a blocking GC Explicit
08-06 04:33:31.805 24686 20967 I art     : Explicit concurrent mark sweep GC freed 3(96B) AllocSpace objects, 0(0B) LOS objects, 30% free, 36MB/52MB, paused 846us total 27.361ms
08-06 04:33:31.815 24686 20967 I art     : Starting a blocking GC Explicit
08-06 04:33:31.842 24686 20967 I art     : Explicit concurrent mark sweep GC freed 3(96B) AllocSpace objects, 0(0B) LOS objects, 30% free, 36MB/52MB, paused 813us total 27.265ms
08-06 04:33:32.181 24686 20764 I art     : Starting a blocking GC Explicit
08-06 04:33:32.211 24686 20764 I art     : Explicit concurrent mark sweep GC freed 1398(80KB) AllocSpace objects, 1(20KB) LOS objects, 30% free, 36MB/52MB, paused 796us total 29.414ms
08-06 04:33:32.223 24686 20764 I art     : Starting a blocking GC Explicit
08-06 04:33:32.248 24686 20764 I art     : Explicit concurrent mark sweep GC freed 20(704B) AllocSpace objects, 0(0B) LOS objects, 30% free, 36MB/52MB, paused 801us total 25.550ms
08-06 04:33:32.257 24686 20764 I art     : Starting a blocking GC Explicit
08-06 04:33:32.283 24686 20764 I art     : Explicit concurrent mark sweep GC freed 3(96B) AllocSpace objects, 0(0B) LOS objects, 30% free, 36MB/52MB, paused 781us total 25.551ms
08-06 04:33:32.292 24686 20764 I art     : Starting a blocking GC Explicit
08-06 04:33:32.318 24686 20764 I art     : Explicit concurrent mark sweep GC freed 3(96B) AllocSpace objects, 0(0B) LOS objects, 30% free, 36MB/52MB, paused 866us total 25.936ms
08-06 04:33:32.327 24686 20764 I art     : Starting a blocking GC Explicit
08-06 04:33:32.354 24686 20764 I art     : Explicit concurrent mark sweep GC freed 3(96B) AllocSpace objects, 0(0B) LOS objects, 30% free, 36MB/52MB, paused 1.177ms total 26.450ms
08-06 04:33:32.663 21547 21547 D AndroidRuntime: >>>>>> START com.android.internal.os.RuntimeInit uid 2000 <<<<<<
08-06 04:33:32.669 21547 21547 D AndroidRuntime: CheckJNI is OFF
08-06 04:33:32.678 24686 24698 I art     : Starting a blocking GC Explicit
08-06 04:33:32.704 21547 21547 D ICU     : No timezone override file found: /data/misc/zoneinfo/current/icu/icu_tzdata.dat
08-06 04:33:32.707 24686 24698 I art     : Explicit concurrent mark sweep GC freed 1398(80KB) AllocSpace objects, 1(20KB) LOS objects, 30% free, 36MB/52MB, paused 912us total 28.187ms
08-06 04:33:32.716 24686 24698 I art     : Starting a blocking GC Explicit
08-06 04:33:32.740 21547 21547 I Radio-JNI: register_android_hardware_Radio DONE
08-06 04:33:32.743 24686 24698 I art     : Explicit concurrent mark sweep GC freed 20(704B) AllocSpace objects, 0(0B) LOS objects, 30% free, 36MB/52MB, paused 907us total 26.774ms
08-06 04:33:32.752 24686 24698 I art     : Starting a blocking GC Explicit
08-06 04:33:32.763 21547 21547 D AndroidRuntime: Calling main entry com.android.commands.input.Input
08-06 04:33:32.765 21547 21547 I Input   : injectKeyEvent: KeyEvent { action=ACTION_DOWN, keyCode=KEYCODE_BACK, scanCode=0, metaState=0, flags=0x0, repeatCount=0, eventTime=851629178, downTime=851629178, deviceId=-1, source=0x101 }
08-06 04:33:32.771 21547 21547 I Input   : injectKeyEvent: KeyEvent { action=ACTION_UP, keyCode=KEYCODE_BACK, scanCode=0, metaState=0, flags=0x0, repeatCount=0, eventTime=851629178, downTime=851629178, deviceId=-1, source=0x101 }
08-06 04:33:32.777 21547 21547 D AndroidRuntime: Shutting down VM
08-06 04:33:32.777 24686 24698 I art     : Explicit concurrent mark sweep GC freed 5(208B) AllocSpace objects, 0(0B) LOS objects, 30% free, 36MB/52MB, paused 1.003ms total 24.764ms
08-06 04:33:32.793 24686 24698 I art     : Starting a blocking GC Explicit
08-06 04:33:32.817 24686 24698 I art     : Explicit concurrent mark sweep GC freed 213(38KB) AllocSpace objects, 2(40KB) LOS objects, 30% free, 36MB/52MB, paused 946us total 23.751ms
08-06 04:33:32.826 24686 24698 I art     : Starting a blocking GC Explicit
08-06 04:33:32.850 24686 24698 I art     : Explicit concurrent mark sweep GC freed 36(1344B) AllocSpace objects, 0(0B) LOS objects, 30% free, 36MB/52MB, paused 792us total 24.255ms
08-06 04:33:32.935 13866 13866 I GoogleInputMethodServic: GoogleInputMethodService.onFinishInput():3138 
08-06 04:33:32.936 13866 13866 I GoogleInputMethodServic: GoogleInputMethodService.onStartInput():1808 
08-06 04:33:33.115 24686 20967 I art     : Starting a blocking GC Explicit
08-06 04:33:33.146 24686 20967 I art     : Explicit concurrent mark sweep GC freed 4331(325KB) AllocSpace objects, 9(188KB) LOS objects, 30% free, 36MB/52MB, paused 826us total 30.531ms
08-06 04:33:33.157 24686 20967 I art     : Starting a blocking GC Explicit
08-06 04:33:33.188 24686 20967 I art     : Explicit concurrent mark sweep GC freed 244(11KB) AllocSpace objects, 0(0B) LOS objects, 30% free, 36MB/52MB, paused 1.030ms total 30.740ms
08-06 04:33:33.198 24686 20967 I art     : Starting a blocking GC Explicit
08-06 04:33:33.230 24686 20967 I art     : Explicit concurrent mark sweep GC freed 1181(53KB) AllocSpace objects, 0(0B) LOS objects, 30% free, 36MB/52MB, paused 1.177ms total 31.521ms
08-06 04:33:33.243 24686 20967 I art     : Starting a blocking GC Explicit
08-06 04:33:33.271 24686 20967 I art     : Explicit concurrent mark sweep GC freed 112(8KB) AllocSpace objects, 0(0B) LOS objects, 30% free, 36MB/52MB, paused 1.018ms total 27.300ms
08-06 04:33:33.280 24686 20967 I art     : Starting a blocking GC Explicit
08-06 04:33:33.305 24686 20967 I art     : Explicit concurrent mark sweep GC freed 132(6KB) AllocSpace objects, 0(0B) LOS objects, 30% free, 36MB/52MB, paused 861us total 25.209ms
08-06 04:33:33.423 24686 21570 I NAPPA_EXPERIMENTATION: MetricNetworkRequestExecutionTime: REQUEST_DURATION_SYSTEM='525',REQUEST_DURATION_OKHTTP='32',REQUEST_SYNCHRONOUS='TRUE',RESPONSE_CODE='200',RESPONSE_METHOD='GET',RESPONSE_LENGTH_OKHTTP='-1',RESPONSE_LENGTH_HEADER='12364',REQUEST_PROTOCOL='http/1.1',REQUEST_URL='https://www.newsblur.com/social/river_stories?order=newest&page=2&read_filter=all&global_feed=true',
08-06 04:33:33.423 24686 21570 D MY_TAG  : 0, 525
08-06 04:33:33.613 24686 24697 I art     : Starting a blocking GC Explicit
08-06 04:33:33.652 24686 24697 I art     : Explicit concurrent mark sweep GC freed 37495(2MB) AllocSpace objects, 36(1060KB) LOS objects, 30% free, 37MB/53MB, paused 890us total 38.652ms
08-06 04:33:33.663 24686 24697 I art     : Starting a blocking GC Explicit
08-06 04:33:33.692 24686 24697 I art     : Explicit concurrent mark sweep GC freed 3299(317KB) AllocSpace objects, 0(0B) LOS objects, 30% free, 36MB/52MB, paused 783us total 29.403ms
08-06 04:33:33.702 24686 24697 I art     : Starting a blocking GC Explicit
08-06 04:33:33.731 24686 24697 I art     : Explicit concurrent mark sweep GC freed 7(224B) AllocSpace objects, 0(0B) LOS objects, 30% free, 36MB/52MB, paused 912us total 28.106ms
08-06 04:33:33.740 24686 24697 I art     : Starting a blocking GC Explicit
08-06 04:33:33.769 24686 24697 I art     : Explicit concurrent mark sweep GC freed 7(224B) AllocSpace objects, 0(0B) LOS objects, 30% free, 36MB/52MB, paused 921us total 27.908ms
08-06 04:33:33.778 24686 24697 I art     : Starting a blocking GC Explicit
08-06 04:33:33.805 24686 24697 I art     : Explicit concurrent mark sweep GC freed 9(288B) AllocSpace objects, 0(0B) LOS objects, 30% free, 36MB/52MB, paused 833us total 27.447ms
08-06 04:33:34.114 24686 20764 I art     : Starting a blocking GC Explicit
08-06 04:33:34.144 24686 20764 I art     : Explicit concurrent mark sweep GC freed 1440(82KB) AllocSpace objects, 1(20KB) LOS objects, 30% free, 36MB/52MB, paused 858us total 29.292ms
08-06 04:33:34.154 24686 20764 I art     : Starting a blocking GC Explicit
08-06 04:33:34.184 24686 20764 I art     : Explicit concurrent mark sweep GC freed 25(864B) AllocSpace objects, 0(0B) LOS objects, 30% free, 36MB/52MB, paused 1.069ms total 29.534ms
08-06 04:33:34.194 24686 20764 I art     : Starting a blocking GC Explicit
08-06 04:33:34.222 24686 20764 I art     : Explicit concurrent mark sweep GC freed 7(224B) AllocSpace objects, 0(0B) LOS objects, 30% free, 36MB/52MB, paused 989us total 28.085ms
08-06 04:33:34.232 24686 20764 I art     : Starting a blocking GC Explicit
08-06 04:33:34.259 24686 20764 I art     : Explicit concurrent mark sweep GC freed 8(256B) AllocSpace objects, 0(0B) LOS objects, 30% free, 36MB/52MB, paused 833us total 27.539ms
08-06 04:33:34.269 24686 20764 I art     : Starting a blocking GC Explicit
08-06 04:33:34.297 24686 20764 I art     : Explicit concurrent mark sweep GC freed 7(224B) AllocSpace objects, 0(0B) LOS objects, 30% free, 36MB/52MB, paused 931us total 27.477ms
08-06 04:33:34.437 21601 21601 D AndroidRuntime: >>>>>> START com.android.internal.os.RuntimeInit uid 2000 <<<<<<
08-06 04:33:34.442 21601 21601 D AndroidRuntime: CheckJNI is OFF
08-06 04:33:34.475 21601 21601 D ICU     : No timezone override file found: /data/misc/zoneinfo/current/icu/icu_tzdata.dat
08-06 04:33:34.506 21601 21601 I Radio-JNI: register_android_hardware_Radio DONE
08-06 04:33:34.528 21601 21601 D AndroidRuntime: Calling main entry com.android.commands.input.Input
08-06 04:33:34.530 21601 21601 I Input   : injectMotionEvent: MotionEvent { action=ACTION_DOWN, actionButton=0, id[0]=0, x[0]=435.0, y[0]=858.0, toolType[0]=TOOL_TYPE_UNKNOWN, buttonState=0, metaState=0, flags=0x0, edgeFlags=0x0, pointerCount=1, historySize=0, eventTime=851630943, downTime=851630943, deviceId=0, source=0x1002 }
08-06 04:33:34.535 21601 21601 I Input   : injectMotionEvent: MotionEvent { action=ACTION_UP, actionButton=0, id[0]=0, x[0]=435.0, y[0]=858.0, toolType[0]=TOOL_TYPE_UNKNOWN, buttonState=0, metaState=0, flags=0x0, edgeFlags=0x0, pointerCount=1, historySize=0, eventTime=851630943, downTime=851630943, deviceId=0, source=0x1002 }
08-06 04:33:34.537 21601 21601 D AndroidRuntime: Shutting down VM
08-06 04:33:34.541   512  2967 D audio_hw_primary: out_set_parameters: enter: usecase(1: low-latency-playback) kvpairs: routing=2
08-06 04:33:34.542   918  5132 I ActivityManager: START u0 {cmp=baseline.com.newsblur/.activity.GlobalSharedStoriesReading (has extras)} from uid 10698 on display 0
08-06 04:33:34.554   512  2967 D audio_hw_primary: select_devices: out_snd_device(2: speaker) in_snd_device(0: none)
08-06 04:33:34.554   512  2967 D msm8974_platform: platform_send_audio_calibration: sending audio calibration for snd_device(2) acdb_id(15)
08-06 04:33:34.554   512  2967 I soundtrigger: audio_extn_sound_trigger_update_device_status: device 0x2 of type 0 for Event 1
08-06 04:33:34.565   512  2967 D audio_hw_primary: enable_snd_device: snd_device(2: speaker)
08-06 04:33:34.567   512  2967 D audio_hw_primary: enable_audio_route: apply and update mixer path: low-latency-playback speaker
08-06 04:33:34.617 24686 24697 I art     : Starting a blocking GC Explicit
08-06 04:33:34.644 24686 24697 I art     : Explicit concurrent mark sweep GC freed 2755(206KB) AllocSpace objects, 5(528KB) LOS objects, 30% free, 36MB/52MB, paused 903us total 27.033ms
08-06 04:33:34.654 24686 24697 I art     : Starting a blocking GC Explicit
08-06 04:33:34.683 24686 24697 I art     : Explicit concurrent mark sweep GC freed 394(38KB) AllocSpace objects, 1(20KB) LOS objects, 30% free, 36MB/52MB, paused 959us total 28.767ms
08-06 04:33:34.694 24686 24697 I art     : Starting a blocking GC Explicit
08-06 04:33:34.724 24686 24697 I art     : Explicit concurrent mark sweep GC freed 351(32KB) AllocSpace objects, 1(20KB) LOS objects, 30% free, 36MB/52MB, paused 1.260ms total 30.661ms
08-06 04:33:34.734 24686 24697 I art     : Starting a blocking GC Explicit
08-06 04:33:34.738   918   936 I ActivityManager: Displayed baseline.com.newsblur/.activity.GlobalSharedStoriesReading: +186ms
08-06 04:33:34.741 13866 13866 I GoogleInputMethodServic: GoogleInputMethodService.onFinishInput():3138 
08-06 04:33:34.742 13866 13866 I GoogleInputMethodServic: GoogleInputMethodService.onStartInput():1808 
08-06 04:33:34.761 24686 24697 I art     : Explicit concurrent mark sweep GC freed 598(33KB) AllocSpace objects, 0(0B) LOS objects, 30% free, 36MB/52MB, paused 1.392ms total 26.483ms
08-06 04:33:34.771 24686 24697 I art     : Starting a blocking GC Explicit
08-06 04:33:34.801 24686 24697 I art     : Explicit concurrent mark sweep GC freed 1221(88KB) AllocSpace objects, 2(40KB) LOS objects, 30% free, 37MB/53MB, paused 1.300ms total 29.969ms
08-06 04:33:34.929 24686 20759 E SQLiteLog: (9) statement aborts at 27: [SELECT authors,short_content,timestamp,sharedDate,stories.feed_id,stories._id,intelligence_authors,intelligence_feed,intelligence_tags,intelligence_total,intelligence_title,permalink,r
08-06 04:33:34.994 24686 21310 E chromium: [ERROR:tile_manager.cc(793)] WARNING: tile memory limits exceeded, some content may not draw
08-06 04:33:34.994 24686 21310 E chromium: [ERROR:tile_manager.cc(793)] WARNING: tile memory limits exceeded, some content may not draw
08-06 04:33:35.082 24686 20764 I art     : Starting a blocking GC Explicit
08-06 04:33:35.098   512  2967 D audio_hw_primary: disable_audio_route: reset and update mixer path: low-latency-playback speaker
08-06 04:33:35.100   512  2967 D audio_hw_primary: disable_snd_device: snd_device(2: speaker)
08-06 04:33:35.108   512  2967 I soundtrigger: audio_extn_sound_trigger_update_device_status: device 0x2 of type 0 for Event 0
08-06 04:33:35.118 24686 20764 I art     : Explicit concurrent mark sweep GC freed 7601(600KB) AllocSpace objects, 19(424KB) LOS objects, 29% free, 37MB/53MB, paused 927us total 35.092ms
08-06 04:33:35.128 24686 20764 I art     : Starting a blocking GC Explicit
08-06 04:33:35.161 24686 20764 I art     : Explicit concurrent mark sweep GC freed 1806(96KB) AllocSpace objects, 2(48KB) LOS objects, 29% free, 37MB/53MB, paused 913us total 32.830ms
08-06 04:33:35.171 24686 20764 I art     : Starting a blocking GC Explicit
08-06 04:33:35.201 24686 20764 I art     : Explicit concurrent mark sweep GC freed 18(752B) AllocSpace objects, 0(0B) LOS objects, 29% free, 37MB/53MB, paused 936us total 29.689ms
08-06 04:33:35.210 24686 20764 I art     : Starting a blocking GC Explicit
08-06 04:33:35.239 24686 20764 I art     : Explicit concurrent mark sweep GC freed 3(96B) AllocSpace objects, 0(0B) LOS objects, 29% free, 37MB/53MB, paused 949us total 29.098ms
08-06 04:33:35.248 24686 20764 I art     : Starting a blocking GC Explicit
08-06 04:33:35.277 24686 20764 I art     : Explicit concurrent mark sweep GC freed 3(96B) AllocSpace objects, 0(0B) LOS objects, 29% free, 37MB/53MB, paused 919us total 28.974ms
08-06 04:33:35.451   918  3188 I hubconnection: sensorhub said: 'set_bias 3: -6.2400, 0.0000, 0.0000'
08-06 04:33:35.479 24686 21631 E baseline.com.newsblur.network.APIResponse: Error (unexpected end of stream on https://www.newsblur.com/...) calling https://www.newsblur.com/reader/mark_story_hashes_as_read/
08-06 04:33:35.479 24686 21631 E baseline.com.newsblur.network.APIResponse: java.io.IOException: unexpected end of stream on https://www.newsblur.com/...
08-06 04:33:35.479 24686 21631 E baseline.com.newsblur.network.APIResponse: 	at okhttp3.internal.http1.Http1ExchangeCodec.readResponseHeaders(Http1ExchangeCodec.java:236)
08-06 04:33:35.479 24686 21631 E baseline.com.newsblur.network.APIResponse: 	at okhttp3.internal.connection.Exchange.readResponseHeaders(Exchange.java:115)
08-06 04:33:35.479 24686 21631 E baseline.com.newsblur.network.APIResponse: 	at okhttp3.internal.http.CallServerInterceptor.intercept(CallServerInterceptor.java:94)
08-06 04:33:35.479 24686 21631 E baseline.com.newsblur.network.APIResponse: 	at okhttp3.internal.http.RealInterceptorChain.proceed(RealInterceptorChain.java:142)
08-06 04:33:35.479 24686 21631 E baseline.com.newsblur.network.APIResponse: 	at okhttp3.internal.connection.ConnectInterceptor.intercept(ConnectInterceptor.java:43)
08-06 04:33:35.479 24686 21631 E baseline.com.newsblur.network.APIResponse: 	at okhttp3.internal.http.RealInterceptorChain.proceed(RealInterceptorChain.java:142)
08-06 04:33:35.479 24686 21631 E baseline.com.newsblur.network.APIResponse: 	at okhttp3.internal.http.RealInterceptorChain.proceed(RealInterceptorChain.java:117)
08-06 04:33:35.479 24686 21631 E baseline.com.newsblur.network.APIResponse: 	at okhttp3.internal.cache.CacheInterceptor.intercept(CacheInterceptor.java:94)
08-06 04:33:35.479 24686 21631 E baseline.com.newsblur.network.APIResponse: 	at okhttp3.internal.http.RealInterceptorChain.proceed(RealInterceptorChain.java:142)
08-06 04:33:35.479 24686 21631 E baseline.com.newsblur.network.APIResponse: 	at okhttp3.internal.http.RealInterceptorChain.proceed(RealInterceptorChain.java:117)
08-06 04:33:35.479 24686 21631 E baseline.com.newsblur.network.APIResponse: 	at okhttp3.internal.http.BridgeInterceptor.intercept(BridgeInterceptor.java:93)
08-06 04:33:35.479 24686 21631 E baseline.com.newsblur.network.APIResponse: 	at okhttp3.internal.http.RealInterceptorChain.proceed(RealInterceptorChain.java:142)
08-06 04:33:35.479 24686 21631 E baseline.com.newsblur.network.APIResponse: 	at okhttp3.internal.http.RetryAndFollowUpInterceptor.intercept(RetryAndFollowUpInterceptor.java:88)
08-06 04:33:35.479 24686 21631 E baseline.com.newsblur.network.APIResponse: 	at okhttp3.internal.http.RealInterceptorChain.proceed(RealInterceptorChain.java:142)
08-06 04:33:35.479 24686 21631 E baseline.com.newsblur.network.APIResponse: 	at okhttp3.internal.http.RealInterceptorChain.proceed(RealInterceptorChain.java:117)
08-06 04:33:35.479 24686 21631 E baseline.com.newsblur.network.APIResponse: 	at okhttp3.RealCall.getResponseWithInterceptorChain(RealCall.java:229)
08-06 04:33:35.479 24686 21631 E baseline.com.newsblur.network.APIResponse: 	at okhttp3.RealCall.execute(RealCall.java:81)
08-06 04:33:35.479 24686 21631 E baseline.com.newsblur.network.APIResponse: 	at baseline.com.newsblur.network.APIResponse.<init>(APIResponse.java:57)
08-06 04:33:35.479 24686 21631 E baseline.com.newsblur.network.APIResponse: 	at baseline.com.newsblur.network.APIResponse.<init>(APIResponse.java:43)
08-06 04:33:35.479 24686 21631 E baseline.com.newsblur.network.APIResponse: 	at baseline.com.newsblur.network.APIManager.post_single(APIManager.java:702)
08-06 04:33:35.479 24686 21631 E baseline.com.newsblur.network.APIResponse: 	at baseline.com.newsblur.network.APIManager.post(APIManager.java:675)
08-06 04:33:35.479 24686 21631 E baseline.com.newsblur.network.APIResponse: 	at baseline.com.newsblur.network.APIManager.post(APIManager.java:714)
08-06 04:33:35.479 24686 21631 E baseline.com.newsblur.network.APIResponse: 	at baseline.com.newsblur.network.APIManager.markStoryAsRead(APIManager.java:205)
08-06 04:33:35.479 24686 21631 E baseline.com.newsblur.network.APIResponse: 	at baseline.com.newsblur.util.ReadingAction.doRemote(ReadingAction.java:281)
08-06 04:33:35.479 24686 21631 E baseline.com.newsblur.network.APIResponse: 	at baseline.com.newsblur.service.NBSyncService.syncActions(NBSyncService.java:400)
08-06 04:33:35.479 24686 21631 E baseline.com.newsblur.network.APIResponse: 	at baseline.com.newsblur.service.NBSyncService.doSync(NBSyncService.java:298)
08-06 04:33:35.479 24686 21631 E baseline.com.newsblur.network.APIResponse: 	at baseline.com.newsblur.service.NBSyncService.access$100(NBSyncService.java:67)
08-06 04:33:35.479 24686 21631 E baseline.com.newsblur.network.APIResponse: 	at baseline.com.newsblur.service.NBSyncService$1.run(NBSyncService.java:188)
08-06 04:33:35.479 24686 21631 E baseline.com.newsblur.network.APIResponse: 	at java.util.concurrent.ThreadPoolExecutor.runWorker(ThreadPoolExecutor.java:1113)
08-06 04:33:35.479 24686 21631 E baseline.com.newsblur.network.APIResponse: 	at java.util.concurrent.ThreadPoolExecutor$Worker.run(ThreadPoolExecutor.java:588)
08-06 04:33:35.479 24686 21631 E baseline.com.newsblur.network.APIResponse: 	at java.lang.Thread.run(Thread.java:818)
08-06 04:33:35.479 24686 21631 E baseline.com.newsblur.network.APIResponse: Caused by: java.io.EOFException: \n not found: limit=0 content=
08-06 04:33:35.479 24686 21631 E baseline.com.newsblur.network.APIResponse: 	at okio.RealBufferedSource.readUtf8LineStrict(RealBufferedSource.java:240)
08-06 04:33:35.479 24686 21631 E baseline.com.newsblur.network.APIResponse: 	at okhttp3.internal.http1.Http1ExchangeCodec.readHeaderLine(Http1ExchangeCodec.java:242)
08-06 04:33:35.479 24686 21631 E baseline.com.newsblur.network.APIResponse: 	at okhttp3.internal.http1.Http1ExchangeCodec.readResponseHeaders(Http1ExchangeCodec.java:213)
08-06 04:33:35.479 24686 21631 E baseline.com.newsblur.network.APIResponse: 	... 30 more
08-06 04:33:35.480 24686 21631 I baseline.com.newsblur.network.APIManager: API call failed, pausing before retry number 1
08-06 04:33:35.481   918  3261 D WifiStateMachine: starting scan for "H369AA63323"WPA_PSK with 2412,5180
08-06 04:33:35.592 24686 20967 I art     : Starting a blocking GC Explicit
08-06 04:33:35.627 24686 20967 I art     : Explicit concurrent mark sweep GC freed 4688(417KB) AllocSpace objects, 6(260KB) LOS objects, 29% free, 37MB/53MB, paused 950us total 35.457ms
08-06 04:33:35.639 24686 20967 I art     : Starting a blocking GC Explicit
08-06 04:33:35.670 24686 20967 I art     : Explicit concurrent mark sweep GC freed 999(118KB) AllocSpace objects, 0(0B) LOS objects, 29% free, 37MB/53MB, paused 912us total 30.945ms
08-06 04:33:35.680 24686 20967 I art     : Starting a blocking GC Explicit
08-06 04:33:35.711 24686 20967 I art     : Explicit concurrent mark sweep GC freed 3(96B) AllocSpace objects, 0(0B) LOS objects, 29% free, 37MB/53MB, paused 874us total 30.774ms
08-06 04:33:35.721 24686 20967 I art     : Starting a blocking GC Explicit
08-06 04:33:35.753 24686 20967 I art     : Explicit concurrent mark sweep GC freed 3(96B) AllocSpace objects, 0(0B) LOS objects, 29% free, 37MB/53MB, paused 1.122ms total 32.465ms
08-06 04:33:35.763 24686 20967 I art     : Starting a blocking GC Explicit
08-06 04:33:35.795 24686 20967 I art     : Explicit concurrent mark sweep GC freed 3(96B) AllocSpace objects, 0(0B) LOS objects, 29% free, 37MB/53MB, paused 871us total 31.242ms
08-06 04:33:36.044 24686 21310 E chromium: [ERROR:tile_manager.cc(793)] WARNING: tile memory limits exceeded, some content may not draw
08-06 04:33:36.045 24686 21310 E chromium: [ERROR:tile_manager.cc(793)] WARNING: tile memory limits exceeded, some content may not draw
08-06 04:33:36.075 24686 21310 E chromium: [ERROR:tile_manager.cc(793)] WARNING: tile memory limits exceeded, some content may not draw
08-06 04:33:36.076 24686 21310 E chromium: [ERROR:tile_manager.cc(793)] WARNING: tile memory limits exceeded, some content may not draw
08-06 04:33:36.092 24686 21310 E chromium: [ERROR:tile_manager.cc(793)] WARNING: tile memory limits exceeded, some content may not draw
08-06 04:33:36.092 24686 21310 E chromium: [ERROR:tile_manager.cc(793)] WARNING: tile memory limits exceeded, some content may not draw
08-06 04:33:36.111 24686 20967 I art     : Starting a blocking GC Explicit
08-06 04:33:36.144 24686 20967 I art     : Explicit concurrent mark sweep GC freed 1508(85KB) AllocSpace objects, 1(20KB) LOS objects, 29% free, 37MB/53MB, paused 864us total 33.412ms
08-06 04:33:36.155 24686 20967 I art     : Starting a blocking GC Explicit
08-06 04:33:36.189 24686 20967 I art     : Explicit concurrent mark sweep GC freed 35(1200B) AllocSpace objects, 0(0B) LOS objects, 29% free, 37MB/53MB, paused 935us total 33.500ms
08-06 04:33:36.199 24686 20967 I art     : Starting a blocking GC Explicit
08-06 04:33:36.231 24686 20967 I art     : Explicit concurrent mark sweep GC freed 20(640B) AllocSpace objects, 0(0B) LOS objects, 29% free, 37MB/53MB, paused 891us total 31.807ms
08-06 04:33:36.241 24686 20967 I art     : Starting a blocking GC Explicit
08-06 04:33:36.274 24686 20967 I art     : Explicit concurrent mark sweep GC freed 16(512B) AllocSpace objects, 0(0B) LOS objects, 29% free, 37MB/53MB, paused 945us total 32.060ms
08-06 04:33:36.283 24686 20967 I art     : Starting a blocking GC Explicit
08-06 04:33:36.314 24686 20967 I art     : Explicit concurrent mark sweep GC freed 9(288B) AllocSpace objects, 0(0B) LOS objects, 29% free, 37MB/53MB, paused 968us total 30.731ms
08-06 04:33:36.573   518   646 I ThermalEngine: ACTION: GPU - Setting GPU[0] to 450000000
08-06 04:33:36.683 24686 24698 I art     : Starting a blocking GC Explicit
08-06 04:33:36.726 24686 24698 I art     : Explicit concurrent mark sweep GC freed 1440(83KB) AllocSpace objects, 1(20KB) LOS objects, 29% free, 37MB/53MB, paused 1.186ms total 42.820ms
08-06 04:33:36.740 24686 24698 I art     : Starting a blocking GC Explicit
08-06 04:33:36.781 24686 24698 I art     : Explicit concurrent mark sweep GC freed 22(784B) AllocSpace objects, 0(0B) LOS objects, 29% free, 37MB/53MB, paused 1.161ms total 40.776ms
08-06 04:33:36.795 24686 24698 I art     : Starting a blocking GC Explicit
08-06 04:33:36.836 24686 24698 I art     : Explicit concurrent mark sweep GC freed 3(96B) AllocSpace objects, 0(0B) LOS objects, 29% free, 37MB/53MB, paused 1.348ms total 41.142ms
08-06 04:33:36.849 24686 24698 I art     : Starting a blocking GC Explicit
08-06 04:33:36.892 24686 24698 I art     : Explicit concurrent mark sweep GC freed 3(96B) AllocSpace objects, 0(0B) LOS objects, 29% free, 37MB/53MB, paused 1.290ms total 42.040ms
08-06 04:33:36.905 24686 24698 I art     : Starting a blocking GC Explicit
08-06 04:33:36.946 24686 24698 I art     : Explicit concurrent mark sweep GC freed 3(96B) AllocSpace objects, 0(0B) LOS objects, 29% free, 37MB/53MB, paused 1.163ms total 41.146ms
08-06 04:33:37.297 24686 20967 I art     : Starting a blocking GC Explicit
08-06 04:33:37.340 24686 20967 I art     : Explicit concurrent mark sweep GC freed 1606(91KB) AllocSpace objects, 1(20KB) LOS objects, 29% free, 37MB/53MB, paused 1.337ms total 42.828ms
08-06 04:33:37.354 24686 20967 I art     : Starting a blocking GC Explicit
08-06 04:33:37.395 24686 20967 I art     : Explicit concurrent mark sweep GC freed 28(1040B) AllocSpace objects, 0(0B) LOS objects, 29% free, 37MB/53MB, paused 1.220ms total 40.571ms
08-06 04:33:37.408 24686 20967 I art     : Starting a blocking GC Explicit
08-06 04:33:37.450 24686 20967 I art     : Explicit concurrent mark sweep GC freed 319(14KB) AllocSpace objects, 0(0B) LOS objects, 29% free, 37MB/53MB, paused 1.364ms total 41.330ms
08-06 04:33:37.463 24686 20967 I art     : Starting a blocking GC Explicit
08-06 04:33:37.503 24686 20967 I art     : Explicit concurrent mark sweep GC freed 1383(51KB) AllocSpace objects, 0(0B) LOS objects, 29% free, 37MB/53MB, paused 1.223ms total 39.023ms
08-06 04:33:37.515 24686 20967 I art     : Starting a blocking GC Explicit
08-06 04:33:37.556 24686 20967 I art     : Explicit concurrent mark sweep GC freed 39(1408B) AllocSpace objects, 0(0B) LOS objects, 29% free, 37MB/53MB, paused 1.318ms total 40.579ms
08-06 04:33:37.912 24686 20764 I art     : Starting a blocking GC Explicit
08-06 04:33:37.957 24686 20764 I art     : Explicit concurrent mark sweep GC freed 1440(83KB) AllocSpace objects, 1(20KB) LOS objects, 29% free, 37MB/53MB, paused 1.272ms total 44.960ms
08-06 04:33:37.971 24686 20764 I art     : Starting a blocking GC Explicit
08-06 04:33:38.011 24686 20764 I art     : Explicit concurrent mark sweep GC freed 22(784B) AllocSpace objects, 0(0B) LOS objects, 29% free, 37MB/53MB, paused 1.200ms total 39.590ms
08-06 04:33:38.023 24686 20764 I art     : Starting a blocking GC Explicit
08-06 04:33:38.065 24686 20764 I art     : Explicit concurrent mark sweep GC freed 3(96B) AllocSpace objects, 0(0B) LOS objects, 29% free, 37MB/53MB, paused 1.395ms total 41.162ms
08-06 04:33:38.078 24686 20764 I art     : Starting a blocking GC Explicit
08-06 04:33:38.119 24686 20764 I art     : Explicit concurrent mark sweep GC freed 3(96B) AllocSpace objects, 0(0B) LOS objects, 29% free, 37MB/53MB, paused 1.339ms total 40.908ms
08-06 04:33:38.132 24686 20764 I art     : Starting a blocking GC Explicit
08-06 04:33:38.175 24686 20764 I art     : Explicit concurrent mark sweep GC freed 3(96B) AllocSpace objects, 0(0B) LOS objects, 29% free, 37MB/53MB, paused 1.252ms total 42.321ms
08-06 04:33:38.530 24686 24698 I art     : Starting a blocking GC Explicit
08-06 04:33:38.575 24686 24698 I art     : Explicit concurrent mark sweep GC freed 1440(83KB) AllocSpace objects, 1(20KB) LOS objects, 29% free, 37MB/53MB, paused 1.270ms total 44.615ms
08-06 04:33:38.589 24686 24698 I art     : Starting a blocking GC Explicit
08-06 04:33:38.631 24686 24698 I art     : Explicit concurrent mark sweep GC freed 22(784B) AllocSpace objects, 0(0B) LOS objects, 29% free, 37MB/53MB, paused 1.233ms total 42.298ms
08-06 04:33:38.644 24686 24698 I art     : Starting a blocking GC Explicit
08-06 04:33:38.687 24686 24698 I art     : Explicit concurrent mark sweep GC freed 3(96B) AllocSpace objects, 0(0B) LOS objects, 29% free, 37MB/53MB, paused 1.354ms total 41.800ms
08-06 04:33:38.687 24686 24696 I art     : WaitForGcToComplete blocked for 34.350ms for cause HeapTrim
08-06 04:33:38.700 24686 24698 I art     : Starting a blocking GC Explicit
08-06 04:33:38.741 24686 24698 I art     : Explicit concurrent mark sweep GC freed 3(96B) AllocSpace objects, 0(0B) LOS objects, 29% free, 37MB/53MB, paused 1.348ms total 40.790ms
08-06 04:33:38.753 24686 24698 I art     : Starting a blocking GC Explicit
08-06 04:33:38.796 24686 24698 I art     : Explicit concurrent mark sweep GC freed 3(96B) AllocSpace objects, 0(0B) LOS objects, 29% free, 37MB/53MB, paused 2.271ms total 41.803ms
08-06 04:33:39.122 24686 24697 I art     : Starting a blocking GC Explicit
08-06 04:33:39.164 24686 24697 I art     : Explicit concurrent mark sweep GC freed 1439(82KB) AllocSpace objects, 1(20KB) LOS objects, 29% free, 37MB/53MB, paused 1.228ms total 41.989ms
08-06 04:33:39.178 24686 24697 I art     : Starting a blocking GC Explicit
08-06 04:33:39.219 24686 24697 I art     : Explicit concurrent mark sweep GC freed 22(784B) AllocSpace objects, 0(0B) LOS objects, 29% free, 37MB/53MB, paused 1.338ms total 40.397ms
08-06 04:33:39.232 24686 24697 I art     : Starting a blocking GC Explicit
08-06 04:33:39.272 24686 24697 I art     : Explicit concurrent mark sweep GC freed 3(96B) AllocSpace objects, 0(0B) LOS objects, 29% free, 37MB/53MB, paused 1.338ms total 40.218ms
08-06 04:33:39.284 24686 24697 I art     : Starting a blocking GC Explicit
08-06 04:33:39.310 21702 21702 D AndroidRuntime: >>>>>> START com.android.internal.os.RuntimeInit uid 2000 <<<<<<
08-06 04:33:39.316 21702 21702 D AndroidRuntime: CheckJNI is OFF
08-06 04:33:39.325 24686 24697 I art     : Explicit concurrent mark sweep GC freed 3(96B) AllocSpace objects, 0(0B) LOS objects, 29% free, 37MB/53MB, paused 1.315ms total 40.559ms
08-06 04:33:39.337 24686 24697 I art     : Starting a blocking GC Explicit
08-06 04:33:39.359 21702 21702 D ICU     : No timezone override file found: /data/misc/zoneinfo/current/icu/icu_tzdata.dat
08-06 04:33:39.378 24686 24697 I art     : Explicit concurrent mark sweep GC freed 3(96B) AllocSpace objects, 0(0B) LOS objects, 29% free, 37MB/53MB, paused 1.502ms total 40.073ms
08-06 04:33:39.404 21702 21702 I Radio-JNI: register_android_hardware_Radio DONE
08-06 04:33:39.432 21702 21702 D AndroidRuntime: Calling main entry com.android.commands.input.Input
08-06 04:33:39.434 21702 21702 I Input   : injectKeyEvent: KeyEvent { action=ACTION_DOWN, keyCode=KEYCODE_BACK, scanCode=0, metaState=0, flags=0x0, repeatCount=0, eventTime=851635847, downTime=851635847, deviceId=-1, source=0x101 }
08-06 04:33:39.440 21702 21702 I Input   : injectKeyEvent: KeyEvent { action=ACTION_UP, keyCode=KEYCODE_BACK, scanCode=0, metaState=0, flags=0x0, repeatCount=0, eventTime=851635847, downTime=851635847, deviceId=-1, source=0x101 }
08-06 04:33:39.446 21702 21702 D AndroidRuntime: Shutting down VM
08-06 04:33:39.600 13866 13866 I GoogleInputMethodServic: GoogleInputMethodService.onFinishInput():3138 
08-06 04:33:39.601 13866 13866 I GoogleInputMethodServic: GoogleInputMethodService.onStartInput():1808 
08-06 04:33:39.703 24686 20967 I art     : Starting a blocking GC Explicit
08-06 04:33:39.744 24686 20967 I art     : Explicit concurrent mark sweep GC freed 3456(274KB) AllocSpace objects, 6(120KB) LOS objects, 29% free, 37MB/53MB, paused 1.275ms total 41.159ms
08-06 04:33:39.757 24686 20967 I art     : Starting a blocking GC Explicit
08-06 04:33:39.795 24686 20967 I art     : Explicit concurrent mark sweep GC freed 192(9KB) AllocSpace objects, 1(28KB) LOS objects, 29% free, 37MB/53MB, paused 1.154ms total 37.324ms
08-06 04:33:39.808 24686 20967 I art     : Starting a blocking GC Explicit
08-06 04:33:39.846 24686 20967 I art     : Explicit concurrent mark sweep GC freed 3(96B) AllocSpace objects, 0(0B) LOS objects, 29% free, 37MB/53MB, paused 1.246ms total 37.797ms
08-06 04:33:39.859 24686 20967 I art     : Starting a blocking GC Explicit
08-06 04:33:39.904 24686 20967 I art     : Explicit concurrent mark sweep GC freed 56(2416B) AllocSpace objects, 0(0B) LOS objects, 29% free, 37MB/53MB, paused 1.368ms total 45.094ms
08-06 04:33:39.905 24686 21631 E baseline.com.newsblur.network.APIResponse: Error (unexpected end of stream on https://www.newsblur.com/...) calling https://www.newsblur.com/reader/mark_story_hashes_as_read/
08-06 04:33:39.905 24686 21631 E baseline.com.newsblur.network.APIResponse: java.io.IOException: unexpected end of stream on https://www.newsblur.com/...
08-06 04:33:39.905 24686 21631 E baseline.com.newsblur.network.APIResponse: 	at okhttp3.internal.http1.Http1ExchangeCodec.readResponseHeaders(Http1ExchangeCodec.java:236)
08-06 04:33:39.905 24686 21631 E baseline.com.newsblur.network.APIResponse: 	at okhttp3.internal.connection.Exchange.readResponseHeaders(Exchange.java:115)
08-06 04:33:39.905 24686 21631 E baseline.com.newsblur.network.APIResponse: 	at okhttp3.internal.http.CallServerInterceptor.intercept(CallServerInterceptor.java:94)
08-06 04:33:39.905 24686 21631 E baseline.com.newsblur.network.APIResponse: 	at okhttp3.internal.http.RealInterceptorChain.proceed(RealInterceptorChain.java:142)
08-06 04:33:39.905 24686 21631 E baseline.com.newsblur.network.APIResponse: 	at okhttp3.internal.connection.ConnectInterceptor.intercept(ConnectInterceptor.java:43)
08-06 04:33:39.905 24686 21631 E baseline.com.newsblur.network.APIResponse: 	at okhttp3.internal.http.RealInterceptorChain.proceed(RealInterceptorChain.java:142)
08-06 04:33:39.905 24686 21631 E baseline.com.newsblur.network.APIResponse: 	at okhttp3.internal.http.RealInterceptorChain.proceed(RealInterceptorChain.java:117)
08-06 04:33:39.905 24686 21631 E baseline.com.newsblur.network.APIResponse: 	at okhttp3.internal.cache.CacheInterceptor.intercept(CacheInterceptor.java:94)
08-06 04:33:39.905 24686 21631 E baseline.com.newsblur.network.APIResponse: 	at okhttp3.internal.http.RealInterceptorChain.proceed(RealInterceptorChain.java:142)
08-06 04:33:39.905 24686 21631 E baseline.com.newsblur.network.APIResponse: 	at okhttp3.internal.http.RealInterceptorChain.proceed(RealInterceptorChain.java:117)
08-06 04:33:39.905 24686 21631 E baseline.com.newsblur.network.APIResponse: 	at okhttp3.internal.http.BridgeInterceptor.intercept(BridgeInterceptor.java:93)
08-06 04:33:39.905 24686 21631 E baseline.com.newsblur.network.APIResponse: 	at okhttp3.internal.http.RealInterceptorChain.proceed(RealInterceptorChain.java:142)
08-06 04:33:39.905 24686 21631 E baseline.com.newsblur.network.APIResponse: 	at okhttp3.internal.http.RetryAndFollowUpInterceptor.intercept(RetryAndFollowUpInterceptor.java:88)
08-06 04:33:39.905 24686 21631 E baseline.com.newsblur.network.APIResponse: 	at okhttp3.internal.http.RealInterceptorChain.proceed(RealInterceptorChain.java:142)
08-06 04:33:39.905 24686 21631 E baseline.com.newsblur.network.APIResponse: 	at okhttp3.internal.http.RealInterceptorChain.proceed(RealInterceptorChain.java:117)
08-06 04:33:39.905 24686 21631 E baseline.com.newsblur.network.APIResponse: 	at okhttp3.RealCall.getResponseWithInterceptorChain(RealCall.java:229)
08-06 04:33:39.905 24686 21631 E baseline.com.newsblur.network.APIResponse: 	at okhttp3.RealCall.execute(RealCall.java:81)
08-06 04:33:39.905 24686 21631 E baseline.com.newsblur.network.APIResponse: 	at baseline.com.newsblur.network.APIResponse.<init>(APIResponse.java:57)
08-06 04:33:39.905 24686 21631 E baseline.com.newsblur.network.APIResponse: 	at baseline.com.newsblur.network.APIResponse.<init>(APIResponse.java:43)
08-06 04:33:39.905 24686 21631 E baseline.com.newsblur.network.APIResponse: 	at baseline.com.newsblur.network.APIManager.post_single(APIManager.java:702)
08-06 04:33:39.905 24686 21631 E baseline.com.newsblur.network.APIResponse: 	at baseline.com.newsblur.network.APIManager.post(APIManager.java:675)
08-06 04:33:39.905 24686 21631 E baseline.com.newsblur.network.APIResponse: 	at baseline.com.newsblur.network.APIManager.post(APIManager.java:714)
08-06 04:33:39.905 24686 21631 E baseline.com.newsblur.network.APIResponse: 	at baseline.com.newsblur.network.APIManager.markStoryAsRead(APIManager.java:205)
08-06 04:33:39.905 24686 21631 E baseline.com.newsblur.network.APIResponse: 	at baseline.com.newsblur.util.ReadingAction.doRemote(ReadingAction.java:281)
08-06 04:33:39.905 24686 21631 E baseline.com.newsblur.network.APIResponse: 	at baseline.com.newsblur.service.NBSyncService.syncActions(NBSyncService.java:400)
08-06 04:33:39.905 24686 21631 E baseline.com.newsblur.network.APIResponse: 	at baseline.com.newsblur.service.NBSyncService.doSync(NBSyncService.java:298)
08-06 04:33:39.905 24686 21631 E baseline.com.newsblur.network.APIResponse: 	at baseline.com.newsblur.service.NBSyncService.access$100(NBSyncService.java:67)
08-06 04:33:39.905 24686 21631 E baseline.com.newsblur.network.APIResponse: 	at baseline.com.newsblur.service.NBSyncService$1.run(NBSyncService.java:188)
08-06 04:33:39.905 24686 21631 E baseline.com.newsblur.network.APIResponse: 	at java.util.concurrent.ThreadPoolExecutor.runWorker(ThreadPoolExecutor.java:1113)
08-06 04:33:39.905 24686 21631 E baseline.com.newsblur.network.APIResponse: 	at java.util.concurrent.ThreadPoolExecutor$Worker.run(ThreadPoolExecutor.java:588)
08-06 04:33:39.905 24686 21631 E baseline.com.newsblur.network.APIResponse: 	at java.lang.Thread.run(Thread.java:818)
08-06 04:33:39.905 24686 21631 E baseline.com.newsblur.network.APIResponse: Caused by: java.io.EOFException: \n not found: limit=0 content=
08-06 04:33:39.905 24686 21631 E baseline.com.newsblur.network.APIResponse: 	at okio.RealBufferedSource.readUtf8LineStrict(RealBufferedSource.java:240)
08-06 04:33:39.905 24686 21631 E baseline.com.newsblur.network.APIResponse: 	at okhttp3.internal.http1.Http1ExchangeCodec.readHeaderLine(Http1ExchangeCodec.java:242)
08-06 04:33:39.905 24686 21631 E baseline.com.newsblur.network.APIResponse: 	at okhttp3.internal.http1.Http1ExchangeCodec.readResponseHeaders(Http1ExchangeCodec.java:213)
08-06 04:33:39.905 24686 21631 E baseline.com.newsblur.network.APIResponse: 	... 30 more
08-06 04:33:39.906 24686 21631 I baseline.com.newsblur.network.APIManager: API call failed, pausing before retry number 2
08-06 04:33:39.916 24686 20967 I art     : Starting a blocking GC Explicit
08-06 04:33:39.956 24686 20967 I art     : Explicit concurrent mark sweep GC freed 2324(276KB) AllocSpace objects, 2(40KB) LOS objects, 29% free, 37MB/53MB, paused 1.207ms total 39.434ms
08-06 04:33:40.307 24686 24697 I art     : Starting a blocking GC Explicit
08-06 04:33:40.356 24686 24697 I art     : Explicit concurrent mark sweep GC freed 1686(97KB) AllocSpace objects, 1(20KB) LOS objects, 29% free, 37MB/53MB, paused 1.449ms total 48.805ms
08-06 04:33:40.370 24686 24697 I art     : Starting a blocking GC Explicit
08-06 04:33:40.416 24686 24697 I art     : Explicit concurrent mark sweep GC freed 157(7KB) AllocSpace objects, 0(0B) LOS objects, 29% free, 37MB/53MB, paused 1.392ms total 45.361ms
08-06 04:33:40.430 24686 24697 I art     : Starting a blocking GC Explicit
08-06 04:33:40.473 24686 24697 I art     : Explicit concurrent mark sweep GC freed 9(288B) AllocSpace objects, 0(0B) LOS objects, 29% free, 37MB/53MB, paused 1.293ms total 42.726ms
08-06 04:33:40.486 24686 24697 I art     : Starting a blocking GC Explicit
08-06 04:33:40.530 24686 24697 I art     : Explicit concurrent mark sweep GC freed 10(320B) AllocSpace objects, 0(0B) LOS objects, 29% free, 37MB/53MB, paused 1.269ms total 43.366ms
08-06 04:33:40.544 24686 24697 I art     : Starting a blocking GC Explicit
08-06 04:33:40.587 24686 24697 I art     : Explicit concurrent mark sweep GC freed 11(352B) AllocSpace objects, 0(0B) LOS objects, 29% free, 37MB/53MB, paused 1.474ms total 42.847ms
08-06 04:33:40.909 24686 24698 I art     : Starting a blocking GC Explicit
08-06 04:33:40.954 24686 24698 I art     : Explicit concurrent mark sweep GC freed 1481(84KB) AllocSpace objects, 1(20KB) LOS objects, 29% free, 37MB/53MB, paused 1.505ms total 45.023ms
08-06 04:33:40.966 24686 24698 I art     : Starting a blocking GC Explicit
08-06 04:33:41.009 24686 24698 I art     : Explicit concurrent mark sweep GC freed 42(1424B) AllocSpace objects, 0(0B) LOS objects, 29% free, 37MB/53MB, paused 1.297ms total 42.501ms
08-06 04:33:41.024 24686 24698 I art     : Starting a blocking GC Explicit
08-06 04:33:41.069 24686 24698 I art     : Explicit concurrent mark sweep GC freed 8(256B) AllocSpace objects, 0(0B) LOS objects, 29% free, 37MB/53MB, paused 1.493ms total 44.714ms
08-06 04:33:41.082 24686 24698 I art     : Starting a blocking GC Explicit
08-06 04:33:41.124 24686 24698 I art     : Explicit concurrent mark sweep GC freed 3(96B) AllocSpace objects, 0(0B) LOS objects, 29% free, 37MB/53MB, paused 1.337ms total 42.175ms
08-06 04:33:41.137 24686 24698 I art     : Starting a blocking GC Explicit
08-06 04:33:41.180 24686 24698 I art     : Explicit concurrent mark sweep GC freed 3(96B) AllocSpace objects, 0(0B) LOS objects, 29% free, 37MB/53MB, paused 1.331ms total 42.695ms
08-06 04:33:41.224 21745 21745 D AndroidRuntime: >>>>>> START com.android.internal.os.RuntimeInit uid 2000 <<<<<<
08-06 04:33:41.230 21745 21745 D AndroidRuntime: CheckJNI is OFF
08-06 04:33:41.273 21745 21745 D ICU     : No timezone override file found: /data/misc/zoneinfo/current/icu/icu_tzdata.dat
08-06 04:33:41.318 21745 21745 I Radio-JNI: register_android_hardware_Radio DONE
08-06 04:33:41.347 21745 21745 D AndroidRuntime: Calling main entry com.android.commands.input.Input
08-06 04:33:41.349 21745 21745 I Input   : injectKeyEvent: KeyEvent { action=ACTION_DOWN, keyCode=KEYCODE_BACK, scanCode=0, metaState=0, flags=0x0, repeatCount=0, eventTime=851637762, downTime=851637762, deviceId=-1, source=0x101 }
08-06 04:33:41.355 21745 21745 I Input   : injectKeyEvent: KeyEvent { action=ACTION_UP, keyCode=KEYCODE_BACK, scanCode=0, metaState=0, flags=0x0, repeatCount=0, eventTime=851637762, downTime=851637762, deviceId=-1, source=0x101 }
08-06 04:33:41.363 21745 21745 D AndroidRuntime: Shutting down VM
08-06 04:33:41.536 24686 24697 I art     : Starting a blocking GC Explicit
08-06 04:33:41.582 13866 13866 I GoogleInputMethodServic: GoogleInputMethodService.onFinishInput():3138 
08-06 04:33:41.582 24686 24697 I art     : Explicit concurrent mark sweep GC freed 9579(657KB) AllocSpace objects, 13(260KB) LOS objects, 29% free, 37MB/53MB, paused 1.458ms total 46.063ms
08-06 04:33:41.583 13866 13866 I GoogleInputMethodServic: GoogleInputMethodService.onStartInput():1808 
08-06 04:33:41.596 24686 24697 I art     : Starting a blocking GC Explicit
08-06 04:33:41.636 24686 24697 I art     : Explicit concurrent mark sweep GC freed 290(11KB) AllocSpace objects, 0(0B) LOS objects, 29% free, 37MB/53MB, paused 1.149ms total 39.647ms
08-06 04:33:41.648 24686 24697 I art     : Starting a blocking GC Explicit
08-06 04:33:41.684 24686 24697 I art     : Explicit concurrent mark sweep GC freed 7(256B) AllocSpace objects, 0(0B) LOS objects, 29% free, 37MB/53MB, paused 1.172ms total 35.614ms
08-06 04:33:41.696 24686 24697 I art     : Starting a blocking GC Explicit
08-06 04:33:41.741 24686 24697 I art     : Explicit concurrent mark sweep GC freed 3(96B) AllocSpace objects, 0(0B) LOS objects, 29% free, 37MB/53MB, paused 1.305ms total 45.259ms
08-06 04:33:41.754 24686 24697 I art     : Starting a blocking GC Explicit
08-06 04:33:41.805 24686 24697 I art     : Explicit concurrent mark sweep GC freed 3(96B) AllocSpace objects, 0(0B) LOS objects, 29% free, 37MB/53MB, paused 1.541ms total 51.543ms
08-06 04:33:42.147 24686 20967 I art     : Starting a blocking GC Explicit
08-06 04:33:42.191 24686 20967 I art     : Explicit concurrent mark sweep GC freed 1917(103KB) AllocSpace objects, 1(20KB) LOS objects, 29% free, 37MB/53MB, paused 1.354ms total 43.918ms
08-06 04:33:42.204 24686 20967 I art     : Starting a blocking GC Explicit
08-06 04:33:42.245 24686 20967 I art     : Explicit concurrent mark sweep GC freed 165(7KB) AllocSpace objects, 0(0B) LOS objects, 29% free, 37MB/53MB, paused 1.226ms total 41.089ms
08-06 04:33:42.258 24686 20967 I art     : Starting a blocking GC Explicit
08-06 04:33:42.301 24686 20967 I art     : Explicit concurrent mark sweep GC freed 11(352B) AllocSpace objects, 0(0B) LOS objects, 29% free, 37MB/53MB, paused 1.216ms total 43.059ms
08-06 04:33:42.315 24686 20967 I art     : Starting a blocking GC Explicit
08-06 04:33:42.356 24686 20967 I art     : Explicit concurrent mark sweep GC freed 9(288B) AllocSpace objects, 0(0B) LOS objects, 29% free, 37MB/53MB, paused 1.281ms total 41.627ms
08-06 04:33:42.370 24686 20967 I art     : Starting a blocking GC Explicit
08-06 04:33:42.413 24686 20967 I art     : Explicit concurrent mark sweep GC freed 9(288B) AllocSpace objects, 0(0B) LOS objects, 29% free, 37MB/53MB, paused 1.185ms total 42.802ms
08-06 04:33:42.748 24686 24697 I art     : Starting a blocking GC Explicit
08-06 04:33:42.794 24686 24697 I art     : Explicit concurrent mark sweep GC freed 1485(84KB) AllocSpace objects, 1(20KB) LOS objects, 29% free, 37MB/53MB, paused 1.337ms total 45.569ms
08-06 04:33:42.807 24686 24697 I art     : Starting a blocking GC Explicit
08-06 04:33:42.849 24686 24697 I art     : Explicit concurrent mark sweep GC freed 28(976B) AllocSpace objects, 0(0B) LOS objects, 29% free, 37MB/53MB, paused 1.358ms total 41.573ms
08-06 04:33:42.863 24686 24697 I art     : Starting a blocking GC Explicit
08-06 04:33:42.905 24686 24697 I art     : Explicit concurrent mark sweep GC freed 11(352B) AllocSpace objects, 0(0B) LOS objects, 29% free, 37MB/53MB, paused 1.467ms total 42.087ms
08-06 04:33:42.918 24686 24697 I art     : Starting a blocking GC Explicit
08-06 04:33:42.960 24686 24697 I art     : Explicit concurrent mark sweep GC freed 99(3KB) AllocSpace objects, 0(0B) LOS objects, 29% free, 37MB/53MB, paused 1.484ms total 41.868ms
08-06 04:33:42.973 24686 24697 I art     : Starting a blocking GC Explicit
08-06 04:33:43.015 24686 24697 I art     : Explicit concurrent mark sweep GC freed 80(5KB) AllocSpace objects, 0(0B) LOS objects, 29% free, 37MB/53MB, paused 1.312ms total 41.777ms
08-06 04:33:43.139 21794 21794 D AndroidRuntime: >>>>>> START com.android.internal.os.RuntimeInit uid 2000 <<<<<<
08-06 04:33:43.145 21794 21794 D AndroidRuntime: CheckJNI is OFF
08-06 04:33:43.188 21794 21794 D ICU     : No timezone override file found: /data/misc/zoneinfo/current/icu/icu_tzdata.dat
08-06 04:33:43.230 21794 21794 I Radio-JNI: register_android_hardware_Radio DONE
08-06 04:33:43.259 21794 21794 D AndroidRuntime: Calling main entry com.android.commands.input.Input
08-06 04:33:43.261 21794 21794 I Input   : injectMotionEvent: MotionEvent { action=ACTION_DOWN, actionButton=0, id[0]=0, x[0]=594.0, y[0]=330.0, toolType[0]=TOOL_TYPE_UNKNOWN, buttonState=0, metaState=0, flags=0x0, edgeFlags=0x0, pointerCount=1, historySize=0, eventTime=851639674, downTime=851639674, deviceId=0, source=0x1002 }
08-06 04:33:43.265 21794 21794 I Input   : injectMotionEvent: MotionEvent { action=ACTION_UP, actionButton=0, id[0]=0, x[0]=594.0, y[0]=330.0, toolType[0]=TOOL_TYPE_UNKNOWN, buttonState=0, metaState=0, flags=0x0, edgeFlags=0x0, pointerCount=1, historySize=0, eventTime=851639674, downTime=851639674, deviceId=0, source=0x1002 }
08-06 04:33:43.267 21794 21794 D AndroidRuntime: Shutting down VM
08-06 04:33:43.334   918  6111 I ActivityManager: START u0 {cmp=baseline.com.newsblur/.activity.GlobalSharedStoriesItemsList (has extras)} from uid 10698 on display 0
08-06 04:33:43.361 24686 21304 I baseline.com.newsblur.database.BlurDatabaseHelper: reading session reset
08-06 04:33:43.369 24686 20764 I art     : Starting a blocking GC Explicit
08-06 04:33:43.413 24686 20764 I art     : Explicit concurrent mark sweep GC freed 4941(319KB) AllocSpace objects, 5(100KB) LOS objects, 29% free, 37MB/53MB, paused 1.462ms total 43.273ms
08-06 04:33:43.425 24686 20764 I art     : Starting a blocking GC Explicit
08-06 04:33:43.431 24686 21631 E baseline.com.newsblur.network.APIResponse: Error (unexpected end of stream on https://www.newsblur.com/...) calling https://www.newsblur.com/reader/mark_story_hashes_as_read/
08-06 04:33:43.431 24686 21631 E baseline.com.newsblur.network.APIResponse: java.io.IOException: unexpected end of stream on https://www.newsblur.com/...
08-06 04:33:43.431 24686 21631 E baseline.com.newsblur.network.APIResponse: 	at okhttp3.internal.http1.Http1ExchangeCodec.readResponseHeaders(Http1ExchangeCodec.java:236)
08-06 04:33:43.431 24686 21631 E baseline.com.newsblur.network.APIResponse: 	at okhttp3.internal.connection.Exchange.readResponseHeaders(Exchange.java:115)
08-06 04:33:43.431 24686 21631 E baseline.com.newsblur.network.APIResponse: 	at okhttp3.internal.http.CallServerInterceptor.intercept(CallServerInterceptor.java:94)
08-06 04:33:43.431 24686 21631 E baseline.com.newsblur.network.APIResponse: 	at okhttp3.internal.http.RealInterceptorChain.proceed(RealInterceptorChain.java:142)
08-06 04:33:43.431 24686 21631 E baseline.com.newsblur.network.APIResponse: 	at okhttp3.internal.connection.ConnectInterceptor.intercept(ConnectInterceptor.java:43)
08-06 04:33:43.431 24686 21631 E baseline.com.newsblur.network.APIResponse: 	at okhttp3.internal.http.RealInterceptorChain.proceed(RealInterceptorChain.java:142)
08-06 04:33:43.431 24686 21631 E baseline.com.newsblur.network.APIResponse: 	at okhttp3.internal.http.RealInterceptorChain.proceed(RealInterceptorChain.java:117)
08-06 04:33:43.431 24686 21631 E baseline.com.newsblur.network.APIResponse: 	at okhttp3.internal.cache.CacheInterceptor.intercept(CacheInterceptor.java:94)
08-06 04:33:43.431 24686 21631 E baseline.com.newsblur.network.APIResponse: 	at okhttp3.internal.http.RealInterceptorChain.proceed(RealInterceptorChain.java:142)
08-06 04:33:43.431 24686 21631 E baseline.com.newsblur.network.APIResponse: 	at okhttp3.internal.http.RealInterceptorChain.proceed(RealInterceptorChain.java:117)
08-06 04:33:43.431 24686 21631 E baseline.com.newsblur.network.APIResponse: 	at okhttp3.internal.http.BridgeInterceptor.intercept(BridgeInterceptor.java:93)
08-06 04:33:43.431 24686 21631 E baseline.com.newsblur.network.APIResponse: 	at okhttp3.internal.http.RealInterceptorChain.proceed(RealInterceptorChain.java:142)
08-06 04:33:43.431 24686 21631 E baseline.com.newsblur.network.APIResponse: 	at okhttp3.internal.http.RetryAndFollowUpInterceptor.intercept(RetryAndFollowUpInterceptor.java:88)
08-06 04:33:43.431 24686 21631 E baseline.com.newsblur.network.APIResponse: 	at okhttp3.internal.http.RealInterceptorChain.proceed(RealInterceptorChain.java:142)
08-06 04:33:43.431 24686 21631 E baseline.com.newsblur.network.APIResponse: 	at okhttp3.internal.http.RealInterceptorChain.proceed(RealInterceptorChain.java:117)
08-06 04:33:43.431 24686 21631 E baseline.com.newsblur.network.APIResponse: 	at okhttp3.RealCall.getResponseWithInterceptorChain(RealCall.java:229)
08-06 04:33:43.431 24686 21631 E baseline.com.newsblur.network.APIResponse: 	at okhttp3.RealCall.execute(RealCall.java:81)
08-06 04:33:43.431 24686 21631 E baseline.com.newsblur.network.APIResponse: 	at baseline.com.newsblur.network.APIResponse.<init>(APIResponse.java:57)
08-06 04:33:43.431 24686 21631 E baseline.com.newsblur.network.APIResponse: 	at baseline.com.newsblur.network.APIResponse.<init>(APIResponse.java:43)
08-06 04:33:43.431 24686 21631 E baseline.com.newsblur.network.APIResponse: 	at baseline.com.newsblur.network.APIManager.post_single(APIManager.java:702)
08-06 04:33:43.431 24686 21631 E baseline.com.newsblur.network.APIResponse: 	at baseline.com.newsblur.network.APIManager.post(APIManager.java:675)
08-06 04:33:43.431 24686 21631 E baseline.com.newsblur.network.APIResponse: 	at baseline.com.newsblur.network.APIManager.post(APIManager.java:714)
08-06 04:33:43.431 24686 21631 E baseline.com.newsblur.network.APIResponse: 	at baseline.com.newsblur.network.APIManager.markStoryAsRead(APIManager.java:205)
08-06 04:33:43.431 24686 21631 E baseline.com.newsblur.network.APIResponse: 	at baseline.com.newsblur.util.ReadingAction.doRemote(ReadingAction.java:281)
08-06 04:33:43.431 24686 21631 E baseline.com.newsblur.network.APIResponse: 	at baseline.com.newsblur.service.NBSyncService.syncActions(NBSyncService.java:400)
08-06 04:33:43.431 24686 21631 E baseline.com.newsblur.network.APIResponse: 	at baseline.com.newsblur.service.NBSyncService.doSync(NBSyncService.java:298)
08-06 04:33:43.431 24686 21631 E baseline.com.newsblur.network.APIResponse: 	at baseline.com.newsblur.service.NBSyncService.access$100(NBSyncService.java:67)
08-06 04:33:43.431 24686 21631 E baseline.com.newsblur.network.APIResponse: 	at baseline.com.newsblur.service.NBSyncService$1.run(NBSyncService.java:188)
08-06 04:33:43.431 24686 21631 E baseline.com.newsblur.network.APIResponse: 	at java.util.concurrent.ThreadPoolExecutor.runWorker(ThreadPoolExecutor.java:1113)
08-06 04:33:43.431 24686 21631 E baseline.com.newsblur.network.APIResponse: 	at java.util.concurrent.ThreadPoolExecutor$Worker.run(ThreadPoolExecutor.java:588)
08-06 04:33:43.431 24686 21631 E baseline.com.newsblur.network.APIResponse: 	at java.lang.Thread.run(Thread.java:818)
08-06 04:33:43.431 24686 21631 E baseline.com.newsblur.network.APIResponse: Caused by: java.io.EOFException: \n not found: limit=0 content=
08-06 04:33:43.431 24686 21631 E baseline.com.newsblur.network.APIResponse: 	at okio.RealBufferedSource.readUtf8LineStrict(RealBufferedSource.java:240)
08-06 04:33:43.431 24686 21631 E baseline.com.newsblur.network.APIResponse: 	at okhttp3.internal.http1.Http1ExchangeCodec.readHeaderLine(Http1ExchangeCodec.java:242)
08-06 04:33:43.431 24686 21631 E baseline.com.newsblur.network.APIResponse: 	at okhttp3.internal.http1.Http1ExchangeCodec.readResponseHeaders(Http1ExchangeCodec.java:213)
08-06 04:33:43.431 24686 21631 E baseline.com.newsblur.network.APIResponse: 	... 30 more
08-06 04:33:43.432 24686 21631 I baseline.com.newsblur.service.NBSyncService: Holding reading action with server-side or network error.
08-06 04:33:43.440 24686 21631 W baseline.com.newsblur.service.NBSyncService: hard API failure
08-06 04:33:43.467 24686 20764 I art     : Explicit concurrent mark sweep GC freed 1459(257KB) AllocSpace objects, 5(192KB) LOS objects, 29% free, 37MB/53MB, paused 1.483ms total 41.241ms
08-06 04:33:43.479 24686 20764 I art     : Starting a blocking GC Explicit
08-06 04:33:43.522 24686 20764 I art     : Explicit concurrent mark sweep GC freed 685(61KB) AllocSpace objects, 1(20KB) LOS objects, 29% free, 37MB/53MB, paused 1.432ms total 42.802ms
08-06 04:33:43.534 24686 20764 I art     : Starting a blocking GC Explicit
08-06 04:33:43.554 24686 24686 W View    : requestLayout() improperly called by android.widget.FrameLayout{c47961a V.E...... ......ID 0,0-1440,18 #7f07003f app:id/footer_view_inner} during layout: running second layout pass
08-06 04:33:43.554 24686 24686 W View    : requestLayout() improperly called by android.widget.FrameLayout{c53054b V.E...... ......ID 0,0-1440,2091 #7f07003f app:id/footer_view_inner} during layout: running second layout pass
08-06 04:33:43.572 13866 13866 I GoogleInputMethodServic: GoogleInputMethodService.onFinishInput():3138 
08-06 04:33:43.572   918   936 I ActivityManager: Displayed baseline.com.newsblur/.activity.GlobalSharedStoriesItemsList: +224ms
08-06 04:33:43.573 13866 13866 I GoogleInputMethodServic: GoogleInputMethodService.onStartInput():1808 
08-06 04:33:43.576 24686 20764 I art     : Explicit concurrent mark sweep GC freed 396(35KB) AllocSpace objects, 1(20KB) LOS objects, 29% free, 37MB/53MB, paused 1.467ms total 41.223ms
08-06 04:33:43.588 24686 20764 I art     : Starting a blocking GC Explicit
08-06 04:33:43.631 24686 20764 I art     : Explicit concurrent mark sweep GC freed 1184(76KB) AllocSpace objects, 6(120KB) LOS objects, 29% free, 37MB/53MB, paused 1.818ms total 42.955ms
08-06 04:33:43.670 24686 21823 I NAPPA_EXPERIMENTATION: MetricNetworkRequestExecutionTime: REQUEST_DURATION_SYSTEM='36',REQUEST_DURATION_OKHTTP='34',REQUEST_SYNCHRONOUS='TRUE',RESPONSE_CODE='200',RESPONSE_METHOD='GET',RESPONSE_LENGTH_OKHTTP='43',RESPONSE_LENGTH_HEADER='43',REQUEST_PROTOCOL='http/1.1',REQUEST_URL='http://feeds.feedburner.com/~r/retort/~4/UffaFMiJbNs',
08-06 04:33:43.846 24686 21631 E baseline.com.newsblur.network.APIResponse: Error (unexpected end of stream on https://www.newsblur.com/...) calling https://www.newsblur.com/reader/mark_story_hashes_as_read/
08-06 04:33:43.846 24686 21631 E baseline.com.newsblur.network.APIResponse: java.io.IOException: unexpected end of stream on https://www.newsblur.com/...
08-06 04:33:43.846 24686 21631 E baseline.com.newsblur.network.APIResponse: 	at okhttp3.internal.http1.Http1ExchangeCodec.readResponseHeaders(Http1ExchangeCodec.java:236)
08-06 04:33:43.846 24686 21631 E baseline.com.newsblur.network.APIResponse: 	at okhttp3.internal.connection.Exchange.readResponseHeaders(Exchange.java:115)
08-06 04:33:43.846 24686 21631 E baseline.com.newsblur.network.APIResponse: 	at okhttp3.internal.http.CallServerInterceptor.intercept(CallServerInterceptor.java:94)
08-06 04:33:43.846 24686 21631 E baseline.com.newsblur.network.APIResponse: 	at okhttp3.internal.http.RealInterceptorChain.proceed(RealInterceptorChain.java:142)
08-06 04:33:43.846 24686 21631 E baseline.com.newsblur.network.APIResponse: 	at okhttp3.internal.connection.ConnectInterceptor.intercept(ConnectInterceptor.java:43)
08-06 04:33:43.846 24686 21631 E baseline.com.newsblur.network.APIResponse: 	at okhttp3.internal.http.RealInterceptorChain.proceed(RealInterceptorChain.java:142)
08-06 04:33:43.846 24686 21631 E baseline.com.newsblur.network.APIResponse: 	at okhttp3.internal.http.RealInterceptorChain.proceed(RealInterceptorChain.java:117)
08-06 04:33:43.846 24686 21631 E baseline.com.newsblur.network.APIResponse: 	at okhttp3.internal.cache.CacheInterceptor.intercept(CacheInterceptor.java:94)
08-06 04:33:43.846 24686 21631 E baseline.com.newsblur.network.APIResponse: 	at okhttp3.internal.http.RealInterceptorChain.proceed(RealInterceptorChain.java:142)
08-06 04:33:43.846 24686 21631 E baseline.com.newsblur.network.APIResponse: 	at okhttp3.internal.http.RealInterceptorChain.proceed(RealInterceptorChain.java:117)
08-06 04:33:43.846 24686 21631 E baseline.com.newsblur.network.APIResponse: 	at okhttp3.internal.http.BridgeInterceptor.intercept(BridgeInterceptor.java:93)
08-06 04:33:43.846 24686 21631 E baseline.com.newsblur.network.APIResponse: 	at okhttp3.internal.http.RealInterceptorChain.proceed(RealInterceptorChain.java:142)
08-06 04:33:43.846 24686 21631 E baseline.com.newsblur.network.APIResponse: 	at okhttp3.internal.http.RetryAndFollowUpInterceptor.intercept(RetryAndFollowUpInterceptor.java:88)
08-06 04:33:43.846 24686 21631 E baseline.com.newsblur.network.APIResponse: 	at okhttp3.internal.http.RealInterceptorChain.proceed(RealInterceptorChain.java:142)
08-06 04:33:43.846 24686 21631 E baseline.com.newsblur.network.APIResponse: 	at okhttp3.internal.http.RealInterceptorChain.proceed(RealInterceptorChain.java:117)
08-06 04:33:43.846 24686 21631 E baseline.com.newsblur.network.APIResponse: 	at okhttp3.RealCall.getResponseWithInterceptorChain(RealCall.java:229)
08-06 04:33:43.846 24686 21631 E baseline.com.newsblur.network.APIResponse: 	at okhttp3.RealCall.execute(RealCall.java:81)
08-06 04:33:43.846 24686 21631 E baseline.com.newsblur.network.APIResponse: 	at baseline.com.newsblur.network.APIResponse.<init>(APIResponse.java:57)
08-06 04:33:43.846 24686 21631 E baseline.com.newsblur.network.APIResponse: 	at baseline.com.newsblur.network.APIResponse.<init>(APIResponse.java:43)
08-06 04:33:43.846 24686 21631 E baseline.com.newsblur.network.APIResponse: 	at baseline.com.newsblur.network.APIManager.post_single(APIManager.java:702)
08-06 04:33:43.846 24686 21631 E baseline.com.newsblur.network.APIResponse: 	at baseline.com.newsblur.network.APIManager.post(APIManager.java:675)
08-06 04:33:43.846 24686 21631 E baseline.com.newsblur.network.APIResponse: 	at baseline.com.newsblur.network.APIManager.post(APIManager.java:714)
08-06 04:33:43.846 24686 21631 E baseline.com.newsblur.network.APIResponse: 	at baseline.com.newsblur.network.APIManager.markStoryAsRead(APIManager.java:205)
08-06 04:33:43.846 24686 21631 E baseline.com.newsblur.network.APIResponse: 	at baseline.com.newsblur.util.ReadingAction.doRemote(ReadingAction.java:281)
08-06 04:33:43.846 24686 21631 E baseline.com.newsblur.network.APIResponse: 	at baseline.com.newsblur.service.NBSyncService.syncActions(NBSyncService.java:400)
08-06 04:33:43.846 24686 21631 E baseline.com.newsblur.network.APIResponse: 	at baseline.com.newsblur.service.NBSyncService.doSync(NBSyncService.java:298)
08-06 04:33:43.846 24686 21631 E baseline.com.newsblur.network.APIResponse: 	at baseline.com.newsblur.service.NBSyncService.access$100(NBSyncService.java:67)
08-06 04:33:43.846 24686 21631 E baseline.com.newsblur.network.APIResponse: 	at baseline.com.newsblur.service.NBSyncService$1.run(NBSyncService.java:188)
08-06 04:33:43.846 24686 21631 E baseline.com.newsblur.network.APIResponse: 	at java.util.concurrent.ThreadPoolExecutor.runWorker(ThreadPoolExecutor.java:1113)
08-06 04:33:43.846 24686 21631 E baseline.com.newsblur.network.APIResponse: 	at java.util.concurrent.ThreadPoolExecutor$Worker.run(ThreadPoolExecutor.java:588)
08-06 04:33:43.846 24686 21631 E baseline.com.newsblur.network.APIResponse: 	at java.lang.Thread.run(Thread.java:818)
08-06 04:33:43.846 24686 21631 E baseline.com.newsblur.network.APIResponse: Caused by: java.io.EOFException: \n not found: limit=0 content=
08-06 04:33:43.846 24686 21631 E baseline.com.newsblur.network.APIResponse: 	at okio.RealBufferedSource.readUtf8LineStrict(RealBufferedSource.java:240)
08-06 04:33:43.846 24686 21631 E baseline.com.newsblur.network.APIResponse: 	at okhttp3.internal.http1.Http1ExchangeCodec.readHeaderLine(Http1ExchangeCodec.java:242)
08-06 04:33:43.846 24686 21631 E baseline.com.newsblur.network.APIResponse: 	at okhttp3.internal.http1.Http1ExchangeCodec.readResponseHeaders(Http1ExchangeCodec.java:213)
08-06 04:33:43.846 24686 21631 E baseline.com.newsblur.network.APIResponse: 	... 30 more
08-06 04:33:43.849 24686 21631 I baseline.com.newsblur.network.APIManager: API call failed, pausing before retry number 1
08-06 04:33:43.973 24686 20764 I art     : Starting a blocking GC Explicit
08-06 04:33:44.022 24686 20764 I art     : Explicit concurrent mark sweep GC freed 4972(434KB) AllocSpace objects, 5(100KB) LOS objects, 29% free, 37MB/53MB, paused 1.274ms total 48.546ms
08-06 04:33:44.035 24686 20764 I art     : Starting a blocking GC Explicit
08-06 04:33:44.080 24686 20764 I art     : Explicit concurrent mark sweep GC freed 152(5KB) AllocSpace objects, 0(0B) LOS objects, 29% free, 37MB/53MB, paused 1.407ms total 44.809ms
08-06 04:33:44.093 24686 20764 I art     : Starting a blocking GC Explicit
08-06 04:33:44.138 24686 20764 I art     : Explicit concurrent mark sweep GC freed 3(96B) AllocSpace objects, 0(0B) LOS objects, 29% free, 37MB/53MB, paused 1.488ms total 44.557ms
08-06 04:33:44.151 24686 20764 I art     : Starting a blocking GC Explicit
08-06 04:33:44.197 24686 20764 I art     : Explicit concurrent mark sweep GC freed 3(96B) AllocSpace objects, 0(0B) LOS objects, 29% free, 37MB/53MB, paused 1.337ms total 45.997ms
08-06 04:33:44.214 24686 20764 I art     : Starting a blocking GC Explicit
08-06 04:33:44.258 24686 20764 I art     : Explicit concurrent mark sweep GC freed 3(96B) AllocSpace objects, 0(0B) LOS objects, 29% free, 37MB/53MB, paused 1.441ms total 43.628ms
08-06 04:33:44.604 24686 20967 I art     : Starting a blocking GC Explicit
08-06 04:33:44.652 24686 20967 I art     : Explicit concurrent mark sweep GC freed 1439(82KB) AllocSpace objects, 1(20KB) LOS objects, 29% free, 37MB/53MB, paused 2.037ms total 48.045ms
08-06 04:33:44.665 24686 20967 I art     : Starting a blocking GC Explicit
08-06 04:33:44.708 24686 20967 I art     : Explicit concurrent mark sweep GC freed 23(816B) AllocSpace objects, 0(0B) LOS objects, 29% free, 37MB/53MB, paused 1.355ms total 42.417ms
08-06 04:33:44.720 24686 20967 I art     : Starting a blocking GC Explicit
08-06 04:33:44.763 24686 20967 I art     : Explicit concurrent mark sweep GC freed 9(288B) AllocSpace objects, 0(0B) LOS objects, 29% free, 37MB/53MB, paused 1.566ms total 42.899ms
08-06 04:33:44.777 24686 20967 I art     : Starting a blocking GC Explicit
08-06 04:33:44.822 24686 20967 I art     : Explicit concurrent mark sweep GC freed 11(352B) AllocSpace objects, 0(0B) LOS objects, 29% free, 37MB/53MB, paused 1.386ms total 44.596ms
08-06 04:33:44.835 24686 20967 I art     : Starting a blocking GC Explicit
08-06 04:33:44.883 24686 20967 I art     : Explicit concurrent mark sweep GC freed 9(288B) AllocSpace objects, 0(0B) LOS objects, 29% free, 37MB/53MB, paused 1.617ms total 47.443ms
08-06 04:33:45.274 24686 20764 I art     : Starting a blocking GC Explicit
08-06 04:33:45.325 24686 20764 I art     : Explicit concurrent mark sweep GC freed 1448(83KB) AllocSpace objects, 1(20KB) LOS objects, 29% free, 37MB/53MB, paused 1.437ms total 49.999ms
08-06 04:33:45.340 24686 20764 I art     : Starting a blocking GC Explicit
08-06 04:33:45.388 24686 20764 I art     : Explicit concurrent mark sweep GC freed 113(4KB) AllocSpace objects, 0(0B) LOS objects, 29% free, 37MB/53MB, paused 1.546ms total 47.152ms
08-06 04:33:45.401 24686 20764 I art     : Starting a blocking GC Explicit
08-06 04:33:45.448 24686 20764 I art     : Explicit concurrent mark sweep GC freed 21(912B) AllocSpace objects, 0(0B) LOS objects, 29% free, 37MB/53MB, paused 1.554ms total 47.517ms
08-06 04:33:45.461 24686 20764 I art     : Starting a blocking GC Explicit
08-06 04:33:45.510 24686 20764 I art     : Explicit concurrent mark sweep GC freed 65(4KB) AllocSpace objects, 0(0B) LOS objects, 29% free, 37MB/53MB, paused 1.524ms total 48.114ms
08-06 04:33:45.523 24686 20764 I art     : Starting a blocking GC Explicit
08-06 04:33:45.571 24686 20764 I art     : Explicit concurrent mark sweep GC freed 3(96B) AllocSpace objects, 0(0B) LOS objects, 29% free, 37MB/53MB, paused 1.520ms total 48.057ms
08-06 04:33:45.882 24686 21631 E baseline.com.newsblur.network.APIResponse: Error (unexpected end of stream on https://www.newsblur.com/...) calling https://www.newsblur.com/reader/mark_story_hashes_as_read/
08-06 04:33:45.882 24686 21631 E baseline.com.newsblur.network.APIResponse: java.io.IOException: unexpected end of stream on https://www.newsblur.com/...
08-06 04:33:45.882 24686 21631 E baseline.com.newsblur.network.APIResponse: 	at okhttp3.internal.http1.Http1ExchangeCodec.readResponseHeaders(Http1ExchangeCodec.java:236)
08-06 04:33:45.882 24686 21631 E baseline.com.newsblur.network.APIResponse: 	at okhttp3.internal.connection.Exchange.readResponseHeaders(Exchange.java:115)
08-06 04:33:45.882 24686 21631 E baseline.com.newsblur.network.APIResponse: 	at okhttp3.internal.http.CallServerInterceptor.intercept(CallServerInterceptor.java:94)
08-06 04:33:45.882 24686 21631 E baseline.com.newsblur.network.APIResponse: 	at okhttp3.internal.http.RealInterceptorChain.proceed(RealInterceptorChain.java:142)
08-06 04:33:45.882 24686 21631 E baseline.com.newsblur.network.APIResponse: 	at okhttp3.internal.connection.ConnectInterceptor.intercept(ConnectInterceptor.java:43)
08-06 04:33:45.882 24686 21631 E baseline.com.newsblur.network.APIResponse: 	at okhttp3.internal.http.RealInterceptorChain.proceed(RealInterceptorChain.java:142)
08-06 04:33:45.882 24686 21631 E baseline.com.newsblur.network.APIResponse: 	at okhttp3.internal.http.RealInterceptorChain.proceed(RealInterceptorChain.java:117)
08-06 04:33:45.882 24686 21631 E baseline.com.newsblur.network.APIResponse: 	at okhttp3.internal.cache.CacheInterceptor.intercept(CacheInterceptor.java:94)
08-06 04:33:45.882 24686 21631 E baseline.com.newsblur.network.APIResponse: 	at okhttp3.internal.http.RealInterceptorChain.proceed(RealInterceptorChain.java:142)
08-06 04:33:45.882 24686 21631 E baseline.com.newsblur.network.APIResponse: 	at okhttp3.internal.http.RealInterceptorChain.proceed(RealInterceptorChain.java:117)
08-06 04:33:45.882 24686 21631 E baseline.com.newsblur.network.APIResponse: 	at okhttp3.internal.http.BridgeInterceptor.intercept(BridgeInterceptor.java:93)
08-06 04:33:45.882 24686 21631 E baseline.com.newsblur.network.APIResponse: 	at okhttp3.internal.http.RealInterceptorChain.proceed(RealInterceptorChain.java:142)
08-06 04:33:45.882 24686 21631 E baseline.com.newsblur.network.APIResponse: 	at okhttp3.internal.http.RetryAndFollowUpInterceptor.intercept(RetryAndFollowUpInterceptor.java:88)
08-06 04:33:45.882 24686 21631 E baseline.com.newsblur.network.APIResponse: 	at okhttp3.internal.http.RealInterceptorChain.proceed(RealInterceptorChain.java:142)
08-06 04:33:45.882 24686 21631 E baseline.com.newsblur.network.APIResponse: 	at okhttp3.internal.http.RealInterceptorChain.proceed(RealInterceptorChain.java:117)
08-06 04:33:45.882 24686 21631 E baseline.com.newsblur.network.APIResponse: 	at okhttp3.RealCall.getResponseWithInterceptorChain(RealCall.java:229)
08-06 04:33:45.882 24686 21631 E baseline.com.newsblur.network.APIResponse: 	at okhttp3.RealCall.execute(RealCall.java:81)
08-06 04:33:45.882 24686 21631 E baseline.com.newsblur.network.APIResponse: 	at baseline.com.newsblur.network.APIResponse.<init>(APIResponse.java:57)
08-06 04:33:45.882 24686 21631 E baseline.com.newsblur.network.APIResponse: 	at baseline.com.newsblur.network.APIResponse.<init>(APIResponse.java:43)
08-06 04:33:45.882 24686 21631 E baseline.com.newsblur.network.APIResponse: 	at baseline.com.newsblur.network.APIManager.post_single(APIManager.java:702)
08-06 04:33:45.882 24686 21631 E baseline.com.newsblur.network.APIResponse: 	at baseline.com.newsblur.network.APIManager.post(APIManager.java:675)
08-06 04:33:45.882 24686 21631 E baseline.com.newsblur.network.APIResponse: 	at baseline.com.newsblur.network.APIManager.post(APIManager.java:714)
08-06 04:33:45.882 24686 21631 E baseline.com.newsblur.network.APIResponse: 	at baseline.com.newsblur.network.APIManager.markStoryAsRead(APIManager.java:205)
08-06 04:33:45.882 24686 21631 E baseline.com.newsblur.network.APIResponse: 	at baseline.com.newsblur.util.ReadingAction.doRemote(ReadingAction.java:281)
08-06 04:33:45.882 24686 21631 E baseline.com.newsblur.network.APIResponse: 	at baseline.com.newsblur.service.NBSyncService.syncActions(NBSyncService.java:400)
08-06 04:33:45.882 24686 21631 E baseline.com.newsblur.network.APIResponse: 	at baseline.com.newsblur.service.NBSyncService.doSync(NBSyncService.java:298)
08-06 04:33:45.882 24686 21631 E baseline.com.newsblur.network.APIResponse: 	at baseline.com.newsblur.service.NBSyncService.access$100(NBSyncService.java:67)
08-06 04:33:45.882 24686 21631 E baseline.com.newsblur.network.APIResponse: 	at baseline.com.newsblur.service.NBSyncService$1.run(NBSyncService.java:188)
08-06 04:33:45.882 24686 21631 E baseline.com.newsblur.network.APIResponse: 	at java.util.concurrent.ThreadPoolExecutor.runWorker(ThreadPoolExecutor.java:1113)
08-06 04:33:45.882 24686 21631 E baseline.com.newsblur.network.APIResponse: 	at java.util.concurrent.ThreadPoolExecutor$Worker.run(ThreadPoolExecutor.java:588)
08-06 04:33:45.882 24686 21631 E baseline.com.newsblur.network.APIResponse: 	at java.lang.Thread.run(Thread.java:818)
08-06 04:33:45.882 24686 21631 E baseline.com.newsblur.network.APIResponse: Caused by: java.io.EOFException: \n not found: limit=0 content=
08-06 04:33:45.882 24686 21631 E baseline.com.newsblur.network.APIResponse: 	at okio.RealBufferedSource.readUtf8LineStrict(RealBufferedSource.java:240)
08-06 04:33:45.882 24686 21631 E baseline.com.newsblur.network.APIResponse: 	at okhttp3.internal.http1.Http1ExchangeCodec.readHeaderLine(Http1ExchangeCodec.java:242)
08-06 04:33:45.882 24686 21631 E baseline.com.newsblur.network.APIResponse: 	at okhttp3.internal.http1.Http1ExchangeCodec.readResponseHeaders(Http1ExchangeCodec.java:213)
08-06 04:33:45.882 24686 21631 E baseline.com.newsblur.network.APIResponse: 	... 30 more
08-06 04:33:45.883 24686 21631 I baseline.com.newsblur.network.APIManager: API call failed, pausing before retry number 2
08-06 04:33:45.960 24686 24697 I art     : Starting a blocking GC Explicit
08-06 04:33:46.013 24686 24697 I art     : Explicit concurrent mark sweep GC freed 3949(357KB) AllocSpace objects, 3(60KB) LOS objects, 29% free, 37MB/53MB, paused 1.440ms total 52.096ms
08-06 04:33:46.029 24686 24697 I art     : Starting a blocking GC Explicit
08-06 04:33:46.078 24686 24697 I art     : Explicit concurrent mark sweep GC freed 109(3KB) AllocSpace objects, 0(0B) LOS objects, 29% free, 37MB/53MB, paused 1.557ms total 48.593ms
08-06 04:33:46.091 24686 24697 I art     : Starting a blocking GC Explicit
08-06 04:33:46.140 24686 24697 I art     : Explicit concurrent mark sweep GC freed 3(96B) AllocSpace objects, 0(0B) LOS objects, 29% free, 37MB/53MB, paused 1.499ms total 49.141ms
08-06 04:33:46.154 24686 24697 I art     : Starting a blocking GC Explicit
08-06 04:33:46.204 24686 24697 I art     : Explicit concurrent mark sweep GC freed 3(96B) AllocSpace objects, 0(0B) LOS objects, 29% free, 37MB/53MB, paused 1.469ms total 49.744ms
08-06 04:33:46.217 24686 24697 I art     : Starting a blocking GC Explicit
08-06 04:33:46.266 24686 24697 I art     : Explicit concurrent mark sweep GC freed 3(96B) AllocSpace objects, 0(0B) LOS objects, 29% free, 37MB/53MB, paused 1.402ms total 48.124ms
08-06 04:33:46.663 24686 20967 I art     : Starting a blocking GC Explicit
08-06 04:33:46.714 24686 20967 I art     : Explicit concurrent mark sweep GC freed 1441(83KB) AllocSpace objects, 1(20KB) LOS objects, 29% free, 37MB/53MB, paused 1.438ms total 50.363ms
08-06 04:33:46.730 24686 20967 I art     : Starting a blocking GC Explicit
08-06 04:33:46.776 24686 20967 I art     : Explicit concurrent mark sweep GC freed 22(784B) AllocSpace objects, 0(0B) LOS objects, 29% free, 37MB/53MB, paused 1.420ms total 45.818ms
08-06 04:33:46.789 24686 20967 I art     : Starting a blocking GC Explicit
08-06 04:33:46.837 24686 20967 I art     : Explicit concurrent mark sweep GC freed 3(96B) AllocSpace objects, 0(0B) LOS objects, 29% free, 37MB/53MB, paused 1.516ms total 48.030ms
08-06 04:33:46.850 24686 20967 I art     : Starting a blocking GC Explicit
08-06 04:33:46.899 24686 20967 I art     : Explicit concurrent mark sweep GC freed 3(96B) AllocSpace objects, 0(0B) LOS objects, 29% free, 37MB/53MB, paused 1.456ms total 47.850ms
08-06 04:33:46.912 24686 20967 I art     : Starting a blocking GC Explicit
08-06 04:33:46.960 24686 20967 I art     : Explicit concurrent mark sweep GC freed 3(96B) AllocSpace objects, 0(0B) LOS objects, 29% free, 37MB/53MB, paused 1.391ms total 48.376ms
08-06 04:33:47.337 24686 24698 I art     : Starting a blocking GC Explicit
08-06 04:33:47.387 24686 24698 I art     : Explicit concurrent mark sweep GC freed 1440(84KB) AllocSpace objects, 1(20KB) LOS objects, 29% free, 37MB/53MB, paused 1.471ms total 49.967ms
08-06 04:33:47.402 24686 24698 I art     : Starting a blocking GC Explicit
08-06 04:33:47.449 24686 24698 I art     : Explicit concurrent mark sweep GC freed 22(784B) AllocSpace objects, 0(0B) LOS objects, 29% free, 37MB/53MB, paused 1.459ms total 47.488ms
08-06 04:33:47.462 24686 24698 I art     : Starting a blocking GC Explicit
08-06 04:33:47.510 24686 24698 I art     : Explicit concurrent mark sweep GC freed 3(96B) AllocSpace objects, 0(0B) LOS objects, 29% free, 37MB/53MB, paused 1.472ms total 47.357ms
08-06 04:33:47.523 24686 24698 I art     : Starting a blocking GC Explicit
08-06 04:33:47.543 13567 13567 I Atfwd_Sendcmd: AtCmdFwd service not ready - Exhausted retry attempts - :6
08-06 04:33:47.543 13567 13567 I Atfwd_Daemon: result : -1 	 ,Init step :2 	 ,qmiErrorCode: 0
08-06 04:33:47.570 24686 24698 I art     : Explicit concurrent mark sweep GC freed 3(96B) AllocSpace objects, 0(0B) LOS objects, 29% free, 37MB/53MB, paused 1.407ms total 46.911ms
08-06 04:33:47.583 24686 24698 I art     : Starting a blocking GC Explicit
08-06 04:33:47.590   518   646 I ThermalEngine: ACTION: GPU - Setting GPU[0] to 510000000
08-06 04:33:47.630 24686 24698 I art     : Explicit concurrent mark sweep GC freed 3(96B) AllocSpace objects, 0(0B) LOS objects, 29% free, 37MB/53MB, paused 1.127ms total 46.498ms
08-06 04:33:47.993 24686 20764 I art     : Starting a blocking GC Explicit
08-06 04:33:48.032 24686 20764 I art     : Explicit concurrent mark sweep GC freed 1441(82KB) AllocSpace objects, 1(20KB) LOS objects, 29% free, 37MB/53MB, paused 1.060ms total 38.438ms
08-06 04:33:48.047 24686 20764 I art     : Starting a blocking GC Explicit
08-06 04:33:48.082 24686 20764 I art     : Explicit concurrent mark sweep GC freed 22(784B) AllocSpace objects, 0(0B) LOS objects, 29% free, 37MB/53MB, paused 1.023ms total 34.382ms
08-06 04:33:48.092 24686 20764 I art     : Starting a blocking GC Explicit
08-06 04:33:48.127 24686 20764 I art     : Explicit concurrent mark sweep GC freed 3(96B) AllocSpace objects, 0(0B) LOS objects, 29% free, 37MB/53MB, paused 1.026ms total 34.735ms
08-06 04:33:48.137 24686 20764 I art     : Starting a blocking GC Explicit
08-06 04:33:48.172 24686 20764 I art     : Explicit concurrent mark sweep GC freed 3(96B) AllocSpace objects, 0(0B) LOS objects, 29% free, 37MB/53MB, paused 1.048ms total 34.842ms
08-06 04:33:48.182 24686 20764 I art     : Starting a blocking GC Explicit
08-06 04:33:48.218 24686 20764 I art     : Explicit concurrent mark sweep GC freed 3(96B) AllocSpace objects, 0(0B) LOS objects, 29% free, 37MB/53MB, paused 1.075ms total 35.557ms
08-06 04:33:48.553 24686 24697 I art     : Starting a blocking GC Explicit
08-06 04:33:48.592 24686 24697 I art     : Explicit concurrent mark sweep GC freed 1439(82KB) AllocSpace objects, 1(20KB) LOS objects, 29% free, 37MB/53MB, paused 1.061ms total 38.161ms
08-06 04:33:48.602 24686 24697 I art     : Starting a blocking GC Explicit
08-06 04:33:48.639 24686 24697 I art     : Explicit concurrent mark sweep GC freed 22(784B) AllocSpace objects, 0(0B) LOS objects, 29% free, 37MB/53MB, paused 1.106ms total 36.494ms
08-06 04:33:48.650 24686 24697 I art     : Starting a blocking GC Explicit
08-06 04:33:48.686 24686 24697 I art     : Explicit concurrent mark sweep GC freed 3(96B) AllocSpace objects, 0(0B) LOS objects, 29% free, 37MB/53MB, paused 1.133ms total 35.996ms
08-06 04:33:48.696 24686 24697 I art     : Starting a blocking GC Explicit
08-06 04:33:48.733 24686 24697 I art     : Explicit concurrent mark sweep GC freed 3(96B) AllocSpace objects, 0(0B) LOS objects, 29% free, 37MB/53MB, paused 1.041ms total 36.599ms
08-06 04:33:48.744 24686 24697 I art     : Starting a blocking GC Explicit
08-06 04:33:48.780 24686 24697 I art     : Explicit concurrent mark sweep GC freed 3(96B) AllocSpace objects, 0(0B) LOS objects, 29% free, 37MB/53MB, paused 1.058ms total 35.764ms
08-06 04:33:49.138 24686 20967 I art     : Starting a blocking GC Explicit
08-06 04:33:49.176 24686 20967 I art     : Explicit concurrent mark sweep GC freed 1603(91KB) AllocSpace objects, 1(20KB) LOS objects, 29% free, 37MB/53MB, paused 1.113ms total 37.798ms
08-06 04:33:49.189 24686 20967 I art     : Starting a blocking GC Explicit
08-06 04:33:49.224 24686 20967 I art     : Explicit concurrent mark sweep GC freed 28(1040B) AllocSpace objects, 0(0B) LOS objects, 29% free, 37MB/53MB, paused 1.054ms total 34.818ms
08-06 04:33:49.234 24686 20967 I art     : Starting a blocking GC Explicit
08-06 04:33:49.268 24686 20967 I art     : Explicit concurrent mark sweep GC freed 3(96B) AllocSpace objects, 0(0B) LOS objects, 29% free, 37MB/53MB, paused 1.046ms total 34.049ms
08-06 04:33:49.278 24686 20967 I art     : Starting a blocking GC Explicit
08-06 04:33:49.314 24686 20967 I art     : Explicit concurrent mark sweep GC freed 3(96B) AllocSpace objects, 0(0B) LOS objects, 29% free, 37MB/53MB, paused 1.094ms total 35.493ms
08-06 04:33:49.324 24686 20967 I art     : Starting a blocking GC Explicit
08-06 04:33:49.359 24686 20967 I art     : Explicit concurrent mark sweep GC freed 1662(64KB) AllocSpace objects, 0(0B) LOS objects, 29% free, 37MB/53MB, paused 1.150ms total 35.186ms
08-06 04:33:49.393 24686 21631 E baseline.com.newsblur.network.APIResponse: Error (unexpected end of stream on https://www.newsblur.com/...) calling https://www.newsblur.com/reader/mark_story_hashes_as_read/
08-06 04:33:49.393 24686 21631 E baseline.com.newsblur.network.APIResponse: java.io.IOException: unexpected end of stream on https://www.newsblur.com/...
08-06 04:33:49.393 24686 21631 E baseline.com.newsblur.network.APIResponse: 	at okhttp3.internal.http1.Http1ExchangeCodec.readResponseHeaders(Http1ExchangeCodec.java:236)
08-06 04:33:49.393 24686 21631 E baseline.com.newsblur.network.APIResponse: 	at okhttp3.internal.connection.Exchange.readResponseHeaders(Exchange.java:115)
08-06 04:33:49.393 24686 21631 E baseline.com.newsblur.network.APIResponse: 	at okhttp3.internal.http.CallServerInterceptor.intercept(CallServerInterceptor.java:94)
08-06 04:33:49.393 24686 21631 E baseline.com.newsblur.network.APIResponse: 	at okhttp3.internal.http.RealInterceptorChain.proceed(RealInterceptorChain.java:142)
08-06 04:33:49.393 24686 21631 E baseline.com.newsblur.network.APIResponse: 	at okhttp3.internal.connection.ConnectInterceptor.intercept(ConnectInterceptor.java:43)
08-06 04:33:49.393 24686 21631 E baseline.com.newsblur.network.APIResponse: 	at okhttp3.internal.http.RealInterceptorChain.proceed(RealInterceptorChain.java:142)
08-06 04:33:49.393 24686 21631 E baseline.com.newsblur.network.APIResponse: 	at okhttp3.internal.http.RealInterceptorChain.proceed(RealInterceptorChain.java:117)
08-06 04:33:49.393 24686 21631 E baseline.com.newsblur.network.APIResponse: 	at okhttp3.internal.cache.CacheInterceptor.intercept(CacheInterceptor.java:94)
08-06 04:33:49.393 24686 21631 E baseline.com.newsblur.network.APIResponse: 	at okhttp3.internal.http.RealInterceptorChain.proceed(RealInterceptorChain.java:142)
08-06 04:33:49.393 24686 21631 E baseline.com.newsblur.network.APIResponse: 	at okhttp3.internal.http.RealInterceptorChain.proceed(RealInterceptorChain.java:117)
08-06 04:33:49.393 24686 21631 E baseline.com.newsblur.network.APIResponse: 	at okhttp3.internal.http.BridgeInterceptor.intercept(BridgeInterceptor.java:93)
08-06 04:33:49.393 24686 21631 E baseline.com.newsblur.network.APIResponse: 	at okhttp3.internal.http.RealInterceptorChain.proceed(RealInterceptorChain.java:142)
08-06 04:33:49.393 24686 21631 E baseline.com.newsblur.network.APIResponse: 	at okhttp3.internal.http.RetryAndFollowUpInterceptor.intercept(RetryAndFollowUpInterceptor.java:88)
08-06 04:33:49.393 24686 21631 E baseline.com.newsblur.network.APIResponse: 	at okhttp3.internal.http.RealInterceptorChain.proceed(RealInterceptorChain.java:142)
08-06 04:33:49.393 24686 21631 E baseline.com.newsblur.network.APIResponse: 	at okhttp3.internal.http.RealInterceptorChain.proceed(RealInterceptorChain.java:117)
08-06 04:33:49.393 24686 21631 E baseline.com.newsblur.network.APIResponse: 	at okhttp3.RealCall.getResponseWithInterceptorChain(RealCall.java:229)
08-06 04:33:49.393 24686 21631 E baseline.com.newsblur.network.APIResponse: 	at okhttp3.RealCall.execute(RealCall.java:81)
08-06 04:33:49.393 24686 21631 E baseline.com.newsblur.network.APIResponse: 	at baseline.com.newsblur.network.APIResponse.<init>(APIResponse.java:57)
08-06 04:33:49.393 24686 21631 E baseline.com.newsblur.network.APIResponse: 	at baseline.com.newsblur.network.APIResponse.<init>(APIResponse.java:43)
08-06 04:33:49.393 24686 21631 E baseline.com.newsblur.network.APIResponse: 	at baseline.com.newsblur.network.APIManager.post_single(APIManager.java:702)
08-06 04:33:49.393 24686 21631 E baseline.com.newsblur.network.APIResponse: 	at baseline.com.newsblur.network.APIManager.post(APIManager.java:675)
08-06 04:33:49.393 24686 21631 E baseline.com.newsblur.network.APIResponse: 	at baseline.com.newsblur.network.APIManager.post(APIManager.java:714)
08-06 04:33:49.393 24686 21631 E baseline.com.newsblur.network.APIResponse: 	at baseline.com.newsblur.network.APIManager.markStoryAsRead(APIManager.java:205)
08-06 04:33:49.393 24686 21631 E baseline.com.newsblur.network.APIResponse: 	at baseline.com.newsblur.util.ReadingAction.doRemote(ReadingAction.java:281)
08-06 04:33:49.393 24686 21631 E baseline.com.newsblur.network.APIResponse: 	at baseline.com.newsblur.service.NBSyncService.syncActions(NBSyncService.java:400)
08-06 04:33:49.393 24686 21631 E baseline.com.newsblur.network.APIResponse: 	at baseline.com.newsblur.service.NBSyncService.doSync(NBSyncService.java:298)
08-06 04:33:49.393 24686 21631 E baseline.com.newsblur.network.APIResponse: 	at baseline.com.newsblur.service.NBSyncService.access$100(NBSyncService.java:67)
08-06 04:33:49.393 24686 21631 E baseline.com.newsblur.network.APIResponse: 	at baseline.com.newsblur.service.NBSyncService$1.run(NBSyncService.java:188)
08-06 04:33:49.393 24686 21631 E baseline.com.newsblur.network.APIResponse: 	at java.util.concurrent.ThreadPoolExecutor.runWorker(ThreadPoolExecutor.java:1113)
08-06 04:33:49.393 24686 21631 E baseline.com.newsblur.network.APIResponse: 	at java.util.concurrent.ThreadPoolExecutor$Worker.run(ThreadPoolExecutor.java:588)
08-06 04:33:49.393 24686 21631 E baseline.com.newsblur.network.APIResponse: 	at java.lang.Thread.run(Thread.java:818)
08-06 04:33:49.393 24686 21631 E baseline.com.newsblur.network.APIResponse: Caused by: java.io.EOFException: \n not found: limit=0 content=
08-06 04:33:49.393 24686 21631 E baseline.com.newsblur.network.APIResponse: 	at okio.RealBufferedSource.readUtf8LineStrict(RealBufferedSource.java:240)
08-06 04:33:49.393 24686 21631 E baseline.com.newsblur.network.APIResponse: 	at okhttp3.internal.http1.Http1ExchangeCodec.readHeaderLine(Http1ExchangeCodec.java:242)
08-06 04:33:49.393 24686 21631 E baseline.com.newsblur.network.APIResponse: 	at okhttp3.internal.http1.Http1ExchangeCodec.readResponseHeaders(Http1ExchangeCodec.java:213)
08-06 04:33:49.393 24686 21631 E baseline.com.newsblur.network.APIResponse: 	... 30 more
08-06 04:33:49.394 24686 21631 I baseline.com.newsblur.service.NBSyncService: Holding reading action with server-side or network error.
08-06 04:33:49.406 24686 21631 W baseline.com.newsblur.service.NBSyncService: hard API failure
08-06 04:33:49.418 24686 21631 I baseline.com.newsblur.service.NBSyncService: recounting dirty feed sets: 1
08-06 04:33:49.684 24686 24698 I art     : Starting a blocking GC Explicit
08-06 04:33:49.723 24686 24698 I art     : Explicit concurrent mark sweep GC freed 3146(364KB) AllocSpace objects, 5(100KB) LOS objects, 29% free, 37MB/53MB, paused 1.116ms total 38.840ms
08-06 04:33:49.733 24686 24698 I art     : Starting a blocking GC Explicit
08-06 04:33:49.770 24686 24698 I art     : Explicit concurrent mark sweep GC freed 243(9KB) AllocSpace objects, 0(0B) LOS objects, 29% free, 37MB/53MB, paused 1.005ms total 36.496ms
08-06 04:33:49.780 24686 24698 I art     : Starting a blocking GC Explicit
08-06 04:33:49.818 24686 24698 I art     : Explicit concurrent mark sweep GC freed 3(96B) AllocSpace objects, 0(0B) LOS objects, 29% free, 37MB/53MB, paused 1.230ms total 36.965ms
08-06 04:33:49.828 24686 24698 I art     : Starting a blocking GC Explicit
08-06 04:33:49.865 24686 24698 I art     : Explicit concurrent mark sweep GC freed 1597(62KB) AllocSpace objects, 0(0B) LOS objects, 29% free, 37MB/53MB, paused 1.048ms total 36.606ms
08-06 04:33:49.875 24686 24698 I art     : Starting a blocking GC Explicit
08-06 04:33:49.901 24686 21631 E baseline.com.newsblur.network.APIResponse: Error (unexpected end of stream on https://www.newsblur.com/...) calling https://www.newsblur.com/reader/feed_unread_count?feed_id=0
08-06 04:33:49.901 24686 21631 E baseline.com.newsblur.network.APIResponse: java.io.IOException: unexpected end of stream on https://www.newsblur.com/...
08-06 04:33:49.901 24686 21631 E baseline.com.newsblur.network.APIResponse: 	at okhttp3.internal.http1.Http1ExchangeCodec.readResponseHeaders(Http1ExchangeCodec.java:236)
08-06 04:33:49.901 24686 21631 E baseline.com.newsblur.network.APIResponse: 	at okhttp3.internal.connection.Exchange.readResponseHeaders(Exchange.java:115)
08-06 04:33:49.901 24686 21631 E baseline.com.newsblur.network.APIResponse: 	at okhttp3.internal.http.CallServerInterceptor.intercept(CallServerInterceptor.java:94)
08-06 04:33:49.901 24686 21631 E baseline.com.newsblur.network.APIResponse: 	at okhttp3.internal.http.RealInterceptorChain.proceed(RealInterceptorChain.java:142)
08-06 04:33:49.901 24686 21631 E baseline.com.newsblur.network.APIResponse: 	at okhttp3.internal.connection.ConnectInterceptor.intercept(ConnectInterceptor.java:43)
08-06 04:33:49.901 24686 21631 E baseline.com.newsblur.network.APIResponse: 	at okhttp3.internal.http.RealInterceptorChain.proceed(RealInterceptorChain.java:142)
08-06 04:33:49.901 24686 21631 E baseline.com.newsblur.network.APIResponse: 	at okhttp3.internal.http.RealInterceptorChain.proceed(RealInterceptorChain.java:117)
08-06 04:33:49.901 24686 21631 E baseline.com.newsblur.network.APIResponse: 	at okhttp3.internal.cache.CacheInterceptor.intercept(CacheInterceptor.java:94)
08-06 04:33:49.901 24686 21631 E baseline.com.newsblur.network.APIResponse: 	at okhttp3.internal.http.RealInterceptorChain.proceed(RealInterceptorChain.java:142)
08-06 04:33:49.901 24686 21631 E baseline.com.newsblur.network.APIResponse: 	at okhttp3.internal.http.RealInterceptorChain.proceed(RealInterceptorChain.java:117)
08-06 04:33:49.901 24686 21631 E baseline.com.newsblur.network.APIResponse: 	at okhttp3.internal.http.BridgeInterceptor.intercept(BridgeInterceptor.java:93)
08-06 04:33:49.901 24686 21631 E baseline.com.newsblur.network.APIResponse: 	at okhttp3.internal.http.RealInterceptorChain.proceed(RealInterceptorChain.java:142)
08-06 04:33:49.901 24686 21631 E baseline.com.newsblur.network.APIResponse: 	at okhttp3.internal.http.RetryAndFollowUpInterceptor.intercept(RetryAndFollowUpInterceptor.java:88)
08-06 04:33:49.901 24686 21631 E baseline.com.newsblur.network.APIResponse: 	at okhttp3.internal.http.RealInterceptorChain.proceed(RealInterceptorChain.java:142)
08-06 04:33:49.901 24686 21631 E baseline.com.newsblur.network.APIResponse: 	at okhttp3.internal.http.RealInterceptorChain.proceed(RealInterceptorChain.java:117)
08-06 04:33:49.901 24686 21631 E baseline.com.newsblur.network.APIResponse: 	at okhttp3.RealCall.getResponseWithInterceptorChain(RealCall.java:229)
08-06 04:33:49.901 24686 21631 E baseline.com.newsblur.network.APIResponse: 	at okhttp3.RealCall.execute(RealCall.java:81)
08-06 04:33:49.901 24686 21631 E baseline.com.newsblur.network.APIResponse: 	at baseline.com.newsblur.network.APIResponse.<init>(APIResponse.java:57)
08-06 04:33:49.901 24686 21631 E baseline.com.newsblur.network.APIResponse: 	at baseline.com.newsblur.network.APIManager.get_single(APIManager.java:639)
08-06 04:33:49.901 24686 21631 E baseline.com.newsblur.network.APIResponse: 	at baseline.com.newsblur.network.APIManager.get(APIManager.java:625)
08-06 04:33:49.901 24686 21631 E baseline.com.newsblur.network.APIResponse: 	at baseline.com.newsblur.network.APIManager.get(APIManager.java:667)
08-06 04:33:49.901 24686 21631 E baseline.com.newsblur.network.APIResponse: 	at baseline.com.newsblur.network.APIManager.getFeedUnreadCounts(APIManager.java:274)
08-06 04:33:49.901 24686 21631 E baseline.com.newsblur.network.APIResponse: 	at baseline.com.newsblur.service.NBSyncService.checkRecounts(NBSyncService.java:660)
08-06 04:33:49.901 24686 21631 E baseline.com.newsblur.network.APIResponse: 	at baseline.com.newsblur.service.NBSyncService.doSync(NBSyncService.java:310)
08-06 04:33:49.901 24686 21631 E baseline.com.newsblur.network.APIResponse: 	at baseline.com.newsblur.service.NBSyncService.access$100(NBSyncService.java:67)
08-06 04:33:49.901 24686 21631 E baseline.com.newsblur.network.APIResponse: 	at baseline.com.newsblur.service.NBSyncService$1.run(NBSyncService.java:188)
08-06 04:33:49.901 24686 21631 E baseline.com.newsblur.network.APIResponse: 	at java.util.concurrent.ThreadPoolExecutor.runWorker(ThreadPoolExecutor.java:1113)
08-06 04:33:49.901 24686 21631 E baseline.com.newsblur.network.APIResponse: 	at java.util.concurrent.ThreadPoolExecutor$Worker.run(ThreadPoolExecutor.java:588)
08-06 04:33:49.901 24686 21631 E baseline.com.newsblur.network.APIResponse: 	at java.lang.Thread.run(Thread.java:818)
08-06 04:33:49.901 24686 21631 E baseline.com.newsblur.network.APIResponse: Caused by: java.io.EOFException: \n not found: limit=0 content=
08-06 04:33:49.901 24686 21631 E baseline.com.newsblur.network.APIResponse: 	at okio.RealBufferedSource.readUtf8LineStrict(RealBufferedSource.java:240)
08-06 04:33:49.901 24686 21631 E baseline.com.newsblur.network.APIResponse: 	at okhttp3.internal.http1.Http1ExchangeCodec.readHeaderLine(Http1ExchangeCodec.java:242)
08-06 04:33:49.901 24686 21631 E baseline.com.newsblur.network.APIResponse: 	at okhttp3.internal.http1.Http1ExchangeCodec.readResponseHeaders(Http1ExchangeCodec.java:213)
08-06 04:33:49.901 24686 21631 E baseline.com.newsblur.network.APIResponse: 	... 28 more
08-06 04:33:49.902 24686 21631 I baseline.com.newsblur.network.APIManager: API call failed, pausing before retry number 1
08-06 04:33:49.911 24686 24698 I art     : Explicit concurrent mark sweep GC freed 846(196KB) AllocSpace objects, 2(40KB) LOS objects, 29% free, 37MB/53MB, paused 1.062ms total 36.147ms
08-06 04:33:50.283 24686 20764 I art     : Starting a blocking GC Explicit
08-06 04:33:50.321 24686 20764 I art     : Explicit concurrent mark sweep GC freed 1571(99KB) AllocSpace objects, 1(20KB) LOS objects, 29% free, 37MB/53MB, paused 970us total 37.623ms
08-06 04:33:50.331 24686 20764 I art     : Starting a blocking GC Explicit
08-06 04:33:50.367 24686 20764 I art     : Explicit concurrent mark sweep GC freed 51(1808B) AllocSpace objects, 0(0B) LOS objects, 29% free, 37MB/53MB, paused 1.066ms total 36.397ms
08-06 04:33:50.378 24686 20764 I art     : Starting a blocking GC Explicit
08-06 04:33:50.414 24686 20764 I art     : Explicit concurrent mark sweep GC freed 3(96B) AllocSpace objects, 0(0B) LOS objects, 29% free, 37MB/53MB, paused 1.053ms total 36.329ms
08-06 04:33:50.425 24686 20764 I art     : Starting a blocking GC Explicit
08-06 04:33:50.461 24686 20764 I art     : Explicit concurrent mark sweep GC freed 3(96B) AllocSpace objects, 0(0B) LOS objects, 29% free, 37MB/53MB, paused 965us total 36.130ms
08-06 04:33:50.471 24686 20764 I art     : Starting a blocking GC Explicit
08-06 04:33:50.508 24686 20764 I art     : Explicit concurrent mark sweep GC freed 3(96B) AllocSpace objects, 0(0B) LOS objects, 29% free, 37MB/53MB, paused 1.166ms total 36.495ms
08-06 04:33:50.885 24686 24697 I art     : Starting a blocking GC Explicit
08-06 04:33:50.921 24686 24697 I art     : Explicit concurrent mark sweep GC freed 2926(156KB) AllocSpace objects, 1(20KB) LOS objects, 29% free, 37MB/53MB, paused 963us total 36.159ms
08-06 04:33:50.931 24686 24697 I art     : Starting a blocking GC Explicit
08-06 04:33:50.967 24686 24697 I art     : Explicit concurrent mark sweep GC freed 1158(86KB) AllocSpace objects, 0(0B) LOS objects, 29% free, 37MB/53MB, paused 1.129ms total 35.799ms
08-06 04:33:50.977 24686 24697 I art     : Starting a blocking GC Explicit
08-06 04:33:51.012 24686 24697 I art     : Explicit concurrent mark sweep GC freed 3(96B) AllocSpace objects, 0(0B) LOS objects, 29% free, 37MB/53MB, paused 994us total 34.621ms
08-06 04:33:51.023 24686 24697 I art     : Starting a blocking GC Explicit
08-06 04:33:51.058 24686 24697 I art     : Explicit concurrent mark sweep GC freed 3(96B) AllocSpace objects, 0(0B) LOS objects, 29% free, 37MB/53MB, paused 1.038ms total 35.714ms
08-06 04:33:51.069 24686 24697 I art     : Starting a blocking GC Explicit
08-06 04:33:51.105 24686 24697 I art     : Explicit concurrent mark sweep GC freed 3(96B) AllocSpace objects, 0(0B) LOS objects, 29% free, 37MB/53MB, paused 1.011ms total 35.717ms
08-06 04:33:51.459 24686 20967 I art     : Starting a blocking GC Explicit
08-06 04:33:51.495 24686 20967 I art     : Explicit concurrent mark sweep GC freed 1582(88KB) AllocSpace objects, 1(20KB) LOS objects, 29% free, 37MB/53MB, paused 1.043ms total 35.823ms
08-06 04:33:51.505 24686 20967 I art     : Starting a blocking GC Explicit
08-06 04:33:51.539 24686 20967 I art     : Explicit concurrent mark sweep GC freed 51(3KB) AllocSpace objects, 0(0B) LOS objects, 29% free, 37MB/53MB, paused 999us total 34.338ms
08-06 04:33:51.548 24686 20967 I art     : Starting a blocking GC Explicit
08-06 04:33:51.583 24686 20967 I art     : Explicit concurrent mark sweep GC freed 3(96B) AllocSpace objects, 0(0B) LOS objects, 29% free, 37MB/53MB, paused 1.042ms total 34.621ms
08-06 04:33:51.593 24686 20967 I art     : Starting a blocking GC Explicit
08-06 04:33:51.628 24686 20967 I art     : Explicit concurrent mark sweep GC freed 3(96B) AllocSpace objects, 0(0B) LOS objects, 29% free, 37MB/53MB, paused 1.081ms total 34.941ms
08-06 04:33:51.638 24686 20967 I art     : Starting a blocking GC Explicit
08-06 04:33:51.673 24686 20967 I art     : Explicit concurrent mark sweep GC freed 3(96B) AllocSpace objects, 0(0B) LOS objects, 29% free, 37MB/53MB, paused 1.027ms total 34.924ms
08-06 04:33:51.927 24686 21631 E baseline.com.newsblur.network.APIResponse: Error (unexpected end of stream on https://www.newsblur.com/...) calling https://www.newsblur.com/reader/feed_unread_count?feed_id=0
08-06 04:33:51.927 24686 21631 E baseline.com.newsblur.network.APIResponse: java.io.IOException: unexpected end of stream on https://www.newsblur.com/...
08-06 04:33:51.927 24686 21631 E baseline.com.newsblur.network.APIResponse: 	at okhttp3.internal.http1.Http1ExchangeCodec.readResponseHeaders(Http1ExchangeCodec.java:236)
08-06 04:33:51.927 24686 21631 E baseline.com.newsblur.network.APIResponse: 	at okhttp3.internal.connection.Exchange.readResponseHeaders(Exchange.java:115)
08-06 04:33:51.927 24686 21631 E baseline.com.newsblur.network.APIResponse: 	at okhttp3.internal.http.CallServerInterceptor.intercept(CallServerInterceptor.java:94)
08-06 04:33:51.927 24686 21631 E baseline.com.newsblur.network.APIResponse: 	at okhttp3.internal.http.RealInterceptorChain.proceed(RealInterceptorChain.java:142)
08-06 04:33:51.927 24686 21631 E baseline.com.newsblur.network.APIResponse: 	at okhttp3.internal.connection.ConnectInterceptor.intercept(ConnectInterceptor.java:43)
08-06 04:33:51.927 24686 21631 E baseline.com.newsblur.network.APIResponse: 	at okhttp3.internal.http.RealInterceptorChain.proceed(RealInterceptorChain.java:142)
08-06 04:33:51.927 24686 21631 E baseline.com.newsblur.network.APIResponse: 	at okhttp3.internal.http.RealInterceptorChain.proceed(RealInterceptorChain.java:117)
08-06 04:33:51.927 24686 21631 E baseline.com.newsblur.network.APIResponse: 	at okhttp3.internal.cache.CacheInterceptor.intercept(CacheInterceptor.java:94)
08-06 04:33:51.927 24686 21631 E baseline.com.newsblur.network.APIResponse: 	at okhttp3.internal.http.RealInterceptorChain.proceed(RealInterceptorChain.java:142)
08-06 04:33:51.927 24686 21631 E baseline.com.newsblur.network.APIResponse: 	at okhttp3.internal.http.RealInterceptorChain.proceed(RealInterceptorChain.java:117)
08-06 04:33:51.927 24686 21631 E baseline.com.newsblur.network.APIResponse: 	at okhttp3.internal.http.BridgeInterceptor.intercept(BridgeInterceptor.java:93)
08-06 04:33:51.927 24686 21631 E baseline.com.newsblur.network.APIResponse: 	at okhttp3.internal.http.RealInterceptorChain.proceed(RealInterceptorChain.java:142)
08-06 04:33:51.927 24686 21631 E baseline.com.newsblur.network.APIResponse: 	at okhttp3.internal.http.RetryAndFollowUpInterceptor.intercept(RetryAndFollowUpInterceptor.java:88)
08-06 04:33:51.927 24686 21631 E baseline.com.newsblur.network.APIResponse: 	at okhttp3.internal.http.RealInterceptorChain.proceed(RealInterceptorChain.java:142)
08-06 04:33:51.927 24686 21631 E baseline.com.newsblur.network.APIResponse: 	at okhttp3.internal.http.RealInterceptorChain.proceed(RealInterceptorChain.java:117)
08-06 04:33:51.927 24686 21631 E baseline.com.newsblur.network.APIResponse: 	at okhttp3.RealCall.getResponseWithInterceptorChain(RealCall.java:229)
08-06 04:33:51.927 24686 21631 E baseline.com.newsblur.network.APIResponse: 	at okhttp3.RealCall.execute(RealCall.java:81)
08-06 04:33:51.927 24686 21631 E baseline.com.newsblur.network.APIResponse: 	at baseline.com.newsblur.network.APIResponse.<init>(APIResponse.java:57)
08-06 04:33:51.927 24686 21631 E baseline.com.newsblur.network.APIResponse: 	at baseline.com.newsblur.network.APIManager.get_single(APIManager.java:639)
08-06 04:33:51.927 24686 21631 E baseline.com.newsblur.network.APIResponse: 	at baseline.com.newsblur.network.APIManager.get(APIManager.java:625)
08-06 04:33:51.927 24686 21631 E baseline.com.newsblur.network.APIResponse: 	at baseline.com.newsblur.network.APIManager.get(APIManager.java:667)
08-06 04:33:51.927 24686 21631 E baseline.com.newsblur.network.APIResponse: 	at baseline.com.newsblur.network.APIManager.getFeedUnreadCounts(APIManager.java:274)
08-06 04:33:51.927 24686 21631 E baseline.com.newsblur.network.APIResponse: 	at baseline.com.newsblur.service.NBSyncService.checkRecounts(NBSyncService.java:660)
08-06 04:33:51.927 24686 21631 E baseline.com.newsblur.network.APIResponse: 	at baseline.com.newsblur.service.NBSyncService.doSync(NBSyncService.java:310)
08-06 04:33:51.927 24686 21631 E baseline.com.newsblur.network.APIResponse: 	at baseline.com.newsblur.service.NBSyncService.access$100(NBSyncService.java:67)
08-06 04:33:51.927 24686 21631 E baseline.com.newsblur.network.APIResponse: 	at baseline.com.newsblur.service.NBSyncService$1.run(NBSyncService.java:188)
08-06 04:33:51.927 24686 21631 E baseline.com.newsblur.network.APIResponse: 	at java.util.concurrent.ThreadPoolExecutor.runWorker(ThreadPoolExecutor.java:1113)
08-06 04:33:51.927 24686 21631 E baseline.com.newsblur.network.APIResponse: 	at java.util.concurrent.ThreadPoolExecutor$Worker.run(ThreadPoolExecutor.java:588)
08-06 04:33:51.927 24686 21631 E baseline.com.newsblur.network.APIResponse: 	at java.lang.Thread.run(Thread.java:818)
08-06 04:33:51.927 24686 21631 E baseline.com.newsblur.network.APIResponse: Caused by: java.io.EOFException: \n not found: limit=0 content=
08-06 04:33:51.927 24686 21631 E baseline.com.newsblur.network.APIResponse: 	at okio.RealBufferedSource.readUtf8LineStrict(RealBufferedSource.java:240)
08-06 04:33:51.927 24686 21631 E baseline.com.newsblur.network.APIResponse: 	at okhttp3.internal.http1.Http1ExchangeCodec.readHeaderLine(Http1ExchangeCodec.java:242)
08-06 04:33:51.927 24686 21631 E baseline.com.newsblur.network.APIResponse: 	at okhttp3.internal.http1.Http1ExchangeCodec.readResponseHeaders(Http1ExchangeCodec.java:213)
08-06 04:33:51.927 24686 21631 E baseline.com.newsblur.network.APIResponse: 	... 28 more
08-06 04:33:51.928 24686 21631 I baseline.com.newsblur.network.APIManager: API call failed, pausing before retry number 2
08-06 04:33:52.014 24686 24698 I art     : Starting a blocking GC Explicit
08-06 04:33:52.054 24686 24698 I art     : Explicit concurrent mark sweep GC freed 3926(355KB) AllocSpace objects, 3(60KB) LOS objects, 29% free, 37MB/53MB, paused 1.029ms total 39.429ms
08-06 04:33:52.069 24686 24698 I art     : Starting a blocking GC Explicit
08-06 04:33:52.103 24686 24698 I art     : Explicit concurrent mark sweep GC freed 109(3KB) AllocSpace objects, 0(0B) LOS objects, 29% free, 37MB/53MB, paused 982us total 33.590ms
08-06 04:33:52.113 24686 24698 I art     : Starting a blocking GC Explicit
08-06 04:33:52.147 24686 24698 I art     : Explicit concurrent mark sweep GC freed 3(96B) AllocSpace objects, 0(0B) LOS objects, 29% free, 37MB/53MB, paused 1.040ms total 34.238ms
08-06 04:33:52.157 24686 24698 I art     : Starting a blocking GC Explicit
08-06 04:33:52.192 24686 24698 I art     : Explicit concurrent mark sweep GC freed 3(96B) AllocSpace objects, 0(0B) LOS objects, 29% free, 37MB/53MB, paused 948us total 34.461ms
08-06 04:33:52.202 24686 24698 I art     : Starting a blocking GC Explicit
08-06 04:33:52.237 24686 24698 I art     : Explicit concurrent mark sweep GC freed 3(96B) AllocSpace objects, 0(0B) LOS objects, 29% free, 37MB/53MB, paused 967us total 34.084ms
08-06 04:33:52.585 24686 20764 I art     : Starting a blocking GC Explicit
08-06 04:33:52.622 24686 20764 I art     : Explicit concurrent mark sweep GC freed 1437(82KB) AllocSpace objects, 1(20KB) LOS objects, 29% free, 37MB/53MB, paused 1.002ms total 37.104ms
08-06 04:33:52.632 24686 20764 I art     : Starting a blocking GC Explicit
08-06 04:33:52.668 24686 20764 I art     : Explicit concurrent mark sweep GC freed 22(784B) AllocSpace objects, 0(0B) LOS objects, 29% free, 37MB/53MB, paused 1.069ms total 34.949ms
08-06 04:33:52.678 24686 20764 I art     : Starting a blocking GC Explicit
08-06 04:33:52.713 24686 20764 I art     : Explicit concurrent mark sweep GC freed 3(96B) AllocSpace objects, 0(0B) LOS objects, 29% free, 37MB/53MB, paused 1.013ms total 34.652ms
08-06 04:33:52.723 24686 20764 I art     : Starting a blocking GC Explicit
08-06 04:33:52.759 24686 20764 I art     : Explicit concurrent mark sweep GC freed 3(96B) AllocSpace objects, 0(0B) LOS objects, 29% free, 37MB/53MB, paused 1.033ms total 36.423ms
08-06 04:33:52.770 24686 20764 I art     : Starting a blocking GC Explicit
08-06 04:33:52.806 24686 20764 I art     : Explicit concurrent mark sweep GC freed 3(96B) AllocSpace objects, 0(0B) LOS objects, 29% free, 37MB/53MB, paused 1.010ms total 35.446ms
08-06 04:33:53.153 24686 24697 I art     : Starting a blocking GC Explicit
08-06 04:33:53.190 24686 24697 I art     : Explicit concurrent mark sweep GC freed 1437(82KB) AllocSpace objects, 1(20KB) LOS objects, 29% free, 37MB/53MB, paused 963us total 37.183ms
08-06 04:33:53.203 24686 24697 I art     : Starting a blocking GC Explicit
08-06 04:33:53.237 24686 24697 I art     : Explicit concurrent mark sweep GC freed 22(784B) AllocSpace objects, 0(0B) LOS objects, 29% free, 37MB/53MB, paused 1.049ms total 34.124ms
08-06 04:33:53.248 24686 24697 I art     : Starting a blocking GC Explicit
08-06 04:33:53.281 24686 24697 I art     : Explicit concurrent mark sweep GC freed 3(96B) AllocSpace objects, 0(0B) LOS objects, 29% free, 37MB/53MB, paused 973us total 33.458ms
08-06 04:33:53.291 24686 24697 I art     : Starting a blocking GC Explicit
08-06 04:33:53.327 24686 24697 I art     : Explicit concurrent mark sweep GC freed 3(96B) AllocSpace objects, 0(0B) LOS objects, 29% free, 37MB/53MB, paused 1.011ms total 34.910ms
08-06 04:33:53.337 24686 24697 I art     : Starting a blocking GC Explicit
08-06 04:33:53.372 24686 24697 I art     : Explicit concurrent mark sweep GC freed 3(96B) AllocSpace objects, 0(0B) LOS objects, 29% free, 37MB/53MB, paused 1.028ms total 34.835ms
08-06 04:33:53.694 24686 20967 I art     : Starting a blocking GC Explicit
08-06 04:33:53.731 24686 20967 I art     : Explicit concurrent mark sweep GC freed 1437(82KB) AllocSpace objects, 1(20KB) LOS objects, 29% free, 37MB/53MB, paused 1.035ms total 35.822ms
08-06 04:33:53.741 24686 20967 I art     : Starting a blocking GC Explicit
08-06 04:33:53.775 24686 20967 I art     : Explicit concurrent mark sweep GC freed 22(784B) AllocSpace objects, 0(0B) LOS objects, 29% free, 37MB/53MB, paused 998us total 34.061ms
08-06 04:33:53.785 24686 20967 I art     : Starting a blocking GC Explicit
08-06 04:33:53.819 24686 20967 I art     : Explicit concurrent mark sweep GC freed 3(96B) AllocSpace objects, 0(0B) LOS objects, 29% free, 37MB/53MB, paused 1.042ms total 34.220ms
08-06 04:33:53.829 24686 20967 I art     : Starting a blocking GC Explicit
08-06 04:33:53.864 24686 20967 I art     : Explicit concurrent mark sweep GC freed 3(96B) AllocSpace objects, 0(0B) LOS objects, 29% free, 37MB/53MB, paused 1.010ms total 34.605ms
08-06 04:33:53.874 24686 20967 I art     : Starting a blocking GC Explicit
08-06 04:33:53.908 24686 20967 I art     : Explicit concurrent mark sweep GC freed 3(96B) AllocSpace objects, 0(0B) LOS objects, 29% free, 37MB/53MB, paused 1.083ms total 33.950ms
08-06 04:33:53.969 21988 21988 D AndroidRuntime: >>>>>> START com.android.internal.os.RuntimeInit uid 2000 <<<<<<
08-06 04:33:53.974 21988 21988 D AndroidRuntime: CheckJNI is OFF
08-06 04:33:54.007 21988 21988 D ICU     : No timezone override file found: /data/misc/zoneinfo/current/icu/icu_tzdata.dat
08-06 04:33:54.040 21988 21988 I Radio-JNI: register_android_hardware_Radio DONE
08-06 04:33:54.062 21988 21988 D AndroidRuntime: Calling main entry com.android.commands.input.Input
08-06 04:33:54.064 21988 21988 I Input   : injectMotionEvent: MotionEvent { action=ACTION_DOWN, actionButton=0, id[0]=0, x[0]=436.0, y[0]=453.0, toolType[0]=TOOL_TYPE_UNKNOWN, buttonState=0, metaState=0, flags=0x0, edgeFlags=0x0, pointerCount=1, historySize=0, eventTime=851650477, downTime=851650477, deviceId=0, source=0x1002 }
08-06 04:33:54.071 21988 21988 I Input   : injectMotionEvent: MotionEvent { action=ACTION_UP, actionButton=0, id[0]=0, x[0]=436.0, y[0]=453.0, toolType[0]=TOOL_TYPE_UNKNOWN, buttonState=0, metaState=0, flags=0x0, edgeFlags=0x0, pointerCount=1, historySize=0, eventTime=851650477, downTime=851650477, deviceId=0, source=0x1002 }
08-06 04:33:54.073 21988 21988 D AndroidRuntime: Shutting down VM
08-06 04:33:54.079   918  6111 I ActivityManager: START u0 {cmp=baseline.com.newsblur/.activity.GlobalSharedStoriesReading (has extras)} from uid 10698 on display 0
08-06 04:33:54.080   512  2967 D audio_hw_primary: out_set_parameters: enter: usecase(1: low-latency-playback) kvpairs: routing=2
08-06 04:33:54.093   512  2967 D audio_hw_primary: select_devices: out_snd_device(2: speaker) in_snd_device(0: none)
08-06 04:33:54.093   512  2967 D msm8974_platform: platform_send_audio_calibration: sending audio calibration for snd_device(2) acdb_id(15)
08-06 04:33:54.093   512  2967 I soundtrigger: audio_extn_sound_trigger_update_device_status: device 0x2 of type 0 for Event 1
08-06 04:33:54.106   512  2967 D audio_hw_primary: enable_snd_device: snd_device(2: speaker)
08-06 04:33:54.108   512  2967 D audio_hw_primary: enable_audio_route: apply and update mixer path: low-latency-playback speaker
08-06 04:33:54.218 24686 20764 I art     : Starting a blocking GC Explicit
08-06 04:33:54.261 24686 20764 I art     : Explicit concurrent mark sweep GC freed 3196(263KB) AllocSpace objects, 7(568KB) LOS objects, 29% free, 37MB/53MB, paused 1.282ms total 42.188ms
08-06 04:33:54.271 24686 20764 I art     : Starting a blocking GC Explicit
08-06 04:33:54.280 13866 13866 I GoogleInputMethodServic: GoogleInputMethodService.onFinishInput():3138 
08-06 04:33:54.280   918   936 I ActivityManager: Displayed baseline.com.newsblur/.activity.GlobalSharedStoriesReading: +192ms
08-06 04:33:54.281 13866 13866 I GoogleInputMethodServic: GoogleInputMethodService.onStartInput():1808 
08-06 04:33:54.305 24686 20764 I art     : Explicit concurrent mark sweep GC freed 940(52KB) AllocSpace objects, 0(0B) LOS objects, 29% free, 37MB/53MB, paused 1.269ms total 34.282ms
08-06 04:33:54.315 24686 20764 I art     : Starting a blocking GC Explicit
08-06 04:33:54.352 24686 20764 I art     : Explicit concurrent mark sweep GC freed 1350(88KB) AllocSpace objects, 2(40KB) LOS objects, 29% free, 38MB/54MB, paused 1.366ms total 36.604ms
08-06 04:33:54.364 24686 20764 I art     : Starting a blocking GC Explicit
08-06 04:33:54.402 24686 20764 I art     : Explicit concurrent mark sweep GC freed 867(78KB) AllocSpace objects, 10(244KB) LOS objects, 29% free, 38MB/54MB, paused 1.040ms total 37.067ms
08-06 04:33:54.418 24686 20764 I art     : Starting a blocking GC Explicit
08-06 04:33:54.452 24686 20764 I art     : Explicit concurrent mark sweep GC freed 709(45KB) AllocSpace objects, 0(0B) LOS objects, 29% free, 38MB/54MB, paused 979us total 33.692ms
08-06 04:33:54.509 24686 21310 E chromium: [ERROR:tile_manager.cc(793)] WARNING: tile memory limits exceeded, some content may not draw
08-06 04:33:54.511 24686 21310 E chromium: [ERROR:tile_manager.cc(793)] WARNING: tile memory limits exceeded, some content may not draw
08-06 04:33:54.638   512  2967 D audio_hw_primary: disable_audio_route: reset and update mixer path: low-latency-playback speaker
08-06 04:33:54.639   512  2967 D audio_hw_primary: disable_snd_device: snd_device(2: speaker)
08-06 04:33:54.648   512  2967 I soundtrigger: audio_extn_sound_trigger_update_device_status: device 0x2 of type 0 for Event 0
08-06 04:33:54.787 24686 24697 I art     : Starting a blocking GC Explicit
08-06 04:33:54.823 24686 24697 I art     : Explicit concurrent mark sweep GC freed 1645(119KB) AllocSpace objects, 2(40KB) LOS objects, 29% free, 38MB/54MB, paused 935us total 35.945ms
08-06 04:33:54.832 24686 24697 I art     : Starting a blocking GC Explicit
08-06 04:33:54.867 24686 24697 I art     : Explicit concurrent mark sweep GC freed 33(1264B) AllocSpace objects, 0(0B) LOS objects, 29% free, 38MB/54MB, paused 970us total 34.296ms
08-06 04:33:54.877 24686 24697 I art     : Starting a blocking GC Explicit
08-06 04:33:54.913 24686 24697 I art     : Explicit concurrent mark sweep GC freed 3(96B) AllocSpace objects, 0(0B) LOS objects, 29% free, 38MB/54MB, paused 1.006ms total 36.207ms
08-06 04:33:54.924 24686 24697 I art     : Starting a blocking GC Explicit
08-06 04:33:54.962 24686 24697 I art     : Explicit concurrent mark sweep GC freed 113(5KB) AllocSpace objects, 0(0B) LOS objects, 29% free, 38MB/54MB, paused 1.092ms total 38.321ms
08-06 04:33:54.973 24686 24697 I art     : Starting a blocking GC Explicit
08-06 04:33:55.011 24686 24697 I art     : Explicit concurrent mark sweep GC freed 66(3KB) AllocSpace objects, 0(0B) LOS objects, 29% free, 38MB/54MB, paused 1.056ms total 38.321ms
08-06 04:33:55.327 24686 20967 I art     : Starting a blocking GC Explicit
08-06 04:33:55.365 24686 20967 I art     : Explicit concurrent mark sweep GC freed 1579(88KB) AllocSpace objects, 1(20KB) LOS objects, 29% free, 38MB/54MB, paused 1.164ms total 37.830ms
08-06 04:33:55.376 24686 20967 I art     : Starting a blocking GC Explicit
08-06 04:33:55.415 24686 20967 I art     : Explicit concurrent mark sweep GC freed 1571(61KB) AllocSpace objects, 0(0B) LOS objects, 29% free, 38MB/54MB, paused 1.061ms total 38.353ms
08-06 04:33:55.418 24686 21631 E baseline.com.newsblur.network.APIResponse: Error (unexpected end of stream on https://www.newsblur.com/...) calling https://www.newsblur.com/reader/feed_unread_count?feed_id=0
08-06 04:33:55.418 24686 21631 E baseline.com.newsblur.network.APIResponse: java.io.IOException: unexpected end of stream on https://www.newsblur.com/...
08-06 04:33:55.418 24686 21631 E baseline.com.newsblur.network.APIResponse: 	at okhttp3.internal.http1.Http1ExchangeCodec.readResponseHeaders(Http1ExchangeCodec.java:236)
08-06 04:33:55.418 24686 21631 E baseline.com.newsblur.network.APIResponse: 	at okhttp3.internal.connection.Exchange.readResponseHeaders(Exchange.java:115)
08-06 04:33:55.418 24686 21631 E baseline.com.newsblur.network.APIResponse: 	at okhttp3.internal.http.CallServerInterceptor.intercept(CallServerInterceptor.java:94)
08-06 04:33:55.418 24686 21631 E baseline.com.newsblur.network.APIResponse: 	at okhttp3.internal.http.RealInterceptorChain.proceed(RealInterceptorChain.java:142)
08-06 04:33:55.418 24686 21631 E baseline.com.newsblur.network.APIResponse: 	at okhttp3.internal.connection.ConnectInterceptor.intercept(ConnectInterceptor.java:43)
08-06 04:33:55.418 24686 21631 E baseline.com.newsblur.network.APIResponse: 	at okhttp3.internal.http.RealInterceptorChain.proceed(RealInterceptorChain.java:142)
08-06 04:33:55.418 24686 21631 E baseline.com.newsblur.network.APIResponse: 	at okhttp3.internal.http.RealInterceptorChain.proceed(RealInterceptorChain.java:117)
08-06 04:33:55.418 24686 21631 E baseline.com.newsblur.network.APIResponse: 	at okhttp3.internal.cache.CacheInterceptor.intercept(CacheInterceptor.java:94)
08-06 04:33:55.418 24686 21631 E baseline.com.newsblur.network.APIResponse: 	at okhttp3.internal.http.RealInterceptorChain.proceed(RealInterceptorChain.java:142)
08-06 04:33:55.418 24686 21631 E baseline.com.newsblur.network.APIResponse: 	at okhttp3.internal.http.RealInterceptorChain.proceed(RealInterceptorChain.java:117)
08-06 04:33:55.418 24686 21631 E baseline.com.newsblur.network.APIResponse: 	at okhttp3.internal.http.BridgeInterceptor.intercept(BridgeInterceptor.java:93)
08-06 04:33:55.418 24686 21631 E baseline.com.newsblur.network.APIResponse: 	at okhttp3.internal.http.RealInterceptorChain.proceed(RealInterceptorChain.java:142)
08-06 04:33:55.418 24686 21631 E baseline.com.newsblur.network.APIResponse: 	at okhttp3.internal.http.RetryAndFollowUpInterceptor.intercept(RetryAndFollowUpInterceptor.java:88)
08-06 04:33:55.418 24686 21631 E baseline.com.newsblur.network.APIResponse: 	at okhttp3.internal.http.RealInterceptorChain.proceed(RealInterceptorChain.java:142)
08-06 04:33:55.418 24686 21631 E baseline.com.newsblur.network.APIResponse: 	at okhttp3.internal.http.RealInterceptorChain.proceed(RealInterceptorChain.java:117)
08-06 04:33:55.418 24686 21631 E baseline.com.newsblur.network.APIResponse: 	at okhttp3.RealCall.getResponseWithInterceptorChain(RealCall.java:229)
08-06 04:33:55.418 24686 21631 E baseline.com.newsblur.network.APIResponse: 	at okhttp3.RealCall.execute(RealCall.java:81)
08-06 04:33:55.418 24686 21631 E baseline.com.newsblur.network.APIResponse: 	at baseline.com.newsblur.network.APIResponse.<init>(APIResponse.java:57)
08-06 04:33:55.418 24686 21631 E baseline.com.newsblur.network.APIResponse: 	at baseline.com.newsblur.network.APIManager.get_single(APIManager.java:639)
08-06 04:33:55.418 24686 21631 E baseline.com.newsblur.network.APIResponse: 	at baseline.com.newsblur.network.APIManager.get(APIManager.java:625)
08-06 04:33:55.418 24686 21631 E baseline.com.newsblur.network.APIResponse: 	at baseline.com.newsblur.network.APIManager.get(APIManager.java:667)
08-06 04:33:55.418 24686 21631 E baseline.com.newsblur.network.APIResponse: 	at baseline.com.newsblur.network.APIManager.getFeedUnreadCounts(APIManager.java:274)
08-06 04:33:55.418 24686 21631 E baseline.com.newsblur.network.APIResponse: 	at baseline.com.newsblur.service.NBSyncService.checkRecounts(NBSyncService.java:660)
08-06 04:33:55.418 24686 21631 E baseline.com.newsblur.network.APIResponse: 	at baseline.com.newsblur.service.NBSyncService.doSync(NBSyncService.java:310)
08-06 04:33:55.418 24686 21631 E baseline.com.newsblur.network.APIResponse: 	at baseline.com.newsblur.service.NBSyncService.access$100(NBSyncService.java:67)
08-06 04:33:55.418 24686 21631 E baseline.com.newsblur.network.APIResponse: 	at baseline.com.newsblur.service.NBSyncService$1.run(NBSyncService.java:188)
08-06 04:33:55.418 24686 21631 E baseline.com.newsblur.network.APIResponse: 	at java.util.concurrent.ThreadPoolExecutor.runWorker(ThreadPoolExecutor.java:1113)
08-06 04:33:55.418 24686 21631 E baseline.com.newsblur.network.APIResponse: 	at java.util.concurrent.ThreadPoolExecutor$Worker.run(ThreadPoolExecutor.java:588)
08-06 04:33:55.418 24686 21631 E baseline.com.newsblur.network.APIResponse: 	at java.lang.Thread.run(Thread.java:818)
08-06 04:33:55.418 24686 21631 E baseline.com.newsblur.network.APIResponse: Caused by: java.io.EOFException: \n not found: limit=0 content=
08-06 04:33:55.418 24686 21631 E baseline.com.newsblur.network.APIResponse: 	at okio.RealBufferedSource.readUtf8LineStrict(RealBufferedSource.java:240)
08-06 04:33:55.418 24686 21631 E baseline.com.newsblur.network.APIResponse: 	at okhttp3.internal.http1.Http1ExchangeCodec.readHeaderLine(Http1ExchangeCodec.java:242)
08-06 04:33:55.418 24686 21631 E baseline.com.newsblur.network.APIResponse: 	at okhttp3.internal.http1.Http1ExchangeCodec.readResponseHeaders(Http1ExchangeCodec.java:213)
08-06 04:33:55.418 24686 21631 E baseline.com.newsblur.network.APIResponse: 	... 28 more
08-06 04:33:55.420 24686 21631 W baseline.com.newsblur.service.NBSyncService: Bad response to feed_unread_count
08-06 04:33:55.425 24686 20967 I art     : Starting a blocking GC Explicit
08-06 04:33:55.464 24686 20967 I art     : Explicit concurrent mark sweep GC freed 1359(270KB) AllocSpace objects, 5(100KB) LOS objects, 29% free, 38MB/54MB, paused 1.092ms total 38.234ms
08-06 04:33:55.474 24686 20967 I art     : Starting a blocking GC Explicit
08-06 04:33:55.482   918  3261 D WifiStateMachine: starting scan for "H369AA63323"WPA_PSK with 2412,5180
08-06 04:33:55.512 24686 20967 I art     : Explicit concurrent mark sweep GC freed 87(8KB) AllocSpace objects, 0(0B) LOS objects, 29% free, 38MB/54MB, paused 1.075ms total 37.449ms
08-06 04:33:55.522 24686 20967 I art     : Starting a blocking GC Explicit
08-06 04:33:55.562 24686 20967 I art     : Explicit concurrent mark sweep GC freed 9(288B) AllocSpace objects, 0(0B) LOS objects, 29% free, 38MB/54MB, paused 1.704ms total 39.898ms
08-06 04:33:55.832 24686 21631 E baseline.com.newsblur.network.APIResponse: Error (unexpected end of stream on https://www.newsblur.com/...) calling https://www.newsblur.com/reader/mark_story_hashes_as_read/
08-06 04:33:55.832 24686 21631 E baseline.com.newsblur.network.APIResponse: java.io.IOException: unexpected end of stream on https://www.newsblur.com/...
08-06 04:33:55.832 24686 21631 E baseline.com.newsblur.network.APIResponse: 	at okhttp3.internal.http1.Http1ExchangeCodec.readResponseHeaders(Http1ExchangeCodec.java:236)
08-06 04:33:55.832 24686 21631 E baseline.com.newsblur.network.APIResponse: 	at okhttp3.internal.connection.Exchange.readResponseHeaders(Exchange.java:115)
08-06 04:33:55.832 24686 21631 E baseline.com.newsblur.network.APIResponse: 	at okhttp3.internal.http.CallServerInterceptor.intercept(CallServerInterceptor.java:94)
08-06 04:33:55.832 24686 21631 E baseline.com.newsblur.network.APIResponse: 	at okhttp3.internal.http.RealInterceptorChain.proceed(RealInterceptorChain.java:142)
08-06 04:33:55.832 24686 21631 E baseline.com.newsblur.network.APIResponse: 	at okhttp3.internal.connection.ConnectInterceptor.intercept(ConnectInterceptor.java:43)
08-06 04:33:55.832 24686 21631 E baseline.com.newsblur.network.APIResponse: 	at okhttp3.internal.http.RealInterceptorChain.proceed(RealInterceptorChain.java:142)
08-06 04:33:55.832 24686 21631 E baseline.com.newsblur.network.APIResponse: 	at okhttp3.internal.http.RealInterceptorChain.proceed(RealInterceptorChain.java:117)
08-06 04:33:55.832 24686 21631 E baseline.com.newsblur.network.APIResponse: 	at okhttp3.internal.cache.CacheInterceptor.intercept(CacheInterceptor.java:94)
08-06 04:33:55.832 24686 21631 E baseline.com.newsblur.network.APIResponse: 	at okhttp3.internal.http.RealInterceptorChain.proceed(RealInterceptorChain.java:142)
08-06 04:33:55.832 24686 21631 E baseline.com.newsblur.network.APIResponse: 	at okhttp3.internal.http.RealInterceptorChain.proceed(RealInterceptorChain.java:117)
08-06 04:33:55.832 24686 21631 E baseline.com.newsblur.network.APIResponse: 	at okhttp3.internal.http.BridgeInterceptor.intercept(BridgeInterceptor.java:93)
08-06 04:33:55.832 24686 21631 E baseline.com.newsblur.network.APIResponse: 	at okhttp3.internal.http.RealInterceptorChain.proceed(RealInterceptorChain.java:142)
08-06 04:33:55.832 24686 21631 E baseline.com.newsblur.network.APIResponse: 	at okhttp3.internal.http.RetryAndFollowUpInterceptor.intercept(RetryAndFollowUpInterceptor.java:88)
08-06 04:33:55.832 24686 21631 E baseline.com.newsblur.network.APIResponse: 	at okhttp3.internal.http.RealInterceptorChain.proceed(RealInterceptorChain.java:142)
08-06 04:33:55.832 24686 21631 E baseline.com.newsblur.network.APIResponse: 	at okhttp3.internal.http.RealInterceptorChain.proceed(RealInterceptorChain.java:117)
08-06 04:33:55.832 24686 21631 E baseline.com.newsblur.network.APIResponse: 	at okhttp3.RealCall.getResponseWithInterceptorChain(RealCall.java:229)
08-06 04:33:55.832 24686 21631 E baseline.com.newsblur.network.APIResponse: 	at okhttp3.RealCall.execute(RealCall.java:81)
08-06 04:33:55.832 24686 21631 E baseline.com.newsblur.network.APIResponse: 	at baseline.com.newsblur.network.APIResponse.<init>(APIResponse.java:57)
08-06 04:33:55.832 24686 21631 E baseline.com.newsblur.network.APIResponse: 	at baseline.com.newsblur.network.APIResponse.<init>(APIResponse.java:43)
08-06 04:33:55.832 24686 21631 E baseline.com.newsblur.network.APIResponse: 	at baseline.com.newsblur.network.APIManager.post_single(APIManager.java:702)
08-06 04:33:55.832 24686 21631 E baseline.com.newsblur.network.APIResponse: 	at baseline.com.newsblur.network.APIManager.post(APIManager.java:675)
08-06 04:33:55.832 24686 21631 E baseline.com.newsblur.network.APIResponse: 	at baseline.com.newsblur.network.APIManager.post(APIManager.java:714)
08-06 04:33:55.832 24686 21631 E baseline.com.newsblur.network.APIResponse: 	at baseline.com.newsblur.network.APIManager.markStoryAsRead(APIManager.java:205)
08-06 04:33:55.832 24686 21631 E baseline.com.newsblur.network.APIResponse: 	at baseline.com.newsblur.util.ReadingAction.doRemote(ReadingAction.java:281)
08-06 04:33:55.832 24686 21631 E baseline.com.newsblur.network.APIResponse: 	at baseline.com.newsblur.service.NBSyncService.syncActions(NBSyncService.java:400)
08-06 04:33:55.832 24686 21631 E baseline.com.newsblur.network.APIResponse: 	at baseline.com.newsblur.service.NBSyncService.doSync(NBSyncService.java:298)
08-06 04:33:55.832 24686 21631 E baseline.com.newsblur.network.APIResponse: 	at baseline.com.newsblur.service.NBSyncService.access$100(NBSyncService.java:67)
08-06 04:33:55.832 24686 21631 E baseline.com.newsblur.network.APIResponse: 	at baseline.com.newsblur.service.NBSyncService$1.run(NBSyncService.java:188)
08-06 04:33:55.832 24686 21631 E baseline.com.newsblur.network.APIResponse: 	at java.util.concurrent.ThreadPoolExecutor.runWorker(ThreadPoolExecutor.java:1113)
08-06 04:33:55.832 24686 21631 E baseline.com.newsblur.network.APIResponse: 	at java.util.concurrent.ThreadPoolExecutor$Worker.run(ThreadPoolExecutor.java:588)
08-06 04:33:55.832 24686 21631 E baseline.com.newsblur.network.APIResponse: 	at java.lang.Thread.run(Thread.java:818)
08-06 04:33:55.832 24686 21631 E baseline.com.newsblur.network.APIResponse: Caused by: java.io.EOFException: \n not found: limit=0 content=
08-06 04:33:55.832 24686 21631 E baseline.com.newsblur.network.APIResponse: 	at okio.RealBufferedSource.readUtf8LineStrict(RealBufferedSource.java:240)
08-06 04:33:55.832 24686 21631 E baseline.com.newsblur.network.APIResponse: 	at okhttp3.internal.http1.Http1ExchangeCodec.readHeaderLine(Http1ExchangeCodec.java:242)
08-06 04:33:55.832 24686 21631 E baseline.com.newsblur.network.APIResponse: 	at okhttp3.internal.http1.Http1ExchangeCodec.readResponseHeaders(Http1ExchangeCodec.java:213)
08-06 04:33:55.832 24686 21631 E baseline.com.newsblur.network.APIResponse: 	... 30 more
08-06 04:33:55.833 24686 21631 I baseline.com.newsblur.network.APIManager: API call failed, pausing before retry number 1
08-06 04:33:55.904 24686 24697 I art     : Starting a blocking GC Explicit
08-06 04:33:55.945 24686 24697 I art     : Explicit concurrent mark sweep GC freed 4007(359KB) AllocSpace objects, 3(60KB) LOS objects, 29% free, 38MB/54MB, paused 1.015ms total 40.769ms
08-06 04:33:55.956 24686 24697 I art     : Starting a blocking GC Explicit
08-06 04:33:55.994 24686 24697 I art     : Explicit concurrent mark sweep GC freed 109(3KB) AllocSpace objects, 0(0B) LOS objects, 29% free, 38MB/54MB, paused 990us total 37.771ms
08-06 04:33:56.004 24686 24697 I art     : Starting a blocking GC Explicit
08-06 04:33:56.043 24686 24697 I art     : Explicit concurrent mark sweep GC freed 3(96B) AllocSpace objects, 0(0B) LOS objects, 29% free, 38MB/54MB, paused 1.029ms total 38.630ms
08-06 04:33:56.054 24686 24697 I art     : Starting a blocking GC Explicit
08-06 04:33:56.094 24686 24697 I art     : Explicit concurrent mark sweep GC freed 3(96B) AllocSpace objects, 0(0B) LOS objects, 29% free, 38MB/54MB, paused 1.177ms total 39.584ms
08-06 04:33:56.105 24686 24697 I art     : Starting a blocking GC Explicit
08-06 04:33:56.145 24686 24697 I art     : Explicit concurrent mark sweep GC freed 3(96B) AllocSpace objects, 0(0B) LOS objects, 29% free, 38MB/54MB, paused 1.044ms total 39.632ms
08-06 04:33:56.176   918  1209 D NetworkMonitor/NetworkAgentInfo [WIFI () - 159]: Checking http://connectivitycheck.gstatic.com/generate_204 on "H369AA63323", 192.168.2.12=192.168.2.12
08-06 04:33:56.316   918  1209 D NetworkMonitor/NetworkAgentInfo [WIFI () - 159]: Probably not a portal: exception java.io.IOException: unexpected end of stream on Connection{connectivitycheck.gstatic.com:80, proxy=HTTP@/192.168.2.12:8080 hostAddress=192.168.2.12 cipherSuite=none protocol=http/1.1} (recycle count=0)
08-06 04:33:56.317   918  3263 D ConnectivityService: NetworkAgentInfo [WIFI () - 159] validation failed
08-06 04:33:56.318   918  3261 E WifiConfigStore:  rewrite network history for "H369AA63323"WPA_PSK
08-06 04:33:56.531 24686 24698 I art     : Starting a blocking GC Explicit
08-06 04:33:56.571 24686 24698 I art     : Explicit concurrent mark sweep GC freed 1444(83KB) AllocSpace objects, 1(20KB) LOS objects, 29% free, 38MB/54MB, paused 1.047ms total 39.768ms
08-06 04:33:56.582 24686 24698 I art     : Starting a blocking GC Explicit
08-06 04:33:56.621 24686 24698 I art     : Explicit concurrent mark sweep GC freed 22(784B) AllocSpace objects, 0(0B) LOS objects, 29% free, 38MB/54MB, paused 1.040ms total 38.657ms
08-06 04:33:56.631 24686 24698 I art     : Starting a blocking GC Explicit
08-06 04:33:56.670 24686 24698 I art     : Explicit concurrent mark sweep GC freed 3(96B) AllocSpace objects, 0(0B) LOS objects, 29% free, 38MB/54MB, paused 1.003ms total 38.189ms
08-06 04:33:56.681 24686 24698 I art     : Starting a blocking GC Explicit
08-06 04:33:56.720 24686 24698 I art     : Explicit concurrent mark sweep GC freed 3(96B) AllocSpace objects, 0(0B) LOS objects, 29% free, 38MB/54MB, paused 1.071ms total 38.857ms
08-06 04:33:56.730 24686 24698 I art     : Starting a blocking GC Explicit
08-06 04:33:56.769 24686 24698 I art     : Explicit concurrent mark sweep GC freed 3(96B) AllocSpace objects, 0(0B) LOS objects, 29% free, 38MB/54MB, paused 1.063ms total 39.112ms
08-06 04:33:57.120 24686 20764 I art     : Starting a blocking GC Explicit
08-06 04:33:57.160 24686 20764 I art     : Explicit concurrent mark sweep GC freed 1443(83KB) AllocSpace objects, 1(20KB) LOS objects, 29% free, 38MB/54MB, paused 1.024ms total 39.883ms
08-06 04:33:57.171 24686 20764 I art     : Starting a blocking GC Explicit
08-06 04:33:57.209 24686 20764 I art     : Explicit concurrent mark sweep GC freed 22(784B) AllocSpace objects, 0(0B) LOS objects, 29% free, 38MB/54MB, paused 1.182ms total 37.991ms
08-06 04:33:57.220 24686 20764 I art     : Starting a blocking GC Explicit
08-06 04:33:57.258 24686 20764 I art     : Explicit concurrent mark sweep GC freed 3(96B) AllocSpace objects, 0(0B) LOS objects, 29% free, 38MB/54MB, paused 1.056ms total 38.668ms
08-06 04:33:57.269 24686 20764 I art     : Starting a blocking GC Explicit
08-06 04:33:57.308 24686 20764 I art     : Explicit concurrent mark sweep GC freed 3(96B) AllocSpace objects, 0(0B) LOS objects, 29% free, 38MB/54MB, paused 1.195ms total 38.977ms
08-06 04:33:57.319 24686 20764 I art     : Starting a blocking GC Explicit
08-06 04:33:57.357 24686 20764 I art     : Explicit concurrent mark sweep GC freed 94(3KB) AllocSpace objects, 0(0B) LOS objects, 29% free, 38MB/54MB, paused 1.171ms total 38.397ms
08-06 04:33:57.700 24686 20967 I art     : Starting a blocking GC Explicit
08-06 04:33:57.742 24686 20967 I art     : Explicit concurrent mark sweep GC freed 1524(88KB) AllocSpace objects, 1(20KB) LOS objects, 29% free, 38MB/54MB, paused 1.057ms total 41.038ms
08-06 04:33:57.752 24686 20967 I art     : Starting a blocking GC Explicit
08-06 04:33:57.788 24686 20967 I art     : Explicit concurrent mark sweep GC freed 22(784B) AllocSpace objects, 0(0B) LOS objects, 29% free, 38MB/54MB, paused 1.197ms total 36.139ms
08-06 04:33:57.798 24686 20967 I art     : Starting a blocking GC Explicit
08-06 04:33:57.836 24686 20967 I art     : Explicit concurrent mark sweep GC freed 778(31KB) AllocSpace objects, 0(0B) LOS objects, 29% free, 38MB/54MB, paused 1.243ms total 38.278ms
08-06 04:33:57.847 24686 20967 I art     : Starting a blocking GC Explicit
08-06 04:33:57.885 24686 20967 I art     : Explicit concurrent mark sweep GC freed 940(34KB) AllocSpace objects, 0(0B) LOS objects, 29% free, 38MB/54MB, paused 1.049ms total 37.761ms
08-06 04:33:57.889 24686 21631 E baseline.com.newsblur.network.APIResponse: Error (unexpected end of stream on https://www.newsblur.com/...) calling https://www.newsblur.com/reader/mark_story_hashes_as_read/
08-06 04:33:57.889 24686 21631 E baseline.com.newsblur.network.APIResponse: java.io.IOException: unexpected end of stream on https://www.newsblur.com/...
08-06 04:33:57.889 24686 21631 E baseline.com.newsblur.network.APIResponse: 	at okhttp3.internal.http1.Http1ExchangeCodec.readResponseHeaders(Http1ExchangeCodec.java:236)
08-06 04:33:57.889 24686 21631 E baseline.com.newsblur.network.APIResponse: 	at okhttp3.internal.connection.Exchange.readResponseHeaders(Exchange.java:115)
08-06 04:33:57.889 24686 21631 E baseline.com.newsblur.network.APIResponse: 	at okhttp3.internal.http.CallServerInterceptor.intercept(CallServerInterceptor.java:94)
08-06 04:33:57.889 24686 21631 E baseline.com.newsblur.network.APIResponse: 	at okhttp3.internal.http.RealInterceptorChain.proceed(RealInterceptorChain.java:142)
08-06 04:33:57.889 24686 21631 E baseline.com.newsblur.network.APIResponse: 	at okhttp3.internal.connection.ConnectInterceptor.intercept(ConnectInterceptor.java:43)
08-06 04:33:57.889 24686 21631 E baseline.com.newsblur.network.APIResponse: 	at okhttp3.internal.http.RealInterceptorChain.proceed(RealInterceptorChain.java:142)
08-06 04:33:57.889 24686 21631 E baseline.com.newsblur.network.APIResponse: 	at okhttp3.internal.http.RealInterceptorChain.proceed(RealInterceptorChain.java:117)
08-06 04:33:57.889 24686 21631 E baseline.com.newsblur.network.APIResponse: 	at okhttp3.internal.cache.CacheInterceptor.intercept(CacheInterceptor.java:94)
08-06 04:33:57.889 24686 21631 E baseline.com.newsblur.network.APIResponse: 	at okhttp3.internal.http.RealInterceptorChain.proceed(RealInterceptorChain.java:142)
08-06 04:33:57.889 24686 21631 E baseline.com.newsblur.network.APIResponse: 	at okhttp3.internal.http.RealInterceptorChain.proceed(RealInterceptorChain.java:117)
08-06 04:33:57.889 24686 21631 E baseline.com.newsblur.network.APIResponse: 	at okhttp3.internal.http.BridgeInterceptor.intercept(BridgeInterceptor.java:93)
08-06 04:33:57.889 24686 21631 E baseline.com.newsblur.network.APIResponse: 	at okhttp3.internal.http.RealInterceptorChain.proceed(RealInterceptorChain.java:142)
08-06 04:33:57.889 24686 21631 E baseline.com.newsblur.network.APIResponse: 	at okhttp3.internal.http.RetryAndFollowUpInterceptor.intercept(RetryAndFollowUpInterceptor.java:88)
08-06 04:33:57.889 24686 21631 E baseline.com.newsblur.network.APIResponse: 	at okhttp3.internal.http.RealInterceptorChain.proceed(RealInterceptorChain.java:142)
08-06 04:33:57.889 24686 21631 E baseline.com.newsblur.network.APIResponse: 	at okhttp3.internal.http.RealInterceptorChain.proceed(RealInterceptorChain.java:117)
08-06 04:33:57.889 24686 21631 E baseline.com.newsblur.network.APIResponse: 	at okhttp3.RealCall.getResponseWithInterceptorChain(RealCall.java:229)
08-06 04:33:57.889 24686 21631 E baseline.com.newsblur.network.APIResponse: 	at okhttp3.RealCall.execute(RealCall.java:81)
08-06 04:33:57.889 24686 21631 E baseline.com.newsblur.network.APIResponse: 	at baseline.com.newsblur.network.APIResponse.<init>(APIResponse.java:57)
08-06 04:33:57.889 24686 21631 E baseline.com.newsblur.network.APIResponse: 	at baseline.com.newsblur.network.APIResponse.<init>(APIResponse.java:43)
08-06 04:33:57.889 24686 21631 E baseline.com.newsblur.network.APIResponse: 	at baseline.com.newsblur.network.APIManager.post_single(APIManager.java:702)
08-06 04:33:57.889 24686 21631 E baseline.com.newsblur.network.APIResponse: 	at baseline.com.newsblur.network.APIManager.post(APIManager.java:675)
08-06 04:33:57.889 24686 21631 E baseline.com.newsblur.network.APIResponse: 	at baseline.com.newsblur.network.APIManager.post(APIManager.java:714)
08-06 04:33:57.889 24686 21631 E baseline.com.newsblur.network.APIResponse: 	at baseline.com.newsblur.network.APIManager.markStoryAsRead(APIManager.java:205)
08-06 04:33:57.889 24686 21631 E baseline.com.newsblur.network.APIResponse: 	at baseline.com.newsblur.util.ReadingAction.doRemote(ReadingAction.java:281)
08-06 04:33:57.889 24686 21631 E baseline.com.newsblur.network.APIResponse: 	at baseline.com.newsblur.service.NBSyncService.syncActions(NBSyncService.java:400)
08-06 04:33:57.889 24686 21631 E baseline.com.newsblur.network.APIResponse: 	at baseline.com.newsblur.service.NBSyncService.doSync(NBSyncService.java:298)
08-06 04:33:57.889 24686 21631 E baseline.com.newsblur.network.APIResponse: 	at baseline.com.newsblur.service.NBSyncService.access$100(NBSyncService.java:67)
08-06 04:33:57.889 24686 21631 E baseline.com.newsblur.network.APIResponse: 	at baseline.com.newsblur.service.NBSyncService$1.run(NBSyncService.java:188)
08-06 04:33:57.889 24686 21631 E baseline.com.newsblur.network.APIResponse: 	at java.util.concurrent.ThreadPoolExecutor.runWorker(ThreadPoolExecutor.java:1113)
08-06 04:33:57.889 24686 21631 E baseline.com.newsblur.network.APIResponse: 	at java.util.concurrent.ThreadPoolExecutor$Worker.run(ThreadPoolExecutor.java:588)
08-06 04:33:57.889 24686 21631 E baseline.com.newsblur.network.APIResponse: 	at java.lang.Thread.run(Thread.java:818)
08-06 04:33:57.889 24686 21631 E baseline.com.newsblur.network.APIResponse: Caused by: java.io.EOFException: \n not found: limit=0 content=
08-06 04:33:57.889 24686 21631 E baseline.com.newsblur.network.APIResponse: 	at okio.RealBufferedSource.readUtf8LineStrict(RealBufferedSource.java:240)
08-06 04:33:57.889 24686 21631 E baseline.com.newsblur.network.APIResponse: 	at okhttp3.internal.http1.Http1ExchangeCodec.readHeaderLine(Http1ExchangeCodec.java:242)
08-06 04:33:57.889 24686 21631 E baseline.com.newsblur.network.APIResponse: 	at okhttp3.internal.http1.Http1ExchangeCodec.readResponseHeaders(Http1ExchangeCodec.java:213)
08-06 04:33:57.889 24686 21631 E baseline.com.newsblur.network.APIResponse: 	... 30 more
08-06 04:33:57.891 24686 21631 I baseline.com.newsblur.network.APIManager: API call failed, pausing before retry number 2
08-06 04:33:57.895 24686 20967 I art     : Starting a blocking GC Explicit
08-06 04:33:57.933 24686 20967 I art     : Explicit concurrent mark sweep GC freed 848(209KB) AllocSpace objects, 2(40KB) LOS objects, 29% free, 38MB/54MB, paused 1.036ms total 38.010ms
08-06 04:33:58.260 24686 24697 I art     : Starting a blocking GC Explicit
08-06 04:33:58.301 24686 24697 I art     : Explicit concurrent mark sweep GC freed 1492(85KB) AllocSpace objects, 1(20KB) LOS objects, 29% free, 38MB/54MB, paused 981us total 41.042ms
08-06 04:33:58.313 24686 24697 I art     : Starting a blocking GC Explicit
08-06 04:33:58.349 24686 24697 I art     : Explicit concurrent mark sweep GC freed 25(880B) AllocSpace objects, 0(0B) LOS objects, 29% free, 38MB/54MB, paused 1.031ms total 36.149ms
08-06 04:33:58.359 24686 24697 I art     : Starting a blocking GC Explicit
08-06 04:33:58.395 24686 24697 I art     : Explicit concurrent mark sweep GC freed 3(96B) AllocSpace objects, 0(0B) LOS objects, 29% free, 38MB/54MB, paused 1.037ms total 35.829ms
08-06 04:33:58.406 24686 24697 I art     : Starting a blocking GC Explicit
08-06 04:33:58.442 24686 24697 I art     : Explicit concurrent mark sweep GC freed 3(96B) AllocSpace objects, 0(0B) LOS objects, 29% free, 38MB/54MB, paused 1.088ms total 36.423ms
08-06 04:33:58.452 24686 24697 I art     : Starting a blocking GC Explicit
08-06 04:33:58.489 24686 24697 I art     : Explicit concurrent mark sweep GC freed 3(96B) AllocSpace objects, 0(0B) LOS objects, 29% free, 38MB/54MB, paused 1.038ms total 36.407ms
08-06 04:33:58.753 22093 22093 D AndroidRuntime: >>>>>> START com.android.internal.os.RuntimeInit uid 2000 <<<<<<
08-06 04:33:58.758 22093 22093 D AndroidRuntime: CheckJNI is OFF
08-06 04:33:58.791 22093 22093 D ICU     : No timezone override file found: /data/misc/zoneinfo/current/icu/icu_tzdata.dat
08-06 04:33:58.824 22093 22093 I Radio-JNI: register_android_hardware_Radio DONE
08-06 04:33:58.835 24686 24698 I art     : Starting a blocking GC Explicit
08-06 04:33:58.846 22093 22093 D AndroidRuntime: Calling main entry com.android.commands.input.Input
08-06 04:33:58.848 22093 22093 I Input   : injectKeyEvent: KeyEvent { action=ACTION_DOWN, keyCode=KEYCODE_BACK, scanCode=0, metaState=0, flags=0x0, repeatCount=0, eventTime=851655261, downTime=851655261, deviceId=-1, source=0x101 }
08-06 04:33:58.854 22093 22093 I Input   : injectKeyEvent: KeyEvent { action=ACTION_UP, keyCode=KEYCODE_BACK, scanCode=0, metaState=0, flags=0x0, repeatCount=0, eventTime=851655261, downTime=851655261, deviceId=-1, source=0x101 }
08-06 04:33:58.860 22093 22093 D AndroidRuntime: Shutting down VM
08-06 04:33:58.876 24686 24698 I art     : Explicit concurrent mark sweep GC freed 1598(106KB) AllocSpace objects, 2(40KB) LOS objects, 29% free, 38MB/54MB, paused 2.838ms total 40.464ms
08-06 04:33:58.886 24686 24698 I art     : Starting a blocking GC Explicit
08-06 04:33:58.919 24686 24698 I art     : Explicit concurrent mark sweep GC freed 96(15KB) AllocSpace objects, 1(20KB) LOS objects, 29% free, 38MB/54MB, paused 1.363ms total 32.893ms
08-06 04:33:58.928 24686 24698 I art     : Starting a blocking GC Explicit
08-06 04:33:58.963 24686 24698 I art     : Explicit concurrent mark sweep GC freed 60(3KB) AllocSpace objects, 0(0B) LOS objects, 29% free, 38MB/54MB, paused 1.240ms total 34.949ms
08-06 04:33:58.978 24686 24698 I art     : Starting a blocking GC Explicit
08-06 04:33:58.997 13866 13866 I GoogleInputMethodServic: GoogleInputMethodService.onFinishInput():3138 
08-06 04:33:58.998 13866 13866 I GoogleInputMethodServic: GoogleInputMethodService.onStartInput():1808 
08-06 04:33:59.016 24686 24698 I art     : Explicit concurrent mark sweep GC freed 1026(89KB) AllocSpace objects, 2(40KB) LOS objects, 29% free, 38MB/54MB, paused 1.101ms total 37.023ms
08-06 04:33:59.027 24686 24698 I art     : Starting a blocking GC Explicit
08-06 04:33:59.065 24686 24698 I art     : Explicit concurrent mark sweep GC freed 518(41KB) AllocSpace objects, 0(0B) LOS objects, 29% free, 38MB/54MB, paused 1.074ms total 37.731ms
08-06 04:33:59.368 24686 24698 I art     : Starting a blocking GC Explicit
08-06 04:33:59.402 24686 24698 I art     : Explicit concurrent mark sweep GC freed 2692(142KB) AllocSpace objects, 2(48KB) LOS objects, 29% free, 38MB/54MB, paused 985us total 33.548ms
08-06 04:33:59.411 24686 24698 I art     : Starting a blocking GC Explicit
08-06 04:33:59.451 24686 24698 I art     : Explicit concurrent mark sweep GC freed 155(7KB) AllocSpace objects, 0(0B) LOS objects, 29% free, 38MB/54MB, paused 1.158ms total 39.223ms
08-06 04:33:59.462 24686 24698 I art     : Starting a blocking GC Explicit
08-06 04:33:59.503 24686 24698 I art     : Explicit concurrent mark sweep GC freed 10(320B) AllocSpace objects, 0(0B) LOS objects, 29% free, 38MB/54MB, paused 1.188ms total 40.564ms
08-06 04:33:59.513 24686 24698 I art     : Starting a blocking GC Explicit
08-06 04:33:59.556 24686 24698 I art     : Explicit concurrent mark sweep GC freed 8(256B) AllocSpace objects, 0(0B) LOS objects, 29% free, 38MB/54MB, paused 1.124ms total 42.682ms
08-06 04:33:59.567 24686 24698 I art     : Starting a blocking GC Explicit
08-06 04:33:59.609 24686 24698 I art     : Explicit concurrent mark sweep GC freed 9(288B) AllocSpace objects, 0(0B) LOS objects, 29% free, 38MB/54MB, paused 1.082ms total 41.990ms
08-06 04:33:59.955 24686 20967 I art     : Starting a blocking GC Explicit
08-06 04:34:00.001 24686 20967 I art     : Explicit concurrent mark sweep GC freed 1489(84KB) AllocSpace objects, 1(20KB) LOS objects, 29% free, 38MB/54MB, paused 1.207ms total 45.756ms
08-06 04:34:00.014 24686 20967 I art     : Starting a blocking GC Explicit
08-06 04:34:00.051 24686 20967 I art     : Explicit concurrent mark sweep GC freed 29(1008B) AllocSpace objects, 0(0B) LOS objects, 29% free, 38MB/54MB, paused 944us total 36.301ms
08-06 04:34:00.062 24686 20967 I art     : Starting a blocking GC Explicit
08-06 04:34:00.098 24686 20967 I art     : Explicit concurrent mark sweep GC freed 7(224B) AllocSpace objects, 0(0B) LOS objects, 29% free, 38MB/54MB, paused 1.085ms total 35.513ms
08-06 04:34:00.109 24686 20967 I art     : Starting a blocking GC Explicit
08-06 04:34:00.144 24686 20967 I art     : Explicit concurrent mark sweep GC freed 9(288B) AllocSpace objects, 0(0B) LOS objects, 29% free, 38MB/54MB, paused 1.008ms total 35.473ms
08-06 04:34:00.154 24686 20967 I art     : Starting a blocking GC Explicit
08-06 04:34:00.190 24686 20967 I art     : Explicit concurrent mark sweep GC freed 9(288B) AllocSpace objects, 0(0B) LOS objects, 29% free, 38MB/54MB, paused 1.031ms total 35.385ms
08-06 04:34:00.509 22137 22137 D AndroidRuntime: >>>>>> START com.android.internal.os.RuntimeInit uid 2000 <<<<<<
08-06 04:34:00.513 24686 24698 I art     : Starting a blocking GC Explicit
08-06 04:34:00.514 22137 22137 D AndroidRuntime: CheckJNI is OFF
08-06 04:34:00.549 22137 22137 D ICU     : No timezone override file found: /data/misc/zoneinfo/current/icu/icu_tzdata.dat
08-06 04:34:00.552 24686 24698 I art     : Explicit concurrent mark sweep GC freed 1473(83KB) AllocSpace objects, 1(20KB) LOS objects, 29% free, 38MB/54MB, paused 1.195ms total 38.875ms
08-06 04:34:00.563 24686 24698 I art     : Starting a blocking GC Explicit
08-06 04:34:00.585 22137 22137 I Radio-JNI: register_android_hardware_Radio DONE
08-06 04:34:00.600 24686 24698 I art     : Explicit concurrent mark sweep GC freed 22(784B) AllocSpace objects, 0(0B) LOS objects, 29% free, 38MB/54MB, paused 1.085ms total 36.638ms
08-06 04:34:00.607 22137 22137 D AndroidRuntime: Calling main entry com.android.commands.input.Input
08-06 04:34:00.609 22137 22137 I Input   : injectKeyEvent: KeyEvent { action=ACTION_DOWN, keyCode=KEYCODE_BACK, scanCode=0, metaState=0, flags=0x0, repeatCount=0, eventTime=851657022, downTime=851657022, deviceId=-1, source=0x101 }
08-06 04:34:00.610 24686 24698 I art     : Starting a blocking GC Explicit
08-06 04:34:00.612   518   646 I ThermalEngine: ACTION: GPU - Setting GPU[0] to 450000000
08-06 04:34:00.621 22137 22137 I Input   : injectKeyEvent: KeyEvent { action=ACTION_UP, keyCode=KEYCODE_BACK, scanCode=0, metaState=0, flags=0x0, repeatCount=0, eventTime=851657022, downTime=851657022, deviceId=-1, source=0x101 }
08-06 04:34:00.627 22137 22137 D AndroidRuntime: Shutting down VM
08-06 04:34:00.654 24686 24698 I art     : Explicit concurrent mark sweep GC freed 323(65KB) AllocSpace objects, 4(80KB) LOS objects, 29% free, 38MB/54MB, paused 1.330ms total 44.033ms
08-06 04:34:00.667 24686 24698 I art     : Starting a blocking GC Explicit
08-06 04:34:00.711 24686 24698 I art     : Explicit concurrent mark sweep GC freed 53(2000B) AllocSpace objects, 0(0B) LOS objects, 29% free, 38MB/54MB, paused 1.527ms total 43.282ms
08-06 04:34:00.724 24686 24698 I art     : Starting a blocking GC Explicit
08-06 04:34:00.773 24686 24698 I art     : Explicit concurrent mark sweep GC freed 1792(121KB) AllocSpace objects, 3(60KB) LOS objects, 29% free, 38MB/54MB, paused 1.690ms total 48.793ms
08-06 04:34:00.818 13866 13866 I GoogleInputMethodServic: GoogleInputMethodService.onFinishInput():3138 
08-06 04:34:00.819 13866 13866 I GoogleInputMethodServic: GoogleInputMethodService.onStartInput():1808 
08-06 04:34:01.112 24686 24697 I art     : Starting a blocking GC Explicit
08-06 04:34:01.161 24686 24697 I art     : Explicit concurrent mark sweep GC freed 7810(488KB) AllocSpace objects, 6(120KB) LOS objects, 29% free, 38MB/54MB, paused 1.420ms total 48.175ms
08-06 04:34:01.174 24686 24697 I art     : Starting a blocking GC Explicit
08-06 04:34:01.221 24686 24697 I art     : Explicit concurrent mark sweep GC freed 696(29KB) AllocSpace objects, 0(0B) LOS objects, 29% free, 38MB/54MB, paused 1.340ms total 46.616ms
08-06 04:34:01.233 24686 24697 I art     : Starting a blocking GC Explicit
08-06 04:34:01.279 24686 24697 I art     : Explicit concurrent mark sweep GC freed 13(416B) AllocSpace objects, 0(0B) LOS objects, 29% free, 38MB/54MB, paused 1.454ms total 45.107ms
08-06 04:34:01.292 24686 24697 I art     : Starting a blocking GC Explicit
08-06 04:34:01.340 24686 24697 I art     : Explicit concurrent mark sweep GC freed 148(7KB) AllocSpace objects, 0(0B) LOS objects, 29% free, 38MB/54MB, paused 1.536ms total 47.533ms
08-06 04:34:01.353 24686 24697 I art     : Starting a blocking GC Explicit
08-06 04:34:01.401 24686 24697 I art     : Explicit concurrent mark sweep GC freed 10(320B) AllocSpace objects, 0(0B) LOS objects, 29% free, 38MB/54MB, paused 1.348ms total 47.559ms
08-06 04:34:01.459 24686 21631 E baseline.com.newsblur.network.APIResponse: Error (unexpected end of stream on https://www.newsblur.com/...) calling https://www.newsblur.com/reader/mark_story_hashes_as_read/
08-06 04:34:01.459 24686 21631 E baseline.com.newsblur.network.APIResponse: java.io.IOException: unexpected end of stream on https://www.newsblur.com/...
08-06 04:34:01.459 24686 21631 E baseline.com.newsblur.network.APIResponse: 	at okhttp3.internal.http1.Http1ExchangeCodec.readResponseHeaders(Http1ExchangeCodec.java:236)
08-06 04:34:01.459 24686 21631 E baseline.com.newsblur.network.APIResponse: 	at okhttp3.internal.connection.Exchange.readResponseHeaders(Exchange.java:115)
08-06 04:34:01.459 24686 21631 E baseline.com.newsblur.network.APIResponse: 	at okhttp3.internal.http.CallServerInterceptor.intercept(CallServerInterceptor.java:94)
08-06 04:34:01.459 24686 21631 E baseline.com.newsblur.network.APIResponse: 	at okhttp3.internal.http.RealInterceptorChain.proceed(RealInterceptorChain.java:142)
08-06 04:34:01.459 24686 21631 E baseline.com.newsblur.network.APIResponse: 	at okhttp3.internal.connection.ConnectInterceptor.intercept(ConnectInterceptor.java:43)
08-06 04:34:01.459 24686 21631 E baseline.com.newsblur.network.APIResponse: 	at okhttp3.internal.http.RealInterceptorChain.proceed(RealInterceptorChain.java:142)
08-06 04:34:01.459 24686 21631 E baseline.com.newsblur.network.APIResponse: 	at okhttp3.internal.http.RealInterceptorChain.proceed(RealInterceptorChain.java:117)
08-06 04:34:01.459 24686 21631 E baseline.com.newsblur.network.APIResponse: 	at okhttp3.internal.cache.CacheInterceptor.intercept(CacheInterceptor.java:94)
08-06 04:34:01.459 24686 21631 E baseline.com.newsblur.network.APIResponse: 	at okhttp3.internal.http.RealInterceptorChain.proceed(RealInterceptorChain.java:142)
08-06 04:34:01.459 24686 21631 E baseline.com.newsblur.network.APIResponse: 	at okhttp3.internal.http.RealInterceptorChain.proceed(RealInterceptorChain.java:117)
08-06 04:34:01.459 24686 21631 E baseline.com.newsblur.network.APIResponse: 	at okhttp3.internal.http.BridgeInterceptor.intercept(BridgeInterceptor.java:93)
08-06 04:34:01.459 24686 21631 E baseline.com.newsblur.network.APIResponse: 	at okhttp3.internal.http.RealInterceptorChain.proceed(RealInterceptorChain.java:142)
08-06 04:34:01.459 24686 21631 E baseline.com.newsblur.network.APIResponse: 	at okhttp3.internal.http.RetryAndFollowUpInterceptor.intercept(RetryAndFollowUpInterceptor.java:88)
08-06 04:34:01.459 24686 21631 E baseline.com.newsblur.network.APIResponse: 	at okhttp3.internal.http.RealInterceptorChain.proceed(RealInterceptorChain.java:142)
08-06 04:34:01.459 24686 21631 E baseline.com.newsblur.network.APIResponse: 	at okhttp3.internal.http.RealInterceptorChain.proceed(RealInterceptorChain.java:117)
08-06 04:34:01.459 24686 21631 E baseline.com.newsblur.network.APIResponse: 	at okhttp3.RealCall.getResponseWithInterceptorChain(RealCall.java:229)
08-06 04:34:01.459 24686 21631 E baseline.com.newsblur.network.APIResponse: 	at okhttp3.RealCall.execute(RealCall.java:81)
08-06 04:34:01.459 24686 21631 E baseline.com.newsblur.network.APIResponse: 	at baseline.com.newsblur.network.APIResponse.<init>(APIResponse.java:57)
08-06 04:34:01.459 24686 21631 E baseline.com.newsblur.network.APIResponse: 	at baseline.com.newsblur.network.APIResponse.<init>(APIResponse.java:43)
08-06 04:34:01.459 24686 21631 E baseline.com.newsblur.network.APIResponse: 	at baseline.com.newsblur.network.APIManager.post_single(APIManager.java:702)
08-06 04:34:01.459 24686 21631 E baseline.com.newsblur.network.APIResponse: 	at baseline.com.newsblur.network.APIManager.post(APIManager.java:675)
08-06 04:34:01.459 24686 21631 E baseline.com.newsblur.network.APIResponse: 	at baseline.com.newsblur.network.APIManager.post(APIManager.java:714)
08-06 04:34:01.459 24686 21631 E baseline.com.newsblur.network.APIResponse: 	at baseline.com.newsblur.network.APIManager.markStoryAsRead(APIManager.java:205)
08-06 04:34:01.459 24686 21631 E baseline.com.newsblur.network.APIResponse: 	at baseline.com.newsblur.util.ReadingAction.doRemote(ReadingAction.java:281)
08-06 04:34:01.459 24686 21631 E baseline.com.newsblur.network.APIResponse: 	at baseline.com.newsblur.service.NBSyncService.syncActions(NBSyncService.java:400)
08-06 04:34:01.459 24686 21631 E baseline.com.newsblur.network.APIResponse: 	at baseline.com.newsblur.service.NBSyncService.doSync(NBSyncService.java:298)
08-06 04:34:01.459 24686 21631 E baseline.com.newsblur.network.APIResponse: 	at baseline.com.newsblur.service.NBSyncService.access$100(NBSyncService.java:67)
08-06 04:34:01.459 24686 21631 E baseline.com.newsblur.network.APIResponse: 	at baseline.com.newsblur.service.NBSyncService$1.run(NBSyncService.java:188)
08-06 04:34:01.459 24686 21631 E baseline.com.newsblur.network.APIResponse: 	at java.util.concurrent.ThreadPoolExecutor.runWorker(ThreadPoolExecutor.java:1113)
08-06 04:34:01.459 24686 21631 E baseline.com.newsblur.network.APIResponse: 	at java.util.concurrent.ThreadPoolExecutor$Worker.run(ThreadPoolExecutor.java:588)
08-06 04:34:01.459 24686 21631 E baseline.com.newsblur.network.APIResponse: 	at java.lang.Thread.run(Thread.java:818)
08-06 04:34:01.459 24686 21631 E baseline.com.newsblur.network.APIResponse: Caused by: java.io.EOFException: \n not found: limit=0 content=
08-06 04:34:01.459 24686 21631 E baseline.com.newsblur.network.APIResponse: 	at okio.RealBufferedSource.readUtf8LineStrict(RealBufferedSource.java:240)
08-06 04:34:01.459 24686 21631 E baseline.com.newsblur.network.APIResponse: 	at okhttp3.internal.http1.Http1ExchangeCodec.readHeaderLine(Http1ExchangeCodec.java:242)
08-06 04:34:01.459 24686 21631 E baseline.com.newsblur.network.APIResponse: 	at okhttp3.internal.http1.Http1ExchangeCodec.readResponseHeaders(Http1ExchangeCodec.java:213)
08-06 04:34:01.459 24686 21631 E baseline.com.newsblur.network.APIResponse: 	... 30 more
08-06 04:34:01.461 24686 21631 I baseline.com.newsblur.service.NBSyncService: Holding reading action with server-side or network error.
08-06 04:34:01.470 24686 21631 W baseline.com.newsblur.service.NBSyncService: hard API failure
08-06 04:34:01.755 24686 24697 I art     : Starting a blocking GC Explicit
08-06 04:34:01.808 24686 24697 I art     : Explicit concurrent mark sweep GC freed 4412(408KB) AllocSpace objects, 5(100KB) LOS objects, 29% free, 38MB/54MB, paused 1.546ms total 52.016ms
08-06 04:34:01.821 24686 24697 I art     : Starting a blocking GC Explicit
08-06 04:34:01.870 24686 24697 I art     : Explicit concurrent mark sweep GC freed 1765(69KB) AllocSpace objects, 0(0B) LOS objects, 29% free, 38MB/54MB, paused 1.352ms total 48.539ms
08-06 04:34:01.874 24686 21631 E baseline.com.newsblur.network.APIResponse: Error (unexpected end of stream on https://www.newsblur.com/...) calling https://www.newsblur.com/reader/mark_story_hashes_as_read/
08-06 04:34:01.874 24686 21631 E baseline.com.newsblur.network.APIResponse: java.io.IOException: unexpected end of stream on https://www.newsblur.com/...
08-06 04:34:01.874 24686 21631 E baseline.com.newsblur.network.APIResponse: 	at okhttp3.internal.http1.Http1ExchangeCodec.readResponseHeaders(Http1ExchangeCodec.java:236)
08-06 04:34:01.874 24686 21631 E baseline.com.newsblur.network.APIResponse: 	at okhttp3.internal.connection.Exchange.readResponseHeaders(Exchange.java:115)
08-06 04:34:01.874 24686 21631 E baseline.com.newsblur.network.APIResponse: 	at okhttp3.internal.http.CallServerInterceptor.intercept(CallServerInterceptor.java:94)
08-06 04:34:01.874 24686 21631 E baseline.com.newsblur.network.APIResponse: 	at okhttp3.internal.http.RealInterceptorChain.proceed(RealInterceptorChain.java:142)
08-06 04:34:01.874 24686 21631 E baseline.com.newsblur.network.APIResponse: 	at okhttp3.internal.connection.ConnectInterceptor.intercept(ConnectInterceptor.java:43)
08-06 04:34:01.874 24686 21631 E baseline.com.newsblur.network.APIResponse: 	at okhttp3.internal.http.RealInterceptorChain.proceed(RealInterceptorChain.java:142)
08-06 04:34:01.874 24686 21631 E baseline.com.newsblur.network.APIResponse: 	at okhttp3.internal.http.RealInterceptorChain.proceed(RealInterceptorChain.java:117)
08-06 04:34:01.874 24686 21631 E baseline.com.newsblur.network.APIResponse: 	at okhttp3.internal.cache.CacheInterceptor.intercept(CacheInterceptor.java:94)
08-06 04:34:01.874 24686 21631 E baseline.com.newsblur.network.APIResponse: 	at okhttp3.internal.http.RealInterceptorChain.proceed(RealInterceptorChain.java:142)
08-06 04:34:01.874 24686 21631 E baseline.com.newsblur.network.APIResponse: 	at okhttp3.internal.http.RealInterceptorChain.proceed(RealInterceptorChain.java:117)
08-06 04:34:01.874 24686 21631 E baseline.com.newsblur.network.APIResponse: 	at okhttp3.internal.http.BridgeInterceptor.intercept(BridgeInterceptor.java:93)
08-06 04:34:01.874 24686 21631 E baseline.com.newsblur.network.APIResponse: 	at okhttp3.internal.http.RealInterceptorChain.proceed(RealInterceptorChain.java:142)
08-06 04:34:01.874 24686 21631 E baseline.com.newsblur.network.APIResponse: 	at okhttp3.internal.http.RetryAndFollowUpInterceptor.intercept(RetryAndFollowUpInterceptor.java:88)
08-06 04:34:01.874 24686 21631 E baseline.com.newsblur.network.APIResponse: 	at okhttp3.internal.http.RealInterceptorChain.proceed(RealInterceptorChain.java:142)
08-06 04:34:01.874 24686 21631 E baseline.com.newsblur.network.APIResponse: 	at okhttp3.internal.http.RealInterceptorChain.proceed(RealInterceptorChain.java:117)
08-06 04:34:01.874 24686 21631 E baseline.com.newsblur.network.APIResponse: 	at okhttp3.RealCall.getResponseWithInterceptorChain(RealCall.java:229)
08-06 04:34:01.874 24686 21631 E baseline.com.newsblur.network.APIResponse: 	at okhttp3.RealCall.execute(RealCall.java:81)
08-06 04:34:01.874 24686 21631 E baseline.com.newsblur.network.APIResponse: 	at baseline.com.newsblur.network.APIResponse.<init>(APIResponse.java:57)
08-06 04:34:01.874 24686 21631 E baseline.com.newsblur.network.APIResponse: 	at baseline.com.newsblur.network.APIResponse.<init>(APIResponse.java:43)
08-06 04:34:01.874 24686 21631 E baseline.com.newsblur.network.APIResponse: 	at baseline.com.newsblur.network.APIManager.post_single(APIManager.java:702)
08-06 04:34:01.874 24686 21631 E baseline.com.newsblur.network.APIResponse: 	at baseline.com.newsblur.network.APIManager.post(APIManager.java:675)
08-06 04:34:01.874 24686 21631 E baseline.com.newsblur.network.APIResponse: 	at baseline.com.newsblur.network.APIManager.post(APIManager.java:714)
08-06 04:34:01.874 24686 21631 E baseline.com.newsblur.network.APIResponse: 	at baseline.com.newsblur.network.APIManager.markStoryAsRead(APIManager.java:205)
08-06 04:34:01.874 24686 21631 E baseline.com.newsblur.network.APIResponse: 	at baseline.com.newsblur.util.ReadingAction.doRemote(ReadingAction.java:281)
08-06 04:34:01.874 24686 21631 E baseline.com.newsblur.network.APIResponse: 	at baseline.com.newsblur.service.NBSyncService.syncActions(NBSyncService.java:400)
08-06 04:34:01.874 24686 21631 E baseline.com.newsblur.network.APIResponse: 	at baseline.com.newsblur.service.NBSyncService.doSync(NBSyncService.java:298)
08-06 04:34:01.874 24686 21631 E baseline.com.newsblur.network.APIResponse: 	at baseline.com.newsblur.service.NBSyncService.access$100(NBSyncService.java:67)
08-06 04:34:01.874 24686 21631 E baseline.com.newsblur.network.APIResponse: 	at baseline.com.newsblur.service.NBSyncService$1.run(NBSyncService.java:188)
08-06 04:34:01.874 24686 21631 E baseline.com.newsblur.network.APIResponse: 	at java.util.concurrent.ThreadPoolExecutor.runWorker(ThreadPoolExecutor.java:1113)
08-06 04:34:01.874 24686 21631 E baseline.com.newsblur.network.APIResponse: 	at java.util.concurrent.ThreadPoolExecutor$Worker.run(ThreadPoolExecutor.java:588)
08-06 04:34:01.874 24686 21631 E baseline.com.newsblur.network.APIResponse: 	at java.lang.Thread.run(Thread.java:818)
08-06 04:34:01.874 24686 21631 E baseline.com.newsblur.network.APIResponse: Caused by: java.io.EOFException: \n not found: limit=0 content=
08-06 04:34:01.874 24686 21631 E baseline.com.newsblur.network.APIResponse: 	at okio.RealBufferedSource.readUtf8LineStrict(RealBufferedSource.java:240)
08-06 04:34:01.874 24686 21631 E baseline.com.newsblur.network.APIResponse: 	at okhttp3.internal.http1.Http1ExchangeCodec.readHeaderLine(Http1ExchangeCodec.java:242)
08-06 04:34:01.874 24686 21631 E baseline.com.newsblur.network.APIResponse: 	at okhttp3.internal.http1.Http1ExchangeCodec.readResponseHeaders(Http1ExchangeCodec.java:213)
08-06 04:34:01.874 24686 21631 E baseline.com.newsblur.network.APIResponse: 	... 30 more
08-06 04:34:01.876 24686 21631 I baseline.com.newsblur.network.APIManager: API call failed, pausing before retry number 1
08-06 04:34:01.884 24686 24697 I art     : Starting a blocking GC Explicit
08-06 04:34:01.929 24686 24697 I art     : Explicit concurrent mark sweep GC freed 953(213KB) AllocSpace objects, 2(40KB) LOS objects, 29% free, 38MB/54MB, paused 1.465ms total 44.755ms
08-06 04:34:01.941 24686 24697 I art     : Starting a blocking GC Explicit
08-06 04:34:01.984 24686 24697 I art     : Explicit concurrent mark sweep GC freed 58(2176B) AllocSpace objects, 0(0B) LOS objects, 29% free, 38MB/54MB, paused 1.342ms total 42.861ms
08-06 04:34:01.998 24686 24697 I art     : Starting a blocking GC Explicit
08-06 04:34:02.044 24686 24697 I art     : Explicit concurrent mark sweep GC freed 10(320B) AllocSpace objects, 0(0B) LOS objects, 29% free, 38MB/54MB, paused 1.399ms total 45.811ms
08-06 04:34:02.387 24686 24698 I art     : Starting a blocking GC Explicit
08-06 04:34:02.400 22180 22180 D AndroidRuntime: >>>>>> START com.android.internal.os.RuntimeInit uid 2000 <<<<<<
08-06 04:34:02.407 22180 22180 D AndroidRuntime: CheckJNI is OFF
08-06 04:34:02.439 24686 24698 I art     : Explicit concurrent mark sweep GC freed 1467(83KB) AllocSpace objects, 1(20KB) LOS objects, 29% free, 38MB/54MB, paused 1.429ms total 51.636ms
08-06 04:34:02.453 24686 24698 I art     : Starting a blocking GC Explicit
08-06 04:34:02.454 22180 22180 D ICU     : No timezone override file found: /data/misc/zoneinfo/current/icu/icu_tzdata.dat
08-06 04:34:02.502 22180 22180 I Radio-JNI: register_android_hardware_Radio DONE
08-06 04:34:02.502 24686 24698 I art     : Explicit concurrent mark sweep GC freed 22(784B) AllocSpace objects, 0(0B) LOS objects, 29% free, 38MB/54MB, paused 1.545ms total 48.998ms
08-06 04:34:02.516 24686 24698 I art     : Starting a blocking GC Explicit
08-06 04:34:02.532 22180 22180 D AndroidRuntime: Calling main entry com.android.commands.input.Input
08-06 04:34:02.534 22180 22180 I Input   : injectMotionEvent: MotionEvent { action=ACTION_DOWN, actionButton=0, id[0]=0, x[0]=553.0, y[0]=442.0, toolType[0]=TOOL_TYPE_UNKNOWN, buttonState=0, metaState=0, flags=0x0, edgeFlags=0x0, pointerCount=1, historySize=0, eventTime=851658946, downTime=851658946, deviceId=0, source=0x1002 }
08-06 04:34:02.543 22180 22180 I Input   : injectMotionEvent: MotionEvent { action=ACTION_UP, actionButton=0, id[0]=0, x[0]=553.0, y[0]=442.0, toolType[0]=TOOL_TYPE_UNKNOWN, buttonState=0, metaState=0, flags=0x0, edgeFlags=0x0, pointerCount=1, historySize=0, eventTime=851658946, downTime=851658946, deviceId=0, source=0x1002 }
08-06 04:34:02.546 22180 22180 D AndroidRuntime: Shutting down VM
08-06 04:34:02.563 24686 24698 I art     : Explicit concurrent mark sweep GC freed 46(1840B) AllocSpace objects, 0(0B) LOS objects, 29% free, 38MB/54MB, paused 1.497ms total 47.237ms
08-06 04:34:02.576 24686 24698 I art     : Starting a blocking GC Explicit
08-06 04:34:02.613   918  6111 I ActivityManager: START u0 {cmp=baseline.com.newsblur/.activity.AllSharedStoriesItemsList (has extras)} from uid 10698 on display 0
08-06 04:34:02.623 24686 24698 I art     : Explicit concurrent mark sweep GC freed 472(70KB) AllocSpace objects, 0(0B) LOS objects, 29% free, 38MB/54MB, paused 1.603ms total 46.649ms
08-06 04:34:02.637 24686 24698 I art     : Starting a blocking GC Explicit
08-06 04:34:02.646 24686 21263 I baseline.com.newsblur.database.BlurDatabaseHelper: reading session reset
08-06 04:34:02.685 24686 24698 I art     : Explicit concurrent mark sweep GC freed 1818(177KB) AllocSpace objects, 5(192KB) LOS objects, 29% free, 38MB/54MB, paused 1.484ms total 47.695ms
08-06 04:34:02.839 24686 24686 W View    : requestLayout() improperly called by android.widget.FrameLayout{34a87b6 V.E...... ......ID 0,0-1440,0 #7f07003f app:id/footer_view_inner} during layout: running second layout pass
08-06 04:34:02.839 24686 24686 W View    : requestLayout() improperly called by android.widget.FrameLayout{8d96cb7 V.E...... ......ID 0,0-1440,2091 #7f07003f app:id/footer_view_inner} during layout: running second layout pass
08-06 04:34:02.859   918   936 I ActivityManager: Displayed baseline.com.newsblur/.activity.AllSharedStoriesItemsList: +236ms
08-06 04:34:02.860 13866 13866 I GoogleInputMethodServic: GoogleInputMethodService.onFinishInput():3138 
08-06 04:34:02.861 13866 13866 I GoogleInputMethodServic: GoogleInputMethodService.onStartInput():1808 
08-06 04:34:02.969 24686 22213 I NAPPA_EXPERIMENTATION: MetricNetworkRequestExecutionTime: REQUEST_DURATION_SYSTEM='58',REQUEST_DURATION_OKHTTP='57',REQUEST_SYNCHRONOUS='TRUE',RESPONSE_CODE='200',RESPONSE_METHOD='GET',RESPONSE_LENGTH_OKHTTP='43',RESPONSE_LENGTH_HEADER='43',REQUEST_PROTOCOL='http/1.1',REQUEST_URL='http://feeds.feedburner.com/~r/retort/~4/UffaFMiJbNs',
08-06 04:34:03.032 24686 24697 I art     : Starting a blocking GC Explicit
08-06 04:34:03.071 24686 21000 I NAPPA_EXPERIMENTATION: MetricNetworkRequestExecutionTime: REQUEST_DURATION_SYSTEM='143',REQUEST_DURATION_OKHTTP='142',REQUEST_SYNCHRONOUS='TRUE',RESPONSE_CODE='200',RESPONSE_METHOD='GET',RESPONSE_LENGTH_OKHTTP='56376',RESPONSE_LENGTH_HEADER='56376',REQUEST_PROTOCOL='h2',REQUEST_URL='https://images.fastcompany.net/image/upload/w_1280,q_auto,f_auto,fl_lossy/wp-cms/uploads/2020/07/p-1-quit-after-covid.jpg',
08-06 04:34:03.080 24686 24697 I art     : Explicit concurrent mark sweep GC freed 4722(349KB) AllocSpace objects, 12(240KB) LOS objects, 29% free, 38MB/54MB, paused 1.349ms total 48.224ms
08-06 04:34:03.093 24686 24697 I art     : Starting a blocking GC Explicit
08-06 04:34:03.140 24686 24697 I art     : Explicit concurrent mark sweep GC freed 579(38KB) AllocSpace objects, 1(20KB) LOS objects, 27% free, 42MB/58MB, paused 1.464ms total 46.356ms
08-06 04:34:03.153 24686 24697 I art     : Starting a blocking GC Explicit
08-06 04:34:03.198 24686 24697 I art     : Explicit concurrent mark sweep GC freed 95(3KB) AllocSpace objects, 3(3MB) LOS objects, 28% free, 40MB/56MB, paused 1.341ms total 45.150ms
08-06 04:34:03.211 24686 24697 I art     : Starting a blocking GC Explicit
08-06 04:34:03.257 24686 24697 I art     : Explicit concurrent mark sweep GC freed 73(2864B) AllocSpace objects, 0(0B) LOS objects, 28% free, 40MB/56MB, paused 1.309ms total 45.440ms
08-06 04:34:03.271 24686 24697 I art     : Starting a blocking GC Explicit
08-06 04:34:03.321 24686 24697 I art     : Explicit concurrent mark sweep GC freed 151(6KB) AllocSpace objects, 0(0B) LOS objects, 28% free, 40MB/56MB, paused 1.328ms total 49.924ms
08-06 04:34:03.669 24686 24698 I art     : Starting a blocking GC Explicit
08-06 04:34:03.726 24686 24698 I art     : Explicit concurrent mark sweep GC freed 1633(92KB) AllocSpace objects, 1(20KB) LOS objects, 28% free, 40MB/56MB, paused 1.478ms total 56.610ms
08-06 04:34:03.739 24686 24698 I art     : Starting a blocking GC Explicit
08-06 04:34:03.789 24686 24698 I art     : Explicit concurrent mark sweep GC freed 32(1168B) AllocSpace objects, 0(0B) LOS objects, 28% free, 40MB/56MB, paused 1.435ms total 49.159ms
08-06 04:34:03.802 24686 24698 I art     : Starting a blocking GC Explicit
08-06 04:34:03.851 24686 24698 I art     : Explicit concurrent mark sweep GC freed 6(192B) AllocSpace objects, 0(0B) LOS objects, 28% free, 40MB/56MB, paused 1.343ms total 48.949ms
08-06 04:34:03.865 24686 24698 I art     : Starting a blocking GC Explicit
08-06 04:34:03.914 24686 24698 I art     : Explicit concurrent mark sweep GC freed 1606(63KB) AllocSpace objects, 0(0B) LOS objects, 28% free, 40MB/56MB, paused 1.444ms total 49.054ms
08-06 04:34:03.919 24686 21631 E baseline.com.newsblur.network.APIResponse: Error (unexpected end of stream on https://www.newsblur.com/...) calling https://www.newsblur.com/reader/mark_story_hashes_as_read/
08-06 04:34:03.919 24686 21631 E baseline.com.newsblur.network.APIResponse: java.io.IOException: unexpected end of stream on https://www.newsblur.com/...
08-06 04:34:03.919 24686 21631 E baseline.com.newsblur.network.APIResponse: 	at okhttp3.internal.http1.Http1ExchangeCodec.readResponseHeaders(Http1ExchangeCodec.java:236)
08-06 04:34:03.919 24686 21631 E baseline.com.newsblur.network.APIResponse: 	at okhttp3.internal.connection.Exchange.readResponseHeaders(Exchange.java:115)
08-06 04:34:03.919 24686 21631 E baseline.com.newsblur.network.APIResponse: 	at okhttp3.internal.http.CallServerInterceptor.intercept(CallServerInterceptor.java:94)
08-06 04:34:03.919 24686 21631 E baseline.com.newsblur.network.APIResponse: 	at okhttp3.internal.http.RealInterceptorChain.proceed(RealInterceptorChain.java:142)
08-06 04:34:03.919 24686 21631 E baseline.com.newsblur.network.APIResponse: 	at okhttp3.internal.connection.ConnectInterceptor.intercept(ConnectInterceptor.java:43)
08-06 04:34:03.919 24686 21631 E baseline.com.newsblur.network.APIResponse: 	at okhttp3.internal.http.RealInterceptorChain.proceed(RealInterceptorChain.java:142)
08-06 04:34:03.919 24686 21631 E baseline.com.newsblur.network.APIResponse: 	at okhttp3.internal.http.RealInterceptorChain.proceed(RealInterceptorChain.java:117)
08-06 04:34:03.919 24686 21631 E baseline.com.newsblur.network.APIResponse: 	at okhttp3.internal.cache.CacheInterceptor.intercept(CacheInterceptor.java:94)
08-06 04:34:03.919 24686 21631 E baseline.com.newsblur.network.APIResponse: 	at okhttp3.internal.http.RealInterceptorChain.proceed(RealInterceptorChain.java:142)
08-06 04:34:03.919 24686 21631 E baseline.com.newsblur.network.APIResponse: 	at okhttp3.internal.http.RealInterceptorChain.proceed(RealInterceptorChain.java:117)
08-06 04:34:03.919 24686 21631 E baseline.com.newsblur.network.APIResponse: 	at okhttp3.internal.http.BridgeInterceptor.intercept(BridgeInterceptor.java:93)
08-06 04:34:03.919 24686 21631 E baseline.com.newsblur.network.APIResponse: 	at okhttp3.internal.http.RealInterceptorChain.proceed(RealInterceptorChain.java:142)
08-06 04:34:03.919 24686 21631 E baseline.com.newsblur.network.APIResponse: 	at okhttp3.internal.http.RetryAndFollowUpInterceptor.intercept(RetryAndFollowUpInterceptor.java:88)
08-06 04:34:03.919 24686 21631 E baseline.com.newsblur.network.APIResponse: 	at okhttp3.internal.http.RealInterceptorChain.proceed(RealInterceptorChain.java:142)
08-06 04:34:03.919 24686 21631 E baseline.com.newsblur.network.APIResponse: 	at okhttp3.internal.http.RealInterceptorChain.proceed(RealInterceptorChain.java:117)
08-06 04:34:03.919 24686 21631 E baseline.com.newsblur.network.APIResponse: 	at okhttp3.RealCall.getResponseWithInterceptorChain(RealCall.java:229)
08-06 04:34:03.919 24686 21631 E baseline.com.newsblur.network.APIResponse: 	at okhttp3.RealCall.execute(RealCall.java:81)
08-06 04:34:03.919 24686 21631 E baseline.com.newsblur.network.APIResponse: 	at baseline.com.newsblur.network.APIResponse.<init>(APIResponse.java:57)
08-06 04:34:03.919 24686 21631 E baseline.com.newsblur.network.APIResponse: 	at baseline.com.newsblur.network.APIResponse.<init>(APIResponse.java:43)
08-06 04:34:03.919 24686 21631 E baseline.com.newsblur.network.APIResponse: 	at baseline.com.newsblur.network.APIManager.post_single(APIManager.java:702)
08-06 04:34:03.919 24686 21631 E baseline.com.newsblur.network.APIResponse: 	at baseline.com.newsblur.network.APIManager.post(APIManager.java:675)
08-06 04:34:03.919 24686 21631 E baseline.com.newsblur.network.APIResponse: 	at baseline.com.newsblur.network.APIManager.post(APIManager.java:714)
08-06 04:34:03.919 24686 21631 E baseline.com.newsblur.network.APIResponse: 	at baseline.com.newsblur.network.APIManager.markStoryAsRead(APIManager.java:205)
08-06 04:34:03.919 24686 21631 E baseline.com.newsblur.network.APIResponse: 	at baseline.com.newsblur.util.ReadingAction.doRemote(ReadingAction.java:281)
08-06 04:34:03.919 24686 21631 E baseline.com.newsblur.network.APIResponse: 	at baseline.com.newsblur.service.NBSyncService.syncActions(NBSyncService.java:400)
08-06 04:34:03.919 24686 21631 E baseline.com.newsblur.network.APIResponse: 	at baseline.com.newsblur.service.NBSyncService.doSync(NBSyncService.java:298)
08-06 04:34:03.919 24686 21631 E baseline.com.newsblur.network.APIResponse: 	at baseline.com.newsblur.service.NBSyncService.access$100(NBSyncService.java:67)
08-06 04:34:03.919 24686 21631 E baseline.com.newsblur.network.APIResponse: 	at baseline.com.newsblur.service.NBSyncService$1.run(NBSyncService.java:188)
08-06 04:34:03.919 24686 21631 E baseline.com.newsblur.network.APIResponse: 	at java.util.concurrent.ThreadPoolExecutor.runWorker(ThreadPoolExecutor.java:1113)
08-06 04:34:03.919 24686 21631 E baseline.com.newsblur.network.APIResponse: 	at java.util.concurrent.ThreadPoolExecutor$Worker.run(ThreadPoolExecutor.java:588)
08-06 04:34:03.919 24686 21631 E baseline.com.newsblur.network.APIResponse: 	at java.lang.Thread.run(Thread.java:818)
08-06 04:34:03.919 24686 21631 E baseline.com.newsblur.network.APIResponse: Caused by: java.io.EOFException: \n not found: limit=0 content=
08-06 04:34:03.919 24686 21631 E baseline.com.newsblur.network.APIResponse: 	at okio.RealBufferedSource.readUtf8LineStrict(RealBufferedSource.java:240)
08-06 04:34:03.919 24686 21631 E baseline.com.newsblur.network.APIResponse: 	at okhttp3.internal.http1.Http1ExchangeCodec.readHeaderLine(Http1ExchangeCodec.java:242)
08-06 04:34:03.919 24686 21631 E baseline.com.newsblur.network.APIResponse: 	at okhttp3.internal.http1.Http1ExchangeCodec.readResponseHeaders(Http1ExchangeCodec.java:213)
08-06 04:34:03.919 24686 21631 E baseline.com.newsblur.network.APIResponse: 	... 30 more
08-06 04:34:03.920 24686 21631 I baseline.com.newsblur.network.APIManager: API call failed, pausing before retry number 2
08-06 04:34:03.927 24686 24698 I art     : Starting a blocking GC Explicit
08-06 04:34:03.976 24686 24698 I art     : Explicit concurrent mark sweep GC freed 967(213KB) AllocSpace objects, 2(40KB) LOS objects, 28% free, 40MB/56MB, paused 1.430ms total 48.653ms
08-06 04:34:04.341 24686 20764 I art     : Starting a blocking GC Explicit
08-06 04:34:04.393 24686 20764 I art     : Explicit concurrent mark sweep GC freed 1550(86KB) AllocSpace objects, 1(20KB) LOS objects, 28% free, 40MB/56MB, paused 1.389ms total 52.018ms
08-06 04:34:04.407 24686 20764 I art     : Starting a blocking GC Explicit
08-06 04:34:04.457 24686 20764 I art     : Explicit concurrent mark sweep GC freed 26(912B) AllocSpace objects, 0(0B) LOS objects, 28% free, 40MB/56MB, paused 1.422ms total 50.414ms
08-06 04:34:04.458 24686 24696 I art     : WaitForGcToComplete blocked for 50.710ms for cause HeapTrim
08-06 04:34:04.471 24686 20764 I art     : Starting a blocking GC Explicit
08-06 04:34:04.522 24686 20764 I art     : Explicit concurrent mark sweep GC freed 7(224B) AllocSpace objects, 0(0B) LOS objects, 28% free, 40MB/56MB, paused 1.348ms total 50.321ms
08-06 04:34:04.536 24686 20764 I art     : Starting a blocking GC Explicit
08-06 04:34:04.587 24686 20764 I art     : Explicit concurrent mark sweep GC freed 7(224B) AllocSpace objects, 0(0B) LOS objects, 28% free, 40MB/56MB, paused 1.499ms total 50.820ms
08-06 04:34:04.601 24686 20764 I art     : Starting a blocking GC Explicit
08-06 04:34:04.652 24686 20764 I art     : Explicit concurrent mark sweep GC freed 6(192B) AllocSpace objects, 0(0B) LOS objects, 28% free, 40MB/56MB, paused 1.372ms total 50.167ms
08-06 04:34:05.048 24686 24697 I art     : Starting a blocking GC Explicit
08-06 04:34:05.102 24686 24697 I art     : Explicit concurrent mark sweep GC freed 1473(84KB) AllocSpace objects, 1(20KB) LOS objects, 28% free, 40MB/56MB, paused 1.389ms total 53.930ms
08-06 04:34:05.115 24686 24697 I art     : Starting a blocking GC Explicit
08-06 04:34:05.166 24686 24697 I art     : Explicit concurrent mark sweep GC freed 26(912B) AllocSpace objects, 0(0B) LOS objects, 28% free, 40MB/56MB, paused 1.409ms total 50.584ms
08-06 04:34:05.180 24686 24697 I art     : Starting a blocking GC Explicit
08-06 04:34:05.232 24686 24697 I art     : Explicit concurrent mark sweep GC freed 7(224B) AllocSpace objects, 0(0B) LOS objects, 28% free, 40MB/56MB, paused 1.507ms total 52.149ms
08-06 04:34:05.246 24686 24697 I art     : Starting a blocking GC Explicit
08-06 04:34:05.295 24686 24697 I art     : Explicit concurrent mark sweep GC freed 7(224B) AllocSpace objects, 0(0B) LOS objects, 28% free, 40MB/56MB, paused 1.349ms total 49.239ms
08-06 04:34:05.309 24686 24697 I art     : Starting a blocking GC Explicit
08-06 04:34:05.360 24686 24697 I art     : Explicit concurrent mark sweep GC freed 7(224B) AllocSpace objects, 0(0B) LOS objects, 28% free, 40MB/56MB, paused 1.413ms total 50.779ms
08-06 04:34:05.729 24686 20764 I art     : Starting a blocking GC Explicit
08-06 04:34:05.781 24686 20764 I art     : Explicit concurrent mark sweep GC freed 1471(84KB) AllocSpace objects, 1(20KB) LOS objects, 28% free, 40MB/56MB, paused 1.420ms total 51.216ms
08-06 04:34:05.795 24686 20764 I art     : Starting a blocking GC Explicit
08-06 04:34:05.846 24686 20764 I art     : Explicit concurrent mark sweep GC freed 26(912B) AllocSpace objects, 0(0B) LOS objects, 28% free, 40MB/56MB, paused 1.370ms total 50.873ms
08-06 04:34:05.859 24686 20764 I art     : Starting a blocking GC Explicit
08-06 04:34:05.909 24686 20764 I art     : Explicit concurrent mark sweep GC freed 7(224B) AllocSpace objects, 0(0B) LOS objects, 28% free, 40MB/56MB, paused 1.364ms total 49.832ms
08-06 04:34:05.923 24686 20764 I art     : Starting a blocking GC Explicit
08-06 04:34:05.975 24686 20764 I art     : Explicit concurrent mark sweep GC freed 7(224B) AllocSpace objects, 0(0B) LOS objects, 28% free, 40MB/56MB, paused 1.464ms total 51.418ms
08-06 04:34:05.989 24686 20764 I art     : Starting a blocking GC Explicit
08-06 04:34:06.038 24686 20764 I art     : Explicit concurrent mark sweep GC freed 6(192B) AllocSpace objects, 0(0B) LOS objects, 28% free, 40MB/56MB, paused 1.648ms total 49.545ms
08-06 04:34:06.438 24686 24697 I art     : Starting a blocking GC Explicit
08-06 04:34:06.491 24686 24697 I art     : Explicit concurrent mark sweep GC freed 1473(83KB) AllocSpace objects, 1(20KB) LOS objects, 28% free, 40MB/56MB, paused 1.522ms total 52.795ms
08-06 04:34:06.505 24686 24697 I art     : Starting a blocking GC Explicit
08-06 04:34:06.556 24686 24697 I art     : Explicit concurrent mark sweep GC freed 25(880B) AllocSpace objects, 0(0B) LOS objects, 28% free, 40MB/56MB, paused 1.479ms total 50.337ms
08-06 04:34:06.568   918  3188 I hubconnection: sensorhub said: 'set_bias 3: -5.0112, 0.0000, 0.0000'
08-06 04:34:06.569 24686 24697 I art     : Starting a blocking GC Explicit
08-06 04:34:06.620 24686 24697 I art     : Explicit concurrent mark sweep GC freed 7(224B) AllocSpace objects, 0(0B) LOS objects, 28% free, 40MB/56MB, paused 1.437ms total 51.100ms
08-06 04:34:06.634 24686 24697 I art     : Starting a blocking GC Explicit
08-06 04:34:06.684 24686 24697 I art     : Explicit concurrent mark sweep GC freed 7(224B) AllocSpace objects, 0(0B) LOS objects, 28% free, 40MB/56MB, paused 1.516ms total 49.722ms
08-06 04:34:06.698 24686 24697 I art     : Starting a blocking GC Explicit
08-06 04:34:06.748 24686 24697 I art     : Explicit concurrent mark sweep GC freed 7(224B) AllocSpace objects, 0(0B) LOS objects, 28% free, 40MB/56MB, paused 1.475ms total 50.261ms
08-06 04:34:07.131 24686 24698 I art     : Starting a blocking GC Explicit
08-06 04:34:07.184 24686 24698 I art     : Explicit concurrent mark sweep GC freed 1635(92KB) AllocSpace objects, 1(20KB) LOS objects, 28% free, 40MB/56MB, paused 1.586ms total 52.007ms
08-06 04:34:07.197 24686 24698 I art     : Starting a blocking GC Explicit
08-06 04:34:07.249 24686 24698 I art     : Explicit concurrent mark sweep GC freed 32(1168B) AllocSpace objects, 0(0B) LOS objects, 28% free, 40MB/56MB, paused 1.602ms total 51.232ms
08-06 04:34:07.263 24686 24698 I art     : Starting a blocking GC Explicit
08-06 04:34:07.313 24686 24698 I art     : Explicit concurrent mark sweep GC freed 7(224B) AllocSpace objects, 0(0B) LOS objects, 28% free, 40MB/56MB, paused 1.548ms total 49.769ms
08-06 04:34:07.326 24686 24698 I art     : Starting a blocking GC Explicit
08-06 04:34:07.378 24686 24698 I art     : Explicit concurrent mark sweep GC freed 7(224B) AllocSpace objects, 0(0B) LOS objects, 28% free, 40MB/56MB, paused 1.810ms total 51.999ms
08-06 04:34:07.392 24686 24698 I art     : Starting a blocking GC Explicit
08-06 04:34:07.441 24686 24698 I art     : Explicit concurrent mark sweep GC freed 7(224B) AllocSpace objects, 0(0B) LOS objects, 28% free, 40MB/56MB, paused 1.462ms total 48.917ms
08-06 04:34:07.512 24686 21631 E baseline.com.newsblur.network.APIResponse: Error (unexpected end of stream on https://www.newsblur.com/...) calling https://www.newsblur.com/reader/mark_story_hashes_as_read/
08-06 04:34:07.512 24686 21631 E baseline.com.newsblur.network.APIResponse: java.io.IOException: unexpected end of stream on https://www.newsblur.com/...
08-06 04:34:07.512 24686 21631 E baseline.com.newsblur.network.APIResponse: 	at okhttp3.internal.http1.Http1ExchangeCodec.readResponseHeaders(Http1ExchangeCodec.java:236)
08-06 04:34:07.512 24686 21631 E baseline.com.newsblur.network.APIResponse: 	at okhttp3.internal.connection.Exchange.readResponseHeaders(Exchange.java:115)
08-06 04:34:07.512 24686 21631 E baseline.com.newsblur.network.APIResponse: 	at okhttp3.internal.http.CallServerInterceptor.intercept(CallServerInterceptor.java:94)
08-06 04:34:07.512 24686 21631 E baseline.com.newsblur.network.APIResponse: 	at okhttp3.internal.http.RealInterceptorChain.proceed(RealInterceptorChain.java:142)
08-06 04:34:07.512 24686 21631 E baseline.com.newsblur.network.APIResponse: 	at okhttp3.internal.connection.ConnectInterceptor.intercept(ConnectInterceptor.java:43)
08-06 04:34:07.512 24686 21631 E baseline.com.newsblur.network.APIResponse: 	at okhttp3.internal.http.RealInterceptorChain.proceed(RealInterceptorChain.java:142)
08-06 04:34:07.512 24686 21631 E baseline.com.newsblur.network.APIResponse: 	at okhttp3.internal.http.RealInterceptorChain.proceed(RealInterceptorChain.java:117)
08-06 04:34:07.512 24686 21631 E baseline.com.newsblur.network.APIResponse: 	at okhttp3.internal.cache.CacheInterceptor.intercept(CacheInterceptor.java:94)
08-06 04:34:07.512 24686 21631 E baseline.com.newsblur.network.APIResponse: 	at okhttp3.internal.http.RealInterceptorChain.proceed(RealInterceptorChain.java:142)
08-06 04:34:07.512 24686 21631 E baseline.com.newsblur.network.APIResponse: 	at okhttp3.internal.http.RealInterceptorChain.proceed(RealInterceptorChain.java:117)
08-06 04:34:07.512 24686 21631 E baseline.com.newsblur.network.APIResponse: 	at okhttp3.internal.http.BridgeInterceptor.intercept(BridgeInterceptor.java:93)
08-06 04:34:07.512 24686 21631 E baseline.com.newsblur.network.APIResponse: 	at okhttp3.internal.http.RealInterceptorChain.proceed(RealInterceptorChain.java:142)
08-06 04:34:07.512 24686 21631 E baseline.com.newsblur.network.APIResponse: 	at okhttp3.internal.http.RetryAndFollowUpInterceptor.intercept(RetryAndFollowUpInterceptor.java:88)
08-06 04:34:07.512 24686 21631 E baseline.com.newsblur.network.APIResponse: 	at okhttp3.internal.http.RealInterceptorChain.proceed(RealInterceptorChain.java:142)
08-06 04:34:07.512 24686 21631 E baseline.com.newsblur.network.APIResponse: 	at okhttp3.internal.http.RealInterceptorChain.proceed(RealInterceptorChain.java:117)
08-06 04:34:07.512 24686 21631 E baseline.com.newsblur.network.APIResponse: 	at okhttp3.RealCall.getResponseWithInterceptorChain(RealCall.java:229)
08-06 04:34:07.512 24686 21631 E baseline.com.newsblur.network.APIResponse: 	at okhttp3.RealCall.execute(RealCall.java:81)
08-06 04:34:07.512 24686 21631 E baseline.com.newsblur.network.APIResponse: 	at baseline.com.newsblur.network.APIResponse.<init>(APIResponse.java:57)
08-06 04:34:07.512 24686 21631 E baseline.com.newsblur.network.APIResponse: 	at baseline.com.newsblur.network.APIResponse.<init>(APIResponse.java:43)
08-06 04:34:07.512 24686 21631 E baseline.com.newsblur.network.APIResponse: 	at baseline.com.newsblur.network.APIManager.post_single(APIManager.java:702)
08-06 04:34:07.512 24686 21631 E baseline.com.newsblur.network.APIResponse: 	at baseline.com.newsblur.network.APIManager.post(APIManager.java:675)
08-06 04:34:07.512 24686 21631 E baseline.com.newsblur.network.APIResponse: 	at baseline.com.newsblur.network.APIManager.post(APIManager.java:714)
08-06 04:34:07.512 24686 21631 E baseline.com.newsblur.network.APIResponse: 	at baseline.com.newsblur.network.APIManager.markStoryAsRead(APIManager.java:205)
08-06 04:34:07.512 24686 21631 E baseline.com.newsblur.network.APIResponse: 	at baseline.com.newsblur.util.ReadingAction.doRemote(ReadingAction.java:281)
08-06 04:34:07.512 24686 21631 E baseline.com.newsblur.network.APIResponse: 	at baseline.com.newsblur.service.NBSyncService.syncActions(NBSyncService.java:400)
08-06 04:34:07.512 24686 21631 E baseline.com.newsblur.network.APIResponse: 	at baseline.com.newsblur.service.NBSyncService.doSync(NBSyncService.java:298)
08-06 04:34:07.512 24686 21631 E baseline.com.newsblur.network.APIResponse: 	at baseline.com.newsblur.service.NBSyncService.access$100(NBSyncService.java:67)
08-06 04:34:07.512 24686 21631 E baseline.com.newsblur.network.APIResponse: 	at baseline.com.newsblur.service.NBSyncService$1.run(NBSyncService.java:188)
08-06 04:34:07.512 24686 21631 E baseline.com.newsblur.network.APIResponse: 	at java.util.concurrent.ThreadPoolExecutor.runWorker(ThreadPoolExecutor.java:1113)
08-06 04:34:07.512 24686 21631 E baseline.com.newsblur.network.APIResponse: 	at java.util.concurrent.ThreadPoolExecutor$Worker.run(ThreadPoolExecutor.java:588)
08-06 04:34:07.512 24686 21631 E baseline.com.newsblur.network.APIResponse: 	at java.lang.Thread.run(Thread.java:818)
08-06 04:34:07.512 24686 21631 E baseline.com.newsblur.network.APIResponse: Caused by: java.io.EOFException: \n not found: limit=0 content=
08-06 04:34:07.512 24686 21631 E baseline.com.newsblur.network.APIResponse: 	at okio.RealBufferedSource.readUtf8LineStrict(RealBufferedSource.java:240)
08-06 04:34:07.512 24686 21631 E baseline.com.newsblur.network.APIResponse: 	at okhttp3.internal.http1.Http1ExchangeCodec.readHeaderLine(Http1ExchangeCodec.java:242)
08-06 04:34:07.512 24686 21631 E baseline.com.newsblur.network.APIResponse: 	at okhttp3.internal.http1.Http1ExchangeCodec.readResponseHeaders(Http1ExchangeCodec.java:213)
08-06 04:34:07.512 24686 21631 E baseline.com.newsblur.network.APIResponse: 	... 30 more
08-06 04:34:07.515 24686 21631 I baseline.com.newsblur.service.NBSyncService: Holding reading action with server-side or network error.
08-06 04:34:07.531 24686 21631 W baseline.com.newsblur.service.NBSyncService: hard API failure
08-06 04:34:07.543 24686 21631 I baseline.com.newsblur.service.NBSyncService: recounting dirty feed sets: 1
08-06 04:34:07.804 24686 20764 I art     : Starting a blocking GC Explicit
08-06 04:34:07.856 24686 20764 I art     : Explicit concurrent mark sweep GC freed 4829(434KB) AllocSpace objects, 5(100KB) LOS objects, 28% free, 40MB/56MB, paused 1.454ms total 51.574ms
08-06 04:34:07.870 24686 20764 I art     : Starting a blocking GC Explicit
08-06 04:34:07.920 24686 20764 I art     : Explicit concurrent mark sweep GC freed 297(11KB) AllocSpace objects, 0(0B) LOS objects, 28% free, 40MB/56MB, paused 1.444ms total 49.890ms
08-06 04:34:07.934 24686 20764 I art     : Starting a blocking GC Explicit
08-06 04:34:07.987 24686 20764 I art     : Explicit concurrent mark sweep GC freed 1659(65KB) AllocSpace objects, 0(0B) LOS objects, 28% free, 40MB/56MB, paused 1.670ms total 52.181ms
08-06 04:34:08.000 24686 20764 I art     : Starting a blocking GC Explicit
08-06 04:34:08.021 24686 21631 E baseline.com.newsblur.network.APIResponse: Error (unexpected end of stream on https://www.newsblur.com/...) calling https://www.newsblur.com/reader/feed_unread_count?feed_id=0
08-06 04:34:08.021 24686 21631 E baseline.com.newsblur.network.APIResponse: java.io.IOException: unexpected end of stream on https://www.newsblur.com/...
08-06 04:34:08.021 24686 21631 E baseline.com.newsblur.network.APIResponse: 	at okhttp3.internal.http1.Http1ExchangeCodec.readResponseHeaders(Http1ExchangeCodec.java:236)
08-06 04:34:08.021 24686 21631 E baseline.com.newsblur.network.APIResponse: 	at okhttp3.internal.connection.Exchange.readResponseHeaders(Exchange.java:115)
08-06 04:34:08.021 24686 21631 E baseline.com.newsblur.network.APIResponse: 	at okhttp3.internal.http.CallServerInterceptor.intercept(CallServerInterceptor.java:94)
08-06 04:34:08.021 24686 21631 E baseline.com.newsblur.network.APIResponse: 	at okhttp3.internal.http.RealInterceptorChain.proceed(RealInterceptorChain.java:142)
08-06 04:34:08.021 24686 21631 E baseline.com.newsblur.network.APIResponse: 	at okhttp3.internal.connection.ConnectInterceptor.intercept(ConnectInterceptor.java:43)
08-06 04:34:08.021 24686 21631 E baseline.com.newsblur.network.APIResponse: 	at okhttp3.internal.http.RealInterceptorChain.proceed(RealInterceptorChain.java:142)
08-06 04:34:08.021 24686 21631 E baseline.com.newsblur.network.APIResponse: 	at okhttp3.internal.http.RealInterceptorChain.proceed(RealInterceptorChain.java:117)
08-06 04:34:08.021 24686 21631 E baseline.com.newsblur.network.APIResponse: 	at okhttp3.internal.cache.CacheInterceptor.intercept(CacheInterceptor.java:94)
08-06 04:34:08.021 24686 21631 E baseline.com.newsblur.network.APIResponse: 	at okhttp3.internal.http.RealInterceptorChain.proceed(RealInterceptorChain.java:142)
08-06 04:34:08.021 24686 21631 E baseline.com.newsblur.network.APIResponse: 	at okhttp3.internal.http.RealInterceptorChain.proceed(RealInterceptorChain.java:117)
08-06 04:34:08.021 24686 21631 E baseline.com.newsblur.network.APIResponse: 	at okhttp3.internal.http.BridgeInterceptor.intercept(BridgeInterceptor.java:93)
08-06 04:34:08.021 24686 21631 E baseline.com.newsblur.network.APIResponse: 	at okhttp3.internal.http.RealInterceptorChain.proceed(RealInterceptorChain.java:142)
08-06 04:34:08.021 24686 21631 E baseline.com.newsblur.network.APIResponse: 	at okhttp3.internal.http.RetryAndFollowUpInterceptor.intercept(RetryAndFollowUpInterceptor.java:88)
08-06 04:34:08.021 24686 21631 E baseline.com.newsblur.network.APIResponse: 	at okhttp3.internal.http.RealInterceptorChain.proceed(RealInterceptorChain.java:142)
08-06 04:34:08.021 24686 21631 E baseline.com.newsblur.network.APIResponse: 	at okhttp3.internal.http.RealInterceptorChain.proceed(RealInterceptorChain.java:117)
08-06 04:34:08.021 24686 21631 E baseline.com.newsblur.network.APIResponse: 	at okhttp3.RealCall.getResponseWithInterceptorChain(RealCall.java:229)
08-06 04:34:08.021 24686 21631 E baseline.com.newsblur.network.APIResponse: 	at okhttp3.RealCall.execute(RealCall.java:81)
08-06 04:34:08.021 24686 21631 E baseline.com.newsblur.network.APIResponse: 	at baseline.com.newsblur.network.APIResponse.<init>(APIResponse.java:57)
08-06 04:34:08.021 24686 21631 E baseline.com.newsblur.network.APIResponse: 	at baseline.com.newsblur.network.APIManager.get_single(APIManager.java:639)
08-06 04:34:08.021 24686 21631 E baseline.com.newsblur.network.APIResponse: 	at baseline.com.newsblur.network.APIManager.get(APIManager.java:625)
08-06 04:34:08.021 24686 21631 E baseline.com.newsblur.network.APIResponse: 	at baseline.com.newsblur.network.APIManager.get(APIManager.java:667)
08-06 04:34:08.021 24686 21631 E baseline.com.newsblur.network.APIResponse: 	at baseline.com.newsblur.network.APIManager.getFeedUnreadCounts(APIManager.java:274)
08-06 04:34:08.021 24686 21631 E baseline.com.newsblur.network.APIResponse: 	at baseline.com.newsblur.service.NBSyncService.checkRecounts(NBSyncService.java:660)
08-06 04:34:08.021 24686 21631 E baseline.com.newsblur.network.APIResponse: 	at baseline.com.newsblur.service.NBSyncService.doSync(NBSyncService.java:310)
08-06 04:34:08.021 24686 21631 E baseline.com.newsblur.network.APIResponse: 	at baseline.com.newsblur.service.NBSyncService.access$100(NBSyncService.java:67)
08-06 04:34:08.021 24686 21631 E baseline.com.newsblur.network.APIResponse: 	at baseline.com.newsblur.service.NBSyncService$1.run(NBSyncService.java:188)
08-06 04:34:08.021 24686 21631 E baseline.com.newsblur.network.APIResponse: 	at java.util.concurrent.ThreadPoolExecutor.runWorker(ThreadPoolExecutor.java:1113)
08-06 04:34:08.021 24686 21631 E baseline.com.newsblur.network.APIResponse: 	at java.util.concurrent.ThreadPoolExecutor$Worker.run(ThreadPoolExecutor.java:588)
08-06 04:34:08.021 24686 21631 E baseline.com.newsblur.network.APIResponse: 	at java.lang.Thread.run(Thread.java:818)
08-06 04:34:08.021 24686 21631 E baseline.com.newsblur.network.APIResponse: Caused by: java.io.EOFException: \n not found: limit=0 content=
08-06 04:34:08.021 24686 21631 E baseline.com.newsblur.network.APIResponse: 	at okio.RealBufferedSource.readUtf8LineStrict(RealBufferedSource.java:240)
08-06 04:34:08.021 24686 21631 E baseline.com.newsblur.network.APIResponse: 	at okhttp3.internal.http1.Http1ExchangeCodec.readHeaderLine(Http1ExchangeCodec.java:242)
08-06 04:34:08.021 24686 21631 E baseline.com.newsblur.network.APIResponse: 	at okhttp3.internal.http1.Http1ExchangeCodec.readResponseHeaders(Http1ExchangeCodec.java:213)
08-06 04:34:08.021 24686 21631 E baseline.com.newsblur.network.APIResponse: 	... 28 more
08-06 04:34:08.024 24686 21631 I baseline.com.newsblur.network.APIManager: API call failed, pausing before retry number 1
08-06 04:34:08.051 24686 20764 I art     : Explicit concurrent mark sweep GC freed 801(194KB) AllocSpace objects, 2(40KB) LOS objects, 28% free, 40MB/56MB, paused 1.566ms total 50.439ms
08-06 04:34:08.064 24686 20764 I art     : Starting a blocking GC Explicit
08-06 04:34:08.116 24686 20764 I art     : Explicit concurrent mark sweep GC freed 129(16KB) AllocSpace objects, 0(0B) LOS objects, 28% free, 40MB/56MB, paused 1.488ms total 51.050ms
08-06 04:34:08.505 24686 24697 I art     : Starting a blocking GC Explicit
08-06 04:34:08.556 24686 24697 I art     : Explicit concurrent mark sweep GC freed 1492(84KB) AllocSpace objects, 1(20KB) LOS objects, 28% free, 40MB/56MB, paused 1.502ms total 50.600ms
08-06 04:34:08.569 24686 24697 I art     : Starting a blocking GC Explicit
08-06 04:34:08.620 24686 24697 I art     : Explicit concurrent mark sweep GC freed 26(912B) AllocSpace objects, 0(0B) LOS objects, 28% free, 40MB/56MB, paused 1.435ms total 51.027ms
08-06 04:34:08.634 24686 24697 I art     : Starting a blocking GC Explicit
08-06 04:34:08.684 24686 24697 I art     : Explicit concurrent mark sweep GC freed 7(224B) AllocSpace objects, 0(0B) LOS objects, 28% free, 40MB/56MB, paused 1.507ms total 49.769ms
08-06 04:34:08.697 24686 24697 I art     : Starting a blocking GC Explicit
08-06 04:34:08.748 24686 24697 I art     : Explicit concurrent mark sweep GC freed 7(224B) AllocSpace objects, 0(0B) LOS objects, 28% free, 40MB/56MB, paused 1.506ms total 50.356ms
08-06 04:34:08.762 24686 24697 I art     : Starting a blocking GC Explicit
08-06 04:34:08.813 24686 24697 I art     : Explicit concurrent mark sweep GC freed 7(224B) AllocSpace objects, 0(0B) LOS objects, 28% free, 40MB/56MB, paused 1.479ms total 51.273ms
08-06 04:34:09.195 24686 24697 I art     : Starting a blocking GC Explicit
08-06 04:34:09.248 24686 24697 I art     : Explicit concurrent mark sweep GC freed 1469(83KB) AllocSpace objects, 1(20KB) LOS objects, 28% free, 40MB/56MB, paused 1.503ms total 52.875ms
08-06 04:34:09.261 24686 24697 I art     : Starting a blocking GC Explicit
08-06 04:34:09.313 24686 24697 I art     : Explicit concurrent mark sweep GC freed 26(912B) AllocSpace objects, 0(0B) LOS objects, 28% free, 40MB/56MB, paused 1.506ms total 51.035ms
08-06 04:34:09.326 24686 24697 I art     : Starting a blocking GC Explicit
08-06 04:34:09.378 24686 24697 I art     : Explicit concurrent mark sweep GC freed 7(224B) AllocSpace objects, 0(0B) LOS objects, 28% free, 40MB/56MB, paused 1.533ms total 50.876ms
08-06 04:34:09.391 24686 24697 I art     : Starting a blocking GC Explicit
08-06 04:34:09.443 24686 24697 I art     : Explicit concurrent mark sweep GC freed 7(224B) AllocSpace objects, 0(0B) LOS objects, 28% free, 40MB/56MB, paused 1.374ms total 51.376ms
08-06 04:34:09.457 24686 24697 I art     : Starting a blocking GC Explicit
08-06 04:34:09.508 24686 24697 I art     : Explicit concurrent mark sweep GC freed 6(192B) AllocSpace objects, 0(0B) LOS objects, 28% free, 40MB/56MB, paused 1.503ms total 50.920ms
08-06 04:34:09.891 24686 24697 I art     : Starting a blocking GC Explicit
08-06 04:34:09.944 24686 24697 I art     : Explicit concurrent mark sweep GC freed 1638(92KB) AllocSpace objects, 1(20KB) LOS objects, 28% free, 40MB/56MB, paused 1.459ms total 53.202ms
08-06 04:34:09.958 24686 24697 I art     : Starting a blocking GC Explicit
08-06 04:34:10.011 24686 24697 I art     : Explicit concurrent mark sweep GC freed 32(1168B) AllocSpace objects, 0(0B) LOS objects, 28% free, 40MB/56MB, paused 1.431ms total 52.124ms
08-06 04:34:10.024 24686 24697 I art     : Starting a blocking GC Explicit
08-06 04:34:10.073 24686 24697 I art     : Explicit concurrent mark sweep GC freed 1590(62KB) AllocSpace objects, 0(0B) LOS objects, 28% free, 40MB/56MB, paused 1.480ms total 48.614ms
08-06 04:34:10.077 24686 21631 E baseline.com.newsblur.network.APIResponse: Error (unexpected end of stream on https://www.newsblur.com/...) calling https://www.newsblur.com/reader/feed_unread_count?feed_id=0
08-06 04:34:10.077 24686 21631 E baseline.com.newsblur.network.APIResponse: java.io.IOException: unexpected end of stream on https://www.newsblur.com/...
08-06 04:34:10.077 24686 21631 E baseline.com.newsblur.network.APIResponse: 	at okhttp3.internal.http1.Http1ExchangeCodec.readResponseHeaders(Http1ExchangeCodec.java:236)
08-06 04:34:10.077 24686 21631 E baseline.com.newsblur.network.APIResponse: 	at okhttp3.internal.connection.Exchange.readResponseHeaders(Exchange.java:115)
08-06 04:34:10.077 24686 21631 E baseline.com.newsblur.network.APIResponse: 	at okhttp3.internal.http.CallServerInterceptor.intercept(CallServerInterceptor.java:94)
08-06 04:34:10.077 24686 21631 E baseline.com.newsblur.network.APIResponse: 	at okhttp3.internal.http.RealInterceptorChain.proceed(RealInterceptorChain.java:142)
08-06 04:34:10.077 24686 21631 E baseline.com.newsblur.network.APIResponse: 	at okhttp3.internal.connection.ConnectInterceptor.intercept(ConnectInterceptor.java:43)
08-06 04:34:10.077 24686 21631 E baseline.com.newsblur.network.APIResponse: 	at okhttp3.internal.http.RealInterceptorChain.proceed(RealInterceptorChain.java:142)
08-06 04:34:10.077 24686 21631 E baseline.com.newsblur.network.APIResponse: 	at okhttp3.internal.http.RealInterceptorChain.proceed(RealInterceptorChain.java:117)
08-06 04:34:10.077 24686 21631 E baseline.com.newsblur.network.APIResponse: 	at okhttp3.internal.cache.CacheInterceptor.intercept(CacheInterceptor.java:94)
08-06 04:34:10.077 24686 21631 E baseline.com.newsblur.network.APIResponse: 	at okhttp3.internal.http.RealInterceptorChain.proceed(RealInterceptorChain.java:142)
08-06 04:34:10.077 24686 21631 E baseline.com.newsblur.network.APIResponse: 	at okhttp3.internal.http.RealInterceptorChain.proceed(RealInterceptorChain.java:117)
08-06 04:34:10.077 24686 21631 E baseline.com.newsblur.network.APIResponse: 	at okhttp3.internal.http.BridgeInterceptor.intercept(BridgeInterceptor.java:93)
08-06 04:34:10.077 24686 21631 E baseline.com.newsblur.network.APIResponse: 	at okhttp3.internal.http.RealInterceptorChain.proceed(RealInterceptorChain.java:142)
08-06 04:34:10.077 24686 21631 E baseline.com.newsblur.network.APIResponse: 	at okhttp3.internal.http.RetryAndFollowUpInterceptor.intercept(RetryAndFollowUpInterceptor.java:88)
08-06 04:34:10.077 24686 21631 E baseline.com.newsblur.network.APIResponse: 	at okhttp3.internal.http.RealInterceptorChain.proceed(RealInterceptorChain.java:142)
08-06 04:34:10.077 24686 21631 E baseline.com.newsblur.network.APIResponse: 	at okhttp3.internal.http.RealInterceptorChain.proceed(RealInterceptorChain.java:117)
08-06 04:34:10.077 24686 21631 E baseline.com.newsblur.network.APIResponse: 	at okhttp3.RealCall.getResponseWithInterceptorChain(RealCall.java:229)
08-06 04:34:10.077 24686 21631 E baseline.com.newsblur.network.APIResponse: 	at okhttp3.RealCall.execute(RealCall.java:81)
08-06 04:34:10.077 24686 21631 E baseline.com.newsblur.network.APIResponse: 	at baseline.com.newsblur.network.APIResponse.<init>(APIResponse.java:57)
08-06 04:34:10.077 24686 21631 E baseline.com.newsblur.network.APIResponse: 	at baseline.com.newsblur.network.APIManager.get_single(APIManager.java:639)
08-06 04:34:10.077 24686 21631 E baseline.com.newsblur.network.APIResponse: 	at baseline.com.newsblur.network.APIManager.get(APIManager.java:625)
08-06 04:34:10.077 24686 21631 E baseline.com.newsblur.network.APIResponse: 	at baseline.com.newsblur.network.APIManager.get(APIManager.java:667)
08-06 04:34:10.077 24686 21631 E baseline.com.newsblur.network.APIResponse: 	at baseline.com.newsblur.network.APIManager.getFeedUnreadCounts(APIManager.java:274)
08-06 04:34:10.077 24686 21631 E baseline.com.newsblur.network.APIResponse: 	at baseline.com.newsblur.service.NBSyncService.checkRecounts(NBSyncService.java:660)
08-06 04:34:10.077 24686 21631 E baseline.com.newsblur.network.APIResponse: 	at baseline.com.newsblur.service.NBSyncService.doSync(NBSyncService.java:310)
08-06 04:34:10.077 24686 21631 E baseline.com.newsblur.network.APIResponse: 	at baseline.com.newsblur.service.NBSyncService.access$100(NBSyncService.java:67)
08-06 04:34:10.077 24686 21631 E baseline.com.newsblur.network.APIResponse: 	at baseline.com.newsblur.service.NBSyncService$1.run(NBSyncService.java:188)
08-06 04:34:10.077 24686 21631 E baseline.com.newsblur.network.APIResponse: 	at java.util.concurrent.ThreadPoolExecutor.runWorker(ThreadPoolExecutor.java:1113)
08-06 04:34:10.077 24686 21631 E baseline.com.newsblur.network.APIResponse: 	at java.util.concurrent.ThreadPoolExecutor$Worker.run(ThreadPoolExecutor.java:588)
08-06 04:34:10.077 24686 21631 E baseline.com.newsblur.network.APIResponse: 	at java.lang.Thread.run(Thread.java:818)
08-06 04:34:10.077 24686 21631 E baseline.com.newsblur.network.APIResponse: Caused by: java.io.EOFException: \n not found: limit=0 content=
08-06 04:34:10.077 24686 21631 E baseline.com.newsblur.network.APIResponse: 	at okio.RealBufferedSource.readUtf8LineStrict(RealBufferedSource.java:240)
08-06 04:34:10.077 24686 21631 E baseline.com.newsblur.network.APIResponse: 	at okhttp3.internal.http1.Http1ExchangeCodec.readHeaderLine(Http1ExchangeCodec.java:242)
08-06 04:34:10.077 24686 21631 E baseline.com.newsblur.network.APIResponse: 	at okhttp3.internal.http1.Http1ExchangeCodec.readResponseHeaders(Http1ExchangeCodec.java:213)
08-06 04:34:10.077 24686 21631 E baseline.com.newsblur.network.APIResponse: 	... 28 more
08-06 04:34:10.078 24686 21631 I baseline.com.newsblur.network.APIManager: API call failed, pausing before retry number 2
08-06 04:34:10.086 24686 24697 I art     : Starting a blocking GC Explicit
08-06 04:34:10.138 24686 24697 I art     : Explicit concurrent mark sweep GC freed 959(212KB) AllocSpace objects, 2(40KB) LOS objects, 28% free, 40MB/56MB, paused 1.505ms total 51.425ms
08-06 04:34:10.151 24686 24697 I art     : Starting a blocking GC Explicit
08-06 04:34:10.201 24686 24697 I art     : Explicit concurrent mark sweep GC freed 61(2272B) AllocSpace objects, 0(0B) LOS objects, 28% free, 40MB/56MB, paused 1.546ms total 49.585ms
08-06 04:34:10.594 24686 24698 I art     : Starting a blocking GC Explicit
08-06 04:34:10.628   518   646 I ThermalEngine: ACTION: GPU - Setting GPU[0] to 510000000
08-06 04:34:10.645 24686 24698 I art     : Explicit concurrent mark sweep GC freed 1471(83KB) AllocSpace objects, 1(20KB) LOS objects, 28% free, 40MB/56MB, paused 1.500ms total 49.867ms
08-06 04:34:10.658 24686 24698 I art     : Starting a blocking GC Explicit
08-06 04:34:10.701 24686 24698 I art     : Explicit concurrent mark sweep GC freed 25(880B) AllocSpace objects, 0(0B) LOS objects, 28% free, 40MB/56MB, paused 1.105ms total 42.360ms
08-06 04:34:10.711 24686 24698 I art     : Starting a blocking GC Explicit
08-06 04:34:10.750 24686 24698 I art     : Explicit concurrent mark sweep GC freed 5(160B) AllocSpace objects, 0(0B) LOS objects, 28% free, 40MB/56MB, paused 1.020ms total 39.228ms
08-06 04:34:10.761 24686 24698 I art     : Starting a blocking GC Explicit
08-06 04:34:10.800 24686 24698 I art     : Explicit concurrent mark sweep GC freed 7(224B) AllocSpace objects, 0(0B) LOS objects, 28% free, 40MB/56MB, paused 1.040ms total 38.685ms
08-06 04:34:10.810 24686 24698 I art     : Starting a blocking GC Explicit
08-06 04:34:10.849 24686 24698 I art     : Explicit concurrent mark sweep GC freed 6(192B) AllocSpace objects, 0(0B) LOS objects, 28% free, 40MB/56MB, paused 1.049ms total 38.648ms
08-06 04:34:11.211 24686 24697 I art     : Starting a blocking GC Explicit
08-06 04:34:11.251 24686 24697 I art     : Explicit concurrent mark sweep GC freed 1468(83KB) AllocSpace objects, 1(20KB) LOS objects, 28% free, 40MB/56MB, paused 1.064ms total 39.459ms
08-06 04:34:11.261 24686 24697 I art     : Starting a blocking GC Explicit
08-06 04:34:11.298 24686 24697 I art     : Explicit concurrent mark sweep GC freed 25(880B) AllocSpace objects, 0(0B) LOS objects, 28% free, 40MB/56MB, paused 989us total 36.440ms
08-06 04:34:11.308 24686 24697 I art     : Starting a blocking GC Explicit
08-06 04:34:11.346 24686 24697 I art     : Explicit concurrent mark sweep GC freed 6(192B) AllocSpace objects, 0(0B) LOS objects, 28% free, 40MB/56MB, paused 1.016ms total 37.524ms
08-06 04:34:11.356 24686 24697 I art     : Starting a blocking GC Explicit
08-06 04:34:11.395 24686 24697 I art     : Explicit concurrent mark sweep GC freed 6(192B) AllocSpace objects, 0(0B) LOS objects, 28% free, 40MB/56MB, paused 1.034ms total 38.649ms
08-06 04:34:11.406 24686 24697 I art     : Starting a blocking GC Explicit
08-06 04:34:11.444 24686 24697 I art     : Explicit concurrent mark sweep GC freed 5(160B) AllocSpace objects, 0(0B) LOS objects, 28% free, 40MB/56MB, paused 1.001ms total 38.084ms
08-06 04:34:11.789 24686 24698 I art     : Starting a blocking GC Explicit
08-06 04:34:11.830 24686 24698 I art     : Explicit concurrent mark sweep GC freed 1469(84KB) AllocSpace objects, 1(20KB) LOS objects, 28% free, 40MB/56MB, paused 1.126ms total 40.779ms
08-06 04:34:11.840 24686 24698 I art     : Starting a blocking GC Explicit
08-06 04:34:11.878 24686 24698 I art     : Explicit concurrent mark sweep GC freed 25(880B) AllocSpace objects, 0(0B) LOS objects, 28% free, 40MB/56MB, paused 994us total 37.380ms
08-06 04:34:11.888 24686 24698 I art     : Starting a blocking GC Explicit
08-06 04:34:11.926 24686 24698 I art     : Explicit concurrent mark sweep GC freed 5(160B) AllocSpace objects, 0(0B) LOS objects, 28% free, 40MB/56MB, paused 1.009ms total 37.529ms
08-06 04:34:11.936 24686 24698 I art     : Starting a blocking GC Explicit
08-06 04:34:11.974 24686 24698 I art     : Explicit concurrent mark sweep GC freed 6(192B) AllocSpace objects, 0(0B) LOS objects, 28% free, 40MB/56MB, paused 1.004ms total 38.192ms
08-06 04:34:11.985 24686 24698 I art     : Starting a blocking GC Explicit
08-06 04:34:12.023 24686 24698 I art     : Explicit concurrent mark sweep GC freed 6(192B) AllocSpace objects, 0(0B) LOS objects, 28% free, 40MB/56MB, paused 1.001ms total 38.528ms
08-06 04:34:12.379 24686 20967 I art     : Starting a blocking GC Explicit
08-06 04:34:12.420 24686 20967 I art     : Explicit concurrent mark sweep GC freed 1467(83KB) AllocSpace objects, 1(20KB) LOS objects, 28% free, 40MB/56MB, paused 1.147ms total 41.199ms
08-06 04:34:12.431 24686 20967 I art     : Starting a blocking GC Explicit
08-06 04:34:12.470 24686 20967 I art     : Explicit concurrent mark sweep GC freed 25(880B) AllocSpace objects, 0(0B) LOS objects, 28% free, 40MB/56MB, paused 1.054ms total 38.680ms
08-06 04:34:12.481 24686 20967 I art     : Starting a blocking GC Explicit
08-06 04:34:12.519 24686 20967 I art     : Explicit concurrent mark sweep GC freed 6(192B) AllocSpace objects, 0(0B) LOS objects, 28% free, 40MB/56MB, paused 1.064ms total 38.041ms
08-06 04:34:12.529 24686 20967 I art     : Starting a blocking GC Explicit
08-06 04:34:12.551 13567 13569 E QC-QMI  : qmi_client [13567] 5e3: failed to locate client data
08-06 04:34:12.552   519   519 E QC-QMI  : qmuxd: RX on fd=18 returned error=0 errno[2:No such file or directory]
08-06 04:34:12.552   519   519 E QC-QMI  : QMUX qmux_client_id=5e3 not found in qmux client list, unable to remove
08-06 04:34:12.554 13567 13567 I Atfwd_Daemon: Stop the daemon....
08-06 04:34:12.564 24686 20967 I art     : Explicit concurrent mark sweep GC freed 6(192B) AllocSpace objects, 0(0B) LOS objects, 28% free, 40MB/56MB, paused 997us total 35.130ms
08-06 04:34:12.574 24686 20967 I art     : Starting a blocking GC Explicit
08-06 04:34:12.579 22366 22366 W ATFWD-daemon: type=1400 audit(0.0:739996): avc: denied { read write } for name="diag" dev="tmpfs" ino=1296 scontext=u:r:atfwd:s0 tcontext=u:object_r:diag_device:s0 tclass=chr_file permissive=0
08-06 04:34:12.592 22366 22366 I libmdmdetect: ESOC framework not supported
08-06 04:34:12.593 22366 22366 I libmdmdetect: Found internal modem: modem
08-06 04:34:12.594 22366 22366 E Diag_Lib:  Diag_LSM_Init: Failed to open handle to diag driver, error = 13
08-06 04:34:12.599 22366 22366 I Atfwd_Daemon: result : 255 	 ,Init step :0 	 ,qmiErrorCode: 0
08-06 04:34:12.600 22366 22366 I Atfwd_Daemon: result : 0 	 ,Init step :1 	 ,qmiErrorCode: 0
08-06 04:34:12.601 22366 22366 I ServiceManager: Waiting for service AtCmdFwd...
08-06 04:34:12.609 24686 20967 I art     : Explicit concurrent mark sweep GC freed 5(160B) AllocSpace objects, 0(0B) LOS objects, 28% free, 40MB/56MB, paused 1.062ms total 35.126ms
08-06 04:34:12.936 24686 24697 I art     : Starting a blocking GC Explicit
08-06 04:34:12.978 24686 24697 I art     : Explicit concurrent mark sweep GC freed 1465(83KB) AllocSpace objects, 1(20KB) LOS objects, 28% free, 40MB/56MB, paused 1.124ms total 41.310ms
08-06 04:34:12.989 24686 24697 I art     : Starting a blocking GC Explicit
08-06 04:34:13.027 24686 24697 I art     : Explicit concurrent mark sweep GC freed 25(880B) AllocSpace objects, 0(0B) LOS objects, 28% free, 40MB/56MB, paused 1.078ms total 38.083ms
08-06 04:34:13.037 24686 24697 I art     : Starting a blocking GC Explicit
08-06 04:34:13.075 24686 24697 I art     : Explicit concurrent mark sweep GC freed 6(192B) AllocSpace objects, 0(0B) LOS objects, 28% free, 40MB/56MB, paused 1.072ms total 37.688ms
08-06 04:34:13.086 24686 24697 I art     : Starting a blocking GC Explicit
08-06 04:34:13.122 24686 24697 I art     : Explicit concurrent mark sweep GC freed 99(3KB) AllocSpace objects, 0(0B) LOS objects, 28% free, 40MB/56MB, paused 1.098ms total 35.910ms
08-06 04:34:13.132 24686 24697 I art     : Starting a blocking GC Explicit
08-06 04:34:13.171 24686 24697 I art     : Explicit concurrent mark sweep GC freed 12(448B) AllocSpace objects, 0(0B) LOS objects, 28% free, 40MB/56MB, paused 1.136ms total 38.842ms
08-06 04:34:13.226 22372 22372 D AndroidRuntime: >>>>>> START com.android.internal.os.RuntimeInit uid 2000 <<<<<<
08-06 04:34:13.230 22372 22372 D AndroidRuntime: CheckJNI is OFF
08-06 04:34:13.260 22372 22372 D ICU     : No timezone override file found: /data/misc/zoneinfo/current/icu/icu_tzdata.dat
08-06 04:34:13.292 22372 22372 I Radio-JNI: register_android_hardware_Radio DONE
08-06 04:34:13.313 22372 22372 D AndroidRuntime: Calling main entry com.android.commands.input.Input
08-06 04:34:13.315 22372 22372 I Input   : injectMotionEvent: MotionEvent { action=ACTION_DOWN, actionButton=0, id[0]=0, x[0]=436.0, y[0]=453.0, toolType[0]=TOOL_TYPE_UNKNOWN, buttonState=0, metaState=0, flags=0x0, edgeFlags=0x0, pointerCount=1, historySize=0, eventTime=851669728, downTime=851669728, deviceId=0, source=0x1002 }
08-06 04:34:13.321 22372 22372 I Input   : injectMotionEvent: MotionEvent { action=ACTION_UP, actionButton=0, id[0]=0, x[0]=436.0, y[0]=453.0, toolType[0]=TOOL_TYPE_UNKNOWN, buttonState=0, metaState=0, flags=0x0, edgeFlags=0x0, pointerCount=1, historySize=0, eventTime=851669728, downTime=851669728, deviceId=0, source=0x1002 }
08-06 04:34:13.323 22372 22372 D AndroidRuntime: Shutting down VM
08-06 04:34:13.336   918  6110 I ActivityManager: START u0 {cmp=baseline.com.newsblur/.activity.AllSharedStoriesReading (has extras)} from uid 10698 on display 0
08-06 04:34:13.338   512  2967 D audio_hw_primary: out_set_parameters: enter: usecase(1: low-latency-playback) kvpairs: routing=2
08-06 04:34:13.351   512  2967 D audio_hw_primary: select_devices: out_snd_device(2: speaker) in_snd_device(0: none)
08-06 04:34:13.351   512  2967 D msm8974_platform: platform_send_audio_calibration: sending audio calibration for snd_device(2) acdb_id(15)
08-06 04:34:13.351   512  2967 I soundtrigger: audio_extn_sound_trigger_update_device_status: device 0x2 of type 0 for Event 1
08-06 04:34:13.362   512  2967 D audio_hw_primary: enable_snd_device: snd_device(2: speaker)
08-06 04:34:13.364   512  2967 D audio_hw_primary: enable_audio_route: apply and update mixer path: low-latency-playback speaker
08-06 04:34:13.472 24686 20967 I art     : Starting a blocking GC Explicit
08-06 04:34:13.510 24686 20967 I art     : Explicit concurrent mark sweep GC freed 3256(270KB) AllocSpace objects, 6(548KB) LOS objects, 28% free, 40MB/56MB, paused 1.075ms total 37.626ms
08-06 04:34:13.521 24686 20967 I art     : Starting a blocking GC Explicit
08-06 04:34:13.538   918   936 I ActivityManager: Displayed baseline.com.newsblur/.activity.AllSharedStoriesReading: +192ms
08-06 04:34:13.538 13866 13866 I GoogleInputMethodServic: GoogleInputMethodService.onFinishInput():3138 
08-06 04:34:13.539 13866 13866 I GoogleInputMethodServic: GoogleInputMethodService.onStartInput():1808 
08-06 04:34:13.561 24686 20967 I art     : Explicit concurrent mark sweep GC freed 920(70KB) AllocSpace objects, 1(20KB) LOS objects, 28% free, 40MB/56MB, paused 1.336ms total 39.212ms
08-06 04:34:13.571 24686 20967 I art     : Starting a blocking GC Explicit
08-06 04:34:13.601 22366 22366 I ServiceManager: Waiting for service AtCmdFwd...
08-06 04:34:13.614 24686 20967 I art     : Explicit concurrent mark sweep GC freed 3314(161KB) AllocSpace objects, 2(40KB) LOS objects, 28% free, 41MB/57MB, paused 1.406ms total 42.055ms
08-06 04:34:13.625 24686 20967 I art     : Starting a blocking GC Explicit
08-06 04:34:13.637 24686 21631 E baseline.com.newsblur.network.APIResponse: Error (unexpected end of stream on https://www.newsblur.com/...) calling https://www.newsblur.com/reader/feed_unread_count?feed_id=0
08-06 04:34:13.637 24686 21631 E baseline.com.newsblur.network.APIResponse: java.io.IOException: unexpected end of stream on https://www.newsblur.com/...
08-06 04:34:13.637 24686 21631 E baseline.com.newsblur.network.APIResponse: 	at okhttp3.internal.http1.Http1ExchangeCodec.readResponseHeaders(Http1ExchangeCodec.java:236)
08-06 04:34:13.637 24686 21631 E baseline.com.newsblur.network.APIResponse: 	at okhttp3.internal.connection.Exchange.readResponseHeaders(Exchange.java:115)
08-06 04:34:13.637 24686 21631 E baseline.com.newsblur.network.APIResponse: 	at okhttp3.internal.http.CallServerInterceptor.intercept(CallServerInterceptor.java:94)
08-06 04:34:13.637 24686 21631 E baseline.com.newsblur.network.APIResponse: 	at okhttp3.internal.http.RealInterceptorChain.proceed(RealInterceptorChain.java:142)
08-06 04:34:13.637 24686 21631 E baseline.com.newsblur.network.APIResponse: 	at okhttp3.internal.connection.ConnectInterceptor.intercept(ConnectInterceptor.java:43)
08-06 04:34:13.637 24686 21631 E baseline.com.newsblur.network.APIResponse: 	at okhttp3.internal.http.RealInterceptorChain.proceed(RealInterceptorChain.java:142)
08-06 04:34:13.637 24686 21631 E baseline.com.newsblur.network.APIResponse: 	at okhttp3.internal.http.RealInterceptorChain.proceed(RealInterceptorChain.java:117)
08-06 04:34:13.637 24686 21631 E baseline.com.newsblur.network.APIResponse: 	at okhttp3.internal.cache.CacheInterceptor.intercept(CacheInterceptor.java:94)
08-06 04:34:13.637 24686 21631 E baseline.com.newsblur.network.APIResponse: 	at okhttp3.internal.http.RealInterceptorChain.proceed(RealInterceptorChain.java:142)
08-06 04:34:13.637 24686 21631 E baseline.com.newsblur.network.APIResponse: 	at okhttp3.internal.http.RealInterceptorChain.proceed(RealInterceptorChain.java:117)
08-06 04:34:13.637 24686 21631 E baseline.com.newsblur.network.APIResponse: 	at okhttp3.internal.http.BridgeInterceptor.intercept(BridgeInterceptor.java:93)
08-06 04:34:13.637 24686 21631 E baseline.com.newsblur.network.APIResponse: 	at okhttp3.internal.http.RealInterceptorChain.proceed(RealInterceptorChain.java:142)
08-06 04:34:13.637 24686 21631 E baseline.com.newsblur.network.APIResponse: 	at okhttp3.internal.http.RetryAndFollowUpInterceptor.intercept(RetryAndFollowUpInterceptor.java:88)
08-06 04:34:13.637 24686 21631 E baseline.com.newsblur.network.APIResponse: 	at okhttp3.internal.http.RealInterceptorChain.proceed(RealInterceptorChain.java:142)
08-06 04:34:13.637 24686 21631 E baseline.com.newsblur.network.APIResponse: 	at okhttp3.internal.http.RealInterceptorChain.proceed(RealInterceptorChain.java:117)
08-06 04:34:13.637 24686 21631 E baseline.com.newsblur.network.APIResponse: 	at okhttp3.RealCall.getResponseWithInterceptorChain(RealCall.java:229)
08-06 04:34:13.637 24686 21631 E baseline.com.newsblur.network.APIResponse: 	at okhttp3.RealCall.execute(RealCall.java:81)
08-06 04:34:13.637 24686 21631 E baseline.com.newsblur.network.APIResponse: 	at baseline.com.newsblur.network.APIResponse.<init>(APIResponse.java:57)
08-06 04:34:13.637 24686 21631 E baseline.com.newsblur.network.APIResponse: 	at baseline.com.newsblur.network.APIManager.get_single(APIManager.java:639)
08-06 04:34:13.637 24686 21631 E baseline.com.newsblur.network.APIResponse: 	at baseline.com.newsblur.network.APIManager.get(APIManager.java:625)
08-06 04:34:13.637 24686 21631 E baseline.com.newsblur.network.APIResponse: 	at baseline.com.newsblur.network.APIManager.get(APIManager.java:667)
08-06 04:34:13.637 24686 21631 E baseline.com.newsblur.network.APIResponse: 	at baseline.com.newsblur.network.APIManager.getFeedUnreadCounts(APIManager.java:274)
08-06 04:34:13.637 24686 21631 E baseline.com.newsblur.network.APIResponse: 	at baseline.com.newsblur.service.NBSyncService.checkRecounts(NBSyncService.java:660)
08-06 04:34:13.637 24686 21631 E baseline.com.newsblur.network.APIResponse: 	at baseline.com.newsblur.service.NBSyncService.doSync(NBSyncService.java:310)
08-06 04:34:13.637 24686 21631 E baseline.com.newsblur.network.APIResponse: 	at baseline.com.newsblur.service.NBSyncService.access$100(NBSyncService.java:67)
08-06 04:34:13.637 24686 21631 E baseline.com.newsblur.network.APIResponse: 	at baseline.com.newsblur.service.NBSyncService$1.run(NBSyncService.java:188)
08-06 04:34:13.637 24686 21631 E baseline.com.newsblur.network.APIResponse: 	at java.util.concurrent.ThreadPoolExecutor.runWorker(ThreadPoolExecutor.java:1113)
08-06 04:34:13.637 24686 21631 E baseline.com.newsblur.network.APIResponse: 	at java.util.concurrent.ThreadPoolExecutor$Worker.run(ThreadPoolExecutor.java:588)
08-06 04:34:13.637 24686 21631 E baseline.com.newsblur.network.APIResponse: 	at java.lang.Thread.run(Thread.java:818)
08-06 04:34:13.637 24686 21631 E baseline.com.newsblur.network.APIResponse: Caused by: java.io.EOFException: \n not found: limit=0 content=
08-06 04:34:13.637 24686 21631 E baseline.com.newsblur.network.APIResponse: 	at okio.RealBufferedSource.readUtf8LineStrict(RealBufferedSource.java:240)
08-06 04:34:13.637 24686 21631 E baseline.com.newsblur.network.APIResponse: 	at okhttp3.internal.http1.Http1ExchangeCodec.readHeaderLine(Http1ExchangeCodec.java:242)
08-06 04:34:13.637 24686 21631 E baseline.com.newsblur.network.APIResponse: 	at okhttp3.internal.http1.Http1ExchangeCodec.readResponseHeaders(Http1ExchangeCodec.java:213)
08-06 04:34:13.637 24686 21631 E baseline.com.newsblur.network.APIResponse: 	... 28 more
08-06 04:34:13.638 24686 21631 W baseline.com.newsblur.service.NBSyncService: Bad response to feed_unread_count
08-06 04:34:13.670 24686 20967 I art     : Explicit concurrent mark sweep GC freed 2212(344KB) AllocSpace objects, 14(324KB) LOS objects, 28% free, 41MB/57MB, paused 1.207ms total 44.903ms
08-06 04:34:13.687 24686 20967 I art     : Starting a blocking GC Explicit
08-06 04:34:13.728 24686 20967 I art     : Explicit concurrent mark sweep GC freed 854(62KB) AllocSpace objects, 0(0B) LOS objects, 28% free, 41MB/57MB, paused 1.301ms total 39.852ms
08-06 04:34:13.761 24686 21310 E chromium: [ERROR:tile_manager.cc(793)] WARNING: tile memory limits exceeded, some content may not draw
08-06 04:34:13.762 24686 21310 E chromium: [ERROR:tile_manager.cc(793)] WARNING: tile memory limits exceeded, some content may not draw
08-06 04:34:13.909   512  2967 D audio_hw_primary: disable_audio_route: reset and update mixer path: low-latency-playback speaker
08-06 04:34:13.910   512  2967 D audio_hw_primary: disable_snd_device: snd_device(2: speaker)
08-06 04:34:13.921   512  2967 I soundtrigger: audio_extn_sound_trigger_update_device_status: device 0x2 of type 0 for Event 0
08-06 04:34:13.977   918  3188 I hubconnection: sensorhub said: 'set_bias 3: -6.2400, 0.0000, 0.0000'
08-06 04:34:14.047 24686 24697 I art     : Starting a blocking GC Explicit
08-06 04:34:14.051 24686 21631 I NAPPA_EXPERIMENTATION: MetricNetworkRequestExecutionTime: REQUEST_DURATION_SYSTEM='406',REQUEST_DURATION_OKHTTP='35',REQUEST_SYNCHRONOUS='TRUE',RESPONSE_CODE='200',RESPONSE_METHOD='GET',RESPONSE_LENGTH_OKHTTP='-1',RESPONSE_LENGTH_HEADER='-2',REQUEST_PROTOCOL='http/1.1',REQUEST_URL='https://www.newsblur.com/social/river_stories?order=newest&page=1&read_filter=all',
08-06 04:34:14.051 24686 21631 D MY_TAG  : 0, 406
08-06 04:34:14.088 24686 24697 I art     : Explicit concurrent mark sweep GC freed 7562(475KB) AllocSpace objects, 8(160KB) LOS objects, 27% free, 41MB/57MB, paused 1.164ms total 39.997ms
08-06 04:34:14.099 24686 24697 I art     : Starting a blocking GC Explicit
08-06 04:34:14.139 24686 24697 I art     : Explicit concurrent mark sweep GC freed 1290(69KB) AllocSpace objects, 1(28KB) LOS objects, 27% free, 41MB/57MB, paused 1.039ms total 39.214ms
08-06 04:34:14.149 24686 24697 I art     : Starting a blocking GC Explicit
08-06 04:34:14.189 24686 24697 I art     : Explicit concurrent mark sweep GC freed 341(17KB) AllocSpace objects, 1(28KB) LOS objects, 28% free, 41MB/57MB, paused 1.176ms total 39.332ms
08-06 04:34:14.200 24686 24697 I art     : Starting a blocking GC Explicit
08-06 04:34:14.244 24686 24697 I art     : Explicit concurrent mark sweep GC freed 5(192B) AllocSpace objects, 0(0B) LOS objects, 28% free, 41MB/57MB, paused 1.168ms total 43.677ms
08-06 04:34:14.256 24686 24697 I art     : Starting a blocking GC Explicit
08-06 04:34:14.301 24686 24697 I art     : Explicit concurrent mark sweep GC freed 3(96B) AllocSpace objects, 0(0B) LOS objects, 28% free, 41MB/57MB, paused 1.162ms total 45.574ms
08-06 04:34:14.459 24686 21631 E baseline.com.newsblur.network.APIResponse: Error (unexpected end of stream on https://www.newsblur.com/...) calling https://www.newsblur.com/reader/mark_story_hashes_as_read/
08-06 04:34:14.459 24686 21631 E baseline.com.newsblur.network.APIResponse: java.io.IOException: unexpected end of stream on https://www.newsblur.com/...
08-06 04:34:14.459 24686 21631 E baseline.com.newsblur.network.APIResponse: 	at okhttp3.internal.http1.Http1ExchangeCodec.readResponseHeaders(Http1ExchangeCodec.java:236)
08-06 04:34:14.459 24686 21631 E baseline.com.newsblur.network.APIResponse: 	at okhttp3.internal.connection.Exchange.readResponseHeaders(Exchange.java:115)
08-06 04:34:14.459 24686 21631 E baseline.com.newsblur.network.APIResponse: 	at okhttp3.internal.http.CallServerInterceptor.intercept(CallServerInterceptor.java:94)
08-06 04:34:14.459 24686 21631 E baseline.com.newsblur.network.APIResponse: 	at okhttp3.internal.http.RealInterceptorChain.proceed(RealInterceptorChain.java:142)
08-06 04:34:14.459 24686 21631 E baseline.com.newsblur.network.APIResponse: 	at okhttp3.internal.connection.ConnectInterceptor.intercept(ConnectInterceptor.java:43)
08-06 04:34:14.459 24686 21631 E baseline.com.newsblur.network.APIResponse: 	at okhttp3.internal.http.RealInterceptorChain.proceed(RealInterceptorChain.java:142)
08-06 04:34:14.459 24686 21631 E baseline.com.newsblur.network.APIResponse: 	at okhttp3.internal.http.RealInterceptorChain.proceed(RealInterceptorChain.java:117)
08-06 04:34:14.459 24686 21631 E baseline.com.newsblur.network.APIResponse: 	at okhttp3.internal.cache.CacheInterceptor.intercept(CacheInterceptor.java:94)
08-06 04:34:14.459 24686 21631 E baseline.com.newsblur.network.APIResponse: 	at okhttp3.internal.http.RealInterceptorChain.proceed(RealInterceptorChain.java:142)
08-06 04:34:14.459 24686 21631 E baseline.com.newsblur.network.APIResponse: 	at okhttp3.internal.http.RealInterceptorChain.proceed(RealInterceptorChain.java:117)
08-06 04:34:14.459 24686 21631 E baseline.com.newsblur.network.APIResponse: 	at okhttp3.internal.http.BridgeInterceptor.intercept(BridgeInterceptor.java:93)
08-06 04:34:14.459 24686 21631 E baseline.com.newsblur.network.APIResponse: 	at okhttp3.internal.http.RealInterceptorChain.proceed(RealInterceptorChain.java:142)
08-06 04:34:14.459 24686 21631 E baseline.com.newsblur.network.APIResponse: 	at okhttp3.internal.http.RetryAndFollowUpInterceptor.intercept(RetryAndFollowUpInterceptor.java:88)
08-06 04:34:14.459 24686 21631 E baseline.com.newsblur.network.APIResponse: 	at okhttp3.internal.http.RealInterceptorChain.proceed(RealInterceptorChain.java:142)
08-06 04:34:14.459 24686 21631 E baseline.com.newsblur.network.APIResponse: 	at okhttp3.internal.http.RealInterceptorChain.proceed(RealInterceptorChain.java:117)
08-06 04:34:14.459 24686 21631 E baseline.com.newsblur.network.APIResponse: 	at okhttp3.RealCall.getResponseWithInterceptorChain(RealCall.java:229)
08-06 04:34:14.459 24686 21631 E baseline.com.newsblur.network.APIResponse: 	at okhttp3.RealCall.execute(RealCall.java:81)
08-06 04:34:14.459 24686 21631 E baseline.com.newsblur.network.APIResponse: 	at baseline.com.newsblur.network.APIResponse.<init>(APIResponse.java:57)
08-06 04:34:14.459 24686 21631 E baseline.com.newsblur.network.APIResponse: 	at baseline.com.newsblur.network.APIResponse.<init>(APIResponse.java:43)
08-06 04:34:14.459 24686 21631 E baseline.com.newsblur.network.APIResponse: 	at baseline.com.newsblur.network.APIManager.post_single(APIManager.java:702)
08-06 04:34:14.459 24686 21631 E baseline.com.newsblur.network.APIResponse: 	at baseline.com.newsblur.network.APIManager.post(APIManager.java:675)
08-06 04:34:14.459 24686 21631 E baseline.com.newsblur.network.APIResponse: 	at baseline.com.newsblur.network.APIManager.post(APIManager.java:714)
08-06 04:34:14.459 24686 21631 E baseline.com.newsblur.network.APIResponse: 	at baseline.com.newsblur.network.APIManager.markStoryAsRead(APIManager.java:205)
08-06 04:34:14.459 24686 21631 E baseline.com.newsblur.network.APIResponse: 	at baseline.com.newsblur.util.ReadingAction.doRemote(ReadingAction.java:281)
08-06 04:34:14.459 24686 21631 E baseline.com.newsblur.network.APIResponse: 	at baseline.com.newsblur.service.NBSyncService.syncActions(NBSyncService.java:400)
08-06 04:34:14.459 24686 21631 E baseline.com.newsblur.network.APIResponse: 	at baseline.com.newsblur.service.NBSyncService.doSync(NBSyncService.java:298)
08-06 04:34:14.459 24686 21631 E baseline.com.newsblur.network.APIResponse: 	at baseline.com.newsblur.service.NBSyncService.access$100(NBSyncService.java:67)
08-06 04:34:14.459 24686 21631 E baseline.com.newsblur.network.APIResponse: 	at baseline.com.newsblur.service.NBSyncService$1.run(NBSyncService.java:188)
08-06 04:34:14.459 24686 21631 E baseline.com.newsblur.network.APIResponse: 	at java.util.concurrent.ThreadPoolExecutor.runWorker(ThreadPoolExecutor.java:1113)
08-06 04:34:14.459 24686 21631 E baseline.com.newsblur.network.APIResponse: 	at java.util.concurrent.ThreadPoolExecutor$Worker.run(ThreadPoolExecutor.java:588)
08-06 04:34:14.459 24686 21631 E baseline.com.newsblur.network.APIResponse: 	at java.lang.Thread.run(Thread.java:818)
08-06 04:34:14.459 24686 21631 E baseline.com.newsblur.network.APIResponse: Caused by: java.io.EOFException: \n not found: limit=0 content=
08-06 04:34:14.459 24686 21631 E baseline.com.newsblur.network.APIResponse: 	at okio.RealBufferedSource.readUtf8LineStrict(RealBufferedSource.java:240)
08-06 04:34:14.459 24686 21631 E baseline.com.newsblur.network.APIResponse: 	at okhttp3.internal.http1.Http1ExchangeCodec.readHeaderLine(Http1ExchangeCodec.java:242)
08-06 04:34:14.459 24686 21631 E baseline.com.newsblur.network.APIResponse: 	at okhttp3.internal.http1.Http1ExchangeCodec.readResponseHeaders(Http1ExchangeCodec.java:213)
08-06 04:34:14.459 24686 21631 E baseline.com.newsblur.network.APIResponse: 	... 30 more
08-06 04:34:14.460 24686 21631 I baseline.com.newsblur.network.APIManager: API call failed, pausing before retry number 1
08-06 04:34:14.602 22366 22366 I ServiceManager: Waiting for service AtCmdFwd...
08-06 04:34:14.633 24686 24698 I art     : Starting a blocking GC Explicit
08-06 04:34:14.638   518   646 I ThermalEngine: ACTION: GPU - Setting GPU[0] to 450000000
08-06 04:34:14.690 24686 24698 I art     : Explicit concurrent mark sweep GC freed 3937(356KB) AllocSpace objects, 3(60KB) LOS objects, 28% free, 41MB/57MB, paused 1.496ms total 56.918ms
08-06 04:34:14.704 24686 24698 I art     : Starting a blocking GC Explicit
08-06 04:34:14.733 13866 13866 I JobSchedulerImpl: JobSchedulerImpl$TaskRunnerJobService.onStartJob():185 onStartJob(): PeriodicStats.
08-06 04:34:14.757 24686 24698 I art     : Explicit concurrent mark sweep GC freed 185(19KB) AllocSpace objects, 1(20KB) LOS objects, 28% free, 41MB/57MB, paused 1.391ms total 52.395ms
08-06 04:34:14.771 24686 24698 I art     : Starting a blocking GC Explicit
08-06 04:34:14.782 13866 13866 I PeriodicStatsRunner: PeriodicStatsRunner.onRunTask():152 No submit PeriodicStats since input started.
08-06 04:34:14.825 24686 24698 I art     : Explicit concurrent mark sweep GC freed 18(832B) AllocSpace objects, 0(0B) LOS objects, 28% free, 41MB/57MB, paused 1.375ms total 53.593ms
08-06 04:34:14.842 24686 24698 I art     : Starting a blocking GC Explicit
08-06 04:34:14.897 24686 24698 I art     : Explicit concurrent mark sweep GC freed 18(576B) AllocSpace objects, 0(0B) LOS objects, 28% free, 41MB/57MB, paused 1.507ms total 54.294ms
08-06 04:34:14.911 24686 24698 I art     : Starting a blocking GC Explicit
08-06 04:34:14.964 24686 24698 I art     : Explicit concurrent mark sweep GC freed 19(608B) AllocSpace objects, 0(0B) LOS objects, 28% free, 41MB/57MB, paused 1.574ms total 52.628ms
08-06 04:34:14.964 24686 24696 I art     : WaitForGcToComplete blocked for 19.223ms for cause HeapTrim
08-06 04:34:15.347 24686 24697 I art     : Starting a blocking GC Explicit
08-06 04:34:15.408 24686 24697 I art     : Explicit concurrent mark sweep GC freed 1467(83KB) AllocSpace objects, 1(20KB) LOS objects, 28% free, 41MB/57MB, paused 1.491ms total 61.034ms
08-06 04:34:15.422 24686 24697 I art     : Starting a blocking GC Explicit
08-06 04:34:15.482 24686 24697 I art     : Explicit concurrent mark sweep GC freed 22(784B) AllocSpace objects, 0(0B) LOS objects, 28% free, 41MB/57MB, paused 1.600ms total 59.856ms
08-06 04:34:15.485   918  3261 D WifiStateMachine: starting scan for "H369AA63323"WPA_PSK with 2412,5180
08-06 04:34:15.497 24686 24697 I art     : Starting a blocking GC Explicit
08-06 04:34:15.555 24686 24697 I art     : Explicit concurrent mark sweep GC freed 3(96B) AllocSpace objects, 0(0B) LOS objects, 28% free, 41MB/57MB, paused 1.450ms total 57.974ms
08-06 04:34:15.570 24686 24697 I art     : Starting a blocking GC Explicit
08-06 04:34:15.602 22366 22366 I ServiceManager: Waiting for service AtCmdFwd...
08-06 04:34:15.625 24686 24697 I art     : Explicit concurrent mark sweep GC freed 3(96B) AllocSpace objects, 0(0B) LOS objects, 28% free, 41MB/57MB, paused 1.558ms total 55.294ms
08-06 04:34:15.640 24686 24697 I art     : Starting a blocking GC Explicit
08-06 04:34:15.700 24686 24697 I art     : Explicit concurrent mark sweep GC freed 3(96B) AllocSpace objects, 0(0B) LOS objects, 28% free, 41MB/57MB, paused 1.531ms total 59.168ms
08-06 04:34:16.084 24686 20764 I art     : Starting a blocking GC Explicit
08-06 04:34:16.148 24686 20764 I art     : Explicit concurrent mark sweep GC freed 1610(91KB) AllocSpace objects, 1(20KB) LOS objects, 28% free, 41MB/57MB, paused 1.608ms total 64.079ms
08-06 04:34:16.167 24686 20764 I art     : Starting a blocking GC Explicit
08-06 04:34:16.223 24686 20764 I art     : Explicit concurrent mark sweep GC freed 28(1040B) AllocSpace objects, 0(0B) LOS objects, 28% free, 41MB/57MB, paused 1.573ms total 56.101ms
08-06 04:34:16.237 24686 20764 I art     : Starting a blocking GC Explicit
08-06 04:34:16.297 24686 20764 I art     : Explicit concurrent mark sweep GC freed 3(96B) AllocSpace objects, 0(0B) LOS objects, 28% free, 41MB/57MB, paused 1.576ms total 59.074ms
08-06 04:34:16.311 24686 20764 I art     : Starting a blocking GC Explicit
08-06 04:34:16.368 24686 20764 I art     : Explicit concurrent mark sweep GC freed 3(96B) AllocSpace objects, 0(0B) LOS objects, 28% free, 41MB/57MB, paused 1.747ms total 57.394ms
08-06 04:34:16.383 24686 20764 I art     : Starting a blocking GC Explicit
08-06 04:34:16.442 24686 20764 I art     : Explicit concurrent mark sweep GC freed 3(96B) AllocSpace objects, 0(0B) LOS objects, 28% free, 41MB/57MB, paused 1.546ms total 58.557ms
08-06 04:34:16.519 24686 21631 E baseline.com.newsblur.network.APIResponse: Error (unexpected end of stream on https://www.newsblur.com/...) calling https://www.newsblur.com/reader/mark_story_hashes_as_read/
08-06 04:34:16.519 24686 21631 E baseline.com.newsblur.network.APIResponse: java.io.IOException: unexpected end of stream on https://www.newsblur.com/...
08-06 04:34:16.519 24686 21631 E baseline.com.newsblur.network.APIResponse: 	at okhttp3.internal.http1.Http1ExchangeCodec.readResponseHeaders(Http1ExchangeCodec.java:236)
08-06 04:34:16.519 24686 21631 E baseline.com.newsblur.network.APIResponse: 	at okhttp3.internal.connection.Exchange.readResponseHeaders(Exchange.java:115)
08-06 04:34:16.519 24686 21631 E baseline.com.newsblur.network.APIResponse: 	at okhttp3.internal.http.CallServerInterceptor.intercept(CallServerInterceptor.java:94)
08-06 04:34:16.519 24686 21631 E baseline.com.newsblur.network.APIResponse: 	at okhttp3.internal.http.RealInterceptorChain.proceed(RealInterceptorChain.java:142)
08-06 04:34:16.519 24686 21631 E baseline.com.newsblur.network.APIResponse: 	at okhttp3.internal.connection.ConnectInterceptor.intercept(ConnectInterceptor.java:43)
08-06 04:34:16.519 24686 21631 E baseline.com.newsblur.network.APIResponse: 	at okhttp3.internal.http.RealInterceptorChain.proceed(RealInterceptorChain.java:142)
08-06 04:34:16.519 24686 21631 E baseline.com.newsblur.network.APIResponse: 	at okhttp3.internal.http.RealInterceptorChain.proceed(RealInterceptorChain.java:117)
08-06 04:34:16.519 24686 21631 E baseline.com.newsblur.network.APIResponse: 	at okhttp3.internal.cache.CacheInterceptor.intercept(CacheInterceptor.java:94)
08-06 04:34:16.519 24686 21631 E baseline.com.newsblur.network.APIResponse: 	at okhttp3.internal.http.RealInterceptorChain.proceed(RealInterceptorChain.java:142)
08-06 04:34:16.519 24686 21631 E baseline.com.newsblur.network.APIResponse: 	at okhttp3.internal.http.RealInterceptorChain.proceed(RealInterceptorChain.java:117)
08-06 04:34:16.519 24686 21631 E baseline.com.newsblur.network.APIResponse: 	at okhttp3.internal.http.BridgeInterceptor.intercept(BridgeInterceptor.java:93)
08-06 04:34:16.519 24686 21631 E baseline.com.newsblur.network.APIResponse: 	at okhttp3.internal.http.RealInterceptorChain.proceed(RealInterceptorChain.java:142)
08-06 04:34:16.519 24686 21631 E baseline.com.newsblur.network.APIResponse: 	at okhttp3.internal.http.RetryAndFollowUpInterceptor.intercept(RetryAndFollowUpInterceptor.java:88)
08-06 04:34:16.519 24686 21631 E baseline.com.newsblur.network.APIResponse: 	at okhttp3.internal.http.RealInterceptorChain.proceed(RealInterceptorChain.java:142)
08-06 04:34:16.519 24686 21631 E baseline.com.newsblur.network.APIResponse: 	at okhttp3.internal.http.RealInterceptorChain.proceed(RealInterceptorChain.java:117)
08-06 04:34:16.519 24686 21631 E baseline.com.newsblur.network.APIResponse: 	at okhttp3.RealCall.getResponseWithInterceptorChain(RealCall.java:229)
08-06 04:34:16.519 24686 21631 E baseline.com.newsblur.network.APIResponse: 	at okhttp3.RealCall.execute(RealCall.java:81)
08-06 04:34:16.519 24686 21631 E baseline.com.newsblur.network.APIResponse: 	at baseline.com.newsblur.network.APIResponse.<init>(APIResponse.java:57)
08-06 04:34:16.519 24686 21631 E baseline.com.newsblur.network.APIResponse: 	at baseline.com.newsblur.network.APIResponse.<init>(APIResponse.java:43)
08-06 04:34:16.519 24686 21631 E baseline.com.newsblur.network.APIResponse: 	at baseline.com.newsblur.network.APIManager.post_single(APIManager.java:702)
08-06 04:34:16.519 24686 21631 E baseline.com.newsblur.network.APIResponse: 	at baseline.com.newsblur.network.APIManager.post(APIManager.java:675)
08-06 04:34:16.519 24686 21631 E baseline.com.newsblur.network.APIResponse: 	at baseline.com.newsblur.network.APIManager.post(APIManager.java:714)
08-06 04:34:16.519 24686 21631 E baseline.com.newsblur.network.APIResponse: 	at baseline.com.newsblur.network.APIManager.markStoryAsRead(APIManager.java:205)
08-06 04:34:16.519 24686 21631 E baseline.com.newsblur.network.APIResponse: 	at baseline.com.newsblur.util.ReadingAction.doRemote(ReadingAction.java:281)
08-06 04:34:16.519 24686 21631 E baseline.com.newsblur.network.APIResponse: 	at baseline.com.newsblur.service.NBSyncService.syncActions(NBSyncService.java:400)
08-06 04:34:16.519 24686 21631 E baseline.com.newsblur.network.APIResponse: 	at baseline.com.newsblur.service.NBSyncService.doSync(NBSyncService.java:298)
08-06 04:34:16.519 24686 21631 E baseline.com.newsblur.network.APIResponse: 	at baseline.com.newsblur.service.NBSyncService.access$100(NBSyncService.java:67)
08-06 04:34:16.519 24686 21631 E baseline.com.newsblur.network.APIResponse: 	at baseline.com.newsblur.service.NBSyncService$1.run(NBSyncService.java:188)
08-06 04:34:16.519 24686 21631 E baseline.com.newsblur.network.APIResponse: 	at java.util.concurrent.ThreadPoolExecutor.runWorker(ThreadPoolExecutor.java:1113)
08-06 04:34:16.519 24686 21631 E baseline.com.newsblur.network.APIResponse: 	at java.util.concurrent.ThreadPoolExecutor$Worker.run(ThreadPoolExecutor.java:588)
08-06 04:34:16.519 24686 21631 E baseline.com.newsblur.network.APIResponse: 	at java.lang.Thread.run(Thread.java:818)
08-06 04:34:16.519 24686 21631 E baseline.com.newsblur.network.APIResponse: Caused by: java.io.EOFException: \n not found: limit=0 content=
08-06 04:34:16.519 24686 21631 E baseline.com.newsblur.network.APIResponse: 	at okio.RealBufferedSource.readUtf8LineStrict(RealBufferedSource.java:240)
08-06 04:34:16.519 24686 21631 E baseline.com.newsblur.network.APIResponse: 	at okhttp3.internal.http1.Http1ExchangeCodec.readHeaderLine(Http1ExchangeCodec.java:242)
08-06 04:34:16.519 24686 21631 E baseline.com.newsblur.network.APIResponse: 	at okhttp3.internal.http1.Http1ExchangeCodec.readResponseHeaders(Http1ExchangeCodec.java:213)
08-06 04:34:16.519 24686 21631 E baseline.com.newsblur.network.APIResponse: 	... 30 more
08-06 04:34:16.521 24686 21631 I baseline.com.newsblur.network.APIManager: API call failed, pausing before retry number 2
08-06 04:34:16.603 22366 22366 I ServiceManager: Waiting for service AtCmdFwd...
08-06 04:34:16.825 24686 20967 I art     : Starting a blocking GC Explicit
08-06 04:34:16.889 24686 20967 I art     : Explicit concurrent mark sweep GC freed 3957(357KB) AllocSpace objects, 3(60KB) LOS objects, 28% free, 41MB/57MB, paused 1.770ms total 63.453ms
08-06 04:34:16.906 24686 20967 I art     : Starting a blocking GC Explicit
08-06 04:34:16.963 24686 20967 I art     : Explicit concurrent mark sweep GC freed 120(4KB) AllocSpace objects, 0(0B) LOS objects, 28% free, 41MB/57MB, paused 1.494ms total 56.626ms
08-06 04:34:16.977 24686 20967 I art     : Starting a blocking GC Explicit
08-06 04:34:17.037 24686 20967 I art     : Explicit concurrent mark sweep GC freed 3(96B) AllocSpace objects, 0(0B) LOS objects, 28% free, 41MB/57MB, paused 1.553ms total 59.522ms
08-06 04:34:17.051 24686 20967 I art     : Starting a blocking GC Explicit
08-06 04:34:17.107 24686 20967 I art     : Explicit concurrent mark sweep GC freed 3(96B) AllocSpace objects, 0(0B) LOS objects, 28% free, 41MB/57MB, paused 1.551ms total 55.846ms
08-06 04:34:17.122 24686 20967 I art     : Starting a blocking GC Explicit
08-06 04:34:17.181 24686 20967 I art     : Explicit concurrent mark sweep GC freed 3(96B) AllocSpace objects, 0(0B) LOS objects, 28% free, 41MB/57MB, paused 1.491ms total 58.513ms
08-06 04:34:17.576 24686 24698 I art     : Starting a blocking GC Explicit
08-06 04:34:17.603 22366 22366 W Atfwd_Sendcmd: AtCmdFwd service not published, waiting... retryCnt : 1
08-06 04:34:17.637 24686 24698 I art     : Explicit concurrent mark sweep GC freed 1446(83KB) AllocSpace objects, 1(20KB) LOS objects, 28% free, 41MB/57MB, paused 1.533ms total 60.953ms
08-06 04:34:17.654 24686 24698 I art     : Starting a blocking GC Explicit
08-06 04:34:17.711 24686 24698 I art     : Explicit concurrent mark sweep GC freed 22(784B) AllocSpace objects, 0(0B) LOS objects, 28% free, 41MB/57MB, paused 1.500ms total 56.856ms
08-06 04:34:17.725 24686 24698 I art     : Starting a blocking GC Explicit
08-06 04:34:17.784 24686 24698 I art     : Explicit concurrent mark sweep GC freed 3(96B) AllocSpace objects, 0(0B) LOS objects, 28% free, 41MB/57MB, paused 1.523ms total 59.378ms
08-06 04:34:17.799 24686 24698 I art     : Starting a blocking GC Explicit
08-06 04:34:17.857 24686 24698 I art     : Explicit concurrent mark sweep GC freed 3(96B) AllocSpace objects, 0(0B) LOS objects, 28% free, 41MB/57MB, paused 1.558ms total 57.316ms
08-06 04:34:17.871 24686 24698 I art     : Starting a blocking GC Explicit
08-06 04:34:17.932 24686 24698 I art     : Explicit concurrent mark sweep GC freed 3(96B) AllocSpace objects, 0(0B) LOS objects, 28% free, 41MB/57MB, paused 1.569ms total 60.415ms
08-06 04:34:18.341 24686 24697 I art     : Starting a blocking GC Explicit
08-06 04:34:18.405 24686 24697 I art     : Explicit concurrent mark sweep GC freed 1446(83KB) AllocSpace objects, 1(20KB) LOS objects, 28% free, 41MB/57MB, paused 1.595ms total 63.238ms
08-06 04:34:18.423 24686 24697 I art     : Starting a blocking GC Explicit
08-06 04:34:18.480 24686 24697 I art     : Explicit concurrent mark sweep GC freed 22(784B) AllocSpace objects, 0(0B) LOS objects, 28% free, 41MB/57MB, paused 1.537ms total 56.286ms
08-06 04:34:18.494 24686 24697 I art     : Starting a blocking GC Explicit
08-06 04:34:18.552 24686 24697 I art     : Explicit concurrent mark sweep GC freed 3(96B) AllocSpace objects, 0(0B) LOS objects, 28% free, 41MB/57MB, paused 1.473ms total 58.110ms
08-06 04:34:18.566 24686 24697 I art     : Starting a blocking GC Explicit
08-06 04:34:18.623 24686 24697 I art     : Explicit concurrent mark sweep GC freed 3(96B) AllocSpace objects, 0(0B) LOS objects, 28% free, 41MB/57MB, paused 1.546ms total 56.747ms
08-06 04:34:18.638 24686 24697 I art     : Starting a blocking GC Explicit
08-06 04:34:18.699 24686 24697 I art     : Explicit concurrent mark sweep GC freed 3(96B) AllocSpace objects, 0(0B) LOS objects, 28% free, 41MB/57MB, paused 1.571ms total 60.920ms
08-06 04:34:19.110 24686 20764 I art     : Starting a blocking GC Explicit
08-06 04:34:19.172 24686 20764 I art     : Explicit concurrent mark sweep GC freed 1445(83KB) AllocSpace objects, 1(20KB) LOS objects, 28% free, 41MB/57MB, paused 1.613ms total 61.993ms
08-06 04:34:19.189 24686 20764 I art     : Starting a blocking GC Explicit
08-06 04:34:19.246 24686 20764 I art     : Explicit concurrent mark sweep GC freed 22(784B) AllocSpace objects, 0(0B) LOS objects, 28% free, 41MB/57MB, paused 1.495ms total 56.306ms
08-06 04:34:19.260 24686 20764 I art     : Starting a blocking GC Explicit
08-06 04:34:19.319 24686 20764 I art     : Explicit concurrent mark sweep GC freed 3(96B) AllocSpace objects, 0(0B) LOS objects, 28% free, 41MB/57MB, paused 1.515ms total 58.439ms
08-06 04:34:19.333 24686 20764 I art     : Starting a blocking GC Explicit
08-06 04:34:19.391 24686 20764 I art     : Explicit concurrent mark sweep GC freed 3(96B) AllocSpace objects, 0(0B) LOS objects, 28% free, 41MB/57MB, paused 1.601ms total 57.864ms
08-06 04:34:19.406 24686 20764 I art     : Starting a blocking GC Explicit
08-06 04:34:19.466 24686 20764 I art     : Explicit concurrent mark sweep GC freed 3(96B) AllocSpace objects, 0(0B) LOS objects, 28% free, 41MB/57MB, paused 1.475ms total 59.329ms
08-06 04:34:19.649   518   646 I ThermalEngine: ACTION: GPU - Setting GPU[0] to 510000000
08-06 04:34:19.835 24686 20967 I art     : Starting a blocking GC Explicit
08-06 04:34:19.883 24686 20967 I art     : Explicit concurrent mark sweep GC freed 1609(91KB) AllocSpace objects, 1(20KB) LOS objects, 28% free, 41MB/57MB, paused 2.078ms total 47.712ms
08-06 04:34:19.893 24686 20967 I art     : Starting a blocking GC Explicit
08-06 04:34:19.936 24686 20967 I art     : Explicit concurrent mark sweep GC freed 28(1040B) AllocSpace objects, 0(0B) LOS objects, 28% free, 41MB/57MB, paused 1.163ms total 42.487ms
08-06 04:34:19.947 24686 20967 I art     : Starting a blocking GC Explicit
08-06 04:34:19.990 24686 20967 I art     : Explicit concurrent mark sweep GC freed 3(96B) AllocSpace objects, 0(0B) LOS objects, 28% free, 41MB/57MB, paused 1.168ms total 42.437ms
08-06 04:34:20.000 24686 20967 I art     : Starting a blocking GC Explicit
08-06 04:34:20.044 24686 20967 I art     : Explicit concurrent mark sweep GC freed 3(96B) AllocSpace objects, 0(0B) LOS objects, 28% free, 41MB/57MB, paused 1.221ms total 43.588ms
08-06 04:34:20.055 24686 20967 I art     : Starting a blocking GC Explicit
08-06 04:34:20.100 24686 20967 I art     : Explicit concurrent mark sweep GC freed 1589(62KB) AllocSpace objects, 0(0B) LOS objects, 27% free, 41MB/57MB, paused 1.231ms total 44.577ms
08-06 04:34:20.113 24686 21631 E baseline.com.newsblur.network.APIResponse: Error (unexpected end of stream on https://www.newsblur.com/...) calling https://www.newsblur.com/reader/mark_story_hashes_as_read/
08-06 04:34:20.113 24686 21631 E baseline.com.newsblur.network.APIResponse: java.io.IOException: unexpected end of stream on https://www.newsblur.com/...
08-06 04:34:20.113 24686 21631 E baseline.com.newsblur.network.APIResponse: 	at okhttp3.internal.http1.Http1ExchangeCodec.readResponseHeaders(Http1ExchangeCodec.java:236)
08-06 04:34:20.113 24686 21631 E baseline.com.newsblur.network.APIResponse: 	at okhttp3.internal.connection.Exchange.readResponseHeaders(Exchange.java:115)
08-06 04:34:20.113 24686 21631 E baseline.com.newsblur.network.APIResponse: 	at okhttp3.internal.http.CallServerInterceptor.intercept(CallServerInterceptor.java:94)
08-06 04:34:20.113 24686 21631 E baseline.com.newsblur.network.APIResponse: 	at okhttp3.internal.http.RealInterceptorChain.proceed(RealInterceptorChain.java:142)
08-06 04:34:20.113 24686 21631 E baseline.com.newsblur.network.APIResponse: 	at okhttp3.internal.connection.ConnectInterceptor.intercept(ConnectInterceptor.java:43)
08-06 04:34:20.113 24686 21631 E baseline.com.newsblur.network.APIResponse: 	at okhttp3.internal.http.RealInterceptorChain.proceed(RealInterceptorChain.java:142)
08-06 04:34:20.113 24686 21631 E baseline.com.newsblur.network.APIResponse: 	at okhttp3.internal.http.RealInterceptorChain.proceed(RealInterceptorChain.java:117)
08-06 04:34:20.113 24686 21631 E baseline.com.newsblur.network.APIResponse: 	at okhttp3.internal.cache.CacheInterceptor.intercept(CacheInterceptor.java:94)
08-06 04:34:20.113 24686 21631 E baseline.com.newsblur.network.APIResponse: 	at okhttp3.internal.http.RealInterceptorChain.proceed(RealInterceptorChain.java:142)
08-06 04:34:20.113 24686 21631 E baseline.com.newsblur.network.APIResponse: 	at okhttp3.internal.http.RealInterceptorChain.proceed(RealInterceptorChain.java:117)
08-06 04:34:20.113 24686 21631 E baseline.com.newsblur.network.APIResponse: 	at okhttp3.internal.http.BridgeInterceptor.intercept(BridgeInterceptor.java:93)
08-06 04:34:20.113 24686 21631 E baseline.com.newsblur.network.APIResponse: 	at okhttp3.internal.http.RealInterceptorChain.proceed(RealInterceptorChain.java:142)
08-06 04:34:20.113 24686 21631 E baseline.com.newsblur.network.APIResponse: 	at okhttp3.internal.http.RetryAndFollowUpInterceptor.intercept(RetryAndFollowUpInterceptor.java:88)
08-06 04:34:20.113 24686 21631 E baseline.com.newsblur.network.APIResponse: 	at okhttp3.internal.http.RealInterceptorChain.proceed(RealInterceptorChain.java:142)
08-06 04:34:20.113 24686 21631 E baseline.com.newsblur.network.APIResponse: 	at okhttp3.internal.http.RealInterceptorChain.proceed(RealInterceptorChain.java:117)
08-06 04:34:20.113 24686 21631 E baseline.com.newsblur.network.APIResponse: 	at okhttp3.RealCall.getResponseWithInterceptorChain(RealCall.java:229)
08-06 04:34:20.113 24686 21631 E baseline.com.newsblur.network.APIResponse: 	at okhttp3.RealCall.execute(RealCall.java:81)
08-06 04:34:20.113 24686 21631 E baseline.com.newsblur.network.APIResponse: 	at baseline.com.newsblur.network.APIResponse.<init>(APIResponse.java:57)
08-06 04:34:20.113 24686 21631 E baseline.com.newsblur.network.APIResponse: 	at baseline.com.newsblur.network.APIResponse.<init>(APIResponse.java:43)
08-06 04:34:20.113 24686 21631 E baseline.com.newsblur.network.APIResponse: 	at baseline.com.newsblur.network.APIManager.post_single(APIManager.java:702)
08-06 04:34:20.113 24686 21631 E baseline.com.newsblur.network.APIResponse: 	at baseline.com.newsblur.network.APIManager.post(APIManager.java:675)
08-06 04:34:20.113 24686 21631 E baseline.com.newsblur.network.APIResponse: 	at baseline.com.newsblur.network.APIManager.post(APIManager.java:714)
08-06 04:34:20.113 24686 21631 E baseline.com.newsblur.network.APIResponse: 	at baseline.com.newsblur.network.APIManager.markStoryAsRead(APIManager.java:205)
08-06 04:34:20.113 24686 21631 E baseline.com.newsblur.network.APIResponse: 	at baseline.com.newsblur.util.ReadingAction.doRemote(ReadingAction.java:281)
08-06 04:34:20.113 24686 21631 E baseline.com.newsblur.network.APIResponse: 	at baseline.com.newsblur.service.NBSyncService.syncActions(NBSyncService.java:400)
08-06 04:34:20.113 24686 21631 E baseline.com.newsblur.network.APIResponse: 	at baseline.com.newsblur.service.NBSyncService.doSync(NBSyncService.java:298)
08-06 04:34:20.113 24686 21631 E baseline.com.newsblur.network.APIResponse: 	at baseline.com.newsblur.service.NBSyncService.access$100(NBSyncService.java:67)
08-06 04:34:20.113 24686 21631 E baseline.com.newsblur.network.APIResponse: 	at baseline.com.newsblur.service.NBSyncService$1.run(NBSyncService.java:188)
08-06 04:34:20.113 24686 21631 E baseline.com.newsblur.network.APIResponse: 	at java.util.concurrent.ThreadPoolExecutor.runWorker(ThreadPoolExecutor.java:1113)
08-06 04:34:20.113 24686 21631 E baseline.com.newsblur.network.APIResponse: 	at java.util.concurrent.ThreadPoolExecutor$Worker.run(ThreadPoolExecutor.java:588)
08-06 04:34:20.113 24686 21631 E baseline.com.newsblur.network.APIResponse: 	at java.lang.Thread.run(Thread.java:818)
08-06 04:34:20.113 24686 21631 E baseline.com.newsblur.network.APIResponse: Caused by: java.io.EOFException: \n not found: limit=0 content=
08-06 04:34:20.113 24686 21631 E baseline.com.newsblur.network.APIResponse: 	at okio.RealBufferedSource.readUtf8LineStrict(RealBufferedSource.java:240)
08-06 04:34:20.113 24686 21631 E baseline.com.newsblur.network.APIResponse: 	at okhttp3.internal.http1.Http1ExchangeCodec.readHeaderLine(Http1ExchangeCodec.java:242)
08-06 04:34:20.113 24686 21631 E baseline.com.newsblur.network.APIResponse: 	at okhttp3.internal.http1.Http1ExchangeCodec.readResponseHeaders(Http1ExchangeCodec.java:213)
08-06 04:34:20.113 24686 21631 E baseline.com.newsblur.network.APIResponse: 	... 30 more
08-06 04:34:20.115 24686 21631 I baseline.com.newsblur.service.NBSyncService: Holding reading action with server-side or network error.
08-06 04:34:20.129 24686 21631 W baseline.com.newsblur.service.NBSyncService: hard API failure
08-06 04:34:20.466 24686 24698 I art     : Starting a blocking GC Explicit
08-06 04:34:20.513 24686 24698 I art     : Explicit concurrent mark sweep GC freed 2819(346KB) AllocSpace objects, 5(100KB) LOS objects, 28% free, 41MB/57MB, paused 1.158ms total 47.262ms
08-06 04:34:20.524 24686 24698 I art     : Starting a blocking GC Explicit
08-06 04:34:20.569 24686 24698 I art     : Explicit concurrent mark sweep GC freed 729(29KB) AllocSpace objects, 0(0B) LOS objects, 27% free, 41MB/57MB, paused 1.335ms total 44.995ms
08-06 04:34:20.581 24686 24698 I art     : Starting a blocking GC Explicit
08-06 04:34:20.625 24686 24698 I art     : Explicit concurrent mark sweep GC freed 1746(77KB) AllocSpace objects, 0(0B) LOS objects, 27% free, 41MB/57MB, paused 1.222ms total 43.732ms
08-06 04:34:20.636 24686 24698 I art     : Starting a blocking GC Explicit
08-06 04:34:20.641 24686 21631 E baseline.com.newsblur.network.APIResponse: Error (unexpected end of stream on https://www.newsblur.com/...) calling https://www.newsblur.com/reader/mark_story_hashes_as_read/
08-06 04:34:20.641 24686 21631 E baseline.com.newsblur.network.APIResponse: java.io.IOException: unexpected end of stream on https://www.newsblur.com/...
08-06 04:34:20.641 24686 21631 E baseline.com.newsblur.network.APIResponse: 	at okhttp3.internal.http1.Http1ExchangeCodec.readResponseHeaders(Http1ExchangeCodec.java:236)
08-06 04:34:20.641 24686 21631 E baseline.com.newsblur.network.APIResponse: 	at okhttp3.internal.connection.Exchange.readResponseHeaders(Exchange.java:115)
08-06 04:34:20.641 24686 21631 E baseline.com.newsblur.network.APIResponse: 	at okhttp3.internal.http.CallServerInterceptor.intercept(CallServerInterceptor.java:94)
08-06 04:34:20.641 24686 21631 E baseline.com.newsblur.network.APIResponse: 	at okhttp3.internal.http.RealInterceptorChain.proceed(RealInterceptorChain.java:142)
08-06 04:34:20.641 24686 21631 E baseline.com.newsblur.network.APIResponse: 	at okhttp3.internal.connection.ConnectInterceptor.intercept(ConnectInterceptor.java:43)
08-06 04:34:20.641 24686 21631 E baseline.com.newsblur.network.APIResponse: 	at okhttp3.internal.http.RealInterceptorChain.proceed(RealInterceptorChain.java:142)
08-06 04:34:20.641 24686 21631 E baseline.com.newsblur.network.APIResponse: 	at okhttp3.internal.http.RealInterceptorChain.proceed(RealInterceptorChain.java:117)
08-06 04:34:20.641 24686 21631 E baseline.com.newsblur.network.APIResponse: 	at okhttp3.internal.cache.CacheInterceptor.intercept(CacheInterceptor.java:94)
08-06 04:34:20.641 24686 21631 E baseline.com.newsblur.network.APIResponse: 	at okhttp3.internal.http.RealInterceptorChain.proceed(RealInterceptorChain.java:142)
08-06 04:34:20.641 24686 21631 E baseline.com.newsblur.network.APIResponse: 	at okhttp3.internal.http.RealInterceptorChain.proceed(RealInterceptorChain.java:117)
08-06 04:34:20.641 24686 21631 E baseline.com.newsblur.network.APIResponse: 	at okhttp3.internal.http.BridgeInterceptor.intercept(BridgeInterceptor.java:93)
08-06 04:34:20.641 24686 21631 E baseline.com.newsblur.network.APIResponse: 	at okhttp3.internal.http.RealInterceptorChain.proceed(RealInterceptorChain.java:142)
08-06 04:34:20.641 24686 21631 E baseline.com.newsblur.network.APIResponse: 	at okhttp3.internal.http.RetryAndFollowUpInterceptor.intercept(RetryAndFollowUpInterceptor.java:88)
08-06 04:34:20.641 24686 21631 E baseline.com.newsblur.network.APIResponse: 	at okhttp3.internal.http.RealInterceptorChain.proceed(RealInterceptorChain.java:142)
08-06 04:34:20.641 24686 21631 E baseline.com.newsblur.network.APIResponse: 	at okhttp3.internal.http.RealInterceptorChain.proceed(RealInterceptorChain.java:117)
08-06 04:34:20.641 24686 21631 E baseline.com.newsblur.network.APIResponse: 	at okhttp3.RealCall.getResponseWithInterceptorChain(RealCall.java:229)
08-06 04:34:20.641 24686 21631 E baseline.com.newsblur.network.APIResponse: 	at okhttp3.RealCall.execute(RealCall.java:81)
08-06 04:34:20.641 24686 21631 E baseline.com.newsblur.network.APIResponse: 	at baseline.com.newsblur.network.APIResponse.<init>(APIResponse.java:57)
08-06 04:34:20.641 24686 21631 E baseline.com.newsblur.network.APIResponse: 	at baseline.com.newsblur.network.APIResponse.<init>(APIResponse.java:43)
08-06 04:34:20.641 24686 21631 E baseline.com.newsblur.network.APIResponse: 	at baseline.com.newsblur.network.APIManager.post_single(APIManager.java:702)
08-06 04:34:20.641 24686 21631 E baseline.com.newsblur.network.APIResponse: 	at baseline.com.newsblur.network.APIManager.post(APIManager.java:675)
08-06 04:34:20.641 24686 21631 E baseline.com.newsblur.network.APIResponse: 	at baseline.com.newsblur.network.APIManager.post(APIManager.java:714)
08-06 04:34:20.641 24686 21631 E baseline.com.newsblur.network.APIResponse: 	at baseline.com.newsblur.network.APIManager.markStoryAsRead(APIManager.java:205)
08-06 04:34:20.641 24686 21631 E baseline.com.newsblur.network.APIResponse: 	at baseline.com.newsblur.util.ReadingAction.doRemote(ReadingAction.java:281)
08-06 04:34:20.641 24686 21631 E baseline.com.newsblur.network.APIResponse: 	at baseline.com.newsblur.service.NBSyncService.syncActions(NBSyncService.java:400)
08-06 04:34:20.641 24686 21631 E baseline.com.newsblur.network.APIResponse: 	at baseline.com.newsblur.service.NBSyncService.doSync(NBSyncService.java:298)
08-06 04:34:20.641 24686 21631 E baseline.com.newsblur.network.APIResponse: 	at baseline.com.newsblur.service.NBSyncService.access$100(NBSyncService.java:67)
08-06 04:34:20.641 24686 21631 E baseline.com.newsblur.network.APIResponse: 	at baseline.com.newsblur.service.NBSyncService$1.run(NBSyncService.java:188)
08-06 04:34:20.641 24686 21631 E baseline.com.newsblur.network.APIResponse: 	at java.util.concurrent.ThreadPoolExecutor.runWorker(ThreadPoolExecutor.java:1113)
08-06 04:34:20.641 24686 21631 E baseline.com.newsblur.network.APIResponse: 	at java.util.concurrent.ThreadPoolExecutor$Worker.run(ThreadPoolExecutor.java:588)
08-06 04:34:20.641 24686 21631 E baseline.com.newsblur.network.APIResponse: 	at java.lang.Thread.run(Thread.java:818)
08-06 04:34:20.641 24686 21631 E baseline.com.newsblur.network.APIResponse: Caused by: java.io.EOFException: \n not found: limit=0 content=
08-06 04:34:20.641 24686 21631 E baseline.com.newsblur.network.APIResponse: 	at okio.RealBufferedSource.readUtf8LineStrict(RealBufferedSource.java:240)
08-06 04:34:20.641 24686 21631 E baseline.com.newsblur.network.APIResponse: 	at okhttp3.internal.http1.Http1ExchangeCodec.readHeaderLine(Http1ExchangeCodec.java:242)
08-06 04:34:20.641 24686 21631 E baseline.com.newsblur.network.APIResponse: 	at okhttp3.internal.http1.Http1ExchangeCodec.readResponseHeaders(Http1ExchangeCodec.java:213)
08-06 04:34:20.641 24686 21631 E baseline.com.newsblur.network.APIResponse: 	... 30 more
08-06 04:34:20.643 24686 21631 I baseline.com.newsblur.network.APIManager: API call failed, pausing before retry number 1
08-06 04:34:20.679 24686 24698 I art     : Explicit concurrent mark sweep GC freed 1040(203KB) AllocSpace objects, 2(40KB) LOS objects, 27% free, 41MB/57MB, paused 1.217ms total 43.018ms
08-06 04:34:20.690 24686 24698 I art     : Starting a blocking GC Explicit
08-06 04:34:20.733 24686 24698 I art     : Explicit concurrent mark sweep GC freed 1071(86KB) AllocSpace objects, 0(0B) LOS objects, 28% free, 41MB/57MB, paused 1.035ms total 42.968ms
08-06 04:34:21.066 24686 24697 I art     : Starting a blocking GC Explicit
08-06 04:34:21.110 24686 24697 I art     : Explicit concurrent mark sweep GC freed 5994(296KB) AllocSpace objects, 1(20KB) LOS objects, 28% free, 41MB/57MB, paused 1.132ms total 43.626ms
08-06 04:34:21.121 24686 24697 I art     : Starting a blocking GC Explicit
08-06 04:34:21.165 24686 24697 I art     : Explicit concurrent mark sweep GC freed 231(8KB) AllocSpace objects, 0(0B) LOS objects, 28% free, 41MB/57MB, paused 1.153ms total 43.632ms
08-06 04:34:21.177 24686 24697 I art     : Starting a blocking GC Explicit
08-06 04:34:21.222 24686 24697 I art     : Explicit concurrent mark sweep GC freed 3(96B) AllocSpace objects, 0(0B) LOS objects, 28% free, 41MB/57MB, paused 1.111ms total 44.864ms
08-06 04:34:21.233 24686 24697 I art     : Starting a blocking GC Explicit
08-06 04:34:21.278 24686 24697 I art     : Explicit concurrent mark sweep GC freed 3(96B) AllocSpace objects, 0(0B) LOS objects, 28% free, 41MB/57MB, paused 1.204ms total 44.892ms
08-06 04:34:21.289 24686 24697 I art     : Starting a blocking GC Explicit
08-06 04:34:21.335 24686 24697 I art     : Explicit concurrent mark sweep GC freed 3(96B) AllocSpace objects, 0(0B) LOS objects, 28% free, 41MB/57MB, paused 1.165ms total 45.079ms
08-06 04:34:21.687 24686 20764 I art     : Starting a blocking GC Explicit
08-06 04:34:21.734 24686 20764 I art     : Explicit concurrent mark sweep GC freed 3417(174KB) AllocSpace objects, 1(20KB) LOS objects, 28% free, 41MB/57MB, paused 1.143ms total 46.720ms
08-06 04:34:21.749 24686 20764 I art     : Starting a blocking GC Explicit
08-06 04:34:21.791 24686 20764 I art     : Explicit concurrent mark sweep GC freed 102(3KB) AllocSpace objects, 0(0B) LOS objects, 28% free, 41MB/57MB, paused 1.208ms total 42.547ms
08-06 04:34:21.802 24686 20764 I art     : Starting a blocking GC Explicit
08-06 04:34:21.844 24686 20764 I art     : Explicit concurrent mark sweep GC freed 3(96B) AllocSpace objects, 0(0B) LOS objects, 28% free, 41MB/57MB, paused 1ms total 41.967ms
08-06 04:34:21.855 24686 20764 I art     : Starting a blocking GC Explicit
08-06 04:34:21.899 24686 20764 I art     : Explicit concurrent mark sweep GC freed 3(96B) AllocSpace objects, 0(0B) LOS objects, 28% free, 41MB/57MB, paused 1.146ms total 43.661ms
08-06 04:34:21.910 24686 20764 I art     : Starting a blocking GC Explicit
08-06 04:34:21.953 24686 20764 I art     : Explicit concurrent mark sweep GC freed 3(96B) AllocSpace objects, 0(0B) LOS objects, 28% free, 41MB/57MB, paused 1.038ms total 43.228ms
08-06 04:34:22.313 24686 20967 I art     : Starting a blocking GC Explicit
08-06 04:34:22.358 24686 20967 I art     : Explicit concurrent mark sweep GC freed 1608(91KB) AllocSpace objects, 1(20KB) LOS objects, 28% free, 41MB/57MB, paused 1.335ms total 44.955ms
08-06 04:34:22.369 24686 20967 I art     : Starting a blocking GC Explicit
08-06 04:34:22.415 24686 20967 I art     : Explicit concurrent mark sweep GC freed 28(1040B) AllocSpace objects, 0(0B) LOS objects, 28% free, 41MB/57MB, paused 1.211ms total 45.223ms
08-06 04:34:22.426 24686 20967 I art     : Starting a blocking GC Explicit
08-06 04:34:22.471 24686 20967 I art     : Explicit concurrent mark sweep GC freed 3(96B) AllocSpace objects, 0(0B) LOS objects, 28% free, 41MB/57MB, paused 1.196ms total 44.908ms
08-06 04:34:22.483 24686 20967 I art     : Starting a blocking GC Explicit
08-06 04:34:22.529 24686 20967 I art     : Explicit concurrent mark sweep GC freed 3(96B) AllocSpace objects, 0(0B) LOS objects, 28% free, 41MB/57MB, paused 1.223ms total 45.917ms
08-06 04:34:22.540 24686 20967 I art     : Starting a blocking GC Explicit
08-06 04:34:22.585 24686 20967 I art     : Explicit concurrent mark sweep GC freed 3(96B) AllocSpace objects, 0(0B) LOS objects, 28% free, 41MB/57MB, paused 1.142ms total 44.599ms
08-06 04:34:22.604 22366 22366 I ServiceManager: Waiting for service AtCmdFwd...
08-06 04:34:22.665 24686 21631 E baseline.com.newsblur.network.APIResponse: Error (unexpected end of stream on https://www.newsblur.com/...) calling https://www.newsblur.com/reader/mark_story_hashes_as_read/
08-06 04:34:22.665 24686 21631 E baseline.com.newsblur.network.APIResponse: java.io.IOException: unexpected end of stream on https://www.newsblur.com/...
08-06 04:34:22.665 24686 21631 E baseline.com.newsblur.network.APIResponse: 	at okhttp3.internal.http1.Http1ExchangeCodec.readResponseHeaders(Http1ExchangeCodec.java:236)
08-06 04:34:22.665 24686 21631 E baseline.com.newsblur.network.APIResponse: 	at okhttp3.internal.connection.Exchange.readResponseHeaders(Exchange.java:115)
08-06 04:34:22.665 24686 21631 E baseline.com.newsblur.network.APIResponse: 	at okhttp3.internal.http.CallServerInterceptor.intercept(CallServerInterceptor.java:94)
08-06 04:34:22.665 24686 21631 E baseline.com.newsblur.network.APIResponse: 	at okhttp3.internal.http.RealInterceptorChain.proceed(RealInterceptorChain.java:142)
08-06 04:34:22.665 24686 21631 E baseline.com.newsblur.network.APIResponse: 	at okhttp3.internal.connection.ConnectInterceptor.intercept(ConnectInterceptor.java:43)
08-06 04:34:22.665 24686 21631 E baseline.com.newsblur.network.APIResponse: 	at okhttp3.internal.http.RealInterceptorChain.proceed(RealInterceptorChain.java:142)
08-06 04:34:22.665 24686 21631 E baseline.com.newsblur.network.APIResponse: 	at okhttp3.internal.http.RealInterceptorChain.proceed(RealInterceptorChain.java:117)
08-06 04:34:22.665 24686 21631 E baseline.com.newsblur.network.APIResponse: 	at okhttp3.internal.cache.CacheInterceptor.intercept(CacheInterceptor.java:94)
08-06 04:34:22.665 24686 21631 E baseline.com.newsblur.network.APIResponse: 	at okhttp3.internal.http.RealInterceptorChain.proceed(RealInterceptorChain.java:142)
08-06 04:34:22.665 24686 21631 E baseline.com.newsblur.network.APIResponse: 	at okhttp3.internal.http.RealInterceptorChain.proceed(RealInterceptorChain.java:117)
08-06 04:34:22.665 24686 21631 E baseline.com.newsblur.network.APIResponse: 	at okhttp3.internal.http.BridgeInterceptor.intercept(BridgeInterceptor.java:93)
08-06 04:34:22.665 24686 21631 E baseline.com.newsblur.network.APIResponse: 	at okhttp3.internal.http.RealInterceptorChain.proceed(RealInterceptorChain.java:142)
08-06 04:34:22.665 24686 21631 E baseline.com.newsblur.network.APIResponse: 	at okhttp3.internal.http.RetryAndFollowUpInterceptor.intercept(RetryAndFollowUpInterceptor.java:88)
08-06 04:34:22.665 24686 21631 E baseline.com.newsblur.network.APIResponse: 	at okhttp3.internal.http.RealInterceptorChain.proceed(RealInterceptorChain.java:142)
08-06 04:34:22.665 24686 21631 E baseline.com.newsblur.network.APIResponse: 	at okhttp3.internal.http.RealInterceptorChain.proceed(RealInterceptorChain.java:117)
08-06 04:34:22.665 24686 21631 E baseline.com.newsblur.network.APIResponse: 	at okhttp3.RealCall.getResponseWithInterceptorChain(RealCall.java:229)
08-06 04:34:22.665 24686 21631 E baseline.com.newsblur.network.APIResponse: 	at okhttp3.RealCall.execute(RealCall.java:81)
08-06 04:34:22.665 24686 21631 E baseline.com.newsblur.network.APIResponse: 	at baseline.com.newsblur.network.APIResponse.<init>(APIResponse.java:57)
08-06 04:34:22.665 24686 21631 E baseline.com.newsblur.network.APIResponse: 	at baseline.com.newsblur.network.APIResponse.<init>(APIResponse.java:43)
08-06 04:34:22.665 24686 21631 E baseline.com.newsblur.network.APIResponse: 	at baseline.com.newsblur.network.APIManager.post_single(APIManager.java:702)
08-06 04:34:22.665 24686 21631 E baseline.com.newsblur.network.APIResponse: 	at baseline.com.newsblur.network.APIManager.post(APIManager.java:675)
08-06 04:34:22.665 24686 21631 E baseline.com.newsblur.network.APIResponse: 	at baseline.com.newsblur.network.APIManager.post(APIManager.java:714)
08-06 04:34:22.665 24686 21631 E baseline.com.newsblur.network.APIResponse: 	at baseline.com.newsblur.network.APIManager.markStoryAsRead(APIManager.java:205)
08-06 04:34:22.665 24686 21631 E baseline.com.newsblur.network.APIResponse: 	at baseline.com.newsblur.util.ReadingAction.doRemote(ReadingAction.java:281)
08-06 04:34:22.665 24686 21631 E baseline.com.newsblur.network.APIResponse: 	at baseline.com.newsblur.service.NBSyncService.syncActions(NBSyncService.java:400)
08-06 04:34:22.665 24686 21631 E baseline.com.newsblur.network.APIResponse: 	at baseline.com.newsblur.service.NBSyncService.doSync(NBSyncService.java:298)
08-06 04:34:22.665 24686 21631 E baseline.com.newsblur.network.APIResponse: 	at baseline.com.newsblur.service.NBSyncService.access$100(NBSyncService.java:67)
08-06 04:34:22.665 24686 21631 E baseline.com.newsblur.network.APIResponse: 	at baseline.com.newsblur.service.NBSyncService$1.run(NBSyncService.java:188)
08-06 04:34:22.665 24686 21631 E baseline.com.newsblur.network.APIResponse: 	at java.util.concurrent.ThreadPoolExecutor.runWorker(ThreadPoolExecutor.java:1113)
08-06 04:34:22.665 24686 21631 E baseline.com.newsblur.network.APIResponse: 	at java.util.concurrent.ThreadPoolExecutor$Worker.run(ThreadPoolExecutor.java:588)
08-06 04:34:22.665 24686 21631 E baseline.com.newsblur.network.APIResponse: 	at java.lang.Thread.run(Thread.java:818)
08-06 04:34:22.665 24686 21631 E baseline.com.newsblur.network.APIResponse: Caused by: java.io.EOFException: \n not found: limit=0 content=
08-06 04:34:22.665 24686 21631 E baseline.com.newsblur.network.APIResponse: 	at okio.RealBufferedSource.readUtf8LineStrict(RealBufferedSource.java:240)
08-06 04:34:22.665 24686 21631 E baseline.com.newsblur.network.APIResponse: 	at okhttp3.internal.http1.Http1ExchangeCodec.readHeaderLine(Http1ExchangeCodec.java:242)
08-06 04:34:22.665 24686 21631 E baseline.com.newsblur.network.APIResponse: 	at okhttp3.internal.http1.Http1ExchangeCodec.readResponseHeaders(Http1ExchangeCodec.java:213)
08-06 04:34:22.665 24686 21631 E baseline.com.newsblur.network.APIResponse: 	... 30 more
08-06 04:34:22.667 24686 21631 I baseline.com.newsblur.network.APIManager: API call failed, pausing before retry number 2
08-06 04:34:22.932 24686 24698 I art     : Starting a blocking GC Explicit
08-06 04:34:22.978 24686 24698 I art     : Explicit concurrent mark sweep GC freed 3954(357KB) AllocSpace objects, 3(60KB) LOS objects, 28% free, 41MB/57MB, paused 1.203ms total 46.131ms
08-06 04:34:22.989 24686 24698 I art     : Starting a blocking GC Explicit
08-06 04:34:23.034 24686 24698 I art     : Explicit concurrent mark sweep GC freed 120(4KB) AllocSpace objects, 0(0B) LOS objects, 28% free, 41MB/57MB, paused 1.106ms total 44.396ms
08-06 04:34:23.045 24686 24698 I art     : Starting a blocking GC Explicit
08-06 04:34:23.089 24686 24698 I art     : Explicit concurrent mark sweep GC freed 3(96B) AllocSpace objects, 0(0B) LOS objects, 28% free, 41MB/57MB, paused 1.151ms total 44.182ms
08-06 04:34:23.101 24686 24698 I art     : Starting a blocking GC Explicit
08-06 04:34:23.146 24686 24698 I art     : Explicit concurrent mark sweep GC freed 3(96B) AllocSpace objects, 0(0B) LOS objects, 28% free, 41MB/57MB, paused 1.146ms total 45.365ms
08-06 04:34:23.158 24686 24698 I art     : Starting a blocking GC Explicit
08-06 04:34:23.202 24686 24698 I art     : Explicit concurrent mark sweep GC freed 3(96B) AllocSpace objects, 0(0B) LOS objects, 28% free, 41MB/57MB, paused 1.101ms total 44.111ms
08-06 04:34:23.575 24686 24697 I art     : Starting a blocking GC Explicit
08-06 04:34:23.604 22366 22366 I ServiceManager: Waiting for service AtCmdFwd...
08-06 04:34:23.620 24686 24697 I art     : Explicit concurrent mark sweep GC freed 1443(83KB) AllocSpace objects, 1(20KB) LOS objects, 28% free, 41MB/57MB, paused 1.170ms total 44.917ms
08-06 04:34:23.631 24686 24697 I art     : Starting a blocking GC Explicit
08-06 04:34:23.676 24686 24697 I art     : Explicit concurrent mark sweep GC freed 22(784B) AllocSpace objects, 0(0B) LOS objects, 28% free, 41MB/57MB, paused 1.163ms total 44.039ms
08-06 04:34:23.687 24686 24697 I art     : Starting a blocking GC Explicit
08-06 04:34:23.731 24686 24697 I art     : Explicit concurrent mark sweep GC freed 3(96B) AllocSpace objects, 0(0B) LOS objects, 28% free, 41MB/57MB, paused 1.069ms total 43.206ms
08-06 04:34:23.742 24686 24697 I art     : Starting a blocking GC Explicit
08-06 04:34:23.786 24686 24697 I art     : Explicit concurrent mark sweep GC freed 3(96B) AllocSpace objects, 0(0B) LOS objects, 28% free, 41MB/57MB, paused 1.123ms total 44.522ms
08-06 04:34:23.798 24686 24697 I art     : Starting a blocking GC Explicit
08-06 04:34:23.843 24686 24697 I art     : Explicit concurrent mark sweep GC freed 3(96B) AllocSpace objects, 0(0B) LOS objects, 28% free, 41MB/57MB, paused 1.112ms total 45.070ms
08-06 04:34:24.226 24686 20764 I art     : Starting a blocking GC Explicit
08-06 04:34:24.273 24686 20764 I art     : Explicit concurrent mark sweep GC freed 1443(83KB) AllocSpace objects, 1(20KB) LOS objects, 28% free, 41MB/57MB, paused 1.065ms total 46.514ms
08-06 04:34:24.285 24686 20764 I art     : Starting a blocking GC Explicit
08-06 04:34:24.327 24686 20764 I art     : Explicit concurrent mark sweep GC freed 22(784B) AllocSpace objects, 0(0B) LOS objects, 28% free, 41MB/57MB, paused 1.135ms total 42.090ms
08-06 04:34:24.338 24686 20764 I art     : Starting a blocking GC Explicit
08-06 04:34:24.380 24686 20764 I art     : Explicit concurrent mark sweep GC freed 3(96B) AllocSpace objects, 0(0B) LOS objects, 28% free, 41MB/57MB, paused 1.083ms total 41.877ms
08-06 04:34:24.391 24686 20764 I art     : Starting a blocking GC Explicit
08-06 04:34:24.435 24686 20764 I art     : Explicit concurrent mark sweep GC freed 3(96B) AllocSpace objects, 0(0B) LOS objects, 28% free, 41MB/57MB, paused 1.121ms total 43.318ms
08-06 04:34:24.446 24686 20764 I art     : Starting a blocking GC Explicit
08-06 04:34:24.488 24686 20764 I art     : Explicit concurrent mark sweep GC freed 3(96B) AllocSpace objects, 0(0B) LOS objects, 28% free, 41MB/57MB, paused 1.210ms total 42.334ms
08-06 04:34:24.605 22366 22366 I ServiceManager: Waiting for service AtCmdFwd...
08-06 04:34:24.849 24686 20967 I art     : Starting a blocking GC Explicit
08-06 04:34:24.893 24686 20967 I art     : Explicit concurrent mark sweep GC freed 1444(83KB) AllocSpace objects, 1(20KB) LOS objects, 28% free, 41MB/57MB, paused 1.111ms total 43.940ms
08-06 04:34:24.904 24686 20967 I art     : Starting a blocking GC Explicit
08-06 04:34:24.947 24686 20967 I art     : Explicit concurrent mark sweep GC freed 22(784B) AllocSpace objects, 0(0B) LOS objects, 28% free, 41MB/57MB, paused 1.141ms total 42.913ms
08-06 04:34:24.958 24686 20967 I art     : Starting a blocking GC Explicit
08-06 04:34:25.001 24686 20967 I art     : Explicit concurrent mark sweep GC freed 3(96B) AllocSpace objects, 0(0B) LOS objects, 28% free, 41MB/57MB, paused 1.110ms total 42.549ms
08-06 04:34:25.012 24686 20967 I art     : Starting a blocking GC Explicit
08-06 04:34:25.058 24686 20967 I art     : Explicit concurrent mark sweep GC freed 3(96B) AllocSpace objects, 0(0B) LOS objects, 28% free, 41MB/57MB, paused 1.321ms total 45.902ms
08-06 04:34:25.069 24686 20967 I art     : Starting a blocking GC Explicit
08-06 04:34:25.113 24686 20967 I art     : Explicit concurrent mark sweep GC freed 3(96B) AllocSpace objects, 0(0B) LOS objects, 28% free, 41MB/57MB, paused 1.148ms total 43.835ms
08-06 04:34:25.469 24686 24698 I art     : Starting a blocking GC Explicit
08-06 04:34:25.514 24686 24698 I art     : Explicit concurrent mark sweep GC freed 1443(83KB) AllocSpace objects, 1(20KB) LOS objects, 28% free, 41MB/57MB, paused 1.116ms total 44.730ms
08-06 04:34:25.525 24686 24698 I art     : Starting a blocking GC Explicit
08-06 04:34:25.569 24686 24698 I art     : Explicit concurrent mark sweep GC freed 22(784B) AllocSpace objects, 0(0B) LOS objects, 28% free, 41MB/57MB, paused 1.139ms total 43.919ms
08-06 04:34:25.581 24686 24698 I art     : Starting a blocking GC Explicit
08-06 04:34:25.605 22366 22366 I ServiceManager: Waiting for service AtCmdFwd...
08-06 04:34:25.623 24686 24698 I art     : Explicit concurrent mark sweep GC freed 3(96B) AllocSpace objects, 0(0B) LOS objects, 28% free, 41MB/57MB, paused 1.012ms total 41.758ms
08-06 04:34:25.634 24686 24698 I art     : Starting a blocking GC Explicit
08-06 04:34:25.676 24686 24698 I art     : Explicit concurrent mark sweep GC freed 94(3KB) AllocSpace objects, 0(0B) LOS objects, 28% free, 41MB/57MB, paused 1.190ms total 42.521ms
08-06 04:34:25.687 24686 24698 I art     : Starting a blocking GC Explicit
08-06 04:34:25.729 24686 24698 I art     : Explicit concurrent mark sweep GC freed 9(352B) AllocSpace objects, 0(0B) LOS objects, 28% free, 41MB/57MB, paused 1.203ms total 42.147ms
08-06 04:34:26.013 22584 22584 D AndroidRuntime: >>>>>> START com.android.internal.os.RuntimeInit uid 2000 <<<<<<
08-06 04:34:26.019 22584 22584 D AndroidRuntime: CheckJNI is OFF
08-06 04:34:26.049 24686 24697 I art     : Starting a blocking GC Explicit
08-06 04:34:26.053 22584 22584 D ICU     : No timezone override file found: /data/misc/zoneinfo/current/icu/icu_tzdata.dat
08-06 04:34:26.089 22584 22584 I Radio-JNI: register_android_hardware_Radio DONE
08-06 04:34:26.093 24686 24697 I art     : Explicit concurrent mark sweep GC freed 1517(88KB) AllocSpace objects, 1(20KB) LOS objects, 28% free, 41MB/57MB, paused 1.191ms total 44.027ms
08-06 04:34:26.104 24686 24697 I art     : Starting a blocking GC Explicit
08-06 04:34:26.112 22584 22584 D AndroidRuntime: Calling main entry com.android.commands.input.Input
08-06 04:34:26.114 22584 22584 I Input   : injectKeyEvent: KeyEvent { action=ACTION_DOWN, keyCode=KEYCODE_BACK, scanCode=0, metaState=0, flags=0x0, repeatCount=0, eventTime=851682527, downTime=851682527, deviceId=-1, source=0x101 }
08-06 04:34:26.121 22584 22584 I Input   : injectKeyEvent: KeyEvent { action=ACTION_UP, keyCode=KEYCODE_BACK, scanCode=0, metaState=0, flags=0x0, repeatCount=0, eventTime=851682527, downTime=851682527, deviceId=-1, source=0x101 }
08-06 04:34:26.126 22584 22584 D AndroidRuntime: Shutting down VM
08-06 04:34:26.134 24686 24686 D baseline.com.newsblur.service.NBSyncService: rejecting request for feedset that is exhaused
08-06 04:34:26.144 24686 24697 I art     : Explicit concurrent mark sweep GC freed 240(39KB) AllocSpace objects, 2(40KB) LOS objects, 28% free, 41MB/57MB, paused 1.281ms total 40.067ms
08-06 04:34:26.154 24686 24697 I art     : Starting a blocking GC Explicit
08-06 04:34:26.194 24686 24697 I art     : Explicit concurrent mark sweep GC freed 1259(51KB) AllocSpace objects, 0(0B) LOS objects, 28% free, 41MB/57MB, paused 1.264ms total 39.415ms
08-06 04:34:26.204 24686 24697 I art     : Starting a blocking GC Explicit
08-06 04:34:26.235 24686 21631 E baseline.com.newsblur.network.APIResponse: Error (unexpected end of stream on https://www.newsblur.com/...) calling https://www.newsblur.com/reader/mark_story_hashes_as_read/
08-06 04:34:26.235 24686 21631 E baseline.com.newsblur.network.APIResponse: java.io.IOException: unexpected end of stream on https://www.newsblur.com/...
08-06 04:34:26.235 24686 21631 E baseline.com.newsblur.network.APIResponse: 	at okhttp3.internal.http1.Http1ExchangeCodec.readResponseHeaders(Http1ExchangeCodec.java:236)
08-06 04:34:26.235 24686 21631 E baseline.com.newsblur.network.APIResponse: 	at okhttp3.internal.connection.Exchange.readResponseHeaders(Exchange.java:115)
08-06 04:34:26.235 24686 21631 E baseline.com.newsblur.network.APIResponse: 	at okhttp3.internal.http.CallServerInterceptor.intercept(CallServerInterceptor.java:94)
08-06 04:34:26.235 24686 21631 E baseline.com.newsblur.network.APIResponse: 	at okhttp3.internal.http.RealInterceptorChain.proceed(RealInterceptorChain.java:142)
08-06 04:34:26.235 24686 21631 E baseline.com.newsblur.network.APIResponse: 	at okhttp3.internal.connection.ConnectInterceptor.intercept(ConnectInterceptor.java:43)
08-06 04:34:26.235 24686 21631 E baseline.com.newsblur.network.APIResponse: 	at okhttp3.internal.http.RealInterceptorChain.proceed(RealInterceptorChain.java:142)
08-06 04:34:26.235 24686 21631 E baseline.com.newsblur.network.APIResponse: 	at okhttp3.internal.http.RealInterceptorChain.proceed(RealInterceptorChain.java:117)
08-06 04:34:26.235 24686 21631 E baseline.com.newsblur.network.APIResponse: 	at okhttp3.internal.cache.CacheInterceptor.intercept(CacheInterceptor.java:94)
08-06 04:34:26.235 24686 21631 E baseline.com.newsblur.network.APIResponse: 	at okhttp3.internal.http.RealInterceptorChain.proceed(RealInterceptorChain.java:142)
08-06 04:34:26.235 24686 21631 E baseline.com.newsblur.network.APIResponse: 	at okhttp3.internal.http.RealInterceptorChain.proceed(RealInterceptorChain.java:117)
08-06 04:34:26.235 24686 21631 E baseline.com.newsblur.network.APIResponse: 	at okhttp3.internal.http.BridgeInterceptor.intercept(BridgeInterceptor.java:93)
08-06 04:34:26.235 24686 21631 E baseline.com.newsblur.network.APIResponse: 	at okhttp3.internal.http.RealInterceptorChain.proceed(RealInterceptorChain.java:142)
08-06 04:34:26.235 24686 21631 E baseline.com.newsblur.network.APIResponse: 	at okhttp3.internal.http.RetryAndFollowUpInterceptor.intercept(RetryAndFollowUpInterceptor.java:88)
08-06 04:34:26.235 24686 21631 E baseline.com.newsblur.network.APIResponse: 	at okhttp3.internal.http.RealInterceptorChain.proceed(RealInterceptorChain.java:142)
08-06 04:34:26.235 24686 21631 E baseline.com.newsblur.network.APIResponse: 	at okhttp3.internal.http.RealInterceptorChain.proceed(RealInterceptorChain.java:117)
08-06 04:34:26.235 24686 21631 E baseline.com.newsblur.network.APIResponse: 	at okhttp3.RealCall.getResponseWithInterceptorChain(RealCall.java:229)
08-06 04:34:26.235 24686 21631 E baseline.com.newsblur.network.APIResponse: 	at okhttp3.RealCall.execute(RealCall.java:81)
08-06 04:34:26.235 24686 21631 E baseline.com.newsblur.network.APIResponse: 	at baseline.com.newsblur.network.APIResponse.<init>(APIResponse.java:57)
08-06 04:34:26.235 24686 21631 E baseline.com.newsblur.network.APIResponse: 	at baseline.com.newsblur.network.APIResponse.<init>(APIResponse.java:43)
08-06 04:34:26.235 24686 21631 E baseline.com.newsblur.network.APIResponse: 	at baseline.com.newsblur.network.APIManager.post_single(APIManager.java:702)
08-06 04:34:26.235 24686 21631 E baseline.com.newsblur.network.APIResponse: 	at baseline.com.newsblur.network.APIManager.post(APIManager.java:675)
08-06 04:34:26.235 24686 21631 E baseline.com.newsblur.network.APIResponse: 	at baseline.com.newsblur.network.APIManager.post(APIManager.java:714)
08-06 04:34:26.235 24686 21631 E baseline.com.newsblur.network.APIResponse: 	at baseline.com.newsblur.network.APIManager.markStoryAsRead(APIManager.java:205)
08-06 04:34:26.235 24686 21631 E baseline.com.newsblur.network.APIResponse: 	at baseline.com.newsblur.util.ReadingAction.doRemote(ReadingAction.java:281)
08-06 04:34:26.235 24686 21631 E baseline.com.newsblur.network.APIResponse: 	at baseline.com.newsblur.service.NBSyncService.syncActions(NBSyncService.java:400)
08-06 04:34:26.235 24686 21631 E baseline.com.newsblur.network.APIResponse: 	at baseline.com.newsblur.service.NBSyncService.doSync(NBSyncService.java:298)
08-06 04:34:26.235 24686 21631 E baseline.com.newsblur.network.APIResponse: 	at baseline.com.newsblur.service.NBSyncService.access$100(NBSyncService.java:67)
08-06 04:34:26.235 24686 21631 E baseline.com.newsblur.network.APIResponse: 	at baseline.com.newsblur.service.NBSyncService$1.run(NBSyncService.java:188)
08-06 04:34:26.235 24686 21631 E baseline.com.newsblur.network.APIResponse: 	at java.util.concurrent.ThreadPoolExecutor.runWorker(ThreadPoolExecutor.java:1113)
08-06 04:34:26.235 24686 21631 E baseline.com.newsblur.network.APIResponse: 	at java.util.concurrent.ThreadPoolExecutor$Worker.run(ThreadPoolExecutor.java:588)
08-06 04:34:26.235 24686 21631 E baseline.com.newsblur.network.APIResponse: 	at java.lang.Thread.run(Thread.java:818)
08-06 04:34:26.235 24686 21631 E baseline.com.newsblur.network.APIResponse: Caused by: java.io.EOFException: \n not found: limit=0 content=
08-06 04:34:26.235 24686 21631 E baseline.com.newsblur.network.APIResponse: 	at okio.RealBufferedSource.readUtf8LineStrict(RealBufferedSource.java:240)
08-06 04:34:26.235 24686 21631 E baseline.com.newsblur.network.APIResponse: 	at okhttp3.internal.http1.Http1ExchangeCodec.readHeaderLine(Http1ExchangeCodec.java:242)
08-06 04:34:26.235 24686 21631 E baseline.com.newsblur.network.APIResponse: 	at okhttp3.internal.http1.Http1ExchangeCodec.readResponseHeaders(Http1ExchangeCodec.java:213)
08-06 04:34:26.235 24686 21631 E baseline.com.newsblur.network.APIResponse: 	... 30 more
08-06 04:34:26.237 24686 21631 I baseline.com.newsblur.service.NBSyncService: Holding reading action with server-side or network error.
08-06 04:34:26.247 24686 24697 I art     : Explicit concurrent mark sweep GC freed 1840(255KB) AllocSpace objects, 3(60KB) LOS objects, 27% free, 41MB/57MB, paused 1.091ms total 42.347ms
08-06 04:34:26.248 24686 21631 W baseline.com.newsblur.service.NBSyncService: hard API failure
08-06 04:34:26.257 24686 24686 D baseline.com.newsblur.service.NBSyncService: rejecting request for feedset that is exhaused
08-06 04:34:26.257 24686 24697 I art     : Starting a blocking GC Explicit
08-06 04:34:26.259 13866 13866 I GoogleInputMethodServic: GoogleInputMethodService.onFinishInput():3138 
08-06 04:34:26.259 13866 13866 I GoogleInputMethodServic: GoogleInputMethodService.onStartInput():1808 
08-06 04:34:26.298 24686 24697 I art     : Explicit concurrent mark sweep GC freed 1032(115KB) AllocSpace objects, 3(60KB) LOS objects, 28% free, 41MB/57MB, paused 1.114ms total 39.986ms
08-06 04:34:26.606 22366 22366 I ServiceManager: Waiting for service AtCmdFwd...
08-06 04:34:26.617 24686 20764 I art     : Starting a blocking GC Explicit
08-06 04:34:26.658 24686 20764 I art     : Explicit concurrent mark sweep GC freed 3226(184KB) AllocSpace objects, 2(48KB) LOS objects, 28% free, 41MB/57MB, paused 1.117ms total 41.006ms
08-06 04:34:26.668 24686 20764 I art     : Starting a blocking GC Explicit
08-06 04:34:26.707 24686 20764 I art     : Explicit concurrent mark sweep GC freed 1749(69KB) AllocSpace objects, 0(0B) LOS objects, 28% free, 41MB/57MB, paused 1.075ms total 38.865ms
08-06 04:34:26.717 24686 20764 I art     : Starting a blocking GC Explicit
08-06 04:34:26.747 24686 21631 E baseline.com.newsblur.network.APIResponse: Error (unexpected end of stream on https://www.newsblur.com/...) calling https://www.newsblur.com/reader/mark_story_hashes_as_read/
08-06 04:34:26.747 24686 21631 E baseline.com.newsblur.network.APIResponse: java.io.IOException: unexpected end of stream on https://www.newsblur.com/...
08-06 04:34:26.747 24686 21631 E baseline.com.newsblur.network.APIResponse: 	at okhttp3.internal.http1.Http1ExchangeCodec.readResponseHeaders(Http1ExchangeCodec.java:236)
08-06 04:34:26.747 24686 21631 E baseline.com.newsblur.network.APIResponse: 	at okhttp3.internal.connection.Exchange.readResponseHeaders(Exchange.java:115)
08-06 04:34:26.747 24686 21631 E baseline.com.newsblur.network.APIResponse: 	at okhttp3.internal.http.CallServerInterceptor.intercept(CallServerInterceptor.java:94)
08-06 04:34:26.747 24686 21631 E baseline.com.newsblur.network.APIResponse: 	at okhttp3.internal.http.RealInterceptorChain.proceed(RealInterceptorChain.java:142)
08-06 04:34:26.747 24686 21631 E baseline.com.newsblur.network.APIResponse: 	at okhttp3.internal.connection.ConnectInterceptor.intercept(ConnectInterceptor.java:43)
08-06 04:34:26.747 24686 21631 E baseline.com.newsblur.network.APIResponse: 	at okhttp3.internal.http.RealInterceptorChain.proceed(RealInterceptorChain.java:142)
08-06 04:34:26.747 24686 21631 E baseline.com.newsblur.network.APIResponse: 	at okhttp3.internal.http.RealInterceptorChain.proceed(RealInterceptorChain.java:117)
08-06 04:34:26.747 24686 21631 E baseline.com.newsblur.network.APIResponse: 	at okhttp3.internal.cache.CacheInterceptor.intercept(CacheInterceptor.java:94)
08-06 04:34:26.747 24686 21631 E baseline.com.newsblur.network.APIResponse: 	at okhttp3.internal.http.RealInterceptorChain.proceed(RealInterceptorChain.java:142)
08-06 04:34:26.747 24686 21631 E baseline.com.newsblur.network.APIResponse: 	at okhttp3.internal.http.RealInterceptorChain.proceed(RealInterceptorChain.java:117)
08-06 04:34:26.747 24686 21631 E baseline.com.newsblur.network.APIResponse: 	at okhttp3.internal.http.BridgeInterceptor.intercept(BridgeInterceptor.java:93)
08-06 04:34:26.747 24686 21631 E baseline.com.newsblur.network.APIResponse: 	at okhttp3.internal.http.RealInterceptorChain.proceed(RealInterceptorChain.java:142)
08-06 04:34:26.747 24686 21631 E baseline.com.newsblur.network.APIResponse: 	at okhttp3.internal.http.RetryAndFollowUpInterceptor.intercept(RetryAndFollowUpInterceptor.java:88)
08-06 04:34:26.747 24686 21631 E baseline.com.newsblur.network.APIResponse: 	at okhttp3.internal.http.RealInterceptorChain.proceed(RealInterceptorChain.java:142)
08-06 04:34:26.747 24686 21631 E baseline.com.newsblur.network.APIResponse: 	at okhttp3.internal.http.RealInterceptorChain.proceed(RealInterceptorChain.java:117)
08-06 04:34:26.747 24686 21631 E baseline.com.newsblur.network.APIResponse: 	at okhttp3.RealCall.getResponseWithInterceptorChain(RealCall.java:229)
08-06 04:34:26.747 24686 21631 E baseline.com.newsblur.network.APIResponse: 	at okhttp3.RealCall.execute(RealCall.java:81)
08-06 04:34:26.747 24686 21631 E baseline.com.newsblur.network.APIResponse: 	at baseline.com.newsblur.network.APIResponse.<init>(APIResponse.java:57)
08-06 04:34:26.747 24686 21631 E baseline.com.newsblur.network.APIResponse: 	at baseline.com.newsblur.network.APIResponse.<init>(APIResponse.java:43)
08-06 04:34:26.747 24686 21631 E baseline.com.newsblur.network.APIResponse: 	at baseline.com.newsblur.network.APIManager.post_single(APIManager.java:702)
08-06 04:34:26.747 24686 21631 E baseline.com.newsblur.network.APIResponse: 	at baseline.com.newsblur.network.APIManager.post(APIManager.java:675)
08-06 04:34:26.747 24686 21631 E baseline.com.newsblur.network.APIResponse: 	at baseline.com.newsblur.network.APIManager.post(APIManager.java:714)
08-06 04:34:26.747 24686 21631 E baseline.com.newsblur.network.APIResponse: 	at baseline.com.newsblur.network.APIManager.markStoryAsRead(APIManager.java:205)
08-06 04:34:26.747 24686 21631 E baseline.com.newsblur.network.APIResponse: 	at baseline.com.newsblur.util.ReadingAction.doRemote(ReadingAction.java:281)
08-06 04:34:26.747 24686 21631 E baseline.com.newsblur.network.APIResponse: 	at baseline.com.newsblur.service.NBSyncService.syncActions(NBSyncService.java:400)
08-06 04:34:26.747 24686 21631 E baseline.com.newsblur.network.APIResponse: 	at baseline.com.newsblur.service.NBSyncService.doSync(NBSyncService.java:298)
08-06 04:34:26.747 24686 21631 E baseline.com.newsblur.network.APIResponse: 	at baseline.com.newsblur.service.NBSyncService.access$100(NBSyncService.java:67)
08-06 04:34:26.747 24686 21631 E baseline.com.newsblur.network.APIResponse: 	at baseline.com.newsblur.service.NBSyncService$1.run(NBSyncService.java:188)
08-06 04:34:26.747 24686 21631 E baseline.com.newsblur.network.APIResponse: 	at java.util.concurrent.ThreadPoolExecutor.runWorker(ThreadPoolExecutor.java:1113)
08-06 04:34:26.747 24686 21631 E baseline.com.newsblur.network.APIResponse: 	at java.util.concurrent.ThreadPoolExecutor$Worker.run(ThreadPoolExecutor.java:588)
08-06 04:34:26.747 24686 21631 E baseline.com.newsblur.network.APIResponse: 	at java.lang.Thread.run(Thread.java:818)
08-06 04:34:26.747 24686 21631 E baseline.com.newsblur.network.APIResponse: Caused by: java.io.EOFException: \n not found: limit=0 content=
08-06 04:34:26.747 24686 21631 E baseline.com.newsblur.network.APIResponse: 	at okio.RealBufferedSource.readUtf8LineStrict(RealBufferedSource.java:240)
08-06 04:34:26.747 24686 21631 E baseline.com.newsblur.network.APIResponse: 	at okhttp3.internal.http1.Http1ExchangeCodec.readHeaderLine(Http1ExchangeCodec.java:242)
08-06 04:34:26.747 24686 21631 E baseline.com.newsblur.network.APIResponse: 	at okhttp3.internal.http1.Http1ExchangeCodec.readResponseHeaders(Http1ExchangeCodec.java:213)
08-06 04:34:26.747 24686 21631 E baseline.com.newsblur.network.APIResponse: 	... 30 more
08-06 04:34:26.749 24686 21631 I baseline.com.newsblur.network.APIManager: API call failed, pausing before retry number 1
08-06 04:34:26.756 24686 20764 I art     : Explicit concurrent mark sweep GC freed 887(198KB) AllocSpace objects, 2(40KB) LOS objects, 28% free, 41MB/57MB, paused 1.052ms total 38.479ms
08-06 04:34:26.766 24686 20764 I art     : Starting a blocking GC Explicit
08-06 04:34:26.804 24686 20764 I art     : Explicit concurrent mark sweep GC freed 124(16KB) AllocSpace objects, 0(0B) LOS objects, 28% free, 41MB/57MB, paused 1.046ms total 37.843ms
08-06 04:34:26.815 24686 20764 I art     : Starting a blocking GC Explicit
08-06 04:34:26.854 24686 20764 I art     : Explicit concurrent mark sweep GC freed 31(1024B) AllocSpace objects, 0(0B) LOS objects, 28% free, 41MB/57MB, paused 1.073ms total 38.826ms
08-06 04:34:27.184 24686 24697 I art     : Starting a blocking GC Explicit
08-06 04:34:27.231 24686 24697 I art     : Explicit concurrent mark sweep GC freed 1489(84KB) AllocSpace objects, 1(20KB) LOS objects, 28% free, 41MB/57MB, paused 1.080ms total 45.895ms
08-06 04:34:27.243 24686 24697 I art     : Starting a blocking GC Explicit
08-06 04:34:27.291 24686 24697 I art     : Explicit concurrent mark sweep GC freed 29(1008B) AllocSpace objects, 0(0B) LOS objects, 28% free, 41MB/57MB, paused 1.079ms total 47.918ms
08-06 04:34:27.304 24686 24697 I art     : Starting a blocking GC Explicit
08-06 04:34:27.353 24686 24697 I art     : Explicit concurrent mark sweep GC freed 10(320B) AllocSpace objects, 0(0B) LOS objects, 28% free, 41MB/57MB, paused 1.068ms total 48.249ms
08-06 04:34:27.365 24686 24697 I art     : Starting a blocking GC Explicit
08-06 04:34:27.412 24686 24697 I art     : Explicit concurrent mark sweep GC freed 11(352B) AllocSpace objects, 0(0B) LOS objects, 28% free, 41MB/57MB, paused 1.152ms total 46.522ms
08-06 04:34:27.425 24686 24697 I art     : Starting a blocking GC Explicit
08-06 04:34:27.471 24686 24697 I art     : Explicit concurrent mark sweep GC freed 9(288B) AllocSpace objects, 0(0B) LOS objects, 28% free, 41MB/57MB, paused 1.195ms total 45.755ms
08-06 04:34:27.606 22366 22366 W Atfwd_Sendcmd: AtCmdFwd service not published, waiting... retryCnt : 2
08-06 04:34:27.662   518   646 I ThermalEngine: ACTION: GPU - Setting GPU[0] to 450000000
08-06 04:34:27.816 22628 22628 D AndroidRuntime: >>>>>> START com.android.internal.os.RuntimeInit uid 2000 <<<<<<
08-06 04:34:27.822 22628 22628 D AndroidRuntime: CheckJNI is OFF
08-06 04:34:27.846 24686 20764 I art     : Starting a blocking GC Explicit
08-06 04:34:27.869 22628 22628 D ICU     : No timezone override file found: /data/misc/zoneinfo/current/icu/icu_tzdata.dat
08-06 04:34:27.902 24686 20764 I art     : Explicit concurrent mark sweep GC freed 1472(83KB) AllocSpace objects, 1(20KB) LOS objects, 28% free, 41MB/57MB, paused 1.564ms total 56.071ms
08-06 04:34:27.916 24686 20764 I art     : Starting a blocking GC Explicit
08-06 04:34:27.918 22628 22628 I Radio-JNI: register_android_hardware_Radio DONE
08-06 04:34:27.949 22628 22628 D AndroidRuntime: Calling main entry com.android.commands.input.Input
08-06 04:34:27.951 22628 22628 I Input   : injectMotionEvent: MotionEvent { action=ACTION_DOWN, actionButton=0, id[0]=0, x[0]=435.0, y[0]=858.0, toolType[0]=TOOL_TYPE_UNKNOWN, buttonState=0, metaState=0, flags=0x0, edgeFlags=0x0, pointerCount=1, historySize=0, eventTime=851684363, downTime=851684363, deviceId=0, source=0x1002 }
08-06 04:34:27.958 22628 22628 I Input   : injectMotionEvent: MotionEvent { action=ACTION_UP, actionButton=0, id[0]=0, x[0]=435.0, y[0]=858.0, toolType[0]=TOOL_TYPE_UNKNOWN, buttonState=0, metaState=0, flags=0x0, edgeFlags=0x0, pointerCount=1, historySize=0, eventTime=851684363, downTime=851684363, deviceId=0, source=0x1002 }
08-06 04:34:27.960 22628 22628 D AndroidRuntime: Shutting down VM
08-06 04:34:27.972 24686 20764 I art     : Explicit concurrent mark sweep GC freed 24(848B) AllocSpace objects, 0(0B) LOS objects, 28% free, 41MB/57MB, paused 1.527ms total 55.867ms
08-06 04:34:27.981   512  2967 D audio_hw_primary: out_set_parameters: enter: usecase(1: low-latency-playback) kvpairs: routing=2
08-06 04:34:27.987   918  3961 I ActivityManager: START u0 {cmp=baseline.com.newsblur/.activity.AllSharedStoriesReading (has extras)} from uid 10698 on display 0
08-06 04:34:27.988 24686 20764 I art     : Starting a blocking GC Explicit
08-06 04:34:27.994   512  2967 D audio_hw_primary: select_devices: out_snd_device(2: speaker) in_snd_device(0: none)
08-06 04:34:27.994   512  2967 D msm8974_platform: platform_send_audio_calibration: sending audio calibration for snd_device(2) acdb_id(15)
08-06 04:34:27.994   512  2967 I soundtrigger: audio_extn_sound_trigger_update_device_status: device 0x2 of type 0 for Event 1
08-06 04:34:28.004   512  2967 D audio_hw_primary: enable_snd_device: snd_device(2: speaker)
08-06 04:34:28.006   512  2967 D audio_hw_primary: enable_audio_route: apply and update mixer path: low-latency-playback speaker
08-06 04:34:28.039 24686 20764 I art     : Explicit concurrent mark sweep GC freed 1391(137KB) AllocSpace objects, 3(152KB) LOS objects, 27% free, 41MB/57MB, paused 2.242ms total 50.817ms
08-06 04:34:28.052 24686 20764 I art     : Starting a blocking GC Explicit
08-06 04:34:28.104 24686 20764 I art     : Explicit concurrent mark sweep GC freed 272(17KB) AllocSpace objects, 1(356KB) LOS objects, 28% free, 41MB/57MB, paused 1.529ms total 52.188ms
08-06 04:34:28.118 24686 20764 I art     : Starting a blocking GC Explicit
08-06 04:34:28.172 24686 20764 I art     : Explicit concurrent mark sweep GC freed 145(25KB) AllocSpace objects, 1(20KB) LOS objects, 27% free, 41MB/57MB, paused 1.782ms total 53.993ms
08-06 04:34:28.243   918   936 I ActivityManager: Displayed baseline.com.newsblur/.activity.AllSharedStoriesReading: +248ms
08-06 04:34:28.247 13866 13866 I GoogleInputMethodServic: GoogleInputMethodService.onFinishInput():3138 
08-06 04:34:28.247 13866 13866 I GoogleInputMethodServic: GoogleInputMethodService.onStartInput():1808 
08-06 04:34:28.549 24686 24697 I art     : Starting a blocking GC Explicit
08-06 04:34:28.559   512  2967 D audio_hw_primary: disable_audio_route: reset and update mixer path: low-latency-playback speaker
08-06 04:34:28.560   512  2967 D audio_hw_primary: disable_snd_device: snd_device(2: speaker)
08-06 04:34:28.561 24686 21310 E chromium: [ERROR:tile_manager.cc(793)] WARNING: tile memory limits exceeded, some content may not draw
08-06 04:34:28.562 24686 21310 E chromium: [ERROR:tile_manager.cc(793)] WARNING: tile memory limits exceeded, some content may not draw
08-06 04:34:28.568   512  2967 I soundtrigger: audio_extn_sound_trigger_update_device_status: device 0x2 of type 0 for Event 0
08-06 04:34:28.603 24686 24697 I art     : Explicit concurrent mark sweep GC freed 5391(442KB) AllocSpace objects, 15(336KB) LOS objects, 27% free, 41MB/57MB, paused 1.515ms total 53.762ms
08-06 04:34:28.619 24686 24697 I art     : Starting a blocking GC Explicit
08-06 04:34:28.672 24686 24697 I art     : Explicit concurrent mark sweep GC freed 1317(60KB) AllocSpace objects, 1(28KB) LOS objects, 27% free, 41MB/57MB, paused 1.427ms total 52.732ms
08-06 04:34:28.685 24686 24697 I art     : Starting a blocking GC Explicit
08-06 04:34:28.741 24686 24697 I art     : Explicit concurrent mark sweep GC freed 3(96B) AllocSpace objects, 0(0B) LOS objects, 27% free, 41MB/57MB, paused 1.545ms total 55.782ms
08-06 04:34:28.755 24686 24697 I art     : Starting a blocking GC Explicit
08-06 04:34:28.794 24686 21631 E baseline.com.newsblur.network.APIResponse: Error (unexpected end of stream on https://www.newsblur.com/...) calling https://www.newsblur.com/reader/mark_story_hashes_as_read/
08-06 04:34:28.794 24686 21631 E baseline.com.newsblur.network.APIResponse: java.io.IOException: unexpected end of stream on https://www.newsblur.com/...
08-06 04:34:28.794 24686 21631 E baseline.com.newsblur.network.APIResponse: 	at okhttp3.internal.http1.Http1ExchangeCodec.readResponseHeaders(Http1ExchangeCodec.java:236)
08-06 04:34:28.794 24686 21631 E baseline.com.newsblur.network.APIResponse: 	at okhttp3.internal.connection.Exchange.readResponseHeaders(Exchange.java:115)
08-06 04:34:28.794 24686 21631 E baseline.com.newsblur.network.APIResponse: 	at okhttp3.internal.http.CallServerInterceptor.intercept(CallServerInterceptor.java:94)
08-06 04:34:28.794 24686 21631 E baseline.com.newsblur.network.APIResponse: 	at okhttp3.internal.http.RealInterceptorChain.proceed(RealInterceptorChain.java:142)
08-06 04:34:28.794 24686 21631 E baseline.com.newsblur.network.APIResponse: 	at okhttp3.internal.connection.ConnectInterceptor.intercept(ConnectInterceptor.java:43)
08-06 04:34:28.794 24686 21631 E baseline.com.newsblur.network.APIResponse: 	at okhttp3.internal.http.RealInterceptorChain.proceed(RealInterceptorChain.java:142)
08-06 04:34:28.794 24686 21631 E baseline.com.newsblur.network.APIResponse: 	at okhttp3.internal.http.RealInterceptorChain.proceed(RealInterceptorChain.java:117)
08-06 04:34:28.794 24686 21631 E baseline.com.newsblur.network.APIResponse: 	at okhttp3.internal.cache.CacheInterceptor.intercept(CacheInterceptor.java:94)
08-06 04:34:28.794 24686 21631 E baseline.com.newsblur.network.APIResponse: 	at okhttp3.internal.http.RealInterceptorChain.proceed(RealInterceptorChain.java:142)
08-06 04:34:28.794 24686 21631 E baseline.com.newsblur.network.APIResponse: 	at okhttp3.internal.http.RealInterceptorChain.proceed(RealInterceptorChain.java:117)
08-06 04:34:28.794 24686 21631 E baseline.com.newsblur.network.APIResponse: 	at okhttp3.internal.http.BridgeInterceptor.intercept(BridgeInterceptor.java:93)
08-06 04:34:28.794 24686 21631 E baseline.com.newsblur.network.APIResponse: 	at okhttp3.internal.http.RealInterceptorChain.proceed(RealInterceptorChain.java:142)
08-06 04:34:28.794 24686 21631 E baseline.com.newsblur.network.APIResponse: 	at okhttp3.internal.http.RetryAndFollowUpInterceptor.intercept(RetryAndFollowUpInterceptor.java:88)
08-06 04:34:28.794 24686 21631 E baseline.com.newsblur.network.APIResponse: 	at okhttp3.internal.http.RealInterceptorChain.proceed(RealInterceptorChain.java:142)
08-06 04:34:28.794 24686 21631 E baseline.com.newsblur.network.APIResponse: 	at okhttp3.internal.http.RealInterceptorChain.proceed(RealInterceptorChain.java:117)
08-06 04:34:28.794 24686 21631 E baseline.com.newsblur.network.APIResponse: 	at okhttp3.RealCall.getResponseWithInterceptorChain(RealCall.java:229)
08-06 04:34:28.794 24686 21631 E baseline.com.newsblur.network.APIResponse: 	at okhttp3.RealCall.execute(RealCall.java:81)
08-06 04:34:28.794 24686 21631 E baseline.com.newsblur.network.APIResponse: 	at baseline.com.newsblur.network.APIResponse.<init>(APIResponse.java:57)
08-06 04:34:28.794 24686 21631 E baseline.com.newsblur.network.APIResponse: 	at baseline.com.newsblur.network.APIResponse.<init>(APIResponse.java:43)
08-06 04:34:28.794 24686 21631 E baseline.com.newsblur.network.APIResponse: 	at baseline.com.newsblur.network.APIManager.post_single(APIManager.java:702)
08-06 04:34:28.794 24686 21631 E baseline.com.newsblur.network.APIResponse: 	at baseline.com.newsblur.network.APIManager.post(APIManager.java:675)
08-06 04:34:28.794 24686 21631 E baseline.com.newsblur.network.APIResponse: 	at baseline.com.newsblur.network.APIManager.post(APIManager.java:714)
08-06 04:34:28.794 24686 21631 E baseline.com.newsblur.network.APIResponse: 	at baseline.com.newsblur.network.APIManager.markStoryAsRead(APIManager.java:205)
08-06 04:34:28.794 24686 21631 E baseline.com.newsblur.network.APIResponse: 	at baseline.com.newsblur.util.ReadingAction.doRemote(ReadingAction.java:281)
08-06 04:34:28.794 24686 21631 E baseline.com.newsblur.network.APIResponse: 	at baseline.com.newsblur.service.NBSyncService.syncActions(NBSyncService.java:400)
08-06 04:34:28.794 24686 21631 E baseline.com.newsblur.network.APIResponse: 	at baseline.com.newsblur.service.NBSyncService.doSync(NBSyncService.java:298)
08-06 04:34:28.794 24686 21631 E baseline.com.newsblur.network.APIResponse: 	at baseline.com.newsblur.service.NBSyncService.access$100(NBSyncService.java:67)
08-06 04:34:28.794 24686 21631 E baseline.com.newsblur.network.APIResponse: 	at baseline.com.newsblur.service.NBSyncService$1.run(NBSyncService.java:188)
08-06 04:34:28.794 24686 21631 E baseline.com.newsblur.network.APIResponse: 	at java.util.concurrent.ThreadPoolExecutor.runWorker(ThreadPoolExecutor.java:1113)
08-06 04:34:28.794 24686 21631 E baseline.com.newsblur.network.APIResponse: 	at java.util.concurrent.ThreadPoolExecutor$Worker.run(ThreadPoolExecutor.java:588)
08-06 04:34:28.794 24686 21631 E baseline.com.newsblur.network.APIResponse: 	at java.lang.Thread.run(Thread.java:818)
08-06 04:34:28.794 24686 21631 E baseline.com.newsblur.network.APIResponse: Caused by: java.io.EOFException: \n not found: limit=0 content=
08-06 04:34:28.794 24686 21631 E baseline.com.newsblur.network.APIResponse: 	at okio.RealBufferedSource.readUtf8LineStrict(RealBufferedSource.java:240)
08-06 04:34:28.794 24686 21631 E baseline.com.newsblur.network.APIResponse: 	at okhttp3.internal.http1.Http1ExchangeCodec.readHeaderLine(Http1ExchangeCodec.java:242)
08-06 04:34:28.794 24686 21631 E baseline.com.newsblur.network.APIResponse: 	at okhttp3.internal.http1.Http1ExchangeCodec.readResponseHeaders(Http1ExchangeCodec.java:213)
08-06 04:34:28.794 24686 21631 E baseline.com.newsblur.network.APIResponse: 	... 30 more
08-06 04:34:28.796 24686 21631 I baseline.com.newsblur.network.APIManager: API call failed, pausing before retry number 2
08-06 04:34:28.815 24686 24697 I art     : Explicit concurrent mark sweep GC freed 2432(259KB) AllocSpace objects, 2(40KB) LOS objects, 27% free, 41MB/57MB, paused 1.543ms total 58.926ms
08-06 04:34:28.829 24686 24697 I art     : Starting a blocking GC Explicit
08-06 04:34:28.888 24686 24697 I art     : Explicit concurrent mark sweep GC freed 161(18KB) AllocSpace objects, 0(0B) LOS objects, 27% free, 41MB/57MB, paused 1.561ms total 58.437ms
08-06 04:34:29.268 24686 20764 I art     : Starting a blocking GC Explicit
08-06 04:34:29.328 24686 20764 I art     : Explicit concurrent mark sweep GC freed 1467(83KB) AllocSpace objects, 1(20KB) LOS objects, 27% free, 41MB/57MB, paused 1.622ms total 59.699ms
08-06 04:34:29.342 24686 20764 I art     : Starting a blocking GC Explicit
08-06 04:34:29.400 24686 20764 I art     : Explicit concurrent mark sweep GC freed 22(784B) AllocSpace objects, 0(0B) LOS objects, 27% free, 41MB/57MB, paused 1.587ms total 57.469ms
08-06 04:34:29.415 24686 20764 I art     : Starting a blocking GC Explicit
08-06 04:34:29.474 24686 20764 I art     : Explicit concurrent mark sweep GC freed 3(96B) AllocSpace objects, 0(0B) LOS objects, 27% free, 41MB/57MB, paused 1.499ms total 58.488ms
08-06 04:34:29.489 24686 20764 I art     : Starting a blocking GC Explicit
08-06 04:34:29.545 24686 20764 I art     : Explicit concurrent mark sweep GC freed 3(96B) AllocSpace objects, 0(0B) LOS objects, 27% free, 41MB/57MB, paused 1.492ms total 55.950ms
08-06 04:34:29.549 24686 21310 E chromium: [ERROR:tile_manager.cc(793)] WARNING: tile memory limits exceeded, some content may not draw
08-06 04:34:29.550 24686 21310 E chromium: [ERROR:tile_manager.cc(793)] WARNING: tile memory limits exceeded, some content may not draw
08-06 04:34:29.559 24686 20764 I art     : Starting a blocking GC Explicit
08-06 04:34:29.563 24686 21310 E chromium: [ERROR:tile_manager.cc(793)] WARNING: tile memory limits exceeded, some content may not draw
08-06 04:34:29.564 24686 21310 E chromium: [ERROR:tile_manager.cc(793)] WARNING: tile memory limits exceeded, some content may not draw
08-06 04:34:29.581 24686 21310 E chromium: [ERROR:tile_manager.cc(793)] WARNING: tile memory limits exceeded, some content may not draw
08-06 04:34:29.582 24686 21310 E chromium: [ERROR:tile_manager.cc(793)] WARNING: tile memory limits exceeded, some content may not draw
08-06 04:34:29.618 24686 20764 I art     : Explicit concurrent mark sweep GC freed 59(1888B) AllocSpace objects, 0(0B) LOS objects, 27% free, 41MB/57MB, paused 1.439ms total 58.211ms
08-06 04:34:30.020 24686 24698 I art     : Starting a blocking GC Explicit
08-06 04:34:30.086 24686 24698 I art     : Explicit concurrent mark sweep GC freed 1507(85KB) AllocSpace objects, 1(20KB) LOS objects, 27% free, 41MB/57MB, paused 1.408ms total 65.521ms
08-06 04:34:30.103 24686 24698 I art     : Starting a blocking GC Explicit
08-06 04:34:30.164 24686 24698 I art     : Explicit concurrent mark sweep GC freed 22(784B) AllocSpace objects, 0(0B) LOS objects, 27% free, 41MB/57MB, paused 1.546ms total 61.041ms
08-06 04:34:30.179 24686 24698 I art     : Starting a blocking GC Explicit
08-06 04:34:30.241 24686 24698 I art     : Explicit concurrent mark sweep GC freed 3(96B) AllocSpace objects, 0(0B) LOS objects, 27% free, 41MB/57MB, paused 1.559ms total 61.260ms
08-06 04:34:30.255 24686 24698 I art     : Starting a blocking GC Explicit
08-06 04:34:30.319 24686 24698 I art     : Explicit concurrent mark sweep GC freed 3(96B) AllocSpace objects, 0(0B) LOS objects, 27% free, 41MB/57MB, paused 1.566ms total 63.519ms
08-06 04:34:30.336 24686 24698 I art     : Starting a blocking GC Explicit
08-06 04:34:30.397 24686 24698 I art     : Explicit concurrent mark sweep GC freed 3(96B) AllocSpace objects, 0(0B) LOS objects, 27% free, 41MB/57MB, paused 1.560ms total 60.947ms
08-06 04:34:30.798 24686 20967 I art     : Starting a blocking GC Explicit
08-06 04:34:30.865 24686 20967 I art     : Explicit concurrent mark sweep GC freed 1446(83KB) AllocSpace objects, 1(20KB) LOS objects, 27% free, 41MB/57MB, paused 1.593ms total 66.327ms
08-06 04:34:30.882 24686 20967 I art     : Starting a blocking GC Explicit
08-06 04:34:30.945 24686 20967 I art     : Explicit concurrent mark sweep GC freed 22(784B) AllocSpace objects, 0(0B) LOS objects, 27% free, 41MB/57MB, paused 1.414ms total 62.436ms
08-06 04:34:30.960 24686 20967 I art     : Starting a blocking GC Explicit
08-06 04:34:31.021 24686 20967 I art     : Explicit concurrent mark sweep GC freed 3(96B) AllocSpace objects, 0(0B) LOS objects, 27% free, 41MB/57MB, paused 1.587ms total 60.840ms
08-06 04:34:31.035 24686 20967 I art     : Starting a blocking GC Explicit
08-06 04:34:31.097 24686 20967 I art     : Explicit concurrent mark sweep GC freed 3(96B) AllocSpace objects, 0(0B) LOS objects, 27% free, 41MB/57MB, paused 1.470ms total 61.331ms
08-06 04:34:31.112 24686 20967 I art     : Starting a blocking GC Explicit
08-06 04:34:31.175 24686 20967 I art     : Explicit concurrent mark sweep GC freed 3(96B) AllocSpace objects, 0(0B) LOS objects, 27% free, 41MB/57MB, paused 1.561ms total 62.874ms
08-06 04:34:31.615 24686 20764 I art     : Starting a blocking GC Explicit
08-06 04:34:31.683 24686 20764 I art     : Explicit concurrent mark sweep GC freed 1446(83KB) AllocSpace objects, 1(20KB) LOS objects, 27% free, 41MB/57MB, paused 1.579ms total 67.304ms
08-06 04:34:31.701 24686 20764 I art     : Starting a blocking GC Explicit
08-06 04:34:31.762 24686 20764 I art     : Explicit concurrent mark sweep GC freed 22(784B) AllocSpace objects, 0(0B) LOS objects, 27% free, 41MB/57MB, paused 1.570ms total 60.678ms
08-06 04:34:31.777 24686 20764 I art     : Starting a blocking GC Explicit
08-06 04:34:31.839 24686 20764 I art     : Explicit concurrent mark sweep GC freed 94(3KB) AllocSpace objects, 0(0B) LOS objects, 27% free, 41MB/57MB, paused 1.616ms total 61.826ms
08-06 04:34:31.853 24686 20764 I art     : Starting a blocking GC Explicit
08-06 04:34:31.916 24686 20764 I art     : Explicit concurrent mark sweep GC freed 9(352B) AllocSpace objects, 0(0B) LOS objects, 27% free, 41MB/57MB, paused 1.628ms total 62.115ms
08-06 04:34:31.930 24686 20764 I art     : Starting a blocking GC Explicit
08-06 04:34:31.991 24686 20764 I art     : Explicit concurrent mark sweep GC freed 71(5KB) AllocSpace objects, 0(0B) LOS objects, 27% free, 41MB/57MB, paused 1.510ms total 60.964ms
08-06 04:34:32.380 24686 21631 E baseline.com.newsblur.network.APIResponse: Error (unexpected end of stream on https://www.newsblur.com/...) calling https://www.newsblur.com/reader/mark_story_hashes_as_read/
08-06 04:34:32.380 24686 21631 E baseline.com.newsblur.network.APIResponse: java.io.IOException: unexpected end of stream on https://www.newsblur.com/...
08-06 04:34:32.380 24686 21631 E baseline.com.newsblur.network.APIResponse: 	at okhttp3.internal.http1.Http1ExchangeCodec.readResponseHeaders(Http1ExchangeCodec.java:236)
08-06 04:34:32.380 24686 21631 E baseline.com.newsblur.network.APIResponse: 	at okhttp3.internal.connection.Exchange.readResponseHeaders(Exchange.java:115)
08-06 04:34:32.380 24686 21631 E baseline.com.newsblur.network.APIResponse: 	at okhttp3.internal.http.CallServerInterceptor.intercept(CallServerInterceptor.java:94)
08-06 04:34:32.380 24686 21631 E baseline.com.newsblur.network.APIResponse: 	at okhttp3.internal.http.RealInterceptorChain.proceed(RealInterceptorChain.java:142)
08-06 04:34:32.380 24686 21631 E baseline.com.newsblur.network.APIResponse: 	at okhttp3.internal.connection.ConnectInterceptor.intercept(ConnectInterceptor.java:43)
08-06 04:34:32.380 24686 21631 E baseline.com.newsblur.network.APIResponse: 	at okhttp3.internal.http.RealInterceptorChain.proceed(RealInterceptorChain.java:142)
08-06 04:34:32.380 24686 21631 E baseline.com.newsblur.network.APIResponse: 	at okhttp3.internal.http.RealInterceptorChain.proceed(RealInterceptorChain.java:117)
08-06 04:34:32.380 24686 21631 E baseline.com.newsblur.network.APIResponse: 	at okhttp3.internal.cache.CacheInterceptor.intercept(CacheInterceptor.java:94)
08-06 04:34:32.380 24686 21631 E baseline.com.newsblur.network.APIResponse: 	at okhttp3.internal.http.RealInterceptorChain.proceed(RealInterceptorChain.java:142)
08-06 04:34:32.380 24686 21631 E baseline.com.newsblur.network.APIResponse: 	at okhttp3.internal.http.RealInterceptorChain.proceed(RealInterceptorChain.java:117)
08-06 04:34:32.380 24686 21631 E baseline.com.newsblur.network.APIResponse: 	at okhttp3.internal.http.BridgeInterceptor.intercept(BridgeInterceptor.java:93)
08-06 04:34:32.380 24686 21631 E baseline.com.newsblur.network.APIResponse: 	at okhttp3.internal.http.RealInterceptorChain.proceed(RealInterceptorChain.java:142)
08-06 04:34:32.380 24686 21631 E baseline.com.newsblur.network.APIResponse: 	at okhttp3.internal.http.RetryAndFollowUpInterceptor.intercept(RetryAndFollowUpInterceptor.java:88)
08-06 04:34:32.380 24686 21631 E baseline.com.newsblur.network.APIResponse: 	at okhttp3.internal.http.RealInterceptorChain.proceed(RealInterceptorChain.java:142)
08-06 04:34:32.380 24686 21631 E baseline.com.newsblur.network.APIResponse: 	at okhttp3.internal.http.RealInterceptorChain.proceed(RealInterceptorChain.java:117)
08-06 04:34:32.380 24686 21631 E baseline.com.newsblur.network.APIResponse: 	at okhttp3.RealCall.getResponseWithInterceptorChain(RealCall.java:229)
08-06 04:34:32.380 24686 21631 E baseline.com.newsblur.network.APIResponse: 	at okhttp3.RealCall.execute(RealCall.java:81)
08-06 04:34:32.380 24686 21631 E baseline.com.newsblur.network.APIResponse: 	at baseline.com.newsblur.network.APIResponse.<init>(APIResponse.java:57)
08-06 04:34:32.380 24686 21631 E baseline.com.newsblur.network.APIResponse: 	at baseline.com.newsblur.network.APIResponse.<init>(APIResponse.java:43)
08-06 04:34:32.380 24686 21631 E baseline.com.newsblur.network.APIResponse: 	at baseline.com.newsblur.network.APIManager.post_single(APIManager.java:702)
08-06 04:34:32.380 24686 21631 E baseline.com.newsblur.network.APIResponse: 	at baseline.com.newsblur.network.APIManager.post(APIManager.java:675)
08-06 04:34:32.380 24686 21631 E baseline.com.newsblur.network.APIResponse: 	at baseline.com.newsblur.network.APIManager.post(APIManager.java:714)
08-06 04:34:32.380 24686 21631 E baseline.com.newsblur.network.APIResponse: 	at baseline.com.newsblur.network.APIManager.markStoryAsRead(APIManager.java:205)
08-06 04:34:32.380 24686 21631 E baseline.com.newsblur.network.APIResponse: 	at baseline.com.newsblur.util.ReadingAction.doRemote(ReadingAction.java:281)
08-06 04:34:32.380 24686 21631 E baseline.com.newsblur.network.APIResponse: 	at baseline.com.newsblur.service.NBSyncService.syncActions(NBSyncService.java:400)
08-06 04:34:32.380 24686 21631 E baseline.com.newsblur.network.APIResponse: 	at baseline.com.newsblur.service.NBSyncService.doSync(NBSyncService.java:298)
08-06 04:34:32.380 24686 21631 E baseline.com.newsblur.network.APIResponse: 	at baseline.com.newsblur.service.NBSyncService.access$100(NBSyncService.java:67)
08-06 04:34:32.380 24686 21631 E baseline.com.newsblur.network.APIResponse: 	at baseline.com.newsblur.service.NBSyncService$1.run(NBSyncService.java:188)
08-06 04:34:32.380 24686 21631 E baseline.com.newsblur.network.APIResponse: 	at java.util.concurrent.ThreadPoolExecutor.runWorker(ThreadPoolExecutor.java:1113)
08-06 04:34:32.380 24686 21631 E baseline.com.newsblur.network.APIResponse: 	at java.util.concurrent.ThreadPoolExecutor$Worker.run(ThreadPoolExecutor.java:588)
08-06 04:34:32.380 24686 21631 E baseline.com.newsblur.network.APIResponse: 	at java.lang.Thread.run(Thread.java:818)
08-06 04:34:32.380 24686 21631 E baseline.com.newsblur.network.APIResponse: Caused by: java.io.EOFException: \n not found: limit=0 content=
08-06 04:34:32.380 24686 21631 E baseline.com.newsblur.network.APIResponse: 	at okio.RealBufferedSource.readUtf8LineStrict(RealBufferedSource.java:240)
08-06 04:34:32.380 24686 21631 E baseline.com.newsblur.network.APIResponse: 	at okhttp3.internal.http1.Http1ExchangeCodec.readHeaderLine(Http1ExchangeCodec.java:242)
08-06 04:34:32.380 24686 21631 E baseline.com.newsblur.network.APIResponse: 	at okhttp3.internal.http1.Http1ExchangeCodec.readResponseHeaders(Http1ExchangeCodec.java:213)
08-06 04:34:32.380 24686 21631 E baseline.com.newsblur.network.APIResponse: 	... 30 more
08-06 04:34:32.382 24686 21631 I baseline.com.newsblur.service.NBSyncService: Holding reading action with server-side or network error.
08-06 04:34:32.386 24686 24697 I art     : Starting a blocking GC Explicit
08-06 04:34:32.392 24686 21631 W baseline.com.newsblur.service.NBSyncService: hard API failure
08-06 04:34:32.444 24686 24697 I art     : Explicit concurrent mark sweep GC freed 4623(455KB) AllocSpace objects, 8(160KB) LOS objects, 27% free, 41MB/57MB, paused 1.540ms total 57.877ms
08-06 04:34:32.459 24686 24697 I art     : Starting a blocking GC Explicit
08-06 04:34:32.517 24686 24697 I art     : Explicit concurrent mark sweep GC freed 187(7KB) AllocSpace objects, 0(0B) LOS objects, 27% free, 41MB/57MB, paused 1.625ms total 58.236ms
08-06 04:34:32.532 24686 24697 I art     : Starting a blocking GC Explicit
08-06 04:34:32.595 24686 24697 I art     : Explicit concurrent mark sweep GC freed 23(816B) AllocSpace objects, 0(0B) LOS objects, 27% free, 41MB/57MB, paused 1.503ms total 62.279ms
08-06 04:34:32.609 24686 24697 I art     : Starting a blocking GC Explicit
08-06 04:34:32.672 24686 24697 I art     : Explicit concurrent mark sweep GC freed 3(96B) AllocSpace objects, 0(0B) LOS objects, 27% free, 41MB/57MB, paused 1.657ms total 62.658ms
08-06 04:34:32.688 24686 24697 I art     : Starting a blocking GC Explicit
08-06 04:34:32.747 24686 24697 I art     : Explicit concurrent mark sweep GC freed 598(24KB) AllocSpace objects, 0(0B) LOS objects, 27% free, 41MB/57MB, paused 2.029ms total 59.420ms
08-06 04:34:32.752 22708 22708 D AndroidRuntime: >>>>>> START com.android.internal.os.RuntimeInit uid 2000 <<<<<<
08-06 04:34:32.758 22708 22708 D AndroidRuntime: CheckJNI is OFF
08-06 04:34:32.802 22708 22708 D ICU     : No timezone override file found: /data/misc/zoneinfo/current/icu/icu_tzdata.dat
08-06 04:34:32.807 24686 21631 E baseline.com.newsblur.network.APIResponse: Error (unexpected end of stream on https://www.newsblur.com/...) calling https://www.newsblur.com/reader/mark_story_hashes_as_read/
08-06 04:34:32.807 24686 21631 E baseline.com.newsblur.network.APIResponse: java.io.IOException: unexpected end of stream on https://www.newsblur.com/...
08-06 04:34:32.807 24686 21631 E baseline.com.newsblur.network.APIResponse: 	at okhttp3.internal.http1.Http1ExchangeCodec.readResponseHeaders(Http1ExchangeCodec.java:236)
08-06 04:34:32.807 24686 21631 E baseline.com.newsblur.network.APIResponse: 	at okhttp3.internal.connection.Exchange.readResponseHeaders(Exchange.java:115)
08-06 04:34:32.807 24686 21631 E baseline.com.newsblur.network.APIResponse: 	at okhttp3.internal.http.CallServerInterceptor.intercept(CallServerInterceptor.java:94)
08-06 04:34:32.807 24686 21631 E baseline.com.newsblur.network.APIResponse: 	at okhttp3.internal.http.RealInterceptorChain.proceed(RealInterceptorChain.java:142)
08-06 04:34:32.807 24686 21631 E baseline.com.newsblur.network.APIResponse: 	at okhttp3.internal.connection.ConnectInterceptor.intercept(ConnectInterceptor.java:43)
08-06 04:34:32.807 24686 21631 E baseline.com.newsblur.network.APIResponse: 	at okhttp3.internal.http.RealInterceptorChain.proceed(RealInterceptorChain.java:142)
08-06 04:34:32.807 24686 21631 E baseline.com.newsblur.network.APIResponse: 	at okhttp3.internal.http.RealInterceptorChain.proceed(RealInterceptorChain.java:117)
08-06 04:34:32.807 24686 21631 E baseline.com.newsblur.network.APIResponse: 	at okhttp3.internal.cache.CacheInterceptor.intercept(CacheInterceptor.java:94)
08-06 04:34:32.807 24686 21631 E baseline.com.newsblur.network.APIResponse: 	at okhttp3.internal.http.RealInterceptorChain.proceed(RealInterceptorChain.java:142)
08-06 04:34:32.807 24686 21631 E baseline.com.newsblur.network.APIResponse: 	at okhttp3.internal.http.RealInterceptorChain.proceed(RealInterceptorChain.java:117)
08-06 04:34:32.807 24686 21631 E baseline.com.newsblur.network.APIResponse: 	at okhttp3.internal.http.BridgeInterceptor.intercept(BridgeInterceptor.java:93)
08-06 04:34:32.807 24686 21631 E baseline.com.newsblur.network.APIResponse: 	at okhttp3.internal.http.RealInterceptorChain.proceed(RealInterceptorChain.java:142)
08-06 04:34:32.807 24686 21631 E baseline.com.newsblur.network.APIResponse: 	at okhttp3.internal.http.RetryAndFollowUpInterceptor.intercept(RetryAndFollowUpInterceptor.java:88)
08-06 04:34:32.807 24686 21631 E baseline.com.newsblur.network.APIResponse: 	at okhttp3.internal.http.RealInterceptorChain.proceed(RealInterceptorChain.java:142)
08-06 04:34:32.807 24686 21631 E baseline.com.newsblur.network.APIResponse: 	at okhttp3.internal.http.RealInterceptorChain.proceed(RealInterceptorChain.java:117)
08-06 04:34:32.807 24686 21631 E baseline.com.newsblur.network.APIResponse: 	at okhttp3.RealCall.getResponseWithInterceptorChain(RealCall.java:229)
08-06 04:34:32.807 24686 21631 E baseline.com.newsblur.network.APIResponse: 	at okhttp3.RealCall.execute(RealCall.java:81)
08-06 04:34:32.807 24686 21631 E baseline.com.newsblur.network.APIResponse: 	at baseline.com.newsblur.network.APIResponse.<init>(APIResponse.java:57)
08-06 04:34:32.807 24686 21631 E baseline.com.newsblur.network.APIResponse: 	at baseline.com.newsblur.network.APIResponse.<init>(APIResponse.java:43)
08-06 04:34:32.807 24686 21631 E baseline.com.newsblur.network.APIResponse: 	at baseline.com.newsblur.network.APIManager.post_single(APIManager.java:702)
08-06 04:34:32.807 24686 21631 E baseline.com.newsblur.network.APIResponse: 	at baseline.com.newsblur.network.APIManager.post(APIManager.java:675)
08-06 04:34:32.807 24686 21631 E baseline.com.newsblur.network.APIResponse: 	at baseline.com.newsblur.network.APIManager.post(APIManager.java:714)
08-06 04:34:32.807 24686 21631 E baseline.com.newsblur.network.APIResponse: 	at baseline.com.newsblur.network.APIManager.markStoryAsRead(APIManager.java:205)
08-06 04:34:32.807 24686 21631 E baseline.com.newsblur.network.APIResponse: 	at baseline.com.newsblur.util.ReadingAction.doRemote(ReadingAction.java:281)
08-06 04:34:32.807 24686 21631 E baseline.com.newsblur.network.APIResponse: 	at baseline.com.newsblur.service.NBSyncService.syncActions(NBSyncService.java:400)
08-06 04:34:32.807 24686 21631 E baseline.com.newsblur.network.APIResponse: 	at baseline.com.newsblur.service.NBSyncService.doSync(NBSyncService.java:298)
08-06 04:34:32.807 24686 21631 E baseline.com.newsblur.network.APIResponse: 	at baseline.com.newsblur.service.NBSyncService.access$100(NBSyncService.java:67)
08-06 04:34:32.807 24686 21631 E baseline.com.newsblur.network.APIResponse: 	at baseline.com.newsblur.service.NBSyncService$1.run(NBSyncService.java:188)
08-06 04:34:32.807 24686 21631 E baseline.com.newsblur.network.APIResponse: 	at java.util.concurrent.ThreadPoolExecutor.runWorker(ThreadPoolExecutor.java:1113)
08-06 04:34:32.807 24686 21631 E baseline.com.newsblur.network.APIResponse: 	at java.util.concurrent.ThreadPoolExecutor$Worker.run(ThreadPoolExecutor.java:588)
08-06 04:34:32.807 24686 21631 E baseline.com.newsblur.network.APIResponse: 	at java.lang.Thread.run(Thread.java:818)
08-06 04:34:32.807 24686 21631 E baseline.com.newsblur.network.APIResponse: Caused by: java.io.EOFException: \n not found: limit=0 content=
08-06 04:34:32.807 24686 21631 E baseline.com.newsblur.network.APIResponse: 	at okio.RealBufferedSource.readUtf8LineStrict(RealBufferedSource.java:240)
08-06 04:34:32.807 24686 21631 E baseline.com.newsblur.network.APIResponse: 	at okhttp3.internal.http1.Http1ExchangeCodec.readHeaderLine(Http1ExchangeCodec.java:242)
08-06 04:34:32.807 24686 21631 E baseline.com.newsblur.network.APIResponse: 	at okhttp3.internal.http1.Http1ExchangeCodec.readResponseHeaders(Http1ExchangeCodec.java:213)
08-06 04:34:32.807 24686 21631 E baseline.com.newsblur.network.APIResponse: 	... 30 more
08-06 04:34:32.808 24686 21631 I baseline.com.newsblur.network.APIManager: API call failed, pausing before retry number 1
08-06 04:34:32.846 22708 22708 I Radio-JNI: register_android_hardware_Radio DONE
08-06 04:34:32.876 22708 22708 D AndroidRuntime: Calling main entry com.android.commands.input.Input
08-06 04:34:32.878 22708 22708 I Input   : injectKeyEvent: KeyEvent { action=ACTION_DOWN, keyCode=KEYCODE_BACK, scanCode=0, metaState=0, flags=0x0, repeatCount=0, eventTime=851689291, downTime=851689291, deviceId=-1, source=0x101 }
08-06 04:34:32.887 22708 22708 I Input   : injectKeyEvent: KeyEvent { action=ACTION_UP, keyCode=KEYCODE_BACK, scanCode=0, metaState=0, flags=0x0, repeatCount=0, eventTime=851689291, downTime=851689291, deviceId=-1, source=0x101 }
08-06 04:34:32.894 22708 22708 D AndroidRuntime: Shutting down VM
08-06 04:34:32.905 24686 24686 D baseline.com.newsblur.service.NBSyncService: rejecting request for feedset that is exhaused
08-06 04:34:32.916   918   937 W ProcessCpuTracker: Skipping unknown process pid 22721
08-06 04:34:33.109 24686 24698 I art     : Starting a blocking GC Explicit
08-06 04:34:33.154 24686 24686 D baseline.com.newsblur.service.NBSyncService: rejecting request for feedset that is exhaused
08-06 04:34:33.160 13866 13866 I GoogleInputMethodServic: GoogleInputMethodService.onFinishInput():3138 
08-06 04:34:33.160 13866 13866 I GoogleInputMethodServic: GoogleInputMethodService.onStartInput():1808 
08-06 04:34:33.177 24686 24698 I art     : Explicit concurrent mark sweep GC freed 4784(476KB) AllocSpace objects, 7(140KB) LOS objects, 27% free, 41MB/57MB, paused 1.514ms total 67.047ms
08-06 04:34:33.190 24686 24698 I art     : Starting a blocking GC Explicit
08-06 04:34:33.240 24686 24698 I art     : Explicit concurrent mark sweep GC freed 552(39KB) AllocSpace objects, 1(28KB) LOS objects, 27% free, 41MB/57MB, paused 1.290ms total 49.524ms
08-06 04:34:33.254 24686 24698 I art     : Starting a blocking GC Explicit
08-06 04:34:33.304 24686 24698 I art     : Explicit concurrent mark sweep GC freed 86(5KB) AllocSpace objects, 0(0B) LOS objects, 27% free, 41MB/57MB, paused 1.300ms total 49.849ms
08-06 04:34:33.317 24686 24698 I art     : Starting a blocking GC Explicit
08-06 04:34:33.370 24686 24698 I art     : Explicit concurrent mark sweep GC freed 3(96B) AllocSpace objects, 0(0B) LOS objects, 27% free, 41MB/57MB, paused 1.506ms total 52.155ms
08-06 04:34:33.383 24686 24698 I art     : Starting a blocking GC Explicit
08-06 04:34:33.436 24686 24698 I art     : Explicit concurrent mark sweep GC freed 191(8KB) AllocSpace objects, 0(0B) LOS objects, 27% free, 41MB/57MB, paused 1.791ms total 52.168ms
08-06 04:34:33.808 24686 20764 I art     : Starting a blocking GC Explicit
08-06 04:34:33.864 24686 20764 I art     : Explicit concurrent mark sweep GC freed 2927(154KB) AllocSpace objects, 1(20KB) LOS objects, 27% free, 41MB/57MB, paused 1.459ms total 56.040ms
08-06 04:34:33.878 24686 20764 I art     : Starting a blocking GC Explicit
08-06 04:34:33.937 24686 20764 I art     : Explicit concurrent mark sweep GC freed 159(7KB) AllocSpace objects, 0(0B) LOS objects, 27% free, 41MB/57MB, paused 1.493ms total 58.789ms
08-06 04:34:33.952 24686 20764 I art     : Starting a blocking GC Explicit
08-06 04:34:34.013 24686 20764 I art     : Explicit concurrent mark sweep GC freed 11(352B) AllocSpace objects, 0(0B) LOS objects, 27% free, 41MB/57MB, paused 1.522ms total 60.499ms
08-06 04:34:34.029 24686 20764 I art     : Starting a blocking GC Explicit
08-06 04:34:34.091 24686 20764 I art     : Explicit concurrent mark sweep GC freed 13(416B) AllocSpace objects, 0(0B) LOS objects, 27% free, 41MB/57MB, paused 1.703ms total 61.648ms
08-06 04:34:34.106 24686 20764 I art     : Starting a blocking GC Explicit
08-06 04:34:34.168 24686 20764 I art     : Explicit concurrent mark sweep GC freed 11(352B) AllocSpace objects, 0(0B) LOS objects, 27% free, 41MB/57MB, paused 1.714ms total 61.382ms
08-06 04:34:34.561 24686 20967 I art     : Starting a blocking GC Explicit
08-06 04:34:34.624 24686 20967 I art     : Explicit concurrent mark sweep GC freed 1654(93KB) AllocSpace objects, 1(20KB) LOS objects, 27% free, 41MB/57MB, paused 1.708ms total 62.602ms
08-06 04:34:34.638 24686 20967 I art     : Starting a blocking GC Explicit
08-06 04:34:34.669 22745 22745 D AndroidRuntime: >>>>>> START com.android.internal.os.RuntimeInit uid 2000 <<<<<<
08-06 04:34:34.675 22745 22745 D AndroidRuntime: CheckJNI is OFF
08-06 04:34:34.700 24686 20967 I art     : Explicit concurrent mark sweep GC freed 28(1040B) AllocSpace objects, 0(0B) LOS objects, 27% free, 41MB/57MB, paused 1.625ms total 61.363ms
08-06 04:34:34.714 24686 20967 I art     : Starting a blocking GC Explicit
08-06 04:34:34.724 22745 22745 D ICU     : No timezone override file found: /data/misc/zoneinfo/current/icu/icu_tzdata.dat
08-06 04:34:34.770 22745 22745 I Radio-JNI: register_android_hardware_Radio DONE
08-06 04:34:34.776 24686 20967 I art     : Explicit concurrent mark sweep GC freed 3(96B) AllocSpace objects, 0(0B) LOS objects, 27% free, 41MB/57MB, paused 1.630ms total 61.961ms
08-06 04:34:34.791 24686 20967 I art     : Starting a blocking GC Explicit
08-06 04:34:34.800 22745 22745 D AndroidRuntime: Calling main entry com.android.commands.input.Input
08-06 04:34:34.801 22745 22745 I Input   : injectKeyEvent: KeyEvent { action=ACTION_DOWN, keyCode=KEYCODE_BACK, scanCode=0, metaState=0, flags=0x0, repeatCount=0, eventTime=851691214, downTime=851691214, deviceId=-1, source=0x101 }
08-06 04:34:34.810 22745 22745 I Input   : injectKeyEvent: KeyEvent { action=ACTION_UP, keyCode=KEYCODE_BACK, scanCode=0, metaState=0, flags=0x0, repeatCount=0, eventTime=851691214, downTime=851691214, deviceId=-1, source=0x101 }
08-06 04:34:34.818 22745 22745 D AndroidRuntime: Shutting down VM
08-06 04:34:34.848 24686 20967 I art     : Explicit concurrent mark sweep GC freed 1990(130KB) AllocSpace objects, 4(80KB) LOS objects, 27% free, 41MB/57MB, paused 1.766ms total 56.978ms
08-06 04:34:34.849 24686 21631 E baseline.com.newsblur.network.APIResponse: Error (unexpected end of stream on https://www.newsblur.com/...) calling https://www.newsblur.com/reader/mark_story_hashes_as_read/
08-06 04:34:34.849 24686 21631 E baseline.com.newsblur.network.APIResponse: java.io.IOException: unexpected end of stream on https://www.newsblur.com/...
08-06 04:34:34.849 24686 21631 E baseline.com.newsblur.network.APIResponse: 	at okhttp3.internal.http1.Http1ExchangeCodec.readResponseHeaders(Http1ExchangeCodec.java:236)
08-06 04:34:34.849 24686 21631 E baseline.com.newsblur.network.APIResponse: 	at okhttp3.internal.connection.Exchange.readResponseHeaders(Exchange.java:115)
08-06 04:34:34.849 24686 21631 E baseline.com.newsblur.network.APIResponse: 	at okhttp3.internal.http.CallServerInterceptor.intercept(CallServerInterceptor.java:94)
08-06 04:34:34.849 24686 21631 E baseline.com.newsblur.network.APIResponse: 	at okhttp3.internal.http.RealInterceptorChain.proceed(RealInterceptorChain.java:142)
08-06 04:34:34.849 24686 21631 E baseline.com.newsblur.network.APIResponse: 	at okhttp3.internal.connection.ConnectInterceptor.intercept(ConnectInterceptor.java:43)
08-06 04:34:34.849 24686 21631 E baseline.com.newsblur.network.APIResponse: 	at okhttp3.internal.http.RealInterceptorChain.proceed(RealInterceptorChain.java:142)
08-06 04:34:34.849 24686 21631 E baseline.com.newsblur.network.APIResponse: 	at okhttp3.internal.http.RealInterceptorChain.proceed(RealInterceptorChain.java:117)
08-06 04:34:34.849 24686 21631 E baseline.com.newsblur.network.APIResponse: 	at okhttp3.internal.cache.CacheInterceptor.intercept(CacheInterceptor.java:94)
08-06 04:34:34.849 24686 21631 E baseline.com.newsblur.network.APIResponse: 	at okhttp3.internal.http.RealInterceptorChain.proceed(RealInterceptorChain.java:142)
08-06 04:34:34.849 24686 21631 E baseline.com.newsblur.network.APIResponse: 	at okhttp3.internal.http.RealInterceptorChain.proceed(RealInterceptorChain.java:117)
08-06 04:34:34.849 24686 21631 E baseline.com.newsblur.network.APIResponse: 	at okhttp3.internal.http.BridgeInterceptor.intercept(BridgeInterceptor.java:93)
08-06 04:34:34.849 24686 21631 E baseline.com.newsblur.network.APIResponse: 	at okhttp3.internal.http.RealInterceptorChain.proceed(RealInterceptorChain.java:142)
08-06 04:34:34.849 24686 21631 E baseline.com.newsblur.network.APIResponse: 	at okhttp3.internal.http.RetryAndFollowUpInterceptor.intercept(RetryAndFollowUpInterceptor.java:88)
08-06 04:34:34.849 24686 21631 E baseline.com.newsblur.network.APIResponse: 	at okhttp3.internal.http.RealInterceptorChain.proceed(RealInterceptorChain.java:142)
08-06 04:34:34.849 24686 21631 E baseline.com.newsblur.network.APIResponse: 	at okhttp3.internal.http.RealInterceptorChain.proceed(RealInterceptorChain.java:117)
08-06 04:34:34.849 24686 21631 E baseline.com.newsblur.network.APIResponse: 	at okhttp3.RealCall.getResponseWithInterceptorChain(RealCall.java:229)
08-06 04:34:34.849 24686 21631 E baseline.com.newsblur.network.APIResponse: 	at okhttp3.RealCall.execute(RealCall.java:81)
08-06 04:34:34.849 24686 21631 E baseline.com.newsblur.network.APIResponse: 	at baseline.com.newsblur.network.APIResponse.<init>(APIResponse.java:57)
08-06 04:34:34.849 24686 21631 E baseline.com.newsblur.network.APIResponse: 	at baseline.com.newsblur.network.APIResponse.<init>(APIResponse.java:43)
08-06 04:34:34.849 24686 21631 E baseline.com.newsblur.network.APIResponse: 	at baseline.com.newsblur.network.APIManager.post_single(APIManager.java:702)
08-06 04:34:34.849 24686 21631 E baseline.com.newsblur.network.APIResponse: 	at baseline.com.newsblur.network.APIManager.post(APIManager.java:675)
08-06 04:34:34.849 24686 21631 E baseline.com.newsblur.network.APIResponse: 	at baseline.com.newsblur.network.APIManager.post(APIManager.java:714)
08-06 04:34:34.849 24686 21631 E baseline.com.newsblur.network.APIResponse: 	at baseline.com.newsblur.network.APIManager.markStoryAsRead(APIManager.java:205)
08-06 04:34:34.849 24686 21631 E baseline.com.newsblur.network.APIResponse: 	at baseline.com.newsblur.util.ReadingAction.doRemote(ReadingAction.java:281)
08-06 04:34:34.849 24686 21631 E baseline.com.newsblur.network.APIResponse: 	at baseline.com.newsblur.service.NBSyncService.syncActions(NBSyncService.java:400)
08-06 04:34:34.849 24686 21631 E baseline.com.newsblur.network.APIResponse: 	at baseline.com.newsblur.service.NBSyncService.doSync(NBSyncService.java:298)
08-06 04:34:34.849 24686 21631 E baseline.com.newsblur.network.APIResponse: 	at baseline.com.newsblur.service.NBSyncService.access$100(NBSyncService.java:67)
08-06 04:34:34.849 24686 21631 E baseline.com.newsblur.network.APIResponse: 	at baseline.com.newsblur.service.NBSyncService$1.run(NBSyncService.java:188)
08-06 04:34:34.849 24686 21631 E baseline.com.newsblur.network.APIResponse: 	at java.util.concurrent.ThreadPoolExecutor.runWorker(ThreadPoolExecutor.java:1113)
08-06 04:34:34.849 24686 21631 E baseline.com.newsblur.network.APIResponse: 	at java.util.concurrent.ThreadPoolExecutor$Worker.run(ThreadPoolExecutor.java:588)
08-06 04:34:34.849 24686 21631 E baseline.com.newsblur.network.APIResponse: 	at java.lang.Thread.run(Thread.java:818)
08-06 04:34:34.849 24686 21631 E baseline.com.newsblur.network.APIResponse: Caused by: java.io.EOFException: \n not found: limit=0 content=
08-06 04:34:34.849 24686 21631 E baseline.com.newsblur.network.APIResponse: 	at okio.RealBufferedSource.readUtf8LineStrict(RealBufferedSource.java:240)
08-06 04:34:34.849 24686 21631 E baseline.com.newsblur.network.APIResponse: 	at okhttp3.internal.http1.Http1ExchangeCodec.readHeaderLine(Http1ExchangeCodec.java:242)
08-06 04:34:34.849 24686 21631 E baseline.com.newsblur.network.APIResponse: 	at okhttp3.internal.http1.Http1ExchangeCodec.readResponseHeaders(Http1ExchangeCodec.java:213)
08-06 04:34:34.849 24686 21631 E baseline.com.newsblur.network.APIResponse: 	... 30 more
08-06 04:34:34.850 24686 21631 I baseline.com.newsblur.network.APIManager: API call failed, pausing before retry number 2
08-06 04:34:34.861 24686 20967 I art     : Starting a blocking GC Explicit
08-06 04:34:34.916 24686 20967 I art     : Explicit concurrent mark sweep GC freed 946(213KB) AllocSpace objects, 2(40KB) LOS objects, 27% free, 41MB/57MB, paused 1.625ms total 54.688ms
08-06 04:34:35.050 13866 13866 I GoogleInputMethodServic: GoogleInputMethodService.onFinishInput():3138 
08-06 04:34:35.053 13866 13866 I GoogleInputMethodServic: GoogleInputMethodService.onStartInput():1808 
08-06 04:34:35.281 24686 24697 I art     : Starting a blocking GC Explicit
08-06 04:34:35.360 24686 24697 I art     : Explicit concurrent mark sweep GC freed 9482(602KB) AllocSpace objects, 9(180KB) LOS objects, 27% free, 41MB/57MB, paused 1.993ms total 78.179ms
08-06 04:34:35.375 24686 24697 I art     : Starting a blocking GC Explicit
08-06 04:34:35.433 24686 24697 I art     : Explicit concurrent mark sweep GC freed 651(28KB) AllocSpace objects, 0(0B) LOS objects, 27% free, 41MB/57MB, paused 1.509ms total 57.171ms
08-06 04:34:35.447 24686 24697 I art     : Starting a blocking GC Explicit
08-06 04:34:35.487   918  3261 D WifiStateMachine: starting scan for "H369AA63323"WPA_PSK with 2412,5180
08-06 04:34:35.503 24686 24697 I art     : Explicit concurrent mark sweep GC freed 16(512B) AllocSpace objects, 0(0B) LOS objects, 27% free, 41MB/57MB, paused 1.424ms total 56.194ms
08-06 04:34:35.519 24686 24697 I art     : Starting a blocking GC Explicit
08-06 04:34:35.576 24686 24697 I art     : Explicit concurrent mark sweep GC freed 149(7KB) AllocSpace objects, 0(0B) LOS objects, 27% free, 41MB/57MB, paused 1.547ms total 56.745ms
08-06 04:34:35.591 24686 24697 I art     : Starting a blocking GC Explicit
08-06 04:34:35.650 24686 24697 I art     : Explicit concurrent mark sweep GC freed 11(352B) AllocSpace objects, 0(0B) LOS objects, 27% free, 41MB/57MB, paused 1.491ms total 58.890ms
08-06 04:34:36.028 24686 24698 I art     : Starting a blocking GC Explicit
08-06 04:34:36.090 24686 24698 I art     : Explicit concurrent mark sweep GC freed 1498(84KB) AllocSpace objects, 1(20KB) LOS objects, 27% free, 41MB/57MB, paused 1.510ms total 61.705ms
08-06 04:34:36.106 24686 24698 I art     : Starting a blocking GC Explicit
08-06 04:34:36.160 24686 24698 I art     : Explicit concurrent mark sweep GC freed 32(1104B) AllocSpace objects, 0(0B) LOS objects, 27% free, 41MB/57MB, paused 1.645ms total 54.473ms
08-06 04:34:36.174 24686 24698 I art     : Starting a blocking GC Explicit
08-06 04:34:36.232 24686 24698 I art     : Explicit concurrent mark sweep GC freed 10(320B) AllocSpace objects, 0(0B) LOS objects, 27% free, 41MB/57MB, paused 1.518ms total 57.177ms
08-06 04:34:36.247 24686 24698 I art     : Starting a blocking GC Explicit
08-06 04:34:36.304 24686 24698 I art     : Explicit concurrent mark sweep GC freed 12(384B) AllocSpace objects, 0(0B) LOS objects, 27% free, 41MB/57MB, paused 1.582ms total 57.413ms
08-06 04:34:36.320 24686 24698 I art     : Starting a blocking GC Explicit
08-06 04:34:36.375 24686 24698 I art     : Explicit concurrent mark sweep GC freed 12(384B) AllocSpace objects, 0(0B) LOS objects, 27% free, 41MB/57MB, paused 1.457ms total 54.500ms
08-06 04:34:36.610 22789 22789 D AndroidRuntime: >>>>>> START com.android.internal.os.RuntimeInit uid 2000 <<<<<<
08-06 04:34:36.616 22789 22789 D AndroidRuntime: CheckJNI is OFF
08-06 04:34:36.658 22789 22789 D ICU     : No timezone override file found: /data/misc/zoneinfo/current/icu/icu_tzdata.dat
08-06 04:34:36.700 22789 22789 I Radio-JNI: register_android_hardware_Radio DONE
08-06 04:34:36.730 22789 22789 D AndroidRuntime: Calling main entry com.android.commands.input.Input
08-06 04:34:36.732 22789 22789 I Input   : injectMotionEvent: MotionEvent { action=ACTION_DOWN, actionButton=0, id[0]=0, x[0]=553.0, y[0]=442.0, toolType[0]=TOOL_TYPE_UNKNOWN, buttonState=0, metaState=0, flags=0x0, edgeFlags=0x0, pointerCount=1, historySize=0, eventTime=851693145, downTime=851693145, deviceId=0, source=0x1002 }
08-06 04:34:36.737 22789 22789 I Input   : injectMotionEvent: MotionEvent { action=ACTION_UP, actionButton=0, id[0]=0, x[0]=553.0, y[0]=442.0, toolType[0]=TOOL_TYPE_UNKNOWN, buttonState=0, metaState=0, flags=0x0, edgeFlags=0x0, pointerCount=1, historySize=0, eventTime=851693145, downTime=851693145, deviceId=0, source=0x1002 }
08-06 04:34:36.739 22789 22789 D AndroidRuntime: Shutting down VM
08-06 04:34:36.768 24686 24697 I art     : Starting a blocking GC Explicit
08-06 04:34:36.806   918  5481 I ActivityManager: START u0 {cmp=baseline.com.newsblur/.activity.AllSharedStoriesItemsList (has extras)} from uid 10698 on display 0
08-06 04:34:36.829 24686 24697 I art     : Explicit concurrent mark sweep GC freed 2011(165KB) AllocSpace objects, 2(40KB) LOS objects, 27% free, 41MB/57MB, paused 2.316ms total 61.398ms
08-06 04:34:36.839 24686 20753 I baseline.com.newsblur.database.BlurDatabaseHelper: reading session reset
08-06 04:34:36.845 24686 24697 I art     : Starting a blocking GC Explicit
08-06 04:34:36.901 24686 24697 I art     : Explicit concurrent mark sweep GC freed 1710(150KB) AllocSpace objects, 4(172KB) LOS objects, 27% free, 41MB/57MB, paused 1.656ms total 55.800ms
08-06 04:34:36.915 24686 24697 I art     : Starting a blocking GC Explicit
08-06 04:34:36.973 24686 24697 I art     : Explicit concurrent mark sweep GC freed 229(11KB) AllocSpace objects, 0(0B) LOS objects, 27% free, 41MB/57MB, paused 1.596ms total 57.540ms
08-06 04:34:36.987 24686 24697 I art     : Starting a blocking GC Explicit
08-06 04:34:37.045 24686 24697 I art     : Explicit concurrent mark sweep GC freed 567(44KB) AllocSpace objects, 1(20KB) LOS objects, 27% free, 41MB/57MB, paused 1.462ms total 57.387ms
08-06 04:34:37.050 24686 24686 D baseline.com.newsblur.service.NBSyncService: rejecting request for feedset that is exhaused
08-06 04:34:37.058 24686 24686 W View    : requestLayout() improperly called by android.widget.FrameLayout{2152681 V.E...... ......ID 0,0-1440,18 #7f07003f app:id/footer_view_inner} during layout: running second layout pass
08-06 04:34:37.059 24686 24686 W View    : requestLayout() improperly called by android.widget.FrameLayout{d82e326 V.E...... ......ID 0,0-1440,2091 #7f07003f app:id/footer_view_inner} during layout: running second layout pass
08-06 04:34:37.060 24686 24697 I art     : Starting a blocking GC Explicit
08-06 04:34:37.083   918   936 I ActivityManager: Displayed baseline.com.newsblur/.activity.AllSharedStoriesItemsList: +262ms
08-06 04:34:37.083 13866 13866 I GoogleInputMethodServic: GoogleInputMethodService.onFinishInput():3138 
08-06 04:34:37.084 13866 13866 I GoogleInputMethodServic: GoogleInputMethodService.onStartInput():1808 
08-06 04:34:37.119 24686 24697 I art     : Explicit concurrent mark sweep GC freed 1087(83KB) AllocSpace objects, 5(100KB) LOS objects, 27% free, 41MB/57MB, paused 2.152ms total 58.102ms
08-06 04:34:37.275 24686 21002 I NAPPA_EXPERIMENTATION: MetricNetworkRequestExecutionTime: REQUEST_DURATION_SYSTEM='143',REQUEST_DURATION_OKHTTP='141',REQUEST_SYNCHRONOUS='TRUE',RESPONSE_CODE='200',RESPONSE_METHOD='GET',RESPONSE_LENGTH_OKHTTP='43',RESPONSE_LENGTH_HEADER='43',REQUEST_PROTOCOL='http/1.1',REQUEST_URL='http://feeds.feedburner.com/~r/retort/~4/UffaFMiJbNs',
08-06 04:34:37.505 24686 24698 I art     : Starting a blocking GC Explicit
08-06 04:34:37.567 24686 24698 I art     : Explicit concurrent mark sweep GC freed 2956(189KB) AllocSpace objects, 5(100KB) LOS objects, 27% free, 41MB/57MB, paused 1.531ms total 61.583ms
08-06 04:34:37.582 24686 24698 I art     : Starting a blocking GC Explicit
08-06 04:34:37.607 22366 22366 I ServiceManager: Waiting for service AtCmdFwd...
08-06 04:34:37.643 24686 24698 I art     : Explicit concurrent mark sweep GC freed 78(3KB) AllocSpace objects, 0(0B) LOS objects, 27% free, 41MB/57MB, paused 1.593ms total 60.824ms
08-06 04:34:37.658 24686 24698 I art     : Starting a blocking GC Explicit
08-06 04:34:37.720 24686 24698 I art     : Explicit concurrent mark sweep GC freed 3(96B) AllocSpace objects, 0(0B) LOS objects, 27% free, 41MB/57MB, paused 1.708ms total 62.177ms
08-06 04:34:37.736 24686 24698 I art     : Starting a blocking GC Explicit
08-06 04:34:37.797 24686 24698 I art     : Explicit concurrent mark sweep GC freed 3(96B) AllocSpace objects, 0(0B) LOS objects, 27% free, 41MB/57MB, paused 1.573ms total 61.003ms
08-06 04:34:37.812 24686 24698 I art     : Starting a blocking GC Explicit
08-06 04:34:37.875 24686 24698 I art     : Explicit concurrent mark sweep GC freed 94(3KB) AllocSpace objects, 0(0B) LOS objects, 27% free, 41MB/57MB, paused 1.684ms total 62.805ms
08-06 04:34:38.266 24686 20967 I art     : Starting a blocking GC Explicit
08-06 04:34:38.325 24686 20967 I art     : Explicit concurrent mark sweep GC freed 1537(88KB) AllocSpace objects, 1(20KB) LOS objects, 27% free, 41MB/57MB, paused 1.568ms total 58.625ms
08-06 04:34:38.339 24686 20967 I art     : Starting a blocking GC Explicit
08-06 04:34:38.403 24686 20967 I art     : Explicit concurrent mark sweep GC freed 1684(65KB) AllocSpace objects, 0(0B) LOS objects, 27% free, 41MB/57MB, paused 1.671ms total 64.033ms
08-06 04:34:38.420 24686 20967 I art     : Starting a blocking GC Explicit
08-06 04:34:38.431 24686 21631 E baseline.com.newsblur.network.APIResponse: Error (unexpected end of stream on https://www.newsblur.com/...) calling https://www.newsblur.com/reader/mark_story_hashes_as_read/
08-06 04:34:38.431 24686 21631 E baseline.com.newsblur.network.APIResponse: java.io.IOException: unexpected end of stream on https://www.newsblur.com/...
08-06 04:34:38.431 24686 21631 E baseline.com.newsblur.network.APIResponse: 	at okhttp3.internal.http1.Http1ExchangeCodec.readResponseHeaders(Http1ExchangeCodec.java:236)
08-06 04:34:38.431 24686 21631 E baseline.com.newsblur.network.APIResponse: 	at okhttp3.internal.connection.Exchange.readResponseHeaders(Exchange.java:115)
08-06 04:34:38.431 24686 21631 E baseline.com.newsblur.network.APIResponse: 	at okhttp3.internal.http.CallServerInterceptor.intercept(CallServerInterceptor.java:94)
08-06 04:34:38.431 24686 21631 E baseline.com.newsblur.network.APIResponse: 	at okhttp3.internal.http.RealInterceptorChain.proceed(RealInterceptorChain.java:142)
08-06 04:34:38.431 24686 21631 E baseline.com.newsblur.network.APIResponse: 	at okhttp3.internal.connection.ConnectInterceptor.intercept(ConnectInterceptor.java:43)
08-06 04:34:38.431 24686 21631 E baseline.com.newsblur.network.APIResponse: 	at okhttp3.internal.http.RealInterceptorChain.proceed(RealInterceptorChain.java:142)
08-06 04:34:38.431 24686 21631 E baseline.com.newsblur.network.APIResponse: 	at okhttp3.internal.http.RealInterceptorChain.proceed(RealInterceptorChain.java:117)
08-06 04:34:38.431 24686 21631 E baseline.com.newsblur.network.APIResponse: 	at okhttp3.internal.cache.CacheInterceptor.intercept(CacheInterceptor.java:94)
08-06 04:34:38.431 24686 21631 E baseline.com.newsblur.network.APIResponse: 	at okhttp3.internal.http.RealInterceptorChain.proceed(RealInterceptorChain.java:142)
08-06 04:34:38.431 24686 21631 E baseline.com.newsblur.network.APIResponse: 	at okhttp3.internal.http.RealInterceptorChain.proceed(RealInterceptorChain.java:117)
08-06 04:34:38.431 24686 21631 E baseline.com.newsblur.network.APIResponse: 	at okhttp3.internal.http.BridgeInterceptor.intercept(BridgeInterceptor.java:93)
08-06 04:34:38.431 24686 21631 E baseline.com.newsblur.network.APIResponse: 	at okhttp3.internal.http.RealInterceptorChain.proceed(RealInterceptorChain.java:142)
08-06 04:34:38.431 24686 21631 E baseline.com.newsblur.network.APIResponse: 	at okhttp3.internal.http.RetryAndFollowUpInterceptor.intercept(RetryAndFollowUpInterceptor.java:88)
08-06 04:34:38.431 24686 21631 E baseline.com.newsblur.network.APIResponse: 	at okhttp3.internal.http.RealInterceptorChain.proceed(RealInterceptorChain.java:142)
08-06 04:34:38.431 24686 21631 E baseline.com.newsblur.network.APIResponse: 	at okhttp3.internal.http.RealInterceptorChain.proceed(RealInterceptorChain.java:117)
08-06 04:34:38.431 24686 21631 E baseline.com.newsblur.network.APIResponse: 	at okhttp3.RealCall.getResponseWithInterceptorChain(RealCall.java:229)
08-06 04:34:38.431 24686 21631 E baseline.com.newsblur.network.APIResponse: 	at okhttp3.RealCall.execute(RealCall.java:81)
08-06 04:34:38.431 24686 21631 E baseline.com.newsblur.network.APIResponse: 	at baseline.com.newsblur.network.APIResponse.<init>(APIResponse.java:57)
08-06 04:34:38.431 24686 21631 E baseline.com.newsblur.network.APIResponse: 	at baseline.com.newsblur.network.APIResponse.<init>(APIResponse.java:43)
08-06 04:34:38.431 24686 21631 E baseline.com.newsblur.network.APIResponse: 	at baseline.com.newsblur.network.APIManager.post_single(APIManager.java:702)
08-06 04:34:38.431 24686 21631 E baseline.com.newsblur.network.APIResponse: 	at baseline.com.newsblur.network.APIManager.post(APIManager.java:675)
08-06 04:34:38.431 24686 21631 E baseline.com.newsblur.network.APIResponse: 	at baseline.com.newsblur.network.APIManager.post(APIManager.java:714)
08-06 04:34:38.431 24686 21631 E baseline.com.newsblur.network.APIResponse: 	at baseline.com.newsblur.network.APIManager.markStoryAsRead(APIManager.java:205)
08-06 04:34:38.431 24686 21631 E baseline.com.newsblur.network.APIResponse: 	at baseline.com.newsblur.util.ReadingAction.doRemote(ReadingAction.java:281)
08-06 04:34:38.431 24686 21631 E baseline.com.newsblur.network.APIResponse: 	at baseline.com.newsblur.service.NBSyncService.syncActions(NBSyncService.java:400)
08-06 04:34:38.431 24686 21631 E baseline.com.newsblur.network.APIResponse: 	at baseline.com.newsblur.service.NBSyncService.doSync(NBSyncService.java:298)
08-06 04:34:38.431 24686 21631 E baseline.com.newsblur.network.APIResponse: 	at baseline.com.newsblur.service.NBSyncService.access$100(NBSyncService.java:67)
08-06 04:34:38.431 24686 21631 E baseline.com.newsblur.network.APIResponse: 	at baseline.com.newsblur.service.NBSyncService$1.run(NBSyncService.java:188)
08-06 04:34:38.431 24686 21631 E baseline.com.newsblur.network.APIResponse: 	at java.util.concurrent.ThreadPoolExecutor.runWorker(ThreadPoolExecutor.java:1113)
08-06 04:34:38.431 24686 21631 E baseline.com.newsblur.network.APIResponse: 	at java.util.concurrent.ThreadPoolExecutor$Worker.run(ThreadPoolExecutor.java:588)
08-06 04:34:38.431 24686 21631 E baseline.com.newsblur.network.APIResponse: 	at java.lang.Thread.run(Thread.java:818)
08-06 04:34:38.431 24686 21631 E baseline.com.newsblur.network.APIResponse: Caused by: java.io.EOFException: \n not found: limit=0 content=
08-06 04:34:38.431 24686 21631 E baseline.com.newsblur.network.APIResponse: 	at okio.RealBufferedSource.readUtf8LineStrict(RealBufferedSource.java:240)
08-06 04:34:38.431 24686 21631 E baseline.com.newsblur.network.APIResponse: 	at okhttp3.internal.http1.Http1ExchangeCodec.readHeaderLine(Http1ExchangeCodec.java:242)
08-06 04:34:38.431 24686 21631 E baseline.com.newsblur.network.APIResponse: 	at okhttp3.internal.http1.Http1ExchangeCodec.readResponseHeaders(Http1ExchangeCodec.java:213)
08-06 04:34:38.431 24686 21631 E baseline.com.newsblur.network.APIResponse: 	... 30 more
08-06 04:34:38.432 24686 21631 I baseline.com.newsblur.service.NBSyncService: Holding reading action with server-side or network error.
08-06 04:34:38.448 24686 21631 W baseline.com.newsblur.service.NBSyncService: hard API failure
08-06 04:34:38.485 24686 20967 I art     : Explicit concurrent mark sweep GC freed 1208(245KB) AllocSpace objects, 4(80KB) LOS objects, 27% free, 42MB/58MB, paused 1.653ms total 65.359ms
08-06 04:34:38.502 24686 20967 I art     : Starting a blocking GC Explicit
08-06 04:34:38.565 24686 20967 I art     : Explicit concurrent mark sweep GC freed 159(18KB) AllocSpace objects, 0(0B) LOS objects, 27% free, 41MB/57MB, paused 1.679ms total 63.463ms
08-06 04:34:38.581 24686 20967 I art     : Starting a blocking GC Explicit
08-06 04:34:38.607 22366 22366 I ServiceManager: Waiting for service AtCmdFwd...
08-06 04:34:38.648 24686 20967 I art     : Explicit concurrent mark sweep GC freed 25(832B) AllocSpace objects, 0(0B) LOS objects, 27% free, 41MB/57MB, paused 1.774ms total 66.989ms
08-06 04:34:38.851 24686 21631 E baseline.com.newsblur.network.APIResponse: Error (unexpected end of stream on https://www.newsblur.com/...) calling https://www.newsblur.com/reader/mark_story_hashes_as_read/
08-06 04:34:38.851 24686 21631 E baseline.com.newsblur.network.APIResponse: java.io.IOException: unexpected end of stream on https://www.newsblur.com/...
08-06 04:34:38.851 24686 21631 E baseline.com.newsblur.network.APIResponse: 	at okhttp3.internal.http1.Http1ExchangeCodec.readResponseHeaders(Http1ExchangeCodec.java:236)
08-06 04:34:38.851 24686 21631 E baseline.com.newsblur.network.APIResponse: 	at okhttp3.internal.connection.Exchange.readResponseHeaders(Exchange.java:115)
08-06 04:34:38.851 24686 21631 E baseline.com.newsblur.network.APIResponse: 	at okhttp3.internal.http.CallServerInterceptor.intercept(CallServerInterceptor.java:94)
08-06 04:34:38.851 24686 21631 E baseline.com.newsblur.network.APIResponse: 	at okhttp3.internal.http.RealInterceptorChain.proceed(RealInterceptorChain.java:142)
08-06 04:34:38.851 24686 21631 E baseline.com.newsblur.network.APIResponse: 	at okhttp3.internal.connection.ConnectInterceptor.intercept(ConnectInterceptor.java:43)
08-06 04:34:38.851 24686 21631 E baseline.com.newsblur.network.APIResponse: 	at okhttp3.internal.http.RealInterceptorChain.proceed(RealInterceptorChain.java:142)
08-06 04:34:38.851 24686 21631 E baseline.com.newsblur.network.APIResponse: 	at okhttp3.internal.http.RealInterceptorChain.proceed(RealInterceptorChain.java:117)
08-06 04:34:38.851 24686 21631 E baseline.com.newsblur.network.APIResponse: 	at okhttp3.internal.cache.CacheInterceptor.intercept(CacheInterceptor.java:94)
08-06 04:34:38.851 24686 21631 E baseline.com.newsblur.network.APIResponse: 	at okhttp3.internal.http.RealInterceptorChain.proceed(RealInterceptorChain.java:142)
08-06 04:34:38.851 24686 21631 E baseline.com.newsblur.network.APIResponse: 	at okhttp3.internal.http.RealInterceptorChain.proceed(RealInterceptorChain.java:117)
08-06 04:34:38.851 24686 21631 E baseline.com.newsblur.network.APIResponse: 	at okhttp3.internal.http.BridgeInterceptor.intercept(BridgeInterceptor.java:93)
08-06 04:34:38.851 24686 21631 E baseline.com.newsblur.network.APIResponse: 	at okhttp3.internal.http.RealInterceptorChain.proceed(RealInterceptorChain.java:142)
08-06 04:34:38.851 24686 21631 E baseline.com.newsblur.network.APIResponse: 	at okhttp3.internal.http.RetryAndFollowUpInterceptor.intercept(RetryAndFollowUpInterceptor.java:88)
08-06 04:34:38.851 24686 21631 E baseline.com.newsblur.network.APIResponse: 	at okhttp3.internal.http.RealInterceptorChain.proceed(RealInterceptorChain.java:142)
08-06 04:34:38.851 24686 21631 E baseline.com.newsblur.network.APIResponse: 	at okhttp3.internal.http.RealInterceptorChain.proceed(RealInterceptorChain.java:117)
08-06 04:34:38.851 24686 21631 E baseline.com.newsblur.network.APIResponse: 	at okhttp3.RealCall.getResponseWithInterceptorChain(RealCall.java:229)
08-06 04:34:38.851 24686 21631 E baseline.com.newsblur.network.APIResponse: 	at okhttp3.RealCall.execute(RealCall.java:81)
08-06 04:34:38.851 24686 21631 E baseline.com.newsblur.network.APIResponse: 	at baseline.com.newsblur.network.APIResponse.<init>(APIResponse.java:57)
08-06 04:34:38.851 24686 21631 E baseline.com.newsblur.network.APIResponse: 	at baseline.com.newsblur.network.APIResponse.<init>(APIResponse.java:43)
08-06 04:34:38.851 24686 21631 E baseline.com.newsblur.network.APIResponse: 	at baseline.com.newsblur.network.APIManager.post_single(APIManager.java:702)
08-06 04:34:38.851 24686 21631 E baseline.com.newsblur.network.APIResponse: 	at baseline.com.newsblur.network.APIManager.post(APIManager.java:675)
08-06 04:34:38.851 24686 21631 E baseline.com.newsblur.network.APIResponse: 	at baseline.com.newsblur.network.APIManager.post(APIManager.java:714)
08-06 04:34:38.851 24686 21631 E baseline.com.newsblur.network.APIResponse: 	at baseline.com.newsblur.network.APIManager.markStoryAsRead(APIManager.java:205)
08-06 04:34:38.851 24686 21631 E baseline.com.newsblur.network.APIResponse: 	at baseline.com.newsblur.util.ReadingAction.doRemote(ReadingAction.java:281)
08-06 04:34:38.851 24686 21631 E baseline.com.newsblur.network.APIResponse: 	at baseline.com.newsblur.service.NBSyncService.syncActions(NBSyncService.java:400)
08-06 04:34:38.851 24686 21631 E baseline.com.newsblur.network.APIResponse: 	at baseline.com.newsblur.service.NBSyncService.doSync(NBSyncService.java:298)
08-06 04:34:38.851 24686 21631 E baseline.com.newsblur.network.APIResponse: 	at baseline.com.newsblur.service.NBSyncService.access$100(NBSyncService.java:67)
08-06 04:34:38.851 24686 21631 E baseline.com.newsblur.network.APIResponse: 	at baseline.com.newsblur.service.NBSyncService$1.run(NBSyncService.java:188)
08-06 04:34:38.851 24686 21631 E baseline.com.newsblur.network.APIResponse: 	at java.util.concurrent.ThreadPoolExecutor.runWorker(ThreadPoolExecutor.java:1113)
08-06 04:34:38.851 24686 21631 E baseline.com.newsblur.network.APIResponse: 	at java.util.concurrent.ThreadPoolExecutor$Worker.run(ThreadPoolExecutor.java:588)
08-06 04:34:38.851 24686 21631 E baseline.com.newsblur.network.APIResponse: 	at java.lang.Thread.run(Thread.java:818)
08-06 04:34:38.851 24686 21631 E baseline.com.newsblur.network.APIResponse: Caused by: java.io.EOFException: \n not found: limit=0 content=
08-06 04:34:38.851 24686 21631 E baseline.com.newsblur.network.APIResponse: 	at okio.RealBufferedSource.readUtf8LineStrict(RealBufferedSource.java:240)
08-06 04:34:38.851 24686 21631 E baseline.com.newsblur.network.APIResponse: 	at okhttp3.internal.http1.Http1ExchangeCodec.readHeaderLine(Http1ExchangeCodec.java:242)
08-06 04:34:38.851 24686 21631 E baseline.com.newsblur.network.APIResponse: 	at okhttp3.internal.http1.Http1ExchangeCodec.readResponseHeaders(Http1ExchangeCodec.java:213)
08-06 04:34:38.851 24686 21631 E baseline.com.newsblur.network.APIResponse: 	... 30 more
08-06 04:34:38.853 24686 21631 I baseline.com.newsblur.network.APIManager: API call failed, pausing before retry number 1
08-06 04:34:39.054 24686 20764 I art     : Starting a blocking GC Explicit
08-06 04:34:39.122 24686 20764 I art     : Explicit concurrent mark sweep GC freed 3956(357KB) AllocSpace objects, 3(60KB) LOS objects, 27% free, 41MB/57MB, paused 1.643ms total 67.505ms
08-06 04:34:39.137 24686 20764 I art     : Starting a blocking GC Explicit
08-06 04:34:39.206 24686 20764 I art     : Explicit concurrent mark sweep GC freed 120(4KB) AllocSpace objects, 0(0B) LOS objects, 27% free, 41MB/57MB, paused 1.575ms total 68.831ms
08-06 04:34:39.222 24686 20764 I art     : Starting a blocking GC Explicit
08-06 04:34:39.292 24686 20764 I art     : Explicit concurrent mark sweep GC freed 3(96B) AllocSpace objects, 0(0B) LOS objects, 27% free, 41MB/57MB, paused 1.687ms total 70.393ms
08-06 04:34:39.308 24686 20764 I art     : Starting a blocking GC Explicit
08-06 04:34:39.374 24686 20764 I art     : Explicit concurrent mark sweep GC freed 3(96B) AllocSpace objects, 0(0B) LOS objects, 27% free, 41MB/57MB, paused 1.648ms total 65.852ms
08-06 04:34:39.390 24686 20764 I art     : Starting a blocking GC Explicit
08-06 04:34:39.460 24686 20764 I art     : Explicit concurrent mark sweep GC freed 3(96B) AllocSpace objects, 0(0B) LOS objects, 27% free, 41MB/57MB, paused 1.633ms total 70.072ms
08-06 04:34:39.608 22366 22366 I ServiceManager: Waiting for service AtCmdFwd...
08-06 04:34:39.852 24686 24697 I art     : Starting a blocking GC Explicit
08-06 04:34:39.923 24686 24697 I art     : Explicit concurrent mark sweep GC freed 1443(83KB) AllocSpace objects, 1(20KB) LOS objects, 27% free, 41MB/57MB, paused 1.588ms total 70.741ms
08-06 04:34:39.941 24686 24697 I art     : Starting a blocking GC Explicit
08-06 04:34:40.007 24686 24697 I art     : Explicit concurrent mark sweep GC freed 22(784B) AllocSpace objects, 0(0B) LOS objects, 27% free, 41MB/57MB, paused 1.727ms total 65.048ms
08-06 04:34:40.021 24686 24697 I art     : Starting a blocking GC Explicit
08-06 04:34:40.089 24686 24697 I art     : Explicit concurrent mark sweep GC freed 3(96B) AllocSpace objects, 0(0B) LOS objects, 27% free, 41MB/57MB, paused 1.625ms total 67.158ms
08-06 04:34:40.104 24686 24697 I art     : Starting a blocking GC Explicit
08-06 04:34:40.171 24686 24697 I art     : Explicit concurrent mark sweep GC freed 3(96B) AllocSpace objects, 0(0B) LOS objects, 27% free, 41MB/57MB, paused 1.671ms total 67.397ms
08-06 04:34:40.187 24686 24697 I art     : Starting a blocking GC Explicit
08-06 04:34:40.254 24686 24697 I art     : Explicit concurrent mark sweep GC freed 3(96B) AllocSpace objects, 0(0B) LOS objects, 27% free, 41MB/57MB, paused 1.658ms total 66.495ms
08-06 04:34:40.609 22366 22366 I ServiceManager: Waiting for service AtCmdFwd...
08-06 04:34:40.654 24686 24698 I art     : Starting a blocking GC Explicit
08-06 04:34:40.726 24686 24698 I art     : Explicit concurrent mark sweep GC freed 1608(92KB) AllocSpace objects, 1(20KB) LOS objects, 27% free, 41MB/57MB, paused 1.656ms total 71.540ms
08-06 04:34:40.745 24686 24698 I art     : Starting a blocking GC Explicit
08-06 04:34:40.812 24686 24698 I art     : Explicit concurrent mark sweep GC freed 28(1040B) AllocSpace objects, 0(0B) LOS objects, 27% free, 41MB/57MB, paused 1.740ms total 67.052ms
08-06 04:34:40.827 24686 24698 I art     : Starting a blocking GC Explicit
08-06 04:34:40.893 24686 24698 I art     : Explicit concurrent mark sweep GC freed 1657(64KB) AllocSpace objects, 0(0B) LOS objects, 27% free, 41MB/57MB, paused 1.777ms total 65.856ms
08-06 04:34:40.899 24686 21631 E baseline.com.newsblur.network.APIResponse: Error (unexpected end of stream on https://www.newsblur.com/...) calling https://www.newsblur.com/reader/mark_story_hashes_as_read/
08-06 04:34:40.899 24686 21631 E baseline.com.newsblur.network.APIResponse: java.io.IOException: unexpected end of stream on https://www.newsblur.com/...
08-06 04:34:40.899 24686 21631 E baseline.com.newsblur.network.APIResponse: 	at okhttp3.internal.http1.Http1ExchangeCodec.readResponseHeaders(Http1ExchangeCodec.java:236)
08-06 04:34:40.899 24686 21631 E baseline.com.newsblur.network.APIResponse: 	at okhttp3.internal.connection.Exchange.readResponseHeaders(Exchange.java:115)
08-06 04:34:40.899 24686 21631 E baseline.com.newsblur.network.APIResponse: 	at okhttp3.internal.http.CallServerInterceptor.intercept(CallServerInterceptor.java:94)
08-06 04:34:40.899 24686 21631 E baseline.com.newsblur.network.APIResponse: 	at okhttp3.internal.http.RealInterceptorChain.proceed(RealInterceptorChain.java:142)
08-06 04:34:40.899 24686 21631 E baseline.com.newsblur.network.APIResponse: 	at okhttp3.internal.connection.ConnectInterceptor.intercept(ConnectInterceptor.java:43)
08-06 04:34:40.899 24686 21631 E baseline.com.newsblur.network.APIResponse: 	at okhttp3.internal.http.RealInterceptorChain.proceed(RealInterceptorChain.java:142)
08-06 04:34:40.899 24686 21631 E baseline.com.newsblur.network.APIResponse: 	at okhttp3.internal.http.RealInterceptorChain.proceed(RealInterceptorChain.java:117)
08-06 04:34:40.899 24686 21631 E baseline.com.newsblur.network.APIResponse: 	at okhttp3.internal.cache.CacheInterceptor.intercept(CacheInterceptor.java:94)
08-06 04:34:40.899 24686 21631 E baseline.com.newsblur.network.APIResponse: 	at okhttp3.internal.http.RealInterceptorChain.proceed(RealInterceptorChain.java:142)
08-06 04:34:40.899 24686 21631 E baseline.com.newsblur.network.APIResponse: 	at okhttp3.internal.http.RealInterceptorChain.proceed(RealInterceptorChain.java:117)
08-06 04:34:40.899 24686 21631 E baseline.com.newsblur.network.APIResponse: 	at okhttp3.internal.http.BridgeInterceptor.intercept(BridgeInterceptor.java:93)
08-06 04:34:40.899 24686 21631 E baseline.com.newsblur.network.APIResponse: 	at okhttp3.internal.http.RealInterceptorChain.proceed(RealInterceptorChain.java:142)
08-06 04:34:40.899 24686 21631 E baseline.com.newsblur.network.APIResponse: 	at okhttp3.internal.http.RetryAndFollowUpInterceptor.intercept(RetryAndFollowUpInterceptor.java:88)
08-06 04:34:40.899 24686 21631 E baseline.com.newsblur.network.APIResponse: 	at okhttp3.internal.http.RealInterceptorChain.proceed(RealInterceptorChain.java:142)
08-06 04:34:40.899 24686 21631 E baseline.com.newsblur.network.APIResponse: 	at okhttp3.internal.http.RealInterceptorChain.proceed(RealInterceptorChain.java:117)
08-06 04:34:40.899 24686 21631 E baseline.com.newsblur.network.APIResponse: 	at okhttp3.RealCall.getResponseWithInterceptorChain(RealCall.java:229)
08-06 04:34:40.899 24686 21631 E baseline.com.newsblur.network.APIResponse: 	at okhttp3.RealCall.execute(RealCall.java:81)
08-06 04:34:40.899 24686 21631 E baseline.com.newsblur.network.APIResponse: 	at baseline.com.newsblur.network.APIResponse.<init>(APIResponse.java:57)
08-06 04:34:40.899 24686 21631 E baseline.com.newsblur.network.APIResponse: 	at baseline.com.newsblur.network.APIResponse.<init>(APIResponse.java:43)
08-06 04:34:40.899 24686 21631 E baseline.com.newsblur.network.APIResponse: 	at baseline.com.newsblur.network.APIManager.post_single(APIManager.java:702)
08-06 04:34:40.899 24686 21631 E baseline.com.newsblur.network.APIResponse: 	at baseline.com.newsblur.network.APIManager.post(APIManager.java:675)
08-06 04:34:40.899 24686 21631 E baseline.com.newsblur.network.APIResponse: 	at baseline.com.newsblur.network.APIManager.post(APIManager.java:714)
08-06 04:34:40.899 24686 21631 E baseline.com.newsblur.network.APIResponse: 	at baseline.com.newsblur.network.APIManager.markStoryAsRead(APIManager.java:205)
08-06 04:34:40.899 24686 21631 E baseline.com.newsblur.network.APIResponse: 	at baseline.com.newsblur.util.ReadingAction.doRemote(ReadingAction.java:281)
08-06 04:34:40.899 24686 21631 E baseline.com.newsblur.network.APIResponse: 	at baseline.com.newsblur.service.NBSyncService.syncActions(NBSyncService.java:400)
08-06 04:34:40.899 24686 21631 E baseline.com.newsblur.network.APIResponse: 	at baseline.com.newsblur.service.NBSyncService.doSync(NBSyncService.java:298)
08-06 04:34:40.899 24686 21631 E baseline.com.newsblur.network.APIResponse: 	at baseline.com.newsblur.service.NBSyncService.access$100(NBSyncService.java:67)
08-06 04:34:40.899 24686 21631 E baseline.com.newsblur.network.APIResponse: 	at baseline.com.newsblur.service.NBSyncService$1.run(NBSyncService.java:188)
08-06 04:34:40.899 24686 21631 E baseline.com.newsblur.network.APIResponse: 	at java.util.concurrent.ThreadPoolExecutor.runWorker(ThreadPoolExecutor.java:1113)
08-06 04:34:40.899 24686 21631 E baseline.com.newsblur.network.APIResponse: 	at java.util.concurrent.ThreadPoolExecutor$Worker.run(ThreadPoolExecutor.java:588)
08-06 04:34:40.899 24686 21631 E baseline.com.newsblur.network.APIResponse: 	at java.lang.Thread.run(Thread.java:818)
08-06 04:34:40.899 24686 21631 E baseline.com.newsblur.network.APIResponse: Caused by: java.io.EOFException: \n not found: limit=0 content=
08-06 04:34:40.899 24686 21631 E baseline.com.newsblur.network.APIResponse: 	at okio.RealBufferedSource.readUtf8LineStrict(RealBufferedSource.java:240)
08-06 04:34:40.899 24686 21631 E baseline.com.newsblur.network.APIResponse: 	at okhttp3.internal.http1.Http1ExchangeCodec.readHeaderLine(Http1ExchangeCodec.java:242)
08-06 04:34:40.899 24686 21631 E baseline.com.newsblur.network.APIResponse: 	at okhttp3.internal.http1.Http1ExchangeCodec.readResponseHeaders(Http1ExchangeCodec.java:213)
08-06 04:34:40.899 24686 21631 E baseline.com.newsblur.network.APIResponse: 	... 30 more
08-06 04:34:40.900 24686 21631 I baseline.com.newsblur.network.APIManager: API call failed, pausing before retry number 2
08-06 04:34:40.908 24686 24698 I art     : Starting a blocking GC Explicit
08-06 04:34:40.977 24686 24698 I art     : Explicit concurrent mark sweep GC freed 903(211KB) AllocSpace objects, 2(40KB) LOS objects, 27% free, 41MB/57MB, paused 1.578ms total 68.615ms
08-06 04:34:40.992 24686 24698 I art     : Starting a blocking GC Explicit
08-06 04:34:41.059 24686 24698 I art     : Explicit concurrent mark sweep GC freed 58(2288B) AllocSpace objects, 0(0B) LOS objects, 27% free, 41MB/57MB, paused 1.778ms total 67.474ms
08-06 04:34:41.467 24686 20967 I art     : Starting a blocking GC Explicit
08-06 04:34:41.536 24686 20967 I art     : Explicit concurrent mark sweep GC freed 1442(84KB) AllocSpace objects, 1(20KB) LOS objects, 27% free, 41MB/57MB, paused 1.648ms total 68.906ms
08-06 04:34:41.552 24686 20967 I art     : Starting a blocking GC Explicit
08-06 04:34:41.610 22366 22366 I ServiceManager: Waiting for service AtCmdFwd...
08-06 04:34:41.619 24686 20967 I art     : Explicit concurrent mark sweep GC freed 22(784B) AllocSpace objects, 0(0B) LOS objects, 27% free, 41MB/57MB, paused 1.729ms total 67.324ms
08-06 04:34:41.637 24686 20967 I art     : Starting a blocking GC Explicit
08-06 04:34:41.705 24686 20967 I art     : Explicit concurrent mark sweep GC freed 3(96B) AllocSpace objects, 0(0B) LOS objects, 27% free, 41MB/57MB, paused 1.584ms total 68.127ms
08-06 04:34:41.720 24686 20967 I art     : Starting a blocking GC Explicit
08-06 04:34:41.788 24686 20967 I art     : Explicit concurrent mark sweep GC freed 3(96B) AllocSpace objects, 0(0B) LOS objects, 27% free, 41MB/57MB, paused 1.764ms total 67.060ms
08-06 04:34:41.803 24686 20967 I art     : Starting a blocking GC Explicit
08-06 04:34:41.873 24686 20967 I art     : Explicit concurrent mark sweep GC freed 3(96B) AllocSpace objects, 0(0B) LOS objects, 27% free, 41MB/57MB, paused 1.579ms total 69.337ms
08-06 04:34:42.274 24686 20764 I art     : Starting a blocking GC Explicit
08-06 04:34:42.346 24686 20764 I art     : Explicit concurrent mark sweep GC freed 1442(83KB) AllocSpace objects, 1(20KB) LOS objects, 27% free, 41MB/57MB, paused 1.905ms total 71.421ms
08-06 04:34:42.362 24686 20764 I art     : Starting a blocking GC Explicit
08-06 04:34:42.422 24686 20764 I art     : Explicit concurrent mark sweep GC freed 22(784B) AllocSpace objects, 0(0B) LOS objects, 27% free, 41MB/57MB, paused 1.554ms total 60.011ms
08-06 04:34:42.437 24686 20764 I art     : Starting a blocking GC Explicit
08-06 04:34:42.498 24686 20764 I art     : Explicit concurrent mark sweep GC freed 3(96B) AllocSpace objects, 0(0B) LOS objects, 27% free, 41MB/57MB, paused 1.593ms total 60.718ms
08-06 04:34:42.512 24686 20764 I art     : Starting a blocking GC Explicit
08-06 04:34:42.574 24686 20764 I art     : Explicit concurrent mark sweep GC freed 3(96B) AllocSpace objects, 0(0B) LOS objects, 27% free, 41MB/57MB, paused 1.450ms total 61.729ms
08-06 04:34:42.589 24686 20764 I art     : Starting a blocking GC Explicit
08-06 04:34:42.610 22366 22366 W Atfwd_Sendcmd: AtCmdFwd service not published, waiting... retryCnt : 3
08-06 04:34:42.649 24686 20764 I art     : Explicit concurrent mark sweep GC freed 3(96B) AllocSpace objects, 0(0B) LOS objects, 27% free, 41MB/57MB, paused 1.639ms total 60.471ms
08-06 04:34:43.051 24686 24697 I art     : Starting a blocking GC Explicit
08-06 04:34:43.119 24686 24697 I art     : Explicit concurrent mark sweep GC freed 1441(82KB) AllocSpace objects, 1(20KB) LOS objects, 27% free, 41MB/57MB, paused 1.734ms total 67.493ms
08-06 04:34:43.135 24686 24697 I art     : Starting a blocking GC Explicit
08-06 04:34:43.205 24686 24697 I art     : Explicit concurrent mark sweep GC freed 22(784B) AllocSpace objects, 0(0B) LOS objects, 27% free, 41MB/57MB, paused 1.546ms total 69.764ms
08-06 04:34:43.220 24686 24697 I art     : Starting a blocking GC Explicit
08-06 04:34:43.290 24686 24697 I art     : Explicit concurrent mark sweep GC freed 3(96B) AllocSpace objects, 0(0B) LOS objects, 27% free, 41MB/57MB, paused 1.686ms total 70.196ms
08-06 04:34:43.306 24686 24697 I art     : Starting a blocking GC Explicit
08-06 04:34:43.373 24686 24697 I art     : Explicit concurrent mark sweep GC freed 3(96B) AllocSpace objects, 0(0B) LOS objects, 27% free, 41MB/57MB, paused 1.664ms total 66.407ms
08-06 04:34:43.389 24686 24697 I art     : Starting a blocking GC Explicit
08-06 04:34:43.458 24686 24697 I art     : Explicit concurrent mark sweep GC freed 3(96B) AllocSpace objects, 0(0B) LOS objects, 27% free, 41MB/57MB, paused 1.686ms total 68.728ms
08-06 04:34:43.864 24686 24698 I art     : Starting a blocking GC Explicit
08-06 04:34:43.933 24686 24698 I art     : Explicit concurrent mark sweep GC freed 1533(86KB) AllocSpace objects, 1(20KB) LOS objects, 27% free, 41MB/57MB, paused 1.803ms total 68.473ms
08-06 04:34:43.951 24686 24698 I art     : Starting a blocking GC Explicit
08-06 04:34:44.014 24686 24698 I art     : Explicit concurrent mark sweep GC freed 40(1600B) AllocSpace objects, 0(0B) LOS objects, 27% free, 41MB/57MB, paused 1.610ms total 63.458ms
08-06 04:34:44.029 24686 24698 I art     : Starting a blocking GC Explicit
08-06 04:34:44.096 24686 24698 I art     : Explicit concurrent mark sweep GC freed 65(4KB) AllocSpace objects, 0(0B) LOS objects, 27% free, 41MB/57MB, paused 1.679ms total 66.933ms
08-06 04:34:44.111 24686 24698 I art     : Starting a blocking GC Explicit
08-06 04:34:44.179 24686 24698 I art     : Explicit concurrent mark sweep GC freed 3(96B) AllocSpace objects, 0(0B) LOS objects, 27% free, 41MB/57MB, paused 1.796ms total 66.805ms
08-06 04:34:44.194 24686 24698 I art     : Starting a blocking GC Explicit
08-06 04:34:44.262 24686 24698 I art     : Explicit concurrent mark sweep GC freed 3(96B) AllocSpace objects, 0(0B) LOS objects, 27% free, 41MB/57MB, paused 1.832ms total 67.773ms
08-06 04:34:44.476 24686 21631 E baseline.com.newsblur.network.APIResponse: Error (unexpected end of stream on https://www.newsblur.com/...) calling https://www.newsblur.com/reader/mark_story_hashes_as_read/
08-06 04:34:44.476 24686 21631 E baseline.com.newsblur.network.APIResponse: java.io.IOException: unexpected end of stream on https://www.newsblur.com/...
08-06 04:34:44.476 24686 21631 E baseline.com.newsblur.network.APIResponse: 	at okhttp3.internal.http1.Http1ExchangeCodec.readResponseHeaders(Http1ExchangeCodec.java:236)
08-06 04:34:44.476 24686 21631 E baseline.com.newsblur.network.APIResponse: 	at okhttp3.internal.connection.Exchange.readResponseHeaders(Exchange.java:115)
08-06 04:34:44.476 24686 21631 E baseline.com.newsblur.network.APIResponse: 	at okhttp3.internal.http.CallServerInterceptor.intercept(CallServerInterceptor.java:94)
08-06 04:34:44.476 24686 21631 E baseline.com.newsblur.network.APIResponse: 	at okhttp3.internal.http.RealInterceptorChain.proceed(RealInterceptorChain.java:142)
08-06 04:34:44.476 24686 21631 E baseline.com.newsblur.network.APIResponse: 	at okhttp3.internal.connection.ConnectInterceptor.intercept(ConnectInterceptor.java:43)
08-06 04:34:44.476 24686 21631 E baseline.com.newsblur.network.APIResponse: 	at okhttp3.internal.http.RealInterceptorChain.proceed(RealInterceptorChain.java:142)
08-06 04:34:44.476 24686 21631 E baseline.com.newsblur.network.APIResponse: 	at okhttp3.internal.http.RealInterceptorChain.proceed(RealInterceptorChain.java:117)
08-06 04:34:44.476 24686 21631 E baseline.com.newsblur.network.APIResponse: 	at okhttp3.internal.cache.CacheInterceptor.intercept(CacheInterceptor.java:94)
08-06 04:34:44.476 24686 21631 E baseline.com.newsblur.network.APIResponse: 	at okhttp3.internal.http.RealInterceptorChain.proceed(RealInterceptorChain.java:142)
08-06 04:34:44.476 24686 21631 E baseline.com.newsblur.network.APIResponse: 	at okhttp3.internal.http.RealInterceptorChain.proceed(RealInterceptorChain.java:117)
08-06 04:34:44.476 24686 21631 E baseline.com.newsblur.network.APIResponse: 	at okhttp3.internal.http.BridgeInterceptor.intercept(BridgeInterceptor.java:93)
08-06 04:34:44.476 24686 21631 E baseline.com.newsblur.network.APIResponse: 	at okhttp3.internal.http.RealInterceptorChain.proceed(RealInterceptorChain.java:142)
08-06 04:34:44.476 24686 21631 E baseline.com.newsblur.network.APIResponse: 	at okhttp3.internal.http.RetryAndFollowUpInterceptor.intercept(RetryAndFollowUpInterceptor.java:88)
08-06 04:34:44.476 24686 21631 E baseline.com.newsblur.network.APIResponse: 	at okhttp3.internal.http.RealInterceptorChain.proceed(RealInterceptorChain.java:142)
08-06 04:34:44.476 24686 21631 E baseline.com.newsblur.network.APIResponse: 	at okhttp3.internal.http.RealInterceptorChain.proceed(RealInterceptorChain.java:117)
08-06 04:34:44.476 24686 21631 E baseline.com.newsblur.network.APIResponse: 	at okhttp3.RealCall.getResponseWithInterceptorChain(RealCall.java:229)
08-06 04:34:44.476 24686 21631 E baseline.com.newsblur.network.APIResponse: 	at okhttp3.RealCall.execute(RealCall.java:81)
08-06 04:34:44.476 24686 21631 E baseline.com.newsblur.network.APIResponse: 	at baseline.com.newsblur.network.APIResponse.<init>(APIResponse.java:57)
08-06 04:34:44.476 24686 21631 E baseline.com.newsblur.network.APIResponse: 	at baseline.com.newsblur.network.APIResponse.<init>(APIResponse.java:43)
08-06 04:34:44.476 24686 21631 E baseline.com.newsblur.network.APIResponse: 	at baseline.com.newsblur.network.APIManager.post_single(APIManager.java:702)
08-06 04:34:44.476 24686 21631 E baseline.com.newsblur.network.APIResponse: 	at baseline.com.newsblur.network.APIManager.post(APIManager.java:675)
08-06 04:34:44.476 24686 21631 E baseline.com.newsblur.network.APIResponse: 	at baseline.com.newsblur.network.APIManager.post(APIManager.java:714)
08-06 04:34:44.476 24686 21631 E baseline.com.newsblur.network.APIResponse: 	at baseline.com.newsblur.network.APIManager.markStoryAsRead(APIManager.java:205)
08-06 04:34:44.476 24686 21631 E baseline.com.newsblur.network.APIResponse: 	at baseline.com.newsblur.util.ReadingAction.doRemote(ReadingAction.java:281)
08-06 04:34:44.476 24686 21631 E baseline.com.newsblur.network.APIResponse: 	at baseline.com.newsblur.service.NBSyncService.syncActions(NBSyncService.java:400)
08-06 04:34:44.476 24686 21631 E baseline.com.newsblur.network.APIResponse: 	at baseline.com.newsblur.service.NBSyncService.doSync(NBSyncService.java:298)
08-06 04:34:44.476 24686 21631 E baseline.com.newsblur.network.APIResponse: 	at baseline.com.newsblur.service.NBSyncService.access$100(NBSyncService.java:67)
08-06 04:34:44.476 24686 21631 E baseline.com.newsblur.network.APIResponse: 	at baseline.com.newsblur.service.NBSyncService$1.run(NBSyncService.java:188)
08-06 04:34:44.476 24686 21631 E baseline.com.newsblur.network.APIResponse: 	at java.util.concurrent.ThreadPoolExecutor.runWorker(ThreadPoolExecutor.java:1113)
08-06 04:34:44.476 24686 21631 E baseline.com.newsblur.network.APIResponse: 	at java.util.concurrent.ThreadPoolExecutor$Worker.run(ThreadPoolExecutor.java:588)
08-06 04:34:44.476 24686 21631 E baseline.com.newsblur.network.APIResponse: 	at java.lang.Thread.run(Thread.java:818)
08-06 04:34:44.476 24686 21631 E baseline.com.newsblur.network.APIResponse: Caused by: java.io.EOFException: \n not found: limit=0 content=
08-06 04:34:44.476 24686 21631 E baseline.com.newsblur.network.APIResponse: 	at okio.RealBufferedSource.readUtf8LineStrict(RealBufferedSource.java:240)
08-06 04:34:44.476 24686 21631 E baseline.com.newsblur.network.APIResponse: 	at okhttp3.internal.http1.Http1ExchangeCodec.readHeaderLine(Http1ExchangeCodec.java:242)
08-06 04:34:44.476 24686 21631 E baseline.com.newsblur.network.APIResponse: 	at okhttp3.internal.http1.Http1ExchangeCodec.readResponseHeaders(Http1ExchangeCodec.java:213)
08-06 04:34:44.476 24686 21631 E baseline.com.newsblur.network.APIResponse: 	... 30 more
08-06 04:34:44.477 24686 21631 I baseline.com.newsblur.service.NBSyncService: Holding reading action with server-side or network error.
08-06 04:34:44.488 24686 21631 W baseline.com.newsblur.service.NBSyncService: hard API failure
08-06 04:34:44.678 24686 20967 I art     : Starting a blocking GC Explicit
08-06 04:34:44.688   518   646 I ThermalEngine: ACTION: GPU - Setting GPU[0] to 510000000
08-06 04:34:44.744 24686 20967 I art     : Explicit concurrent mark sweep GC freed 4351(406KB) AllocSpace objects, 5(100KB) LOS objects, 27% free, 41MB/57MB, paused 1.258ms total 65.506ms
08-06 04:34:44.760 24686 20967 I art     : Starting a blocking GC Explicit
08-06 04:34:44.809 24686 20967 I art     : Explicit concurrent mark sweep GC freed 140(5KB) AllocSpace objects, 0(0B) LOS objects, 27% free, 41MB/57MB, paused 1.225ms total 48.967ms
08-06 04:34:44.820 24686 20967 I art     : Starting a blocking GC Explicit
08-06 04:34:44.868 24686 20967 I art     : Explicit concurrent mark sweep GC freed 1657(64KB) AllocSpace objects, 0(0B) LOS objects, 27% free, 41MB/57MB, paused 1.274ms total 47.472ms
08-06 04:34:44.879 24686 20967 I art     : Starting a blocking GC Explicit
08-06 04:34:44.883 24686 21631 E baseline.com.newsblur.network.APIResponse: Error (unexpected end of stream on https://www.newsblur.com/...) calling https://www.newsblur.com/reader/mark_story_hashes_as_read/
08-06 04:34:44.883 24686 21631 E baseline.com.newsblur.network.APIResponse: java.io.IOException: unexpected end of stream on https://www.newsblur.com/...
08-06 04:34:44.883 24686 21631 E baseline.com.newsblur.network.APIResponse: 	at okhttp3.internal.http1.Http1ExchangeCodec.readResponseHeaders(Http1ExchangeCodec.java:236)
08-06 04:34:44.883 24686 21631 E baseline.com.newsblur.network.APIResponse: 	at okhttp3.internal.connection.Exchange.readResponseHeaders(Exchange.java:115)
08-06 04:34:44.883 24686 21631 E baseline.com.newsblur.network.APIResponse: 	at okhttp3.internal.http.CallServerInterceptor.intercept(CallServerInterceptor.java:94)
08-06 04:34:44.883 24686 21631 E baseline.com.newsblur.network.APIResponse: 	at okhttp3.internal.http.RealInterceptorChain.proceed(RealInterceptorChain.java:142)
08-06 04:34:44.883 24686 21631 E baseline.com.newsblur.network.APIResponse: 	at okhttp3.internal.connection.ConnectInterceptor.intercept(ConnectInterceptor.java:43)
08-06 04:34:44.883 24686 21631 E baseline.com.newsblur.network.APIResponse: 	at okhttp3.internal.http.RealInterceptorChain.proceed(RealInterceptorChain.java:142)
08-06 04:34:44.883 24686 21631 E baseline.com.newsblur.network.APIResponse: 	at okhttp3.internal.http.RealInterceptorChain.proceed(RealInterceptorChain.java:117)
08-06 04:34:44.883 24686 21631 E baseline.com.newsblur.network.APIResponse: 	at okhttp3.internal.cache.CacheInterceptor.intercept(CacheInterceptor.java:94)
08-06 04:34:44.883 24686 21631 E baseline.com.newsblur.network.APIResponse: 	at okhttp3.internal.http.RealInterceptorChain.proceed(RealInterceptorChain.java:142)
08-06 04:34:44.883 24686 21631 E baseline.com.newsblur.network.APIResponse: 	at okhttp3.internal.http.RealInterceptorChain.proceed(RealInterceptorChain.java:117)
08-06 04:34:44.883 24686 21631 E baseline.com.newsblur.network.APIResponse: 	at okhttp3.internal.http.BridgeInterceptor.intercept(BridgeInterceptor.java:93)
08-06 04:34:44.883 24686 21631 E baseline.com.newsblur.network.APIResponse: 	at okhttp3.internal.http.RealInterceptorChain.proceed(RealInterceptorChain.java:142)
08-06 04:34:44.883 24686 21631 E baseline.com.newsblur.network.APIResponse: 	at okhttp3.internal.http.RetryAndFollowUpInterceptor.intercept(RetryAndFollowUpInterceptor.java:88)
08-06 04:34:44.883 24686 21631 E baseline.com.newsblur.network.APIResponse: 	at okhttp3.internal.http.RealInterceptorChain.proceed(RealInterceptorChain.java:142)
08-06 04:34:44.883 24686 21631 E baseline.com.newsblur.network.APIResponse: 	at okhttp3.internal.http.RealInterceptorChain.proceed(RealInterceptorChain.java:117)
08-06 04:34:44.883 24686 21631 E baseline.com.newsblur.network.APIResponse: 	at okhttp3.RealCall.getResponseWithInterceptorChain(RealCall.java:229)
08-06 04:34:44.883 24686 21631 E baseline.com.newsblur.network.APIResponse: 	at okhttp3.RealCall.execute(RealCall.java:81)
08-06 04:34:44.883 24686 21631 E baseline.com.newsblur.network.APIResponse: 	at baseline.com.newsblur.network.APIResponse.<init>(APIResponse.java:57)
08-06 04:34:44.883 24686 21631 E baseline.com.newsblur.network.APIResponse: 	at baseline.com.newsblur.network.APIResponse.<init>(APIResponse.java:43)
08-06 04:34:44.883 24686 21631 E baseline.com.newsblur.network.APIResponse: 	at baseline.com.newsblur.network.APIManager.post_single(APIManager.java:702)
08-06 04:34:44.883 24686 21631 E baseline.com.newsblur.network.APIResponse: 	at baseline.com.newsblur.network.APIManager.post(APIManager.java:675)
08-06 04:34:44.883 24686 21631 E baseline.com.newsblur.network.APIResponse: 	at baseline.com.newsblur.network.APIManager.post(APIManager.java:714)
08-06 04:34:44.883 24686 21631 E baseline.com.newsblur.network.APIResponse: 	at baseline.com.newsblur.network.APIManager.markStoryAsRead(APIManager.java:205)
08-06 04:34:44.883 24686 21631 E baseline.com.newsblur.network.APIResponse: 	at baseline.com.newsblur.util.ReadingAction.doRemote(ReadingAction.java:281)
08-06 04:34:44.883 24686 21631 E baseline.com.newsblur.network.APIResponse: 	at baseline.com.newsblur.service.NBSyncService.syncActions(NBSyncService.java:400)
08-06 04:34:44.883 24686 21631 E baseline.com.newsblur.network.APIResponse: 	at baseline.com.newsblur.service.NBSyncService.doSync(NBSyncService.java:298)
08-06 04:34:44.883 24686 21631 E baseline.com.newsblur.network.APIResponse: 	at baseline.com.newsblur.service.NBSyncService.access$100(NBSyncService.java:67)
08-06 04:34:44.883 24686 21631 E baseline.com.newsblur.network.APIResponse: 	at baseline.com.newsblur.service.NBSyncService$1.run(NBSyncService.java:188)
08-06 04:34:44.883 24686 21631 E baseline.com.newsblur.network.APIResponse: 	at java.util.concurrent.ThreadPoolExecutor.runWorker(ThreadPoolExecutor.java:1113)
08-06 04:34:44.883 24686 21631 E baseline.com.newsblur.network.APIResponse: 	at java.util.concurrent.ThreadPoolExecutor$Worker.run(ThreadPoolExecutor.java:588)
08-06 04:34:44.883 24686 21631 E baseline.com.newsblur.network.APIResponse: 	at java.lang.Thread.run(Thread.java:818)
08-06 04:34:44.883 24686 21631 E baseline.com.newsblur.network.APIResponse: Caused by: java.io.EOFException: \n not found: limit=0 content=
08-06 04:34:44.883 24686 21631 E baseline.com.newsblur.network.APIResponse: 	at okio.RealBufferedSource.readUtf8LineStrict(RealBufferedSource.java:240)
08-06 04:34:44.883 24686 21631 E baseline.com.newsblur.network.APIResponse: 	at okhttp3.internal.http1.Http1ExchangeCodec.readHeaderLine(Http1ExchangeCodec.java:242)
08-06 04:34:44.883 24686 21631 E baseline.com.newsblur.network.APIResponse: 	at okhttp3.internal.http1.Http1ExchangeCodec.readResponseHeaders(Http1ExchangeCodec.java:213)
08-06 04:34:44.883 24686 21631 E baseline.com.newsblur.network.APIResponse: 	... 30 more
08-06 04:34:44.884 24686 21631 I baseline.com.newsblur.network.APIManager: API call failed, pausing before retry number 1
08-06 04:34:44.930 24686 20967 I art     : Explicit concurrent mark sweep GC freed 694(188KB) AllocSpace objects, 2(40KB) LOS objects, 27% free, 42MB/58MB, paused 1.228ms total 50.397ms
08-06 04:34:44.941 24686 20967 I art     : Starting a blocking GC Explicit
08-06 04:34:44.991 24686 20967 I art     : Explicit concurrent mark sweep GC freed 245(24KB) AllocSpace objects, 0(0B) LOS objects, 27% free, 41MB/57MB, paused 1.166ms total 49.083ms
08-06 04:34:45.369 24686 20764 I art     : Starting a blocking GC Explicit
08-06 04:34:45.422 24686 20764 I art     : Explicit concurrent mark sweep GC freed 1464(83KB) AllocSpace objects, 1(20KB) LOS objects, 27% free, 41MB/57MB, paused 1.236ms total 52.602ms
08-06 04:34:45.433 24686 20764 I art     : Starting a blocking GC Explicit
08-06 04:34:45.484 24686 20764 I art     : Explicit concurrent mark sweep GC freed 22(784B) AllocSpace objects, 0(0B) LOS objects, 27% free, 41MB/57MB, paused 1.225ms total 50.241ms
08-06 04:34:45.496 24686 20764 I art     : Starting a blocking GC Explicit
08-06 04:34:45.547 24686 20764 I art     : Explicit concurrent mark sweep GC freed 3(96B) AllocSpace objects, 0(0B) LOS objects, 27% free, 41MB/57MB, paused 1.206ms total 50.671ms
08-06 04:34:45.558 24686 20764 I art     : Starting a blocking GC Explicit
08-06 04:34:45.608 24686 20764 I art     : Explicit concurrent mark sweep GC freed 3(96B) AllocSpace objects, 0(0B) LOS objects, 27% free, 41MB/57MB, paused 1.138ms total 50.061ms
08-06 04:34:45.620 24686 20764 I art     : Starting a blocking GC Explicit
08-06 04:34:45.667 24686 20764 I art     : Explicit concurrent mark sweep GC freed 3(96B) AllocSpace objects, 0(0B) LOS objects, 27% free, 41MB/57MB, paused 1.148ms total 45.970ms
08-06 04:34:46.034 24686 24697 I art     : Starting a blocking GC Explicit
08-06 04:34:46.088 24686 24697 I art     : Explicit concurrent mark sweep GC freed 1441(82KB) AllocSpace objects, 1(20KB) LOS objects, 27% free, 41MB/57MB, paused 1.310ms total 53.331ms
08-06 04:34:46.104 24686 24697 I art     : Starting a blocking GC Explicit
08-06 04:34:46.151 24686 24697 I art     : Explicit concurrent mark sweep GC freed 22(784B) AllocSpace objects, 0(0B) LOS objects, 27% free, 41MB/57MB, paused 1.188ms total 47.201ms
08-06 04:34:46.162 24686 24697 I art     : Starting a blocking GC Explicit
08-06 04:34:46.212 24686 24697 I art     : Explicit concurrent mark sweep GC freed 3(96B) AllocSpace objects, 0(0B) LOS objects, 27% free, 41MB/57MB, paused 1.148ms total 49.281ms
08-06 04:34:46.223 24686 24697 I art     : Starting a blocking GC Explicit
08-06 04:34:46.272 24686 24697 I art     : Explicit concurrent mark sweep GC freed 3(96B) AllocSpace objects, 0(0B) LOS objects, 27% free, 41MB/57MB, paused 1.198ms total 48.697ms
08-06 04:34:46.284 24686 24697 I art     : Starting a blocking GC Explicit
08-06 04:34:46.335 24686 24697 I art     : Explicit concurrent mark sweep GC freed 3(96B) AllocSpace objects, 0(0B) LOS objects, 27% free, 41MB/57MB, paused 1.211ms total 50.741ms
08-06 04:34:46.719 24686 24698 I art     : Starting a blocking GC Explicit
08-06 04:34:46.772 24686 24698 I art     : Explicit concurrent mark sweep GC freed 1606(91KB) AllocSpace objects, 1(20KB) LOS objects, 27% free, 41MB/57MB, paused 1.265ms total 52.111ms
08-06 04:34:46.784 24686 24698 I art     : Starting a blocking GC Explicit
08-06 04:34:46.835 24686 24698 I art     : Explicit concurrent mark sweep GC freed 28(1040B) AllocSpace objects, 0(0B) LOS objects, 27% free, 41MB/57MB, paused 1.277ms total 51.055ms
08-06 04:34:46.847 24686 24698 I art     : Starting a blocking GC Explicit
08-06 04:34:46.898 24686 24698 I art     : Explicit concurrent mark sweep GC freed 1639(64KB) AllocSpace objects, 0(0B) LOS objects, 27% free, 41MB/57MB, paused 1.505ms total 51.074ms
08-06 04:34:46.911 24686 24698 I art     : Starting a blocking GC Explicit
08-06 04:34:46.939 24686 21631 E baseline.com.newsblur.network.APIResponse: Error (unexpected end of stream on https://www.newsblur.com/...) calling https://www.newsblur.com/reader/mark_story_hashes_as_read/
08-06 04:34:46.939 24686 21631 E baseline.com.newsblur.network.APIResponse: java.io.IOException: unexpected end of stream on https://www.newsblur.com/...
08-06 04:34:46.939 24686 21631 E baseline.com.newsblur.network.APIResponse: 	at okhttp3.internal.http1.Http1ExchangeCodec.readResponseHeaders(Http1ExchangeCodec.java:236)
08-06 04:34:46.939 24686 21631 E baseline.com.newsblur.network.APIResponse: 	at okhttp3.internal.connection.Exchange.readResponseHeaders(Exchange.java:115)
08-06 04:34:46.939 24686 21631 E baseline.com.newsblur.network.APIResponse: 	at okhttp3.internal.http.CallServerInterceptor.intercept(CallServerInterceptor.java:94)
08-06 04:34:46.939 24686 21631 E baseline.com.newsblur.network.APIResponse: 	at okhttp3.internal.http.RealInterceptorChain.proceed(RealInterceptorChain.java:142)
08-06 04:34:46.939 24686 21631 E baseline.com.newsblur.network.APIResponse: 	at okhttp3.internal.connection.ConnectInterceptor.intercept(ConnectInterceptor.java:43)
08-06 04:34:46.939 24686 21631 E baseline.com.newsblur.network.APIResponse: 	at okhttp3.internal.http.RealInterceptorChain.proceed(RealInterceptorChain.java:142)
08-06 04:34:46.939 24686 21631 E baseline.com.newsblur.network.APIResponse: 	at okhttp3.internal.http.RealInterceptorChain.proceed(RealInterceptorChain.java:117)
08-06 04:34:46.939 24686 21631 E baseline.com.newsblur.network.APIResponse: 	at okhttp3.internal.cache.CacheInterceptor.intercept(CacheInterceptor.java:94)
08-06 04:34:46.939 24686 21631 E baseline.com.newsblur.network.APIResponse: 	at okhttp3.internal.http.RealInterceptorChain.proceed(RealInterceptorChain.java:142)
08-06 04:34:46.939 24686 21631 E baseline.com.newsblur.network.APIResponse: 	at okhttp3.internal.http.RealInterceptorChain.proceed(RealInterceptorChain.java:117)
08-06 04:34:46.939 24686 21631 E baseline.com.newsblur.network.APIResponse: 	at okhttp3.internal.http.BridgeInterceptor.intercept(BridgeInterceptor.java:93)
08-06 04:34:46.939 24686 21631 E baseline.com.newsblur.network.APIResponse: 	at okhttp3.internal.http.RealInterceptorChain.proceed(RealInterceptorChain.java:142)
08-06 04:34:46.939 24686 21631 E baseline.com.newsblur.network.APIResponse: 	at okhttp3.internal.http.RetryAndFollowUpInterceptor.intercept(RetryAndFollowUpInterceptor.java:88)
08-06 04:34:46.939 24686 21631 E baseline.com.newsblur.network.APIResponse: 	at okhttp3.internal.http.RealInterceptorChain.proceed(RealInterceptorChain.java:142)
08-06 04:34:46.939 24686 21631 E baseline.com.newsblur.network.APIResponse: 	at okhttp3.internal.http.RealInterceptorChain.proceed(RealInterceptorChain.java:117)
08-06 04:34:46.939 24686 21631 E baseline.com.newsblur.network.APIResponse: 	at okhttp3.RealCall.getResponseWithInterceptorChain(RealCall.java:229)
08-06 04:34:46.939 24686 21631 E baseline.com.newsblur.network.APIResponse: 	at okhttp3.RealCall.execute(RealCall.java:81)
08-06 04:34:46.939 24686 21631 E baseline.com.newsblur.network.APIResponse: 	at baseline.com.newsblur.network.APIResponse.<init>(APIResponse.java:57)
08-06 04:34:46.939 24686 21631 E baseline.com.newsblur.network.APIResponse: 	at baseline.com.newsblur.network.APIResponse.<init>(APIResponse.java:43)
08-06 04:34:46.939 24686 21631 E baseline.com.newsblur.network.APIResponse: 	at baseline.com.newsblur.network.APIManager.post_single(APIManager.java:702)
08-06 04:34:46.939 24686 21631 E baseline.com.newsblur.network.APIResponse: 	at baseline.com.newsblur.network.APIManager.post(APIManager.java:675)
08-06 04:34:46.939 24686 21631 E baseline.com.newsblur.network.APIResponse: 	at baseline.com.newsblur.network.APIManager.post(APIManager.java:714)
08-06 04:34:46.939 24686 21631 E baseline.com.newsblur.network.APIResponse: 	at baseline.com.newsblur.network.APIManager.markStoryAsRead(APIManager.java:205)
08-06 04:34:46.939 24686 21631 E baseline.com.newsblur.network.APIResponse: 	at baseline.com.newsblur.util.ReadingAction.doRemote(ReadingAction.java:281)
08-06 04:34:46.939 24686 21631 E baseline.com.newsblur.network.APIResponse: 	at baseline.com.newsblur.service.NBSyncService.syncActions(NBSyncService.java:400)
08-06 04:34:46.939 24686 21631 E baseline.com.newsblur.network.APIResponse: 	at baseline.com.newsblur.service.NBSyncService.doSync(NBSyncService.java:298)
08-06 04:34:46.939 24686 21631 E baseline.com.newsblur.network.APIResponse: 	at baseline.com.newsblur.service.NBSyncService.access$100(NBSyncService.java:67)
08-06 04:34:46.939 24686 21631 E baseline.com.newsblur.network.APIResponse: 	at baseline.com.newsblur.service.NBSyncService$1.run(NBSyncService.java:188)
08-06 04:34:46.939 24686 21631 E baseline.com.newsblur.network.APIResponse: 	at java.util.concurrent.ThreadPoolExecutor.runWorker(ThreadPoolExecutor.java:1113)
08-06 04:34:46.939 24686 21631 E baseline.com.newsblur.network.APIResponse: 	at java.util.concurrent.ThreadPoolExecutor$Worker.run(ThreadPoolExecutor.java:588)
08-06 04:34:46.939 24686 21631 E baseline.com.newsblur.network.APIResponse: 	at java.lang.Thread.run(Thread.java:818)
08-06 04:34:46.939 24686 21631 E baseline.com.newsblur.network.APIResponse: Caused by: java.io.EOFException: \n not found: limit=0 content=
08-06 04:34:46.939 24686 21631 E baseline.com.newsblur.network.APIResponse: 	at okio.RealBufferedSource.readUtf8LineStrict(RealBufferedSource.java:240)
08-06 04:34:46.939 24686 21631 E baseline.com.newsblur.network.APIResponse: 	at okhttp3.internal.http1.Http1ExchangeCodec.readHeaderLine(Http1ExchangeCodec.java:242)
08-06 04:34:46.939 24686 21631 E baseline.com.newsblur.network.APIResponse: 	at okhttp3.internal.http1.Http1ExchangeCodec.readResponseHeaders(Http1ExchangeCodec.java:213)
08-06 04:34:46.939 24686 21631 E baseline.com.newsblur.network.APIResponse: 	... 30 more
08-06 04:34:46.940 24686 21631 I baseline.com.newsblur.network.APIManager: API call failed, pausing before retry number 2
08-06 04:34:46.962 24686 24698 I art     : Explicit concurrent mark sweep GC freed 837(196KB) AllocSpace objects, 2(40KB) LOS objects, 27% free, 41MB/57MB, paused 1.224ms total 50.841ms
08-06 04:34:46.973 24686 24698 I art     : Starting a blocking GC Explicit
08-06 04:34:47.021 24686 24698 I art     : Explicit concurrent mark sweep GC freed 120(16KB) AllocSpace objects, 0(0B) LOS objects, 27% free, 41MB/57MB, paused 1.157ms total 48.042ms
08-06 04:34:47.353 24686 20967 I art     : Starting a blocking GC Explicit
08-06 04:34:47.405 24686 20967 I art     : Explicit concurrent mark sweep GC freed 1463(83KB) AllocSpace objects, 1(20KB) LOS objects, 27% free, 41MB/57MB, paused 1.315ms total 51.926ms
08-06 04:34:47.413 22948 22948 D AndroidRuntime: >>>>>> START com.android.internal.os.RuntimeInit uid 2000 <<<<<<
08-06 04:34:47.417 24686 20967 I art     : Starting a blocking GC Explicit
08-06 04:34:47.418 22948 22948 D AndroidRuntime: CheckJNI is OFF
08-06 04:34:47.452 22948 22948 D ICU     : No timezone override file found: /data/misc/zoneinfo/current/icu/icu_tzdata.dat
08-06 04:34:47.467 24686 20967 I art     : Explicit concurrent mark sweep GC freed 22(784B) AllocSpace objects, 0(0B) LOS objects, 27% free, 41MB/57MB, paused 1.245ms total 49.798ms
08-06 04:34:47.479 24686 20967 I art     : Starting a blocking GC Explicit
08-06 04:34:47.488 22948 22948 I Radio-JNI: register_android_hardware_Radio DONE
08-06 04:34:47.510 22948 22948 D AndroidRuntime: Calling main entry com.android.commands.input.Input
08-06 04:34:47.512 22948 22948 I Input   : injectMotionEvent: MotionEvent { action=ACTION_DOWN, actionButton=0, id[0]=0, x[0]=436.0, y[0]=453.0, toolType[0]=TOOL_TYPE_UNKNOWN, buttonState=0, metaState=0, flags=0x0, edgeFlags=0x0, pointerCount=1, historySize=0, eventTime=851703925, downTime=851703925, deviceId=0, source=0x1002 }
08-06 04:34:47.517 22948 22948 I Input   : injectMotionEvent: MotionEvent { action=ACTION_UP, actionButton=0, id[0]=0, x[0]=436.0, y[0]=453.0, toolType[0]=TOOL_TYPE_UNKNOWN, buttonState=0, metaState=0, flags=0x0, edgeFlags=0x0, pointerCount=1, historySize=0, eventTime=851703925, downTime=851703925, deviceId=0, source=0x1002 }
08-06 04:34:47.519 22948 22948 D AndroidRuntime: Shutting down VM
08-06 04:34:47.525 24686 20967 I art     : Explicit concurrent mark sweep GC freed 5(160B) AllocSpace objects, 0(0B) LOS objects, 27% free, 41MB/57MB, paused 1.167ms total 46.465ms
08-06 04:34:47.534   512  2967 D audio_hw_primary: out_set_parameters: enter: usecase(1: low-latency-playback) kvpairs: routing=2
08-06 04:34:47.535   918  6112 I ActivityManager: START u0 {cmp=baseline.com.newsblur/.activity.AllSharedStoriesReading (has extras)} from uid 10698 on display 0
08-06 04:34:47.537 24686 20967 I art     : Starting a blocking GC Explicit
08-06 04:34:47.548   512  2967 D audio_hw_primary: select_devices: out_snd_device(2: speaker) in_snd_device(0: none)
08-06 04:34:47.548   512  2967 D msm8974_platform: platform_send_audio_calibration: sending audio calibration for snd_device(2) acdb_id(15)
08-06 04:34:47.548   512  2967 I soundtrigger: audio_extn_sound_trigger_update_device_status: device 0x2 of type 0 for Event 1
08-06 04:34:47.558   512  2967 D audio_hw_primary: enable_snd_device: snd_device(2: speaker)
08-06 04:34:47.560   512  2967 D audio_hw_primary: enable_audio_route: apply and update mixer path: low-latency-playback speaker
08-06 04:34:47.583 24686 20967 I art     : Explicit concurrent mark sweep GC freed 1453(141KB) AllocSpace objects, 4(508KB) LOS objects, 27% free, 42MB/58MB, paused 1.192ms total 46.411ms
08-06 04:34:47.594 24686 20967 I art     : Starting a blocking GC Explicit
08-06 04:34:47.640 24686 20967 I art     : Explicit concurrent mark sweep GC freed 224(15KB) AllocSpace objects, 0(0B) LOS objects, 27% free, 42MB/58MB, paused 1.328ms total 45.780ms
08-06 04:34:47.764   918   936 I ActivityManager: Displayed baseline.com.newsblur/.activity.AllSharedStoriesReading: +220ms
08-06 04:34:47.767 13866 13866 I GoogleInputMethodServic: GoogleInputMethodService.onFinishInput():3138 
08-06 04:34:47.768 13866 13866 I GoogleInputMethodServic: GoogleInputMethodService.onStartInput():1808 
08-06 04:34:47.964 24686 20764 I art     : Starting a blocking GC Explicit
08-06 04:34:47.981 24686 21310 E chromium: [ERROR:tile_manager.cc(793)] WARNING: tile memory limits exceeded, some content may not draw
08-06 04:34:47.981 24686 21310 E chromium: [ERROR:tile_manager.cc(793)] WARNING: tile memory limits exceeded, some content may not draw
08-06 04:34:48.015 24686 20764 I art     : Explicit concurrent mark sweep GC freed 4527(362KB) AllocSpace objects, 14(316KB) LOS objects, 27% free, 42MB/58MB, paused 1.120ms total 51.436ms
08-06 04:34:48.027 24686 20764 I art     : Starting a blocking GC Explicit
08-06 04:34:48.072 24686 20764 I art     : Explicit concurrent mark sweep GC freed 1124(52KB) AllocSpace objects, 1(28KB) LOS objects, 27% free, 42MB/58MB, paused 1.033ms total 44.900ms
08-06 04:34:48.084 24686 20764 I art     : Starting a blocking GC Explicit
08-06 04:34:48.089   512  2967 D audio_hw_primary: disable_audio_route: reset and update mixer path: low-latency-playback speaker
08-06 04:34:48.090   512  2967 D audio_hw_primary: disable_snd_device: snd_device(2: speaker)
08-06 04:34:48.098   512  2967 I soundtrigger: audio_extn_sound_trigger_update_device_status: device 0x2 of type 0 for Event 0
08-06 04:34:48.135 24686 20764 I art     : Explicit concurrent mark sweep GC freed 3(96B) AllocSpace objects, 0(0B) LOS objects, 27% free, 42MB/58MB, paused 1.145ms total 50.437ms
08-06 04:34:48.147 24686 20764 I art     : Starting a blocking GC Explicit
08-06 04:34:48.193 24686 20764 I art     : Explicit concurrent mark sweep GC freed 143(17KB) AllocSpace objects, 1(20KB) LOS objects, 27% free, 42MB/58MB, paused 1.187ms total 46.550ms
08-06 04:34:48.205 24686 20764 I art     : Starting a blocking GC Explicit
08-06 04:34:48.250 24686 20764 I art     : Explicit concurrent mark sweep GC freed 12(448B) AllocSpace objects, 0(0B) LOS objects, 27% free, 42MB/58MB, paused 1.210ms total 45.141ms
08-06 04:34:48.594 24686 24697 I art     : Starting a blocking GC Explicit
08-06 04:34:48.650 24686 24697 I art     : Explicit concurrent mark sweep GC freed 1446(83KB) AllocSpace objects, 1(20KB) LOS objects, 27% free, 42MB/58MB, paused 1.282ms total 56.426ms
08-06 04:34:48.664 24686 24697 I art     : Starting a blocking GC Explicit
08-06 04:34:48.699   518   646 I ThermalEngine: ACTION: GPU - Setting GPU[0] to 450000000
08-06 04:34:48.725 24686 24697 I art     : Explicit concurrent mark sweep GC freed 22(784B) AllocSpace objects, 0(0B) LOS objects, 27% free, 42MB/58MB, paused 1.557ms total 60.084ms
08-06 04:34:48.740 24686 24697 I art     : Starting a blocking GC Explicit
08-06 04:34:48.805 24686 24697 I art     : Explicit concurrent mark sweep GC freed 3(96B) AllocSpace objects, 0(0B) LOS objects, 27% free, 42MB/58MB, paused 1.574ms total 64.660ms
08-06 04:34:48.820 24686 24697 I art     : Starting a blocking GC Explicit
08-06 04:34:48.886 24686 24697 I art     : Explicit concurrent mark sweep GC freed 3(96B) AllocSpace objects, 0(0B) LOS objects, 27% free, 42MB/58MB, paused 1.576ms total 65.877ms
08-06 04:34:48.902 24686 24697 I art     : Starting a blocking GC Explicit
08-06 04:34:48.967 24686 24697 I art     : Explicit concurrent mark sweep GC freed 3(96B) AllocSpace objects, 0(0B) LOS objects, 27% free, 42MB/58MB, paused 1.601ms total 65.297ms
08-06 04:34:49.370 24686 20764 I art     : Starting a blocking GC Explicit
08-06 04:34:49.442 24686 20764 I art     : Explicit concurrent mark sweep GC freed 1504(85KB) AllocSpace objects, 1(20KB) LOS objects, 27% free, 42MB/58MB, paused 1.719ms total 70.988ms
08-06 04:34:49.460 24686 20764 I art     : Starting a blocking GC Explicit
08-06 04:34:49.530 24686 20764 I art     : Explicit concurrent mark sweep GC freed 22(784B) AllocSpace objects, 0(0B) LOS objects, 27% free, 42MB/58MB, paused 1.673ms total 69.011ms
08-06 04:34:49.545 24686 20764 I art     : Starting a blocking GC Explicit
08-06 04:34:49.616 24686 20764 I art     : Explicit concurrent mark sweep GC freed 3(96B) AllocSpace objects, 0(0B) LOS objects, 27% free, 42MB/58MB, paused 1.643ms total 71.096ms
08-06 04:34:49.632 24686 20764 I art     : Starting a blocking GC Explicit
08-06 04:34:49.698 24686 20764 I art     : Explicit concurrent mark sweep GC freed 3(96B) AllocSpace objects, 0(0B) LOS objects, 27% free, 42MB/58MB, paused 1.625ms total 65.587ms
08-06 04:34:49.713 24686 20764 I art     : Starting a blocking GC Explicit
08-06 04:34:49.784 24686 20764 I art     : Explicit concurrent mark sweep GC freed 3(96B) AllocSpace objects, 0(0B) LOS objects, 27% free, 42MB/58MB, paused 1.530ms total 69.929ms
08-06 04:34:50.222 24686 20967 I art     : Starting a blocking GC Explicit
08-06 04:34:50.292 24686 20967 I art     : Explicit concurrent mark sweep GC freed 1610(91KB) AllocSpace objects, 1(20KB) LOS objects, 27% free, 42MB/58MB, paused 1.740ms total 70.343ms
08-06 04:34:50.308 24686 20967 I art     : Starting a blocking GC Explicit
08-06 04:34:50.379 24686 20967 I art     : Explicit concurrent mark sweep GC freed 28(1040B) AllocSpace objects, 0(0B) LOS objects, 27% free, 42MB/58MB, paused 1.671ms total 70.512ms
08-06 04:34:50.394 24686 20967 I art     : Starting a blocking GC Explicit
08-06 04:34:50.464 24686 20967 I art     : Explicit concurrent mark sweep GC freed 318(13KB) AllocSpace objects, 0(0B) LOS objects, 27% free, 42MB/58MB, paused 1.692ms total 70.503ms
08-06 04:34:50.480 24686 20967 I art     : Starting a blocking GC Explicit
08-06 04:34:50.529 24686 21631 E baseline.com.newsblur.network.APIResponse: Error (unexpected end of stream on https://www.newsblur.com/...) calling https://www.newsblur.com/reader/mark_story_hashes_as_read/
08-06 04:34:50.529 24686 21631 E baseline.com.newsblur.network.APIResponse: java.io.IOException: unexpected end of stream on https://www.newsblur.com/...
08-06 04:34:50.529 24686 21631 E baseline.com.newsblur.network.APIResponse: 	at okhttp3.internal.http1.Http1ExchangeCodec.readResponseHeaders(Http1ExchangeCodec.java:236)
08-06 04:34:50.529 24686 21631 E baseline.com.newsblur.network.APIResponse: 	at okhttp3.internal.connection.Exchange.readResponseHeaders(Exchange.java:115)
08-06 04:34:50.529 24686 21631 E baseline.com.newsblur.network.APIResponse: 	at okhttp3.internal.http.CallServerInterceptor.intercept(CallServerInterceptor.java:94)
08-06 04:34:50.529 24686 21631 E baseline.com.newsblur.network.APIResponse: 	at okhttp3.internal.http.RealInterceptorChain.proceed(RealInterceptorChain.java:142)
08-06 04:34:50.529 24686 21631 E baseline.com.newsblur.network.APIResponse: 	at okhttp3.internal.connection.ConnectInterceptor.intercept(ConnectInterceptor.java:43)
08-06 04:34:50.529 24686 21631 E baseline.com.newsblur.network.APIResponse: 	at okhttp3.internal.http.RealInterceptorChain.proceed(RealInterceptorChain.java:142)
08-06 04:34:50.529 24686 21631 E baseline.com.newsblur.network.APIResponse: 	at okhttp3.internal.http.RealInterceptorChain.proceed(RealInterceptorChain.java:117)
08-06 04:34:50.529 24686 21631 E baseline.com.newsblur.network.APIResponse: 	at okhttp3.internal.cache.CacheInterceptor.intercept(CacheInterceptor.java:94)
08-06 04:34:50.529 24686 21631 E baseline.com.newsblur.network.APIResponse: 	at okhttp3.internal.http.RealInterceptorChain.proceed(RealInterceptorChain.java:142)
08-06 04:34:50.529 24686 21631 E baseline.com.newsblur.network.APIResponse: 	at okhttp3.internal.http.RealInterceptorChain.proceed(RealInterceptorChain.java:117)
08-06 04:34:50.529 24686 21631 E baseline.com.newsblur.network.APIResponse: 	at okhttp3.internal.http.BridgeInterceptor.intercept(BridgeInterceptor.java:93)
08-06 04:34:50.529 24686 21631 E baseline.com.newsblur.network.APIResponse: 	at okhttp3.internal.http.RealInterceptorChain.proceed(RealInterceptorChain.java:142)
08-06 04:34:50.529 24686 21631 E baseline.com.newsblur.network.APIResponse: 	at okhttp3.internal.http.RetryAndFollowUpInterceptor.intercept(RetryAndFollowUpInterceptor.java:88)
08-06 04:34:50.529 24686 21631 E baseline.com.newsblur.network.APIResponse: 	at okhttp3.internal.http.RealInterceptorChain.proceed(RealInterceptorChain.java:142)
08-06 04:34:50.529 24686 21631 E baseline.com.newsblur.network.APIResponse: 	at okhttp3.internal.http.RealInterceptorChain.proceed(RealInterceptorChain.java:117)
08-06 04:34:50.529 24686 21631 E baseline.com.newsblur.network.APIResponse: 	at okhttp3.RealCall.getResponseWithInterceptorChain(RealCall.java:229)
08-06 04:34:50.529 24686 21631 E baseline.com.newsblur.network.APIResponse: 	at okhttp3.RealCall.execute(RealCall.java:81)
08-06 04:34:50.529 24686 21631 E baseline.com.newsblur.network.APIResponse: 	at baseline.com.newsblur.network.APIResponse.<init>(APIResponse.java:57)
08-06 04:34:50.529 24686 21631 E baseline.com.newsblur.network.APIResponse: 	at baseline.com.newsblur.network.APIResponse.<init>(APIResponse.java:43)
08-06 04:34:50.529 24686 21631 E baseline.com.newsblur.network.APIResponse: 	at baseline.com.newsblur.network.APIManager.post_single(APIManager.java:702)
08-06 04:34:50.529 24686 21631 E baseline.com.newsblur.network.APIResponse: 	at baseline.com.newsblur.network.APIManager.post(APIManager.java:675)
08-06 04:34:50.529 24686 21631 E baseline.com.newsblur.network.APIResponse: 	at baseline.com.newsblur.network.APIManager.post(APIManager.java:714)
08-06 04:34:50.529 24686 21631 E baseline.com.newsblur.network.APIResponse: 	at baseline.com.newsblur.network.APIManager.markStoryAsRead(APIManager.java:205)
08-06 04:34:50.529 24686 21631 E baseline.com.newsblur.network.APIResponse: 	at baseline.com.newsblur.util.ReadingAction.doRemote(ReadingAction.java:281)
08-06 04:34:50.529 24686 21631 E baseline.com.newsblur.network.APIResponse: 	at baseline.com.newsblur.service.NBSyncService.syncActions(NBSyncService.java:400)
08-06 04:34:50.529 24686 21631 E baseline.com.newsblur.network.APIResponse: 	at baseline.com.newsblur.service.NBSyncService.doSync(NBSyncService.java:298)
08-06 04:34:50.529 24686 21631 E baseline.com.newsblur.network.APIResponse: 	at baseline.com.newsblur.service.NBSyncService.access$100(NBSyncService.java:67)
08-06 04:34:50.529 24686 21631 E baseline.com.newsblur.network.APIResponse: 	at baseline.com.newsblur.service.NBSyncService$1.run(NBSyncService.java:188)
08-06 04:34:50.529 24686 21631 E baseline.com.newsblur.network.APIResponse: 	at java.util.concurrent.ThreadPoolExecutor.runWorker(ThreadPoolExecutor.java:1113)
08-06 04:34:50.529 24686 21631 E baseline.com.newsblur.network.APIResponse: 	at java.util.concurrent.ThreadPoolExecutor$Worker.run(ThreadPoolExecutor.java:588)
08-06 04:34:50.529 24686 21631 E baseline.com.newsblur.network.APIResponse: 	at java.lang.Thread.run(Thread.java:818)
08-06 04:34:50.529 24686 21631 E baseline.com.newsblur.network.APIResponse: Caused by: java.io.EOFException: \n not found: limit=0 content=
08-06 04:34:50.529 24686 21631 E baseline.com.newsblur.network.APIResponse: 	at okio.RealBufferedSource.readUtf8LineStrict(RealBufferedSource.java:240)
08-06 04:34:50.529 24686 21631 E baseline.com.newsblur.network.APIResponse: 	at okhttp3.internal.http1.Http1ExchangeCodec.readHeaderLine(Http1ExchangeCodec.java:242)
08-06 04:34:50.529 24686 21631 E baseline.com.newsblur.network.APIResponse: 	at okhttp3.internal.http1.Http1ExchangeCodec.readResponseHeaders(Http1ExchangeCodec.java:213)
08-06 04:34:50.529 24686 21631 E baseline.com.newsblur.network.APIResponse: 	... 30 more
08-06 04:34:50.531 24686 21631 I baseline.com.newsblur.service.NBSyncService: Holding reading action with server-side or network error.
08-06 04:34:50.546 24686 21631 W baseline.com.newsblur.service.NBSyncService: hard API failure
08-06 04:34:50.548 24686 20967 I art     : Explicit concurrent mark sweep GC freed 2131(246KB) AllocSpace objects, 2(40KB) LOS objects, 27% free, 42MB/58MB, paused 1.627ms total 67.807ms
08-06 04:34:50.559 24686 21631 I baseline.com.newsblur.service.NBSyncService: recounting dirty feed sets: 1
08-06 04:34:50.564 24686 20967 I art     : Starting a blocking GC Explicit
08-06 04:34:50.634 24686 20967 I art     : Explicit concurrent mark sweep GC freed 1321(114KB) AllocSpace objects, 3(60KB) LOS objects, 27% free, 42MB/58MB, paused 1.732ms total 69.712ms
08-06 04:34:50.938 24686 21631 E baseline.com.newsblur.network.APIResponse: Error (unexpected end of stream on https://www.newsblur.com/...) calling https://www.newsblur.com/reader/feed_unread_count?feed_id=0
08-06 04:34:50.938 24686 21631 E baseline.com.newsblur.network.APIResponse: java.io.IOException: unexpected end of stream on https://www.newsblur.com/...
08-06 04:34:50.938 24686 21631 E baseline.com.newsblur.network.APIResponse: 	at okhttp3.internal.http1.Http1ExchangeCodec.readResponseHeaders(Http1ExchangeCodec.java:236)
08-06 04:34:50.938 24686 21631 E baseline.com.newsblur.network.APIResponse: 	at okhttp3.internal.connection.Exchange.readResponseHeaders(Exchange.java:115)
08-06 04:34:50.938 24686 21631 E baseline.com.newsblur.network.APIResponse: 	at okhttp3.internal.http.CallServerInterceptor.intercept(CallServerInterceptor.java:94)
08-06 04:34:50.938 24686 21631 E baseline.com.newsblur.network.APIResponse: 	at okhttp3.internal.http.RealInterceptorChain.proceed(RealInterceptorChain.java:142)
08-06 04:34:50.938 24686 21631 E baseline.com.newsblur.network.APIResponse: 	at okhttp3.internal.connection.ConnectInterceptor.intercept(ConnectInterceptor.java:43)
08-06 04:34:50.938 24686 21631 E baseline.com.newsblur.network.APIResponse: 	at okhttp3.internal.http.RealInterceptorChain.proceed(RealInterceptorChain.java:142)
08-06 04:34:50.938 24686 21631 E baseline.com.newsblur.network.APIResponse: 	at okhttp3.internal.http.RealInterceptorChain.proceed(RealInterceptorChain.java:117)
08-06 04:34:50.938 24686 21631 E baseline.com.newsblur.network.APIResponse: 	at okhttp3.internal.cache.CacheInterceptor.intercept(CacheInterceptor.java:94)
08-06 04:34:50.938 24686 21631 E baseline.com.newsblur.network.APIResponse: 	at okhttp3.internal.http.RealInterceptorChain.proceed(RealInterceptorChain.java:142)
08-06 04:34:50.938 24686 21631 E baseline.com.newsblur.network.APIResponse: 	at okhttp3.internal.http.RealInterceptorChain.proceed(RealInterceptorChain.java:117)
08-06 04:34:50.938 24686 21631 E baseline.com.newsblur.network.APIResponse: 	at okhttp3.internal.http.BridgeInterceptor.intercept(BridgeInterceptor.java:93)
08-06 04:34:50.938 24686 21631 E baseline.com.newsblur.network.APIResponse: 	at okhttp3.internal.http.RealInterceptorChain.proceed(RealInterceptorChain.java:142)
08-06 04:34:50.938 24686 21631 E baseline.com.newsblur.network.APIResponse: 	at okhttp3.internal.http.RetryAndFollowUpInterceptor.intercept(RetryAndFollowUpInterceptor.java:88)
08-06 04:34:50.938 24686 21631 E baseline.com.newsblur.network.APIResponse: 	at okhttp3.internal.http.RealInterceptorChain.proceed(RealInterceptorChain.java:142)
08-06 04:34:50.938 24686 21631 E baseline.com.newsblur.network.APIResponse: 	at okhttp3.internal.http.RealInterceptorChain.proceed(RealInterceptorChain.java:117)
08-06 04:34:50.938 24686 21631 E baseline.com.newsblur.network.APIResponse: 	at okhttp3.RealCall.getResponseWithInterceptorChain(RealCall.java:229)
08-06 04:34:50.938 24686 21631 E baseline.com.newsblur.network.APIResponse: 	at okhttp3.RealCall.execute(RealCall.java:81)
08-06 04:34:50.938 24686 21631 E baseline.com.newsblur.network.APIResponse: 	at baseline.com.newsblur.network.APIResponse.<init>(APIResponse.java:57)
08-06 04:34:50.938 24686 21631 E baseline.com.newsblur.network.APIResponse: 	at baseline.com.newsblur.network.APIManager.get_single(APIManager.java:639)
08-06 04:34:50.938 24686 21631 E baseline.com.newsblur.network.APIResponse: 	at baseline.com.newsblur.network.APIManager.get(APIManager.java:625)
08-06 04:34:50.938 24686 21631 E baseline.com.newsblur.network.APIResponse: 	at baseline.com.newsblur.network.APIManager.get(APIManager.java:667)
08-06 04:34:50.938 24686 21631 E baseline.com.newsblur.network.APIResponse: 	at baseline.com.newsblur.network.APIManager.getFeedUnreadCounts(APIManager.java:274)
08-06 04:34:50.938 24686 21631 E baseline.com.newsblur.network.APIResponse: 	at baseline.com.newsblur.service.NBSyncService.checkRecounts(NBSyncService.java:660)
08-06 04:34:50.938 24686 21631 E baseline.com.newsblur.network.APIResponse: 	at baseline.com.newsblur.service.NBSyncService.doSync(NBSyncService.java:310)
08-06 04:34:50.938 24686 21631 E baseline.com.newsblur.network.APIResponse: 	at baseline.com.newsblur.service.NBSyncService.access$100(NBSyncService.java:67)
08-06 04:34:50.938 24686 21631 E baseline.com.newsblur.network.APIResponse: 	at baseline.com.newsblur.service.NBSyncService$1.run(NBSyncService.java:188)
08-06 04:34:50.938 24686 21631 E baseline.com.newsblur.network.APIResponse: 	at java.util.concurrent.ThreadPoolExecutor.runWorker(ThreadPoolExecutor.java:1113)
08-06 04:34:50.938 24686 21631 E baseline.com.newsblur.network.APIResponse: 	at java.util.concurrent.ThreadPoolExecutor$Worker.run(ThreadPoolExecutor.java:588)
08-06 04:34:50.938 24686 21631 E baseline.com.newsblur.network.APIResponse: 	at java.lang.Thread.run(Thread.java:818)
08-06 04:34:50.938 24686 21631 E baseline.com.newsblur.network.APIResponse: Caused by: java.io.EOFException: \n not found: limit=0 content=
08-06 04:34:50.938 24686 21631 E baseline.com.newsblur.network.APIResponse: 	at okio.RealBufferedSource.readUtf8LineStrict(RealBufferedSource.java:240)
08-06 04:34:50.938 24686 21631 E baseline.com.newsblur.network.APIResponse: 	at okhttp3.internal.http1.Http1ExchangeCodec.readHeaderLine(Http1ExchangeCodec.java:242)
08-06 04:34:50.938 24686 21631 E baseline.com.newsblur.network.APIResponse: 	at okhttp3.internal.http1.Http1ExchangeCodec.readResponseHeaders(Http1ExchangeCodec.java:213)
08-06 04:34:50.938 24686 21631 E baseline.com.newsblur.network.APIResponse: 	... 28 more
08-06 04:34:50.940 24686 21631 I baseline.com.newsblur.network.APIManager: API call failed, pausing before retry number 1
08-06 04:34:51.021 24686 24698 I art     : Starting a blocking GC Explicit
08-06 04:34:51.097 24686 24698 I art     : Explicit concurrent mark sweep GC freed 5038(408KB) AllocSpace objects, 3(60KB) LOS objects, 27% free, 42MB/58MB, paused 1.741ms total 76.240ms
08-06 04:34:51.114 24686 24698 I art     : Starting a blocking GC Explicit
08-06 04:34:51.171 24686 24698 I art     : Explicit concurrent mark sweep GC freed 6959(466KB) AllocSpace objects, 1(20KB) LOS objects, 27% free, 42MB/58MB, paused 1.606ms total 57.260ms
08-06 04:34:51.185 24686 24698 I art     : Starting a blocking GC Explicit
08-06 04:34:51.246 24686 24698 I art     : Explicit concurrent mark sweep GC freed 535(36KB) AllocSpace objects, 0(0B) LOS objects, 27% free, 42MB/58MB, paused 1.726ms total 60.854ms
08-06 04:34:51.261 24686 24698 I art     : Starting a blocking GC Explicit
08-06 04:34:51.328 24686 24698 I art     : Explicit concurrent mark sweep GC freed 127(17KB) AllocSpace objects, 0(0B) LOS objects, 27% free, 42MB/58MB, paused 1.776ms total 66.363ms
08-06 04:34:51.345 24686 24698 I art     : Starting a blocking GC Explicit
08-06 04:34:51.411 24686 24698 I art     : Explicit concurrent mark sweep GC freed 25(832B) AllocSpace objects, 0(0B) LOS objects, 27% free, 42MB/58MB, paused 1.691ms total 65.197ms
08-06 04:34:51.834 24686 24697 I art     : Starting a blocking GC Explicit
08-06 04:34:51.896 24686 24697 I art     : Explicit concurrent mark sweep GC freed 1695(95KB) AllocSpace objects, 1(20KB) LOS objects, 27% free, 42MB/58MB, paused 1.641ms total 62.243ms
08-06 04:34:51.911 24686 24697 I art     : Starting a blocking GC Explicit
08-06 04:34:51.976 24686 24697 I art     : Explicit concurrent mark sweep GC freed 51(2432B) AllocSpace objects, 0(0B) LOS objects, 27% free, 42MB/58MB, paused 1.653ms total 64.327ms
08-06 04:34:51.991 24686 24697 I art     : Starting a blocking GC Explicit
08-06 04:34:52.055 24686 24697 I art     : Explicit concurrent mark sweep GC freed 3(96B) AllocSpace objects, 0(0B) LOS objects, 27% free, 42MB/58MB, paused 1.698ms total 63.833ms
08-06 04:34:52.071 24686 24697 I art     : Starting a blocking GC Explicit
08-06 04:34:52.135 24686 24697 I art     : Explicit concurrent mark sweep GC freed 3(96B) AllocSpace objects, 0(0B) LOS objects, 27% free, 42MB/58MB, paused 1.612ms total 64.139ms
08-06 04:34:52.151 24686 24697 I art     : Starting a blocking GC Explicit
08-06 04:34:52.218 24686 24697 I art     : Explicit concurrent mark sweep GC freed 3(96B) AllocSpace objects, 0(0B) LOS objects, 27% free, 42MB/58MB, paused 1.711ms total 66.867ms
08-06 04:34:52.307 23043 23043 D AndroidRuntime: >>>>>> START com.android.internal.os.RuntimeInit uid 2000 <<<<<<
08-06 04:34:52.313 23043 23043 D AndroidRuntime: CheckJNI is OFF
08-06 04:34:52.359 23043 23043 D ICU     : No timezone override file found: /data/misc/zoneinfo/current/icu/icu_tzdata.dat
08-06 04:34:52.403 23043 23043 I Radio-JNI: register_android_hardware_Radio DONE
08-06 04:34:52.431 23043 23043 D AndroidRuntime: Calling main entry com.android.commands.input.Input
08-06 04:34:52.433 23043 23043 I Input   : injectKeyEvent: KeyEvent { action=ACTION_DOWN, keyCode=KEYCODE_BACK, scanCode=0, metaState=0, flags=0x0, repeatCount=0, eventTime=851708846, downTime=851708846, deviceId=-1, source=0x101 }
08-06 04:34:52.439 23043 23043 I Input   : injectKeyEvent: KeyEvent { action=ACTION_UP, keyCode=KEYCODE_BACK, scanCode=0, metaState=0, flags=0x0, repeatCount=0, eventTime=851708846, downTime=851708846, deviceId=-1, source=0x101 }
08-06 04:34:52.446 23043 23043 D AndroidRuntime: Shutting down VM
08-06 04:34:52.459 24686 24686 D baseline.com.newsblur.service.NBSyncService: rejecting request for feedset that is exhaused
08-06 04:34:52.626 24686 24697 I art     : Starting a blocking GC Explicit
08-06 04:34:52.657 24686 24686 D baseline.com.newsblur.service.NBSyncService: rejecting request for feedset that is exhaused
08-06 04:34:52.686 24686 24697 I art     : Explicit concurrent mark sweep GC freed 2604(200KB) AllocSpace objects, 5(100KB) LOS objects, 27% free, 42MB/58MB, paused 1.637ms total 59.189ms
08-06 04:34:52.700 24686 24697 I art     : Starting a blocking GC Explicit
08-06 04:34:52.712 13866 13866 I GoogleInputMethodServic: GoogleInputMethodService.onFinishInput():3138 
08-06 04:34:52.713 13866 13866 I GoogleInputMethodServic: GoogleInputMethodService.onStartInput():1808 
08-06 04:34:52.755 24686 24697 I art     : Explicit concurrent mark sweep GC freed 776(60KB) AllocSpace objects, 0(0B) LOS objects, 27% free, 42MB/58MB, paused 1.520ms total 55.011ms
08-06 04:34:52.769 24686 24697 I art     : Starting a blocking GC Explicit
08-06 04:34:52.822 24686 24697 I art     : Explicit concurrent mark sweep GC freed 99(5KB) AllocSpace objects, 1(28KB) LOS objects, 27% free, 42MB/58MB, paused 1.474ms total 52.666ms
08-06 04:34:52.836 24686 24697 I art     : Starting a blocking GC Explicit
08-06 04:34:52.890 24686 24697 I art     : Explicit concurrent mark sweep GC freed 3(96B) AllocSpace objects, 0(0B) LOS objects, 27% free, 42MB/58MB, paused 1.525ms total 53.569ms
08-06 04:34:52.904 24686 24697 I art     : Starting a blocking GC Explicit
08-06 04:34:52.960 24686 24697 I art     : Explicit concurrent mark sweep GC freed 1693(66KB) AllocSpace objects, 0(0B) LOS objects, 27% free, 42MB/58MB, paused 1.489ms total 56.010ms
08-06 04:34:52.961 24686 21631 E baseline.com.newsblur.network.APIResponse: Error (unexpected end of stream on https://www.newsblur.com/...) calling https://www.newsblur.com/reader/feed_unread_count?feed_id=0
08-06 04:34:52.961 24686 21631 E baseline.com.newsblur.network.APIResponse: java.io.IOException: unexpected end of stream on https://www.newsblur.com/...
08-06 04:34:52.961 24686 21631 E baseline.com.newsblur.network.APIResponse: 	at okhttp3.internal.http1.Http1ExchangeCodec.readResponseHeaders(Http1ExchangeCodec.java:236)
08-06 04:34:52.961 24686 21631 E baseline.com.newsblur.network.APIResponse: 	at okhttp3.internal.connection.Exchange.readResponseHeaders(Exchange.java:115)
08-06 04:34:52.961 24686 21631 E baseline.com.newsblur.network.APIResponse: 	at okhttp3.internal.http.CallServerInterceptor.intercept(CallServerInterceptor.java:94)
08-06 04:34:52.961 24686 21631 E baseline.com.newsblur.network.APIResponse: 	at okhttp3.internal.http.RealInterceptorChain.proceed(RealInterceptorChain.java:142)
08-06 04:34:52.961 24686 21631 E baseline.com.newsblur.network.APIResponse: 	at okhttp3.internal.connection.ConnectInterceptor.intercept(ConnectInterceptor.java:43)
08-06 04:34:52.961 24686 21631 E baseline.com.newsblur.network.APIResponse: 	at okhttp3.internal.http.RealInterceptorChain.proceed(RealInterceptorChain.java:142)
08-06 04:34:52.961 24686 21631 E baseline.com.newsblur.network.APIResponse: 	at okhttp3.internal.http.RealInterceptorChain.proceed(RealInterceptorChain.java:117)
08-06 04:34:52.961 24686 21631 E baseline.com.newsblur.network.APIResponse: 	at okhttp3.internal.cache.CacheInterceptor.intercept(CacheInterceptor.java:94)
08-06 04:34:52.961 24686 21631 E baseline.com.newsblur.network.APIResponse: 	at okhttp3.internal.http.RealInterceptorChain.proceed(RealInterceptorChain.java:142)
08-06 04:34:52.961 24686 21631 E baseline.com.newsblur.network.APIResponse: 	at okhttp3.internal.http.RealInterceptorChain.proceed(RealInterceptorChain.java:117)
08-06 04:34:52.961 24686 21631 E baseline.com.newsblur.network.APIResponse: 	at okhttp3.internal.http.BridgeInterceptor.intercept(BridgeInterceptor.java:93)
08-06 04:34:52.961 24686 21631 E baseline.com.newsblur.network.APIResponse: 	at okhttp3.internal.http.RealInterceptorChain.proceed(RealInterceptorChain.java:142)
08-06 04:34:52.961 24686 21631 E baseline.com.newsblur.network.APIResponse: 	at okhttp3.internal.http.RetryAndFollowUpInterceptor.intercept(RetryAndFollowUpInterceptor.java:88)
08-06 04:34:52.961 24686 21631 E baseline.com.newsblur.network.APIResponse: 	at okhttp3.internal.http.RealInterceptorChain.proceed(RealInterceptorChain.java:142)
08-06 04:34:52.961 24686 21631 E baseline.com.newsblur.network.APIResponse: 	at okhttp3.internal.http.RealInterceptorChain.proceed(RealInterceptorChain.java:117)
08-06 04:34:52.961 24686 21631 E baseline.com.newsblur.network.APIResponse: 	at okhttp3.RealCall.getResponseWithInterceptorChain(RealCall.java:229)
08-06 04:34:52.961 24686 21631 E baseline.com.newsblur.network.APIResponse: 	at okhttp3.RealCall.execute(RealCall.java:81)
08-06 04:34:52.961 24686 21631 E baseline.com.newsblur.network.APIResponse: 	at baseline.com.newsblur.network.APIResponse.<init>(APIResponse.java:57)
08-06 04:34:52.961 24686 21631 E baseline.com.newsblur.network.APIResponse: 	at baseline.com.newsblur.network.APIManager.get_single(APIManager.java:639)
08-06 04:34:52.961 24686 21631 E baseline.com.newsblur.network.APIResponse: 	at baseline.com.newsblur.network.APIManager.get(APIManager.java:625)
08-06 04:34:52.961 24686 21631 E baseline.com.newsblur.network.APIResponse: 	at baseline.com.newsblur.network.APIManager.get(APIManager.java:667)
08-06 04:34:52.961 24686 21631 E baseline.com.newsblur.network.APIResponse: 	at baseline.com.newsblur.network.APIManager.getFeedUnreadCounts(APIManager.java:274)
08-06 04:34:52.961 24686 21631 E baseline.com.newsblur.network.APIResponse: 	at baseline.com.newsblur.service.NBSyncService.checkRecounts(NBSyncService.java:660)
08-06 04:34:52.961 24686 21631 E baseline.com.newsblur.network.APIResponse: 	at baseline.com.newsblur.service.NBSyncService.doSync(NBSyncService.java:310)
08-06 04:34:52.961 24686 21631 E baseline.com.newsblur.network.APIResponse: 	at baseline.com.newsblur.service.NBSyncService.access$100(NBSyncService.java:67)
08-06 04:34:52.961 24686 21631 E baseline.com.newsblur.network.APIResponse: 	at baseline.com.newsblur.service.NBSyncService$1.run(NBSyncService.java:188)
08-06 04:34:52.961 24686 21631 E baseline.com.newsblur.network.APIResponse: 	at java.util.concurrent.ThreadPoolExecutor.runWorker(ThreadPoolExecutor.java:1113)
08-06 04:34:52.961 24686 21631 E baseline.com.newsblur.network.APIResponse: 	at java.util.concurrent.ThreadPoolExecutor$Worker.run(ThreadPoolExecutor.java:588)
08-06 04:34:52.961 24686 21631 E baseline.com.newsblur.network.APIResponse: 	at java.lang.Thread.run(Thread.java:818)
08-06 04:34:52.961 24686 21631 E baseline.com.newsblur.network.APIResponse: Caused by: java.io.EOFException: \n not found: limit=0 content=
08-06 04:34:52.961 24686 21631 E baseline.com.newsblur.network.APIResponse: 	at okio.RealBufferedSource.readUtf8LineStrict(RealBufferedSource.java:240)
08-06 04:34:52.961 24686 21631 E baseline.com.newsblur.network.APIResponse: 	at okhttp3.internal.http1.Http1ExchangeCodec.readHeaderLine(Http1ExchangeCodec.java:242)
08-06 04:34:52.961 24686 21631 E baseline.com.newsblur.network.APIResponse: 	at okhttp3.internal.http1.Http1ExchangeCodec.readResponseHeaders(Http1ExchangeCodec.java:213)
08-06 04:34:52.961 24686 21631 E baseline.com.newsblur.network.APIResponse: 	... 28 more
08-06 04:34:52.962 24686 21631 I baseline.com.newsblur.network.APIManager: API call failed, pausing before retry number 2
08-06 04:34:53.342 24686 20967 I art     : Starting a blocking GC Explicit
08-06 04:34:53.410 24686 20967 I art     : Explicit concurrent mark sweep GC freed 3576(352KB) AllocSpace objects, 3(60KB) LOS objects, 27% free, 42MB/58MB, paused 1.792ms total 67.891ms
08-06 04:34:53.427 24686 20967 I art     : Starting a blocking GC Explicit
08-06 04:34:53.492 24686 20967 I art     : Explicit concurrent mark sweep GC freed 203(9KB) AllocSpace objects, 0(0B) LOS objects, 27% free, 41MB/57MB, paused 1.597ms total 64.168ms
08-06 04:34:53.508 24686 20967 I art     : Starting a blocking GC Explicit
08-06 04:34:53.572 24686 20967 I art     : Explicit concurrent mark sweep GC freed 12(384B) AllocSpace objects, 0(0B) LOS objects, 27% free, 41MB/57MB, paused 1.701ms total 64.313ms
08-06 04:34:53.590 24686 20967 I art     : Starting a blocking GC Explicit
08-06 04:34:53.657 24686 20967 I art     : Explicit concurrent mark sweep GC freed 13(416B) AllocSpace objects, 0(0B) LOS objects, 27% free, 41MB/57MB, paused 1.625ms total 66.390ms
08-06 04:34:53.675 24686 20967 I art     : Starting a blocking GC Explicit
08-06 04:34:53.735 24686 20967 I art     : Explicit concurrent mark sweep GC freed 12(384B) AllocSpace objects, 0(0B) LOS objects, 27% free, 41MB/57MB, paused 1.548ms total 60.286ms
08-06 04:34:54.117 24686 24698 I art     : Starting a blocking GC Explicit
08-06 04:34:54.185 24686 24698 I art     : Explicit concurrent mark sweep GC freed 1490(84KB) AllocSpace objects, 1(20KB) LOS objects, 27% free, 41MB/57MB, paused 1.658ms total 67.355ms
08-06 04:34:54.200 24686 24698 I art     : Starting a blocking GC Explicit
08-06 04:34:54.205 23076 23076 D AndroidRuntime: >>>>>> START com.android.internal.os.RuntimeInit uid 2000 <<<<<<
08-06 04:34:54.212 23076 23076 D AndroidRuntime: CheckJNI is OFF
08-06 04:34:54.255 23076 23076 D ICU     : No timezone override file found: /data/misc/zoneinfo/current/icu/icu_tzdata.dat
08-06 04:34:54.263 24686 24698 I art     : Explicit concurrent mark sweep GC freed 22(784B) AllocSpace objects, 0(0B) LOS objects, 27% free, 41MB/57MB, paused 1.758ms total 63.188ms
08-06 04:34:54.279 24686 24698 I art     : Starting a blocking GC Explicit
08-06 04:34:54.304 23076 23076 I Radio-JNI: register_android_hardware_Radio DONE
08-06 04:34:54.333 23076 23076 D AndroidRuntime: Calling main entry com.android.commands.input.Input
08-06 04:34:54.334 23076 23076 I Input   : injectKeyEvent: KeyEvent { action=ACTION_DOWN, keyCode=KEYCODE_BACK, scanCode=0, metaState=0, flags=0x0, repeatCount=0, eventTime=851710747, downTime=851710747, deviceId=-1, source=0x101 }
08-06 04:34:54.344 24686 24698 I art     : Explicit concurrent mark sweep GC freed 3(96B) AllocSpace objects, 0(0B) LOS objects, 27% free, 41MB/57MB, paused 1.581ms total 65.184ms
08-06 04:34:54.346 23076 23076 I Input   : injectKeyEvent: KeyEvent { action=ACTION_UP, keyCode=KEYCODE_BACK, scanCode=0, metaState=0, flags=0x0, repeatCount=0, eventTime=851710747, downTime=851710747, deviceId=-1, source=0x101 }
08-06 04:34:54.355 23076 23076 D AndroidRuntime: Shutting down VM
08-06 04:34:54.359 24686 24698 I art     : Starting a blocking GC Explicit
08-06 04:34:54.420 24686 24698 I art     : Explicit concurrent mark sweep GC freed 335(65KB) AllocSpace objects, 4(80KB) LOS objects, 27% free, 42MB/58MB, paused 1.692ms total 61.616ms
08-06 04:34:54.435 24686 24698 I art     : Starting a blocking GC Explicit
08-06 04:34:54.497 24686 24698 I art     : Explicit concurrent mark sweep GC freed 35(1648B) AllocSpace objects, 0(0B) LOS objects, 27% free, 41MB/57MB, paused 1.636ms total 61.165ms
08-06 04:34:54.595 13866 13866 I GoogleInputMethodServic: GoogleInputMethodService.onFinishInput():3138 
08-06 04:34:54.595 13866 13866 I GoogleInputMethodServic: GoogleInputMethodService.onStartInput():1808 
08-06 04:34:54.869 24686 20967 I art     : Starting a blocking GC Explicit
08-06 04:34:54.948 24686 20967 I art     : Explicit concurrent mark sweep GC freed 9427(600KB) AllocSpace objects, 9(180KB) LOS objects, 27% free, 42MB/58MB, paused 5.955ms total 78.990ms
08-06 04:34:54.965 24686 20967 I art     : Starting a blocking GC Explicit
08-06 04:34:55.020 24686 20967 I art     : Explicit concurrent mark sweep GC freed 659(28KB) AllocSpace objects, 0(0B) LOS objects, 27% free, 41MB/57MB, paused 1.550ms total 55.248ms
08-06 04:34:55.034 24686 20967 I art     : Starting a blocking GC Explicit
08-06 04:34:55.095 24686 20967 I art     : Explicit concurrent mark sweep GC freed 150(7KB) AllocSpace objects, 0(0B) LOS objects, 27% free, 41MB/57MB, paused 1.592ms total 60.517ms
08-06 04:34:55.110 24686 20967 I art     : Starting a blocking GC Explicit
08-06 04:34:55.172 24686 20967 I art     : Explicit concurrent mark sweep GC freed 11(352B) AllocSpace objects, 0(0B) LOS objects, 27% free, 41MB/57MB, paused 1.463ms total 62.066ms
08-06 04:34:55.188 24686 20967 I art     : Starting a blocking GC Explicit
08-06 04:34:55.251 24686 20967 I art     : Explicit concurrent mark sweep GC freed 14(448B) AllocSpace objects, 0(0B) LOS objects, 27% free, 41MB/57MB, paused 1.627ms total 62.424ms
08-06 04:34:55.489   918  3261 D WifiStateMachine: starting scan for "H369AA63323"WPA_PSK with 2412,5180
08-06 04:34:55.630 24686 24698 I art     : Starting a blocking GC Explicit
08-06 04:34:55.695 24686 24698 I art     : Explicit concurrent mark sweep GC freed 1497(84KB) AllocSpace objects, 1(20KB) LOS objects, 27% free, 41MB/57MB, paused 1.596ms total 64.722ms
08-06 04:34:55.711 24686 24698 I art     : Starting a blocking GC Explicit
08-06 04:34:55.769 24686 24698 I art     : Explicit concurrent mark sweep GC freed 31(1072B) AllocSpace objects, 0(0B) LOS objects, 27% free, 41MB/57MB, paused 1.536ms total 58.171ms
08-06 04:34:55.785 24686 24698 I art     : Starting a blocking GC Explicit
08-06 04:34:55.847 24686 24698 I art     : Explicit concurrent mark sweep GC freed 13(416B) AllocSpace objects, 0(0B) LOS objects, 27% free, 41MB/57MB, paused 1.744ms total 62.235ms
08-06 04:34:55.863 24686 24698 I art     : Starting a blocking GC Explicit
08-06 04:34:55.924 24686 24698 I art     : Explicit concurrent mark sweep GC freed 11(352B) AllocSpace objects, 0(0B) LOS objects, 27% free, 41MB/57MB, paused 1.656ms total 61.064ms
08-06 04:34:55.941 24686 24698 I art     : Starting a blocking GC Explicit
08-06 04:34:56.003 24686 24698 I art     : Explicit concurrent mark sweep GC freed 151(7KB) AllocSpace objects, 0(0B) LOS objects, 27% free, 41MB/57MB, paused 1.691ms total 61.963ms
08-06 04:34:56.188 23123 23123 D AndroidRuntime: >>>>>> START com.android.internal.os.RuntimeInit uid 2000 <<<<<<
08-06 04:34:56.195 23123 23123 D AndroidRuntime: CheckJNI is OFF
08-06 04:34:56.234 23123 23123 D ICU     : No timezone override file found: /data/misc/zoneinfo/current/icu/icu_tzdata.dat
08-06 04:34:56.277 23123 23123 I Radio-JNI: register_android_hardware_Radio DONE
08-06 04:34:56.306 23123 23123 D AndroidRuntime: Calling main entry com.android.commands.am.Am
08-06 04:34:56.313  3167  3167 I Trepn   : Trepn 6.2s: Received intent: com.quicinc.trepn.stop_profiling
08-06 04:34:56.334  3167  3167 I Trepn   : Trepn 6.2s: Trepn has Stopped Profiling.
08-06 04:34:56.388 24686 20764 I art     : Starting a blocking GC Explicit
08-06 04:34:56.452 24686 20764 I art     : Explicit concurrent mark sweep GC freed 3172(152KB) AllocSpace objects, 1(20KB) LOS objects, 27% free, 41MB/57MB, paused 1.638ms total 63.906ms
08-06 04:34:56.456 24686 21631 E baseline.com.newsblur.network.APIResponse: Error (unexpected end of stream on https://www.newsblur.com/...) calling https://www.newsblur.com/reader/feed_unread_count?feed_id=0
08-06 04:34:56.456 24686 21631 E baseline.com.newsblur.network.APIResponse: java.io.IOException: unexpected end of stream on https://www.newsblur.com/...
08-06 04:34:56.456 24686 21631 E baseline.com.newsblur.network.APIResponse: 	at okhttp3.internal.http1.Http1ExchangeCodec.readResponseHeaders(Http1ExchangeCodec.java:236)
08-06 04:34:56.456 24686 21631 E baseline.com.newsblur.network.APIResponse: 	at okhttp3.internal.connection.Exchange.readResponseHeaders(Exchange.java:115)
08-06 04:34:56.456 24686 21631 E baseline.com.newsblur.network.APIResponse: 	at okhttp3.internal.http.CallServerInterceptor.intercept(CallServerInterceptor.java:94)
08-06 04:34:56.456 24686 21631 E baseline.com.newsblur.network.APIResponse: 	at okhttp3.internal.http.RealInterceptorChain.proceed(RealInterceptorChain.java:142)
08-06 04:34:56.456 24686 21631 E baseline.com.newsblur.network.APIResponse: 	at okhttp3.internal.connection.ConnectInterceptor.intercept(ConnectInterceptor.java:43)
08-06 04:34:56.456 24686 21631 E baseline.com.newsblur.network.APIResponse: 	at okhttp3.internal.http.RealInterceptorChain.proceed(RealInterceptorChain.java:142)
08-06 04:34:56.456 24686 21631 E baseline.com.newsblur.network.APIResponse: 	at okhttp3.internal.http.RealInterceptorChain.proceed(RealInterceptorChain.java:117)
08-06 04:34:56.456 24686 21631 E baseline.com.newsblur.network.APIResponse: 	at okhttp3.internal.cache.CacheInterceptor.intercept(CacheInterceptor.java:94)
08-06 04:34:56.456 24686 21631 E baseline.com.newsblur.network.APIResponse: 	at okhttp3.internal.http.RealInterceptorChain.proceed(RealInterceptorChain.java:142)
08-06 04:34:56.456 24686 21631 E baseline.com.newsblur.network.APIResponse: 	at okhttp3.internal.http.RealInterceptorChain.proceed(RealInterceptorChain.java:117)
08-06 04:34:56.456 24686 21631 E baseline.com.newsblur.network.APIResponse: 	at okhttp3.internal.http.BridgeInterceptor.intercept(BridgeInterceptor.java:93)
08-06 04:34:56.456 24686 21631 E baseline.com.newsblur.network.APIResponse: 	at okhttp3.internal.http.RealInterceptorChain.proceed(RealInterceptorChain.java:142)
08-06 04:34:56.456 24686 21631 E baseline.com.newsblur.network.APIResponse: 	at okhttp3.internal.http.RetryAndFollowUpInterceptor.intercept(RetryAndFollowUpInterceptor.java:88)
08-06 04:34:56.456 24686 21631 E baseline.com.newsblur.network.APIResponse: 	at okhttp3.internal.http.RealInterceptorChain.proceed(RealInterceptorChain.java:142)
08-06 04:34:56.456 24686 21631 E baseline.com.newsblur.network.APIResponse: 	at okhttp3.internal.http.RealInterceptorChain.proceed(RealInterceptorChain.java:117)
08-06 04:34:56.456 24686 21631 E baseline.com.newsblur.network.APIResponse: 	at okhttp3.RealCall.getResponseWithInterceptorChain(RealCall.java:229)
08-06 04:34:56.456 24686 21631 E baseline.com.newsblur.network.APIResponse: 	at okhttp3.RealCall.execute(RealCall.java:81)
08-06 04:34:56.456 24686 21631 E baseline.com.newsblur.network.APIResponse: 	at baseline.com.newsblur.network.APIResponse.<init>(APIResponse.java:57)
08-06 04:34:56.456 24686 21631 E baseline.com.newsblur.network.APIResponse: 	at baseline.com.newsblur.network.APIManager.get_single(APIManager.java:639)
08-06 04:34:56.456 24686 21631 E baseline.com.newsblur.network.APIResponse: 	at baseline.com.newsblur.network.APIManager.get(APIManager.java:625)
08-06 04:34:56.456 24686 21631 E baseline.com.newsblur.network.APIResponse: 	at baseline.com.newsblur.network.APIManager.get(APIManager.java:667)
08-06 04:34:56.456 24686 21631 E baseline.com.newsblur.network.APIResponse: 	at baseline.com.newsblur.network.APIManager.getFeedUnreadCounts(APIManager.java:274)
08-06 04:34:56.456 24686 21631 E baseline.com.newsblur.network.APIResponse: 	at baseline.com.newsblur.service.NBSyncService.checkRecounts(NBSyncService.java:660)
08-06 04:34:56.456 24686 21631 E baseline.com.newsblur.network.APIResponse: 	at baseline.com.newsblur.service.NBSyncService.doSync(NBSyncService.java:310)
08-06 04:34:56.456 24686 21631 E baseline.com.newsblur.network.APIResponse: 	at baseline.com.newsblur.service.NBSyncService.access$100(NBSyncService.java:67)
08-06 04:34:56.456 24686 21631 E baseline.com.newsblur.network.APIResponse: 	at baseline.com.newsblur.service.NBSyncService$1.run(NBSyncService.java:188)
08-06 04:34:56.456 24686 21631 E baseline.com.newsblur.network.APIResponse: 	at java.util.concurrent.ThreadPoolExecutor.runWorker(ThreadPoolExecutor.java:1113)
08-06 04:34:56.456 24686 21631 E baseline.com.newsblur.network.APIResponse: 	at java.util.concurrent.ThreadPoolExecutor$Worker.run(ThreadPoolExecutor.java:588)
08-06 04:34:56.456 24686 21631 E baseline.com.newsblur.network.APIResponse: 	at java.lang.Thread.run(Thread.java:818)
08-06 04:34:56.456 24686 21631 E baseline.com.newsblur.network.APIResponse: Caused by: java.io.EOFException: \n not found: limit=0 content=
08-06 04:34:56.456 24686 21631 E baseline.com.newsblur.network.APIResponse: 	at okio.RealBufferedSource.readUtf8LineStrict(RealBufferedSource.java:240)
08-06 04:34:56.456 24686 21631 E baseline.com.newsblur.network.APIResponse: 	at okhttp3.internal.http1.Http1ExchangeCodec.readHeaderLine(Http1ExchangeCodec.java:242)
08-06 04:34:56.456 24686 21631 E baseline.com.newsblur.network.APIResponse: 	at okhttp3.internal.http1.Http1ExchangeCodec.readResponseHeaders(Http1ExchangeCodec.java:213)
08-06 04:34:56.456 24686 21631 E baseline.com.newsblur.network.APIResponse: 	... 28 more
08-06 04:34:56.458 24686 21631 W baseline.com.newsblur.service.NBSyncService: Bad response to feed_unread_count
08-06 04:34:56.468 24686 20764 I art     : Starting a blocking GC Explicit
08-06 04:34:56.506 23123 23123 D AndroidRuntime: Shutting down VM
08-06 04:34:56.508   918  3961 W AppOps  : Finishing op nesting under-run: uid 10078 pkg com.quicinc.trepn code 24 time=0 duration=0 nesting=0
08-06 04:34:56.529 24686 20764 I art     : Explicit concurrent mark sweep GC freed 10287(766KB) AllocSpace objects, 9(180KB) LOS objects, 27% free, 42MB/58MB, paused 1.561ms total 60.473ms
08-06 04:34:56.542 24686 20764 I art     : Starting a blocking GC Explicit
08-06 04:34:56.602 24686 20764 I art     : Explicit concurrent mark sweep GC freed 442(18KB) AllocSpace objects, 0(0B) LOS objects, 27% free, 42MB/58MB, paused 1.783ms total 59.375ms
08-06 04:34:56.617 24686 20764 I art     : Starting a blocking GC Explicit
08-06 04:34:56.688 24686 20764 I art     : Explicit concurrent mark sweep GC freed 3(96B) AllocSpace objects, 0(0B) LOS objects, 27% free, 42MB/58MB, paused 1.894ms total 70.696ms
08-06 04:34:56.705 24686 20764 I art     : Starting a blocking GC Explicit
08-06 04:34:56.771 24686 20764 I art     : Explicit concurrent mark sweep GC freed 3(96B) AllocSpace objects, 0(0B) LOS objects, 27% free, 42MB/58MB, paused 1.693ms total 64.911ms
08-06 04:34:56.855 24686 21631 E baseline.com.newsblur.network.APIResponse: Error (unexpected end of stream on https://www.newsblur.com/...) calling https://www.newsblur.com/reader/mark_story_hashes_as_read/
08-06 04:34:56.855 24686 21631 E baseline.com.newsblur.network.APIResponse: java.io.IOException: unexpected end of stream on https://www.newsblur.com/...
08-06 04:34:56.855 24686 21631 E baseline.com.newsblur.network.APIResponse: 	at okhttp3.internal.http1.Http1ExchangeCodec.readResponseHeaders(Http1ExchangeCodec.java:236)
08-06 04:34:56.855 24686 21631 E baseline.com.newsblur.network.APIResponse: 	at okhttp3.internal.connection.Exchange.readResponseHeaders(Exchange.java:115)
08-06 04:34:56.855 24686 21631 E baseline.com.newsblur.network.APIResponse: 	at okhttp3.internal.http.CallServerInterceptor.intercept(CallServerInterceptor.java:94)
08-06 04:34:56.855 24686 21631 E baseline.com.newsblur.network.APIResponse: 	at okhttp3.internal.http.RealInterceptorChain.proceed(RealInterceptorChain.java:142)
08-06 04:34:56.855 24686 21631 E baseline.com.newsblur.network.APIResponse: 	at okhttp3.internal.connection.ConnectInterceptor.intercept(ConnectInterceptor.java:43)
08-06 04:34:56.855 24686 21631 E baseline.com.newsblur.network.APIResponse: 	at okhttp3.internal.http.RealInterceptorChain.proceed(RealInterceptorChain.java:142)
08-06 04:34:56.855 24686 21631 E baseline.com.newsblur.network.APIResponse: 	at okhttp3.internal.http.RealInterceptorChain.proceed(RealInterceptorChain.java:117)
08-06 04:34:56.855 24686 21631 E baseline.com.newsblur.network.APIResponse: 	at okhttp3.internal.cache.CacheInterceptor.intercept(CacheInterceptor.java:94)
08-06 04:34:56.855 24686 21631 E baseline.com.newsblur.network.APIResponse: 	at okhttp3.internal.http.RealInterceptorChain.proceed(RealInterceptorChain.java:142)
08-06 04:34:56.855 24686 21631 E baseline.com.newsblur.network.APIResponse: 	at okhttp3.internal.http.RealInterceptorChain.proceed(RealInterceptorChain.java:117)
08-06 04:34:56.855 24686 21631 E baseline.com.newsblur.network.APIResponse: 	at okhttp3.internal.http.BridgeInterceptor.intercept(BridgeInterceptor.java:93)
08-06 04:34:56.855 24686 21631 E baseline.com.newsblur.network.APIResponse: 	at okhttp3.internal.http.RealInterceptorChain.proceed(RealInterceptorChain.java:142)
08-06 04:34:56.855 24686 21631 E baseline.com.newsblur.network.APIResponse: 	at okhttp3.internal.http.RetryAndFollowUpInterceptor.intercept(RetryAndFollowUpInterceptor.java:88)
08-06 04:34:56.855 24686 21631 E baseline.com.newsblur.network.APIResponse: 	at okhttp3.internal.http.RealInterceptorChain.proceed(RealInterceptorChain.java:142)
08-06 04:34:56.855 24686 21631 E baseline.com.newsblur.network.APIResponse: 	at okhttp3.internal.http.RealInterceptorChain.proceed(RealInterceptorChain.java:117)
08-06 04:34:56.855 24686 21631 E baseline.com.newsblur.network.APIResponse: 	at okhttp3.RealCall.getResponseWithInterceptorChain(RealCall.java:229)
08-06 04:34:56.855 24686 21631 E baseline.com.newsblur.network.APIResponse: 	at okhttp3.RealCall.execute(RealCall.java:81)
08-06 04:34:56.855 24686 21631 E baseline.com.newsblur.network.APIResponse: 	at baseline.com.newsblur.network.APIResponse.<init>(APIResponse.java:57)
08-06 04:34:56.855 24686 21631 E baseline.com.newsblur.network.APIResponse: 	at baseline.com.newsblur.network.APIResponse.<init>(APIResponse.java:43)
08-06 04:34:56.855 24686 21631 E baseline.com.newsblur.network.APIResponse: 	at baseline.com.newsblur.network.APIManager.post_single(APIManager.java:702)
08-06 04:34:56.855 24686 21631 E baseline.com.newsblur.network.APIResponse: 	at baseline.com.newsblur.network.APIManager.post(APIManager.java:675)
08-06 04:34:56.855 24686 21631 E baseline.com.newsblur.network.APIResponse: 	at baseline.com.newsblur.network.APIManager.post(APIManager.java:714)
08-06 04:34:56.855 24686 21631 E baseline.com.newsblur.network.APIResponse: 	at baseline.com.newsblur.network.APIManager.markStoryAsRead(APIManager.java:205)
08-06 04:34:56.855 24686 21631 E baseline.com.newsblur.network.APIResponse: 	at baseline.com.newsblur.util.ReadingAction.doRemote(ReadingAction.java:281)
08-06 04:34:56.855 24686 21631 E baseline.com.newsblur.network.APIResponse: 	at baseline.com.newsblur.service.NBSyncService.syncActions(NBSyncService.java:400)
08-06 04:34:56.855 24686 21631 E baseline.com.newsblur.network.APIResponse: 	at baseline.com.newsblur.service.NBSyncService.doSync(NBSyncService.java:298)
08-06 04:34:56.855 24686 21631 E baseline.com.newsblur.network.APIResponse: 	at baseline.com.newsblur.service.NBSyncService.access$100(NBSyncService.java:67)
08-06 04:34:56.855 24686 21631 E baseline.com.newsblur.network.APIResponse: 	at baseline.com.newsblur.service.NBSyncService$2.run(NBSyncService.java:221)
08-06 04:34:56.855 24686 21631 E baseline.com.newsblur.network.APIResponse: 	at java.util.concurrent.ThreadPoolExecutor.runWorker(ThreadPoolExecutor.java:1113)
08-06 04:34:56.855 24686 21631 E baseline.com.newsblur.network.APIResponse: 	at java.util.concurrent.ThreadPoolExecutor$Worker.run(ThreadPoolExecutor.java:588)
08-06 04:34:56.855 24686 21631 E baseline.com.newsblur.network.APIResponse: 	at java.lang.Thread.run(Thread.java:818)
08-06 04:34:56.855 24686 21631 E baseline.com.newsblur.network.APIResponse: Caused by: java.io.EOFException: \n not found: limit=0 content=
08-06 04:34:56.855 24686 21631 E baseline.com.newsblur.network.APIResponse: 	at okio.RealBufferedSource.readUtf8LineStrict(RealBufferedSource.java:240)
08-06 04:34:56.855 24686 21631 E baseline.com.newsblur.network.APIResponse: 	at okhttp3.internal.http1.Http1ExchangeCodec.readHeaderLine(Http1ExchangeCodec.java:242)
08-06 04:34:56.855 24686 21631 E baseline.com.newsblur.network.APIResponse: 	at okhttp3.internal.http1.Http1ExchangeCodec.readResponseHeaders(Http1ExchangeCodec.java:213)
08-06 04:34:56.855 24686 21631 E baseline.com.newsblur.network.APIResponse: 	... 30 more
08-06 04:34:56.858 24686 21631 I baseline.com.newsblur.network.APIManager: API call failed, pausing before retry number 1
08-06 04:34:57.126 24686 20967 I art     : Starting a blocking GC Explicit
08-06 04:34:57.189 24686 20967 I art     : Explicit concurrent mark sweep GC freed 4927(397KB) AllocSpace objects, 3(60KB) LOS objects, 27% free, 41MB/57MB, paused 1.604ms total 63.349ms
08-06 04:34:57.205 24686 20967 I art     : Starting a blocking GC Explicit
08-06 04:34:57.264 24686 20967 I art     : Explicit concurrent mark sweep GC freed 120(4KB) AllocSpace objects, 0(0B) LOS objects, 27% free, 41MB/57MB, paused 1.705ms total 58.768ms
08-06 04:34:57.279 24686 20967 I art     : Starting a blocking GC Explicit
08-06 04:34:57.339 24686 20967 I art     : Explicit concurrent mark sweep GC freed 3(96B) AllocSpace objects, 0(0B) LOS objects, 27% free, 41MB/57MB, paused 1.665ms total 60.450ms
08-06 04:34:57.354 24686 20967 I art     : Starting a blocking GC Explicit
08-06 04:34:57.414 24686 20967 I art     : Explicit concurrent mark sweep GC freed 3(96B) AllocSpace objects, 0(0B) LOS objects, 27% free, 41MB/57MB, paused 1.458ms total 59.640ms
08-06 04:34:57.429 24686 20967 I art     : Starting a blocking GC Explicit
08-06 04:34:57.489 24686 20967 I art     : Explicit concurrent mark sweep GC freed 3(96B) AllocSpace objects, 0(0B) LOS objects, 27% free, 41MB/57MB, paused 1.621ms total 59.728ms
08-06 04:34:57.611 22366 22366 I ServiceManager: Waiting for service AtCmdFwd...
08-06 04:34:58.611 22366 22366 I ServiceManager: Waiting for service AtCmdFwd...
08-06 04:34:58.902 24686 21631 E baseline.com.newsblur.network.APIResponse: Error (unexpected end of stream on https://www.newsblur.com/...) calling https://www.newsblur.com/reader/mark_story_hashes_as_read/
08-06 04:34:58.902 24686 21631 E baseline.com.newsblur.network.APIResponse: java.io.IOException: unexpected end of stream on https://www.newsblur.com/...
08-06 04:34:58.902 24686 21631 E baseline.com.newsblur.network.APIResponse: 	at okhttp3.internal.http1.Http1ExchangeCodec.readResponseHeaders(Http1ExchangeCodec.java:236)
08-06 04:34:58.902 24686 21631 E baseline.com.newsblur.network.APIResponse: 	at okhttp3.internal.connection.Exchange.readResponseHeaders(Exchange.java:115)
08-06 04:34:58.902 24686 21631 E baseline.com.newsblur.network.APIResponse: 	at okhttp3.internal.http.CallServerInterceptor.intercept(CallServerInterceptor.java:94)
08-06 04:34:58.902 24686 21631 E baseline.com.newsblur.network.APIResponse: 	at okhttp3.internal.http.RealInterceptorChain.proceed(RealInterceptorChain.java:142)
08-06 04:34:58.902 24686 21631 E baseline.com.newsblur.network.APIResponse: 	at okhttp3.internal.connection.ConnectInterceptor.intercept(ConnectInterceptor.java:43)
08-06 04:34:58.902 24686 21631 E baseline.com.newsblur.network.APIResponse: 	at okhttp3.internal.http.RealInterceptorChain.proceed(RealInterceptorChain.java:142)
08-06 04:34:58.902 24686 21631 E baseline.com.newsblur.network.APIResponse: 	at okhttp3.internal.http.RealInterceptorChain.proceed(RealInterceptorChain.java:117)
08-06 04:34:58.902 24686 21631 E baseline.com.newsblur.network.APIResponse: 	at okhttp3.internal.cache.CacheInterceptor.intercept(CacheInterceptor.java:94)
08-06 04:34:58.902 24686 21631 E baseline.com.newsblur.network.APIResponse: 	at okhttp3.internal.http.RealInterceptorChain.proceed(RealInterceptorChain.java:142)
08-06 04:34:58.902 24686 21631 E baseline.com.newsblur.network.APIResponse: 	at okhttp3.internal.http.RealInterceptorChain.proceed(RealInterceptorChain.java:117)
08-06 04:34:58.902 24686 21631 E baseline.com.newsblur.network.APIResponse: 	at okhttp3.internal.http.BridgeInterceptor.intercept(BridgeInterceptor.java:93)
08-06 04:34:58.902 24686 21631 E baseline.com.newsblur.network.APIResponse: 	at okhttp3.internal.http.RealInterceptorChain.proceed(RealInterceptorChain.java:142)
08-06 04:34:58.902 24686 21631 E baseline.com.newsblur.network.APIResponse: 	at okhttp3.internal.http.RetryAndFollowUpInterceptor.intercept(RetryAndFollowUpInterceptor.java:88)
08-06 04:34:58.902 24686 21631 E baseline.com.newsblur.network.APIResponse: 	at okhttp3.internal.http.RealInterceptorChain.proceed(RealInterceptorChain.java:142)
08-06 04:34:58.902 24686 21631 E baseline.com.newsblur.network.APIResponse: 	at okhttp3.internal.http.RealInterceptorChain.proceed(RealInterceptorChain.java:117)
08-06 04:34:58.902 24686 21631 E baseline.com.newsblur.network.APIResponse: 	at okhttp3.RealCall.getResponseWithInterceptorChain(RealCall.java:229)
08-06 04:34:58.902 24686 21631 E baseline.com.newsblur.network.APIResponse: 	at okhttp3.RealCall.execute(RealCall.java:81)
08-06 04:34:58.902 24686 21631 E baseline.com.newsblur.network.APIResponse: 	at baseline.com.newsblur.network.APIResponse.<init>(APIResponse.java:57)
08-06 04:34:58.902 24686 21631 E baseline.com.newsblur.network.APIResponse: 	at baseline.com.newsblur.network.APIResponse.<init>(APIResponse.java:43)
08-06 04:34:58.902 24686 21631 E baseline.com.newsblur.network.APIResponse: 	at baseline.com.newsblur.network.APIManager.post_single(APIManager.java:702)
08-06 04:34:58.902 24686 21631 E baseline.com.newsblur.network.APIResponse: 	at baseline.com.newsblur.network.APIManager.post(APIManager.java:675)
08-06 04:34:58.902 24686 21631 E baseline.com.newsblur.network.APIResponse: 	at baseline.com.newsblur.network.APIManager.post(APIManager.java:714)
08-06 04:34:58.902 24686 21631 E baseline.com.newsblur.network.APIResponse: 	at baseline.com.newsblur.network.APIManager.markStoryAsRead(APIManager.java:205)
08-06 04:34:58.902 24686 21631 E baseline.com.newsblur.network.APIResponse: 	at baseline.com.newsblur.util.ReadingAction.doRemote(ReadingAction.java:281)
08-06 04:34:58.902 24686 21631 E baseline.com.newsblur.network.APIResponse: 	at baseline.com.newsblur.service.NBSyncService.syncActions(NBSyncService.java:400)
08-06 04:34:58.902 24686 21631 E baseline.com.newsblur.network.APIResponse: 	at baseline.com.newsblur.service.NBSyncService.doSync(NBSyncService.java:298)
08-06 04:34:58.902 24686 21631 E baseline.com.newsblur.network.APIResponse: 	at baseline.com.newsblur.service.NBSyncService.access$100(NBSyncService.java:67)
08-06 04:34:58.902 24686 21631 E baseline.com.newsblur.network.APIResponse: 	at baseline.com.newsblur.service.NBSyncService$2.run(NBSyncService.java:221)
08-06 04:34:58.902 24686 21631 E baseline.com.newsblur.network.APIResponse: 	at java.util.concurrent.ThreadPoolExecutor.runWorker(ThreadPoolExecutor.java:1113)
08-06 04:34:58.902 24686 21631 E baseline.com.newsblur.network.APIResponse: 	at java.util.concurrent.ThreadPoolExecutor$Worker.run(ThreadPoolExecutor.java:588)
08-06 04:34:58.902 24686 21631 E baseline.com.newsblur.network.APIResponse: 	at java.lang.Thread.run(Thread.java:818)
08-06 04:34:58.902 24686 21631 E baseline.com.newsblur.network.APIResponse: Caused by: java.io.EOFException: \n not found: limit=0 content=
08-06 04:34:58.902 24686 21631 E baseline.com.newsblur.network.APIResponse: 	at okio.RealBufferedSource.readUtf8LineStrict(RealBufferedSource.java:240)
08-06 04:34:58.902 24686 21631 E baseline.com.newsblur.network.APIResponse: 	at okhttp3.internal.http1.Http1ExchangeCodec.readHeaderLine(Http1ExchangeCodec.java:242)
08-06 04:34:58.902 24686 21631 E baseline.com.newsblur.network.APIResponse: 	at okhttp3.internal.http1.Http1ExchangeCodec.readResponseHeaders(Http1ExchangeCodec.java:213)
08-06 04:34:58.902 24686 21631 E baseline.com.newsblur.network.APIResponse: 	... 30 more
08-06 04:34:58.903 24686 21631 I baseline.com.newsblur.network.APIManager: API call failed, pausing before retry number 2
