08-05 01:16:27.887  1748  1748 D ActivityNode: Observer - successor visit time - PostListingActivity - Updating the visit time from the successors list:
08-05 01:16:27.887  1748  1748 D ActivityNode: [AggregateVisitTimeByActivity{nappatfpr.org.quantumbadger.redreader.activities.CommentListingActivity : 95202 ms}, AggregateVisitTimeByActivity{nappatfpr.org.quantumbadger.redreader.activities.WebViewActivity : 35773 ms}, AggregateVisitTimeByActivity{nappatfpr.org.quantumbadger.redreader.activities.ImageViewActivity : 2295 ms}]
08-05 01:16:27.887  1748  1748 D ActivityNode: Observer - successor visit time - ImageViewActivity - Updating the visit time from the successors list:
08-05 01:16:27.887  1748  1748 D ActivityNode: [AggregateVisitTimeByActivity{nappatfpr.org.quantumbadger.redreader.activities.WebViewActivity : 10572 ms}]
08-05 01:16:27.887  1748  1748 D ActivityNode: Observer - successor visit time - MainActivity - Updating the visit time from the successors list:
08-05 01:16:27.887  1748  1748 D ActivityNode: [AggregateVisitTimeByActivity{nappatfpr.org.quantumbadger.redreader.activities.PostListingActivity : 72691 ms}]
08-05 01:16:27.889 13866 13866 I GoogleInputMethodServic: GoogleInputMethodService.onFinishInput():3138 
08-05 01:16:27.889 13866 13866 I GoogleInputMethodServic: GoogleInputMethodService.onStartInput():1808 
08-05 01:16:27.911  1748  1759 I art     : Explicit concurrent mark sweep GC freed 424(29KB) AllocSpace objects, 0(0B) LOS objects, 34% free, 30MB/46MB, paused 404us total 39.982ms
08-05 01:16:27.925  1748  1759 I art     : Starting a blocking GC Explicit
08-05 01:16:27.965  1748  1759 I art     : Explicit concurrent mark sweep GC freed 276(9KB) AllocSpace objects, 0(0B) LOS objects, 34% free, 30MB/46MB, paused 339us total 39.557ms
08-05 01:16:27.971  1748  2464 I RedditChangeDataIO: Writing tmp data file at '/data/user/0/nappatfpr.org.quantumbadger.redreader/files/rr_change_data_tmp.dat'
08-05 01:16:27.971  1748  2464 I RedditChangeDataManager: Taking snapshot...
08-05 01:16:27.971  1748  2464 I RedditChangeDataManager: Writing to stream...
08-05 01:16:27.972  1748  2464 I RedditChangeDataManager: Wrote 1 entries for user ''
08-05 01:16:27.972  1748  2464 I RedditChangeDataManager: All entries written to stream.
08-05 01:16:27.972  1748  2464 I RedditChangeDataIO: Write successful. Atomically replacing data file...
08-05 01:16:27.972  1748  2464 I RedditChangeDataIO: Write complete.
08-05 01:16:27.972  1748  2464 I RedditChangeDataIO: 38 bytes written in 2 ms
08-05 01:16:27.979  1748  1759 I art     : Starting a blocking GC Explicit
08-05 01:16:28.017  1748  1759 I art     : Explicit concurrent mark sweep GC freed 83(5KB) AllocSpace objects, 1(68KB) LOS objects, 34% free, 30MB/46MB, paused 325us total 37.712ms
08-05 01:16:28.031  1748  1759 I art     : Starting a blocking GC Explicit
08-05 01:16:28.069  1748  1759 I art     : Explicit concurrent mark sweep GC freed 6(192B) AllocSpace objects, 0(0B) LOS objects, 34% free, 30MB/46MB, paused 354us total 37.543ms
08-05 01:16:28.146  1748  1770 D Nappa   : PREFETCH_ON_EXTRA - setCurrentActivity - logs - from extra - made prediction isfalse
08-05 01:16:28.192   380   380 W SurfaceFlinger: couldn't log to binary event log: overflow.
08-05 01:16:28.193  1748  1748 D NappaLifecycleObserver: nappatfpr.org.quantumbadger.redreader.activities.CommentListingActivity - onDestroy
08-05 01:16:28.193  1748  1748 D NappaLifecycleObserver: -------------F1_SCORE #3 -----------
08-05 01:16:28.193  1748  1748 D NappaLifecycleObserver: F1_SCORE - Intercept list (3)= [https://oauth.reddit.com/r/askscience/about.json, https://oauth.reddit.com/r/askscience/hot/.json, https://oauth.reddit.com/comments/gvc7k9/.json?sort=confidence]
08-05 01:16:28.193  1748  1748 D NappaLifecycleObserver: F1_SCORE - Prefetch list (0)= []
08-05 01:16:28.193  1748  1748 D NappaLifecycleObserver: F1_SCORE - TP list (0)= []
08-05 01:16:28.193  1748  1748 D NappaLifecycleObserver: F1_SCORE - FN list (3)= [https://oauth.reddit.com/r/askscience/about.json, https://oauth.reddit.com/r/askscience/hot/.json, https://oauth.reddit.com/comments/gvc7k9/.json?sort=confidence]
08-05 01:16:28.193  1748  1748 I NAPPA_EXPERIMENTATION: MetricPrefetchingAccuracy: LOG_ID='4',F1_SCORE_1='0.0',F1_SCORE_2='0.0',TRUE_POSITIVE='0',FALSE_POSITIVE='0',FALSE_NEGATIVE='3',
08-05 01:16:28.330  1748  2197 I art     : Starting a blocking GC Explicit
08-05 01:16:28.357  1652  1652 I ServiceManager: Waiting for service AtCmdFwd...
08-05 01:16:28.370  1748  2197 I art     : Explicit concurrent mark sweep GC freed 1970(145KB) AllocSpace objects, 1(20KB) LOS objects, 34% free, 30MB/46MB, paused 254us total 39.302ms
08-05 01:16:28.382  1748  2197 I art     : Starting a blocking GC Explicit
08-05 01:16:28.411  1748  2197 I art     : Explicit concurrent mark sweep GC freed 46864(2MB) AllocSpace objects, 5(140KB) LOS objects, 37% free, 27MB/43MB, paused 236us total 28.648ms
08-05 01:16:28.421  1748  2197 I art     : Starting a blocking GC Explicit
08-05 01:16:28.446  1748  2197 I art     : Explicit concurrent mark sweep GC freed 3(96B) AllocSpace objects, 0(0B) LOS objects, 37% free, 27MB/43MB, paused 239us total 25.186ms
08-05 01:16:28.456  1748  2197 I art     : Starting a blocking GC Explicit
08-05 01:16:28.482  1748  2197 I art     : Explicit concurrent mark sweep GC freed 3(96B) AllocSpace objects, 0(0B) LOS objects, 37% free, 27MB/43MB, paused 243us total 26.032ms
08-05 01:16:28.493  1748  2197 I art     : Starting a blocking GC Explicit
08-05 01:16:28.520  1748  2197 I art     : Explicit concurrent mark sweep GC freed 3(96B) AllocSpace objects, 0(0B) LOS objects, 37% free, 27MB/43MB, paused 239us total 26.588ms
08-05 01:16:28.803  1748  1760 I art     : Starting a blocking GC Explicit
08-05 01:16:28.833  1748  1760 I art     : Explicit concurrent mark sweep GC freed 1548(90KB) AllocSpace objects, 1(20KB) LOS objects, 37% free, 27MB/43MB, paused 253us total 29.350ms
08-05 01:16:28.844  1748  1760 I art     : Starting a blocking GC Explicit
08-05 01:16:28.871  1748  1760 I art     : Explicit concurrent mark sweep GC freed 28(1024B) AllocSpace objects, 0(0B) LOS objects, 37% free, 27MB/43MB, paused 280us total 27.441ms
08-05 01:16:28.882  1748  1760 I art     : Starting a blocking GC Explicit
08-05 01:16:28.909  1748  1760 I art     : Explicit concurrent mark sweep GC freed 3(96B) AllocSpace objects, 0(0B) LOS objects, 37% free, 27MB/43MB, paused 248us total 26.701ms
08-05 01:16:28.919  1748  1760 I art     : Starting a blocking GC Explicit
08-05 01:16:28.945  1748  1760 I art     : Explicit concurrent mark sweep GC freed 3(96B) AllocSpace objects, 0(0B) LOS objects, 37% free, 27MB/43MB, paused 237us total 25.852ms
08-05 01:16:28.955  1748  1760 I art     : Starting a blocking GC Explicit
08-05 01:16:28.980  1748  1760 I art     : Explicit concurrent mark sweep GC freed 3(96B) AllocSpace objects, 0(0B) LOS objects, 37% free, 27MB/43MB, paused 239us total 24.870ms
08-05 01:16:29.229  1748  1857 I art     : Starting a blocking GC Explicit
08-05 01:16:29.261  1748  1857 I art     : Explicit concurrent mark sweep GC freed 1546(90KB) AllocSpace objects, 1(20KB) LOS objects, 37% free, 27MB/43MB, paused 330us total 31.412ms
08-05 01:16:29.274  1748  1857 I art     : Starting a blocking GC Explicit
08-05 01:16:29.289  2596  2596 D AndroidRuntime: >>>>>> START com.android.internal.os.RuntimeInit uid 2000 <<<<<<
08-05 01:16:29.294  2596  2596 D AndroidRuntime: CheckJNI is OFF
08-05 01:16:29.306  1748  1857 I art     : Explicit concurrent mark sweep GC freed 28(1024B) AllocSpace objects, 0(0B) LOS objects, 37% free, 27MB/43MB, paused 359us total 32.037ms
08-05 01:16:29.320  1748  1857 I art     : Starting a blocking GC Explicit
08-05 01:16:29.331  2596  2596 D ICU     : No timezone override file found: /data/misc/zoneinfo/current/icu/icu_tzdata.dat
08-05 01:16:29.351  1748  1857 I art     : Explicit concurrent mark sweep GC freed 3(96B) AllocSpace objects, 0(0B) LOS objects, 37% free, 27MB/43MB, paused 351us total 30.727ms
08-05 01:16:29.358  1652  1652 I ServiceManager: Waiting for service AtCmdFwd...
08-05 01:16:29.364  1748  1857 I art     : Starting a blocking GC Explicit
08-05 01:16:29.367  2596  2596 I Radio-JNI: register_android_hardware_Radio DONE
08-05 01:16:29.388  2596  2596 D AndroidRuntime: Calling main entry com.android.commands.input.Input
08-05 01:16:29.390  2596  2596 I Input   : injectMotionEvent: MotionEvent { action=ACTION_DOWN, actionButton=0, id[0]=0, x[0]=600.0, y[0]=950.0, toolType[0]=TOOL_TYPE_UNKNOWN, buttonState=0, metaState=0, flags=0x0, edgeFlags=0x0, pointerCount=1, historySize=0, eventTime=753405803, downTime=753405803, deviceId=0, source=0x1002 }
08-05 01:16:29.395  1748  1857 I art     : Explicit concurrent mark sweep GC freed 3(96B) AllocSpace objects, 0(0B) LOS objects, 37% free, 27MB/43MB, paused 305us total 30.129ms
08-05 01:16:29.396  2596  2596 I Input   : injectMotionEvent: MotionEvent { action=ACTION_UP, actionButton=0, id[0]=0, x[0]=600.0, y[0]=950.0, toolType[0]=TOOL_TYPE_UNKNOWN, buttonState=0, metaState=0, flags=0x0, edgeFlags=0x0, pointerCount=1, historySize=0, eventTime=753405803, downTime=753405803, deviceId=0, source=0x1002 }
08-05 01:16:29.398  2596  2596 D AndroidRuntime: Shutting down VM
08-05 01:16:29.408  1748  1857 I art     : Starting a blocking GC Explicit
08-05 01:16:29.417   512  2967 D audio_hw_primary: out_set_parameters: enter: usecase(1: low-latency-playback) kvpairs: routing=2
08-05 01:16:29.417  1748  1748 D NappaIntentExtras: ==================
08-05 01:16:29.418  1748  1748 D NappaIntentExtras: Log #4
08-05 01:16:29.418  1748  1748 D NappaIntentExtras: ------------------
08-05 01:16:29.418  1748  1748 D NappaIntentExtras: activity nappatfpr.org.quantumbadger.redreader.activities.ImageViewActivity
08-05 01:16:29.418  1748  1748 D NappaIntentExtras: 	- No extras registered
08-05 01:16:29.418  1748  1748 D NappaIntentExtras: activity nappatfpr.org.quantumbadger.redreader.activities.CommentListingActivity
08-05 01:16:29.418  1748  1748 D NappaIntentExtras: 	- No extras registered
08-05 01:16:29.418  1748  1748 D NappaIntentExtras: activity nappatfpr.org.quantumbadger.redreader.activities.PostListingActivity
08-05 01:16:29.418  1748  1748 D NappaIntentExtras: 	- No extras registered
08-05 01:16:29.418  1748  1748 D NappaIntentExtras: activity nappatfpr.org.quantumbadger.redreader.activities.MainActivity
08-05 01:16:29.418  1748  1748 D NappaIntentExtras: 	- No extras registered
08-05 01:16:29.418  1748  1748 D NappaIntentExtras: activity nappatfpr.org.quantumbadger.redreader.activities.WebViewActivity
08-05 01:16:29.418  1748  1748 D NappaIntentExtras: 	- No extras registered
08-05 01:16:29.418  1748  1748 D NappaIntentExtras: ==================
08-05 01:16:29.418   918  5132 I ActivityManager: START u0 {dat=https://oauth.reddit.com/... cmp=nappatfpr.org.quantumbadger.redreader/.activities.CommentListingActivity} from uid 10686 on display 0
08-05 01:16:29.426  1748  1748 D NappaLifecycleObserver: nappatfpr.org.quantumbadger.redreader.activities.PostListingActivity - onPause
08-05 01:16:29.426  1748  1748 D Nappa   : Stayed on nappatfpr.org.quantumbadger.redreader.activities.PostListingActivity for 1578 ms
08-05 01:16:29.430   512  2967 D audio_hw_primary: select_devices: out_snd_device(2: speaker) in_snd_device(0: none)
08-05 01:16:29.430   512  2967 D msm8974_platform: platform_send_audio_calibration: sending audio calibration for snd_device(2) acdb_id(15)
08-05 01:16:29.430   512  2967 I soundtrigger: audio_extn_sound_trigger_update_device_status: device 0x2 of type 0 for Event 1
08-05 01:16:29.438  1748  1857 I art     : Explicit concurrent mark sweep GC freed 864(34KB) AllocSpace objects, 0(0B) LOS objects, 37% free, 27MB/43MB, paused 721us total 30.230ms
08-05 01:16:29.441   512  2967 D audio_hw_primary: enable_snd_device: snd_device(2: speaker)
08-05 01:16:29.444   512  2967 D audio_hw_primary: enable_audio_route: apply and update mixer path: low-latency-playback speaker
08-05 01:16:29.447  1748  1748 I AppCompatViewInflater: app:theme is now deprecated. Please move to using android:theme instead.
08-05 01:16:29.462  1748  1748 D NappaLifecycleObserver: nappatfpr.org.quantumbadger.redreader.activities.CommentListingActivity - onResume
08-05 01:16:29.462  1748  1748 D Nappa   : setCurrentActivity - MetricStrategyAccuracy - 
08-05 01:16:29.462  1748  1748 D Nappa   : madePredictionFromActivity = false, 
08-05 01:16:29.462  1748  1748 D Nappa   : fromActivity = nappatfpr.org.quantumbadger.redreader.activities.PostListingActivity, 
08-05 01:16:29.462  1748  1748 D Nappa   : predictedNextActivityFromActivity = [], 
08-05 01:16:29.462  1748  1748 D Nappa   : activity.getClass().getCanonicalName() = nappatfpr.org.quantumbadger.redreader.activities.CommentListingActivity, 
08-05 01:16:29.462  1748  1748 D Nappa   : setCurrentActivity - MetricStrategyAccuracy - 
08-05 01:16:29.462  1748  1748 D Nappa   : madePredictionFromExtra = false, 
08-05 01:16:29.462  1748  1748 D Nappa   : fromActivity = nappatfpr.org.quantumbadger.redreader.activities.PostListingActivity, 
08-05 01:16:29.462  1748  1748 D Nappa   : predictedNextActivityFromExtra = [], 
08-05 01:16:29.462  1748  1748 D Nappa   : activity.getClass().getCanonicalName() = nappatfpr.org.quantumbadger.redreader.activities.CommentListingActivity, 
08-05 01:16:29.462  1748  1748 D Nappa   : PREFETCH_ON_EXTRA - setCurrentActivity - logs - from activity - made prediction isfalse
08-05 01:16:29.465  1748  2621 D OK      : calling: https://oauth.reddit.com/comments/hwnhe2/.json?sort=confidence
08-05 01:16:29.465  1748  2621 D CustomInterceptor: NETWORK-PROVIDER https://oauth.reddit.com/comments/hwnhe2/.json?sort=confidence
08-05 01:16:29.465  1748  2621 D Nappa   : F1_SCORE add_intercept_url - (new) - https://oauth.reddit.com/comments/hwnhe2/.json?sort=confidence
08-05 01:16:29.465  1748  2621 D Nappa   : F1_SCORE add_fn_url - (new) - https://oauth.reddit.com/comments/hwnhe2/.json?sort=confidence
08-05 01:16:29.465  1748  2621 D Nappa   : -------------F1_SCORE #4 -----------
08-05 01:16:29.465  1748  2621 D Nappa   : F1_SCORE - Intercept list (4)= [https://oauth.reddit.com/r/askscience/about.json, https://oauth.reddit.com/r/askscience/hot/.json, https://oauth.reddit.com/comments/gvc7k9/.json?sort=confidence, https://oauth.reddit.com/comments/hwnhe2/.json?sort=confidence]
08-05 01:16:29.465  1748  2621 D Nappa   : F1_SCORE - Prefetch list (0)= []
08-05 01:16:29.465  1748  2621 D Nappa   : F1_SCORE - TP list (0)= []
08-05 01:16:29.465  1748  2621 D Nappa   : F1_SCORE - FN list (4)= [https://oauth.reddit.com/r/askscience/about.json, https://oauth.reddit.com/r/askscience/hot/.json, https://oauth.reddit.com/comments/gvc7k9/.json?sort=confidence, https://oauth.reddit.com/comments/hwnhe2/.json?sort=confidence]
08-05 01:16:29.465  1748  2621 I NAPPA_EXPERIMENTATION: MetricPrefetchingAccuracy: LOG_ID='5',F1_SCORE_1='0.0',F1_SCORE_2='0.0',TRUE_POSITIVE='0',FALSE_POSITIVE='0',FALSE_NEGATIVE='4',
08-05 01:16:29.466  1748  2621 D CustomInterceptor: HEADER REQUEST
08-05 01:16:29.466  1748  2621 D CustomInterceptor: Authorization bearer -vv7wE75CCVZuUmgJJFxR34x-bqc
08-05 01:16:29.466  1748  2621 D CustomInterceptor: Cache-Control max-age=300, max-stale=300
08-05 01:16:29.466  1748  2621 D CustomInterceptor: User-Agent nappatfpr.org.quantumbadger.redreader/1.9.10
08-05 01:16:29.466  1748  2621 D CustomInterceptor: CACHED STATS: size = '3', maxSize = '100', hitCount = '3', createCount = '0', putCount = '3', evictionCount = '0', missCount = '4', toString = 'LruCache[maxSize=100,hits=3,misses=4,hitRate=42%]', 
08-05 01:16:29.466  1748  2621 D CustomInterceptor: PREFLIB NOT A GET REQUEST OR NOT IN CACHEGET
08-05 01:16:29.563  1748  1748 D Nappa   : registerActivity: (already in) nappatfpr.org.quantumbadger.redreader.activities.CommentListingActivity
08-05 01:16:29.563  1748  1748 D ActivityNode: ACTNODE UPDATING AFTER LOADING FROM DB
08-05 01:16:29.563  1748  1748 D ActivityGraph: LARDataCalculatedUpdate nappatfpr.org.quantumbadger.redreader.activities.CommentListingActivity Pagerank: 0.25 HITS-Authority: 1.0 HITS-Hub: 1.0 SALSA-Authority: 1.0 SALSA-Hub: 1.0
08-05 01:16:29.563  1748  1748 D Nappa   : SHOULD_PREFETCH true
08-05 01:16:29.565  1748  1770 D Nappa   : registerActivity: (already in) nappatfpr.org.quantumbadger.redreader.activities.CommentListingActivity
08-05 01:16:29.565  1748  1770 D Nappa   : PARENTS 
08-05 01:16:29.565  1748  1770 D Nappa   : Of: nappatfpr.org.quantumbadger.redreader.activities.CommentListingActivity -> 
08-05 01:16:29.565  1748  1770 D Nappa   : PARENTS nappatfpr.org.quantumbadger.redreader.activities.PostListingActivity
08-05 01:16:29.565  1748  1770 D Nappa   : PARENTS nappatfpr.org.quantumbadger.redreader.activities.MainActivity
08-05 01:16:29.663  1748  1748 D Nappa   : registerActivity: (already in) nappatfpr.org.quantumbadger.redreader.activities.CommentListingActivity
08-05 01:16:29.664  1748  1748 D Nappa   : STATS Number of requests not prefetched: 4
08-05 01:16:29.664  1748  1748 D Nappa   : STATS Number of requests prefetched: 0
08-05 01:16:29.664  1748  1748 D Nappa   : STATS Time saved until now: 0.0
08-05 01:16:29.671  1748  1748 D ActivityNode: Observer - visit time - PostListingActivity - New aggregate visit time found is 121840 ms
08-05 01:16:29.672  1748  1748 D ActivityNode: Observer - successor visit time - MainActivity - Updating the visit time from the successors list:
08-05 01:16:29.672  1748  1748 D ActivityNode: [AggregateVisitTimeByActivity{nappatfpr.org.quantumbadger.redreader.activities.PostListingActivity : 72691 ms}]
08-05 01:16:29.672  1748  1748 D ActivityNode: Observer - successor visit time - PostListingActivity - Updating the visit time from the successors list:
08-05 01:16:29.672  1748  1748 D ActivityNode: [AggregateVisitTimeByActivity{nappatfpr.org.quantumbadger.redreader.activities.CommentListingActivity : 95202 ms}, AggregateVisitTimeByActivity{nappatfpr.org.quantumbadger.redreader.activities.WebViewActivity : 35773 ms}, AggregateVisitTimeByActivity{nappatfpr.org.quantumbadger.redreader.activities.ImageViewActivity : 2295 ms}]
08-05 01:16:29.676  1748  1748 D ActivityNode: Observer - successor visit time - ImageViewActivity - Updating the visit time from the successors list:
08-05 01:16:29.676  1748  1748 D ActivityNode: [AggregateVisitTimeByActivity{nappatfpr.org.quantumbadger.redreader.activities.WebViewActivity : 10572 ms}]
08-05 01:16:29.676  1748  1748 D ActivityNode: Observer - session data - sourceMainActivity
08-05 01:16:29.676  1748  1748 D ActivityNode: destinations:
08-05 01:16:29.676  1748  1748 D ActivityNode: 	nappatfpr.org.quantumbadger.redreader.activities.PostListingActivity( count 13)
08-05 01:16:29.676  1748  1748 D ActivityNode: Observer - session data - sourcePostListingActivity
08-05 01:16:29.676  1748  1748 D ActivityNode: destinations:
08-05 01:16:29.676  1748  1748 D ActivityNode: 	nappatfpr.org.quantumbadger.redreader.activities.CommentListingActivity( count 22)
08-05 01:16:29.676  1748  1748 D ActivityNode: 	nappatfpr.org.quantumbadger.redreader.activities.WebViewActivity( count 6)
08-05 01:16:29.676  1748  1748 D ActivityNode: 	nappatfpr.org.quantumbadger.redreader.activities.ImageViewActivity( count 2)
08-05 01:16:29.677  1748  1748 D ActivityNode: Observer - session data - sourceWebViewActivity
08-05 01:16:29.677  1748  1748 D ActivityNode: destinations:
08-05 01:16:29.677  1748  1748 D ActivityNode: Observer - session data - sourceCommentListingActivity
08-05 01:16:29.677  1748  1748 D ActivityNode: destinations:
08-05 01:16:29.677  1748  1748 D ActivityNode: Observer - session data - sourceImageViewActivity
08-05 01:16:29.677  1748  1748 D ActivityNode: destinations:
08-05 01:16:29.677  1748  1748 D ActivityNode: 	nappatfpr.org.quantumbadger.redreader.activities.WebViewActivity( count 2)
08-05 01:16:29.686  1748  1760 I art     : Starting a blocking GC Explicit
08-05 01:16:29.720  1748  1760 I art     : Explicit concurrent mark sweep GC freed 5778(343KB) AllocSpace objects, 1(20KB) LOS objects, 37% free, 27MB/43MB, paused 410us total 33.151ms
08-05 01:16:29.733  1748  1760 I art     : Starting a blocking GC Explicit
08-05 01:16:29.753 13866 13866 I GoogleInputMethodServic: GoogleInputMethodService.onFinishInput():3138 
08-05 01:16:29.753   918   936 I ActivityManager: Displayed nappatfpr.org.quantumbadger.redreader/.activities.CommentListingActivity: +325ms
08-05 01:16:29.753 13866 13866 I GoogleInputMethodServic: GoogleInputMethodService.onStartInput():1808 
08-05 01:16:29.757  1748  2621 D CustomInterceptor: CACHE_CONTROL SETTING NEW MAX-AGE
08-05 01:16:29.758  1748  2621 D CustomInterceptor: HEADER RESPONSE
08-05 01:16:29.759  1748  2621 D CustomInterceptor: accept-ranges bytes
08-05 01:16:29.759  1748  2621 D CustomInterceptor: access-control-allow-origin *
08-05 01:16:29.759  1748  2621 D CustomInterceptor: access-control-expose-headers X-Moose
08-05 01:16:29.759  1748  2621 D CustomInterceptor: Cache-Control public, immutable, max-age=300, only-if-cached, max-stale=300
08-05 01:16:29.759  1748  2621 D CustomInterceptor: content-type application/json; charset=UTF-8
08-05 01:16:29.759  1748  2621 D CustomInterceptor: date Tue, 04 Aug 2020 23:16:25 GMT
08-05 01:16:29.759  1748  2621 D CustomInterceptor: Expires Tue, 04 Aug 2020 23:21:29 GMT+00:00
08-05 01:16:29.759  1748  2621 D CustomInterceptor: server snooserv
08-05 01:16:29.759  1748  2621 D CustomInterceptor: set-cookie edgebucket=KSHx6N2ZP8v87Ithit; Domain=reddit.com; Max-Age=63071999; Path=/; secure=
08-05 01:16:29.759  1748  2621 D CustomInterceptor: strict-transport-security max-age=15552000; includeSubDomains; preload
08-05 01:16:29.759  1748  2621 D CustomInterceptor: vary accept-encoding
08-05 01:16:29.759  1748  2621 D CustomInterceptor: via 1.1 varnish
08-05 01:16:29.759  1748  2621 D CustomInterceptor: x-content-type-options nosniff
08-05 01:16:29.759  1748  2621 D CustomInterceptor: x-frame-options SAMEORIGIN
08-05 01:16:29.759  1748  2621 D CustomInterceptor: x-moose majestic
08-05 01:16:29.759  1748  2621 D CustomInterceptor: x-ua-compatible IE=edge
08-05 01:16:29.760  1748  2621 D CustomInterceptor: x-xss-protection 1; mode=block
08-05 01:16:29.760  1748  2621 D CustomInterceptor: CACHEABLE true
08-05 01:16:29.760  1748  2621 D CustomInterceptor: REQ https://oauth.reddit.com/comments/hwnhe2/.json?sort=confidence
08-05 01:16:29.760  1748  2621 D CustomInterceptor: REQ_SERV_BY net
08-05 01:16:29.760  1748  2621 D CustomInterceptor: PREFLIB Adding response to lrucache - https://oauth.reddit.com/comments/hwnhe2/.json?sort=confidence
08-05 01:16:29.766  1748  2621 D CustomInterceptor: interceptor_finished : return_type #3 : request served from remote and added to cache
08-05 01:16:29.766  1748  1760 I art     : Explicit concurrent mark sweep GC freed 2033(118KB) AllocSpace objects, 0(0B) LOS objects, 36% free, 27MB/43MB, paused 708us total 32.739ms
08-05 01:16:29.767  1748  2621 I NAPPA_EXPERIMENTATION: MetricNetworkRequestExecutionTime: REQUEST_DURATION_SYSTEM='302',REQUEST_DURATION_OKHTTP='0',REQUEST_SYNCHRONOUS='TRUE',RESPONSE_CODE='200',RESPONSE_METHOD='GET',RESPONSE_LENGTH_OKHTTP='14747',RESPONSE_LENGTH_HEADER='-2',REQUEST_PROTOCOL='h2',REQUEST_URL='https://oauth.reddit.com/comments/hwnhe2/.json?sort=confidence',
08-05 01:16:29.767  1748  2621 D OK      : request got status: 200
08-05 01:16:29.771  1748  2345 I CommentListingActivity: COMMENTS session changed to a081299e-fc2f-445c-ba99-b48b530843c6
08-05 01:16:29.781  1748  1760 I art     : Starting a blocking GC Explicit
08-05 01:16:29.813  1748  1760 I art     : Explicit concurrent mark sweep GC freed 3157(321KB) AllocSpace objects, 6(164KB) LOS objects, 36% free, 27MB/43MB, paused 565us total 32.284ms
08-05 01:16:29.826  1748  1760 I art     : Starting a blocking GC Explicit
08-05 01:16:29.858  1748  1760 I art     : Explicit concurrent mark sweep GC freed 1264(61KB) AllocSpace objects, 1(68KB) LOS objects, 36% free, 27MB/43MB, paused 380us total 31.743ms
08-05 01:16:29.863  1748  1770 D Nappa   : PREFETCH_ON_EXTRA - setCurrentActivity - logs - from extra - made prediction isfalse
08-05 01:16:29.871  1748  1760 I art     : Starting a blocking GC Explicit
08-05 01:16:29.903  1748  1760 I art     : Explicit concurrent mark sweep GC freed 45(2912B) AllocSpace objects, 0(0B) LOS objects, 36% free, 27MB/43MB, paused 335us total 31.724ms
08-05 01:16:29.990   512  2967 D audio_hw_primary: disable_audio_route: reset and update mixer path: low-latency-playback speaker
08-05 01:16:29.992   512  2967 D audio_hw_primary: disable_snd_device: snd_device(2: speaker)
08-05 01:16:30.002   512  2967 I soundtrigger: audio_extn_sound_trigger_update_device_status: device 0x2 of type 0 for Event 0
08-05 01:16:30.012   380   380 W SurfaceFlinger: couldn't log to binary event log: overflow.
08-05 01:16:30.164  1748  1770 D Nappa   : PREFETCH_ON_EXTRA - setCurrentActivity - starting new prediction
08-05 01:16:30.165  1748  1770 D Nappa   : Current node - currentActivityName - nappatfpr.org.quantumbadger.redreader.activities.CommentListingActivity
08-05 01:16:30.165  1748  1770 D Nappa   : Current node - activityGraph.getCurrent() - nappatfpr.org.quantumbadger.redreader.activities.CommentListingActivity
08-05 01:16:30.165  1748  1770 I NAPPA_EXPERIMENTATION: MetricNappaPrefetchingStrategyExecutionTime: STRATEGY_CLASS='TfprPrefetchingStrategy',DURATION='2083',NUMBER_OF_URLS='0',NUMBER_OF_SELECTED_CHILDREN_NODES='0',NUMBER_OF_CHILDREN_NODES='0',STRATEGY_RUN_SUCCESSFULLY='True',
08-05 01:16:30.166  1748  1770 D TfprPrefetchingStrategy: ==================================
08-05 01:16:30.166  1748  1770 D TfprPrefetchingStrategy: Starting Run #3
08-05 01:16:30.166  1748  1770 D TfprPrefetchingStrategy: ----------------------------------
08-05 01:16:30.166  1748  1770 D TfprPrefetchingStrategy: Node data CommentListingActivity 
08-05 01:16:30.166  1748  1770 D TfprPrefetchingStrategy: 	Successors:
08-05 01:16:30.166  1748  1770 D TfprPrefetchingStrategy: 
08-05 01:16:30.166  1748  1770 D TfprPrefetchingStrategy: 	Ancestors:
08-05 01:16:30.166  1748  1770 D TfprPrefetchingStrategy: 		PostListingActivity (0 hits)
08-05 01:16:30.166  1748  1770 D TfprPrefetchingStrategy: 
08-05 01:16:30.166  1748  1770 D TfprPrefetchingStrategy: MetricStrategyAccuracy inc execution count3 | act = true; extra = false
08-05 01:16:30.166  1748  1770 D TfprPrefetchingStrategy: MetricStrategyAccuracy inc no sucessor count2 | act = true; extra = false
08-05 01:16:30.166  1748  1770 D TfprPrefetchingStrategy: Node has no successor
08-05 01:16:30.166  1748  1770 D TfprPrefetchingStrategy: Next visited child will be []
08-05 01:16:30.166  1748  1770 D TfprPrefetchingStrategy: ==================================
08-05 01:16:30.166  1748  1770 D Nappa   : PREFETCH_ON_EXTRA - setCurrentActivity - finished new prediction
08-05 01:16:30.184  1748  2197 I art     : Starting a blocking GC Explicit
08-05 01:16:30.225  1748  2197 I art     : Explicit concurrent mark sweep GC freed 1819(106KB) AllocSpace objects, 1(20KB) LOS objects, 36% free, 27MB/43MB, paused 363us total 40.008ms
08-05 01:16:30.239  1748  2197 I art     : Starting a blocking GC Explicit
08-05 01:16:30.272  1748  2197 I art     : Explicit concurrent mark sweep GC freed 32(1152B) AllocSpace objects, 0(0B) LOS objects, 36% free, 27MB/43MB, paused 339us total 32.296ms
08-05 01:16:30.285  1748  2197 I art     : Starting a blocking GC Explicit
08-05 01:16:30.318  1748  2197 I art     : Explicit concurrent mark sweep GC freed 3(96B) AllocSpace objects, 0(0B) LOS objects, 36% free, 27MB/43MB, paused 333us total 32.349ms
08-05 01:16:30.332  1748  2197 I art     : Starting a blocking GC Explicit
08-05 01:16:30.358  1652  1652 I ServiceManager: Waiting for service AtCmdFwd...
08-05 01:16:30.365  1748  2197 I art     : Explicit concurrent mark sweep GC freed 3(96B) AllocSpace objects, 0(0B) LOS objects, 36% free, 27MB/43MB, paused 371us total 33.235ms
08-05 01:16:30.379  1748  2197 I art     : Starting a blocking GC Explicit
08-05 01:16:30.413  1748  2197 I art     : Explicit concurrent mark sweep GC freed 3(96B) AllocSpace objects, 0(0B) LOS objects, 36% free, 27MB/43MB, paused 329us total 33.478ms
08-05 01:16:30.696  1748  2197 I art     : Starting a blocking GC Explicit
08-05 01:16:30.732  1748  2197 I art     : Explicit concurrent mark sweep GC freed 1546(91KB) AllocSpace objects, 1(20KB) LOS objects, 36% free, 27MB/43MB, paused 360us total 35.003ms
08-05 01:16:30.745  1748  2197 I art     : Starting a blocking GC Explicit
08-05 01:16:30.780  1748  2197 I art     : Explicit concurrent mark sweep GC freed 74(2848B) AllocSpace objects, 0(0B) LOS objects, 36% free, 27MB/43MB, paused 391us total 34.087ms
08-05 01:16:30.793  1748  2197 I art     : Starting a blocking GC Explicit
08-05 01:16:30.828  1748  2197 I art     : Explicit concurrent mark sweep GC freed 3(96B) AllocSpace objects, 0(0B) LOS objects, 36% free, 27MB/43MB, paused 364us total 34.487ms
08-05 01:16:30.842  1748  2197 I art     : Starting a blocking GC Explicit
08-05 01:16:30.877  1748  2197 I art     : Explicit concurrent mark sweep GC freed 3(96B) AllocSpace objects, 0(0B) LOS objects, 36% free, 27MB/43MB, paused 451us total 35.078ms
08-05 01:16:30.891  1748  2197 I art     : Starting a blocking GC Explicit
08-05 01:16:30.924  1748  2197 I art     : Explicit concurrent mark sweep GC freed 3(96B) AllocSpace objects, 0(0B) LOS objects, 36% free, 27MB/43MB, paused 375us total 32.593ms
08-05 01:16:31.243  1748  1857 I art     : Starting a blocking GC Explicit
08-05 01:16:31.287  1748  1857 I art     : Explicit concurrent mark sweep GC freed 1547(92KB) AllocSpace objects, 1(20KB) LOS objects, 36% free, 27MB/43MB, paused 404us total 43.948ms
08-05 01:16:31.303  1748  1857 I art     : Starting a blocking GC Explicit
08-05 01:16:31.339  1748  1857 I art     : Explicit concurrent mark sweep GC freed 28(1024B) AllocSpace objects, 0(0B) LOS objects, 36% free, 27MB/43MB, paused 394us total 35.344ms
08-05 01:16:31.352  1748  1857 I art     : Starting a blocking GC Explicit
08-05 01:16:31.359  1652  1652 I ServiceManager: Waiting for service AtCmdFwd...
08-05 01:16:31.388  1748  1857 I art     : Explicit concurrent mark sweep GC freed 3(96B) AllocSpace objects, 0(0B) LOS objects, 36% free, 27MB/43MB, paused 383us total 35.156ms
08-05 01:16:31.402  1748  1857 I art     : Starting a blocking GC Explicit
08-05 01:16:31.437  1748  1857 I art     : Explicit concurrent mark sweep GC freed 3(96B) AllocSpace objects, 0(0B) LOS objects, 36% free, 27MB/43MB, paused 438us total 35.538ms
08-05 01:16:31.451  1748  1857 I art     : Starting a blocking GC Explicit
08-05 01:16:31.487  1748  1857 I art     : Explicit concurrent mark sweep GC freed 3(96B) AllocSpace objects, 0(0B) LOS objects, 36% free, 27MB/43MB, paused 370us total 35.208ms
08-05 01:16:31.809  1748  1760 I art     : Starting a blocking GC Explicit
08-05 01:16:31.860  1748  1760 I art     : Explicit concurrent mark sweep GC freed 1547(92KB) AllocSpace objects, 1(20KB) LOS objects, 36% free, 27MB/43MB, paused 399us total 51.118ms
08-05 01:16:31.878  1748  1760 I art     : Starting a blocking GC Explicit
08-05 01:16:31.912  1748  1760 I art     : Explicit concurrent mark sweep GC freed 28(1024B) AllocSpace objects, 0(0B) LOS objects, 36% free, 27MB/43MB, paused 350us total 33.791ms
08-05 01:16:31.925  1748  1760 I art     : Starting a blocking GC Explicit
08-05 01:16:31.961  1748  1760 I art     : Explicit concurrent mark sweep GC freed 3(96B) AllocSpace objects, 0(0B) LOS objects, 36% free, 27MB/43MB, paused 362us total 35.255ms
08-05 01:16:31.975  1748  1760 I art     : Starting a blocking GC Explicit
08-05 01:16:32.010  1748  1760 I art     : Explicit concurrent mark sweep GC freed 3(96B) AllocSpace objects, 0(0B) LOS objects, 36% free, 27MB/43MB, paused 343us total 35.181ms
08-05 01:16:32.024  1748  1760 I art     : Starting a blocking GC Explicit
08-05 01:16:32.059  1748  1760 I art     : Explicit concurrent mark sweep GC freed 3(96B) AllocSpace objects, 0(0B) LOS objects, 36% free, 27MB/43MB, paused 368us total 35.323ms
08-05 01:16:32.360  1652  1652 I ServiceManager: Waiting for service AtCmdFwd...
08-05 01:16:32.384  1748  1759 I art     : Starting a blocking GC Explicit
08-05 01:16:32.422  1748  1759 I art     : Explicit concurrent mark sweep GC freed 1550(93KB) AllocSpace objects, 1(20KB) LOS objects, 36% free, 27MB/43MB, paused 374us total 37.965ms
08-05 01:16:32.436  1748  1759 I art     : Starting a blocking GC Explicit
08-05 01:16:32.471  1748  1759 I art     : Explicit concurrent mark sweep GC freed 28(1024B) AllocSpace objects, 0(0B) LOS objects, 36% free, 27MB/43MB, paused 359us total 34.969ms
08-05 01:16:32.485  1748  1759 I art     : Starting a blocking GC Explicit
08-05 01:16:32.520  1748  1759 I art     : Explicit concurrent mark sweep GC freed 3(96B) AllocSpace objects, 0(0B) LOS objects, 36% free, 27MB/43MB, paused 355us total 34.433ms
08-05 01:16:32.534  1748  1759 I art     : Starting a blocking GC Explicit
08-05 01:16:32.569  1748  1759 I art     : Explicit concurrent mark sweep GC freed 3(96B) AllocSpace objects, 0(0B) LOS objects, 36% free, 27MB/43MB, paused 353us total 35.192ms
08-05 01:16:32.583  1748  1759 I art     : Starting a blocking GC Explicit
08-05 01:16:32.619  1748  1759 I art     : Explicit concurrent mark sweep GC freed 3(96B) AllocSpace objects, 0(0B) LOS objects, 36% free, 27MB/43MB, paused 327us total 35.244ms
08-05 01:16:32.960  1748  2197 I art     : Starting a blocking GC Explicit
08-05 01:16:33.005  1748  2197 I art     : Explicit concurrent mark sweep GC freed 1559(97KB) AllocSpace objects, 1(20KB) LOS objects, 36% free, 27MB/43MB, paused 404us total 45.284ms
08-05 01:16:33.023  1748  2197 I art     : Starting a blocking GC Explicit
08-05 01:16:33.058  1748  2197 I art     : Explicit concurrent mark sweep GC freed 28(1024B) AllocSpace objects, 0(0B) LOS objects, 36% free, 27MB/43MB, paused 371us total 35.463ms
08-05 01:16:33.072  1748  2197 I art     : Starting a blocking GC Explicit
08-05 01:16:33.107  1748  2197 I art     : Explicit concurrent mark sweep GC freed 3(96B) AllocSpace objects, 0(0B) LOS objects, 36% free, 27MB/43MB, paused 453us total 34.842ms
08-05 01:16:33.121  1748  2197 I art     : Starting a blocking GC Explicit
08-05 01:16:33.156  1748  2197 I art     : Explicit concurrent mark sweep GC freed 3(96B) AllocSpace objects, 0(0B) LOS objects, 36% free, 27MB/43MB, paused 359us total 35.297ms
08-05 01:16:33.170  1748  2197 I art     : Starting a blocking GC Explicit
08-05 01:16:33.205  1748  2197 I art     : Explicit concurrent mark sweep GC freed 3(96B) AllocSpace objects, 0(0B) LOS objects, 36% free, 27MB/43MB, paused 368us total 34.874ms
08-05 01:16:33.360  1652  1652 W Atfwd_Sendcmd: AtCmdFwd service not published, waiting... retryCnt : 1
08-05 01:16:33.525  1748  1857 I art     : Starting a blocking GC Explicit
08-05 01:16:33.573  1748  1857 I art     : Explicit concurrent mark sweep GC freed 1553(95KB) AllocSpace objects, 1(20KB) LOS objects, 36% free, 27MB/43MB, paused 458us total 48.169ms
08-05 01:16:33.589  1748  1857 I art     : Starting a blocking GC Explicit
08-05 01:16:33.625  1748  1857 I art     : Explicit concurrent mark sweep GC freed 28(1024B) AllocSpace objects, 0(0B) LOS objects, 36% free, 27MB/43MB, paused 375us total 35.079ms
08-05 01:16:33.639  1748  1857 I art     : Starting a blocking GC Explicit
08-05 01:16:33.673  1748  1857 I art     : Explicit concurrent mark sweep GC freed 3(96B) AllocSpace objects, 0(0B) LOS objects, 36% free, 27MB/43MB, paused 332us total 33.820ms
08-05 01:16:33.686  1748  1857 I art     : Starting a blocking GC Explicit
08-05 01:16:33.718  1748  1857 I art     : Explicit concurrent mark sweep GC freed 3(96B) AllocSpace objects, 0(0B) LOS objects, 36% free, 27MB/43MB, paused 389us total 32.349ms
08-05 01:16:33.732  1748  1857 I art     : Starting a blocking GC Explicit
08-05 01:16:33.764  1748  1857 I art     : Explicit concurrent mark sweep GC freed 3(96B) AllocSpace objects, 0(0B) LOS objects, 36% free, 27MB/43MB, paused 363us total 32.475ms
08-05 01:16:34.061  1748  1760 I art     : Starting a blocking GC Explicit
08-05 01:16:34.065  2707  2707 D AndroidRuntime: >>>>>> START com.android.internal.os.RuntimeInit uid 2000 <<<<<<
08-05 01:16:34.070  2707  2707 D AndroidRuntime: CheckJNI is OFF
08-05 01:16:34.097  1748  1760 I art     : Explicit concurrent mark sweep GC freed 1548(91KB) AllocSpace objects, 1(20KB) LOS objects, 36% free, 27MB/43MB, paused 382us total 35.116ms
08-05 01:16:34.108  2707  2707 D ICU     : No timezone override file found: /data/misc/zoneinfo/current/icu/icu_tzdata.dat
08-05 01:16:34.111  1748  1760 I art     : Starting a blocking GC Explicit
08-05 01:16:34.144  1748  1760 I art     : Explicit concurrent mark sweep GC freed 28(1024B) AllocSpace objects, 0(0B) LOS objects, 36% free, 27MB/43MB, paused 417us total 32.859ms
08-05 01:16:34.145  2707  2707 I Radio-JNI: register_android_hardware_Radio DONE
08-05 01:16:34.157  1748  1760 I art     : Starting a blocking GC Explicit
08-05 01:16:34.168  2707  2707 D AndroidRuntime: Calling main entry com.android.commands.input.Input
08-05 01:16:34.170  2707  2707 I Input   : injectKeyEvent: KeyEvent { action=ACTION_DOWN, keyCode=KEYCODE_BACK, scanCode=0, metaState=0, flags=0x0, repeatCount=0, eventTime=753410583, downTime=753410583, deviceId=-1, source=0x101 }
08-05 01:16:34.175  2707  2707 I Input   : injectKeyEvent: KeyEvent { action=ACTION_UP, keyCode=KEYCODE_BACK, scanCode=0, metaState=0, flags=0x0, repeatCount=0, eventTime=753410583, downTime=753410583, deviceId=-1, source=0x101 }
08-05 01:16:34.181  1748  1748 D NappaLifecycleObserver: nappatfpr.org.quantumbadger.redreader.activities.CommentListingActivity - onPause
08-05 01:16:34.181  2707  2707 D AndroidRuntime: Shutting down VM
08-05 01:16:34.181  1748  1748 D Nappa   : Stayed on nappatfpr.org.quantumbadger.redreader.activities.CommentListingActivity for 4517 ms
08-05 01:16:34.187  1748  1760 I art     : Explicit concurrent mark sweep GC freed 100(4KB) AllocSpace objects, 0(0B) LOS objects, 36% free, 27MB/43MB, paused 452us total 30.137ms
08-05 01:16:34.188  1748  1748 D NappaLifecycleObserver: nappatfpr.org.quantumbadger.redreader.activities.PostListingActivity - onResume
08-05 01:16:34.188  1748  1748 D Nappa   : setCurrentActivity - MetricStrategyAccuracy - 
08-05 01:16:34.188  1748  1748 D Nappa   : madePredictionFromActivity = true, 
08-05 01:16:34.188  1748  1748 D Nappa   : fromActivity = nappatfpr.org.quantumbadger.redreader.activities.CommentListingActivity, 
08-05 01:16:34.188  1748  1748 D Nappa   : predictedNextActivityFromActivity = [], 
08-05 01:16:34.188  1748  1748 D Nappa   : activity.getClass().getCanonicalName() = nappatfpr.org.quantumbadger.redreader.activities.PostListingActivity, 
08-05 01:16:34.188  1748  1748 D Nappa   : setCurrentActivity - MetricStrategyAccuracy - 
08-05 01:16:34.188  1748  1748 D Nappa   : madePredictionFromExtra = false, 
08-05 01:16:34.188  1748  1748 D Nappa   : fromActivity = nappatfpr.org.quantumbadger.redreader.activities.CommentListingActivity, 
08-05 01:16:34.188  1748  1748 D Nappa   : predictedNextActivityFromExtra = [], 
08-05 01:16:34.188  1748  1748 D Nappa   : activity.getClass().getCanonicalName() = nappatfpr.org.quantumbadger.redreader.activities.PostListingActivity, 
08-05 01:16:34.188  1748  1748 D Nappa   : PREFETCH_ON_EXTRA - setCurrentActivity - logs - from activity - made prediction istrue
08-05 01:16:34.188  1748  1748 D Nappa   : PREFETCH_ON_EXTRA - setCurrentActivity - logs - from activity - start
08-05 01:16:34.188  1748  1748 I NAPPA_EXPERIMENTATION: MetricStrategyAccuracy: LOG_ID='3',EXECUTION_COUNT='3',CASES_COUNT='3',HIT_PERCENTAGE_TOTAL='33.333333333333336',HIT_PERCENTAGE_WHEN_PREDICTED='100.0',HIT_COUNT='1',MISS_COUNT='0',INSUFFICIENT_SCORE_COUNT='0',EXCEPTION_COUNT='0',NO_SUCCESSOR_COUNT='2',
08-05 01:16:34.189  1748  1748 D Nappa   : PREFETCH_ON_EXTRA - setCurrentActivity - logs - from activity- finished
08-05 01:16:34.200  1748  1760 I art     : Starting a blocking GC Explicit
08-05 01:16:34.230  1748  1760 I art     : Explicit concurrent mark sweep GC freed 103(15KB) AllocSpace objects, 0(0B) LOS objects, 36% free, 27MB/43MB, paused 376us total 29.377ms
08-05 01:16:34.242  1748  1760 I art     : Starting a blocking GC Explicit
08-05 01:16:34.276  1748  1760 I art     : Explicit concurrent mark sweep GC freed 3(96B) AllocSpace objects, 0(0B) LOS objects, 36% free, 27MB/43MB, paused 397us total 33.277ms
08-05 01:16:34.289  1748  1748 D Nappa   : registerActivity: (already in) nappatfpr.org.quantumbadger.redreader.activities.PostListingActivity
08-05 01:16:34.289  1748  1748 D ActivityGraph: LARDataCalculatedUpdate nappatfpr.org.quantumbadger.redreader.activities.PostListingActivity Pagerank: 0.25 HITS-Authority: 1.0 HITS-Hub: 1.0 SALSA-Authority: 1.0 SALSA-Hub: 1.0
08-05 01:16:34.289  1748  1748 D Nappa   : SHOULD_PREFETCH false
08-05 01:16:34.289  1748  1748 D Nappa   : STATS Number of requests not prefetched: 5
08-05 01:16:34.289  1748  1748 D Nappa   : STATS Number of requests prefetched: 0
08-05 01:16:34.289  1748  1748 D Nappa   : STATS Time saved until now: 0.0
08-05 01:16:34.315  1748  1748 D ActivityNode: Observer - successor visit time - MainActivity - Updating the visit time from the successors list:
08-05 01:16:34.315  1748  1748 D ActivityNode: [AggregateVisitTimeByActivity{nappatfpr.org.quantumbadger.redreader.activities.PostListingActivity : 72691 ms}]
08-05 01:16:34.315  1748  1748 D ActivityNode: Observer - successor visit time - PostListingActivity - Updating the visit time from the successors list:
08-05 01:16:34.315  1748  1748 D ActivityNode: [AggregateVisitTimeByActivity{nappatfpr.org.quantumbadger.redreader.activities.CommentListingActivity : 99719 ms}, AggregateVisitTimeByActivity{nappatfpr.org.quantumbadger.redreader.activities.WebViewActivity : 35773 ms}, AggregateVisitTimeByActivity{nappatfpr.org.quantumbadger.redreader.activities.ImageViewActivity : 2295 ms}]
08-05 01:16:34.316  1748  1748 D ActivityNode: Observer - visit time - CommentListingActivity - New aggregate visit time found is 99719 ms
08-05 01:16:34.318  1748  1748 D ActivityNode: Observer - successor visit time - ImageViewActivity - Updating the visit time from the successors list:
08-05 01:16:34.318  1748  1748 D ActivityNode: [AggregateVisitTimeByActivity{nappatfpr.org.quantumbadger.redreader.activities.WebViewActivity : 10572 ms}]
08-05 01:16:34.319 13866 13866 I GoogleInputMethodServic: GoogleInputMethodService.onFinishInput():3138 
08-05 01:16:34.319 13866 13866 I GoogleInputMethodServic: GoogleInputMethodService.onStartInput():1808 
08-05 01:16:34.383 24365  7398 I NetworkScheduler.Stats: Task com.google.android.gms/com.google.android.gms.icing.service.IcingGcmTaskService started execution. cause:4 exec_start_elapsed_seconds: 1736798 [CONTEXT service_id=218 ]
08-05 01:16:34.395 24365 29098 I NetworkScheduler.Stats: Task com.google.android.gms/com.google.android.gms.icing.service.IcingGcmTaskService finished executing. cause:4 result: 1 elapsed_millis: 32 uptime_millis: 32 exec_start_elapsed_seconds: 1736798 [CONTEXT service_id=218 ]
08-05 01:16:34.428  1748  2620 I RedditChangeDataIO: Writing tmp data file at '/data/user/0/nappatfpr.org.quantumbadger.redreader/files/rr_change_data_tmp.dat'
08-05 01:16:34.428  1748  2620 I RedditChangeDataManager: Taking snapshot...
08-05 01:16:34.428  1748  2620 I RedditChangeDataManager: Writing to stream...
08-05 01:16:34.428  1748  2620 I RedditChangeDataManager: Wrote 2 entries for user ''
08-05 01:16:34.428  1748  2620 I RedditChangeDataManager: All entries written to stream.
08-05 01:16:34.429  1748  2620 I RedditChangeDataIO: Write successful. Atomically replacing data file...
08-05 01:16:34.429  1748  2620 I RedditChangeDataIO: Write complete.
08-05 01:16:34.429  1748  2620 I RedditChangeDataIO: 62 bytes written in 1 ms
08-05 01:16:34.437 24365  7398 I NetworkScheduler.Stats: Task com.google.android.gms/com.google.android.gms.telephonyspam.sync.SpamListSyncTaskService started execution. cause:5 exec_start_elapsed_seconds: 1736798 [CONTEXT service_id=218 ]
08-05 01:16:34.453 24577 23235 I TelephonySpam: TelephonySpamChimeraService - Running Telephony Spam Chimera Service
08-05 01:16:34.460 24577 23235 I TelephonySpam: TelephonySpamChimeraService - Cleaning SIP Header local table of old entries
08-05 01:16:34.460 24577 23235 I TelephonySpam: SpamListSync - Call spam module disabled. Skipping cleaning cache sip header table.
08-05 01:16:34.460 24577 23235 I TelephonySpam: TelephonySpamChimeraService - Syncing Call Spam List
08-05 01:16:34.460 24577 23235 I TelephonySpam: SpamListSync - SpamListSyncChimeraService.syncSpamList called with tag: telephonyspam.SpamListSyncTask, extras: Bundle[{SpamList Type=0, Action=1.0}]
08-05 01:16:34.472 24577 23235 I TelephonySpam: SpamListSync - Call spam module disabled. Skipping spam list syncing.
08-05 01:16:34.477 24365 29098 I NetworkScheduler.Stats: Task com.google.android.gms/com.google.android.gms.telephonyspam.sync.SpamListSyncTaskService finished executing. cause:5 result: 1 elapsed_millis: 59 uptime_millis: 59 exec_start_elapsed_seconds: 1736798 [CONTEXT service_id=218 ]
08-05 01:16:34.517  1748  1857 I art     : Starting a blocking GC Explicit
08-05 01:16:34.546  1748  1857 I art     : Explicit concurrent mark sweep GC freed 2134(130KB) AllocSpace objects, 2(88KB) LOS objects, 36% free, 27MB/43MB, paused 365us total 28.936ms
08-05 01:16:34.558  1748  1857 I art     : Starting a blocking GC Explicit
08-05 01:16:34.587  1748  1857 I art     : Explicit concurrent mark sweep GC freed 225(8KB) AllocSpace objects, 0(0B) LOS objects, 36% free, 27MB/43MB, paused 339us total 28.164ms
08-05 01:16:34.589  1748  1770 D Nappa   : PREFETCH_ON_EXTRA - setCurrentActivity - logs - from extra - made prediction isfalse
08-05 01:16:34.599  1748  1857 I art     : Starting a blocking GC Explicit
08-05 01:16:34.618  1748  1748 D NappaLifecycleObserver: nappatfpr.org.quantumbadger.redreader.activities.CommentListingActivity - onDestroy
08-05 01:16:34.618  1748  1748 D NappaLifecycleObserver: -------------F1_SCORE #5 -----------
08-05 01:16:34.618   380   380 W SurfaceFlinger: couldn't log to binary event log: overflow.
08-05 01:16:34.618  1748  1748 D NappaLifecycleObserver: F1_SCORE - Intercept list (4)= [https://oauth.reddit.com/r/askscience/about.json, https://oauth.reddit.com/r/askscience/hot/.json, https://oauth.reddit.com/comments/gvc7k9/.json?sort=confidence, https://oauth.reddit.com/comments/hwnhe2/.json?sort=confidence]
08-05 01:16:34.618  1748  1748 D NappaLifecycleObserver: F1_SCORE - Prefetch list (0)= []
08-05 01:16:34.618  1748  1748 D NappaLifecycleObserver: F1_SCORE - TP list (0)= []
08-05 01:16:34.618  1748  1748 D NappaLifecycleObserver: F1_SCORE - FN list (4)= [https://oauth.reddit.com/r/askscience/about.json, https://oauth.reddit.com/r/askscience/hot/.json, https://oauth.reddit.com/comments/gvc7k9/.json?sort=confidence, https://oauth.reddit.com/comments/hwnhe2/.json?sort=confidence]
08-05 01:16:34.618  1748  1748 I NAPPA_EXPERIMENTATION: MetricPrefetchingAccuracy: LOG_ID='6',F1_SCORE_1='0.0',F1_SCORE_2='0.0',TRUE_POSITIVE='0',FALSE_POSITIVE='0',FALSE_NEGATIVE='4',
08-05 01:16:34.628  1748  1857 I art     : Explicit concurrent mark sweep GC freed 123(15KB) AllocSpace objects, 0(0B) LOS objects, 36% free, 27MB/43MB, paused 330us total 28.783ms
08-05 01:16:34.642  1748  1857 I art     : Starting a blocking GC Explicit
08-05 01:16:34.671  1748  1857 I art     : Explicit concurrent mark sweep GC freed 23(992B) AllocSpace objects, 0(0B) LOS objects, 36% free, 27MB/43MB, paused 346us total 29.351ms
08-05 01:16:34.684  1748  1857 I art     : Starting a blocking GC Explicit
08-05 01:16:34.713  1748  1857 I art     : Explicit concurrent mark sweep GC freed 3850(310KB) AllocSpace objects, 5(140KB) LOS objects, 37% free, 27MB/43MB, paused 341us total 28.938ms
08-05 01:16:34.982  1748  1760 I art     : Starting a blocking GC Explicit
08-05 01:16:35.017  1748  1760 I art     : Explicit concurrent mark sweep GC freed 1782(127KB) AllocSpace objects, 1(20KB) LOS objects, 37% free, 27MB/43MB, paused 324us total 34.284ms
08-05 01:16:35.032  1748  1760 I art     : Starting a blocking GC Explicit
08-05 01:16:35.061  1748  1760 I art     : Explicit concurrent mark sweep GC freed 93(3KB) AllocSpace objects, 0(0B) LOS objects, 37% free, 27MB/43MB, paused 314us total 29.376ms
08-05 01:16:35.074  1748  1760 I art     : Starting a blocking GC Explicit
08-05 01:16:35.106  1748  1760 I art     : Explicit concurrent mark sweep GC freed 3(96B) AllocSpace objects, 0(0B) LOS objects, 37% free, 27MB/43MB, paused 336us total 31.657ms
08-05 01:16:35.119  1748  1760 I art     : Starting a blocking GC Explicit
08-05 01:16:35.153  1748  1760 I art     : Explicit concurrent mark sweep GC freed 3(96B) AllocSpace objects, 0(0B) LOS objects, 37% free, 27MB/43MB, paused 333us total 33.194ms
08-05 01:16:35.166  1748  1760 I art     : Starting a blocking GC Explicit
08-05 01:16:35.198  1748  1760 I art     : Explicit concurrent mark sweep GC freed 3(96B) AllocSpace objects, 0(0B) LOS objects, 37% free, 27MB/43MB, paused 337us total 31.841ms
08-05 01:16:35.479  1748  2197 I art     : Starting a blocking GC Explicit
08-05 01:16:35.512  1748  2197 I art     : Explicit concurrent mark sweep GC freed 1546(91KB) AllocSpace objects, 1(20KB) LOS objects, 37% free, 27MB/43MB, paused 337us total 32.789ms
08-05 01:16:35.525  1748  2197 I art     : Starting a blocking GC Explicit
08-05 01:16:35.556  1748  2197 I art     : Explicit concurrent mark sweep GC freed 28(1024B) AllocSpace objects, 0(0B) LOS objects, 37% free, 27MB/43MB, paused 323us total 30.883ms
