08-05 01:16:15.006  1748  1759 I art     : Explicit concurrent mark sweep GC freed 262(13KB) AllocSpace objects, 0(0B) LOS objects, 40% free, 22MB/37MB, paused 191us total 15.653ms
08-05 01:16:15.024   512  2967 D AudioFlinger: mixer(0xf4740000) throttle end: throttle time(12)
08-05 01:16:15.160   380   380 W SurfaceFlinger: couldn't log to binary event log: overflow.
08-05 01:16:15.216   518   646 I ThermalEngine: ACTION: GPU - Setting GPU[0] to 510000000
08-05 01:16:15.258  1748  1760 I art     : Starting a blocking GC Explicit
08-05 01:16:15.280  1748  1760 I art     : Explicit concurrent mark sweep GC freed 1564(90KB) AllocSpace objects, 1(20KB) LOS objects, 40% free, 22MB/37MB, paused 281us total 21.688ms
08-05 01:16:15.291  1748  1760 I art     : Starting a blocking GC Explicit
08-05 01:16:15.311  1748  1760 I art     : Explicit concurrent mark sweep GC freed 30(1088B) AllocSpace objects, 0(0B) LOS objects, 40% free, 22MB/37MB, paused 291us total 20.138ms
08-05 01:16:15.323  1748  1760 I art     : Starting a blocking GC Explicit
08-05 01:16:15.343  1748  1760 I art     : Explicit concurrent mark sweep GC freed 3(96B) AllocSpace objects, 0(0B) LOS objects, 40% free, 22MB/37MB, paused 253us total 19.900ms
08-05 01:16:15.354  1748  1760 I art     : Starting a blocking GC Explicit
08-05 01:16:15.375  1748  1760 I art     : Explicit concurrent mark sweep GC freed 3(96B) AllocSpace objects, 0(0B) LOS objects, 40% free, 22MB/37MB, paused 262us total 20.350ms
08-05 01:16:15.387  1748  1760 I art     : Starting a blocking GC Explicit
08-05 01:16:15.408  1748  1760 I art     : Explicit concurrent mark sweep GC freed 3(96B) AllocSpace objects, 0(0B) LOS objects, 40% free, 22MB/37MB, paused 261us total 20.808ms
08-05 01:16:15.501  2198  2198 D AndroidRuntime: >>>>>> START com.android.internal.os.RuntimeInit uid 2000 <<<<<<
08-05 01:16:15.506  2198  2198 D AndroidRuntime: CheckJNI is OFF
08-05 01:16:15.509   512  2967 D audio_hw_primary: disable_audio_route: reset and update mixer path: low-latency-playback speaker
08-05 01:16:15.511   512  2967 D audio_hw_primary: disable_snd_device: snd_device(2: speaker)
08-05 01:16:15.520   512  2967 I soundtrigger: audio_extn_sound_trigger_update_device_status: device 0x2 of type 0 for Event 0
08-05 01:16:15.542  2198  2198 D ICU     : No timezone override file found: /data/misc/zoneinfo/current/icu/icu_tzdata.dat
08-05 01:16:15.575  2198  2198 I Radio-JNI: register_android_hardware_Radio DONE
08-05 01:16:15.595  2198  2198 D AndroidRuntime: Calling main entry com.android.commands.input.Input
08-05 01:16:15.597  2198  2198 I Input   : injectKeyEvent: KeyEvent { action=ACTION_DOWN, keyCode=KEYCODE_BACK, scanCode=0, metaState=0, flags=0x0, repeatCount=0, eventTime=753392010, downTime=753392010, deviceId=-1, source=0x101 }
08-05 01:16:15.601  2198  2198 I Input   : injectKeyEvent: KeyEvent { action=ACTION_UP, keyCode=KEYCODE_BACK, scanCode=0, metaState=0, flags=0x0, repeatCount=0, eventTime=753392010, downTime=753392010, deviceId=-1, source=0x101 }
08-05 01:16:15.607  2198  2198 D AndroidRuntime: Shutting down VM
08-05 01:16:15.652 13866 13866 I GoogleInputMethodServic: GoogleInputMethodService.onFinishInput():3138 
08-05 01:16:15.653 13866 13866 I GoogleInputMethodServic: GoogleInputMethodService.onStartInput():1808 
08-05 01:16:15.662  1748  1759 I art     : Starting a blocking GC Explicit
08-05 01:16:15.683  1748  1759 I art     : Explicit concurrent mark sweep GC freed 1632(95KB) AllocSpace objects, 1(20KB) LOS objects, 40% free, 22MB/37MB, paused 277us total 20.256ms
08-05 01:16:15.695  1748  1759 I art     : Starting a blocking GC Explicit
08-05 01:16:15.713  1748  1759 I art     : Explicit concurrent mark sweep GC freed 59(2064B) AllocSpace objects, 0(0B) LOS objects, 40% free, 22MB/37MB, paused 251us total 18.372ms
08-05 01:16:15.724  1748  1759 I art     : Starting a blocking GC Explicit
08-05 01:16:15.743  1748  1759 I art     : Explicit concurrent mark sweep GC freed 3(96B) AllocSpace objects, 0(0B) LOS objects, 40% free, 22MB/37MB, paused 241us total 18.527ms
08-05 01:16:15.755  1748  1759 I art     : Starting a blocking GC Explicit
08-05 01:16:15.778  1748  1759 I art     : Explicit concurrent mark sweep GC freed 3(96B) AllocSpace objects, 0(0B) LOS objects, 40% free, 22MB/37MB, paused 235us total 22.672ms
08-05 01:16:15.793  1748  1759 I art     : Starting a blocking GC Explicit
08-05 01:16:15.818  1748  1759 I art     : Explicit concurrent mark sweep GC freed 3(96B) AllocSpace objects, 0(0B) LOS objects, 40% free, 22MB/37MB, paused 365us total 25.221ms
08-05 01:16:15.961   380   380 W SurfaceFlinger: couldn't log to binary event log: overflow.
08-05 01:16:16.061  1748  2197 I art     : Starting a blocking GC Explicit
08-05 01:16:16.083  1748  2197 I art     : Explicit concurrent mark sweep GC freed 1693(97KB) AllocSpace objects, 1(20KB) LOS objects, 40% free, 22MB/37MB, paused 269us total 21.515ms
08-05 01:16:16.094  1748  2197 I art     : Starting a blocking GC Explicit
08-05 01:16:16.112  1748  2197 I art     : Explicit concurrent mark sweep GC freed 13770(695KB) AllocSpace objects, 7(340KB) LOS objects, 40% free, 21MB/36MB, paused 255us total 17.766ms
08-05 01:16:16.123  1748  2197 I art     : Starting a blocking GC Explicit
08-05 01:16:16.139  1748  2197 I art     : Explicit concurrent mark sweep GC freed 3(96B) AllocSpace objects, 0(0B) LOS objects, 40% free, 21MB/36MB, paused 242us total 16.382ms
08-05 01:16:16.150  1748  2197 I art     : Starting a blocking GC Explicit
08-05 01:16:16.166  1748  2197 I art     : Explicit concurrent mark sweep GC freed 3(96B) AllocSpace objects, 0(0B) LOS objects, 40% free, 21MB/36MB, paused 246us total 15.191ms
08-05 01:16:16.176  1748  2197 I art     : Starting a blocking GC Explicit
08-05 01:16:16.192  1748  2197 I art     : Explicit concurrent mark sweep GC freed 3(96B) AllocSpace objects, 0(0B) LOS objects, 40% free, 21MB/36MB, paused 257us total 15.629ms
08-05 01:16:16.273  2231  2231 D AndroidRuntime: >>>>>> START com.android.internal.os.RuntimeInit uid 2000 <<<<<<
08-05 01:16:16.278  2231  2231 D AndroidRuntime: CheckJNI is OFF
08-05 01:16:16.315  2231  2231 D ICU     : No timezone override file found: /data/misc/zoneinfo/current/icu/icu_tzdata.dat
08-05 01:16:16.349  2231  2231 I Radio-JNI: register_android_hardware_Radio DONE
08-05 01:16:16.370  2231  2231 D AndroidRuntime: Calling main entry com.android.commands.input.Input
08-05 01:16:16.371  2231  2231 I Input   : injectKeyEvent: KeyEvent { action=ACTION_DOWN, keyCode=KEYCODE_BACK, scanCode=0, metaState=0, flags=0x0, repeatCount=0, eventTime=753392784, downTime=753392784, deviceId=-1, source=0x101 }
08-05 01:16:16.376  2231  2231 I Input   : injectKeyEvent: KeyEvent { action=ACTION_UP, keyCode=KEYCODE_BACK, scanCode=0, metaState=0, flags=0x0, repeatCount=0, eventTime=753392784, downTime=753392784, deviceId=-1, source=0x101 }
08-05 01:16:16.381  2231  2231 D AndroidRuntime: Shutting down VM
08-05 01:16:16.388  1748  1748 D NappaLifecycleObserver: nappatfpr.org.quantumbadger.redreader.activities.MainActivity - onResume
08-05 01:16:16.388  1748  1748 D Nappa   : setCurrentActivity - MetricStrategyAccuracy - 
08-05 01:16:16.388  1748  1748 D Nappa   : madePredictionFromActivity = false, 
08-05 01:16:16.388  1748  1748 D Nappa   : fromActivity = nappatfpr.org.quantumbadger.redreader.activities.MainActivity, 
08-05 01:16:16.388  1748  1748 D Nappa   : predictedNextActivityFromActivity = [], 
08-05 01:16:16.388  1748  1748 D Nappa   : activity.getClass().getCanonicalName() = nappatfpr.org.quantumbadger.redreader.activities.MainActivity, 
08-05 01:16:16.388  1748  1748 D Nappa   : setCurrentActivity - MetricStrategyAccuracy - 
08-05 01:16:16.388  1748  1748 D Nappa   : madePredictionFromExtra = false, 
08-05 01:16:16.388  1748  1748 D Nappa   : fromActivity = nappatfpr.org.quantumbadger.redreader.activities.MainActivity, 
08-05 01:16:16.388  1748  1748 D Nappa   : predictedNextActivityFromExtra = [], 
08-05 01:16:16.388  1748  1748 D Nappa   : activity.getClass().getCanonicalName() = nappatfpr.org.quantumbadger.redreader.activities.MainActivity, 
08-05 01:16:16.388  1748  1748 D Nappa   : PREFETCH_ON_EXTRA - setCurrentActivity - logs - from activity - made prediction isfalse
08-05 01:16:16.447  1748  1857 I art     : Starting a blocking GC Explicit
08-05 01:16:16.465  1748  1857 I art     : Explicit concurrent mark sweep GC freed 1616(102KB) AllocSpace objects, 1(20KB) LOS objects, 40% free, 21MB/36MB, paused 302us total 17.714ms
08-05 01:16:16.476  1748  1857 I art     : Starting a blocking GC Explicit
08-05 01:16:16.488  1748  1748 D Nappa   : registerActivity: (already in) nappatfpr.org.quantumbadger.redreader.activities.MainActivity
08-05 01:16:16.489  1748  1748 D ActivityGraph: LARDataCalculatedUpdate nappatfpr.org.quantumbadger.redreader.activities.MainActivity Pagerank: 0.25 HITS-Authority: 1.0 HITS-Hub: 1.0 SALSA-Authority: 1.0 SALSA-Hub: 1.0
08-05 01:16:16.489  1748  1748 D Nappa   : SHOULD_PREFETCH false
08-05 01:16:16.489  1748  1748 D Nappa   : STATS Number of requests not prefetched: 0
08-05 01:16:16.489  1748  1748 D Nappa   : STATS Number of requests prefetched: 0
08-05 01:16:16.489  1748  1748 D Nappa   : STATS Time saved until now: 0.0
08-05 01:16:16.493  1748  1857 I art     : Explicit concurrent mark sweep GC freed 136(6KB) AllocSpace objects, 0(0B) LOS objects, 40% free, 21MB/36MB, paused 305us total 17.324ms
08-05 01:16:16.504  1748  1857 I art     : Starting a blocking GC Explicit
08-05 01:16:16.518 13866 13866 I GoogleInputMethodServic: GoogleInputMethodService.onFinishInput():3138 
08-05 01:16:16.519 13866 13866 I GoogleInputMethodServic: GoogleInputMethodService.onStartInput():1808 
08-05 01:16:16.522  1748  1857 I art     : Explicit concurrent mark sweep GC freed 15(944B) AllocSpace objects, 0(0B) LOS objects, 40% free, 21MB/36MB, paused 258us total 17.182ms
08-05 01:16:16.532  1748  1857 I art     : Starting a blocking GC Explicit
08-05 01:16:16.551  1748  1857 I art     : Explicit concurrent mark sweep GC freed 52(1840B) AllocSpace objects, 0(0B) LOS objects, 40% free, 21MB/36MB, paused 257us total 17.945ms
08-05 01:16:16.561  1748  1857 I art     : Starting a blocking GC Explicit
08-05 01:16:16.578  1748  1857 I art     : Explicit concurrent mark sweep GC freed 19(640B) AllocSpace objects, 0(0B) LOS objects, 40% free, 21MB/36MB, paused 282us total 16.270ms
08-05 01:16:16.789  1748  1770 D Nappa   : PREFETCH_ON_EXTRA - setCurrentActivity - logs - from extra - made prediction isfalse
08-05 01:16:16.835  1748  1760 I art     : Starting a blocking GC Explicit
08-05 01:16:16.853  1748  1760 I art     : Explicit concurrent mark sweep GC freed 1577(92KB) AllocSpace objects, 1(20KB) LOS objects, 40% free, 21MB/36MB, paused 275us total 17.077ms
08-05 01:16:16.864  1748  1760 I art     : Starting a blocking GC Explicit
08-05 01:16:16.879  1748  1760 I art     : Explicit concurrent mark sweep GC freed 151(11KB) AllocSpace objects, 0(0B) LOS objects, 40% free, 21MB/36MB, paused 258us total 15.133ms
08-05 01:16:16.889  1748  1760 I art     : Starting a blocking GC Explicit
08-05 01:16:16.905  1748  1760 I art     : Explicit concurrent mark sweep GC freed 3(96B) AllocSpace objects, 0(0B) LOS objects, 40% free, 21MB/36MB, paused 264us total 16.133ms
08-05 01:16:16.916  1748  1760 I art     : Starting a blocking GC Explicit
08-05 01:16:16.932  1748  1760 I art     : Explicit concurrent mark sweep GC freed 3(96B) AllocSpace objects, 0(0B) LOS objects, 40% free, 21MB/36MB, paused 268us total 16.123ms
08-05 01:16:16.943  1748  1760 I art     : Starting a blocking GC Explicit
08-05 01:16:16.960  1748  1760 I art     : Explicit concurrent mark sweep GC freed 3(96B) AllocSpace objects, 0(0B) LOS objects, 40% free, 21MB/36MB, paused 266us total 16.572ms
08-05 01:16:17.039  2263  2263 D AndroidRuntime: >>>>>> START com.android.internal.os.RuntimeInit uid 2000 <<<<<<
08-05 01:16:17.044  2263  2263 D AndroidRuntime: CheckJNI is OFF
08-05 01:16:17.083  2263  2263 D ICU     : No timezone override file found: /data/misc/zoneinfo/current/icu/icu_tzdata.dat
08-05 01:16:17.123  2263  2263 I Radio-JNI: register_android_hardware_Radio DONE
08-05 01:16:17.144  2263  2263 D AndroidRuntime: Calling main entry com.android.commands.input.Input
08-05 01:16:17.145  2263  2263 I Input   : injectMotionEvent: MotionEvent { action=ACTION_DOWN, actionButton=0, id[0]=0, x[0]=600.0, y[0]=1536.0, toolType[0]=TOOL_TYPE_UNKNOWN, buttonState=0, metaState=0, flags=0x0, edgeFlags=0x0, pointerCount=1, historySize=0, eventTime=753393558, downTime=753393558, deviceId=0, source=0x1002 }
08-05 01:16:17.149  2263  2263 I Input   : injectMotionEvent: MotionEvent { action=ACTION_UP, actionButton=0, id[0]=0, x[0]=600.0, y[0]=1536.0, toolType[0]=TOOL_TYPE_UNKNOWN, buttonState=0, metaState=0, flags=0x0, edgeFlags=0x0, pointerCount=1, historySize=0, eventTime=753393558, downTime=753393558, deviceId=0, source=0x1002 }
08-05 01:16:17.150  2263  2263 D AndroidRuntime: Shutting down VM
08-05 01:16:17.165   512  2967 D audio_hw_primary: out_set_parameters: enter: usecase(1: low-latency-playback) kvpairs: routing=2
08-05 01:16:17.169  1748  1748 D NappaIntentExtras: ==================
08-05 01:16:17.170  1748  1748 D NappaIntentExtras: Log #2
08-05 01:16:17.170  1748  1748 D NappaIntentExtras: ------------------
08-05 01:16:17.170  1748  1748 D NappaIntentExtras: activity nappatfpr.org.quantumbadger.redreader.activities.ImageViewActivity
08-05 01:16:17.170  1748  1748 D NappaIntentExtras: 	- No extras registered
08-05 01:16:17.170  1748  1748 D NappaIntentExtras: activity nappatfpr.org.quantumbadger.redreader.activities.CommentListingActivity
08-05 01:16:17.170  1748  1748 D NappaIntentExtras: 	- No extras registered
08-05 01:16:17.170  1748  1748 D NappaIntentExtras: activity nappatfpr.org.quantumbadger.redreader.activities.PostListingActivity
08-05 01:16:17.170  1748  1748 D NappaIntentExtras: 	- No extras registered
08-05 01:16:17.170  1748  1748 D NappaIntentExtras: activity nappatfpr.org.quantumbadger.redreader.activities.MainActivity
08-05 01:16:17.170  1748  1748 D NappaIntentExtras: 	- No extras registered
08-05 01:16:17.170  1748  1748 D NappaIntentExtras: activity nappatfpr.org.quantumbadger.redreader.activities.WebViewActivity
08-05 01:16:17.170  1748  1748 D NappaIntentExtras: 	- No extras registered
08-05 01:16:17.170  1748  1748 D NappaIntentExtras: ==================
08-05 01:16:17.171   918  3359 I ActivityManager: START u0 {dat=https://oauth.reddit.com/... cmp=nappatfpr.org.quantumbadger.redreader/.activities.PostListingActivity} from uid 10686 on display 0
08-05 01:16:17.178   512  2967 D audio_hw_primary: select_devices: out_snd_device(2: speaker) in_snd_device(0: none)
08-05 01:16:17.178   512  2967 D msm8974_platform: platform_send_audio_calibration: sending audio calibration for snd_device(2) acdb_id(15)
08-05 01:16:17.178   512  2967 I soundtrigger: audio_extn_sound_trigger_update_device_status: device 0x2 of type 0 for Event 1
08-05 01:16:17.178  1748  1748 D NappaLifecycleObserver: nappatfpr.org.quantumbadger.redreader.activities.MainActivity - onPause
08-05 01:16:17.178  1748  1748 D Nappa   : Stayed on nappatfpr.org.quantumbadger.redreader.activities.MainActivity for 689 ms
08-05 01:16:17.189   512  2967 D audio_hw_primary: enable_snd_device: snd_device(2: speaker)
08-05 01:16:17.191   512  2967 D audio_hw_primary: enable_audio_route: apply and update mixer path: low-latency-playback speaker
08-05 01:16:17.194  1748  1748 I AppCompatViewInflater: app:theme is now deprecated. Please move to using android:theme instead.
08-05 01:16:17.216  1748  1748 D NappaLifecycleObserver: nappatfpr.org.quantumbadger.redreader.activities.PostListingActivity - onResume
08-05 01:16:17.216  1748  1748 D Nappa   : setCurrentActivity - MetricStrategyAccuracy - 
08-05 01:16:17.216  1748  1748 D Nappa   : madePredictionFromActivity = false, 
08-05 01:16:17.216  1748  1748 D Nappa   : fromActivity = nappatfpr.org.quantumbadger.redreader.activities.MainActivity, 
08-05 01:16:17.216  1748  1748 D Nappa   : predictedNextActivityFromActivity = [], 
08-05 01:16:17.216  1748  1748 D Nappa   : activity.getClass().getCanonicalName() = nappatfpr.org.quantumbadger.redreader.activities.PostListingActivity, 
08-05 01:16:17.216  1748  1748 D Nappa   : setCurrentActivity - MetricStrategyAccuracy - 
08-05 01:16:17.216  1748  1748 D Nappa   : madePredictionFromExtra = false, 
08-05 01:16:17.216  1748  1748 D Nappa   : fromActivity = nappatfpr.org.quantumbadger.redreader.activities.MainActivity, 
08-05 01:16:17.216  1748  1748 D Nappa   : predictedNextActivityFromExtra = [], 
08-05 01:16:17.216  1748  1748 D Nappa   : activity.getClass().getCanonicalName() = nappatfpr.org.quantumbadger.redreader.activities.PostListingActivity, 
08-05 01:16:17.216  1748  1748 D Nappa   : PREFETCH_ON_EXTRA - setCurrentActivity - logs - from activity - made prediction isfalse
08-05 01:16:17.219  1748  1857 I art     : Starting a blocking GC Explicit
08-05 01:16:17.233  1748  2296 I RawObjectDB query string: CREATE TABLE objects(RawObjectDB_id TEXT PRIMARY KEY ON CONFLICT REPLACE,RawObjectDB_timestamp INTEGER,accounts_active INTEGER,created INTEGER,created_utc INTEGER,description TEXT,description_html TEXT,display_name TEXT,header_img TEXT,header_title TEXT,id TEXT,name TEXT,over18 INTEGER,public_description TEXT,subscribers INTEGER,title TEXT,url TEXT)
08-05 01:16:17.236  1748  1857 I art     : Explicit concurrent mark sweep GC freed 5775(391KB) AllocSpace objects, 1(20KB) LOS objects, 40% free, 21MB/36MB, paused 366us total 16.980ms
08-05 01:16:17.247  1748  1857 I art     : Starting a blocking GC Explicit
08-05 01:16:17.265  1748  1857 I art     : Explicit concurrent mark sweep GC freed 790(60KB) AllocSpace objects, 0(0B) LOS objects, 40% free, 22MB/36MB, paused 873us total 17.807ms
08-05 01:16:17.269  1748  1763 D Nappa   : TAG okHttpClient initialized
08-05 01:16:17.276  1748  2297 D OK      : calling: https://www.reddit.com/api/v1/access_token
08-05 01:16:17.276  1748  2297 D CustomInterceptor: NETWORK-PROVIDER https://www.reddit.com/api/v1/access_token
08-05 01:16:17.277  1748  2297 D CustomInterceptor: HEADER REQUEST
08-05 01:16:17.277  1748  1857 I art     : Starting a blocking GC Explicit
08-05 01:16:17.277  1748  2297 D CustomInterceptor: Authorization Basic bV96Q1cxRGl4czlXTEE6
08-05 01:16:17.277  1748  2297 D CustomInterceptor: Cache-Control max-age=300, max-stale=300
08-05 01:16:17.277  1748  2297 D CustomInterceptor: User-Agent nappatfpr.org.quantumbadger.redreader/1.9.10
08-05 01:16:17.277  1748  2297 D CustomInterceptor: CACHED STATS: size = '0', maxSize = '100', hitCount = '0', createCount = '0', putCount = '0', evictionCount = '0', missCount = '0', toString = 'LruCache[maxSize=100,hits=0,misses=0,hitRate=0%]', 
08-05 01:16:17.277  1748  2297 D CustomInterceptor: PREFLIB NOT A GET REQUEST OR NOT IN CACHEPOST
08-05 01:16:17.296  1748  1857 I art     : Explicit concurrent mark sweep GC freed 1055(85KB) AllocSpace objects, 0(0B) LOS objects, 40% free, 22MB/36MB, paused 419us total 18.595ms
08-05 01:16:17.306  1748  1857 I art     : Starting a blocking GC Explicit
08-05 01:16:17.316  1748  1748 D Nappa   : registerActivity: (already in) nappatfpr.org.quantumbadger.redreader.activities.PostListingActivity
08-05 01:16:17.317  1748  1748 D ActivityNode: ACTNODE UPDATING AFTER LOADING FROM DB
08-05 01:16:17.317  1748  1748 D ActivityGraph: LARDataCalculatedUpdate nappatfpr.org.quantumbadger.redreader.activities.PostListingActivity Pagerank: 0.25 HITS-Authority: 1.0 HITS-Hub: 1.0 SALSA-Authority: 1.0 SALSA-Hub: 1.0
08-05 01:16:17.317  1748  1748 D Nappa   : SHOULD_PREFETCH true
08-05 01:16:17.324  1748  1857 I art     : Explicit concurrent mark sweep GC freed 208(19KB) AllocSpace objects, 0(0B) LOS objects, 40% free, 22MB/36MB, paused 428us total 17.550ms
08-05 01:16:17.335  1748  1857 I art     : Starting a blocking GC Explicit
08-05 01:16:17.353  1748  1857 I art     : Explicit concurrent mark sweep GC freed 91(5KB) AllocSpace objects, 0(0B) LOS objects, 40% free, 22MB/36MB, paused 384us total 17.791ms
08-05 01:16:17.417  1748  1748 D Nappa   : registerActivity: (already in) nappatfpr.org.quantumbadger.redreader.activities.PostListingActivity
08-05 01:16:17.417  1748  1748 D Nappa   : SUCCESSORS nappatfpr.org.quantumbadger.redreader.activities.WebViewActivity
08-05 01:16:17.417  1748  1748 D Nappa   : SUCCESSORS nappatfpr.org.quantumbadger.redreader.activities.CommentListingActivity
08-05 01:16:17.417  1748  1748 D Nappa   : SUCCESSORS nappatfpr.org.quantumbadger.redreader.activities.ImageViewActivity
08-05 01:16:17.418  1748  1748 D Nappa   : STATS Number of requests not prefetched: 0
08-05 01:16:17.418  1748  1748 D Nappa   : STATS Number of requests prefetched: 0
08-05 01:16:17.418  1748  1748 D Nappa   : STATS Time saved until now: 0.0
08-05 01:16:17.484  1748  1748 D ActivityNode: Observer - visit time - MainActivity - New aggregate visit time found is 43044 ms
08-05 01:16:17.484  1748  1748 D ActivityNode: Observer - successor visit time - PostListingActivity - Updating the visit time from the successors list:
08-05 01:16:17.484  1748  1748 D ActivityNode: [AggregateVisitTimeByActivity{nappatfpr.org.quantumbadger.redreader.activities.CommentListingActivity : 90676 ms}, AggregateVisitTimeByActivity{nappatfpr.org.quantumbadger.redreader.activities.WebViewActivity : 35773 ms}, AggregateVisitTimeByActivity{nappatfpr.org.quantumbadger.redreader.activities.ImageViewActivity : 2295 ms}]
08-05 01:16:17.484  1748  1748 D ActivityNode: Observer - successor visit time - MainActivity - Updating the visit time from the successors list:
08-05 01:16:17.484  1748  1748 D ActivityNode: [AggregateVisitTimeByActivity{nappatfpr.org.quantumbadger.redreader.activities.PostListingActivity : 67140 ms}]
08-05 01:16:17.499  1748  1748 D ActivityNode: Observer - successor visit time - ImageViewActivity - Updating the visit time from the successors list:
08-05 01:16:17.499  1748  1748 D ActivityNode: [AggregateVisitTimeByActivity{nappatfpr.org.quantumbadger.redreader.activities.WebViewActivity : 10572 ms}]
08-05 01:16:17.504   918   936 I ActivityManager: Displayed nappatfpr.org.quantumbadger.redreader/.activities.PostListingActivity: +325ms
08-05 01:16:17.505 13866 13866 I GoogleInputMethodServic: GoogleInputMethodService.onFinishInput():3138 
08-05 01:16:17.505 13866 13866 I GoogleInputMethodServic: GoogleInputMethodService.onStartInput():1808 
08-05 01:16:17.506  1748  1748 D ActivityNode: Observer - session data - sourceMainActivity
08-05 01:16:17.506  1748  1748 D ActivityNode: destinations:
08-05 01:16:17.506  1748  1748 D ActivityNode: 	nappatfpr.org.quantumbadger.redreader.activities.PostListingActivity( count 13)
08-05 01:16:17.506  1748  1748 D ActivityNode: Observer - session data - sourcePostListingActivity
08-05 01:16:17.506  1748  1748 D ActivityNode: destinations:
08-05 01:16:17.506  1748  1748 D ActivityNode: 	nappatfpr.org.quantumbadger.redreader.activities.CommentListingActivity( count 20)
08-05 01:16:17.506  1748  1748 D ActivityNode: 	nappatfpr.org.quantumbadger.redreader.activities.WebViewActivity( count 6)
08-05 01:16:17.506  1748  1748 D ActivityNode: 	nappatfpr.org.quantumbadger.redreader.activities.ImageViewActivity( count 2)
08-05 01:16:17.506  1748  1748 D ActivityNode: Observer - session data - sourceCommentListingActivity
08-05 01:16:17.506  1748  1748 D ActivityNode: destinations:
08-05 01:16:17.506  1748  1748 D ActivityNode: Observer - session data - sourceWebViewActivity
08-05 01:16:17.506  1748  1748 D ActivityNode: destinations:
08-05 01:16:17.506  1748  1748 D ActivityNode: Observer - session data - sourceImageViewActivity
08-05 01:16:17.506  1748  1748 D ActivityNode: destinations:
08-05 01:16:17.506  1748  1748 D ActivityNode: 	nappatfpr.org.quantumbadger.redreader.activities.WebViewActivity( count 2)
08-05 01:16:17.588  1748  1759 I art     : Starting a blocking GC Explicit
08-05 01:16:17.617  1748  1770 D Nappa   : PREFETCH_ON_EXTRA - setCurrentActivity - logs - from extra - made prediction isfalse
08-05 01:16:17.620  1748  1759 I art     : Explicit concurrent mark sweep GC freed 28436(1861KB) AllocSpace objects, 14(1212KB) LOS objects, 39% free, 24MB/40MB, paused 763us total 31.777ms
08-05 01:16:17.632  1748  1759 I art     : Starting a blocking GC Explicit
08-05 01:16:17.640  1748  1748 I RedReader: Checking for new messages.
08-05 01:16:17.642  1748  1748 I RegularCachePruner: Pruning cache...
08-05 01:16:17.643  1748  2315 I RedditChangeDataManager: Pruning for all users...
08-05 01:16:17.643  1748  2315 I RedditChangeDataManager: Pruning complete.
08-05 01:16:17.645   918  3261 D WifiStateMachine: starting scan for "H369AA63323"WPA_PSK with 2412,5180
08-05 01:16:17.645  1748  2315 I CacheManager: Pruning 0 files
08-05 01:16:17.658  2316  2316 I art     : Late-enabling -Xcheck:jni
08-05 01:16:17.658   918   918 I ActivityManager: Start proc 2316:nappatfpr.com.newsblur/u0a682 for service nappatfpr.com.newsblur/.service.NBSyncService
08-05 01:16:17.663  1748  1759 I art     : Explicit concurrent mark sweep GC freed 12213(815KB) AllocSpace objects, 3(212KB) LOS objects, 39% free, 24MB/40MB, paused 834us total 30.669ms
08-05 01:16:17.670 23763 23763 I Finsky  : [1] xow.onStartJob(3): SCH: onJobSchedulerWakeup with jobId 9006
08-05 01:16:17.676 23763 23763 I Finsky  : [1] xjw.a(9): Scheduling fallback in 43199997 (absolute: 1779981548)
08-05 01:16:17.677  1748  1759 I art     : Starting a blocking GC Explicit
08-05 01:16:17.679 23763 23763 I Finsky  : [1] xjw.a(9): Scheduling fallback in 64799998 (absolute: 1801581552)
08-05 01:16:17.691  1748  2297 D CustomInterceptor: CACHE_CONTROL SETTING NEW MAX-AGE
08-05 01:16:17.702  2316  2316 W System  : ClassLoader referenced unknown path: /data/app/nappatfpr.com.newsblur-1/lib/arm64
08-05 01:16:17.707  1748  1759 I art     : Explicit concurrent mark sweep GC freed 7073(410KB) AllocSpace objects, 0(0B) LOS objects, 39% free, 24MB/40MB, paused 691us total 29.441ms
08-05 01:16:17.719  1748  1759 I art     : Starting a blocking GC Explicit
08-05 01:16:17.729   512  2967 D audio_hw_primary: disable_audio_route: reset and update mixer path: low-latency-playback speaker
08-05 01:16:17.730   512  2967 D audio_hw_primary: disable_snd_device: snd_device(2: speaker)
08-05 01:16:17.738  1748  2297 I System  : Loaded time zone names for "en" in 36ms (34ms in ICU)
08-05 01:16:17.739  1748  2297 D CustomInterceptor: HEADER RESPONSE
08-05 01:16:17.739  1748  2297 D CustomInterceptor: accept-ranges bytes
08-05 01:16:17.739  1748  2297 D CustomInterceptor: Cache-Control public, immutable, max-age=300, only-if-cached, max-stale=300
08-05 01:16:17.739  1748  2297 D CustomInterceptor: content-length 147
08-05 01:16:17.739  1748  2297 D CustomInterceptor: content-type application/json; charset=UTF-8
08-05 01:16:17.739  1748  2297 D CustomInterceptor: date Tue, 04 Aug 2020 23:16:12 GMT
08-05 01:16:17.739  1748  2297 D CustomInterceptor: Expires Tue, 04 Aug 2020 23:21:17 GMT+00:00
08-05 01:16:17.739  1748  2297 D CustomInterceptor: server snooserv
08-05 01:16:17.739  1748  2297 D CustomInterceptor: set-cookie edgebucket=EOO7htBwfGnhsrkaS9; Domain=reddit.com; Max-Age=63071999; Path=/; secure=
08-05 01:16:17.739  1748  2297 D CustomInterceptor: strict-transport-security max-age=15552000; includeSubDomains; preload
08-05 01:16:17.739  1748  2297 D CustomInterceptor: via 1.1 varnish
08-05 01:16:17.739  1748  2297 D CustomInterceptor: x-content-type-options nosniff
08-05 01:16:17.739  1748  2297 D CustomInterceptor: x-frame-options SAMEORIGIN
08-05 01:16:17.739  1748  2297 D CustomInterceptor: x-moose majestic
08-05 01:16:17.739   512  2967 I soundtrigger: audio_extn_sound_trigger_update_device_status: device 0x2 of type 0 for Event 0
08-05 01:16:17.739  1748  2297 D CustomInterceptor: x-reddit-loid 00000000007gb313jr.2.1595956556763.Z0FBQUFBQmZJRjFNODZhcDBzdGplOEFVZ3Y2aGRmblJKOUJsb0ZtUURIbm9MNFZZQ0FHNFloX1ZXU3BGLXg3THQ3dXg1bzY5T1Z0blc1ajZiS0lyR05SS3NIRURNU3lnT25jaDhBYmtSYzQyelh0RE5NVWQyaGJDZkVfYmc0SnNwZ1VIajZPR1dhVFk
08-05 01:16:17.739  1748  2297 D CustomInterceptor: x-xss-protection 1; mode=block
08-05 01:16:17.740  1748  2297 D CustomInterceptor: CACHEABLE true
08-05 01:16:17.740  1748  2297 D CustomInterceptor: REQ https://www.reddit.com/api/v1/access_token
08-05 01:16:17.740  1748  2297 D CustomInterceptor: REQ_SERV_BY net
08-05 01:16:17.740  1748  2297 D OK      : request got status: 200
08-05 01:16:17.746  1748  1759 I art     : Explicit concurrent mark sweep GC freed 1516(89KB) AllocSpace objects, 2(328KB) LOS objects, 39% free, 24MB/40MB, paused 1.048ms total 26.249ms
08-05 01:16:17.747   380   380 W SurfaceFlinger: couldn't log to binary event log: overflow.
08-05 01:16:17.752  1748  2297 D OK      : calling: https://oauth.reddit.com/r/askscience/about.json
08-05 01:16:17.753  1748  2297 D CustomInterceptor: NETWORK-PROVIDER https://oauth.reddit.com/r/askscience/about.json
08-05 01:16:17.753  1748  2297 D Nappa   : F1_SCORE add_intercept_url - (new) - https://oauth.reddit.com/r/askscience/about.json
08-05 01:16:17.753  1748  2297 D Nappa   : F1_SCORE add_fn_url - (new) - https://oauth.reddit.com/r/askscience/about.json
08-05 01:16:17.753  1748  2297 D Nappa   : -------------F1_SCORE #0 -----------
08-05 01:16:17.753  1748  2297 D Nappa   : F1_SCORE - Intercept list (1)= [https://oauth.reddit.com/r/askscience/about.json]
08-05 01:16:17.754  1748  2297 D Nappa   : F1_SCORE - Prefetch list (0)= []
08-05 01:16:17.754  1748  2297 D Nappa   : F1_SCORE - TP list (0)= []
08-05 01:16:17.754  1748  2297 D Nappa   : F1_SCORE - FN list (1)= [https://oauth.reddit.com/r/askscience/about.json]
08-05 01:16:17.754 23763 23763 I Finsky  : [1] xkf.handleMessage(8): SCH: DeviceState: DeviceState{currentTime=1596582977750, isCharging=false, isIdle=false, netAny=true, netNotRoaming=true, netUnmetered=true, batteryPercent=100.0}
08-05 01:16:17.754  1748  2297 I NAPPA_EXPERIMENTATION: MetricPrefetchingAccuracy: LOG_ID='1',F1_SCORE_1='0.0',F1_SCORE_2='0.0',TRUE_POSITIVE='0',FALSE_POSITIVE='0',FALSE_NEGATIVE='1',
08-05 01:16:17.754  1748  2297 D CustomInterceptor: HEADER REQUEST
08-05 01:16:17.754  1748  2297 D CustomInterceptor: Authorization bearer -vv7wE75CCVZuUmgJJFxR34x-bqc
08-05 01:16:17.754  1748  2297 D CustomInterceptor: Cache-Control max-age=300, max-stale=300
08-05 01:16:17.754  1748  2297 D CustomInterceptor: User-Agent nappatfpr.org.quantumbadger.redreader/1.9.10
08-05 01:16:17.754  1748  2297 D CustomInterceptor: CACHED STATS: size = '0', maxSize = '100', hitCount = '0', createCount = '0', putCount = '0', evictionCount = '0', missCount = '1', toString = 'LruCache[maxSize=100,hits=0,misses=1,hitRate=0%]', 
08-05 01:16:17.754  1748  2297 D CustomInterceptor: PREFLIB NOT A GET REQUEST OR NOT IN CACHEGET
08-05 01:16:17.759  1748  1759 I art     : Starting a blocking GC Explicit
08-05 01:16:17.761 23763  1718 I Finsky  : [6031] xmu.a(8): SCH: Jobs in database: 1-1337 3-199 3-200 12-1 24-77777777 26-1414141414 
08-05 01:16:17.764 23763 23763 I Finsky  : [1] xkg.a(16): SCH: Running job: 12-1
08-05 01:16:17.765 23763 23763 I Finsky  : [1] ContentSyncJob.a(16): [ContentSync] job started
08-05 01:16:17.765 23763 23763 I Finsky  : [1] xkf.handleMessage(61): SCH: RunningQueue size: 1, PendingQueue size: 0
08-05 01:16:17.765 23763 23763 I Finsky  : [1] xkf.handleMessage(64): SCH: Running queue: 12-1 
08-05 01:16:17.782  1748  1759 I art     : Explicit concurrent mark sweep GC freed 592(81KB) AllocSpace objects, 0(0B) LOS objects, 39% free, 24MB/40MB, paused 327us total 22.802ms
08-05 01:16:17.833 23763  1738 I Finsky  : [6038] dzn.a(22): Completed 0 account content syncs with 0 successful.
08-05 01:16:17.834 23763 23763 I Finsky  : [1] ContentSyncJob.a(1): [ContentSync] Installation state replication succeeded.
08-05 01:16:17.834 23763 23763 I Finsky  : [1] xlr.a(13): SCH: jobFinished: 12-1. TimeElapsed: 70ms.
08-05 01:16:17.835 23763 23763 I Finsky  : [1] xkg.a(36): SCH: Job 12-1 finished. Not rescheduling.
08-05 01:16:17.835 23763 23763 I Finsky  : [1] xkf.handleMessage(61): SCH: RunningQueue size: 0, PendingQueue size: 0
08-05 01:16:17.835 23763 23763 I Finsky  : [1] xkf.handleMessage(25): Executor finished
08-05 01:16:17.850 23763 23763 I Finsky  : [1] xmu.a(8): SCH: Jobs in database: 1-1337 3-199 3-200 24-77777777 26-1414141414 
08-05 01:16:17.852 23763 23763 I Finsky  : [1] xio.a(57): SCH: ConstraintMapping: 24-77777777,  -> L: 0ms, D: 71622668ms, C: false, I: true, N: 0
08-05 01:16:17.852 23763 23763 I Finsky  : [1] xio.a(57): SCH: ConstraintMapping: 1-1337,  -> L: 13015690ms, D: 31775059ms, C: false, I: false, N: 1
08-05 01:16:17.853 23763 23763 I Finsky  : [1] xio.a(57): SCH: ConstraintMapping: 3-199,  -> L: 0ms, D: 83215401ms, C: false, I: true, N: 2
08-05 01:16:17.853 23763 23763 I Finsky  : [1] xio.a(57): SCH: ConstraintMapping: 3-200,  -> L: 0ms, D: 83215507ms, C: true, I: true, N: 2
08-05 01:16:17.853  1748  1770 D Nappa   : registerActivity: (already in) nappatfpr.org.quantumbadger.redreader.activities.PostListingActivity
08-05 01:16:17.853  1748  1770 D Nappa   : PARENTS 
08-05 01:16:17.853  1748  1770 D Nappa   : Of: nappatfpr.org.quantumbadger.redreader.activities.PostListingActivity -> 
08-05 01:16:17.854 23763 23763 I Finsky  : [1] xio.a(57): SCH: ConstraintMapping: 26-1414141414,  -> L: 36412542ms, D: 37312542ms, C: false, I: false, N: 0
08-05 01:16:17.854  1748  1770 D Nappa   : PARENTS nappatfpr.org.quantumbadger.redreader.activities.MainActivity
08-05 01:16:17.870 23763 23763 I Finsky  : [1] xle.a(34): Cancelling existing jobscheduler jobs: 9019 9013 9007 9000 9017 9018 9014 9015 9016 
08-05 01:16:17.871 23763 23763 I Finsky  : [1] xle.a(10): Throttling wakeup for job 9001 (expected to run in 0 ms) due to recent wakeup
08-05 01:16:17.871 23763 23763 I Finsky  : [1] xle.a(27): Scheduling job Id: 9001, L: 30000, D: 71622668, C: false, I: true, N: 0
08-05 01:16:17.872 23763 23763 I Finsky  : [1] xle.a(27): Scheduling job Id: 9002, L: 13015690, D: 31775059, C: false, I: false, N: 1
08-05 01:16:17.873 23763 23763 I Finsky  : [1] xle.a(10): Throttling wakeup for job 9003 (expected to run in 0 ms) due to recent wakeup
08-05 01:16:17.873 23763 23763 I Finsky  : [1] xle.a(27): Scheduling job Id: 9003, L: 30000, D: 83215401, C: false, I: true, N: 2
08-05 01:16:17.875 23763 23763 I Finsky  : [1] xle.a(10): Throttling wakeup for job 9004 (expected to run in 0 ms) due to recent wakeup
08-05 01:16:17.876 23763 23763 I Finsky  : [1] xle.a(27): Scheduling job Id: 9004, L: 30000, D: 83215507, C: true, I: true, N: 2
08-05 01:16:17.877 23763 23763 I Finsky  : [1] xle.a(27): Scheduling job Id: 9005, L: 36412542, D: 37312542, C: false, I: false, N: 0
08-05 01:16:17.878 23763 23763 I Finsky  : [1] xle.a(10): Throttling wakeup for job 9008 (expected to run in 0 ms) due to recent wakeup
08-05 01:16:17.879 23763 23763 I Finsky  : [1] xle.a(27): Scheduling job Id: 9008, L: 30000, D: 71622668, C: false, I: true, N: 0
08-05 01:16:17.880 23763 23763 I Finsky  : [1] xle.a(27): Scheduling job Id: 9009, L: 13015690, D: 31775059, C: false, I: false, N: 1
08-05 01:16:17.881 23763 23763 I Finsky  : [1] xle.a(10): Throttling wakeup for job 9010 (expected to run in 0 ms) due to recent wakeup
08-05 01:16:17.882 23763 23763 I Finsky  : [1] xle.a(27): Scheduling job Id: 9010, L: 30000, D: 83215401, C: false, I: true, N: 2
08-05 01:16:17.883 23763 23763 I Finsky  : [1] xle.a(10): Throttling wakeup for job 9011 (expected to run in 0 ms) due to recent wakeup
08-05 01:16:17.884 23763 23763 I Finsky  : [1] xle.a(27): Scheduling job Id: 9011, L: 30000, D: 83215507, C: true, I: true, N: 2
08-05 01:16:17.885 23763 23763 I Finsky  : [1] xle.a(27): Scheduling job Id: 9012, L: 36412542, D: 37312542, C: false, I: false, N: 0
08-05 01:16:17.918  1748  1770 D Nappa   : PREFETCH_ON_EXTRA - setCurrentActivity - starting new prediction
08-05 01:16:17.918  1748  1770 D Nappa   : Current node - currentActivityName - nappatfpr.org.quantumbadger.redreader.activities.PostListingActivity
08-05 01:16:17.918  1748  1770 D Nappa   : Current node - activityGraph.getCurrent() - nappatfpr.org.quantumbadger.redreader.activities.PostListingActivity
08-05 01:16:17.921  1748  1770 I NAPPA_EXPERIMENTATION: MetricNappaPrefetchingStrategyExecutionTime: STRATEGY_CLASS='TfprPrefetchingStrategy',DURATION='2187448',NUMBER_OF_URLS='0',NUMBER_OF_SELECTED_CHILDREN_NODES='1',NUMBER_OF_CHILDREN_NODES='3',STRATEGY_RUN_SUCCESSFULLY='True',
08-05 01:16:17.922  1748  1770 D TfprPrefetchingStrategy: ==================================
08-05 01:16:17.922  1748  1770 D TfprPrefetchingStrategy: Starting Run #1
08-05 01:16:17.922  1748  1770 D TfprPrefetchingStrategy: ----------------------------------
08-05 01:16:17.922  1748  1770 D TfprPrefetchingStrategy: Node data PostListingActivity 
08-05 01:16:17.922  1748  1770 D TfprPrefetchingStrategy: 	Successors:
08-05 01:16:17.922  1748  1770 D TfprPrefetchingStrategy: 		WebViewActivity (0 hits)
08-05 01:16:17.922  1748  1770 D TfprPrefetchingStrategy: 		CommentListingActivity (0 hits)
08-05 01:16:17.922  1748  1770 D TfprPrefetchingStrategy: 		ImageViewActivity (0 hits)
08-05 01:16:17.922  1748  1770 D TfprPrefetchingStrategy: 	Ancestors:
08-05 01:16:17.922  1748  1770 D TfprPrefetchingStrategy: 		MainActivity (0 hits)
08-05 01:16:17.922  1748  1770 D TfprPrefetchingStrategy: 
08-05 01:16:17.922  1748  1770 D TfprPrefetchingStrategy: MetricStrategyAccuracy inc execution count1 | act = true; extra = false
08-05 01:16:17.922  1748  1770 D TfprPrefetchingStrategy: ===
08-05 01:16:17.922  1748  1770 D TfprPrefetchingStrategy: calculateVisitTimeScores
08-05 01:16:17.922  1748  1770 D TfprPrefetchingStrategy: -------- Node CommentListingActivity-----------
08-05 01:16:17.922  1748  1770 D TfprPrefetchingStrategy: tfprNode.aggregateVisitTime = 90676
08-05 01:16:17.922  1748  1770 D TfprPrefetchingStrategy: tfprNode.totalAggregateVisitTimeFromSuccessors = 0
08-05 01:16:17.922  1748  1770 D TfprPrefetchingStrategy: tfprNode.aggregateVisitTimeFromSuccessors = {}
08-05 01:16:17.923  1748  1770 D TfprPrefetchingStrategy: -------- Node ImageViewActivity-----------
08-05 01:16:17.923  1748  1770 D TfprPrefetchingStrategy: tfprNode.aggregateVisitTime = 2295
08-05 01:16:17.923  1748  1770 D TfprPrefetchingStrategy: tfprNode.totalAggregateVisitTimeFromSuccessors = 10572
08-05 01:16:17.923  1748  1770 D TfprPrefetchingStrategy: tfprNode.aggregateVisitTimeFromSuccessors = {nappatfpr.org.quantumbadger.redreader.activities.WebViewActivity=10572}
08-05 01:16:17.923  1748  1770 D TfprPrefetchingStrategy: -------- Node WebViewActivity-----------
08-05 01:16:17.923  1748  1770 D TfprPrefetchingStrategy: tfprNode.aggregateVisitTime = 46345
08-05 01:16:17.923  1748  1770 D TfprPrefetchingStrategy: tfprNode.totalAggregateVisitTimeFromSuccessors = 0
08-05 01:16:17.923  1748  1770 D TfprPrefetchingStrategy: tfprNode.aggregateVisitTimeFromSuccessors = {}
08-05 01:16:17.923  1748  1770 D TfprPrefetchingStrategy: -------- Node PostListingActivity-----------
08-05 01:16:17.923  1748  1770 D TfprPrefetchingStrategy: tfprNode.aggregateVisitTime = 114711
08-05 01:16:17.923  1748  1770 D TfprPrefetchingStrategy: tfprNode.totalAggregateVisitTimeFromSuccessors = 128744
08-05 01:16:17.923  1748  1770 D TfprPrefetchingStrategy: tfprNode.aggregateVisitTimeFromSuccessors = {nappatfpr.org.quantumbadger.redreader.activities.ImageViewActivity=2295, nappatfpr.org.quantumbadger.redreader.activities.WebViewActivity=35773, nappatfpr.org.quantumbadger.redreader.activities.CommentListingActivity=90676}
08-05 01:16:17.923  1748  1770 D TfprPrefetchingStrategy: -------- Graph -----------
08-05 01:16:17.923  1748  1770 D TfprPrefetchingStrategy: tfprGraph.aggregateVisitTimeFromSuccessors = 254027
08-05 01:16:17.923  1748  1770 D TfprPrefetchingStrategy: ===
08-05 01:16:17.923  1748  1770 D TfprPrefetchingStrategy: ===
08-05 01:16:17.923  1748  1770 D TfprPrefetchingStrategy: runTfprAlgorithm
08-05 01:16:17.923  1748  1770 D TfprPrefetchingStrategy: ------------- TFPR calculation #1 of 10 -----------
08-05 01:16:17.923  1748  1770 D TfprPrefetchingStrategy: node CommentListingActivity score = 0.30341107
08-05 01:16:17.923  1748  1770 D TfprPrefetchingStrategy: node ImageViewActivity score = 0.007679302
08-05 01:16:17.923  1748  1770 D TfprPrefetchingStrategy: node WebViewActivity score = 0.15622695
08-05 01:16:17.923  1748  1770 D TfprPrefetchingStrategy: node PostListingActivity score = 0.3838346
08-05 01:16:17.923  1748  1770 D TfprPrefetchingStrategy: ------------- TFPR calculation #2 of 10 -----------
08-05 01:16:17.923  1748  1770 D TfprPrefetchingStrategy: node CommentListingActivity score = 0.34396198
08-05 01:16:17.923  1748  1770 D TfprPrefetchingStrategy: node ImageViewActivity score = 0.008705641
08-05 01:16:17.923  1748  1770 D TfprPrefetchingStrategy: node WebViewActivity score = 0.17237884
08-05 01:16:17.923  1748  1770 D TfprPrefetchingStrategy: node PostListingActivity score = 0.3838346
08-05 01:16:17.923  1748  1770 D TfprPrefetchingStrategy: ------------- TFPR calculation #3 of 10 -----------
08-05 01:16:17.924  1748  1770 D TfprPrefetchingStrategy: node CommentListingActivity score = 0.34396198
08-05 01:16:17.924  1748  1770 D TfprPrefetchingStrategy: node ImageViewActivity score = 0.008705641
08-05 01:16:17.924  1748  1770 D TfprPrefetchingStrategy: node WebViewActivity score = 0.17237884
08-05 01:16:17.924  1748  1770 D TfprPrefetchingStrategy: node PostListingActivity score = 0.3838346
08-05 01:16:17.924  1748  1770 D TfprPrefetchingStrategy: ------------- TFPR calculation #4 of 10 -----------
08-05 01:16:17.924  1748  1770 D TfprPrefetchingStrategy: node CommentListingActivity score = 0.34396198
08-05 01:16:17.924  1748  1770 D TfprPrefetchingStrategy: node ImageViewActivity score = 0.008705641
08-05 01:16:17.924  1748  1770 D TfprPrefetchingStrategy: node WebViewActivity score = 0.17237884
08-05 01:16:17.924  1748  1770 D TfprPrefetchingStrategy: node PostListingActivity score = 0.3838346
08-05 01:16:17.924  1748  1770 D TfprPrefetchingStrategy: ------------- TFPR calculation #5 of 10 -----------
08-05 01:16:17.924  1748  1770 D TfprPrefetchingStrategy: node CommentListingActivity score = 0.34396198
08-05 01:16:17.924  1748  1770 D TfprPrefetchingStrategy: node ImageViewActivity score = 0.008705641
08-05 01:16:17.924  1748  1770 D TfprPrefetchingStrategy: node WebViewActivity score = 0.17237884
08-05 01:16:17.924  1748  1770 D TfprPrefetchingStrategy: node PostListingActivity score = 0.3838346
08-05 01:16:17.924  1748  1770 D TfprPrefetchingStrategy: ------------- TFPR calculation #6 of 10 -----------
08-05 01:16:17.924  1748  1770 D TfprPrefetchingStrategy: node CommentListingActivity score = 0.34396198
08-05 01:16:17.924  1748  1770 D TfprPrefetchingStrategy: node ImageViewActivity score = 0.008705641
08-05 01:16:17.924  1748  1770 D TfprPrefetchingStrategy: node WebViewActivity score = 0.17237884
08-05 01:16:17.924  1748  1770 D TfprPrefetchingStrategy: node PostListingActivity score = 0.3838346
08-05 01:16:17.924  1748  1770 D TfprPrefetchingStrategy: ------------- TFPR calculation #7 of 10 -----------
08-05 01:16:17.924  1748  1770 D TfprPrefetchingStrategy: node CommentListingActivity score = 0.34396198
08-05 01:16:17.924  1748  1770 D TfprPrefetchingStrategy: node ImageViewActivity score = 0.008705641
08-05 01:16:17.924  1748  1770 D TfprPrefetchingStrategy: node WebViewActivity score = 0.17237884
08-05 01:16:17.924  1748  1770 D TfprPrefetchingStrategy: node PostListingActivity score = 0.3838346
08-05 01:16:17.925  1748  1770 D TfprPrefetchingStrategy: ------------- TFPR calculation #8 of 10 -----------
08-05 01:16:17.925  1748  1770 D TfprPrefetchingStrategy: node CommentListingActivity score = 0.34396198
08-05 01:16:17.925  1748  1770 D TfprPrefetchingStrategy: node ImageViewActivity score = 0.008705641
08-05 01:16:17.925  1748  1770 D TfprPrefetchingStrategy: node WebViewActivity score = 0.17237884
08-05 01:16:17.925  1748  1770 D TfprPrefetchingStrategy: node PostListingActivity score = 0.3838346
08-05 01:16:17.925  1748  1770 D TfprPrefetchingStrategy: ------------- TFPR calculation #9 of 10 -----------
08-05 01:16:17.925  1748  1770 D TfprPrefetchingStrategy: node CommentListingActivity score = 0.34396198
08-05 01:16:17.925  1748  1770 D TfprPrefetchingStrategy: node ImageViewActivity score = 0.008705641
08-05 01:16:17.925  1748  1770 D TfprPrefetchingStrategy: node WebViewActivity score = 0.17237884
08-05 01:16:17.925  1748  1770 D TfprPrefetchingStrategy: node PostListingActivity score = 0.3838346
08-05 01:16:17.925  1748  1770 D TfprPrefetchingStrategy: ------------- TFPR calculation #10 of 10 -----------
08-05 01:16:17.925  1748  1770 D TfprPrefetchingStrategy: node CommentListingActivity score = 0.34396198
08-05 01:16:17.925  1748  1770 D TfprPrefetchingStrategy: node ImageViewActivity score = 0.008705641
08-05 01:16:17.925  1748  1770 D TfprPrefetchingStrategy: node WebViewActivity score = 0.17237884
08-05 01:16:17.925  1748  1770 D TfprPrefetchingStrategy: node PostListingActivity score = 0.3838346
08-05 01:16:17.925  1748  1770 D TfprPrefetchingStrategy: ===
08-05 01:16:17.925  1748  1770 D TfprPrefetchingStrategy: ===
08-05 01:16:17.925  1748  1770 D TfprPrefetchingStrategy: getSuccessorListSortByTfprScore
08-05 01:16:17.925  1748  1770 D TfprPrefetchingStrategy: Successors before the sort [TfprNode{WebViewActivity : TFPR = 0.17237884}, TfprNode{CommentListingActivity : TFPR = 0.34396198}, TfprNode{ImageViewActivity : TFPR = 0.008705641}]
08-05 01:16:17.925  1748  1770 D TfprPrefetchingStrategy: Successors sorted by highest to lowest score (N2 - N1 comparator) are [TfprNode{CommentListingActivity : TFPR = 0.34396198}, TfprNode{WebViewActivity : TFPR = 0.17237884}, TfprNode{ImageViewActivity : TFPR = 0.008705641}]
08-05 01:16:17.925  1748  1770 D TfprPrefetchingStrategy: Selected the following nodes:
08-05 01:16:17.925  1748  1770 D TfprPrefetchingStrategy: #1 - CommentListingActivity with score 0.34396198
08-05 01:16:17.926  1748  1770 D TfprPrefetchingStrategy: successors with high score = [CommentListingActivity 
08-05 01:16:17.926  1748  1770 D TfprPrefetchingStrategy: 	Successors:
08-05 01:16:17.926  1748  1770 D TfprPrefetchingStrategy: 
08-05 01:16:17.926  1748  1770 D TfprPrefetchingStrategy: 	Ancestors:
08-05 01:16:17.926  1748  1770 D TfprPrefetchingStrategy: 		PostListingActivity (0 hits)
08-05 01:16:17.926  1748  1770 D TfprPrefetchingStrategy: 
08-05 01:16:17.926  1748  1770 D TfprPrefetchingStrategy: ]
08-05 01:16:17.926  1748  1770 D TfprPrefetchingStrategy: ===
08-05 01:16:17.926  1748  1770 D TfprPrefetchingStrategy: Selected node CommentListingActivity containing the URLS []
08-05 01:16:17.926  1748  1770 D TfprPrefetchingStrategy: Next visited child will be [nappatfpr.org.quantumbadger.redreader.activities.CommentListingActivity]
08-05 01:16:17.926  1748  1770 D TfprPrefetchingStrategy: ==================================
08-05 01:16:17.926  1748  1770 D Nappa   : PREFETCH_ON_EXTRA - setCurrentActivity - finished new prediction
08-05 01:16:18.017  1748  2297 D CustomInterceptor: CACHE_CONTROL SETTING NEW MAX-AGE
08-05 01:16:18.018  1748  2297 D CustomInterceptor: HEADER RESPONSE
08-05 01:16:18.019  1748  2297 D CustomInterceptor: accept-ranges bytes
08-05 01:16:18.019  1748  2297 D CustomInterceptor: access-control-allow-origin *
08-05 01:16:18.019  1748  2297 D CustomInterceptor: access-control-expose-headers X-Moose
08-05 01:16:18.019  1748  2297 D CustomInterceptor: Cache-Control public, immutable, max-age=300, only-if-cached, max-stale=300
08-05 01:16:18.019  1748  2297 D CustomInterceptor: content-type application/json; charset=UTF-8
08-05 01:16:18.019  1748  2297 D CustomInterceptor: date Tue, 04 Aug 2020 23:16:13 GMT
08-05 01:16:18.019  1748  2297 D CustomInterceptor: Expires Tue, 04 Aug 2020 23:21:18 GMT+00:00
08-05 01:16:18.019  1748  2297 D CustomInterceptor: server snooserv
08-05 01:16:18.019  1748  2297 D CustomInterceptor: set-cookie edgebucket=m3uiUjHUHNmlQ9SmEA; Domain=reddit.com; Max-Age=63071999; Path=/; secure=
08-05 01:16:18.019  1748  2297 D CustomInterceptor: strict-transport-security max-age=15552000; includeSubDomains; preload
08-05 01:16:18.019  1748  2297 D CustomInterceptor: vary accept-encoding
08-05 01:16:18.019  1748  2297 D CustomInterceptor: via 1.1 varnish
08-05 01:16:18.019  1748  2297 D CustomInterceptor: x-content-type-options nosniff
08-05 01:16:18.019  1748  2297 D CustomInterceptor: x-frame-options SAMEORIGIN
08-05 01:16:18.019  1748  2297 D CustomInterceptor: x-moose majestic
08-05 01:16:18.019  1748  2297 D CustomInterceptor: x-ua-compatible IE=edge
08-05 01:16:18.019  1748  2297 D CustomInterceptor: x-xss-protection 1; mode=block
08-05 01:16:18.019  1748  2297 D CustomInterceptor: CACHEABLE true
08-05 01:16:18.019  1748  2297 D CustomInterceptor: REQ https://oauth.reddit.com/r/askscience/about.json
08-05 01:16:18.019  1748  2297 D CustomInterceptor: REQ_SERV_BY net
08-05 01:16:18.020  1748  2297 D CustomInterceptor: PREFLIB Adding response to lrucache - https://oauth.reddit.com/r/askscience/about.json
08-05 01:16:18.023  1748  2297 D CustomInterceptor: interceptor_finished : return_type #3 : request served from remote and added to cache
08-05 01:16:18.024  1748  2297 I NAPPA_EXPERIMENTATION: MetricNetworkRequestExecutionTime: REQUEST_DURATION_SYSTEM='270',REQUEST_DURATION_OKHTTP='0',REQUEST_SYNCHRONOUS='TRUE',RESPONSE_CODE='200',RESPONSE_METHOD='GET',RESPONSE_LENGTH_OKHTTP='19957',RESPONSE_LENGTH_HEADER='-2',REQUEST_PROTOCOL='h2',REQUEST_URL='https://oauth.reddit.com/r/askscience/about.json',
08-05 01:16:18.024  1748  2297 D OK      : request got status: 200
08-05 01:16:18.054  1748  1759 I art     : Starting a blocking GC Explicit
