08-06 00:32:16.609   512  2967 I soundtrigger: audio_extn_sound_trigger_update_device_status: device 0x2 of type 0 for Event 0
08-06 00:32:16.662  7893  8277 I art     : Starting a blocking GC Explicit
08-06 00:32:16.712  7893  8277 I art     : Explicit concurrent mark sweep GC freed 1519(90KB) AllocSpace objects, 1(20KB) LOS objects, 27% free, 41MB/57MB, paused 695us total 50.150ms
08-06 00:32:16.731  7893  8277 I art     : Starting a blocking GC Explicit
08-06 00:32:16.775  7893  8277 I art     : Explicit concurrent mark sweep GC freed 30(1072B) AllocSpace objects, 0(0B) LOS objects, 27% free, 41MB/57MB, paused 644us total 44.197ms
08-06 00:32:16.791  7893  8277 I art     : Starting a blocking GC Explicit
08-06 00:32:16.837  7893  8277 I art     : Explicit concurrent mark sweep GC freed 3(96B) AllocSpace objects, 0(0B) LOS objects, 27% free, 41MB/57MB, paused 655us total 45.099ms
08-06 00:32:16.853  7893  8277 I art     : Starting a blocking GC Explicit
08-06 00:32:16.897  7893  8277 I art     : Explicit concurrent mark sweep GC freed 3(96B) AllocSpace objects, 0(0B) LOS objects, 27% free, 41MB/57MB, paused 732us total 44.453ms
08-06 00:32:16.914  7893  8277 I art     : Starting a blocking GC Explicit
08-06 00:32:16.959  7893  8277 I art     : Explicit concurrent mark sweep GC freed 3(96B) AllocSpace objects, 0(0B) LOS objects, 27% free, 41MB/57MB, paused 666us total 44.775ms
08-06 00:32:17.292  7893  7904 I art     : Starting a blocking GC Explicit
08-06 00:32:17.338  7893  7904 I art     : Explicit concurrent mark sweep GC freed 1513(88KB) AllocSpace objects, 1(20KB) LOS objects, 27% free, 41MB/57MB, paused 732us total 45.995ms
08-06 00:32:17.354  7893  7904 I art     : Starting a blocking GC Explicit
08-06 00:32:17.397  7893  7904 I art     : Explicit concurrent mark sweep GC freed 26(944B) AllocSpace objects, 0(0B) LOS objects, 27% free, 41MB/57MB, paused 789us total 42.888ms
08-06 00:32:17.413  7893  7904 I art     : Starting a blocking GC Explicit
08-06 00:32:17.455  7893  7904 I art     : Explicit concurrent mark sweep GC freed 3(96B) AllocSpace objects, 0(0B) LOS objects, 27% free, 41MB/57MB, paused 676us total 42.127ms
08-06 00:32:17.471  7893  7904 I art     : Starting a blocking GC Explicit
08-06 00:32:17.514  7893  7904 I art     : Explicit concurrent mark sweep GC freed 3(96B) AllocSpace objects, 0(0B) LOS objects, 27% free, 41MB/57MB, paused 662us total 42.925ms
08-06 00:32:17.530  7893  7904 I art     : Starting a blocking GC Explicit
08-06 00:32:17.573  7893  7904 I art     : Explicit concurrent mark sweep GC freed 3(96B) AllocSpace objects, 0(0B) LOS objects, 27% free, 41MB/57MB, paused 654us total 42.718ms
08-06 00:32:17.804  8996  8996 D AndroidRuntime: >>>>>> START com.android.internal.os.RuntimeInit uid 2000 <<<<<<
08-06 00:32:17.809  8996  8996 D AndroidRuntime: CheckJNI is OFF
08-06 00:32:17.848  8996  8996 D ICU     : No timezone override file found: /data/misc/zoneinfo/current/icu/icu_tzdata.dat
08-06 00:32:17.885  7893  7905 I art     : Starting a blocking GC Explicit
08-06 00:32:17.886  8996  8996 I Radio-JNI: register_android_hardware_Radio DONE
08-06 00:32:17.914  8996  8996 D AndroidRuntime: Calling main entry com.android.commands.input.Input
08-06 00:32:17.916  8996  8996 I Input   : injectMotionEvent: MotionEvent { action=ACTION_DOWN, actionButton=0, id[0]=0, x[0]=436.0, y[0]=1770.0, toolType[0]=TOOL_TYPE_UNKNOWN, buttonState=0, metaState=0, flags=0x0, edgeFlags=0x0, pointerCount=1, historySize=0, eventTime=837154328, downTime=837154328, deviceId=0, source=0x1002 }
08-06 00:32:17.922  8996  8996 I Input   : injectMotionEvent: MotionEvent { action=ACTION_UP, actionButton=0, id[0]=0, x[0]=436.0, y[0]=1770.0, toolType[0]=TOOL_TYPE_UNKNOWN, buttonState=0, metaState=0, flags=0x0, edgeFlags=0x0, pointerCount=1, historySize=0, eventTime=837154328, downTime=837154328, deviceId=0, source=0x1002 }
08-06 00:32:17.922  7893  7905 I art     : Explicit concurrent mark sweep GC freed 1540(88KB) AllocSpace objects, 1(20KB) LOS objects, 27% free, 41MB/57MB, paused 582us total 37.598ms
08-06 00:32:17.923  8996  8996 D AndroidRuntime: Shutting down VM
08-06 00:32:17.935  7893  7893 D MainActivity: NavigationItemSelected: Courses
08-06 00:32:17.936  7893  7893 D NappaIntentExtras: ==================
08-06 00:32:17.936  7893  7893 D NappaIntentExtras: Log #5
08-06 00:32:17.936  7893  7893 D NappaIntentExtras: ------------------
08-06 00:32:17.936  7893  7893 D NappaIntentExtras: activity nappagreedy.com.ak.uobtimetable.WelcomeActivity
08-06 00:32:17.936  7893  7893 D NappaIntentExtras: 	- No extras registered
08-06 00:32:17.936  7893  7893 D NappaIntentExtras: activity nappagreedy.com.ak.uobtimetable.MainActivity
08-06 00:32:17.936  7893  7893 D NappaIntentExtras: 	- No extras registered
08-06 00:32:17.936  7893  7893 D NappaIntentExtras: activity nappagreedy.com.ak.uobtimetable.CourseListActivity
08-06 00:32:17.937   512  2967 D audio_hw_primary: out_set_parameters: enter: usecase(1: low-latency-playback) kvpairs: routing=2
08-06 00:32:17.937  7893  7893 D NappaIntentExtras: 	- 1 extras registered
08-06 00:32:17.937  7893  7893 D NappaIntentExtras: 	- forceRefreshSessions : true
08-06 00:32:17.937  7893  7893 D NappaIntentExtras: ==================
08-06 00:32:17.938   918   929 I ActivityManager: START u0 {cmp=nappagreedy.com.ak.uobtimetable/.CourseListActivity} from uid 10715 on display 0
08-06 00:32:17.938  7893  7905 I art     : Starting a blocking GC Explicit
08-06 00:32:17.945  7893  7893 D NappaLifecycleObserver: nappagreedy.com.ak.uobtimetable.MainActivity - onPause
08-06 00:32:17.945  7893  7893 D Nappa   : Stayed on nappagreedy.com.ak.uobtimetable.MainActivity for 6344 ms
08-06 00:32:17.946  7893  7893 D MainActivity: OnPause
08-06 00:32:17.950   512  2967 D audio_hw_primary: select_devices: out_snd_device(2: speaker) in_snd_device(0: none)
08-06 00:32:17.950   512  2967 D msm8974_platform: platform_send_audio_calibration: sending audio calibration for snd_device(2) acdb_id(15)
08-06 00:32:17.950   512  2967 I soundtrigger: audio_extn_sound_trigger_update_device_status: device 0x2 of type 0 for Event 1
08-06 00:32:17.968   512  2967 D audio_hw_primary: enable_snd_device: snd_device(2: speaker)
08-06 00:32:17.971   512  2967 D audio_hw_primary: enable_audio_route: apply and update mixer path: low-latency-playback speaker
08-06 00:32:17.980  7893  7905 I art     : Explicit concurrent mark sweep GC freed 740(30KB) AllocSpace objects, 0(0B) LOS objects, 27% free, 41MB/57MB, paused 1.013ms total 41.468ms
08-06 00:32:17.994  7893  7905 I art     : Starting a blocking GC Explicit
08-06 00:32:18.000  7893  7893 D CourseListActivity: onCreate
08-06 00:32:18.002  7893  7893 D NappaLifecycleObserver: nappagreedy.com.ak.uobtimetable.CourseListActivity - onResume
08-06 00:32:18.002  7893  9019 D Nappa   : TAG okHttpClient initialized
08-06 00:32:18.002  7893  7893 D Nappa   : setCurrentActivity - MetricStrategyAccuracy - 
08-06 00:32:18.002  7893  7893 D Nappa   : madePredictionFromActivity = true, 
08-06 00:32:18.002  7893  7893 D Nappa   : fromActivity = nappagreedy.com.ak.uobtimetable.MainActivity, 
08-06 00:32:18.002  7893  7893 D Nappa   : predictedNextActivityFromActivity = [nappagreedy.com.ak.uobtimetable.WelcomeActivity, nappagreedy.com.ak.uobtimetable.CourseListActivity, nappagreedy.com.ak.uobtimetable.MainActivity], 
08-06 00:32:18.002  7893  7893 D Nappa   : activity.getClass().getCanonicalName() = nappagreedy.com.ak.uobtimetable.CourseListActivity, 
08-06 00:32:18.002  7893  7893 D Nappa   : setCurrentActivity - MetricStrategyAccuracy - 
08-06 00:32:18.002  7893  7893 D Nappa   : madePredictionFromExtra = false, 
08-06 00:32:18.002  7893  7893 D Nappa   : fromActivity = nappagreedy.com.ak.uobtimetable.MainActivity, 
08-06 00:32:18.002  7893  7893 D Nappa   : predictedNextActivityFromExtra = [], 
08-06 00:32:18.002  7893  7893 D Nappa   : activity.getClass().getCanonicalName() = nappagreedy.com.ak.uobtimetable.CourseListActivity, 
08-06 00:32:18.002  7893  9019 D HTTP    : Request for: https://uob-timetable-api.adriankeenan.co.uk/courses
08-06 00:32:18.002  7893  7893 D Nappa   : PREFETCH_ON_EXTRA - setCurrentActivity - logs - from activity - made prediction istrue
08-06 00:32:18.002  7893  7893 D Nappa   : PREFETCH_ON_EXTRA - setCurrentActivity - logs - from activity - start
08-06 00:32:18.002  7893  7893 D Nappa   : setCurrentActivity - MetricStrategyAccuracy - checking prediction VS current activity for activities
08-06 00:32:18.003  7893  7893 D GreedyPrefetchingStrategyOnVisitFrequencyAndTime: MetricStrategyAccuracy inc hits count6 | from act
08-06 00:32:18.003  7893  7893 I NAPPA_EXPERIMENTATION: MetricStrategyAccuracy: LOG_ID='6',EXECUTION_COUNT='6',CASES_COUNT='6',HIT_PERCENTAGE_TOTAL='100.0',HIT_PERCENTAGE_WHEN_PREDICTED='100.0',HIT_COUNT='6',MISS_COUNT='0',INSUFFICIENT_SCORE_COUNT='0',EXCEPTION_COUNT='0',NO_SUCCESSOR_COUNT='0',
08-06 00:32:18.003  7893  7893 D Nappa   : PREFETCH_ON_EXTRA - setCurrentActivity - logs - from activity- finished
08-06 00:32:18.003  7893  9019 D CustomInterceptor: NETWORK-PROVIDER https://uob-timetable-api.adriankeenan.co.uk/courses
08-06 00:32:18.003  7893  9019 D Nappa   : F1_SCORE add_intercept_url - (already in) - https://uob-timetable-api.adriankeenan.co.uk/courses
08-06 00:32:18.003  7893  9019 D Nappa   : F1_SCORE add_fn_url - (already in) - https://uob-timetable-api.adriankeenan.co.uk/courses
08-06 00:32:18.003  7893  9019 D Nappa   : -------------F1_SCORE #9 -----------
08-06 00:32:18.003  7893  9019 D Nappa   : F1_SCORE - Intercept list (3)= [https://uob-timetable-api.adriankeenan.co.uk/courses, https://uob-timetable-api.adriankeenan.co.uk/sessions?dept=BD002&course=CFIEFAAF%2F02AA%2F0%2FFT&level=ALL+Courses, https://uob-timetable-api.adriankeenan.co.uk/sessions?dept=CM010&course=BSAIFAAF%2F02AA%2F0%2FFT&level=Foundation+Year]
08-06 00:32:18.003  7893  9019 D Nappa   : F1_SCORE - Prefetch list (0)= []
08-06 00:32:18.003  7893  9019 D Nappa   : F1_SCORE - TP list (0)= []
08-06 00:32:18.004  7893  9019 D Nappa   : F1_SCORE - FN list (3)= [https://uob-timetable-api.adriankeenan.co.uk/courses, https://uob-timetable-api.adriankeenan.co.uk/sessions?dept=BD002&course=CFIEFAAF%2F02AA%2F0%2FFT&level=ALL+Courses, https://uob-timetable-api.adriankeenan.co.uk/sessions?dept=CM010&course=BSAIFAAF%2F02AA%2F0%2FFT&level=Foundation+Year]
08-06 00:32:18.004  7893  9019 I NAPPA_EXPERIMENTATION: MetricPrefetchingAccuracy: LOG_ID='10',F1_SCORE_1='0.0',F1_SCORE_2='0.0',TRUE_POSITIVE='0',FALSE_POSITIVE='0',FALSE_NEGATIVE='3',
08-06 00:32:18.004  7893  9019 D CustomInterceptor: HEADER REQUEST
08-06 00:32:18.004  7893  9019 D CustomInterceptor: API-Version 2
08-06 00:32:18.004  7893  9019 D CustomInterceptor: App-Version 21
08-06 00:32:18.004  7893  9019 D CustomInterceptor: Cache-Control max-age=300, max-stale=300
08-06 00:32:18.004  7893  9019 D CustomInterceptor: User-Agent Dalvik/2.1.0 (Linux; U; Android 6.0; Nexus 6P Build/MDB08K)
08-06 00:32:18.004  7893  9019 D CustomInterceptor: CACHED STATS: size = '3', maxSize = '100', hitCount = '4', createCount = '0', putCount = '3', evictionCount = '0', missCount = '3', toString = 'LruCache[maxSize=100,hits=4,misses=3,hitRate=57%]', 
08-06 00:32:18.004  7893  9019 D CustomInterceptor: PREFLIB GET REQUEST https://uob-timetable-api.adriankeenan.co.uk/courses
08-06 00:32:18.004  7893  9019 D CustomInterceptor: PREFLIB found https://uob-timetable-api.adriankeenan.co.uk/courses, sending it back
08-06 00:32:18.159  7893  7905 W art     : Suspending all threads took: 108.689ms
08-06 00:32:18.161  7893  7893 D Nappa   : registerActivity: (already in) nappagreedy.com.ak.uobtimetable.CourseListActivity
08-06 00:32:18.161  7893  7911 D Nappa   : registerActivity: (already in) nappagreedy.com.ak.uobtimetable.CourseListActivity
08-06 00:32:18.161  7893  7893 D ActivityGraph: LARDataCalculatedUpdate nappagreedy.com.ak.uobtimetable.CourseListActivity Pagerank: 0.25 HITS-Authority: 1.0 HITS-Hub: 1.0 SALSA-Authority: 1.0 SALSA-Hub: 1.0
08-06 00:32:18.161  7893  7911 D Nappa   : PARENTS 
08-06 00:32:18.161  7893  7911 D Nappa   : Of: nappagreedy.com.ak.uobtimetable.CourseListActivity -> 
08-06 00:32:18.161  7893  7911 D Nappa   : PARENTS nappagreedy.com.ak.uobtimetable.WelcomeActivity
08-06 00:32:18.161  7893  7893 D Nappa   : SHOULD_PREFETCH false
08-06 00:32:18.161  7893  7911 D Nappa   : PARENTS nappagreedy.com.ak.uobtimetable.MainActivity
08-06 00:32:18.161  7893  7893 D Nappa   : STATS Number of requests not prefetched: 3
08-06 00:32:18.161  7893  7911 D Nappa   : PARENTS nappagreedy.com.ak.uobtimetable.CourseListActivity
08-06 00:32:18.161  7893  7893 D Nappa   : STATS Number of requests prefetched: 2
08-06 00:32:18.161  7893  7911 D Nappa   : PARENTS has extra: (forceRefreshSessions, true)
08-06 00:32:18.161  7893  7893 D Nappa   : STATS Time saved until now: 0.08
08-06 00:32:18.163  7893  7905 I art     : Explicit concurrent mark sweep GC freed 2563(167KB) AllocSpace objects, 0(0B) LOS objects, 18% free, 71MB/87MB, paused 110.424ms total 168.390ms
08-06 00:32:18.164  7893  9019 D CustomInterceptor: CONTENT {
08-06 00:32:18.164  7893  9019 D CustomInterceptor:     "api_version": 2,
08-06 00:32:18.164  7893  9019 D CustomInterceptor:     "response_time": 0.69,
08-06 00:32:18.164  7893  9019 D CustomInterceptor:     "error": false,
08-06 00:32:18.164  7893  9019 D CustomInterceptor:     "courses": [
08-06 00:32:18.164  7893  9019 D CustomInterceptor:         {
08-06 00:32:18.164  7893  9019 D CustomInterceptor:             "id": "MBXBB\/10AA\/1\/PT",
08-06 00:32:18.164  7893  9019 D CustomInterceptor:             "name": "(Executive) Business Administration - Exec MBA - Ltn - Year 1 Oct PT",
08-06 00:32:18.164  7893  9019 D CustomInterceptor:             "name_start": "(Executive) Business Administration",
08-06 00:32:18.164  7893  9019 D CustomInterceptor:             "name_end": "Exec MBA - Ltn - Year 1 Oct PT",
08-06 00:32:18.164  7893  9019 D CustomInterceptor:             "level": "ALL Courses",
08-06 00:32:18.164  7893  9019 D CustomInterceptor:             "department": {
08-06 00:32:18.164  7893  9019 D CustomInterceptor:                 "id": "BU003",
08-06 00:32:18.164  7893  9019 D CustomInterceptor:                 "name": "Department of Strategy and Management",
08-06 00:32:18.164  7893  9019 D CustomInterceptor:                 "course_count": 1370
08-06 00:32:18.164  7893  9019 D CustomInterceptor:             },
08-06 00:32:18.164  7893  9019 D CustomInterceptor:             "session_url": "https:\/\/uob-timetable-api.adriankeenan.co.uk\/sessions?dept=BU003&course=MBXBB%2F10AA%2F1%2FPT&level=ALL+Courses"
08-06 00:32:18.164  7893  9019 D CustomInterceptor:         },
08-06 00:32:18.164  7893  9019 D CustomInterceptor:         {
08-06 00:32:18.164  7893  9019 D CustomInterceptor:             "id": "MBXBB\/10AA\/1\/PT",
08-06 00:32:18.164  7893  9019 D CustomInterceptor:             "name": "(Executive) Business Administration - Exec MBA - Ltn - Year 1 Oct PT",
08-06 00:32:18.164  7893  9019 D CustomInterceptor:             "name_start": "(Executive) Business Administration",
08-06 00:32:18.164  7893  9019 D CustomInterceptor:             "name_end": "Exec MBA - Ltn - Year 1 Oct PT",
08-06 00:32:18.164  7893  9019 D CustomInterceptor:             "level": "Postgraduate",
08-06 00:32:18.164  7893  9019 D CustomInterceptor:             "department": {
08-06 00:32:18.164  7893  9019 D CustomInterceptor:                 "id": "BU003",
08-06 00:32:18.164  7893  9019 D CustomInterceptor:                 "name": "Department of Strategy and Management",
08-06 00:32:18.164  7893  9019 D CustomInterceptor:                 "course_count": 1370
08-06 00:32:18.164  7893  9019 D CustomInterceptor:             },
08-06 00:32:18.164  7893  9019 D CustomInterceptor:             "session_url": "https:\/\/uob-timetable-api.adriankeenan.co.uk\/sessions?dept=BU003&course=MBXBB%2F10AA%2F1%2FPT&level=Postgraduate"
08-06 00:32:18.164  7893  9019 D CustomInterceptor:         },
08-06 00:32:18.164  7893  9019 D CustomInterceptor:         {
08-06 00:32:18.164  7893  9019 D CustomInterceptor:             "id": "MBXBB\/03AA\/2\/PT",
08-06 00:32:18.164  7893  9019 D CustomInterceptor:             "name": "(Executive) Business Administration - Exec MBA - Ltn - Year 2 Mar PT",
08-06 00:32:18.164  7893  9019 D CustomInterceptor:             "name_start": "(Executive) Business Administration",
08-06 00:32:18.164  7893  9019 D CustomInterceptor:             "name_end": "Exec MBA - Ltn - Year 2 Mar PT",
08-06 00:32:18.164  7893  9019 D CustomInterceptor:             "level": "Postgraduate",
08-06 00:32:18.164  7893  9019 D CustomInterceptor:             "department": {
08-06 00:32:18.164  7893  9019 D CustomInterceptor:                 "id": "BU003",
08-06 00:32:18.164  7893  9019 D CustomInterceptor:                 "name": "Department of Strategy and Management",
08-06 00:32:18.164  7893  9019 D CustomInterceptor:                 "course_count": 1370
08-06 00:32:18.164  7893  9019 D CustomInterceptor:             },
08-06 00:32:18.164  7893  9019 D CustomInterceptor:             "session_url": "https:\/\/uob-timetable-api.adriankeenan.co.uk\/sessions?dept=BU003&course=MBXBB%2F03AA%2F2%2FPT&level=Postgraduate"
08-06 00:32:18.164  7893  9019 D CustomInterceptor:         },
08-06 00:32:18.164  7893  9019 D CustomInterceptor:         {
08-06 00:32:18.164  7893  9019 D CustomInterceptor:             "id": "MBXBB\/03AA\/2\/PT",
08-06 00:32:18.164  7893  9019 D CustomInterceptor:             "name": "(Executive) Business Administration - Exec MBA - Ltn - Year 2 Mar PT",
08-06 00:32:18.164  7893  9019 D CustomInterceptor:             "name_start": "(Executive) Business Administration",
08-06 00:32:18.164  7893  9019 D CustomInterceptor:             "name_end": "Exec MBA - Ltn - Year 2 Mar PT",
08-06 00:32:18.164  7893  9019 D CustomInterceptor:             "level": "ALL Courses",
08-06 00:32:18.164  7893  9019 D CustomInterceptor:             "department": {
08-06 00:32:18.164  7893  9019 D CustomInterceptor:                 "id": "BU003",
08-06 00:32:18.164  7893  9019 D CustomInterceptor:                 "name": "Department of Strategy and Management",
08-06 00:32:18.164  7893  9019 D CustomInterceptor:                 "course_count": 1370
08-06 00:32:18.164  7893  9019 D CustomInterceptor:             },
08-06 00:32:18.164  7893  9019 D CustomInterceptor:             "session_url": "https:\/\/uob-timetable-api.adriankeenan.co.uk\/sessions?dept=BU003&course=MBXBB%2F03AA%2F2%2FPT&level=ALL+Courses"
08-06 00:32:18.164  7893  9019 D CustomInterceptor:         },
08-06 00:32:18.164  7893  9019 D CustomInterceptor:         {
08-06 00:32:18.164  7893  9019 D CustomInterceptor:             "id": "MBXBB\/10AA\/2\/PT",
08-06 00:32:18.164  7893  9019 D CustomInterceptor:             "name": "(Executive) Business Administration - Exec MBA - Ltn - Year 2 Oct PT",
08-06 00:32:18.164  7893  9019 D CustomInterceptor:             "name_start": "(Executive) Business Administration",
08-06 00:32:18.164  7893  9019 D CustomInterceptor:             "name_end": "Exec MBA - Ltn - Year 2 Oct PT",
08-06 00:32:18.164  7893  9019 D CustomInterceptor:             "level": "Postgraduate",
08-06 00:32:18.164  7893  9019 D CustomInterceptor:             "department": {
08-06 00:32:18.164  7893  9019 D CustomInterceptor:                 "id": "BU003",
08-06 00:32:18.164  7893  9019 D CustomInterceptor:                 "name": "Department of Strategy and Management",
08-06 00:32:18.164  7893  9019 D CustomInterceptor:                 "course_count": 1370
08-06 00:32:18.164  7893  9019 D CustomInterceptor:             },
08-06 00:32:18.164  7893  9019 D CustomInterceptor:             "session_url": "https:\/\/uob-timetable-api.adriankeenan.co.uk\/sessions?dept=BU003&course=MBXBB%2F10AA%2F2%2FPT&level=Postgraduate"
08-06 00:32:18.164  7893  9019 D CustomInterceptor:         },
08-06 00:32:18.164  7893  9019 D CustomInterceptor:         {
08-06 00:32:18.164  7893  9019 D CustomInterceptor:             "id": "MBXBB\/10AA\/2\/PT",
08-06 00:32:18.164  7893  9019 D CustomInterceptor:             "name": "(Executive) Business Administration - Exec MBA - Ltn - Year 2 Oct PT",
08-06 00:32:18.164  7893  9019 D CustomInterceptor:             "name_start": "(Executive) Business Administration",
08-06 00:32:18.164  7893  9019 D CustomInterceptor:             "name_end": "Exec MBA - Ltn - Year 2 Oct PT",
08-06 00:32:18.164  7893  9019 D CustomInterceptor:             "level": "ALL Courses",
08-06 00:32:18.164  7893  9019 D CustomInterceptor:             "department": {
08-06 00:32:18.164  7893  9019 D CustomInterceptor:                 "id": "BU003",
08-06 00:32:18.164  7893  9019 D CustomInterceptor:                 "name": "Department of Strategy and Management",
08-06 00:32:18.164  7893  9019 D CustomInterceptor:                 "course_count": 1370
08-06 00:32:18.164  7893  9019 D CustomInterceptor:             },
08-06 00:32:18.164  7893  9019 D CustomInterceptor:             "session_url": "https:\/\/uob-timetable-api.adriankeenan.co.uk\/sessions?dept=BU003&course=MBXBB%2F10AA%2F2%2FPT&level=ALL+Courses"
08-06 00:32:18.164  7893  9019 D CustomInterceptor:         },
08-06 00:32:18.164  7893  9019 D CustomInterceptor:         {
08-06 00:32:18.164  7893  9019 D CustomInterceptor:             "id": "PDAPAAAP\/02AA\/1\/PT",
08-06 00:32:18.164  7893  9019 D CustomInterceptor:             "name": "Academic Practice (Apprenticeship) - PG Dip - Ltn - Year 1 Feb PT",
08-06 00:32:18.164  7893  9019 D CustomInterceptor:             "name_st
08-06 00:32:18.166  7893  9019 D CustomInterceptor: interceptor_finished : return_type #2 : request served from cache
08-06 00:32:18.178  7893  7905 I art     : Starting a blocking GC Explicit
08-06 00:32:18.219  7893  7893 D ActivityNode: Observer - visit time - MainActivity - New aggregate visit time found is 32423 ms
08-06 00:32:18.224   918   936 I ActivityManager: Displayed nappagreedy.com.ak.uobtimetable/.CourseListActivity: +276ms
08-06 00:32:18.224 13866 13866 I GoogleInputMethodServic: GoogleInputMethodService.onFinishInput():3138 
08-06 00:32:18.225 13866 13866 I GoogleInputMethodServic: GoogleInputMethodService.onStartInput():1808 
08-06 00:32:18.325  7893  9019 I NAPPA_EXPERIMENTATION: MetricNetworkRequestExecutionTime: REQUEST_DURATION_SYSTEM='322',REQUEST_DURATION_OKHTTP='0',REQUEST_SYNCHRONOUS='TRUE',RESPONSE_CODE='200',RESPONSE_METHOD='GET',RESPONSE_LENGTH_OKHTTP='7859794',RESPONSE_LENGTH_HEADER='-2',REQUEST_PROTOCOL='http/1.1',REQUEST_URL='https://uob-timetable-api.adriankeenan.co.uk/courses',
08-06 00:32:18.339  7893  7905 I art     : Explicit concurrent mark sweep GC freed 946(57KB) AllocSpace objects, 2(29MB) LOS objects, 19% free, 68MB/84MB, paused 870us total 160.768ms
08-06 00:32:18.355  7893  7905 I art     : Starting a blocking GC Explicit
08-06 00:32:18.403  7893  7905 I art     : Explicit concurrent mark sweep GC freed 2029(11MB) AllocSpace objects, 1(7MB) LOS objects, 19% free, 64MB/80MB, paused 692us total 47.617ms
08-06 00:32:18.403  7893  7911 D Nappa   : PREFETCH_ON_EXTRA - setCurrentActivity - logs - from extra - made prediction isfalse
08-06 00:32:18.508   512  2967 D audio_hw_primary: disable_audio_route: reset and update mixer path: low-latency-playback speaker
08-06 00:32:18.510   512  2967 D audio_hw_primary: disable_snd_device: snd_device(2: speaker)
08-06 00:32:18.518   512  2967 I soundtrigger: audio_extn_sound_trigger_update_device_status: device 0x2 of type 0 for Event 0
08-06 00:32:18.526  7893  9019 I HTTP    : Response was compressed.
08-06 00:32:18.603  7893  7893 D MainActivity: Saving state
08-06 00:32:18.603  7893  7893 D MainActivity: Saving current fragment: SessionListsFragment
08-06 00:32:18.603  7893  7893 D MainActivity: Saving current index: 3
08-06 00:32:18.605  7893  7893 D SessionListsFragment: Saving state
08-06 00:32:18.712  7893  8277 I art     : Starting a blocking GC Explicit
08-06 00:32:18.761  7893  8277 I art     : Explicit concurrent mark sweep GC freed 69408(3MB) AllocSpace objects, 0(0B) LOS objects, 21% free, 57MB/73MB, paused 1.001ms total 49.490ms
08-06 00:32:18.777  7893  8277 I art     : Starting a blocking GC Explicit
08-06 00:32:18.826  7893  8277 I art     : Explicit concurrent mark sweep GC freed 36633(1732KB) AllocSpace objects, 0(0B) LOS objects, 21% free, 58MB/74MB, paused 1.136ms total 48.031ms
08-06 00:32:18.841  7893  8277 I art     : Starting a blocking GC Explicit
08-06 00:32:18.892  7893  8277 I art     : Explicit concurrent mark sweep GC freed 36544(1701KB) AllocSpace objects, 0(0B) LOS objects, 21% free, 58MB/74MB, paused 1.432ms total 50.710ms
08-06 00:32:18.908  7893  8277 I art     : Starting a blocking GC Explicit
08-06 00:32:18.956  7893  8277 I art     : Explicit concurrent mark sweep GC freed 29863(1411KB) AllocSpace objects, 0(0B) LOS objects, 21% free, 58MB/74MB, paused 1.083ms total 46.890ms
08-06 00:32:18.972  7893  8277 I art     : Starting a blocking GC Explicit
08-06 00:32:19.016 24365 12204 I NetworkScheduler.Stats: Task com.google.android.gms/com.google.android.gms.icing.service.IcingGcmTaskService started execution. cause:4 exec_start_elapsed_seconds: 1820542 [CONTEXT service_id=218 ]
08-06 00:32:19.021  7893  8277 I art     : Explicit concurrent mark sweep GC freed 31410(1470KB) AllocSpace objects, 0(0B) LOS objects, 21% free, 58MB/74MB, paused 1.126ms total 48.714ms
08-06 00:32:19.033 24365 20837 I NetworkScheduler.Stats: Task com.google.android.gms/com.google.android.gms.icing.service.IcingGcmTaskService finished executing. cause:4 result: 1 elapsed_millis: 108 uptime_millis: 108 exec_start_elapsed_seconds: 1820542 [CONTEXT service_id=218 ]
08-06 00:32:19.095 24365 24372 I art     : Background partial concurrent mark sweep GC freed 63218(3MB) AllocSpace objects, 0(0B) LOS objects, 27% free, 41MB/57MB, paused 897us total 155.342ms
08-06 00:32:19.327  7893  8277 I art     : Starting a blocking GC Explicit
08-06 00:32:19.398  7893  8277 I art     : Explicit concurrent mark sweep GC freed 195902(9MB) AllocSpace objects, 1(20KB) LOS objects, 20% free, 60MB/76MB, paused 1.004ms total 70.626ms
08-06 00:32:19.416  7893  8277 I art     : Starting a blocking GC Explicit
08-06 00:32:19.475  7893  8277 I art     : Explicit concurrent mark sweep GC freed 48509(2MB) AllocSpace objects, 0(0B) LOS objects, 20% free, 60MB/76MB, paused 1.363ms total 58.571ms
08-06 00:32:19.493  7893  8277 I art     : Starting a blocking GC Explicit
08-06 00:32:19.552  7893  8277 I art     : Explicit concurrent mark sweep GC freed 41538(1940KB) AllocSpace objects, 0(0B) LOS objects, 20% free, 60MB/76MB, paused 1.503ms total 58.710ms
08-06 00:32:19.571  7893  8277 I art     : Starting a blocking GC Explicit
08-06 00:32:19.630  7893  8277 I art     : Explicit concurrent mark sweep GC freed 41042(1918KB) AllocSpace objects, 0(0B) LOS objects, 20% free, 61MB/77MB, paused 1.529ms total 59.297ms
08-06 00:32:19.650  7893  8277 I art     : Starting a blocking GC Explicit
08-06 00:32:19.710  7893  8277 I art     : Explicit concurrent mark sweep GC freed 41572(1955KB) AllocSpace objects, 0(0B) LOS objects, 20% free, 61MB/77MB, paused 1.356ms total 60.385ms
08-06 00:32:20.042  7893  7905 I art     : Starting a blocking GC Explicit
08-06 00:32:20.127  7893  7905 I art     : Explicit concurrent mark sweep GC freed 212251(9MB) AllocSpace objects, 1(20KB) LOS objects, 20% free, 63MB/79MB, paused 1.224ms total 84.384ms
08-06 00:32:20.148  7893  7905 I art     : Starting a blocking GC Explicit
08-06 00:32:20.214  7893  7905 I art     : Explicit concurrent mark sweep GC freed 54442(2MB) AllocSpace objects, 0(0B) LOS objects, 20% free, 63MB/79MB, paused 1.755ms total 65.676ms
08-06 00:32:20.234  7893  7905 I art     : Starting a blocking GC Explicit
08-06 00:32:20.301  7893  7905 I art     : Explicit concurrent mark sweep GC freed 46453(2MB) AllocSpace objects, 0(0B) LOS objects, 20% free, 63MB/79MB, paused 1.598ms total 66.788ms
08-06 00:32:20.322  7893  7905 I art     : Starting a blocking GC Explicit
08-06 00:32:20.393  7893  7905 I art     : Explicit concurrent mark sweep GC freed 46898(2MB) AllocSpace objects, 0(0B) LOS objects, 19% free, 64MB/80MB, paused 1.625ms total 70.629ms
08-06 00:32:20.414  7893  7905 I art     : Starting a blocking GC Explicit
08-06 00:32:20.483  7893  7905 I art     : Explicit concurrent mark sweep GC freed 42954(2040KB) AllocSpace objects, 0(0B) LOS objects, 19% free, 64MB/80MB, paused 1.607ms total 69.358ms
08-06 00:32:20.802  7893  8277 I art     : Starting a blocking GC Explicit
08-06 00:32:20.896  7893  8277 I art     : Explicit concurrent mark sweep GC freed 199174(9MB) AllocSpace objects, 1(20KB) LOS objects, 19% free, 66MB/82MB, paused 1.472ms total 93.981ms
08-06 00:32:20.919  7893  8277 I art     : Starting a blocking GC Explicit
08-06 00:32:20.995  7893  8277 I art     : Explicit concurrent mark sweep GC freed 59693(2MB) AllocSpace objects, 0(0B) LOS objects, 19% free, 66MB/82MB, paused 1.666ms total 75.931ms
08-06 00:32:21.017  7893  8277 I art     : Starting a blocking GC Explicit
08-06 00:32:21.094  7893  8277 I art     : Explicit concurrent mark sweep GC freed 52035(2MB) AllocSpace objects, 0(0B) LOS objects, 19% free, 66MB/82MB, paused 1.773ms total 76.518ms
08-06 00:32:21.116  7893  8277 I art     : Starting a blocking GC Explicit
08-06 00:32:21.194  7893  8277 I art     : Explicit concurrent mark sweep GC freed 51931(2MB) AllocSpace objects, 0(0B) LOS objects, 19% free, 67MB/83MB, paused 1.793ms total 77.101ms
08-06 00:32:21.216  7893  8277 I art     : Starting a blocking GC Explicit
08-06 00:32:21.295  7893  8277 I art     : Explicit concurrent mark sweep GC freed 53070(2MB) AllocSpace objects, 0(0B) LOS objects, 19% free, 67MB/83MB, paused 1.753ms total 78.813ms
08-06 00:32:21.379  7893  9019 I Service : getCourses response time: 0.69
08-06 00:32:21.391  7893  7893 I SettingsManager: Getting string: savedCourse
08-06 00:32:21.618  7893  7905 I art     : Starting a blocking GC Explicit
08-06 00:32:21.711  7893  7905 I art     : Explicit concurrent mark sweep GC freed 52550(2MB) AllocSpace objects, 2(15MB) LOS objects, 23% free, 52MB/68MB, paused 665us total 92.690ms
08-06 00:32:21.734  7893  7905 I art     : Starting a blocking GC Explicit
08-06 00:32:21.816  7893  7905 I art     : Explicit concurrent mark sweep GC freed 787(68KB) AllocSpace objects, 0(0B) LOS objects, 23% free, 52MB/68MB, paused 701us total 81.648ms
08-06 00:32:21.841  7893  7905 I art     : Starting a blocking GC Explicit
08-06 00:32:21.927  7893  7905 I art     : Explicit concurrent mark sweep GC freed 3(96B) AllocSpace objects, 0(0B) LOS objects, 23% free, 52MB/68MB, paused 706us total 86.305ms
08-06 00:32:21.953  7893  7905 I art     : Starting a blocking GC Explicit
08-06 00:32:22.035  7893  7905 I art     : Explicit concurrent mark sweep GC freed 3(96B) AllocSpace objects, 0(0B) LOS objects, 23% free, 52MB/68MB, paused 725us total 82.137ms
08-06 00:32:22.061  7893  7905 I art     : Starting a blocking GC Explicit
08-06 00:32:22.143  7893  7905 I art     : Explicit concurrent mark sweep GC freed 3(96B) AllocSpace objects, 0(0B) LOS objects, 23% free, 52MB/68MB, paused 711us total 81.872ms
08-06 00:32:22.517  7893  8277 I art     : Starting a blocking GC Explicit
08-06 00:32:22.618  7893  8277 I art     : Explicit concurrent mark sweep GC freed 1513(87KB) AllocSpace objects, 1(20KB) LOS objects, 23% free, 52MB/68MB, paused 713us total 100.449ms
08-06 00:32:22.643  7893  8277 I art     : Starting a blocking GC Explicit
08-06 00:32:22.729  7893  8277 I art     : Explicit concurrent mark sweep GC freed 26(944B) AllocSpace objects, 0(0B) LOS objects, 23% free, 52MB/68MB, paused 679us total 85.530ms
08-06 00:32:22.755  7893  8277 I art     : Starting a blocking GC Explicit
08-06 00:32:22.842  7893  8277 I art     : Explicit concurrent mark sweep GC freed 3(96B) AllocSpace objects, 0(0B) LOS objects, 23% free, 52MB/68MB, paused 670us total 86.727ms
08-06 00:32:22.867  7893  8277 I art     : Starting a blocking GC Explicit
08-06 00:32:22.949  7893  8277 I art     : Explicit concurrent mark sweep GC freed 3(96B) AllocSpace objects, 0(0B) LOS objects, 23% free, 52MB/68MB, paused 712us total 82.555ms
08-06 00:32:22.974  7893  8277 I art     : Starting a blocking GC Explicit
08-06 00:32:23.059  7893  8277 I art     : Explicit concurrent mark sweep GC freed 5(192B) AllocSpace objects, 0(0B) LOS objects, 23% free, 52MB/68MB, paused 791us total 83.972ms
08-06 00:32:23.414  7893  7904 I art     : Starting a blocking GC Explicit
08-06 00:32:23.521  7893  7904 I art     : Explicit concurrent mark sweep GC freed 1517(91KB) AllocSpace objects, 1(20KB) LOS objects, 23% free, 52MB/68MB, paused 715us total 106.308ms
08-06 00:32:23.547  7893  7904 I art     : Starting a blocking GC Explicit
08-06 00:32:23.632  7893  7904 I art     : Explicit concurrent mark sweep GC freed 26(944B) AllocSpace objects, 0(0B) LOS objects, 23% free, 52MB/68MB, paused 707us total 85.092ms
08-06 00:32:23.658  7893  7904 I art     : Starting a blocking GC Explicit
08-06 00:32:23.744  7893  7904 I art     : Explicit concurrent mark sweep GC freed 3(96B) AllocSpace objects, 0(0B) LOS objects, 23% free, 52MB/68MB, paused 661us total 86.271ms
08-06 00:32:23.770  7893  7904 I art     : Starting a blocking GC Explicit
08-06 00:32:23.856  7893  7904 I art     : Explicit concurrent mark sweep GC freed 3(96B) AllocSpace objects, 0(0B) LOS objects, 23% free, 52MB/68MB, paused 677us total 85.939ms
08-06 00:32:23.881  7893  7904 I art     : Starting a blocking GC Explicit
08-06 00:32:23.964  7893  7904 I art     : Explicit concurrent mark sweep GC freed 3(96B) AllocSpace objects, 0(0B) LOS objects, 23% free, 52MB/68MB, paused 696us total 82.292ms
08-06 00:32:24.299  7893  7905 I art     : Starting a blocking GC Explicit
08-06 00:32:24.393  7893  7905 I art     : Explicit concurrent mark sweep GC freed 1513(87KB) AllocSpace objects, 1(20KB) LOS objects, 23% free, 52MB/68MB, paused 730us total 92.430ms
08-06 00:32:24.417  7893  7905 I art     : Starting a blocking GC Explicit
08-06 00:32:24.498  7893  7905 I art     : Explicit concurrent mark sweep GC freed 26(944B) AllocSpace objects, 0(0B) LOS objects, 23% free, 52MB/68MB, paused 738us total 80.245ms
08-06 00:32:24.522  7893  7905 I art     : Starting a blocking GC Explicit
08-06 00:32:24.603  7893  7905 I art     : Explicit concurrent mark sweep GC freed 3(96B) AllocSpace objects, 0(0B) LOS objects, 23% free, 52MB/68MB, paused 708us total 80.381ms
08-06 00:32:24.627  7893  7905 I art     : Starting a blocking GC Explicit
08-06 00:32:24.709  7893  7905 I art     : Explicit concurrent mark sweep GC freed 3(96B) AllocSpace objects, 0(0B) LOS objects, 23% free, 52MB/68MB, paused 688us total 81.191ms
08-06 00:32:24.730  9094  9094 D AndroidRuntime: >>>>>> START com.android.internal.os.RuntimeInit uid 2000 <<<<<<
08-06 00:32:24.735  7893  7905 I art     : Starting a blocking GC Explicit
08-06 00:32:24.736  9094  9094 D AndroidRuntime: CheckJNI is OFF
08-06 00:32:24.779  9094  9094 D ICU     : No timezone override file found: /data/misc/zoneinfo/current/icu/icu_tzdata.dat
08-06 00:32:24.810  7893  7905 I art     : Explicit concurrent mark sweep GC freed 3(96B) AllocSpace objects, 0(0B) LOS objects, 23% free, 52MB/68MB, paused 719us total 75.683ms
08-06 00:32:24.827  9094  9094 I Radio-JNI: register_android_hardware_Radio DONE
08-06 00:32:24.856  9094  9094 D AndroidRuntime: Calling main entry com.android.commands.input.Input
08-06 00:32:24.859  9094  9094 I Input   : injectMotionEvent: MotionEvent { action=ACTION_DOWN, actionButton=0, id[0]=0, x[0]=648.0, y[0]=709.0, toolType[0]=TOOL_TYPE_UNKNOWN, buttonState=0, metaState=0, flags=0x0, edgeFlags=0x0, pointerCount=1, historySize=0, eventTime=837161271, downTime=837161271, deviceId=0, source=0x1002 }
08-06 00:32:24.865  9094  9094 I Input   : injectMotionEvent: MotionEvent { action=ACTION_UP, actionButton=0, id[0]=0, x[0]=648.0, y[0]=709.0, toolType[0]=TOOL_TYPE_UNKNOWN, buttonState=0, metaState=0, flags=0x0, edgeFlags=0x0, pointerCount=1, historySize=0, eventTime=837161271, downTime=837161271, deviceId=0, source=0x1002 }
08-06 00:32:24.867  9094  9094 D AndroidRuntime: Shutting down VM
08-06 00:32:24.934   512  2967 D audio_hw_primary: out_set_parameters: enter: usecase(1: low-latency-playback) kvpairs: routing=2
08-06 00:32:24.947   512  2967 D audio_hw_primary: select_devices: out_snd_device(2: speaker) in_snd_device(0: none)
08-06 00:32:24.947   512  2967 D msm8974_platform: platform_send_audio_calibration: sending audio calibration for snd_device(2) acdb_id(15)
08-06 00:32:24.947   512  2967 I soundtrigger: audio_extn_sound_trigger_update_device_status: device 0x2 of type 0 for Event 1
08-06 00:32:24.963   512  2967 D audio_hw_primary: enable_snd_device: snd_device(2: speaker)
08-06 00:32:24.966   512  2967 D audio_hw_primary: enable_audio_route: apply and update mixer path: low-latency-playback speaker
08-06 00:32:25.131  7893  7904 I art     : Starting a blocking GC Explicit
08-06 00:32:25.242  7893  7904 I art     : Explicit concurrent mark sweep GC freed 2280(145KB) AllocSpace objects, 2(40KB) LOS objects, 23% free, 52MB/68MB, paused 686us total 110.485ms
08-06 00:32:25.272  7893  7904 I art     : Starting a blocking GC Explicit
08-06 00:32:25.355  7893  7904 I art     : Explicit concurrent mark sweep GC freed 159(6KB) AllocSpace objects, 0(0B) LOS objects, 23% free, 52MB/68MB, paused 629us total 82.626ms
08-06 00:32:25.386  7893  7904 I art     : Starting a blocking GC Explicit
08-06 00:32:25.475  7893  7904 I art     : Explicit concurrent mark sweep GC freed 9(288B) AllocSpace objects, 0(0B) LOS objects, 23% free, 52MB/68MB, paused 707us total 88.325ms
08-06 00:32:25.505  7893  7904 I art     : Starting a blocking GC Explicit
08-06 00:32:25.509   512  2967 D audio_hw_primary: disable_audio_route: reset and update mixer path: low-latency-playback speaker
08-06 00:32:25.510   512  2967 D audio_hw_primary: disable_snd_device: snd_device(2: speaker)
08-06 00:32:25.519   512  2967 I soundtrigger: audio_extn_sound_trigger_update_device_status: device 0x2 of type 0 for Event 0
08-06 00:32:25.587  7893  7904 I art     : Explicit concurrent mark sweep GC freed 3(96B) AllocSpace objects, 0(0B) LOS objects, 23% free, 52MB/68MB, paused 681us total 81.677ms
08-06 00:32:25.612  7893  7904 I art     : Starting a blocking GC Explicit
08-06 00:32:25.694  7893  7904 I art     : Explicit concurrent mark sweep GC freed 5(160B) AllocSpace objects, 0(0B) LOS objects, 23% free, 52MB/68MB, paused 686us total 82.319ms
08-06 00:32:26.042  7893  8277 I art     : Starting a blocking GC Explicit
08-06 00:32:26.141  7893  8277 I art     : Explicit concurrent mark sweep GC freed 1513(87KB) AllocSpace objects, 1(20KB) LOS objects, 23% free, 52MB/68MB, paused 708us total 98.577ms
08-06 00:32:26.164  7893  8277 I art     : Starting a blocking GC Explicit
08-06 00:32:26.239  7893  8277 I art     : Explicit concurrent mark sweep GC freed 28(1008B) AllocSpace objects, 0(0B) LOS objects, 23% free, 52MB/68MB, paused 677us total 74.197ms
08-06 00:32:26.262  7893  8277 I art     : Starting a blocking GC Explicit
08-06 00:32:26.338  7893  8277 I art     : Explicit concurrent mark sweep GC freed 3(96B) AllocSpace objects, 0(0B) LOS objects, 23% free, 52MB/68MB, paused 685us total 75.924ms
08-06 00:32:26.363  7893  8277 I art     : Starting a blocking GC Explicit
08-06 00:32:26.438  7893  8277 I art     : Explicit concurrent mark sweep GC freed 3(96B) AllocSpace objects, 0(0B) LOS objects, 23% free, 52MB/68MB, paused 686us total 75.359ms
08-06 00:32:26.462  7893  8277 I art     : Starting a blocking GC Explicit
08-06 00:32:26.542  7893  8277 I art     : Explicit concurrent mark sweep GC freed 3(96B) AllocSpace objects, 0(0B) LOS objects, 23% free, 52MB/68MB, paused 712us total 79.802ms
08-06 00:32:26.650  9135  9135 D AndroidRuntime: >>>>>> START com.android.internal.os.RuntimeInit uid 2000 <<<<<<
08-06 00:32:26.656  9135  9135 D AndroidRuntime: CheckJNI is OFF
08-06 00:32:26.709  9135  9135 D ICU     : No timezone override file found: /data/misc/zoneinfo/current/icu/icu_tzdata.dat
08-06 00:32:26.755  9135  9135 I Radio-JNI: register_android_hardware_Radio DONE
08-06 00:32:26.783  9135  9135 D AndroidRuntime: Calling main entry com.android.commands.input.Input
08-06 00:32:26.785  9135  9135 I Input   : injectMotionEvent: MotionEvent { action=ACTION_DOWN, actionButton=0, id[0]=0, x[0]=1197.0, y[0]=1456.0, toolType[0]=TOOL_TYPE_UNKNOWN, buttonState=0, metaState=0, flags=0x0, edgeFlags=0x0, pointerCount=1, historySize=0, eventTime=837163197, downTime=837163197, deviceId=0, source=0x1002 }
08-06 00:32:26.791  9135  9135 I Input   : injectMotionEvent: MotionEvent { action=ACTION_UP, actionButton=0, id[0]=0, x[0]=1197.0, y[0]=1456.0, toolType[0]=TOOL_TYPE_UNKNOWN, buttonState=0, metaState=0, flags=0x0, edgeFlags=0x0, pointerCount=1, historySize=0, eventTime=837163197, downTime=837163197, deviceId=0, source=0x1002 }
08-06 00:32:26.792  9135  9135 D AndroidRuntime: Shutting down VM
08-06 00:32:26.802   512  2967 D audio_hw_primary: out_set_parameters: enter: usecase(1: low-latency-playback) kvpairs: routing=2
08-06 00:32:26.815   512  2967 D audio_hw_primary: select_devices: out_snd_device(2: speaker) in_snd_device(0: none)
08-06 00:32:26.815   512  2967 D msm8974_platform: platform_send_audio_calibration: sending audio calibration for snd_device(2) acdb_id(15)
08-06 00:32:26.816   512  2967 I soundtrigger: audio_extn_sound_trigger_update_device_status: device 0x2 of type 0 for Event 1
08-06 00:32:26.821  7893  7915 D OpenGLRenderer: endAllStagingAnimators on 0x7f90ebf800 (RippleDrawable) with handle 0x7f78f2f2c0
08-06 00:32:26.827   512  2967 D audio_hw_primary: enable_snd_device: snd_device(2: speaker)
08-06 00:32:26.830   512  2967 D audio_hw_primary: enable_audio_route: apply and update mixer path: low-latency-playback speaker
08-06 00:32:26.830  7893  7893 I SettingsManager: Setting string: savedCourse
08-06 00:32:26.831   918  6110 W BackupManagerService: dataChanged but no participant pkg='nappagreedy.com.ak.uobtimetable' uid=10715
08-06 00:32:26.831  7893  7893 D NappaIntentExtras: ==================
08-06 00:32:26.831  7893  7911 D Nappa   : PREFETCH_ON_EXTRA - notifyExtras- start
08-06 00:32:26.831  7893  7893 D NappaIntentExtras: Log #6
08-06 00:32:26.831  7893  7893 D NappaIntentExtras: ------------------
08-06 00:32:26.831  7893  7893 D NappaIntentExtras: activity nappagreedy.com.ak.uobtimetable.WelcomeActivity
08-06 00:32:26.831  7893  7893 D NappaIntentExtras: 	- No extras registered
08-06 00:32:26.831  7893  7893 D NappaIntentExtras: activity nappagreedy.com.ak.uobtimetable.MainActivity
08-06 00:32:26.831  7893  7893 D NappaIntentExtras: 	- No extras registered
08-06 00:32:26.831  7893  7893 D NappaIntentExtras: activity nappagreedy.com.ak.uobtimetable.CourseListActivity
08-06 00:32:26.832  7893  7893 D NappaIntentExtras: 	- 1 extras registered
08-06 00:32:26.832  7893  7893 D NappaIntentExtras: 	- forceRefreshSessions : true
08-06 00:32:26.832  7893  7893 D NappaIntentExtras: ==================
08-06 00:32:26.832   918  3670 I ActivityManager: START u0 {flg=0x4000000 cmp=nappagreedy.com.ak.uobtimetable/.MainActivity (has extras)} from uid 10715 on display 0
08-06 00:32:26.832  7893  7911 I NAPPA_EXPERIMENTATION: MetricNappaPrefetchingStrategyExecutionTime: STRATEGY_CLASS='GreedyPrefetchingStrategyOnVisitFrequencyAndTime',DURATION='724792',NUMBER_OF_URLS='0',NUMBER_OF_SELECTED_CHILDREN_NODES='3',NUMBER_OF_CHILDREN_NODES='1',STRATEGY_RUN_SUCCESSFULLY='True',
08-06 00:32:26.832  7893  7911 D GreedyPrefetchingStrategyOnVisitFrequencyAndTime: ==================================
08-06 00:32:26.832  7893  7911 D GreedyPrefetchingStrategyOnVisitFrequencyAndTime: Starting Run #7
08-06 00:32:26.832  7893  7911 D GreedyPrefetchingStrategyOnVisitFrequencyAndTime: ----------------------------------
08-06 00:32:26.832  7893  7911 D GreedyPrefetchingStrategyOnVisitFrequencyAndTime: Node data CourseListActivity 
08-06 00:32:26.832  7893  7911 D GreedyPrefetchingStrategyOnVisitFrequencyAndTime: 	Successors:
08-06 00:32:26.832  7893  7911 D GreedyPrefetchingStrategyOnVisitFrequencyAndTime: 		MainActivity (2 hits)
08-06 00:32:26.832  7893  7911 D GreedyPrefetchingStrategyOnVisitFrequencyAndTime: 	Ancestors:
08-06 00:32:26.832  7893  7911 D GreedyPrefetchingStrategyOnVisitFrequencyAndTime: 		WelcomeActivity (0 hits)
08-06 00:32:26.832  7893  7911 D GreedyPrefetchingStrategyOnVisitFrequencyAndTime: 
08-06 00:32:26.832  7893  7911 D GreedyPrefetchingStrategyOnVisitFrequencyAndTime: MetricStrategyAccuracy inc execution count7 | act = false; extra = true
08-06 00:32:26.833  7893  7911 D GreedyPrefetchingStrategyOnVisitFrequencyAndTime: ------------- Recursion #1 -----------
08-06 00:32:26.833  7893  7911 D GreedyPrefetchingStrategyOnVisitFrequencyAndTime: Best successors so far []
08-06 00:32:26.833  7893  7911 D GreedyPrefetchingStrategyOnVisitFrequencyAndTime: Checking node CourseListActivity with 1 successors
08-06 00:32:26.833  7893  7911 D GreedyPrefetchingStrategyOnVisitFrequencyAndTime: Check successor MainActivity
08-06 00:32:26.833  7893  7911 D GreedyPrefetchingStrategyOnVisitFrequencyAndTime: Data:
08-06 00:32:26.833  7893  7911 D GreedyPrefetchingStrategyOnVisitFrequencyAndTime: 	- Successor time = 32423.0
08-06 00:32:26.833  7893  7911 D GreedyPrefetchingStrategyOnVisitFrequencyAndTime: 	- Successor frequency = 5
08-06 00:32:26.833  7893  7911 D GreedyPrefetchingStrategyOnVisitFrequencyAndTime: 	- Aggregated time = 32423.0
08-06 00:32:26.833  7893  7911 D GreedyPrefetchingStrategyOnVisitFrequencyAndTime: 	- Aggregated frequency = 5
08-06 00:32:26.833  7893  7911 D GreedyPrefetchingStrategyOnVisitFrequencyAndTime: Calculated scores:
08-06 00:32:26.833  7893  7911 D GreedyPrefetchingStrategyOnVisitFrequencyAndTime: 	- Parent score = 1.0
08-06 00:32:26.833  7893  7911 D GreedyPrefetchingStrategyOnVisitFrequencyAndTime: 	- Successor time score = 0.5
08-06 00:32:26.833  7893  7911 D GreedyPrefetchingStrategyOnVisitFrequencyAndTime: 	- Successor frequency score = 0.5
08-06 00:32:26.833  7893  7911 D GreedyPrefetchingStrategyOnVisitFrequencyAndTime: 	- Successor final score = 1.0
08-06 00:32:26.833  7893  7911 D GreedyPrefetchingStrategyOnVisitFrequencyAndTime: Switch best successor
08-06 00:32:26.833  7893  7911 D GreedyPrefetchingStrategyOnVisitFrequencyAndTime: CourseListActivity best successor is MainActivity with score 1.0 containing the URLS []
08-06 00:32:26.833  7893  7911 D GreedyPrefetchingStrategyOnVisitFrequencyAndTime: ------------- Recursion #2 -----------
08-06 00:32:26.833  7893  7911 D GreedyPrefetchingStrategyOnVisitFrequencyAndTime: Best successors so far [MainActivity]
08-06 00:32:26.833  7893  7911 D GreedyPrefetchingStrategyOnVisitFrequencyAndTime: Checking node MainActivity with 1 successors
08-06 00:32:26.833  7893  7911 D GreedyPrefetchingStrategyOnVisitFrequencyAndTime: Check successor WelcomeActivity
08-06 00:32:26.833  7893  7911 D GreedyPrefetchingStrategyOnVisitFrequencyAndTime: Data:
08-06 00:32:26.833  7893  7911 D GreedyPrefetchingStrategyOnVisitFrequencyAndTime: 	- Successor time = 11803.0
08-06 00:32:26.833  7893  7911 D GreedyPrefetchingStrategyOnVisitFrequencyAndTime: 	- Successor frequency = 2
08-06 00:32:26.833  7893  7911 D GreedyPrefetchingStrategyOnVisitFrequencyAndTime: 	- Aggregated time = 11803.0
08-06 00:32:26.833  7893  7911 D GreedyPrefetchingStrategyOnVisitFrequencyAndTime: 	- Aggregated frequency = 2
08-06 00:32:26.833  7893  7911 D GreedyPrefetchingStrategyOnVisitFrequencyAndTime: Calculated scores:
08-06 00:32:26.834  7893  7911 D GreedyPrefetchingStrategyOnVisitFrequencyAndTime: 	- Parent score = 1.0
08-06 00:32:26.834  7893  7911 D GreedyPrefetchingStrategyOnVisitFrequencyAndTime: 	- Successor time score = 0.5
08-06 00:32:26.834  7893  7911 D GreedyPrefetchingStrategyOnVisitFrequencyAndTime: 	- Successor frequency score = 0.5
08-06 00:32:26.834  7893  7911 D GreedyPrefetchingStrategyOnVisitFrequencyAndTime: 	- Successor final score = 1.0
08-06 00:32:26.834  7893  7911 D GreedyPrefetchingStrategyOnVisitFrequencyAndTime: Switch best successor
08-06 00:32:26.834  7893  7911 D GreedyPrefetchingStrategyOnVisitFrequencyAndTime: MainActivity best successor is WelcomeActivity with score 1.0 containing the URLS []
08-06 00:32:26.834  7893  7911 D GreedyPrefetchingStrategyOnVisitFrequencyAndTime: ------------- Recursion #3 -----------
08-06 00:32:26.834  7893  7911 D GreedyPrefetchingStrategyOnVisitFrequencyAndTime: Best successors so far [MainActivity, WelcomeActivity]
08-06 00:32:26.834  7893  7911 D GreedyPrefetchingStrategyOnVisitFrequencyAndTime: Checking node WelcomeActivity with 1 successors
08-06 00:32:26.834  7893  7911 D GreedyPrefetchingStrategyOnVisitFrequencyAndTime: Check successor CourseListActivity
08-06 00:32:26.834  7893  7911 D GreedyPrefetchingStrategyOnVisitFrequencyAndTime: Data:
08-06 00:32:26.834  7893  7911 D GreedyPrefetchingStrategyOnVisitFrequencyAndTime: 	- Successor time = 57922.0
08-06 00:32:26.834  7893  7911 D GreedyPrefetchingStrategyOnVisitFrequencyAndTime: 	- Successor frequency = 2
08-06 00:32:26.834  7893  7911 D GreedyPrefetchingStrategyOnVisitFrequencyAndTime: 	- Aggregated time = 57922.0
08-06 00:32:26.834  7893  7911 D GreedyPrefetchingStrategyOnVisitFrequencyAndTime: 	- Aggregated frequency = 2
08-06 00:32:26.834  7893  7911 D GreedyPrefetchingStrategyOnVisitFrequencyAndTime: Calculated scores:
08-06 00:32:26.834  7893  7911 D GreedyPrefetchingStrategyOnVisitFrequencyAndTime: 	- Parent score = 1.0
08-06 00:32:26.834  7893  7911 D GreedyPrefetchingStrategyOnVisitFrequencyAndTime: 	- Successor time score = 0.5
08-06 00:32:26.834  7893  7911 D GreedyPrefetchingStrategyOnVisitFrequencyAndTime: 	- Successor frequency score = 0.5
