08-06 00:31:45.760  7893  7911 D GreedyPrefetchingStrategyOnVisitFrequencyAndTime: ==================================
08-06 00:31:45.760  7893  7911 D Nappa   : PREFETCH_ON_EXTRA - setCurrentActivity - finished new prediction
08-06 00:31:45.819  7893  8115 I art     : Starting a blocking GC Explicit
08-06 00:31:45.915  7893  8115 I art     : Explicit concurrent mark sweep GC freed 151472(6MB) AllocSpace objects, 4(220KB) LOS objects, 23% free, 52MB/68MB, paused 659us total 95.700ms
08-06 00:31:45.935  7893  8115 I art     : Starting a blocking GC Explicit
08-06 00:31:45.974 13866 13866 I GoogleInputMethodServic: GoogleInputMethodService.onFinishInput():3138 
08-06 00:31:45.976 13866 13866 I GoogleInputMethodServic: GoogleInputMethodService.onStartInput():1808 
08-06 00:31:45.977  7893  7893 D ActivityNode: Observer - session data - sourceMainActivity
08-06 00:31:45.977  7893  7893 D ActivityNode: destinations:
08-06 00:31:45.977  7893  7893 D ActivityNode: 	nappagreedy.com.ak.uobtimetable.WelcomeActivity( count 2)
08-06 00:31:45.985  7893  7893 D ActivityNode: Observer - session data - sourceWelcomeActivity
08-06 00:31:45.985  7893  7893 D ActivityNode: destinations:
08-06 00:31:45.985  7893  7893 D ActivityNode: 	nappagreedy.com.ak.uobtimetable.CourseListActivity( count 2)
08-06 00:31:45.985  7893  7893 D ActivityNode: Observer - session data - sourceCourseListActivity
08-06 00:31:45.985  7893  7893 D ActivityNode: destinations:
08-06 00:31:45.985  7893  7893 D ActivityNode: 	nappagreedy.com.ak.uobtimetable.MainActivity( count 4)
08-06 00:31:45.985  7893  8115 I art     : Explicit concurrent mark sweep GC freed 4868(485KB) AllocSpace objects, 0(0B) LOS objects, 23% free, 52MB/68MB, paused 638us total 50.574ms
08-06 00:31:46.002  7893  8115 I art     : Starting a blocking GC Explicit
08-06 00:31:46.062  7893  8115 I art     : Explicit concurrent mark sweep GC freed 29868(1197KB) AllocSpace objects, 0(0B) LOS objects, 23% free, 52MB/68MB, paused 1.383ms total 59.434ms
08-06 00:31:46.080  7893  8115 I art     : Starting a blocking GC Explicit
08-06 00:31:46.143  7893  8115 I art     : Explicit concurrent mark sweep GC freed 36208(1475KB) AllocSpace objects, 0(0B) LOS objects, 23% free, 52MB/68MB, paused 911us total 62.596ms
08-06 00:31:46.161  7893  8115 I art     : Starting a blocking GC Explicit
08-06 00:31:46.224  7893  8115 I art     : Explicit concurrent mark sweep GC freed 37849(1557KB) AllocSpace objects, 0(0B) LOS objects, 23% free, 52MB/68MB, paused 1.047ms total 63.248ms
08-06 00:31:46.319  7893  7893 I TermDatesFragment: Webview load %: 70
08-06 00:31:46.322   918   936 I ActivityManager: Displayed nappagreedy.com.ak.uobtimetable/.MainActivity: +1s604ms
08-06 00:31:46.340  7893  7893 I TermDatesFragment: Webview load %: 80
08-06 00:31:46.340  7893  7893 I TermDatesFragment: Webview load %: 100
08-06 00:31:46.340  7893  7893 I TermDatesFragment: Webview load %: 100
08-06 00:31:46.500  7893  7893 D NappaLifecycleObserver: nappagreedy.com.ak.uobtimetable.CourseListActivity - onDestroy
08-06 00:31:46.500  7893  7893 D NappaLifecycleObserver: -------------F1_SCORE #4 -----------
08-06 00:31:46.501  7893  7893 D NappaLifecycleObserver: F1_SCORE - Intercept list (2)= [https://uob-timetable-api.adriankeenan.co.uk/courses, https://uob-timetable-api.adriankeenan.co.uk/sessions?dept=BD002&course=CFIEFAAF%2F02AA%2F0%2FFT&level=ALL+Courses]
08-06 00:31:46.501  7893  7893 D NappaLifecycleObserver: F1_SCORE - Prefetch list (0)= []
08-06 00:31:46.501  7893  7893 D NappaLifecycleObserver: F1_SCORE - TP list (0)= []
08-06 00:31:46.501  7893  7893 D NappaLifecycleObserver: F1_SCORE - FN list (2)= [https://uob-timetable-api.adriankeenan.co.uk/courses, https://uob-timetable-api.adriankeenan.co.uk/sessions?dept=BD002&course=CFIEFAAF%2F02AA%2F0%2FFT&level=ALL+Courses]
08-06 00:31:46.501  7893  7893 I NAPPA_EXPERIMENTATION: MetricPrefetchingAccuracy: LOG_ID='5',F1_SCORE_1='0.0',F1_SCORE_2='0.0',TRUE_POSITIVE='0',FALSE_POSITIVE='0',FALSE_NEGATIVE='2',
08-06 00:31:46.533  7893  7904 I art     : Starting a blocking GC Explicit
08-06 00:31:46.612  7893  7904 I art     : Explicit concurrent mark sweep GC freed 14531(665KB) AllocSpace objects, 1(20KB) LOS objects, 23% free, 52MB/68MB, paused 772us total 78.840ms
08-06 00:31:46.633  7893  7904 I art     : Starting a blocking GC Explicit
08-06 00:31:46.680  7893  7904 I art     : Explicit concurrent mark sweep GC freed 122048(11MB) AllocSpace objects, 3(136KB) LOS objects, 27% free, 41MB/57MB, paused 478us total 47.428ms
08-06 00:31:46.692  7893  7904 I art     : Starting a blocking GC Explicit
08-06 00:31:46.722  7893  7904 I art     : Explicit concurrent mark sweep GC freed 3(96B) AllocSpace objects, 0(0B) LOS objects, 27% free, 41MB/57MB, paused 427us total 29.422ms
08-06 00:31:46.734  7893  7904 I art     : Starting a blocking GC Explicit
08-06 00:31:46.767  7893  7904 I art     : Explicit concurrent mark sweep GC freed 3(96B) AllocSpace objects, 0(0B) LOS objects, 27% free, 41MB/57MB, paused 589us total 32.799ms
08-06 00:31:46.779  7893  7904 I art     : Starting a blocking GC Explicit
08-06 00:31:46.813  7893  7904 I art     : Explicit concurrent mark sweep GC freed 3(96B) AllocSpace objects, 0(0B) LOS objects, 27% free, 41MB/57MB, paused 421us total 34.152ms
08-06 00:31:47.145  7893  7905 I art     : Starting a blocking GC Explicit
08-06 00:31:47.185  7893  7905 I art     : Explicit concurrent mark sweep GC freed 1755(98KB) AllocSpace objects, 1(20KB) LOS objects, 27% free, 41MB/57MB, paused 495us total 40.272ms
08-06 00:31:47.198  7893  7905 I art     : Starting a blocking GC Explicit
08-06 00:31:47.239  7893  7905 I art     : Explicit concurrent mark sweep GC freed 65(2208B) AllocSpace objects, 0(0B) LOS objects, 27% free, 41MB/57MB, paused 392us total 40.965ms
08-06 00:31:47.254  7893  7905 I art     : Starting a blocking GC Explicit
08-06 00:31:47.293  7893  7905 I art     : Explicit concurrent mark sweep GC freed 30(960B) AllocSpace objects, 0(0B) LOS objects, 27% free, 41MB/57MB, paused 424us total 38.472ms
08-06 00:31:47.308  7893  7905 I art     : Starting a blocking GC Explicit
08-06 00:31:47.344  7893  7905 I art     : Explicit concurrent mark sweep GC freed 3(96B) AllocSpace objects, 0(0B) LOS objects, 27% free, 41MB/57MB, paused 411us total 36.252ms
08-06 00:31:47.359  7893  7905 I art     : Starting a blocking GC Explicit
08-06 00:31:47.392  7893  7905 I art     : Explicit concurrent mark sweep GC freed 4(160B) AllocSpace objects, 0(0B) LOS objects, 27% free, 41MB/57MB, paused 422us total 33.292ms
08-06 00:31:47.728  7893  8277 I art     : Starting a blocking GC Explicit
08-06 00:31:47.777  7893  8277 I art     : Explicit concurrent mark sweep GC freed 1539(88KB) AllocSpace objects, 1(20KB) LOS objects, 27% free, 41MB/57MB, paused 415us total 48.574ms
08-06 00:31:47.794  7893  8277 I art     : Starting a blocking GC Explicit
08-06 00:31:47.840  7893  8277 I art     : Explicit concurrent mark sweep GC freed 28(1040B) AllocSpace objects, 0(0B) LOS objects, 27% free, 41MB/57MB, paused 407us total 45.831ms
08-06 00:31:47.853  7893  8277 I art     : Starting a blocking GC Explicit
08-06 00:31:47.887  7893  8277 I art     : Explicit concurrent mark sweep GC freed 3(96B) AllocSpace objects, 0(0B) LOS objects, 27% free, 41MB/57MB, paused 433us total 33.680ms
08-06 00:31:47.899  7893  8277 I art     : Starting a blocking GC Explicit
08-06 00:31:47.934  7893  8277 I art     : Explicit concurrent mark sweep GC freed 3(96B) AllocSpace objects, 0(0B) LOS objects, 27% free, 41MB/57MB, paused 442us total 34.855ms
08-06 00:31:47.947  7893  8277 I art     : Starting a blocking GC Explicit
08-06 00:31:47.982  7893  8277 I art     : Explicit concurrent mark sweep GC freed 3(96B) AllocSpace objects, 0(0B) LOS objects, 27% free, 41MB/57MB, paused 425us total 35.304ms
08-06 00:31:48.248   518   646 I ThermalEngine: ACTION: GPU - Setting GPU[0] to 450000000
08-06 00:31:48.345  7893  7905 I art     : Starting a blocking GC Explicit
08-06 00:31:48.407  7893  7905 I art     : Explicit concurrent mark sweep GC freed 1513(87KB) AllocSpace objects, 1(20KB) LOS objects, 27% free, 41MB/57MB, paused 617us total 61.101ms
08-06 00:31:48.426  7893  7905 I art     : Starting a blocking GC Explicit
08-06 00:31:48.469  7893  7905 I art     : Explicit concurrent mark sweep GC freed 26(944B) AllocSpace objects, 0(0B) LOS objects, 27% free, 41MB/57MB, paused 628us total 42.078ms
08-06 00:31:48.485  7893  7905 I art     : Starting a blocking GC Explicit
08-06 00:31:48.531  7893  7905 I art     : Explicit concurrent mark sweep GC freed 3(96B) AllocSpace objects, 0(0B) LOS objects, 27% free, 41MB/57MB, paused 598us total 45.524ms
08-06 00:31:48.547  7893  7905 I art     : Starting a blocking GC Explicit
08-06 00:31:48.579 15866 15866 I Finsky  : [1] xow.onStartJob(3): SCH: onJobSchedulerWakeup with jobId 9007
08-06 00:31:48.590 15866 15866 I Finsky  : [1] xjw.a(9): Scheduling fallback in 43199997 (absolute: 1863712462)
08-06 00:31:48.591  7893  7905 I art     : Explicit concurrent mark sweep GC freed 3(96B) AllocSpace objects, 0(0B) LOS objects, 27% free, 41MB/57MB, paused 552us total 43.409ms
08-06 00:31:48.594 15866 15866 I Finsky  : [1] xjw.a(9): Scheduling fallback in 64799998 (absolute: 1885312466)
08-06 00:31:48.601 15866 15866 I Finsky  : [1] xow.onStartJob(3): SCH: onJobSchedulerWakeup with jobId 9016
08-06 00:31:48.606 15866 15866 I Finsky  : [1] xjw.a(9): Scheduling fallback in 43199996 (absolute: 1863712476)
08-06 00:31:48.606  7893  7905 I art     : Starting a blocking GC Explicit
08-06 00:31:48.615 15866 15866 I Finsky  : [1] xjw.a(9): Scheduling fallback in 64799997 (absolute: 1885312487)
08-06 00:31:48.620 15866 15866 W Finsky  : [1] xow.onStartJob(9): SCH: onJobSchedulerWakeup while already running
08-06 00:31:48.648  7893  7905 I art     : Explicit concurrent mark sweep GC freed 3(96B) AllocSpace objects, 0(0B) LOS objects, 27% free, 41MB/57MB, paused 599us total 40.699ms
08-06 00:31:48.727 15866 15866 I Finsky  : [1] xkf.handleMessage(8): SCH: DeviceState: DeviceState{currentTime=1596666708715, isCharging=false, isIdle=false, netAny=true, netNotRoaming=true, netUnmetered=true, batteryPercent=100.0}
08-06 00:31:48.739 15866  7865 I Finsky  : [6741] xmu.a(8): SCH: Jobs in database: 1-1337 3-219 3-220 12-1 24-77777777 26-1414141414 
08-06 00:31:48.745 15866 15866 I Finsky  : [1] xkg.a(16): SCH: Running job: 12-1
08-06 00:31:48.748 15866 15866 I Finsky  : [1] ContentSyncJob.a(16): [ContentSync] job started
08-06 00:31:48.749 15866 15866 I Finsky  : [1] xkf.handleMessage(61): SCH: RunningQueue size: 1, PendingQueue size: 0
08-06 00:31:48.749 15866 15866 I Finsky  : [1] xkf.handleMessage(64): SCH: Running queue: 12-1 
08-06 00:31:48.850 15866  7882 I Finsky  : [6746] dzn.a(22): Completed 0 account content syncs with 0 successful.
08-06 00:31:48.851 15866 15866 I Finsky  : [1] ContentSyncJob.a(1): [ContentSync] Installation state replication succeeded.
08-06 00:31:48.851 15866 15866 I Finsky  : [1] xlr.a(13): SCH: jobFinished: 12-1. TimeElapsed: 105ms.
08-06 00:31:48.852 15866 15866 I Finsky  : [1] xkg.a(36): SCH: Job 12-1 finished. Not rescheduling.
08-06 00:31:48.853 15866 15866 I Finsky  : [1] xkf.handleMessage(61): SCH: RunningQueue size: 0, PendingQueue size: 0
08-06 00:31:48.853 15866 15866 I Finsky  : [1] xkf.handleMessage(25): Executor finished
08-06 00:31:48.874 15866 15866 I Finsky  : [1] xmu.a(8): SCH: Jobs in database: 1-1337 3-219 3-220 24-77777777 26-1414141414 
08-06 00:31:48.877 15866 15866 I Finsky  : [1] xio.a(57): SCH: ConstraintMapping: 24-77777777,  -> L: 0ms, D: 74302050ms, C: false, I: true, N: 0
08-06 00:31:48.878 15866 15866 I Finsky  : [1] xio.a(57): SCH: ConstraintMapping: 1-1337,  -> L: 16025258ms, D: 34444033ms, C: false, I: false, N: 1
08-06 00:31:48.878 15866 15866 I Finsky  : [1] xio.a(57): SCH: ConstraintMapping: 3-219,  -> L: 0ms, D: 66454647ms, C: false, I: true, N: 2
08-06 00:31:48.879 15866 15866 I Finsky  : [1] xio.a(57): SCH: ConstraintMapping: 3-220,  -> L: 0ms, D: 66454688ms, C: true, I: true, N: 2
08-06 00:31:48.879 15866 15866 I Finsky  : [1] xio.a(57): SCH: ConstraintMapping: 26-1414141414,  -> L: 39091943ms, D: 39991943ms, C: false, I: false, N: 0
08-06 00:31:48.890 15866 15866 I Finsky  : [1] xle.a(34): Cancelling existing jobscheduler jobs: 9009 9019 9013 9017 9018 9001 9011 9010 
08-06 00:31:48.891 15866 15866 I Finsky  : [1] xle.a(10): Throttling wakeup for job 9000 (expected to run in 0 ms) due to recent wakeup
08-06 00:31:48.891 15866 15866 I Finsky  : [1] xle.a(27): Scheduling job Id: 9000, L: 30000, D: 74302050, C: false, I: true, N: 0
08-06 00:31:48.893 15866 15866 I Finsky  : [1] xle.a(27): Scheduling job Id: 9002, L: 16025258, D: 34444033, C: false, I: false, N: 1
08-06 00:31:48.894 15866 15866 I Finsky  : [1] xle.a(10): Throttling wakeup for job 9003 (expected to run in 0 ms) due to recent wakeup
08-06 00:31:48.895 15866 15866 I Finsky  : [1] xle.a(27): Scheduling job Id: 9003, L: 30000, D: 66454647, C: false, I: true, N: 2
08-06 00:31:48.897 15866 15866 I Finsky  : [1] xle.a(10): Throttling wakeup for job 9004 (expected to run in 0 ms) due to recent wakeup
08-06 00:31:48.897 15866 15866 I Finsky  : [1] xle.a(27): Scheduling job Id: 9004, L: 30000, D: 66454688, C: true, I: true, N: 2
08-06 00:31:48.899 15866 15866 I Finsky  : [1] xle.a(27): Scheduling job Id: 9005, L: 39091943, D: 39991943, C: false, I: false, N: 0
08-06 00:31:48.900 15866 15866 I Finsky  : [1] xle.a(10): Throttling wakeup for job 9006 (expected to run in 0 ms) due to recent wakeup
08-06 00:31:48.900 15866 15866 I Finsky  : [1] xle.a(27): Scheduling job Id: 9006, L: 30000, D: 74302050, C: false, I: true, N: 0
08-06 00:31:48.903 15866 15866 I Finsky  : [1] xle.a(27): Scheduling job Id: 9008, L: 16025258, D: 34444033, C: false, I: false, N: 1
08-06 00:31:48.904 15866 15866 I Finsky  : [1] xle.a(10): Throttling wakeup for job 9012 (expected to run in 0 ms) due to recent wakeup
08-06 00:31:48.905 15866 15866 I Finsky  : [1] xle.a(27): Scheduling job Id: 9012, L: 30000, D: 66454647, C: false, I: true, N: 2
08-06 00:31:48.906 15866 15866 I Finsky  : [1] xle.a(10): Throttling wakeup for job 9014 (expected to run in 0 ms) due to recent wakeup
08-06 00:31:48.907 15866 15866 I Finsky  : [1] xle.a(27): Scheduling job Id: 9014, L: 30000, D: 66454688, C: true, I: true, N: 2
08-06 00:31:48.908 15866 15866 I Finsky  : [1] xle.a(27): Scheduling job Id: 9015, L: 39091943, D: 39991943, C: false, I: false, N: 0
08-06 00:31:48.957  7893  7904 I art     : Starting a blocking GC Explicit
08-06 00:31:49.001  7893  7904 I art     : Explicit concurrent mark sweep GC freed 1515(89KB) AllocSpace objects, 1(20KB) LOS objects, 27% free, 41MB/57MB, paused 607us total 42.818ms
08-06 00:31:49.017  7893  7904 I art     : Starting a blocking GC Explicit
08-06 00:31:49.062  7893  7904 I art     : Explicit concurrent mark sweep GC freed 26(944B) AllocSpace objects, 0(0B) LOS objects, 27% free, 41MB/57MB, paused 602us total 45.065ms
08-06 00:31:49.078  7893  7904 I art     : Starting a blocking GC Explicit
08-06 00:31:49.123  7893  7904 I art     : Explicit concurrent mark sweep GC freed 3(96B) AllocSpace objects, 0(0B) LOS objects, 27% free, 41MB/57MB, paused 626us total 45.081ms
08-06 00:31:49.139  7893  7904 I art     : Starting a blocking GC Explicit
08-06 00:31:49.185  7893  7904 I art     : Explicit concurrent mark sweep GC freed 3(96B) AllocSpace objects, 0(0B) LOS objects, 27% free, 41MB/57MB, paused 589us total 45.590ms
08-06 00:31:49.201  7893  7904 I art     : Starting a blocking GC Explicit
08-06 00:31:49.245  7893  7904 I art     : Explicit concurrent mark sweep GC freed 3(96B) AllocSpace objects, 0(0B) LOS objects, 27% free, 41MB/57MB, paused 584us total 44.178ms
08-06 00:31:49.435  8430  8430 D AndroidRuntime: >>>>>> START com.android.internal.os.RuntimeInit uid 2000 <<<<<<
08-06 00:31:49.442  8430  8430 D AndroidRuntime: CheckJNI is OFF
08-06 00:31:49.486  8430  8430 D ICU     : No timezone override file found: /data/misc/zoneinfo/current/icu/icu_tzdata.dat
08-06 00:31:49.531  8430  8430 I Radio-JNI: register_android_hardware_Radio DONE
08-06 00:31:49.562  8430  8430 D AndroidRuntime: Calling main entry com.android.commands.input.Input
08-06 00:31:49.565  8430  8430 I Input   : injectMotionEvent: MotionEvent { action=ACTION_DOWN, actionButton=0, id[0]=0, x[0]=1215.0, y[0]=1450.0, toolType[0]=TOOL_TYPE_UNKNOWN, buttonState=0, metaState=0, flags=0x0, edgeFlags=0x0, pointerCount=1, historySize=0, eventTime=837125977, downTime=837125977, deviceId=0, source=0x1002 }
08-06 00:31:49.574  8430  8430 I Input   : injectMotionEvent: MotionEvent { action=ACTION_UP, actionButton=0, id[0]=0, x[0]=1215.0, y[0]=1450.0, toolType[0]=TOOL_TYPE_UNKNOWN, buttonState=0, metaState=0, flags=0x0, edgeFlags=0x0, pointerCount=1, historySize=0, eventTime=837125977, downTime=837125977, deviceId=0, source=0x1002 }
08-06 00:31:49.580  8430  8430 D AndroidRuntime: Shutting down VM
08-06 00:31:49.587   512  2967 D audio_hw_primary: out_set_parameters: enter: usecase(1: low-latency-playback) kvpairs: routing=2
08-06 00:31:49.600  7893  7904 I art     : Starting a blocking GC Explicit
08-06 00:31:49.603   512  2967 D audio_hw_primary: select_devices: out_snd_device(2: speaker) in_snd_device(0: none)
08-06 00:31:49.603   512  2967 D msm8974_platform: platform_send_audio_calibration: sending audio calibration for snd_device(2) acdb_id(15)
08-06 00:31:49.603   512  2967 I soundtrigger: audio_extn_sound_trigger_update_device_status: device 0x2 of type 0 for Event 1
08-06 00:31:49.619   512  2967 D audio_hw_primary: enable_snd_device: snd_device(2: speaker)
08-06 00:31:49.622   512  2967 D audio_hw_primary: enable_audio_route: apply and update mixer path: low-latency-playback speaker
08-06 00:31:49.647  7893  7904 I art     : Explicit concurrent mark sweep GC freed 1905(126KB) AllocSpace objects, 1(20KB) LOS objects, 27% free, 41MB/57MB, paused 583us total 46.909ms
08-06 00:31:49.664  7893  7904 I art     : Starting a blocking GC Explicit
08-06 00:31:49.705  7893  7904 I art     : Explicit concurrent mark sweep GC freed 355(18KB) AllocSpace objects, 0(0B) LOS objects, 27% free, 41MB/57MB, paused 548us total 41.614ms
08-06 00:31:49.721  7893  7904 I art     : Starting a blocking GC Explicit
08-06 00:31:49.767  7893  7904 I art     : Explicit concurrent mark sweep GC freed 978(71KB) AllocSpace objects, 1(40KB) LOS objects, 27% free, 41MB/57MB, paused 573us total 45.265ms
08-06 00:31:49.767  7893  7903 I art     : WaitForGcToComplete blocked for 41.410ms for cause HeapTrim
08-06 00:31:49.784  7893  7904 I art     : Starting a blocking GC Explicit
08-06 00:31:49.834  7893  7904 I art     : Explicit concurrent mark sweep GC freed 3(96B) AllocSpace objects, 0(0B) LOS objects, 27% free, 41MB/57MB, paused 631us total 49.933ms
08-06 00:31:49.853  7893  7904 I art     : Starting a blocking GC Explicit
08-06 00:31:49.896  7893  7904 I art     : Explicit concurrent mark sweep GC freed 3(96B) AllocSpace objects, 0(0B) LOS objects, 27% free, 41MB/57MB, paused 575us total 42.398ms
08-06 00:31:50.168   512  2967 D audio_hw_primary: disable_audio_route: reset and update mixer path: low-latency-playback speaker
08-06 00:31:50.170   512  2967 D audio_hw_primary: disable_snd_device: snd_device(2: speaker)
08-06 00:31:50.178   512  2967 I soundtrigger: audio_extn_sound_trigger_update_device_status: device 0x2 of type 0 for Event 0
08-06 00:31:50.208  7893  8115 I art     : Starting a blocking GC Explicit
08-06 00:31:50.252   518   646 I ThermalEngine: ACTION: GPU - Setting GPU[0] to 510000000
08-06 00:31:50.261  7893  8115 I art     : Explicit concurrent mark sweep GC freed 1513(87KB) AllocSpace objects, 1(20KB) LOS objects, 27% free, 41MB/57MB, paused 615us total 52.458ms
08-06 00:31:50.279  7893  8115 I art     : Starting a blocking GC Explicit
08-06 00:31:50.316  7893  8115 I art     : Explicit concurrent mark sweep GC freed 26(944B) AllocSpace objects, 0(0B) LOS objects, 27% free, 41MB/57MB, paused 438us total 36.818ms
08-06 00:31:50.328  7893  8115 I art     : Starting a blocking GC Explicit
08-06 00:31:50.362  7893  8115 I art     : Explicit concurrent mark sweep GC freed 3(96B) AllocSpace objects, 0(0B) LOS objects, 27% free, 41MB/57MB, paused 438us total 33.822ms
08-06 00:31:50.374  7893  8115 I art     : Starting a blocking GC Explicit
08-06 00:31:50.410  7893  8115 I art     : Explicit concurrent mark sweep GC freed 5(176B) AllocSpace objects, 0(0B) LOS objects, 27% free, 41MB/57MB, paused 445us total 35.007ms
08-06 00:31:50.423  7893  8115 I art     : Starting a blocking GC Explicit
08-06 00:31:50.459  7893  8115 I art     : Explicit concurrent mark sweep GC freed 3(96B) AllocSpace objects, 0(0B) LOS objects, 27% free, 41MB/57MB, paused 438us total 35.850ms
08-06 00:31:50.751  7893  7905 I art     : Starting a blocking GC Explicit
08-06 00:31:50.793  7893  7905 I art     : Explicit concurrent mark sweep GC freed 1513(87KB) AllocSpace objects, 1(20KB) LOS objects, 27% free, 41MB/57MB, paused 493us total 42.344ms
08-06 00:31:50.809  7893  7905 I art     : Starting a blocking GC Explicit
08-06 00:31:50.844  7893  7905 I art     : Explicit concurrent mark sweep GC freed 26(944B) AllocSpace objects, 0(0B) LOS objects, 27% free, 41MB/57MB, paused 418us total 34.984ms
08-06 00:31:50.856  7893  7905 I art     : Starting a blocking GC Explicit
08-06 00:31:50.889  7893  7905 I art     : Explicit concurrent mark sweep GC freed 3(96B) AllocSpace objects, 0(0B) LOS objects, 27% free, 41MB/57MB, paused 432us total 32.731ms
08-06 00:31:50.901  7893  7905 I art     : Starting a blocking GC Explicit
08-06 00:31:50.933  7893  7905 I art     : Explicit concurrent mark sweep GC freed 3(96B) AllocSpace objects, 0(0B) LOS objects, 27% free, 41MB/57MB, paused 428us total 32.270ms
08-06 00:31:50.946  7893  7905 I art     : Starting a blocking GC Explicit
08-06 00:31:50.980  7893  7905 I art     : Explicit concurrent mark sweep GC freed 3(96B) AllocSpace objects, 0(0B) LOS objects, 27% free, 41MB/57MB, paused 440us total 33.418ms
08-06 00:31:51.225  8473  8473 D AndroidRuntime: >>>>>> START com.android.internal.os.RuntimeInit uid 2000 <<<<<<
08-06 00:31:51.232  8473  8473 D AndroidRuntime: CheckJNI is OFF
08-06 00:31:51.271  7893  7904 I art     : Starting a blocking GC Explicit
08-06 00:31:51.275  8473  8473 D ICU     : No timezone override file found: /data/misc/zoneinfo/current/icu/icu_tzdata.dat
08-06 00:31:51.316  7893  7904 I art     : Explicit concurrent mark sweep GC freed 1523(88KB) AllocSpace objects, 1(20KB) LOS objects, 27% free, 41MB/57MB, paused 522us total 45.054ms
08-06 00:31:51.319  8473  8473 I Radio-JNI: register_android_hardware_Radio DONE
08-06 00:31:51.333  7893  7904 I art     : Starting a blocking GC Explicit
08-06 00:31:51.345  8473  8473 D AndroidRuntime: Calling main entry com.android.commands.input.Input
08-06 00:31:51.347  8473  8473 I Input   : injectMotionEvent: MotionEvent { action=ACTION_DOWN, actionButton=0, id[0]=0, x[0]=1215.0, y[0]=1482.0, toolType[0]=TOOL_TYPE_UNKNOWN, buttonState=0, metaState=0, flags=0x0, edgeFlags=0x0, pointerCount=1, historySize=0, eventTime=837127760, downTime=837127760, deviceId=0, source=0x1002 }
08-06 00:31:51.352  8473  8473 I Input   : injectMotionEvent: MotionEvent { action=ACTION_UP, actionButton=0, id[0]=0, x[0]=1215.0, y[0]=1482.0, toolType[0]=TOOL_TYPE_UNKNOWN, buttonState=0, metaState=0, flags=0x0, edgeFlags=0x0, pointerCount=1, historySize=0, eventTime=837127760, downTime=837127760, deviceId=0, source=0x1002 }
08-06 00:31:51.353  8473  8473 D AndroidRuntime: Shutting down VM
08-06 00:31:51.357   512  2967 D audio_hw_primary: out_set_parameters: enter: usecase(1: low-latency-playback) kvpairs: routing=2
08-06 00:31:51.367  7893  7904 I art     : Explicit concurrent mark sweep GC freed 55(2000B) AllocSpace objects, 0(0B) LOS objects, 27% free, 41MB/57MB, paused 497us total 34.012ms
08-06 00:31:51.370   512  2967 D audio_hw_primary: select_devices: out_snd_device(2: speaker) in_snd_device(0: none)
08-06 00:31:51.370   512  2967 D msm8974_platform: platform_send_audio_calibration: sending audio calibration for snd_device(2) acdb_id(15)
08-06 00:31:51.370   512  2967 I soundtrigger: audio_extn_sound_trigger_update_device_status: device 0x2 of type 0 for Event 1
08-06 00:31:51.372  7893  7893 I SettingsManager: Setting boolean: completedTutorial
08-06 00:31:51.380   918  6110 W BackupManagerService: dataChanged but no participant pkg='nappagreedy.com.ak.uobtimetable' uid=10715
08-06 00:31:51.381   512  2967 D audio_hw_primary: enable_snd_device: snd_device(2: speaker)
08-06 00:31:51.382  7893  7904 I art     : Starting a blocking GC Explicit
08-06 00:31:51.383   512  2967 D audio_hw_primary: enable_audio_route: apply and update mixer path: low-latency-playback speaker
08-06 00:31:51.383  7893  7915 D OpenGLRenderer: endAllStagingAnimators on 0x7f7c112400 (RippleDrawable) with handle 0x7f78f33640
08-06 00:31:51.389   918  3714 W InputMethodManagerService: Window already focused, ignoring focus gain of: com.android.internal.view.IInputMethodClient$Stub$Proxy@30ae20d attribute=null, token = android.os.BinderProxy@a79287b
08-06 00:31:51.413  7893  7904 I art     : Explicit concurrent mark sweep GC freed 408(31KB) AllocSpace objects, 1(20KB) LOS objects, 27% free, 41MB/57MB, paused 469us total 30.969ms
08-06 00:31:51.424  7893  7904 I art     : Starting a blocking GC Explicit
08-06 00:31:51.454  7893  7904 I art     : Explicit concurrent mark sweep GC freed 160(7KB) AllocSpace objects, 0(0B) LOS objects, 27% free, 41MB/57MB, paused 376us total 29.837ms
08-06 00:31:51.465  7893  7904 I art     : Starting a blocking GC Explicit
08-06 00:31:51.495  7893  7904 I art     : Explicit concurrent mark sweep GC freed 865(62KB) AllocSpace objects, 1(40KB) LOS objects, 27% free, 41MB/57MB, paused 377us total 29.416ms
08-06 00:31:51.771  7893  8115 I art     : Starting a blocking GC Explicit
08-06 00:31:51.802  7893  8115 I art     : Explicit concurrent mark sweep GC freed 1513(87KB) AllocSpace objects, 1(20KB) LOS objects, 27% free, 41MB/57MB, paused 420us total 31.302ms
08-06 00:31:51.814  7893  8115 I art     : Starting a blocking GC Explicit
08-06 00:31:51.847  7893  8115 I art     : Explicit concurrent mark sweep GC freed 26(944B) AllocSpace objects, 0(0B) LOS objects, 27% free, 41MB/57MB, paused 431us total 32.557ms
08-06 00:31:51.859  7893  8115 I art     : Starting a blocking GC Explicit
08-06 00:31:51.892  7893  8115 I art     : Explicit concurrent mark sweep GC freed 3(96B) AllocSpace objects, 0(0B) LOS objects, 27% free, 41MB/57MB, paused 425us total 33.519ms
08-06 00:31:51.905  7893  8115 I art     : Starting a blocking GC Explicit
08-06 00:31:51.919   512  2967 D audio_hw_primary: disable_audio_route: reset and update mixer path: low-latency-playback speaker
08-06 00:31:51.920   512  2967 D audio_hw_primary: disable_snd_device: snd_device(2: speaker)
08-06 00:31:51.927   512  2967 I soundtrigger: audio_extn_sound_trigger_update_device_status: device 0x2 of type 0 for Event 0
08-06 00:31:51.938  7893  8115 I art     : Explicit concurrent mark sweep GC freed 3(96B) AllocSpace objects, 0(0B) LOS objects, 27% free, 41MB/57MB, paused 426us total 32.917ms
08-06 00:31:51.950  7893  8115 I art     : Starting a blocking GC Explicit
08-06 00:31:51.984  7893  8115 I art     : Explicit concurrent mark sweep GC freed 3(96B) AllocSpace objects, 0(0B) LOS objects, 27% free, 41MB/57MB, paused 441us total 33.557ms
08-06 00:31:52.294  7893  8277 I art     : Starting a blocking GC Explicit
08-06 00:31:52.340  7893  8277 I art     : Explicit concurrent mark sweep GC freed 1513(87KB) AllocSpace objects, 1(20KB) LOS objects, 27% free, 41MB/57MB, paused 494us total 46.050ms
08-06 00:31:52.357  7893  8277 I art     : Starting a blocking GC Explicit
08-06 00:31:52.393  7893  8277 I art     : Explicit concurrent mark sweep GC freed 26(944B) AllocSpace objects, 0(0B) LOS objects, 27% free, 41MB/57MB, paused 427us total 35.633ms
08-06 00:31:52.405  7893  8277 I art     : Starting a blocking GC Explicit
08-06 00:31:52.441  7893  8277 I art     : Explicit concurrent mark sweep GC freed 3(96B) AllocSpace objects, 0(0B) LOS objects, 27% free, 41MB/57MB, paused 441us total 35.556ms
08-06 00:31:52.454  7893  8277 I art     : Starting a blocking GC Explicit
08-06 00:31:52.489  7893  8277 I art     : Explicit concurrent mark sweep GC freed 3(96B) AllocSpace objects, 0(0B) LOS objects, 27% free, 41MB/57MB, paused 436us total 34.807ms
08-06 00:31:52.501  7893  8277 I art     : Starting a blocking GC Explicit
08-06 00:31:52.536  7893  8277 I art     : Explicit concurrent mark sweep GC freed 3(96B) AllocSpace objects, 0(0B) LOS objects, 27% free, 41MB/57MB, paused 440us total 34.910ms
08-06 00:31:52.824  7893  7904 I art     : Starting a blocking GC Explicit
08-06 00:31:52.863  7893  7904 I art     : Explicit concurrent mark sweep GC freed 1513(87KB) AllocSpace objects, 1(20KB) LOS objects, 27% free, 41MB/57MB, paused 490us total 39.417ms
08-06 00:31:52.877  7893  7904 I art     : Starting a blocking GC Explicit
08-06 00:31:52.909  7893  7904 I art     : Explicit concurrent mark sweep GC freed 26(944B) AllocSpace objects, 0(0B) LOS objects, 27% free, 41MB/57MB, paused 444us total 32.388ms
08-06 00:31:52.922  7893  7904 I art     : Starting a blocking GC Explicit
08-06 00:31:52.955  7893  7904 I art     : Explicit concurrent mark sweep GC freed 3(96B) AllocSpace objects, 0(0B) LOS objects, 27% free, 41MB/57MB, paused 479us total 33.004ms
08-06 00:31:52.967  7893  7904 I art     : Starting a blocking GC Explicit
08-06 00:31:53.000  7893  7904 I art     : Explicit concurrent mark sweep GC freed 3(96B) AllocSpace objects, 0(0B) LOS objects, 27% free, 41MB/57MB, paused 441us total 32.969ms
08-06 00:31:53.011  8516  8516 D AndroidRuntime: >>>>>> START com.android.internal.os.RuntimeInit uid 2000 <<<<<<
08-06 00:31:53.012  7893  7904 I art     : Starting a blocking GC Explicit
08-06 00:31:53.016  8516  8516 D AndroidRuntime: CheckJNI is OFF
08-06 00:31:53.045  7893  7904 I art     : Explicit concurrent mark sweep GC freed 3(96B) AllocSpace objects, 0(0B) LOS objects, 27% free, 41MB/57MB, paused 442us total 32.738ms
08-06 00:31:53.051  8516  8516 D ICU     : No timezone override file found: /data/misc/zoneinfo/current/icu/icu_tzdata.dat
08-06 00:31:53.089  8516  8516 I Radio-JNI: register_android_hardware_Radio DONE
08-06 00:31:53.110  8516  8516 D AndroidRuntime: Calling main entry com.android.commands.input.Input
08-06 00:31:53.112  8516  8516 I Input   : injectMotionEvent: MotionEvent { action=ACTION_DOWN, actionButton=0, id[0]=0, x[0]=81.0, y[0]=176.0, toolType[0]=TOOL_TYPE_UNKNOWN, buttonState=0, metaState=0, flags=0x0, edgeFlags=0x0, pointerCount=1, historySize=0, eventTime=837129525, downTime=837129525, deviceId=0, source=0x1002 }
08-06 00:31:53.118  8516  8516 I Input   : injectMotionEvent: MotionEvent { action=ACTION_UP, actionButton=0, id[0]=0, x[0]=81.0, y[0]=176.0, toolType[0]=TOOL_TYPE_UNKNOWN, buttonState=0, metaState=0, flags=0x0, edgeFlags=0x0, pointerCount=1, historySize=0, eventTime=837129525, downTime=837129525, deviceId=0, source=0x1002 }
08-06 00:31:53.120  8516  8516 D AndroidRuntime: Shutting down VM
08-06 00:31:53.125   512  2967 D audio_hw_primary: out_set_parameters: enter: usecase(1: low-latency-playback) kvpairs: routing=2
08-06 00:31:53.138   512  2967 D audio_hw_primary: select_devices: out_snd_device(2: speaker) in_snd_device(0: none)
08-06 00:31:53.138   512  2967 D msm8974_platform: platform_send_audio_calibration: sending audio calibration for snd_device(2) acdb_id(15)
08-06 00:31:53.138   512  2967 I soundtrigger: audio_extn_sound_trigger_update_device_status: device 0x2 of type 0 for Event 1
08-06 00:31:53.150   512  2967 D audio_hw_primary: enable_snd_device: snd_device(2: speaker)
08-06 00:31:53.152   512  2967 D audio_hw_primary: enable_audio_route: apply and update mixer path: low-latency-playback speaker
08-06 00:31:53.180 13866 13866 I GoogleInputMethodServic: GoogleInputMethodService.onFinishInput():3138 
08-06 00:31:53.181 13866 13866 I GoogleInputMethodServic: GoogleInputMethodService.onStartInput():1808 
08-06 00:31:53.275   918  3261 D WifiStateMachine: starting scan for "H369AA63323"WPA_PSK with 2412,5180
08-06 00:31:53.308  7893  8277 I art     : Starting a blocking GC Explicit
08-06 00:31:53.343  7893  8277 I art     : Explicit concurrent mark sweep GC freed 1933(109KB) AllocSpace objects, 1(20KB) LOS objects, 27% free, 41MB/57MB, paused 464us total 34.196ms
08-06 00:31:53.355  7893  8277 I art     : Starting a blocking GC Explicit
08-06 00:31:53.388  7893  8277 I art     : Explicit concurrent mark sweep GC freed 36(1440B) AllocSpace objects, 0(0B) LOS objects, 27% free, 41MB/57MB, paused 423us total 32.754ms
08-06 00:31:53.399  7893  8277 I art     : Starting a blocking GC Explicit
08-06 00:31:53.430  7893  8277 I art     : Explicit concurrent mark sweep GC freed 9(288B) AllocSpace objects, 0(0B) LOS objects, 27% free, 41MB/57MB, paused 395us total 30.557ms
08-06 00:31:53.442  7893  8277 I art     : Starting a blocking GC Explicit
08-06 00:31:53.473  7893  8277 I art     : Explicit concurrent mark sweep GC freed 3(96B) AllocSpace objects, 0(0B) LOS objects, 27% free, 41MB/57MB, paused 555us total 31.138ms
08-06 00:31:53.485  7893  8277 I art     : Starting a blocking GC Explicit
08-06 00:31:53.515  7893  8277 I art     : Explicit concurrent mark sweep GC freed 3(96B) AllocSpace objects, 0(0B) LOS objects, 27% free, 41MB/57MB, paused 384us total 30.236ms
08-06 00:31:53.690   512  2967 D audio_hw_primary: disable_audio_route: reset and update mixer path: low-latency-playback speaker
08-06 00:31:53.691   512  2967 D audio_hw_primary: disable_snd_device: snd_device(2: speaker)
08-06 00:31:53.701   512  2967 I soundtrigger: audio_extn_sound_trigger_update_device_status: device 0x2 of type 0 for Event 0
08-06 00:31:53.823  7893  8115 I art     : Starting a blocking GC Explicit
08-06 00:31:53.859  7893  8115 I art     : Explicit concurrent mark sweep GC freed 1516(88KB) AllocSpace objects, 1(20KB) LOS objects, 27% free, 41MB/57MB, paused 444us total 35.254ms
08-06 00:31:53.872  7893  8115 I art     : Starting a blocking GC Explicit
08-06 00:31:53.905  7893  8115 I art     : Explicit concurrent mark sweep GC freed 30(1072B) AllocSpace objects, 0(0B) LOS objects, 27% free, 41MB/57MB, paused 431us total 32.874ms
08-06 00:31:53.917  7893  8115 I art     : Starting a blocking GC Explicit
08-06 00:31:53.951  7893  8115 I art     : Explicit concurrent mark sweep GC freed 3(96B) AllocSpace objects, 0(0B) LOS objects, 27% free, 41MB/57MB, paused 423us total 34.638ms
08-06 00:31:53.964  7893  8115 I art     : Starting a blocking GC Explicit
08-06 00:31:54.000  7893  8115 I art     : Explicit concurrent mark sweep GC freed 3(96B) AllocSpace objects, 0(0B) LOS objects, 27% free, 41MB/57MB, paused 480us total 35.352ms
08-06 00:31:54.012  7893  8115 I art     : Starting a blocking GC Explicit
08-06 00:31:54.047  7893  8115 I art     : Explicit concurrent mark sweep GC freed 3(96B) AllocSpace objects, 0(0B) LOS objects, 27% free, 41MB/57MB, paused 585us total 34.695ms
08-06 00:31:54.359  7893  7905 I art     : Starting a blocking GC Explicit
08-06 00:31:54.397  7893  7905 I art     : Explicit concurrent mark sweep GC freed 1513(87KB) AllocSpace objects, 1(20KB) LOS objects, 27% free, 41MB/57MB, paused 436us total 37.141ms
08-06 00:31:54.410  7893  7905 I art     : Starting a blocking GC Explicit
08-06 00:31:54.442  7893  7905 I art     : Explicit concurrent mark sweep GC freed 26(944B) AllocSpace objects, 0(0B) LOS objects, 27% free, 41MB/57MB, paused 429us total 31.925ms
08-06 00:31:54.453  7893  7905 I art     : Starting a blocking GC Explicit
08-06 00:31:54.487  7893  7905 I art     : Explicit concurrent mark sweep GC freed 3(96B) AllocSpace objects, 0(0B) LOS objects, 27% free, 41MB/57MB, paused 478us total 33.291ms
08-06 00:31:54.499  7893  7905 I art     : Starting a blocking GC Explicit
08-06 00:31:54.532  7893  7905 I art     : Explicit concurrent mark sweep GC freed 3(96B) AllocSpace objects, 0(0B) LOS objects, 27% free, 41MB/57MB, paused 435us total 33.230ms
08-06 00:31:54.544  7893  7905 I art     : Starting a blocking GC Explicit
08-06 00:31:54.578  7893  7905 I art     : Explicit concurrent mark sweep GC freed 3(96B) AllocSpace objects, 0(0B) LOS objects, 27% free, 41MB/57MB, paused 486us total 33.049ms
08-06 00:31:54.772  8570  8570 D AndroidRuntime: >>>>>> START com.android.internal.os.RuntimeInit uid 2000 <<<<<<
08-06 00:31:54.777  8570  8570 D AndroidRuntime: CheckJNI is OFF
08-06 00:31:54.810  8570  8570 D ICU     : No timezone override file found: /data/misc/zoneinfo/current/icu/icu_tzdata.dat
08-06 00:31:54.842  8570  8570 I Radio-JNI: register_android_hardware_Radio DONE
08-06 00:31:54.864  8570  8570 D AndroidRuntime: Calling main entry com.android.commands.input.Input
08-06 00:31:54.865  8570  8570 I Input   : injectMotionEvent: MotionEvent { action=ACTION_DOWN, actionButton=0, id[0]=0, x[0]=436.0, y[0]=1770.0, toolType[0]=TOOL_TYPE_UNKNOWN, buttonState=0, metaState=0, flags=0x0, edgeFlags=0x0, pointerCount=1, historySize=0, eventTime=837131278, downTime=837131278, deviceId=0, source=0x1002 }
08-06 00:31:54.869  8570  8570 I Input   : injectMotionEvent: MotionEvent { action=ACTION_UP, actionButton=0, id[0]=0, x[0]=436.0, y[0]=1770.0, toolType[0]=TOOL_TYPE_UNKNOWN, buttonState=0, metaState=0, flags=0x0, edgeFlags=0x0, pointerCount=1, historySize=0, eventTime=837131278, downTime=837131278, deviceId=0, source=0x1002 }
08-06 00:31:54.871  8570  8570 D AndroidRuntime: Shutting down VM
08-06 00:31:54.875  7893  7893 D MainActivity: NavigationItemSelected: Courses
08-06 00:31:54.876  7893  7893 D NappaIntentExtras: ==================
08-06 00:31:54.876  7893  7893 D NappaIntentExtras: Log #3
08-06 00:31:54.876  7893  7893 D NappaIntentExtras: ------------------
08-06 00:31:54.876  7893  7893 D NappaIntentExtras: activity nappagreedy.com.ak.uobtimetable.WelcomeActivity
08-06 00:31:54.876  7893  7893 D NappaIntentExtras: 	- No extras registered
08-06 00:31:54.877  7893  7893 D NappaIntentExtras: activity nappagreedy.com.ak.uobtimetable.MainActivity
08-06 00:31:54.877  7893  7893 D NappaIntentExtras: 	- No extras registered
08-06 00:31:54.877  7893  7893 D NappaIntentExtras: activity nappagreedy.com.ak.uobtimetable.CourseListActivity
08-06 00:31:54.877  7893  7893 D NappaIntentExtras: 	- 1 extras registered
08-06 00:31:54.877  7893  7893 D NappaIntentExtras: 	- forceRefreshSessions : true
08-06 00:31:54.877  7893  7893 D NappaIntentExtras: ==================
08-06 00:31:54.877  7893  8115 I art     : Starting a blocking GC Explicit
08-06 00:31:54.878   918  3714 I ActivityManager: START u0 {cmp=nappagreedy.com.ak.uobtimetable/.CourseListActivity} from uid 10715 on display 0
08-06 00:31:54.879   512  2967 D audio_hw_primary: out_set_parameters: enter: usecase(1: low-latency-playback) kvpairs: routing=2
08-06 00:31:54.891   512  2967 D audio_hw_primary: select_devices: out_snd_device(2: speaker) in_snd_device(0: none)
08-06 00:31:54.893   512  2967 D msm8974_platform: platform_send_audio_calibration: sending audio calibration for snd_device(2) acdb_id(15)
08-06 00:31:54.893   512  2967 I soundtrigger: audio_extn_sound_trigger_update_device_status: device 0x2 of type 0 for Event 1
08-06 00:31:54.900  7893  7893 D NappaLifecycleObserver: nappagreedy.com.ak.uobtimetable.MainActivity - onPause
08-06 00:31:54.900  7893  7893 D Nappa   : Stayed on nappagreedy.com.ak.uobtimetable.MainActivity for 9645 ms
08-06 00:31:54.901  7893  7893 D MainActivity: OnPause
08-06 00:31:54.904   512  2967 D audio_hw_primary: enable_snd_device: snd_device(2: speaker)
08-06 00:31:54.906   512  2967 D audio_hw_primary: enable_audio_route: apply and update mixer path: low-latency-playback speaker
08-06 00:31:54.912  7893  8115 I art     : Explicit concurrent mark sweep GC freed 2141(111KB) AllocSpace objects, 1(20KB) LOS objects, 27% free, 41MB/57MB, paused 1.115ms total 34.733ms
08-06 00:31:54.925  7893  8115 I art     : Starting a blocking GC Explicit
08-06 00:31:54.935  7893  7893 D CourseListActivity: onCreate
08-06 00:31:54.937  7893  7893 D NappaLifecycleObserver: nappagreedy.com.ak.uobtimetable.CourseListActivity - onResume
08-06 00:31:54.937  7893  7893 D Nappa   : setCurrentActivity - MetricStrategyAccuracy - 
08-06 00:31:54.937  7893  7893 D Nappa   : madePredictionFromActivity = true, 
08-06 00:31:54.937  7893  7893 D Nappa   : fromActivity = nappagreedy.com.ak.uobtimetable.MainActivity, 
08-06 00:31:54.937  7893  7893 D Nappa   : predictedNextActivityFromActivity = [nappagreedy.com.ak.uobtimetable.WelcomeActivity, nappagreedy.com.ak.uobtimetable.CourseListActivity, nappagreedy.com.ak.uobtimetable.MainActivity], 
08-06 00:31:54.937  7893  7893 D Nappa   : activity.getClass().getCanonicalName() = nappagreedy.com.ak.uobtimetable.CourseListActivity, 
08-06 00:31:54.937  7893  8594 D Nappa   : TAG okHttpClient initialized
08-06 00:31:54.937  7893  7893 D Nappa   : setCurrentActivity - MetricStrategyAccuracy - 
08-06 00:31:54.937  7893  7893 D Nappa   : madePredictionFromExtra = false, 
08-06 00:31:54.937  7893  7893 D Nappa   : fromActivity = nappagreedy.com.ak.uobtimetable.MainActivity, 
08-06 00:31:54.937  7893  7893 D Nappa   : predictedNextActivityFromExtra = [], 
08-06 00:31:54.937  7893  7893 D Nappa   : activity.getClass().getCanonicalName() = nappagreedy.com.ak.uobtimetable.CourseListActivity, 
08-06 00:31:54.937  7893  8594 D HTTP    : Request for: https://uob-timetable-api.adriankeenan.co.uk/courses
08-06 00:31:54.937  7893  7893 D Nappa   : PREFETCH_ON_EXTRA - setCurrentActivity - logs - from activity - made prediction istrue
08-06 00:31:54.937  7893  7893 D Nappa   : PREFETCH_ON_EXTRA - setCurrentActivity - logs - from activity - start
08-06 00:31:54.937  7893  7893 D Nappa   : setCurrentActivity - MetricStrategyAccuracy - checking prediction VS current activity for activities
08-06 00:31:54.938  7893  7893 D GreedyPrefetchingStrategyOnVisitFrequencyAndTime: MetricStrategyAccuracy inc hits count4 | from act
08-06 00:31:54.938  7893  7893 I NAPPA_EXPERIMENTATION: MetricStrategyAccuracy: LOG_ID='4',EXECUTION_COUNT='4',CASES_COUNT='4',HIT_PERCENTAGE_TOTAL='100.0',HIT_PERCENTAGE_WHEN_PREDICTED='100.0',HIT_COUNT='4',MISS_COUNT='0',INSUFFICIENT_SCORE_COUNT='0',EXCEPTION_COUNT='0',NO_SUCCESSOR_COUNT='0',
08-06 00:31:54.938  7893  7893 D Nappa   : PREFETCH_ON_EXTRA - setCurrentActivity - logs - from activity- finished
08-06 00:31:54.938  7893  8594 D CustomInterceptor: NETWORK-PROVIDER https://uob-timetable-api.adriankeenan.co.uk/courses
08-06 00:31:54.938  7893  8594 D Nappa   : F1_SCORE add_intercept_url - (already in) - https://uob-timetable-api.adriankeenan.co.uk/courses
08-06 00:31:54.938  7893  8594 D Nappa   : F1_SCORE add_fn_url - (already in) - https://uob-timetable-api.adriankeenan.co.uk/courses
08-06 00:31:54.938  7893  8594 D Nappa   : -------------F1_SCORE #5 -----------
08-06 00:31:54.938  7893  8594 D Nappa   : F1_SCORE - Intercept list (2)= [https://uob-timetable-api.adriankeenan.co.uk/courses, https://uob-timetable-api.adriankeenan.co.uk/sessions?dept=BD002&course=CFIEFAAF%2F02AA%2F0%2FFT&level=ALL+Courses]
08-06 00:31:54.938  7893  8594 D Nappa   : F1_SCORE - Prefetch list (0)= []
08-06 00:31:54.938  7893  8594 D Nappa   : F1_SCORE - TP list (0)= []
08-06 00:31:54.939  7893  8594 D Nappa   : F1_SCORE - FN list (2)= [https://uob-timetable-api.adriankeenan.co.uk/courses, https://uob-timetable-api.adriankeenan.co.uk/sessions?dept=BD002&course=CFIEFAAF%2F02AA%2F0%2FFT&level=ALL+Courses]
08-06 00:31:54.939  7893  8594 I NAPPA_EXPERIMENTATION: MetricPrefetchingAccuracy: LOG_ID='6',F1_SCORE_1='0.0',F1_SCORE_2='0.0',TRUE_POSITIVE='0',FALSE_POSITIVE='0',FALSE_NEGATIVE='2',
08-06 00:31:54.939  7893  8594 D CustomInterceptor: HEADER REQUEST
08-06 00:31:54.939  7893  8594 D CustomInterceptor: API-Version 2
08-06 00:31:54.939  7893  8594 D CustomInterceptor: App-Version 21
08-06 00:31:54.939  7893  8594 D CustomInterceptor: Cache-Control max-age=300, max-stale=300
08-06 00:31:54.939  7893  8594 D CustomInterceptor: User-Agent Dalvik/2.1.0 (Linux; U; Android 6.0; Nexus 6P Build/MDB08K)
08-06 00:31:54.939  7893  8594 D CustomInterceptor: CACHED STATS: size = '2', maxSize = '100', hitCount = '2', createCount = '0', putCount = '2', evictionCount = '0', missCount = '2', toString = 'LruCache[maxSize=100,hits=2,misses=2,hitRate=50%]', 
08-06 00:31:54.939  7893  8594 D CustomInterceptor: PREFLIB GET REQUEST https://uob-timetable-api.adriankeenan.co.uk/courses
08-06 00:31:54.939  7893  8594 D CustomInterceptor: PREFLIB found https://uob-timetable-api.adriankeenan.co.uk/courses, sending it back
08-06 00:31:54.982  7893  8115 W art     : Suspending all threads took: 20.870ms
08-06 00:31:54.984  7893  8115 I art     : Explicit concurrent mark sweep GC freed 2729(182KB) AllocSpace objects, 0(0B) LOS objects, 18% free, 71MB/87MB, paused 21.645ms total 58.807ms
08-06 00:31:54.995  7893  8115 I art     : Starting a blocking GC Explicit
08-06 00:31:55.038  7893  7893 D Nappa   : registerActivity: (already in) nappagreedy.com.ak.uobtimetable.CourseListActivity
08-06 00:31:55.038  7893  7893 D ActivityGraph: LARDataCalculatedUpdate nappagreedy.com.ak.uobtimetable.CourseListActivity Pagerank: 0.25 HITS-Authority: 1.0 HITS-Hub: 1.0 SALSA-Authority: 1.0 SALSA-Hub: 1.0
08-06 00:31:55.038  7893  7893 D Nappa   : SHOULD_PREFETCH false
08-06 00:31:55.038  7893  7893 D Nappa   : STATS Number of requests not prefetched: 2
08-06 00:31:55.038  7893  7893 D Nappa   : STATS Number of requests prefetched: 1
08-06 00:31:55.038  7893  7893 D Nappa   : STATS Time saved until now: 0.04
08-06 00:31:55.038  7893  7911 D Nappa   : registerActivity: (already in) nappagreedy.com.ak.uobtimetable.CourseListActivity
08-06 00:31:55.038  7893  7911 D Nappa   : PARENTS 
08-06 00:31:55.038  7893  7911 D Nappa   : Of: nappagreedy.com.ak.uobtimetable.CourseListActivity -> 
08-06 00:31:55.039  7893  7911 D Nappa   : PARENTS nappagreedy.com.ak.uobtimetable.WelcomeActivity
08-06 00:31:55.039  7893  7911 D Nappa   : PARENTS nappagreedy.com.ak.uobtimetable.MainActivity
08-06 00:31:55.039  7893  7911 D Nappa   : PARENTS nappagreedy.com.ak.uobtimetable.CourseListActivity
08-06 00:31:55.039  7893  7911 D Nappa   : PARENTS has extra: (forceRefreshSessions, true)
08-06 00:31:55.043  7893  7893 D ActivityNode: Observer - visit time - MainActivity - New aggregate visit time found is 26079 ms
08-06 00:31:55.099   918   936 I ActivityManager: Displayed nappagreedy.com.ak.uobtimetable/.CourseListActivity: +197ms
08-06 00:31:55.099 13866 13866 I GoogleInputMethodServic: GoogleInputMethodService.onFinishInput():3138 
08-06 00:31:55.099  7893  8594 D CustomInterceptor: CONTENT {
08-06 00:31:55.099  7893  8594 D CustomInterceptor:     "api_version": 2,
08-06 00:31:55.099  7893  8594 D CustomInterceptor:     "response_time": 0.69,
08-06 00:31:55.099  7893  8594 D CustomInterceptor:     "error": false,
08-06 00:31:55.099  7893  8594 D CustomInterceptor:     "courses": [
08-06 00:31:55.099  7893  8594 D CustomInterceptor:         {
08-06 00:31:55.099  7893  8594 D CustomInterceptor:             "id": "MBXBB\/10AA\/1\/PT",
08-06 00:31:55.099  7893  8594 D CustomInterceptor:             "name": "(Executive) Business Administration - Exec MBA - Ltn - Year 1 Oct PT",
08-06 00:31:55.099  7893  8594 D CustomInterceptor:             "name_start": "(Executive) Business Administration",
08-06 00:31:55.099  7893  8594 D CustomInterceptor:             "name_end": "Exec MBA - Ltn - Year 1 Oct PT",
08-06 00:31:55.099  7893  8594 D CustomInterceptor:             "level": "ALL Courses",
08-06 00:31:55.099  7893  8594 D CustomInterceptor:             "department": {
08-06 00:31:55.099  7893  8594 D CustomInterceptor:                 "id": "BU003",
08-06 00:31:55.099  7893  8594 D CustomInterceptor:                 "name": "Department of Strategy and Management",
08-06 00:31:55.099  7893  8594 D CustomInterceptor:                 "course_count": 1370
08-06 00:31:55.099  7893  8594 D CustomInterceptor:             },
08-06 00:31:55.099  7893  8594 D CustomInterceptor:             "session_url": "https:\/\/uob-timetable-api.adriankeenan.co.uk\/sessions?dept=BU003&course=MBXBB%2F10AA%2F1%2FPT&level=ALL+Courses"
08-06 00:31:55.099  7893  8594 D CustomInterceptor:         },
08-06 00:31:55.099  7893  8594 D CustomInterceptor:         {
08-06 00:31:55.099  7893  8594 D CustomInterceptor:             "id": "MBXBB\/10AA\/1\/PT",
08-06 00:31:55.099  7893  8594 D CustomInterceptor:             "name": "(Executive) Business Administration - Exec MBA - Ltn - Year 1 Oct PT",
08-06 00:31:55.099  7893  8594 D CustomInterceptor:             "name_start": "(Executive) Business Administration",
08-06 00:31:55.099  7893  8594 D CustomInterceptor:             "name_end": "Exec MBA - Ltn - Year 1 Oct PT",
08-06 00:31:55.099  7893  8594 D CustomInterceptor:             "level": "Postgraduate",
08-06 00:31:55.099  7893  8594 D CustomInterceptor:             "department": {
08-06 00:31:55.099  7893  8594 D CustomInterceptor:                 "id": "BU003",
08-06 00:31:55.099  7893  8594 D CustomInterceptor:                 "name": "Department of Strategy and Management",
08-06 00:31:55.099  7893  8594 D CustomInterceptor:                 "course_count": 1370
08-06 00:31:55.099  7893  8594 D CustomInterceptor:             },
08-06 00:31:55.099  7893  8594 D CustomInterceptor:             "session_url": "https:\/\/uob-timetable-api.adriankeenan.co.uk\/sessions?dept=BU003&course=MBXBB%2F10AA%2F1%2FPT&level=Postgraduate"
08-06 00:31:55.099  7893  8594 D CustomInterceptor:         },
08-06 00:31:55.099  7893  8594 D CustomInterceptor:         {
08-06 00:31:55.099  7893  8594 D CustomInterceptor:             "id": "MBXBB\/03AA\/2\/PT",
