08-06 00:32:11.214  7893  7911 D GreedyPrefetchingStrategyOnVisitFrequencyAndTime: Checking node CourseListActivity with 1 successors
08-06 00:32:11.214  7893  7911 D GreedyPrefetchingStrategyOnVisitFrequencyAndTime: Check successor MainActivity
08-06 00:32:11.214   918  3670 I ActivityManager: START u0 {flg=0x4000000 cmp=nappagreedy.com.ak.uobtimetable/.MainActivity (has extras)} from uid 10715 on display 0
08-06 00:32:11.214  7893  7911 D GreedyPrefetchingStrategyOnVisitFrequencyAndTime: Data:
08-06 00:32:11.214  7893  7911 D GreedyPrefetchingStrategyOnVisitFrequencyAndTime: 	- Successor time = 26079.0
08-06 00:32:11.214  7893  7911 D GreedyPrefetchingStrategyOnVisitFrequencyAndTime: 	- Successor frequency = 4
08-06 00:32:11.214  7893  7911 D GreedyPrefetchingStrategyOnVisitFrequencyAndTime: 	- Aggregated time = 26079.0
08-06 00:32:11.214  7893  7911 D GreedyPrefetchingStrategyOnVisitFrequencyAndTime: 	- Aggregated frequency = 4
08-06 00:32:11.214  7893  7911 D GreedyPrefetchingStrategyOnVisitFrequencyAndTime: Calculated scores:
08-06 00:32:11.214  7893  7911 D GreedyPrefetchingStrategyOnVisitFrequencyAndTime: 	- Parent score = 1.0
08-06 00:32:11.214  7893  7911 D GreedyPrefetchingStrategyOnVisitFrequencyAndTime: 	- Successor time score = 0.5
08-06 00:32:11.214  7893  7911 D GreedyPrefetchingStrategyOnVisitFrequencyAndTime: 	- Successor frequency score = 0.5
08-06 00:32:11.214  7893  7911 D GreedyPrefetchingStrategyOnVisitFrequencyAndTime: 	- Successor final score = 1.0
08-06 00:32:11.214  7893  7911 D GreedyPrefetchingStrategyOnVisitFrequencyAndTime: Switch best successor
08-06 00:32:11.214  7893  7911 D GreedyPrefetchingStrategyOnVisitFrequencyAndTime: CourseListActivity best successor is MainActivity with score 1.0 containing the URLS []
08-06 00:32:11.214  7893  7911 D GreedyPrefetchingStrategyOnVisitFrequencyAndTime: ------------- Recursion #2 -----------
08-06 00:32:11.214  7893  7911 D GreedyPrefetchingStrategyOnVisitFrequencyAndTime: Best successors so far [MainActivity]
08-06 00:32:11.215  7893  7911 D GreedyPrefetchingStrategyOnVisitFrequencyAndTime: Checking node MainActivity with 1 successors
08-06 00:32:11.215  7893  7911 D GreedyPrefetchingStrategyOnVisitFrequencyAndTime: Check successor WelcomeActivity
08-06 00:32:11.215  7893  7911 D GreedyPrefetchingStrategyOnVisitFrequencyAndTime: Data:
08-06 00:32:11.215  7893  7911 D GreedyPrefetchingStrategyOnVisitFrequencyAndTime: 	- Successor time = 11803.0
08-06 00:32:11.215  7893  7911 D GreedyPrefetchingStrategyOnVisitFrequencyAndTime: 	- Successor frequency = 2
08-06 00:32:11.215  7893  7911 D GreedyPrefetchingStrategyOnVisitFrequencyAndTime: 	- Aggregated time = 11803.0
08-06 00:32:11.215  7893  7911 D GreedyPrefetchingStrategyOnVisitFrequencyAndTime: 	- Aggregated frequency = 2
08-06 00:32:11.215  7893  7911 D GreedyPrefetchingStrategyOnVisitFrequencyAndTime: Calculated scores:
08-06 00:32:11.215  7893  7911 D GreedyPrefetchingStrategyOnVisitFrequencyAndTime: 	- Parent score = 1.0
08-06 00:32:11.215  7893  7911 D GreedyPrefetchingStrategyOnVisitFrequencyAndTime: 	- Successor time score = 0.5
08-06 00:32:11.215  7893  7911 D GreedyPrefetchingStrategyOnVisitFrequencyAndTime: 	- Successor frequency score = 0.5
08-06 00:32:11.215  7893  7911 D GreedyPrefetchingStrategyOnVisitFrequencyAndTime: 	- Successor final score = 1.0
08-06 00:32:11.215  7893  7911 D GreedyPrefetchingStrategyOnVisitFrequencyAndTime: Switch best successor
08-06 00:32:11.215  7893  7911 D GreedyPrefetchingStrategyOnVisitFrequencyAndTime: MainActivity best successor is WelcomeActivity with score 1.0 containing the URLS []
08-06 00:32:11.215  7893  7911 D GreedyPrefetchingStrategyOnVisitFrequencyAndTime: ------------- Recursion #3 -----------
08-06 00:32:11.215  7893  7911 D GreedyPrefetchingStrategyOnVisitFrequencyAndTime: Best successors so far [MainActivity, WelcomeActivity]
08-06 00:32:11.215  7893  7911 D GreedyPrefetchingStrategyOnVisitFrequencyAndTime: Checking node WelcomeActivity with 1 successors
08-06 00:32:11.215  7893  7911 D GreedyPrefetchingStrategyOnVisitFrequencyAndTime: Check successor CourseListActivity
08-06 00:32:11.215  7893  7911 D GreedyPrefetchingStrategyOnVisitFrequencyAndTime: Data:
08-06 00:32:11.215  7893  7911 D GreedyPrefetchingStrategyOnVisitFrequencyAndTime: 	- Successor time = 41732.0
08-06 00:32:11.215  7893  7911 D GreedyPrefetchingStrategyOnVisitFrequencyAndTime: 	- Successor frequency = 2
08-06 00:32:11.215  7893  7911 D GreedyPrefetchingStrategyOnVisitFrequencyAndTime: 	- Aggregated time = 41732.0
08-06 00:32:11.215  7893  7911 D GreedyPrefetchingStrategyOnVisitFrequencyAndTime: 	- Aggregated frequency = 2
08-06 00:32:11.215  7893  7911 D GreedyPrefetchingStrategyOnVisitFrequencyAndTime: Calculated scores:
08-06 00:32:11.215  7893  7911 D GreedyPrefetchingStrategyOnVisitFrequencyAndTime: 	- Parent score = 1.0
08-06 00:32:11.215  7893  7911 D GreedyPrefetchingStrategyOnVisitFrequencyAndTime: 	- Successor time score = 0.5
08-06 00:32:11.215  7893  7911 D GreedyPrefetchingStrategyOnVisitFrequencyAndTime: 	- Successor frequency score = 0.5
08-06 00:32:11.215  7893  7911 D GreedyPrefetchingStrategyOnVisitFrequencyAndTime: 	- Successor final score = 1.0
08-06 00:32:11.215  7893  7911 D GreedyPrefetchingStrategyOnVisitFrequencyAndTime: Switch best successor
08-06 00:32:11.215  7893  7911 D GreedyPrefetchingStrategyOnVisitFrequencyAndTime: WelcomeActivity best successor is CourseListActivity with score 1.0 containing the URLS []
08-06 00:32:11.215  7893  7911 D GreedyPrefetchingStrategyOnVisitFrequencyAndTime: ------------- Recursion #4 -----------
08-06 00:32:11.216  7893  7911 D GreedyPrefetchingStrategyOnVisitFrequencyAndTime: Best successors so far [MainActivity, WelcomeActivity, CourseListActivity]
08-06 00:32:11.216  7893  7911 D GreedyPrefetchingStrategyOnVisitFrequencyAndTime: Checking node CourseListActivity with 1 successors
08-06 00:32:11.216  7893  7911 D GreedyPrefetchingStrategyOnVisitFrequencyAndTime: Check successor MainActivity
08-06 00:32:11.216  7893  7911 D GreedyPrefetchingStrategyOnVisitFrequencyAndTime: This successor was visited in a previous recursion
08-06 00:32:11.216  7893  7911 D GreedyPrefetchingStrategyOnVisitFrequencyAndTime: this node has no successors
08-06 00:32:11.216  7893  7911 D GreedyPrefetchingStrategyOnVisitFrequencyAndTime: Next visited child will be [nappagreedy.com.ak.uobtimetable.MainActivity, nappagreedy.com.ak.uobtimetable.WelcomeActivity, nappagreedy.com.ak.uobtimetable.CourseListActivity]
08-06 00:32:11.216  7893  7911 D GreedyPrefetchingStrategyOnVisitFrequencyAndTime: ==================================
08-06 00:32:11.216  7893  7911 D Nappa   : PREFETCH_ON_EXTRA - notifyExtras- end
08-06 00:32:11.216  7893  7911 D Nappa   : PREFSTRAT2 ADDING NEW ACTEXTRADATA
08-06 00:32:11.227   918  3714 W InputMethodManagerService: Focus gain on non-focused client com.android.internal.view.IInputMethodClient$Stub$Proxy@f05a976 (uid=10715 pid=7893)
08-06 00:32:11.228  7893  7893 D NappaLifecycleObserver: nappagreedy.com.ak.uobtimetable.CourseListActivity - onPause
08-06 00:32:11.228  7893  7893 D Nappa   : Stayed on nappagreedy.com.ak.uobtimetable.CourseListActivity for 16190 ms
08-06 00:32:11.236  7893  7893 D NappaLifecycleObserver: nappagreedy.com.ak.uobtimetable.MainActivity - onDestroy
08-06 00:32:11.236  7893  7893 D NappaLifecycleObserver: -------------F1_SCORE #6 -----------
08-06 00:32:11.237  7893  7893 D NappaLifecycleObserver: F1_SCORE - Intercept list (2)= [https://uob-timetable-api.adriankeenan.co.uk/courses, https://uob-timetable-api.adriankeenan.co.uk/sessions?dept=BD002&course=CFIEFAAF%2F02AA%2F0%2FFT&level=ALL+Courses]
08-06 00:32:11.237  7893  7893 D NappaLifecycleObserver: F1_SCORE - Prefetch list (0)= []
08-06 00:32:11.237  7893  7893 D NappaLifecycleObserver: F1_SCORE - TP list (0)= []
08-06 00:32:11.237  7893  7893 D NappaLifecycleObserver: F1_SCORE - FN list (2)= [https://uob-timetable-api.adriankeenan.co.uk/courses, https://uob-timetable-api.adriankeenan.co.uk/sessions?dept=BD002&course=CFIEFAAF%2F02AA%2F0%2FFT&level=ALL+Courses]
08-06 00:32:11.237  7893  7893 I NAPPA_EXPERIMENTATION: MetricPrefetchingAccuracy: LOG_ID='7',F1_SCORE_1='0.0',F1_SCORE_2='0.0',TRUE_POSITIVE='0',FALSE_POSITIVE='0',FALSE_NEGATIVE='2',
08-06 00:32:11.246  7893  7905 I art     : Explicit concurrent mark sweep GC freed 3761(199KB) AllocSpace objects, 1(20KB) LOS objects, 23% free, 52MB/68MB, paused 1.599ms total 68.634ms
08-06 00:32:11.254  7893  7893 D MainActivity: OnDestroy
08-06 00:32:11.257  7893  7893 D ActivityNode: Observer - intent extra - WelcomeActivity
08-06 00:32:11.257  7893  7893 D ActivityNode: Extras:
08-06 00:32:11.257  7893  7893 D ActivityNode: Observer - intent extra - MainActivity
08-06 00:32:11.257  7893  7893 D ActivityNode: Extras:
08-06 00:32:11.257  7893  7893 D ActivityNode: Observer - intent extra - CourseListActivity
08-06 00:32:11.257  7893  7893 D ActivityNode: Extras:
08-06 00:32:11.257  7893  7893 D ActivityNode: 	activity ID 3( key forceRefreshSessions)
08-06 00:32:11.257  7893  7893 D ActivityNode: 	activity ID 3( key forceRefreshSessions)
08-06 00:32:11.257  7893  7893 D ActivityNode: 	activity ID 3( key forceRefreshSessions)
08-06 00:32:11.257  7893  7893 D ActivityNode: 	activity ID 3( key forceRefreshSessions)
08-06 00:32:11.257  7893  7893 D ActivityNode: 	activity ID 3( key forceRefreshSessions)
08-06 00:32:11.269  7893  7905 I art     : Starting a blocking GC Explicit
08-06 00:32:11.284  7893  7893 D MainActivity: onCreate
08-06 00:32:11.284  7893  7893 I SettingsManager: Getting string: savedSessions
08-06 00:32:11.284  7893  7893 I SettingsManager: Getting string: savedSessions
08-06 00:32:11.295  7893  7893 I SettingsManager: Getting string: savedSessionsCourseName
08-06 00:32:11.295  7893  7893 I SettingsManager: Getting string: savedSessionsCourseName
08-06 00:32:11.295  7893  7893 I SettingsManager: Getting string: savedSessionsDateRange
08-06 00:32:11.295  7893  7893 I SettingsManager: Getting string: savedSessionsDateRange
08-06 00:32:11.296  7893  7893 I Settings: 10 saved sessions - Bedfordshire International and EU Foundation Year - Int Foun - Ltn - Y0 Feb FT - Weeks: 24-38 (8 Jun 2020-20 Sep 2020)
08-06 00:32:11.332  7893  7893 I SettingsManager: Getting string: savedCourse
08-06 00:32:11.333  7893  7893 D MainActivity: sessionListFragmentArg: updateSessions
08-06 00:32:11.333  7893  7893 D MainActivity: showTermDatesConfigChange: false
08-06 00:32:11.333  7893  7893 D MainActivity: showTermDatesShortcut: false
08-06 00:32:11.338  7893  7893 D MainActivity: Setting initial fragment: SessionListsFragment
08-06 00:32:11.340  7893  7893 I SettingsManager: Getting int: launchCount
08-06 00:32:11.341  7893  7905 I art     : Explicit concurrent mark sweep GC freed 9160(427KB) AllocSpace objects, 0(0B) LOS objects, 22% free, 54MB/70MB, paused 899us total 72.154ms
08-06 00:32:11.341  7893  7893 D SessionListsFragment: onCreateView
08-06 00:32:11.348  7893  7893 I SettingsManager: Getting string: savedCourse
08-06 00:32:11.353  7893  7893 I SettingsManager: Getting string: savedSessions
08-06 00:32:11.361   918   927 I art     : Background partial concurrent mark sweep GC freed 103350(11MB) AllocSpace objects, 152(2MB) LOS objects, 18% free, 69MB/85MB, paused 2.612ms total 226.390ms
08-06 00:32:11.366  7893  7893 D SessionListsFragment: loadArgument: updateSessions
08-06 00:32:11.366  7893  7893 D SessionListsFragment: initialIndex: -1
08-06 00:32:11.366  7893  7905 I art     : Starting a blocking GC Explicit
08-06 00:32:11.378  7893  8886 D Nappa   : TAG okHttpClient initialized
08-06 00:32:11.379  7893  8886 D HTTP    : Request for: https://uob-timetable-api.adriankeenan.co.uk/sessions?dept=CM010&course=BSAIFAAF%2F02AA%2F0%2FFT&level=Foundation+Year
08-06 00:32:11.380  7893  8886 D CustomInterceptor: NETWORK-PROVIDER https://uob-timetable-api.adriankeenan.co.uk/sessions?dept=CM010&course=BSAIFAAF%2F02AA%2F0%2FFT&level=Foundation+Year
08-06 00:32:11.380  7893  8886 D Nappa   : F1_SCORE add_intercept_url - (new) - https://uob-timetable-api.adriankeenan.co.uk/sessions?dept=CM010&course=BSAIFAAF%2F02AA%2F0%2FFT&level=Foundation+Year
08-06 00:32:11.380  7893  8886 D Nappa   : F1_SCORE add_fn_url - (new) - https://uob-timetable-api.adriankeenan.co.uk/sessions?dept=CM010&course=BSAIFAAF%2F02AA%2F0%2FFT&level=Foundation+Year
08-06 00:32:11.380  7893  8886 D Nappa   : -------------F1_SCORE #7 -----------
08-06 00:32:11.380  7893  8886 D Nappa   : F1_SCORE - Intercept list (3)= [https://uob-timetable-api.adriankeenan.co.uk/courses, https://uob-timetable-api.adriankeenan.co.uk/sessions?dept=BD002&course=CFIEFAAF%2F02AA%2F0%2FFT&level=ALL+Courses, https://uob-timetable-api.adriankeenan.co.uk/sessions?dept=CM010&course=BSAIFAAF%2F02AA%2F0%2FFT&level=Foundation+Year]
08-06 00:32:11.381  7893  8886 D Nappa   : F1_SCORE - Prefetch list (0)= []
08-06 00:32:11.381  7893  8886 D Nappa   : F1_SCORE - TP list (0)= []
08-06 00:32:11.381  7893  8886 D Nappa   : F1_SCORE - FN list (3)= [https://uob-timetable-api.adriankeenan.co.uk/courses, https://uob-timetable-api.adriankeenan.co.uk/sessions?dept=BD002&course=CFIEFAAF%2F02AA%2F0%2FFT&level=ALL+Courses, https://uob-timetable-api.adriankeenan.co.uk/sessions?dept=CM010&course=BSAIFAAF%2F02AA%2F0%2FFT&level=Foundation+Year]
08-06 00:32:11.381  7893  8886 I NAPPA_EXPERIMENTATION: MetricPrefetchingAccuracy: LOG_ID='8',F1_SCORE_1='0.0',F1_SCORE_2='0.0',TRUE_POSITIVE='0',FALSE_POSITIVE='0',FALSE_NEGATIVE='3',
08-06 00:32:11.381  7893  8886 D CustomInterceptor: HEADER REQUEST
08-06 00:32:11.381  7893  8886 D CustomInterceptor: API-Version 2
08-06 00:32:11.381  7893  8886 D CustomInterceptor: App-Version 21
08-06 00:32:11.381  7893  8886 D CustomInterceptor: Cache-Control max-age=300, max-stale=300
08-06 00:32:11.381  7893  8886 D CustomInterceptor: User-Agent Dalvik/2.1.0 (Linux; U; Android 6.0; Nexus 6P Build/MDB08K)
08-06 00:32:11.381  7893  8886 D CustomInterceptor: CACHED STATS: size = '2', maxSize = '100', hitCount = '3', createCount = '0', putCount = '2', evictionCount = '0', missCount = '2', toString = 'LruCache[maxSize=100,hits=3,misses=2,hitRate=60%]', 
08-06 00:32:11.381  7893  8886 D CustomInterceptor: PREFLIB NOT A GET REQUEST OR NOT IN CACHEGET
08-06 00:32:11.398  7893  7893 D TermDatesFragment: WebView loaded
08-06 00:32:11.398  7893  7893 D MainActivity: OnResume
08-06 00:32:11.399  7893  7893 D NappaLifecycleObserver: nappagreedy.com.ak.uobtimetable.MainActivity - onResume
08-06 00:32:11.399  7893  7893 D Nappa   : setCurrentActivity - MetricStrategyAccuracy - 
08-06 00:32:11.399  7893  7893 D Nappa   : madePredictionFromActivity = false, 
08-06 00:32:11.399  7893  7893 D Nappa   : fromActivity = nappagreedy.com.ak.uobtimetable.CourseListActivity, 
08-06 00:32:11.399  7893  7893 D Nappa   : predictedNextActivityFromActivity = [], 
08-06 00:32:11.399  7893  7893 D Nappa   : activity.getClass().getCanonicalName() = nappagreedy.com.ak.uobtimetable.MainActivity, 
08-06 00:32:11.399  7893  7893 D Nappa   : setCurrentActivity - MetricStrategyAccuracy - 
08-06 00:32:11.399  7893  7893 D Nappa   : madePredictionFromExtra = true, 
08-06 00:32:11.399  7893  7893 D Nappa   : fromActivity = nappagreedy.com.ak.uobtimetable.CourseListActivity, 
08-06 00:32:11.399  7893  7893 D Nappa   : predictedNextActivityFromExtra = [nappagreedy.com.ak.uobtimetable.MainActivity, nappagreedy.com.ak.uobtimetable.WelcomeActivity, nappagreedy.com.ak.uobtimetable.CourseListActivity], 
08-06 00:32:11.399  7893  7893 D Nappa   : activity.getClass().getCanonicalName() = nappagreedy.com.ak.uobtimetable.MainActivity, 
08-06 00:32:11.399  7893  7893 D Nappa   : PREFETCH_ON_EXTRA - setCurrentActivity - logs - from activity - made prediction isfalse
08-06 00:32:11.447  7893  7905 I art     : Explicit concurrent mark sweep GC freed 20444(956KB) AllocSpace objects, 3(1380KB) LOS objects, 23% free, 52MB/68MB, paused 939us total 80.997ms
08-06 00:32:11.469  7893  7905 I art     : Starting a blocking GC Explicit
08-06 00:32:11.480  7893  7911 D Nappa   : registerActivity: (already in) nappagreedy.com.ak.uobtimetable.CourseListActivity
08-06 00:32:11.481  7893  7911 D Nappa   : PARENTS 
08-06 00:32:11.481  7893  7911 D Nappa   : Of: nappagreedy.com.ak.uobtimetable.CourseListActivity -> 
08-06 00:32:11.481  7893  7911 D Nappa   : PARENTS nappagreedy.com.ak.uobtimetable.WelcomeActivity
08-06 00:32:11.481  7893  7911 D Nappa   : PARENTS nappagreedy.com.ak.uobtimetable.MainActivity
08-06 00:32:11.481  7893  7911 D Nappa   : PARENTS nappagreedy.com.ak.uobtimetable.CourseListActivity
08-06 00:32:11.481  7893  7911 D Nappa   : PARENTS has extra: (forceRefreshSessions, true)
08-06 00:32:11.500  7893  7893 D Nappa   : registerActivity: (already in) nappagreedy.com.ak.uobtimetable.MainActivity
08-06 00:32:11.500  7893  7893 D ActivityNode: ACTNODE UPDATING AFTER LOADING FROM DB
08-06 00:32:11.500  7893  7893 D ActivityGraph: LARDataCalculatedUpdate nappagreedy.com.ak.uobtimetable.MainActivity Pagerank: 0.25 HITS-Authority: 1.0 HITS-Hub: 1.0 SALSA-Authority: 1.0 SALSA-Hub: 1.0
08-06 00:32:11.500  7893  7893 D Nappa   : SHOULD_PREFETCH true
08-06 00:32:11.542  7893  7905 I art     : Explicit concurrent mark sweep GC freed 2454(138KB) AllocSpace objects, 3(200KB) LOS objects, 23% free, 52MB/68MB, paused 1.704ms total 73.205ms
08-06 00:32:11.593  7893  8886 D CustomInterceptor: CACHE_CONTROL SETTING NEW MAX-AGE
08-06 00:32:11.594  7893  8886 D CustomInterceptor: HEADER RESPONSE
08-06 00:32:11.594  7893  8886 D CustomInterceptor: API-Version 2
08-06 00:32:11.594  7893  8886 D CustomInterceptor: Cache-Control public, immutable, max-age=300, only-if-cached, max-stale=300
08-06 00:32:11.594  7893  8886 D CustomInterceptor: Connection Upgrade, Keep-Alive
08-06 00:32:11.595  7893  8886 D CustomInterceptor: Content-Type application/json
08-06 00:32:11.595  7893  8886 D CustomInterceptor: Date Wed, 05 Aug 2020 22:32:06 GMT
08-06 00:32:11.595  7893  8886 D CustomInterceptor: Expires Wed, 05 Aug 2020 22:37:11 GMT+00:00
08-06 00:32:11.595  7893  8886 D CustomInterceptor: Keep-Alive timeout=5, max=100
08-06 00:32:11.595  7893  8886 D CustomInterceptor: Referrer-Policy same-origin
08-06 00:32:11.595  7893  8886 D CustomInterceptor: Server 
08-06 00:32:11.595  7893  8886 D CustomInterceptor: Strict-Transport-Security max-age=10886400;
08-06 00:32:11.595  7893  8886 D CustomInterceptor: Upgrade h2
08-06 00:32:11.595  7893  8886 D CustomInterceptor: Vary Accept-Encoding
08-06 00:32:11.595  7893  8886 D CustomInterceptor: X-Content-Type-Options nosniff
08-06 00:32:11.595  7893  8886 D CustomInterceptor: X-Frame-Options SAMEORIGIN
08-06 00:32:11.595  7893  8886 D CustomInterceptor: X-Powered-By Hamsters
08-06 00:32:11.595  7893  8886 D CustomInterceptor: X-Xss-Protection 1; mode=block
08-06 00:32:11.595  7893  8886 D CustomInterceptor: CACHEABLE true
08-06 00:32:11.595  7893  8886 D CustomInterceptor: REQ https://uob-timetable-api.adriankeenan.co.uk/sessions?dept=CM010&course=BSAIFAAF%2F02AA%2F0%2FFT&level=Foundation+Year
08-06 00:32:11.595  7893  8886 D CustomInterceptor: REQ_SERV_BY net
08-06 00:32:11.595  7893  8886 D CustomInterceptor: PREFLIB Adding response to lrucache - https://uob-timetable-api.adriankeenan.co.uk/sessions?dept=CM010&course=BSAIFAAF%2F02AA%2F0%2FFT&level=Foundation+Year
08-06 00:32:11.600  7893  7893 D Nappa   : registerActivity: (already in) nappagreedy.com.ak.uobtimetable.MainActivity
08-06 00:32:11.600  7893  7893 D Nappa   : SUCCESSORS nappagreedy.com.ak.uobtimetable.WelcomeActivity
08-06 00:32:11.600  7893  7893 D Nappa   : STATS Number of requests not prefetched: 3
08-06 00:32:11.601  7893  7893 D Nappa   : STATS Number of requests prefetched: 1
08-06 00:32:11.601  7893  7893 D Nappa   : STATS Time saved until now: 0.04
08-06 00:32:11.609  7893  7893 D ActivityNode: Observer - visit time - CourseListActivity - New aggregate visit time found is 57922 ms
08-06 00:32:11.633  7893  8886 D CustomInterceptor: interceptor_finished : return_type #3 : request served from remote and added to cache
08-06 00:32:11.634  7893  8886 I NAPPA_EXPERIMENTATION: MetricNetworkRequestExecutionTime: REQUEST_DURATION_SYSTEM='254',REQUEST_DURATION_OKHTTP='0',REQUEST_SYNCHRONOUS='TRUE',RESPONSE_CODE='200',RESPONSE_METHOD='GET',RESPONSE_LENGTH_OKHTTP='8106',RESPONSE_LENGTH_HEADER='-2',REQUEST_PROTOCOL='http/1.1',REQUEST_URL='https://uob-timetable-api.adriankeenan.co.uk/sessions?dept=CM010&course=BSAIFAAF%2F02AA%2F0%2FFT&level=Foundation+Year',
08-06 00:32:11.634  7893  8886 I HTTP    : Response was compressed.
08-06 00:32:11.649  7893  8886 I Service : getSessions response time: 1.10
08-06 00:32:11.671  7893  7893 I TermDatesFragment: Webview load %: 10
08-06 00:32:11.699   512  2967 D audio_hw_primary: disable_audio_route: reset and update mixer path: low-latency-playback speaker
08-06 00:32:11.700   512  2967 D audio_hw_primary: disable_snd_device: snd_device(2: speaker)
08-06 00:32:11.704   918   936 I ActivityManager: Displayed nappagreedy.com.ak.uobtimetable/.MainActivity: +475ms
08-06 00:32:11.705 13866 13866 I GoogleInputMethodServic: GoogleInputMethodService.onFinishInput():3138 
08-06 00:32:11.705  7893  7893 I SettingsManager: Getting string: savedSessions
08-06 00:32:11.706  7893  7893 D Nappa   : TAG okHttpClient initialized
08-06 00:32:11.706  7893  7893 I SettingsManager: Getting string: savedSessions
08-06 00:32:11.706 13866 13866 I GoogleInputMethodServic: GoogleInputMethodService.onStartInput():1808 
08-06 00:32:11.709   512  2967 I soundtrigger: audio_extn_sound_trigger_update_device_status: device 0x2 of type 0 for Event 0
08-06 00:32:11.715  7893  7893 I Service : Sessions updated: 10
08-06 00:32:11.715  7893  7893 I Service : Sessions removed from new list: 0
08-06 00:32:11.724  7893  7893 I SettingsManager: Setting string: savedSessions
08-06 00:32:11.740   918   929 W BackupManagerService: dataChanged but no participant pkg='nappagreedy.com.ak.uobtimetable' uid=10715
08-06 00:32:11.741  7893  7893 I SettingsManager: Setting date: savedSessionsTime
08-06 00:32:11.747   918  4400 W BackupManagerService: dataChanged but no participant pkg='nappagreedy.com.ak.uobtimetable' uid=10715
08-06 00:32:11.747  7893  7893 I SettingsManager: Setting string: savedSessionsCourseName
08-06 00:32:11.753   918  6110 W BackupManagerService: dataChanged but no participant pkg='nappagreedy.com.ak.uobtimetable' uid=10715
08-06 00:32:11.753  7893  7893 I SettingsManager: Setting string: savedSessionsDateRange
08-06 00:32:11.753   918  3714 W BackupManagerService: dataChanged but no participant pkg='nappagreedy.com.ak.uobtimetable' uid=10715
08-06 00:32:11.753  7893  7893 I SettingsManager: Setting string: timetableUrl
08-06 00:32:11.754   918  3670 W BackupManagerService: dataChanged but no participant pkg='nappagreedy.com.ak.uobtimetable' uid=10715
08-06 00:32:11.754  7893  7893 I SettingsManager: Getting boolean: notifySessionRemindersEnabled
08-06 00:32:11.754  7893  7893 I SettingsManager: Getting int: notifySessionRemindersMinutes
08-06 00:32:11.754  7893  7893 I SettingsManager: Getting boolean: showHiddenSessions
08-06 00:32:11.756  7893  7893 I SessionReminderNotifier: Created session reminder alarm for f7b4771250a919bd729c1c5a4a459c77 at Mon 08:30:00 10/08/20
08-06 00:32:11.758  7893  7893 I SessionReminderNotifier: Created session reminder alarm for a7f879aabdeb78622c8820a5fb7b64cd at Tue 08:30:00 11/08/20
08-06 00:32:11.759  7893  7893 I SessionReminderNotifier: Created session reminder alarm for 7bc8d7e2c2055711f597c3d9078c6ea3 at Tue 08:30:00 11/08/20
08-06 00:32:11.761  7893  7893 I SessionReminderNotifier: Created session reminder alarm for 53c0527a6f009a1f2fd223834d3bfe51 at Tue 10:30:00 11/08/20
08-06 00:32:11.762  7893  7893 I SessionReminderNotifier: Created session reminder alarm for e0fc978b5db8218778540b4053344581 at Tue 11:00:00 11/08/20
08-06 00:32:11.763  7893  7893 I SessionReminderNotifier: Created session reminder alarm for 199afb0100f329ff65a09e1b0cd9deba at Tue 11:30:00 11/08/20
08-06 00:32:11.765  7893  7893 I SessionReminderNotifier: Created session reminder alarm for 21712fef61090882c855a1425543edb5 at Tue 13:30:00 11/08/20
08-06 00:32:11.767  7893  7893 I SessionReminderNotifier: Created session reminder alarm for 65ca4d97f031f29a4d02bbb45a705d8f at Wed 08:30:00 12/08/20
08-06 00:32:11.768  7893  7893 I SessionReminderNotifier: Created session reminder alarm for eeda7741b0bcab58fd9f46dc6ef1d942 at Wed 08:30:00 12/08/20
08-06 00:32:11.770  7893  7893 I SessionReminderNotifier: Created session reminder alarm for c276c1b2075a0beb67f1b3d1e580f920 at Wed 11:00:00 12/08/20
08-06 00:32:11.771  7893  7893 I SessionReminderNotifier: Created session reminder alarm for 8b1f3627e42ae13a6f6ba0a83903dde1 at Wed 13:30:00 12/08/20
08-06 00:32:11.773  7893  7893 I SessionReminderNotifier: Created session reminder alarm for 79fe0b5c3b887a13ba29db5a33fa2800 at Thu 08:30:00 06/08/20
08-06 00:32:11.774  7893  7893 I SessionReminderNotifier: Created session reminder alarm for cb9dfc8231cdba2be0835dc5709690e1 at Thu 08:30:00 06/08/20
08-06 00:32:11.775  7893  7893 I SessionReminderNotifier: Created session reminder alarm for f850dc24d6de60b7b89fa9e1a8c224c5 at Thu 12:00:00 06/08/20
08-06 00:32:11.777  7893  7893 I SessionReminderNotifier: Created session reminder alarm for 2ba1034116e4fffdd592dbf0796a43d5 at Fri 08:30:00 07/08/20
08-06 00:32:11.777  7893  7893 I SettingsManager: Getting boolean: showHiddenSessions
08-06 00:32:11.777  7893  7893 D SessionListsFragment: 1 sessions for day 0
08-06 00:32:11.777  7893  7893 D SessionListsFragment: 6 sessions for day 1
08-06 00:32:11.777  7893  7893 D SessionListsFragment: 4 sessions for day 2
08-06 00:32:11.778  7893  7893 D SessionListsFragment: 3 sessions for day 3
08-06 00:32:11.778  7893  7893 D SessionListsFragment: 1 sessions for day 4
08-06 00:32:11.800  7893  7911 D Nappa   : PREFETCH_ON_EXTRA - setCurrentActivity - logs - from extra - made prediction istrue
08-06 00:32:11.800  7893  7911 D Nappa   : PREFETCH_ON_EXTRA - setCurrentActivity - logs - from extra - start
08-06 00:32:11.800  7893  7911 D Nappa   : setCurrentActivity - MetricStrategyAccuracy - checking prediction VS current activity for extras
08-06 00:32:11.800  7893  7911 D GreedyPrefetchingStrategyOnVisitFrequencyAndTime: MetricStrategyAccuracy inc hits count5 | from extra
08-06 00:32:11.800  7893  7911 I NAPPA_EXPERIMENTATION: MetricStrategyAccuracy: LOG_ID='5',EXECUTION_COUNT='5',CASES_COUNT='5',HIT_PERCENTAGE_TOTAL='100.0',HIT_PERCENTAGE_WHEN_PREDICTED='100.0',HIT_COUNT='5',MISS_COUNT='0',INSUFFICIENT_SCORE_COUNT='0',EXCEPTION_COUNT='0',NO_SUCCESSOR_COUNT='0',
08-06 00:32:11.800  7893  7911 D Nappa   : PREFETCH_ON_EXTRA - setCurrentActivity - logs - from extra- finished
08-06 00:32:11.823  7893  7893 I SettingsManager: Getting boolean: showHiddenSessions
08-06 00:32:11.824  7893  7893 D SessionListsFragment: Refreshed ViewPager
08-06 00:32:11.824  7893  7893 I SettingsManager: Getting boolean: showHiddenSessions
08-06 00:32:11.824  7893  7893 I SettingsManager: Getting boolean: completedTutorial
08-06 00:32:11.824  7893  7893 I SettingsManager: Getting boolean: showHiddenSessions
08-06 00:32:11.825  7893  7893 I SettingsManager: Getting date: savedSessionsTime
08-06 00:32:11.830  7893  7893 D ActivityNode: Observer - session data - sourceCourseListActivity
08-06 00:32:11.830  7893  7893 D ActivityNode: destinations:
08-06 00:32:11.830  7893  7893 D ActivityNode: 	nappagreedy.com.ak.uobtimetable.MainActivity( count 5)
08-06 00:32:11.830  7893  7893 D ActivityNode: Observer - session data - sourceWelcomeActivity
08-06 00:32:11.830  7893  7893 D ActivityNode: destinations:
08-06 00:32:11.830  7893  7893 D ActivityNode: 	nappagreedy.com.ak.uobtimetable.CourseListActivity( count 2)
08-06 00:32:11.859  7893  8115 I art     : Starting a blocking GC Explicit
08-06 00:32:11.976  7893  8115 I art     : Explicit concurrent mark sweep GC freed 63879(2MB) AllocSpace objects, 7(128KB) LOS objects, 23% free, 53MB/69MB, paused 2.229ms total 116.794ms
08-06 00:32:12.001  7893  8115 I art     : Starting a blocking GC Explicit
08-06 00:32:12.074  7893  8115 I art     : Explicit concurrent mark sweep GC freed 55038(2MB) AllocSpace objects, 0(0B) LOS objects, 23% free, 52MB/68MB, paused 1.601ms total 72.681ms
08-06 00:32:12.096  7893  8115 I art     : Starting a blocking GC Explicit
08-06 00:32:12.101  7893  7911 D Nappa   : PREFETCH_ON_EXTRA - setCurrentActivity - starting new prediction
08-06 00:32:12.101  7893  7911 D Nappa   : Current node - currentActivityName - nappagreedy.com.ak.uobtimetable.MainActivity
08-06 00:32:12.101  7893  7911 D Nappa   : Current node - activityGraph.getCurrent() - nappagreedy.com.ak.uobtimetable.MainActivity
08-06 00:32:12.102  7893  7911 I NAPPA_EXPERIMENTATION: MetricNappaPrefetchingStrategyExecutionTime: STRATEGY_CLASS='GreedyPrefetchingStrategyOnVisitFrequencyAndTime',DURATION='579636',NUMBER_OF_URLS='0',NUMBER_OF_SELECTED_CHILDREN_NODES='3',NUMBER_OF_CHILDREN_NODES='1',STRATEGY_RUN_SUCCESSFULLY='True',
08-06 00:32:12.102  7893  7911 D GreedyPrefetchingStrategyOnVisitFrequencyAndTime: ==================================
08-06 00:32:12.102  7893  7911 D GreedyPrefetchingStrategyOnVisitFrequencyAndTime: Starting Run #6
08-06 00:32:12.102  7893  7911 D GreedyPrefetchingStrategyOnVisitFrequencyAndTime: ----------------------------------
08-06 00:32:12.102  7893  7911 D GreedyPrefetchingStrategyOnVisitFrequencyAndTime: Node data MainActivity 
08-06 00:32:12.102  7893  7911 D GreedyPrefetchingStrategyOnVisitFrequencyAndTime: 	Successors:
08-06 00:32:12.102  7893  7911 D GreedyPrefetchingStrategyOnVisitFrequencyAndTime: 		WelcomeActivity (1 hits)
08-06 00:32:12.102  7893  7911 D GreedyPrefetchingStrategyOnVisitFrequencyAndTime: 	Ancestors:
08-06 00:32:12.102  7893  7911 D GreedyPrefetchingStrategyOnVisitFrequencyAndTime: 		CourseListActivity (0 hits)
08-06 00:32:12.102  7893  7911 D GreedyPrefetchingStrategyOnVisitFrequencyAndTime: 
08-06 00:32:12.102  7893  7911 D GreedyPrefetchingStrategyOnVisitFrequencyAndTime: MetricStrategyAccuracy inc execution count6 | act = true; extra = false
08-06 00:32:12.102  7893  7911 D GreedyPrefetchingStrategyOnVisitFrequencyAndTime: ------------- Recursion #1 -----------
08-06 00:32:12.102  7893  7911 D GreedyPrefetchingStrategyOnVisitFrequencyAndTime: Best successors so far []
08-06 00:32:12.102  7893  7911 D GreedyPrefetchingStrategyOnVisitFrequencyAndTime: Checking node MainActivity with 1 successors
08-06 00:32:12.102  7893  7911 D GreedyPrefetchingStrategyOnVisitFrequencyAndTime: Check successor WelcomeActivity
08-06 00:32:12.102  7893  7911 D GreedyPrefetchingStrategyOnVisitFrequencyAndTime: Data:
08-06 00:32:12.102  7893  7911 D GreedyPrefetchingStrategyOnVisitFrequencyAndTime: 	- Successor time = 11803.0
08-06 00:32:12.102  7893  7911 D GreedyPrefetchingStrategyOnVisitFrequencyAndTime: 	- Successor frequency = 2
08-06 00:32:12.102  7893  7911 D GreedyPrefetchingStrategyOnVisitFrequencyAndTime: 	- Aggregated time = 11803.0
08-06 00:32:12.102  7893  7911 D GreedyPrefetchingStrategyOnVisitFrequencyAndTime: 	- Aggregated frequency = 2
08-06 00:32:12.102  7893  7911 D GreedyPrefetchingStrategyOnVisitFrequencyAndTime: Calculated scores:
08-06 00:32:12.102  7893  7911 D GreedyPrefetchingStrategyOnVisitFrequencyAndTime: 	- Parent score = 1.0
08-06 00:32:12.102  7893  7911 D GreedyPrefetchingStrategyOnVisitFrequencyAndTime: 	- Successor time score = 0.5
08-06 00:32:12.102  7893  7911 D GreedyPrefetchingStrategyOnVisitFrequencyAndTime: 	- Successor frequency score = 0.5
08-06 00:32:12.103  7893  7911 D GreedyPrefetchingStrategyOnVisitFrequencyAndTime: 	- Successor final score = 1.0
08-06 00:32:12.103  7893  7911 D GreedyPrefetchingStrategyOnVisitFrequencyAndTime: Switch best successor
08-06 00:32:12.103  7893  7911 D GreedyPrefetchingStrategyOnVisitFrequencyAndTime: MainActivity best successor is WelcomeActivity with score 1.0 containing the URLS []
08-06 00:32:12.103  7893  7911 D GreedyPrefetchingStrategyOnVisitFrequencyAndTime: ------------- Recursion #2 -----------
08-06 00:32:12.103  7893  7911 D GreedyPrefetchingStrategyOnVisitFrequencyAndTime: Best successors so far [WelcomeActivity]
08-06 00:32:12.103  7893  7911 D GreedyPrefetchingStrategyOnVisitFrequencyAndTime: Checking node WelcomeActivity with 1 successors
08-06 00:32:12.103  7893  7911 D GreedyPrefetchingStrategyOnVisitFrequencyAndTime: Check successor CourseListActivity
08-06 00:32:12.103  7893  7911 D GreedyPrefetchingStrategyOnVisitFrequencyAndTime: Data:
08-06 00:32:12.103  7893  7911 D GreedyPrefetchingStrategyOnVisitFrequencyAndTime: 	- Successor time = 57922.0
08-06 00:32:12.103  7893  7911 D GreedyPrefetchingStrategyOnVisitFrequencyAndTime: 	- Successor frequency = 2
08-06 00:32:12.103  7893  7911 D GreedyPrefetchingStrategyOnVisitFrequencyAndTime: 	- Aggregated time = 57922.0
08-06 00:32:12.103  7893  7911 D GreedyPrefetchingStrategyOnVisitFrequencyAndTime: 	- Aggregated frequency = 2
08-06 00:32:12.103  7893  7911 D GreedyPrefetchingStrategyOnVisitFrequencyAndTime: Calculated scores:
08-06 00:32:12.103  7893  7911 D GreedyPrefetchingStrategyOnVisitFrequencyAndTime: 	- Parent score = 1.0
08-06 00:32:12.103  7893  7911 D GreedyPrefetchingStrategyOnVisitFrequencyAndTime: 	- Successor time score = 0.5
08-06 00:32:12.103  7893  7911 D GreedyPrefetchingStrategyOnVisitFrequencyAndTime: 	- Successor frequency score = 0.5
08-06 00:32:12.103  7893  7911 D GreedyPrefetchingStrategyOnVisitFrequencyAndTime: 	- Successor final score = 1.0
08-06 00:32:12.103  7893  7911 D GreedyPrefetchingStrategyOnVisitFrequencyAndTime: Switch best successor
08-06 00:32:12.103  7893  7911 D GreedyPrefetchingStrategyOnVisitFrequencyAndTime: WelcomeActivity best successor is CourseListActivity with score 1.0 containing the URLS []
08-06 00:32:12.103  7893  7911 D GreedyPrefetchingStrategyOnVisitFrequencyAndTime: ------------- Recursion #3 -----------
08-06 00:32:12.103  7893  7911 D GreedyPrefetchingStrategyOnVisitFrequencyAndTime: Best successors so far [WelcomeActivity, CourseListActivity]
08-06 00:32:12.103  7893  7911 D GreedyPrefetchingStrategyOnVisitFrequencyAndTime: Checking node CourseListActivity with 1 successors
08-06 00:32:12.103  7893  7911 D GreedyPrefetchingStrategyOnVisitFrequencyAndTime: Check successor MainActivity
08-06 00:32:12.103  7893  7911 D GreedyPrefetchingStrategyOnVisitFrequencyAndTime: Data:
08-06 00:32:12.103  7893  7911 D GreedyPrefetchingStrategyOnVisitFrequencyAndTime: 	- Successor time = 26079.0
08-06 00:32:12.104  7893  7911 D GreedyPrefetchingStrategyOnVisitFrequencyAndTime: 	- Successor frequency = 5
08-06 00:32:12.104  7893  7911 D GreedyPrefetchingStrategyOnVisitFrequencyAndTime: 	- Aggregated time = 26079.0
08-06 00:32:12.104  7893  7911 D GreedyPrefetchingStrategyOnVisitFrequencyAndTime: 	- Aggregated frequency = 5
08-06 00:32:12.104  7893  7911 D GreedyPrefetchingStrategyOnVisitFrequencyAndTime: Calculated scores:
08-06 00:32:12.104  7893  7911 D GreedyPrefetchingStrategyOnVisitFrequencyAndTime: 	- Parent score = 1.0
08-06 00:32:12.104  7893  7911 D GreedyPrefetchingStrategyOnVisitFrequencyAndTime: 	- Successor time score = 0.5
08-06 00:32:12.104  7893  7911 D GreedyPrefetchingStrategyOnVisitFrequencyAndTime: 	- Successor frequency score = 0.5
08-06 00:32:12.104  7893  7911 D GreedyPrefetchingStrategyOnVisitFrequencyAndTime: 	- Successor final score = 1.0
08-06 00:32:12.104  7893  7911 D GreedyPrefetchingStrategyOnVisitFrequencyAndTime: Switch best successor
08-06 00:32:12.104  7893  7911 D GreedyPrefetchingStrategyOnVisitFrequencyAndTime: CourseListActivity best successor is MainActivity with score 1.0 containing the URLS []
08-06 00:32:12.104  7893  7911 D GreedyPrefetchingStrategyOnVisitFrequencyAndTime: ------------- Recursion #4 -----------
08-06 00:32:12.104  7893  7911 D GreedyPrefetchingStrategyOnVisitFrequencyAndTime: Best successors so far [WelcomeActivity, CourseListActivity, MainActivity]
08-06 00:32:12.104  7893  7911 D GreedyPrefetchingStrategyOnVisitFrequencyAndTime: Checking node MainActivity with 1 successors
08-06 00:32:12.104  7893  7911 D GreedyPrefetchingStrategyOnVisitFrequencyAndTime: Check successor WelcomeActivity
08-06 00:32:12.104  7893  7911 D GreedyPrefetchingStrategyOnVisitFrequencyAndTime: This successor was visited in a previous recursion
08-06 00:32:12.104  7893  7911 D GreedyPrefetchingStrategyOnVisitFrequencyAndTime: this node has no successors
08-06 00:32:12.104  7893  7911 D GreedyPrefetchingStrategyOnVisitFrequencyAndTime: Next visited child will be [nappagreedy.com.ak.uobtimetable.WelcomeActivity, nappagreedy.com.ak.uobtimetable.CourseListActivity, nappagreedy.com.ak.uobtimetable.MainActivity]
08-06 00:32:12.104  7893  7911 D GreedyPrefetchingStrategyOnVisitFrequencyAndTime: ==================================
08-06 00:32:12.104  7893  7911 D Nappa   : PREFETCH_ON_EXTRA - setCurrentActivity - finished new prediction
08-06 00:32:12.169  7893  8115 I art     : Explicit concurrent mark sweep GC freed 34565(1427KB) AllocSpace objects, 0(0B) LOS objects, 23% free, 52MB/68MB, paused 1.581ms total 72.928ms
08-06 00:32:12.191  7893  8115 I art     : Starting a blocking GC Explicit
08-06 00:32:12.269  7893  8115 I art     : Explicit concurrent mark sweep GC freed 29054(1203KB) AllocSpace objects, 0(0B) LOS objects, 23% free, 52MB/68MB, paused 1.588ms total 77.122ms
08-06 00:32:12.291  7893  8115 I art     : Starting a blocking GC Explicit
08-06 00:32:12.372  7893  8115 I art     : Explicit concurrent mark sweep GC freed 31854(1296KB) AllocSpace objects, 0(0B) LOS objects, 23% free, 52MB/68MB, paused 1.635ms total 81.085ms
08-06 00:32:12.698  7893  8277 I art     : Starting a blocking GC Explicit
08-06 00:32:12.785  7893  7893 D ActivityNode: Observer - session data - sourceMainActivity
08-06 00:32:12.785  7893  7893 D ActivityNode: destinations:
08-06 00:32:12.785  7893  7893 D ActivityNode: 	nappagreedy.com.ak.uobtimetable.WelcomeActivity( count 2)
08-06 00:32:12.789  7893  7893 I Choreographer: Skipped 56 frames!  The application may be doing too much work on its main thread.
08-06 00:32:12.805  7893  8277 I art     : Explicit concurrent mark sweep GC freed 119942(4MB) AllocSpace objects, 1(20KB) LOS objects, 23% free, 53MB/69MB, paused 1.730ms total 106.829ms
08-06 00:32:12.828  7893  7893 D NappaLifecycleObserver: nappagreedy.com.ak.uobtimetable.CourseListActivity - onDestroy
08-06 00:32:12.828  7893  7893 D NappaLifecycleObserver: -------------F1_SCORE #8 -----------
08-06 00:32:12.828  7893  7893 D NappaLifecycleObserver: F1_SCORE - Intercept list (3)= [https://uob-timetable-api.adriankeenan.co.uk/courses, https://uob-timetable-api.adriankeenan.co.uk/sessions?dept=BD002&course=CFIEFAAF%2F02AA%2F0%2FFT&level=ALL+Courses, https://uob-timetable-api.adriankeenan.co.uk/sessions?dept=CM010&course=BSAIFAAF%2F02AA%2F0%2FFT&level=Foundation+Year]
08-06 00:32:12.828  7893  7893 D NappaLifecycleObserver: F1_SCORE - Prefetch list (0)= []
08-06 00:32:12.828  7893  7893 D NappaLifecycleObserver: F1_SCORE - TP list (0)= []
08-06 00:32:12.828  7893  7893 D NappaLifecycleObserver: F1_SCORE - FN list (3)= [https://uob-timetable-api.adriankeenan.co.uk/courses, https://uob-timetable-api.adriankeenan.co.uk/sessions?dept=BD002&course=CFIEFAAF%2F02AA%2F0%2FFT&level=ALL+Courses, https://uob-timetable-api.adriankeenan.co.uk/sessions?dept=CM010&course=BSAIFAAF%2F02AA%2F0%2FFT&level=Foundation+Year]
08-06 00:32:12.828  7893  7893 I NAPPA_EXPERIMENTATION: MetricPrefetchingAccuracy: LOG_ID='9',F1_SCORE_1='0.0',F1_SCORE_2='0.0',TRUE_POSITIVE='0',FALSE_POSITIVE='0',FALSE_NEGATIVE='3',
08-06 00:32:12.834  7893  8277 I art     : Starting a blocking GC Explicit
08-06 00:32:12.858  7893  7893 I TermDatesFragment: Webview load %: 70
08-06 00:32:12.868  7893  7893 I TermDatesFragment: Webview load %: 100
08-06 00:32:12.868  7893  7893 I TermDatesFragment: Webview load %: 100
08-06 00:32:12.899  7893  8277 I art     : Explicit concurrent mark sweep GC freed 3704(327KB) AllocSpace objects, 0(0B) LOS objects, 23% free, 52MB/68MB, paused 708us total 65.134ms
08-06 00:32:12.921  7893  8277 I art     : Starting a blocking GC Explicit
08-06 00:32:12.991  7893  8277 I art     : Explicit concurrent mark sweep GC freed 193(12KB) AllocSpace objects, 0(0B) LOS objects, 23% free, 52MB/68MB, paused 1.010ms total 69.846ms
08-06 00:32:13.015  7893  8277 I art     : Starting a blocking GC Explicit
08-06 00:32:13.079  7893  8277 I art     : Explicit concurrent mark sweep GC freed 121652(11MB) AllocSpace objects, 3(136KB) LOS objects, 27% free, 41MB/57MB, paused 818us total 63.899ms
08-06 00:32:13.095  7893  8277 I art     : Starting a blocking GC Explicit
08-06 00:32:13.137  7893  8277 I art     : Explicit concurrent mark sweep GC freed 272(12KB) AllocSpace objects, 0(0B) LOS objects, 27% free, 41MB/57MB, paused 710us total 41.943ms
08-06 00:32:13.279   918  3261 D WifiStateMachine: starting scan for "H369AA63323"WPA_PSK with 2412,5180
08-06 00:32:13.483  7893  7904 I art     : Starting a blocking GC Explicit
08-06 00:32:13.526  7893  7904 I art     : Explicit concurrent mark sweep GC freed 1582(90KB) AllocSpace objects, 1(20KB) LOS objects, 27% free, 41MB/57MB, paused 710us total 42.665ms
08-06 00:32:13.541  7893  7904 I art     : Starting a blocking GC Explicit
08-06 00:32:13.583  7893  7904 I art     : Explicit concurrent mark sweep GC freed 58(1984B) AllocSpace objects, 0(0B) LOS objects, 27% free, 41MB/57MB, paused 716us total 41.901ms
08-06 00:32:13.598  7893  7904 I art     : Starting a blocking GC Explicit
08-06 00:32:13.640  7893  7904 I art     : Explicit concurrent mark sweep GC freed 44(1408B) AllocSpace objects, 0(0B) LOS objects, 27% free, 41MB/57MB, paused 719us total 42.196ms
08-06 00:32:13.657  7893  7904 I art     : Starting a blocking GC Explicit
08-06 00:32:13.698  7893  7904 I art     : Explicit concurrent mark sweep GC freed 10(352B) AllocSpace objects, 0(0B) LOS objects, 27% free, 41MB/57MB, paused 675us total 40.950ms
08-06 00:32:13.714  7893  7904 I art     : Starting a blocking GC Explicit
08-06 00:32:13.757  7893  7904 I art     : Explicit concurrent mark sweep GC freed 3(96B) AllocSpace objects, 0(0B) LOS objects, 27% free, 41MB/57MB, paused 695us total 42.785ms
08-06 00:32:14.110  7893  7905 I art     : Starting a blocking GC Explicit
08-06 00:32:14.170  7893  7905 I art     : Explicit concurrent mark sweep GC freed 1513(88KB) AllocSpace objects, 1(20KB) LOS objects, 27% free, 41MB/57MB, paused 800us total 59.280ms
08-06 00:32:14.190  7893  7905 I art     : Starting a blocking GC Explicit
08-06 00:32:14.237  7893  7905 I art     : Explicit concurrent mark sweep GC freed 26(944B) AllocSpace objects, 0(0B) LOS objects, 27% free, 41MB/57MB, paused 683us total 46.165ms
08-06 00:32:14.253  7893  7905 I art     : Starting a blocking GC Explicit
08-06 00:32:14.302  7893  7905 I art     : Explicit concurrent mark sweep GC freed 3(96B) AllocSpace objects, 0(0B) LOS objects, 27% free, 41MB/57MB, paused 733us total 47.958ms
08-06 00:32:14.318  7893  7905 I art     : Starting a blocking GC Explicit
08-06 00:32:14.365  7893  7905 I art     : Explicit concurrent mark sweep GC freed 3(96B) AllocSpace objects, 0(0B) LOS objects, 27% free, 41MB/57MB, paused 709us total 45.871ms
08-06 00:32:14.381  7893  7905 I art     : Starting a blocking GC Explicit
08-06 00:32:14.432  7893  7905 I art     : Explicit concurrent mark sweep GC freed 3(96B) AllocSpace objects, 0(0B) LOS objects, 27% free, 41MB/57MB, paused 746us total 50.704ms
08-06 00:32:14.790  7893  8277 I art     : Starting a blocking GC Explicit
08-06 00:32:14.849  7893  8277 I art     : Explicit concurrent mark sweep GC freed 1511(87KB) AllocSpace objects, 1(20KB) LOS objects, 27% free, 41MB/57MB, paused 926us total 59.223ms
08-06 00:32:14.867  7893  8277 I art     : Starting a blocking GC Explicit
08-06 00:32:14.916  7893  8277 I art     : Explicit concurrent mark sweep GC freed 39(1536B) AllocSpace objects, 0(0B) LOS objects, 27% free, 41MB/57MB, paused 719us total 48.413ms
08-06 00:32:14.933  7893  8277 I art     : Starting a blocking GC Explicit
08-06 00:32:14.980  7893  8277 I art     : Explicit concurrent mark sweep GC freed 14(512B) AllocSpace objects, 0(0B) LOS objects, 27% free, 41MB/57MB, paused 673us total 46.893ms
08-06 00:32:14.997  7893  8277 I art     : Starting a blocking GC Explicit
08-06 00:32:15.047  7893  8277 I art     : Explicit concurrent mark sweep GC freed 3(96B) AllocSpace objects, 0(0B) LOS objects, 27% free, 41MB/57MB, paused 672us total 50.022ms
08-06 00:32:15.068  7893  8277 I art     : Starting a blocking GC Explicit
08-06 00:32:15.114  7893  8277 I art     : Explicit concurrent mark sweep GC freed 3(96B) AllocSpace objects, 0(0B) LOS objects, 27% free, 41MB/57MB, paused 664us total 46.253ms
08-06 00:32:15.455  7893  8115 I art     : Starting a blocking GC Explicit
08-06 00:32:15.499  7893  8115 I art     : Explicit concurrent mark sweep GC freed 1515(90KB) AllocSpace objects, 1(20KB) LOS objects, 27% free, 41MB/57MB, paused 673us total 43.698ms
08-06 00:32:15.515  7893  8115 I art     : Starting a blocking GC Explicit
08-06 00:32:15.559  7893  8115 I art     : Explicit concurrent mark sweep GC freed 26(944B) AllocSpace objects, 0(0B) LOS objects, 27% free, 41MB/57MB, paused 700us total 43.280ms
08-06 00:32:15.559  7893  7903 I art     : WaitForGcToComplete blocked for 43.769ms for cause HeapTrim
08-06 00:32:15.575  7893  8115 I art     : Starting a blocking GC Explicit
08-06 00:32:15.620  7893  8115 I art     : Explicit concurrent mark sweep GC freed 3(96B) AllocSpace objects, 0(0B) LOS objects, 27% free, 41MB/57MB, paused 672us total 44.826ms
08-06 00:32:15.636  7893  8115 I art     : Starting a blocking GC Explicit
08-06 00:32:15.682  7893  8115 I art     : Explicit concurrent mark sweep GC freed 3(96B) AllocSpace objects, 0(0B) LOS objects, 27% free, 41MB/57MB, paused 689us total 45.593ms
08-06 00:32:15.699  7893  8115 I art     : Starting a blocking GC Explicit
08-06 00:32:15.745  7893  8115 I art     : Explicit concurrent mark sweep GC freed 3(96B) AllocSpace objects, 0(0B) LOS objects, 27% free, 41MB/57MB, paused 640us total 46.230ms
08-06 00:32:15.907  8950  8950 D AndroidRuntime: >>>>>> START com.android.internal.os.RuntimeInit uid 2000 <<<<<<
08-06 00:32:15.914  8950  8950 D AndroidRuntime: CheckJNI is OFF
08-06 00:32:15.954  8950  8950 D ICU     : No timezone override file found: /data/misc/zoneinfo/current/icu/icu_tzdata.dat
08-06 00:32:15.995  8950  8950 I Radio-JNI: register_android_hardware_Radio DONE
08-06 00:32:16.022  8950  8950 D AndroidRuntime: Calling main entry com.android.commands.input.Input
08-06 00:32:16.024  8950  8950 I Input   : injectMotionEvent: MotionEvent { action=ACTION_DOWN, actionButton=0, id[0]=0, x[0]=81.0, y[0]=176.0, toolType[0]=TOOL_TYPE_UNKNOWN, buttonState=0, metaState=0, flags=0x0, edgeFlags=0x0, pointerCount=1, historySize=0, eventTime=837152437, downTime=837152437, deviceId=0, source=0x1002 }
08-06 00:32:16.028  8950  8950 I Input   : injectMotionEvent: MotionEvent { action=ACTION_UP, actionButton=0, id[0]=0, x[0]=81.0, y[0]=176.0, toolType[0]=TOOL_TYPE_UNKNOWN, buttonState=0, metaState=0, flags=0x0, edgeFlags=0x0, pointerCount=1, historySize=0, eventTime=837152437, downTime=837152437, deviceId=0, source=0x1002 }
08-06 00:32:16.030  8950  8950 D AndroidRuntime: Shutting down VM
08-06 00:32:16.037   512  2967 D audio_hw_primary: out_set_parameters: enter: usecase(1: low-latency-playback) kvpairs: routing=2
08-06 00:32:16.050   512  2967 D audio_hw_primary: select_devices: out_snd_device(2: speaker) in_snd_device(0: none)
08-06 00:32:16.050   512  2967 D msm8974_platform: platform_send_audio_calibration: sending audio calibration for snd_device(2) acdb_id(15)
08-06 00:32:16.050   512  2967 I soundtrigger: audio_extn_sound_trigger_update_device_status: device 0x2 of type 0 for Event 1
08-06 00:32:16.062   512  2967 D audio_hw_primary: enable_snd_device: snd_device(2: speaker)
08-06 00:32:16.064   512  2967 D audio_hw_primary: enable_audio_route: apply and update mixer path: low-latency-playback speaker
08-06 00:32:16.069 13866 13866 I GoogleInputMethodServic: GoogleInputMethodService.onFinishInput():3138 
08-06 00:32:16.069 13866 13866 I GoogleInputMethodServic: GoogleInputMethodService.onStartInput():1808 
08-06 00:32:16.071  7893  8115 I art     : Starting a blocking GC Explicit
08-06 00:32:16.115  7893  8115 I art     : Explicit concurrent mark sweep GC freed 1760(98KB) AllocSpace objects, 1(20KB) LOS objects, 27% free, 41MB/57MB, paused 683us total 44.282ms
08-06 00:32:16.132  7893  8115 I art     : Starting a blocking GC Explicit
08-06 00:32:16.175  7893  8115 I art     : Explicit concurrent mark sweep GC freed 433(24KB) AllocSpace objects, 0(0B) LOS objects, 27% free, 41MB/57MB, paused 623us total 43.102ms
08-06 00:32:16.191  7893  8115 I art     : Starting a blocking GC Explicit
08-06 00:32:16.234  7893  8115 I art     : Explicit concurrent mark sweep GC freed 13(576B) AllocSpace objects, 0(0B) LOS objects, 27% free, 41MB/57MB, paused 856us total 42.505ms
08-06 00:32:16.250  7893  8115 I art     : Starting a blocking GC Explicit
08-06 00:32:16.289  7893  8115 I art     : Explicit concurrent mark sweep GC freed 3(96B) AllocSpace objects, 0(0B) LOS objects, 27% free, 41MB/57MB, paused 592us total 39.382ms
08-06 00:32:16.304  7893  8115 I art     : Starting a blocking GC Explicit
08-06 00:32:16.343  7893  8115 I art     : Explicit concurrent mark sweep GC freed 3(96B) AllocSpace objects, 0(0B) LOS objects, 27% free, 41MB/57MB, paused 600us total 38.148ms
08-06 00:32:16.598   512  2967 D audio_hw_primary: disable_audio_route: reset and update mixer path: low-latency-playback speaker
08-06 00:32:16.601   512  2967 D audio_hw_primary: disable_snd_device: snd_device(2: speaker)
