--------- beginning of main
08-04 00:55:25.755  3784  3784 D CarrierServiceBindHelper: Receive action: android.intent.action.PACKAGE_REMOVED
08-04 00:55:25.771   918   930 W ResourceType: ResTable_typeSpec entry count inconsistent: given 37, previously 42
08-04 00:55:25.771   918   930 W ResourceType: ResTable_typeSpec entry count inconsistent: given 2527, previously 2530
08-04 00:55:25.773   918   930 W ResourceType: ResTable_typeSpec entry count inconsistent: given 2542, previously 2545
08-04 00:55:25.773   918   930 W ResourceType: ResTable_typeSpec entry count inconsistent: given 303, previously 1691
08-04 00:55:25.799   918  6111 I AccountManagerService: getTypesVisibleToCaller: isPermitted? true
08-04 00:55:25.810 18789 18789 I Finsky  : [1] uah.a(18): PackageMonitorReceiverImpl - Received: android.intent.action.PACKAGE_REMOVED, [jsPREe6yOOhrMreoEvcpPvP36yUmihacpIgcKsaLph8]
08-04 00:55:25.810 18789 18789 I Finsky  : [1] ubi.d(9): Invalidating cached PackageState for baseline.com.ak.uobtimetable
08-04 00:55:25.811   918  5132 I AccountManagerService: getTypesVisibleToCaller: isPermitted? true
08-04 00:55:25.813 24365 11951 I Fitness : FitCleanupIntentOperation received Intent android.intent.action.PACKAGE_REMOVED [CONTEXT service_id=17 ]
08-04 00:55:25.823  3784  3784 D CarrierServiceBindHelper: Receive action: android.intent.action.PACKAGE_ADDED
08-04 00:55:25.824  3784  3784 D CarrierServiceBindHelper: Receive action: android.intent.action.PACKAGE_REPLACED
08-04 00:55:25.824  3784  3784 D CarrierServiceBindHelper: mHandler: 3
08-04 00:55:25.824  3784  3784 D CarrierServiceBindHelper: mHandler: 3
08-04 00:55:25.824  3784  3784 D CarrierServiceBindHelper: mHandler: 3
08-04 00:55:25.824  3784  3784 D CarrierConfigLoader: mHandler: 9 phoneId: 0
08-04 00:55:25.832 18789 18789 I Finsky  : [1] lzi.c(2): Frosting ID looked up on UI thread. Caller should move to a background thread.
08-04 00:55:25.835 18789 18789 I Finsky  : [1] nqb.c(3): Installer: package baseline.com.ak.uobtimetable was removed. replacing: true
08-04 00:55:25.839 18789 18789 I Finsky  : [1] nra.a(188): Installer: Notifying status update. package=baseline.com.ak.uobtimetable, status=UNINSTALLED
08-04 00:55:25.852 18789 18789 I Finsky  : [1] lzi.c(2): Frosting ID looked up on UI thread. Caller should move to a background thread.
08-04 00:55:25.864 18789 11957 I Finsky  : [6292] ejf.a(-1): Cancelled 0 ongoing asset module downloads for package baseline.com.ak.uobtimetable due to a concurrent app update.
08-04 00:55:25.864 18789 18789 I Finsky  : [1] nra.a(220): Installer: found apps to install. isMultiUserMode=false, apps=[]
08-04 00:55:25.875 18789 18981 I Finsky  : [5590] odj.b(52): IQ: Notifying installation update. package=baseline.com.ak.uobtimetable, status=UNINSTALLED
08-04 00:55:25.901 24577 11953 I Auth    : [SupervisedAccountIntentOperation] onHandleIntent(): android.intent.action.PACKAGE_ADDED
08-04 00:55:25.902 24577 11952 I ChromeSync: [Sync,SyncIntentOperation] Handling the intent: Intent { act=android.intent.action.PACKAGE_ADDED dat=package:baseline.com.ak.uobtimetable flg=0x4000010 cmp=com.google.android.gms/.chimera.GmsIntentOperationService (has extras) }.
--------- beginning of system
08-04 00:55:25.912   918  5132 W ActivityManager: Unable to start service Intent { act=com.google.android.gms.auth.key.retrieval.service.START pkg=com.google.android.gms } U=0: not found
08-04 00:55:25.913 18789 18789 I Finsky  : [1] uah.a(18): PackageMonitorReceiverImpl - Received: android.intent.action.PACKAGE_ADDED, [jsPREe6yOOhrMreoEvcpPvP36yUmihacpIgcKsaLph8]
08-04 00:55:25.914 18789 18789 I Finsky  : [1] ubi.d(9): Invalidating cached PackageState for baseline.com.ak.uobtimetable
08-04 00:55:25.941 18789 18789 I Finsky  : [1] lzi.c(2): Frosting ID looked up on UI thread. Caller should move to a background thread.
08-04 00:55:25.979 18789 18789 I Finsky  : [1] agsx.a(4): Do not start WearSupportService due to Wear service optimization
08-04 00:55:26.012   918   928 W ActivityManager: Unbind failed: could not find connection for android.os.BinderProxy@4d55e85
08-04 00:55:26.014 18789 11957 I Finsky  : [6292] ejc.a(-1): Asset module broadcast after update successful for package baseline.com.ak.uobtimetable. 0 sessions broadcast.
08-04 00:55:26.023 24577 24621 E GmsClient: unable to connect to service: com.google.android.gms.auth.key.retrieval.service.START on com.google.android.gms
08-04 00:55:26.025 18789 18789 I Finsky  : [1] lzi.c(2): Frosting ID looked up on UI thread. Caller should move to a background thread.
08-04 00:55:26.039   918  3696 I AccountManagerService: getTypesVisibleToCaller: isPermitted? true
08-04 00:55:26.040 24577 11952 I ChromeSync: [Persistence,AffiliationManager] One of affiliation or grouping data for android://bz0hZa4nAJEtd0n5sRlXG7KAqctUMWVefv7Ki4mh1p6slZ9YO-n9gS9j8m9YCrsIyI2wIxrDHraumF9Y6pBLTA==@baseline.com.ak.uobtimetable/ was not found. Marking affiliation data as stale...
08-04 00:55:26.089 18789 11955 I Finsky  : [6290] lyv.run(-1): Wrote row to frosting DB: 2124
08-04 00:55:26.115 24577 11970 I FontLog : Package baseline.com.ak.uobtimetable has no metadata [CONTEXT service_id=132 ]
08-04 00:55:26.157   918  3359 I AccountManagerService: getTypesVisibleToCaller: isPermitted? true
08-04 00:55:26.173 18789 11956 I Finsky  : [6291] gzn.a(-1): [ContentSync] finished, scheduled=false
08-04 00:55:26.184 18789 18981 I Finsky  : [5590] odj.b(40): IQ: No matching installs to run for jobs: []
08-04 00:55:26.198 18789 11955 I Finsky  : [6290] lyv.run(-1): Wrote row to frosting DB: 2125
08-04 00:55:26.222   918   929 I AccountManagerService: getTypesVisibleToCaller: isPermitted? true
08-04 00:55:26.227 24577 13293 I Icing   : IndexChimeraService.getServiceInterface callingPackage=com.google.android.gms componentName=AppsCorpus serviceId=36
08-04 00:55:26.242 18789 11955 I Finsky  : [6290] lyv.run(-1): Wrote row to frosting DB: 2126
08-04 00:55:26.282 18789 18789 I Finsky  : [1] xmu.a(8): SCH: Jobs in database: 1-1337 3-181 3-182 12-1 24-77777777 26-1414141414 
08-04 00:55:26.284 18789 18789 I Finsky  : [1] xio.a(57): SCH: ConstraintMapping: 24-77777777,  -> L: 0ms, D: 72874554ms, C: false, I: true, N: 0
08-04 00:55:26.285 18789 18789 I Finsky  : [1] xio.a(57): SCH: ConstraintMapping: 1-1337, 12-1,  -> L: 14572ms, D: 33026626ms, C: false, I: false, N: 1
08-04 00:55:26.285 18789 18789 I Finsky  : [1] xio.a(57): SCH: ConstraintMapping: 3-181,  -> L: 0ms, D: 64282930ms, C: false, I: true, N: 2
08-04 00:55:26.286 18789 18789 I Finsky  : [1] xio.a(57): SCH: ConstraintMapping: 3-182,  -> L: 0ms, D: 64283003ms, C: true, I: true, N: 2
08-04 00:55:26.287 18789 18789 I Finsky  : [1] xio.a(57): SCH: ConstraintMapping: 26-1414141414,  -> L: 37104180ms, D: 38004180ms, C: false, I: false, N: 0
08-04 00:55:26.288 18789 11956 I Finsky  : [6291] gzn.a(-1): [ContentSync] finished, scheduled=true
08-04 00:55:26.289 18789 11955 I Finsky  : [6290] lyv.run(-1): Wrote row to frosting DB: 2127
08-04 00:55:26.311 11968 11968 D AndroidRuntime: >>>>>> START com.android.internal.os.RuntimeInit uid 2000 <<<<<<
08-04 00:55:26.313 18789 18789 I Finsky  : [1] xle.a(34): Cancelling existing jobscheduler jobs: 9015 9011 9008 9007 9002 9003 9013 9014 9001 9012 
08-04 00:55:26.314 18789 18789 I Finsky  : [1] xle.a(27): Scheduling job Id: 9000, L: 0, D: 72874554, C: false, I: true, N: 0
08-04 00:55:26.315 11968 11968 D AndroidRuntime: CheckJNI is OFF
08-04 00:55:26.317 18789 18789 I Finsky  : [1] xle.a(27): Scheduling job Id: 9004, L: 14572, D: 33026626, C: false, I: false, N: 1
08-04 00:55:26.318 18789 18789 I Finsky  : [1] xle.a(27): Scheduling job Id: 9005, L: 0, D: 64282930, C: false, I: true, N: 2
08-04 00:55:26.321 18789 18789 I Finsky  : [1] xle.a(27): Scheduling job Id: 9006, L: 0, D: 64283003, C: true, I: true, N: 2
08-04 00:55:26.322 18789 18789 I Finsky  : [1] xle.a(27): Scheduling job Id: 9009, L: 37104180, D: 38004180, C: false, I: false, N: 0
08-04 00:55:26.327 18789 18789 I Finsky  : [1] xle.a(27): Scheduling job Id: 9010, L: 0, D: 72874554, C: false, I: true, N: 0
08-04 00:55:26.328 18789 18789 I Finsky  : [1] xle.a(27): Scheduling job Id: 9016, L: 14572, D: 33026626, C: false, I: false, N: 1
08-04 00:55:26.330 18789 18789 I Finsky  : [1] xle.a(27): Scheduling job Id: 9017, L: 0, D: 64282930, C: false, I: true, N: 2
08-04 00:55:26.331 18789 18789 I Finsky  : [1] xle.a(27): Scheduling job Id: 9018, L: 0, D: 64283003, C: true, I: true, N: 2
08-04 00:55:26.333 18789 18789 I Finsky  : [1] xle.a(27): Scheduling job Id: 9019, L: 37104180, D: 38004180, C: false, I: false, N: 0
08-04 00:55:26.338 24577 17262 W Icing   : No valid account for uploading user actions
08-04 00:55:26.338 11968 11968 D ICU     : No timezone override file found: /data/misc/zoneinfo/current/icu/icu_tzdata.dat
08-04 00:55:26.356 24577 13294 I Icing   : IndexChimeraService.getServiceInterface callingPackage=com.google.android.gms componentName=null serviceId=30
08-04 00:55:26.362 11968 11968 I Radio-JNI: register_android_hardware_Radio DONE
08-04 00:55:26.378 11968 11968 D AndroidRuntime: Calling main entry com.android.commands.monkey.Monkey
08-04 00:55:26.378  4731  4731 I ServiceManager: Waiting for service AtCmdFwd...
08-04 00:55:26.393   918   931 W BroadcastQueue: Skipping deliver [background] BroadcastRecord{8a0bc89 u-1 android.net.conn.CONNECTIVITY_CHANGE} to ReceiverList{fe5d4af 11968 (unknown name)/2000/u-1 remote:becf642}: process crashing
08-04 00:55:26.402 24577 17262 I Icing   : Usage reports ok 1, Failed Usage reports 0, indexed 0, rejected 0
08-04 00:55:26.403   918  6029 I ActivityManager: START u0 {act=android.intent.action.MAIN cat=[android.intent.category.LAUNCHER] flg=0x10200000 cmp=baseline.com.ak.uobtimetable/.MainActivity} from uid 2000 on display 0
08-04 00:55:26.406 24577 17262 W Icing   : No valid account for uploading user actions
08-04 00:55:26.421 24577 17262 I Icing   : Usage reports ok 0, Failed Usage reports 0, indexed 0, rejected 0
08-04 00:55:26.422 24577 17262 I Icing   : Indexing com.google.android.gms-internal.3p:MobileApplication from com.google.android.gms using seqno 763
08-04 00:55:26.425 24577 17262 I Icing   : Indexing com.google.android.gms-internal.3p:MobileApplication from com.google.android.gms using seqno 763
08-04 00:55:26.430   918  5481 I ActivityManager: Start proc 11988:baseline.com.ak.uobtimetable/u0a659 for activity baseline.com.ak.uobtimetable/.MainActivity
08-04 00:55:26.430 11988 11988 I art     : Late-enabling -Xcheck:jni
08-04 00:55:26.450 11968 11968 I art     : System.exit called, status: 0
08-04 00:55:26.450 11968 11968 I AndroidRuntime: VM exiting with result code 0.
08-04 00:55:26.461 11988 11988 W System  : ClassLoader referenced unknown path: /data/app/baseline.com.ak.uobtimetable-1/lib/arm64
08-04 00:55:26.462 24577 13294 I Icing   : IndexChimeraService.getServiceInterface callingPackage=com.google.android.gms componentName=null serviceId=36
08-04 00:55:26.468 11988 11988 E Application: Can't init Bugsnag - No key
08-04 00:55:26.468 11988 11988 E Application: java.lang.Exception: Can't init Bugsnag - No key
08-04 00:55:26.468 11988 11988 E Application: 	at baseline.com.ak.uobtimetable.Utilities.Logging.Logger.error(Logger.java:79)
08-04 00:55:26.468 11988 11988 E Application: 	at baseline.com.ak.uobtimetable.MyApplication.onCreate(MyApplication.java:52)
08-04 00:55:26.468 11988 11988 E Application: 	at android.app.Instrumentation.callApplicationOnCreate(Instrumentation.java:1013)
08-04 00:55:26.468 11988 11988 E Application: 	at android.app.ActivityThread.handleBindApplication(ActivityThread.java:4707)
08-04 00:55:26.468 11988 11988 E Application: 	at android.app.ActivityThread.-wrap1(ActivityThread.java)
08-04 00:55:26.468 11988 11988 E Application: 	at android.app.ActivityThread$H.handleMessage(ActivityThread.java:1405)
08-04 00:55:26.468 11988 11988 E Application: 	at android.os.Handler.dispatchMessage(Handler.java:102)
08-04 00:55:26.468 11988 11988 E Application: 	at android.os.Looper.loop(Looper.java:148)
08-04 00:55:26.468 11988 11988 E Application: 	at android.app.ActivityThread.main(ActivityThread.java:5417)
08-04 00:55:26.468 11988 11988 E Application: 	at java.lang.reflect.Method.invoke(Native Method)
08-04 00:55:26.468 11988 11988 E Application: 	at com.android.internal.os.ZygoteInit$MethodAndArgsCaller.run(ZygoteInit.java:726)
08-04 00:55:26.468 11988 11988 E Application: 	at com.android.internal.os.ZygoteInit.main(ZygoteInit.java:616)
08-04 00:55:26.470 24577 17902 W Icing   : No valid account for uploading user actions
08-04 00:55:26.470 11988 11988 I Application: API level: 23
08-04 00:55:26.471 11988 11988 I Application: API level name: M
08-04 00:55:26.471 11988 11988 I Application: Target API level: 29
08-04 00:55:26.471 11988 11988 I Application: Git commit hash: d26bf1fa
08-04 00:55:26.471 11988 11988 I Application: Git branch: master
08-04 00:55:26.471 11988 11988 I Application: Build type: Debug
08-04 00:55:26.473 11988 11988 I Application: Build keys: Release
08-04 00:55:26.474 11988 11988 I Application: Version code: 21
08-04 00:55:26.474 11988 11988 I Application: Version name: 2.5
08-04 00:55:26.474 11988 11988 I Application: Build date: 22:30 03/08/20
08-04 00:55:26.475 11988 11988 I Application: Package update date: 23:10 03/08/20
08-04 00:55:26.475 11988 11988 I SettingsManager: Getting int: launchCount
08-04 00:55:26.475 11988 11988 I SettingsManager: Setting int: launchCount
08-04 00:55:26.500   918  5952 W BackupManagerService: dataChanged but no participant pkg='baseline.com.ak.uobtimetable' uid=10659
08-04 00:55:26.502 11988 11988 I Application: Launch count: 1
08-04 00:55:26.504 11988 11988 I Application: Network: TYPE_WIFI
08-04 00:55:26.504 11988 11988 I Application: Tablet layout: false
08-04 00:55:26.508 24577 17902 I Icing   : Usage reports ok 1, Failed Usage reports 0, indexed 0, rejected 0
08-04 00:55:26.509  6202 27085 I PBSessionCacheImpl: Deleted sessionId[27278280657311515] from persistence.
08-04 00:55:26.513  6202  6241 W SearchServiceCore: Abort, client detached.
08-04 00:55:26.513  6202  6241 I MicroDetectionState: Should stop hotword detection immediately - true
08-04 00:55:26.517 11988 11988 W art     : Before Android 4.1, method android.graphics.PorterDuffColorFilter androidx.vectordrawable.graphics.drawable.VectorDrawableCompat.updateTintFilter(android.graphics.PorterDuffColorFilter, android.content.res.ColorStateList, android.graphics.PorterDuff$Mode) would have incorrectly overridden the package-private method in android.graphics.drawable.Drawable
08-04 00:55:26.530 11988 11988 I art     : Rejecting re-init on previously-failed class java.lang.Class<androidx.core.view.ViewCompat$OnUnhandledKeyEventListenerWrapper>
08-04 00:55:26.530 11988 11988 I art     : Rejecting re-init on previously-failed class java.lang.Class<androidx.core.view.ViewCompat$OnUnhandledKeyEventListenerWrapper>
08-04 00:55:26.590 11988 11988 D MainActivity: onCreate
08-04 00:55:26.590 11988 11988 I SettingsManager: Getting string: savedSessions
08-04 00:55:26.590 11988 11988 I Settings: No saved sessions
08-04 00:55:26.619 11988 11988 I SettingsManager: Getting string: savedCourse
08-04 00:55:26.620   918  3961 I ActivityManager: START u0 {flg=0x14000000 cmp=baseline.com.ak.uobtimetable/.WelcomeActivity} from uid 10659 on display 0
08-04 00:55:26.629 11988 11988 D MainActivity: OnResume
08-04 00:55:26.634 11988 12003 D OpenGLRenderer: Use EGL_SWAP_BEHAVIOR_PRESERVED: true
08-04 00:55:26.642 11988 11988 D MainActivity: OnPause
08-04 00:55:26.805 11988 12003 I Adreno  : QUALCOMM build                   : fcf4852, I1af360237c
08-04 00:55:26.805 11988 12003 I Adreno  : Build Date                       : 09/23/15
08-04 00:55:26.805 11988 12003 I Adreno  : OpenGL ES Shader Compiler Version: XE031.05.13.02
08-04 00:55:26.805 11988 12003 I Adreno  : Local Branch                     : mybranch14465806
08-04 00:55:26.805 11988 12003 I Adreno  : Remote Branch                    : quic/LA.BF64.1.2.9_v2
08-04 00:55:26.805 11988 12003 I Adreno  : Remote Branch                    : NONE
08-04 00:55:26.805 11988 12003 I Adreno  : Reconstruct Branch               : NOTHING
08-04 00:55:26.821 11988 12003 I OpenGLRenderer: Initialized EGL, version 1.4
08-04 00:55:27.062 13866 13866 I GoogleInputMethodServic: GoogleInputMethodService.onFinishInput():3138 
08-04 00:55:27.064 13866 13866 I GoogleInputMethodServic: GoogleInputMethodService.onStartInput():1808 
08-04 00:55:27.074   918   936 I ActivityManager: Displayed baseline.com.ak.uobtimetable/.WelcomeActivity: +431ms (total +655ms)
08-04 00:55:27.247 11988 11988 D MainActivity: Saving state
08-04 00:55:27.379  4731  4731 I ServiceManager: Waiting for service AtCmdFwd...
08-04 00:55:27.406 24577 17902 I Icing   : Indexing com.google.android.gms-apps from com.google.android.gms
08-04 00:55:27.519 24577 17902 I Icing   : Indexing done com.google.android.gms-apps
08-04 00:55:28.051 12019 12019 D AndroidRuntime: >>>>>> START com.android.internal.os.RuntimeInit uid 2000 <<<<<<
08-04 00:55:28.057 12019 12019 D AndroidRuntime: CheckJNI is OFF
08-04 00:55:28.090 12019 12019 D ICU     : No timezone override file found: /data/misc/zoneinfo/current/icu/icu_tzdata.dat
08-04 00:55:28.122 12019 12019 I Radio-JNI: register_android_hardware_Radio DONE
08-04 00:55:28.140 12019 12019 D AndroidRuntime: Calling main entry com.android.commands.am.Am
08-04 00:55:28.150  8825  8825 I Trepn   : Trepn 6.2s: Received intent: com.quicinc.trepn.start_profiling
08-04 00:55:28.234  8825  8825 W FileUtils: Failed to chmod(/storage/emulated/0/trepn/Trepn_2020.08.04_005528.db): android.system.ErrnoException: chmod failed: EPERM (Operation not permitted)
08-04 00:55:28.311  8825  8825 I Trepn   : Trepn 6.2s: Trepn has Started Profiling.
08-04 00:55:28.312 12019 12019 D AndroidRuntime: Shutting down VM
08-04 00:55:28.380  4731  4731 I ServiceManager: Waiting for service AtCmdFwd...
08-04 00:55:28.793 11988 12000 I art     : Starting a blocking GC Explicit
08-04 00:55:28.824 11988 12000 I art     : Explicit concurrent mark sweep GC freed 17826(1670KB) AllocSpace objects, 3(1360KB) LOS objects, 40% free, 21MB/36MB, paused 218us total 29.775ms
08-04 00:55:28.831 11988 12000 I art     : Starting a blocking GC Explicit
08-04 00:55:28.842 11988 12000 I art     : Explicit concurrent mark sweep GC freed 582(26KB) AllocSpace objects, 0(0B) LOS objects, 40% free, 21MB/36MB, paused 101us total 10.683ms
08-04 00:55:28.848 11988 12000 I art     : Starting a blocking GC Explicit
08-04 00:55:28.858 11988 12000 I art     : Explicit concurrent mark sweep GC freed 3(96B) AllocSpace objects, 0(0B) LOS objects, 40% free, 21MB/36MB, paused 101us total 10.173ms
08-04 00:55:28.864 11988 12000 I art     : Starting a blocking GC Explicit
08-04 00:55:28.875 11988 12000 I art     : Explicit concurrent mark sweep GC freed 3(96B) AllocSpace objects, 0(0B) LOS objects, 40% free, 21MB/36MB, paused 104us total 10.317ms
08-04 00:55:28.881 11988 12000 I art     : Starting a blocking GC Explicit
08-04 00:55:28.891 11988 12000 I art     : Explicit concurrent mark sweep GC freed 3(96B) AllocSpace objects, 0(0B) LOS objects, 40% free, 21MB/36MB, paused 100us total 9.989ms
08-04 00:55:29.167 11988 12007 I art     : Starting a blocking GC Explicit
08-04 00:55:29.182 11988 12007 I art     : Explicit concurrent mark sweep GC freed 1274(74KB) AllocSpace objects, 1(20KB) LOS objects, 40% free, 21MB/36MB, paused 127us total 15.321ms
08-04 00:55:29.193 11988 12007 I art     : Starting a blocking GC Explicit
08-04 00:55:29.206 11988 12007 I art     : Explicit concurrent mark sweep GC freed 18(624B) AllocSpace objects, 0(0B) LOS objects, 40% free, 21MB/36MB, paused 107us total 12.601ms
08-04 00:55:29.215 11988 12007 I art     : Starting a blocking GC Explicit
08-04 00:55:29.226 11988 12007 I art     : Explicit concurrent mark sweep GC freed 3(96B) AllocSpace objects, 0(0B) LOS objects, 40% free, 21MB/36MB, paused 95us total 10.743ms
08-04 00:55:29.232 11988 12007 I art     : Starting a blocking GC Explicit
08-04 00:55:29.242 11988 12007 I art     : Explicit concurrent mark sweep GC freed 3(96B) AllocSpace objects, 0(0B) LOS objects, 40% free, 21MB/36MB, paused 92us total 10.083ms
08-04 00:55:29.248 11988 12007 I art     : Starting a blocking GC Explicit
08-04 00:55:29.258 11988 12007 I art     : Explicit concurrent mark sweep GC freed 3(96B) AllocSpace objects, 0(0B) LOS objects, 40% free, 21MB/36MB, paused 92us total 10.020ms
08-04 00:55:29.382  4731  4731 W Atfwd_Sendcmd: AtCmdFwd service not published, waiting... retryCnt : 2
08-04 00:55:29.534 11988 11999 I art     : Starting a blocking GC Explicit
08-04 00:55:29.547 11988 11999 I art     : Explicit concurrent mark sweep GC freed 1270(74KB) AllocSpace objects, 1(20KB) LOS objects, 40% free, 21MB/36MB, paused 115us total 12.522ms
08-04 00:55:29.556 11988 11999 I art     : Starting a blocking GC Explicit
08-04 00:55:29.570 11988 11999 I art     : Explicit concurrent mark sweep GC freed 18(624B) AllocSpace objects, 0(0B) LOS objects, 40% free, 21MB/36MB, paused 103us total 12.963ms
08-04 00:55:29.577 11988 11999 I art     : Starting a blocking GC Explicit
08-04 00:55:29.587 11988 11999 I art     : Explicit concurrent mark sweep GC freed 3(96B) AllocSpace objects, 0(0B) LOS objects, 40% free, 21MB/36MB, paused 97us total 10.169ms
08-04 00:55:29.593 11988 11999 I art     : Starting a blocking GC Explicit
08-04 00:55:29.603 11988 11999 I art     : Explicit concurrent mark sweep GC freed 3(96B) AllocSpace objects, 0(0B) LOS objects, 40% free, 21MB/36MB, paused 91us total 9.755ms
08-04 00:55:29.610 11988 11999 I art     : Starting a blocking GC Explicit
08-04 00:55:29.619 11988 11999 I art     : Explicit concurrent mark sweep GC freed 3(96B) AllocSpace objects, 0(0B) LOS objects, 40% free, 21MB/36MB, paused 90us total 9.262ms
08-04 00:55:29.884 11988 12000 I art     : Starting a blocking GC Explicit
08-04 00:55:29.897 11988 12000 I art     : Explicit concurrent mark sweep GC freed 1268(74KB) AllocSpace objects, 1(20KB) LOS objects, 40% free, 21MB/36MB, paused 151us total 12.831ms
08-04 00:55:29.907 11988 12000 I art     : Starting a blocking GC Explicit
08-04 00:55:29.920 11988 12000 I art     : Explicit concurrent mark sweep GC freed 18(624B) AllocSpace objects, 0(0B) LOS objects, 40% free, 21MB/36MB, paused 104us total 12.853ms
08-04 00:55:29.927 11988 12000 I art     : Starting a blocking GC Explicit
08-04 00:55:29.937 11988 12000 I art     : Explicit concurrent mark sweep GC freed 3(96B) AllocSpace objects, 0(0B) LOS objects, 40% free, 21MB/36MB, paused 155us total 10.012ms
08-04 00:55:29.943 11988 12000 I art     : Starting a blocking GC Explicit
08-04 00:55:29.953 11988 12000 I art     : Explicit concurrent mark sweep GC freed 3(96B) AllocSpace objects, 0(0B) LOS objects, 40% free, 21MB/36MB, paused 103us total 9.953ms
08-04 00:55:29.959 11988 12000 I art     : Starting a blocking GC Explicit
08-04 00:55:29.969 11988 12000 I art     : Explicit concurrent mark sweep GC freed 3(96B) AllocSpace objects, 0(0B) LOS objects, 40% free, 21MB/36MB, paused 98us total 10.373ms
08-04 00:55:30.270 11988 12007 I art     : Starting a blocking GC Explicit
08-04 00:55:30.285 11988 12007 I art     : Explicit concurrent mark sweep GC freed 1268(74KB) AllocSpace objects, 1(20KB) LOS objects, 40% free, 21MB/36MB, paused 140us total 14.701ms
08-04 00:55:30.295 11988 12007 I art     : Starting a blocking GC Explicit
08-04 00:55:30.306 11988 12007 I art     : Explicit concurrent mark sweep GC freed 18(624B) AllocSpace objects, 0(0B) LOS objects, 40% free, 21MB/36MB, paused 95us total 10.815ms
08-04 00:55:30.312 11988 12007 I art     : Starting a blocking GC Explicit
08-04 00:55:30.323 11988 12007 I art     : Explicit concurrent mark sweep GC freed 3(96B) AllocSpace objects, 0(0B) LOS objects, 40% free, 21MB/36MB, paused 102us total 10.409ms
08-04 00:55:30.329 11988 12007 I art     : Starting a blocking GC Explicit
08-04 00:55:30.339 11988 12007 I art     : Explicit concurrent mark sweep GC freed 3(96B) AllocSpace objects, 0(0B) LOS objects, 40% free, 21MB/36MB, paused 99us total 10.030ms
08-04 00:55:30.345 11988 12007 I art     : Starting a blocking GC Explicit
08-04 00:55:30.355 11988 12007 I art     : Explicit concurrent mark sweep GC freed 3(96B) AllocSpace objects, 0(0B) LOS objects, 40% free, 21MB/36MB, paused 107us total 9.970ms
08-04 00:55:30.647 11988 11999 I art     : Starting a blocking GC Explicit
08-04 00:55:30.662 11988 11999 I art     : Explicit concurrent mark sweep GC freed 1268(74KB) AllocSpace objects, 1(20KB) LOS objects, 40% free, 21MB/36MB, paused 129us total 14.970ms
08-04 00:55:30.671 11988 11999 I art     : Starting a blocking GC Explicit
08-04 00:55:30.682 11988 11999 I art     : Explicit concurrent mark sweep GC freed 18(624B) AllocSpace objects, 0(0B) LOS objects, 40% free, 21MB/36MB, paused 100us total 10.903ms
08-04 00:55:30.689 11988 11999 I art     : Starting a blocking GC Explicit
08-04 00:55:30.699 11988 11999 I art     : Explicit concurrent mark sweep GC freed 3(96B) AllocSpace objects, 0(0B) LOS objects, 40% free, 21MB/36MB, paused 95us total 10.310ms
08-04 00:55:30.705 11988 11999 I art     : Starting a blocking GC Explicit
08-04 00:55:30.715 11988 11999 I art     : Explicit concurrent mark sweep GC freed 3(96B) AllocSpace objects, 0(0B) LOS objects, 40% free, 21MB/36MB, paused 91us total 9.686ms
08-04 00:55:30.721 11988 11999 I art     : Starting a blocking GC Explicit
08-04 00:55:30.731 11988 11999 I art     : Explicit concurrent mark sweep GC freed 3(96B) AllocSpace objects, 0(0B) LOS objects, 40% free, 21MB/36MB, paused 89us total 9.912ms
08-04 00:55:31.024 11988 12000 I art     : Starting a blocking GC Explicit
08-04 00:55:31.037 11988 12000 I art     : Explicit concurrent mark sweep GC freed 1268(74KB) AllocSpace objects, 1(20KB) LOS objects, 40% free, 21MB/36MB, paused 110us total 12.701ms
08-04 00:55:31.044 11988 12000 I art     : Starting a blocking GC Explicit
08-04 00:55:31.055 11988 12000 I art     : Explicit concurrent mark sweep GC freed 18(624B) AllocSpace objects, 0(0B) LOS objects, 40% free, 21MB/36MB, paused 107us total 10.638ms
08-04 00:55:31.061 11988 12000 I art     : Starting a blocking GC Explicit
08-04 00:55:31.071 11988 12000 I art     : Explicit concurrent mark sweep GC freed 3(96B) AllocSpace objects, 0(0B) LOS objects, 40% free, 21MB/36MB, paused 103us total 10.360ms
08-04 00:55:31.078 11988 12000 I art     : Starting a blocking GC Explicit
08-04 00:55:31.088 11988 12000 I art     : Explicit concurrent mark sweep GC freed 3(96B) AllocSpace objects, 0(0B) LOS objects, 40% free, 21MB/36MB, paused 110us total 9.833ms
08-04 00:55:31.094 11988 12000 I art     : Starting a blocking GC Explicit
08-04 00:55:31.104 11988 12000 I art     : Explicit concurrent mark sweep GC freed 3(96B) AllocSpace objects, 0(0B) LOS objects, 40% free, 21MB/36MB, paused 96us total 10.001ms
08-04 00:55:31.403 11988 12007 I art     : Starting a blocking GC Explicit
08-04 00:55:31.416 11988 12007 I art     : Explicit concurrent mark sweep GC freed 1268(74KB) AllocSpace objects, 1(20KB) LOS objects, 40% free, 21MB/36MB, paused 124us total 12.323ms
08-04 00:55:31.422 11988 12007 I art     : Starting a blocking GC Explicit
08-04 00:55:31.434 11988 12007 I art     : Explicit concurrent mark sweep GC freed 18(624B) AllocSpace objects, 0(0B) LOS objects, 40% free, 21MB/36MB, paused 104us total 10.876ms
08-04 00:55:31.440 11988 12007 I art     : Starting a blocking GC Explicit
08-04 00:55:31.450 11988 12007 I art     : Explicit concurrent mark sweep GC freed 3(96B) AllocSpace objects, 0(0B) LOS objects, 40% free, 21MB/36MB, paused 94us total 10.258ms
08-04 00:55:31.457 11988 12007 I art     : Starting a blocking GC Explicit
08-04 00:55:31.467 11988 12007 I art     : Explicit concurrent mark sweep GC freed 3(96B) AllocSpace objects, 0(0B) LOS objects, 40% free, 21MB/36MB, paused 102us total 10.423ms
08-04 00:55:31.473 11988 12007 I art     : Starting a blocking GC Explicit
08-04 00:55:31.484 11988 12007 I art     : Explicit concurrent mark sweep GC freed 3(96B) AllocSpace objects, 0(0B) LOS objects, 40% free, 21MB/36MB, paused 96us total 10.313ms
08-04 00:55:31.769 11988 11999 I art     : Starting a blocking GC Explicit
08-04 00:55:31.784 11988 11999 I art     : Explicit concurrent mark sweep GC freed 1268(74KB) AllocSpace objects, 1(20KB) LOS objects, 40% free, 21MB/36MB, paused 129us total 15.072ms
08-04 00:55:31.793 11988 11999 I art     : Starting a blocking GC Explicit
08-04 00:55:31.804 11988 11999 I art     : Explicit concurrent mark sweep GC freed 18(624B) AllocSpace objects, 0(0B) LOS objects, 40% free, 21MB/36MB, paused 101us total 10.781ms
08-04 00:55:31.811 11988 11999 I art     : Starting a blocking GC Explicit
08-04 00:55:31.821 11988 11999 I art     : Explicit concurrent mark sweep GC freed 3(96B) AllocSpace objects, 0(0B) LOS objects, 40% free, 21MB/36MB, paused 98us total 9.911ms
08-04 00:55:31.827 11988 11999 I art     : Starting a blocking GC Explicit
08-04 00:55:31.838 11988 11999 I art     : Explicit concurrent mark sweep GC freed 3(96B) AllocSpace objects, 0(0B) LOS objects, 40% free, 21MB/36MB, paused 91us total 9.970ms
08-04 00:55:31.843 11988 11999 I art     : Starting a blocking GC Explicit
08-04 00:55:31.854 11988 11999 I art     : Explicit concurrent mark sweep GC freed 3(96B) AllocSpace objects, 0(0B) LOS objects, 40% free, 21MB/36MB, paused 89us total 10.018ms
08-04 00:55:32.156 11988 12000 I art     : Starting a blocking GC Explicit
08-04 00:55:32.172 11988 12000 I art     : Explicit concurrent mark sweep GC freed 1268(74KB) AllocSpace objects, 1(20KB) LOS objects, 40% free, 21MB/36MB, paused 142us total 16.077ms
08-04 00:55:32.182 11988 12000 I art     : Starting a blocking GC Explicit
08-04 00:55:32.196 11988 12000 I art     : Explicit concurrent mark sweep GC freed 18(624B) AllocSpace objects, 0(0B) LOS objects, 40% free, 21MB/36MB, paused 124us total 13.598ms
08-04 00:55:32.205 11988 12000 I art     : Starting a blocking GC Explicit
08-04 00:55:32.216 11988 12000 I art     : Explicit concurrent mark sweep GC freed 3(96B) AllocSpace objects, 0(0B) LOS objects, 40% free, 21MB/36MB, paused 94us total 10.331ms
08-04 00:55:32.222 11988 12000 I art     : Starting a blocking GC Explicit
08-04 00:55:32.232 11988 12000 I art     : Explicit concurrent mark sweep GC freed 3(96B) AllocSpace objects, 0(0B) LOS objects, 40% free, 21MB/36MB, paused 101us total 9.988ms
08-04 00:55:32.238 11988 12000 I art     : Starting a blocking GC Explicit
08-04 00:55:32.248 11988 12000 I art     : Explicit concurrent mark sweep GC freed 3(96B) AllocSpace objects, 0(0B) LOS objects, 40% free, 21MB/36MB, paused 97us total 9.466ms
08-04 00:55:32.494 11988 12007 I art     : Starting a blocking GC Explicit
08-04 00:55:32.506 11988 12007 I art     : Explicit concurrent mark sweep GC freed 1268(74KB) AllocSpace objects, 1(20KB) LOS objects, 40% free, 21MB/36MB, paused 123us total 11.655ms
08-04 00:55:32.512 11988 12007 I art     : Starting a blocking GC Explicit
08-04 00:55:32.522 11988 12007 I art     : Explicit concurrent mark sweep GC freed 18(624B) AllocSpace objects, 0(0B) LOS objects, 40% free, 21MB/36MB, paused 101us total 9.916ms
08-04 00:55:32.528 11988 12007 I art     : Starting a blocking GC Explicit
08-04 00:55:32.537 11988 12007 I art     : Explicit concurrent mark sweep GC freed 3(96B) AllocSpace objects, 0(0B) LOS objects, 40% free, 21MB/36MB, paused 92us total 8.918ms
08-04 00:55:32.543 11988 12007 I art     : Starting a blocking GC Explicit
08-04 00:55:32.553 11988 12007 I art     : Explicit concurrent mark sweep GC freed 3(96B) AllocSpace objects, 0(0B) LOS objects, 40% free, 21MB/36MB, paused 96us total 9.544ms
08-04 00:55:32.558 11988 12007 I art     : Starting a blocking GC Explicit
08-04 00:55:32.568 11988 12007 I art     : Explicit concurrent mark sweep GC freed 3(96B) AllocSpace objects, 0(0B) LOS objects, 40% free, 21MB/36MB, paused 86us total 9.349ms
08-04 00:55:32.857 11988 11999 I art     : Starting a blocking GC Explicit
08-04 00:55:32.870 11988 11999 I art     : Explicit concurrent mark sweep GC freed 1268(74KB) AllocSpace objects, 1(20KB) LOS objects, 40% free, 21MB/36MB, paused 129us total 13.239ms
08-04 00:55:32.880 11988 11999 I art     : Starting a blocking GC Explicit
08-04 00:55:32.893 11988 11999 I art     : Explicit concurrent mark sweep GC freed 18(624B) AllocSpace objects, 0(0B) LOS objects, 40% free, 21MB/36MB, paused 107us total 12.922ms
08-04 00:55:32.901 11988 11999 I art     : Starting a blocking GC Explicit
08-04 00:55:32.911 11988 11999 I art     : Explicit concurrent mark sweep GC freed 3(96B) AllocSpace objects, 0(0B) LOS objects, 40% free, 21MB/36MB, paused 95us total 10.304ms
08-04 00:55:32.917 11988 11999 I art     : Starting a blocking GC Explicit
08-04 00:55:32.927 11988 11999 I art     : Explicit concurrent mark sweep GC freed 3(96B) AllocSpace objects, 0(0B) LOS objects, 40% free, 21MB/36MB, paused 95us total 10.010ms
08-04 00:55:32.934 11988 11999 I art     : Starting a blocking GC Explicit
08-04 00:55:32.944 11988 11999 I art     : Explicit concurrent mark sweep GC freed 3(96B) AllocSpace objects, 0(0B) LOS objects, 40% free, 21MB/36MB, paused 91us total 9.615ms
08-04 00:55:33.189 11988 12000 I art     : Starting a blocking GC Explicit
08-04 00:55:33.199 11988 12000 I art     : Explicit concurrent mark sweep GC freed 1268(74KB) AllocSpace objects, 1(20KB) LOS objects, 40% free, 21MB/36MB, paused 100us total 9.645ms
08-04 00:55:33.204 11988 12000 I art     : Starting a blocking GC Explicit
08-04 00:55:33.213 11988 12000 I art     : Explicit concurrent mark sweep GC freed 18(624B) AllocSpace objects, 0(0B) LOS objects, 40% free, 21MB/36MB, paused 88us total 8.894ms
08-04 00:55:33.218 11988 12000 I art     : Starting a blocking GC Explicit
08-04 00:55:33.228 11988 12000 I art     : Explicit concurrent mark sweep GC freed 3(96B) AllocSpace objects, 0(0B) LOS objects, 40% free, 21MB/36MB, paused 104us total 9.387ms
08-04 00:55:33.233 11988 12000 I art     : Starting a blocking GC Explicit
08-04 00:55:33.243 11988 12000 I art     : Explicit concurrent mark sweep GC freed 3(96B) AllocSpace objects, 0(0B) LOS objects, 40% free, 21MB/36MB, paused 97us total 9.462ms
08-04 00:55:33.248 11988 12000 I art     : Starting a blocking GC Explicit
08-04 00:55:33.258 11988 12000 I art     : Explicit concurrent mark sweep GC freed 3(96B) AllocSpace objects, 0(0B) LOS objects, 40% free, 21MB/36MB, paused 99us total 9.853ms
08-04 00:55:33.334   918  3261 D WifiStateMachine: starting scan for "H369AA63323"WPA_PSK with 2412,5180
08-04 00:55:33.441 12172 12172 D AndroidRuntime: >>>>>> START com.android.internal.os.RuntimeInit uid 2000 <<<<<<
08-04 00:55:33.445 12172 12172 D AndroidRuntime: CheckJNI is OFF
08-04 00:55:33.470 12172 12172 D ICU     : No timezone override file found: /data/misc/zoneinfo/current/icu/icu_tzdata.dat
08-04 00:55:33.495 12172 12172 I Radio-JNI: register_android_hardware_Radio DONE
08-04 00:55:33.512 12172 12172 D AndroidRuntime: Calling main entry com.android.commands.input.Input
08-04 00:55:33.513 11988 12007 I art     : Starting a blocking GC Explicit
08-04 00:55:33.514 12172 12172 I Input   : injectMotionEvent: MotionEvent { action=ACTION_DOWN, actionButton=0, id[0]=0, x[0]=711.0, y[0]=1664.0, toolType[0]=TOOL_TYPE_UNKNOWN, buttonState=0, metaState=0, flags=0x0, edgeFlags=0x0, pointerCount=1, historySize=0, eventTime=665749926, downTime=665749926, deviceId=0, source=0x1002 }
08-04 00:55:33.519 12172 12172 I Input   : injectMotionEvent: MotionEvent { action=ACTION_UP, actionButton=0, id[0]=0, x[0]=711.0, y[0]=1664.0, toolType[0]=TOOL_TYPE_UNKNOWN, buttonState=0, metaState=0, flags=0x0, edgeFlags=0x0, pointerCount=1, historySize=0, eventTime=665749926, downTime=665749926, deviceId=0, source=0x1002 }
08-04 00:55:33.520 12172 12172 D AndroidRuntime: Shutting down VM
08-04 00:55:33.523 11988 12007 I art     : Explicit concurrent mark sweep GC freed 1293(75KB) AllocSpace objects, 1(20KB) LOS objects, 40% free, 21MB/36MB, paused 121us total 10.259ms
08-04 00:55:33.530 11988 12007 I art     : Starting a blocking GC Explicit
08-04 00:55:33.535   918  3670 I ActivityManager: START u0 {flg=0x14000000 cmp=baseline.com.ak.uobtimetable/.CourseListActivity} from uid 10659 on display 0
08-04 00:55:33.535   512  2967 D audio_hw_primary: out_set_parameters: enter: usecase(1: low-latency-playback) kvpairs: routing=2
08-04 00:55:33.542 11988 12007 I art     : Explicit concurrent mark sweep GC freed 40(5KB) AllocSpace objects, 0(0B) LOS objects, 40% free, 21MB/36MB, paused 138us total 11.818ms
08-04 00:55:33.548 11988 12007 I art     : Starting a blocking GC Explicit
08-04 00:55:33.548   512  2967 D audio_hw_primary: select_devices: out_snd_device(2: speaker) in_snd_device(0: none)
08-04 00:55:33.548   512  2967 D msm8974_platform: platform_send_audio_calibration: sending audio calibration for snd_device(2) acdb_id(15)
08-04 00:55:33.548   512  2967 I soundtrigger: audio_extn_sound_trigger_update_device_status: device 0x2 of type 0 for Event 1
08-04 00:55:33.559   512  2967 D audio_hw_primary: enable_snd_device: snd_device(2: speaker)
08-04 00:55:33.560 11988 12007 I art     : Explicit concurrent mark sweep GC freed 526(34KB) AllocSpace objects, 0(0B) LOS objects, 40% free, 21MB/36MB, paused 237us total 12.347ms
08-04 00:55:33.561   512  2967 D audio_hw_primary: enable_audio_route: apply and update mixer path: low-latency-playback speaker
08-04 00:55:33.566 11988 12007 I art     : Starting a blocking GC Explicit
08-04 00:55:33.573 11988 11988 D CourseListActivity: onCreate
08-04 00:55:33.578 11988 12007 I art     : Explicit concurrent mark sweep GC freed 1548(116KB) AllocSpace objects, 0(0B) LOS objects, 40% free, 22MB/36MB, paused 646us total 11.774ms
08-04 00:55:33.584 11988 12007 I art     : Starting a blocking GC Explicit
08-04 00:55:33.598 11988 12007 I art     : Explicit concurrent mark sweep GC freed 904(87KB) AllocSpace objects, 0(0B) LOS objects, 40% free, 22MB/36MB, paused 1.342ms total 13.812ms
08-04 00:55:33.604 11988 12201 D HTTP    : Request for: https://uob-timetable-api.adriankeenan.co.uk/courses
08-04 00:55:33.670 13866 13866 I GoogleInputMethodServic: GoogleInputMethodService.onFinishInput():3138 
08-04 00:55:33.670   918   936 I ActivityManager: Displayed baseline.com.ak.uobtimetable/.CourseListActivity: +126ms
08-04 00:55:33.671 13866 13866 I GoogleInputMethodServic: GoogleInputMethodService.onStartInput():1808 
08-04 00:55:33.685 11988 12003 D OpenGLRenderer: endAllStagingAnimators on 0x7f994a6800 (RippleDrawable) with handle 0x7f9a1dcaa0
08-04 00:55:33.819 11988 12007 I art     : Starting a blocking GC Explicit
08-04 00:55:33.835 11988 12007 I art     : Explicit concurrent mark sweep GC freed 2310(167KB) AllocSpace objects, 1(20KB) LOS objects, 40% free, 22MB/37MB, paused 164us total 15.133ms
08-04 00:55:33.835 11988 11998 I art     : WaitForGcToComplete blocked for 11.629ms for cause HeapTrim
08-04 00:55:33.843 11988 12007 I art     : Starting a blocking GC Explicit
08-04 00:55:33.857 11988 12007 I art     : Explicit concurrent mark sweep GC freed 53(1888B) AllocSpace objects, 0(0B) LOS objects, 40% free, 22MB/37MB, paused 154us total 14.038ms
08-04 00:55:33.866 11988 12007 I art     : Starting a blocking GC Explicit
08-04 00:55:33.879 11988 12007 I art     : Explicit concurrent mark sweep GC freed 4(128B) AllocSpace objects, 0(0B) LOS objects, 40% free, 22MB/37MB, paused 153us total 12.810ms
08-04 00:55:33.887 11988 12007 I art     : Starting a blocking GC Explicit
08-04 00:55:33.901 11988 12007 I art     : Explicit concurrent mark sweep GC freed 4(128B) AllocSpace objects, 0(0B) LOS objects, 40% free, 22MB/37MB, paused 172us total 13.878ms
08-04 00:55:33.907 11988 12007 I art     : Starting a blocking GC Explicit
08-04 00:55:33.920 11988 12007 I art     : Explicit concurrent mark sweep GC freed 22(992B) AllocSpace objects, 0(0B) LOS objects, 40% free, 22MB/37MB, paused 162us total 12.162ms
08-04 00:55:33.997 11988 12201 I NAPPA_EXPERIMENTATION: MetricNetworkRequestExecutionTime: REQUEST_DURATION_SYSTEM='390',REQUEST_DURATION_OKHTTP='30',REQUEST_SYNCHRONOUS='TRUE',RESPONSE_CODE='200',RESPONSE_METHOD='GET',RESPONSE_LENGTH_OKHTTP='-1',RESPONSE_LENGTH_HEADER='-2',REQUEST_PROTOCOL='http/1.1',REQUEST_URL='https://uob-timetable-api.adriankeenan.co.uk/courses',
08-04 00:55:34.101   512  2967 D audio_hw_primary: disable_audio_route: reset and update mixer path: low-latency-playback speaker
08-04 00:55:34.102   512  2967 D audio_hw_primary: disable_snd_device: snd_device(2: speaker)
08-04 00:55:34.111   512  2967 I soundtrigger: audio_extn_sound_trigger_update_device_status: device 0x2 of type 0 for Event 0
08-04 00:55:34.195 11988 12007 I art     : Starting a blocking GC Explicit
08-04 00:55:34.210 11988 12007 I art     : Explicit concurrent mark sweep GC freed 45(2608B) AllocSpace objects, 0(0B) LOS objects, 26% free, 44MB/60MB, paused 187us total 14.136ms
08-04 00:55:34.216 11988 12007 I art     : Starting a blocking GC Explicit
08-04 00:55:34.228 11988 12007 I art     : Explicit concurrent mark sweep GC freed 14(512B) AllocSpace objects, 0(0B) LOS objects, 26% free, 44MB/60MB, paused 162us total 12.195ms
08-04 00:55:34.234 11988 12007 I art     : Starting a blocking GC Explicit
08-04 00:55:34.245 11988 12007 I art     : Explicit concurrent mark sweep GC freed 12(448B) AllocSpace objects, 0(0B) LOS objects, 26% free, 44MB/60MB, paused 163us total 10.666ms
08-04 00:55:34.250 11988 12007 I art     : Starting a blocking GC Explicit
08-04 00:55:34.261 11988 12007 I art     : Explicit concurrent mark sweep GC freed 12(448B) AllocSpace objects, 0(0B) LOS objects, 26% free, 44MB/60MB, paused 146us total 10.207ms
08-04 00:55:34.266 11988 12007 I art     : Starting a blocking GC Explicit
08-04 00:55:34.277 11988 12007 I art     : Explicit concurrent mark sweep GC freed 12(448B) AllocSpace objects, 0(0B) LOS objects, 26% free, 44MB/60MB, paused 188us total 10.338ms
08-04 00:55:34.354 11988 12201 I HTTP    : Response was compressed.
08-04 00:55:34.539 11988 11999 I art     : Starting a blocking GC Explicit
08-04 00:55:34.566 11988 11999 I art     : Explicit concurrent mark sweep GC freed 71742(3MB) AllocSpace objects, 0(0B) LOS objects, 29% free, 38MB/54MB, paused 259us total 26.872ms
08-04 00:55:34.575 11988 11999 I art     : Starting a blocking GC Explicit
08-04 00:55:34.589 11988 11999 I art     : Explicit concurrent mark sweep GC freed 14181(660KB) AllocSpace objects, 0(0B) LOS objects, 29% free, 38MB/54MB, paused 254us total 14.123ms
08-04 00:55:34.596 11988 11999 I art     : Starting a blocking GC Explicit
08-04 00:55:34.609 11988 11999 I art     : Explicit concurrent mark sweep GC freed 11504(540KB) AllocSpace objects, 0(0B) LOS objects, 29% free, 38MB/54MB, paused 214us total 13.532ms
08-04 00:55:34.616 11988 11999 I art     : Starting a blocking GC Explicit
08-04 00:55:34.630 11988 11999 I art     : Explicit concurrent mark sweep GC freed 11335(536KB) AllocSpace objects, 0(0B) LOS objects, 29% free, 38MB/54MB, paused 268us total 14.343ms
08-04 00:55:34.637 11988 11999 I art     : Starting a blocking GC Explicit
08-04 00:55:34.651 11988 11999 I art     : Explicit concurrent mark sweep GC freed 11100(528KB) AllocSpace objects, 0(0B) LOS objects, 29% free, 38MB/54MB, paused 217us total 13.834ms
08-04 00:55:34.914 11988 12007 I art     : Starting a blocking GC Explicit
08-04 00:55:34.948 11988 12007 I art     : Explicit concurrent mark sweep GC freed 158108(7MB) AllocSpace objects, 1(20KB) LOS objects, 28% free, 40MB/56MB, paused 350us total 33.310ms
08-04 00:55:34.957 11988 12007 I art     : Starting a blocking GC Explicit
08-04 00:55:34.976 11988 12007 I art     : Explicit concurrent mark sweep GC freed 20195(954KB) AllocSpace objects, 0(0B) LOS objects, 28% free, 40MB/56MB, paused 290us total 18.616ms
08-04 00:55:34.984 11988 12007 I art     : Starting a blocking GC Explicit
08-04 00:55:35.000 11988 12007 I art     : Explicit concurrent mark sweep GC freed 13352(630KB) AllocSpace objects, 0(0B) LOS objects, 28% free, 40MB/56MB, paused 345us total 16.453ms
08-04 00:55:35.008 11988 12007 I art     : Starting a blocking GC Explicit
08-04 00:55:35.024 11988 12007 I art     : Explicit concurrent mark sweep GC freed 12977(615KB) AllocSpace objects, 0(0B) LOS objects, 28% free, 40MB/56MB, paused 271us total 16.529ms
08-04 00:55:35.032 11988 12007 I art     : Starting a blocking GC Explicit
08-04 00:55:35.049 11988 12007 I art     : Explicit concurrent mark sweep GC freed 13341(629KB) AllocSpace objects, 0(0B) LOS objects, 28% free, 40MB/56MB, paused 300us total 17.026ms
08-04 00:55:35.316 11988 12000 I art     : Starting a blocking GC Explicit
08-04 00:55:35.356 11988 12000 I art     : Explicit concurrent mark sweep GC freed 160572(7MB) AllocSpace objects, 1(20KB) LOS objects, 27% free, 41MB/57MB, paused 407us total 39.357ms
08-04 00:55:35.366 11988 12000 I art     : Starting a blocking GC Explicit
08-04 00:55:35.389 11988 12000 I art     : Explicit concurrent mark sweep GC freed 22104(1033KB) AllocSpace objects, 0(0B) LOS objects, 27% free, 41MB/57MB, paused 425us total 22.136ms
08-04 00:55:35.397 11988 12000 I art     : Starting a blocking GC Explicit
08-04 00:55:35.418 11988 12000 I art     : Explicit concurrent mark sweep GC freed 16247(757KB) AllocSpace objects, 0(0B) LOS objects, 27% free, 41MB/57MB, paused 418us total 20.010ms
08-04 00:55:35.426 11988 12000 I art     : Starting a blocking GC Explicit
08-04 00:55:35.446 11988 12000 I art     : Explicit concurrent mark sweep GC freed 15661(732KB) AllocSpace objects, 0(0B) LOS objects, 27% free, 41MB/57MB, paused 332us total 19.953ms
08-04 00:55:35.455 11988 12000 I art     : Starting a blocking GC Explicit
08-04 00:55:35.475 11988 12000 I art     : Explicit concurrent mark sweep GC freed 15493(722KB) AllocSpace objects, 0(0B) LOS objects, 27% free, 41MB/57MB, paused 351us total 20.035ms
08-04 00:55:35.744 11988 11999 I art     : Starting a blocking GC Explicit
08-04 00:55:35.783 11988 11999 I art     : Explicit concurrent mark sweep GC freed 159803(7MB) AllocSpace objects, 1(20KB) LOS objects, 26% free, 43MB/59MB, paused 408us total 38.261ms
08-04 00:55:35.793 11988 11999 I art     : Starting a blocking GC Explicit
08-04 00:55:35.816 11988 11999 I art     : Explicit concurrent mark sweep GC freed 23241(1092KB) AllocSpace objects, 0(0B) LOS objects, 26% free, 43MB/59MB, paused 366us total 22.943ms
08-04 00:55:35.825 11988 11999 I art     : Starting a blocking GC Explicit
08-04 00:55:35.849 11988 11999 I art     : Explicit concurrent mark sweep GC freed 17655(828KB) AllocSpace objects, 0(0B) LOS objects, 26% free, 43MB/59MB, paused 482us total 22.986ms
08-04 00:55:35.858 11988 11999 I art     : Starting a blocking GC Explicit
08-04 00:55:35.881 11988 11999 I art     : Explicit concurrent mark sweep GC freed 17686(836KB) AllocSpace objects, 0(0B) LOS objects, 26% free, 43MB/59MB, paused 383us total 23.283ms
08-04 00:55:35.891 11988 11999 I art     : Starting a blocking GC Explicit
08-04 00:55:35.914 11988 11999 I art     : Explicit concurrent mark sweep GC freed 17923(844KB) AllocSpace objects, 0(0B) LOS objects, 26% free, 43MB/59MB, paused 379us total 23.511ms
08-04 00:55:36.191 11988 12000 I art     : Starting a blocking GC Explicit
08-04 00:55:36.234 11988 12000 I art     : Explicit concurrent mark sweep GC freed 164596(7MB) AllocSpace objects, 1(20KB) LOS objects, 26% free, 45MB/61MB, paused 470us total 42.909ms
08-04 00:55:36.245 11988 12000 I art     : Starting a blocking GC Explicit
08-04 00:55:36.273 11988 12000 I art     : Explicit concurrent mark sweep GC freed 25688(1196KB) AllocSpace objects, 0(0B) LOS objects, 26% free, 45MB/61MB, paused 438us total 27.943ms
08-04 00:55:36.284 11988 12000 I art     : Starting a blocking GC Explicit
08-04 00:55:36.310 11988 12000 I art     : Explicit concurrent mark sweep GC freed 19986(945KB) AllocSpace objects, 0(0B) LOS objects, 26% free, 45MB/61MB, paused 465us total 26.830ms
08-04 00:55:36.321 11988 12000 I art     : Starting a blocking GC Explicit
08-04 00:55:36.348 11988 12000 I art     : Explicit concurrent mark sweep GC freed 19413(933KB) AllocSpace objects, 0(0B) LOS objects, 26% free, 45MB/61MB, paused 445us total 26.802ms
08-04 00:55:36.358 11988 12000 I art     : Starting a blocking GC Explicit
08-04 00:55:36.385 11988 12000 I art     : Explicit concurrent mark sweep GC freed 19207(901KB) AllocSpace objects, 0(0B) LOS objects, 25% free, 45MB/61MB, paused 476us total 27.175ms
08-04 00:55:36.660 11988 11999 I art     : Starting a blocking GC Explicit
08-04 00:55:36.709 11988 11999 I art     : Explicit concurrent mark sweep GC freed 167128(7MB) AllocSpace objects, 1(20KB) LOS objects, 25% free, 46MB/62MB, paused 680us total 49.143ms
08-04 00:55:36.723 11988 11999 I art     : Starting a blocking GC Explicit
08-04 00:55:36.752 11988 11999 I art     : Explicit concurrent mark sweep GC freed 27879(1294KB) AllocSpace objects, 0(0B) LOS objects, 25% free, 46MB/62MB, paused 488us total 29.590ms
08-04 00:55:36.763 11988 11999 I art     : Starting a blocking GC Explicit
08-04 00:55:36.792 11988 11999 I art     : Explicit concurrent mark sweep GC freed 21703(1018KB) AllocSpace objects, 0(0B) LOS objects, 25% free, 47MB/63MB, paused 500us total 29.127ms
08-04 00:55:36.803 11988 11999 I art     : Starting a blocking GC Explicit
08-04 00:55:36.834 11988 11999 I art     : Explicit concurrent mark sweep GC freed 22103(1035KB) AllocSpace objects, 0(0B) LOS objects, 25% free, 47MB/63MB, paused 536us total 30.741ms
08-04 00:55:36.845 11988 11999 I art     : Starting a blocking GC Explicit
08-04 00:55:36.876 11988 11999 I art     : Explicit concurrent mark sweep GC freed 22363(1043KB) AllocSpace objects, 0(0B) LOS objects, 25% free, 47MB/63MB, paused 525us total 30.973ms
08-04 00:55:37.144 11988 12201 I Service : getCourses response time: 0.69
08-04 00:55:37.145 11988 12007 I art     : Starting a blocking GC Explicit
08-04 00:55:37.153 11988 11988 I SettingsManager: Getting string: savedCourse
08-04 00:55:37.197 11988 12007 I art     : Explicit concurrent mark sweep GC freed 145357(6MB) AllocSpace objects, 2(15MB) LOS objects, 32% free, 33MB/49MB, paused 575us total 52.303ms
08-04 00:55:37.210 11988 12007 I art     : Starting a blocking GC Explicit
08-04 00:55:37.239 11988 12007 I art     : Explicit concurrent mark sweep GC freed 485(19KB) AllocSpace objects, 0(0B) LOS objects, 32% free, 33MB/49MB, paused 165us total 29.263ms
08-04 00:55:37.250 11988 12007 I art     : Starting a blocking GC Explicit
08-04 00:55:37.282 11988 12007 I art     : Explicit concurrent mark sweep GC freed 58(2416B) AllocSpace objects, 0(0B) LOS objects, 32% free, 33MB/49MB, paused 147us total 31.263ms
08-04 00:55:37.293 11988 12007 I art     : Starting a blocking GC Explicit
08-04 00:55:37.324 11988 12007 I art     : Explicit concurrent mark sweep GC freed 5(192B) AllocSpace objects, 0(0B) LOS objects, 32% free, 33MB/49MB, paused 141us total 30.985ms
08-04 00:55:37.336 11988 12007 I art     : Starting a blocking GC Explicit
08-04 00:55:37.369 11988 12007 I art     : Explicit concurrent mark sweep GC freed 3(96B) AllocSpace objects, 0(0B) LOS objects, 32% free, 33MB/49MB, paused 142us total 33.102ms
08-04 00:55:37.699 11988 11999 I art     : Starting a blocking GC Explicit
08-04 00:55:37.744 11988 11999 I art     : Explicit concurrent mark sweep GC freed 1272(74KB) AllocSpace objects, 1(20KB) LOS objects, 32% free, 33MB/49MB, paused 147us total 44.787ms
08-04 00:55:37.758 11988 11999 I art     : Starting a blocking GC Explicit
08-04 00:55:37.795 11988 11999 I art     : Explicit concurrent mark sweep GC freed 18(624B) AllocSpace objects, 0(0B) LOS objects, 32% free, 33MB/49MB, paused 142us total 37.233ms
08-04 00:55:37.808 11988 11999 I art     : Starting a blocking GC Explicit
08-04 00:55:37.844 11988 11999 I art     : Explicit concurrent mark sweep GC freed 3(96B) AllocSpace objects, 0(0B) LOS objects, 32% free, 33MB/49MB, paused 144us total 35.666ms
08-04 00:55:37.857 11988 11999 I art     : Starting a blocking GC Explicit
08-04 00:55:37.894 11988 11999 I art     : Explicit concurrent mark sweep GC freed 3(96B) AllocSpace objects, 0(0B) LOS objects, 32% free, 33MB/49MB, paused 141us total 36.208ms
08-04 00:55:37.906 11988 11999 I art     : Starting a blocking GC Explicit
08-04 00:55:37.942 11988 11999 I art     : Explicit concurrent mark sweep GC freed 3(96B) AllocSpace objects, 0(0B) LOS objects, 32% free, 33MB/49MB, paused 150us total 35.134ms
08-04 00:55:38.262 11988 12000 I art     : Starting a blocking GC Explicit
08-04 00:55:38.320 11988 12000 I art     : Explicit concurrent mark sweep GC freed 1274(74KB) AllocSpace objects, 1(20KB) LOS objects, 32% free, 33MB/49MB, paused 164us total 57.565ms
08-04 00:55:38.336 11988 12000 I art     : Starting a blocking GC Explicit
08-04 00:55:38.370 11988 12000 I art     : Explicit concurrent mark sweep GC freed 18(624B) AllocSpace objects, 0(0B) LOS objects, 32% free, 33MB/49MB, paused 143us total 33.702ms
08-04 00:55:38.381 11988 12000 I art     : Starting a blocking GC Explicit
08-04 00:55:38.416 11988 12000 I art     : Explicit concurrent mark sweep GC freed 3(96B) AllocSpace objects, 0(0B) LOS objects, 32% free, 33MB/49MB, paused 147us total 34.405ms
08-04 00:55:38.429 11988 12000 I art     : Starting a blocking GC Explicit
08-04 00:55:38.465 11988 12000 I art     : Explicit concurrent mark sweep GC freed 3(96B) AllocSpace objects, 0(0B) LOS objects, 32% free, 33MB/49MB, paused 147us total 35.970ms
08-04 00:55:38.478 11988 12000 I art     : Starting a blocking GC Explicit
08-04 00:55:38.514 11988 12000 I art     : Explicit concurrent mark sweep GC freed 3(96B) AllocSpace objects, 0(0B) LOS objects, 32% free, 33MB/49MB, paused 156us total 35.589ms
08-04 00:55:38.828 11988 11999 I art     : Starting a blocking GC Explicit
08-04 00:55:38.870 11988 11999 I art     : Explicit concurrent mark sweep GC freed 1275(74KB) AllocSpace objects, 1(20KB) LOS objects, 32% free, 33MB/49MB, paused 146us total 41.607ms
08-04 00:55:38.870 11988 11998 I art     : WaitForGcToComplete blocked for 12.635ms for cause HeapTrim
08-04 00:55:38.883 11988 11999 I art     : Starting a blocking GC Explicit
08-04 00:55:38.919 11988 11999 I art     : Explicit concurrent mark sweep GC freed 20(704B) AllocSpace objects, 0(0B) LOS objects, 32% free, 33MB/49MB, paused 136us total 35.530ms
08-04 00:55:38.932 11988 11999 I art     : Starting a blocking GC Explicit
08-04 00:55:38.968 11988 11999 I art     : Explicit concurrent mark sweep GC freed 3(96B) AllocSpace objects, 0(0B) LOS objects, 32% free, 33MB/49MB, paused 133us total 35.730ms
08-04 00:55:38.981 11988 11999 I art     : Starting a blocking GC Explicit
08-04 00:55:39.017 11988 11999 I art     : Explicit concurrent mark sweep GC freed 3(96B) AllocSpace objects, 0(0B) LOS objects, 32% free, 33MB/49MB, paused 134us total 35.622ms
08-04 00:55:39.029 11988 11999 I art     : Starting a blocking GC Explicit
08-04 00:55:39.065 11988 11999 I art     : Explicit concurrent mark sweep GC freed 3(96B) AllocSpace objects, 0(0B) LOS objects, 32% free, 33MB/49MB, paused 147us total 35.256ms
08-04 00:55:39.371 11988 12000 I art     : Starting a blocking GC Explicit
08-04 00:55:39.382  4731  4731 I ServiceManager: Waiting for service AtCmdFwd...
08-04 00:55:39.424 11988 12000 I art     : Explicit concurrent mark sweep GC freed 1274(74KB) AllocSpace objects, 1(20KB) LOS objects, 32% free, 33MB/49MB, paused 175us total 53.483ms
08-04 00:55:39.443 11988 12000 I art     : Starting a blocking GC Explicit
08-04 00:55:39.477 11988 12000 I art     : Explicit concurrent mark sweep GC freed 18(624B) AllocSpace objects, 0(0B) LOS objects, 32% free, 33MB/49MB, paused 135us total 34.594ms
08-04 00:55:39.489 11988 12000 I art     : Starting a blocking GC Explicit
08-04 00:55:39.523 11988 12000 I art     : Explicit concurrent mark sweep GC freed 3(96B) AllocSpace objects, 0(0B) LOS objects, 32% free, 33MB/49MB, paused 144us total 33.766ms
08-04 00:55:39.536 11988 12000 I art     : Starting a blocking GC Explicit
08-04 00:55:39.570 11988 12000 I art     : Explicit concurrent mark sweep GC freed 3(96B) AllocSpace objects, 0(0B) LOS objects, 32% free, 33MB/49MB, paused 142us total 34.604ms
08-04 00:55:39.583 11988 12000 I art     : Starting a blocking GC Explicit
08-04 00:55:39.619 11988 12000 I art     : Explicit concurrent mark sweep GC freed 3(96B) AllocSpace objects, 0(0B) LOS objects, 32% free, 33MB/49MB, paused 149us total 35.675ms
08-04 00:55:39.881 11988 12007 I art     : Starting a blocking GC Explicit
08-04 00:55:39.918 11988 12007 I art     : Explicit concurrent mark sweep GC freed 1274(74KB) AllocSpace objects, 1(20KB) LOS objects, 32% free, 33MB/49MB, paused 160us total 37.555ms
08-04 00:55:39.932 11988 12007 I art     : Starting a blocking GC Explicit
08-04 00:55:39.963 11988 12007 I art     : Explicit concurrent mark sweep GC freed 18(624B) AllocSpace objects, 0(0B) LOS objects, 32% free, 33MB/49MB, paused 138us total 31.044ms
08-04 00:55:39.975 11988 12007 I art     : Starting a blocking GC Explicit
08-04 00:55:40.006 11988 12007 I art     : Explicit concurrent mark sweep GC freed 3(96B) AllocSpace objects, 0(0B) LOS objects, 32% free, 33MB/49MB, paused 139us total 31.402ms
08-04 00:55:40.018 11988 12007 I art     : Starting a blocking GC Explicit
08-04 00:55:40.049 11988 12007 I art     : Explicit concurrent mark sweep GC freed 3(96B) AllocSpace objects, 0(0B) LOS objects, 32% free, 33MB/49MB, paused 138us total 31.150ms
08-04 00:55:40.061 11988 12007 I art     : Starting a blocking GC Explicit
08-04 00:55:40.092 11988 12007 I art     : Explicit concurrent mark sweep GC freed 3(96B) AllocSpace objects, 0(0B) LOS objects, 32% free, 33MB/49MB, paused 143us total 31.032ms
08-04 00:55:40.115 12340 12340 D AndroidRuntime: >>>>>> START com.android.internal.os.RuntimeInit uid 2000 <<<<<<
08-04 00:55:40.119 12340 12340 D AndroidRuntime: CheckJNI is OFF
08-04 00:55:40.142 12340 12340 D ICU     : No timezone override file found: /data/misc/zoneinfo/current/icu/icu_tzdata.dat
08-04 00:55:40.166 12340 12340 I Radio-JNI: register_android_hardware_Radio DONE
08-04 00:55:40.182 12340 12340 D AndroidRuntime: Calling main entry com.android.commands.input.Input
08-04 00:55:40.184 12340 12340 I Input   : injectMotionEvent: MotionEvent { action=ACTION_DOWN, actionButton=0, id[0]=0, x[0]=526.0, y[0]=704.0, toolType[0]=TOOL_TYPE_UNKNOWN, buttonState=0, metaState=0, flags=0x0, edgeFlags=0x0, pointerCount=1, historySize=0, eventTime=665756597, downTime=665756597, deviceId=0, source=0x1002 }
08-04 00:55:40.190 12340 12340 I Input   : injectMotionEvent: MotionEvent { action=ACTION_UP, actionButton=0, id[0]=0, x[0]=526.0, y[0]=704.0, toolType[0]=TOOL_TYPE_UNKNOWN, buttonState=0, metaState=0, flags=0x0, edgeFlags=0x0, pointerCount=1, historySize=0, eventTime=665756597, downTime=665756597, deviceId=0, source=0x1002 }
08-04 00:55:40.191 12340 12340 D AndroidRuntime: Shutting down VM
08-04 00:55:40.263   512  2967 D audio_hw_primary: out_set_parameters: enter: usecase(1: low-latency-playback) kvpairs: routing=2
08-04 00:55:40.277   512  2967 D audio_hw_primary: select_devices: out_snd_device(2: speaker) in_snd_device(0: none)
08-04 00:55:40.277   512  2967 D msm8974_platform: platform_send_audio_calibration: sending audio calibration for snd_device(2) acdb_id(15)
08-04 00:55:40.277   512  2967 I soundtrigger: audio_extn_sound_trigger_update_device_status: device 0x2 of type 0 for Event 1
08-04 00:55:40.286   512  2967 D audio_hw_primary: enable_snd_device: snd_device(2: speaker)
08-04 00:55:40.288   512  2967 D audio_hw_primary: enable_audio_route: apply and update mixer path: low-latency-playback speaker
08-04 00:55:40.316 11988 12000 I art     : Starting a blocking GC Explicit
08-04 00:55:40.349 11988 12000 I art     : Explicit concurrent mark sweep GC freed 1988(130KB) AllocSpace objects, 2(40KB) LOS objects, 32% free, 33MB/49MB, paused 183us total 32.856ms
08-04 00:55:40.361 11988 12000 I art     : Starting a blocking GC Explicit
08-04 00:55:40.383  4731  4731 I ServiceManager: Waiting for service AtCmdFwd...
08-04 00:55:40.394 11988 12000 I art     : Explicit concurrent mark sweep GC freed 201(8KB) AllocSpace objects, 0(0B) LOS objects, 32% free, 33MB/49MB, paused 184us total 32.947ms
08-04 00:55:40.407 11988 12000 I art     : Starting a blocking GC Explicit
08-04 00:55:40.442 11988 12000 I art     : Explicit concurrent mark sweep GC freed 7(224B) AllocSpace objects, 0(0B) LOS objects, 32% free, 33MB/49MB, paused 166us total 35.755ms
08-04 00:55:40.456 11988 12000 I art     : Starting a blocking GC Explicit
08-04 00:55:40.494 11988 12000 I art     : Explicit concurrent mark sweep GC freed 5(176B) AllocSpace objects, 0(0B) LOS objects, 32% free, 33MB/49MB, paused 162us total 37.972ms
08-04 00:55:40.508 11988 12000 I art     : Starting a blocking GC Explicit
08-04 00:55:40.546 11988 12000 I art     : Explicit concurrent mark sweep GC freed 3(96B) AllocSpace objects, 0(0B) LOS objects, 32% free, 33MB/49MB, paused 173us total 38.172ms
08-04 00:55:40.829   512  2967 D audio_hw_primary: disable_audio_route: reset and update mixer path: low-latency-playback speaker
08-04 00:55:40.831   512  2967 D audio_hw_primary: disable_snd_device: snd_device(2: speaker)
08-04 00:55:40.840   512  2967 I soundtrigger: audio_extn_sound_trigger_update_device_status: device 0x2 of type 0 for Event 0
08-04 00:55:40.840 11988 12000 I art     : Starting a blocking GC Explicit
08-04 00:55:40.892 11988 12000 I art     : Explicit concurrent mark sweep GC freed 1283(75KB) AllocSpace objects, 1(20KB) LOS objects, 32% free, 33MB/49MB, paused 178us total 51.313ms
08-04 00:55:40.910 11988 12000 I art     : Starting a blocking GC Explicit
08-04 00:55:40.947 11988 12000 I art     : Explicit concurrent mark sweep GC freed 26(880B) AllocSpace objects, 0(0B) LOS objects, 32% free, 33MB/49MB, paused 139us total 36.122ms
08-04 00:55:40.964 11988 12000 I art     : Starting a blocking GC Explicit
08-04 00:55:41.007 11988 12000 I art     : Explicit concurrent mark sweep GC freed 3(96B) AllocSpace objects, 0(0B) LOS objects, 32% free, 33MB/49MB, paused 204us total 42.245ms
08-04 00:55:41.020 11988 12000 I art     : Starting a blocking GC Explicit
08-04 00:55:41.056 11988 12000 I art     : Explicit concurrent mark sweep GC freed 3(96B) AllocSpace objects, 0(0B) LOS objects, 32% free, 33MB/49MB, paused 212us total 35.845ms
08-04 00:55:41.069 11988 12000 I art     : Starting a blocking GC Explicit
08-04 00:55:41.105 11988 12000 I art     : Explicit concurrent mark sweep GC freed 3(96B) AllocSpace objects, 0(0B) LOS objects, 32% free, 33MB/49MB, paused 150us total 35.634ms
08-04 00:55:41.369 18789 18789 I Finsky  : [1] xow.onStartJob(3): SCH: onJobSchedulerWakeup with jobId 9004
08-04 00:55:41.380 18789 18789 I Finsky  : [1] xjw.a(9): Scheduling fallback in 43199996 (absolute: 1692345251)
08-04 00:55:41.383  4731  4731 I ServiceManager: Waiting for service AtCmdFwd...
08-04 00:55:41.388 11988 12007 I art     : Starting a blocking GC Explicit
08-04 00:55:41.388 18789 18789 I Finsky  : [1] xjw.a(9): Scheduling fallback in 64799993 (absolute: 1713945255)
08-04 00:55:41.395 18789 18789 I Finsky  : [1] xow.onStartJob(3): SCH: onJobSchedulerWakeup with jobId 9016
08-04 00:55:41.402 18789 18789 I Finsky  : [1] xjw.a(9): Scheduling fallback in 43199996 (absolute: 1692345272)
08-04 00:55:41.403 18789 18789 I Finsky  : [1] xjw.a(9): Scheduling fallback in 64799999 (absolute: 1713945277)
08-04 00:55:41.410 18789 18789 W Finsky  : [1] xow.onStartJob(9): SCH: onJobSchedulerWakeup while already running
08-04 00:55:41.421 11988 12007 I art     : Explicit concurrent mark sweep GC freed 1281(75KB) AllocSpace objects, 1(20KB) LOS objects, 32% free, 33MB/49MB, paused 155us total 33.322ms
08-04 00:55:41.433 11988 12007 I art     : Starting a blocking GC Explicit
08-04 00:55:41.462 11988 12007 I art     : Explicit concurrent mark sweep GC freed 18(624B) AllocSpace objects, 0(0B) LOS objects, 32% free, 33MB/49MB, paused 135us total 29.380ms
08-04 00:55:41.474 11988 12007 I art     : Starting a blocking GC Explicit
08-04 00:55:41.504 11988 12007 I art     : Explicit concurrent mark sweep GC freed 3(96B) AllocSpace objects, 0(0B) LOS objects, 32% free, 33MB/49MB, paused 143us total 30.076ms
08-04 00:55:41.516 11988 12007 I art     : Starting a blocking GC Explicit
08-04 00:55:41.530 18789 18789 I Finsky  : [1] xkf.handleMessage(8): SCH: DeviceState: DeviceState{currentTime=1596495341526, isCharging=false, isIdle=false, netAny=true, netNotRoaming=true, netUnmetered=true, batteryPercent=100.0}
08-04 00:55:41.534 18789 11956 I Finsky  : [6291] xmu.a(8): SCH: Jobs in database: 1-1337 3-181 3-182 12-1 24-77777777 26-1414141414 
08-04 00:55:41.538 18789 18789 I Finsky  : [1] xkg.a(16): SCH: Running job: 12-1
08-04 00:55:41.539 18789 18789 I Finsky  : [1] ContentSyncJob.a(16): [ContentSync] job started
08-04 00:55:41.540 18789 18789 I Finsky  : [1] xkf.handleMessage(61): SCH: RunningQueue size: 1, PendingQueue size: 0
08-04 00:55:41.540 18789 18789 I Finsky  : [1] xkf.handleMessage(64): SCH: Running queue: 12-1 
08-04 00:55:41.545 11988 12007 I art     : Explicit concurrent mark sweep GC freed 3(96B) AllocSpace objects, 0(0B) LOS objects, 32% free, 33MB/49MB, paused 133us total 29.785ms
08-04 00:55:41.557 11988 12007 I art     : Starting a blocking GC Explicit
08-04 00:55:41.586 11988 12007 I art     : Explicit concurrent mark sweep GC freed 3(96B) AllocSpace objects, 0(0B) LOS objects, 32% free, 33MB/49MB, paused 134us total 28.985ms
08-04 00:55:41.595 18789 11978 I Finsky  : [6296] dzn.a(22): Completed 0 account content syncs with 0 successful.
08-04 00:55:41.597 18789 18789 I Finsky  : [1] ContentSyncJob.a(1): [ContentSync] Installation state replication succeeded.
08-04 00:55:41.597 18789 18789 I Finsky  : [1] xlr.a(13): SCH: jobFinished: 12-1. TimeElapsed: 58ms.
08-04 00:55:41.598 18789 18789 I Finsky  : [1] xkg.a(36): SCH: Job 12-1 finished. Not rescheduling.
08-04 00:55:41.598 18789 18789 I Finsky  : [1] xkf.handleMessage(61): SCH: RunningQueue size: 0, PendingQueue size: 0
08-04 00:55:41.598 18789 18789 I Finsky  : [1] xkf.handleMessage(25): Executor finished
08-04 00:55:41.618 18789 18789 I Finsky  : [1] xmu.a(8): SCH: Jobs in database: 1-1337 3-181 3-182 24-77777777 26-1414141414 
08-04 00:55:41.620 18789 18789 I Finsky  : [1] xio.a(57): SCH: ConstraintMapping: 24-77777777,  -> L: 0ms, D: 72859218ms, C: false, I: true, N: 0
08-04 00:55:41.620 18789 18789 I Finsky  : [1] xio.a(57): SCH: ConstraintMapping: 1-1337,  -> L: 14668450ms, D: 33011290ms, C: false, I: false, N: 1
08-04 00:55:41.620 18789 18789 I Finsky  : [1] xio.a(57): SCH: ConstraintMapping: 3-181,  -> L: 0ms, D: 64267595ms, C: false, I: true, N: 2
08-04 00:55:41.621 18789 18789 I Finsky  : [1] xio.a(57): SCH: ConstraintMapping: 3-182,  -> L: 0ms, D: 64267667ms, C: true, I: true, N: 2
08-04 00:55:41.621 18789 18789 I Finsky  : [1] xio.a(57): SCH: ConstraintMapping: 26-1414141414,  -> L: 37088844ms, D: 37988844ms, C: false, I: false, N: 0
08-04 00:55:41.648 18789 18789 I Finsky  : [1] xle.a(34): Cancelling existing jobscheduler jobs: 9005 9017 9019 9010 9000 9018 9009 9006 
08-04 00:55:41.648 18789 18789 I Finsky  : [1] xle.a(10): Throttling wakeup for job 9001 (expected to run in 0 ms) due to recent wakeup
08-04 00:55:41.649 18789 18789 I Finsky  : [1] xle.a(27): Scheduling job Id: 9001, L: 30000, D: 72859218, C: false, I: true, N: 0
08-04 00:55:41.653 18789 18789 I Finsky  : [1] xle.a(27): Scheduling job Id: 9002, L: 14668450, D: 33011290, C: false, I: false, N: 1
08-04 00:55:41.654 18789 18789 I Finsky  : [1] xle.a(10): Throttling wakeup for job 9003 (expected to run in 0 ms) due to recent wakeup
08-04 00:55:41.655 18789 18789 I Finsky  : [1] xle.a(27): Scheduling job Id: 9003, L: 30000, D: 64267595, C: false, I: true, N: 2
08-04 00:55:41.656 18789 18789 I Finsky  : [1] xle.a(10): Throttling wakeup for job 9007 (expected to run in 0 ms) due to recent wakeup
08-04 00:55:41.656 18789 18789 I Finsky  : [1] xle.a(27): Scheduling job Id: 9007, L: 30000, D: 64267667, C: true, I: true, N: 2
08-04 00:55:41.658 18789 18789 I Finsky  : [1] xle.a(27): Scheduling job Id: 9008, L: 37088844, D: 37988844, C: false, I: false, N: 0
08-04 00:55:41.659 18789 18789 I Finsky  : [1] xle.a(10): Throttling wakeup for job 9011 (expected to run in 0 ms) due to recent wakeup
08-04 00:55:41.659 18789 18789 I Finsky  : [1] xle.a(27): Scheduling job Id: 9011, L: 30000, D: 72859218, C: false, I: true, N: 0
08-04 00:55:41.661 18789 18789 I Finsky  : [1] xle.a(27): Scheduling job Id: 9012, L: 14668450, D: 33011290, C: false, I: false, N: 1
08-04 00:55:41.662 18789 18789 I Finsky  : [1] xle.a(10): Throttling wakeup for job 9013 (expected to run in 0 ms) due to recent wakeup
08-04 00:55:41.662 18789 18789 I Finsky  : [1] xle.a(27): Scheduling job Id: 9013, L: 30000, D: 64267595, C: false, I: true, N: 2
08-04 00:55:41.663 18789 18789 I Finsky  : [1] xle.a(10): Throttling wakeup for job 9014 (expected to run in 0 ms) due to recent wakeup
08-04 00:55:41.664 18789 18789 I Finsky  : [1] xle.a(27): Scheduling job Id: 9014, L: 30000, D: 64267667, C: true, I: true, N: 2
08-04 00:55:41.665 18789 18789 I Finsky  : [1] xle.a(27): Scheduling job Id: 9015, L: 37088844, D: 37988844, C: false, I: false, N: 0
08-04 00:55:41.722 12394 12394 D AndroidRuntime: >>>>>> START com.android.internal.os.RuntimeInit uid 2000 <<<<<<
08-04 00:55:41.726 12394 12394 D AndroidRuntime: CheckJNI is OFF
08-04 00:55:41.749 12394 12394 D ICU     : No timezone override file found: /data/misc/zoneinfo/current/icu/icu_tzdata.dat
08-04 00:55:41.773 12394 12394 I Radio-JNI: register_android_hardware_Radio DONE
08-04 00:55:41.790 12394 12394 D AndroidRuntime: Calling main entry com.android.commands.input.Input
08-04 00:55:41.791 12394 12394 I Input   : injectMotionEvent: MotionEvent { action=ACTION_DOWN, actionButton=0, id[0]=0, x[0]=1197.0, y[0]=1456.0, toolType[0]=TOOL_TYPE_UNKNOWN, buttonState=0, metaState=0, flags=0x0, edgeFlags=0x0, pointerCount=1, historySize=0, eventTime=665758204, downTime=665758204, deviceId=0, source=0x1002 }
08-04 00:55:41.796 12394 12394 I Input   : injectMotionEvent: MotionEvent { action=ACTION_UP, actionButton=0, id[0]=0, x[0]=1197.0, y[0]=1456.0, toolType[0]=TOOL_TYPE_UNKNOWN, buttonState=0, metaState=0, flags=0x0, edgeFlags=0x0, pointerCount=1, historySize=0, eventTime=665758204, downTime=665758204, deviceId=0, source=0x1002 }
08-04 00:55:41.798 12394 12394 D AndroidRuntime: Shutting down VM
08-04 00:55:41.811   512  2967 D audio_hw_primary: out_set_parameters: enter: usecase(1: low-latency-playback) kvpairs: routing=2
08-04 00:55:41.823   512  2967 D audio_hw_primary: select_devices: out_snd_device(2: speaker) in_snd_device(0: none)
08-04 00:55:41.824   512  2967 D msm8974_platform: platform_send_audio_calibration: sending audio calibration for snd_device(2) acdb_id(15)
08-04 00:55:41.824   512  2967 I soundtrigger: audio_extn_sound_trigger_update_device_status: device 0x2 of type 0 for Event 1
08-04 00:55:41.825 11988 11988 I SettingsManager: Setting string: savedCourse
08-04 00:55:41.830 11988 11999 I art     : Starting a blocking GC Explicit
08-04 00:55:41.837   512  2967 D audio_hw_primary: enable_snd_device: snd_device(2: speaker)
08-04 00:55:41.839   918  4413 W BackupManagerService: dataChanged but no participant pkg='baseline.com.ak.uobtimetable' uid=10659
08-04 00:55:41.839   512  2967 D audio_hw_primary: enable_audio_route: apply and update mixer path: low-latency-playback speaker
08-04 00:55:41.839   918  3670 I ActivityManager: START u0 {flg=0x4000000 cmp=baseline.com.ak.uobtimetable/.MainActivity (has extras)} from uid 10659 on display 0
08-04 00:55:41.852   918  3696 W InputMethodManagerService: Focus gain on non-focused client com.android.internal.view.IInputMethodClient$Stub$Proxy@55a5fd1 (uid=10659 pid=11988)
08-04 00:55:41.866 11988 11988 D MainActivity: OnDestroy
08-04 00:55:41.869 11988 11999 I art     : Explicit concurrent mark sweep GC freed 3998(205KB) AllocSpace objects, 2(40KB) LOS objects, 32% free, 33MB/49MB, paused 427us total 39.033ms
08-04 00:55:41.883 11988 11999 I art     : Starting a blocking GC Explicit
08-04 00:55:41.886 11988 11988 D MainActivity: onCreate
08-04 00:55:41.886 11988 11988 I SettingsManager: Getting string: savedSessions
08-04 00:55:41.886 11988 11988 I Settings: No saved sessions
08-04 00:55:41.910 11988 11988 I SettingsManager: Getting string: savedCourse
08-04 00:55:41.911 11988 11988 D MainActivity: sessionListFragmentArg: updateSessions
08-04 00:55:41.911 11988 11988 D MainActivity: showTermDatesConfigChange: false
08-04 00:55:41.911 11988 11988 D MainActivity: showTermDatesShortcut: false
08-04 00:55:41.912 11988 11988 D MainActivity: Setting initial fragment: SessionListsFragment
08-04 00:55:41.914 11988 11988 I SettingsManager: Getting int: launchCount
08-04 00:55:41.918 11988 11988 D SessionListsFragment: onCreateView
08-04 00:55:41.920 11988 11999 I art     : Explicit concurrent mark sweep GC freed 983(66KB) AllocSpace objects, 2(1340KB) LOS objects, 32% free, 33MB/49MB, paused 470us total 36.773ms
08-04 00:55:41.929 11988 11988 I SettingsManager: Getting string: savedCourse
08-04 00:55:41.932 11988 11988 I SettingsManager: Getting string: savedSessions
08-04 00:55:41.932 11988 11988 D SessionListsFragment: loadArgument: updateSessions
08-04 00:55:41.932 11988 11988 D SessionListsFragment: initialIndex: -1
08-04 00:55:41.934 11988 11999 I art     : Starting a blocking GC Explicit
08-04 00:55:41.935 11988 12419 D HTTP    : Request for: https://uob-timetable-api.adriankeenan.co.uk/sessions?dept=BD002&course=CFIEFAAF%2F02AA%2F0%2FFT&level=ALL+Courses
08-04 00:55:41.936 11988 11988 I WebViewFactory: Loading com.google.android.webview version 84.0.4147.89 (code 414708953)
08-04 00:55:41.971 11988 11999 I art     : Explicit concurrent mark sweep GC freed 5684(359KB) AllocSpace objects, 1(56KB) LOS objects, 31% free, 34MB/50MB, paused 588us total 37.191ms
08-04 00:55:41.987 11988 11999 I art     : Starting a blocking GC Explicit
08-04 00:55:42.001 11988 11988 I cr_LibraryLoader: Loaded native library version number "84.0.4147.89"
08-04 00:55:42.002 11988 11988 I cr_CachingUmaRecorder: Flushed 5 samples from 5 histograms.
08-04 00:55:42.029 11988 11999 I art     : Explicit concurrent mark sweep GC freed 4366(406KB) AllocSpace objects, 2(40KB) LOS objects, 31% free, 34MB/50MB, paused 787us total 41.477ms
08-04 00:55:42.033 11988 11988 E chromium: [ERROR:filesystem_posix.cc(62)] mkdir /data/user/0/baseline.com.ak.uobtimetable/cache/WebView/Crashpad: No such file or directory (2)
08-04 00:55:42.043 11988 11999 I art     : Starting a blocking GC Explicit
08-04 00:55:42.081 11988 11999 I art     : Explicit concurrent mark sweep GC freed 1416(128KB) AllocSpace objects, 0(0B) LOS objects, 31% free, 34MB/50MB, paused 709us total 37.784ms
08-04 00:55:42.095   918  3359 D ConnectivityService: listenForNetwork for Listen from uid/pid:10659/11988 for NetworkRequest [ id=2484, legacyType=-1, [ Capabilities: INTERNET&NOT_RESTRICTED&TRUSTED] ]
08-04 00:55:42.121 11988 12434 W cr_media: Requires BLUETOOTH permission
08-04 00:55:42.130 11988 12445 E libEGL  : validate_display:255 error 3008 (EGL_BAD_DISPLAY)
08-04 00:55:42.133 11988 11988 D TermDatesFragment: WebView loaded
08-04 00:55:42.133 11988 11988 D MainActivity: OnResume
08-04 00:55:42.162 11988 12419 I NAPPA_EXPERIMENTATION: MetricNetworkRequestExecutionTime: REQUEST_DURATION_SYSTEM='226',REQUEST_DURATION_OKHTTP='30',REQUEST_SYNCHRONOUS='TRUE',RESPONSE_CODE='200',RESPONSE_METHOD='GET',RESPONSE_LENGTH_OKHTTP='-1',RESPONSE_LENGTH_HEADER='867',REQUEST_PROTOCOL='http/1.1',REQUEST_URL='https://uob-timetable-api.adriankeenan.co.uk/sessions?dept=BD002&course=CFIEFAAF%2F02AA%2F0%2FFT&level=ALL+Courses',
08-04 00:55:42.199 11988 12419 I HTTP    : Response was compressed.
08-04 00:55:42.205 11988 11988 I TermDatesFragment: Webview load %: 10
08-04 00:55:42.211 11988 12419 I Service : getSessions response time: 1.12
08-04 00:55:42.234   918   936 I ActivityManager: Displayed baseline.com.ak.uobtimetable/.MainActivity: +372ms
08-04 00:55:42.234 13866 13866 I GoogleInputMethodServic: GoogleInputMethodService.onFinishInput():3138 
08-04 00:55:42.235 13866 13866 I GoogleInputMethodServic: GoogleInputMethodService.onStartInput():1808 
08-04 00:55:42.243 11988 11988 I SettingsManager: Getting string: savedSessions
08-04 00:55:42.248 11988 11988 I SettingsManager: Setting string: savedSessions
08-04 00:55:42.255   918  6029 W BackupManagerService: dataChanged but no participant pkg='baseline.com.ak.uobtimetable' uid=10659
08-04 00:55:42.255 11988 11988 I SettingsManager: Setting date: savedSessionsTime
08-04 00:55:42.262   918  6110 W BackupManagerService: dataChanged but no participant pkg='baseline.com.ak.uobtimetable' uid=10659
08-04 00:55:42.263 11988 11988 I SettingsManager: Setting string: savedSessionsCourseName
08-04 00:55:42.270   918  5952 W BackupManagerService: dataChanged but no participant pkg='baseline.com.ak.uobtimetable' uid=10659
08-04 00:55:42.270 11988 11988 I SettingsManager: Setting string: savedSessionsDateRange
08-04 00:55:42.275   918  5481 W BackupManagerService: dataChanged but no participant pkg='baseline.com.ak.uobtimetable' uid=10659
08-04 00:55:42.275 11988 11988 I SettingsManager: Setting string: timetableUrl
08-04 00:55:42.280   918  4400 W BackupManagerService: dataChanged but no participant pkg='baseline.com.ak.uobtimetable' uid=10659
08-04 00:55:42.280 11988 11988 I SettingsManager: Getting boolean: notifySessionRemindersEnabled
08-04 00:55:42.280 11988 11988 I SettingsManager: Getting int: notifySessionRemindersMinutes
08-04 00:55:42.280 11988 11988 I SettingsManager: Getting boolean: showHiddenSessions
08-04 00:55:42.301 11988 11999 I art     : Starting a blocking GC Explicit
08-04 00:55:42.307 11988 11988 I SessionReminderNotifier: Created session reminder alarm for f7b4771250a919bd729c1c5a4a459c77 at Mon 08:30:00 10/08/20
08-04 00:55:42.309 11988 11988 I SessionReminderNotifier: Created session reminder alarm for a7f879aabdeb78622c8820a5fb7b64cd at Tue 08:30:00 04/08/20
08-04 00:55:42.310 11988 11988 I SessionReminderNotifier: Created session reminder alarm for 7bc8d7e2c2055711f597c3d9078c6ea3 at Tue 08:30:00 04/08/20
08-04 00:55:42.312 11988 11988 I SessionReminderNotifier: Created session reminder alarm for e0fc978b5db8218778540b4053344581 at Tue 11:00:00 04/08/20
08-04 00:55:42.313 11988 11988 I SessionReminderNotifier: Created session reminder alarm for 21712fef61090882c855a1425543edb5 at Tue 13:30:00 04/08/20
08-04 00:55:42.315 11988 11988 I SessionReminderNotifier: Created session reminder alarm for 65ca4d97f031f29a4d02bbb45a705d8f at Wed 08:30:00 05/08/20
08-04 00:55:42.316 11988 11988 I SessionReminderNotifier: Created session reminder alarm for eeda7741b0bcab58fd9f46dc6ef1d942 at Wed 08:30:00 05/08/20
08-04 00:55:42.317 11988 11988 I SessionReminderNotifier: Created session reminder alarm for c276c1b2075a0beb67f1b3d1e580f920 at Wed 11:00:00 05/08/20
08-04 00:55:42.318 11988 11988 I SessionReminderNotifier: Created session reminder alarm for 79fe0b5c3b887a13ba29db5a33fa2800 at Thu 08:30:00 06/08/20
08-04 00:55:42.319 11988 11988 I SessionReminderNotifier: Created session reminder alarm for 2ba1034116e4fffdd592dbf0796a43d5 at Fri 08:30:00 07/08/20
08-04 00:55:42.319 11988 11988 I SettingsManager: Getting boolean: showHiddenSessions
08-04 00:55:42.320 11988 11988 D SessionListsFragment: 1 sessions for day 0
08-04 00:55:42.320 11988 11988 D SessionListsFragment: 4 sessions for day 1
08-04 00:55:42.320 11988 11988 D SessionListsFragment: 3 sessions for day 2
08-04 00:55:42.320 11988 11988 D SessionListsFragment: 1 sessions for day 3
08-04 00:55:42.320 11988 11988 D SessionListsFragment: 1 sessions for day 4
08-04 00:55:42.356 11988 11999 I art     : Explicit concurrent mark sweep GC freed 22626(1332KB) AllocSpace objects, 9(320KB) LOS objects, 30% free, 35MB/51MB, paused 700us total 54.867ms
08-04 00:55:42.369 11988 11988 I SettingsManager: Getting boolean: showHiddenSessions
08-04 00:55:42.370 11988 11988 D SessionListsFragment: Refreshed ViewPager
08-04 00:55:42.370 11988 11988 I SettingsManager: Getting boolean: showHiddenSessions
08-04 00:55:42.371 11988 11988 I SettingsManager: Getting boolean: completedTutorial
08-04 00:55:42.372 11988 11999 I art     : Starting a blocking GC Explicit
08-04 00:55:42.380   512  2967 D audio_hw_primary: disable_audio_route: reset and update mixer path: low-latency-playback speaker
08-04 00:55:42.381   512  2967 D audio_hw_primary: disable_snd_device: snd_device(2: speaker)
08-04 00:55:42.382 11988 11988 I SettingsManager: Getting boolean: showHiddenSessions
08-04 00:55:42.382 11988 11988 I SettingsManager: Getting date: savedSessionsTime
08-04 00:55:42.383  4731  4731 I ServiceManager: Waiting for service AtCmdFwd...
08-04 00:55:42.388   512  2967 I soundtrigger: audio_extn_sound_trigger_update_device_status: device 0x2 of type 0 for Event 0
08-04 00:55:42.414 11988 11999 I art     : Explicit concurrent mark sweep GC freed 19956(1063KB) AllocSpace objects, 1(40KB) LOS objects, 30% free, 35MB/51MB, paused 794us total 42.014ms
08-04 00:55:42.427 11988 11999 I art     : Starting a blocking GC Explicit
08-04 00:55:42.473 11988 11999 I art     : Explicit concurrent mark sweep GC freed 34483(1474KB) AllocSpace objects, 1(80KB) LOS objects, 30% free, 36MB/52MB, paused 790us total 45.755ms
08-04 00:55:42.488 11988 11999 I art     : Starting a blocking GC Explicit
08-04 00:55:42.530 11988 11999 I art     : Explicit concurrent mark sweep GC freed 29456(1292KB) AllocSpace objects, 2(120KB) LOS objects, 30% free, 36MB/52MB, paused 723us total 42.116ms
08-04 00:55:42.543 11988 11999 I art     : Starting a blocking GC Explicit
08-04 00:55:42.588 11988 11999 I art     : Explicit concurrent mark sweep GC freed 27817(1152KB) AllocSpace objects, 0(0B) LOS objects, 30% free, 36MB/52MB, paused 796us total 44.951ms
08-04 00:55:42.844 11988 11988 I TermDatesFragment: Webview load %: 70
08-04 00:55:42.854 11988 12007 I art     : Starting a blocking GC Explicit
08-04 00:55:42.870 11988 11988 I TermDatesFragment: Webview load %: 100
08-04 00:55:42.870 11988 11988 I TermDatesFragment: Webview load %: 100
08-04 00:55:42.911 11988 12007 I art     : Explicit concurrent mark sweep GC freed 82977(3MB) AllocSpace objects, 1(20KB) LOS objects, 30% free, 36MB/52MB, paused 271us total 57.160ms
08-04 00:55:42.925 11988 12007 I art     : Starting a blocking GC Explicit
08-04 00:55:42.968 11988 12007 I art     : Explicit concurrent mark sweep GC freed 1878(185KB) AllocSpace objects, 0(0B) LOS objects, 30% free, 36MB/52MB, paused 214us total 43.119ms
08-04 00:55:42.982 11988 12007 I art     : Starting a blocking GC Explicit
08-04 00:55:43.029 11988 12007 I art     : Explicit concurrent mark sweep GC freed 17(704B) AllocSpace objects, 0(0B) LOS objects, 30% free, 36MB/52MB, paused 223us total 46.931ms
08-04 00:55:43.044 11988 12007 I art     : Starting a blocking GC Explicit
08-04 00:55:43.088 11988 12007 I art     : Explicit concurrent mark sweep GC freed 34(1584B) AllocSpace objects, 0(0B) LOS objects, 30% free, 36MB/52MB, paused 235us total 44.072ms
08-04 00:55:43.103 11988 12007 I art     : Starting a blocking GC Explicit
08-04 00:55:43.139 11988 12007 I art     : Explicit concurrent mark sweep GC freed 121701(11MB) AllocSpace objects, 3(136KB) LOS objects, 38% free, 25MB/41MB, paused 263us total 35.620ms
08-04 00:55:43.167   518   646 I ThermalEngine: ACTION: GPU - Setting GPU[0] to 510000000
08-04 00:55:43.384  4731  4731 I ServiceManager: Waiting for service AtCmdFwd...
08-04 00:55:43.423 11988 12000 I art     : Starting a blocking GC Explicit
08-04 00:55:43.468 11988 12000 I art     : Explicit concurrent mark sweep GC freed 1292(75KB) AllocSpace objects, 1(20KB) LOS objects, 38% free, 25MB/41MB, paused 393us total 44.257ms
08-04 00:55:43.484 11988 12000 I art     : Starting a blocking GC Explicit
08-04 00:55:43.514 11988 12000 I art     : Explicit concurrent mark sweep GC freed 18(624B) AllocSpace objects, 0(0B) LOS objects, 38% free, 25MB/41MB, paused 343us total 29.639ms
08-04 00:55:43.525 11988 12000 I art     : Starting a blocking GC Explicit
08-04 00:55:43.555 11988 12000 I art     : Explicit concurrent mark sweep GC freed 3(96B) AllocSpace objects, 0(0B) LOS objects, 38% free, 25MB/41MB, paused 305us total 29.797ms
08-04 00:55:43.567 11988 12000 I art     : Starting a blocking GC Explicit
08-04 00:55:43.597 11988 12000 I art     : Explicit concurrent mark sweep GC freed 3(96B) AllocSpace objects, 0(0B) LOS objects, 38% free, 25MB/41MB, paused 306us total 29.617ms
08-04 00:55:43.609 11988 12000 I art     : Starting a blocking GC Explicit
08-04 00:55:43.639 11988 12000 I art     : Explicit concurrent mark sweep GC freed 3(96B) AllocSpace objects, 0(0B) LOS objects, 38% free, 25MB/41MB, paused 306us total 29.849ms
08-04 00:55:43.989 11988 12007 I art     : Starting a blocking GC Explicit
08-04 00:55:44.032 11988 12007 I art     : Explicit concurrent mark sweep GC freed 1348(77KB) AllocSpace objects, 1(20KB) LOS objects, 38% free, 25MB/41MB, paused 285us total 42.109ms
08-04 00:55:44.046 11988 12007 I art     : Starting a blocking GC Explicit
08-04 00:55:44.079 11988 12007 I art     : Explicit concurrent mark sweep GC freed 42(1408B) AllocSpace objects, 0(0B) LOS objects, 38% free, 25MB/41MB, paused 754us total 33.399ms
08-04 00:55:44.091 11988 12007 I art     : Starting a blocking GC Explicit
08-04 00:55:44.122 11988 12007 I art     : Explicit concurrent mark sweep GC freed 31(992B) AllocSpace objects, 0(0B) LOS objects, 38% free, 25MB/41MB, paused 339us total 30.766ms
08-04 00:55:44.136 11988 12007 I art     : Starting a blocking GC Explicit
08-04 00:55:44.167 11988 12007 I art     : Explicit concurrent mark sweep GC freed 33(1056B) AllocSpace objects, 0(0B) LOS objects, 38% free, 25MB/41MB, paused 484us total 31.254ms
08-04 00:55:44.180 11988 12007 I art     : Starting a blocking GC Explicit
08-04 00:55:44.213 11988 12007 I art     : Explicit concurrent mark sweep GC freed 16(512B) AllocSpace objects, 0(0B) LOS objects, 38% free, 25MB/41MB, paused 515us total 32.363ms
08-04 00:55:44.384  4731  4731 W Atfwd_Sendcmd: AtCmdFwd service not published, waiting... retryCnt : 3
08-04 00:55:44.568 11988 12000 I art     : Starting a blocking GC Explicit
08-04 00:55:44.603 11988 12000 I art     : Explicit concurrent mark sweep GC freed 1323(76KB) AllocSpace objects, 1(20KB) LOS objects, 38% free, 25MB/41MB, paused 343us total 35.319ms
08-04 00:55:44.619 11988 12000 I art     : Starting a blocking GC Explicit
08-04 00:55:44.647 11988 12000 I art     : Explicit concurrent mark sweep GC freed 19(688B) AllocSpace objects, 0(0B) LOS objects, 38% free, 25MB/41MB, paused 284us total 28.409ms
08-04 00:55:44.658 11988 12000 I art     : Starting a blocking GC Explicit
08-04 00:55:44.686 11988 12000 I art     : Explicit concurrent mark sweep GC freed 3(96B) AllocSpace objects, 0(0B) LOS objects, 38% free, 25MB/41MB, paused 309us total 28.067ms
08-04 00:55:44.697 11988 12000 I art     : Starting a blocking GC Explicit
08-04 00:55:44.727 11988 12000 I art     : Explicit concurrent mark sweep GC freed 3(96B) AllocSpace objects, 0(0B) LOS objects, 38% free, 25MB/41MB, paused 356us total 29.830ms
08-04 00:55:44.739 11988 12000 I art     : Starting a blocking GC Explicit
08-04 00:55:44.769 11988 12000 I art     : Explicit concurrent mark sweep GC freed 3(96B) AllocSpace objects, 0(0B) LOS objects, 38% free, 25MB/41MB, paused 297us total 29.509ms
08-04 00:55:45.087 11988 11999 I art     : Starting a blocking GC Explicit
08-04 00:55:45.126 11988 11999 I art     : Explicit concurrent mark sweep GC freed 1293(75KB) AllocSpace objects, 1(20KB) LOS objects, 38% free, 25MB/41MB, paused 350us total 38.366ms
08-04 00:55:45.142 11988 11999 I art     : Starting a blocking GC Explicit
08-04 00:55:45.173 11988 11999 I art     : Explicit concurrent mark sweep GC freed 18(624B) AllocSpace objects, 0(0B) LOS objects, 38% free, 25MB/41MB, paused 302us total 30.809ms
08-04 00:55:45.185 11988 11999 I art     : Starting a blocking GC Explicit
08-04 00:55:45.215 11988 11999 I art     : Explicit concurrent mark sweep GC freed 3(96B) AllocSpace objects, 0(0B) LOS objects, 38% free, 25MB/41MB, paused 316us total 29.777ms
08-04 00:55:45.226 11988 11999 I art     : Starting a blocking GC Explicit
08-04 00:55:45.257 11988 11999 I art     : Explicit concurrent mark sweep GC freed 3(96B) AllocSpace objects, 0(0B) LOS objects, 38% free, 25MB/41MB, paused 438us total 30.398ms
08-04 00:55:45.269 11988 11999 I art     : Starting a blocking GC Explicit
08-04 00:55:45.300 11988 11999 I art     : Explicit concurrent mark sweep GC freed 3(96B) AllocSpace objects, 0(0B) LOS objects, 38% free, 25MB/41MB, paused 311us total 31.018ms
08-04 00:55:45.632 11988 12007 I art     : Starting a blocking GC Explicit
08-04 00:55:45.671 11988 12007 I art     : Explicit concurrent mark sweep GC freed 1293(75KB) AllocSpace objects, 1(20KB) LOS objects, 38% free, 25MB/41MB, paused 339us total 39.275ms
08-04 00:55:45.686 11988 12007 I art     : Starting a blocking GC Explicit
08-04 00:55:45.717 11988 12007 I art     : Explicit concurrent mark sweep GC freed 18(624B) AllocSpace objects, 0(0B) LOS objects, 38% free, 25MB/41MB, paused 301us total 30.441ms
08-04 00:55:45.729 11988 12007 I art     : Starting a blocking GC Explicit
08-04 00:55:45.760 11988 12007 I art     : Explicit concurrent mark sweep GC freed 3(96B) AllocSpace objects, 0(0B) LOS objects, 38% free, 25MB/41MB, paused 298us total 31.097ms
08-04 00:55:45.772 11988 12007 I art     : Starting a blocking GC Explicit
08-04 00:55:45.802 11988 12007 I art     : Explicit concurrent mark sweep GC freed 3(96B) AllocSpace objects, 0(0B) LOS objects, 38% free, 25MB/41MB, paused 298us total 30.066ms
08-04 00:55:45.814 11988 12007 I art     : Starting a blocking GC Explicit
08-04 00:55:45.844 11988 12007 I art     : Explicit concurrent mark sweep GC freed 3(96B) AllocSpace objects, 0(0B) LOS objects, 38% free, 25MB/41MB, paused 329us total 29.844ms
08-04 00:55:46.145 11988 12000 I art     : Starting a blocking GC Explicit
08-04 00:55:46.176 11988 12000 I art     : Explicit concurrent mark sweep GC freed 1396(79KB) AllocSpace objects, 1(20KB) LOS objects, 38% free, 25MB/41MB, paused 305us total 30.535ms
08-04 00:55:46.187 11988 12000 I art     : Starting a blocking GC Explicit
08-04 00:55:46.216 11988 12000 I art     : Explicit concurrent mark sweep GC freed 165(10KB) AllocSpace objects, 0(0B) LOS objects, 38% free, 25MB/41MB, paused 336us total 28.371ms
08-04 00:55:46.227 11988 12000 I art     : Starting a blocking GC Explicit
08-04 00:55:46.256 11988 12000 I art     : Explicit concurrent mark sweep GC freed 3(96B) AllocSpace objects, 0(0B) LOS objects, 38% free, 25MB/41MB, paused 308us total 28.380ms
08-04 00:55:46.267 11988 12000 I art     : Starting a blocking GC Explicit
08-04 00:55:46.295 11988 12000 I art     : Explicit concurrent mark sweep GC freed 3(96B) AllocSpace objects, 0(0B) LOS objects, 38% free, 25MB/41MB, paused 312us total 28.411ms
08-04 00:55:46.306 11988 12000 I art     : Starting a blocking GC Explicit
08-04 00:55:46.335 11988 12000 I art     : Explicit concurrent mark sweep GC freed 3(96B) AllocSpace objects, 0(0B) LOS objects, 38% free, 25MB/41MB, paused 317us total 28.565ms
08-04 00:55:46.469 12527 12527 D AndroidRuntime: >>>>>> START com.android.internal.os.RuntimeInit uid 2000 <<<<<<
08-04 00:55:46.476 12527 12527 D AndroidRuntime: CheckJNI is OFF
08-04 00:55:46.512 12527 12527 D ICU     : No timezone override file found: /data/misc/zoneinfo/current/icu/icu_tzdata.dat
08-04 00:55:46.544 12527 12527 I Radio-JNI: register_android_hardware_Radio DONE
08-04 00:55:46.566 12527 12527 D AndroidRuntime: Calling main entry com.android.commands.input.Input
08-04 00:55:46.569 12527 12527 I Input   : injectMotionEvent: MotionEvent { action=ACTION_DOWN, actionButton=0, id[0]=0, x[0]=1215.0, y[0]=1450.0, toolType[0]=TOOL_TYPE_UNKNOWN, buttonState=0, metaState=0, flags=0x0, edgeFlags=0x0, pointerCount=1, historySize=0, eventTime=665762981, downTime=665762981, deviceId=0, source=0x1002 }
08-04 00:55:46.573 12527 12527 I Input   : injectMotionEvent: MotionEvent { action=ACTION_UP, actionButton=0, id[0]=0, x[0]=1215.0, y[0]=1450.0, toolType[0]=TOOL_TYPE_UNKNOWN, buttonState=0, metaState=0, flags=0x0, edgeFlags=0x0, pointerCount=1, historySize=0, eventTime=665762981, downTime=665762981, deviceId=0, source=0x1002 }
08-04 00:55:46.574 12527 12527 D AndroidRuntime: Shutting down VM
08-04 00:55:46.583   512  2967 D audio_hw_primary: out_set_parameters: enter: usecase(1: low-latency-playback) kvpairs: routing=2
08-04 00:55:46.596   512  2967 D audio_hw_primary: select_devices: out_snd_device(2: speaker) in_snd_device(0: none)
08-04 00:55:46.596   512  2967 D msm8974_platform: platform_send_audio_calibration: sending audio calibration for snd_device(2) acdb_id(15)
08-04 00:55:46.596   512  2967 I soundtrigger: audio_extn_sound_trigger_update_device_status: device 0x2 of type 0 for Event 1
08-04 00:55:46.610   512  2967 D audio_hw_primary: enable_snd_device: snd_device(2: speaker)
08-04 00:55:46.612   512  2967 D audio_hw_primary: enable_audio_route: apply and update mixer path: low-latency-playback speaker
08-04 00:55:46.642 11988 12000 I art     : Starting a blocking GC Explicit
08-04 00:55:46.675 11988 12000 I art     : Explicit concurrent mark sweep GC freed 1707(110KB) AllocSpace objects, 1(20KB) LOS objects, 38% free, 25MB/41MB, paused 330us total 33.448ms
08-04 00:55:46.687 11988 12000 I art     : Starting a blocking GC Explicit
08-04 00:55:46.712 11988 12000 I art     : Explicit concurrent mark sweep GC freed 1045(73KB) AllocSpace objects, 1(40KB) LOS objects, 38% free, 25MB/41MB, paused 264us total 25.235ms
08-04 00:55:46.723 11988 12000 I art     : Starting a blocking GC Explicit
08-04 00:55:46.751 11988 12000 I art     : Explicit concurrent mark sweep GC freed 3(96B) AllocSpace objects, 0(0B) LOS objects, 38% free, 25MB/41MB, paused 283us total 28.001ms
08-04 00:55:46.762 11988 12000 I art     : Starting a blocking GC Explicit
08-04 00:55:46.795 11988 12000 I art     : Explicit concurrent mark sweep GC freed 3(96B) AllocSpace objects, 0(0B) LOS objects, 38% free, 25MB/41MB, paused 296us total 32.172ms
08-04 00:55:46.808 11988 12000 I art     : Starting a blocking GC Explicit
08-04 00:55:46.835 11988 12000 I art     : Explicit concurrent mark sweep GC freed 3(96B) AllocSpace objects, 0(0B) LOS objects, 38% free, 25MB/41MB, paused 281us total 26.404ms
08-04 00:55:47.098 11988 11999 I art     : Starting a blocking GC Explicit
08-04 00:55:47.136 11988 11999 I art     : Explicit concurrent mark sweep GC freed 1294(75KB) AllocSpace objects, 1(20KB) LOS objects, 38% free, 25MB/41MB, paused 427us total 37.057ms
08-04 00:55:47.150 11988 11999 I art     : Starting a blocking GC Explicit
08-04 00:55:47.159   512  2967 D audio_hw_primary: disable_audio_route: reset and update mixer path: low-latency-playback speaker
08-04 00:55:47.160   512  2967 D audio_hw_primary: disable_snd_device: snd_device(2: speaker)
08-04 00:55:47.168   512  2967 I soundtrigger: audio_extn_sound_trigger_update_device_status: device 0x2 of type 0 for Event 0
08-04 00:55:47.177 11988 11999 I art     : Explicit concurrent mark sweep GC freed 18(624B) AllocSpace objects, 0(0B) LOS objects, 38% free, 25MB/41MB, paused 300us total 26.702ms
08-04 00:55:47.187 11988 11999 I art     : Starting a blocking GC Explicit
08-04 00:55:47.215 11988 11999 I art     : Explicit concurrent mark sweep GC freed 3(96B) AllocSpace objects, 0(0B) LOS objects, 38% free, 25MB/41MB, paused 311us total 27.391ms
08-04 00:55:47.226 11988 11999 I art     : Starting a blocking GC Explicit
08-04 00:55:47.254 11988 11999 I art     : Explicit concurrent mark sweep GC freed 5(176B) AllocSpace objects, 0(0B) LOS objects, 38% free, 25MB/41MB, paused 314us total 28.454ms
08-04 00:55:47.266 11988 11999 I art     : Starting a blocking GC Explicit
08-04 00:55:47.295 11988 11999 I art     : Explicit concurrent mark sweep GC freed 3(96B) AllocSpace objects, 0(0B) LOS objects, 38% free, 25MB/41MB, paused 317us total 28.607ms
08-04 00:55:47.604 11988 12000 I art     : Starting a blocking GC Explicit
08-04 00:55:47.642 11988 12000 I art     : Explicit concurrent mark sweep GC freed 1293(75KB) AllocSpace objects, 1(20KB) LOS objects, 38% free, 25MB/41MB, paused 339us total 37.693ms
08-04 00:55:47.657 11988 12000 I art     : Starting a blocking GC Explicit
08-04 00:55:47.688 11988 12000 I art     : Explicit concurrent mark sweep GC freed 18(624B) AllocSpace objects, 0(0B) LOS objects, 38% free, 25MB/41MB, paused 376us total 30.725ms
08-04 00:55:47.700 11988 12000 I art     : Starting a blocking GC Explicit
08-04 00:55:47.730 11988 12000 I art     : Explicit concurrent mark sweep GC freed 3(96B) AllocSpace objects, 0(0B) LOS objects, 38% free, 25MB/41MB, paused 295us total 28.843ms
08-04 00:55:47.741 11988 12000 I art     : Starting a blocking GC Explicit
08-04 00:55:47.771 11988 12000 I art     : Explicit concurrent mark sweep GC freed 3(96B) AllocSpace objects, 0(0B) LOS objects, 38% free, 25MB/41MB, paused 313us total 29.495ms
08-04 00:55:47.782 11988 12000 I art     : Starting a blocking GC Explicit
08-04 00:55:47.812 11988 12000 I art     : Explicit concurrent mark sweep GC freed 3(96B) AllocSpace objects, 0(0B) LOS objects, 38% free, 25MB/41MB, paused 287us total 29.455ms
08-04 00:55:48.097 11988 12007 I art     : Starting a blocking GC Explicit
08-04 00:55:48.135 11988 12007 I art     : Explicit concurrent mark sweep GC freed 1293(75KB) AllocSpace objects, 1(20KB) LOS objects, 38% free, 25MB/41MB, paused 323us total 37.833ms
08-04 00:55:48.147 11988 12007 I art     : Starting a blocking GC Explicit
08-04 00:55:48.176 11988 12007 I art     : Explicit concurrent mark sweep GC freed 18(624B) AllocSpace objects, 0(0B) LOS objects, 38% free, 25MB/41MB, paused 312us total 29.404ms
08-04 00:55:48.187 11988 12007 I art     : Starting a blocking GC Explicit
08-04 00:55:48.217 11988 12007 I art     : Explicit concurrent mark sweep GC freed 4(128B) AllocSpace objects, 0(0B) LOS objects, 38% free, 25MB/41MB, paused 309us total 29.128ms
08-04 00:55:48.229 11988 12007 I art     : Starting a blocking GC Explicit
08-04 00:55:48.231 12578 12578 D AndroidRuntime: >>>>>> START com.android.internal.os.RuntimeInit uid 2000 <<<<<<
08-04 00:55:48.237 12578 12578 D AndroidRuntime: CheckJNI is OFF
08-04 00:55:48.262 11988 12007 I art     : Explicit concurrent mark sweep GC freed 7(224B) AllocSpace objects, 0(0B) LOS objects, 38% free, 25MB/41MB, paused 304us total 32.549ms
08-04 00:55:48.272 11988 12007 I art     : Starting a blocking GC Explicit
08-04 00:55:48.274 12578 12578 D ICU     : No timezone override file found: /data/misc/zoneinfo/current/icu/icu_tzdata.dat
08-04 00:55:48.301 11988 12007 I art     : Explicit concurrent mark sweep GC freed 8(256B) AllocSpace objects, 0(0B) LOS objects, 38% free, 25MB/41MB, paused 291us total 28.911ms
08-04 00:55:48.308 12578 12578 I Radio-JNI: register_android_hardware_Radio DONE
08-04 00:55:48.332 12578 12578 D AndroidRuntime: Calling main entry com.android.commands.input.Input
08-04 00:55:48.334 12578 12578 I Input   : injectMotionEvent: MotionEvent { action=ACTION_DOWN, actionButton=0, id[0]=0, x[0]=1215.0, y[0]=1482.0, toolType[0]=TOOL_TYPE_UNKNOWN, buttonState=0, metaState=0, flags=0x0, edgeFlags=0x0, pointerCount=1, historySize=0, eventTime=665764747, downTime=665764747, deviceId=0, source=0x1002 }
08-04 00:55:48.338 12578 12578 I Input   : injectMotionEvent: MotionEvent { action=ACTION_UP, actionButton=0, id[0]=0, x[0]=1215.0, y[0]=1482.0, toolType[0]=TOOL_TYPE_UNKNOWN, buttonState=0, metaState=0, flags=0x0, edgeFlags=0x0, pointerCount=1, historySize=0, eventTime=665764747, downTime=665764747, deviceId=0, source=0x1002 }
08-04 00:55:48.339 12578 12578 D AndroidRuntime: Shutting down VM
08-04 00:55:48.351   512  2967 D audio_hw_primary: out_set_parameters: enter: usecase(1: low-latency-playback) kvpairs: routing=2
08-04 00:55:48.364   512  2967 D audio_hw_primary: select_devices: out_snd_device(2: speaker) in_snd_device(0: none)
08-04 00:55:48.364   512  2967 D msm8974_platform: platform_send_audio_calibration: sending audio calibration for snd_device(2) acdb_id(15)
08-04 00:55:48.364   512  2967 I soundtrigger: audio_extn_sound_trigger_update_device_status: device 0x2 of type 0 for Event 1
08-04 00:55:48.364 11988 11988 I SettingsManager: Setting boolean: completedTutorial
08-04 00:55:48.375   512  2967 D audio_hw_primary: enable_snd_device: snd_device(2: speaker)
08-04 00:55:48.377   512  2967 D audio_hw_primary: enable_audio_route: apply and update mixer path: low-latency-playback speaker
08-04 00:55:48.380   918  6111 W BackupManagerService: dataChanged but no participant pkg='baseline.com.ak.uobtimetable' uid=10659
08-04 00:55:48.385 11988 12003 D OpenGLRenderer: endAllStagingAnimators on 0x7f995eac00 (RippleDrawable) with handle 0x7f77f19160
08-04 00:55:48.390   918  6112 W InputMethodManagerService: Window already focused, ignoring focus gain of: com.android.internal.view.IInputMethodClient$Stub$Proxy@3b530d2 attribute=null, token = android.os.BinderProxy@8645cca
08-04 00:55:48.575 11988 12000 I art     : Starting a blocking GC Explicit
08-04 00:55:48.613 11988 12000 I art     : Explicit concurrent mark sweep GC freed 1749(109KB) AllocSpace objects, 2(40KB) LOS objects, 38% free, 25MB/41MB, paused 393us total 36.986ms
08-04 00:55:48.627 11988 12000 I art     : Starting a blocking GC Explicit
08-04 00:55:48.652 11988 12000 I art     : Explicit concurrent mark sweep GC freed 1024(69KB) AllocSpace objects, 1(40KB) LOS objects, 38% free, 25MB/41MB, paused 272us total 25.342ms
08-04 00:55:48.662 11988 12000 I art     : Starting a blocking GC Explicit
08-04 00:55:48.689 11988 12000 I art     : Explicit concurrent mark sweep GC freed 3(96B) AllocSpace objects, 0(0B) LOS objects, 38% free, 25MB/41MB, paused 302us total 26.029ms
08-04 00:55:48.699 11988 12000 I art     : Starting a blocking GC Explicit
08-04 00:55:48.725 11988 12000 I art     : Explicit concurrent mark sweep GC freed 3(96B) AllocSpace objects, 0(0B) LOS objects, 38% free, 25MB/41MB, paused 297us total 26.038ms
08-04 00:55:48.737 11988 12000 I art     : Starting a blocking GC Explicit
08-04 00:55:48.764 11988 12000 I art     : Explicit concurrent mark sweep GC freed 3(96B) AllocSpace objects, 0(0B) LOS objects, 38% free, 25MB/41MB, paused 291us total 27.408ms
08-04 00:55:48.919   512  2967 D audio_hw_primary: disable_audio_route: reset and update mixer path: low-latency-playback speaker
08-04 00:55:48.920   512  2967 D audio_hw_primary: disable_snd_device: snd_device(2: speaker)
08-04 00:55:48.928   512  2967 I soundtrigger: audio_extn_sound_trigger_update_device_status: device 0x2 of type 0 for Event 0
08-04 00:55:49.067 11988 11999 I art     : Starting a blocking GC Explicit
08-04 00:55:49.110 11988 11999 I art     : Explicit concurrent mark sweep GC freed 1293(75KB) AllocSpace objects, 1(20KB) LOS objects, 38% free, 25MB/41MB, paused 350us total 42.921ms
08-04 00:55:49.126 11988 11999 I art     : Starting a blocking GC Explicit
08-04 00:55:49.156 11988 11999 I art     : Explicit concurrent mark sweep GC freed 18(624B) AllocSpace objects, 0(0B) LOS objects, 38% free, 25MB/41MB, paused 335us total 29.036ms
08-04 00:55:49.167 11988 11999 I art     : Starting a blocking GC Explicit
08-04 00:55:49.196 11988 11999 I art     : Explicit concurrent mark sweep GC freed 3(96B) AllocSpace objects, 0(0B) LOS objects, 38% free, 25MB/41MB, paused 313us total 29.143ms
08-04 00:55:49.208 11988 11999 I art     : Starting a blocking GC Explicit
08-04 00:55:49.238 11988 11999 I art     : Explicit concurrent mark sweep GC freed 3(96B) AllocSpace objects, 0(0B) LOS objects, 38% free, 25MB/41MB, paused 310us total 29.209ms
08-04 00:55:49.250 11988 11999 I art     : Starting a blocking GC Explicit
08-04 00:55:49.280 11988 11999 I art     : Explicit concurrent mark sweep GC freed 3(96B) AllocSpace objects, 0(0B) LOS objects, 38% free, 25MB/41MB, paused 307us total 29.826ms
08-04 00:55:49.575 11988 12007 I art     : Starting a blocking GC Explicit
08-04 00:55:49.606 11988 12007 I art     : Explicit concurrent mark sweep GC freed 1293(75KB) AllocSpace objects, 1(20KB) LOS objects, 38% free, 25MB/41MB, paused 302us total 30.586ms
08-04 00:55:49.616 11988 12007 I art     : Starting a blocking GC Explicit
08-04 00:55:49.642 11988 12007 I art     : Explicit concurrent mark sweep GC freed 18(624B) AllocSpace objects, 0(0B) LOS objects, 38% free, 25MB/41MB, paused 292us total 25.499ms
08-04 00:55:49.653 11988 12007 I art     : Starting a blocking GC Explicit
08-04 00:55:49.680 11988 12007 I art     : Explicit concurrent mark sweep GC freed 3(96B) AllocSpace objects, 0(0B) LOS objects, 38% free, 25MB/41MB, paused 305us total 26.837ms
08-04 00:55:49.691 11988 12007 I art     : Starting a blocking GC Explicit
08-04 00:55:49.719 11988 12007 I art     : Explicit concurrent mark sweep GC freed 3(96B) AllocSpace objects, 0(0B) LOS objects, 38% free, 25MB/41MB, paused 348us total 28.093ms
08-04 00:55:49.730 11988 12007 I art     : Starting a blocking GC Explicit
08-04 00:55:49.758 11988 12007 I art     : Explicit concurrent mark sweep GC freed 3(96B) AllocSpace objects, 0(0B) LOS objects, 38% free, 25MB/41MB, paused 308us total 27.641ms
08-04 00:55:49.984 12632 12632 D AndroidRuntime: >>>>>> START com.android.internal.os.RuntimeInit uid 2000 <<<<<<
08-04 00:55:49.989 12632 12632 D AndroidRuntime: CheckJNI is OFF
08-04 00:55:50.024 12632 12632 D ICU     : No timezone override file found: /data/misc/zoneinfo/current/icu/icu_tzdata.dat
08-04 00:55:50.047 11988 12000 I art     : Starting a blocking GC Explicit
08-04 00:55:50.057 12632 12632 I Radio-JNI: register_android_hardware_Radio DONE
08-04 00:55:50.077 11988 12000 I art     : Explicit concurrent mark sweep GC freed 1293(75KB) AllocSpace objects, 1(20KB) LOS objects, 38% free, 25MB/41MB, paused 317us total 29.282ms
08-04 00:55:50.080 12632 12632 D AndroidRuntime: Calling main entry com.android.commands.input.Input
08-04 00:55:50.082 12632 12632 I Input   : injectMotionEvent: MotionEvent { action=ACTION_DOWN, actionButton=0, id[0]=0, x[0]=81.0, y[0]=176.0, toolType[0]=TOOL_TYPE_UNKNOWN, buttonState=0, metaState=0, flags=0x0, edgeFlags=0x0, pointerCount=1, historySize=0, eventTime=665766495, downTime=665766495, deviceId=0, source=0x1002 }
08-04 00:55:50.087 12632 12632 I Input   : injectMotionEvent: MotionEvent { action=ACTION_UP, actionButton=0, id[0]=0, x[0]=81.0, y[0]=176.0, toolType[0]=TOOL_TYPE_UNKNOWN, buttonState=0, metaState=0, flags=0x0, edgeFlags=0x0, pointerCount=1, historySize=0, eventTime=665766495, downTime=665766495, deviceId=0, source=0x1002 }
08-04 00:55:50.088 11988 12000 I art     : Starting a blocking GC Explicit
08-04 00:55:50.088 12632 12632 D AndroidRuntime: Shutting down VM
08-04 00:55:50.100   512  2967 D audio_hw_primary: out_set_parameters: enter: usecase(1: low-latency-playback) kvpairs: routing=2
08-04 00:55:50.113   512  2967 D audio_hw_primary: select_devices: out_snd_device(2: speaker) in_snd_device(0: none)
08-04 00:55:50.113   512  2967 D msm8974_platform: platform_send_audio_calibration: sending audio calibration for snd_device(2) acdb_id(15)
08-04 00:55:50.113   512  2967 I soundtrigger: audio_extn_sound_trigger_update_device_status: device 0x2 of type 0 for Event 1
08-04 00:55:50.115 11988 12000 I art     : Explicit concurrent mark sweep GC freed 42(1504B) AllocSpace objects, 0(0B) LOS objects, 38% free, 25MB/41MB, paused 286us total 26.768ms
08-04 00:55:50.126 11988 12000 I art     : Starting a blocking GC Explicit
08-04 00:55:50.129   512  2967 D audio_hw_primary: enable_snd_device: snd_device(2: speaker)
08-04 00:55:50.131   512  2967 D audio_hw_primary: enable_audio_route: apply and update mixer path: low-latency-playback speaker
08-04 00:55:50.151 11988 12000 I art     : Explicit concurrent mark sweep GC freed 24(976B) AllocSpace objects, 0(0B) LOS objects, 38% free, 25MB/41MB, paused 338us total 25.508ms
08-04 00:55:50.156 13866 13866 I GoogleInputMethodServic: GoogleInputMethodService.onFinishInput():3138 
08-04 00:55:50.157 13866 13866 I GoogleInputMethodServic: GoogleInputMethodService.onStartInput():1808 
08-04 00:55:50.162 11988 12000 I art     : Starting a blocking GC Explicit
08-04 00:55:50.189 11988 12000 I art     : Explicit concurrent mark sweep GC freed 380(19KB) AllocSpace objects, 0(0B) LOS objects, 38% free, 25MB/41MB, paused 275us total 26.796ms
08-04 00:55:50.200 11988 12000 I art     : Starting a blocking GC Explicit
08-04 00:55:50.224 11988 12000 I art     : Explicit concurrent mark sweep GC freed 9(448B) AllocSpace objects, 0(0B) LOS objects, 38% free, 25MB/41MB, paused 271us total 24.268ms
08-04 00:55:50.491 11988 12007 I art     : Starting a blocking GC Explicit
08-04 00:55:50.521 11988 12007 I art     : Explicit concurrent mark sweep GC freed 1296(75KB) AllocSpace objects, 1(20KB) LOS objects, 38% free, 25MB/41MB, paused 286us total 29.476ms
08-04 00:55:50.533 11988 12007 I art     : Starting a blocking GC Explicit
08-04 00:55:50.563 11988 12007 I art     : Explicit concurrent mark sweep GC freed 28(944B) AllocSpace objects, 0(0B) LOS objects, 38% free, 25MB/41MB, paused 323us total 29.867ms
08-04 00:55:50.574 11988 12007 I art     : Starting a blocking GC Explicit
08-04 00:55:50.602 11988 12007 I art     : Explicit concurrent mark sweep GC freed 3(96B) AllocSpace objects, 0(0B) LOS objects, 38% free, 25MB/41MB, paused 299us total 27.100ms
08-04 00:55:50.613 11988 12007 I art     : Starting a blocking GC Explicit
08-04 00:55:50.638 11988 12007 I art     : Explicit concurrent mark sweep GC freed 3(96B) AllocSpace objects, 0(0B) LOS objects, 38% free, 25MB/41MB, paused 270us total 25.567ms
08-04 00:55:50.649 11988 12007 I art     : Starting a blocking GC Explicit
08-04 00:55:50.668   512  2967 D audio_hw_primary: disable_audio_route: reset and update mixer path: low-latency-playback speaker
08-04 00:55:50.669   512  2967 D audio_hw_primary: disable_snd_device: snd_device(2: speaker)
08-04 00:55:50.676 11988 12007 I art     : Explicit concurrent mark sweep GC freed 3(96B) AllocSpace objects, 0(0B) LOS objects, 38% free, 25MB/41MB, paused 295us total 26.489ms
08-04 00:55:50.678   512  2967 I soundtrigger: audio_extn_sound_trigger_update_device_status: device 0x2 of type 0 for Event 0
08-04 00:55:50.976 11988 12000 I art     : Starting a blocking GC Explicit
08-04 00:55:51.018 11988 12000 I art     : Explicit concurrent mark sweep GC freed 1293(75KB) AllocSpace objects, 1(20KB) LOS objects, 38% free, 25MB/41MB, paused 352us total 41.234ms
08-04 00:55:51.031 11988 12000 I art     : Starting a blocking GC Explicit
08-04 00:55:51.062 11988 12000 I art     : Explicit concurrent mark sweep GC freed 20(688B) AllocSpace objects, 0(0B) LOS objects, 38% free, 25MB/41MB, paused 322us total 30.020ms
08-04 00:55:51.073 11988 12000 I art     : Starting a blocking GC Explicit
08-04 00:55:51.086   918  3188 I hubconnection: sensorhub said: 'set_bias 3: -5.5680, 0.0000, 0.0000'
08-04 00:55:51.102 11988 12000 I art     : Explicit concurrent mark sweep GC freed 3(96B) AllocSpace objects, 0(0B) LOS objects, 38% free, 25MB/41MB, paused 354us total 28.851ms
08-04 00:55:51.114 11988 12000 I art     : Starting a blocking GC Explicit
08-04 00:55:51.143 11988 12000 I art     : Explicit concurrent mark sweep GC freed 3(96B) AllocSpace objects, 0(0B) LOS objects, 38% free, 25MB/41MB, paused 317us total 28.513ms
08-04 00:55:51.154 11988 12000 I art     : Starting a blocking GC Explicit
08-04 00:55:51.183 11988 12000 I art     : Explicit concurrent mark sweep GC freed 3(96B) AllocSpace objects, 0(0B) LOS objects, 38% free, 25MB/41MB, paused 304us total 29.098ms
08-04 00:55:51.455 11988 12007 I art     : Starting a blocking GC Explicit
08-04 00:55:51.491 11988 12007 I art     : Explicit concurrent mark sweep GC freed 1293(75KB) AllocSpace objects, 1(20KB) LOS objects, 38% free, 25MB/41MB, paused 306us total 36.700ms
08-04 00:55:51.503 11988 12007 I art     : Starting a blocking GC Explicit
08-04 00:55:51.533 11988 12007 I art     : Explicit concurrent mark sweep GC freed 18(624B) AllocSpace objects, 0(0B) LOS objects, 38% free, 25MB/41MB, paused 326us total 29.267ms
08-04 00:55:51.544 11988 12007 I art     : Starting a blocking GC Explicit
08-04 00:55:51.571 11988 12007 I art     : Explicit concurrent mark sweep GC freed 3(96B) AllocSpace objects, 0(0B) LOS objects, 38% free, 25MB/41MB, paused 305us total 27.699ms
08-04 00:55:51.582 11988 12007 I art     : Starting a blocking GC Explicit
08-04 00:55:51.611 11988 12007 I art     : Explicit concurrent mark sweep GC freed 3(96B) AllocSpace objects, 0(0B) LOS objects, 38% free, 25MB/41MB, paused 328us total 27.827ms
08-04 00:55:51.622 11988 12007 I art     : Starting a blocking GC Explicit
08-04 00:55:51.650 11988 12007 I art     : Explicit concurrent mark sweep GC freed 3(96B) AllocSpace objects, 0(0B) LOS objects, 38% free, 25MB/41MB, paused 306us total 27.654ms
08-04 00:55:51.685   918   918 I ActivityManager: Start proc 12689:com.google.android.apps.docs/u0a43 for service com.google.android.apps.docs/com.google.android.libraries.internal.growth.growthkit.internal.jobs.impl.GrowthKitJobService
08-04 00:55:51.706   918   918 I ActivityManager: Start proc 12701:com.google.android.play.games/u0a64 for service com.google.android.play.games/com.google.android.libraries.internal.growth.growthkit.internal.jobs.impl.GrowthKitJobService
08-04 00:55:51.730   918   918 I ActivityManager: Start proc 12713:com.google.android.keep/u0a82 for service com.google.android.keep/com.google.android.libraries.internal.growth.growthkit.internal.jobs.impl.GrowthKitJobService
08-04 00:55:51.754 12679 12679 D AndroidRuntime: >>>>>> START com.android.internal.os.RuntimeInit uid 2000 <<<<<<
08-04 00:55:51.758 12679 12679 D AndroidRuntime: CheckJNI is OFF
08-04 00:55:51.787 12679 12679 D ICU     : No timezone override file found: /data/misc/zoneinfo/current/icu/icu_tzdata.dat
08-04 00:55:51.817 12679 12679 I Radio-JNI: register_android_hardware_Radio DONE
08-04 00:55:51.837 12679 12679 D AndroidRuntime: Calling main entry com.android.commands.input.Input
08-04 00:55:51.839 12679 12679 I Input   : injectMotionEvent: MotionEvent { action=ACTION_DOWN, actionButton=0, id[0]=0, x[0]=436.0, y[0]=1770.0, toolType[0]=TOOL_TYPE_UNKNOWN, buttonState=0, metaState=0, flags=0x0, edgeFlags=0x0, pointerCount=1, historySize=0, eventTime=665768251, downTime=665768251, deviceId=0, source=0x1002 }
08-04 00:55:51.843 12679 12679 I Input   : injectMotionEvent: MotionEvent { action=ACTION_UP, actionButton=0, id[0]=0, x[0]=436.0, y[0]=1770.0, toolType[0]=TOOL_TYPE_UNKNOWN, buttonState=0, metaState=0, flags=0x0, edgeFlags=0x0, pointerCount=1, historySize=0, eventTime=665768251, downTime=665768251, deviceId=0, source=0x1002 }
08-04 00:55:51.844 12679 12679 D AndroidRuntime: Shutting down VM
08-04 00:55:51.853 11988 11988 D MainActivity: NavigationItemSelected: Courses
08-04 00:55:51.854   918  6112 I ActivityManager: START u0 {cmp=baseline.com.ak.uobtimetable/.CourseListActivity} from uid 10659 on display 0
08-04 00:55:51.855   512  2967 D audio_hw_primary: out_set_parameters: enter: usecase(1: low-latency-playback) kvpairs: routing=2
08-04 00:55:51.868   512  2967 D audio_hw_primary: select_devices: out_snd_device(2: speaker) in_snd_device(0: none)
08-04 00:55:51.868   512  2967 D msm8974_platform: platform_send_audio_calibration: sending audio calibration for snd_device(2) acdb_id(15)
08-04 00:55:51.868   512  2967 I soundtrigger: audio_extn_sound_trigger_update_device_status: device 0x2 of type 0 for Event 1
08-04 00:55:51.877 11988 11988 D MainActivity: OnPause
08-04 00:55:51.883   512  2967 D audio_hw_primary: enable_snd_device: snd_device(2: speaker)
08-04 00:55:51.885   512  2967 D audio_hw_primary: enable_audio_route: apply and update mixer path: low-latency-playback speaker
08-04 00:55:51.907 11988 11988 D CourseListActivity: onCreate
08-04 00:55:51.909 11988 12746 D HTTP    : Request for: https://uob-timetable-api.adriankeenan.co.uk/courses
08-04 00:55:51.918 11988 12007 I art     : Starting a blocking GC Explicit
08-04 00:55:51.945 11988 12007 I art     : Explicit concurrent mark sweep GC freed 3826(211KB) AllocSpace objects, 1(20KB) LOS objects, 38% free, 25MB/41MB, paused 402us total 26.591ms
08-04 00:55:51.955 11988 12007 I art     : Starting a blocking GC Explicit
08-04 00:55:51.972 13866 13866 I GoogleInputMethodServic: GoogleInputMethodService.onFinishInput():3138 
08-04 00:55:51.972   918   936 I ActivityManager: Displayed baseline.com.ak.uobtimetable/.CourseListActivity: +94ms
08-04 00:55:51.972 13866 13866 I GoogleInputMethodServic: GoogleInputMethodService.onStartInput():1808 
08-04 00:55:51.984 11988 12007 I art     : Explicit concurrent mark sweep GC freed 822(43KB) AllocSpace objects, 0(0B) LOS objects, 38% free, 25MB/41MB, paused 506us total 28.867ms
08-04 00:55:51.996 11988 12007 I art     : Starting a blocking GC Explicit
08-04 00:55:52.024 11988 12007 I art     : Explicit concurrent mark sweep GC freed 39(1632B) AllocSpace objects, 0(0B) LOS objects, 38% free, 25MB/41MB, paused 362us total 27.101ms
08-04 00:55:52.036 11988 12007 I art     : Starting a blocking GC Explicit
08-04 00:55:52.066 11988 12007 I art     : Explicit concurrent mark sweep GC freed 2317(124KB) AllocSpace objects, 2(120KB) LOS objects, 38% free, 25MB/41MB, paused 701us total 29.295ms
08-04 00:55:52.078 11988 12007 I art     : Starting a blocking GC Explicit
08-04 00:55:52.096 11988 12746 I NAPPA_EXPERIMENTATION: MetricNetworkRequestExecutionTime: REQUEST_DURATION_SYSTEM='186',REQUEST_DURATION_OKHTTP='32',REQUEST_SYNCHRONOUS='TRUE',RESPONSE_CODE='200',RESPONSE_METHOD='GET',RESPONSE_LENGTH_OKHTTP='-1',RESPONSE_LENGTH_HEADER='-2',REQUEST_PROTOCOL='http/1.1',REQUEST_URL='https://uob-timetable-api.adriankeenan.co.uk/courses',
08-04 00:55:52.106 11988 12007 I art     : Explicit concurrent mark sweep GC freed 1116(132KB) AllocSpace objects, 1(80KB) LOS objects, 38% free, 25MB/41MB, paused 354us total 28.237ms
08-04 00:55:52.270   918  3714 I AccountManagerService: getTypesVisibleToCaller: isPermitted? false
08-04 00:55:52.273   918  6110 I AccountManagerService: getTypesVisibleToCaller: isPermitted? true
08-04 00:55:52.320   918  4413 I AccountManagerService: getTypesVisibleToCaller: isPermitted? true
08-04 00:55:52.328   918  6110 I AccountManagerService: getTypesVisibleToCaller: isPermitted? true
08-04 00:55:52.336 11988 11988 D MainActivity: Saving state
08-04 00:55:52.336 11988 11988 D MainActivity: Saving current fragment: SessionListsFragment
08-04 00:55:52.337 11988 11988 D MainActivity: Saving current index: 1
08-04 00:55:52.337 11988 11988 D SessionListsFragment: Saving state
08-04 00:55:52.338 12713 12713 I art     : Rejecting re-init on previously-failed class java.lang.Class<abb>
08-04 00:55:52.338 12713 12713 I art     : Rejecting re-init on previously-failed class java.lang.Class<abb>
08-04 00:55:52.339 12713 12713 I art     : Rejecting re-init on previously-failed class java.lang.Class<abb>
08-04 00:55:52.339 12713 12713 I art     : Rejecting re-init on previously-failed class java.lang.Class<abb>
08-04 00:55:52.339 12713 12713 I art     : Rejecting re-init on previously-failed class java.lang.Class<abb>
08-04 00:55:52.372 11988 11999 I art     : Waiting for a blocking GC Explicit
08-04 00:55:52.375 11988 11999 I art     : Starting a blocking GC Explicit
08-04 00:55:52.405 11988 11999 I art     : Explicit concurrent mark sweep GC freed 58(3KB) AllocSpace objects, 0(0B) LOS objects, 24% free, 48MB/64MB, paused 431us total 29.492ms
08-04 00:55:52.416 11988 11999 I art     : Starting a blocking GC Explicit
08-04 00:55:52.416 12713 12781 W DynamiteModule: Local module descriptor class for providerinstaller not found.
08-04 00:55:52.419   512  2967 D audio_hw_primary: disable_audio_route: reset and update mixer path: low-latency-playback speaker
08-04 00:55:52.420   512  2967 D audio_hw_primary: disable_snd_device: snd_device(2: speaker)
08-04 00:55:52.421 24365 24988 W ProviderHelper: Unknown dynamite feature providerinstaller
08-04 00:55:52.423 12713 12781 W ProviderInstaller: Failed to load providerinstaller module: No acceptable module found. Local version is 0 and remote version is 0.
08-04 00:55:52.428   512  2967 I soundtrigger: audio_extn_sound_trigger_update_device_status: device 0x2 of type 0 for Event 0
08-04 00:55:52.436 12713 12781 E linker  : readlink('/proc/self/fd/23') failed: Permission denied [fd=23]
08-04 00:55:52.436 12713 12781 E linker  : warning: unable to get realpath for the library "/system/framework/oat/arm64/com.android.location.provider.odex". Will use given name.
08-04 00:55:52.438 12713 12781 E linker  : readlink('/proc/self/fd/23') failed: Permission denied [fd=23]
08-04 00:55:52.438 12713 12781 E linker  : warning: unable to get realpath for the library "/system/framework/oat/arm64/com.android.media.remotedisplay.odex". Will use given name.
08-04 00:55:52.442 11988 11999 I art     : Explicit concurrent mark sweep GC freed 23(864B) AllocSpace objects, 0(0B) LOS objects, 24% free, 48MB/64MB, paused 429us total 25.911ms
08-04 00:55:52.443 12713 12781 E linker  : readlink('/proc/self/fd/23') failed: Permission denied [fd=23]
08-04 00:55:52.443 12713 12781 E linker  : warning: unable to get realpath for the library "/data/app/com.google.android.gms-2/oat/arm64/base.odex". Will use given name.
08-04 00:55:52.448 12701 12701 I GAv4-SVC: Google Analytics 202.5.90 is starting up.
08-04 00:55:52.453 11988 11999 I art     : Starting a blocking GC Explicit
08-04 00:55:52.478 11988 11999 I art     : Explicit concurrent mark sweep GC freed 21(800B) AllocSpace objects, 0(0B) LOS objects, 24% free, 48MB/64MB, paused 435us total 25.712ms
08-04 00:55:52.489 11988 11999 I art     : Starting a blocking GC Explicit
08-04 00:55:52.516 12713 12781 E linker  : readlink('/proc/self/fd/24') failed: Permission denied [fd=24]
08-04 00:55:52.516 12713 12781 E linker  : warning: unable to get realpath for the library "/data/app/com.google.android.gms-2/lib/arm64/libconscrypt_gmscore_jni.so". Will use given name.
08-04 00:55:52.530 11988 12746 I HTTP    : Response was compressed.
08-04 00:55:52.532 11988 11999 I art     : Explicit concurrent mark sweep GC freed 151(7KB) AllocSpace objects, 0(0B) LOS objects, 20% free, 63MB/79MB, paused 557us total 42.614ms
08-04 00:55:52.543 11988 11999 I art     : Starting a blocking GC Explicit
08-04 00:55:52.554 12713 12781 V NativeCrypto: Registering com/google/android/gms/org/conscrypt/NativeCrypto's 286 native methods...
08-04 00:55:52.556   918  3670 I AccountManagerService: getTypesVisibleToCaller: isPermitted? true
08-04 00:55:52.563   918  5132 I AccountManagerService: getTypesVisibleToCaller: isPermitted? true
08-04 00:55:52.577 11988 11999 I art     : Explicit concurrent mark sweep GC freed 18525(856KB) AllocSpace objects, 2(22MB) LOS objects, 28% free, 41MB/57MB, paused 555us total 34.143ms
08-04 00:55:52.592   918   928 I AccountManagerService: getTypesVisibleToCaller: isPermitted? false
08-04 00:55:52.597   918  5952 I AccountManagerService: getTypesVisibleToCaller: isPermitted? true
08-04 00:55:52.622 12689 12796 I GAv4    : Google Analytics 202.8.12 is starting up. To enable debug logging on a device run:
08-04 00:55:52.622 12689 12796 I GAv4    :   adb shell setprop log.tag.GAv4 DEBUG
08-04 00:55:52.622 12689 12796 I GAv4    :   adb logcat -s GAv4
08-04 00:55:52.623 12701 12805 W DynamiteModule: Local module descriptor class for com.google.android.gms.measurement.dynamite not found.
08-04 00:55:52.629 12701 12805 E linker  : readlink('/proc/self/fd/21') failed: Permission denied [fd=21]
08-04 00:55:52.629 12701 12805 E linker  : warning: unable to get realpath for the library "/data/data/com.google.android.gms/app_chimera/m/00000039/oat/arm64/DynamiteLoader.odex". Will use given name.
08-04 00:55:52.659 12701 12805 I DynamiteLoaderV2: [71] Measurementdynamite
08-04 00:55:52.661 12701 12805 E linker  : readlink('/proc/self/fd/23') failed: Permission denied [fd=23]
08-04 00:55:52.661 12701 12805 E linker  : warning: unable to get realpath for the library "/data/data/com.google.android.gms/app_chimera/m/0000003e/oat/arm64/MeasurementDynamite.odex". Will use given name.
08-04 00:55:52.662 12701 12805 W System  : ClassLoader referenced unknown path: /data/data/com.google.android.gms/app_chimera/m/0000003e/n/arm64-v8a
08-04 00:55:52.670 12701 12805 W DynamiteModule: Local module descriptor class for com.google.android.gms.measurement.dynamite not found.
08-04 00:55:52.681 12689 12815 W GAv4    : CampaignTrackingReceiver is not registered, not exported or is disabled. Installation campaign tracking is not possible. See http://goo.gl/8Rd3yj for instructions.
08-04 00:55:52.700 12689 12808 W FieldDefinition: [RxCachedThreadScheduler-7] Ignoring isIndexed constraint as field also has uniqueness constraint (on just this field, and therefore SQLite will have to create an index on that. For field: brc$a@7ab2d41
08-04 00:55:52.715 12713 12781 I art     : Rejecting re-init on previously-failed class java.lang.Class<com.google.android.gms.org.conscrypt.Java7ExtendedSSLSession>
08-04 00:55:52.716 12713 12781 I art     : Rejecting re-init on previously-failed class java.lang.Class<com.google.android.gms.org.conscrypt.Java7ExtendedSSLSession>
08-04 00:55:52.723 12713 12781 I art     : Rejecting re-init on previously-failed class java.lang.Class<com.google.android.gms.org.conscrypt.Java8ExtendedSSLSession>
08-04 00:55:52.723 12713 12781 I art     : Rejecting re-init on previously-failed class java.lang.Class<com.google.android.gms.org.conscrypt.Java8ExtendedSSLSession>
08-04 00:55:52.843 11988 12007 I art     : Starting a blocking GC Explicit
08-04 00:55:52.884 11988 12007 I art     : Explicit concurrent mark sweep GC freed 154066(7MB) AllocSpace objects, 1(20KB) LOS objects, 27% free, 42MB/58MB, paused 461us total 41.221ms
08-04 00:55:52.897 11988 12007 I art     : Starting a blocking GC Explicit
08-04 00:55:52.928 11988 12007 I art     : Explicit concurrent mark sweep GC freed 28243(1316KB) AllocSpace objects, 0(0B) LOS objects, 27% free, 42MB/58MB, paused 536us total 30.840ms
08-04 00:55:52.935 12689 12839 W DynamiteModule: Local module descriptor class for providerinstaller not found.
08-04 00:55:52.940 11988 12007 I art     : Starting a blocking GC Explicit
08-04 00:55:52.950 24365  4796 W ProviderHelper: Unknown dynamite feature providerinstaller
08-04 00:55:52.963 12689 12839 W ProviderInstaller: Failed to load providerinstaller module: No acceptable module found. Local version is 0 and remote version is 0.
08-04 00:55:52.971 11988 12007 I art     : Explicit concurrent mark sweep GC freed 22828(1081KB) AllocSpace objects, 0(0B) LOS objects, 27% free, 42MB/58MB, paused 662us total 31.391ms
08-04 00:55:52.983 11988 12007 I art     : Starting a blocking GC Explicit
08-04 00:55:52.994   918  4413 I AccountManagerService: getTypesVisibleToCaller: isPermitted? true
08-04 00:55:53.015 11988 12007 I art     : Explicit concurrent mark sweep GC freed 22096(1037KB) AllocSpace objects, 0(0B) LOS objects, 27% free, 42MB/58MB, paused 595us total 31.459ms
08-04 00:55:53.017 12689 12839 E linker  : readlink('/proc/self/fd/29') failed: Permission denied [fd=29]
08-04 00:55:53.017 12689 12839 E linker  : warning: unable to get realpath for the library "/system/framework/oat/arm64/com.android.location.provider.odex". Will use given name.
08-04 00:55:53.026 11988 12007 I art     : Starting a blocking GC Explicit
08-04 00:55:53.031   918  5952 I AccountManagerService: getTypesVisibleToCaller: isPermitted? true
08-04 00:55:53.046 12713 12781 I ProviderInstaller: Installed default security provider GmsCore_OpenSSL
08-04 00:55:53.053 12689 12839 E linker  : readlink('/proc/self/fd/29') failed: Permission denied [fd=29]
08-04 00:55:53.054 12689 12839 E linker  : warning: unable to get realpath for the library "/system/framework/oat/arm64/com.android.media.remotedisplay.odex". Will use given name.
08-04 00:55:53.058 11988 12007 I art     : Explicit concurrent mark sweep GC freed 21820(1022KB) AllocSpace objects, 0(0B) LOS objects, 27% free, 42MB/58MB, paused 644us total 31.792ms
08-04 00:55:53.094 12689 12839 E linker  : readlink('/proc/self/fd/29') failed: Permission denied [fd=29]
08-04 00:55:53.094 12689 12839 E linker  : warning: unable to get realpath for the library "/data/app/com.google.android.gms-2/oat/arm64/base.odex". Will use given name.
08-04 00:55:53.167   918  6029 I AccountManagerService: getTypesVisibleToCaller: isPermitted? true
08-04 00:55:53.179 12689 12698 W art     : Suspending all threads took: 14.644ms
08-04 00:55:53.195   918  6029 I AccountManagerService: getTypesVisibleToCaller: isPermitted? true
08-04 00:55:53.212   918   927 I art     : Background partial concurrent mark sweep GC freed 69083(6MB) AllocSpace objects, 117(3MB) LOS objects, 18% free, 69MB/85MB, paused 1.552ms total 180.323ms
08-04 00:55:53.336 11988 12000 I art     : Starting a blocking GC Explicit
08-04 00:55:53.337   918  3261 D WifiStateMachine: starting scan for "H369AA63323"WPA_PSK with 2412,5180
08-04 00:55:53.338 12701 12856 W DynamiteModule: Local module descriptor class for providerinstaller not found.
08-04 00:55:53.341 12689 12801 W art     : Verification of int hwn.a(hwy) took 108.131ms
08-04 00:55:53.384 12689 12839 E linker  : readlink('/proc/self/fd/29') failed: Permission denied [fd=29]
08-04 00:55:53.384 12689 12839 E linker  : warning: unable to get realpath for the library "/data/app/com.google.android.gms-2/lib/arm64/libconscrypt_gmscore_jni.so". Will use given name.
08-04 00:55:53.384 11988 12000 I art     : Explicit concurrent mark sweep GC freed 170386(7MB) AllocSpace objects, 1(20KB) LOS objects, 26% free, 44MB/60MB, paused 566us total 47.375ms
08-04 00:55:53.397 11988 12000 I art     : Starting a blocking GC Explicit
08-04 00:55:53.417   918   929 I AccountManagerService: getTypesVisibleToCaller: isPermitted? true
08-04 00:55:53.433 11988 12000 I art     : Explicit concurrent mark sweep GC freed 31378(1491KB) AllocSpace objects, 0(0B) LOS objects, 26% free, 44MB/60MB, paused 619us total 35.259ms
08-04 00:55:53.446 11988 12000 I art     : Starting a blocking GC Explicit
08-04 00:55:53.447 12701 12856 W ProviderInstaller: Failed to load providerinstaller module: No acceptable module found. Local version is 0 and remote version is 0.
08-04 00:55:53.467 12689 12839 V NativeCrypto: Registering com/google/android/gms/org/conscrypt/NativeCrypto's 286 native methods...
08-04 00:55:53.477 12701 12856 E linker  : readlink('/proc/self/fd/22') failed: Permission denied [fd=22]
08-04 00:55:53.478 12701 12856 E linker  : warning: unable to get realpath for the library "/system/framework/oat/arm64/com.android.location.provider.odex". Will use given name.
08-04 00:55:53.479 12701 12856 E linker  : readlink('/proc/self/fd/22') failed: Permission denied [fd=22]
08-04 00:55:53.479 12701 12856 E linker  : warning: unable to get realpath for the library "/system/framework/oat/arm64/com.android.media.remotedisplay.odex". Will use given name.
08-04 00:55:53.482 11988 12000 I art     : Explicit concurrent mark sweep GC freed 25097(1176KB) AllocSpace objects, 0(0B) LOS objects, 26% free, 44MB/60MB, paused 725us total 36.492ms
08-04 00:55:53.484 12701 12856 E linker  : readlink('/proc/self/fd/22') failed: Permission denied [fd=22]
08-04 00:55:53.484 12701 12856 E linker  : warning: unable to get realpath for the library "/data/app/com.google.android.gms-2/oat/arm64/base.odex". Will use given name.
08-04 00:55:53.495 11988 12000 I art     : Starting a blocking GC Explicit
08-04 00:55:53.531 11988 12000 I art     : Explicit concurrent mark sweep GC freed 23798(1113KB) AllocSpace objects, 0(0B) LOS objects, 26% free, 44MB/60MB, paused 702us total 35.593ms
08-04 00:55:53.544 11988 12000 I art     : Starting a blocking GC Explicit
08-04 00:55:53.580 11988 12000 I art     : Explicit concurrent mark sweep GC freed 23349(1090KB) AllocSpace objects, 0(0B) LOS objects, 26% free, 44MB/60MB, paused 760us total 35.939ms
08-04 00:55:53.778 12689 12839 I art     : Rejecting re-init on previously-failed class java.lang.Class<com.google.android.gms.org.conscrypt.Java7ExtendedSSLSession>
08-04 00:55:53.785 12689 12839 I art     : Rejecting re-init on previously-failed class java.lang.Class<com.google.android.gms.org.conscrypt.Java7ExtendedSSLSession>
08-04 00:55:53.786 12689 12839 I art     : Rejecting re-init on previously-failed class java.lang.Class<com.google.android.gms.org.conscrypt.Java8ExtendedSSLSession>
08-04 00:55:53.787 12689 12839 I art     : Rejecting re-init on previously-failed class java.lang.Class<com.google.android.gms.org.conscrypt.Java8ExtendedSSLSession>
08-04 00:55:53.858 11988 12007 I art     : Starting a blocking GC Explicit
08-04 00:55:53.869 12689 12839 I ProviderInstaller: Installed default security provider GmsCore_OpenSSL
08-04 00:55:53.879   918  3714 I AccountManagerService: getTypesVisibleToCaller: isPermitted? true
08-04 00:55:53.893 24365 24372 I art     : Background partial concurrent mark sweep GC freed 120336(7MB) AllocSpace objects, 5(88KB) LOS objects, 27% free, 41MB/57MB, paused 720us total 107.475ms
08-04 00:55:53.909 11988 12007 I art     : Explicit concurrent mark sweep GC freed 166059(7MB) AllocSpace objects, 1(20KB) LOS objects, 25% free, 46MB/62MB, paused 725us total 50.352ms
08-04 00:55:53.923 11988 12007 I art     : Starting a blocking GC Explicit
08-04 00:55:53.941   918  4400 I AccountManagerService: getTypesVisibleToCaller: isPermitted? true
08-04 00:55:53.962 11988 12007 I art     : Explicit concurrent mark sweep GC freed 32040(1501KB) AllocSpace objects, 0(0B) LOS objects, 25% free, 46MB/62MB, paused 773us total 39.283ms
08-04 00:55:53.976 11988 12007 I art     : Starting a blocking GC Explicit
08-04 00:55:54.017 11988 12007 I art     : Explicit concurrent mark sweep GC freed 28739(1341KB) AllocSpace objects, 0(0B) LOS objects, 25% free, 46MB/62MB, paused 772us total 40.423ms
08-04 00:55:54.031 11988 12007 I art     : Starting a blocking GC Explicit
08-04 00:55:54.043   918  3696 I AccountManagerService: getTypesVisibleToCaller: isPermitted? true
08-04 00:55:54.071 11988 12007 I art     : Explicit concurrent mark sweep GC freed 25319(1187KB) AllocSpace objects, 0(0B) LOS objects, 25% free, 46MB/62MB, paused 784us total 40.547ms
08-04 00:55:54.085 11988 12007 I art     : Starting a blocking GC Explicit
08-04 00:55:54.127 11988 12007 I art     : Explicit concurrent mark sweep GC freed 28392(1342KB) AllocSpace objects, 0(0B) LOS objects, 25% free, 46MB/62MB, paused 790us total 41.313ms
08-04 00:55:54.127 11988 11998 I art     : WaitForGcToComplete blocked for 16.520ms for cause HeapTrim
08-04 00:55:54.311 12701 12856 W art     : Verification of void com.google.android.chimera.ModuleContext.<init>(android.content.Context, com.google.android.chimera.ModuleContext, cuv, java.lang.String, int, android.content.res.Resources, java.lang.ClassLoader, csq) took 102.849ms
08-04 00:55:54.336   918  3696 I AccountManagerService: getTypesVisibleToCaller: isPermitted? true
08-04 00:55:54.350 12701 12710 W art     : Suspending all threads took: 22.625ms
08-04 00:55:54.378 12701 12856 E linker  : readlink('/proc/self/fd/22') failed: Permission denied [fd=22]
08-04 00:55:54.379 12701 12856 E linker  : warning: unable to get realpath for the library "/data/app/com.google.android.gms-2/lib/arm64/libconscrypt_gmscore_jni.so". Will use given name.
08-04 00:55:54.414 12701 12856 V NativeCrypto: Registering com/google/android/gms/org/conscrypt/NativeCrypto's 286 native methods...
08-04 00:55:54.424 11988 11999 I art     : Starting a blocking GC Explicit
08-04 00:55:54.474 12701 12820 I FA      : App measurement initialized, version: 29027
08-04 00:55:54.474 12701 12820 I FA      : To enable debug logging run: adb shell setprop log.tag.FA VERBOSE
08-04 00:55:54.474 12701 12820 I FA      : To enable faster debug mode event logging run:
08-04 00:55:54.474 12701 12820 I FA      :   adb shell setprop debug.firebase.analytics.app com.google.android.play.games
08-04 00:55:54.484 11988 11999 I art     : Explicit concurrent mark sweep GC freed 180984(8MB) AllocSpace objects, 1(20KB) LOS objects, 24% free, 48MB/64MB, paused 707us total 59.611ms
08-04 00:55:54.499 11988 11999 I art     : Starting a blocking GC Explicit
08-04 00:55:54.545 11988 11999 I art     : Explicit concurrent mark sweep GC freed 37684(1757KB) AllocSpace objects, 0(0B) LOS objects, 24% free, 48MB/64MB, paused 862us total 44.883ms
08-04 00:55:54.559 11988 11999 I art     : Starting a blocking GC Explicit
08-04 00:55:54.605 11988 11999 I art     : Explicit concurrent mark sweep GC freed 31768(1522KB) AllocSpace objects, 0(0B) LOS objects, 24% free, 48MB/64MB, paused 887us total 45.100ms
08-04 00:55:54.619 11988 11999 I art     : Starting a blocking GC Explicit
08-04 00:55:54.638 12701 12856 I art     : Rejecting re-init on previously-failed class java.lang.Class<com.google.android.gms.org.conscrypt.Java7ExtendedSSLSession>
08-04 00:55:54.638 12701 12856 I art     : Rejecting re-init on previously-failed class java.lang.Class<com.google.android.gms.org.conscrypt.Java7ExtendedSSLSession>
08-04 00:55:54.641 12701 12856 I art     : Rejecting re-init on previously-failed class java.lang.Class<com.google.android.gms.org.conscrypt.Java8ExtendedSSLSession>
08-04 00:55:54.642 12701 12856 I art     : Rejecting re-init on previously-failed class java.lang.Class<com.google.android.gms.org.conscrypt.Java8ExtendedSSLSession>
08-04 00:55:54.665 11988 11999 I art     : Explicit concurrent mark sweep GC freed 30752(1443KB) AllocSpace objects, 0(0B) LOS objects, 24% free, 48MB/64MB, paused 905us total 45.416ms
08-04 00:55:54.679 12701 12856 I ProviderInstaller: Installed default security provider GmsCore_OpenSSL
08-04 00:55:54.679 11988 11999 I art     : Starting a blocking GC Explicit
08-04 00:55:54.690   918  3359 I AccountManagerService: getTypesVisibleToCaller: isPermitted? true
08-04 00:55:54.726 11988 11999 I art     : Explicit concurrent mark sweep GC freed 31445(1468KB) AllocSpace objects, 0(0B) LOS objects, 24% free, 49MB/65MB, paused 1.007ms total 46.085ms
08-04 00:55:54.761   918  3714 I AccountManagerService: getTypesVisibleToCaller: isPermitted? true
08-04 00:55:54.774 12701 12892 I DynamiteLoaderV2: [71] Cronetdynamite
08-04 00:55:54.775 12701 12892 E linker  : readlink('/proc/self/fd/32') failed: Permission denied [fd=32]
08-04 00:55:54.775 12701 12892 E linker  : warning: unable to get realpath for the library "/data/data/com.google.android.gms/app_chimera/m/00000038/oat/arm64/CronetDynamite.odex". Will use given name.
08-04 00:55:54.817 12701 12892 E linker  : readlink('/proc/self/fd/35') failed: Permission denied [fd=35]
08-04 00:55:54.817 12701 12892 E linker  : warning: unable to get realpath for the library "/data/data/com.google.android.gms/app_chimera/m/00000038/n/arm64-v8a/libcronet.83.0.4103.106.so". Will use given name.
08-04 00:55:54.834 12701 12892 I cr_CronetLibraryLoader: Cronet version: 83.0.4103.106, arch: aarch64
08-04 00:55:54.868   918  3696 D ConnectivityService: listenForNetwork for Listen from uid/pid:10064/12701 for NetworkRequest [ id=2485, legacyType=-1, [ Capabilities: INTERNET&NOT_RESTRICTED&TRUSTED] ]
08-04 00:55:55.024 11988 11999 I art     : Starting a blocking GC Explicit
08-04 00:55:55.090 11988 11999 I art     : Explicit concurrent mark sweep GC freed 188727(8MB) AllocSpace objects, 1(20KB) LOS objects, 23% free, 50MB/66MB, paused 1.013ms total 66.227ms
08-04 00:55:55.107 11988 11999 I art     : Starting a blocking GC Explicit
08-04 00:55:55.161 11988 11999 I art     : Explicit concurrent mark sweep GC freed 42898(2003KB) AllocSpace objects, 0(0B) LOS objects, 23% free, 50MB/66MB, paused 1.125ms total 53.564ms
08-04 00:55:55.178 11988 11999 I art     : Starting a blocking GC Explicit
08-04 00:55:55.186   518   646 I ThermalEngine: ACTION: GPU - Setting GPU[0] to 450000000
08-04 00:55:55.249 11988 11999 I art     : Explicit concurrent mark sweep GC freed 44570(2MB) AllocSpace objects, 0(0B) LOS objects, 23% free, 51MB/67MB, paused 1.439ms total 71.599ms
08-04 00:55:55.271 11988 11999 I art     : Starting a blocking GC Explicit
08-04 00:55:55.342 11988 11999 I art     : Explicit concurrent mark sweep GC freed 47999(2MB) AllocSpace objects, 0(0B) LOS objects, 23% free, 51MB/67MB, paused 1.441ms total 70.560ms
08-04 00:55:55.363 11988 11999 I art     : Starting a blocking GC Explicit
08-04 00:55:55.403 11988 12746 I Service : getCourses response time: 0.69
08-04 00:55:55.407 11988 11988 I SettingsManager: Getting string: savedCourse
08-04 00:55:55.431 11988 11999 I art     : Explicit concurrent mark sweep GC freed 39131(1887KB) AllocSpace objects, 0(0B) LOS objects, 23% free, 51MB/67MB, paused 949us total 68.185ms
08-04 00:55:55.572   918  4400 I AccountManagerService: getTypesVisibleToCaller: isPermitted? true
08-04 00:55:55.582   918  3359 I AccountManagerService: getTypesVisibleToCaller: isPermitted? true
08-04 00:55:55.671   918  6111 I AccountManagerService: getTypesVisibleToCaller: isPermitted? true
08-04 00:55:55.719 12689 12795 W DynamiteModule: Local module descriptor class for providerinstaller not found.
08-04 00:55:55.721 24365 25218 W ProviderHelper: Unknown dynamite feature providerinstaller
08-04 00:55:55.725 12689 12795 W ProviderInstaller: Failed to load providerinstaller module: No acceptable module found. Local version is 0 and remote version is 0.
08-04 00:55:55.742 11988 11999 I art     : Starting a blocking GC Explicit
08-04 00:55:55.801   918  5481 I AccountManagerService: getTypesVisibleToCaller: isPermitted? true
08-04 00:55:55.813 11988 11999 I art     : Explicit concurrent mark sweep GC freed 2389(118KB) AllocSpace objects, 2(15MB) LOS objects, 30% free, 36MB/52MB, paused 511us total 70.795ms
08-04 00:55:55.834 11988 11999 I art     : Starting a blocking GC Explicit
08-04 00:55:55.895 11988 11999 I art     : Explicit concurrent mark sweep GC freed 731(65KB) AllocSpace objects, 0(0B) LOS objects, 30% free, 36MB/52MB, paused 445us total 60.409ms
08-04 00:55:55.917 11988 11999 I art     : Starting a blocking GC Explicit
08-04 00:55:55.988 11988 11999 I art     : Explicit concurrent mark sweep GC freed 3(96B) AllocSpace objects, 0(0B) LOS objects, 30% free, 36MB/52MB, paused 539us total 70.610ms
08-04 00:55:56.011 11988 11999 I art     : Starting a blocking GC Explicit
08-04 00:55:56.089 11988 11999 I art     : Explicit concurrent mark sweep GC freed 3(96B) AllocSpace objects, 0(0B) LOS objects, 30% free, 36MB/52MB, paused 434us total 77.838ms
08-04 00:55:56.113 11988 11999 I art     : Starting a blocking GC Explicit
08-04 00:55:56.190 11988 11999 I art     : Explicit concurrent mark sweep GC freed 3(96B) AllocSpace objects, 0(0B) LOS objects, 30% free, 36MB/52MB, paused 460us total 76.781ms
08-04 00:55:56.561 11988 12000 I art     : Starting a blocking GC Explicit
08-04 00:55:56.650 11988 12000 I art     : Explicit concurrent mark sweep GC freed 1293(75KB) AllocSpace objects, 1(20KB) LOS objects, 30% free, 36MB/52MB, paused 485us total 89.056ms
08-04 00:55:56.674 11988 12000 I art     : Starting a blocking GC Explicit
08-04 00:55:56.746 11988 12000 I art     : Explicit concurrent mark sweep GC freed 18(624B) AllocSpace objects, 0(0B) LOS objects, 30% free, 36MB/52MB, paused 418us total 71.145ms
08-04 00:55:56.767 11988 12000 I art     : Starting a blocking GC Explicit
08-04 00:55:56.783 24365 28436 I NetworkScheduler.Stats: Task com.google.android.gms/com.google.android.gms.icing.service.IcingGcmTaskService started execution. cause:4 exec_start_elapsed_seconds: 1649160 [CONTEXT service_id=218 ]
08-04 00:55:56.787 24365 28436 I NetworkScheduler.Stats: Task com.google.android.gms/com.google.android.gms.icing.service.IcingGcmTaskService finished executing. cause:4 result: 1 elapsed_millis: 25 uptime_millis: 26 exec_start_elapsed_seconds: 1649160 [CONTEXT service_id=218 ]
08-04 00:55:56.823 11988 12000 I art     : Explicit concurrent mark sweep GC freed 3(96B) AllocSpace objects, 0(0B) LOS objects, 30% free, 36MB/52MB, paused 400us total 55.756ms
08-04 00:55:56.833 24365 28437 I NetworkScheduler.Stats: Task com.google.android.gms/com.google.android.gms.clearcut.uploader.QosUploaderService started execution. cause:5 exec_start_elapsed_seconds: 1649160 [CONTEXT service_id=218 ]
08-04 00:55:56.843 11988 12000 I art     : Starting a blocking GC Explicit
08-04 00:55:56.868 24365 28437 I NetworkScheduler.Stats: Task com.google.android.gms/com.google.android.gms.clearcut.uploader.QosUploaderService finished executing. cause:5 result: 1 elapsed_millis: 58 uptime_millis: 57 exec_start_elapsed_seconds: 1649160 [CONTEXT service_id=218 ]
08-04 00:55:56.898 11988 12000 I art     : Explicit concurrent mark sweep GC freed 3(96B) AllocSpace objects, 0(0B) LOS objects, 30% free, 36MB/52MB, paused 403us total 55.472ms
08-04 00:55:56.919 11988 12000 I art     : Starting a blocking GC Explicit
08-04 00:55:56.978 11988 12000 I art     : Explicit concurrent mark sweep GC freed 3(96B) AllocSpace objects, 0(0B) LOS objects, 30% free, 36MB/52MB, paused 462us total 58.751ms
08-04 00:55:57.318 11988 12007 I art     : Starting a blocking GC Explicit
08-04 00:55:57.414 11988 12007 I art     : Explicit concurrent mark sweep GC freed 1338(77KB) AllocSpace objects, 1(20KB) LOS objects, 30% free, 36MB/52MB, paused 522us total 95.103ms
08-04 00:55:57.439 11988 12007 I art     : Starting a blocking GC Explicit
08-04 00:55:57.513 11988 12007 I art     : Explicit concurrent mark sweep GC freed 24(848B) AllocSpace objects, 0(0B) LOS objects, 30% free, 36MB/52MB, paused 487us total 73.644ms
08-04 00:55:57.537 11988 12007 I art     : Starting a blocking GC Explicit
08-04 00:55:57.614 11988 12007 I art     : Explicit concurrent mark sweep GC freed 3(96B) AllocSpace objects, 0(0B) LOS objects, 30% free, 36MB/52MB, paused 484us total 76.657ms
08-04 00:55:57.638 11988 12007 I art     : Starting a blocking GC Explicit
08-04 00:55:57.714 11988 12007 I art     : Explicit concurrent mark sweep GC freed 3(96B) AllocSpace objects, 0(0B) LOS objects, 30% free, 36MB/52MB, paused 489us total 75.112ms
08-04 00:55:57.738 11988 12007 I art     : Starting a blocking GC Explicit
08-04 00:55:57.813 11988 12007 I art     : Explicit concurrent mark sweep GC freed 3(96B) AllocSpace objects, 0(0B) LOS objects, 30% free, 36MB/52MB, paused 466us total 74.556ms
08-04 00:55:58.186 11988 11999 I art     : Starting a blocking GC Explicit
08-04 00:55:58.260 11988 11999 I art     : Explicit concurrent mark sweep GC freed 1293(75KB) AllocSpace objects, 1(20KB) LOS objects, 30% free, 36MB/52MB, paused 457us total 74.406ms
08-04 00:55:58.285 11988 11999 I art     : Starting a blocking GC Explicit
08-04 00:55:58.352 11988 11999 I art     : Explicit concurrent mark sweep GC freed 18(624B) AllocSpace objects, 0(0B) LOS objects, 30% free, 36MB/52MB, paused 476us total 67.405ms
08-04 00:55:58.375 11988 11999 I art     : Starting a blocking GC Explicit
08-04 00:55:58.447 11988 11999 I art     : Explicit concurrent mark sweep GC freed 3(96B) AllocSpace objects, 0(0B) LOS objects, 30% free, 36MB/52MB, paused 490us total 71.858ms
08-04 00:55:58.471 11988 11999 I art     : Starting a blocking GC Explicit
08-04 00:55:58.545 11988 11999 I art     : Explicit concurrent mark sweep GC freed 3(96B) AllocSpace objects, 0(0B) LOS objects, 30% free, 36MB/52MB, paused 448us total 73.847ms
08-04 00:55:58.569 11988 11999 I art     : Starting a blocking GC Explicit
08-04 00:55:58.637 11988 11999 I art     : Explicit concurrent mark sweep GC freed 3(96B) AllocSpace objects, 0(0B) LOS objects, 30% free, 36MB/52MB, paused 580us total 67.988ms
08-04 00:55:58.645 12971 12971 D AndroidRuntime: >>>>>> START com.android.internal.os.RuntimeInit uid 2000 <<<<<<
08-04 00:55:58.651 12971 12971 D AndroidRuntime: CheckJNI is OFF
08-04 00:55:58.694 12971 12971 D ICU     : No timezone override file found: /data/misc/zoneinfo/current/icu/icu_tzdata.dat
08-04 00:55:58.739 12971 12971 I Radio-JNI: register_android_hardware_Radio DONE
08-04 00:55:58.769 12971 12971 D AndroidRuntime: Calling main entry com.android.commands.input.Input
08-04 00:55:58.773 12971 12971 I Input   : injectMotionEvent: MotionEvent { action=ACTION_DOWN, actionButton=0, id[0]=0, x[0]=558.0, y[0]=368.0, toolType[0]=TOOL_TYPE_UNKNOWN, buttonState=0, metaState=0, flags=0x0, edgeFlags=0x0, pointerCount=1, historySize=0, eventTime=665775185, downTime=665775185, deviceId=0, source=0x1002 }
08-04 00:55:58.784 12971 12971 I Input   : injectMotionEvent: MotionEvent { action=ACTION_UP, actionButton=0, id[0]=0, x[0]=558.0, y[0]=368.0, toolType[0]=TOOL_TYPE_UNKNOWN, buttonState=0, metaState=0, flags=0x0, edgeFlags=0x0, pointerCount=1, historySize=0, eventTime=665775185, downTime=665775185, deviceId=0, source=0x1002 }
08-04 00:55:58.786 12971 12971 D AndroidRuntime: Shutting down VM
08-04 00:55:58.953 11988 12007 I art     : Starting a blocking GC Explicit
08-04 00:55:59.020 11988 12007 I art     : Explicit concurrent mark sweep GC freed 2217(170KB) AllocSpace objects, 1(20KB) LOS objects, 30% free, 36MB/52MB, paused 421us total 66.518ms
08-04 00:55:59.042 11988 12007 I art     : Starting a blocking GC Explicit
08-04 00:55:59.105 11988 12007 I art     : Explicit concurrent mark sweep GC freed 81(4KB) AllocSpace objects, 0(0B) LOS objects, 30% free, 36MB/52MB, paused 433us total 61.824ms
08-04 00:55:59.127 11988 12007 I art     : Starting a blocking GC Explicit
08-04 00:55:59.192 11988 12007 I art     : Explicit concurrent mark sweep GC freed 297(13KB) AllocSpace objects, 0(0B) LOS objects, 30% free, 36MB/52MB, paused 549us total 65.404ms
08-04 00:55:59.193   518   646 I ThermalEngine: ACTION: GPU - Setting GPU[0] to 510000000
08-04 00:55:59.215 11988 12007 I art     : Starting a blocking GC Explicit
08-04 00:55:59.271 11988 12007 I art     : Explicit concurrent mark sweep GC freed 24(1104B) AllocSpace objects, 0(0B) LOS objects, 30% free, 36MB/52MB, paused 314us total 55.091ms
08-04 00:55:59.290 11988 12007 I art     : Starting a blocking GC Explicit
08-04 00:55:59.342 11988 12007 I art     : Explicit concurrent mark sweep GC freed 17(544B) AllocSpace objects, 0(0B) LOS objects, 30% free, 36MB/52MB, paused 436us total 52.350ms
08-04 00:55:59.384  4731  4731 I ServiceManager: Waiting for service AtCmdFwd...
08-04 00:55:59.655 11988 11999 I art     : Starting a blocking GC Explicit
08-04 00:55:59.728 11988 11999 I art     : Explicit concurrent mark sweep GC freed 1307(76KB) AllocSpace objects, 1(20KB) LOS objects, 30% free, 36MB/52MB, paused 442us total 72.893ms
08-04 00:55:59.728 12701 12820 W ConnectionTracker: Exception thrown while unbinding
08-04 00:55:59.728 12701 12820 W ConnectionTracker: java.lang.IllegalArgumentException: Service not registered: lu@60b7312
08-04 00:55:59.728 12701 12820 W ConnectionTracker: 	at android.app.LoadedApk.forgetServiceDispatcher(LoadedApk.java:1044)
08-04 00:55:59.728 12701 12820 W ConnectionTracker: 	at android.app.ContextImpl.unbindService(ContextImpl.java:1337)
08-04 00:55:59.728 12701 12820 W ConnectionTracker: 	at android.content.ContextWrapper.unbindService(ContextWrapper.java:616)
08-04 00:55:59.728 12701 12820 W ConnectionTracker: 	at cg.b(:com.google.android.gms.dynamite_measurementdynamite@202614048@20.26.14 (040400-0):1)
08-04 00:55:59.728 12701 12820 W ConnectionTracker: 	at cg.a(:com.google.android.gms.dynamite_measurementdynamite@202614048@20.26.14 (040400-0):6)
08-04 00:55:59.728 12701 12820 W ConnectionTracker: 	at lv.A(:com.google.android.gms.dynamite_measurementdynamite@202614048@20.26.14 (040400-0):10)
08-04 00:55:59.728 12701 12820 W ConnectionTracker: 	at lg.a(:com.google.android.gms.dynamite_measurementdynamite@202614048@20.26.14 (040400-0):3)
08-04 00:55:59.728 12701 12820 W ConnectionTracker: 	at dz.run(:com.google.android.gms.dynamite_measurementdynamite@202614048@20.26.14 (040400-0):3)
08-04 00:55:59.728 12701 12820 W ConnectionTracker: 	at java.util.concurrent.Executors$RunnableAdapter.call(Executors.java:423)
08-04 00:55:59.728 12701 12820 W ConnectionTracker: 	at java.util.concurrent.FutureTask.run(FutureTask.java:237)
08-04 00:55:59.728 12701 12820 W ConnectionTracker: 	at jb.run(:com.google.android.gms.dynamite_measurementdynamite@202614048@20.26.14 (040400-0):6)
08-04 00:55:59.747 11988 11999 I art     : Starting a blocking GC Explicit
08-04 00:55:59.807 11988 11999 I art     : Explicit concurrent mark sweep GC freed 18(624B) AllocSpace objects, 0(0B) LOS objects, 30% free, 36MB/52MB, paused 344us total 59.239ms
08-04 00:55:59.826 11988 11999 I art     : Starting a blocking GC Explicit
08-04 00:55:59.885 11988 11999 I art     : Explicit concurrent mark sweep GC freed 3(96B) AllocSpace objects, 0(0B) LOS objects, 30% free, 36MB/52MB, paused 350us total 59.515ms
08-04 00:55:59.905 11988 11999 I art     : Starting a blocking GC Explicit
08-04 00:55:59.964 11988 11999 I art     : Explicit concurrent mark sweep GC freed 3(96B) AllocSpace objects, 0(0B) LOS objects, 30% free, 36MB/52MB, paused 352us total 58.768ms
08-04 00:55:59.984 11988 11999 I art     : Starting a blocking GC Explicit
08-04 00:56:00.039 11988 11999 I art     : Explicit concurrent mark sweep GC freed 3(96B) AllocSpace objects, 0(0B) LOS objects, 30% free, 36MB/52MB, paused 366us total 55.569ms
08-04 00:56:00.325 11988 12007 I art     : Starting a blocking GC Explicit
08-04 00:56:00.385  4731  4731 I ServiceManager: Waiting for service AtCmdFwd...
08-04 00:56:00.386 11988 12007 I art     : Explicit concurrent mark sweep GC freed 1293(75KB) AllocSpace objects, 1(20KB) LOS objects, 30% free, 36MB/52MB, paused 365us total 60.594ms
08-04 00:56:00.405 11988 12007 I art     : Starting a blocking GC Explicit
08-04 00:56:00.435 13007 13007 D AndroidRuntime: >>>>>> START com.android.internal.os.RuntimeInit uid 2000 <<<<<<
08-04 00:56:00.440 13007 13007 D AndroidRuntime: CheckJNI is OFF
08-04 00:56:00.457 11988 12007 I art     : Explicit concurrent mark sweep GC freed 18(624B) AllocSpace objects, 0(0B) LOS objects, 30% free, 36MB/52MB, paused 373us total 52.596ms
08-04 00:56:00.475 11988 12007 I art     : Starting a blocking GC Explicit
08-04 00:56:00.478 13007 13007 D ICU     : No timezone override file found: /data/misc/zoneinfo/current/icu/icu_tzdata.dat
08-04 00:56:00.512 13007 13007 I Radio-JNI: register_android_hardware_Radio DONE
08-04 00:56:00.528 11988 12007 I art     : Explicit concurrent mark sweep GC freed 10(320B) AllocSpace objects, 0(0B) LOS objects, 30% free, 36MB/52MB, paused 407us total 52.443ms
08-04 00:56:00.534 13007 13007 D AndroidRuntime: Calling main entry com.android.commands.input.Input
08-04 00:56:00.537 13007 13007 I Input   : injectMotionEvent: MotionEvent { action=ACTION_DOWN, actionButton=0, id[0]=0, x[0]=945.0, y[0]=1376.0, toolType[0]=TOOL_TYPE_UNKNOWN, buttonState=0, metaState=0, flags=0x0, edgeFlags=0x0, pointerCount=1, historySize=0, eventTime=665776949, downTime=665776949, deviceId=0, source=0x1002 }
08-04 00:56:00.543 13007 13007 I Input   : injectMotionEvent: MotionEvent { action=ACTION_UP, actionButton=0, id[0]=0, x[0]=945.0, y[0]=1376.0, toolType[0]=TOOL_TYPE_UNKNOWN, buttonState=0, metaState=0, flags=0x0, edgeFlags=0x0, pointerCount=1, historySize=0, eventTime=665776949, downTime=665776949, deviceId=0, source=0x1002 }
08-04 00:56:00.545 11988 12007 I art     : Starting a blocking GC Explicit
08-04 00:56:00.546 13007 13007 D AndroidRuntime: Shutting down VM
08-04 00:56:00.598 11988 12007 I art     : Explicit concurrent mark sweep GC freed 32(1136B) AllocSpace objects, 0(0B) LOS objects, 30% free, 36MB/52MB, paused 340us total 52.137ms
08-04 00:56:00.612   512  2967 D audio_hw_primary: out_set_parameters: enter: usecase(1: low-latency-playback) kvpairs: routing=2
08-04 00:56:00.614 11988 12007 I art     : Starting a blocking GC Explicit
08-04 00:56:00.624   512  2967 D audio_hw_primary: select_devices: out_snd_device(2: speaker) in_snd_device(0: none)
08-04 00:56:00.624   512  2967 D msm8974_platform: platform_send_audio_calibration: sending audio calibration for snd_device(2) acdb_id(15)
08-04 00:56:00.625   512  2967 I soundtrigger: audio_extn_sound_trigger_update_device_status: device 0x2 of type 0 for Event 1
08-04 00:56:00.631 13866 13866 I GoogleInputMethodServic: GoogleInputMethodService.onFinishInput():3138 
08-04 00:56:00.632 13866 13866 I GoogleInputMethodServic: GoogleInputMethodService.onStartInput():1808 
08-04 00:56:00.636   512  2967 D audio_hw_primary: enable_snd_device: snd_device(2: speaker)
08-04 00:56:00.639   512  2967 D audio_hw_primary: enable_audio_route: apply and update mixer path: low-latency-playback speaker
08-04 00:56:00.642 13866 13866 I GoogleInputMethodServic: GoogleInputMethodService.onFinishInput():3138 
08-04 00:56:00.643 13866 13866 I GoogleInputMethodServic: GoogleInputMethodService.onStartInput():1808 
08-04 00:56:00.675 11988 12007 I art     : Explicit concurrent mark sweep GC freed 605(40KB) AllocSpace objects, 0(0B) LOS objects, 30% free, 36MB/52MB, paused 651us total 61.260ms
08-04 00:56:00.940 11988 11999 I art     : Starting a blocking GC Explicit
08-04 00:56:00.968 11988 12003 D OpenGLRenderer: endAllStagingAnimators on 0x7f804e3000 (ListPopupWindow$DropDownListView) with handle 0x7f79006620
08-04 00:56:00.993 11988 11999 I art     : Explicit concurrent mark sweep GC freed 1790(95KB) AllocSpace objects, 1(20KB) LOS objects, 30% free, 36MB/52MB, paused 363us total 53.337ms
08-04 00:56:01.011 11988 11999 I art     : Starting a blocking GC Explicit
08-04 00:56:01.063 11988 11999 I art     : Explicit concurrent mark sweep GC freed 715(63KB) AllocSpace objects, 0(0B) LOS objects, 30% free, 36MB/52MB, paused 346us total 51.579ms
08-04 00:56:01.080 11988 11999 I art     : Starting a blocking GC Explicit
08-04 00:56:01.137 11988 11999 I art     : Explicit concurrent mark sweep GC freed 547(37KB) AllocSpace objects, 0(0B) LOS objects, 30% free, 36MB/52MB, paused 413us total 56.936ms
08-04 00:56:01.156 11988 11999 I art     : Starting a blocking GC Explicit
08-04 00:56:01.178   512  2967 D audio_hw_primary: disable_audio_route: reset and update mixer path: low-latency-playback speaker
08-04 00:56:01.179   512  2967 D audio_hw_primary: disable_snd_device: snd_device(2: speaker)
08-04 00:56:01.187   512  2967 I soundtrigger: audio_extn_sound_trigger_update_device_status: device 0x2 of type 0 for Event 0
08-04 00:56:01.214 11988 11999 I art     : Explicit concurrent mark sweep GC freed 3(96B) AllocSpace objects, 0(0B) LOS objects, 30% free, 36MB/52MB, paused 377us total 58.219ms
08-04 00:56:01.233 11988 11999 I art     : Starting a blocking GC Explicit
08-04 00:56:01.287 11988 11999 I art     : Explicit concurrent mark sweep GC freed 3(96B) AllocSpace objects, 0(0B) LOS objects, 30% free, 36MB/52MB, paused 436us total 54.028ms
08-04 00:56:01.386  4731  4731 I ServiceManager: Waiting for service AtCmdFwd...
08-04 00:56:01.580 11988 12000 I art     : Starting a blocking GC Explicit
08-04 00:56:01.648 11988 12000 I art     : Explicit concurrent mark sweep GC freed 1293(75KB) AllocSpace objects, 1(20KB) LOS objects, 30% free, 36MB/52MB, paused 439us total 66.997ms
08-04 00:56:01.667 11988 12000 I art     : Starting a blocking GC Explicit
08-04 00:56:01.720 11988 12000 I art     : Explicit concurrent mark sweep GC freed 18(624B) AllocSpace objects, 0(0B) LOS objects, 30% free, 36MB/52MB, paused 346us total 52.937ms
08-04 00:56:01.739 11988 12000 I art     : Starting a blocking GC Explicit
08-04 00:56:01.796 11988 12000 I art     : Explicit concurrent mark sweep GC freed 3(96B) AllocSpace objects, 0(0B) LOS objects, 30% free, 36MB/52MB, paused 336us total 56.848ms
08-04 00:56:01.814 11988 12000 I art     : Starting a blocking GC Explicit
08-04 00:56:01.866 11988 12000 I art     : Explicit concurrent mark sweep GC freed 3(96B) AllocSpace objects, 0(0B) LOS objects, 30% free, 36MB/52MB, paused 338us total 52.112ms
08-04 00:56:01.883 11988 12000 I art     : Starting a blocking GC Explicit
08-04 00:56:01.936 11988 12000 I art     : Explicit concurrent mark sweep GC freed 3(96B) AllocSpace objects, 0(0B) LOS objects, 30% free, 36MB/52MB, paused 352us total 52.951ms
08-04 00:56:02.182 13055 13055 D AndroidRuntime: >>>>>> START com.android.internal.os.RuntimeInit uid 2000 <<<<<<
08-04 00:56:02.188 13055 13055 D AndroidRuntime: CheckJNI is OFF
08-04 00:56:02.217 11988 13032 I art     : Starting a blocking GC Explicit
08-04 00:56:02.222 13055 13055 D ICU     : No timezone override file found: /data/misc/zoneinfo/current/icu/icu_tzdata.dat
08-04 00:56:02.255 13055 13055 I Radio-JNI: register_android_hardware_Radio DONE
08-04 00:56:02.277 13055 13055 D AndroidRuntime: Calling main entry com.android.commands.input.Input
08-04 00:56:02.277 11988 13032 I art     : Explicit concurrent mark sweep GC freed 1293(75KB) AllocSpace objects, 1(20KB) LOS objects, 30% free, 36MB/52MB, paused 406us total 59.716ms
08-04 00:56:02.280 13055 13055 I Input   : injectMotionEvent: MotionEvent { action=ACTION_DOWN, actionButton=0, id[0]=0, x[0]=481.0, y[0]=544.0, toolType[0]=TOOL_TYPE_UNKNOWN, buttonState=0, metaState=0, flags=0x0, edgeFlags=0x0, pointerCount=1, historySize=0, eventTime=665778692, downTime=665778692, deviceId=0, source=0x1002 }
08-04 00:56:02.287 13055 13055 I Input   : injectMotionEvent: MotionEvent { action=ACTION_UP, actionButton=0, id[0]=0, x[0]=481.0, y[0]=544.0, toolType[0]=TOOL_TYPE_UNKNOWN, buttonState=0, metaState=0, flags=0x0, edgeFlags=0x0, pointerCount=1, historySize=0, eventTime=665778692, downTime=665778692, deviceId=0, source=0x1002 }
08-04 00:56:02.288 13055 13055 D AndroidRuntime: Shutting down VM
08-04 00:56:02.296 11988 13032 I art     : Starting a blocking GC Explicit
08-04 00:56:02.349 11988 13032 I art     : Explicit concurrent mark sweep GC freed 297(11KB) AllocSpace objects, 0(0B) LOS objects, 30% free, 36MB/52MB, paused 561us total 52.465ms
08-04 00:56:02.366 11988 13032 I art     : Starting a blocking GC Explicit
08-04 00:56:02.386  4731  4731 I ServiceManager: Waiting for service AtCmdFwd...
08-04 00:56:02.422 11988 13032 I art     : Explicit concurrent mark sweep GC freed 467(20KB) AllocSpace objects, 0(0B) LOS objects, 30% free, 36MB/52MB, paused 319us total 56.147ms
08-04 00:56:02.439 11988 13032 I art     : Starting a blocking GC Explicit
08-04 00:56:02.487 11988 13032 I art     : Explicit concurrent mark sweep GC freed 86(4KB) AllocSpace objects, 0(0B) LOS objects, 30% free, 36MB/52MB, paused 338us total 47.812ms
08-04 00:56:02.505 11988 13032 I art     : Starting a blocking GC Explicit
08-04 00:56:02.555 11988 13032 I art     : Explicit concurrent mark sweep GC freed 20(768B) AllocSpace objects, 0(0B) LOS objects, 30% free, 36MB/52MB, paused 306us total 50.245ms
08-04 00:56:02.837 11988 12000 I art     : Starting a blocking GC Explicit
08-04 00:56:02.900 11988 12000 I art     : Explicit concurrent mark sweep GC freed 1620(90KB) AllocSpace objects, 1(20KB) LOS objects, 30% free, 36MB/52MB, paused 333us total 62.396ms
08-04 00:56:02.919 11988 12000 I art     : Starting a blocking GC Explicit
08-04 00:56:02.971 11988 12000 I art     : Explicit concurrent mark sweep GC freed 34(1168B) AllocSpace objects, 0(0B) LOS objects, 30% free, 36MB/52MB, paused 323us total 51.970ms
08-04 00:56:02.990 11988 12000 I art     : Starting a blocking GC Explicit
08-04 00:56:03.042 11988 12000 I art     : Explicit concurrent mark sweep GC freed 6(224B) AllocSpace objects, 0(0B) LOS objects, 30% free, 36MB/52MB, paused 348us total 52.401ms
08-04 00:56:03.060 11988 12000 I art     : Starting a blocking GC Explicit
08-04 00:56:03.118 11988 12000 I art     : Explicit concurrent mark sweep GC freed 3(96B) AllocSpace objects, 0(0B) LOS objects, 30% free, 36MB/52MB, paused 362us total 58.633ms
08-04 00:56:03.137 11988 12000 I art     : Starting a blocking GC Explicit
08-04 00:56:03.196 11988 12000 I art     : Explicit concurrent mark sweep GC freed 3(96B) AllocSpace objects, 0(0B) LOS objects, 30% free, 36MB/52MB, paused 366us total 58.034ms
08-04 00:56:03.387  4731  4731 I ServiceManager: Waiting for service AtCmdFwd...
08-04 00:56:03.499 11988 11999 I art     : Starting a blocking GC Explicit
08-04 00:56:03.565 11988 11999 I art     : Explicit concurrent mark sweep GC freed 1293(75KB) AllocSpace objects, 1(20KB) LOS objects, 30% free, 36MB/52MB, paused 359us total 65.018ms
08-04 00:56:03.584 11988 11999 I art     : Starting a blocking GC Explicit
08-04 00:56:03.640 11988 11999 I art     : Explicit concurrent mark sweep GC freed 18(624B) AllocSpace objects, 0(0B) LOS objects, 30% free, 36MB/52MB, paused 342us total 56.556ms
08-04 00:56:03.658 11988 11999 I art     : Starting a blocking GC Explicit
08-04 00:56:03.714 11988 11999 I art     : Explicit concurrent mark sweep GC freed 3(96B) AllocSpace objects, 0(0B) LOS objects, 30% free, 36MB/52MB, paused 350us total 55.684ms
08-04 00:56:03.732 11988 11999 I art     : Starting a blocking GC Explicit
08-04 00:56:03.785 11988 11999 I art     : Explicit concurrent mark sweep GC freed 3(96B) AllocSpace objects, 0(0B) LOS objects, 30% free, 36MB/52MB, paused 353us total 52.840ms
08-04 00:56:03.804 11988 11999 I art     : Starting a blocking GC Explicit
08-04 00:56:03.857 11988 11999 I art     : Explicit concurrent mark sweep GC freed 3(96B) AllocSpace objects, 0(0B) LOS objects, 30% free, 36MB/52MB, paused 373us total 53.099ms
08-04 00:56:03.951 13100 13100 D AndroidRuntime: >>>>>> START com.android.internal.os.RuntimeInit uid 2000 <<<<<<
08-04 00:56:03.956 13100 13100 D AndroidRuntime: CheckJNI is OFF
08-04 00:56:03.996 13100 13100 D ICU     : No timezone override file found: /data/misc/zoneinfo/current/icu/icu_tzdata.dat
08-04 00:56:04.031 13100 13100 I Radio-JNI: register_android_hardware_Radio DONE
08-04 00:56:04.052 13100 13100 D AndroidRuntime: Calling main entry com.android.commands.input.Input
08-04 00:56:04.054 13100 13100 I Input   : injectMotionEvent: MotionEvent { action=ACTION_DOWN, actionButton=0, id[0]=0, x[0]=310.0, y[0]=906.0, toolType[0]=TOOL_TYPE_UNKNOWN, buttonState=0, metaState=0, flags=0x0, edgeFlags=0x0, pointerCount=1, historySize=0, eventTime=665780466, downTime=665780466, deviceId=0, source=0x1002 }
08-04 00:56:04.059 13100 13100 I Input   : injectMotionEvent: MotionEvent { action=ACTION_UP, actionButton=0, id[0]=0, x[0]=310.0, y[0]=906.0, toolType[0]=TOOL_TYPE_UNKNOWN, buttonState=0, metaState=0, flags=0x0, edgeFlags=0x0, pointerCount=1, historySize=0, eventTime=665780466, downTime=665780466, deviceId=0, source=0x1002 }
08-04 00:56:04.061 13100 13100 D AndroidRuntime: Shutting down VM
08-04 00:56:04.134   512  2967 D audio_hw_primary: out_set_parameters: enter: usecase(1: low-latency-playback) kvpairs: routing=2
08-04 00:56:04.147   512  2967 D audio_hw_primary: select_devices: out_snd_device(2: speaker) in_snd_device(0: none)
08-04 00:56:04.147   512  2967 D msm8974_platform: platform_send_audio_calibration: sending audio calibration for snd_device(2) acdb_id(15)
08-04 00:56:04.147   512  2967 I soundtrigger: audio_extn_sound_trigger_update_device_status: device 0x2 of type 0 for Event 1
08-04 00:56:04.149 11988 12007 I art     : Starting a blocking GC Explicit
08-04 00:56:04.152 13866 13866 I GoogleInputMethodServic: GoogleInputMethodService.onFinishInput():3138 
08-04 00:56:04.153 13866 13866 I GoogleInputMethodServic: GoogleInputMethodService.onStartInput():1808 
08-04 00:56:04.159   512  2967 D audio_hw_primary: enable_snd_device: snd_device(2: speaker)
08-04 00:56:04.161   512  2967 D audio_hw_primary: enable_audio_route: apply and update mixer path: low-latency-playback speaker
08-04 00:56:04.163 13866 13866 I GoogleInputMethodServic: GoogleInputMethodService.onFinishInput():3138 
08-04 00:56:04.164 13866 13866 I GoogleInputMethodServic: GoogleInputMethodService.onStartInput():1808 
08-04 00:56:04.213 11988 12007 I art     : Explicit concurrent mark sweep GC freed 2155(116KB) AllocSpace objects, 1(20KB) LOS objects, 30% free, 36MB/52MB, paused 670us total 63.690ms
08-04 00:56:04.230 11988 12007 I art     : Starting a blocking GC Explicit
08-04 00:56:04.281 11988 12007 I art     : Explicit concurrent mark sweep GC freed 206(7KB) AllocSpace objects, 0(0B) LOS objects, 30% free, 36MB/52MB, paused 419us total 50.861ms
08-04 00:56:04.297 11988 12007 I art     : Starting a blocking GC Explicit
08-04 00:56:04.346 11988 12007 I art     : Explicit concurrent mark sweep GC freed 660(60KB) AllocSpace objects, 0(0B) LOS objects, 30% free, 36MB/52MB, paused 381us total 48.593ms
08-04 00:56:04.363 11988 12007 I art     : Starting a blocking GC Explicit
08-04 00:56:04.387  4731  4731 W Atfwd_Sendcmd: AtCmdFwd service not published, waiting... retryCnt : 4
08-04 00:56:04.412 11988 12007 I art     : Explicit concurrent mark sweep GC freed 3(96B) AllocSpace objects, 0(0B) LOS objects, 30% free, 36MB/52MB, paused 342us total 49.161ms
08-04 00:56:04.429 11988 12007 I art     : Starting a blocking GC Explicit
08-04 00:56:04.479 11988 12007 I art     : Explicit concurrent mark sweep GC freed 6(192B) AllocSpace objects, 0(0B) LOS objects, 30% free, 36MB/52MB, paused 401us total 50.424ms
08-04 00:56:04.483 11988 12003 D OpenGLRenderer: endAllStagingAnimators on 0x7f99659c00 (ListPopupWindow$DropDownListView) with handle 0x7f79006620
08-04 00:56:04.708   512  2967 D audio_hw_primary: disable_audio_route: reset and update mixer path: low-latency-playback speaker
08-04 00:56:04.709   512  2967 D audio_hw_primary: disable_snd_device: snd_device(2: speaker)
08-04 00:56:04.716   512  2967 I soundtrigger: audio_extn_sound_trigger_update_device_status: device 0x2 of type 0 for Event 0
08-04 00:56:04.778 11988 11999 I art     : Starting a blocking GC Explicit
08-04 00:56:04.843 11988 11999 I art     : Explicit concurrent mark sweep GC freed 1410(80KB) AllocSpace objects, 1(20KB) LOS objects, 30% free, 36MB/52MB, paused 368us total 64.416ms
08-04 00:56:04.863 11988 11999 I art     : Starting a blocking GC Explicit
08-04 00:56:04.922 11988 11999 I art     : Explicit concurrent mark sweep GC freed 503(32KB) AllocSpace objects, 0(0B) LOS objects, 30% free, 36MB/52MB, paused 358us total 59.535ms
08-04 00:56:04.942 11988 11999 I art     : Starting a blocking GC Explicit
08-04 00:56:05.000 11988 11999 I art     : Explicit concurrent mark sweep GC freed 3(96B) AllocSpace objects, 0(0B) LOS objects, 30% free, 36MB/52MB, paused 471us total 57.619ms
08-04 00:56:05.020 11988 11999 I art     : Starting a blocking GC Explicit
08-04 00:56:05.078 11988 11999 I art     : Explicit concurrent mark sweep GC freed 3(96B) AllocSpace objects, 0(0B) LOS objects, 30% free, 36MB/52MB, paused 372us total 57.480ms
08-04 00:56:05.096 11988 11999 I art     : Starting a blocking GC Explicit
08-04 00:56:05.156 11988 11999 I art     : Explicit concurrent mark sweep GC freed 3(96B) AllocSpace objects, 0(0B) LOS objects, 30% free, 36MB/52MB, paused 356us total 59.730ms
08-04 00:56:05.207   518   646 I ThermalEngine: ACTION: GPU - Setting GPU[0] to 450000000
08-04 00:56:05.458 11988 12000 I art     : Starting a blocking GC Explicit
08-04 00:56:05.532 11988 12000 I art     : Explicit concurrent mark sweep GC freed 1293(75KB) AllocSpace objects, 1(20KB) LOS objects, 30% free, 36MB/52MB, paused 479us total 74.371ms
08-04 00:56:05.555 11988 12000 I art     : Starting a blocking GC Explicit
08-04 00:56:05.619 11988 12000 I art     : Explicit concurrent mark sweep GC freed 18(624B) AllocSpace objects, 0(0B) LOS objects, 30% free, 36MB/52MB, paused 475us total 63.615ms
08-04 00:56:05.642 11988 12000 I art     : Starting a blocking GC Explicit
08-04 00:56:05.710 11988 12000 I art     : Explicit concurrent mark sweep GC freed 3(96B) AllocSpace objects, 0(0B) LOS objects, 30% free, 36MB/52MB, paused 470us total 67.667ms
08-04 00:56:05.733 11988 12000 I art     : Starting a blocking GC Explicit
08-04 00:56:05.803 11988 12000 I art     : Explicit concurrent mark sweep GC freed 3(96B) AllocSpace objects, 0(0B) LOS objects, 30% free, 36MB/52MB, paused 477us total 70.011ms
08-04 00:56:05.826 11988 12000 I art     : Starting a blocking GC Explicit
08-04 00:56:05.853 13134 13134 D AndroidRuntime: >>>>>> START com.android.internal.os.RuntimeInit uid 2000 <<<<<<
08-04 00:56:05.859 13134 13134 D AndroidRuntime: CheckJNI is OFF
08-04 00:56:05.898 11988 12000 I art     : Explicit concurrent mark sweep GC freed 3(96B) AllocSpace objects, 0(0B) LOS objects, 30% free, 36MB/52MB, paused 501us total 71.252ms
08-04 00:56:05.905 13134 13134 D ICU     : No timezone override file found: /data/misc/zoneinfo/current/icu/icu_tzdata.dat
08-04 00:56:05.952 13134 13134 I Radio-JNI: register_android_hardware_Radio DONE
08-04 00:56:05.982 13134 13134 D AndroidRuntime: Calling main entry com.android.commands.input.Input
08-04 00:56:05.984 13134 13134 I Input   : injectMotionEvent: MotionEvent { action=ACTION_DOWN, actionButton=0, id[0]=0, x[0]=648.0, y[0]=709.0, toolType[0]=TOOL_TYPE_UNKNOWN, buttonState=0, metaState=0, flags=0x0, edgeFlags=0x0, pointerCount=1, historySize=0, eventTime=665782397, downTime=665782397, deviceId=0, source=0x1002 }
08-04 00:56:05.990 13134 13134 I Input   : injectMotionEvent: MotionEvent { action=ACTION_UP, actionButton=0, id[0]=0, x[0]=648.0, y[0]=709.0, toolType[0]=TOOL_TYPE_UNKNOWN, buttonState=0, metaState=0, flags=0x0, edgeFlags=0x0, pointerCount=1, historySize=0, eventTime=665782397, downTime=665782397, deviceId=0, source=0x1002 }
08-04 00:56:05.993 13134 13134 D AndroidRuntime: Shutting down VM
08-04 00:56:06.058   512  2967 D audio_hw_primary: out_set_parameters: enter: usecase(1: low-latency-playback) kvpairs: routing=2
08-04 00:56:06.071   512  2967 D audio_hw_primary: select_devices: out_snd_device(2: speaker) in_snd_device(0: none)
08-04 00:56:06.071   512  2967 D msm8974_platform: platform_send_audio_calibration: sending audio calibration for snd_device(2) acdb_id(15)
08-04 00:56:06.072   512  2967 I soundtrigger: audio_extn_sound_trigger_update_device_status: device 0x2 of type 0 for Event 1
08-04 00:56:06.083   512  2967 D audio_hw_primary: enable_snd_device: snd_device(2: speaker)
08-04 00:56:06.086   512  2967 D audio_hw_primary: enable_audio_route: apply and update mixer path: low-latency-playback speaker
08-04 00:56:06.207   518   646 I ThermalEngine: ACTION: GPU - Setting GPU[0] to 510000000
08-04 00:56:06.213 11988 12007 I art     : Starting a blocking GC Explicit
08-04 00:56:06.295 11988 12007 I art     : Explicit concurrent mark sweep GC freed 2060(133KB) AllocSpace objects, 2(40KB) LOS objects, 30% free, 36MB/52MB, paused 478us total 81.649ms
08-04 00:56:06.319 11988 12007 I art     : Starting a blocking GC Explicit
08-04 00:56:06.380 11988 12007 I art     : Explicit concurrent mark sweep GC freed 149(6KB) AllocSpace objects, 0(0B) LOS objects, 30% free, 36MB/52MB, paused 358us total 61.143ms
08-04 00:56:06.403 11988 12007 I art     : Starting a blocking GC Explicit
08-04 00:56:06.464 11988 12007 I art     : Explicit concurrent mark sweep GC freed 7(224B) AllocSpace objects, 0(0B) LOS objects, 30% free, 36MB/52MB, paused 344us total 61.104ms
08-04 00:56:06.486 11988 12007 I art     : Starting a blocking GC Explicit
08-04 00:56:06.547 11988 12007 I art     : Explicit concurrent mark sweep GC freed 5(192B) AllocSpace objects, 0(0B) LOS objects, 30% free, 36MB/52MB, paused 380us total 59.791ms
08-04 00:56:06.569 11988 12007 I art     : Starting a blocking GC Explicit
08-04 00:56:06.620   512  2967 D audio_hw_primary: disable_audio_route: reset and update mixer path: low-latency-playback speaker
08-04 00:56:06.622   512  2967 D audio_hw_primary: disable_snd_device: snd_device(2: speaker)
08-04 00:56:06.630   512  2967 I soundtrigger: audio_extn_sound_trigger_update_device_status: device 0x2 of type 0 for Event 0
08-04 00:56:06.638 11988 12007 I art     : Explicit concurrent mark sweep GC freed 5(160B) AllocSpace objects, 0(0B) LOS objects, 30% free, 36MB/52MB, paused 396us total 68.807ms
08-04 00:56:06.963 11988 12007 I art     : Starting a blocking GC Explicit
08-04 00:56:07.030 11988 12007 I art     : Explicit concurrent mark sweep GC freed 1294(75KB) AllocSpace objects, 1(20KB) LOS objects, 30% free, 36MB/52MB, paused 368us total 66.755ms
08-04 00:56:07.050 11988 12007 I art     : Starting a blocking GC Explicit
08-04 00:56:07.104 11988 12007 I art     : Explicit concurrent mark sweep GC freed 22(752B) AllocSpace objects, 0(0B) LOS objects, 30% free, 36MB/52MB, paused 358us total 54.639ms
08-04 00:56:07.124 11988 12007 I art     : Starting a blocking GC Explicit
08-04 00:56:07.182 11988 12007 I art     : Explicit concurrent mark sweep GC freed 3(96B) AllocSpace objects, 0(0B) LOS objects, 30% free, 36MB/52MB, paused 369us total 58.600ms
08-04 00:56:07.202 11988 12007 I art     : Starting a blocking GC Explicit
08-04 00:56:07.213   518   646 I ThermalEngine: ACTION: GPU - Setting GPU[0] to 450000000
08-04 00:56:07.268 11988 12007 I art     : Explicit concurrent mark sweep GC freed 3(96B) AllocSpace objects, 0(0B) LOS objects, 30% free, 36MB/52MB, paused 508us total 65.402ms
08-04 00:56:07.290 11988 12007 I art     : Starting a blocking GC Explicit
08-04 00:56:07.357 11988 12007 I art     : Explicit concurrent mark sweep GC freed 3(96B) AllocSpace objects, 0(0B) LOS objects, 30% free, 36MB/52MB, paused 468us total 66.453ms
08-04 00:56:07.675 11988 13032 I art     : Starting a blocking GC Explicit
08-04 00:56:07.762 11988 13032 I art     : Explicit concurrent mark sweep GC freed 1301(75KB) AllocSpace objects, 1(20KB) LOS objects, 30% free, 36MB/52MB, paused 465us total 86.564ms
08-04 00:56:07.782 13180 13180 D AndroidRuntime: >>>>>> START com.android.internal.os.RuntimeInit uid 2000 <<<<<<
08-04 00:56:07.789 13180 13180 D AndroidRuntime: CheckJNI is OFF
08-04 00:56:07.790 11988 13032 I art     : Starting a blocking GC Explicit
08-04 00:56:07.832 13180 13180 D ICU     : No timezone override file found: /data/misc/zoneinfo/current/icu/icu_tzdata.dat
08-04 00:56:07.859 11988 13032 I art     : Explicit concurrent mark sweep GC freed 30(1008B) AllocSpace objects, 0(0B) LOS objects, 30% free, 36MB/52MB, paused 486us total 68.588ms
08-04 00:56:07.880 11988 13032 I art     : Starting a blocking GC Explicit
08-04 00:56:07.885 13180 13180 I Radio-JNI: register_android_hardware_Radio DONE
08-04 00:56:07.913 13180 13180 D AndroidRuntime: Calling main entry com.android.commands.input.Input
08-04 00:56:07.915 13180 13180 I Input   : injectMotionEvent: MotionEvent { action=ACTION_DOWN, actionButton=0, id[0]=0, x[0]=1197.0, y[0]=1456.0, toolType[0]=TOOL_TYPE_UNKNOWN, buttonState=0, metaState=0, flags=0x0, edgeFlags=0x0, pointerCount=1, historySize=0, eventTime=665784327, downTime=665784327, deviceId=0, source=0x1002 }
08-04 00:56:07.922 13180 13180 I Input   : injectMotionEvent: MotionEvent { action=ACTION_UP, actionButton=0, id[0]=0, x[0]=1197.0, y[0]=1456.0, toolType[0]=TOOL_TYPE_UNKNOWN, buttonState=0, metaState=0, flags=0x0, edgeFlags=0x0, pointerCount=1, historySize=0, eventTime=665784327, downTime=665784327, deviceId=0, source=0x1002 }
08-04 00:56:07.923 13180 13180 D AndroidRuntime: Shutting down VM
08-04 00:56:07.937   512  2967 D audio_hw_primary: out_set_parameters: enter: usecase(1: low-latency-playback) kvpairs: routing=2
08-04 00:56:07.942 11988 13032 I art     : Explicit concurrent mark sweep GC freed 17(640B) AllocSpace objects, 0(0B) LOS objects, 30% free, 36MB/52MB, paused 450us total 62.183ms
08-04 00:56:07.950   512  2967 D audio_hw_primary: select_devices: out_snd_device(2: speaker) in_snd_device(0: none)
08-04 00:56:07.951   512  2967 D msm8974_platform: platform_send_audio_calibration: sending audio calibration for snd_device(2) acdb_id(15)
08-04 00:56:07.951   512  2967 I soundtrigger: audio_extn_sound_trigger_update_device_status: device 0x2 of type 0 for Event 1
08-04 00:56:07.961   512  2967 D audio_hw_primary: enable_snd_device: snd_device(2: speaker)
08-04 00:56:07.962   512  2967 D audio_hw_primary: enable_audio_route: apply and update mixer path: low-latency-playback speaker
08-04 00:56:07.964 11988 13032 I art     : Starting a blocking GC Explicit
08-04 00:56:07.998 11988 12003 D OpenGLRenderer: endAllStagingAnimators on 0x7f994ebc00 (RippleDrawable) with handle 0x7f7f7f8380
08-04 00:56:08.007 11988 11988 I SettingsManager: Setting string: savedCourse
08-04 00:56:08.015   918  3670 W BackupManagerService: dataChanged but no participant pkg='baseline.com.ak.uobtimetable' uid=10659
08-04 00:56:08.016   918  5952 I ActivityManager: START u0 {flg=0x4000000 cmp=baseline.com.ak.uobtimetable/.MainActivity (has extras)} from uid 10659 on display 0
08-04 00:56:08.024 11988 13032 I art     : Explicit concurrent mark sweep GC freed 2416(124KB) AllocSpace objects, 1(20KB) LOS objects, 30% free, 36MB/52MB, paused 496us total 60.134ms
08-04 00:56:08.028   918  3961 W InputMethodManagerService: Focus gain on non-focused client com.android.internal.view.IInputMethodClient$Stub$Proxy@55a5fd1 (uid=10659 pid=11988)
08-04 00:56:08.043 11988 11988 D MainActivity: OnDestroy
08-04 00:56:08.045 11988 13032 I art     : Starting a blocking GC Explicit
08-04 00:56:08.066 11988 11988 D MainActivity: onCreate
08-04 00:56:08.066 11988 11988 I SettingsManager: Getting string: savedSessions
08-04 00:56:08.066 11988 11988 I SettingsManager: Getting string: savedSessions
08-04 00:56:08.075 11988 11988 I SettingsManager: Getting string: savedSessionsCourseName
08-04 00:56:08.075 11988 11988 I SettingsManager: Getting string: savedSessionsCourseName
08-04 00:56:08.076 11988 11988 I SettingsManager: Getting string: savedSessionsDateRange
08-04 00:56:08.076 11988 11988 I SettingsManager: Getting string: savedSessionsDateRange
08-04 00:56:08.076 11988 11988 I Settings: 10 saved sessions - Bedfordshire International and EU Foundation Year - Int Foun - Ltn - Y0 Feb FT - Weeks: 24-38 (8 Jun 2020-20 Sep 2020)
08-04 00:56:08.116 11988 13032 I art     : Explicit concurrent mark sweep GC freed 8806(418KB) AllocSpace objects, 0(0B) LOS objects, 29% free, 38MB/54MB, paused 671us total 70.380ms
08-04 00:56:08.120 11988 11988 I SettingsManager: Getting string: savedCourse
08-04 00:56:08.121 11988 11988 D MainActivity: sessionListFragmentArg: updateSessions
08-04 00:56:08.121 11988 11988 D MainActivity: showTermDatesConfigChange: false
08-04 00:56:08.121 11988 11988 D MainActivity: showTermDatesShortcut: false
08-04 00:56:08.122 11988 11988 D MainActivity: Setting initial fragment: SessionListsFragment
08-04 00:56:08.124 11988 11988 I SettingsManager: Getting int: launchCount
08-04 00:56:08.125 11988 11988 D SessionListsFragment: onCreateView
08-04 00:56:08.130 11988 11988 I SettingsManager: Getting string: savedCourse
08-04 00:56:08.134 11988 11988 I SettingsManager: Getting string: savedSessions
08-04 00:56:08.144 11988 11988 D SessionListsFragment: loadArgument: updateSessions
08-04 00:56:08.144 11988 11988 D SessionListsFragment: initialIndex: -1
08-04 00:56:08.146 11988 13208 D HTTP    : Request for: https://uob-timetable-api.adriankeenan.co.uk/sessions?dept=CM010&course=BSAIFAAF%2F02AA%2F0%2FFT&level=Foundation+Year
08-04 00:56:08.161 11988 11988 D TermDatesFragment: WebView loaded
08-04 00:56:08.162 11988 11988 D MainActivity: OnResume
08-04 00:56:08.169 11988 11988 I TermDatesFragment: Webview load %: 10
08-04 00:56:08.263 13866 13866 I GoogleInputMethodServic: GoogleInputMethodService.onFinishInput():3138 
08-04 00:56:08.263   918   936 I ActivityManager: Displayed baseline.com.ak.uobtimetable/.MainActivity: +235ms
08-04 00:56:08.264 13866 13866 I GoogleInputMethodServic: GoogleInputMethodService.onStartInput():1808 
08-04 00:56:08.393 11988 11988 I TermDatesFragment: Webview load %: 70
08-04 00:56:08.395 11988 13208 I NAPPA_EXPERIMENTATION: MetricNetworkRequestExecutionTime: REQUEST_DURATION_SYSTEM='248',REQUEST_DURATION_OKHTTP='37',REQUEST_SYNCHRONOUS='TRUE',RESPONSE_CODE='200',RESPONSE_METHOD='GET',RESPONSE_LENGTH_OKHTTP='-1',RESPONSE_LENGTH_HEADER='1214',REQUEST_PROTOCOL='http/1.1',REQUEST_URL='https://uob-timetable-api.adriankeenan.co.uk/sessions?dept=CM010&course=BSAIFAAF%2F02AA%2F0%2FFT&level=Foundation+Year',
08-04 00:56:08.403 11988 11988 I TermDatesFragment: Webview load %: 100
08-04 00:56:08.404 11988 11988 I TermDatesFragment: Webview load %: 100
08-04 00:56:08.412 11988 13032 I art     : Starting a blocking GC Explicit
08-04 00:56:08.441 11988 13208 I HTTP    : Response was compressed.
08-04 00:56:08.456 11988 13208 I Service : getSessions response time: 1.10
08-04 00:56:08.457 11988 11988 I SettingsManager: Getting string: savedSessions
08-04 00:56:08.459 11988 11988 I SettingsManager: Getting string: savedSessions
08-04 00:56:08.472 11988 11988 I Service : Sessions updated: 10
08-04 00:56:08.472 11988 11988 I Service : Sessions removed from new list: 0
08-04 00:56:08.493 11988 13032 I art     : Explicit concurrent mark sweep GC freed 26283(1277KB) AllocSpace objects, 9(1632KB) LOS objects, 29% free, 37MB/53MB, paused 1.085ms total 80.884ms
08-04 00:56:08.498   512  2967 D audio_hw_primary: disable_audio_route: reset and update mixer path: low-latency-playback speaker
08-04 00:56:08.499 11988 11988 I SettingsManager: Setting string: savedSessions
08-04 00:56:08.499   512  2967 D audio_hw_primary: disable_snd_device: snd_device(2: speaker)
08-04 00:56:08.509   918  3714 W BackupManagerService: dataChanged but no participant pkg='baseline.com.ak.uobtimetable' uid=10659
08-04 00:56:08.510 11988 11988 I SettingsManager: Setting date: savedSessionsTime
08-04 00:56:08.511   512  2967 I soundtrigger: audio_extn_sound_trigger_update_device_status: device 0x2 of type 0 for Event 0
08-04 00:56:08.517 11988 13032 I art     : Starting a blocking GC Explicit
08-04 00:56:08.518   918  6111 W BackupManagerService: dataChanged but no participant pkg='baseline.com.ak.uobtimetable' uid=10659
08-04 00:56:08.518 11988 11988 I SettingsManager: Setting string: savedSessionsCourseName
08-04 00:56:08.525   918  6112 W BackupManagerService: dataChanged but no participant pkg='baseline.com.ak.uobtimetable' uid=10659
08-04 00:56:08.525 11988 11988 I SettingsManager: Setting string: savedSessionsDateRange
08-04 00:56:08.526   918  5481 W BackupManagerService: dataChanged but no participant pkg='baseline.com.ak.uobtimetable' uid=10659
08-04 00:56:08.526 11988 11988 I SettingsManager: Setting string: timetableUrl
08-04 00:56:08.526   918  5132 W BackupManagerService: dataChanged but no participant pkg='baseline.com.ak.uobtimetable' uid=10659
08-04 00:56:08.526 11988 11988 I SettingsManager: Getting boolean: notifySessionRemindersEnabled
08-04 00:56:08.527 11988 11988 I SettingsManager: Getting int: notifySessionRemindersMinutes
08-04 00:56:08.527 11988 11988 I SettingsManager: Getting boolean: showHiddenSessions
08-04 00:56:08.529 11988 11988 I SessionReminderNotifier: Created session reminder alarm for f7b4771250a919bd729c1c5a4a459c77 at Mon 08:30:00 10/08/20
08-04 00:56:08.531 11988 11988 I SessionReminderNotifier: Created session reminder alarm for a7f879aabdeb78622c8820a5fb7b64cd at Tue 08:30:00 04/08/20
08-04 00:56:08.533 11988 11988 I SessionReminderNotifier: Created session reminder alarm for 7bc8d7e2c2055711f597c3d9078c6ea3 at Tue 08:30:00 04/08/20
08-04 00:56:08.535 11988 11988 I SessionReminderNotifier: Created session reminder alarm for 53c0527a6f009a1f2fd223834d3bfe51 at Tue 10:30:00 04/08/20
08-04 00:56:08.538 11988 11988 I SessionReminderNotifier: Created session reminder alarm for e0fc978b5db8218778540b4053344581 at Tue 11:00:00 04/08/20
08-04 00:56:08.540 11988 11988 I SessionReminderNotifier: Created session reminder alarm for 199afb0100f329ff65a09e1b0cd9deba at Tue 11:30:00 04/08/20
08-04 00:56:08.542 11988 11988 I SessionReminderNotifier: Created session reminder alarm for 21712fef61090882c855a1425543edb5 at Tue 13:30:00 04/08/20
08-04 00:56:08.545 11988 11988 I SessionReminderNotifier: Created session reminder alarm for 65ca4d97f031f29a4d02bbb45a705d8f at Wed 08:30:00 05/08/20
08-04 00:56:08.548 11988 11988 I SessionReminderNotifier: Created session reminder alarm for eeda7741b0bcab58fd9f46dc6ef1d942 at Wed 08:30:00 05/08/20
08-04 00:56:08.550 11988 11988 I SessionReminderNotifier: Created session reminder alarm for c276c1b2075a0beb67f1b3d1e580f920 at Wed 11:00:00 05/08/20
08-04 00:56:08.553 11988 11988 I SessionReminderNotifier: Created session reminder alarm for 8b1f3627e42ae13a6f6ba0a83903dde1 at Wed 13:30:00 05/08/20
08-04 00:56:08.555 11988 11988 I SessionReminderNotifier: Created session reminder alarm for 79fe0b5c3b887a13ba29db5a33fa2800 at Thu 08:30:00 06/08/20
08-04 00:56:08.557 11988 11988 I SessionReminderNotifier: Created session reminder alarm for cb9dfc8231cdba2be0835dc5709690e1 at Thu 08:30:00 06/08/20
08-04 00:56:08.559 11988 11988 I SessionReminderNotifier: Created session reminder alarm for f850dc24d6de60b7b89fa9e1a8c224c5 at Thu 12:00:00 06/08/20
08-04 00:56:08.561 11988 11988 I SessionReminderNotifier: Created session reminder alarm for 2ba1034116e4fffdd592dbf0796a43d5 at Fri 08:30:00 07/08/20
08-04 00:56:08.561 11988 11988 I SettingsManager: Getting boolean: showHiddenSessions
08-04 00:56:08.561 11988 11988 D SessionListsFragment: 1 sessions for day 0
08-04 00:56:08.561 11988 11988 D SessionListsFragment: 6 sessions for day 1
08-04 00:56:08.561 11988 11988 D SessionListsFragment: 4 sessions for day 2
08-04 00:56:08.562 11988 11988 D SessionListsFragment: 3 sessions for day 3
08-04 00:56:08.562 11988 11988 D SessionListsFragment: 1 sessions for day 4
08-04 00:56:08.575 11988 13032 I art     : Explicit concurrent mark sweep GC freed 34771(1711KB) AllocSpace objects, 4(140KB) LOS objects, 30% free, 36MB/52MB, paused 862us total 57.514ms
08-04 00:56:08.595 11988 13032 I art     : Starting a blocking GC Explicit
08-04 00:56:08.612 11988 11988 I SettingsManager: Getting boolean: showHiddenSessions
08-04 00:56:08.613 11988 11988 D SessionListsFragment: Refreshed ViewPager
08-04 00:56:08.613 11988 11988 I SettingsManager: Getting boolean: showHiddenSessions
08-04 00:56:08.613 11988 11988 I SettingsManager: Getting boolean: completedTutorial
08-04 00:56:08.613 11988 11988 I SettingsManager: Getting boolean: showHiddenSessions
08-04 00:56:08.613 11988 11988 I SettingsManager: Getting date: savedSessionsTime
08-04 00:56:08.657 11988 13032 I art     : Explicit concurrent mark sweep GC freed 15729(679KB) AllocSpace objects, 0(0B) LOS objects, 30% free, 36MB/52MB, paused 1.293ms total 62.246ms
08-04 00:56:08.678 11988 13032 I art     : Starting a blocking GC Explicit
08-04 00:56:08.744 11988 13032 I art     : Explicit concurrent mark sweep GC freed 29452(1189KB) AllocSpace objects, 0(0B) LOS objects, 30% free, 36MB/52MB, paused 1.330ms total 66.485ms
08-04 00:56:08.767 11988 13032 I art     : Starting a blocking GC Explicit
08-04 00:56:08.835 11988 13032 I art     : Explicit concurrent mark sweep GC freed 25675(1054KB) AllocSpace objects, 0(0B) LOS objects, 30% free, 36MB/52MB, paused 1.282ms total 67.660ms
08-04 00:56:09.153 11988 12000 I art     : Starting a blocking GC Explicit
08-04 00:56:09.247 11988 12000 I art     : Explicit concurrent mark sweep GC freed 132455(5MB) AllocSpace objects, 1(20KB) LOS objects, 29% free, 37MB/53MB, paused 1.259ms total 93.859ms
08-04 00:56:09.270 11988 12000 I art     : Starting a blocking GC Explicit
08-04 00:56:09.350 11988 12000 I art     : Explicit concurrent mark sweep GC freed 37907(1690KB) AllocSpace objects, 0(0B) LOS objects, 29% free, 37MB/53MB, paused 1.515ms total 79.847ms
08-04 00:56:09.373 11988 12000 I art     : Starting a blocking GC Explicit
08-04 00:56:09.442 11988 11988 I Choreographer: Skipped 48 frames!  The application may be doing too much work on its main thread.
08-04 00:56:09.453 11988 12000 I art     : Explicit concurrent mark sweep GC freed 29618(1218KB) AllocSpace objects, 0(0B) LOS objects, 29% free, 37MB/53MB, paused 1.118ms total 79.223ms
08-04 00:56:09.475 11988 12000 I art     : Starting a blocking GC Explicit
08-04 00:56:09.541 11988 12000 I art     : Explicit concurrent mark sweep GC freed 1515(99KB) AllocSpace objects, 0(0B) LOS objects, 29% free, 37MB/53MB, paused 522us total 65.585ms
08-04 00:56:09.564 11988 12000 I art     : Starting a blocking GC Explicit
08-04 00:56:09.622 11988 12000 I art     : Explicit concurrent mark sweep GC freed 121766(11MB) AllocSpace objects, 3(136KB) LOS objects, 37% free, 26MB/42MB, paused 511us total 57.787ms
08-04 00:56:09.971 11988 13032 I art     : Starting a blocking GC Explicit
08-04 00:56:10.036 11988 13032 I art     : Explicit concurrent mark sweep GC freed 1517(85KB) AllocSpace objects, 1(20KB) LOS objects, 37% free, 26MB/42MB, paused 586us total 63.831ms
08-04 00:56:10.058 11988 13032 I art     : Starting a blocking GC Explicit
08-04 00:56:10.104 11988 13032 I art     : Explicit concurrent mark sweep GC freed 18(640B) AllocSpace objects, 0(0B) LOS objects, 37% free, 26MB/42MB, paused 549us total 45.872ms
08-04 00:56:10.121 11988 13032 I art     : Starting a blocking GC Explicit
08-04 00:56:10.166 11988 13032 I art     : Explicit concurrent mark sweep GC freed 3(96B) AllocSpace objects, 0(0B) LOS objects, 37% free, 26MB/42MB, paused 540us total 45.298ms
08-04 00:56:10.183 11988 13032 I art     : Starting a blocking GC Explicit
08-04 00:56:10.230 11988 13032 I art     : Explicit concurrent mark sweep GC freed 25(928B) AllocSpace objects, 0(0B) LOS objects, 37% free, 26MB/42MB, paused 514us total 46.873ms
08-04 00:56:10.247 11988 13032 I art     : Starting a blocking GC Explicit
08-04 00:56:10.288 11988 13032 I art     : Explicit concurrent mark sweep GC freed 35(1136B) AllocSpace objects, 0(0B) LOS objects, 37% free, 26MB/42MB, paused 515us total 40.995ms
08-04 00:56:10.625 11988 13032 I art     : Starting a blocking GC Explicit
08-04 00:56:10.686 11988 13032 I art     : Explicit concurrent mark sweep GC freed 1395(78KB) AllocSpace objects, 1(20KB) LOS objects, 37% free, 26MB/42MB, paused 576us total 60.184ms
08-04 00:56:10.705 11988 13032 I art     : Starting a blocking GC Explicit
08-04 00:56:10.752 11988 13032 I art     : Explicit concurrent mark sweep GC freed 18(624B) AllocSpace objects, 0(0B) LOS objects, 37% free, 26MB/42MB, paused 572us total 46.687ms
08-04 00:56:10.768 11988 13032 I art     : Starting a blocking GC Explicit
08-04 00:56:10.815 11988 13032 I art     : Explicit concurrent mark sweep GC freed 3(96B) AllocSpace objects, 0(0B) LOS objects, 37% free, 26MB/42MB, paused 507us total 46.180ms
08-04 00:56:10.831 11988 13032 I art     : Starting a blocking GC Explicit
08-04 00:56:10.878 11988 13032 I art     : Explicit concurrent mark sweep GC freed 3(96B) AllocSpace objects, 0(0B) LOS objects, 37% free, 26MB/42MB, paused 563us total 46.695ms
08-04 00:56:10.895 11988 13032 I art     : Starting a blocking GC Explicit
08-04 00:56:10.941 11988 13032 I art     : Explicit concurrent mark sweep GC freed 3(96B) AllocSpace objects, 0(0B) LOS objects, 37% free, 26MB/42MB, paused 509us total 45.925ms
08-04 00:56:11.269 11988 12000 I art     : Starting a blocking GC Explicit
08-04 00:56:11.330 11988 12000 I art     : Explicit concurrent mark sweep GC freed 1293(75KB) AllocSpace objects, 1(20KB) LOS objects, 37% free, 26MB/42MB, paused 597us total 60.678ms
08-04 00:56:11.349 11988 12000 I art     : Starting a blocking GC Explicit
08-04 00:56:11.395 11988 12000 I art     : Explicit concurrent mark sweep GC freed 18(624B) AllocSpace objects, 0(0B) LOS objects, 37% free, 26MB/42MB, paused 523us total 46.443ms
08-04 00:56:11.412 11988 12000 I art     : Starting a blocking GC Explicit
08-04 00:56:11.456 11988 12000 I art     : Explicit concurrent mark sweep GC freed 3(96B) AllocSpace objects, 0(0B) LOS objects, 37% free, 26MB/42MB, paused 500us total 43.697ms
08-04 00:56:11.473 11988 12000 I art     : Starting a blocking GC Explicit
08-04 00:56:11.519 11988 12000 I art     : Explicit concurrent mark sweep GC freed 3(96B) AllocSpace objects, 0(0B) LOS objects, 37% free, 26MB/42MB, paused 585us total 46.422ms
08-04 00:56:11.540 11988 12000 I art     : Starting a blocking GC Explicit
08-04 00:56:11.584 11988 12000 I art     : Explicit concurrent mark sweep GC freed 3(96B) AllocSpace objects, 0(0B) LOS objects, 37% free, 26MB/42MB, paused 531us total 44.298ms
08-04 00:56:11.906 11988 12007 I art     : Starting a blocking GC Explicit
08-04 00:56:11.958 11988 12007 I art     : Explicit concurrent mark sweep GC freed 1293(75KB) AllocSpace objects, 1(20KB) LOS objects, 37% free, 26MB/42MB, paused 569us total 50.933ms
08-04 00:56:11.976 11988 12007 I art     : Starting a blocking GC Explicit
08-04 00:56:12.024 11988 12007 I art     : Explicit concurrent mark sweep GC freed 23(784B) AllocSpace objects, 0(0B) LOS objects, 37% free, 26MB/42MB, paused 497us total 47.110ms
08-04 00:56:12.040 11988 12007 I art     : Starting a blocking GC Explicit
08-04 00:56:12.085 11988 12007 I art     : Explicit concurrent mark sweep GC freed 22(944B) AllocSpace objects, 0(0B) LOS objects, 37% free, 26MB/42MB, paused 496us total 44.638ms
08-04 00:56:12.102 11988 12007 I art     : Starting a blocking GC Explicit
08-04 00:56:12.148 11988 12007 I art     : Explicit concurrent mark sweep GC freed 3(96B) AllocSpace objects, 0(0B) LOS objects, 37% free, 26MB/42MB, paused 633us total 45.831ms
08-04 00:56:12.164 11988 12007 I art     : Starting a blocking GC Explicit
08-04 00:56:12.202 11988 12007 I art     : Explicit concurrent mark sweep GC freed 3(96B) AllocSpace objects, 0(0B) LOS objects, 37% free, 26MB/42MB, paused 452us total 38.366ms
08-04 00:56:12.220   518   646 I ThermalEngine: ACTION: GPU - Setting GPU[0] to 510000000
08-04 00:56:12.521 11988 12007 I art     : Starting a blocking GC Explicit
08-04 00:56:12.558 11988 12007 I art     : Explicit concurrent mark sweep GC freed 1306(76KB) AllocSpace objects, 1(20KB) LOS objects, 37% free, 26MB/42MB, paused 507us total 36.284ms
08-04 00:56:12.572 11988 12007 I art     : Starting a blocking GC Explicit
08-04 00:56:12.601 13272 13272 D AndroidRuntime: >>>>>> START com.android.internal.os.RuntimeInit uid 2000 <<<<<<
08-04 00:56:12.606 11988 12007 I art     : Explicit concurrent mark sweep GC freed 18(624B) AllocSpace objects, 0(0B) LOS objects, 37% free, 26MB/42MB, paused 364us total 33.785ms
08-04 00:56:12.607 13272 13272 D AndroidRuntime: CheckJNI is OFF
08-04 00:56:12.618 11988 12007 I art     : Starting a blocking GC Explicit
08-04 00:56:12.639 13272 13272 D ICU     : No timezone override file found: /data/misc/zoneinfo/current/icu/icu_tzdata.dat
08-04 00:56:12.649 11988 12007 I art     : Explicit concurrent mark sweep GC freed 6(144B) AllocSpace objects, 0(0B) LOS objects, 37% free, 26MB/42MB, paused 473us total 30.795ms
08-04 00:56:12.660 11988 12007 I art     : Starting a blocking GC Explicit
08-04 00:56:12.672 13272 13272 I Radio-JNI: register_android_hardware_Radio DONE
08-04 00:56:12.691 11988 12007 I art     : Explicit concurrent mark sweep GC freed 28(1120B) AllocSpace objects, 0(0B) LOS objects, 37% free, 26MB/42MB, paused 350us total 30.839ms
08-04 00:56:12.694 13272 13272 D AndroidRuntime: Calling main entry com.android.commands.input.Input
08-04 00:56:12.696 13272 13272 I Input   : injectMotionEvent: MotionEvent { action=ACTION_DOWN, actionButton=0, id[0]=0, x[0]=81.0, y[0]=176.0, toolType[0]=TOOL_TYPE_UNKNOWN, buttonState=0, metaState=0, flags=0x0, edgeFlags=0x0, pointerCount=1, historySize=0, eventTime=665789108, downTime=665789108, deviceId=0, source=0x1002 }
08-04 00:56:12.702 13272 13272 I Input   : injectMotionEvent: MotionEvent { action=ACTION_UP, actionButton=0, id[0]=0, x[0]=81.0, y[0]=176.0, toolType[0]=TOOL_TYPE_UNKNOWN, buttonState=0, metaState=0, flags=0x0, edgeFlags=0x0, pointerCount=1, historySize=0, eventTime=665789108, downTime=665789108, deviceId=0, source=0x1002 }
08-04 00:56:12.703 11988 12007 I art     : Starting a blocking GC Explicit
08-04 00:56:12.704 13272 13272 D AndroidRuntime: Shutting down VM
08-04 00:56:12.712   512  2967 D audio_hw_primary: out_set_parameters: enter: usecase(1: low-latency-playback) kvpairs: routing=2
08-04 00:56:12.725   512  2967 D audio_hw_primary: select_devices: out_snd_device(2: speaker) in_snd_device(0: none)
08-04 00:56:12.725   512  2967 D msm8974_platform: platform_send_audio_calibration: sending audio calibration for snd_device(2) acdb_id(15)
08-04 00:56:12.725   512  2967 I soundtrigger: audio_extn_sound_trigger_update_device_status: device 0x2 of type 0 for Event 1
08-04 00:56:12.735 11988 12007 I art     : Explicit concurrent mark sweep GC freed 93(2976B) AllocSpace objects, 0(0B) LOS objects, 37% free, 26MB/42MB, paused 433us total 31.287ms
08-04 00:56:12.735   512  2967 D audio_hw_primary: enable_snd_device: snd_device(2: speaker)
08-04 00:56:12.737   512  2967 D audio_hw_primary: enable_audio_route: apply and update mixer path: low-latency-playback speaker
08-04 00:56:12.742 13866 13866 I GoogleInputMethodServic: GoogleInputMethodService.onFinishInput():3138 
08-04 00:56:12.744 13866 13866 I GoogleInputMethodServic: GoogleInputMethodService.onStartInput():1808 
08-04 00:56:13.000 11988 13032 I art     : Starting a blocking GC Explicit
08-04 00:56:13.037 11988 13032 I art     : Explicit concurrent mark sweep GC freed 1663(94KB) AllocSpace objects, 1(20KB) LOS objects, 37% free, 26MB/42MB, paused 372us total 36.659ms
08-04 00:56:13.051 11988 13032 I art     : Starting a blocking GC Explicit
08-04 00:56:13.085 11988 13032 I art     : Explicit concurrent mark sweep GC freed 180(11KB) AllocSpace objects, 0(0B) LOS objects, 37% free, 26MB/42MB, paused 372us total 34.125ms
08-04 00:56:13.098 11988 13032 I art     : Starting a blocking GC Explicit
08-04 00:56:13.129 11988 13032 I art     : Explicit concurrent mark sweep GC freed 5(192B) AllocSpace objects, 0(0B) LOS objects, 37% free, 26MB/42MB, paused 408us total 30.751ms
08-04 00:56:13.141 11988 13032 I art     : Starting a blocking GC Explicit
08-04 00:56:13.174 11988 13032 I art     : Explicit concurrent mark sweep GC freed 6(192B) AllocSpace objects, 0(0B) LOS objects, 37% free, 26MB/42MB, paused 396us total 33.668ms
08-04 00:56:13.189 11988 13032 I art     : Starting a blocking GC Explicit
08-04 00:56:13.224 11988 13032 I art     : Explicit concurrent mark sweep GC freed 3(96B) AllocSpace objects, 0(0B) LOS objects, 37% free, 26MB/42MB, paused 359us total 34.082ms
08-04 00:56:13.278   512  2967 D audio_hw_primary: disable_audio_route: reset and update mixer path: low-latency-playback speaker
08-04 00:56:13.279   512  2967 D audio_hw_primary: disable_snd_device: snd_device(2: speaker)
08-04 00:56:13.288   512  2967 I soundtrigger: audio_extn_sound_trigger_update_device_status: device 0x2 of type 0 for Event 0
08-04 00:56:13.339   918  3261 D WifiStateMachine: starting scan for "H369AA63323"WPA_PSK with 2412,5180
08-04 00:56:13.531 11988 11999 I art     : Starting a blocking GC Explicit
08-04 00:56:13.576 11988 11999 I art     : Explicit concurrent mark sweep GC freed 1293(75KB) AllocSpace objects, 1(20KB) LOS objects, 37% free, 26MB/42MB, paused 398us total 44.362ms
08-04 00:56:13.588 12713 12874 W GrowthKit: Failed to fetch promotions.
08-04 00:56:13.588 12713 12874 W GrowthKit: ljk: DEADLINE_EXCEEDED: deadline exceeded after 19.940007136s. [buffered_nanos=517561302, remote_addr=/192.168.2.12:8080]
08-04 00:56:13.588 12713 12874 W GrowthKit: 	at lji.d(PG:31)
08-04 00:56:13.588 12713 12874 W GrowthKit: 	at llb.a(PG:28)
08-04 00:56:13.588 12713 12874 W GrowthKit: 	at lkt.a(PG:3)
08-04 00:56:13.588 12713 12874 W GrowthKit: 	at llo.run(PG:2)
08-04 00:56:13.588 12713 12874 W GrowthKit: 	at lrk.run(PG:10)
08-04 00:56:13.588 12713 12874 W GrowthKit: 	at java.util.concurrent.ThreadPoolExecutor.runWorker(ThreadPoolExecutor.java:1113)
08-04 00:56:13.588 12713 12874 W GrowthKit: 	at java.util.concurrent.ThreadPoolExecutor$Worker.run(ThreadPoolExecutor.java:588)
08-04 00:56:13.588 12713 12874 W GrowthKit: 	at java.lang.Thread.run(Thread.java:818)
08-04 00:56:13.593 11988 11999 I art     : Starting a blocking GC Explicit
08-04 00:56:13.597 12713 12874 E GrowthKit: job GrowthKitJobScheduler.PeriodicSyncJob failed
08-04 00:56:13.624 11988 11999 I art     : Explicit concurrent mark sweep GC freed 20(688B) AllocSpace objects, 0(0B) LOS objects, 37% free, 26MB/42MB, paused 326us total 30.330ms
08-04 00:56:13.635 11988 11999 I art     : Starting a blocking GC Explicit
08-04 00:56:13.664 11988 11999 I art     : Explicit concurrent mark sweep GC freed 3(96B) AllocSpace objects, 0(0B) LOS objects, 37% free, 26MB/42MB, paused 322us total 29.049ms
08-04 00:56:13.675 11988 11999 I art     : Starting a blocking GC Explicit
08-04 00:56:13.706 11988 11999 I art     : Explicit concurrent mark sweep GC freed 3(96B) AllocSpace objects, 0(0B) LOS objects, 37% free, 26MB/42MB, paused 364us total 31.267ms
08-04 00:56:13.719 11988 11999 I art     : Starting a blocking GC Explicit
08-04 00:56:13.752 11988 11999 I art     : Explicit concurrent mark sweep GC freed 3(96B) AllocSpace objects, 0(0B) LOS objects, 37% free, 26MB/42MB, paused 394us total 32.896ms
08-04 00:56:14.020 12689 12890 W GrowthKit: Failed to fetch promotions.
08-04 00:56:14.020 12689 12890 W GrowthKit: teh: DEADLINE_EXCEEDED: deadline exceeded after 19.973599583s. [buffered_nanos=399033073, remote_addr=/192.168.2.12:8080]
08-04 00:56:14.020 12689 12890 W GrowthKit: 	at tla.a(PG:9)
08-04 00:56:14.020 12689 12890 W GrowthKit: 	at tfo.a(PG:2)
08-04 00:56:14.020 12689 12890 W GrowthKit: 	at tgc.run(PG:4)
08-04 00:56:14.020 12689 12890 W GrowthKit: 	at tjb.run(PG:2)
08-04 00:56:14.020 12689 12890 W GrowthKit: 	at java.util.concurrent.ThreadPoolExecutor.runWorker(ThreadPoolExecutor.java:1113)
08-04 00:56:14.020 12689 12890 W GrowthKit: 	at java.util.concurrent.ThreadPoolExecutor$Worker.run(ThreadPoolExecutor.java:588)
08-04 00:56:14.020 12689 12890 W GrowthKit: 	at java.lang.Thread.run(Thread.java:818)
08-04 00:56:14.022 12689 12890 E GrowthKit: job GrowthKitJobScheduler.PeriodicSyncJob failed
08-04 00:56:14.031   918   929 I ActivityManager: Killing 7651:baseline.com.newsblur/u0a652 (adj 15): empty #17
08-04 00:56:14.031 11988 12007 I art     : Starting a blocking GC Explicit
08-04 00:56:14.063 11988 12007 I art     : Explicit concurrent mark sweep GC freed 1293(75KB) AllocSpace objects, 1(20KB) LOS objects, 37% free, 26MB/42MB, paused 346us total 31.814ms
08-04 00:56:14.074 11988 12007 I art     : Starting a blocking GC Explicit
08-04 00:56:14.105 11988 12007 I art     : Explicit concurrent mark sweep GC freed 18(624B) AllocSpace objects, 0(0B) LOS objects, 37% free, 26MB/42MB, paused 390us total 30.622ms
08-04 00:56:14.117 11988 12007 I art     : Starting a blocking GC Explicit
08-04 00:56:14.148 11988 12007 I art     : Explicit concurrent mark sweep GC freed 3(96B) AllocSpace objects, 0(0B) LOS objects, 37% free, 26MB/42MB, paused 348us total 31.050ms
08-04 00:56:14.159 11988 12007 I art     : Starting a blocking GC Explicit
08-04 00:56:14.190 11988 12007 I art     : Explicit concurrent mark sweep GC freed 3(96B) AllocSpace objects, 0(0B) LOS objects, 37% free, 26MB/42MB, paused 407us total 30.636ms
08-04 00:56:14.202 11988 12007 I art     : Starting a blocking GC Explicit
08-04 00:56:14.235 11988 12007 I art     : Explicit concurrent mark sweep GC freed 3(96B) AllocSpace objects, 0(0B) LOS objects, 37% free, 26MB/42MB, paused 350us total 33.036ms
08-04 00:56:14.361 13326 13326 D AndroidRuntime: >>>>>> START com.android.internal.os.RuntimeInit uid 2000 <<<<<<
08-04 00:56:14.368 13326 13326 D AndroidRuntime: CheckJNI is OFF
08-04 00:56:14.402 13326 13326 D ICU     : No timezone override file found: /data/misc/zoneinfo/current/icu/icu_tzdata.dat
08-04 00:56:14.434 13326 13326 I Radio-JNI: register_android_hardware_Radio DONE
08-04 00:56:14.454 13326 13326 D AndroidRuntime: Calling main entry com.android.commands.input.Input
08-04 00:56:14.456 13326 13326 I Input   : injectMotionEvent: MotionEvent { action=ACTION_DOWN, actionButton=0, id[0]=0, x[0]=436.0, y[0]=1770.0, toolType[0]=TOOL_TYPE_UNKNOWN, buttonState=0, metaState=0, flags=0x0, edgeFlags=0x0, pointerCount=1, historySize=0, eventTime=665790869, downTime=665790869, deviceId=0, source=0x1002 }
08-04 00:56:14.459 13326 13326 I Input   : injectMotionEvent: MotionEvent { action=ACTION_UP, actionButton=0, id[0]=0, x[0]=436.0, y[0]=1770.0, toolType[0]=TOOL_TYPE_UNKNOWN, buttonState=0, metaState=0, flags=0x0, edgeFlags=0x0, pointerCount=1, historySize=0, eventTime=665790869, downTime=665790869, deviceId=0, source=0x1002 }
08-04 00:56:14.461 13326 13326 D AndroidRuntime: Shutting down VM
08-04 00:56:14.476 11988 11988 D MainActivity: NavigationItemSelected: Courses
08-04 00:56:14.478   918  3359 I ActivityManager: START u0 {cmp=baseline.com.ak.uobtimetable/.CourseListActivity} from uid 10659 on display 0
08-04 00:56:14.480   512  2967 D audio_hw_primary: out_set_parameters: enter: usecase(1: low-latency-playback) kvpairs: routing=2
08-04 00:56:14.493   512  2967 D audio_hw_primary: select_devices: out_snd_device(2: speaker) in_snd_device(0: none)
08-04 00:56:14.493   512  2967 D msm8974_platform: platform_send_audio_calibration: sending audio calibration for snd_device(2) acdb_id(15)
08-04 00:56:14.493   512  2967 I soundtrigger: audio_extn_sound_trigger_update_device_status: device 0x2 of type 0 for Event 1
08-04 00:56:14.501 11988 11988 D MainActivity: OnPause
08-04 00:56:14.505   512  2967 D audio_hw_primary: enable_snd_device: snd_device(2: speaker)
08-04 00:56:14.507   512  2967 D audio_hw_primary: enable_audio_route: apply and update mixer path: low-latency-playback speaker
08-04 00:56:14.521 11988 13032 I art     : Starting a blocking GC Explicit
08-04 00:56:14.533 11988 11988 D CourseListActivity: onCreate
08-04 00:56:14.535 11988 13354 D HTTP    : Request for: https://uob-timetable-api.adriankeenan.co.uk/courses
08-04 00:56:14.554 11988 13032 I art     : Explicit concurrent mark sweep GC freed 3772(209KB) AllocSpace objects, 1(20KB) LOS objects, 37% free, 26MB/42MB, paused 478us total 33ms
08-04 00:56:14.566 11988 13032 I art     : Starting a blocking GC Explicit
08-04 00:56:14.597 11988 13032 I art     : Explicit concurrent mark sweep GC freed 737(40KB) AllocSpace objects, 0(0B) LOS objects, 37% free, 26MB/42MB, paused 727us total 31.133ms
08-04 00:56:14.603   918   936 I ActivityManager: Displayed baseline.com.ak.uobtimetable/.CourseListActivity: +102ms
08-04 00:56:14.604 13866 13866 I GoogleInputMethodServic: GoogleInputMethodService.onFinishInput():3138 
08-04 00:56:14.604 13866 13866 I GoogleInputMethodServic: GoogleInputMethodService.onStartInput():1808 
08-04 00:56:14.609 11988 13032 I art     : Starting a blocking GC Explicit
08-04 00:56:14.642 11988 13032 I art     : Explicit concurrent mark sweep GC freed 132(7KB) AllocSpace objects, 0(0B) LOS objects, 37% free, 26MB/42MB, paused 393us total 32.663ms
08-04 00:56:14.654 11988 13032 I art     : Starting a blocking GC Explicit
08-04 00:56:14.686 11988 13032 I art     : Explicit concurrent mark sweep GC freed 2178(119KB) AllocSpace objects, 3(200KB) LOS objects, 37% free, 26MB/42MB, paused 561us total 31.973ms
08-04 00:56:14.697 11988 13032 I art     : Starting a blocking GC Explicit
08-04 00:56:14.721 11988 13354 I NAPPA_EXPERIMENTATION: MetricNetworkRequestExecutionTime: REQUEST_DURATION_SYSTEM='185',REQUEST_DURATION_OKHTTP='29',REQUEST_SYNCHRONOUS='TRUE',RESPONSE_CODE='200',RESPONSE_METHOD='GET',RESPONSE_LENGTH_OKHTTP='-1',RESPONSE_LENGTH_HEADER='-2',REQUEST_PROTOCOL='http/1.1',REQUEST_URL='https://uob-timetable-api.adriankeenan.co.uk/courses',
08-04 00:56:14.728 11988 13032 I art     : Explicit concurrent mark sweep GC freed 1262(137KB) AllocSpace objects, 0(0B) LOS objects, 37% free, 26MB/42MB, paused 387us total 29.964ms
08-04 00:56:14.933 12701 12823 W GrowthKit: Failed to fetch promotions.
08-04 00:56:14.933 12701 12823 W GrowthKit: rjp: DEADLINE_EXCEEDED: deadline exceeded after 19.940375156s. [remote_addr=null]
08-04 00:56:14.933 12701 12823 W GrowthKit: 	at rjn.a(PG:31)
08-04 00:56:14.933 12701 12823 W GrowthKit: 	at rwd.a(PG:6)
08-04 00:56:14.933 12701 12823 W GrowthKit: 	at rlw.a(PG:23)
08-04 00:56:14.933 12701 12823 W GrowthKit: 	at rln.a(PG:3)
08-04 00:56:14.933 12701 12823 W GrowthKit: 	at rmk.run(PG:2)
08-04 00:56:14.933 12701 12823 W GrowthKit: 	at rsm.run(PG:10)
08-04 00:56:14.933 12701 12823 W GrowthKit: 	at java.util.concurrent.ThreadPoolExecutor.runWorker(ThreadPoolExecutor.java:1113)
08-04 00:56:14.933 12701 12823 W GrowthKit: 	at java.util.concurrent.ThreadPoolExecutor$Worker.run(ThreadPoolExecutor.java:588)
08-04 00:56:14.933 12701 12823 W GrowthKit: 	at foi.run(Unknown Source)
08-04 00:56:14.933 12701 12823 W GrowthKit: 	at java.lang.Thread.run(Thread.java:818)
08-04 00:56:14.935 12701 12823 E GrowthKit: job GrowthKitJobScheduler.PeriodicSyncJob failed
08-04 00:56:14.943   918  3696 I ActivityManager: Killing 7799:com.google.android.apps.gcs/u0a11 (adj 15): empty #17
08-04 00:56:14.988   918  3262 D WifiService: Client connection lost with reason: 4
08-04 00:56:14.993 11988 13032 I art     : Starting a blocking GC Explicit
08-04 00:56:15.012 11988 11988 D MainActivity: Saving state
08-04 00:56:15.012 11988 11988 D MainActivity: Saving current fragment: SessionListsFragment
08-04 00:56:15.012 11988 11988 D MainActivity: Saving current index: 1
08-04 00:56:15.012 11988 11988 D SessionListsFragment: Saving state
08-04 00:56:15.023 11988 13032 I art     : Explicit concurrent mark sweep GC freed 193(8KB) AllocSpace objects, 0(0B) LOS objects, 24% free, 48MB/64MB, paused 411us total 29.909ms
08-04 00:56:15.035 11988 13032 I art     : Starting a blocking GC Explicit
08-04 00:56:15.058   512  2967 D audio_hw_primary: disable_audio_route: reset and update mixer path: low-latency-playback speaker
08-04 00:56:15.059   512  2967 D audio_hw_primary: disable_snd_device: snd_device(2: speaker)
08-04 00:56:15.064 11988 13032 I art     : Explicit concurrent mark sweep GC freed 42(1568B) AllocSpace objects, 0(0B) LOS objects, 24% free, 48MB/64MB, paused 391us total 28.770ms
08-04 00:56:15.064 11988 11998 I art     : WaitForGcToComplete blocked for 28.244ms for cause HeapTrim
08-04 00:56:15.067   512  2967 I soundtrigger: audio_extn_sound_trigger_update_device_status: device 0x2 of type 0 for Event 0
08-04 00:56:15.075 11988 13032 I art     : Starting a blocking GC Explicit
08-04 00:56:15.102 11988 13354 I HTTP    : Response was compressed.
08-04 00:56:15.105 11988 13032 I art     : Explicit concurrent mark sweep GC freed 664(31KB) AllocSpace objects, 0(0B) LOS objects, 20% free, 63MB/79MB, paused 541us total 30.084ms
08-04 00:56:15.116 11988 13032 I art     : Starting a blocking GC Explicit
08-04 00:56:15.155 11988 13032 I art     : Explicit concurrent mark sweep GC freed 22550(1045KB) AllocSpace objects, 2(22MB) LOS objects, 27% free, 41MB/57MB, paused 677us total 38.057ms
08-04 00:56:15.168 11988 13032 I art     : Starting a blocking GC Explicit
08-04 00:56:15.203 11988 13032 I art     : Explicit concurrent mark sweep GC freed 27859(1303KB) AllocSpace objects, 0(0B) LOS objects, 27% free, 41MB/57MB, paused 650us total 34.292ms
08-04 00:56:15.488 11988 12000 I art     : Starting a blocking GC Explicit
08-04 00:56:15.540 11988 12000 I art     : Explicit concurrent mark sweep GC freed 177777(8MB) AllocSpace objects, 1(20KB) LOS objects, 26% free, 43MB/59MB, paused 582us total 51.493ms
08-04 00:56:15.555 11988 12000 I art     : Starting a blocking GC Explicit
08-04 00:56:15.594 11988 12000 I art     : Explicit concurrent mark sweep GC freed 34160(1599KB) AllocSpace objects, 0(0B) LOS objects, 26% free, 43MB/59MB, paused 749us total 38.858ms
08-04 00:56:15.607 11988 12000 I art     : Starting a blocking GC Explicit
08-04 00:56:15.648 11988 12000 I art     : Explicit concurrent mark sweep GC freed 29381(1387KB) AllocSpace objects, 0(0B) LOS objects, 26% free, 43MB/59MB, paused 762us total 40.443ms
08-04 00:56:15.662 11988 12000 I art     : Starting a blocking GC Explicit
08-04 00:56:15.703 11988 12000 I art     : Explicit concurrent mark sweep GC freed 29607(1403KB) AllocSpace objects, 0(0B) LOS objects, 26% free, 43MB/59MB, paused 821us total 40.596ms
08-04 00:56:15.716 11988 12000 I art     : Starting a blocking GC Explicit
08-04 00:56:15.758 11988 12000 I art     : Explicit concurrent mark sweep GC freed 29826(1410KB) AllocSpace objects, 0(0B) LOS objects, 26% free, 44MB/60MB, paused 834us total 41.338ms
08-04 00:56:15.931 12701 12892 I cr_CronetUrlRequestContext: destroyNativeStreamLocked org.chromium.net.impl.CronetBidirectionalStream@b14123f
08-04 00:56:16.050 11988 13032 I art     : Starting a blocking GC Explicit
08-04 00:56:16.110 11988 13032 I art     : Explicit concurrent mark sweep GC freed 178121(8MB) AllocSpace objects, 1(20KB) LOS objects, 25% free, 45MB/61MB, paused 714us total 59.581ms
08-04 00:56:16.127 11988 13032 I art     : Starting a blocking GC Explicit
08-04 00:56:16.172 11988 13032 I art     : Explicit concurrent mark sweep GC freed 36494(1700KB) AllocSpace objects, 0(0B) LOS objects, 25% free, 45MB/61MB, paused 916us total 44.752ms
08-04 00:56:16.186 11988 13032 I art     : Starting a blocking GC Explicit
08-04 00:56:16.232 11988 13032 I art     : Explicit concurrent mark sweep GC freed 32943(1540KB) AllocSpace objects, 0(0B) LOS objects, 25% free, 45MB/61MB, paused 909us total 45.578ms
08-04 00:56:16.247 11988 13032 I art     : Starting a blocking GC Explicit
08-04 00:56:16.293 11988 13032 I art     : Explicit concurrent mark sweep GC freed 32764(1546KB) AllocSpace objects, 0(0B) LOS objects, 25% free, 46MB/62MB, paused 904us total 45.858ms
08-04 00:56:16.307 11988 13032 I art     : Starting a blocking GC Explicit
08-04 00:56:16.354 11988 13032 I art     : Explicit concurrent mark sweep GC freed 32969(1576KB) AllocSpace objects, 0(0B) LOS objects, 25% free, 46MB/62MB, paused 926us total 46.321ms
08-04 00:56:16.646 11988 13032 I art     : Starting a blocking GC Explicit
08-04 00:56:16.717 11988 13032 I art     : Explicit concurrent mark sweep GC freed 188209(8MB) AllocSpace objects, 1(20KB) LOS objects, 24% free, 48MB/64MB, paused 808us total 70.814ms
08-04 00:56:16.733 11988 13032 I art     : Starting a blocking GC Explicit
08-04 00:56:16.784 11988 13032 I art     : Explicit concurrent mark sweep GC freed 41919(1970KB) AllocSpace objects, 0(0B) LOS objects, 24% free, 48MB/64MB, paused 931us total 50.502ms
08-04 00:56:16.799 11988 13032 I art     : Starting a blocking GC Explicit
08-04 00:56:16.850 11988 13032 I art     : Explicit concurrent mark sweep GC freed 36531(1714KB) AllocSpace objects, 0(0B) LOS objects, 24% free, 48MB/64MB, paused 1.036ms total 51.126ms
08-04 00:56:16.867 11988 13032 I art     : Starting a blocking GC Explicit
08-04 00:56:16.920 11988 13032 I art     : Explicit concurrent mark sweep GC freed 36930(1738KB) AllocSpace objects, 0(0B) LOS objects, 24% free, 48MB/64MB, paused 1.026ms total 52.880ms
08-04 00:56:16.936 11988 13032 I art     : Starting a blocking GC Explicit
08-04 00:56:16.989 11988 13032 I art     : Explicit concurrent mark sweep GC freed 36206(1757KB) AllocSpace objects, 0(0B) LOS objects, 24% free, 48MB/64MB, paused 1.045ms total 53.389ms
08-04 00:56:17.230   518   646 I ThermalEngine: ACTION: GPU - Setting GPU[0] to 450000000
08-04 00:56:17.297 11988 12000 I art     : Starting a blocking GC Explicit
08-04 00:56:17.386 11988 12000 I art     : Explicit concurrent mark sweep GC freed 198762(9MB) AllocSpace objects, 1(20KB) LOS objects, 23% free, 50MB/66MB, paused 1.185ms total 88.414ms
08-04 00:56:17.409 11988 12000 I art     : Starting a blocking GC Explicit
08-04 00:56:17.480 11988 12000 I art     : Explicit concurrent mark sweep GC freed 57464(2MB) AllocSpace objects, 0(0B) LOS objects, 23% free, 50MB/66MB, paused 1.470ms total 70.091ms
08-04 00:56:17.503 11988 12000 I art     : Starting a blocking GC Explicit
08-04 00:56:17.578 11988 12000 I art     : Explicit concurrent mark sweep GC freed 51445(2MB) AllocSpace objects, 0(0B) LOS objects, 23% free, 51MB/67MB, paused 1.648ms total 74.576ms
08-04 00:56:17.599 11988 12000 I art     : Starting a blocking GC Explicit
08-04 00:56:17.675 11988 12000 I art     : Explicit concurrent mark sweep GC freed 51722(2MB) AllocSpace objects, 0(0B) LOS objects, 23% free, 51MB/67MB, paused 1.610ms total 74.918ms
08-04 00:56:17.696 11988 12000 I art     : Starting a blocking GC Explicit
08-04 00:56:17.774 11988 12000 I art     : Explicit concurrent mark sweep GC freed 52704(2MB) AllocSpace objects, 0(0B) LOS objects, 23% free, 52MB/68MB, paused 1.645ms total 77.341ms
08-04 00:56:17.916 11988 13354 I Service : getCourses response time: 0.69
08-04 00:56:17.932 11988 11988 I SettingsManager: Getting string: savedCourse
08-04 00:56:18.089 11988 13032 I art     : Starting a blocking GC Explicit
08-04 00:56:18.189 11988 13032 I art     : Explicit concurrent mark sweep GC freed 82538(3MB) AllocSpace objects, 2(15MB) LOS objects, 29% free, 37MB/53MB, paused 566us total 99.822ms
08-04 00:56:18.213 11988 13032 I art     : Starting a blocking GC Explicit
08-04 00:56:18.293 11988 13032 I art     : Explicit concurrent mark sweep GC freed 787(68KB) AllocSpace objects, 0(0B) LOS objects, 29% free, 37MB/53MB, paused 557us total 79.919ms
08-04 00:56:18.319 11988 13032 I art     : Starting a blocking GC Explicit
08-04 00:56:18.395 11988 13032 I art     : Explicit concurrent mark sweep GC freed 3(96B) AllocSpace objects, 0(0B) LOS objects, 29% free, 37MB/53MB, paused 543us total 75.830ms
08-04 00:56:18.420 11988 13032 I art     : Starting a blocking GC Explicit
08-04 00:56:18.503 11988 13032 I art     : Explicit concurrent mark sweep GC freed 3(96B) AllocSpace objects, 0(0B) LOS objects, 29% free, 37MB/53MB, paused 552us total 83.458ms
08-04 00:56:18.529 11988 13032 I art     : Starting a blocking GC Explicit
08-04 00:56:18.612 11988 13032 I art     : Explicit concurrent mark sweep GC freed 3(96B) AllocSpace objects, 0(0B) LOS objects, 29% free, 37MB/53MB, paused 559us total 82.468ms
08-04 00:56:18.982 11988 12007 I art     : Starting a blocking GC Explicit
08-04 00:56:19.081 11988 12007 I art     : Explicit concurrent mark sweep GC freed 1293(75KB) AllocSpace objects, 1(20KB) LOS objects, 29% free, 37MB/53MB, paused 545us total 99.092ms
08-04 00:56:19.106 11988 12007 I art     : Starting a blocking GC Explicit
08-04 00:56:19.190 11988 12007 I art     : Explicit concurrent mark sweep GC freed 18(624B) AllocSpace objects, 0(0B) LOS objects, 29% free, 37MB/53MB, paused 558us total 83.695ms
08-04 00:56:19.216 11988 12007 I art     : Starting a blocking GC Explicit
08-04 00:56:19.299 11988 12007 I art     : Explicit concurrent mark sweep GC freed 3(96B) AllocSpace objects, 0(0B) LOS objects, 29% free, 37MB/53MB, paused 565us total 82.709ms
08-04 00:56:19.324 11988 12007 I art     : Starting a blocking GC Explicit
08-04 00:56:19.405 11988 12007 I art     : Explicit concurrent mark sweep GC freed 3(96B) AllocSpace objects, 0(0B) LOS objects, 29% free, 37MB/53MB, paused 557us total 80.460ms
08-04 00:56:19.430 11988 12007 I art     : Starting a blocking GC Explicit
08-04 00:56:19.513 11988 12007 I art     : Explicit concurrent mark sweep GC freed 3(96B) AllocSpace objects, 0(0B) LOS objects, 29% free, 37MB/53MB, paused 552us total 82.454ms
08-04 00:56:19.877 11988 11999 I art     : Starting a blocking GC Explicit
08-04 00:56:19.974 11988 11999 I art     : Explicit concurrent mark sweep GC freed 1296(75KB) AllocSpace objects, 1(20KB) LOS objects, 29% free, 37MB/53MB, paused 605us total 96.905ms
08-04 00:56:20.001 11988 11999 I art     : Starting a blocking GC Explicit
08-04 00:56:20.072 11988 11999 I art     : Explicit concurrent mark sweep GC freed 18(624B) AllocSpace objects, 0(0B) LOS objects, 29% free, 37MB/53MB, paused 480us total 70.039ms
08-04 00:56:20.095 11988 11999 I art     : Starting a blocking GC Explicit
08-04 00:56:20.161 11988 11999 I art     : Explicit concurrent mark sweep GC freed 3(96B) AllocSpace objects, 0(0B) LOS objects, 29% free, 37MB/53MB, paused 495us total 66.073ms
08-04 00:56:20.161 11988 11998 I art     : WaitForGcToComplete blocked for 56.067ms for cause HeapTrim
08-04 00:56:20.184 11988 11999 I art     : Starting a blocking GC Explicit
08-04 00:56:20.235   518   646 I ThermalEngine: ACTION: GPU - Setting GPU[0] to 510000000
08-04 00:56:20.258 11988 11999 I art     : Explicit concurrent mark sweep GC freed 3(96B) AllocSpace objects, 0(0B) LOS objects, 29% free, 37MB/53MB, paused 572us total 73.710ms
08-04 00:56:20.282 11988 11999 I art     : Starting a blocking GC Explicit
08-04 00:56:20.346 11988 11999 I art     : Explicit concurrent mark sweep GC freed 3(96B) AllocSpace objects, 0(0B) LOS objects, 29% free, 37MB/53MB, paused 402us total 63.580ms
08-04 00:56:20.680 11988 13032 I art     : Starting a blocking GC Explicit
08-04 00:56:20.755 11988 13032 I art     : Explicit concurrent mark sweep GC freed 1293(75KB) AllocSpace objects, 1(20KB) LOS objects, 29% free, 37MB/53MB, paused 396us total 74.126ms
08-04 00:56:20.774 11988 13032 I art     : Starting a blocking GC Explicit
08-04 00:56:20.835 11988 13032 I art     : Explicit concurrent mark sweep GC freed 18(624B) AllocSpace objects, 0(0B) LOS objects, 29% free, 37MB/53MB, paused 379us total 60.072ms
08-04 00:56:20.853 11988 13032 I art     : Starting a blocking GC Explicit
08-04 00:56:20.913 11988 13032 I art     : Explicit concurrent mark sweep GC freed 3(96B) AllocSpace objects, 0(0B) LOS objects, 29% free, 37MB/53MB, paused 406us total 59.391ms
08-04 00:56:20.932 11988 13032 I art     : Starting a blocking GC Explicit
08-04 00:56:20.990 11988 13032 I art     : Explicit concurrent mark sweep GC freed 3(96B) AllocSpace objects, 0(0B) LOS objects, 29% free, 37MB/53MB, paused 395us total 57.146ms
08-04 00:56:21.009 11988 13032 I art     : Starting a blocking GC Explicit
08-04 00:56:21.067 11988 13032 I art     : Explicit concurrent mark sweep GC freed 3(96B) AllocSpace objects, 0(0B) LOS objects, 29% free, 37MB/53MB, paused 397us total 57.298ms
08-04 00:56:21.145 13451 13451 D AndroidRuntime: >>>>>> START com.android.internal.os.RuntimeInit uid 2000 <<<<<<
08-04 00:56:21.151 13451 13451 D AndroidRuntime: CheckJNI is OFF
08-04 00:56:21.184 13451 13451 D ICU     : No timezone override file found: /data/misc/zoneinfo/current/icu/icu_tzdata.dat
08-04 00:56:21.218 13451 13451 I Radio-JNI: register_android_hardware_Radio DONE
08-04 00:56:21.239 13451 13451 D AndroidRuntime: Calling main entry com.android.commands.input.Input
08-04 00:56:21.241 13451 13451 I Input   : injectMotionEvent: MotionEvent { action=ACTION_DOWN, actionButton=0, id[0]=0, x[0]=648.0, y[0]=709.0, toolType[0]=TOOL_TYPE_UNKNOWN, buttonState=0, metaState=0, flags=0x0, edgeFlags=0x0, pointerCount=1, historySize=0, eventTime=665797654, downTime=665797654, deviceId=0, source=0x1002 }
08-04 00:56:21.246 13451 13451 I Input   : injectMotionEvent: MotionEvent { action=ACTION_UP, actionButton=0, id[0]=0, x[0]=648.0, y[0]=709.0, toolType[0]=TOOL_TYPE_UNKNOWN, buttonState=0, metaState=0, flags=0x0, edgeFlags=0x0, pointerCount=1, historySize=0, eventTime=665797654, downTime=665797654, deviceId=0, source=0x1002 }
08-04 00:56:21.248 13451 13451 D AndroidRuntime: Shutting down VM
08-04 00:56:21.313   512  2967 D audio_hw_primary: out_set_parameters: enter: usecase(1: low-latency-playback) kvpairs: routing=2
08-04 00:56:21.326   512  2967 D audio_hw_primary: select_devices: out_snd_device(2: speaker) in_snd_device(0: none)
08-04 00:56:21.326   512  2967 D msm8974_platform: platform_send_audio_calibration: sending audio calibration for snd_device(2) acdb_id(15)
08-04 00:56:21.327   512  2967 I soundtrigger: audio_extn_sound_trigger_update_device_status: device 0x2 of type 0 for Event 1
08-04 00:56:21.338   512  2967 D audio_hw_primary: enable_snd_device: snd_device(2: speaker)
08-04 00:56:21.340   512  2967 D audio_hw_primary: enable_audio_route: apply and update mixer path: low-latency-playback speaker
08-04 00:56:21.363 11988 11999 I art     : Starting a blocking GC Explicit
08-04 00:56:21.429 11988 11999 I art     : Explicit concurrent mark sweep GC freed 2051(133KB) AllocSpace objects, 2(40KB) LOS objects, 29% free, 37MB/53MB, paused 423us total 65.561ms
08-04 00:56:21.450 11988 11999 I art     : Starting a blocking GC Explicit
08-04 00:56:21.519 11988 11999 I art     : Explicit concurrent mark sweep GC freed 147(6KB) AllocSpace objects, 0(0B) LOS objects, 29% free, 37MB/53MB, paused 366us total 69.041ms
08-04 00:56:21.543 11988 11999 I art     : Starting a blocking GC Explicit
08-04 00:56:21.614 11988 11999 I art     : Explicit concurrent mark sweep GC freed 5(160B) AllocSpace objects, 0(0B) LOS objects, 29% free, 37MB/53MB, paused 475us total 70.987ms
08-04 00:56:21.637 11988 11999 I art     : Starting a blocking GC Explicit
08-04 00:56:21.705 11988 11999 I art     : Explicit concurrent mark sweep GC freed 3(96B) AllocSpace objects, 0(0B) LOS objects, 29% free, 37MB/53MB, paused 450us total 67.440ms
08-04 00:56:21.729 11988 11999 I art     : Starting a blocking GC Explicit
08-04 00:56:21.801 11988 11999 I art     : Explicit concurrent mark sweep GC freed 9(320B) AllocSpace objects, 0(0B) LOS objects, 29% free, 37MB/53MB, paused 359us total 72.057ms
08-04 00:56:21.892   512  2967 D audio_hw_primary: disable_audio_route: reset and update mixer path: low-latency-playback speaker
08-04 00:56:21.894   512  2967 D audio_hw_primary: disable_snd_device: snd_device(2: speaker)
08-04 00:56:21.904   512  2967 I soundtrigger: audio_extn_sound_trigger_update_device_status: device 0x2 of type 0 for Event 0
08-04 00:56:22.127 11988 12000 I art     : Starting a blocking GC Explicit
08-04 00:56:22.195 11988 12000 I art     : Explicit concurrent mark sweep GC freed 1333(77KB) AllocSpace objects, 1(20KB) LOS objects, 29% free, 37MB/53MB, paused 409us total 67.776ms
08-04 00:56:22.215 11988 12000 I art     : Starting a blocking GC Explicit
08-04 00:56:22.217   918  3188 I hubconnection: sensorhub said: 'set_bias 3: -6.2400, 0.0000, 0.0000'
08-04 00:56:22.279 11988 12000 I art     : Explicit concurrent mark sweep GC freed 22(752B) AllocSpace objects, 0(0B) LOS objects, 29% free, 37MB/53MB, paused 404us total 64.305ms
08-04 00:56:22.299 11988 12000 I art     : Starting a blocking GC Explicit
08-04 00:56:22.364 11988 12000 I art     : Explicit concurrent mark sweep GC freed 3(96B) AllocSpace objects, 0(0B) LOS objects, 29% free, 37MB/53MB, paused 412us total 64.363ms
08-04 00:56:22.384 11988 12000 I art     : Starting a blocking GC Explicit
08-04 00:56:22.449 11988 12000 I art     : Explicit concurrent mark sweep GC freed 3(96B) AllocSpace objects, 0(0B) LOS objects, 29% free, 37MB/53MB, paused 409us total 64.614ms
08-04 00:56:22.470 11988 12000 I art     : Starting a blocking GC Explicit
08-04 00:56:22.531 11988 12000 I art     : Explicit concurrent mark sweep GC freed 3(96B) AllocSpace objects, 0(0B) LOS objects, 29% free, 37MB/53MB, paused 401us total 60.976ms
08-04 00:56:22.824 11988 12007 I art     : Starting a blocking GC Explicit
08-04 00:56:22.890 11988 12007 I art     : Explicit concurrent mark sweep GC freed 1293(75KB) AllocSpace objects, 1(20KB) LOS objects, 29% free, 37MB/53MB, paused 432us total 65.158ms
08-04 00:56:22.905 13484 13484 D AndroidRuntime: >>>>>> START com.android.internal.os.RuntimeInit uid 2000 <<<<<<
08-04 00:56:22.910 11988 12007 I art     : Starting a blocking GC Explicit
08-04 00:56:22.910 13484 13484 D AndroidRuntime: CheckJNI is OFF
08-04 00:56:22.942 13484 13484 D ICU     : No timezone override file found: /data/misc/zoneinfo/current/icu/icu_tzdata.dat
08-04 00:56:22.965 11988 12007 I art     : Explicit concurrent mark sweep GC freed 20(688B) AllocSpace objects, 0(0B) LOS objects, 29% free, 37MB/53MB, paused 421us total 54.815ms
08-04 00:56:22.981 13484 13484 I Radio-JNI: register_android_hardware_Radio DONE
08-04 00:56:22.984 11988 12007 I art     : Starting a blocking GC Explicit
08-04 00:56:23.003 13484 13484 D AndroidRuntime: Calling main entry com.android.commands.input.Input
08-04 00:56:23.005 13484 13484 I Input   : injectMotionEvent: MotionEvent { action=ACTION_DOWN, actionButton=0, id[0]=0, x[0]=1197.0, y[0]=1456.0, toolType[0]=TOOL_TYPE_UNKNOWN, buttonState=0, metaState=0, flags=0x0, edgeFlags=0x0, pointerCount=1, historySize=0, eventTime=665799418, downTime=665799418, deviceId=0, source=0x1002 }
08-04 00:56:23.011 13484 13484 I Input   : injectMotionEvent: MotionEvent { action=ACTION_UP, actionButton=0, id[0]=0, x[0]=1197.0, y[0]=1456.0, toolType[0]=TOOL_TYPE_UNKNOWN, buttonState=0, metaState=0, flags=0x0, edgeFlags=0x0, pointerCount=1, historySize=0, eventTime=665799418, downTime=665799418, deviceId=0, source=0x1002 }
08-04 00:56:23.012 13484 13484 D AndroidRuntime: Shutting down VM
08-04 00:56:23.022   512  2967 D audio_hw_primary: out_set_parameters: enter: usecase(1: low-latency-playback) kvpairs: routing=2
08-04 00:56:23.035   512  2967 D audio_hw_primary: select_devices: out_snd_device(2: speaker) in_snd_device(0: none)
08-04 00:56:23.035   512  2967 D msm8974_platform: platform_send_audio_calibration: sending audio calibration for snd_device(2) acdb_id(15)
08-04 00:56:23.035   512  2967 I soundtrigger: audio_extn_sound_trigger_update_device_status: device 0x2 of type 0 for Event 1
08-04 00:56:23.041 11988 12007 I art     : Explicit concurrent mark sweep GC freed 294(14KB) AllocSpace objects, 0(0B) LOS objects, 29% free, 37MB/53MB, paused 450us total 56.995ms
08-04 00:56:23.048   512  2967 D audio_hw_primary: enable_snd_device: snd_device(2: speaker)
08-04 00:56:23.050 11988 12003 D OpenGLRenderer: endAllStagingAnimators on 0x7f995e9c00 (RippleDrawable) with handle 0x7f7f9931a0
08-04 00:56:23.051   512  2967 D audio_hw_primary: enable_audio_route: apply and update mixer path: low-latency-playback speaker
08-04 00:56:23.059 11988 11988 I SettingsManager: Setting string: savedCourse
08-04 00:56:23.060   918  3670 W BackupManagerService: dataChanged but no participant pkg='baseline.com.ak.uobtimetable' uid=10659
08-04 00:56:23.060   918  3696 I ActivityManager: START u0 {flg=0x4000000 cmp=baseline.com.ak.uobtimetable/.MainActivity (has extras)} from uid 10659 on display 0
08-04 00:56:23.062 11988 12007 I art     : Starting a blocking GC Explicit
08-04 00:56:23.075   918  4413 W InputMethodManagerService: Focus gain on non-focused client com.android.internal.view.IInputMethodClient$Stub$Proxy@55a5fd1 (uid=10659 pid=11988)
08-04 00:56:23.085 11988 11988 D MainActivity: OnDestroy
08-04 00:56:23.103 11988 11988 D MainActivity: onCreate
08-04 00:56:23.103 11988 11988 I SettingsManager: Getting string: savedSessions
08-04 00:56:23.103 11988 11988 I SettingsManager: Getting string: savedSessions
08-04 00:56:23.111 11988 11988 I SettingsManager: Getting string: savedSessionsCourseName
08-04 00:56:23.112 11988 11988 I SettingsManager: Getting string: savedSessionsCourseName
08-04 00:56:23.112 11988 11988 I SettingsManager: Getting string: savedSessionsDateRange
08-04 00:56:23.112 11988 11988 I SettingsManager: Getting string: savedSessionsDateRange
08-04 00:56:23.112 11988 11988 I Settings: 15 saved sessions - Artificial Intelligence and Robotics (with Foundation Year) - BSc (Hons) - Ltn - Y0 Feb FT - Weeks: 24-38 (8 Jun 2020-20 Sep 2020)
08-04 00:56:23.123 11988 12007 I art     : Explicit concurrent mark sweep GC freed 11375(523KB) AllocSpace objects, 0(0B) LOS objects, 29% free, 37MB/53MB, paused 628us total 60.930ms
08-04 00:56:23.142 11988 12007 I art     : Starting a blocking GC Explicit
08-04 00:56:23.144 11988 11988 I SettingsManager: Getting string: savedCourse
08-04 00:56:23.145 11988 11988 D MainActivity: sessionListFragmentArg: updateSessions
08-04 00:56:23.145 11988 11988 D MainActivity: showTermDatesConfigChange: false
08-04 00:56:23.145 11988 11988 D MainActivity: showTermDatesShortcut: false
08-04 00:56:23.146 11988 11988 D MainActivity: Setting initial fragment: SessionListsFragment
08-04 00:56:23.146 11988 11988 I SettingsManager: Getting int: launchCount
08-04 00:56:23.147 11988 11988 D SessionListsFragment: onCreateView
08-04 00:56:23.151 11988 11988 I SettingsManager: Getting string: savedCourse
08-04 00:56:23.154 11988 11988 I SettingsManager: Getting string: savedSessions
08-04 00:56:23.162 11988 11988 D SessionListsFragment: loadArgument: updateSessions
08-04 00:56:23.163 11988 11988 D SessionListsFragment: initialIndex: -1
08-04 00:56:23.164 11988 13508 D HTTP    : Request for: https://uob-timetable-api.adriankeenan.co.uk/sessions?dept=CM010&course=BSAIFAAF%2F02AA%2F0%2FFT&level=Foundation+Year
08-04 00:56:23.175 11988 11988 D TermDatesFragment: WebView loaded
08-04 00:56:23.176 11988 11988 D MainActivity: OnResume
08-04 00:56:23.182 11988 11988 I TermDatesFragment: Webview load %: 10
08-04 00:56:23.211 11988 12007 I art     : Explicit concurrent mark sweep GC freed 9925(463KB) AllocSpace objects, 0(0B) LOS objects, 29% free, 39MB/55MB, paused 1.097ms total 68.119ms
08-04 00:56:23.244   518   646 I ThermalEngine: ACTION: GPU - Setting GPU[0] to 450000000
08-04 00:56:23.266   918   936 I ActivityManager: Displayed baseline.com.ak.uobtimetable/.MainActivity: +190ms
08-04 00:56:23.266 13866 13866 I GoogleInputMethodServic: GoogleInputMethodService.onFinishInput():3138 
08-04 00:56:23.267 13866 13866 I GoogleInputMethodServic: GoogleInputMethodService.onStartInput():1808 
08-04 00:56:23.447 11988 11988 I TermDatesFragment: Webview load %: 70
08-04 00:56:23.453 11988 13508 I NAPPA_EXPERIMENTATION: MetricNetworkRequestExecutionTime: REQUEST_DURATION_SYSTEM='288',REQUEST_DURATION_OKHTTP='28',REQUEST_SYNCHRONOUS='TRUE',RESPONSE_CODE='200',RESPONSE_METHOD='GET',RESPONSE_LENGTH_OKHTTP='-1',RESPONSE_LENGTH_HEADER='1214',REQUEST_PROTOCOL='http/1.1',REQUEST_URL='https://uob-timetable-api.adriankeenan.co.uk/sessions?dept=CM010&course=BSAIFAAF%2F02AA%2F0%2FFT&level=Foundation+Year',
08-04 00:56:23.460 11988 11988 I TermDatesFragment: Webview load %: 100
08-04 00:56:23.460 11988 11988 I TermDatesFragment: Webview load %: 100
08-04 00:56:23.500 11988 13508 I HTTP    : Response was compressed.
08-04 00:56:23.514 11988 13508 I Service : getSessions response time: 1.10
08-04 00:56:23.514 11988 11988 I SettingsManager: Getting string: savedSessions
08-04 00:56:23.516 11988 11988 I SettingsManager: Getting string: savedSessions
08-04 00:56:23.516 11988 12000 I art     : Starting a blocking GC Explicit
08-04 00:56:23.531 11988 11988 I Service : Sessions updated: 15
08-04 00:56:23.531 11988 11988 I Service : Sessions removed from new list: 0
08-04 00:56:23.541 11988 11988 I SettingsManager: Setting string: savedSessions
08-04 00:56:23.542   918  3961 W BackupManagerService: dataChanged but no participant pkg='baseline.com.ak.uobtimetable' uid=10659
08-04 00:56:23.542 11988 11988 I SettingsManager: Setting date: savedSessionsTime
08-04 00:56:23.559   918  6110 W BackupManagerService: dataChanged but no participant pkg='baseline.com.ak.uobtimetable' uid=10659
08-04 00:56:23.559 11988 11988 I SettingsManager: Setting string: savedSessionsCourseName
08-04 00:56:23.559   918  3714 W BackupManagerService: dataChanged but no participant pkg='baseline.com.ak.uobtimetable' uid=10659
08-04 00:56:23.560 11988 11988 I SettingsManager: Setting string: savedSessionsDateRange
08-04 00:56:23.560   918  4400 W BackupManagerService: dataChanged but no participant pkg='baseline.com.ak.uobtimetable' uid=10659
08-04 00:56:23.560 11988 11988 I SettingsManager: Setting string: timetableUrl
08-04 00:56:23.560   918  6111 W BackupManagerService: dataChanged but no participant pkg='baseline.com.ak.uobtimetable' uid=10659
08-04 00:56:23.561 11988 11988 I SettingsManager: Getting boolean: notifySessionRemindersEnabled
08-04 00:56:23.561 11988 11988 I SettingsManager: Getting int: notifySessionRemindersMinutes
08-04 00:56:23.561 11988 11988 I SettingsManager: Getting boolean: showHiddenSessions
08-04 00:56:23.563 11988 11988 I SessionReminderNotifier: Created session reminder alarm for f7b4771250a919bd729c1c5a4a459c77 at Mon 08:30:00 10/08/20
08-04 00:56:23.565 11988 11988 I SessionReminderNotifier: Created session reminder alarm for a7f879aabdeb78622c8820a5fb7b64cd at Tue 08:30:00 04/08/20
08-04 00:56:23.572 11988 11988 I SessionReminderNotifier: Created session reminder alarm for 7bc8d7e2c2055711f597c3d9078c6ea3 at Tue 08:30:00 04/08/20
08-04 00:56:23.576 11988 11988 I SessionReminderNotifier: Created session reminder alarm for 53c0527a6f009a1f2fd223834d3bfe51 at Tue 10:30:00 04/08/20
08-04 00:56:23.579 11988 11988 I SessionReminderNotifier: Created session reminder alarm for e0fc978b5db8218778540b4053344581 at Tue 11:00:00 04/08/20
08-04 00:56:23.585 11988 12000 I art     : Explicit concurrent mark sweep GC freed 60245(2MB) AllocSpace objects, 15(1844KB) LOS objects, 30% free, 36MB/52MB, paused 742us total 68.276ms
08-04 00:56:23.588   512  2967 D audio_hw_primary: disable_audio_route: reset and update mixer path: low-latency-playback speaker
08-04 00:56:23.590   512  2967 D audio_hw_primary: disable_snd_device: snd_device(2: speaker)
08-04 00:56:23.592   918   918 I ActivityManager: Start proc 13520:nappagreedy.com.newsblur/u0a655 for service nappagreedy.com.newsblur/.service.NBSyncService
08-04 00:56:23.593 13520 13520 I art     : Late-enabling -Xcheck:jni
08-04 00:56:23.598 11988 11988 I SessionReminderNotifier: Created session reminder alarm for 199afb0100f329ff65a09e1b0cd9deba at Tue 11:30:00 04/08/20
08-04 00:56:23.601 11988 11988 I SessionReminderNotifier: Created session reminder alarm for 21712fef61090882c855a1425543edb5 at Tue 13:30:00 04/08/20
08-04 00:56:23.601   512  2967 I soundtrigger: audio_extn_sound_trigger_update_device_status: device 0x2 of type 0 for Event 0
08-04 00:56:23.603 11988 11988 I SessionReminderNotifier: Created session reminder alarm for 65ca4d97f031f29a4d02bbb45a705d8f at Wed 08:30:00 05/08/20
08-04 00:56:23.608 11988 12000 I art     : Starting a blocking GC Explicit
08-04 00:56:23.609 11988 11988 I SessionReminderNotifier: Created session reminder alarm for eeda7741b0bcab58fd9f46dc6ef1d942 at Wed 08:30:00 05/08/20
08-04 00:56:23.614 11988 11988 I SessionReminderNotifier: Created session reminder alarm for c276c1b2075a0beb67f1b3d1e580f920 at Wed 11:00:00 05/08/20
08-04 00:56:23.617 11988 11988 I SessionReminderNotifier: Created session reminder alarm for 8b1f3627e42ae13a6f6ba0a83903dde1 at Wed 13:30:00 05/08/20
08-04 00:56:23.620 11988 11988 I SessionReminderNotifier: Created session reminder alarm for 79fe0b5c3b887a13ba29db5a33fa2800 at Thu 08:30:00 06/08/20
08-04 00:56:23.624 11988 11988 I SessionReminderNotifier: Created session reminder alarm for cb9dfc8231cdba2be0835dc5709690e1 at Thu 08:30:00 06/08/20
08-04 00:56:23.628 11988 11988 I SessionReminderNotifier: Created session reminder alarm for f850dc24d6de60b7b89fa9e1a8c224c5 at Thu 12:00:00 06/08/20
08-04 00:56:23.630 11988 11988 I SessionReminderNotifier: Created session reminder alarm for 2ba1034116e4fffdd592dbf0796a43d5 at Fri 08:30:00 07/08/20
08-04 00:56:23.630 11988 11988 I SettingsManager: Getting boolean: showHiddenSessions
08-04 00:56:23.630 11988 11988 D SessionListsFragment: 1 sessions for day 0
08-04 00:56:23.630 11988 11988 D SessionListsFragment: 6 sessions for day 1
08-04 00:56:23.630 11988 11988 D SessionListsFragment: 4 sessions for day 2
08-04 00:56:23.630 11988 11988 D SessionListsFragment: 3 sessions for day 3
08-04 00:56:23.630 11988 11988 D SessionListsFragment: 1 sessions for day 4
08-04 00:56:23.649 13520 13520 W System  : ClassLoader referenced unknown path: /data/app/nappagreedy.com.newsblur-1/lib/arm64
08-04 00:56:23.663 11988 12000 I art     : Explicit concurrent mark sweep GC freed 3688(249KB) AllocSpace objects, 0(0B) LOS objects, 30% free, 36MB/52MB, paused 1.050ms total 54.689ms
08-04 00:56:23.682 11988 12000 I art     : Starting a blocking GC Explicit
08-04 00:56:23.687   918  6110 I ActivityManager: Killing 3295:com.android.keychain/1000 (adj 15): empty #17
08-04 00:56:23.691 11988 11988 I SettingsManager: Getting boolean: showHiddenSessions
08-04 00:56:23.692 11988 11988 D SessionListsFragment: Refreshed ViewPager
08-04 00:56:23.692 11988 11988 I SettingsManager: Getting boolean: showHiddenSessions
08-04 00:56:23.692 11988 11988 I SettingsManager: Getting boolean: completedTutorial
08-04 00:56:23.692 11988 11988 I SettingsManager: Getting boolean: showHiddenSessions
08-04 00:56:23.692 11988 11988 I SettingsManager: Getting date: savedSessionsTime
08-04 00:56:23.743 11988 12000 I art     : Explicit concurrent mark sweep GC freed 18196(741KB) AllocSpace objects, 0(0B) LOS objects, 30% free, 36MB/52MB, paused 1.305ms total 61.036ms
08-04 00:56:23.763 11988 12000 I art     : Starting a blocking GC Explicit
08-04 00:56:23.810   918   927 I art     : Background partial concurrent mark sweep GC freed 80765(7MB) AllocSpace objects, 168(4MB) LOS objects, 18% free, 69MB/85MB, paused 2.036ms total 206.281ms
08-04 00:56:23.828 11988 12000 I art     : Explicit concurrent mark sweep GC freed 29771(1209KB) AllocSpace objects, 0(0B) LOS objects, 30% free, 36MB/52MB, paused 1.155ms total 65.017ms
08-04 00:56:23.848 11988 12000 I art     : Starting a blocking GC Explicit
08-04 00:56:23.916 11988 12000 I art     : Explicit concurrent mark sweep GC freed 27145(1117KB) AllocSpace objects, 0(0B) LOS objects, 30% free, 36MB/52MB, paused 1.327ms total 67.398ms
08-04 00:56:24.231 11988 12007 I art     : Starting a blocking GC Explicit
08-04 00:56:24.333 11988 12007 I art     : Explicit concurrent mark sweep GC freed 132428(5MB) AllocSpace objects, 1(20KB) LOS objects, 29% free, 37MB/53MB, paused 1.384ms total 101.417ms
08-04 00:56:24.357 11988 12007 I art     : Starting a blocking GC Explicit
08-04 00:56:24.387  4731  4731 I ServiceManager: Waiting for service AtCmdFwd...
08-04 00:56:24.437 11988 12007 I art     : Explicit concurrent mark sweep GC freed 39029(1735KB) AllocSpace objects, 0(0B) LOS objects, 29% free, 37MB/53MB, paused 1.524ms total 79.611ms
08-04 00:56:24.460 11988 12007 I art     : Starting a blocking GC Explicit
08-04 00:56:24.509 11988 11988 I Choreographer: Skipped 48 frames!  The application may be doing too much work on its main thread.
08-04 00:56:24.541 11988 12007 I art     : Explicit concurrent mark sweep GC freed 25640(1061KB) AllocSpace objects, 0(0B) LOS objects, 29% free, 37MB/53MB, paused 931us total 80.214ms
08-04 00:56:24.564 11988 12007 I art     : Starting a blocking GC Explicit
08-04 00:56:24.633 11988 12007 I art     : Explicit concurrent mark sweep GC freed 899(77KB) AllocSpace objects, 0(0B) LOS objects, 29% free, 37MB/53MB, paused 559us total 68.134ms
08-04 00:56:24.657 11988 12007 I art     : Starting a blocking GC Explicit
08-04 00:56:24.720 11988 12007 I art     : Explicit concurrent mark sweep GC freed 121516(11MB) AllocSpace objects, 3(136KB) LOS objects, 37% free, 26MB/42MB, paused 567us total 62.931ms
08-04 00:56:25.069 11988 12000 I art     : Starting a blocking GC Explicit
08-04 00:56:25.128 11988 12000 I art     : Explicit concurrent mark sweep GC freed 1518(85KB) AllocSpace objects, 1(20KB) LOS objects, 37% free, 26MB/42MB, paused 586us total 59.041ms
08-04 00:56:25.148 11988 12000 I art     : Starting a blocking GC Explicit
08-04 00:56:25.192 11988 12000 I art     : Explicit concurrent mark sweep GC freed 18(624B) AllocSpace objects, 0(0B) LOS objects, 37% free, 26MB/42MB, paused 555us total 43.270ms
08-04 00:56:25.209 11988 12000 I art     : Starting a blocking GC Explicit
08-04 00:56:25.257 11988 12000 I art     : Explicit concurrent mark sweep GC freed 7(256B) AllocSpace objects, 0(0B) LOS objects, 37% free, 26MB/42MB, paused 743us total 48.427ms
08-04 00:56:25.275 11988 12000 I art     : Starting a blocking GC Explicit
08-04 00:56:25.318 11988 12000 I art     : Explicit concurrent mark sweep GC freed 32(1120B) AllocSpace objects, 0(0B) LOS objects, 37% free, 26MB/42MB, paused 625us total 42.980ms
08-04 00:56:25.318 11988 11998 I art     : WaitForGcToComplete blocked for 43.585ms for cause HeapTrim
08-04 00:56:25.334 11988 12000 I art     : Waiting for a blocking GC Explicit
08-04 00:56:25.335 11988 12000 I art     : Starting a blocking GC Explicit
08-04 00:56:25.379 11988 12000 I art     : Explicit concurrent mark sweep GC freed 44(1424B) AllocSpace objects, 0(0B) LOS objects, 37% free, 26MB/42MB, paused 532us total 43.707ms
08-04 00:56:25.388  4731  4731 I ServiceManager: Waiting for service AtCmdFwd...
08-04 00:56:25.726 11988 12000 I art     : Starting a blocking GC Explicit
08-04 00:56:25.790 11988 12000 I art     : Explicit concurrent mark sweep GC freed 1375(78KB) AllocSpace objects, 1(20KB) LOS objects, 37% free, 26MB/42MB, paused 605us total 64.161ms
08-04 00:56:25.810 11988 12000 I art     : Starting a blocking GC Explicit
08-04 00:56:25.857 11988 12000 I art     : Explicit concurrent mark sweep GC freed 18(624B) AllocSpace objects, 0(0B) LOS objects, 37% free, 26MB/42MB, paused 586us total 47.107ms
08-04 00:56:25.874 11988 12000 I art     : Starting a blocking GC Explicit
08-04 00:56:25.922 11988 12000 I art     : Explicit concurrent mark sweep GC freed 3(96B) AllocSpace objects, 0(0B) LOS objects, 37% free, 26MB/42MB, paused 535us total 47.759ms
08-04 00:56:25.938 11988 12000 I art     : Starting a blocking GC Explicit
08-04 00:56:25.986 11988 12000 I art     : Explicit concurrent mark sweep GC freed 3(96B) AllocSpace objects, 0(0B) LOS objects, 37% free, 26MB/42MB, paused 578us total 47.852ms
08-04 00:56:26.003 11988 12000 I art     : Starting a blocking GC Explicit
08-04 00:56:26.051 11988 12000 I art     : Explicit concurrent mark sweep GC freed 3(96B) AllocSpace objects, 0(0B) LOS objects, 37% free, 26MB/42MB, paused 551us total 47.640ms
08-04 00:56:26.388  4731  4731 I ServiceManager: Waiting for service AtCmdFwd...
08-04 00:56:26.415 11988 13032 I art     : Starting a blocking GC Explicit
08-04 00:56:26.470 11988 13032 I art     : Explicit concurrent mark sweep GC freed 1293(75KB) AllocSpace objects, 1(20KB) LOS objects, 37% free, 26MB/42MB, paused 605us total 54.349ms
08-04 00:56:26.488 11988 13032 I art     : Starting a blocking GC Explicit
08-04 00:56:26.541 11988 13032 I art     : Explicit concurrent mark sweep GC freed 18(624B) AllocSpace objects, 0(0B) LOS objects, 37% free, 26MB/42MB, paused 554us total 52.240ms
08-04 00:56:26.557 11988 13032 I art     : Starting a blocking GC Explicit
08-04 00:56:26.603 11988 13032 I art     : Explicit concurrent mark sweep GC freed 3(96B) AllocSpace objects, 0(0B) LOS objects, 37% free, 26MB/42MB, paused 569us total 45.512ms
08-04 00:56:26.620 11988 13032 I art     : Starting a blocking GC Explicit
08-04 00:56:26.668 11988 13032 I art     : Explicit concurrent mark sweep GC freed 3(96B) AllocSpace objects, 0(0B) LOS objects, 37% free, 26MB/42MB, paused 550us total 48.438ms
08-04 00:56:26.685 11988 13032 I art     : Starting a blocking GC Explicit
08-04 00:56:26.730 11988 13032 I art     : Explicit concurrent mark sweep GC freed 3(96B) AllocSpace objects, 0(0B) LOS objects, 37% free, 26MB/42MB, paused 576us total 45.057ms
08-04 00:56:27.080 11988 11999 I art     : Starting a blocking GC Explicit
08-04 00:56:27.135 11988 11999 I art     : Explicit concurrent mark sweep GC freed 1293(75KB) AllocSpace objects, 1(20KB) LOS objects, 37% free, 26MB/42MB, paused 601us total 54.058ms
08-04 00:56:27.154 11988 11999 I art     : Starting a blocking GC Explicit
08-04 00:56:27.199 11988 11999 I art     : Explicit concurrent mark sweep GC freed 18(624B) AllocSpace objects, 0(0B) LOS objects, 37% free, 26MB/42MB, paused 557us total 44.539ms
08-04 00:56:27.216 11988 11999 I art     : Starting a blocking GC Explicit
08-04 00:56:27.250   518   646 I ThermalEngine: ACTION: GPU - Setting GPU[0] to 510000000
08-04 00:56:27.262 11988 11999 I art     : Explicit concurrent mark sweep GC freed 3(96B) AllocSpace objects, 0(0B) LOS objects, 37% free, 26MB/42MB, paused 543us total 45.721ms
08-04 00:56:27.278 11988 11999 I art     : Starting a blocking GC Explicit
08-04 00:56:27.314 11988 11999 I art     : Explicit concurrent mark sweep GC freed 3(96B) AllocSpace objects, 0(0B) LOS objects, 37% free, 26MB/42MB, paused 385us total 36.005ms
08-04 00:56:27.327 11988 11999 I art     : Starting a blocking GC Explicit
08-04 00:56:27.361 11988 11999 I art     : Explicit concurrent mark sweep GC freed 3(96B) AllocSpace objects, 0(0B) LOS objects, 37% free, 26MB/42MB, paused 428us total 33.522ms
08-04 00:56:27.389  4731  4731 I ServiceManager: Waiting for service AtCmdFwd...
08-04 00:56:27.673 11988 12007 I art     : Starting a blocking GC Explicit
08-04 00:56:27.700 13586 13586 D AndroidRuntime: >>>>>> START com.android.internal.os.RuntimeInit uid 2000 <<<<<<
08-04 00:56:27.705 13586 13586 D AndroidRuntime: CheckJNI is OFF
08-04 00:56:27.711 11988 12007 I art     : Explicit concurrent mark sweep GC freed 1312(76KB) AllocSpace objects, 1(20KB) LOS objects, 37% free, 26MB/42MB, paused 429us total 37.671ms
08-04 00:56:27.725 11988 12007 I art     : Starting a blocking GC Explicit
08-04 00:56:27.741 13586 13586 D ICU     : No timezone override file found: /data/misc/zoneinfo/current/icu/icu_tzdata.dat
08-04 00:56:27.758 11988 12007 I art     : Explicit concurrent mark sweep GC freed 41(1552B) AllocSpace objects, 0(0B) LOS objects, 37% free, 26MB/42MB, paused 423us total 33.243ms
08-04 00:56:27.770 11988 12007 I art     : Starting a blocking GC Explicit
08-04 00:56:27.776 13586 13586 I Radio-JNI: register_android_hardware_Radio DONE
08-04 00:56:27.798 13586 13586 D AndroidRuntime: Calling main entry com.android.commands.input.Input
08-04 00:56:27.800 13586 13586 I Input   : injectMotionEvent: MotionEvent { action=ACTION_DOWN, actionButton=0, id[0]=0, x[0]=81.0, y[0]=176.0, toolType[0]=TOOL_TYPE_UNKNOWN, buttonState=0, metaState=0, flags=0x0, edgeFlags=0x0, pointerCount=1, historySize=0, eventTime=665804212, downTime=665804212, deviceId=0, source=0x1002 }
08-04 00:56:27.801 11988 12007 I art     : Explicit concurrent mark sweep GC freed 57(1728B) AllocSpace objects, 0(0B) LOS objects, 37% free, 26MB/42MB, paused 422us total 30.645ms
08-04 00:56:27.806 13586 13586 I Input   : injectMotionEvent: MotionEvent { action=ACTION_UP, actionButton=0, id[0]=0, x[0]=81.0, y[0]=176.0, toolType[0]=TOOL_TYPE_UNKNOWN, buttonState=0, metaState=0, flags=0x0, edgeFlags=0x0, pointerCount=1, historySize=0, eventTime=665804212, downTime=665804212, deviceId=0, source=0x1002 }
08-04 00:56:27.809 13586 13586 D AndroidRuntime: Shutting down VM
08-04 00:56:27.812 11988 12007 I art     : Starting a blocking GC Explicit
08-04 00:56:27.827   512  2967 D audio_hw_primary: out_set_parameters: enter: usecase(1: low-latency-playback) kvpairs: routing=2
08-04 00:56:27.839   512  2967 D audio_hw_primary: select_devices: out_snd_device(2: speaker) in_snd_device(0: none)
08-04 00:56:27.839   512  2967 D msm8974_platform: platform_send_audio_calibration: sending audio calibration for snd_device(2) acdb_id(15)
08-04 00:56:27.840   512  2967 I soundtrigger: audio_extn_sound_trigger_update_device_status: device 0x2 of type 0 for Event 1
08-04 00:56:27.843 11988 12007 I art     : Explicit concurrent mark sweep GC freed 176(11KB) AllocSpace objects, 0(0B) LOS objects, 37% free, 26MB/42MB, paused 607us total 31.249ms
08-04 00:56:27.853   512  2967 D audio_hw_primary: enable_snd_device: snd_device(2: speaker)
08-04 00:56:27.854 11988 12007 I art     : Starting a blocking GC Explicit
08-04 00:56:27.855   512  2967 D audio_hw_primary: enable_audio_route: apply and update mixer path: low-latency-playback speaker
08-04 00:56:27.859 13866 13866 I GoogleInputMethodServic: GoogleInputMethodService.onFinishInput():3138 
08-04 00:56:27.860 13866 13866 I GoogleInputMethodServic: GoogleInputMethodService.onStartInput():1808 
08-04 00:56:27.886 11988 12007 I art     : Explicit concurrent mark sweep GC freed 32(1296B) AllocSpace objects, 0(0B) LOS objects, 37% free, 26MB/42MB, paused 422us total 31.650ms
08-04 00:56:28.160 11988 12007 I art     : Starting a blocking GC Explicit
08-04 00:56:28.202 11988 12007 I art     : Explicit concurrent mark sweep GC freed 1660(94KB) AllocSpace objects, 1(20KB) LOS objects, 37% free, 26MB/42MB, paused 437us total 41.299ms
08-04 00:56:28.215 11988 12007 I art     : Starting a blocking GC Explicit
08-04 00:56:28.249 11988 12007 I art     : Explicit concurrent mark sweep GC freed 32(1264B) AllocSpace objects, 0(0B) LOS objects, 37% free, 26MB/42MB, paused 406us total 34.082ms
08-04 00:56:28.261 11988 12007 I art     : Starting a blocking GC Explicit
08-04 00:56:28.293 11988 12007 I art     : Explicit concurrent mark sweep GC freed 21(976B) AllocSpace objects, 0(0B) LOS objects, 37% free, 26MB/42MB, paused 361us total 31.640ms
08-04 00:56:28.306 11988 12007 I art     : Starting a blocking GC Explicit
08-04 00:56:28.340 11988 12007 I art     : Explicit concurrent mark sweep GC freed 11(352B) AllocSpace objects, 0(0B) LOS objects, 37% free, 26MB/42MB, paused 404us total 33.657ms
08-04 00:56:28.352 11988 12007 I art     : Starting a blocking GC Explicit
08-04 00:56:28.386 11988 12007 I art     : Explicit concurrent mark sweep GC freed 3(96B) AllocSpace objects, 0(0B) LOS objects, 37% free, 26MB/42MB, paused 390us total 33.712ms
08-04 00:56:28.390  4731  4731 I ServiceManager: Waiting for service AtCmdFwd...
08-04 00:56:28.390   512  2967 D audio_hw_primary: disable_audio_route: reset and update mixer path: low-latency-playback speaker
08-04 00:56:28.391   512  2967 D audio_hw_primary: disable_snd_device: snd_device(2: speaker)
08-04 00:56:28.399   512  2967 I soundtrigger: audio_extn_sound_trigger_update_device_status: device 0x2 of type 0 for Event 0
08-04 00:56:28.688 11988 12007 I art     : Starting a blocking GC Explicit
08-04 00:56:28.725 11988 12007 I art     : Explicit concurrent mark sweep GC freed 1293(75KB) AllocSpace objects, 1(20KB) LOS objects, 37% free, 26MB/42MB, paused 425us total 36.743ms
08-04 00:56:28.739 11988 12007 I art     : Starting a blocking GC Explicit
08-04 00:56:28.775 11988 12007 I art     : Explicit concurrent mark sweep GC freed 20(688B) AllocSpace objects, 0(0B) LOS objects, 37% free, 26MB/42MB, paused 433us total 36.214ms
08-04 00:56:28.788 11988 12007 I art     : Starting a blocking GC Explicit
08-04 00:56:28.824 11988 12007 I art     : Explicit concurrent mark sweep GC freed 3(96B) AllocSpace objects, 0(0B) LOS objects, 37% free, 26MB/42MB, paused 459us total 35.251ms
08-04 00:56:28.836 11988 12007 I art     : Starting a blocking GC Explicit
08-04 00:56:28.868 11988 12007 I art     : Explicit concurrent mark sweep GC freed 3(96B) AllocSpace objects, 0(0B) LOS objects, 37% free, 26MB/42MB, paused 404us total 32.023ms
08-04 00:56:28.880 11988 12007 I art     : Starting a blocking GC Explicit
08-04 00:56:28.915 11988 12007 I art     : Explicit concurrent mark sweep GC freed 3(96B) AllocSpace objects, 0(0B) LOS objects, 37% free, 26MB/42MB, paused 450us total 34.666ms
08-04 00:56:29.191 11988 13032 I art     : Starting a blocking GC Explicit
08-04 00:56:29.227 11988 13032 I art     : Explicit concurrent mark sweep GC freed 1293(75KB) AllocSpace objects, 1(20KB) LOS objects, 37% free, 26MB/42MB, paused 419us total 35.961ms
08-04 00:56:29.240 11988 13032 I art     : Starting a blocking GC Explicit
08-04 00:56:29.272 11988 13032 I art     : Explicit concurrent mark sweep GC freed 18(624B) AllocSpace objects, 0(0B) LOS objects, 37% free, 26MB/42MB, paused 406us total 32.002ms
08-04 00:56:29.283 11988 13032 I art     : Starting a blocking GC Explicit
08-04 00:56:29.317 11988 13032 I art     : Explicit concurrent mark sweep GC freed 3(96B) AllocSpace objects, 0(0B) LOS objects, 37% free, 26MB/42MB, paused 406us total 33.145ms
08-04 00:56:29.329 11988 13032 I art     : Starting a blocking GC Explicit
08-04 00:56:29.363 11988 13032 I art     : Explicit concurrent mark sweep GC freed 3(96B) AllocSpace objects, 0(0B) LOS objects, 37% free, 26MB/42MB, paused 416us total 33.926ms
08-04 00:56:29.375 11988 13032 I art     : Starting a blocking GC Explicit
08-04 00:56:29.390  4731  4731 W Atfwd_Sendcmd: AtCmdFwd service not published, waiting... retryCnt : 5
08-04 00:56:29.409 11988 13032 I art     : Explicit concurrent mark sweep GC freed 3(96B) AllocSpace objects, 0(0B) LOS objects, 37% free, 26MB/42MB, paused 420us total 33.792ms
08-04 00:56:29.477 13629 13629 D AndroidRuntime: >>>>>> START com.android.internal.os.RuntimeInit uid 2000 <<<<<<
08-04 00:56:29.482 13629 13629 D AndroidRuntime: CheckJNI is OFF
08-04 00:56:29.517 13629 13629 D ICU     : No timezone override file found: /data/misc/zoneinfo/current/icu/icu_tzdata.dat
08-04 00:56:29.556 13629 13629 I Radio-JNI: register_android_hardware_Radio DONE
08-04 00:56:29.578 13629 13629 D AndroidRuntime: Calling main entry com.android.commands.input.Input
08-04 00:56:29.581 13629 13629 I Input   : injectMotionEvent: MotionEvent { action=ACTION_DOWN, actionButton=0, id[0]=0, x[0]=360.0, y[0]=1098.0, toolType[0]=TOOL_TYPE_UNKNOWN, buttonState=0, metaState=0, flags=0x0, edgeFlags=0x0, pointerCount=1, historySize=0, eventTime=665805994, downTime=665805994, deviceId=0, source=0x1002 }
08-04 00:56:29.586 13629 13629 I Input   : injectMotionEvent: MotionEvent { action=ACTION_UP, actionButton=0, id[0]=0, x[0]=360.0, y[0]=1098.0, toolType[0]=TOOL_TYPE_UNKNOWN, buttonState=0, metaState=0, flags=0x0, edgeFlags=0x0, pointerCount=1, historySize=0, eventTime=665805994, downTime=665805994, deviceId=0, source=0x1002 }
08-04 00:56:29.587 13629 13629 D AndroidRuntime: Shutting down VM
08-04 00:56:29.593 11988 11988 D MainActivity: NavigationItemSelected: Term dates
08-04 00:56:29.595   512  2967 D audio_hw_primary: out_set_parameters: enter: usecase(1: low-latency-playback) kvpairs: routing=2
08-04 00:56:29.608   512  2967 D audio_hw_primary: select_devices: out_snd_device(2: speaker) in_snd_device(0: none)
08-04 00:56:29.608   512  2967 D msm8974_platform: platform_send_audio_calibration: sending audio calibration for snd_device(2) acdb_id(15)
08-04 00:56:29.608   512  2967 I soundtrigger: audio_extn_sound_trigger_update_device_status: device 0x2 of type 0 for Event 1
08-04 00:56:29.625   512  2967 D audio_hw_primary: enable_snd_device: snd_device(2: speaker)
08-04 00:56:29.628   512  2967 D audio_hw_primary: enable_audio_route: apply and update mixer path: low-latency-playback speaker
08-04 00:56:29.708 11988 11999 I art     : Starting a blocking GC Explicit
08-04 00:56:29.739 11988 11999 I art     : Explicit concurrent mark sweep GC freed 1860(97KB) AllocSpace objects, 1(20KB) LOS objects, 37% free, 26MB/42MB, paused 461us total 30.351ms
08-04 00:56:29.750 11988 11999 I art     : Starting a blocking GC Explicit
08-04 00:56:29.781 11988 11999 I art     : Explicit concurrent mark sweep GC freed 215(15KB) AllocSpace objects, 0(0B) LOS objects, 37% free, 26MB/42MB, paused 529us total 30.973ms
08-04 00:56:29.793 11988 11999 I art     : Starting a blocking GC Explicit
08-04 00:56:29.824 11988 11999 I art     : Explicit concurrent mark sweep GC freed 7(224B) AllocSpace objects, 0(0B) LOS objects, 37% free, 26MB/42MB, paused 392us total 30.571ms
08-04 00:56:29.835 11988 11999 I art     : Starting a blocking GC Explicit
08-04 00:56:29.868 11988 11999 I art     : Explicit concurrent mark sweep GC freed 8(256B) AllocSpace objects, 0(0B) LOS objects, 37% free, 26MB/42MB, paused 457us total 32.088ms
08-04 00:56:29.880 11988 11999 I art     : Starting a blocking GC Explicit
08-04 00:56:29.913 11988 11999 I art     : Explicit concurrent mark sweep GC freed 9(288B) AllocSpace objects, 0(0B) LOS objects, 37% free, 26MB/42MB, paused 471us total 32.872ms
08-04 00:56:30.033 13866 13866 I GoogleInputMethodServic: GoogleInputMethodService.onFinishInput():3138 
08-04 00:56:30.033 13866 13866 I GoogleInputMethodServic: GoogleInputMethodService.onStartInput():1808 
08-04 00:56:30.168   512  2967 D audio_hw_primary: disable_audio_route: reset and update mixer path: low-latency-playback speaker
08-04 00:56:30.170   512  2967 D audio_hw_primary: disable_snd_device: snd_device(2: speaker)
08-04 00:56:30.180   512  2967 I soundtrigger: audio_extn_sound_trigger_update_device_status: device 0x2 of type 0 for Event 0
08-04 00:56:30.213 11988 11999 I art     : Starting a blocking GC Explicit
08-04 00:56:30.252 11988 11999 I art     : Explicit concurrent mark sweep GC freed 1358(77KB) AllocSpace objects, 1(20KB) LOS objects, 37% free, 26MB/42MB, paused 432us total 39.112ms
08-04 00:56:30.270 11988 11999 I art     : Starting a blocking GC Explicit
08-04 00:56:30.301 11988 11999 I art     : Explicit concurrent mark sweep GC freed 26(880B) AllocSpace objects, 0(0B) LOS objects, 37% free, 26MB/42MB, paused 369us total 30.856ms
08-04 00:56:30.313 11988 11999 I art     : Starting a blocking GC Explicit
08-04 00:56:30.345 11988 11999 I art     : Explicit concurrent mark sweep GC freed 8(256B) AllocSpace objects, 0(0B) LOS objects, 37% free, 26MB/42MB, paused 639us total 31.858ms
08-04 00:56:30.357 11988 11999 I art     : Starting a blocking GC Explicit
08-04 00:56:30.388 11988 11999 I art     : Explicit concurrent mark sweep GC freed 8(256B) AllocSpace objects, 0(0B) LOS objects, 37% free, 26MB/42MB, paused 409us total 30.978ms
08-04 00:56:30.388 11988 11998 I art     : WaitForGcToComplete blocked for 9.287ms for cause HeapTrim
08-04 00:56:30.400 11988 11999 I art     : Starting a blocking GC Explicit
08-04 00:56:30.434 11988 11999 I art     : Explicit concurrent mark sweep GC freed 9(288B) AllocSpace objects, 0(0B) LOS objects, 37% free, 26MB/42MB, paused 374us total 33.358ms
08-04 00:56:30.747 11988 13032 I art     : Starting a blocking GC Explicit
08-04 00:56:30.790 11988 13032 I art     : Explicit concurrent mark sweep GC freed 1335(76KB) AllocSpace objects, 1(20KB) LOS objects, 37% free, 26MB/42MB, paused 1.047ms total 43.063ms
08-04 00:56:30.804 11988 13032 I art     : Starting a blocking GC Explicit
08-04 00:56:30.843 11988 13032 I art     : Explicit concurrent mark sweep GC freed 24(816B) AllocSpace objects, 0(0B) LOS objects, 37% free, 26MB/42MB, paused 390us total 38.125ms
08-04 00:56:30.856 11988 13032 I art     : Starting a blocking GC Explicit
08-04 00:56:30.892 11988 13032 I art     : Explicit concurrent mark sweep GC freed 9(288B) AllocSpace objects, 0(0B) LOS objects, 37% free, 26MB/42MB, paused 397us total 36.264ms
08-04 00:56:30.906 11988 13032 I art     : Starting a blocking GC Explicit
08-04 00:56:30.941 11988 13032 I art     : Explicit concurrent mark sweep GC freed 9(288B) AllocSpace objects, 0(0B) LOS objects, 37% free, 26MB/42MB, paused 405us total 34.812ms
08-04 00:56:30.952 11988 13032 I art     : Starting a blocking GC Explicit
08-04 00:56:30.984 11988 13032 I art     : Explicit concurrent mark sweep GC freed 9(288B) AllocSpace objects, 0(0B) LOS objects, 37% free, 26MB/42MB, paused 398us total 31.535ms
08-04 00:56:31.259   518   646 I ThermalEngine: ACTION: GPU - Setting GPU[0] to 450000000
08-04 00:56:31.312 11988 12007 I art     : Starting a blocking GC Explicit
08-04 00:56:31.376 11988 12007 I art     : Explicit concurrent mark sweep GC freed 1356(77KB) AllocSpace objects, 1(20KB) LOS objects, 37% free, 26MB/42MB, paused 692us total 63.431ms
08-04 00:56:31.396 11988 12007 I art     : Starting a blocking GC Explicit
08-04 00:56:31.442 11988 12007 I art     : Explicit concurrent mark sweep GC freed 33(1104B) AllocSpace objects, 0(0B) LOS objects, 37% free, 26MB/42MB, paused 560us total 45.581ms
08-04 00:56:31.459 11988 12007 I art     : Starting a blocking GC Explicit
08-04 00:56:31.504 11988 12007 I art     : Explicit concurrent mark sweep GC freed 17(544B) AllocSpace objects, 0(0B) LOS objects, 37% free, 26MB/42MB, paused 569us total 44.393ms
08-04 00:56:31.520 11988 12007 I art     : Starting a blocking GC Explicit
08-04 00:56:31.564 11988 12007 I art     : Explicit concurrent mark sweep GC freed 4(128B) AllocSpace objects, 0(0B) LOS objects, 37% free, 26MB/42MB, paused 556us total 43.733ms
08-04 00:56:31.581 11988 12007 I art     : Starting a blocking GC Explicit
08-04 00:56:31.628 11988 12007 I art     : Explicit concurrent mark sweep GC freed 3(96B) AllocSpace objects, 0(0B) LOS objects, 37% free, 26MB/42MB, paused 666us total 46.527ms
08-04 00:56:31.986 11988 13032 I art     : Starting a blocking GC Explicit
08-04 00:56:32.040 11988 13032 I art     : Explicit concurrent mark sweep GC freed 1293(75KB) AllocSpace objects, 1(20KB) LOS objects, 37% free, 26MB/42MB, paused 630us total 53.460ms
08-04 00:56:32.061 11988 13032 I art     : Starting a blocking GC Explicit
08-04 00:56:32.109 11988 13032 I art     : Explicit concurrent mark sweep GC freed 18(624B) AllocSpace objects, 0(0B) LOS objects, 37% free, 26MB/42MB, paused 562us total 47.602ms
08-04 00:56:32.126 11988 13032 I art     : Starting a blocking GC Explicit
08-04 00:56:32.174 11988 13032 I art     : Explicit concurrent mark sweep GC freed 3(96B) AllocSpace objects, 0(0B) LOS objects, 37% free, 26MB/42MB, paused 575us total 48.393ms
08-04 00:56:32.191 11988 13032 I art     : Starting a blocking GC Explicit
08-04 00:56:32.238 11988 13032 I art     : Explicit concurrent mark sweep GC freed 3(96B) AllocSpace objects, 0(0B) LOS objects, 37% free, 26MB/42MB, paused 611us total 47.237ms
08-04 00:56:32.255 11988 13032 I art     : Starting a blocking GC Explicit
08-04 00:56:32.305 11988 13032 I art     : Explicit concurrent mark sweep GC freed 3(96B) AllocSpace objects, 0(0B) LOS objects, 37% free, 26MB/42MB, paused 599us total 50.094ms
08-04 00:56:32.688 11988 11999 I art     : Starting a blocking GC Explicit
08-04 00:56:32.739 11988 11999 I art     : Explicit concurrent mark sweep GC freed 1293(75KB) AllocSpace objects, 1(20KB) LOS objects, 37% free, 26MB/42MB, paused 595us total 50.528ms
08-04 00:56:32.755 11988 11999 I art     : Starting a blocking GC Explicit
08-04 00:56:32.804 11988 11999 I art     : Explicit concurrent mark sweep GC freed 18(624B) AllocSpace objects, 0(0B) LOS objects, 37% free, 26MB/42MB, paused 575us total 48.839ms
08-04 00:56:32.821 11988 11999 I art     : Starting a blocking GC Explicit
08-04 00:56:32.869 11988 11999 I art     : Explicit concurrent mark sweep GC freed 3(96B) AllocSpace objects, 0(0B) LOS objects, 37% free, 26MB/42MB, paused 574us total 47.535ms
08-04 00:56:32.886 11988 11999 I art     : Starting a blocking GC Explicit
08-04 00:56:32.936 11988 11999 I art     : Explicit concurrent mark sweep GC freed 3(96B) AllocSpace objects, 0(0B) LOS objects, 37% free, 26MB/42MB, paused 617us total 50.123ms
08-04 00:56:32.958 11988 11999 I art     : Starting a blocking GC Explicit
08-04 00:56:33.004 11988 11999 I art     : Explicit concurrent mark sweep GC freed 3(96B) AllocSpace objects, 0(0B) LOS objects, 37% free, 26MB/42MB, paused 577us total 45.386ms
08-04 00:56:33.339 11988 12000 I art     : Starting a blocking GC Explicit
08-04 00:56:33.343   918  3261 D WifiStateMachine: starting scan for "H369AA63323"WPA_PSK with 2412,5180
08-04 00:56:33.397 11988 12000 I art     : Explicit concurrent mark sweep GC freed 1293(75KB) AllocSpace objects, 1(20KB) LOS objects, 37% free, 26MB/42MB, paused 596us total 57.093ms
08-04 00:56:33.413 11988 12000 I art     : Starting a blocking GC Explicit
08-04 00:56:33.458 11988 12000 I art     : Explicit concurrent mark sweep GC freed 18(624B) AllocSpace objects, 0(0B) LOS objects, 37% free, 26MB/42MB, paused 586us total 44.750ms
08-04 00:56:33.475 11988 12000 I art     : Starting a blocking GC Explicit
08-04 00:56:33.524 11988 12000 I art     : Explicit concurrent mark sweep GC freed 3(96B) AllocSpace objects, 0(0B) LOS objects, 37% free, 26MB/42MB, paused 569us total 48.869ms
08-04 00:56:33.541 11988 12000 I art     : Starting a blocking GC Explicit
08-04 00:56:33.587 11988 12000 I art     : Explicit concurrent mark sweep GC freed 3(96B) AllocSpace objects, 0(0B) LOS objects, 37% free, 26MB/42MB, paused 572us total 45.949ms
08-04 00:56:33.603 11988 12000 I art     : Starting a blocking GC Explicit
08-04 00:56:33.654 11988 12000 I art     : Explicit concurrent mark sweep GC freed 3(96B) AllocSpace objects, 0(0B) LOS objects, 37% free, 26MB/42MB, paused 724us total 50.321ms
08-04 00:56:33.857   918 13198 D NetlinkSocketObserver: NeighborEvent{elapsedMs=1649197731, 192.168.2.254, [7C3953A63323], RTM_NEWNEIGH, NUD_PROBE}
08-04 00:56:33.993 11988 12007 I art     : Starting a blocking GC Explicit
08-04 00:56:34.036 11988 12007 I art     : Explicit concurrent mark sweep GC freed 1293(75KB) AllocSpace objects, 1(20KB) LOS objects, 37% free, 26MB/42MB, paused 563us total 42.730ms
08-04 00:56:34.051 11988 12007 I art     : Starting a blocking GC Explicit
08-04 00:56:34.092 11988 12007 I art     : Explicit concurrent mark sweep GC freed 18(624B) AllocSpace objects, 0(0B) LOS objects, 37% free, 26MB/42MB, paused 537us total 39.894ms
08-04 00:56:34.107 11988 12007 I art     : Starting a blocking GC Explicit
08-04 00:56:34.152 11988 12007 I art     : Explicit concurrent mark sweep GC freed 3(96B) AllocSpace objects, 0(0B) LOS objects, 37% free, 26MB/42MB, paused 533us total 44.795ms
08-04 00:56:34.168 11988 12007 I art     : Starting a blocking GC Explicit
08-04 00:56:34.212 11988 12007 I art     : Explicit concurrent mark sweep GC freed 3(96B) AllocSpace objects, 0(0B) LOS objects, 37% free, 26MB/42MB, paused 553us total 43.779ms
08-04 00:56:34.228 11988 12007 I art     : Starting a blocking GC Explicit
08-04 00:56:34.267   518   646 I ThermalEngine: ACTION: GPU - Setting GPU[0] to 510000000
08-04 00:56:34.272 11988 12007 I art     : Explicit concurrent mark sweep GC freed 3(96B) AllocSpace objects, 0(0B) LOS objects, 37% free, 26MB/42MB, paused 567us total 44.094ms
08-04 00:56:34.406 13733 13733 D AndroidRuntime: >>>>>> START com.android.internal.os.RuntimeInit uid 2000 <<<<<<
08-04 00:56:34.414 13733 13733 D AndroidRuntime: CheckJNI is OFF
08-04 00:56:34.450 13733 13733 D ICU     : No timezone override file found: /data/misc/zoneinfo/current/icu/icu_tzdata.dat
08-04 00:56:34.484 13733 13733 I Radio-JNI: register_android_hardware_Radio DONE
08-04 00:56:34.505 13733 13733 D AndroidRuntime: Calling main entry com.android.commands.am.Am
08-04 00:56:34.512  8825  8825 I Trepn   : Trepn 6.2s: Received intent: com.quicinc.trepn.stop_profiling
08-04 00:56:34.563  8825  8825 I Trepn   : Trepn 6.2s: Trepn has Stopped Profiling.
08-04 00:56:34.613 11988 13032 I art     : Starting a blocking GC Explicit
08-04 00:56:34.652 11988 13032 I art     : Explicit concurrent mark sweep GC freed 1293(75KB) AllocSpace objects, 1(20KB) LOS objects, 37% free, 26MB/42MB, paused 424us total 37.529ms
08-04 00:56:34.668 11988 13032 I art     : Starting a blocking GC Explicit
08-04 00:56:34.700 11988 13032 I art     : Explicit concurrent mark sweep GC freed 18(624B) AllocSpace objects, 0(0B) LOS objects, 37% free, 26MB/42MB, paused 382us total 31.566ms
08-04 00:56:34.712 11988 13032 I art     : Starting a blocking GC Explicit
08-04 00:56:34.730 13733 13733 D AndroidRuntime: Shutting down VM
08-04 00:56:34.734   918  5132 W AppOps  : Finishing op nesting under-run: uid 10078 pkg com.quicinc.trepn code 24 time=0 duration=0 nesting=0
08-04 00:56:34.745 11988 13032 I art     : Explicit concurrent mark sweep GC freed 3(96B) AllocSpace objects, 0(0B) LOS objects, 37% free, 26MB/42MB, paused 380us total 33.124ms
08-04 00:56:34.756 11988 13032 I art     : Starting a blocking GC Explicit
08-04 00:56:34.785 11988 13032 I art     : Explicit concurrent mark sweep GC freed 3(96B) AllocSpace objects, 0(0B) LOS objects, 37% free, 26MB/42MB, paused 395us total 28.655ms
08-04 00:56:34.796 11988 13032 I art     : Starting a blocking GC Explicit
08-04 00:56:34.827 11988 13032 I art     : Explicit concurrent mark sweep GC freed 3(96B) AllocSpace objects, 0(0B) LOS objects, 37% free, 26MB/42MB, paused 396us total 30.343ms
08-04 00:56:35.159 11988 11999 I art     : Starting a blocking GC Explicit
08-04 00:56:35.193 11988 11999 I art     : Explicit concurrent mark sweep GC freed 1293(75KB) AllocSpace objects, 1(20KB) LOS objects, 37% free, 26MB/42MB, paused 406us total 33.926ms
08-04 00:56:35.205 11988 11999 I art     : Starting a blocking GC Explicit
08-04 00:56:35.236 11988 11999 I art     : Explicit concurrent mark sweep GC freed 18(624B) AllocSpace objects, 0(0B) LOS objects, 37% free, 26MB/42MB, paused 385us total 31.221ms
08-04 00:56:35.248 11988 11999 I art     : Starting a blocking GC Explicit
08-04 00:56:35.281 11988 11999 I art     : Explicit concurrent mark sweep GC freed 3(96B) AllocSpace objects, 0(0B) LOS objects, 37% free, 26MB/42MB, paused 463us total 32.925ms
08-04 00:56:35.293 11988 11999 I art     : Starting a blocking GC Explicit
08-04 00:56:35.327 11988 11999 I art     : Explicit concurrent mark sweep GC freed 3(96B) AllocSpace objects, 0(0B) LOS objects, 37% free, 26MB/42MB, paused 396us total 33.035ms
08-04 00:56:35.339 11988 11999 I art     : Starting a blocking GC Explicit
08-04 00:56:35.372 11988 11999 I art     : Explicit concurrent mark sweep GC freed 3(96B) AllocSpace objects, 0(0B) LOS objects, 37% free, 26MB/42MB, paused 380us total 32.563ms
