--------- beginning of main
08-03 23:11:00.300 18789 18789 I Finsky  : [1] uah.a(18): PackageMonitorReceiverImpl - Received: android.intent.action.PACKAGE_ADDED, [jsPREe6yOOhrMreoEvcpPvP36yUmihacpIgcKsaLph8]
08-03 23:11:00.301 18789 18789 I Finsky  : [1] ubi.d(9): Invalidating cached PackageState for baseline.com.ak.uobtimetable
08-03 23:11:00.303 24365 12116 W GCM     : Unexpected forwarded intent: Intent { act=android.intent.action.PACKAGE_ADDED dat=package:baseline.com.ak.uobtimetable flg=0x4000010 cmp=com.google.android.gms/.chimera.PersistentIntentOperationService (has extras) }
08-03 23:11:00.305 24365 12116 W GCM     : Unexpected forwarded intent: Intent { act=android.intent.action.PACKAGE_ADDED dat=package:baseline.com.ak.uobtimetable flg=0x4000010 cmp=com.google.android.gms/.chimera.PersistentIntentOperationService (has extras) }
08-03 23:11:00.305 18789 18789 I Finsky  : [1] lzi.c(2): Frosting ID looked up on UI thread. Caller should move to a background thread.
08-03 23:11:00.320 18789 18789 I Finsky  : [1] agsx.a(4): Do not start WearSupportService due to Wear service optimization
08-03 23:11:00.329 18789 18789 I Finsky  : [1] agsx.a(4): Do not start WearSupportService due to Wear service optimization
08-03 23:11:00.330 18789 18789 I Finsky  : [1] zko.a(1): Clearing split related stale data.
08-03 23:11:00.348 24577 12112 I Auth    : [SupervisedAccountIntentOperation] onHandleIntent(): android.intent.action.PACKAGE_ADDED
08-03 23:11:00.350 24577 12112 I ChromeSync: [Sync,SyncIntentOperation] Handling the intent: Intent { act=android.intent.action.PACKAGE_ADDED dat=package:baseline.com.ak.uobtimetable flg=0x4000010 cmp=com.google.android.gms/.chimera.GmsIntentOperationService (has extras) }.
08-03 23:11:00.379 18789 12124 I Finsky  : [6140] eji.a(-1): Asset module storage cleared for package baseline.com.ak.uobtimetable.
08-03 23:11:00.381 24577 12120 I FontLog : Package baseline.com.ak.uobtimetable has no metadata [CONTEXT service_id=132 ]
08-03 23:11:00.386 18789 18789 I Finsky  : [1] lzi.c(2): Frosting ID looked up on UI thread. Caller should move to a background thread.
08-03 23:11:00.395   918  3359 I AccountManagerService: getTypesVisibleToCaller: isPermitted? true
--------- beginning of system
08-03 23:11:00.406   918  4400 W ActivityManager: Unbind failed: could not find connection for android.os.BinderProxy@9c8516e
08-03 23:11:00.422 24577 24621 E GmsClient: unable to connect to service: com.google.android.gms.auth.key.retrieval.service.START on com.google.android.gms
08-03 23:11:00.501   918  4413 I AccountManagerService: getTypesVisibleToCaller: isPermitted? true
08-03 23:11:00.503 24577 12112 I ChromeSync: [Persistence,AffiliationManager] One of affiliation or grouping data for android://bz0hZa4nAJEtd0n5sRlXG7KAqctUMWVefv7Ki4mh1p6slZ9YO-n9gS9j8m9YCrsIyI2wIxrDHraumF9Y6pBLTA==@baseline.com.ak.uobtimetable/ was not found. Marking affiliation data as stale...
08-03 23:11:00.555 18789 12119 I Finsky  : [6138] lyv.run(-1): Wrote row to frosting DB: 2086
08-03 23:11:00.573   918   928 I AccountManagerService: getTypesVisibleToCaller: isPermitted? true
08-03 23:11:00.609 18789 12119 I Finsky  : [6138] lyv.run(-1): Wrote row to frosting DB: 2087
08-03 23:11:00.628 24577 13294 I Icing   : IndexChimeraService.getServiceInterface callingPackage=com.google.android.gms componentName=AppsCorpus serviceId=36
08-03 23:11:00.661 24577 17902 W Icing   : No valid account for uploading user actions
08-03 23:11:00.693 24577 13293 I Icing   : IndexChimeraService.getServiceInterface callingPackage=com.google.android.gms componentName=null serviceId=30
08-03 23:11:00.727 18789 18789 I Finsky  : [1] xmu.a(8): SCH: Jobs in database: 1-1337 3-181 3-182 12-1 24-77777777 26-1414141414 
08-03 23:11:00.729 18789 18789 I Finsky  : [1] xio.a(57): SCH: ConstraintMapping: 24-77777777,  -> L: 0ms, D: 79140109ms, C: false, I: true, N: 0
08-03 23:11:00.730 18789 18789 I Finsky  : [1] xio.a(57): SCH: ConstraintMapping: 1-1337, 12-1,  -> L: 14657ms, D: 39292183ms, C: false, I: false, N: 1
08-03 23:11:00.730 18789 18789 I Finsky  : [1] xio.a(57): SCH: ConstraintMapping: 3-181,  -> L: 0ms, D: 70548485ms, C: false, I: true, N: 2
08-03 23:11:00.731 18789 18789 I Finsky  : [1] xio.a(57): SCH: ConstraintMapping: 3-182,  -> L: 0ms, D: 70548558ms, C: true, I: true, N: 2
08-03 23:11:00.731 18789 18789 I Finsky  : [1] xio.a(57): SCH: ConstraintMapping: 26-1414141414,  -> L: 164426ms, D: 1064426ms, C: false, I: false, N: 0
08-03 23:11:00.736 18789 12123 I Finsky  : [6139] gzn.a(-1): [ContentSync] finished, scheduled=true
08-03 23:11:00.750 18789 18789 I Finsky  : [1] xle.a(34): Cancelling existing jobscheduler jobs: 9005 9002 9007 9011 9001 9009 9003 9004 9008 9006 
08-03 23:11:00.751 18789 18789 I Finsky  : [1] xle.a(27): Scheduling job Id: 9000, L: 0, D: 79140109, C: false, I: true, N: 0
08-03 23:11:00.764 18789 18789 I Finsky  : [1] xle.a(27): Scheduling job Id: 9010, L: 14657, D: 39292183, C: false, I: false, N: 1
08-03 23:11:00.766 18789 18789 I Finsky  : [1] xle.a(27): Scheduling job Id: 9012, L: 0, D: 70548485, C: false, I: true, N: 2
08-03 23:11:00.767 18789 18789 I Finsky  : [1] xle.a(27): Scheduling job Id: 9013, L: 0, D: 70548558, C: true, I: true, N: 2
08-03 23:11:00.769 18789 18789 I Finsky  : [1] xle.a(27): Scheduling job Id: 9014, L: 164426, D: 1064426, C: false, I: false, N: 0
08-03 23:11:00.770 18789 18789 I Finsky  : [1] xle.a(27): Scheduling job Id: 9015, L: 0, D: 79140109, C: false, I: true, N: 0
08-03 23:11:00.772 18789 18789 I Finsky  : [1] xle.a(27): Scheduling job Id: 9016, L: 14657, D: 39292183, C: false, I: false, N: 1
08-03 23:11:00.773 18789 18789 I Finsky  : [1] xle.a(27): Scheduling job Id: 9017, L: 0, D: 70548485, C: false, I: true, N: 2
08-03 23:11:00.774 18789 18789 I Finsky  : [1] xle.a(27): Scheduling job Id: 9018, L: 0, D: 70548558, C: true, I: true, N: 2
08-03 23:11:00.775 18789 18789 I Finsky  : [1] xle.a(27): Scheduling job Id: 9019, L: 164426, D: 1064426, C: false, I: false, N: 0
08-03 23:11:00.877 12145 12145 D AndroidRuntime: >>>>>> START com.android.internal.os.RuntimeInit uid 2000 <<<<<<
08-03 23:11:00.881 12145 12145 D AndroidRuntime: CheckJNI is OFF
08-03 23:11:00.894 24577 17902 I Icing   : Usage reports ok 10, Failed Usage reports 0, indexed 0, rejected 0
08-03 23:11:00.897 24577 17902 W Icing   : No valid account for uploading user actions
08-03 23:11:00.898 24577 13293 I Icing   : IndexChimeraService.getServiceInterface callingPackage=com.google.android.gms componentName=null serviceId=36
08-03 23:11:00.907 12145 12145 D ICU     : No timezone override file found: /data/misc/zoneinfo/current/icu/icu_tzdata.dat
08-03 23:11:00.907 24577 17902 I Icing   : Usage reports ok 0, Failed Usage reports 0, indexed 0, rejected 0
08-03 23:11:00.908 24577 17902 I Icing   : Indexing com.google.android.gms-internal.3p:MobileApplication from com.google.android.gms using seqno 763
08-03 23:11:00.927 24577 17902 W Icing   : No valid account for uploading user actions
08-03 23:11:00.930 12145 12145 I Radio-JNI: register_android_hardware_Radio DONE
08-03 23:11:00.936 24577 17902 I Icing   : Usage reports ok 0, Failed Usage reports 0, indexed 0, rejected 0
08-03 23:11:00.946 12145 12145 D AndroidRuntime: Calling main entry com.android.commands.monkey.Monkey
08-03 23:11:00.960   918   931 W BroadcastQueue: Skipping deliver [background] BroadcastRecord{7c2d23d u-1 android.net.conn.CONNECTIVITY_CHANGE} to ReceiverList{2304a32 12145 (unknown name)/2000/u-1 remote:26f4fe7}: process crashing
08-03 23:11:00.969   918  6029 I ActivityManager: START u0 {act=android.intent.action.MAIN cat=[android.intent.category.LAUNCHER] flg=0x10200000 cmp=baseline.com.ak.uobtimetable/.MainActivity} from uid 2000 on display 0
08-03 23:11:00.988   918   928 I ActivityManager: Start proc 12155:baseline.com.ak.uobtimetable/u0a659 for activity baseline.com.ak.uobtimetable/.MainActivity
08-03 23:11:00.989 12155 12155 I art     : Late-enabling -Xcheck:jni
08-03 23:11:01.017 12145 12145 I art     : System.exit called, status: 0
08-03 23:11:01.017 12145 12145 I AndroidRuntime: VM exiting with result code 0.
08-03 23:11:01.024 12155 12155 W System  : ClassLoader referenced unknown path: /data/app/baseline.com.ak.uobtimetable-1/lib/arm64
08-03 23:11:01.033 12155 12155 E Application: Can't init Bugsnag - No key
08-03 23:11:01.033 12155 12155 E Application: java.lang.Exception: Can't init Bugsnag - No key
08-03 23:11:01.033 12155 12155 E Application: 	at baseline.com.ak.uobtimetable.Utilities.Logging.Logger.error(Logger.java:79)
08-03 23:11:01.033 12155 12155 E Application: 	at baseline.com.ak.uobtimetable.MyApplication.onCreate(MyApplication.java:52)
08-03 23:11:01.033 12155 12155 E Application: 	at android.app.Instrumentation.callApplicationOnCreate(Instrumentation.java:1013)
08-03 23:11:01.033 12155 12155 E Application: 	at android.app.ActivityThread.handleBindApplication(ActivityThread.java:4707)
08-03 23:11:01.033 12155 12155 E Application: 	at android.app.ActivityThread.-wrap1(ActivityThread.java)
08-03 23:11:01.033 12155 12155 E Application: 	at android.app.ActivityThread$H.handleMessage(ActivityThread.java:1405)
08-03 23:11:01.033 12155 12155 E Application: 	at android.os.Handler.dispatchMessage(Handler.java:102)
08-03 23:11:01.033 12155 12155 E Application: 	at android.os.Looper.loop(Looper.java:148)
08-03 23:11:01.033 12155 12155 E Application: 	at android.app.ActivityThread.main(ActivityThread.java:5417)
08-03 23:11:01.033 12155 12155 E Application: 	at java.lang.reflect.Method.invoke(Native Method)
08-03 23:11:01.033 12155 12155 E Application: 	at com.android.internal.os.ZygoteInit$MethodAndArgsCaller.run(ZygoteInit.java:726)
08-03 23:11:01.033 12155 12155 E Application: 	at com.android.internal.os.ZygoteInit.main(ZygoteInit.java:616)
08-03 23:11:01.035 12155 12155 I Application: API level: 23
08-03 23:11:01.036 12155 12155 I Application: API level name: M
08-03 23:11:01.036 12155 12155 I Application: Target API level: 29
08-03 23:11:01.036 12155 12155 I Application: Git commit hash: d26bf1fa
08-03 23:11:01.036 12155 12155 I Application: Git branch: master
08-03 23:11:01.037 12155 12155 I Application: Build type: Debug
08-03 23:11:01.040 12155 12155 I Application: Build keys: Release
08-03 23:11:01.041 12155 12155 I Application: Version code: 21
08-03 23:11:01.041 12155 12155 I Application: Version name: 2.5
08-03 23:11:01.041 12155 12155 I Application: Build date: 22:30 03/08/20
08-03 23:11:01.042 12155 12155 I Application: Package update date: 23:10 03/08/20
08-03 23:11:01.042 12155 12155 I SettingsManager: Getting int: launchCount
08-03 23:11:01.042 12155 12155 I SettingsManager: Setting int: launchCount
08-03 23:11:01.053   918  6029 W BackupManagerService: dataChanged but no participant pkg='baseline.com.ak.uobtimetable' uid=10659
08-03 23:11:01.053 12155 12155 I Application: Launch count: 1
08-03 23:11:01.056 12155 12155 I Application: Network: TYPE_WIFI
08-03 23:11:01.056 12155 12155 I Application: Tablet layout: false
08-03 23:11:01.070 12155 12155 W art     : Before Android 4.1, method android.graphics.PorterDuffColorFilter androidx.vectordrawable.graphics.drawable.VectorDrawableCompat.updateTintFilter(android.graphics.PorterDuffColorFilter, android.content.res.ColorStateList, android.graphics.PorterDuff$Mode) would have incorrectly overridden the package-private method in android.graphics.drawable.Drawable
08-03 23:11:01.075  6202  8771 I PBSessionCacheImpl: Deleted sessionId[27278280657311515] from persistence.
08-03 23:11:01.079  6202  6241 W SearchServiceCore: Abort, client detached.
08-03 23:11:01.079  6202  6241 I MicroDetectionState: Should stop hotword detection immediately - true
08-03 23:11:01.084 12155 12155 I art     : Rejecting re-init on previously-failed class java.lang.Class<androidx.core.view.ViewCompat$OnUnhandledKeyEventListenerWrapper>
08-03 23:11:01.084 12155 12155 I art     : Rejecting re-init on previously-failed class java.lang.Class<androidx.core.view.ViewCompat$OnUnhandledKeyEventListenerWrapper>
08-03 23:11:01.143 12155 12155 D MainActivity: onCreate
08-03 23:11:01.143 12155 12155 I SettingsManager: Getting string: savedSessions
08-03 23:11:01.143 12155 12155 I Settings: No saved sessions
08-03 23:11:01.174 12155 12155 I SettingsManager: Getting string: savedCourse
08-03 23:11:01.177   918  6112 I ActivityManager: START u0 {flg=0x14000000 cmp=baseline.com.ak.uobtimetable/.WelcomeActivity} from uid 10659 on display 0
08-03 23:11:01.201 12155 12155 D MainActivity: OnResume
08-03 23:11:01.212  8703  8703 I ServiceManager: Waiting for service AtCmdFwd...
08-03 23:11:01.216 12155 12170 D OpenGLRenderer: Use EGL_SWAP_BEHAVIOR_PRESERVED: true
08-03 23:11:01.242 12155 12155 D MainActivity: OnPause
08-03 23:11:01.417 12155 12170 I Adreno  : QUALCOMM build                   : fcf4852, I1af360237c
08-03 23:11:01.417 12155 12170 I Adreno  : Build Date                       : 09/23/15
08-03 23:11:01.417 12155 12170 I Adreno  : OpenGL ES Shader Compiler Version: XE031.05.13.02
08-03 23:11:01.417 12155 12170 I Adreno  : Local Branch                     : mybranch14465806
08-03 23:11:01.417 12155 12170 I Adreno  : Remote Branch                    : quic/LA.BF64.1.2.9_v2
08-03 23:11:01.417 12155 12170 I Adreno  : Remote Branch                    : NONE
08-03 23:11:01.417 12155 12170 I Adreno  : Reconstruct Branch               : NOTHING
08-03 23:11:01.422 12155 12170 I OpenGLRenderer: Initialized EGL, version 1.4
08-03 23:11:01.620   918   936 I ActivityManager: Displayed baseline.com.ak.uobtimetable/.WelcomeActivity: +377ms (total +645ms)
08-03 23:11:01.622 13866 13866 I GoogleInputMethodServic: GoogleInputMethodService.onFinishInput():3138 
08-03 23:11:01.623 13866 13866 I GoogleInputMethodServic: GoogleInputMethodService.onStartInput():1808 
08-03 23:11:01.781 12155 12155 D MainActivity: Saving state
08-03 23:11:01.899 24577 17902 I Icing   : Indexing com.google.android.gms-apps from com.google.android.gms
08-03 23:11:01.980 24577 17902 I Icing   : Indexing done com.google.android.gms-apps
08-03 23:11:02.213  8703  8703 W Atfwd_Sendcmd: AtCmdFwd service not published, waiting... retryCnt : 5
08-03 23:11:02.640 12184 12184 D AndroidRuntime: >>>>>> START com.android.internal.os.RuntimeInit uid 2000 <<<<<<
08-03 23:11:02.647 12184 12184 D AndroidRuntime: CheckJNI is OFF
08-03 23:11:02.680 12184 12184 D ICU     : No timezone override file found: /data/misc/zoneinfo/current/icu/icu_tzdata.dat
08-03 23:11:02.716 12184 12184 I Radio-JNI: register_android_hardware_Radio DONE
08-03 23:11:02.734 12184 12184 D AndroidRuntime: Calling main entry com.android.commands.am.Am
08-03 23:11:02.747  8825  8825 I Trepn   : Trepn 6.2s: Received intent: com.quicinc.trepn.start_profiling
08-03 23:11:02.922  8825  8825 W FileUtils: Failed to chmod(/storage/emulated/0/trepn/Trepn_2020.08.03_231102.db): android.system.ErrnoException: chmod failed: EPERM (Operation not permitted)
08-03 23:11:03.015  8825 12210 D OpenGLRenderer: Use EGL_SWAP_BEHAVIOR_PRESERVED: true
08-03 23:11:03.143  8825  8825 I Trepn   : Trepn 6.2s: Trepn has Started Profiling.
08-03 23:11:03.145 12184 12184 D AndroidRuntime: Shutting down VM
08-03 23:11:03.170  8825 12210 I Adreno  : QUALCOMM build                   : fcf4852, I1af360237c
08-03 23:11:03.170  8825 12210 I Adreno  : Build Date                       : 09/23/15
08-03 23:11:03.170  8825 12210 I Adreno  : OpenGL ES Shader Compiler Version: XE031.05.13.02
08-03 23:11:03.170  8825 12210 I Adreno  : Local Branch                     : mybranch14465806
08-03 23:11:03.170  8825 12210 I Adreno  : Remote Branch                    : quic/LA.BF64.1.2.9_v2
08-03 23:11:03.170  8825 12210 I Adreno  : Remote Branch                    : NONE
08-03 23:11:03.170  8825 12210 I Adreno  : Reconstruct Branch               : NOTHING
08-03 23:11:03.180  8825 12210 I OpenGLRenderer: Initialized EGL, version 1.4
08-03 23:11:03.626 12155 12167 I art     : Starting a blocking GC Explicit
08-03 23:11:03.653 12155 12167 I art     : Explicit concurrent mark sweep GC freed 13004(1432KB) AllocSpace objects, 3(1360KB) LOS objects, 40% free, 21MB/36MB, paused 180us total 26.209ms
08-03 23:11:03.664 12155 12167 I art     : Starting a blocking GC Explicit
08-03 23:11:03.675 12155 12167 I art     : Explicit concurrent mark sweep GC freed 582(26KB) AllocSpace objects, 0(0B) LOS objects, 40% free, 21MB/36MB, paused 96us total 10.650ms
08-03 23:11:03.681 12155 12167 I art     : Starting a blocking GC Explicit
08-03 23:11:03.691 12155 12167 I art     : Explicit concurrent mark sweep GC freed 3(96B) AllocSpace objects, 0(0B) LOS objects, 40% free, 21MB/36MB, paused 95us total 9.574ms
08-03 23:11:03.696 12155 12167 I art     : Starting a blocking GC Explicit
08-03 23:11:03.706 12155 12167 I art     : Explicit concurrent mark sweep GC freed 3(96B) AllocSpace objects, 0(0B) LOS objects, 40% free, 21MB/36MB, paused 93us total 9.512ms
08-03 23:11:03.712 12155 12167 I art     : Starting a blocking GC Explicit
08-03 23:11:03.722 12155 12167 I art     : Explicit concurrent mark sweep GC freed 3(96B) AllocSpace objects, 0(0B) LOS objects, 40% free, 21MB/36MB, paused 94us total 9.695ms
08-03 23:11:03.992 12155 12166 I art     : Starting a blocking GC Explicit
08-03 23:11:04.004 12155 12166 I art     : Explicit concurrent mark sweep GC freed 1271(74KB) AllocSpace objects, 1(20KB) LOS objects, 40% free, 21MB/36MB, paused 116us total 12.373ms
08-03 23:11:04.013 12155 12166 I art     : Starting a blocking GC Explicit
08-03 23:11:04.026 12155 12166 I art     : Explicit concurrent mark sweep GC freed 18(624B) AllocSpace objects, 0(0B) LOS objects, 40% free, 21MB/36MB, paused 100us total 12.695ms
08-03 23:11:04.035 12155 12166 I art     : Starting a blocking GC Explicit
08-03 23:11:04.045 12155 12166 I art     : Explicit concurrent mark sweep GC freed 3(96B) AllocSpace objects, 0(0B) LOS objects, 40% free, 21MB/36MB, paused 92us total 9.846ms
08-03 23:11:04.051 12155 12166 I art     : Starting a blocking GC Explicit
08-03 23:11:04.062 12155 12166 I art     : Explicit concurrent mark sweep GC freed 3(96B) AllocSpace objects, 0(0B) LOS objects, 40% free, 21MB/36MB, paused 96us total 10.353ms
08-03 23:11:04.067 12155 12166 I art     : Starting a blocking GC Explicit
08-03 23:11:04.076 12155 12166 I art     : Explicit concurrent mark sweep GC freed 3(96B) AllocSpace objects, 0(0B) LOS objects, 40% free, 21MB/36MB, paused 99us total 8.955ms
08-03 23:11:04.347 12155 12167 I art     : Starting a blocking GC Explicit
08-03 23:11:04.358 12155 12167 I art     : Explicit concurrent mark sweep GC freed 1269(74KB) AllocSpace objects, 1(20KB) LOS objects, 40% free, 21MB/36MB, paused 101us total 10.818ms
08-03 23:11:04.364 12155 12167 I art     : Starting a blocking GC Explicit
08-03 23:11:04.375 12155 12167 I art     : Explicit concurrent mark sweep GC freed 18(624B) AllocSpace objects, 0(0B) LOS objects, 40% free, 21MB/36MB, paused 102us total 10.275ms
08-03 23:11:04.381 12155 12167 I art     : Starting a blocking GC Explicit
08-03 23:11:04.391 12155 12167 I art     : Explicit concurrent mark sweep GC freed 3(96B) AllocSpace objects, 0(0B) LOS objects, 40% free, 21MB/36MB, paused 92us total 10.327ms
08-03 23:11:04.397 12155 12167 I art     : Starting a blocking GC Explicit
08-03 23:11:04.408 12155 12167 I art     : Explicit concurrent mark sweep GC freed 3(96B) AllocSpace objects, 0(0B) LOS objects, 40% free, 21MB/36MB, paused 100us total 10.226ms
08-03 23:11:04.414 12155 12167 I art     : Starting a blocking GC Explicit
08-03 23:11:04.424 12155 12167 I art     : Explicit concurrent mark sweep GC freed 3(96B) AllocSpace objects, 0(0B) LOS objects, 40% free, 21MB/36MB, paused 92us total 9.967ms
08-03 23:11:04.694 12155 12166 I art     : Starting a blocking GC Explicit
08-03 23:11:04.709 12155 12166 I art     : Explicit concurrent mark sweep GC freed 1268(74KB) AllocSpace objects, 1(20KB) LOS objects, 40% free, 21MB/36MB, paused 122us total 15.124ms
08-03 23:11:04.719 12155 12166 I art     : Starting a blocking GC Explicit
08-03 23:11:04.729 12155 12166 I art     : Explicit concurrent mark sweep GC freed 18(624B) AllocSpace objects, 0(0B) LOS objects, 40% free, 21MB/36MB, paused 91us total 10.312ms
08-03 23:11:04.735 12155 12166 I art     : Starting a blocking GC Explicit
08-03 23:11:04.746 12155 12166 I art     : Explicit concurrent mark sweep GC freed 3(96B) AllocSpace objects, 0(0B) LOS objects, 40% free, 21MB/36MB, paused 94us total 10.317ms
08-03 23:11:04.752 12155 12166 I art     : Starting a blocking GC Explicit
08-03 23:11:04.762 12155 12166 I art     : Explicit concurrent mark sweep GC freed 3(96B) AllocSpace objects, 0(0B) LOS objects, 40% free, 21MB/36MB, paused 90us total 10.216ms
08-03 23:11:04.768 12155 12166 I art     : Starting a blocking GC Explicit
08-03 23:11:04.778 12155 12166 I art     : Explicit concurrent mark sweep GC freed 3(96B) AllocSpace objects, 0(0B) LOS objects, 40% free, 21MB/36MB, paused 92us total 9.935ms
08-03 23:11:05.067 12155 12167 I art     : Starting a blocking GC Explicit
08-03 23:11:05.082 12155 12167 I art     : Explicit concurrent mark sweep GC freed 1268(74KB) AllocSpace objects, 1(20KB) LOS objects, 40% free, 21MB/36MB, paused 133us total 14.700ms
08-03 23:11:05.091 12155 12167 I art     : Starting a blocking GC Explicit
08-03 23:11:05.102 12155 12167 I art     : Explicit concurrent mark sweep GC freed 18(624B) AllocSpace objects, 0(0B) LOS objects, 40% free, 21MB/36MB, paused 103us total 10.721ms
08-03 23:11:05.108 12155 12167 I art     : Starting a blocking GC Explicit
08-03 23:11:05.119 12155 12167 I art     : Explicit concurrent mark sweep GC freed 3(96B) AllocSpace objects, 0(0B) LOS objects, 40% free, 21MB/36MB, paused 99us total 9.883ms
08-03 23:11:05.125 12155 12167 I art     : Starting a blocking GC Explicit
08-03 23:11:05.135 12155 12167 I art     : Explicit concurrent mark sweep GC freed 3(96B) AllocSpace objects, 0(0B) LOS objects, 40% free, 21MB/36MB, paused 99us total 9.411ms
08-03 23:11:05.140 12155 12167 I art     : Starting a blocking GC Explicit
08-03 23:11:05.150 12155 12167 I art     : Explicit concurrent mark sweep GC freed 3(96B) AllocSpace objects, 0(0B) LOS objects, 40% free, 21MB/36MB, paused 92us total 9.647ms
08-03 23:11:05.437 12155 12166 I art     : Starting a blocking GC Explicit
08-03 23:11:05.449 12155 12166 I art     : Explicit concurrent mark sweep GC freed 1268(74KB) AllocSpace objects, 1(20KB) LOS objects, 40% free, 21MB/36MB, paused 101us total 12.314ms
08-03 23:11:05.455 12155 12166 I art     : Starting a blocking GC Explicit
08-03 23:11:05.466 12155 12166 I art     : Explicit concurrent mark sweep GC freed 18(624B) AllocSpace objects, 0(0B) LOS objects, 40% free, 21MB/36MB, paused 100us total 10.718ms
08-03 23:11:05.473 12155 12166 I art     : Starting a blocking GC Explicit
08-03 23:11:05.483 12155 12166 I art     : Explicit concurrent mark sweep GC freed 3(96B) AllocSpace objects, 0(0B) LOS objects, 40% free, 21MB/36MB, paused 89us total 9.948ms
08-03 23:11:05.489 12155 12166 I art     : Starting a blocking GC Explicit
08-03 23:11:05.499 12155 12166 I art     : Explicit concurrent mark sweep GC freed 3(96B) AllocSpace objects, 0(0B) LOS objects, 40% free, 21MB/36MB, paused 92us total 9.817ms
08-03 23:11:05.505 12155 12166 I art     : Starting a blocking GC Explicit
08-03 23:11:05.515 12155 12166 I art     : Explicit concurrent mark sweep GC freed 3(96B) AllocSpace objects, 0(0B) LOS objects, 40% free, 21MB/36MB, paused 91us total 9.943ms
08-03 23:11:05.806 12155 12167 I art     : Starting a blocking GC Explicit
08-03 23:11:05.819 12155 12167 I art     : Explicit concurrent mark sweep GC freed 1268(74KB) AllocSpace objects, 1(20KB) LOS objects, 40% free, 21MB/36MB, paused 114us total 13.250ms
08-03 23:11:05.829 12155 12167 I art     : Starting a blocking GC Explicit
08-03 23:11:05.839 12155 12167 I art     : Explicit concurrent mark sweep GC freed 18(624B) AllocSpace objects, 0(0B) LOS objects, 40% free, 21MB/36MB, paused 91us total 9.870ms
08-03 23:11:05.845 12155 12167 I art     : Starting a blocking GC Explicit
08-03 23:11:05.855 12155 12167 I art     : Explicit concurrent mark sweep GC freed 3(96B) AllocSpace objects, 0(0B) LOS objects, 40% free, 21MB/36MB, paused 95us total 9.761ms
08-03 23:11:05.860 12155 12167 I art     : Starting a blocking GC Explicit
08-03 23:11:05.870 12155 12167 I art     : Explicit concurrent mark sweep GC freed 3(96B) AllocSpace objects, 0(0B) LOS objects, 40% free, 21MB/36MB, paused 123us total 9.874ms
08-03 23:11:05.876 12155 12167 I art     : Starting a blocking GC Explicit
08-03 23:11:05.886 12155 12167 I art     : Explicit concurrent mark sweep GC freed 3(96B) AllocSpace objects, 0(0B) LOS objects, 40% free, 21MB/36MB, paused 95us total 9.569ms
08-03 23:11:06.184 12155 12166 I art     : Starting a blocking GC Explicit
08-03 23:11:06.202 12155 12166 I art     : Explicit concurrent mark sweep GC freed 1268(74KB) AllocSpace objects, 1(20KB) LOS objects, 40% free, 21MB/36MB, paused 139us total 17.781ms
08-03 23:11:06.213 12155 12166 I art     : Starting a blocking GC Explicit
08-03 23:11:06.223 12155 12166 I art     : Explicit concurrent mark sweep GC freed 18(624B) AllocSpace objects, 0(0B) LOS objects, 40% free, 21MB/36MB, paused 99us total 10.673ms
08-03 23:11:06.230 12155 12166 I art     : Starting a blocking GC Explicit
08-03 23:11:06.240 12155 12166 I art     : Explicit concurrent mark sweep GC freed 3(96B) AllocSpace objects, 0(0B) LOS objects, 40% free, 21MB/36MB, paused 90us total 9.978ms
08-03 23:11:06.246 12155 12166 I art     : Starting a blocking GC Explicit
08-03 23:11:06.256 12155 12166 I art     : Explicit concurrent mark sweep GC freed 3(96B) AllocSpace objects, 0(0B) LOS objects, 40% free, 21MB/36MB, paused 91us total 9.753ms
08-03 23:11:06.262 12155 12166 I art     : Starting a blocking GC Explicit
08-03 23:11:06.272 12155 12166 I art     : Explicit concurrent mark sweep GC freed 3(96B) AllocSpace objects, 0(0B) LOS objects, 40% free, 21MB/36MB, paused 92us total 9.835ms
08-03 23:11:06.571 12155 12167 I art     : Starting a blocking GC Explicit
08-03 23:11:06.586 12155 12167 I art     : Explicit concurrent mark sweep GC freed 1268(74KB) AllocSpace objects, 1(20KB) LOS objects, 40% free, 21MB/36MB, paused 138us total 14.968ms
08-03 23:11:06.596 12155 12167 I art     : Starting a blocking GC Explicit
08-03 23:11:06.607 12155 12167 I art     : Explicit concurrent mark sweep GC freed 18(624B) AllocSpace objects, 0(0B) LOS objects, 40% free, 21MB/36MB, paused 99us total 10.533ms
08-03 23:11:06.614 12155 12167 I art     : Starting a blocking GC Explicit
08-03 23:11:06.624 12155 12167 I art     : Explicit concurrent mark sweep GC freed 3(96B) AllocSpace objects, 0(0B) LOS objects, 40% free, 21MB/36MB, paused 95us total 10.230ms
08-03 23:11:06.630 12155 12167 I art     : Starting a blocking GC Explicit
08-03 23:11:06.640 12155 12167 I art     : Explicit concurrent mark sweep GC freed 3(96B) AllocSpace objects, 0(0B) LOS objects, 40% free, 21MB/36MB, paused 90us total 9.808ms
08-03 23:11:06.646 12155 12167 I art     : Starting a blocking GC Explicit
08-03 23:11:06.656 12155 12167 I art     : Explicit concurrent mark sweep GC freed 3(96B) AllocSpace objects, 0(0B) LOS objects, 40% free, 21MB/36MB, paused 95us total 9.847ms
08-03 23:11:06.940 12155 12166 I art     : Starting a blocking GC Explicit
08-03 23:11:06.951 12155 12166 I art     : Explicit concurrent mark sweep GC freed 1268(74KB) AllocSpace objects, 1(20KB) LOS objects, 40% free, 21MB/36MB, paused 99us total 10.668ms
08-03 23:11:06.957 12155 12166 I art     : Starting a blocking GC Explicit
08-03 23:11:06.966 12155 12166 I art     : Explicit concurrent mark sweep GC freed 18(624B) AllocSpace objects, 0(0B) LOS objects, 40% free, 21MB/36MB, paused 89us total 8.980ms
08-03 23:11:06.972 12155 12166 I art     : Starting a blocking GC Explicit
08-03 23:11:06.981 12155 12166 I art     : Explicit concurrent mark sweep GC freed 3(96B) AllocSpace objects, 0(0B) LOS objects, 40% free, 21MB/36MB, paused 78us total 8.952ms
08-03 23:11:06.986 12155 12166 I art     : Starting a blocking GC Explicit
08-03 23:11:06.995 12155 12166 I art     : Explicit concurrent mark sweep GC freed 3(96B) AllocSpace objects, 0(0B) LOS objects, 40% free, 21MB/36MB, paused 91us total 8.616ms
08-03 23:11:07.000 12155 12166 I art     : Starting a blocking GC Explicit
08-03 23:11:07.009 12155 12166 I art     : Explicit concurrent mark sweep GC freed 3(96B) AllocSpace objects, 0(0B) LOS objects, 40% free, 21MB/36MB, paused 86us total 8.472ms
08-03 23:11:07.277 12155 12167 I art     : Starting a blocking GC Explicit
08-03 23:11:07.290 12155 12167 I art     : Explicit concurrent mark sweep GC freed 1268(74KB) AllocSpace objects, 1(20KB) LOS objects, 40% free, 21MB/36MB, paused 105us total 12.329ms
08-03 23:11:07.296 12155 12167 I art     : Starting a blocking GC Explicit
08-03 23:11:07.307 12155 12167 I art     : Explicit concurrent mark sweep GC freed 18(624B) AllocSpace objects, 0(0B) LOS objects, 40% free, 21MB/36MB, paused 202us total 10.781ms
08-03 23:11:07.313 12155 12167 I art     : Starting a blocking GC Explicit
08-03 23:11:07.323 12155 12167 I art     : Explicit concurrent mark sweep GC freed 3(96B) AllocSpace objects, 0(0B) LOS objects, 40% free, 21MB/36MB, paused 97us total 9.844ms
08-03 23:11:07.330 12155 12167 I art     : Starting a blocking GC Explicit
08-03 23:11:07.339 12155 12167 I art     : Explicit concurrent mark sweep GC freed 3(96B) AllocSpace objects, 0(0B) LOS objects, 40% free, 21MB/36MB, paused 94us total 9.766ms
08-03 23:11:07.345 12155 12167 I art     : Starting a blocking GC Explicit
08-03 23:11:07.355 12155 12167 I art     : Explicit concurrent mark sweep GC freed 3(96B) AllocSpace objects, 0(0B) LOS objects, 40% free, 21MB/36MB, paused 96us total 9.828ms
08-03 23:11:07.624 12155 12166 I art     : Starting a blocking GC Explicit
08-03 23:11:07.637 12155 12166 I art     : Explicit concurrent mark sweep GC freed 1268(74KB) AllocSpace objects, 1(20KB) LOS objects, 40% free, 21MB/36MB, paused 107us total 12.748ms
08-03 23:11:07.649 12155 12166 I art     : Starting a blocking GC Explicit
08-03 23:11:07.661 12155 12166 I art     : Explicit concurrent mark sweep GC freed 18(624B) AllocSpace objects, 0(0B) LOS objects, 40% free, 21MB/36MB, paused 94us total 11.512ms
08-03 23:11:07.667 12155 12166 I art     : Starting a blocking GC Explicit
08-03 23:11:07.677 12155 12166 I art     : Explicit concurrent mark sweep GC freed 3(96B) AllocSpace objects, 0(0B) LOS objects, 40% free, 21MB/36MB, paused 84us total 9.750ms
08-03 23:11:07.683 12155 12166 I art     : Starting a blocking GC Explicit
08-03 23:11:07.693 12155 12166 I art     : Explicit concurrent mark sweep GC freed 3(96B) AllocSpace objects, 0(0B) LOS objects, 40% free, 21MB/36MB, paused 81us total 9.785ms
08-03 23:11:07.699 12155 12166 I art     : Starting a blocking GC Explicit
08-03 23:11:07.708 12155 12166 I art     : Explicit concurrent mark sweep GC freed 3(96B) AllocSpace objects, 0(0B) LOS objects, 40% free, 21MB/36MB, paused 83us total 9.473ms
08-03 23:11:08.004 12155 12167 I art     : Starting a blocking GC Explicit
08-03 23:11:08.017 12155 12167 I art     : Explicit concurrent mark sweep GC freed 1268(74KB) AllocSpace objects, 1(20KB) LOS objects, 40% free, 21MB/36MB, paused 147us total 12.402ms
08-03 23:11:08.024 12155 12167 I art     : Starting a blocking GC Explicit
08-03 23:11:08.035 12155 12167 I art     : Explicit concurrent mark sweep GC freed 18(624B) AllocSpace objects, 0(0B) LOS objects, 40% free, 21MB/36MB, paused 105us total 11.084ms
08-03 23:11:08.041 12155 12167 I art     : Starting a blocking GC Explicit
08-03 23:11:08.051 12155 12167 I art     : Explicit concurrent mark sweep GC freed 3(96B) AllocSpace objects, 0(0B) LOS objects, 40% free, 21MB/36MB, paused 101us total 9.957ms
08-03 23:11:08.057 12155 12167 I art     : Starting a blocking GC Explicit
08-03 23:11:08.066 12155 12167 I art     : Explicit concurrent mark sweep GC freed 3(96B) AllocSpace objects, 0(0B) LOS objects, 40% free, 21MB/36MB, paused 99us total 9.475ms
08-03 23:11:08.072 12155 12167 I art     : Starting a blocking GC Explicit
08-03 23:11:08.081 12155 12167 I art     : Explicit concurrent mark sweep GC freed 3(96B) AllocSpace objects, 0(0B) LOS objects, 40% free, 21MB/36MB, paused 91us total 8.881ms
08-03 23:11:08.296 12355 12355 D AndroidRuntime: >>>>>> START com.android.internal.os.RuntimeInit uid 2000 <<<<<<
08-03 23:11:08.300 12355 12355 D AndroidRuntime: CheckJNI is OFF
08-03 23:11:08.325 12355 12355 D ICU     : No timezone override file found: /data/misc/zoneinfo/current/icu/icu_tzdata.dat
08-03 23:11:08.350 12355 12355 I Radio-JNI: register_android_hardware_Radio DONE
08-03 23:11:08.366 12355 12355 D AndroidRuntime: Calling main entry com.android.commands.input.Input
08-03 23:11:08.368 12355 12355 I Input   : injectMotionEvent: MotionEvent { action=ACTION_DOWN, actionButton=0, id[0]=0, x[0]=711.0, y[0]=1664.0, toolType[0]=TOOL_TYPE_UNKNOWN, buttonState=0, metaState=0, flags=0x0, edgeFlags=0x0, pointerCount=1, historySize=0, eventTime=659484780, downTime=659484780, deviceId=0, source=0x1002 }
08-03 23:11:08.372 12355 12355 I Input   : injectMotionEvent: MotionEvent { action=ACTION_UP, actionButton=0, id[0]=0, x[0]=711.0, y[0]=1664.0, toolType[0]=TOOL_TYPE_UNKNOWN, buttonState=0, metaState=0, flags=0x0, edgeFlags=0x0, pointerCount=1, historySize=0, eventTime=659484780, downTime=659484780, deviceId=0, source=0x1002 }
08-03 23:11:08.373 12355 12355 D AndroidRuntime: Shutting down VM
08-03 23:11:08.374 12155 12166 I art     : Starting a blocking GC Explicit
08-03 23:11:08.385 12155 12166 I art     : Explicit concurrent mark sweep GC freed 1297(75KB) AllocSpace objects, 1(20KB) LOS objects, 40% free, 21MB/36MB, paused 203us total 10.875ms
08-03 23:11:08.392   918  6111 I ActivityManager: START u0 {flg=0x14000000 cmp=baseline.com.ak.uobtimetable/.CourseListActivity} from uid 10659 on display 0
08-03 23:11:08.392 12155 12166 I art     : Starting a blocking GC Explicit
08-03 23:11:08.393   512  2967 D audio_hw_primary: out_set_parameters: enter: usecase(1: low-latency-playback) kvpairs: routing=2
08-03 23:11:08.405 12155 12166 I art     : Explicit concurrent mark sweep GC freed 84(10KB) AllocSpace objects, 0(0B) LOS objects, 40% free, 21MB/36MB, paused 93us total 12.226ms
08-03 23:11:08.406   512  2967 D audio_hw_primary: select_devices: out_snd_device(2: speaker) in_snd_device(0: none)
08-03 23:11:08.406   512  2967 D msm8974_platform: platform_send_audio_calibration: sending audio calibration for snd_device(2) acdb_id(15)
08-03 23:11:08.406   512  2967 I soundtrigger: audio_extn_sound_trigger_update_device_status: device 0x2 of type 0 for Event 1
08-03 23:11:08.411 12155 12166 I art     : Starting a blocking GC Explicit
08-03 23:11:08.416   512  2967 D audio_hw_primary: enable_snd_device: snd_device(2: speaker)
08-03 23:11:08.418   512  2967 D audio_hw_primary: enable_audio_route: apply and update mixer path: low-latency-playback speaker
08-03 23:11:08.421 12155 12166 I art     : Explicit concurrent mark sweep GC freed 1174(76KB) AllocSpace objects, 0(0B) LOS objects, 40% free, 21MB/36MB, paused 237us total 10.385ms
08-03 23:11:08.427 12155 12166 I art     : Starting a blocking GC Explicit
08-03 23:11:08.439 12155 12166 I art     : Explicit concurrent mark sweep GC freed 746(50KB) AllocSpace objects, 0(0B) LOS objects, 40% free, 21MB/36MB, paused 203us total 12.154ms
08-03 23:11:08.444 12155 12155 D CourseListActivity: onCreate
08-03 23:11:08.446 12155 12166 I art     : Starting a blocking GC Explicit
08-03 23:11:08.458 12155 12166 I art     : Explicit concurrent mark sweep GC freed 531(64KB) AllocSpace objects, 0(0B) LOS objects, 40% free, 22MB/36MB, paused 441us total 12.115ms
08-03 23:11:08.475 12155 12380 D HTTP    : Request for: https://uob-timetable-api.adriankeenan.co.uk/courses
08-03 23:11:08.519 13866 13866 I GoogleInputMethodServic: GoogleInputMethodService.onFinishInput():3138 
08-03 23:11:08.519   918   936 I ActivityManager: Displayed baseline.com.ak.uobtimetable/.CourseListActivity: +116ms
08-03 23:11:08.519 13866 13866 I GoogleInputMethodServic: GoogleInputMethodService.onStartInput():1808 
08-03 23:11:08.534 12155 12170 D OpenGLRenderer: endAllStagingAnimators on 0x7f994c3800 (RippleDrawable) with handle 0x7f9a1d07c0
08-03 23:11:08.667 12155 12381 I art     : Starting a blocking GC Explicit
08-03 23:11:08.682 12155 12381 I art     : Explicit concurrent mark sweep GC freed 2802(209KB) AllocSpace objects, 1(20KB) LOS objects, 40% free, 22MB/37MB, paused 140us total 14.680ms
08-03 23:11:08.689 12155 12381 I art     : Starting a blocking GC Explicit
08-03 23:11:08.706 12155 12381 I art     : Explicit concurrent mark sweep GC freed 52(1856B) AllocSpace objects, 0(0B) LOS objects, 40% free, 22MB/37MB, paused 185us total 16.557ms
08-03 23:11:08.714 12155 12381 I art     : Starting a blocking GC Explicit
08-03 23:11:08.729 12155 12381 I art     : Explicit concurrent mark sweep GC freed 5(160B) AllocSpace objects, 0(0B) LOS objects, 40% free, 22MB/37MB, paused 200us total 14.948ms
08-03 23:11:08.738 12155 12381 I art     : Starting a blocking GC Explicit
08-03 23:11:08.753 12155 12381 I art     : Explicit concurrent mark sweep GC freed 4(128B) AllocSpace objects, 0(0B) LOS objects, 40% free, 22MB/37MB, paused 205us total 14.791ms
08-03 23:11:08.760 12155 12381 I art     : Starting a blocking GC Explicit
08-03 23:11:08.775 12155 12381 I art     : Explicit concurrent mark sweep GC freed 5(160B) AllocSpace objects, 0(0B) LOS objects, 40% free, 22MB/37MB, paused 191us total 15.170ms
08-03 23:11:08.958   512  2967 D audio_hw_primary: disable_audio_route: reset and update mixer path: low-latency-playback speaker
08-03 23:11:08.959   512  2967 D audio_hw_primary: disable_snd_device: snd_device(2: speaker)
08-03 23:11:08.969   512  2967 I soundtrigger: audio_extn_sound_trigger_update_device_status: device 0x2 of type 0 for Event 0
08-03 23:11:08.971 12155 12380 I NAPPA_EXPERIMENTATION: MetricNetworkRequestExecutionTime: REQUEST_DURATION_SYSTEM='492',REQUEST_DURATION_OKHTTP='32',REQUEST_SYNCHRONOUS='TRUE',RESPONSE_CODE='200',RESPONSE_METHOD='GET',RESPONSE_LENGTH_OKHTTP='-1',RESPONSE_LENGTH_HEADER='-2',REQUEST_PROTOCOL='http/1.1',REQUEST_URL='https://uob-timetable-api.adriankeenan.co.uk/courses',
08-03 23:11:09.037 12155 12166 I art     : Starting a blocking GC Explicit
08-03 23:11:09.055 12155 12166 I art     : Explicit concurrent mark sweep GC freed 4199(267KB) AllocSpace objects, 4(220KB) LOS objects, 34% free, 30MB/46MB, paused 230us total 17.084ms
08-03 23:11:09.062 12155 12166 I art     : Starting a blocking GC Explicit
08-03 23:11:09.076 12155 12166 I art     : Explicit concurrent mark sweep GC freed 1046(119KB) AllocSpace objects, 0(0B) LOS objects, 33% free, 31MB/47MB, paused 180us total 13.738ms
08-03 23:11:09.083 12155 12166 I art     : Starting a blocking GC Explicit
08-03 23:11:09.095 12155 12166 I art     : Explicit concurrent mark sweep GC freed 18(592B) AllocSpace objects, 0(0B) LOS objects, 32% free, 33MB/49MB, paused 154us total 11.725ms
08-03 23:11:09.101 12155 12166 I art     : Starting a blocking GC Explicit
08-03 23:11:09.114 12155 12166 I art     : Explicit concurrent mark sweep GC freed 1210(6MB) AllocSpace objects, 0(0B) LOS objects, 31% free, 34MB/50MB, paused 166us total 13.650ms
08-03 23:11:09.120 12155 12166 I art     : Starting a blocking GC Explicit
08-03 23:11:09.131 12155 12166 I art     : Explicit concurrent mark sweep GC freed 734(4MB) AllocSpace objects, 0(0B) LOS objects, 26% free, 44MB/60MB, paused 135us total 10.637ms
08-03 23:11:09.301 12155 12380 I HTTP    : Response was compressed.
08-03 23:11:09.392 12155 12381 I art     : Starting a blocking GC Explicit
08-03 23:11:09.407 12155 12381 I art     : Explicit concurrent mark sweep GC freed 13121(620KB) AllocSpace objects, 0(0B) LOS objects, 29% free, 37MB/53MB, paused 241us total 14.448ms
08-03 23:11:09.413 12155 12381 I art     : Starting a blocking GC Explicit
08-03 23:11:09.425 12155 12381 I art     : Explicit concurrent mark sweep GC freed 10452(502KB) AllocSpace objects, 0(0B) LOS objects, 29% free, 37MB/53MB, paused 204us total 12.523ms
08-03 23:11:09.432 12155 12381 I art     : Starting a blocking GC Explicit
08-03 23:11:09.445 12155 12381 I art     : Explicit concurrent mark sweep GC freed 10524(507KB) AllocSpace objects, 0(0B) LOS objects, 29% free, 38MB/54MB, paused 205us total 12.754ms
08-03 23:11:09.451 12155 12381 I art     : Starting a blocking GC Explicit
08-03 23:11:09.463 12155 12381 I art     : Explicit concurrent mark sweep GC freed 10530(489KB) AllocSpace objects, 0(0B) LOS objects, 29% free, 38MB/54MB, paused 211us total 12.758ms
08-03 23:11:09.470 12155 12381 I art     : Starting a blocking GC Explicit
08-03 23:11:09.482 12155 12381 I art     : Explicit concurrent mark sweep GC freed 10171(483KB) AllocSpace objects, 0(0B) LOS objects, 29% free, 38MB/54MB, paused 288us total 12.255ms
08-03 23:11:09.751 12155 12381 I art     : Starting a blocking GC Explicit
08-03 23:11:09.780 12155 12381 I art     : Explicit concurrent mark sweep GC freed 159801(7MB) AllocSpace objects, 1(20KB) LOS objects, 28% free, 39MB/55MB, paused 320us total 28.990ms
08-03 23:11:09.788 12155 12381 I art     : Starting a blocking GC Explicit
08-03 23:11:09.804 12155 12381 I art     : Explicit concurrent mark sweep GC freed 17961(846KB) AllocSpace objects, 0(0B) LOS objects, 28% free, 39MB/55MB, paused 260us total 16.036ms
08-03 23:11:09.812 12155 12381 I art     : Starting a blocking GC Explicit
08-03 23:11:09.827 12155 12381 I art     : Explicit concurrent mark sweep GC freed 12672(597KB) AllocSpace objects, 0(0B) LOS objects, 28% free, 39MB/55MB, paused 272us total 14.929ms
08-03 23:11:09.834 12155 12381 I art     : Starting a blocking GC Explicit
08-03 23:11:09.850 12155 12381 I art     : Explicit concurrent mark sweep GC freed 12382(584KB) AllocSpace objects, 0(0B) LOS objects, 28% free, 39MB/55MB, paused 296us total 15.568ms
08-03 23:11:09.857 12155 12381 I art     : Starting a blocking GC Explicit
08-03 23:11:09.873 12155 12381 I art     : Explicit concurrent mark sweep GC freed 12402(596KB) AllocSpace objects, 0(0B) LOS objects, 28% free, 39MB/55MB, paused 260us total 15.800ms
08-03 23:11:10.141 12155 12167 I art     : Starting a blocking GC Explicit
08-03 23:11:10.182 12155 12167 I art     : Explicit concurrent mark sweep GC freed 163384(7MB) AllocSpace objects, 1(20KB) LOS objects, 27% free, 41MB/57MB, paused 346us total 40.139ms
08-03 23:11:10.191 12155 12167 I art     : Starting a blocking GC Explicit
08-03 23:11:10.211 12155 12167 I art     : Explicit concurrent mark sweep GC freed 21633(1014KB) AllocSpace objects, 0(0B) LOS objects, 27% free, 41MB/57MB, paused 313us total 19.507ms
08-03 23:11:10.220 12155 12167 I art     : Starting a blocking GC Explicit
08-03 23:11:10.239 12155 12167 I art     : Explicit concurrent mark sweep GC freed 15611(729KB) AllocSpace objects, 0(0B) LOS objects, 27% free, 41MB/57MB, paused 347us total 18.703ms
08-03 23:11:10.247 12155 12167 I art     : Starting a blocking GC Explicit
08-03 23:11:10.267 12155 12167 I art     : Explicit concurrent mark sweep GC freed 15211(714KB) AllocSpace objects, 0(0B) LOS objects, 27% free, 41MB/57MB, paused 295us total 19.587ms
08-03 23:11:10.275 12155 12167 I art     : Starting a blocking GC Explicit
08-03 23:11:10.294 12155 12167 I art     : Explicit concurrent mark sweep GC freed 14350(666KB) AllocSpace objects, 0(0B) LOS objects, 27% free, 41MB/57MB, paused 316us total 18.973ms
08-03 23:11:10.556 12155 12378 I art     : Starting a blocking GC Explicit
08-03 23:11:10.593 12155 12378 I art     : Explicit concurrent mark sweep GC freed 156867(7MB) AllocSpace objects, 1(20KB) LOS objects, 27% free, 42MB/58MB, paused 380us total 36.811ms
08-03 23:11:10.604 12155 12378 I art     : Starting a blocking GC Explicit
08-03 23:11:10.627 12155 12378 I art     : Explicit concurrent mark sweep GC freed 23345(1084KB) AllocSpace objects, 0(0B) LOS objects, 27% free, 42MB/58MB, paused 340us total 23.447ms
08-03 23:11:10.636 12155 12378 I art     : Starting a blocking GC Explicit
08-03 23:11:10.659 12155 12378 I art     : Explicit concurrent mark sweep GC freed 17250(814KB) AllocSpace objects, 0(0B) LOS objects, 27% free, 42MB/58MB, paused 405us total 22.107ms
08-03 23:11:10.668 12155 12378 I art     : Starting a blocking GC Explicit
08-03 23:11:10.690 12155 12378 I art     : Explicit concurrent mark sweep GC freed 17277(809KB) AllocSpace objects, 0(0B) LOS objects, 27% free, 43MB/59MB, paused 364us total 22.266ms
08-03 23:11:10.699 12155 12378 I art     : Starting a blocking GC Explicit
08-03 23:11:10.723 12155 12378 I art     : Explicit concurrent mark sweep GC freed 17677(825KB) AllocSpace objects, 0(0B) LOS objects, 27% free, 43MB/59MB, paused 387us total 23.450ms
08-03 23:11:10.988 12155 12167 I art     : Starting a blocking GC Explicit
08-03 23:11:11.029 12155 12167 I art     : Explicit concurrent mark sweep GC freed 158639(7MB) AllocSpace objects, 1(20KB) LOS objects, 26% free, 44MB/60MB, paused 557us total 41.199ms
08-03 23:11:11.039 12155 12167 I art     : Starting a blocking GC Explicit
08-03 23:11:11.065 12155 12167 I art     : Explicit concurrent mark sweep GC freed 23468(1096KB) AllocSpace objects, 0(0B) LOS objects, 26% free, 44MB/60MB, paused 402us total 25.285ms
08-03 23:11:11.075 12155 12167 I art     : Starting a blocking GC Explicit
08-03 23:11:11.101 12155 12167 I art     : Explicit concurrent mark sweep GC freed 19672(936KB) AllocSpace objects, 0(0B) LOS objects, 26% free, 44MB/60MB, paused 403us total 25.896ms
08-03 23:11:11.111 12155 12167 I art     : Starting a blocking GC Explicit
08-03 23:11:11.137 12155 12167 I art     : Explicit concurrent mark sweep GC freed 18290(910KB) AllocSpace objects, 0(0B) LOS objects, 26% free, 44MB/60MB, paused 444us total 25.778ms
08-03 23:11:11.147 12155 12167 I art     : Starting a blocking GC Explicit
08-03 23:11:11.173 12155 12167 I art     : Explicit concurrent mark sweep GC freed 19794(929KB) AllocSpace objects, 0(0B) LOS objects, 26% free, 44MB/60MB, paused 484us total 25.970ms
08-03 23:11:11.439 12155 12378 I art     : Starting a blocking GC Explicit
08-03 23:11:11.484 12155 12378 I art     : Explicit concurrent mark sweep GC freed 161686(7MB) AllocSpace objects, 1(20KB) LOS objects, 25% free, 46MB/62MB, paused 455us total 45.076ms
08-03 23:11:11.496 12155 12378 I art     : Starting a blocking GC Explicit
08-03 23:11:11.527 12155 12378 I art     : Explicit concurrent mark sweep GC freed 26571(1241KB) AllocSpace objects, 0(0B) LOS objects, 25% free, 46MB/62MB, paused 507us total 30.805ms
08-03 23:11:11.538 12155 12378 I art     : Starting a blocking GC Explicit
08-03 23:11:11.571 12155 12378 I art     : Explicit concurrent mark sweep GC freed 21842(1022KB) AllocSpace objects, 0(0B) LOS objects, 25% free, 46MB/62MB, paused 625us total 32.803ms
08-03 23:11:11.581 12155 12378 I art     : Starting a blocking GC Explicit
08-03 23:11:11.611 12155 12378 I art     : Explicit concurrent mark sweep GC freed 21967(1022KB) AllocSpace objects, 0(0B) LOS objects, 25% free, 46MB/62MB, paused 530us total 29.591ms
08-03 23:11:11.622 12155 12378 I art     : Starting a blocking GC Explicit
08-03 23:11:11.653 12155 12378 I art     : Explicit concurrent mark sweep GC freed 22095(1027KB) AllocSpace objects, 0(0B) LOS objects, 25% free, 46MB/62MB, paused 577us total 30.485ms
08-03 23:11:11.918 12155 12381 I art     : Starting a blocking GC Explicit
08-03 23:11:11.967 12155 12381 I art     : Explicit concurrent mark sweep GC freed 164069(7MB) AllocSpace objects, 1(20KB) LOS objects, 24% free, 48MB/64MB, paused 525us total 48.875ms
08-03 23:11:11.980 12155 12381 I art     : Starting a blocking GC Explicit
08-03 23:11:12.012 12155 12381 I art     : Explicit concurrent mark sweep GC freed 27710(1299KB) AllocSpace objects, 0(0B) LOS objects, 24% free, 48MB/64MB, paused 548us total 31.928ms
08-03 23:11:12.024 12155 12381 I art     : Starting a blocking GC Explicit
08-03 23:11:12.057 12155 12381 I art     : Explicit concurrent mark sweep GC freed 23923(1170KB) AllocSpace objects, 0(0B) LOS objects, 24% free, 48MB/64MB, paused 582us total 33.259ms
08-03 23:11:12.069 12155 12381 I art     : Starting a blocking GC Explicit
08-03 23:11:12.084 12155 12380 I Service : getCourses response time: 0.69
08-03 23:11:12.101 12155 12381 I art     : Explicit concurrent mark sweep GC freed 15507(730KB) AllocSpace objects, 0(0B) LOS objects, 24% free, 48MB/64MB, paused 203us total 32.315ms
08-03 23:11:12.104 12155 12155 I SettingsManager: Getting string: savedCourse
08-03 23:11:12.112 12155 12381 I art     : Starting a blocking GC Explicit
08-03 23:11:12.146 12155 12381 I art     : Explicit concurrent mark sweep GC freed 432(24KB) AllocSpace objects, 1(14MB) LOS objects, 32% free, 33MB/49MB, paused 371us total 33.029ms
08-03 23:11:12.451 12155 12378 I art     : Starting a blocking GC Explicit
08-03 23:11:12.492 12155 12378 I art     : Explicit concurrent mark sweep GC freed 1684(89KB) AllocSpace objects, 1(20KB) LOS objects, 32% free, 33MB/49MB, paused 151us total 41.563ms
08-03 23:11:12.507 12155 12378 I art     : Starting a blocking GC Explicit
08-03 23:11:12.543 12155 12378 I art     : Explicit concurrent mark sweep GC freed 63(2576B) AllocSpace objects, 0(0B) LOS objects, 32% free, 33MB/49MB, paused 148us total 36.110ms
08-03 23:11:12.556 12155 12378 I art     : Starting a blocking GC Explicit
08-03 23:11:12.592 12155 12378 I art     : Explicit concurrent mark sweep GC freed 3(96B) AllocSpace objects, 0(0B) LOS objects, 32% free, 33MB/49MB, paused 146us total 35.898ms
08-03 23:11:12.605 12155 12378 I art     : Starting a blocking GC Explicit
08-03 23:11:12.641 12155 12378 I art     : Explicit concurrent mark sweep GC freed 3(96B) AllocSpace objects, 0(0B) LOS objects, 32% free, 33MB/49MB, paused 196us total 35.975ms
08-03 23:11:12.655 12155 12378 I art     : Starting a blocking GC Explicit
08-03 23:11:12.690 12155 12378 I art     : Explicit concurrent mark sweep GC freed 3(96B) AllocSpace objects, 0(0B) LOS objects, 32% free, 33MB/49MB, paused 144us total 34.766ms
08-03 23:11:13.010 12155 12381 I art     : Starting a blocking GC Explicit
08-03 23:11:13.063 12155 12381 I art     : Explicit concurrent mark sweep GC freed 1271(74KB) AllocSpace objects, 1(20KB) LOS objects, 32% free, 33MB/49MB, paused 221us total 52.148ms
08-03 23:11:13.077 12155 12381 I art     : Starting a blocking GC Explicit
08-03 23:11:13.108 12155 12381 I art     : Explicit concurrent mark sweep GC freed 18(624B) AllocSpace objects, 0(0B) LOS objects, 32% free, 33MB/49MB, paused 138us total 30.745ms
08-03 23:11:13.120 12155 12381 I art     : Starting a blocking GC Explicit
08-03 23:11:13.154 12155 12381 I art     : Explicit concurrent mark sweep GC freed 3(96B) AllocSpace objects, 0(0B) LOS objects, 32% free, 33MB/49MB, paused 141us total 34.315ms
08-03 23:11:13.167 12155 12381 I art     : Starting a blocking GC Explicit
08-03 23:11:13.203 12155 12381 I art     : Explicit concurrent mark sweep GC freed 3(96B) AllocSpace objects, 0(0B) LOS objects, 32% free, 33MB/49MB, paused 180us total 35.918ms
08-03 23:11:13.216 12155 12381 I art     : Starting a blocking GC Explicit
08-03 23:11:13.251 12155 12381 I art     : Explicit concurrent mark sweep GC freed 3(96B) AllocSpace objects, 0(0B) LOS objects, 32% free, 33MB/49MB, paused 140us total 35.361ms
08-03 23:11:13.562 12155 12167 I art     : Starting a blocking GC Explicit
08-03 23:11:13.613 12155 12167 I art     : Explicit concurrent mark sweep GC freed 1271(74KB) AllocSpace objects, 1(20KB) LOS objects, 32% free, 33MB/49MB, paused 160us total 51.701ms
08-03 23:11:13.627 12155 12167 I art     : Starting a blocking GC Explicit
08-03 23:11:13.663 12155 12167 I art     : Explicit concurrent mark sweep GC freed 18(624B) AllocSpace objects, 0(0B) LOS objects, 32% free, 33MB/49MB, paused 146us total 35.736ms
08-03 23:11:13.676 12155 12167 I art     : Starting a blocking GC Explicit
08-03 23:11:13.713 12155 12167 I art     : Explicit concurrent mark sweep GC freed 3(96B) AllocSpace objects, 0(0B) LOS objects, 32% free, 33MB/49MB, paused 148us total 36.015ms
08-03 23:11:13.713 12155 12165 I art     : WaitForGcToComplete blocked for 30.498ms for cause HeapTrim
08-03 23:11:13.726 12155 12167 I art     : Starting a blocking GC Explicit
08-03 23:11:13.762 12155 12167 I art     : Explicit concurrent mark sweep GC freed 4(128B) AllocSpace objects, 0(0B) LOS objects, 32% free, 33MB/49MB, paused 145us total 35.728ms
08-03 23:11:13.777 12155 12167 I art     : Starting a blocking GC Explicit
08-03 23:11:13.811 12155 12167 I art     : Explicit concurrent mark sweep GC freed 5(176B) AllocSpace objects, 0(0B) LOS objects, 32% free, 33MB/49MB, paused 145us total 33.982ms
08-03 23:11:14.090 12155 12378 I art     : Starting a blocking GC Explicit
08-03 23:11:14.129 12155 12378 I art     : Explicit concurrent mark sweep GC freed 1271(74KB) AllocSpace objects, 1(20KB) LOS objects, 32% free, 33MB/49MB, paused 156us total 38.792ms
08-03 23:11:14.143 12155 12378 I art     : Starting a blocking GC Explicit
08-03 23:11:14.179 12155 12378 I art     : Explicit concurrent mark sweep GC freed 18(624B) AllocSpace objects, 0(0B) LOS objects, 32% free, 33MB/49MB, paused 153us total 35.846ms
08-03 23:11:14.192 12155 12378 I art     : Starting a blocking GC Explicit
08-03 23:11:14.229 12155 12378 I art     : Explicit concurrent mark sweep GC freed 3(96B) AllocSpace objects, 0(0B) LOS objects, 32% free, 33MB/49MB, paused 149us total 35.879ms
08-03 23:11:14.242 12155 12378 I art     : Starting a blocking GC Explicit
08-03 23:11:14.277 12155 12378 I art     : Explicit concurrent mark sweep GC freed 3(96B) AllocSpace objects, 0(0B) LOS objects, 32% free, 33MB/49MB, paused 170us total 34.587ms
08-03 23:11:14.289 12155 12378 I art     : Starting a blocking GC Explicit
08-03 23:11:14.324 12155 12378 I art     : Explicit concurrent mark sweep GC freed 3(96B) AllocSpace objects, 0(0B) LOS objects, 32% free, 33MB/49MB, paused 139us total 34.691ms
08-03 23:11:14.629 12155 12381 I art     : Starting a blocking GC Explicit
08-03 23:11:14.675 12155 12381 I art     : Explicit concurrent mark sweep GC freed 1271(74KB) AllocSpace objects, 1(20KB) LOS objects, 32% free, 33MB/49MB, paused 152us total 45.516ms
08-03 23:11:14.688 12155 12381 I art     : Starting a blocking GC Explicit
08-03 23:11:14.719 12155 12381 I art     : Explicit concurrent mark sweep GC freed 18(624B) AllocSpace objects, 0(0B) LOS objects, 32% free, 33MB/49MB, paused 141us total 30.985ms
08-03 23:11:14.731 12155 12381 I art     : Starting a blocking GC Explicit
08-03 23:11:14.762 12155 12381 I art     : Explicit concurrent mark sweep GC freed 3(96B) AllocSpace objects, 0(0B) LOS objects, 32% free, 33MB/49MB, paused 148us total 30.974ms
08-03 23:11:14.774 12155 12381 I art     : Starting a blocking GC Explicit
08-03 23:11:14.805 12155 12381 I art     : Explicit concurrent mark sweep GC freed 3(96B) AllocSpace objects, 0(0B) LOS objects, 32% free, 33MB/49MB, paused 138us total 31.234ms
08-03 23:11:14.817 12155 12381 I art     : Starting a blocking GC Explicit
08-03 23:11:14.848 12155 12381 I art     : Explicit concurrent mark sweep GC freed 3(96B) AllocSpace objects, 0(0B) LOS objects, 32% free, 33MB/49MB, paused 139us total 31.333ms
08-03 23:11:14.926 12526 12526 D AndroidRuntime: >>>>>> START com.android.internal.os.RuntimeInit uid 2000 <<<<<<
08-03 23:11:14.930 12526 12526 D AndroidRuntime: CheckJNI is OFF
08-03 23:11:14.957 12526 12526 D ICU     : No timezone override file found: /data/misc/zoneinfo/current/icu/icu_tzdata.dat
08-03 23:11:14.983 12526 12526 I Radio-JNI: register_android_hardware_Radio DONE
08-03 23:11:15.000 12526 12526 D AndroidRuntime: Calling main entry com.android.commands.input.Input
08-03 23:11:15.002 12526 12526 I Input   : injectMotionEvent: MotionEvent { action=ACTION_DOWN, actionButton=0, id[0]=0, x[0]=526.0, y[0]=704.0, toolType[0]=TOOL_TYPE_UNKNOWN, buttonState=0, metaState=0, flags=0x0, edgeFlags=0x0, pointerCount=1, historySize=0, eventTime=659491414, downTime=659491414, deviceId=0, source=0x1002 }
08-03 23:11:15.007 12526 12526 I Input   : injectMotionEvent: MotionEvent { action=ACTION_UP, actionButton=0, id[0]=0, x[0]=526.0, y[0]=704.0, toolType[0]=TOOL_TYPE_UNKNOWN, buttonState=0, metaState=0, flags=0x0, edgeFlags=0x0, pointerCount=1, historySize=0, eventTime=659491414, downTime=659491414, deviceId=0, source=0x1002 }
08-03 23:11:15.009 12526 12526 D AndroidRuntime: Shutting down VM
08-03 23:11:15.076   512  2967 D audio_hw_primary: out_set_parameters: enter: usecase(1: low-latency-playback) kvpairs: routing=2
08-03 23:11:15.089   512  2967 D audio_hw_primary: select_devices: out_snd_device(2: speaker) in_snd_device(0: none)
08-03 23:11:15.089   512  2967 D msm8974_platform: platform_send_audio_calibration: sending audio calibration for snd_device(2) acdb_id(15)
08-03 23:11:15.089   512  2967 I soundtrigger: audio_extn_sound_trigger_update_device_status: device 0x2 of type 0 for Event 1
08-03 23:11:15.089 12155 12381 I art     : Starting a blocking GC Explicit
08-03 23:11:15.099   512  2967 D audio_hw_primary: enable_snd_device: snd_device(2: speaker)
08-03 23:11:15.101   512  2967 D audio_hw_primary: enable_audio_route: apply and update mixer path: low-latency-playback speaker
08-03 23:11:15.127 12155 12381 I art     : Explicit concurrent mark sweep GC freed 1786(118KB) AllocSpace objects, 1(20KB) LOS objects, 32% free, 33MB/49MB, paused 837us total 37.473ms
08-03 23:11:15.139 12155 12381 I art     : Starting a blocking GC Explicit
08-03 23:11:15.174 12155 12381 I art     : Explicit concurrent mark sweep GC freed 305(17KB) AllocSpace objects, 1(20KB) LOS objects, 32% free, 33MB/49MB, paused 179us total 34.307ms
08-03 23:11:15.185 12155 12381 I art     : Starting a blocking GC Explicit
08-03 23:11:15.217 12155 12381 I art     : Explicit concurrent mark sweep GC freed 99(4KB) AllocSpace objects, 0(0B) LOS objects, 32% free, 33MB/49MB, paused 186us total 31.560ms
08-03 23:11:15.229 12155 12381 I art     : Starting a blocking GC Explicit
08-03 23:11:15.260 12155 12381 I art     : Explicit concurrent mark sweep GC freed 6(192B) AllocSpace objects, 0(0B) LOS objects, 32% free, 33MB/49MB, paused 135us total 31.193ms
08-03 23:11:15.273 12155 12381 I art     : Starting a blocking GC Explicit
08-03 23:11:15.308 12155 12381 I art     : Explicit concurrent mark sweep GC freed 7(240B) AllocSpace objects, 0(0B) LOS objects, 32% free, 33MB/49MB, paused 160us total 34.550ms
08-03 23:11:15.591 12155 12166 I art     : Starting a blocking GC Explicit
08-03 23:11:15.639   512  2967 D audio_hw_primary: disable_audio_route: reset and update mixer path: low-latency-playback speaker
08-03 23:11:15.641   512  2967 D audio_hw_primary: disable_snd_device: snd_device(2: speaker)
08-03 23:11:15.643 12155 12166 I art     : Explicit concurrent mark sweep GC freed 1274(74KB) AllocSpace objects, 1(20KB) LOS objects, 32% free, 33MB/49MB, paused 160us total 51.566ms
08-03 23:11:15.652   512  2967 I soundtrigger: audio_extn_sound_trigger_update_device_status: device 0x2 of type 0 for Event 0
08-03 23:11:15.661 12155 12166 I art     : Starting a blocking GC Explicit
08-03 23:11:15.696 12155 12166 I art     : Explicit concurrent mark sweep GC freed 24(816B) AllocSpace objects, 0(0B) LOS objects, 32% free, 33MB/49MB, paused 123us total 34.207ms
08-03 23:11:15.709 12155 12166 I art     : Starting a blocking GC Explicit
08-03 23:11:15.746 12155 12166 I art     : Explicit concurrent mark sweep GC freed 3(96B) AllocSpace objects, 0(0B) LOS objects, 32% free, 33MB/49MB, paused 135us total 36.502ms
08-03 23:11:15.760 12155 12166 I art     : Starting a blocking GC Explicit
08-03 23:11:15.797 12155 12166 I art     : Explicit concurrent mark sweep GC freed 5(160B) AllocSpace objects, 0(0B) LOS objects, 32% free, 33MB/49MB, paused 139us total 37.049ms
08-03 23:11:15.811 12155 12166 I art     : Starting a blocking GC Explicit
08-03 23:11:15.847 12155 12166 I art     : Explicit concurrent mark sweep GC freed 3(96B) AllocSpace objects, 0(0B) LOS objects, 32% free, 33MB/49MB, paused 133us total 35.974ms
08-03 23:11:16.109 12155 12378 I art     : Starting a blocking GC Explicit
08-03 23:11:16.148 12155 12378 I art     : Explicit concurrent mark sweep GC freed 1276(74KB) AllocSpace objects, 1(20KB) LOS objects, 32% free, 33MB/49MB, paused 159us total 39.398ms
08-03 23:11:16.162 12155 12378 I art     : Starting a blocking GC Explicit
08-03 23:11:16.199 12155 12378 I art     : Explicit concurrent mark sweep GC freed 20(688B) AllocSpace objects, 0(0B) LOS objects, 32% free, 33MB/49MB, paused 150us total 36.075ms
08-03 23:11:16.212 12155 12378 I art     : Starting a blocking GC Explicit
08-03 23:11:16.246 12155 12378 I art     : Explicit concurrent mark sweep GC freed 3(96B) AllocSpace objects, 0(0B) LOS objects, 32% free, 33MB/49MB, paused 134us total 34.658ms
08-03 23:11:16.258 12155 12378 I art     : Starting a blocking GC Explicit
08-03 23:11:16.290 12155 12378 I art     : Explicit concurrent mark sweep GC freed 3(96B) AllocSpace objects, 0(0B) LOS objects, 32% free, 33MB/49MB, paused 148us total 31.579ms
08-03 23:11:16.301 12155 12378 I art     : Starting a blocking GC Explicit
08-03 23:11:16.334 12155 12378 I art     : Explicit concurrent mark sweep GC freed 3(96B) AllocSpace objects, 0(0B) LOS objects, 32% free, 33MB/49MB, paused 142us total 32.177ms
08-03 23:11:16.542 12571 12571 D AndroidRuntime: >>>>>> START com.android.internal.os.RuntimeInit uid 2000 <<<<<<
08-03 23:11:16.546 12571 12571 D AndroidRuntime: CheckJNI is OFF
08-03 23:11:16.571 12571 12571 D ICU     : No timezone override file found: /data/misc/zoneinfo/current/icu/icu_tzdata.dat
08-03 23:11:16.587 12155 12167 I art     : Starting a blocking GC Explicit
08-03 23:11:16.597 12571 12571 I Radio-JNI: register_android_hardware_Radio DONE
08-03 23:11:16.613 12571 12571 D AndroidRuntime: Calling main entry com.android.commands.input.Input
08-03 23:11:16.615 12571 12571 I Input   : injectMotionEvent: MotionEvent { action=ACTION_DOWN, actionButton=0, id[0]=0, x[0]=1197.0, y[0]=1456.0, toolType[0]=TOOL_TYPE_UNKNOWN, buttonState=0, metaState=0, flags=0x0, edgeFlags=0x0, pointerCount=1, historySize=0, eventTime=659493028, downTime=659493028, deviceId=0, source=0x1002 }
08-03 23:11:16.621 12571 12571 I Input   : injectMotionEvent: MotionEvent { action=ACTION_UP, actionButton=0, id[0]=0, x[0]=1197.0, y[0]=1456.0, toolType[0]=TOOL_TYPE_UNKNOWN, buttonState=0, metaState=0, flags=0x0, edgeFlags=0x0, pointerCount=1, historySize=0, eventTime=659493028, downTime=659493028, deviceId=0, source=0x1002 }
08-03 23:11:16.624 12155 12167 I art     : Explicit concurrent mark sweep GC freed 1278(75KB) AllocSpace objects, 1(20KB) LOS objects, 32% free, 33MB/49MB, paused 201us total 36.673ms
08-03 23:11:16.625 12571 12571 D AndroidRuntime: Shutting down VM
08-03 23:11:16.628   512  2967 D audio_hw_primary: out_set_parameters: enter: usecase(1: low-latency-playback) kvpairs: routing=2
08-03 23:11:16.638 12155 12167 I art     : Starting a blocking GC Explicit
08-03 23:11:16.640 12155 12155 I SettingsManager: Setting string: savedCourse
08-03 23:11:16.640   512  2967 D audio_hw_primary: select_devices: out_snd_device(2: speaker) in_snd_device(0: none)
08-03 23:11:16.640   512  2967 D msm8974_platform: platform_send_audio_calibration: sending audio calibration for snd_device(2) acdb_id(15)
08-03 23:11:16.641   512  2967 I soundtrigger: audio_extn_sound_trigger_update_device_status: device 0x2 of type 0 for Event 1
08-03 23:11:16.649   918  3961 W BackupManagerService: dataChanged but no participant pkg='baseline.com.ak.uobtimetable' uid=10659
08-03 23:11:16.649   918  5481 I ActivityManager: START u0 {flg=0x4000000 cmp=baseline.com.ak.uobtimetable/.MainActivity (has extras)} from uid 10659 on display 0
08-03 23:11:16.653   512  2967 D audio_hw_primary: enable_snd_device: snd_device(2: speaker)
08-03 23:11:16.655   512  2967 D audio_hw_primary: enable_audio_route: apply and update mixer path: low-latency-playback speaker
08-03 23:11:16.662   918  3714 W InputMethodManagerService: Focus gain on non-focused client com.android.internal.view.IInputMethodClient$Stub$Proxy@956dcc1 (uid=10659 pid=12155)
08-03 23:11:16.675 12155 12167 I art     : Explicit concurrent mark sweep GC freed 2593(124KB) AllocSpace objects, 1(20KB) LOS objects, 32% free, 33MB/49MB, paused 181us total 37.126ms
08-03 23:11:16.677 12155 12155 D MainActivity: OnDestroy
08-03 23:11:16.689 12155 12167 I art     : Starting a blocking GC Explicit
08-03 23:11:16.695 12155 12155 D MainActivity: onCreate
08-03 23:11:16.695 12155 12155 I SettingsManager: Getting string: savedSessions
08-03 23:11:16.695 12155 12155 I Settings: No saved sessions
08-03 23:11:16.719 12155 12155 I SettingsManager: Getting string: savedCourse
08-03 23:11:16.720 12155 12155 D MainActivity: sessionListFragmentArg: updateSessions
08-03 23:11:16.720 12155 12155 D MainActivity: showTermDatesConfigChange: false
08-03 23:11:16.720 12155 12155 D MainActivity: showTermDatesShortcut: false
08-03 23:11:16.722 12155 12155 D MainActivity: Setting initial fragment: SessionListsFragment
08-03 23:11:16.725 12155 12167 I art     : Explicit concurrent mark sweep GC freed 856(61KB) AllocSpace objects, 2(1340KB) LOS objects, 32% free, 33MB/49MB, paused 495us total 36.315ms
08-03 23:11:16.726 12155 12155 I SettingsManager: Getting int: launchCount
08-03 23:11:16.729 12155 12155 D SessionListsFragment: onCreateView
08-03 23:11:16.739 12155 12167 I art     : Starting a blocking GC Explicit
08-03 23:11:16.740 12155 12155 I SettingsManager: Getting string: savedCourse
08-03 23:11:16.743 12155 12155 I SettingsManager: Getting string: savedSessions
08-03 23:11:16.743 12155 12155 D SessionListsFragment: loadArgument: updateSessions
08-03 23:11:16.743 12155 12155 D SessionListsFragment: initialIndex: -1
08-03 23:11:16.745 12155 12594 D HTTP    : Request for: https://uob-timetable-api.adriankeenan.co.uk/sessions?dept=BD002&course=CFIEFAAF%2F02AA%2F0%2FFT&level=ALL+Courses
08-03 23:11:16.747 12155 12155 I WebViewFactory: Loading com.google.android.webview version 84.0.4147.89 (code 414708953)
08-03 23:11:16.775 12155 12167 I art     : Explicit concurrent mark sweep GC freed 5714(353KB) AllocSpace objects, 1(56KB) LOS objects, 32% free, 33MB/49MB, paused 307us total 35.632ms
08-03 23:11:16.788 12155 12167 I art     : Starting a blocking GC Explicit
08-03 23:11:16.824 12155 12167 I art     : Explicit concurrent mark sweep GC freed 311(18KB) AllocSpace objects, 0(0B) LOS objects, 32% free, 33MB/49MB, paused 278us total 35.777ms
08-03 23:11:16.927 12155 12594 I NAPPA_EXPERIMENTATION: MetricNetworkRequestExecutionTime: REQUEST_DURATION_SYSTEM='180',REQUEST_DURATION_OKHTTP='31',REQUEST_SYNCHRONOUS='TRUE',RESPONSE_CODE='200',RESPONSE_METHOD='GET',RESPONSE_LENGTH_OKHTTP='-1',RESPONSE_LENGTH_HEADER='867',REQUEST_PROTOCOL='http/1.1',REQUEST_URL='https://uob-timetable-api.adriankeenan.co.uk/sessions?dept=BD002&course=CFIEFAAF%2F02AA%2F0%2FFT&level=ALL+Courses',
08-03 23:11:16.961 12155 12594 I HTTP    : Response was compressed.
08-03 23:11:16.974 12155 12594 I Service : getSessions response time: 1.12
08-03 23:11:17.041 12155 12166 I art     : Starting a blocking GC Explicit
08-03 23:11:17.081   918   929 I ActivityManager: Start proc 12611:com.google.android.webview:webview_service/u0a74 for service com.google.android.webview/org.chromium.android_webview.services.VariationsSeedServer
08-03 23:11:17.081 12155 12166 I art     : Explicit concurrent mark sweep GC freed 12837(802KB) AllocSpace objects, 6(260KB) LOS objects, 31% free, 34MB/50MB, paused 443us total 40.545ms
08-03 23:11:17.095 12155 12155 I cr_LibraryLoader: Loaded native library version number "84.0.4147.89"
08-03 23:11:17.095 12155 12166 I art     : Starting a blocking GC Explicit
08-03 23:11:17.105 12155 12155 I cr_CachingUmaRecorder: Flushed 5 samples from 5 histograms.
08-03 23:11:17.114 12611 12611 I LoadedApk: No resource references to update in package com.google.android.webview_translations
08-03 23:11:17.134 12155 12166 I art     : Explicit concurrent mark sweep GC freed 1496(144KB) AllocSpace objects, 0(0B) LOS objects, 31% free, 34MB/50MB, paused 1.476ms total 38.699ms
08-03 23:11:17.147 12155 12166 I art     : Starting a blocking GC Explicit
08-03 23:11:17.180 12155 12166 I art     : Explicit concurrent mark sweep GC freed 631(127KB) AllocSpace objects, 0(0B) LOS objects, 31% free, 34MB/50MB, paused 435us total 33.075ms
08-03 23:11:17.192 12155 12166 I art     : Starting a blocking GC Explicit
08-03 23:11:17.198   512  2967 D audio_hw_primary: disable_audio_route: reset and update mixer path: low-latency-playback speaker
08-03 23:11:17.199   512  2967 D audio_hw_primary: disable_snd_device: snd_device(2: speaker)
08-03 23:11:17.206   512  2967 I soundtrigger: audio_extn_sound_trigger_update_device_status: device 0x2 of type 0 for Event 0
08-03 23:11:17.224 12155 12166 I art     : Explicit concurrent mark sweep GC freed 118(18KB) AllocSpace objects, 0(0B) LOS objects, 31% free, 34MB/50MB, paused 319us total 32.019ms
08-03 23:11:17.226 12155 12155 E chromium: [ERROR:filesystem_posix.cc(62)] mkdir /data/user/0/baseline.com.ak.uobtimetable/cache/WebView/Crashpad: No such file or directory (2)
08-03 23:11:17.236 12155 12166 I art     : Starting a blocking GC Explicit
08-03 23:11:17.268 12155 12166 I art     : Explicit concurrent mark sweep GC freed 150(12KB) AllocSpace objects, 0(0B) LOS objects, 31% free, 34MB/50MB, paused 292us total 32.535ms
08-03 23:11:17.388   918  6029 D ConnectivityService: listenForNetwork for Listen from uid/pid:10659/12155 for NetworkRequest [ id=2416, legacyType=-1, [ Capabilities: INTERNET&NOT_RESTRICTED&TRUSTED] ]
08-03 23:11:17.426 12155 12635 W cr_media: Requires BLUETOOTH permission
08-03 23:11:17.437 12155 12155 D TermDatesFragment: WebView loaded
08-03 23:11:17.437 12155 12155 D MainActivity: OnResume
08-03 23:11:17.445 12155 12155 I SettingsManager: Getting string: savedSessions
08-03 23:11:17.446 12155 12648 E libEGL  : validate_display:255 error 3008 (EGL_BAD_DISPLAY)
08-03 23:11:17.451 12155 12155 I SettingsManager: Setting string: savedSessions
08-03 23:11:17.469   918  6029 W BackupManagerService: dataChanged but no participant pkg='baseline.com.ak.uobtimetable' uid=10659
08-03 23:11:17.470 12155 12155 I SettingsManager: Setting date: savedSessionsTime
08-03 23:11:17.515 12155 12378 I art     : Starting a blocking GC Explicit
08-03 23:11:17.525   918  4400 W BackupManagerService: dataChanged but no participant pkg='baseline.com.ak.uobtimetable' uid=10659
08-03 23:11:17.525 12155 12155 I SettingsManager: Setting string: savedSessionsCourseName
08-03 23:11:17.535   918  3961 W BackupManagerService: dataChanged but no participant pkg='baseline.com.ak.uobtimetable' uid=10659
08-03 23:11:17.535 12155 12155 I SettingsManager: Setting string: savedSessionsDateRange
08-03 23:11:17.550   918  3696 W BackupManagerService: dataChanged but no participant pkg='baseline.com.ak.uobtimetable' uid=10659
08-03 23:11:17.550 12155 12155 I SettingsManager: Setting string: timetableUrl
08-03 23:11:17.553 12155 12378 I art     : Explicit concurrent mark sweep GC freed 8284(556KB) AllocSpace objects, 5(100KB) LOS objects, 31% free, 35MB/51MB, paused 399us total 37.992ms
08-03 23:11:17.557   918  5481 W BackupManagerService: dataChanged but no participant pkg='baseline.com.ak.uobtimetable' uid=10659
08-03 23:11:17.557 12155 12155 I SettingsManager: Getting boolean: notifySessionRemindersEnabled
08-03 23:11:17.557 12155 12155 I SettingsManager: Getting int: notifySessionRemindersMinutes
08-03 23:11:17.557 12155 12155 I SettingsManager: Getting boolean: showHiddenSessions
08-03 23:11:17.566 12155 12378 I art     : Starting a blocking GC Explicit
08-03 23:11:17.590 12155 12155 I SessionReminderNotifier: Created session reminder alarm for f7b4771250a919bd729c1c5a4a459c77 at Mon 08:30:00 10/08/20
08-03 23:11:17.591 12155 12155 I SessionReminderNotifier: Created session reminder alarm for a7f879aabdeb78622c8820a5fb7b64cd at Tue 08:30:00 04/08/20
08-03 23:11:17.592 12155 12155 I SessionReminderNotifier: Created session reminder alarm for 7bc8d7e2c2055711f597c3d9078c6ea3 at Tue 08:30:00 04/08/20
08-03 23:11:17.593 12155 12155 I SessionReminderNotifier: Created session reminder alarm for e0fc978b5db8218778540b4053344581 at Tue 11:00:00 04/08/20
08-03 23:11:17.594 12155 12155 I SessionReminderNotifier: Created session reminder alarm for 21712fef61090882c855a1425543edb5 at Tue 13:30:00 04/08/20
08-03 23:11:17.595 12155 12155 I SessionReminderNotifier: Created session reminder alarm for 65ca4d97f031f29a4d02bbb45a705d8f at Wed 08:30:00 05/08/20
08-03 23:11:17.596 12155 12155 I SessionReminderNotifier: Created session reminder alarm for eeda7741b0bcab58fd9f46dc6ef1d942 at Wed 08:30:00 05/08/20
08-03 23:11:17.597 12155 12155 I SessionReminderNotifier: Created session reminder alarm for c276c1b2075a0beb67f1b3d1e580f920 at Wed 11:00:00 05/08/20
08-03 23:11:17.598 12155 12155 I SessionReminderNotifier: Created session reminder alarm for 79fe0b5c3b887a13ba29db5a33fa2800 at Thu 08:30:00 06/08/20
08-03 23:11:17.599 12155 12155 I SessionReminderNotifier: Created session reminder alarm for 2ba1034116e4fffdd592dbf0796a43d5 at Fri 08:30:00 07/08/20
08-03 23:11:17.599 12155 12155 I SettingsManager: Getting boolean: showHiddenSessions
08-03 23:11:17.600 12155 12155 D SessionListsFragment: 1 sessions for day 0
08-03 23:11:17.600 12155 12155 D SessionListsFragment: 4 sessions for day 1
08-03 23:11:17.600 12155 12155 D SessionListsFragment: 3 sessions for day 2
08-03 23:11:17.600 12155 12155 D SessionListsFragment: 1 sessions for day 3
08-03 23:11:17.600 12155 12155 D SessionListsFragment: 1 sessions for day 4
08-03 23:11:17.604 12155 12378 I art     : Explicit concurrent mark sweep GC freed 5740(331KB) AllocSpace objects, 5(132KB) LOS objects, 31% free, 35MB/51MB, paused 829us total 37.662ms
08-03 23:11:17.616 12155 12155 I SettingsManager: Getting boolean: showHiddenSessions
08-03 23:11:17.616 12155 12378 I art     : Starting a blocking GC Explicit
08-03 23:11:17.617 12155 12155 D SessionListsFragment: Refreshed ViewPager
08-03 23:11:17.617 12155 12155 I SettingsManager: Getting boolean: showHiddenSessions
08-03 23:11:17.619 12155 12155 I SettingsManager: Getting boolean: completedTutorial
08-03 23:11:17.631 12155 12155 I SettingsManager: Getting boolean: showHiddenSessions
08-03 23:11:17.631 12155 12155 I SettingsManager: Getting date: savedSessionsTime
08-03 23:11:17.649 12155 12155 I TermDatesFragment: Webview load %: 10
08-03 23:11:17.654 12155 12378 I art     : Explicit concurrent mark sweep GC freed 1319(126KB) AllocSpace objects, 0(0B) LOS objects, 31% free, 35MB/51MB, paused 538us total 37.293ms
08-03 23:11:17.668 12155 12378 I art     : Starting a blocking GC Explicit
08-03 23:11:17.710 12155 12378 I art     : Explicit concurrent mark sweep GC freed 15439(732KB) AllocSpace objects, 0(0B) LOS objects, 30% free, 35MB/51MB, paused 1.133ms total 41.621ms
08-03 23:11:17.722 12155 12378 I art     : Starting a blocking GC Explicit
08-03 23:11:17.762 12155 12378 I art     : Explicit concurrent mark sweep GC freed 27702(1150KB) AllocSpace objects, 0(0B) LOS objects, 30% free, 35MB/51MB, paused 728us total 40.031ms
08-03 23:11:18.012 12155 12381 I art     : Starting a blocking GC Explicit
08-03 23:11:18.072 12155 12381 I art     : Explicit concurrent mark sweep GC freed 139282(5MB) AllocSpace objects, 4(220KB) LOS objects, 30% free, 37MB/53MB, paused 622us total 59.938ms
08-03 23:11:18.087 12155 12381 I art     : Starting a blocking GC Explicit
08-03 23:11:18.131 12155 12381 I art     : Explicit concurrent mark sweep GC freed 18254(999KB) AllocSpace objects, 0(0B) LOS objects, 30% free, 36MB/52MB, paused 679us total 43.753ms
08-03 23:11:18.144 12155 12381 I art     : Starting a blocking GC Explicit
08-03 23:11:18.187 12155 12381 I art     : Explicit concurrent mark sweep GC freed 20490(852KB) AllocSpace objects, 1(40KB) LOS objects, 30% free, 36MB/52MB, paused 337us total 42.616ms
08-03 23:11:18.202 12155 12381 I art     : Starting a blocking GC Explicit
08-03 23:11:18.219   918   936 I ActivityManager: Displayed baseline.com.ak.uobtimetable/.MainActivity: +1s545ms
08-03 23:11:18.250 12155 12381 I art     : Explicit concurrent mark sweep GC freed 16354(686KB) AllocSpace objects, 0(0B) LOS objects, 30% free, 36MB/52MB, paused 809us total 47.724ms
08-03 23:11:18.263 12155 12381 I art     : Starting a blocking GC Explicit
08-03 23:11:18.311 12155 12381 I art     : Explicit concurrent mark sweep GC freed 33418(1346KB) AllocSpace objects, 0(0B) LOS objects, 30% free, 37MB/53MB, paused 760us total 47.491ms
08-03 23:11:18.386 12155 12155 I TermDatesFragment: Webview load %: 70
08-03 23:11:18.423 12155 12155 I TermDatesFragment: Webview load %: 80
08-03 23:11:18.423 12155 12155 I TermDatesFragment: Webview load %: 100
08-03 23:11:18.424 12155 12155 I TermDatesFragment: Webview load %: 100
08-03 23:11:18.610 12155 12166 I art     : Starting a blocking GC Explicit
08-03 23:11:18.725 12155 12166 I art     : Explicit concurrent mark sweep GC freed 37910(1593KB) AllocSpace objects, 1(20KB) LOS objects, 30% free, 37MB/53MB, paused 650us total 114.961ms
08-03 23:11:18.743 12155 12166 I art     : Starting a blocking GC Explicit
08-03 23:11:18.784 12155 12166 I art     : Explicit concurrent mark sweep GC freed 122423(11MB) AllocSpace objects, 3(136KB) LOS objects, 38% free, 25MB/41MB, paused 245us total 40.689ms
08-03 23:11:18.784 12155 12165 I art     : WaitForGcToComplete blocked for 22.555ms for cause HeapTrim
08-03 23:11:18.793 12155 12166 I art     : Starting a blocking GC Explicit
08-03 23:11:18.817 12155 12166 I art     : Explicit concurrent mark sweep GC freed 3(96B) AllocSpace objects, 0(0B) LOS objects, 38% free, 25MB/41MB, paused 252us total 23.585ms
08-03 23:11:18.826 12155 12166 I art     : Starting a blocking GC Explicit
08-03 23:11:18.850 12155 12166 I art     : Explicit concurrent mark sweep GC freed 3(96B) AllocSpace objects, 0(0B) LOS objects, 38% free, 25MB/41MB, paused 224us total 23.868ms
08-03 23:11:18.859 12155 12166 I art     : Starting a blocking GC Explicit
08-03 23:11:18.884 12155 12166 I art     : Explicit concurrent mark sweep GC freed 19(864B) AllocSpace objects, 0(0B) LOS objects, 38% free, 25MB/41MB, paused 230us total 25.245ms
08-03 23:11:19.193 12155 12167 I art     : Starting a blocking GC Explicit
08-03 23:11:19.232 12155 12167 I art     : Explicit concurrent mark sweep GC freed 1437(82KB) AllocSpace objects, 1(20KB) LOS objects, 38% free, 25MB/41MB, paused 353us total 38.837ms
08-03 23:11:19.245 12155 12167 I art     : Starting a blocking GC Explicit
08-03 23:11:19.274 12155 12167 I art     : Explicit concurrent mark sweep GC freed 19(688B) AllocSpace objects, 0(0B) LOS objects, 38% free, 25MB/41MB, paused 221us total 28.098ms
08-03 23:11:19.284 12155 12167 I art     : Starting a blocking GC Explicit
08-03 23:11:19.313 12155 12167 I art     : Explicit concurrent mark sweep GC freed 9(416B) AllocSpace objects, 0(0B) LOS objects, 38% free, 25MB/41MB, paused 319us total 28.363ms
08-03 23:11:19.326 12155 12167 I art     : Starting a blocking GC Explicit
08-03 23:11:19.355 12155 12167 I art     : Explicit concurrent mark sweep GC freed 34(1104B) AllocSpace objects, 0(0B) LOS objects, 38% free, 25MB/41MB, paused 258us total 29.069ms
08-03 23:11:19.366 12155 12167 I art     : Starting a blocking GC Explicit
08-03 23:11:19.389 12155 12167 I art     : Explicit concurrent mark sweep GC freed 23(736B) AllocSpace objects, 0(0B) LOS objects, 38% free, 25MB/41MB, paused 217us total 23.274ms
08-03 23:11:19.691 12155 12167 I art     : Starting a blocking GC Explicit
08-03 23:11:19.719 12155 12167 I art     : Explicit concurrent mark sweep GC freed 1394(78KB) AllocSpace objects, 1(20KB) LOS objects, 38% free, 25MB/41MB, paused 221us total 27.446ms
08-03 23:11:19.729 12155 12167 I art     : Starting a blocking GC Explicit
08-03 23:11:19.755 12155 12167 I art     : Explicit concurrent mark sweep GC freed 23(784B) AllocSpace objects, 0(0B) LOS objects, 38% free, 25MB/41MB, paused 218us total 25.501ms
08-03 23:11:19.764 12155 12167 I art     : Starting a blocking GC Explicit
08-03 23:11:19.789 12155 12167 I art     : Explicit concurrent mark sweep GC freed 7(224B) AllocSpace objects, 0(0B) LOS objects, 38% free, 25MB/41MB, paused 217us total 24.838ms
08-03 23:11:19.797 12155 12167 I art     : Starting a blocking GC Explicit
08-03 23:11:19.826 12155 12167 I art     : Explicit concurrent mark sweep GC freed 7(224B) AllocSpace objects, 0(0B) LOS objects, 38% free, 25MB/41MB, paused 208us total 28.873ms
08-03 23:11:19.838 12155 12167 I art     : Starting a blocking GC Explicit
08-03 23:11:19.866 12155 12167 I art     : Explicit concurrent mark sweep GC freed 8(256B) AllocSpace objects, 0(0B) LOS objects, 38% free, 25MB/41MB, paused 231us total 28.694ms
08-03 23:11:20.174 12155 12381 I art     : Starting a blocking GC Explicit
08-03 23:11:20.207 12155 12381 I art     : Explicit concurrent mark sweep GC freed 1301(75KB) AllocSpace objects, 1(20KB) LOS objects, 38% free, 25MB/41MB, paused 277us total 33.139ms
08-03 23:11:20.221 12155 12381 I art     : Starting a blocking GC Explicit
08-03 23:11:20.249 12155 12381 I art     : Explicit concurrent mark sweep GC freed 18(624B) AllocSpace objects, 0(0B) LOS objects, 38% free, 25MB/41MB, paused 232us total 27.924ms
08-03 23:11:20.259 12155 12381 I art     : Starting a blocking GC Explicit
08-03 23:11:20.285 12155 12381 I art     : Explicit concurrent mark sweep GC freed 3(96B) AllocSpace objects, 0(0B) LOS objects, 38% free, 25MB/41MB, paused 214us total 25.484ms
08-03 23:11:20.294 12155 12381 I art     : Starting a blocking GC Explicit
08-03 23:11:20.321 12155 12381 I art     : Explicit concurrent mark sweep GC freed 3(96B) AllocSpace objects, 0(0B) LOS objects, 38% free, 25MB/41MB, paused 231us total 26.309ms
08-03 23:11:20.331 12155 12381 I art     : Starting a blocking GC Explicit
08-03 23:11:20.357 12155 12381 I art     : Explicit concurrent mark sweep GC freed 3(96B) AllocSpace objects, 0(0B) LOS objects, 38% free, 25MB/41MB, paused 282us total 26.115ms
08-03 23:11:20.455 12719 12719 I art     : Late-enabling -Xcheck:jni
08-03 23:11:20.455   918   918 I ActivityManager: Start proc 12719:nappatfpr.appteam.nith.hillffair/u0a657 for service nappatfpr.appteam.nith.hillffair/com.onesignal.SyncJobService
08-03 23:11:20.472 18789 18789 I Finsky  : [1] xow.onStartJob(3): SCH: onJobSchedulerWakeup with jobId 9010
08-03 23:11:20.484 18789 18789 I Finsky  : [1] xjw.a(9): Scheduling fallback in 43199994 (absolute: 1686084353)
08-03 23:11:20.488 18789 18789 I Finsky  : [1] xjw.a(9): Scheduling fallback in 64799998 (absolute: 1707684360)
08-03 23:11:20.492 18789 18789 I Finsky  : [1] xow.onStartJob(3): SCH: onJobSchedulerWakeup with jobId 9016
08-03 23:11:20.500 18789 18789 I Finsky  : [1] xjw.a(9): Scheduling fallback in 43199993 (absolute: 1686084368)
08-03 23:11:20.503 18789 18789 I Finsky  : [1] xjw.a(9): Scheduling fallback in 64799998 (absolute: 1707684375)
08-03 23:11:20.507 18789 18789 W Finsky  : [1] xow.onStartJob(9): SCH: onJobSchedulerWakeup while already running
08-03 23:11:20.518 12719 12719 W System  : ClassLoader referenced unknown path: /data/app/nappatfpr.appteam.nith.hillffair-1/lib/arm64
08-03 23:11:20.544 12719 12719 W OneSignal: GCM Library detected, please upgrade to Firebase FCM library as GCM is deprecated!
08-03 23:11:20.588 18789 18789 I Finsky  : [1] xkf.handleMessage(8): SCH: DeviceState: DeviceState{currentTime=1596489080584, isCharging=false, isIdle=false, netAny=true, netNotRoaming=true, netUnmetered=true, batteryPercent=100.0}
08-03 23:11:20.598 18789 12123 I Finsky  : [6139] xmu.a(8): SCH: Jobs in database: 1-1337 3-181 3-182 12-1 24-77777777 26-1414141414 
08-03 23:11:20.602 18789 18789 I Finsky  : [1] xkg.a(16): SCH: Running job: 12-1
08-03 23:11:20.603 18789 18789 I Finsky  : [1] ContentSyncJob.a(16): [ContentSync] job started
08-03 23:11:20.603 18789 18789 I Finsky  : [1] xkf.handleMessage(61): SCH: RunningQueue size: 1, PendingQueue size: 0
08-03 23:11:20.603 18789 18789 I Finsky  : [1] xkf.handleMessage(64): SCH: Running queue: 12-1 
08-03 23:11:20.626 12155 12166 I art     : Starting a blocking GC Explicit
08-03 23:11:20.651 12155 12166 I art     : Explicit concurrent mark sweep GC freed 1293(75KB) AllocSpace objects, 1(20KB) LOS objects, 38% free, 25MB/41MB, paused 217us total 24.415ms
08-03 23:11:20.661 12155 12166 I art     : Starting a blocking GC Explicit
08-03 23:11:20.687 12155 12166 I art     : Explicit concurrent mark sweep GC freed 18(624B) AllocSpace objects, 0(0B) LOS objects, 38% free, 25MB/41MB, paused 241us total 25.819ms
08-03 23:11:20.695 12155 12166 I art     : Starting a blocking GC Explicit
08-03 23:11:20.702 18789 12753 I Finsky  : [6148] dzn.a(22): Completed 0 account content syncs with 0 successful.
08-03 23:11:20.702 18789 18789 I Finsky  : [1] ContentSyncJob.a(1): [ContentSync] Installation state replication succeeded.
08-03 23:11:20.703 18789 18789 I Finsky  : [1] xlr.a(13): SCH: jobFinished: 12-1. TimeElapsed: 101ms.
08-03 23:11:20.703 18789 18789 I Finsky  : [1] xkg.a(36): SCH: Job 12-1 finished. Not rescheduling.
08-03 23:11:20.704 18789 18789 I Finsky  : [1] xkf.handleMessage(61): SCH: RunningQueue size: 0, PendingQueue size: 0
08-03 23:11:20.704 18789 18789 I Finsky  : [1] xkf.handleMessage(25): Executor finished
08-03 23:11:20.717 12155 12166 I art     : Explicit concurrent mark sweep GC freed 3(96B) AllocSpace objects, 0(0B) LOS objects, 38% free, 25MB/41MB, paused 213us total 22.259ms
08-03 23:11:20.719 18789 18789 I Finsky  : [1] xmu.a(8): SCH: Jobs in database: 1-1337 3-181 3-182 24-77777777 26-1414141414 
08-03 23:11:20.721 18789 18789 I Finsky  : [1] xio.a(57): SCH: ConstraintMapping: 24-77777777,  -> L: 0ms, D: 79120117ms, C: false, I: true, N: 0
08-03 23:11:20.726 18789 18789 I Finsky  : [1] xio.a(57): SCH: ConstraintMapping: 1-1337,  -> L: 4482906ms, D: 39272191ms, C: false, I: false, N: 1
08-03 23:11:20.726 12155 12166 I art     : Starting a blocking GC Explicit
08-03 23:11:20.726 18789 18789 I Finsky  : [1] xio.a(57): SCH: ConstraintMapping: 3-181,  -> L: 0ms, D: 70528493ms, C: false, I: true, N: 2
08-03 23:11:20.727 18789 18789 I Finsky  : [1] xio.a(57): SCH: ConstraintMapping: 3-182,  -> L: 0ms, D: 70528566ms, C: true, I: true, N: 2
08-03 23:11:20.728 18789 18789 I Finsky  : [1] xio.a(57): SCH: ConstraintMapping: 26-1414141414,  -> L: 144433ms, D: 1044433ms, C: false, I: false, N: 0
08-03 23:11:20.738 18789 18789 I Finsky  : [1] xle.a(34): Cancelling existing jobscheduler jobs: 9019 9014 9017 9000 9015 9012 9018 9013 
08-03 23:11:20.739 18789 18789 I Finsky  : [1] xle.a(10): Throttling wakeup for job 9001 (expected to run in 0 ms) due to recent wakeup
08-03 23:11:20.739 18789 18789 I Finsky  : [1] xle.a(27): Scheduling job Id: 9001, L: 30000, D: 79120117, C: false, I: true, N: 0
08-03 23:11:20.740 18789 18789 I Finsky  : [1] xle.a(27): Scheduling job Id: 9002, L: 4482906, D: 39272191, C: false, I: false, N: 1
08-03 23:11:20.741 18789 18789 I Finsky  : [1] xle.a(10): Throttling wakeup for job 9003 (expected to run in 0 ms) due to recent wakeup
08-03 23:11:20.742 18789 18789 I Finsky  : [1] xle.a(27): Scheduling job Id: 9003, L: 30000, D: 70528493, C: false, I: true, N: 2
08-03 23:11:20.744 18789 18789 I Finsky  : [1] xle.a(10): Throttling wakeup for job 9004 (expected to run in 0 ms) due to recent wakeup
08-03 23:11:20.744 18789 18789 I Finsky  : [1] xle.a(27): Scheduling job Id: 9004, L: 30000, D: 70528566, C: true, I: true, N: 2
08-03 23:11:20.746 18789 18789 I Finsky  : [1] xle.a(27): Scheduling job Id: 9005, L: 144433, D: 1044433, C: false, I: false, N: 0
08-03 23:11:20.748 18789 18789 I Finsky  : [1] xle.a(10): Throttling wakeup for job 9006 (expected to run in 0 ms) due to recent wakeup
08-03 23:11:20.748 18789 18789 I Finsky  : [1] xle.a(27): Scheduling job Id: 9006, L: 30000, D: 79120117, C: false, I: true, N: 0
08-03 23:11:20.748 12155 12166 I art     : Explicit concurrent mark sweep GC freed 3(96B) AllocSpace objects, 0(0B) LOS objects, 38% free, 25MB/41MB, paused 193us total 21.986ms
08-03 23:11:20.751 18789 18789 I Finsky  : [1] xle.a(27): Scheduling job Id: 9007, L: 4482906, D: 39272191, C: false, I: false, N: 1
08-03 23:11:20.752 18789 18789 I Finsky  : [1] xle.a(10): Throttling wakeup for job 9008 (expected to run in 0 ms) due to recent wakeup
08-03 23:11:20.752 18789 18789 I Finsky  : [1] xle.a(27): Scheduling job Id: 9008, L: 30000, D: 70528493, C: false, I: true, N: 2
08-03 23:11:20.755 18789 18789 I Finsky  : [1] xle.a(10): Throttling wakeup for job 9009 (expected to run in 0 ms) due to recent wakeup
08-03 23:11:20.755 18789 18789 I Finsky  : [1] xle.a(27): Scheduling job Id: 9009, L: 30000, D: 70528566, C: true, I: true, N: 2
08-03 23:11:20.756 12155 12166 I art     : Starting a blocking GC Explicit
08-03 23:11:20.757 18789 18789 I Finsky  : [1] xle.a(27): Scheduling job Id: 9011, L: 144433, D: 1044433, C: false, I: false, N: 0
08-03 23:11:20.777 12719 12760 W GCM     : GCM SDK is deprecated, nappatfpr.appteam.nith.hillffair should update to use FCM
08-03 23:11:20.778 12155 12166 I art     : Explicit concurrent mark sweep GC freed 3(96B) AllocSpace objects, 0(0B) LOS objects, 38% free, 25MB/41MB, paused 201us total 21.840ms
08-03 23:11:20.955 12719 12760 E OneSignal: Error Getting GCM Token
08-03 23:11:20.955 12719 12760 E OneSignal: java.io.IOException: INVALID_SENDER
08-03 23:11:20.955 12719 12760 E OneSignal: 	at com.google.android.gms.gcm.GoogleCloudMessaging.zzd(Unknown Source)
08-03 23:11:20.955 12719 12760 E OneSignal: 	at com.google.android.gms.gcm.GoogleCloudMessaging.register(Unknown Source)
08-03 23:11:20.955 12719 12760 E OneSignal: 	at com.onesignal.PushRegistratorGCM.getToken(PushRegistratorGCM.java:42)
08-03 23:11:20.955 12719 12760 E OneSignal: 	at com.onesignal.PushRegistratorAbstractGoogle.attemptRegistration(PushRegistratorAbstractGoogle.java:97)
08-03 23:11:20.955 12719 12760 E OneSignal: 	at com.onesignal.PushRegistratorAbstractGoogle.access$100(PushRegistratorAbstractGoogle.java:37)
08-03 23:11:20.955 12719 12760 E OneSignal: 	at com.onesignal.PushRegistratorAbstractGoogle$1.run(PushRegistratorAbstractGoogle.java:84)
08-03 23:11:20.955 12719 12760 E OneSignal: 	at java.lang.Thread.run(Thread.java:818)
08-03 23:11:20.973 12719 12770 I art     : Rejecting re-init on previously-failed class java.lang.Class<com.onesignal.OneSignalChromeTab$OneSignalCustomTabsServiceConnection>
08-03 23:11:20.974 12719 12770 I art     : Rejecting re-init on previously-failed class java.lang.Class<com.onesignal.OneSignalChromeTab$OneSignalCustomTabsServiceConnection>
08-03 23:11:20.995 24365 23406 I NetworkScheduler.Stats: Task com.google.android.gms/com.google.android.gms.icing.service.IcingGcmTaskService started execution. cause:1 exec_start_elapsed_seconds: 1642884 [CONTEXT service_id=218 ]
08-03 23:11:21.002 24365 28437 I NetworkScheduler.Stats: Task com.google.android.gms/com.google.android.gms.icing.service.IcingGcmTaskService finished executing. cause:1 result: 1 elapsed_millis: 23 uptime_millis: 23 exec_start_elapsed_seconds: 1642884 [CONTEXT service_id=218 ]
08-03 23:11:21.027 12155 12378 I art     : Starting a blocking GC Explicit
08-03 23:11:21.050 12155 12378 I art     : Explicit concurrent mark sweep GC freed 1293(75KB) AllocSpace objects, 1(20KB) LOS objects, 38% free, 25MB/41MB, paused 224us total 22.315ms
08-03 23:11:21.058 12155 12378 I art     : Starting a blocking GC Explicit
08-03 23:11:21.081 12155 12378 I art     : Explicit concurrent mark sweep GC freed 18(624B) AllocSpace objects, 0(0B) LOS objects, 38% free, 25MB/41MB, paused 224us total 22.193ms
08-03 23:11:21.089 12155 12378 I art     : Starting a blocking GC Explicit
08-03 23:11:21.112 12155 12378 I art     : Explicit concurrent mark sweep GC freed 3(96B) AllocSpace objects, 0(0B) LOS objects, 38% free, 25MB/41MB, paused 235us total 22.539ms
08-03 23:11:21.120 12155 12378 I art     : Starting a blocking GC Explicit
08-03 23:11:21.138   918   927 I art     : Background partial concurrent mark sweep GC freed 73330(7MB) AllocSpace objects, 96(1996KB) LOS objects, 18% free, 68MB/84MB, paused 1.173ms total 140.679ms
08-03 23:11:21.144 12155 12378 I art     : Explicit concurrent mark sweep GC freed 3(96B) AllocSpace objects, 0(0B) LOS objects, 38% free, 25MB/41MB, paused 237us total 23.831ms
08-03 23:11:21.153 12155 12378 I art     : Starting a blocking GC Explicit
08-03 23:11:21.176 12155 12378 I art     : Explicit concurrent mark sweep GC freed 3(96B) AllocSpace objects, 0(0B) LOS objects, 38% free, 25MB/41MB, paused 229us total 22.929ms
08-03 23:11:21.181 12762 12762 D AndroidRuntime: >>>>>> START com.android.internal.os.RuntimeInit uid 2000 <<<<<<
08-03 23:11:21.185 12762 12762 D AndroidRuntime: CheckJNI is OFF
08-03 23:11:21.209 12762 12762 D ICU     : No timezone override file found: /data/misc/zoneinfo/current/icu/icu_tzdata.dat
08-03 23:11:21.233 12762 12762 I Radio-JNI: register_android_hardware_Radio DONE
08-03 23:11:21.250 12762 12762 D AndroidRuntime: Calling main entry com.android.commands.input.Input
08-03 23:11:21.251 12762 12762 I Input   : injectMotionEvent: MotionEvent { action=ACTION_DOWN, actionButton=0, id[0]=0, x[0]=1215.0, y[0]=1450.0, toolType[0]=TOOL_TYPE_UNKNOWN, buttonState=0, metaState=0, flags=0x0, edgeFlags=0x0, pointerCount=1, historySize=0, eventTime=659497664, downTime=659497664, deviceId=0, source=0x1002 }
08-03 23:11:21.257 12762 12762 I Input   : injectMotionEvent: MotionEvent { action=ACTION_UP, actionButton=0, id[0]=0, x[0]=1215.0, y[0]=1450.0, toolType[0]=TOOL_TYPE_UNKNOWN, buttonState=0, metaState=0, flags=0x0, edgeFlags=0x0, pointerCount=1, historySize=0, eventTime=659497664, downTime=659497664, deviceId=0, source=0x1002 }
08-03 23:11:21.258 12762 12762 D AndroidRuntime: Shutting down VM
08-03 23:11:21.265   512  2967 D audio_hw_primary: out_set_parameters: enter: usecase(1: low-latency-playback) kvpairs: routing=2
08-03 23:11:21.279   512  2967 D audio_hw_primary: select_devices: out_snd_device(2: speaker) in_snd_device(0: none)
08-03 23:11:21.280   512  2967 D msm8974_platform: platform_send_audio_calibration: sending audio calibration for snd_device(2) acdb_id(15)
08-03 23:11:21.280   512  2967 I soundtrigger: audio_extn_sound_trigger_update_device_status: device 0x2 of type 0 for Event 1
08-03 23:11:21.293   512  2967 D audio_hw_primary: enable_snd_device: snd_device(2: speaker)
08-03 23:11:21.295   512  2967 D audio_hw_primary: enable_audio_route: apply and update mixer path: low-latency-playback speaker
08-03 23:11:21.404 12155 12167 I art     : Starting a blocking GC Explicit
08-03 23:11:21.441 12155 12167 I art     : Explicit concurrent mark sweep GC freed 1733(112KB) AllocSpace objects, 1(20KB) LOS objects, 38% free, 25MB/41MB, paused 264us total 37.380ms
08-03 23:11:21.453 12155 12167 I art     : Starting a blocking GC Explicit
08-03 23:11:21.487 12155 12167 I art     : Explicit concurrent mark sweep GC freed 1045(73KB) AllocSpace objects, 1(40KB) LOS objects, 38% free, 25MB/41MB, paused 246us total 34.104ms
08-03 23:11:21.498 12155 12167 I art     : Starting a blocking GC Explicit
08-03 23:11:21.523 12155 12167 I art     : Explicit concurrent mark sweep GC freed 4(112B) AllocSpace objects, 0(0B) LOS objects, 38% free, 25MB/41MB, paused 236us total 24.783ms
08-03 23:11:21.533 12155 12167 I art     : Starting a blocking GC Explicit
08-03 23:11:21.559 12155 12167 I art     : Explicit concurrent mark sweep GC freed 5(128B) AllocSpace objects, 0(0B) LOS objects, 38% free, 25MB/41MB, paused 231us total 25.856ms
08-03 23:11:21.569 12155 12167 I art     : Starting a blocking GC Explicit
08-03 23:11:21.596 12155 12167 I art     : Explicit concurrent mark sweep GC freed 29(1136B) AllocSpace objects, 0(0B) LOS objects, 38% free, 25MB/41MB, paused 378us total 26.206ms
08-03 23:11:21.848   512  2967 D audio_hw_primary: disable_audio_route: reset and update mixer path: low-latency-playback speaker
08-03 23:11:21.850   512  2967 D audio_hw_primary: disable_snd_device: snd_device(2: speaker)
08-03 23:11:21.858   512  2967 I soundtrigger: audio_extn_sound_trigger_update_device_status: device 0x2 of type 0 for Event 0
08-03 23:11:21.894 12155 12167 I art     : Starting a blocking GC Explicit
08-03 23:11:21.930 12155 12167 I art     : Explicit concurrent mark sweep GC freed 1349(77KB) AllocSpace objects, 1(20KB) LOS objects, 38% free, 25MB/41MB, paused 278us total 35.771ms
08-03 23:11:21.944 12155 12167 I art     : Starting a blocking GC Explicit
08-03 23:11:21.972 12155 12167 I art     : Explicit concurrent mark sweep GC freed 164(10KB) AllocSpace objects, 0(0B) LOS objects, 38% free, 25MB/41MB, paused 241us total 27.816ms
08-03 23:11:21.982 12155 12167 I art     : Starting a blocking GC Explicit
08-03 23:11:22.009 12155 12167 I art     : Explicit concurrent mark sweep GC freed 3(96B) AllocSpace objects, 0(0B) LOS objects, 38% free, 25MB/41MB, paused 245us total 26.512ms
08-03 23:11:22.019 12155 12167 I art     : Starting a blocking GC Explicit
08-03 23:11:22.045 12155 12167 I art     : Explicit concurrent mark sweep GC freed 3(96B) AllocSpace objects, 0(0B) LOS objects, 38% free, 25MB/41MB, paused 240us total 26.110ms
08-03 23:11:22.055 12155 12167 I art     : Starting a blocking GC Explicit
08-03 23:11:22.081 12155 12167 I art     : Explicit concurrent mark sweep GC freed 3(96B) AllocSpace objects, 0(0B) LOS objects, 38% free, 25MB/41MB, paused 217us total 26.448ms
08-03 23:11:22.159   518   646 I ThermalEngine: ACTION: GPU - Setting GPU[0] to 510000000
08-03 23:11:22.368 12155 12378 I art     : Starting a blocking GC Explicit
08-03 23:11:22.410 12155 12378 I art     : Explicit concurrent mark sweep GC freed 1293(75KB) AllocSpace objects, 1(20KB) LOS objects, 38% free, 25MB/41MB, paused 365us total 41.135ms
08-03 23:11:22.424 12155 12378 I art     : Starting a blocking GC Explicit
08-03 23:11:22.454 12155 12378 I art     : Explicit concurrent mark sweep GC freed 18(624B) AllocSpace objects, 0(0B) LOS objects, 38% free, 25MB/41MB, paused 315us total 30.215ms
08-03 23:11:22.465 12155 12378 I art     : Starting a blocking GC Explicit
08-03 23:11:22.496 12155 12378 I art     : Explicit concurrent mark sweep GC freed 3(96B) AllocSpace objects, 0(0B) LOS objects, 38% free, 25MB/41MB, paused 289us total 31.010ms
08-03 23:11:22.509 12155 12378 I art     : Starting a blocking GC Explicit
08-03 23:11:22.538 12155 12378 I art     : Explicit concurrent mark sweep GC freed 3(96B) AllocSpace objects, 0(0B) LOS objects, 38% free, 25MB/41MB, paused 306us total 28.831ms
08-03 23:11:22.549 12155 12378 I art     : Starting a blocking GC Explicit
08-03 23:11:22.580 12155 12378 I art     : Explicit concurrent mark sweep GC freed 3(96B) AllocSpace objects, 0(0B) LOS objects, 38% free, 25MB/41MB, paused 312us total 30.301ms
08-03 23:11:22.843 12155 12166 I art     : Starting a blocking GC Explicit
08-03 23:11:22.883 12155 12166 I art     : Explicit concurrent mark sweep GC freed 1293(75KB) AllocSpace objects, 1(20KB) LOS objects, 38% free, 25MB/41MB, paused 510us total 39.611ms
08-03 23:11:22.900 12155 12166 I art     : Starting a blocking GC Explicit
08-03 23:11:22.917 12816 12816 D AndroidRuntime: >>>>>> START com.android.internal.os.RuntimeInit uid 2000 <<<<<<
08-03 23:11:22.922 12816 12816 D AndroidRuntime: CheckJNI is OFF
08-03 23:11:22.933 12155 12166 I art     : Explicit concurrent mark sweep GC freed 24(832B) AllocSpace objects, 0(0B) LOS objects, 38% free, 25MB/41MB, paused 287us total 32.495ms
08-03 23:11:22.945 12155 12166 I art     : Starting a blocking GC Explicit
08-03 23:11:22.959 12816 12816 D ICU     : No timezone override file found: /data/misc/zoneinfo/current/icu/icu_tzdata.dat
08-03 23:11:22.975 12155 12166 I art     : Explicit concurrent mark sweep GC freed 8(256B) AllocSpace objects, 0(0B) LOS objects, 38% free, 25MB/41MB, paused 314us total 29.815ms
08-03 23:11:22.989 12155 12166 I art     : Starting a blocking GC Explicit
08-03 23:11:22.995 12816 12816 I Radio-JNI: register_android_hardware_Radio DONE
08-03 23:11:23.017 12816 12816 D AndroidRuntime: Calling main entry com.android.commands.input.Input
08-03 23:11:23.019 12816 12816 I Input   : injectMotionEvent: MotionEvent { action=ACTION_DOWN, actionButton=0, id[0]=0, x[0]=1215.0, y[0]=1482.0, toolType[0]=TOOL_TYPE_UNKNOWN, buttonState=0, metaState=0, flags=0x0, edgeFlags=0x0, pointerCount=1, historySize=0, eventTime=659499432, downTime=659499432, deviceId=0, source=0x1002 }
08-03 23:11:23.020 12155 12166 I art     : Explicit concurrent mark sweep GC freed 8(256B) AllocSpace objects, 0(0B) LOS objects, 38% free, 25MB/41MB, paused 331us total 31.449ms
08-03 23:11:23.025 12816 12816 I Input   : injectMotionEvent: MotionEvent { action=ACTION_UP, actionButton=0, id[0]=0, x[0]=1215.0, y[0]=1482.0, toolType[0]=TOOL_TYPE_UNKNOWN, buttonState=0, metaState=0, flags=0x0, edgeFlags=0x0, pointerCount=1, historySize=0, eventTime=659499432, downTime=659499432, deviceId=0, source=0x1002 }
08-03 23:11:23.027 12816 12816 D AndroidRuntime: Shutting down VM
08-03 23:11:23.033 12155 12166 I art     : Starting a blocking GC Explicit
08-03 23:11:23.037   512  2967 D audio_hw_primary: out_set_parameters: enter: usecase(1: low-latency-playback) kvpairs: routing=2
08-03 23:11:23.048 12155 12155 I SettingsManager: Setting boolean: completedTutorial
08-03 23:11:23.050   512  2967 D audio_hw_primary: select_devices: out_snd_device(2: speaker) in_snd_device(0: none)
08-03 23:11:23.050   512  2967 D msm8974_platform: platform_send_audio_calibration: sending audio calibration for snd_device(2) acdb_id(15)
08-03 23:11:23.050   512  2967 I soundtrigger: audio_extn_sound_trigger_update_device_status: device 0x2 of type 0 for Event 1
08-03 23:11:23.060   512  2967 D audio_hw_primary: enable_snd_device: snd_device(2: speaker)
08-03 23:11:23.061   918  5952 W BackupManagerService: dataChanged but no participant pkg='baseline.com.ak.uobtimetable' uid=10659
08-03 23:11:23.063   512  2967 D audio_hw_primary: enable_audio_route: apply and update mixer path: low-latency-playback speaker
08-03 23:11:23.063 12155 12170 D OpenGLRenderer: endAllStagingAnimators on 0x7f99552400 (RippleDrawable) with handle 0x7f99e87960
08-03 23:11:23.069 12155 12166 I art     : Explicit concurrent mark sweep GC freed 375(31KB) AllocSpace objects, 1(20KB) LOS objects, 38% free, 25MB/41MB, paused 544us total 36.220ms
08-03 23:11:23.071 13866 13866 I GoogleInputMethodServic: GoogleInputMethodService.onFinishInput():3138 
08-03 23:11:23.071 13866 13866 I GoogleInputMethodServic: GoogleInputMethodService.onStartInput():1808 
08-03 23:11:23.346 12155 12378 I art     : Starting a blocking GC Explicit
08-03 23:11:23.377 12155 12378 I art     : Explicit concurrent mark sweep GC freed 1374(78KB) AllocSpace objects, 1(20KB) LOS objects, 38% free, 25MB/41MB, paused 317us total 30.739ms
08-03 23:11:23.389 12155 12378 I art     : Starting a blocking GC Explicit
08-03 23:11:23.419 12155 12378 I art     : Explicit concurrent mark sweep GC freed 1017(69KB) AllocSpace objects, 1(40KB) LOS objects, 38% free, 25MB/41MB, paused 306us total 29.138ms
08-03 23:11:23.430 12155 12378 I art     : Starting a blocking GC Explicit
08-03 23:11:23.461 12155 12378 I art     : Explicit concurrent mark sweep GC freed 3(96B) AllocSpace objects, 0(0B) LOS objects, 38% free, 25MB/41MB, paused 314us total 31.310ms
08-03 23:11:23.473 12155 12378 I art     : Starting a blocking GC Explicit
08-03 23:11:23.506 12155 12378 I art     : Explicit concurrent mark sweep GC freed 3(96B) AllocSpace objects, 0(0B) LOS objects, 38% free, 25MB/41MB, paused 323us total 32.252ms
08-03 23:11:23.518 12155 12378 I art     : Starting a blocking GC Explicit
08-03 23:11:23.550 12155 12378 I art     : Explicit concurrent mark sweep GC freed 3(96B) AllocSpace objects, 0(0B) LOS objects, 38% free, 25MB/41MB, paused 310us total 31.679ms
08-03 23:11:23.619   512  2967 D audio_hw_primary: disable_audio_route: reset and update mixer path: low-latency-playback speaker
08-03 23:11:23.620   512  2967 D audio_hw_primary: disable_snd_device: snd_device(2: speaker)
08-03 23:11:23.628   512  2967 I soundtrigger: audio_extn_sound_trigger_update_device_status: device 0x2 of type 0 for Event 0
08-03 23:11:23.838 12155 12166 I art     : Starting a blocking GC Explicit
08-03 23:11:23.880 12155 12166 I art     : Explicit concurrent mark sweep GC freed 1293(75KB) AllocSpace objects, 1(20KB) LOS objects, 38% free, 25MB/41MB, paused 348us total 41.327ms
08-03 23:11:23.895 12155 12166 I art     : Starting a blocking GC Explicit
08-03 23:11:23.929 12155 12166 I art     : Explicit concurrent mark sweep GC freed 18(624B) AllocSpace objects, 0(0B) LOS objects, 38% free, 25MB/41MB, paused 323us total 33.162ms
08-03 23:11:23.941 12155 12166 I art     : Starting a blocking GC Explicit
08-03 23:11:23.973 12155 12166 I art     : Explicit concurrent mark sweep GC freed 3(96B) AllocSpace objects, 0(0B) LOS objects, 38% free, 25MB/41MB, paused 325us total 32.383ms
08-03 23:11:23.986 12155 12166 I art     : Starting a blocking GC Explicit
08-03 23:11:24.019 12155 12166 I art     : Explicit concurrent mark sweep GC freed 3(96B) AllocSpace objects, 0(0B) LOS objects, 38% free, 25MB/41MB, paused 324us total 33.131ms
08-03 23:11:24.032 12155 12166 I art     : Starting a blocking GC Explicit
08-03 23:11:24.066 12155 12166 I art     : Explicit concurrent mark sweep GC freed 3(96B) AllocSpace objects, 0(0B) LOS objects, 38% free, 25MB/41MB, paused 324us total 33.101ms
08-03 23:11:24.348 12155 12167 I art     : Starting a blocking GC Explicit
08-03 23:11:24.382 12155 12167 I art     : Explicit concurrent mark sweep GC freed 1293(75KB) AllocSpace objects, 1(20KB) LOS objects, 38% free, 25MB/41MB, paused 340us total 33.256ms
08-03 23:11:24.394 12155 12167 I art     : Starting a blocking GC Explicit
08-03 23:11:24.425 12155 12167 I art     : Explicit concurrent mark sweep GC freed 18(624B) AllocSpace objects, 0(0B) LOS objects, 38% free, 25MB/41MB, paused 320us total 30.790ms
08-03 23:11:24.437 12155 12167 I art     : Starting a blocking GC Explicit
08-03 23:11:24.468 12155 12167 I art     : Explicit concurrent mark sweep GC freed 3(96B) AllocSpace objects, 0(0B) LOS objects, 38% free, 25MB/41MB, paused 347us total 31.001ms
08-03 23:11:24.480 12155 12167 I art     : Starting a blocking GC Explicit
08-03 23:11:24.511 12155 12167 I art     : Explicit concurrent mark sweep GC freed 3(96B) AllocSpace objects, 0(0B) LOS objects, 38% free, 25MB/41MB, paused 319us total 30.818ms
08-03 23:11:24.523 12155 12167 I art     : Starting a blocking GC Explicit
08-03 23:11:24.554 12155 12167 I art     : Explicit concurrent mark sweep GC freed 3(96B) AllocSpace objects, 0(0B) LOS objects, 38% free, 25MB/41MB, paused 327us total 31.012ms
08-03 23:11:24.701 12868 12868 D AndroidRuntime: >>>>>> START com.android.internal.os.RuntimeInit uid 2000 <<<<<<
08-03 23:11:24.709 12868 12868 D AndroidRuntime: CheckJNI is OFF
08-03 23:11:24.742 12868 12868 D ICU     : No timezone override file found: /data/misc/zoneinfo/current/icu/icu_tzdata.dat
08-03 23:11:24.775 12868 12868 I Radio-JNI: register_android_hardware_Radio DONE
08-03 23:11:24.797 12868 12868 D AndroidRuntime: Calling main entry com.android.commands.input.Input
08-03 23:11:24.799 12868 12868 I Input   : injectMotionEvent: MotionEvent { action=ACTION_DOWN, actionButton=0, id[0]=0, x[0]=81.0, y[0]=176.0, toolType[0]=TOOL_TYPE_UNKNOWN, buttonState=0, metaState=0, flags=0x0, edgeFlags=0x0, pointerCount=1, historySize=0, eventTime=659501212, downTime=659501212, deviceId=0, source=0x1002 }
08-03 23:11:24.805 12868 12868 I Input   : injectMotionEvent: MotionEvent { action=ACTION_UP, actionButton=0, id[0]=0, x[0]=81.0, y[0]=176.0, toolType[0]=TOOL_TYPE_UNKNOWN, buttonState=0, metaState=0, flags=0x0, edgeFlags=0x0, pointerCount=1, historySize=0, eventTime=659501212, downTime=659501212, deviceId=0, source=0x1002 }
08-03 23:11:24.806 12868 12868 D AndroidRuntime: Shutting down VM
08-03 23:11:24.817   512  2967 D audio_hw_primary: out_set_parameters: enter: usecase(1: low-latency-playback) kvpairs: routing=2
08-03 23:11:24.830   512  2967 D audio_hw_primary: select_devices: out_snd_device(2: speaker) in_snd_device(0: none)
08-03 23:11:24.830   512  2967 D msm8974_platform: platform_send_audio_calibration: sending audio calibration for snd_device(2) acdb_id(15)
08-03 23:11:24.831   512  2967 I soundtrigger: audio_extn_sound_trigger_update_device_status: device 0x2 of type 0 for Event 1
08-03 23:11:24.844   512  2967 D audio_hw_primary: enable_snd_device: snd_device(2: speaker)
08-03 23:11:24.846   512  2967 D audio_hw_primary: enable_audio_route: apply and update mixer path: low-latency-playback speaker
08-03 23:11:24.868 12155 12378 I art     : Starting a blocking GC Explicit
08-03 23:11:24.900 12155 12378 I art     : Explicit concurrent mark sweep GC freed 1707(96KB) AllocSpace objects, 1(20KB) LOS objects, 38% free, 25MB/41MB, paused 484us total 31.156ms
08-03 23:11:24.912 12155 12378 I art     : Starting a blocking GC Explicit
08-03 23:11:24.940 12155 12378 I art     : Explicit concurrent mark sweep GC freed 24(992B) AllocSpace objects, 0(0B) LOS objects, 38% free, 25MB/41MB, paused 289us total 28.334ms
08-03 23:11:24.952 12155 12378 I art     : Starting a blocking GC Explicit
08-03 23:11:24.980 12155 12378 I art     : Explicit concurrent mark sweep GC freed 3(96B) AllocSpace objects, 0(0B) LOS objects, 38% free, 25MB/41MB, paused 292us total 28.089ms
08-03 23:11:24.991 12155 12378 I art     : Starting a blocking GC Explicit
08-03 23:11:25.020 12155 12378 I art     : Explicit concurrent mark sweep GC freed 3(96B) AllocSpace objects, 0(0B) LOS objects, 38% free, 25MB/41MB, paused 316us total 28.229ms
08-03 23:11:25.031 12155 12378 I art     : Starting a blocking GC Explicit
08-03 23:11:25.059 12155 12378 I art     : Explicit concurrent mark sweep GC freed 11(352B) AllocSpace objects, 0(0B) LOS objects, 38% free, 25MB/41MB, paused 309us total 28.548ms
08-03 23:11:25.161   518   646 I ThermalEngine: ACTION: GPU - Setting GPU[0] to 600000000
08-03 23:11:25.338 12155 12381 I art     : Starting a blocking GC Explicit
08-03 23:11:25.365 12155 12381 I art     : Explicit concurrent mark sweep GC freed 1296(75KB) AllocSpace objects, 1(20KB) LOS objects, 38% free, 25MB/41MB, paused 242us total 27.319ms
08-03 23:11:25.375 12155 12381 I art     : Starting a blocking GC Explicit
08-03 23:11:25.388   512  2967 D audio_hw_primary: disable_audio_route: reset and update mixer path: low-latency-playback speaker
08-03 23:11:25.389   512  2967 D audio_hw_primary: disable_snd_device: snd_device(2: speaker)
08-03 23:11:25.398   512  2967 I soundtrigger: audio_extn_sound_trigger_update_device_status: device 0x2 of type 0 for Event 0
08-03 23:11:25.401 12155 12381 I art     : Explicit concurrent mark sweep GC freed 20(688B) AllocSpace objects, 0(0B) LOS objects, 38% free, 25MB/41MB, paused 230us total 25.236ms
08-03 23:11:25.410 12155 12381 I art     : Starting a blocking GC Explicit
08-03 23:11:25.435 12155 12381 I art     : Explicit concurrent mark sweep GC freed 3(96B) AllocSpace objects, 0(0B) LOS objects, 38% free, 25MB/41MB, paused 209us total 25.029ms
08-03 23:11:25.444 12155 12381 I art     : Starting a blocking GC Explicit
08-03 23:11:25.467 12155 12381 I art     : Explicit concurrent mark sweep GC freed 3(96B) AllocSpace objects, 0(0B) LOS objects, 38% free, 25MB/41MB, paused 251us total 22.856ms
08-03 23:11:25.476 12155 12381 I art     : Starting a blocking GC Explicit
08-03 23:11:25.499 12155 12381 I art     : Explicit concurrent mark sweep GC freed 3(96B) AllocSpace objects, 0(0B) LOS objects, 38% free, 25MB/41MB, paused 202us total 22.934ms
08-03 23:11:25.774 12155 12378 I art     : Starting a blocking GC Explicit
08-03 23:11:25.810 12155 12378 I art     : Explicit concurrent mark sweep GC freed 1295(75KB) AllocSpace objects, 1(20KB) LOS objects, 38% free, 25MB/41MB, paused 238us total 35.609ms
08-03 23:11:25.817   918 13198 D NetlinkSocketObserver: NeighborEvent{elapsedMs=1642889691, 192.168.2.254, [7C3953A63323], RTM_NEWNEIGH, NUD_REACHABLE}
08-03 23:11:25.820 12155 12378 I art     : Starting a blocking GC Explicit
08-03 23:11:25.846 12155 12378 I art     : Explicit concurrent mark sweep GC freed 18(624B) AllocSpace objects, 0(0B) LOS objects, 38% free, 25MB/41MB, paused 285us total 26.204ms
08-03 23:11:25.856 12155 12378 I art     : Starting a blocking GC Explicit
08-03 23:11:25.882 12155 12378 I art     : Explicit concurrent mark sweep GC freed 3(96B) AllocSpace objects, 0(0B) LOS objects, 38% free, 25MB/41MB, paused 233us total 25.482ms
08-03 23:11:25.891 12155 12378 I art     : Starting a blocking GC Explicit
08-03 23:11:25.917 12155 12378 I art     : Explicit concurrent mark sweep GC freed 3(96B) AllocSpace objects, 0(0B) LOS objects, 38% free, 25MB/41MB, paused 235us total 25.898ms
08-03 23:11:25.927 12155 12378 I art     : Starting a blocking GC Explicit
08-03 23:11:25.953 12155 12378 I art     : Explicit concurrent mark sweep GC freed 3(96B) AllocSpace objects, 0(0B) LOS objects, 38% free, 25MB/41MB, paused 268us total 25.858ms
08-03 23:11:26.114 12719 12917 W OneSignal: OneSignalRestClient: POST Error thrown from network stack. 
08-03 23:11:26.114 12719 12917 W OneSignal: java.io.IOException: unexpected end of stream on Connection{api.onesignal.com:443, proxy=HTTP@192.168.2.12:8080 hostAddress=192.168.2.12 cipherSuite=TLS_ECDHE_RSA_WITH_AES_128_GCM_SHA256 protocol=http/1.1} (recycle count=1)
08-03 23:11:26.114 12719 12917 W OneSignal: 	at com.android.okhttp.internal.http.HttpConnection.readResponse(HttpConnection.java:210)
08-03 23:11:26.114 12719 12917 W OneSignal: 	at com.android.okhttp.internal.http.HttpTransport.readResponseHeaders(HttpTransport.java:80)
08-03 23:11:26.114 12719 12917 W OneSignal: 	at com.android.okhttp.internal.http.HttpEngine.readNetworkResponse(HttpEngine.java:904)
08-03 23:11:26.114 12719 12917 W OneSignal: 	at com.android.okhttp.internal.http.HttpEngine.readResponse(HttpEngine.java:788)
08-03 23:11:26.114 12719 12917 W OneSignal: 	at com.android.okhttp.internal.huc.HttpURLConnectionImpl.execute(HttpURLConnectionImpl.java:439)
08-03 23:11:26.114 12719 12917 W OneSignal: 	at com.android.okhttp.internal.huc.HttpURLConnectionImpl.getResponse(HttpURLConnectionImpl.java:384)
08-03 23:11:26.114 12719 12917 W OneSignal: 	at com.android.okhttp.internal.huc.HttpURLConnectionImpl.getResponseCode(HttpURLConnectionImpl.java:497)
08-03 23:11:26.114 12719 12917 W OneSignal: 	at com.android.okhttp.internal.huc.DelegatingHttpsURLConnection.getResponseCode(DelegatingHttpsURLConnection.java:105)
08-03 23:11:26.114 12719 12917 W OneSignal: 	at com.android.okhttp.internal.huc.HttpsURLConnectionImpl.getResponseCode(HttpsURLConnectionImpl.java)
08-03 23:11:26.114 12719 12917 W OneSignal: 	at com.onesignal.OneSignalRestClient.startHTTPConnection(OneSignalRestClient.java:180)
08-03 23:11:26.114 12719 12917 W OneSignal: 	at com.onesignal.OneSignalRestClient.access$100(OneSignalRestClient.java:44)
08-03 23:11:26.114 12719 12917 W OneSignal: 	at com.onesignal.OneSignalRestClient$4.run(OneSignalRestClient.java:110)
08-03 23:11:26.114 12719 12917 W OneSignal: 	at java.lang.Thread.run(Thread.java:818)
08-03 23:11:26.114 12719 12917 W OneSignal: Caused by: java.io.EOFException: \n not found: size=0 content=...
08-03 23:11:26.114 12719 12917 W OneSignal: 	at com.android.okhttp.okio.RealBufferedSource.readUtf8LineStrict(RealBufferedSource.java:200)
08-03 23:11:26.114 12719 12917 W OneSignal: 	at com.android.okhttp.internal.http.HttpConnection.readResponse(HttpConnection.java:191)
08-03 23:11:26.114 12719 12917 W OneSignal: 	... 12 more
08-03 23:11:26.117 12719 12926 W OneSignal: Failed last request. statusCode: -1
08-03 23:11:26.117 12719 12926 W OneSignal: response: null
08-03 23:11:26.203 12155 12166 I art     : Starting a blocking GC Explicit
08-03 23:11:26.230 12155 12166 I art     : Explicit concurrent mark sweep GC freed 1293(75KB) AllocSpace objects, 1(20KB) LOS objects, 38% free, 25MB/41MB, paused 238us total 26.977ms
08-03 23:11:26.240 12155 12166 I art     : Starting a blocking GC Explicit
08-03 23:11:26.266 12155 12166 I art     : Explicit concurrent mark sweep GC freed 18(624B) AllocSpace objects, 0(0B) LOS objects, 38% free, 25MB/41MB, paused 219us total 25.132ms
08-03 23:11:26.275 12155 12166 I art     : Starting a blocking GC Explicit
08-03 23:11:26.301 12155 12166 I art     : Explicit concurrent mark sweep GC freed 3(96B) AllocSpace objects, 0(0B) LOS objects, 38% free, 25MB/41MB, paused 231us total 25.999ms
08-03 23:11:26.310 12155 12166 I art     : Starting a blocking GC Explicit
08-03 23:11:26.335 12155 12166 I art     : Explicit concurrent mark sweep GC freed 3(96B) AllocSpace objects, 0(0B) LOS objects, 38% free, 25MB/41MB, paused 228us total 24.172ms
08-03 23:11:26.344 12155 12166 I art     : Starting a blocking GC Explicit
08-03 23:11:26.368 12155 12166 I art     : Explicit concurrent mark sweep GC freed 3(96B) AllocSpace objects, 0(0B) LOS objects, 38% free, 25MB/41MB, paused 224us total 24.297ms
08-03 23:11:26.389 12918 12918 D AndroidRuntime: >>>>>> START com.android.internal.os.RuntimeInit uid 2000 <<<<<<
08-03 23:11:26.393 12918 12918 D AndroidRuntime: CheckJNI is OFF
08-03 23:11:26.418 12918 12918 D ICU     : No timezone override file found: /data/misc/zoneinfo/current/icu/icu_tzdata.dat
08-03 23:11:26.444 12918 12918 I Radio-JNI: register_android_hardware_Radio DONE
08-03 23:11:26.460 12918 12918 D AndroidRuntime: Calling main entry com.android.commands.input.Input
08-03 23:11:26.462 12918 12918 I Input   : injectMotionEvent: MotionEvent { action=ACTION_DOWN, actionButton=0, id[0]=0, x[0]=436.0, y[0]=1770.0, toolType[0]=TOOL_TYPE_UNKNOWN, buttonState=0, metaState=0, flags=0x0, edgeFlags=0x0, pointerCount=1, historySize=0, eventTime=659502874, downTime=659502874, deviceId=0, source=0x1002 }
08-03 23:11:26.471 12918 12918 I Input   : injectMotionEvent: MotionEvent { action=ACTION_UP, actionButton=0, id[0]=0, x[0]=436.0, y[0]=1770.0, toolType[0]=TOOL_TYPE_UNKNOWN, buttonState=0, metaState=0, flags=0x0, edgeFlags=0x0, pointerCount=1, historySize=0, eventTime=659502874, downTime=659502874, deviceId=0, source=0x1002 }
08-03 23:11:26.473 12918 12918 D AndroidRuntime: Shutting down VM
08-03 23:11:26.484 12155 12155 D MainActivity: NavigationItemSelected: Courses
08-03 23:11:26.485   918  6112 I ActivityManager: START u0 {cmp=baseline.com.ak.uobtimetable/.CourseListActivity} from uid 10659 on display 0
08-03 23:11:26.487   512  2967 D audio_hw_primary: out_set_parameters: enter: usecase(1: low-latency-playback) kvpairs: routing=2
08-03 23:11:26.501   512  2967 D audio_hw_primary: select_devices: out_snd_device(2: speaker) in_snd_device(0: none)
08-03 23:11:26.501   512  2967 D msm8974_platform: platform_send_audio_calibration: sending audio calibration for snd_device(2) acdb_id(15)
08-03 23:11:26.501   512  2967 I soundtrigger: audio_extn_sound_trigger_update_device_status: device 0x2 of type 0 for Event 1
08-03 23:11:26.509 12155 12155 D MainActivity: OnPause
08-03 23:11:26.512   512  2967 D audio_hw_primary: enable_snd_device: snd_device(2: speaker)
08-03 23:11:26.514   512  2967 D audio_hw_primary: enable_audio_route: apply and update mixer path: low-latency-playback speaker
08-03 23:11:26.536 12155 12155 D CourseListActivity: onCreate
08-03 23:11:26.538 12155 12950 D HTTP    : Request for: https://uob-timetable-api.adriankeenan.co.uk/courses
08-03 23:11:26.586   918   936 I ActivityManager: Displayed baseline.com.ak.uobtimetable/.CourseListActivity: +75ms
08-03 23:11:26.588 13866 13866 I GoogleInputMethodServic: GoogleInputMethodService.onFinishInput():3138 
08-03 23:11:26.589 13866 13866 I GoogleInputMethodServic: GoogleInputMethodService.onStartInput():1808 
08-03 23:11:26.599 12155 12381 I art     : Starting a blocking GC Explicit
08-03 23:11:26.626 12155 12381 I art     : Explicit concurrent mark sweep GC freed 4051(223KB) AllocSpace objects, 1(20KB) LOS objects, 38% free, 25MB/41MB, paused 302us total 27.618ms
08-03 23:11:26.637 12155 12381 I art     : Starting a blocking GC Explicit
08-03 23:11:26.662 12155 12381 I art     : Explicit concurrent mark sweep GC freed 627(34KB) AllocSpace objects, 0(0B) LOS objects, 38% free, 25MB/41MB, paused 267us total 24.230ms
08-03 23:11:26.670 12155 12381 I art     : Starting a blocking GC Explicit
08-03 23:11:26.697 12155 12381 I art     : Explicit concurrent mark sweep GC freed 800(62KB) AllocSpace objects, 2(120KB) LOS objects, 37% free, 26MB/42MB, paused 459us total 26.348ms
08-03 23:11:26.706 12155 12381 I art     : Starting a blocking GC Explicit
08-03 23:11:26.748 12155 12381 I art     : Explicit concurrent mark sweep GC freed 1901(117KB) AllocSpace objects, 1(80KB) LOS objects, 38% free, 26MB/42MB, paused 325us total 41.336ms
08-03 23:11:26.758 12155 12381 I art     : Starting a blocking GC Explicit
08-03 23:11:26.761 12155 12950 I NAPPA_EXPERIMENTATION: MetricNetworkRequestExecutionTime: REQUEST_DURATION_SYSTEM='221',REQUEST_DURATION_OKHTTP='31',REQUEST_SYNCHRONOUS='TRUE',RESPONSE_CODE='200',RESPONSE_METHOD='GET',RESPONSE_LENGTH_OKHTTP='-1',RESPONSE_LENGTH_HEADER='-2',REQUEST_PROTOCOL='http/1.1',REQUEST_URL='https://uob-timetable-api.adriankeenan.co.uk/courses',
08-03 23:11:26.786 12155 12381 I art     : Explicit concurrent mark sweep GC freed 737(75KB) AllocSpace objects, 0(0B) LOS objects, 36% free, 27MB/43MB, paused 369us total 28.334ms
08-03 23:11:26.968 12155 12155 D MainActivity: Saving state
08-03 23:11:26.969 12155 12155 D MainActivity: Saving current fragment: SessionListsFragment
08-03 23:11:26.969 12155 12155 D MainActivity: Saving current index: 1
08-03 23:11:26.970 12155 12155 D SessionListsFragment: Saving state
08-03 23:11:27.039 12155 12166 I art     : Starting a blocking GC Explicit
08-03 23:11:27.048   512  2967 D audio_hw_primary: disable_audio_route: reset and update mixer path: low-latency-playback speaker
08-03 23:11:27.049   512  2967 D audio_hw_primary: disable_snd_device: snd_device(2: speaker)
08-03 23:11:27.056   512  2967 I soundtrigger: audio_extn_sound_trigger_update_device_status: device 0x2 of type 0 for Event 0
08-03 23:11:27.061 12155 12166 I art     : Explicit concurrent mark sweep GC freed 86(5KB) AllocSpace objects, 0(0B) LOS objects, 24% free, 48MB/64MB, paused 269us total 22.593ms
08-03 23:11:27.070 12155 12166 I art     : Starting a blocking GC Explicit
08-03 23:11:27.092 12155 12166 I art     : Explicit concurrent mark sweep GC freed 35(1248B) AllocSpace objects, 0(0B) LOS objects, 24% free, 48MB/64MB, paused 283us total 22.549ms
08-03 23:11:27.101 12155 12166 I art     : Starting a blocking GC Explicit
08-03 23:11:27.137 12155 12950 I HTTP    : Response was compressed.
08-03 23:11:27.138 12155 12166 I art     : Explicit concurrent mark sweep GC freed 72(3KB) AllocSpace objects, 0(0B) LOS objects, 20% free, 63MB/79MB, paused 321us total 37.514ms
08-03 23:11:27.147 12155 12166 I art     : Starting a blocking GC Explicit
08-03 23:11:27.176 12155 12166 I art     : Explicit concurrent mark sweep GC freed 18005(832KB) AllocSpace objects, 2(22MB) LOS objects, 27% free, 41MB/57MB, paused 390us total 29.135ms
08-03 23:11:27.185 12155 12166 I art     : Starting a blocking GC Explicit
08-03 23:11:27.211 12155 12166 I art     : Explicit concurrent mark sweep GC freed 21755(1014KB) AllocSpace objects, 0(0B) LOS objects, 27% free, 41MB/57MB, paused 408us total 25.498ms
08-03 23:11:27.213  8703  8703 I Atfwd_Sendcmd: AtCmdFwd service not ready - Exhausted retry attempts - :6
08-03 23:11:27.213  8703  8703 I Atfwd_Daemon: result : -1 	 ,Init step :2 	 ,qmiErrorCode: 0
08-03 23:11:27.347 11885 12966 W OneSignal: OneSignalRestClient: POST Error thrown from network stack. 
08-03 23:11:27.347 11885 12966 W OneSignal: java.io.IOException: unexpected end of stream on Connection{api.onesignal.com:443, proxy=HTTP@192.168.2.12:8080 hostAddress=192.168.2.12 cipherSuite=TLS_ECDHE_RSA_WITH_AES_128_GCM_SHA256 protocol=http/1.1} (recycle count=0)
08-03 23:11:27.347 11885 12966 W OneSignal: 	at com.android.okhttp.internal.http.HttpConnection.readResponse(HttpConnection.java:210)
08-03 23:11:27.347 11885 12966 W OneSignal: 	at com.android.okhttp.internal.http.HttpTransport.readResponseHeaders(HttpTransport.java:80)
08-03 23:11:27.347 11885 12966 W OneSignal: 	at com.android.okhttp.internal.http.HttpEngine.readNetworkResponse(HttpEngine.java:904)
08-03 23:11:27.347 11885 12966 W OneSignal: 	at com.android.okhttp.internal.http.HttpEngine.readResponse(HttpEngine.java:788)
08-03 23:11:27.347 11885 12966 W OneSignal: 	at com.android.okhttp.internal.huc.HttpURLConnectionImpl.execute(HttpURLConnectionImpl.java:439)
08-03 23:11:27.347 11885 12966 W OneSignal: 	at com.android.okhttp.internal.huc.HttpURLConnectionImpl.getResponse(HttpURLConnectionImpl.java:384)
08-03 23:11:27.347 11885 12966 W OneSignal: 	at com.android.okhttp.internal.huc.HttpURLConnectionImpl.getResponseCode(HttpURLConnectionImpl.java:497)
08-03 23:11:27.347 11885 12966 W OneSignal: 	at com.android.okhttp.internal.huc.DelegatingHttpsURLConnection.getResponseCode(DelegatingHttpsURLConnection.java:105)
08-03 23:11:27.347 11885 12966 W OneSignal: 	at com.android.okhttp.internal.huc.HttpsURLConnectionImpl.getResponseCode(HttpsURLConnectionImpl.java)
08-03 23:11:27.347 11885 12966 W OneSignal: 	at com.onesignal.OneSignalRestClient.startHTTPConnection(OneSignalRestClient.java:180)
08-03 23:11:27.347 11885 12966 W OneSignal: 	at com.onesignal.OneSignalRestClient.access$100(OneSignalRestClient.java:44)
08-03 23:11:27.347 11885 12966 W OneSignal: 	at com.onesignal.OneSignalRestClient$4.run(OneSignalRestClient.java:110)
08-03 23:11:27.347 11885 12966 W OneSignal: 	at java.lang.Thread.run(Thread.java:818)
08-03 23:11:27.347 11885 12966 W OneSignal: Caused by: java.io.EOFException: \n not found: size=0 content=...
08-03 23:11:27.347 11885 12966 W OneSignal: 	at com.android.okhttp.okio.RealBufferedSource.readUtf8LineStrict(RealBufferedSource.java:200)
08-03 23:11:27.347 11885 12966 W OneSignal: 	at com.android.okhttp.internal.http.HttpConnection.readResponse(HttpConnection.java:191)
08-03 23:11:27.347 11885 12966 W OneSignal: 	... 12 more
08-03 23:11:27.349 11885 12969 W OneSignal: Failed last request. statusCode: -1
08-03 23:11:27.349 11885 12969 W OneSignal: response: null
08-03 23:11:27.472 12155 12381 I art     : Starting a blocking GC Explicit
08-03 23:11:27.513 12155 12381 I art     : Explicit concurrent mark sweep GC freed 159914(7MB) AllocSpace objects, 1(20KB) LOS objects, 27% free, 42MB/58MB, paused 378us total 40.159ms
08-03 23:11:27.524 12155 12381 I art     : Starting a blocking GC Explicit
08-03 23:11:27.552 12155 12381 I art     : Explicit concurrent mark sweep GC freed 25830(1221KB) AllocSpace objects, 0(0B) LOS objects, 27% free, 42MB/58MB, paused 451us total 27.537ms
08-03 23:11:27.562 12155 12381 I art     : Starting a blocking GC Explicit
08-03 23:11:27.592 12155 12381 I art     : Explicit concurrent mark sweep GC freed 21471(1006KB) AllocSpace objects, 0(0B) LOS objects, 27% free, 42MB/58MB, paused 578us total 30.326ms
08-03 23:11:27.602 12155 12381 I art     : Starting a blocking GC Explicit
08-03 23:11:27.632 12155 12381 I art     : Explicit concurrent mark sweep GC freed 21980(1031KB) AllocSpace objects, 0(0B) LOS objects, 27% free, 43MB/59MB, paused 495us total 29.469ms
08-03 23:11:27.642 12155 12381 I art     : Starting a blocking GC Explicit
08-03 23:11:27.672 12155 12381 I art     : Explicit concurrent mark sweep GC freed 21559(1018KB) AllocSpace objects, 0(0B) LOS objects, 27% free, 43MB/59MB, paused 648us total 30.450ms
08-03 23:11:27.941 12155 12381 I art     : Starting a blocking GC Explicit
08-03 23:11:27.989 12155 12381 I art     : Explicit concurrent mark sweep GC freed 167286(7MB) AllocSpace objects, 1(20KB) LOS objects, 26% free, 44MB/60MB, paused 509us total 47.462ms
08-03 23:11:28.001 12155 12381 I art     : Starting a blocking GC Explicit
08-03 23:11:28.035 12155 12381 I art     : Explicit concurrent mark sweep GC freed 30489(1433KB) AllocSpace objects, 0(0B) LOS objects, 26% free, 44MB/60MB, paused 560us total 34.302ms
08-03 23:11:28.046 12155 12381 I art     : Starting a blocking GC Explicit
08-03 23:11:28.079 12155 12381 I art     : Explicit concurrent mark sweep GC freed 24726(1156KB) AllocSpace objects, 0(0B) LOS objects, 26% free, 44MB/60MB, paused 593us total 32.944ms
08-03 23:11:28.090 12155 12381 I art     : Starting a blocking GC Explicit
08-03 23:11:28.124 12155 12381 I art     : Explicit concurrent mark sweep GC freed 23951(1118KB) AllocSpace objects, 0(0B) LOS objects, 26% free, 45MB/61MB, paused 561us total 33.659ms
08-03 23:11:28.135 12155 12381 I art     : Starting a blocking GC Explicit
08-03 23:11:28.169   518   646 I ThermalEngine: ACTION: GPU - Setting GPU[0] to 510000000
08-03 23:11:28.171 12155 12381 I art     : Explicit concurrent mark sweep GC freed 24836(1161KB) AllocSpace objects, 0(0B) LOS objects, 26% free, 45MB/61MB, paused 1.750ms total 35.518ms
08-03 23:11:28.446 12155 12378 I art     : Starting a blocking GC Explicit
08-03 23:11:28.508 12155 12378 I art     : Explicit concurrent mark sweep GC freed 174514(8MB) AllocSpace objects, 1(20KB) LOS objects, 25% free, 46MB/62MB, paused 760us total 61.537ms
08-03 23:11:28.524 12155 12378 I art     : Starting a blocking GC Explicit
08-03 23:11:28.571 12155 12378 I art     : Explicit concurrent mark sweep GC freed 40221(1885KB) AllocSpace objects, 0(0B) LOS objects, 25% free, 46MB/62MB, paused 869us total 46.302ms
08-03 23:11:28.586 12155 12378 I art     : Starting a blocking GC Explicit
08-03 23:11:28.634 12155 12378 I art     : Explicit concurrent mark sweep GC freed 34737(1632KB) AllocSpace objects, 0(0B) LOS objects, 25% free, 47MB/63MB, paused 905us total 47.970ms
08-03 23:11:28.649 12155 12378 I art     : Starting a blocking GC Explicit
08-03 23:11:28.697 12155 12378 I art     : Explicit concurrent mark sweep GC freed 34196(1611KB) AllocSpace objects, 0(0B) LOS objects, 25% free, 47MB/63MB, paused 903us total 47.789ms
08-03 23:11:28.713 12155 12378 I art     : Starting a blocking GC Explicit
08-03 23:11:28.762 12155 12378 I art     : Explicit concurrent mark sweep GC freed 34304(1617KB) AllocSpace objects, 0(0B) LOS objects, 25% free, 47MB/63MB, paused 1.028ms total 49.183ms
08-03 23:11:29.063 12155 12381 I art     : Starting a blocking GC Explicit
08-03 23:11:29.139 12155 12381 I art     : Explicit concurrent mark sweep GC freed 190506(8MB) AllocSpace objects, 1(20KB) LOS objects, 24% free, 49MB/65MB, paused 844us total 75.689ms
08-03 23:11:29.155 12155 12381 I art     : Starting a blocking GC Explicit
08-03 23:11:29.208 12155 12381 I art     : Explicit concurrent mark sweep GC freed 44401(2MB) AllocSpace objects, 0(0B) LOS objects, 24% free, 49MB/65MB, paused 991us total 52.797ms
08-03 23:11:29.224 12155 12381 I art     : Starting a blocking GC Explicit
08-03 23:11:29.279 12155 12381 I art     : Explicit concurrent mark sweep GC freed 38707(1806KB) AllocSpace objects, 0(0B) LOS objects, 24% free, 49MB/65MB, paused 948us total 54.191ms
08-03 23:11:29.296 12155 12381 I art     : Starting a blocking GC Explicit
08-03 23:11:29.351 12155 12381 I art     : Explicit concurrent mark sweep GC freed 38411(1794KB) AllocSpace objects, 0(0B) LOS objects, 24% free, 49MB/65MB, paused 1.055ms total 55.711ms
08-03 23:11:29.368 12155 12381 I art     : Starting a blocking GC Explicit
08-03 23:11:29.423 12155 12381 I art     : Explicit concurrent mark sweep GC freed 37447(1749KB) AllocSpace objects, 0(0B) LOS objects, 24% free, 50MB/66MB, paused 1.192ms total 54.626ms
08-03 23:11:29.721 12155 12166 I art     : Starting a blocking GC Explicit
08-03 23:11:29.801 12155 12166 I art     : Explicit concurrent mark sweep GC freed 192528(8MB) AllocSpace objects, 1(20KB) LOS objects, 23% free, 51MB/67MB, paused 992us total 79.622ms
08-03 23:11:29.818 12155 12166 I art     : Starting a blocking GC Explicit
08-03 23:11:29.879 12155 12166 I art     : Explicit concurrent mark sweep GC freed 47560(2MB) AllocSpace objects, 0(0B) LOS objects, 23% free, 51MB/67MB, paused 1.924ms total 60.342ms
08-03 23:11:29.896 12155 12166 I art     : Starting a blocking GC Explicit
08-03 23:11:29.922 12155 12950 I Service : getCourses response time: 0.69
08-03 23:11:29.939 12155 12155 I SettingsManager: Getting string: savedCourse
08-03 23:11:29.956 12155 12166 I art     : Explicit concurrent mark sweep GC freed 28797(1400KB) AllocSpace objects, 0(0B) LOS objects, 23% free, 51MB/67MB, paused 582us total 59.188ms
08-03 23:11:29.973 12155 12166 I art     : Starting a blocking GC Explicit
08-03 23:11:30.030 12155 12166 I art     : Explicit concurrent mark sweep GC freed 926(40KB) AllocSpace objects, 1(14MB) LOS objects, 30% free, 37MB/53MB, paused 575us total 56.368ms
08-03 23:11:30.048 12155 12166 I art     : Starting a blocking GC Explicit
08-03 23:11:30.104 12155 12166 I art     : Explicit concurrent mark sweep GC freed 350(16KB) AllocSpace objects, 0(0B) LOS objects, 30% free, 37MB/53MB, paused 348us total 56.345ms
08-03 23:11:30.442 12155 12167 I art     : Starting a blocking GC Explicit
08-03 23:11:30.518 12155 12167 I art     : Explicit concurrent mark sweep GC freed 1840(128KB) AllocSpace objects, 1(20KB) LOS objects, 30% free, 37MB/53MB, paused 427us total 75.515ms
08-03 23:11:30.538 12155 12167 I art     : Starting a blocking GC Explicit
08-03 23:11:30.598 12155 12167 I art     : Explicit concurrent mark sweep GC freed 18(624B) AllocSpace objects, 0(0B) LOS objects, 30% free, 37MB/53MB, paused 360us total 59.998ms
08-03 23:11:30.618 12155 12167 I art     : Starting a blocking GC Explicit
08-03 23:11:30.677 12155 12167 I art     : Explicit concurrent mark sweep GC freed 3(96B) AllocSpace objects, 0(0B) LOS objects, 30% free, 37MB/53MB, paused 350us total 58.844ms
08-03 23:11:30.696 12155 12167 I art     : Starting a blocking GC Explicit
08-03 23:11:30.757 12155 12167 I art     : Explicit concurrent mark sweep GC freed 3(96B) AllocSpace objects, 0(0B) LOS objects, 30% free, 37MB/53MB, paused 468us total 60.673ms
08-03 23:11:30.777 12155 12167 I art     : Starting a blocking GC Explicit
08-03 23:11:30.834 12155 12167 I art     : Explicit concurrent mark sweep GC freed 3(96B) AllocSpace objects, 0(0B) LOS objects, 30% free, 37MB/53MB, paused 345us total 57.064ms
08-03 23:11:31.164 12155 12381 I art     : Starting a blocking GC Explicit
08-03 23:11:31.246 12155 12381 I art     : Explicit concurrent mark sweep GC freed 1293(75KB) AllocSpace objects, 1(20KB) LOS objects, 30% free, 37MB/53MB, paused 350us total 82.096ms
08-03 23:11:31.266 12155 12381 I art     : Starting a blocking GC Explicit
08-03 23:11:31.326 12155 12381 I art     : Explicit concurrent mark sweep GC freed 18(624B) AllocSpace objects, 0(0B) LOS objects, 30% free, 37MB/53MB, paused 346us total 59.884ms
08-03 23:11:31.346 12155 12381 I art     : Starting a blocking GC Explicit
08-03 23:11:31.406 12155 12381 I art     : Explicit concurrent mark sweep GC freed 3(96B) AllocSpace objects, 0(0B) LOS objects, 30% free, 37MB/53MB, paused 360us total 59.456ms
08-03 23:11:31.426 12155 12381 I art     : Starting a blocking GC Explicit
08-03 23:11:31.488 12155 12381 I art     : Explicit concurrent mark sweep GC freed 3(96B) AllocSpace objects, 0(0B) LOS objects, 30% free, 37MB/53MB, paused 352us total 61.858ms
08-03 23:11:31.509 12155 12381 I art     : Starting a blocking GC Explicit
08-03 23:11:31.570 12155 12381 I art     : Explicit concurrent mark sweep GC freed 3(96B) AllocSpace objects, 0(0B) LOS objects, 30% free, 37MB/53MB, paused 361us total 60.739ms
08-03 23:11:31.887 12155 12166 I art     : Starting a blocking GC Explicit
08-03 23:11:31.959 12155 12166 I art     : Explicit concurrent mark sweep GC freed 1296(75KB) AllocSpace objects, 1(20KB) LOS objects, 30% free, 37MB/53MB, paused 363us total 71.933ms
08-03 23:11:31.979 12155 12166 I art     : Starting a blocking GC Explicit
08-03 23:11:32.040 12155 12166 I art     : Explicit concurrent mark sweep GC freed 18(624B) AllocSpace objects, 0(0B) LOS objects, 30% free, 37MB/53MB, paused 357us total 61.571ms
08-03 23:11:32.060 12155 12166 I art     : Starting a blocking GC Explicit
08-03 23:11:32.121 12155 12166 I art     : Explicit concurrent mark sweep GC freed 3(96B) AllocSpace objects, 0(0B) LOS objects, 30% free, 37MB/53MB, paused 388us total 60.787ms
08-03 23:11:32.141 12155 12166 I art     : Starting a blocking GC Explicit
08-03 23:11:32.201 12155 12166 I art     : Explicit concurrent mark sweep GC freed 3(96B) AllocSpace objects, 0(0B) LOS objects, 30% free, 37MB/53MB, paused 364us total 59.820ms
08-03 23:11:32.221 12155 12166 I art     : Starting a blocking GC Explicit
08-03 23:11:32.281 12155 12166 I art     : Explicit concurrent mark sweep GC freed 3(96B) AllocSpace objects, 0(0B) LOS objects, 30% free, 37MB/53MB, paused 344us total 60.523ms
08-03 23:11:32.362   918  3261 D WifiStateMachine: starting scan for "H369AA63323"WPA_PSK with 2412,5180
08-03 23:11:32.624 12155 12167 I art     : Starting a blocking GC Explicit
08-03 23:11:32.703 12155 12167 I art     : Explicit concurrent mark sweep GC freed 1293(75KB) AllocSpace objects, 1(20KB) LOS objects, 30% free, 37MB/53MB, paused 341us total 79.014ms
08-03 23:11:32.718   918   929 I ActivityManager: Killing 8606:com.android.vending:instant_app_installer/u0a22 (adj 15): empty #17
08-03 23:11:32.723 12155 12167 I art     : Starting a blocking GC Explicit
08-03 23:11:32.775 12155 12167 I art     : Explicit concurrent mark sweep GC freed 61(2800B) AllocSpace objects, 0(0B) LOS objects, 30% free, 37MB/53MB, paused 325us total 51.183ms
08-03 23:11:32.792 12155 12167 I art     : Starting a blocking GC Explicit
08-03 23:11:32.844 12155 12167 I art     : Explicit concurrent mark sweep GC freed 9(320B) AllocSpace objects, 0(0B) LOS objects, 30% free, 37MB/53MB, paused 361us total 51.668ms
08-03 23:11:32.861 12155 12167 I art     : Starting a blocking GC Explicit
08-03 23:11:32.914 12155 12167 I art     : Explicit concurrent mark sweep GC freed 3(96B) AllocSpace objects, 0(0B) LOS objects, 30% free, 37MB/53MB, paused 334us total 52.567ms
08-03 23:11:32.933 12155 12167 I art     : Starting a blocking GC Explicit
08-03 23:11:32.993 12155 12167 I art     : Explicit concurrent mark sweep GC freed 3(96B) AllocSpace objects, 0(0B) LOS objects, 30% free, 37MB/53MB, paused 353us total 59.437ms
08-03 23:11:33.117 13063 13063 D AndroidRuntime: >>>>>> START com.android.internal.os.RuntimeInit uid 2000 <<<<<<
08-03 23:11:33.123 13063 13063 D AndroidRuntime: CheckJNI is OFF
08-03 23:11:33.158 13063 13063 D ICU     : No timezone override file found: /data/misc/zoneinfo/current/icu/icu_tzdata.dat
08-03 23:11:33.178   518   646 I ThermalEngine: ACTION: GPU - Setting GPU[0] to 600000000
08-03 23:11:33.191 13063 13063 I Radio-JNI: register_android_hardware_Radio DONE
08-03 23:11:33.212 13063 13063 D AndroidRuntime: Calling main entry com.android.commands.input.Input
08-03 23:11:33.213 13063 13063 I Input   : injectMotionEvent: MotionEvent { action=ACTION_DOWN, actionButton=0, id[0]=0, x[0]=558.0, y[0]=368.0, toolType[0]=TOOL_TYPE_UNKNOWN, buttonState=0, metaState=0, flags=0x0, edgeFlags=0x0, pointerCount=1, historySize=0, eventTime=659509626, downTime=659509626, deviceId=0, source=0x1002 }
08-03 23:11:33.218 13063 13063 I Input   : injectMotionEvent: MotionEvent { action=ACTION_UP, actionButton=0, id[0]=0, x[0]=558.0, y[0]=368.0, toolType[0]=TOOL_TYPE_UNKNOWN, buttonState=0, metaState=0, flags=0x0, edgeFlags=0x0, pointerCount=1, historySize=0, eventTime=659509626, downTime=659509626, deviceId=0, source=0x1002 }
08-03 23:11:33.220 13063 13063 D AndroidRuntime: Shutting down VM
08-03 23:11:33.287 12155 12167 I art     : Starting a blocking GC Explicit
08-03 23:11:33.357 12155 12167 I art     : Explicit concurrent mark sweep GC freed 2159(168KB) AllocSpace objects, 1(20KB) LOS objects, 30% free, 37MB/53MB, paused 302us total 69.323ms
08-03 23:11:33.371 12155 12167 I art     : Starting a blocking GC Explicit
08-03 23:11:33.418 12155 12167 I art     : Explicit concurrent mark sweep GC freed 86(4KB) AllocSpace objects, 0(0B) LOS objects, 30% free, 37MB/53MB, paused 242us total 46.722ms
08-03 23:11:33.434 12155 12167 I art     : Starting a blocking GC Explicit
08-03 23:11:33.481 12155 12167 I art     : Explicit concurrent mark sweep GC freed 44(2064B) AllocSpace objects, 0(0B) LOS objects, 30% free, 37MB/53MB, paused 274us total 46.117ms
08-03 23:11:33.496 12155 12167 I art     : Starting a blocking GC Explicit
08-03 23:11:33.542 12155 12167 I art     : Explicit concurrent mark sweep GC freed 14(528B) AllocSpace objects, 0(0B) LOS objects, 30% free, 37MB/53MB, paused 352us total 46.315ms
08-03 23:11:33.558 12155 12167 I art     : Starting a blocking GC Explicit
08-03 23:11:33.603 12155 12167 I art     : Explicit concurrent mark sweep GC freed 19(800B) AllocSpace objects, 0(0B) LOS objects, 30% free, 37MB/53MB, paused 235us total 44.944ms
08-03 23:11:33.902 12155 12166 I art     : Starting a blocking GC Explicit
08-03 23:11:33.957 12155 12166 I art     : Explicit concurrent mark sweep GC freed 1611(89KB) AllocSpace objects, 1(20KB) LOS objects, 30% free, 37MB/53MB, paused 258us total 54.990ms
08-03 23:11:33.973 12155 12166 I art     : Starting a blocking GC Explicit
08-03 23:11:34.023 12155 12166 I art     : Explicit concurrent mark sweep GC freed 28(944B) AllocSpace objects, 0(0B) LOS objects, 30% free, 37MB/53MB, paused 259us total 50.552ms
08-03 23:11:34.039 12155 12166 I art     : Starting a blocking GC Explicit
08-03 23:11:34.088 12155 12166 I art     : Explicit concurrent mark sweep GC freed 3(96B) AllocSpace objects, 0(0B) LOS objects, 30% free, 37MB/53MB, paused 262us total 49.722ms
08-03 23:11:34.106 12155 12166 I art     : Starting a blocking GC Explicit
08-03 23:11:34.151 12155 12166 I art     : Explicit concurrent mark sweep GC freed 3(96B) AllocSpace objects, 0(0B) LOS objects, 30% free, 37MB/53MB, paused 249us total 44.714ms
08-03 23:11:34.151 12155 12165 I art     : WaitForGcToComplete blocked for 12.208ms for cause HeapTrim
08-03 23:11:34.167 12155 12166 I art     : Starting a blocking GC Explicit
08-03 23:11:34.217 12155 12166 I art     : Explicit concurrent mark sweep GC freed 3(96B) AllocSpace objects, 0(0B) LOS objects, 30% free, 37MB/53MB, paused 269us total 50.492ms
08-03 23:11:34.505 12155 12378 I art     : Starting a blocking GC Explicit
08-03 23:11:34.559 12155 12378 I art     : Explicit concurrent mark sweep GC freed 1293(75KB) AllocSpace objects, 1(20KB) LOS objects, 30% free, 37MB/53MB, paused 255us total 53.572ms
08-03 23:11:34.575 12155 12378 I art     : Starting a blocking GC Explicit
08-03 23:11:34.619 12155 12378 I art     : Explicit concurrent mark sweep GC freed 18(624B) AllocSpace objects, 0(0B) LOS objects, 30% free, 37MB/53MB, paused 240us total 44.243ms
08-03 23:11:34.633 12155 12378 I art     : Starting a blocking GC Explicit
08-03 23:11:34.679 12155 12378 I art     : Explicit concurrent mark sweep GC freed 3(96B) AllocSpace objects, 0(0B) LOS objects, 30% free, 37MB/53MB, paused 249us total 45.698ms
08-03 23:11:34.694 12155 12378 I art     : Starting a blocking GC Explicit
08-03 23:11:34.742 12155 12378 I art     : Explicit concurrent mark sweep GC freed 3(96B) AllocSpace objects, 0(0B) LOS objects, 30% free, 37MB/53MB, paused 240us total 47.552ms
08-03 23:11:34.756 12155 12378 I art     : Starting a blocking GC Explicit
08-03 23:11:34.768 13109 13109 D AndroidRuntime: >>>>>> START com.android.internal.os.RuntimeInit uid 2000 <<<<<<
08-03 23:11:34.771 13109 13109 D AndroidRuntime: CheckJNI is OFF
08-03 23:11:34.796 13109 13109 D ICU     : No timezone override file found: /data/misc/zoneinfo/current/icu/icu_tzdata.dat
08-03 23:11:34.801 12155 12378 I art     : Explicit concurrent mark sweep GC freed 3(96B) AllocSpace objects, 0(0B) LOS objects, 30% free, 37MB/53MB, paused 247us total 44.976ms
08-03 23:11:34.822 13109 13109 I Radio-JNI: register_android_hardware_Radio DONE
08-03 23:11:34.838 13109 13109 D AndroidRuntime: Calling main entry com.android.commands.input.Input
08-03 23:11:34.839 13109 13109 I Input   : injectMotionEvent: MotionEvent { action=ACTION_DOWN, actionButton=0, id[0]=0, x[0]=945.0, y[0]=1376.0, toolType[0]=TOOL_TYPE_UNKNOWN, buttonState=0, metaState=0, flags=0x0, edgeFlags=0x0, pointerCount=1, historySize=0, eventTime=659511252, downTime=659511252, deviceId=0, source=0x1002 }
08-03 23:11:34.844 13109 13109 I Input   : injectMotionEvent: MotionEvent { action=ACTION_UP, actionButton=0, id[0]=0, x[0]=945.0, y[0]=1376.0, toolType[0]=TOOL_TYPE_UNKNOWN, buttonState=0, metaState=0, flags=0x0, edgeFlags=0x0, pointerCount=1, historySize=0, eventTime=659511252, downTime=659511252, deviceId=0, source=0x1002 }
08-03 23:11:34.846 13109 13109 D AndroidRuntime: Shutting down VM
08-03 23:11:34.914   512  2967 D audio_hw_primary: out_set_parameters: enter: usecase(1: low-latency-playback) kvpairs: routing=2
08-03 23:11:34.927   512  2967 D audio_hw_primary: select_devices: out_snd_device(2: speaker) in_snd_device(0: none)
08-03 23:11:34.927   512  2967 D msm8974_platform: platform_send_audio_calibration: sending audio calibration for snd_device(2) acdb_id(15)
08-03 23:11:34.927   512  2967 I soundtrigger: audio_extn_sound_trigger_update_device_status: device 0x2 of type 0 for Event 1
08-03 23:11:34.931 13866 13866 I GoogleInputMethodServic: GoogleInputMethodService.onFinishInput():3138 
08-03 23:11:34.933 13866 13866 I GoogleInputMethodServic: GoogleInputMethodService.onStartInput():1808 
08-03 23:11:34.940   512  2967 D audio_hw_primary: enable_snd_device: snd_device(2: speaker)
08-03 23:11:34.943   512  2967 D audio_hw_primary: enable_audio_route: apply and update mixer path: low-latency-playback speaker
08-03 23:11:34.948 13866 13866 I GoogleInputMethodServic: GoogleInputMethodService.onFinishInput():3138 
08-03 23:11:34.949 13866 13866 I GoogleInputMethodServic: GoogleInputMethodService.onStartInput():1808 
08-03 23:11:35.057 12155 12381 I art     : Starting a blocking GC Explicit
08-03 23:11:35.111 12155 12381 I art     : Explicit concurrent mark sweep GC freed 2298(131KB) AllocSpace objects, 1(20KB) LOS objects, 30% free, 37MB/53MB, paused 299us total 54.279ms
08-03 23:11:35.129 12155 12381 I art     : Starting a blocking GC Explicit
08-03 23:11:35.183 12155 12381 I art     : Explicit concurrent mark sweep GC freed 705(63KB) AllocSpace objects, 0(0B) LOS objects, 30% free, 37MB/53MB, paused 298us total 54.134ms
08-03 23:11:35.200 12155 12381 I art     : Starting a blocking GC Explicit
08-03 23:11:35.248 12155 12170 D OpenGLRenderer: endAllStagingAnimators on 0x7f8140b400 (ListPopupWindow$DropDownListView) with handle 0x7f79fe25a0
08-03 23:11:35.253 12155 12381 I art     : Explicit concurrent mark sweep GC freed 4(128B) AllocSpace objects, 0(0B) LOS objects, 30% free, 37MB/53MB, paused 284us total 52.116ms
08-03 23:11:35.269 12155 12381 I art     : Starting a blocking GC Explicit
08-03 23:11:35.315 12155 12381 I art     : Explicit concurrent mark sweep GC freed 122(5KB) AllocSpace objects, 0(0B) LOS objects, 30% free, 37MB/53MB, paused 275us total 45.452ms
08-03 23:11:35.330 12155 12381 I art     : Starting a blocking GC Explicit
08-03 23:11:35.379 12155 12381 I art     : Explicit concurrent mark sweep GC freed 555(38KB) AllocSpace objects, 0(0B) LOS objects, 30% free, 37MB/53MB, paused 258us total 48.831ms
08-03 23:11:35.479   512  2967 D audio_hw_primary: disable_audio_route: reset and update mixer path: low-latency-playback speaker
08-03 23:11:35.481   512  2967 D audio_hw_primary: disable_snd_device: snd_device(2: speaker)
08-03 23:11:35.489   512  2967 I soundtrigger: audio_extn_sound_trigger_update_device_status: device 0x2 of type 0 for Event 0
08-03 23:11:35.677 12155 12167 I art     : Starting a blocking GC Explicit
08-03 23:11:35.754 12155 12167 I art     : Explicit concurrent mark sweep GC freed 1293(75KB) AllocSpace objects, 1(20KB) LOS objects, 30% free, 37MB/53MB, paused 268us total 76.346ms
08-03 23:11:35.770 12155 12167 I art     : Starting a blocking GC Explicit
08-03 23:11:35.817 12155 12167 I art     : Explicit concurrent mark sweep GC freed 18(624B) AllocSpace objects, 0(0B) LOS objects, 30% free, 37MB/53MB, paused 274us total 46.995ms
08-03 23:11:35.833 12155 12167 I art     : Starting a blocking GC Explicit
08-03 23:11:35.879 12155 12167 I art     : Explicit concurrent mark sweep GC freed 3(96B) AllocSpace objects, 0(0B) LOS objects, 30% free, 37MB/53MB, paused 249us total 46.196ms
08-03 23:11:35.895 12155 12167 I art     : Starting a blocking GC Explicit
08-03 23:11:35.947 12155 12167 I art     : Explicit concurrent mark sweep GC freed 3(96B) AllocSpace objects, 0(0B) LOS objects, 30% free, 37MB/53MB, paused 266us total 51.625ms
08-03 23:11:35.963 12155 12167 I art     : Starting a blocking GC Explicit
08-03 23:11:36.010 12155 12167 I art     : Explicit concurrent mark sweep GC freed 3(96B) AllocSpace objects, 0(0B) LOS objects, 30% free, 37MB/53MB, paused 244us total 46.470ms
08-03 23:11:36.183   518   646 I ThermalEngine: ACTION: GPU - Setting GPU[0] to 510000000
08-03 23:11:36.284 12155 12166 I art     : Starting a blocking GC Explicit
08-03 23:11:36.353 12155 12166 I art     : Explicit concurrent mark sweep GC freed 1293(75KB) AllocSpace objects, 1(20KB) LOS objects, 30% free, 37MB/53MB, paused 356us total 68.503ms
08-03 23:11:36.373 12155 12166 I art     : Starting a blocking GC Explicit
08-03 23:11:36.434 12155 12166 I art     : Explicit concurrent mark sweep GC freed 18(624B) AllocSpace objects, 0(0B) LOS objects, 30% free, 37MB/53MB, paused 357us total 61.624ms
08-03 23:11:36.454 12155 12166 I art     : Starting a blocking GC Explicit
08-03 23:11:36.462 13142 13142 D AndroidRuntime: >>>>>> START com.android.internal.os.RuntimeInit uid 2000 <<<<<<
08-03 23:11:36.467 13142 13142 D AndroidRuntime: CheckJNI is OFF
08-03 23:11:36.501 13142 13142 D ICU     : No timezone override file found: /data/misc/zoneinfo/current/icu/icu_tzdata.dat
08-03 23:11:36.514 12155 12166 I art     : Explicit concurrent mark sweep GC freed 3(96B) AllocSpace objects, 0(0B) LOS objects, 30% free, 37MB/53MB, paused 407us total 59.430ms
08-03 23:11:36.533 12155 12166 I art     : Starting a blocking GC Explicit
08-03 23:11:36.536 13142 13142 I Radio-JNI: register_android_hardware_Radio DONE
08-03 23:11:36.558 13142 13142 D AndroidRuntime: Calling main entry com.android.commands.input.Input
08-03 23:11:36.559 13142 13142 I Input   : injectMotionEvent: MotionEvent { action=ACTION_DOWN, actionButton=0, id[0]=0, x[0]=481.0, y[0]=544.0, toolType[0]=TOOL_TYPE_UNKNOWN, buttonState=0, metaState=0, flags=0x0, edgeFlags=0x0, pointerCount=1, historySize=0, eventTime=659512972, downTime=659512972, deviceId=0, source=0x1002 }
08-03 23:11:36.563 13142 13142 I Input   : injectMotionEvent: MotionEvent { action=ACTION_UP, actionButton=0, id[0]=0, x[0]=481.0, y[0]=544.0, toolType[0]=TOOL_TYPE_UNKNOWN, buttonState=0, metaState=0, flags=0x0, edgeFlags=0x0, pointerCount=1, historySize=0, eventTime=659512972, downTime=659512972, deviceId=0, source=0x1002 }
08-03 23:11:36.564 13142 13142 D AndroidRuntime: Shutting down VM
08-03 23:11:36.587 12155 12166 I art     : Explicit concurrent mark sweep GC freed 59(2576B) AllocSpace objects, 0(0B) LOS objects, 30% free, 37MB/53MB, paused 466us total 53.873ms
08-03 23:11:36.604 12155 12166 I art     : Starting a blocking GC Explicit
08-03 23:11:36.658 12155 12166 I art     : Explicit concurrent mark sweep GC freed 606(27KB) AllocSpace objects, 0(0B) LOS objects, 30% free, 37MB/53MB, paused 623us total 52.604ms
08-03 23:11:36.937 12155 12167 I art     : Starting a blocking GC Explicit
08-03 23:11:37.000 12155 12167 I art     : Explicit concurrent mark sweep GC freed 1767(96KB) AllocSpace objects, 1(20KB) LOS objects, 30% free, 37MB/53MB, paused 317us total 62.799ms
08-03 23:11:37.019 12155 12167 I art     : Starting a blocking GC Explicit
08-03 23:11:37.074 12155 12167 I art     : Explicit concurrent mark sweep GC freed 49(2016B) AllocSpace objects, 0(0B) LOS objects, 30% free, 37MB/53MB, paused 359us total 54.162ms
08-03 23:11:37.093 12155 12167 I art     : Starting a blocking GC Explicit
08-03 23:11:37.150 12155 12167 I art     : Explicit concurrent mark sweep GC freed 16(512B) AllocSpace objects, 0(0B) LOS objects, 30% free, 37MB/53MB, paused 310us total 56.052ms
08-03 23:11:37.168 12155 12167 I art     : Starting a blocking GC Explicit
08-03 23:11:37.221 12155 12167 I art     : Explicit concurrent mark sweep GC freed 7(224B) AllocSpace objects, 0(0B) LOS objects, 30% free, 37MB/53MB, paused 316us total 53.380ms
08-03 23:11:37.241 12155 12167 I art     : Starting a blocking GC Explicit
08-03 23:11:37.296 12155 12167 I art     : Explicit concurrent mark sweep GC freed 10(384B) AllocSpace objects, 0(0B) LOS objects, 30% free, 37MB/53MB, paused 323us total 54.898ms
08-03 23:11:37.601 12155 12378 I art     : Starting a blocking GC Explicit
08-03 23:11:37.675 12155 12378 I art     : Explicit concurrent mark sweep GC freed 1293(75KB) AllocSpace objects, 1(20KB) LOS objects, 30% free, 37MB/53MB, paused 370us total 73.310ms
08-03 23:11:37.695 12155 12378 I art     : Starting a blocking GC Explicit
08-03 23:11:37.754 12155 12378 I art     : Explicit concurrent mark sweep GC freed 18(624B) AllocSpace objects, 0(0B) LOS objects, 30% free, 37MB/53MB, paused 320us total 59.051ms
08-03 23:11:37.773 12155 12378 I art     : Starting a blocking GC Explicit
08-03 23:11:37.822 12155 12378 I art     : Explicit concurrent mark sweep GC freed 3(96B) AllocSpace objects, 0(0B) LOS objects, 30% free, 37MB/53MB, paused 313us total 48.859ms
08-03 23:11:37.838 12155 12378 I art     : Starting a blocking GC Explicit
08-03 23:11:37.887 12155 12378 I art     : Explicit concurrent mark sweep GC freed 3(96B) AllocSpace objects, 0(0B) LOS objects, 30% free, 37MB/53MB, paused 392us total 48.935ms
08-03 23:11:37.904 12155 12378 I art     : Starting a blocking GC Explicit
08-03 23:11:37.956 12155 12378 I art     : Explicit concurrent mark sweep GC freed 3(96B) AllocSpace objects, 0(0B) LOS objects, 30% free, 37MB/53MB, paused 328us total 52.239ms
08-03 23:11:38.188 13188 13188 D AndroidRuntime: >>>>>> START com.android.internal.os.RuntimeInit uid 2000 <<<<<<
08-03 23:11:38.193 13188 13188 D AndroidRuntime: CheckJNI is OFF
08-03 23:11:38.228 13188 13188 D ICU     : No timezone override file found: /data/misc/zoneinfo/current/icu/icu_tzdata.dat
08-03 23:11:38.239 12155 12167 I art     : Starting a blocking GC Explicit
08-03 23:11:38.265 13188 13188 I Radio-JNI: register_android_hardware_Radio DONE
08-03 23:11:38.289 13188 13188 D AndroidRuntime: Calling main entry com.android.commands.input.Input
08-03 23:11:38.292 13188 13188 I Input   : injectMotionEvent: MotionEvent { action=ACTION_DOWN, actionButton=0, id[0]=0, x[0]=310.0, y[0]=906.0, toolType[0]=TOOL_TYPE_UNKNOWN, buttonState=0, metaState=0, flags=0x0, edgeFlags=0x0, pointerCount=1, historySize=0, eventTime=659514704, downTime=659514704, deviceId=0, source=0x1002 }
08-03 23:11:38.300 13188 13188 I Input   : injectMotionEvent: MotionEvent { action=ACTION_UP, actionButton=0, id[0]=0, x[0]=310.0, y[0]=906.0, toolType[0]=TOOL_TYPE_UNKNOWN, buttonState=0, metaState=0, flags=0x0, edgeFlags=0x0, pointerCount=1, historySize=0, eventTime=659514704, downTime=659514704, deviceId=0, source=0x1002 }
08-03 23:11:38.305 13188 13188 D AndroidRuntime: Shutting down VM
08-03 23:11:38.307 12155 12167 I art     : Explicit concurrent mark sweep GC freed 1327(76KB) AllocSpace objects, 1(20KB) LOS objects, 30% free, 37MB/53MB, paused 461us total 67.575ms
08-03 23:11:38.327 12155 12167 I art     : Starting a blocking GC Explicit
08-03 23:11:38.379 12155 12167 I art     : Explicit concurrent mark sweep GC freed 33(1456B) AllocSpace objects, 0(0B) LOS objects, 30% free, 37MB/53MB, paused 337us total 52.159ms
08-03 23:11:38.382   512  2967 D audio_hw_primary: out_set_parameters: enter: usecase(1: low-latency-playback) kvpairs: routing=2
08-03 23:11:38.395   512  2967 D audio_hw_primary: select_devices: out_snd_device(2: speaker) in_snd_device(0: none)
08-03 23:11:38.395   512  2967 D msm8974_platform: platform_send_audio_calibration: sending audio calibration for snd_device(2) acdb_id(15)
08-03 23:11:38.395   512  2967 I soundtrigger: audio_extn_sound_trigger_update_device_status: device 0x2 of type 0 for Event 1
08-03 23:11:38.398 12155 12167 I art     : Starting a blocking GC Explicit
08-03 23:11:38.401 13866 13866 I GoogleInputMethodServic: GoogleInputMethodService.onFinishInput():3138 
08-03 23:11:38.401 13866 13866 I GoogleInputMethodServic: GoogleInputMethodService.onStartInput():1808 
08-03 23:11:38.406   512  2967 D audio_hw_primary: enable_snd_device: snd_device(2: speaker)
08-03 23:11:38.408   512  2967 D audio_hw_primary: enable_audio_route: apply and update mixer path: low-latency-playback speaker
08-03 23:11:38.410 13866 13866 I GoogleInputMethodServic: GoogleInputMethodService.onFinishInput():3138 
08-03 23:11:38.411 13866 13866 I GoogleInputMethodServic: GoogleInputMethodService.onStartInput():1808 
08-03 23:11:38.459 12155 12167 I art     : Explicit concurrent mark sweep GC freed 807(39KB) AllocSpace objects, 0(0B) LOS objects, 30% free, 37MB/53MB, paused 653us total 60.821ms
08-03 23:11:38.477 12155 12167 I art     : Starting a blocking GC Explicit
08-03 23:11:38.531 12155 12167 I art     : Explicit concurrent mark sweep GC freed 214(8KB) AllocSpace objects, 0(0B) LOS objects, 30% free, 37MB/53MB, paused 370us total 53.754ms
08-03 23:11:38.549 12155 12167 I art     : Starting a blocking GC Explicit
08-03 23:11:38.606 12155 12167 I art     : Explicit concurrent mark sweep GC freed 660(60KB) AllocSpace objects, 0(0B) LOS objects, 30% free, 37MB/53MB, paused 318us total 56.276ms
08-03 23:11:38.707   918 13198 D NetlinkSocketObserver: NeighborEvent{elapsedMs=1642902581, 192.168.2.254, [7C3953A63323], RTM_NEWNEIGH, NUD_STALE}
08-03 23:11:38.721 12155 12170 D OpenGLRenderer: endAllStagingAnimators on 0x7f996bdc00 (ListPopupWindow$DropDownListView) with handle 0x7f7a439880
08-03 23:11:38.867 12155 12378 I art     : Starting a blocking GC Explicit
08-03 23:11:38.938 12155 12378 I art     : Explicit concurrent mark sweep GC freed 1409(80KB) AllocSpace objects, 1(20KB) LOS objects, 30% free, 37MB/53MB, paused 427us total 71.493ms
08-03 23:11:38.948   512  2967 D audio_hw_primary: disable_audio_route: reset and update mixer path: low-latency-playback speaker
08-03 23:11:38.949   512  2967 D audio_hw_primary: disable_snd_device: snd_device(2: speaker)
08-03 23:11:38.957   512  2967 I soundtrigger: audio_extn_sound_trigger_update_device_status: device 0x2 of type 0 for Event 0
08-03 23:11:38.958 12155 12378 I art     : Starting a blocking GC Explicit
08-03 23:11:39.018 12155 12378 I art     : Explicit concurrent mark sweep GC freed 507(32KB) AllocSpace objects, 0(0B) LOS objects, 30% free, 37MB/53MB, paused 348us total 60.224ms
08-03 23:11:39.037 12155 12378 I art     : Starting a blocking GC Explicit
08-03 23:11:39.098 12155 12378 I art     : Explicit concurrent mark sweep GC freed 3(96B) AllocSpace objects, 0(0B) LOS objects, 30% free, 37MB/53MB, paused 368us total 60.769ms
08-03 23:11:39.119 12155 12378 I art     : Starting a blocking GC Explicit
08-03 23:11:39.180 12155 12378 I art     : Explicit concurrent mark sweep GC freed 3(96B) AllocSpace objects, 0(0B) LOS objects, 30% free, 37MB/53MB, paused 358us total 60.917ms
08-03 23:11:39.200 12155 12378 I art     : Starting a blocking GC Explicit
08-03 23:11:39.261 12155 12378 I art     : Explicit concurrent mark sweep GC freed 3(96B) AllocSpace objects, 0(0B) LOS objects, 30% free, 37MB/53MB, paused 349us total 60.850ms
08-03 23:11:39.261 12155 12165 I art     : WaitForGcToComplete blocked for 43.878ms for cause HeapTrim
08-03 23:11:39.281   918   918 I ActivityManager: Start proc 13225:com.google.android.youtube/u0a75 for service com.google.android.youtube/androidx.work.impl.background.systemjob.SystemJobService
08-03 23:11:39.310 13225 13225 W ResourceType: ResTable_typeSpec entry count inconsistent: given 37, previously 42
08-03 23:11:39.310 13225 13225 W ResourceType: ResTable_typeSpec entry count inconsistent: given 2527, previously 2530
08-03 23:11:39.311 13225 13225 W ResourceType: ResTable_typeSpec entry count inconsistent: given 2542, previously 2545
08-03 23:11:39.311 13225 13225 W ResourceType: ResTable_typeSpec entry count inconsistent: given 303, previously 1691
08-03 23:11:39.498 13225 13225 W FileProviderCompat: isPatchingNecessary returned true and in == null: false
08-03 23:11:39.520 13225 13225 W PatchedPackageManager: patching ProviderInfo. Metadata was not null
08-03 23:11:39.520 13225 13225 W PatchedPackageManager: resolveContentProvider flags: 128 ret: ContentProviderInfo{name=com.google.android.youtube.fileprovider className=com.google.android.apps.youtube.app.common.util.MainAppFileProviderCompat}
08-03 23:11:39.566 12155 12166 I art     : Starting a blocking GC Explicit
08-03 23:11:39.622 12155 12166 I art     : Explicit concurrent mark sweep GC freed 1293(75KB) AllocSpace objects, 1(20KB) LOS objects, 30% free, 37MB/53MB, paused 326us total 55.457ms
08-03 23:11:39.639 12155 12166 I art     : Starting a blocking GC Explicit
08-03 23:11:39.689 12155 12166 I art     : Explicit concurrent mark sweep GC freed 18(624B) AllocSpace objects, 0(0B) LOS objects, 30% free, 37MB/53MB, paused 313us total 49.819ms
08-03 23:11:39.706 12155 12166 I art     : Starting a blocking GC Explicit
08-03 23:11:39.756 12155 12166 I art     : Explicit concurrent mark sweep GC freed 3(96B) AllocSpace objects, 0(0B) LOS objects, 30% free, 37MB/53MB, paused 318us total 49.685ms
08-03 23:11:39.774 12155 12166 I art     : Starting a blocking GC Explicit
08-03 23:11:39.804 13225 13257 W YouTube : Fetching the Gservices key 'failsafe_clear_cache_release_13_02' before the end of the bulk initialization
08-03 23:11:39.823 12155 12166 I art     : Explicit concurrent mark sweep GC freed 3(96B) AllocSpace objects, 0(0B) LOS objects, 30% free, 37MB/53MB, paused 338us total 49.292ms
08-03 23:11:39.840 12155 12166 I art     : Starting a blocking GC Explicit
08-03 23:11:39.887 13225 13253 W GooglePlayServicesUtil: Google Play services out of date for com.google.android.youtube.  Requires 202990000 but found 202614019
08-03 23:11:39.889 12155 12166 I art     : Explicit concurrent mark sweep GC freed 3(96B) AllocSpace objects, 0(0B) LOS objects, 30% free, 37MB/53MB, paused 344us total 49.112ms
08-03 23:11:39.925 13225 13253 E linker  : readlink('/proc/self/fd/26') failed: Permission denied [fd=26]
08-03 23:11:39.925 13225 13253 E linker  : warning: unable to get realpath for the library "/data/data/com.google.android.youtube/cache/1592423383555.dex". Will use given name.
08-03 23:11:39.926 13247 13247 D AndroidRuntime: >>>>>> START com.android.internal.os.RuntimeInit uid 2000 <<<<<<
08-03 23:11:39.930 13247 13247 D AndroidRuntime: CheckJNI is OFF
08-03 23:11:39.959 13247 13247 D ICU     : No timezone override file found: /data/misc/zoneinfo/current/icu/icu_tzdata.dat
08-03 23:11:39.989 13247 13247 I Radio-JNI: register_android_hardware_Radio DONE
08-03 23:11:40.011 13247 13247 D AndroidRuntime: Calling main entry com.android.commands.input.Input
08-03 23:11:40.013 13247 13247 I Input   : injectMotionEvent: MotionEvent { action=ACTION_DOWN, actionButton=0, id[0]=0, x[0]=648.0, y[0]=709.0, toolType[0]=TOOL_TYPE_UNKNOWN, buttonState=0, metaState=0, flags=0x0, edgeFlags=0x0, pointerCount=1, historySize=0, eventTime=659516425, downTime=659516425, deviceId=0, source=0x1002 }
08-03 23:11:40.017 13247 13247 I Input   : injectMotionEvent: MotionEvent { action=ACTION_UP, actionButton=0, id[0]=0, x[0]=648.0, y[0]=709.0, toolType[0]=TOOL_TYPE_UNKNOWN, buttonState=0, metaState=0, flags=0x0, edgeFlags=0x0, pointerCount=1, historySize=0, eventTime=659516425, downTime=659516425, deviceId=0, source=0x1002 }
08-03 23:11:40.018 13247 13247 D AndroidRuntime: Shutting down VM
08-03 23:11:40.019   918  3714 D ConnectivityService: listenForNetwork for Listen from uid/pid:10075/13225 for NetworkRequest [ id=2417, legacyType=-1, [ Capabilities: INTERNET&NOT_RESTRICTED&TRUSTED] ]
08-03 23:11:40.033 13225 13296 E linker  : readlink('/proc/self/fd/28') failed: Permission denied [fd=28]
08-03 23:11:40.033 13225 13296 E linker  : warning: unable to get realpath for the library "/data/app/com.google.android.youtube-1/lib/arm64/libcronet.85.0.4183.18.so". Will use given name.
08-03 23:11:40.084   512  2967 D audio_hw_primary: out_set_parameters: enter: usecase(1: low-latency-playback) kvpairs: routing=2
08-03 23:11:40.097   512  2967 D audio_hw_primary: select_devices: out_snd_device(2: speaker) in_snd_device(0: none)
08-03 23:11:40.097   512  2967 D msm8974_platform: platform_send_audio_calibration: sending audio calibration for snd_device(2) acdb_id(15)
08-03 23:11:40.097   512  2967 I soundtrigger: audio_extn_sound_trigger_update_device_status: device 0x2 of type 0 for Event 1
08-03 23:11:40.107   512  2967 D audio_hw_primary: enable_snd_device: snd_device(2: speaker)
08-03 23:11:40.109   512  2967 D audio_hw_primary: enable_audio_route: apply and update mixer path: low-latency-playback speaker
08-03 23:11:40.132 13225 13263 E GEL_DELAYED_EVENT_DEBUG: Failed delayed event dispatch, no dispatchers.
08-03 23:11:40.158 12155 12167 I art     : Starting a blocking GC Explicit
08-03 23:11:40.200 13225 13340 E linker  : readlink('/proc/self/fd/43') failed: Permission denied [fd=43]
08-03 23:11:40.200 13225 13340 E linker  : warning: unable to get realpath for the library "/data/data/com.google.android.gms/app_chimera/m/00000039/oat/arm64/DynamiteLoader.odex". Will use given name.
08-03 23:11:40.217 12155 12167 I art     : Explicit concurrent mark sweep GC freed 2061(133KB) AllocSpace objects, 2(40KB) LOS objects, 30% free, 37MB/53MB, paused 403us total 58.958ms
08-03 23:11:40.238 12155 12167 I art     : Starting a blocking GC Explicit
08-03 23:11:40.295 12155 12167 I art     : Explicit concurrent mark sweep GC freed 145(6KB) AllocSpace objects, 0(0B) LOS objects, 30% free, 37MB/53MB, paused 373us total 57.014ms
08-03 23:11:40.315 12155 12167 I art     : Starting a blocking GC Explicit
08-03 23:11:40.371 12155 12167 I art     : Explicit concurrent mark sweep GC freed 7(240B) AllocSpace objects, 0(0B) LOS objects, 30% free, 37MB/53MB, paused 351us total 55.991ms
08-03 23:11:40.390 12155 12167 I art     : Starting a blocking GC Explicit
08-03 23:11:40.405   918  3359 I AccountManagerService: getTypesVisibleToCaller: isPermitted? true
08-03 23:11:40.443 12155 12167 I art     : Explicit concurrent mark sweep GC freed 3(96B) AllocSpace objects, 0(0B) LOS objects, 30% free, 37MB/53MB, paused 319us total 53.155ms
08-03 23:11:40.461 12155 12167 I art     : Starting a blocking GC Explicit
08-03 23:11:40.482   918  3188 I hubconnection: sensorhub said: 'set_bias 3: -6.7200, 0.0000, 0.0000'
08-03 23:11:40.513 12155 12167 I art     : Explicit concurrent mark sweep GC freed 9(320B) AllocSpace objects, 0(0B) LOS objects, 30% free, 37MB/53MB, paused 317us total 51.977ms
08-03 23:11:40.649   512  2967 D audio_hw_primary: disable_audio_route: reset and update mixer path: low-latency-playback speaker
08-03 23:11:40.654   512  2967 D audio_hw_primary: disable_snd_device: snd_device(2: speaker)
08-03 23:11:40.664   512  2967 I soundtrigger: audio_extn_sound_trigger_update_device_status: device 0x2 of type 0 for Event 0
08-03 23:11:40.817 12155 12381 I art     : Starting a blocking GC Explicit
08-03 23:11:40.883 12155 12381 I art     : Explicit concurrent mark sweep GC freed 1295(75KB) AllocSpace objects, 1(20KB) LOS objects, 30% free, 37MB/53MB, paused 321us total 66.019ms
08-03 23:11:40.903 12155 12381 I art     : Starting a blocking GC Explicit
08-03 23:11:40.956 12155 12381 I art     : Explicit concurrent mark sweep GC freed 20(688B) AllocSpace objects, 0(0B) LOS objects, 30% free, 37MB/53MB, paused 330us total 52.078ms
08-03 23:11:40.973 12155 12381 I art     : Starting a blocking GC Explicit
08-03 23:11:41.025 12155 12381 I art     : Explicit concurrent mark sweep GC freed 5(160B) AllocSpace objects, 0(0B) LOS objects, 30% free, 37MB/53MB, paused 320us total 51.371ms
08-03 23:11:41.042 12155 12381 I art     : Starting a blocking GC Explicit
08-03 23:11:41.092 12155 12381 I art     : Explicit concurrent mark sweep GC freed 3(96B) AllocSpace objects, 0(0B) LOS objects, 30% free, 37MB/53MB, paused 316us total 50.295ms
08-03 23:11:41.110 12155 12381 I art     : Starting a blocking GC Explicit
08-03 23:11:41.113 13225 13338 I art     : Rejecting re-init on previously-failed class java.lang.Class<qxt>
08-03 23:11:41.113 13225 13338 I art     : Rejecting re-init on previously-failed class java.lang.Class<qxt>
08-03 23:11:41.114 13225 13338 I art     : Rejecting re-init on previously-failed class java.lang.Class<qxt>
08-03 23:11:41.114 13225 13338 I art     : Rejecting re-init on previously-failed class java.lang.Class<qxt>
08-03 23:11:41.121 13225 13275 W YT.MDX.agyr: CastAppId for type 0 not found. Defaulting to mainCastAppId.
08-03 23:11:41.135 13225 13338 I art     : Rejecting re-init on previously-failed class java.lang.Class<qxt>
08-03 23:11:41.135 13225 13338 I art     : Rejecting re-init on previously-failed class java.lang.Class<qxt>
08-03 23:11:41.136 13225 13338 I art     : Rejecting re-init on previously-failed class java.lang.Class<qxt>
08-03 23:11:41.136 13225 13338 I art     : Rejecting re-init on previously-failed class java.lang.Class<qxt>
08-03 23:11:41.138 13225 13338 I art     : Rejecting re-init on previously-failed class java.lang.Class<qxt>
08-03 23:11:41.138 13225 13338 I art     : Rejecting re-init on previously-failed class java.lang.Class<qxt>
08-03 23:11:41.161 12155 12381 I art     : Explicit concurrent mark sweep GC freed 3(96B) AllocSpace objects, 0(0B) LOS objects, 30% free, 37MB/53MB, paused 313us total 51.401ms
08-03 23:11:41.173 13225 13275 W YT.MDX.agyr: CastAppId for type 0 not found. Defaulting to mainCastAppId.
08-03 23:11:41.189 13225 13353 I FA      : App measurement initialized, version: 31021
08-03 23:11:41.189 13225 13353 I FA      : To enable debug logging run: adb shell setprop log.tag.FA VERBOSE
08-03 23:11:41.190 13225 13353 I FA      : To enable faster debug mode event logging run:
08-03 23:11:41.190 13225 13353 I FA      :   adb shell setprop debug.firebase.analytics.app com.google.android.youtube
08-03 23:11:41.272   918  3961 I AccountManagerService: getTypesVisibleToCaller: isPermitted? true
08-03 23:11:41.309 12719 13397 W OneSignal: OneSignalRestClient: POST Error thrown from network stack. 
08-03 23:11:41.309 12719 13397 W OneSignal: java.io.IOException: unexpected end of stream on Connection{api.onesignal.com:443, proxy=HTTP@192.168.2.12:8080 hostAddress=192.168.2.12 cipherSuite=TLS_ECDHE_RSA_WITH_AES_128_GCM_SHA256 protocol=http/1.1} (recycle count=0)
08-03 23:11:41.309 12719 13397 W OneSignal: 	at com.android.okhttp.internal.http.HttpConnection.readResponse(HttpConnection.java:210)
08-03 23:11:41.309 12719 13397 W OneSignal: 	at com.android.okhttp.internal.http.HttpTransport.readResponseHeaders(HttpTransport.java:80)
08-03 23:11:41.309 12719 13397 W OneSignal: 	at com.android.okhttp.internal.http.HttpEngine.readNetworkResponse(HttpEngine.java:904)
08-03 23:11:41.309 12719 13397 W OneSignal: 	at com.android.okhttp.internal.http.HttpEngine.readResponse(HttpEngine.java:788)
08-03 23:11:41.309 12719 13397 W OneSignal: 	at com.android.okhttp.internal.huc.HttpURLConnectionImpl.execute(HttpURLConnectionImpl.java:439)
08-03 23:11:41.309 12719 13397 W OneSignal: 	at com.android.okhttp.internal.huc.HttpURLConnectionImpl.getResponse(HttpURLConnectionImpl.java:384)
08-03 23:11:41.309 12719 13397 W OneSignal: 	at com.android.okhttp.internal.huc.HttpURLConnectionImpl.getResponseCode(HttpURLConnectionImpl.java:497)
08-03 23:11:41.309 12719 13397 W OneSignal: 	at com.android.okhttp.internal.huc.DelegatingHttpsURLConnection.getResponseCode(DelegatingHttpsURLConnection.java:105)
08-03 23:11:41.309 12719 13397 W OneSignal: 	at com.android.okhttp.internal.huc.HttpsURLConnectionImpl.getResponseCode(HttpsURLConnectionImpl.java)
08-03 23:11:41.309 12719 13397 W OneSignal: 	at com.onesignal.OneSignalRestClient.startHTTPConnection(OneSignalRestClient.java:180)
08-03 23:11:41.309 12719 13397 W OneSignal: 	at com.onesignal.OneSignalRestClient.access$100(OneSignalRestClient.java:44)
08-03 23:11:41.309 12719 13397 W OneSignal: 	at com.onesignal.OneSignalRestClient$4.run(OneSignalRestClient.java:110)
08-03 23:11:41.309 12719 13397 W OneSignal: 	at java.lang.Thread.run(Thread.java:818)
08-03 23:11:41.309 12719 13397 W OneSignal: Caused by: java.io.EOFException: \n not found: size=0 content=...
08-03 23:11:41.309 12719 13397 W OneSignal: 	at com.android.okhttp.okio.RealBufferedSource.readUtf8LineStrict(RealBufferedSource.java:200)
08-03 23:11:41.309 12719 13397 W OneSignal: 	at com.android.okhttp.internal.http.HttpConnection.readResponse(HttpConnection.java:191)
08-03 23:11:41.309 12719 13397 W OneSignal: 	... 12 more
08-03 23:11:41.312 12719 13405 W OneSignal: Failed last request. statusCode: -1
08-03 23:11:41.312 12719 13405 W OneSignal: response: null
08-03 23:11:41.475 12155 12166 I art     : Starting a blocking GC Explicit
08-03 23:11:41.525 24365 24365 I Herrevad: [1] abng.a: updateListenState
08-03 23:11:41.532 12155 12166 I art     : Explicit concurrent mark sweep GC freed 1293(75KB) AllocSpace objects, 1(20KB) LOS objects, 30% free, 37MB/53MB, paused 319us total 56.064ms
08-03 23:11:41.551 12155 12166 I art     : Starting a blocking GC Explicit
08-03 23:11:41.600 12155 12166 I art     : Explicit concurrent mark sweep GC freed 18(624B) AllocSpace objects, 0(0B) LOS objects, 30% free, 37MB/53MB, paused 352us total 49.158ms
08-03 23:11:41.617 12155 12166 I art     : Starting a blocking GC Explicit
08-03 23:11:41.641 13399 13399 D AndroidRuntime: >>>>>> START com.android.internal.os.RuntimeInit uid 2000 <<<<<<
08-03 23:11:41.646 13399 13399 D AndroidRuntime: CheckJNI is OFF
08-03 23:11:41.672 12155 12166 I art     : Explicit concurrent mark sweep GC freed 3(96B) AllocSpace objects, 0(0B) LOS objects, 30% free, 37MB/53MB, paused 339us total 54.173ms
08-03 23:11:41.679 13399 13399 D ICU     : No timezone override file found: /data/misc/zoneinfo/current/icu/icu_tzdata.dat
08-03 23:11:41.689 12155 12166 I art     : Starting a blocking GC Explicit
08-03 23:11:41.711 13399 13399 I Radio-JNI: register_android_hardware_Radio DONE
08-03 23:11:41.732 13399 13399 D AndroidRuntime: Calling main entry com.android.commands.input.Input
08-03 23:11:41.734 13399 13399 I Input   : injectMotionEvent: MotionEvent { action=ACTION_DOWN, actionButton=0, id[0]=0, x[0]=1197.0, y[0]=1456.0, toolType[0]=TOOL_TYPE_UNKNOWN, buttonState=0, metaState=0, flags=0x0, edgeFlags=0x0, pointerCount=1, historySize=0, eventTime=659518146, downTime=659518146, deviceId=0, source=0x1002 }
08-03 23:11:41.741 13399 13399 I Input   : injectMotionEvent: MotionEvent { action=ACTION_UP, actionButton=0, id[0]=0, x[0]=1197.0, y[0]=1456.0, toolType[0]=TOOL_TYPE_UNKNOWN, buttonState=0, metaState=0, flags=0x0, edgeFlags=0x0, pointerCount=1, historySize=0, eventTime=659518146, downTime=659518146, deviceId=0, source=0x1002 }
08-03 23:11:41.742 13399 13399 D AndroidRuntime: Shutting down VM
08-03 23:11:41.744 12155 12166 I art     : Explicit concurrent mark sweep GC freed 8(224B) AllocSpace objects, 0(0B) LOS objects, 30% free, 37MB/53MB, paused 389us total 54.692ms
08-03 23:11:41.755   512  2967 D audio_hw_primary: out_set_parameters: enter: usecase(1: low-latency-playback) kvpairs: routing=2
08-03 23:11:41.763 12155 12166 I art     : Starting a blocking GC Explicit
08-03 23:11:41.768   512  2967 D audio_hw_primary: select_devices: out_snd_device(2: speaker) in_snd_device(0: none)
08-03 23:11:41.768   512  2967 D msm8974_platform: platform_send_audio_calibration: sending audio calibration for snd_device(2) acdb_id(15)
08-03 23:11:41.769   512  2967 I soundtrigger: audio_extn_sound_trigger_update_device_status: device 0x2 of type 0 for Event 1
08-03 23:11:41.778   512  2967 D audio_hw_primary: enable_snd_device: snd_device(2: speaker)
08-03 23:11:41.780   512  2967 D audio_hw_primary: enable_audio_route: apply and update mixer path: low-latency-playback speaker
08-03 23:11:41.782 12155 12170 D OpenGLRenderer: endAllStagingAnimators on 0x7f994bc400 (RippleDrawable) with handle 0x7f7a439880
08-03 23:11:41.789 12155 12155 I SettingsManager: Setting string: savedCourse
08-03 23:11:41.794   918  3714 W BackupManagerService: dataChanged but no participant pkg='baseline.com.ak.uobtimetable' uid=10659
08-03 23:11:41.794   918  5952 I ActivityManager: START u0 {flg=0x4000000 cmp=baseline.com.ak.uobtimetable/.MainActivity (has extras)} from uid 10659 on display 0
08-03 23:11:41.805   918  3961 W InputMethodManagerService: Focus gain on non-focused client com.android.internal.view.IInputMethodClient$Stub$Proxy@956dcc1 (uid=10659 pid=12155)
08-03 23:11:41.818 12155 12155 D MainActivity: OnDestroy
08-03 23:11:41.823 12155 12166 I art     : Explicit concurrent mark sweep GC freed 5147(248KB) AllocSpace objects, 1(20KB) LOS objects, 30% free, 37MB/53MB, paused 494us total 60.254ms
08-03 23:11:41.839 12155 12155 D MainActivity: onCreate
08-03 23:11:41.839 12155 12155 I SettingsManager: Getting string: savedSessions
08-03 23:11:41.839 12155 12155 I SettingsManager: Getting string: savedSessions
08-03 23:11:41.847 12155 12155 I SettingsManager: Getting string: savedSessionsCourseName
08-03 23:11:41.847 12155 12155 I SettingsManager: Getting string: savedSessionsCourseName
08-03 23:11:41.847 12155 12155 I SettingsManager: Getting string: savedSessionsDateRange
08-03 23:11:41.847 12155 12155 I SettingsManager: Getting string: savedSessionsDateRange
08-03 23:11:41.847 12155 12155 I Settings: 10 saved sessions - Bedfordshire International and EU Foundation Year - Int Foun - Ltn - Y0 Feb FT - Weeks: 24-38 (8 Jun 2020-20 Sep 2020)
08-03 23:11:41.880 12155 12155 I SettingsManager: Getting string: savedCourse
08-03 23:11:41.881 12155 12155 D MainActivity: sessionListFragmentArg: updateSessions
08-03 23:11:41.881 12155 12155 D MainActivity: showTermDatesConfigChange: false
08-03 23:11:41.881 12155 12155 D MainActivity: showTermDatesShortcut: false
08-03 23:11:41.881 12155 12155 D MainActivity: Setting initial fragment: SessionListsFragment
08-03 23:11:41.882 12155 12155 I SettingsManager: Getting int: launchCount
08-03 23:11:41.883 12155 12155 D SessionListsFragment: onCreateView
08-03 23:11:41.888 12155 12155 I SettingsManager: Getting string: savedCourse
08-03 23:11:41.891 12155 12155 I SettingsManager: Getting string: savedSessions
08-03 23:11:41.898 12155 12155 D SessionListsFragment: loadArgument: updateSessions
08-03 23:11:41.898 12155 12155 D SessionListsFragment: initialIndex: -1
08-03 23:11:41.900 12155 13427 D HTTP    : Request for: https://uob-timetable-api.adriankeenan.co.uk/sessions?dept=CM010&course=BSAIFAAF%2F02AA%2F0%2FFT&level=Foundation+Year
08-03 23:11:41.912 12155 12155 D TermDatesFragment: WebView loaded
08-03 23:11:41.913 12155 12155 D MainActivity: OnResume
08-03 23:11:41.919 12155 12155 I TermDatesFragment: Webview load %: 10
08-03 23:11:42.002 13866 13866 I GoogleInputMethodServic: GoogleInputMethodService.onFinishInput():3138 
08-03 23:11:42.002   918   936 I ActivityManager: Displayed baseline.com.ak.uobtimetable/.MainActivity: +197ms
08-03 23:11:42.003 13866 13866 I GoogleInputMethodServic: GoogleInputMethodService.onStartInput():1808 
08-03 23:11:42.113 12155 12381 I art     : Starting a blocking GC Explicit
08-03 23:11:42.119 12155 13427 I NAPPA_EXPERIMENTATION: MetricNetworkRequestExecutionTime: REQUEST_DURATION_SYSTEM='217',REQUEST_DURATION_OKHTTP='35',REQUEST_SYNCHRONOUS='TRUE',RESPONSE_CODE='200',RESPONSE_METHOD='GET',RESPONSE_LENGTH_OKHTTP='-1',RESPONSE_LENGTH_HEADER='1214',REQUEST_PROTOCOL='http/1.1',REQUEST_URL='https://uob-timetable-api.adriankeenan.co.uk/sessions?dept=CM010&course=BSAIFAAF%2F02AA%2F0%2FFT&level=Foundation+Year',
08-03 23:11:42.132 12155 12155 I TermDatesFragment: Webview load %: 70
08-03 23:11:42.141 12155 12155 I TermDatesFragment: Webview load %: 100
08-03 23:11:42.141 12155 12155 I TermDatesFragment: Webview load %: 100
08-03 23:11:42.159 12155 13427 I HTTP    : Response was compressed.
08-03 23:11:42.165   918  5132 I AccountManagerService: getTypesVisibleToCaller: isPermitted? true
08-03 23:11:42.175 12155 13427 I Service : getSessions response time: 1.10
08-03 23:11:42.175 12155 12155 I SettingsManager: Getting string: savedSessions
08-03 23:11:42.176 12155 12155 I SettingsManager: Getting string: savedSessions
08-03 23:11:42.185 12155 12381 I art     : Explicit concurrent mark sweep GC freed 23721(1160KB) AllocSpace objects, 7(1576KB) LOS objects, 29% free, 38MB/54MB, paused 744us total 71.776ms
08-03 23:11:42.188 12155 12155 I Service : Sessions updated: 10
08-03 23:11:42.189 12155 12155 I Service : Sessions removed from new list: 0
08-03 23:11:42.196 12155 12155 I SettingsManager: Setting string: savedSessions
08-03 23:11:42.204 12155 12381 I art     : Starting a blocking GC Explicit
08-03 23:11:42.205   918  3359 W BackupManagerService: dataChanged but no participant pkg='baseline.com.ak.uobtimetable' uid=10659
08-03 23:11:42.206 12155 12155 I SettingsManager: Setting date: savedSessionsTime
08-03 23:11:42.212   918  3714 W BackupManagerService: dataChanged but no participant pkg='baseline.com.ak.uobtimetable' uid=10659
08-03 23:11:42.212 12155 12155 I SettingsManager: Setting string: savedSessionsCourseName
08-03 23:11:42.218   918  5952 W BackupManagerService: dataChanged but no participant pkg='baseline.com.ak.uobtimetable' uid=10659
08-03 23:11:42.218 12155 12155 I SettingsManager: Setting string: savedSessionsDateRange
08-03 23:11:42.219   918   929 W BackupManagerService: dataChanged but no participant pkg='baseline.com.ak.uobtimetable' uid=10659
08-03 23:11:42.219 12155 12155 I SettingsManager: Setting string: timetableUrl
08-03 23:11:42.219   918  6029 W BackupManagerService: dataChanged but no participant pkg='baseline.com.ak.uobtimetable' uid=10659
08-03 23:11:42.219 12155 12155 I SettingsManager: Getting boolean: notifySessionRemindersEnabled
08-03 23:11:42.219 12155 12155 I SettingsManager: Getting int: notifySessionRemindersMinutes
08-03 23:11:42.219 12155 12155 I SettingsManager: Getting boolean: showHiddenSessions
08-03 23:11:42.221 12155 12155 I SessionReminderNotifier: Created session reminder alarm for f7b4771250a919bd729c1c5a4a459c77 at Mon 08:30:00 10/08/20
08-03 23:11:42.223 12155 12155 I SessionReminderNotifier: Created session reminder alarm for a7f879aabdeb78622c8820a5fb7b64cd at Tue 08:30:00 04/08/20
08-03 23:11:42.225 12155 12155 I SessionReminderNotifier: Created session reminder alarm for 7bc8d7e2c2055711f597c3d9078c6ea3 at Tue 08:30:00 04/08/20
08-03 23:11:42.226 12155 12155 I SessionReminderNotifier: Created session reminder alarm for 53c0527a6f009a1f2fd223834d3bfe51 at Tue 10:30:00 04/08/20
08-03 23:11:42.227 12155 12155 I SessionReminderNotifier: Created session reminder alarm for e0fc978b5db8218778540b4053344581 at Tue 11:00:00 04/08/20
08-03 23:11:42.228 12155 12155 I SessionReminderNotifier: Created session reminder alarm for 199afb0100f329ff65a09e1b0cd9deba at Tue 11:30:00 04/08/20
08-03 23:11:42.230 12155 12155 I SessionReminderNotifier: Created session reminder alarm for 21712fef61090882c855a1425543edb5 at Tue 13:30:00 04/08/20
08-03 23:11:42.231 12155 12155 I SessionReminderNotifier: Created session reminder alarm for 65ca4d97f031f29a4d02bbb45a705d8f at Wed 08:30:00 05/08/20
08-03 23:11:42.233 12155 12155 I SessionReminderNotifier: Created session reminder alarm for eeda7741b0bcab58fd9f46dc6ef1d942 at Wed 08:30:00 05/08/20
08-03 23:11:42.234 12155 12155 I SessionReminderNotifier: Created session reminder alarm for c276c1b2075a0beb67f1b3d1e580f920 at Wed 11:00:00 05/08/20
08-03 23:11:42.235 12155 12155 I SessionReminderNotifier: Created session reminder alarm for 8b1f3627e42ae13a6f6ba0a83903dde1 at Wed 13:30:00 05/08/20
08-03 23:11:42.237 12155 12155 I SessionReminderNotifier: Created session reminder alarm for 79fe0b5c3b887a13ba29db5a33fa2800 at Thu 08:30:00 06/08/20
08-03 23:11:42.239 12155 12155 I SessionReminderNotifier: Created session reminder alarm for cb9dfc8231cdba2be0835dc5709690e1 at Thu 08:30:00 06/08/20
08-03 23:11:42.240 12155 12155 I SessionReminderNotifier: Created session reminder alarm for f850dc24d6de60b7b89fa9e1a8c224c5 at Thu 12:00:00 06/08/20
08-03 23:11:42.242 12155 12155 I SessionReminderNotifier: Created session reminder alarm for 2ba1034116e4fffdd592dbf0796a43d5 at Fri 08:30:00 07/08/20
08-03 23:11:42.242 12155 12155 I SettingsManager: Getting boolean: showHiddenSessions
08-03 23:11:42.242 12155 12155 D SessionListsFragment: 1 sessions for day 0
08-03 23:11:42.242 12155 12155 D SessionListsFragment: 6 sessions for day 1
08-03 23:11:42.242 12155 12155 D SessionListsFragment: 4 sessions for day 2
08-03 23:11:42.242 12155 12155 D SessionListsFragment: 3 sessions for day 3
08-03 23:11:42.242 12155 12155 D SessionListsFragment: 1 sessions for day 4
08-03 23:11:42.264 12155 12381 I art     : Explicit concurrent mark sweep GC freed 28953(1435KB) AllocSpace objects, 5(116KB) LOS objects, 30% free, 37MB/53MB, paused 1.010ms total 59.466ms
08-03 23:11:42.282 12155 12381 I art     : Starting a blocking GC Explicit
08-03 23:11:42.287 12155 12155 I SettingsManager: Getting boolean: showHiddenSessions
08-03 23:11:42.287 12155 12155 D SessionListsFragment: Refreshed ViewPager
08-03 23:11:42.287 12155 12155 I SettingsManager: Getting boolean: showHiddenSessions
08-03 23:11:42.288 12155 12155 I SettingsManager: Getting boolean: completedTutorial
08-03 23:11:42.288 12155 12155 I SettingsManager: Getting boolean: showHiddenSessions
08-03 23:11:42.288 12155 12155 I SettingsManager: Getting date: savedSessionsTime
08-03 23:11:42.318   512  2967 D audio_hw_primary: disable_audio_route: reset and update mixer path: low-latency-playback speaker
08-03 23:11:42.319   512  2967 D audio_hw_primary: disable_snd_device: snd_device(2: speaker)
08-03 23:11:42.325   512  2967 I soundtrigger: audio_extn_sound_trigger_update_device_status: device 0x2 of type 0 for Event 0
08-03 23:11:42.335 12155 12381 I art     : Explicit concurrent mark sweep GC freed 46165(2011KB) AllocSpace objects, 0(0B) LOS objects, 30% free, 36MB/52MB, paused 964us total 52.611ms
08-03 23:11:42.351 12155 12381 I art     : Starting a blocking GC Explicit
08-03 23:11:42.402 12155 12381 I art     : Explicit concurrent mark sweep GC freed 31592(1274KB) AllocSpace objects, 0(0B) LOS objects, 30% free, 36MB/52MB, paused 781us total 50.970ms
08-03 23:11:42.418 12155 12381 I art     : Starting a blocking GC Explicit
08-03 23:11:42.473 12155 12381 I art     : Explicit concurrent mark sweep GC freed 31287(1284KB) AllocSpace objects, 0(0B) LOS objects, 30% free, 36MB/52MB, paused 1.001ms total 54.668ms
08-03 23:11:42.764 12155 12378 I art     : Starting a blocking GC Explicit
08-03 23:11:42.806 24577 24587 I art     : Background sticky concurrent mark sweep GC freed 239059(6MB) AllocSpace objects, 4(80KB) LOS objects, 10% free, 44MB/49MB, paused 11.737ms total 75.095ms
08-03 23:11:42.840 12155 12378 I art     : Explicit concurrent mark sweep GC freed 154704(6MB) AllocSpace objects, 1(20KB) LOS objects, 29% free, 37MB/53MB, paused 932us total 75.657ms
08-03 23:11:42.857 12155 12378 I art     : Starting a blocking GC Explicit
08-03 23:11:42.918 12155 12378 I art     : Explicit concurrent mark sweep GC freed 40541(1829KB) AllocSpace objects, 0(0B) LOS objects, 29% free, 37MB/53MB, paused 989us total 60.477ms
08-03 23:11:42.929 12155 12155 I Choreographer: Skipped 37 frames!  The application may be doing too much work on its main thread.
08-03 23:11:42.935 12155 12378 I art     : Starting a blocking GC Explicit
08-03 23:11:42.990 12155 12378 I art     : Explicit concurrent mark sweep GC freed 2117(135KB) AllocSpace objects, 0(0B) LOS objects, 29% free, 37MB/53MB, paused 425us total 54.812ms
08-03 23:11:43.008 12155 12378 I art     : Starting a blocking GC Explicit
08-03 23:11:43.053 12155 12378 I art     : Explicit concurrent mark sweep GC freed 121824(11MB) AllocSpace objects, 3(136KB) LOS objects, 37% free, 26MB/42MB, paused 628us total 44.301ms
08-03 23:11:43.064 12155 12378 I art     : Starting a blocking GC Explicit
08-03 23:11:43.093 12155 12378 I art     : Explicit concurrent mark sweep GC freed 3(96B) AllocSpace objects, 0(0B) LOS objects, 37% free, 26MB/42MB, paused 389us total 28.673ms
08-03 23:11:43.196   518   646 I ThermalEngine: ACTION: GPU - Setting GPU[0] to 450000000
08-03 23:11:43.389 12155 12378 I art     : Starting a blocking GC Explicit
08-03 23:11:43.434 12155 12378 I art     : Explicit concurrent mark sweep GC freed 1517(85KB) AllocSpace objects, 1(20KB) LOS objects, 37% free, 26MB/42MB, paused 575us total 45.104ms
08-03 23:11:43.450 12155 12378 I art     : Starting a blocking GC Explicit
08-03 23:11:43.495 12155 12378 I art     : Explicit concurrent mark sweep GC freed 18(624B) AllocSpace objects, 0(0B) LOS objects, 37% free, 26MB/42MB, paused 568us total 44.056ms
08-03 23:11:43.511 12155 12378 I art     : Starting a blocking GC Explicit
08-03 23:11:43.554 12155 12378 I art     : Explicit concurrent mark sweep GC freed 4(160B) AllocSpace objects, 0(0B) LOS objects, 37% free, 26MB/42MB, paused 531us total 42.960ms
08-03 23:11:43.570 12155 12378 I art     : Starting a blocking GC Explicit
08-03 23:11:43.614 12155 12378 I art     : Explicit concurrent mark sweep GC freed 3(96B) AllocSpace objects, 0(0B) LOS objects, 37% free, 26MB/42MB, paused 544us total 43.766ms
08-03 23:11:43.630 12155 12378 I art     : Starting a blocking GC Explicit
08-03 23:11:43.674 12155 12378 I art     : Explicit concurrent mark sweep GC freed 3(96B) AllocSpace objects, 0(0B) LOS objects, 37% free, 26MB/42MB, paused 530us total 43.206ms
08-03 23:11:44.013 12155 12381 I art     : Starting a blocking GC Explicit
08-03 23:11:44.056 12155 12381 I art     : Explicit concurrent mark sweep GC freed 1399(79KB) AllocSpace objects, 1(20KB) LOS objects, 37% free, 26MB/42MB, paused 639us total 42.380ms
08-03 23:11:44.072 12155 12381 I art     : Starting a blocking GC Explicit
08-03 23:11:44.112 12155 12381 I art     : Explicit concurrent mark sweep GC freed 56(1856B) AllocSpace objects, 0(0B) LOS objects, 37% free, 26MB/42MB, paused 554us total 39.766ms
08-03 23:11:44.127 12155 12381 I art     : Starting a blocking GC Explicit
08-03 23:11:44.166 12155 12381 I art     : Explicit concurrent mark sweep GC freed 11(384B) AllocSpace objects, 0(0B) LOS objects, 37% free, 26MB/42MB, paused 496us total 39.247ms
08-03 23:11:44.182 12155 12381 I art     : Starting a blocking GC Explicit
08-03 23:11:44.223 12155 12381 I art     : Explicit concurrent mark sweep GC freed 3(96B) AllocSpace objects, 0(0B) LOS objects, 37% free, 26MB/42MB, paused 525us total 41.460ms
08-03 23:11:44.239 12155 12381 I art     : Starting a blocking GC Explicit
08-03 23:11:44.280 12155 12381 I art     : Explicit concurrent mark sweep GC freed 3(96B) AllocSpace objects, 0(0B) LOS objects, 37% free, 26MB/42MB, paused 506us total 40.701ms
08-03 23:11:44.589 12155 12378 I art     : Starting a blocking GC Explicit
08-03 23:11:44.650 12155 12378 I art     : Explicit concurrent mark sweep GC freed 1293(75KB) AllocSpace objects, 1(20KB) LOS objects, 37% free, 26MB/42MB, paused 564us total 60.935ms
08-03 23:11:44.650 12155 12165 I art     : WaitForGcToComplete blocked for 27.668ms for cause HeapTrim
08-03 23:11:44.669 12155 12378 I art     : Starting a blocking GC Explicit
08-03 23:11:44.715 12155 12378 I art     : Explicit concurrent mark sweep GC freed 18(624B) AllocSpace objects, 0(0B) LOS objects, 37% free, 26MB/42MB, paused 511us total 45.288ms
08-03 23:11:44.732 12155 12378 I art     : Starting a blocking GC Explicit
08-03 23:11:44.779 12155 12378 I art     : Explicit concurrent mark sweep GC freed 3(96B) AllocSpace objects, 0(0B) LOS objects, 37% free, 26MB/42MB, paused 554us total 46.759ms
08-03 23:11:44.795 12155 12378 I art     : Starting a blocking GC Explicit
08-03 23:11:44.840 12155 12378 I art     : Explicit concurrent mark sweep GC freed 3(96B) AllocSpace objects, 0(0B) LOS objects, 37% free, 26MB/42MB, paused 531us total 44.515ms
08-03 23:11:44.856 12155 12378 I art     : Starting a blocking GC Explicit
08-03 23:11:44.867   918 13198 D NetlinkSocketObserver: NeighborEvent{elapsedMs=1642908742, 192.168.2.254, [7C3953A63323], RTM_NEWNEIGH, NUD_REACHABLE}
08-03 23:11:44.903 12155 12378 I art     : Explicit concurrent mark sweep GC freed 3(96B) AllocSpace objects, 0(0B) LOS objects, 37% free, 26MB/42MB, paused 516us total 46.363ms
08-03 23:11:45.260 12155 12166 I art     : Starting a blocking GC Explicit
08-03 23:11:45.312 12155 12166 I art     : Explicit concurrent mark sweep GC freed 1293(75KB) AllocSpace objects, 1(20KB) LOS objects, 37% free, 26MB/42MB, paused 519us total 50.760ms
08-03 23:11:45.328 12155 12166 I art     : Starting a blocking GC Explicit
08-03 23:11:45.366 12155 12166 I art     : Explicit concurrent mark sweep GC freed 18(624B) AllocSpace objects, 0(0B) LOS objects, 37% free, 26MB/42MB, paused 478us total 37.752ms
08-03 23:11:45.381 12155 12166 I art     : Starting a blocking GC Explicit
08-03 23:11:45.427 12155 12166 I art     : Explicit concurrent mark sweep GC freed 3(96B) AllocSpace objects, 0(0B) LOS objects, 37% free, 26MB/42MB, paused 517us total 45.458ms
08-03 23:11:45.443 12155 12166 I art     : Starting a blocking GC Explicit
08-03 23:11:45.488 12155 12166 I art     : Explicit concurrent mark sweep GC freed 3(96B) AllocSpace objects, 0(0B) LOS objects, 37% free, 26MB/42MB, paused 576us total 44.745ms
08-03 23:11:45.504 12155 12166 I art     : Starting a blocking GC Explicit
08-03 23:11:45.551 12155 12166 I art     : Explicit concurrent mark sweep GC freed 3(96B) AllocSpace objects, 0(0B) LOS objects, 37% free, 26MB/42MB, paused 518us total 46.184ms
08-03 23:11:45.880 12155 12167 I art     : Starting a blocking GC Explicit
08-03 23:11:45.939 12155 12167 I art     : Explicit concurrent mark sweep GC freed 1293(75KB) AllocSpace objects, 1(20KB) LOS objects, 37% free, 26MB/42MB, paused 763us total 59.092ms
08-03 23:11:45.958 12155 12167 I art     : Starting a blocking GC Explicit
08-03 23:11:46.002 12155 12167 I art     : Explicit concurrent mark sweep GC freed 30(1392B) AllocSpace objects, 0(0B) LOS objects, 37% free, 26MB/42MB, paused 562us total 43.628ms
08-03 23:11:46.018 12155 12167 I art     : Starting a blocking GC Explicit
08-03 23:11:46.056 12155 12167 I art     : Explicit concurrent mark sweep GC freed 4(160B) AllocSpace objects, 0(0B) LOS objects, 37% free, 26MB/42MB, paused 484us total 37.685ms
08-03 23:11:46.070 12155 12167 I art     : Starting a blocking GC Explicit
08-03 23:11:46.107 12155 12167 I art     : Explicit concurrent mark sweep GC freed 5(128B) AllocSpace objects, 0(0B) LOS objects, 37% free, 26MB/42MB, paused 574us total 36.046ms
08-03 23:11:46.121 12155 12167 I art     : Starting a blocking GC Explicit
08-03 23:11:46.160 12155 12167 I art     : Explicit concurrent mark sweep GC freed 29(1136B) AllocSpace objects, 0(0B) LOS objects, 37% free, 26MB/42MB, paused 491us total 38.754ms
08-03 23:11:46.200   518   646 I ThermalEngine: ACTION: GPU - Setting GPU[0] to 510000000
08-03 23:11:46.449 12155 12166 I art     : Starting a blocking GC Explicit
08-03 23:11:46.484 12155 12166 I art     : Explicit concurrent mark sweep GC freed 1349(77KB) AllocSpace objects, 1(20KB) LOS objects, 37% free, 26MB/42MB, paused 398us total 34.692ms
08-03 23:11:46.497 12155 12166 I art     : Starting a blocking GC Explicit
08-03 23:11:46.530 12155 12166 I art     : Explicit concurrent mark sweep GC freed 166(10KB) AllocSpace objects, 0(0B) LOS objects, 37% free, 26MB/42MB, paused 382us total 32.538ms
08-03 23:11:46.542 12155 12166 I art     : Starting a blocking GC Explicit
08-03 23:11:46.575 12155 12166 I art     : Explicit concurrent mark sweep GC freed 3(96B) AllocSpace objects, 0(0B) LOS objects, 37% free, 26MB/42MB, paused 397us total 32.302ms
08-03 23:11:46.587 12155 12166 I art     : Starting a blocking GC Explicit
08-03 23:11:46.620 12155 12166 I art     : Explicit concurrent mark sweep GC freed 3(96B) AllocSpace objects, 0(0B) LOS objects, 37% free, 26MB/42MB, paused 402us total 32.598ms
08-03 23:11:46.632 12155 12166 I art     : Starting a blocking GC Explicit
08-03 23:11:46.653 13509 13509 D AndroidRuntime: >>>>>> START com.android.internal.os.RuntimeInit uid 2000 <<<<<<
08-03 23:11:46.665 12155 12166 I art     : Explicit concurrent mark sweep GC freed 3(96B) AllocSpace objects, 0(0B) LOS objects, 37% free, 26MB/42MB, paused 377us total 32.401ms
08-03 23:11:46.671 13509 13509 D AndroidRuntime: CheckJNI is OFF
08-03 23:11:46.713 13509 13509 D ICU     : No timezone override file found: /data/misc/zoneinfo/current/icu/icu_tzdata.dat
08-03 23:11:46.754 13509 13509 I Radio-JNI: register_android_hardware_Radio DONE
08-03 23:11:46.776 13509 13509 D AndroidRuntime: Calling main entry com.android.commands.input.Input
08-03 23:11:46.778 13509 13509 I Input   : injectMotionEvent: MotionEvent { action=ACTION_DOWN, actionButton=0, id[0]=0, x[0]=81.0, y[0]=176.0, toolType[0]=TOOL_TYPE_UNKNOWN, buttonState=0, metaState=0, flags=0x0, edgeFlags=0x0, pointerCount=1, historySize=0, eventTime=659523191, downTime=659523191, deviceId=0, source=0x1002 }
08-03 23:11:46.784 13509 13509 I Input   : injectMotionEvent: MotionEvent { action=ACTION_UP, actionButton=0, id[0]=0, x[0]=81.0, y[0]=176.0, toolType[0]=TOOL_TYPE_UNKNOWN, buttonState=0, metaState=0, flags=0x0, edgeFlags=0x0, pointerCount=1, historySize=0, eventTime=659523191, downTime=659523191, deviceId=0, source=0x1002 }
08-03 23:11:46.787 13509 13509 D AndroidRuntime: Shutting down VM
08-03 23:11:46.794   512  2967 D audio_hw_primary: out_set_parameters: enter: usecase(1: low-latency-playback) kvpairs: routing=2
08-03 23:11:46.807   512  2967 D audio_hw_primary: select_devices: out_snd_device(2: speaker) in_snd_device(0: none)
08-03 23:11:46.807   512  2967 D msm8974_platform: platform_send_audio_calibration: sending audio calibration for snd_device(2) acdb_id(15)
08-03 23:11:46.807   512  2967 I soundtrigger: audio_extn_sound_trigger_update_device_status: device 0x2 of type 0 for Event 1
08-03 23:11:46.824   512  2967 D audio_hw_primary: enable_snd_device: snd_device(2: speaker)
08-03 23:11:46.826   512  2967 D audio_hw_primary: enable_audio_route: apply and update mixer path: low-latency-playback speaker
08-03 23:11:46.826 13866 13866 I GoogleInputMethodServic: GoogleInputMethodService.onFinishInput():3138 
08-03 23:11:46.827 13866 13866 I GoogleInputMethodServic: GoogleInputMethodService.onStartInput():1808 
08-03 23:11:46.928 12155 12378 I art     : Starting a blocking GC Explicit
08-03 23:11:46.964 12155 12378 I art     : Explicit concurrent mark sweep GC freed 1710(96KB) AllocSpace objects, 1(20KB) LOS objects, 37% free, 26MB/42MB, paused 415us total 35.868ms
08-03 23:11:46.978 12155 12378 I art     : Starting a blocking GC Explicit
08-03 23:11:47.010 12155 12378 I art     : Explicit concurrent mark sweep GC freed 26(1056B) AllocSpace objects, 0(0B) LOS objects, 37% free, 26MB/42MB, paused 417us total 30.990ms
08-03 23:11:47.022 12155 12378 I art     : Starting a blocking GC Explicit
08-03 23:11:47.053 12155 12378 I art     : Explicit concurrent mark sweep GC freed 10(320B) AllocSpace objects, 0(0B) LOS objects, 37% free, 26MB/42MB, paused 377us total 30.832ms
08-03 23:11:47.065 12155 12378 I art     : Starting a blocking GC Explicit
08-03 23:11:47.096 12155 12378 I art     : Explicit concurrent mark sweep GC freed 11(528B) AllocSpace objects, 0(0B) LOS objects, 37% free, 26MB/42MB, paused 362us total 30.737ms
08-03 23:11:47.108 12155 12378 I art     : Starting a blocking GC Explicit
08-03 23:11:47.141 12155 12378 I art     : Explicit concurrent mark sweep GC freed 3(96B) AllocSpace objects, 0(0B) LOS objects, 37% free, 26MB/42MB, paused 393us total 32.835ms
08-03 23:11:47.368   512  2967 D audio_hw_primary: disable_audio_route: reset and update mixer path: low-latency-playback speaker
08-03 23:11:47.369   512  2967 D audio_hw_primary: disable_snd_device: snd_device(2: speaker)
08-03 23:11:47.377   512  2967 I soundtrigger: audio_extn_sound_trigger_update_device_status: device 0x2 of type 0 for Event 0
08-03 23:11:47.449 12155 12166 I art     : Starting a blocking GC Explicit
08-03 23:11:47.484 12155 12166 I art     : Explicit concurrent mark sweep GC freed 1313(76KB) AllocSpace objects, 1(20KB) LOS objects, 37% free, 26MB/42MB, paused 380us total 35.015ms
08-03 23:11:47.497 12155 12166 I art     : Starting a blocking GC Explicit
08-03 23:11:47.531 12155 12166 I art     : Explicit concurrent mark sweep GC freed 22(752B) AllocSpace objects, 0(0B) LOS objects, 37% free, 26MB/42MB, paused 360us total 33.183ms
08-03 23:11:47.543 12155 12166 I art     : Starting a blocking GC Explicit
08-03 23:11:47.578 12155 12166 I art     : Explicit concurrent mark sweep GC freed 3(96B) AllocSpace objects, 0(0B) LOS objects, 37% free, 26MB/42MB, paused 390us total 33.998ms
08-03 23:11:47.590 12155 12166 I art     : Starting a blocking GC Explicit
08-03 23:11:47.624 12155 12166 I art     : Explicit concurrent mark sweep GC freed 3(96B) AllocSpace objects, 0(0B) LOS objects, 37% free, 26MB/42MB, paused 361us total 33.184ms
08-03 23:11:47.636 12155 12166 I art     : Starting a blocking GC Explicit
08-03 23:11:47.670 12155 12166 I art     : Explicit concurrent mark sweep GC freed 3(96B) AllocSpace objects, 0(0B) LOS objects, 37% free, 26MB/42MB, paused 369us total 33.981ms
08-03 23:11:47.980 12155 12381 I art     : Starting a blocking GC Explicit
08-03 23:11:48.023 12155 12381 I art     : Explicit concurrent mark sweep GC freed 1293(75KB) AllocSpace objects, 1(20KB) LOS objects, 37% free, 26MB/42MB, paused 352us total 42.729ms
08-03 23:11:48.036 12155 12381 I art     : Starting a blocking GC Explicit
08-03 23:11:48.067 12155 12381 I art     : Explicit concurrent mark sweep GC freed 18(624B) AllocSpace objects, 0(0B) LOS objects, 37% free, 26MB/42MB, paused 376us total 31.010ms
08-03 23:11:48.079 12155 12381 I art     : Starting a blocking GC Explicit
08-03 23:11:48.110 12155 12381 I art     : Explicit concurrent mark sweep GC freed 3(96B) AllocSpace objects, 0(0B) LOS objects, 37% free, 26MB/42MB, paused 378us total 31.225ms
08-03 23:11:48.122 12155 12381 I art     : Starting a blocking GC Explicit
08-03 23:11:48.154 12155 12381 I art     : Explicit concurrent mark sweep GC freed 3(96B) AllocSpace objects, 0(0B) LOS objects, 37% free, 26MB/42MB, paused 378us total 32.311ms
08-03 23:11:48.167 12155 12381 I art     : Starting a blocking GC Explicit
08-03 23:11:48.200 12155 12381 I art     : Explicit concurrent mark sweep GC freed 3(96B) AllocSpace objects, 0(0B) LOS objects, 37% free, 26MB/42MB, paused 366us total 32.657ms
08-03 23:11:48.453 13565 13565 D AndroidRuntime: >>>>>> START com.android.internal.os.RuntimeInit uid 2000 <<<<<<
08-03 23:11:48.458 13565 13565 D AndroidRuntime: CheckJNI is OFF
08-03 23:11:48.492 12155 12167 I art     : Starting a blocking GC Explicit
08-03 23:11:48.492 13565 13565 D ICU     : No timezone override file found: /data/misc/zoneinfo/current/icu/icu_tzdata.dat
08-03 23:11:48.527 13565 13565 I Radio-JNI: register_android_hardware_Radio DONE
08-03 23:11:48.528 12155 12167 I art     : Explicit concurrent mark sweep GC freed 1304(75KB) AllocSpace objects, 1(20KB) LOS objects, 37% free, 26MB/42MB, paused 603us total 36.119ms
08-03 23:11:48.542 12155 12167 I art     : Starting a blocking GC Explicit
08-03 23:11:48.552 13565 13565 D AndroidRuntime: Calling main entry com.android.commands.input.Input
08-03 23:11:48.554 13565 13565 I Input   : injectMotionEvent: MotionEvent { action=ACTION_DOWN, actionButton=0, id[0]=0, x[0]=436.0, y[0]=1770.0, toolType[0]=TOOL_TYPE_UNKNOWN, buttonState=0, metaState=0, flags=0x0, edgeFlags=0x0, pointerCount=1, historySize=0, eventTime=659524967, downTime=659524967, deviceId=0, source=0x1002 }
08-03 23:11:48.558 13565 13565 I Input   : injectMotionEvent: MotionEvent { action=ACTION_UP, actionButton=0, id[0]=0, x[0]=436.0, y[0]=1770.0, toolType[0]=TOOL_TYPE_UNKNOWN, buttonState=0, metaState=0, flags=0x0, edgeFlags=0x0, pointerCount=1, historySize=0, eventTime=659524967, downTime=659524967, deviceId=0, source=0x1002 }
08-03 23:11:48.563 13565 13565 D AndroidRuntime: Shutting down VM
08-03 23:11:48.574 12155 12167 I art     : Explicit concurrent mark sweep GC freed 29(944B) AllocSpace objects, 0(0B) LOS objects, 37% free, 26MB/42MB, paused 380us total 31.917ms
08-03 23:11:48.586 12155 12155 D MainActivity: NavigationItemSelected: Courses
08-03 23:11:48.587   918  3714 I ActivityManager: START u0 {cmp=baseline.com.ak.uobtimetable/.CourseListActivity} from uid 10659 on display 0
08-03 23:11:48.588   512  2967 D audio_hw_primary: out_set_parameters: enter: usecase(1: low-latency-playback) kvpairs: routing=2
08-03 23:11:48.589 12155 12167 I art     : Starting a blocking GC Explicit
08-03 23:11:48.601   512  2967 D audio_hw_primary: select_devices: out_snd_device(2: speaker) in_snd_device(0: none)
08-03 23:11:48.601   512  2967 D msm8974_platform: platform_send_audio_calibration: sending audio calibration for snd_device(2) acdb_id(15)
08-03 23:11:48.601   512  2967 I soundtrigger: audio_extn_sound_trigger_update_device_status: device 0x2 of type 0 for Event 1
08-03 23:11:48.606 12155 12155 D MainActivity: OnPause
08-03 23:11:48.610   512  2967 D audio_hw_primary: enable_snd_device: snd_device(2: speaker)
08-03 23:11:48.613   512  2967 D audio_hw_primary: enable_audio_route: apply and update mixer path: low-latency-playback speaker
08-03 23:11:48.622 12155 12167 I art     : Explicit concurrent mark sweep GC freed 390(16KB) AllocSpace objects, 0(0B) LOS objects, 37% free, 26MB/42MB, paused 741us total 31.919ms
08-03 23:11:48.633 12155 12167 I art     : Starting a blocking GC Explicit
08-03 23:11:48.638 12155 12155 D CourseListActivity: onCreate
08-03 23:11:48.640 12155 13588 D HTTP    : Request for: https://uob-timetable-api.adriankeenan.co.uk/courses
08-03 23:11:48.665 12155 12167 I art     : Explicit concurrent mark sweep GC freed 2156(124KB) AllocSpace objects, 0(0B) LOS objects, 37% free, 26MB/42MB, paused 486us total 31.772ms
08-03 23:11:48.677 12155 12167 I art     : Starting a blocking GC Explicit
08-03 23:11:48.698 13866 13866 I GoogleInputMethodServic: GoogleInputMethodService.onFinishInput():3138 
08-03 23:11:48.699   918   936 I ActivityManager: Displayed baseline.com.ak.uobtimetable/.CourseListActivity: +92ms
08-03 23:11:48.699 13866 13866 I GoogleInputMethodServic: GoogleInputMethodService.onStartInput():1808 
08-03 23:11:48.710 12155 12167 I art     : Explicit concurrent mark sweep GC freed 659(33KB) AllocSpace objects, 0(0B) LOS objects, 37% free, 26MB/42MB, paused 596us total 33.266ms
08-03 23:11:48.871 12155 13588 I NAPPA_EXPERIMENTATION: MetricNetworkRequestExecutionTime: REQUEST_DURATION_SYSTEM='231',REQUEST_DURATION_OKHTTP='35',REQUEST_SYNCHRONOUS='TRUE',RESPONSE_CODE='200',RESPONSE_METHOD='GET',RESPONSE_LENGTH_OKHTTP='-1',RESPONSE_LENGTH_HEADER='-2',REQUEST_PROTOCOL='http/1.1',REQUEST_URL='https://uob-timetable-api.adriankeenan.co.uk/courses',
08-03 23:11:48.973 12155 12166 I art     : Starting a blocking GC Explicit
08-03 23:11:49.006 12155 12166 I art     : Explicit concurrent mark sweep GC freed 4006(226KB) AllocSpace objects, 4(220KB) LOS objects, 31% free, 35MB/51MB, paused 629us total 33.142ms
08-03 23:11:49.020 12155 12166 I art     : Starting a blocking GC Explicit
08-03 23:11:49.051 12155 12166 I art     : Explicit concurrent mark sweep GC freed 963(116KB) AllocSpace objects, 0(0B) LOS objects, 29% free, 37MB/53MB, paused 492us total 31.239ms
08-03 23:11:49.060 12155 12155 D MainActivity: Saving state
08-03 23:11:49.061 12155 12155 D MainActivity: Saving current fragment: SessionListsFragment
08-03 23:11:49.061 12155 12155 D MainActivity: Saving current index: 1
08-03 23:11:49.062 12155 12155 D SessionListsFragment: Saving state
08-03 23:11:49.065 12155 12166 I art     : Starting a blocking GC Explicit
08-03 23:11:49.100 12155 12166 I art     : Explicit concurrent mark sweep GC freed 2106(11MB) AllocSpace objects, 0(0B) LOS objects, 24% free, 48MB/64MB, paused 396us total 34.381ms
08-03 23:11:49.111 12155 12166 I art     : Starting a blocking GC Explicit
08-03 23:11:49.141 12155 12166 I art     : Explicit concurrent mark sweep GC freed 33(13KB) AllocSpace objects, 0(0B) LOS objects, 24% free, 48MB/64MB, paused 406us total 29.647ms
08-03 23:11:49.152 12155 12166 I art     : Starting a blocking GC Explicit
08-03 23:11:49.158   512  2967 D audio_hw_primary: disable_audio_route: reset and update mixer path: low-latency-playback speaker
08-03 23:11:49.159   512  2967 D audio_hw_primary: disable_snd_device: snd_device(2: speaker)
08-03 23:11:49.167   512  2967 I soundtrigger: audio_extn_sound_trigger_update_device_status: device 0x2 of type 0 for Event 0
08-03 23:11:49.182 12155 12166 I art     : Explicit concurrent mark sweep GC freed 28(1088B) AllocSpace objects, 0(0B) LOS objects, 24% free, 48MB/64MB, paused 463us total 29.758ms
08-03 23:11:49.257 12155 13588 I HTTP    : Response was compressed.
08-03 23:11:49.457 12155 12166 I art     : Starting a blocking GC Explicit
08-03 23:11:49.498 12155 12166 I art     : Explicit concurrent mark sweep GC freed 66184(3MB) AllocSpace objects, 0(0B) LOS objects, 27% free, 42MB/58MB, paused 609us total 40.398ms
08-03 23:11:49.512 12155 12166 I art     : Starting a blocking GC Explicit
08-03 23:11:49.548 12155 12166 I art     : Explicit concurrent mark sweep GC freed 28787(1357KB) AllocSpace objects, 0(0B) LOS objects, 27% free, 42MB/58MB, paused 673us total 35.646ms
08-03 23:11:49.561 12155 12166 I art     : Starting a blocking GC Explicit
08-03 23:11:49.599 12155 12166 I art     : Explicit concurrent mark sweep GC freed 27504(1289KB) AllocSpace objects, 0(0B) LOS objects, 27% free, 42MB/58MB, paused 745us total 38ms
08-03 23:11:49.611 12155 12166 I art     : Starting a blocking GC Explicit
08-03 23:11:49.650 12155 12166 I art     : Explicit concurrent mark sweep GC freed 27504(1293KB) AllocSpace objects, 0(0B) LOS objects, 27% free, 43MB/59MB, paused 781us total 38.699ms
08-03 23:11:49.663 12155 12166 I art     : Starting a blocking GC Explicit
08-03 23:11:49.702 12155 12166 I art     : Explicit concurrent mark sweep GC freed 28023(1318KB) AllocSpace objects, 0(0B) LOS objects, 26% free, 43MB/59MB, paused 797us total 38.990ms
08-03 23:11:49.994 12155 12381 I art     : Starting a blocking GC Explicit
08-03 23:11:50.052 12155 12381 I art     : Explicit concurrent mark sweep GC freed 178275(8MB) AllocSpace objects, 1(20KB) LOS objects, 26% free, 44MB/60MB, paused 720us total 57.620ms
08-03 23:11:50.068 12155 12381 I art     : Starting a blocking GC Explicit
08-03 23:11:50.111 12155 12381 I art     : Explicit concurrent mark sweep GC freed 37122(1763KB) AllocSpace objects, 0(0B) LOS objects, 26% free, 44MB/60MB, paused 801us total 42.852ms
08-03 23:11:50.125 12155 12381 I art     : Starting a blocking GC Explicit
08-03 23:11:50.169 12155 12381 I art     : Explicit concurrent mark sweep GC freed 31662(1487KB) AllocSpace objects, 0(0B) LOS objects, 26% free, 45MB/61MB, paused 859us total 43.703ms
08-03 23:11:50.183 12155 12381 I art     : Starting a blocking GC Explicit
08-03 23:11:50.228 12155 12381 I art     : Explicit concurrent mark sweep GC freed 31665(1483KB) AllocSpace objects, 0(0B) LOS objects, 26% free, 45MB/61MB, paused 895us total 45.268ms
08-03 23:11:50.242 12155 12381 I art     : Starting a blocking GC Explicit
08-03 23:11:50.286 12155 12381 I art     : Explicit concurrent mark sweep GC freed 31438(1468KB) AllocSpace objects, 0(0B) LOS objects, 25% free, 45MB/61MB, paused 889us total 43.888ms
08-03 23:11:50.593 12155 12166 I art     : Starting a blocking GC Explicit
08-03 23:11:50.658 12155 12166 I art     : Explicit concurrent mark sweep GC freed 189250(8MB) AllocSpace objects, 1(20KB) LOS objects, 25% free, 47MB/63MB, paused 811us total 64.780ms
08-03 23:11:50.674 12155 12166 I art     : Starting a blocking GC Explicit
08-03 23:11:50.722 12155 12166 I art     : Explicit concurrent mark sweep GC freed 41399(1940KB) AllocSpace objects, 0(0B) LOS objects, 25% free, 47MB/63MB, paused 986us total 47.883ms
08-03 23:11:50.737 12155 12166 I art     : Starting a blocking GC Explicit
08-03 23:11:50.785 12155 12166 I art     : Explicit concurrent mark sweep GC freed 34339(1614KB) AllocSpace objects, 0(0B) LOS objects, 25% free, 47MB/63MB, paused 947us total 48.062ms
08-03 23:11:50.800 12155 12166 I art     : Starting a blocking GC Explicit
08-03 23:11:50.851 12155 12166 I art     : Explicit concurrent mark sweep GC freed 34780(1638KB) AllocSpace objects, 0(0B) LOS objects, 25% free, 47MB/63MB, paused 1.005ms total 50.198ms
08-03 23:11:50.867 12155 12166 I art     : Starting a blocking GC Explicit
08-03 23:11:50.918 12155 12166 I art     : Explicit concurrent mark sweep GC freed 35111(1655KB) AllocSpace objects, 0(0B) LOS objects, 24% free, 48MB/64MB, paused 1.028ms total 50.939ms
08-03 23:11:51.218 12155 12167 I art     : Starting a blocking GC Explicit
08-03 23:11:51.289 12155 12167 I art     : Explicit concurrent mark sweep GC freed 183255(8MB) AllocSpace objects, 1(20KB) LOS objects, 24% free, 49MB/65MB, paused 966us total 70.645ms
08-03 23:11:51.307 12155 12167 I art     : Starting a blocking GC Explicit
08-03 23:11:51.362 12155 12167 I art     : Explicit concurrent mark sweep GC freed 43998(2MB) AllocSpace objects, 0(0B) LOS objects, 24% free, 49MB/65MB, paused 1.007ms total 54.993ms
08-03 23:11:51.378 12155 12167 I art     : Starting a blocking GC Explicit
08-03 23:11:51.436 12155 12167 I art     : Explicit concurrent mark sweep GC freed 39848(1859KB) AllocSpace objects, 0(0B) LOS objects, 24% free, 50MB/66MB, paused 1.142ms total 57.052ms
08-03 23:11:51.453 12155 12167 I art     : Starting a blocking GC Explicit
08-03 23:11:51.511 12155 12167 I art     : Explicit concurrent mark sweep GC freed 38976(1821KB) AllocSpace objects, 0(0B) LOS objects, 24% free, 50MB/66MB, paused 1.180ms total 57.376ms
08-03 23:11:51.527 12155 12167 I art     : Starting a blocking GC Explicit
08-03 23:11:51.586 12155 12167 I art     : Explicit concurrent mark sweep GC freed 39130(1828KB) AllocSpace objects, 0(0B) LOS objects, 24% free, 50MB/66MB, paused 1.161ms total 57.896ms
08-03 23:11:51.890 12155 12378 I art     : Starting a blocking GC Explicit
08-03 23:11:51.968 12155 12378 I art     : Explicit concurrent mark sweep GC freed 192161(8MB) AllocSpace objects, 1(20KB) LOS objects, 23% free, 52MB/68MB, paused 1.191ms total 78.178ms
08-03 23:11:51.987 12155 12378 I art     : Starting a blocking GC Explicit
08-03 23:11:52.049 12155 12378 I art     : Explicit concurrent mark sweep GC freed 47369(2MB) AllocSpace objects, 0(0B) LOS objects, 23% free, 52MB/68MB, paused 1.199ms total 61.448ms
08-03 23:11:52.066 12155 12378 I art     : Starting a blocking GC Explicit
08-03 23:11:52.099 12155 13588 I Service : getCourses response time: 0.69
08-03 23:11:52.114 12155 12155 I SettingsManager: Getting string: savedCourse
08-03 23:11:52.127 12155 12378 I art     : Explicit concurrent mark sweep GC freed 31630(1530KB) AllocSpace objects, 0(0B) LOS objects, 23% free, 52MB/68MB, paused 952us total 60.017ms
08-03 23:11:52.144 12155 12378 I art     : Starting a blocking GC Explicit
08-03 23:11:52.203 12155 12378 I art     : Explicit concurrent mark sweep GC freed 1221(62KB) AllocSpace objects, 1(14MB) LOS objects, 29% free, 37MB/53MB, paused 736us total 58.828ms
08-03 23:11:52.216  8703  8705 E QC-QMI  : qmi_client [8703] 495: failed to locate client data
08-03 23:11:52.217   519   519 E QC-QMI  : qmuxd: RX on fd=18 returned error=0 errno[2:No such file or directory]
08-03 23:11:52.217   519   519 E QC-QMI  : QMUX qmux_client_id=495 not found in qmux client list, unable to remove
08-03 23:11:52.219  8703  8703 I Atfwd_Daemon: Stop the daemon....
08-03 23:11:52.221 12155 12378 I art     : Starting a blocking GC Explicit
08-03 23:11:52.269 13652 13652 W ATFWD-daemon: type=1400 audit(0.0:738484): avc: denied { read write } for name="diag" dev="tmpfs" ino=1296 scontext=u:r:atfwd:s0 tcontext=u:object_r:diag_device:s0 tclass=chr_file permissive=0
08-03 23:11:52.275 12155 12378 I art     : Explicit concurrent mark sweep GC freed 451(18KB) AllocSpace objects, 0(0B) LOS objects, 29% free, 37MB/53MB, paused 398us total 53.891ms
08-03 23:11:52.279 13652 13652 I libmdmdetect: ESOC framework not supported
08-03 23:11:52.279 13652 13652 I libmdmdetect: Found internal modem: modem
08-03 23:11:52.280 13652 13652 E Diag_Lib:  Diag_LSM_Init: Failed to open handle to diag driver, error = 13
08-03 23:11:52.285 13652 13652 I Atfwd_Daemon: result : 255 	 ,Init step :0 	 ,qmiErrorCode: 0
08-03 23:11:52.285 13652 13652 I Atfwd_Daemon: result : 0 	 ,Init step :1 	 ,qmiErrorCode: 0
08-03 23:11:52.286 13652 13652 I ServiceManager: Waiting for service AtCmdFwd...
08-03 23:11:52.364   918  3261 D WifiStateMachine: starting scan for "H369AA63323"WPA_PSK with 2412,5180
08-03 23:11:52.623 12155 12166 I art     : Starting a blocking GC Explicit
08-03 23:11:52.698 12155 12166 I art     : Explicit concurrent mark sweep GC freed 1936(135KB) AllocSpace objects, 1(20KB) LOS objects, 29% free, 37MB/53MB, paused 421us total 75.301ms
08-03 23:11:52.718 12155 12166 I art     : Starting a blocking GC Explicit
08-03 23:11:52.782 12155 12166 I art     : Explicit concurrent mark sweep GC freed 18(624B) AllocSpace objects, 0(0B) LOS objects, 29% free, 37MB/53MB, paused 387us total 63.625ms
08-03 23:11:52.802 12155 12166 I art     : Starting a blocking GC Explicit
08-03 23:11:52.864 12155 12166 I art     : Explicit concurrent mark sweep GC freed 3(96B) AllocSpace objects, 0(0B) LOS objects, 29% free, 37MB/53MB, paused 402us total 62.613ms
08-03 23:11:52.885 12155 12166 I art     : Starting a blocking GC Explicit
08-03 23:11:52.948 12155 12166 I art     : Explicit concurrent mark sweep GC freed 3(96B) AllocSpace objects, 0(0B) LOS objects, 29% free, 37MB/53MB, paused 403us total 63.418ms
08-03 23:11:52.969 12155 12166 I art     : Starting a blocking GC Explicit
08-03 23:11:53.033 12155 12166 I art     : Explicit concurrent mark sweep GC freed 3(96B) AllocSpace objects, 0(0B) LOS objects, 29% free, 37MB/53MB, paused 434us total 63.640ms
08-03 23:11:53.287 13652 13652 I ServiceManager: Waiting for service AtCmdFwd...
08-03 23:11:53.363 12155 12167 I art     : Starting a blocking GC Explicit
08-03 23:11:53.440 12155 12167 I art     : Explicit concurrent mark sweep GC freed 1293(75KB) AllocSpace objects, 1(20KB) LOS objects, 29% free, 37MB/53MB, paused 416us total 77.127ms
08-03 23:11:53.460 12155 12167 I art     : Starting a blocking GC Explicit
08-03 23:11:53.524 12155 12167 I art     : Explicit concurrent mark sweep GC freed 18(624B) AllocSpace objects, 0(0B) LOS objects, 29% free, 37MB/53MB, paused 486us total 63.481ms
08-03 23:11:53.544 12155 12167 I art     : Starting a blocking GC Explicit
08-03 23:11:53.607 12155 12167 I art     : Explicit concurrent mark sweep GC freed 3(96B) AllocSpace objects, 0(0B) LOS objects, 29% free, 37MB/53MB, paused 479us total 62.734ms
08-03 23:11:53.628 12155 12167 I art     : Starting a blocking GC Explicit
08-03 23:11:53.691 12155 12167 I art     : Explicit concurrent mark sweep GC freed 3(96B) AllocSpace objects, 0(0B) LOS objects, 29% free, 37MB/53MB, paused 413us total 63.104ms
08-03 23:11:53.711 12155 12167 I art     : Starting a blocking GC Explicit
08-03 23:11:53.776 12155 12167 I art     : Explicit concurrent mark sweep GC freed 5(192B) AllocSpace objects, 0(0B) LOS objects, 29% free, 37MB/53MB, paused 501us total 64.384ms
08-03 23:11:54.121 12155 12378 I art     : Starting a blocking GC Explicit
08-03 23:11:54.192 12155 12378 I art     : Explicit concurrent mark sweep GC freed 1294(75KB) AllocSpace objects, 1(20KB) LOS objects, 29% free, 37MB/53MB, paused 407us total 70.692ms
08-03 23:11:54.213 12155 12378 I art     : Starting a blocking GC Explicit
08-03 23:11:54.270 12155 12378 I art     : Explicit concurrent mark sweep GC freed 18(624B) AllocSpace objects, 0(0B) LOS objects, 29% free, 37MB/53MB, paused 414us total 57.623ms
08-03 23:11:54.287 13652 13652 I ServiceManager: Waiting for service AtCmdFwd...
08-03 23:11:54.290 12155 12378 I art     : Starting a blocking GC Explicit
08-03 23:11:54.353 12155 12378 I art     : Explicit concurrent mark sweep GC freed 3(96B) AllocSpace objects, 0(0B) LOS objects, 29% free, 37MB/53MB, paused 435us total 62.625ms
08-03 23:11:54.373 12155 12378 I art     : Starting a blocking GC Explicit
08-03 23:11:54.431 12155 12378 I art     : Explicit concurrent mark sweep GC freed 3(96B) AllocSpace objects, 0(0B) LOS objects, 29% free, 37MB/53MB, paused 385us total 57.208ms
08-03 23:11:54.451 12155 12378 I art     : Starting a blocking GC Explicit
08-03 23:11:54.513 12155 12378 I art     : Explicit concurrent mark sweep GC freed 3(96B) AllocSpace objects, 0(0B) LOS objects, 29% free, 37MB/53MB, paused 415us total 61.966ms
08-03 23:11:54.847 12155 12166 I art     : Starting a blocking GC Explicit
08-03 23:11:54.913 12155 12166 I art     : Explicit concurrent mark sweep GC freed 1293(75KB) AllocSpace objects, 1(20KB) LOS objects, 29% free, 37MB/53MB, paused 415us total 64.900ms
08-03 23:11:54.933 12155 12166 I art     : Starting a blocking GC Explicit
08-03 23:11:54.990 12155 12166 I art     : Explicit concurrent mark sweep GC freed 18(624B) AllocSpace objects, 0(0B) LOS objects, 29% free, 37MB/53MB, paused 394us total 57.640ms
08-03 23:11:55.010 12155 12166 I art     : Starting a blocking GC Explicit
08-03 23:11:55.070 12155 12166 I art     : Explicit concurrent mark sweep GC freed 3(96B) AllocSpace objects, 0(0B) LOS objects, 29% free, 37MB/53MB, paused 384us total 59.848ms
08-03 23:11:55.070 12155 12165 I art     : WaitForGcToComplete blocked for 18.080ms for cause HeapTrim
08-03 23:11:55.090 12155 12166 I art     : Starting a blocking GC Explicit
08-03 23:11:55.148 12155 12166 I art     : Explicit concurrent mark sweep GC freed 3(96B) AllocSpace objects, 0(0B) LOS objects, 29% free, 37MB/53MB, paused 431us total 57.964ms
08-03 23:11:55.167 12155 12166 I art     : Starting a blocking GC Explicit
08-03 23:11:55.222 13696 13696 D AndroidRuntime: >>>>>> START com.android.internal.os.RuntimeInit uid 2000 <<<<<<
08-03 23:11:55.224 12155 12166 I art     : Explicit concurrent mark sweep GC freed 3(96B) AllocSpace objects, 0(0B) LOS objects, 29% free, 37MB/53MB, paused 427us total 56.895ms
08-03 23:11:55.227 13696 13696 D AndroidRuntime: CheckJNI is OFF
08-03 23:11:55.261 13696 13696 D ICU     : No timezone override file found: /data/misc/zoneinfo/current/icu/icu_tzdata.dat
08-03 23:11:55.288 13652 13652 I ServiceManager: Waiting for service AtCmdFwd...
08-03 23:11:55.293 13696 13696 I Radio-JNI: register_android_hardware_Radio DONE
08-03 23:11:55.315 13696 13696 D AndroidRuntime: Calling main entry com.android.commands.input.Input
08-03 23:11:55.317 13696 13696 I Input   : injectMotionEvent: MotionEvent { action=ACTION_DOWN, actionButton=0, id[0]=0, x[0]=648.0, y[0]=709.0, toolType[0]=TOOL_TYPE_UNKNOWN, buttonState=0, metaState=0, flags=0x0, edgeFlags=0x0, pointerCount=1, historySize=0, eventTime=659531729, downTime=659531729, deviceId=0, source=0x1002 }
08-03 23:11:55.323 13696 13696 I Input   : injectMotionEvent: MotionEvent { action=ACTION_UP, actionButton=0, id[0]=0, x[0]=648.0, y[0]=709.0, toolType[0]=TOOL_TYPE_UNKNOWN, buttonState=0, metaState=0, flags=0x0, edgeFlags=0x0, pointerCount=1, historySize=0, eventTime=659531729, downTime=659531729, deviceId=0, source=0x1002 }
08-03 23:11:55.325 13696 13696 D AndroidRuntime: Shutting down VM
08-03 23:11:55.392   512  2967 D audio_hw_primary: out_set_parameters: enter: usecase(1: low-latency-playback) kvpairs: routing=2
08-03 23:11:55.405   512  2967 D audio_hw_primary: select_devices: out_snd_device(2: speaker) in_snd_device(0: none)
08-03 23:11:55.406   512  2967 D msm8974_platform: platform_send_audio_calibration: sending audio calibration for snd_device(2) acdb_id(15)
08-03 23:11:55.406   512  2967 I soundtrigger: audio_extn_sound_trigger_update_device_status: device 0x2 of type 0 for Event 1
08-03 23:11:55.418   512  2967 D audio_hw_primary: enable_snd_device: snd_device(2: speaker)
08-03 23:11:55.420   512  2967 D audio_hw_primary: enable_audio_route: apply and update mixer path: low-latency-playback speaker
08-03 23:11:55.502 12155 12381 I art     : Starting a blocking GC Explicit
08-03 23:11:55.590 12155 12381 I art     : Explicit concurrent mark sweep GC freed 2060(133KB) AllocSpace objects, 2(40KB) LOS objects, 29% free, 37MB/53MB, paused 592us total 87.436ms
08-03 23:11:55.615 12155 12381 I art     : Starting a blocking GC Explicit
08-03 23:11:55.684 12155 12381 I art     : Explicit concurrent mark sweep GC freed 149(6KB) AllocSpace objects, 0(0B) LOS objects, 29% free, 37MB/53MB, paused 378us total 69.055ms
08-03 23:11:55.709 12155 12381 I art     : Starting a blocking GC Explicit
08-03 23:11:55.779 12155 12381 I art     : Explicit concurrent mark sweep GC freed 3(96B) AllocSpace objects, 0(0B) LOS objects, 29% free, 37MB/53MB, paused 491us total 69.860ms
08-03 23:11:55.804 12155 12381 I art     : Starting a blocking GC Explicit
08-03 23:11:55.872 12155 12381 I art     : Explicit concurrent mark sweep GC freed 9(320B) AllocSpace objects, 0(0B) LOS objects, 29% free, 37MB/53MB, paused 437us total 68.221ms
08-03 23:11:55.899 12155 12381 I art     : Starting a blocking GC Explicit
08-03 23:11:55.960   512  2967 D audio_hw_primary: disable_audio_route: reset and update mixer path: low-latency-playback speaker
08-03 23:11:55.963   512  2967 D audio_hw_primary: disable_snd_device: snd_device(2: speaker)
08-03 23:11:55.970 12155 12381 I art     : Explicit concurrent mark sweep GC freed 5(160B) AllocSpace objects, 0(0B) LOS objects, 29% free, 37MB/53MB, paused 363us total 70.613ms
08-03 23:11:55.973   512  2967 I soundtrigger: audio_extn_sound_trigger_update_device_status: device 0x2 of type 0 for Event 0
08-03 23:11:56.289 13652 13652 I ServiceManager: Waiting for service AtCmdFwd...
08-03 23:11:56.308 12155 12378 I art     : Starting a blocking GC Explicit
08-03 23:11:56.390 12155 12378 I art     : Explicit concurrent mark sweep GC freed 1293(75KB) AllocSpace objects, 1(20KB) LOS objects, 29% free, 37MB/53MB, paused 426us total 81.086ms
08-03 23:11:56.410 12155 12378 I art     : Starting a blocking GC Explicit
08-03 23:11:56.474 12155 12378 I art     : Explicit concurrent mark sweep GC freed 22(752B) AllocSpace objects, 0(0B) LOS objects, 29% free, 37MB/53MB, paused 408us total 63.861ms
08-03 23:11:56.495 12155 12378 I art     : Starting a blocking GC Explicit
08-03 23:11:56.559 12155 12378 I art     : Explicit concurrent mark sweep GC freed 3(96B) AllocSpace objects, 0(0B) LOS objects, 29% free, 37MB/53MB, paused 396us total 63.459ms
08-03 23:11:56.578 12155 12378 I art     : Starting a blocking GC Explicit
08-03 23:11:56.635 12155 12378 I art     : Explicit concurrent mark sweep GC freed 3(96B) AllocSpace objects, 0(0B) LOS objects, 29% free, 37MB/53MB, paused 400us total 56.537ms
08-03 23:11:56.653 12155 12378 I art     : Starting a blocking GC Explicit
08-03 23:11:56.709 12155 12378 I art     : Explicit concurrent mark sweep GC freed 3(96B) AllocSpace objects, 0(0B) LOS objects, 29% free, 37MB/53MB, paused 390us total 55.903ms
08-03 23:11:56.959 13729 13729 D AndroidRuntime: >>>>>> START com.android.internal.os.RuntimeInit uid 2000 <<<<<<
08-03 23:11:56.964 13729 13729 D AndroidRuntime: CheckJNI is OFF
08-03 23:11:56.999 13729 13729 D ICU     : No timezone override file found: /data/misc/zoneinfo/current/icu/icu_tzdata.dat
08-03 23:11:57.014 12155 12381 I art     : Starting a blocking GC Explicit
08-03 23:11:57.033 13729 13729 I Radio-JNI: register_android_hardware_Radio DONE
08-03 23:11:57.059 13729 13729 D AndroidRuntime: Calling main entry com.android.commands.input.Input
08-03 23:11:57.061 13729 13729 I Input   : injectMotionEvent: MotionEvent { action=ACTION_DOWN, actionButton=0, id[0]=0, x[0]=1197.0, y[0]=1456.0, toolType[0]=TOOL_TYPE_UNKNOWN, buttonState=0, metaState=0, flags=0x0, edgeFlags=0x0, pointerCount=1, historySize=0, eventTime=659533474, downTime=659533474, deviceId=0, source=0x1002 }
08-03 23:11:57.069 13729 13729 I Input   : injectMotionEvent: MotionEvent { action=ACTION_UP, actionButton=0, id[0]=0, x[0]=1197.0, y[0]=1456.0, toolType[0]=TOOL_TYPE_UNKNOWN, buttonState=0, metaState=0, flags=0x0, edgeFlags=0x0, pointerCount=1, historySize=0, eventTime=659533474, downTime=659533474, deviceId=0, source=0x1002 }
08-03 23:11:57.072 13729 13729 D AndroidRuntime: Shutting down VM
08-03 23:11:57.090   512  2967 D audio_hw_primary: out_set_parameters: enter: usecase(1: low-latency-playback) kvpairs: routing=2
08-03 23:11:57.094 12155 12381 I art     : Explicit concurrent mark sweep GC freed 1308(76KB) AllocSpace objects, 1(20KB) LOS objects, 29% free, 37MB/53MB, paused 433us total 80.318ms
08-03 23:11:57.103   512  2967 D audio_hw_primary: select_devices: out_snd_device(2: speaker) in_snd_device(0: none)
08-03 23:11:57.103   512  2967 D msm8974_platform: platform_send_audio_calibration: sending audio calibration for snd_device(2) acdb_id(15)
08-03 23:11:57.103   512  2967 I soundtrigger: audio_extn_sound_trigger_update_device_status: device 0x2 of type 0 for Event 1
08-03 23:11:57.113   512  2967 D audio_hw_primary: enable_snd_device: snd_device(2: speaker)
08-03 23:11:57.115   512  2967 D audio_hw_primary: enable_audio_route: apply and update mixer path: low-latency-playback speaker
08-03 23:11:57.116 12155 12381 I art     : Starting a blocking GC Explicit
08-03 23:11:57.144 12155 12170 D OpenGLRenderer: endAllStagingAnimators on 0x7f995c3400 (RippleDrawable) with handle 0x7f7a41d0c0
08-03 23:11:57.149 12155 12155 I SettingsManager: Setting string: savedCourse
08-03 23:11:57.150   918  3961 W BackupManagerService: dataChanged but no participant pkg='baseline.com.ak.uobtimetable' uid=10659
08-03 23:11:57.150   918   928 I ActivityManager: START u0 {flg=0x4000000 cmp=baseline.com.ak.uobtimetable/.MainActivity (has extras)} from uid 10659 on display 0
08-03 23:11:57.163   918  3359 W InputMethodManagerService: Focus gain on non-focused client com.android.internal.view.IInputMethodClient$Stub$Proxy@956dcc1 (uid=10659 pid=12155)
08-03 23:11:57.173 12155 12155 D MainActivity: OnDestroy
08-03 23:11:57.177 12155 12381 I art     : Explicit concurrent mark sweep GC freed 5081(234KB) AllocSpace objects, 0(0B) LOS objects, 29% free, 37MB/53MB, paused 705us total 60.474ms
08-03 23:11:57.196 12155 12381 I art     : Starting a blocking GC Explicit
08-03 23:11:57.199 12155 12155 D MainActivity: onCreate
08-03 23:11:57.200 12155 12155 I SettingsManager: Getting string: savedSessions
08-03 23:11:57.200 12155 12155 I SettingsManager: Getting string: savedSessions
08-03 23:11:57.208 12155 12155 I SettingsManager: Getting string: savedSessionsCourseName
08-03 23:11:57.208 12155 12155 I SettingsManager: Getting string: savedSessionsCourseName
08-03 23:11:57.208 12155 12155 I SettingsManager: Getting string: savedSessionsDateRange
08-03 23:11:57.208 12155 12155 I SettingsManager: Getting string: savedSessionsDateRange
08-03 23:11:57.208 12155 12155 I Settings: 15 saved sessions - Artificial Intelligence and Robotics (with Foundation Year) - BSc (Hons) - Ltn - Y0 Feb FT - Weeks: 24-38 (8 Jun 2020-20 Sep 2020)
08-03 23:11:57.240 12155 12155 I SettingsManager: Getting string: savedCourse
08-03 23:11:57.241 12155 12155 D MainActivity: sessionListFragmentArg: updateSessions
08-03 23:11:57.241 12155 12155 D MainActivity: showTermDatesConfigChange: false
08-03 23:11:57.241 12155 12155 D MainActivity: showTermDatesShortcut: false
08-03 23:11:57.242 12155 12155 D MainActivity: Setting initial fragment: SessionListsFragment
08-03 23:11:57.242 12155 12155 I SettingsManager: Getting int: launchCount
08-03 23:11:57.243 12155 12155 D SessionListsFragment: onCreateView
08-03 23:11:57.247 12155 12155 I SettingsManager: Getting string: savedCourse
08-03 23:11:57.250 12155 12155 I SettingsManager: Getting string: savedSessions
08-03 23:11:57.260 12155 12155 D SessionListsFragment: loadArgument: updateSessions
08-03 23:11:57.260 12155 12155 D SessionListsFragment: initialIndex: -1
08-03 23:11:57.262 12155 13753 D HTTP    : Request for: https://uob-timetable-api.adriankeenan.co.uk/sessions?dept=CM010&course=BSAIFAAF%2F02AA%2F0%2FFT&level=Foundation+Year
08-03 23:11:57.263 12155 12381 I art     : Explicit concurrent mark sweep GC freed 13886(649KB) AllocSpace objects, 2(1340KB) LOS objects, 29% free, 37MB/53MB, paused 1.485ms total 66.752ms
08-03 23:11:57.275 12155 12155 D TermDatesFragment: WebView loaded
08-03 23:11:57.275 12155 12155 D MainActivity: OnResume
08-03 23:11:57.283 12155 12381 I art     : Starting a blocking GC Explicit
08-03 23:11:57.288 12155 12155 I TermDatesFragment: Webview load %: 10
08-03 23:11:57.289 13652 13652 W Atfwd_Sendcmd: AtCmdFwd service not published, waiting... retryCnt : 1
08-03 23:11:57.342 12155 12381 I art     : Explicit concurrent mark sweep GC freed 3756(196KB) AllocSpace objects, 1(40KB) LOS objects, 29% free, 37MB/53MB, paused 546us total 58.781ms
08-03 23:11:57.361 12155 12381 I art     : Starting a blocking GC Explicit
08-03 23:11:57.382   918   936 I ActivityManager: Displayed baseline.com.ak.uobtimetable/.MainActivity: +219ms
08-03 23:11:57.383 13866 13866 I GoogleInputMethodServic: GoogleInputMethodService.onFinishInput():3138 
08-03 23:11:57.383 13866 13866 I GoogleInputMethodServic: GoogleInputMethodService.onStartInput():1808 
08-03 23:11:57.412 12155 12381 I art     : Explicit concurrent mark sweep GC freed 38007(1668KB) AllocSpace objects, 5(192KB) LOS objects, 30% free, 36MB/52MB, paused 586us total 50.792ms
08-03 23:11:57.465 12155 12155 I TermDatesFragment: Webview load %: 70
08-03 23:11:57.473 12155 12155 I TermDatesFragment: Webview load %: 100
08-03 23:11:57.474 12155 12155 I TermDatesFragment: Webview load %: 100
08-03 23:11:57.475 12155 13753 I NAPPA_EXPERIMENTATION: MetricNetworkRequestExecutionTime: REQUEST_DURATION_SYSTEM='212',REQUEST_DURATION_OKHTTP='26',REQUEST_SYNCHRONOUS='TRUE',RESPONSE_CODE='200',RESPONSE_METHOD='GET',RESPONSE_LENGTH_OKHTTP='-1',RESPONSE_LENGTH_HEADER='1214',REQUEST_PROTOCOL='http/1.1',REQUEST_URL='https://uob-timetable-api.adriankeenan.co.uk/sessions?dept=CM010&course=BSAIFAAF%2F02AA%2F0%2FFT&level=Foundation+Year',
08-03 23:11:57.510 12155 13753 I HTTP    : Response was compressed.
08-03 23:11:57.524 12155 13753 I Service : getSessions response time: 1.10
08-03 23:11:57.524 12155 12155 I SettingsManager: Getting string: savedSessions
08-03 23:11:57.525 12155 12155 I SettingsManager: Getting string: savedSessions
08-03 23:11:57.537 12155 12155 I Service : Sessions updated: 15
08-03 23:11:57.538 12155 12155 I Service : Sessions removed from new list: 0
08-03 23:11:57.549 12155 12155 I SettingsManager: Setting string: savedSessions
08-03 23:11:57.549   918   928 W BackupManagerService: dataChanged but no participant pkg='baseline.com.ak.uobtimetable' uid=10659
08-03 23:11:57.550 12155 12155 I SettingsManager: Setting date: savedSessionsTime
08-03 23:11:57.560   918  5481 W BackupManagerService: dataChanged but no participant pkg='baseline.com.ak.uobtimetable' uid=10659
08-03 23:11:57.561 12155 12155 I SettingsManager: Setting string: savedSessionsCourseName
08-03 23:11:57.561   918  3359 W BackupManagerService: dataChanged but no participant pkg='baseline.com.ak.uobtimetable' uid=10659
08-03 23:11:57.562 12155 12155 I SettingsManager: Setting string: savedSessionsDateRange
08-03 23:11:57.562   918  3696 W BackupManagerService: dataChanged but no participant pkg='baseline.com.ak.uobtimetable' uid=10659
08-03 23:11:57.562 12155 12155 I SettingsManager: Setting string: timetableUrl
08-03 23:11:57.562   918  3714 W BackupManagerService: dataChanged but no participant pkg='baseline.com.ak.uobtimetable' uid=10659
08-03 23:11:57.563 12155 12155 I SettingsManager: Getting boolean: notifySessionRemindersEnabled
08-03 23:11:57.563 12155 12155 I SettingsManager: Getting int: notifySessionRemindersMinutes
08-03 23:11:57.563 12155 12155 I SettingsManager: Getting boolean: showHiddenSessions
08-03 23:11:57.565 12155 12155 I SessionReminderNotifier: Created session reminder alarm for f7b4771250a919bd729c1c5a4a459c77 at Mon 08:30:00 10/08/20
08-03 23:11:57.567 12155 12155 I SessionReminderNotifier: Created session reminder alarm for a7f879aabdeb78622c8820a5fb7b64cd at Tue 08:30:00 04/08/20
08-03 23:11:57.569 12155 12155 I SessionReminderNotifier: Created session reminder alarm for 7bc8d7e2c2055711f597c3d9078c6ea3 at Tue 08:30:00 04/08/20
08-03 23:11:57.571 12155 12155 I SessionReminderNotifier: Created session reminder alarm for 53c0527a6f009a1f2fd223834d3bfe51 at Tue 10:30:00 04/08/20
08-03 23:11:57.573 12155 12155 I SessionReminderNotifier: Created session reminder alarm for e0fc978b5db8218778540b4053344581 at Tue 11:00:00 04/08/20
08-03 23:11:57.575 12155 12155 I SessionReminderNotifier: Created session reminder alarm for 199afb0100f329ff65a09e1b0cd9deba at Tue 11:30:00 04/08/20
08-03 23:11:57.578 12155 12155 I SessionReminderNotifier: Created session reminder alarm for 21712fef61090882c855a1425543edb5 at Tue 13:30:00 04/08/20
08-03 23:11:57.580 12155 12155 I SessionReminderNotifier: Created session reminder alarm for 65ca4d97f031f29a4d02bbb45a705d8f at Wed 08:30:00 05/08/20
08-03 23:11:57.581 12155 12155 I SessionReminderNotifier: Created session reminder alarm for eeda7741b0bcab58fd9f46dc6ef1d942 at Wed 08:30:00 05/08/20
08-03 23:11:57.583 12155 12155 I SessionReminderNotifier: Created session reminder alarm for c276c1b2075a0beb67f1b3d1e580f920 at Wed 11:00:00 05/08/20
08-03 23:11:57.584 12155 12155 I SessionReminderNotifier: Created session reminder alarm for 8b1f3627e42ae13a6f6ba0a83903dde1 at Wed 13:30:00 05/08/20
08-03 23:11:57.585 12155 12155 I SessionReminderNotifier: Created session reminder alarm for 79fe0b5c3b887a13ba29db5a33fa2800 at Thu 08:30:00 06/08/20
08-03 23:11:57.587 12155 12155 I SessionReminderNotifier: Created session reminder alarm for cb9dfc8231cdba2be0835dc5709690e1 at Thu 08:30:00 06/08/20
08-03 23:11:57.615 12155 12155 I SessionReminderNotifier: Created session reminder alarm for f850dc24d6de60b7b89fa9e1a8c224c5 at Thu 12:00:00 06/08/20
08-03 23:11:57.617 12155 12155 I SessionReminderNotifier: Created session reminder alarm for 2ba1034116e4fffdd592dbf0796a43d5 at Fri 08:30:00 07/08/20
08-03 23:11:57.617 12155 12155 I SettingsManager: Getting boolean: showHiddenSessions
08-03 23:11:57.617 12155 12155 D SessionListsFragment: 1 sessions for day 0
08-03 23:11:57.617 12155 12155 D SessionListsFragment: 6 sessions for day 1
08-03 23:11:57.617 12155 12155 D SessionListsFragment: 4 sessions for day 2
08-03 23:11:57.617 12155 12155 D SessionListsFragment: 3 sessions for day 3
08-03 23:11:57.617 12155 12155 D SessionListsFragment: 1 sessions for day 4
08-03 23:11:57.655 12155 12155 I SettingsManager: Getting boolean: showHiddenSessions
08-03 23:11:57.656 12155 12155 D SessionListsFragment: Refreshed ViewPager
08-03 23:11:57.656 12155 12155 I SettingsManager: Getting boolean: showHiddenSessions
08-03 23:11:57.656 12155 12155 I SettingsManager: Getting boolean: completedTutorial
08-03 23:11:57.656 12155 12155 I SettingsManager: Getting boolean: showHiddenSessions
08-03 23:11:57.656 12155 12155 I SettingsManager: Getting date: savedSessionsTime
08-03 23:11:57.658   512  2967 D audio_hw_primary: disable_audio_route: reset and update mixer path: low-latency-playback speaker
08-03 23:11:57.659   512  2967 D audio_hw_primary: disable_snd_device: snd_device(2: speaker)
08-03 23:11:57.667   512  2967 I soundtrigger: audio_extn_sound_trigger_update_device_status: device 0x2 of type 0 for Event 0
08-03 23:11:57.699 12155 12167 I art     : Starting a blocking GC Explicit
08-03 23:11:57.757 12155 12167 I art     : Explicit concurrent mark sweep GC freed 67490(2MB) AllocSpace objects, 7(272KB) LOS objects, 30% free, 36MB/52MB, paused 1.004ms total 58.063ms
08-03 23:11:57.775 12155 12167 I art     : Starting a blocking GC Explicit
08-03 23:11:57.783   918   927 I art     : Background partial concurrent mark sweep GC freed 44515(4MB) AllocSpace objects, 130(2MB) LOS objects, 18% free, 68MB/84MB, paused 2.545ms total 195.775ms
08-03 23:11:57.830 12155 12167 I art     : Explicit concurrent mark sweep GC freed 31416(1376KB) AllocSpace objects, 0(0B) LOS objects, 30% free, 36MB/52MB, paused 1.075ms total 54.793ms
08-03 23:11:57.847 12155 12167 I art     : Starting a blocking GC Explicit
08-03 23:11:57.904 12155 12167 I art     : Explicit concurrent mark sweep GC freed 28417(1177KB) AllocSpace objects, 0(0B) LOS objects, 30% free, 37MB/53MB, paused 1.756ms total 57.456ms
08-03 23:11:57.922 12155 12167 I art     : Starting a blocking GC Explicit
08-03 23:11:57.983 12155 12167 I art     : Explicit concurrent mark sweep GC freed 33981(1398KB) AllocSpace objects, 0(0B) LOS objects, 30% free, 37MB/53MB, paused 1.783ms total 61.658ms
08-03 23:11:58.002 12155 12167 I art     : Starting a blocking GC Explicit
08-03 23:11:58.064 12155 12167 I art     : Explicit concurrent mark sweep GC freed 35533(1455KB) AllocSpace objects, 0(0B) LOS objects, 29% free, 37MB/53MB, paused 1.834ms total 61.484ms
08-03 23:11:58.278 12155 12155 I Choreographer: Skipped 36 frames!  The application may be doing too much work on its main thread.
08-03 23:11:58.360 12155 12378 I art     : Starting a blocking GC Explicit
08-03 23:11:58.438 12155 12378 I art     : Explicit concurrent mark sweep GC freed 100078(3MB) AllocSpace objects, 1(20KB) LOS objects, 29% free, 37MB/53MB, paused 598us total 76.852ms
08-03 23:11:58.457 12155 12378 I art     : Starting a blocking GC Explicit
08-03 23:11:58.501 12155 12378 I art     : Explicit concurrent mark sweep GC freed 123812(11MB) AllocSpace objects, 3(136KB) LOS objects, 37% free, 26MB/42MB, paused 402us total 44.457ms
08-03 23:11:58.512 12155 12378 I art     : Starting a blocking GC Explicit
08-03 23:11:58.541 12155 12378 I art     : Explicit concurrent mark sweep GC freed 7(288B) AllocSpace objects, 0(0B) LOS objects, 37% free, 26MB/42MB, paused 365us total 28.258ms
08-03 23:11:58.552 12155 12378 I art     : Starting a blocking GC Explicit
08-03 23:11:58.581 12155 12378 I art     : Explicit concurrent mark sweep GC freed 222(10KB) AllocSpace objects, 0(0B) LOS objects, 37% free, 26MB/42MB, paused 371us total 28.765ms
08-03 23:11:58.592 12155 12378 I art     : Starting a blocking GC Explicit
08-03 23:11:58.621 12155 12378 I art     : Explicit concurrent mark sweep GC freed 3(96B) AllocSpace objects, 0(0B) LOS objects, 37% free, 26MB/42MB, paused 396us total 29.364ms
08-03 23:11:58.901 12155 12166 I art     : Starting a blocking GC Explicit
08-03 23:11:58.936 12155 12166 I art     : Explicit concurrent mark sweep GC freed 1294(75KB) AllocSpace objects, 1(20KB) LOS objects, 37% free, 26MB/42MB, paused 430us total 34.822ms
08-03 23:11:58.948 12155 12166 I art     : Starting a blocking GC Explicit
08-03 23:11:58.983 12155 12166 I art     : Explicit concurrent mark sweep GC freed 18(624B) AllocSpace objects, 0(0B) LOS objects, 37% free, 26MB/42MB, paused 439us total 34.841ms
08-03 23:11:58.996 12155 12166 I art     : Starting a blocking GC Explicit
08-03 23:11:59.031 12155 12166 I art     : Explicit concurrent mark sweep GC freed 3(96B) AllocSpace objects, 0(0B) LOS objects, 37% free, 26MB/42MB, paused 425us total 34.709ms
08-03 23:11:59.044 12155 12166 I art     : Starting a blocking GC Explicit
08-03 23:11:59.079 12155 12166 I art     : Explicit concurrent mark sweep GC freed 3(96B) AllocSpace objects, 0(0B) LOS objects, 37% free, 26MB/42MB, paused 412us total 34.984ms
08-03 23:11:59.092 12155 12166 I art     : Starting a blocking GC Explicit
08-03 23:11:59.127 12155 12166 I art     : Explicit concurrent mark sweep GC freed 3(96B) AllocSpace objects, 0(0B) LOS objects, 37% free, 26MB/42MB, paused 498us total 35.495ms
08-03 23:11:59.468 12155 12167 I art     : Starting a blocking GC Explicit
08-03 23:11:59.504 12155 12167 I art     : Explicit concurrent mark sweep GC freed 1443(80KB) AllocSpace objects, 1(20KB) LOS objects, 37% free, 26MB/42MB, paused 420us total 35.173ms
08-03 23:11:59.517 12155 12167 I art     : Starting a blocking GC Explicit
08-03 23:11:59.550 12155 12167 I art     : Explicit concurrent mark sweep GC freed 24(864B) AllocSpace objects, 0(0B) LOS objects, 37% free, 26MB/42MB, paused 397us total 32.796ms
08-03 23:11:59.563 12155 12167 I art     : Starting a blocking GC Explicit
08-03 23:11:59.597 12155 12167 I art     : Explicit concurrent mark sweep GC freed 3(96B) AllocSpace objects, 0(0B) LOS objects, 37% free, 26MB/42MB, paused 442us total 34.135ms
08-03 23:11:59.610 12155 12167 I art     : Starting a blocking GC Explicit
08-03 23:11:59.645 12155 12167 I art     : Explicit concurrent mark sweep GC freed 3(96B) AllocSpace objects, 0(0B) LOS objects, 37% free, 26MB/42MB, paused 396us total 34.569ms
08-03 23:11:59.658 12155 12167 I art     : Starting a blocking GC Explicit
08-03 23:11:59.693 12155 12167 I art     : Explicit concurrent mark sweep GC freed 3(96B) AllocSpace objects, 0(0B) LOS objects, 37% free, 26MB/42MB, paused 418us total 34.961ms
08-03 23:12:00.021 12155 12166 I art     : Starting a blocking GC Explicit
08-03 23:12:00.027   918 13198 D NetlinkSocketObserver: NeighborEvent{elapsedMs=1642923901, 192.168.2.254, [7C3953A63323], RTM_NEWNEIGH, NUD_STALE}
08-03 23:12:00.052   918   931 I ProcessStatsService: Prepared write state in 17ms
08-03 23:12:00.055 12155 12166 I art     : Explicit concurrent mark sweep GC freed 1293(75KB) AllocSpace objects, 1(20KB) LOS objects, 37% free, 26MB/42MB, paused 381us total 33.949ms
08-03 23:12:00.067 12155 12166 I art     : Starting a blocking GC Explicit
08-03 23:12:00.099 12155 12166 I art     : Explicit concurrent mark sweep GC freed 18(624B) AllocSpace objects, 0(0B) LOS objects, 37% free, 26MB/42MB, paused 392us total 31.579ms
08-03 23:12:00.110 12155 12166 I art     : Starting a blocking GC Explicit
08-03 23:12:00.140   918   930 I ProcessStatsService: Pruning old procstats: /data/system/procstats/state-2020-08-02-20-04-40.bin
08-03 23:12:00.141 12155 12166 I art     : Explicit concurrent mark sweep GC freed 3(96B) AllocSpace objects, 0(0B) LOS objects, 37% free, 26MB/42MB, paused 382us total 30.822ms
08-03 23:12:00.153 12155 12166 I art     : Starting a blocking GC Explicit
08-03 23:12:00.187 12155 12166 I art     : Explicit concurrent mark sweep GC freed 3(96B) AllocSpace objects, 0(0B) LOS objects, 37% free, 26MB/42MB, paused 422us total 33.257ms
08-03 23:12:00.187 12155 12165 I art     : WaitForGcToComplete blocked for 33.521ms for cause HeapTrim
08-03 23:12:00.199 12155 12166 I art     : Starting a blocking GC Explicit
08-03 23:12:00.234 12155 12166 I art     : Explicit concurrent mark sweep GC freed 3(96B) AllocSpace objects, 0(0B) LOS objects, 37% free, 26MB/42MB, paused 415us total 34.068ms
08-03 23:12:00.589 12155 12381 I art     : Starting a blocking GC Explicit
08-03 23:12:00.635 12155 12381 I art     : Explicit concurrent mark sweep GC freed 1293(75KB) AllocSpace objects, 1(20KB) LOS objects, 37% free, 26MB/42MB, paused 456us total 44.957ms
08-03 23:12:00.653 12155 12381 I art     : Starting a blocking GC Explicit
08-03 23:12:00.688 12155 12381 I art     : Explicit concurrent mark sweep GC freed 18(624B) AllocSpace objects, 0(0B) LOS objects, 37% free, 26MB/42MB, paused 428us total 35.452ms
08-03 23:12:00.701 12155 12381 I art     : Starting a blocking GC Explicit
08-03 23:12:00.737 12155 12381 I art     : Explicit concurrent mark sweep GC freed 3(96B) AllocSpace objects, 0(0B) LOS objects, 37% free, 26MB/42MB, paused 419us total 35.381ms
08-03 23:12:00.749 12155 12381 I art     : Starting a blocking GC Explicit
08-03 23:12:00.784 12155 12381 I art     : Explicit concurrent mark sweep GC freed 3(96B) AllocSpace objects, 0(0B) LOS objects, 37% free, 26MB/42MB, paused 387us total 35.053ms
08-03 23:12:00.797 12155 12381 I art     : Starting a blocking GC Explicit
08-03 23:12:00.832 12155 12381 I art     : Explicit concurrent mark sweep GC freed 3(96B) AllocSpace objects, 0(0B) LOS objects, 37% free, 26MB/42MB, paused 415us total 34.912ms
08-03 23:12:01.164 12155 12378 I art     : Starting a blocking GC Explicit
08-03 23:12:01.209 12155 12378 I art     : Explicit concurrent mark sweep GC freed 1293(75KB) AllocSpace objects, 1(20KB) LOS objects, 37% free, 26MB/42MB, paused 496us total 44.742ms
08-03 23:12:01.225 12155 12378 I art     : Starting a blocking GC Explicit
08-03 23:12:01.261 12155 12378 I art     : Explicit concurrent mark sweep GC freed 18(624B) AllocSpace objects, 0(0B) LOS objects, 37% free, 26MB/42MB, paused 428us total 36.052ms
08-03 23:12:01.274 12155 12378 I art     : Starting a blocking GC Explicit
08-03 23:12:01.308 12155 12378 I art     : Explicit concurrent mark sweep GC freed 15(864B) AllocSpace objects, 0(0B) LOS objects, 37% free, 26MB/42MB, paused 432us total 34.059ms
08-03 23:12:01.321 12155 12378 I art     : Starting a blocking GC Explicit
08-03 23:12:01.357 12155 12378 I art     : Explicit concurrent mark sweep GC freed 4(160B) AllocSpace objects, 0(0B) LOS objects, 37% free, 26MB/42MB, paused 386us total 35.317ms
08-03 23:12:01.368 12155 12378 I art     : Starting a blocking GC Explicit
08-03 23:12:01.398 12155 12378 I art     : Explicit concurrent mark sweep GC freed 3(96B) AllocSpace objects, 0(0B) LOS objects, 37% free, 26MB/42MB, paused 381us total 29.770ms
08-03 23:12:01.688 12155 12378 I art     : Starting a blocking GC Explicit
08-03 23:12:01.724 12155 12378 I art     : Explicit concurrent mark sweep GC freed 1376(78KB) AllocSpace objects, 1(20KB) LOS objects, 37% free, 26MB/42MB, paused 431us total 35.336ms
08-03 23:12:01.737 12155 12378 I art     : Starting a blocking GC Explicit
08-03 23:12:01.738 13826 13826 D AndroidRuntime: >>>>>> START com.android.internal.os.RuntimeInit uid 2000 <<<<<<
08-03 23:12:01.743 13826 13826 D AndroidRuntime: CheckJNI is OFF
08-03 23:12:01.770 12155 12378 I art     : Explicit concurrent mark sweep GC freed 166(10KB) AllocSpace objects, 0(0B) LOS objects, 37% free, 26MB/42MB, paused 420us total 32.707ms
08-03 23:12:01.778 13826 13826 D ICU     : No timezone override file found: /data/misc/zoneinfo/current/icu/icu_tzdata.dat
08-03 23:12:01.782 12155 12378 I art     : Starting a blocking GC Explicit
08-03 23:12:01.813 13826 13826 I Radio-JNI: register_android_hardware_Radio DONE
08-03 23:12:01.815 12155 12378 I art     : Explicit concurrent mark sweep GC freed 3(96B) AllocSpace objects, 0(0B) LOS objects, 37% free, 26MB/42MB, paused 444us total 32.908ms
08-03 23:12:01.827 12155 12378 I art     : Starting a blocking GC Explicit
08-03 23:12:01.835 13826 13826 D AndroidRuntime: Calling main entry com.android.commands.input.Input
08-03 23:12:01.837 13826 13826 I Input   : injectMotionEvent: MotionEvent { action=ACTION_DOWN, actionButton=0, id[0]=0, x[0]=81.0, y[0]=176.0, toolType[0]=TOOL_TYPE_UNKNOWN, buttonState=0, metaState=0, flags=0x0, edgeFlags=0x0, pointerCount=1, historySize=0, eventTime=659538250, downTime=659538250, deviceId=0, source=0x1002 }
08-03 23:12:01.842 13826 13826 I Input   : injectMotionEvent: MotionEvent { action=ACTION_UP, actionButton=0, id[0]=0, x[0]=81.0, y[0]=176.0, toolType[0]=TOOL_TYPE_UNKNOWN, buttonState=0, metaState=0, flags=0x0, edgeFlags=0x0, pointerCount=1, historySize=0, eventTime=659538250, downTime=659538250, deviceId=0, source=0x1002 }
08-03 23:12:01.844 13826 13826 D AndroidRuntime: Shutting down VM
08-03 23:12:01.859 12155 12378 I art     : Explicit concurrent mark sweep GC freed 24(1104B) AllocSpace objects, 0(0B) LOS objects, 37% free, 26MB/42MB, paused 538us total 31.884ms
08-03 23:12:01.861   512  2967 D audio_hw_primary: out_set_parameters: enter: usecase(1: low-latency-playback) kvpairs: routing=2
08-03 23:12:01.872 12155 12378 I art     : Starting a blocking GC Explicit
08-03 23:12:01.875   512  2967 D audio_hw_primary: select_devices: out_snd_device(2: speaker) in_snd_device(0: none)
08-03 23:12:01.875   512  2967 D msm8974_platform: platform_send_audio_calibration: sending audio calibration for snd_device(2) acdb_id(15)
08-03 23:12:01.875   512  2967 I soundtrigger: audio_extn_sound_trigger_update_device_status: device 0x2 of type 0 for Event 1
08-03 23:12:01.887   512  2967 D audio_hw_primary: enable_snd_device: snd_device(2: speaker)
08-03 23:12:01.889   512  2967 D audio_hw_primary: enable_audio_route: apply and update mixer path: low-latency-playback speaker
08-03 23:12:01.893 13866 13866 I GoogleInputMethodServic: GoogleInputMethodService.onFinishInput():3138 
08-03 23:12:01.894 13866 13866 I GoogleInputMethodServic: GoogleInputMethodService.onStartInput():1808 
08-03 23:12:01.905 12155 12378 I art     : Explicit concurrent mark sweep GC freed 27(1024B) AllocSpace objects, 0(0B) LOS objects, 37% free, 26MB/42MB, paused 411us total 32.731ms
08-03 23:12:02.182 12155 12378 I art     : Starting a blocking GC Explicit
08-03 23:12:02.219 12155 12378 I art     : Explicit concurrent mark sweep GC freed 1669(94KB) AllocSpace objects, 1(20KB) LOS objects, 37% free, 26MB/42MB, paused 426us total 37.354ms
08-03 23:12:02.232 12155 12378 I art     : Starting a blocking GC Explicit
08-03 23:12:02.268 12155 12378 I art     : Explicit concurrent mark sweep GC freed 32(1264B) AllocSpace objects, 0(0B) LOS objects, 37% free, 26MB/42MB, paused 551us total 35.839ms
08-03 23:12:02.281 12155 12378 I art     : Starting a blocking GC Explicit
08-03 23:12:02.289 13652 13652 I ServiceManager: Waiting for service AtCmdFwd...
08-03 23:12:02.313 12155 12378 I art     : Explicit concurrent mark sweep GC freed 21(976B) AllocSpace objects, 0(0B) LOS objects, 37% free, 26MB/42MB, paused 364us total 31.696ms
08-03 23:12:02.325 12155 12378 I art     : Starting a blocking GC Explicit
08-03 23:12:02.358 12155 12378 I art     : Explicit concurrent mark sweep GC freed 11(352B) AllocSpace objects, 0(0B) LOS objects, 37% free, 26MB/42MB, paused 402us total 32.936ms
08-03 23:12:02.369 12155 12378 I art     : Starting a blocking GC Explicit
08-03 23:12:02.402 12155 12378 I art     : Explicit concurrent mark sweep GC freed 3(96B) AllocSpace objects, 0(0B) LOS objects, 37% free, 26MB/42MB, paused 425us total 32.717ms
08-03 23:12:02.430   512  2967 D audio_hw_primary: disable_audio_route: reset and update mixer path: low-latency-playback speaker
08-03 23:12:02.431   512  2967 D audio_hw_primary: disable_snd_device: snd_device(2: speaker)
08-03 23:12:02.439   512  2967 I soundtrigger: audio_extn_sound_trigger_update_device_status: device 0x2 of type 0 for Event 0
08-03 23:12:02.692 12155 12381 I art     : Starting a blocking GC Explicit
08-03 23:12:02.739 12155 12381 I art     : Explicit concurrent mark sweep GC freed 1293(75KB) AllocSpace objects, 1(20KB) LOS objects, 37% free, 26MB/42MB, paused 614us total 46.306ms
08-03 23:12:02.754 12155 12381 I art     : Starting a blocking GC Explicit
08-03 23:12:02.790 12155 12381 I art     : Explicit concurrent mark sweep GC freed 20(688B) AllocSpace objects, 0(0B) LOS objects, 37% free, 26MB/42MB, paused 425us total 35.988ms
08-03 23:12:02.804 12155 12381 I art     : Starting a blocking GC Explicit
08-03 23:12:02.840 12155 12381 I art     : Explicit concurrent mark sweep GC freed 3(96B) AllocSpace objects, 0(0B) LOS objects, 37% free, 26MB/42MB, paused 410us total 35.755ms
08-03 23:12:02.852 12155 12381 I art     : Starting a blocking GC Explicit
08-03 23:12:02.888 12155 12381 I art     : Explicit concurrent mark sweep GC freed 3(96B) AllocSpace objects, 0(0B) LOS objects, 37% free, 26MB/42MB, paused 424us total 35.364ms
08-03 23:12:02.900 12155 12381 I art     : Starting a blocking GC Explicit
08-03 23:12:02.935 12155 12381 I art     : Explicit concurrent mark sweep GC freed 3(96B) AllocSpace objects, 0(0B) LOS objects, 37% free, 26MB/42MB, paused 425us total 34.411ms
08-03 23:12:03.220 12155 12167 I art     : Starting a blocking GC Explicit
08-03 23:12:03.257 12155 12167 I art     : Explicit concurrent mark sweep GC freed 1293(75KB) AllocSpace objects, 1(20KB) LOS objects, 37% free, 26MB/42MB, paused 431us total 35.961ms
08-03 23:12:03.270 12155 12167 I art     : Starting a blocking GC Explicit
08-03 23:12:03.290 13652 13652 I ServiceManager: Waiting for service AtCmdFwd...
08-03 23:12:03.305 12155 12167 I art     : Explicit concurrent mark sweep GC freed 18(624B) AllocSpace objects, 0(0B) LOS objects, 37% free, 26MB/42MB, paused 418us total 35.002ms
08-03 23:12:03.317 12155 12167 I art     : Starting a blocking GC Explicit
08-03 23:12:03.351 12155 12167 I art     : Explicit concurrent mark sweep GC freed 3(96B) AllocSpace objects, 0(0B) LOS objects, 37% free, 26MB/42MB, paused 417us total 33.464ms
08-03 23:12:03.363 12155 12167 I art     : Starting a blocking GC Explicit
08-03 23:12:03.397 12155 12167 I art     : Explicit concurrent mark sweep GC freed 3(96B) AllocSpace objects, 0(0B) LOS objects, 37% free, 26MB/42MB, paused 390us total 33.455ms
08-03 23:12:03.409 12155 12167 I art     : Starting a blocking GC Explicit
08-03 23:12:03.443 12155 12167 I art     : Explicit concurrent mark sweep GC freed 3(96B) AllocSpace objects, 0(0B) LOS objects, 37% free, 26MB/42MB, paused 418us total 33.893ms
08-03 23:12:03.526 13880 13880 D AndroidRuntime: >>>>>> START com.android.internal.os.RuntimeInit uid 2000 <<<<<<
08-03 23:12:03.531 13880 13880 D AndroidRuntime: CheckJNI is OFF
08-03 23:12:03.568 13880 13880 D ICU     : No timezone override file found: /data/misc/zoneinfo/current/icu/icu_tzdata.dat
08-03 23:12:03.605 13880 13880 I Radio-JNI: register_android_hardware_Radio DONE
08-03 23:12:03.627 13880 13880 D AndroidRuntime: Calling main entry com.android.commands.input.Input
08-03 23:12:03.629 13880 13880 I Input   : injectMotionEvent: MotionEvent { action=ACTION_DOWN, actionButton=0, id[0]=0, x[0]=360.0, y[0]=1098.0, toolType[0]=TOOL_TYPE_UNKNOWN, buttonState=0, metaState=0, flags=0x0, edgeFlags=0x0, pointerCount=1, historySize=0, eventTime=659540042, downTime=659540042, deviceId=0, source=0x1002 }
08-03 23:12:03.636 13880 13880 I Input   : injectMotionEvent: MotionEvent { action=ACTION_UP, actionButton=0, id[0]=0, x[0]=360.0, y[0]=1098.0, toolType[0]=TOOL_TYPE_UNKNOWN, buttonState=0, metaState=0, flags=0x0, edgeFlags=0x0, pointerCount=1, historySize=0, eventTime=659540042, downTime=659540042, deviceId=0, source=0x1002 }
08-03 23:12:03.638 13880 13880 D AndroidRuntime: Shutting down VM
08-03 23:12:03.644 12155 12155 D MainActivity: NavigationItemSelected: Term dates
08-03 23:12:03.647   512  2967 D audio_hw_primary: out_set_parameters: enter: usecase(1: low-latency-playback) kvpairs: routing=2
08-03 23:12:03.660   512  2967 D audio_hw_primary: select_devices: out_snd_device(2: speaker) in_snd_device(0: none)
08-03 23:12:03.660   512  2967 D msm8974_platform: platform_send_audio_calibration: sending audio calibration for snd_device(2) acdb_id(15)
08-03 23:12:03.660   512  2967 I soundtrigger: audio_extn_sound_trigger_update_device_status: device 0x2 of type 0 for Event 1
08-03 23:12:03.669   512  2967 D audio_hw_primary: enable_snd_device: snd_device(2: speaker)
08-03 23:12:03.671   512  2967 D audio_hw_primary: enable_audio_route: apply and update mixer path: low-latency-playback speaker
08-03 23:12:03.731 12155 12167 I art     : Starting a blocking GC Explicit
08-03 23:12:03.764 12155 12167 I art     : Explicit concurrent mark sweep GC freed 1850(97KB) AllocSpace objects, 1(20KB) LOS objects, 37% free, 26MB/42MB, paused 512us total 33.455ms
08-03 23:12:03.778 12155 12167 I art     : Starting a blocking GC Explicit
08-03 23:12:03.808 12155 12167 I art     : Explicit concurrent mark sweep GC freed 217(16KB) AllocSpace objects, 0(0B) LOS objects, 37% free, 26MB/42MB, paused 466us total 30.305ms
08-03 23:12:03.820 12155 12167 I art     : Starting a blocking GC Explicit
08-03 23:12:03.851 12155 12167 I art     : Explicit concurrent mark sweep GC freed 3(96B) AllocSpace objects, 0(0B) LOS objects, 37% free, 26MB/42MB, paused 476us total 31.098ms
08-03 23:12:03.862 12155 12167 I art     : Starting a blocking GC Explicit
08-03 23:12:03.894 12155 12167 I art     : Explicit concurrent mark sweep GC freed 3(96B) AllocSpace objects, 0(0B) LOS objects, 37% free, 26MB/42MB, paused 500us total 32.077ms
08-03 23:12:03.907 12155 12167 I art     : Starting a blocking GC Explicit
08-03 23:12:03.938 12155 12167 I art     : Explicit concurrent mark sweep GC freed 8(256B) AllocSpace objects, 0(0B) LOS objects, 37% free, 26MB/42MB, paused 382us total 30.481ms
08-03 23:12:04.084 13866 13866 I GoogleInputMethodServic: GoogleInputMethodService.onFinishInput():3138 
08-03 23:12:04.084 13866 13866 I GoogleInputMethodServic: GoogleInputMethodService.onStartInput():1808 
08-03 23:12:04.209   512  2967 D audio_hw_primary: disable_audio_route: reset and update mixer path: low-latency-playback speaker
08-03 23:12:04.211   512  2967 D audio_hw_primary: disable_snd_device: snd_device(2: speaker)
08-03 23:12:04.213 12155 12166 I art     : Starting a blocking GC Explicit
08-03 23:12:04.222   512  2967 I soundtrigger: audio_extn_sound_trigger_update_device_status: device 0x2 of type 0 for Event 0
08-03 23:12:04.254 12155 12166 I art     : Explicit concurrent mark sweep GC freed 1356(77KB) AllocSpace objects, 1(20KB) LOS objects, 37% free, 26MB/42MB, paused 375us total 40.575ms
08-03 23:12:04.268 12155 12166 I art     : Starting a blocking GC Explicit
08-03 23:12:04.290 13652 13652 I ServiceManager: Waiting for service AtCmdFwd...
08-03 23:12:04.304 12155 12166 I art     : Explicit concurrent mark sweep GC freed 26(880B) AllocSpace objects, 0(0B) LOS objects, 37% free, 26MB/42MB, paused 412us total 35.868ms
08-03 23:12:04.317 12155 12166 I art     : Starting a blocking GC Explicit
08-03 23:12:04.351 12155 12166 I art     : Explicit concurrent mark sweep GC freed 9(288B) AllocSpace objects, 0(0B) LOS objects, 37% free, 26MB/42MB, paused 380us total 33.121ms
08-03 23:12:04.363 12155 12166 I art     : Starting a blocking GC Explicit
08-03 23:12:04.396 12155 12166 I art     : Explicit concurrent mark sweep GC freed 9(288B) AllocSpace objects, 0(0B) LOS objects, 37% free, 26MB/42MB, paused 376us total 32.297ms
08-03 23:12:04.408 12155 12166 I art     : Starting a blocking GC Explicit
08-03 23:12:04.444 12155 12166 I art     : Explicit concurrent mark sweep GC freed 7(224B) AllocSpace objects, 0(0B) LOS objects, 37% free, 26MB/42MB, paused 378us total 36.009ms
08-03 23:12:04.775 12155 12381 I art     : Starting a blocking GC Explicit
08-03 23:12:04.819 12155 12381 I art     : Explicit concurrent mark sweep GC freed 1339(77KB) AllocSpace objects, 1(20KB) LOS objects, 37% free, 26MB/42MB, paused 398us total 43.385ms
08-03 23:12:04.836 12155 12381 I art     : Starting a blocking GC Explicit
08-03 23:12:04.871 12155 12381 I art     : Explicit concurrent mark sweep GC freed 24(816B) AllocSpace objects, 0(0B) LOS objects, 37% free, 26MB/42MB, paused 397us total 34.307ms
08-03 23:12:04.885 12155 12381 I art     : Starting a blocking GC Explicit
08-03 23:12:04.921 12155 12381 I art     : Explicit concurrent mark sweep GC freed 9(288B) AllocSpace objects, 0(0B) LOS objects, 37% free, 26MB/42MB, paused 381us total 34.806ms
08-03 23:12:04.934 12155 12381 I art     : Starting a blocking GC Explicit
08-03 23:12:04.969 12155 12381 I art     : Explicit concurrent mark sweep GC freed 9(288B) AllocSpace objects, 0(0B) LOS objects, 37% free, 26MB/42MB, paused 391us total 34.392ms
08-03 23:12:04.983 12155 12381 I art     : Starting a blocking GC Explicit
08-03 23:12:05.018 12155 12381 I art     : Explicit concurrent mark sweep GC freed 9(288B) AllocSpace objects, 0(0B) LOS objects, 37% free, 26MB/42MB, paused 384us total 35.613ms
08-03 23:12:05.281 12155 12155 D SessionListsFragment: Fired refresh session list handler
08-03 23:12:05.291 13652 13652 I ServiceManager: Waiting for service AtCmdFwd...
08-03 23:12:05.346 12155 12378 I art     : Starting a blocking GC Explicit
08-03 23:12:05.390 12155 12378 I art     : Explicit concurrent mark sweep GC freed 1352(77KB) AllocSpace objects, 1(20KB) LOS objects, 37% free, 26MB/42MB, paused 443us total 43.256ms
08-03 23:12:05.405 12155 12378 I art     : Starting a blocking GC Explicit
08-03 23:12:05.443 12155 12378 I art     : Explicit concurrent mark sweep GC freed 29(976B) AllocSpace objects, 0(0B) LOS objects, 37% free, 26MB/42MB, paused 462us total 37.472ms
08-03 23:12:05.456 12155 12378 I art     : Starting a blocking GC Explicit
08-03 23:12:05.490 12155 12378 I art     : Explicit concurrent mark sweep GC freed 15(480B) AllocSpace objects, 0(0B) LOS objects, 37% free, 26MB/42MB, paused 411us total 33.882ms
08-03 23:12:05.504 12155 12378 I art     : Starting a blocking GC Explicit
08-03 23:12:05.539 12155 12378 I art     : Explicit concurrent mark sweep GC freed 15(480B) AllocSpace objects, 0(0B) LOS objects, 37% free, 26MB/42MB, paused 417us total 34.794ms
08-03 23:12:05.553 12155 12378 I art     : Starting a blocking GC Explicit
08-03 23:12:05.588 12155 12378 I art     : Explicit concurrent mark sweep GC freed 6(192B) AllocSpace objects, 0(0B) LOS objects, 37% free, 26MB/42MB, paused 393us total 34.807ms
08-03 23:12:05.920 12155 12381 I art     : Starting a blocking GC Explicit
08-03 23:12:05.966 12155 12381 I art     : Explicit concurrent mark sweep GC freed 1293(75KB) AllocSpace objects, 1(20KB) LOS objects, 37% free, 26MB/42MB, paused 473us total 45.361ms
08-03 23:12:05.984 12155 12381 I art     : Starting a blocking GC Explicit
08-03 23:12:06.021 12155 12381 I art     : Explicit concurrent mark sweep GC freed 18(624B) AllocSpace objects, 0(0B) LOS objects, 37% free, 26MB/42MB, paused 412us total 35.732ms
08-03 23:12:06.033 12155 12381 I art     : Starting a blocking GC Explicit
08-03 23:12:06.069 12155 12381 I art     : Explicit concurrent mark sweep GC freed 3(96B) AllocSpace objects, 0(0B) LOS objects, 37% free, 26MB/42MB, paused 427us total 35.311ms
08-03 23:12:06.081 12155 12381 I art     : Starting a blocking GC Explicit
08-03 23:12:06.119 12155 12381 I art     : Explicit concurrent mark sweep GC freed 3(96B) AllocSpace objects, 0(0B) LOS objects, 37% free, 26MB/42MB, paused 439us total 37.036ms
08-03 23:12:06.132 12155 12381 I art     : Starting a blocking GC Explicit
08-03 23:12:06.168 12155 12381 I art     : Explicit concurrent mark sweep GC freed 3(96B) AllocSpace objects, 0(0B) LOS objects, 37% free, 26MB/42MB, paused 447us total 36.414ms
08-03 23:12:06.291 13652 13652 I ServiceManager: Waiting for service AtCmdFwd...
08-03 23:12:06.534 12155 12166 I art     : Starting a blocking GC Explicit
08-03 23:12:06.587 12155 12166 I art     : Explicit concurrent mark sweep GC freed 1293(75KB) AllocSpace objects, 1(20KB) LOS objects, 37% free, 26MB/42MB, paused 441us total 52.227ms
08-03 23:12:06.604 12155 12166 I art     : Starting a blocking GC Explicit
08-03 23:12:06.640 12155 12166 I art     : Explicit concurrent mark sweep GC freed 18(624B) AllocSpace objects, 0(0B) LOS objects, 37% free, 26MB/42MB, paused 430us total 35.527ms
08-03 23:12:06.653 12155 12166 I art     : Starting a blocking GC Explicit
08-03 23:12:06.690 12155 12166 I art     : Explicit concurrent mark sweep GC freed 3(96B) AllocSpace objects, 0(0B) LOS objects, 37% free, 26MB/42MB, paused 424us total 36.773ms
08-03 23:12:06.703 12155 12166 I art     : Starting a blocking GC Explicit
08-03 23:12:06.738 12155 12166 I art     : Explicit concurrent mark sweep GC freed 3(96B) AllocSpace objects, 0(0B) LOS objects, 37% free, 26MB/42MB, paused 424us total 35.595ms
08-03 23:12:06.751 12155 12166 I art     : Starting a blocking GC Explicit
08-03 23:12:06.787 12155 12166 I art     : Explicit concurrent mark sweep GC freed 3(96B) AllocSpace objects, 0(0B) LOS objects, 37% free, 26MB/42MB, paused 511us total 35.904ms
08-03 23:12:07.136 12155 12167 I art     : Starting a blocking GC Explicit
08-03 23:12:07.181 12155 12167 I art     : Explicit concurrent mark sweep GC freed 1293(75KB) AllocSpace objects, 1(20KB) LOS objects, 37% free, 26MB/42MB, paused 463us total 44.636ms
08-03 23:12:07.198 12155 12167 I art     : Starting a blocking GC Explicit
08-03 23:12:07.233 12155 12167 I art     : Explicit concurrent mark sweep GC freed 18(624B) AllocSpace objects, 0(0B) LOS objects, 37% free, 26MB/42MB, paused 472us total 35.100ms
08-03 23:12:07.246 12155 12167 I art     : Starting a blocking GC Explicit
08-03 23:12:07.281 12155 12167 I art     : Explicit concurrent mark sweep GC freed 3(96B) AllocSpace objects, 0(0B) LOS objects, 37% free, 26MB/42MB, paused 417us total 35.202ms
08-03 23:12:07.292 13652 13652 W Atfwd_Sendcmd: AtCmdFwd service not published, waiting... retryCnt : 2
08-03 23:12:07.294 12155 12167 I art     : Starting a blocking GC Explicit
08-03 23:12:07.331 12155 12167 I art     : Explicit concurrent mark sweep GC freed 3(96B) AllocSpace objects, 0(0B) LOS objects, 37% free, 26MB/42MB, paused 416us total 36.480ms
08-03 23:12:07.344 12155 12167 I art     : Starting a blocking GC Explicit
08-03 23:12:07.379 12155 12167 I art     : Explicit concurrent mark sweep GC freed 3(96B) AllocSpace objects, 0(0B) LOS objects, 37% free, 26MB/42MB, paused 425us total 35.152ms
08-03 23:12:07.725 12155 12378 I art     : Starting a blocking GC Explicit
08-03 23:12:07.771 12155 12378 I art     : Explicit concurrent mark sweep GC freed 1293(75KB) AllocSpace objects, 1(20KB) LOS objects, 37% free, 26MB/42MB, paused 422us total 45.634ms
08-03 23:12:07.789 12155 12378 I art     : Starting a blocking GC Explicit
08-03 23:12:07.825 12155 12378 I art     : Explicit concurrent mark sweep GC freed 18(624B) AllocSpace objects, 0(0B) LOS objects, 37% free, 26MB/42MB, paused 421us total 35.773ms
08-03 23:12:07.837 12155 12378 I art     : Starting a blocking GC Explicit
08-03 23:12:07.872 12155 12378 I art     : Explicit concurrent mark sweep GC freed 3(96B) AllocSpace objects, 0(0B) LOS objects, 37% free, 26MB/42MB, paused 393us total 34.606ms
08-03 23:12:07.885 12155 12378 I art     : Starting a blocking GC Explicit
08-03 23:12:07.920 12155 12378 I art     : Explicit concurrent mark sweep GC freed 3(96B) AllocSpace objects, 0(0B) LOS objects, 37% free, 26MB/42MB, paused 455us total 34.185ms
08-03 23:12:07.933 12155 12378 I art     : Starting a blocking GC Explicit
08-03 23:12:07.965 12155 12378 I art     : Explicit concurrent mark sweep GC freed 3(96B) AllocSpace objects, 0(0B) LOS objects, 37% free, 26MB/42MB, paused 394us total 32.144ms
08-03 23:12:08.276 12155 12381 I art     : Starting a blocking GC Explicit
08-03 23:12:08.313 12155 12381 I art     : Explicit concurrent mark sweep GC freed 1293(75KB) AllocSpace objects, 1(20KB) LOS objects, 37% free, 26MB/42MB, paused 423us total 35.828ms
08-03 23:12:08.325 12155 12381 I art     : Starting a blocking GC Explicit
08-03 23:12:08.360 12155 12381 I art     : Explicit concurrent mark sweep GC freed 18(624B) AllocSpace objects, 0(0B) LOS objects, 37% free, 26MB/42MB, paused 471us total 34.698ms
08-03 23:12:08.369 14002 14002 D AndroidRuntime: >>>>>> START com.android.internal.os.RuntimeInit uid 2000 <<<<<<
08-03 23:12:08.373 12155 12381 I art     : Starting a blocking GC Explicit
08-03 23:12:08.374 14002 14002 D AndroidRuntime: CheckJNI is OFF
08-03 23:12:08.407 12155 12381 I art     : Explicit concurrent mark sweep GC freed 3(96B) AllocSpace objects, 0(0B) LOS objects, 37% free, 26MB/42MB, paused 455us total 33.482ms
08-03 23:12:08.409 14002 14002 D ICU     : No timezone override file found: /data/misc/zoneinfo/current/icu/icu_tzdata.dat
08-03 23:12:08.419 12155 12381 I art     : Starting a blocking GC Explicit
08-03 23:12:08.449 14002 14002 I Radio-JNI: register_android_hardware_Radio DONE
08-03 23:12:08.453 12155 12381 I art     : Explicit concurrent mark sweep GC freed 3(96B) AllocSpace objects, 0(0B) LOS objects, 37% free, 26MB/42MB, paused 450us total 33.861ms
08-03 23:12:08.466 12155 12381 I art     : Starting a blocking GC Explicit
08-03 23:12:08.471 14002 14002 D AndroidRuntime: Calling main entry com.android.commands.am.Am
08-03 23:12:08.482  8825  8825 I Trepn   : Trepn 6.2s: Received intent: com.quicinc.trepn.stop_profiling
08-03 23:12:08.498 12155 12381 I art     : Explicit concurrent mark sweep GC freed 3(96B) AllocSpace objects, 0(0B) LOS objects, 37% free, 26MB/42MB, paused 388us total 32.411ms
08-03 23:12:08.537  8825  8825 I Trepn   : Trepn 6.2s: Trepn has Stopped Profiling.
08-03 23:12:08.617   918  3188 I hubconnection: sensorhub said: 'set_bias 3: -6.2400, 0.0000, 0.0000'
08-03 23:12:08.716 14002 14002 D AndroidRuntime: Shutting down VM
08-03 23:12:08.721   918  4413 W AppOps  : Finishing op nesting under-run: uid 10078 pkg com.quicinc.trepn code 24 time=0 duration=0 nesting=0
08-03 23:12:08.820 12155 12166 I art     : Starting a blocking GC Explicit
08-03 23:12:08.854 12155 12166 I art     : Explicit concurrent mark sweep GC freed 1293(75KB) AllocSpace objects, 1(20KB) LOS objects, 37% free, 26MB/42MB, paused 417us total 33.863ms
08-03 23:12:08.867 12155 12166 I art     : Starting a blocking GC Explicit
08-03 23:12:08.901 12155 12166 I art     : Explicit concurrent mark sweep GC freed 18(624B) AllocSpace objects, 0(0B) LOS objects, 37% free, 26MB/42MB, paused 414us total 34.207ms
08-03 23:12:08.914 12155 12166 I art     : Starting a blocking GC Explicit
08-03 23:12:08.949 12155 12166 I art     : Explicit concurrent mark sweep GC freed 3(96B) AllocSpace objects, 0(0B) LOS objects, 37% free, 26MB/42MB, paused 385us total 34.772ms
08-03 23:12:08.962 12155 12166 I art     : Starting a blocking GC Explicit
08-03 23:12:08.995 12155 12166 I art     : Explicit concurrent mark sweep GC freed 3(96B) AllocSpace objects, 0(0B) LOS objects, 37% free, 26MB/42MB, paused 388us total 32.875ms
08-03 23:12:09.007 12155 12166 I art     : Starting a blocking GC Explicit
08-03 23:12:09.042 12155 12166 I art     : Explicit concurrent mark sweep GC freed 3(96B) AllocSpace objects, 0(0B) LOS objects, 37% free, 26MB/42MB, paused 389us total 33.797ms
08-03 23:12:10.195 13225 13350 W FirebaseInstanceId: Token retrieval failed: SERVICE_NOT_AVAILABLE. Will retry token retrieval
