--------- beginning of main
08-04 13:15:06.760  3784  3784 D CarrierServiceBindHelper: Receive action: android.intent.action.PACKAGE_REMOVED
08-04 13:15:06.783   918   930 W ResourceType: ResTable_typeSpec entry count inconsistent: given 37, previously 42
08-04 13:15:06.783   918   930 W ResourceType: ResTable_typeSpec entry count inconsistent: given 2527, previously 2530
08-04 13:15:06.786   918   930 W ResourceType: ResTable_typeSpec entry count inconsistent: given 2542, previously 2545
08-04 13:15:06.786   918   930 W ResourceType: ResTable_typeSpec entry count inconsistent: given 303, previously 1691
08-04 13:15:06.824 32231 32231 I Finsky  : [1] uah.a(18): PackageMonitorReceiverImpl - Received: android.intent.action.PACKAGE_REMOVED, [jsPREe6yOOhrMreoEvcpPvP36yUmihacpIgcKsaLph8]
08-04 13:15:06.825 32231 32231 I Finsky  : [1] ubi.d(9): Invalidating cached PackageState for baseline.com.ak.uobtimetable
08-04 13:15:06.829 32231 32231 I Finsky  : [1] lzi.c(2): Frosting ID looked up on UI thread. Caller should move to a background thread.
08-04 13:15:06.832 32231 32231 I Finsky  : [1] nqb.c(3): Installer: package baseline.com.ak.uobtimetable was removed. replacing: true
08-04 13:15:06.834 32231 32231 I Finsky  : [1] nra.a(188): Installer: Notifying status update. package=baseline.com.ak.uobtimetable, status=UNINSTALLED
08-04 13:15:06.836   918   927 I art     : Background partial concurrent mark sweep GC freed 25945(1696KB) AllocSpace objects, 0(0B) LOS objects, 18% free, 68MB/84MB, paused 1.827ms total 173.134ms
08-04 13:15:06.836 24365 21308 I Fitness : FitCleanupIntentOperation received Intent android.intent.action.PACKAGE_REMOVED [CONTEXT service_id=17 ]
08-04 13:15:06.845   918  6111 I AccountManagerService: getTypesVisibleToCaller: isPermitted? true
08-04 13:15:06.868  3784  3784 D CarrierServiceBindHelper: Receive action: android.intent.action.PACKAGE_ADDED
08-04 13:15:06.869  3784  3784 D CarrierServiceBindHelper: Receive action: android.intent.action.PACKAGE_REPLACED
08-04 13:15:06.869  3784  3784 D CarrierServiceBindHelper: mHandler: 3
08-04 13:15:06.869  3784  3784 D CarrierServiceBindHelper: mHandler: 3
08-04 13:15:06.869  3784  3784 D CarrierServiceBindHelper: mHandler: 3
08-04 13:15:06.869  3784  3784 D CarrierConfigLoader: mHandler: 9 phoneId: 0
08-04 13:15:06.871   918   930 W ResourceType: ResTable_typeSpec entry count inconsistent: given 37, previously 42
08-04 13:15:06.871   918   930 W ResourceType: ResTable_typeSpec entry count inconsistent: given 2527, previously 2530
08-04 13:15:06.872   918   930 W ResourceType: ResTable_typeSpec entry count inconsistent: given 2542, previously 2545
08-04 13:15:06.872   918   930 W ResourceType: ResTable_typeSpec entry count inconsistent: given 303, previously 1691
08-04 13:15:06.882   918  3359 I AccountManagerService: getTypesVisibleToCaller: isPermitted? true
08-04 13:15:06.907 32231 32231 I Finsky  : [1] lzi.c(2): Frosting ID looked up on UI thread. Caller should move to a background thread.
08-04 13:15:06.909 32231 21329 I Finsky  : [6035] ejf.a(-1): Cancelled 0 ongoing asset module downloads for package baseline.com.ak.uobtimetable due to a concurrent app update.
08-04 13:15:06.919 32231 32231 I Finsky  : [1] nra.a(220): Installer: found apps to install. isMultiUserMode=false, apps=[]
08-04 13:15:06.974 24577 21325 I Auth    : [SupervisedAccountIntentOperation] onHandleIntent(): android.intent.action.PACKAGE_ADDED
08-04 13:15:06.980 24577 21327 I ChromeSync: [Sync,SyncIntentOperation] Handling the intent: Intent { act=android.intent.action.PACKAGE_ADDED dat=package:baseline.com.ak.uobtimetable flg=0x4000010 cmp=com.google.android.gms/.chimera.GmsIntentOperationService (has extras) }.
08-04 13:15:06.985 32231 32350 I Finsky  : [5755] odj.b(52): IQ: Notifying installation update. package=baseline.com.ak.uobtimetable, status=UNINSTALLED
08-04 13:15:06.991 32231 32231 I Finsky  : [1] uah.a(18): PackageMonitorReceiverImpl - Received: android.intent.action.PACKAGE_ADDED, [jsPREe6yOOhrMreoEvcpPvP36yUmihacpIgcKsaLph8]
08-04 13:15:06.991 32231 32231 I Finsky  : [1] ubi.d(9): Invalidating cached PackageState for baseline.com.ak.uobtimetable
--------- beginning of system
08-04 13:15:07.015   918  4413 W ActivityManager: Unable to start service Intent { act=com.google.android.gms.auth.key.retrieval.service.START pkg=com.google.android.gms } U=0: not found
08-04 13:15:07.066 32231 32231 I Finsky  : [1] lzi.c(2): Frosting ID looked up on UI thread. Caller should move to a background thread.
08-04 13:15:07.081 32231 21311 I Finsky  : [6033] lyv.run(-1): Wrote row to frosting DB: 2306
08-04 13:15:07.087   918  5481 W ActivityManager: Unbind failed: could not find connection for android.os.BinderProxy@e12ea0b
08-04 13:15:07.109 24577 24621 E GmsClient: unable to connect to service: com.google.android.gms.auth.key.retrieval.service.START on com.google.android.gms
08-04 13:15:07.113 32231 32231 I Finsky  : [1] agsx.a(4): Do not start WearSupportService due to Wear service optimization
08-04 13:15:07.115   918  6029 I AccountManagerService: getTypesVisibleToCaller: isPermitted? true
08-04 13:15:07.117 24577 21327 I ChromeSync: [Persistence,AffiliationManager] One of affiliation or grouping data for android://bz0hZa4nAJEtd0n5sRlXG7KAqctUMWVefv7Ki4mh1p6slZ9YO-n9gS9j8m9YCrsIyI2wIxrDHraumF9Y6pBLTA==@baseline.com.ak.uobtimetable/ was not found. Marking affiliation data as stale...
08-04 13:15:07.130 32231 21329 I Finsky  : [6035] ejc.a(-1): Asset module broadcast after update successful for package baseline.com.ak.uobtimetable. 0 sessions broadcast.
08-04 13:15:07.133 32231 32231 I Finsky  : [1] lzi.c(2): Frosting ID looked up on UI thread. Caller should move to a background thread.
08-04 13:15:07.172 32231 32350 I Finsky  : [5755] odj.b(40): IQ: No matching installs to run for jobs: []
08-04 13:15:07.238 32231 21311 I Finsky  : [6033] lyv.run(-1): Wrote row to frosting DB: 2307
08-04 13:15:07.244 32231 21316 I Finsky  : [6034] gzn.a(-1): [ContentSync] finished, scheduled=false
08-04 13:15:07.260   918   929 I AccountManagerService: getTypesVisibleToCaller: isPermitted? true
08-04 13:15:07.278 24577 21327 I FontLog : Package baseline.com.ak.uobtimetable has no metadata [CONTEXT service_id=132 ]
08-04 13:15:07.309 32231 21311 I Finsky  : [6033] lyv.run(-1): Wrote row to frosting DB: 2308
08-04 13:15:07.321 21339 21339 D AndroidRuntime: >>>>>> START com.android.internal.os.RuntimeInit uid 2000 <<<<<<
08-04 13:15:07.324 21339 21339 D AndroidRuntime: CheckJNI is OFF
08-04 13:15:07.348 21339 21339 D ICU     : No timezone override file found: /data/misc/zoneinfo/current/icu/icu_tzdata.dat
08-04 13:15:07.367 32231 21311 I Finsky  : [6033] lyv.run(-1): Wrote row to frosting DB: 2309
08-04 13:15:07.379 21339 21339 I Radio-JNI: register_android_hardware_Radio DONE
08-04 13:15:07.394 21339 21339 D AndroidRuntime: Calling main entry com.android.commands.monkey.Monkey
08-04 13:15:07.409   918   931 W BroadcastQueue: Skipping deliver [background] BroadcastRecord{99037f5 u-1 android.net.conn.CONNECTIVITY_CHANGE} to ReceiverList{ff2a98a 21339 (unknown name)/2000/u-1 remote:f5ea0df}: process crashing
08-04 13:15:07.429   918  6111 I ActivityManager: START u0 {act=android.intent.action.MAIN cat=[android.intent.category.LAUNCHER] flg=0x10200000 cmp=baseline.com.ak.uobtimetable/.MainActivity} from uid 2000 on display 0
08-04 13:15:07.447   918  6029 I AccountManagerService: getTypesVisibleToCaller: isPermitted? true
08-04 13:15:07.453 21360 21360 I art     : Late-enabling -Xcheck:jni
08-04 13:15:07.453   918  3670 I ActivityManager: Start proc 21360:baseline.com.ak.uobtimetable/u0a659 for activity baseline.com.ak.uobtimetable/.MainActivity
08-04 13:15:07.470 21339 21339 I art     : System.exit called, status: 0
08-04 13:15:07.470 21339 21339 I AndroidRuntime: VM exiting with result code 0.
08-04 13:15:07.501 24577 13294 I Icing   : IndexChimeraService.getServiceInterface callingPackage=com.google.android.gms componentName=AppsCorpus serviceId=36
08-04 13:15:07.507 21360 21360 W System  : ClassLoader referenced unknown path: /data/app/baseline.com.ak.uobtimetable-2/lib/arm64
08-04 13:15:07.509 32231 32231 I Finsky  : [1] xmu.a(8): SCH: Jobs in database: 1-1337 3-191 3-192 12-1 24-77777777 26-1414141414 
08-04 13:15:07.511 32231 32231 I Finsky  : [1] xio.a(57): SCH: ConstraintMapping: 24-77777777,  -> L: 0ms, D: 28493326ms, C: false, I: true, N: 0
08-04 13:15:07.512 32231 32231 I Finsky  : [1] xio.a(57): SCH: ConstraintMapping: 1-1337, 12-1,  -> L: 14372ms, D: 31845401ms, C: false, I: false, N: 1
08-04 13:15:07.512 32231 32231 I Finsky  : [1] xio.a(57): SCH: ConstraintMapping: 3-191,  -> L: 0ms, D: 72555274ms, C: false, I: true, N: 2
08-04 13:15:07.513 32231 32231 I Finsky  : [1] xio.a(57): SCH: ConstraintMapping: 3-192,  -> L: 0ms, D: 72555347ms, C: true, I: true, N: 2
08-04 13:15:07.514 32231 32231 I Finsky  : [1] xio.a(57): SCH: ConstraintMapping: 26-1414141414,  -> L: 35958526ms, D: 36858526ms, C: false, I: false, N: 0
08-04 13:15:07.516 32231 21316 I Finsky  : [6034] gzn.a(-1): [ContentSync] finished, scheduled=true
08-04 13:15:07.518 21360 21360 E Application: Can't init Bugsnag - No key
08-04 13:15:07.518 21360 21360 E Application: java.lang.Exception: Can't init Bugsnag - No key
08-04 13:15:07.518 21360 21360 E Application: 	at baseline.com.ak.uobtimetable.Utilities.Logging.Logger.error(Logger.java:79)
08-04 13:15:07.518 21360 21360 E Application: 	at baseline.com.ak.uobtimetable.MyApplication.onCreate(MyApplication.java:52)
08-04 13:15:07.518 21360 21360 E Application: 	at android.app.Instrumentation.callApplicationOnCreate(Instrumentation.java:1013)
08-04 13:15:07.518 21360 21360 E Application: 	at android.app.ActivityThread.handleBindApplication(ActivityThread.java:4707)
08-04 13:15:07.518 21360 21360 E Application: 	at android.app.ActivityThread.-wrap1(ActivityThread.java)
08-04 13:15:07.518 21360 21360 E Application: 	at android.app.ActivityThread$H.handleMessage(ActivityThread.java:1405)
08-04 13:15:07.518 21360 21360 E Application: 	at android.os.Handler.dispatchMessage(Handler.java:102)
08-04 13:15:07.518 21360 21360 E Application: 	at android.os.Looper.loop(Looper.java:148)
08-04 13:15:07.518 21360 21360 E Application: 	at android.app.ActivityThread.main(ActivityThread.java:5417)
08-04 13:15:07.518 21360 21360 E Application: 	at java.lang.reflect.Method.invoke(Native Method)
08-04 13:15:07.518 21360 21360 E Application: 	at com.android.internal.os.ZygoteInit$MethodAndArgsCaller.run(ZygoteInit.java:726)
08-04 13:15:07.518 21360 21360 E Application: 	at com.android.internal.os.ZygoteInit.main(ZygoteInit.java:616)
08-04 13:15:07.522 21360 21360 I Application: API level: 23
08-04 13:15:07.530 21360 21360 I Application: API level name: M
08-04 13:15:07.531 21360 21360 I Application: Target API level: 29
08-04 13:15:07.532 21360 21360 I Application: Git commit hash: d26bf1fa
08-04 13:15:07.532 21360 21360 I Application: Git branch: master
08-04 13:15:07.532 21360 21360 I Application: Build type: Debug
08-04 13:15:07.538 21360 21360 I Application: Build keys: Release
08-04 13:15:07.538 24577  1295 W Icing   : No valid account for uploading user actions
08-04 13:15:07.538 21360 21360 I Application: Version code: 21
08-04 13:15:07.539  2075  1217 I PBSessionCacheImpl: Deleted sessionId[9127543042550561] from persistence.
08-04 13:15:07.539 21360 21360 I Application: Version name: 2.5
08-04 13:15:07.539 21360 21360 I Application: Build date: 22:30 03/08/20
08-04 13:15:07.540 21360 21360 I Application: Package update date: 23:10 03/08/20
08-04 13:15:07.541 21360 21360 I SettingsManager: Getting int: launchCount
08-04 13:15:07.541 21360 21360 I SettingsManager: Setting int: launchCount
08-04 13:15:07.545  2075  2107 W SearchServiceCore: Abort, client detached.
08-04 13:15:07.545  2075  2107 I MicroDetectionState: Should stop hotword detection immediately - true
08-04 13:15:07.546 21379 21379 I art     : Late-enabling -Xcheck:jni
08-04 13:15:07.546   918   918 I ActivityManager: Start proc 21379:nappatfpr.com.newsblur/u0a658 for service nappatfpr.com.newsblur/.service.NBSyncService
08-04 13:15:07.550 18051 18051 W BugleRcsEngine: [1] xrw.b: ProvisioningEngineMetricsStorage, the wrapper class for proto data store, is null
08-04 13:15:07.554   918  3696 W BackupManagerService: dataChanged but no participant pkg='baseline.com.ak.uobtimetable' uid=10659
08-04 13:15:07.554 21360 21360 I Application: Launch count: 1
08-04 13:15:07.557 21360 21360 I Application: Network: TYPE_WIFI
08-04 13:15:07.558 21360 21360 I Application: Tablet layout: false
08-04 13:15:07.564 18051 21387 W BugleRcsEngine: [1628] xrk.a: No config URL. RCS will be disabled!
08-04 13:15:07.567 18051 21386 I BugleRcsEngine: [1627] ygo.c: Checking if using CarrierServices.apk is possible. Enabled: true, isAtLeastM: true, runningInsideBugle: true
08-04 13:15:07.572 18051 21386 W BugleRcsEngine: [1627] ygo.d: Carrier Services Apk was not found.
08-04 13:15:07.572 18051 21386 I BugleRcsEngine: [1627] ygo.a: Cannot get service version because CS.apk was not found, not pre-loaded or disabled.
08-04 13:15:07.572 18051 21386 W BugleRcsEngine: [1627] ygo.a: Service with meta data key: JibeServiceApiVersions is not compatible. Service Version 1 is not supported. Supported versions: []
08-04 13:15:07.575 32231 32231 I Finsky  : [1] xle.a(34): Cancelling existing jobscheduler jobs: 9009 9000 9005 9008 9002 9010 9003 9006 9004 9007 
08-04 13:15:07.575 24577 13293 I Icing   : IndexChimeraService.getServiceInterface callingPackage=com.google.android.gms componentName=null serviceId=30
08-04 13:15:07.576 32231 32231 I Finsky  : [1] xle.a(27): Scheduling job Id: 9001, L: 0, D: 28493326, C: false, I: true, N: 0
08-04 13:15:07.578 21360 21360 W art     : Before Android 4.1, method android.graphics.PorterDuffColorFilter androidx.vectordrawable.graphics.drawable.VectorDrawableCompat.updateTintFilter(android.graphics.PorterDuffColorFilter, android.content.res.ColorStateList, android.graphics.PorterDuff$Mode) would have incorrectly overridden the package-private method in android.graphics.drawable.Drawable
08-04 13:15:07.578 32231 32231 I Finsky  : [1] xle.a(27): Scheduling job Id: 9011, L: 14372, D: 31845401, C: false, I: false, N: 1
08-04 13:15:07.581 18051 21386 I BugleRcsEngine: [1627] xqa.d: RCS Configuration storage in Bugle is disabled by p/h flag, using ProvisioningEngineStateCacheUtil.getProvisioningConfigurationForGivenSim()
08-04 13:15:07.581 18051 21386 W BugleRcsEngine: [1627] xrk.a: No config URL. RCS will be disabled!
08-04 13:15:07.589 32231 32231 I Finsky  : [1] xle.a(27): Scheduling job Id: 9012, L: 0, D: 72555274, C: false, I: true, N: 2
08-04 13:15:07.595 21379 21379 W System  : ClassLoader referenced unknown path: /data/app/nappatfpr.com.newsblur-1/lib/arm64
08-04 13:15:07.599 32231 32231 I Finsky  : [1] xle.a(27): Scheduling job Id: 9013, L: 0, D: 72555347, C: true, I: true, N: 2
08-04 13:15:07.600 32231 32231 I Finsky  : [1] xle.a(27): Scheduling job Id: 9014, L: 35958526, D: 36858526, C: false, I: false, N: 0
08-04 13:15:07.601 21360 21360 I art     : Rejecting re-init on previously-failed class java.lang.Class<androidx.core.view.ViewCompat$OnUnhandledKeyEventListenerWrapper>
08-04 13:15:07.601 21360 21360 I art     : Rejecting re-init on previously-failed class java.lang.Class<androidx.core.view.ViewCompat$OnUnhandledKeyEventListenerWrapper>
08-04 13:15:07.602 32231 32231 I Finsky  : [1] xle.a(27): Scheduling job Id: 9015, L: 0, D: 28493326, C: false, I: true, N: 0
08-04 13:15:07.604 32231 32231 I Finsky  : [1] xle.a(27): Scheduling job Id: 9016, L: 14372, D: 31845401, C: false, I: false, N: 1
08-04 13:15:07.607 32231 32231 I Finsky  : [1] xle.a(27): Scheduling job Id: 9017, L: 0, D: 72555274, C: false, I: true, N: 2
08-04 13:15:07.617 32231 32231 I Finsky  : [1] xle.a(27): Scheduling job Id: 9018, L: 0, D: 72555347, C: true, I: true, N: 2
08-04 13:15:07.618 32231 32231 I Finsky  : [1] xle.a(27): Scheduling job Id: 9019, L: 35958526, D: 36858526, C: false, I: false, N: 0
08-04 13:15:07.666 21360 21360 D MainActivity: onCreate
08-04 13:15:07.666 21360 21360 I SettingsManager: Getting string: savedSessions
08-04 13:15:07.666 21360 21360 I Settings: No saved sessions
08-04 13:15:07.694 21360 21360 I SettingsManager: Getting string: savedCourse
08-04 13:15:07.695   918  4413 I ActivityManager: START u0 {flg=0x14000000 cmp=baseline.com.ak.uobtimetable/.WelcomeActivity} from uid 10659 on display 0
08-04 13:15:07.706 21360 21360 D MainActivity: OnResume
08-04 13:15:07.707 24577  1295 I Icing   : Usage reports ok 5, Failed Usage reports 0, indexed 0, rejected 0
08-04 13:15:07.711 24577  1295 W Icing   : No valid account for uploading user actions
08-04 13:15:07.712 21360 21397 D OpenGLRenderer: Use EGL_SWAP_BEHAVIOR_PRESERVED: true
08-04 13:15:07.728 24577  1295 I Icing   : Usage reports ok 0, Failed Usage reports 0, indexed 0, rejected 0
08-04 13:15:07.729 24577  1295 I Icing   : Indexing com.google.android.gms-internal.3p:MobileApplication from com.google.android.gms using seqno 763
08-04 13:15:07.733 24577  1295 I Icing   : Indexing com.google.android.gms-internal.3p:MobileApplication from com.google.android.gms using seqno 763
08-04 13:15:07.733 21360 21360 D MainActivity: OnPause
08-04 13:15:07.765 24577 13293 I Icing   : IndexChimeraService.getServiceInterface callingPackage=com.google.android.gms componentName=null serviceId=36
08-04 13:15:07.769 24577  1295 W Icing   : No valid account for uploading user actions
08-04 13:15:07.805 24577  1295 I Icing   : Usage reports ok 1, Failed Usage reports 0, indexed 0, rejected 0
08-04 13:15:07.841 21360 21397 I Adreno  : QUALCOMM build                   : fcf4852, I1af360237c
08-04 13:15:07.841 21360 21397 I Adreno  : Build Date                       : 09/23/15
08-04 13:15:07.841 21360 21397 I Adreno  : OpenGL ES Shader Compiler Version: XE031.05.13.02
08-04 13:15:07.841 21360 21397 I Adreno  : Local Branch                     : mybranch14465806
08-04 13:15:07.841 21360 21397 I Adreno  : Remote Branch                    : quic/LA.BF64.1.2.9_v2
08-04 13:15:07.841 21360 21397 I Adreno  : Remote Branch                    : NONE
08-04 13:15:07.841 21360 21397 I Adreno  : Reconstruct Branch               : NOTHING
08-04 13:15:07.847 21360 21397 I OpenGLRenderer: Initialized EGL, version 1.4
08-04 13:15:08.010   918   936 I ActivityManager: Displayed baseline.com.ak.uobtimetable/.WelcomeActivity: +275ms (total +571ms)
08-04 13:15:08.012 13866 13866 I GoogleInputMethodServic: GoogleInputMethodService.onFinishInput():3138 
08-04 13:15:08.013 13866 13866 I GoogleInputMethodServic: GoogleInputMethodService.onStartInput():1808 
08-04 13:15:08.256 21360 21360 D MainActivity: Saving state
08-04 13:15:08.711 24577  1295 I Icing   : Indexing com.google.android.gms-apps from com.google.android.gms
08-04 13:15:08.790 24577  1295 I Icing   : Indexing done com.google.android.gms-apps
08-04 13:15:09.062 21412 21412 D AndroidRuntime: >>>>>> START com.android.internal.os.RuntimeInit uid 2000 <<<<<<
08-04 13:15:09.068 21412 21412 D AndroidRuntime: CheckJNI is OFF
08-04 13:15:09.100 21412 21412 D ICU     : No timezone override file found: /data/misc/zoneinfo/current/icu/icu_tzdata.dat
08-04 13:15:09.136 21412 21412 I Radio-JNI: register_android_hardware_Radio DONE
08-04 13:15:09.154 21412 21412 D AndroidRuntime: Calling main entry com.android.commands.am.Am
08-04 13:15:09.165  2375  2375 I Trepn   : Trepn 6.2s: Received intent: com.quicinc.trepn.start_profiling
08-04 13:15:09.303  2375  2375 W FileUtils: Failed to chmod(/storage/emulated/0/trepn/Trepn_2020.08.04_131509.db): android.system.ErrnoException: chmod failed: EPERM (Operation not permitted)
08-04 13:15:09.474  2375  2375 I Trepn   : Trepn 6.2s: Trepn has Started Profiling.
08-04 13:15:09.476 21412 21412 D AndroidRuntime: Shutting down VM
08-04 13:15:09.968 21360 21375 I art     : Starting a blocking GC Explicit
08-04 13:15:09.988 21360 21375 I art     : Explicit concurrent mark sweep GC freed 2671(495KB) AllocSpace objects, 2(1340KB) LOS objects, 40% free, 21MB/36MB, paused 132us total 19.564ms
08-04 13:15:09.999 21360 21375 I art     : Starting a blocking GC Explicit
08-04 13:15:10.010 21360 21375 I art     : Explicit concurrent mark sweep GC freed 389(17KB) AllocSpace objects, 0(0B) LOS objects, 40% free, 21MB/36MB, paused 97us total 11.229ms
08-04 13:15:10.016 21360 21375 I art     : Starting a blocking GC Explicit
08-04 13:15:10.026 21360 21375 I art     : Explicit concurrent mark sweep GC freed 3(96B) AllocSpace objects, 0(0B) LOS objects, 40% free, 21MB/36MB, paused 92us total 9.943ms
08-04 13:15:10.032 21360 21375 I art     : Starting a blocking GC Explicit
08-04 13:15:10.042 21360 21375 I art     : Explicit concurrent mark sweep GC freed 3(96B) AllocSpace objects, 0(0B) LOS objects, 40% free, 21MB/36MB, paused 87us total 9.906ms
08-04 13:15:10.048 21360 21375 I art     : Starting a blocking GC Explicit
08-04 13:15:10.058 21360 21375 I art     : Explicit concurrent mark sweep GC freed 3(96B) AllocSpace objects, 0(0B) LOS objects, 40% free, 21MB/36MB, paused 91us total 10.103ms
08-04 13:15:10.348 21360 21377 I art     : Starting a blocking GC Explicit
08-04 13:15:10.363 21360 21377 I art     : Explicit concurrent mark sweep GC freed 1272(74KB) AllocSpace objects, 1(20KB) LOS objects, 40% free, 21MB/36MB, paused 154us total 14.652ms
08-04 13:15:10.375 21360 21377 I art     : Starting a blocking GC Explicit
08-04 13:15:10.386 21360 21377 I art     : Explicit concurrent mark sweep GC freed 18(624B) AllocSpace objects, 0(0B) LOS objects, 40% free, 21MB/36MB, paused 103us total 10.865ms
08-04 13:15:10.392 21360 21377 I art     : Starting a blocking GC Explicit
08-04 13:15:10.402 21360 21377 I art     : Explicit concurrent mark sweep GC freed 3(96B) AllocSpace objects, 0(0B) LOS objects, 40% free, 21MB/36MB, paused 104us total 10.322ms
08-04 13:15:10.409 21360 21377 I art     : Starting a blocking GC Explicit
08-04 13:15:10.419 21360 21377 I art     : Explicit concurrent mark sweep GC freed 3(96B) AllocSpace objects, 0(0B) LOS objects, 40% free, 21MB/36MB, paused 105us total 10.146ms
08-04 13:15:10.424 21360 21377 I art     : Starting a blocking GC Explicit
08-04 13:15:10.434 21360 21377 I art     : Explicit concurrent mark sweep GC freed 3(96B) AllocSpace objects, 0(0B) LOS objects, 40% free, 21MB/36MB, paused 87us total 9.229ms
08-04 13:15:10.686 21360 21375 I art     : Starting a blocking GC Explicit
08-04 13:15:10.702 21360 21375 I art     : Explicit concurrent mark sweep GC freed 1270(74KB) AllocSpace objects, 1(20KB) LOS objects, 40% free, 21MB/36MB, paused 103us total 14.991ms
08-04 13:15:10.709 21360 21375 I art     : Starting a blocking GC Explicit
08-04 13:15:10.720 21360 21375 I art     : Explicit concurrent mark sweep GC freed 18(624B) AllocSpace objects, 0(0B) LOS objects, 40% free, 21MB/36MB, paused 91us total 10.517ms
08-04 13:15:10.726 21360 21375 I art     : Starting a blocking GC Explicit
08-04 13:15:10.736 21360 21375 I art     : Explicit concurrent mark sweep GC freed 3(96B) AllocSpace objects, 0(0B) LOS objects, 40% free, 21MB/36MB, paused 90us total 10.125ms
08-04 13:15:10.742 21360 21375 I art     : Starting a blocking GC Explicit
08-04 13:15:10.753 21360 21375 I art     : Explicit concurrent mark sweep GC freed 3(96B) AllocSpace objects, 0(0B) LOS objects, 40% free, 21MB/36MB, paused 87us total 10.235ms
08-04 13:15:10.758 21360 21375 I art     : Starting a blocking GC Explicit
08-04 13:15:10.768 21360 21375 I art     : Explicit concurrent mark sweep GC freed 3(96B) AllocSpace objects, 0(0B) LOS objects, 40% free, 21MB/36MB, paused 86us total 9.646ms
08-04 13:15:11.047 21360 21377 I art     : Starting a blocking GC Explicit
08-04 13:15:11.059 21360 21377 I art     : Explicit concurrent mark sweep GC freed 1268(74KB) AllocSpace objects, 1(20KB) LOS objects, 40% free, 21MB/36MB, paused 106us total 12.300ms
08-04 13:15:11.065 21360 21377 I art     : Starting a blocking GC Explicit
08-04 13:15:11.076 21360 21377 I art     : Explicit concurrent mark sweep GC freed 18(624B) AllocSpace objects, 0(0B) LOS objects, 40% free, 21MB/36MB, paused 103us total 10.705ms
08-04 13:15:11.082 21360 21377 I art     : Starting a blocking GC Explicit
08-04 13:15:11.093 21360 21377 I art     : Explicit concurrent mark sweep GC freed 3(96B) AllocSpace objects, 0(0B) LOS objects, 40% free, 21MB/36MB, paused 100us total 9.974ms
08-04 13:15:11.098 21360 21377 I art     : Starting a blocking GC Explicit
08-04 13:15:11.108 21360 21377 I art     : Explicit concurrent mark sweep GC freed 3(96B) AllocSpace objects, 0(0B) LOS objects, 40% free, 21MB/36MB, paused 91us total 9.201ms
08-04 13:15:11.113 21360 21377 I art     : Starting a blocking GC Explicit
08-04 13:15:11.123 21360 21377 I art     : Explicit concurrent mark sweep GC freed 3(96B) AllocSpace objects, 0(0B) LOS objects, 40% free, 21MB/36MB, paused 96us total 9.673ms
08-04 13:15:11.419 21360 21375 I art     : Starting a blocking GC Explicit
08-04 13:15:11.435 21360 21375 I art     : Explicit concurrent mark sweep GC freed 1268(74KB) AllocSpace objects, 1(20KB) LOS objects, 40% free, 21MB/36MB, paused 135us total 15.197ms
08-04 13:15:11.444 21360 21375 I art     : Starting a blocking GC Explicit
08-04 13:15:11.455 21360 21375 I art     : Explicit concurrent mark sweep GC freed 18(624B) AllocSpace objects, 0(0B) LOS objects, 40% free, 21MB/36MB, paused 97us total 10.834ms
08-04 13:15:11.462 21360 21375 I art     : Starting a blocking GC Explicit
08-04 13:15:11.472 21360 21375 I art     : Explicit concurrent mark sweep GC freed 3(96B) AllocSpace objects, 0(0B) LOS objects, 40% free, 21MB/36MB, paused 92us total 10.231ms
08-04 13:15:11.478 21360 21375 I art     : Starting a blocking GC Explicit
08-04 13:15:11.489 21360 21375 I art     : Explicit concurrent mark sweep GC freed 3(96B) AllocSpace objects, 0(0B) LOS objects, 40% free, 21MB/36MB, paused 88us total 10.300ms
08-04 13:15:11.494 21360 21375 I art     : Starting a blocking GC Explicit
08-04 13:15:11.504 21360 21375 I art     : Explicit concurrent mark sweep GC freed 3(96B) AllocSpace objects, 0(0B) LOS objects, 40% free, 21MB/36MB, paused 86us total 9.797ms
08-04 13:15:11.797 21360 21377 I art     : Starting a blocking GC Explicit
08-04 13:15:11.810 21360 21377 I art     : Explicit concurrent mark sweep GC freed 1268(74KB) AllocSpace objects, 1(20KB) LOS objects, 40% free, 21MB/36MB, paused 127us total 12.970ms
08-04 13:15:11.820 21360 21377 I art     : Starting a blocking GC Explicit
08-04 13:15:11.832 21360 21377 I art     : Explicit concurrent mark sweep GC freed 18(624B) AllocSpace objects, 0(0B) LOS objects, 40% free, 21MB/36MB, paused 109us total 11.184ms
08-04 13:15:11.838 21360 21377 I art     : Starting a blocking GC Explicit
08-04 13:15:11.848 21360 21377 I art     : Explicit concurrent mark sweep GC freed 3(96B) AllocSpace objects, 0(0B) LOS objects, 40% free, 21MB/36MB, paused 99us total 9.981ms
08-04 13:15:11.854 21360 21377 I art     : Starting a blocking GC Explicit
08-04 13:15:11.864 21360 21377 I art     : Explicit concurrent mark sweep GC freed 3(96B) AllocSpace objects, 0(0B) LOS objects, 40% free, 21MB/36MB, paused 90us total 9.853ms
08-04 13:15:11.870 21360 21377 I art     : Starting a blocking GC Explicit
08-04 13:15:11.879 21360 21377 I art     : Explicit concurrent mark sweep GC freed 3(96B) AllocSpace objects, 0(0B) LOS objects, 40% free, 21MB/36MB, paused 91us total 9.578ms
08-04 13:15:12.174 21360 21375 I art     : Starting a blocking GC Explicit
08-04 13:15:12.189 21360 21375 I art     : Explicit concurrent mark sweep GC freed 1268(74KB) AllocSpace objects, 1(20KB) LOS objects, 40% free, 21MB/36MB, paused 106us total 15.106ms
08-04 13:15:12.198 21360 21375 I art     : Starting a blocking GC Explicit
08-04 13:15:12.209 21360 21375 I art     : Explicit concurrent mark sweep GC freed 18(624B) AllocSpace objects, 0(0B) LOS objects, 40% free, 21MB/36MB, paused 94us total 10.895ms
08-04 13:15:12.215 21360 21375 I art     : Starting a blocking GC Explicit
08-04 13:15:12.226 21360 21375 I art     : Explicit concurrent mark sweep GC freed 3(96B) AllocSpace objects, 0(0B) LOS objects, 40% free, 21MB/36MB, paused 93us total 10.350ms
08-04 13:15:12.232 21360 21375 I art     : Starting a blocking GC Explicit
08-04 13:15:12.242 21360 21375 I art     : Explicit concurrent mark sweep GC freed 3(96B) AllocSpace objects, 0(0B) LOS objects, 40% free, 21MB/36MB, paused 87us total 9.926ms
08-04 13:15:12.248 21360 21375 I art     : Starting a blocking GC Explicit
08-04 13:15:12.258 21360 21375 I art     : Explicit concurrent mark sweep GC freed 3(96B) AllocSpace objects, 0(0B) LOS objects, 40% free, 21MB/36MB, paused 91us total 9.632ms
08-04 13:15:12.556 21360 21377 I art     : Starting a blocking GC Explicit
08-04 13:15:12.571 21360 21377 I art     : Explicit concurrent mark sweep GC freed 1268(74KB) AllocSpace objects, 1(20KB) LOS objects, 40% free, 21MB/36MB, paused 126us total 14.841ms
08-04 13:15:12.581 21360 21377 I art     : Starting a blocking GC Explicit
08-04 13:15:12.591 21360 21377 I art     : Explicit concurrent mark sweep GC freed 18(624B) AllocSpace objects, 0(0B) LOS objects, 40% free, 21MB/36MB, paused 96us total 9.930ms
08-04 13:15:12.598 21360 21377 I art     : Starting a blocking GC Explicit
08-04 13:15:12.607 21360 21377 I art     : Explicit concurrent mark sweep GC freed 3(96B) AllocSpace objects, 0(0B) LOS objects, 40% free, 21MB/36MB, paused 95us total 9.737ms
08-04 13:15:12.613 21360 21377 I art     : Starting a blocking GC Explicit
08-04 13:15:12.622 21360 21377 I art     : Explicit concurrent mark sweep GC freed 3(96B) AllocSpace objects, 0(0B) LOS objects, 40% free, 21MB/36MB, paused 85us total 8.664ms
08-04 13:15:12.628 21360 21377 I art     : Starting a blocking GC Explicit
08-04 13:15:12.637 21360 21377 I art     : Explicit concurrent mark sweep GC freed 3(96B) AllocSpace objects, 0(0B) LOS objects, 40% free, 21MB/36MB, paused 96us total 9.055ms
08-04 13:15:12.926 21360 21375 I art     : Starting a blocking GC Explicit
08-04 13:15:12.941 21360 21375 I art     : Explicit concurrent mark sweep GC freed 1268(74KB) AllocSpace objects, 1(20KB) LOS objects, 40% free, 21MB/36MB, paused 113us total 14.654ms
08-04 13:15:12.950 21360 21375 I art     : Starting a blocking GC Explicit
08-04 13:15:12.961 21360 21375 I art     : Explicit concurrent mark sweep GC freed 18(624B) AllocSpace objects, 0(0B) LOS objects, 40% free, 21MB/36MB, paused 94us total 10.740ms
08-04 13:15:12.967 21360 21375 I art     : Starting a blocking GC Explicit
08-04 13:15:12.977 21360 21375 I art     : Explicit concurrent mark sweep GC freed 3(96B) AllocSpace objects, 0(0B) LOS objects, 40% free, 21MB/36MB, paused 104us total 9.924ms
08-04 13:15:12.983 21360 21375 I art     : Starting a blocking GC Explicit
08-04 13:15:12.993 21360 21375 I art     : Explicit concurrent mark sweep GC freed 3(96B) AllocSpace objects, 0(0B) LOS objects, 40% free, 21MB/36MB, paused 85us total 10.302ms
08-04 13:15:12.999 21360 21375 I art     : Starting a blocking GC Explicit
08-04 13:15:13.009 21360 21375 I art     : Explicit concurrent mark sweep GC freed 3(96B) AllocSpace objects, 0(0B) LOS objects, 40% free, 21MB/36MB, paused 87us total 10.030ms
08-04 13:15:13.012 13866 13882 I PeriodicStatsRunner: PeriodicStatsRunner.call():175 call()
08-04 13:15:13.012 13866 13882 I PeriodicStatsRunner: PeriodicStatsRunner.call():179 No submit PeriodicStats since input started.
08-04 13:15:13.304 21360 21377 I art     : Starting a blocking GC Explicit
08-04 13:15:13.315 21360 21377 I art     : Explicit concurrent mark sweep GC freed 1268(74KB) AllocSpace objects, 1(20KB) LOS objects, 40% free, 21MB/36MB, paused 105us total 10.608ms
08-04 13:15:13.321 21360 21377 I art     : Starting a blocking GC Explicit
08-04 13:15:13.330 21360 21377 I art     : Explicit concurrent mark sweep GC freed 18(624B) AllocSpace objects, 0(0B) LOS objects, 40% free, 21MB/36MB, paused 92us total 8.704ms
08-04 13:15:13.336 21360 21377 I art     : Starting a blocking GC Explicit
08-04 13:15:13.344 21360 21377 I art     : Explicit concurrent mark sweep GC freed 3(96B) AllocSpace objects, 0(0B) LOS objects, 40% free, 21MB/36MB, paused 84us total 8.438ms
08-04 13:15:13.349 21360 21377 I art     : Starting a blocking GC Explicit
08-04 13:15:13.358 21360 21377 I art     : Explicit concurrent mark sweep GC freed 3(96B) AllocSpace objects, 0(0B) LOS objects, 40% free, 21MB/36MB, paused 83us total 8.500ms
08-04 13:15:13.363 21360 21377 I art     : Starting a blocking GC Explicit
08-04 13:15:13.372 21360 21377 I art     : Explicit concurrent mark sweep GC freed 3(96B) AllocSpace objects, 0(0B) LOS objects, 40% free, 21MB/36MB, paused 82us total 8.712ms
08-04 13:15:13.637 21360 21375 I art     : Starting a blocking GC Explicit
08-04 13:15:13.650 21360 21375 I art     : Explicit concurrent mark sweep GC freed 1268(74KB) AllocSpace objects, 1(20KB) LOS objects, 40% free, 21MB/36MB, paused 112us total 12.670ms
08-04 13:15:13.657 21360 21375 I art     : Starting a blocking GC Explicit
08-04 13:15:13.670 21360 21375 I art     : Explicit concurrent mark sweep GC freed 18(624B) AllocSpace objects, 0(0B) LOS objects, 40% free, 21MB/36MB, paused 115us total 12.860ms
08-04 13:15:13.682 21360 21375 I art     : Starting a blocking GC Explicit
08-04 13:15:13.692 21360 21375 I art     : Explicit concurrent mark sweep GC freed 3(96B) AllocSpace objects, 0(0B) LOS objects, 40% free, 21MB/36MB, paused 86us total 10.289ms
08-04 13:15:13.697   918  3188 I hubconnection: sensorhub said: 'set_bias 3: -5.5872, 0.0000, 0.0000'
08-04 13:15:13.698 21360 21375 I art     : Starting a blocking GC Explicit
08-04 13:15:13.708 21360 21375 I art     : Explicit concurrent mark sweep GC freed 3(96B) AllocSpace objects, 0(0B) LOS objects, 40% free, 21MB/36MB, paused 86us total 9.827ms
08-04 13:15:13.714 21360 21375 I art     : Starting a blocking GC Explicit
08-04 13:15:13.724 21360 21375 I art     : Explicit concurrent mark sweep GC freed 3(96B) AllocSpace objects, 0(0B) LOS objects, 40% free, 21MB/36MB, paused 84us total 9.824ms
08-04 13:15:13.867 14234 14234 I Atfwd_Sendcmd: AtCmdFwd service not ready - Exhausted retry attempts - :6
08-04 13:15:13.868 14234 14234 I Atfwd_Daemon: result : -1 	 ,Init step :2 	 ,qmiErrorCode: 0
08-04 13:15:14.025 21360 21377 I art     : Starting a blocking GC Explicit
08-04 13:15:14.038 21360 21377 I art     : Explicit concurrent mark sweep GC freed 1268(74KB) AllocSpace objects, 1(20KB) LOS objects, 40% free, 21MB/36MB, paused 129us total 12.628ms
08-04 13:15:14.044 21360 21377 I art     : Starting a blocking GC Explicit
08-04 13:15:14.056 21360 21377 I art     : Explicit concurrent mark sweep GC freed 18(624B) AllocSpace objects, 0(0B) LOS objects, 40% free, 21MB/36MB, paused 107us total 11.200ms
08-04 13:15:14.062 21360 21377 I art     : Starting a blocking GC Explicit
08-04 13:15:14.073 21360 21377 I art     : Explicit concurrent mark sweep GC freed 3(96B) AllocSpace objects, 0(0B) LOS objects, 40% free, 21MB/36MB, paused 95us total 10.274ms
08-04 13:15:14.079 21360 21377 I art     : Starting a blocking GC Explicit
08-04 13:15:14.089 21360 21377 I art     : Explicit concurrent mark sweep GC freed 3(96B) AllocSpace objects, 0(0B) LOS objects, 40% free, 21MB/36MB, paused 99us total 9.862ms
08-04 13:15:14.094 21360 21377 I art     : Starting a blocking GC Explicit
08-04 13:15:14.104 21360 21377 I art     : Explicit concurrent mark sweep GC freed 3(96B) AllocSpace objects, 0(0B) LOS objects, 40% free, 21MB/36MB, paused 95us total 9.876ms
08-04 13:15:14.368 21360 21375 I art     : Starting a blocking GC Explicit
08-04 13:15:14.380 21360 21375 I art     : Explicit concurrent mark sweep GC freed 1268(74KB) AllocSpace objects, 1(20KB) LOS objects, 40% free, 21MB/36MB, paused 117us total 11.690ms
08-04 13:15:14.387 21360 21375 I art     : Starting a blocking GC Explicit
08-04 13:15:14.398 21360 21375 I art     : Explicit concurrent mark sweep GC freed 18(624B) AllocSpace objects, 0(0B) LOS objects, 40% free, 21MB/36MB, paused 97us total 10.525ms
08-04 13:15:14.404 21360 21375 I art     : Starting a blocking GC Explicit
08-04 13:15:14.414 21360 21375 I art     : Explicit concurrent mark sweep GC freed 3(96B) AllocSpace objects, 0(0B) LOS objects, 40% free, 21MB/36MB, paused 92us total 9.552ms
08-04 13:15:14.419 21360 21375 I art     : Starting a blocking GC Explicit
08-04 13:15:14.429 21360 21375 I art     : Explicit concurrent mark sweep GC freed 3(96B) AllocSpace objects, 0(0B) LOS objects, 40% free, 21MB/36MB, paused 92us total 9.383ms
08-04 13:15:14.434 21360 21375 I art     : Starting a blocking GC Explicit
08-04 13:15:14.444 21360 21375 I art     : Explicit concurrent mark sweep GC freed 3(96B) AllocSpace objects, 0(0B) LOS objects, 40% free, 21MB/36MB, paused 87us total 9.178ms
08-04 13:15:14.636 21567 21567 D AndroidRuntime: >>>>>> START com.android.internal.os.RuntimeInit uid 2000 <<<<<<
08-04 13:15:14.640 21567 21567 D AndroidRuntime: CheckJNI is OFF
08-04 13:15:14.666 21567 21567 D ICU     : No timezone override file found: /data/misc/zoneinfo/current/icu/icu_tzdata.dat
08-04 13:15:14.691 21567 21567 I Radio-JNI: register_android_hardware_Radio DONE
08-04 13:15:14.703 21360 21377 I art     : Starting a blocking GC Explicit
08-04 13:15:14.707 21567 21567 D AndroidRuntime: Calling main entry com.android.commands.input.Input
08-04 13:15:14.708 21567 21567 I Input   : injectMotionEvent: MotionEvent { action=ACTION_DOWN, actionButton=0, id[0]=0, x[0]=711.0, y[0]=1664.0, toolType[0]=TOOL_TYPE_UNKNOWN, buttonState=0, metaState=0, flags=0x0, edgeFlags=0x0, pointerCount=1, historySize=0, eventTime=710131121, downTime=710131121, deviceId=0, source=0x1002 }
08-04 13:15:14.712 21567 21567 I Input   : injectMotionEvent: MotionEvent { action=ACTION_UP, actionButton=0, id[0]=0, x[0]=711.0, y[0]=1664.0, toolType[0]=TOOL_TYPE_UNKNOWN, buttonState=0, metaState=0, flags=0x0, edgeFlags=0x0, pointerCount=1, historySize=0, eventTime=710131121, downTime=710131121, deviceId=0, source=0x1002 }
08-04 13:15:14.713 21360 21377 I art     : Explicit concurrent mark sweep GC freed 1292(75KB) AllocSpace objects, 1(20KB) LOS objects, 40% free, 21MB/36MB, paused 127us total 10.195ms
08-04 13:15:14.714 21567 21567 D AndroidRuntime: Shutting down VM
08-04 13:15:14.719 21360 21377 I art     : Starting a blocking GC Explicit
08-04 13:15:14.749 21360 21377 I art     : Explicit concurrent mark sweep GC freed 30(1024B) AllocSpace objects, 0(0B) LOS objects, 40% free, 21MB/36MB, paused 209us total 29.973ms
08-04 13:15:14.750   918  3670 I ActivityManager: START u0 {flg=0x14000000 cmp=baseline.com.ak.uobtimetable/.CourseListActivity} from uid 10659 on display 0
08-04 13:15:14.752   512  2967 D audio_hw_primary: out_set_parameters: enter: usecase(1: low-latency-playback) kvpairs: routing=2
08-04 13:15:14.755 21360 21377 I art     : Starting a blocking GC Explicit
08-04 13:15:14.765   512  2967 D audio_hw_primary: select_devices: out_snd_device(2: speaker) in_snd_device(0: none)
08-04 13:15:14.765   512  2967 D msm8974_platform: platform_send_audio_calibration: sending audio calibration for snd_device(2) acdb_id(15)
08-04 13:15:14.765   512  2967 I soundtrigger: audio_extn_sound_trigger_update_device_status: device 0x2 of type 0 for Event 1
08-04 13:15:14.766 21360 21377 I art     : Explicit concurrent mark sweep GC freed 321(23KB) AllocSpace objects, 0(0B) LOS objects, 40% free, 21MB/36MB, paused 227us total 10.627ms
08-04 13:15:14.772 21360 21377 I art     : Starting a blocking GC Explicit
08-04 13:15:14.776   512  2967 D audio_hw_primary: enable_snd_device: snd_device(2: speaker)
08-04 13:15:14.778   512  2967 D audio_hw_primary: enable_audio_route: apply and update mixer path: low-latency-playback speaker
08-04 13:15:14.789 21360 21377 I art     : Explicit concurrent mark sweep GC freed 1460(95KB) AllocSpace objects, 0(0B) LOS objects, 40% free, 21MB/36MB, paused 5.593ms total 16.378ms
08-04 13:15:14.794 21360 21360 D CourseListActivity: onCreate
08-04 13:15:14.794 21360 21377 I art     : Starting a blocking GC Explicit
08-04 13:15:14.807 21360 21377 I art     : Explicit concurrent mark sweep GC freed 666(79KB) AllocSpace objects, 0(0B) LOS objects, 40% free, 22MB/36MB, paused 362us total 12.152ms
08-04 13:15:14.822 21360 21594 D HTTP    : Request for: https://uob-timetable-api.adriankeenan.co.uk/courses
08-04 13:15:14.878 13866 13866 I GoogleInputMethodServic: GoogleInputMethodService.onFinishInput():3138 
08-04 13:15:14.879   918   936 I ActivityManager: Displayed baseline.com.ak.uobtimetable/.CourseListActivity: +118ms
08-04 13:15:14.879 13866 13866 I GoogleInputMethodServic: GoogleInputMethodService.onStartInput():1808 
08-04 13:15:14.910 21360 21397 D OpenGLRenderer: endAllStagingAnimators on 0x7f9944c000 (RippleDrawable) with handle 0x7f99ebf680
08-04 13:15:15.011 21360 21592 I art     : Starting a blocking GC Explicit
08-04 13:15:15.028 21360 21592 I art     : Explicit concurrent mark sweep GC freed 2852(211KB) AllocSpace objects, 1(20KB) LOS objects, 40% free, 22MB/37MB, paused 187us total 16.685ms
08-04 13:15:15.035 21360 21592 I art     : Starting a blocking GC Explicit
08-04 13:15:15.049 21360 21592 I art     : Explicit concurrent mark sweep GC freed 53(1888B) AllocSpace objects, 0(0B) LOS objects, 40% free, 22MB/37MB, paused 148us total 13.932ms
08-04 13:15:15.057 21360 21592 I art     : Starting a blocking GC Explicit
08-04 13:15:15.072 21360 21592 I art     : Explicit concurrent mark sweep GC freed 4(128B) AllocSpace objects, 0(0B) LOS objects, 40% free, 22MB/37MB, paused 208us total 14.190ms
08-04 13:15:15.080 21360 21592 I art     : Starting a blocking GC Explicit
08-04 13:15:15.096 21360 21592 I art     : Explicit concurrent mark sweep GC freed 4(128B) AllocSpace objects, 0(0B) LOS objects, 40% free, 22MB/37MB, paused 143us total 15.442ms
08-04 13:15:15.103 21360 21592 I art     : Starting a blocking GC Explicit
08-04 13:15:15.117 21360 21592 I art     : Explicit concurrent mark sweep GC freed 5(160B) AllocSpace objects, 0(0B) LOS objects, 40% free, 22MB/37MB, paused 193us total 13.460ms
08-04 13:15:15.287 21360 21594 I NAPPA_EXPERIMENTATION: MetricNetworkRequestExecutionTime: REQUEST_DURATION_SYSTEM='461',REQUEST_DURATION_OKHTTP='32',REQUEST_SYNCHRONOUS='TRUE',RESPONSE_CODE='200',RESPONSE_METHOD='GET',RESPONSE_LENGTH_OKHTTP='-1',RESPONSE_LENGTH_HEADER='-2',REQUEST_PROTOCOL='http/1.1',REQUEST_URL='https://uob-timetable-api.adriankeenan.co.uk/courses',
08-04 13:15:15.319   512  2967 D audio_hw_primary: disable_audio_route: reset and update mixer path: low-latency-playback speaker
08-04 13:15:15.321   512  2967 D audio_hw_primary: disable_snd_device: snd_device(2: speaker)
08-04 13:15:15.330   512  2967 I soundtrigger: audio_extn_sound_trigger_update_device_status: device 0x2 of type 0 for Event 0
08-04 13:15:15.365 21360 21375 I art     : Starting a blocking GC Explicit
08-04 13:15:15.384 21360 21375 I art     : Explicit concurrent mark sweep GC freed 4192(267KB) AllocSpace objects, 4(220KB) LOS objects, 34% free, 30MB/46MB, paused 170us total 18.871ms
08-04 13:15:15.391 21360 21375 I art     : Starting a blocking GC Explicit
08-04 13:15:15.403 21360 21375 I art     : Explicit concurrent mark sweep GC freed 1040(119KB) AllocSpace objects, 0(0B) LOS objects, 33% free, 32MB/48MB, paused 148us total 12.112ms
08-04 13:15:15.409 21360 21375 I art     : Starting a blocking GC Explicit
08-04 13:15:15.420 21360 21375 I art     : Explicit concurrent mark sweep GC freed 20(656B) AllocSpace objects, 0(0B) LOS objects, 32% free, 33MB/49MB, paused 345us total 11.587ms
08-04 13:15:15.426 21360 21375 I art     : Starting a blocking GC Explicit
08-04 13:15:15.439 21360 21375 I art     : Explicit concurrent mark sweep GC freed 1926(11MB) AllocSpace objects, 0(0B) LOS objects, 26% free, 44MB/60MB, paused 150us total 12.291ms
08-04 13:15:15.444 21360 21375 I art     : Starting a blocking GC Explicit
08-04 13:15:15.454 21360 21375 I art     : Explicit concurrent mark sweep GC freed 14(12KB) AllocSpace objects, 0(0B) LOS objects, 26% free, 44MB/60MB, paused 166us total 9.969ms
08-04 13:15:15.619 21360 21594 I HTTP    : Response was compressed.
08-04 13:15:15.706 21360 21375 I art     : Starting a blocking GC Explicit
08-04 13:15:15.724 21360 21375 I art     : Explicit concurrent mark sweep GC freed 13321(627KB) AllocSpace objects, 0(0B) LOS objects, 29% free, 37MB/53MB, paused 235us total 17.091ms
08-04 13:15:15.730 21360 21375 I art     : Starting a blocking GC Explicit
08-04 13:15:15.743 21360 21375 I art     : Explicit concurrent mark sweep GC freed 10917(525KB) AllocSpace objects, 0(0B) LOS objects, 29% free, 37MB/53MB, paused 223us total 12.944ms
08-04 13:15:15.749 21360 21375 I art     : Starting a blocking GC Explicit
08-04 13:15:15.762 21360 21375 I art     : Explicit concurrent mark sweep GC freed 10147(490KB) AllocSpace objects, 0(0B) LOS objects, 29% free, 38MB/54MB, paused 166us total 12.320ms
08-04 13:15:15.767 21360 21375 I art     : Starting a blocking GC Explicit
08-04 13:15:15.779 21360 21375 I art     : Explicit concurrent mark sweep GC freed 9681(449KB) AllocSpace objects, 0(0B) LOS objects, 29% free, 38MB/54MB, paused 190us total 11.576ms
08-04 13:15:15.785 21360 21375 I art     : Starting a blocking GC Explicit
08-04 13:15:15.797 21360 21375 I art     : Explicit concurrent mark sweep GC freed 9813(465KB) AllocSpace objects, 0(0B) LOS objects, 29% free, 38MB/54MB, paused 205us total 11.924ms
08-04 13:15:16.047 21360 21375 I art     : Starting a blocking GC Explicit
08-04 13:15:16.083 21360 21375 I art     : Explicit concurrent mark sweep GC freed 156455(7MB) AllocSpace objects, 1(20KB) LOS objects, 28% free, 39MB/55MB, paused 373us total 35.462ms
08-04 13:15:16.092 21360 21375 I art     : Starting a blocking GC Explicit
08-04 13:15:16.110 21360 21375 I art     : Explicit concurrent mark sweep GC freed 19363(909KB) AllocSpace objects, 0(0B) LOS objects, 28% free, 39MB/55MB, paused 231us total 17.774ms
08-04 13:15:16.117 21360 21375 I art     : Starting a blocking GC Explicit
08-04 13:15:16.131 21360 21375 I art     : Explicit concurrent mark sweep GC freed 12194(574KB) AllocSpace objects, 0(0B) LOS objects, 28% free, 39MB/55MB, paused 243us total 14.582ms
08-04 13:15:16.138 21360 21375 I art     : Starting a blocking GC Explicit
08-04 13:15:16.153 21360 21375 I art     : Explicit concurrent mark sweep GC freed 12204(578KB) AllocSpace objects, 0(0B) LOS objects, 28% free, 39MB/55MB, paused 258us total 15.140ms
08-04 13:15:16.161 21360 21375 I art     : Starting a blocking GC Explicit
08-04 13:15:16.177 21360 21375 I art     : Explicit concurrent mark sweep GC freed 12128(581KB) AllocSpace objects, 0(0B) LOS objects, 28% free, 39MB/55MB, paused 275us total 15.559ms
08-04 13:15:16.441 21360 21377 I art     : Starting a blocking GC Explicit
08-04 13:15:16.474 21360 21377 I art     : Explicit concurrent mark sweep GC freed 158213(7MB) AllocSpace objects, 1(20KB) LOS objects, 27% free, 41MB/57MB, paused 319us total 32.836ms
08-04 13:15:16.483 21360 21377 I art     : Starting a blocking GC Explicit
08-04 13:15:16.502 21360 21377 I art     : Explicit concurrent mark sweep GC freed 20414(957KB) AllocSpace objects, 0(0B) LOS objects, 28% free, 41MB/57MB, paused 299us total 18.925ms
08-04 13:15:16.511 21360 21377 I art     : Starting a blocking GC Explicit
08-04 13:15:16.530 21360 21377 I art     : Explicit concurrent mark sweep GC freed 12962(608KB) AllocSpace objects, 0(0B) LOS objects, 27% free, 41MB/57MB, paused 430us total 19.041ms
08-04 13:15:16.538 21360 21377 I art     : Starting a blocking GC Explicit
08-04 13:15:16.557 21360 21377 I art     : Explicit concurrent mark sweep GC freed 15084(705KB) AllocSpace objects, 0(0B) LOS objects, 27% free, 41MB/57MB, paused 410us total 19.051ms
08-04 13:15:16.566 21360 21377 I art     : Starting a blocking GC Explicit
08-04 13:15:16.585 21360 21377 I art     : Explicit concurrent mark sweep GC freed 14893(700KB) AllocSpace objects, 0(0B) LOS objects, 27% free, 41MB/57MB, paused 327us total 18.950ms
08-04 13:15:16.855 21360 21375 I art     : Starting a blocking GC Explicit
08-04 13:15:16.893 21360 21375 I art     : Explicit concurrent mark sweep GC freed 162188(7MB) AllocSpace objects, 1(20KB) LOS objects, 27% free, 42MB/58MB, paused 392us total 37.810ms
08-04 13:15:16.905 21360 21375 I art     : Starting a blocking GC Explicit
08-04 13:15:16.926 21360 21375 I art     : Explicit concurrent mark sweep GC freed 22944(1070KB) AllocSpace objects, 0(0B) LOS objects, 27% free, 42MB/58MB, paused 341us total 21.072ms
08-04 13:15:16.935 21360 21375 I art     : Starting a blocking GC Explicit
08-04 13:15:16.957 21360 21375 I art     : Explicit concurrent mark sweep GC freed 17187(802KB) AllocSpace objects, 0(0B) LOS objects, 27% free, 42MB/58MB, paused 356us total 21.825ms
08-04 13:15:16.966 21360 21375 I art     : Starting a blocking GC Explicit
08-04 13:15:16.988 21360 21375 I art     : Explicit concurrent mark sweep GC freed 15970(756KB) AllocSpace objects, 0(0B) LOS objects, 27% free, 42MB/58MB, paused 422us total 21.975ms
08-04 13:15:16.998 21360 21375 I art     : Starting a blocking GC Explicit
08-04 13:15:17.020 21360 21375 I art     : Explicit concurrent mark sweep GC freed 16076(748KB) AllocSpace objects, 0(0B) LOS objects, 27% free, 43MB/59MB, paused 402us total 22.266ms
08-04 13:15:17.285 21360 21377 I art     : Starting a blocking GC Explicit
08-04 13:15:17.328 21360 21377 I art     : Explicit concurrent mark sweep GC freed 159419(7MB) AllocSpace objects, 1(20KB) LOS objects, 26% free, 44MB/60MB, paused 511us total 43.144ms
08-04 13:15:17.340 21360 21377 I art     : Starting a blocking GC Explicit
08-04 13:15:17.365 21360 21377 I art     : Explicit concurrent mark sweep GC freed 24530(1149KB) AllocSpace objects, 0(0B) LOS objects, 26% free, 44MB/60MB, paused 419us total 24.258ms
08-04 13:15:17.374 21360 21377 I art     : Starting a blocking GC Explicit
08-04 13:15:17.399 21360 21377 I art     : Explicit concurrent mark sweep GC freed 18938(888KB) AllocSpace objects, 0(0B) LOS objects, 26% free, 44MB/60MB, paused 459us total 24.384ms
08-04 13:15:17.408 21360 21377 I art     : Starting a blocking GC Explicit
08-04 13:15:17.434 21360 21377 I art     : Explicit concurrent mark sweep GC freed 18381(882KB) AllocSpace objects, 0(0B) LOS objects, 26% free, 44MB/60MB, paused 777us total 25.358ms
08-04 13:15:17.444 21360 21377 I art     : Starting a blocking GC Explicit
08-04 13:15:17.469 21360 21377 I art     : Explicit concurrent mark sweep GC freed 18857(927KB) AllocSpace objects, 0(0B) LOS objects, 26% free, 44MB/60MB, paused 474us total 24.856ms
08-04 13:15:17.724 21360 21377 I art     : Starting a blocking GC Explicit
08-04 13:15:17.771 21360 21377 I art     : Explicit concurrent mark sweep GC freed 162166(7MB) AllocSpace objects, 1(20KB) LOS objects, 25% free, 46MB/62MB, paused 462us total 47.169ms
08-04 13:15:17.784 21360 21377 I art     : Starting a blocking GC Explicit
08-04 13:15:17.812 21360 21377 I art     : Explicit concurrent mark sweep GC freed 26580(1239KB) AllocSpace objects, 0(0B) LOS objects, 25% free, 46MB/62MB, paused 475us total 27.739ms
08-04 13:15:17.822 21360 21377 I art     : Starting a blocking GC Explicit
08-04 13:15:17.852 21360 21377 I art     : Explicit concurrent mark sweep GC freed 21684(1011KB) AllocSpace objects, 0(0B) LOS objects, 25% free, 46MB/62MB, paused 537us total 30.096ms
08-04 13:15:17.863 21360 21377 I art     : Starting a blocking GC Explicit
08-04 13:15:17.893 21360 21377 I art     : Explicit concurrent mark sweep GC freed 22330(1043KB) AllocSpace objects, 0(0B) LOS objects, 25% free, 46MB/62MB, paused 535us total 29.381ms
08-04 13:15:17.903 21360 21377 I art     : Starting a blocking GC Explicit
08-04 13:15:17.933 21360 21377 I art     : Explicit concurrent mark sweep GC freed 21937(1024KB) AllocSpace objects, 0(0B) LOS objects, 25% free, 46MB/62MB, paused 522us total 29.412ms
08-04 13:15:18.193 21360 21377 I art     : Starting a blocking GC Explicit
08-04 13:15:18.243 21360 21377 I art     : Explicit concurrent mark sweep GC freed 161635(7MB) AllocSpace objects, 1(20KB) LOS objects, 24% free, 48MB/64MB, paused 543us total 50.065ms
08-04 13:15:18.255 21360 21377 I art     : Starting a blocking GC Explicit
08-04 13:15:18.290 21360 21377 I art     : Explicit concurrent mark sweep GC freed 28290(1335KB) AllocSpace objects, 0(0B) LOS objects, 24% free, 48MB/64MB, paused 680us total 34.214ms
08-04 13:15:18.301 21360 21377 I art     : Starting a blocking GC Explicit
08-04 13:15:18.334 21360 21377 I art     : Explicit concurrent mark sweep GC freed 23785(1115KB) AllocSpace objects, 0(0B) LOS objects, 24% free, 48MB/64MB, paused 560us total 32.590ms
08-04 13:15:18.345 21360 21377 I art     : Starting a blocking GC Explicit
08-04 13:15:18.379 21360 21377 I art     : Explicit concurrent mark sweep GC freed 24139(1188KB) AllocSpace objects, 0(0B) LOS objects, 24% free, 48MB/64MB, paused 571us total 33.623ms
08-04 13:15:18.385 21360 21594 I Service : getCourses response time: 0.69
08-04 13:15:18.391 21360 21377 I art     : Starting a blocking GC Explicit
08-04 13:15:18.394 21360 21360 I SettingsManager: Getting string: savedCourse
08-04 13:15:18.424 21360 21377 I art     : Explicit concurrent mark sweep GC freed 4454(205KB) AllocSpace objects, 1(14MB) LOS objects, 32% free, 33MB/49MB, paused 173us total 33.351ms
08-04 13:15:18.715 21360 21377 I art     : Starting a blocking GC Explicit
08-04 13:15:18.754 21360 21377 I art     : Explicit concurrent mark sweep GC freed 1702(92KB) AllocSpace objects, 1(20KB) LOS objects, 32% free, 33MB/49MB, paused 153us total 38.961ms
08-04 13:15:18.768 21360 21377 I art     : Starting a blocking GC Explicit
08-04 13:15:18.804 21360 21377 I art     : Explicit concurrent mark sweep GC freed 65(2640B) AllocSpace objects, 0(0B) LOS objects, 32% free, 33MB/49MB, paused 142us total 35.803ms
08-04 13:15:18.817 21360 21377 I art     : Starting a blocking GC Explicit
08-04 13:15:18.853 21360 21377 I art     : Explicit concurrent mark sweep GC freed 3(96B) AllocSpace objects, 0(0B) LOS objects, 32% free, 33MB/49MB, paused 142us total 35.794ms
08-04 13:15:18.866 21360 21377 I art     : Starting a blocking GC Explicit
08-04 13:15:18.902 21360 21377 I art     : Explicit concurrent mark sweep GC freed 3(96B) AllocSpace objects, 0(0B) LOS objects, 32% free, 33MB/49MB, paused 138us total 34.963ms
08-04 13:15:18.914 21360 21377 I art     : Starting a blocking GC Explicit
08-04 13:15:18.949 21360 21377 I art     : Explicit concurrent mark sweep GC freed 3(96B) AllocSpace objects, 0(0B) LOS objects, 32% free, 33MB/49MB, paused 143us total 34.645ms
08-04 13:15:19.247 21360 21592 I art     : Starting a blocking GC Explicit
08-04 13:15:19.293 21360 21592 I art     : Explicit concurrent mark sweep GC freed 1274(74KB) AllocSpace objects, 1(20KB) LOS objects, 32% free, 33MB/49MB, paused 152us total 45.816ms
08-04 13:15:19.307 21360 21592 I art     : Starting a blocking GC Explicit
08-04 13:15:19.339 21360 21592 I art     : Explicit concurrent mark sweep GC freed 18(624B) AllocSpace objects, 0(0B) LOS objects, 32% free, 33MB/49MB, paused 134us total 31.857ms
08-04 13:15:19.351 21360 21592 I art     : Starting a blocking GC Explicit
08-04 13:15:19.387 21360 21592 I art     : Explicit concurrent mark sweep GC freed 3(96B) AllocSpace objects, 0(0B) LOS objects, 32% free, 33MB/49MB, paused 149us total 35.981ms
08-04 13:15:19.400 21360 21592 I art     : Starting a blocking GC Explicit
08-04 13:15:19.436 21360 21592 I art     : Explicit concurrent mark sweep GC freed 3(96B) AllocSpace objects, 0(0B) LOS objects, 32% free, 33MB/49MB, paused 142us total 35.394ms
08-04 13:15:19.448 21360 21592 I art     : Starting a blocking GC Explicit
08-04 13:15:19.485 21360 21592 I art     : Explicit concurrent mark sweep GC freed 3(96B) AllocSpace objects, 0(0B) LOS objects, 32% free, 33MB/49MB, paused 164us total 35.939ms
08-04 13:15:19.778 21360 21375 I art     : Starting a blocking GC Explicit
08-04 13:15:19.824 21360 21375 I art     : Explicit concurrent mark sweep GC freed 1274(74KB) AllocSpace objects, 1(20KB) LOS objects, 32% free, 33MB/49MB, paused 163us total 46.142ms
08-04 13:15:19.839 21360 21375 I art     : Starting a blocking GC Explicit
08-04 13:15:19.871 21360 21375 I art     : Explicit concurrent mark sweep GC freed 18(624B) AllocSpace objects, 0(0B) LOS objects, 32% free, 33MB/49MB, paused 130us total 31.911ms
08-04 13:15:19.879 13866 13882 I PeriodicStatsRunner: PeriodicStatsRunner.call():175 call()
08-04 13:15:19.880 13866 13882 I PeriodicStatsRunner: PeriodicStatsRunner.call():179 No submit PeriodicStats since input started.
08-04 13:15:19.883 21360 21375 I art     : Starting a blocking GC Explicit
08-04 13:15:19.918 21360 21375 I art     : Explicit concurrent mark sweep GC freed 3(96B) AllocSpace objects, 0(0B) LOS objects, 32% free, 33MB/49MB, paused 137us total 34.675ms
08-04 13:15:19.931 21360 21375 I art     : Starting a blocking GC Explicit
08-04 13:15:19.966 21360 21375 I art     : Explicit concurrent mark sweep GC freed 3(96B) AllocSpace objects, 0(0B) LOS objects, 32% free, 33MB/49MB, paused 135us total 35.118ms
08-04 13:15:19.979 21360 21375 I art     : Starting a blocking GC Explicit
08-04 13:15:20.013 21360 21375 I art     : Explicit concurrent mark sweep GC freed 3(96B) AllocSpace objects, 0(0B) LOS objects, 32% free, 33MB/49MB, paused 137us total 34.741ms
08-04 13:15:20.317 21360 21592 I art     : Starting a blocking GC Explicit
08-04 13:15:20.370 21360 21592 I art     : Explicit concurrent mark sweep GC freed 1275(74KB) AllocSpace objects, 1(20KB) LOS objects, 32% free, 33MB/49MB, paused 163us total 52.580ms
08-04 13:15:20.387 21360 21592 I art     : Starting a blocking GC Explicit
08-04 13:15:20.421 21360 21592 I art     : Explicit concurrent mark sweep GC freed 20(704B) AllocSpace objects, 0(0B) LOS objects, 32% free, 33MB/49MB, paused 140us total 33.573ms
08-04 13:15:20.433 21360 21592 I art     : Starting a blocking GC Explicit
08-04 13:15:20.467 21360 21592 I art     : Explicit concurrent mark sweep GC freed 3(96B) AllocSpace objects, 0(0B) LOS objects, 32% free, 33MB/49MB, paused 240us total 34.089ms
08-04 13:15:20.480 21360 21592 I art     : Starting a blocking GC Explicit
08-04 13:15:20.515 21360 21592 I art     : Explicit concurrent mark sweep GC freed 3(96B) AllocSpace objects, 0(0B) LOS objects, 32% free, 33MB/49MB, paused 140us total 34.979ms
08-04 13:15:20.527 21360 21592 I art     : Starting a blocking GC Explicit
08-04 13:15:20.562 21360 21592 I art     : Explicit concurrent mark sweep GC freed 3(96B) AllocSpace objects, 0(0B) LOS objects, 32% free, 33MB/49MB, paused 142us total 34.679ms
08-04 13:15:20.872 21360 21375 I art     : Starting a blocking GC Explicit
08-04 13:15:20.925 21360 21375 I art     : Explicit concurrent mark sweep GC freed 1274(74KB) AllocSpace objects, 1(20KB) LOS objects, 32% free, 33MB/49MB, paused 161us total 52.391ms
08-04 13:15:20.941 21360 21375 I art     : Starting a blocking GC Explicit
08-04 13:15:20.972 21360 21375 I art     : Explicit concurrent mark sweep GC freed 18(624B) AllocSpace objects, 0(0B) LOS objects, 32% free, 33MB/49MB, paused 124us total 31.034ms
08-04 13:15:20.984 21360 21375 I art     : Starting a blocking GC Explicit
08-04 13:15:21.015 21360 21375 I art     : Explicit concurrent mark sweep GC freed 3(96B) AllocSpace objects, 0(0B) LOS objects, 32% free, 33MB/49MB, paused 125us total 30.981ms
08-04 13:15:21.026 21360 21375 I art     : Starting a blocking GC Explicit
08-04 13:15:21.058 21360 21375 I art     : Explicit concurrent mark sweep GC freed 3(96B) AllocSpace objects, 0(0B) LOS objects, 32% free, 33MB/49MB, paused 128us total 31.468ms
08-04 13:15:21.069 21360 21375 I art     : Starting a blocking GC Explicit
08-04 13:15:21.101 21360 21375 I art     : Explicit concurrent mark sweep GC freed 3(96B) AllocSpace objects, 0(0B) LOS objects, 32% free, 33MB/49MB, paused 134us total 31.199ms
08-04 13:15:21.294 21739 21739 D AndroidRuntime: >>>>>> START com.android.internal.os.RuntimeInit uid 2000 <<<<<<
08-04 13:15:21.298 21739 21739 D AndroidRuntime: CheckJNI is OFF
08-04 13:15:21.323 21739 21739 D ICU     : No timezone override file found: /data/misc/zoneinfo/current/icu/icu_tzdata.dat
08-04 13:15:21.349 21739 21739 I Radio-JNI: register_android_hardware_Radio DONE
08-04 13:15:21.364 21739 21739 D AndroidRuntime: Calling main entry com.android.commands.input.Input
08-04 13:15:21.366 21739 21739 I Input   : injectMotionEvent: MotionEvent { action=ACTION_DOWN, actionButton=0, id[0]=0, x[0]=526.0, y[0]=704.0, toolType[0]=TOOL_TYPE_UNKNOWN, buttonState=0, metaState=0, flags=0x0, edgeFlags=0x0, pointerCount=1, historySize=0, eventTime=710137779, downTime=710137779, deviceId=0, source=0x1002 }
08-04 13:15:21.370 21739 21739 I Input   : injectMotionEvent: MotionEvent { action=ACTION_UP, actionButton=0, id[0]=0, x[0]=526.0, y[0]=704.0, toolType[0]=TOOL_TYPE_UNKNOWN, buttonState=0, metaState=0, flags=0x0, edgeFlags=0x0, pointerCount=1, historySize=0, eventTime=710137779, downTime=710137779, deviceId=0, source=0x1002 }
08-04 13:15:21.372 21739 21739 D AndroidRuntime: Shutting down VM
08-04 13:15:21.394 21360 21592 I art     : Starting a blocking GC Explicit
08-04 13:15:21.405 32231 32256 I Finsky  : [5699] ktr.run(-1): Stats for Executor: BlockingExecutor kvs@6d4ca7b[Running, pool size = 1, active threads = 0, queued tasks = 0, completed tasks = 116]
08-04 13:15:21.405 32231 32256 I Finsky  : [5699] ktr.run(-1): Stats for Executor: LightweightExecutor kvs@46de098[Running, pool size = 4, active threads = 0, queued tasks = 0, completed tasks = 79]
08-04 13:15:21.434 21360 21592 I art     : Explicit concurrent mark sweep GC freed 1293(75KB) AllocSpace objects, 1(20KB) LOS objects, 32% free, 33MB/49MB, paused 171us total 40.259ms
08-04 13:15:21.439   512  2967 D audio_hw_primary: out_set_parameters: enter: usecase(1: low-latency-playback) kvpairs: routing=2
08-04 13:15:21.448 21360 21592 I art     : Starting a blocking GC Explicit
08-04 13:15:21.451   512  2967 D audio_hw_primary: select_devices: out_snd_device(2: speaker) in_snd_device(0: none)
08-04 13:15:21.451   512  2967 D msm8974_platform: platform_send_audio_calibration: sending audio calibration for snd_device(2) acdb_id(15)
08-04 13:15:21.452   512  2967 I soundtrigger: audio_extn_sound_trigger_update_device_status: device 0x2 of type 0 for Event 1
08-04 13:15:21.462   512  2967 D audio_hw_primary: enable_snd_device: snd_device(2: speaker)
08-04 13:15:21.463   512  2967 D audio_hw_primary: enable_audio_route: apply and update mixer path: low-latency-playback speaker
08-04 13:15:21.483 21360 21592 I art     : Explicit concurrent mark sweep GC freed 644(49KB) AllocSpace objects, 1(20KB) LOS objects, 32% free, 33MB/49MB, paused 200us total 34.479ms
08-04 13:15:21.495 21360 21592 I art     : Starting a blocking GC Explicit
08-04 13:15:21.528 21360 21592 I art     : Explicit concurrent mark sweep GC freed 185(11KB) AllocSpace objects, 0(0B) LOS objects, 32% free, 33MB/49MB, paused 166us total 32.699ms
08-04 13:15:21.539 21360 21592 I art     : Starting a blocking GC Explicit
08-04 13:15:21.558 32231 32256 I Finsky  : [5699] ktr.run(-1): Stats for Executor: bgExecutor kvs@ac720f1[Running, pool size = 4, active threads = 0, queued tasks = 0, completed tasks = 388]
08-04 13:15:21.571 21360 21592 I art     : Explicit concurrent mark sweep GC freed 74(3KB) AllocSpace objects, 0(0B) LOS objects, 32% free, 33MB/49MB, paused 156us total 31.813ms
08-04 13:15:21.583 21360 21592 I art     : Starting a blocking GC Explicit
08-04 13:15:21.617 21360 21592 I art     : Explicit concurrent mark sweep GC freed 7(224B) AllocSpace objects, 0(0B) LOS objects, 32% free, 33MB/49MB, paused 141us total 33.225ms
08-04 13:15:21.869 21360 21763 I art     : Starting a blocking GC Explicit
08-04 13:15:21.920 21360 21763 I art     : Explicit concurrent mark sweep GC freed 1280(75KB) AllocSpace objects, 1(20KB) LOS objects, 32% free, 33MB/49MB, paused 163us total 50.560ms
08-04 13:15:21.938 21360 21763 I art     : Starting a blocking GC Explicit
08-04 13:15:21.975 21360 21763 I art     : Explicit concurrent mark sweep GC freed 24(816B) AllocSpace objects, 0(0B) LOS objects, 32% free, 33MB/49MB, paused 138us total 36.026ms
08-04 13:15:21.991 21360 21763 I art     : Starting a blocking GC Explicit
08-04 13:15:21.999   512  2967 D audio_hw_primary: disable_audio_route: reset and update mixer path: low-latency-playback speaker
08-04 13:15:22.001   512  2967 D audio_hw_primary: disable_snd_device: snd_device(2: speaker)
08-04 13:15:22.010   512  2967 I soundtrigger: audio_extn_sound_trigger_update_device_status: device 0x2 of type 0 for Event 0
08-04 13:15:22.035 21360 21763 I art     : Explicit concurrent mark sweep GC freed 3(96B) AllocSpace objects, 0(0B) LOS objects, 32% free, 33MB/49MB, paused 153us total 43.696ms
08-04 13:15:22.052 21360 21763 I art     : Starting a blocking GC Explicit
08-04 13:15:22.093 21360 21763 I art     : Explicit concurrent mark sweep GC freed 3(96B) AllocSpace objects, 0(0B) LOS objects, 32% free, 33MB/49MB, paused 141us total 40.785ms
08-04 13:15:22.107 21360 21763 I art     : Starting a blocking GC Explicit
08-04 13:15:22.144 21360 21763 I art     : Explicit concurrent mark sweep GC freed 5(160B) AllocSpace objects, 0(0B) LOS objects, 32% free, 33MB/49MB, paused 134us total 36.456ms
08-04 13:15:22.421 21360 21592 I art     : Starting a blocking GC Explicit
08-04 13:15:22.475 21360 21592 I art     : Explicit concurrent mark sweep GC freed 1280(75KB) AllocSpace objects, 1(20KB) LOS objects, 32% free, 33MB/49MB, paused 174us total 53.350ms
08-04 13:15:22.493 21360 21592 I art     : Starting a blocking GC Explicit
08-04 13:15:22.528 21360 21592 I art     : Explicit concurrent mark sweep GC freed 20(688B) AllocSpace objects, 0(0B) LOS objects, 32% free, 33MB/49MB, paused 141us total 35.001ms
08-04 13:15:22.540 21360 21592 I art     : Starting a blocking GC Explicit
08-04 13:15:22.578 21360 21592 I art     : Explicit concurrent mark sweep GC freed 3(96B) AllocSpace objects, 0(0B) LOS objects, 32% free, 33MB/49MB, paused 148us total 37.955ms
08-04 13:15:22.591 21360 21592 I art     : Starting a blocking GC Explicit
08-04 13:15:22.625 21360 21592 I art     : Explicit concurrent mark sweep GC freed 3(96B) AllocSpace objects, 0(0B) LOS objects, 32% free, 33MB/49MB, paused 133us total 33.748ms
08-04 13:15:22.627   918  5952 I ActivityManager: Killing 6677:com.google.android.webview:webview_service/u0a74 (adj 15): empty #17
08-04 13:15:22.638 21360 21592 I art     : Starting a blocking GC Explicit
08-04 13:15:22.667 21360 21592 I art     : Explicit concurrent mark sweep GC freed 3(96B) AllocSpace objects, 0(0B) LOS objects, 32% free, 33MB/49MB, paused 131us total 28.858ms
08-04 13:15:22.701   918  3261 D WifiStateMachine: starting scan for "H369AA63323"WPA_PSK with 2412,5180
08-04 13:15:22.902 21784 21784 D AndroidRuntime: >>>>>> START com.android.internal.os.RuntimeInit uid 2000 <<<<<<
08-04 13:15:22.907 21360 21763 I art     : Starting a blocking GC Explicit
08-04 13:15:22.907 21784 21784 D AndroidRuntime: CheckJNI is OFF
08-04 13:15:22.938 21784 21784 D ICU     : No timezone override file found: /data/misc/zoneinfo/current/icu/icu_tzdata.dat
08-04 13:15:22.946 21360 21763 I art     : Explicit concurrent mark sweep GC freed 1279(75KB) AllocSpace objects, 1(20KB) LOS objects, 32% free, 33MB/49MB, paused 167us total 39.497ms
08-04 13:15:22.959 21360 21763 I art     : Starting a blocking GC Explicit
08-04 13:15:22.965 21784 21784 I Radio-JNI: register_android_hardware_Radio DONE
08-04 13:15:22.981 21784 21784 D AndroidRuntime: Calling main entry com.android.commands.input.Input
08-04 13:15:22.983 21784 21784 I Input   : injectMotionEvent: MotionEvent { action=ACTION_DOWN, actionButton=0, id[0]=0, x[0]=1197.0, y[0]=1456.0, toolType[0]=TOOL_TYPE_UNKNOWN, buttonState=0, metaState=0, flags=0x0, edgeFlags=0x0, pointerCount=1, historySize=0, eventTime=710139396, downTime=710139396, deviceId=0, source=0x1002 }
08-04 13:15:22.989 21784 21784 I Input   : injectMotionEvent: MotionEvent { action=ACTION_UP, actionButton=0, id[0]=0, x[0]=1197.0, y[0]=1456.0, toolType[0]=TOOL_TYPE_UNKNOWN, buttonState=0, metaState=0, flags=0x0, edgeFlags=0x0, pointerCount=1, historySize=0, eventTime=710139396, downTime=710139396, deviceId=0, source=0x1002 }
08-04 13:15:22.990 21784 21784 D AndroidRuntime: Shutting down VM
08-04 13:15:22.992 21360 21763 I art     : Explicit concurrent mark sweep GC freed 20(656B) AllocSpace objects, 0(0B) LOS objects, 32% free, 33MB/49MB, paused 152us total 33.208ms
08-04 13:15:22.999   512  2967 D audio_hw_primary: out_set_parameters: enter: usecase(1: low-latency-playback) kvpairs: routing=2
08-04 13:15:23.004 21360 21763 I art     : Starting a blocking GC Explicit
08-04 13:15:23.011   512  2967 D audio_hw_primary: select_devices: out_snd_device(2: speaker) in_snd_device(0: none)
08-04 13:15:23.012   512  2967 D msm8974_platform: platform_send_audio_calibration: sending audio calibration for snd_device(2) acdb_id(15)
08-04 13:15:23.012   512  2967 I soundtrigger: audio_extn_sound_trigger_update_device_status: device 0x2 of type 0 for Event 1
08-04 13:15:23.017 21360 21360 I SettingsManager: Setting string: savedCourse
08-04 13:15:23.023   512  2967 D audio_hw_primary: enable_snd_device: snd_device(2: speaker)
08-04 13:15:23.025   512  2967 D audio_hw_primary: enable_audio_route: apply and update mixer path: low-latency-playback speaker
08-04 13:15:23.026   918  3359 W BackupManagerService: dataChanged but no participant pkg='baseline.com.ak.uobtimetable' uid=10659
08-04 13:15:23.027   918  5481 I ActivityManager: START u0 {flg=0x4000000 cmp=baseline.com.ak.uobtimetable/.MainActivity (has extras)} from uid 10659 on display 0
08-04 13:15:23.040 21360 21763 I art     : Explicit concurrent mark sweep GC freed 2647(127KB) AllocSpace objects, 1(20KB) LOS objects, 32% free, 33MB/49MB, paused 229us total 35.703ms
08-04 13:15:23.042   918  6111 W InputMethodManagerService: Focus gain on non-focused client com.android.internal.view.IInputMethodClient$Stub$Proxy@9378876 (uid=10659 pid=21360)
08-04 13:15:23.052 21360 21763 I art     : Starting a blocking GC Explicit
08-04 13:15:23.056 21360 21360 D MainActivity: OnDestroy
08-04 13:15:23.074 21360 21360 D MainActivity: onCreate
08-04 13:15:23.074 21360 21360 I SettingsManager: Getting string: savedSessions
08-04 13:15:23.074 21360 21360 I Settings: No saved sessions
08-04 13:15:23.087 21360 21763 I art     : Explicit concurrent mark sweep GC freed 642(35KB) AllocSpace objects, 0(0B) LOS objects, 32% free, 33MB/49MB, paused 233us total 34.498ms
08-04 13:15:23.098 21360 21360 I SettingsManager: Getting string: savedCourse
08-04 13:15:23.099 21360 21360 D MainActivity: sessionListFragmentArg: updateSessions
08-04 13:15:23.099 21360 21360 D MainActivity: showTermDatesConfigChange: false
08-04 13:15:23.099 21360 21360 D MainActivity: showTermDatesShortcut: false
08-04 13:15:23.099 21360 21763 I art     : Starting a blocking GC Explicit
08-04 13:15:23.102 21360 21360 D MainActivity: Setting initial fragment: SessionListsFragment
08-04 13:15:23.104 21360 21360 I SettingsManager: Getting int: launchCount
08-04 13:15:23.108 21360 21360 D SessionListsFragment: onCreateView
08-04 13:15:23.117 21360 21360 I SettingsManager: Getting string: savedCourse
08-04 13:15:23.119 21360 21360 I SettingsManager: Getting string: savedSessions
08-04 13:15:23.120 21360 21360 D SessionListsFragment: loadArgument: updateSessions
08-04 13:15:23.120 21360 21360 D SessionListsFragment: initialIndex: -1
08-04 13:15:23.122 21360 21807 D HTTP    : Request for: https://uob-timetable-api.adriankeenan.co.uk/sessions?dept=BD002&course=CFIEFAAF%2F02AA%2F0%2FFT&level=ALL+Courses
08-04 13:15:23.123 21360 21360 I WebViewFactory: Loading com.google.android.webview version 84.0.4147.89 (code 414708953)
08-04 13:15:23.136 21360 21763 I art     : Explicit concurrent mark sweep GC freed 5778(341KB) AllocSpace objects, 3(1396KB) LOS objects, 32% free, 33MB/49MB, paused 354us total 36.450ms
08-04 13:15:23.276 21360 21360 I cr_LibraryLoader: Loaded native library version number "84.0.4147.89"
08-04 13:15:23.277 21360 21360 I cr_CachingUmaRecorder: Flushed 5 samples from 5 histograms.
08-04 13:15:23.287   918  5481 I ActivityManager: Start proc 21817:com.google.android.webview:webview_service/u0a74 for service com.google.android.webview/org.chromium.android_webview.services.VariationsSeedServer
08-04 13:15:23.306 21360 21360 E chromium: [ERROR:filesystem_posix.cc(62)] mkdir /data/user/0/baseline.com.ak.uobtimetable/cache/WebView/Crashpad: No such file or directory (2)
08-04 13:15:23.316 21817 21817 I LoadedApk: No resource references to update in package com.google.android.webview_translations
08-04 13:15:23.371 21360 21377 I art     : Starting a blocking GC Explicit
08-04 13:15:23.376 21360 21807 I NAPPA_EXPERIMENTATION: MetricNetworkRequestExecutionTime: REQUEST_DURATION_SYSTEM='253',REQUEST_DURATION_OKHTTP='36',REQUEST_SYNCHRONOUS='TRUE',RESPONSE_CODE='200',RESPONSE_METHOD='GET',RESPONSE_LENGTH_OKHTTP='-1',RESPONSE_LENGTH_HEADER='867',REQUEST_PROTOCOL='http/1.1',REQUEST_URL='https://uob-timetable-api.adriankeenan.co.uk/sessions?dept=BD002&course=CFIEFAAF%2F02AA%2F0%2FFT&level=ALL+Courses',
08-04 13:15:23.384   918  4413 D ConnectivityService: listenForNetwork for Listen from uid/pid:10659/21360 for NetworkRequest [ id=2666, legacyType=-1, [ Capabilities: INTERNET&NOT_RESTRICTED&TRUSTED] ]
08-04 13:15:23.411 21360 21807 I HTTP    : Response was compressed.
08-04 13:15:23.418 21360 21845 W cr_media: Requires BLUETOOTH permission
08-04 13:15:23.422 21360 21377 I art     : Explicit concurrent mark sweep GC freed 11528(940KB) AllocSpace objects, 6(260KB) LOS objects, 31% free, 35MB/51MB, paused 1.457ms total 50.528ms
08-04 13:15:23.425 21360 21857 E libEGL  : validate_display:255 error 3008 (EGL_BAD_DISPLAY)
08-04 13:15:23.428 21360 21807 I Service : getSessions response time: 1.12
08-04 13:15:23.429 21360 21360 D TermDatesFragment: WebView loaded
08-04 13:15:23.429 21360 21360 D MainActivity: OnResume
08-04 13:15:23.436 21360 21377 I art     : Starting a blocking GC Explicit
08-04 13:15:23.478 21360 21377 I art     : Explicit concurrent mark sweep GC freed 6904(437KB) AllocSpace objects, 0(0B) LOS objects, 31% free, 35MB/51MB, paused 400us total 41.941ms
08-04 13:15:23.491 21360 21377 I art     : Starting a blocking GC Explicit
08-04 13:15:23.517 21360 21360 I TermDatesFragment: Webview load %: 10
08-04 13:15:23.517 21360 21360 I SettingsManager: Getting string: savedSessions
08-04 13:15:23.524 21360 21360 I SettingsManager: Setting string: savedSessions
08-04 13:15:23.528 21360 21377 I art     : Explicit concurrent mark sweep GC freed 7386(416KB) AllocSpace objects, 5(132KB) LOS objects, 31% free, 34MB/50MB, paused 801us total 36.597ms
08-04 13:15:23.530   918  6112 W BackupManagerService: dataChanged but no participant pkg='baseline.com.ak.uobtimetable' uid=10659
08-04 13:15:23.530 21360 21360 I SettingsManager: Setting date: savedSessionsTime
08-04 13:15:23.536   918   928 W BackupManagerService: dataChanged but no participant pkg='baseline.com.ak.uobtimetable' uid=10659
08-04 13:15:23.536 21360 21360 I SettingsManager: Setting string: savedSessionsCourseName
08-04 13:15:23.540 21360 21377 I art     : Starting a blocking GC Explicit
08-04 13:15:23.541   918  6110 W BackupManagerService: dataChanged but no participant pkg='baseline.com.ak.uobtimetable' uid=10659
08-04 13:15:23.541 21360 21360 I SettingsManager: Setting string: savedSessionsDateRange
08-04 13:15:23.546   918  3714 W BackupManagerService: dataChanged but no participant pkg='baseline.com.ak.uobtimetable' uid=10659
08-04 13:15:23.546 21360 21360 I SettingsManager: Setting string: timetableUrl
08-04 13:15:23.551   918  5132 W BackupManagerService: dataChanged but no participant pkg='baseline.com.ak.uobtimetable' uid=10659
08-04 13:15:23.551 21360 21360 I SettingsManager: Getting boolean: notifySessionRemindersEnabled
08-04 13:15:23.551 21360 21360 I SettingsManager: Getting int: notifySessionRemindersMinutes
08-04 13:15:23.551 21360 21360 I SettingsManager: Getting boolean: showHiddenSessions
08-04 13:15:23.558   512  2967 D audio_hw_primary: disable_audio_route: reset and update mixer path: low-latency-playback speaker
08-04 13:15:23.559   512  2967 D audio_hw_primary: disable_snd_device: snd_device(2: speaker)
08-04 13:15:23.566   512  2967 I soundtrigger: audio_extn_sound_trigger_update_device_status: device 0x2 of type 0 for Event 0
08-04 13:15:23.579 21360 21360 I SessionReminderNotifier: Created session reminder alarm for f7b4771250a919bd729c1c5a4a459c77 at Mon 08:30:00 10/08/20
08-04 13:15:23.584 21360 21360 I SessionReminderNotifier: Created session reminder alarm for a7f879aabdeb78622c8820a5fb7b64cd at Tue 08:30:00 11/08/20
08-04 13:15:23.585 21360 21377 I art     : Explicit concurrent mark sweep GC freed 3953(267KB) AllocSpace objects, 5(120KB) LOS objects, 31% free, 35MB/51MB, paused 4.687ms total 45.200ms
08-04 13:15:23.586 21360 21360 I SessionReminderNotifier: Created session reminder alarm for 7bc8d7e2c2055711f597c3d9078c6ea3 at Tue 08:30:00 11/08/20
08-04 13:15:23.587 21360 21360 I SessionReminderNotifier: Created session reminder alarm for e0fc978b5db8218778540b4053344581 at Tue 11:00:00 11/08/20
08-04 13:15:23.588 21360 21360 I SessionReminderNotifier: Created session reminder alarm for 21712fef61090882c855a1425543edb5 at Tue 13:30:00 04/08/20
08-04 13:15:23.589 21360 21360 I SessionReminderNotifier: Created session reminder alarm for 65ca4d97f031f29a4d02bbb45a705d8f at Wed 08:30:00 05/08/20
08-04 13:15:23.590 21360 21360 I SessionReminderNotifier: Created session reminder alarm for eeda7741b0bcab58fd9f46dc6ef1d942 at Wed 08:30:00 05/08/20
08-04 13:15:23.592 21360 21360 I SessionReminderNotifier: Created session reminder alarm for c276c1b2075a0beb67f1b3d1e580f920 at Wed 11:00:00 05/08/20
08-04 13:15:23.593 21360 21360 I SessionReminderNotifier: Created session reminder alarm for 79fe0b5c3b887a13ba29db5a33fa2800 at Thu 08:30:00 06/08/20
08-04 13:15:23.594 21360 21360 I SessionReminderNotifier: Created session reminder alarm for 2ba1034116e4fffdd592dbf0796a43d5 at Fri 08:30:00 07/08/20
08-04 13:15:23.594 21360 21360 I SettingsManager: Getting boolean: showHiddenSessions
08-04 13:15:23.595 21360 21360 D SessionListsFragment: 1 sessions for day 0
08-04 13:15:23.595 21360 21360 D SessionListsFragment: 4 sessions for day 1
08-04 13:15:23.595 21360 21360 D SessionListsFragment: 3 sessions for day 2
08-04 13:15:23.595 21360 21360 D SessionListsFragment: 1 sessions for day 3
08-04 13:15:23.595 21360 21360 D SessionListsFragment: 1 sessions for day 4
08-04 13:15:23.597 21360 21377 I art     : Starting a blocking GC Explicit
08-04 13:15:23.629 21360 21360 I SettingsManager: Getting boolean: showHiddenSessions
08-04 13:15:23.629 21360 21360 D SessionListsFragment: Refreshed ViewPager
08-04 13:15:23.629 21360 21360 I SettingsManager: Getting boolean: showHiddenSessions
08-04 13:15:23.630 21360 21360 I SettingsManager: Getting boolean: completedTutorial
08-04 13:15:23.634 21360 21377 I art     : Explicit concurrent mark sweep GC freed 3204(215KB) AllocSpace objects, 0(0B) LOS objects, 31% free, 35MB/51MB, paused 601us total 36.817ms
08-04 13:15:23.642 21360 21360 I SettingsManager: Getting boolean: showHiddenSessions
08-04 13:15:23.642 21360 21360 I SettingsManager: Getting date: savedSessionsTime
08-04 13:15:23.892 21360 21763 I art     : Starting a blocking GC Explicit
08-04 13:15:23.953 21360 21763 I art     : Explicit concurrent mark sweep GC freed 172729(6MB) AllocSpace objects, 4(220KB) LOS objects, 30% free, 37MB/53MB, paused 432us total 61.257ms
08-04 13:15:23.969 21360 21763 I art     : Starting a blocking GC Explicit
08-04 13:15:24.009 21360 21763 I art     : Explicit concurrent mark sweep GC freed 4972(512KB) AllocSpace objects, 0(0B) LOS objects, 30% free, 36MB/52MB, paused 417us total 39.752ms
08-04 13:15:24.022 21360 21763 I art     : Starting a blocking GC Explicit
08-04 13:15:24.031 13866 13866 I GoogleInputMethodServic: GoogleInputMethodService.onFinishInput():3138 
08-04 13:15:24.032 13866 13866 I GoogleInputMethodServic: GoogleInputMethodService.onStartInput():1808 
08-04 13:15:24.069 21360 21763 I art     : Explicit concurrent mark sweep GC freed 15965(633KB) AllocSpace objects, 0(0B) LOS objects, 30% free, 36MB/52MB, paused 886us total 46.474ms
08-04 13:15:24.084 21360 21763 I art     : Starting a blocking GC Explicit
08-04 13:15:24.134 21360 21763 I art     : Explicit concurrent mark sweep GC freed 32613(1319KB) AllocSpace objects, 0(0B) LOS objects, 30% free, 36MB/52MB, paused 776us total 50.094ms
08-04 13:15:24.149 21360 21763 I art     : Starting a blocking GC Explicit
08-04 13:15:24.204 21360 21763 I art     : Explicit concurrent mark sweep GC freed 37353(1541KB) AllocSpace objects, 0(0B) LOS objects, 30% free, 37MB/53MB, paused 816us total 54.587ms
08-04 13:15:24.279 21360 21360 I TermDatesFragment: Webview load %: 70
08-04 13:15:24.282   918   936 I ActivityManager: Displayed baseline.com.ak.uobtimetable/.MainActivity: +1s230ms
08-04 13:15:24.299 21360 21360 I TermDatesFragment: Webview load %: 80
08-04 13:15:24.299 21360 21360 I TermDatesFragment: Webview load %: 100
08-04 13:15:24.299 21360 21360 I TermDatesFragment: Webview load %: 100
08-04 13:15:24.482 21360 21592 I art     : Starting a blocking GC Explicit
08-04 13:15:24.531 21360 21592 I art     : Explicit concurrent mark sweep GC freed 18120(801KB) AllocSpace objects, 1(20KB) LOS objects, 30% free, 37MB/53MB, paused 236us total 48.484ms
08-04 13:15:24.546 21360 21592 I art     : Starting a blocking GC Explicit
08-04 13:15:24.591 21360 21592 I art     : Explicit concurrent mark sweep GC freed 1045(63KB) AllocSpace objects, 0(0B) LOS objects, 30% free, 36MB/52MB, paused 240us total 44.060ms
08-04 13:15:24.603 21360 21592 I art     : Starting a blocking GC Explicit
08-04 13:15:24.640 21360 21592 I art     : Explicit concurrent mark sweep GC freed 120985(11MB) AllocSpace objects, 3(136KB) LOS objects, 38% free, 25MB/41MB, paused 239us total 36.619ms
08-04 13:15:24.649 21360 21592 I art     : Starting a blocking GC Explicit
08-04 13:15:24.673 21360 21592 I art     : Explicit concurrent mark sweep GC freed 3(96B) AllocSpace objects, 0(0B) LOS objects, 38% free, 25MB/41MB, paused 234us total 23.321ms
08-04 13:15:24.682 21360 21592 I art     : Starting a blocking GC Explicit
08-04 13:15:24.707 21360 21592 I art     : Explicit concurrent mark sweep GC freed 3(96B) AllocSpace objects, 0(0B) LOS objects, 38% free, 25MB/41MB, paused 295us total 25.017ms
08-04 13:15:24.822   518   646 I ThermalEngine: ACTION: GPU - Setting GPU[0] to 510000000
08-04 13:15:25.029 21360 21377 I art     : Starting a blocking GC Explicit
08-04 13:15:25.071 21360 21377 I art     : Explicit concurrent mark sweep GC freed 1454(83KB) AllocSpace objects, 1(20KB) LOS objects, 38% free, 25MB/41MB, paused 343us total 41.252ms
08-04 13:15:25.083 21360 21377 I art     : Starting a blocking GC Explicit
08-04 13:15:25.116 21360 21377 I art     : Explicit concurrent mark sweep GC freed 18(624B) AllocSpace objects, 0(0B) LOS objects, 38% free, 25MB/41MB, paused 350us total 32.834ms
08-04 13:15:25.129 21360 21377 I art     : Starting a blocking GC Explicit
08-04 13:15:25.162 21360 21377 I art     : Explicit concurrent mark sweep GC freed 3(96B) AllocSpace objects, 0(0B) LOS objects, 38% free, 25MB/41MB, paused 325us total 33.230ms
08-04 13:15:25.174 21360 21377 I art     : Starting a blocking GC Explicit
08-04 13:15:25.208 21360 21377 I art     : Explicit concurrent mark sweep GC freed 4(160B) AllocSpace objects, 0(0B) LOS objects, 38% free, 25MB/41MB, paused 339us total 33.148ms
08-04 13:15:25.220 21360 21377 I art     : Starting a blocking GC Explicit
08-04 13:15:25.261 21360 21377 I art     : Explicit concurrent mark sweep GC freed 28(992B) AllocSpace objects, 0(0B) LOS objects, 38% free, 25MB/41MB, paused 326us total 40.339ms
08-04 13:15:25.572 21360 21377 I art     : Starting a blocking GC Explicit
08-04 13:15:25.606 21360 21377 I art     : Explicit concurrent mark sweep GC freed 1425(79KB) AllocSpace objects, 1(20KB) LOS objects, 38% free, 25MB/41MB, paused 336us total 33.742ms
08-04 13:15:25.622 21360 21377 I art     : Starting a blocking GC Explicit
08-04 13:15:25.653 21360 21377 I art     : Explicit concurrent mark sweep GC freed 24(816B) AllocSpace objects, 0(0B) LOS objects, 38% free, 25MB/41MB, paused 285us total 30.443ms
08-04 13:15:25.665 21360 21377 I art     : Starting a blocking GC Explicit
08-04 13:15:25.701 21360 21377 I art     : Explicit concurrent mark sweep GC freed 8(256B) AllocSpace objects, 0(0B) LOS objects, 38% free, 25MB/41MB, paused 528us total 35.890ms
08-04 13:15:25.713 21360 21377 I art     : Starting a blocking GC Explicit
08-04 13:15:25.749 21360 21377 I art     : Explicit concurrent mark sweep GC freed 9(288B) AllocSpace objects, 0(0B) LOS objects, 38% free, 25MB/41MB, paused 409us total 35.555ms
08-04 13:15:25.763 21360 21377 I art     : Starting a blocking GC Explicit
08-04 13:15:25.801 21360 21377 I art     : Explicit concurrent mark sweep GC freed 9(288B) AllocSpace objects, 0(0B) LOS objects, 38% free, 25MB/41MB, paused 343us total 38.589ms
08-04 13:15:26.134 21360 21763 I art     : Starting a blocking GC Explicit
08-04 13:15:26.178 21360 21763 I art     : Explicit concurrent mark sweep GC freed 1298(75KB) AllocSpace objects, 1(20KB) LOS objects, 38% free, 25MB/41MB, paused 364us total 42.939ms
08-04 13:15:26.193 21360 21763 I art     : Starting a blocking GC Explicit
08-04 13:15:26.228 21360 21763 I art     : Explicit concurrent mark sweep GC freed 18(624B) AllocSpace objects, 0(0B) LOS objects, 38% free, 25MB/41MB, paused 370us total 34.728ms
08-04 13:15:26.240 21360 21763 I art     : Starting a blocking GC Explicit
08-04 13:15:26.274 21360 21763 I art     : Explicit concurrent mark sweep GC freed 3(96B) AllocSpace objects, 0(0B) LOS objects, 38% free, 25MB/41MB, paused 335us total 33.945ms
08-04 13:15:26.287 21360 21763 I art     : Starting a blocking GC Explicit
08-04 13:15:26.321 21360 21763 I art     : Explicit concurrent mark sweep GC freed 3(96B) AllocSpace objects, 0(0B) LOS objects, 38% free, 25MB/41MB, paused 329us total 33.565ms
08-04 13:15:26.333 21360 21763 I art     : Starting a blocking GC Explicit
08-04 13:15:26.368 21360 21763 I art     : Explicit concurrent mark sweep GC freed 3(96B) AllocSpace objects, 0(0B) LOS objects, 38% free, 25MB/41MB, paused 335us total 33.982ms
08-04 13:15:26.730 21360 21377 I art     : Starting a blocking GC Explicit
08-04 13:15:26.772 21360 21377 I art     : Explicit concurrent mark sweep GC freed 1293(75KB) AllocSpace objects, 1(20KB) LOS objects, 38% free, 25MB/41MB, paused 336us total 42.354ms
08-04 13:15:26.785 21360 21377 I art     : Starting a blocking GC Explicit
08-04 13:15:26.819 21360 21377 I art     : Explicit concurrent mark sweep GC freed 18(624B) AllocSpace objects, 0(0B) LOS objects, 38% free, 25MB/41MB, paused 319us total 34.224ms
08-04 13:15:26.832 21360 21377 I art     : Starting a blocking GC Explicit
08-04 13:15:26.867 21360 21377 I art     : Explicit concurrent mark sweep GC freed 3(96B) AllocSpace objects, 0(0B) LOS objects, 38% free, 25MB/41MB, paused 313us total 34.446ms
08-04 13:15:26.879 21360 21377 I art     : Starting a blocking GC Explicit
08-04 13:15:26.912 21360 21377 I art     : Explicit concurrent mark sweep GC freed 3(96B) AllocSpace objects, 0(0B) LOS objects, 38% free, 25MB/41MB, paused 339us total 33.187ms
08-04 13:15:26.925 21360 21377 I art     : Starting a blocking GC Explicit
08-04 13:15:26.958 21360 21377 I art     : Explicit concurrent mark sweep GC freed 3(96B) AllocSpace objects, 0(0B) LOS objects, 38% free, 25MB/41MB, paused 320us total 32.988ms
08-04 13:15:26.988 32231 32231 I Finsky  : [1] xow.onStartJob(3): SCH: onJobSchedulerWakeup with jobId 9016
08-04 13:15:26.998 32231 32231 I Finsky  : [1] xjw.a(9): Scheduling fallback in 43199997 (absolute: 1736730869)
08-04 13:15:27.001 32231 32231 I Finsky  : [1] xjw.a(9): Scheduling fallback in 64799997 (absolute: 1758330873)
08-04 13:15:27.007 32231 32231 I Finsky  : [1] xow.onStartJob(3): SCH: onJobSchedulerWakeup with jobId 9011
08-04 13:15:27.013 32231 32231 I Finsky  : [1] xjw.a(9): Scheduling fallback in 43199998 (absolute: 1736730886)
08-04 13:15:27.016 32231 32231 I Finsky  : [1] xjw.a(9): Scheduling fallback in 64799998 (absolute: 1758330888)
08-04 13:15:27.019 32231 32231 W Finsky  : [1] xow.onStartJob(9): SCH: onJobSchedulerWakeup while already running
08-04 13:15:27.029   918  3188 I hubconnection: sensorhub said: 'set_bias 3: -6.2400, 0.0000, 0.0000'
08-04 13:15:27.121 32231 32231 I Finsky  : [1] xkf.handleMessage(8): SCH: DeviceState: DeviceState{currentTime=1596539727108, isCharging=false, isIdle=false, netAny=true, netNotRoaming=true, netUnmetered=true, batteryPercent=100.0}
08-04 13:15:27.128 32231 21316 I Finsky  : [6034] xmu.a(8): SCH: Jobs in database: 1-1337 3-191 3-192 12-1 24-77777777 26-1414141414 
08-04 13:15:27.134 32231 32231 I Finsky  : [1] xkg.a(16): SCH: Running job: 12-1
08-04 13:15:27.134 32231 32231 I Finsky  : [1] ContentSyncJob.a(16): [ContentSync] job started
08-04 13:15:27.135 32231 32231 I Finsky  : [1] xkf.handleMessage(61): SCH: RunningQueue size: 1, PendingQueue size: 0
08-04 13:15:27.136 32231 32231 I Finsky  : [1] xkf.handleMessage(64): SCH: Running queue: 12-1 
08-04 13:15:27.224 32231 21346 I Finsky  : [6040] dzn.a(22): Completed 0 account content syncs with 0 successful.
08-04 13:15:27.225 32231 32231 I Finsky  : [1] ContentSyncJob.a(1): [ContentSync] Installation state replication succeeded.
08-04 13:15:27.226 32231 32231 I Finsky  : [1] xlr.a(13): SCH: jobFinished: 12-1. TimeElapsed: 92ms.
08-04 13:15:27.227 32231 32231 I Finsky  : [1] xkg.a(36): SCH: Job 12-1 finished. Not rescheduling.
08-04 13:15:27.228 32231 32231 I Finsky  : [1] xkf.handleMessage(61): SCH: RunningQueue size: 0, PendingQueue size: 0
08-04 13:15:27.229 32231 32231 I Finsky  : [1] xkf.handleMessage(25): Executor finished
08-04 13:15:27.246 32231 32231 I Finsky  : [1] xmu.a(8): SCH: Jobs in database: 1-1337 3-191 3-192 24-77777777 26-1414141414 
08-04 13:15:27.249 32231 32231 I Finsky  : [1] xio.a(57): SCH: ConstraintMapping: 24-77777777,  -> L: 0ms, D: 28473589ms, C: false, I: true, N: 0
08-04 13:15:27.249 32231 32231 I Finsky  : [1] xio.a(57): SCH: ConstraintMapping: 1-1337,  -> L: 13630804ms, D: 31825664ms, C: false, I: false, N: 1
08-04 13:15:27.250 32231 32231 I Finsky  : [1] xio.a(57): SCH: ConstraintMapping: 3-191,  -> L: 0ms, D: 72535537ms, C: false, I: true, N: 2
08-04 13:15:27.250 32231 32231 I Finsky  : [1] xio.a(57): SCH: ConstraintMapping: 3-192,  -> L: 0ms, D: 72535610ms, C: true, I: true, N: 2
08-04 13:15:27.251 32231 32231 I Finsky  : [1] xio.a(57): SCH: ConstraintMapping: 26-1414141414,  -> L: 35938789ms, D: 36838789ms, C: false, I: false, N: 0
08-04 13:15:27.262 32231 32231 I Finsky  : [1] xle.a(34): Cancelling existing jobscheduler jobs: 9012 9014 9019 9013 9001 9017 9015 9018 
08-04 13:15:27.263 32231 32231 I Finsky  : [1] xle.a(10): Throttling wakeup for job 9000 (expected to run in 0 ms) due to recent wakeup
08-04 13:15:27.263 32231 32231 I Finsky  : [1] xle.a(27): Scheduling job Id: 9000, L: 30000, D: 28473589, C: false, I: true, N: 0
08-04 13:15:27.265 32231 32231 I Finsky  : [1] xle.a(27): Scheduling job Id: 9002, L: 13630804, D: 31825664, C: false, I: false, N: 1
08-04 13:15:27.266 32231 32231 I Finsky  : [1] xle.a(10): Throttling wakeup for job 9003 (expected to run in 0 ms) due to recent wakeup
08-04 13:15:27.267 32231 32231 I Finsky  : [1] xle.a(27): Scheduling job Id: 9003, L: 30000, D: 72535537, C: false, I: true, N: 2
08-04 13:15:27.268 32231 32231 I Finsky  : [1] xle.a(10): Throttling wakeup for job 9004 (expected to run in 0 ms) due to recent wakeup
08-04 13:15:27.268 32231 32231 I Finsky  : [1] xle.a(27): Scheduling job Id: 9004, L: 30000, D: 72535610, C: true, I: true, N: 2
08-04 13:15:27.269 21360 21879 I art     : Starting a blocking GC Explicit
08-04 13:15:27.269 32231 32231 I Finsky  : [1] xle.a(27): Scheduling job Id: 9005, L: 35938789, D: 36838789, C: false, I: false, N: 0
08-04 13:15:27.271 32231 32231 I Finsky  : [1] xle.a(10): Throttling wakeup for job 9006 (expected to run in 0 ms) due to recent wakeup
08-04 13:15:27.271 32231 32231 I Finsky  : [1] xle.a(27): Scheduling job Id: 9006, L: 30000, D: 28473589, C: false, I: true, N: 0
08-04 13:15:27.272 32231 32231 I Finsky  : [1] xle.a(27): Scheduling job Id: 9007, L: 13630804, D: 31825664, C: false, I: false, N: 1
08-04 13:15:27.273 32231 32231 I Finsky  : [1] xle.a(10): Throttling wakeup for job 9008 (expected to run in 0 ms) due to recent wakeup
08-04 13:15:27.274 32231 32231 I Finsky  : [1] xle.a(27): Scheduling job Id: 9008, L: 30000, D: 72535537, C: false, I: true, N: 2
08-04 13:15:27.275 32231 32231 I Finsky  : [1] xle.a(10): Throttling wakeup for job 9009 (expected to run in 0 ms) due to recent wakeup
08-04 13:15:27.275 32231 32231 I Finsky  : [1] xle.a(27): Scheduling job Id: 9009, L: 30000, D: 72535610, C: true, I: true, N: 2
08-04 13:15:27.277 32231 32231 I Finsky  : [1] xle.a(27): Scheduling job Id: 9010, L: 35938789, D: 36838789, C: false, I: false, N: 0
08-04 13:15:27.301 21360 21879 I art     : Explicit concurrent mark sweep GC freed 1306(76KB) AllocSpace objects, 1(20KB) LOS objects, 38% free, 25MB/41MB, paused 415us total 31.181ms
08-04 13:15:27.312 21360 21879 I art     : Starting a blocking GC Explicit
08-04 13:15:27.351 21360 21879 I art     : Explicit concurrent mark sweep GC freed 23(1248B) AllocSpace objects, 0(0B) LOS objects, 38% free, 25MB/41MB, paused 518us total 38.233ms
08-04 13:15:27.365 21360 21879 I art     : Starting a blocking GC Explicit
08-04 13:15:27.397 21360 21879 I art     : Explicit concurrent mark sweep GC freed 3(96B) AllocSpace objects, 0(0B) LOS objects, 38% free, 25MB/41MB, paused 351us total 31.790ms
08-04 13:15:27.409 21360 21879 I art     : Starting a blocking GC Explicit
08-04 13:15:27.441 21360 21879 I art     : Explicit concurrent mark sweep GC freed 4(112B) AllocSpace objects, 0(0B) LOS objects, 38% free, 25MB/41MB, paused 331us total 31.387ms
08-04 13:15:27.453 21360 21879 I art     : Starting a blocking GC Explicit
08-04 13:15:27.484 21360 21879 I art     : Explicit concurrent mark sweep GC freed 6(144B) AllocSpace objects, 0(0B) LOS objects, 38% free, 25MB/41MB, paused 378us total 31.224ms
08-04 13:15:27.625 21942 21942 D AndroidRuntime: >>>>>> START com.android.internal.os.RuntimeInit uid 2000 <<<<<<
08-04 13:15:27.631 21942 21942 D AndroidRuntime: CheckJNI is OFF
08-04 13:15:27.663 21942 21942 D ICU     : No timezone override file found: /data/misc/zoneinfo/current/icu/icu_tzdata.dat
08-04 13:15:27.695 21942 21942 I Radio-JNI: register_android_hardware_Radio DONE
08-04 13:15:27.717 21942 21942 D AndroidRuntime: Calling main entry com.android.commands.input.Input
08-04 13:15:27.719 21942 21942 I Input   : injectMotionEvent: MotionEvent { action=ACTION_DOWN, actionButton=0, id[0]=0, x[0]=1215.0, y[0]=1450.0, toolType[0]=TOOL_TYPE_UNKNOWN, buttonState=0, metaState=0, flags=0x0, edgeFlags=0x0, pointerCount=1, historySize=0, eventTime=710144132, downTime=710144132, deviceId=0, source=0x1002 }
08-04 13:15:27.725 21942 21942 I Input   : injectMotionEvent: MotionEvent { action=ACTION_UP, actionButton=0, id[0]=0, x[0]=1215.0, y[0]=1450.0, toolType[0]=TOOL_TYPE_UNKNOWN, buttonState=0, metaState=0, flags=0x0, edgeFlags=0x0, pointerCount=1, historySize=0, eventTime=710144132, downTime=710144132, deviceId=0, source=0x1002 }
08-04 13:15:27.726 21942 21942 D AndroidRuntime: Shutting down VM
08-04 13:15:27.739   512  2967 D audio_hw_primary: out_set_parameters: enter: usecase(1: low-latency-playback) kvpairs: routing=2
08-04 13:15:27.753   512  2967 D audio_hw_primary: select_devices: out_snd_device(2: speaker) in_snd_device(0: none)
08-04 13:15:27.753   512  2967 D msm8974_platform: platform_send_audio_calibration: sending audio calibration for snd_device(2) acdb_id(15)
08-04 13:15:27.753   512  2967 I soundtrigger: audio_extn_sound_trigger_update_device_status: device 0x2 of type 0 for Event 1
08-04 13:15:27.765   512  2967 D audio_hw_primary: enable_snd_device: snd_device(2: speaker)
08-04 13:15:27.767   512  2967 D audio_hw_primary: enable_audio_route: apply and update mixer path: low-latency-playback speaker
08-04 13:15:27.793 21360 21377 I art     : Starting a blocking GC Explicit
08-04 13:15:27.829 21360 21377 I art     : Explicit concurrent mark sweep GC freed 1788(113KB) AllocSpace objects, 1(20KB) LOS objects, 38% free, 25MB/41MB, paused 354us total 36.070ms
08-04 13:15:27.841 21360 21377 I art     : Starting a blocking GC Explicit
08-04 13:15:27.872 21360 21377 I art     : Explicit concurrent mark sweep GC freed 1193(84KB) AllocSpace objects, 1(40KB) LOS objects, 38% free, 25MB/41MB, paused 290us total 30.778ms
08-04 13:15:27.884 21360 21377 I art     : Starting a blocking GC Explicit
08-04 13:15:27.917 21360 21377 I art     : Explicit concurrent mark sweep GC freed 3(96B) AllocSpace objects, 0(0B) LOS objects, 38% free, 25MB/41MB, paused 365us total 32.754ms
08-04 13:15:27.932 21360 21377 I art     : Starting a blocking GC Explicit
08-04 13:15:27.970 21360 21377 I art     : Explicit concurrent mark sweep GC freed 3(96B) AllocSpace objects, 0(0B) LOS objects, 38% free, 25MB/41MB, paused 298us total 37.104ms
08-04 13:15:27.984 21360 21377 I art     : Starting a blocking GC Explicit
08-04 13:15:28.019 21360 21377 I art     : Explicit concurrent mark sweep GC freed 3(96B) AllocSpace objects, 0(0B) LOS objects, 38% free, 25MB/41MB, paused 300us total 34.452ms
08-04 13:15:28.285 21360 21375 I art     : Starting a blocking GC Explicit
08-04 13:15:28.309   512  2967 D audio_hw_primary: disable_audio_route: reset and update mixer path: low-latency-playback speaker
08-04 13:15:28.310   512  2967 D audio_hw_primary: disable_snd_device: snd_device(2: speaker)
08-04 13:15:28.318   512  2967 I soundtrigger: audio_extn_sound_trigger_update_device_status: device 0x2 of type 0 for Event 0
08-04 13:15:28.326 21360 21375 I art     : Explicit concurrent mark sweep GC freed 1293(75KB) AllocSpace objects, 1(20KB) LOS objects, 38% free, 25MB/41MB, paused 359us total 40.227ms
08-04 13:15:28.340 21360 21375 I art     : Starting a blocking GC Explicit
08-04 13:15:28.375 21360 21375 I art     : Explicit concurrent mark sweep GC freed 18(624B) AllocSpace objects, 0(0B) LOS objects, 38% free, 25MB/41MB, paused 329us total 34.447ms
08-04 13:15:28.388 21360 21375 I art     : Starting a blocking GC Explicit
08-04 13:15:28.422 21360 21375 I art     : Explicit concurrent mark sweep GC freed 3(96B) AllocSpace objects, 0(0B) LOS objects, 38% free, 25MB/41MB, paused 323us total 34.165ms
08-04 13:15:28.434 21360 21375 I art     : Starting a blocking GC Explicit
08-04 13:15:28.467 21360 21375 I art     : Explicit concurrent mark sweep GC freed 3(96B) AllocSpace objects, 0(0B) LOS objects, 38% free, 25MB/41MB, paused 399us total 32.551ms
08-04 13:15:28.479 21360 21375 I art     : Starting a blocking GC Explicit
08-04 13:15:28.512 21360 21375 I art     : Explicit concurrent mark sweep GC freed 3(96B) AllocSpace objects, 0(0B) LOS objects, 38% free, 25MB/41MB, paused 322us total 31.995ms
08-04 13:15:28.808 21360 21763 I art     : Starting a blocking GC Explicit
08-04 13:15:28.852 21360 21763 I art     : Explicit concurrent mark sweep GC freed 1295(75KB) AllocSpace objects, 1(20KB) LOS objects, 38% free, 25MB/41MB, paused 358us total 43.334ms
08-04 13:15:28.866 21360 21763 I art     : Starting a blocking GC Explicit
08-04 13:15:28.901 21360 21763 I art     : Explicit concurrent mark sweep GC freed 18(624B) AllocSpace objects, 0(0B) LOS objects, 38% free, 25MB/41MB, paused 325us total 34.040ms
08-04 13:15:28.913 21360 21763 I art     : Starting a blocking GC Explicit
08-04 13:15:28.948 21360 21763 I art     : Explicit concurrent mark sweep GC freed 3(96B) AllocSpace objects, 0(0B) LOS objects, 38% free, 25MB/41MB, paused 353us total 34.018ms
08-04 13:15:28.960 21360 21763 I art     : Starting a blocking GC Explicit
08-04 13:15:28.992 21360 21763 I art     : Explicit concurrent mark sweep GC freed 3(96B) AllocSpace objects, 0(0B) LOS objects, 38% free, 25MB/41MB, paused 319us total 31.745ms
08-04 13:15:29.004 21360 21763 I art     : Starting a blocking GC Explicit
08-04 13:15:29.032 13866 13882 I PeriodicStatsRunner: PeriodicStatsRunner.call():175 call()
08-04 13:15:29.032 13866 13882 I PeriodicStatsRunner: PeriodicStatsRunner.call():179 No submit PeriodicStats since input started.
08-04 13:15:29.035 21360 21763 I art     : Explicit concurrent mark sweep GC freed 3(96B) AllocSpace objects, 0(0B) LOS objects, 38% free, 25MB/41MB, paused 350us total 31.450ms
08-04 13:15:29.317 21360 21879 I art     : Starting a blocking GC Explicit
08-04 13:15:29.357 21360 21879 I art     : Explicit concurrent mark sweep GC freed 1293(75KB) AllocSpace objects, 1(20KB) LOS objects, 38% free, 25MB/41MB, paused 361us total 39.951ms
08-04 13:15:29.371 21360 21879 I art     : Starting a blocking GC Explicit
08-04 13:15:29.384 21987 21987 D AndroidRuntime: >>>>>> START com.android.internal.os.RuntimeInit uid 2000 <<<<<<
08-04 13:15:29.390 21987 21987 D AndroidRuntime: CheckJNI is OFF
08-04 13:15:29.406 21360 21879 I art     : Explicit concurrent mark sweep GC freed 20(688B) AllocSpace objects, 0(0B) LOS objects, 38% free, 25MB/41MB, paused 313us total 35.130ms
08-04 13:15:29.418 21360 21879 I art     : Starting a blocking GC Explicit
08-04 13:15:29.429 21987 21987 D ICU     : No timezone override file found: /data/misc/zoneinfo/current/icu/icu_tzdata.dat
08-04 13:15:29.453 21360 21879 I art     : Explicit concurrent mark sweep GC freed 8(256B) AllocSpace objects, 0(0B) LOS objects, 38% free, 25MB/41MB, paused 370us total 34.249ms
08-04 13:15:29.464 21360 21879 I art     : Starting a blocking GC Explicit
08-04 13:15:29.466 21987 21987 I Radio-JNI: register_android_hardware_Radio DONE
08-04 13:15:29.487 21987 21987 D AndroidRuntime: Calling main entry com.android.commands.input.Input
08-04 13:15:29.489 21987 21987 I Input   : injectMotionEvent: MotionEvent { action=ACTION_DOWN, actionButton=0, id[0]=0, x[0]=1215.0, y[0]=1482.0, toolType[0]=TOOL_TYPE_UNKNOWN, buttonState=0, metaState=0, flags=0x0, edgeFlags=0x0, pointerCount=1, historySize=0, eventTime=710145901, downTime=710145901, deviceId=0, source=0x1002 }
08-04 13:15:29.492 21360 21879 I art     : Explicit concurrent mark sweep GC freed 8(256B) AllocSpace objects, 0(0B) LOS objects, 38% free, 25MB/41MB, paused 282us total 27.798ms
08-04 13:15:29.494 21987 21987 I Input   : injectMotionEvent: MotionEvent { action=ACTION_UP, actionButton=0, id[0]=0, x[0]=1215.0, y[0]=1482.0, toolType[0]=TOOL_TYPE_UNKNOWN, buttonState=0, metaState=0, flags=0x0, edgeFlags=0x0, pointerCount=1, historySize=0, eventTime=710145901, downTime=710145901, deviceId=0, source=0x1002 }
08-04 13:15:29.496 21987 21987 D AndroidRuntime: Shutting down VM
08-04 13:15:29.503 21360 21879 I art     : Starting a blocking GC Explicit
08-04 13:15:29.506   512  2967 D audio_hw_primary: out_set_parameters: enter: usecase(1: low-latency-playback) kvpairs: routing=2
08-04 13:15:29.519   512  2967 D audio_hw_primary: select_devices: out_snd_device(2: speaker) in_snd_device(0: none)
08-04 13:15:29.519   512  2967 D msm8974_platform: platform_send_audio_calibration: sending audio calibration for snd_device(2) acdb_id(15)
08-04 13:15:29.519   512  2967 I soundtrigger: audio_extn_sound_trigger_update_device_status: device 0x2 of type 0 for Event 1
08-04 13:15:29.520 21360 21360 I SettingsManager: Setting boolean: completedTutorial
08-04 13:15:29.528   918  6112 W BackupManagerService: dataChanged but no participant pkg='baseline.com.ak.uobtimetable' uid=10659
08-04 13:15:29.529   512  2967 D audio_hw_primary: enable_snd_device: snd_device(2: speaker)
08-04 13:15:29.531 21360 21397 D OpenGLRenderer: endAllStagingAnimators on 0x7f995be400 (RippleDrawable) with handle 0x7f7b33ffa0
08-04 13:15:29.532   512  2967 D audio_hw_primary: enable_audio_route: apply and update mixer path: low-latency-playback speaker
08-04 13:15:29.532 21360 21879 I art     : Explicit concurrent mark sweep GC freed 373(30KB) AllocSpace objects, 1(20KB) LOS objects, 38% free, 25MB/41MB, paused 378us total 29.148ms
08-04 13:15:29.538   918  3696 W InputMethodManagerService: Window already focused, ignoring focus gain of: com.android.internal.view.IInputMethodClient$Stub$Proxy@7348d0d attribute=null, token = android.os.BinderProxy@83b6b7b
08-04 13:15:29.688   918   927 I art     : Background partial concurrent mark sweep GC freed 75741(7MB) AllocSpace objects, 111(2MB) LOS objects, 18% free, 69MB/85MB, paused 1.574ms total 181.324ms
08-04 13:15:29.787 21360 21763 I art     : Starting a blocking GC Explicit
08-04 13:15:29.815 21360 21763 I art     : Explicit concurrent mark sweep GC freed 1384(78KB) AllocSpace objects, 1(20KB) LOS objects, 38% free, 25MB/41MB, paused 316us total 28.139ms
08-04 13:15:29.827 21360 21763 I art     : Starting a blocking GC Explicit
08-04 13:15:29.855 21360 21763 I art     : Explicit concurrent mark sweep GC freed 1030(69KB) AllocSpace objects, 1(40KB) LOS objects, 38% free, 25MB/41MB, paused 344us total 28.538ms
08-04 13:15:29.866 21360 21763 I art     : Starting a blocking GC Explicit
08-04 13:15:29.896 21360 21763 I art     : Explicit concurrent mark sweep GC freed 3(96B) AllocSpace objects, 0(0B) LOS objects, 38% free, 25MB/41MB, paused 314us total 29.301ms
08-04 13:15:29.907 21360 21763 I art     : Starting a blocking GC Explicit
08-04 13:15:29.936 21360 21763 I art     : Explicit concurrent mark sweep GC freed 3(96B) AllocSpace objects, 0(0B) LOS objects, 38% free, 25MB/41MB, paused 313us total 29.318ms
08-04 13:15:29.947 21360 21763 I art     : Starting a blocking GC Explicit
08-04 13:15:29.976 21360 21763 I art     : Explicit concurrent mark sweep GC freed 3(96B) AllocSpace objects, 0(0B) LOS objects, 38% free, 25MB/41MB, paused 310us total 28.857ms
08-04 13:15:30.079   512  2967 D audio_hw_primary: disable_audio_route: reset and update mixer path: low-latency-playback speaker
08-04 13:15:30.080   512  2967 D audio_hw_primary: disable_snd_device: snd_device(2: speaker)
08-04 13:15:30.087   512  2967 I soundtrigger: audio_extn_sound_trigger_update_device_status: device 0x2 of type 0 for Event 0
08-04 13:15:30.259 21360 21879 I art     : Starting a blocking GC Explicit
08-04 13:15:30.304 21360 21879 I art     : Explicit concurrent mark sweep GC freed 1293(75KB) AllocSpace objects, 1(20KB) LOS objects, 38% free, 25MB/41MB, paused 414us total 44.645ms
08-04 13:15:30.319 21360 21879 I art     : Starting a blocking GC Explicit
08-04 13:15:30.352 21360 21879 I art     : Explicit concurrent mark sweep GC freed 18(640B) AllocSpace objects, 0(0B) LOS objects, 38% free, 25MB/41MB, paused 332us total 32.766ms
08-04 13:15:30.365 21360 21879 I art     : Starting a blocking GC Explicit
08-04 13:15:30.398 21360 21879 I art     : Explicit concurrent mark sweep GC freed 3(96B) AllocSpace objects, 0(0B) LOS objects, 38% free, 25MB/41MB, paused 347us total 32.844ms
08-04 13:15:30.410 21360 21879 I art     : Starting a blocking GC Explicit
08-04 13:15:30.443 21360 21879 I art     : Explicit concurrent mark sweep GC freed 3(96B) AllocSpace objects, 0(0B) LOS objects, 38% free, 25MB/41MB, paused 339us total 33.183ms
08-04 13:15:30.456 21360 21879 I art     : Starting a blocking GC Explicit
08-04 13:15:30.489 21360 21879 I art     : Explicit concurrent mark sweep GC freed 3(96B) AllocSpace objects, 0(0B) LOS objects, 38% free, 25MB/41MB, paused 322us total 32.930ms
08-04 13:15:30.791 21360 21592 I art     : Starting a blocking GC Explicit
08-04 13:15:30.825 21360 21592 I art     : Explicit concurrent mark sweep GC freed 1293(75KB) AllocSpace objects, 1(20KB) LOS objects, 38% free, 25MB/41MB, paused 332us total 33.340ms
08-04 13:15:30.837 21360 21592 I art     : Starting a blocking GC Explicit
08-04 13:15:30.869 21360 21592 I art     : Explicit concurrent mark sweep GC freed 18(624B) AllocSpace objects, 0(0B) LOS objects, 38% free, 25MB/41MB, paused 346us total 31.701ms
08-04 13:15:30.881 21360 21592 I art     : Starting a blocking GC Explicit
08-04 13:15:30.913 21360 21592 I art     : Explicit concurrent mark sweep GC freed 3(96B) AllocSpace objects, 0(0B) LOS objects, 38% free, 25MB/41MB, paused 330us total 31.113ms
08-04 13:15:30.924 21360 21592 I art     : Starting a blocking GC Explicit
08-04 13:15:30.956 21360 21592 I art     : Explicit concurrent mark sweep GC freed 3(96B) AllocSpace objects, 0(0B) LOS objects, 38% free, 25MB/41MB, paused 326us total 30.834ms
08-04 13:15:30.967 21360 21592 I art     : Starting a blocking GC Explicit
08-04 13:15:30.998 21360 21592 I art     : Explicit concurrent mark sweep GC freed 3(96B) AllocSpace objects, 0(0B) LOS objects, 38% free, 25MB/41MB, paused 378us total 30.688ms
08-04 13:15:31.168 22041 22041 D AndroidRuntime: >>>>>> START com.android.internal.os.RuntimeInit uid 2000 <<<<<<
08-04 13:15:31.174 22041 22041 D AndroidRuntime: CheckJNI is OFF
08-04 13:15:31.208 22041 22041 D ICU     : No timezone override file found: /data/misc/zoneinfo/current/icu/icu_tzdata.dat
08-04 13:15:31.240 22041 22041 I Radio-JNI: register_android_hardware_Radio DONE
08-04 13:15:31.262 22041 22041 D AndroidRuntime: Calling main entry com.android.commands.input.Input
08-04 13:15:31.264 22041 22041 I Input   : injectMotionEvent: MotionEvent { action=ACTION_DOWN, actionButton=0, id[0]=0, x[0]=81.0, y[0]=176.0, toolType[0]=TOOL_TYPE_UNKNOWN, buttonState=0, metaState=0, flags=0x0, edgeFlags=0x0, pointerCount=1, historySize=0, eventTime=710147677, downTime=710147677, deviceId=0, source=0x1002 }
08-04 13:15:31.269 22041 22041 I Input   : injectMotionEvent: MotionEvent { action=ACTION_UP, actionButton=0, id[0]=0, x[0]=81.0, y[0]=176.0, toolType[0]=TOOL_TYPE_UNKNOWN, buttonState=0, metaState=0, flags=0x0, edgeFlags=0x0, pointerCount=1, historySize=0, eventTime=710147677, downTime=710147677, deviceId=0, source=0x1002 }
08-04 13:15:31.270 22041 22041 D AndroidRuntime: Shutting down VM
08-04 13:15:31.295 21360 21375 I art     : Starting a blocking GC Explicit
08-04 13:15:31.297   512  2967 D audio_hw_primary: out_set_parameters: enter: usecase(1: low-latency-playback) kvpairs: routing=2
08-04 13:15:31.310   512  2967 D audio_hw_primary: select_devices: out_snd_device(2: speaker) in_snd_device(0: none)
08-04 13:15:31.310   512  2967 D msm8974_platform: platform_send_audio_calibration: sending audio calibration for snd_device(2) acdb_id(15)
08-04 13:15:31.310   512  2967 I soundtrigger: audio_extn_sound_trigger_update_device_status: device 0x2 of type 0 for Event 1
08-04 13:15:31.320   512  2967 D audio_hw_primary: enable_snd_device: snd_device(2: speaker)
08-04 13:15:31.322   512  2967 D audio_hw_primary: enable_audio_route: apply and update mixer path: low-latency-playback speaker
08-04 13:15:31.326 21360 21375 I art     : Explicit concurrent mark sweep GC freed 1333(76KB) AllocSpace objects, 1(20KB) LOS objects, 38% free, 25MB/41MB, paused 398us total 30.875ms
08-04 13:15:31.339 21360 21375 I art     : Starting a blocking GC Explicit
08-04 13:15:31.346 13866 13866 I GoogleInputMethodServic: GoogleInputMethodService.onFinishInput():3138 
08-04 13:15:31.347 13866 13866 I GoogleInputMethodServic: GoogleInputMethodService.onStartInput():1808 
08-04 13:15:31.367 21360 21375 I art     : Explicit concurrent mark sweep GC freed 400(20KB) AllocSpace objects, 0(0B) LOS objects, 38% free, 25MB/41MB, paused 328us total 28.078ms
08-04 13:15:31.379 21360 21375 I art     : Starting a blocking GC Explicit
08-04 13:15:31.406 21360 21375 I art     : Explicit concurrent mark sweep GC freed 9(448B) AllocSpace objects, 0(0B) LOS objects, 38% free, 25MB/41MB, paused 283us total 27.059ms
08-04 13:15:31.417 21360 21375 I art     : Starting a blocking GC Explicit
08-04 13:15:31.445 21360 21375 I art     : Explicit concurrent mark sweep GC freed 3(96B) AllocSpace objects, 0(0B) LOS objects, 38% free, 25MB/41MB, paused 324us total 28.333ms
08-04 13:15:31.457 21360 21375 I art     : Starting a blocking GC Explicit
08-04 13:15:31.486 21360 21375 I art     : Explicit concurrent mark sweep GC freed 3(96B) AllocSpace objects, 0(0B) LOS objects, 38% free, 25MB/41MB, paused 329us total 28.462ms
08-04 13:15:31.755 21360 21375 I art     : Starting a blocking GC Explicit
08-04 13:15:31.789 21360 21375 I art     : Explicit concurrent mark sweep GC freed 1313(76KB) AllocSpace objects, 1(20KB) LOS objects, 38% free, 25MB/41MB, paused 291us total 34.083ms
08-04 13:15:31.801 21360 21375 I art     : Starting a blocking GC Explicit
08-04 13:15:31.832 21360 21375 I art     : Explicit concurrent mark sweep GC freed 34(1136B) AllocSpace objects, 0(0B) LOS objects, 38% free, 25MB/41MB, paused 298us total 31.029ms
08-04 13:15:31.844 21360 21375 I art     : Starting a blocking GC Explicit
08-04 13:15:31.858   512  2967 D audio_hw_primary: disable_audio_route: reset and update mixer path: low-latency-playback speaker
08-04 13:15:31.859   512  2967 D audio_hw_primary: disable_snd_device: snd_device(2: speaker)
08-04 13:15:31.867   512  2967 I soundtrigger: audio_extn_sound_trigger_update_device_status: device 0x2 of type 0 for Event 0
08-04 13:15:31.875 21360 21375 I art     : Explicit concurrent mark sweep GC freed 3(96B) AllocSpace objects, 0(0B) LOS objects, 38% free, 25MB/41MB, paused 299us total 30.688ms
08-04 13:15:31.887 21360 21375 I art     : Starting a blocking GC Explicit
08-04 13:15:31.916 21360 21375 I art     : Explicit concurrent mark sweep GC freed 3(96B) AllocSpace objects, 0(0B) LOS objects, 38% free, 25MB/41MB, paused 303us total 28.718ms
08-04 13:15:31.928 21360 21375 I art     : Starting a blocking GC Explicit
08-04 13:15:31.959 21360 21375 I art     : Explicit concurrent mark sweep GC freed 3(96B) AllocSpace objects, 0(0B) LOS objects, 38% free, 25MB/41MB, paused 313us total 30.467ms
08-04 13:15:32.271 21360 21879 I art     : Starting a blocking GC Explicit
08-04 13:15:32.320 21360 21879 I art     : Explicit concurrent mark sweep GC freed 1293(75KB) AllocSpace objects, 1(20KB) LOS objects, 38% free, 25MB/41MB, paused 388us total 48.667ms
08-04 13:15:32.335 21360 21879 I art     : Starting a blocking GC Explicit
08-04 13:15:32.368 21360 21879 I art     : Explicit concurrent mark sweep GC freed 20(688B) AllocSpace objects, 0(0B) LOS objects, 38% free, 25MB/41MB, paused 319us total 32.825ms
08-04 13:15:32.381 21360 21879 I art     : Starting a blocking GC Explicit
08-04 13:15:32.415 21360 21879 I art     : Explicit concurrent mark sweep GC freed 3(96B) AllocSpace objects, 0(0B) LOS objects, 38% free, 25MB/41MB, paused 320us total 33.660ms
08-04 13:15:32.428 21360 21879 I art     : Starting a blocking GC Explicit
08-04 13:15:32.461 21360 21879 I art     : Explicit concurrent mark sweep GC freed 3(96B) AllocSpace objects, 0(0B) LOS objects, 38% free, 25MB/41MB, paused 318us total 33.309ms
08-04 13:15:32.474 21360 21879 I art     : Starting a blocking GC Explicit
08-04 13:15:32.505 21360 21879 I art     : Explicit concurrent mark sweep GC freed 3(96B) AllocSpace objects, 0(0B) LOS objects, 38% free, 25MB/41MB, paused 293us total 31.262ms
08-04 13:15:32.800 21360 21592 I art     : Starting a blocking GC Explicit
08-04 13:15:32.833 21360 21592 I art     : Explicit concurrent mark sweep GC freed 1293(75KB) AllocSpace objects, 1(20KB) LOS objects, 38% free, 25MB/41MB, paused 319us total 33.123ms
08-04 13:15:32.846 21360 21592 I art     : Starting a blocking GC Explicit
08-04 13:15:32.878 21360 21592 I art     : Explicit concurrent mark sweep GC freed 18(624B) AllocSpace objects, 0(0B) LOS objects, 38% free, 25MB/41MB, paused 337us total 31.236ms
08-04 13:15:32.889 21360 21592 I art     : Starting a blocking GC Explicit
08-04 13:15:32.921 21360 21592 I art     : Explicit concurrent mark sweep GC freed 3(96B) AllocSpace objects, 0(0B) LOS objects, 38% free, 25MB/41MB, paused 331us total 31.250ms
08-04 13:15:32.927 22085 22085 D AndroidRuntime: >>>>>> START com.android.internal.os.RuntimeInit uid 2000 <<<<<<
08-04 13:15:32.932 22085 22085 D AndroidRuntime: CheckJNI is OFF
08-04 13:15:32.933 21360 21592 I art     : Starting a blocking GC Explicit
08-04 13:15:32.964 21360 21592 I art     : Explicit concurrent mark sweep GC freed 7(224B) AllocSpace objects, 0(0B) LOS objects, 38% free, 25MB/41MB, paused 329us total 31.436ms
08-04 13:15:32.967 22085 22085 D ICU     : No timezone override file found: /data/misc/zoneinfo/current/icu/icu_tzdata.dat
08-04 13:15:32.977 21360 21592 I art     : Starting a blocking GC Explicit
08-04 13:15:33.001 22085 22085 I Radio-JNI: register_android_hardware_Radio DONE
08-04 13:15:33.005 21360 21592 I art     : Explicit concurrent mark sweep GC freed 8(256B) AllocSpace objects, 0(0B) LOS objects, 38% free, 25MB/41MB, paused 305us total 28.123ms
08-04 13:15:33.023 22085 22085 D AndroidRuntime: Calling main entry com.android.commands.input.Input
08-04 13:15:33.024 22085 22085 I Input   : injectMotionEvent: MotionEvent { action=ACTION_DOWN, actionButton=0, id[0]=0, x[0]=436.0, y[0]=1770.0, toolType[0]=TOOL_TYPE_UNKNOWN, buttonState=0, metaState=0, flags=0x0, edgeFlags=0x0, pointerCount=1, historySize=0, eventTime=710149437, downTime=710149437, deviceId=0, source=0x1002 }
08-04 13:15:33.030 22085 22085 I Input   : injectMotionEvent: MotionEvent { action=ACTION_UP, actionButton=0, id[0]=0, x[0]=436.0, y[0]=1770.0, toolType[0]=TOOL_TYPE_UNKNOWN, buttonState=0, metaState=0, flags=0x0, edgeFlags=0x0, pointerCount=1, historySize=0, eventTime=710149437, downTime=710149437, deviceId=0, source=0x1002 }
08-04 13:15:33.032 22085 22085 D AndroidRuntime: Shutting down VM
08-04 13:15:33.039 21360 21360 D MainActivity: NavigationItemSelected: Courses
08-04 13:15:33.040   918  4413 I ActivityManager: START u0 {cmp=baseline.com.ak.uobtimetable/.CourseListActivity} from uid 10659 on display 0
08-04 13:15:33.041   512  2967 D audio_hw_primary: out_set_parameters: enter: usecase(1: low-latency-playback) kvpairs: routing=2
08-04 13:15:33.054   512  2967 D audio_hw_primary: select_devices: out_snd_device(2: speaker) in_snd_device(0: none)
08-04 13:15:33.054   512  2967 D msm8974_platform: platform_send_audio_calibration: sending audio calibration for snd_device(2) acdb_id(15)
08-04 13:15:33.054   512  2967 I soundtrigger: audio_extn_sound_trigger_update_device_status: device 0x2 of type 0 for Event 1
08-04 13:15:33.063   512  2967 D audio_hw_primary: enable_snd_device: snd_device(2: speaker)
08-04 13:15:33.064 21360 21360 D MainActivity: OnPause
08-04 13:15:33.066   512  2967 D audio_hw_primary: enable_audio_route: apply and update mixer path: low-latency-playback speaker
08-04 13:15:33.092 21360 21360 D CourseListActivity: onCreate
08-04 13:15:33.094 21360 22108 D HTTP    : Request for: https://uob-timetable-api.adriankeenan.co.uk/courses
08-04 13:15:33.166   918   936 I ActivityManager: Displayed baseline.com.ak.uobtimetable/.CourseListActivity: +101ms
08-04 13:15:33.167 13866 13866 I GoogleInputMethodServic: GoogleInputMethodService.onFinishInput():3138 
08-04 13:15:33.168 13866 13866 I GoogleInputMethodServic: GoogleInputMethodService.onStartInput():1808 
08-04 13:15:33.251 21360 21375 I art     : Starting a blocking GC Explicit
08-04 13:15:33.262 21360 22108 I NAPPA_EXPERIMENTATION: MetricNetworkRequestExecutionTime: REQUEST_DURATION_SYSTEM='167',REQUEST_DURATION_OKHTTP='31',REQUEST_SYNCHRONOUS='TRUE',RESPONSE_CODE='200',RESPONSE_METHOD='GET',RESPONSE_LENGTH_OKHTTP='-1',RESPONSE_LENGTH_HEADER='-2',REQUEST_PROTOCOL='http/1.1',REQUEST_URL='https://uob-timetable-api.adriankeenan.co.uk/courses',
08-04 13:15:33.283 21360 21375 I art     : Explicit concurrent mark sweep GC freed 6555(363KB) AllocSpace objects, 4(220KB) LOS objects, 37% free, 26MB/42MB, paused 340us total 31.744ms
08-04 13:15:33.296 21360 21375 I art     : Starting a blocking GC Explicit
08-04 13:15:33.329 21360 21375 I art     : Explicit concurrent mark sweep GC freed 1579(150KB) AllocSpace objects, 0(0B) LOS objects, 35% free, 29MB/45MB, paused 386us total 33ms
08-04 13:15:33.342 21360 21375 I art     : Starting a blocking GC Explicit
08-04 13:15:33.373 21360 21375 I art     : Explicit concurrent mark sweep GC freed 17(432B) AllocSpace objects, 0(0B) LOS objects, 32% free, 32MB/48MB, paused 380us total 30.637ms
08-04 13:15:33.385 21360 21375 I art     : Starting a blocking GC Explicit
08-04 13:15:33.417 21360 21375 I art     : Explicit concurrent mark sweep GC freed 13(336B) AllocSpace objects, 0(0B) LOS objects, 31% free, 35MB/51MB, paused 397us total 32.360ms
08-04 13:15:33.431 21360 21375 I art     : Starting a blocking GC Explicit
08-04 13:15:33.462 21360 21375 I art     : Explicit concurrent mark sweep GC freed 683(3MB) AllocSpace objects, 0(0B) LOS objects, 28% free, 41MB/57MB, paused 374us total 29.962ms
08-04 13:15:33.557 21360 21360 D MainActivity: Saving state
08-04 13:15:33.560 21360 21360 D MainActivity: Saving current fragment: SessionListsFragment
08-04 13:15:33.560 21360 21360 D MainActivity: Saving current index: 1
08-04 13:15:33.562 21360 21360 D SessionListsFragment: Saving state
08-04 13:15:33.610   512  2967 D audio_hw_primary: disable_audio_route: reset and update mixer path: low-latency-playback speaker
08-04 13:15:33.611   512  2967 D audio_hw_primary: disable_snd_device: snd_device(2: speaker)
08-04 13:15:33.618   512  2967 I soundtrigger: audio_extn_sound_trigger_update_device_status: device 0x2 of type 0 for Event 0
08-04 13:15:33.651 21360 22108 I HTTP    : Response was compressed.
08-04 13:15:33.746 21360 21375 I art     : Starting a blocking GC Explicit
08-04 13:15:33.781 21360 21375 I art     : Explicit concurrent mark sweep GC freed 28149(1337KB) AllocSpace objects, 0(0B) LOS objects, 27% free, 41MB/57MB, paused 575us total 35.028ms
08-04 13:15:33.793 21360 21375 I art     : Starting a blocking GC Explicit
08-04 13:15:33.828 21360 21375 I art     : Explicit concurrent mark sweep GC freed 24015(1132KB) AllocSpace objects, 0(0B) LOS objects, 27% free, 41MB/57MB, paused 836us total 34.699ms
08-04 13:15:33.840 21360 21375 I art     : Starting a blocking GC Explicit
08-04 13:15:33.875 21360 21375 I art     : Explicit concurrent mark sweep GC freed 25355(1195KB) AllocSpace objects, 0(0B) LOS objects, 27% free, 41MB/57MB, paused 565us total 35.762ms
08-04 13:15:33.888 21360 21375 I art     : Starting a blocking GC Explicit
08-04 13:15:33.924 21360 21375 I art     : Explicit concurrent mark sweep GC freed 24624(1152KB) AllocSpace objects, 0(0B) LOS objects, 27% free, 42MB/58MB, paused 603us total 36.197ms
08-04 13:15:33.936 21360 21375 I art     : Starting a blocking GC Explicit
08-04 13:15:33.972 21360 21375 I art     : Explicit concurrent mark sweep GC freed 25324(1200KB) AllocSpace objects, 0(0B) LOS objects, 27% free, 42MB/58MB, paused 596us total 36.046ms
08-04 13:15:34.279 21360 21375 I art     : Starting a blocking GC Explicit
08-04 13:15:34.336 21360 21375 I art     : Explicit concurrent mark sweep GC freed 187716(8MB) AllocSpace objects, 1(20KB) LOS objects, 26% free, 44MB/60MB, paused 670us total 56.584ms
08-04 13:15:34.351 21360 21375 I art     : Starting a blocking GC Explicit
08-04 13:15:34.390 21360 21375 I art     : Explicit concurrent mark sweep GC freed 34885(1649KB) AllocSpace objects, 0(0B) LOS objects, 26% free, 43MB/59MB, paused 626us total 38.912ms
08-04 13:15:34.404 21360 21375 I art     : Starting a blocking GC Explicit
08-04 13:15:34.446 21360 21375 I art     : Explicit concurrent mark sweep GC freed 30607(1435KB) AllocSpace objects, 0(0B) LOS objects, 26% free, 44MB/60MB, paused 1.635ms total 42.176ms
08-04 13:15:34.460 21360 21375 I art     : Starting a blocking GC Explicit
08-04 13:15:34.501 21360 21375 I art     : Explicit concurrent mark sweep GC freed 30314(1444KB) AllocSpace objects, 0(0B) LOS objects, 26% free, 44MB/60MB, paused 777us total 41.396ms
08-04 13:15:34.515 21360 21375 I art     : Starting a blocking GC Explicit
08-04 13:15:34.557 21360 21375 I art     : Explicit concurrent mark sweep GC freed 30475(1435KB) AllocSpace objects, 0(0B) LOS objects, 26% free, 44MB/60MB, paused 796us total 41.634ms
08-04 13:15:34.848 21360 21375 I art     : Starting a blocking GC Explicit
08-04 13:15:34.910 21360 21375 I art     : Explicit concurrent mark sweep GC freed 182994(8MB) AllocSpace objects, 1(20KB) LOS objects, 25% free, 46MB/62MB, paused 973us total 61.850ms
08-04 13:15:34.925 21360 21375 I art     : Starting a blocking GC Explicit
08-04 13:15:34.971 21360 21375 I art     : Explicit concurrent mark sweep GC freed 39513(1884KB) AllocSpace objects, 0(0B) LOS objects, 25% free, 46MB/62MB, paused 870us total 45.583ms
08-04 13:15:34.986 21360 21375 I art     : Starting a blocking GC Explicit
08-04 13:15:35.032 21360 21375 I art     : Explicit concurrent mark sweep GC freed 33883(1585KB) AllocSpace objects, 0(0B) LOS objects, 25% free, 46MB/62MB, paused 832us total 45.902ms
08-04 13:15:35.047 21360 21375 I art     : Starting a blocking GC Explicit
08-04 13:15:35.095 21360 21375 I art     : Explicit concurrent mark sweep GC freed 34118(1596KB) AllocSpace objects, 0(0B) LOS objects, 25% free, 46MB/62MB, paused 832us total 47.255ms
08-04 13:15:35.110 21360 21375 I art     : Starting a blocking GC Explicit
08-04 13:15:35.158 21360 21375 I art     : Explicit concurrent mark sweep GC freed 34309(1611KB) AllocSpace objects, 0(0B) LOS objects, 25% free, 46MB/62MB, paused 862us total 47.369ms
08-04 13:15:35.453 21360 21879 I art     : Starting a blocking GC Explicit
08-04 13:15:35.521 21360 21879 I art     : Explicit concurrent mark sweep GC freed 187706(8MB) AllocSpace objects, 1(20KB) LOS objects, 24% free, 48MB/64MB, paused 812us total 68.014ms
08-04 13:15:35.539 21360 21879 I art     : Starting a blocking GC Explicit
08-04 13:15:35.591 21360 21879 I art     : Explicit concurrent mark sweep GC freed 43650(2MB) AllocSpace objects, 0(0B) LOS objects, 24% free, 48MB/64MB, paused 935us total 51.423ms
08-04 13:15:35.607 21360 21879 I art     : Starting a blocking GC Explicit
08-04 13:15:35.661 21360 21879 I art     : Explicit concurrent mark sweep GC freed 37529(1791KB) AllocSpace objects, 0(0B) LOS objects, 24% free, 49MB/65MB, paused 1.057ms total 53.355ms
08-04 13:15:35.677 21360 21879 I art     : Starting a blocking GC Explicit
08-04 13:15:35.730 21360 21879 I art     : Explicit concurrent mark sweep GC freed 36854(1730KB) AllocSpace objects, 0(0B) LOS objects, 24% free, 49MB/65MB, paused 970us total 52.715ms
08-04 13:15:35.747 21360 21879 I art     : Starting a blocking GC Explicit
08-04 13:15:35.802 21360 21879 I art     : Explicit concurrent mark sweep GC freed 37697(1757KB) AllocSpace objects, 0(0B) LOS objects, 24% free, 49MB/65MB, paused 1.030ms total 54.564ms
08-04 13:15:36.110 21360 21375 I art     : Starting a blocking GC Explicit
08-04 13:15:36.185 21360 21375 I art     : Explicit concurrent mark sweep GC freed 196844(8MB) AllocSpace objects, 1(20KB) LOS objects, 23% free, 51MB/67MB, paused 964us total 74.900ms
08-04 13:15:36.204 21360 21375 I art     : Starting a blocking GC Explicit
08-04 13:15:36.261 21360 21375 I art     : Explicit concurrent mark sweep GC freed 46309(2MB) AllocSpace objects, 0(0B) LOS objects, 23% free, 51MB/67MB, paused 1.074ms total 56.974ms
08-04 13:15:36.279 21360 21375 I art     : Starting a blocking GC Explicit
08-04 13:15:36.338 21360 21375 I art     : Explicit concurrent mark sweep GC freed 40631(1920KB) AllocSpace objects, 0(0B) LOS objects, 23% free, 51MB/67MB, paused 1.193ms total 59.139ms
08-04 13:15:36.346 13866 13882 I PeriodicStatsRunner: PeriodicStatsRunner.call():175 call()
08-04 13:15:36.347 13866 13882 I PeriodicStatsRunner: PeriodicStatsRunner.call():179 No submit PeriodicStats since input started.
08-04 13:15:36.356 21360 21375 I art     : Starting a blocking GC Explicit
08-04 13:15:36.416 21360 21375 I art     : Explicit concurrent mark sweep GC freed 41844(1961KB) AllocSpace objects, 0(0B) LOS objects, 23% free, 51MB/67MB, paused 1.198ms total 60.191ms
08-04 13:15:36.434 21360 21375 I art     : Starting a blocking GC Explicit
08-04 13:15:36.456 21360 22108 I Service : getCourses response time: 0.69
08-04 13:15:36.461 21360 21360 I SettingsManager: Getting string: savedCourse
08-04 13:15:36.490 21360 21375 I art     : Explicit concurrent mark sweep GC freed 25827(1265KB) AllocSpace objects, 0(0B) LOS objects, 23% free, 51MB/67MB, paused 767us total 55.238ms
08-04 13:15:36.808 21360 21879 I art     : Starting a blocking GC Explicit
08-04 13:15:36.886 21360 21879 I art     : Explicit concurrent mark sweep GC freed 2309(114KB) AllocSpace objects, 2(15MB) LOS objects, 30% free, 37MB/53MB, paused 384us total 78.422ms
08-04 13:15:36.906 21360 21879 I art     : Starting a blocking GC Explicit
08-04 13:15:36.967 21360 21879 I art     : Explicit concurrent mark sweep GC freed 727(65KB) AllocSpace objects, 0(0B) LOS objects, 30% free, 37MB/53MB, paused 361us total 60.631ms
08-04 13:15:36.987 21360 21879 I art     : Starting a blocking GC Explicit
08-04 13:15:37.047 21360 21879 I art     : Explicit concurrent mark sweep GC freed 3(96B) AllocSpace objects, 0(0B) LOS objects, 30% free, 37MB/53MB, paused 428us total 60.216ms
08-04 13:15:37.068 21360 21879 I art     : Starting a blocking GC Explicit
08-04 13:15:37.130 21360 21879 I art     : Explicit concurrent mark sweep GC freed 3(96B) AllocSpace objects, 0(0B) LOS objects, 30% free, 37MB/53MB, paused 352us total 62.303ms
08-04 13:15:37.151 21360 21879 I art     : Starting a blocking GC Explicit
08-04 13:15:37.212 21360 21879 I art     : Explicit concurrent mark sweep GC freed 3(96B) AllocSpace objects, 0(0B) LOS objects, 30% free, 37MB/53MB, paused 346us total 61.443ms
08-04 13:15:37.534 21360 21377 I art     : Starting a blocking GC Explicit
08-04 13:15:37.622 21360 21377 I art     : Explicit concurrent mark sweep GC freed 1293(75KB) AllocSpace objects, 1(20KB) LOS objects, 30% free, 37MB/53MB, paused 350us total 86.846ms
08-04 13:15:37.642 21360 21377 I art     : Starting a blocking GC Explicit
08-04 13:15:37.698 21360 21377 I art     : Explicit concurrent mark sweep GC freed 18(624B) AllocSpace objects, 0(0B) LOS objects, 30% free, 37MB/53MB, paused 354us total 56.271ms
08-04 13:15:37.718 21360 21377 I art     : Starting a blocking GC Explicit
08-04 13:15:37.778 21360 21377 I art     : Explicit concurrent mark sweep GC freed 3(96B) AllocSpace objects, 0(0B) LOS objects, 30% free, 37MB/53MB, paused 371us total 59.510ms
08-04 13:15:37.798 21360 21377 I art     : Starting a blocking GC Explicit
08-04 13:15:37.856 21360 21377 I art     : Explicit concurrent mark sweep GC freed 3(96B) AllocSpace objects, 0(0B) LOS objects, 30% free, 37MB/53MB, paused 332us total 57.788ms
08-04 13:15:37.876 21360 21377 I art     : Starting a blocking GC Explicit
08-04 13:15:37.937 21360 21377 I art     : Explicit concurrent mark sweep GC freed 3(96B) AllocSpace objects, 0(0B) LOS objects, 30% free, 37MB/53MB, paused 397us total 60.513ms
08-04 13:15:38.168 13866 13882 I PeriodicStatsRunner: PeriodicStatsRunner.call():175 call()
08-04 13:15:38.169 13866 13882 I PeriodicStatsRunner: PeriodicStatsRunner.call():179 No submit PeriodicStats since input started.
08-04 13:15:38.278 21360 21592 I art     : Starting a blocking GC Explicit
08-04 13:15:38.358 21360 21592 I art     : Explicit concurrent mark sweep GC freed 1295(75KB) AllocSpace objects, 1(20KB) LOS objects, 30% free, 37MB/53MB, paused 339us total 79.592ms
08-04 13:15:38.377 21360 21592 I art     : Starting a blocking GC Explicit
08-04 13:15:38.438 21360 21592 I art     : Explicit concurrent mark sweep GC freed 18(624B) AllocSpace objects, 0(0B) LOS objects, 30% free, 37MB/53MB, paused 347us total 60.798ms
08-04 13:15:38.458 21360 21592 I art     : Starting a blocking GC Explicit
08-04 13:15:38.516   918  6110 I ActivityManager: Killing 12187:com.google.android.apps.gcs/u0a11 (adj 15): empty #17
08-04 13:15:38.518 21360 21592 I art     : Explicit concurrent mark sweep GC freed 15(480B) AllocSpace objects, 0(0B) LOS objects, 30% free, 37MB/53MB, paused 347us total 59.456ms
08-04 13:15:38.537 21360 21592 I art     : Starting a blocking GC Explicit
08-04 13:15:38.592 21360 21592 I art     : Explicit concurrent mark sweep GC freed 34(1888B) AllocSpace objects, 0(0B) LOS objects, 30% free, 37MB/53MB, paused 340us total 55.599ms
08-04 13:15:38.612 21360 21592 I art     : Starting a blocking GC Explicit
08-04 13:15:38.667 21360 21592 I art     : Explicit concurrent mark sweep GC freed 9(320B) AllocSpace objects, 0(0B) LOS objects, 30% free, 37MB/53MB, paused 342us total 54.761ms
08-04 13:15:38.872 14234 14238 E QC-QMI  : qmi_client [14234] 4ed: failed to locate client data
08-04 13:15:38.873   519   519 E QC-QMI  : qmuxd: RX on fd=18 returned error=0 errno[2:No such file or directory]
08-04 13:15:38.873   519   519 E QC-QMI  : QMUX qmux_client_id=4ed not found in qmux client list, unable to remove
08-04 13:15:38.874 14234 14234 I Atfwd_Daemon: Stop the daemon....
08-04 13:15:38.919 22210 22210 W ATFWD-daemon: type=1400 audit(0.0:738778): avc: denied { read write } for name="diag" dev="tmpfs" ino=1296 scontext=u:r:atfwd:s0 tcontext=u:object_r:diag_device:s0 tclass=chr_file permissive=0
08-04 13:15:38.926 22210 22210 I libmdmdetect: ESOC framework not supported
08-04 13:15:38.926 22210 22210 I libmdmdetect: Found internal modem: modem
08-04 13:15:38.927 22210 22210 E Diag_Lib:  Diag_LSM_Init: Failed to open handle to diag driver, error = 13
08-04 13:15:38.930 22210 22210 I Atfwd_Daemon: result : 255 	 ,Init step :0 	 ,qmiErrorCode: 0
08-04 13:15:38.930 22210 22210 I Atfwd_Daemon: result : 0 	 ,Init step :1 	 ,qmiErrorCode: 0
08-04 13:15:38.931 22210 22210 I ServiceManager: Waiting for service AtCmdFwd...
08-04 13:15:38.966 21360 21377 I art     : Starting a blocking GC Explicit
08-04 13:15:39.031 21360 21377 I art     : Explicit concurrent mark sweep GC freed 1294(75KB) AllocSpace objects, 1(20KB) LOS objects, 30% free, 37MB/53MB, paused 360us total 64.687ms
08-04 13:15:39.051 21360 21377 I art     : Starting a blocking GC Explicit
08-04 13:15:39.108 21360 21377 I art     : Explicit concurrent mark sweep GC freed 18(624B) AllocSpace objects, 0(0B) LOS objects, 30% free, 37MB/53MB, paused 385us total 56.065ms
08-04 13:15:39.127 21360 21377 I art     : Starting a blocking GC Explicit
08-04 13:15:39.187 21360 21377 I art     : Explicit concurrent mark sweep GC freed 3(96B) AllocSpace objects, 0(0B) LOS objects, 30% free, 37MB/53MB, paused 503us total 59.707ms
08-04 13:15:39.207 21360 21377 I art     : Starting a blocking GC Explicit
08-04 13:15:39.264 21360 21377 I art     : Explicit concurrent mark sweep GC freed 3(96B) AllocSpace objects, 0(0B) LOS objects, 30% free, 37MB/53MB, paused 348us total 57.228ms
08-04 13:15:39.284 21360 21377 I art     : Starting a blocking GC Explicit
08-04 13:15:39.342 21360 21377 I art     : Explicit concurrent mark sweep GC freed 3(96B) AllocSpace objects, 0(0B) LOS objects, 30% free, 37MB/53MB, paused 350us total 57.706ms
08-04 13:15:39.626 21360 21375 I art     : Starting a blocking GC Explicit
08-04 13:15:39.689 21360 21375 I art     : Explicit concurrent mark sweep GC freed 1293(75KB) AllocSpace objects, 1(20KB) LOS objects, 30% free, 37MB/53MB, paused 355us total 62.778ms
08-04 13:15:39.709 21360 21375 I art     : Starting a blocking GC Explicit
08-04 13:15:39.711 22216 22216 D AndroidRuntime: >>>>>> START com.android.internal.os.RuntimeInit uid 2000 <<<<<<
08-04 13:15:39.716 22216 22216 D AndroidRuntime: CheckJNI is OFF
08-04 13:15:39.749 22216 22216 D ICU     : No timezone override file found: /data/misc/zoneinfo/current/icu/icu_tzdata.dat
08-04 13:15:39.765 21360 21375 I art     : Explicit concurrent mark sweep GC freed 18(624B) AllocSpace objects, 0(0B) LOS objects, 30% free, 37MB/53MB, paused 362us total 55.308ms
08-04 13:15:39.784 21360 21375 I art     : Starting a blocking GC Explicit
08-04 13:15:39.785 22216 22216 I Radio-JNI: register_android_hardware_Radio DONE
08-04 13:15:39.807 22216 22216 D AndroidRuntime: Calling main entry com.android.commands.input.Input
08-04 13:15:39.809 22216 22216 I Input   : injectMotionEvent: MotionEvent { action=ACTION_DOWN, actionButton=0, id[0]=0, x[0]=558.0, y[0]=368.0, toolType[0]=TOOL_TYPE_UNKNOWN, buttonState=0, metaState=0, flags=0x0, edgeFlags=0x0, pointerCount=1, historySize=0, eventTime=710156222, downTime=710156222, deviceId=0, source=0x1002 }
08-04 13:15:39.814 22216 22216 I Input   : injectMotionEvent: MotionEvent { action=ACTION_UP, actionButton=0, id[0]=0, x[0]=558.0, y[0]=368.0, toolType[0]=TOOL_TYPE_UNKNOWN, buttonState=0, metaState=0, flags=0x0, edgeFlags=0x0, pointerCount=1, historySize=0, eventTime=710156222, downTime=710156222, deviceId=0, source=0x1002 }
08-04 13:15:39.815 22216 22216 D AndroidRuntime: Shutting down VM
08-04 13:15:39.838 21360 21375 I art     : Explicit concurrent mark sweep GC freed 73(10KB) AllocSpace objects, 0(0B) LOS objects, 30% free, 37MB/53MB, paused 1.076ms total 54.313ms
08-04 13:15:39.856 21360 21375 I art     : Starting a blocking GC Explicit
08-04 13:15:39.910 21360 21375 I art     : Explicit concurrent mark sweep GC freed 677(73KB) AllocSpace objects, 0(0B) LOS objects, 30% free, 37MB/53MB, paused 430us total 53.061ms
08-04 13:15:39.930 21360 21375 I art     : Starting a blocking GC Explicit
08-04 13:15:39.931 22210 22210 I ServiceManager: Waiting for service AtCmdFwd...
08-04 13:15:39.987 21360 21375 I art     : Explicit concurrent mark sweep GC freed 196(12KB) AllocSpace objects, 0(0B) LOS objects, 30% free, 37MB/53MB, paused 388us total 57.561ms
08-04 13:15:40.263 21360 21879 I art     : Starting a blocking GC Explicit
08-04 13:15:40.328 21360 21879 I art     : Explicit concurrent mark sweep GC freed 1662(91KB) AllocSpace objects, 1(20KB) LOS objects, 30% free, 37MB/53MB, paused 419us total 64.597ms
08-04 13:15:40.349 21360 21879 I art     : Starting a blocking GC Explicit
08-04 13:15:40.405 21360 21879 I art     : Explicit concurrent mark sweep GC freed 43(1520B) AllocSpace objects, 0(0B) LOS objects, 30% free, 37MB/53MB, paused 310us total 55.731ms
08-04 13:15:40.423 21360 21879 I art     : Starting a blocking GC Explicit
08-04 13:15:40.476 21360 21879 I art     : Explicit concurrent mark sweep GC freed 7(224B) AllocSpace objects, 0(0B) LOS objects, 30% free, 37MB/53MB, paused 338us total 53.113ms
08-04 13:15:40.496 21360 21879 I art     : Starting a blocking GC Explicit
08-04 13:15:40.552 21360 21879 I art     : Explicit concurrent mark sweep GC freed 11(416B) AllocSpace objects, 0(0B) LOS objects, 30% free, 37MB/53MB, paused 317us total 55.652ms
08-04 13:15:40.569 21360 21879 I art     : Starting a blocking GC Explicit
08-04 13:15:40.626 21360 21879 I art     : Explicit concurrent mark sweep GC freed 3(96B) AllocSpace objects, 0(0B) LOS objects, 30% free, 37MB/53MB, paused 357us total 56.722ms
08-04 13:15:40.932 22210 22210 I ServiceManager: Waiting for service AtCmdFwd...
08-04 13:15:40.942 21360 21375 I art     : Starting a blocking GC Explicit
08-04 13:15:41.023 21360 21375 I art     : Explicit concurrent mark sweep GC freed 1293(75KB) AllocSpace objects, 1(20KB) LOS objects, 30% free, 37MB/53MB, paused 349us total 81.230ms
08-04 13:15:41.044 21360 21375 I art     : Starting a blocking GC Explicit
08-04 13:15:41.098 21360 21375 I art     : Explicit concurrent mark sweep GC freed 18(624B) AllocSpace objects, 0(0B) LOS objects, 30% free, 37MB/53MB, paused 343us total 54.480ms
08-04 13:15:41.117 21360 21375 I art     : Starting a blocking GC Explicit
08-04 13:15:41.173 21360 21375 I art     : Explicit concurrent mark sweep GC freed 3(96B) AllocSpace objects, 0(0B) LOS objects, 30% free, 37MB/53MB, paused 336us total 55.548ms
08-04 13:15:41.191 21360 21375 I art     : Starting a blocking GC Explicit
08-04 13:15:41.250 21360 21375 I art     : Explicit concurrent mark sweep GC freed 3(96B) AllocSpace objects, 0(0B) LOS objects, 30% free, 37MB/53MB, paused 347us total 58.431ms
08-04 13:15:41.269 21360 21375 I art     : Starting a blocking GC Explicit
08-04 13:15:41.324 21360 21375 I art     : Explicit concurrent mark sweep GC freed 3(96B) AllocSpace objects, 0(0B) LOS objects, 30% free, 37MB/53MB, paused 349us total 55.032ms
08-04 13:15:41.455 22262 22262 D AndroidRuntime: >>>>>> START com.android.internal.os.RuntimeInit uid 2000 <<<<<<
08-04 13:15:41.464 22262 22262 D AndroidRuntime: CheckJNI is OFF
08-04 13:15:41.498 22262 22262 D ICU     : No timezone override file found: /data/misc/zoneinfo/current/icu/icu_tzdata.dat
08-04 13:15:41.531 22262 22262 I Radio-JNI: register_android_hardware_Radio DONE
08-04 13:15:41.555 22262 22262 D AndroidRuntime: Calling main entry com.android.commands.input.Input
08-04 13:15:41.557 22262 22262 I Input   : injectMotionEvent: MotionEvent { action=ACTION_DOWN, actionButton=0, id[0]=0, x[0]=945.0, y[0]=1376.0, toolType[0]=TOOL_TYPE_UNKNOWN, buttonState=0, metaState=0, flags=0x0, edgeFlags=0x0, pointerCount=1, historySize=0, eventTime=710157969, downTime=710157969, deviceId=0, source=0x1002 }
08-04 13:15:41.561 22262 22262 I Input   : injectMotionEvent: MotionEvent { action=ACTION_UP, actionButton=0, id[0]=0, x[0]=945.0, y[0]=1376.0, toolType[0]=TOOL_TYPE_UNKNOWN, buttonState=0, metaState=0, flags=0x0, edgeFlags=0x0, pointerCount=1, historySize=0, eventTime=710157969, downTime=710157969, deviceId=0, source=0x1002 }
08-04 13:15:41.562 22262 22262 D AndroidRuntime: Shutting down VM
08-04 13:15:41.622 21360 21375 I art     : Starting a blocking GC Explicit
08-04 13:15:41.634   512  2967 D audio_hw_primary: out_set_parameters: enter: usecase(1: low-latency-playback) kvpairs: routing=2
08-04 13:15:41.646   512  2967 D audio_hw_primary: select_devices: out_snd_device(2: speaker) in_snd_device(0: none)
08-04 13:15:41.647   512  2967 D msm8974_platform: platform_send_audio_calibration: sending audio calibration for snd_device(2) acdb_id(15)
08-04 13:15:41.647   512  2967 I soundtrigger: audio_extn_sound_trigger_update_device_status: device 0x2 of type 0 for Event 1
08-04 13:15:41.654 13866 13866 I GoogleInputMethodServic: GoogleInputMethodService.onFinishInput():3138 
08-04 13:15:41.654 13866 13866 I GoogleInputMethodServic: GoogleInputMethodService.onStartInput():1808 
08-04 13:15:41.658   512  2967 D audio_hw_primary: enable_snd_device: snd_device(2: speaker)
08-04 13:15:41.661   512  2967 D audio_hw_primary: enable_audio_route: apply and update mixer path: low-latency-playback speaker
08-04 13:15:41.668 13866 13866 I GoogleInputMethodServic: GoogleInputMethodService.onFinishInput():3138 
08-04 13:15:41.669 13866 13866 I GoogleInputMethodServic: GoogleInputMethodService.onStartInput():1808 
08-04 13:15:41.695 21360 21375 I art     : Explicit concurrent mark sweep GC freed 1746(106KB) AllocSpace objects, 1(20KB) LOS objects, 30% free, 37MB/53MB, paused 862us total 72.721ms
08-04 13:15:41.715 21360 21375 I art     : Starting a blocking GC Explicit
08-04 13:15:41.773 21360 21375 I art     : Explicit concurrent mark sweep GC freed 567(26KB) AllocSpace objects, 0(0B) LOS objects, 30% free, 37MB/53MB, paused 403us total 57.458ms
08-04 13:15:41.790 21360 21375 I art     : Starting a blocking GC Explicit
08-04 13:15:41.846 21360 21375 I art     : Explicit concurrent mark sweep GC freed 704(62KB) AllocSpace objects, 0(0B) LOS objects, 30% free, 37MB/53MB, paused 339us total 55.418ms
08-04 13:15:41.866 21360 21375 I art     : Starting a blocking GC Explicit
08-04 13:15:41.924 21360 21375 I art     : Explicit concurrent mark sweep GC freed 5(192B) AllocSpace objects, 0(0B) LOS objects, 30% free, 37MB/53MB, paused 345us total 58.571ms
08-04 13:15:41.932 22210 22210 I ServiceManager: Waiting for service AtCmdFwd...
08-04 13:15:41.944 21360 21375 I art     : Starting a blocking GC Explicit
08-04 13:15:41.988 21360 21397 D OpenGLRenderer: endAllStagingAnimators on 0x7f7a036c00 (ListPopupWindow$DropDownListView) with handle 0x7f79f75d80
08-04 13:15:42.000 21360 21375 I art     : Explicit concurrent mark sweep GC freed 27(1056B) AllocSpace objects, 0(0B) LOS objects, 30% free, 37MB/53MB, paused 314us total 56.360ms
08-04 13:15:42.210   512  2967 D audio_hw_primary: disable_audio_route: reset and update mixer path: low-latency-playback speaker
08-04 13:15:42.212   512  2967 D audio_hw_primary: disable_snd_device: snd_device(2: speaker)
08-04 13:15:42.221   512  2967 I soundtrigger: audio_extn_sound_trigger_update_device_status: device 0x2 of type 0 for Event 0
08-04 13:15:42.304 21360 21763 I art     : Starting a blocking GC Explicit
08-04 13:15:42.388 21360 21763 I art     : Explicit concurrent mark sweep GC freed 1396(79KB) AllocSpace objects, 1(20KB) LOS objects, 30% free, 37MB/53MB, paused 376us total 83.248ms
08-04 13:15:42.408 21360 21763 I art     : Starting a blocking GC Explicit
08-04 13:15:42.471 21360 21763 I art     : Explicit concurrent mark sweep GC freed 564(38KB) AllocSpace objects, 0(0B) LOS objects, 30% free, 37MB/53MB, paused 367us total 62.381ms
08-04 13:15:42.491 21360 21763 I art     : Starting a blocking GC Explicit
08-04 13:15:42.552 21360 21763 I art     : Explicit concurrent mark sweep GC freed 3(96B) AllocSpace objects, 0(0B) LOS objects, 30% free, 37MB/53MB, paused 350us total 61.179ms
08-04 13:15:42.572 21360 21763 I art     : Starting a blocking GC Explicit
08-04 13:15:42.634 21360 21763 I art     : Explicit concurrent mark sweep GC freed 3(96B) AllocSpace objects, 0(0B) LOS objects, 30% free, 37MB/53MB, paused 356us total 61.817ms
08-04 13:15:42.655 21360 21763 I art     : Starting a blocking GC Explicit
08-04 13:15:42.703   918  3261 D WifiStateMachine: starting scan for "H369AA63323"WPA_PSK with 2412,5180
08-04 13:15:42.718 21360 21763 I art     : Explicit concurrent mark sweep GC freed 3(96B) AllocSpace objects, 0(0B) LOS objects, 30% free, 37MB/53MB, paused 384us total 62.691ms
08-04 13:15:42.933 22210 22210 I ServiceManager: Waiting for service AtCmdFwd...
08-04 13:15:42.999 21360 21592 I art     : Starting a blocking GC Explicit
08-04 13:15:43.071 21360 21592 I art     : Explicit concurrent mark sweep GC freed 1293(75KB) AllocSpace objects, 1(20KB) LOS objects, 30% free, 37MB/53MB, paused 378us total 72.050ms
08-04 13:15:43.091 21360 21592 I art     : Starting a blocking GC Explicit
08-04 13:15:43.152 21360 21592 I art     : Explicit concurrent mark sweep GC freed 18(624B) AllocSpace objects, 0(0B) LOS objects, 30% free, 37MB/53MB, paused 363us total 60.749ms
08-04 13:15:43.171 21360 21592 I art     : Starting a blocking GC Explicit
08-04 13:15:43.214 22302 22302 D AndroidRuntime: >>>>>> START com.android.internal.os.RuntimeInit uid 2000 <<<<<<
08-04 13:15:43.219 22302 22302 D AndroidRuntime: CheckJNI is OFF
08-04 13:15:43.228 21360 21592 I art     : Explicit concurrent mark sweep GC freed 3(96B) AllocSpace objects, 0(0B) LOS objects, 30% free, 37MB/53MB, paused 378us total 56.729ms
08-04 13:15:43.247 21360 21592 I art     : Starting a blocking GC Explicit
08-04 13:15:43.256 22302 22302 D ICU     : No timezone override file found: /data/misc/zoneinfo/current/icu/icu_tzdata.dat
08-04 13:15:43.288 22302 22302 I Radio-JNI: register_android_hardware_Radio DONE
08-04 13:15:43.302 21360 21592 I art     : Explicit concurrent mark sweep GC freed 3(96B) AllocSpace objects, 0(0B) LOS objects, 30% free, 37MB/53MB, paused 354us total 54.429ms
08-04 13:15:43.310 22302 22302 D AndroidRuntime: Calling main entry com.android.commands.input.Input
08-04 13:15:43.312 22302 22302 I Input   : injectMotionEvent: MotionEvent { action=ACTION_DOWN, actionButton=0, id[0]=0, x[0]=481.0, y[0]=544.0, toolType[0]=TOOL_TYPE_UNKNOWN, buttonState=0, metaState=0, flags=0x0, edgeFlags=0x0, pointerCount=1, historySize=0, eventTime=710159725, downTime=710159725, deviceId=0, source=0x1002 }
08-04 13:15:43.319 22302 22302 I Input   : injectMotionEvent: MotionEvent { action=ACTION_UP, actionButton=0, id[0]=0, x[0]=481.0, y[0]=544.0, toolType[0]=TOOL_TYPE_UNKNOWN, buttonState=0, metaState=0, flags=0x0, edgeFlags=0x0, pointerCount=1, historySize=0, eventTime=710159725, downTime=710159725, deviceId=0, source=0x1002 }
08-04 13:15:43.319 21360 21592 I art     : Starting a blocking GC Explicit
08-04 13:15:43.320 22302 22302 D AndroidRuntime: Shutting down VM
08-04 13:15:43.375 21360 21592 I art     : Explicit concurrent mark sweep GC freed 149(6KB) AllocSpace objects, 0(0B) LOS objects, 30% free, 37MB/53MB, paused 357us total 55.379ms
08-04 13:15:43.655 21360 21879 I art     : Starting a blocking GC Explicit
08-04 13:15:43.706 21360 21879 I art     : Explicit concurrent mark sweep GC freed 2256(118KB) AllocSpace objects, 1(20KB) LOS objects, 30% free, 37MB/53MB, paused 307us total 50.762ms
08-04 13:15:43.723 21360 21879 I art     : Starting a blocking GC Explicit
08-04 13:15:43.773 21360 21879 I art     : Explicit concurrent mark sweep GC freed 69(3056B) AllocSpace objects, 0(0B) LOS objects, 30% free, 37MB/53MB, paused 304us total 50.146ms
08-04 13:15:43.790 21360 21879 I art     : Starting a blocking GC Explicit
08-04 13:15:43.842 21360 21879 I art     : Explicit concurrent mark sweep GC freed 31(992B) AllocSpace objects, 0(0B) LOS objects, 30% free, 37MB/53MB, paused 300us total 51.117ms
08-04 13:15:43.860 21360 21879 I art     : Starting a blocking GC Explicit
08-04 13:15:43.912 21360 21879 I art     : Explicit concurrent mark sweep GC freed 7(224B) AllocSpace objects, 0(0B) LOS objects, 30% free, 37MB/53MB, paused 343us total 52.589ms
08-04 13:15:43.930 21360 21879 I art     : Starting a blocking GC Explicit
08-04 13:15:43.933 22210 22210 W Atfwd_Sendcmd: AtCmdFwd service not published, waiting... retryCnt : 1
08-04 13:15:43.984 21360 21879 I art     : Explicit concurrent mark sweep GC freed 7(224B) AllocSpace objects, 0(0B) LOS objects, 30% free, 37MB/53MB, paused 306us total 53.266ms
08-04 13:15:44.282 21360 21375 I art     : Starting a blocking GC Explicit
08-04 13:15:44.363 21360 21375 I art     : Explicit concurrent mark sweep GC freed 1300(75KB) AllocSpace objects, 1(20KB) LOS objects, 30% free, 37MB/53MB, paused 400us total 80.758ms
08-04 13:15:44.383 21360 21375 I art     : Starting a blocking GC Explicit
08-04 13:15:44.441 21360 21375 I art     : Explicit concurrent mark sweep GC freed 18(624B) AllocSpace objects, 0(0B) LOS objects, 30% free, 37MB/53MB, paused 322us total 57.406ms
08-04 13:15:44.461 21360 21375 I art     : Starting a blocking GC Explicit
08-04 13:15:44.522 21360 21375 I art     : Explicit concurrent mark sweep GC freed 3(96B) AllocSpace objects, 0(0B) LOS objects, 30% free, 37MB/53MB, paused 359us total 61.294ms
08-04 13:15:44.542 21360 21375 I art     : Starting a blocking GC Explicit
08-04 13:15:44.602 21360 21375 I art     : Explicit concurrent mark sweep GC freed 3(96B) AllocSpace objects, 0(0B) LOS objects, 30% free, 37MB/53MB, paused 350us total 59.331ms
08-04 13:15:44.620 21360 21375 I art     : Starting a blocking GC Explicit
08-04 13:15:44.679 21360 21375 I art     : Explicit concurrent mark sweep GC freed 3(96B) AllocSpace objects, 0(0B) LOS objects, 30% free, 37MB/53MB, paused 355us total 58.096ms
08-04 13:15:44.959 22347 22347 D AndroidRuntime: >>>>>> START com.android.internal.os.RuntimeInit uid 2000 <<<<<<
08-04 13:15:44.966 22347 22347 D AndroidRuntime: CheckJNI is OFF
08-04 13:15:44.967 21360 21592 I art     : Starting a blocking GC Explicit
08-04 13:15:45.005 22347 22347 D ICU     : No timezone override file found: /data/misc/zoneinfo/current/icu/icu_tzdata.dat
08-04 13:15:45.039 21360 21592 I art     : Explicit concurrent mark sweep GC freed 1298(75KB) AllocSpace objects, 1(20KB) LOS objects, 30% free, 37MB/53MB, paused 419us total 70.886ms
08-04 13:15:45.042 22347 22347 I Radio-JNI: register_android_hardware_Radio DONE
08-04 13:15:45.060 21360 21592 I art     : Starting a blocking GC Explicit
08-04 13:15:45.066 22347 22347 D AndroidRuntime: Calling main entry com.android.commands.input.Input
08-04 13:15:45.068 22347 22347 I Input   : injectMotionEvent: MotionEvent { action=ACTION_DOWN, actionButton=0, id[0]=0, x[0]=310.0, y[0]=906.0, toolType[0]=TOOL_TYPE_UNKNOWN, buttonState=0, metaState=0, flags=0x0, edgeFlags=0x0, pointerCount=1, historySize=0, eventTime=710161481, downTime=710161481, deviceId=0, source=0x1002 }
08-04 13:15:45.073 22347 22347 I Input   : injectMotionEvent: MotionEvent { action=ACTION_UP, actionButton=0, id[0]=0, x[0]=310.0, y[0]=906.0, toolType[0]=TOOL_TYPE_UNKNOWN, buttonState=0, metaState=0, flags=0x0, edgeFlags=0x0, pointerCount=1, historySize=0, eventTime=710161481, downTime=710161481, deviceId=0, source=0x1002 }
08-04 13:15:45.074 22347 22347 D AndroidRuntime: Shutting down VM
08-04 13:15:45.118 21360 21592 I art     : Explicit concurrent mark sweep GC freed 43(1536B) AllocSpace objects, 0(0B) LOS objects, 30% free, 37MB/53MB, paused 390us total 57.293ms
08-04 13:15:45.136 21360 21592 I art     : Starting a blocking GC Explicit
08-04 13:15:45.154   512  2967 D audio_hw_primary: out_set_parameters: enter: usecase(1: low-latency-playback) kvpairs: routing=2
08-04 13:15:45.166   512  2967 D audio_hw_primary: select_devices: out_snd_device(2: speaker) in_snd_device(0: none)
08-04 13:15:45.166   512  2967 D msm8974_platform: platform_send_audio_calibration: sending audio calibration for snd_device(2) acdb_id(15)
08-04 13:15:45.167   512  2967 I soundtrigger: audio_extn_sound_trigger_update_device_status: device 0x2 of type 0 for Event 1
08-04 13:15:45.171 13866 13866 I GoogleInputMethodServic: GoogleInputMethodService.onFinishInput():3138 
08-04 13:15:45.172 13866 13866 I GoogleInputMethodServic: GoogleInputMethodService.onStartInput():1808 
08-04 13:15:45.176   512  2967 D audio_hw_primary: enable_snd_device: snd_device(2: speaker)
08-04 13:15:45.178   512  2967 D audio_hw_primary: enable_audio_route: apply and update mixer path: low-latency-playback speaker
08-04 13:15:45.181 13866 13866 I GoogleInputMethodServic: GoogleInputMethodService.onFinishInput():3138 
08-04 13:15:45.182 13866 13866 I GoogleInputMethodServic: GoogleInputMethodService.onStartInput():1808 
08-04 13:15:45.197 21360 21592 I art     : Explicit concurrent mark sweep GC freed 396(20KB) AllocSpace objects, 0(0B) LOS objects, 30% free, 37MB/53MB, paused 545us total 60.806ms
08-04 13:15:45.216 21360 21592 I art     : Starting a blocking GC Explicit
08-04 13:15:45.273 21360 21592 I art     : Explicit concurrent mark sweep GC freed 499(22KB) AllocSpace objects, 0(0B) LOS objects, 30% free, 37MB/53MB, paused 408us total 56.930ms
08-04 13:15:45.291 21360 21592 I art     : Starting a blocking GC Explicit
08-04 13:15:45.348 21360 21592 I art     : Explicit concurrent mark sweep GC freed 787(65KB) AllocSpace objects, 0(0B) LOS objects, 30% free, 37MB/53MB, paused 346us total 56.805ms
08-04 13:15:45.494 21360 21397 D OpenGLRenderer: endAllStagingAnimators on 0x7f995c2c00 (ListPopupWindow$DropDownListView) with handle 0x7f8138b8e0
08-04 13:15:45.613 21360 21879 I art     : Starting a blocking GC Explicit
08-04 13:15:45.683 21360 21879 I art     : Explicit concurrent mark sweep GC freed 1413(80KB) AllocSpace objects, 1(20KB) LOS objects, 30% free, 37MB/53MB, paused 362us total 69.340ms
08-04 13:15:45.703 21360 21879 I art     : Starting a blocking GC Explicit
08-04 13:15:45.708   512  2967 D audio_hw_primary: disable_audio_route: reset and update mixer path: low-latency-playback speaker
08-04 13:15:45.709   512  2967 D audio_hw_primary: disable_snd_device: snd_device(2: speaker)
08-04 13:15:45.716   512  2967 I soundtrigger: audio_extn_sound_trigger_update_device_status: device 0x2 of type 0 for Event 0
08-04 13:15:45.763 21360 21879 I art     : Explicit concurrent mark sweep GC freed 507(32KB) AllocSpace objects, 0(0B) LOS objects, 30% free, 37MB/53MB, paused 355us total 60.114ms
08-04 13:15:45.784 21360 21879 I art     : Starting a blocking GC Explicit
08-04 13:15:45.844 21360 21879 I art     : Explicit concurrent mark sweep GC freed 3(96B) AllocSpace objects, 0(0B) LOS objects, 30% free, 37MB/53MB, paused 356us total 60.640ms
08-04 13:15:45.865 21360 21879 I art     : Starting a blocking GC Explicit
08-04 13:15:45.926 21360 21879 I art     : Explicit concurrent mark sweep GC freed 3(96B) AllocSpace objects, 0(0B) LOS objects, 30% free, 37MB/53MB, paused 357us total 60.795ms
08-04 13:15:45.946 21360 21879 I art     : Starting a blocking GC Explicit
08-04 13:15:46.008 21360 21879 I art     : Explicit concurrent mark sweep GC freed 3(96B) AllocSpace objects, 0(0B) LOS objects, 30% free, 37MB/53MB, paused 366us total 61.746ms
08-04 13:15:46.322 21360 21375 I art     : Starting a blocking GC Explicit
08-04 13:15:46.387 21360 21375 I art     : Explicit concurrent mark sweep GC freed 1293(75KB) AllocSpace objects, 1(20KB) LOS objects, 30% free, 37MB/53MB, paused 358us total 64.614ms
08-04 13:15:46.406 21360 21375 I art     : Starting a blocking GC Explicit
08-04 13:15:46.461 21360 21375 I art     : Explicit concurrent mark sweep GC freed 18(624B) AllocSpace objects, 0(0B) LOS objects, 30% free, 37MB/53MB, paused 330us total 54.235ms
08-04 13:15:46.480 21360 21375 I art     : Starting a blocking GC Explicit
08-04 13:15:46.535 21360 21375 I art     : Explicit concurrent mark sweep GC freed 3(96B) AllocSpace objects, 0(0B) LOS objects, 30% free, 37MB/53MB, paused 333us total 55.070ms
08-04 13:15:46.553 21360 21375 I art     : Starting a blocking GC Explicit
08-04 13:15:46.612 21360 21375 I art     : Explicit concurrent mark sweep GC freed 3(96B) AllocSpace objects, 0(0B) LOS objects, 30% free, 37MB/53MB, paused 366us total 58.665ms
08-04 13:15:46.631 21360 21375 I art     : Starting a blocking GC Explicit
08-04 13:15:46.654 13866 13882 I PeriodicStatsRunner: PeriodicStatsRunner.call():175 call()
08-04 13:15:46.654 13866 13882 I PeriodicStatsRunner: PeriodicStatsRunner.call():179 No submit PeriodicStats since input started.
08-04 13:15:46.668 13866 13882 I PeriodicStatsRunner: PeriodicStatsRunner.call():175 call()
08-04 13:15:46.669 13866 13882 I PeriodicStatsRunner: PeriodicStatsRunner.call():179 No submit PeriodicStats since input started.
08-04 13:15:46.691 21360 21375 I art     : Explicit concurrent mark sweep GC freed 3(96B) AllocSpace objects, 0(0B) LOS objects, 30% free, 37MB/53MB, paused 349us total 59.698ms
08-04 13:15:46.729 22390 22390 D AndroidRuntime: >>>>>> START com.android.internal.os.RuntimeInit uid 2000 <<<<<<
08-04 13:15:46.734 22390 22390 D AndroidRuntime: CheckJNI is OFF
08-04 13:15:46.767 22390 22390 D ICU     : No timezone override file found: /data/misc/zoneinfo/current/icu/icu_tzdata.dat
08-04 13:15:46.800 22390 22390 I Radio-JNI: register_android_hardware_Radio DONE
08-04 13:15:46.822 22390 22390 D AndroidRuntime: Calling main entry com.android.commands.input.Input
08-04 13:15:46.824 22390 22390 I Input   : injectMotionEvent: MotionEvent { action=ACTION_DOWN, actionButton=0, id[0]=0, x[0]=648.0, y[0]=709.0, toolType[0]=TOOL_TYPE_UNKNOWN, buttonState=0, metaState=0, flags=0x0, edgeFlags=0x0, pointerCount=1, historySize=0, eventTime=710163237, downTime=710163237, deviceId=0, source=0x1002 }
08-04 13:15:46.832 22390 22390 I Input   : injectMotionEvent: MotionEvent { action=ACTION_UP, actionButton=0, id[0]=0, x[0]=648.0, y[0]=709.0, toolType[0]=TOOL_TYPE_UNKNOWN, buttonState=0, metaState=0, flags=0x0, edgeFlags=0x0, pointerCount=1, historySize=0, eventTime=710163237, downTime=710163237, deviceId=0, source=0x1002 }
08-04 13:15:46.834 22390 22390 D AndroidRuntime: Shutting down VM
08-04 13:15:46.899   512  2967 D audio_hw_primary: out_set_parameters: enter: usecase(1: low-latency-playback) kvpairs: routing=2
08-04 13:15:46.912   512  2967 D audio_hw_primary: select_devices: out_snd_device(2: speaker) in_snd_device(0: none)
08-04 13:15:46.912   512  2967 D msm8974_platform: platform_send_audio_calibration: sending audio calibration for snd_device(2) acdb_id(15)
08-04 13:15:46.913   512  2967 I soundtrigger: audio_extn_sound_trigger_update_device_status: device 0x2 of type 0 for Event 1
08-04 13:15:46.922   512  2967 D audio_hw_primary: enable_snd_device: snd_device(2: speaker)
08-04 13:15:46.924   512  2967 D audio_hw_primary: enable_audio_route: apply and update mixer path: low-latency-playback speaker
08-04 13:15:46.965 21360 21375 I art     : Starting a blocking GC Explicit
08-04 13:15:47.032 21360 21375 I art     : Explicit concurrent mark sweep GC freed 2057(133KB) AllocSpace objects, 2(40KB) LOS objects, 30% free, 37MB/53MB, paused 415us total 66.758ms
08-04 13:15:47.054 21360 21375 I art     : Starting a blocking GC Explicit
08-04 13:15:47.116 21360 21375 I art     : Explicit concurrent mark sweep GC freed 152(6KB) AllocSpace objects, 0(0B) LOS objects, 30% free, 37MB/53MB, paused 313us total 61.953ms
08-04 13:15:47.136 21360 21375 I art     : Starting a blocking GC Explicit
08-04 13:15:47.200 21360 21375 I art     : Explicit concurrent mark sweep GC freed 5(176B) AllocSpace objects, 0(0B) LOS objects, 30% free, 37MB/53MB, paused 346us total 63.963ms
08-04 13:15:47.223 21360 21375 I art     : Starting a blocking GC Explicit
08-04 13:15:47.287 21360 21375 I art     : Explicit concurrent mark sweep GC freed 3(96B) AllocSpace objects, 0(0B) LOS objects, 30% free, 37MB/53MB, paused 375us total 63.939ms
08-04 13:15:47.310 21360 21375 I art     : Starting a blocking GC Explicit
08-04 13:15:47.383 21360 21375 I art     : Explicit concurrent mark sweep GC freed 9(320B) AllocSpace objects, 0(0B) LOS objects, 30% free, 37MB/53MB, paused 375us total 72.148ms
08-04 13:15:47.460   512  2967 D audio_hw_primary: disable_audio_route: reset and update mixer path: low-latency-playback speaker
08-04 13:15:47.461   512  2967 D audio_hw_primary: disable_snd_device: snd_device(2: speaker)
08-04 13:15:47.471   512  2967 I soundtrigger: audio_extn_sound_trigger_update_device_status: device 0x2 of type 0 for Event 0
08-04 13:15:47.702 21360 21592 I art     : Starting a blocking GC Explicit
08-04 13:15:47.771 21360 21592 I art     : Explicit concurrent mark sweep GC freed 1333(77KB) AllocSpace objects, 1(20KB) LOS objects, 30% free, 37MB/53MB, paused 373us total 67.900ms
08-04 13:15:47.790 21360 21592 I art     : Starting a blocking GC Explicit
08-04 13:15:47.847 21360 21592 I art     : Explicit concurrent mark sweep GC freed 22(752B) AllocSpace objects, 0(0B) LOS objects, 30% free, 37MB/53MB, paused 469us total 56.758ms
08-04 13:15:47.859   518   646 I ThermalEngine: ACTION: GPU - Setting GPU[0] to 450000000
08-04 13:15:47.871 21360 21592 I art     : Starting a blocking GC Explicit
08-04 13:15:47.943 21360 21592 I art     : Explicit concurrent mark sweep GC freed 3(96B) AllocSpace objects, 0(0B) LOS objects, 30% free, 37MB/53MB, paused 480us total 71.657ms
08-04 13:15:47.967 21360 21592 I art     : Starting a blocking GC Explicit
08-04 13:15:48.045 21360 21592 I art     : Explicit concurrent mark sweep GC freed 3(96B) AllocSpace objects, 0(0B) LOS objects, 30% free, 37MB/53MB, paused 488us total 77.019ms
08-04 13:15:48.070 21360 21592 I art     : Starting a blocking GC Explicit
08-04 13:15:48.138 21360 21592 I art     : Explicit concurrent mark sweep GC freed 3(96B) AllocSpace objects, 0(0B) LOS objects, 30% free, 37MB/53MB, paused 506us total 67.691ms
08-04 13:15:48.451 21360 21879 I art     : Starting a blocking GC Explicit
08-04 13:15:48.537 21360 21879 I art     : Explicit concurrent mark sweep GC freed 1294(75KB) AllocSpace objects, 1(20KB) LOS objects, 30% free, 37MB/53MB, paused 469us total 86.004ms
08-04 13:15:48.563 21360 21879 I art     : Starting a blocking GC Explicit
08-04 13:15:48.618 22423 22423 D AndroidRuntime: >>>>>> START com.android.internal.os.RuntimeInit uid 2000 <<<<<<
08-04 13:15:48.624 22423 22423 D AndroidRuntime: CheckJNI is OFF
08-04 13:15:48.641 21360 21879 I art     : Explicit concurrent mark sweep GC freed 29(976B) AllocSpace objects, 0(0B) LOS objects, 30% free, 37MB/53MB, paused 657us total 78.172ms
08-04 13:15:48.666 21360 21879 I art     : Starting a blocking GC Explicit
08-04 13:15:48.674 22423 22423 D ICU     : No timezone override file found: /data/misc/zoneinfo/current/icu/icu_tzdata.dat
08-04 13:15:48.724 22423 22423 I Radio-JNI: register_android_hardware_Radio DONE
08-04 13:15:48.739 21360 21879 I art     : Explicit concurrent mark sweep GC freed 15(480B) AllocSpace objects, 0(0B) LOS objects, 30% free, 37MB/53MB, paused 449us total 72.800ms
08-04 13:15:48.754 22423 22423 D AndroidRuntime: Calling main entry com.android.commands.input.Input
08-04 13:15:48.758 22423 22423 I Input   : injectMotionEvent: MotionEvent { action=ACTION_DOWN, actionButton=0, id[0]=0, x[0]=1197.0, y[0]=1456.0, toolType[0]=TOOL_TYPE_UNKNOWN, buttonState=0, metaState=0, flags=0x0, edgeFlags=0x0, pointerCount=1, historySize=0, eventTime=710165169, downTime=710165169, deviceId=0, source=0x1002 }
08-04 13:15:48.763 21360 21879 I art     : Starting a blocking GC Explicit
08-04 13:15:48.766 22423 22423 I Input   : injectMotionEvent: MotionEvent { action=ACTION_UP, actionButton=0, id[0]=0, x[0]=1197.0, y[0]=1456.0, toolType[0]=TOOL_TYPE_UNKNOWN, buttonState=0, metaState=0, flags=0x0, edgeFlags=0x0, pointerCount=1, historySize=0, eventTime=710165169, downTime=710165169, deviceId=0, source=0x1002 }
08-04 13:15:48.768 22423 22423 D AndroidRuntime: Shutting down VM
08-04 13:15:48.778   512  2967 D audio_hw_primary: out_set_parameters: enter: usecase(1: low-latency-playback) kvpairs: routing=2
08-04 13:15:48.791   512  2967 D audio_hw_primary: select_devices: out_snd_device(2: speaker) in_snd_device(0: none)
08-04 13:15:48.792   512  2967 D msm8974_platform: platform_send_audio_calibration: sending audio calibration for snd_device(2) acdb_id(15)
08-04 13:15:48.792   512  2967 I soundtrigger: audio_extn_sound_trigger_update_device_status: device 0x2 of type 0 for Event 1
08-04 13:15:48.797 21360 21397 D OpenGLRenderer: endAllStagingAnimators on 0x7f995c2800 (RippleDrawable) with handle 0x7f8138b8c0
08-04 13:15:48.801   512  2967 D audio_hw_primary: enable_snd_device: snd_device(2: speaker)
08-04 13:15:48.803   512  2967 D audio_hw_primary: enable_audio_route: apply and update mixer path: low-latency-playback speaker
08-04 13:15:48.805 21360 21360 I SettingsManager: Setting string: savedCourse
08-04 13:15:48.812   918  3670 W BackupManagerService: dataChanged but no participant pkg='baseline.com.ak.uobtimetable' uid=10659
08-04 13:15:48.813   918   929 I ActivityManager: START u0 {flg=0x4000000 cmp=baseline.com.ak.uobtimetable/.MainActivity (has extras)} from uid 10659 on display 0
08-04 13:15:48.825   918  3714 W InputMethodManagerService: Focus gain on non-focused client com.android.internal.view.IInputMethodClient$Stub$Proxy@9378876 (uid=10659 pid=21360)
08-04 13:15:48.833 21360 21879 I art     : Explicit concurrent mark sweep GC freed 2437(125KB) AllocSpace objects, 1(20KB) LOS objects, 30% free, 37MB/53MB, paused 650us total 69.037ms
08-04 13:15:48.843 21360 21360 D MainActivity: OnDestroy
08-04 13:15:48.856 21360 21879 I art     : Starting a blocking GC Explicit
08-04 13:15:48.868 21360 21360 D MainActivity: onCreate
08-04 13:15:48.868 21360 21360 I SettingsManager: Getting string: savedSessions
08-04 13:15:48.868 21360 21360 I SettingsManager: Getting string: savedSessions
08-04 13:15:48.878 21360 21360 I SettingsManager: Getting string: savedSessionsCourseName
08-04 13:15:48.879 21360 21360 I SettingsManager: Getting string: savedSessionsCourseName
08-04 13:15:48.879 21360 21360 I SettingsManager: Getting string: savedSessionsDateRange
08-04 13:15:48.879 21360 21360 I SettingsManager: Getting string: savedSessionsDateRange
08-04 13:15:48.879 21360 21360 I Settings: 10 saved sessions - Bedfordshire International and EU Foundation Year - Int Foun - Ltn - Y0 Feb FT - Weeks: 24-38 (8 Jun 2020-20 Sep 2020)
08-04 13:15:48.922 21360 21360 I SettingsManager: Getting string: savedCourse
08-04 13:15:48.924 21360 21360 D MainActivity: sessionListFragmentArg: updateSessions
08-04 13:15:48.924 21360 21360 D MainActivity: showTermDatesConfigChange: false
08-04 13:15:48.924 21360 21360 D MainActivity: showTermDatesShortcut: false
08-04 13:15:48.925 21360 21360 D MainActivity: Setting initial fragment: SessionListsFragment
08-04 13:15:48.928 21360 21360 I SettingsManager: Getting int: launchCount
08-04 13:15:48.929 21360 21360 D SessionListsFragment: onCreateView
08-04 13:15:48.931 21360 21879 I art     : Explicit concurrent mark sweep GC freed 8855(418KB) AllocSpace objects, 1(112KB) LOS objects, 29% free, 38MB/54MB, paused 832us total 74.653ms
08-04 13:15:48.934 21360 21360 I SettingsManager: Getting string: savedCourse
08-04 13:15:48.934 22210 22210 I ServiceManager: Waiting for service AtCmdFwd...
08-04 13:15:48.939 21360 21360 I SettingsManager: Getting string: savedSessions
08-04 13:15:48.950 21360 21360 D SessionListsFragment: loadArgument: updateSessions
08-04 13:15:48.950 21360 21360 D SessionListsFragment: initialIndex: -1
08-04 13:15:48.953 21360 22446 D HTTP    : Request for: https://uob-timetable-api.adriankeenan.co.uk/sessions?dept=CM010&course=BSAIFAAF%2F02AA%2F0%2FFT&level=Foundation+Year
08-04 13:15:48.967 21360 21360 D TermDatesFragment: WebView loaded
08-04 13:15:48.968 21360 21360 D MainActivity: OnResume
08-04 13:15:49.045 21360 21360 I TermDatesFragment: Webview load %: 10
08-04 13:15:49.074   918   936 I ActivityManager: Displayed baseline.com.ak.uobtimetable/.MainActivity: +246ms
08-04 13:15:49.076 13866 13866 I GoogleInputMethodServic: GoogleInputMethodService.onFinishInput():3138 
08-04 13:15:49.077 13866 13866 I GoogleInputMethodServic: GoogleInputMethodService.onStartInput():1808 
08-04 13:15:49.150 21360 21360 I TermDatesFragment: Webview load %: 70
08-04 13:15:49.160 21360 21360 I TermDatesFragment: Webview load %: 100
08-04 13:15:49.161 21360 21360 I TermDatesFragment: Webview load %: 100
08-04 13:15:49.168 21360 22446 I NAPPA_EXPERIMENTATION: MetricNetworkRequestExecutionTime: REQUEST_DURATION_SYSTEM='214',REQUEST_DURATION_OKHTTP='28',REQUEST_SYNCHRONOUS='TRUE',RESPONSE_CODE='200',RESPONSE_METHOD='GET',RESPONSE_LENGTH_OKHTTP='-1',RESPONSE_LENGTH_HEADER='1214',REQUEST_PROTOCOL='http/1.1',REQUEST_URL='https://uob-timetable-api.adriankeenan.co.uk/sessions?dept=CM010&course=BSAIFAAF%2F02AA%2F0%2FFT&level=Foundation+Year',
08-04 13:15:49.215 21360 22446 I HTTP    : Response was compressed.
08-04 13:15:49.229 21360 22446 I Service : getSessions response time: 1.10
08-04 13:15:49.229 21360 21360 I SettingsManager: Getting string: savedSessions
08-04 13:15:49.230 21360 21360 I SettingsManager: Getting string: savedSessions
08-04 13:15:49.231 21360 21763 I art     : Starting a blocking GC Explicit
08-04 13:15:49.244 21360 21360 I Service : Sessions updated: 10
08-04 13:15:49.244 21360 21360 I Service : Sessions removed from new list: 0
08-04 13:15:49.253 21360 21360 I SettingsManager: Setting string: savedSessions
08-04 13:15:49.260   918   928 W BackupManagerService: dataChanged but no participant pkg='baseline.com.ak.uobtimetable' uid=10659
08-04 13:15:49.261 21360 21360 I SettingsManager: Setting date: savedSessionsTime
08-04 13:15:49.268   918  5952 W BackupManagerService: dataChanged but no participant pkg='baseline.com.ak.uobtimetable' uid=10659
08-04 13:15:49.268 21360 21360 I SettingsManager: Setting string: savedSessionsCourseName
08-04 13:15:49.277   918  3359 W BackupManagerService: dataChanged but no participant pkg='baseline.com.ak.uobtimetable' uid=10659
08-04 13:15:49.277 21360 21360 I SettingsManager: Setting string: savedSessionsDateRange
08-04 13:15:49.277   918  6112 W BackupManagerService: dataChanged but no participant pkg='baseline.com.ak.uobtimetable' uid=10659
08-04 13:15:49.278 21360 21360 I SettingsManager: Setting string: timetableUrl
08-04 13:15:49.278   918  4400 W BackupManagerService: dataChanged but no participant pkg='baseline.com.ak.uobtimetable' uid=10659
08-04 13:15:49.278 21360 21360 I SettingsManager: Getting boolean: notifySessionRemindersEnabled
08-04 13:15:49.278 21360 21360 I SettingsManager: Getting int: notifySessionRemindersMinutes
08-04 13:15:49.278 21360 21360 I SettingsManager: Getting boolean: showHiddenSessions
08-04 13:15:49.280 21360 21360 I SessionReminderNotifier: Created session reminder alarm for f7b4771250a919bd729c1c5a4a459c77 at Mon 08:30:00 10/08/20
08-04 13:15:49.283 21360 21360 I SessionReminderNotifier: Created session reminder alarm for a7f879aabdeb78622c8820a5fb7b64cd at Tue 08:30:00 11/08/20
08-04 13:15:49.286 21360 21360 I SessionReminderNotifier: Created session reminder alarm for 7bc8d7e2c2055711f597c3d9078c6ea3 at Tue 08:30:00 11/08/20
08-04 13:15:49.287 21360 21360 I SessionReminderNotifier: Created session reminder alarm for 53c0527a6f009a1f2fd223834d3bfe51 at Tue 10:30:00 11/08/20
08-04 13:15:49.289 21360 21360 I SessionReminderNotifier: Created session reminder alarm for e0fc978b5db8218778540b4053344581 at Tue 11:00:00 11/08/20
08-04 13:15:49.291 21360 21360 I SessionReminderNotifier: Created session reminder alarm for 199afb0100f329ff65a09e1b0cd9deba at Tue 11:30:00 11/08/20
08-04 13:15:49.292 21360 21360 I SessionReminderNotifier: Created session reminder alarm for 21712fef61090882c855a1425543edb5 at Tue 13:30:00 04/08/20
08-04 13:15:49.294 21360 21360 I SessionReminderNotifier: Created session reminder alarm for 65ca4d97f031f29a4d02bbb45a705d8f at Wed 08:30:00 05/08/20
08-04 13:15:49.296 21360 21360 I SessionReminderNotifier: Created session reminder alarm for eeda7741b0bcab58fd9f46dc6ef1d942 at Wed 08:30:00 05/08/20
08-04 13:15:49.298 21360 21360 I SessionReminderNotifier: Created session reminder alarm for c276c1b2075a0beb67f1b3d1e580f920 at Wed 11:00:00 05/08/20
08-04 13:15:49.300 21360 21360 I SessionReminderNotifier: Created session reminder alarm for 8b1f3627e42ae13a6f6ba0a83903dde1 at Wed 13:30:00 05/08/20
08-04 13:15:49.303 21360 21360 I SessionReminderNotifier: Created session reminder alarm for 79fe0b5c3b887a13ba29db5a33fa2800 at Thu 08:30:00 06/08/20
08-04 13:15:49.303 21360 21763 I art     : Explicit concurrent mark sweep GC freed 41672(1996KB) AllocSpace objects, 11(1580KB) LOS objects, 29% free, 37MB/53MB, paused 872us total 71.702ms
08-04 13:15:49.305 21360 21360 I SessionReminderNotifier: Created session reminder alarm for cb9dfc8231cdba2be0835dc5709690e1 at Thu 08:30:00 06/08/20
08-04 13:15:49.307 21360 21360 I SessionReminderNotifier: Created session reminder alarm for f850dc24d6de60b7b89fa9e1a8c224c5 at Thu 12:00:00 06/08/20
08-04 13:15:49.309 21360 21360 I SessionReminderNotifier: Created session reminder alarm for 2ba1034116e4fffdd592dbf0796a43d5 at Fri 08:30:00 07/08/20
08-04 13:15:49.310 21360 21360 I SettingsManager: Getting boolean: showHiddenSessions
08-04 13:15:49.310 21360 21360 D SessionListsFragment: 1 sessions for day 0
08-04 13:15:49.310 21360 21360 D SessionListsFragment: 6 sessions for day 1
08-04 13:15:49.310 21360 21360 D SessionListsFragment: 4 sessions for day 2
08-04 13:15:49.310 21360 21360 D SessionListsFragment: 3 sessions for day 3
08-04 13:15:49.310 21360 21360 D SessionListsFragment: 1 sessions for day 4
08-04 13:15:49.326 21360 21763 I art     : Starting a blocking GC Explicit
08-04 13:15:49.348   512  2967 D audio_hw_primary: disable_audio_route: reset and update mixer path: low-latency-playback speaker
08-04 13:15:49.349   512  2967 D audio_hw_primary: disable_snd_device: snd_device(2: speaker)
08-04 13:15:49.356   512  2967 I soundtrigger: audio_extn_sound_trigger_update_device_status: device 0x2 of type 0 for Event 0
08-04 13:15:49.360 21360 21360 I SettingsManager: Getting boolean: showHiddenSessions
08-04 13:15:49.361 21360 21360 D SessionListsFragment: Refreshed ViewPager
08-04 13:15:49.361 21360 21360 I SettingsManager: Getting boolean: showHiddenSessions
08-04 13:15:49.361 21360 21360 I SettingsManager: Getting boolean: completedTutorial
08-04 13:15:49.361 21360 21360 I SettingsManager: Getting boolean: showHiddenSessions
08-04 13:15:49.361 21360 21360 I SettingsManager: Getting date: savedSessionsTime
08-04 13:15:49.389 21360 21763 I art     : Explicit concurrent mark sweep GC freed 35641(1696KB) AllocSpace objects, 0(0B) LOS objects, 30% free, 36MB/52MB, paused 1.357ms total 63.658ms
08-04 13:15:49.390 21360 21374 I art     : WaitForGcToComplete blocked for 26.548ms for cause HeapTrim
08-04 13:15:49.409 21360 21763 I art     : Starting a blocking GC Explicit
08-04 13:15:49.473 21360 21763 I art     : Explicit concurrent mark sweep GC freed 30665(1230KB) AllocSpace objects, 0(0B) LOS objects, 30% free, 36MB/52MB, paused 1.732ms total 63.334ms
08-04 13:15:49.493 21360 21763 I art     : Starting a blocking GC Explicit
08-04 13:15:49.559 21360 21763 I art     : Explicit concurrent mark sweep GC freed 28761(1175KB) AllocSpace objects, 0(0B) LOS objects, 30% free, 36MB/52MB, paused 1.252ms total 66.140ms
08-04 13:15:49.580 21360 21763 I art     : Starting a blocking GC Explicit
08-04 13:15:49.650 21360 21763 I art     : Explicit concurrent mark sweep GC freed 27124(1124KB) AllocSpace objects, 0(0B) LOS objects, 30% free, 36MB/52MB, paused 1.339ms total 69.282ms
08-04 13:15:49.934 22210 22210 I ServiceManager: Waiting for service AtCmdFwd...
08-04 13:15:49.961 21360 21377 I art     : Starting a blocking GC Explicit
08-04 13:15:50.066 21360 21377 I art     : Explicit concurrent mark sweep GC freed 131026(5MB) AllocSpace objects, 1(20KB) LOS objects, 29% free, 37MB/53MB, paused 1.384ms total 104.508ms
08-04 13:15:50.089 21360 21377 I art     : Starting a blocking GC Explicit
08-04 13:15:50.168 21360 21377 I art     : Explicit concurrent mark sweep GC freed 38106(1705KB) AllocSpace objects, 0(0B) LOS objects, 29% free, 37MB/53MB, paused 1.259ms total 78.915ms
08-04 13:15:50.172 13866 13882 I PeriodicStatsRunner: PeriodicStatsRunner.call():175 call()
08-04 13:15:50.172 13866 13882 I PeriodicStatsRunner: PeriodicStatsRunner.call():179 No submit PeriodicStats since input started.
08-04 13:15:50.181 13866 13882 I PeriodicStatsRunner: PeriodicStatsRunner.call():175 call()
08-04 13:15:50.182 13866 13882 I PeriodicStatsRunner: PeriodicStatsRunner.call():179 No submit PeriodicStats since input started.
08-04 13:15:50.192 21360 21377 I art     : Starting a blocking GC Explicit
08-04 13:15:50.200 21360 21360 I Choreographer: Skipped 49 frames!  The application may be doing too much work on its main thread.
08-04 13:15:50.261 21360 21377 I art     : Explicit concurrent mark sweep GC freed 8972(396KB) AllocSpace objects, 0(0B) LOS objects, 29% free, 37MB/53MB, paused 677us total 68.318ms
08-04 13:15:50.283 21360 21377 I art     : Starting a blocking GC Explicit
08-04 13:15:50.339 21360 21377 I art     : Explicit concurrent mark sweep GC freed 122004(11MB) AllocSpace objects, 3(136KB) LOS objects, 37% free, 26MB/42MB, paused 507us total 55.532ms
08-04 13:15:50.354 21360 21377 I art     : Starting a blocking GC Explicit
08-04 13:15:50.393 21360 21377 I art     : Explicit concurrent mark sweep GC freed 3(96B) AllocSpace objects, 0(0B) LOS objects, 37% free, 26MB/42MB, paused 517us total 38.884ms
08-04 13:15:50.733 21360 21375 I art     : Starting a blocking GC Explicit
08-04 13:15:50.789 21360 21375 I art     : Explicit concurrent mark sweep GC freed 1517(85KB) AllocSpace objects, 1(20KB) LOS objects, 37% free, 26MB/42MB, paused 636us total 56.331ms
08-04 13:15:50.809 21360 21375 I art     : Starting a blocking GC Explicit
08-04 13:15:50.854 21360 21375 I art     : Explicit concurrent mark sweep GC freed 18(640B) AllocSpace objects, 0(0B) LOS objects, 37% free, 26MB/42MB, paused 556us total 44.514ms
08-04 13:15:50.871 21360 21375 I art     : Starting a blocking GC Explicit
08-04 13:15:50.918 21360 21375 I art     : Explicit concurrent mark sweep GC freed 3(96B) AllocSpace objects, 0(0B) LOS objects, 37% free, 26MB/42MB, paused 735us total 46.896ms
08-04 13:15:50.934 21360 21375 I art     : Starting a blocking GC Explicit
08-04 13:15:50.935 22210 22210 I ServiceManager: Waiting for service AtCmdFwd...
08-04 13:15:50.978 21360 21375 I art     : Explicit concurrent mark sweep GC freed 19(736B) AllocSpace objects, 0(0B) LOS objects, 37% free, 26MB/42MB, paused 808us total 43.227ms
08-04 13:15:50.994 21360 21375 I art     : Starting a blocking GC Explicit
08-04 13:15:51.036 21360 21375 I art     : Explicit concurrent mark sweep GC freed 44(1424B) AllocSpace objects, 0(0B) LOS objects, 37% free, 26MB/42MB, paused 556us total 41.901ms
08-04 13:15:51.369 21360 21377 I art     : Starting a blocking GC Explicit
08-04 13:15:51.427 21360 21377 I art     : Explicit concurrent mark sweep GC freed 1388(78KB) AllocSpace objects, 1(20KB) LOS objects, 37% free, 26MB/42MB, paused 574us total 57.661ms
08-04 13:15:51.445 21360 21377 I art     : Starting a blocking GC Explicit
08-04 13:15:51.492 21360 21377 I art     : Explicit concurrent mark sweep GC freed 18(624B) AllocSpace objects, 0(0B) LOS objects, 37% free, 26MB/42MB, paused 545us total 47.198ms
08-04 13:15:51.509 21360 21377 I art     : Starting a blocking GC Explicit
08-04 13:15:51.557 21360 21377 I art     : Explicit concurrent mark sweep GC freed 3(96B) AllocSpace objects, 0(0B) LOS objects, 37% free, 26MB/42MB, paused 522us total 47.799ms
08-04 13:15:51.573 21360 21377 I art     : Starting a blocking GC Explicit
08-04 13:15:51.621 21360 21377 I art     : Explicit concurrent mark sweep GC freed 3(96B) AllocSpace objects, 0(0B) LOS objects, 37% free, 26MB/42MB, paused 536us total 46.885ms
08-04 13:15:51.637 21360 21377 I art     : Starting a blocking GC Explicit
08-04 13:15:51.684 21360 21377 I art     : Explicit concurrent mark sweep GC freed 3(96B) AllocSpace objects, 0(0B) LOS objects, 37% free, 26MB/42MB, paused 525us total 46.587ms
08-04 13:15:51.935 22210 22210 I ServiceManager: Waiting for service AtCmdFwd...
08-04 13:15:52.009 21360 21879 I art     : Starting a blocking GC Explicit
08-04 13:15:52.066 21360 21879 I art     : Explicit concurrent mark sweep GC freed 1293(75KB) AllocSpace objects, 1(20KB) LOS objects, 37% free, 26MB/42MB, paused 580us total 56.651ms
08-04 13:15:52.087 21360 21879 I art     : Starting a blocking GC Explicit
08-04 13:15:52.133 21360 21879 I art     : Explicit concurrent mark sweep GC freed 18(624B) AllocSpace objects, 0(0B) LOS objects, 37% free, 26MB/42MB, paused 553us total 45.499ms
08-04 13:15:52.150 21360 21879 I art     : Starting a blocking GC Explicit
08-04 13:15:52.195 21360 21879 I art     : Explicit concurrent mark sweep GC freed 3(96B) AllocSpace objects, 0(0B) LOS objects, 37% free, 26MB/42MB, paused 629us total 44.489ms
08-04 13:15:52.211 21360 21879 I art     : Starting a blocking GC Explicit
08-04 13:15:52.252 21360 21879 I art     : Explicit concurrent mark sweep GC freed 3(96B) AllocSpace objects, 0(0B) LOS objects, 37% free, 26MB/42MB, paused 526us total 40.529ms
08-04 13:15:52.267 21360 21879 I art     : Starting a blocking GC Explicit
08-04 13:15:52.313 21360 21879 I art     : Explicit concurrent mark sweep GC freed 3(96B) AllocSpace objects, 0(0B) LOS objects, 37% free, 26MB/42MB, paused 532us total 45.018ms
08-04 13:15:52.661 21360 21375 I art     : Starting a blocking GC Explicit
08-04 13:15:52.711 21360 21375 I art     : Explicit concurrent mark sweep GC freed 1293(75KB) AllocSpace objects, 1(20KB) LOS objects, 37% free, 26MB/42MB, paused 553us total 49.763ms
08-04 13:15:52.728 21360 21375 I art     : Starting a blocking GC Explicit
08-04 13:15:52.776 21360 21375 I art     : Explicit concurrent mark sweep GC freed 18(624B) AllocSpace objects, 0(0B) LOS objects, 37% free, 26MB/42MB, paused 541us total 47.780ms
08-04 13:15:52.792 21360 21375 I art     : Starting a blocking GC Explicit
08-04 13:15:52.836 21360 21375 I art     : Explicit concurrent mark sweep GC freed 3(96B) AllocSpace objects, 0(0B) LOS objects, 37% free, 26MB/42MB, paused 551us total 43.933ms
08-04 13:15:52.852 21360 21375 I art     : Starting a blocking GC Explicit
08-04 13:15:52.868   518   646 I ThermalEngine: ACTION: GPU - Setting GPU[0] to 510000000
08-04 13:15:52.898 21360 21375 I art     : Explicit concurrent mark sweep GC freed 3(96B) AllocSpace objects, 0(0B) LOS objects, 37% free, 26MB/42MB, paused 581us total 45.479ms
08-04 13:15:52.913 21360 21375 I art     : Starting a blocking GC Explicit
08-04 13:15:52.936 22210 22210 I ServiceManager: Waiting for service AtCmdFwd...
08-04 13:15:52.948 21360 21375 I art     : Explicit concurrent mark sweep GC freed 3(96B) AllocSpace objects, 0(0B) LOS objects, 37% free, 26MB/42MB, paused 392us total 34.862ms
08-04 13:15:53.228 21360 21763 I art     : Starting a blocking GC Explicit
08-04 13:15:53.269 21360 21763 I art     : Explicit concurrent mark sweep GC freed 1310(76KB) AllocSpace objects, 1(20KB) LOS objects, 37% free, 26MB/42MB, paused 681us total 39.825ms
08-04 13:15:53.284 21360 21763 I art     : Starting a blocking GC Explicit
08-04 13:15:53.319 21360 21763 I art     : Explicit concurrent mark sweep GC freed 32(1280B) AllocSpace objects, 0(0B) LOS objects, 37% free, 26MB/42MB, paused 877us total 34.236ms
08-04 13:15:53.330 21360 21763 I art     : Starting a blocking GC Explicit
08-04 13:15:53.361 21360 21763 I art     : Explicit concurrent mark sweep GC freed 10(368B) AllocSpace objects, 0(0B) LOS objects, 37% free, 26MB/42MB, paused 396us total 31.042ms
08-04 13:15:53.373 21360 21763 I art     : Starting a blocking GC Explicit
08-04 13:15:53.404 21360 21763 I art     : Explicit concurrent mark sweep GC freed 5(128B) AllocSpace objects, 0(0B) LOS objects, 37% free, 26MB/42MB, paused 346us total 30.025ms
08-04 13:15:53.415 21360 21763 I art     : Starting a blocking GC Explicit
08-04 13:15:53.445 21360 21763 I art     : Explicit concurrent mark sweep GC freed 29(1136B) AllocSpace objects, 0(0B) LOS objects, 37% free, 26MB/42MB, paused 346us total 30.338ms
08-04 13:15:53.475 22511 22511 D AndroidRuntime: >>>>>> START com.android.internal.os.RuntimeInit uid 2000 <<<<<<
08-04 13:15:53.479 22511 22511 D AndroidRuntime: CheckJNI is OFF
08-04 13:15:53.509 22511 22511 D ICU     : No timezone override file found: /data/misc/zoneinfo/current/icu/icu_tzdata.dat
08-04 13:15:53.541 22511 22511 I Radio-JNI: register_android_hardware_Radio DONE
08-04 13:15:53.563 22511 22511 D AndroidRuntime: Calling main entry com.android.commands.input.Input
08-04 13:15:53.565 22511 22511 I Input   : injectMotionEvent: MotionEvent { action=ACTION_DOWN, actionButton=0, id[0]=0, x[0]=81.0, y[0]=176.0, toolType[0]=TOOL_TYPE_UNKNOWN, buttonState=0, metaState=0, flags=0x0, edgeFlags=0x0, pointerCount=1, historySize=0, eventTime=710169977, downTime=710169977, deviceId=0, source=0x1002 }
08-04 13:15:53.571 22511 22511 I Input   : injectMotionEvent: MotionEvent { action=ACTION_UP, actionButton=0, id[0]=0, x[0]=81.0, y[0]=176.0, toolType[0]=TOOL_TYPE_UNKNOWN, buttonState=0, metaState=0, flags=0x0, edgeFlags=0x0, pointerCount=1, historySize=0, eventTime=710169977, downTime=710169977, deviceId=0, source=0x1002 }
08-04 13:15:53.573 22511 22511 D AndroidRuntime: Shutting down VM
08-04 13:15:53.580   512  2967 D audio_hw_primary: out_set_parameters: enter: usecase(1: low-latency-playback) kvpairs: routing=2
08-04 13:15:53.593   512  2967 D audio_hw_primary: select_devices: out_snd_device(2: speaker) in_snd_device(0: none)
08-04 13:15:53.593   512  2967 D msm8974_platform: platform_send_audio_calibration: sending audio calibration for snd_device(2) acdb_id(15)
08-04 13:15:53.593   512  2967 I soundtrigger: audio_extn_sound_trigger_update_device_status: device 0x2 of type 0 for Event 1
08-04 13:15:53.603   512  2967 D audio_hw_primary: enable_snd_device: snd_device(2: speaker)
08-04 13:15:53.606   512  2967 D audio_hw_primary: enable_audio_route: apply and update mixer path: low-latency-playback speaker
08-04 13:15:53.614 13866 13866 I GoogleInputMethodServic: GoogleInputMethodService.onFinishInput():3138 
08-04 13:15:53.616 13866 13866 I GoogleInputMethodServic: GoogleInputMethodService.onStartInput():1808 
08-04 13:15:53.708 21360 21377 I art     : Starting a blocking GC Explicit
08-04 13:15:53.748 21360 21377 I art     : Explicit concurrent mark sweep GC freed 1764(98KB) AllocSpace objects, 1(20KB) LOS objects, 37% free, 26MB/42MB, paused 368us total 38.829ms
08-04 13:15:53.763 21360 21377 I art     : Starting a blocking GC Explicit
08-04 13:15:53.799 21360 21377 I art     : Explicit concurrent mark sweep GC freed 174(11KB) AllocSpace objects, 0(0B) LOS objects, 37% free, 26MB/42MB, paused 926us total 35.016ms
08-04 13:15:53.811 21360 21377 I art     : Starting a blocking GC Explicit
08-04 13:15:53.842 21360 21377 I art     : Explicit concurrent mark sweep GC freed 5(160B) AllocSpace objects, 0(0B) LOS objects, 37% free, 26MB/42MB, paused 357us total 30.791ms
08-04 13:15:53.854 21360 21377 I art     : Starting a blocking GC Explicit
08-04 13:15:53.885 21360 21377 I art     : Explicit concurrent mark sweep GC freed 3(96B) AllocSpace objects, 0(0B) LOS objects, 37% free, 26MB/42MB, paused 355us total 31.002ms
08-04 13:15:53.897 21360 21377 I art     : Starting a blocking GC Explicit
08-04 13:15:53.928 21360 21377 I art     : Explicit concurrent mark sweep GC freed 3(96B) AllocSpace objects, 0(0B) LOS objects, 37% free, 26MB/42MB, paused 534us total 31.200ms
08-04 13:15:53.937 22210 22210 W Atfwd_Sendcmd: AtCmdFwd service not published, waiting... retryCnt : 2
08-04 13:15:54.077 13866 13882 I PeriodicStatsRunner: PeriodicStatsRunner.call():175 call()
08-04 13:15:54.077 13866 13882 I PeriodicStatsRunner: PeriodicStatsRunner.call():179 No submit PeriodicStats since input started.
08-04 13:15:54.148   512  2967 D audio_hw_primary: disable_audio_route: reset and update mixer path: low-latency-playback speaker
08-04 13:15:54.150   512  2967 D audio_hw_primary: disable_snd_device: snd_device(2: speaker)
08-04 13:15:54.158   512  2967 I soundtrigger: audio_extn_sound_trigger_update_device_status: device 0x2 of type 0 for Event 0
08-04 13:15:54.230 21360 21763 I art     : Starting a blocking GC Explicit
08-04 13:15:54.266 21360 21763 I art     : Explicit concurrent mark sweep GC freed 1302(75KB) AllocSpace objects, 1(20KB) LOS objects, 37% free, 26MB/42MB, paused 378us total 35.074ms
08-04 13:15:54.278 21360 21763 I art     : Starting a blocking GC Explicit
08-04 13:15:54.313 21360 21763 I art     : Explicit concurrent mark sweep GC freed 20(688B) AllocSpace objects, 0(0B) LOS objects, 37% free, 26MB/42MB, paused 367us total 34.534ms
08-04 13:15:54.325 21360 21763 I art     : Starting a blocking GC Explicit
08-04 13:15:54.359 21360 21763 I art     : Explicit concurrent mark sweep GC freed 5(160B) AllocSpace objects, 0(0B) LOS objects, 37% free, 26MB/42MB, paused 375us total 33.697ms
08-04 13:15:54.372 21360 21763 I art     : Starting a blocking GC Explicit
08-04 13:15:54.407 21360 21763 I art     : Explicit concurrent mark sweep GC freed 3(96B) AllocSpace objects, 0(0B) LOS objects, 37% free, 26MB/42MB, paused 376us total 34.592ms
08-04 13:15:54.419 21360 21763 I art     : Starting a blocking GC Explicit
08-04 13:15:54.454 21360 21763 I art     : Explicit concurrent mark sweep GC freed 3(96B) AllocSpace objects, 0(0B) LOS objects, 37% free, 26MB/42MB, paused 370us total 34.663ms
08-04 13:15:54.762 21360 21377 I art     : Starting a blocking GC Explicit
08-04 13:15:54.808 21360 21377 I art     : Explicit concurrent mark sweep GC freed 1293(75KB) AllocSpace objects, 1(20KB) LOS objects, 37% free, 26MB/42MB, paused 395us total 44.933ms
08-04 13:15:54.823 21360 21377 I art     : Starting a blocking GC Explicit
08-04 13:15:54.857 21360 21377 I art     : Explicit concurrent mark sweep GC freed 18(624B) AllocSpace objects, 0(0B) LOS objects, 37% free, 26MB/42MB, paused 454us total 34.246ms
08-04 13:15:54.869 21360 21377 I art     : Starting a blocking GC Explicit
08-04 13:15:54.902 21360 21377 I art     : Explicit concurrent mark sweep GC freed 3(96B) AllocSpace objects, 0(0B) LOS objects, 37% free, 26MB/42MB, paused 362us total 32.727ms
08-04 13:15:54.914 21360 21377 I art     : Starting a blocking GC Explicit
08-04 13:15:54.947 21360 21377 I art     : Explicit concurrent mark sweep GC freed 3(96B) AllocSpace objects, 0(0B) LOS objects, 37% free, 26MB/42MB, paused 467us total 32.600ms
08-04 13:15:54.959 21360 21377 I art     : Starting a blocking GC Explicit
08-04 13:15:54.992 21360 21377 I art     : Explicit concurrent mark sweep GC freed 3(96B) AllocSpace objects, 0(0B) LOS objects, 37% free, 26MB/42MB, paused 435us total 33.009ms
08-04 13:15:55.232 22566 22566 D AndroidRuntime: >>>>>> START com.android.internal.os.RuntimeInit uid 2000 <<<<<<
08-04 13:15:55.237 22566 22566 D AndroidRuntime: CheckJNI is OFF
08-04 13:15:55.271 22566 22566 D ICU     : No timezone override file found: /data/misc/zoneinfo/current/icu/icu_tzdata.dat
08-04 13:15:55.280 21360 21763 I art     : Starting a blocking GC Explicit
08-04 13:15:55.306 22566 22566 I Radio-JNI: register_android_hardware_Radio DONE
08-04 13:15:55.316 21360 21763 I art     : Explicit concurrent mark sweep GC freed 1306(76KB) AllocSpace objects, 1(20KB) LOS objects, 37% free, 26MB/42MB, paused 413us total 36.022ms
08-04 13:15:55.330 21360 21763 I art     : Starting a blocking GC Explicit
08-04 13:15:55.330 22566 22566 D AndroidRuntime: Calling main entry com.android.commands.input.Input
08-04 13:15:55.333 22566 22566 I Input   : injectMotionEvent: MotionEvent { action=ACTION_DOWN, actionButton=0, id[0]=0, x[0]=436.0, y[0]=1770.0, toolType[0]=TOOL_TYPE_UNKNOWN, buttonState=0, metaState=0, flags=0x0, edgeFlags=0x0, pointerCount=1, historySize=0, eventTime=710171746, downTime=710171746, deviceId=0, source=0x1002 }
08-04 13:15:55.337 22566 22566 I Input   : injectMotionEvent: MotionEvent { action=ACTION_UP, actionButton=0, id[0]=0, x[0]=436.0, y[0]=1770.0, toolType[0]=TOOL_TYPE_UNKNOWN, buttonState=0, metaState=0, flags=0x0, edgeFlags=0x0, pointerCount=1, historySize=0, eventTime=710171746, downTime=710171746, deviceId=0, source=0x1002 }
08-04 13:15:55.339 22566 22566 D AndroidRuntime: Shutting down VM
08-04 13:15:55.346 21360 21360 D MainActivity: NavigationItemSelected: Courses
08-04 13:15:55.348   918  4400 I ActivityManager: START u0 {cmp=baseline.com.ak.uobtimetable/.CourseListActivity} from uid 10659 on display 0
08-04 13:15:55.348   512  2967 D audio_hw_primary: out_set_parameters: enter: usecase(1: low-latency-playback) kvpairs: routing=2
08-04 13:15:55.361   512  2967 D audio_hw_primary: select_devices: out_snd_device(2: speaker) in_snd_device(0: none)
08-04 13:15:55.361   512  2967 D msm8974_platform: platform_send_audio_calibration: sending audio calibration for snd_device(2) acdb_id(15)
08-04 13:15:55.361   512  2967 I soundtrigger: audio_extn_sound_trigger_update_device_status: device 0x2 of type 0 for Event 1
08-04 13:15:55.362 21360 21763 I art     : Explicit concurrent mark sweep GC freed 52(1984B) AllocSpace objects, 0(0B) LOS objects, 37% free, 26MB/42MB, paused 426us total 31.277ms
08-04 13:15:55.372 21360 21360 D MainActivity: OnPause
08-04 13:15:55.373 21360 21763 I art     : Starting a blocking GC Explicit
08-04 13:15:55.380   512  2967 D audio_hw_primary: enable_snd_device: snd_device(2: speaker)
08-04 13:15:55.383   512  2967 D audio_hw_primary: enable_audio_route: apply and update mixer path: low-latency-playback speaker
08-04 13:15:55.401 21360 21360 D CourseListActivity: onCreate
08-04 13:15:55.403 21360 22589 D HTTP    : Request for: https://uob-timetable-api.adriankeenan.co.uk/courses
08-04 13:15:55.407 21360 21763 I art     : Explicit concurrent mark sweep GC freed 2322(109KB) AllocSpace objects, 0(0B) LOS objects, 37% free, 26MB/42MB, paused 839us total 34.233ms
08-04 13:15:55.419 21360 21763 I art     : Starting a blocking GC Explicit
08-04 13:15:55.449 21360 21763 I art     : Explicit concurrent mark sweep GC freed 674(57KB) AllocSpace objects, 0(0B) LOS objects, 37% free, 26MB/42MB, paused 563us total 29.004ms
08-04 13:15:55.461 21360 21763 I art     : Starting a blocking GC Explicit
08-04 13:15:55.469 13866 13866 I GoogleInputMethodServic: GoogleInputMethodService.onFinishInput():3138 
08-04 13:15:55.469   918   936 I ActivityManager: Displayed baseline.com.ak.uobtimetable/.CourseListActivity: +97ms
08-04 13:15:55.470 13866 13866 I GoogleInputMethodServic: GoogleInputMethodService.onStartInput():1808 
08-04 13:15:55.494 21360 21763 I art     : Explicit concurrent mark sweep GC freed 267(12KB) AllocSpace objects, 0(0B) LOS objects, 37% free, 26MB/42MB, paused 514us total 32.832ms
08-04 13:15:55.592 21360 22589 I NAPPA_EXPERIMENTATION: MetricNetworkRequestExecutionTime: REQUEST_DURATION_SYSTEM='187',REQUEST_DURATION_OKHTTP='30',REQUEST_SYNCHRONOUS='TRUE',RESPONSE_CODE='200',RESPONSE_METHOD='GET',RESPONSE_LENGTH_OKHTTP='-1',RESPONSE_LENGTH_HEADER='-2',REQUEST_PROTOCOL='http/1.1',REQUEST_URL='https://uob-timetable-api.adriankeenan.co.uk/courses',
08-04 13:15:55.764 21360 21592 I art     : Starting a blocking GC Explicit
08-04 13:15:55.800 21360 21592 I art     : Explicit concurrent mark sweep GC freed 5462(9MB) AllocSpace objects, 4(220KB) LOS objects, 23% free, 51MB/67MB, paused 537us total 35.361ms
08-04 13:15:55.811 21360 21592 I art     : Starting a blocking GC Explicit
08-04 13:15:55.830 21360 21360 D MainActivity: Saving state
08-04 13:15:55.830 21360 21360 D MainActivity: Saving current fragment: SessionListsFragment
08-04 13:15:55.830 21360 21360 D MainActivity: Saving current index: 1
08-04 13:15:55.832 21360 21360 D SessionListsFragment: Saving state
08-04 13:15:55.843 21360 21592 I art     : Explicit concurrent mark sweep GC freed 1494(2MB) AllocSpace objects, 0(0B) LOS objects, 24% free, 48MB/64MB, paused 444us total 31.944ms
08-04 13:15:55.855 21360 21592 I art     : Starting a blocking GC Explicit
08-04 13:15:55.886 21360 21592 I art     : Explicit concurrent mark sweep GC freed 40(1552B) AllocSpace objects, 0(0B) LOS objects, 24% free, 48MB/64MB, paused 401us total 30.007ms
08-04 13:15:55.897 21360 21592 I art     : Starting a blocking GC Explicit
08-04 13:15:55.918   512  2967 D audio_hw_primary: disable_audio_route: reset and update mixer path: low-latency-playback speaker
08-04 13:15:55.919   512  2967 D audio_hw_primary: disable_snd_device: snd_device(2: speaker)
08-04 13:15:55.926   512  2967 I soundtrigger: audio_extn_sound_trigger_update_device_status: device 0x2 of type 0 for Event 0
08-04 13:15:55.927 21360 21592 I art     : Explicit concurrent mark sweep GC freed 31(1120B) AllocSpace objects, 0(0B) LOS objects, 24% free, 48MB/64MB, paused 413us total 29.808ms
08-04 13:15:55.938 21360 21592 I art     : Starting a blocking GC Explicit
08-04 13:15:55.983 21360 22589 I HTTP    : Response was compressed.
08-04 13:15:55.985 21360 21592 I art     : Explicit concurrent mark sweep GC freed 106(4KB) AllocSpace objects, 0(0B) LOS objects, 20% free, 63MB/79MB, paused 575us total 46.471ms
08-04 13:15:56.274 21360 21763 I art     : Starting a blocking GC Explicit
08-04 13:15:56.338 21360 21763 I art     : Explicit concurrent mark sweep GC freed 178709(8MB) AllocSpace objects, 3(22MB) LOS objects, 26% free, 43MB/59MB, paused 603us total 63.040ms
08-04 13:15:56.351 21360 21763 I art     : Starting a blocking GC Explicit
08-04 13:15:56.390 21360 21763 I art     : Explicit concurrent mark sweep GC freed 37497(1759KB) AllocSpace objects, 0(0B) LOS objects, 27% free, 43MB/59MB, paused 670us total 38.192ms
08-04 13:15:56.403 21360 21763 I art     : Starting a blocking GC Explicit
08-04 13:15:56.443 21360 21763 I art     : Explicit concurrent mark sweep GC freed 29236(1375KB) AllocSpace objects, 0(0B) LOS objects, 26% free, 43MB/59MB, paused 818us total 39.627ms
08-04 13:15:56.456 21360 21763 I art     : Starting a blocking GC Explicit
08-04 13:15:56.496 21360 21763 I art     : Explicit concurrent mark sweep GC freed 28939(1359KB) AllocSpace objects, 0(0B) LOS objects, 26% free, 43MB/59MB, paused 762us total 39.977ms
08-04 13:15:56.510 21360 21763 I art     : Starting a blocking GC Explicit
08-04 13:15:56.551 21360 21763 I art     : Explicit concurrent mark sweep GC freed 29477(1400KB) AllocSpace objects, 0(0B) LOS objects, 26% free, 43MB/59MB, paused 913us total 40.821ms
08-04 13:15:56.851 21360 21375 I art     : Starting a blocking GC Explicit
08-04 13:15:56.918 21360 21375 I art     : Explicit concurrent mark sweep GC freed 189686(8MB) AllocSpace objects, 1(20KB) LOS objects, 26% free, 45MB/61MB, paused 801us total 66.615ms
08-04 13:15:56.934 21360 21375 I art     : Starting a blocking GC Explicit
08-04 13:15:56.978 21360 21375 I art     : Explicit concurrent mark sweep GC freed 38864(1817KB) AllocSpace objects, 0(0B) LOS objects, 26% free, 45MB/61MB, paused 849us total 43.492ms
08-04 13:15:56.993 21360 21375 I art     : Starting a blocking GC Explicit
08-04 13:15:57.039 21360 21375 I art     : Explicit concurrent mark sweep GC freed 33379(1556KB) AllocSpace objects, 0(0B) LOS objects, 25% free, 45MB/61MB, paused 927us total 45.834ms
08-04 13:15:57.054 21360 21375 I art     : Starting a blocking GC Explicit
08-04 13:15:57.099 21360 21375 I art     : Explicit concurrent mark sweep GC freed 32651(1526KB) AllocSpace objects, 0(0B) LOS objects, 25% free, 45MB/61MB, paused 846us total 45.565ms
08-04 13:15:57.115 21360 21375 I art     : Starting a blocking GC Explicit
08-04 13:15:57.162 21360 21375 I art     : Explicit concurrent mark sweep GC freed 33347(1574KB) AllocSpace objects, 0(0B) LOS objects, 25% free, 46MB/62MB, paused 901us total 46.715ms
08-04 13:15:57.314 24365  7398 I NetworkScheduler.Stats: Task com.google.android.gms/com.google.android.gms.icing.service.IcingGcmTaskService started execution. cause:4 exec_start_elapsed_seconds: 1693561 [CONTEXT service_id=218 ]
08-04 13:15:57.332   918  6111 I ActivityManager: Start proc 22624:com.google.android.apps.gcs/u0a11 for service com.google.android.apps.gcs/.service.GcsTaskService
08-04 13:15:57.334 24365  7398 I NetworkScheduler.Stats: Task com.google.android.apps.gcs/ started execution. cause:4 exec_start_elapsed_seconds: 1693561 [CONTEXT service_id=218 ]
08-04 13:15:57.349 24365 25567 I NetworkScheduler.Stats: Task com.google.android.gms/com.google.android.gms.icing.service.IcingGcmTaskService finished executing. cause:4 result: 1 elapsed_millis: 51 uptime_millis: 50 exec_start_elapsed_seconds: 1693561 [CONTEXT service_id=218 ]
08-04 13:15:57.404 24365  7398 I NetworkScheduler.Stats: Task com.google.android.gms/com.google.android.gms.telephonyspam.sync.SpamListSyncTaskService started execution. cause:5 exec_start_elapsed_seconds: 1693561 [CONTEXT service_id=218 ]
08-04 13:15:57.418 24577  1295 I TelephonySpam: TelephonySpamChimeraService - Running Telephony Spam Chimera Service
08-04 13:15:57.425 24577  1295 I TelephonySpam: TelephonySpamChimeraService - Cleaning SIP Header local table of old entries
08-04 13:15:57.425 24577  1295 I TelephonySpam: SpamListSync - Call spam module disabled. Skipping cleaning cache sip header table.
08-04 13:15:57.426 24577  1295 I TelephonySpam: TelephonySpamChimeraService - Syncing Call Spam List
08-04 13:15:57.426 24577  1295 I TelephonySpam: SpamListSync - SpamListSyncChimeraService.syncSpamList called with tag: telephonyspam.SpamListSyncTask, extras: Bundle[{SpamList Type=0, Action=1.0}]
08-04 13:15:57.437 24577  1295 I TelephonySpam: SpamListSync - Call spam module disabled. Skipping spam list syncing.
08-04 13:15:57.440 24365  7398 I NetworkScheduler.Stats: Task com.google.android.gms/com.google.android.gms.telephonyspam.sync.SpamListSyncTaskService finished executing. cause:5 result: 1 elapsed_millis: 60 uptime_millis: 59 exec_start_elapsed_seconds: 1693561 [CONTEXT service_id=218 ]
08-04 13:15:57.448 21360 21377 I art     : Starting a blocking GC Explicit
08-04 13:15:57.467 24365  7398 I NetworkScheduler.Stats: Task com.google.android.apps.gcs/ started execution. cause:5 exec_start_elapsed_seconds: 1693561 [CONTEXT service_id=218 ]
08-04 13:15:57.472   918  4413 I AccountManagerService: getTypesVisibleToCaller: isPermitted? true
08-04 13:15:57.476 22624 22624 W Gcs.AccountsChgRcvr: [1] afk.b: No accounts available. WFA has been deactivated
08-04 13:15:57.491 22624 22624 W PrimesInit: Primes instant initialization
08-04 13:15:57.492 22624 22649 W Primes  : background initialization
08-04 13:15:57.497 22624 22624 W GcmTaskService: com.google.android.apps.gcs WfaEliRefreshTask: Task already running, won't start another
08-04 13:15:57.505 21360 21377 I art     : Explicit concurrent mark sweep GC freed 176608(8MB) AllocSpace objects, 1(20KB) LOS objects, 25% free, 47MB/63MB, paused 868us total 57.053ms
08-04 13:15:57.514 22624 22649 I PrimesTesting: GserviceFlagsSupplier.get()
08-04 13:15:57.520 21360 21377 I art     : Starting a blocking GC Explicit
08-04 13:15:57.567 21360 21377 I art     : Explicit concurrent mark sweep GC freed 36683(1729KB) AllocSpace objects, 0(0B) LOS objects, 25% free, 47MB/63MB, paused 936us total 46.469ms
08-04 13:15:57.582 21360 21377 I art     : Starting a blocking GC Explicit
08-04 13:15:57.584   918  4400 I AccountManagerService: getTypesVisibleToCaller: isPermitted? true
08-04 13:15:57.591 22624 22650 W Gcs.WfaEliRefreshTask: [24016] afk.b: NULL eligibility response.
08-04 13:15:57.596 24365 24376 E NetworkScheduler.ATC: Received callback from client for task that is already complete. ComponentInfo{com.google.android.apps.gcs/com.google.android.apps.gcs.service.GcsTaskService} WfaEliRefreshTask [CONTEXT service_id=218 ]
08-04 13:15:57.629 21360 21377 I art     : Explicit concurrent mark sweep GC freed 31907(1504KB) AllocSpace objects, 0(0B) LOS objects, 25% free, 47MB/63MB, paused 865us total 47.227ms
08-04 13:15:57.644 21360 21377 I art     : Starting a blocking GC Explicit
08-04 13:15:57.693 21360 21377 I art     : Explicit concurrent mark sweep GC freed 33224(1562KB) AllocSpace objects, 0(0B) LOS objects, 24% free, 48MB/64MB, paused 1.009ms total 49.411ms
08-04 13:15:57.709 21360 21377 I art     : Starting a blocking GC Explicit
08-04 13:15:57.761 21360 21377 I art     : Explicit concurrent mark sweep GC freed 36625(1713KB) AllocSpace objects, 0(0B) LOS objects, 24% free, 48MB/64MB, paused 1.087ms total 52.468ms
08-04 13:15:58.060 21360 21763 I art     : Starting a blocking GC Explicit
08-04 13:15:58.134 21360 21763 I art     : Explicit concurrent mark sweep GC freed 185332(8MB) AllocSpace objects, 1(20KB) LOS objects, 24% free, 50MB/66MB, paused 964us total 73.127ms
08-04 13:15:58.151 21360 21763 I art     : Starting a blocking GC Explicit
08-04 13:15:58.206 21360 21763 I art     : Explicit concurrent mark sweep GC freed 45047(2MB) AllocSpace objects, 0(0B) LOS objects, 24% free, 50MB/66MB, paused 1.101ms total 55.636ms
08-04 13:15:58.223 21360 21763 I art     : Starting a blocking GC Explicit
08-04 13:15:58.280 21360 21763 I art     : Explicit concurrent mark sweep GC freed 39158(1833KB) AllocSpace objects, 0(0B) LOS objects, 24% free, 50MB/66MB, paused 1.165ms total 56.808ms
08-04 13:15:58.297 21360 21763 I art     : Starting a blocking GC Explicit
08-04 13:15:58.355 21360 21763 I art     : Explicit concurrent mark sweep GC freed 39436(1837KB) AllocSpace objects, 0(0B) LOS objects, 23% free, 50MB/66MB, paused 1.127ms total 57.679ms
08-04 13:15:58.372 21360 21763 I art     : Starting a blocking GC Explicit
08-04 13:15:58.430 21360 21763 I art     : Explicit concurrent mark sweep GC freed 39451(1839KB) AllocSpace objects, 0(0B) LOS objects, 23% free, 51MB/67MB, paused 1.135ms total 57.711ms
08-04 13:15:58.616 13866 13882 I PeriodicStatsRunner: PeriodicStatsRunner.call():175 call()
08-04 13:15:58.616 13866 13882 I PeriodicStatsRunner: PeriodicStatsRunner.call():179 No submit PeriodicStats since input started.
08-04 13:15:58.733 21360 21763 I art     : Starting a blocking GC Explicit
08-04 13:15:58.811 21360 21763 I art     : Explicit concurrent mark sweep GC freed 189114(8MB) AllocSpace objects, 1(20KB) LOS objects, 23% free, 52MB/68MB, paused 1.012ms total 77.844ms
08-04 13:15:58.819 21360 22589 I Service : getCourses response time: 0.69
08-04 13:15:58.831 21360 21763 I art     : Starting a blocking GC Explicit
08-04 13:15:58.834 21360 21360 I SettingsManager: Getting string: savedCourse
08-04 13:15:58.878   518   646 I ThermalEngine: ACTION: GPU - Setting GPU[0] to 450000000
08-04 13:15:58.892 21360 21763 I art     : Explicit concurrent mark sweep GC freed 14467(681KB) AllocSpace objects, 1(14MB) LOS objects, 29% free, 37MB/53MB, paused 906us total 61.226ms
08-04 13:15:58.914 21360 21763 I art     : Starting a blocking GC Explicit
08-04 13:15:58.990 21360 21763 I art     : Explicit concurrent mark sweep GC freed 657(27KB) AllocSpace objects, 0(0B) LOS objects, 29% free, 37MB/53MB, paused 610us total 76.012ms
08-04 13:15:59.015 21360 21763 I art     : Starting a blocking GC Explicit
08-04 13:15:59.098 21360 21763 I art     : Explicit concurrent mark sweep GC freed 757(66KB) AllocSpace objects, 0(0B) LOS objects, 29% free, 37MB/53MB, paused 733us total 83.340ms
08-04 13:15:59.124 21360 21763 I art     : Starting a blocking GC Explicit
08-04 13:15:59.209 21360 21763 I art     : Explicit concurrent mark sweep GC freed 5(192B) AllocSpace objects, 0(0B) LOS objects, 29% free, 37MB/53MB, paused 559us total 85.170ms
08-04 13:15:59.570 21360 21377 I art     : Starting a blocking GC Explicit
08-04 13:15:59.668 21360 21377 I art     : Explicit concurrent mark sweep GC freed 1293(75KB) AllocSpace objects, 1(20KB) LOS objects, 29% free, 37MB/53MB, paused 659us total 97.838ms
08-04 13:15:59.694 21360 21377 I art     : Starting a blocking GC Explicit
08-04 13:15:59.775 21360 21377 I art     : Explicit concurrent mark sweep GC freed 18(624B) AllocSpace objects, 0(0B) LOS objects, 29% free, 37MB/53MB, paused 542us total 80.821ms
08-04 13:15:59.801 21360 21377 I art     : Starting a blocking GC Explicit
08-04 13:15:59.885 21360 21377 I art     : Explicit concurrent mark sweep GC freed 3(96B) AllocSpace objects, 0(0B) LOS objects, 29% free, 37MB/53MB, paused 526us total 83.667ms
08-04 13:15:59.886 21360 21374 I art     : WaitForGcToComplete blocked for 77.246ms for cause HeapTrim
08-04 13:15:59.911 21360 21377 I art     : Starting a blocking GC Explicit
08-04 13:15:59.995 21360 21377 I art     : Explicit concurrent mark sweep GC freed 3(96B) AllocSpace objects, 0(0B) LOS objects, 29% free, 37MB/53MB, paused 508us total 84.204ms
08-04 13:16:00.020 21360 21377 I art     : Starting a blocking GC Explicit
08-04 13:16:00.087 21360 21377 I art     : Explicit concurrent mark sweep GC freed 3(96B) AllocSpace objects, 0(0B) LOS objects, 29% free, 37MB/53MB, paused 479us total 66.265ms
08-04 13:16:00.419 21360 21375 I art     : Starting a blocking GC Explicit
08-04 13:16:00.475 13866 13882 I PeriodicStatsRunner: PeriodicStatsRunner.call():175 call()
08-04 13:16:00.476 13866 13882 I PeriodicStatsRunner: PeriodicStatsRunner.call():179 No submit PeriodicStats since input started.
08-04 13:16:00.519 21360 21375 I art     : Explicit concurrent mark sweep GC freed 1295(75KB) AllocSpace objects, 1(20KB) LOS objects, 29% free, 37MB/53MB, paused 544us total 99.622ms
08-04 13:16:00.544 21360 21375 I art     : Starting a blocking GC Explicit
08-04 13:16:00.628 21360 21375 I art     : Explicit concurrent mark sweep GC freed 19(656B) AllocSpace objects, 0(0B) LOS objects, 29% free, 37MB/53MB, paused 537us total 83.465ms
08-04 13:16:00.654 21360 21375 I art     : Starting a blocking GC Explicit
08-04 13:16:00.734 21360 21375 I art     : Explicit concurrent mark sweep GC freed 3(96B) AllocSpace objects, 0(0B) LOS objects, 29% free, 37MB/53MB, paused 559us total 80.486ms
08-04 13:16:00.760 21360 21375 I art     : Starting a blocking GC Explicit
08-04 13:16:00.844 21360 21375 I art     : Explicit concurrent mark sweep GC freed 3(96B) AllocSpace objects, 0(0B) LOS objects, 29% free, 37MB/53MB, paused 554us total 83.650ms
08-04 13:16:00.871 21360 21375 I art     : Starting a blocking GC Explicit
08-04 13:16:00.954 21360 21375 I art     : Explicit concurrent mark sweep GC freed 3(96B) AllocSpace objects, 0(0B) LOS objects, 29% free, 37MB/53MB, paused 543us total 82.538ms
08-04 13:16:01.310 21360 21879 I art     : Starting a blocking GC Explicit
08-04 13:16:01.411 21360 21879 I art     : Explicit concurrent mark sweep GC freed 1293(75KB) AllocSpace objects, 1(20KB) LOS objects, 29% free, 37MB/53MB, paused 589us total 100.624ms
08-04 13:16:01.437 21360 21879 I art     : Starting a blocking GC Explicit
08-04 13:16:01.519 21360 21879 I art     : Explicit concurrent mark sweep GC freed 18(624B) AllocSpace objects, 0(0B) LOS objects, 29% free, 37MB/53MB, paused 529us total 81.693ms
08-04 13:16:01.545 21360 21879 I art     : Starting a blocking GC Explicit
08-04 13:16:01.623 21360 21879 I art     : Explicit concurrent mark sweep GC freed 3(96B) AllocSpace objects, 0(0B) LOS objects, 29% free, 37MB/53MB, paused 492us total 78.244ms
08-04 13:16:01.647 21360 21879 I art     : Starting a blocking GC Explicit
08-04 13:16:01.721 21360 21879 I art     : Explicit concurrent mark sweep GC freed 3(96B) AllocSpace objects, 0(0B) LOS objects, 29% free, 37MB/53MB, paused 542us total 73.420ms
08-04 13:16:01.746 21360 21879 I art     : Starting a blocking GC Explicit
08-04 13:16:01.824 21360 21879 I art     : Explicit concurrent mark sweep GC freed 3(96B) AllocSpace objects, 0(0B) LOS objects, 29% free, 37MB/53MB, paused 531us total 78.391ms
08-04 13:16:01.885   518   646 I ThermalEngine: ACTION: GPU - Setting GPU[0] to 510000000
08-04 13:16:02.065 22703 22703 D AndroidRuntime: >>>>>> START com.android.internal.os.RuntimeInit uid 2000 <<<<<<
08-04 13:16:02.070 22703 22703 D AndroidRuntime: CheckJNI is OFF
08-04 13:16:02.103 22703 22703 D ICU     : No timezone override file found: /data/misc/zoneinfo/current/icu/icu_tzdata.dat
08-04 13:16:02.136 22703 22703 I Radio-JNI: register_android_hardware_Radio DONE
08-04 13:16:02.142 21360 21763 I art     : Starting a blocking GC Explicit
08-04 13:16:02.158 22703 22703 D AndroidRuntime: Calling main entry com.android.commands.input.Input
08-04 13:16:02.160 22703 22703 I Input   : injectMotionEvent: MotionEvent { action=ACTION_DOWN, actionButton=0, id[0]=0, x[0]=648.0, y[0]=709.0, toolType[0]=TOOL_TYPE_UNKNOWN, buttonState=0, metaState=0, flags=0x0, edgeFlags=0x0, pointerCount=1, historySize=0, eventTime=710178572, downTime=710178572, deviceId=0, source=0x1002 }
08-04 13:16:02.163 22703 22703 I Input   : injectMotionEvent: MotionEvent { action=ACTION_UP, actionButton=0, id[0]=0, x[0]=648.0, y[0]=709.0, toolType[0]=TOOL_TYPE_UNKNOWN, buttonState=0, metaState=0, flags=0x0, edgeFlags=0x0, pointerCount=1, historySize=0, eventTime=710178572, downTime=710178572, deviceId=0, source=0x1002 }
08-04 13:16:02.165 22703 22703 D AndroidRuntime: Shutting down VM
08-04 13:16:02.210 21360 21763 I art     : Explicit concurrent mark sweep GC freed 1310(76KB) AllocSpace objects, 1(20KB) LOS objects, 29% free, 37MB/53MB, paused 391us total 67.441ms
08-04 13:16:02.230 21360 21763 I art     : Starting a blocking GC Explicit
08-04 13:16:02.231   512  2967 D audio_hw_primary: out_set_parameters: enter: usecase(1: low-latency-playback) kvpairs: routing=2
08-04 13:16:02.244   512  2967 D audio_hw_primary: select_devices: out_snd_device(2: speaker) in_snd_device(0: none)
08-04 13:16:02.244   512  2967 D msm8974_platform: platform_send_audio_calibration: sending audio calibration for snd_device(2) acdb_id(15)
08-04 13:16:02.245   512  2967 I soundtrigger: audio_extn_sound_trigger_update_device_status: device 0x2 of type 0 for Event 1
08-04 13:16:02.257   512  2967 D audio_hw_primary: enable_snd_device: snd_device(2: speaker)
08-04 13:16:02.259   512  2967 D audio_hw_primary: enable_audio_route: apply and update mixer path: low-latency-playback speaker
08-04 13:16:02.289 21360 21763 I art     : Explicit concurrent mark sweep GC freed 661(52KB) AllocSpace objects, 1(20KB) LOS objects, 29% free, 37MB/53MB, paused 507us total 57.842ms
08-04 13:16:02.308 21360 21763 I art     : Starting a blocking GC Explicit
08-04 13:16:02.369 21360 21763 I art     : Explicit concurrent mark sweep GC freed 227(10KB) AllocSpace objects, 0(0B) LOS objects, 29% free, 37MB/53MB, paused 369us total 60.381ms
08-04 13:16:02.391 21360 21763 I art     : Starting a blocking GC Explicit
08-04 13:16:02.447 21360 21763 I art     : Explicit concurrent mark sweep GC freed 17(672B) AllocSpace objects, 0(0B) LOS objects, 29% free, 37MB/53MB, paused 366us total 56.014ms
08-04 13:16:02.468 21360 21763 I art     : Starting a blocking GC Explicit
08-04 13:16:02.531 21360 21763 I art     : Explicit concurrent mark sweep GC freed 3(96B) AllocSpace objects, 0(0B) LOS objects, 29% free, 37MB/53MB, paused 406us total 62.848ms
08-04 13:16:02.706   918  3261 D WifiStateMachine: starting scan for "H369AA63323"WPA_PSK with 2412,5180
08-04 13:16:02.789   512  2967 D audio_hw_primary: disable_audio_route: reset and update mixer path: low-latency-playback speaker
08-04 13:16:02.791   512  2967 D audio_hw_primary: disable_snd_device: snd_device(2: speaker)
08-04 13:16:02.800   512  2967 I soundtrigger: audio_extn_sound_trigger_update_device_status: device 0x2 of type 0 for Event 0
08-04 13:16:02.853 21360 21879 I art     : Starting a blocking GC Explicit
08-04 13:16:02.935 21360 21879 I art     : Explicit concurrent mark sweep GC freed 1296(75KB) AllocSpace objects, 1(20KB) LOS objects, 29% free, 37MB/53MB, paused 393us total 81.781ms
08-04 13:16:02.959 21360 21879 I art     : Starting a blocking GC Explicit
08-04 13:16:03.038 21360 21879 I art     : Explicit concurrent mark sweep GC freed 26(880B) AllocSpace objects, 0(0B) LOS objects, 29% free, 37MB/53MB, paused 422us total 78.695ms
08-04 13:16:03.064 21360 21879 I art     : Starting a blocking GC Explicit
08-04 13:16:03.128 21360 21879 I art     : Explicit concurrent mark sweep GC freed 3(96B) AllocSpace objects, 0(0B) LOS objects, 29% free, 37MB/53MB, paused 413us total 62.922ms
08-04 13:16:03.147 21360 21879 I art     : Starting a blocking GC Explicit
08-04 13:16:03.205 21360 21879 I art     : Explicit concurrent mark sweep GC freed 5(160B) AllocSpace objects, 0(0B) LOS objects, 29% free, 37MB/53MB, paused 393us total 57.817ms
08-04 13:16:03.225 21360 21879 I art     : Starting a blocking GC Explicit
08-04 13:16:03.289 21360 21879 I art     : Explicit concurrent mark sweep GC freed 3(96B) AllocSpace objects, 0(0B) LOS objects, 29% free, 37MB/53MB, paused 408us total 63.687ms
08-04 13:16:03.577 21360 21763 I art     : Starting a blocking GC Explicit
08-04 13:16:03.643 21360 21763 I art     : Explicit concurrent mark sweep GC freed 1293(75KB) AllocSpace objects, 1(20KB) LOS objects, 29% free, 37MB/53MB, paused 407us total 66.308ms
08-04 13:16:03.663 21360 21763 I art     : Starting a blocking GC Explicit
08-04 13:16:03.721 21360 21763 I art     : Explicit concurrent mark sweep GC freed 18(624B) AllocSpace objects, 0(0B) LOS objects, 29% free, 37MB/53MB, paused 411us total 57.743ms
08-04 13:16:03.741 21360 21763 I art     : Starting a blocking GC Explicit
08-04 13:16:03.798 21360 21763 I art     : Explicit concurrent mark sweep GC freed 3(96B) AllocSpace objects, 0(0B) LOS objects, 29% free, 37MB/53MB, paused 437us total 57.050ms
08-04 13:16:03.818 21360 21763 I art     : Starting a blocking GC Explicit
08-04 13:16:03.838 22737 22737 D AndroidRuntime: >>>>>> START com.android.internal.os.RuntimeInit uid 2000 <<<<<<
08-04 13:16:03.843 22737 22737 D AndroidRuntime: CheckJNI is OFF
08-04 13:16:03.874 21360 21763 I art     : Explicit concurrent mark sweep GC freed 5(160B) AllocSpace objects, 0(0B) LOS objects, 29% free, 37MB/53MB, paused 410us total 55.980ms
08-04 13:16:03.875 22737 22737 D ICU     : No timezone override file found: /data/misc/zoneinfo/current/icu/icu_tzdata.dat
08-04 13:16:03.895 21360 21763 I art     : Starting a blocking GC Explicit
08-04 13:16:03.911 22737 22737 I Radio-JNI: register_android_hardware_Radio DONE
08-04 13:16:03.933 22737 22737 D AndroidRuntime: Calling main entry com.android.commands.input.Input
08-04 13:16:03.935 22737 22737 I Input   : injectMotionEvent: MotionEvent { action=ACTION_DOWN, actionButton=0, id[0]=0, x[0]=1197.0, y[0]=1456.0, toolType[0]=TOOL_TYPE_UNKNOWN, buttonState=0, metaState=0, flags=0x0, edgeFlags=0x0, pointerCount=1, historySize=0, eventTime=710180348, downTime=710180348, deviceId=0, source=0x1002 }
08-04 13:16:03.937 22210 22210 I ServiceManager: Waiting for service AtCmdFwd...
08-04 13:16:03.944 22737 22737 I Input   : injectMotionEvent: MotionEvent { action=ACTION_UP, actionButton=0, id[0]=0, x[0]=1197.0, y[0]=1456.0, toolType[0]=TOOL_TYPE_UNKNOWN, buttonState=0, metaState=0, flags=0x0, edgeFlags=0x0, pointerCount=1, historySize=0, eventTime=710180348, downTime=710180348, deviceId=0, source=0x1002 }
08-04 13:16:03.946 22737 22737 D AndroidRuntime: Shutting down VM
08-04 13:16:03.950 21360 21763 I art     : Explicit concurrent mark sweep GC freed 14(416B) AllocSpace objects, 0(0B) LOS objects, 29% free, 37MB/53MB, paused 423us total 54.885ms
08-04 13:16:03.958   512  2967 D audio_hw_primary: out_set_parameters: enter: usecase(1: low-latency-playback) kvpairs: routing=2
08-04 13:16:03.971   512  2967 D audio_hw_primary: select_devices: out_snd_device(2: speaker) in_snd_device(0: none)
08-04 13:16:03.971   512  2967 D msm8974_platform: platform_send_audio_calibration: sending audio calibration for snd_device(2) acdb_id(15)
08-04 13:16:03.972   512  2967 I soundtrigger: audio_extn_sound_trigger_update_device_status: device 0x2 of type 0 for Event 1
08-04 13:16:03.978 21360 21397 D OpenGLRenderer: endAllStagingAnimators on 0x7f99e39000 (RippleDrawable) with handle 0x7f7a9bf360
08-04 13:16:03.981   512  2967 D audio_hw_primary: enable_snd_device: snd_device(2: speaker)
08-04 13:16:03.984   512  2967 D audio_hw_primary: enable_audio_route: apply and update mixer path: low-latency-playback speaker
08-04 13:16:03.984 21360 21360 I SettingsManager: Setting string: savedCourse
08-04 13:16:03.985   918  3961 W BackupManagerService: dataChanged but no participant pkg='baseline.com.ak.uobtimetable' uid=10659
08-04 13:16:03.985   918  3696 I ActivityManager: START u0 {flg=0x4000000 cmp=baseline.com.ak.uobtimetable/.MainActivity (has extras)} from uid 10659 on display 0
08-04 13:16:04.000   918  6112 W InputMethodManagerService: Focus gain on non-focused client com.android.internal.view.IInputMethodClient$Stub$Proxy@9378876 (uid=10659 pid=21360)
08-04 13:16:04.014 21360 21360 D MainActivity: OnDestroy
08-04 13:16:04.033 21360 21360 D MainActivity: onCreate
08-04 13:16:04.033 21360 21360 I SettingsManager: Getting string: savedSessions
08-04 13:16:04.033 21360 21360 I SettingsManager: Getting string: savedSessions
08-04 13:16:04.042 21360 21360 I SettingsManager: Getting string: savedSessionsCourseName
08-04 13:16:04.042 21360 21360 I SettingsManager: Getting string: savedSessionsCourseName
08-04 13:16:04.042 21360 21360 I SettingsManager: Getting string: savedSessionsDateRange
08-04 13:16:04.042 21360 21360 I SettingsManager: Getting string: savedSessionsDateRange
08-04 13:16:04.042 21360 21360 I Settings: 15 saved sessions - Artificial Intelligence and Robotics (with Foundation Year) - BSc (Hons) - Ltn - Y0 Feb FT - Weeks: 24-38 (8 Jun 2020-20 Sep 2020)
08-04 13:16:04.074 21360 21360 I SettingsManager: Getting string: savedCourse
08-04 13:16:04.074 21360 21360 D MainActivity: sessionListFragmentArg: updateSessions
08-04 13:16:04.074 21360 21360 D MainActivity: showTermDatesConfigChange: false
08-04 13:16:04.075 21360 21360 D MainActivity: showTermDatesShortcut: false
08-04 13:16:04.075 21360 21360 D MainActivity: Setting initial fragment: SessionListsFragment
08-04 13:16:04.076 21360 21360 I SettingsManager: Getting int: launchCount
08-04 13:16:04.076 21360 21360 D SessionListsFragment: onCreateView
08-04 13:16:04.080 21360 21360 I SettingsManager: Getting string: savedCourse
08-04 13:16:04.083 21360 21360 I SettingsManager: Getting string: savedSessions
08-04 13:16:04.092 21360 21360 D SessionListsFragment: loadArgument: updateSessions
08-04 13:16:04.093 21360 21360 D SessionListsFragment: initialIndex: -1
08-04 13:16:04.094 21360 22763 D HTTP    : Request for: https://uob-timetable-api.adriankeenan.co.uk/sessions?dept=CM010&course=BSAIFAAF%2F02AA%2F0%2FFT&level=Foundation+Year
08-04 13:16:04.110 21360 21360 D TermDatesFragment: WebView loaded
08-04 13:16:04.111 21360 21360 D MainActivity: OnResume
08-04 13:16:04.120 21360 21360 I TermDatesFragment: Webview load %: 10
08-04 13:16:04.194 13866 13866 I GoogleInputMethodServic: GoogleInputMethodService.onFinishInput():3138 
08-04 13:16:04.194   918   936 I ActivityManager: Displayed baseline.com.ak.uobtimetable/.MainActivity: +192ms
08-04 13:16:04.194 13866 13866 I GoogleInputMethodServic: GoogleInputMethodService.onStartInput():1808 
08-04 13:16:04.233 21360 21879 I art     : Starting a blocking GC Explicit
08-04 13:16:04.293 21360 21879 I art     : Explicit concurrent mark sweep GC freed 25584(1217KB) AllocSpace objects, 5(1480KB) LOS objects, 29% free, 38MB/54MB, paused 583us total 60.358ms
08-04 13:16:04.307 21360 22763 I NAPPA_EXPERIMENTATION: MetricNetworkRequestExecutionTime: REQUEST_DURATION_SYSTEM='212',REQUEST_DURATION_OKHTTP='50',REQUEST_SYNCHRONOUS='TRUE',RESPONSE_CODE='200',RESPONSE_METHOD='GET',RESPONSE_LENGTH_OKHTTP='-1',RESPONSE_LENGTH_HEADER='1214',REQUEST_PROTOCOL='http/1.1',REQUEST_URL='https://uob-timetable-api.adriankeenan.co.uk/sessions?dept=CM010&course=BSAIFAAF%2F02AA%2F0%2FFT&level=Foundation+Year',
08-04 13:16:04.311 21360 21360 I TermDatesFragment: Webview load %: 70
08-04 13:16:04.312 21360 21879 I art     : Starting a blocking GC Explicit
08-04 13:16:04.319 21360 21360 I TermDatesFragment: Webview load %: 100
08-04 13:16:04.319 21360 21360 I TermDatesFragment: Webview load %: 100
08-04 13:16:04.339 21360 22763 I HTTP    : Response was compressed.
08-04 13:16:04.352 21360 22763 I Service : getSessions response time: 1.10
08-04 13:16:04.353 21360 21360 I SettingsManager: Getting string: savedSessions
08-04 13:16:04.354 21360 21360 I SettingsManager: Getting string: savedSessions
08-04 13:16:04.363 21360 21879 I art     : Explicit concurrent mark sweep GC freed 47070(2MB) AllocSpace objects, 5(232KB) LOS objects, 30% free, 36MB/52MB, paused 951us total 50.609ms
08-04 13:16:04.364 21360 21360 I Service : Sessions updated: 15
08-04 13:16:04.364 21360 21360 I Service : Sessions removed from new list: 0
08-04 13:16:04.372 21360 21360 I SettingsManager: Setting string: savedSessions
08-04 13:16:04.372   918  5952 W BackupManagerService: dataChanged but no participant pkg='baseline.com.ak.uobtimetable' uid=10659
08-04 13:16:04.372 21360 21360 I SettingsManager: Setting date: savedSessionsTime
08-04 13:16:04.379   918   928 W BackupManagerService: dataChanged but no participant pkg='baseline.com.ak.uobtimetable' uid=10659
08-04 13:16:04.379 21360 21360 I SettingsManager: Setting string: savedSessionsCourseName
08-04 13:16:04.379 21360 21879 I art     : Starting a blocking GC Explicit
08-04 13:16:04.380   918   929 W BackupManagerService: dataChanged but no participant pkg='baseline.com.ak.uobtimetable' uid=10659
08-04 13:16:04.381 21360 21360 I SettingsManager: Setting string: savedSessionsDateRange
08-04 13:16:04.381   918  3961 W BackupManagerService: dataChanged but no participant pkg='baseline.com.ak.uobtimetable' uid=10659
08-04 13:16:04.381 21360 21360 I SettingsManager: Setting string: timetableUrl
08-04 13:16:04.381   918  3696 W BackupManagerService: dataChanged but no participant pkg='baseline.com.ak.uobtimetable' uid=10659
08-04 13:16:04.381 21360 21360 I SettingsManager: Getting boolean: notifySessionRemindersEnabled
08-04 13:16:04.382 21360 21360 I SettingsManager: Getting int: notifySessionRemindersMinutes
08-04 13:16:04.382 21360 21360 I SettingsManager: Getting boolean: showHiddenSessions
08-04 13:16:04.383 21360 21360 I SessionReminderNotifier: Created session reminder alarm for f7b4771250a919bd729c1c5a4a459c77 at Mon 08:30:00 10/08/20
08-04 13:16:04.385 21360 21360 I SessionReminderNotifier: Created session reminder alarm for a7f879aabdeb78622c8820a5fb7b64cd at Tue 08:30:00 11/08/20
08-04 13:16:04.387 21360 21360 I SessionReminderNotifier: Created session reminder alarm for 7bc8d7e2c2055711f597c3d9078c6ea3 at Tue 08:30:00 11/08/20
08-04 13:16:04.388 21360 21360 I SessionReminderNotifier: Created session reminder alarm for 53c0527a6f009a1f2fd223834d3bfe51 at Tue 10:30:00 11/08/20
08-04 13:16:04.390 21360 21360 I SessionReminderNotifier: Created session reminder alarm for e0fc978b5db8218778540b4053344581 at Tue 11:00:00 11/08/20
08-04 13:16:04.392 21360 21360 I SessionReminderNotifier: Created session reminder alarm for 199afb0100f329ff65a09e1b0cd9deba at Tue 11:30:00 11/08/20
08-04 13:16:04.393 21360 21360 I SessionReminderNotifier: Created session reminder alarm for 21712fef61090882c855a1425543edb5 at Tue 13:30:00 04/08/20
08-04 13:16:04.395 21360 21360 I SessionReminderNotifier: Created session reminder alarm for 65ca4d97f031f29a4d02bbb45a705d8f at Wed 08:30:00 05/08/20
08-04 13:16:04.396 21360 21360 I SessionReminderNotifier: Created session reminder alarm for eeda7741b0bcab58fd9f46dc6ef1d942 at Wed 08:30:00 05/08/20
08-04 13:16:04.398 21360 21360 I SessionReminderNotifier: Created session reminder alarm for c276c1b2075a0beb67f1b3d1e580f920 at Wed 11:00:00 05/08/20
08-04 13:16:04.399 21360 21360 I SessionReminderNotifier: Created session reminder alarm for 8b1f3627e42ae13a6f6ba0a83903dde1 at Wed 13:30:00 05/08/20
08-04 13:16:04.401 21360 21360 I SessionReminderNotifier: Created session reminder alarm for 79fe0b5c3b887a13ba29db5a33fa2800 at Thu 08:30:00 06/08/20
08-04 13:16:04.402 21360 21360 I SessionReminderNotifier: Created session reminder alarm for cb9dfc8231cdba2be0835dc5709690e1 at Thu 08:30:00 06/08/20
08-04 13:16:04.404 21360 21360 I SessionReminderNotifier: Created session reminder alarm for f850dc24d6de60b7b89fa9e1a8c224c5 at Thu 12:00:00 06/08/20
08-04 13:16:04.405 21360 21360 I SessionReminderNotifier: Created session reminder alarm for 2ba1034116e4fffdd592dbf0796a43d5 at Fri 08:30:00 07/08/20
08-04 13:16:04.405 21360 21360 I SettingsManager: Getting boolean: showHiddenSessions
08-04 13:16:04.405 21360 21360 D SessionListsFragment: 1 sessions for day 0
08-04 13:16:04.405 21360 21360 D SessionListsFragment: 6 sessions for day 1
08-04 13:16:04.406 21360 21360 D SessionListsFragment: 4 sessions for day 2
08-04 13:16:04.406 21360 21360 D SessionListsFragment: 3 sessions for day 3
08-04 13:16:04.406 21360 21360 D SessionListsFragment: 1 sessions for day 4
08-04 13:16:04.428 21360 21879 I art     : Explicit concurrent mark sweep GC freed 12997(641KB) AllocSpace objects, 1(20KB) LOS objects, 30% free, 36MB/52MB, paused 909us total 48.363ms
08-04 13:16:04.444 21360 21360 I SettingsManager: Getting boolean: showHiddenSessions
08-04 13:16:04.445 21360 21879 I art     : Starting a blocking GC Explicit
08-04 13:16:04.445 21360 21360 D SessionListsFragment: Refreshed ViewPager
08-04 13:16:04.445 21360 21360 I SettingsManager: Getting boolean: showHiddenSessions
08-04 13:16:04.446 21360 21360 I SettingsManager: Getting boolean: completedTutorial
08-04 13:16:04.446 21360 21360 I SettingsManager: Getting boolean: showHiddenSessions
08-04 13:16:04.446 21360 21360 I SettingsManager: Getting date: savedSessionsTime
08-04 13:16:04.496 21360 21879 I art     : Explicit concurrent mark sweep GC freed 23211(950KB) AllocSpace objects, 0(0B) LOS objects, 30% free, 36MB/52MB, paused 979us total 51.017ms
08-04 13:16:04.512 21360 21879 I art     : Starting a blocking GC Explicit
08-04 13:16:04.518   512  2967 D audio_hw_primary: disable_audio_route: reset and update mixer path: low-latency-playback speaker
08-04 13:16:04.519   512  2967 D audio_hw_primary: disable_snd_device: snd_device(2: speaker)
08-04 13:16:04.526   512  2967 I soundtrigger: audio_extn_sound_trigger_update_device_status: device 0x2 of type 0 for Event 0
08-04 13:16:04.567 21360 21879 I art     : Explicit concurrent mark sweep GC freed 28858(1167KB) AllocSpace objects, 0(0B) LOS objects, 30% free, 36MB/52MB, paused 1.056ms total 53.901ms
08-04 13:16:04.851 21360 21375 I art     : Starting a blocking GC Explicit
08-04 13:16:04.892   518   646 I ThermalEngine: ACTION: GPU - Setting GPU[0] to 450000000
08-04 13:16:04.938 22210 22210 I ServiceManager: Waiting for service AtCmdFwd...
08-04 13:16:04.947 21360 21375 I art     : Explicit concurrent mark sweep GC freed 153449(6MB) AllocSpace objects, 1(20KB) LOS objects, 29% free, 37MB/53MB, paused 1.370ms total 95.833ms
08-04 13:16:04.970 21360 21375 I art     : Starting a blocking GC Explicit
08-04 13:16:05.049 21360 21375 I art     : Explicit concurrent mark sweep GC freed 38016(1719KB) AllocSpace objects, 0(0B) LOS objects, 29% free, 37MB/53MB, paused 1.442ms total 78.482ms
08-04 13:16:05.049 21360 21374 I art     : WaitForGcToComplete blocked for 53.651ms for cause HeapTrim
08-04 13:16:05.073 21360 21375 I art     : Starting a blocking GC Explicit
08-04 13:16:05.117 21360 21360 I Choreographer: Skipped 39 frames!  The application may be doing too much work on its main thread.
08-04 13:16:05.151 21360 21375 I art     : Explicit concurrent mark sweep GC freed 25441(1049KB) AllocSpace objects, 0(0B) LOS objects, 29% free, 37MB/53MB, paused 1.332ms total 77.469ms
08-04 13:16:05.176 21360 21375 I art     : Starting a blocking GC Explicit
08-04 13:16:05.244 21360 21375 I art     : Explicit concurrent mark sweep GC freed 892(76KB) AllocSpace objects, 0(0B) LOS objects, 29% free, 37MB/53MB, paused 518us total 67.500ms
08-04 13:16:05.267 21360 21375 I art     : Starting a blocking GC Explicit
08-04 13:16:05.323 21360 21375 I art     : Explicit concurrent mark sweep GC freed 121509(11MB) AllocSpace objects, 3(136KB) LOS objects, 37% free, 26MB/42MB, paused 536us total 56.173ms
08-04 13:16:05.642 21360 21879 I art     : Starting a blocking GC Explicit
08-04 13:16:05.700 21360 21879 I art     : Explicit concurrent mark sweep GC freed 1516(85KB) AllocSpace objects, 1(20KB) LOS objects, 37% free, 26MB/42MB, paused 607us total 58.084ms
08-04 13:16:05.721 21360 21879 I art     : Starting a blocking GC Explicit
08-04 13:16:05.766 21360 21879 I art     : Explicit concurrent mark sweep GC freed 19(688B) AllocSpace objects, 0(0B) LOS objects, 37% free, 26MB/42MB, paused 538us total 45.320ms
08-04 13:16:05.783 21360 21879 I art     : Starting a blocking GC Explicit
08-04 13:16:05.831 21360 21879 I art     : Explicit concurrent mark sweep GC freed 3(96B) AllocSpace objects, 0(0B) LOS objects, 37% free, 26MB/42MB, paused 576us total 47.777ms
08-04 13:16:05.848 21360 21879 I art     : Starting a blocking GC Explicit
08-04 13:16:05.894 21360 21879 I art     : Explicit concurrent mark sweep GC freed 3(96B) AllocSpace objects, 0(0B) LOS objects, 37% free, 26MB/42MB, paused 523us total 46.207ms
08-04 13:16:05.911 21360 21879 I art     : Starting a blocking GC Explicit
08-04 13:16:05.938 22210 22210 I ServiceManager: Waiting for service AtCmdFwd...
08-04 13:16:05.962 21360 21879 I art     : Explicit concurrent mark sweep GC freed 3(96B) AllocSpace objects, 0(0B) LOS objects, 37% free, 26MB/42MB, paused 586us total 50.009ms
08-04 13:16:06.313 21360 21377 I art     : Starting a blocking GC Explicit
08-04 13:16:06.360 21360 21377 I art     : Explicit concurrent mark sweep GC freed 1447(80KB) AllocSpace objects, 1(20KB) LOS objects, 37% free, 26MB/42MB, paused 565us total 46.086ms
08-04 13:16:06.379 21360 21377 I art     : Starting a blocking GC Explicit
08-04 13:16:06.423 21360 21377 I art     : Explicit concurrent mark sweep GC freed 20(704B) AllocSpace objects, 0(0B) LOS objects, 37% free, 26MB/42MB, paused 570us total 44.399ms
08-04 13:16:06.440 21360 21377 I art     : Starting a blocking GC Explicit
08-04 13:16:06.487 21360 21377 I art     : Explicit concurrent mark sweep GC freed 3(96B) AllocSpace objects, 0(0B) LOS objects, 37% free, 26MB/42MB, paused 537us total 46.806ms
08-04 13:16:06.503 21360 21377 I art     : Starting a blocking GC Explicit
08-04 13:16:06.549 21360 21377 I art     : Explicit concurrent mark sweep GC freed 3(96B) AllocSpace objects, 0(0B) LOS objects, 37% free, 26MB/42MB, paused 559us total 46.314ms
08-04 13:16:06.566 21360 21377 I art     : Starting a blocking GC Explicit
08-04 13:16:06.612 21360 21377 I art     : Explicit concurrent mark sweep GC freed 3(96B) AllocSpace objects, 0(0B) LOS objects, 37% free, 26MB/42MB, paused 571us total 45.930ms
08-04 13:16:06.939 22210 22210 I ServiceManager: Waiting for service AtCmdFwd...
08-04 13:16:06.941 21360 21879 I art     : Starting a blocking GC Explicit
08-04 13:16:07.004 21360 21879 I art     : Explicit concurrent mark sweep GC freed 1293(75KB) AllocSpace objects, 1(20KB) LOS objects, 37% free, 26MB/42MB, paused 629us total 62.598ms
08-04 13:16:07.021 21360 21879 I art     : Starting a blocking GC Explicit
08-04 13:16:07.069 21360 21879 I art     : Explicit concurrent mark sweep GC freed 18(624B) AllocSpace objects, 0(0B) LOS objects, 37% free, 26MB/42MB, paused 638us total 47.426ms
08-04 13:16:07.089 21360 21879 I art     : Starting a blocking GC Explicit
08-04 13:16:07.132 21360 21879 I art     : Explicit concurrent mark sweep GC freed 3(96B) AllocSpace objects, 0(0B) LOS objects, 37% free, 26MB/42MB, paused 535us total 42.944ms
08-04 13:16:07.149 21360 21879 I art     : Starting a blocking GC Explicit
08-04 13:16:07.198 21360 21879 I art     : Explicit concurrent mark sweep GC freed 3(96B) AllocSpace objects, 0(0B) LOS objects, 37% free, 26MB/42MB, paused 600us total 48.786ms
08-04 13:16:07.214 21360 21879 I art     : Starting a blocking GC Explicit
08-04 13:16:07.255 21360 21879 I art     : Explicit concurrent mark sweep GC freed 3(96B) AllocSpace objects, 0(0B) LOS objects, 37% free, 26MB/42MB, paused 564us total 40.818ms
08-04 13:16:07.610 21360 21592 I art     : Starting a blocking GC Explicit
08-04 13:16:07.658 21360 21592 I art     : Explicit concurrent mark sweep GC freed 1293(75KB) AllocSpace objects, 1(20KB) LOS objects, 37% free, 26MB/42MB, paused 620us total 47.390ms
08-04 13:16:07.673 21360 21592 I art     : Starting a blocking GC Explicit
08-04 13:16:07.714 21360 21592 I art     : Explicit concurrent mark sweep GC freed 18(624B) AllocSpace objects, 0(0B) LOS objects, 37% free, 26MB/42MB, paused 555us total 40.775ms
08-04 13:16:07.730 21360 21592 I art     : Starting a blocking GC Explicit
08-04 13:16:07.774 21360 21592 I art     : Explicit concurrent mark sweep GC freed 3(96B) AllocSpace objects, 0(0B) LOS objects, 37% free, 26MB/42MB, paused 563us total 43.368ms
08-04 13:16:07.791 21360 21592 I art     : Starting a blocking GC Explicit
08-04 13:16:07.838 21360 21592 I art     : Explicit concurrent mark sweep GC freed 3(96B) AllocSpace objects, 0(0B) LOS objects, 37% free, 26MB/42MB, paused 572us total 47.378ms
08-04 13:16:07.855 21360 21592 I art     : Starting a blocking GC Explicit
08-04 13:16:07.904 21360 21592 I art     : Explicit concurrent mark sweep GC freed 3(96B) AllocSpace objects, 0(0B) LOS objects, 37% free, 26MB/42MB, paused 555us total 48.837ms
08-04 13:16:07.940 22210 22210 I ServiceManager: Waiting for service AtCmdFwd...
08-04 13:16:08.238 21360 21375 I art     : Starting a blocking GC Explicit
08-04 13:16:08.282 21360 21375 I art     : Explicit concurrent mark sweep GC freed 1307(76KB) AllocSpace objects, 1(20KB) LOS objects, 37% free, 26MB/42MB, paused 627us total 44.157ms
08-04 13:16:08.299 21360 21375 I art     : Starting a blocking GC Explicit
08-04 13:16:08.344 21360 21375 I art     : Explicit concurrent mark sweep GC freed 24(784B) AllocSpace objects, 0(0B) LOS objects, 37% free, 26MB/42MB, paused 574us total 44.518ms
08-04 13:16:08.360 21360 21375 I art     : Starting a blocking GC Explicit
08-04 13:16:08.403 21360 21375 I art     : Explicit concurrent mark sweep GC freed 56(1760B) AllocSpace objects, 0(0B) LOS objects, 37% free, 26MB/42MB, paused 538us total 42.739ms
08-04 13:16:08.420 21360 21375 I art     : Starting a blocking GC Explicit
08-04 13:16:08.462 21360 21375 I art     : Explicit concurrent mark sweep GC freed 26(976B) AllocSpace objects, 0(0B) LOS objects, 37% free, 26MB/42MB, paused 570us total 42.246ms
08-04 13:16:08.478 21360 21375 I art     : Starting a blocking GC Explicit
08-04 13:16:08.522 21360 21375 I art     : Explicit concurrent mark sweep GC freed 151(10KB) AllocSpace objects, 0(0B) LOS objects, 37% free, 26MB/42MB, paused 562us total 43.693ms
08-04 13:16:08.740 22835 22835 D AndroidRuntime: >>>>>> START com.android.internal.os.RuntimeInit uid 2000 <<<<<<
08-04 13:16:08.746 22835 22835 D AndroidRuntime: CheckJNI is OFF
08-04 13:16:08.787 22835 22835 D ICU     : No timezone override file found: /data/misc/zoneinfo/current/icu/icu_tzdata.dat
08-04 13:16:08.829 22835 22835 I Radio-JNI: register_android_hardware_Radio DONE
08-04 13:16:08.859 22835 22835 D AndroidRuntime: Calling main entry com.android.commands.input.Input
08-04 13:16:08.861 21360 21879 I art     : Starting a blocking GC Explicit
08-04 13:16:08.861 22835 22835 I Input   : injectMotionEvent: MotionEvent { action=ACTION_DOWN, actionButton=0, id[0]=0, x[0]=81.0, y[0]=176.0, toolType[0]=TOOL_TYPE_UNKNOWN, buttonState=0, metaState=0, flags=0x0, edgeFlags=0x0, pointerCount=1, historySize=0, eventTime=710185273, downTime=710185273, deviceId=0, source=0x1002 }
08-04 13:16:08.865 22835 22835 I Input   : injectMotionEvent: MotionEvent { action=ACTION_UP, actionButton=0, id[0]=0, x[0]=81.0, y[0]=176.0, toolType[0]=TOOL_TYPE_UNKNOWN, buttonState=0, metaState=0, flags=0x0, edgeFlags=0x0, pointerCount=1, historySize=0, eventTime=710185273, downTime=710185273, deviceId=0, source=0x1002 }
08-04 13:16:08.867 22835 22835 D AndroidRuntime: Shutting down VM
08-04 13:16:08.879   512  2967 D audio_hw_primary: out_set_parameters: enter: usecase(1: low-latency-playback) kvpairs: routing=2
08-04 13:16:08.892   512  2967 D audio_hw_primary: select_devices: out_snd_device(2: speaker) in_snd_device(0: none)
08-04 13:16:08.892   512  2967 D msm8974_platform: platform_send_audio_calibration: sending audio calibration for snd_device(2) acdb_id(15)
08-04 13:16:08.892   512  2967 I soundtrigger: audio_extn_sound_trigger_update_device_status: device 0x2 of type 0 for Event 1
08-04 13:16:08.899   518   646 I ThermalEngine: ACTION: GPU - Setting GPU[0] to 510000000
08-04 13:16:08.907   512  2967 D audio_hw_primary: enable_snd_device: snd_device(2: speaker)
08-04 13:16:08.909 21360 21879 I art     : Explicit concurrent mark sweep GC freed 1332(76KB) AllocSpace objects, 1(20KB) LOS objects, 37% free, 26MB/42MB, paused 760us total 48.240ms
08-04 13:16:08.910   512  2967 D audio_hw_primary: enable_audio_route: apply and update mixer path: low-latency-playback speaker
08-04 13:16:08.914 13866 13866 I GoogleInputMethodServic: GoogleInputMethodService.onFinishInput():3138 
08-04 13:16:08.915 13866 13866 I GoogleInputMethodServic: GoogleInputMethodService.onStartInput():1808 
08-04 13:16:08.926 21360 21879 I art     : Starting a blocking GC Explicit
08-04 13:16:08.940 22210 22210 W Atfwd_Sendcmd: AtCmdFwd service not published, waiting... retryCnt : 3
08-04 13:16:08.960 21360 21879 I art     : Explicit concurrent mark sweep GC freed 123(5KB) AllocSpace objects, 0(0B) LOS objects, 37% free, 26MB/42MB, paused 544us total 34.590ms
08-04 13:16:08.972 21360 21879 I art     : Starting a blocking GC Explicit
08-04 13:16:09.004 21360 21879 I art     : Explicit concurrent mark sweep GC freed 280(15KB) AllocSpace objects, 0(0B) LOS objects, 37% free, 26MB/42MB, paused 388us total 32.066ms
08-04 13:16:09.017 21360 21879 I art     : Starting a blocking GC Explicit
08-04 13:16:09.046 21360 21879 I art     : Explicit concurrent mark sweep GC freed 7(384B) AllocSpace objects, 0(0B) LOS objects, 37% free, 26MB/42MB, paused 355us total 28.971ms
08-04 13:16:09.058 21360 21879 I art     : Starting a blocking GC Explicit
08-04 13:16:09.088 21360 21879 I art     : Explicit concurrent mark sweep GC freed 3(96B) AllocSpace objects, 0(0B) LOS objects, 37% free, 26MB/42MB, paused 422us total 29.566ms
08-04 13:16:09.194 13866 13882 I PeriodicStatsRunner: PeriodicStatsRunner.call():175 call()
08-04 13:16:09.194 13866 13882 I PeriodicStatsRunner: PeriodicStatsRunner.call():179 No submit PeriodicStats since input started.
08-04 13:16:09.365 21360 21763 I art     : Starting a blocking GC Explicit
08-04 13:16:09.397 21360 21763 I art     : Explicit concurrent mark sweep GC freed 1298(75KB) AllocSpace objects, 1(20KB) LOS objects, 37% free, 26MB/42MB, paused 442us total 31.774ms
08-04 13:16:09.409 21360 21763 I art     : Starting a blocking GC Explicit
08-04 13:16:09.442 21360 21763 I art     : Explicit concurrent mark sweep GC freed 26(880B) AllocSpace objects, 0(0B) LOS objects, 37% free, 26MB/42MB, paused 415us total 33.119ms
08-04 13:16:09.450   512  2967 D audio_hw_primary: disable_audio_route: reset and update mixer path: low-latency-playback speaker
08-04 13:16:09.451   512  2967 D audio_hw_primary: disable_snd_device: snd_device(2: speaker)
08-04 13:16:09.454 21360 21763 I art     : Starting a blocking GC Explicit
08-04 13:16:09.459   512  2967 I soundtrigger: audio_extn_sound_trigger_update_device_status: device 0x2 of type 0 for Event 0
08-04 13:16:09.487 21360 21763 I art     : Explicit concurrent mark sweep GC freed 3(96B) AllocSpace objects, 0(0B) LOS objects, 37% free, 26MB/42MB, paused 508us total 32.689ms
08-04 13:16:09.499 21360 21763 I art     : Starting a blocking GC Explicit
08-04 13:16:09.534 21360 21763 I art     : Explicit concurrent mark sweep GC freed 3(96B) AllocSpace objects, 0(0B) LOS objects, 37% free, 26MB/42MB, paused 394us total 34.106ms
08-04 13:16:09.547 21360 21763 I art     : Starting a blocking GC Explicit
08-04 13:16:09.580 21360 21763 I art     : Explicit concurrent mark sweep GC freed 3(96B) AllocSpace objects, 0(0B) LOS objects, 37% free, 26MB/42MB, paused 412us total 33.381ms
08-04 13:16:09.873 21360 21377 I art     : Starting a blocking GC Explicit
08-04 13:16:09.920 21360 21377 I art     : Explicit concurrent mark sweep GC freed 1295(75KB) AllocSpace objects, 1(20KB) LOS objects, 37% free, 26MB/42MB, paused 577us total 46.308ms
08-04 13:16:09.935 21360 21377 I art     : Starting a blocking GC Explicit
08-04 13:16:09.972 21360 21377 I art     : Explicit concurrent mark sweep GC freed 18(624B) AllocSpace objects, 0(0B) LOS objects, 37% free, 26MB/42MB, paused 420us total 36.374ms
08-04 13:16:09.985 21360 21377 I art     : Starting a blocking GC Explicit
08-04 13:16:10.021 21360 21377 I art     : Explicit concurrent mark sweep GC freed 3(96B) AllocSpace objects, 0(0B) LOS objects, 37% free, 26MB/42MB, paused 416us total 36.359ms
08-04 13:16:10.035 21360 21377 I art     : Starting a blocking GC Explicit
08-04 13:16:10.071 21360 21377 I art     : Explicit concurrent mark sweep GC freed 3(96B) AllocSpace objects, 0(0B) LOS objects, 37% free, 26MB/42MB, paused 419us total 36.133ms
08-04 13:16:10.084 21360 21377 I art     : Starting a blocking GC Explicit
08-04 13:16:10.118 21360 21377 I art     : Explicit concurrent mark sweep GC freed 3(96B) AllocSpace objects, 0(0B) LOS objects, 37% free, 26MB/42MB, paused 432us total 34.297ms
08-04 13:16:10.407 21360 21592 I art     : Starting a blocking GC Explicit
08-04 13:16:10.443 21360 21592 I art     : Explicit concurrent mark sweep GC freed 1293(75KB) AllocSpace objects, 1(20KB) LOS objects, 37% free, 26MB/42MB, paused 418us total 35.638ms
08-04 13:16:10.456 21360 21592 I art     : Starting a blocking GC Explicit
08-04 13:16:10.490 21360 21592 I art     : Explicit concurrent mark sweep GC freed 18(624B) AllocSpace objects, 0(0B) LOS objects, 37% free, 26MB/42MB, paused 416us total 33.569ms
08-04 13:16:10.502 21360 21592 I art     : Starting a blocking GC Explicit
08-04 13:16:10.519 22880 22880 D AndroidRuntime: >>>>>> START com.android.internal.os.RuntimeInit uid 2000 <<<<<<
08-04 13:16:10.524 22880 22880 D AndroidRuntime: CheckJNI is OFF
08-04 13:16:10.537 21360 21592 I art     : Explicit concurrent mark sweep GC freed 7(224B) AllocSpace objects, 0(0B) LOS objects, 37% free, 26MB/42MB, paused 469us total 34.713ms
08-04 13:16:10.550 21360 21592 I art     : Starting a blocking GC Explicit
08-04 13:16:10.560 22880 22880 D ICU     : No timezone override file found: /data/misc/zoneinfo/current/icu/icu_tzdata.dat
08-04 13:16:10.581 21360 21592 I art     : Explicit concurrent mark sweep GC freed 9(288B) AllocSpace objects, 0(0B) LOS objects, 37% free, 26MB/42MB, paused 453us total 31.154ms
08-04 13:16:10.593 21360 21592 I art     : Starting a blocking GC Explicit
08-04 13:16:10.594 22880 22880 I Radio-JNI: register_android_hardware_Radio DONE
08-04 13:16:10.616 22880 22880 D AndroidRuntime: Calling main entry com.android.commands.input.Input
08-04 13:16:10.617 22880 22880 I Input   : injectMotionEvent: MotionEvent { action=ACTION_DOWN, actionButton=0, id[0]=0, x[0]=360.0, y[0]=1098.0, toolType[0]=TOOL_TYPE_UNKNOWN, buttonState=0, metaState=0, flags=0x0, edgeFlags=0x0, pointerCount=1, historySize=0, eventTime=710187030, downTime=710187030, deviceId=0, source=0x1002 }
08-04 13:16:10.624 22880 22880 I Input   : injectMotionEvent: MotionEvent { action=ACTION_UP, actionButton=0, id[0]=0, x[0]=360.0, y[0]=1098.0, toolType[0]=TOOL_TYPE_UNKNOWN, buttonState=0, metaState=0, flags=0x0, edgeFlags=0x0, pointerCount=1, historySize=0, eventTime=710187030, downTime=710187030, deviceId=0, source=0x1002 }
08-04 13:16:10.624 21360 21592 I art     : Explicit concurrent mark sweep GC freed 7(224B) AllocSpace objects, 0(0B) LOS objects, 37% free, 26MB/42MB, paused 390us total 30.794ms
08-04 13:16:10.626 22880 22880 D AndroidRuntime: Shutting down VM
08-04 13:16:10.631 21360 21360 D MainActivity: NavigationItemSelected: Term dates
08-04 13:16:10.633   512  2967 D audio_hw_primary: out_set_parameters: enter: usecase(1: low-latency-playback) kvpairs: routing=2
08-04 13:16:10.646   512  2967 D audio_hw_primary: select_devices: out_snd_device(2: speaker) in_snd_device(0: none)
08-04 13:16:10.646   512  2967 D msm8974_platform: platform_send_audio_calibration: sending audio calibration for snd_device(2) acdb_id(15)
08-04 13:16:10.646   512  2967 I soundtrigger: audio_extn_sound_trigger_update_device_status: device 0x2 of type 0 for Event 1
08-04 13:16:10.655   512  2967 D audio_hw_primary: enable_snd_device: snd_device(2: speaker)
08-04 13:16:10.657   512  2967 D audio_hw_primary: enable_audio_route: apply and update mixer path: low-latency-playback speaker
08-04 13:16:10.886 21360 21375 I art     : Starting a blocking GC Explicit
08-04 13:16:10.918 21360 21375 I art     : Explicit concurrent mark sweep GC freed 1870(98KB) AllocSpace objects, 1(20KB) LOS objects, 37% free, 26MB/42MB, paused 528us total 30.936ms
08-04 13:16:10.929 21360 21375 I art     : Starting a blocking GC Explicit
08-04 13:16:10.960 21360 21375 I art     : Explicit concurrent mark sweep GC freed 224(16KB) AllocSpace objects, 0(0B) LOS objects, 37% free, 26MB/42MB, paused 407us total 30.645ms
08-04 13:16:10.972 21360 21375 I art     : Starting a blocking GC Explicit
08-04 13:16:11.003 21360 21375 I art     : Explicit concurrent mark sweep GC freed 8(256B) AllocSpace objects, 0(0B) LOS objects, 37% free, 26MB/42MB, paused 358us total 30.348ms
08-04 13:16:11.016 21360 21375 I art     : Starting a blocking GC Explicit
08-04 13:16:11.049 21360 21375 I art     : Explicit concurrent mark sweep GC freed 29(928B) AllocSpace objects, 0(0B) LOS objects, 37% free, 26MB/42MB, paused 474us total 32.728ms
08-04 13:16:11.061 21360 21375 I art     : Starting a blocking GC Explicit
08-04 13:16:11.064 13866 13866 I GoogleInputMethodServic: GoogleInputMethodService.onFinishInput():3138 
08-04 13:16:11.065 13866 13866 I GoogleInputMethodServic: GoogleInputMethodService.onStartInput():1808 
08-04 13:16:11.093 21360 21375 I art     : Explicit concurrent mark sweep GC freed 12(544B) AllocSpace objects, 0(0B) LOS objects, 37% free, 26MB/42MB, paused 394us total 32.203ms
08-04 13:16:11.198   512  2967 D audio_hw_primary: disable_audio_route: reset and update mixer path: low-latency-playback speaker
08-04 13:16:11.199   512  2967 D audio_hw_primary: disable_snd_device: snd_device(2: speaker)
08-04 13:16:11.208   512  2967 I soundtrigger: audio_extn_sound_trigger_update_device_status: device 0x2 of type 0 for Event 0
08-04 13:16:11.400 21360 21763 I art     : Starting a blocking GC Explicit
08-04 13:16:11.443 21360 21763 I art     : Explicit concurrent mark sweep GC freed 1337(76KB) AllocSpace objects, 1(20KB) LOS objects, 37% free, 26MB/42MB, paused 452us total 43.184ms
08-04 13:16:11.460 21360 21763 I art     : Starting a blocking GC Explicit
08-04 13:16:11.498 21360 21763 I art     : Explicit concurrent mark sweep GC freed 25(848B) AllocSpace objects, 0(0B) LOS objects, 37% free, 26MB/42MB, paused 654us total 37.724ms
08-04 13:16:11.512 21360 21763 I art     : Starting a blocking GC Explicit
08-04 13:16:11.549 21360 21763 I art     : Explicit concurrent mark sweep GC freed 11(352B) AllocSpace objects, 0(0B) LOS objects, 37% free, 26MB/42MB, paused 377us total 36.072ms
08-04 13:16:11.561 21360 21763 I art     : Starting a blocking GC Explicit
08-04 13:16:11.593 21360 21763 I art     : Explicit concurrent mark sweep GC freed 6(192B) AllocSpace objects, 0(0B) LOS objects, 37% free, 26MB/42MB, paused 436us total 32.420ms
08-04 13:16:11.606 21360 21763 I art     : Starting a blocking GC Explicit
08-04 13:16:11.642 21360 21763 I art     : Explicit concurrent mark sweep GC freed 9(288B) AllocSpace objects, 0(0B) LOS objects, 37% free, 26MB/42MB, paused 402us total 35.794ms
08-04 13:16:11.909   518   646 I ThermalEngine: ACTION: GPU - Setting GPU[0] to 450000000
08-04 13:16:11.976 21360 21377 I art     : Starting a blocking GC Explicit
08-04 13:16:12.026 21360 21377 I art     : Explicit concurrent mark sweep GC freed 1339(77KB) AllocSpace objects, 1(20KB) LOS objects, 37% free, 26MB/42MB, paused 671us total 50.212ms
08-04 13:16:12.046 21360 21377 I art     : Starting a blocking GC Explicit
08-04 13:16:12.095 21360 21377 I art     : Explicit concurrent mark sweep GC freed 27(912B) AllocSpace objects, 0(0B) LOS objects, 37% free, 26MB/42MB, paused 559us total 47.784ms
08-04 13:16:12.112 21360 21377 I art     : Starting a blocking GC Explicit
08-04 13:16:12.154 21360 21377 I art     : Explicit concurrent mark sweep GC freed 11(352B) AllocSpace objects, 0(0B) LOS objects, 37% free, 26MB/42MB, paused 511us total 41.868ms
08-04 13:16:12.171 21360 21377 I art     : Starting a blocking GC Explicit
08-04 13:16:12.217 21360 21377 I art     : Explicit concurrent mark sweep GC freed 9(288B) AllocSpace objects, 0(0B) LOS objects, 37% free, 26MB/42MB, paused 673us total 44.970ms
08-04 13:16:12.235 21360 21377 I art     : Starting a blocking GC Explicit
08-04 13:16:12.285 21360 21377 I art     : Explicit concurrent mark sweep GC freed 11(352B) AllocSpace objects, 0(0B) LOS objects, 37% free, 26MB/42MB, paused 660us total 49.541ms
08-04 13:16:12.648 21360 21879 I art     : Starting a blocking GC Explicit
08-04 13:16:12.698 21360 21879 I art     : Explicit concurrent mark sweep GC freed 1355(77KB) AllocSpace objects, 1(20KB) LOS objects, 37% free, 26MB/42MB, paused 648us total 49.520ms
08-04 13:16:12.715 21360 21879 I art     : Starting a blocking GC Explicit
08-04 13:16:12.764 21360 21879 I art     : Explicit concurrent mark sweep GC freed 18(624B) AllocSpace objects, 0(0B) LOS objects, 37% free, 26MB/42MB, paused 707us total 48.419ms
08-04 13:16:12.781 21360 21879 I art     : Starting a blocking GC Explicit
08-04 13:16:12.828 21360 21879 I art     : Explicit concurrent mark sweep GC freed 3(96B) AllocSpace objects, 0(0B) LOS objects, 37% free, 26MB/42MB, paused 646us total 46.168ms
08-04 13:16:12.844 21360 21879 I art     : Starting a blocking GC Explicit
08-04 13:16:12.892 21360 21879 I art     : Explicit concurrent mark sweep GC freed 3(96B) AllocSpace objects, 0(0B) LOS objects, 37% free, 26MB/42MB, paused 555us total 47.295ms
08-04 13:16:12.909 21360 21879 I art     : Starting a blocking GC Explicit
08-04 13:16:12.958 21360 21879 I art     : Explicit concurrent mark sweep GC freed 3(96B) AllocSpace objects, 0(0B) LOS objects, 37% free, 26MB/42MB, paused 666us total 48.566ms
08-04 13:16:13.312 21360 21377 I art     : Starting a blocking GC Explicit
08-04 13:16:13.374 21360 21377 I art     : Explicit concurrent mark sweep GC freed 1293(75KB) AllocSpace objects, 1(20KB) LOS objects, 37% free, 26MB/42MB, paused 589us total 61.570ms
08-04 13:16:13.394 21360 21377 I art     : Starting a blocking GC Explicit
08-04 13:16:13.441 21360 21377 I art     : Explicit concurrent mark sweep GC freed 18(624B) AllocSpace objects, 0(0B) LOS objects, 37% free, 26MB/42MB, paused 585us total 47.212ms
08-04 13:16:13.458 21360 21377 I art     : Starting a blocking GC Explicit
08-04 13:16:13.505 21360 21377 I art     : Explicit concurrent mark sweep GC freed 3(96B) AllocSpace objects, 0(0B) LOS objects, 37% free, 26MB/42MB, paused 573us total 45.979ms
08-04 13:16:13.521 21360 21377 I art     : Starting a blocking GC Explicit
08-04 13:16:13.570 21360 21377 I art     : Explicit concurrent mark sweep GC freed 3(96B) AllocSpace objects, 0(0B) LOS objects, 37% free, 26MB/42MB, paused 571us total 48.287ms
08-04 13:16:13.587 21360 21377 I art     : Starting a blocking GC Explicit
08-04 13:16:13.634 21360 21377 I art     : Explicit concurrent mark sweep GC freed 3(96B) AllocSpace objects, 0(0B) LOS objects, 37% free, 26MB/42MB, paused 601us total 46.569ms
08-04 13:16:13.915 13866 13882 I PeriodicStatsRunner: PeriodicStatsRunner.call():175 call()
08-04 13:16:13.915 13866 13882 I PeriodicStatsRunner: PeriodicStatsRunner.call():179 No submit PeriodicStats since input started.
08-04 13:16:13.998 21360 21375 I art     : Starting a blocking GC Explicit
08-04 13:16:14.056 21360 21375 I art     : Explicit concurrent mark sweep GC freed 1293(75KB) AllocSpace objects, 1(20KB) LOS objects, 37% free, 26MB/42MB, paused 594us total 57.553ms
08-04 13:16:14.076 21360 21375 I art     : Starting a blocking GC Explicit
08-04 13:16:14.123 21360 21375 I art     : Explicit concurrent mark sweep GC freed 18(624B) AllocSpace objects, 0(0B) LOS objects, 37% free, 26MB/42MB, paused 540us total 46.053ms
08-04 13:16:14.139 21360 21375 I art     : Starting a blocking GC Explicit
08-04 13:16:14.186 21360 21375 I art     : Explicit concurrent mark sweep GC freed 3(96B) AllocSpace objects, 0(0B) LOS objects, 37% free, 26MB/42MB, paused 551us total 45.988ms
08-04 13:16:14.202 21360 21375 I art     : Starting a blocking GC Explicit
08-04 13:16:14.249 21360 21375 I art     : Explicit concurrent mark sweep GC freed 3(96B) AllocSpace objects, 0(0B) LOS objects, 37% free, 26MB/42MB, paused 529us total 46.318ms
08-04 13:16:14.266 21360 21375 I art     : Starting a blocking GC Explicit
08-04 13:16:14.313 21360 21375 I art     : Explicit concurrent mark sweep GC freed 3(96B) AllocSpace objects, 0(0B) LOS objects, 37% free, 26MB/42MB, paused 550us total 46.750ms
08-04 13:16:14.668 21360 21763 I art     : Starting a blocking GC Explicit
08-04 13:16:14.727 21360 21763 I art     : Explicit concurrent mark sweep GC freed 1293(75KB) AllocSpace objects, 1(20KB) LOS objects, 37% free, 26MB/42MB, paused 595us total 58.434ms
08-04 13:16:14.745 21360 21763 I art     : Starting a blocking GC Explicit
08-04 13:16:14.793 21360 21763 I art     : Explicit concurrent mark sweep GC freed 18(624B) AllocSpace objects, 0(0B) LOS objects, 37% free, 26MB/42MB, paused 582us total 47.370ms
08-04 13:16:14.809 21360 21763 I art     : Starting a blocking GC Explicit
08-04 13:16:14.856 21360 21763 I art     : Explicit concurrent mark sweep GC freed 3(96B) AllocSpace objects, 0(0B) LOS objects, 37% free, 26MB/42MB, paused 521us total 46.613ms
08-04 13:16:14.872 21360 21763 I art     : Starting a blocking GC Explicit
08-04 13:16:14.911   518   646 I ThermalEngine: ACTION: GPU - Setting GPU[0] to 510000000
08-04 13:16:14.915 21360 21763 I art     : Explicit concurrent mark sweep GC freed 3(96B) AllocSpace objects, 0(0B) LOS objects, 37% free, 26MB/42MB, paused 535us total 42.633ms
08-04 13:16:14.931 21360 21763 I art     : Starting a blocking GC Explicit
08-04 13:16:14.970 21360 21763 I art     : Explicit concurrent mark sweep GC freed 3(96B) AllocSpace objects, 0(0B) LOS objects, 37% free, 26MB/42MB, paused 394us total 38.208ms
08-04 13:16:15.274 21360 21592 I art     : Starting a blocking GC Explicit
08-04 13:16:15.317 21360 21592 I art     : Explicit concurrent mark sweep GC freed 1293(75KB) AllocSpace objects, 1(20KB) LOS objects, 37% free, 26MB/42MB, paused 464us total 42.318ms
08-04 13:16:15.332 21360 21592 I art     : Starting a blocking GC Explicit
08-04 13:16:15.367 22978 22978 D AndroidRuntime: >>>>>> START com.android.internal.os.RuntimeInit uid 2000 <<<<<<
08-04 13:16:15.367 21360 21592 I art     : Explicit concurrent mark sweep GC freed 18(624B) AllocSpace objects, 0(0B) LOS objects, 37% free, 26MB/42MB, paused 523us total 34.599ms
08-04 13:16:15.372 22978 22978 D AndroidRuntime: CheckJNI is OFF
08-04 13:16:15.379 21360 21592 I art     : Starting a blocking GC Explicit
08-04 13:16:15.406 22978 22978 D ICU     : No timezone override file found: /data/misc/zoneinfo/current/icu/icu_tzdata.dat
08-04 13:16:15.412 21360 21592 I art     : Explicit concurrent mark sweep GC freed 3(96B) AllocSpace objects, 0(0B) LOS objects, 37% free, 26MB/42MB, paused 407us total 32.304ms
08-04 13:16:15.424 21360 21592 I art     : Starting a blocking GC Explicit
08-04 13:16:15.440 22978 22978 I Radio-JNI: register_android_hardware_Radio DONE
08-04 13:16:15.457 21360 21592 I art     : Explicit concurrent mark sweep GC freed 3(96B) AllocSpace objects, 0(0B) LOS objects, 37% free, 26MB/42MB, paused 403us total 32.870ms
08-04 13:16:15.457 21360 21374 I art     : WaitForGcToComplete blocked for 13.415ms for cause HeapTrim
08-04 13:16:15.461 22978 22978 D AndroidRuntime: Calling main entry com.android.commands.am.Am
08-04 13:16:15.468 21360 21592 I art     : Starting a blocking GC Explicit
08-04 13:16:15.472  2375  2375 I Trepn   : Trepn 6.2s: Received intent: com.quicinc.trepn.stop_profiling
08-04 13:16:15.499 21360 21592 I art     : Explicit concurrent mark sweep GC freed 3(96B) AllocSpace objects, 0(0B) LOS objects, 37% free, 26MB/42MB, paused 373us total 30.468ms
08-04 13:16:15.639  2375  2375 I Trepn   : Trepn 6.2s: Trepn has Stopped Profiling.
08-04 13:16:15.789 21360 21879 I art     : Starting a blocking GC Explicit
08-04 13:16:15.832 21360 21879 I art     : Explicit concurrent mark sweep GC freed 1293(75KB) AllocSpace objects, 1(20KB) LOS objects, 37% free, 26MB/42MB, paused 419us total 42.354ms
08-04 13:16:15.845 21360 21879 I art     : Starting a blocking GC Explicit
08-04 13:16:15.872 22978 22978 D AndroidRuntime: Shutting down VM
08-04 13:16:15.875   918  3961 W AppOps  : Finishing op nesting under-run: uid 10078 pkg com.quicinc.trepn code 24 time=0 duration=0 nesting=0
08-04 13:16:15.879 21360 21879 I art     : Explicit concurrent mark sweep GC freed 18(624B) AllocSpace objects, 0(0B) LOS objects, 37% free, 26MB/42MB, paused 442us total 34.240ms
08-04 13:16:15.892 21360 21879 I art     : Starting a blocking GC Explicit
08-04 13:16:15.920 21360 21879 I art     : Explicit concurrent mark sweep GC freed 3(96B) AllocSpace objects, 0(0B) LOS objects, 37% free, 26MB/42MB, paused 352us total 27.614ms
08-04 13:16:15.930 21360 21879 I art     : Starting a blocking GC Explicit
08-04 13:16:15.959 21360 21879 I art     : Explicit concurrent mark sweep GC freed 3(96B) AllocSpace objects, 0(0B) LOS objects, 37% free, 26MB/42MB, paused 376us total 28.093ms
08-04 13:16:15.970 21360 21879 I art     : Starting a blocking GC Explicit
08-04 13:16:16.000 21360 21879 I art     : Explicit concurrent mark sweep GC freed 3(96B) AllocSpace objects, 0(0B) LOS objects, 37% free, 26MB/42MB, paused 398us total 30.562ms
08-04 13:16:16.065 13866 13882 I PeriodicStatsRunner: PeriodicStatsRunner.call():175 call()
08-04 13:16:16.065 13866 13882 I PeriodicStatsRunner: PeriodicStatsRunner.call():179 No submit PeriodicStats since input started.
08-04 13:16:16.306 21360 21377 I art     : Starting a blocking GC Explicit
08-04 13:16:16.342 21360 21377 I art     : Explicit concurrent mark sweep GC freed 1293(75KB) AllocSpace objects, 1(20KB) LOS objects, 37% free, 26MB/42MB, paused 480us total 35.577ms
08-04 13:16:16.355 21360 21377 I art     : Starting a blocking GC Explicit
08-04 13:16:16.389 21360 21377 I art     : Explicit concurrent mark sweep GC freed 18(624B) AllocSpace objects, 0(0B) LOS objects, 37% free, 26MB/42MB, paused 395us total 33.568ms
08-04 13:16:16.401 21360 21377 I art     : Starting a blocking GC Explicit
08-04 13:16:16.435 21360 21377 I art     : Explicit concurrent mark sweep GC freed 3(96B) AllocSpace objects, 0(0B) LOS objects, 37% free, 26MB/42MB, paused 389us total 33.306ms
08-04 13:16:16.447 21360 21377 I art     : Starting a blocking GC Explicit
08-04 13:16:16.481 21360 21377 I art     : Explicit concurrent mark sweep GC freed 3(96B) AllocSpace objects, 0(0B) LOS objects, 37% free, 26MB/42MB, paused 418us total 33.176ms
08-04 13:16:16.494 21360 21377 I art     : Starting a blocking GC Explicit
08-04 13:16:16.526 21360 21377 I art     : Explicit concurrent mark sweep GC freed 3(96B) AllocSpace objects, 0(0B) LOS objects, 37% free, 26MB/42MB, paused 445us total 32.333ms
