--------- beginning of main
08-04 12:05:47.633   918   930 W ResourceType: ResTable_typeSpec entry count inconsistent: given 37, previously 42
08-04 12:05:47.633   918   930 W ResourceType: ResTable_typeSpec entry count inconsistent: given 2527, previously 2530
08-04 12:05:47.634   918   930 W ResourceType: ResTable_typeSpec entry count inconsistent: given 2542, previously 2545
08-04 12:05:47.634   918   930 W ResourceType: ResTable_typeSpec entry count inconsistent: given 303, previously 1691
08-04 12:05:47.638  3784  3784 D CarrierServiceBindHelper: Receive action: android.intent.action.PACKAGE_ADDED
08-04 12:05:47.638   918  6110 I AccountManagerService: getTypesVisibleToCaller: isPermitted? true
08-04 12:05:47.638  3784  3784 D CarrierServiceBindHelper: Receive action: android.intent.action.PACKAGE_REPLACED
08-04 12:05:47.644 21351 21351 W System  : ClassLoader referenced unknown path: /system/app/KeyChain/lib/arm64
08-04 12:05:47.649  3784  3784 D CarrierServiceBindHelper: mHandler: 3
08-04 12:05:47.649  3784  3784 D CarrierServiceBindHelper: mHandler: 3
08-04 12:05:47.649  3784  3784 D CarrierServiceBindHelper: mHandler: 3
08-04 12:05:47.649  3784  3784 D CarrierConfigLoader: mHandler: 9 phoneId: 0
--------- beginning of system
08-04 12:05:47.651 21351 21351 W ContextImpl: Calling a method in the system process without a qualified user: android.app.ContextImpl.startService:1221 android.content.ContextWrapper.startService:581 android.content.ContextWrapper.startService:581 com.android.keychain.KeyChainBroadcastReceiver.onReceive:12 android.app.ActivityThread.handleReceiver:2725 
08-04 12:05:47.687 32231 32231 I Finsky  : [1] uah.a(18): PackageMonitorReceiverImpl - Received: android.intent.action.PACKAGE_REMOVED, [jsPREe6yOOhrMreoEvcpPvP36yUmihacpIgcKsaLph8]
08-04 12:05:47.688 32231 32231 I Finsky  : [1] ubi.d(9): Invalidating cached PackageState for baseline.com.ak.uobtimetable
08-04 12:05:47.693 24365 21373 I Fitness : FitCleanupIntentOperation received Intent android.intent.action.PACKAGE_REMOVED [CONTEXT service_id=17 ]
08-04 12:05:47.696 32231 32231 I Finsky  : [1] lzi.c(2): Frosting ID looked up on UI thread. Caller should move to a background thread.
08-04 12:05:47.738 32231 32231 I Finsky  : [1] nqb.c(3): Installer: package baseline.com.ak.uobtimetable was removed. replacing: true
08-04 12:05:47.739 32231 32231 I Finsky  : [1] nra.a(188): Installer: Notifying status update. package=baseline.com.ak.uobtimetable, status=UNINSTALLED
08-04 12:05:47.767   918  5481 I AccountManagerService: getTypesVisibleToCaller: isPermitted? true
08-04 12:05:47.795 32231 32231 I Finsky  : [1] lzi.c(2): Frosting ID looked up on UI thread. Caller should move to a background thread.
08-04 12:05:47.821 32231 21387 I Finsky  : [5898] ejf.a(-1): Cancelled 0 ongoing asset module downloads for package baseline.com.ak.uobtimetable due to a concurrent app update.
08-04 12:05:47.823 32231 32231 I Finsky  : [1] nra.a(220): Installer: found apps to install. isMultiUserMode=false, apps=[]
08-04 12:05:47.844 32231 32350 I Finsky  : [5755] odj.b(52): IQ: Notifying installation update. package=baseline.com.ak.uobtimetable, status=UNINSTALLED
08-04 12:05:47.938 32231 21374 I Finsky  : [5896] lyv.run(-1): Wrote row to frosting DB: 2252
08-04 12:05:47.960 32231 32350 I Finsky  : [5755] odj.b(40): IQ: No matching installs to run for jobs: []
08-04 12:05:48.014 32231 21374 I Finsky  : [5896] lyv.run(-1): Wrote row to frosting DB: 2253
08-04 12:05:48.028 24577 21380 I Auth    : [SupervisedAccountIntentOperation] onHandleIntent(): android.intent.action.PACKAGE_ADDED
08-04 12:05:48.030 32231 32231 I Finsky  : [1] uah.a(18): PackageMonitorReceiverImpl - Received: android.intent.action.PACKAGE_ADDED, [jsPREe6yOOhrMreoEvcpPvP36yUmihacpIgcKsaLph8]
08-04 12:05:48.030 32231 32231 I Finsky  : [1] ubi.d(9): Invalidating cached PackageState for baseline.com.ak.uobtimetable
08-04 12:05:48.044 24577 21385 I ChromeSync: [Sync,SyncIntentOperation] Handling the intent: Intent { act=android.intent.action.PACKAGE_ADDED dat=package:baseline.com.ak.uobtimetable flg=0x4000010 cmp=com.google.android.gms/.chimera.GmsIntentOperationService (has extras) }.
08-04 12:05:48.106 32231 32231 I Finsky  : [1] lzi.c(2): Frosting ID looked up on UI thread. Caller should move to a background thread.
08-04 12:05:48.112 32231 21384 I Finsky  : [5897] gzn.a(-1): [ContentSync] finished, scheduled=false
08-04 12:05:48.119 32231 32231 I Finsky  : [1] agsx.a(4): Do not start WearSupportService due to Wear service optimization
08-04 12:05:48.122 32231 21387 I Finsky  : [5898] ejc.a(-1): Asset module broadcast after update successful for package baseline.com.ak.uobtimetable. 0 sessions broadcast.
08-04 12:05:48.139 32231 32231 I Finsky  : [1] lzi.c(2): Frosting ID looked up on UI thread. Caller should move to a background thread.
08-04 12:05:48.143   918  5481 W ActivityManager: Unable to start service Intent { act=com.google.android.gms.auth.key.retrieval.service.START pkg=com.google.android.gms } U=0: not found
08-04 12:05:48.148   918   929 I AccountManagerService: getTypesVisibleToCaller: isPermitted? true
08-04 12:05:48.150 24577 21385 I ChromeSync: [Persistence,AffiliationManager] One of affiliation or grouping data for android://bz0hZa4nAJEtd0n5sRlXG7KAqctUMWVefv7Ki4mh1p6slZ9YO-n9gS9j8m9YCrsIyI2wIxrDHraumF9Y6pBLTA==@baseline.com.ak.uobtimetable/ was not found. Marking affiliation data as stale...
08-04 12:05:48.159   918  3961 W ActivityManager: Unbind failed: could not find connection for android.os.BinderProxy@c578314
08-04 12:05:48.166 21396 21396 D AndroidRuntime: >>>>>> START com.android.internal.os.RuntimeInit uid 2000 <<<<<<
08-04 12:05:48.169 21396 21396 D AndroidRuntime: CheckJNI is OFF
08-04 12:05:48.177 24577 24621 E GmsClient: unable to connect to service: com.google.android.gms.auth.key.retrieval.service.START on com.google.android.gms
08-04 12:05:48.192 21396 21396 D ICU     : No timezone override file found: /data/misc/zoneinfo/current/icu/icu_tzdata.dat
08-04 12:05:48.195 24577 21386 I FontLog : Package baseline.com.ak.uobtimetable has no metadata [CONTEXT service_id=132 ]
08-04 12:05:48.227 21396 21396 I Radio-JNI: register_android_hardware_Radio DONE
08-04 12:05:48.242 21396 21396 D AndroidRuntime: Calling main entry com.android.commands.monkey.Monkey
08-04 12:05:48.244 32231 21374 I Finsky  : [5896] lyv.run(-1): Wrote row to frosting DB: 2254
08-04 12:05:48.258   918   931 W BroadcastQueue: Skipping deliver [background] BroadcastRecord{6f672b9 u-1 android.net.conn.CONNECTIVITY_CHANGE} to ReceiverList{1f966fe 21396 (unknown name)/2000/u-1 remote:5ea8503}: process crashing
08-04 12:05:48.262   918  3670 I AccountManagerService: getTypesVisibleToCaller: isPermitted? true
08-04 12:05:48.286   918  6110 I ActivityManager: START u0 {act=android.intent.action.MAIN cat=[android.intent.category.LAUNCHER] flg=0x10200000 cmp=baseline.com.ak.uobtimetable/.MainActivity} from uid 2000 on display 0
08-04 12:05:48.302 32231 21374 I Finsky  : [5896] lyv.run(-1): Wrote row to frosting DB: 2255
08-04 12:05:48.310   918  3696 I ActivityManager: Start proc 21416:baseline.com.ak.uobtimetable/u0a659 for activity baseline.com.ak.uobtimetable/.MainActivity
08-04 12:05:48.310 21416 21416 I art     : Late-enabling -Xcheck:jni
08-04 12:05:48.313 21396 21396 I art     : System.exit called, status: 0
08-04 12:05:48.313 21396 21396 I AndroidRuntime: VM exiting with result code 0.
08-04 12:05:48.360 21416 21416 W System  : ClassLoader referenced unknown path: /data/app/baseline.com.ak.uobtimetable-1/lib/arm64
08-04 12:05:48.369 21416 21416 E Application: Can't init Bugsnag - No key
08-04 12:05:48.369 21416 21416 E Application: java.lang.Exception: Can't init Bugsnag - No key
08-04 12:05:48.369 21416 21416 E Application: 	at baseline.com.ak.uobtimetable.Utilities.Logging.Logger.error(Logger.java:79)
08-04 12:05:48.369 21416 21416 E Application: 	at baseline.com.ak.uobtimetable.MyApplication.onCreate(MyApplication.java:52)
08-04 12:05:48.369 21416 21416 E Application: 	at android.app.Instrumentation.callApplicationOnCreate(Instrumentation.java:1013)
08-04 12:05:48.369 21416 21416 E Application: 	at android.app.ActivityThread.handleBindApplication(ActivityThread.java:4707)
08-04 12:05:48.369 21416 21416 E Application: 	at android.app.ActivityThread.-wrap1(ActivityThread.java)
08-04 12:05:48.369 21416 21416 E Application: 	at android.app.ActivityThread$H.handleMessage(ActivityThread.java:1405)
08-04 12:05:48.369 21416 21416 E Application: 	at android.os.Handler.dispatchMessage(Handler.java:102)
08-04 12:05:48.369 21416 21416 E Application: 	at android.os.Looper.loop(Looper.java:148)
08-04 12:05:48.369 21416 21416 E Application: 	at android.app.ActivityThread.main(ActivityThread.java:5417)
08-04 12:05:48.369 21416 21416 E Application: 	at java.lang.reflect.Method.invoke(Native Method)
08-04 12:05:48.369 21416 21416 E Application: 	at com.android.internal.os.ZygoteInit$MethodAndArgsCaller.run(ZygoteInit.java:726)
08-04 12:05:48.369 21416 21416 E Application: 	at com.android.internal.os.ZygoteInit.main(ZygoteInit.java:616)
08-04 12:05:48.372 21416 21416 I Application: API level: 23
08-04 12:05:48.373 21416 21416 I Application: API level name: M
08-04 12:05:48.390 21416 21416 I Application: Target API level: 29
08-04 12:05:48.391 21416 21416 I Application: Git commit hash: d26bf1fa
08-04 12:05:48.391 21416 21416 I Application: Git branch: master
08-04 12:05:48.391 21416 21416 I Application: Build type: Debug
08-04 12:05:48.395  2075 17088 I PBSessionCacheImpl: Deleted sessionId[9127543042550561] from persistence.
08-04 12:05:48.395 21416 21416 I Application: Build keys: Release
08-04 12:05:48.396 21416 21416 I Application: Version code: 21
08-04 12:05:48.397 21416 21416 I Application: Version name: 2.5
08-04 12:05:48.397 21416 21416 I Application: Build date: 22:30 03/08/20
08-04 12:05:48.398 21416 21416 I Application: Package update date: 23:10 03/08/20
08-04 12:05:48.399 21416 21416 I SettingsManager: Getting int: launchCount
08-04 12:05:48.399 21416 21416 I SettingsManager: Setting int: launchCount
08-04 12:05:48.400  2075  2107 W SearchServiceCore: Abort, client detached.
08-04 12:05:48.401  2075  2107 I MicroDetectionState: Should stop hotword detection immediately - true
08-04 12:05:48.402 32231 32231 I Finsky  : [1] xmu.a(8): SCH: Jobs in database: 1-1337 3-191 3-192 12-1 24-77777777 26-1414141414 
08-04 12:05:48.404 32231 32231 I Finsky  : [1] xio.a(57): SCH: ConstraintMapping: 24-77777777,  -> L: 0ms, D: 32652434ms, C: false, I: true, N: 0
08-04 12:05:48.405 32231 32231 I Finsky  : [1] xio.a(57): SCH: ConstraintMapping: 1-1337, 12-1,  -> L: 14419ms, D: 36004510ms, C: false, I: false, N: 1
08-04 12:05:48.405 32231 32231 I Finsky  : [1] xio.a(57): SCH: ConstraintMapping: 3-191,  -> L: 0ms, D: 76714381ms, C: false, I: true, N: 2
08-04 12:05:48.406 32231 32231 I Finsky  : [1] xio.a(57): SCH: ConstraintMapping: 3-192,  -> L: 0ms, D: 76714454ms, C: true, I: true, N: 2
08-04 12:05:48.406 32231 32231 I Finsky  : [1] xio.a(57): SCH: ConstraintMapping: 26-1414141414,  -> L: 40117633ms, D: 41017633ms, C: false, I: false, N: 0
08-04 12:05:48.409 32231 21384 I Finsky  : [5897] gzn.a(-1): [ContentSync] finished, scheduled=true
08-04 12:05:48.420   918   928 W BackupManagerService: dataChanged but no participant pkg='baseline.com.ak.uobtimetable' uid=10659
08-04 12:05:48.420 21416 21416 I Application: Launch count: 1
08-04 12:05:48.422 32231 32231 I Finsky  : [1] xle.a(34): Cancelling existing jobscheduler jobs: 9002 9011 9000 9013 9015 9010 9007 9009 9008 9012 
08-04 12:05:48.423 32231 32231 I Finsky  : [1] xle.a(27): Scheduling job Id: 9001, L: 0, D: 32652434, C: false, I: true, N: 0
08-04 12:05:48.423 21416 21416 I Application: Network: TYPE_WIFI
08-04 12:05:48.423 21416 21416 I Application: Tablet layout: false
08-04 12:05:48.424 32231 32231 I Finsky  : [1] xle.a(27): Scheduling job Id: 9003, L: 14419, D: 36004510, C: false, I: false, N: 1
08-04 12:05:48.427 32231 32231 I Finsky  : [1] xle.a(27): Scheduling job Id: 9004, L: 0, D: 76714381, C: false, I: true, N: 2
08-04 12:05:48.429 32231 32231 I Finsky  : [1] xle.a(27): Scheduling job Id: 9005, L: 0, D: 76714454, C: true, I: true, N: 2
08-04 12:05:48.434 32231 32231 I Finsky  : [1] xle.a(27): Scheduling job Id: 9006, L: 40117633, D: 41017633, C: false, I: false, N: 0
08-04 12:05:48.435 32231 32231 I Finsky  : [1] xle.a(27): Scheduling job Id: 9014, L: 0, D: 32652434, C: false, I: true, N: 0
08-04 12:05:48.437 32231 32231 I Finsky  : [1] xle.a(27): Scheduling job Id: 9016, L: 14419, D: 36004510, C: false, I: false, N: 1
08-04 12:05:48.438 32231 32231 I Finsky  : [1] xle.a(27): Scheduling job Id: 9017, L: 0, D: 76714381, C: false, I: true, N: 2
08-04 12:05:48.440 32231 32231 I Finsky  : [1] xle.a(27): Scheduling job Id: 9018, L: 0, D: 76714454, C: true, I: true, N: 2
08-04 12:05:48.442 32231 32231 I Finsky  : [1] xle.a(27): Scheduling job Id: 9019, L: 40117633, D: 41017633, C: false, I: false, N: 0
08-04 12:05:48.443 21416 21416 W art     : Before Android 4.1, method android.graphics.PorterDuffColorFilter androidx.vectordrawable.graphics.drawable.VectorDrawableCompat.updateTintFilter(android.graphics.PorterDuffColorFilter, android.content.res.ColorStateList, android.graphics.PorterDuff$Mode) would have incorrectly overridden the package-private method in android.graphics.drawable.Drawable
08-04 12:05:48.462 21416 21416 I art     : Rejecting re-init on previously-failed class java.lang.Class<androidx.core.view.ViewCompat$OnUnhandledKeyEventListenerWrapper>
08-04 12:05:48.462 21416 21416 I art     : Rejecting re-init on previously-failed class java.lang.Class<androidx.core.view.ViewCompat$OnUnhandledKeyEventListenerWrapper>
08-04 12:05:48.469   918  6110 I AccountManagerService: getTypesVisibleToCaller: isPermitted? true
08-04 12:05:48.475 24577 13294 I Icing   : IndexChimeraService.getServiceInterface callingPackage=com.google.android.gms componentName=AppsCorpus serviceId=36
08-04 12:05:48.498 24577 22343 W Icing   : No valid account for uploading user actions
08-04 12:05:48.527 24577 13293 I Icing   : IndexChimeraService.getServiceInterface callingPackage=com.google.android.gms componentName=null serviceId=30
08-04 12:05:48.537 21416 21416 D MainActivity: onCreate
08-04 12:05:48.538 21416 21416 I SettingsManager: Getting string: savedSessions
08-04 12:05:48.538 21416 21416 I Settings: No saved sessions
08-04 12:05:48.567 21416 21416 I SettingsManager: Getting string: savedCourse
08-04 12:05:48.574   918   929 I ActivityManager: START u0 {flg=0x14000000 cmp=baseline.com.ak.uobtimetable/.WelcomeActivity} from uid 10659 on display 0
08-04 12:05:48.583 21416 21416 D MainActivity: OnResume
08-04 12:05:48.589 21416 21432 D OpenGLRenderer: Use EGL_SWAP_BEHAVIOR_PRESERVED: true
08-04 12:05:48.593 24577 22343 I Icing   : Usage reports ok 3, Failed Usage reports 0, indexed 0, rejected 0
08-04 12:05:48.596 24577 22343 W Icing   : No valid account for uploading user actions
08-04 12:05:48.597 21416 21416 D MainActivity: OnPause
08-04 12:05:48.607 24577 22343 I Icing   : Usage reports ok 0, Failed Usage reports 0, indexed 0, rejected 0
08-04 12:05:48.609 24577 22343 I Icing   : Indexing com.google.android.gms-internal.3p:MobileApplication from com.google.android.gms using seqno 763
08-04 12:05:48.613 24577 22343 I Icing   : Indexing com.google.android.gms-internal.3p:MobileApplication from com.google.android.gms using seqno 763
08-04 12:05:48.645 24577 13293 I Icing   : IndexChimeraService.getServiceInterface callingPackage=com.google.android.gms componentName=null serviceId=36
08-04 12:05:48.650 24577 22343 W Icing   : No valid account for uploading user actions
08-04 12:05:48.688 24577 22343 I Icing   : Usage reports ok 1, Failed Usage reports 0, indexed 0, rejected 0
08-04 12:05:48.722 21416 21432 I Adreno  : QUALCOMM build                   : fcf4852, I1af360237c
08-04 12:05:48.722 21416 21432 I Adreno  : Build Date                       : 09/23/15
08-04 12:05:48.722 21416 21432 I Adreno  : OpenGL ES Shader Compiler Version: XE031.05.13.02
08-04 12:05:48.722 21416 21432 I Adreno  : Local Branch                     : mybranch14465806
08-04 12:05:48.722 21416 21432 I Adreno  : Remote Branch                    : quic/LA.BF64.1.2.9_v2
08-04 12:05:48.722 21416 21432 I Adreno  : Remote Branch                    : NONE
08-04 12:05:48.722 21416 21432 I Adreno  : Reconstruct Branch               : NOTHING
08-04 12:05:48.734 21416 21432 I OpenGLRenderer: Initialized EGL, version 1.4
08-04 12:05:48.926   918   936 I ActivityManager: Displayed baseline.com.ak.uobtimetable/.WelcomeActivity: +323ms (total +631ms)
08-04 12:05:48.935 13866 13866 I GoogleInputMethodServic: GoogleInputMethodService.onFinishInput():3138 
08-04 12:05:48.937 13866 13866 I GoogleInputMethodServic: GoogleInputMethodService.onStartInput():1808 
08-04 12:05:49.110 21416 21416 D MainActivity: Saving state
08-04 12:05:49.595 24577 22343 I Icing   : Indexing com.google.android.gms-apps from com.google.android.gms
08-04 12:05:49.676 24577 22343 I Icing   : Indexing done com.google.android.gms-apps
08-04 12:05:49.899 21446 21446 D AndroidRuntime: >>>>>> START com.android.internal.os.RuntimeInit uid 2000 <<<<<<
08-04 12:05:49.905 21446 21446 D AndroidRuntime: CheckJNI is OFF
08-04 12:05:49.937 21446 21446 D ICU     : No timezone override file found: /data/misc/zoneinfo/current/icu/icu_tzdata.dat
08-04 12:05:49.975 21446 21446 I Radio-JNI: register_android_hardware_Radio DONE
08-04 12:05:49.993 21446 21446 D AndroidRuntime: Calling main entry com.android.commands.am.Am
08-04 12:05:50.007  2375  2375 I Trepn   : Trepn 6.2s: Received intent: com.quicinc.trepn.start_profiling
08-04 12:05:50.159  2375  2375 W FileUtils: Failed to chmod(/storage/emulated/0/trepn/Trepn_2020.08.04_120550.db): android.system.ErrnoException: chmod failed: EPERM (Operation not permitted)
08-04 12:05:50.313  2375  2375 I Trepn   : Trepn 6.2s: Trepn has Started Profiling.
08-04 12:05:50.314 21446 21446 D AndroidRuntime: Shutting down VM
08-04 12:05:50.782 21416 21428 I art     : Starting a blocking GC Explicit
08-04 12:05:50.800 21416 21428 I art     : Explicit concurrent mark sweep GC freed 2662(484KB) AllocSpace objects, 2(1340KB) LOS objects, 40% free, 21MB/36MB, paused 121us total 17.831ms
08-04 12:05:50.807 21416 21428 I art     : Starting a blocking GC Explicit
08-04 12:05:50.818 21416 21428 I art     : Explicit concurrent mark sweep GC freed 389(17KB) AllocSpace objects, 0(0B) LOS objects, 40% free, 21MB/36MB, paused 106us total 10.741ms
08-04 12:05:50.825 21416 21428 I art     : Starting a blocking GC Explicit
08-04 12:05:50.835 21416 21428 I art     : Explicit concurrent mark sweep GC freed 3(96B) AllocSpace objects, 0(0B) LOS objects, 40% free, 21MB/36MB, paused 100us total 10.009ms
08-04 12:05:50.841 21416 21428 I art     : Starting a blocking GC Explicit
08-04 12:05:50.850 21416 21428 I art     : Explicit concurrent mark sweep GC freed 3(96B) AllocSpace objects, 0(0B) LOS objects, 40% free, 21MB/36MB, paused 103us total 9.534ms
08-04 12:05:50.856 21416 21428 I art     : Starting a blocking GC Explicit
08-04 12:05:50.866 21416 21428 I art     : Explicit concurrent mark sweep GC freed 3(96B) AllocSpace objects, 0(0B) LOS objects, 40% free, 21MB/36MB, paused 96us total 9.728ms
08-04 12:05:51.153 21416 21429 I art     : Starting a blocking GC Explicit
08-04 12:05:51.171 21416 21429 I art     : Explicit concurrent mark sweep GC freed 1272(74KB) AllocSpace objects, 1(20KB) LOS objects, 40% free, 21MB/36MB, paused 173us total 17.518ms
08-04 12:05:51.182 21416 21429 I art     : Starting a blocking GC Explicit
08-04 12:05:51.193 21416 21429 I art     : Explicit concurrent mark sweep GC freed 18(624B) AllocSpace objects, 0(0B) LOS objects, 40% free, 21MB/36MB, paused 106us total 10.896ms
08-04 12:05:51.200 21416 21429 I art     : Starting a blocking GC Explicit
08-04 12:05:51.210 21416 21429 I art     : Explicit concurrent mark sweep GC freed 3(96B) AllocSpace objects, 0(0B) LOS objects, 40% free, 21MB/36MB, paused 99us total 10.278ms
08-04 12:05:51.216 21416 21429 I art     : Starting a blocking GC Explicit
08-04 12:05:51.226 21416 21429 I art     : Explicit concurrent mark sweep GC freed 3(96B) AllocSpace objects, 0(0B) LOS objects, 40% free, 21MB/36MB, paused 102us total 10.210ms
08-04 12:05:51.232 21416 21429 I art     : Starting a blocking GC Explicit
08-04 12:05:51.243 21416 21429 I art     : Explicit concurrent mark sweep GC freed 3(96B) AllocSpace objects, 0(0B) LOS objects, 40% free, 21MB/36MB, paused 96us total 10.107ms
08-04 12:05:51.527 21416 21428 I art     : Starting a blocking GC Explicit
08-04 12:05:51.539 21416 21428 I art     : Explicit concurrent mark sweep GC freed 1270(74KB) AllocSpace objects, 1(20KB) LOS objects, 40% free, 21MB/36MB, paused 123us total 12.540ms
08-04 12:05:51.546 21416 21428 I art     : Starting a blocking GC Explicit
08-04 12:05:51.558 21416 21428 I art     : Explicit concurrent mark sweep GC freed 18(624B) AllocSpace objects, 0(0B) LOS objects, 40% free, 21MB/36MB, paused 108us total 10.815ms
08-04 12:05:51.564 21416 21428 I art     : Starting a blocking GC Explicit
08-04 12:05:51.574 21416 21428 I art     : Explicit concurrent mark sweep GC freed 3(96B) AllocSpace objects, 0(0B) LOS objects, 40% free, 21MB/36MB, paused 99us total 10.542ms
08-04 12:05:51.581 21416 21428 I art     : Starting a blocking GC Explicit
08-04 12:05:51.591 21416 21428 I art     : Explicit concurrent mark sweep GC freed 3(96B) AllocSpace objects, 0(0B) LOS objects, 40% free, 21MB/36MB, paused 94us total 10.441ms
08-04 12:05:51.597 21416 21428 I art     : Starting a blocking GC Explicit
08-04 12:05:51.607 21416 21428 I art     : Explicit concurrent mark sweep GC freed 3(96B) AllocSpace objects, 0(0B) LOS objects, 40% free, 21MB/36MB, paused 91us total 9.877ms
08-04 12:05:51.896 21416 21429 I art     : Starting a blocking GC Explicit
08-04 12:05:51.911 21416 21429 I art     : Explicit concurrent mark sweep GC freed 1268(74KB) AllocSpace objects, 1(20KB) LOS objects, 40% free, 21MB/36MB, paused 158us total 15.208ms
08-04 12:05:51.921 21416 21429 I art     : Starting a blocking GC Explicit
08-04 12:05:51.932 21416 21429 I art     : Explicit concurrent mark sweep GC freed 18(624B) AllocSpace objects, 0(0B) LOS objects, 40% free, 21MB/36MB, paused 107us total 10.659ms
08-04 12:05:51.938 21416 21429 I art     : Starting a blocking GC Explicit
08-04 12:05:51.948 21416 21429 I art     : Explicit concurrent mark sweep GC freed 3(96B) AllocSpace objects, 0(0B) LOS objects, 40% free, 21MB/36MB, paused 102us total 10.330ms
08-04 12:05:51.954 21416 21429 I art     : Starting a blocking GC Explicit
08-04 12:05:51.965 21416 21429 I art     : Explicit concurrent mark sweep GC freed 3(96B) AllocSpace objects, 0(0B) LOS objects, 40% free, 21MB/36MB, paused 98us total 10.203ms
08-04 12:05:51.970 21416 21429 I art     : Starting a blocking GC Explicit
08-04 12:05:51.981 21416 21429 I art     : Explicit concurrent mark sweep GC freed 3(96B) AllocSpace objects, 0(0B) LOS objects, 40% free, 21MB/36MB, paused 97us total 9.873ms
08-04 12:05:52.270 21416 21428 I art     : Starting a blocking GC Explicit
08-04 12:05:52.285 21416 21428 I art     : Explicit concurrent mark sweep GC freed 1268(74KB) AllocSpace objects, 1(20KB) LOS objects, 40% free, 21MB/36MB, paused 144us total 15.131ms
08-04 12:05:52.295 21416 21428 I art     : Starting a blocking GC Explicit
08-04 12:05:52.306 21416 21428 I art     : Explicit concurrent mark sweep GC freed 18(624B) AllocSpace objects, 0(0B) LOS objects, 40% free, 21MB/36MB, paused 109us total 10.831ms
08-04 12:05:52.313 21416 21428 I art     : Starting a blocking GC Explicit
08-04 12:05:52.323 21416 21428 I art     : Explicit concurrent mark sweep GC freed 3(96B) AllocSpace objects, 0(0B) LOS objects, 40% free, 21MB/36MB, paused 98us total 10.218ms
08-04 12:05:52.330 21416 21428 I art     : Starting a blocking GC Explicit
08-04 12:05:52.340 21416 21428 I art     : Explicit concurrent mark sweep GC freed 3(96B) AllocSpace objects, 0(0B) LOS objects, 40% free, 21MB/36MB, paused 101us total 9.812ms
08-04 12:05:52.345 21416 21428 I art     : Starting a blocking GC Explicit
08-04 12:05:52.355 21416 21428 I art     : Explicit concurrent mark sweep GC freed 3(96B) AllocSpace objects, 0(0B) LOS objects, 40% free, 21MB/36MB, paused 97us total 10.004ms
08-04 12:05:52.648 21416 21429 I art     : Starting a blocking GC Explicit
08-04 12:05:52.661 21416 21429 I art     : Explicit concurrent mark sweep GC freed 1268(74KB) AllocSpace objects, 1(20KB) LOS objects, 40% free, 21MB/36MB, paused 124us total 12.706ms
08-04 12:05:52.668 21416 21429 I art     : Starting a blocking GC Explicit
08-04 12:05:52.678 21416 21429 I art     : Explicit concurrent mark sweep GC freed 18(624B) AllocSpace objects, 0(0B) LOS objects, 40% free, 21MB/36MB, paused 105us total 10.393ms
08-04 12:05:52.684 21416 21429 I art     : Starting a blocking GC Explicit
08-04 12:05:52.695 21416 21429 I art     : Explicit concurrent mark sweep GC freed 3(96B) AllocSpace objects, 0(0B) LOS objects, 40% free, 21MB/36MB, paused 101us total 10.167ms
08-04 12:05:52.700 21416 21429 I art     : Starting a blocking GC Explicit
08-04 12:05:52.710 21416 21429 I art     : Explicit concurrent mark sweep GC freed 3(96B) AllocSpace objects, 0(0B) LOS objects, 40% free, 21MB/36MB, paused 91us total 9.348ms
08-04 12:05:52.716 21416 21429 I art     : Starting a blocking GC Explicit
08-04 12:05:52.724 21416 21429 I art     : Explicit concurrent mark sweep GC freed 3(96B) AllocSpace objects, 0(0B) LOS objects, 40% free, 21MB/36MB, paused 87us total 8.487ms
08-04 12:05:53.017 21416 21428 I art     : Starting a blocking GC Explicit
08-04 12:05:53.034 21416 21428 I art     : Explicit concurrent mark sweep GC freed 1268(74KB) AllocSpace objects, 1(20KB) LOS objects, 40% free, 21MB/36MB, paused 165us total 17.418ms
08-04 12:05:53.044 21416 21428 I art     : Starting a blocking GC Explicit
08-04 12:05:53.055 21416 21428 I art     : Explicit concurrent mark sweep GC freed 18(624B) AllocSpace objects, 0(0B) LOS objects, 40% free, 21MB/36MB, paused 109us total 10.583ms
08-04 12:05:53.061 21416 21428 I art     : Starting a blocking GC Explicit
08-04 12:05:53.072 21416 21428 I art     : Explicit concurrent mark sweep GC freed 3(96B) AllocSpace objects, 0(0B) LOS objects, 40% free, 21MB/36MB, paused 104us total 10.269ms
08-04 12:05:53.078 21416 21428 I art     : Starting a blocking GC Explicit
08-04 12:05:53.088 21416 21428 I art     : Explicit concurrent mark sweep GC freed 3(96B) AllocSpace objects, 0(0B) LOS objects, 40% free, 21MB/36MB, paused 100us total 9.677ms
08-04 12:05:53.094 21416 21428 I art     : Starting a blocking GC Explicit
08-04 12:05:53.104 21416 21428 I art     : Explicit concurrent mark sweep GC freed 3(96B) AllocSpace objects, 0(0B) LOS objects, 40% free, 21MB/36MB, paused 104us total 9.626ms
08-04 12:05:53.407 21416 21429 I art     : Starting a blocking GC Explicit
08-04 12:05:53.427 21416 21429 I art     : Explicit concurrent mark sweep GC freed 1268(74KB) AllocSpace objects, 1(20KB) LOS objects, 40% free, 21MB/36MB, paused 161us total 19.019ms
08-04 12:05:53.437 21416 21429 I art     : Starting a blocking GC Explicit
08-04 12:05:53.450 21416 21429 I art     : Explicit concurrent mark sweep GC freed 18(624B) AllocSpace objects, 0(0B) LOS objects, 40% free, 21MB/36MB, paused 121us total 12.726ms
08-04 12:05:53.459 21416 21429 I art     : Starting a blocking GC Explicit
08-04 12:05:53.469 21416 21429 I art     : Explicit concurrent mark sweep GC freed 3(96B) AllocSpace objects, 0(0B) LOS objects, 40% free, 21MB/36MB, paused 100us total 9.958ms
08-04 12:05:53.475 21416 21429 I art     : Starting a blocking GC Explicit
08-04 12:05:53.486 21416 21429 I art     : Explicit concurrent mark sweep GC freed 3(96B) AllocSpace objects, 0(0B) LOS objects, 40% free, 21MB/36MB, paused 102us total 10.047ms
08-04 12:05:53.491 21416 21429 I art     : Starting a blocking GC Explicit
08-04 12:05:53.501 21416 21429 I art     : Explicit concurrent mark sweep GC freed 3(96B) AllocSpace objects, 0(0B) LOS objects, 40% free, 21MB/36MB, paused 96us total 9.829ms
08-04 12:05:53.809 21416 21428 I art     : Starting a blocking GC Explicit
08-04 12:05:53.824 21416 21428 I art     : Explicit concurrent mark sweep GC freed 1268(74KB) AllocSpace objects, 1(20KB) LOS objects, 40% free, 21MB/36MB, paused 129us total 14.754ms
08-04 12:05:53.834 21416 21428 I art     : Starting a blocking GC Explicit
08-04 12:05:53.845 21416 21428 I art     : Explicit concurrent mark sweep GC freed 18(624B) AllocSpace objects, 0(0B) LOS objects, 40% free, 21MB/36MB, paused 106us total 10.681ms
08-04 12:05:53.851 21416 21428 I art     : Starting a blocking GC Explicit
08-04 12:05:53.861 21416 21428 I art     : Explicit concurrent mark sweep GC freed 3(96B) AllocSpace objects, 0(0B) LOS objects, 40% free, 21MB/36MB, paused 100us total 10.150ms
08-04 12:05:53.867 21416 21428 I art     : Starting a blocking GC Explicit
08-04 12:05:53.877 21416 21428 I art     : Explicit concurrent mark sweep GC freed 3(96B) AllocSpace objects, 0(0B) LOS objects, 40% free, 21MB/36MB, paused 92us total 9.805ms
08-04 12:05:53.883 21416 21428 I art     : Starting a blocking GC Explicit
08-04 12:05:53.893 21416 21428 I art     : Explicit concurrent mark sweep GC freed 3(96B) AllocSpace objects, 0(0B) LOS objects, 40% free, 21MB/36MB, paused 101us total 9.956ms
08-04 12:05:53.936 13866 13882 I PeriodicStatsRunner: PeriodicStatsRunner.call():175 call()
08-04 12:05:53.937 13866 13882 I PeriodicStatsRunner: PeriodicStatsRunner.call():179 No submit PeriodicStats since input started.
08-04 12:05:54.199 21416 21429 I art     : Starting a blocking GC Explicit
08-04 12:05:54.211 21416 21429 I art     : Explicit concurrent mark sweep GC freed 1268(74KB) AllocSpace objects, 1(20KB) LOS objects, 40% free, 21MB/36MB, paused 108us total 12.048ms
08-04 12:05:54.217 21416 21429 I art     : Starting a blocking GC Explicit
08-04 12:05:54.228 21416 21429 I art     : Explicit concurrent mark sweep GC freed 18(624B) AllocSpace objects, 0(0B) LOS objects, 40% free, 21MB/36MB, paused 93us total 10.178ms
08-04 12:05:54.233 21416 21429 I art     : Starting a blocking GC Explicit
08-04 12:05:54.242 21416 21429 I art     : Explicit concurrent mark sweep GC freed 3(96B) AllocSpace objects, 0(0B) LOS objects, 40% free, 21MB/36MB, paused 91us total 8.907ms
08-04 12:05:54.248 21416 21429 I art     : Starting a blocking GC Explicit
08-04 12:05:54.256 21416 21429 I art     : Explicit concurrent mark sweep GC freed 3(96B) AllocSpace objects, 0(0B) LOS objects, 40% free, 21MB/36MB, paused 86us total 8.343ms
08-04 12:05:54.261 21416 21429 I art     : Starting a blocking GC Explicit
08-04 12:05:54.270 21416 21429 I art     : Explicit concurrent mark sweep GC freed 3(96B) AllocSpace objects, 0(0B) LOS objects, 40% free, 21MB/36MB, paused 93us total 8.584ms
08-04 12:05:54.540 21416 21428 I art     : Starting a blocking GC Explicit
08-04 12:05:54.556 21416 21428 I art     : Explicit concurrent mark sweep GC freed 1268(74KB) AllocSpace objects, 1(20KB) LOS objects, 40% free, 21MB/36MB, paused 138us total 15.792ms
08-04 12:05:54.565 21416 21428 I art     : Starting a blocking GC Explicit
08-04 12:05:54.576 21416 21428 I art     : Explicit concurrent mark sweep GC freed 18(624B) AllocSpace objects, 0(0B) LOS objects, 40% free, 21MB/36MB, paused 110us total 10.890ms
08-04 12:05:54.582 21416 21428 I art     : Starting a blocking GC Explicit
08-04 12:05:54.593 21416 21428 I art     : Explicit concurrent mark sweep GC freed 3(96B) AllocSpace objects, 0(0B) LOS objects, 40% free, 21MB/36MB, paused 97us total 9.982ms
08-04 12:05:54.599 21416 21428 I art     : Starting a blocking GC Explicit
08-04 12:05:54.608 21416 21428 I art     : Explicit concurrent mark sweep GC freed 3(96B) AllocSpace objects, 0(0B) LOS objects, 40% free, 21MB/36MB, paused 104us total 9.727ms
08-04 12:05:54.614 21416 21428 I art     : Starting a blocking GC Explicit
08-04 12:05:54.624 21416 21428 I art     : Explicit concurrent mark sweep GC freed 3(96B) AllocSpace objects, 0(0B) LOS objects, 40% free, 21MB/36MB, paused 100us total 9.826ms
08-04 12:05:54.896 21416 21429 I art     : Starting a blocking GC Explicit
08-04 12:05:54.911 21416 21429 I art     : Explicit concurrent mark sweep GC freed 1268(74KB) AllocSpace objects, 1(20KB) LOS objects, 40% free, 21MB/36MB, paused 122us total 14.517ms
08-04 12:05:54.920 21416 21429 I art     : Starting a blocking GC Explicit
08-04 12:05:54.931 21416 21429 I art     : Explicit concurrent mark sweep GC freed 18(624B) AllocSpace objects, 0(0B) LOS objects, 40% free, 21MB/36MB, paused 102us total 10.637ms
08-04 12:05:54.937 21416 21429 I art     : Starting a blocking GC Explicit
08-04 12:05:54.947 21416 21429 I art     : Explicit concurrent mark sweep GC freed 3(96B) AllocSpace objects, 0(0B) LOS objects, 40% free, 21MB/36MB, paused 90us total 10.207ms
08-04 12:05:54.953 21416 21429 I art     : Starting a blocking GC Explicit
08-04 12:05:54.963 21416 21429 I art     : Explicit concurrent mark sweep GC freed 3(96B) AllocSpace objects, 0(0B) LOS objects, 40% free, 21MB/36MB, paused 101us total 9.577ms
08-04 12:05:54.969 21416 21429 I art     : Starting a blocking GC Explicit
08-04 12:05:54.978 21416 21429 I art     : Explicit concurrent mark sweep GC freed 3(96B) AllocSpace objects, 0(0B) LOS objects, 40% free, 21MB/36MB, paused 94us total 9.668ms
08-04 12:05:55.219 21416 21428 I art     : Starting a blocking GC Explicit
08-04 12:05:55.230 21416 21428 I art     : Explicit concurrent mark sweep GC freed 1268(74KB) AllocSpace objects, 1(20KB) LOS objects, 40% free, 21MB/36MB, paused 104us total 10.609ms
08-04 12:05:55.236 21416 21428 I art     : Starting a blocking GC Explicit
08-04 12:05:55.245 21416 21428 I art     : Explicit concurrent mark sweep GC freed 18(624B) AllocSpace objects, 0(0B) LOS objects, 40% free, 21MB/36MB, paused 95us total 9.745ms
08-04 12:05:55.251 21416 21428 I art     : Starting a blocking GC Explicit
08-04 12:05:55.261 21416 21428 I art     : Explicit concurrent mark sweep GC freed 3(96B) AllocSpace objects, 0(0B) LOS objects, 40% free, 21MB/36MB, paused 95us total 9.813ms
08-04 12:05:55.267 21416 21428 I art     : Starting a blocking GC Explicit
08-04 12:05:55.277 21416 21428 I art     : Explicit concurrent mark sweep GC freed 3(96B) AllocSpace objects, 0(0B) LOS objects, 40% free, 21MB/36MB, paused 139us total 9.599ms
08-04 12:05:55.282 21416 21428 I art     : Starting a blocking GC Explicit
08-04 12:05:55.291 21416 21428 I art     : Explicit concurrent mark sweep GC freed 3(96B) AllocSpace objects, 0(0B) LOS objects, 40% free, 21MB/36MB, paused 102us total 9.300ms
08-04 12:05:55.461 21596 21596 D AndroidRuntime: >>>>>> START com.android.internal.os.RuntimeInit uid 2000 <<<<<<
08-04 12:05:55.466 21596 21596 D AndroidRuntime: CheckJNI is OFF
08-04 12:05:55.490 21596 21596 D ICU     : No timezone override file found: /data/misc/zoneinfo/current/icu/icu_tzdata.dat
08-04 12:05:55.516 21596 21596 I Radio-JNI: register_android_hardware_Radio DONE
08-04 12:05:55.531 21596 21596 D AndroidRuntime: Calling main entry com.android.commands.input.Input
08-04 12:05:55.533 21596 21596 I Input   : injectMotionEvent: MotionEvent { action=ACTION_DOWN, actionButton=0, id[0]=0, x[0]=711.0, y[0]=1664.0, toolType[0]=TOOL_TYPE_UNKNOWN, buttonState=0, metaState=0, flags=0x0, edgeFlags=0x0, pointerCount=1, historySize=0, eventTime=705971946, downTime=705971946, deviceId=0, source=0x1002 }
08-04 12:05:55.539 21596 21596 I Input   : injectMotionEvent: MotionEvent { action=ACTION_UP, actionButton=0, id[0]=0, x[0]=711.0, y[0]=1664.0, toolType[0]=TOOL_TYPE_UNKNOWN, buttonState=0, metaState=0, flags=0x0, edgeFlags=0x0, pointerCount=1, historySize=0, eventTime=705971946, downTime=705971946, deviceId=0, source=0x1002 }
08-04 12:05:55.541 21596 21596 D AndroidRuntime: Shutting down VM
08-04 12:05:55.549   512  2967 D audio_hw_primary: out_set_parameters: enter: usecase(1: low-latency-playback) kvpairs: routing=2
08-04 12:05:55.549   918   929 I ActivityManager: START u0 {flg=0x14000000 cmp=baseline.com.ak.uobtimetable/.CourseListActivity} from uid 10659 on display 0
08-04 12:05:55.562   512  2967 D audio_hw_primary: select_devices: out_snd_device(2: speaker) in_snd_device(0: none)
08-04 12:05:55.562   512  2967 D msm8974_platform: platform_send_audio_calibration: sending audio calibration for snd_device(2) acdb_id(15)
08-04 12:05:55.562   512  2967 I soundtrigger: audio_extn_sound_trigger_update_device_status: device 0x2 of type 0 for Event 1
08-04 12:05:55.564 21416 21429 I art     : Starting a blocking GC Explicit
08-04 12:05:55.573   512  2967 D audio_hw_primary: enable_snd_device: snd_device(2: speaker)
08-04 12:05:55.576   512  2967 D audio_hw_primary: enable_audio_route: apply and update mixer path: low-latency-playback speaker
08-04 12:05:55.577 21416 21429 I art     : Explicit concurrent mark sweep GC freed 1682(108KB) AllocSpace objects, 1(20KB) LOS objects, 40% free, 21MB/36MB, paused 261us total 12.826ms
08-04 12:05:55.583 21416 21429 I art     : Starting a blocking GC Explicit
08-04 12:05:55.594 21416 21429 I art     : Explicit concurrent mark sweep GC freed 1554(101KB) AllocSpace objects, 0(0B) LOS objects, 39% free, 21MB/36MB, paused 455us total 11.218ms
08-04 12:05:55.594 21416 21416 D CourseListActivity: onCreate
08-04 12:05:55.600 21416 21429 I art     : Starting a blocking GC Explicit
08-04 12:05:55.612 21416 21429 I art     : Explicit concurrent mark sweep GC freed 943(101KB) AllocSpace objects, 0(0B) LOS objects, 40% free, 22MB/36MB, paused 247us total 11.668ms
08-04 12:05:55.618 21416 21429 I art     : Starting a blocking GC Explicit
08-04 12:05:55.623 21416 21630 D HTTP    : Request for: https://uob-timetable-api.adriankeenan.co.uk/courses
08-04 12:05:55.630 21416 21429 I art     : Explicit concurrent mark sweep GC freed 643(55KB) AllocSpace objects, 0(0B) LOS objects, 40% free, 22MB/36MB, paused 384us total 12.190ms
08-04 12:05:55.635 21416 21429 I art     : Starting a blocking GC Explicit
08-04 12:05:55.647 21416 21429 I art     : Explicit concurrent mark sweep GC freed 333(29KB) AllocSpace objects, 0(0B) LOS objects, 40% free, 22MB/37MB, paused 191us total 11.915ms
08-04 12:05:55.674 13866 13866 I GoogleInputMethodServic: GoogleInputMethodService.onFinishInput():3138 
08-04 12:05:55.675 13866 13866 I GoogleInputMethodServic: GoogleInputMethodService.onStartInput():1808 
08-04 12:05:55.677   918   936 I ActivityManager: Displayed baseline.com.ak.uobtimetable/.CourseListActivity: +116ms
08-04 12:05:55.692 21416 21432 D OpenGLRenderer: endAllStagingAnimators on 0x7f99469800 (RippleDrawable) with handle 0x7f99ebe2c0
08-04 12:05:55.858 21416 21628 I art     : Starting a blocking GC Explicit
08-04 12:05:55.875 21416 21628 I art     : Explicit concurrent mark sweep GC freed 4119(265KB) AllocSpace objects, 4(220KB) LOS objects, 40% free, 22MB/37MB, paused 504us total 16.697ms
08-04 12:05:55.875 21416 21630 I NAPPA_EXPERIMENTATION: MetricNetworkRequestExecutionTime: REQUEST_DURATION_SYSTEM='247',REQUEST_DURATION_OKHTTP='32',REQUEST_SYNCHRONOUS='TRUE',RESPONSE_CODE='200',RESPONSE_METHOD='GET',RESPONSE_LENGTH_OKHTTP='-1',RESPONSE_LENGTH_HEADER='-2',REQUEST_PROTOCOL='http/1.1',REQUEST_URL='https://uob-timetable-api.adriankeenan.co.uk/courses',
08-04 12:05:55.881 21416 21628 I art     : Starting a blocking GC Explicit
08-04 12:05:55.896 21416 21628 I art     : Explicit concurrent mark sweep GC freed 1099(129KB) AllocSpace objects, 0(0B) LOS objects, 40% free, 23MB/38MB, paused 167us total 14.651ms
08-04 12:05:55.904 21416 21628 I art     : Starting a blocking GC Explicit
08-04 12:05:55.916 21416 21628 I art     : Explicit concurrent mark sweep GC freed 16(560B) AllocSpace objects, 0(0B) LOS objects, 39% free, 24MB/40MB, paused 142us total 12.326ms
08-04 12:05:55.922 21416 21628 I art     : Starting a blocking GC Explicit
08-04 12:05:55.932 21416 21628 I art     : Explicit concurrent mark sweep GC freed 12(320B) AllocSpace objects, 0(0B) LOS objects, 37% free, 26MB/42MB, paused 231us total 10.498ms
08-04 12:05:55.938 21416 21628 I art     : Starting a blocking GC Explicit
08-04 12:05:55.949 21416 21628 I art     : Explicit concurrent mark sweep GC freed 46(2000B) AllocSpace objects, 0(0B) LOS objects, 36% free, 28MB/44MB, paused 158us total 10.700ms
08-04 12:05:56.120   512  2967 D audio_hw_primary: disable_audio_route: reset and update mixer path: low-latency-playback speaker
08-04 12:05:56.122   512  2967 D audio_hw_primary: disable_snd_device: snd_device(2: speaker)
08-04 12:05:56.131   512  2967 I soundtrigger: audio_extn_sound_trigger_update_device_status: device 0x2 of type 0 for Event 0
08-04 12:05:56.206 21416 21628 I art     : Starting a blocking GC Explicit
08-04 12:05:56.219 21416 21630 I HTTP    : Response was compressed.
08-04 12:05:56.231 21416 21628 I art     : Explicit concurrent mark sweep GC freed 3234(149KB) AllocSpace objects, 0(0B) LOS objects, 21% free, 60MB/76MB, paused 427us total 24.787ms
08-04 12:05:56.237 21416 21628 I art     : Starting a blocking GC Explicit
08-04 12:05:56.255 21416 21628 I art     : Explicit concurrent mark sweep GC freed 10076(471KB) AllocSpace objects, 2(22MB) LOS objects, 29% free, 37MB/53MB, paused 170us total 17.556ms
08-04 12:05:56.262 21416 21628 I art     : Starting a blocking GC Explicit
08-04 12:05:56.273 21416 21628 I art     : Explicit concurrent mark sweep GC freed 12292(576KB) AllocSpace objects, 0(0B) LOS objects, 29% free, 37MB/53MB, paused 187us total 11.614ms
08-04 12:05:56.279 21416 21628 I art     : Starting a blocking GC Explicit
08-04 12:05:56.290 21416 21628 I art     : Explicit concurrent mark sweep GC freed 9484(441KB) AllocSpace objects, 0(0B) LOS objects, 29% free, 37MB/53MB, paused 171us total 11.159ms
08-04 12:05:56.296 21416 21628 I art     : Starting a blocking GC Explicit
08-04 12:05:56.307 21416 21628 I art     : Explicit concurrent mark sweep GC freed 9549(445KB) AllocSpace objects, 0(0B) LOS objects, 29% free, 37MB/53MB, paused 174us total 11.185ms
08-04 12:05:56.567 21416 21429 I art     : Starting a blocking GC Explicit
08-04 12:05:56.605 21416 21429 I art     : Explicit concurrent mark sweep GC freed 160884(7MB) AllocSpace objects, 1(20KB) LOS objects, 28% free, 39MB/55MB, paused 306us total 37.714ms
08-04 12:05:56.614 21416 21429 I art     : Starting a blocking GC Explicit
08-04 12:05:56.630 21416 21429 I art     : Explicit concurrent mark sweep GC freed 18672(878KB) AllocSpace objects, 0(0B) LOS objects, 28% free, 39MB/55MB, paused 228us total 15.290ms
08-04 12:05:56.636 21416 21429 I art     : Starting a blocking GC Explicit
08-04 12:05:56.651 21416 21429 I art     : Explicit concurrent mark sweep GC freed 12048(567KB) AllocSpace objects, 0(0B) LOS objects, 28% free, 39MB/55MB, paused 223us total 14.384ms
08-04 12:05:56.658 21416 21429 I art     : Starting a blocking GC Explicit
08-04 12:05:56.673 21416 21429 I art     : Explicit concurrent mark sweep GC freed 10675(497KB) AllocSpace objects, 0(0B) LOS objects, 28% free, 39MB/55MB, paused 234us total 14.700ms
08-04 12:05:56.680 21416 21429 I art     : Starting a blocking GC Explicit
08-04 12:05:56.695 21416 21429 I art     : Explicit concurrent mark sweep GC freed 12026(562KB) AllocSpace objects, 0(0B) LOS objects, 28% free, 39MB/55MB, paused 256us total 14.568ms
08-04 12:05:56.956 21416 21428 I art     : Starting a blocking GC Explicit
08-04 12:05:56.986 21416 21428 I art     : Explicit concurrent mark sweep GC freed 140615(6MB) AllocSpace objects, 1(20KB) LOS objects, 28% free, 40MB/56MB, paused 282us total 29.845ms
08-04 12:05:56.995 21416 21428 I art     : Starting a blocking GC Explicit
08-04 12:05:57.013 21416 21428 I art     : Explicit concurrent mark sweep GC freed 18423(857KB) AllocSpace objects, 0(0B) LOS objects, 28% free, 40MB/56MB, paused 286us total 17.791ms
08-04 12:05:57.021 21416 21428 I art     : Starting a blocking GC Explicit
08-04 12:05:57.039 21416 21428 I art     : Explicit concurrent mark sweep GC freed 14245(670KB) AllocSpace objects, 0(0B) LOS objects, 28% free, 40MB/56MB, paused 257us total 17.436ms
08-04 12:05:57.047 21416 21428 I art     : Starting a blocking GC Explicit
08-04 12:05:57.064 21416 21428 I art     : Explicit concurrent mark sweep GC freed 14115(682KB) AllocSpace objects, 0(0B) LOS objects, 28% free, 40MB/56MB, paused 280us total 17.303ms
08-04 12:05:57.072 21416 21428 I art     : Starting a blocking GC Explicit
08-04 12:05:57.090 21416 21428 I art     : Explicit concurrent mark sweep GC freed 14146(665KB) AllocSpace objects, 0(0B) LOS objects, 28% free, 40MB/56MB, paused 323us total 18.093ms
08-04 12:05:57.361 21416 21429 I art     : Starting a blocking GC Explicit
08-04 12:05:57.406 21416 21429 I art     : Explicit concurrent mark sweep GC freed 165318(7MB) AllocSpace objects, 1(20KB) LOS objects, 27% free, 42MB/58MB, paused 528us total 45.630ms
08-04 12:05:57.419 21416 21429 I art     : Starting a blocking GC Explicit
08-04 12:05:57.441 21416 21429 I art     : Explicit concurrent mark sweep GC freed 24061(1138KB) AllocSpace objects, 0(0B) LOS objects, 27% free, 42MB/58MB, paused 347us total 21.271ms
08-04 12:05:57.450 21416 21429 I art     : Starting a blocking GC Explicit
08-04 12:05:57.472 21416 21429 I art     : Explicit concurrent mark sweep GC freed 16880(816KB) AllocSpace objects, 0(0B) LOS objects, 27% free, 42MB/58MB, paused 1.020ms total 21.444ms
08-04 12:05:57.481 21416 21429 I art     : Starting a blocking GC Explicit
08-04 12:05:57.502 21416 21429 I art     : Explicit concurrent mark sweep GC freed 16709(791KB) AllocSpace objects, 0(0B) LOS objects, 27% free, 42MB/58MB, paused 341us total 21.105ms
08-04 12:05:57.511 21416 21429 I art     : Starting a blocking GC Explicit
08-04 12:05:57.532 21416 21429 I art     : Explicit concurrent mark sweep GC freed 16899(793KB) AllocSpace objects, 0(0B) LOS objects, 27% free, 42MB/58MB, paused 343us total 21.217ms
08-04 12:05:57.801 21416 21428 I art     : Starting a blocking GC Explicit
08-04 12:05:57.841 21416 21428 I art     : Explicit concurrent mark sweep GC freed 161256(7MB) AllocSpace objects, 1(20KB) LOS objects, 26% free, 44MB/60MB, paused 411us total 39.712ms
08-04 12:05:57.852 21416 21428 I art     : Starting a blocking GC Explicit
08-04 12:05:57.877 21416 21428 I art     : Explicit concurrent mark sweep GC freed 22387(1055KB) AllocSpace objects, 0(0B) LOS objects, 26% free, 44MB/60MB, paused 391us total 25.018ms
08-04 12:05:57.887 21416 21428 I art     : Starting a blocking GC Explicit
08-04 12:05:57.911 21416 21428 I art     : Explicit concurrent mark sweep GC freed 18760(880KB) AllocSpace objects, 0(0B) LOS objects, 26% free, 44MB/60MB, paused 428us total 24.042ms
08-04 12:05:57.921 21416 21428 I art     : Starting a blocking GC Explicit
08-04 12:05:57.946 21416 21428 I art     : Explicit concurrent mark sweep GC freed 18960(890KB) AllocSpace objects, 0(0B) LOS objects, 26% free, 44MB/60MB, paused 416us total 24.656ms
08-04 12:05:57.956 21416 21428 I art     : Starting a blocking GC Explicit
08-04 12:05:57.980 21416 21428 I art     : Explicit concurrent mark sweep GC freed 18840(885KB) AllocSpace objects, 0(0B) LOS objects, 26% free, 44MB/60MB, paused 412us total 24.695ms
08-04 12:05:58.248 21416 21428 I art     : Starting a blocking GC Explicit
08-04 12:05:58.290 21416 21428 I art     : Explicit concurrent mark sweep GC freed 159521(7MB) AllocSpace objects, 1(20KB) LOS objects, 25% free, 45MB/61MB, paused 501us total 42.200ms
08-04 12:05:58.303 21416 21428 I art     : Starting a blocking GC Explicit
08-04 12:05:58.330 21416 21428 I art     : Explicit concurrent mark sweep GC freed 26115(1219KB) AllocSpace objects, 0(0B) LOS objects, 25% free, 45MB/61MB, paused 499us total 27.120ms
08-04 12:05:58.340 21416 21428 I art     : Starting a blocking GC Explicit
08-04 12:05:58.368 21416 21428 I art     : Explicit concurrent mark sweep GC freed 20591(960KB) AllocSpace objects, 0(0B) LOS objects, 25% free, 45MB/61MB, paused 474us total 27.024ms
08-04 12:05:58.378 21416 21428 I art     : Starting a blocking GC Explicit
08-04 12:05:58.406 21416 21428 I art     : Explicit concurrent mark sweep GC freed 20725(968KB) AllocSpace objects, 0(0B) LOS objects, 25% free, 46MB/62MB, paused 463us total 28.024ms
08-04 12:05:58.417 21416 21428 I art     : Starting a blocking GC Explicit
08-04 12:05:58.445 21416 21428 I art     : Explicit concurrent mark sweep GC freed 21071(983KB) AllocSpace objects, 0(0B) LOS objects, 25% free, 46MB/62MB, paused 472us total 28.448ms
08-04 12:05:58.725 21416 21428 I art     : Starting a blocking GC Explicit
08-04 12:05:58.777 21416 21428 I art     : Explicit concurrent mark sweep GC freed 172369(7MB) AllocSpace objects, 1(20KB) LOS objects, 25% free, 47MB/63MB, paused 569us total 51.812ms
08-04 12:05:58.791 21416 21428 I art     : Starting a blocking GC Explicit
08-04 12:05:58.821 21416 21428 I art     : Explicit concurrent mark sweep GC freed 28588(1347KB) AllocSpace objects, 0(0B) LOS objects, 25% free, 47MB/63MB, paused 514us total 30.608ms
08-04 12:05:58.832 21416 21428 I art     : Starting a blocking GC Explicit
08-04 12:05:58.863 21416 21428 I art     : Explicit concurrent mark sweep GC freed 21387(1012KB) AllocSpace objects, 0(0B) LOS objects, 25% free, 47MB/63MB, paused 562us total 30.452ms
08-04 12:05:58.863 21416 21427 I art     : WaitForGcToComplete blocked for 30.632ms for cause HeapTrim
08-04 12:05:58.874 21416 21428 I art     : Starting a blocking GC Explicit
08-04 12:05:58.907 21416 21428 I art     : Explicit concurrent mark sweep GC freed 23049(1087KB) AllocSpace objects, 0(0B) LOS objects, 24% free, 48MB/64MB, paused 611us total 32.705ms
08-04 12:05:58.918 21416 21428 I art     : Starting a blocking GC Explicit
08-04 12:05:58.951 21416 21428 I art     : Explicit concurrent mark sweep GC freed 23878(1120KB) AllocSpace objects, 0(0B) LOS objects, 24% free, 48MB/64MB, paused 569us total 32.674ms
08-04 12:05:59.022 21416 21630 I Service : getCourses response time: 0.69
08-04 12:05:59.039 21416 21416 I SettingsManager: Getting string: savedCourse
08-04 12:05:59.210 21416 21628 I art     : Starting a blocking GC Explicit
08-04 12:05:59.257 21416 21628 I art     : Explicit concurrent mark sweep GC freed 41883(2032KB) AllocSpace objects, 2(15MB) LOS objects, 32% free, 33MB/49MB, paused 163us total 46.681ms
08-04 12:05:59.271 21416 21628 I art     : Starting a blocking GC Explicit
08-04 12:05:59.303 21416 21628 I art     : Explicit concurrent mark sweep GC freed 75(2992B) AllocSpace objects, 0(0B) LOS objects, 32% free, 33MB/49MB, paused 148us total 32.459ms
08-04 12:05:59.315 21416 21628 I art     : Starting a blocking GC Explicit
08-04 12:05:59.349 21416 21628 I art     : Explicit concurrent mark sweep GC freed 3(96B) AllocSpace objects, 0(0B) LOS objects, 32% free, 33MB/49MB, paused 145us total 34.277ms
08-04 12:05:59.362 21416 21628 I art     : Starting a blocking GC Explicit
08-04 12:05:59.398 21416 21628 I art     : Explicit concurrent mark sweep GC freed 3(96B) AllocSpace objects, 0(0B) LOS objects, 32% free, 33MB/49MB, paused 148us total 35.746ms
08-04 12:05:59.411 21416 21628 I art     : Starting a blocking GC Explicit
08-04 12:05:59.447 21416 21628 I art     : Explicit concurrent mark sweep GC freed 3(96B) AllocSpace objects, 0(0B) LOS objects, 32% free, 33MB/49MB, paused 203us total 36.071ms
08-04 12:05:59.747 21416 21429 I art     : Starting a blocking GC Explicit
08-04 12:05:59.794 21416 21429 I art     : Explicit concurrent mark sweep GC freed 1274(74KB) AllocSpace objects, 1(20KB) LOS objects, 32% free, 33MB/49MB, paused 157us total 46.527ms
08-04 12:05:59.808 21416 21429 I art     : Starting a blocking GC Explicit
08-04 12:05:59.843 21416 21429 I art     : Explicit concurrent mark sweep GC freed 18(624B) AllocSpace objects, 0(0B) LOS objects, 32% free, 33MB/49MB, paused 148us total 34.810ms
08-04 12:05:59.855 21416 21429 I art     : Starting a blocking GC Explicit
08-04 12:05:59.890 21416 21429 I art     : Explicit concurrent mark sweep GC freed 3(96B) AllocSpace objects, 0(0B) LOS objects, 32% free, 33MB/49MB, paused 153us total 34.521ms
08-04 12:05:59.902 21416 21429 I art     : Starting a blocking GC Explicit
08-04 12:05:59.938 21416 21429 I art     : Explicit concurrent mark sweep GC freed 3(96B) AllocSpace objects, 0(0B) LOS objects, 32% free, 33MB/49MB, paused 148us total 36.134ms
08-04 12:05:59.951 21416 21429 I art     : Starting a blocking GC Explicit
08-04 12:05:59.988 21416 21429 I art     : Explicit concurrent mark sweep GC freed 3(96B) AllocSpace objects, 0(0B) LOS objects, 32% free, 33MB/49MB, paused 149us total 35.957ms
08-04 12:06:00.311 21416 21428 I art     : Starting a blocking GC Explicit
08-04 12:06:00.362 21416 21428 I art     : Explicit concurrent mark sweep GC freed 1274(74KB) AllocSpace objects, 1(20KB) LOS objects, 32% free, 33MB/49MB, paused 152us total 50.615ms
08-04 12:06:00.376 21416 21428 I art     : Starting a blocking GC Explicit
08-04 12:06:00.411 21416 21428 I art     : Explicit concurrent mark sweep GC freed 18(624B) AllocSpace objects, 0(0B) LOS objects, 32% free, 33MB/49MB, paused 145us total 34.865ms
08-04 12:06:00.424 21416 21428 I art     : Starting a blocking GC Explicit
08-04 12:06:00.460 21416 21428 I art     : Explicit concurrent mark sweep GC freed 3(96B) AllocSpace objects, 0(0B) LOS objects, 32% free, 33MB/49MB, paused 152us total 36.294ms
08-04 12:06:00.473 21416 21428 I art     : Starting a blocking GC Explicit
08-04 12:06:00.508 21416 21428 I art     : Explicit concurrent mark sweep GC freed 3(96B) AllocSpace objects, 0(0B) LOS objects, 32% free, 33MB/49MB, paused 147us total 35.078ms
08-04 12:06:00.521 21416 21428 I art     : Starting a blocking GC Explicit
08-04 12:06:00.557 21416 21428 I art     : Explicit concurrent mark sweep GC freed 3(96B) AllocSpace objects, 0(0B) LOS objects, 32% free, 33MB/49MB, paused 164us total 36.372ms
08-04 12:06:00.675 13866 13882 I PeriodicStatsRunner: PeriodicStatsRunner.call():175 call()
08-04 12:06:00.676 13866 13882 I PeriodicStatsRunner: PeriodicStatsRunner.call():179 No submit PeriodicStats since input started.
08-04 12:06:00.879 21416 21429 I art     : Starting a blocking GC Explicit
08-04 12:06:00.933 21416 21429 I art     : Explicit concurrent mark sweep GC freed 1275(74KB) AllocSpace objects, 1(20KB) LOS objects, 32% free, 33MB/49MB, paused 180us total 53.015ms
08-04 12:06:00.950 21416 21429 I art     : Starting a blocking GC Explicit
08-04 12:06:00.986 21416 21429 I art     : Explicit concurrent mark sweep GC freed 20(704B) AllocSpace objects, 0(0B) LOS objects, 32% free, 33MB/49MB, paused 144us total 36.046ms
08-04 12:06:00.999 21416 21429 I art     : Starting a blocking GC Explicit
08-04 12:06:01.035 21416 21429 I art     : Explicit concurrent mark sweep GC freed 3(96B) AllocSpace objects, 0(0B) LOS objects, 32% free, 33MB/49MB, paused 150us total 35.825ms
08-04 12:06:01.047 21416 21429 I art     : Starting a blocking GC Explicit
08-04 12:06:01.080 21416 21429 I art     : Explicit concurrent mark sweep GC freed 3(96B) AllocSpace objects, 0(0B) LOS objects, 32% free, 33MB/49MB, paused 141us total 32.449ms
08-04 12:06:01.092 21416 21429 I art     : Starting a blocking GC Explicit
08-04 12:06:01.126 21416 21429 I art     : Explicit concurrent mark sweep GC freed 3(96B) AllocSpace objects, 0(0B) LOS objects, 32% free, 33MB/49MB, paused 150us total 34.601ms
08-04 12:06:01.448 21416 21428 I art     : Starting a blocking GC Explicit
08-04 12:06:01.505 21416 21428 I art     : Explicit concurrent mark sweep GC freed 1274(74KB) AllocSpace objects, 1(20KB) LOS objects, 32% free, 33MB/49MB, paused 173us total 55.840ms
08-04 12:06:01.521 21416 21428 I art     : Starting a blocking GC Explicit
08-04 12:06:01.554 21416 21428 I art     : Explicit concurrent mark sweep GC freed 18(624B) AllocSpace objects, 0(0B) LOS objects, 32% free, 33MB/49MB, paused 145us total 32.677ms
08-04 12:06:01.566 21416 21428 I art     : Starting a blocking GC Explicit
08-04 12:06:01.600 21416 21428 I art     : Explicit concurrent mark sweep GC freed 3(96B) AllocSpace objects, 0(0B) LOS objects, 32% free, 33MB/49MB, paused 145us total 34.293ms
08-04 12:06:01.612 21416 21428 I art     : Starting a blocking GC Explicit
08-04 12:06:01.648 21416 21428 I art     : Explicit concurrent mark sweep GC freed 3(96B) AllocSpace objects, 0(0B) LOS objects, 32% free, 33MB/49MB, paused 146us total 35.693ms
08-04 12:06:01.661 21416 21428 I art     : Starting a blocking GC Explicit
08-04 12:06:01.697 21416 21428 I art     : Explicit concurrent mark sweep GC freed 3(96B) AllocSpace objects, 0(0B) LOS objects, 32% free, 33MB/49MB, paused 182us total 35.579ms
08-04 12:06:01.948 21416 21628 I art     : Starting a blocking GC Explicit
08-04 12:06:01.986 21416 21628 I art     : Explicit concurrent mark sweep GC freed 1274(74KB) AllocSpace objects, 1(20KB) LOS objects, 32% free, 33MB/49MB, paused 155us total 37.706ms
08-04 12:06:01.999 21416 21628 I art     : Starting a blocking GC Explicit
08-04 12:06:02.033 21416 21628 I art     : Explicit concurrent mark sweep GC freed 18(624B) AllocSpace objects, 0(0B) LOS objects, 32% free, 33MB/49MB, paused 159us total 33.768ms
08-04 12:06:02.045 21416 21628 I art     : Starting a blocking GC Explicit
08-04 12:06:02.066   918  3261 D WifiStateMachine: starting scan for "H369AA63323"WPA_PSK with 2412,5180
08-04 12:06:02.077 21416 21628 I art     : Explicit concurrent mark sweep GC freed 3(96B) AllocSpace objects, 0(0B) LOS objects, 32% free, 33MB/49MB, paused 185us total 31.291ms
08-04 12:06:02.088 21416 21628 I art     : Starting a blocking GC Explicit
08-04 12:06:02.119 21416 21628 I art     : Explicit concurrent mark sweep GC freed 3(96B) AllocSpace objects, 0(0B) LOS objects, 32% free, 33MB/49MB, paused 145us total 30.918ms
08-04 12:06:02.131 21416 21628 I art     : Starting a blocking GC Explicit
08-04 12:06:02.159 21765 21765 D AndroidRuntime: >>>>>> START com.android.internal.os.RuntimeInit uid 2000 <<<<<<
08-04 12:06:02.162 21416 21628 I art     : Explicit concurrent mark sweep GC freed 3(96B) AllocSpace objects, 0(0B) LOS objects, 32% free, 33MB/49MB, paused 135us total 31.264ms
08-04 12:06:02.163 21765 21765 D AndroidRuntime: CheckJNI is OFF
08-04 12:06:02.188 21765 21765 D ICU     : No timezone override file found: /data/misc/zoneinfo/current/icu/icu_tzdata.dat
08-04 12:06:02.211 21765 21765 I Radio-JNI: register_android_hardware_Radio DONE
08-04 12:06:02.226 21765 21765 D AndroidRuntime: Calling main entry com.android.commands.input.Input
08-04 12:06:02.227 21765 21765 I Input   : injectMotionEvent: MotionEvent { action=ACTION_DOWN, actionButton=0, id[0]=0, x[0]=526.0, y[0]=704.0, toolType[0]=TOOL_TYPE_UNKNOWN, buttonState=0, metaState=0, flags=0x0, edgeFlags=0x0, pointerCount=1, historySize=0, eventTime=705978640, downTime=705978640, deviceId=0, source=0x1002 }
08-04 12:06:02.232 21765 21765 I Input   : injectMotionEvent: MotionEvent { action=ACTION_UP, actionButton=0, id[0]=0, x[0]=526.0, y[0]=704.0, toolType[0]=TOOL_TYPE_UNKNOWN, buttonState=0, metaState=0, flags=0x0, edgeFlags=0x0, pointerCount=1, historySize=0, eventTime=705978640, downTime=705978640, deviceId=0, source=0x1002 }
08-04 12:06:02.234 21765 21765 D AndroidRuntime: Shutting down VM
08-04 12:06:02.300   512  2967 D audio_hw_primary: out_set_parameters: enter: usecase(1: low-latency-playback) kvpairs: routing=2
08-04 12:06:02.313   512  2967 D audio_hw_primary: select_devices: out_snd_device(2: speaker) in_snd_device(0: none)
08-04 12:06:02.313   512  2967 D msm8974_platform: platform_send_audio_calibration: sending audio calibration for snd_device(2) acdb_id(15)
08-04 12:06:02.313   512  2967 I soundtrigger: audio_extn_sound_trigger_update_device_status: device 0x2 of type 0 for Event 1
08-04 12:06:02.323   512  2967 D audio_hw_primary: enable_snd_device: snd_device(2: speaker)
08-04 12:06:02.325   512  2967 D audio_hw_primary: enable_audio_route: apply and update mixer path: low-latency-playback speaker
08-04 12:06:02.385 21416 21428 I art     : Starting a blocking GC Explicit
08-04 12:06:02.422 21416 21428 I art     : Explicit concurrent mark sweep GC freed 2041(133KB) AllocSpace objects, 2(40KB) LOS objects, 32% free, 33MB/49MB, paused 183us total 36.118ms
08-04 12:06:02.436 21416 21428 I art     : Starting a blocking GC Explicit
08-04 12:06:02.472 21416 21428 I art     : Explicit concurrent mark sweep GC freed 146(6KB) AllocSpace objects, 0(0B) LOS objects, 32% free, 33MB/49MB, paused 146us total 36.639ms
08-04 12:06:02.486 21416 21428 I art     : Starting a blocking GC Explicit
08-04 12:06:02.520 21416 21428 I art     : Explicit concurrent mark sweep GC freed 7(240B) AllocSpace objects, 0(0B) LOS objects, 32% free, 33MB/49MB, paused 138us total 33.944ms
08-04 12:06:02.534 21416 21428 I art     : Starting a blocking GC Explicit
08-04 12:06:02.572 21416 21428 I art     : Explicit concurrent mark sweep GC freed 3(96B) AllocSpace objects, 0(0B) LOS objects, 32% free, 33MB/49MB, paused 152us total 37.489ms
08-04 12:06:02.586 21416 21428 I art     : Starting a blocking GC Explicit
08-04 12:06:02.623 21416 21428 I art     : Explicit concurrent mark sweep GC freed 3(96B) AllocSpace objects, 0(0B) LOS objects, 32% free, 33MB/49MB, paused 137us total 37.537ms
08-04 12:06:02.862   512  2967 D audio_hw_primary: disable_audio_route: reset and update mixer path: low-latency-playback speaker
08-04 12:06:02.865   512  2967 D audio_hw_primary: disable_snd_device: snd_device(2: speaker)
08-04 12:06:02.874   512  2967 I soundtrigger: audio_extn_sound_trigger_update_device_status: device 0x2 of type 0 for Event 0
08-04 12:06:02.887   918  6111 I ActivityManager: Start proc 21809:com.google.android.apps.gcs/u0a11 for service com.google.android.apps.gcs/.service.GcsTaskService
08-04 12:06:02.889 24365 23406 I NetworkScheduler.Stats: Task com.google.android.apps.gcs/ started execution. cause:4 exec_start_elapsed_seconds: 1689366 [CONTEXT service_id=218 ]
08-04 12:06:02.907 21416 21628 I art     : Starting a blocking GC Explicit
08-04 12:06:02.941 21416 21628 I art     : Explicit concurrent mark sweep GC freed 1287(75KB) AllocSpace objects, 1(20KB) LOS objects, 32% free, 33MB/49MB, paused 141us total 33.692ms
08-04 12:06:02.954 21416 21628 I art     : Starting a blocking GC Explicit
08-04 12:06:02.954 32231 32231 I Finsky  : [1] xow.onStartJob(3): SCH: onJobSchedulerWakeup with jobId 9016
08-04 12:06:02.961 32231 32231 I Finsky  : [1] xjw.a(9): Scheduling fallback in 43199994 (absolute: 1732566830)
08-04 12:06:02.963 32231 32231 I Finsky  : [1] xjw.a(9): Scheduling fallback in 64799998 (absolute: 1754166836)
08-04 12:06:02.967 32231 32231 I Finsky  : [1] xow.onStartJob(3): SCH: onJobSchedulerWakeup with jobId 9003
08-04 12:06:02.970 32231 32231 I Finsky  : [1] xjw.a(9): Scheduling fallback in 43199997 (absolute: 1732566842)
08-04 12:06:02.973 32231 32231 I Finsky  : [1] xjw.a(9): Scheduling fallback in 64799997 (absolute: 1754166845)
08-04 12:06:02.981 32231 32231 W Finsky  : [1] xow.onStartJob(9): SCH: onJobSchedulerWakeup while already running
08-04 12:06:02.987 21416 21628 I art     : Explicit concurrent mark sweep GC freed 22(752B) AllocSpace objects, 0(0B) LOS objects, 32% free, 33MB/49MB, paused 190us total 32.769ms
08-04 12:06:03.000 21416 21628 I art     : Starting a blocking GC Explicit
08-04 12:06:03.033 21416 21628 I art     : Explicit concurrent mark sweep GC freed 3(96B) AllocSpace objects, 0(0B) LOS objects, 32% free, 33MB/49MB, paused 148us total 32.860ms
08-04 12:06:03.046 21416 21628 I art     : Starting a blocking GC Explicit
08-04 12:06:03.073   918  6110 I AccountManagerService: getTypesVisibleToCaller: isPermitted? true
08-04 12:06:03.076 21809 21809 W Gcs.AccountsChgRcvr: [1] afk.b: No accounts available. WFA has been deactivated
08-04 12:06:03.077 21416 21628 I art     : Explicit concurrent mark sweep GC freed 3(96B) AllocSpace objects, 0(0B) LOS objects, 32% free, 33MB/49MB, paused 171us total 31.792ms
08-04 12:06:03.089 21416 21628 I art     : Starting a blocking GC Explicit
08-04 12:06:03.091 21809 21809 W PrimesInit: Primes instant initialization
08-04 12:06:03.092 21809 21826 W Primes  : background initialization
08-04 12:06:03.115 21809 21826 I PrimesTesting: GserviceFlagsSupplier.get()
08-04 12:06:03.119 21416 21628 I art     : Explicit concurrent mark sweep GC freed 3(96B) AllocSpace objects, 0(0B) LOS objects, 32% free, 33MB/49MB, paused 126us total 29.661ms
08-04 12:06:03.119 32231 32231 I Finsky  : [1] xkf.handleMessage(8): SCH: DeviceState: DeviceState{currentTime=1596535563113, isCharging=false, isIdle=false, netAny=true, netNotRoaming=true, netUnmetered=true, batteryPercent=100.0}
08-04 12:06:03.123 32231 21384 I Finsky  : [5897] xmu.a(8): SCH: Jobs in database: 1-1337 3-191 3-192 12-1 24-77777777 26-1414141414 
08-04 12:06:03.176   918  5481 I AccountManagerService: getTypesVisibleToCaller: isPermitted? true
08-04 12:06:03.179 21809 21827 W Gcs.WfaEliRefreshTask: [23828] afk.b: NULL eligibility response.
08-04 12:06:03.181 24365  4796 E NetworkScheduler.ATC: Received callback from client for task that is already complete. ComponentInfo{com.google.android.apps.gcs/com.google.android.apps.gcs.service.GcsTaskService} WfaEliRefreshTask [CONTEXT service_id=218 ]
08-04 12:06:03.182 32231 32231 I Finsky  : [1] xkg.a(16): SCH: Running job: 12-1
08-04 12:06:03.182 32231 32231 I Finsky  : [1] ContentSyncJob.a(16): [ContentSync] job started
08-04 12:06:03.183 32231 32231 I Finsky  : [1] xkf.handleMessage(61): SCH: RunningQueue size: 1, PendingQueue size: 0
08-04 12:06:03.183 32231 32231 I Finsky  : [1] xkf.handleMessage(64): SCH: Running queue: 12-1 
08-04 12:06:03.292 32231 21403 I Finsky  : [5901] dzn.a(22): Completed 0 account content syncs with 0 successful.
08-04 12:06:03.293 32231 32231 I Finsky  : [1] ContentSyncJob.a(1): [ContentSync] Installation state replication succeeded.
08-04 12:06:03.294 32231 32231 I Finsky  : [1] xlr.a(13): SCH: jobFinished: 12-1. TimeElapsed: 111ms.
08-04 12:06:03.294 32231 32231 I Finsky  : [1] xkg.a(36): SCH: Job 12-1 finished. Not rescheduling.
08-04 12:06:03.294 32231 32231 I Finsky  : [1] xkf.handleMessage(61): SCH: RunningQueue size: 0, PendingQueue size: 0
08-04 12:06:03.295 32231 32231 I Finsky  : [1] xkf.handleMessage(25): Executor finished
08-04 12:06:03.302   918  6112 I ActivityManager: Killing 16240:nappatfpr.com.newsblur/u0a658 (adj 15): empty #17
08-04 12:06:03.326 32231 32231 I Finsky  : [1] xmu.a(8): SCH: Jobs in database: 1-1337 3-191 3-192 24-77777777 26-1414141414 
08-04 12:06:03.329 32231 32231 I Finsky  : [1] xio.a(57): SCH: ConstraintMapping: 24-77777777,  -> L: 0ms, D: 32637509ms, C: false, I: true, N: 0
08-04 12:06:03.330 32231 32231 I Finsky  : [1] xio.a(57): SCH: ConstraintMapping: 1-1337,  -> L: 1348365ms, D: 35989585ms, C: false, I: false, N: 1
08-04 12:06:03.330 32231 32231 I Finsky  : [1] xio.a(57): SCH: ConstraintMapping: 3-191,  -> L: 0ms, D: 76699456ms, C: false, I: true, N: 2
08-04 12:06:03.330 32231 32231 I Finsky  : [1] xio.a(57): SCH: ConstraintMapping: 3-192,  -> L: 0ms, D: 76699529ms, C: true, I: true, N: 2
08-04 12:06:03.331 32231 32231 I Finsky  : [1] xio.a(57): SCH: ConstraintMapping: 26-1414141414,  -> L: 40102709ms, D: 41002709ms, C: false, I: false, N: 0
08-04 12:06:03.357 32231 32231 I Finsky  : [1] xle.a(34): Cancelling existing jobscheduler jobs: 9019 9005 9017 9001 9006 9018 9014 9004 
08-04 12:06:03.357 32231 32231 I Finsky  : [1] xle.a(10): Throttling wakeup for job 9000 (expected to run in 0 ms) due to recent wakeup
08-04 12:06:03.357 32231 32231 I Finsky  : [1] xle.a(27): Scheduling job Id: 9000, L: 30000, D: 32637509, C: false, I: true, N: 0
08-04 12:06:03.359 32231 32231 I Finsky  : [1] xle.a(27): Scheduling job Id: 9002, L: 1348365, D: 35989585, C: false, I: false, N: 1
08-04 12:06:03.361 32231 32231 I Finsky  : [1] xle.a(10): Throttling wakeup for job 9003 (expected to run in 0 ms) due to recent wakeup
08-04 12:06:03.361 32231 32231 I Finsky  : [1] xle.a(27): Scheduling job Id: 9003, L: 30000, D: 76699456, C: false, I: true, N: 2
08-04 12:06:03.362 32231 32231 I Finsky  : [1] xle.a(10): Throttling wakeup for job 9007 (expected to run in 0 ms) due to recent wakeup
08-04 12:06:03.363 32231 32231 I Finsky  : [1] xle.a(27): Scheduling job Id: 9007, L: 30000, D: 76699529, C: true, I: true, N: 2
08-04 12:06:03.364 32231 32231 I Finsky  : [1] xle.a(27): Scheduling job Id: 9008, L: 40102709, D: 41002709, C: false, I: false, N: 0
08-04 12:06:03.365 32231 32231 I Finsky  : [1] xle.a(10): Throttling wakeup for job 9009 (expected to run in 0 ms) due to recent wakeup
08-04 12:06:03.366 32231 32231 I Finsky  : [1] xle.a(27): Scheduling job Id: 9009, L: 30000, D: 32637509, C: false, I: true, N: 0
08-04 12:06:03.367 32231 32231 I Finsky  : [1] xle.a(27): Scheduling job Id: 9010, L: 1348365, D: 35989585, C: false, I: false, N: 1
08-04 12:06:03.369 32231 32231 I Finsky  : [1] xle.a(10): Throttling wakeup for job 9011 (expected to run in 0 ms) due to recent wakeup
08-04 12:06:03.369 32231 32231 I Finsky  : [1] xle.a(27): Scheduling job Id: 9011, L: 30000, D: 76699456, C: false, I: true, N: 2
08-04 12:06:03.370 32231 32231 I Finsky  : [1] xle.a(10): Throttling wakeup for job 9012 (expected to run in 0 ms) due to recent wakeup
08-04 12:06:03.371 32231 32231 I Finsky  : [1] xle.a(27): Scheduling job Id: 9012, L: 30000, D: 76699529, C: true, I: true, N: 2
08-04 12:06:03.372 32231 32231 I Finsky  : [1] xle.a(27): Scheduling job Id: 9013, L: 40102709, D: 41002709, C: false, I: false, N: 0
08-04 12:06:03.397 21416 21429 I art     : Starting a blocking GC Explicit
08-04 12:06:03.438 21416 21429 I art     : Explicit concurrent mark sweep GC freed 1281(75KB) AllocSpace objects, 1(20KB) LOS objects, 32% free, 33MB/49MB, paused 155us total 41.271ms
08-04 12:06:03.452 21416 21429 I art     : Starting a blocking GC Explicit
08-04 12:06:03.484 21416 21429 I art     : Explicit concurrent mark sweep GC freed 18(624B) AllocSpace objects, 0(0B) LOS objects, 32% free, 33MB/49MB, paused 138us total 31.236ms
08-04 12:06:03.495 21416 21429 I art     : Starting a blocking GC Explicit
08-04 12:06:03.527 21416 21429 I art     : Explicit concurrent mark sweep GC freed 3(96B) AllocSpace objects, 0(0B) LOS objects, 32% free, 33MB/49MB, paused 180us total 31.479ms
08-04 12:06:03.538 21416 21429 I art     : Starting a blocking GC Explicit
08-04 12:06:03.556   918  4400 I ActivityManager: Killing 3141:com.google.android.webview:webview_service/u0a74 (adj 15): empty #17
08-04 12:06:03.569 21416 21429 I art     : Explicit concurrent mark sweep GC freed 3(96B) AllocSpace objects, 0(0B) LOS objects, 32% free, 33MB/49MB, paused 140us total 30.436ms
08-04 12:06:03.580 21416 21429 I art     : Starting a blocking GC Explicit
08-04 12:06:03.610 21416 21429 I art     : Explicit concurrent mark sweep GC freed 3(96B) AllocSpace objects, 0(0B) LOS objects, 32% free, 33MB/49MB, paused 148us total 30.535ms
08-04 12:06:03.768 21841 21841 D AndroidRuntime: >>>>>> START com.android.internal.os.RuntimeInit uid 2000 <<<<<<
08-04 12:06:03.773 21841 21841 D AndroidRuntime: CheckJNI is OFF
08-04 12:06:03.800 21841 21841 D ICU     : No timezone override file found: /data/misc/zoneinfo/current/icu/icu_tzdata.dat
08-04 12:06:03.825 21841 21841 I Radio-JNI: register_android_hardware_Radio DONE
08-04 12:06:03.841 21841 21841 D AndroidRuntime: Calling main entry com.android.commands.input.Input
08-04 12:06:03.842 21841 21841 I Input   : injectMotionEvent: MotionEvent { action=ACTION_DOWN, actionButton=0, id[0]=0, x[0]=1197.0, y[0]=1456.0, toolType[0]=TOOL_TYPE_UNKNOWN, buttonState=0, metaState=0, flags=0x0, edgeFlags=0x0, pointerCount=1, historySize=0, eventTime=705980255, downTime=705980255, deviceId=0, source=0x1002 }
08-04 12:06:03.847 21841 21841 I Input   : injectMotionEvent: MotionEvent { action=ACTION_UP, actionButton=0, id[0]=0, x[0]=1197.0, y[0]=1456.0, toolType[0]=TOOL_TYPE_UNKNOWN, buttonState=0, metaState=0, flags=0x0, edgeFlags=0x0, pointerCount=1, historySize=0, eventTime=705980255, downTime=705980255, deviceId=0, source=0x1002 }
08-04 12:06:03.848 21841 21841 D AndroidRuntime: Shutting down VM
08-04 12:06:03.865   512  2967 D audio_hw_primary: out_set_parameters: enter: usecase(1: low-latency-playback) kvpairs: routing=2
08-04 12:06:03.875 21416 21428 I art     : Starting a blocking GC Explicit
08-04 12:06:03.878   512  2967 D audio_hw_primary: select_devices: out_snd_device(2: speaker) in_snd_device(0: none)
08-04 12:06:03.879   512  2967 D msm8974_platform: platform_send_audio_calibration: sending audio calibration for snd_device(2) acdb_id(15)
08-04 12:06:03.879   512  2967 I soundtrigger: audio_extn_sound_trigger_update_device_status: device 0x2 of type 0 for Event 1
08-04 12:06:03.880 21416 21416 I SettingsManager: Setting string: savedCourse
08-04 12:06:03.888   918  3670 W BackupManagerService: dataChanged but no participant pkg='baseline.com.ak.uobtimetable' uid=10659
08-04 12:06:03.889   918  5132 I ActivityManager: START u0 {flg=0x4000000 cmp=baseline.com.ak.uobtimetable/.MainActivity (has extras)} from uid 10659 on display 0
08-04 12:06:03.889   512  2967 D audio_hw_primary: enable_snd_device: snd_device(2: speaker)
08-04 12:06:03.891   512  2967 D audio_hw_primary: enable_audio_route: apply and update mixer path: low-latency-playback speaker
08-04 12:06:03.904   918  3359 W InputMethodManagerService: Focus gain on non-focused client com.android.internal.view.IInputMethodClient$Stub$Proxy@799dc7e (uid=10659 pid=21416)
08-04 12:06:03.916 21416 21428 I art     : Explicit concurrent mark sweep GC freed 3856(198KB) AllocSpace objects, 2(40KB) LOS objects, 32% free, 33MB/49MB, paused 274us total 41.414ms
08-04 12:06:03.917 21416 21427 I art     : WaitForGcToComplete blocked for 9.747ms for cause HeapTrim
08-04 12:06:03.917 21416 21416 D MainActivity: OnDestroy
08-04 12:06:03.929 21416 21428 I art     : Starting a blocking GC Explicit
08-04 12:06:03.938 21416 21416 D MainActivity: onCreate
08-04 12:06:03.938 21416 21416 I SettingsManager: Getting string: savedSessions
08-04 12:06:03.938 21416 21416 I Settings: No saved sessions
08-04 12:06:03.961 21416 21416 I SettingsManager: Getting string: savedCourse
08-04 12:06:03.963 21416 21416 D MainActivity: sessionListFragmentArg: updateSessions
08-04 12:06:03.963 21416 21416 D MainActivity: showTermDatesConfigChange: false
08-04 12:06:03.963 21416 21416 D MainActivity: showTermDatesShortcut: false
08-04 12:06:03.963 21416 21428 I art     : Explicit concurrent mark sweep GC freed 847(54KB) AllocSpace objects, 0(0B) LOS objects, 31% free, 35MB/51MB, paused 301us total 34.445ms
08-04 12:06:03.965 21416 21416 D MainActivity: Setting initial fragment: SessionListsFragment
08-04 12:06:03.968 21416 21416 I SettingsManager: Getting int: launchCount
08-04 12:06:03.971 21416 21416 D SessionListsFragment: onCreateView
08-04 12:06:03.977 21416 21428 I art     : Starting a blocking GC Explicit
08-04 12:06:03.981 21416 21416 I SettingsManager: Getting string: savedCourse
08-04 12:06:03.984 21416 21416 I SettingsManager: Getting string: savedSessions
08-04 12:06:03.984 21416 21416 D SessionListsFragment: loadArgument: updateSessions
08-04 12:06:03.984 21416 21416 D SessionListsFragment: initialIndex: -1
08-04 12:06:03.986 21416 21864 D HTTP    : Request for: https://uob-timetable-api.adriankeenan.co.uk/sessions?dept=BD002&course=CFIEFAAF%2F02AA%2F0%2FFT&level=ALL+Courses
08-04 12:06:03.987 21416 21416 I WebViewFactory: Loading com.google.android.webview version 84.0.4147.89 (code 414708953)
08-04 12:06:04.012 21416 21428 I art     : Explicit concurrent mark sweep GC freed 6677(420KB) AllocSpace objects, 4(1436KB) LOS objects, 32% free, 33MB/49MB, paused 341us total 35.454ms
08-04 12:06:04.025 21416 21428 I art     : Starting a blocking GC Explicit
08-04 12:06:04.061 21416 21428 I art     : Explicit concurrent mark sweep GC freed 327(26KB) AllocSpace objects, 0(0B) LOS objects, 32% free, 33MB/49MB, paused 317us total 35.428ms
08-04 12:06:04.075 21416 21428 I art     : Starting a blocking GC Explicit
08-04 12:06:04.110 21416 21428 I art     : Explicit concurrent mark sweep GC freed 1258(93KB) AllocSpace objects, 2(120KB) LOS objects, 31% free, 34MB/50MB, paused 996us total 35.272ms
08-04 12:06:04.138 21416 21416 I cr_LibraryLoader: Loaded native library version number "84.0.4147.89"
08-04 12:06:04.138 21416 21416 I cr_CachingUmaRecorder: Flushed 5 samples from 5 histograms.
08-04 12:06:04.145   918  3359 I ActivityManager: Start proc 21871:com.google.android.webview:webview_service/u0a74 for service com.google.android.webview/org.chromium.android_webview.services.VariationsSeedServer
08-04 12:06:04.154 21416 21864 I NAPPA_EXPERIMENTATION: MetricNetworkRequestExecutionTime: REQUEST_DURATION_SYSTEM='166',REQUEST_DURATION_OKHTTP='30',REQUEST_SYNCHRONOUS='TRUE',RESPONSE_CODE='200',RESPONSE_METHOD='GET',RESPONSE_LENGTH_OKHTTP='-1',RESPONSE_LENGTH_HEADER='867',REQUEST_PROTOCOL='http/1.1',REQUEST_URL='https://uob-timetable-api.adriankeenan.co.uk/sessions?dept=BD002&course=CFIEFAAF%2F02AA%2F0%2FFT&level=ALL+Courses',
08-04 12:06:04.164 21416 21416 E chromium: [ERROR:filesystem_posix.cc(62)] mkdir /data/user/0/baseline.com.ak.uobtimetable/cache/WebView/Crashpad: No such file or directory (2)
08-04 12:06:04.172 21871 21871 I LoadedApk: No resource references to update in package com.google.android.webview_translations
08-04 12:06:04.191 21416 21864 I HTTP    : Response was compressed.
08-04 12:06:04.206 21416 21864 I Service : getSessions response time: 1.12
08-04 12:06:04.219   918  5132 D ConnectivityService: listenForNetwork for Listen from uid/pid:10659/21416 for NetworkRequest [ id=2640, legacyType=-1, [ Capabilities: INTERNET&NOT_RESTRICTED&TRUSTED] ]
08-04 12:06:04.243 21416 21893 W cr_media: Requires BLUETOOTH permission
08-04 12:06:04.254 21416 21906 E libEGL  : validate_display:255 error 3008 (EGL_BAD_DISPLAY)
08-04 12:06:04.256 21416 21416 D TermDatesFragment: WebView loaded
08-04 12:06:04.257 21416 21416 D MainActivity: OnResume
08-04 12:06:04.277 21416 21416 I SettingsManager: Getting string: savedSessions
08-04 12:06:04.286 21416 21416 I SettingsManager: Setting string: savedSessions
08-04 12:06:04.297   918  3670 W BackupManagerService: dataChanged but no participant pkg='baseline.com.ak.uobtimetable' uid=10659
08-04 12:06:04.297 21416 21416 I SettingsManager: Setting date: savedSessionsTime
08-04 12:06:04.303   918  5952 W BackupManagerService: dataChanged but no participant pkg='baseline.com.ak.uobtimetable' uid=10659
08-04 12:06:04.304 21416 21416 I SettingsManager: Setting string: savedSessionsCourseName
08-04 12:06:04.311   918  3359 W BackupManagerService: dataChanged but no participant pkg='baseline.com.ak.uobtimetable' uid=10659
08-04 12:06:04.311 21416 21416 I SettingsManager: Setting string: savedSessionsDateRange
08-04 12:06:04.318   918  6110 W BackupManagerService: dataChanged but no participant pkg='baseline.com.ak.uobtimetable' uid=10659
08-04 12:06:04.318 21416 21416 I SettingsManager: Setting string: timetableUrl
08-04 12:06:04.322   918  3961 W BackupManagerService: dataChanged but no participant pkg='baseline.com.ak.uobtimetable' uid=10659
08-04 12:06:04.323 21416 21416 I SettingsManager: Getting boolean: notifySessionRemindersEnabled
08-04 12:06:04.323 21416 21416 I SettingsManager: Getting int: notifySessionRemindersMinutes
08-04 12:06:04.323 21416 21416 I SettingsManager: Getting boolean: showHiddenSessions
08-04 12:06:04.344 21416 21428 I art     : Starting a blocking GC Explicit
08-04 12:06:04.348 21416 21416 I SessionReminderNotifier: Created session reminder alarm for f7b4771250a919bd729c1c5a4a459c77 at Mon 08:30:00 10/08/20
08-04 12:06:04.350 21416 21416 I SessionReminderNotifier: Created session reminder alarm for a7f879aabdeb78622c8820a5fb7b64cd at Tue 08:30:00 11/08/20
08-04 12:06:04.351 21416 21416 I SessionReminderNotifier: Created session reminder alarm for 7bc8d7e2c2055711f597c3d9078c6ea3 at Tue 08:30:00 11/08/20
08-04 12:06:04.352 21416 21416 I SessionReminderNotifier: Created session reminder alarm for e0fc978b5db8218778540b4053344581 at Tue 11:00:00 11/08/20
08-04 12:06:04.355 21416 21416 I SessionReminderNotifier: Created session reminder alarm for 21712fef61090882c855a1425543edb5 at Tue 13:30:00 04/08/20
08-04 12:06:04.357 21416 21416 I SessionReminderNotifier: Created session reminder alarm for 65ca4d97f031f29a4d02bbb45a705d8f at Wed 08:30:00 05/08/20
08-04 12:06:04.359 21416 21416 I SessionReminderNotifier: Created session reminder alarm for eeda7741b0bcab58fd9f46dc6ef1d942 at Wed 08:30:00 05/08/20
08-04 12:06:04.360 21416 21416 I SessionReminderNotifier: Created session reminder alarm for c276c1b2075a0beb67f1b3d1e580f920 at Wed 11:00:00 05/08/20
08-04 12:06:04.361 21416 21416 I SessionReminderNotifier: Created session reminder alarm for 79fe0b5c3b887a13ba29db5a33fa2800 at Thu 08:30:00 06/08/20
08-04 12:06:04.362 21416 21416 I SessionReminderNotifier: Created session reminder alarm for 2ba1034116e4fffdd592dbf0796a43d5 at Fri 08:30:00 07/08/20
08-04 12:06:04.362 21416 21416 I SettingsManager: Getting boolean: showHiddenSessions
08-04 12:06:04.363 21416 21416 D SessionListsFragment: 1 sessions for day 0
08-04 12:06:04.363 21416 21416 D SessionListsFragment: 4 sessions for day 1
08-04 12:06:04.363 21416 21416 D SessionListsFragment: 3 sessions for day 2
08-04 12:06:04.363 21416 21416 D SessionListsFragment: 1 sessions for day 3
08-04 12:06:04.363 21416 21416 D SessionListsFragment: 1 sessions for day 4
08-04 12:06:04.378 21416 21416 I SettingsManager: Getting boolean: showHiddenSessions
08-04 12:06:04.380 21416 21416 D SessionListsFragment: Refreshed ViewPager
08-04 12:06:04.380 21416 21416 I SettingsManager: Getting boolean: showHiddenSessions
08-04 12:06:04.380 21416 21416 I SettingsManager: Getting boolean: completedTutorial
08-04 12:06:04.386 21416 21428 I art     : Explicit concurrent mark sweep GC freed 25228(1718KB) AllocSpace objects, 9(240KB) LOS objects, 31% free, 35MB/51MB, paused 602us total 41.913ms
08-04 12:06:04.394 21416 21416 I SettingsManager: Getting boolean: showHiddenSessions
08-04 12:06:04.394 21416 21416 I SettingsManager: Getting date: savedSessionsTime
08-04 12:06:04.398 21416 21428 I art     : Starting a blocking GC Explicit
08-04 12:06:04.403 21416 21416 I TermDatesFragment: Webview load %: 10
08-04 12:06:04.429   512  2967 D audio_hw_primary: disable_audio_route: reset and update mixer path: low-latency-playback speaker
08-04 12:06:04.430   512  2967 D audio_hw_primary: disable_snd_device: snd_device(2: speaker)
08-04 12:06:04.437 21416 21428 I art     : Explicit concurrent mark sweep GC freed 5237(438KB) AllocSpace objects, 4(112KB) LOS objects, 31% free, 35MB/51MB, paused 939us total 38.085ms
08-04 12:06:04.438   512  2967 I soundtrigger: audio_extn_sound_trigger_update_device_status: device 0x2 of type 0 for Event 0
08-04 12:06:04.449 21416 21428 I art     : Starting a blocking GC Explicit
08-04 12:06:04.492 21416 21428 I art     : Explicit concurrent mark sweep GC freed 30045(1225KB) AllocSpace objects, 0(0B) LOS objects, 30% free, 35MB/51MB, paused 1.128ms total 43.365ms
08-04 12:06:04.498   918   927 I art     : Background partial concurrent mark sweep GC freed 83344(8MB) AllocSpace objects, 77(1564KB) LOS objects, 18% free, 68MB/84MB, paused 1.243ms total 145.312ms
08-04 12:06:04.506 21416 21428 I art     : Starting a blocking GC Explicit
08-04 12:06:04.561 21416 21428 I art     : Explicit concurrent mark sweep GC freed 23112(966KB) AllocSpace objects, 0(0B) LOS objects, 30% free, 35MB/51MB, paused 796us total 54.372ms
08-04 12:06:04.575 21416 21428 I art     : Starting a blocking GC Explicit
08-04 12:06:04.620 21416 21428 I art     : Explicit concurrent mark sweep GC freed 31581(1284KB) AllocSpace objects, 0(0B) LOS objects, 30% free, 36MB/52MB, paused 2.211ms total 45.435ms
08-04 12:06:04.887 21416 21428 I art     : Starting a blocking GC Explicit
08-04 12:06:04.941 21416 21428 I art     : Explicit concurrent mark sweep GC freed 121104(4MB) AllocSpace objects, 4(220KB) LOS objects, 30% free, 37MB/53MB, paused 573us total 53.069ms
08-04 12:06:04.956 21416 21428 I art     : Starting a blocking GC Explicit
08-04 12:06:04.983   918   936 I ActivityManager: Displayed baseline.com.ak.uobtimetable/.MainActivity: +1s69ms
08-04 12:06:05.005 21416 21428 I art     : Explicit concurrent mark sweep GC freed 13617(782KB) AllocSpace objects, 0(0B) LOS objects, 30% free, 36MB/52MB, paused 739us total 48.315ms
08-04 12:06:05.018 21416 21428 I art     : Starting a blocking GC Explicit
08-04 12:06:05.065 21416 21428 I art     : Explicit concurrent mark sweep GC freed 37988(1518KB) AllocSpace objects, 0(0B) LOS objects, 30% free, 36MB/52MB, paused 672us total 47.060ms
08-04 12:06:05.082 21416 21428 I art     : Starting a blocking GC Explicit
08-04 12:06:05.136 21416 21428 I art     : Explicit concurrent mark sweep GC freed 40050(1645KB) AllocSpace objects, 0(0B) LOS objects, 30% free, 37MB/53MB, paused 708us total 53.350ms
08-04 12:06:05.153 21416 21428 I art     : Starting a blocking GC Explicit
08-04 12:06:05.169 21416 21416 I TermDatesFragment: Webview load %: 70
08-04 12:06:05.194 21416 21416 I TermDatesFragment: Webview load %: 80
08-04 12:06:05.194 21416 21416 I TermDatesFragment: Webview load %: 100
08-04 12:06:05.194 21416 21416 I TermDatesFragment: Webview load %: 100
08-04 12:06:05.205 21416 21428 I art     : Explicit concurrent mark sweep GC freed 9037(416KB) AllocSpace objects, 0(0B) LOS objects, 30% free, 37MB/53MB, paused 335us total 52.337ms
08-04 12:06:05.503 21416 21429 I art     : Starting a blocking GC Explicit
08-04 12:06:05.563 21416 21429 I art     : Explicit concurrent mark sweep GC freed 2220(131KB) AllocSpace objects, 1(20KB) LOS objects, 30% free, 36MB/52MB, paused 361us total 59.740ms
08-04 12:06:05.577 21416 21429 I art     : Starting a blocking GC Explicit
08-04 12:06:05.617 21416 21429 I art     : Explicit concurrent mark sweep GC freed 121444(11MB) AllocSpace objects, 3(136KB) LOS objects, 38% free, 25MB/41MB, paused 247us total 39.320ms
08-04 12:06:05.627 21416 21429 I art     : Starting a blocking GC Explicit
08-04 12:06:05.650 21416 21429 I art     : Explicit concurrent mark sweep GC freed 3(96B) AllocSpace objects, 0(0B) LOS objects, 38% free, 25MB/41MB, paused 225us total 23.444ms
08-04 12:06:05.659 21416 21429 I art     : Starting a blocking GC Explicit
08-04 12:06:05.683 21416 21429 I art     : Explicit concurrent mark sweep GC freed 35(1632B) AllocSpace objects, 0(0B) LOS objects, 38% free, 25MB/41MB, paused 241us total 24.140ms
08-04 12:06:05.693 21416 21429 I art     : Starting a blocking GC Explicit
08-04 12:06:05.718 21416 21429 I art     : Explicit concurrent mark sweep GC freed 131(6KB) AllocSpace objects, 0(0B) LOS objects, 38% free, 25MB/41MB, paused 244us total 25.501ms
08-04 12:06:05.741   518   646 I ThermalEngine: ACTION: GPU - Setting GPU[0] to 510000000
08-04 12:06:06.043 21416 21628 I art     : Starting a blocking GC Explicit
08-04 12:06:06.088 21416 21628 I art     : Explicit concurrent mark sweep GC freed 1324(76KB) AllocSpace objects, 1(20KB) LOS objects, 38% free, 25MB/41MB, paused 374us total 45.028ms
08-04 12:06:06.101 21416 21628 I art     : Starting a blocking GC Explicit
08-04 12:06:06.133 21416 21628 I art     : Explicit concurrent mark sweep GC freed 50(1664B) AllocSpace objects, 0(0B) LOS objects, 38% free, 25MB/41MB, paused 311us total 31.830ms
08-04 12:06:06.145 21416 21628 I art     : Starting a blocking GC Explicit
08-04 12:06:06.174 21416 21628 I art     : Explicit concurrent mark sweep GC freed 24(768B) AllocSpace objects, 0(0B) LOS objects, 38% free, 25MB/41MB, paused 318us total 28.780ms
08-04 12:06:06.185 21416 21628 I art     : Starting a blocking GC Explicit
08-04 12:06:06.213 21416 21628 I art     : Explicit concurrent mark sweep GC freed 24(768B) AllocSpace objects, 0(0B) LOS objects, 38% free, 25MB/41MB, paused 422us total 28.274ms
08-04 12:06:06.225 21416 21628 I art     : Starting a blocking GC Explicit
08-04 12:06:06.254 21416 21628 I art     : Explicit concurrent mark sweep GC freed 31(992B) AllocSpace objects, 0(0B) LOS objects, 38% free, 25MB/41MB, paused 288us total 28.751ms
08-04 12:06:06.579 21416 21429 I art     : Starting a blocking GC Explicit
08-04 12:06:06.614 21416 21429 I art     : Explicit concurrent mark sweep GC freed 1337(77KB) AllocSpace objects, 1(20KB) LOS objects, 38% free, 25MB/41MB, paused 297us total 35.127ms
08-04 12:06:06.629 21416 21429 I art     : Starting a blocking GC Explicit
08-04 12:06:06.666 21416 21429 I art     : Explicit concurrent mark sweep GC freed 24(816B) AllocSpace objects, 0(0B) LOS objects, 38% free, 25MB/41MB, paused 320us total 36.364ms
08-04 12:06:06.682 21416 21429 I art     : Starting a blocking GC Explicit
08-04 12:06:06.717 21416 21429 I art     : Explicit concurrent mark sweep GC freed 6(192B) AllocSpace objects, 0(0B) LOS objects, 38% free, 25MB/41MB, paused 341us total 35.008ms
08-04 12:06:06.730 21416 21429 I art     : Starting a blocking GC Explicit
08-04 12:06:06.763 21416 21429 I art     : Explicit concurrent mark sweep GC freed 4(160B) AllocSpace objects, 0(0B) LOS objects, 38% free, 25MB/41MB, paused 300us total 33.089ms
08-04 12:06:06.775 21416 21429 I art     : Starting a blocking GC Explicit
08-04 12:06:06.807 21416 21429 I art     : Explicit concurrent mark sweep GC freed 3(96B) AllocSpace objects, 0(0B) LOS objects, 38% free, 25MB/41MB, paused 424us total 31.390ms
08-04 12:06:07.127 21416 21628 I art     : Starting a blocking GC Explicit
08-04 12:06:07.169 21416 21628 I art     : Explicit concurrent mark sweep GC freed 1293(75KB) AllocSpace objects, 1(20KB) LOS objects, 38% free, 25MB/41MB, paused 368us total 41.207ms
08-04 12:06:07.182 21416 21628 I art     : Starting a blocking GC Explicit
08-04 12:06:07.215 21416 21628 I art     : Explicit concurrent mark sweep GC freed 18(624B) AllocSpace objects, 0(0B) LOS objects, 38% free, 25MB/41MB, paused 321us total 32.735ms
08-04 12:06:07.227 21416 21628 I art     : Starting a blocking GC Explicit
08-04 12:06:07.260 21416 21628 I art     : Explicit concurrent mark sweep GC freed 3(96B) AllocSpace objects, 0(0B) LOS objects, 38% free, 25MB/41MB, paused 314us total 33.431ms
08-04 12:06:07.272 21416 21628 I art     : Starting a blocking GC Explicit
08-04 12:06:07.305 21416 21628 I art     : Explicit concurrent mark sweep GC freed 3(96B) AllocSpace objects, 0(0B) LOS objects, 38% free, 25MB/41MB, paused 319us total 32.433ms
08-04 12:06:07.318 21416 21628 I art     : Starting a blocking GC Explicit
08-04 12:06:07.350 21416 21628 I art     : Explicit concurrent mark sweep GC freed 3(96B) AllocSpace objects, 0(0B) LOS objects, 38% free, 25MB/41MB, paused 319us total 32.490ms
08-04 12:06:07.374 15756 15756 I Atfwd_Sendcmd: AtCmdFwd service not ready - Exhausted retry attempts - :6
08-04 12:06:07.375 15756 15756 I Atfwd_Daemon: result : -1 	 ,Init step :2 	 ,qmiErrorCode: 0
08-04 12:06:07.682 21416 21428 I art     : Starting a blocking GC Explicit
08-04 12:06:07.727 21416 21428 I art     : Explicit concurrent mark sweep GC freed 1293(75KB) AllocSpace objects, 1(20KB) LOS objects, 38% free, 25MB/41MB, paused 360us total 44.404ms
08-04 12:06:07.742 21416 21428 I art     : Starting a blocking GC Explicit
08-04 12:06:07.776 21416 21428 I art     : Explicit concurrent mark sweep GC freed 18(624B) AllocSpace objects, 0(0B) LOS objects, 38% free, 25MB/41MB, paused 316us total 33.941ms
08-04 12:06:07.789 21416 21428 I art     : Starting a blocking GC Explicit
08-04 12:06:07.819 21416 21428 I art     : Explicit concurrent mark sweep GC freed 3(96B) AllocSpace objects, 0(0B) LOS objects, 38% free, 25MB/41MB, paused 307us total 29.987ms
08-04 12:06:07.830 21416 21428 I art     : Starting a blocking GC Explicit
08-04 12:06:07.860 21416 21428 I art     : Explicit concurrent mark sweep GC freed 3(96B) AllocSpace objects, 0(0B) LOS objects, 38% free, 25MB/41MB, paused 353us total 30.334ms
08-04 12:06:07.872 21416 21428 I art     : Starting a blocking GC Explicit
08-04 12:06:07.904 21416 21428 I art     : Explicit concurrent mark sweep GC freed 3(96B) AllocSpace objects, 0(0B) LOS objects, 38% free, 25MB/41MB, paused 330us total 31.687ms
08-04 12:06:08.217 21416 21428 I art     : Starting a blocking GC Explicit
08-04 12:06:08.261 21416 21428 I art     : Explicit concurrent mark sweep GC freed 1311(77KB) AllocSpace objects, 1(20KB) LOS objects, 38% free, 25MB/41MB, paused 367us total 43.200ms
08-04 12:06:08.278 21416 21428 I art     : Starting a blocking GC Explicit
08-04 12:06:08.309 21416 21428 I art     : Explicit concurrent mark sweep GC freed 19(640B) AllocSpace objects, 0(0B) LOS objects, 38% free, 25MB/41MB, paused 342us total 31.303ms
08-04 12:06:08.322 21416 21428 I art     : Starting a blocking GC Explicit
08-04 12:06:08.354 21416 21428 I art     : Explicit concurrent mark sweep GC freed 8(240B) AllocSpace objects, 0(0B) LOS objects, 38% free, 25MB/41MB, paused 299us total 31.174ms
08-04 12:06:08.367 21416 21428 I art     : Starting a blocking GC Explicit
08-04 12:06:08.399 21416 21428 I art     : Explicit concurrent mark sweep GC freed 27(1040B) AllocSpace objects, 0(0B) LOS objects, 38% free, 25MB/41MB, paused 360us total 32.551ms
08-04 12:06:08.411 21416 21428 I art     : Starting a blocking GC Explicit
08-04 12:06:08.443 21416 21428 I art     : Explicit concurrent mark sweep GC freed 56(1712B) AllocSpace objects, 0(0B) LOS objects, 38% free, 25MB/41MB, paused 371us total 31.277ms
08-04 12:06:08.564 21992 21992 D AndroidRuntime: >>>>>> START com.android.internal.os.RuntimeInit uid 2000 <<<<<<
08-04 12:06:08.570 21992 21992 D AndroidRuntime: CheckJNI is OFF
08-04 12:06:08.605 21992 21992 D ICU     : No timezone override file found: /data/misc/zoneinfo/current/icu/icu_tzdata.dat
08-04 12:06:08.637 21992 21992 I Radio-JNI: register_android_hardware_Radio DONE
08-04 12:06:08.658 21992 21992 D AndroidRuntime: Calling main entry com.android.commands.input.Input
08-04 12:06:08.660 21992 21992 I Input   : injectMotionEvent: MotionEvent { action=ACTION_DOWN, actionButton=0, id[0]=0, x[0]=1215.0, y[0]=1450.0, toolType[0]=TOOL_TYPE_UNKNOWN, buttonState=0, metaState=0, flags=0x0, edgeFlags=0x0, pointerCount=1, historySize=0, eventTime=705985072, downTime=705985072, deviceId=0, source=0x1002 }
08-04 12:06:08.665 21992 21992 I Input   : injectMotionEvent: MotionEvent { action=ACTION_UP, actionButton=0, id[0]=0, x[0]=1215.0, y[0]=1450.0, toolType[0]=TOOL_TYPE_UNKNOWN, buttonState=0, metaState=0, flags=0x0, edgeFlags=0x0, pointerCount=1, historySize=0, eventTime=705985072, downTime=705985072, deviceId=0, source=0x1002 }
08-04 12:06:08.667 21992 21992 D AndroidRuntime: Shutting down VM
08-04 12:06:08.685   512  2967 D audio_hw_primary: out_set_parameters: enter: usecase(1: low-latency-playback) kvpairs: routing=2
08-04 12:06:08.698   512  2967 D audio_hw_primary: select_devices: out_snd_device(2: speaker) in_snd_device(0: none)
08-04 12:06:08.698   512  2967 D msm8974_platform: platform_send_audio_calibration: sending audio calibration for snd_device(2) acdb_id(15)
08-04 12:06:08.698   512  2967 I soundtrigger: audio_extn_sound_trigger_update_device_status: device 0x2 of type 0 for Event 1
08-04 12:06:08.712   512  2967 D audio_hw_primary: enable_snd_device: snd_device(2: speaker)
08-04 12:06:08.714   512  2967 D audio_hw_primary: enable_audio_route: apply and update mixer path: low-latency-playback speaker
08-04 12:06:08.743 21416 21628 I art     : Starting a blocking GC Explicit
08-04 12:06:08.778 21416 21628 I art     : Explicit concurrent mark sweep GC freed 1855(121KB) AllocSpace objects, 1(20KB) LOS objects, 38% free, 25MB/41MB, paused 368us total 34.417ms
08-04 12:06:08.790 21416 21628 I art     : Starting a blocking GC Explicit
08-04 12:06:08.822 21416 21628 I art     : Explicit concurrent mark sweep GC freed 1046(73KB) AllocSpace objects, 1(40KB) LOS objects, 38% free, 25MB/41MB, paused 288us total 31.515ms
08-04 12:06:08.834 21416 21628 I art     : Starting a blocking GC Explicit
08-04 12:06:08.866 21416 21628 I art     : Explicit concurrent mark sweep GC freed 3(96B) AllocSpace objects, 0(0B) LOS objects, 38% free, 25MB/41MB, paused 290us total 32.040ms
08-04 12:06:08.882 21416 21628 I art     : Starting a blocking GC Explicit
08-04 12:06:08.917 21416 21628 I art     : Explicit concurrent mark sweep GC freed 3(96B) AllocSpace objects, 0(0B) LOS objects, 38% free, 25MB/41MB, paused 333us total 34.462ms
08-04 12:06:08.930 21416 21628 I art     : Starting a blocking GC Explicit
08-04 12:06:08.964 21416 21628 I art     : Explicit concurrent mark sweep GC freed 3(96B) AllocSpace objects, 0(0B) LOS objects, 38% free, 25MB/41MB, paused 313us total 33.771ms
08-04 12:06:09.237 21416 21428 I art     : Starting a blocking GC Explicit
08-04 12:06:09.259   512  2967 D audio_hw_primary: disable_audio_route: reset and update mixer path: low-latency-playback speaker
08-04 12:06:09.260   512  2967 D audio_hw_primary: disable_snd_device: snd_device(2: speaker)
08-04 12:06:09.269   512  2967 I soundtrigger: audio_extn_sound_trigger_update_device_status: device 0x2 of type 0 for Event 0
08-04 12:06:09.282 21416 21428 I art     : Explicit concurrent mark sweep GC freed 1293(75KB) AllocSpace objects, 1(20KB) LOS objects, 38% free, 25MB/41MB, paused 476us total 43.558ms
08-04 12:06:09.299 21416 21428 I art     : Starting a blocking GC Explicit
08-04 12:06:09.331 21416 21428 I art     : Explicit concurrent mark sweep GC freed 18(624B) AllocSpace objects, 0(0B) LOS objects, 38% free, 25MB/41MB, paused 380us total 31.274ms
08-04 12:06:09.343 21416 21428 I art     : Starting a blocking GC Explicit
08-04 12:06:09.374 21416 21428 I art     : Explicit concurrent mark sweep GC freed 3(96B) AllocSpace objects, 0(0B) LOS objects, 38% free, 25MB/41MB, paused 318us total 31.179ms
08-04 12:06:09.386 21416 21428 I art     : Starting a blocking GC Explicit
08-04 12:06:09.419 21416 21428 I art     : Explicit concurrent mark sweep GC freed 5(176B) AllocSpace objects, 0(0B) LOS objects, 38% free, 25MB/41MB, paused 321us total 32.766ms
08-04 12:06:09.432 21416 21428 I art     : Starting a blocking GC Explicit
08-04 12:06:09.465 21416 21428 I art     : Explicit concurrent mark sweep GC freed 3(96B) AllocSpace objects, 0(0B) LOS objects, 38% free, 25MB/41MB, paused 325us total 32.811ms
08-04 12:06:09.768 21416 21628 I art     : Starting a blocking GC Explicit
08-04 12:06:09.814 21416 21628 I art     : Explicit concurrent mark sweep GC freed 1293(75KB) AllocSpace objects, 1(20KB) LOS objects, 38% free, 25MB/41MB, paused 336us total 45.523ms
08-04 12:06:09.829 21416 21628 I art     : Starting a blocking GC Explicit
08-04 12:06:09.863 21416 21628 I art     : Explicit concurrent mark sweep GC freed 18(624B) AllocSpace objects, 0(0B) LOS objects, 38% free, 25MB/41MB, paused 338us total 33.784ms
08-04 12:06:09.875 21416 21628 I art     : Starting a blocking GC Explicit
08-04 12:06:09.910 21416 21628 I art     : Explicit concurrent mark sweep GC freed 3(96B) AllocSpace objects, 0(0B) LOS objects, 38% free, 25MB/41MB, paused 311us total 33.942ms
08-04 12:06:09.921 21416 21628 I art     : Starting a blocking GC Explicit
08-04 12:06:09.953 21416 21628 I art     : Explicit concurrent mark sweep GC freed 3(96B) AllocSpace objects, 0(0B) LOS objects, 38% free, 25MB/41MB, paused 322us total 30.949ms
08-04 12:06:09.965 21416 21628 I art     : Starting a blocking GC Explicit
08-04 12:06:09.995 21416 21628 I art     : Explicit concurrent mark sweep GC freed 3(96B) AllocSpace objects, 0(0B) LOS objects, 38% free, 25MB/41MB, paused 315us total 30.297ms
08-04 12:06:10.277 21416 21429 I art     : Starting a blocking GC Explicit
08-04 12:06:10.310 21416 21429 I art     : Explicit concurrent mark sweep GC freed 1293(75KB) AllocSpace objects, 1(20KB) LOS objects, 38% free, 25MB/41MB, paused 329us total 33.013ms
08-04 12:06:10.323 21416 21429 I art     : Starting a blocking GC Explicit
08-04 12:06:10.333 22041 22041 D AndroidRuntime: >>>>>> START com.android.internal.os.RuntimeInit uid 2000 <<<<<<
08-04 12:06:10.338 22041 22041 D AndroidRuntime: CheckJNI is OFF
08-04 12:06:10.360 21416 21429 I art     : Explicit concurrent mark sweep GC freed 22(752B) AllocSpace objects, 0(0B) LOS objects, 38% free, 25MB/41MB, paused 359us total 37.039ms
08-04 12:06:10.373 21416 21429 I art     : Starting a blocking GC Explicit
08-04 12:06:10.380 22041 22041 D ICU     : No timezone override file found: /data/misc/zoneinfo/current/icu/icu_tzdata.dat
08-04 12:06:10.404 21416 21429 I art     : Explicit concurrent mark sweep GC freed 9(288B) AllocSpace objects, 0(0B) LOS objects, 38% free, 25MB/41MB, paused 338us total 30.964ms
08-04 12:06:10.415 22041 22041 I Radio-JNI: register_android_hardware_Radio DONE
08-04 12:06:10.417 21416 21429 I art     : Starting a blocking GC Explicit
08-04 12:06:10.438 22041 22041 D AndroidRuntime: Calling main entry com.android.commands.input.Input
08-04 12:06:10.440 22041 22041 I Input   : injectMotionEvent: MotionEvent { action=ACTION_DOWN, actionButton=0, id[0]=0, x[0]=1215.0, y[0]=1482.0, toolType[0]=TOOL_TYPE_UNKNOWN, buttonState=0, metaState=0, flags=0x0, edgeFlags=0x0, pointerCount=1, historySize=0, eventTime=705986853, downTime=705986853, deviceId=0, source=0x1002 }
08-04 12:06:10.446 22041 22041 I Input   : injectMotionEvent: MotionEvent { action=ACTION_UP, actionButton=0, id[0]=0, x[0]=1215.0, y[0]=1482.0, toolType[0]=TOOL_TYPE_UNKNOWN, buttonState=0, metaState=0, flags=0x0, edgeFlags=0x0, pointerCount=1, historySize=0, eventTime=705986853, downTime=705986853, deviceId=0, source=0x1002 }
08-04 12:06:10.448 22041 22041 D AndroidRuntime: Shutting down VM
08-04 12:06:10.449 21416 21429 I art     : Explicit concurrent mark sweep GC freed 10(288B) AllocSpace objects, 0(0B) LOS objects, 38% free, 25MB/41MB, paused 348us total 31.638ms
08-04 12:06:10.453   512  2967 D audio_hw_primary: out_set_parameters: enter: usecase(1: low-latency-playback) kvpairs: routing=2
08-04 12:06:10.462 21416 21429 I art     : Starting a blocking GC Explicit
08-04 12:06:10.465   512  2967 D audio_hw_primary: select_devices: out_snd_device(2: speaker) in_snd_device(0: none)
08-04 12:06:10.465   512  2967 D msm8974_platform: platform_send_audio_calibration: sending audio calibration for snd_device(2) acdb_id(15)
08-04 12:06:10.466   512  2967 I soundtrigger: audio_extn_sound_trigger_update_device_status: device 0x2 of type 0 for Event 1
08-04 12:06:10.467 21416 21416 I SettingsManager: Setting boolean: completedTutorial
08-04 12:06:10.474   918  6029 W BackupManagerService: dataChanged but no participant pkg='baseline.com.ak.uobtimetable' uid=10659
08-04 12:06:10.476   512  2967 D audio_hw_primary: enable_snd_device: snd_device(2: speaker)
08-04 12:06:10.478   512  2967 D audio_hw_primary: enable_audio_route: apply and update mixer path: low-latency-playback speaker
08-04 12:06:10.479 21416 21432 D OpenGLRenderer: endAllStagingAnimators on 0x7f99e23000 (RippleDrawable) with handle 0x7f9a1cae40
08-04 12:06:10.485 13866 13866 I GoogleInputMethodServic: GoogleInputMethodService.onFinishInput():3138 
08-04 12:06:10.486 13866 13866 I GoogleInputMethodServic: GoogleInputMethodService.onStartInput():1808 
08-04 12:06:10.494 21416 21429 I art     : Explicit concurrent mark sweep GC freed 400(32KB) AllocSpace objects, 1(20KB) LOS objects, 38% free, 25MB/41MB, paused 397us total 31.252ms
08-04 12:06:10.772 21416 21429 I art     : Starting a blocking GC Explicit
08-04 12:06:10.804 21416 21429 I art     : Explicit concurrent mark sweep GC freed 1471(83KB) AllocSpace objects, 1(20KB) LOS objects, 38% free, 25MB/41MB, paused 337us total 31.476ms
08-04 12:06:10.815 21416 21429 I art     : Starting a blocking GC Explicit
08-04 12:06:10.847 21416 21429 I art     : Explicit concurrent mark sweep GC freed 892(63KB) AllocSpace objects, 1(40KB) LOS objects, 38% free, 25MB/41MB, paused 333us total 31.704ms
08-04 12:06:10.860 21416 21429 I art     : Starting a blocking GC Explicit
08-04 12:06:10.892 21416 21429 I art     : Explicit concurrent mark sweep GC freed 3(96B) AllocSpace objects, 0(0B) LOS objects, 38% free, 25MB/41MB, paused 329us total 32.245ms
08-04 12:06:10.904 21416 21429 I art     : Starting a blocking GC Explicit
08-04 12:06:10.937 21416 21429 I art     : Explicit concurrent mark sweep GC freed 3(96B) AllocSpace objects, 0(0B) LOS objects, 38% free, 25MB/41MB, paused 331us total 32.467ms
08-04 12:06:10.949 21416 21429 I art     : Starting a blocking GC Explicit
08-04 12:06:10.983 21416 21429 I art     : Explicit concurrent mark sweep GC freed 3(96B) AllocSpace objects, 0(0B) LOS objects, 38% free, 25MB/41MB, paused 363us total 33.122ms
08-04 12:06:11.019   512  2967 D audio_hw_primary: disable_audio_route: reset and update mixer path: low-latency-playback speaker
08-04 12:06:11.020   512  2967 D audio_hw_primary: disable_snd_device: snd_device(2: speaker)
08-04 12:06:11.028   512  2967 I soundtrigger: audio_extn_sound_trigger_update_device_status: device 0x2 of type 0 for Event 0
08-04 12:06:11.277 21416 21628 I art     : Starting a blocking GC Explicit
08-04 12:06:11.320 21416 21628 I art     : Explicit concurrent mark sweep GC freed 1293(75KB) AllocSpace objects, 1(20KB) LOS objects, 38% free, 25MB/41MB, paused 436us total 42.480ms
08-04 12:06:11.337 21416 21628 I art     : Starting a blocking GC Explicit
08-04 12:06:11.370 21416 21628 I art     : Explicit concurrent mark sweep GC freed 18(624B) AllocSpace objects, 0(0B) LOS objects, 38% free, 25MB/41MB, paused 330us total 33.555ms
08-04 12:06:11.383 21416 21628 I art     : Starting a blocking GC Explicit
08-04 12:06:11.417 21416 21628 I art     : Explicit concurrent mark sweep GC freed 3(96B) AllocSpace objects, 0(0B) LOS objects, 38% free, 25MB/41MB, paused 329us total 33.574ms
08-04 12:06:11.429 21416 21628 I art     : Starting a blocking GC Explicit
08-04 12:06:11.462 21416 21628 I art     : Explicit concurrent mark sweep GC freed 3(96B) AllocSpace objects, 0(0B) LOS objects, 38% free, 25MB/41MB, paused 339us total 32.319ms
08-04 12:06:11.474 21416 21628 I art     : Starting a blocking GC Explicit
08-04 12:06:11.507 21416 21628 I art     : Explicit concurrent mark sweep GC freed 3(96B) AllocSpace objects, 0(0B) LOS objects, 38% free, 25MB/41MB, paused 477us total 32.955ms
08-04 12:06:11.797 21416 21428 I art     : Starting a blocking GC Explicit
08-04 12:06:11.830 21416 21428 I art     : Explicit concurrent mark sweep GC freed 1293(75KB) AllocSpace objects, 1(20KB) LOS objects, 38% free, 25MB/41MB, paused 338us total 32.817ms
08-04 12:06:11.842 21416 21428 I art     : Starting a blocking GC Explicit
08-04 12:06:11.874 21416 21428 I art     : Explicit concurrent mark sweep GC freed 18(624B) AllocSpace objects, 0(0B) LOS objects, 38% free, 25MB/41MB, paused 330us total 31.472ms
08-04 12:06:11.885 21416 21428 I art     : Starting a blocking GC Explicit
08-04 12:06:11.916 21416 21428 I art     : Explicit concurrent mark sweep GC freed 3(96B) AllocSpace objects, 0(0B) LOS objects, 38% free, 25MB/41MB, paused 326us total 30.851ms
08-04 12:06:11.928 21416 21428 I art     : Starting a blocking GC Explicit
08-04 12:06:11.959 21416 21428 I art     : Explicit concurrent mark sweep GC freed 3(96B) AllocSpace objects, 0(0B) LOS objects, 38% free, 25MB/41MB, paused 322us total 30.899ms
08-04 12:06:11.971 21416 21428 I art     : Starting a blocking GC Explicit
08-04 12:06:12.003 21416 21428 I art     : Explicit concurrent mark sweep GC freed 3(96B) AllocSpace objects, 0(0B) LOS objects, 38% free, 25MB/41MB, paused 321us total 31.685ms
08-04 12:06:12.124 22086 22086 D AndroidRuntime: >>>>>> START com.android.internal.os.RuntimeInit uid 2000 <<<<<<
08-04 12:06:12.131 22086 22086 D AndroidRuntime: CheckJNI is OFF
08-04 12:06:12.166 22086 22086 D ICU     : No timezone override file found: /data/misc/zoneinfo/current/icu/icu_tzdata.dat
08-04 12:06:12.199 22086 22086 I Radio-JNI: register_android_hardware_Radio DONE
08-04 12:06:12.220 22086 22086 D AndroidRuntime: Calling main entry com.android.commands.input.Input
08-04 12:06:12.222 22086 22086 I Input   : injectMotionEvent: MotionEvent { action=ACTION_DOWN, actionButton=0, id[0]=0, x[0]=81.0, y[0]=176.0, toolType[0]=TOOL_TYPE_UNKNOWN, buttonState=0, metaState=0, flags=0x0, edgeFlags=0x0, pointerCount=1, historySize=0, eventTime=705988634, downTime=705988634, deviceId=0, source=0x1002 }
08-04 12:06:12.226 22086 22086 I Input   : injectMotionEvent: MotionEvent { action=ACTION_UP, actionButton=0, id[0]=0, x[0]=81.0, y[0]=176.0, toolType[0]=TOOL_TYPE_UNKNOWN, buttonState=0, metaState=0, flags=0x0, edgeFlags=0x0, pointerCount=1, historySize=0, eventTime=705988634, downTime=705988634, deviceId=0, source=0x1002 }
08-04 12:06:12.228 22086 22086 D AndroidRuntime: Shutting down VM
08-04 12:06:12.236   512  2967 D audio_hw_primary: out_set_parameters: enter: usecase(1: low-latency-playback) kvpairs: routing=2
08-04 12:06:12.249   512  2967 D audio_hw_primary: select_devices: out_snd_device(2: speaker) in_snd_device(0: none)
08-04 12:06:12.250   512  2967 D msm8974_platform: platform_send_audio_calibration: sending audio calibration for snd_device(2) acdb_id(15)
08-04 12:06:12.250   512  2967 I soundtrigger: audio_extn_sound_trigger_update_device_status: device 0x2 of type 0 for Event 1
08-04 12:06:12.263   512  2967 D audio_hw_primary: enable_snd_device: snd_device(2: speaker)
08-04 12:06:12.265   512  2967 D audio_hw_primary: enable_audio_route: apply and update mixer path: low-latency-playback speaker
08-04 12:06:12.300 21416 21628 I art     : Starting a blocking GC Explicit
08-04 12:06:12.330 21416 21628 I art     : Explicit concurrent mark sweep GC freed 1707(96KB) AllocSpace objects, 1(20KB) LOS objects, 38% free, 25MB/41MB, paused 308us total 30.572ms
08-04 12:06:12.342 21416 21628 I art     : Starting a blocking GC Explicit
08-04 12:06:12.370 21416 21628 I art     : Explicit concurrent mark sweep GC freed 24(992B) AllocSpace objects, 0(0B) LOS objects, 38% free, 25MB/41MB, paused 317us total 28.486ms
08-04 12:06:12.381 21416 21628 I art     : Starting a blocking GC Explicit
08-04 12:06:12.410 21416 21628 I art     : Explicit concurrent mark sweep GC freed 3(96B) AllocSpace objects, 0(0B) LOS objects, 38% free, 25MB/41MB, paused 283us total 27.929ms
08-04 12:06:12.421 21416 21628 I art     : Starting a blocking GC Explicit
08-04 12:06:12.450 21416 21628 I art     : Explicit concurrent mark sweep GC freed 3(96B) AllocSpace objects, 0(0B) LOS objects, 38% free, 25MB/41MB, paused 305us total 28.652ms
08-04 12:06:12.461 21416 21628 I art     : Starting a blocking GC Explicit
08-04 12:06:12.490 21416 21628 I art     : Explicit concurrent mark sweep GC freed 11(352B) AllocSpace objects, 0(0B) LOS objects, 38% free, 25MB/41MB, paused 336us total 28.557ms
08-04 12:06:12.764 21416 21429 I art     : Starting a blocking GC Explicit
08-04 12:06:12.797 21416 21429 I art     : Explicit concurrent mark sweep GC freed 1296(75KB) AllocSpace objects, 1(20KB) LOS objects, 38% free, 25MB/41MB, paused 331us total 32.238ms
08-04 12:06:12.800   512  2967 D audio_hw_primary: disable_audio_route: reset and update mixer path: low-latency-playback speaker
08-04 12:06:12.801   512  2967 D audio_hw_primary: disable_snd_device: snd_device(2: speaker)
08-04 12:06:12.810 21416 21429 I art     : Starting a blocking GC Explicit
08-04 12:06:12.810   512  2967 I soundtrigger: audio_extn_sound_trigger_update_device_status: device 0x2 of type 0 for Event 0
08-04 12:06:12.839 21416 21429 I art     : Explicit concurrent mark sweep GC freed 20(688B) AllocSpace objects, 0(0B) LOS objects, 38% free, 25MB/41MB, paused 296us total 28.982ms
08-04 12:06:12.850 21416 21429 I art     : Starting a blocking GC Explicit
08-04 12:06:12.881 21416 21429 I art     : Explicit concurrent mark sweep GC freed 3(96B) AllocSpace objects, 0(0B) LOS objects, 38% free, 25MB/41MB, paused 316us total 30.477ms
08-04 12:06:12.892 21416 21429 I art     : Starting a blocking GC Explicit
08-04 12:06:12.924 21416 21429 I art     : Explicit concurrent mark sweep GC freed 3(96B) AllocSpace objects, 0(0B) LOS objects, 38% free, 25MB/41MB, paused 317us total 31.160ms
08-04 12:06:12.936 21416 21429 I art     : Starting a blocking GC Explicit
08-04 12:06:12.968 21416 21429 I art     : Explicit concurrent mark sweep GC freed 5(160B) AllocSpace objects, 0(0B) LOS objects, 38% free, 25MB/41MB, paused 334us total 31.713ms
08-04 12:06:13.267 21416 21628 I art     : Starting a blocking GC Explicit
08-04 12:06:13.309 21416 21628 I art     : Explicit concurrent mark sweep GC freed 1293(75KB) AllocSpace objects, 1(20KB) LOS objects, 38% free, 25MB/41MB, paused 359us total 42.245ms
08-04 12:06:13.324 21416 21628 I art     : Starting a blocking GC Explicit
08-04 12:06:13.358 21416 21628 I art     : Explicit concurrent mark sweep GC freed 18(624B) AllocSpace objects, 0(0B) LOS objects, 38% free, 25MB/41MB, paused 396us total 33.463ms
08-04 12:06:13.370 21416 21628 I art     : Starting a blocking GC Explicit
08-04 12:06:13.403 21416 21628 I art     : Explicit concurrent mark sweep GC freed 3(96B) AllocSpace objects, 0(0B) LOS objects, 38% free, 25MB/41MB, paused 319us total 32.572ms
08-04 12:06:13.415 21416 21628 I art     : Starting a blocking GC Explicit
08-04 12:06:13.448 21416 21628 I art     : Explicit concurrent mark sweep GC freed 3(96B) AllocSpace objects, 0(0B) LOS objects, 38% free, 25MB/41MB, paused 320us total 32.532ms
08-04 12:06:13.461 21416 21628 I art     : Starting a blocking GC Explicit
08-04 12:06:13.492 21416 21628 I art     : Explicit concurrent mark sweep GC freed 3(96B) AllocSpace objects, 0(0B) LOS objects, 38% free, 25MB/41MB, paused 371us total 31.487ms
08-04 12:06:13.776 21416 21428 I art     : Starting a blocking GC Explicit
08-04 12:06:13.814 21416 21428 I art     : Explicit concurrent mark sweep GC freed 1293(75KB) AllocSpace objects, 1(20KB) LOS objects, 38% free, 25MB/41MB, paused 409us total 36.924ms
08-04 12:06:13.829 21416 21428 I art     : Starting a blocking GC Explicit
08-04 12:06:13.861 21416 21428 I art     : Explicit concurrent mark sweep GC freed 18(624B) AllocSpace objects, 0(0B) LOS objects, 38% free, 25MB/41MB, paused 332us total 31.021ms
08-04 12:06:13.872 21416 21428 I art     : Starting a blocking GC Explicit
08-04 12:06:13.883 22138 22138 D AndroidRuntime: >>>>>> START com.android.internal.os.RuntimeInit uid 2000 <<<<<<
08-04 12:06:13.888 22138 22138 D AndroidRuntime: CheckJNI is OFF
08-04 12:06:13.905 21416 21428 I art     : Explicit concurrent mark sweep GC freed 6(192B) AllocSpace objects, 0(0B) LOS objects, 38% free, 25MB/41MB, paused 483us total 32.217ms
08-04 12:06:13.917 21416 21428 I art     : Starting a blocking GC Explicit
08-04 12:06:13.925 22138 22138 D ICU     : No timezone override file found: /data/misc/zoneinfo/current/icu/icu_tzdata.dat
08-04 12:06:13.947 21416 21428 I art     : Explicit concurrent mark sweep GC freed 8(256B) AllocSpace objects, 0(0B) LOS objects, 38% free, 25MB/41MB, paused 299us total 29.496ms
08-04 12:06:13.958 22138 22138 I Radio-JNI: register_android_hardware_Radio DONE
08-04 12:06:13.958 21416 21428 I art     : Starting a blocking GC Explicit
08-04 12:06:13.979 22138 22138 D AndroidRuntime: Calling main entry com.android.commands.input.Input
08-04 12:06:13.981 22138 22138 I Input   : injectMotionEvent: MotionEvent { action=ACTION_DOWN, actionButton=0, id[0]=0, x[0]=436.0, y[0]=1770.0, toolType[0]=TOOL_TYPE_UNKNOWN, buttonState=0, metaState=0, flags=0x0, edgeFlags=0x0, pointerCount=1, historySize=0, eventTime=705990394, downTime=705990394, deviceId=0, source=0x1002 }
08-04 12:06:13.986 22138 22138 I Input   : injectMotionEvent: MotionEvent { action=ACTION_UP, actionButton=0, id[0]=0, x[0]=436.0, y[0]=1770.0, toolType[0]=TOOL_TYPE_UNKNOWN, buttonState=0, metaState=0, flags=0x0, edgeFlags=0x0, pointerCount=1, historySize=0, eventTime=705990394, downTime=705990394, deviceId=0, source=0x1002 }
08-04 12:06:13.986 21416 21428 I art     : Explicit concurrent mark sweep GC freed 8(256B) AllocSpace objects, 0(0B) LOS objects, 38% free, 25MB/41MB, paused 313us total 27.827ms
08-04 12:06:13.988 22138 22138 D AndroidRuntime: Shutting down VM
08-04 12:06:13.992   512  2967 D audio_hw_primary: out_set_parameters: enter: usecase(1: low-latency-playback) kvpairs: routing=2
08-04 12:06:13.993 21416 21416 D MainActivity: NavigationItemSelected: Courses
08-04 12:06:13.995   918  6111 I ActivityManager: START u0 {cmp=baseline.com.ak.uobtimetable/.CourseListActivity} from uid 10659 on display 0
08-04 12:06:14.005   512  2967 D audio_hw_primary: select_devices: out_snd_device(2: speaker) in_snd_device(0: none)
08-04 12:06:14.005   512  2967 D msm8974_platform: platform_send_audio_calibration: sending audio calibration for snd_device(2) acdb_id(15)
08-04 12:06:14.005   512  2967 I soundtrigger: audio_extn_sound_trigger_update_device_status: device 0x2 of type 0 for Event 1
08-04 12:06:14.013 21416 21416 D MainActivity: OnPause
08-04 12:06:14.014   512  2967 D audio_hw_primary: enable_snd_device: snd_device(2: speaker)
08-04 12:06:14.015   918   937 W ProcessCpuTracker: Skipping unknown process pid 22146
08-04 12:06:14.015   918   937 W ProcessCpuTracker: Skipping unknown process pid 22148
08-04 12:06:14.015   918   937 W ProcessCpuTracker: Skipping unknown process pid 22149
08-04 12:06:14.017   512  2967 D audio_hw_primary: enable_audio_route: apply and update mixer path: low-latency-playback speaker
08-04 12:06:14.040 21416 21416 D CourseListActivity: onCreate
08-04 12:06:14.042 21416 22161 D HTTP    : Request for: https://uob-timetable-api.adriankeenan.co.uk/courses
08-04 12:06:14.095   918   936 I ActivityManager: Displayed baseline.com.ak.uobtimetable/.CourseListActivity: +81ms
08-04 12:06:14.096 13866 13866 I GoogleInputMethodServic: GoogleInputMethodService.onFinishInput():3138 
08-04 12:06:14.098 13866 13866 I GoogleInputMethodServic: GoogleInputMethodService.onStartInput():1808 
08-04 12:06:14.259 21416 21428 I art     : Starting a blocking GC Explicit
08-04 12:06:14.302 21416 22161 I NAPPA_EXPERIMENTATION: MetricNetworkRequestExecutionTime: REQUEST_DURATION_SYSTEM='259',REQUEST_DURATION_OKHTTP='31',REQUEST_SYNCHRONOUS='TRUE',RESPONSE_CODE='200',RESPONSE_METHOD='GET',RESPONSE_LENGTH_OKHTTP='-1',RESPONSE_LENGTH_HEADER='-2',REQUEST_PROTOCOL='http/1.1',REQUEST_URL='https://uob-timetable-api.adriankeenan.co.uk/courses',
08-04 12:06:14.303 21416 21428 I art     : Explicit concurrent mark sweep GC freed 6406(349KB) AllocSpace objects, 4(220KB) LOS objects, 37% free, 26MB/42MB, paused 486us total 43.618ms
08-04 12:06:14.303 21416 21427 I art     : WaitForGcToComplete blocked for 21.493ms for cause HeapTrim
08-04 12:06:14.319 21416 21428 I art     : Starting a blocking GC Explicit
08-04 12:06:14.356 21416 21428 I art     : Explicit concurrent mark sweep GC freed 1760(167KB) AllocSpace objects, 0(0B) LOS objects, 37% free, 26MB/42MB, paused 349us total 37.039ms
08-04 12:06:14.367 21416 21428 I art     : Starting a blocking GC Explicit
08-04 12:06:14.396 21416 21428 I art     : Explicit concurrent mark sweep GC freed 43(1712B) AllocSpace objects, 0(0B) LOS objects, 35% free, 29MB/45MB, paused 449us total 28.211ms
08-04 12:06:14.408 21416 21428 I art     : Starting a blocking GC Explicit
08-04 12:06:14.437 21416 21428 I art     : Explicit concurrent mark sweep GC freed 17(432B) AllocSpace objects, 0(0B) LOS objects, 32% free, 32MB/48MB, paused 407us total 29.152ms
08-04 12:06:14.449 21416 21428 I art     : Starting a blocking GC Explicit
08-04 12:06:14.455 21416 21416 D MainActivity: Saving state
08-04 12:06:14.455 21416 21416 D MainActivity: Saving current fragment: SessionListsFragment
08-04 12:06:14.455 21416 21416 D MainActivity: Saving current index: 1
08-04 12:06:14.457 21416 21416 D SessionListsFragment: Saving state
08-04 12:06:14.483 21416 21428 I art     : Explicit concurrent mark sweep GC freed 201(7KB) AllocSpace objects, 0(0B) LOS objects, 31% free, 35MB/51MB, paused 540us total 34.410ms
08-04 12:06:14.558   512  2967 D audio_hw_primary: disable_audio_route: reset and update mixer path: low-latency-playback speaker
08-04 12:06:14.559   512  2967 D audio_hw_primary: disable_snd_device: snd_device(2: speaker)
08-04 12:06:14.566   512  2967 I soundtrigger: audio_extn_sound_trigger_update_device_status: device 0x2 of type 0 for Event 0
08-04 12:06:14.710 21416 22161 I HTTP    : Response was compressed.
08-04 12:06:14.761 21416 21428 I art     : Starting a blocking GC Explicit
08-04 12:06:14.800 21416 21428 I art     : Explicit concurrent mark sweep GC freed 24246(1132KB) AllocSpace objects, 2(22MB) LOS objects, 27% free, 41MB/57MB, paused 541us total 38.509ms
08-04 12:06:14.811 21416 21428 I art     : Starting a blocking GC Explicit
08-04 12:06:14.845 21416 21428 I art     : Explicit concurrent mark sweep GC freed 27648(1326KB) AllocSpace objects, 0(0B) LOS objects, 27% free, 41MB/57MB, paused 585us total 33.124ms
08-04 12:06:14.856 21416 21428 I art     : Starting a blocking GC Explicit
08-04 12:06:14.891 21416 21428 I art     : Explicit concurrent mark sweep GC freed 25703(1209KB) AllocSpace objects, 0(0B) LOS objects, 27% free, 41MB/57MB, paused 697us total 34.900ms
08-04 12:06:14.903 21416 21428 I art     : Starting a blocking GC Explicit
08-04 12:06:14.939 21416 21428 I art     : Explicit concurrent mark sweep GC freed 26280(1228KB) AllocSpace objects, 0(0B) LOS objects, 27% free, 42MB/58MB, paused 619us total 35.315ms
08-04 12:06:14.951 21416 21428 I art     : Starting a blocking GC Explicit
08-04 12:06:14.987 21416 21428 I art     : Explicit concurrent mark sweep GC freed 26131(1232KB) AllocSpace objects, 0(0B) LOS objects, 27% free, 42MB/58MB, paused 594us total 35.559ms
08-04 12:06:15.269 21416 21628 I art     : Starting a blocking GC Explicit
08-04 12:06:15.324 21416 21628 I art     : Explicit concurrent mark sweep GC freed 176749(8MB) AllocSpace objects, 1(20KB) LOS objects, 26% free, 43MB/59MB, paused 636us total 54.436ms
08-04 12:06:15.339 21416 21628 I art     : Starting a blocking GC Explicit
08-04 12:06:15.380 21416 21628 I art     : Explicit concurrent mark sweep GC freed 36034(1705KB) AllocSpace objects, 0(0B) LOS objects, 26% free, 43MB/59MB, paused 734us total 40.249ms
08-04 12:06:15.393 21416 21628 I art     : Starting a blocking GC Explicit
08-04 12:06:15.434 21416 21628 I art     : Explicit concurrent mark sweep GC freed 29765(1405KB) AllocSpace objects, 0(0B) LOS objects, 26% free, 44MB/60MB, paused 724us total 40.153ms
08-04 12:06:15.447 21416 21628 I art     : Starting a blocking GC Explicit
08-04 12:06:15.486 13866 13882 I PeriodicStatsRunner: PeriodicStatsRunner.call():175 call()
08-04 12:06:15.486 13866 13882 I PeriodicStatsRunner: PeriodicStatsRunner.call():179 No submit PeriodicStats since input started.
08-04 12:06:15.489 21416 21628 I art     : Explicit concurrent mark sweep GC freed 29854(1398KB) AllocSpace objects, 0(0B) LOS objects, 26% free, 44MB/60MB, paused 817us total 41.396ms
08-04 12:06:15.502 21416 21628 I art     : Starting a blocking GC Explicit
08-04 12:06:15.544 21416 21628 I art     : Explicit concurrent mark sweep GC freed 29787(1419KB) AllocSpace objects, 0(0B) LOS objects, 26% free, 44MB/60MB, paused 727us total 41.601ms
08-04 12:06:15.847 21416 21628 I art     : Starting a blocking GC Explicit
08-04 12:06:15.908 21416 21628 I art     : Explicit concurrent mark sweep GC freed 190217(8MB) AllocSpace objects, 1(20KB) LOS objects, 25% free, 46MB/62MB, paused 691us total 60.789ms
08-04 12:06:15.924 21416 21628 I art     : Starting a blocking GC Explicit
08-04 12:06:15.969 21416 21628 I art     : Explicit concurrent mark sweep GC freed 38628(1843KB) AllocSpace objects, 0(0B) LOS objects, 25% free, 46MB/62MB, paused 816us total 43.906ms
08-04 12:06:15.983 21416 21628 I art     : Starting a blocking GC Explicit
08-04 12:06:16.027 21416 21628 I art     : Explicit concurrent mark sweep GC freed 32704(1527KB) AllocSpace objects, 0(0B) LOS objects, 25% free, 46MB/62MB, paused 889us total 44.336ms
08-04 12:06:16.041 21416 21628 I art     : Starting a blocking GC Explicit
08-04 12:06:16.086 21416 21628 I art     : Explicit concurrent mark sweep GC freed 32188(1513KB) AllocSpace objects, 0(0B) LOS objects, 25% free, 46MB/62MB, paused 823us total 44.676ms
08-04 12:06:16.100 21416 21628 I art     : Starting a blocking GC Explicit
08-04 12:06:16.147 21416 21628 I art     : Explicit concurrent mark sweep GC freed 32989(1546KB) AllocSpace objects, 0(0B) LOS objects, 25% free, 46MB/62MB, paused 846us total 46.525ms
08-04 12:06:16.438 21416 21628 I art     : Starting a blocking GC Explicit
08-04 12:06:16.510 21416 21628 I art     : Explicit concurrent mark sweep GC freed 191427(8MB) AllocSpace objects, 1(20KB) LOS objects, 24% free, 48MB/64MB, paused 783us total 72.480ms
08-04 12:06:16.527 21416 21628 I art     : Starting a blocking GC Explicit
08-04 12:06:16.578 21416 21628 I art     : Explicit concurrent mark sweep GC freed 42608(2MB) AllocSpace objects, 0(0B) LOS objects, 24% free, 48MB/64MB, paused 935us total 50.863ms
08-04 12:06:16.594 21416 21628 I art     : Starting a blocking GC Explicit
08-04 12:06:16.646 21416 21628 I art     : Explicit concurrent mark sweep GC freed 36806(1728KB) AllocSpace objects, 0(0B) LOS objects, 24% free, 48MB/64MB, paused 1.053ms total 51.641ms
08-04 12:06:16.662 21416 21628 I art     : Starting a blocking GC Explicit
08-04 12:06:16.717 21416 21628 I art     : Explicit concurrent mark sweep GC freed 36692(1744KB) AllocSpace objects, 0(0B) LOS objects, 24% free, 49MB/65MB, paused 1.037ms total 54.414ms
08-04 12:06:16.733 21416 21628 I art     : Starting a blocking GC Explicit
08-04 12:06:16.788 21416 21628 I art     : Explicit concurrent mark sweep GC freed 37802(1771KB) AllocSpace objects, 0(0B) LOS objects, 24% free, 49MB/65MB, paused 1.039ms total 54.579ms
08-04 12:06:17.088 21416 21429 I art     : Starting a blocking GC Explicit
08-04 12:06:17.164 21416 21429 I art     : Explicit concurrent mark sweep GC freed 193439(8MB) AllocSpace objects, 1(20KB) LOS objects, 23% free, 51MB/67MB, paused 973us total 75.318ms
08-04 12:06:17.182 21416 21429 I art     : Starting a blocking GC Explicit
08-04 12:06:17.240 21416 21429 I art     : Explicit concurrent mark sweep GC freed 46582(2MB) AllocSpace objects, 0(0B) LOS objects, 23% free, 51MB/67MB, paused 1.060ms total 58.016ms
08-04 12:06:17.257 21416 21429 I art     : Starting a blocking GC Explicit
08-04 12:06:17.315 21416 21429 I art     : Explicit concurrent mark sweep GC freed 36640(1735KB) AllocSpace objects, 0(0B) LOS objects, 23% free, 51MB/67MB, paused 1.092ms total 57.309ms
08-04 12:06:17.331 21416 21429 I art     : Starting a blocking GC Explicit
08-04 12:06:17.389 21416 21429 I art     : Explicit concurrent mark sweep GC freed 38406(1809KB) AllocSpace objects, 0(0B) LOS objects, 23% free, 51MB/67MB, paused 1.033ms total 57.048ms
08-04 12:06:17.405 21416 21429 I art     : Starting a blocking GC Explicit
08-04 12:06:17.465 21416 21429 I art     : Explicit concurrent mark sweep GC freed 37878(1776KB) AllocSpace objects, 0(0B) LOS objects, 23% free, 52MB/68MB, paused 1.258ms total 59.548ms
08-04 12:06:17.492 21416 22161 I Service : getCourses response time: 0.69
08-04 12:06:17.508 21416 21416 I SettingsManager: Getting string: savedCourse
08-04 12:06:17.786 21416 21429 I art     : Starting a blocking GC Explicit
08-04 12:06:17.858 21416 21429 I art     : Explicit concurrent mark sweep GC freed 21245(1055KB) AllocSpace objects, 2(15MB) LOS objects, 30% free, 37MB/53MB, paused 370us total 72.204ms
08-04 12:06:17.878 21416 21429 I art     : Starting a blocking GC Explicit
08-04 12:06:17.938 21416 21429 I art     : Explicit concurrent mark sweep GC freed 745(66KB) AllocSpace objects, 0(0B) LOS objects, 30% free, 37MB/53MB, paused 358us total 60.620ms
08-04 12:06:17.959 21416 21429 I art     : Starting a blocking GC Explicit
08-04 12:06:18.019 21416 21429 I art     : Explicit concurrent mark sweep GC freed 3(96B) AllocSpace objects, 0(0B) LOS objects, 30% free, 37MB/53MB, paused 359us total 60.273ms
08-04 12:06:18.039 21416 21429 I art     : Starting a blocking GC Explicit
08-04 12:06:18.100 21416 21429 I art     : Explicit concurrent mark sweep GC freed 3(96B) AllocSpace objects, 0(0B) LOS objects, 30% free, 37MB/53MB, paused 357us total 60.263ms
08-04 12:06:18.119 21416 21429 I art     : Starting a blocking GC Explicit
08-04 12:06:18.181 21416 21429 I art     : Explicit concurrent mark sweep GC freed 3(96B) AllocSpace objects, 0(0B) LOS objects, 30% free, 37MB/53MB, paused 366us total 61.708ms
08-04 12:06:18.509 24365 23406 I NetworkScheduler.Stats: Task com.google.android.gms/com.google.android.gms.icing.service.IcingGcmTaskService started execution. cause:4 exec_start_elapsed_seconds: 1689382 [CONTEXT service_id=218 ]
08-04 12:06:18.514 21416 21628 I art     : Starting a blocking GC Explicit
08-04 12:06:18.517 24365 25567 I NetworkScheduler.Stats: Task com.google.android.gms/com.google.android.gms.icing.service.IcingGcmTaskService finished executing. cause:4 result: 1 elapsed_millis: 26 uptime_millis: 26 exec_start_elapsed_seconds: 1689382 [CONTEXT service_id=218 ]
08-04 12:06:18.533 24365 25567 I NetworkScheduler.Stats: Task com.google.android.apps.gcs/ started execution. cause:5 exec_start_elapsed_seconds: 1689382 [CONTEXT service_id=218 ]
08-04 12:06:18.534 21809 22244 W Gcs.WfaEliRefreshTask: [23831] afk.b: NULL eligibility response.
08-04 12:06:18.536 24365 25567 I NetworkScheduler.Stats: Task com.google.android.apps.gcs/ finished executing. cause:5 result: 3 elapsed_millis: 7 uptime_millis: 7 exec_start_elapsed_seconds: 1689382 [CONTEXT service_id=218 ]
08-04 12:06:18.551 24365 25567 I NetworkScheduler.Stats: Task com.google.android.apps.gcs/ started execution. cause:5 exec_start_elapsed_seconds: 1689382 [CONTEXT service_id=218 ]
08-04 12:06:18.564 21416 21628 I art     : Explicit concurrent mark sweep GC freed 1293(75KB) AllocSpace objects, 1(20KB) LOS objects, 30% free, 37MB/53MB, paused 315us total 50.292ms
08-04 12:06:18.580 21416 21628 I art     : Starting a blocking GC Explicit
08-04 12:06:18.607 24365 23406 I NetworkScheduler.Stats: Task com.google.android.apps.gcs/ finished executing. cause:5 result: 1 elapsed_millis: 68 uptime_millis: 68 exec_start_elapsed_seconds: 1689382 [CONTEXT service_id=218 ]
08-04 12:06:18.628 21416 21628 I art     : Explicit concurrent mark sweep GC freed 18(624B) AllocSpace objects, 0(0B) LOS objects, 30% free, 37MB/53MB, paused 311us total 47.297ms
08-04 12:06:18.645 21416 21628 I art     : Starting a blocking GC Explicit
08-04 12:06:18.699 21416 21628 I art     : Explicit concurrent mark sweep GC freed 3(96B) AllocSpace objects, 0(0B) LOS objects, 30% free, 37MB/53MB, paused 357us total 54.264ms
08-04 12:06:18.718 21416 21628 I art     : Starting a blocking GC Explicit
08-04 12:06:18.778 21416 21628 I art     : Explicit concurrent mark sweep GC freed 3(96B) AllocSpace objects, 0(0B) LOS objects, 30% free, 37MB/53MB, paused 366us total 60.050ms
08-04 12:06:18.798 21416 21628 I art     : Starting a blocking GC Explicit
08-04 12:06:18.859 21416 21628 I art     : Explicit concurrent mark sweep GC freed 3(96B) AllocSpace objects, 0(0B) LOS objects, 30% free, 37MB/53MB, paused 367us total 60.551ms
08-04 12:06:19.097 13866 13882 I PeriodicStatsRunner: PeriodicStatsRunner.call():175 call()
08-04 12:06:19.098 13866 13882 I PeriodicStatsRunner: PeriodicStatsRunner.call():179 No submit PeriodicStats since input started.
08-04 12:06:19.196 21416 21429 I art     : Starting a blocking GC Explicit
08-04 12:06:19.260 21416 21429 I art     : Explicit concurrent mark sweep GC freed 1295(75KB) AllocSpace objects, 1(20KB) LOS objects, 30% free, 37MB/53MB, paused 370us total 63.881ms
08-04 12:06:19.280 21416 21429 I art     : Starting a blocking GC Explicit
08-04 12:06:19.342 21416 21429 I art     : Explicit concurrent mark sweep GC freed 24(768B) AllocSpace objects, 0(0B) LOS objects, 30% free, 37MB/53MB, paused 413us total 61.648ms
08-04 12:06:19.345   918  4400 I ActivityManager: Killing 16934:com.qualcomm.timeservice/1000 (adj 15): empty #17
08-04 12:06:19.361 21416 21429 I art     : Starting a blocking GC Explicit
08-04 12:06:19.421 21416 21429 I art     : Explicit concurrent mark sweep GC freed 40(2128B) AllocSpace objects, 0(0B) LOS objects, 30% free, 37MB/53MB, paused 348us total 59.423ms
08-04 12:06:19.421 21416 21427 I art     : WaitForGcToComplete blocked for 59.697ms for cause HeapTrim
08-04 12:06:19.440 21416 21429 I art     : Starting a blocking GC Explicit
08-04 12:06:19.494 21416 21429 I art     : Explicit concurrent mark sweep GC freed 9(320B) AllocSpace objects, 0(0B) LOS objects, 30% free, 37MB/53MB, paused 349us total 54.061ms
08-04 12:06:19.513 21416 21429 I art     : Starting a blocking GC Explicit
08-04 12:06:19.569 21416 21429 I art     : Explicit concurrent mark sweep GC freed 3(96B) AllocSpace objects, 0(0B) LOS objects, 30% free, 37MB/53MB, paused 366us total 56.213ms
08-04 12:06:19.914 21416 21628 I art     : Starting a blocking GC Explicit
08-04 12:06:20.005 21416 21628 I art     : Explicit concurrent mark sweep GC freed 1294(75KB) AllocSpace objects, 1(20KB) LOS objects, 30% free, 37MB/53MB, paused 400us total 90.234ms
08-04 12:06:20.026 21416 21628 I art     : Starting a blocking GC Explicit
08-04 12:06:20.082 21416 21628 I art     : Explicit concurrent mark sweep GC freed 18(624B) AllocSpace objects, 0(0B) LOS objects, 30% free, 37MB/53MB, paused 358us total 56.152ms
08-04 12:06:20.101 21416 21628 I art     : Starting a blocking GC Explicit
08-04 12:06:20.159 21416 21628 I art     : Explicit concurrent mark sweep GC freed 3(96B) AllocSpace objects, 0(0B) LOS objects, 30% free, 37MB/53MB, paused 351us total 57.646ms
08-04 12:06:20.179 21416 21628 I art     : Starting a blocking GC Explicit
08-04 12:06:20.239 21416 21628 I art     : Explicit concurrent mark sweep GC freed 3(96B) AllocSpace objects, 0(0B) LOS objects, 30% free, 37MB/53MB, paused 352us total 59.767ms
08-04 12:06:20.258 21416 21628 I art     : Starting a blocking GC Explicit
08-04 12:06:20.317 21416 21628 I art     : Explicit concurrent mark sweep GC freed 3(96B) AllocSpace objects, 0(0B) LOS objects, 30% free, 37MB/53MB, paused 367us total 58.421ms
08-04 12:06:20.637 21416 21428 I art     : Starting a blocking GC Explicit
08-04 12:06:20.673 22266 22266 D AndroidRuntime: >>>>>> START com.android.internal.os.RuntimeInit uid 2000 <<<<<<
08-04 12:06:20.678 22266 22266 D AndroidRuntime: CheckJNI is OFF
08-04 12:06:20.706 21416 21428 I art     : Explicit concurrent mark sweep GC freed 1293(75KB) AllocSpace objects, 1(20KB) LOS objects, 30% free, 37MB/53MB, paused 361us total 68.102ms
08-04 12:06:20.715 22266 22266 D ICU     : No timezone override file found: /data/misc/zoneinfo/current/icu/icu_tzdata.dat
08-04 12:06:20.724 21416 21428 I art     : Starting a blocking GC Explicit
08-04 12:06:20.748 22266 22266 I Radio-JNI: register_android_hardware_Radio DONE
08-04 12:06:20.769 22266 22266 D AndroidRuntime: Calling main entry com.android.commands.input.Input
08-04 12:06:20.771 22266 22266 I Input   : injectMotionEvent: MotionEvent { action=ACTION_DOWN, actionButton=0, id[0]=0, x[0]=558.0, y[0]=368.0, toolType[0]=TOOL_TYPE_UNKNOWN, buttonState=0, metaState=0, flags=0x0, edgeFlags=0x0, pointerCount=1, historySize=0, eventTime=705997183, downTime=705997183, deviceId=0, source=0x1002 }
08-04 12:06:20.776 22266 22266 I Input   : injectMotionEvent: MotionEvent { action=ACTION_UP, actionButton=0, id[0]=0, x[0]=558.0, y[0]=368.0, toolType[0]=TOOL_TYPE_UNKNOWN, buttonState=0, metaState=0, flags=0x0, edgeFlags=0x0, pointerCount=1, historySize=0, eventTime=705997183, downTime=705997183, deviceId=0, source=0x1002 }
08-04 12:06:20.778 21416 21428 I art     : Explicit concurrent mark sweep GC freed 37(1568B) AllocSpace objects, 0(0B) LOS objects, 30% free, 37MB/53MB, paused 954us total 53.794ms
08-04 12:06:20.779 22266 22266 D AndroidRuntime: Shutting down VM
08-04 12:06:20.797 21416 21428 I art     : Starting a blocking GC Explicit
08-04 12:06:20.849 21416 21428 I art     : Explicit concurrent mark sweep GC freed 710(82KB) AllocSpace objects, 0(0B) LOS objects, 30% free, 37MB/53MB, paused 477us total 52.138ms
08-04 12:06:20.869 21416 21428 I art     : Starting a blocking GC Explicit
08-04 12:06:20.927 21416 21428 I art     : Explicit concurrent mark sweep GC freed 201(13KB) AllocSpace objects, 0(0B) LOS objects, 30% free, 37MB/53MB, paused 352us total 57.129ms
08-04 12:06:20.947 21416 21428 I art     : Starting a blocking GC Explicit
08-04 12:06:21.000 21416 21428 I art     : Explicit concurrent mark sweep GC freed 51(2320B) AllocSpace objects, 0(0B) LOS objects, 30% free, 37MB/53MB, paused 332us total 53.073ms
08-04 12:06:21.278 21416 21429 I art     : Starting a blocking GC Explicit
08-04 12:06:21.346 21416 21429 I art     : Explicit concurrent mark sweep GC freed 1630(90KB) AllocSpace objects, 1(20KB) LOS objects, 30% free, 37MB/53MB, paused 328us total 67.547ms
08-04 12:06:21.366 21416 21429 I art     : Starting a blocking GC Explicit
08-04 12:06:21.421 21416 21429 I art     : Explicit concurrent mark sweep GC freed 32(1072B) AllocSpace objects, 0(0B) LOS objects, 30% free, 37MB/53MB, paused 314us total 55.379ms
08-04 12:06:21.440 21416 21429 I art     : Starting a blocking GC Explicit
08-04 12:06:21.493 21416 21429 I art     : Explicit concurrent mark sweep GC freed 10(384B) AllocSpace objects, 0(0B) LOS objects, 30% free, 37MB/53MB, paused 356us total 53.418ms
08-04 12:06:21.512 21416 21429 I art     : Starting a blocking GC Explicit
08-04 12:06:21.574 21416 21429 I art     : Explicit concurrent mark sweep GC freed 3(96B) AllocSpace objects, 0(0B) LOS objects, 30% free, 37MB/53MB, paused 396us total 61.797ms
08-04 12:06:21.593 21416 21429 I art     : Starting a blocking GC Explicit
08-04 12:06:21.656 21416 21429 I art     : Explicit concurrent mark sweep GC freed 3(96B) AllocSpace objects, 0(0B) LOS objects, 30% free, 37MB/53MB, paused 359us total 62.189ms
08-04 12:06:21.969 21416 21628 I art     : Starting a blocking GC Explicit
08-04 12:06:22.038 21416 21628 I art     : Explicit concurrent mark sweep GC freed 1293(75KB) AllocSpace objects, 1(20KB) LOS objects, 30% free, 37MB/53MB, paused 453us total 68.534ms
08-04 12:06:22.056 21416 21628 I art     : Starting a blocking GC Explicit
08-04 12:06:22.066   918  3261 D WifiStateMachine: starting scan for "H369AA63323"WPA_PSK with 2412,5180
08-04 12:06:22.112 21416 21628 I art     : Explicit concurrent mark sweep GC freed 18(624B) AllocSpace objects, 0(0B) LOS objects, 30% free, 37MB/53MB, paused 377us total 55.754ms
08-04 12:06:22.131 21416 21628 I art     : Starting a blocking GC Explicit
08-04 12:06:22.186 21416 21628 I art     : Explicit concurrent mark sweep GC freed 3(96B) AllocSpace objects, 0(0B) LOS objects, 30% free, 37MB/53MB, paused 351us total 54.487ms
08-04 12:06:22.204 21416 21628 I art     : Starting a blocking GC Explicit
08-04 12:06:22.260 21416 21628 I art     : Explicit concurrent mark sweep GC freed 3(96B) AllocSpace objects, 0(0B) LOS objects, 30% free, 37MB/53MB, paused 356us total 55.210ms
08-04 12:06:22.278 21416 21628 I art     : Starting a blocking GC Explicit
08-04 12:06:22.335 21416 21628 I art     : Explicit concurrent mark sweep GC freed 3(96B) AllocSpace objects, 0(0B) LOS objects, 30% free, 37MB/53MB, paused 355us total 56.377ms
08-04 12:06:22.427 22316 22316 D AndroidRuntime: >>>>>> START com.android.internal.os.RuntimeInit uid 2000 <<<<<<
08-04 12:06:22.432 22316 22316 D AndroidRuntime: CheckJNI is OFF
08-04 12:06:22.473 22316 22316 D ICU     : No timezone override file found: /data/misc/zoneinfo/current/icu/icu_tzdata.dat
08-04 12:06:22.511 22316 22316 I Radio-JNI: register_android_hardware_Radio DONE
08-04 12:06:22.532 22316 22316 D AndroidRuntime: Calling main entry com.android.commands.input.Input
08-04 12:06:22.534 22316 22316 I Input   : injectMotionEvent: MotionEvent { action=ACTION_DOWN, actionButton=0, id[0]=0, x[0]=945.0, y[0]=1376.0, toolType[0]=TOOL_TYPE_UNKNOWN, buttonState=0, metaState=0, flags=0x0, edgeFlags=0x0, pointerCount=1, historySize=0, eventTime=705998947, downTime=705998947, deviceId=0, source=0x1002 }
08-04 12:06:22.541 22316 22316 I Input   : injectMotionEvent: MotionEvent { action=ACTION_UP, actionButton=0, id[0]=0, x[0]=945.0, y[0]=1376.0, toolType[0]=TOOL_TYPE_UNKNOWN, buttonState=0, metaState=0, flags=0x0, edgeFlags=0x0, pointerCount=1, historySize=0, eventTime=705998947, downTime=705998947, deviceId=0, source=0x1002 }
08-04 12:06:22.543 22316 22316 D AndroidRuntime: Shutting down VM
08-04 12:06:22.615   512  2967 D audio_hw_primary: out_set_parameters: enter: usecase(1: low-latency-playback) kvpairs: routing=2
08-04 12:06:22.629   512  2967 D audio_hw_primary: select_devices: out_snd_device(2: speaker) in_snd_device(0: none)
08-04 12:06:22.629   512  2967 D msm8974_platform: platform_send_audio_calibration: sending audio calibration for snd_device(2) acdb_id(15)
08-04 12:06:22.629   512  2967 I soundtrigger: audio_extn_sound_trigger_update_device_status: device 0x2 of type 0 for Event 1
08-04 12:06:22.633 13866 13866 I GoogleInputMethodServic: GoogleInputMethodService.onFinishInput():3138 
08-04 12:06:22.634 13866 13866 I GoogleInputMethodServic: GoogleInputMethodService.onStartInput():1808 
08-04 12:06:22.637 21416 21428 I art     : Starting a blocking GC Explicit
08-04 12:06:22.641   512  2967 D audio_hw_primary: enable_snd_device: snd_device(2: speaker)
08-04 12:06:22.644   512  2967 D audio_hw_primary: enable_audio_route: apply and update mixer path: low-latency-playback speaker
08-04 12:06:22.646 13866 13866 I GoogleInputMethodServic: GoogleInputMethodService.onFinishInput():3138 
08-04 12:06:22.647 13866 13866 I GoogleInputMethodServic: GoogleInputMethodService.onStartInput():1808 
08-04 12:06:22.704 21416 21428 I art     : Explicit concurrent mark sweep GC freed 2199(129KB) AllocSpace objects, 1(20KB) LOS objects, 30% free, 37MB/53MB, paused 694us total 67.588ms
08-04 12:06:22.722 21416 21428 I art     : Starting a blocking GC Explicit
08-04 12:06:22.777 21416 21428 I art     : Explicit concurrent mark sweep GC freed 799(65KB) AllocSpace objects, 0(0B) LOS objects, 30% free, 37MB/53MB, paused 325us total 55.146ms
08-04 12:06:22.795 21416 21428 I art     : Starting a blocking GC Explicit
08-04 12:06:22.850 21416 21428 I art     : Explicit concurrent mark sweep GC freed 9(352B) AllocSpace objects, 0(0B) LOS objects, 30% free, 37MB/53MB, paused 310us total 54.293ms
08-04 12:06:22.868 21416 21428 I art     : Starting a blocking GC Explicit
08-04 12:06:22.926 21416 21428 I art     : Explicit concurrent mark sweep GC freed 3(96B) AllocSpace objects, 0(0B) LOS objects, 30% free, 37MB/53MB, paused 341us total 57.918ms
08-04 12:06:22.945 21416 21428 I art     : Starting a blocking GC Explicit
08-04 12:06:22.969 21416 21432 D OpenGLRenderer: endAllStagingAnimators on 0x7f80f82000 (ListPopupWindow$DropDownListView) with handle 0x7f76ce92a0
08-04 12:06:23.000 21416 21428 I art     : Explicit concurrent mark sweep GC freed 105(4KB) AllocSpace objects, 0(0B) LOS objects, 30% free, 37MB/53MB, paused 347us total 54.952ms
08-04 12:06:23.189   512  2967 D audio_hw_primary: disable_audio_route: reset and update mixer path: low-latency-playback speaker
08-04 12:06:23.191   512  2967 D audio_hw_primary: disable_snd_device: snd_device(2: speaker)
08-04 12:06:23.199   512  2967 I soundtrigger: audio_extn_sound_trigger_update_device_status: device 0x2 of type 0 for Event 0
08-04 12:06:23.319 21416 21628 I art     : Starting a blocking GC Explicit
08-04 12:06:23.388 21416 21628 I art     : Explicit concurrent mark sweep GC freed 1320(76KB) AllocSpace objects, 1(20KB) LOS objects, 30% free, 37MB/53MB, paused 402us total 68.675ms
08-04 12:06:23.408 21416 21628 I art     : Starting a blocking GC Explicit
08-04 12:06:23.469 21416 21628 I art     : Explicit concurrent mark sweep GC freed 562(38KB) AllocSpace objects, 0(0B) LOS objects, 30% free, 37MB/53MB, paused 363us total 60.848ms
08-04 12:06:23.489 21416 21628 I art     : Starting a blocking GC Explicit
08-04 12:06:23.551 21416 21628 I art     : Explicit concurrent mark sweep GC freed 3(96B) AllocSpace objects, 0(0B) LOS objects, 30% free, 37MB/53MB, paused 441us total 61.812ms
08-04 12:06:23.571 21416 21628 I art     : Starting a blocking GC Explicit
08-04 12:06:23.633 21416 21628 I art     : Explicit concurrent mark sweep GC freed 3(96B) AllocSpace objects, 0(0B) LOS objects, 30% free, 37MB/53MB, paused 360us total 61.563ms
08-04 12:06:23.652 21416 21628 I art     : Starting a blocking GC Explicit
08-04 12:06:23.715 21416 21628 I art     : Explicit concurrent mark sweep GC freed 3(96B) AllocSpace objects, 0(0B) LOS objects, 30% free, 37MB/53MB, paused 362us total 62.673ms
08-04 12:06:23.996 21416 21429 I art     : Starting a blocking GC Explicit
08-04 12:06:24.060 21416 21429 I art     : Explicit concurrent mark sweep GC freed 1293(75KB) AllocSpace objects, 1(20KB) LOS objects, 30% free, 37MB/53MB, paused 357us total 64.380ms
08-04 12:06:24.080 21416 21429 I art     : Starting a blocking GC Explicit
08-04 12:06:24.136 21416 21429 I art     : Explicit concurrent mark sweep GC freed 18(624B) AllocSpace objects, 0(0B) LOS objects, 30% free, 37MB/53MB, paused 354us total 55.221ms
08-04 12:06:24.155 21416 21429 I art     : Starting a blocking GC Explicit
08-04 12:06:24.202 22353 22353 D AndroidRuntime: >>>>>> START com.android.internal.os.RuntimeInit uid 2000 <<<<<<
08-04 12:06:24.207 22353 22353 D AndroidRuntime: CheckJNI is OFF
08-04 12:06:24.210 21416 21429 I art     : Explicit concurrent mark sweep GC freed 3(96B) AllocSpace objects, 0(0B) LOS objects, 30% free, 37MB/53MB, paused 376us total 55.308ms
08-04 12:06:24.229 21416 21429 I art     : Starting a blocking GC Explicit
08-04 12:06:24.244 22353 22353 D ICU     : No timezone override file found: /data/misc/zoneinfo/current/icu/icu_tzdata.dat
08-04 12:06:24.277 22353 22353 I Radio-JNI: register_android_hardware_Radio DONE
08-04 12:06:24.283 21416 21429 I art     : Explicit concurrent mark sweep GC freed 3(96B) AllocSpace objects, 0(0B) LOS objects, 30% free, 37MB/53MB, paused 362us total 53.538ms
08-04 12:06:24.300 22353 22353 D AndroidRuntime: Calling main entry com.android.commands.input.Input
08-04 12:06:24.300 21416 21429 I art     : Starting a blocking GC Explicit
08-04 12:06:24.302 22353 22353 I Input   : injectMotionEvent: MotionEvent { action=ACTION_DOWN, actionButton=0, id[0]=0, x[0]=481.0, y[0]=544.0, toolType[0]=TOOL_TYPE_UNKNOWN, buttonState=0, metaState=0, flags=0x0, edgeFlags=0x0, pointerCount=1, historySize=0, eventTime=706000715, downTime=706000715, deviceId=0, source=0x1002 }
08-04 12:06:24.308 22353 22353 I Input   : injectMotionEvent: MotionEvent { action=ACTION_UP, actionButton=0, id[0]=0, x[0]=481.0, y[0]=544.0, toolType[0]=TOOL_TYPE_UNKNOWN, buttonState=0, metaState=0, flags=0x0, edgeFlags=0x0, pointerCount=1, historySize=0, eventTime=706000715, downTime=706000715, deviceId=0, source=0x1002 }
08-04 12:06:24.309 22353 22353 D AndroidRuntime: Shutting down VM
08-04 12:06:24.355 21416 21429 I art     : Explicit concurrent mark sweep GC freed 149(6KB) AllocSpace objects, 0(0B) LOS objects, 30% free, 37MB/53MB, paused 346us total 54.463ms
08-04 12:06:24.632 21416 21428 I art     : Starting a blocking GC Explicit
08-04 12:06:24.701 21416 21428 I art     : Explicit concurrent mark sweep GC freed 2257(119KB) AllocSpace objects, 1(20KB) LOS objects, 30% free, 37MB/53MB, paused 536us total 68.900ms
08-04 12:06:24.720 21416 21428 I art     : Starting a blocking GC Explicit
08-04 12:06:24.776 21416 21428 I art     : Explicit concurrent mark sweep GC freed 83(3KB) AllocSpace objects, 0(0B) LOS objects, 30% free, 37MB/53MB, paused 330us total 55.906ms
08-04 12:06:24.796 21416 21428 I art     : Starting a blocking GC Explicit
08-04 12:06:24.849 21416 21428 I art     : Explicit concurrent mark sweep GC freed 17(544B) AllocSpace objects, 0(0B) LOS objects, 30% free, 37MB/53MB, paused 333us total 52.523ms
08-04 12:06:24.868 21416 21428 I art     : Starting a blocking GC Explicit
08-04 12:06:24.923 21416 21428 I art     : Explicit concurrent mark sweep GC freed 8(256B) AllocSpace objects, 0(0B) LOS objects, 30% free, 37MB/53MB, paused 312us total 54.848ms
08-04 12:06:24.940 21416 21428 I art     : Starting a blocking GC Explicit
08-04 12:06:24.995 21416 21428 I art     : Explicit concurrent mark sweep GC freed 9(320B) AllocSpace objects, 0(0B) LOS objects, 30% free, 37MB/53MB, paused 446us total 53.937ms
08-04 12:06:25.314 21416 21628 I art     : Starting a blocking GC Explicit
08-04 12:06:25.386 21416 21628 I art     : Explicit concurrent mark sweep GC freed 1340(77KB) AllocSpace objects, 1(20KB) LOS objects, 30% free, 37MB/53MB, paused 378us total 70.746ms
08-04 12:06:25.406 21416 21628 I art     : Starting a blocking GC Explicit
08-04 12:06:25.463 21416 21628 I art     : Explicit concurrent mark sweep GC freed 18(624B) AllocSpace objects, 0(0B) LOS objects, 30% free, 37MB/53MB, paused 352us total 56.690ms
08-04 12:06:25.482 21416 21628 I art     : Starting a blocking GC Explicit
08-04 12:06:25.540 21416 21628 I art     : Explicit concurrent mark sweep GC freed 3(96B) AllocSpace objects, 0(0B) LOS objects, 30% free, 37MB/53MB, paused 400us total 57.696ms
08-04 12:06:25.559 21416 21628 I art     : Starting a blocking GC Explicit
08-04 12:06:25.615 21416 21628 I art     : Explicit concurrent mark sweep GC freed 3(96B) AllocSpace objects, 0(0B) LOS objects, 30% free, 37MB/53MB, paused 363us total 55.937ms
08-04 12:06:25.634 21416 21628 I art     : Starting a blocking GC Explicit
08-04 12:06:25.692 21416 21628 I art     : Explicit concurrent mark sweep GC freed 3(96B) AllocSpace objects, 0(0B) LOS objects, 30% free, 37MB/53MB, paused 356us total 58.604ms
08-04 12:06:25.957 22396 22396 D AndroidRuntime: >>>>>> START com.android.internal.os.RuntimeInit uid 2000 <<<<<<
08-04 12:06:25.962 22396 22396 D AndroidRuntime: CheckJNI is OFF
08-04 12:06:25.977 21416 21428 I art     : Starting a blocking GC Explicit
08-04 12:06:26.000 22396 22396 D ICU     : No timezone override file found: /data/misc/zoneinfo/current/icu/icu_tzdata.dat
08-04 12:06:26.034 22396 22396 I Radio-JNI: register_android_hardware_Radio DONE
08-04 12:06:26.043 21416 21428 I art     : Explicit concurrent mark sweep GC freed 1300(75KB) AllocSpace objects, 1(20KB) LOS objects, 30% free, 37MB/53MB, paused 369us total 65.202ms
08-04 12:06:26.057 22396 22396 D AndroidRuntime: Calling main entry com.android.commands.input.Input
08-04 12:06:26.059 22396 22396 I Input   : injectMotionEvent: MotionEvent { action=ACTION_DOWN, actionButton=0, id[0]=0, x[0]=310.0, y[0]=906.0, toolType[0]=TOOL_TYPE_UNKNOWN, buttonState=0, metaState=0, flags=0x0, edgeFlags=0x0, pointerCount=1, historySize=0, eventTime=706002472, downTime=706002472, deviceId=0, source=0x1002 }
08-04 12:06:26.061 21416 21428 I art     : Starting a blocking GC Explicit
08-04 12:06:26.065 22396 22396 I Input   : injectMotionEvent: MotionEvent { action=ACTION_UP, actionButton=0, id[0]=0, x[0]=310.0, y[0]=906.0, toolType[0]=TOOL_TYPE_UNKNOWN, buttonState=0, metaState=0, flags=0x0, edgeFlags=0x0, pointerCount=1, historySize=0, eventTime=706002472, downTime=706002472, deviceId=0, source=0x1002 }
08-04 12:06:26.067 22396 22396 D AndroidRuntime: Shutting down VM
08-04 12:06:26.119 21416 21428 I art     : Explicit concurrent mark sweep GC freed 47(1872B) AllocSpace objects, 0(0B) LOS objects, 30% free, 37MB/53MB, paused 487us total 58.137ms
08-04 12:06:26.136   512  2967 D audio_hw_primary: out_set_parameters: enter: usecase(1: low-latency-playback) kvpairs: routing=2
08-04 12:06:26.137 21416 21428 I art     : Starting a blocking GC Explicit
08-04 12:06:26.148   512  2967 D audio_hw_primary: select_devices: out_snd_device(2: speaker) in_snd_device(0: none)
08-04 12:06:26.149   512  2967 D msm8974_platform: platform_send_audio_calibration: sending audio calibration for snd_device(2) acdb_id(15)
08-04 12:06:26.149   512  2967 I soundtrigger: audio_extn_sound_trigger_update_device_status: device 0x2 of type 0 for Event 1
08-04 12:06:26.154 13866 13866 I GoogleInputMethodServic: GoogleInputMethodService.onFinishInput():3138 
08-04 12:06:26.155 13866 13866 I GoogleInputMethodServic: GoogleInputMethodService.onStartInput():1808 
08-04 12:06:26.158   512  2967 D audio_hw_primary: enable_snd_device: snd_device(2: speaker)
08-04 12:06:26.160   512  2967 D audio_hw_primary: enable_audio_route: apply and update mixer path: low-latency-playback speaker
08-04 12:06:26.164 13866 13866 I GoogleInputMethodServic: GoogleInputMethodService.onFinishInput():3138 
08-04 12:06:26.165 13866 13866 I GoogleInputMethodServic: GoogleInputMethodService.onStartInput():1808 
08-04 12:06:26.193 21416 21428 I art     : Explicit concurrent mark sweep GC freed 513(26KB) AllocSpace objects, 0(0B) LOS objects, 30% free, 37MB/53MB, paused 605us total 55.559ms
08-04 12:06:26.210 21416 21428 I art     : Starting a blocking GC Explicit
08-04 12:06:26.265 21416 21428 I art     : Explicit concurrent mark sweep GC freed 449(17KB) AllocSpace objects, 0(0B) LOS objects, 30% free, 37MB/53MB, paused 375us total 55.414ms
08-04 12:06:26.282 21416 21428 I art     : Starting a blocking GC Explicit
08-04 12:06:26.335 21416 21428 I art     : Explicit concurrent mark sweep GC freed 714(63KB) AllocSpace objects, 0(0B) LOS objects, 30% free, 37MB/53MB, paused 359us total 53.406ms
08-04 12:06:26.474 21416 21432 D OpenGLRenderer: endAllStagingAnimators on 0x7f994ddc00 (ListPopupWindow$DropDownListView) with handle 0x7f76ce92e0
08-04 12:06:26.604 21416 21429 I art     : Starting a blocking GC Explicit
08-04 12:06:26.660 21416 21429 I art     : Explicit concurrent mark sweep GC freed 1412(80KB) AllocSpace objects, 1(20KB) LOS objects, 30% free, 37MB/53MB, paused 356us total 55.628ms
08-04 12:06:26.677 21416 21429 I art     : Starting a blocking GC Explicit
08-04 12:06:26.700   512  2967 D audio_hw_primary: disable_audio_route: reset and update mixer path: low-latency-playback speaker
08-04 12:06:26.702   512  2967 D audio_hw_primary: disable_snd_device: snd_device(2: speaker)
08-04 12:06:26.710   512  2967 I soundtrigger: audio_extn_sound_trigger_update_device_status: device 0x2 of type 0 for Event 0
08-04 12:06:26.735 21416 21429 I art     : Explicit concurrent mark sweep GC freed 507(32KB) AllocSpace objects, 0(0B) LOS objects, 30% free, 37MB/53MB, paused 351us total 57.787ms
08-04 12:06:26.753 21416 21429 I art     : Starting a blocking GC Explicit
08-04 12:06:26.814 21416 21429 I art     : Explicit concurrent mark sweep GC freed 3(96B) AllocSpace objects, 0(0B) LOS objects, 30% free, 37MB/53MB, paused 360us total 60.007ms
08-04 12:06:26.833 21416 21429 I art     : Starting a blocking GC Explicit
08-04 12:06:26.895 21416 21429 I art     : Explicit concurrent mark sweep GC freed 3(96B) AllocSpace objects, 0(0B) LOS objects, 30% free, 37MB/53MB, paused 415us total 61.676ms
08-04 12:06:26.915 21416 21429 I art     : Starting a blocking GC Explicit
08-04 12:06:26.972 21416 21429 I art     : Explicit concurrent mark sweep GC freed 3(96B) AllocSpace objects, 0(0B) LOS objects, 30% free, 37MB/53MB, paused 404us total 56.652ms
08-04 12:06:27.284 21416 21628 I art     : Starting a blocking GC Explicit
08-04 12:06:27.356 21416 21628 I art     : Explicit concurrent mark sweep GC freed 1293(75KB) AllocSpace objects, 1(20KB) LOS objects, 30% free, 37MB/53MB, paused 367us total 71.238ms
08-04 12:06:27.375 21416 21628 I art     : Starting a blocking GC Explicit
08-04 12:06:27.375 15756 15756 I ServiceManager: Waiting for service AtCmdFwd...
08-04 12:06:27.434 21416 21628 I art     : Explicit concurrent mark sweep GC freed 18(624B) AllocSpace objects, 0(0B) LOS objects, 30% free, 37MB/53MB, paused 348us total 58.978ms
08-04 12:06:27.453 21416 21628 I art     : Starting a blocking GC Explicit
08-04 12:06:27.508 21416 21628 I art     : Explicit concurrent mark sweep GC freed 3(96B) AllocSpace objects, 0(0B) LOS objects, 30% free, 37MB/53MB, paused 368us total 55.470ms
08-04 12:06:27.527 21416 21628 I art     : Starting a blocking GC Explicit
08-04 12:06:27.586 21416 21628 I art     : Explicit concurrent mark sweep GC freed 3(96B) AllocSpace objects, 0(0B) LOS objects, 30% free, 37MB/53MB, paused 350us total 58.872ms
08-04 12:06:27.605 21416 21628 I art     : Starting a blocking GC Explicit
08-04 12:06:27.634 13866 13882 I PeriodicStatsRunner: PeriodicStatsRunner.call():175 call()
08-04 12:06:27.634 13866 13882 I PeriodicStatsRunner: PeriodicStatsRunner.call():179 No submit PeriodicStats since input started.
08-04 12:06:27.647 13866 13882 I PeriodicStatsRunner: PeriodicStatsRunner.call():175 call()
08-04 12:06:27.647 13866 13882 I PeriodicStatsRunner: PeriodicStatsRunner.call():179 No submit PeriodicStats since input started.
08-04 12:06:27.661 21416 21628 I art     : Explicit concurrent mark sweep GC freed 3(96B) AllocSpace objects, 0(0B) LOS objects, 30% free, 37MB/53MB, paused 372us total 55.334ms
08-04 12:06:27.733 22441 22441 D AndroidRuntime: >>>>>> START com.android.internal.os.RuntimeInit uid 2000 <<<<<<
08-04 12:06:27.738 22441 22441 D AndroidRuntime: CheckJNI is OFF
08-04 12:06:27.773 22441 22441 D ICU     : No timezone override file found: /data/misc/zoneinfo/current/icu/icu_tzdata.dat
08-04 12:06:27.811 22441 22441 I Radio-JNI: register_android_hardware_Radio DONE
08-04 12:06:27.832 22441 22441 D AndroidRuntime: Calling main entry com.android.commands.input.Input
08-04 12:06:27.834 22441 22441 I Input   : injectMotionEvent: MotionEvent { action=ACTION_DOWN, actionButton=0, id[0]=0, x[0]=648.0, y[0]=709.0, toolType[0]=TOOL_TYPE_UNKNOWN, buttonState=0, metaState=0, flags=0x0, edgeFlags=0x0, pointerCount=1, historySize=0, eventTime=706004247, downTime=706004247, deviceId=0, source=0x1002 }
08-04 12:06:27.839 22441 22441 I Input   : injectMotionEvent: MotionEvent { action=ACTION_UP, actionButton=0, id[0]=0, x[0]=648.0, y[0]=709.0, toolType[0]=TOOL_TYPE_UNKNOWN, buttonState=0, metaState=0, flags=0x0, edgeFlags=0x0, pointerCount=1, historySize=0, eventTime=706004247, downTime=706004247, deviceId=0, source=0x1002 }
08-04 12:06:27.842 22441 22441 D AndroidRuntime: Shutting down VM
08-04 12:06:27.910   512  2967 D audio_hw_primary: out_set_parameters: enter: usecase(1: low-latency-playback) kvpairs: routing=2
08-04 12:06:27.923   512  2967 D audio_hw_primary: select_devices: out_snd_device(2: speaker) in_snd_device(0: none)
08-04 12:06:27.923   512  2967 D msm8974_platform: platform_send_audio_calibration: sending audio calibration for snd_device(2) acdb_id(15)
08-04 12:06:27.923   512  2967 I soundtrigger: audio_extn_sound_trigger_update_device_status: device 0x2 of type 0 for Event 1
08-04 12:06:27.934   512  2967 D audio_hw_primary: enable_snd_device: snd_device(2: speaker)
08-04 12:06:27.936   512  2967 D audio_hw_primary: enable_audio_route: apply and update mixer path: low-latency-playback speaker
08-04 12:06:27.958 21416 22420 I art     : Starting a blocking GC Explicit
08-04 12:06:28.024 21416 22420 I art     : Explicit concurrent mark sweep GC freed 2059(133KB) AllocSpace objects, 2(40KB) LOS objects, 30% free, 37MB/53MB, paused 451us total 65.960ms
08-04 12:06:28.043 21416 22420 I art     : Starting a blocking GC Explicit
08-04 12:06:28.100 21416 22420 I art     : Explicit concurrent mark sweep GC freed 145(6KB) AllocSpace objects, 0(0B) LOS objects, 30% free, 37MB/53MB, paused 340us total 56.081ms
08-04 12:06:28.119 21416 22420 I art     : Starting a blocking GC Explicit
08-04 12:06:28.181 21416 22420 I art     : Explicit concurrent mark sweep GC freed 7(240B) AllocSpace objects, 0(0B) LOS objects, 30% free, 37MB/53MB, paused 319us total 60.992ms
08-04 12:06:28.201 21416 22420 I art     : Starting a blocking GC Explicit
08-04 12:06:28.265 21416 22420 I art     : Explicit concurrent mark sweep GC freed 3(96B) AllocSpace objects, 0(0B) LOS objects, 30% free, 37MB/53MB, paused 350us total 63.689ms
08-04 12:06:28.289 21416 22420 I art     : Starting a blocking GC Explicit
08-04 12:06:28.353 21416 22420 I art     : Explicit concurrent mark sweep GC freed 9(320B) AllocSpace objects, 0(0B) LOS objects, 30% free, 37MB/53MB, paused 328us total 63.402ms
08-04 12:06:28.375 15756 15756 I ServiceManager: Waiting for service AtCmdFwd...
08-04 12:06:28.479   512  2967 D audio_hw_primary: disable_audio_route: reset and update mixer path: low-latency-playback speaker
08-04 12:06:28.481   512  2967 D audio_hw_primary: disable_snd_device: snd_device(2: speaker)
08-04 12:06:28.489   512  2967 I soundtrigger: audio_extn_sound_trigger_update_device_status: device 0x2 of type 0 for Event 0
08-04 12:06:28.680 21416 21428 I art     : Starting a blocking GC Explicit
08-04 12:06:28.759 21416 21428 I art     : Explicit concurrent mark sweep GC freed 1296(75KB) AllocSpace objects, 1(20KB) LOS objects, 30% free, 37MB/53MB, paused 401us total 78.007ms
08-04 12:06:28.780 21416 21428 I art     : Starting a blocking GC Explicit
08-04 12:06:28.836 21416 21428 I art     : Explicit concurrent mark sweep GC freed 22(752B) AllocSpace objects, 0(0B) LOS objects, 30% free, 37MB/53MB, paused 349us total 55.602ms
08-04 12:06:28.855 21416 21428 I art     : Starting a blocking GC Explicit
08-04 12:06:28.917 21416 21428 I art     : Explicit concurrent mark sweep GC freed 3(96B) AllocSpace objects, 0(0B) LOS objects, 30% free, 37MB/53MB, paused 372us total 62.117ms
08-04 12:06:28.936 21416 21428 I art     : Starting a blocking GC Explicit
08-04 12:06:28.999 21416 21428 I art     : Explicit concurrent mark sweep GC freed 3(96B) AllocSpace objects, 0(0B) LOS objects, 30% free, 37MB/53MB, paused 355us total 62.302ms
08-04 12:06:29.019 21416 21428 I art     : Starting a blocking GC Explicit
08-04 12:06:29.079 21416 21428 I art     : Explicit concurrent mark sweep GC freed 3(96B) AllocSpace objects, 0(0B) LOS objects, 30% free, 37MB/53MB, paused 325us total 59.909ms
08-04 12:06:29.363 21416 21628 I art     : Starting a blocking GC Explicit
08-04 12:06:29.376 15756 15756 I ServiceManager: Waiting for service AtCmdFwd...
08-04 12:06:29.429 21416 21628 I art     : Explicit concurrent mark sweep GC freed 1293(75KB) AllocSpace objects, 1(20KB) LOS objects, 30% free, 37MB/53MB, paused 374us total 64.977ms
08-04 12:06:29.448 21416 21628 I art     : Starting a blocking GC Explicit
08-04 12:06:29.490 22474 22474 D AndroidRuntime: >>>>>> START com.android.internal.os.RuntimeInit uid 2000 <<<<<<
08-04 12:06:29.495 22474 22474 D AndroidRuntime: CheckJNI is OFF
08-04 12:06:29.502 21416 21628 I art     : Explicit concurrent mark sweep GC freed 18(624B) AllocSpace objects, 0(0B) LOS objects, 30% free, 37MB/53MB, paused 356us total 54.477ms
08-04 12:06:29.521 21416 21628 I art     : Starting a blocking GC Explicit
08-04 12:06:29.533 22474 22474 D ICU     : No timezone override file found: /data/misc/zoneinfo/current/icu/icu_tzdata.dat
08-04 12:06:29.566 22474 22474 I Radio-JNI: register_android_hardware_Radio DONE
08-04 12:06:29.575 21416 21628 I art     : Explicit concurrent mark sweep GC freed 7(224B) AllocSpace objects, 0(0B) LOS objects, 30% free, 37MB/53MB, paused 333us total 54.144ms
08-04 12:06:29.589 22474 22474 D AndroidRuntime: Calling main entry com.android.commands.input.Input
08-04 12:06:29.591 22474 22474 I Input   : injectMotionEvent: MotionEvent { action=ACTION_DOWN, actionButton=0, id[0]=0, x[0]=1197.0, y[0]=1456.0, toolType[0]=TOOL_TYPE_UNKNOWN, buttonState=0, metaState=0, flags=0x0, edgeFlags=0x0, pointerCount=1, historySize=0, eventTime=706006004, downTime=706006004, deviceId=0, source=0x1002 }
08-04 12:06:29.596 21416 21628 I art     : Starting a blocking GC Explicit
08-04 12:06:29.597 22474 22474 I Input   : injectMotionEvent: MotionEvent { action=ACTION_UP, actionButton=0, id[0]=0, x[0]=1197.0, y[0]=1456.0, toolType[0]=TOOL_TYPE_UNKNOWN, buttonState=0, metaState=0, flags=0x0, edgeFlags=0x0, pointerCount=1, historySize=0, eventTime=706006004, downTime=706006004, deviceId=0, source=0x1002 }
08-04 12:06:29.598 22474 22474 D AndroidRuntime: Shutting down VM
08-04 12:06:29.611   512  2967 D audio_hw_primary: out_set_parameters: enter: usecase(1: low-latency-playback) kvpairs: routing=2
08-04 12:06:29.623   512  2967 D audio_hw_primary: select_devices: out_snd_device(2: speaker) in_snd_device(0: none)
08-04 12:06:29.624   512  2967 D msm8974_platform: platform_send_audio_calibration: sending audio calibration for snd_device(2) acdb_id(15)
08-04 12:06:29.624   512  2967 I soundtrigger: audio_extn_sound_trigger_update_device_status: device 0x2 of type 0 for Event 1
08-04 12:06:29.629 21416 21432 D OpenGLRenderer: endAllStagingAnimators on 0x7f994dd800 (RippleDrawable) with handle 0x7f76ce92e0
08-04 12:06:29.634   512  2967 D audio_hw_primary: enable_snd_device: snd_device(2: speaker)
08-04 12:06:29.635 21416 21416 I SettingsManager: Setting string: savedCourse
08-04 12:06:29.636   512  2967 D audio_hw_primary: enable_audio_route: apply and update mixer path: low-latency-playback speaker
08-04 12:06:29.643   918  4413 W BackupManagerService: dataChanged but no participant pkg='baseline.com.ak.uobtimetable' uid=10659
08-04 12:06:29.644   918   929 I ActivityManager: START u0 {flg=0x4000000 cmp=baseline.com.ak.uobtimetable/.MainActivity (has extras)} from uid 10659 on display 0
08-04 12:06:29.654 21416 21628 I art     : Explicit concurrent mark sweep GC freed 2411(124KB) AllocSpace objects, 1(20KB) LOS objects, 30% free, 37MB/53MB, paused 467us total 58.452ms
08-04 12:06:29.655   918  3359 W InputMethodManagerService: Focus gain on non-focused client com.android.internal.view.IInputMethodClient$Stub$Proxy@799dc7e (uid=10659 pid=21416)
08-04 12:06:29.672 21416 21416 D MainActivity: OnDestroy
08-04 12:06:29.674 21416 21628 I art     : Starting a blocking GC Explicit
08-04 12:06:29.694 21416 21416 D MainActivity: onCreate
08-04 12:06:29.694 21416 21416 I SettingsManager: Getting string: savedSessions
08-04 12:06:29.694 21416 21416 I SettingsManager: Getting string: savedSessions
08-04 12:06:29.701 21416 21416 I SettingsManager: Getting string: savedSessionsCourseName
08-04 12:06:29.701 21416 21416 I SettingsManager: Getting string: savedSessionsCourseName
08-04 12:06:29.701 21416 21416 I SettingsManager: Getting string: savedSessionsDateRange
08-04 12:06:29.702 21416 21416 I SettingsManager: Getting string: savedSessionsDateRange
08-04 12:06:29.702 21416 21416 I Settings: 10 saved sessions - Bedfordshire International and EU Foundation Year - Int Foun - Ltn - Y0 Feb FT - Weeks: 24-38 (8 Jun 2020-20 Sep 2020)
08-04 12:06:29.736 21416 21628 I art     : Explicit concurrent mark sweep GC freed 8746(409KB) AllocSpace objects, 0(0B) LOS objects, 29% free, 38MB/54MB, paused 561us total 61.485ms
08-04 12:06:29.736 21416 21427 I art     : WaitForGcToComplete blocked for 34.868ms for cause HeapTrim
08-04 12:06:29.736 21416 21416 I SettingsManager: Getting string: savedCourse
08-04 12:06:29.737 21416 21416 D MainActivity: sessionListFragmentArg: updateSessions
08-04 12:06:29.737 21416 21416 D MainActivity: showTermDatesConfigChange: false
08-04 12:06:29.737 21416 21416 D MainActivity: showTermDatesShortcut: false
08-04 12:06:29.738 21416 21416 D MainActivity: Setting initial fragment: SessionListsFragment
08-04 12:06:29.738 21416 21416 I SettingsManager: Getting int: launchCount
08-04 12:06:29.739 21416 21416 D SessionListsFragment: onCreateView
08-04 12:06:29.743 21416 21416 I SettingsManager: Getting string: savedCourse
08-04 12:06:29.746 21416 21416 I SettingsManager: Getting string: savedSessions
08-04 12:06:29.754 21416 21416 D SessionListsFragment: loadArgument: updateSessions
08-04 12:06:29.755 21416 21416 D SessionListsFragment: initialIndex: -1
08-04 12:06:29.757 21416 22497 D HTTP    : Request for: https://uob-timetable-api.adriankeenan.co.uk/sessions?dept=CM010&course=BSAIFAAF%2F02AA%2F0%2FFT&level=Foundation+Year
08-04 12:06:29.768 21416 21416 D TermDatesFragment: WebView loaded
08-04 12:06:29.768 21416 21416 D MainActivity: OnResume
08-04 12:06:29.779   518   646 I ThermalEngine: ACTION: GPU - Setting GPU[0] to 450000000
08-04 12:06:29.844 21416 21416 I TermDatesFragment: Webview load %: 10
08-04 12:06:29.871   918   936 I ActivityManager: Displayed baseline.com.ak.uobtimetable/.MainActivity: +212ms
08-04 12:06:29.873 13866 13866 I GoogleInputMethodServic: GoogleInputMethodService.onFinishInput():3138 
08-04 12:06:29.874 13866 13866 I GoogleInputMethodServic: GoogleInputMethodService.onStartInput():1808 
08-04 12:06:29.973 21416 21416 I TermDatesFragment: Webview load %: 70
08-04 12:06:29.975 21416 22497 I NAPPA_EXPERIMENTATION: MetricNetworkRequestExecutionTime: REQUEST_DURATION_SYSTEM='217',REQUEST_DURATION_OKHTTP='39',REQUEST_SYNCHRONOUS='TRUE',RESPONSE_CODE='200',RESPONSE_METHOD='GET',RESPONSE_LENGTH_OKHTTP='-1',RESPONSE_LENGTH_HEADER='1214',REQUEST_PROTOCOL='http/1.1',REQUEST_URL='https://uob-timetable-api.adriankeenan.co.uk/sessions?dept=CM010&course=BSAIFAAF%2F02AA%2F0%2FFT&level=Foundation+Year',
08-04 12:06:29.983 21416 21416 I TermDatesFragment: Webview load %: 100
08-04 12:06:29.983 21416 21416 I TermDatesFragment: Webview load %: 100
08-04 12:06:30.010 21416 22497 I HTTP    : Response was compressed.
08-04 12:06:30.024 21416 22497 I Service : getSessions response time: 1.10
08-04 12:06:30.025 21416 21416 I SettingsManager: Getting string: savedSessions
08-04 12:06:30.026 21416 21416 I SettingsManager: Getting string: savedSessions
08-04 12:06:30.034 21416 21416 I Service : Sessions updated: 10
08-04 12:06:30.034 21416 21416 I Service : Sessions removed from new list: 0
08-04 12:06:30.035 21416 21429 I art     : Starting a blocking GC Explicit
08-04 12:06:30.047 21416 21416 I SettingsManager: Setting string: savedSessions
08-04 12:06:30.056   918  6111 W BackupManagerService: dataChanged but no participant pkg='baseline.com.ak.uobtimetable' uid=10659
08-04 12:06:30.057 21416 21416 I SettingsManager: Setting date: savedSessionsTime
08-04 12:06:30.063   918  3696 W BackupManagerService: dataChanged but no participant pkg='baseline.com.ak.uobtimetable' uid=10659
08-04 12:06:30.063 21416 21416 I SettingsManager: Setting string: savedSessionsCourseName
08-04 12:06:30.070   918  6112 W BackupManagerService: dataChanged but no participant pkg='baseline.com.ak.uobtimetable' uid=10659
08-04 12:06:30.071 21416 21416 I SettingsManager: Setting string: savedSessionsDateRange
08-04 12:06:30.071   918  3961 W BackupManagerService: dataChanged but no participant pkg='baseline.com.ak.uobtimetable' uid=10659
08-04 12:06:30.072 21416 21416 I SettingsManager: Setting string: timetableUrl
08-04 12:06:30.072   918  6029 W BackupManagerService: dataChanged but no participant pkg='baseline.com.ak.uobtimetable' uid=10659
08-04 12:06:30.072 21416 21416 I SettingsManager: Getting boolean: notifySessionRemindersEnabled
08-04 12:06:30.073 21416 21416 I SettingsManager: Getting int: notifySessionRemindersMinutes
08-04 12:06:30.073 21416 21416 I SettingsManager: Getting boolean: showHiddenSessions
08-04 12:06:30.076 21416 21416 I SessionReminderNotifier: Created session reminder alarm for f7b4771250a919bd729c1c5a4a459c77 at Mon 08:30:00 10/08/20
08-04 12:06:30.078 21416 21416 I SessionReminderNotifier: Created session reminder alarm for a7f879aabdeb78622c8820a5fb7b64cd at Tue 08:30:00 11/08/20
08-04 12:06:30.080 21416 21416 I SessionReminderNotifier: Created session reminder alarm for 7bc8d7e2c2055711f597c3d9078c6ea3 at Tue 08:30:00 11/08/20
08-04 12:06:30.082 21416 21416 I SessionReminderNotifier: Created session reminder alarm for 53c0527a6f009a1f2fd223834d3bfe51 at Tue 10:30:00 11/08/20
08-04 12:06:30.084 21416 21416 I SessionReminderNotifier: Created session reminder alarm for e0fc978b5db8218778540b4053344581 at Tue 11:00:00 11/08/20
08-04 12:06:30.085 21416 21416 I SessionReminderNotifier: Created session reminder alarm for 199afb0100f329ff65a09e1b0cd9deba at Tue 11:30:00 04/08/20
08-04 12:06:30.088 21416 21416 I SessionReminderNotifier: Created session reminder alarm for 21712fef61090882c855a1425543edb5 at Tue 13:30:00 04/08/20
08-04 12:06:30.090 21416 21416 I SessionReminderNotifier: Created session reminder alarm for 65ca4d97f031f29a4d02bbb45a705d8f at Wed 08:30:00 05/08/20
08-04 12:06:30.092 21416 21416 I SessionReminderNotifier: Created session reminder alarm for eeda7741b0bcab58fd9f46dc6ef1d942 at Wed 08:30:00 05/08/20
08-04 12:06:30.094 21416 21416 I SessionReminderNotifier: Created session reminder alarm for c276c1b2075a0beb67f1b3d1e580f920 at Wed 11:00:00 05/08/20
08-04 12:06:30.095 21416 21416 I SessionReminderNotifier: Created session reminder alarm for 8b1f3627e42ae13a6f6ba0a83903dde1 at Wed 13:30:00 05/08/20
08-04 12:06:30.097 21416 21416 I SessionReminderNotifier: Created session reminder alarm for 79fe0b5c3b887a13ba29db5a33fa2800 at Thu 08:30:00 06/08/20
08-04 12:06:30.099 21416 21416 I SessionReminderNotifier: Created session reminder alarm for cb9dfc8231cdba2be0835dc5709690e1 at Thu 08:30:00 06/08/20
08-04 12:06:30.101 21416 21416 I SessionReminderNotifier: Created session reminder alarm for f850dc24d6de60b7b89fa9e1a8c224c5 at Thu 12:00:00 06/08/20
08-04 12:06:30.103 21416 21416 I SessionReminderNotifier: Created session reminder alarm for 2ba1034116e4fffdd592dbf0796a43d5 at Fri 08:30:00 07/08/20
08-04 12:06:30.104 21416 21416 I SettingsManager: Getting boolean: showHiddenSessions
08-04 12:06:30.104 21416 21416 D SessionListsFragment: 1 sessions for day 0
08-04 12:06:30.104 21416 21416 D SessionListsFragment: 6 sessions for day 1
08-04 12:06:30.104 21416 21416 D SessionListsFragment: 4 sessions for day 2
08-04 12:06:30.104 21416 21416 D SessionListsFragment: 3 sessions for day 3
08-04 12:06:30.104 21416 21416 D SessionListsFragment: 1 sessions for day 4
08-04 12:06:30.121 21416 21429 I art     : Explicit concurrent mark sweep GC freed 42865(2027KB) AllocSpace objects, 12(1692KB) LOS objects, 29% free, 37MB/53MB, paused 834us total 85.995ms
08-04 12:06:30.147 21416 21429 I art     : Starting a blocking GC Explicit
08-04 12:06:30.169 21416 21416 I SettingsManager: Getting boolean: showHiddenSessions
08-04 12:06:30.170 21416 21416 D SessionListsFragment: Refreshed ViewPager
08-04 12:06:30.171 21416 21416 I SettingsManager: Getting boolean: showHiddenSessions
08-04 12:06:30.171 21416 21416 I SettingsManager: Getting boolean: completedTutorial
08-04 12:06:30.171 21416 21416 I SettingsManager: Getting boolean: showHiddenSessions
08-04 12:06:30.171 21416 21416 I SettingsManager: Getting date: savedSessionsTime
08-04 12:06:30.178   512  2967 D audio_hw_primary: disable_audio_route: reset and update mixer path: low-latency-playback speaker
08-04 12:06:30.179   512  2967 D audio_hw_primary: disable_snd_device: snd_device(2: speaker)
08-04 12:06:30.187   512  2967 I soundtrigger: audio_extn_sound_trigger_update_device_status: device 0x2 of type 0 for Event 0
08-04 12:06:30.212 21416 21429 I art     : Explicit concurrent mark sweep GC freed 41909(1966KB) AllocSpace objects, 0(0B) LOS objects, 30% free, 36MB/52MB, paused 1.414ms total 65.507ms
08-04 12:06:30.233 21416 21429 I art     : Starting a blocking GC Explicit
08-04 12:06:30.299 21416 21429 I art     : Explicit concurrent mark sweep GC freed 30184(1220KB) AllocSpace objects, 0(0B) LOS objects, 30% free, 36MB/52MB, paused 1.261ms total 66.557ms
08-04 12:06:30.320 21416 21429 I art     : Starting a blocking GC Explicit
08-04 12:06:30.377 15756 15756 I ServiceManager: Waiting for service AtCmdFwd...
08-04 12:06:30.391 21416 21429 I art     : Explicit concurrent mark sweep GC freed 26365(1083KB) AllocSpace objects, 0(0B) LOS objects, 30% free, 36MB/52MB, paused 1.425ms total 70.761ms
08-04 12:06:30.413 21416 21429 I art     : Starting a blocking GC Explicit
08-04 12:06:30.486 21416 21429 I art     : Explicit concurrent mark sweep GC freed 31558(1291KB) AllocSpace objects, 0(0B) LOS objects, 30% free, 36MB/52MB, paused 1.471ms total 72.262ms
08-04 12:06:30.814 21416 22420 I art     : Starting a blocking GC Explicit
08-04 12:06:30.913 21416 22420 I art     : Explicit concurrent mark sweep GC freed 133433(5MB) AllocSpace objects, 1(20KB) LOS objects, 29% free, 37MB/53MB, paused 1.398ms total 98.174ms
08-04 12:06:30.936 21416 22420 I art     : Starting a blocking GC Explicit
08-04 12:06:30.996 21416 21416 I Choreographer: Skipped 48 frames!  The application may be doing too much work on its main thread.
08-04 12:06:31.013 21416 22420 I art     : Explicit concurrent mark sweep GC freed 32979(1493KB) AllocSpace objects, 0(0B) LOS objects, 29% free, 37MB/53MB, paused 869us total 76.575ms
08-04 12:06:31.037 21416 22420 I art     : Starting a blocking GC Explicit
08-04 12:06:31.101 21416 22420 I art     : Explicit concurrent mark sweep GC freed 1264(89KB) AllocSpace objects, 0(0B) LOS objects, 29% free, 37MB/53MB, paused 512us total 64.665ms
08-04 12:06:31.124 21416 22420 I art     : Starting a blocking GC Explicit
08-04 12:06:31.155 13866 13882 I PeriodicStatsRunner: PeriodicStatsRunner.call():175 call()
08-04 12:06:31.155 13866 13882 I PeriodicStatsRunner: PeriodicStatsRunner.call():179 No submit PeriodicStats since input started.
08-04 12:06:31.165 13866 13882 I PeriodicStatsRunner: PeriodicStatsRunner.call():175 call()
08-04 12:06:31.165 13866 13882 I PeriodicStatsRunner: PeriodicStatsRunner.call():179 No submit PeriodicStats since input started.
08-04 12:06:31.180 21416 22420 I art     : Explicit concurrent mark sweep GC freed 121764(11MB) AllocSpace objects, 3(136KB) LOS objects, 37% free, 26MB/42MB, paused 474us total 55.801ms
08-04 12:06:31.195 21416 22420 I art     : Starting a blocking GC Explicit
08-04 12:06:31.233 21416 22420 I art     : Explicit concurrent mark sweep GC freed 3(96B) AllocSpace objects, 0(0B) LOS objects, 37% free, 26MB/42MB, paused 500us total 38.446ms
08-04 12:06:31.379 15756 15756 I ServiceManager: Waiting for service AtCmdFwd...
08-04 12:06:31.592 21416 22420 I art     : Starting a blocking GC Explicit
08-04 12:06:31.652 21416 22420 I art     : Explicit concurrent mark sweep GC freed 1517(85KB) AllocSpace objects, 1(20KB) LOS objects, 37% free, 26MB/42MB, paused 571us total 60.404ms
08-04 12:06:31.672 21416 22420 I art     : Starting a blocking GC Explicit
08-04 12:06:31.720 21416 22420 I art     : Explicit concurrent mark sweep GC freed 18(624B) AllocSpace objects, 0(0B) LOS objects, 37% free, 26MB/42MB, paused 530us total 46.870ms
08-04 12:06:31.741 21416 22420 I art     : Starting a blocking GC Explicit
08-04 12:06:31.784 21416 22420 I art     : Explicit concurrent mark sweep GC freed 26(960B) AllocSpace objects, 0(0B) LOS objects, 37% free, 26MB/42MB, paused 506us total 42.638ms
08-04 12:06:31.800 21416 22420 I art     : Starting a blocking GC Explicit
08-04 12:06:31.843 21416 22420 I art     : Explicit concurrent mark sweep GC freed 35(1136B) AllocSpace objects, 0(0B) LOS objects, 37% free, 26MB/42MB, paused 746us total 42.820ms
08-04 12:06:31.859 21416 22420 I art     : Starting a blocking GC Explicit
08-04 12:06:31.901 21416 22420 I art     : Explicit concurrent mark sweep GC freed 43(1376B) AllocSpace objects, 0(0B) LOS objects, 37% free, 26MB/42MB, paused 551us total 42.161ms
08-04 12:06:32.246 21416 22420 I art     : Starting a blocking GC Explicit
08-04 12:06:32.300 21416 22420 I art     : Explicit concurrent mark sweep GC freed 1354(77KB) AllocSpace objects, 1(20KB) LOS objects, 37% free, 26MB/42MB, paused 556us total 53.848ms
08-04 12:06:32.318 21416 22420 I art     : Starting a blocking GC Explicit
08-04 12:06:32.364 21416 22420 I art     : Explicit concurrent mark sweep GC freed 18(624B) AllocSpace objects, 0(0B) LOS objects, 37% free, 26MB/42MB, paused 524us total 45.522ms
08-04 12:06:32.380 15756 15756 W Atfwd_Sendcmd: AtCmdFwd service not published, waiting... retryCnt : 1
08-04 12:06:32.380 21416 22420 I art     : Starting a blocking GC Explicit
08-04 12:06:32.423 21416 22420 I art     : Explicit concurrent mark sweep GC freed 3(96B) AllocSpace objects, 0(0B) LOS objects, 37% free, 26MB/42MB, paused 539us total 41.988ms
08-04 12:06:32.439 21416 22420 I art     : Starting a blocking GC Explicit
08-04 12:06:32.485 21416 22420 I art     : Explicit concurrent mark sweep GC freed 3(96B) AllocSpace objects, 0(0B) LOS objects, 37% free, 26MB/42MB, paused 527us total 45.522ms
08-04 12:06:32.501 21416 22420 I art     : Starting a blocking GC Explicit
08-04 12:06:32.547 21416 22420 I art     : Explicit concurrent mark sweep GC freed 3(96B) AllocSpace objects, 0(0B) LOS objects, 37% free, 26MB/42MB, paused 528us total 45.437ms
08-04 12:06:32.785   518   646 I ThermalEngine: ACTION: GPU - Setting GPU[0] to 510000000
08-04 12:06:32.887 21416 21429 I art     : Starting a blocking GC Explicit
08-04 12:06:32.931 21416 21429 I art     : Explicit concurrent mark sweep GC freed 1293(75KB) AllocSpace objects, 1(20KB) LOS objects, 37% free, 26MB/42MB, paused 450us total 43.956ms
08-04 12:06:32.946 21416 21429 I art     : Starting a blocking GC Explicit
08-04 12:06:32.980 21416 21429 I art     : Explicit concurrent mark sweep GC freed 18(624B) AllocSpace objects, 0(0B) LOS objects, 37% free, 26MB/42MB, paused 395us total 34.029ms
08-04 12:06:32.993 21416 21429 I art     : Starting a blocking GC Explicit
08-04 12:06:33.027 21416 21429 I art     : Explicit concurrent mark sweep GC freed 3(96B) AllocSpace objects, 0(0B) LOS objects, 37% free, 26MB/42MB, paused 448us total 34.039ms
08-04 12:06:33.040 21416 21429 I art     : Starting a blocking GC Explicit
08-04 12:06:33.075 21416 21429 I art     : Explicit concurrent mark sweep GC freed 3(96B) AllocSpace objects, 0(0B) LOS objects, 37% free, 26MB/42MB, paused 378us total 34.634ms
08-04 12:06:33.087 21416 21429 I art     : Starting a blocking GC Explicit
08-04 12:06:33.122 21416 21429 I art     : Explicit concurrent mark sweep GC freed 3(96B) AllocSpace objects, 0(0B) LOS objects, 37% free, 26MB/42MB, paused 378us total 34.265ms
08-04 12:06:33.454 21416 21628 I art     : Starting a blocking GC Explicit
08-04 12:06:33.500 21416 21628 I art     : Explicit concurrent mark sweep GC freed 1293(75KB) AllocSpace objects, 1(20KB) LOS objects, 37% free, 26MB/42MB, paused 428us total 45.342ms
08-04 12:06:33.517 21416 21628 I art     : Starting a blocking GC Explicit
08-04 12:06:33.553 21416 21628 I art     : Explicit concurrent mark sweep GC freed 18(624B) AllocSpace objects, 0(0B) LOS objects, 37% free, 26MB/42MB, paused 406us total 35.417ms
08-04 12:06:33.566 21416 21628 I art     : Starting a blocking GC Explicit
08-04 12:06:33.600 21416 21628 I art     : Explicit concurrent mark sweep GC freed 3(96B) AllocSpace objects, 0(0B) LOS objects, 37% free, 26MB/42MB, paused 403us total 34.384ms
08-04 12:06:33.613 21416 21628 I art     : Starting a blocking GC Explicit
08-04 12:06:33.647 21416 21628 I art     : Explicit concurrent mark sweep GC freed 3(96B) AllocSpace objects, 0(0B) LOS objects, 37% free, 26MB/42MB, paused 491us total 33.994ms
08-04 12:06:33.660 21416 21628 I art     : Starting a blocking GC Explicit
08-04 12:06:33.694 21416 21628 I art     : Explicit concurrent mark sweep GC freed 3(96B) AllocSpace objects, 0(0B) LOS objects, 37% free, 26MB/42MB, paused 388us total 33.607ms
08-04 12:06:33.997 21416 21428 I art     : Starting a blocking GC Explicit
08-04 12:06:34.034 21416 21428 I art     : Explicit concurrent mark sweep GC freed 1305(76KB) AllocSpace objects, 1(20KB) LOS objects, 37% free, 26MB/42MB, paused 446us total 36.394ms
08-04 12:06:34.049 21416 21428 I art     : Starting a blocking GC Explicit
08-04 12:06:34.080 21416 21428 I art     : Explicit concurrent mark sweep GC freed 19(688B) AllocSpace objects, 0(0B) LOS objects, 37% free, 26MB/42MB, paused 378us total 30.705ms
08-04 12:06:34.092 21416 21428 I art     : Starting a blocking GC Explicit
08-04 12:06:34.122 21416 21428 I art     : Explicit concurrent mark sweep GC freed 7(224B) AllocSpace objects, 0(0B) LOS objects, 37% free, 26MB/42MB, paused 379us total 30.480ms
08-04 12:06:34.134 21416 21428 I art     : Starting a blocking GC Explicit
08-04 12:06:34.164 21416 21428 I art     : Explicit concurrent mark sweep GC freed 16(656B) AllocSpace objects, 0(0B) LOS objects, 37% free, 26MB/42MB, paused 333us total 30.534ms
08-04 12:06:34.177 21416 21428 I art     : Starting a blocking GC Explicit
08-04 12:06:34.207 21416 21428 I art     : Explicit concurrent mark sweep GC freed 37(1472B) AllocSpace objects, 0(0B) LOS objects, 37% free, 26MB/42MB, paused 378us total 30.604ms
08-04 12:06:34.286 22564 22564 D AndroidRuntime: >>>>>> START com.android.internal.os.RuntimeInit uid 2000 <<<<<<
08-04 12:06:34.292 22564 22564 D AndroidRuntime: CheckJNI is OFF
08-04 12:06:34.324 22564 22564 D ICU     : No timezone override file found: /data/misc/zoneinfo/current/icu/icu_tzdata.dat
08-04 12:06:34.357 22564 22564 I Radio-JNI: register_android_hardware_Radio DONE
08-04 12:06:34.378 22564 22564 D AndroidRuntime: Calling main entry com.android.commands.input.Input
08-04 12:06:34.380 22564 22564 I Input   : injectMotionEvent: MotionEvent { action=ACTION_DOWN, actionButton=0, id[0]=0, x[0]=81.0, y[0]=176.0, toolType[0]=TOOL_TYPE_UNKNOWN, buttonState=0, metaState=0, flags=0x0, edgeFlags=0x0, pointerCount=1, historySize=0, eventTime=706010793, downTime=706010793, deviceId=0, source=0x1002 }
08-04 12:06:34.385 22564 22564 I Input   : injectMotionEvent: MotionEvent { action=ACTION_UP, actionButton=0, id[0]=0, x[0]=81.0, y[0]=176.0, toolType[0]=TOOL_TYPE_UNKNOWN, buttonState=0, metaState=0, flags=0x0, edgeFlags=0x0, pointerCount=1, historySize=0, eventTime=706010793, downTime=706010793, deviceId=0, source=0x1002 }
08-04 12:06:34.387 22564 22564 D AndroidRuntime: Shutting down VM
08-04 12:06:34.397   512  2967 D audio_hw_primary: out_set_parameters: enter: usecase(1: low-latency-playback) kvpairs: routing=2
08-04 12:06:34.411   512  2967 D audio_hw_primary: select_devices: out_snd_device(2: speaker) in_snd_device(0: none)
08-04 12:06:34.411   512  2967 D msm8974_platform: platform_send_audio_calibration: sending audio calibration for snd_device(2) acdb_id(15)
08-04 12:06:34.412   512  2967 I soundtrigger: audio_extn_sound_trigger_update_device_status: device 0x2 of type 0 for Event 1
08-04 12:06:34.422   512  2967 D audio_hw_primary: enable_snd_device: snd_device(2: speaker)
08-04 12:06:34.424   512  2967 D audio_hw_primary: enable_audio_route: apply and update mixer path: low-latency-playback speaker
08-04 12:06:34.429 13866 13866 I GoogleInputMethodServic: GoogleInputMethodService.onFinishInput():3138 
08-04 12:06:34.430 13866 13866 I GoogleInputMethodServic: GoogleInputMethodService.onStartInput():1808 
08-04 12:06:34.489 21416 21429 I art     : Starting a blocking GC Explicit
08-04 12:06:34.529 21416 21429 I art     : Explicit concurrent mark sweep GC freed 1766(98KB) AllocSpace objects, 1(20KB) LOS objects, 37% free, 26MB/42MB, paused 615us total 40.447ms
08-04 12:06:34.543 21416 21429 I art     : Starting a blocking GC Explicit
08-04 12:06:34.578 21416 21429 I art     : Explicit concurrent mark sweep GC freed 174(11KB) AllocSpace objects, 0(0B) LOS objects, 37% free, 26MB/42MB, paused 688us total 34.897ms
08-04 12:06:34.592 21416 21429 I art     : Starting a blocking GC Explicit
08-04 12:06:34.628 21416 21429 I art     : Explicit concurrent mark sweep GC freed 3(96B) AllocSpace objects, 0(0B) LOS objects, 37% free, 26MB/42MB, paused 611us total 35.559ms
08-04 12:06:34.641 21416 21429 I art     : Starting a blocking GC Explicit
08-04 12:06:34.673 21416 21429 I art     : Explicit concurrent mark sweep GC freed 5(160B) AllocSpace objects, 0(0B) LOS objects, 37% free, 26MB/42MB, paused 346us total 31.049ms
08-04 12:06:34.684 21416 21429 I art     : Starting a blocking GC Explicit
08-04 12:06:34.715 21416 21429 I art     : Explicit concurrent mark sweep GC freed 3(96B) AllocSpace objects, 0(0B) LOS objects, 37% free, 26MB/42MB, paused 320us total 30.538ms
08-04 12:06:34.874 13866 13882 I PeriodicStatsRunner: PeriodicStatsRunner.call():175 call()
08-04 12:06:34.874 13866 13882 I PeriodicStatsRunner: PeriodicStatsRunner.call():179 No submit PeriodicStats since input started.
08-04 12:06:34.958   512  2967 D audio_hw_primary: disable_audio_route: reset and update mixer path: low-latency-playback speaker
08-04 12:06:34.959   512  2967 D audio_hw_primary: disable_snd_device: snd_device(2: speaker)
08-04 12:06:34.967   512  2967 I soundtrigger: audio_extn_sound_trigger_update_device_status: device 0x2 of type 0 for Event 0
08-04 12:06:35.029 21416 21428 I art     : Starting a blocking GC Explicit
08-04 12:06:35.071 21416 21428 I art     : Explicit concurrent mark sweep GC freed 1296(75KB) AllocSpace objects, 1(20KB) LOS objects, 37% free, 26MB/42MB, paused 363us total 42.150ms
08-04 12:06:35.085 21416 21428 I art     : Starting a blocking GC Explicit
08-04 12:06:35.119 21416 21428 I art     : Explicit concurrent mark sweep GC freed 26(880B) AllocSpace objects, 0(0B) LOS objects, 37% free, 26MB/42MB, paused 359us total 33.210ms
08-04 12:06:35.131 21416 21428 I art     : Starting a blocking GC Explicit
08-04 12:06:35.164 21416 21428 I art     : Explicit concurrent mark sweep GC freed 5(160B) AllocSpace objects, 0(0B) LOS objects, 37% free, 26MB/42MB, paused 361us total 33.206ms
08-04 12:06:35.164 21416 21427 I art     : WaitForGcToComplete blocked for 33.450ms for cause HeapTrim
08-04 12:06:35.177 21416 21428 I art     : Starting a blocking GC Explicit
08-04 12:06:35.211 21416 21428 I art     : Explicit concurrent mark sweep GC freed 3(96B) AllocSpace objects, 0(0B) LOS objects, 37% free, 26MB/42MB, paused 361us total 33.950ms
08-04 12:06:35.223 21416 21428 I art     : Starting a blocking GC Explicit
08-04 12:06:35.258 21416 21428 I art     : Explicit concurrent mark sweep GC freed 3(96B) AllocSpace objects, 0(0B) LOS objects, 37% free, 26MB/42MB, paused 369us total 34.747ms
08-04 12:06:35.564 21416 21429 I art     : Starting a blocking GC Explicit
08-04 12:06:35.611 21416 21429 I art     : Explicit concurrent mark sweep GC freed 1293(75KB) AllocSpace objects, 1(20KB) LOS objects, 37% free, 26MB/42MB, paused 378us total 46.835ms
08-04 12:06:35.628 21416 21429 I art     : Starting a blocking GC Explicit
08-04 12:06:35.663 21416 21429 I art     : Explicit concurrent mark sweep GC freed 18(624B) AllocSpace objects, 0(0B) LOS objects, 37% free, 26MB/42MB, paused 362us total 34.019ms
08-04 12:06:35.674 21416 21429 I art     : Starting a blocking GC Explicit
08-04 12:06:35.707 21416 21429 I art     : Explicit concurrent mark sweep GC freed 3(96B) AllocSpace objects, 0(0B) LOS objects, 37% free, 26MB/42MB, paused 413us total 32.457ms
08-04 12:06:35.719 21416 21429 I art     : Starting a blocking GC Explicit
08-04 12:06:35.752 21416 21429 I art     : Explicit concurrent mark sweep GC freed 3(96B) AllocSpace objects, 0(0B) LOS objects, 37% free, 26MB/42MB, paused 370us total 33.118ms
08-04 12:06:35.764 21416 21429 I art     : Starting a blocking GC Explicit
08-04 12:06:35.798 21416 21429 I art     : Explicit concurrent mark sweep GC freed 3(96B) AllocSpace objects, 0(0B) LOS objects, 37% free, 26MB/42MB, paused 407us total 32.949ms
08-04 12:06:36.033 22617 22617 D AndroidRuntime: >>>>>> START com.android.internal.os.RuntimeInit uid 2000 <<<<<<
08-04 12:06:36.040 22617 22617 D AndroidRuntime: CheckJNI is OFF
08-04 12:06:36.073 22617 22617 D ICU     : No timezone override file found: /data/misc/zoneinfo/current/icu/icu_tzdata.dat
08-04 12:06:36.081 21416 21428 I art     : Starting a blocking GC Explicit
08-04 12:06:36.109 22617 22617 I Radio-JNI: register_android_hardware_Radio DONE
08-04 12:06:36.116 21416 21428 I art     : Explicit concurrent mark sweep GC freed 1305(75KB) AllocSpace objects, 1(20KB) LOS objects, 37% free, 26MB/42MB, paused 381us total 35.461ms
08-04 12:06:36.129 21416 21428 I art     : Starting a blocking GC Explicit
08-04 12:06:36.132 22617 22617 D AndroidRuntime: Calling main entry com.android.commands.input.Input
08-04 12:06:36.134 22617 22617 I Input   : injectMotionEvent: MotionEvent { action=ACTION_DOWN, actionButton=0, id[0]=0, x[0]=436.0, y[0]=1770.0, toolType[0]=TOOL_TYPE_UNKNOWN, buttonState=0, metaState=0, flags=0x0, edgeFlags=0x0, pointerCount=1, historySize=0, eventTime=706012546, downTime=706012546, deviceId=0, source=0x1002 }
08-04 12:06:36.140 22617 22617 I Input   : injectMotionEvent: MotionEvent { action=ACTION_UP, actionButton=0, id[0]=0, x[0]=436.0, y[0]=1770.0, toolType[0]=TOOL_TYPE_UNKNOWN, buttonState=0, metaState=0, flags=0x0, edgeFlags=0x0, pointerCount=1, historySize=0, eventTime=706012546, downTime=706012546, deviceId=0, source=0x1002 }
08-04 12:06:36.142 22617 22617 D AndroidRuntime: Shutting down VM
08-04 12:06:36.147 21416 21416 D MainActivity: NavigationItemSelected: Courses
08-04 12:06:36.149   918  5132 I ActivityManager: START u0 {cmp=baseline.com.ak.uobtimetable/.CourseListActivity} from uid 10659 on display 0
08-04 12:06:36.150   512  2967 D audio_hw_primary: out_set_parameters: enter: usecase(1: low-latency-playback) kvpairs: routing=2
08-04 12:06:36.162 21416 21428 I art     : Explicit concurrent mark sweep GC freed 52(2192B) AllocSpace objects, 0(0B) LOS objects, 37% free, 26MB/42MB, paused 372us total 32.663ms
08-04 12:06:36.163   512  2967 D audio_hw_primary: select_devices: out_snd_device(2: speaker) in_snd_device(0: none)
08-04 12:06:36.163   512  2967 D msm8974_platform: platform_send_audio_calibration: sending audio calibration for snd_device(2) acdb_id(15)
08-04 12:06:36.163   512  2967 I soundtrigger: audio_extn_sound_trigger_update_device_status: device 0x2 of type 0 for Event 1
08-04 12:06:36.174 21416 21416 D MainActivity: OnPause
08-04 12:06:36.174 21416 21428 I art     : Starting a blocking GC Explicit
08-04 12:06:36.181   512  2967 D audio_hw_primary: enable_snd_device: snd_device(2: speaker)
08-04 12:06:36.183   512  2967 D audio_hw_primary: enable_audio_route: apply and update mixer path: low-latency-playback speaker
08-04 12:06:36.203 21416 21416 D CourseListActivity: onCreate
08-04 12:06:36.204 21416 22640 D HTTP    : Request for: https://uob-timetable-api.adriankeenan.co.uk/courses
08-04 12:06:36.208 21416 21428 I art     : Explicit concurrent mark sweep GC freed 2325(109KB) AllocSpace objects, 0(0B) LOS objects, 37% free, 26MB/42MB, paused 919us total 33.497ms
08-04 12:06:36.220 21416 21428 I art     : Starting a blocking GC Explicit
08-04 12:06:36.248 21416 21428 I art     : Explicit concurrent mark sweep GC freed 664(56KB) AllocSpace objects, 0(0B) LOS objects, 37% free, 26MB/42MB, paused 400us total 28.530ms
08-04 12:06:36.260 21416 21428 I art     : Starting a blocking GC Explicit
08-04 12:06:36.268   918   936 I ActivityManager: Displayed baseline.com.ak.uobtimetable/.CourseListActivity: +93ms
08-04 12:06:36.268 13866 13866 I GoogleInputMethodServic: GoogleInputMethodService.onFinishInput():3138 
08-04 12:06:36.268 13866 13866 I GoogleInputMethodServic: GoogleInputMethodService.onStartInput():1808 
08-04 12:06:36.293 21416 21428 I art     : Explicit concurrent mark sweep GC freed 281(13KB) AllocSpace objects, 0(0B) LOS objects, 37% free, 26MB/42MB, paused 538us total 32.019ms
08-04 12:06:36.392 21416 22640 I NAPPA_EXPERIMENTATION: MetricNetworkRequestExecutionTime: REQUEST_DURATION_SYSTEM='187',REQUEST_DURATION_OKHTTP='29',REQUEST_SYNCHRONOUS='TRUE',RESPONSE_CODE='200',RESPONSE_METHOD='GET',RESPONSE_LENGTH_OKHTTP='-1',RESPONSE_LENGTH_HEADER='-2',REQUEST_PROTOCOL='http/1.1',REQUEST_URL='https://uob-timetable-api.adriankeenan.co.uk/courses',
08-04 12:06:36.554 21416 22420 I art     : Starting a blocking GC Explicit
08-04 12:06:36.590 21416 22420 I art     : Explicit concurrent mark sweep GC freed 5357(8MB) AllocSpace objects, 4(220KB) LOS objects, 23% free, 51MB/67MB, paused 620us total 35.441ms
08-04 12:06:36.602 21416 22420 I art     : Starting a blocking GC Explicit
08-04 12:06:36.631 21416 21416 D MainActivity: Saving state
08-04 12:06:36.631 21416 21416 D MainActivity: Saving current fragment: SessionListsFragment
08-04 12:06:36.631 21416 21416 D MainActivity: Saving current index: 1
08-04 12:06:36.632 21416 21416 D SessionListsFragment: Saving state
08-04 12:06:36.632 21416 22420 I art     : Explicit concurrent mark sweep GC freed 1447(3MB) AllocSpace objects, 0(0B) LOS objects, 24% free, 48MB/64MB, paused 413us total 29.562ms
08-04 12:06:36.644 21416 22420 I art     : Starting a blocking GC Explicit
08-04 12:06:36.675 21416 22420 I art     : Explicit concurrent mark sweep GC freed 185(7KB) AllocSpace objects, 0(0B) LOS objects, 24% free, 48MB/64MB, paused 425us total 30.754ms
08-04 12:06:36.686 21416 22420 I art     : Starting a blocking GC Explicit
08-04 12:06:36.715 21416 22420 I art     : Explicit concurrent mark sweep GC freed 36(1344B) AllocSpace objects, 0(0B) LOS objects, 24% free, 48MB/64MB, paused 411us total 29.552ms
08-04 12:06:36.727 21416 22420 I art     : Starting a blocking GC Explicit
08-04 12:06:36.729   512  2967 D audio_hw_primary: disable_audio_route: reset and update mixer path: low-latency-playback speaker
08-04 12:06:36.730   512  2967 D audio_hw_primary: disable_snd_device: snd_device(2: speaker)
08-04 12:06:36.738   512  2967 I soundtrigger: audio_extn_sound_trigger_update_device_status: device 0x2 of type 0 for Event 0
08-04 12:06:36.774 21416 22640 I HTTP    : Response was compressed.
08-04 12:06:36.775 21416 22420 I art     : Explicit concurrent mark sweep GC freed 85(3KB) AllocSpace objects, 0(0B) LOS objects, 20% free, 63MB/79MB, paused 484us total 48.393ms
08-04 12:06:37.059 21416 21429 I art     : Starting a blocking GC Explicit
08-04 12:06:37.118 21416 21429 I art     : Explicit concurrent mark sweep GC freed 175275(8MB) AllocSpace objects, 3(22MB) LOS objects, 26% free, 43MB/59MB, paused 660us total 58.434ms
08-04 12:06:37.131 21416 21429 I art     : Starting a blocking GC Explicit
08-04 12:06:37.171 21416 21429 I art     : Explicit concurrent mark sweep GC freed 38811(1818KB) AllocSpace objects, 0(0B) LOS objects, 27% free, 43MB/59MB, paused 815us total 39.453ms
08-04 12:06:37.184 21416 21429 I art     : Starting a blocking GC Explicit
08-04 12:06:37.223 21416 21429 I art     : Explicit concurrent mark sweep GC freed 28496(1342KB) AllocSpace objects, 0(0B) LOS objects, 26% free, 43MB/59MB, paused 823us total 38.910ms
08-04 12:06:37.236 21416 21429 I art     : Starting a blocking GC Explicit
08-04 12:06:37.276 21416 21429 I art     : Explicit concurrent mark sweep GC freed 29201(1369KB) AllocSpace objects, 0(0B) LOS objects, 26% free, 43MB/59MB, paused 770us total 39.507ms
08-04 12:06:37.289 21416 21429 I art     : Starting a blocking GC Explicit
08-04 12:06:37.330 21416 21429 I art     : Explicit concurrent mark sweep GC freed 29488(1402KB) AllocSpace objects, 0(0B) LOS objects, 26% free, 43MB/59MB, paused 780us total 40.392ms
08-04 12:06:37.380 15756 15756 I ServiceManager: Waiting for service AtCmdFwd...
08-04 12:06:37.620 21416 21429 I art     : Starting a blocking GC Explicit
08-04 12:06:37.679 21416 21429 I art     : Explicit concurrent mark sweep GC freed 182627(8MB) AllocSpace objects, 1(20KB) LOS objects, 26% free, 45MB/61MB, paused 728us total 58.689ms
08-04 12:06:37.694 21416 21429 I art     : Starting a blocking GC Explicit
08-04 12:06:37.739 21416 21429 I art     : Explicit concurrent mark sweep GC freed 38885(1821KB) AllocSpace objects, 0(0B) LOS objects, 26% free, 45MB/61MB, paused 861us total 44.620ms
08-04 12:06:37.753 21416 21429 I art     : Starting a blocking GC Explicit
08-04 12:06:37.796 21416 21429 I art     : Explicit concurrent mark sweep GC freed 31548(1470KB) AllocSpace objects, 0(0B) LOS objects, 25% free, 45MB/61MB, paused 863us total 43.476ms
08-04 12:06:37.811 21416 21429 I art     : Starting a blocking GC Explicit
08-04 12:06:37.856 21416 21429 I art     : Explicit concurrent mark sweep GC freed 32457(1519KB) AllocSpace objects, 0(0B) LOS objects, 25% free, 45MB/61MB, paused 980us total 44.874ms
08-04 12:06:37.871 21416 21429 I art     : Starting a blocking GC Explicit
08-04 12:06:37.917 21416 21429 I art     : Explicit concurrent mark sweep GC freed 33197(1554KB) AllocSpace objects, 0(0B) LOS objects, 25% free, 46MB/62MB, paused 937us total 46.104ms
08-04 12:06:38.214 21416 22420 I art     : Starting a blocking GC Explicit
08-04 12:06:38.281 21416 22420 I art     : Explicit concurrent mark sweep GC freed 190560(8MB) AllocSpace objects, 1(20KB) LOS objects, 25% free, 47MB/63MB, paused 860us total 66.620ms
08-04 12:06:38.297 21416 22420 I art     : Starting a blocking GC Explicit
08-04 12:06:38.347 21416 22420 I art     : Explicit concurrent mark sweep GC freed 41913(1975KB) AllocSpace objects, 0(0B) LOS objects, 25% free, 47MB/63MB, paused 961us total 49.240ms
08-04 12:06:38.363 21416 22420 I art     : Starting a blocking GC Explicit
08-04 12:06:38.381 15756 15756 I ServiceManager: Waiting for service AtCmdFwd...
08-04 12:06:38.414 21416 22420 I art     : Explicit concurrent mark sweep GC freed 35772(1683KB) AllocSpace objects, 0(0B) LOS objects, 24% free, 48MB/64MB, paused 1.041ms total 51.140ms
08-04 12:06:38.430 21416 22420 I art     : Starting a blocking GC Explicit
08-04 12:06:38.481 21416 22420 I art     : Explicit concurrent mark sweep GC freed 33953(1593KB) AllocSpace objects, 0(0B) LOS objects, 24% free, 48MB/64MB, paused 995us total 50.346ms
08-04 12:06:38.496 21416 22420 I art     : Starting a blocking GC Explicit
08-04 12:06:38.545 21416 22420 I art     : Explicit concurrent mark sweep GC freed 35019(1638KB) AllocSpace objects, 0(0B) LOS objects, 24% free, 48MB/64MB, paused 994us total 49.428ms
08-04 12:06:38.832 21416 21428 I art     : Starting a blocking GC Explicit
08-04 12:06:38.900 21416 21428 I art     : Explicit concurrent mark sweep GC freed 186225(8MB) AllocSpace objects, 1(20KB) LOS objects, 24% free, 50MB/66MB, paused 1.079ms total 67.838ms
08-04 12:06:38.918 21416 21428 I art     : Starting a blocking GC Explicit
08-04 12:06:38.975 21416 21428 I art     : Explicit concurrent mark sweep GC freed 45833(2MB) AllocSpace objects, 0(0B) LOS objects, 24% free, 50MB/66MB, paused 1.108ms total 56.638ms
08-04 12:06:38.992 21416 21428 I art     : Starting a blocking GC Explicit
08-04 12:06:39.050 21416 21428 I art     : Explicit concurrent mark sweep GC freed 40267(1881KB) AllocSpace objects, 0(0B) LOS objects, 24% free, 50MB/66MB, paused 1.184ms total 57.590ms
08-04 12:06:39.068 21416 21428 I art     : Starting a blocking GC Explicit
08-04 12:06:39.125 21416 21428 I art     : Explicit concurrent mark sweep GC freed 39723(1846KB) AllocSpace objects, 0(0B) LOS objects, 23% free, 50MB/66MB, paused 1.109ms total 56.650ms
08-04 12:06:39.142 21416 21428 I art     : Starting a blocking GC Explicit
08-04 12:06:39.202 21416 21428 I art     : Explicit concurrent mark sweep GC freed 40067(1876KB) AllocSpace objects, 0(0B) LOS objects, 23% free, 51MB/67MB, paused 1.137ms total 59.232ms
08-04 12:06:39.381 15756 15756 I ServiceManager: Waiting for service AtCmdFwd...
08-04 12:06:39.432 13866 13882 I PeriodicStatsRunner: PeriodicStatsRunner.call():175 call()
08-04 12:06:39.434 13866 13882 I PeriodicStatsRunner: PeriodicStatsRunner.call():179 No submit PeriodicStats since input started.
08-04 12:06:39.510 21416 22420 I art     : Starting a blocking GC Explicit
08-04 12:06:39.546 21416 22640 I Service : getCourses response time: 0.69
08-04 12:06:39.553 21416 21416 I SettingsManager: Getting string: savedCourse
08-04 12:06:39.589 21416 22420 I art     : Explicit concurrent mark sweep GC freed 188711(8MB) AllocSpace objects, 1(20KB) LOS objects, 23% free, 52MB/68MB, paused 646us total 78.113ms
08-04 12:06:39.606 21416 22420 I art     : Starting a blocking GC Explicit
08-04 12:06:39.663 21416 22420 I art     : Explicit concurrent mark sweep GC freed 1372(61KB) AllocSpace objects, 1(14MB) LOS objects, 29% free, 37MB/53MB, paused 512us total 57.679ms
08-04 12:06:39.681 21416 22420 I art     : Starting a blocking GC Explicit
08-04 12:06:39.738 21416 22420 I art     : Explicit concurrent mark sweep GC freed 254(14KB) AllocSpace objects, 0(0B) LOS objects, 29% free, 37MB/53MB, paused 536us total 56.385ms
08-04 12:06:39.758 21416 22420 I art     : Starting a blocking GC Explicit
08-04 12:06:39.802   518   646 I ThermalEngine: ACTION: GPU - Setting GPU[0] to 450000000
08-04 12:06:39.821 21416 22420 I art     : Explicit concurrent mark sweep GC freed 577(54KB) AllocSpace objects, 0(0B) LOS objects, 29% free, 37MB/53MB, paused 545us total 62.639ms
08-04 12:06:39.847 21416 22420 I art     : Starting a blocking GC Explicit
08-04 12:06:39.929 21416 22420 I art     : Explicit concurrent mark sweep GC freed 3(96B) AllocSpace objects, 0(0B) LOS objects, 29% free, 37MB/53MB, paused 565us total 82.243ms
08-04 12:06:40.289 21416 21429 I art     : Starting a blocking GC Explicit
08-04 12:06:40.382 15756 15756 I ServiceManager: Waiting for service AtCmdFwd...
08-04 12:06:40.385 21416 21429 I art     : Explicit concurrent mark sweep GC freed 1293(75KB) AllocSpace objects, 1(20KB) LOS objects, 29% free, 37MB/53MB, paused 556us total 94.937ms
08-04 12:06:40.411 21416 21429 I art     : Starting a blocking GC Explicit
08-04 12:06:40.493 21416 21429 I art     : Explicit concurrent mark sweep GC freed 18(624B) AllocSpace objects, 0(0B) LOS objects, 29% free, 37MB/53MB, paused 563us total 81.966ms
08-04 12:06:40.518 21416 21429 I art     : Starting a blocking GC Explicit
08-04 12:06:40.601 21416 21429 I art     : Explicit concurrent mark sweep GC freed 3(96B) AllocSpace objects, 0(0B) LOS objects, 29% free, 37MB/53MB, paused 544us total 82.532ms
08-04 12:06:40.627 21416 21429 I art     : Starting a blocking GC Explicit
08-04 12:06:40.711 21416 21429 I art     : Explicit concurrent mark sweep GC freed 3(96B) AllocSpace objects, 0(0B) LOS objects, 29% free, 37MB/53MB, paused 536us total 83.802ms
08-04 12:06:40.737 21416 21429 I art     : Starting a blocking GC Explicit
08-04 12:06:40.817 21416 21429 I art     : Explicit concurrent mark sweep GC freed 3(96B) AllocSpace objects, 0(0B) LOS objects, 29% free, 37MB/53MB, paused 519us total 80.088ms
08-04 12:06:41.184 21416 21628 I art     : Starting a blocking GC Explicit
08-04 12:06:41.269 13866 13882 I PeriodicStatsRunner: PeriodicStatsRunner.call():175 call()
08-04 12:06:41.270 13866 13882 I PeriodicStatsRunner: PeriodicStatsRunner.call():179 No submit PeriodicStats since input started.
08-04 12:06:41.271 21416 21628 I art     : Explicit concurrent mark sweep GC freed 1295(75KB) AllocSpace objects, 1(20KB) LOS objects, 29% free, 37MB/53MB, paused 530us total 86.497ms
08-04 12:06:41.296 21416 21628 I art     : Starting a blocking GC Explicit
08-04 12:06:41.379 21416 21628 I art     : Explicit concurrent mark sweep GC freed 19(688B) AllocSpace objects, 0(0B) LOS objects, 29% free, 37MB/53MB, paused 567us total 81.940ms
08-04 12:06:41.383 15756 15756 I ServiceManager: Waiting for service AtCmdFwd...
08-04 12:06:41.405 21416 21628 I art     : Starting a blocking GC Explicit
08-04 12:06:41.486 21416 21628 I art     : Explicit concurrent mark sweep GC freed 3(96B) AllocSpace objects, 0(0B) LOS objects, 29% free, 37MB/53MB, paused 557us total 80.651ms
08-04 12:06:41.512 21416 21628 I art     : Starting a blocking GC Explicit
08-04 12:06:41.594 21416 21628 I art     : Explicit concurrent mark sweep GC freed 3(96B) AllocSpace objects, 0(0B) LOS objects, 29% free, 37MB/53MB, paused 529us total 81.876ms
08-04 12:06:41.620 21416 21628 I art     : Starting a blocking GC Explicit
08-04 12:06:41.706 21416 21628 I art     : Explicit concurrent mark sweep GC freed 3(96B) AllocSpace objects, 0(0B) LOS objects, 29% free, 37MB/53MB, paused 518us total 85.726ms
08-04 12:06:41.802   518   646 I ThermalEngine: ACTION: GPU - Setting GPU[0] to 510000000
08-04 12:06:42.051 21416 22420 I art     : Starting a blocking GC Explicit
08-04 12:06:42.069   918  3261 D WifiStateMachine: starting scan for "H369AA63323"WPA_PSK with 2412,5180
08-04 12:06:42.123 21416 22420 I art     : Explicit concurrent mark sweep GC freed 1293(75KB) AllocSpace objects, 1(20KB) LOS objects, 29% free, 37MB/53MB, paused 402us total 71.932ms
08-04 12:06:42.144 21416 22420 I art     : Starting a blocking GC Explicit
08-04 12:06:42.201 21416 22420 I art     : Explicit concurrent mark sweep GC freed 18(624B) AllocSpace objects, 0(0B) LOS objects, 29% free, 37MB/53MB, paused 401us total 56.762ms
08-04 12:06:42.221 21416 22420 I art     : Starting a blocking GC Explicit
08-04 12:06:42.283 21416 22420 I art     : Explicit concurrent mark sweep GC freed 3(96B) AllocSpace objects, 0(0B) LOS objects, 29% free, 37MB/53MB, paused 413us total 61.595ms
08-04 12:06:42.304 21416 22420 I art     : Starting a blocking GC Explicit
08-04 12:06:42.367 21416 22420 I art     : Explicit concurrent mark sweep GC freed 3(96B) AllocSpace objects, 0(0B) LOS objects, 29% free, 37MB/53MB, paused 397us total 62.737ms
08-04 12:06:42.383 15756 15756 W Atfwd_Sendcmd: AtCmdFwd service not published, waiting... retryCnt : 2
08-04 12:06:42.388 21416 22420 I art     : Starting a blocking GC Explicit
08-04 12:06:42.448 21416 22420 I art     : Explicit concurrent mark sweep GC freed 3(96B) AllocSpace objects, 0(0B) LOS objects, 29% free, 37MB/53MB, paused 377us total 59.449ms
08-04 12:06:42.768 21416 21429 I art     : Starting a blocking GC Explicit
08-04 12:06:42.817 22733 22733 D AndroidRuntime: >>>>>> START com.android.internal.os.RuntimeInit uid 2000 <<<<<<
08-04 12:06:42.821 22733 22733 D AndroidRuntime: CheckJNI is OFF
08-04 12:06:42.833 21416 21429 I art     : Explicit concurrent mark sweep GC freed 1293(75KB) AllocSpace objects, 1(20KB) LOS objects, 29% free, 37MB/53MB, paused 415us total 64.712ms
08-04 12:06:42.852 21416 21429 I art     : Starting a blocking GC Explicit
08-04 12:06:42.861 22733 22733 D ICU     : No timezone override file found: /data/misc/zoneinfo/current/icu/icu_tzdata.dat
08-04 12:06:42.896 22733 22733 I Radio-JNI: register_android_hardware_Radio DONE
08-04 12:06:42.913 21416 21429 I art     : Explicit concurrent mark sweep GC freed 18(624B) AllocSpace objects, 0(0B) LOS objects, 29% free, 37MB/53MB, paused 406us total 59.837ms
08-04 12:06:42.918 22733 22733 D AndroidRuntime: Calling main entry com.android.commands.input.Input
08-04 12:06:42.921 22733 22733 I Input   : injectMotionEvent: MotionEvent { action=ACTION_DOWN, actionButton=0, id[0]=0, x[0]=648.0, y[0]=709.0, toolType[0]=TOOL_TYPE_UNKNOWN, buttonState=0, metaState=0, flags=0x0, edgeFlags=0x0, pointerCount=1, historySize=0, eventTime=706019333, downTime=706019333, deviceId=0, source=0x1002 }
08-04 12:06:42.928 22733 22733 I Input   : injectMotionEvent: MotionEvent { action=ACTION_UP, actionButton=0, id[0]=0, x[0]=648.0, y[0]=709.0, toolType[0]=TOOL_TYPE_UNKNOWN, buttonState=0, metaState=0, flags=0x0, edgeFlags=0x0, pointerCount=1, historySize=0, eventTime=706019333, downTime=706019333, deviceId=0, source=0x1002 }
08-04 12:06:42.930 22733 22733 D AndroidRuntime: Shutting down VM
08-04 12:06:42.932 21416 21429 I art     : Starting a blocking GC Explicit
08-04 12:06:42.991 21416 21429 I art     : Explicit concurrent mark sweep GC freed 22(1008B) AllocSpace objects, 0(0B) LOS objects, 29% free, 37MB/53MB, paused 411us total 58.771ms
08-04 12:06:42.996   512  2967 D audio_hw_primary: out_set_parameters: enter: usecase(1: low-latency-playback) kvpairs: routing=2
08-04 12:06:43.009   512  2967 D audio_hw_primary: select_devices: out_snd_device(2: speaker) in_snd_device(0: none)
08-04 12:06:43.009   512  2967 D msm8974_platform: platform_send_audio_calibration: sending audio calibration for snd_device(2) acdb_id(15)
08-04 12:06:43.009   512  2967 I soundtrigger: audio_extn_sound_trigger_update_device_status: device 0x2 of type 0 for Event 1
08-04 12:06:43.012 21416 21429 I art     : Starting a blocking GC Explicit
08-04 12:06:43.020   512  2967 D audio_hw_primary: enable_snd_device: snd_device(2: speaker)
08-04 12:06:43.022   512  2967 D audio_hw_primary: enable_audio_route: apply and update mixer path: low-latency-playback speaker
08-04 12:06:43.069 21416 21429 I art     : Explicit concurrent mark sweep GC freed 723(55KB) AllocSpace objects, 1(20KB) LOS objects, 29% free, 37MB/53MB, paused 627us total 57.384ms
08-04 12:06:43.088 21416 21429 I art     : Starting a blocking GC Explicit
08-04 12:06:43.148 21416 21429 I art     : Explicit concurrent mark sweep GC freed 156(7KB) AllocSpace objects, 0(0B) LOS objects, 29% free, 37MB/53MB, paused 406us total 60.119ms
08-04 12:06:43.441 21416 21429 I art     : Starting a blocking GC Explicit
08-04 12:06:43.514 21416 21429 I art     : Explicit concurrent mark sweep GC freed 1299(75KB) AllocSpace objects, 1(20KB) LOS objects, 29% free, 37MB/53MB, paused 375us total 72.286ms
08-04 12:06:43.537 21416 21429 I art     : Starting a blocking GC Explicit
08-04 12:06:43.559   512  2967 D audio_hw_primary: disable_audio_route: reset and update mixer path: low-latency-playback speaker
08-04 12:06:43.560   512  2967 D audio_hw_primary: disable_snd_device: snd_device(2: speaker)
08-04 12:06:43.570   512  2967 I soundtrigger: audio_extn_sound_trigger_update_device_status: device 0x2 of type 0 for Event 0
08-04 12:06:43.610 21416 21429 I art     : Explicit concurrent mark sweep GC freed 24(816B) AllocSpace objects, 0(0B) LOS objects, 29% free, 37MB/53MB, paused 368us total 72.376ms
08-04 12:06:43.634 21416 21429 I art     : Starting a blocking GC Explicit
08-04 12:06:43.698 21416 21429 I art     : Explicit concurrent mark sweep GC freed 3(96B) AllocSpace objects, 0(0B) LOS objects, 29% free, 37MB/53MB, paused 378us total 64.422ms
08-04 12:06:43.722 21416 21429 I art     : Starting a blocking GC Explicit
08-04 12:06:43.790 21416 21429 I art     : Explicit concurrent mark sweep GC freed 5(160B) AllocSpace objects, 0(0B) LOS objects, 29% free, 37MB/53MB, paused 419us total 67.144ms
08-04 12:06:43.816 21416 21429 I art     : Starting a blocking GC Explicit
08-04 12:06:43.880 21416 21429 I art     : Explicit concurrent mark sweep GC freed 3(96B) AllocSpace objects, 0(0B) LOS objects, 29% free, 37MB/53MB, paused 410us total 64.596ms
08-04 12:06:44.195 21416 22420 I art     : Starting a blocking GC Explicit
08-04 12:06:44.259 21416 22420 I art     : Explicit concurrent mark sweep GC freed 1295(75KB) AllocSpace objects, 1(20KB) LOS objects, 29% free, 37MB/53MB, paused 405us total 64.450ms
08-04 12:06:44.279 21416 22420 I art     : Starting a blocking GC Explicit
08-04 12:06:44.341 21416 22420 I art     : Explicit concurrent mark sweep GC freed 18(624B) AllocSpace objects, 0(0B) LOS objects, 29% free, 37MB/53MB, paused 400us total 61.497ms
08-04 12:06:44.361 21416 22420 I art     : Starting a blocking GC Explicit
08-04 12:06:44.418 21416 22420 I art     : Explicit concurrent mark sweep GC freed 3(96B) AllocSpace objects, 0(0B) LOS objects, 29% free, 37MB/53MB, paused 462us total 57.377ms
08-04 12:06:44.438 21416 22420 I art     : Starting a blocking GC Explicit
08-04 12:06:44.496 21416 22420 I art     : Explicit concurrent mark sweep GC freed 3(96B) AllocSpace objects, 0(0B) LOS objects, 29% free, 37MB/53MB, paused 397us total 57.953ms
08-04 12:06:44.516 21416 22420 I art     : Starting a blocking GC Explicit
08-04 12:06:44.573 21416 22420 I art     : Explicit concurrent mark sweep GC freed 3(96B) AllocSpace objects, 0(0B) LOS objects, 29% free, 37MB/53MB, paused 419us total 56.676ms
08-04 12:06:44.584 22777 22777 D AndroidRuntime: >>>>>> START com.android.internal.os.RuntimeInit uid 2000 <<<<<<
08-04 12:06:44.589 22777 22777 D AndroidRuntime: CheckJNI is OFF
08-04 12:06:44.620 22777 22777 D ICU     : No timezone override file found: /data/misc/zoneinfo/current/icu/icu_tzdata.dat
08-04 12:06:44.653 22777 22777 I Radio-JNI: register_android_hardware_Radio DONE
08-04 12:06:44.676 22777 22777 D AndroidRuntime: Calling main entry com.android.commands.input.Input
08-04 12:06:44.677 22777 22777 I Input   : injectMotionEvent: MotionEvent { action=ACTION_DOWN, actionButton=0, id[0]=0, x[0]=1197.0, y[0]=1456.0, toolType[0]=TOOL_TYPE_UNKNOWN, buttonState=0, metaState=0, flags=0x0, edgeFlags=0x0, pointerCount=1, historySize=0, eventTime=706021090, downTime=706021090, deviceId=0, source=0x1002 }
08-04 12:06:44.682 22777 22777 I Input   : injectMotionEvent: MotionEvent { action=ACTION_UP, actionButton=0, id[0]=0, x[0]=1197.0, y[0]=1456.0, toolType[0]=TOOL_TYPE_UNKNOWN, buttonState=0, metaState=0, flags=0x0, edgeFlags=0x0, pointerCount=1, historySize=0, eventTime=706021090, downTime=706021090, deviceId=0, source=0x1002 }
08-04 12:06:44.684 22777 22777 D AndroidRuntime: Shutting down VM
08-04 12:06:44.697   512  2967 D audio_hw_primary: out_set_parameters: enter: usecase(1: low-latency-playback) kvpairs: routing=2
08-04 12:06:44.710   512  2967 D audio_hw_primary: select_devices: out_snd_device(2: speaker) in_snd_device(0: none)
08-04 12:06:44.710   512  2967 D msm8974_platform: platform_send_audio_calibration: sending audio calibration for snd_device(2) acdb_id(15)
08-04 12:06:44.711   512  2967 I soundtrigger: audio_extn_sound_trigger_update_device_status: device 0x2 of type 0 for Event 1
08-04 12:06:44.715 21416 21432 D OpenGLRenderer: endAllStagingAnimators on 0x7f995be400 (RippleDrawable) with handle 0x7f78a39120
08-04 12:06:44.722   512  2967 D audio_hw_primary: enable_snd_device: snd_device(2: speaker)
08-04 12:06:44.723 21416 21416 I SettingsManager: Setting string: savedCourse
08-04 12:06:44.724   918  3961 W BackupManagerService: dataChanged but no participant pkg='baseline.com.ak.uobtimetable' uid=10659
08-04 12:06:44.725   918  4400 I ActivityManager: START u0 {flg=0x4000000 cmp=baseline.com.ak.uobtimetable/.MainActivity (has extras)} from uid 10659 on display 0
08-04 12:06:44.725   512  2967 D audio_hw_primary: enable_audio_route: apply and update mixer path: low-latency-playback speaker
08-04 12:06:44.738   918  3359 W InputMethodManagerService: Focus gain on non-focused client com.android.internal.view.IInputMethodClient$Stub$Proxy@799dc7e (uid=10659 pid=21416)
08-04 12:06:44.757 21416 21416 D MainActivity: OnDestroy
08-04 12:06:44.774 21416 21416 D MainActivity: onCreate
08-04 12:06:44.775 21416 21416 I SettingsManager: Getting string: savedSessions
08-04 12:06:44.775 21416 21416 I SettingsManager: Getting string: savedSessions
08-04 12:06:44.782 21416 21416 I SettingsManager: Getting string: savedSessionsCourseName
08-04 12:06:44.782 21416 21416 I SettingsManager: Getting string: savedSessionsCourseName
08-04 12:06:44.782 21416 21416 I SettingsManager: Getting string: savedSessionsDateRange
08-04 12:06:44.782 21416 21416 I SettingsManager: Getting string: savedSessionsDateRange
08-04 12:06:44.782 21416 21416 I Settings: 15 saved sessions - Artificial Intelligence and Robotics (with Foundation Year) - BSc (Hons) - Ltn - Y0 Feb FT - Weeks: 24-38 (8 Jun 2020-20 Sep 2020)
08-04 12:06:44.809   518   646 I ThermalEngine: ACTION: GPU - Setting GPU[0] to 450000000
08-04 12:06:44.818 21416 21416 I SettingsManager: Getting string: savedCourse
08-04 12:06:44.819 21416 21416 D MainActivity: sessionListFragmentArg: updateSessions
08-04 12:06:44.819 21416 21416 D MainActivity: showTermDatesConfigChange: false
08-04 12:06:44.819 21416 21416 D MainActivity: showTermDatesShortcut: false
08-04 12:06:44.820 21416 21416 D MainActivity: Setting initial fragment: SessionListsFragment
08-04 12:06:44.820 21416 21416 I SettingsManager: Getting int: launchCount
08-04 12:06:44.821 21416 21416 D SessionListsFragment: onCreateView
08-04 12:06:44.826 21416 21416 I SettingsManager: Getting string: savedCourse
08-04 12:06:44.830 21416 21416 I SettingsManager: Getting string: savedSessions
08-04 12:06:44.839 21416 21416 D SessionListsFragment: loadArgument: updateSessions
08-04 12:06:44.839 21416 21416 D SessionListsFragment: initialIndex: -1
08-04 12:06:44.842 21416 22800 D HTTP    : Request for: https://uob-timetable-api.adriankeenan.co.uk/sessions?dept=CM010&course=BSAIFAAF%2F02AA%2F0%2FFT&level=Foundation+Year
08-04 12:06:44.855 21416 21416 D TermDatesFragment: WebView loaded
08-04 12:06:44.856 21416 21416 D MainActivity: OnResume
08-04 12:06:44.859 21416 21429 I art     : Starting a blocking GC Explicit
08-04 12:06:44.926 21416 21416 I TermDatesFragment: Webview load %: 10
08-04 12:06:44.938 21416 21429 I art     : Explicit concurrent mark sweep GC freed 23023(1081KB) AllocSpace objects, 3(1360KB) LOS objects, 29% free, 37MB/53MB, paused 952us total 78.672ms
08-04 12:06:44.952   918   936 I ActivityManager: Displayed baseline.com.ak.uobtimetable/.MainActivity: +212ms
08-04 12:06:44.953 13866 13866 I GoogleInputMethodServic: GoogleInputMethodService.onFinishInput():3138 
08-04 12:06:44.953 13866 13866 I GoogleInputMethodServic: GoogleInputMethodService.onStartInput():1808 
08-04 12:06:44.961 21416 21429 I art     : Starting a blocking GC Explicit
08-04 12:06:45.027 21416 22800 I NAPPA_EXPERIMENTATION: MetricNetworkRequestExecutionTime: REQUEST_DURATION_SYSTEM='184',REQUEST_DURATION_OKHTTP='47',REQUEST_SYNCHRONOUS='TRUE',RESPONSE_CODE='200',RESPONSE_METHOD='GET',RESPONSE_LENGTH_OKHTTP='-1',RESPONSE_LENGTH_HEADER='1214',REQUEST_PROTOCOL='http/1.1',REQUEST_URL='https://uob-timetable-api.adriankeenan.co.uk/sessions?dept=CM010&course=BSAIFAAF%2F02AA%2F0%2FFT&level=Foundation+Year',
08-04 12:06:45.032 21416 21429 I art     : Explicit concurrent mark sweep GC freed 3252(168KB) AllocSpace objects, 2(120KB) LOS objects, 29% free, 38MB/54MB, paused 864us total 71.062ms
08-04 12:06:45.033 21416 21416 I TermDatesFragment: Webview load %: 70
08-04 12:06:45.044 21416 21416 I TermDatesFragment: Webview load %: 100
08-04 12:06:45.044 21416 21416 I TermDatesFragment: Webview load %: 100
08-04 12:06:45.054 21416 21429 I art     : Starting a blocking GC Explicit
08-04 12:06:45.059 21416 22800 I HTTP    : Response was compressed.
08-04 12:06:45.073 21416 22800 I Service : getSessions response time: 1.10
08-04 12:06:45.073 21416 21416 I SettingsManager: Getting string: savedSessions
08-04 12:06:45.074 21416 21416 I SettingsManager: Getting string: savedSessions
08-04 12:06:45.084 21416 21416 I Service : Sessions updated: 15
08-04 12:06:45.084 21416 21416 I Service : Sessions removed from new list: 0
08-04 12:06:45.094 21416 21416 I SettingsManager: Setting string: savedSessions
08-04 12:06:45.094   918  4400 W BackupManagerService: dataChanged but no participant pkg='baseline.com.ak.uobtimetable' uid=10659
08-04 12:06:45.094 21416 21416 I SettingsManager: Setting date: savedSessionsTime
08-04 12:06:45.101   918  3670 W BackupManagerService: dataChanged but no participant pkg='baseline.com.ak.uobtimetable' uid=10659
08-04 12:06:45.102 21416 21416 I SettingsManager: Setting string: savedSessionsCourseName
08-04 12:06:45.102   918  3359 W BackupManagerService: dataChanged but no participant pkg='baseline.com.ak.uobtimetable' uid=10659
08-04 12:06:45.102 21416 21416 I SettingsManager: Setting string: savedSessionsDateRange
08-04 12:06:45.102   918  5481 W BackupManagerService: dataChanged but no participant pkg='baseline.com.ak.uobtimetable' uid=10659
08-04 12:06:45.103 21416 21416 I SettingsManager: Setting string: timetableUrl
08-04 12:06:45.103   918  5132 W BackupManagerService: dataChanged but no participant pkg='baseline.com.ak.uobtimetable' uid=10659
08-04 12:06:45.103 21416 21416 I SettingsManager: Getting boolean: notifySessionRemindersEnabled
08-04 12:06:45.103 21416 21416 I SettingsManager: Getting int: notifySessionRemindersMinutes
08-04 12:06:45.103 21416 21416 I SettingsManager: Getting boolean: showHiddenSessions
08-04 12:06:45.105 21416 21416 I SessionReminderNotifier: Created session reminder alarm for f7b4771250a919bd729c1c5a4a459c77 at Mon 08:30:00 10/08/20
08-04 12:06:45.108 21416 21416 I SessionReminderNotifier: Created session reminder alarm for a7f879aabdeb78622c8820a5fb7b64cd at Tue 08:30:00 11/08/20
08-04 12:06:45.111 21416 21416 I SessionReminderNotifier: Created session reminder alarm for 7bc8d7e2c2055711f597c3d9078c6ea3 at Tue 08:30:00 11/08/20
08-04 12:06:45.113 21416 21416 I SessionReminderNotifier: Created session reminder alarm for 53c0527a6f009a1f2fd223834d3bfe51 at Tue 10:30:00 11/08/20
08-04 12:06:45.115 21416 21416 I SessionReminderNotifier: Created session reminder alarm for e0fc978b5db8218778540b4053344581 at Tue 11:00:00 11/08/20
08-04 12:06:45.118 21416 21416 I SessionReminderNotifier: Created session reminder alarm for 199afb0100f329ff65a09e1b0cd9deba at Tue 11:30:00 04/08/20
08-04 12:06:45.118 21416 21429 I art     : Explicit concurrent mark sweep GC freed 56276(2MB) AllocSpace objects, 6(252KB) LOS objects, 30% free, 36MB/52MB, paused 871us total 64.230ms
08-04 12:06:45.121 21416 21416 I SessionReminderNotifier: Created session reminder alarm for 21712fef61090882c855a1425543edb5 at Tue 13:30:00 04/08/20
08-04 12:06:45.124 21416 21416 I SessionReminderNotifier: Created session reminder alarm for 65ca4d97f031f29a4d02bbb45a705d8f at Wed 08:30:00 05/08/20
08-04 12:06:45.127 21416 21416 I SessionReminderNotifier: Created session reminder alarm for eeda7741b0bcab58fd9f46dc6ef1d942 at Wed 08:30:00 05/08/20
08-04 12:06:45.130 21416 21416 I SessionReminderNotifier: Created session reminder alarm for c276c1b2075a0beb67f1b3d1e580f920 at Wed 11:00:00 05/08/20
08-04 12:06:45.132 21416 21416 I SessionReminderNotifier: Created session reminder alarm for 8b1f3627e42ae13a6f6ba0a83903dde1 at Wed 13:30:00 05/08/20
08-04 12:06:45.136 21416 21416 I SessionReminderNotifier: Created session reminder alarm for 79fe0b5c3b887a13ba29db5a33fa2800 at Thu 08:30:00 06/08/20
08-04 12:06:45.139 21416 21416 I SessionReminderNotifier: Created session reminder alarm for cb9dfc8231cdba2be0835dc5709690e1 at Thu 08:30:00 06/08/20
08-04 12:06:45.140 21416 21429 I art     : Starting a blocking GC Explicit
08-04 12:06:45.144 21416 21416 I SessionReminderNotifier: Created session reminder alarm for f850dc24d6de60b7b89fa9e1a8c224c5 at Thu 12:00:00 06/08/20
08-04 12:06:45.146 21416 21416 I SessionReminderNotifier: Created session reminder alarm for 2ba1034116e4fffdd592dbf0796a43d5 at Fri 08:30:00 07/08/20
08-04 12:06:45.146 21416 21416 I SettingsManager: Getting boolean: showHiddenSessions
08-04 12:06:45.146 21416 21416 D SessionListsFragment: 1 sessions for day 0
08-04 12:06:45.147 21416 21416 D SessionListsFragment: 6 sessions for day 1
08-04 12:06:45.147 21416 21416 D SessionListsFragment: 4 sessions for day 2
08-04 12:06:45.147 21416 21416 D SessionListsFragment: 3 sessions for day 3
08-04 12:06:45.147 21416 21416 D SessionListsFragment: 1 sessions for day 4
08-04 12:06:45.191 21416 21416 I SettingsManager: Getting boolean: showHiddenSessions
08-04 12:06:45.192 21416 21416 D SessionListsFragment: Refreshed ViewPager
08-04 12:06:45.192 21416 21416 I SettingsManager: Getting boolean: showHiddenSessions
08-04 12:06:45.192 21416 21416 I SettingsManager: Getting boolean: completedTutorial
08-04 12:06:45.192 21416 21416 I SettingsManager: Getting boolean: showHiddenSessions
08-04 12:06:45.193 21416 21416 I SettingsManager: Getting date: savedSessionsTime
08-04 12:06:45.204 21416 21429 I art     : Explicit concurrent mark sweep GC freed 3918(192KB) AllocSpace objects, 0(0B) LOS objects, 30% free, 36MB/52MB, paused 1.350ms total 63.458ms
08-04 12:06:45.227 21416 21429 I art     : Starting a blocking GC Explicit
08-04 12:06:45.259   512  2967 D audio_hw_primary: disable_audio_route: reset and update mixer path: low-latency-playback speaker
08-04 12:06:45.261   512  2967 D audio_hw_primary: disable_snd_device: snd_device(2: speaker)
08-04 12:06:45.269   512  2967 I soundtrigger: audio_extn_sound_trigger_update_device_status: device 0x2 of type 0 for Event 0
08-04 12:06:45.291 21416 21429 I art     : Explicit concurrent mark sweep GC freed 30746(1229KB) AllocSpace objects, 0(0B) LOS objects, 30% free, 36MB/52MB, paused 1.298ms total 64.005ms
08-04 12:06:45.603 21416 22420 I art     : Starting a blocking GC Explicit
08-04 12:06:45.698 21416 22420 I art     : Explicit concurrent mark sweep GC freed 130129(5MB) AllocSpace objects, 1(20KB) LOS objects, 29% free, 37MB/53MB, paused 1.338ms total 94.858ms
08-04 12:06:45.722 21416 22420 I art     : Starting a blocking GC Explicit
08-04 12:06:45.797 21416 22420 I art     : Explicit concurrent mark sweep GC freed 37219(1673KB) AllocSpace objects, 0(0B) LOS objects, 29% free, 37MB/53MB, paused 1.336ms total 74.785ms
08-04 12:06:45.819 21416 22420 I art     : Starting a blocking GC Explicit
08-04 12:06:45.899 21416 22420 I art     : Explicit concurrent mark sweep GC freed 32874(1366KB) AllocSpace objects, 0(0B) LOS objects, 29% free, 37MB/53MB, paused 1.514ms total 80.071ms
08-04 12:06:45.923 21416 22420 I art     : Starting a blocking GC Explicit
08-04 12:06:45.992 21416 21416 I Choreographer: Skipped 47 frames!  The application may be doing too much work on its main thread.
08-04 12:06:46.005 21416 22420 I art     : Explicit concurrent mark sweep GC freed 35164(1439KB) AllocSpace objects, 0(0B) LOS objects, 29% free, 37MB/53MB, paused 1.015ms total 81.949ms
08-04 12:06:46.029 21416 22420 I art     : Starting a blocking GC Explicit
08-04 12:06:46.102 21416 22420 I art     : Explicit concurrent mark sweep GC freed 1464(103KB) AllocSpace objects, 0(0B) LOS objects, 29% free, 37MB/53MB, paused 565us total 73.152ms
08-04 12:06:46.434 21416 22420 I art     : Starting a blocking GC Explicit
08-04 12:06:46.520 21416 22420 I art     : Explicit concurrent mark sweep GC freed 123033(11MB) AllocSpace objects, 4(156KB) LOS objects, 37% free, 26MB/42MB, paused 556us total 85.677ms
08-04 12:06:46.535 21416 22420 I art     : Starting a blocking GC Explicit
08-04 12:06:46.578 21416 22420 I art     : Explicit concurrent mark sweep GC freed 18(624B) AllocSpace objects, 0(0B) LOS objects, 37% free, 26MB/42MB, paused 576us total 42.273ms
08-04 12:06:46.593 21416 22420 I art     : Starting a blocking GC Explicit
08-04 12:06:46.634 21416 22420 I art     : Explicit concurrent mark sweep GC freed 3(96B) AllocSpace objects, 0(0B) LOS objects, 37% free, 26MB/42MB, paused 497us total 41.165ms
08-04 12:06:46.649 21416 22420 I art     : Starting a blocking GC Explicit
08-04 12:06:46.692 21416 22420 I art     : Explicit concurrent mark sweep GC freed 3(96B) AllocSpace objects, 0(0B) LOS objects, 37% free, 26MB/42MB, paused 503us total 42.404ms
08-04 12:06:46.707 21416 22420 I art     : Starting a blocking GC Explicit
08-04 12:06:46.749 21416 22420 I art     : Explicit concurrent mark sweep GC freed 3(96B) AllocSpace objects, 0(0B) LOS objects, 37% free, 26MB/42MB, paused 526us total 41.870ms
08-04 12:06:47.109 21416 21628 I art     : Starting a blocking GC Explicit
08-04 12:06:47.151 21416 21628 I art     : Explicit concurrent mark sweep GC freed 1445(80KB) AllocSpace objects, 1(20KB) LOS objects, 37% free, 26MB/42MB, paused 549us total 42.432ms
08-04 12:06:47.168 21416 21628 I art     : Starting a blocking GC Explicit
08-04 12:06:47.214 21416 21628 I art     : Explicit concurrent mark sweep GC freed 20(704B) AllocSpace objects, 0(0B) LOS objects, 37% free, 26MB/42MB, paused 565us total 46.522ms
08-04 12:06:47.231 21416 21628 I art     : Starting a blocking GC Explicit
08-04 12:06:47.277 21416 21628 I art     : Explicit concurrent mark sweep GC freed 3(96B) AllocSpace objects, 0(0B) LOS objects, 37% free, 26MB/42MB, paused 568us total 45.561ms
08-04 12:06:47.293 21416 21628 I art     : Starting a blocking GC Explicit
08-04 12:06:47.341 21416 21628 I art     : Explicit concurrent mark sweep GC freed 3(96B) AllocSpace objects, 0(0B) LOS objects, 37% free, 26MB/42MB, paused 592us total 47.625ms
08-04 12:06:47.358 21416 21628 I art     : Starting a blocking GC Explicit
08-04 12:06:47.404 21416 21628 I art     : Explicit concurrent mark sweep GC freed 3(96B) AllocSpace objects, 0(0B) LOS objects, 37% free, 26MB/42MB, paused 575us total 46.241ms
08-04 12:06:47.772 21416 21429 I art     : Starting a blocking GC Explicit
08-04 12:06:47.826 21416 21429 I art     : Explicit concurrent mark sweep GC freed 1293(75KB) AllocSpace objects, 1(20KB) LOS objects, 37% free, 26MB/42MB, paused 595us total 52.914ms
08-04 12:06:47.845 21416 21429 I art     : Starting a blocking GC Explicit
08-04 12:06:47.894 21416 21429 I art     : Explicit concurrent mark sweep GC freed 18(624B) AllocSpace objects, 0(0B) LOS objects, 37% free, 26MB/42MB, paused 567us total 48.671ms
08-04 12:06:47.911 21416 21429 I art     : Starting a blocking GC Explicit
08-04 12:06:47.960 21416 21429 I art     : Explicit concurrent mark sweep GC freed 3(96B) AllocSpace objects, 0(0B) LOS objects, 37% free, 26MB/42MB, paused 587us total 48.733ms
08-04 12:06:47.981 21416 21429 I art     : Starting a blocking GC Explicit
08-04 12:06:48.027 21416 21429 I art     : Explicit concurrent mark sweep GC freed 3(96B) AllocSpace objects, 0(0B) LOS objects, 37% free, 26MB/42MB, paused 554us total 45.924ms
08-04 12:06:48.043 21416 21429 I art     : Starting a blocking GC Explicit
08-04 12:06:48.090 21416 21429 I art     : Explicit concurrent mark sweep GC freed 3(96B) AllocSpace objects, 0(0B) LOS objects, 37% free, 26MB/42MB, paused 564us total 47.041ms
08-04 12:06:48.453 21416 21428 I art     : Starting a blocking GC Explicit
08-04 12:06:48.512 21416 21428 I art     : Explicit concurrent mark sweep GC freed 1293(75KB) AllocSpace objects, 1(20KB) LOS objects, 37% free, 26MB/42MB, paused 611us total 58.285ms
08-04 12:06:48.530 21416 21428 I art     : Starting a blocking GC Explicit
08-04 12:06:48.579 21416 21428 I art     : Explicit concurrent mark sweep GC freed 18(624B) AllocSpace objects, 0(0B) LOS objects, 37% free, 26MB/42MB, paused 593us total 48.118ms
08-04 12:06:48.595 21416 21428 I art     : Starting a blocking GC Explicit
08-04 12:06:48.638 21416 21428 I art     : Explicit concurrent mark sweep GC freed 3(96B) AllocSpace objects, 0(0B) LOS objects, 37% free, 26MB/42MB, paused 618us total 42.107ms
08-04 12:06:48.639 21809 22854 W Gcs.WfaEliRefreshTask: [23833] afk.b: NULL eligibility response.
08-04 12:06:48.643 24365 25567 I NetworkScheduler.Stats: Task com.google.android.apps.gcs/ started execution. cause:4 exec_start_elapsed_seconds: 1689412 [CONTEXT service_id=218 ]
08-04 12:06:48.646 24365 25567 I NetworkScheduler.Stats: Task com.google.android.apps.gcs/ finished executing. cause:4 result: 3 elapsed_millis: 11 uptime_millis: 11 exec_start_elapsed_seconds: 1689412 [CONTEXT service_id=218 ]
08-04 12:06:48.653 21416 21428 I art     : Starting a blocking GC Explicit
08-04 12:06:48.693 21416 21428 I art     : Explicit concurrent mark sweep GC freed 3(96B) AllocSpace objects, 0(0B) LOS objects, 37% free, 26MB/42MB, paused 545us total 39.837ms
08-04 12:06:48.709 21416 21428 I art     : Starting a blocking GC Explicit
08-04 12:06:48.753 21416 21428 I art     : Explicit concurrent mark sweep GC freed 3(96B) AllocSpace objects, 0(0B) LOS objects, 37% free, 26MB/42MB, paused 533us total 44.140ms
08-04 12:06:48.820   518   646 I ThermalEngine: ACTION: GPU - Setting GPU[0] to 510000000
08-04 12:06:49.060 21416 21428 I art     : Starting a blocking GC Explicit
08-04 12:06:49.103 21416 21428 I art     : Explicit concurrent mark sweep GC freed 1306(76KB) AllocSpace objects, 1(20KB) LOS objects, 37% free, 26MB/42MB, paused 494us total 42.177ms
08-04 12:06:49.116 21416 21428 I art     : Starting a blocking GC Explicit
08-04 12:06:49.149 21416 21428 I art     : Explicit concurrent mark sweep GC freed 18(624B) AllocSpace objects, 0(0B) LOS objects, 37% free, 26MB/42MB, paused 421us total 32.967ms
08-04 12:06:49.161 21416 21428 I art     : Starting a blocking GC Explicit
08-04 12:06:49.192 21416 21428 I art     : Explicit concurrent mark sweep GC freed 5(128B) AllocSpace objects, 0(0B) LOS objects, 37% free, 26MB/42MB, paused 402us total 31.346ms
08-04 12:06:49.204 21416 21428 I art     : Starting a blocking GC Explicit
08-04 12:06:49.236 21416 21428 I art     : Explicit concurrent mark sweep GC freed 29(1136B) AllocSpace objects, 0(0B) LOS objects, 37% free, 26MB/42MB, paused 421us total 31.137ms
08-04 12:06:49.247 21416 21428 I art     : Starting a blocking GC Explicit
08-04 12:06:49.279 21416 21428 I art     : Explicit concurrent mark sweep GC freed 7(160B) AllocSpace objects, 0(0B) LOS objects, 37% free, 26MB/42MB, paused 445us total 31.006ms
08-04 12:06:49.364 22857 22857 D AndroidRuntime: >>>>>> START com.android.internal.os.RuntimeInit uid 2000 <<<<<<
08-04 12:06:49.368 22857 22857 D AndroidRuntime: CheckJNI is OFF
08-04 12:06:49.402 22857 22857 D ICU     : No timezone override file found: /data/misc/zoneinfo/current/icu/icu_tzdata.dat
08-04 12:06:49.435 22857 22857 I Radio-JNI: register_android_hardware_Radio DONE
08-04 12:06:49.457 22857 22857 D AndroidRuntime: Calling main entry com.android.commands.input.Input
08-04 12:06:49.459 22857 22857 I Input   : injectMotionEvent: MotionEvent { action=ACTION_DOWN, actionButton=0, id[0]=0, x[0]=81.0, y[0]=176.0, toolType[0]=TOOL_TYPE_UNKNOWN, buttonState=0, metaState=0, flags=0x0, edgeFlags=0x0, pointerCount=1, historySize=0, eventTime=706025872, downTime=706025872, deviceId=0, source=0x1002 }
08-04 12:06:49.464 22857 22857 I Input   : injectMotionEvent: MotionEvent { action=ACTION_UP, actionButton=0, id[0]=0, x[0]=81.0, y[0]=176.0, toolType[0]=TOOL_TYPE_UNKNOWN, buttonState=0, metaState=0, flags=0x0, edgeFlags=0x0, pointerCount=1, historySize=0, eventTime=706025872, downTime=706025872, deviceId=0, source=0x1002 }
08-04 12:06:49.466 22857 22857 D AndroidRuntime: Shutting down VM
08-04 12:06:49.480   512  2967 D audio_hw_primary: out_set_parameters: enter: usecase(1: low-latency-playback) kvpairs: routing=2
08-04 12:06:49.493   512  2967 D audio_hw_primary: select_devices: out_snd_device(2: speaker) in_snd_device(0: none)
08-04 12:06:49.493   512  2967 D msm8974_platform: platform_send_audio_calibration: sending audio calibration for snd_device(2) acdb_id(15)
08-04 12:06:49.493   512  2967 I soundtrigger: audio_extn_sound_trigger_update_device_status: device 0x2 of type 0 for Event 1
08-04 12:06:49.506   512  2967 D audio_hw_primary: enable_snd_device: snd_device(2: speaker)
08-04 12:06:49.508   512  2967 D audio_hw_primary: enable_audio_route: apply and update mixer path: low-latency-playback speaker
08-04 12:06:49.513 13866 13866 I GoogleInputMethodServic: GoogleInputMethodService.onFinishInput():3138 
08-04 12:06:49.513 13866 13866 I GoogleInputMethodServic: GoogleInputMethodService.onStartInput():1808 
08-04 12:06:49.569 21416 21428 I art     : Starting a blocking GC Explicit
08-04 12:06:49.604 21416 21428 I art     : Explicit concurrent mark sweep GC freed 1761(98KB) AllocSpace objects, 1(20KB) LOS objects, 37% free, 26MB/42MB, paused 463us total 34.755ms
08-04 12:06:49.618 21416 21428 I art     : Starting a blocking GC Explicit
08-04 12:06:49.649 21416 21428 I art     : Explicit concurrent mark sweep GC freed 174(11KB) AllocSpace objects, 0(0B) LOS objects, 37% free, 26MB/42MB, paused 384us total 31.454ms
08-04 12:06:49.661 21416 21428 I art     : Starting a blocking GC Explicit
08-04 12:06:49.693 21416 21428 I art     : Explicit concurrent mark sweep GC freed 3(96B) AllocSpace objects, 0(0B) LOS objects, 37% free, 26MB/42MB, paused 394us total 31.693ms
08-04 12:06:49.705 21416 21428 I art     : Starting a blocking GC Explicit
08-04 12:06:49.738 21416 21428 I art     : Explicit concurrent mark sweep GC freed 5(160B) AllocSpace objects, 0(0B) LOS objects, 37% free, 26MB/42MB, paused 392us total 31.980ms
08-04 12:06:49.749 21416 21428 I art     : Starting a blocking GC Explicit
08-04 12:06:49.781 21416 21428 I art     : Explicit concurrent mark sweep GC freed 9(288B) AllocSpace objects, 0(0B) LOS objects, 37% free, 26MB/42MB, paused 358us total 31.305ms
08-04 12:06:49.954 13866 13882 I PeriodicStatsRunner: PeriodicStatsRunner.call():175 call()
08-04 12:06:49.955 13866 13882 I PeriodicStatsRunner: PeriodicStatsRunner.call():179 No submit PeriodicStats since input started.
08-04 12:06:50.048   512  2967 D audio_hw_primary: disable_audio_route: reset and update mixer path: low-latency-playback speaker
08-04 12:06:50.049   512  2967 D audio_hw_primary: disable_snd_device: snd_device(2: speaker)
08-04 12:06:50.057   512  2967 I soundtrigger: audio_extn_sound_trigger_update_device_status: device 0x2 of type 0 for Event 0
08-04 12:06:50.072 21416 22420 I art     : Starting a blocking GC Explicit
08-04 12:06:50.107 21416 22420 I art     : Explicit concurrent mark sweep GC freed 1296(75KB) AllocSpace objects, 1(20KB) LOS objects, 37% free, 26MB/42MB, paused 410us total 35.141ms
08-04 12:06:50.120 21416 22420 I art     : Starting a blocking GC Explicit
08-04 12:06:50.154 21416 22420 I art     : Explicit concurrent mark sweep GC freed 20(688B) AllocSpace objects, 0(0B) LOS objects, 37% free, 26MB/42MB, paused 407us total 33.340ms
08-04 12:06:50.166 21416 22420 I art     : Starting a blocking GC Explicit
08-04 12:06:50.201 21416 22420 I art     : Explicit concurrent mark sweep GC freed 3(96B) AllocSpace objects, 0(0B) LOS objects, 37% free, 26MB/42MB, paused 393us total 34.734ms
08-04 12:06:50.213 21416 22420 I art     : Starting a blocking GC Explicit
08-04 12:06:50.248 21416 22420 I art     : Explicit concurrent mark sweep GC freed 5(160B) AllocSpace objects, 0(0B) LOS objects, 37% free, 26MB/42MB, paused 391us total 34.293ms
08-04 12:06:50.260 21416 22420 I art     : Starting a blocking GC Explicit
08-04 12:06:50.296 21416 22420 I art     : Explicit concurrent mark sweep GC freed 3(96B) AllocSpace objects, 0(0B) LOS objects, 37% free, 26MB/42MB, paused 414us total 35.753ms
08-04 12:06:50.598 21416 21428 I art     : Starting a blocking GC Explicit
08-04 12:06:50.640 21416 21428 I art     : Explicit concurrent mark sweep GC freed 1293(75KB) AllocSpace objects, 1(20KB) LOS objects, 37% free, 26MB/42MB, paused 425us total 41.483ms
08-04 12:06:50.653 21416 21428 I art     : Starting a blocking GC Explicit
08-04 12:06:50.689 21416 21428 I art     : Explicit concurrent mark sweep GC freed 18(624B) AllocSpace objects, 0(0B) LOS objects, 37% free, 26MB/42MB, paused 385us total 35.385ms
08-04 12:06:50.702 21416 21428 I art     : Starting a blocking GC Explicit
08-04 12:06:50.737 21416 21428 I art     : Explicit concurrent mark sweep GC freed 3(96B) AllocSpace objects, 0(0B) LOS objects, 37% free, 26MB/42MB, paused 417us total 34.582ms
08-04 12:06:50.737 21416 21427 I art     : WaitForGcToComplete blocked for 34.829ms for cause HeapTrim
08-04 12:06:50.750 21416 21428 I art     : Starting a blocking GC Explicit
08-04 12:06:50.783 21416 21428 I art     : Explicit concurrent mark sweep GC freed 3(96B) AllocSpace objects, 0(0B) LOS objects, 37% free, 26MB/42MB, paused 404us total 33.691ms
08-04 12:06:50.796 21416 21428 I art     : Starting a blocking GC Explicit
08-04 12:06:50.829 21416 21428 I art     : Explicit concurrent mark sweep GC freed 3(96B) AllocSpace objects, 0(0B) LOS objects, 37% free, 26MB/42MB, paused 422us total 32.885ms
08-04 12:06:51.105 22908 22908 D AndroidRuntime: >>>>>> START com.android.internal.os.RuntimeInit uid 2000 <<<<<<
08-04 12:06:51.111 22908 22908 D AndroidRuntime: CheckJNI is OFF
08-04 12:06:51.137 21416 21429 I art     : Starting a blocking GC Explicit
08-04 12:06:51.152 22908 22908 D ICU     : No timezone override file found: /data/misc/zoneinfo/current/icu/icu_tzdata.dat
08-04 12:06:51.177 21416 21429 I art     : Explicit concurrent mark sweep GC freed 1299(75KB) AllocSpace objects, 1(20KB) LOS objects, 37% free, 26MB/42MB, paused 419us total 38.962ms
08-04 12:06:51.189 22908 22908 I Radio-JNI: register_android_hardware_Radio DONE
08-04 12:06:51.191 21416 21429 I art     : Starting a blocking GC Explicit
08-04 12:06:51.211 22908 22908 D AndroidRuntime: Calling main entry com.android.commands.input.Input
08-04 12:06:51.213 22908 22908 I Input   : injectMotionEvent: MotionEvent { action=ACTION_DOWN, actionButton=0, id[0]=0, x[0]=360.0, y[0]=1098.0, toolType[0]=TOOL_TYPE_UNKNOWN, buttonState=0, metaState=0, flags=0x0, edgeFlags=0x0, pointerCount=1, historySize=0, eventTime=706027625, downTime=706027625, deviceId=0, source=0x1002 }
08-04 12:06:51.218 22908 22908 I Input   : injectMotionEvent: MotionEvent { action=ACTION_UP, actionButton=0, id[0]=0, x[0]=360.0, y[0]=1098.0, toolType[0]=TOOL_TYPE_UNKNOWN, buttonState=0, metaState=0, flags=0x0, edgeFlags=0x0, pointerCount=1, historySize=0, eventTime=706027625, downTime=706027625, deviceId=0, source=0x1002 }
08-04 12:06:51.220 22908 22908 D AndroidRuntime: Shutting down VM
08-04 12:06:51.222 21416 21429 I art     : Explicit concurrent mark sweep GC freed 30(976B) AllocSpace objects, 0(0B) LOS objects, 37% free, 26MB/42MB, paused 406us total 31.109ms
08-04 12:06:51.231 21416 21416 D MainActivity: NavigationItemSelected: Term dates
08-04 12:06:51.233 21416 21429 I art     : Starting a blocking GC Explicit
08-04 12:06:51.233   512  2967 D audio_hw_primary: out_set_parameters: enter: usecase(1: low-latency-playback) kvpairs: routing=2
08-04 12:06:51.246   512  2967 D audio_hw_primary: select_devices: out_snd_device(2: speaker) in_snd_device(0: none)
08-04 12:06:51.247   512  2967 D msm8974_platform: platform_send_audio_calibration: sending audio calibration for snd_device(2) acdb_id(15)
08-04 12:06:51.247   512  2967 I soundtrigger: audio_extn_sound_trigger_update_device_status: device 0x2 of type 0 for Event 1
08-04 12:06:51.256   512  2967 D audio_hw_primary: enable_snd_device: snd_device(2: speaker)
08-04 12:06:51.258   512  2967 D audio_hw_primary: enable_audio_route: apply and update mixer path: low-latency-playback speaker
08-04 12:06:51.265 21416 21429 I art     : Explicit concurrent mark sweep GC freed 406(14KB) AllocSpace objects, 0(0B) LOS objects, 37% free, 26MB/42MB, paused 875us total 32.123ms
08-04 12:06:51.277 21416 21429 I art     : Starting a blocking GC Explicit
08-04 12:06:51.308 21416 21429 I art     : Explicit concurrent mark sweep GC freed 209(10KB) AllocSpace objects, 0(0B) LOS objects, 37% free, 26MB/42MB, paused 509us total 30.776ms
08-04 12:06:51.319 21416 21429 I art     : Starting a blocking GC Explicit
08-04 12:06:51.349 21416 21429 I art     : Explicit concurrent mark sweep GC freed 155(12KB) AllocSpace objects, 0(0B) LOS objects, 37% free, 26MB/42MB, paused 489us total 29.343ms
08-04 12:06:51.624 21416 21429 I art     : Starting a blocking GC Explicit
08-04 12:06:51.656 21416 21429 I art     : Explicit concurrent mark sweep GC freed 1344(77KB) AllocSpace objects, 1(20KB) LOS objects, 37% free, 26MB/42MB, paused 383us total 32.079ms
08-04 12:06:51.665 13866 13866 I GoogleInputMethodServic: GoogleInputMethodService.onFinishInput():3138 
08-04 12:06:51.666 13866 13866 I GoogleInputMethodServic: GoogleInputMethodService.onStartInput():1808 
08-04 12:06:51.669 21416 21429 I art     : Starting a blocking GC Explicit
08-04 12:06:51.699 21416 21429 I art     : Explicit concurrent mark sweep GC freed 29(1136B) AllocSpace objects, 0(0B) LOS objects, 37% free, 26MB/42MB, paused 367us total 29.688ms
08-04 12:06:51.710 21416 21429 I art     : Starting a blocking GC Explicit
08-04 12:06:51.739 21416 21429 I art     : Explicit concurrent mark sweep GC freed 9(288B) AllocSpace objects, 0(0B) LOS objects, 37% free, 26MB/42MB, paused 408us total 28.805ms
08-04 12:06:51.750 21416 21429 I art     : Starting a blocking GC Explicit
08-04 12:06:51.780 21416 21429 I art     : Explicit concurrent mark sweep GC freed 8(256B) AllocSpace objects, 0(0B) LOS objects, 37% free, 26MB/42MB, paused 393us total 29.178ms
08-04 12:06:51.790 21416 21429 I art     : Starting a blocking GC Explicit
08-04 12:06:51.800   512  2967 D audio_hw_primary: disable_audio_route: reset and update mixer path: low-latency-playback speaker
08-04 12:06:51.801   512  2967 D audio_hw_primary: disable_snd_device: snd_device(2: speaker)
08-04 12:06:51.808   512  2967 I soundtrigger: audio_extn_sound_trigger_update_device_status: device 0x2 of type 0 for Event 0
08-04 12:06:51.819 21416 21429 I art     : Explicit concurrent mark sweep GC freed 8(256B) AllocSpace objects, 0(0B) LOS objects, 37% free, 26MB/42MB, paused 365us total 28.492ms
08-04 12:06:52.111 21416 22420 I art     : Starting a blocking GC Explicit
08-04 12:06:52.142 21416 22420 I art     : Explicit concurrent mark sweep GC freed 1331(76KB) AllocSpace objects, 1(20KB) LOS objects, 37% free, 26MB/42MB, paused 422us total 31.176ms
08-04 12:06:52.154 21416 22420 I art     : Starting a blocking GC Explicit
08-04 12:06:52.185 21416 22420 I art     : Explicit concurrent mark sweep GC freed 24(816B) AllocSpace objects, 0(0B) LOS objects, 37% free, 26MB/42MB, paused 412us total 30.874ms
08-04 12:06:52.197 21416 22420 I art     : Starting a blocking GC Explicit
08-04 12:06:52.229 21416 22420 I art     : Explicit concurrent mark sweep GC freed 8(256B) AllocSpace objects, 0(0B) LOS objects, 37% free, 26MB/42MB, paused 404us total 31.585ms
08-04 12:06:52.241 21416 22420 I art     : Starting a blocking GC Explicit
08-04 12:06:52.276 21416 22420 I art     : Explicit concurrent mark sweep GC freed 8(256B) AllocSpace objects, 0(0B) LOS objects, 37% free, 26MB/42MB, paused 437us total 35.167ms
08-04 12:06:52.289 21416 22420 I art     : Starting a blocking GC Explicit
08-04 12:06:52.324 21416 22420 I art     : Explicit concurrent mark sweep GC freed 9(288B) AllocSpace objects, 0(0B) LOS objects, 37% free, 26MB/42MB, paused 416us total 34.787ms
08-04 12:06:52.384 15756 15756 I ServiceManager: Waiting for service AtCmdFwd...
08-04 12:06:52.639 21416 22420 I art     : Starting a blocking GC Explicit
08-04 12:06:52.683 21416 22420 I art     : Explicit concurrent mark sweep GC freed 1335(76KB) AllocSpace objects, 1(20KB) LOS objects, 37% free, 26MB/42MB, paused 535us total 43.518ms
08-04 12:06:52.697 21416 22420 I art     : Starting a blocking GC Explicit
08-04 12:06:52.734 21416 22420 I art     : Explicit concurrent mark sweep GC freed 27(912B) AllocSpace objects, 0(0B) LOS objects, 37% free, 26MB/42MB, paused 414us total 36.720ms
08-04 12:06:52.747 21416 22420 I art     : Starting a blocking GC Explicit
08-04 12:06:52.782 21416 22420 I art     : Explicit concurrent mark sweep GC freed 7(224B) AllocSpace objects, 0(0B) LOS objects, 37% free, 26MB/42MB, paused 565us total 33.990ms
08-04 12:06:52.793 21416 22420 I art     : Starting a blocking GC Explicit
08-04 12:06:52.823 21416 22420 I art     : Explicit concurrent mark sweep GC freed 8(256B) AllocSpace objects, 0(0B) LOS objects, 37% free, 26MB/42MB, paused 371us total 29.846ms
08-04 12:06:52.826   518   646 I ThermalEngine: ACTION: GPU - Setting GPU[0] to 450000000
08-04 12:06:52.839 21416 22420 I art     : Starting a blocking GC Explicit
08-04 12:06:52.879 21416 22420 I art     : Explicit concurrent mark sweep GC freed 9(288B) AllocSpace objects, 0(0B) LOS objects, 37% free, 26MB/42MB, paused 533us total 40.126ms
08-04 12:06:53.234 21416 21428 I art     : Starting a blocking GC Explicit
08-04 12:06:53.278 21416 21428 I art     : Explicit concurrent mark sweep GC freed 1356(77KB) AllocSpace objects, 1(20KB) LOS objects, 37% free, 26MB/42MB, paused 605us total 43.775ms
08-04 12:06:53.294 21416 21428 I art     : Starting a blocking GC Explicit
08-04 12:06:53.339 21416 21428 I art     : Explicit concurrent mark sweep GC freed 18(624B) AllocSpace objects, 0(0B) LOS objects, 37% free, 26MB/42MB, paused 641us total 44.462ms
08-04 12:06:53.355 21416 21428 I art     : Starting a blocking GC Explicit
08-04 12:06:53.384 15756 15756 I ServiceManager: Waiting for service AtCmdFwd...
08-04 12:06:53.402 21416 21428 I art     : Explicit concurrent mark sweep GC freed 3(96B) AllocSpace objects, 0(0B) LOS objects, 37% free, 26MB/42MB, paused 584us total 46.391ms
08-04 12:06:53.418 21416 21428 I art     : Starting a blocking GC Explicit
08-04 12:06:53.465 21416 21428 I art     : Explicit concurrent mark sweep GC freed 3(96B) AllocSpace objects, 0(0B) LOS objects, 37% free, 26MB/42MB, paused 554us total 46.047ms
08-04 12:06:53.481 21416 21428 I art     : Starting a blocking GC Explicit
08-04 12:06:53.530 21416 21428 I art     : Explicit concurrent mark sweep GC freed 3(96B) AllocSpace objects, 0(0B) LOS objects, 37% free, 26MB/42MB, paused 586us total 48.189ms
08-04 12:06:53.898 21416 21429 I art     : Starting a blocking GC Explicit
08-04 12:06:53.959 21416 21429 I art     : Explicit concurrent mark sweep GC freed 1293(75KB) AllocSpace objects, 1(20KB) LOS objects, 37% free, 26MB/42MB, paused 635us total 61.063ms
08-04 12:06:53.979 21416 21429 I art     : Starting a blocking GC Explicit
08-04 12:06:54.027 21416 21429 I art     : Explicit concurrent mark sweep GC freed 18(624B) AllocSpace objects, 0(0B) LOS objects, 37% free, 26MB/42MB, paused 585us total 48.312ms
08-04 12:06:54.044 21416 21429 I art     : Starting a blocking GC Explicit
08-04 12:06:54.090 21416 21429 I art     : Explicit concurrent mark sweep GC freed 3(96B) AllocSpace objects, 0(0B) LOS objects, 37% free, 26MB/42MB, paused 581us total 45.492ms
08-04 12:06:54.107 21416 21429 I art     : Starting a blocking GC Explicit
08-04 12:06:54.153 21416 21429 I art     : Explicit concurrent mark sweep GC freed 3(96B) AllocSpace objects, 0(0B) LOS objects, 37% free, 26MB/42MB, paused 582us total 46.124ms
08-04 12:06:54.169 21416 21429 I art     : Starting a blocking GC Explicit
08-04 12:06:54.218 21416 21429 I art     : Explicit concurrent mark sweep GC freed 3(96B) AllocSpace objects, 0(0B) LOS objects, 37% free, 26MB/42MB, paused 612us total 48.583ms
08-04 12:06:54.385 15756 15756 I ServiceManager: Waiting for service AtCmdFwd...
08-04 12:06:54.513 13866 13882 I PeriodicStatsRunner: PeriodicStatsRunner.call():175 call()
08-04 12:06:54.514 13866 13882 I PeriodicStatsRunner: PeriodicStatsRunner.call():179 No submit PeriodicStats since input started.
08-04 12:06:54.580 21416 22420 I art     : Starting a blocking GC Explicit
08-04 12:06:54.647 21416 22420 I art     : Explicit concurrent mark sweep GC freed 1293(75KB) AllocSpace objects, 1(20KB) LOS objects, 37% free, 26MB/42MB, paused 579us total 66.112ms
08-04 12:06:54.666 21416 22420 I art     : Starting a blocking GC Explicit
08-04 12:06:54.713 21416 22420 I art     : Explicit concurrent mark sweep GC freed 18(624B) AllocSpace objects, 0(0B) LOS objects, 37% free, 26MB/42MB, paused 578us total 46.363ms
08-04 12:06:54.730 21416 22420 I art     : Starting a blocking GC Explicit
08-04 12:06:54.776 21416 22420 I art     : Explicit concurrent mark sweep GC freed 3(96B) AllocSpace objects, 0(0B) LOS objects, 37% free, 26MB/42MB, paused 553us total 45.501ms
08-04 12:06:54.792 21416 22420 I art     : Starting a blocking GC Explicit
08-04 12:06:54.841 21416 22420 I art     : Explicit concurrent mark sweep GC freed 3(96B) AllocSpace objects, 0(0B) LOS objects, 37% free, 26MB/42MB, paused 582us total 48.813ms
08-04 12:06:54.858 21416 22420 I art     : Starting a blocking GC Explicit
08-04 12:06:54.904 21416 22420 I art     : Explicit concurrent mark sweep GC freed 3(96B) AllocSpace objects, 0(0B) LOS objects, 37% free, 26MB/42MB, paused 565us total 45.788ms
08-04 12:06:55.278 21416 21628 I art     : Starting a blocking GC Explicit
08-04 12:06:55.337 21416 21628 I art     : Explicit concurrent mark sweep GC freed 1293(75KB) AllocSpace objects, 1(20KB) LOS objects, 37% free, 26MB/42MB, paused 628us total 58.470ms
08-04 12:06:55.358 21416 21628 I art     : Starting a blocking GC Explicit
08-04 12:06:55.386 15756 15756 I ServiceManager: Waiting for service AtCmdFwd...
08-04 12:06:55.407 21416 21628 I art     : Explicit concurrent mark sweep GC freed 18(624B) AllocSpace objects, 0(0B) LOS objects, 37% free, 26MB/42MB, paused 583us total 48.903ms
08-04 12:06:55.423 21416 21628 I art     : Starting a blocking GC Explicit
08-04 12:06:55.470 21416 21628 I art     : Explicit concurrent mark sweep GC freed 3(96B) AllocSpace objects, 0(0B) LOS objects, 37% free, 26MB/42MB, paused 529us total 46.389ms
08-04 12:06:55.486 21416 21628 I art     : Starting a blocking GC Explicit
08-04 12:06:55.528 21416 21628 I art     : Explicit concurrent mark sweep GC freed 3(96B) AllocSpace objects, 0(0B) LOS objects, 37% free, 26MB/42MB, paused 546us total 41.188ms
08-04 12:06:55.543 21416 21628 I art     : Starting a blocking GC Explicit
08-04 12:06:55.584 21416 21628 I art     : Explicit concurrent mark sweep GC freed 3(96B) AllocSpace objects, 0(0B) LOS objects, 37% free, 26MB/42MB, paused 547us total 40.491ms
08-04 12:06:55.835   518   646 I ThermalEngine: ACTION: GPU - Setting GPU[0] to 510000000
08-04 12:06:55.912 21416 21428 I art     : Starting a blocking GC Explicit
08-04 12:06:55.957 21416 21428 I art     : Explicit concurrent mark sweep GC freed 1293(75KB) AllocSpace objects, 1(20KB) LOS objects, 37% free, 26MB/42MB, paused 488us total 44.601ms
08-04 12:06:55.974 21416 21428 I art     : Starting a blocking GC Explicit
08-04 12:06:56.008 21416 21428 I art     : Explicit concurrent mark sweep GC freed 18(624B) AllocSpace objects, 0(0B) LOS objects, 37% free, 26MB/42MB, paused 439us total 34.241ms
08-04 12:06:56.021 21416 21428 I art     : Starting a blocking GC Explicit
08-04 12:06:56.043 23007 23007 D AndroidRuntime: >>>>>> START com.android.internal.os.RuntimeInit uid 2000 <<<<<<
08-04 12:06:56.048 23007 23007 D AndroidRuntime: CheckJNI is OFF
08-04 12:06:56.055 21416 21428 I art     : Explicit concurrent mark sweep GC freed 3(96B) AllocSpace objects, 0(0B) LOS objects, 37% free, 26MB/42MB, paused 426us total 34.076ms
08-04 12:06:56.067 21416 21428 I art     : Starting a blocking GC Explicit
08-04 12:06:56.083 23007 23007 D ICU     : No timezone override file found: /data/misc/zoneinfo/current/icu/icu_tzdata.dat
08-04 12:06:56.101 21416 21428 I art     : Explicit concurrent mark sweep GC freed 3(96B) AllocSpace objects, 0(0B) LOS objects, 37% free, 26MB/42MB, paused 443us total 33.700ms
08-04 12:06:56.114 21416 21428 I art     : Starting a blocking GC Explicit
08-04 12:06:56.120 23007 23007 I Radio-JNI: register_android_hardware_Radio DONE
08-04 12:06:56.141 23007 23007 D AndroidRuntime: Calling main entry com.android.commands.am.Am
08-04 12:06:56.147 21416 21428 I art     : Explicit concurrent mark sweep GC freed 3(96B) AllocSpace objects, 0(0B) LOS objects, 37% free, 26MB/42MB, paused 486us total 33.156ms
08-04 12:06:56.152  2375  2375 I Trepn   : Trepn 6.2s: Received intent: com.quicinc.trepn.stop_profiling
08-04 12:06:56.163   918   937 W ProcessCpuTracker: Skipping unknown process pid 23027
08-04 12:06:56.164   918   937 W ProcessCpuTracker: Skipping unknown process pid 23028
08-04 12:06:56.188  2375  2375 I Trepn   : Trepn 6.2s: Trepn has Stopped Profiling.
08-04 12:06:56.341 23007 23007 D AndroidRuntime: Shutting down VM
08-04 12:06:56.346   918  3961 W AppOps  : Finishing op nesting under-run: uid 10078 pkg com.quicinc.trepn code 24 time=0 duration=0 nesting=0
08-04 12:06:56.386 15756 15756 I ServiceManager: Waiting for service AtCmdFwd...
08-04 12:06:56.449 21416 21429 I art     : Starting a blocking GC Explicit
08-04 12:06:56.483 21416 21429 I art     : Explicit concurrent mark sweep GC freed 1293(75KB) AllocSpace objects, 1(20KB) LOS objects, 37% free, 26MB/42MB, paused 415us total 33.671ms
08-04 12:06:56.495 21416 21429 I art     : Starting a blocking GC Explicit
08-04 12:06:56.531 21416 21429 I art     : Explicit concurrent mark sweep GC freed 18(624B) AllocSpace objects, 0(0B) LOS objects, 37% free, 26MB/42MB, paused 416us total 35.241ms
08-04 12:06:56.543 21416 21429 I art     : Starting a blocking GC Explicit
08-04 12:06:56.579 21416 21429 I art     : Explicit concurrent mark sweep GC freed 3(96B) AllocSpace objects, 0(0B) LOS objects, 37% free, 26MB/42MB, paused 417us total 35.325ms
08-04 12:06:56.592 21416 21429 I art     : Starting a blocking GC Explicit
08-04 12:06:56.625 21416 21429 I art     : Explicit concurrent mark sweep GC freed 3(96B) AllocSpace objects, 0(0B) LOS objects, 37% free, 26MB/42MB, paused 392us total 32.806ms
08-04 12:06:56.637 21416 21429 I art     : Starting a blocking GC Explicit
08-04 12:06:56.666 13866 13882 I PeriodicStatsRunner: PeriodicStatsRunner.call():175 call()
08-04 12:06:56.667 13866 13882 I PeriodicStatsRunner: PeriodicStatsRunner.call():179 No submit PeriodicStats since input started.
08-04 12:06:56.670 21416 21429 I art     : Explicit concurrent mark sweep GC freed 3(96B) AllocSpace objects, 0(0B) LOS objects, 37% free, 26MB/42MB, paused 399us total 32.721ms
08-04 12:06:57.386 15756 15756 W Atfwd_Sendcmd: AtCmdFwd service not published, waiting... retryCnt : 3
