--------- beginning of main
08-04 22:11:18.269  3784  3784 D CarrierServiceBindHelper: Receive action: android.intent.action.PACKAGE_REMOVED
08-04 22:11:18.280   918  4413 I AccountManagerService: getTypesVisibleToCaller: isPermitted? true
08-04 22:11:18.308  8429  8429 I Finsky  : [1] uah.a(18): PackageMonitorReceiverImpl - Received: android.intent.action.PACKAGE_REMOVED, [jsPREe6yOOhrMreoEvcpPvP36yUmihacpIgcKsaLph8]
08-04 22:11:18.308  8429  8429 I Finsky  : [1] ubi.d(9): Invalidating cached PackageState for baseline.com.ak.uobtimetable
08-04 22:11:18.311  8429  8429 I Finsky  : [1] lzi.c(2): Frosting ID looked up on UI thread. Caller should move to a background thread.
08-04 22:11:18.320  8429  8429 I Finsky  : [1] nqb.c(3): Installer: package baseline.com.ak.uobtimetable was removed. replacing: true
08-04 22:11:18.321   918  6029 I AccountManagerService: getTypesVisibleToCaller: isPermitted? true
08-04 22:11:18.322  8429  8429 I Finsky  : [1] nra.a(188): Installer: Notifying status update. package=baseline.com.ak.uobtimetable, status=UNINSTALLED
08-04 22:11:18.328 24365 31201 I Fitness : FitCleanupIntentOperation received Intent android.intent.action.PACKAGE_REMOVED [CONTEXT service_id=17 ]
08-04 22:11:18.331  8429  8429 I Finsky  : [1] lzi.c(2): Frosting ID looked up on UI thread. Caller should move to a background thread.
08-04 22:11:18.335  3784  3784 D CarrierServiceBindHelper: Receive action: android.intent.action.PACKAGE_ADDED
08-04 22:11:18.336  8429 31204 I Finsky  : [6429] ejf.a(-1): Cancelled 0 ongoing asset module downloads for package baseline.com.ak.uobtimetable due to a concurrent app update.
08-04 22:11:18.336  3784  3784 D CarrierServiceBindHelper: Receive action: android.intent.action.PACKAGE_REPLACED
08-04 22:11:18.337  3784  3784 D CarrierServiceBindHelper: mHandler: 3
08-04 22:11:18.337  3784  3784 D CarrierServiceBindHelper: mHandler: 3
08-04 22:11:18.337  3784  3784 D CarrierServiceBindHelper: mHandler: 3
08-04 22:11:18.337  3784  3784 D CarrierConfigLoader: mHandler: 9 phoneId: 0
08-04 22:11:18.345  8429  8429 I Finsky  : [1] nra.a(220): Installer: found apps to install. isMultiUserMode=false, apps=[]
08-04 22:11:18.354   918   927 I art     : Background partial concurrent mark sweep GC freed 22323(1584KB) AllocSpace objects, 0(0B) LOS objects, 18% free, 69MB/85MB, paused 1.440ms total 174.794ms
08-04 22:11:18.358  8429  8653 I Finsky  : [5852] odj.b(52): IQ: Notifying installation update. package=baseline.com.ak.uobtimetable, status=UNINSTALLED
08-04 22:11:18.374 24577 31199 I Auth    : [SupervisedAccountIntentOperation] onHandleIntent(): android.intent.action.PACKAGE_ADDED
08-04 22:11:18.374 24577 31199 I ChromeSync: [Sync,SyncIntentOperation] Handling the intent: Intent { act=android.intent.action.PACKAGE_ADDED dat=package:baseline.com.ak.uobtimetable flg=0x4000010 cmp=com.google.android.gms/.chimera.GmsIntentOperationService (has extras) }.
08-04 22:11:18.379 24577 24621 E GmsClient: unable to connect to service: com.google.android.gms.auth.key.retrieval.service.START on com.google.android.gms
08-04 22:11:18.393  8429 31192 I Finsky  : [6427] lyv.run(-1): Wrote row to frosting DB: 2532
08-04 22:11:18.401  8429  8653 I Finsky  : [5852] odj.b(40): IQ: No matching installs to run for jobs: []
08-04 22:11:18.404  8429 31192 I Finsky  : [6427] lyv.run(-1): Wrote row to frosting DB: 2533
08-04 22:11:18.410  8429  8429 I Finsky  : [1] uah.a(18): PackageMonitorReceiverImpl - Received: android.intent.action.PACKAGE_ADDED, [jsPREe6yOOhrMreoEvcpPvP36yUmihacpIgcKsaLph8]
08-04 22:11:18.410  8429  8429 I Finsky  : [1] ubi.d(9): Invalidating cached PackageState for baseline.com.ak.uobtimetable
08-04 22:11:18.417  8429  8429 I Finsky  : [1] lzi.c(2): Frosting ID looked up on UI thread. Caller should move to a background thread.
08-04 22:11:18.418 24577 13294 I Icing   : IndexChimeraService.getServiceInterface callingPackage=com.google.android.gms componentName=AppsCorpus serviceId=36
08-04 22:11:18.436   918  3961 I AccountManagerService: getTypesVisibleToCaller: isPermitted? true
08-04 22:11:18.437 24577 31199 I ChromeSync: [Persistence,AffiliationManager] One of affiliation or grouping data for android://bz0hZa4nAJEtd0n5sRlXG7KAqctUMWVefv7Ki4mh1p6slZ9YO-n9gS9j8m9YCrsIyI2wIxrDHraumF9Y6pBLTA==@baseline.com.ak.uobtimetable/ was not found. Marking affiliation data as stale...
08-04 22:11:18.440  8429  8429 I Finsky  : [1] agsx.a(4): Do not start WearSupportService due to Wear service optimization
08-04 22:11:18.442  8429 31204 I Finsky  : [6429] ejc.a(-1): Asset module broadcast after update successful for package baseline.com.ak.uobtimetable. 0 sessions broadcast.
08-04 22:11:18.445  8429  8429 I Finsky  : [1] lzi.c(2): Frosting ID looked up on UI thread. Caller should move to a background thread.
08-04 22:11:18.448  8429 31202 I Finsky  : [6428] gzn.a(-1): [ContentSync] finished, scheduled=false
08-04 22:11:18.454  8429 31192 I Finsky  : [6427] lyv.run(-1): Wrote row to frosting DB: 2534
08-04 22:11:18.465   918   928 I AccountManagerService: getTypesVisibleToCaller: isPermitted? true
08-04 22:11:18.481 24577 11892 W Icing   : No valid account for uploading user actions
08-04 22:11:18.493 24577 31199 I FontLog : Package baseline.com.ak.uobtimetable has no metadata [CONTEXT service_id=132 ]
08-04 22:11:18.498  8429 31192 I Finsky  : [6427] lyv.run(-1): Wrote row to frosting DB: 2535
08-04 22:11:18.512   918  6111 I AccountManagerService: getTypesVisibleToCaller: isPermitted? true
08-04 22:11:18.515 24577 13293 I Icing   : IndexChimeraService.getServiceInterface callingPackage=com.google.android.gms componentName=null serviceId=30
08-04 22:11:18.524 24577 11892 I Icing   : Usage reports ok 0, Failed Usage reports 0, indexed 0, rejected 0
08-04 22:11:18.546 24577 11892 W Icing   : No valid account for uploading user actions
08-04 22:11:18.556 24577 11892 I Icing   : Usage reports ok 0, Failed Usage reports 0, indexed 0, rejected 0
08-04 22:11:18.557 24577 11892 I Icing   : Indexing com.google.android.gms-internal.3p:MobileApplication from com.google.android.gms using seqno 763
08-04 22:11:18.595  8429  8429 I Finsky  : [1] xmu.a(8): SCH: Jobs in database: 1-1337 3-197 3-198 12-1 24-77777777 26-1414141414 
08-04 22:11:18.598 24577 11892 I Icing   : Indexing com.google.android.gms-internal.3p:MobileApplication from com.google.android.gms using seqno 763
08-04 22:11:18.598  8429  8429 I Finsky  : [1] xio.a(57): SCH: ConstraintMapping: 24-77777777,  -> L: 0ms, D: 82721922ms, C: false, I: true, N: 0
08-04 22:11:18.600  8429  8429 I Finsky  : [1] xio.a(57): SCH: ConstraintMapping: 1-1337, 12-1,  -> L: 14733ms, D: 42874314ms, C: false, I: false, N: 1
08-04 22:11:18.600  8429  8429 I Finsky  : [1] xio.a(57): SCH: ConstraintMapping: 3-197,  -> L: 0ms, D: 67752236ms, C: false, I: true, N: 2
08-04 22:11:18.601  8429  8429 I Finsky  : [1] xio.a(57): SCH: ConstraintMapping: 3-198,  -> L: 0ms, D: 67752295ms, C: true, I: true, N: 2
08-04 22:11:18.602  8429  8429 I Finsky  : [1] xio.a(57): SCH: ConstraintMapping: 26-1414141414,  -> L: 3787440ms, D: 4687440ms, C: false, I: false, N: 0
08-04 22:11:18.603  8429 31202 I Finsky  : [6428] gzn.a(-1): [ContentSync] finished, scheduled=true
08-04 22:11:18.625  8429  8429 I Finsky  : [1] xle.a(34): Cancelling existing jobscheduler jobs: 9001 9002 9016 9000 9003 9005 9009 9015 9004 9006 
08-04 22:11:18.625  8429  8429 I Finsky  : [1] xle.a(27): Scheduling job Id: 9007, L: 0, D: 82721922, C: false, I: true, N: 0
08-04 22:11:18.627  8429  8429 I Finsky  : [1] xle.a(27): Scheduling job Id: 9008, L: 14733, D: 42874314, C: false, I: false, N: 1
08-04 22:11:18.629  8429  8429 I Finsky  : [1] xle.a(27): Scheduling job Id: 9010, L: 0, D: 67752236, C: false, I: true, N: 2
08-04 22:11:18.631  8429  8429 I Finsky  : [1] xle.a(27): Scheduling job Id: 9011, L: 0, D: 67752295, C: true, I: true, N: 2
08-04 22:11:18.632  8429  8429 I Finsky  : [1] xle.a(27): Scheduling job Id: 9012, L: 3787440, D: 4687440, C: false, I: false, N: 0
08-04 22:11:18.633  8429  8429 I Finsky  : [1] xle.a(27): Scheduling job Id: 9013, L: 0, D: 82721922, C: false, I: true, N: 0
08-04 22:11:18.634  8429  8429 I Finsky  : [1] xle.a(27): Scheduling job Id: 9014, L: 14733, D: 42874314, C: false, I: false, N: 1
08-04 22:11:18.635  8429  8429 I Finsky  : [1] xle.a(27): Scheduling job Id: 9017, L: 0, D: 67752236, C: false, I: true, N: 2
08-04 22:11:18.637  8429  8429 I Finsky  : [1] xle.a(27): Scheduling job Id: 9018, L: 0, D: 67752295, C: true, I: true, N: 2
08-04 22:11:18.638  8429  8429 I Finsky  : [1] xle.a(27): Scheduling job Id: 9019, L: 3787440, D: 4687440, C: false, I: false, N: 0
08-04 22:11:19.161 31222 31222 D AndroidRuntime: >>>>>> START com.android.internal.os.RuntimeInit uid 2000 <<<<<<
08-04 22:11:19.168 31222 31222 D AndroidRuntime: CheckJNI is OFF
08-04 22:11:19.200 31222 31222 D ICU     : No timezone override file found: /data/misc/zoneinfo/current/icu/icu_tzdata.dat
08-04 22:11:19.235 31222 31222 I Radio-JNI: register_android_hardware_Radio DONE
08-04 22:11:19.254 31222 31222 D AndroidRuntime: Calling main entry com.android.commands.monkey.Monkey
--------- beginning of system
08-04 22:11:19.272   918   931 W BroadcastQueue: Skipping deliver [background] BroadcastRecord{3350f9f u-1 android.net.conn.CONNECTIVITY_CHANGE} to ReceiverList{c5448ec 31222 (unknown name)/2000/u-1 remote:15761f9}: process crashing
08-04 22:11:19.282   918   928 I ActivityManager: START u0 {act=android.intent.action.MAIN cat=[android.intent.category.LAUNCHER] flg=0x10200000 cmp=baseline.com.ak.uobtimetable/.MainActivity} from uid 2000 on display 0
08-04 22:11:19.317   918  3714 I ActivityManager: Start proc 31231:baseline.com.ak.uobtimetable/u0a659 for activity baseline.com.ak.uobtimetable/.MainActivity
08-04 22:11:19.317 31231 31231 I art     : Late-enabling -Xcheck:jni
08-04 22:11:19.328 31222 31222 I art     : System.exit called, status: 0
08-04 22:11:19.328 31222 31222 I AndroidRuntime: VM exiting with result code 0.
08-04 22:11:19.391   719  2127 I PBSessionCacheImpl: Deleted sessionId[3163792008073881] from persistence.
08-04 22:11:19.396 31231 31231 W System  : ClassLoader referenced unknown path: /data/app/baseline.com.ak.uobtimetable-2/lib/arm64
08-04 22:11:19.398   719   760 W SearchServiceCore: Abort, client detached.
08-04 22:11:19.399   719   760 I MicroDetectionState: Should stop hotword detection immediately - true
08-04 22:11:19.404 31231 31231 E Application: Can't init Bugsnag - No key
08-04 22:11:19.404 31231 31231 E Application: java.lang.Exception: Can't init Bugsnag - No key
08-04 22:11:19.404 31231 31231 E Application: 	at baseline.com.ak.uobtimetable.Utilities.Logging.Logger.error(Logger.java:79)
08-04 22:11:19.404 31231 31231 E Application: 	at baseline.com.ak.uobtimetable.MyApplication.onCreate(MyApplication.java:52)
08-04 22:11:19.404 31231 31231 E Application: 	at android.app.Instrumentation.callApplicationOnCreate(Instrumentation.java:1013)
08-04 22:11:19.404 31231 31231 E Application: 	at android.app.ActivityThread.handleBindApplication(ActivityThread.java:4707)
08-04 22:11:19.404 31231 31231 E Application: 	at android.app.ActivityThread.-wrap1(ActivityThread.java)
08-04 22:11:19.404 31231 31231 E Application: 	at android.app.ActivityThread$H.handleMessage(ActivityThread.java:1405)
08-04 22:11:19.404 31231 31231 E Application: 	at android.os.Handler.dispatchMessage(Handler.java:102)
08-04 22:11:19.404 31231 31231 E Application: 	at android.os.Looper.loop(Looper.java:148)
08-04 22:11:19.404 31231 31231 E Application: 	at android.app.ActivityThread.main(ActivityThread.java:5417)
08-04 22:11:19.404 31231 31231 E Application: 	at java.lang.reflect.Method.invoke(Native Method)
08-04 22:11:19.404 31231 31231 E Application: 	at com.android.internal.os.ZygoteInit$MethodAndArgsCaller.run(ZygoteInit.java:726)
08-04 22:11:19.404 31231 31231 E Application: 	at com.android.internal.os.ZygoteInit.main(ZygoteInit.java:616)
08-04 22:11:19.407 31231 31231 I Application: API level: 23
08-04 22:11:19.408 31231 31231 I Application: API level name: M
08-04 22:11:19.408 31231 31231 I Application: Target API level: 29
08-04 22:11:19.408 31231 31231 I Application: Git commit hash: d26bf1fa
08-04 22:11:19.408 31231 31231 I Application: Git branch: master
08-04 22:11:19.409 31231 31231 I Application: Build type: Debug
08-04 22:11:19.412 31231 31231 I Application: Build keys: Release
08-04 22:11:19.412 31231 31231 I Application: Version code: 21
08-04 22:11:19.413 31231 31231 I Application: Version name: 2.5
08-04 22:11:19.413 31231 31231 I Application: Build date: 22:30 03/08/20
08-04 22:11:19.414 31231 31231 I Application: Package update date: 23:10 03/08/20
08-04 22:11:19.414 31231 31231 I SettingsManager: Getting int: launchCount
08-04 22:11:19.415 31231 31231 I SettingsManager: Setting int: launchCount
08-04 22:11:19.428   918  6110 W BackupManagerService: dataChanged but no participant pkg='baseline.com.ak.uobtimetable' uid=10659
08-04 22:11:19.428 31231 31231 I Application: Launch count: 1
08-04 22:11:19.430 31231 31231 I Application: Network: TYPE_WIFI
08-04 22:11:19.430 31231 31231 I Application: Tablet layout: false
08-04 22:11:19.445 31231 31231 W art     : Before Android 4.1, method android.graphics.PorterDuffColorFilter androidx.vectordrawable.graphics.drawable.VectorDrawableCompat.updateTintFilter(android.graphics.PorterDuffColorFilter, android.content.res.ColorStateList, android.graphics.PorterDuff$Mode) would have incorrectly overridden the package-private method in android.graphics.drawable.Drawable
08-04 22:11:19.462 31231 31231 I art     : Rejecting re-init on previously-failed class java.lang.Class<androidx.core.view.ViewCompat$OnUnhandledKeyEventListenerWrapper>
08-04 22:11:19.462 31231 31231 I art     : Rejecting re-init on previously-failed class java.lang.Class<androidx.core.view.ViewCompat$OnUnhandledKeyEventListenerWrapper>
08-04 22:11:19.527 31231 31231 D MainActivity: onCreate
08-04 22:11:19.528 31231 31231 I SettingsManager: Getting string: savedSessions
08-04 22:11:19.528 31231 31231 I Settings: No saved sessions
08-04 22:11:19.528 24577 11892 I Icing   : Indexing com.google.android.gms-apps from com.google.android.gms
08-04 22:11:19.559 31231 31231 I SettingsManager: Getting string: savedCourse
08-04 22:11:19.560   918   928 I ActivityManager: START u0 {flg=0x14000000 cmp=baseline.com.ak.uobtimetable/.WelcomeActivity} from uid 10659 on display 0
08-04 22:11:19.572 31231 31231 D MainActivity: OnResume
08-04 22:11:19.579 31231 31246 D OpenGLRenderer: Use EGL_SWAP_BEHAVIOR_PRESERVED: true
08-04 22:11:19.605 31231 31231 D MainActivity: OnPause
08-04 22:11:19.627 24577 11892 I Icing   : Indexing done com.google.android.gms-apps
08-04 22:11:19.725 31231 31246 I Adreno  : QUALCOMM build                   : fcf4852, I1af360237c
08-04 22:11:19.725 31231 31246 I Adreno  : Build Date                       : 09/23/15
08-04 22:11:19.725 31231 31246 I Adreno  : OpenGL ES Shader Compiler Version: XE031.05.13.02
08-04 22:11:19.725 31231 31246 I Adreno  : Local Branch                     : mybranch14465806
08-04 22:11:19.725 31231 31246 I Adreno  : Remote Branch                    : quic/LA.BF64.1.2.9_v2
08-04 22:11:19.725 31231 31246 I Adreno  : Remote Branch                    : NONE
08-04 22:11:19.725 31231 31246 I Adreno  : Reconstruct Branch               : NOTHING
08-04 22:11:19.730 31231 31246 I OpenGLRenderer: Initialized EGL, version 1.4
08-04 22:11:19.883   918   936 I ActivityManager: Displayed baseline.com.ak.uobtimetable/.WelcomeActivity: +277ms (total +592ms)
08-04 22:11:19.885 13866 13866 I GoogleInputMethodServic: GoogleInputMethodService.onFinishInput():3138 
08-04 22:11:19.889 13866 13866 I GoogleInputMethodServic: GoogleInputMethodService.onStartInput():1808 
08-04 22:11:20.137 31231 31231 D MainActivity: Saving state
08-04 22:11:20.952 31263 31263 D AndroidRuntime: >>>>>> START com.android.internal.os.RuntimeInit uid 2000 <<<<<<
08-04 22:11:20.960 31263 31263 D AndroidRuntime: CheckJNI is OFF
08-04 22:11:20.991 31263 31263 D ICU     : No timezone override file found: /data/misc/zoneinfo/current/icu/icu_tzdata.dat
08-04 22:11:21.026 31263 31263 I Radio-JNI: register_android_hardware_Radio DONE
08-04 22:11:21.044 31263 31263 D AndroidRuntime: Calling main entry com.android.commands.am.Am
08-04 22:11:21.057  2246  2246 I Trepn   : Trepn 6.2s: Received intent: com.quicinc.trepn.start_profiling
08-04 22:11:21.208  2246  2246 W FileUtils: Failed to chmod(/storage/emulated/0/trepn/Trepn_2020.08.04_221121.db): android.system.ErrnoException: chmod failed: EPERM (Operation not permitted)
08-04 22:11:21.352  2246  2246 I Trepn   : Trepn 6.2s: Trepn has Started Profiling.
08-04 22:11:21.354 31263 31263 D AndroidRuntime: Shutting down VM
08-04 22:11:21.839 31231 31243 I art     : Starting a blocking GC Explicit
08-04 22:11:21.874 31231 31243 I art     : Explicit concurrent mark sweep GC freed 26111(2MB) AllocSpace objects, 3(1360KB) LOS objects, 40% free, 21MB/36MB, paused 214us total 34.345ms
08-04 22:11:21.886 31231 31243 I art     : Starting a blocking GC Explicit
08-04 22:11:21.897 31231 31243 I art     : Explicit concurrent mark sweep GC freed 582(26KB) AllocSpace objects, 0(0B) LOS objects, 40% free, 21MB/36MB, paused 102us total 9.723ms
08-04 22:11:21.902 31231 31243 I art     : Starting a blocking GC Explicit
08-04 22:11:21.912 31231 31243 I art     : Explicit concurrent mark sweep GC freed 3(96B) AllocSpace objects, 0(0B) LOS objects, 40% free, 21MB/36MB, paused 89us total 9.078ms
08-04 22:11:21.917 31231 31243 I art     : Starting a blocking GC Explicit
08-04 22:11:21.927 31231 31243 I art     : Explicit concurrent mark sweep GC freed 3(96B) AllocSpace objects, 0(0B) LOS objects, 40% free, 21MB/36MB, paused 147us total 9.072ms
08-04 22:11:21.932 31231 31243 I art     : Starting a blocking GC Explicit
08-04 22:11:21.941 31231 31243 I art     : Explicit concurrent mark sweep GC freed 3(96B) AllocSpace objects, 0(0B) LOS objects, 40% free, 21MB/36MB, paused 89us total 8.550ms
08-04 22:11:22.226 31231 31252 I art     : Starting a blocking GC Explicit
08-04 22:11:22.241 31231 31252 I art     : Explicit concurrent mark sweep GC freed 1276(74KB) AllocSpace objects, 1(20KB) LOS objects, 40% free, 21MB/36MB, paused 124us total 14.633ms
08-04 22:11:22.251 31231 31252 I art     : Starting a blocking GC Explicit
08-04 22:11:22.264 31231 31252 I art     : Explicit concurrent mark sweep GC freed 18(624B) AllocSpace objects, 0(0B) LOS objects, 40% free, 21MB/36MB, paused 105us total 12.747ms
08-04 22:11:22.273 31231 31252 I art     : Starting a blocking GC Explicit
08-04 22:11:22.285 31231 31252 I art     : Explicit concurrent mark sweep GC freed 3(96B) AllocSpace objects, 0(0B) LOS objects, 40% free, 21MB/36MB, paused 96us total 12.033ms
08-04 22:11:22.291 31231 31252 I art     : Starting a blocking GC Explicit
08-04 22:11:22.302 31231 31252 I art     : Explicit concurrent mark sweep GC freed 3(96B) AllocSpace objects, 0(0B) LOS objects, 40% free, 21MB/36MB, paused 101us total 10.711ms
08-04 22:11:22.309 31231 31252 I art     : Starting a blocking GC Explicit
08-04 22:11:22.319 31231 31252 I art     : Explicit concurrent mark sweep GC freed 3(96B) AllocSpace objects, 0(0B) LOS objects, 40% free, 21MB/36MB, paused 101us total 10.424ms
08-04 22:11:22.584 31231 31244 I art     : Starting a blocking GC Explicit
08-04 22:11:22.597 31231 31244 I art     : Explicit concurrent mark sweep GC freed 1272(74KB) AllocSpace objects, 1(20KB) LOS objects, 40% free, 21MB/36MB, paused 187us total 13.142ms
08-04 22:11:22.605 31231 31244 I art     : Starting a blocking GC Explicit
08-04 22:11:22.616 31231 31244 I art     : Explicit concurrent mark sweep GC freed 18(624B) AllocSpace objects, 0(0B) LOS objects, 40% free, 21MB/36MB, paused 109us total 11.377ms
08-04 22:11:22.623 31231 31244 I art     : Starting a blocking GC Explicit
08-04 22:11:22.634 31231 31244 I art     : Explicit concurrent mark sweep GC freed 3(96B) AllocSpace objects, 0(0B) LOS objects, 40% free, 21MB/36MB, paused 125us total 10.698ms
08-04 22:11:22.640 31231 31244 I art     : Starting a blocking GC Explicit
08-04 22:11:22.650 31231 31244 I art     : Explicit concurrent mark sweep GC freed 3(96B) AllocSpace objects, 0(0B) LOS objects, 40% free, 21MB/36MB, paused 97us total 9.903ms
08-04 22:11:22.656 31231 31244 I art     : Starting a blocking GC Explicit
08-04 22:11:22.666 31231 31244 I art     : Explicit concurrent mark sweep GC freed 3(96B) AllocSpace objects, 0(0B) LOS objects, 40% free, 21MB/36MB, paused 92us total 9.704ms
08-04 22:11:22.983 31231 31243 I art     : Starting a blocking GC Explicit
08-04 22:11:23.003 31231 31243 I art     : Explicit concurrent mark sweep GC freed 1271(74KB) AllocSpace objects, 1(20KB) LOS objects, 40% free, 21MB/36MB, paused 126us total 19.214ms
08-04 22:11:23.010 31231 31243 I art     : Starting a blocking GC Explicit
08-04 22:11:23.021 31231 31243 I art     : Explicit concurrent mark sweep GC freed 18(624B) AllocSpace objects, 0(0B) LOS objects, 40% free, 21MB/36MB, paused 100us total 10.921ms
08-04 22:11:23.028 31231 31243 I art     : Starting a blocking GC Explicit
08-04 22:11:23.038 31231 31243 I art     : Explicit concurrent mark sweep GC freed 3(96B) AllocSpace objects, 0(0B) LOS objects, 40% free, 21MB/36MB, paused 89us total 9.636ms
08-04 22:11:23.044 31231 31243 I art     : Starting a blocking GC Explicit
08-04 22:11:23.054 31231 31243 I art     : Explicit concurrent mark sweep GC freed 3(96B) AllocSpace objects, 0(0B) LOS objects, 40% free, 21MB/36MB, paused 84us total 9.722ms
08-04 22:11:23.059 31231 31243 I art     : Starting a blocking GC Explicit
08-04 22:11:23.069 31231 31243 I art     : Explicit concurrent mark sweep GC freed 3(96B) AllocSpace objects, 0(0B) LOS objects, 40% free, 21MB/36MB, paused 93us total 9.601ms
08-04 22:11:23.358 31231 31252 I art     : Starting a blocking GC Explicit
08-04 22:11:23.371 31231 31252 I art     : Explicit concurrent mark sweep GC freed 1271(74KB) AllocSpace objects, 1(20KB) LOS objects, 40% free, 21MB/36MB, paused 112us total 12.381ms
08-04 22:11:23.377 31231 31252 I art     : Starting a blocking GC Explicit
08-04 22:11:23.388 31231 31252 I art     : Explicit concurrent mark sweep GC freed 18(624B) AllocSpace objects, 0(0B) LOS objects, 40% free, 21MB/36MB, paused 101us total 10.663ms
08-04 22:11:23.394 31231 31252 I art     : Starting a blocking GC Explicit
08-04 22:11:23.405 31231 31252 I art     : Explicit concurrent mark sweep GC freed 3(96B) AllocSpace objects, 0(0B) LOS objects, 40% free, 21MB/36MB, paused 95us total 10.422ms
08-04 22:11:23.411 31231 31252 I art     : Starting a blocking GC Explicit
08-04 22:11:23.421 31231 31252 I art     : Explicit concurrent mark sweep GC freed 3(96B) AllocSpace objects, 0(0B) LOS objects, 40% free, 21MB/36MB, paused 96us total 10.417ms
08-04 22:11:23.428 31231 31252 I art     : Starting a blocking GC Explicit
08-04 22:11:23.438 31231 31252 I art     : Explicit concurrent mark sweep GC freed 3(96B) AllocSpace objects, 0(0B) LOS objects, 40% free, 21MB/36MB, paused 115us total 9.728ms
08-04 22:11:23.729 31231 31244 I art     : Starting a blocking GC Explicit
08-04 22:11:23.744 31231 31244 I art     : Explicit concurrent mark sweep GC freed 1271(74KB) AllocSpace objects, 1(20KB) LOS objects, 40% free, 21MB/36MB, paused 121us total 14.614ms
08-04 22:11:23.752 31231 31244 I art     : Starting a blocking GC Explicit
08-04 22:11:23.763 31231 31244 I art     : Explicit concurrent mark sweep GC freed 18(624B) AllocSpace objects, 0(0B) LOS objects, 40% free, 21MB/36MB, paused 101us total 10.755ms
08-04 22:11:23.769 31231 31244 I art     : Starting a blocking GC Explicit
08-04 22:11:23.780 31231 31244 I art     : Explicit concurrent mark sweep GC freed 3(96B) AllocSpace objects, 0(0B) LOS objects, 40% free, 21MB/36MB, paused 93us total 10.293ms
08-04 22:11:23.786 31231 31244 I art     : Starting a blocking GC Explicit
08-04 22:11:23.796 31231 31244 I art     : Explicit concurrent mark sweep GC freed 3(96B) AllocSpace objects, 0(0B) LOS objects, 40% free, 21MB/36MB, paused 94us total 10.538ms
08-04 22:11:23.802 31231 31244 I art     : Starting a blocking GC Explicit
08-04 22:11:23.812 31231 31244 I art     : Explicit concurrent mark sweep GC freed 3(96B) AllocSpace objects, 0(0B) LOS objects, 40% free, 21MB/36MB, paused 97us total 9.599ms
08-04 22:11:24.123 31231 31243 I art     : Starting a blocking GC Explicit
08-04 22:11:24.137 31231 31243 I art     : Explicit concurrent mark sweep GC freed 1271(74KB) AllocSpace objects, 1(20KB) LOS objects, 40% free, 21MB/36MB, paused 122us total 13.100ms
08-04 22:11:24.143 31231 31243 I art     : Starting a blocking GC Explicit
08-04 22:11:24.155 31231 31243 I art     : Explicit concurrent mark sweep GC freed 18(624B) AllocSpace objects, 0(0B) LOS objects, 40% free, 21MB/36MB, paused 95us total 11.293ms
08-04 22:11:24.161 31231 31243 I art     : Starting a blocking GC Explicit
08-04 22:11:24.172 31231 31243 I art     : Explicit concurrent mark sweep GC freed 3(96B) AllocSpace objects, 0(0B) LOS objects, 40% free, 21MB/36MB, paused 92us total 10.683ms
08-04 22:11:24.178 31231 31243 I art     : Starting a blocking GC Explicit
08-04 22:11:24.188 31231 31243 I art     : Explicit concurrent mark sweep GC freed 3(96B) AllocSpace objects, 0(0B) LOS objects, 40% free, 21MB/36MB, paused 97us total 9.700ms
08-04 22:11:24.194 31231 31243 I art     : Starting a blocking GC Explicit
08-04 22:11:24.205 31231 31243 I art     : Explicit concurrent mark sweep GC freed 3(96B) AllocSpace objects, 0(0B) LOS objects, 40% free, 21MB/36MB, paused 94us total 10.219ms
08-04 22:11:24.524 31231 31252 I art     : Starting a blocking GC Explicit
08-04 22:11:24.540 31231 31252 I art     : Explicit concurrent mark sweep GC freed 1271(74KB) AllocSpace objects, 1(20KB) LOS objects, 40% free, 21MB/36MB, paused 148us total 16.168ms
08-04 22:11:24.555 31231 31252 I art     : Starting a blocking GC Explicit
08-04 22:11:24.565 31231 31252 I art     : Explicit concurrent mark sweep GC freed 18(624B) AllocSpace objects, 0(0B) LOS objects, 40% free, 21MB/36MB, paused 95us total 9.729ms
08-04 22:11:24.570 31231 31252 I art     : Starting a blocking GC Explicit
08-04 22:11:24.580 31231 31252 I art     : Explicit concurrent mark sweep GC freed 3(96B) AllocSpace objects, 0(0B) LOS objects, 40% free, 21MB/36MB, paused 94us total 9.573ms
08-04 22:11:24.586 31231 31252 I art     : Starting a blocking GC Explicit
08-04 22:11:24.595 31231 31252 I art     : Explicit concurrent mark sweep GC freed 3(96B) AllocSpace objects, 0(0B) LOS objects, 40% free, 21MB/36MB, paused 85us total 9.492ms
08-04 22:11:24.601 31231 31252 I art     : Starting a blocking GC Explicit
08-04 22:11:24.611 31231 31252 I art     : Explicit concurrent mark sweep GC freed 3(96B) AllocSpace objects, 0(0B) LOS objects, 40% free, 21MB/36MB, paused 97us total 9.619ms
08-04 22:11:24.885 13866 13882 I PeriodicStatsRunner: PeriodicStatsRunner.call():175 call()
08-04 22:11:24.887 13866 13882 I PeriodicStatsRunner: PeriodicStatsRunner.call():179 No submit PeriodicStats since input started.
08-04 22:11:24.903 31231 31244 I art     : Starting a blocking GC Explicit
08-04 22:11:24.918 31231 31244 I art     : Explicit concurrent mark sweep GC freed 1271(74KB) AllocSpace objects, 1(20KB) LOS objects, 40% free, 21MB/36MB, paused 136us total 15.002ms
08-04 22:11:24.927 31231 31244 I art     : Starting a blocking GC Explicit
08-04 22:11:24.938 31231 31244 I art     : Explicit concurrent mark sweep GC freed 18(624B) AllocSpace objects, 0(0B) LOS objects, 40% free, 21MB/36MB, paused 108us total 10.630ms
08-04 22:11:24.944 31231 31244 I art     : Starting a blocking GC Explicit
08-04 22:11:24.955 31231 31244 I art     : Explicit concurrent mark sweep GC freed 3(96B) AllocSpace objects, 0(0B) LOS objects, 40% free, 21MB/36MB, paused 100us total 10.212ms
08-04 22:11:24.961 31231 31244 I art     : Starting a blocking GC Explicit
08-04 22:11:24.971 31231 31244 I art     : Explicit concurrent mark sweep GC freed 3(96B) AllocSpace objects, 0(0B) LOS objects, 40% free, 21MB/36MB, paused 91us total 9.515ms
08-04 22:11:24.977 31231 31244 I art     : Starting a blocking GC Explicit
08-04 22:11:24.987 31231 31244 I art     : Explicit concurrent mark sweep GC freed 3(96B) AllocSpace objects, 0(0B) LOS objects, 40% free, 21MB/36MB, paused 101us total 9.828ms
08-04 22:11:25.264 31231 31243 I art     : Starting a blocking GC Explicit
08-04 22:11:25.275 31231 31243 I art     : Explicit concurrent mark sweep GC freed 1271(74KB) AllocSpace objects, 1(20KB) LOS objects, 40% free, 21MB/36MB, paused 98us total 10.508ms
08-04 22:11:25.281 31231 31243 I art     : Starting a blocking GC Explicit
08-04 22:11:25.290 31231 31243 I art     : Explicit concurrent mark sweep GC freed 18(624B) AllocSpace objects, 0(0B) LOS objects, 40% free, 21MB/36MB, paused 87us total 9.034ms
08-04 22:11:25.295 31231 31243 I art     : Starting a blocking GC Explicit
08-04 22:11:25.304 31231 31243 I art     : Explicit concurrent mark sweep GC freed 3(96B) AllocSpace objects, 0(0B) LOS objects, 40% free, 21MB/36MB, paused 78us total 8.887ms
08-04 22:11:25.309 31231 31243 I art     : Starting a blocking GC Explicit
08-04 22:11:25.318 31231 31243 I art     : Explicit concurrent mark sweep GC freed 3(96B) AllocSpace objects, 0(0B) LOS objects, 40% free, 21MB/36MB, paused 82us total 8.536ms
08-04 22:11:25.323 31231 31243 I art     : Starting a blocking GC Explicit
08-04 22:11:25.332 31231 31243 I art     : Explicit concurrent mark sweep GC freed 3(96B) AllocSpace objects, 0(0B) LOS objects, 40% free, 21MB/36MB, paused 80us total 8.627ms
08-04 22:11:25.613 31231 31252 I art     : Starting a blocking GC Explicit
08-04 22:11:25.632 31231 31252 I art     : Explicit concurrent mark sweep GC freed 1271(74KB) AllocSpace objects, 1(20KB) LOS objects, 40% free, 21MB/36MB, paused 152us total 18.272ms
08-04 22:11:25.643 31231 31252 I art     : Starting a blocking GC Explicit
08-04 22:11:25.657 31231 31252 I art     : Explicit concurrent mark sweep GC freed 18(624B) AllocSpace objects, 0(0B) LOS objects, 40% free, 21MB/36MB, paused 117us total 12.908ms
08-04 22:11:25.666 31231 31252 I art     : Starting a blocking GC Explicit
08-04 22:11:25.676 31231 31252 I art     : Explicit concurrent mark sweep GC freed 3(96B) AllocSpace objects, 0(0B) LOS objects, 40% free, 21MB/36MB, paused 99us total 10.313ms
08-04 22:11:25.682 31231 31252 I art     : Starting a blocking GC Explicit
08-04 22:11:25.693 31231 31252 I art     : Explicit concurrent mark sweep GC freed 3(96B) AllocSpace objects, 0(0B) LOS objects, 40% free, 21MB/36MB, paused 99us total 10.097ms
08-04 22:11:25.698 31231 31252 I art     : Starting a blocking GC Explicit
08-04 22:11:25.708 31231 31252 I art     : Explicit concurrent mark sweep GC freed 3(96B) AllocSpace objects, 0(0B) LOS objects, 40% free, 21MB/36MB, paused 90us total 9.795ms
08-04 22:11:26.036 31231 31244 I art     : Starting a blocking GC Explicit
08-04 22:11:26.053 31231 31244 I art     : Explicit concurrent mark sweep GC freed 1271(74KB) AllocSpace objects, 1(20KB) LOS objects, 40% free, 21MB/36MB, paused 187us total 16.277ms
08-04 22:11:26.061 31231 31244 I art     : Starting a blocking GC Explicit
08-04 22:11:26.071 31231 31244 I art     : Explicit concurrent mark sweep GC freed 18(624B) AllocSpace objects, 0(0B) LOS objects, 40% free, 21MB/36MB, paused 106us total 10.236ms
08-04 22:11:26.077 31231 31244 I art     : Starting a blocking GC Explicit
08-04 22:11:26.087 31231 31244 I art     : Explicit concurrent mark sweep GC freed 3(96B) AllocSpace objects, 0(0B) LOS objects, 40% free, 21MB/36MB, paused 678us total 9.661ms
08-04 22:11:26.092 31231 31244 I art     : Starting a blocking GC Explicit
08-04 22:11:26.101 31231 31244 I art     : Explicit concurrent mark sweep GC freed 3(96B) AllocSpace objects, 0(0B) LOS objects, 40% free, 21MB/36MB, paused 93us total 9.110ms
08-04 22:11:26.107 31231 31244 I art     : Starting a blocking GC Explicit
08-04 22:11:26.116 31231 31244 I art     : Explicit concurrent mark sweep GC freed 3(96B) AllocSpace objects, 0(0B) LOS objects, 40% free, 21MB/36MB, paused 88us total 8.537ms
08-04 22:11:26.371 31231 31243 I art     : Starting a blocking GC Explicit
08-04 22:11:26.382 31231 31243 I art     : Explicit concurrent mark sweep GC freed 1271(74KB) AllocSpace objects, 1(20KB) LOS objects, 40% free, 21MB/36MB, paused 101us total 10.396ms
08-04 22:11:26.388 31231 31243 I art     : Starting a blocking GC Explicit
08-04 22:11:26.398 31231 31243 I art     : Explicit concurrent mark sweep GC freed 18(624B) AllocSpace objects, 0(0B) LOS objects, 40% free, 21MB/36MB, paused 95us total 9.976ms
08-04 22:11:26.404 31231 31243 I art     : Starting a blocking GC Explicit
08-04 22:11:26.414 31231 31243 I art     : Explicit concurrent mark sweep GC freed 3(96B) AllocSpace objects, 0(0B) LOS objects, 40% free, 21MB/36MB, paused 102us total 9.943ms
08-04 22:11:26.420 31231 31243 I art     : Starting a blocking GC Explicit
08-04 22:11:26.425 31412 31412 D AndroidRuntime: >>>>>> START com.android.internal.os.RuntimeInit uid 2000 <<<<<<
08-04 22:11:26.429 31412 31412 D AndroidRuntime: CheckJNI is OFF
08-04 22:11:26.431 31231 31243 I art     : Explicit concurrent mark sweep GC freed 3(96B) AllocSpace objects, 0(0B) LOS objects, 40% free, 21MB/36MB, paused 206us total 10.371ms
08-04 22:11:26.436 31231 31243 I art     : Starting a blocking GC Explicit
08-04 22:11:26.445 31231 31243 I art     : Explicit concurrent mark sweep GC freed 3(96B) AllocSpace objects, 0(0B) LOS objects, 40% free, 21MB/36MB, paused 91us total 8.927ms
08-04 22:11:26.456 31412 31412 D ICU     : No timezone override file found: /data/misc/zoneinfo/current/icu/icu_tzdata.dat
08-04 22:11:26.480 31412 31412 I Radio-JNI: register_android_hardware_Radio DONE
08-04 22:11:26.496 31412 31412 D AndroidRuntime: Calling main entry com.android.commands.input.Input
08-04 22:11:26.498 31412 31412 I Input   : injectMotionEvent: MotionEvent { action=ACTION_DOWN, actionButton=0, id[0]=0, x[0]=711.0, y[0]=1664.0, toolType[0]=TOOL_TYPE_UNKNOWN, buttonState=0, metaState=0, flags=0x0, edgeFlags=0x0, pointerCount=1, historySize=0, eventTime=742302911, downTime=742302911, deviceId=0, source=0x1002 }
08-04 22:11:26.503 31412 31412 I Input   : injectMotionEvent: MotionEvent { action=ACTION_UP, actionButton=0, id[0]=0, x[0]=711.0, y[0]=1664.0, toolType[0]=TOOL_TYPE_UNKNOWN, buttonState=0, metaState=0, flags=0x0, edgeFlags=0x0, pointerCount=1, historySize=0, eventTime=742302911, downTime=742302911, deviceId=0, source=0x1002 }
08-04 22:11:26.504 31412 31412 D AndroidRuntime: Shutting down VM
08-04 22:11:26.524   918   928 I ActivityManager: START u0 {flg=0x14000000 cmp=baseline.com.ak.uobtimetable/.CourseListActivity} from uid 10659 on display 0
08-04 22:11:26.524   512  2967 D audio_hw_primary: out_set_parameters: enter: usecase(1: low-latency-playback) kvpairs: routing=2
08-04 22:11:26.537   512  2967 D audio_hw_primary: select_devices: out_snd_device(2: speaker) in_snd_device(0: none)
08-04 22:11:26.537   512  2967 D msm8974_platform: platform_send_audio_calibration: sending audio calibration for snd_device(2) acdb_id(15)
08-04 22:11:26.537   512  2967 I soundtrigger: audio_extn_sound_trigger_update_device_status: device 0x2 of type 0 for Event 1
08-04 22:11:26.550   512  2967 D audio_hw_primary: enable_snd_device: snd_device(2: speaker)
08-04 22:11:26.552   512  2967 D audio_hw_primary: enable_audio_route: apply and update mixer path: low-latency-playback speaker
08-04 22:11:26.561  8429  8466 I Finsky  : [5787] ktr.run(-1): Stats for Executor: BlockingExecutor kvs@358e60e[Running, pool size = 1, active threads = 0, queued tasks = 0, completed tasks = 331]
08-04 22:11:26.561  8429  8466 I Finsky  : [5787] ktr.run(-1): Stats for Executor: LightweightExecutor kvs@fc6682f[Running, pool size = 4, active threads = 0, queued tasks = 0, completed tasks = 351]
08-04 22:11:26.564 31231 31231 D CourseListActivity: onCreate
08-04 22:11:26.592 31231 31436 D HTTP    : Request for: https://uob-timetable-api.adriankeenan.co.uk/courses
08-04 22:11:26.660 31231 31252 I art     : Starting a blocking GC Explicit
08-04 22:11:26.666   918   936 I ActivityManager: Displayed baseline.com.ak.uobtimetable/.CourseListActivity: +132ms
08-04 22:11:26.667 13866 13866 I GoogleInputMethodServic: GoogleInputMethodService.onFinishInput():3138 
08-04 22:11:26.668 13866 13866 I GoogleInputMethodServic: GoogleInputMethodService.onStartInput():1808 
08-04 22:11:26.678 31231 31252 I art     : Explicit concurrent mark sweep GC freed 4995(393KB) AllocSpace objects, 1(20KB) LOS objects, 40% free, 22MB/37MB, paused 214us total 18.114ms
08-04 22:11:26.684 31231 31252 I art     : Starting a blocking GC Explicit
08-04 22:11:26.693 31231 31246 D OpenGLRenderer: endAllStagingAnimators on 0x7f949b4800 (RippleDrawable) with handle 0x7f9a1f8a40
08-04 22:11:26.696 31231 31252 I art     : Explicit concurrent mark sweep GC freed 372(19KB) AllocSpace objects, 0(0B) LOS objects, 40% free, 22MB/37MB, paused 227us total 11.585ms
08-04 22:11:26.702 31231 31252 I art     : Starting a blocking GC Explicit
08-04 22:11:26.714 31231 31252 I art     : Explicit concurrent mark sweep GC freed 10(432B) AllocSpace objects, 0(0B) LOS objects, 40% free, 22MB/37MB, paused 185us total 10.996ms
08-04 22:11:26.720 31231 31252 I art     : Starting a blocking GC Explicit
08-04 22:11:26.730 31231 31252 I art     : Explicit concurrent mark sweep GC freed 12(384B) AllocSpace objects, 0(0B) LOS objects, 40% free, 22MB/37MB, paused 129us total 10.075ms
08-04 22:11:26.736 31231 31252 I art     : Starting a blocking GC Explicit
08-04 22:11:26.748 31231 31252 I art     : Explicit concurrent mark sweep GC freed 766(61KB) AllocSpace objects, 2(120KB) LOS objects, 40% free, 22MB/37MB, paused 231us total 11.296ms
08-04 22:11:26.820 31231 31436 I NAPPA_EXPERIMENTATION: MetricNetworkRequestExecutionTime: REQUEST_DURATION_SYSTEM='225',REQUEST_DURATION_OKHTTP='41',REQUEST_SYNCHRONOUS='TRUE',RESPONSE_CODE='200',RESPONSE_METHOD='GET',RESPONSE_LENGTH_OKHTTP='-1',RESPONSE_LENGTH_HEADER='-2',REQUEST_PROTOCOL='http/1.1',REQUEST_URL='https://uob-timetable-api.adriankeenan.co.uk/courses',
08-04 22:11:26.975 31231 31243 I art     : Starting a blocking GC Explicit
08-04 22:11:26.989 31231 31243 I art     : Explicit concurrent mark sweep GC freed 3715(248KB) AllocSpace objects, 2(100KB) LOS objects, 32% free, 33MB/49MB, paused 245us total 13.862ms
08-04 22:11:26.995 31231 31243 I art     : Starting a blocking GC Explicit
08-04 22:11:27.010 31231 31243 I art     : Explicit concurrent mark sweep GC freed 2506(11MB) AllocSpace objects, 0(0B) LOS objects, 26% free, 44MB/60MB, paused 158us total 14.044ms
08-04 22:11:27.015 31231 31243 I art     : Starting a blocking GC Explicit
08-04 22:11:27.026 31231 31243 I art     : Explicit concurrent mark sweep GC freed 6(12KB) AllocSpace objects, 0(0B) LOS objects, 26% free, 44MB/60MB, paused 145us total 10.972ms
08-04 22:11:27.032 31231 31243 I art     : Starting a blocking GC Explicit
08-04 22:11:27.042 31231 31243 I art     : Explicit concurrent mark sweep GC freed 26(992B) AllocSpace objects, 0(0B) LOS objects, 26% free, 44MB/60MB, paused 170us total 10.415ms
08-04 22:11:27.048 31231 31243 I art     : Starting a blocking GC Explicit
08-04 22:11:27.059 31231 31243 I art     : Explicit concurrent mark sweep GC freed 81(3KB) AllocSpace objects, 0(0B) LOS objects, 26% free, 44MB/60MB, paused 158us total 10.346ms
08-04 22:11:27.071  8429  8466 I Finsky  : [5787] ktr.run(-1): Stats for Executor: bgExecutor kvs@e92de3c[Running, pool size = 4, active threads = 0, queued tasks = 0, completed tasks = 1003]
08-04 22:11:27.089   512  2967 D audio_hw_primary: disable_audio_route: reset and update mixer path: low-latency-playback speaker
08-04 22:11:27.090   512  2967 D audio_hw_primary: disable_snd_device: snd_device(2: speaker)
08-04 22:11:27.097   512  2967 I soundtrigger: audio_extn_sound_trigger_update_device_status: device 0x2 of type 0 for Event 0
08-04 22:11:27.191 31231 31436 I HTTP    : Response was compressed.
08-04 22:11:27.312 31231 31243 I art     : Starting a blocking GC Explicit
08-04 22:11:27.329 31231 31243 I art     : Explicit concurrent mark sweep GC freed 32270(1545KB) AllocSpace objects, 0(0B) LOS objects, 29% free, 38MB/54MB, paused 228us total 17.185ms
08-04 22:11:27.336 31231 31243 I art     : Starting a blocking GC Explicit
08-04 22:11:27.351 31231 31243 I art     : Explicit concurrent mark sweep GC freed 12555(583KB) AllocSpace objects, 0(0B) LOS objects, 29% free, 38MB/54MB, paused 223us total 14.358ms
08-04 22:11:27.358 31231 31243 I art     : Starting a blocking GC Explicit
08-04 22:11:27.370 31231 31243 I art     : Explicit concurrent mark sweep GC freed 10668(506KB) AllocSpace objects, 0(0B) LOS objects, 29% free, 38MB/54MB, paused 197us total 12.331ms
08-04 22:11:27.376 31231 31243 I art     : Starting a blocking GC Explicit
08-04 22:11:27.389 31231 31243 I art     : Explicit concurrent mark sweep GC freed 10256(484KB) AllocSpace objects, 0(0B) LOS objects, 29% free, 38MB/54MB, paused 212us total 12.549ms
08-04 22:11:27.395 31231 31243 I art     : Starting a blocking GC Explicit
08-04 22:11:27.408 31231 31243 I art     : Explicit concurrent mark sweep GC freed 10164(472KB) AllocSpace objects, 0(0B) LOS objects, 29% free, 38MB/54MB, paused 238us total 13.307ms
08-04 22:11:27.672 31231 31244 I art     : Starting a blocking GC Explicit
08-04 22:11:27.708 31231 31244 I art     : Explicit concurrent mark sweep GC freed 161508(7MB) AllocSpace objects, 1(20KB) LOS objects, 28% free, 39MB/55MB, paused 298us total 36.531ms
08-04 22:11:27.716 31231 31244 I art     : Starting a blocking GC Explicit
08-04 22:11:27.732 31231 31244 I art     : Explicit concurrent mark sweep GC freed 18580(876KB) AllocSpace objects, 0(0B) LOS objects, 28% free, 39MB/55MB, paused 361us total 15.804ms
08-04 22:11:27.739 31231 31244 I art     : Starting a blocking GC Explicit
08-04 22:11:27.755 31231 31244 I art     : Explicit concurrent mark sweep GC freed 12780(613KB) AllocSpace objects, 0(0B) LOS objects, 28% free, 39MB/55MB, paused 297us total 15.553ms
08-04 22:11:27.762 31231 31244 I art     : Starting a blocking GC Explicit
08-04 22:11:27.778 31231 31244 I art     : Explicit concurrent mark sweep GC freed 12479(586KB) AllocSpace objects, 0(0B) LOS objects, 28% free, 39MB/55MB, paused 268us total 15.939ms
08-04 22:11:27.785 31231 31244 I art     : Starting a blocking GC Explicit
08-04 22:11:27.801 31231 31244 I art     : Explicit concurrent mark sweep GC freed 12776(604KB) AllocSpace objects, 0(0B) LOS objects, 28% free, 39MB/55MB, paused 275us total 15.951ms
08-04 22:11:28.077 31231 31244 I art     : Starting a blocking GC Explicit
08-04 22:11:28.116 31231 31244 I art     : Explicit concurrent mark sweep GC freed 165407(7MB) AllocSpace objects, 1(20KB) LOS objects, 27% free, 41MB/57MB, paused 379us total 38.755ms
08-04 22:11:28.125 31231 31244 I art     : Starting a blocking GC Explicit
08-04 22:11:28.144 31231 31244 I art     : Explicit concurrent mark sweep GC freed 20747(969KB) AllocSpace objects, 0(0B) LOS objects, 27% free, 41MB/57MB, paused 304us total 19.217ms
08-04 22:11:28.152 31231 31244 I art     : Starting a blocking GC Explicit
08-04 22:11:28.172 31231 31244 I art     : Explicit concurrent mark sweep GC freed 15597(727KB) AllocSpace objects, 0(0B) LOS objects, 27% free, 41MB/57MB, paused 332us total 19.186ms
08-04 22:11:28.180 31231 31244 I art     : Starting a blocking GC Explicit
08-04 22:11:28.200 31231 31244 I art     : Explicit concurrent mark sweep GC freed 15041(703KB) AllocSpace objects, 0(0B) LOS objects, 27% free, 41MB/57MB, paused 355us total 19.433ms
08-04 22:11:28.208 31231 31244 I art     : Starting a blocking GC Explicit
08-04 22:11:28.228 31231 31244 I art     : Explicit concurrent mark sweep GC freed 15280(712KB) AllocSpace objects, 0(0B) LOS objects, 27% free, 41MB/57MB, paused 340us total 19.455ms
08-04 22:11:28.500 31231 31243 I art     : Starting a blocking GC Explicit
08-04 22:11:28.541 31231 31243 I art     : Explicit concurrent mark sweep GC freed 162540(7MB) AllocSpace objects, 1(20KB) LOS objects, 27% free, 43MB/59MB, paused 432us total 40.549ms
08-04 22:11:28.552 31231 31243 I art     : Starting a blocking GC Explicit
08-04 22:11:28.573 31231 31243 I art     : Explicit concurrent mark sweep GC freed 22122(1041KB) AllocSpace objects, 0(0B) LOS objects, 27% free, 43MB/59MB, paused 351us total 21.279ms
08-04 22:11:28.582 31231 31243 I art     : Starting a blocking GC Explicit
08-04 22:11:28.605 31231 31243 I art     : Explicit concurrent mark sweep GC freed 17515(817KB) AllocSpace objects, 0(0B) LOS objects, 27% free, 43MB/59MB, paused 385us total 22.832ms
08-04 22:11:28.614 31231 31243 I art     : Starting a blocking GC Explicit
08-04 22:11:28.637 31231 31243 I art     : Explicit concurrent mark sweep GC freed 16980(799KB) AllocSpace objects, 0(0B) LOS objects, 26% free, 43MB/59MB, paused 389us total 22.500ms
08-04 22:11:28.646 31231 31243 I art     : Starting a blocking GC Explicit
08-04 22:11:28.670 31231 31243 I art     : Explicit concurrent mark sweep GC freed 17610(825KB) AllocSpace objects, 0(0B) LOS objects, 26% free, 43MB/59MB, paused 397us total 23.341ms
08-04 22:11:28.935 31231 31244 I art     : Starting a blocking GC Explicit
08-04 22:11:28.978 31231 31244 I art     : Explicit concurrent mark sweep GC freed 158023(7MB) AllocSpace objects, 1(20KB) LOS objects, 26% free, 44MB/60MB, paused 481us total 43.467ms
08-04 22:11:28.990 31231 31244 I art     : Starting a blocking GC Explicit
08-04 22:11:29.016 31231 31244 I art     : Explicit concurrent mark sweep GC freed 24139(1159KB) AllocSpace objects, 0(0B) LOS objects, 26% free, 44MB/60MB, paused 397us total 25.022ms
08-04 22:11:29.025 31231 31244 I art     : Starting a blocking GC Explicit
08-04 22:11:29.052 31231 31244 I art     : Explicit concurrent mark sweep GC freed 19452(954KB) AllocSpace objects, 0(0B) LOS objects, 26% free, 44MB/60MB, paused 458us total 26.263ms
08-04 22:11:29.062 31231 31244 I art     : Starting a blocking GC Explicit
08-04 22:11:29.089 31231 31244 I art     : Explicit concurrent mark sweep GC freed 19916(928KB) AllocSpace objects, 0(0B) LOS objects, 26% free, 45MB/61MB, paused 498us total 26.588ms
08-04 22:11:29.099 31231 31244 I art     : Starting a blocking GC Explicit
08-04 22:11:29.126 31231 31244 I art     : Explicit concurrent mark sweep GC freed 20092(937KB) AllocSpace objects, 0(0B) LOS objects, 26% free, 45MB/61MB, paused 436us total 26.633ms
08-04 22:11:29.401 31231 31243 I art     : Starting a blocking GC Explicit
08-04 22:11:29.409   719   760 I WorkerManager: dispose()
08-04 22:11:29.410   719   760 W ThreadPoolDumper: Queue length for executor EventBus is now 11. Perhaps some tasks are too long, or the pool is too small.
08-04 22:11:29.447 31231 31243 I art     : Explicit concurrent mark sweep GC freed 163273(7MB) AllocSpace objects, 1(20KB) LOS objects, 25% free, 46MB/62MB, paused 490us total 45.986ms
08-04 22:11:29.458 31231 31243 I art     : Starting a blocking GC Explicit
08-04 22:11:29.488 31231 31243 I art     : Explicit concurrent mark sweep GC freed 25866(1209KB) AllocSpace objects, 0(0B) LOS objects, 25% free, 46MB/62MB, paused 502us total 29.775ms
08-04 22:11:29.498 31231 31243 I art     : Starting a blocking GC Explicit
08-04 22:11:29.528 31231 31243 I art     : Explicit concurrent mark sweep GC freed 21623(1008KB) AllocSpace objects, 0(0B) LOS objects, 25% free, 46MB/62MB, paused 585us total 29.743ms
08-04 22:11:29.539 31231 31243 I art     : Starting a blocking GC Explicit
08-04 22:11:29.569 31231 31243 I art     : Explicit concurrent mark sweep GC freed 21871(1012KB) AllocSpace objects, 0(0B) LOS objects, 25% free, 46MB/62MB, paused 535us total 29.916ms
08-04 22:11:29.580 31231 31243 I art     : Starting a blocking GC Explicit
08-04 22:11:29.611 31231 31243 I art     : Explicit concurrent mark sweep GC freed 21801(1023KB) AllocSpace objects, 0(0B) LOS objects, 25% free, 47MB/63MB, paused 498us total 30.625ms
08-04 22:11:29.881 31231 31243 I art     : Starting a blocking GC Explicit
08-04 22:11:29.939 31231 31243 I art     : Explicit concurrent mark sweep GC freed 166506(7MB) AllocSpace objects, 1(20KB) LOS objects, 24% free, 48MB/64MB, paused 550us total 57.866ms
08-04 22:11:29.953 31231 31243 I art     : Starting a blocking GC Explicit
08-04 22:11:29.985 31231 31243 I art     : Explicit concurrent mark sweep GC freed 29263(1426KB) AllocSpace objects, 0(0B) LOS objects, 24% free, 48MB/64MB, paused 548us total 32.105ms
08-04 22:11:29.990 31231 31436 I Service : getCourses response time: 0.69
08-04 22:11:29.993 31231 31231 I SettingsManager: Getting string: savedCourse
08-04 22:11:29.997 31231 31243 I art     : Starting a blocking GC Explicit
08-04 22:11:30.029 31231 31243 I art     : Explicit concurrent mark sweep GC freed 4418(205KB) AllocSpace objects, 1(14MB) LOS objects, 32% free, 33MB/49MB, paused 233us total 31.875ms
08-04 22:11:30.040 31231 31243 I art     : Starting a blocking GC Explicit
08-04 22:11:30.071 31231 31243 I art     : Explicit concurrent mark sweep GC freed 413(15KB) AllocSpace objects, 0(0B) LOS objects, 32% free, 33MB/49MB, paused 185us total 30.817ms
08-04 22:11:30.082 31231 31243 I art     : Starting a blocking GC Explicit
08-04 22:11:30.113 31231 31243 I art     : Explicit concurrent mark sweep GC freed 58(2416B) AllocSpace objects, 0(0B) LOS objects, 32% free, 33MB/49MB, paused 151us total 30.710ms
08-04 22:11:30.186   518   646 I ThermalEngine: ACTION: GPU - Setting GPU[0] to 510000000
08-04 22:11:30.416 31231 31244 I art     : Starting a blocking GC Explicit
08-04 22:11:30.474 31231 31244 I art     : Explicit concurrent mark sweep GC freed 1273(74KB) AllocSpace objects, 1(20KB) LOS objects, 32% free, 33MB/49MB, paused 227us total 57.295ms
08-04 22:11:30.491 31231 31244 I art     : Starting a blocking GC Explicit
08-04 22:11:30.531 31231 31244 I art     : Explicit concurrent mark sweep GC freed 18(624B) AllocSpace objects, 0(0B) LOS objects, 32% free, 33MB/49MB, paused 186us total 39.077ms
08-04 22:11:30.546 31231 31244 I art     : Starting a blocking GC Explicit
08-04 22:11:30.589 31231 31244 I art     : Explicit concurrent mark sweep GC freed 3(96B) AllocSpace objects, 0(0B) LOS objects, 32% free, 33MB/49MB, paused 193us total 42.888ms
08-04 22:11:30.604 31231 31244 I art     : Starting a blocking GC Explicit
08-04 22:11:30.648 31231 31244 I art     : Explicit concurrent mark sweep GC freed 3(96B) AllocSpace objects, 0(0B) LOS objects, 32% free, 33MB/49MB, paused 186us total 42.952ms
08-04 22:11:30.664 31231 31244 I art     : Starting a blocking GC Explicit
08-04 22:11:30.708 31231 31244 I art     : Explicit concurrent mark sweep GC freed 3(96B) AllocSpace objects, 0(0B) LOS objects, 32% free, 33MB/49MB, paused 190us total 43.682ms
08-04 22:11:31.026 31231 31252 I art     : Starting a blocking GC Explicit
08-04 22:11:31.078 31231 31252 I art     : Explicit concurrent mark sweep GC freed 1274(74KB) AllocSpace objects, 1(20KB) LOS objects, 32% free, 33MB/49MB, paused 281us total 52.624ms
08-04 22:11:31.096 31231 31252 I art     : Starting a blocking GC Explicit
08-04 22:11:31.133 31231 31252 I art     : Explicit concurrent mark sweep GC freed 18(624B) AllocSpace objects, 0(0B) LOS objects, 32% free, 33MB/49MB, paused 189us total 36.995ms
08-04 22:11:31.149 31231 31252 I art     : Starting a blocking GC Explicit
08-04 22:11:31.192 31231 31252 I art     : Explicit concurrent mark sweep GC freed 3(96B) AllocSpace objects, 0(0B) LOS objects, 32% free, 33MB/49MB, paused 193us total 42.645ms
08-04 22:11:31.207 31231 31252 I art     : Starting a blocking GC Explicit
08-04 22:11:31.247   918  1210 D NetlinkSocketObserver: NeighborEvent{elapsedMs=1725695122, 192.168.2.254, [7C3953A63323], RTM_NEWNEIGH, NUD_STALE}
08-04 22:11:31.250 31231 31252 I art     : Explicit concurrent mark sweep GC freed 3(96B) AllocSpace objects, 0(0B) LOS objects, 32% free, 33MB/49MB, paused 191us total 42.627ms
08-04 22:11:31.266 31231 31252 I art     : Starting a blocking GC Explicit
08-04 22:11:31.309 31231 31252 I art     : Explicit concurrent mark sweep GC freed 3(96B) AllocSpace objects, 0(0B) LOS objects, 32% free, 33MB/49MB, paused 203us total 42.151ms
08-04 22:11:31.622 31231 31243 I art     : Starting a blocking GC Explicit
08-04 22:11:31.668 13866 13882 I PeriodicStatsRunner: PeriodicStatsRunner.call():175 call()
08-04 22:11:31.668 13866 13882 I PeriodicStatsRunner: PeriodicStatsRunner.call():179 No submit PeriodicStats since input started.
08-04 22:11:31.683 31231 31243 I art     : Explicit concurrent mark sweep GC freed 1275(74KB) AllocSpace objects, 1(20KB) LOS objects, 32% free, 33MB/49MB, paused 180us total 60.852ms
08-04 22:11:31.699 31231 31243 I art     : Starting a blocking GC Explicit
08-04 22:11:31.737 31231 31243 I art     : Explicit concurrent mark sweep GC freed 20(704B) AllocSpace objects, 0(0B) LOS objects, 32% free, 33MB/49MB, paused 185us total 37.920ms
08-04 22:11:31.752 31231 31243 I art     : Starting a blocking GC Explicit
08-04 22:11:31.795 31231 31243 I art     : Explicit concurrent mark sweep GC freed 3(96B) AllocSpace objects, 0(0B) LOS objects, 32% free, 33MB/49MB, paused 185us total 42.150ms
08-04 22:11:31.811 31231 31243 I art     : Starting a blocking GC Explicit
08-04 22:11:31.855 31231 31243 I art     : Explicit concurrent mark sweep GC freed 3(96B) AllocSpace objects, 0(0B) LOS objects, 32% free, 33MB/49MB, paused 188us total 43.953ms
08-04 22:11:31.872 31231 31243 I art     : Starting a blocking GC Explicit
08-04 22:11:31.915 31231 31243 I art     : Explicit concurrent mark sweep GC freed 3(96B) AllocSpace objects, 0(0B) LOS objects, 32% free, 33MB/49MB, paused 179us total 42.526ms
08-04 22:11:32.221 31231 31252 I art     : Starting a blocking GC Explicit
08-04 22:11:32.279 31231 31252 I art     : Explicit concurrent mark sweep GC freed 1274(74KB) AllocSpace objects, 1(20KB) LOS objects, 32% free, 33MB/49MB, paused 282us total 57.216ms
08-04 22:11:32.298 31231 31252 I art     : Starting a blocking GC Explicit
08-04 22:11:32.341 31231 31252 I art     : Explicit concurrent mark sweep GC freed 18(624B) AllocSpace objects, 0(0B) LOS objects, 32% free, 33MB/49MB, paused 196us total 42.329ms
08-04 22:11:32.356 31231 31252 I art     : Starting a blocking GC Explicit
08-04 22:11:32.399 31231 31252 I art     : Explicit concurrent mark sweep GC freed 3(96B) AllocSpace objects, 0(0B) LOS objects, 32% free, 33MB/49MB, paused 189us total 42.511ms
08-04 22:11:32.415 31231 31252 I art     : Starting a blocking GC Explicit
08-04 22:11:32.458 31231 31252 I art     : Explicit concurrent mark sweep GC freed 3(96B) AllocSpace objects, 0(0B) LOS objects, 32% free, 33MB/49MB, paused 185us total 42.817ms
08-04 22:11:32.474 31231 31252 I art     : Starting a blocking GC Explicit
08-04 22:11:32.518 31231 31252 I art     : Explicit concurrent mark sweep GC freed 3(96B) AllocSpace objects, 0(0B) LOS objects, 32% free, 33MB/49MB, paused 192us total 43.764ms
08-04 22:11:32.807 31231 31244 I art     : Starting a blocking GC Explicit
08-04 22:11:32.850 31231 31244 I art     : Explicit concurrent mark sweep GC freed 1274(74KB) AllocSpace objects, 1(20KB) LOS objects, 32% free, 33MB/49MB, paused 214us total 43.411ms
08-04 22:11:32.867 31231 31244 I art     : Starting a blocking GC Explicit
08-04 22:11:32.906 31231 31244 I art     : Explicit concurrent mark sweep GC freed 18(624B) AllocSpace objects, 0(0B) LOS objects, 32% free, 33MB/49MB, paused 186us total 38.533ms
08-04 22:11:32.921 31231 31244 I art     : Starting a blocking GC Explicit
08-04 22:11:32.958 31231 31244 I art     : Explicit concurrent mark sweep GC freed 3(96B) AllocSpace objects, 0(0B) LOS objects, 32% free, 33MB/49MB, paused 182us total 37.491ms
08-04 22:11:32.974 31231 31244 I art     : Starting a blocking GC Explicit
08-04 22:11:33.014 31231 31244 I art     : Explicit concurrent mark sweep GC freed 3(96B) AllocSpace objects, 0(0B) LOS objects, 32% free, 33MB/49MB, paused 192us total 40.247ms
08-04 22:11:33.030 31231 31244 I art     : Starting a blocking GC Explicit
08-04 22:11:33.072 31231 31244 I art     : Explicit concurrent mark sweep GC freed 3(96B) AllocSpace objects, 0(0B) LOS objects, 32% free, 33MB/49MB, paused 189us total 41.881ms
08-04 22:11:33.165 31578 31578 D AndroidRuntime: >>>>>> START com.android.internal.os.RuntimeInit uid 2000 <<<<<<
08-04 22:11:33.171 31578 31578 D AndroidRuntime: CheckJNI is OFF
08-04 22:11:33.210 31578 31578 D ICU     : No timezone override file found: /data/misc/zoneinfo/current/icu/icu_tzdata.dat
08-04 22:11:33.248 31578 31578 I Radio-JNI: register_android_hardware_Radio DONE
08-04 22:11:33.269 31578 31578 D AndroidRuntime: Calling main entry com.android.commands.input.Input
08-04 22:11:33.271 31578 31578 I Input   : injectMotionEvent: MotionEvent { action=ACTION_DOWN, actionButton=0, id[0]=0, x[0]=526.0, y[0]=704.0, toolType[0]=TOOL_TYPE_UNKNOWN, buttonState=0, metaState=0, flags=0x0, edgeFlags=0x0, pointerCount=1, historySize=0, eventTime=742309684, downTime=742309684, deviceId=0, source=0x1002 }
08-04 22:11:33.276 31578 31578 I Input   : injectMotionEvent: MotionEvent { action=ACTION_UP, actionButton=0, id[0]=0, x[0]=526.0, y[0]=704.0, toolType[0]=TOOL_TYPE_UNKNOWN, buttonState=0, metaState=0, flags=0x0, edgeFlags=0x0, pointerCount=1, historySize=0, eventTime=742309684, downTime=742309684, deviceId=0, source=0x1002 }
08-04 22:11:33.277 31578 31578 D AndroidRuntime: Shutting down VM
08-04 22:11:33.344   512  2967 D audio_hw_primary: out_set_parameters: enter: usecase(1: low-latency-playback) kvpairs: routing=2
08-04 22:11:33.349 31231 31243 I art     : Starting a blocking GC Explicit
08-04 22:11:33.358   512  2967 D audio_hw_primary: select_devices: out_snd_device(2: speaker) in_snd_device(0: none)
08-04 22:11:33.358   512  2967 D msm8974_platform: platform_send_audio_calibration: sending audio calibration for snd_device(2) acdb_id(15)
08-04 22:11:33.358   512  2967 I soundtrigger: audio_extn_sound_trigger_update_device_status: device 0x2 of type 0 for Event 1
08-04 22:11:33.383   918   918 I ActivityManager: Start proc 31606:nappatfpr.com.newsblur/u0a658 for service nappatfpr.com.newsblur/.service.NBSyncService
08-04 22:11:33.384 31606 31606 I art     : Late-enabling -Xcheck:jni
08-04 22:11:33.384   512  2967 D audio_hw_primary: enable_snd_device: snd_device(2: speaker)
08-04 22:11:33.387  8429  8429 I Finsky  : [1] xow.onStartJob(3): SCH: onJobSchedulerWakeup with jobId 9008
08-04 22:11:33.388   512  2967 D audio_hw_primary: enable_audio_route: apply and update mixer path: low-latency-playback speaker
08-04 22:11:33.392  8429  8429 I Finsky  : [1] xjw.a(9): Scheduling fallback in 43199995 (absolute: 1768897262)
08-04 22:11:33.393 31231 31243 I art     : Explicit concurrent mark sweep GC freed 1926(128KB) AllocSpace objects, 2(40KB) LOS objects, 32% free, 33MB/49MB, paused 256us total 43.060ms
08-04 22:11:33.396  8429  8429 I Finsky  : [1] xjw.a(9): Scheduling fallback in 64799997 (absolute: 1790497267)
08-04 22:11:33.410 31231 31243 I art     : Starting a blocking GC Explicit
08-04 22:11:33.417 31606 31606 W System  : ClassLoader referenced unknown path: /data/app/nappatfpr.com.newsblur-1/lib/arm64
08-04 22:11:33.448 31231 31243 I art     : Explicit concurrent mark sweep GC freed 196(7KB) AllocSpace objects, 0(0B) LOS objects, 32% free, 33MB/49MB, paused 231us total 37.379ms
08-04 22:11:33.462 31231 31243 I art     : Starting a blocking GC Explicit
08-04 22:11:33.500 31231 31243 I art     : Explicit concurrent mark sweep GC freed 72(3KB) AllocSpace objects, 0(0B) LOS objects, 32% free, 33MB/49MB, paused 195us total 38.163ms
08-04 22:11:33.514 31231 31243 I art     : Starting a blocking GC Explicit
08-04 22:11:33.533   918  5952 I ActivityManager: Killing 26070:com.google.android.webview:webview_service/u0a74 (adj 15): empty #17
08-04 22:11:33.552 31231 31243 I art     : Explicit concurrent mark sweep GC freed 7(224B) AllocSpace objects, 0(0B) LOS objects, 32% free, 33MB/49MB, paused 172us total 38.128ms
08-04 22:11:33.567 31231 31243 I art     : Starting a blocking GC Explicit
08-04 22:11:33.597  8429  8429 I Finsky  : [1] xkf.handleMessage(8): SCH: DeviceState: DeviceState{currentTime=1596571893535, isCharging=false, isIdle=false, netAny=true, netNotRoaming=true, netUnmetered=true, batteryPercent=100.0}
08-04 22:11:33.603  8429 31202 I Finsky  : [6428] xmu.a(8): SCH: Jobs in database: 1-1337 3-197 3-198 12-1 24-77777777 26-1414141414 
08-04 22:11:33.607  8429  8429 I Finsky  : [1] xkg.a(16): SCH: Running job: 12-1
08-04 22:11:33.607 31231 31243 I art     : Explicit concurrent mark sweep GC freed 5(176B) AllocSpace objects, 0(0B) LOS objects, 32% free, 33MB/49MB, paused 262us total 39.397ms
08-04 22:11:33.607  8429  8429 I Finsky  : [1] ContentSyncJob.a(16): [ContentSync] job started
08-04 22:11:33.608  8429  8429 I Finsky  : [1] xkf.handleMessage(61): SCH: RunningQueue size: 1, PendingQueue size: 0
08-04 22:11:33.609  8429  8429 I Finsky  : [1] xkf.handleMessage(64): SCH: Running queue: 12-1 
08-04 22:11:33.691  8429 31216 I Finsky  : [6434] dzn.a(22): Completed 0 account content syncs with 0 successful.
08-04 22:11:33.691  8429  8429 I Finsky  : [1] ContentSyncJob.a(1): [ContentSync] Installation state replication succeeded.
08-04 22:11:33.692  8429  8429 I Finsky  : [1] xlr.a(13): SCH: jobFinished: 12-1. TimeElapsed: 85ms.
08-04 22:11:33.692  8429  8429 I Finsky  : [1] xkg.a(36): SCH: Job 12-1 finished. Not rescheduling.
08-04 22:11:33.693  8429  8429 I Finsky  : [1] xkf.handleMessage(61): SCH: RunningQueue size: 0, PendingQueue size: 0
08-04 22:11:33.693  8429  8429 I Finsky  : [1] xkf.handleMessage(25): Executor finished
08-04 22:11:33.701   918  5481 I ActivityManager: Killing 30969:com.android.vending:instant_app_installer/u0a22 (adj 15): empty #17
08-04 22:11:33.724  8429  8429 I Finsky  : [1] xmu.a(8): SCH: Jobs in database: 1-1337 3-197 3-198 24-77777777 26-1414141414 
08-04 22:11:33.726  8429  8429 I Finsky  : [1] xio.a(57): SCH: ConstraintMapping: 24-77777777,  -> L: 0ms, D: 82706794ms, C: false, I: true, N: 0
08-04 22:11:33.727  8429  8429 I Finsky  : [1] xio.a(57): SCH: ConstraintMapping: 1-1337,  -> L: 500861ms, D: 42859185ms, C: false, I: false, N: 1
08-04 22:11:33.727  8429  8429 I Finsky  : [1] xio.a(57): SCH: ConstraintMapping: 3-197,  -> L: 0ms, D: 67737107ms, C: false, I: true, N: 2
08-04 22:11:33.728  8429  8429 I Finsky  : [1] xio.a(57): SCH: ConstraintMapping: 3-198,  -> L: 0ms, D: 67737166ms, C: true, I: true, N: 2
08-04 22:11:33.728  8429  8429 I Finsky  : [1] xio.a(57): SCH: ConstraintMapping: 26-1414141414,  -> L: 3772312ms, D: 4672312ms, C: false, I: false, N: 0
08-04 22:11:33.743  8429  8429 I Finsky  : [1] xle.a(34): Cancelling existing jobscheduler jobs: 9017 9012 9019 9013 9014 9010 9018 9011 9007 
08-04 22:11:33.744  8429  8429 I Finsky  : [1] xle.a(10): Throttling wakeup for job 9000 (expected to run in 0 ms) due to recent wakeup
08-04 22:11:33.744  8429  8429 I Finsky  : [1] xle.a(27): Scheduling job Id: 9000, L: 30000, D: 82706794, C: false, I: true, N: 0
08-04 22:11:33.746  8429  8429 I Finsky  : [1] xle.a(27): Scheduling job Id: 9001, L: 500861, D: 42859185, C: false, I: false, N: 1
08-04 22:11:33.748  8429  8429 I Finsky  : [1] xle.a(10): Throttling wakeup for job 9002 (expected to run in 0 ms) due to recent wakeup
08-04 22:11:33.749  8429  8429 I Finsky  : [1] xle.a(27): Scheduling job Id: 9002, L: 30000, D: 67737107, C: false, I: true, N: 2
08-04 22:11:33.751  8429  8429 I Finsky  : [1] xle.a(10): Throttling wakeup for job 9003 (expected to run in 0 ms) due to recent wakeup
08-04 22:11:33.751  8429  8429 I Finsky  : [1] xle.a(27): Scheduling job Id: 9003, L: 30000, D: 67737166, C: true, I: true, N: 2
08-04 22:11:33.753  8429  8429 I Finsky  : [1] xle.a(27): Scheduling job Id: 9004, L: 3772312, D: 4672312, C: false, I: false, N: 0
08-04 22:11:33.754  8429  8429 I Finsky  : [1] xle.a(10): Throttling wakeup for job 9005 (expected to run in 0 ms) due to recent wakeup
08-04 22:11:33.755  8429  8429 I Finsky  : [1] xle.a(27): Scheduling job Id: 9005, L: 30000, D: 82706794, C: false, I: true, N: 0
08-04 22:11:33.757  8429  8429 I Finsky  : [1] xle.a(27): Scheduling job Id: 9006, L: 500861, D: 42859185, C: false, I: false, N: 1
08-04 22:11:33.759  8429  8429 I Finsky  : [1] xle.a(10): Throttling wakeup for job 9009 (expected to run in 0 ms) due to recent wakeup
08-04 22:11:33.759  8429  8429 I Finsky  : [1] xle.a(27): Scheduling job Id: 9009, L: 30000, D: 67737107, C: false, I: true, N: 2
08-04 22:11:33.760  8429  8429 I Finsky  : [1] xle.a(10): Throttling wakeup for job 9015 (expected to run in 0 ms) due to recent wakeup
08-04 22:11:33.761  8429  8429 I Finsky  : [1] xle.a(27): Scheduling job Id: 9015, L: 30000, D: 67737166, C: true, I: true, N: 2
08-04 22:11:33.762  8429  8429 I Finsky  : [1] xle.a(27): Scheduling job Id: 9016, L: 3772312, D: 4672312, C: false, I: false, N: 0
08-04 22:11:33.865 31231 31244 I art     : Starting a blocking GC Explicit
08-04 22:11:33.914 31231 31244 I art     : Explicit concurrent mark sweep GC freed 1276(75KB) AllocSpace objects, 1(20KB) LOS objects, 32% free, 33MB/49MB, paused 205us total 48.938ms
08-04 22:11:33.932 31231 31244 I art     : Starting a blocking GC Explicit
08-04 22:11:33.940   512  2967 D audio_hw_primary: disable_audio_route: reset and update mixer path: low-latency-playback speaker
08-04 22:11:33.941   512  2967 D audio_hw_primary: disable_snd_device: snd_device(2: speaker)
08-04 22:11:33.950   512  2967 I soundtrigger: audio_extn_sound_trigger_update_device_status: device 0x2 of type 0 for Event 0
08-04 22:11:33.974 31231 31244 I art     : Explicit concurrent mark sweep GC freed 24(816B) AllocSpace objects, 0(0B) LOS objects, 32% free, 33MB/49MB, paused 182us total 42.123ms
08-04 22:11:33.994 31231 31244 I art     : Starting a blocking GC Explicit
08-04 22:11:34.043 31231 31244 I art     : Explicit concurrent mark sweep GC freed 5(160B) AllocSpace objects, 0(0B) LOS objects, 32% free, 33MB/49MB, paused 190us total 49.132ms
08-04 22:11:34.063 31231 31244 I art     : Starting a blocking GC Explicit
08-04 22:11:34.113 31231 31244 I art     : Explicit concurrent mark sweep GC freed 3(96B) AllocSpace objects, 0(0B) LOS objects, 32% free, 33MB/49MB, paused 205us total 50.105ms
08-04 22:11:34.132 31231 31244 I art     : Starting a blocking GC Explicit
08-04 22:11:34.183 31231 31244 I art     : Explicit concurrent mark sweep GC freed 3(96B) AllocSpace objects, 0(0B) LOS objects, 32% free, 33MB/49MB, paused 207us total 50.631ms
08-04 22:11:34.469 31231 31252 I art     : Starting a blocking GC Explicit
08-04 22:11:34.527 31231 31252 I art     : Explicit concurrent mark sweep GC freed 1281(75KB) AllocSpace objects, 1(20KB) LOS objects, 32% free, 33MB/49MB, paused 210us total 58.208ms
08-04 22:11:34.543 31231 31252 I art     : Starting a blocking GC Explicit
08-04 22:11:34.581 31231 31252 I art     : Explicit concurrent mark sweep GC freed 18(624B) AllocSpace objects, 0(0B) LOS objects, 32% free, 33MB/49MB, paused 209us total 37.956ms
08-04 22:11:34.597 31231 31252 I art     : Starting a blocking GC Explicit
08-04 22:11:34.638 31231 31252 I art     : Explicit concurrent mark sweep GC freed 3(96B) AllocSpace objects, 0(0B) LOS objects, 32% free, 33MB/49MB, paused 198us total 40.797ms
08-04 22:11:34.653 31231 31252 I art     : Starting a blocking GC Explicit
08-04 22:11:34.694 31231 31252 I art     : Explicit concurrent mark sweep GC freed 3(96B) AllocSpace objects, 0(0B) LOS objects, 32% free, 33MB/49MB, paused 193us total 40.825ms
08-04 22:11:34.710 31231 31252 I art     : Starting a blocking GC Explicit
08-04 22:11:34.751 31231 31252 I art     : Explicit concurrent mark sweep GC freed 3(96B) AllocSpace objects, 0(0B) LOS objects, 32% free, 33MB/49MB, paused 193us total 40.676ms
08-04 22:11:34.931 31643 31643 D AndroidRuntime: >>>>>> START com.android.internal.os.RuntimeInit uid 2000 <<<<<<
08-04 22:11:34.937 31643 31643 D AndroidRuntime: CheckJNI is OFF
08-04 22:11:34.972 31643 31643 D ICU     : No timezone override file found: /data/misc/zoneinfo/current/icu/icu_tzdata.dat
08-04 22:11:35.009 31643 31643 I Radio-JNI: register_android_hardware_Radio DONE
08-04 22:11:35.032 31643 31643 D AndroidRuntime: Calling main entry com.android.commands.input.Input
08-04 22:11:35.034 31643 31643 I Input   : injectMotionEvent: MotionEvent { action=ACTION_DOWN, actionButton=0, id[0]=0, x[0]=1197.0, y[0]=1456.0, toolType[0]=TOOL_TYPE_UNKNOWN, buttonState=0, metaState=0, flags=0x0, edgeFlags=0x0, pointerCount=1, historySize=0, eventTime=742311447, downTime=742311447, deviceId=0, source=0x1002 }
08-04 22:11:35.038 31643 31643 I Input   : injectMotionEvent: MotionEvent { action=ACTION_UP, actionButton=0, id[0]=0, x[0]=1197.0, y[0]=1456.0, toolType[0]=TOOL_TYPE_UNKNOWN, buttonState=0, metaState=0, flags=0x0, edgeFlags=0x0, pointerCount=1, historySize=0, eventTime=742311447, downTime=742311447, deviceId=0, source=0x1002 }
08-04 22:11:35.040 31643 31643 D AndroidRuntime: Shutting down VM
08-04 22:11:35.050   512  2967 D audio_hw_primary: out_set_parameters: enter: usecase(1: low-latency-playback) kvpairs: routing=2
08-04 22:11:35.051 31231 31244 I art     : Starting a blocking GC Explicit
08-04 22:11:35.063   512  2967 D audio_hw_primary: select_devices: out_snd_device(2: speaker) in_snd_device(0: none)
08-04 22:11:35.063   512  2967 D msm8974_platform: platform_send_audio_calibration: sending audio calibration for snd_device(2) acdb_id(15)
08-04 22:11:35.063   512  2967 I soundtrigger: audio_extn_sound_trigger_update_device_status: device 0x2 of type 0 for Event 1
08-04 22:11:35.073   512  2967 D audio_hw_primary: enable_snd_device: snd_device(2: speaker)
08-04 22:11:35.075   512  2967 D audio_hw_primary: enable_audio_route: apply and update mixer path: low-latency-playback speaker
08-04 22:11:35.078 31231 31246 D OpenGLRenderer: endAllStagingAnimators on 0x7f81314000 (RippleDrawable) with handle 0x7f7e16f4c0
08-04 22:11:35.087 31231 31231 I SettingsManager: Setting string: savedCourse
08-04 22:11:35.094   918  6110 W BackupManagerService: dataChanged but no participant pkg='baseline.com.ak.uobtimetable' uid=10659
08-04 22:11:35.095   918   928 I ActivityManager: START u0 {flg=0x4000000 cmp=baseline.com.ak.uobtimetable/.MainActivity (has extras)} from uid 10659 on display 0
08-04 22:11:35.097 31231 31244 I art     : Explicit concurrent mark sweep GC freed 4118(213KB) AllocSpace objects, 2(40KB) LOS objects, 32% free, 33MB/49MB, paused 290us total 46.574ms
08-04 22:11:35.109   918  3714 W InputMethodManagerService: Focus gain on non-focused client com.android.internal.view.IInputMethodClient$Stub$Proxy@b45724f (uid=10659 pid=31231)
08-04 22:11:35.113 31231 31244 I art     : Starting a blocking GC Explicit
08-04 22:11:35.117 31231 31231 D MainActivity: OnDestroy
08-04 22:11:35.135 31231 31231 D MainActivity: onCreate
08-04 22:11:35.135 31231 31231 I SettingsManager: Getting string: savedSessions
08-04 22:11:35.136 31231 31231 I Settings: No saved sessions
08-04 22:11:35.154 31231 31244 I art     : Explicit concurrent mark sweep GC freed 720(38KB) AllocSpace objects, 0(0B) LOS objects, 32% free, 33MB/49MB, paused 301us total 41.511ms
08-04 22:11:35.168 31231 31231 I SettingsManager: Getting string: savedCourse
08-04 22:11:35.169 31231 31231 D MainActivity: sessionListFragmentArg: updateSessions
08-04 22:11:35.169 31231 31231 D MainActivity: showTermDatesConfigChange: false
08-04 22:11:35.169 31231 31231 D MainActivity: showTermDatesShortcut: false
08-04 22:11:35.171 31231 31244 I art     : Starting a blocking GC Explicit
08-04 22:11:35.174 31231 31231 D MainActivity: Setting initial fragment: SessionListsFragment
08-04 22:11:35.177 31231 31231 I SettingsManager: Getting int: launchCount
08-04 22:11:35.181 31231 31231 D SessionListsFragment: onCreateView
08-04 22:11:35.193 31231 31231 I SettingsManager: Getting string: savedCourse
08-04 22:11:35.197 31231 31231 I SettingsManager: Getting string: savedSessions
08-04 22:11:35.197 31231 31231 D SessionListsFragment: loadArgument: updateSessions
08-04 22:11:35.197 31231 31231 D SessionListsFragment: initialIndex: -1
08-04 22:11:35.199 31231 31667 D HTTP    : Request for: https://uob-timetable-api.adriankeenan.co.uk/sessions?dept=BD002&course=CFIEFAAF%2F02AA%2F0%2FFT&level=ALL+Courses
08-04 22:11:35.201 31231 31231 I WebViewFactory: Loading com.google.android.webview version 84.0.4147.89 (code 414708953)
08-04 22:11:35.203   918  3261 D WifiStateMachine: starting scan for "H369AA63323"WPA_PSK with 2412,5180
08-04 22:11:35.217 31231 31244 I art     : Explicit concurrent mark sweep GC freed 6775(413KB) AllocSpace objects, 4(1436KB) LOS objects, 32% free, 33MB/49MB, paused 507us total 45.972ms
08-04 22:11:35.237 31231 31244 I art     : Starting a blocking GC Explicit
08-04 22:11:35.281 31231 31244 I art     : Explicit concurrent mark sweep GC freed 3647(325KB) AllocSpace objects, 1(20KB) LOS objects, 31% free, 34MB/50MB, paused 953us total 44.341ms
08-04 22:11:35.283 31231 31231 I cr_LibraryLoader: Loaded native library version number "84.0.4147.89"
08-04 22:11:35.284 31231 31231 I cr_CachingUmaRecorder: Flushed 5 samples from 5 histograms.
08-04 22:11:35.291   918  6110 I ActivityManager: Start proc 31673:com.google.android.webview:webview_service/u0a74 for service com.google.android.webview/org.chromium.android_webview.services.VariationsSeedServer
08-04 22:11:35.298 31231 31244 I art     : Starting a blocking GC Explicit
08-04 22:11:35.326 31231 31231 E chromium: [ERROR:filesystem_posix.cc(62)] mkdir /data/user/0/baseline.com.ak.uobtimetable/cache/WebView/Crashpad: No such file or directory (2)
08-04 22:11:35.329 31673 31673 I LoadedApk: No resource references to update in package com.google.android.webview_translations
08-04 22:11:35.340 31231 31244 I art     : Explicit concurrent mark sweep GC freed 1680(196KB) AllocSpace objects, 1(20KB) LOS objects, 31% free, 34MB/50MB, paused 745us total 42.047ms
08-04 22:11:35.404   918  5952 D ConnectivityService: listenForNetwork for Listen from uid/pid:10659/31231 for NetworkRequest [ id=2976, legacyType=-1, [ Capabilities: INTERNET&NOT_RESTRICTED&TRUSTED] ]
08-04 22:11:35.412 31231 31667 I NAPPA_EXPERIMENTATION: MetricNetworkRequestExecutionTime: REQUEST_DURATION_SYSTEM='210',REQUEST_DURATION_OKHTTP='30',REQUEST_SYNCHRONOUS='TRUE',RESPONSE_CODE='200',RESPONSE_METHOD='GET',RESPONSE_LENGTH_OKHTTP='-1',RESPONSE_LENGTH_HEADER='867',REQUEST_PROTOCOL='http/1.1',REQUEST_URL='https://uob-timetable-api.adriankeenan.co.uk/sessions?dept=BD002&course=CFIEFAAF%2F02AA%2F0%2FFT&level=ALL+Courses',
08-04 22:11:35.435 31231 31695 W cr_media: Requires BLUETOOTH permission
08-04 22:11:35.445 31231 31706 E libEGL  : validate_display:255 error 3008 (EGL_BAD_DISPLAY)
08-04 22:11:35.449 31231 31231 D TermDatesFragment: WebView loaded
08-04 22:11:35.449 31231 31231 D MainActivity: OnResume
08-04 22:11:35.452 31231 31667 I HTTP    : Response was compressed.
08-04 22:11:35.471 31231 31231 I TermDatesFragment: Webview load %: 10
08-04 22:11:35.478 31231 31667 I Service : getSessions response time: 1.12
08-04 22:11:35.557 31231 31231 I SettingsManager: Getting string: savedSessions
08-04 22:11:35.561   918   936 I ActivityManager: Displayed baseline.com.ak.uobtimetable/.MainActivity: +448ms
08-04 22:11:35.564 31231 31231 I SettingsManager: Setting string: savedSessions
08-04 22:11:35.569   918  3961 W BackupManagerService: dataChanged but no participant pkg='baseline.com.ak.uobtimetable' uid=10659
08-04 22:11:35.569 31231 31231 I SettingsManager: Setting date: savedSessionsTime
08-04 22:11:35.574   918  6029 W BackupManagerService: dataChanged but no participant pkg='baseline.com.ak.uobtimetable' uid=10659
08-04 22:11:35.574 31231 31231 I SettingsManager: Setting string: savedSessionsCourseName
08-04 22:11:35.579   918  6112 W BackupManagerService: dataChanged but no participant pkg='baseline.com.ak.uobtimetable' uid=10659
08-04 22:11:35.579 31231 31231 I SettingsManager: Setting string: savedSessionsDateRange
08-04 22:11:35.587   918  6110 W BackupManagerService: dataChanged but no participant pkg='baseline.com.ak.uobtimetable' uid=10659
08-04 22:11:35.587 31231 31231 I SettingsManager: Setting string: timetableUrl
08-04 22:11:35.592   918  5952 W BackupManagerService: dataChanged but no participant pkg='baseline.com.ak.uobtimetable' uid=10659
08-04 22:11:35.593 31231 31231 I SettingsManager: Getting boolean: notifySessionRemindersEnabled
08-04 22:11:35.593 31231 31231 I SettingsManager: Getting int: notifySessionRemindersMinutes
08-04 22:11:35.593 31231 31231 I SettingsManager: Getting boolean: showHiddenSessions
08-04 22:11:35.599 31231 31252 I art     : Starting a blocking GC Explicit
08-04 22:11:35.619   512  2967 D audio_hw_primary: disable_audio_route: reset and update mixer path: low-latency-playback speaker
08-04 22:11:35.621   512  2967 D audio_hw_primary: disable_snd_device: snd_device(2: speaker)
08-04 22:11:35.625 31231 31231 I SessionReminderNotifier: Created session reminder alarm for f7b4771250a919bd729c1c5a4a459c77 at Mon 08:30:00 10/08/20
08-04 22:11:35.627 31231 31231 I SessionReminderNotifier: Created session reminder alarm for a7f879aabdeb78622c8820a5fb7b64cd at Tue 08:30:00 11/08/20
08-04 22:11:35.628 31231 31231 I SessionReminderNotifier: Created session reminder alarm for 7bc8d7e2c2055711f597c3d9078c6ea3 at Tue 08:30:00 11/08/20
08-04 22:11:35.628   512  2967 I soundtrigger: audio_extn_sound_trigger_update_device_status: device 0x2 of type 0 for Event 0
08-04 22:11:35.629 31231 31231 I SessionReminderNotifier: Created session reminder alarm for e0fc978b5db8218778540b4053344581 at Tue 11:00:00 11/08/20
08-04 22:11:35.631 31231 31231 I SessionReminderNotifier: Created session reminder alarm for 21712fef61090882c855a1425543edb5 at Tue 13:30:00 11/08/20
08-04 22:11:35.632 31231 31231 I SessionReminderNotifier: Created session reminder alarm for 65ca4d97f031f29a4d02bbb45a705d8f at Wed 08:30:00 05/08/20
08-04 22:11:35.634 31231 31231 I SessionReminderNotifier: Created session reminder alarm for eeda7741b0bcab58fd9f46dc6ef1d942 at Wed 08:30:00 05/08/20
08-04 22:11:35.636 31231 31231 I SessionReminderNotifier: Created session reminder alarm for c276c1b2075a0beb67f1b3d1e580f920 at Wed 11:00:00 05/08/20
08-04 22:11:35.638 31231 31231 I SessionReminderNotifier: Created session reminder alarm for 79fe0b5c3b887a13ba29db5a33fa2800 at Thu 08:30:00 06/08/20
08-04 22:11:35.640 31231 31231 I SessionReminderNotifier: Created session reminder alarm for 2ba1034116e4fffdd592dbf0796a43d5 at Fri 08:30:00 07/08/20
08-04 22:11:35.640 31231 31231 I SettingsManager: Getting boolean: showHiddenSessions
08-04 22:11:35.642 31231 31231 D SessionListsFragment: 1 sessions for day 0
08-04 22:11:35.642 31231 31231 D SessionListsFragment: 4 sessions for day 1
08-04 22:11:35.642 31231 31231 D SessionListsFragment: 3 sessions for day 2
08-04 22:11:35.642 31231 31231 D SessionListsFragment: 1 sessions for day 3
08-04 22:11:35.642 31231 31231 D SessionListsFragment: 1 sessions for day 4
08-04 22:11:35.659 31231 31252 I art     : Explicit concurrent mark sweep GC freed 21733(1259KB) AllocSpace objects, 9(320KB) LOS objects, 30% free, 35MB/51MB, paused 1.228ms total 59.463ms
08-04 22:11:35.675 31231 31252 I art     : Starting a blocking GC Explicit
08-04 22:11:35.693 31231 31231 I SettingsManager: Getting boolean: showHiddenSessions
08-04 22:11:35.694 31231 31231 D SessionListsFragment: Refreshed ViewPager
08-04 22:11:35.694 31231 31231 I SettingsManager: Getting boolean: showHiddenSessions
08-04 22:11:35.695 31231 31231 I SettingsManager: Getting boolean: completedTutorial
08-04 22:11:35.708 31231 31231 I SettingsManager: Getting boolean: showHiddenSessions
08-04 22:11:35.708 31231 31231 I SettingsManager: Getting date: savedSessionsTime
08-04 22:11:35.719 13866 13866 I GoogleInputMethodServic: GoogleInputMethodService.onFinishInput():3138 
08-04 22:11:35.720 13866 13866 I GoogleInputMethodServic: GoogleInputMethodService.onStartInput():1808 
08-04 22:11:35.727 31231 31252 I art     : Explicit concurrent mark sweep GC freed 6669(593KB) AllocSpace objects, 2(120KB) LOS objects, 30% free, 36MB/52MB, paused 1.739ms total 51.280ms
08-04 22:11:35.743 31231 31252 I art     : Starting a blocking GC Explicit
08-04 22:11:35.796 31231 31252 I art     : Explicit concurrent mark sweep GC freed 32428(1381KB) AllocSpace objects, 1(80KB) LOS objects, 30% free, 36MB/52MB, paused 1.220ms total 52.333ms
08-04 22:11:35.813 31231 31252 I art     : Starting a blocking GC Explicit
08-04 22:11:35.863 31231 31252 I art     : Explicit concurrent mark sweep GC freed 28887(1249KB) AllocSpace objects, 0(0B) LOS objects, 30% free, 36MB/52MB, paused 859us total 50.311ms
08-04 22:11:35.879 31231 31252 I art     : Starting a blocking GC Explicit
08-04 22:11:35.932 31231 31252 I art     : Explicit concurrent mark sweep GC freed 29315(1207KB) AllocSpace objects, 0(0B) LOS objects, 30% free, 36MB/52MB, paused 1.178ms total 53.124ms
08-04 22:11:36.217 31231 31666 I art     : Starting a blocking GC Explicit
08-04 22:11:36.280 31231 31231 I TermDatesFragment: Webview load %: 70
08-04 22:11:36.285 31231 31666 I art     : Explicit concurrent mark sweep GC freed 96228(3MB) AllocSpace objects, 1(20KB) LOS objects, 30% free, 36MB/52MB, paused 576us total 67.436ms
08-04 22:11:36.303 31231 31666 I art     : Starting a blocking GC Explicit
08-04 22:11:36.315 31231 31231 I TermDatesFragment: Webview load %: 100
08-04 22:11:36.318 31231 31231 I TermDatesFragment: Webview load %: 100
08-04 22:11:36.354 31231 31666 I art     : Explicit concurrent mark sweep GC freed 2306(224KB) AllocSpace objects, 0(0B) LOS objects, 30% free, 36MB/52MB, paused 307us total 50.973ms
08-04 22:11:36.371 31231 31666 I art     : Starting a blocking GC Explicit
08-04 22:11:36.419 31231 31666 I art     : Explicit concurrent mark sweep GC freed 33(1536B) AllocSpace objects, 0(0B) LOS objects, 30% free, 36MB/52MB, paused 272us total 47.755ms
08-04 22:11:36.435 31231 31666 I art     : Starting a blocking GC Explicit
08-04 22:11:36.485 31231 31666 I art     : Explicit concurrent mark sweep GC freed 47(2160B) AllocSpace objects, 0(0B) LOS objects, 30% free, 36MB/52MB, paused 305us total 49.301ms
08-04 22:11:36.502 31231 31666 I art     : Starting a blocking GC Explicit
08-04 22:11:36.544 31231 31666 I art     : Explicit concurrent mark sweep GC freed 121702(11MB) AllocSpace objects, 3(136KB) LOS objects, 38% free, 25MB/41MB, paused 290us total 42.232ms
08-04 22:11:36.830 31231 31244 I art     : Starting a blocking GC Explicit
08-04 22:11:36.861 31231 31244 I art     : Explicit concurrent mark sweep GC freed 1290(75KB) AllocSpace objects, 1(20KB) LOS objects, 38% free, 25MB/41MB, paused 326us total 30.700ms
08-04 22:11:36.873 31231 31244 I art     : Starting a blocking GC Explicit
08-04 22:11:36.903 31231 31244 I art     : Explicit concurrent mark sweep GC freed 18(624B) AllocSpace objects, 0(0B) LOS objects, 38% free, 25MB/41MB, paused 320us total 29.520ms
08-04 22:11:36.914 31231 31244 I art     : Starting a blocking GC Explicit
08-04 22:11:36.944 31231 31244 I art     : Explicit concurrent mark sweep GC freed 3(96B) AllocSpace objects, 0(0B) LOS objects, 38% free, 25MB/41MB, paused 316us total 29.903ms
08-04 22:11:36.956 31231 31244 I art     : Starting a blocking GC Explicit
08-04 22:11:36.986 31231 31244 I art     : Explicit concurrent mark sweep GC freed 3(96B) AllocSpace objects, 0(0B) LOS objects, 38% free, 25MB/41MB, paused 391us total 30.423ms
08-04 22:11:36.999 31231 31244 I art     : Starting a blocking GC Explicit
08-04 22:11:37.028 31231 31244 I art     : Explicit concurrent mark sweep GC freed 3(96B) AllocSpace objects, 0(0B) LOS objects, 38% free, 25MB/41MB, paused 314us total 29.691ms
08-04 22:11:37.195   518   646 I ThermalEngine: ACTION: GPU - Setting GPU[0] to 450000000
08-04 22:11:37.353 25039 25039 I ServiceManager: Waiting for service AtCmdFwd...
08-04 22:11:37.379 31231 31666 I art     : Starting a blocking GC Explicit
08-04 22:11:37.421 31231 31666 I art     : Explicit concurrent mark sweep GC freed 1387(78KB) AllocSpace objects, 1(20KB) LOS objects, 38% free, 25MB/41MB, paused 542us total 41.552ms
08-04 22:11:37.438 31231 31666 I art     : Starting a blocking GC Explicit
08-04 22:11:37.480 31231 31666 I art     : Explicit concurrent mark sweep GC freed 53(1760B) AllocSpace objects, 0(0B) LOS objects, 38% free, 25MB/41MB, paused 476us total 41.865ms
08-04 22:11:37.497 31231 31666 I art     : Starting a blocking GC Explicit
08-04 22:11:37.537 31231 31666 I art     : Explicit concurrent mark sweep GC freed 28(896B) AllocSpace objects, 0(0B) LOS objects, 38% free, 25MB/41MB, paused 585us total 40.106ms
08-04 22:11:37.553 31231 31666 I art     : Starting a blocking GC Explicit
08-04 22:11:37.592 31231 31666 I art     : Explicit concurrent mark sweep GC freed 6(224B) AllocSpace objects, 0(0B) LOS objects, 38% free, 25MB/41MB, paused 388us total 39.470ms
08-04 22:11:37.607 31231 31666 I art     : Starting a blocking GC Explicit
08-04 22:11:37.646 31231 31666 I art     : Explicit concurrent mark sweep GC freed 3(96B) AllocSpace objects, 0(0B) LOS objects, 38% free, 25MB/41MB, paused 382us total 38.748ms
08-04 22:11:38.001 31231 31243 I art     : Starting a blocking GC Explicit
08-04 22:11:38.054 31231 31243 I art     : Explicit concurrent mark sweep GC freed 1322(76KB) AllocSpace objects, 1(20KB) LOS objects, 38% free, 25MB/41MB, paused 482us total 52.213ms
08-04 22:11:38.070 31231 31243 I art     : Starting a blocking GC Explicit
08-04 22:11:38.111 31231 31243 I art     : Explicit concurrent mark sweep GC freed 19(688B) AllocSpace objects, 0(0B) LOS objects, 38% free, 25MB/41MB, paused 381us total 40.471ms
08-04 22:11:38.128 31231 31243 I art     : Starting a blocking GC Explicit
08-04 22:11:38.163 31231 31243 I art     : Explicit concurrent mark sweep GC freed 3(96B) AllocSpace objects, 0(0B) LOS objects, 38% free, 25MB/41MB, paused 401us total 34.472ms
08-04 22:11:38.177 31231 31243 I art     : Starting a blocking GC Explicit
08-04 22:11:38.214 31231 31243 I art     : Explicit concurrent mark sweep GC freed 3(96B) AllocSpace objects, 0(0B) LOS objects, 38% free, 25MB/41MB, paused 422us total 36.766ms
08-04 22:11:38.229 31231 31243 I art     : Starting a blocking GC Explicit
08-04 22:11:38.270 31231 31243 I art     : Explicit concurrent mark sweep GC freed 3(96B) AllocSpace objects, 0(0B) LOS objects, 38% free, 25MB/41MB, paused 425us total 40.144ms
08-04 22:11:38.354 25039 25039 I ServiceManager: Waiting for service AtCmdFwd...
08-04 22:11:38.595 31231 31252 I art     : Starting a blocking GC Explicit
08-04 22:11:38.647 31231 31252 I art     : Explicit concurrent mark sweep GC freed 1293(75KB) AllocSpace objects, 1(20KB) LOS objects, 38% free, 25MB/41MB, paused 459us total 51.760ms
08-04 22:11:38.665 31231 31252 I art     : Starting a blocking GC Explicit
08-04 22:11:38.706 31231 31252 I art     : Explicit concurrent mark sweep GC freed 18(624B) AllocSpace objects, 0(0B) LOS objects, 38% free, 25MB/41MB, paused 408us total 40.363ms
08-04 22:11:38.721 31231 31252 I art     : Starting a blocking GC Explicit
08-04 22:11:38.762 31231 31252 I art     : Explicit concurrent mark sweep GC freed 3(96B) AllocSpace objects, 0(0B) LOS objects, 38% free, 25MB/41MB, paused 427us total 40.913ms
08-04 22:11:38.778 31231 31252 I art     : Starting a blocking GC Explicit
08-04 22:11:38.817 31231 31252 I art     : Explicit concurrent mark sweep GC freed 3(96B) AllocSpace objects, 0(0B) LOS objects, 38% free, 25MB/41MB, paused 509us total 39.421ms
08-04 22:11:38.832 31231 31252 I art     : Starting a blocking GC Explicit
08-04 22:11:38.875 31231 31252 I art     : Explicit concurrent mark sweep GC freed 3(96B) AllocSpace objects, 0(0B) LOS objects, 38% free, 25MB/41MB, paused 424us total 42.571ms
08-04 22:11:39.224 31231 31666 I art     : Starting a blocking GC Explicit
08-04 22:11:39.276 31231 31666 I art     : Explicit concurrent mark sweep GC freed 1297(75KB) AllocSpace objects, 1(20KB) LOS objects, 38% free, 25MB/41MB, paused 878us total 51.261ms
08-04 22:11:39.291 31231 31666 I art     : Starting a blocking GC Explicit
08-04 22:11:39.324 31231 31666 I art     : Explicit concurrent mark sweep GC freed 32(1728B) AllocSpace objects, 0(0B) LOS objects, 38% free, 25MB/41MB, paused 397us total 32.608ms
08-04 22:11:39.339 31231 31666 I art     : Starting a blocking GC Explicit
08-04 22:11:39.355 25039 25039 I ServiceManager: Waiting for service AtCmdFwd...
08-04 22:11:39.373 31231 31666 I art     : Explicit concurrent mark sweep GC freed 3(96B) AllocSpace objects, 0(0B) LOS objects, 38% free, 25MB/41MB, paused 400us total 33.783ms
08-04 22:11:39.387 31231 31666 I art     : Starting a blocking GC Explicit
08-04 22:11:39.422 31231 31666 I art     : Explicit concurrent mark sweep GC freed 4(112B) AllocSpace objects, 0(0B) LOS objects, 38% free, 25MB/41MB, paused 397us total 34.053ms
08-04 22:11:39.437 31231 31666 I art     : Starting a blocking GC Explicit
08-04 22:11:39.471 31231 31666 I art     : Explicit concurrent mark sweep GC freed 8(240B) AllocSpace objects, 0(0B) LOS objects, 38% free, 25MB/41MB, paused 377us total 33.960ms
08-04 22:11:39.791 31231 31244 I art     : Starting a blocking GC Explicit
08-04 22:11:39.813 31797 31797 D AndroidRuntime: >>>>>> START com.android.internal.os.RuntimeInit uid 2000 <<<<<<
08-04 22:11:39.820 31797 31797 D AndroidRuntime: CheckJNI is OFF
08-04 22:11:39.839 31231 31244 I art     : Explicit concurrent mark sweep GC freed 1372(78KB) AllocSpace objects, 1(20KB) LOS objects, 38% free, 25MB/41MB, paused 663us total 46.956ms
08-04 22:11:39.854 31231 31244 I art     : Starting a blocking GC Explicit
08-04 22:11:39.872 31797 31797 D ICU     : No timezone override file found: /data/misc/zoneinfo/current/icu/icu_tzdata.dat
08-04 22:11:39.891 31231 31244 I art     : Explicit concurrent mark sweep GC freed 165(10KB) AllocSpace objects, 0(0B) LOS objects, 38% free, 25MB/41MB, paused 404us total 36.851ms
08-04 22:11:39.906 31231 31244 I art     : Starting a blocking GC Explicit
08-04 22:11:39.919 31797 31797 I Radio-JNI: register_android_hardware_Radio DONE
08-04 22:11:39.943 31231 31244 I art     : Explicit concurrent mark sweep GC freed 3(96B) AllocSpace objects, 0(0B) LOS objects, 38% free, 25MB/41MB, paused 428us total 37.218ms
08-04 22:11:39.949 31797 31797 D AndroidRuntime: Calling main entry com.android.commands.input.Input
08-04 22:11:39.952 31797 31797 I Input   : injectMotionEvent: MotionEvent { action=ACTION_DOWN, actionButton=0, id[0]=0, x[0]=1215.0, y[0]=1450.0, toolType[0]=TOOL_TYPE_UNKNOWN, buttonState=0, metaState=0, flags=0x0, edgeFlags=0x0, pointerCount=1, historySize=0, eventTime=742316364, downTime=742316364, deviceId=0, source=0x1002 }
08-04 22:11:39.957 31231 31244 I art     : Starting a blocking GC Explicit
08-04 22:11:39.958 31797 31797 I Input   : injectMotionEvent: MotionEvent { action=ACTION_UP, actionButton=0, id[0]=0, x[0]=1215.0, y[0]=1450.0, toolType[0]=TOOL_TYPE_UNKNOWN, buttonState=0, metaState=0, flags=0x0, edgeFlags=0x0, pointerCount=1, historySize=0, eventTime=742316364, downTime=742316364, deviceId=0, source=0x1002 }
08-04 22:11:39.959 31797 31797 D AndroidRuntime: Shutting down VM
08-04 22:11:39.975   512  2967 D audio_hw_primary: out_set_parameters: enter: usecase(1: low-latency-playback) kvpairs: routing=2
08-04 22:11:39.988   512  2967 D audio_hw_primary: select_devices: out_snd_device(2: speaker) in_snd_device(0: none)
08-04 22:11:39.988   512  2967 D msm8974_platform: platform_send_audio_calibration: sending audio calibration for snd_device(2) acdb_id(15)
08-04 22:11:39.989   512  2967 I soundtrigger: audio_extn_sound_trigger_update_device_status: device 0x2 of type 0 for Event 1
08-04 22:11:39.998 31231 31244 I art     : Explicit concurrent mark sweep GC freed 135(8KB) AllocSpace objects, 0(0B) LOS objects, 38% free, 25MB/41MB, paused 957us total 40.568ms
08-04 22:11:40.003   512  2967 D audio_hw_primary: enable_snd_device: snd_device(2: speaker)
08-04 22:11:40.006   512  2967 D audio_hw_primary: enable_audio_route: apply and update mixer path: low-latency-playback speaker
08-04 22:11:40.013 31231 31244 I art     : Starting a blocking GC Explicit
08-04 22:11:40.049 31231 31244 I art     : Explicit concurrent mark sweep GC freed 244(24KB) AllocSpace objects, 0(0B) LOS objects, 38% free, 25MB/41MB, paused 727us total 35.988ms
08-04 22:11:40.354 31231 31243 I art     : Starting a blocking GC Explicit
08-04 22:11:40.355 25039 25039 I ServiceManager: Waiting for service AtCmdFwd...
08-04 22:11:40.399 31231 31243 I art     : Explicit concurrent mark sweep GC freed 1534(90KB) AllocSpace objects, 1(20KB) LOS objects, 38% free, 25MB/41MB, paused 484us total 44.869ms
08-04 22:11:40.419 31231 31243 I art     : Starting a blocking GC Explicit
08-04 22:11:40.455 31231 31243 I art     : Explicit concurrent mark sweep GC freed 846(61KB) AllocSpace objects, 1(40KB) LOS objects, 38% free, 25MB/41MB, paused 419us total 35.780ms
08-04 22:11:40.469 31231 31243 I art     : Starting a blocking GC Explicit
08-04 22:11:40.503 31231 31243 I art     : Explicit concurrent mark sweep GC freed 3(96B) AllocSpace objects, 0(0B) LOS objects, 38% free, 25MB/41MB, paused 406us total 33.965ms
08-04 22:11:40.518 31231 31243 I art     : Starting a blocking GC Explicit
08-04 22:11:40.539   512  2967 D audio_hw_primary: disable_audio_route: reset and update mixer path: low-latency-playback speaker
08-04 22:11:40.540   512  2967 D audio_hw_primary: disable_snd_device: snd_device(2: speaker)
08-04 22:11:40.547   512  2967 I soundtrigger: audio_extn_sound_trigger_update_device_status: device 0x2 of type 0 for Event 0
08-04 22:11:40.553 31231 31243 I art     : Explicit concurrent mark sweep GC freed 3(96B) AllocSpace objects, 0(0B) LOS objects, 38% free, 25MB/41MB, paused 410us total 34.783ms
08-04 22:11:40.567 31231 31243 I art     : Starting a blocking GC Explicit
08-04 22:11:40.603 31231 31243 I art     : Explicit concurrent mark sweep GC freed 5(176B) AllocSpace objects, 0(0B) LOS objects, 38% free, 25MB/41MB, paused 417us total 36.056ms
08-04 22:11:40.720 13866 13882 I PeriodicStatsRunner: PeriodicStatsRunner.call():175 call()
08-04 22:11:40.720 13866 13882 I PeriodicStatsRunner: PeriodicStatsRunner.call():179 No submit PeriodicStats since input started.
08-04 22:11:40.925 31231 31252 I art     : Starting a blocking GC Explicit
08-04 22:11:40.970 31231 31252 I art     : Explicit concurrent mark sweep GC freed 1293(75KB) AllocSpace objects, 1(20KB) LOS objects, 38% free, 25MB/41MB, paused 437us total 45.413ms
08-04 22:11:40.989 31231 31252 I art     : Starting a blocking GC Explicit
08-04 22:11:41.025 31231 31252 I art     : Explicit concurrent mark sweep GC freed 18(624B) AllocSpace objects, 0(0B) LOS objects, 38% free, 25MB/41MB, paused 398us total 36.236ms
08-04 22:11:41.039 31231 31252 I art     : Starting a blocking GC Explicit
08-04 22:11:41.076 31231 31252 I art     : Explicit concurrent mark sweep GC freed 3(96B) AllocSpace objects, 0(0B) LOS objects, 38% free, 25MB/41MB, paused 411us total 36.376ms
08-04 22:11:41.090 31231 31252 I art     : Starting a blocking GC Explicit
08-04 22:11:41.128 31231 31252 I art     : Explicit concurrent mark sweep GC freed 3(96B) AllocSpace objects, 0(0B) LOS objects, 38% free, 25MB/41MB, paused 424us total 36.901ms
08-04 22:11:41.142 31231 31252 I art     : Starting a blocking GC Explicit
08-04 22:11:41.180 31231 31252 I art     : Explicit concurrent mark sweep GC freed 3(96B) AllocSpace objects, 0(0B) LOS objects, 38% free, 25MB/41MB, paused 423us total 37.381ms
08-04 22:11:41.200   518   646 I ThermalEngine: ACTION: GPU - Setting GPU[0] to 510000000
08-04 22:11:41.356 25039 25039 I ServiceManager: Waiting for service AtCmdFwd...
08-04 22:11:41.463 31231 31244 I art     : Starting a blocking GC Explicit
08-04 22:11:41.494 31231 31244 I art     : Explicit concurrent mark sweep GC freed 1293(75KB) AllocSpace objects, 1(20KB) LOS objects, 38% free, 25MB/41MB, paused 329us total 30.145ms
08-04 22:11:41.505 31231 31244 I art     : Starting a blocking GC Explicit
08-04 22:11:41.536 31231 31244 I art     : Explicit concurrent mark sweep GC freed 18(624B) AllocSpace objects, 0(0B) LOS objects, 38% free, 25MB/41MB, paused 321us total 30.186ms
08-04 22:11:41.547 31231 31244 I art     : Starting a blocking GC Explicit
08-04 22:11:41.575 31231 31244 I art     : Explicit concurrent mark sweep GC freed 3(96B) AllocSpace objects, 0(0B) LOS objects, 38% free, 25MB/41MB, paused 310us total 28.154ms
08-04 22:11:41.586 31231 31244 I art     : Starting a blocking GC Explicit
08-04 22:11:41.615 31231 31244 I art     : Explicit concurrent mark sweep GC freed 3(96B) AllocSpace objects, 0(0B) LOS objects, 38% free, 25MB/41MB, paused 323us total 28.368ms
08-04 22:11:41.629 31231 31244 I art     : Starting a blocking GC Explicit
08-04 22:11:41.632 31840 31840 D AndroidRuntime: >>>>>> START com.android.internal.os.RuntimeInit uid 2000 <<<<<<
08-04 22:11:41.637 31840 31840 D AndroidRuntime: CheckJNI is OFF
08-04 22:11:41.658 31231 31244 I art     : Explicit concurrent mark sweep GC freed 7(224B) AllocSpace objects, 0(0B) LOS objects, 38% free, 25MB/41MB, paused 347us total 29.153ms
08-04 22:11:41.676 31840 31840 D ICU     : No timezone override file found: /data/misc/zoneinfo/current/icu/icu_tzdata.dat
08-04 22:11:41.707 31840 31840 I Radio-JNI: register_android_hardware_Radio DONE
08-04 22:11:41.728 31840 31840 D AndroidRuntime: Calling main entry com.android.commands.input.Input
08-04 22:11:41.730 31840 31840 I Input   : injectMotionEvent: MotionEvent { action=ACTION_DOWN, actionButton=0, id[0]=0, x[0]=1215.0, y[0]=1482.0, toolType[0]=TOOL_TYPE_UNKNOWN, buttonState=0, metaState=0, flags=0x0, edgeFlags=0x0, pointerCount=1, historySize=0, eventTime=742318143, downTime=742318143, deviceId=0, source=0x1002 }
08-04 22:11:41.737 31840 31840 I Input   : injectMotionEvent: MotionEvent { action=ACTION_UP, actionButton=0, id[0]=0, x[0]=1215.0, y[0]=1482.0, toolType[0]=TOOL_TYPE_UNKNOWN, buttonState=0, metaState=0, flags=0x0, edgeFlags=0x0, pointerCount=1, historySize=0, eventTime=742318143, downTime=742318143, deviceId=0, source=0x1002 }
08-04 22:11:41.740 31840 31840 D AndroidRuntime: Shutting down VM
08-04 22:11:41.759   512  2967 D audio_hw_primary: out_set_parameters: enter: usecase(1: low-latency-playback) kvpairs: routing=2
08-04 22:11:41.773   512  2967 D audio_hw_primary: select_devices: out_snd_device(2: speaker) in_snd_device(0: none)
08-04 22:11:41.773   512  2967 D msm8974_platform: platform_send_audio_calibration: sending audio calibration for snd_device(2) acdb_id(15)
08-04 22:11:41.773   512  2967 I soundtrigger: audio_extn_sound_trigger_update_device_status: device 0x2 of type 0 for Event 1
08-04 22:11:41.774 31231 31231 I SettingsManager: Setting boolean: completedTutorial
08-04 22:11:41.783   918  4413 W BackupManagerService: dataChanged but no participant pkg='baseline.com.ak.uobtimetable' uid=10659
08-04 22:11:41.785   512  2967 D audio_hw_primary: enable_snd_device: snd_device(2: speaker)
08-04 22:11:41.788   512  2967 D audio_hw_primary: enable_audio_route: apply and update mixer path: low-latency-playback speaker
08-04 22:11:41.818 31231 31246 D OpenGLRenderer: endAllStagingAnimators on 0x7f94a6ac00 (RippleDrawable) with handle 0x7f7a10ed00
08-04 22:11:41.823   918  3359 W InputMethodManagerService: Window already focused, ignoring focus gain of: com.android.internal.view.IInputMethodClient$Stub$Proxy@217fa6c attribute=null, token = android.os.BinderProxy@dd4ad10
08-04 22:11:41.926 31231 31243 I art     : Starting a blocking GC Explicit
08-04 22:11:41.963 31231 31243 I art     : Explicit concurrent mark sweep GC freed 1722(109KB) AllocSpace objects, 2(40KB) LOS objects, 38% free, 25MB/41MB, paused 470us total 36.199ms
08-04 22:11:41.970   918   927 I art     : Background partial concurrent mark sweep GC freed 61782(6MB) AllocSpace objects, 108(2MB) LOS objects, 18% free, 69MB/85MB, paused 2.608ms total 210.167ms
08-04 22:11:41.976 31231 31243 I art     : Starting a blocking GC Explicit
08-04 22:11:42.004 31231 31243 I art     : Explicit concurrent mark sweep GC freed 1042(70KB) AllocSpace objects, 1(40KB) LOS objects, 38% free, 25MB/41MB, paused 292us total 27.529ms
08-04 22:11:42.015 31231 31243 I art     : Starting a blocking GC Explicit
08-04 22:11:42.041 31231 31243 I art     : Explicit concurrent mark sweep GC freed 3(96B) AllocSpace objects, 0(0B) LOS objects, 38% free, 25MB/41MB, paused 283us total 25.939ms
08-04 22:11:42.053 31231 31243 I art     : Starting a blocking GC Explicit
08-04 22:11:42.078 31231 31243 I art     : Explicit concurrent mark sweep GC freed 18(656B) AllocSpace objects, 0(0B) LOS objects, 38% free, 25MB/41MB, paused 280us total 24.916ms
08-04 22:11:42.088 31231 31243 I art     : Starting a blocking GC Explicit
08-04 22:11:42.114 31231 31243 I art     : Explicit concurrent mark sweep GC freed 3(96B) AllocSpace objects, 0(0B) LOS objects, 38% free, 25MB/41MB, paused 306us total 25.892ms
08-04 22:11:42.328   512  2967 D audio_hw_primary: disable_audio_route: reset and update mixer path: low-latency-playback speaker
08-04 22:11:42.329   512  2967 D audio_hw_primary: disable_snd_device: snd_device(2: speaker)
08-04 22:11:42.338   512  2967 I soundtrigger: audio_extn_sound_trigger_update_device_status: device 0x2 of type 0 for Event 0
08-04 22:11:42.356 25039 25039 W Atfwd_Sendcmd: AtCmdFwd service not published, waiting... retryCnt : 5
08-04 22:11:42.416 31231 31252 I art     : Starting a blocking GC Explicit
08-04 22:11:42.454 31231 31252 I art     : Explicit concurrent mark sweep GC freed 1293(75KB) AllocSpace objects, 1(20KB) LOS objects, 38% free, 25MB/41MB, paused 343us total 37.866ms
08-04 22:11:42.455 31231 31242 I art     : WaitForGcToComplete blocked for 33.446ms for cause HeapTrim
08-04 22:11:42.469 31231 31252 I art     : Starting a blocking GC Explicit
08-04 22:11:42.499 31231 31252 I art     : Explicit concurrent mark sweep GC freed 18(624B) AllocSpace objects, 0(0B) LOS objects, 38% free, 25MB/41MB, paused 337us total 30.208ms
08-04 22:11:42.511 31231 31252 I art     : Starting a blocking GC Explicit
08-04 22:11:42.541 31231 31252 I art     : Explicit concurrent mark sweep GC freed 3(96B) AllocSpace objects, 0(0B) LOS objects, 38% free, 25MB/41MB, paused 315us total 30.478ms
08-04 22:11:42.553 31231 31252 I art     : Starting a blocking GC Explicit
08-04 22:11:42.583 31231 31252 I art     : Explicit concurrent mark sweep GC freed 3(96B) AllocSpace objects, 0(0B) LOS objects, 38% free, 25MB/41MB, paused 317us total 29.531ms
08-04 22:11:42.594 31231 31252 I art     : Starting a blocking GC Explicit
08-04 22:11:42.624 31231 31252 I art     : Explicit concurrent mark sweep GC freed 3(96B) AllocSpace objects, 0(0B) LOS objects, 38% free, 25MB/41MB, paused 323us total 29.340ms
08-04 22:11:42.927 31231 31666 I art     : Starting a blocking GC Explicit
08-04 22:11:42.966 31231 31666 I art     : Explicit concurrent mark sweep GC freed 1293(75KB) AllocSpace objects, 1(20KB) LOS objects, 38% free, 25MB/41MB, paused 355us total 38.444ms
08-04 22:11:42.980 31231 31666 I art     : Starting a blocking GC Explicit
08-04 22:11:43.009 31231 31666 I art     : Explicit concurrent mark sweep GC freed 18(624B) AllocSpace objects, 0(0B) LOS objects, 38% free, 25MB/41MB, paused 321us total 28.771ms
08-04 22:11:43.020 31231 31666 I art     : Starting a blocking GC Explicit
08-04 22:11:43.049 31231 31666 I art     : Explicit concurrent mark sweep GC freed 3(96B) AllocSpace objects, 0(0B) LOS objects, 38% free, 25MB/41MB, paused 351us total 28.063ms
08-04 22:11:43.060 31231 31666 I art     : Starting a blocking GC Explicit
08-04 22:11:43.088 31231 31666 I art     : Explicit concurrent mark sweep GC freed 3(96B) AllocSpace objects, 0(0B) LOS objects, 38% free, 25MB/41MB, paused 373us total 27.775ms
08-04 22:11:43.099 31231 31666 I art     : Starting a blocking GC Explicit
08-04 22:11:43.126 31231 31666 I art     : Explicit concurrent mark sweep GC freed 3(96B) AllocSpace objects, 0(0B) LOS objects, 38% free, 25MB/41MB, paused 335us total 27.276ms
08-04 22:11:43.400 31894 31894 D AndroidRuntime: >>>>>> START com.android.internal.os.RuntimeInit uid 2000 <<<<<<
08-04 22:11:43.405 31894 31894 D AndroidRuntime: CheckJNI is OFF
08-04 22:11:43.406 31231 31244 I art     : Starting a blocking GC Explicit
08-04 22:11:43.436 31231 31244 I art     : Explicit concurrent mark sweep GC freed 1293(75KB) AllocSpace objects, 1(20KB) LOS objects, 38% free, 25MB/41MB, paused 337us total 29.498ms
08-04 22:11:43.442 31894 31894 D ICU     : No timezone override file found: /data/misc/zoneinfo/current/icu/icu_tzdata.dat
08-04 22:11:43.448 31231 31244 I art     : Starting a blocking GC Explicit
08-04 22:11:43.475 31894 31894 I Radio-JNI: register_android_hardware_Radio DONE
08-04 22:11:43.476 31231 31244 I art     : Explicit concurrent mark sweep GC freed 18(624B) AllocSpace objects, 0(0B) LOS objects, 38% free, 25MB/41MB, paused 330us total 27.527ms
08-04 22:11:43.487 31231 31244 I art     : Starting a blocking GC Explicit
08-04 22:11:43.497 31894 31894 D AndroidRuntime: Calling main entry com.android.commands.input.Input
08-04 22:11:43.499 31894 31894 I Input   : injectMotionEvent: MotionEvent { action=ACTION_DOWN, actionButton=0, id[0]=0, x[0]=81.0, y[0]=176.0, toolType[0]=TOOL_TYPE_UNKNOWN, buttonState=0, metaState=0, flags=0x0, edgeFlags=0x0, pointerCount=1, historySize=0, eventTime=742319911, downTime=742319911, deviceId=0, source=0x1002 }
08-04 22:11:43.504 31894 31894 I Input   : injectMotionEvent: MotionEvent { action=ACTION_UP, actionButton=0, id[0]=0, x[0]=81.0, y[0]=176.0, toolType[0]=TOOL_TYPE_UNKNOWN, buttonState=0, metaState=0, flags=0x0, edgeFlags=0x0, pointerCount=1, historySize=0, eventTime=742319911, downTime=742319911, deviceId=0, source=0x1002 }
08-04 22:11:43.506 31894 31894 D AndroidRuntime: Shutting down VM
08-04 22:11:43.514 31231 31244 I art     : Explicit concurrent mark sweep GC freed 22(688B) AllocSpace objects, 0(0B) LOS objects, 38% free, 25MB/41MB, paused 381us total 26.772ms
08-04 22:11:43.525   512  2967 D audio_hw_primary: out_set_parameters: enter: usecase(1: low-latency-playback) kvpairs: routing=2
08-04 22:11:43.526 31231 31244 I art     : Starting a blocking GC Explicit
08-04 22:11:43.537   512  2967 D audio_hw_primary: select_devices: out_snd_device(2: speaker) in_snd_device(0: none)
08-04 22:11:43.538   512  2967 D msm8974_platform: platform_send_audio_calibration: sending audio calibration for snd_device(2) acdb_id(15)
08-04 22:11:43.538   512  2967 I soundtrigger: audio_extn_sound_trigger_update_device_status: device 0x2 of type 0 for Event 1
08-04 22:11:43.552   512  2967 D audio_hw_primary: enable_snd_device: snd_device(2: speaker)
08-04 22:11:43.553 31231 31244 I art     : Explicit concurrent mark sweep GC freed 25(944B) AllocSpace objects, 0(0B) LOS objects, 38% free, 25MB/41MB, paused 342us total 26.744ms
08-04 22:11:43.554   512  2967 D audio_hw_primary: enable_audio_route: apply and update mixer path: low-latency-playback speaker
08-04 22:11:43.563 31231 31244 I art     : Starting a blocking GC Explicit
08-04 22:11:43.578 13866 13866 I GoogleInputMethodServic: GoogleInputMethodService.onFinishInput():3138 
08-04 22:11:43.579 13866 13866 I GoogleInputMethodServic: GoogleInputMethodService.onStartInput():1808 
08-04 22:11:43.591 31231 31244 I art     : Explicit concurrent mark sweep GC freed 19(1056B) AllocSpace objects, 0(0B) LOS objects, 38% free, 25MB/41MB, paused 487us total 27.366ms
08-04 22:11:43.858 31231 31243 I art     : Starting a blocking GC Explicit
08-04 22:11:43.888 31231 31243 I art     : Explicit concurrent mark sweep GC freed 1660(94KB) AllocSpace objects, 1(20KB) LOS objects, 38% free, 25MB/41MB, paused 304us total 30.092ms
08-04 22:11:43.900 31231 31243 I art     : Starting a blocking GC Explicit
08-04 22:11:43.930 31231 31243 I art     : Explicit concurrent mark sweep GC freed 32(1264B) AllocSpace objects, 0(0B) LOS objects, 38% free, 25MB/41MB, paused 283us total 29.560ms
08-04 22:11:43.941 31231 31243 I art     : Starting a blocking GC Explicit
08-04 22:11:43.966 31231 31243 I art     : Explicit concurrent mark sweep GC freed 6(192B) AllocSpace objects, 0(0B) LOS objects, 38% free, 25MB/41MB, paused 275us total 25.383ms
08-04 22:11:43.977 31231 31243 I art     : Starting a blocking GC Explicit
08-04 22:11:44.003 31231 31243 I art     : Explicit concurrent mark sweep GC freed 3(96B) AllocSpace objects, 0(0B) LOS objects, 38% free, 25MB/41MB, paused 301us total 26.370ms
08-04 22:11:44.014 31231 31243 I art     : Starting a blocking GC Explicit
08-04 22:11:44.042 31231 31243 I art     : Explicit concurrent mark sweep GC freed 3(96B) AllocSpace objects, 0(0B) LOS objects, 38% free, 25MB/41MB, paused 281us total 27.779ms
08-04 22:11:44.089   512  2967 D audio_hw_primary: disable_audio_route: reset and update mixer path: low-latency-playback speaker
08-04 22:11:44.090   512  2967 D audio_hw_primary: disable_snd_device: snd_device(2: speaker)
08-04 22:11:44.099   512  2967 I soundtrigger: audio_extn_sound_trigger_update_device_status: device 0x2 of type 0 for Event 0
08-04 22:11:44.345 31231 31243 I art     : Starting a blocking GC Explicit
08-04 22:11:44.390 31231 31243 I art     : Explicit concurrent mark sweep GC freed 1293(75KB) AllocSpace objects, 1(20KB) LOS objects, 38% free, 25MB/41MB, paused 352us total 44.522ms
08-04 22:11:44.408 31231 31243 I art     : Starting a blocking GC Explicit
08-04 22:11:44.437 31231 31243 I art     : Explicit concurrent mark sweep GC freed 20(688B) AllocSpace objects, 0(0B) LOS objects, 38% free, 25MB/41MB, paused 307us total 28.581ms
08-04 22:11:44.448 31231 31243 I art     : Starting a blocking GC Explicit
08-04 22:11:44.477 31231 31243 I art     : Explicit concurrent mark sweep GC freed 3(96B) AllocSpace objects, 0(0B) LOS objects, 38% free, 25MB/41MB, paused 329us total 29.469ms
08-04 22:11:44.489 31231 31243 I art     : Starting a blocking GC Explicit
08-04 22:11:44.519 31231 31243 I art     : Explicit concurrent mark sweep GC freed 3(96B) AllocSpace objects, 0(0B) LOS objects, 38% free, 25MB/41MB, paused 314us total 30.276ms
08-04 22:11:44.531 31231 31243 I art     : Starting a blocking GC Explicit
08-04 22:11:44.561 31231 31243 I art     : Explicit concurrent mark sweep GC freed 3(96B) AllocSpace objects, 0(0B) LOS objects, 38% free, 25MB/41MB, paused 303us total 29.570ms
08-04 22:11:44.857 31231 31244 I art     : Starting a blocking GC Explicit
08-04 22:11:44.888 31231 31244 I art     : Explicit concurrent mark sweep GC freed 1293(75KB) AllocSpace objects, 1(20KB) LOS objects, 38% free, 25MB/41MB, paused 351us total 30.058ms
08-04 22:11:44.899 31231 31244 I art     : Starting a blocking GC Explicit
08-04 22:11:44.929 31231 31244 I art     : Explicit concurrent mark sweep GC freed 18(624B) AllocSpace objects, 0(0B) LOS objects, 38% free, 25MB/41MB, paused 312us total 29.359ms
08-04 22:11:44.940 31231 31244 I art     : Starting a blocking GC Explicit
08-04 22:11:44.969 31231 31244 I art     : Explicit concurrent mark sweep GC freed 3(96B) AllocSpace objects, 0(0B) LOS objects, 38% free, 25MB/41MB, paused 400us total 28.490ms
08-04 22:11:44.980 31231 31244 I art     : Starting a blocking GC Explicit
08-04 22:11:45.008 31231 31244 I art     : Explicit concurrent mark sweep GC freed 3(96B) AllocSpace objects, 0(0B) LOS objects, 38% free, 25MB/41MB, paused 334us total 27.990ms
08-04 22:11:45.019 31231 31244 I art     : Starting a blocking GC Explicit
08-04 22:11:45.047 31231 31244 I art     : Explicit concurrent mark sweep GC freed 3(96B) AllocSpace objects, 0(0B) LOS objects, 38% free, 25MB/41MB, paused 314us total 27.693ms
08-04 22:11:45.169 31942 31942 D AndroidRuntime: >>>>>> START com.android.internal.os.RuntimeInit uid 2000 <<<<<<
08-04 22:11:45.175 31942 31942 D AndroidRuntime: CheckJNI is OFF
08-04 22:11:45.212 31942 31942 D ICU     : No timezone override file found: /data/misc/zoneinfo/current/icu/icu_tzdata.dat
08-04 22:11:45.244 31942 31942 I Radio-JNI: register_android_hardware_Radio DONE
08-04 22:11:45.265 31942 31942 D AndroidRuntime: Calling main entry com.android.commands.input.Input
08-04 22:11:45.267 31942 31942 I Input   : injectMotionEvent: MotionEvent { action=ACTION_DOWN, actionButton=0, id[0]=0, x[0]=436.0, y[0]=1770.0, toolType[0]=TOOL_TYPE_UNKNOWN, buttonState=0, metaState=0, flags=0x0, edgeFlags=0x0, pointerCount=1, historySize=0, eventTime=742321680, downTime=742321680, deviceId=0, source=0x1002 }
08-04 22:11:45.272 31942 31942 I Input   : injectMotionEvent: MotionEvent { action=ACTION_UP, actionButton=0, id[0]=0, x[0]=436.0, y[0]=1770.0, toolType[0]=TOOL_TYPE_UNKNOWN, buttonState=0, metaState=0, flags=0x0, edgeFlags=0x0, pointerCount=1, historySize=0, eventTime=742321680, downTime=742321680, deviceId=0, source=0x1002 }
08-04 22:11:45.274 31942 31942 D AndroidRuntime: Shutting down VM
08-04 22:11:45.276 31231 31231 D MainActivity: NavigationItemSelected: Courses
08-04 22:11:45.277   918  3359 I ActivityManager: START u0 {cmp=baseline.com.ak.uobtimetable/.CourseListActivity} from uid 10659 on display 0
08-04 22:11:45.277   512  2967 D audio_hw_primary: out_set_parameters: enter: usecase(1: low-latency-playback) kvpairs: routing=2
08-04 22:11:45.290   512  2967 D audio_hw_primary: select_devices: out_snd_device(2: speaker) in_snd_device(0: none)
08-04 22:11:45.291   512  2967 D msm8974_platform: platform_send_audio_calibration: sending audio calibration for snd_device(2) acdb_id(15)
08-04 22:11:45.291   512  2967 I soundtrigger: audio_extn_sound_trigger_update_device_status: device 0x2 of type 0 for Event 1
08-04 22:11:45.303 31231 31231 D MainActivity: OnPause
08-04 22:11:45.304   512  2967 D audio_hw_primary: enable_snd_device: snd_device(2: speaker)
08-04 22:11:45.306   512  2967 D audio_hw_primary: enable_audio_route: apply and update mixer path: low-latency-playback speaker
08-04 22:11:45.331 31231 31231 D CourseListActivity: onCreate
08-04 22:11:45.333 31231 31972 D HTTP    : Request for: https://uob-timetable-api.adriankeenan.co.uk/courses
08-04 22:11:45.348 31231 31243 I art     : Starting a blocking GC Explicit
08-04 22:11:45.375 31231 31243 I art     : Explicit concurrent mark sweep GC freed 3826(211KB) AllocSpace objects, 1(20KB) LOS objects, 38% free, 25MB/41MB, paused 353us total 26.688ms
08-04 22:11:45.386 31231 31243 I art     : Starting a blocking GC Explicit
08-04 22:11:45.396 13866 13866 I GoogleInputMethodServic: GoogleInputMethodService.onFinishInput():3138 
08-04 22:11:45.397   918   936 I ActivityManager: Displayed baseline.com.ak.uobtimetable/.CourseListActivity: +93ms
08-04 22:11:45.397 13866 13866 I GoogleInputMethodServic: GoogleInputMethodService.onStartInput():1808 
08-04 22:11:45.414 31231 31243 I art     : Explicit concurrent mark sweep GC freed 821(43KB) AllocSpace objects, 0(0B) LOS objects, 38% free, 25MB/41MB, paused 433us total 28.353ms
08-04 22:11:45.426 31231 31243 I art     : Starting a blocking GC Explicit
08-04 22:11:45.453 31231 31243 I art     : Explicit concurrent mark sweep GC freed 42(2576B) AllocSpace objects, 0(0B) LOS objects, 38% free, 25MB/41MB, paused 339us total 27.111ms
08-04 22:11:45.466 31231 31243 I art     : Starting a blocking GC Explicit
08-04 22:11:45.495 31231 31243 I art     : Explicit concurrent mark sweep GC freed 2084(115KB) AllocSpace objects, 3(200KB) LOS objects, 38% free, 25MB/41MB, paused 667us total 28.979ms
08-04 22:11:45.506 31231 31243 I art     : Starting a blocking GC Explicit
08-04 22:11:45.534 31231 31243 I art     : Explicit concurrent mark sweep GC freed 1183(125KB) AllocSpace objects, 0(0B) LOS objects, 38% free, 25MB/41MB, paused 416us total 28.220ms
08-04 22:11:45.540 31231 31972 I NAPPA_EXPERIMENTATION: MetricNetworkRequestExecutionTime: REQUEST_DURATION_SYSTEM='204',REQUEST_DURATION_OKHTTP='33',REQUEST_SYNCHRONOUS='TRUE',RESPONSE_CODE='200',RESPONSE_METHOD='GET',RESPONSE_LENGTH_OKHTTP='-1',RESPONSE_LENGTH_HEADER='-2',REQUEST_PROTOCOL='http/1.1',REQUEST_URL='https://uob-timetable-api.adriankeenan.co.uk/courses',
08-04 22:11:45.777 31231 31231 D MainActivity: Saving state
08-04 22:11:45.777 31231 31231 D MainActivity: Saving current fragment: SessionListsFragment
08-04 22:11:45.777 31231 31231 D MainActivity: Saving current index: 2
08-04 22:11:45.779 31231 31231 D SessionListsFragment: Saving state
08-04 22:11:45.796 31231 31244 I art     : Waiting for a blocking GC Explicit
08-04 22:11:45.820 31231 31244 I art     : WaitForGcToComplete blocked for 24.414ms for cause Explicit
08-04 22:11:45.820 31231 31244 I art     : Starting a blocking GC Explicit
08-04 22:11:45.849 31231 31244 I art     : Explicit concurrent mark sweep GC freed 52(13KB) AllocSpace objects, 0(0B) LOS objects, 24% free, 48MB/64MB, paused 372us total 28.984ms
08-04 22:11:45.850   512  2967 D audio_hw_primary: disable_audio_route: reset and update mixer path: low-latency-playback speaker
08-04 22:11:45.851   512  2967 D audio_hw_primary: disable_snd_device: snd_device(2: speaker)
08-04 22:11:45.858   512  2967 I soundtrigger: audio_extn_sound_trigger_update_device_status: device 0x2 of type 0 for Event 0
08-04 22:11:45.860 31231 31244 I art     : Starting a blocking GC Explicit
08-04 22:11:45.887 31231 31244 I art     : Explicit concurrent mark sweep GC freed 21(800B) AllocSpace objects, 0(0B) LOS objects, 24% free, 48MB/64MB, paused 485us total 27.074ms
08-04 22:11:45.897 31231 31244 I art     : Starting a blocking GC Explicit
08-04 22:11:45.923 31231 31244 I art     : Explicit concurrent mark sweep GC freed 21(800B) AllocSpace objects, 0(0B) LOS objects, 24% free, 48MB/64MB, paused 373us total 25.867ms
08-04 22:11:45.933 31231 31244 I art     : Starting a blocking GC Explicit
08-04 22:11:45.962 31231 31244 I art     : Explicit concurrent mark sweep GC freed 26(1008B) AllocSpace objects, 0(0B) LOS objects, 24% free, 48MB/64MB, paused 540us total 27.976ms
08-04 22:11:45.972 31231 31244 I art     : Starting a blocking GC Explicit
08-04 22:11:45.988 31231 31972 I HTTP    : Response was compressed.
08-04 22:11:46.015 31231 31244 I art     : Explicit concurrent mark sweep GC freed 13643(629KB) AllocSpace objects, 0(0B) LOS objects, 20% free, 63MB/79MB, paused 571us total 42.986ms
08-04 22:11:46.211   518   646 I ThermalEngine: ACTION: GPU - Setting GPU[0] to 450000000
08-04 22:11:46.327 31231 31243 I art     : Starting a blocking GC Explicit
08-04 22:11:46.394 31231 31243 I art     : Explicit concurrent mark sweep GC freed 189390(8MB) AllocSpace objects, 3(22MB) LOS objects, 27% free, 42MB/58MB, paused 696us total 66.506ms
08-04 22:11:46.411 31231 31243 I art     : Starting a blocking GC Explicit
08-04 22:11:46.455 31231 31243 I art     : Explicit concurrent mark sweep GC freed 44599(2MB) AllocSpace objects, 0(0B) LOS objects, 27% free, 42MB/58MB, paused 836us total 43.956ms
08-04 22:11:46.470 31231 31243 I art     : Starting a blocking GC Explicit
08-04 22:11:46.515 31231 31243 I art     : Explicit concurrent mark sweep GC freed 33345(1567KB) AllocSpace objects, 0(0B) LOS objects, 27% free, 42MB/58MB, paused 906us total 43.936ms
08-04 22:11:46.530 31231 31243 I art     : Starting a blocking GC Explicit
08-04 22:11:46.575 31231 31243 I art     : Explicit concurrent mark sweep GC freed 32875(1561KB) AllocSpace objects, 0(0B) LOS objects, 27% free, 43MB/59MB, paused 844us total 44.382ms
08-04 22:11:46.591 31231 31243 I art     : Starting a blocking GC Explicit
08-04 22:11:46.638 31231 31243 I art     : Explicit concurrent mark sweep GC freed 33017(1559KB) AllocSpace objects, 0(0B) LOS objects, 26% free, 43MB/59MB, paused 922us total 46.447ms
08-04 22:11:46.950 31231 31666 I art     : Starting a blocking GC Explicit
08-04 22:11:47.019 31231 31666 I art     : Explicit concurrent mark sweep GC freed 197828(9MB) AllocSpace objects, 1(20KB) LOS objects, 26% free, 45MB/61MB, paused 893us total 68.550ms
08-04 22:11:47.037 31231 31666 I art     : Starting a blocking GC Explicit
08-04 22:11:47.089 31231 31666 I art     : Explicit concurrent mark sweep GC freed 46289(2MB) AllocSpace objects, 0(0B) LOS objects, 26% free, 45MB/61MB, paused 1.055ms total 51.917ms
08-04 22:11:47.107 31231 31666 I art     : Starting a blocking GC Explicit
08-04 22:11:47.159 31231 31666 I art     : Explicit concurrent mark sweep GC freed 37932(1786KB) AllocSpace objects, 0(0B) LOS objects, 26% free, 45MB/61MB, paused 1.059ms total 51.484ms
08-04 22:11:47.176 31231 31666 I art     : Starting a blocking GC Explicit
08-04 22:11:47.229 31231 31666 I art     : Explicit concurrent mark sweep GC freed 38673(1844KB) AllocSpace objects, 0(0B) LOS objects, 25% free, 45MB/61MB, paused 1.077ms total 52.701ms
08-04 22:11:47.248 31231 31666 I art     : Starting a blocking GC Explicit
08-04 22:11:47.301 31231 31666 I art     : Explicit concurrent mark sweep GC freed 38193(1799KB) AllocSpace objects, 0(0B) LOS objects, 25% free, 45MB/61MB, paused 1.055ms total 53.663ms
08-04 22:11:47.612 31231 31666 I art     : Starting a blocking GC Explicit
08-04 22:11:47.689 31231 31666 I art     : Explicit concurrent mark sweep GC freed 189916(8MB) AllocSpace objects, 1(20KB) LOS objects, 25% free, 47MB/63MB, paused 1.172ms total 77.215ms
08-04 22:11:47.709 31231 31666 I art     : Starting a blocking GC Explicit
08-04 22:11:47.768 31231 31666 I art     : Explicit concurrent mark sweep GC freed 50105(2MB) AllocSpace objects, 0(0B) LOS objects, 25% free, 47MB/63MB, paused 1.125ms total 59.017ms
08-04 22:11:47.787 31231 31666 I art     : Starting a blocking GC Explicit
08-04 22:11:47.849 31231 31666 I art     : Explicit concurrent mark sweep GC freed 42596(2029KB) AllocSpace objects, 0(0B) LOS objects, 24% free, 48MB/64MB, paused 1.332ms total 61.389ms
08-04 22:11:47.869 31231 31666 I art     : Starting a blocking GC Explicit
08-04 22:11:47.930 31231 31666 I art     : Explicit concurrent mark sweep GC freed 42946(2040KB) AllocSpace objects, 0(0B) LOS objects, 24% free, 48MB/64MB, paused 1.308ms total 60.327ms
08-04 22:11:47.949 31231 31666 I art     : Starting a blocking GC Explicit
08-04 22:11:48.011 31231 31666 I art     : Explicit concurrent mark sweep GC freed 42763(2037KB) AllocSpace objects, 0(0B) LOS objects, 24% free, 48MB/64MB, paused 1.316ms total 61.728ms
08-04 22:11:48.329 31231 31252 I art     : Starting a blocking GC Explicit
08-04 22:11:48.415 31231 31252 I art     : Explicit concurrent mark sweep GC freed 206783(9MB) AllocSpace objects, 1(20KB) LOS objects, 24% free, 50MB/66MB, paused 1.151ms total 85.623ms
08-04 22:11:48.437 31231 31252 I art     : Starting a blocking GC Explicit
08-04 22:11:48.506 31231 31252 I art     : Explicit concurrent mark sweep GC freed 56040(2MB) AllocSpace objects, 0(0B) LOS objects, 23% free, 50MB/66MB, paused 1.524ms total 68.417ms
08-04 22:11:48.527 31231 31252 I art     : Starting a blocking GC Explicit
08-04 22:11:48.580 13866 13882 I PeriodicStatsRunner: PeriodicStatsRunner.call():175 call()
08-04 22:11:48.580 13866 13882 I PeriodicStatsRunner: PeriodicStatsRunner.call():179 No submit PeriodicStats since input started.
08-04 22:11:48.598 31231 31252 I art     : Explicit concurrent mark sweep GC freed 48946(2MB) AllocSpace objects, 0(0B) LOS objects, 23% free, 50MB/66MB, paused 1.536ms total 70.234ms
08-04 22:11:48.619 31231 31252 I art     : Starting a blocking GC Explicit
08-04 22:11:48.689 31231 31252 I art     : Explicit concurrent mark sweep GC freed 48393(2MB) AllocSpace objects, 0(0B) LOS objects, 23% free, 51MB/67MB, paused 1.431ms total 70.580ms
08-04 22:11:48.710 31231 31252 I art     : Starting a blocking GC Explicit
08-04 22:11:48.784 31231 31252 I art     : Explicit concurrent mark sweep GC freed 49901(2MB) AllocSpace objects, 0(0B) LOS objects, 23% free, 51MB/67MB, paused 1.514ms total 72.883ms
08-04 22:11:48.797 31231 31972 I Service : getCourses response time: 0.69
08-04 22:11:48.814 31231 31231 I SettingsManager: Getting string: savedCourse
08-04 22:11:49.160 31231 31244 I art     : Starting a blocking GC Explicit
08-04 22:11:49.268 31231 31244 I art     : Explicit concurrent mark sweep GC freed 15102(764KB) AllocSpace objects, 2(15MB) LOS objects, 30% free, 36MB/52MB, paused 555us total 108.221ms
08-04 22:11:49.295 31231 31244 I art     : Starting a blocking GC Explicit
08-04 22:11:49.373 31231 31244 I art     : Explicit concurrent mark sweep GC freed 743(66KB) AllocSpace objects, 0(0B) LOS objects, 30% free, 36MB/52MB, paused 499us total 78.291ms
08-04 22:11:49.398 31231 31244 I art     : Starting a blocking GC Explicit
08-04 22:11:49.474 31231 31244 I art     : Explicit concurrent mark sweep GC freed 3(96B) AllocSpace objects, 0(0B) LOS objects, 30% free, 36MB/52MB, paused 496us total 75.899ms
08-04 22:11:49.499 31231 31244 I art     : Starting a blocking GC Explicit
08-04 22:11:49.576 31231 31244 I art     : Explicit concurrent mark sweep GC freed 3(96B) AllocSpace objects, 0(0B) LOS objects, 30% free, 36MB/52MB, paused 485us total 76.449ms
08-04 22:11:49.600 31231 31244 I art     : Starting a blocking GC Explicit
08-04 22:11:49.678 31231 31244 I art     : Explicit concurrent mark sweep GC freed 3(96B) AllocSpace objects, 0(0B) LOS objects, 30% free, 36MB/52MB, paused 556us total 77.270ms
08-04 22:11:50.035 31231 31243 I art     : Starting a blocking GC Explicit
08-04 22:11:50.132 31231 31243 I art     : Explicit concurrent mark sweep GC freed 1293(75KB) AllocSpace objects, 1(20KB) LOS objects, 30% free, 36MB/52MB, paused 523us total 96.615ms
08-04 22:11:50.160 31231 31243 I art     : Starting a blocking GC Explicit
08-04 22:11:50.237 31231 31243 I art     : Explicit concurrent mark sweep GC freed 18(624B) AllocSpace objects, 0(0B) LOS objects, 30% free, 36MB/52MB, paused 581us total 76.958ms
08-04 22:11:50.262 31231 31243 I art     : Starting a blocking GC Explicit
08-04 22:11:50.339 31231 31243 I art     : Explicit concurrent mark sweep GC freed 3(96B) AllocSpace objects, 0(0B) LOS objects, 30% free, 36MB/52MB, paused 491us total 76.555ms
08-04 22:11:50.363 31231 31243 I art     : Starting a blocking GC Explicit
08-04 22:11:50.398 13866 13882 I PeriodicStatsRunner: PeriodicStatsRunner.call():175 call()
08-04 22:11:50.399 13866 13882 I PeriodicStatsRunner: PeriodicStatsRunner.call():179 No submit PeriodicStats since input started.
08-04 22:11:50.438 31231 31243 I art     : Explicit concurrent mark sweep GC freed 3(96B) AllocSpace objects, 0(0B) LOS objects, 30% free, 36MB/52MB, paused 594us total 74.339ms
08-04 22:11:50.462 31231 31243 I art     : Starting a blocking GC Explicit
08-04 22:11:50.537 31231 31243 I art     : Explicit concurrent mark sweep GC freed 11(304B) AllocSpace objects, 0(0B) LOS objects, 30% free, 36MB/52MB, paused 553us total 74.281ms
08-04 22:11:50.540   918   928 I ActivityManager: Killing 30991:com.google.android.configupdater/u0a5 (adj 15): empty #17
08-04 22:11:50.877 31231 31666 I art     : Starting a blocking GC Explicit
08-04 22:11:50.969 31231 31666 I art     : Explicit concurrent mark sweep GC freed 1331(77KB) AllocSpace objects, 1(20KB) LOS objects, 30% free, 36MB/52MB, paused 518us total 91.246ms
08-04 22:11:50.993 31231 31666 I art     : Starting a blocking GC Explicit
08-04 22:11:51.068 31231 31666 I art     : Explicit concurrent mark sweep GC freed 24(848B) AllocSpace objects, 0(0B) LOS objects, 30% free, 36MB/52MB, paused 564us total 74.074ms
08-04 22:11:51.092 31231 31666 I art     : Starting a blocking GC Explicit
08-04 22:11:51.171 31231 31666 I art     : Explicit concurrent mark sweep GC freed 3(96B) AllocSpace objects, 0(0B) LOS objects, 30% free, 36MB/52MB, paused 482us total 78.684ms
08-04 22:11:51.195 31231 31666 I art     : Starting a blocking GC Explicit
08-04 22:11:51.274 31231 31666 I art     : Explicit concurrent mark sweep GC freed 3(96B) AllocSpace objects, 0(0B) LOS objects, 30% free, 36MB/52MB, paused 480us total 78.643ms
08-04 22:11:51.299 31231 31666 I art     : Starting a blocking GC Explicit
08-04 22:11:51.375 31231 31666 I art     : Explicit concurrent mark sweep GC freed 3(96B) AllocSpace objects, 0(0B) LOS objects, 30% free, 36MB/52MB, paused 460us total 75.826ms
08-04 22:11:51.686 31231 31252 I art     : Starting a blocking GC Explicit
08-04 22:11:51.774 31231 31252 I art     : Explicit concurrent mark sweep GC freed 1294(75KB) AllocSpace objects, 1(20KB) LOS objects, 30% free, 36MB/52MB, paused 494us total 86.721ms
08-04 22:11:51.798 31231 31252 I art     : Starting a blocking GC Explicit
08-04 22:11:51.871 31231 31252 I art     : Explicit concurrent mark sweep GC freed 18(624B) AllocSpace objects, 0(0B) LOS objects, 30% free, 36MB/52MB, paused 465us total 72.635ms
08-04 22:11:51.894 31231 31252 I art     : Starting a blocking GC Explicit
08-04 22:11:51.968 31231 31252 I art     : Explicit concurrent mark sweep GC freed 3(96B) AllocSpace objects, 0(0B) LOS objects, 30% free, 36MB/52MB, paused 458us total 74.204ms
08-04 22:11:51.992 31231 31252 I art     : Starting a blocking GC Explicit
08-04 22:11:52.064 31231 31252 I art     : Explicit concurrent mark sweep GC freed 3(96B) AllocSpace objects, 0(0B) LOS objects, 30% free, 36MB/52MB, paused 454us total 72.301ms
08-04 22:11:52.087 31231 31252 I art     : Starting a blocking GC Explicit
08-04 22:11:52.094 32055 32055 D AndroidRuntime: >>>>>> START com.android.internal.os.RuntimeInit uid 2000 <<<<<<
08-04 22:11:52.100 32055 32055 D AndroidRuntime: CheckJNI is OFF
08-04 22:11:52.142 32055 32055 D ICU     : No timezone override file found: /data/misc/zoneinfo/current/icu/icu_tzdata.dat
08-04 22:11:52.155 31231 31252 I art     : Explicit concurrent mark sweep GC freed 3(96B) AllocSpace objects, 0(0B) LOS objects, 30% free, 36MB/52MB, paused 528us total 66.999ms
08-04 22:11:52.189 32055 32055 I Radio-JNI: register_android_hardware_Radio DONE
08-04 22:11:52.218 32055 32055 D AndroidRuntime: Calling main entry com.android.commands.input.Input
08-04 22:11:52.220 32055 32055 I Input   : injectMotionEvent: MotionEvent { action=ACTION_DOWN, actionButton=0, id[0]=0, x[0]=558.0, y[0]=368.0, toolType[0]=TOOL_TYPE_UNKNOWN, buttonState=0, metaState=0, flags=0x0, edgeFlags=0x0, pointerCount=1, historySize=0, eventTime=742328633, downTime=742328633, deviceId=0, source=0x1002 }
08-04 22:11:52.220   518   646 I ThermalEngine: ACTION: GPU - Setting GPU[0] to 510000000
08-04 22:11:52.225 32055 32055 I Input   : injectMotionEvent: MotionEvent { action=ACTION_UP, actionButton=0, id[0]=0, x[0]=558.0, y[0]=368.0, toolType[0]=TOOL_TYPE_UNKNOWN, buttonState=0, metaState=0, flags=0x0, edgeFlags=0x0, pointerCount=1, historySize=0, eventTime=742328633, downTime=742328633, deviceId=0, source=0x1002 }
08-04 22:11:52.227 32055 32055 D AndroidRuntime: Shutting down VM
08-04 22:11:52.437 31231 31666 I art     : Starting a blocking GC Explicit
08-04 22:11:52.497 31231 31666 I art     : Explicit concurrent mark sweep GC freed 2219(170KB) AllocSpace objects, 1(20KB) LOS objects, 30% free, 36MB/52MB, paused 343us total 60.566ms
08-04 22:11:52.516 31231 31666 I art     : Starting a blocking GC Explicit
08-04 22:11:52.569 31231 31666 I art     : Explicit concurrent mark sweep GC freed 93(5KB) AllocSpace objects, 0(0B) LOS objects, 30% free, 36MB/52MB, paused 334us total 52.323ms
08-04 22:11:52.587 31231 31666 I art     : Starting a blocking GC Explicit
08-04 22:11:52.641 31231 31666 I art     : Explicit concurrent mark sweep GC freed 286(12KB) AllocSpace objects, 0(0B) LOS objects, 30% free, 36MB/52MB, paused 305us total 53.352ms
08-04 22:11:52.658 31231 31666 I art     : Starting a blocking GC Explicit
08-04 22:11:52.709 31231 31666 I art     : Explicit concurrent mark sweep GC freed 24(1072B) AllocSpace objects, 0(0B) LOS objects, 30% free, 36MB/52MB, paused 334us total 50.971ms
08-04 22:11:52.710 31231 31242 I art     : WaitForGcToComplete blocked for 19.888ms for cause HeapTrim
08-04 22:11:52.729 31231 31666 I art     : Starting a blocking GC Explicit
08-04 22:11:52.781 31231 31666 I art     : Explicit concurrent mark sweep GC freed 15(480B) AllocSpace objects, 0(0B) LOS objects, 30% free, 36MB/52MB, paused 334us total 51.765ms
08-04 22:11:53.085 31231 31244 I art     : Starting a blocking GC Explicit
08-04 22:11:53.162 31231 31244 I art     : Explicit concurrent mark sweep GC freed 1307(76KB) AllocSpace objects, 1(20KB) LOS objects, 30% free, 36MB/52MB, paused 366us total 77.132ms
08-04 22:11:53.181 31231 31244 I art     : Starting a blocking GC Explicit
08-04 22:11:53.241 31231 31244 I art     : Explicit concurrent mark sweep GC freed 18(624B) AllocSpace objects, 0(0B) LOS objects, 30% free, 36MB/52MB, paused 346us total 59.125ms
08-04 22:11:53.260 31231 31244 I art     : Starting a blocking GC Explicit
08-04 22:11:53.319 31231 31244 I art     : Explicit concurrent mark sweep GC freed 3(96B) AllocSpace objects, 0(0B) LOS objects, 30% free, 36MB/52MB, paused 406us total 59.173ms
08-04 22:11:53.339 31231 31244 I art     : Starting a blocking GC Explicit
08-04 22:11:53.398 31231 31244 I art     : Explicit concurrent mark sweep GC freed 3(96B) AllocSpace objects, 0(0B) LOS objects, 30% free, 36MB/52MB, paused 371us total 58.239ms
08-04 22:11:53.418 31231 31244 I art     : Starting a blocking GC Explicit
08-04 22:11:53.477 31231 31244 I art     : Explicit concurrent mark sweep GC freed 3(96B) AllocSpace objects, 0(0B) LOS objects, 30% free, 36MB/52MB, paused 352us total 59.223ms
08-04 22:11:53.769 31231 31252 I art     : Starting a blocking GC Explicit
08-04 22:11:53.836 31231 31252 I art     : Explicit concurrent mark sweep GC freed 1293(75KB) AllocSpace objects, 1(20KB) LOS objects, 30% free, 36MB/52MB, paused 361us total 67.128ms
08-04 22:11:53.855 31231 31252 I art     : Starting a blocking GC Explicit
08-04 22:11:53.884 32101 32101 D AndroidRuntime: >>>>>> START com.android.internal.os.RuntimeInit uid 2000 <<<<<<
08-04 22:11:53.889 32101 32101 D AndroidRuntime: CheckJNI is OFF
08-04 22:11:53.912 31231 31252 I art     : Explicit concurrent mark sweep GC freed 19(656B) AllocSpace objects, 0(0B) LOS objects, 30% free, 36MB/52MB, paused 364us total 57.076ms
08-04 22:11:53.928 32101 32101 D ICU     : No timezone override file found: /data/misc/zoneinfo/current/icu/icu_tzdata.dat
08-04 22:11:53.932 31231 31252 I art     : Starting a blocking GC Explicit
08-04 22:11:53.966 32101 32101 I Radio-JNI: register_android_hardware_Radio DONE
08-04 22:11:53.987 31231 31252 I art     : Explicit concurrent mark sweep GC freed 13(416B) AllocSpace objects, 0(0B) LOS objects, 30% free, 36MB/52MB, paused 370us total 54.489ms
08-04 22:11:53.988 32101 32101 D AndroidRuntime: Calling main entry com.android.commands.input.Input
08-04 22:11:53.990 32101 32101 I Input   : injectMotionEvent: MotionEvent { action=ACTION_DOWN, actionButton=0, id[0]=0, x[0]=945.0, y[0]=1376.0, toolType[0]=TOOL_TYPE_UNKNOWN, buttonState=0, metaState=0, flags=0x0, edgeFlags=0x0, pointerCount=1, historySize=0, eventTime=742330402, downTime=742330402, deviceId=0, source=0x1002 }
08-04 22:11:53.997 32101 32101 I Input   : injectMotionEvent: MotionEvent { action=ACTION_UP, actionButton=0, id[0]=0, x[0]=945.0, y[0]=1376.0, toolType[0]=TOOL_TYPE_UNKNOWN, buttonState=0, metaState=0, flags=0x0, edgeFlags=0x0, pointerCount=1, historySize=0, eventTime=742330402, downTime=742330402, deviceId=0, source=0x1002 }
08-04 22:11:53.999 32101 32101 D AndroidRuntime: Shutting down VM
08-04 22:11:54.004 31231 31252 I art     : Starting a blocking GC Explicit
08-04 22:11:54.055 31231 31252 I art     : Explicit concurrent mark sweep GC freed 31(1104B) AllocSpace objects, 0(0B) LOS objects, 30% free, 36MB/52MB, paused 309us total 50.763ms
08-04 22:11:54.070   512  2967 D audio_hw_primary: out_set_parameters: enter: usecase(1: low-latency-playback) kvpairs: routing=2
08-04 22:11:54.072 31231 31252 I art     : Starting a blocking GC Explicit
08-04 22:11:54.083   512  2967 D audio_hw_primary: select_devices: out_snd_device(2: speaker) in_snd_device(0: none)
08-04 22:11:54.083   512  2967 D msm8974_platform: platform_send_audio_calibration: sending audio calibration for snd_device(2) acdb_id(15)
08-04 22:11:54.083   512  2967 I soundtrigger: audio_extn_sound_trigger_update_device_status: device 0x2 of type 0 for Event 1
08-04 22:11:54.087 13866 13866 I GoogleInputMethodServic: GoogleInputMethodService.onFinishInput():3138 
08-04 22:11:54.088 13866 13866 I GoogleInputMethodServic: GoogleInputMethodService.onStartInput():1808 
08-04 22:11:54.094   512  2967 D audio_hw_primary: enable_snd_device: snd_device(2: speaker)
08-04 22:11:54.096   512  2967 D audio_hw_primary: enable_audio_route: apply and update mixer path: low-latency-playback speaker
08-04 22:11:54.100 13866 13866 I GoogleInputMethodServic: GoogleInputMethodService.onFinishInput():3138 
08-04 22:11:54.101 13866 13866 I GoogleInputMethodServic: GoogleInputMethodService.onStartInput():1808 
08-04 22:11:54.131 31231 31252 I art     : Explicit concurrent mark sweep GC freed 438(31KB) AllocSpace objects, 0(0B) LOS objects, 30% free, 36MB/52MB, paused 667us total 57.973ms
08-04 22:11:54.225   518   646 I ThermalEngine: ACTION: GPU - Setting GPU[0] to 450000000
08-04 22:11:54.427 31231 31246 D OpenGLRenderer: endAllStagingAnimators on 0x7f78f77000 (ListPopupWindow$DropDownListView) with handle 0x7f804aa020
08-04 22:11:54.436 31231 31666 I art     : Starting a blocking GC Explicit
08-04 22:11:54.502 31231 31666 I art     : Explicit concurrent mark sweep GC freed 1969(105KB) AllocSpace objects, 1(20KB) LOS objects, 30% free, 36MB/52MB, paused 474us total 65.617ms
08-04 22:11:54.524 31231 31666 I art     : Starting a blocking GC Explicit
08-04 22:11:54.593 31231 31666 I art     : Explicit concurrent mark sweep GC freed 1245(100KB) AllocSpace objects, 0(0B) LOS objects, 30% free, 36MB/52MB, paused 473us total 68.664ms
08-04 22:11:54.617 31231 31666 I art     : Starting a blocking GC Explicit
08-04 22:11:54.639   512  2967 D audio_hw_primary: disable_audio_route: reset and update mixer path: low-latency-playback speaker
08-04 22:11:54.640   512  2967 D audio_hw_primary: disable_snd_device: snd_device(2: speaker)
08-04 22:11:54.647   512  2967 I soundtrigger: audio_extn_sound_trigger_update_device_status: device 0x2 of type 0 for Event 0
08-04 22:11:54.685 31231 31666 I art     : Explicit concurrent mark sweep GC freed 3(96B) AllocSpace objects, 0(0B) LOS objects, 30% free, 36MB/52MB, paused 466us total 68.449ms
08-04 22:11:54.709 31231 31666 I art     : Starting a blocking GC Explicit
08-04 22:11:54.780 31231 31666 I art     : Explicit concurrent mark sweep GC freed 3(96B) AllocSpace objects, 0(0B) LOS objects, 30% free, 36MB/52MB, paused 472us total 70.264ms
08-04 22:11:54.803 31231 31666 I art     : Starting a blocking GC Explicit
08-04 22:11:54.875 31231 31666 I art     : Explicit concurrent mark sweep GC freed 3(96B) AllocSpace objects, 0(0B) LOS objects, 30% free, 36MB/52MB, paused 480us total 71.196ms
08-04 22:11:55.206   918  3261 D WifiStateMachine: starting scan for "H369AA63323"WPA_PSK with 2412,5180
08-04 22:11:55.206 31231 31252 I art     : Starting a blocking GC Explicit
08-04 22:11:55.286 31231 31252 I art     : Explicit concurrent mark sweep GC freed 1293(75KB) AllocSpace objects, 1(20KB) LOS objects, 30% free, 36MB/52MB, paused 475us total 79.731ms
08-04 22:11:55.309 31231 31252 I art     : Starting a blocking GC Explicit
08-04 22:11:55.376 31231 31252 I art     : Explicit concurrent mark sweep GC freed 18(624B) AllocSpace objects, 0(0B) LOS objects, 30% free, 36MB/52MB, paused 486us total 67.073ms
08-04 22:11:55.399 31231 31252 I art     : Starting a blocking GC Explicit
08-04 22:11:55.466 31231 31252 I art     : Explicit concurrent mark sweep GC freed 3(96B) AllocSpace objects, 0(0B) LOS objects, 30% free, 36MB/52MB, paused 481us total 66.711ms
08-04 22:11:55.489 31231 31252 I art     : Starting a blocking GC Explicit
08-04 22:11:55.556 31231 31252 I art     : Explicit concurrent mark sweep GC freed 3(96B) AllocSpace objects, 0(0B) LOS objects, 30% free, 36MB/52MB, paused 456us total 66.854ms
08-04 22:11:55.577 31231 31252 I art     : Starting a blocking GC Explicit
08-04 22:11:55.635 31231 31252 I art     : Explicit concurrent mark sweep GC freed 3(96B) AllocSpace objects, 0(0B) LOS objects, 30% free, 36MB/52MB, paused 436us total 57.676ms
08-04 22:11:55.770 32144 32144 D AndroidRuntime: >>>>>> START com.android.internal.os.RuntimeInit uid 2000 <<<<<<
08-04 22:11:55.776 32144 32144 D AndroidRuntime: CheckJNI is OFF
08-04 22:11:55.817 32144 32144 D ICU     : No timezone override file found: /data/misc/zoneinfo/current/icu/icu_tzdata.dat
08-04 22:11:55.859 32144 32144 I Radio-JNI: register_android_hardware_Radio DONE
08-04 22:11:55.888 32144 32144 D AndroidRuntime: Calling main entry com.android.commands.input.Input
08-04 22:11:55.890 32144 32144 I Input   : injectMotionEvent: MotionEvent { action=ACTION_DOWN, actionButton=0, id[0]=0, x[0]=481.0, y[0]=544.0, toolType[0]=TOOL_TYPE_UNKNOWN, buttonState=0, metaState=0, flags=0x0, edgeFlags=0x0, pointerCount=1, historySize=0, eventTime=742332303, downTime=742332303, deviceId=0, source=0x1002 }
08-04 22:11:55.895 32144 32144 I Input   : injectMotionEvent: MotionEvent { action=ACTION_UP, actionButton=0, id[0]=0, x[0]=481.0, y[0]=544.0, toolType[0]=TOOL_TYPE_UNKNOWN, buttonState=0, metaState=0, flags=0x0, edgeFlags=0x0, pointerCount=1, historySize=0, eventTime=742332303, downTime=742332303, deviceId=0, source=0x1002 }
08-04 22:11:55.896 32144 32144 D AndroidRuntime: Shutting down VM
08-04 22:11:55.938 31231 31244 I art     : Starting a blocking GC Explicit
08-04 22:11:56.010 31231 31244 I art     : Explicit concurrent mark sweep GC freed 1989(105KB) AllocSpace objects, 1(20KB) LOS objects, 30% free, 36MB/52MB, paused 587us total 71.305ms
08-04 22:11:56.033 31231 31244 I art     : Starting a blocking GC Explicit
08-04 22:11:56.095 31231 31244 I art     : Explicit concurrent mark sweep GC freed 121(5KB) AllocSpace objects, 0(0B) LOS objects, 30% free, 36MB/52MB, paused 423us total 62.190ms
08-04 22:11:56.117 31231 31244 I art     : Starting a blocking GC Explicit
08-04 22:11:56.180 31231 31244 I art     : Explicit concurrent mark sweep GC freed 39(1488B) AllocSpace objects, 0(0B) LOS objects, 30% free, 36MB/52MB, paused 462us total 62.361ms
08-04 22:11:56.202 31231 31244 I art     : Starting a blocking GC Explicit
08-04 22:11:56.265 31231 31244 I art     : Explicit concurrent mark sweep GC freed 305(13KB) AllocSpace objects, 0(0B) LOS objects, 30% free, 36MB/52MB, paused 446us total 63.025ms
08-04 22:11:56.286 31231 31244 I art     : Starting a blocking GC Explicit
08-04 22:11:56.348 31231 31244 I art     : Explicit concurrent mark sweep GC freed 11(384B) AllocSpace objects, 0(0B) LOS objects, 30% free, 36MB/52MB, paused 464us total 61.292ms
08-04 22:11:56.676 31231 31244 I art     : Starting a blocking GC Explicit
08-04 22:11:56.750 31231 31244 I art     : Explicit concurrent mark sweep GC freed 1328(77KB) AllocSpace objects, 1(20KB) LOS objects, 30% free, 36MB/52MB, paused 473us total 73.304ms
08-04 22:11:56.773 31231 31244 I art     : Starting a blocking GC Explicit
08-04 22:11:56.845 31231 31244 I art     : Explicit concurrent mark sweep GC freed 26(880B) AllocSpace objects, 0(0B) LOS objects, 30% free, 36MB/52MB, paused 479us total 71.902ms
08-04 22:11:56.868 31231 31244 I art     : Starting a blocking GC Explicit
08-04 22:11:56.941 31231 31244 I art     : Explicit concurrent mark sweep GC freed 3(96B) AllocSpace objects, 0(0B) LOS objects, 30% free, 36MB/52MB, paused 478us total 72.159ms
08-04 22:11:56.964 31231 31244 I art     : Starting a blocking GC Explicit
08-04 22:11:57.036 31231 31244 I art     : Explicit concurrent mark sweep GC freed 3(96B) AllocSpace objects, 0(0B) LOS objects, 30% free, 36MB/52MB, paused 481us total 71.782ms
08-04 22:11:57.059 31231 31244 I art     : Starting a blocking GC Explicit
08-04 22:11:57.132 31231 31244 I art     : Explicit concurrent mark sweep GC freed 3(96B) AllocSpace objects, 0(0B) LOS objects, 30% free, 36MB/52MB, paused 464us total 72.356ms
08-04 22:11:57.448 31231 31666 I art     : Starting a blocking GC Explicit
08-04 22:11:57.528 31231 31666 I art     : Explicit concurrent mark sweep GC freed 1293(75KB) AllocSpace objects, 1(20KB) LOS objects, 30% free, 36MB/52MB, paused 523us total 79.036ms
08-04 22:11:57.551 31231 31666 I art     : Starting a blocking GC Explicit
08-04 22:11:57.625 31231 31666 I art     : Explicit concurrent mark sweep GC freed 25(848B) AllocSpace objects, 0(0B) LOS objects, 30% free, 36MB/52MB, paused 465us total 73.002ms
08-04 22:11:57.648 31231 31666 I art     : Starting a blocking GC Explicit
08-04 22:11:57.694 32178 32178 D AndroidRuntime: >>>>>> START com.android.internal.os.RuntimeInit uid 2000 <<<<<<
08-04 22:11:57.699 32178 32178 D AndroidRuntime: CheckJNI is OFF
08-04 22:11:57.716 31231 31666 I art     : Explicit concurrent mark sweep GC freed 13(416B) AllocSpace objects, 0(0B) LOS objects, 30% free, 36MB/52MB, paused 482us total 67.725ms
08-04 22:11:57.738 31231 31666 I art     : Starting a blocking GC Explicit
08-04 22:11:57.746 32178 32178 D ICU     : No timezone override file found: /data/misc/zoneinfo/current/icu/icu_tzdata.dat
08-04 22:11:57.789 32178 32178 I Radio-JNI: register_android_hardware_Radio DONE
08-04 22:11:57.804 31231 31666 I art     : Explicit concurrent mark sweep GC freed 14(448B) AllocSpace objects, 0(0B) LOS objects, 30% free, 36MB/52MB, paused 466us total 66.058ms
08-04 22:11:57.805 31231 31242 I art     : WaitForGcToComplete blocked for 23.408ms for cause HeapTrim
08-04 22:11:57.818 32178 32178 D AndroidRuntime: Calling main entry com.android.commands.input.Input
08-04 22:11:57.820 32178 32178 I Input   : injectMotionEvent: MotionEvent { action=ACTION_DOWN, actionButton=0, id[0]=0, x[0]=310.0, y[0]=906.0, toolType[0]=TOOL_TYPE_UNKNOWN, buttonState=0, metaState=0, flags=0x0, edgeFlags=0x0, pointerCount=1, historySize=0, eventTime=742334233, downTime=742334233, deviceId=0, source=0x1002 }
08-04 22:11:57.826 31231 31666 I art     : Starting a blocking GC Explicit
08-04 22:11:57.829 32178 32178 I Input   : injectMotionEvent: MotionEvent { action=ACTION_UP, actionButton=0, id[0]=0, x[0]=310.0, y[0]=906.0, toolType[0]=TOOL_TYPE_UNKNOWN, buttonState=0, metaState=0, flags=0x0, edgeFlags=0x0, pointerCount=1, historySize=0, eventTime=742334233, downTime=742334233, deviceId=0, source=0x1002 }
08-04 22:11:57.832 32178 32178 D AndroidRuntime: Shutting down VM
08-04 22:11:57.891 31231 31666 I art     : Explicit concurrent mark sweep GC freed 24(880B) AllocSpace objects, 0(0B) LOS objects, 30% free, 36MB/52MB, paused 574us total 64.590ms
08-04 22:11:57.898   512  2967 D audio_hw_primary: out_set_parameters: enter: usecase(1: low-latency-playback) kvpairs: routing=2
08-04 22:11:57.909 13866 13866 I GoogleInputMethodServic: GoogleInputMethodService.onFinishInput():3138 
08-04 22:11:57.910 13866 13866 I GoogleInputMethodServic: GoogleInputMethodService.onStartInput():1808 
08-04 22:11:57.911   512  2967 D audio_hw_primary: select_devices: out_snd_device(2: speaker) in_snd_device(0: none)
08-04 22:11:57.911   512  2967 D msm8974_platform: platform_send_audio_calibration: sending audio calibration for snd_device(2) acdb_id(15)
08-04 22:11:57.911   512  2967 I soundtrigger: audio_extn_sound_trigger_update_device_status: device 0x2 of type 0 for Event 1
08-04 22:11:57.922   512  2967 D audio_hw_primary: enable_snd_device: snd_device(2: speaker)
08-04 22:11:57.924 13866 13866 I GoogleInputMethodServic: GoogleInputMethodService.onFinishInput():3138 
08-04 22:11:57.925 13866 13866 I GoogleInputMethodServic: GoogleInputMethodService.onStartInput():1808 
08-04 22:11:57.925   512  2967 D audio_hw_primary: enable_audio_route: apply and update mixer path: low-latency-playback speaker
08-04 22:11:58.211 31231 31243 I art     : Starting a blocking GC Explicit
08-04 22:11:58.243 31231 31246 D OpenGLRenderer: endAllStagingAnimators on 0x7f949ef800 (ListPopupWindow$DropDownListView) with handle 0x7f7d296ca0
08-04 22:11:58.284 31231 31243 I art     : Explicit concurrent mark sweep GC freed 2333(123KB) AllocSpace objects, 1(20KB) LOS objects, 30% free, 36MB/52MB, paused 479us total 72.446ms
08-04 22:11:58.305 31231 31243 I art     : Starting a blocking GC Explicit
08-04 22:11:58.369 31231 31243 I art     : Explicit concurrent mark sweep GC freed 753(65KB) AllocSpace objects, 0(0B) LOS objects, 30% free, 36MB/52MB, paused 468us total 64.118ms
08-04 22:11:58.392 31231 31243 I art     : Starting a blocking GC Explicit
08-04 22:11:58.458   512  2967 D audio_hw_primary: disable_audio_route: reset and update mixer path: low-latency-playback speaker
08-04 22:11:58.460   512  2967 D audio_hw_primary: disable_snd_device: snd_device(2: speaker)
08-04 22:11:58.462 31231 31243 I art     : Explicit concurrent mark sweep GC freed 480(31KB) AllocSpace objects, 0(0B) LOS objects, 30% free, 36MB/52MB, paused 450us total 69.903ms
08-04 22:11:58.468   512  2967 I soundtrigger: audio_extn_sound_trigger_update_device_status: device 0x2 of type 0 for Event 0
08-04 22:11:58.485 31231 31243 I art     : Starting a blocking GC Explicit
08-04 22:11:58.558 31231 31243 I art     : Explicit concurrent mark sweep GC freed 3(96B) AllocSpace objects, 0(0B) LOS objects, 30% free, 36MB/52MB, paused 551us total 71.917ms
08-04 22:11:58.581 31231 31243 I art     : Starting a blocking GC Explicit
08-04 22:11:58.654 31231 31243 I art     : Explicit concurrent mark sweep GC freed 3(96B) AllocSpace objects, 0(0B) LOS objects, 30% free, 36MB/52MB, paused 472us total 72.745ms
08-04 22:11:58.992 31231 31244 I art     : Starting a blocking GC Explicit
08-04 22:11:59.080 31231 31244 I art     : Explicit concurrent mark sweep GC freed 1293(75KB) AllocSpace objects, 1(20KB) LOS objects, 30% free, 36MB/52MB, paused 461us total 87.891ms
08-04 22:11:59.088 13866 13882 I PeriodicStatsRunner: PeriodicStatsRunner.call():175 call()
08-04 22:11:59.088 13866 13882 I PeriodicStatsRunner: PeriodicStatsRunner.call():179 No submit PeriodicStats since input started.
08-04 22:11:59.100 13866 13882 I PeriodicStatsRunner: PeriodicStatsRunner.call():175 call()
08-04 22:11:59.101 13866 13882 I PeriodicStatsRunner: PeriodicStatsRunner.call():179 No submit PeriodicStats since input started.
08-04 22:11:59.103 31231 31244 I art     : Starting a blocking GC Explicit
08-04 22:11:59.167 31231 31244 I art     : Explicit concurrent mark sweep GC freed 18(624B) AllocSpace objects, 0(0B) LOS objects, 30% free, 36MB/52MB, paused 540us total 64.021ms
08-04 22:11:59.190 31231 31244 I art     : Starting a blocking GC Explicit
08-04 22:11:59.258 31231 31244 I art     : Explicit concurrent mark sweep GC freed 3(96B) AllocSpace objects, 0(0B) LOS objects, 30% free, 36MB/52MB, paused 507us total 68.354ms
08-04 22:11:59.281 31231 31244 I art     : Starting a blocking GC Explicit
08-04 22:11:59.350 31231 31244 I art     : Explicit concurrent mark sweep GC freed 3(96B) AllocSpace objects, 0(0B) LOS objects, 30% free, 36MB/52MB, paused 482us total 68.320ms
08-04 22:11:59.373 31231 31244 I art     : Starting a blocking GC Explicit
08-04 22:11:59.442 31231 31244 I art     : Explicit concurrent mark sweep GC freed 3(96B) AllocSpace objects, 0(0B) LOS objects, 30% free, 36MB/52MB, paused 455us total 68.431ms
08-04 22:11:59.621 32221 32221 D AndroidRuntime: >>>>>> START com.android.internal.os.RuntimeInit uid 2000 <<<<<<
08-04 22:11:59.628 32221 32221 D AndroidRuntime: CheckJNI is OFF
08-04 22:11:59.668 32221 32221 D ICU     : No timezone override file found: /data/misc/zoneinfo/current/icu/icu_tzdata.dat
08-04 22:11:59.710 32221 32221 I Radio-JNI: register_android_hardware_Radio DONE
08-04 22:11:59.740 32221 32221 D AndroidRuntime: Calling main entry com.android.commands.input.Input
08-04 22:11:59.742 32221 32221 I Input   : injectMotionEvent: MotionEvent { action=ACTION_DOWN, actionButton=0, id[0]=0, x[0]=648.0, y[0]=709.0, toolType[0]=TOOL_TYPE_UNKNOWN, buttonState=0, metaState=0, flags=0x0, edgeFlags=0x0, pointerCount=1, historySize=0, eventTime=742336155, downTime=742336155, deviceId=0, source=0x1002 }
08-04 22:11:59.746 32221 32221 I Input   : injectMotionEvent: MotionEvent { action=ACTION_UP, actionButton=0, id[0]=0, x[0]=648.0, y[0]=709.0, toolType[0]=TOOL_TYPE_UNKNOWN, buttonState=0, metaState=0, flags=0x0, edgeFlags=0x0, pointerCount=1, historySize=0, eventTime=742336155, downTime=742336155, deviceId=0, source=0x1002 }
08-04 22:11:59.748 32221 32221 D AndroidRuntime: Shutting down VM
08-04 22:11:59.785 31231 31666 I art     : Starting a blocking GC Explicit
08-04 22:11:59.814   512  2967 D audio_hw_primary: out_set_parameters: enter: usecase(1: low-latency-playback) kvpairs: routing=2
08-04 22:11:59.827   512  2967 D audio_hw_primary: select_devices: out_snd_device(2: speaker) in_snd_device(0: none)
08-04 22:11:59.828   512  2967 D msm8974_platform: platform_send_audio_calibration: sending audio calibration for snd_device(2) acdb_id(15)
08-04 22:11:59.828   512  2967 I soundtrigger: audio_extn_sound_trigger_update_device_status: device 0x2 of type 0 for Event 1
08-04 22:11:59.838   512  2967 D audio_hw_primary: enable_snd_device: snd_device(2: speaker)
08-04 22:11:59.841   512  2967 D audio_hw_primary: enable_audio_route: apply and update mixer path: low-latency-playback speaker
08-04 22:11:59.858 31231 31666 I art     : Explicit concurrent mark sweep GC freed 1894(122KB) AllocSpace objects, 2(40KB) LOS objects, 30% free, 36MB/52MB, paused 532us total 72.453ms
08-04 22:11:59.880 31231 31666 I art     : Starting a blocking GC Explicit
08-04 22:11:59.945 31231 31666 I art     : Explicit concurrent mark sweep GC freed 272(15KB) AllocSpace objects, 0(0B) LOS objects, 30% free, 36MB/52MB, paused 620us total 64.847ms
08-04 22:11:59.969 31231 31666 I art     : Starting a blocking GC Explicit
08-04 22:12:00.040 31231 31666 I art     : Explicit concurrent mark sweep GC freed 44(1792B) AllocSpace objects, 0(0B) LOS objects, 30% free, 36MB/52MB, paused 450us total 70.515ms
08-04 22:12:00.064 31231 31666 I art     : Starting a blocking GC Explicit
08-04 22:12:00.130 31231 31666 I art     : Explicit concurrent mark sweep GC freed 7(240B) AllocSpace objects, 0(0B) LOS objects, 30% free, 36MB/52MB, paused 524us total 65.701ms
08-04 22:12:00.153 31231 31666 I art     : Starting a blocking GC Explicit
08-04 22:12:00.226 31231 31666 I art     : Explicit concurrent mark sweep GC freed 3(96B) AllocSpace objects, 0(0B) LOS objects, 30% free, 36MB/52MB, paused 433us total 72.660ms
08-04 22:12:00.379   512  2967 D audio_hw_primary: disable_audio_route: reset and update mixer path: low-latency-playback speaker
08-04 22:12:00.381   512  2967 D audio_hw_primary: disable_snd_device: snd_device(2: speaker)
08-04 22:12:00.392   512  2967 I soundtrigger: audio_extn_sound_trigger_update_device_status: device 0x2 of type 0 for Event 0
08-04 22:12:00.571 31231 31666 I art     : Starting a blocking GC Explicit
08-04 22:12:00.658 31231 31666 I art     : Explicit concurrent mark sweep GC freed 1299(75KB) AllocSpace objects, 1(20KB) LOS objects, 30% free, 36MB/52MB, paused 527us total 86.332ms
08-04 22:12:00.681 31231 31666 I art     : Starting a blocking GC Explicit
08-04 22:12:00.751 31231 31666 I art     : Explicit concurrent mark sweep GC freed 24(816B) AllocSpace objects, 0(0B) LOS objects, 30% free, 36MB/52MB, paused 527us total 70.615ms
08-04 22:12:00.775 31231 31666 I art     : Starting a blocking GC Explicit
08-04 22:12:00.848 31231 31666 I art     : Explicit concurrent mark sweep GC freed 3(96B) AllocSpace objects, 0(0B) LOS objects, 30% free, 36MB/52MB, paused 521us total 72.878ms
08-04 22:12:00.872 31231 31666 I art     : Starting a blocking GC Explicit
08-04 22:12:00.946 31231 31666 I art     : Explicit concurrent mark sweep GC freed 3(96B) AllocSpace objects, 0(0B) LOS objects, 30% free, 36MB/52MB, paused 488us total 73.515ms
08-04 22:12:00.969 31231 31666 I art     : Starting a blocking GC Explicit
08-04 22:12:01.037 31231 31666 I art     : Explicit concurrent mark sweep GC freed 3(96B) AllocSpace objects, 0(0B) LOS objects, 30% free, 36MB/52MB, paused 469us total 67.838ms
08-04 22:12:01.348 31231 31244 I art     : Starting a blocking GC Explicit
08-04 22:12:01.431 31231 31244 I art     : Explicit concurrent mark sweep GC freed 1293(75KB) AllocSpace objects, 1(20KB) LOS objects, 30% free, 36MB/52MB, paused 506us total 82.548ms
08-04 22:12:01.455 31231 31244 I art     : Starting a blocking GC Explicit
08-04 22:12:01.520 32256 32256 D AndroidRuntime: >>>>>> START com.android.internal.os.RuntimeInit uid 2000 <<<<<<
08-04 22:12:01.527 32256 32256 D AndroidRuntime: CheckJNI is OFF
08-04 22:12:01.530 31231 31244 I art     : Explicit concurrent mark sweep GC freed 27(912B) AllocSpace objects, 0(0B) LOS objects, 30% free, 36MB/52MB, paused 632us total 74.579ms
08-04 22:12:01.556 31231 31244 I art     : Starting a blocking GC Explicit
08-04 22:12:01.575 32256 32256 D ICU     : No timezone override file found: /data/misc/zoneinfo/current/icu/icu_tzdata.dat
08-04 22:12:01.621 32256 32256 I Radio-JNI: register_android_hardware_Radio DONE
08-04 22:12:01.626 31231 31244 I art     : Explicit concurrent mark sweep GC freed 15(480B) AllocSpace objects, 0(0B) LOS objects, 30% free, 36MB/52MB, paused 508us total 69.812ms
08-04 22:12:01.650 31231 31244 I art     : Starting a blocking GC Explicit
08-04 22:12:01.652 32256 32256 D AndroidRuntime: Calling main entry com.android.commands.input.Input
08-04 22:12:01.654 32256 32256 I Input   : injectMotionEvent: MotionEvent { action=ACTION_DOWN, actionButton=0, id[0]=0, x[0]=1197.0, y[0]=1456.0, toolType[0]=TOOL_TYPE_UNKNOWN, buttonState=0, metaState=0, flags=0x0, edgeFlags=0x0, pointerCount=1, historySize=0, eventTime=742338066, downTime=742338066, deviceId=0, source=0x1002 }
08-04 22:12:01.663 32256 32256 I Input   : injectMotionEvent: MotionEvent { action=ACTION_UP, actionButton=0, id[0]=0, x[0]=1197.0, y[0]=1456.0, toolType[0]=TOOL_TYPE_UNKNOWN, buttonState=0, metaState=0, flags=0x0, edgeFlags=0x0, pointerCount=1, historySize=0, eventTime=742338066, downTime=742338066, deviceId=0, source=0x1002 }
08-04 22:12:01.665 32256 32256 D AndroidRuntime: Shutting down VM
08-04 22:12:01.678   512  2967 D audio_hw_primary: out_set_parameters: enter: usecase(1: low-latency-playback) kvpairs: routing=2
08-04 22:12:01.691   512  2967 D audio_hw_primary: select_devices: out_snd_device(2: speaker) in_snd_device(0: none)
08-04 22:12:01.691   512  2967 D msm8974_platform: platform_send_audio_calibration: sending audio calibration for snd_device(2) acdb_id(15)
08-04 22:12:01.692   512  2967 I soundtrigger: audio_extn_sound_trigger_update_device_status: device 0x2 of type 0 for Event 1
08-04 22:12:01.700 31231 31246 D OpenGLRenderer: endAllStagingAnimators on 0x7f94a3f800 (RippleDrawable) with handle 0x7f7d296d20
08-04 22:12:01.704   512  2967 D audio_hw_primary: enable_snd_device: snd_device(2: speaker)
08-04 22:12:01.706   512  2967 D audio_hw_primary: enable_audio_route: apply and update mixer path: low-latency-playback speaker
08-04 22:12:01.708 31231 31231 I SettingsManager: Setting string: savedCourse
08-04 22:12:01.715   918  4413 W BackupManagerService: dataChanged but no participant pkg='baseline.com.ak.uobtimetable' uid=10659
08-04 22:12:01.716   918  3359 I ActivityManager: START u0 {flg=0x4000000 cmp=baseline.com.ak.uobtimetable/.MainActivity (has extras)} from uid 10659 on display 0
08-04 22:12:01.721 31231 31244 I art     : Explicit concurrent mark sweep GC freed 2415(124KB) AllocSpace objects, 1(20KB) LOS objects, 30% free, 36MB/52MB, paused 567us total 70.706ms
08-04 22:12:01.734   918  3961 W InputMethodManagerService: Focus gain on non-focused client com.android.internal.view.IInputMethodClient$Stub$Proxy@b45724f (uid=10659 pid=31231)
08-04 22:12:01.744 31231 31244 I art     : Starting a blocking GC Explicit
08-04 22:12:01.751 31231 31231 D MainActivity: OnDestroy
08-04 22:12:01.773 31231 31231 D MainActivity: onCreate
08-04 22:12:01.774 31231 31231 I SettingsManager: Getting string: savedSessions
08-04 22:12:01.774 31231 31231 I SettingsManager: Getting string: savedSessions
08-04 22:12:01.784 31231 31231 I SettingsManager: Getting string: savedSessionsCourseName
08-04 22:12:01.784 31231 31231 I SettingsManager: Getting string: savedSessionsCourseName
08-04 22:12:01.784 31231 31231 I SettingsManager: Getting string: savedSessionsDateRange
08-04 22:12:01.784 31231 31231 I SettingsManager: Getting string: savedSessionsDateRange
08-04 22:12:01.784 31231 31231 I Settings: 10 saved sessions - Bedfordshire International and EU Foundation Year - Int Foun - Ltn - Y0 Feb FT - Weeks: 24-38 (8 Jun 2020-20 Sep 2020)
08-04 22:12:01.814 31231 31244 I art     : Explicit concurrent mark sweep GC freed 8692(404KB) AllocSpace objects, 0(0B) LOS objects, 29% free, 38MB/54MB, paused 771us total 69.659ms
08-04 22:12:01.829 31231 31231 I SettingsManager: Getting string: savedCourse
08-04 22:12:01.830 31231 31231 D MainActivity: sessionListFragmentArg: updateSessions
08-04 22:12:01.831 31231 31231 D MainActivity: showTermDatesConfigChange: false
08-04 22:12:01.831 31231 31231 D MainActivity: showTermDatesShortcut: false
08-04 22:12:01.832 31231 31231 D MainActivity: Setting initial fragment: SessionListsFragment
08-04 22:12:01.833 31231 31231 I SettingsManager: Getting int: launchCount
08-04 22:12:01.833 31231 31231 D SessionListsFragment: onCreateView
08-04 22:12:01.838 31231 31231 I SettingsManager: Getting string: savedCourse
08-04 22:12:01.843 31231 31231 I SettingsManager: Getting string: savedSessions
08-04 22:12:01.852 31231 31231 D SessionListsFragment: loadArgument: updateSessions
08-04 22:12:01.853 31231 31231 D SessionListsFragment: initialIndex: -1
08-04 22:12:01.855 31231 32280 D HTTP    : Request for: https://uob-timetable-api.adriankeenan.co.uk/sessions?dept=CM010&course=BSAIFAAF%2F02AA%2F0%2FFT&level=Foundation+Year
08-04 22:12:01.869 31231 31231 D TermDatesFragment: WebView loaded
08-04 22:12:01.869 31231 31231 D MainActivity: OnResume
08-04 22:12:01.953 31231 31231 I TermDatesFragment: Webview load %: 10
08-04 22:12:01.985   918   936 I ActivityManager: Displayed baseline.com.ak.uobtimetable/.MainActivity: +248ms
08-04 22:12:01.985 13866 13866 I GoogleInputMethodServic: GoogleInputMethodService.onFinishInput():3138 
08-04 22:12:01.986 13866 13866 I GoogleInputMethodServic: GoogleInputMethodService.onStartInput():1808 
08-04 22:12:02.118 31231 31243 I art     : Starting a blocking GC Explicit
08-04 22:12:02.133 31231 32280 I NAPPA_EXPERIMENTATION: MetricNetworkRequestExecutionTime: REQUEST_DURATION_SYSTEM='277',REQUEST_DURATION_OKHTTP='36',REQUEST_SYNCHRONOUS='TRUE',RESPONSE_CODE='200',RESPONSE_METHOD='GET',RESPONSE_LENGTH_OKHTTP='-1',RESPONSE_LENGTH_HEADER='1214',REQUEST_PROTOCOL='http/1.1',REQUEST_URL='https://uob-timetable-api.adriankeenan.co.uk/sessions?dept=CM010&course=BSAIFAAF%2F02AA%2F0%2FFT&level=Foundation+Year',
08-04 22:12:02.145 31231 31231 I TermDatesFragment: Webview load %: 70
08-04 22:12:02.155 31231 31231 I TermDatesFragment: Webview load %: 100
08-04 22:12:02.156 31231 31231 I TermDatesFragment: Webview load %: 100
08-04 22:12:02.190 31231 32280 I HTTP    : Response was compressed.
08-04 22:12:02.197 31231 31243 I art     : Explicit concurrent mark sweep GC freed 15163(789KB) AllocSpace objects, 7(1600KB) LOS objects, 29% free, 37MB/53MB, paused 761us total 78.859ms
08-04 22:12:02.205 31231 32280 I Service : getSessions response time: 1.10
08-04 22:12:02.206 31231 31231 I SettingsManager: Getting string: savedSessions
08-04 22:12:02.207 31231 31231 I SettingsManager: Getting string: savedSessions
08-04 22:12:02.218 31231 31231 I Service : Sessions updated: 10
08-04 22:12:02.218 31231 31231 I Service : Sessions removed from new list: 0
08-04 22:12:02.219 31231 31243 I art     : Starting a blocking GC Explicit
08-04 22:12:02.233 31231 31231 I SettingsManager: Setting string: savedSessions
08-04 22:12:02.241   918  6029 W BackupManagerService: dataChanged but no participant pkg='baseline.com.ak.uobtimetable' uid=10659
08-04 22:12:02.242 31231 31231 I SettingsManager: Setting date: savedSessionsTime
08-04 22:12:02.248   512  2967 D audio_hw_primary: disable_audio_route: reset and update mixer path: low-latency-playback speaker
08-04 22:12:02.249   918  5481 W BackupManagerService: dataChanged but no participant pkg='baseline.com.ak.uobtimetable' uid=10659
08-04 22:12:02.249   512  2967 D audio_hw_primary: disable_snd_device: snd_device(2: speaker)
08-04 22:12:02.249 31231 31231 I SettingsManager: Setting string: savedSessionsCourseName
08-04 22:12:02.256   918  5132 W BackupManagerService: dataChanged but no participant pkg='baseline.com.ak.uobtimetable' uid=10659
08-04 22:12:02.257 31231 31231 I SettingsManager: Setting string: savedSessionsDateRange
08-04 22:12:02.257   918  3696 W BackupManagerService: dataChanged but no participant pkg='baseline.com.ak.uobtimetable' uid=10659
08-04 22:12:02.258   512  2967 I soundtrigger: audio_extn_sound_trigger_update_device_status: device 0x2 of type 0 for Event 0
08-04 22:12:02.258 31231 31231 I SettingsManager: Setting string: timetableUrl
08-04 22:12:02.258   918  5952 W BackupManagerService: dataChanged but no participant pkg='baseline.com.ak.uobtimetable' uid=10659
08-04 22:12:02.259 31231 31231 I SettingsManager: Getting boolean: notifySessionRemindersEnabled
08-04 22:12:02.259 31231 31231 I SettingsManager: Getting int: notifySessionRemindersMinutes
08-04 22:12:02.259 31231 31231 I SettingsManager: Getting boolean: showHiddenSessions
08-04 22:12:02.261 31231 31231 I SessionReminderNotifier: Created session reminder alarm for f7b4771250a919bd729c1c5a4a459c77 at Mon 08:30:00 10/08/20
08-04 22:12:02.264 31231 31231 I SessionReminderNotifier: Created session reminder alarm for a7f879aabdeb78622c8820a5fb7b64cd at Tue 08:30:00 11/08/20
08-04 22:12:02.266 31231 31231 I SessionReminderNotifier: Created session reminder alarm for 7bc8d7e2c2055711f597c3d9078c6ea3 at Tue 08:30:00 11/08/20
08-04 22:12:02.268 31231 31231 I SessionReminderNotifier: Created session reminder alarm for 53c0527a6f009a1f2fd223834d3bfe51 at Tue 10:30:00 11/08/20
08-04 22:12:02.271 31231 31231 I SessionReminderNotifier: Created session reminder alarm for e0fc978b5db8218778540b4053344581 at Tue 11:00:00 11/08/20
08-04 22:12:02.273 31231 31231 I SessionReminderNotifier: Created session reminder alarm for 199afb0100f329ff65a09e1b0cd9deba at Tue 11:30:00 11/08/20
08-04 22:12:02.276 31231 31231 I SessionReminderNotifier: Created session reminder alarm for 21712fef61090882c855a1425543edb5 at Tue 13:30:00 11/08/20
08-04 22:12:02.279 31231 31231 I SessionReminderNotifier: Created session reminder alarm for 65ca4d97f031f29a4d02bbb45a705d8f at Wed 08:30:00 05/08/20
08-04 22:12:02.281 31231 31231 I SessionReminderNotifier: Created session reminder alarm for eeda7741b0bcab58fd9f46dc6ef1d942 at Wed 08:30:00 05/08/20
08-04 22:12:02.283 31231 31243 I art     : Explicit concurrent mark sweep GC freed 44891(2MB) AllocSpace objects, 6(172KB) LOS objects, 30% free, 36MB/52MB, paused 676us total 63.616ms
08-04 22:12:02.284 31231 31231 I SessionReminderNotifier: Created session reminder alarm for c276c1b2075a0beb67f1b3d1e580f920 at Wed 11:00:00 05/08/20
08-04 22:12:02.286 31231 31231 I SessionReminderNotifier: Created session reminder alarm for 8b1f3627e42ae13a6f6ba0a83903dde1 at Wed 13:30:00 05/08/20
08-04 22:12:02.291 31231 31231 I SessionReminderNotifier: Created session reminder alarm for 79fe0b5c3b887a13ba29db5a33fa2800 at Thu 08:30:00 06/08/20
08-04 22:12:02.293 31231 31231 I SessionReminderNotifier: Created session reminder alarm for cb9dfc8231cdba2be0835dc5709690e1 at Thu 08:30:00 06/08/20
08-04 22:12:02.295 31231 31231 I SessionReminderNotifier: Created session reminder alarm for f850dc24d6de60b7b89fa9e1a8c224c5 at Thu 12:00:00 06/08/20
08-04 22:12:02.297 31231 31231 I SessionReminderNotifier: Created session reminder alarm for 2ba1034116e4fffdd592dbf0796a43d5 at Fri 08:30:00 07/08/20
08-04 22:12:02.297 31231 31231 I SettingsManager: Getting boolean: showHiddenSessions
08-04 22:12:02.297 31231 31231 D SessionListsFragment: 1 sessions for day 0
08-04 22:12:02.297 31231 31231 D SessionListsFragment: 6 sessions for day 1
08-04 22:12:02.297 31231 31231 D SessionListsFragment: 4 sessions for day 2
08-04 22:12:02.297 31231 31231 D SessionListsFragment: 3 sessions for day 3
08-04 22:12:02.297 31231 31231 D SessionListsFragment: 1 sessions for day 4
08-04 22:12:02.304 31231 31243 I art     : Starting a blocking GC Explicit
08-04 22:12:02.346 31231 31231 I SettingsManager: Getting boolean: showHiddenSessions
08-04 22:12:02.347 31231 31231 D SessionListsFragment: Refreshed ViewPager
08-04 22:12:02.347 31231 31231 I SettingsManager: Getting boolean: showHiddenSessions
08-04 22:12:02.347 31231 31231 I SettingsManager: Getting boolean: completedTutorial
08-04 22:12:02.347 31231 31231 I SettingsManager: Getting boolean: showHiddenSessions
08-04 22:12:02.347 31231 31231 I SettingsManager: Getting date: savedSessionsTime
08-04 22:12:02.363 31231 31243 I art     : Explicit concurrent mark sweep GC freed 5339(275KB) AllocSpace objects, 0(0B) LOS objects, 30% free, 36MB/52MB, paused 1.468ms total 58.834ms
08-04 22:12:02.384 31231 31243 I art     : Starting a blocking GC Explicit
08-04 22:12:02.453 31231 31243 I art     : Explicit concurrent mark sweep GC freed 30091(1202KB) AllocSpace objects, 0(0B) LOS objects, 30% free, 36MB/52MB, paused 1.476ms total 68.672ms
08-04 22:12:02.475 31231 31243 I art     : Starting a blocking GC Explicit
08-04 22:12:02.545 31231 31243 I art     : Explicit concurrent mark sweep GC freed 30196(1236KB) AllocSpace objects, 0(0B) LOS objects, 30% free, 36MB/52MB, paused 1.395ms total 69.852ms
08-04 22:12:02.863 31231 31252 I art     : Starting a blocking GC Explicit
08-04 22:12:02.910 13866 13882 I PeriodicStatsRunner: PeriodicStatsRunner.call():175 call()
08-04 22:12:02.910 13866 13882 I PeriodicStatsRunner: PeriodicStatsRunner.call():179 No submit PeriodicStats since input started.
08-04 22:12:02.925 13866 13882 I PeriodicStatsRunner: PeriodicStatsRunner.call():175 call()
08-04 22:12:02.925 13866 13882 I PeriodicStatsRunner: PeriodicStatsRunner.call():179 No submit PeriodicStats since input started.
08-04 22:12:02.958 31231 31252 I art     : Explicit concurrent mark sweep GC freed 129407(5MB) AllocSpace objects, 1(20KB) LOS objects, 29% free, 37MB/53MB, paused 1.393ms total 95.358ms
08-04 22:12:02.958 31231 31242 I art     : WaitForGcToComplete blocked for 67.168ms for cause HeapTrim
08-04 22:12:02.982 31231 31252 I art     : Starting a blocking GC Explicit
08-04 22:12:03.060 31231 31252 I art     : Explicit concurrent mark sweep GC freed 40164(1791KB) AllocSpace objects, 0(0B) LOS objects, 29% free, 37MB/53MB, paused 1.486ms total 78.051ms
08-04 22:12:03.083 31231 31252 I art     : Starting a blocking GC Explicit
08-04 22:12:03.166 31231 31252 I art     : Explicit concurrent mark sweep GC freed 34030(1410KB) AllocSpace objects, 0(0B) LOS objects, 29% free, 37MB/53MB, paused 1.370ms total 82.655ms
08-04 22:12:03.189 31231 31252 I art     : Starting a blocking GC Explicit
08-04 22:12:03.207 31231 31231 I Choreographer: Skipped 50 frames!  The application may be doing too much work on its main thread.
08-04 22:12:03.261 31231 31252 I art     : Explicit concurrent mark sweep GC freed 11708(501KB) AllocSpace objects, 0(0B) LOS objects, 29% free, 37MB/53MB, paused 762us total 72.173ms
08-04 22:12:03.283 31231 31252 I art     : Starting a blocking GC Explicit
08-04 22:12:03.339 31231 31252 I art     : Explicit concurrent mark sweep GC freed 122108(11MB) AllocSpace objects, 3(136KB) LOS objects, 37% free, 26MB/42MB, paused 498us total 55.794ms
08-04 22:12:03.685 31231 31244 I art     : Starting a blocking GC Explicit
08-04 22:12:03.747 31231 31244 I art     : Explicit concurrent mark sweep GC freed 1517(85KB) AllocSpace objects, 1(20KB) LOS objects, 37% free, 26MB/42MB, paused 600us total 61.321ms
08-04 22:12:03.768 31231 31244 I art     : Starting a blocking GC Explicit
08-04 22:12:03.808 31231 31244 I art     : Explicit concurrent mark sweep GC freed 18(624B) AllocSpace objects, 0(0B) LOS objects, 37% free, 26MB/42MB, paused 517us total 40.318ms
08-04 22:12:03.824 31231 31244 I art     : Starting a blocking GC Explicit
08-04 22:12:03.830 24365 23444 I NetworkScheduler.Stats: Task com.google.android.gms/com.google.android.gms.icing.service.IcingGcmTaskService started execution. cause:4 exec_start_elapsed_seconds: 1725727 [CONTEXT service_id=218 ]
08-04 22:12:03.842 24365  9563 I NetworkScheduler.Stats: Task com.google.android.gms/com.google.android.gms.icing.service.IcingGcmTaskService finished executing. cause:4 result: 1 elapsed_millis: 34 uptime_millis: 33 exec_start_elapsed_seconds: 1725727 [CONTEXT service_id=218 ]
08-04 22:12:03.861 31231 31244 I art     : Explicit concurrent mark sweep GC freed 3(96B) AllocSpace objects, 0(0B) LOS objects, 37% free, 26MB/42MB, paused 508us total 37.334ms
08-04 22:12:03.875 31231 31244 I art     : Starting a blocking GC Explicit
08-04 22:12:03.916 31231 31244 I art     : Explicit concurrent mark sweep GC freed 4(160B) AllocSpace objects, 0(0B) LOS objects, 37% free, 26MB/42MB, paused 571us total 40.269ms
08-04 22:12:03.931 31231 31244 I art     : Starting a blocking GC Explicit
08-04 22:12:03.976 31231 31244 I art     : Explicit concurrent mark sweep GC freed 28(992B) AllocSpace objects, 0(0B) LOS objects, 37% free, 26MB/42MB, paused 544us total 44.552ms
08-04 22:12:04.337 31231 31243 I art     : Starting a blocking GC Explicit
08-04 22:12:04.392 31231 31243 I art     : Explicit concurrent mark sweep GC freed 1419(79KB) AllocSpace objects, 1(20KB) LOS objects, 37% free, 26MB/42MB, paused 519us total 54.239ms
08-04 22:12:04.408 31231 31243 I art     : Starting a blocking GC Explicit
08-04 22:12:04.454 31231 31243 I art     : Explicit concurrent mark sweep GC freed 18(624B) AllocSpace objects, 0(0B) LOS objects, 37% free, 26MB/42MB, paused 545us total 45.495ms
08-04 22:12:04.470 31231 31243 I art     : Starting a blocking GC Explicit
08-04 22:12:04.515 31231 31243 I art     : Explicit concurrent mark sweep GC freed 3(96B) AllocSpace objects, 0(0B) LOS objects, 37% free, 26MB/42MB, paused 505us total 44.850ms
08-04 22:12:04.531 31231 31243 I art     : Starting a blocking GC Explicit
08-04 22:12:04.579 31231 31243 I art     : Explicit concurrent mark sweep GC freed 3(96B) AllocSpace objects, 0(0B) LOS objects, 37% free, 26MB/42MB, paused 558us total 47.104ms
08-04 22:12:04.595 31231 31243 I art     : Starting a blocking GC Explicit
08-04 22:12:04.643 31231 31243 I art     : Explicit concurrent mark sweep GC freed 3(96B) AllocSpace objects, 0(0B) LOS objects, 37% free, 26MB/42MB, paused 502us total 46.962ms
08-04 22:12:05.002 31231 31252 I art     : Starting a blocking GC Explicit
08-04 22:12:05.060 31231 31252 I art     : Explicit concurrent mark sweep GC freed 1293(75KB) AllocSpace objects, 1(20KB) LOS objects, 37% free, 26MB/42MB, paused 614us total 56.962ms
08-04 22:12:05.079 31231 31252 I art     : Starting a blocking GC Explicit
08-04 22:12:05.129 31231 31252 I art     : Explicit concurrent mark sweep GC freed 18(624B) AllocSpace objects, 0(0B) LOS objects, 37% free, 26MB/42MB, paused 639us total 50.060ms
08-04 22:12:05.150 31231 31252 I art     : Starting a blocking GC Explicit
08-04 22:12:05.196 31231 31252 I art     : Explicit concurrent mark sweep GC freed 3(96B) AllocSpace objects, 0(0B) LOS objects, 37% free, 26MB/42MB, paused 561us total 45.667ms
08-04 22:12:05.212 31231 31252 I art     : Starting a blocking GC Explicit
08-04 22:12:05.259 31231 31252 I art     : Explicit concurrent mark sweep GC freed 6(192B) AllocSpace objects, 0(0B) LOS objects, 37% free, 26MB/42MB, paused 492us total 46.145ms
08-04 22:12:05.275 31231 31252 I art     : Starting a blocking GC Explicit
08-04 22:12:05.320 31231 31252 I art     : Explicit concurrent mark sweep GC freed 13(592B) AllocSpace objects, 0(0B) LOS objects, 37% free, 26MB/42MB, paused 527us total 44.732ms
08-04 22:12:05.669 31231 31666 I art     : Starting a blocking GC Explicit
08-04 22:12:05.729 31231 31666 I art     : Explicit concurrent mark sweep GC freed 1304(76KB) AllocSpace objects, 1(20KB) LOS objects, 37% free, 26MB/42MB, paused 586us total 59.638ms
08-04 22:12:05.748 31231 31666 I art     : Starting a blocking GC Explicit
08-04 22:12:05.792 31231 31666 I art     : Explicit concurrent mark sweep GC freed 18(624B) AllocSpace objects, 0(0B) LOS objects, 37% free, 26MB/42MB, paused 517us total 44.090ms
08-04 22:12:05.809 31231 31666 I art     : Starting a blocking GC Explicit
08-04 22:12:05.857 31231 31666 I art     : Explicit concurrent mark sweep GC freed 3(96B) AllocSpace objects, 0(0B) LOS objects, 37% free, 26MB/42MB, paused 506us total 47.560ms
08-04 22:12:05.873 31231 31666 I art     : Starting a blocking GC Explicit
08-04 22:12:05.916 31231 31666 I art     : Explicit concurrent mark sweep GC freed 3(96B) AllocSpace objects, 0(0B) LOS objects, 37% free, 26MB/42MB, paused 455us total 41.840ms
08-04 22:12:05.932 31231 31666 I art     : Starting a blocking GC Explicit
08-04 22:12:05.973 31231 31666 I art     : Explicit concurrent mark sweep GC freed 3(96B) AllocSpace objects, 0(0B) LOS objects, 37% free, 26MB/42MB, paused 454us total 41.101ms
08-04 22:12:06.292 31231 31244 I art     : Starting a blocking GC Explicit
08-04 22:12:06.339 31231 31244 I art     : Explicit concurrent mark sweep GC freed 1306(76KB) AllocSpace objects, 1(20KB) LOS objects, 37% free, 26MB/42MB, paused 582us total 46.575ms
08-04 22:12:06.356 31231 31244 I art     : Starting a blocking GC Explicit
08-04 22:12:06.396 31231 31244 I art     : Explicit concurrent mark sweep GC freed 21(672B) AllocSpace objects, 0(0B) LOS objects, 37% free, 26MB/42MB, paused 500us total 39.691ms
08-04 22:12:06.412 31231 31244 I art     : Starting a blocking GC Explicit
08-04 22:12:06.451 31231 31244 I art     : Explicit concurrent mark sweep GC freed 30(1152B) AllocSpace objects, 0(0B) LOS objects, 37% free, 26MB/42MB, paused 467us total 38.706ms
08-04 22:12:06.466 32345 32345 D AndroidRuntime: >>>>>> START com.android.internal.os.RuntimeInit uid 2000 <<<<<<
08-04 22:12:06.467 31231 31244 I art     : Starting a blocking GC Explicit
08-04 22:12:06.472 32345 32345 D AndroidRuntime: CheckJNI is OFF
08-04 22:12:06.509 31231 31244 I art     : Explicit concurrent mark sweep GC freed 56(1712B) AllocSpace objects, 0(0B) LOS objects, 37% free, 26MB/42MB, paused 520us total 41.098ms
08-04 22:12:06.516 32345 32345 D ICU     : No timezone override file found: /data/misc/zoneinfo/current/icu/icu_tzdata.dat
08-04 22:12:06.524 31231 31244 I art     : Starting a blocking GC Explicit
08-04 22:12:06.561 32345 32345 I Radio-JNI: register_android_hardware_Radio DONE
08-04 22:12:06.566 31231 31244 I art     : Explicit concurrent mark sweep GC freed 151(10KB) AllocSpace objects, 0(0B) LOS objects, 37% free, 26MB/42MB, paused 530us total 41.716ms
08-04 22:12:06.592 32345 32345 D AndroidRuntime: Calling main entry com.android.commands.input.Input
08-04 22:12:06.595 32345 32345 I Input   : injectMotionEvent: MotionEvent { action=ACTION_DOWN, actionButton=0, id[0]=0, x[0]=81.0, y[0]=176.0, toolType[0]=TOOL_TYPE_UNKNOWN, buttonState=0, metaState=0, flags=0x0, edgeFlags=0x0, pointerCount=1, historySize=0, eventTime=742343007, downTime=742343007, deviceId=0, source=0x1002 }
08-04 22:12:06.601 32345 32345 I Input   : injectMotionEvent: MotionEvent { action=ACTION_UP, actionButton=0, id[0]=0, x[0]=81.0, y[0]=176.0, toolType[0]=TOOL_TYPE_UNKNOWN, buttonState=0, metaState=0, flags=0x0, edgeFlags=0x0, pointerCount=1, historySize=0, eventTime=742343007, downTime=742343007, deviceId=0, source=0x1002 }
08-04 22:12:06.603 32345 32345 D AndroidRuntime: Shutting down VM
08-04 22:12:06.618   512  2967 D audio_hw_primary: out_set_parameters: enter: usecase(1: low-latency-playback) kvpairs: routing=2
08-04 22:12:06.631   512  2967 D audio_hw_primary: select_devices: out_snd_device(2: speaker) in_snd_device(0: none)
08-04 22:12:06.631   512  2967 D msm8974_platform: platform_send_audio_calibration: sending audio calibration for snd_device(2) acdb_id(15)
08-04 22:12:06.631   512  2967 I soundtrigger: audio_extn_sound_trigger_update_device_status: device 0x2 of type 0 for Event 1
08-04 22:12:06.648   512  2967 D audio_hw_primary: enable_snd_device: snd_device(2: speaker)
08-04 22:12:06.651   512  2967 D audio_hw_primary: enable_audio_route: apply and update mixer path: low-latency-playback speaker
08-04 22:12:06.654 13866 13866 I GoogleInputMethodServic: GoogleInputMethodService.onFinishInput():3138 
08-04 22:12:06.657 13866 13866 I GoogleInputMethodServic: GoogleInputMethodService.onStartInput():1808 
08-04 22:12:06.875 31231 31244 I art     : Starting a blocking GC Explicit
08-04 22:12:06.918 31231 31244 I art     : Explicit concurrent mark sweep GC freed 1710(96KB) AllocSpace objects, 1(20KB) LOS objects, 37% free, 26MB/42MB, paused 527us total 43.132ms
08-04 22:12:06.935 31231 31244 I art     : Starting a blocking GC Explicit
08-04 22:12:06.974 31231 31244 I art     : Explicit concurrent mark sweep GC freed 28(1120B) AllocSpace objects, 0(0B) LOS objects, 37% free, 26MB/42MB, paused 460us total 39.499ms
08-04 22:12:06.986 13866 13882 I PeriodicStatsRunner: PeriodicStatsRunner.call():175 call()
08-04 22:12:06.987 13866 13882 I PeriodicStatsRunner: PeriodicStatsRunner.call():179 No submit PeriodicStats since input started.
08-04 22:12:06.990 31231 31244 I art     : Starting a blocking GC Explicit
08-04 22:12:07.027 31231 31244 I art     : Explicit concurrent mark sweep GC freed 9(288B) AllocSpace objects, 0(0B) LOS objects, 37% free, 26MB/42MB, paused 460us total 36.553ms
08-04 22:12:07.042 31231 31244 I art     : Starting a blocking GC Explicit
08-04 22:12:07.082 31231 31244 I art     : Explicit concurrent mark sweep GC freed 6(224B) AllocSpace objects, 0(0B) LOS objects, 37% free, 26MB/42MB, paused 531us total 39.830ms
08-04 22:12:07.098 31231 31244 I art     : Starting a blocking GC Explicit
08-04 22:12:07.137 31231 31244 I art     : Explicit concurrent mark sweep GC freed 5(160B) AllocSpace objects, 0(0B) LOS objects, 37% free, 26MB/42MB, paused 456us total 38.869ms
08-04 22:12:07.189   512  2967 D audio_hw_primary: disable_audio_route: reset and update mixer path: low-latency-playback speaker
08-04 22:12:07.190   512  2967 D audio_hw_primary: disable_snd_device: snd_device(2: speaker)
08-04 22:12:07.198   512  2967 I soundtrigger: audio_extn_sound_trigger_update_device_status: device 0x2 of type 0 for Event 0
08-04 22:12:07.356 25039 25039 I Atfwd_Sendcmd: AtCmdFwd service not ready - Exhausted retry attempts - :6
08-04 22:12:07.357 25039 25039 I Atfwd_Daemon: result : -1 	 ,Init step :2 	 ,qmiErrorCode: 0
08-04 22:12:07.451 31231 31244 I art     : Starting a blocking GC Explicit
08-04 22:12:07.509 31231 31244 I art     : Explicit concurrent mark sweep GC freed 1293(75KB) AllocSpace objects, 1(20KB) LOS objects, 37% free, 26MB/42MB, paused 770us total 57.395ms
08-04 22:12:07.528 31231 31244 I art     : Starting a blocking GC Explicit
08-04 22:12:07.571 31231 31244 I art     : Explicit concurrent mark sweep GC freed 20(688B) AllocSpace objects, 0(0B) LOS objects, 37% free, 26MB/42MB, paused 499us total 43.007ms
08-04 22:12:07.587 31231 31244 I art     : Starting a blocking GC Explicit
08-04 22:12:07.629 31231 31244 I art     : Explicit concurrent mark sweep GC freed 3(96B) AllocSpace objects, 0(0B) LOS objects, 37% free, 26MB/42MB, paused 491us total 41.856ms
08-04 22:12:07.644 31231 31244 I art     : Starting a blocking GC Explicit
08-04 22:12:07.686 31231 31244 I art     : Explicit concurrent mark sweep GC freed 3(96B) AllocSpace objects, 0(0B) LOS objects, 37% free, 26MB/42MB, paused 496us total 41.810ms
08-04 22:12:07.702 31231 31244 I art     : Starting a blocking GC Explicit
08-04 22:12:07.745 31231 31244 I art     : Explicit concurrent mark sweep GC freed 3(96B) AllocSpace objects, 0(0B) LOS objects, 37% free, 26MB/42MB, paused 497us total 42.955ms
08-04 22:12:08.043 31231 31252 I art     : Starting a blocking GC Explicit
08-04 22:12:08.093 31231 31252 I art     : Explicit concurrent mark sweep GC freed 1293(75KB) AllocSpace objects, 1(20KB) LOS objects, 37% free, 26MB/42MB, paused 487us total 49.385ms
08-04 22:12:08.093 31231 31242 I art     : WaitForGcToComplete blocked for 32.763ms for cause HeapTrim
08-04 22:12:08.108 31231 31252 I art     : Starting a blocking GC Explicit
08-04 22:12:08.149 31231 31252 I art     : Explicit concurrent mark sweep GC freed 18(624B) AllocSpace objects, 0(0B) LOS objects, 37% free, 26MB/42MB, paused 495us total 40.858ms
08-04 22:12:08.164 31231 31252 I art     : Starting a blocking GC Explicit
08-04 22:12:08.204 31231 31252 I art     : Explicit concurrent mark sweep GC freed 3(96B) AllocSpace objects, 0(0B) LOS objects, 37% free, 26MB/42MB, paused 472us total 39.704ms
08-04 22:12:08.219 31231 31252 I art     : Starting a blocking GC Explicit
08-04 22:12:08.259 31231 31252 I art     : Explicit concurrent mark sweep GC freed 4(128B) AllocSpace objects, 0(0B) LOS objects, 37% free, 26MB/42MB, paused 534us total 39.601ms
08-04 22:12:08.275 31231 31252 I art     : Starting a blocking GC Explicit
08-04 22:12:08.321 31231 31252 I art     : Explicit concurrent mark sweep GC freed 10(320B) AllocSpace objects, 0(0B) LOS objects, 37% free, 26MB/42MB, paused 484us total 45.902ms
08-04 22:12:08.397 32389 32389 D AndroidRuntime: >>>>>> START com.android.internal.os.RuntimeInit uid 2000 <<<<<<
08-04 22:12:08.403 32389 32389 D AndroidRuntime: CheckJNI is OFF
08-04 22:12:08.448 32389 32389 D ICU     : No timezone override file found: /data/misc/zoneinfo/current/icu/icu_tzdata.dat
08-04 22:12:08.493 32389 32389 I Radio-JNI: register_android_hardware_Radio DONE
08-04 22:12:08.521 32389 32389 D AndroidRuntime: Calling main entry com.android.commands.input.Input
08-04 22:12:08.523 32389 32389 I Input   : injectMotionEvent: MotionEvent { action=ACTION_DOWN, actionButton=0, id[0]=0, x[0]=436.0, y[0]=1770.0, toolType[0]=TOOL_TYPE_UNKNOWN, buttonState=0, metaState=0, flags=0x0, edgeFlags=0x0, pointerCount=1, historySize=0, eventTime=742344935, downTime=742344935, deviceId=0, source=0x1002 }
08-04 22:12:08.528 32389 32389 I Input   : injectMotionEvent: MotionEvent { action=ACTION_UP, actionButton=0, id[0]=0, x[0]=436.0, y[0]=1770.0, toolType[0]=TOOL_TYPE_UNKNOWN, buttonState=0, metaState=0, flags=0x0, edgeFlags=0x0, pointerCount=1, historySize=0, eventTime=742344935, downTime=742344935, deviceId=0, source=0x1002 }
08-04 22:12:08.530 32389 32389 D AndroidRuntime: Shutting down VM
08-04 22:12:08.533 31231 31231 D MainActivity: NavigationItemSelected: Courses
08-04 22:12:08.535   918  5952 I ActivityManager: START u0 {cmp=baseline.com.ak.uobtimetable/.CourseListActivity} from uid 10659 on display 0
08-04 22:12:08.537   512  2967 D audio_hw_primary: out_set_parameters: enter: usecase(1: low-latency-playback) kvpairs: routing=2
08-04 22:12:08.545 31231 31231 D MainActivity: OnPause
08-04 22:12:08.550   512  2967 D audio_hw_primary: select_devices: out_snd_device(2: speaker) in_snd_device(0: none)
08-04 22:12:08.550   512  2967 D msm8974_platform: platform_send_audio_calibration: sending audio calibration for snd_device(2) acdb_id(15)
08-04 22:12:08.550   512  2967 I soundtrigger: audio_extn_sound_trigger_update_device_status: device 0x2 of type 0 for Event 1
08-04 22:12:08.574   512  2967 D audio_hw_primary: enable_snd_device: snd_device(2: speaker)
08-04 22:12:08.576   512  2967 D audio_hw_primary: enable_audio_route: apply and update mixer path: low-latency-playback speaker
08-04 22:12:08.604 31231 31231 D CourseListActivity: onCreate
08-04 22:12:08.606 31231 32422 D HTTP    : Request for: https://uob-timetable-api.adriankeenan.co.uk/courses
08-04 22:12:08.649 31231 31252 I art     : Starting a blocking GC Explicit
08-04 22:12:08.676   918   936 I ActivityManager: Displayed baseline.com.ak.uobtimetable/.CourseListActivity: +130ms
08-04 22:12:08.676 13866 13866 I GoogleInputMethodServic: GoogleInputMethodService.onFinishInput():3138 
08-04 22:12:08.677 13866 13866 I GoogleInputMethodServic: GoogleInputMethodService.onStartInput():1808 
08-04 22:12:08.695 31231 31252 I art     : Explicit concurrent mark sweep GC freed 4009(221KB) AllocSpace objects, 1(20KB) LOS objects, 37% free, 26MB/42MB, paused 821us total 45.862ms
08-04 22:12:08.711 31231 31252 I art     : Starting a blocking GC Explicit
08-04 22:12:08.752 31231 31252 I art     : Explicit concurrent mark sweep GC freed 2959(161KB) AllocSpace objects, 3(200KB) LOS objects, 37% free, 26MB/42MB, paused 650us total 40.607ms
08-04 22:12:08.768 31231 31252 I art     : Starting a blocking GC Explicit
08-04 22:12:08.774 31231 32422 I NAPPA_EXPERIMENTATION: MetricNetworkRequestExecutionTime: REQUEST_DURATION_SYSTEM='167',REQUEST_DURATION_OKHTTP='31',REQUEST_SYNCHRONOUS='TRUE',RESPONSE_CODE='200',RESPONSE_METHOD='GET',RESPONSE_LENGTH_OKHTTP='-1',RESPONSE_LENGTH_HEADER='-2',REQUEST_PROTOCOL='http/1.1',REQUEST_URL='https://uob-timetable-api.adriankeenan.co.uk/courses',
08-04 22:12:08.806 31231 31252 I art     : Explicit concurrent mark sweep GC freed 1117(132KB) AllocSpace objects, 0(0B) LOS objects, 36% free, 27MB/43MB, paused 526us total 38.665ms
08-04 22:12:08.821 31231 31252 I art     : Starting a blocking GC Explicit
08-04 22:12:08.861 31231 31252 I art     : Explicit concurrent mark sweep GC freed 47(1584B) AllocSpace objects, 0(0B) LOS objects, 33% free, 31MB/47MB, paused 553us total 39.871ms
08-04 22:12:08.878 31231 31252 I art     : Starting a blocking GC Explicit
08-04 22:12:08.920 31231 31252 I art     : Explicit concurrent mark sweep GC freed 17(432B) AllocSpace objects, 0(0B) LOS objects, 31% free, 34MB/50MB, paused 721us total 41.706ms
08-04 22:12:09.067 31231 31231 D MainActivity: Saving state
08-04 22:12:09.069 31231 31231 D MainActivity: Saving current fragment: SessionListsFragment
08-04 22:12:09.069 31231 31231 D MainActivity: Saving current index: 2
08-04 22:12:09.069 31231 31231 D SessionListsFragment: Saving state
08-04 22:12:09.108   512  2967 D audio_hw_primary: disable_audio_route: reset and update mixer path: low-latency-playback speaker
08-04 22:12:09.109   512  2967 D audio_hw_primary: disable_snd_device: snd_device(2: speaker)
08-04 22:12:09.117   512  2967 I soundtrigger: audio_extn_sound_trigger_update_device_status: device 0x2 of type 0 for Event 0
08-04 22:12:09.180 31231 32422 I HTTP    : Response was compressed.
08-04 22:12:09.222 31231 31666 I art     : Waiting for a blocking GC Explicit
08-04 22:12:09.225 31231 31666 I art     : Starting a blocking GC Explicit
08-04 22:12:09.277 31231 31666 I art     : Explicit concurrent mark sweep GC freed 24759(1154KB) AllocSpace objects, 2(22MB) LOS objects, 27% free, 42MB/58MB, paused 957us total 51.218ms
08-04 22:12:09.292 31231 31666 I art     : Starting a blocking GC Explicit
08-04 22:12:09.338 31231 31666 I art     : Explicit concurrent mark sweep GC freed 35762(1703KB) AllocSpace objects, 0(0B) LOS objects, 27% free, 42MB/58MB, paused 849us total 46.063ms
08-04 22:12:09.353 31231 31666 I art     : Starting a blocking GC Explicit
08-04 22:12:09.400 31231 31666 I art     : Explicit concurrent mark sweep GC freed 33467(1575KB) AllocSpace objects, 0(0B) LOS objects, 27% free, 42MB/58MB, paused 920us total 46.033ms
08-04 22:12:09.415 31231 31666 I art     : Starting a blocking GC Explicit
08-04 22:12:09.463 31231 31666 I art     : Explicit concurrent mark sweep GC freed 34357(1615KB) AllocSpace objects, 0(0B) LOS objects, 27% free, 42MB/58MB, paused 1.226ms total 47.681ms
08-04 22:12:09.479 31231 31666 I art     : Starting a blocking GC Explicit
08-04 22:12:09.527 31231 31666 I art     : Explicit concurrent mark sweep GC freed 34222(1604KB) AllocSpace objects, 0(0B) LOS objects, 27% free, 42MB/58MB, paused 921us total 47.466ms
08-04 22:12:09.837 31231 31244 I art     : Starting a blocking GC Explicit
08-04 22:12:09.908 31231 31244 I art     : Explicit concurrent mark sweep GC freed 193604(8MB) AllocSpace objects, 1(20KB) LOS objects, 26% free, 44MB/60MB, paused 1.370ms total 70.599ms
08-04 22:12:09.926 31231 31244 I art     : Starting a blocking GC Explicit
08-04 22:12:09.979 31231 31244 I art     : Explicit concurrent mark sweep GC freed 44821(2MB) AllocSpace objects, 0(0B) LOS objects, 26% free, 44MB/60MB, paused 999us total 52.885ms
08-04 22:12:09.997 31231 31244 I art     : Starting a blocking GC Explicit
08-04 22:12:10.052 31231 31244 I art     : Explicit concurrent mark sweep GC freed 39085(1856KB) AllocSpace objects, 0(0B) LOS objects, 26% free, 44MB/60MB, paused 1.092ms total 54.658ms
08-04 22:12:10.069 31231 31244 I art     : Starting a blocking GC Explicit
08-04 22:12:10.126 31231 31244 I art     : Explicit concurrent mark sweep GC freed 38965(1828KB) AllocSpace objects, 0(0B) LOS objects, 26% free, 45MB/61MB, paused 1.250ms total 56.133ms
08-04 22:12:10.144 31231 31244 I art     : Starting a blocking GC Explicit
08-04 22:12:10.200 31231 31244 I art     : Explicit concurrent mark sweep GC freed 36248(1693KB) AllocSpace objects, 0(0B) LOS objects, 26% free, 45MB/61MB, paused 1.066ms total 55.042ms
08-04 22:12:10.514 31231 31243 I art     : Starting a blocking GC Explicit
08-04 22:12:10.595 31231 31243 I art     : Explicit concurrent mark sweep GC freed 190418(8MB) AllocSpace objects, 1(20KB) LOS objects, 25% free, 47MB/63MB, paused 1.093ms total 80.457ms
08-04 22:12:10.615 31231 31243 I art     : Starting a blocking GC Explicit
08-04 22:12:10.676 31231 31243 I art     : Explicit concurrent mark sweep GC freed 50743(2MB) AllocSpace objects, 0(0B) LOS objects, 25% free, 47MB/63MB, paused 1.166ms total 61.067ms
08-04 22:12:10.696 31231 31243 I art     : Starting a blocking GC Explicit
08-04 22:12:10.758 31231 31243 I art     : Explicit concurrent mark sweep GC freed 43725(2MB) AllocSpace objects, 0(0B) LOS objects, 25% free, 47MB/63MB, paused 1.232ms total 62.531ms
08-04 22:12:10.778 31231 31243 I art     : Starting a blocking GC Explicit
08-04 22:12:10.842 31231 31243 I art     : Explicit concurrent mark sweep GC freed 43791(2MB) AllocSpace objects, 0(0B) LOS objects, 25% free, 47MB/63MB, paused 1.255ms total 63.886ms
08-04 22:12:10.862 31231 31243 I art     : Starting a blocking GC Explicit
08-04 22:12:10.927 31231 31243 I art     : Explicit concurrent mark sweep GC freed 43731(2MB) AllocSpace objects, 0(0B) LOS objects, 24% free, 48MB/64MB, paused 1.461ms total 64.523ms
08-04 22:12:11.260 31231 31244 I art     : Starting a blocking GC Explicit
08-04 22:12:11.350 31231 31244 I art     : Explicit concurrent mark sweep GC freed 214237(9MB) AllocSpace objects, 1(20KB) LOS objects, 24% free, 50MB/66MB, paused 1.176ms total 89.605ms
08-04 22:12:11.372 31231 31244 I art     : Starting a blocking GC Explicit
08-04 22:12:11.444 31231 31244 I art     : Explicit concurrent mark sweep GC freed 58529(2MB) AllocSpace objects, 0(0B) LOS objects, 24% free, 50MB/66MB, paused 1.399ms total 70.874ms
08-04 22:12:11.465 31231 31244 I art     : Starting a blocking GC Explicit
08-04 22:12:11.537 31231 31244 I art     : Explicit concurrent mark sweep GC freed 50815(2MB) AllocSpace objects, 0(0B) LOS objects, 23% free, 50MB/66MB, paused 1.464ms total 72.051ms
08-04 22:12:11.558 31231 31244 I art     : Starting a blocking GC Explicit
08-04 22:12:11.632 31231 31244 I art     : Explicit concurrent mark sweep GC freed 50696(2MB) AllocSpace objects, 0(0B) LOS objects, 23% free, 51MB/67MB, paused 1.388ms total 73.155ms
08-04 22:12:11.653 31231 31244 I art     : Starting a blocking GC Explicit
08-04 22:12:11.655 13866 13882 I PeriodicStatsRunner: PeriodicStatsRunner.call():175 call()
08-04 22:12:11.655 13866 13882 I PeriodicStatsRunner: PeriodicStatsRunner.call():179 No submit PeriodicStats since input started.
08-04 22:12:11.728 31231 31244 I art     : Explicit concurrent mark sweep GC freed 50994(2MB) AllocSpace objects, 0(0B) LOS objects, 23% free, 51MB/67MB, paused 1.421ms total 74.146ms
08-04 22:12:12.018 31231 32422 I Service : getCourses response time: 0.69
08-04 22:12:12.022 31231 31231 I SettingsManager: Getting string: savedCourse
08-04 22:12:12.049 31231 31243 I art     : Starting a blocking GC Explicit
08-04 22:12:12.148 31231 31243 I art     : Explicit concurrent mark sweep GC freed 164152(7MB) AllocSpace objects, 2(15MB) LOS objects, 29% free, 37MB/53MB, paused 943us total 98.116ms
08-04 22:12:12.170 31231 31243 I art     : Starting a blocking GC Explicit
08-04 22:12:12.238 31231 31243 I art     : Explicit concurrent mark sweep GC freed 534(18KB) AllocSpace objects, 0(0B) LOS objects, 29% free, 37MB/53MB, paused 655us total 67.765ms
08-04 22:12:12.264 31231 31243 I art     : Starting a blocking GC Explicit
08-04 22:12:12.343 31231 31243 I art     : Explicit concurrent mark sweep GC freed 686(64KB) AllocSpace objects, 0(0B) LOS objects, 29% free, 37MB/53MB, paused 549us total 79.307ms
08-04 22:12:12.369 31231 31243 I art     : Starting a blocking GC Explicit
08-04 22:12:12.454 31231 31243 I art     : Explicit concurrent mark sweep GC freed 3(96B) AllocSpace objects, 0(0B) LOS objects, 29% free, 37MB/53MB, paused 552us total 84.634ms
08-04 22:12:12.480 31231 31243 I art     : Starting a blocking GC Explicit
08-04 22:12:12.561 31231 31243 I art     : Explicit concurrent mark sweep GC freed 3(96B) AllocSpace objects, 0(0B) LOS objects, 29% free, 37MB/53MB, paused 558us total 81.244ms
08-04 22:12:12.912 31231 31666 I art     : Starting a blocking GC Explicit
08-04 22:12:13.021 31231 31666 I art     : Explicit concurrent mark sweep GC freed 1293(75KB) AllocSpace objects, 1(20KB) LOS objects, 29% free, 37MB/53MB, paused 562us total 108.624ms
08-04 22:12:13.049 31231 31666 I art     : Starting a blocking GC Explicit
08-04 22:12:13.133 31231 31666 I art     : Explicit concurrent mark sweep GC freed 18(624B) AllocSpace objects, 0(0B) LOS objects, 29% free, 37MB/53MB, paused 571us total 83.364ms
08-04 22:12:13.159 31231 31666 I art     : Starting a blocking GC Explicit
08-04 22:12:13.242 31231 31666 I art     : Explicit concurrent mark sweep GC freed 3(96B) AllocSpace objects, 0(0B) LOS objects, 29% free, 37MB/53MB, paused 553us total 82.914ms
08-04 22:12:13.242 31231 31242 I art     : WaitForGcToComplete blocked for 83.251ms for cause HeapTrim
08-04 22:12:13.267 31231 31666 I art     : Starting a blocking GC Explicit
08-04 22:12:13.349 31231 31666 I art     : Explicit concurrent mark sweep GC freed 3(96B) AllocSpace objects, 0(0B) LOS objects, 29% free, 37MB/53MB, paused 569us total 81.126ms
08-04 22:12:13.374 31231 31666 I art     : Starting a blocking GC Explicit
08-04 22:12:13.459 31231 31666 I art     : Explicit concurrent mark sweep GC freed 3(96B) AllocSpace objects, 0(0B) LOS objects, 29% free, 37MB/53MB, paused 573us total 84.874ms
08-04 22:12:13.678 13866 13882 I PeriodicStatsRunner: PeriodicStatsRunner.call():175 call()
08-04 22:12:13.679 13866 13882 I PeriodicStatsRunner: PeriodicStatsRunner.call():179 No submit PeriodicStats since input started.
08-04 22:12:13.816 31231 31252 I art     : Starting a blocking GC Explicit
08-04 22:12:13.919 31231 31252 I art     : Explicit concurrent mark sweep GC freed 1296(75KB) AllocSpace objects, 1(20KB) LOS objects, 29% free, 37MB/53MB, paused 712us total 103.426ms
08-04 22:12:13.949 31231 31252 I art     : Starting a blocking GC Explicit
08-04 22:12:14.032 31231 31252 I art     : Explicit concurrent mark sweep GC freed 18(624B) AllocSpace objects, 0(0B) LOS objects, 29% free, 37MB/53MB, paused 516us total 82.182ms
08-04 22:12:14.057 31231 31252 I art     : Starting a blocking GC Explicit
08-04 22:12:14.140 31231 31252 I art     : Explicit concurrent mark sweep GC freed 3(96B) AllocSpace objects, 0(0B) LOS objects, 29% free, 37MB/53MB, paused 549us total 83.023ms
08-04 22:12:14.166 31231 31252 I art     : Starting a blocking GC Explicit
08-04 22:12:14.248 31231 31252 I art     : Explicit concurrent mark sweep GC freed 3(96B) AllocSpace objects, 0(0B) LOS objects, 29% free, 37MB/53MB, paused 660us total 81.405ms
08-04 22:12:14.273 31231 31252 I art     : Starting a blocking GC Explicit
08-04 22:12:14.357 31231 31252 I art     : Explicit concurrent mark sweep GC freed 3(96B) AllocSpace objects, 0(0B) LOS objects, 29% free, 37MB/53MB, paused 619us total 84.226ms
08-04 22:12:14.711 31231 31243 I art     : Starting a blocking GC Explicit
08-04 22:12:14.807 31231 31243 I art     : Explicit concurrent mark sweep GC freed 1293(75KB) AllocSpace objects, 1(20KB) LOS objects, 29% free, 37MB/53MB, paused 491us total 95.987ms
08-04 22:12:14.832 31231 31243 I art     : Starting a blocking GC Explicit
08-04 22:12:14.904 31231 31243 I art     : Explicit concurrent mark sweep GC freed 18(624B) AllocSpace objects, 0(0B) LOS objects, 29% free, 37MB/53MB, paused 520us total 72.269ms
08-04 22:12:14.928 31231 31243 I art     : Starting a blocking GC Explicit
08-04 22:12:15.007 31231 31243 I art     : Explicit concurrent mark sweep GC freed 3(96B) AllocSpace objects, 0(0B) LOS objects, 29% free, 37MB/53MB, paused 613us total 79.138ms
08-04 22:12:15.033 31231 31243 I art     : Starting a blocking GC Explicit
08-04 22:12:15.112 31231 31243 I art     : Explicit concurrent mark sweep GC freed 3(96B) AllocSpace objects, 0(0B) LOS objects, 29% free, 37MB/53MB, paused 549us total 78.694ms
08-04 22:12:15.136 31231 31243 I art     : Starting a blocking GC Explicit
08-04 22:12:15.208   918  3261 D WifiStateMachine: starting scan for "H369AA63323"WPA_PSK with 2412,5180
08-04 22:12:15.215 31231 31243 I art     : Explicit concurrent mark sweep GC freed 3(96B) AllocSpace objects, 0(0B) LOS objects, 29% free, 37MB/53MB, paused 532us total 79.031ms
08-04 22:12:15.356 32506 32506 D AndroidRuntime: >>>>>> START com.android.internal.os.RuntimeInit uid 2000 <<<<<<
08-04 22:12:15.363 32506 32506 D AndroidRuntime: CheckJNI is OFF
08-04 22:12:15.411 32506 32506 D ICU     : No timezone override file found: /data/misc/zoneinfo/current/icu/icu_tzdata.dat
08-04 22:12:15.454 32506 32506 I Radio-JNI: register_android_hardware_Radio DONE
08-04 22:12:15.483 32506 32506 D AndroidRuntime: Calling main entry com.android.commands.input.Input
08-04 22:12:15.485 32506 32506 I Input   : injectMotionEvent: MotionEvent { action=ACTION_DOWN, actionButton=0, id[0]=0, x[0]=648.0, y[0]=709.0, toolType[0]=TOOL_TYPE_UNKNOWN, buttonState=0, metaState=0, flags=0x0, edgeFlags=0x0, pointerCount=1, historySize=0, eventTime=742351897, downTime=742351897, deviceId=0, source=0x1002 }
08-04 22:12:15.489 32506 32506 I Input   : injectMotionEvent: MotionEvent { action=ACTION_UP, actionButton=0, id[0]=0, x[0]=648.0, y[0]=709.0, toolType[0]=TOOL_TYPE_UNKNOWN, buttonState=0, metaState=0, flags=0x0, edgeFlags=0x0, pointerCount=1, historySize=0, eventTime=742351897, downTime=742351897, deviceId=0, source=0x1002 }
08-04 22:12:15.492 32506 32506 D AndroidRuntime: Shutting down VM
08-04 22:12:15.557   512  2967 D audio_hw_primary: out_set_parameters: enter: usecase(1: low-latency-playback) kvpairs: routing=2
08-04 22:12:15.571   512  2967 D audio_hw_primary: select_devices: out_snd_device(2: speaker) in_snd_device(0: none)
08-04 22:12:15.571   512  2967 D msm8974_platform: platform_send_audio_calibration: sending audio calibration for snd_device(2) acdb_id(15)
08-04 22:12:15.571   512  2967 I soundtrigger: audio_extn_sound_trigger_update_device_status: device 0x2 of type 0 for Event 1
08-04 22:12:15.581 31231 31252 I art     : Starting a blocking GC Explicit
08-04 22:12:15.583   512  2967 D audio_hw_primary: enable_snd_device: snd_device(2: speaker)
08-04 22:12:15.585   512  2967 D audio_hw_primary: enable_audio_route: apply and update mixer path: low-latency-playback speaker
08-04 22:12:15.658 31231 31252 I art     : Explicit concurrent mark sweep GC freed 2035(131KB) AllocSpace objects, 2(40KB) LOS objects, 29% free, 37MB/53MB, paused 545us total 75.901ms
08-04 22:12:15.683 31231 31252 I art     : Starting a blocking GC Explicit
08-04 22:12:15.758 31231 31252 I art     : Explicit concurrent mark sweep GC freed 169(7KB) AllocSpace objects, 0(0B) LOS objects, 29% free, 37MB/53MB, paused 519us total 74.807ms
08-04 22:12:15.783 31231 31252 I art     : Starting a blocking GC Explicit
08-04 22:12:15.863 31231 31252 I art     : Explicit concurrent mark sweep GC freed 7(240B) AllocSpace objects, 0(0B) LOS objects, 29% free, 37MB/53MB, paused 616us total 80.313ms
08-04 22:12:15.894 31231 31252 I art     : Starting a blocking GC Explicit
08-04 22:12:15.975 31231 31252 I art     : Explicit concurrent mark sweep GC freed 3(96B) AllocSpace objects, 0(0B) LOS objects, 29% free, 37MB/53MB, paused 582us total 80.459ms
08-04 22:12:16.004 31231 31252 I art     : Starting a blocking GC Explicit
08-04 22:12:16.084 31231 31252 I art     : Explicit concurrent mark sweep GC freed 9(320B) AllocSpace objects, 0(0B) LOS objects, 29% free, 37MB/53MB, paused 561us total 80.066ms
08-04 22:12:16.129   512  2967 D audio_hw_primary: disable_audio_route: reset and update mixer path: low-latency-playback speaker
08-04 22:12:16.130   512  2967 D audio_hw_primary: disable_snd_device: snd_device(2: speaker)
08-04 22:12:16.138   512  2967 I soundtrigger: audio_extn_sound_trigger_update_device_status: device 0x2 of type 0 for Event 0
08-04 22:12:16.434 31231 31666 I art     : Starting a blocking GC Explicit
08-04 22:12:16.511 31231 31666 I art     : Explicit concurrent mark sweep GC freed 1296(75KB) AllocSpace objects, 1(20KB) LOS objects, 29% free, 37MB/53MB, paused 561us total 77.144ms
08-04 22:12:16.536 31231 31666 I art     : Starting a blocking GC Explicit
08-04 22:12:16.613 31231 31666 I art     : Explicit concurrent mark sweep GC freed 22(752B) AllocSpace objects, 0(0B) LOS objects, 29% free, 37MB/53MB, paused 544us total 77.175ms
08-04 22:12:16.638 31231 31666 I art     : Starting a blocking GC Explicit
08-04 22:12:16.716 31231 31666 I art     : Explicit concurrent mark sweep GC freed 3(96B) AllocSpace objects, 0(0B) LOS objects, 29% free, 37MB/53MB, paused 495us total 77.812ms
08-04 22:12:16.740 31231 31666 I art     : Starting a blocking GC Explicit
08-04 22:12:16.811 31231 31666 I art     : Explicit concurrent mark sweep GC freed 3(96B) AllocSpace objects, 0(0B) LOS objects, 29% free, 37MB/53MB, paused 533us total 70.392ms
08-04 22:12:16.835 31231 31666 I art     : Starting a blocking GC Explicit
08-04 22:12:16.908 31231 31666 I art     : Explicit concurrent mark sweep GC freed 3(96B) AllocSpace objects, 0(0B) LOS objects, 29% free, 37MB/53MB, paused 560us total 73.078ms
08-04 22:12:17.244 31231 31666 I art     : Starting a blocking GC Explicit
08-04 22:12:17.267 32540 32540 D AndroidRuntime: >>>>>> START com.android.internal.os.RuntimeInit uid 2000 <<<<<<
08-04 22:12:17.274 32540 32540 D AndroidRuntime: CheckJNI is OFF
08-04 22:12:17.325 32540 32540 D ICU     : No timezone override file found: /data/misc/zoneinfo/current/icu/icu_tzdata.dat
08-04 22:12:17.337 31231 31666 I art     : Explicit concurrent mark sweep GC freed 1309(76KB) AllocSpace objects, 1(20KB) LOS objects, 29% free, 37MB/53MB, paused 555us total 92.877ms
08-04 22:12:17.362 31231 31666 I art     : Starting a blocking GC Explicit
08-04 22:12:17.369 32540 32540 I Radio-JNI: register_android_hardware_Radio DONE
08-04 22:12:17.399 32540 32540 D AndroidRuntime: Calling main entry com.android.commands.input.Input
08-04 22:12:17.401 32540 32540 I Input   : injectMotionEvent: MotionEvent { action=ACTION_DOWN, actionButton=0, id[0]=0, x[0]=1197.0, y[0]=1456.0, toolType[0]=TOOL_TYPE_UNKNOWN, buttonState=0, metaState=0, flags=0x0, edgeFlags=0x0, pointerCount=1, historySize=0, eventTime=742353814, downTime=742353814, deviceId=0, source=0x1002 }
08-04 22:12:17.406 32540 32540 I Input   : injectMotionEvent: MotionEvent { action=ACTION_UP, actionButton=0, id[0]=0, x[0]=1197.0, y[0]=1456.0, toolType[0]=TOOL_TYPE_UNKNOWN, buttonState=0, metaState=0, flags=0x0, edgeFlags=0x0, pointerCount=1, historySize=0, eventTime=742353814, downTime=742353814, deviceId=0, source=0x1002 }
08-04 22:12:17.407 32540 32540 D AndroidRuntime: Shutting down VM
08-04 22:12:17.413   512  2967 D audio_hw_primary: out_set_parameters: enter: usecase(1: low-latency-playback) kvpairs: routing=2
08-04 22:12:17.426   512  2967 D audio_hw_primary: select_devices: out_snd_device(2: speaker) in_snd_device(0: none)
08-04 22:12:17.427   512  2967 D msm8974_platform: platform_send_audio_calibration: sending audio calibration for snd_device(2) acdb_id(15)
08-04 22:12:17.427   512  2967 I soundtrigger: audio_extn_sound_trigger_update_device_status: device 0x2 of type 0 for Event 1
08-04 22:12:17.431 31231 31666 I art     : Explicit concurrent mark sweep GC freed 311(15KB) AllocSpace objects, 0(0B) LOS objects, 29% free, 37MB/53MB, paused 1.083ms total 68.917ms
08-04 22:12:17.432 31231 31246 D OpenGLRenderer: endAllStagingAnimators on 0x7f94aff400 (RippleDrawable) with handle 0x7f78ea9400
08-04 22:12:17.437   512  2967 D audio_hw_primary: enable_snd_device: snd_device(2: speaker)
08-04 22:12:17.439   512  2967 D audio_hw_primary: enable_audio_route: apply and update mixer path: low-latency-playback speaker
08-04 22:12:17.440 31231 31231 I SettingsManager: Setting string: savedCourse
08-04 22:12:17.441   918  4413 W BackupManagerService: dataChanged but no participant pkg='baseline.com.ak.uobtimetable' uid=10659
08-04 22:12:17.442   918  5952 I ActivityManager: START u0 {flg=0x4000000 cmp=baseline.com.ak.uobtimetable/.MainActivity (has extras)} from uid 10659 on display 0
08-04 22:12:17.454 31231 31666 I art     : Starting a blocking GC Explicit
08-04 22:12:17.454   918  3359 W InputMethodManagerService: Focus gain on non-focused client com.android.internal.view.IInputMethodClient$Stub$Proxy@b45724f (uid=10659 pid=31231)
08-04 22:12:17.473 31231 31231 D MainActivity: OnDestroy
08-04 22:12:17.500 31231 31231 D MainActivity: onCreate
08-04 22:12:17.500 31231 31231 I SettingsManager: Getting string: savedSessions
08-04 22:12:17.500 31231 31231 I SettingsManager: Getting string: savedSessions
08-04 22:12:17.511 31231 31231 I SettingsManager: Getting string: savedSessionsCourseName
08-04 22:12:17.511 31231 31231 I SettingsManager: Getting string: savedSessionsCourseName
08-04 22:12:17.511 31231 31231 I SettingsManager: Getting string: savedSessionsDateRange
08-04 22:12:17.511 31231 31231 I SettingsManager: Getting string: savedSessionsDateRange
08-04 22:12:17.511 31231 31231 I Settings: 15 saved sessions - Artificial Intelligence and Robotics (with Foundation Year) - BSc (Hons) - Ltn - Y0 Feb FT - Weeks: 24-38 (8 Jun 2020-20 Sep 2020)
08-04 22:12:17.525 31231 31666 I art     : Explicit concurrent mark sweep GC freed 11424(525KB) AllocSpace objects, 0(0B) LOS objects, 29% free, 37MB/53MB, paused 743us total 70.668ms
08-04 22:12:17.547 31231 31666 I art     : Starting a blocking GC Explicit
08-04 22:12:17.554 31231 31231 I SettingsManager: Getting string: savedCourse
08-04 22:12:17.555 31231 31231 D MainActivity: sessionListFragmentArg: updateSessions
08-04 22:12:17.555 31231 31231 D MainActivity: showTermDatesConfigChange: false
08-04 22:12:17.555 31231 31231 D MainActivity: showTermDatesShortcut: false
08-04 22:12:17.555 31231 31231 D MainActivity: Setting initial fragment: SessionListsFragment
08-04 22:12:17.556 31231 31231 I SettingsManager: Getting int: launchCount
08-04 22:12:17.557 31231 31231 D SessionListsFragment: onCreateView
08-04 22:12:17.562 31231 31231 I SettingsManager: Getting string: savedCourse
08-04 22:12:17.566 31231 31231 I SettingsManager: Getting string: savedSessions
08-04 22:12:17.577 31231 31231 D SessionListsFragment: loadArgument: updateSessions
08-04 22:12:17.577 31231 31231 D SessionListsFragment: initialIndex: -1
08-04 22:12:17.579 31231 32563 D HTTP    : Request for: https://uob-timetable-api.adriankeenan.co.uk/sessions?dept=CM010&course=BSAIFAAF%2F02AA%2F0%2FFT&level=Foundation+Year
08-04 22:12:17.593 31231 31231 D TermDatesFragment: WebView loaded
08-04 22:12:17.593 31231 31231 D MainActivity: OnResume
08-04 22:12:17.601 31231 31231 I TermDatesFragment: Webview load %: 10
08-04 22:12:17.623 31231 31666 I art     : Explicit concurrent mark sweep GC freed 10733(524KB) AllocSpace objects, 2(152KB) LOS objects, 29% free, 38MB/54MB, paused 903us total 75.341ms
08-04 22:12:17.645 31231 31666 I art     : Starting a blocking GC Explicit
08-04 22:12:17.685   918   936 I ActivityManager: Displayed baseline.com.ak.uobtimetable/.MainActivity: +227ms
08-04 22:12:17.685 13866 13866 I GoogleInputMethodServic: GoogleInputMethodService.onFinishInput():3138 
08-04 22:12:17.686 13866 13866 I GoogleInputMethodServic: GoogleInputMethodService.onStartInput():1808 
08-04 22:12:17.716 31231 31666 I art     : Explicit concurrent mark sweep GC freed 909(39KB) AllocSpace objects, 1(1228KB) LOS objects, 29% free, 37MB/53MB, paused 820us total 70.162ms
08-04 22:12:17.805 31231 31231 I TermDatesFragment: Webview load %: 70
08-04 22:12:17.812 31231 32563 I NAPPA_EXPERIMENTATION: MetricNetworkRequestExecutionTime: REQUEST_DURATION_SYSTEM='232',REQUEST_DURATION_OKHTTP='47',REQUEST_SYNCHRONOUS='TRUE',RESPONSE_CODE='200',RESPONSE_METHOD='GET',RESPONSE_LENGTH_OKHTTP='-1',RESPONSE_LENGTH_HEADER='1214',REQUEST_PROTOCOL='http/1.1',REQUEST_URL='https://uob-timetable-api.adriankeenan.co.uk/sessions?dept=CM010&course=BSAIFAAF%2F02AA%2F0%2FFT&level=Foundation+Year',
08-04 22:12:17.815 31231 31231 I TermDatesFragment: Webview load %: 100
08-04 22:12:17.816 31231 31231 I TermDatesFragment: Webview load %: 100
08-04 22:12:17.850 31231 32563 I HTTP    : Response was compressed.
08-04 22:12:17.863 31231 32563 I Service : getSessions response time: 1.10
08-04 22:12:17.863 31231 31231 I SettingsManager: Getting string: savedSessions
08-04 22:12:17.864 31231 31231 I SettingsManager: Getting string: savedSessions
08-04 22:12:17.874 31231 31231 I Service : Sessions updated: 15
08-04 22:12:17.874 31231 31231 I Service : Sessions removed from new list: 0
08-04 22:12:17.883 31231 31231 I SettingsManager: Setting string: savedSessions
08-04 22:12:17.883   918  4400 W BackupManagerService: dataChanged but no participant pkg='baseline.com.ak.uobtimetable' uid=10659
08-04 22:12:17.884 31231 31231 I SettingsManager: Setting date: savedSessionsTime
08-04 22:12:17.891   918  5952 W BackupManagerService: dataChanged but no participant pkg='baseline.com.ak.uobtimetable' uid=10659
08-04 22:12:17.892 31231 31231 I SettingsManager: Setting string: savedSessionsCourseName
08-04 22:12:17.892   918  4413 W BackupManagerService: dataChanged but no participant pkg='baseline.com.ak.uobtimetable' uid=10659
08-04 22:12:17.892 31231 31231 I SettingsManager: Setting string: savedSessionsDateRange
08-04 22:12:17.893   918  3359 W BackupManagerService: dataChanged but no participant pkg='baseline.com.ak.uobtimetable' uid=10659
08-04 22:12:17.893 31231 31231 I SettingsManager: Setting string: timetableUrl
08-04 22:12:17.893   918   929 W BackupManagerService: dataChanged but no participant pkg='baseline.com.ak.uobtimetable' uid=10659
08-04 22:12:17.893 31231 31231 I SettingsManager: Getting boolean: notifySessionRemindersEnabled
08-04 22:12:17.893 31231 31231 I SettingsManager: Getting int: notifySessionRemindersMinutes
08-04 22:12:17.894 31231 31231 I SettingsManager: Getting boolean: showHiddenSessions
08-04 22:12:17.896 31231 31231 I SessionReminderNotifier: Created session reminder alarm for f7b4771250a919bd729c1c5a4a459c77 at Mon 08:30:00 10/08/20
08-04 22:12:17.898 31231 31231 I SessionReminderNotifier: Created session reminder alarm for a7f879aabdeb78622c8820a5fb7b64cd at Tue 08:30:00 11/08/20
08-04 22:12:17.900 31231 31231 I SessionReminderNotifier: Created session reminder alarm for 7bc8d7e2c2055711f597c3d9078c6ea3 at Tue 08:30:00 11/08/20
08-04 22:12:17.902 31231 31231 I SessionReminderNotifier: Created session reminder alarm for 53c0527a6f009a1f2fd223834d3bfe51 at Tue 10:30:00 11/08/20
08-04 22:12:17.904 31231 31231 I SessionReminderNotifier: Created session reminder alarm for e0fc978b5db8218778540b4053344581 at Tue 11:00:00 11/08/20
08-04 22:12:17.905 31231 31231 I SessionReminderNotifier: Created session reminder alarm for 199afb0100f329ff65a09e1b0cd9deba at Tue 11:30:00 11/08/20
08-04 22:12:17.907 31231 31231 I SessionReminderNotifier: Created session reminder alarm for 21712fef61090882c855a1425543edb5 at Tue 13:30:00 11/08/20
08-04 22:12:17.909 31231 31231 I SessionReminderNotifier: Created session reminder alarm for 65ca4d97f031f29a4d02bbb45a705d8f at Wed 08:30:00 05/08/20
08-04 22:12:17.910 31231 31231 I SessionReminderNotifier: Created session reminder alarm for eeda7741b0bcab58fd9f46dc6ef1d942 at Wed 08:30:00 05/08/20
08-04 22:12:17.912 31231 31231 I SessionReminderNotifier: Created session reminder alarm for c276c1b2075a0beb67f1b3d1e580f920 at Wed 11:00:00 05/08/20
08-04 22:12:17.913 31231 31231 I SessionReminderNotifier: Created session reminder alarm for 8b1f3627e42ae13a6f6ba0a83903dde1 at Wed 13:30:00 05/08/20
08-04 22:12:17.915 31231 31231 I SessionReminderNotifier: Created session reminder alarm for 79fe0b5c3b887a13ba29db5a33fa2800 at Thu 08:30:00 06/08/20
08-04 22:12:17.917 31231 31231 I SessionReminderNotifier: Created session reminder alarm for cb9dfc8231cdba2be0835dc5709690e1 at Thu 08:30:00 06/08/20
08-04 22:12:17.919 31231 31231 I SessionReminderNotifier: Created session reminder alarm for f850dc24d6de60b7b89fa9e1a8c224c5 at Thu 12:00:00 06/08/20
08-04 22:12:17.920 31231 31231 I SessionReminderNotifier: Created session reminder alarm for 2ba1034116e4fffdd592dbf0796a43d5 at Fri 08:30:00 07/08/20
08-04 22:12:17.920 31231 31231 I SettingsManager: Getting boolean: showHiddenSessions
08-04 22:12:17.921 31231 31231 D SessionListsFragment: 1 sessions for day 0
08-04 22:12:17.921 31231 31231 D SessionListsFragment: 6 sessions for day 1
08-04 22:12:17.921 31231 31231 D SessionListsFragment: 4 sessions for day 2
08-04 22:12:17.921 31231 31231 D SessionListsFragment: 3 sessions for day 3
08-04 22:12:17.921 31231 31231 D SessionListsFragment: 1 sessions for day 4
08-04 22:12:17.963 31231 31231 I SettingsManager: Getting boolean: showHiddenSessions
08-04 22:12:17.964 31231 31231 D SessionListsFragment: Refreshed ViewPager
08-04 22:12:17.964 31231 31231 I SettingsManager: Getting boolean: showHiddenSessions
08-04 22:12:17.964 31231 31231 I SettingsManager: Getting boolean: completedTutorial
08-04 22:12:17.964 31231 31231 I SettingsManager: Getting boolean: showHiddenSessions
08-04 22:12:17.964 31231 31231 I SettingsManager: Getting date: savedSessionsTime
08-04 22:12:17.978   512  2967 D audio_hw_primary: disable_audio_route: reset and update mixer path: low-latency-playback speaker
08-04 22:12:17.979   512  2967 D audio_hw_primary: disable_snd_device: snd_device(2: speaker)
08-04 22:12:17.986   512  2967 I soundtrigger: audio_extn_sound_trigger_update_device_status: device 0x2 of type 0 for Event 0
08-04 22:12:18.020 31231 31243 I art     : Starting a blocking GC Explicit
08-04 22:12:18.097 31231 31243 I art     : Explicit concurrent mark sweep GC freed 105484(4MB) AllocSpace objects, 8(352KB) LOS objects, 30% free, 36MB/52MB, paused 1.308ms total 76.629ms
08-04 22:12:18.119 31231 31243 I art     : Starting a blocking GC Explicit
08-04 22:12:18.186 31231 31243 I art     : Explicit concurrent mark sweep GC freed 30938(1361KB) AllocSpace objects, 0(0B) LOS objects, 30% free, 36MB/52MB, paused 1.249ms total 66.462ms
08-04 22:12:18.206 31231 31243 I art     : Starting a blocking GC Explicit
08-04 22:12:18.275 31231 31243 I art     : Explicit concurrent mark sweep GC freed 30576(1252KB) AllocSpace objects, 0(0B) LOS objects, 30% free, 36MB/52MB, paused 1.250ms total 68.234ms
08-04 22:12:18.296 31231 31243 I art     : Starting a blocking GC Explicit
08-04 22:12:18.368 31231 31243 I art     : Explicit concurrent mark sweep GC freed 32620(1339KB) AllocSpace objects, 0(0B) LOS objects, 30% free, 37MB/53MB, paused 1.255ms total 71.730ms
08-04 22:12:18.368 31231 31242 I art     : WaitForGcToComplete blocked for 18.616ms for cause HeapTrim
08-04 22:12:18.389 31231 31243 I art     : Starting a blocking GC Explicit
08-04 22:12:18.466 31231 31243 I art     : Explicit concurrent mark sweep GC freed 34766(1423KB) AllocSpace objects, 0(0B) LOS objects, 30% free, 37MB/53MB, paused 1.395ms total 75.958ms
08-04 22:12:18.785 31231 31252 I art     : Starting a blocking GC Explicit
08-04 22:12:18.822 31231 31231 I Choreographer: Skipped 50 frames!  The application may be doing too much work on its main thread.
08-04 22:12:18.885 31231 31252 I art     : Explicit concurrent mark sweep GC freed 124958(4MB) AllocSpace objects, 1(20KB) LOS objects, 29% free, 37MB/53MB, paused 691us total 99.508ms
08-04 22:12:18.909 31231 31252 I art     : Starting a blocking GC Explicit
08-04 22:12:18.977 31231 31252 I art     : Explicit concurrent mark sweep GC freed 2871(288KB) AllocSpace objects, 0(0B) LOS objects, 29% free, 37MB/53MB, paused 775us total 67.918ms
08-04 22:12:19.001 31231 31252 I art     : Starting a blocking GC Explicit
08-04 22:12:19.062 31231 31252 I art     : Explicit concurrent mark sweep GC freed 121506(11MB) AllocSpace objects, 3(136KB) LOS objects, 37% free, 26MB/42MB, paused 614us total 61.011ms
08-04 22:12:19.078 31231 31252 I art     : Starting a blocking GC Explicit
08-04 22:12:19.118 31231 31252 I art     : Explicit concurrent mark sweep GC freed 190(8KB) AllocSpace objects, 0(0B) LOS objects, 37% free, 26MB/42MB, paused 547us total 39.409ms
08-04 22:12:19.133 31231 31252 I art     : Starting a blocking GC Explicit
08-04 22:12:19.177 31231 31252 I art     : Explicit concurrent mark sweep GC freed 39(1824B) AllocSpace objects, 0(0B) LOS objects, 37% free, 26MB/42MB, paused 576us total 43.162ms
08-04 22:12:19.533 31231 31243 I art     : Starting a blocking GC Explicit
08-04 22:12:19.588 31231 31243 I art     : Explicit concurrent mark sweep GC freed 1320(76KB) AllocSpace objects, 1(20KB) LOS objects, 37% free, 26MB/42MB, paused 672us total 54.567ms
08-04 22:12:19.604 31231 31243 I art     : Starting a blocking GC Explicit
08-04 22:12:19.648 31231 31243 I art     : Explicit concurrent mark sweep GC freed 57(1888B) AllocSpace objects, 0(0B) LOS objects, 37% free, 26MB/42MB, paused 739us total 43.869ms
08-04 22:12:19.664 31231 31243 I art     : Starting a blocking GC Explicit
08-04 22:12:19.707 31231 31243 I art     : Explicit concurrent mark sweep GC freed 36(1152B) AllocSpace objects, 0(0B) LOS objects, 37% free, 26MB/42MB, paused 559us total 42.511ms
08-04 22:12:19.722 31231 31243 I art     : Starting a blocking GC Explicit
08-04 22:12:19.765 31231 31243 I art     : Explicit concurrent mark sweep GC freed 43(1376B) AllocSpace objects, 0(0B) LOS objects, 37% free, 26MB/42MB, paused 539us total 42.540ms
08-04 22:12:19.781 31231 31243 I art     : Starting a blocking GC Explicit
08-04 22:12:19.824 31231 31243 I art     : Explicit concurrent mark sweep GC freed 19(608B) AllocSpace objects, 0(0B) LOS objects, 37% free, 26MB/42MB, paused 558us total 42.647ms
08-04 22:12:20.177 31231 31244 I art     : Starting a blocking GC Explicit
08-04 22:12:20.242 31231 31244 I art     : Explicit concurrent mark sweep GC freed 1295(75KB) AllocSpace objects, 1(20KB) LOS objects, 37% free, 26MB/42MB, paused 599us total 64.807ms
08-04 22:12:20.263 31231 31244 I art     : Starting a blocking GC Explicit
08-04 22:12:20.309 31231 31244 I art     : Explicit concurrent mark sweep GC freed 18(624B) AllocSpace objects, 0(0B) LOS objects, 37% free, 26MB/42MB, paused 568us total 46.379ms
08-04 22:12:20.327 31231 31244 I art     : Starting a blocking GC Explicit
08-04 22:12:20.373 31231 31244 I art     : Explicit concurrent mark sweep GC freed 3(96B) AllocSpace objects, 0(0B) LOS objects, 37% free, 26MB/42MB, paused 550us total 46.449ms
08-04 22:12:20.390 31231 31244 I art     : Starting a blocking GC Explicit
08-04 22:12:20.438 31231 31244 I art     : Explicit concurrent mark sweep GC freed 3(96B) AllocSpace objects, 0(0B) LOS objects, 37% free, 26MB/42MB, paused 646us total 48.061ms
08-04 22:12:20.455 31231 31244 I art     : Starting a blocking GC Explicit
08-04 22:12:20.502 31231 31244 I art     : Explicit concurrent mark sweep GC freed 3(96B) AllocSpace objects, 0(0B) LOS objects, 37% free, 26MB/42MB, paused 532us total 47.104ms
08-04 22:12:20.850 31231 31252 I art     : Starting a blocking GC Explicit
08-04 22:12:20.913 31231 31252 I art     : Explicit concurrent mark sweep GC freed 1293(75KB) AllocSpace objects, 1(20KB) LOS objects, 37% free, 26MB/42MB, paused 542us total 62.862ms
08-04 22:12:20.929 31231 31252 I art     : Starting a blocking GC Explicit
08-04 22:12:20.975 31231 31252 I art     : Explicit concurrent mark sweep GC freed 18(624B) AllocSpace objects, 0(0B) LOS objects, 37% free, 26MB/42MB, paused 580us total 45.786ms
08-04 22:12:20.992 31231 31252 I art     : Starting a blocking GC Explicit
08-04 22:12:21.039 31231 31252 I art     : Explicit concurrent mark sweep GC freed 3(96B) AllocSpace objects, 0(0B) LOS objects, 37% free, 26MB/42MB, paused 549us total 46.761ms
08-04 22:12:21.056 31231 31252 I art     : Starting a blocking GC Explicit
08-04 22:12:21.105 31231 31252 I art     : Explicit concurrent mark sweep GC freed 3(96B) AllocSpace objects, 0(0B) LOS objects, 37% free, 26MB/42MB, paused 567us total 48.793ms
08-04 22:12:21.121 31231 31252 I art     : Starting a blocking GC Explicit
08-04 22:12:21.168 31231 31252 I art     : Explicit concurrent mark sweep GC freed 3(96B) AllocSpace objects, 0(0B) LOS objects, 37% free, 26MB/42MB, paused 564us total 46.756ms
08-04 22:12:21.522 31231 31666 I art     : Starting a blocking GC Explicit
08-04 22:12:21.577 31231 31666 I art     : Explicit concurrent mark sweep GC freed 1293(75KB) AllocSpace objects, 1(20KB) LOS objects, 37% free, 26MB/42MB, paused 602us total 55.319ms
08-04 22:12:21.595 31231 31666 I art     : Starting a blocking GC Explicit
08-04 22:12:21.642 31231 31666 I art     : Explicit concurrent mark sweep GC freed 18(624B) AllocSpace objects, 0(0B) LOS objects, 37% free, 26MB/42MB, paused 541us total 46.452ms
08-04 22:12:21.659 31231 31666 I art     : Starting a blocking GC Explicit
08-04 22:12:21.701 31231 31666 I art     : Explicit concurrent mark sweep GC freed 3(96B) AllocSpace objects, 0(0B) LOS objects, 37% free, 26MB/42MB, paused 527us total 42.126ms
08-04 22:12:21.717 31231 31666 I art     : Starting a blocking GC Explicit
08-04 22:12:21.759 31231 31666 I art     : Explicit concurrent mark sweep GC freed 3(96B) AllocSpace objects, 0(0B) LOS objects, 37% free, 26MB/42MB, paused 543us total 42.079ms
08-04 22:12:21.774 31231 31666 I art     : Starting a blocking GC Explicit
08-04 22:12:21.818 31231 31666 I art     : Explicit concurrent mark sweep GC freed 3(96B) AllocSpace objects, 0(0B) LOS objects, 37% free, 26MB/42MB, paused 636us total 43.354ms
08-04 22:12:22.140 31231 31244 I art     : Starting a blocking GC Explicit
08-04 22:12:22.181 31231 31244 I art     : Explicit concurrent mark sweep GC freed 1389(78KB) AllocSpace objects, 1(20KB) LOS objects, 37% free, 26MB/42MB, paused 609us total 41.074ms
08-04 22:12:22.188 32626 32626 D AndroidRuntime: >>>>>> START com.android.internal.os.RuntimeInit uid 2000 <<<<<<
08-04 22:12:22.194 32626 32626 D AndroidRuntime: CheckJNI is OFF
08-04 22:12:22.197 31231 31244 I art     : Starting a blocking GC Explicit
08-04 22:12:22.236 31231 31244 I art     : Explicit concurrent mark sweep GC freed 166(10KB) AllocSpace objects, 0(0B) LOS objects, 37% free, 26MB/42MB, paused 552us total 38.394ms
08-04 22:12:22.236 32626 32626 D ICU     : No timezone override file found: /data/misc/zoneinfo/current/icu/icu_tzdata.dat
08-04 22:12:22.251 31231 31244 I art     : Starting a blocking GC Explicit
08-04 22:12:22.283 32626 32626 I Radio-JNI: register_android_hardware_Radio DONE
08-04 22:12:22.296 31231 31244 I art     : Explicit concurrent mark sweep GC freed 3(96B) AllocSpace objects, 0(0B) LOS objects, 37% free, 26MB/42MB, paused 594us total 44.169ms
08-04 22:12:22.312 31231 31244 I art     : Starting a blocking GC Explicit
08-04 22:12:22.312 32626 32626 D AndroidRuntime: Calling main entry com.android.commands.input.Input
08-04 22:12:22.314 32626 32626 I Input   : injectMotionEvent: MotionEvent { action=ACTION_DOWN, actionButton=0, id[0]=0, x[0]=81.0, y[0]=176.0, toolType[0]=TOOL_TYPE_UNKNOWN, buttonState=0, metaState=0, flags=0x0, edgeFlags=0x0, pointerCount=1, historySize=0, eventTime=742358726, downTime=742358726, deviceId=0, source=0x1002 }
08-04 22:12:22.320 32626 32626 I Input   : injectMotionEvent: MotionEvent { action=ACTION_UP, actionButton=0, id[0]=0, x[0]=81.0, y[0]=176.0, toolType[0]=TOOL_TYPE_UNKNOWN, buttonState=0, metaState=0, flags=0x0, edgeFlags=0x0, pointerCount=1, historySize=0, eventTime=742358726, downTime=742358726, deviceId=0, source=0x1002 }
08-04 22:12:22.323 32626 32626 D AndroidRuntime: Shutting down VM
08-04 22:12:22.335   512  2967 D audio_hw_primary: out_set_parameters: enter: usecase(1: low-latency-playback) kvpairs: routing=2
08-04 22:12:22.348   512  2967 D audio_hw_primary: select_devices: out_snd_device(2: speaker) in_snd_device(0: none)
08-04 22:12:22.349   512  2967 D msm8974_platform: platform_send_audio_calibration: sending audio calibration for snd_device(2) acdb_id(15)
08-04 22:12:22.349   512  2967 I soundtrigger: audio_extn_sound_trigger_update_device_status: device 0x2 of type 0 for Event 1
08-04 22:12:22.353 31231 31244 I art     : Explicit concurrent mark sweep GC freed 41(1424B) AllocSpace objects, 0(0B) LOS objects, 37% free, 26MB/42MB, paused 809us total 40.919ms
08-04 22:12:22.358   512  2967 D audio_hw_primary: enable_snd_device: snd_device(2: speaker)
08-04 22:12:22.361   512  2967 D audio_hw_primary: enable_audio_route: apply and update mixer path: low-latency-playback speaker
08-04 22:12:22.367 13866 13866 I GoogleInputMethodServic: GoogleInputMethodService.onFinishInput():3138 
08-04 22:12:22.368 13866 13866 I GoogleInputMethodServic: GoogleInputMethodService.onStartInput():1808 
08-04 22:12:22.369 31231 31244 I art     : Starting a blocking GC Explicit
08-04 22:12:22.407 31231 31244 I art     : Explicit concurrent mark sweep GC freed 19(880B) AllocSpace objects, 0(0B) LOS objects, 37% free, 26MB/42MB, paused 519us total 37.734ms
08-04 22:12:22.685 13866 13882 I PeriodicStatsRunner: PeriodicStatsRunner.call():175 call()
08-04 22:12:22.686 13866 13882 I PeriodicStatsRunner: PeriodicStatsRunner.call():179 No submit PeriodicStats since input started.
08-04 22:12:22.713 31231 31244 I art     : Starting a blocking GC Explicit
08-04 22:12:22.760 31231 31244 I art     : Explicit concurrent mark sweep GC freed 1663(94KB) AllocSpace objects, 1(20KB) LOS objects, 37% free, 26MB/42MB, paused 564us total 46.595ms
08-04 22:12:22.777 31231 31244 I art     : Starting a blocking GC Explicit
08-04 22:12:22.821 31231 31244 I art     : Explicit concurrent mark sweep GC freed 32(1232B) AllocSpace objects, 0(0B) LOS objects, 37% free, 26MB/42MB, paused 565us total 43.783ms
08-04 22:12:22.836 31231 31244 I art     : Starting a blocking GC Explicit
08-04 22:12:22.876 31231 31244 I art     : Explicit concurrent mark sweep GC freed 3(96B) AllocSpace objects, 0(0B) LOS objects, 37% free, 26MB/42MB, paused 547us total 39.998ms
08-04 22:12:22.892 31231 31244 I art     : Starting a blocking GC Explicit
08-04 22:12:22.899   512  2967 D audio_hw_primary: disable_audio_route: reset and update mixer path: low-latency-playback speaker
08-04 22:12:22.900   512  2967 D audio_hw_primary: disable_snd_device: snd_device(2: speaker)
08-04 22:12:22.908   512  2967 I soundtrigger: audio_extn_sound_trigger_update_device_status: device 0x2 of type 0 for Event 0
08-04 22:12:22.933 31231 31244 I art     : Explicit concurrent mark sweep GC freed 3(96B) AllocSpace objects, 0(0B) LOS objects, 37% free, 26MB/42MB, paused 513us total 40.666ms
08-04 22:12:22.948 31231 31244 I art     : Starting a blocking GC Explicit
08-04 22:12:22.989 31231 31244 I art     : Explicit concurrent mark sweep GC freed 3(96B) AllocSpace objects, 0(0B) LOS objects, 37% free, 26MB/42MB, paused 520us total 40.510ms
08-04 22:12:23.308 31231 31243 I art     : Starting a blocking GC Explicit
08-04 22:12:23.362 31231 31243 I art     : Explicit concurrent mark sweep GC freed 1293(75KB) AllocSpace objects, 1(20KB) LOS objects, 37% free, 26MB/42MB, paused 610us total 53.590ms
08-04 22:12:23.382 31231 31243 I art     : Starting a blocking GC Explicit
08-04 22:12:23.427 31231 31243 I art     : Explicit concurrent mark sweep GC freed 20(688B) AllocSpace objects, 0(0B) LOS objects, 37% free, 26MB/42MB, paused 556us total 44.721ms
08-04 22:12:23.443 31231 31243 I art     : Starting a blocking GC Explicit
08-04 22:12:23.489 31231 31243 I art     : Explicit concurrent mark sweep GC freed 3(96B) AllocSpace objects, 0(0B) LOS objects, 37% free, 26MB/42MB, paused 623us total 45.023ms
08-04 22:12:23.489 31231 31242 I art     : WaitForGcToComplete blocked for 23.030ms for cause HeapTrim
08-04 22:12:23.509 31231 31243 I art     : Starting a blocking GC Explicit
08-04 22:12:23.551 31231 31243 I art     : Explicit concurrent mark sweep GC freed 3(96B) AllocSpace objects, 0(0B) LOS objects, 37% free, 26MB/42MB, paused 576us total 41.393ms
08-04 22:12:23.566 31231 31243 I art     : Starting a blocking GC Explicit
08-04 22:12:23.608 31231 31243 I art     : Explicit concurrent mark sweep GC freed 3(96B) AllocSpace objects, 0(0B) LOS objects, 37% free, 26MB/42MB, paused 549us total 41.681ms
08-04 22:12:23.866   918  3188 I hubconnection: sensorhub said: 'set_bias 3: -5.3760, 0.0000, 0.0000'
08-04 22:12:23.924 31231 31244 I art     : Starting a blocking GC Explicit
08-04 22:12:23.978 31231 31244 I art     : Explicit concurrent mark sweep GC freed 1294(75KB) AllocSpace objects, 1(20KB) LOS objects, 37% free, 26MB/42MB, paused 627us total 54.281ms
08-04 22:12:23.997 31231 31244 I art     : Starting a blocking GC Explicit
08-04 22:12:24.038 31231 31244 I art     : Explicit concurrent mark sweep GC freed 25(848B) AllocSpace objects, 0(0B) LOS objects, 37% free, 26MB/42MB, paused 619us total 40.573ms
08-04 22:12:24.054 31231 31244 I art     : Starting a blocking GC Explicit
08-04 22:12:24.094 32669 32669 D AndroidRuntime: >>>>>> START com.android.internal.os.RuntimeInit uid 2000 <<<<<<
08-04 22:12:24.096 31231 31244 I art     : Explicit concurrent mark sweep GC freed 10(320B) AllocSpace objects, 0(0B) LOS objects, 37% free, 26MB/42MB, paused 725us total 42.077ms
08-04 22:12:24.100 32669 32669 D AndroidRuntime: CheckJNI is OFF
08-04 22:12:24.113 31231 31244 I art     : Starting a blocking GC Explicit
08-04 22:12:24.144 32669 32669 D ICU     : No timezone override file found: /data/misc/zoneinfo/current/icu/icu_tzdata.dat
08-04 22:12:24.154 31231 31244 I art     : Explicit concurrent mark sweep GC freed 10(320B) AllocSpace objects, 0(0B) LOS objects, 37% free, 26MB/42MB, paused 527us total 41.449ms
08-04 22:12:24.170 31231 31244 I art     : Starting a blocking GC Explicit
08-04 22:12:24.188 32669 32669 I Radio-JNI: register_android_hardware_Radio DONE
08-04 22:12:24.210 31231 31244 I art     : Explicit concurrent mark sweep GC freed 8(256B) AllocSpace objects, 0(0B) LOS objects, 37% free, 26MB/42MB, paused 526us total 39.732ms
08-04 22:12:24.217 32669 32669 D AndroidRuntime: Calling main entry com.android.commands.input.Input
08-04 22:12:24.219 32669 32669 I Input   : injectMotionEvent: MotionEvent { action=ACTION_DOWN, actionButton=0, id[0]=0, x[0]=360.0, y[0]=1098.0, toolType[0]=TOOL_TYPE_UNKNOWN, buttonState=0, metaState=0, flags=0x0, edgeFlags=0x0, pointerCount=1, historySize=0, eventTime=742360632, downTime=742360632, deviceId=0, source=0x1002 }
08-04 22:12:24.225 32669 32669 I Input   : injectMotionEvent: MotionEvent { action=ACTION_UP, actionButton=0, id[0]=0, x[0]=360.0, y[0]=1098.0, toolType[0]=TOOL_TYPE_UNKNOWN, buttonState=0, metaState=0, flags=0x0, edgeFlags=0x0, pointerCount=1, historySize=0, eventTime=742360632, downTime=742360632, deviceId=0, source=0x1002 }
08-04 22:12:24.228 32669 32669 D AndroidRuntime: Shutting down VM
08-04 22:12:24.234 31231 31231 D MainActivity: NavigationItemSelected: Term dates
08-04 22:12:24.238   512  2967 D audio_hw_primary: out_set_parameters: enter: usecase(1: low-latency-playback) kvpairs: routing=2
08-04 22:12:24.253   512  2967 D audio_hw_primary: select_devices: out_snd_device(2: speaker) in_snd_device(0: none)
08-04 22:12:24.253   512  2967 D msm8974_platform: platform_send_audio_calibration: sending audio calibration for snd_device(2) acdb_id(15)
08-04 22:12:24.253   512  2967 I soundtrigger: audio_extn_sound_trigger_update_device_status: device 0x2 of type 0 for Event 1
08-04 22:12:24.262   512  2967 D audio_hw_primary: enable_snd_device: snd_device(2: speaker)
08-04 22:12:24.264   512  2967 D audio_hw_primary: enable_audio_route: apply and update mixer path: low-latency-playback speaker
08-04 22:12:24.515 31231 31666 I art     : Starting a blocking GC Explicit
08-04 22:12:24.562 31231 31666 I art     : Explicit concurrent mark sweep GC freed 1837(97KB) AllocSpace objects, 1(20KB) LOS objects, 37% free, 26MB/42MB, paused 546us total 47.381ms
08-04 22:12:24.581 31231 31666 I art     : Starting a blocking GC Explicit
08-04 22:12:24.624 31231 31666 I art     : Explicit concurrent mark sweep GC freed 227(16KB) AllocSpace objects, 0(0B) LOS objects, 37% free, 26MB/42MB, paused 602us total 43.215ms
08-04 22:12:24.641 31231 31666 I art     : Starting a blocking GC Explicit
08-04 22:12:24.670 13866 13866 I GoogleInputMethodServic: GoogleInputMethodService.onFinishInput():3138 
08-04 22:12:24.671 13866 13866 I GoogleInputMethodServic: GoogleInputMethodService.onStartInput():1808 
08-04 22:12:24.683 31231 31666 I art     : Explicit concurrent mark sweep GC freed 34(1248B) AllocSpace objects, 0(0B) LOS objects, 37% free, 26MB/42MB, paused 563us total 41.450ms
08-04 22:12:24.698 31231 31666 I art     : Starting a blocking GC Explicit
08-04 22:12:24.737 31231 31666 I art     : Explicit concurrent mark sweep GC freed 13(416B) AllocSpace objects, 0(0B) LOS objects, 37% free, 26MB/42MB, paused 569us total 39.363ms
08-04 22:12:24.753 31231 31666 I art     : Starting a blocking GC Explicit
08-04 22:12:24.795 31231 31666 I art     : Explicit concurrent mark sweep GC freed 9(288B) AllocSpace objects, 0(0B) LOS objects, 37% free, 26MB/42MB, paused 551us total 41.937ms
08-04 22:12:24.799   512  2967 D audio_hw_primary: disable_audio_route: reset and update mixer path: low-latency-playback speaker
08-04 22:12:24.801   512  2967 D audio_hw_primary: disable_snd_device: snd_device(2: speaker)
08-04 22:12:24.809   512  2967 I soundtrigger: audio_extn_sound_trigger_update_device_status: device 0x2 of type 0 for Event 0
08-04 22:12:25.140 31231 31252 I art     : Starting a blocking GC Explicit
08-04 22:12:25.193 31231 31252 I art     : Explicit concurrent mark sweep GC freed 1379(78KB) AllocSpace objects, 1(20KB) LOS objects, 37% free, 26MB/42MB, paused 526us total 52.054ms
08-04 22:12:25.213 31231 31252 I art     : Starting a blocking GC Explicit
08-04 22:12:25.253 31231 31252 I art     : Explicit concurrent mark sweep GC freed 24(816B) AllocSpace objects, 0(0B) LOS objects, 37% free, 26MB/42MB, paused 660us total 39.487ms
08-04 22:12:25.268 31231 31252 I art     : Starting a blocking GC Explicit
08-04 22:12:25.310 31231 31252 I art     : Explicit concurrent mark sweep GC freed 12(384B) AllocSpace objects, 0(0B) LOS objects, 37% free, 26MB/42MB, paused 517us total 42.205ms
08-04 22:12:25.328 31231 31252 I art     : Starting a blocking GC Explicit
08-04 22:12:25.373 31231 31252 I art     : Explicit concurrent mark sweep GC freed 10(320B) AllocSpace objects, 0(0B) LOS objects, 37% free, 26MB/42MB, paused 515us total 45.035ms
08-04 22:12:25.391 31231 31252 I art     : Starting a blocking GC Explicit
08-04 22:12:25.436 31231 31252 I art     : Explicit concurrent mark sweep GC freed 9(288B) AllocSpace objects, 0(0B) LOS objects, 37% free, 26MB/42MB, paused 616us total 44.998ms
08-04 22:12:25.783 31231 31243 I art     : Starting a blocking GC Explicit
08-04 22:12:25.836 31231 31243 I art     : Explicit concurrent mark sweep GC freed 1341(77KB) AllocSpace objects, 1(20KB) LOS objects, 37% free, 26MB/42MB, paused 588us total 52.721ms
08-04 22:12:25.854 31231 31243 I art     : Starting a blocking GC Explicit
08-04 22:12:25.899 31231 31243 I art     : Explicit concurrent mark sweep GC freed 31(1040B) AllocSpace objects, 0(0B) LOS objects, 37% free, 26MB/42MB, paused 580us total 44.890ms
08-04 22:12:25.916 31231 31243 I art     : Starting a blocking GC Explicit
08-04 22:12:25.962 31231 31243 I art     : Explicit concurrent mark sweep GC freed 18(576B) AllocSpace objects, 0(0B) LOS objects, 37% free, 26MB/42MB, paused 508us total 45.886ms
08-04 22:12:25.979 31231 31243 I art     : Starting a blocking GC Explicit
08-04 22:12:26.024 31231 31243 I art     : Explicit concurrent mark sweep GC freed 20(640B) AllocSpace objects, 0(0B) LOS objects, 37% free, 26MB/42MB, paused 567us total 44.280ms
08-04 22:12:26.041 31231 31243 I art     : Starting a blocking GC Explicit
08-04 22:12:26.086 31231 31243 I art     : Explicit concurrent mark sweep GC freed 14(448B) AllocSpace objects, 0(0B) LOS objects, 37% free, 26MB/42MB, paused 538us total 44.373ms
08-04 22:12:26.453 31231 31666 I art     : Starting a blocking GC Explicit
08-04 22:12:26.512 31231 31666 I art     : Explicit concurrent mark sweep GC freed 1304(75KB) AllocSpace objects, 1(20KB) LOS objects, 37% free, 26MB/42MB, paused 624us total 58.385ms
08-04 22:12:26.533 31231 31666 I art     : Starting a blocking GC Explicit
08-04 22:12:26.580 31231 31666 I art     : Explicit concurrent mark sweep GC freed 18(624B) AllocSpace objects, 0(0B) LOS objects, 37% free, 26MB/42MB, paused 591us total 46.588ms
08-04 22:12:26.597 31231 31666 I art     : Starting a blocking GC Explicit
08-04 22:12:26.645 31231 31666 I art     : Explicit concurrent mark sweep GC freed 3(96B) AllocSpace objects, 0(0B) LOS objects, 37% free, 26MB/42MB, paused 600us total 47.632ms
08-04 22:12:26.661 31231 31666 I art     : Starting a blocking GC Explicit
08-04 22:12:26.711 31231 31666 I art     : Explicit concurrent mark sweep GC freed 3(96B) AllocSpace objects, 0(0B) LOS objects, 37% free, 26MB/42MB, paused 619us total 49.316ms
08-04 22:12:26.732 31231 31666 I art     : Starting a blocking GC Explicit
08-04 22:12:26.780 31231 31666 I art     : Explicit concurrent mark sweep GC freed 3(96B) AllocSpace objects, 0(0B) LOS objects, 37% free, 26MB/42MB, paused 553us total 47.235ms
08-04 22:12:27.169 31231 31252 I art     : Starting a blocking GC Explicit
08-04 22:12:27.223 31231 31252 I art     : Explicit concurrent mark sweep GC freed 1293(75KB) AllocSpace objects, 1(20KB) LOS objects, 37% free, 26MB/42MB, paused 605us total 54.049ms
08-04 22:12:27.244 31231 31252 I art     : Starting a blocking GC Explicit
08-04 22:12:27.290 31231 31252 I art     : Explicit concurrent mark sweep GC freed 18(624B) AllocSpace objects, 0(0B) LOS objects, 37% free, 26MB/42MB, paused 538us total 45.582ms
08-04 22:12:27.307 31231 31252 I art     : Starting a blocking GC Explicit
08-04 22:12:27.355 31231 31252 I art     : Explicit concurrent mark sweep GC freed 3(96B) AllocSpace objects, 0(0B) LOS objects, 37% free, 26MB/42MB, paused 590us total 47.788ms
08-04 22:12:27.368 13866 13882 I PeriodicStatsRunner: PeriodicStatsRunner.call():175 call()
08-04 22:12:27.368 13866 13882 I PeriodicStatsRunner: PeriodicStatsRunner.call():179 No submit PeriodicStats since input started.
08-04 22:12:27.372 31231 31252 I art     : Starting a blocking GC Explicit
08-04 22:12:27.419 31231 31252 I art     : Explicit concurrent mark sweep GC freed 3(96B) AllocSpace objects, 0(0B) LOS objects, 37% free, 26MB/42MB, paused 589us total 46.936ms
08-04 22:12:27.436 31231 31252 I art     : Starting a blocking GC Explicit
08-04 22:12:27.483 31231 31252 I art     : Explicit concurrent mark sweep GC freed 3(96B) AllocSpace objects, 0(0B) LOS objects, 37% free, 26MB/42MB, paused 570us total 47.236ms
08-04 22:12:27.847 31231 31244 I art     : Starting a blocking GC Explicit
08-04 22:12:27.912 31231 31244 I art     : Explicit concurrent mark sweep GC freed 1293(75KB) AllocSpace objects, 1(20KB) LOS objects, 37% free, 26MB/42MB, paused 624us total 64.391ms
08-04 22:12:27.932 31231 31244 I art     : Starting a blocking GC Explicit
08-04 22:12:27.981 31231 31244 I art     : Explicit concurrent mark sweep GC freed 18(624B) AllocSpace objects, 0(0B) LOS objects, 37% free, 26MB/42MB, paused 592us total 48.437ms
08-04 22:12:27.997 31231 31244 I art     : Starting a blocking GC Explicit
08-04 22:12:28.043 31231 31244 I art     : Explicit concurrent mark sweep GC freed 3(96B) AllocSpace objects, 0(0B) LOS objects, 37% free, 26MB/42MB, paused 588us total 44.964ms
08-04 22:12:28.059 31231 31244 I art     : Starting a blocking GC Explicit
08-04 22:12:28.108 31231 31244 I art     : Explicit concurrent mark sweep GC freed 3(96B) AllocSpace objects, 0(0B) LOS objects, 37% free, 26MB/42MB, paused 638us total 48.666ms
08-04 22:12:28.125 31231 31244 I art     : Starting a blocking GC Explicit
08-04 22:12:28.171 31231 31244 I art     : Explicit concurrent mark sweep GC freed 3(96B) AllocSpace objects, 0(0B) LOS objects, 37% free, 26MB/42MB, paused 576us total 45.159ms
08-04 22:12:28.552 31231 31243 I art     : Waiting for a blocking GC Explicit
08-04 22:12:28.553 31231 31243 I art     : Starting a blocking GC Explicit
08-04 22:12:28.596 31231 31243 I art     : Explicit concurrent mark sweep GC freed 1293(75KB) AllocSpace objects, 1(20KB) LOS objects, 37% free, 26MB/42MB, paused 575us total 43.319ms
08-04 22:12:28.613 31231 31243 I art     : Starting a blocking GC Explicit
08-04 22:12:28.656 31231 31243 I art     : Explicit concurrent mark sweep GC freed 18(624B) AllocSpace objects, 0(0B) LOS objects, 37% free, 26MB/42MB, paused 556us total 42.410ms
08-04 22:12:28.672 31231 31243 I art     : Starting a blocking GC Explicit
08-04 22:12:28.718 31231 31243 I art     : Explicit concurrent mark sweep GC freed 3(96B) AllocSpace objects, 0(0B) LOS objects, 37% free, 26MB/42MB, paused 633us total 46.115ms
08-04 22:12:28.734 31231 31243 I art     : Starting a blocking GC Explicit
08-04 22:12:28.779 31231 31243 I art     : Explicit concurrent mark sweep GC freed 3(96B) AllocSpace objects, 0(0B) LOS objects, 37% free, 26MB/42MB, paused 593us total 44.526ms
08-04 22:12:28.795 31231 31243 I art     : Starting a blocking GC Explicit
08-04 22:12:28.840 31231 31243 I art     : Explicit concurrent mark sweep GC freed 3(96B) AllocSpace objects, 0(0B) LOS objects, 37% free, 26MB/42MB, paused 572us total 44.644ms
08-04 22:12:29.063   321   321 D AndroidRuntime: >>>>>> START com.android.internal.os.RuntimeInit uid 2000 <<<<<<
08-04 22:12:29.069   321   321 D AndroidRuntime: CheckJNI is OFF
08-04 22:12:29.110   321   321 D ICU     : No timezone override file found: /data/misc/zoneinfo/current/icu/icu_tzdata.dat
08-04 22:12:29.154   321   321 I Radio-JNI: register_android_hardware_Radio DONE
08-04 22:12:29.183   321   321 D AndroidRuntime: Calling main entry com.android.commands.am.Am
08-04 22:12:29.190  2246  2246 I Trepn   : Trepn 6.2s: Received intent: com.quicinc.trepn.stop_profiling
08-04 22:12:29.198 31231 31666 I art     : Starting a blocking GC Explicit
08-04 22:12:29.217  2246  2246 I Trepn   : Trepn 6.2s: Trepn has Stopped Profiling.
08-04 22:12:29.237 31231 31666 I art     : Explicit concurrent mark sweep GC freed 1293(75KB) AllocSpace objects, 1(20KB) LOS objects, 37% free, 26MB/42MB, paused 575us total 39.394ms
08-04 22:12:29.252 31231 31666 I art     : Starting a blocking GC Explicit
08-04 22:12:29.292 31231 31666 I art     : Explicit concurrent mark sweep GC freed 18(624B) AllocSpace objects, 0(0B) LOS objects, 37% free, 26MB/42MB, paused 553us total 39.802ms
08-04 22:12:29.306 31231 31666 I art     : Starting a blocking GC Explicit
08-04 22:12:29.309   321   321 D AndroidRuntime: Shutting down VM
08-04 22:12:29.313   918  4413 W AppOps  : Finishing op nesting under-run: uid 10078 pkg com.quicinc.trepn code 24 time=0 duration=0 nesting=0
08-04 22:12:29.344 31231 31666 I art     : Explicit concurrent mark sweep GC freed 3(96B) AllocSpace objects, 0(0B) LOS objects, 37% free, 26MB/42MB, paused 499us total 36.695ms
08-04 22:12:29.358 31231 31666 I art     : Starting a blocking GC Explicit
08-04 22:12:29.393 31231 31666 I art     : Explicit concurrent mark sweep GC freed 3(96B) AllocSpace objects, 0(0B) LOS objects, 37% free, 26MB/42MB, paused 515us total 35.056ms
08-04 22:12:29.407 31231 31666 I art     : Starting a blocking GC Explicit
08-04 22:12:29.445 31231 31666 I art     : Explicit concurrent mark sweep GC freed 3(96B) AllocSpace objects, 0(0B) LOS objects, 37% free, 26MB/42MB, paused 525us total 37.232ms
08-04 22:12:29.671 13866 13882 I PeriodicStatsRunner: PeriodicStatsRunner.call():175 call()
08-04 22:12:29.671 13866 13882 I PeriodicStatsRunner: PeriodicStatsRunner.call():179 No submit PeriodicStats since input started.
08-04 22:12:29.749 31231 31252 I art     : Starting a blocking GC Explicit
08-04 22:12:29.793 31231 31252 I art     : Explicit concurrent mark sweep GC freed 1293(75KB) AllocSpace objects, 1(20KB) LOS objects, 37% free, 26MB/42MB, paused 537us total 43.382ms
08-04 22:12:29.809 31231 31252 I art     : Starting a blocking GC Explicit
08-04 22:12:29.850 31231 31252 I art     : Explicit concurrent mark sweep GC freed 18(624B) AllocSpace objects, 0(0B) LOS objects, 37% free, 26MB/42MB, paused 535us total 40.380ms
08-04 22:12:29.865 31231 31252 I art     : Starting a blocking GC Explicit
08-04 22:12:29.907 31231 31252 I art     : Explicit concurrent mark sweep GC freed 3(96B) AllocSpace objects, 0(0B) LOS objects, 37% free, 26MB/42MB, paused 553us total 40.670ms
08-04 22:12:29.922 31231 31252 I art     : Starting a blocking GC Explicit
08-04 22:12:29.963 31231 31252 I art     : Explicit concurrent mark sweep GC freed 3(96B) AllocSpace objects, 0(0B) LOS objects, 37% free, 26MB/42MB, paused 542us total 40.714ms
08-04 22:12:29.979 31231 31252 I art     : Starting a blocking GC Explicit
08-04 22:12:30.019 31231 31252 I art     : Explicit concurrent mark sweep GC freed 3(96B) AllocSpace objects, 0(0B) LOS objects, 37% free, 26MB/42MB, paused 531us total 40.633ms
08-04 22:12:31.279   918  3188 I hubconnection: sensorhub said: 'set_bias 3: -6.2400, 0.0000, 0.0000'
