08-06 04:55:22.694  9586 10031 D CustomInterceptor: Date Thu, 06 Aug 2020 02:55:17 GMT
08-06 04:55:22.694  9586 10031 D CustomInterceptor: Expires Thu, 06 Aug 2020 03:00:22 GMT+00:00
08-06 04:55:22.694  9586 10031 D CustomInterceptor: Keep-Alive timeout=5, max=100
08-06 04:55:22.694  9586 10031 D CustomInterceptor: Referrer-Policy same-origin
08-06 04:55:22.694  9586 10031 D CustomInterceptor: Server 
08-06 04:55:22.694  9586 10031 D CustomInterceptor: Strict-Transport-Security max-age=10886400;
08-06 04:55:22.694  9586 10031 D CustomInterceptor: Upgrade h2
08-06 04:55:22.694  9586 10031 D CustomInterceptor: Vary Accept-Encoding
08-06 04:55:22.694  9586 10031 D CustomInterceptor: X-Content-Type-Options nosniff
08-06 04:55:22.695  9586 10031 D CustomInterceptor: X-Frame-Options SAMEORIGIN
08-06 04:55:22.695  9586 10031 D CustomInterceptor: X-Powered-By Hamsters
08-06 04:55:22.695  9586 10031 D CustomInterceptor: X-Xss-Protection 1; mode=block
08-06 04:55:22.695  9586 10031 D CustomInterceptor: CACHEABLE true
08-06 04:55:22.695  9586 10031 D CustomInterceptor: REQ https://uob-timetable-api.adriankeenan.co.uk/sessions?dept=BD002&course=CFIEFAAF%2F02AA%2F0%2FFT&level=ALL+Courses
08-06 04:55:22.695  9586 10031 D CustomInterceptor: REQ_SERV_BY net
08-06 04:55:22.695  9586 10031 D CustomInterceptor: PREFLIB Adding response to lrucache - https://uob-timetable-api.adriankeenan.co.uk/sessions?dept=BD002&course=CFIEFAAF%2F02AA%2F0%2FFT&level=ALL+Courses
08-06 04:55:22.728 24365 32102 I NetworkScheduler.Stats: Task com.google.android.gms/com.google.android.gms.clearcut.uploader.QosUploaderService finished executing. cause:5 result: 2 elapsed_millis: 1298 uptime_millis: 1298 exec_start_elapsed_seconds: 1836325 [CONTEXT service_id=218 ]
08-06 04:55:22.744  9586 10031 D CustomInterceptor: interceptor_finished : return_type #3 : request served from remote and added to cache
08-06 04:55:22.752  9586 10031 I NAPPA_EXPERIMENTATION: MetricNetworkRequestExecutionTime: REQUEST_DURATION_SYSTEM='296',REQUEST_DURATION_OKHTTP='0',REQUEST_SYNCHRONOUS='TRUE',RESPONSE_CODE='200',RESPONSE_METHOD='GET',RESPONSE_LENGTH_OKHTTP='5404',RESPONSE_LENGTH_HEADER='-2',REQUEST_PROTOCOL='http/1.1',REQUEST_URL='https://uob-timetable-api.adriankeenan.co.uk/sessions?dept=BD002&course=CFIEFAAF%2F02AA%2F0%2FFT&level=ALL+Courses',
08-06 04:55:22.765  9586 10031 I HTTP    : Response was compressed.
08-06 04:55:22.778  9586 10031 I Service : getSessions response time: 1.12
08-06 04:55:22.779  9586  9586 D Nappa   : registerActivity: (already in) nappatfpr.com.ak.uobtimetable.MainActivity
08-06 04:55:22.779  9586  9586 D ActivityNode: ACTNODE UPDATING AFTER LOADING FROM DB
08-06 04:55:22.779  9586  9586 D ActivityGraph: LARDataCalculatedUpdate nappatfpr.com.ak.uobtimetable.MainActivity Pagerank: 0.25 HITS-Authority: 1.0 HITS-Hub: 1.0 SALSA-Authority: 1.0 SALSA-Hub: 1.0
08-06 04:55:22.779  9586  9586 D Nappa   : SHOULD_PREFETCH true
08-06 04:55:22.794  9586 10030 I art     : Starting a blocking GC Explicit
08-06 04:55:22.808   512  2967 D audio_hw_primary: disable_audio_route: reset and update mixer path: low-latency-playback speaker
08-06 04:55:22.809   512  2967 D audio_hw_primary: disable_snd_device: snd_device(2: speaker)
08-06 04:55:22.811   918   927 I art     : Background partial concurrent mark sweep GC freed 101501(9MB) AllocSpace objects, 84(1832KB) LOS objects, 18% free, 69MB/85MB, paused 1.355ms total 170.442ms
08-06 04:55:22.817   512  2967 I soundtrigger: audio_extn_sound_trigger_update_device_status: device 0x2 of type 0 for Event 0
08-06 04:55:22.840  9586 10030 I art     : Explicit concurrent mark sweep GC freed 17552(1308KB) AllocSpace objects, 6(260KB) LOS objects, 24% free, 50MB/66MB, paused 576us total 45.857ms
08-06 04:55:22.854  9586 10030 I art     : Starting a blocking GC Explicit
08-06 04:55:22.879  9586  9586 D Nappa   : registerActivity: (already in) nappatfpr.com.ak.uobtimetable.MainActivity
08-06 04:55:22.880  9586  9586 D Nappa   : SUCCESSORS nappatfpr.com.ak.uobtimetable.WelcomeActivity
08-06 04:55:22.880  9586  9586 D Nappa   : STATS Number of requests not prefetched: 2
08-06 04:55:22.880  9586  9586 D Nappa   : STATS Number of requests prefetched: 0
08-06 04:55:22.880  9586  9586 D Nappa   : STATS Time saved until now: 0.0
08-06 04:55:22.899  9586  9586 I TermDatesFragment: Webview load %: 10
08-06 04:55:22.899  9586 10030 I art     : Explicit concurrent mark sweep GC freed 1448(147KB) AllocSpace objects, 0(0B) LOS objects, 24% free, 50MB/66MB, paused 1.140ms total 44.460ms
08-06 04:55:22.915  9586 10030 I art     : Starting a blocking GC Explicit
08-06 04:55:22.957  9586 10030 I art     : Explicit concurrent mark sweep GC freed 3308(199KB) AllocSpace objects, 4(112KB) LOS objects, 24% free, 50MB/66MB, paused 773us total 41.203ms
08-06 04:55:22.964  9586  9586 I SettingsManager: Getting string: savedSessions
08-06 04:55:22.971  9586 10030 I art     : Starting a blocking GC Explicit
08-06 04:55:22.972  9586  9586 I SettingsManager: Setting string: savedSessions
08-06 04:55:22.978   918  5952 W BackupManagerService: dataChanged but no participant pkg='nappatfpr.com.ak.uobtimetable' uid=10712
08-06 04:55:22.978  9586  9586 I SettingsManager: Setting date: savedSessionsTime
08-06 04:55:22.982   918  4413 W BackupManagerService: dataChanged but no participant pkg='nappatfpr.com.ak.uobtimetable' uid=10712
08-06 04:55:22.982  9586  9586 I SettingsManager: Setting string: savedSessionsCourseName
08-06 04:55:22.989   918  5132 W BackupManagerService: dataChanged but no participant pkg='nappatfpr.com.ak.uobtimetable' uid=10712
08-06 04:55:22.989  9586  9586 I SettingsManager: Setting string: savedSessionsDateRange
08-06 04:55:22.994   918  6029 W BackupManagerService: dataChanged but no participant pkg='nappatfpr.com.ak.uobtimetable' uid=10712
08-06 04:55:22.995  9586  9586 I SettingsManager: Setting string: timetableUrl
08-06 04:55:23.000   918  6112 W BackupManagerService: dataChanged but no participant pkg='nappatfpr.com.ak.uobtimetable' uid=10712
08-06 04:55:23.000  9586  9586 I SettingsManager: Getting boolean: notifySessionRemindersEnabled
08-06 04:55:23.000  9586  9586 I SettingsManager: Getting int: notifySessionRemindersMinutes
08-06 04:55:23.000  9586  9586 I SettingsManager: Getting boolean: showHiddenSessions
08-06 04:55:23.015  9586 10030 I art     : Explicit concurrent mark sweep GC freed 6518(369KB) AllocSpace objects, 5(100KB) LOS objects, 24% free, 50MB/66MB, paused 720us total 43.807ms
08-06 04:55:23.031  9586  9586 I SessionReminderNotifier: Created session reminder alarm for f7b4771250a919bd729c1c5a4a459c77 at Mon 08:30:00 10/08/20
08-06 04:55:23.031  9586 10030 I art     : Starting a blocking GC Explicit
08-06 04:55:23.033  9586  9586 I SessionReminderNotifier: Created session reminder alarm for a7f879aabdeb78622c8820a5fb7b64cd at Tue 08:30:00 11/08/20
08-06 04:55:23.034  9586  9586 I SessionReminderNotifier: Created session reminder alarm for 7bc8d7e2c2055711f597c3d9078c6ea3 at Tue 08:30:00 11/08/20
08-06 04:55:23.035  9586  9586 I SessionReminderNotifier: Created session reminder alarm for e0fc978b5db8218778540b4053344581 at Tue 11:00:00 11/08/20
08-06 04:55:23.036  9586  9586 I SessionReminderNotifier: Created session reminder alarm for 21712fef61090882c855a1425543edb5 at Tue 13:30:00 11/08/20
08-06 04:55:23.037  9586  9586 I SessionReminderNotifier: Created session reminder alarm for 65ca4d97f031f29a4d02bbb45a705d8f at Wed 08:30:00 12/08/20
08-06 04:55:23.039  9586  9586 I SessionReminderNotifier: Created session reminder alarm for eeda7741b0bcab58fd9f46dc6ef1d942 at Wed 08:30:00 12/08/20
08-06 04:55:23.040  9586  9586 I SessionReminderNotifier: Created session reminder alarm for c276c1b2075a0beb67f1b3d1e580f920 at Wed 11:00:00 12/08/20
08-06 04:55:23.041  9586  9586 I SessionReminderNotifier: Created session reminder alarm for 79fe0b5c3b887a13ba29db5a33fa2800 at Thu 08:30:00 06/08/20
08-06 04:55:23.042  9586  9586 I SessionReminderNotifier: Created session reminder alarm for 2ba1034116e4fffdd592dbf0796a43d5 at Fri 08:30:00 07/08/20
08-06 04:55:23.042  9586  9586 I SettingsManager: Getting boolean: showHiddenSessions
08-06 04:55:23.043  9586  9586 D SessionListsFragment: 1 sessions for day 0
08-06 04:55:23.043  9586  9586 D SessionListsFragment: 4 sessions for day 1
08-06 04:55:23.043  9586  9586 D SessionListsFragment: 3 sessions for day 2
08-06 04:55:23.043  9586  9586 D SessionListsFragment: 1 sessions for day 3
08-06 04:55:23.043  9586  9586 D SessionListsFragment: 1 sessions for day 4
08-06 04:55:23.043  9137  9137 W Atfwd_Sendcmd: AtCmdFwd service not published, waiting... retryCnt : 2
08-06 04:55:23.078  9586  9605 D Nappa   : PREFETCH_ON_EXTRA - setCurrentActivity - logs - from extra - made prediction istrue
08-06 04:55:23.078  9586  9605 D Nappa   : PREFETCH_ON_EXTRA - setCurrentActivity - logs - from extra - start
08-06 04:55:23.078  9586  9605 D Nappa   : setCurrentActivity - MetricStrategyAccuracy - checking prediction VS current activity for extras
08-06 04:55:23.078  9586  9605 D TfprPrefetchingStrategy: MetricStrategyAccuracy inc hits count3 | from extra
08-06 04:55:23.078  9586  9605 I NAPPA_EXPERIMENTATION: MetricStrategyAccuracy: LOG_ID='3',EXECUTION_COUNT='3',CASES_COUNT='3',HIT_PERCENTAGE_TOTAL='100.0',HIT_PERCENTAGE_WHEN_PREDICTED='100.0',HIT_COUNT='3',MISS_COUNT='0',INSUFFICIENT_SCORE_COUNT='0',EXCEPTION_COUNT='0',NO_SUCCESSOR_COUNT='0',
08-06 04:55:23.078  9586  9605 D Nappa   : PREFETCH_ON_EXTRA - setCurrentActivity - logs - from extra- finished
08-06 04:55:23.079  9586 10030 I art     : Explicit concurrent mark sweep GC freed 4851(286KB) AllocSpace objects, 0(0B) LOS objects, 23% free, 50MB/66MB, paused 819us total 48.059ms
08-06 04:55:23.090  9586  9586 I SettingsManager: Getting boolean: showHiddenSessions
08-06 04:55:23.090  9586  9586 D SessionListsFragment: Refreshed ViewPager
08-06 04:55:23.091  9586  9586 I SettingsManager: Getting boolean: showHiddenSessions
08-06 04:55:23.091  9586  9586 I SettingsManager: Getting boolean: completedTutorial
08-06 04:55:23.104  9586  9586 I SettingsManager: Getting boolean: showHiddenSessions
08-06 04:55:23.104  9586  9586 I SettingsManager: Getting date: savedSessionsTime
08-06 04:55:23.111  9586  9586 D ActivityNode: Observer - intent extra - MainActivity
08-06 04:55:23.111  9586  9586 D ActivityNode: Extras:
08-06 04:55:23.111  9586  9586 D ActivityNode: Observer - intent extra - WelcomeActivity
08-06 04:55:23.111  9586  9586 D ActivityNode: Extras:
08-06 04:55:23.112  9586  9586 D ActivityNode: Observer - intent extra - CourseListActivity
08-06 04:55:23.112  9586  9586 D ActivityNode: Extras:
08-06 04:55:23.112  9586  9586 D ActivityNode: 	activity ID 3( key forceRefreshSessions)
08-06 04:55:23.112  9586  9586 D ActivityNode: 	activity ID 3( key forceRefreshSessions)
08-06 04:55:23.112  9586  9586 D ActivityNode: 	activity ID 3( key forceRefreshSessions)
08-06 04:55:23.112  9586  9586 D ActivityNode: 	activity ID 3( key forceRefreshSessions)
08-06 04:55:23.112  9586  9586 D ActivityNode: 	activity ID 3( key forceRefreshSessions)
08-06 04:55:23.112  9586  9586 D ActivityNode: 	activity ID 3( key forceRefreshSessions)
08-06 04:55:23.112  9586  9586 D ActivityNode: 	activity ID 3( key forceRefreshSessions)
08-06 04:55:23.112  9586  9586 D ActivityNode: 	activity ID 3( key forceRefreshSessions)
08-06 04:55:23.112  9586  9586 D ActivityNode: 	activity ID 3( key forceRefreshSessions)
08-06 04:55:23.112  9586  9586 D ActivityNode: 	activity ID 3( key forceRefreshSessions)
08-06 04:55:23.112  9586  9586 D ActivityNode: 	activity ID 3( key forceRefreshSessions)
08-06 04:55:23.112  9586  9586 D ActivityNode: 	activity ID 3( key forceRefreshSessions)
08-06 04:55:23.112  9586  9586 D ActivityNode: 	activity ID 3( key forceRefreshSessions)
08-06 04:55:23.112  9586  9586 D ActivityNode: 	activity ID 3( key forceRefreshSessions)
08-06 04:55:23.112  9586  9586 D ActivityNode: 	activity ID 3( key forceRefreshSessions)
08-06 04:55:23.112  9586  9586 D ActivityNode: 	activity ID 3( key forceRefreshSessions)
08-06 04:55:23.112  9586  9586 D ActivityNode: Observer - successor visit time - MainActivity - Updating the visit time from the successors list:
08-06 04:55:23.112  9586  9586 D ActivityNode: [AggregateVisitTimeByActivity{nappatfpr.com.ak.uobtimetable.WelcomeActivity : 27810 ms}]
08-06 04:55:23.112  9586  9586 D ActivityNode: Observer - visit time - CourseListActivity - New aggregate visit time found is 142380 ms
08-06 04:55:23.112  9586  9586 D ActivityNode: Observer - successor visit time - WelcomeActivity - Updating the visit time from the successors list:
08-06 04:55:23.112  9586  9586 D ActivityNode: [AggregateVisitTimeByActivity{nappatfpr.com.ak.uobtimetable.CourseListActivity : 41792 ms}]
08-06 04:55:23.112  9586  9586 D ActivityNode: Observer - successor visit time - CourseListActivity - Updating the visit time from the successors list:
08-06 04:55:23.112  9586  9586 D ActivityNode: [AggregateVisitTimeByActivity{nappatfpr.com.ak.uobtimetable.MainActivity : 65469 ms}]
08-06 04:55:23.380  9586  9598 I art     : Starting a blocking GC Explicit
08-06 04:55:23.380  9586  9605 D Nappa   : PREFETCH_ON_EXTRA - setCurrentActivity - starting new prediction
08-06 04:55:23.380  9586  9605 D Nappa   : Current node - currentActivityName - nappatfpr.com.ak.uobtimetable.MainActivity
08-06 04:55:23.380  9586  9605 D Nappa   : Current node - activityGraph.getCurrent() - nappatfpr.com.ak.uobtimetable.MainActivity
08-06 04:55:23.381  9586  9605 I NAPPA_EXPERIMENTATION: MetricNappaPrefetchingStrategyExecutionTime: STRATEGY_CLASS='TfprPrefetchingStrategy',DURATION='733125',NUMBER_OF_URLS='0',NUMBER_OF_SELECTED_CHILDREN_NODES='1',NUMBER_OF_CHILDREN_NODES='1',STRATEGY_RUN_SUCCESSFULLY='True',
08-06 04:55:23.381  9586  9605 D TfprPrefetchingStrategy: ==================================
08-06 04:55:23.381  9586  9605 D TfprPrefetchingStrategy: Starting Run #4
08-06 04:55:23.381  9586  9605 D TfprPrefetchingStrategy: ----------------------------------
08-06 04:55:23.381  9586  9605 D TfprPrefetchingStrategy: Node data MainActivity 
08-06 04:55:23.381  9586  9605 D TfprPrefetchingStrategy: 	Successors:
08-06 04:55:23.381  9586  9605 D TfprPrefetchingStrategy: 		WelcomeActivity (1 hits)
08-06 04:55:23.381  9586  9605 D TfprPrefetchingStrategy: 	Ancestors:
08-06 04:55:23.381  9586  9605 D TfprPrefetchingStrategy: 		CourseListActivity (0 hits)
08-06 04:55:23.381  9586  9605 D TfprPrefetchingStrategy: 
08-06 04:55:23.381  9586  9605 D TfprPrefetchingStrategy: MetricStrategyAccuracy inc execution count4 | act = true; extra = false
08-06 04:55:23.382  9586  9605 D TfprPrefetchingStrategy: ===
08-06 04:55:23.382  9586  9605 D TfprPrefetchingStrategy: calculateVisitTimeScores
08-06 04:55:23.382  9586  9605 D TfprPrefetchingStrategy: -------- Node WelcomeActivity-----------
08-06 04:55:23.382  9586  9605 D TfprPrefetchingStrategy: tfprNode.aggregateVisitTime = 27810
08-06 04:55:23.382  9586  9605 D TfprPrefetchingStrategy: tfprNode.totalAggregateVisitTimeFromSuccessors = 41792
08-06 04:55:23.382  9586  9605 D TfprPrefetchingStrategy: tfprNode.aggregateVisitTimeFromSuccessors = {nappatfpr.com.ak.uobtimetable.CourseListActivity=41792}
08-06 04:55:23.382  9586  9605 D TfprPrefetchingStrategy: -------- Node MainActivity-----------
08-06 04:55:23.382  9586  9605 D TfprPrefetchingStrategy: tfprNode.aggregateVisitTime = 65628
08-06 04:55:23.382  9586  9605 D TfprPrefetchingStrategy: tfprNode.totalAggregateVisitTimeFromSuccessors = 27810
08-06 04:55:23.382  9586  9605 D TfprPrefetchingStrategy: tfprNode.aggregateVisitTimeFromSuccessors = {nappatfpr.com.ak.uobtimetable.WelcomeActivity=27810}
08-06 04:55:23.382  9586  9605 D TfprPrefetchingStrategy: -------- Graph -----------
08-06 04:55:23.382  9586  9605 D TfprPrefetchingStrategy: tfprGraph.aggregateVisitTimeFromSuccessors = 93438
08-06 04:55:23.382  9586  9605 D TfprPrefetchingStrategy: ===
08-06 04:55:23.382  9586  9605 D TfprPrefetchingStrategy: ===
08-06 04:55:23.382  9586  9605 D TfprPrefetchingStrategy: runTfprAlgorithm
08-06 04:55:23.382  9586  9605 D TfprPrefetchingStrategy: ------------- TFPR calculation #1 of 10 -----------
08-06 04:55:23.382  9586  9605 D TfprPrefetchingStrategy: node WelcomeActivity score = 0.25298592
08-06 04:55:23.382  9586  9605 D TfprPrefetchingStrategy: node MainActivity score = 0.59701407
08-06 04:55:23.382  9586  9605 D TfprPrefetchingStrategy: ------------- TFPR calculation #2 of 10 -----------
08-06 04:55:23.382  9586  9605 D TfprPrefetchingStrategy: node WelcomeActivity score = 0.34253803
08-06 04:55:23.382  9586  9605 D TfprPrefetchingStrategy: node MainActivity score = 0.59701407
08-06 04:55:23.382  9586  9605 D TfprPrefetchingStrategy: ------------- TFPR calculation #3 of 10 -----------
08-06 04:55:23.382  9586  9605 D TfprPrefetchingStrategy: node WelcomeActivity score = 0.34253803
08-06 04:55:23.382  9586  9605 D TfprPrefetchingStrategy: node MainActivity score = 0.59701407
08-06 04:55:23.382  9586  9605 D TfprPrefetchingStrategy: ------------- TFPR calculation #4 of 10 -----------
08-06 04:55:23.382  9586  9605 D TfprPrefetchingStrategy: node WelcomeActivity score = 0.34253803
08-06 04:55:23.383  9586  9605 D TfprPrefetchingStrategy: node MainActivity score = 0.59701407
08-06 04:55:23.383  9586  9605 D TfprPrefetchingStrategy: ------------- TFPR calculation #5 of 10 -----------
08-06 04:55:23.383  9586  9605 D TfprPrefetchingStrategy: node WelcomeActivity score = 0.34253803
08-06 04:55:23.383  9586  9605 D TfprPrefetchingStrategy: node MainActivity score = 0.59701407
08-06 04:55:23.383  9586  9605 D TfprPrefetchingStrategy: ------------- TFPR calculation #6 of 10 -----------
08-06 04:55:23.383  9586  9605 D TfprPrefetchingStrategy: node WelcomeActivity score = 0.34253803
08-06 04:55:23.383  9586  9605 D TfprPrefetchingStrategy: node MainActivity score = 0.59701407
08-06 04:55:23.383  9586  9605 D TfprPrefetchingStrategy: ------------- TFPR calculation #7 of 10 -----------
08-06 04:55:23.383  9586  9605 D TfprPrefetchingStrategy: node WelcomeActivity score = 0.34253803
08-06 04:55:23.383  9586  9605 D TfprPrefetchingStrategy: node MainActivity score = 0.59701407
08-06 04:55:23.383  9586  9605 D TfprPrefetchingStrategy: ------------- TFPR calculation #8 of 10 -----------
08-06 04:55:23.383  9586  9605 D TfprPrefetchingStrategy: node WelcomeActivity score = 0.34253803
08-06 04:55:23.383  9586  9605 D TfprPrefetchingStrategy: node MainActivity score = 0.59701407
08-06 04:55:23.383  9586  9605 D TfprPrefetchingStrategy: ------------- TFPR calculation #9 of 10 -----------
08-06 04:55:23.383  9586  9605 D TfprPrefetchingStrategy: node WelcomeActivity score = 0.34253803
08-06 04:55:23.383  9586  9605 D TfprPrefetchingStrategy: node MainActivity score = 0.59701407
08-06 04:55:23.383  9586  9605 D TfprPrefetchingStrategy: ------------- TFPR calculation #10 of 10 -----------
08-06 04:55:23.383  9586  9605 D TfprPrefetchingStrategy: node WelcomeActivity score = 0.34253803
08-06 04:55:23.383  9586  9605 D TfprPrefetchingStrategy: node MainActivity score = 0.59701407
08-06 04:55:23.383  9586  9605 D TfprPrefetchingStrategy: ===
08-06 04:55:23.383  9586  9605 D TfprPrefetchingStrategy: ===
08-06 04:55:23.383  9586  9605 D TfprPrefetchingStrategy: getSuccessorListSortByTfprScore
08-06 04:55:23.383  9586  9605 D TfprPrefetchingStrategy: Successors before the sort [TfprNode{WelcomeActivity : TFPR = 0.34253803}]
08-06 04:55:23.383  9586  9605 D TfprPrefetchingStrategy: Successors sorted by highest to lowest score (N2 - N1 comparator) are [TfprNode{WelcomeActivity : TFPR = 0.34253803}]
08-06 04:55:23.383  9586  9605 D TfprPrefetchingStrategy: Selected the following nodes:
08-06 04:55:23.383  9586  9605 D TfprPrefetchingStrategy: #1 - WelcomeActivity with score 0.34253803
08-06 04:55:23.383  9586  9605 D TfprPrefetchingStrategy: successors with high score = [WelcomeActivity 
08-06 04:55:23.383  9586  9605 D TfprPrefetchingStrategy: 	Successors:
08-06 04:55:23.383  9586  9605 D TfprPrefetchingStrategy: 		CourseListActivity (1 hits)
08-06 04:55:23.383  9586  9605 D TfprPrefetchingStrategy: 	Ancestors:
08-06 04:55:23.383  9586  9605 D TfprPrefetchingStrategy: 		MainActivity (0 hits)
08-06 04:55:23.383  9586  9605 D TfprPrefetchingStrategy: 
08-06 04:55:23.383  9586  9605 D TfprPrefetchingStrategy: ]
08-06 04:55:23.384  9586  9605 D TfprPrefetchingStrategy: ===
08-06 04:55:23.384  9586  9605 D TfprPrefetchingStrategy: Selected node WelcomeActivity containing the URLS []
08-06 04:55:23.384  9586  9605 D TfprPrefetchingStrategy: Next visited child will be [nappatfpr.com.ak.uobtimetable.WelcomeActivity]
08-06 04:55:23.384  9586  9605 D TfprPrefetchingStrategy: ==================================
08-06 04:55:23.384  9586  9605 D Nappa   : PREFETCH_ON_EXTRA - setCurrentActivity - finished new prediction
08-06 04:55:23.460  9586  9598 I art     : Explicit concurrent mark sweep GC freed 151246(6MB) AllocSpace objects, 4(220KB) LOS objects, 23% free, 52MB/68MB, paused 983us total 79.945ms
08-06 04:55:23.478  9586  9598 I art     : Starting a blocking GC Explicit
08-06 04:55:23.534  9586  9598 I art     : Explicit concurrent mark sweep GC freed 32809(1581KB) AllocSpace objects, 0(0B) LOS objects, 23% free, 52MB/68MB, paused 571us total 55.679ms
08-06 04:55:23.551  9586  9598 I art     : Starting a blocking GC Explicit
08-06 04:55:23.597 13866 13866 I GoogleInputMethodServic: GoogleInputMethodService.onFinishInput():3138 
08-06 04:55:23.599 13866 13866 I GoogleInputMethodServic: GoogleInputMethodService.onStartInput():1808 
08-06 04:55:23.600  9586  9586 D ActivityNode: Observer - session data - sourceWelcomeActivity
08-06 04:55:23.600  9586  9586 D ActivityNode: destinations:
08-06 04:55:23.600  9586  9586 D ActivityNode: 	nappatfpr.com.ak.uobtimetable.CourseListActivity( count 5)
08-06 04:55:23.601  9586  9598 I art     : Explicit concurrent mark sweep GC freed 1168(90KB) AllocSpace objects, 0(0B) LOS objects, 23% free, 52MB/68MB, paused 823us total 50.272ms
08-06 04:55:23.605  9586  9586 D ActivityNode: Observer - session data - sourceMainActivity
08-06 04:55:23.605  9586  9586 D ActivityNode: destinations:
08-06 04:55:23.605  9586  9586 D ActivityNode: 	nappatfpr.com.ak.uobtimetable.WelcomeActivity( count 5)
08-06 04:55:23.606  9586  9586 D ActivityNode: Observer - session data - sourceCourseListActivity
08-06 04:55:23.606  9586  9586 D ActivityNode: destinations:
08-06 04:55:23.606  9586  9586 D ActivityNode: 	nappatfpr.com.ak.uobtimetable.MainActivity( count 13)
08-06 04:55:23.606  9586  9586 D ActivityNode: Observer - successor visit time - WelcomeActivity - Updating the visit time from the successors list:
08-06 04:55:23.606  9586  9586 D ActivityNode: [AggregateVisitTimeByActivity{nappatfpr.com.ak.uobtimetable.CourseListActivity : 41792 ms}]
08-06 04:55:23.606  9586  9586 D ActivityNode: Observer - successor visit time - MainActivity - Updating the visit time from the successors list:
08-06 04:55:23.606  9586  9586 D ActivityNode: [AggregateVisitTimeByActivity{nappatfpr.com.ak.uobtimetable.WelcomeActivity : 27810 ms}]
08-06 04:55:23.606  9586  9586 D ActivityNode: Observer - successor visit time - CourseListActivity - Updating the visit time from the successors list:
08-06 04:55:23.606  9586  9586 D ActivityNode: [AggregateVisitTimeByActivity{nappatfpr.com.ak.uobtimetable.MainActivity : 65469 ms}]
08-06 04:55:23.619  9586  9598 I art     : Starting a blocking GC Explicit
08-06 04:55:23.679  9586  9598 I art     : Explicit concurrent mark sweep GC freed 31511(1265KB) AllocSpace objects, 0(0B) LOS objects, 23% free, 52MB/68MB, paused 981us total 60.003ms
08-06 04:55:23.697  9586  9598 I art     : Starting a blocking GC Explicit
08-06 04:55:23.760  9586  9598 I art     : Explicit concurrent mark sweep GC freed 33227(1362KB) AllocSpace objects, 0(0B) LOS objects, 23% free, 52MB/68MB, paused 1.083ms total 63.223ms
08-06 04:55:23.897  9586  9586 I TermDatesFragment: Webview load %: 70
08-06 04:55:23.903   918   936 I ActivityManager: Displayed nappatfpr.com.ak.uobtimetable/.MainActivity: +1s543ms
08-06 04:55:23.920  9586  9586 I TermDatesFragment: Webview load %: 80
08-06 04:55:23.921  9586  9586 I TermDatesFragment: Webview load %: 100
08-06 04:55:23.921  9586  9586 I TermDatesFragment: Webview load %: 100
08-06 04:55:24.057  9586  9597 I art     : Starting a blocking GC Explicit
08-06 04:55:24.076  9586  9586 D NappaLifecycleObserver: nappatfpr.com.ak.uobtimetable.CourseListActivity - onDestroy
08-06 04:55:24.076  9586  9586 D NappaLifecycleObserver: -------------F1_SCORE #4 -----------
08-06 04:55:24.076  9586  9586 D NappaLifecycleObserver: F1_SCORE - Intercept list (2)= [https://uob-timetable-api.adriankeenan.co.uk/courses, https://uob-timetable-api.adriankeenan.co.uk/sessions?dept=BD002&course=CFIEFAAF%2F02AA%2F0%2FFT&level=ALL+Courses]
08-06 04:55:24.076  9586  9586 D NappaLifecycleObserver: F1_SCORE - Prefetch list (0)= []
08-06 04:55:24.077  9586  9586 D NappaLifecycleObserver: F1_SCORE - TP list (0)= []
08-06 04:55:24.077  9586  9586 D NappaLifecycleObserver: F1_SCORE - FN list (2)= [https://uob-timetable-api.adriankeenan.co.uk/courses, https://uob-timetable-api.adriankeenan.co.uk/sessions?dept=BD002&course=CFIEFAAF%2F02AA%2F0%2FFT&level=ALL+Courses]
08-06 04:55:24.077  9586  9586 I NAPPA_EXPERIMENTATION: MetricPrefetchingAccuracy: LOG_ID='5',F1_SCORE_1='0.0',F1_SCORE_2='0.0',TRUE_POSITIVE='0',FALSE_POSITIVE='0',FALSE_NEGATIVE='2',
08-06 04:55:24.130  9586  9597 I art     : Explicit concurrent mark sweep GC freed 39004(1643KB) AllocSpace objects, 1(20KB) LOS objects, 23% free, 52MB/68MB, paused 464us total 72.401ms
08-06 04:55:24.143   518   646 I ThermalEngine: ACTION: GPU - Setting GPU[0] to 450000000
08-06 04:55:24.153  9586  9597 I art     : Starting a blocking GC Explicit
08-06 04:55:24.220  9586  9597 I art     : Explicit concurrent mark sweep GC freed 1229(95KB) AllocSpace objects, 0(0B) LOS objects, 23% free, 52MB/68MB, paused 594us total 66.779ms
08-06 04:55:24.242  9586  9597 I art     : Starting a blocking GC Explicit
08-06 04:55:24.306  9586  9597 I art     : Explicit concurrent mark sweep GC freed 121504(11MB) AllocSpace objects, 3(136KB) LOS objects, 27% free, 41MB/57MB, paused 777us total 64.158ms
08-06 04:55:24.321  9586  9597 I art     : Starting a blocking GC Explicit
08-06 04:55:24.363  9586  9597 I art     : Explicit concurrent mark sweep GC freed 3(96B) AllocSpace objects, 0(0B) LOS objects, 27% free, 41MB/57MB, paused 604us total 41.430ms
08-06 04:55:24.379  9586  9597 I art     : Starting a blocking GC Explicit
08-06 04:55:24.425  9586  9597 I art     : Explicit concurrent mark sweep GC freed 83(3KB) AllocSpace objects, 0(0B) LOS objects, 27% free, 41MB/57MB, paused 603us total 46.005ms
08-06 04:55:24.765  9586 10030 I art     : Starting a blocking GC Explicit
08-06 04:55:24.821  9586 10030 I art     : Explicit concurrent mark sweep GC freed 1684(94KB) AllocSpace objects, 1(20KB) LOS objects, 27% free, 41MB/57MB, paused 563us total 55.507ms
08-06 04:55:24.841  9586 10030 I art     : Starting a blocking GC Explicit
08-06 04:55:24.888  9586 10030 I art     : Explicit concurrent mark sweep GC freed 68(2304B) AllocSpace objects, 0(0B) LOS objects, 27% free, 41MB/57MB, paused 667us total 46.323ms
08-06 04:55:24.905  9586 10030 I art     : Starting a blocking GC Explicit
08-06 04:55:24.954  9586 10030 I art     : Explicit concurrent mark sweep GC freed 19(640B) AllocSpace objects, 0(0B) LOS objects, 27% free, 41MB/57MB, paused 566us total 48.522ms
08-06 04:55:24.973  9586 10030 I art     : Starting a blocking GC Explicit
08-06 04:55:25.019  9586 10030 I art     : Explicit concurrent mark sweep GC freed 3(96B) AllocSpace objects, 0(0B) LOS objects, 27% free, 41MB/57MB, paused 580us total 45.577ms
08-06 04:55:25.035  9586 10030 I art     : Starting a blocking GC Explicit
08-06 04:55:25.081  9586 10030 I art     : Explicit concurrent mark sweep GC freed 3(96B) AllocSpace objects, 0(0B) LOS objects, 27% free, 41MB/57MB, paused 591us total 46.253ms
08-06 04:55:25.457  9586 10030 I art     : Starting a blocking GC Explicit
08-06 04:55:25.508  9586 10030 I art     : Explicit concurrent mark sweep GC freed 1543(88KB) AllocSpace objects, 1(20KB) LOS objects, 27% free, 41MB/57MB, paused 674us total 50.870ms
08-06 04:55:25.525  9586 10030 I art     : Starting a blocking GC Explicit
08-06 04:55:25.572  9586 10030 I art     : Explicit concurrent mark sweep GC freed 26(944B) AllocSpace objects, 0(0B) LOS objects, 27% free, 41MB/57MB, paused 610us total 46.732ms
08-06 04:55:25.588  9586 10030 I art     : Starting a blocking GC Explicit
08-06 04:55:25.633  9586 10030 I art     : Explicit concurrent mark sweep GC freed 3(96B) AllocSpace objects, 0(0B) LOS objects, 27% free, 41MB/57MB, paused 588us total 44.696ms
08-06 04:55:25.650  9586 10030 I art     : Starting a blocking GC Explicit
08-06 04:55:25.698  9586 10030 I art     : Explicit concurrent mark sweep GC freed 3(96B) AllocSpace objects, 0(0B) LOS objects, 27% free, 41MB/57MB, paused 646us total 48.372ms
08-06 04:55:25.715  9586 10030 I art     : Starting a blocking GC Explicit
08-06 04:55:25.759  9586 10030 I art     : Explicit concurrent mark sweep GC freed 3(96B) AllocSpace objects, 0(0B) LOS objects, 27% free, 41MB/57MB, paused 616us total 43.913ms
08-06 04:55:26.111  9586  9597 I art     : Starting a blocking GC Explicit
08-06 04:55:26.164  9586  9597 I art     : Explicit concurrent mark sweep GC freed 1517(90KB) AllocSpace objects, 1(20KB) LOS objects, 27% free, 41MB/57MB, paused 626us total 53.075ms
08-06 04:55:26.184  9586  9597 I art     : Starting a blocking GC Explicit
08-06 04:55:26.231  9586  9597 I art     : Explicit concurrent mark sweep GC freed 26(944B) AllocSpace objects, 0(0B) LOS objects, 27% free, 41MB/57MB, paused 616us total 46.529ms
08-06 04:55:26.247  9586  9597 I art     : Starting a blocking GC Explicit
08-06 04:55:26.293  9586  9597 I art     : Explicit concurrent mark sweep GC freed 3(96B) AllocSpace objects, 0(0B) LOS objects, 27% free, 41MB/57MB, paused 590us total 46.296ms
08-06 04:55:26.310  9586  9597 I art     : Starting a blocking GC Explicit
08-06 04:55:26.357  9586  9597 I art     : Explicit concurrent mark sweep GC freed 3(96B) AllocSpace objects, 0(0B) LOS objects, 27% free, 41MB/57MB, paused 601us total 46.193ms
08-06 04:55:26.373  9586  9597 I art     : Starting a blocking GC Explicit
08-06 04:55:26.421  9586  9597 I art     : Explicit concurrent mark sweep GC freed 3(96B) AllocSpace objects, 0(0B) LOS objects, 27% free, 41MB/57MB, paused 609us total 47.549ms
08-06 04:55:26.723  9586 10089 I art     : Starting a blocking GC Explicit
08-06 04:55:26.776  9586 10089 I art     : Explicit concurrent mark sweep GC freed 1519(92KB) AllocSpace objects, 1(20KB) LOS objects, 27% free, 41MB/57MB, paused 658us total 53.025ms
08-06 04:55:26.794  9586 10089 I art     : Starting a blocking GC Explicit
08-06 04:55:26.840  9586 10089 I art     : Explicit concurrent mark sweep GC freed 26(944B) AllocSpace objects, 0(0B) LOS objects, 27% free, 41MB/57MB, paused 566us total 45.403ms
08-06 04:55:26.856  9586 10089 I art     : Starting a blocking GC Explicit
08-06 04:55:26.902  9586 10089 I art     : Explicit concurrent mark sweep GC freed 14(624B) AllocSpace objects, 0(0B) LOS objects, 27% free, 41MB/57MB, paused 647us total 45.580ms
08-06 04:55:26.918  9586 10089 I art     : Starting a blocking GC Explicit
08-06 04:55:26.968  9586 10089 I art     : Explicit concurrent mark sweep GC freed 10(928B) AllocSpace objects, 0(0B) LOS objects, 27% free, 41MB/57MB, paused 867us total 49.923ms
08-06 04:55:26.988  9586 10089 I art     : Starting a blocking GC Explicit
08-06 04:55:27.027 10132 10132 D AndroidRuntime: >>>>>> START com.android.internal.os.RuntimeInit uid 2000 <<<<<<
08-06 04:55:27.034 10132 10132 D AndroidRuntime: CheckJNI is OFF
08-06 04:55:27.039  9586 10089 I art     : Explicit concurrent mark sweep GC freed 3(96B) AllocSpace objects, 0(0B) LOS objects, 27% free, 41MB/57MB, paused 627us total 50.089ms
08-06 04:55:27.080 10132 10132 D ICU     : No timezone override file found: /data/misc/zoneinfo/current/icu/icu_tzdata.dat
08-06 04:55:27.123 10132 10132 I Radio-JNI: register_android_hardware_Radio DONE
08-06 04:55:27.150 10132 10132 D AndroidRuntime: Calling main entry com.android.commands.input.Input
08-06 04:55:27.152 10132 10132 I Input   : injectMotionEvent: MotionEvent { action=ACTION_DOWN, actionButton=0, id[0]=0, x[0]=1215.0, y[0]=1450.0, toolType[0]=TOOL_TYPE_UNKNOWN, buttonState=0, metaState=0, flags=0x0, edgeFlags=0x0, pointerCount=1, historySize=0, eventTime=852943565, downTime=852943565, deviceId=0, source=0x1002 }
08-06 04:55:27.159 10132 10132 I Input   : injectMotionEvent: MotionEvent { action=ACTION_UP, actionButton=0, id[0]=0, x[0]=1215.0, y[0]=1450.0, toolType[0]=TOOL_TYPE_UNKNOWN, buttonState=0, metaState=0, flags=0x0, edgeFlags=0x0, pointerCount=1, historySize=0, eventTime=852943565, downTime=852943565, deviceId=0, source=0x1002 }
08-06 04:55:27.161 10132 10132 D AndroidRuntime: Shutting down VM
08-06 04:55:27.171   512  2967 D audio_hw_primary: out_set_parameters: enter: usecase(1: low-latency-playback) kvpairs: routing=2
08-06 04:55:27.184   512  2967 D audio_hw_primary: select_devices: out_snd_device(2: speaker) in_snd_device(0: none)
08-06 04:55:27.184   512  2967 D msm8974_platform: platform_send_audio_calibration: sending audio calibration for snd_device(2) acdb_id(15)
08-06 04:55:27.184   512  2967 I soundtrigger: audio_extn_sound_trigger_update_device_status: device 0x2 of type 0 for Event 1
08-06 04:55:27.194   512  2967 D audio_hw_primary: enable_snd_device: snd_device(2: speaker)
08-06 04:55:27.197   512  2967 D audio_hw_primary: enable_audio_route: apply and update mixer path: low-latency-playback speaker
08-06 04:55:27.333  9586  9598 I art     : Starting a blocking GC Explicit
08-06 04:55:27.372  9586  9598 I art     : Explicit concurrent mark sweep GC freed 2017(129KB) AllocSpace objects, 1(20KB) LOS objects, 27% free, 41MB/57MB, paused 582us total 39.371ms
08-06 04:55:27.388  9586  9598 I art     : Starting a blocking GC Explicit
08-06 04:55:27.427  9586  9598 I art     : Explicit concurrent mark sweep GC freed 372(23KB) AllocSpace objects, 0(0B) LOS objects, 27% free, 41MB/57MB, paused 560us total 38.719ms
08-06 04:55:27.442  9586  9598 I art     : Starting a blocking GC Explicit
08-06 04:55:27.481  9586  9598 I art     : Explicit concurrent mark sweep GC freed 831(60KB) AllocSpace objects, 1(40KB) LOS objects, 27% free, 41MB/57MB, paused 559us total 37.898ms
08-06 04:55:27.495  9586  9598 I art     : Starting a blocking GC Explicit
08-06 04:55:27.535  9586  9598 I art     : Explicit concurrent mark sweep GC freed 3(96B) AllocSpace objects, 0(0B) LOS objects, 27% free, 41MB/57MB, paused 578us total 40.253ms
08-06 04:55:27.550  9586  9598 I art     : Starting a blocking GC Explicit
08-06 04:55:27.592  9586  9598 I art     : Explicit concurrent mark sweep GC freed 3(96B) AllocSpace objects, 0(0B) LOS objects, 27% free, 41MB/57MB, paused 570us total 40.946ms
08-06 04:55:27.742   512  2967 D audio_hw_primary: disable_audio_route: reset and update mixer path: low-latency-playback speaker
08-06 04:55:27.743   512  2967 D audio_hw_primary: disable_snd_device: snd_device(2: speaker)
08-06 04:55:27.751   512  2967 I soundtrigger: audio_extn_sound_trigger_update_device_status: device 0x2 of type 0 for Event 0
08-06 04:55:27.914  9586 10030 I art     : Starting a blocking GC Explicit
08-06 04:55:27.958  9586 10030 I art     : Explicit concurrent mark sweep GC freed 1518(91KB) AllocSpace objects, 1(20KB) LOS objects, 27% free, 41MB/57MB, paused 603us total 43.953ms
08-06 04:55:27.974  9586 10030 I art     : Starting a blocking GC Explicit
08-06 04:55:28.017  9586 10030 I art     : Explicit concurrent mark sweep GC freed 26(944B) AllocSpace objects, 0(0B) LOS objects, 27% free, 41MB/57MB, paused 582us total 42.965ms
08-06 04:55:28.033  9586 10030 I art     : Starting a blocking GC Explicit
08-06 04:55:28.076  9586 10030 I art     : Explicit concurrent mark sweep GC freed 5(176B) AllocSpace objects, 0(0B) LOS objects, 27% free, 41MB/57MB, paused 599us total 43.403ms
08-06 04:55:28.092  9586 10030 I art     : Starting a blocking GC Explicit
08-06 04:55:28.136  9586 10030 I art     : Explicit concurrent mark sweep GC freed 3(96B) AllocSpace objects, 0(0B) LOS objects, 27% free, 41MB/57MB, paused 591us total 44.058ms
08-06 04:55:28.152  9586 10030 I art     : Starting a blocking GC Explicit
08-06 04:55:28.194  9586 10030 I art     : Explicit concurrent mark sweep GC freed 3(96B) AllocSpace objects, 0(0B) LOS objects, 27% free, 41MB/57MB, paused 590us total 41.435ms
08-06 04:55:28.509  9586  9808 I art     : Starting a blocking GC Explicit
08-06 04:55:28.556  9586  9808 I art     : Explicit concurrent mark sweep GC freed 1515(88KB) AllocSpace objects, 1(20KB) LOS objects, 27% free, 41MB/57MB, paused 630us total 46.576ms
08-06 04:55:28.572  9586  9808 I art     : Starting a blocking GC Explicit
08-06 04:55:28.613  9586  9808 I art     : Explicit concurrent mark sweep GC freed 26(944B) AllocSpace objects, 0(0B) LOS objects, 27% free, 41MB/57MB, paused 578us total 41.419ms
08-06 04:55:28.628  9586  9808 I art     : Starting a blocking GC Explicit
08-06 04:55:28.670  9586  9808 I art     : Explicit concurrent mark sweep GC freed 3(96B) AllocSpace objects, 0(0B) LOS objects, 27% free, 41MB/57MB, paused 575us total 41.230ms
08-06 04:55:28.685  9586  9808 I art     : Starting a blocking GC Explicit
08-06 04:55:28.727  9586  9808 I art     : Explicit concurrent mark sweep GC freed 3(96B) AllocSpace objects, 0(0B) LOS objects, 27% free, 41MB/57MB, paused 585us total 41.477ms
08-06 04:55:28.743  9586  9808 I art     : Starting a blocking GC Explicit
08-06 04:55:28.784  9586  9808 I art     : Explicit concurrent mark sweep GC freed 3(96B) AllocSpace objects, 0(0B) LOS objects, 27% free, 41MB/57MB, paused 581us total 40.861ms
08-06 04:55:28.941 10181 10181 D AndroidRuntime: >>>>>> START com.android.internal.os.RuntimeInit uid 2000 <<<<<<
08-06 04:55:28.948 10181 10181 D AndroidRuntime: CheckJNI is OFF
08-06 04:55:28.992 10181 10181 D ICU     : No timezone override file found: /data/misc/zoneinfo/current/icu/icu_tzdata.dat
08-06 04:55:29.040 10181 10181 I Radio-JNI: register_android_hardware_Radio DONE
08-06 04:55:29.070 10181 10181 D AndroidRuntime: Calling main entry com.android.commands.input.Input
08-06 04:55:29.072 10181 10181 I Input   : injectMotionEvent: MotionEvent { action=ACTION_DOWN, actionButton=0, id[0]=0, x[0]=1215.0, y[0]=1482.0, toolType[0]=TOOL_TYPE_UNKNOWN, buttonState=0, metaState=0, flags=0x0, edgeFlags=0x0, pointerCount=1, historySize=0, eventTime=852945484, downTime=852945484, deviceId=0, source=0x1002 }
08-06 04:55:29.077 10181 10181 I Input   : injectMotionEvent: MotionEvent { action=ACTION_UP, actionButton=0, id[0]=0, x[0]=1215.0, y[0]=1482.0, toolType[0]=TOOL_TYPE_UNKNOWN, buttonState=0, metaState=0, flags=0x0, edgeFlags=0x0, pointerCount=1, historySize=0, eventTime=852945484, downTime=852945484, deviceId=0, source=0x1002 }
08-06 04:55:29.078 10181 10181 D AndroidRuntime: Shutting down VM
08-06 04:55:29.084  9586  9586 I SettingsManager: Setting boolean: completedTutorial
08-06 04:55:29.087   512  2967 D audio_hw_primary: out_set_parameters: enter: usecase(1: low-latency-playback) kvpairs: routing=2
08-06 04:55:29.100   512  2967 D audio_hw_primary: select_devices: out_snd_device(2: speaker) in_snd_device(0: none)
08-06 04:55:29.101   512  2967 D msm8974_platform: platform_send_audio_calibration: sending audio calibration for snd_device(2) acdb_id(15)
08-06 04:55:29.101   512  2967 I soundtrigger: audio_extn_sound_trigger_update_device_status: device 0x2 of type 0 for Event 1
08-06 04:55:29.105   918  3714 W BackupManagerService: dataChanged but no participant pkg='nappatfpr.com.ak.uobtimetable' uid=10712
08-06 04:55:29.112   512  2967 D audio_hw_primary: enable_snd_device: snd_device(2: speaker)
08-06 04:55:29.116   512  2967 D audio_hw_primary: enable_audio_route: apply and update mixer path: low-latency-playback speaker
08-06 04:55:29.122   918  3359 W InputMethodManagerService: Window already focused, ignoring focus gain of: com.android.internal.view.IInputMethodClient$Stub$Proxy@793cc38 attribute=null, token = android.os.BinderProxy@4b81f1c
08-06 04:55:29.145  9586  9597 I art     : Starting a blocking GC Explicit
08-06 04:55:29.150   518   646 I ThermalEngine: ACTION: GPU - Setting GPU[0] to 510000000
08-06 04:55:29.189  9586  9597 I art     : Explicit concurrent mark sweep GC freed 1733(108KB) AllocSpace objects, 2(40KB) LOS objects, 27% free, 41MB/57MB, paused 809us total 44.627ms
08-06 04:55:29.204  9586  9597 I art     : Starting a blocking GC Explicit
08-06 04:55:29.245  9586  9597 I art     : Explicit concurrent mark sweep GC freed 1015(69KB) AllocSpace objects, 1(40KB) LOS objects, 27% free, 41MB/57MB, paused 417us total 40.540ms
08-06 04:55:29.260  9586  9597 I art     : Starting a blocking GC Explicit
08-06 04:55:29.299  9586  9597 I art     : Explicit concurrent mark sweep GC freed 3(96B) AllocSpace objects, 0(0B) LOS objects, 27% free, 41MB/57MB, paused 478us total 38.995ms
08-06 04:55:29.315  9586  9597 I art     : Starting a blocking GC Explicit
08-06 04:55:29.353  9586  9597 I art     : Explicit concurrent mark sweep GC freed 3(96B) AllocSpace objects, 0(0B) LOS objects, 27% free, 41MB/57MB, paused 397us total 36.318ms
08-06 04:55:29.364  9586  9597 I art     : Starting a blocking GC Explicit
08-06 04:55:29.394  9586  9597 I art     : Explicit concurrent mark sweep GC freed 3(96B) AllocSpace objects, 0(0B) LOS objects, 27% free, 41MB/57MB, paused 423us total 30.121ms
08-06 04:55:29.669   512  2967 D audio_hw_primary: disable_audio_route: reset and update mixer path: low-latency-playback speaker
08-06 04:55:29.670   512  2967 D audio_hw_primary: disable_snd_device: snd_device(2: speaker)
08-06 04:55:29.677   512  2967 I soundtrigger: audio_extn_sound_trigger_update_device_status: device 0x2 of type 0 for Event 0
08-06 04:55:29.701  9586 10089 I art     : Starting a blocking GC Explicit
08-06 04:55:29.746  9586 10089 I art     : Explicit concurrent mark sweep GC freed 1515(88KB) AllocSpace objects, 1(20KB) LOS objects, 27% free, 41MB/57MB, paused 486us total 44.446ms
08-06 04:55:29.763  9586 10089 I art     : Starting a blocking GC Explicit
08-06 04:55:29.799  9586 10089 I art     : Explicit concurrent mark sweep GC freed 26(944B) AllocSpace objects, 0(0B) LOS objects, 27% free, 41MB/57MB, paused 456us total 35.641ms
08-06 04:55:29.812  9586 10089 I art     : Starting a blocking GC Explicit
08-06 04:55:29.848  9586 10089 I art     : Explicit concurrent mark sweep GC freed 3(96B) AllocSpace objects, 0(0B) LOS objects, 27% free, 41MB/57MB, paused 491us total 35.874ms
08-06 04:55:29.848  9586  9596 I art     : WaitForGcToComplete blocked for 27.142ms for cause HeapTrim
08-06 04:55:29.861  9586 10089 I art     : Starting a blocking GC Explicit
08-06 04:55:29.897  9586 10089 I art     : Explicit concurrent mark sweep GC freed 3(96B) AllocSpace objects, 0(0B) LOS objects, 27% free, 41MB/57MB, paused 487us total 35.636ms
08-06 04:55:29.909  9586 10089 I art     : Starting a blocking GC Explicit
08-06 04:55:29.944  9586 10089 I art     : Explicit concurrent mark sweep GC freed 3(96B) AllocSpace objects, 0(0B) LOS objects, 27% free, 41MB/57MB, paused 446us total 34.899ms
08-06 04:55:30.251  9586  9808 I art     : Starting a blocking GC Explicit
08-06 04:55:30.296  9586  9808 I art     : Explicit concurrent mark sweep GC freed 1515(88KB) AllocSpace objects, 1(20KB) LOS objects, 27% free, 41MB/57MB, paused 478us total 44.634ms
08-06 04:55:30.311  9586  9808 I art     : Starting a blocking GC Explicit
08-06 04:55:30.343  9586  9808 I art     : Explicit concurrent mark sweep GC freed 26(944B) AllocSpace objects, 0(0B) LOS objects, 27% free, 41MB/57MB, paused 422us total 32.540ms
08-06 04:55:30.355  9586  9808 I art     : Starting a blocking GC Explicit
08-06 04:55:30.388  9586  9808 I art     : Explicit concurrent mark sweep GC freed 3(96B) AllocSpace objects, 0(0B) LOS objects, 27% free, 41MB/57MB, paused 452us total 32.329ms
08-06 04:55:30.400  9586  9808 I art     : Starting a blocking GC Explicit
08-06 04:55:30.433  9586  9808 I art     : Explicit concurrent mark sweep GC freed 3(96B) AllocSpace objects, 0(0B) LOS objects, 27% free, 41MB/57MB, paused 448us total 33.114ms
08-06 04:55:30.445  9586  9808 I art     : Starting a blocking GC Explicit
08-06 04:55:30.479  9586  9808 I art     : Explicit concurrent mark sweep GC freed 3(96B) AllocSpace objects, 0(0B) LOS objects, 27% free, 41MB/57MB, paused 436us total 33.589ms
08-06 04:55:30.727 10229 10229 D AndroidRuntime: >>>>>> START com.android.internal.os.RuntimeInit uid 2000 <<<<<<
08-06 04:55:30.733 10229 10229 D AndroidRuntime: CheckJNI is OFF
08-06 04:55:30.759  9586  9598 I art     : Starting a blocking GC Explicit
08-06 04:55:30.768 10229 10229 D ICU     : No timezone override file found: /data/misc/zoneinfo/current/icu/icu_tzdata.dat
08-06 04:55:30.794  9586  9598 I art     : Explicit concurrent mark sweep GC freed 1515(88KB) AllocSpace objects, 1(20KB) LOS objects, 27% free, 41MB/57MB, paused 493us total 35.382ms
08-06 04:55:30.804 10229 10229 I Radio-JNI: register_android_hardware_Radio DONE
08-06 04:55:30.807  9586  9598 I art     : Starting a blocking GC Explicit
08-06 04:55:30.826 10229 10229 D AndroidRuntime: Calling main entry com.android.commands.input.Input
08-06 04:55:30.829 10229 10229 I Input   : injectMotionEvent: MotionEvent { action=ACTION_DOWN, actionButton=0, id[0]=0, x[0]=81.0, y[0]=176.0, toolType[0]=TOOL_TYPE_UNKNOWN, buttonState=0, metaState=0, flags=0x0, edgeFlags=0x0, pointerCount=1, historySize=0, eventTime=852947241, downTime=852947241, deviceId=0, source=0x1002 }
08-06 04:55:30.834 10229 10229 I Input   : injectMotionEvent: MotionEvent { action=ACTION_UP, actionButton=0, id[0]=0, x[0]=81.0, y[0]=176.0, toolType[0]=TOOL_TYPE_UNKNOWN, buttonState=0, metaState=0, flags=0x0, edgeFlags=0x0, pointerCount=1, historySize=0, eventTime=852947241, downTime=852947241, deviceId=0, source=0x1002 }
08-06 04:55:30.836 10229 10229 D AndroidRuntime: Shutting down VM
08-06 04:55:30.840  9586  9598 I art     : Explicit concurrent mark sweep GC freed 45(1536B) AllocSpace objects, 0(0B) LOS objects, 27% free, 41MB/57MB, paused 473us total 32.562ms
08-06 04:55:30.850   512  2967 D audio_hw_primary: out_set_parameters: enter: usecase(1: low-latency-playback) kvpairs: routing=2
08-06 04:55:30.853  9586  9598 I art     : Starting a blocking GC Explicit
08-06 04:55:30.863   512  2967 D audio_hw_primary: select_devices: out_snd_device(2: speaker) in_snd_device(0: none)
08-06 04:55:30.863   512  2967 D msm8974_platform: platform_send_audio_calibration: sending audio calibration for snd_device(2) acdb_id(15)
08-06 04:55:30.863   512  2967 I soundtrigger: audio_extn_sound_trigger_update_device_status: device 0x2 of type 0 for Event 1
08-06 04:55:30.877   512  2967 D audio_hw_primary: enable_snd_device: snd_device(2: speaker)
08-06 04:55:30.880   512  2967 D audio_hw_primary: enable_audio_route: apply and update mixer path: low-latency-playback speaker
08-06 04:55:30.885  9586  9598 I art     : Explicit concurrent mark sweep GC freed 26(976B) AllocSpace objects, 0(0B) LOS objects, 27% free, 41MB/57MB, paused 563us total 32.403ms
08-06 04:55:30.897  9586  9598 I art     : Starting a blocking GC Explicit
08-06 04:55:30.905 13866 13866 I GoogleInputMethodServic: GoogleInputMethodService.onFinishInput():3138 
08-06 04:55:30.906 13866 13866 I GoogleInputMethodServic: GoogleInputMethodService.onStartInput():1808 
08-06 04:55:30.928  9586  9598 I art     : Explicit concurrent mark sweep GC freed 383(19KB) AllocSpace objects, 0(0B) LOS objects, 27% free, 41MB/57MB, paused 422us total 31.471ms
08-06 04:55:30.940  9586  9598 I art     : Starting a blocking GC Explicit
08-06 04:55:30.969  9586  9598 I art     : Explicit concurrent mark sweep GC freed 9(448B) AllocSpace objects, 0(0B) LOS objects, 27% free, 41MB/57MB, paused 379us total 28.921ms
08-06 04:55:31.259  9586 10030 I art     : Starting a blocking GC Explicit
08-06 04:55:31.296  9586 10030 I art     : Explicit concurrent mark sweep GC freed 1518(88KB) AllocSpace objects, 1(20KB) LOS objects, 27% free, 41MB/57MB, paused 482us total 37.480ms
08-06 04:55:31.311  9586 10030 I art     : Starting a blocking GC Explicit
08-06 04:55:31.345  9586 10030 I art     : Explicit concurrent mark sweep GC freed 36(1264B) AllocSpace objects, 0(0B) LOS objects, 27% free, 41MB/57MB, paused 432us total 33.376ms
08-06 04:55:31.357  9586 10030 I art     : Starting a blocking GC Explicit
08-06 04:55:31.387  9586 10030 I art     : Explicit concurrent mark sweep GC freed 3(96B) AllocSpace objects, 0(0B) LOS objects, 27% free, 41MB/57MB, paused 442us total 30.224ms
08-06 04:55:31.399  9586 10030 I art     : Starting a blocking GC Explicit
08-06 04:55:31.418   512  2967 D audio_hw_primary: disable_audio_route: reset and update mixer path: low-latency-playback speaker
08-06 04:55:31.419   512  2967 D audio_hw_primary: disable_snd_device: snd_device(2: speaker)
08-06 04:55:31.427   512  2967 I soundtrigger: audio_extn_sound_trigger_update_device_status: device 0x2 of type 0 for Event 0
08-06 04:55:31.431  9586 10030 I art     : Explicit concurrent mark sweep GC freed 3(96B) AllocSpace objects, 0(0B) LOS objects, 27% free, 41MB/57MB, paused 444us total 32.114ms
08-06 04:55:31.443  9586 10030 I art     : Starting a blocking GC Explicit
08-06 04:55:31.476  9586 10030 I art     : Explicit concurrent mark sweep GC freed 3(96B) AllocSpace objects, 0(0B) LOS objects, 27% free, 41MB/57MB, paused 426us total 32.960ms
08-06 04:55:31.782  9586 10030 I art     : Starting a blocking GC Explicit
