--------- beginning of main
08-06 06:09:58.328  8785  8785 W System  : ClassLoader referenced unknown path: /system/app/KeyChain/lib/arm64
--------- beginning of system
08-06 06:09:58.331  8785  8785 W ContextImpl: Calling a method in the system process without a qualified user: android.app.ContextImpl.startService:1221 android.content.ContextWrapper.startService:581 android.content.ContextWrapper.startService:581 com.android.keychain.KeyChainBroadcastReceiver.onReceive:12 android.app.ActivityThread.handleReceiver:2725 
08-06 06:09:58.335  3784  3784 D CarrierServiceBindHelper: Receive action: android.intent.action.PACKAGE_ADDED
08-06 06:09:58.335  3784  3784 D CarrierServiceBindHelper: Receive action: android.intent.action.PACKAGE_REPLACED
08-06 06:09:58.336  3784  3784 D CarrierServiceBindHelper: mHandler: 3
08-06 06:09:58.336  3784  3784 D CarrierServiceBindHelper: mHandler: 3
08-06 06:09:58.336  3784  3784 D CarrierServiceBindHelper: mHandler: 3
08-06 06:09:58.336  3784  3784 D CarrierConfigLoader: mHandler: 9 phoneId: 0
08-06 06:09:58.369 24365  8802 I Fitness : FitCleanupIntentOperation received Intent android.intent.action.PACKAGE_REMOVED [CONTEXT service_id=17 ]
08-06 06:09:58.377 14692 14692 I Finsky  : [1] uah.a(18): PackageMonitorReceiverImpl - Received: android.intent.action.PACKAGE_REMOVED, [_tNEpYibi4q8onlbpCHrGmKJCrmSZcTpA6Fh-bjon9Y]
08-06 06:09:58.378 14692 14692 I Finsky  : [1] ubi.d(9): Invalidating cached PackageState for nappatfpr.com.ak.uobtimetable
08-06 06:09:58.381 14692 14692 I Finsky  : [1] lzi.c(2): Frosting ID looked up on UI thread. Caller should move to a background thread.
08-06 06:09:58.383 14692 14692 I Finsky  : [1] nqb.c(3): Installer: package nappatfpr.com.ak.uobtimetable was removed. replacing: true
08-06 06:09:58.384 14692 14692 I Finsky  : [1] nra.a(188): Installer: Notifying status update. package=nappatfpr.com.ak.uobtimetable, status=UNINSTALLED
08-06 06:09:58.402   918   929 I AccountManagerService: getTypesVisibleToCaller: isPermitted? true
08-06 06:09:58.436 14692 14692 I Finsky  : [1] lzi.c(2): Frosting ID looked up on UI thread. Caller should move to a background thread.
08-06 06:09:58.453 14692  8812 I Finsky  : [6455] ejf.a(-1): Cancelled 0 ongoing asset module downloads for package nappatfpr.com.ak.uobtimetable due to a concurrent app update.
08-06 06:09:58.464 14692 14692 I Finsky  : [1] nra.a(220): Installer: found apps to install. isMultiUserMode=false, apps=[]
08-06 06:09:58.489 14692 14876 I Finsky  : [6220] odj.b(52): IQ: Notifying installation update. package=nappatfpr.com.ak.uobtimetable, status=UNINSTALLED
08-06 06:09:58.538 24577  8825 I Auth    : [SupervisedAccountIntentOperation] onHandleIntent(): android.intent.action.PACKAGE_ADDED
08-06 06:09:58.541 24577  8826 I ChromeSync: [Sync,SyncIntentOperation] Handling the intent: Intent { act=android.intent.action.PACKAGE_ADDED dat=package:nappatfpr.com.ak.uobtimetable flg=0x4000010 cmp=com.google.android.gms/.chimera.GmsIntentOperationService (has extras) }.
08-06 06:09:58.560 14692  8809 I Finsky  : [6453] lyv.run(-1): Wrote row to frosting DB: 3228
08-06 06:09:58.573   918  5952 W ActivityManager: Unable to start service Intent { act=com.google.android.gms.auth.key.retrieval.service.START pkg=com.google.android.gms } U=0: not found
08-06 06:09:58.573   918  3714 W ActivityManager: Unbind failed: could not find connection for android.os.BinderProxy@94227df
08-06 06:09:58.581 14692 14692 I Finsky  : [1] uah.a(18): PackageMonitorReceiverImpl - Received: android.intent.action.PACKAGE_ADDED, [_tNEpYibi4q8onlbpCHrGmKJCrmSZcTpA6Fh-bjon9Y]
08-06 06:09:58.581 14692 14692 I Finsky  : [1] ubi.d(9): Invalidating cached PackageState for nappatfpr.com.ak.uobtimetable
08-06 06:09:58.583 24577 24621 E GmsClient: unable to connect to service: com.google.android.gms.auth.key.retrieval.service.START on com.google.android.gms
08-06 06:09:58.617 14692 14692 I Finsky  : [1] lzi.c(2): Frosting ID looked up on UI thread. Caller should move to a background thread.
08-06 06:09:58.650 14692 14692 I Finsky  : [1] agsx.a(4): Do not start WearSupportService due to Wear service optimization
08-06 06:09:58.654 14692  8812 I Finsky  : [6455] ejc.a(-1): Asset module broadcast after update successful for package nappatfpr.com.ak.uobtimetable. 0 sessions broadcast.
08-06 06:09:58.658 14692 14692 I Finsky  : [1] lzi.c(2): Frosting ID looked up on UI thread. Caller should move to a background thread.
08-06 06:09:58.661 14692 14876 I Finsky  : [6220] odj.b(40): IQ: No matching installs to run for jobs: []
08-06 06:09:58.665 14692  8809 I Finsky  : [6453] lyv.run(-1): Wrote row to frosting DB: 3229
08-06 06:09:58.692 14692  8811 I Finsky  : [6454] gzn.a(-1): [ContentSync] finished, scheduled=false
08-06 06:09:58.701   918  3714 I AccountManagerService: getTypesVisibleToCaller: isPermitted? true
08-06 06:09:58.707 24577  8826 I ChromeSync: [Persistence,AffiliationManager] One of affiliation or grouping data for android://bz0hZa4nAJEtd0n5sRlXG7KAqctUMWVefv7Ki4mh1p6slZ9YO-n9gS9j8m9YCrsIyI2wIxrDHraumF9Y6pBLTA==@nappatfpr.com.ak.uobtimetable/ was not found. Marking affiliation data as stale...
08-06 06:09:58.725 24577  8828 I FontLog : Package nappatfpr.com.ak.uobtimetable has no metadata [CONTEXT service_id=132 ]
08-06 06:09:58.803   918  5481 I AccountManagerService: getTypesVisibleToCaller: isPermitted? true
08-06 06:09:58.835 14692  8809 I Finsky  : [6453] lyv.run(-1): Wrote row to frosting DB: 3230
08-06 06:09:58.866  8839  8839 D AndroidRuntime: >>>>>> START com.android.internal.os.RuntimeInit uid 2000 <<<<<<
08-06 06:09:58.870  8839  8839 D AndroidRuntime: CheckJNI is OFF
08-06 06:09:58.893  8839  8839 D ICU     : No timezone override file found: /data/misc/zoneinfo/current/icu/icu_tzdata.dat
08-06 06:09:58.894 14692  8809 I Finsky  : [6453] lyv.run(-1): Wrote row to frosting DB: 3231
08-06 06:09:58.919  8839  8839 I Radio-JNI: register_android_hardware_Radio DONE
08-06 06:09:58.928 24577 13336 I Icing   : IndexChimeraService.getServiceInterface callingPackage=com.google.android.gms componentName=AppsCorpus serviceId=36
08-06 06:09:58.935  8839  8839 D AndroidRuntime: Calling main entry com.android.commands.monkey.Monkey
08-06 06:09:58.949   918   931 W BroadcastQueue: Skipping deliver [background] BroadcastRecord{efe2765 u-1 android.net.conn.CONNECTIVITY_CHANGE} to ReceiverList{f55bc3a 8839 (unknown name)/2000/u-1 remote:92ac6cf}: process crashing
08-06 06:09:58.960   918  3714 I ActivityManager: START u0 {act=android.intent.action.MAIN cat=[android.intent.category.LAUNCHER] flg=0x10200000 cmp=nappatfpr.com.ak.uobtimetable/.MainActivity} from uid 2000 on display 0
08-06 06:09:58.963   918  6112 I AccountManagerService: getTypesVisibleToCaller: isPermitted? true
08-06 06:09:58.971   918   932 I sensors : batch
08-06 06:09:58.984   918  3188 I hubconnection: sensorhub said: 'batch 31 flags:0, sampling_rate_Hz:15.00, max_report_latency_us:0'
08-06 06:09:59.001  8856  8856 I art     : Late-enabling -Xcheck:jni
08-06 06:09:59.006   918  3696 I ActivityManager: Start proc 8856:nappatfpr.com.ak.uobtimetable/u0a712 for activity nappatfpr.com.ak.uobtimetable/.MainActivity
08-06 06:09:59.014  8839  8839 I art     : System.exit called, status: 0
08-06 06:09:59.014  8839  8839 I AndroidRuntime: VM exiting with result code 0.
08-06 06:09:59.017   918   932 I sensors : flush
08-06 06:09:59.019 14692 14692 I Finsky  : [1] xmu.a(8): SCH: Jobs in database: 1-1337 3-221 3-222 12-1 24-77777777 26-1414141414 
08-06 06:09:59.021 14692 14692 I Finsky  : [1] xio.a(57): SCH: ConstraintMapping: 24-77777777,  -> L: 0ms, D: 54011906ms, C: false, I: true, N: 0
08-06 06:09:59.022 14692 14692 I Finsky  : [1] xio.a(57): SCH: ConstraintMapping: 1-1337, 12-1,  -> L: 14377ms, D: 57353898ms, C: false, I: false, N: 1
08-06 06:09:59.023 14692 14692 I Finsky  : [1] xio.a(57): SCH: ConstraintMapping: 3-221,  -> L: 0ms, D: 75490406ms, C: false, I: true, N: 2
08-06 06:09:59.023   918  3188 I hubconnection: sensorhub said: 'flush 31'
08-06 06:09:59.023   918  3188 I hubconnection: saw sensor 31 flushed
08-06 06:09:59.023 14692 14692 I Finsky  : [1] xio.a(57): SCH: ConstraintMapping: 3-222,  -> L: 0ms, D: 75490478ms, C: true, I: true, N: 2
08-06 06:09:59.024 14692 14692 I Finsky  : [1] xio.a(57): SCH: ConstraintMapping: 26-1414141414,  -> L: 18801799ms, D: 19701799ms, C: false, I: false, N: 0
08-06 06:09:59.025 14692  8811 I Finsky  : [6454] gzn.a(-1): [ContentSync] finished, scheduled=true
08-06 06:09:59.035 24577  7409 W Icing   : No valid account for uploading user actions
08-06 06:09:59.049  8856  8856 W System  : ClassLoader referenced unknown path: /data/app/nappatfpr.com.ak.uobtimetable-1/lib/arm64
08-06 06:09:59.057 14692 14692 I Finsky  : [1] xle.a(34): Cancelling existing jobscheduler jobs: 9000 9006 9010 9008 9002 9009 9007 9004 9005 9003 
08-06 06:09:59.057 14692 14692 I Finsky  : [1] xle.a(27): Scheduling job Id: 9001, L: 0, D: 54011906, C: false, I: true, N: 0
08-06 06:09:59.059 14692 14692 I Finsky  : [1] xle.a(27): Scheduling job Id: 9011, L: 14377, D: 57353898, C: false, I: false, N: 1
08-06 06:09:59.063  8856  8856 E Application: Can't init Bugsnag - No key
08-06 06:09:59.063  8856  8856 E Application: java.lang.Exception: Can't init Bugsnag - No key
08-06 06:09:59.063  8856  8856 E Application: 	at nappatfpr.com.ak.uobtimetable.Utilities.Logging.Logger.error(Logger.java:79)
08-06 06:09:59.063  8856  8856 E Application: 	at nappatfpr.com.ak.uobtimetable.MyApplication.onCreate(MyApplication.java:50)
08-06 06:09:59.063  8856  8856 E Application: 	at android.app.Instrumentation.callApplicationOnCreate(Instrumentation.java:1013)
08-06 06:09:59.063  8856  8856 E Application: 	at android.app.ActivityThread.handleBindApplication(ActivityThread.java:4707)
08-06 06:09:59.063  8856  8856 E Application: 	at android.app.ActivityThread.-wrap1(ActivityThread.java)
08-06 06:09:59.063  8856  8856 E Application: 	at android.app.ActivityThread$H.handleMessage(ActivityThread.java:1405)
08-06 06:09:59.063  8856  8856 E Application: 	at android.os.Handler.dispatchMessage(Handler.java:102)
08-06 06:09:59.063  8856  8856 E Application: 	at android.os.Looper.loop(Looper.java:148)
08-06 06:09:59.063  8856  8856 E Application: 	at android.app.ActivityThread.main(ActivityThread.java:5417)
08-06 06:09:59.063  8856  8856 E Application: 	at java.lang.reflect.Method.invoke(Native Method)
08-06 06:09:59.063  8856  8856 E Application: 	at com.android.internal.os.ZygoteInit$MethodAndArgsCaller.run(ZygoteInit.java:726)
08-06 06:09:59.063  8856  8856 E Application: 	at com.android.internal.os.ZygoteInit.main(ZygoteInit.java:616)
08-06 06:09:59.066  8856  8856 I Application: API level: 23
08-06 06:09:59.067  8856  8856 I Application: API level name: M
08-06 06:09:59.067 14692 14692 I Finsky  : [1] xle.a(27): Scheduling job Id: 9012, L: 0, D: 75490406, C: false, I: true, N: 2
08-06 06:09:59.067  8856  8856 I Application: Target API level: 29
08-06 06:09:59.067  8856  8856 I Application: Git commit hash: d26bf1fa
08-06 06:09:59.067  8856  8856 I Application: Git branch: master
08-06 06:09:59.067  8856  8856 I Application: Build type: Debug
08-06 06:09:59.068 16458  6583 I PBSessionCacheImpl: Deleted sessionId[72384646105454640] from persistence.
08-06 06:09:59.069 14692 14692 I Finsky  : [1] xle.a(27): Scheduling job Id: 9013, L: 0, D: 75490478, C: true, I: true, N: 2
08-06 06:09:59.070 14692 14692 I Finsky  : [1] xle.a(27): Scheduling job Id: 9014, L: 18801799, D: 19701799, C: false, I: false, N: 0
08-06 06:09:59.071  8856  8856 I Application: Build keys: Release
08-06 06:09:59.071  8856  8856 I Application: Version code: 21
08-06 06:09:59.071 14692 14692 I Finsky  : [1] xle.a(27): Scheduling job Id: 9015, L: 0, D: 54011906, C: false, I: true, N: 0
08-06 06:09:59.072  8856  8856 I Application: Version name: 2.5
08-06 06:09:59.072  8856  8856 I Application: Build date: 22:30 03/08/20
08-06 06:09:59.072 14692 14692 I Finsky  : [1] xle.a(27): Scheduling job Id: 9016, L: 14377, D: 57353898, C: false, I: false, N: 1
08-06 06:09:59.072  8856  8856 I Application: Package update date: 23:59 05/08/20
08-06 06:09:59.073  8856  8856 I SettingsManager: Getting int: launchCount
08-06 06:09:59.073  8856  8856 I SettingsManager: Setting int: launchCount
08-06 06:09:59.073 16458 16488 W SearchServiceCore: Abort, client detached.
08-06 06:09:59.073 24577 13336 I Icing   : IndexChimeraService.getServiceInterface callingPackage=com.google.android.gms componentName=null serviceId=30
08-06 06:09:59.074 14692 14692 I Finsky  : [1] xle.a(27): Scheduling job Id: 9017, L: 0, D: 75490406, C: false, I: true, N: 2
08-06 06:09:59.074 16458 16488 I MicroDetectionState: Should stop hotword detection immediately - true
08-06 06:09:59.076 14692 14692 I Finsky  : [1] xle.a(27): Scheduling job Id: 9018, L: 0, D: 75490478, C: true, I: true, N: 2
08-06 06:09:59.078 14692 14692 I Finsky  : [1] xle.a(27): Scheduling job Id: 9019, L: 18801799, D: 19701799, C: false, I: false, N: 0
08-06 06:09:59.091   918  3714 W BackupManagerService: dataChanged but no participant pkg='nappatfpr.com.ak.uobtimetable' uid=10712
08-06 06:09:59.092  8856  8856 I Application: Launch count: 1
08-06 06:09:59.094  8856  8856 I Application: Network: TYPE_WIFI
08-06 06:09:59.094  8856  8856 I Application: Tablet layout: false
08-06 06:09:59.109  8856  8856 W art     : Before Android 4.1, method android.graphics.PorterDuffColorFilter androidx.vectordrawable.graphics.drawable.VectorDrawableCompat.updateTintFilter(android.graphics.PorterDuffColorFilter, android.content.res.ColorStateList, android.graphics.PorterDuff$Mode) would have incorrectly overridden the package-private method in android.graphics.drawable.Drawable
08-06 06:09:59.118  8856  8856 D Nappa   : Selected prefetching strategy STRATEGY_TFPR
08-06 06:09:59.146  8856  8875 D Nappa   : Updating activity map nappatfpr.com.ak.uobtimetable.MainActivity: 1
08-06 06:09:59.146  8856  8875 D Nappa   : Updating activity map nappatfpr.com.ak.uobtimetable.WelcomeActivity: 2
08-06 06:09:59.146  8856  8875 D Nappa   : Updating activity map nappatfpr.com.ak.uobtimetable.CourseListActivity: 3
08-06 06:09:59.147  8856  8875 D ActivityGraph: ACT_GRAPH initNodes() fired for node: nappatfpr.com.ak.uobtimetable.MainActivity
08-06 06:09:59.153 24577  7409 I Icing   : Usage reports ok 3, Failed Usage reports 0, indexed 0, rejected 0
08-06 06:09:59.157 24577  7409 W Icing   : No valid account for uploading user actions
08-06 06:09:59.171 24577  7409 I Icing   : Usage reports ok 0, Failed Usage reports 0, indexed 0, rejected 0
08-06 06:09:59.172 24577  7409 I Icing   : Indexing com.google.android.gms-internal.3p:MobileApplication from com.google.android.gms using seqno 763
08-06 06:09:59.174 24577  7409 I Icing   : Indexing com.google.android.gms-internal.3p:MobileApplication from com.google.android.gms using seqno 763
08-06 06:09:59.210 24577 13336 I Icing   : IndexChimeraService.getServiceInterface callingPackage=com.google.android.gms componentName=null serviceId=36
08-06 06:09:59.213 24577  7409 W Icing   : No valid account for uploading user actions
08-06 06:09:59.228 24577  7409 I Icing   : Usage reports ok 0, Failed Usage reports 0, indexed 0, rejected 0
08-06 06:09:59.247  8856  8875 D Nappa   : registerActivity: (already in) nappatfpr.com.ak.uobtimetable.MainActivity
08-06 06:09:59.249  8856  8875 D ActivityGraph: LARDataInitFetchDB nappatfpr.com.ak.uobtimetable.MainActivity Pagerank: 0.25 HITS-Authority: 1.0 HITS-Hub: 1.0 SALSA-Authority: 1.0 SALSA-Hub: 1.0
08-06 06:09:59.249  8856  8875 D ActivityGraph: LARDataInit node nappatfpr.com.ak.uobtimetable.MainActivity added to nodeList
08-06 06:09:59.251  8856  8875 D ActivityGraph: ACT_GRAPH Edges size: 1
08-06 06:09:59.351  8856  8875 D Nappa   : registerActivity: (already in) nappatfpr.com.ak.uobtimetable.WelcomeActivity
08-06 06:09:59.352  8856  8875 D ActivityGraph: LARDataInitFetchDB nappatfpr.com.ak.uobtimetable.MainActivity Pagerank: 0.25 HITS-Authority: 1.0 HITS-Hub: 1.0 SALSA-Authority: 1.0 SALSA-Hub: 1.0 loaded following an edge
08-06 06:09:59.352  8856  8875 D ActivityGraph: ACT_GRAPH does not contain temp2
08-06 06:09:59.352  8856  8875 D ActivityGraph: LARDataInit node nappatfpr.com.ak.uobtimetable.WelcomeActivity added to nodeList from edge
08-06 06:09:59.353  8856  8875 D ActivityGraph: ACT_GRAPH adding successors: nappatfpr.com.ak.uobtimetable.MainActivity -> nappatfpr.com.ak.uobtimetable.WelcomeActivity
08-06 06:09:59.354  8856  8875 D FetchActivityLiveDataInfoHandler: activity  = MainActivity
08-06 06:09:59.354  8856  8875 D FetchActivityLiveDataInfoHandler: shouldSetSessionAggregateLiveData  = true
08-06 06:09:59.354  8856  8875 D FetchActivityLiveDataInfoHandler: need/shouldSetSuccessorVisitTime  = true - true
08-06 06:09:59.354  8856  8878 D Nappa   : {nappatfpr.com.ak.uobtimetable.CourseListActivity=3, nappatfpr.com.ak.uobtimetable.WelcomeActivity=2, nappatfpr.com.ak.uobtimetable.MainActivity=1}
08-06 06:09:59.354  8856  8875 D FetchActivityLiveDataInfoHandler: need/shouldSetSuccessorVisitTime  = true - true
08-06 06:09:59.355  8856  8875 D FetchActivityLiveDataInfoHandler: shouldSetUrlCandidateDbLiveDataLiveData  = true
08-06 06:09:59.355  8856  8875 D FetchActivityLiveDataInfoHandler: shouldSetActivityExtraLiveData  = true
08-06 06:09:59.356  8856  8877 D FetchSessionDataRunnable: MainActivity Fetching session data for LAST_N_SESSIONS_FROM_ENTITY_SESSION
08-06 06:09:59.359  8856  8877 D FetchVisitTimeRunnable: MainActivity Fetching session data for LAST_N_SESSIONS_FROM_ENTITY_SESSION
08-06 06:09:59.361  8856  8877 D FetchSuccessorsVisitTimeRunnable: MainActivity Fetching session data for LAST_N_SESSIONS_FROM_ENTITY_SESSION
08-06 06:09:59.364  8856  8877 D FetchUrlCandidateRunnable: MainActivity Fetching URL candidates
08-06 06:09:59.366  8856  8877 D FetchIntentExtraRunnable: MainActivity Fetching intent extras
08-06 06:09:59.367  8856  8875 D ActivityGraph: ACT_GRAPH initNodes() fired for node: nappatfpr.com.ak.uobtimetable.WelcomeActivity
08-06 06:09:59.467  8856  8875 D Nappa   : registerActivity: (already in) nappatfpr.com.ak.uobtimetable.WelcomeActivity
08-06 06:09:59.468  8856  8875 D ActivityGraph: LARDataInitFetchDB nappatfpr.com.ak.uobtimetable.WelcomeActivity Pagerank: 0.25 HITS-Authority: 1.0 HITS-Hub: 1.0 SALSA-Authority: 1.0 SALSA-Hub: 1.0
08-06 06:09:59.469  8856  8875 D ActivityGraph: LARDataInit already in nodeList
08-06 06:09:59.469  8856  8875 D ActivityGraph: ACT_GRAPH Edges size: 1
08-06 06:09:59.570  8856  8875 D Nappa   : registerActivity: (already in) nappatfpr.com.ak.uobtimetable.CourseListActivity
08-06 06:09:59.571  8856  8875 D ActivityGraph: LARDataInitFetchDB nappatfpr.com.ak.uobtimetable.WelcomeActivity Pagerank: 0.25 HITS-Authority: 1.0 HITS-Hub: 1.0 SALSA-Authority: 1.0 SALSA-Hub: 1.0 loaded following an edge
08-06 06:09:59.571  8856  8875 D ActivityGraph: ACT_GRAPH does not contain temp2
08-06 06:09:59.571  8856  8875 D ActivityGraph: LARDataInit node nappatfpr.com.ak.uobtimetable.CourseListActivity added to nodeList from edge
08-06 06:09:59.571  8856  8875 D ActivityGraph: ACT_GRAPH adding successors: nappatfpr.com.ak.uobtimetable.WelcomeActivity -> nappatfpr.com.ak.uobtimetable.CourseListActivity
08-06 06:09:59.571  8856  8875 D FetchActivityLiveDataInfoHandler: activity  = WelcomeActivity
08-06 06:09:59.571  8856  8875 D FetchActivityLiveDataInfoHandler: shouldSetSessionAggregateLiveData  = true
08-06 06:09:59.571  8856  8878 D Nappa   : {nappatfpr.com.ak.uobtimetable.CourseListActivity=3, nappatfpr.com.ak.uobtimetable.WelcomeActivity=2, nappatfpr.com.ak.uobtimetable.MainActivity=1}
08-06 06:09:59.571  8856  8875 D FetchActivityLiveDataInfoHandler: need/shouldSetSuccessorVisitTime  = true - true
08-06 06:09:59.571  8856  8875 D FetchActivityLiveDataInfoHandler: need/shouldSetSuccessorVisitTime  = true - true
08-06 06:09:59.571  8856  8875 D FetchActivityLiveDataInfoHandler: shouldSetUrlCandidateDbLiveDataLiveData  = true
08-06 06:09:59.571  8856  8875 D FetchActivityLiveDataInfoHandler: shouldSetActivityExtraLiveData  = true
08-06 06:09:59.572  8856  8877 D FetchSessionDataRunnable: WelcomeActivity Fetching session data for LAST_N_SESSIONS_FROM_ENTITY_SESSION
08-06 06:09:59.572  8856  8877 D FetchVisitTimeRunnable: WelcomeActivity Fetching session data for LAST_N_SESSIONS_FROM_ENTITY_SESSION
08-06 06:09:59.573  8856  8877 D FetchSuccessorsVisitTimeRunnable: WelcomeActivity Fetching session data for LAST_N_SESSIONS_FROM_ENTITY_SESSION
08-06 06:09:59.573  8856  8877 D FetchUrlCandidateRunnable: WelcomeActivity Fetching URL candidates
08-06 06:09:59.573  8856  8877 D FetchIntentExtraRunnable: WelcomeActivity Fetching intent extras
08-06 06:09:59.573  8856  8875 D ActivityGraph: ACT_GRAPH initNodes() fired for node: nappatfpr.com.ak.uobtimetable.CourseListActivity
08-06 06:09:59.674  8856  8875 D Nappa   : registerActivity: (already in) nappatfpr.com.ak.uobtimetable.CourseListActivity
08-06 06:09:59.675  8856  8875 D ActivityGraph: LARDataInitFetchDB nappatfpr.com.ak.uobtimetable.CourseListActivity Pagerank: 0.25 HITS-Authority: 1.0 HITS-Hub: 1.0 SALSA-Authority: 1.0 SALSA-Hub: 1.0
08-06 06:09:59.675  8856  8875 D ActivityGraph: LARDataInit already in nodeList
08-06 06:09:59.676  8856  8875 D ActivityGraph: ACT_GRAPH Edges size: 1
08-06 06:09:59.777  8856  8875 D Nappa   : registerActivity: (already in) nappatfpr.com.ak.uobtimetable.MainActivity
08-06 06:09:59.778  8856  8875 D ActivityGraph: LARDataInitFetchDB nappatfpr.com.ak.uobtimetable.CourseListActivity Pagerank: 0.25 HITS-Authority: 1.0 HITS-Hub: 1.0 SALSA-Authority: 1.0 SALSA-Hub: 1.0 loaded following an edge
08-06 06:09:59.778  8856  8875 D ActivityGraph: ACT_GRAPH contains temp2
08-06 06:09:59.778  8856  8875 D ActivityGraph: LARDataInit already in nodeList from edge
08-06 06:09:59.778  8856  8875 D ActivityGraph: ACT_GRAPH adding successors: nappatfpr.com.ak.uobtimetable.CourseListActivity -> nappatfpr.com.ak.uobtimetable.MainActivity
08-06 06:09:59.779  8856  8875 D FetchActivityLiveDataInfoHandler: activity  = CourseListActivity
08-06 06:09:59.779  8856  8875 D FetchActivityLiveDataInfoHandler: shouldSetSessionAggregateLiveData  = true
08-06 06:09:59.779  8856  8878 D Nappa   : {nappatfpr.com.ak.uobtimetable.CourseListActivity=3, nappatfpr.com.ak.uobtimetable.WelcomeActivity=2, nappatfpr.com.ak.uobtimetable.MainActivity=1}
08-06 06:09:59.779  8856  8875 D FetchActivityLiveDataInfoHandler: need/shouldSetSuccessorVisitTime  = true - true
08-06 06:09:59.779  8856  8875 D FetchActivityLiveDataInfoHandler: need/shouldSetSuccessorVisitTime  = true - true
08-06 06:09:59.779  8856  8875 D FetchActivityLiveDataInfoHandler: shouldSetUrlCandidateDbLiveDataLiveData  = true
08-06 06:09:59.779  8856  8875 D FetchActivityLiveDataInfoHandler: shouldSetActivityExtraLiveData  = true
08-06 06:09:59.780  8856  8877 D FetchSessionDataRunnable: CourseListActivity Fetching session data for LAST_N_SESSIONS_FROM_ENTITY_SESSION
08-06 06:09:59.781  8856  8877 D FetchVisitTimeRunnable: CourseListActivity Fetching session data for LAST_N_SESSIONS_FROM_ENTITY_SESSION
08-06 06:09:59.781  8856  8877 D FetchSuccessorsVisitTimeRunnable: CourseListActivity Fetching session data for LAST_N_SESSIONS_FROM_ENTITY_SESSION
08-06 06:09:59.781  8856  8877 D FetchUrlCandidateRunnable: CourseListActivity Fetching URL candidates
08-06 06:09:59.782  8856  8877 D FetchIntentExtraRunnable: CourseListActivity Fetching intent extras
08-06 06:09:59.782  8856  8875 D Nappa   : Extended Startup-time: 664 ms
08-06 06:09:59.784  8856  8875 D InitGraphRunnable: Initialised graph ActivityGraph beginning
08-06 06:09:59.784  8856  8875 D InitGraphRunnable: 
08-06 06:09:59.784  8856  8875 D InitGraphRunnable: MainActivity 
08-06 06:09:59.784  8856  8875 D InitGraphRunnable: 	Successors:
08-06 06:09:59.784  8856  8875 D InitGraphRunnable: 		WelcomeActivity (0 hits)
08-06 06:09:59.784  8856  8875 D InitGraphRunnable: 	Ancestors:
08-06 06:09:59.784  8856  8875 D InitGraphRunnable: 		CourseListActivity (0 hits)
08-06 06:09:59.784  8856  8875 D InitGraphRunnable: 
08-06 06:09:59.784  8856  8875 D InitGraphRunnable: WelcomeActivity 
08-06 06:09:59.784  8856  8875 D InitGraphRunnable: 	Successors:
08-06 06:09:59.784  8856  8875 D InitGraphRunnable: 		CourseListActivity (0 hits)
08-06 06:09:59.784  8856  8875 D InitGraphRunnable: 	Ancestors:
08-06 06:09:59.784  8856  8875 D InitGraphRunnable: 		MainActivity (0 hits)
08-06 06:09:59.784  8856  8875 D InitGraphRunnable: 
08-06 06:09:59.784  8856  8875 D InitGraphRunnable: CourseListActivity 
08-06 06:09:59.784  8856  8875 D InitGraphRunnable: 	Successors:
08-06 06:09:59.784  8856  8875 D InitGraphRunnable: 		MainActivity (0 hits)
08-06 06:09:59.784  8856  8875 D InitGraphRunnable: 	Ancestors:
08-06 06:09:59.784  8856  8875 D InitGraphRunnable: 		WelcomeActivity (0 hits)
08-06 06:09:59.784  8856  8875 D InitGraphRunnable: 
08-06 06:09:59.784  8856  8875 D InitGraphRunnable: ActivityGraph end
08-06 06:09:59.784  8856  8875 D InitGraphRunnable: 
08-06 06:09:59.784  8856  8856 D Nappa   : Startup-time: 666 ms
08-06 06:09:59.807  8856  8856 I art     : Rejecting re-init on previously-failed class java.lang.Class<androidx.core.view.ViewCompat$2>
08-06 06:09:59.808  8856  8856 I art     : Rejecting re-init on previously-failed class java.lang.Class<androidx.core.view.ViewCompat$2>
08-06 06:09:59.891  8856  8856 D MainActivity: onCreate
08-06 06:09:59.891  8856  8856 I SettingsManager: Getting string: savedSessions
08-06 06:09:59.891  8856  8856 I Settings: No saved sessions
08-06 06:09:59.924  8856  8856 I SettingsManager: Getting string: savedCourse
08-06 06:09:59.925   918  3696 I ActivityManager: START u0 {flg=0x14000000 cmp=nappatfpr.com.ak.uobtimetable/.WelcomeActivity} from uid 10712 on display 0
08-06 06:09:59.936  8856  8856 D MainActivity: OnResume
08-06 06:09:59.937  8856  8856 D NappaLifecycleObserver: nappatfpr.com.ak.uobtimetable.MainActivity - onResume
08-06 06:09:59.937  8856  8856 D Nappa   : setCurrentActivity - MetricStrategyAccuracy - 
08-06 06:09:59.937  8856  8856 D Nappa   : madePredictionFromActivity = false, 
08-06 06:09:59.937  8856  8856 D Nappa   : fromActivity = null, 
08-06 06:09:59.937  8856  8856 D Nappa   : predictedNextActivityFromActivity = [], 
08-06 06:09:59.937  8856  8856 D Nappa   : activity.getClass().getCanonicalName() = nappatfpr.com.ak.uobtimetable.MainActivity, 
08-06 06:09:59.937  8856  8856 D Nappa   : setCurrentActivity - MetricStrategyAccuracy - 
08-06 06:09:59.937  8856  8856 D Nappa   : madePredictionFromExtra = false, 
08-06 06:09:59.937  8856  8856 D Nappa   : fromActivity = null, 
08-06 06:09:59.937  8856  8856 D Nappa   : predictedNextActivityFromExtra = [], 
08-06 06:09:59.937  8856  8856 D Nappa   : activity.getClass().getCanonicalName() = nappatfpr.com.ak.uobtimetable.MainActivity, 
08-06 06:09:59.937  8856  8856 D Nappa   : PREFETCH_ON_EXTRA - setCurrentActivity - logs - from activity - made prediction isfalse
08-06 06:10:00.038  8856  8856 D Nappa   : registerActivity: (already in) nappatfpr.com.ak.uobtimetable.MainActivity
08-06 06:10:00.038  8856  8856 D Nappa   : SHOULD_PREFETCH false
08-06 06:10:00.038  8856  8856 D Nappa   : STATS Number of requests not prefetched: 0
08-06 06:10:00.038  8856  8856 D Nappa   : STATS Number of requests prefetched: 0
08-06 06:10:00.038  8856  8856 D Nappa   : STATS Time saved until now: 0.0
08-06 06:10:00.052  8856  8884 D OpenGLRenderer: Use EGL_SWAP_BEHAVIOR_PRESERVED: true
08-06 06:10:00.060  8856  8856 D ActivityNode: Setting aggregate visit time live data for node MainActivity
08-06 06:10:00.061  8856  8856 D ActivityNode: Setting aggregate visit time live data for node WelcomeActivity
08-06 06:10:00.061  8856  8856 D ActivityNode: Setting aggregate visit time live data for node CourseListActivity
08-06 06:10:00.062  8856  8856 D NappaLifecycleObserver: nappatfpr.com.ak.uobtimetable.MainActivity - onPause
08-06 06:10:00.063  8856  8856 D Nappa   : Stayed on nappatfpr.com.ak.uobtimetable.MainActivity for 25 ms
08-06 06:10:00.063  8856  8856 D MainActivity: OnPause
08-06 06:10:00.126  8856  8856 D ActivityNode: Observer - session data - sourceMainActivity
08-06 06:10:00.126  8856  8856 D ActivityNode: destinations:
08-06 06:10:00.126  8856  8856 D ActivityNode: 	nappatfpr.com.ak.uobtimetable.WelcomeActivity( count 4)
08-06 06:10:00.145  8856  8856 D NappaLifecycleObserver: nappatfpr.com.ak.uobtimetable.WelcomeActivity - onResume
08-06 06:10:00.145  8856  8856 D Nappa   : setCurrentActivity - MetricStrategyAccuracy - 
08-06 06:10:00.145  8856  8856 D Nappa   : madePredictionFromActivity = false, 
08-06 06:10:00.145  8856  8856 D Nappa   : fromActivity = nappatfpr.com.ak.uobtimetable.MainActivity, 
08-06 06:10:00.145  8856  8856 D Nappa   : predictedNextActivityFromActivity = [], 
08-06 06:10:00.145  8856  8856 D Nappa   : activity.getClass().getCanonicalName() = nappatfpr.com.ak.uobtimetable.WelcomeActivity, 
08-06 06:10:00.145  8856  8856 D Nappa   : setCurrentActivity - MetricStrategyAccuracy - 
08-06 06:10:00.145  8856  8856 D Nappa   : madePredictionFromExtra = false, 
08-06 06:10:00.145  8856  8856 D Nappa   : fromActivity = nappatfpr.com.ak.uobtimetable.MainActivity, 
08-06 06:10:00.145  8856  8856 D Nappa   : predictedNextActivityFromExtra = [], 
08-06 06:10:00.145  8856  8856 D Nappa   : activity.getClass().getCanonicalName() = nappatfpr.com.ak.uobtimetable.WelcomeActivity, 
08-06 06:10:00.145  8856  8856 D Nappa   : PREFETCH_ON_EXTRA - setCurrentActivity - logs - from activity - made prediction isfalse
08-06 06:10:00.155 24577  7409 I Icing   : Indexing com.google.android.gms-apps from com.google.android.gms
08-06 06:10:00.246  8856  8856 D Nappa   : registerActivity: (already in) nappatfpr.com.ak.uobtimetable.WelcomeActivity
08-06 06:10:00.246  8856  8856 D ActivityNode: ACTNODE UPDATING AFTER LOADING FROM DB
08-06 06:10:00.246  8856  8856 D ActivityGraph: LARDataCalculatedUpdate nappatfpr.com.ak.uobtimetable.WelcomeActivity Pagerank: 0.25 HITS-Authority: 1.0 HITS-Hub: 1.0 SALSA-Authority: 1.0 SALSA-Hub: 1.0
08-06 06:10:00.246  8856  8856 D Nappa   : SHOULD_PREFETCH true
08-06 06:10:00.249 24577  7409 I Icing   : Indexing done com.google.android.gms-apps
08-06 06:10:00.338  8856  8878 D Nappa   : PREFETCH_ON_EXTRA - setCurrentActivity - logs - from extra - made prediction isfalse
08-06 06:10:00.347  8856  8856 D Nappa   : registerActivity: (already in) nappatfpr.com.ak.uobtimetable.WelcomeActivity
08-06 06:10:00.347  8856  8856 D Nappa   : SUCCESSORS nappatfpr.com.ak.uobtimetable.CourseListActivity
08-06 06:10:00.347  8856  8856 D Nappa   : STATS Number of requests not prefetched: 0
08-06 06:10:00.347  8856  8856 D Nappa   : STATS Number of requests prefetched: 0
08-06 06:10:00.347  8856  8856 D Nappa   : STATS Time saved until now: 0.0
08-06 06:10:00.352  8856  8856 D ActivityNode: Observer - intent extra - MainActivity
08-06 06:10:00.352  8856  8856 D ActivityNode: Extras:
08-06 06:10:00.353  8856  8856 D PARAM   : COUNT: 0
08-06 06:10:00.353  8856  8856 D ActivityNode: Observer - URL candidate MainActivity[]
08-06 06:10:00.353  8856  8856 D ActivityNode: Observer - session data - sourceWelcomeActivity
08-06 06:10:00.353  8856  8856 D ActivityNode: destinations:
08-06 06:10:00.353  8856  8856 D ActivityNode: 	nappatfpr.com.ak.uobtimetable.CourseListActivity( count 4)
08-06 06:10:00.353  8856  8856 D ActivityNode: Observer - successor visit time - MainActivity - Updating the visit time from the successors list:
08-06 06:10:00.353  8856  8856 D ActivityNode: [AggregateVisitTimeByActivity{nappatfpr.com.ak.uobtimetable.WelcomeActivity : 22363 ms}]
08-06 06:10:00.353  8856  8856 D PARAM   : COUNT: 0
08-06 06:10:00.353  8856  8856 D ActivityNode: Observer - URL candidate WelcomeActivity[]
08-06 06:10:00.354  8856  8856 D ActivityNode: Observer - visit time - WelcomeActivity - New aggregate visit time found is 22363 ms
08-06 06:10:00.354  8856  8856 D ActivityNode: Observer - intent extra - WelcomeActivity
08-06 06:10:00.354  8856  8856 D ActivityNode: Extras:
08-06 06:10:00.354  8856  8856 D ActivityNode: Observer - session data - sourceCourseListActivity
08-06 06:10:00.354  8856  8856 D ActivityNode: destinations:
08-06 06:10:00.354  8856  8856 D ActivityNode: 	nappatfpr.com.ak.uobtimetable.MainActivity( count 12)
08-06 06:10:00.354  8856  8856 D ActivityNode: Observer - successor visit time - WelcomeActivity - Updating the visit time from the successors list:
08-06 06:10:00.354  8856  8856 D ActivityNode: [AggregateVisitTimeByActivity{nappatfpr.com.ak.uobtimetable.CourseListActivity : 33418 ms}]
08-06 06:10:00.354  8856  8856 D PARAM   : COUNT: 0
08-06 06:10:00.354  8856  8856 D ActivityNode: Observer - URL candidate CourseListActivity[]
08-06 06:10:00.354  8856  8856 D ActivityNode: Observer - visit time - CourseListActivity - New aggregate visit time found is 133709 ms
08-06 06:10:00.354  8856  8856 D ActivityNode: Observer - successor visit time - CourseListActivity - Updating the visit time from the successors list:
08-06 06:10:00.354  8856  8856 D ActivityNode: [AggregateVisitTimeByActivity{nappatfpr.com.ak.uobtimetable.MainActivity : 65098 ms}]
08-06 06:10:00.354  8856  8856 D ActivityNode: Observer - intent extra - CourseListActivity
08-06 06:10:00.354  8856  8856 D ActivityNode: Extras:
08-06 06:10:00.354  8856  8856 D ActivityNode: 	activity ID 3( key forceRefreshSessions)
08-06 06:10:00.354  8856  8856 D ActivityNode: 	activity ID 3( key forceRefreshSessions)
08-06 06:10:00.354  8856  8856 D ActivityNode: 	activity ID 3( key forceRefreshSessions)
08-06 06:10:00.354  8856  8856 D ActivityNode: 	activity ID 3( key forceRefreshSessions)
08-06 06:10:00.354  8856  8856 D ActivityNode: 	activity ID 3( key forceRefreshSessions)
08-06 06:10:00.354  8856  8856 D ActivityNode: 	activity ID 3( key forceRefreshSessions)
08-06 06:10:00.354  8856  8856 D ActivityNode: 	activity ID 3( key forceRefreshSessions)
08-06 06:10:00.354  8856  8856 D ActivityNode: 	activity ID 3( key forceRefreshSessions)
08-06 06:10:00.354  8856  8856 D ActivityNode: 	activity ID 3( key forceRefreshSessions)
08-06 06:10:00.354  8856  8856 D ActivityNode: 	activity ID 3( key forceRefreshSessions)
08-06 06:10:00.354  8856  8856 D ActivityNode: 	activity ID 3( key forceRefreshSessions)
08-06 06:10:00.354  8856  8856 D ActivityNode: 	activity ID 3( key forceRefreshSessions)
08-06 06:10:00.354  8856  8856 D ActivityNode: 	activity ID 3( key forceRefreshSessions)
08-06 06:10:00.354  8856  8856 D ActivityNode: 	activity ID 3( key forceRefreshSessions)
08-06 06:10:00.354  8856  8856 D ActivityNode: 	activity ID 3( key forceRefreshSessions)
08-06 06:10:00.354  8856  8856 D ActivityNode: 	activity ID 3( key forceRefreshSessions)
08-06 06:10:00.354  8856  8856 D ActivityNode: 	activity ID 3( key forceRefreshSessions)
08-06 06:10:00.354  8856  8856 D ActivityNode: 	activity ID 3( key forceRefreshSessions)
08-06 06:10:00.394  8856  8884 I Adreno  : QUALCOMM build                   : fcf4852, I1af360237c
08-06 06:10:00.394  8856  8884 I Adreno  : Build Date                       : 09/23/15
08-06 06:10:00.394  8856  8884 I Adreno  : OpenGL ES Shader Compiler Version: XE031.05.13.02
08-06 06:10:00.394  8856  8884 I Adreno  : Local Branch                     : mybranch14465806
08-06 06:10:00.394  8856  8884 I Adreno  : Remote Branch                    : quic/LA.BF64.1.2.9_v2
08-06 06:10:00.394  8856  8884 I Adreno  : Remote Branch                    : NONE
08-06 06:10:00.394  8856  8884 I Adreno  : Reconstruct Branch               : NOTHING
08-06 06:10:00.402  8856  8884 I OpenGLRenderer: Initialized EGL, version 1.4
08-06 06:10:00.433  8856  8856 D ActivityNode: Observer - visit time - MainActivity - New aggregate visit time found is 65256 ms
08-06 06:10:00.534  8893  8893 D AndroidRuntime: >>>>>> START com.android.internal.os.RuntimeInit uid 2000 <<<<<<
08-06 06:10:00.537  8893  8893 D AndroidRuntime: CheckJNI is OFF
08-06 06:10:00.546  8856  8878 D Nappa   : PREFETCH_ON_EXTRA - setCurrentActivity - logs - from extra - made prediction isfalse
08-06 06:10:00.551   918   936 I ActivityManager: Displayed nappatfpr.com.ak.uobtimetable/.WelcomeActivity: +481ms (total +1s560ms)
08-06 06:10:00.555  8856  8856 D ActivityNode: Observer - successor visit time - MainActivity - Updating the visit time from the successors list:
08-06 06:10:00.555  8856  8856 D ActivityNode: [AggregateVisitTimeByActivity{nappatfpr.com.ak.uobtimetable.WelcomeActivity : 22363 ms}]
08-06 06:10:00.556  8856  8856 D ActivityNode: Observer - successor visit time - WelcomeActivity - Updating the visit time from the successors list:
08-06 06:10:00.556  8856  8856 D ActivityNode: [AggregateVisitTimeByActivity{nappatfpr.com.ak.uobtimetable.CourseListActivity : 33418 ms}]
08-06 06:10:00.556  8856  8856 D ActivityNode: Observer - session data - sourceMainActivity
08-06 06:10:00.556  8856  8856 D ActivityNode: destinations:
08-06 06:10:00.556  8856  8856 D ActivityNode: 	nappatfpr.com.ak.uobtimetable.WelcomeActivity( count 5)
08-06 06:10:00.556  8856  8856 D ActivityNode: Observer - successor visit time - CourseListActivity - Updating the visit time from the successors list:
08-06 06:10:00.556  8856  8856 D ActivityNode: [AggregateVisitTimeByActivity{nappatfpr.com.ak.uobtimetable.MainActivity : 65098 ms}]
08-06 06:10:00.556  8856  8856 D ActivityNode: Observer - session data - sourceCourseListActivity
08-06 06:10:00.556  8856  8856 D ActivityNode: destinations:
08-06 06:10:00.556  8856  8856 D ActivityNode: 	nappatfpr.com.ak.uobtimetable.MainActivity( count 12)
08-06 06:10:00.556  8856  8856 D ActivityNode: Observer - session data - sourceWelcomeActivity
08-06 06:10:00.556  8856  8856 D ActivityNode: destinations:
08-06 06:10:00.556  8856  8856 D ActivityNode: 	nappatfpr.com.ak.uobtimetable.CourseListActivity( count 4)
08-06 06:10:00.561 13866 13866 I GoogleInputMethodServic: GoogleInputMethodService.onFinishInput():3138 
08-06 06:10:00.561  8893  8893 D ICU     : No timezone override file found: /data/misc/zoneinfo/current/icu/icu_tzdata.dat
08-06 06:10:00.562 13866 13866 I GoogleInputMethodServic: GoogleInputMethodService.onStartInput():1808 
08-06 06:10:00.570  8856  8856 D MainActivity: Saving state
08-06 06:10:00.588  8893  8893 I Radio-JNI: register_android_hardware_Radio DONE
08-06 06:10:00.602  8893  8893 D AndroidRuntime: Calling main entry com.android.commands.am.Am
08-06 06:10:00.610  3167  3167 I Trepn   : Trepn 6.2s: Received intent: com.quicinc.trepn.start_profiling
08-06 06:10:00.728  3167  3167 W FileUtils: Failed to chmod(/storage/emulated/0/trepn/Trepn_2020.08.06_061000.db): android.system.ErrnoException: chmod failed: EPERM (Operation not permitted)
08-06 06:10:00.848  8856  8878 D Nappa   : PREFETCH_ON_EXTRA - setCurrentActivity - starting new prediction
08-06 06:10:00.848  8856  8878 D Nappa   : Current node - currentActivityName - nappatfpr.com.ak.uobtimetable.WelcomeActivity
08-06 06:10:00.848  8856  8878 D Nappa   : Current node - activityGraph.getCurrent() - nappatfpr.com.ak.uobtimetable.WelcomeActivity
08-06 06:10:00.852  8856  8878 I NAPPA_EXPERIMENTATION: MetricNappaPrefetchingStrategyExecutionTime: STRATEGY_CLASS='TfprPrefetchingStrategy',DURATION='2867709',NUMBER_OF_URLS='0',NUMBER_OF_SELECTED_CHILDREN_NODES='1',NUMBER_OF_CHILDREN_NODES='1',STRATEGY_RUN_SUCCESSFULLY='True',
08-06 06:10:00.852  8856  8878 D TfprPrefetchingStrategy: ==================================
08-06 06:10:00.853  8856  8878 D TfprPrefetchingStrategy: Starting Run #1
08-06 06:10:00.853  8856  8878 D TfprPrefetchingStrategy: ----------------------------------
08-06 06:10:00.853  8856  8878 D TfprPrefetchingStrategy: Node data WelcomeActivity 
08-06 06:10:00.853  8856  8878 D TfprPrefetchingStrategy: 	Successors:
08-06 06:10:00.853  8856  8878 D TfprPrefetchingStrategy: 		CourseListActivity (0 hits)
08-06 06:10:00.853  8856  8878 D TfprPrefetchingStrategy: 	Ancestors:
08-06 06:10:00.853  8856  8878 D TfprPrefetchingStrategy: 		MainActivity (0 hits)
08-06 06:10:00.853  8856  8878 D TfprPrefetchingStrategy: 
08-06 06:10:00.853  8856  8878 D TfprPrefetchingStrategy: MetricStrategyAccuracy inc execution count1 | act = true; extra = false
08-06 06:10:00.853  8856  8878 D TfprPrefetchingStrategy: ===
08-06 06:10:00.853  8856  8878 D TfprPrefetchingStrategy: calculateVisitTimeScores
08-06 06:10:00.853  8856  8878 D TfprPrefetchingStrategy: -------- Node CourseListActivity-----------
08-06 06:10:00.853  8856  8878 D TfprPrefetchingStrategy: tfprNode.aggregateVisitTime = 133709
08-06 06:10:00.853  8856  8878 D TfprPrefetchingStrategy: tfprNode.totalAggregateVisitTimeFromSuccessors = 65098
08-06 06:10:00.853  8856  8878 D TfprPrefetchingStrategy: tfprNode.aggregateVisitTimeFromSuccessors = {nappatfpr.com.ak.uobtimetable.MainActivity=65098}
08-06 06:10:00.853  8856  8878 D TfprPrefetchingStrategy: -------- Node WelcomeActivity-----------
08-06 06:10:00.853  8856  8878 D TfprPrefetchingStrategy: tfprNode.aggregateVisitTime = 22363
08-06 06:10:00.853  8856  8878 D TfprPrefetchingStrategy: tfprNode.totalAggregateVisitTimeFromSuccessors = 33418
08-06 06:10:00.853  8856  8878 D TfprPrefetchingStrategy: tfprNode.aggregateVisitTimeFromSuccessors = {nappatfpr.com.ak.uobtimetable.CourseListActivity=33418}
08-06 06:10:00.853  8856  8878 D TfprPrefetchingStrategy: -------- Graph -----------
08-06 06:10:00.853  8856  8878 D TfprPrefetchingStrategy: tfprGraph.aggregateVisitTimeFromSuccessors = 156072
08-06 06:10:00.853  8856  8878 D TfprPrefetchingStrategy: ===
08-06 06:10:00.853  8856  8878 D TfprPrefetchingStrategy: ===
08-06 06:10:00.853  8856  8878 D TfprPrefetchingStrategy: runTfprAlgorithm
08-06 06:10:00.853  8856  8878 D TfprPrefetchingStrategy: ------------- TFPR calculation #1 of 10 -----------
08-06 06:10:00.853  8856  8878 D TfprPrefetchingStrategy: node CourseListActivity score = 0.7282066
08-06 06:10:00.853  8856  8878 D TfprPrefetchingStrategy: node WelcomeActivity score = 0.12179347
08-06 06:10:00.854  8856  8878 D TfprPrefetchingStrategy: ------------- TFPR calculation #2 of 10 -----------
08-06 06:10:00.854  8856  8878 D TfprPrefetchingStrategy: node CourseListActivity score = 0.7464756
08-06 06:10:00.854  8856  8878 D TfprPrefetchingStrategy: node WelcomeActivity score = 0.12179347
08-06 06:10:00.854  8856  8878 D TfprPrefetchingStrategy: ------------- TFPR calculation #3 of 10 -----------
08-06 06:10:00.854  8856  8878 D TfprPrefetchingStrategy: node CourseListActivity score = 0.7464756
08-06 06:10:00.854  8856  8878 D TfprPrefetchingStrategy: node WelcomeActivity score = 0.12179347
08-06 06:10:00.854  8856  8878 D TfprPrefetchingStrategy: ------------- TFPR calculation #4 of 10 -----------
08-06 06:10:00.854  8856  8878 D TfprPrefetchingStrategy: node CourseListActivity score = 0.7464756
08-06 06:10:00.854  8856  8878 D TfprPrefetchingStrategy: node WelcomeActivity score = 0.12179347
08-06 06:10:00.854  8856  8878 D TfprPrefetchingStrategy: ------------- TFPR calculation #5 of 10 -----------
08-06 06:10:00.854  8856  8878 D TfprPrefetchingStrategy: node CourseListActivity score = 0.7464756
08-06 06:10:00.854  8856  8878 D TfprPrefetchingStrategy: node WelcomeActivity score = 0.12179347
08-06 06:10:00.854  8856  8878 D TfprPrefetchingStrategy: ------------- TFPR calculation #6 of 10 -----------
08-06 06:10:00.854  8856  8878 D TfprPrefetchingStrategy: node CourseListActivity score = 0.7464756
08-06 06:10:00.854  8856  8878 D TfprPrefetchingStrategy: node WelcomeActivity score = 0.12179347
08-06 06:10:00.854  8856  8878 D TfprPrefetchingStrategy: ------------- TFPR calculation #7 of 10 -----------
08-06 06:10:00.854  8856  8878 D TfprPrefetchingStrategy: node CourseListActivity score = 0.7464756
08-06 06:10:00.854  8856  8878 D TfprPrefetchingStrategy: node WelcomeActivity score = 0.12179347
08-06 06:10:00.854  8856  8878 D TfprPrefetchingStrategy: ------------- TFPR calculation #8 of 10 -----------
08-06 06:10:00.854  8856  8878 D TfprPrefetchingStrategy: node CourseListActivity score = 0.7464756
08-06 06:10:00.854  8856  8878 D TfprPrefetchingStrategy: node WelcomeActivity score = 0.12179347
08-06 06:10:00.854  8856  8878 D TfprPrefetchingStrategy: ------------- TFPR calculation #9 of 10 -----------
08-06 06:10:00.854  8856  8878 D TfprPrefetchingStrategy: node CourseListActivity score = 0.7464756
08-06 06:10:00.855  8856  8878 D TfprPrefetchingStrategy: node WelcomeActivity score = 0.12179347
08-06 06:10:00.855  8856  8878 D TfprPrefetchingStrategy: ------------- TFPR calculation #10 of 10 -----------
08-06 06:10:00.855  8856  8878 D TfprPrefetchingStrategy: node CourseListActivity score = 0.7464756
08-06 06:10:00.855  8856  8878 D TfprPrefetchingStrategy: node WelcomeActivity score = 0.12179347
08-06 06:10:00.855  8856  8878 D TfprPrefetchingStrategy: ===
08-06 06:10:00.855  8856  8878 D TfprPrefetchingStrategy: ===
08-06 06:10:00.855  8856  8878 D TfprPrefetchingStrategy: getSuccessorListSortByTfprScore
08-06 06:10:00.855  8856  8878 D TfprPrefetchingStrategy: Successors before the sort [TfprNode{CourseListActivity : TFPR = 0.7464756}]
08-06 06:10:00.855  8856  8878 D TfprPrefetchingStrategy: Successors sorted by highest to lowest score (N2 - N1 comparator) are [TfprNode{CourseListActivity : TFPR = 0.7464756}]
08-06 06:10:00.855  8856  8878 D TfprPrefetchingStrategy: Selected the following nodes:
08-06 06:10:00.855  8856  8878 D TfprPrefetchingStrategy: #1 - CourseListActivity with score 0.7464756
08-06 06:10:00.855  8856  8878 D TfprPrefetchingStrategy: successors with high score = [CourseListActivity 
08-06 06:10:00.855  8856  8878 D TfprPrefetchingStrategy: 	Successors:
08-06 06:10:00.855  8856  8878 D TfprPrefetchingStrategy: 		MainActivity (0 hits)
08-06 06:10:00.855  8856  8878 D TfprPrefetchingStrategy: 	Ancestors:
08-06 06:10:00.855  8856  8878 D TfprPrefetchingStrategy: 		WelcomeActivity (0 hits)
08-06 06:10:00.855  8856  8878 D TfprPrefetchingStrategy: 
08-06 06:10:00.855  8856  8878 D TfprPrefetchingStrategy: ]
08-06 06:10:00.855  8856  8878 D TfprPrefetchingStrategy: ===
08-06 06:10:00.855  8856  8878 D TfprPrefetchingStrategy: Selected node CourseListActivity containing the URLS []
08-06 06:10:00.855  8856  8878 D TfprPrefetchingStrategy: Next visited child will be [nappatfpr.com.ak.uobtimetable.CourseListActivity]
08-06 06:10:00.855  8856  8878 D TfprPrefetchingStrategy: ==================================
08-06 06:10:00.855  8856  8878 D Nappa   : PREFETCH_ON_EXTRA - setCurrentActivity - finished new prediction
08-06 06:10:00.874  3167  3167 I Trepn   : Trepn 6.2s: Trepn has Started Profiling.
08-06 06:10:00.876  8893  8893 D AndroidRuntime: Shutting down VM
08-06 06:10:01.349  8856  8869 I art     : Starting a blocking GC Explicit
08-06 06:10:01.378  8856  8869 I art     : Explicit concurrent mark sweep GC freed 25749(2MB) AllocSpace objects, 3(1360KB) LOS objects, 40% free, 22MB/37MB, paused 219us total 28.881ms
08-06 06:10:01.388  8856  8869 I art     : Starting a blocking GC Explicit
08-06 06:10:01.400  8856  8869 I art     : Explicit concurrent mark sweep GC freed 1440(58KB) AllocSpace objects, 0(0B) LOS objects, 40% free, 22MB/36MB, paused 148us total 10.878ms
08-06 06:10:01.405  8856  8869 I art     : Starting a blocking GC Explicit
08-06 06:10:01.416  8856  8869 I art     : Explicit concurrent mark sweep GC freed 3(96B) AllocSpace objects, 0(0B) LOS objects, 40% free, 22MB/36MB, paused 153us total 11.019ms
08-06 06:10:01.422  8856  8869 I art     : Starting a blocking GC Explicit
08-06 06:10:01.433  8856  8869 I art     : Explicit concurrent mark sweep GC freed 3(96B) AllocSpace objects, 0(0B) LOS objects, 40% free, 22MB/36MB, paused 154us total 10.734ms
08-06 06:10:01.439  8856  8869 I art     : Starting a blocking GC Explicit
08-06 06:10:01.450  8856  8869 I art     : Explicit concurrent mark sweep GC freed 3(96B) AllocSpace objects, 0(0B) LOS objects, 40% free, 22MB/36MB, paused 143us total 10.700ms
08-06 06:10:01.722  8856  8868 I art     : Starting a blocking GC Explicit
08-06 06:10:01.739  8856  8868 I art     : Explicit concurrent mark sweep GC freed 1506(89KB) AllocSpace objects, 1(20KB) LOS objects, 40% free, 22MB/36MB, paused 185us total 16.917ms
08-06 06:10:01.749  8856  8868 I art     : Starting a blocking GC Explicit
08-06 06:10:01.764  8856  8868 I art     : Explicit concurrent mark sweep GC freed 26(944B) AllocSpace objects, 0(0B) LOS objects, 40% free, 22MB/36MB, paused 171us total 14.317ms
08-06 06:10:01.772  8856  8868 I art     : Starting a blocking GC Explicit
08-06 06:10:01.784  8856  8868 I art     : Explicit concurrent mark sweep GC freed 3(96B) AllocSpace objects, 0(0B) LOS objects, 40% free, 22MB/36MB, paused 154us total 11.333ms
08-06 06:10:01.790  8856  8868 I art     : Starting a blocking GC Explicit
08-06 06:10:01.802  8856  8868 I art     : Explicit concurrent mark sweep GC freed 3(96B) AllocSpace objects, 0(0B) LOS objects, 40% free, 22MB/36MB, paused 159us total 11.399ms
08-06 06:10:01.808  8856  8868 I art     : Starting a blocking GC Explicit
08-06 06:10:01.820  8856  8868 I art     : Explicit concurrent mark sweep GC freed 3(96B) AllocSpace objects, 0(0B) LOS objects, 40% free, 22MB/36MB, paused 156us total 11.554ms
08-06 06:10:02.091  8856  8869 I art     : Starting a blocking GC Explicit
08-06 06:10:02.108  8856  8869 I art     : Explicit concurrent mark sweep GC freed 1494(88KB) AllocSpace objects, 1(20KB) LOS objects, 40% free, 22MB/36MB, paused 202us total 16.392ms
08-06 06:10:02.117  8856  8869 I art     : Starting a blocking GC Explicit
08-06 06:10:02.129  8856  8869 I art     : Explicit concurrent mark sweep GC freed 26(944B) AllocSpace objects, 0(0B) LOS objects, 40% free, 22MB/36MB, paused 169us total 12.195ms
08-06 06:10:02.136  8856  8869 I art     : Starting a blocking GC Explicit
