08-04 21:28:37.269 25637 25779 D CustomInterceptor: CACHED STATS: size = '100', maxSize = '100', hitCount = '190', createCount = '0', putCount = '133', evictionCount = '33', missCount = '160', toString = 'LruCache[maxSize=100,hits=190,misses=160,hitRate=54%]', 
08-04 21:28:37.269 25637 25779 D CustomInterceptor: PREFLIB GET REQUEST https://hacker-news.firebaseio.com/v0/item/23976296.json
08-04 21:28:37.269 25637 25779 D CustomInterceptor: PREFLIB found https://hacker-news.firebaseio.com/v0/item/23976296.json, sending it back
08-04 21:28:37.269 25637 25779 D CustomInterceptor: CONTENT {"by":"lbill","id":23976296,"parent":23970842,"text":"I really hope that Intel wakes up: struggling with fab processes is not their biggest problem, their marketing strategy is. There are some really talented engineers in there, but the product segmentation and the way the &quot;features&quot; are sold is in my opinion not good at all.<p>Linus Tech Tips made a great video about it:  <a href=\"https:&#x2F;&#x2F;www.youtube.com&#x2F;watch?v=Skry6cKyz50\" rel=\"nofollow\">https:&#x2F;&#x2F;www.youtube.com&#x2F;watch?v=Skry6cKyz50</a>","time":1595947321,"type":"comment"}
08-04 21:28:37.269 25637 25779 D CustomInterceptor: interceptor_finished : return_type #2 : request served from cache
08-04 21:28:37.282 25637 26276 D CustomInterceptor: NETWORK-PROVIDER https://hacker-news.firebaseio.com/v0/item/23974581.json
08-04 21:28:37.284 25637 26276 D CustomInterceptor: HEADER REQUEST
08-04 21:28:37.284 25637 26276 D CustomInterceptor: Cache-Control max-age=300, max-stale=300
08-04 21:28:37.284 25637 26276 D CustomInterceptor: CACHED STATS: size = '100', maxSize = '100', hitCount = '191', createCount = '0', putCount = '133', evictionCount = '33', missCount = '160', toString = 'LruCache[maxSize=100,hits=191,misses=160,hitRate=54%]', 
08-04 21:28:37.285 25637 26276 D CustomInterceptor: PREFLIB GET REQUEST https://hacker-news.firebaseio.com/v0/item/23974581.json
08-04 21:28:37.285 25637 26276 D CustomInterceptor: PREFLIB found https://hacker-news.firebaseio.com/v0/item/23974581.json, sending it back
08-04 21:28:37.285 25637 26276 D CustomInterceptor: CONTENT {"by":"elnik","id":23974581,"kids":[23974911],"parent":23970842,"text":"Nobody seems to want to talk about delays.<p>I work at a hard tech startup, and all I have been seeing are delays in launching our product. I keep seeing more work as work gets done. Much of our progress till date has been incremental. It came from either fixing bugs in sprints or unlocking new capabilities by solving hard problems.<p>I have never understood the point of timing work. Work takes as much &quot;time&quot; as it needs for getting done. It can&#x27;t be accurately estimated with out actually spending time actually working on it. Clarity seems to be the most critical piece for productivity for me. Drive that, and people just can&#x27;t help but work. Dealing with drudgery seems inevitable.<p>Add on top of this people&#x27;s incompetence or I should say unreadiness for situation, it irks the managers and people responsible for delivery. Delays cascade up. But I think most delays are due to unrealistic expectations of people higher up. Irony being the expectations set by the ones that are supposed to carry out the work.","time":1595935687,"type":"comment"}
08-04 21:28:37.285 25637 26276 D CustomInterceptor: interceptor_finished : return_type #2 : request served from cache
08-04 21:28:37.296 25637 26300 D CustomInterceptor: NETWORK-PROVIDER https://hacker-news.firebaseio.com/v0/item/23971375.json
08-04 21:28:37.298 25637 26300 D CustomInterceptor: HEADER REQUEST
08-04 21:28:37.298 25637 26300 D CustomInterceptor: Cache-Control max-age=300, max-stale=300
08-04 21:28:37.299 25637 26300 D CustomInterceptor: CACHED STATS: size = '100', maxSize = '100', hitCount = '192', createCount = '0', putCount = '133', evictionCount = '33', missCount = '160', toString = 'LruCache[maxSize=100,hits=192,misses=160,hitRate=54%]', 
08-04 21:28:37.299 25637 26300 D CustomInterceptor: PREFLIB NOT A GET REQUEST OR NOT IN CACHEGET
08-04 21:28:37.310 25637 25774 D CustomInterceptor: NETWORK-PROVIDER https://hacker-news.firebaseio.com/v0/item/23971097.json
08-04 21:28:37.312 25637 25774 D CustomInterceptor: HEADER REQUEST
08-04 21:28:37.312 25637 25774 D CustomInterceptor: Cache-Control max-age=300, max-stale=300
08-04 21:28:37.312 25637 25774 D CustomInterceptor: CACHED STATS: size = '100', maxSize = '100', hitCount = '192', createCount = '0', putCount = '133', evictionCount = '33', missCount = '161', toString = 'LruCache[maxSize=100,hits=192,misses=161,hitRate=54%]', 
08-04 21:28:37.312 25637 25774 D CustomInterceptor: PREFLIB GET REQUEST https://hacker-news.firebaseio.com/v0/item/23971097.json
08-04 21:28:37.312 25637 25774 D CustomInterceptor: PREFLIB found https://hacker-news.firebaseio.com/v0/item/23971097.json, sending it back
08-04 21:28:37.312 25637 25774 D CustomInterceptor: CONTENT {"by":"paulpan","id":23971097,"kids":[23971183],"parent":23970842,"text":"Expected outcome for the delays in 10nm and now the 7nm fabrication nodes...<p>What I find surprising is:<p>1. This former chief engineer was originally poached from Qualcomm back in 2016. Qualcomm was (and remains) not comparable to Intel for market and silicon development, so why was this hire made and picked to run the entire division?<p>2. The original group, Technology, Systems Architecture and Client Group (TSAC) is monolithic. For as a critical item as fabrication node development, that seems counter-intuitive.","time":1595897147,"type":"comment"}
08-04 21:28:37.312 25637 25774 D CustomInterceptor: interceptor_finished : return_type #2 : request served from cache
08-04 21:28:37.324 25637 26278 D CustomInterceptor: NETWORK-PROVIDER https://hacker-news.firebaseio.com/v0/item/23971085.json
08-04 21:28:37.326 25637 26278 D CustomInterceptor: HEADER REQUEST
08-04 21:28:37.326 25637 26278 D CustomInterceptor: Cache-Control max-age=300, max-stale=300
08-04 21:28:37.327 25637 26278 D CustomInterceptor: CACHED STATS: size = '100', maxSize = '100', hitCount = '193', createCount = '0', putCount = '133', evictionCount = '33', missCount = '161', toString = 'LruCache[maxSize=100,hits=193,misses=161,hitRate=54%]', 
08-04 21:28:37.327 25637 26278 D CustomInterceptor: PREFLIB NOT A GET REQUEST OR NOT IN CACHEGET
08-04 21:28:37.339 25637 26283 D CustomInterceptor: NETWORK-PROVIDER https://hacker-news.firebaseio.com/v0/item/23971156.json
08-04 21:28:37.341 25637 26283 D CustomInterceptor: HEADER REQUEST
08-04 21:28:37.341 25637 26283 D CustomInterceptor: Cache-Control max-age=300, max-stale=300
08-04 21:28:37.341 25637 26283 D CustomInterceptor: CACHED STATS: size = '100', maxSize = '100', hitCount = '193', createCount = '0', putCount = '133', evictionCount = '33', missCount = '162', toString = 'LruCache[maxSize=100,hits=193,misses=162,hitRate=54%]', 
08-04 21:28:37.341 25637 26283 D CustomInterceptor: PREFLIB NOT A GET REQUEST OR NOT IN CACHEGET
08-04 21:28:37.353 25637 26268 D CustomInterceptor: NETWORK-PROVIDER https://hacker-news.firebaseio.com/v0/item/23974128.json
08-04 21:28:37.361 25637 26268 D CustomInterceptor: HEADER REQUEST
08-04 21:28:37.361 25637 26268 D CustomInterceptor: Cache-Control max-age=300, max-stale=300
08-04 21:28:37.361 25637 26268 D CustomInterceptor: CACHED STATS: size = '100', maxSize = '100', hitCount = '193', createCount = '0', putCount = '133', evictionCount = '33', missCount = '163', toString = 'LruCache[maxSize=100,hits=193,misses=163,hitRate=54%]', 
08-04 21:28:37.361 25637 26268 D CustomInterceptor: PREFLIB GET REQUEST https://hacker-news.firebaseio.com/v0/item/23974128.json
08-04 21:28:37.361 25637 26268 D CustomInterceptor: PREFLIB found https://hacker-news.firebaseio.com/v0/item/23974128.json, sending it back
08-04 21:28:37.361 25637 26268 D CustomInterceptor: CONTENT {"by":"klelatti","id":23974128,"parent":23970842,"text":"How many hardware engineers were lost in the layoffs in 2016? [1] How much aggregate experience at developing a new process node and fixing the issues was lost in those layoffs?<p>It&#x27;s often the senior staff who go in these exercises - they are more expensive and are more likely to be attracted to early retirement.<p>[1] <a href=\"https:&#x2F;&#x2F;www.oregonlive.com&#x2F;silicon-forest&#x2F;2016&#x2F;04&#x2F;intel_quarterly_results.html\" rel=\"nofollow\">https:&#x2F;&#x2F;www.oregonlive.com&#x2F;silicon-forest&#x2F;2016&#x2F;04&#x2F;intel_quar...</a>","time":1595930720,"type":"comment"}
08-04 21:28:37.361 25637 26268 D CustomInterceptor: interceptor_finished : return_type #2 : request served from cache
08-04 21:28:37.371 25637 26320 D CustomInterceptor: NETWORK-PROVIDER https://hacker-news.firebaseio.com/v0/item/23971799.json
08-04 21:28:37.373 25637 26320 D CustomInterceptor: HEADER REQUEST
08-04 21:28:37.373 25637 26320 D CustomInterceptor: Cache-Control max-age=300, max-stale=300
08-04 21:28:37.373 25637 26320 D CustomInterceptor: CACHED STATS: size = '100', maxSize = '100', hitCount = '194', createCount = '0', putCount = '133', evictionCount = '33', missCount = '163', toString = 'LruCache[maxSize=100,hits=194,misses=163,hitRate=54%]', 
08-04 21:28:37.373 25637 26320 D CustomInterceptor: PREFLIB GET REQUEST https://hacker-news.firebaseio.com/v0/item/23971799.json
08-04 21:28:37.373 25637 26320 D CustomInterceptor: PREFLIB found https://hacker-news.firebaseio.com/v0/item/23971799.json, sending it back
08-04 21:28:37.373 25637 26320 D CustomInterceptor: CONTENT {"by":"zamalek","id":23971799,"kids":[23973334],"parent":23970842,"text":"Intel has been fumbling <i>stupid</i> executive decisions that are eroding both their competitive advantage and consumer loyalty. Most recently, they decided to lock memory speed behind enthusiast chipsets.<p>And they oust <i>an engineer?</i> They are clearly searching for blame in all the wrong places.","time":1595904204,"type":"comment"}
08-04 21:28:37.373 25637 26320 D CustomInterceptor: interceptor_finished : return_type #2 : request served from cache
08-04 21:28:37.382 25637 26326 D CustomInterceptor: NETWORK-PROVIDER https://hacker-news.firebaseio.com/v0/item/23972755.json
08-04 21:28:37.384 25637 26326 D CustomInterceptor: HEADER REQUEST
08-04 21:28:37.385 25637 26326 D CustomInterceptor: Cache-Control max-age=300, max-stale=300
08-04 21:28:37.385 25637 26326 D CustomInterceptor: CACHED STATS: size = '100', maxSize = '100', hitCount = '195', createCount = '0', putCount = '133', evictionCount = '33', missCount = '163', toString = 'LruCache[maxSize=100,hits=195,misses=163,hitRate=54%]', 
08-04 21:28:37.385 25637 26326 D CustomInterceptor: PREFLIB NOT A GET REQUEST OR NOT IN CACHEGET
08-04 21:28:37.397 25637 25777 D CustomInterceptor: NETWORK-PROVIDER https://hacker-news.firebaseio.com/v0/item/23971173.json
08-04 21:28:37.399 25637 25777 D CustomInterceptor: HEADER REQUEST
08-04 21:28:37.399 25637 25777 D CustomInterceptor: Cache-Control max-age=300, max-stale=300
08-04 21:28:37.399 25637 25777 D CustomInterceptor: CACHED STATS: size = '100', maxSize = '100', hitCount = '195', createCount = '0', putCount = '133', evictionCount = '33', missCount = '164', toString = 'LruCache[maxSize=100,hits=195,misses=164,hitRate=54%]', 
08-04 21:28:37.399 25637 25777 D CustomInterceptor: PREFLIB GET REQUEST https://hacker-news.firebaseio.com/v0/item/23971173.json
08-04 21:28:37.399 25637 25777 D CustomInterceptor: PREFLIB found https://hacker-news.firebaseio.com/v0/item/23971173.json, sending it back
08-04 21:28:37.399 25637 25777 D CustomInterceptor: CONTENT {"by":"supernova87a","id":23971173,"parent":23970842,"text":"So what was the underlying story?  Progress not as rapid as they had put out as plan, and direct reports to Swan afraid to break the bad news early?","time":1595897975,"type":"comment"}
08-04 21:28:37.399 25637 25777 D CustomInterceptor: interceptor_finished : return_type #2 : request served from cache
08-04 21:28:37.411 25637 26272 D CustomInterceptor: NETWORK-PROVIDER https://hacker-news.firebaseio.com/v0/item/23971036.json
08-04 21:28:37.413 25637 26272 D CustomInterceptor: HEADER REQUEST
08-04 21:28:37.413 25637 26272 D CustomInterceptor: Cache-Control max-age=300, max-stale=300
08-04 21:28:37.413 25637 26272 D CustomInterceptor: CACHED STATS: size = '100', maxSize = '100', hitCount = '196', createCount = '0', putCount = '133', evictionCount = '33', missCount = '164', toString = 'LruCache[maxSize=100,hits=196,misses=164,hitRate=54%]', 
08-04 21:28:37.413 25637 26272 D CustomInterceptor: PREFLIB GET REQUEST https://hacker-news.firebaseio.com/v0/item/23971036.json
08-04 21:28:37.414 25637 26272 D CustomInterceptor: PREFLIB found https://hacker-news.firebaseio.com/v0/item/23971036.json, sending it back
08-04 21:28:37.414 25637 26272 D CustomInterceptor: CONTENT {"by":"Uhhrrr","id":23971036,"kids":[23971296,23971067,23971147,23971406,23971346,23971086,23971400,23971323],"parent":23970842,"text":"Why does Renduchintala&#x27;s head roll and not Swan&#x27;s?","time":1595896754,"type":"comment"}
08-04 21:28:37.414 25637 26272 D CustomInterceptor: interceptor_finished : return_type #2 : request served from cache
08-04 21:28:37.423 25637 25773 D CustomInterceptor: NETWORK-PROVIDER https://hacker-news.firebaseio.com/v0/item/23976390.json
08-04 21:28:37.429 25637 25773 D CustomInterceptor: HEADER REQUEST
08-04 21:28:37.429 25637 25773 D CustomInterceptor: Cache-Control max-age=300, max-stale=300
08-04 21:28:37.429 25637 25773 D CustomInterceptor: CACHED STATS: size = '100', maxSize = '100', hitCount = '197', createCount = '0', putCount = '133', evictionCount = '33', missCount = '164', toString = 'LruCache[maxSize=100,hits=197,misses=164,hitRate=54%]', 
08-04 21:28:37.429 25637 25773 D CustomInterceptor: PREFLIB GET REQUEST https://hacker-news.firebaseio.com/v0/item/23976390.json
08-04 21:28:37.429 25637 25773 D CustomInterceptor: PREFLIB found https://hacker-news.firebaseio.com/v0/item/23976390.json, sending it back
08-04 21:28:37.429 25637 25773 D CustomInterceptor: CONTENT {"by":"g-b-r","id":23976390,"parent":23970842,"text":"How much of this TSMC dominance is due to the patent system? Could it be that there is no way to manufacture chips at these sizes without using some TSMC patent?","time":1595947876,"type":"comment"}
08-04 21:28:37.429 25637 25773 D CustomInterceptor: interceptor_finished : return_type #2 : request served from cache
08-04 21:28:37.514 25637 26318 D CustomInterceptor: NETWORK-PROVIDER https://hacker-news.firebaseio.com/v0/item/23975045.json
08-04 21:28:37.516 25637 26318 D CustomInterceptor: HEADER REQUEST
08-04 21:28:37.516 25637 26318 D CustomInterceptor: Cache-Control max-age=300, max-stale=300
08-04 21:28:37.516 25637 26318 D CustomInterceptor: CACHED STATS: size = '100', maxSize = '100', hitCount = '198', createCount = '0', putCount = '133', evictionCount = '33', missCount = '164', toString = 'LruCache[maxSize=100,hits=198,misses=164,hitRate=54%]', 
08-04 21:28:37.516 25637 26318 D CustomInterceptor: PREFLIB GET REQUEST https://hacker-news.firebaseio.com/v0/item/23975045.json
08-04 21:28:37.517 25637 26318 D CustomInterceptor: PREFLIB found https://hacker-news.firebaseio.com/v0/item/23975045.json, sending it back
08-04 21:28:37.517 25637 26318 D CustomInterceptor: CONTENT {"by":"yadavrohit","id":23975045,"parent":23970842,"text":"<a href=\"https:&#x2F;&#x2F;analyticsdrift.com&#x2F;intels-misery-from-losing-42-billion-to-changing-leadership&#x2F;\" rel=\"nofollow\">https:&#x2F;&#x2F;analyticsdrift.com&#x2F;intels-misery-from-losing-42-bill...</a>","time":1595939825,"type":"comment"}
08-04 21:28:37.517 25637 26318 D CustomInterceptor: interceptor_finished : return_type #2 : request served from cache
08-04 21:28:37.527 25637 26267 D CustomInterceptor: NETWORK-PROVIDER https://hacker-news.firebaseio.com/v0/item/23972698.json
08-04 21:28:37.529 25637 26267 D CustomInterceptor: HEADER REQUEST
08-04 21:28:37.529 25637 26267 D CustomInterceptor: Cache-Control max-age=300, max-stale=300
08-04 21:28:37.529 25637 26267 D CustomInterceptor: CACHED STATS: size = '100', maxSize = '100', hitCount = '199', createCount = '0', putCount = '133', evictionCount = '33', missCount = '164', toString = 'LruCache[maxSize=100,hits=199,misses=164,hitRate=54%]', 
08-04 21:28:37.529 25637 26267 D CustomInterceptor: PREFLIB GET REQUEST https://hacker-news.firebaseio.com/v0/item/23972698.json
08-04 21:28:37.529 25637 26267 D CustomInterceptor: PREFLIB found https://hacker-news.firebaseio.com/v0/item/23972698.json, sending it back
08-04 21:28:37.529 25637 26267 D CustomInterceptor: CONTENT {"by":"purpleidea","id":23972698,"kids":[23972990],"parent":23970842,"text":"Do Intel&#x27;s U.S. based fab&#x27;s really matter _that much_ when all the high-end machines that do the lithography all come from one company (ASML) anyways?<p>I&#x27;d say it&#x27;s important, and it&#x27;s an advantage for Intel, but not as big as anyone is making it out to be.","time":1595915526,"type":"comment"}
08-04 21:28:37.529 25637 26267 D CustomInterceptor: interceptor_finished : return_type #2 : request served from cache
08-04 21:28:37.544 25637 25787 D CustomInterceptor: NETWORK-PROVIDER https://hacker-news.firebaseio.com/v0/item/23971974.json
08-04 21:28:37.552 25637 25787 D CustomInterceptor: HEADER REQUEST
08-04 21:28:37.552 25637 25787 D CustomInterceptor: Cache-Control max-age=300, max-stale=300
08-04 21:28:37.552 25637 25787 D CustomInterceptor: CACHED STATS: size = '100', maxSize = '100', hitCount = '200', createCount = '0', putCount = '133', evictionCount = '33', missCount = '164', toString = 'LruCache[maxSize=100,hits=200,misses=164,hitRate=54%]', 
08-04 21:28:37.552 25637 25787 D CustomInterceptor: PREFLIB NOT A GET REQUEST OR NOT IN CACHEGET
08-04 21:28:37.560 25637 26314 D CustomInterceptor: NETWORK-PROVIDER https://hacker-news.firebaseio.com/v0/item/23971881.json
08-04 21:28:37.562 25637 26314 D CustomInterceptor: HEADER REQUEST
08-04 21:28:37.562 25637 26314 D CustomInterceptor: Cache-Control max-age=300, max-stale=300
08-04 21:28:37.562 25637 26314 D CustomInterceptor: CACHED STATS: size = '100', maxSize = '100', hitCount = '200', createCount = '0', putCount = '133', evictionCount = '33', missCount = '165', toString = 'LruCache[maxSize=100,hits=200,misses=165,hitRate=54%]', 
08-04 21:28:37.562 25637 26314 D CustomInterceptor: PREFLIB NOT A GET REQUEST OR NOT IN CACHEGET
08-04 21:28:37.575 25637 26322 D CustomInterceptor: NETWORK-PROVIDER https://hacker-news.firebaseio.com/v0/item/23973489.json
08-04 21:28:37.577 25637 26322 D CustomInterceptor: HEADER REQUEST
08-04 21:28:37.577 25637 26322 D CustomInterceptor: Cache-Control max-age=300, max-stale=300
08-04 21:28:37.577 25637 26322 D CustomInterceptor: CACHED STATS: size = '100', maxSize = '100', hitCount = '200', createCount = '0', putCount = '133', evictionCount = '33', missCount = '166', toString = 'LruCache[maxSize=100,hits=200,misses=166,hitRate=54%]', 
08-04 21:28:37.577 25637 26322 D CustomInterceptor: PREFLIB NOT A GET REQUEST OR NOT IN CACHEGET
08-04 21:28:37.591 25637 26298 D CustomInterceptor: NETWORK-PROVIDER https://hacker-news.firebaseio.com/v0/item/23972506.json
08-04 21:28:37.593 25637 26298 D CustomInterceptor: HEADER REQUEST
08-04 21:28:37.593 25637 26298 D CustomInterceptor: Cache-Control max-age=300, max-stale=300
08-04 21:28:37.593 25637 26298 D CustomInterceptor: CACHED STATS: size = '100', maxSize = '100', hitCount = '200', createCount = '0', putCount = '133', evictionCount = '33', missCount = '167', toString = 'LruCache[maxSize=100,hits=200,misses=167,hitRate=54%]', 
08-04 21:28:37.593 25637 26298 D CustomInterceptor: PREFLIB NOT A GET REQUEST OR NOT IN CACHEGET
08-04 21:28:37.606 25637 26309 D CustomInterceptor: NETWORK-PROVIDER https://hacker-news.firebaseio.com/v0/item/23972190.json
08-04 21:28:37.608 25637 26309 D CustomInterceptor: HEADER REQUEST
08-04 21:28:37.608 25637 26309 D CustomInterceptor: Cache-Control max-age=300, max-stale=300
08-04 21:28:37.608 25637 26309 D CustomInterceptor: CACHED STATS: size = '100', maxSize = '100', hitCount = '200', createCount = '0', putCount = '133', evictionCount = '33', missCount = '168', toString = 'LruCache[maxSize=100,hits=200,misses=168,hitRate=54%]', 
08-04 21:28:37.609 25637 26309 D CustomInterceptor: PREFLIB NOT A GET REQUEST OR NOT IN CACHEGET
08-04 21:28:37.620 25637 25780 D CustomInterceptor: NETWORK-PROVIDER https://hacker-news.firebaseio.com/v0/item/23973692.json
08-04 21:28:37.622 25637 25780 D CustomInterceptor: HEADER REQUEST
08-04 21:28:37.622 25637 25780 D CustomInterceptor: Cache-Control max-age=300, max-stale=300
08-04 21:28:37.622 25637 25780 D CustomInterceptor: CACHED STATS: size = '100', maxSize = '100', hitCount = '200', createCount = '0', putCount = '133', evictionCount = '33', missCount = '169', toString = 'LruCache[maxSize=100,hits=200,misses=169,hitRate=54%]', 
08-04 21:28:37.622 25637 25780 D CustomInterceptor: PREFLIB NOT A GET REQUEST OR NOT IN CACHEGET
08-04 21:28:37.632 25637 26269 D CustomInterceptor: NETWORK-PROVIDER https://hacker-news.firebaseio.com/v0/item/23971900.json
08-04 21:28:37.634 25637 26269 D CustomInterceptor: HEADER REQUEST
08-04 21:28:37.634 25637 26269 D CustomInterceptor: Cache-Control max-age=300, max-stale=300
08-04 21:28:37.634 25637 26269 D CustomInterceptor: CACHED STATS: size = '100', maxSize = '100', hitCount = '200', createCount = '0', putCount = '133', evictionCount = '33', missCount = '170', toString = 'LruCache[maxSize=100,hits=200,misses=170,hitRate=54%]', 
08-04 21:28:37.634 25637 26269 D CustomInterceptor: PREFLIB NOT A GET REQUEST OR NOT IN CACHEGET
08-04 21:28:37.645 25637 26540 D CustomInterceptor: NETWORK-PROVIDER https://hacker-news.firebaseio.com/v0/item/23974048.json
08-04 21:28:37.652 25637 26540 D CustomInterceptor: HEADER REQUEST
08-04 21:28:37.652 25637 26540 D CustomInterceptor: Cache-Control max-age=300, max-stale=300
08-04 21:28:37.652 25637 26540 D CustomInterceptor: CACHED STATS: size = '100', maxSize = '100', hitCount = '200', createCount = '0', putCount = '133', evictionCount = '33', missCount = '171', toString = 'LruCache[maxSize=100,hits=200,misses=171,hitRate=53%]', 
08-04 21:28:37.652 25637 26540 D CustomInterceptor: PREFLIB NOT A GET REQUEST OR NOT IN CACHEGET
08-04 21:28:37.670 25637 26305 D CustomInterceptor: NETWORK-PROVIDER https://hacker-news.firebaseio.com/v0/item/23975356.json
08-04 21:28:37.672 25637 26305 D CustomInterceptor: HEADER REQUEST
08-04 21:28:37.672 25637 26305 D CustomInterceptor: Cache-Control max-age=300, max-stale=300
08-04 21:28:37.672 25637 26305 D CustomInterceptor: CACHED STATS: size = '100', maxSize = '100', hitCount = '200', createCount = '0', putCount = '133', evictionCount = '33', missCount = '172', toString = 'LruCache[maxSize=100,hits=200,misses=172,hitRate=53%]', 
08-04 21:28:37.672 25637 26305 D CustomInterceptor: PREFLIB NOT A GET REQUEST OR NOT IN CACHEGET
08-04 21:28:37.769 25637 26283 D CustomInterceptor: CACHE_CONTROL SETTING NEW MAX-AGE
08-04 21:28:37.770 25637 26283 D CustomInterceptor: HEADER RESPONSE
08-04 21:28:37.770 25637 26283 D CustomInterceptor: Access-Control-Allow-Origin *
08-04 21:28:37.770 25637 26283 D CustomInterceptor: Cache-Control public, immutable, max-age=300, only-if-cached, max-stale=300
08-04 21:28:37.770 25637 26283 D CustomInterceptor: Connection keep-alive
08-04 21:28:37.770 25637 26283 D CustomInterceptor: Content-Length 407
08-04 21:28:37.770 25637 26283 D CustomInterceptor: Content-Type application/json; charset=utf-8
08-04 21:28:37.770 25637 26283 D CustomInterceptor: Date Tue, 04 Aug 2020 19:28:33 GMT
08-04 21:28:37.770 25637 26283 D CustomInterceptor: Expires Tue, 04 Aug 2020 19:33:37 GMT+00:00
08-04 21:28:37.771 25637 26283 D CustomInterceptor: Server nginx
08-04 21:28:37.771 25637 26283 D CustomInterceptor: Strict-Transport-Security max-age=31556926; includeSubDomains; preload
08-04 21:28:37.771 25637 26283 D CustomInterceptor: CACHEABLE true
08-04 21:28:37.771 25637 26283 D CustomInterceptor: REQ https://hacker-news.firebaseio.com/v0/item/23971156.json
08-04 21:28:37.771 25637 26283 D CustomInterceptor: REQ_SERV_BY net
08-04 21:28:37.771 25637 26283 D CustomInterceptor: PREFLIB Adding response to lrucache - https://hacker-news.firebaseio.com/v0/item/23971156.json
08-04 21:28:37.811 25637 26283 D CustomInterceptor: interceptor_finished : return_type #3 : request served from remote and added to cache
08-04 21:28:37.814 25637 26300 D CustomInterceptor: CACHE_CONTROL SETTING NEW MAX-AGE
08-04 21:28:37.815 25637 26300 D CustomInterceptor: HEADER RESPONSE
08-04 21:28:37.816 25637 26300 D CustomInterceptor: Access-Control-Allow-Origin *
08-04 21:28:37.816 25637 26300 D CustomInterceptor: Cache-Control public, immutable, max-age=300, only-if-cached, max-stale=300
08-04 21:28:37.816 25637 26300 D CustomInterceptor: Connection keep-alive
08-04 21:28:37.816 25637 26300 D CustomInterceptor: Content-Length 256
08-04 21:28:37.816 25637 26300 D CustomInterceptor: Content-Type application/json; charset=utf-8
08-04 21:28:37.816 25637 26300 D CustomInterceptor: Date Tue, 04 Aug 2020 19:28:33 GMT
08-04 21:28:37.816 25637 26300 D CustomInterceptor: Expires Tue, 04 Aug 2020 19:33:37 GMT+00:00
08-04 21:28:37.816 25637 26300 D CustomInterceptor: Server nginx
08-04 21:28:37.817 25637 25785 D CustomInterceptor: CACHE_CONTROL SETTING NEW MAX-AGE
08-04 21:28:37.818 25637 26300 D CustomInterceptor: Strict-Transport-Security max-age=31556926; includeSubDomains; preload
08-04 21:28:37.818 25637 26300 D CustomInterceptor: CACHEABLE true
08-04 21:28:37.818 25637 26300 D CustomInterceptor: REQ https://hacker-news.firebaseio.com/v0/item/23971375.json
08-04 21:28:37.818 25637 26300 D CustomInterceptor: REQ_SERV_BY net
08-04 21:28:37.818 25637 26300 D CustomInterceptor: PREFLIB Adding response to lrucache - https://hacker-news.firebaseio.com/v0/item/23971375.json
08-04 21:28:37.819 25637 25785 D CustomInterceptor: HEADER RESPONSE
08-04 21:28:37.819 25637 25785 D CustomInterceptor: Access-Control-Allow-Origin *
08-04 21:28:37.819 25637 25785 D CustomInterceptor: Cache-Control public, immutable, max-age=300, only-if-cached, max-stale=300
08-04 21:28:37.819 25637 25785 D CustomInterceptor: Connection keep-alive
08-04 21:28:37.819 25637 25785 D CustomInterceptor: Content-Length 349
08-04 21:28:37.819 25637 25785 D CustomInterceptor: Content-Type application/json; charset=utf-8
08-04 21:28:37.819 25637 25785 D CustomInterceptor: Date Tue, 04 Aug 2020 19:28:33 GMT
08-04 21:28:37.819 25637 25785 D CustomInterceptor: Expires Tue, 04 Aug 2020 19:33:37 GMT+00:00
08-04 21:28:37.819 25637 25785 D CustomInterceptor: Server nginx
08-04 21:28:37.819 25637 25785 D CustomInterceptor: Strict-Transport-Security max-age=31556926; includeSubDomains; preload
08-04 21:28:37.819 25637 25785 D CustomInterceptor: CACHEABLE true
08-04 21:28:37.820 25637 25785 D CustomInterceptor: REQ https://hacker-news.firebaseio.com/v0/item/23971269.json
08-04 21:28:37.820 25637 25785 D CustomInterceptor: REQ_SERV_BY net
08-04 21:28:37.820 25637 25785 D CustomInterceptor: PREFLIB Adding response to lrucache - https://hacker-news.firebaseio.com/v0/item/23971269.json
08-04 21:28:37.843 25637 26300 D CustomInterceptor: interceptor_finished : return_type #3 : request served from remote and added to cache
08-04 21:28:37.852 25637 25785 D CustomInterceptor: interceptor_finished : return_type #3 : request served from remote and added to cache
08-04 21:28:37.900 25637 26310 D CustomInterceptor: NETWORK-PROVIDER https://hacker-news.firebaseio.com/v0/item/23971915.json
08-04 21:28:37.901 25637 26310 D CustomInterceptor: HEADER REQUEST
08-04 21:28:37.902 25637 26310 D CustomInterceptor: Cache-Control max-age=300, max-stale=300
08-04 21:28:37.902 25637 26310 D CustomInterceptor: CACHED STATS: size = '100', maxSize = '100', hitCount = '203', createCount = '0', putCount = '136', evictionCount = '36', missCount = '173', toString = 'LruCache[maxSize=100,hits=203,misses=173,hitRate=53%]', 
08-04 21:28:37.902 25637 26310 D CustomInterceptor: PREFLIB NOT A GET REQUEST OR NOT IN CACHEGET
08-04 21:28:37.919 25637 25784 D CustomInterceptor: NETWORK-PROVIDER https://hacker-news.firebaseio.com/v0/item/23971105.json
08-04 21:28:37.921 25637 25784 D CustomInterceptor: HEADER REQUEST
08-04 21:28:37.921 25637 25784 D CustomInterceptor: Cache-Control max-age=300, max-stale=300
08-04 21:28:37.921 25637 25784 D CustomInterceptor: CACHED STATS: size = '100', maxSize = '100', hitCount = '203', createCount = '0', putCount = '136', evictionCount = '36', missCount = '174', toString = 'LruCache[maxSize=100,hits=203,misses=174,hitRate=53%]', 
08-04 21:28:37.921 25637 25784 D CustomInterceptor: PREFLIB GET REQUEST https://hacker-news.firebaseio.com/v0/item/23971105.json
08-04 21:28:37.921 25637 25784 D CustomInterceptor: PREFLIB found https://hacker-news.firebaseio.com/v0/item/23971105.json, sending it back
08-04 21:28:37.921 25637 25784 D CustomInterceptor: CONTENT {"by":"jjcon","id":23971105,"kids":[23971136,23971128,23971723,23971245,23971127],"parent":23971016,"text":"&gt; Interestingly, it seems the US is almost unique in our mass deindustrialization<p>The US manufacturing share of real GDP has been pretty much unchanged since the 40s - ie its growth has kept up with the rest of the economy.<p><a href=\"https:&#x2F;&#x2F;www.stlouisfed.org&#x2F;~&#x2F;media&#x2F;Blog&#x2F;2017&#x2F;April&#x2F;BlogImage_ManuRealGDPShare_041117.jpg\" rel=\"nofollow\">https:&#x2F;&#x2F;www.stlouisfed.org&#x2F;~&#x2F;media&#x2F;Blog&#x2F;2017&#x2F;April&#x2F;BlogImage...</a>","time":1595897218,"type":"comment"}
08-04 21:28:37.921 25637 25784 D CustomInterceptor: interceptor_finished : return_type #2 : request served from cache
08-04 21:28:37.928 25637 26270 D CustomInterceptor: CACHE_CONTROL SETTING NEW MAX-AGE
08-04 21:28:37.929 25637 26270 D CustomInterceptor: HEADER RESPONSE
08-04 21:28:37.929 25637 26270 D CustomInterceptor: Access-Control-Allow-Origin *
08-04 21:28:37.929 25637 26270 D CustomInterceptor: Cache-Control public, immutable, max-age=300, only-if-cached, max-stale=300
08-04 21:28:37.929 25637 26270 D CustomInterceptor: Connection keep-alive
08-04 21:28:37.929 25637 26270 D CustomInterceptor: Content-Length 291
08-04 21:28:37.929 25637 26270 D CustomInterceptor: Content-Type application/json; charset=utf-8
08-04 21:28:37.929 25637 26270 D CustomInterceptor: Date Tue, 04 Aug 2020 19:28:33 GMT
08-04 21:28:37.929 25637 26270 D CustomInterceptor: Expires Tue, 04 Aug 2020 19:33:37 GMT+00:00
08-04 21:28:37.929 25637 26270 D CustomInterceptor: Server nginx
08-04 21:28:37.929 25637 26270 D CustomInterceptor: Strict-Transport-Security max-age=31556926; includeSubDomains; preload
08-04 21:28:37.930 25637 26270 D CustomInterceptor: CACHEABLE true
08-04 21:28:37.930 25637 26270 D CustomInterceptor: REQ https://hacker-news.firebaseio.com/v0/item/23971892.json
08-04 21:28:37.930 25637 26270 D CustomInterceptor: REQ_SERV_BY net
08-04 21:28:37.930 25637 26270 D CustomInterceptor: PREFLIB Adding response to lrucache - https://hacker-news.firebaseio.com/v0/item/23971892.json
08-04 21:28:37.937 25637 26312 D CustomInterceptor: NETWORK-PROVIDER https://hacker-news.firebaseio.com/v0/item/23973392.json
08-04 21:28:37.939 25637 26312 D CustomInterceptor: HEADER REQUEST
08-04 21:28:37.939 25637 26312 D CustomInterceptor: Cache-Control max-age=300, max-stale=300
08-04 21:28:37.939 25637 26312 D CustomInterceptor: CACHED STATS: size = '100', maxSize = '100', hitCount = '204', createCount = '0', putCount = '136', evictionCount = '36', missCount = '174', toString = 'LruCache[maxSize=100,hits=204,misses=174,hitRate=53%]', 
08-04 21:28:37.939 25637 26312 D CustomInterceptor: PREFLIB GET REQUEST https://hacker-news.firebaseio.com/v0/item/23973392.json
08-04 21:28:37.939 25637 26312 D CustomInterceptor: PREFLIB found https://hacker-news.firebaseio.com/v0/item/23973392.json, sending it back
08-04 21:28:37.940 25637 26312 D CustomInterceptor: CONTENT {"by":"gmtx725","id":23973392,"parent":23971016,"text":"&gt; Interestingly, it seems the US is almost unique in our mass deindustrialization<p>The UK has vast swathes of poverty in the deindustrialised north of England and other areas. Former mining and heavy industry towns that even today almost 40 years on from deindustrialisation are dominated by insecure, unskilled work and unemployment","time":1595922621,"type":"comment"}
08-04 21:28:37.940 25637 26312 D CustomInterceptor: interceptor_finished : return_type #2 : request served from cache
08-04 21:28:37.949 25637 26280 D CustomInterceptor: CACHE_CONTROL SETTING NEW MAX-AGE
08-04 21:28:37.950 25637 26280 D CustomInterceptor: HEADER RESPONSE
08-04 21:28:37.950 25637 26280 D CustomInterceptor: Access-Control-Allow-Origin *
08-04 21:28:37.950 25637 26280 D CustomInterceptor: Cache-Control public, immutable, max-age=300, only-if-cached, max-stale=300
08-04 21:28:37.950 25637 26280 D CustomInterceptor: Connection keep-alive
08-04 21:28:37.950 25637 26280 D CustomInterceptor: Content-Length 613
08-04 21:28:37.950 25637 26280 D CustomInterceptor: Content-Type application/json; charset=utf-8
08-04 21:28:37.951 25637 26280 D CustomInterceptor: Date Tue, 04 Aug 2020 19:28:33 GMT
08-04 21:28:37.951 25637 26280 D CustomInterceptor: Expires Tue, 04 Aug 2020 19:33:37 GMT+00:00
08-04 21:28:37.951 25637 26280 D CustomInterceptor: Server nginx
08-04 21:28:37.951 25637 26280 D CustomInterceptor: Strict-Transport-Security max-age=31556926; includeSubDomains; preload
08-04 21:28:37.951 25637 26280 D CustomInterceptor: CACHEABLE true
08-04 21:28:37.951 25637 26280 D CustomInterceptor: REQ https://hacker-news.firebaseio.com/v0/item/23972347.json
08-04 21:28:37.951 25637 26280 D CustomInterceptor: REQ_SERV_BY net
08-04 21:28:37.951 25637 26280 D CustomInterceptor: PREFLIB Adding response to lrucache - https://hacker-news.firebaseio.com/v0/item/23972347.json
08-04 21:28:37.957 25637 26326 D CustomInterceptor: CACHE_CONTROL SETTING NEW MAX-AGE
08-04 21:28:37.958 25637 26326 D CustomInterceptor: HEADER RESPONSE
08-04 21:28:37.958 25637 26326 D CustomInterceptor: Access-Control-Allow-Origin *
08-04 21:28:37.958 25637 26326 D CustomInterceptor: Cache-Control public, immutable, max-age=300, only-if-cached, max-stale=300
08-04 21:28:37.958 25637 26326 D CustomInterceptor: Connection keep-alive
08-04 21:28:37.958 25637 26326 D CustomInterceptor: Content-Length 456
08-04 21:28:37.958 25637 26326 D CustomInterceptor: Content-Type application/json; charset=utf-8
08-04 21:28:37.958 25637 26326 D CustomInterceptor: Date Tue, 04 Aug 2020 19:28:33 GMT
08-04 21:28:37.958 25637 26326 D CustomInterceptor: Expires Tue, 04 Aug 2020 19:33:37 GMT+00:00
08-04 21:28:37.958 25637 26326 D CustomInterceptor: Server nginx
08-04 21:28:37.958 25637 26326 D CustomInterceptor: Strict-Transport-Security max-age=31556926; includeSubDomains; preload
08-04 21:28:37.958 25637 26326 D CustomInterceptor: CACHEABLE true
08-04 21:28:37.958 25637 26326 D CustomInterceptor: REQ https://hacker-news.firebaseio.com/v0/item/23972755.json
08-04 21:28:37.958 25637 26326 D CustomInterceptor: REQ_SERV_BY net
08-04 21:28:37.958 25637 26326 D CustomInterceptor: PREFLIB Adding response to lrucache - https://hacker-news.firebaseio.com/v0/item/23972755.json
08-04 21:28:37.959 25637 25787 D CustomInterceptor: Interceptor exiting with exception java.io.IOException: unexpected end of stream on https://hacker-news.firebaseio.com/...
08-04 21:28:37.962 25637 25787 D CustomInterceptor: interceptor_finished : return_type #4 : interceptor failed, resuming the request chain with the original request
08-04 21:28:37.967 25637 26270 D CustomInterceptor: interceptor_finished : return_type #3 : request served from remote and added to cache
08-04 21:28:37.970 25637 26324 D CustomInterceptor: NETWORK-PROVIDER https://hacker-news.firebaseio.com/v0/item/23971132.json
08-04 21:28:37.972 25637 26324 D CustomInterceptor: HEADER REQUEST
08-04 21:28:37.972 25637 26324 D CustomInterceptor: Cache-Control max-age=300, max-stale=300
08-04 21:28:37.972 25637 26324 D CustomInterceptor: CACHED STATS: size = '100', maxSize = '100', hitCount = '206', createCount = '0', putCount = '137', evictionCount = '37', missCount = '174', toString = 'LruCache[maxSize=100,hits=206,misses=174,hitRate=54%]', 
08-04 21:28:37.972 25637 26324 D CustomInterceptor: PREFLIB GET REQUEST https://hacker-news.firebaseio.com/v0/item/23971132.json
08-04 21:28:37.972 25637 26324 D CustomInterceptor: PREFLIB found https://hacker-news.firebaseio.com/v0/item/23971132.json, sending it back
08-04 21:28:37.972 25637 26324 D CustomInterceptor: CONTENT {"by":"nabla9","id":23971132,"kids":[23971923,23971182,23973287,23971391,23971352],"parent":23971016,"text":"&gt; it seems the US is almost unique in our mass deindustrialization. Japan, Germany and South Korea have avoided this.<p>This is very common misconception.  The US has not deindustrialized other sectors have grown faster. US is the second largest country by industrial output. Third largest if you count EU as comparable unit.<p>Industrial era is over in all advanced economies. We live in post-industrial societies.","time":1595897600,"type":"comment"}
08-04 21:28:37.972 25637 26324 D CustomInterceptor: interceptor_finished : return_type #2 : request served from cache
08-04 21:28:37.980 25637 26280 D CustomInterceptor: interceptor_finished : return_type #3 : request served from remote and added to cache
08-04 21:28:37.983 25637 26271 D CustomInterceptor: NETWORK-PROVIDER https://hacker-news.firebaseio.com/v0/item/23975363.json
08-04 21:28:37.985 25637 26271 D CustomInterceptor: HEADER REQUEST
08-04 21:28:37.985 25637 26271 D CustomInterceptor: Cache-Control max-age=300, max-stale=300
08-04 21:28:37.985 25637 26271 D CustomInterceptor: CACHED STATS: size = '100', maxSize = '100', hitCount = '208', createCount = '0', putCount = '138', evictionCount = '38', missCount = '174', toString = 'LruCache[maxSize=100,hits=208,misses=174,hitRate=54%]', 
08-04 21:28:37.985 25637 26271 D CustomInterceptor: PREFLIB GET REQUEST https://hacker-news.firebaseio.com/v0/item/23975363.json
08-04 21:28:37.985 25637 26271 D CustomInterceptor: PREFLIB found https://hacker-news.firebaseio.com/v0/item/23975363.json, sending it back
08-04 21:28:37.985 25637 26271 D CustomInterceptor: CONTENT {"by":"curiousllama","id":23975363,"kids":[23975599],"parent":23971016,"text":"The US hasn&#x27;t deindustrialized at all.  Industrial production has increased pretty consistently as far back as I can find data.<p>What has increased in pace, though, is capacity per person, so manufacturing _jobs_ have decreased.  It&#x27;s less of a geopolitical issue and more of a domestic employment issue.<p><a href=\"https:&#x2F;&#x2F;fred.stlouisfed.org&#x2F;series&#x2F;INDPRO\" rel=\"nofollow\">https:&#x2F;&#x2F;fred.stlouisfed.org&#x2F;series&#x2F;INDPRO</a><p><a href=\"https:&#x2F;&#x2F;fred.stlouisfed.org&#x2F;series&#x2F;CAPB50001SQ\" rel=\"nofollow\">https:&#x2F;&#x2F;fred.stlouisfed.org&#x2F;series&#x2F;CAPB50001SQ</a>","time":1595942035,"type":"comment"}
08-04 21:28:37.985 25637 26271 D CustomInterceptor: interceptor_finished : return_type #2 : request served from cache
08-04 21:28:37.990 25637 26326 D CustomInterceptor: interceptor_finished : return_type #3 : request served from remote and added to cache
08-04 21:28:37.998 25637 26307 D CustomInterceptor: NETWORK-PROVIDER https://hacker-news.firebaseio.com/v0/item/23972654.json
08-04 21:28:38.000 25637 26307 D CustomInterceptor: HEADER REQUEST
08-04 21:28:38.000 25637 26310 D CustomInterceptor: CACHE_CONTROL SETTING NEW MAX-AGE
08-04 21:28:38.001 25637 26310 D CustomInterceptor: HEADER RESPONSE
08-04 21:28:38.001 25637 26310 D CustomInterceptor: Access-Control-Allow-Origin *
08-04 21:28:38.001 25637 26310 D CustomInterceptor: Cache-Control public, immutable, max-age=300, only-if-cached, max-stale=300
08-04 21:28:38.001 25637 26310 D CustomInterceptor: Connection keep-alive
08-04 21:28:38.001 25637 26310 D CustomInterceptor: Content-Length 1881
08-04 21:28:38.001 25637 26310 D CustomInterceptor: Content-Type application/json; charset=utf-8
08-04 21:28:38.001 25637 26310 D CustomInterceptor: Date Tue, 04 Aug 2020 19:28:33 GMT
08-04 21:28:38.001 25637 26310 D CustomInterceptor: Expires Tue, 04 Aug 2020 19:33:38 GMT+00:00
08-04 21:28:38.002 25637 26310 D CustomInterceptor: Server nginx
08-04 21:28:38.002 25637 26310 D CustomInterceptor: Strict-Transport-Security max-age=31556926; includeSubDomains; preload
08-04 21:28:38.002 25637 26310 D CustomInterceptor: CACHEABLE true
08-04 21:28:38.002 25637 26310 D CustomInterceptor: REQ https://hacker-news.firebaseio.com/v0/item/23971915.json
08-04 21:28:38.002 25637 26310 D CustomInterceptor: REQ_SERV_BY net
08-04 21:28:38.002 25637 26310 D CustomInterceptor: PREFLIB Adding response to lrucache - https://hacker-news.firebaseio.com/v0/item/23971915.json
08-04 21:28:38.004 25637 26310 D CustomInterceptor: interceptor_finished : return_type #3 : request served from remote and added to cache
08-04 21:28:38.006 25637 26307 D CustomInterceptor: Cache-Control max-age=300, max-stale=300
08-04 21:28:38.006 25637 26307 D CustomInterceptor: CACHED STATS: size = '100', maxSize = '100', hitCount = '211', createCount = '0', putCount = '140', evictionCount = '40', missCount = '174', toString = 'LruCache[maxSize=100,hits=211,misses=174,hitRate=54%]', 
08-04 21:28:38.006 25637 26307 D CustomInterceptor: PREFLIB GET REQUEST https://hacker-news.firebaseio.com/v0/item/23972654.json
08-04 21:28:38.006 25637 26307 D CustomInterceptor: PREFLIB found https://hacker-news.firebaseio.com/v0/item/23972654.json, sending it back
08-04 21:28:38.006 25637 26307 D CustomInterceptor: CONTENT {"by":"qserasera","id":23972654,"parent":23971016,"text":"We really, really, really NEED US based fabs.<p>&gt;US is almost unique in our mass deindustrialization. Japan, Germany and South Korea have avoided this.<p>yup, I wouldn&#x27;t necessarily include SK in that list but I&#x27;m very displeased at our deindustrialization process. Most&#x2F;all of it does not make sense outside a tenuous abstract global finance system.<p>We are losing knowledge and control every time and every day factories are allowed to leave the country.","time":1595914965,"type":"comment"}
08-04 21:28:38.006 25637 26307 D CustomInterceptor: interceptor_finished : return_type #2 : request served from cache
08-04 21:28:38.013 25637 25786 D CustomInterceptor: NETWORK-PROVIDER https://hacker-news.firebaseio.com/v0/item/23972528.json
08-04 21:28:38.014 25637 25786 D CustomInterceptor: HEADER REQUEST
08-04 21:28:38.015 25637 25786 D CustomInterceptor: Cache-Control max-age=300, max-stale=300
08-04 21:28:38.015 25637 25786 D CustomInterceptor: CACHED STATS: size = '100', maxSize = '100', hitCount = '212', createCount = '0', putCount = '140', evictionCount = '40', missCount = '174', toString = 'LruCache[maxSize=100,hits=212,misses=174,hitRate=54%]', 
08-04 21:28:38.015 25637 25786 D CustomInterceptor: PREFLIB GET REQUEST https://hacker-news.firebaseio.com/v0/item/23972528.json
08-04 21:28:38.015 25637 25786 D CustomInterceptor: PREFLIB found https://hacker-news.firebaseio.com/v0/item/23972528.json, sending it back
08-04 21:28:38.015 25637 25786 D CustomInterceptor: CONTENT {"by":"whazor","id":23972528,"kids":[23972776],"parent":23971016,"text":"But running a fab is a huge cost and liability while all the competition is outsourcing to TSMC. Because the process is so difficult, I think it makes sense to only have fabs that work for multiple companies. I do think US chip companies (Intel, AMD, Nvidia) and government should get together and start a fab by themselves.","time":1595913600,"type":"comment"}
08-04 21:28:38.015 25637 25786 D CustomInterceptor: interceptor_finished : return_type #2 : request served from cache
08-04 21:28:38.037 25637 26276 D CustomInterceptor: NETWORK-PROVIDER https://hacker-news.firebaseio.com/v0/item/23972925.json
08-04 21:28:38.039 25637 26276 D CustomInterceptor: HEADER REQUEST
08-04 21:28:38.039 25637 26276 D CustomInterceptor: Cache-Control max-age=300, max-stale=300
08-04 21:28:38.039 25637 26276 D CustomInterceptor: CACHED STATS: size = '100', maxSize = '100', hitCount = '213', createCount = '0', putCount = '140', evictionCount = '40', missCount = '174', toString = 'LruCache[maxSize=100,hits=213,misses=174,hitRate=55%]', 
08-04 21:28:38.039 25637 26276 D CustomInterceptor: PREFLIB GET REQUEST https://hacker-news.firebaseio.com/v0/item/23972925.json
08-04 21:28:38.039 25637 26276 D CustomInterceptor: PREFLIB found https://hacker-news.firebaseio.com/v0/item/23972925.json, sending it back
08-04 21:28:38.039 25637 26276 D CustomInterceptor: CONTENT {"by":"burntoutfire","id":23972925,"kids":[23973321],"parent":23971016,"text":"&gt; it seems the US is almost unique in our mass deindustrialization. Japan, Germany and South Korea have avoided this.<p>Entire Central Europe (Poland, Slovakia, Hungary etc.) is filled with German manufacturing plants. The Germans have done plenty of deindustrialization themselves.","time":1595918050,"type":"comment"}
08-04 21:28:38.039 25637 26276 D CustomInterceptor: interceptor_finished : return_type #2 : request served from cache
08-04 21:28:38.043 25637 25774 D CustomInterceptor: NETWORK-PROVIDER https://hacker-news.firebaseio.com/v0/item/23971363.json
08-04 21:28:38.045 25637 25774 D CustomInterceptor: HEADER REQUEST
08-04 21:28:38.045 25637 25774 D CustomInterceptor: Cache-Control max-age=300, max-stale=300
08-04 21:28:38.045 25637 25774 D CustomInterceptor: CACHED STATS: size = '100', maxSize = '100', hitCount = '214', createCount = '0', putCount = '140', evictionCount = '40', missCount = '174', toString = 'LruCache[maxSize=100,hits=214,misses=174,hitRate=55%]', 
08-04 21:28:38.045 25637 25774 D CustomInterceptor: PREFLIB GET REQUEST https://hacker-news.firebaseio.com/v0/item/23971363.json
08-04 21:28:38.046 25637 25774 D CustomInterceptor: PREFLIB found https://hacker-news.firebaseio.com/v0/item/23971363.json, sending it back
08-04 21:28:38.046 25637 25774 D CustomInterceptor: CONTENT {"by":"hammock","id":23971363,"parent":23971016,"text":"&gt;Interestingly, it seems the US is almost unique in our mass deindustrialization. Japan, Germany and South Korea have avoided this.<p>Related to the dollar being global reserve currency, which encourages a trade deficit. The US has a deficit equal to the next 15 biggest deficits combined. On the other hand, Germany, Japan and South Korea are top 5 trade surpluses.","time":1595899914,"type":"comment"}
08-04 21:28:38.046 25637 25774 D CustomInterceptor: interceptor_finished : return_type #2 : request served from cache
08-04 21:28:38.053 25637 26268 D CustomInterceptor: NETWORK-PROVIDER https://hacker-news.firebaseio.com/v0/item/23976677.json
08-04 21:28:38.055 25637 26268 D CustomInterceptor: HEADER REQUEST
08-04 21:28:38.055 25637 26268 D CustomInterceptor: Cache-Control max-age=300, max-stale=300
08-04 21:28:38.055 25637 26268 D CustomInterceptor: CACHED STATS: size = '100', maxSize = '100', hitCount = '215', createCount = '0', putCount = '140', evictionCount = '40', missCount = '174', toString = 'LruCache[maxSize=100,hits=215,misses=174,hitRate=55%]', 
08-04 21:28:38.055 25637 26268 D CustomInterceptor: PREFLIB GET REQUEST https://hacker-news.firebaseio.com/v0/item/23976677.json
08-04 21:28:38.055 25637 26268 D CustomInterceptor: PREFLIB found https://hacker-news.firebaseio.com/v0/item/23976677.json, sending it back
08-04 21:28:38.056 25637 26268 D CustomInterceptor: CONTENT {"by":"chkaloon","id":23976677,"parent":23971016,"text":"Just spent 3 months in Hillsboro, Oregon, and Intel construction work there is full speed ahead it seems. Of course that could change pretty quickly, but right now it sure looks like they intend to keep fabs going in the US.","time":1595949515,"type":"comment"}
08-04 21:28:38.056 25637 26268 D CustomInterceptor: interceptor_finished : return_type #2 : request served from cache
08-04 21:28:38.067 25637 26320 D CustomInterceptor: NETWORK-PROVIDER https://hacker-news.firebaseio.com/v0/item/23974893.json
08-04 21:28:38.069 25637 26320 D CustomInterceptor: HEADER REQUEST
08-04 21:28:38.069 25637 26320 D CustomInterceptor: Cache-Control max-age=300, max-stale=300
08-04 21:28:38.069 25637 26320 D CustomInterceptor: CACHED STATS: size = '100', maxSize = '100', hitCount = '216', createCount = '0', putCount = '140', evictionCount = '40', missCount = '174', toString = 'LruCache[maxSize=100,hits=216,misses=174,hitRate=55%]', 
08-04 21:28:38.069 25637 26320 D CustomInterceptor: PREFLIB GET REQUEST https://hacker-news.firebaseio.com/v0/item/23974893.json
08-04 21:28:38.069 25637 26320 D CustomInterceptor: PREFLIB found https://hacker-news.firebaseio.com/v0/item/23974893.json, sending it back
08-04 21:28:38.069 25637 26320 D CustomInterceptor: CONTENT {"by":"knubie","id":23974893,"kids":[23974973],"parent":23971016,"text":"&gt; Interestingly, it seems the US is almost unique in our mass deindustrialization. Japan, Germany and South Korea have avoided this.<p>Those countries also have much higher trade barriers. The US is almost unique in how few trade trade restrictions they (used to) have.","time":1595938483,"type":"comment"}
08-04 21:28:38.069 25637 26320 D CustomInterceptor: interceptor_finished : return_type #2 : request served from cache
08-04 21:28:38.081 25637 25778 D CustomInterceptor: NETWORK-PROVIDER https://hacker-news.firebaseio.com/v0/item/23974463.json
08-04 21:28:38.083 25637 25778 D CustomInterceptor: HEADER REQUEST
08-04 21:28:38.083 25637 25778 D CustomInterceptor: Cache-Control max-age=300, max-stale=300
08-04 21:28:38.083 25637 25778 D CustomInterceptor: CACHED STATS: size = '100', maxSize = '100', hitCount = '217', createCount = '0', putCount = '140', evictionCount = '40', missCount = '174', toString = 'LruCache[maxSize=100,hits=217,misses=174,hitRate=55%]', 
