--------- beginning of main
08-04 02:12:58.057  3784  3784 D CarrierServiceBindHelper: Receive action: android.intent.action.PACKAGE_REMOVED
--------- beginning of system
08-04 02:12:58.057   918  6110 I ActivityManager: Start proc 16179:com.android.keychain/1000 for broadcast com.android.keychain/.KeyChainBroadcastReceiver
08-04 02:12:58.090   918   929 I AccountManagerService: getTypesVisibleToCaller: isPermitted? true
08-04 02:12:58.098   918   930 W ResourceType: ResTable_typeSpec entry count inconsistent: given 37, previously 42
08-04 02:12:58.098   918   930 W ResourceType: ResTable_typeSpec entry count inconsistent: given 2527, previously 2530
08-04 02:12:58.098   918   930 W ResourceType: ResTable_typeSpec entry count inconsistent: given 2542, previously 2545
08-04 02:12:58.098   918   930 W ResourceType: ResTable_typeSpec entry count inconsistent: given 303, previously 1691
08-04 02:12:58.118  3784  3784 D CarrierServiceBindHelper: Receive action: android.intent.action.PACKAGE_ADDED
08-04 02:12:58.118  3784  3784 D CarrierServiceBindHelper: Receive action: android.intent.action.PACKAGE_REPLACED
08-04 02:12:58.118  3784  3784 D CarrierServiceBindHelper: mHandler: 3
08-04 02:12:58.118  3784  3784 D CarrierServiceBindHelper: mHandler: 3
08-04 02:12:58.118  3784  3784 D CarrierServiceBindHelper: mHandler: 3
08-04 02:12:58.119  3784  3784 D CarrierConfigLoader: mHandler: 9 phoneId: 0
08-04 02:12:58.128 16179 16179 W System  : ClassLoader referenced unknown path: /system/app/KeyChain/lib/arm64
08-04 02:12:58.136 16179 16179 W ContextImpl: Calling a method in the system process without a qualified user: android.app.ContextImpl.startService:1221 android.content.ContextWrapper.startService:581 android.content.ContextWrapper.startService:581 com.android.keychain.KeyChainBroadcastReceiver.onReceive:12 android.app.ActivityThread.handleReceiver:2725 
08-04 02:12:58.167 18789 18789 I Finsky  : [1] uah.a(18): PackageMonitorReceiverImpl - Received: android.intent.action.PACKAGE_REMOVED, [ocpw8ddNLhG67i_cxGNvtEQwqY1k5QNC_my-vN553D4]
08-04 02:12:58.167 18789 18789 I Finsky  : [1] ubi.d(9): Invalidating cached PackageState for baseline.org.quantumbadger.redreader
08-04 02:12:58.169 24365 16195 I Fitness : FitCleanupIntentOperation received Intent android.intent.action.PACKAGE_REMOVED [CONTEXT service_id=17 ]
08-04 02:12:58.171 18789 18789 I Finsky  : [1] lzi.c(2): Frosting ID looked up on UI thread. Caller should move to a background thread.
08-04 02:12:58.183 18789 18789 I Finsky  : [1] nqb.c(3): Installer: package baseline.org.quantumbadger.redreader was removed. replacing: true
08-04 02:12:58.184 18789 18789 I Finsky  : [1] nra.a(188): Installer: Notifying status update. package=baseline.org.quantumbadger.redreader, status=UNINSTALLED
08-04 02:12:58.225   918   929 I AccountManagerService: getTypesVisibleToCaller: isPermitted? true
08-04 02:12:58.247 18789 18789 I Finsky  : [1] lzi.c(2): Frosting ID looked up on UI thread. Caller should move to a background thread.
08-04 02:12:58.259 18789 16216 I Finsky  : [6391] ejf.a(-1): Cancelled 0 ongoing asset module downloads for package baseline.org.quantumbadger.redreader due to a concurrent app update.
08-04 02:12:58.260 18789 18789 I Finsky  : [1] nra.a(220): Installer: found apps to install. isMultiUserMode=false, apps=[]
08-04 02:12:58.309 18789 18981 I Finsky  : [5590] odj.b(52): IQ: Notifying installation update. package=baseline.org.quantumbadger.redreader, status=UNINSTALLED
08-04 02:12:58.328 18789 18789 I Finsky  : [1] uah.a(18): PackageMonitorReceiverImpl - Received: android.intent.action.PACKAGE_ADDED, [ocpw8ddNLhG67i_cxGNvtEQwqY1k5QNC_my-vN553D4]
08-04 02:12:58.329 24577 16215 I Auth    : [SupervisedAccountIntentOperation] onHandleIntent(): android.intent.action.PACKAGE_ADDED
08-04 02:12:58.330 18789 18789 I Finsky  : [1] ubi.d(9): Invalidating cached PackageState for baseline.org.quantumbadger.redreader
08-04 02:12:58.332 24577 16214 I ChromeSync: [Sync,SyncIntentOperation] Handling the intent: Intent { act=android.intent.action.PACKAGE_ADDED dat=package:baseline.org.quantumbadger.redreader flg=0x4000010 cmp=com.google.android.gms/.chimera.GmsIntentOperationService (has extras) }.
08-04 02:12:58.337 18789 18789 I Finsky  : [1] lzi.c(2): Frosting ID looked up on UI thread. Caller should move to a background thread.
08-04 02:12:58.342 18789 16202 I Finsky  : [6389] lyv.run(-1): Wrote row to frosting DB: 2158
08-04 02:12:58.343 18789 18789 I Finsky  : [1] agsx.a(4): Do not start WearSupportService due to Wear service optimization
08-04 02:12:58.347 18789 16216 I Finsky  : [6391] ejc.a(-1): Asset module broadcast after update successful for package baseline.org.quantumbadger.redreader. 0 sessions broadcast.
08-04 02:12:58.363 18789 18789 I Finsky  : [1] lzi.c(2): Frosting ID looked up on UI thread. Caller should move to a background thread.
08-04 02:12:58.368   918   929 W ActivityManager: Unable to start service Intent { act=com.google.android.gms.auth.key.retrieval.service.START pkg=com.google.android.gms } U=0: not found
08-04 02:12:58.371 18789 16208 I Finsky  : [6390] gzn.a(-1): [ContentSync] finished, scheduled=false
08-04 02:12:58.371   918  3714 W ActivityManager: Unbind failed: could not find connection for android.os.BinderProxy@14cc1b2
08-04 02:12:58.397 24577 24621 E GmsClient: unable to connect to service: com.google.android.gms.auth.key.retrieval.service.START on com.google.android.gms
08-04 02:12:58.445 18789 18981 I Finsky  : [5590] odj.b(40): IQ: No matching installs to run for jobs: []
08-04 02:12:58.495 18789 16202 I Finsky  : [6389] lyv.run(-1): Wrote row to frosting DB: 2159
08-04 02:12:58.499   918  5132 I AccountManagerService: getTypesVisibleToCaller: isPermitted? true
08-04 02:12:58.536 24577 16214 I ChromeSync: [Persistence,AffiliationManager] One of affiliation or grouping data for android://bz0hZa4nAJEtd0n5sRlXG7KAqctUMWVefv7Ki4mh1p6slZ9YO-n9gS9j8m9YCrsIyI2wIxrDHraumF9Y6pBLTA==@baseline.org.quantumbadger.redreader/ was not found. Marking affiliation data as stale...
08-04 02:12:58.615 16227 16227 D AndroidRuntime: >>>>>> START com.android.internal.os.RuntimeInit uid 2000 <<<<<<
08-04 02:12:58.619 16227 16227 D AndroidRuntime: CheckJNI is OFF
08-04 02:12:58.629 18789 16202 I Finsky  : [6389] lyv.run(-1): Wrote row to frosting DB: 2160
08-04 02:12:58.631   918  6111 I AccountManagerService: getTypesVisibleToCaller: isPermitted? true
08-04 02:12:58.636 24577 13293 I Icing   : IndexChimeraService.getServiceInterface callingPackage=com.google.android.gms componentName=AppsCorpus serviceId=36
08-04 02:12:58.643 16227 16227 D ICU     : No timezone override file found: /data/misc/zoneinfo/current/icu/icu_tzdata.dat
08-04 02:12:58.669 16227 16227 I Radio-JNI: register_android_hardware_Radio DONE
08-04 02:12:58.677 18789 16202 I Finsky  : [6389] lyv.run(-1): Wrote row to frosting DB: 2161
08-04 02:12:58.684 16227 16227 D AndroidRuntime: Calling main entry com.android.commands.monkey.Monkey
08-04 02:12:58.697   918  4413 I AccountManagerService: getTypesVisibleToCaller: isPermitted? true
08-04 02:12:58.699   918   931 W BroadcastQueue: Skipping deliver [background] BroadcastRecord{dd3ca2d u-1 android.net.conn.CONNECTIVITY_CHANGE} to ReceiverList{694fb62 16227 (unknown name)/2000/u-1 remote:602a57}: process crashing
08-04 02:12:58.709   918  3714 I ActivityManager: START u0 {act=android.intent.action.MAIN cat=[android.intent.category.LAUNCHER] flg=0x10200000 cmp=baseline.org.quantumbadger.redreader/.activities.MainActivity} from uid 2000 on display 0
08-04 02:12:58.726 16244 16244 I art     : Late-enabling -Xcheck:jni
08-04 02:12:58.727   918  5481 I ActivityManager: Start proc 16244:baseline.org.quantumbadger.redreader/u0a666 for activity baseline.org.quantumbadger.redreader/.activities.MainActivity
08-04 02:12:58.762 16227 16227 I art     : System.exit called, status: 0
08-04 02:12:58.762 16227 16227 I AndroidRuntime: VM exiting with result code 0.
08-04 02:12:58.766 18789 18789 I Finsky  : [1] xmu.a(8): SCH: Jobs in database: 1-1337 3-181 3-182 12-1 24-77777777 26-1414141414 
08-04 02:12:58.768 18789 18789 I Finsky  : [1] xio.a(57): SCH: ConstraintMapping: 24-77777777,  -> L: 0ms, D: 68222070ms, C: false, I: true, N: 0
08-04 02:12:58.769 18789 18789 I Finsky  : [1] xio.a(57): SCH: ConstraintMapping: 1-1337, 12-1,  -> L: 14455ms, D: 28374141ms, C: false, I: false, N: 1
08-04 02:12:58.769 18789 18789 I Finsky  : [1] xio.a(57): SCH: ConstraintMapping: 3-181,  -> L: 0ms, D: 59630446ms, C: false, I: true, N: 2
08-04 02:12:58.769 16244 16244 W System  : ClassLoader referenced unknown path: /data/app/baseline.org.quantumbadger.redreader-1/lib/arm64
08-04 02:12:58.770 18789 18789 I Finsky  : [1] xio.a(57): SCH: ConstraintMapping: 3-182,  -> L: 0ms, D: 59630519ms, C: true, I: true, N: 2
08-04 02:12:58.770 18789 18789 I Finsky  : [1] xio.a(57): SCH: ConstraintMapping: 26-1414141414,  -> L: 32451695ms, D: 33351695ms, C: false, I: false, N: 0
08-04 02:12:58.772 18789 16208 I Finsky  : [6390] gzn.a(-1): [ContentSync] finished, scheduled=true
08-04 02:12:58.779 16244 16244 I RedReader: Application created.
08-04 02:12:58.788 16244 16262 I RedditChangeDataIO: Running initial read...
08-04 02:12:58.789 24577 28580 W Icing   : No valid account for uploading user actions
08-04 02:12:58.790 16244 16244 I RedReader: Checking for new messages.
08-04 02:12:58.792 16244 16262 I RedditChangeDataIO: Data file at '/data/user/0/baseline.org.quantumbadger.redreader/files/rr_change_data.dat'
08-04 02:12:58.792 16244 16262 I RedditChangeDataIO: Data file does not exist. Aborting read.
08-04 02:12:58.792 16244 16262 I RedditChangeDataManager: Pruning for all users...
08-04 02:12:58.793 16244 16262 I RedditChangeDataManager: Pruning complete.
08-04 02:12:58.793 18789 18789 I Finsky  : [1] xle.a(34): Cancelling existing jobscheduler jobs: 9007 9001 9003 9002 9005 9004 9012 9006 9011 9008 
08-04 02:12:58.794 18789 18789 I Finsky  : [1] xle.a(27): Scheduling job Id: 9000, L: 0, D: 68222070, C: false, I: true, N: 0
08-04 02:12:58.795 18789 18789 I Finsky  : [1] xle.a(27): Scheduling job Id: 9009, L: 14455, D: 28374141, C: false, I: false, N: 1
08-04 02:12:58.798 18789 18789 I Finsky  : [1] xle.a(27): Scheduling job Id: 9010, L: 0, D: 59630446, C: false, I: true, N: 2
08-04 02:12:58.801 18789 18789 I Finsky  : [1] xle.a(27): Scheduling job Id: 9013, L: 0, D: 59630519, C: true, I: true, N: 2
08-04 02:12:58.803 18789 18789 I Finsky  : [1] xle.a(27): Scheduling job Id: 9014, L: 32451695, D: 33351695, C: false, I: false, N: 0
08-04 02:12:58.805 18789 18789 I Finsky  : [1] xle.a(27): Scheduling job Id: 9015, L: 0, D: 68222070, C: false, I: true, N: 0
08-04 02:12:58.812 18789 18789 I Finsky  : [1] xle.a(27): Scheduling job Id: 9016, L: 14455, D: 28374141, C: false, I: false, N: 1
08-04 02:12:58.817  6202 13432 I PBSessionCacheImpl: Deleted sessionId[27278280657311515] from persistence.
08-04 02:12:58.817 18789 18789 I Finsky  : [1] xle.a(27): Scheduling job Id: 9017, L: 0, D: 59630446, C: false, I: true, N: 2
08-04 02:12:58.821 18789 18789 I Finsky  : [1] xle.a(27): Scheduling job Id: 9018, L: 0, D: 59630519, C: true, I: true, N: 2
08-04 02:12:58.823  6202  6241 W SearchServiceCore: Abort, client detached.
08-04 02:12:58.823  6202  6241 I MicroDetectionState: Should stop hotword detection immediately - true
08-04 02:12:58.823 18789 18789 I Finsky  : [1] xle.a(27): Scheduling job Id: 9019, L: 32451695, D: 33351695, C: false, I: false, N: 0
08-04 02:12:58.849 24577 13293 I Icing   : IndexChimeraService.getServiceInterface callingPackage=com.google.android.gms componentName=null serviceId=30
08-04 02:12:58.895 16244 16244 W art     : Before Android 4.1, method android.graphics.PorterDuffColorFilter androidx.vectordrawable.graphics.drawable.VectorDrawableCompat.updateTintFilter(android.graphics.PorterDuffColorFilter, android.content.res.ColorStateList, android.graphics.PorterDuff$Mode) would have incorrectly overridden the package-private method in android.graphics.drawable.Drawable
08-04 02:12:58.917 16244 16261 I CacheManager: Pruning 108 files
08-04 02:12:58.929 16244 16244 I art     : Rejecting re-init on previously-failed class java.lang.Class<androidx.core.view.ViewCompat$2>
08-04 02:12:58.929 16244 16244 I art     : Rejecting re-init on previously-failed class java.lang.Class<androidx.core.view.ViewCompat$2>
08-04 02:12:58.939 16244 16244 I AppCompatViewInflater: app:theme is now deprecated. Please move to using android:theme instead.
08-04 02:12:59.005 24577 28580 I Icing   : Usage reports ok 5, Failed Usage reports 0, indexed 0, rejected 0
08-04 02:12:59.007 24577 28580 W Icing   : No valid account for uploading user actions
08-04 02:12:59.093 24577 28580 I Icing   : Usage reports ok 0, Failed Usage reports 0, indexed 0, rejected 0
08-04 02:12:59.094 24577 28580 I Icing   : Indexing com.google.android.gms-internal.3p:MobileApplication from com.google.android.gms using seqno 763
08-04 02:12:59.099 24577 28580 I Icing   : Indexing com.google.android.gms-internal.3p:MobileApplication from com.google.android.gms using seqno 763
08-04 02:12:59.174 24577 13293 I Icing   : IndexChimeraService.getServiceInterface callingPackage=com.google.android.gms componentName=null serviceId=36
08-04 02:12:59.179 24577 28580 W Icing   : No valid account for uploading user actions
08-04 02:12:59.182 16244 16244 I RawObjectDB query string: CREATE TABLE objects(RawObjectDB_id TEXT PRIMARY KEY ON CONFLICT REPLACE,RawObjectDB_timestamp INTEGER,serialised TEXT)
08-04 02:12:59.194 24577 28580 I Icing   : Usage reports ok 0, Failed Usage reports 0, indexed 0, rejected 0
08-04 02:12:59.245 16244 16244 I RawObjectDB query string: CREATE TABLE objects(RawObjectDB_id TEXT PRIMARY KEY ON CONFLICT REPLACE,RawObjectDB_timestamp INTEGER,serialised TEXT)
08-04 02:12:59.323 16244 16264 D OpenGLRenderer: Use EGL_SWAP_BEHAVIOR_PRESERVED: true
08-04 02:12:59.389 16244 16264 I Adreno  : QUALCOMM build                   : fcf4852, I1af360237c
08-04 02:12:59.389 16244 16264 I Adreno  : Build Date                       : 09/23/15
08-04 02:12:59.389 16244 16264 I Adreno  : OpenGL ES Shader Compiler Version: XE031.05.13.02
08-04 02:12:59.389 16244 16264 I Adreno  : Local Branch                     : mybranch14465806
08-04 02:12:59.389 16244 16264 I Adreno  : Remote Branch                    : quic/LA.BF64.1.2.9_v2
08-04 02:12:59.389 16244 16264 I Adreno  : Remote Branch                    : NONE
08-04 02:12:59.389 16244 16264 I Adreno  : Reconstruct Branch               : NOTHING
08-04 02:12:59.400 16244 16264 I OpenGLRenderer: Initialized EGL, version 1.4
08-04 02:12:59.705   918   936 I ActivityManager: Displayed baseline.org.quantumbadger.redreader/.activities.MainActivity: +990ms
08-04 02:13:00.007 24577 28580 I Icing   : Indexing com.google.android.gms-apps from com.google.android.gms
08-04 02:13:00.084 24577 28580 I Icing   : Indexing done com.google.android.gms-apps
08-04 02:13:00.174 24577 28580 I Icing   : Indexing com.google.android.gms-apps from com.google.android.gms
08-04 02:13:00.179 24577 28580 I Icing   : Indexing done com.google.android.gms-apps
08-04 02:13:00.330 16280 16280 D AndroidRuntime: >>>>>> START com.android.internal.os.RuntimeInit uid 2000 <<<<<<
08-04 02:13:00.337 16280 16280 D AndroidRuntime: CheckJNI is OFF
08-04 02:13:00.372 16280 16280 D ICU     : No timezone override file found: /data/misc/zoneinfo/current/icu/icu_tzdata.dat
08-04 02:13:00.407 16280 16280 I Radio-JNI: register_android_hardware_Radio DONE
08-04 02:13:00.426 16280 16280 D AndroidRuntime: Calling main entry com.android.commands.am.Am
08-04 02:13:00.438  8825  8825 I Trepn   : Trepn 6.2s: Received intent: com.quicinc.trepn.start_profiling
08-04 02:13:00.573  8825  8825 W FileUtils: Failed to chmod(/storage/emulated/0/trepn/Trepn_2020.08.04_021300.db): android.system.ErrnoException: chmod failed: EPERM (Operation not permitted)
08-04 02:13:00.734  8825  8825 I Trepn   : Trepn 6.2s: Trepn has Started Profiling.
08-04 02:13:00.736 16280 16280 D AndroidRuntime: Shutting down VM
08-04 02:13:01.215 16244 16255 I art     : Starting a blocking GC Explicit
08-04 02:13:01.255 16244 16255 I art     : Explicit concurrent mark sweep GC freed 26417(2MB) AllocSpace objects, 8(216KB) LOS objects, 40% free, 20MB/34MB, paused 497us total 39.917ms
08-04 02:13:01.267 16244 16255 I art     : Starting a blocking GC Explicit
08-04 02:13:01.280 16244 16255 I art     : Explicit concurrent mark sweep GC freed 1530(73KB) AllocSpace objects, 0(0B) LOS objects, 40% free, 20MB/34MB, paused 144us total 12.784ms
08-04 02:13:01.288 16244 16255 I art     : Starting a blocking GC Explicit
08-04 02:13:01.298 16244 16255 I art     : Explicit concurrent mark sweep GC freed 3(96B) AllocSpace objects, 0(0B) LOS objects, 40% free, 20MB/34MB, paused 118us total 10.214ms
08-04 02:13:01.306 16244 16255 I art     : Starting a blocking GC Explicit
08-04 02:13:01.317 16244 16255 I art     : Explicit concurrent mark sweep GC freed 3(96B) AllocSpace objects, 0(0B) LOS objects, 40% free, 20MB/34MB, paused 160us total 10.450ms
08-04 02:13:01.325 16244 16255 I art     : Starting a blocking GC Explicit
08-04 02:13:01.335 16244 16255 I art     : Explicit concurrent mark sweep GC freed 3(96B) AllocSpace objects, 0(0B) LOS objects, 40% free, 20MB/34MB, paused 115us total 10.395ms
08-04 02:13:01.646 16244 16266 I art     : Starting a blocking GC Explicit
08-04 02:13:01.665 16244 16266 I art     : Explicit concurrent mark sweep GC freed 1334(78KB) AllocSpace objects, 1(20KB) LOS objects, 40% free, 20MB/34MB, paused 161us total 19.380ms
08-04 02:13:01.680 16244 16266 I art     : Starting a blocking GC Explicit
08-04 02:13:01.691 16244 16266 I art     : Explicit concurrent mark sweep GC freed 20(704B) AllocSpace objects, 0(0B) LOS objects, 40% free, 20MB/34MB, paused 136us total 9.989ms
08-04 02:13:01.698 16244 16266 I art     : Starting a blocking GC Explicit
08-04 02:13:01.709 16244 16266 I art     : Explicit concurrent mark sweep GC freed 3(96B) AllocSpace objects, 0(0B) LOS objects, 40% free, 20MB/34MB, paused 126us total 10.212ms
08-04 02:13:01.717 16244 16266 I art     : Starting a blocking GC Explicit
08-04 02:13:01.727 16244 16266 I art     : Explicit concurrent mark sweep GC freed 3(96B) AllocSpace objects, 0(0B) LOS objects, 40% free, 20MB/34MB, paused 115us total 9.776ms
08-04 02:13:01.734 16244 16266 I art     : Starting a blocking GC Explicit
08-04 02:13:01.744 16244 16266 I art     : Explicit concurrent mark sweep GC freed 3(96B) AllocSpace objects, 0(0B) LOS objects, 40% free, 20MB/34MB, paused 113us total 9.944ms
08-04 02:13:02.025 16244 16256 I art     : Starting a blocking GC Explicit
08-04 02:13:02.044 16244 16256 I art     : Explicit concurrent mark sweep GC freed 1332(78KB) AllocSpace objects, 1(20KB) LOS objects, 40% free, 20MB/34MB, paused 182us total 18.939ms
08-04 02:13:02.057 16244 16256 I art     : Starting a blocking GC Explicit
08-04 02:13:02.069 16244 16256 I art     : Explicit concurrent mark sweep GC freed 20(704B) AllocSpace objects, 0(0B) LOS objects, 40% free, 20MB/34MB, paused 128us total 11.219ms
08-04 02:13:02.077 16244 16256 I art     : Starting a blocking GC Explicit
08-04 02:13:02.088 16244 16256 I art     : Explicit concurrent mark sweep GC freed 3(96B) AllocSpace objects, 0(0B) LOS objects, 40% free, 20MB/34MB, paused 122us total 10.903ms
08-04 02:13:02.096 16244 16256 I art     : Starting a blocking GC Explicit
08-04 02:13:02.107 16244 16256 I art     : Explicit concurrent mark sweep GC freed 3(96B) AllocSpace objects, 0(0B) LOS objects, 40% free, 20MB/34MB, paused 125us total 10.638ms
08-04 02:13:02.115 16244 16256 I art     : Starting a blocking GC Explicit
08-04 02:13:02.126 16244 16256 I art     : Explicit concurrent mark sweep GC freed 3(96B) AllocSpace objects, 0(0B) LOS objects, 40% free, 20MB/34MB, paused 118us total 10.880ms
08-04 02:13:02.447 16244 16255 I art     : Starting a blocking GC Explicit
08-04 02:13:02.463 16244 16255 I art     : Explicit concurrent mark sweep GC freed 1332(78KB) AllocSpace objects, 1(20KB) LOS objects, 40% free, 20MB/34MB, paused 165us total 15.767ms
08-04 02:13:02.476 16244 16255 I art     : Starting a blocking GC Explicit
08-04 02:13:02.488 16244 16255 I art     : Explicit concurrent mark sweep GC freed 20(704B) AllocSpace objects, 0(0B) LOS objects, 40% free, 20MB/34MB, paused 119us total 11.457ms
08-04 02:13:02.496 16244 16255 I art     : Starting a blocking GC Explicit
08-04 02:13:02.507 16244 16255 I art     : Explicit concurrent mark sweep GC freed 3(96B) AllocSpace objects, 0(0B) LOS objects, 40% free, 20MB/34MB, paused 119us total 10.940ms
08-04 02:13:02.515 16244 16255 I art     : Starting a blocking GC Explicit
08-04 02:13:02.526 16244 16255 I art     : Explicit concurrent mark sweep GC freed 3(96B) AllocSpace objects, 0(0B) LOS objects, 40% free, 20MB/34MB, paused 109us total 10.342ms
08-04 02:13:02.534 16244 16255 I art     : Starting a blocking GC Explicit
08-04 02:13:02.545 16244 16255 I art     : Explicit concurrent mark sweep GC freed 3(96B) AllocSpace objects, 0(0B) LOS objects, 40% free, 20MB/34MB, paused 116us total 10.711ms
08-04 02:13:02.848 16244 16266 I art     : Starting a blocking GC Explicit
08-04 02:13:02.865 16244 16266 I art     : Explicit concurrent mark sweep GC freed 1332(78KB) AllocSpace objects, 1(20KB) LOS objects, 40% free, 20MB/34MB, paused 174us total 17.537ms
08-04 02:13:02.878 16244 16266 I art     : Starting a blocking GC Explicit
08-04 02:13:02.893 16244 16266 I art     : Explicit concurrent mark sweep GC freed 20(704B) AllocSpace objects, 0(0B) LOS objects, 40% free, 20MB/34MB, paused 143us total 14.578ms
08-04 02:13:02.905 16244 16266 I art     : Starting a blocking GC Explicit
08-04 02:13:02.918 16244 16266 I art     : Explicit concurrent mark sweep GC freed 3(96B) AllocSpace objects, 0(0B) LOS objects, 40% free, 20MB/34MB, paused 107us total 13.003ms
08-04 02:13:02.926 16244 16266 I art     : Starting a blocking GC Explicit
08-04 02:13:02.937 16244 16266 I art     : Explicit concurrent mark sweep GC freed 3(96B) AllocSpace objects, 0(0B) LOS objects, 40% free, 20MB/34MB, paused 155us total 10.899ms
08-04 02:13:02.946 16244 16266 I art     : Starting a blocking GC Explicit
08-04 02:13:02.957 16244 16266 I art     : Explicit concurrent mark sweep GC freed 3(96B) AllocSpace objects, 0(0B) LOS objects, 40% free, 20MB/34MB, paused 182us total 10.414ms
08-04 02:13:03.246 16244 16256 I art     : Starting a blocking GC Explicit
08-04 02:13:03.260 16244 16256 I art     : Explicit concurrent mark sweep GC freed 1333(78KB) AllocSpace objects, 1(20KB) LOS objects, 40% free, 20MB/34MB, paused 139us total 13.052ms
08-04 02:13:03.268 16244 16256 I art     : Starting a blocking GC Explicit
08-04 02:13:03.280 16244 16256 I art     : Explicit concurrent mark sweep GC freed 20(704B) AllocSpace objects, 0(0B) LOS objects, 40% free, 20MB/34MB, paused 129us total 11.488ms
08-04 02:13:03.288 16244 16256 I art     : Starting a blocking GC Explicit
08-04 02:13:03.299 16244 16256 I art     : Explicit concurrent mark sweep GC freed 3(96B) AllocSpace objects, 0(0B) LOS objects, 40% free, 20MB/34MB, paused 124us total 10.791ms
08-04 02:13:03.307 16244 16256 I art     : Starting a blocking GC Explicit
08-04 02:13:03.318 16244 16256 I art     : Explicit concurrent mark sweep GC freed 3(96B) AllocSpace objects, 0(0B) LOS objects, 40% free, 20MB/34MB, paused 119us total 10.533ms
08-04 02:13:03.326 16244 16256 I art     : Starting a blocking GC Explicit
08-04 02:13:03.337 16244 16256 I art     : Explicit concurrent mark sweep GC freed 3(96B) AllocSpace objects, 0(0B) LOS objects, 40% free, 20MB/34MB, paused 125us total 10.743ms
08-04 02:13:03.536 24577 16205 W art     : No such thread id for suspend: 204
08-04 02:13:03.638 16244 16255 I art     : Starting a blocking GC Explicit
08-04 02:13:03.653 16244 16255 I art     : Explicit concurrent mark sweep GC freed 1333(78KB) AllocSpace objects, 1(20KB) LOS objects, 40% free, 20MB/34MB, paused 144us total 14.113ms
08-04 02:13:03.664 16244 16255 I art     : Starting a blocking GC Explicit
08-04 02:13:03.675 16244 16255 I art     : Explicit concurrent mark sweep GC freed 20(704B) AllocSpace objects, 0(0B) LOS objects, 40% free, 20MB/34MB, paused 110us total 10.805ms
08-04 02:13:03.683 16244 16255 I art     : Starting a blocking GC Explicit
08-04 02:13:03.694 16244 16255 I art     : Explicit concurrent mark sweep GC freed 3(96B) AllocSpace objects, 0(0B) LOS objects, 40% free, 20MB/34MB, paused 117us total 10.712ms
08-04 02:13:03.702 16244 16255 I art     : Starting a blocking GC Explicit
08-04 02:13:03.713 16244 16255 I art     : Explicit concurrent mark sweep GC freed 3(96B) AllocSpace objects, 0(0B) LOS objects, 40% free, 20MB/34MB, paused 122us total 10.708ms
08-04 02:13:03.722 16244 16255 I art     : Starting a blocking GC Explicit
08-04 02:13:03.732 16244 16255 I art     : Explicit concurrent mark sweep GC freed 3(96B) AllocSpace objects, 0(0B) LOS objects, 40% free, 20MB/34MB, paused 116us total 10.441ms
08-04 02:13:04.035 16244 16266 I art     : Starting a blocking GC Explicit
08-04 02:13:04.053 16244 16266 I art     : Explicit concurrent mark sweep GC freed 1332(78KB) AllocSpace objects, 1(20KB) LOS objects, 40% free, 20MB/34MB, paused 148us total 18.224ms
08-04 02:13:04.066 16244 16266 I art     : Starting a blocking GC Explicit
08-04 02:13:04.080 16244 16266 I art     : Explicit concurrent mark sweep GC freed 20(704B) AllocSpace objects, 0(0B) LOS objects, 40% free, 20MB/34MB, paused 134us total 13.831ms
08-04 02:13:04.090 16244 16266 I art     : Starting a blocking GC Explicit
08-04 02:13:04.102 16244 16266 I art     : Explicit concurrent mark sweep GC freed 3(96B) AllocSpace objects, 0(0B) LOS objects, 40% free, 20MB/34MB, paused 117us total 11.039ms
08-04 02:13:04.110 16244 16266 I art     : Starting a blocking GC Explicit
08-04 02:13:04.121 16244 16266 I art     : Explicit concurrent mark sweep GC freed 3(96B) AllocSpace objects, 0(0B) LOS objects, 40% free, 20MB/34MB, paused 103us total 10.961ms
08-04 02:13:04.129 16244 16266 I art     : Starting a blocking GC Explicit
08-04 02:13:04.140 16244 16266 I art     : Explicit concurrent mark sweep GC freed 3(96B) AllocSpace objects, 0(0B) LOS objects, 40% free, 20MB/34MB, paused 113us total 10.401ms
08-04 02:13:04.437 16244 16256 I art     : Starting a blocking GC Explicit
08-04 02:13:04.453 16244 16256 I art     : Explicit concurrent mark sweep GC freed 1332(78KB) AllocSpace objects, 1(20KB) LOS objects, 40% free, 20MB/34MB, paused 163us total 15.924ms
08-04 02:13:04.465 16244 16256 I art     : Starting a blocking GC Explicit
08-04 02:13:04.477 16244 16256 I art     : Explicit concurrent mark sweep GC freed 20(704B) AllocSpace objects, 0(0B) LOS objects, 40% free, 20MB/34MB, paused 252us total 11.827ms
08-04 02:13:04.485 16244 16256 I art     : Starting a blocking GC Explicit
08-04 02:13:04.496 16244 16256 I art     : Explicit concurrent mark sweep GC freed 3(96B) AllocSpace objects, 0(0B) LOS objects, 40% free, 20MB/34MB, paused 121us total 10.826ms
08-04 02:13:04.504 16244 16256 I art     : Starting a blocking GC Explicit
08-04 02:13:04.515 16244 16256 I art     : Explicit concurrent mark sweep GC freed 3(96B) AllocSpace objects, 0(0B) LOS objects, 40% free, 20MB/34MB, paused 128us total 10.713ms
08-04 02:13:04.523 16244 16256 I art     : Starting a blocking GC Explicit
08-04 02:13:04.534 16244 16256 I art     : Explicit concurrent mark sweep GC freed 3(96B) AllocSpace objects, 0(0B) LOS objects, 40% free, 20MB/34MB, paused 118us total 10.254ms
08-04 02:13:04.829 16244 16255 I art     : Starting a blocking GC Explicit
08-04 02:13:04.840 16244 16255 I art     : Explicit concurrent mark sweep GC freed 1332(78KB) AllocSpace objects, 1(20KB) LOS objects, 40% free, 20MB/34MB, paused 127us total 11.070ms
08-04 02:13:04.849 16244 16255 I art     : Starting a blocking GC Explicit
08-04 02:13:04.858 16244 16255 I art     : Explicit concurrent mark sweep GC freed 20(704B) AllocSpace objects, 0(0B) LOS objects, 40% free, 20MB/34MB, paused 109us total 9.451ms
08-04 02:13:04.866 16244 16255 I art     : Starting a blocking GC Explicit
08-04 02:13:04.876 16244 16255 I art     : Explicit concurrent mark sweep GC freed 3(96B) AllocSpace objects, 0(0B) LOS objects, 40% free, 20MB/34MB, paused 102us total 9.544ms
08-04 02:13:04.883 16244 16255 I art     : Starting a blocking GC Explicit
08-04 02:13:04.892 16244 16255 I art     : Explicit concurrent mark sweep GC freed 3(96B) AllocSpace objects, 0(0B) LOS objects, 40% free, 20MB/34MB, paused 101us total 8.604ms
08-04 02:13:04.899 16244 16255 I art     : Starting a blocking GC Explicit
08-04 02:13:04.908 16244 16255 I art     : Explicit concurrent mark sweep GC freed 3(96B) AllocSpace objects, 0(0B) LOS objects, 40% free, 20MB/34MB, paused 101us total 8.897ms
08-04 02:13:05.174 16244 16266 I art     : Starting a blocking GC Explicit
08-04 02:13:05.194 16244 16266 I art     : Explicit concurrent mark sweep GC freed 1332(78KB) AllocSpace objects, 1(20KB) LOS objects, 40% free, 20MB/34MB, paused 188us total 19.522ms
08-04 02:13:05.207 16244 16266 I art     : Starting a blocking GC Explicit
08-04 02:13:05.221 16244 16266 I art     : Explicit concurrent mark sweep GC freed 20(704B) AllocSpace objects, 0(0B) LOS objects, 40% free, 20MB/34MB, paused 123us total 13.586ms
08-04 02:13:05.231 16244 16266 I art     : Starting a blocking GC Explicit
08-04 02:13:05.242 16244 16266 I art     : Explicit concurrent mark sweep GC freed 3(96B) AllocSpace objects, 0(0B) LOS objects, 40% free, 20MB/34MB, paused 122us total 10.472ms
08-04 02:13:05.250 16244 16266 I art     : Starting a blocking GC Explicit
08-04 02:13:05.261 16244 16266 I art     : Explicit concurrent mark sweep GC freed 3(96B) AllocSpace objects, 0(0B) LOS objects, 40% free, 20MB/34MB, paused 125us total 10.776ms
08-04 02:13:05.270 16244 16266 I art     : Starting a blocking GC Explicit
08-04 02:13:05.280 16244 16266 I art     : Explicit concurrent mark sweep GC freed 3(96B) AllocSpace objects, 0(0B) LOS objects, 40% free, 20MB/34MB, paused 111us total 10.399ms
08-04 02:13:05.572 16244 16256 I art     : Starting a blocking GC Explicit
08-04 02:13:05.586 16244 16256 I art     : Explicit concurrent mark sweep GC freed 1332(78KB) AllocSpace objects, 1(20KB) LOS objects, 40% free, 20MB/34MB, paused 169us total 13.372ms
08-04 02:13:05.596 16244 16256 I art     : Starting a blocking GC Explicit
08-04 02:13:05.606 16244 16256 I art     : Explicit concurrent mark sweep GC freed 20(704B) AllocSpace objects, 0(0B) LOS objects, 40% free, 20MB/34MB, paused 116us total 10.140ms
08-04 02:13:05.614 16244 16256 I art     : Starting a blocking GC Explicit
08-04 02:13:05.624 16244 16256 I art     : Explicit concurrent mark sweep GC freed 3(96B) AllocSpace objects, 0(0B) LOS objects, 40% free, 20MB/34MB, paused 123us total 9.695ms
08-04 02:13:05.631 16244 16256 I art     : Starting a blocking GC Explicit
08-04 02:13:05.641 16244 16256 I art     : Explicit concurrent mark sweep GC freed 3(96B) AllocSpace objects, 0(0B) LOS objects, 40% free, 20MB/34MB, paused 106us total 9.360ms
08-04 02:13:05.648 16244 16256 I art     : Starting a blocking GC Explicit
08-04 02:13:05.658 16244 16256 I art     : Explicit concurrent mark sweep GC freed 3(96B) AllocSpace objects, 0(0B) LOS objects, 40% free, 20MB/34MB, paused 113us total 9.472ms
08-04 02:13:05.888 16244 16255 I art     : Starting a blocking GC Explicit
08-04 02:13:05.899 16244 16255 I art     : Explicit concurrent mark sweep GC freed 1332(78KB) AllocSpace objects, 1(20KB) LOS objects, 40% free, 20MB/34MB, paused 121us total 10.700ms
08-04 02:13:05.907 16244 16255 I art     : Starting a blocking GC Explicit
08-04 02:13:05.918 16244 16255 I art     : Explicit concurrent mark sweep GC freed 20(704B) AllocSpace objects, 0(0B) LOS objects, 40% free, 20MB/34MB, paused 123us total 10.435ms
08-04 02:13:05.926 16244 16255 I art     : Starting a blocking GC Explicit
08-04 02:13:05.936 16244 16255 I art     : Explicit concurrent mark sweep GC freed 3(96B) AllocSpace objects, 0(0B) LOS objects, 40% free, 20MB/34MB, paused 116us total 10.152ms
08-04 02:13:05.944 16244 16255 I art     : Starting a blocking GC Explicit
08-04 02:13:05.954 16244 16255 I art     : Explicit concurrent mark sweep GC freed 3(96B) AllocSpace objects, 0(0B) LOS objects, 40% free, 20MB/34MB, paused 123us total 9.888ms
08-04 02:13:05.962 16244 16255 I art     : Starting a blocking GC Explicit
08-04 02:13:05.972 16244 16255 I art     : Explicit concurrent mark sweep GC freed 3(96B) AllocSpace objects, 0(0B) LOS objects, 40% free, 20MB/34MB, paused 114us total 9.807ms
08-04 02:13:06.096 10198 10198 I ServiceManager: Waiting for service AtCmdFwd...
08-04 02:13:06.117 16437 16437 D AndroidRuntime: >>>>>> START com.android.internal.os.RuntimeInit uid 2000 <<<<<<
08-04 02:13:06.121 16437 16437 D AndroidRuntime: CheckJNI is OFF
08-04 02:13:06.146 16437 16437 D ICU     : No timezone override file found: /data/misc/zoneinfo/current/icu/icu_tzdata.dat
08-04 02:13:06.171 16437 16437 I Radio-JNI: register_android_hardware_Radio DONE
08-04 02:13:06.187 16437 16437 D AndroidRuntime: Calling main entry com.android.commands.input.Input
08-04 02:13:06.188 16437 16437 I Input   : injectMotionEvent: MotionEvent { action=ACTION_DOWN, actionButton=0, id[0]=0, x[0]=720.0, y[0]=1440.0, toolType[0]=TOOL_TYPE_UNKNOWN, buttonState=0, metaState=0, flags=0x0, edgeFlags=0x0, pointerCount=1, historySize=0, eventTime=670402601, downTime=670402601, deviceId=0, source=0x1002 }
08-04 02:13:06.194 16437 16437 I Input   : injectMotionEvent: MotionEvent { action=ACTION_UP, actionButton=0, id[0]=0, x[0]=720.0, y[0]=1440.0, toolType[0]=TOOL_TYPE_UNKNOWN, buttonState=0, metaState=0, flags=0x0, edgeFlags=0x0, pointerCount=1, historySize=0, eventTime=670402601, downTime=670402601, deviceId=0, source=0x1002 }
08-04 02:13:06.195 16437 16437 D AndroidRuntime: Shutting down VM
08-04 02:13:06.211   512  2967 D audio_hw_primary: out_set_parameters: enter: usecase(1: low-latency-playback) kvpairs: routing=2
08-04 02:13:06.224 13866 13866 I GoogleInputMethodServic: GoogleInputMethodService.onFinishInput():3138 
08-04 02:13:06.225   512  2967 D audio_hw_primary: select_devices: out_snd_device(2: speaker) in_snd_device(0: none)
08-04 02:13:06.225   512  2967 D msm8974_platform: platform_send_audio_calibration: sending audio calibration for snd_device(2) acdb_id(15)
08-04 02:13:06.225   512  2967 I soundtrigger: audio_extn_sound_trigger_update_device_status: device 0x2 of type 0 for Event 1
08-04 02:13:06.227 13866 13866 I GoogleInputMethodServic: GoogleInputMethodService.onStartInput():1808 
08-04 02:13:06.237   512  2967 D audio_hw_primary: enable_snd_device: snd_device(2: speaker)
08-04 02:13:06.238 16244 16255 I art     : Starting a blocking GC Explicit
08-04 02:13:06.239   512  2967 D audio_hw_primary: enable_audio_route: apply and update mixer path: low-latency-playback speaker
08-04 02:13:06.250 16244 16255 I art     : Explicit concurrent mark sweep GC freed 1447(82KB) AllocSpace objects, 1(20KB) LOS objects, 40% free, 20MB/34MB, paused 121us total 11.010ms
08-04 02:13:06.257 16244 16255 I art     : Starting a blocking GC Explicit
08-04 02:13:06.268 16244 16255 I art     : Explicit concurrent mark sweep GC freed 991(69KB) AllocSpace objects, 1(76KB) LOS objects, 40% free, 20MB/34MB, paused 107us total 10.537ms
08-04 02:13:06.268 16244 16254 I art     : WaitForGcToComplete blocked for 10.721ms for cause HeapTrim
08-04 02:13:06.276 16244 16255 I art     : Starting a blocking GC Explicit
08-04 02:13:06.286 16244 16255 I art     : Explicit concurrent mark sweep GC freed 3(96B) AllocSpace objects, 0(0B) LOS objects, 40% free, 20MB/34MB, paused 112us total 10.227ms
08-04 02:13:06.294 16244 16255 I art     : Starting a blocking GC Explicit
08-04 02:13:06.305 16244 16255 I art     : Explicit concurrent mark sweep GC freed 3(96B) AllocSpace objects, 0(0B) LOS objects, 40% free, 20MB/34MB, paused 112us total 10.240ms
08-04 02:13:06.313 16244 16255 I art     : Starting a blocking GC Explicit
08-04 02:13:06.324 16244 16255 I art     : Explicit concurrent mark sweep GC freed 3(96B) AllocSpace objects, 0(0B) LOS objects, 40% free, 20MB/34MB, paused 105us total 10.694ms
08-04 02:13:06.407   380   380 W SurfaceFlinger: couldn't log to binary event log: overflow.
08-04 02:13:06.536 16244 16256 I art     : Starting a blocking GC Explicit
08-04 02:13:06.547 16244 16256 I art     : Explicit concurrent mark sweep GC freed 1332(78KB) AllocSpace objects, 1(20KB) LOS objects, 40% free, 20MB/34MB, paused 136us total 10.780ms
08-04 02:13:06.555 16244 16256 I art     : Starting a blocking GC Explicit
08-04 02:13:06.566 16244 16256 I art     : Explicit concurrent mark sweep GC freed 20(704B) AllocSpace objects, 0(0B) LOS objects, 40% free, 20MB/34MB, paused 127us total 10.563ms
08-04 02:13:06.574 16244 16256 I art     : Starting a blocking GC Explicit
08-04 02:13:06.585 16244 16256 I art     : Explicit concurrent mark sweep GC freed 3(96B) AllocSpace objects, 0(0B) LOS objects, 40% free, 20MB/34MB, paused 131us total 10.699ms
08-04 02:13:06.593 16244 16256 I art     : Starting a blocking GC Explicit
08-04 02:13:06.604 16244 16256 I art     : Explicit concurrent mark sweep GC freed 3(96B) AllocSpace objects, 0(0B) LOS objects, 40% free, 20MB/34MB, paused 307us total 10.929ms
08-04 02:13:06.612 16244 16256 I art     : Starting a blocking GC Explicit
08-04 02:13:06.623 16244 16256 I art     : Explicit concurrent mark sweep GC freed 3(96B) AllocSpace objects, 0(0B) LOS objects, 40% free, 20MB/34MB, paused 131us total 10.340ms
08-04 02:13:06.753 16472 16472 D AndroidRuntime: >>>>>> START com.android.internal.os.RuntimeInit uid 2000 <<<<<<
08-04 02:13:06.758 16472 16472 D AndroidRuntime: CheckJNI is OFF
08-04 02:13:06.769   512  2967 D audio_hw_primary: disable_audio_route: reset and update mixer path: low-latency-playback speaker
08-04 02:13:06.770   512  2967 D audio_hw_primary: disable_snd_device: snd_device(2: speaker)
08-04 02:13:06.778   512  2967 I soundtrigger: audio_extn_sound_trigger_update_device_status: device 0x2 of type 0 for Event 0
08-04 02:13:06.785 16472 16472 D ICU     : No timezone override file found: /data/misc/zoneinfo/current/icu/icu_tzdata.dat
08-04 02:13:06.809 16472 16472 I Radio-JNI: register_android_hardware_Radio DONE
08-04 02:13:06.825 16472 16472 D AndroidRuntime: Calling main entry com.android.commands.input.Input
08-04 02:13:06.826 16472 16472 I Input   : injectMotionEvent: MotionEvent { action=ACTION_DOWN, actionButton=0, id[0]=0, x[0]=1345.0, y[0]=165.0, toolType[0]=TOOL_TYPE_UNKNOWN, buttonState=0, metaState=0, flags=0x0, edgeFlags=0x0, pointerCount=1, historySize=0, eventTime=670403239, downTime=670403239, deviceId=0, source=0x1002 }
08-04 02:13:06.830 16472 16472 I Input   : injectMotionEvent: MotionEvent { action=ACTION_UP, actionButton=0, id[0]=0, x[0]=1345.0, y[0]=165.0, toolType[0]=TOOL_TYPE_UNKNOWN, buttonState=0, metaState=0, flags=0x0, edgeFlags=0x0, pointerCount=1, historySize=0, eventTime=670403239, downTime=670403239, deviceId=0, source=0x1002 }
08-04 02:13:06.831 16472 16472 D AndroidRuntime: Shutting down VM
08-04 02:13:06.844   512  2967 D audio_hw_primary: out_set_parameters: enter: usecase(1: low-latency-playback) kvpairs: routing=2
08-04 02:13:06.844 16244 16244 W art     : Before Android 4.1, method int androidx.appcompat.widget.DropDownListView.lookForSelectablePosition(int, boolean) would have incorrectly overridden the package-private method in android.widget.ListView
08-04 02:13:06.848 16244 16244 W art     : Before Android 4.1, method int androidx.appcompat.widget.MenuPopupWindow$MenuDropDownListView.lookForSelectablePosition(int, boolean) would have incorrectly overridden the package-private method in android.widget.ListView
08-04 02:13:06.849 16244 16244 I ListPopupWindow: Could not find method setEpicenterBounds(Rect) on PopupWindow. Oh well.
08-04 02:13:06.857   512  2967 D audio_hw_primary: select_devices: out_snd_device(2: speaker) in_snd_device(0: none)
08-04 02:13:06.857   512  2967 D msm8974_platform: platform_send_audio_calibration: sending audio calibration for snd_device(2) acdb_id(15)
08-04 02:13:06.857   512  2967 I soundtrigger: audio_extn_sound_trigger_update_device_status: device 0x2 of type 0 for Event 1
08-04 02:13:06.867 16244 16256 I art     : Starting a blocking GC Explicit
08-04 02:13:06.867   512  2967 D audio_hw_primary: enable_snd_device: snd_device(2: speaker)
08-04 02:13:06.869   512  2967 D audio_hw_primary: enable_audio_route: apply and update mixer path: low-latency-playback speaker
08-04 02:13:06.878 16244 16256 I art     : Explicit concurrent mark sweep GC freed 1863(205KB) AllocSpace objects, 1(20KB) LOS objects, 40% free, 20MB/34MB, paused 139us total 10.742ms
08-04 02:13:06.884   918  3188 I hubconnection: sensorhub said: 'set_bias 3: -6.2400, 0.0000, 0.0000'
08-04 02:13:06.886 16244 16256 I art     : Starting a blocking GC Explicit
08-04 02:13:06.896 16244 16256 I art     : Explicit concurrent mark sweep GC freed 216(11KB) AllocSpace objects, 0(0B) LOS objects, 40% free, 20MB/34MB, paused 120us total 9.714ms
08-04 02:13:06.904 16244 16256 I art     : Starting a blocking GC Explicit
08-04 02:13:06.911   512  2967 D AudioFlinger: mixer(0xf4740000) throttle end: throttle time(12)
08-04 02:13:06.915 16244 16256 I art     : Explicit concurrent mark sweep GC freed 225(10KB) AllocSpace objects, 0(0B) LOS objects, 40% free, 20MB/34MB, paused 141us total 10.886ms
08-04 02:13:06.923 16244 16256 I art     : Starting a blocking GC Explicit
08-04 02:13:06.934 16244 16256 I art     : Explicit concurrent mark sweep GC freed 81(7KB) AllocSpace objects, 0(0B) LOS objects, 40% free, 20MB/34MB, paused 160us total 10.631ms
08-04 02:13:06.942 16244 16256 I art     : Starting a blocking GC Explicit
08-04 02:13:06.953 16244 16256 I art     : Explicit concurrent mark sweep GC freed 83(2960B) AllocSpace objects, 0(0B) LOS objects, 40% free, 20MB/34MB, paused 137us total 10.436ms
08-04 02:13:07.097 10198 10198 I ServiceManager: Waiting for service AtCmdFwd...
08-04 02:13:07.194 16244 16256 I art     : Starting a blocking GC Explicit
08-04 02:13:07.205 16244 16256 I art     : Explicit concurrent mark sweep GC freed 2342(138KB) AllocSpace objects, 1(20KB) LOS objects, 40% free, 20MB/34MB, paused 124us total 11.316ms
08-04 02:13:07.213 16244 16256 I art     : Starting a blocking GC Explicit
08-04 02:13:07.224 16244 16256 I art     : Explicit concurrent mark sweep GC freed 28(1200B) AllocSpace objects, 0(0B) LOS objects, 40% free, 20MB/34MB, paused 136us total 10.531ms
08-04 02:13:07.232 16244 16256 I art     : Starting a blocking GC Explicit
08-04 02:13:07.243 16244 16256 I art     : Explicit concurrent mark sweep GC freed 3(96B) AllocSpace objects, 0(0B) LOS objects, 40% free, 20MB/34MB, paused 124us total 10.283ms
08-04 02:13:07.251 16244 16256 I art     : Starting a blocking GC Explicit
08-04 02:13:07.261 16244 16256 I art     : Explicit concurrent mark sweep GC freed 9(288B) AllocSpace objects, 0(0B) LOS objects, 40% free, 20MB/34MB, paused 119us total 9.949ms
08-04 02:13:07.269 16244 16256 I art     : Starting a blocking GC Explicit
08-04 02:13:07.279 16244 16256 I art     : Explicit concurrent mark sweep GC freed 3(96B) AllocSpace objects, 0(0B) LOS objects, 40% free, 20MB/34MB, paused 133us total 9.972ms
08-04 02:13:07.381 16516 16516 D AndroidRuntime: >>>>>> START com.android.internal.os.RuntimeInit uid 2000 <<<<<<
08-04 02:13:07.385 16516 16516 D AndroidRuntime: CheckJNI is OFF
08-04 02:13:07.398   512  2967 D audio_hw_primary: disable_audio_route: reset and update mixer path: low-latency-playback speaker
08-04 02:13:07.400   512  2967 D audio_hw_primary: disable_snd_device: snd_device(2: speaker)
08-04 02:13:07.408   512  2967 I soundtrigger: audio_extn_sound_trigger_update_device_status: device 0x2 of type 0 for Event 0
08-04 02:13:07.409 16516 16516 D ICU     : No timezone override file found: /data/misc/zoneinfo/current/icu/icu_tzdata.dat
08-04 02:13:07.433 16516 16516 I Radio-JNI: register_android_hardware_Radio DONE
08-04 02:13:07.449 16516 16516 D AndroidRuntime: Calling main entry com.android.commands.input.Input
08-04 02:13:07.450 16516 16516 I Input   : injectMotionEvent: MotionEvent { action=ACTION_DOWN, actionButton=0, id[0]=0, x[0]=940.0, y[0]=501.0, toolType[0]=TOOL_TYPE_UNKNOWN, buttonState=0, metaState=0, flags=0x0, edgeFlags=0x0, pointerCount=1, historySize=0, eventTime=670403863, downTime=670403863, deviceId=0, source=0x1002 }
08-04 02:13:07.455 16516 16516 I Input   : injectMotionEvent: MotionEvent { action=ACTION_UP, actionButton=0, id[0]=0, x[0]=940.0, y[0]=501.0, toolType[0]=TOOL_TYPE_UNKNOWN, buttonState=0, metaState=0, flags=0x0, edgeFlags=0x0, pointerCount=1, historySize=0, eventTime=670403863, downTime=670403863, deviceId=0, source=0x1002 }
08-04 02:13:07.457 16516 16516 D AndroidRuntime: Shutting down VM
08-04 02:13:07.520 16244 16266 I art     : Starting a blocking GC Explicit
08-04 02:13:07.523   512  2967 D audio_hw_primary: out_set_parameters: enter: usecase(1: low-latency-playback) kvpairs: routing=2
08-04 02:13:07.524   918  6112 I ActivityManager: START u0 {cmp=baseline.org.quantumbadger.redreader/.settings.SettingsActivity} from uid 10666 on display 0
08-04 02:13:07.532 16244 16266 I art     : Explicit concurrent mark sweep GC freed 1372(86KB) AllocSpace objects, 1(20KB) LOS objects, 40% free, 20MB/34MB, paused 239us total 11.655ms
08-04 02:13:07.536   512  2967 D audio_hw_primary: select_devices: out_snd_device(2: speaker) in_snd_device(0: none)
08-04 02:13:07.536   512  2967 D msm8974_platform: platform_send_audio_calibration: sending audio calibration for snd_device(2) acdb_id(15)
08-04 02:13:07.536   512  2967 I soundtrigger: audio_extn_sound_trigger_update_device_status: device 0x2 of type 0 for Event 1
08-04 02:13:07.540 16244 16266 I art     : Starting a blocking GC Explicit
08-04 02:13:07.541 13866 13866 I GoogleInputMethodServic: GoogleInputMethodService.onFinishInput():3138 
08-04 02:13:07.541 13866 13866 I GoogleInputMethodServic: GoogleInputMethodService.onStartInput():1808 
08-04 02:13:07.554   512  2967 D audio_hw_primary: enable_snd_device: snd_device(2: speaker)
08-04 02:13:07.555 16244 16266 I art     : Explicit concurrent mark sweep GC freed 389(26KB) AllocSpace objects, 0(0B) LOS objects, 40% free, 20MB/34MB, paused 249us total 14.330ms
08-04 02:13:07.556   512  2967 D audio_hw_primary: enable_audio_route: apply and update mixer path: low-latency-playback speaker
08-04 02:13:07.563 16244 16266 I art     : Starting a blocking GC Explicit
08-04 02:13:07.575 16244 16266 I art     : Explicit concurrent mark sweep GC freed 493(105KB) AllocSpace objects, 0(0B) LOS objects, 40% free, 21MB/35MB, paused 326us total 11.874ms
08-04 02:13:07.584 16244 16266 I art     : Starting a blocking GC Explicit
08-04 02:13:07.595 16244 16266 I art     : Explicit concurrent mark sweep GC freed 418(35KB) AllocSpace objects, 0(0B) LOS objects, 40% free, 21MB/35MB, paused 171us total 11.307ms
08-04 02:13:07.599   512  2967 D AudioFlinger: mixer(0xf4740000) throttle end: throttle time(12)
08-04 02:13:07.603 16244 16266 I art     : Starting a blocking GC Explicit
08-04 02:13:07.614 16244 16266 I art     : Explicit concurrent mark sweep GC freed 67(3KB) AllocSpace objects, 0(0B) LOS objects, 40% free, 21MB/35MB, paused 162us total 11.132ms
08-04 02:13:07.673   918   936 I ActivityManager: Displayed baseline.org.quantumbadger.redreader/.settings.SettingsActivity: +128ms
08-04 02:13:07.674 13866 13866 I GoogleInputMethodServic: GoogleInputMethodService.onFinishInput():3138 
08-04 02:13:07.674 13866 13866 I GoogleInputMethodServic: GoogleInputMethodService.onStartInput():1808 
08-04 02:13:07.713 16244 16264 D OpenGLRenderer: endAllStagingAnimators on 0x7f9940c800 (MenuPopupWindow$MenuDropDownListView) with handle 0x7f803771c0
08-04 02:13:07.836 16244 16266 I art     : Starting a blocking GC Explicit
08-04 02:13:07.853 16244 16266 I art     : Explicit concurrent mark sweep GC freed 2002(108KB) AllocSpace objects, 1(20KB) LOS objects, 40% free, 21MB/35MB, paused 199us total 16.943ms
08-04 02:13:07.864 16244 16266 I art     : Starting a blocking GC Explicit
08-04 02:13:07.880 16244 16266 I art     : Explicit concurrent mark sweep GC freed 105(4KB) AllocSpace objects, 0(0B) LOS objects, 40% free, 21MB/35MB, paused 145us total 15.570ms
08-04 02:13:07.888 16244 16266 I art     : Starting a blocking GC Explicit
08-04 02:13:07.901 16244 16266 I art     : Explicit concurrent mark sweep GC freed 10(416B) AllocSpace objects, 0(0B) LOS objects, 40% free, 21MB/35MB, paused 134us total 12.039ms
08-04 02:13:07.909 16244 16266 I art     : Starting a blocking GC Explicit
08-04 02:13:07.921 16244 16266 I art     : Explicit concurrent mark sweep GC freed 3(96B) AllocSpace objects, 0(0B) LOS objects, 40% free, 21MB/35MB, paused 116us total 11.193ms
08-04 02:13:07.926   380   380 W SurfaceFlinger: couldn't log to binary event log: overflow.
08-04 02:13:07.929 16244 16266 I art     : Starting a blocking GC Explicit
08-04 02:13:07.941 16244 16266 I art     : Explicit concurrent mark sweep GC freed 3(96B) AllocSpace objects, 0(0B) LOS objects, 40% free, 21MB/35MB, paused 117us total 11.424ms
08-04 02:13:08.004 16558 16558 D AndroidRuntime: >>>>>> START com.android.internal.os.RuntimeInit uid 2000 <<<<<<
08-04 02:13:08.008 16558 16558 D AndroidRuntime: CheckJNI is OFF
08-04 02:13:08.034 16558 16558 D ICU     : No timezone override file found: /data/misc/zoneinfo/current/icu/icu_tzdata.dat
08-04 02:13:08.060 16558 16558 I Radio-JNI: register_android_hardware_Radio DONE
08-04 02:13:08.077 16558 16558 D AndroidRuntime: Calling main entry com.android.commands.input.Input
08-04 02:13:08.078 16558 16558 I Input   : injectMotionEvent: MotionEvent { action=ACTION_DOWN, actionButton=0, id[0]=0, x[0]=216.0, y[0]=853.0, toolType[0]=TOOL_TYPE_UNKNOWN, buttonState=0, metaState=0, flags=0x0, edgeFlags=0x0, pointerCount=1, historySize=0, eventTime=670404491, downTime=670404491, deviceId=0, source=0x1002 }
08-04 02:13:08.083 16558 16558 I Input   : injectMotionEvent: MotionEvent { action=ACTION_UP, actionButton=0, id[0]=0, x[0]=216.0, y[0]=853.0, toolType[0]=TOOL_TYPE_UNKNOWN, buttonState=0, metaState=0, flags=0x0, edgeFlags=0x0, pointerCount=1, historySize=0, eventTime=670404491, downTime=670404491, deviceId=0, source=0x1002 }
08-04 02:13:08.085 16558 16558 D AndroidRuntime: Shutting down VM
08-04 02:13:08.088   512  2967 D audio_hw_primary: disable_audio_route: reset and update mixer path: low-latency-playback speaker
08-04 02:13:08.089   512  2967 D audio_hw_primary: disable_snd_device: snd_device(2: speaker)
08-04 02:13:08.097 10198 10198 I ServiceManager: Waiting for service AtCmdFwd...
08-04 02:13:08.101   512  2967 I soundtrigger: audio_extn_sound_trigger_update_device_status: device 0x2 of type 0 for Event 0
08-04 02:13:08.150   918  5952 I ActivityManager: START u0 {act=android.intent.action.MAIN cmp=baseline.org.quantumbadger.redreader/.settings.SettingsActivity (has extras)} from uid 10666 on display 0
08-04 02:13:08.151   512  2967 D audio_hw_primary: out_set_parameters: enter: usecase(1: low-latency-playback) kvpairs: routing=2
08-04 02:13:08.164   512  2967 D audio_hw_primary: select_devices: out_snd_device(2: speaker) in_snd_device(0: none)
08-04 02:13:08.164   512  2967 D msm8974_platform: platform_send_audio_calibration: sending audio calibration for snd_device(2) acdb_id(15)
08-04 02:13:08.165   512  2967 I soundtrigger: audio_extn_sound_trigger_update_device_status: device 0x2 of type 0 for Event 1
08-04 02:13:08.174   512  2967 D audio_hw_primary: enable_snd_device: snd_device(2: speaker)
08-04 02:13:08.176   512  2967 D audio_hw_primary: enable_audio_route: apply and update mixer path: low-latency-playback speaker
08-04 02:13:08.191 16244 16255 I art     : Starting a blocking GC Explicit
08-04 02:13:08.206 16244 16255 I art     : Explicit concurrent mark sweep GC freed 2665(216KB) AllocSpace objects, 2(40KB) LOS objects, 40% free, 21MB/35MB, paused 250us total 15.054ms
08-04 02:13:08.214 16244 16255 I art     : Starting a blocking GC Explicit
08-04 02:13:08.219   512  2967 D AudioFlinger: mixer(0xf4740000) throttle end: throttle time(12)
08-04 02:13:08.227 16244 16255 I art     : Explicit concurrent mark sweep GC freed 261(12KB) AllocSpace objects, 0(0B) LOS objects, 40% free, 21MB/35MB, paused 129us total 12.941ms
08-04 02:13:08.236 16244 16255 I art     : Starting a blocking GC Explicit
08-04 02:13:08.249 16244 16255 I art     : Explicit concurrent mark sweep GC freed 16(672B) AllocSpace objects, 0(0B) LOS objects, 40% free, 21MB/35MB, paused 155us total 12.314ms
08-04 02:13:08.257 16244 16255 I art     : Starting a blocking GC Explicit
08-04 02:13:08.271 16244 16255 I art     : Explicit concurrent mark sweep GC freed 4216(202KB) AllocSpace objects, 0(0B) LOS objects, 40% free, 21MB/36MB, paused 504us total 13.710ms
08-04 02:13:08.280 16244 16255 I art     : Starting a blocking GC Explicit
08-04 02:13:08.295 16244 16255 I art     : Explicit concurrent mark sweep GC freed 13074(541KB) AllocSpace objects, 0(0B) LOS objects, 40% free, 21MB/36MB, paused 449us total 14.796ms
08-04 02:13:08.451   918   936 I ActivityManager: Displayed baseline.org.quantumbadger.redreader/.settings.SettingsActivity: +290ms
08-04 02:13:08.456 13866 13866 I GoogleInputMethodServic: GoogleInputMethodService.onFinishInput():3138 
08-04 02:13:08.457 13866 13866 I GoogleInputMethodServic: GoogleInputMethodService.onStartInput():1808 
08-04 02:13:08.486 16244 16264 D OpenGLRenderer: endAllStagingAnimators on 0x7f80573c00 (ListView) with handle 0x7f80379640
08-04 02:13:08.530 16244 16266 I art     : Starting a blocking GC Explicit
08-04 02:13:08.548 16244 16266 I art     : Explicit concurrent mark sweep GC freed 65493(2MB) AllocSpace objects, 1(20KB) LOS objects, 40% free, 22MB/37MB, paused 141us total 18.325ms
08-04 02:13:08.557 16244 16266 I art     : Starting a blocking GC Explicit
08-04 02:13:08.573 16244 16266 I art     : Explicit concurrent mark sweep GC freed 2344(203KB) AllocSpace objects, 0(0B) LOS objects, 40% free, 22MB/36MB, paused 131us total 15.290ms
08-04 02:13:08.583 16244 16266 I art     : Starting a blocking GC Explicit
08-04 02:13:08.598 16244 16266 I art     : Explicit concurrent mark sweep GC freed 3(96B) AllocSpace objects, 0(0B) LOS objects, 40% free, 22MB/36MB, paused 133us total 15.442ms
08-04 02:13:08.607 16244 16266 I art     : Starting a blocking GC Explicit
08-04 02:13:08.622 16244 16266 I art     : Explicit concurrent mark sweep GC freed 59(2448B) AllocSpace objects, 0(0B) LOS objects, 40% free, 22MB/36MB, paused 137us total 14.861ms
08-04 02:13:08.626 16590 16590 D AndroidRuntime: >>>>>> START com.android.internal.os.RuntimeInit uid 2000 <<<<<<
08-04 02:13:08.631 16590 16590 D AndroidRuntime: CheckJNI is OFF
08-04 02:13:08.632 16244 16266 I art     : Starting a blocking GC Explicit
08-04 02:13:08.647 16244 16266 I art     : Explicit concurrent mark sweep GC freed 5(240B) AllocSpace objects, 0(0B) LOS objects, 40% free, 22MB/36MB, paused 157us total 15.348ms
08-04 02:13:08.660 16590 16590 D ICU     : No timezone override file found: /data/misc/zoneinfo/current/icu/icu_tzdata.dat
08-04 02:13:08.685 16590 16590 I Radio-JNI: register_android_hardware_Radio DONE
08-04 02:13:08.693   380   380 W SurfaceFlinger: couldn't log to binary event log: overflow.
08-04 02:13:08.702 16590 16590 D AndroidRuntime: Calling main entry com.android.commands.input.Input
08-04 02:13:08.704 16590 16590 I Input   : injectMotionEvent: MotionEvent { action=ACTION_DOWN, actionButton=0, id[0]=0, x[0]=1318.0, y[0]=1194.0, toolType[0]=TOOL_TYPE_UNKNOWN, buttonState=0, metaState=0, flags=0x0, edgeFlags=0x0, pointerCount=1, historySize=0, eventTime=670405116, downTime=670405116, deviceId=0, source=0x1002 }
08-04 02:13:08.708   512  2967 D audio_hw_primary: disable_audio_route: reset and update mixer path: low-latency-playback speaker
08-04 02:13:08.710   512  2967 D audio_hw_primary: disable_snd_device: snd_device(2: speaker)
08-04 02:13:08.711 16590 16590 I Input   : injectMotionEvent: MotionEvent { action=ACTION_UP, actionButton=0, id[0]=0, x[0]=1318.0, y[0]=1194.0, toolType[0]=TOOL_TYPE_UNKNOWN, buttonState=0, metaState=0, flags=0x0, edgeFlags=0x0, pointerCount=1, historySize=0, eventTime=670405116, downTime=670405116, deviceId=0, source=0x1002 }
08-04 02:13:08.716 16590 16590 D AndroidRuntime: Shutting down VM
08-04 02:13:08.721   512  2967 I soundtrigger: audio_extn_sound_trigger_update_device_status: device 0x2 of type 0 for Event 0
08-04 02:13:08.783   512  2967 D audio_hw_primary: out_set_parameters: enter: usecase(1: low-latency-playback) kvpairs: routing=2
08-04 02:13:08.796   512  2967 D audio_hw_primary: select_devices: out_snd_device(2: speaker) in_snd_device(0: none)
08-04 02:13:08.796   512  2967 D msm8974_platform: platform_send_audio_calibration: sending audio calibration for snd_device(2) acdb_id(15)
08-04 02:13:08.797   512  2967 I soundtrigger: audio_extn_sound_trigger_update_device_status: device 0x2 of type 0 for Event 1
08-04 02:13:08.807   512  2967 D audio_hw_primary: enable_snd_device: snd_device(2: speaker)
08-04 02:13:08.812   512  2967 D audio_hw_primary: enable_audio_route: apply and update mixer path: low-latency-playback speaker
08-04 02:13:08.855   512  2967 D AudioFlinger: mixer(0xf4740000) throttle end: throttle time(12)
08-04 02:13:08.905 16244 16266 I art     : Starting a blocking GC Explicit
08-04 02:13:08.921 16244 16266 I art     : Explicit concurrent mark sweep GC freed 2037(124KB) AllocSpace objects, 2(40KB) LOS objects, 40% free, 22MB/36MB, paused 135us total 15.886ms
08-04 02:13:08.930 16244 16266 I art     : Starting a blocking GC Explicit
08-04 02:13:08.946 16244 16266 I art     : Explicit concurrent mark sweep GC freed 74(2928B) AllocSpace objects, 0(0B) LOS objects, 40% free, 22MB/36MB, paused 116us total 15.441ms
08-04 02:13:08.955 16244 16266 I art     : Starting a blocking GC Explicit
08-04 02:13:08.969 16244 16266 I art     : Explicit concurrent mark sweep GC freed 22(880B) AllocSpace objects, 0(0B) LOS objects, 40% free, 22MB/36MB, paused 116us total 13.908ms
08-04 02:13:08.979 16244 16266 I art     : Starting a blocking GC Explicit
08-04 02:13:08.992 16244 16266 I art     : Explicit concurrent mark sweep GC freed 36(1552B) AllocSpace objects, 0(0B) LOS objects, 40% free, 22MB/36MB, paused 120us total 13.001ms
08-04 02:13:09.000 16244 16266 I art     : Starting a blocking GC Explicit
08-04 02:13:09.013 16244 16266 I art     : Explicit concurrent mark sweep GC freed 38(1696B) AllocSpace objects, 0(0B) LOS objects, 40% free, 22MB/36MB, paused 115us total 12.964ms
08-04 02:13:09.098 10198 10198 I ServiceManager: Waiting for service AtCmdFwd...
08-04 02:13:09.242 16634 16634 D AndroidRuntime: >>>>>> START com.android.internal.os.RuntimeInit uid 2000 <<<<<<
08-04 02:13:09.246 16634 16634 D AndroidRuntime: CheckJNI is OFF
08-04 02:13:09.266 16244 16255 I art     : Starting a blocking GC Explicit
08-04 02:13:09.271 16634 16634 D ICU     : No timezone override file found: /data/misc/zoneinfo/current/icu/icu_tzdata.dat
08-04 02:13:09.282 16244 16255 I art     : Explicit concurrent mark sweep GC freed 1439(82KB) AllocSpace objects, 1(20KB) LOS objects, 40% free, 22MB/36MB, paused 170us total 15.666ms
08-04 02:13:09.291 16244 16255 I art     : Starting a blocking GC Explicit
08-04 02:13:09.298 16634 16634 I Radio-JNI: register_android_hardware_Radio DONE
08-04 02:13:09.305 16244 16255 I art     : Explicit concurrent mark sweep GC freed 65(2192B) AllocSpace objects, 0(0B) LOS objects, 40% free, 22MB/36MB, paused 128us total 13.559ms
08-04 02:13:09.313 16244 16255 I art     : Starting a blocking GC Explicit
08-04 02:13:09.314 16634 16634 D AndroidRuntime: Calling main entry com.android.commands.input.Input
08-04 02:13:09.315 16634 16634 I Input   : injectMotionEvent: MotionEvent { action=ACTION_DOWN, actionButton=0, id[0]=0, x[0]=1309.0, y[0]=1701.0, toolType[0]=TOOL_TYPE_UNKNOWN, buttonState=0, metaState=0, flags=0x0, edgeFlags=0x0, pointerCount=1, historySize=0, eventTime=670405728, downTime=670405728, deviceId=0, source=0x1002 }
08-04 02:13:09.320 16634 16634 I Input   : injectMotionEvent: MotionEvent { action=ACTION_UP, actionButton=0, id[0]=0, x[0]=1309.0, y[0]=1701.0, toolType[0]=TOOL_TYPE_UNKNOWN, buttonState=0, metaState=0, flags=0x0, edgeFlags=0x0, pointerCount=1, historySize=0, eventTime=670405728, downTime=670405728, deviceId=0, source=0x1002 }
08-04 02:13:09.322 16634 16634 D AndroidRuntime: Shutting down VM
08-04 02:13:09.328 16244 16255 I art     : Explicit concurrent mark sweep GC freed 66(2704B) AllocSpace objects, 0(0B) LOS objects, 40% free, 22MB/36MB, paused 251us total 14.982ms
08-04 02:13:09.337 16244 16255 I art     : Starting a blocking GC Explicit
08-04 02:13:09.339   512  2967 D audio_hw_primary: disable_audio_route: reset and update mixer path: low-latency-playback speaker
08-04 02:13:09.340   512  2967 D audio_hw_primary: disable_snd_device: snd_device(2: speaker)
08-04 02:13:09.348   512  2967 I soundtrigger: audio_extn_sound_trigger_update_device_status: device 0x2 of type 0 for Event 0
08-04 02:13:09.351 16244 16255 I art     : Explicit concurrent mark sweep GC freed 48(1872B) AllocSpace objects, 0(0B) LOS objects, 40% free, 22MB/36MB, paused 112us total 13.194ms
08-04 02:13:09.359 16244 16255 I art     : Starting a blocking GC Explicit
08-04 02:13:09.373 16244 16255 I art     : Explicit concurrent mark sweep GC freed 14(592B) AllocSpace objects, 0(0B) LOS objects, 40% free, 22MB/36MB, paused 131us total 13.750ms
08-04 02:13:09.388   512  2967 D audio_hw_primary: out_set_parameters: enter: usecase(1: low-latency-playback) kvpairs: routing=2
08-04 02:13:09.401   512  2967 D audio_hw_primary: select_devices: out_snd_device(2: speaker) in_snd_device(0: none)
08-04 02:13:09.401   512  2967 D msm8974_platform: platform_send_audio_calibration: sending audio calibration for snd_device(2) acdb_id(15)
08-04 02:13:09.402   512  2967 I soundtrigger: audio_extn_sound_trigger_update_device_status: device 0x2 of type 0 for Event 1
08-04 02:13:09.412   512  2967 D audio_hw_primary: enable_snd_device: snd_device(2: speaker)
08-04 02:13:09.414   512  2967 D audio_hw_primary: enable_audio_route: apply and update mixer path: low-latency-playback speaker
08-04 02:13:09.457   512  2967 D AudioFlinger: mixer(0xf4740000) throttle end: throttle time(12)
08-04 02:13:09.619 16244 16266 I art     : Starting a blocking GC Explicit
08-04 02:13:09.634 16244 16266 I art     : Explicit concurrent mark sweep GC freed 2094(127KB) AllocSpace objects, 2(40KB) LOS objects, 40% free, 22MB/37MB, paused 123us total 14.155ms
08-04 02:13:09.642 16244 16266 I art     : Starting a blocking GC Explicit
08-04 02:13:09.657 16244 16266 I art     : Explicit concurrent mark sweep GC freed 74(2736B) AllocSpace objects, 0(0B) LOS objects, 40% free, 22MB/37MB, paused 133us total 14.102ms
08-04 02:13:09.665 16244 16266 I art     : Starting a blocking GC Explicit
08-04 02:13:09.679 16244 16266 I art     : Explicit concurrent mark sweep GC freed 16(608B) AllocSpace objects, 0(0B) LOS objects, 40% free, 22MB/37MB, paused 157us total 14.061ms
08-04 02:13:09.688 16244 16266 I art     : Starting a blocking GC Explicit
08-04 02:13:09.702 16244 16266 I art     : Explicit concurrent mark sweep GC freed 13(464B) AllocSpace objects, 0(0B) LOS objects, 40% free, 22MB/37MB, paused 123us total 13.534ms
08-04 02:13:09.711 16244 16266 I art     : Starting a blocking GC Explicit
08-04 02:13:09.725 16244 16266 I art     : Explicit concurrent mark sweep GC freed 15(512B) AllocSpace objects, 0(0B) LOS objects, 40% free, 22MB/37MB, paused 113us total 13.712ms
08-04 02:13:09.857 16664 16664 D AndroidRuntime: >>>>>> START com.android.internal.os.RuntimeInit uid 2000 <<<<<<
08-04 02:13:09.861 16664 16664 D AndroidRuntime: CheckJNI is OFF
08-04 02:13:09.885 16664 16664 D ICU     : No timezone override file found: /data/misc/zoneinfo/current/icu/icu_tzdata.dat
08-04 02:13:09.909 16664 16664 I Radio-JNI: register_android_hardware_Radio DONE
08-04 02:13:09.924 16664 16664 D AndroidRuntime: Calling main entry com.android.commands.input.Input
08-04 02:13:09.925 16664 16664 I Input   : injectMotionEvent: MotionEvent { action=ACTION_DOWN, actionButton=0, id[0]=0, x[0]=477.0, y[0]=805.0, toolType[0]=TOOL_TYPE_UNKNOWN, buttonState=0, metaState=0, flags=0x0, edgeFlags=0x0, pointerCount=1, historySize=0, eventTime=670406338, downTime=670406338, deviceId=0, source=0x1002 }
08-04 02:13:09.929 16664 16664 I Input   : injectMotionEvent: MotionEvent { action=ACTION_UP, actionButton=0, id[0]=0, x[0]=477.0, y[0]=805.0, toolType[0]=TOOL_TYPE_UNKNOWN, buttonState=0, metaState=0, flags=0x0, edgeFlags=0x0, pointerCount=1, historySize=0, eventTime=670406338, downTime=670406338, deviceId=0, source=0x1002 }
08-04 02:13:09.933 16664 16664 D AndroidRuntime: Shutting down VM
08-04 02:13:09.950   512  2967 D audio_hw_primary: disable_audio_route: reset and update mixer path: low-latency-playback speaker
08-04 02:13:09.951   512  2967 D audio_hw_primary: disable_snd_device: snd_device(2: speaker)
08-04 02:13:09.958   512  2967 I soundtrigger: audio_extn_sound_trigger_update_device_status: device 0x2 of type 0 for Event 0
08-04 02:13:09.971 16244 16256 I art     : Starting a blocking GC Explicit
08-04 02:13:09.985 16244 16256 I art     : Explicit concurrent mark sweep GC freed 1513(85KB) AllocSpace objects, 1(20KB) LOS objects, 40% free, 22MB/37MB, paused 116us total 13.919ms
08-04 02:13:09.993 16244 16256 I art     : Starting a blocking GC Explicit
08-04 02:13:10.009 16244 16256 I art     : Explicit concurrent mark sweep GC freed 71(2336B) AllocSpace objects, 0(0B) LOS objects, 40% free, 22MB/37MB, paused 127us total 15.385ms
08-04 02:13:10.014   512  2967 D audio_hw_primary: out_set_parameters: enter: usecase(1: low-latency-playback) kvpairs: routing=2
08-04 02:13:10.018 16244 16256 I art     : Starting a blocking GC Explicit
08-04 02:13:10.027   512  2967 D audio_hw_primary: select_devices: out_snd_device(2: speaker) in_snd_device(0: none)
08-04 02:13:10.027   512  2967 D msm8974_platform: platform_send_audio_calibration: sending audio calibration for snd_device(2) acdb_id(15)
08-04 02:13:10.027   512  2967 I soundtrigger: audio_extn_sound_trigger_update_device_status: device 0x2 of type 0 for Event 1
08-04 02:13:10.036 16244 16256 I art     : Explicit concurrent mark sweep GC freed 587(75KB) AllocSpace objects, 0(0B) LOS objects, 40% free, 22MB/37MB, paused 378us total 17.578ms
08-04 02:13:10.038   512  2967 D audio_hw_primary: enable_snd_device: snd_device(2: speaker)
08-04 02:13:10.040   512  2967 D audio_hw_primary: enable_audio_route: apply and update mixer path: low-latency-playback speaker
08-04 02:13:10.046 16244 16256 I art     : Starting a blocking GC Explicit
08-04 02:13:10.061 16244 16256 I art     : Explicit concurrent mark sweep GC freed 285(36KB) AllocSpace objects, 0(0B) LOS objects, 40% free, 22MB/37MB, paused 126us total 14.707ms
08-04 02:13:10.070 16244 16256 I art     : Starting a blocking GC Explicit
08-04 02:13:10.083   512  2967 D AudioFlinger: mixer(0xf4740000) throttle end: throttle time(12)
08-04 02:13:10.085 16244 16256 I art     : Explicit concurrent mark sweep GC freed 86(3KB) AllocSpace objects, 0(0B) LOS objects, 40% free, 22MB/37MB, paused 260us total 15.198ms
08-04 02:13:10.098 10198 10198 I ServiceManager: Waiting for service AtCmdFwd...
08-04 02:13:10.322 16244 16255 I art     : Starting a blocking GC Explicit
08-04 02:13:10.341 16244 16255 I art     : Explicit concurrent mark sweep GC freed 1865(99KB) AllocSpace objects, 1(20KB) LOS objects, 40% free, 22MB/37MB, paused 146us total 19.454ms
08-04 02:13:10.353 16244 16255 I art     : Starting a blocking GC Explicit
08-04 02:13:10.372 16244 16255 I art     : Explicit concurrent mark sweep GC freed 106(4KB) AllocSpace objects, 0(0B) LOS objects, 40% free, 22MB/37MB, paused 135us total 19.242ms
08-04 02:13:10.383 16244 16255 I art     : Starting a blocking GC Explicit
08-04 02:13:10.400 16244 16255 I art     : Explicit concurrent mark sweep GC freed 3(96B) AllocSpace objects, 0(0B) LOS objects, 40% free, 22MB/37MB, paused 114us total 16.763ms
08-04 02:13:10.410 16244 16255 I art     : Starting a blocking GC Explicit
08-04 02:13:10.426 16244 16255 I art     : Explicit concurrent mark sweep GC freed 3(96B) AllocSpace objects, 0(0B) LOS objects, 40% free, 22MB/37MB, paused 132us total 15.927ms
08-04 02:13:10.436 16244 16255 I art     : Starting a blocking GC Explicit
08-04 02:13:10.453 16244 16255 I art     : Explicit concurrent mark sweep GC freed 5(192B) AllocSpace objects, 0(0B) LOS objects, 40% free, 22MB/37MB, paused 137us total 16.639ms
08-04 02:13:10.504 16689 16689 D AndroidRuntime: >>>>>> START com.android.internal.os.RuntimeInit uid 2000 <<<<<<
08-04 02:13:10.509 16689 16689 D AndroidRuntime: CheckJNI is OFF
08-04 02:13:10.537 16689 16689 D ICU     : No timezone override file found: /data/misc/zoneinfo/current/icu/icu_tzdata.dat
08-04 02:13:10.569   512  2967 D audio_hw_primary: disable_audio_route: reset and update mixer path: low-latency-playback speaker
08-04 02:13:10.571 16689 16689 I Radio-JNI: register_android_hardware_Radio DONE
08-04 02:13:10.571   512  2967 D audio_hw_primary: disable_snd_device: snd_device(2: speaker)
08-04 02:13:10.584   512  2967 I soundtrigger: audio_extn_sound_trigger_update_device_status: device 0x2 of type 0 for Event 0
08-04 02:13:10.591 16689 16689 D AndroidRuntime: Calling main entry com.android.commands.input.Input
08-04 02:13:10.593 16689 16689 I Input   : injectMotionEvent: MotionEvent { action=ACTION_DOWN, actionButton=0, id[0]=0, x[0]=463.0, y[0]=464.0, toolType[0]=TOOL_TYPE_UNKNOWN, buttonState=0, metaState=0, flags=0x0, edgeFlags=0x0, pointerCount=1, historySize=0, eventTime=670407005, downTime=670407005, deviceId=0, source=0x1002 }
08-04 02:13:10.599 16689 16689 I Input   : injectMotionEvent: MotionEvent { action=ACTION_UP, actionButton=0, id[0]=0, x[0]=463.0, y[0]=464.0, toolType[0]=TOOL_TYPE_UNKNOWN, buttonState=0, metaState=0, flags=0x0, edgeFlags=0x0, pointerCount=1, historySize=0, eventTime=670407005, downTime=670407005, deviceId=0, source=0x1002 }
08-04 02:13:10.602 16689 16689 D AndroidRuntime: Shutting down VM
08-04 02:13:10.668   512  2967 D audio_hw_primary: out_set_parameters: enter: usecase(1: low-latency-playback) kvpairs: routing=2
08-04 02:13:10.687   512  2967 D audio_hw_primary: select_devices: out_snd_device(2: speaker) in_snd_device(0: none)
08-04 02:13:10.687   512  2967 D msm8974_platform: platform_send_audio_calibration: sending audio calibration for snd_device(2) acdb_id(15)
08-04 02:13:10.687   512  2967 I soundtrigger: audio_extn_sound_trigger_update_device_status: device 0x2 of type 0 for Event 1
08-04 02:13:10.689   918   929 W InputMethodManagerService: Window already focused, ignoring focus gain of: com.android.internal.view.IInputMethodClient$Stub$Proxy@c1be4cd attribute=null, token = android.os.BinderProxy@6388f59
08-04 02:13:10.698   512  2967 D audio_hw_primary: enable_snd_device: snd_device(2: speaker)
08-04 02:13:10.700   512  2967 D audio_hw_primary: enable_audio_route: apply and update mixer path: low-latency-playback speaker
08-04 02:13:10.710 16244 16256 I art     : Starting a blocking GC Explicit
08-04 02:13:10.727 16244 16256 I art     : Explicit concurrent mark sweep GC freed 1675(105KB) AllocSpace objects, 2(40KB) LOS objects, 40% free, 22MB/37MB, paused 151us total 16.056ms
08-04 02:13:10.736 16244 16256 I art     : Starting a blocking GC Explicit
08-04 02:13:10.741   512  2967 D AudioFlinger: mixer(0xf4740000) throttle end: throttle time(12)
08-04 02:13:10.752 16244 16256 I art     : Explicit concurrent mark sweep GC freed 117(6KB) AllocSpace objects, 0(0B) LOS objects, 40% free, 22MB/37MB, paused 140us total 15.454ms
08-04 02:13:10.760 16244 16256 I art     : Starting a blocking GC Explicit
08-04 02:13:10.775 16244 16256 I art     : Explicit concurrent mark sweep GC freed 3(96B) AllocSpace objects, 0(0B) LOS objects, 40% free, 22MB/37MB, paused 133us total 14.601ms
08-04 02:13:10.785 16244 16256 I art     : Starting a blocking GC Explicit
08-04 02:13:10.801 16244 16256 I art     : Explicit concurrent mark sweep GC freed 3(96B) AllocSpace objects, 0(0B) LOS objects, 40% free, 22MB/37MB, paused 122us total 15.758ms
08-04 02:13:10.811 16244 16256 I art     : Starting a blocking GC Explicit
08-04 02:13:10.828 16244 16256 I art     : Explicit concurrent mark sweep GC freed 3(96B) AllocSpace objects, 0(0B) LOS objects, 40% free, 22MB/37MB, paused 203us total 16.740ms
08-04 02:13:10.879   380   380 W SurfaceFlinger: couldn't log to binary event log: overflow.
08-04 02:13:11.058 16244 16256 I art     : Starting a blocking GC Explicit
08-04 02:13:11.074 16244 16256 I art     : Explicit concurrent mark sweep GC freed 1338(78KB) AllocSpace objects, 1(20KB) LOS objects, 40% free, 22MB/37MB, paused 134us total 16.431ms
08-04 02:13:11.084 16244 16256 I art     : Starting a blocking GC Explicit
08-04 02:13:11.098 10198 10198 W Atfwd_Sendcmd: AtCmdFwd service not published, waiting... retryCnt : 5
08-04 02:13:11.100 16244 16256 I art     : Explicit concurrent mark sweep GC freed 22(768B) AllocSpace objects, 0(0B) LOS objects, 40% free, 22MB/37MB, paused 138us total 15.811ms
08-04 02:13:11.109 16244 16256 I art     : Starting a blocking GC Explicit
08-04 02:13:11.125 16244 16256 I art     : Explicit concurrent mark sweep GC freed 3(96B) AllocSpace objects, 0(0B) LOS objects, 40% free, 22MB/37MB, paused 142us total 15.853ms
08-04 02:13:11.134 16244 16256 I art     : Starting a blocking GC Explicit
08-04 02:13:11.145 16723 16723 D AndroidRuntime: >>>>>> START com.android.internal.os.RuntimeInit uid 2000 <<<<<<
08-04 02:13:11.150 16723 16723 D AndroidRuntime: CheckJNI is OFF
08-04 02:13:11.150 16244 16256 I art     : Explicit concurrent mark sweep GC freed 3(96B) AllocSpace objects, 0(0B) LOS objects, 40% free, 22MB/37MB, paused 134us total 15.954ms
08-04 02:13:11.159 16244 16256 I art     : Starting a blocking GC Explicit
08-04 02:13:11.174 16244 16256 I art     : Explicit concurrent mark sweep GC freed 3(96B) AllocSpace objects, 0(0B) LOS objects, 40% free, 22MB/37MB, paused 141us total 15.062ms
08-04 02:13:11.177 16723 16723 D ICU     : No timezone override file found: /data/misc/zoneinfo/current/icu/icu_tzdata.dat
08-04 02:13:11.202 16723 16723 I Radio-JNI: register_android_hardware_Radio DONE
08-04 02:13:11.217 16723 16723 D AndroidRuntime: Calling main entry com.android.commands.input.Input
08-04 02:13:11.218 16723 16723 I Input   : injectKeyEvent: KeyEvent { action=ACTION_DOWN, keyCode=KEYCODE_BACK, scanCode=0, metaState=0, flags=0x0, repeatCount=0, eventTime=670407632, downTime=670407632, deviceId=-1, source=0x101 }
08-04 02:13:11.223 16723 16723 I Input   : injectKeyEvent: KeyEvent { action=ACTION_UP, keyCode=KEYCODE_BACK, scanCode=0, metaState=0, flags=0x0, repeatCount=0, eventTime=670407632, downTime=670407632, deviceId=-1, source=0x101 }
08-04 02:13:11.227 16723 16723 D AndroidRuntime: Shutting down VM
08-04 02:13:11.229   512  2967 D audio_hw_primary: disable_audio_route: reset and update mixer path: low-latency-playback speaker
08-04 02:13:11.230   512  2967 D audio_hw_primary: disable_snd_device: snd_device(2: speaker)
08-04 02:13:11.239   512  2967 I soundtrigger: audio_extn_sound_trigger_update_device_status: device 0x2 of type 0 for Event 0
08-04 02:13:11.273   518   646 I ThermalEngine: ACTION: GPU - Setting GPU[0] to 510000000
08-04 02:13:11.275 13866 13866 I GoogleInputMethodServic: GoogleInputMethodService.onFinishInput():3138 
08-04 02:13:11.276 13866 13866 I GoogleInputMethodServic: GoogleInputMethodService.onStartInput():1808 
08-04 02:13:11.412 16244 16255 I art     : Starting a blocking GC Explicit
08-04 02:13:11.431 16244 16255 I art     : Explicit concurrent mark sweep GC freed 1442(84KB) AllocSpace objects, 1(20KB) LOS objects, 40% free, 22MB/37MB, paused 143us total 19.097ms
08-04 02:13:11.444 16244 16255 I art     : Starting a blocking GC Explicit
08-04 02:13:11.463 16244 16255 I art     : Explicit concurrent mark sweep GC freed 34(1200B) AllocSpace objects, 0(0B) LOS objects, 40% free, 22MB/37MB, paused 174us total 19.012ms
08-04 02:13:11.476 16244 16255 I art     : Starting a blocking GC Explicit
08-04 02:13:11.495 16244 16255 I art     : Explicit concurrent mark sweep GC freed 3(96B) AllocSpace objects, 0(0B) LOS objects, 40% free, 22MB/37MB, paused 156us total 18.860ms
08-04 02:13:11.507 16244 16255 I art     : Starting a blocking GC Explicit
08-04 02:13:11.527 16244 16255 I art     : Explicit concurrent mark sweep GC freed 3(96B) AllocSpace objects, 0(0B) LOS objects, 40% free, 22MB/37MB, paused 154us total 19.066ms
08-04 02:13:11.538 16244 16255 I art     : Starting a blocking GC Explicit
08-04 02:13:11.555 16244 16255 I art     : Explicit concurrent mark sweep GC freed 3(96B) AllocSpace objects, 0(0B) LOS objects, 40% free, 22MB/37MB, paused 154us total 17.374ms
08-04 02:13:11.562   380   380 W SurfaceFlinger: couldn't log to binary event log: overflow.
08-04 02:13:11.830 16244 16266 I art     : Starting a blocking GC Explicit
08-04 02:13:11.851 16244 16266 I art     : Explicit concurrent mark sweep GC freed 1487(85KB) AllocSpace objects, 1(20KB) LOS objects, 40% free, 22MB/37MB, paused 203us total 21.427ms
08-04 02:13:11.853 16755 16755 D AndroidRuntime: >>>>>> START com.android.internal.os.RuntimeInit uid 2000 <<<<<<
08-04 02:13:11.858 16755 16755 D AndroidRuntime: CheckJNI is OFF
08-04 02:13:11.864 16244 16266 I art     : Starting a blocking GC Explicit
08-04 02:13:11.880 16244 16266 I art     : Explicit concurrent mark sweep GC freed 13761(694KB) AllocSpace objects, 7(340KB) LOS objects, 40% free, 21MB/35MB, paused 193us total 15.556ms
08-04 02:13:11.890 16244 16266 I art     : Starting a blocking GC Explicit
08-04 02:13:11.893 16755 16755 D ICU     : No timezone override file found: /data/misc/zoneinfo/current/icu/icu_tzdata.dat
08-04 02:13:11.904 16244 16266 I art     : Explicit concurrent mark sweep GC freed 3(96B) AllocSpace objects, 0(0B) LOS objects, 40% free, 21MB/35MB, paused 165us total 13.831ms
08-04 02:13:11.914 16244 16266 I art     : Starting a blocking GC Explicit
08-04 02:13:11.925 16755 16755 I Radio-JNI: register_android_hardware_Radio DONE
08-04 02:13:11.929 16244 16266 I art     : Explicit concurrent mark sweep GC freed 3(96B) AllocSpace objects, 0(0B) LOS objects, 40% free, 21MB/35MB, paused 179us total 14.518ms
08-04 02:13:11.939 16244 16266 I art     : Starting a blocking GC Explicit
08-04 02:13:11.948 16755 16755 D AndroidRuntime: Calling main entry com.android.commands.input.Input
08-04 02:13:11.949 16755 16755 I Input   : injectKeyEvent: KeyEvent { action=ACTION_DOWN, keyCode=KEYCODE_BACK, scanCode=0, metaState=0, flags=0x0, repeatCount=0, eventTime=670408362, downTime=670408362, deviceId=-1, source=0x101 }
08-04 02:13:11.954 16244 16266 I art     : Explicit concurrent mark sweep GC freed 3(96B) AllocSpace objects, 0(0B) LOS objects, 40% free, 21MB/35MB, paused 278us total 14.343ms
08-04 02:13:11.954 16755 16755 I Input   : injectKeyEvent: KeyEvent { action=ACTION_UP, keyCode=KEYCODE_BACK, scanCode=0, metaState=0, flags=0x0, repeatCount=0, eventTime=670408362, downTime=670408362, deviceId=-1, source=0x101 }
08-04 02:13:11.960 16755 16755 D AndroidRuntime: Shutting down VM
08-04 02:13:12.003 13866 13866 I GoogleInputMethodServic: GoogleInputMethodService.onFinishInput():3138 
08-04 02:13:12.004 13866 13866 I GoogleInputMethodServic: GoogleInputMethodService.onStartInput():1808 
08-04 02:13:12.205 16244 16255 I art     : Starting a blocking GC Explicit
08-04 02:13:12.219 16244 16255 I art     : Explicit concurrent mark sweep GC freed 1513(85KB) AllocSpace objects, 1(20KB) LOS objects, 40% free, 21MB/35MB, paused 158us total 13.914ms
08-04 02:13:12.229 16244 16255 I art     : Starting a blocking GC Explicit
08-04 02:13:12.242 16244 16255 I art     : Explicit concurrent mark sweep GC freed 24(864B) AllocSpace objects, 0(0B) LOS objects, 40% free, 21MB/35MB, paused 154us total 13.196ms
08-04 02:13:12.252 16244 16255 I art     : Starting a blocking GC Explicit
08-04 02:13:12.266 16244 16255 I art     : Explicit concurrent mark sweep GC freed 3(96B) AllocSpace objects, 0(0B) LOS objects, 40% free, 21MB/35MB, paused 148us total 13.168ms
08-04 02:13:12.276 16244 16255 I art     : Starting a blocking GC Explicit
08-04 02:13:12.290 16244 16255 I art     : Explicit concurrent mark sweep GC freed 3(96B) AllocSpace objects, 0(0B) LOS objects, 40% free, 21MB/35MB, paused 146us total 13.264ms
08-04 02:13:12.300 16244 16255 I art     : Starting a blocking GC Explicit
08-04 02:13:12.313 16244 16255 I art     : Explicit concurrent mark sweep GC freed 3(96B) AllocSpace objects, 0(0B) LOS objects, 40% free, 21MB/35MB, paused 189us total 12.962ms
08-04 02:13:12.555 16244 16256 I art     : Starting a blocking GC Explicit
08-04 02:13:12.571 16244 16256 I art     : Explicit concurrent mark sweep GC freed 1362(79KB) AllocSpace objects, 1(20KB) LOS objects, 40% free, 21MB/35MB, paused 179us total 15.513ms
08-04 02:13:12.582 16789 16789 D AndroidRuntime: >>>>>> START com.android.internal.os.RuntimeInit uid 2000 <<<<<<
08-04 02:13:12.582 16244 16256 I art     : Starting a blocking GC Explicit
08-04 02:13:12.587 16789 16789 D AndroidRuntime: CheckJNI is OFF
08-04 02:13:12.597 16244 16256 I art     : Explicit concurrent mark sweep GC freed 143(10KB) AllocSpace objects, 0(0B) LOS objects, 40% free, 21MB/35MB, paused 191us total 14.482ms
08-04 02:13:12.607 16244 16256 I art     : Starting a blocking GC Explicit
08-04 02:13:12.620 16789 16789 D ICU     : No timezone override file found: /data/misc/zoneinfo/current/icu/icu_tzdata.dat
08-04 02:13:12.621 16244 16256 I art     : Explicit concurrent mark sweep GC freed 3(96B) AllocSpace objects, 0(0B) LOS objects, 40% free, 21MB/35MB, paused 195us total 13.676ms
08-04 02:13:12.631 16244 16256 I art     : Starting a blocking GC Explicit
08-04 02:13:12.646 16244 16256 I art     : Explicit concurrent mark sweep GC freed 3(96B) AllocSpace objects, 0(0B) LOS objects, 40% free, 21MB/35MB, paused 180us total 14.582ms
08-04 02:13:12.654 16789 16789 I Radio-JNI: register_android_hardware_Radio DONE
08-04 02:13:12.656 16244 16256 I art     : Starting a blocking GC Explicit
08-04 02:13:12.671 16244 16256 I art     : Explicit concurrent mark sweep GC freed 3(96B) AllocSpace objects, 0(0B) LOS objects, 40% free, 21MB/35MB, paused 174us total 14.860ms
08-04 02:13:12.677 16789 16789 D AndroidRuntime: Calling main entry com.android.commands.input.Input
08-04 02:13:12.679 16789 16789 I Input   : injectMotionEvent: MotionEvent { action=ACTION_DOWN, actionButton=0, id[0]=0, x[0]=600.0, y[0]=1536.0, toolType[0]=TOOL_TYPE_UNKNOWN, buttonState=0, metaState=0, flags=0x0, edgeFlags=0x0, pointerCount=1, historySize=0, eventTime=670409092, downTime=670409092, deviceId=0, source=0x1002 }
08-04 02:13:12.685 16789 16789 I Input   : injectMotionEvent: MotionEvent { action=ACTION_UP, actionButton=0, id[0]=0, x[0]=600.0, y[0]=1536.0, toolType[0]=TOOL_TYPE_UNKNOWN, buttonState=0, metaState=0, flags=0x0, edgeFlags=0x0, pointerCount=1, historySize=0, eventTime=670409092, downTime=670409092, deviceId=0, source=0x1002 }
08-04 02:13:12.686 16789 16789 D AndroidRuntime: Shutting down VM
08-04 02:13:12.702   512  2967 D audio_hw_primary: out_set_parameters: enter: usecase(1: low-latency-playback) kvpairs: routing=2
08-04 02:13:12.707   918  4400 I ActivityManager: START u0 {dat=https://oauth.reddit.com/... cmp=baseline.org.quantumbadger.redreader/.activities.PostListingActivity} from uid 10666 on display 0
08-04 02:13:12.715   512  2967 D audio_hw_primary: select_devices: out_snd_device(2: speaker) in_snd_device(0: none)
08-04 02:13:12.715   512  2967 D msm8974_platform: platform_send_audio_calibration: sending audio calibration for snd_device(2) acdb_id(15)
08-04 02:13:12.715   512  2967 I soundtrigger: audio_extn_sound_trigger_update_device_status: device 0x2 of type 0 for Event 1
08-04 02:13:12.727 16244 16244 I AppCompatViewInflater: app:theme is now deprecated. Please move to using android:theme instead.
08-04 02:13:12.727   512  2967 D audio_hw_primary: enable_snd_device: snd_device(2: speaker)
08-04 02:13:12.729   512  2967 D audio_hw_primary: enable_audio_route: apply and update mixer path: low-latency-playback speaker
08-04 02:13:12.767 16244 16811 I RawObjectDB query string: CREATE TABLE objects(RawObjectDB_id TEXT PRIMARY KEY ON CONFLICT REPLACE,RawObjectDB_timestamp INTEGER,accounts_active INTEGER,created INTEGER,created_utc INTEGER,description TEXT,description_html TEXT,display_name TEXT,header_img TEXT,header_title TEXT,id TEXT,name TEXT,over18 INTEGER,public_description TEXT,subscribers INTEGER,title TEXT,url TEXT)
08-04 02:13:12.814 16244 16814 D OK      : calling: https://www.reddit.com/api/v1/access_token
08-04 02:13:12.816   918   936 I ActivityManager: Displayed baseline.org.quantumbadger.redreader/.activities.PostListingActivity: +101ms
08-04 02:13:12.817 13866 13866 I GoogleInputMethodServic: GoogleInputMethodService.onFinishInput():3138 
08-04 02:13:12.818 13866 13866 I GoogleInputMethodServic: GoogleInputMethodService.onStartInput():1808 
08-04 02:13:12.901 16244 16791 I art     : Starting a blocking GC Explicit
08-04 02:13:12.919 16244 16791 I art     : Explicit concurrent mark sweep GC freed 7360(503KB) AllocSpace objects, 1(20KB) LOS objects, 40% free, 21MB/36MB, paused 228us total 18.216ms
08-04 02:13:12.930 16244 16791 I art     : Starting a blocking GC Explicit
08-04 02:13:12.947 16244 16791 I art     : Explicit concurrent mark sweep GC freed 3465(228KB) AllocSpace objects, 1(28KB) LOS objects, 40% free, 21MB/36MB, paused 238us total 16.052ms
08-04 02:13:12.958 16244 16791 I art     : Starting a blocking GC Explicit
08-04 02:13:12.973 16244 16791 I art     : Explicit concurrent mark sweep GC freed 11(672B) AllocSpace objects, 0(0B) LOS objects, 40% free, 21MB/35MB, paused 198us total 15.004ms
08-04 02:13:12.984 16244 16791 I art     : Starting a blocking GC Explicit
08-04 02:13:13.000 16244 16791 I art     : Explicit concurrent mark sweep GC freed 3(96B) AllocSpace objects, 0(0B) LOS objects, 40% free, 21MB/35MB, paused 208us total 16.588ms
08-04 02:13:13.012 16244 16791 I art     : Starting a blocking GC Explicit
08-04 02:13:13.029 16244 16791 I art     : Explicit concurrent mark sweep GC freed 571(51KB) AllocSpace objects, 0(0B) LOS objects, 40% free, 21MB/36MB, paused 298us total 16.435ms
08-04 02:13:13.048   380   380 W SurfaceFlinger: couldn't log to binary event log: overflow.
08-04 02:13:13.258   512  2967 D audio_hw_primary: disable_audio_route: reset and update mixer path: low-latency-playback speaker
08-04 02:13:13.259   512  2967 D audio_hw_primary: disable_snd_device: snd_device(2: speaker)
08-04 02:13:13.270   512  2967 I soundtrigger: audio_extn_sound_trigger_update_device_status: device 0x2 of type 0 for Event 0
08-04 02:13:13.272 16244 16814 D OK      : request got status: 200
08-04 02:13:13.272   918   918 I ActivityManager: Start proc 16838:nappatfpr.com.newsblur/u0a658 for service nappatfpr.com.newsblur/.service.NBSyncService
08-04 02:13:13.273 16838 16838 I art     : Late-enabling -Xcheck:jni
08-04 02:13:13.277 18789 18789 I Finsky  : [1] xow.onStartJob(3): SCH: onJobSchedulerWakeup with jobId 9009
08-04 02:13:13.281 16244 16255 I art     : Starting a blocking GC Explicit
08-04 02:13:13.283 18789 18789 I Finsky  : [1] xjw.a(9): Scheduling fallback in 43199994 (absolute: 1696997152)
08-04 02:13:13.286 18789 18789 I Finsky  : [1] xjw.a(9): Scheduling fallback in 64799997 (absolute: 1718597158)
08-04 02:13:13.287 16244 16814 D OK      : calling: https://oauth.reddit.com/r/askscience/about.json
08-04 02:13:13.298 16244 16244 I RedReader: Checking for new messages.
08-04 02:13:13.300 16838 16838 W System  : ClassLoader referenced unknown path: /data/app/nappatfpr.com.newsblur-1/lib/arm64
08-04 02:13:13.311 16244 16255 I art     : Explicit concurrent mark sweep GC freed 41046(2MB) AllocSpace objects, 18(1712KB) LOS objects, 39% free, 24MB/40MB, paused 340us total 29.843ms
08-04 02:13:13.317 16244 16244 I RegularCachePruner: Pruning cache...
08-04 02:13:13.318 16244 16852 I RedditChangeDataManager: Pruning for all users...
08-04 02:13:13.318 16244 16852 I RedditChangeDataManager: Pruning complete.
08-04 02:13:13.321 16244 16852 I CacheManager: Pruning 0 files
08-04 02:13:13.324 16244 16255 I art     : Starting a blocking GC Explicit
08-04 02:13:13.347 16244 16255 I art     : Explicit concurrent mark sweep GC freed 1270(151KB) AllocSpace objects, 0(0B) LOS objects, 40% free, 23MB/39MB, paused 314us total 22.615ms
08-04 02:13:13.359 16244 16255 I art     : Starting a blocking GC Explicit
08-04 02:13:13.372 18789 18789 I Finsky  : [1] xkf.handleMessage(8): SCH: DeviceState: DeviceState{currentTime=1596499993368, isCharging=false, isIdle=false, netAny=true, netNotRoaming=true, netUnmetered=true, batteryPercent=100.0}
08-04 02:13:13.376 18789 16208 I Finsky  : [6390] xmu.a(8): SCH: Jobs in database: 1-1337 3-181 3-182 12-1 24-77777777 26-1414141414 
08-04 02:13:13.379 18789 18789 I Finsky  : [1] xkg.a(16): SCH: Running job: 12-1
08-04 02:13:13.379 18789 18789 I Finsky  : [1] ContentSyncJob.a(16): [ContentSync] job started
08-04 02:13:13.380 18789 18789 I Finsky  : [1] xkf.handleMessage(61): SCH: RunningQueue size: 1, PendingQueue size: 0
08-04 02:13:13.380 18789 18789 I Finsky  : [1] xkf.handleMessage(64): SCH: Running queue: 12-1 
08-04 02:13:13.380 16244 16255 I art     : Explicit concurrent mark sweep GC freed 76(5KB) AllocSpace objects, 0(0B) LOS objects, 40% free, 23MB/39MB, paused 236us total 21.499ms
08-04 02:13:13.392 16244 16255 I art     : Starting a blocking GC Explicit
08-04 02:13:13.414 16244 16255 I art     : Explicit concurrent mark sweep GC freed 9(400B) AllocSpace objects, 0(0B) LOS objects, 40% free, 23MB/39MB, paused 242us total 21.457ms
08-04 02:13:13.425 16244 16255 I art     : Starting a blocking GC Explicit
08-04 02:13:13.447 16244 16255 I art     : Explicit concurrent mark sweep GC freed 1823(71KB) AllocSpace objects, 0(0B) LOS objects, 40% free, 23MB/39MB, paused 268us total 21.696ms
08-04 02:13:13.448 18789 16232 I Finsky  : [6395] dzn.a(22): Completed 0 account content syncs with 0 successful.
08-04 02:13:13.449 18789 18789 I Finsky  : [1] ContentSyncJob.a(1): [ContentSync] Installation state replication succeeded.
08-04 02:13:13.450 18789 18789 I Finsky  : [1] xlr.a(13): SCH: jobFinished: 12-1. TimeElapsed: 71ms.
08-04 02:13:13.450 18789 18789 I Finsky  : [1] xkg.a(36): SCH: Job 12-1 finished. Not rescheduling.
08-04 02:13:13.451 18789 18789 I Finsky  : [1] xkf.handleMessage(61): SCH: RunningQueue size: 0, PendingQueue size: 0
08-04 02:13:13.451 18789 18789 I Finsky  : [1] xkf.handleMessage(25): Executor finished
08-04 02:13:13.458   918  6111 I ActivityManager: Killing 1609:com.google.android.webview:webview_service/u0a74 (adj 15): empty #17
08-04 02:13:13.474 18789 18789 I Finsky  : [1] xmu.a(8): SCH: Jobs in database: 1-1337 3-181 3-182 24-77777777 26-1414141414 
08-04 02:13:13.476 18789 18789 I Finsky  : [1] xio.a(57): SCH: ConstraintMapping: 24-77777777,  -> L: 0ms, D: 68207362ms, C: false, I: true, N: 0
08-04 02:13:13.477 18789 18789 I Finsky  : [1] xio.a(57): SCH: ConstraintMapping: 1-1337,  -> L: 10016594ms, D: 28359434ms, C: false, I: false, N: 1
08-04 02:13:13.477 18789 18789 I Finsky  : [1] xio.a(57): SCH: ConstraintMapping: 3-181,  -> L: 0ms, D: 59615738ms, C: false, I: true, N: 2
08-04 02:13:13.478 18789 18789 I Finsky  : [1] xio.a(57): SCH: ConstraintMapping: 3-182,  -> L: 0ms, D: 59615811ms, C: true, I: true, N: 2
08-04 02:13:13.478 18789 18789 I Finsky  : [1] xio.a(57): SCH: ConstraintMapping: 26-1414141414,  -> L: 32436988ms, D: 33336988ms, C: false, I: false, N: 0
08-04 02:13:13.495 18789 18789 I Finsky  : [1] xle.a(34): Cancelling existing jobscheduler jobs: 9000 9016 9010 9015 9017 9019 9018 9013 9014 
08-04 02:13:13.495 18789 18789 I Finsky  : [1] xle.a(10): Throttling wakeup for job 9001 (expected to run in 0 ms) due to recent wakeup
08-04 02:13:13.495 18789 18789 I Finsky  : [1] xle.a(27): Scheduling job Id: 9001, L: 30000, D: 68207362, C: false, I: true, N: 0
08-04 02:13:13.497 18789 18789 I Finsky  : [1] xle.a(27): Scheduling job Id: 9002, L: 10016594, D: 28359434, C: false, I: false, N: 1
08-04 02:13:13.499 18789 18789 I Finsky  : [1] xle.a(10): Throttling wakeup for job 9003 (expected to run in 0 ms) due to recent wakeup
08-04 02:13:13.500 18789 18789 I Finsky  : [1] xle.a(27): Scheduling job Id: 9003, L: 30000, D: 59615738, C: false, I: true, N: 2
08-04 02:13:13.501 18789 18789 I Finsky  : [1] xle.a(10): Throttling wakeup for job 9004 (expected to run in 0 ms) due to recent wakeup
08-04 02:13:13.501 18789 18789 I Finsky  : [1] xle.a(27): Scheduling job Id: 9004, L: 30000, D: 59615811, C: true, I: true, N: 2
08-04 02:13:13.502 18789 18789 I Finsky  : [1] xle.a(27): Scheduling job Id: 9005, L: 32436988, D: 33336988, C: false, I: false, N: 0
08-04 02:13:13.503 18789 18789 I Finsky  : [1] xle.a(10): Throttling wakeup for job 9006 (expected to run in 0 ms) due to recent wakeup
08-04 02:13:13.504 18789 18789 I Finsky  : [1] xle.a(27): Scheduling job Id: 9006, L: 30000, D: 68207362, C: false, I: true, N: 0
08-04 02:13:13.505 18789 18789 I Finsky  : [1] xle.a(27): Scheduling job Id: 9007, L: 10016594, D: 28359434, C: false, I: false, N: 1
08-04 02:13:13.506 18789 18789 I Finsky  : [1] xle.a(10): Throttling wakeup for job 9008 (expected to run in 0 ms) due to recent wakeup
08-04 02:13:13.506 18789 18789 I Finsky  : [1] xle.a(27): Scheduling job Id: 9008, L: 30000, D: 59615738, C: false, I: true, N: 2
08-04 02:13:13.507 18789 18789 I Finsky  : [1] xle.a(10): Throttling wakeup for job 9011 (expected to run in 0 ms) due to recent wakeup
08-04 02:13:13.508 18789 18789 I Finsky  : [1] xle.a(27): Scheduling job Id: 9011, L: 30000, D: 59615811, C: true, I: true, N: 2
08-04 02:13:13.509 18789 18789 I Finsky  : [1] xle.a(27): Scheduling job Id: 9012, L: 32436988, D: 33336988, C: false, I: false, N: 0
08-04 02:13:13.595 16244 16814 I NAPPA_EXPERIMENTATION: MetricNetworkRequestExecutionTime: REQUEST_DURATION_SYSTEM='306',REQUEST_DURATION_OKHTTP='141',REQUEST_SYNCHRONOUS='TRUE',RESPONSE_CODE='200',RESPONSE_METHOD='GET',RESPONSE_LENGTH_OKHTTP='-1',RESPONSE_LENGTH_HEADER='4700',REQUEST_PROTOCOL='h2',REQUEST_URL='https://oauth.reddit.com/r/askscience/about.json',
08-04 02:13:13.595 16244 16814 D OK      : request got status: 200
08-04 02:13:13.726 16244 16256 I art     : Starting a blocking GC Explicit
08-04 02:13:13.752 16244 16256 I art     : Explicit concurrent mark sweep GC freed 3494(340KB) AllocSpace objects, 4(176KB) LOS objects, 39% free, 24MB/40MB, paused 224us total 25.802ms
08-04 02:13:13.764 16244 16256 I art     : Starting a blocking GC Explicit
08-04 02:13:13.789 16244 16256 I art     : Explicit concurrent mark sweep GC freed 269(13KB) AllocSpace objects, 0(0B) LOS objects, 39% free, 24MB/40MB, paused 240us total 24.799ms
08-04 02:13:13.801 16244 16256 I art     : Starting a blocking GC Explicit
08-04 02:13:13.826 16244 16256 I art     : Explicit concurrent mark sweep GC freed 3(96B) AllocSpace objects, 0(0B) LOS objects, 39% free, 24MB/40MB, paused 241us total 24.457ms
08-04 02:13:13.838 16244 16256 I art     : Starting a blocking GC Explicit
08-04 02:13:13.859   918  3714 I ActivityManager: Killing 6289:com.google.android.talk/u0a53 (adj 15): empty #17
08-04 02:13:13.862 16244 16256 I art     : Explicit concurrent mark sweep GC freed 3(96B) AllocSpace objects, 0(0B) LOS objects, 39% free, 24MB/40MB, paused 263us total 23.817ms
08-04 02:13:13.874 16244 16256 I art     : Starting a blocking GC Explicit
08-04 02:13:13.898 16244 16256 I art     : Explicit concurrent mark sweep GC freed 3(96B) AllocSpace objects, 0(0B) LOS objects, 39% free, 24MB/40MB, paused 226us total 23.886ms
08-04 02:13:14.012 16244 16870 D OK      : calling: https://oauth.reddit.com/r/askscience/hot/.json
08-04 02:13:14.085   918  3261 D WifiStateMachine: starting scan for "H369AA63323"WPA_PSK with 2412,5180
08-04 02:13:14.183 16244 16256 I art     : Starting a blocking GC Explicit
08-04 02:13:14.188 16244 16870 I NAPPA_EXPERIMENTATION: MetricNetworkRequestExecutionTime: REQUEST_DURATION_SYSTEM='176',REQUEST_DURATION_OKHTTP='172',REQUEST_SYNCHRONOUS='TRUE',RESPONSE_CODE='200',RESPONSE_METHOD='GET',RESPONSE_LENGTH_OKHTTP='-1',RESPONSE_LENGTH_HEADER='21282',REQUEST_PROTOCOL='h2',REQUEST_URL='https://oauth.reddit.com/r/askscience/hot/.json',
08-04 02:13:14.188 16244 16870 D OK      : request got status: 200
08-04 02:13:14.202 16244 16860 I PostListingFragment: Precaching images: OFF
08-04 02:13:14.202 16244 16860 I PostListingFragment: Precaching comments: OFF
08-04 02:13:14.211 16244 16256 I art     : Explicit concurrent mark sweep GC freed 1975(187KB) AllocSpace objects, 1(20KB) LOS objects, 39% free, 24MB/40MB, paused 460us total 27.809ms
08-04 02:13:14.224 16244 16256 I art     : Starting a blocking GC Explicit
08-04 02:13:14.253 16244 16256 I art     : Explicit concurrent mark sweep GC freed 660(56KB) AllocSpace objects, 0(0B) LOS objects, 39% free, 24MB/40MB, paused 482us total 29.012ms
08-04 02:13:14.265 16244 16256 I art     : Starting a blocking GC Explicit
08-04 02:13:14.276   518   646 I ThermalEngine: ACTION: GPU - Setting GPU[0] to 450000000
08-04 02:13:14.300 16244 16256 I art     : Explicit concurrent mark sweep GC freed 2230(130KB) AllocSpace objects, 1(68KB) LOS objects, 39% free, 24MB/40MB, paused 514us total 34.195ms
08-04 02:13:14.317 16244 16256 I art     : Starting a blocking GC Explicit
08-04 02:13:14.355 16244 16256 I art     : Explicit concurrent mark sweep GC freed 3378(168KB) AllocSpace objects, 1(68KB) LOS objects, 39% free, 24MB/40MB, paused 510us total 38.079ms
08-04 02:13:14.372 16244 16256 I art     : Starting a blocking GC Explicit
08-04 02:13:14.410 16244 16256 I art     : Explicit concurrent mark sweep GC freed 2835(112KB) AllocSpace objects, 0(0B) LOS objects, 39% free, 24MB/40MB, paused 454us total 37.889ms
08-04 02:13:14.716 16244 16791 I art     : Starting a blocking GC Explicit
08-04 02:13:14.759 16244 16791 I art     : Explicit concurrent mark sweep GC freed 26733(1166KB) AllocSpace objects, 1(20KB) LOS objects, 39% free, 24MB/40MB, paused 687us total 42.630ms
08-04 02:13:14.775 16244 16791 I art     : Starting a blocking GC Explicit
08-04 02:13:14.813 16244 16791 I art     : Explicit concurrent mark sweep GC freed 2471(110KB) AllocSpace objects, 0(0B) LOS objects, 39% free, 24MB/40MB, paused 677us total 37.082ms
08-04 02:13:14.830 16244 16791 I art     : Starting a blocking GC Explicit
08-04 02:13:14.868 16244 16791 I art     : Explicit concurrent mark sweep GC freed 226(8KB) AllocSpace objects, 0(0B) LOS objects, 39% free, 24MB/40MB, paused 472us total 37.360ms
08-04 02:13:14.886 16244 16791 I art     : Starting a blocking GC Explicit
08-04 02:13:14.923 16244 16791 I art     : Explicit concurrent mark sweep GC freed 3(96B) AllocSpace objects, 0(0B) LOS objects, 39% free, 24MB/40MB, paused 321us total 37.545ms
08-04 02:13:14.941 16244 16791 I art     : Starting a blocking GC Explicit
08-04 02:13:14.978 16244 16791 I art     : Explicit concurrent mark sweep GC freed 46(1680B) AllocSpace objects, 0(0B) LOS objects, 39% free, 24MB/40MB, paused 369us total 37.586ms
08-04 02:13:15.270 16244 16256 I art     : Starting a blocking GC Explicit
08-04 02:13:15.278   518   646 I ThermalEngine: ACTION: GPU - Setting GPU[0] to 510000000
08-04 02:13:15.315 16244 16256 I art     : Explicit concurrent mark sweep GC freed 1647(93KB) AllocSpace objects, 1(20KB) LOS objects, 39% free, 24MB/40MB, paused 358us total 45.030ms
08-04 02:13:15.332 16244 16256 I art     : Starting a blocking GC Explicit
08-04 02:13:15.363 16244 16256 I art     : Explicit concurrent mark sweep GC freed 83(4KB) AllocSpace objects, 0(0B) LOS objects, 39% free, 24MB/40MB, paused 258us total 30.811ms
08-04 02:13:15.377 16244 16256 I art     : Starting a blocking GC Explicit
08-04 02:13:15.408 16244 16256 I art     : Explicit concurrent mark sweep GC freed 3(96B) AllocSpace objects, 0(0B) LOS objects, 39% free, 24MB/40MB, paused 254us total 30.547ms
08-04 02:13:15.422 16244 16256 I art     : Starting a blocking GC Explicit
08-04 02:13:15.451 16244 16256 I art     : Explicit concurrent mark sweep GC freed 3(96B) AllocSpace objects, 0(0B) LOS objects, 39% free, 24MB/40MB, paused 241us total 29.449ms
08-04 02:13:15.465 16244 16256 I art     : Starting a blocking GC Explicit
08-04 02:13:15.494 16244 16256 I art     : Explicit concurrent mark sweep GC freed 3(96B) AllocSpace objects, 0(0B) LOS objects, 39% free, 24MB/40MB, paused 247us total 29.390ms
08-04 02:13:15.817 16244 16757 I art     : Starting a blocking GC Explicit
08-04 02:13:15.856 16244 16757 I art     : Explicit concurrent mark sweep GC freed 1346(78KB) AllocSpace objects, 1(20KB) LOS objects, 39% free, 24MB/40MB, paused 282us total 38.356ms
08-04 02:13:15.873 16244 16757 I art     : Starting a blocking GC Explicit
08-04 02:13:15.903 16244 16757 I art     : Explicit concurrent mark sweep GC freed 20(704B) AllocSpace objects, 0(0B) LOS objects, 39% free, 24MB/40MB, paused 264us total 30.542ms
08-04 02:13:15.917 16244 16757 I art     : Starting a blocking GC Explicit
08-04 02:13:15.947 16244 16757 I art     : Explicit concurrent mark sweep GC freed 3(96B) AllocSpace objects, 0(0B) LOS objects, 39% free, 24MB/40MB, paused 312us total 29.689ms
08-04 02:13:15.960 16244 16757 I art     : Starting a blocking GC Explicit
08-04 02:13:15.990 16244 16757 I art     : Explicit concurrent mark sweep GC freed 3(96B) AllocSpace objects, 0(0B) LOS objects, 39% free, 24MB/40MB, paused 253us total 29.483ms
08-04 02:13:16.004 16244 16757 I art     : Starting a blocking GC Explicit
08-04 02:13:16.034 16244 16757 I art     : Explicit concurrent mark sweep GC freed 3(96B) AllocSpace objects, 0(0B) LOS objects, 39% free, 24MB/40MB, paused 260us total 30.285ms
08-04 02:13:16.343 16244 16255 I art     : Starting a blocking GC Explicit
08-04 02:13:16.381 16244 16255 I art     : Explicit concurrent mark sweep GC freed 1343(78KB) AllocSpace objects, 1(20KB) LOS objects, 39% free, 24MB/40MB, paused 256us total 37.563ms
08-04 02:13:16.397 16244 16255 I art     : Starting a blocking GC Explicit
08-04 02:13:16.427 16244 16255 I art     : Explicit concurrent mark sweep GC freed 20(704B) AllocSpace objects, 0(0B) LOS objects, 39% free, 24MB/40MB, paused 291us total 29.446ms
08-04 02:13:16.440 16244 16255 I art     : Starting a blocking GC Explicit
08-04 02:13:16.470 16244 16255 I art     : Explicit concurrent mark sweep GC freed 3(96B) AllocSpace objects, 0(0B) LOS objects, 39% free, 24MB/40MB, paused 250us total 29.241ms
08-04 02:13:16.470 16244 16254 I art     : WaitForGcToComplete blocked for 29.544ms for cause HeapTrim
08-04 02:13:16.483 16244 16255 I art     : Starting a blocking GC Explicit
08-04 02:13:16.513 16244 16255 I art     : Explicit concurrent mark sweep GC freed 3(96B) AllocSpace objects, 0(0B) LOS objects, 39% free, 24MB/40MB, paused 246us total 29.865ms
08-04 02:13:16.526 16244 16255 I art     : Starting a blocking GC Explicit
08-04 02:13:16.556 16244 16255 I art     : Explicit concurrent mark sweep GC freed 3(96B) AllocSpace objects, 0(0B) LOS objects, 39% free, 24MB/40MB, paused 253us total 29.698ms
08-04 02:13:16.861 16244 16266 I art     : Starting a blocking GC Explicit
08-04 02:13:16.900 16244 16266 I art     : Explicit concurrent mark sweep GC freed 1343(78KB) AllocSpace objects, 1(20KB) LOS objects, 39% free, 24MB/40MB, paused 271us total 38.012ms
08-04 02:13:16.917 16244 16266 I art     : Starting a blocking GC Explicit
08-04 02:13:16.947 16244 16266 I art     : Explicit concurrent mark sweep GC freed 20(704B) AllocSpace objects, 0(0B) LOS objects, 39% free, 24MB/40MB, paused 276us total 29.583ms
08-04 02:13:16.961 16244 16266 I art     : Starting a blocking GC Explicit
08-04 02:13:16.991 16244 16266 I art     : Explicit concurrent mark sweep GC freed 3(96B) AllocSpace objects, 0(0B) LOS objects, 39% free, 24MB/40MB, paused 257us total 30.259ms
08-04 02:13:17.005 16244 16266 I art     : Starting a blocking GC Explicit
08-04 02:13:17.035 16244 16266 I art     : Explicit concurrent mark sweep GC freed 3(96B) AllocSpace objects, 0(0B) LOS objects, 39% free, 24MB/40MB, paused 244us total 30.106ms
08-04 02:13:17.049 16244 16266 I art     : Starting a blocking GC Explicit
08-04 02:13:17.079 16244 16266 I art     : Explicit concurrent mark sweep GC freed 3(96B) AllocSpace objects, 0(0B) LOS objects, 39% free, 24MB/40MB, paused 293us total 30.431ms
08-04 02:13:17.410 16244 16791 I art     : Starting a blocking GC Explicit
08-04 02:13:17.450 16244 16791 I art     : Explicit concurrent mark sweep GC freed 1347(78KB) AllocSpace objects, 1(20KB) LOS objects, 39% free, 24MB/40MB, paused 263us total 39.675ms
08-04 02:13:17.468 16244 16791 I art     : Starting a blocking GC Explicit
08-04 02:13:17.498 16244 16791 I art     : Explicit concurrent mark sweep GC freed 20(704B) AllocSpace objects, 0(0B) LOS objects, 39% free, 24MB/40MB, paused 242us total 30.354ms
08-04 02:13:17.512 16244 16791 I art     : Starting a blocking GC Explicit
08-04 02:13:17.542 16244 16791 I art     : Explicit concurrent mark sweep GC freed 3(96B) AllocSpace objects, 0(0B) LOS objects, 39% free, 24MB/40MB, paused 244us total 30.002ms
08-04 02:13:17.556 16244 16791 I art     : Starting a blocking GC Explicit
08-04 02:13:17.586 16244 16791 I art     : Explicit concurrent mark sweep GC freed 3(96B) AllocSpace objects, 0(0B) LOS objects, 39% free, 24MB/40MB, paused 227us total 29.802ms
08-04 02:13:17.599 16244 16791 I art     : Starting a blocking GC Explicit
08-04 02:13:17.629 16244 16791 I art     : Explicit concurrent mark sweep GC freed 3(96B) AllocSpace objects, 0(0B) LOS objects, 39% free, 24MB/40MB, paused 247us total 29.817ms
08-04 02:13:17.944 16244 16256 I art     : Starting a blocking GC Explicit
08-04 02:13:17.975 16244 16256 I art     : Explicit concurrent mark sweep GC freed 1344(78KB) AllocSpace objects, 1(20KB) LOS objects, 39% free, 24MB/40MB, paused 257us total 30.125ms
08-04 02:13:17.989 16244 16256 I art     : Starting a blocking GC Explicit
08-04 02:13:18.017 16244 16256 I art     : Explicit concurrent mark sweep GC freed 20(704B) AllocSpace objects, 0(0B) LOS objects, 39% free, 24MB/40MB, paused 260us total 28.389ms
08-04 02:13:18.030 16244 16256 I art     : Starting a blocking GC Explicit
08-04 02:13:18.058 16244 16256 I art     : Explicit concurrent mark sweep GC freed 3(96B) AllocSpace objects, 0(0B) LOS objects, 39% free, 24MB/40MB, paused 252us total 28.057ms
08-04 02:13:18.071 16244 16256 I art     : Starting a blocking GC Explicit
08-04 02:13:18.100 16244 16256 I art     : Explicit concurrent mark sweep GC freed 3(96B) AllocSpace objects, 0(0B) LOS objects, 39% free, 24MB/40MB, paused 245us total 28.260ms
08-04 02:13:18.113 16244 16256 I art     : Starting a blocking GC Explicit
08-04 02:13:18.142 16244 16256 I art     : Explicit concurrent mark sweep GC freed 3(96B) AllocSpace objects, 0(0B) LOS objects, 39% free, 24MB/40MB, paused 244us total 28.733ms
08-04 02:13:18.337 16951 16951 D AndroidRuntime: >>>>>> START com.android.internal.os.RuntimeInit uid 2000 <<<<<<
08-04 02:13:18.341 16951 16951 D AndroidRuntime: CheckJNI is OFF
08-04 02:13:18.373 16951 16951 D ICU     : No timezone override file found: /data/misc/zoneinfo/current/icu/icu_tzdata.dat
08-04 02:13:18.405 16951 16951 I Radio-JNI: register_android_hardware_Radio DONE
08-04 02:13:18.427 16951 16951 D AndroidRuntime: Calling main entry com.android.commands.input.Input
08-04 02:13:18.429 16951 16951 I Input   : injectMotionEvent: MotionEvent { action=ACTION_DOWN, actionButton=0, id[0]=0, x[0]=600.0, y[0]=700.0, toolType[0]=TOOL_TYPE_UNKNOWN, buttonState=0, metaState=0, flags=0x0, edgeFlags=0x0, pointerCount=1, historySize=0, eventTime=670414842, downTime=670414842, deviceId=0, source=0x1002 }
08-04 02:13:18.436 16244 16757 I art     : Starting a blocking GC Explicit
08-04 02:13:18.436 16951 16951 I Input   : injectMotionEvent: MotionEvent { action=ACTION_UP, actionButton=0, id[0]=0, x[0]=600.0, y[0]=700.0, toolType[0]=TOOL_TYPE_UNKNOWN, buttonState=0, metaState=0, flags=0x0, edgeFlags=0x0, pointerCount=1, historySize=0, eventTime=670414842, downTime=670414842, deviceId=0, source=0x1002 }
08-04 02:13:18.440 16244 16244 I RRChoreographer: Using modern Choreographer
08-04 02:13:18.444 16951 16951 D AndroidRuntime: Shutting down VM
08-04 02:13:18.458   512  2967 D audio_hw_primary: out_set_parameters: enter: usecase(1: low-latency-playback) kvpairs: routing=2
08-04 02:13:18.461   918   929 I ActivityManager: START u0 {dat=https://oauth.reddit.com/... cmp=baseline.org.quantumbadger.redreader/.activities.CommentListingActivity} from uid 10666 on display 0
08-04 02:13:18.471 16244 16757 I art     : Explicit concurrent mark sweep GC freed 1574(94KB) AllocSpace objects, 1(20KB) LOS objects, 39% free, 24MB/40MB, paused 561us total 34.405ms
08-04 02:13:18.471   512  2967 D audio_hw_primary: select_devices: out_snd_device(2: speaker) in_snd_device(0: none)
08-04 02:13:18.471   512  2967 D msm8974_platform: platform_send_audio_calibration: sending audio calibration for snd_device(2) acdb_id(15)
08-04 02:13:18.472   512  2967 I soundtrigger: audio_extn_sound_trigger_update_device_status: device 0x2 of type 0 for Event 1
08-04 02:13:18.483   512  2967 D audio_hw_primary: enable_snd_device: snd_device(2: speaker)
08-04 02:13:18.486   512  2967 D audio_hw_primary: enable_audio_route: apply and update mixer path: low-latency-playback speaker
08-04 02:13:18.487 16244 16757 I art     : Starting a blocking GC Explicit
08-04 02:13:18.489 16244 16244 I AppCompatViewInflater: app:theme is now deprecated. Please move to using android:theme instead.
08-04 02:13:18.507 16244 16977 D OK      : calling: https://oauth.reddit.com/comments/gvc7k9/.json?sort=confidence
08-04 02:13:18.516 16244 16757 I art     : Explicit concurrent mark sweep GC freed 1994(133KB) AllocSpace objects, 0(0B) LOS objects, 39% free, 24MB/40MB, paused 518us total 28.323ms
08-04 02:13:18.532 16244 16757 I art     : Starting a blocking GC Explicit
08-04 02:13:18.559 16244 16757 I art     : Explicit concurrent mark sweep GC freed 860(52KB) AllocSpace objects, 0(0B) LOS objects, 39% free, 24MB/40MB, paused 433us total 26.348ms
08-04 02:13:18.574 16244 16757 I art     : Starting a blocking GC Explicit
08-04 02:13:18.576   918   936 I ActivityManager: Displayed baseline.org.quantumbadger.redreader/.activities.CommentListingActivity: +105ms
08-04 02:13:18.576 13866 13866 I GoogleInputMethodServic: GoogleInputMethodService.onFinishInput():3138 
08-04 02:13:18.577 13866 13866 I GoogleInputMethodServic: GoogleInputMethodService.onStartInput():1808 
08-04 02:13:18.602 16244 16757 I art     : Explicit concurrent mark sweep GC freed 212(11KB) AllocSpace objects, 0(0B) LOS objects, 39% free, 24MB/40MB, paused 309us total 28.304ms
08-04 02:13:18.618 16244 16757 I art     : Starting a blocking GC Explicit
08-04 02:13:18.644 16244 16757 I art     : Explicit concurrent mark sweep GC freed 27(1296B) AllocSpace objects, 0(0B) LOS objects, 39% free, 24MB/40MB, paused 298us total 26.107ms
08-04 02:13:18.685 16244 16977 I NAPPA_EXPERIMENTATION: MetricNetworkRequestExecutionTime: REQUEST_DURATION_SYSTEM='178',REQUEST_DURATION_OKHTTP='175',REQUEST_SYNCHRONOUS='TRUE',RESPONSE_CODE='200',RESPONSE_METHOD='GET',RESPONSE_LENGTH_OKHTTP='-1',RESPONSE_LENGTH_HEADER='90132',REQUEST_PROTOCOL='h2',REQUEST_URL='https://oauth.reddit.com/comments/gvc7k9/.json?sort=confidence',
08-04 02:13:18.685 16244 16977 D OK      : request got status: 200
08-04 02:13:18.695 16244 16860 I CommentListingActivity: COMMENTS session changed to 9a074e59-8c57-40a2-9f76-f6b6de75411b
08-04 02:13:18.838   380   380 W SurfaceFlinger: couldn't log to binary event log: overflow.
08-04 02:13:18.895 16244 16791 I art     : Starting a blocking GC Explicit
08-04 02:13:18.936 16244 16791 I art     : Explicit concurrent mark sweep GC freed 34011(2MB) AllocSpace objects, 4(72KB) LOS objects, 36% free, 28MB/44MB, paused 520us total 41.140ms
08-04 02:13:18.950 16244 16791 I art     : Starting a blocking GC Explicit
08-04 02:13:18.993 16244 16791 I art     : Explicit concurrent mark sweep GC freed 9529(623KB) AllocSpace objects, 0(0B) LOS objects, 35% free, 28MB/44MB, paused 697us total 42.786ms
08-04 02:13:19.008 16244 16791 I art     : Starting a blocking GC Explicit
08-04 02:13:19.028   512  2967 D audio_hw_primary: disable_audio_route: reset and update mixer path: low-latency-playback speaker
08-04 02:13:19.029   512  2967 D audio_hw_primary: disable_snd_device: snd_device(2: speaker)
08-04 02:13:19.037   512  2967 I soundtrigger: audio_extn_sound_trigger_update_device_status: device 0x2 of type 0 for Event 0
08-04 02:13:19.049 16244 16791 I art     : Explicit concurrent mark sweep GC freed 460(78KB) AllocSpace objects, 1(68KB) LOS objects, 35% free, 28MB/44MB, paused 327us total 41.500ms
08-04 02:13:19.064 16244 16791 I art     : Starting a blocking GC Explicit
08-04 02:13:19.105 16244 16791 I art     : Explicit concurrent mark sweep GC freed 19302(866KB) AllocSpace objects, 1(68KB) LOS objects, 36% free, 27MB/43MB, paused 245us total 40.571ms
08-04 02:13:19.120 16244 16791 I art     : Starting a blocking GC Explicit
08-04 02:13:19.159 16244 16791 I art     : Explicit concurrent mark sweep GC freed 14(624B) AllocSpace objects, 0(0B) LOS objects, 36% free, 27MB/43MB, paused 219us total 38.672ms
08-04 02:13:19.447 16244 16791 I art     : Starting a blocking GC Explicit
08-04 02:13:19.494 16244 16791 I art     : Explicit concurrent mark sweep GC freed 1343(78KB) AllocSpace objects, 1(20KB) LOS objects, 36% free, 27MB/43MB, paused 225us total 46.654ms
08-04 02:13:19.510 16244 16791 I art     : Starting a blocking GC Explicit
08-04 02:13:19.553 16244 16791 I art     : Explicit concurrent mark sweep GC freed 20(704B) AllocSpace objects, 0(0B) LOS objects, 36% free, 27MB/43MB, paused 250us total 42.877ms
08-04 02:13:19.569 16244 16791 I art     : Starting a blocking GC Explicit
08-04 02:13:19.610 16244 16791 I art     : Explicit concurrent mark sweep GC freed 3(96B) AllocSpace objects, 0(0B) LOS objects, 36% free, 27MB/43MB, paused 228us total 40.987ms
08-04 02:13:19.625 16244 16791 I art     : Starting a blocking GC Explicit
08-04 02:13:19.668 16244 16791 I art     : Explicit concurrent mark sweep GC freed 49(1920B) AllocSpace objects, 0(0B) LOS objects, 36% free, 27MB/43MB, paused 254us total 43.351ms
08-04 02:13:19.684 16244 16791 I art     : Starting a blocking GC Explicit
08-04 02:13:19.728 16244 16791 I art     : Explicit concurrent mark sweep GC freed 3(96B) AllocSpace objects, 0(0B) LOS objects, 36% free, 27MB/43MB, paused 255us total 44.370ms
08-04 02:13:20.014 16244 16256 I art     : Starting a blocking GC Explicit
08-04 02:13:20.070 16244 16256 I art     : Explicit concurrent mark sweep GC freed 1343(78KB) AllocSpace objects, 1(20KB) LOS objects, 36% free, 27MB/43MB, paused 281us total 55.834ms
08-04 02:13:20.090 16244 16256 I art     : Starting a blocking GC Explicit
08-04 02:13:20.134 16244 16256 I art     : Explicit concurrent mark sweep GC freed 20(704B) AllocSpace objects, 0(0B) LOS objects, 36% free, 27MB/43MB, paused 253us total 44.057ms
08-04 02:13:20.150 16244 16256 I art     : Starting a blocking GC Explicit
08-04 02:13:20.193 16244 16256 I art     : Explicit concurrent mark sweep GC freed 3(96B) AllocSpace objects, 0(0B) LOS objects, 36% free, 27MB/43MB, paused 242us total 43.629ms
08-04 02:13:20.209 16244 16256 I art     : Starting a blocking GC Explicit
08-04 02:13:20.254 16244 16256 I art     : Explicit concurrent mark sweep GC freed 3(96B) AllocSpace objects, 0(0B) LOS objects, 36% free, 27MB/43MB, paused 242us total 44.622ms
08-04 02:13:20.269 16244 16256 I art     : Starting a blocking GC Explicit
08-04 02:13:20.314 16244 16256 I art     : Explicit concurrent mark sweep GC freed 3(96B) AllocSpace objects, 0(0B) LOS objects, 36% free, 27MB/43MB, paused 262us total 44.485ms
08-04 02:13:20.625 16244 16757 I art     : Starting a blocking GC Explicit
08-04 02:13:20.682 16244 16757 I art     : Explicit concurrent mark sweep GC freed 1343(78KB) AllocSpace objects, 1(20KB) LOS objects, 36% free, 27MB/43MB, paused 281us total 56.049ms
08-04 02:13:20.700 16244 16757 I art     : Starting a blocking GC Explicit
08-04 02:13:20.745 16244 16757 I art     : Explicit concurrent mark sweep GC freed 20(704B) AllocSpace objects, 0(0B) LOS objects, 36% free, 27MB/43MB, paused 262us total 44.669ms
08-04 02:13:20.761 16244 16757 I art     : Starting a blocking GC Explicit
08-04 02:13:20.804 16244 16757 I art     : Explicit concurrent mark sweep GC freed 3(96B) AllocSpace objects, 0(0B) LOS objects, 36% free, 27MB/43MB, paused 252us total 43.444ms
08-04 02:13:20.820 16244 16757 I art     : Starting a blocking GC Explicit
08-04 02:13:20.863 16244 16757 I art     : Explicit concurrent mark sweep GC freed 3(96B) AllocSpace objects, 0(0B) LOS objects, 36% free, 27MB/43MB, paused 250us total 43.239ms
08-04 02:13:20.879 16244 16757 I art     : Starting a blocking GC Explicit
08-04 02:13:20.923 16244 16757 I art     : Explicit concurrent mark sweep GC freed 3(96B) AllocSpace objects, 0(0B) LOS objects, 36% free, 27MB/43MB, paused 260us total 44.207ms
08-04 02:13:21.233 16244 16255 I art     : Starting a blocking GC Explicit
08-04 02:13:21.281 16244 16255 I art     : Explicit concurrent mark sweep GC freed 1343(78KB) AllocSpace objects, 1(20KB) LOS objects, 36% free, 27MB/43MB, paused 259us total 47.558ms
08-04 02:13:21.296 16244 16255 I art     : Starting a blocking GC Explicit
08-04 02:13:21.341 16244 16255 I art     : Explicit concurrent mark sweep GC freed 20(704B) AllocSpace objects, 0(0B) LOS objects, 36% free, 27MB/43MB, paused 258us total 44.371ms
08-04 02:13:21.356 16244 16255 I art     : Starting a blocking GC Explicit
08-04 02:13:21.400 16244 16255 I art     : Explicit concurrent mark sweep GC freed 3(96B) AllocSpace objects, 0(0B) LOS objects, 36% free, 27MB/43MB, paused 239us total 43.092ms
08-04 02:13:21.415 16244 16255 I art     : Starting a blocking GC Explicit
08-04 02:13:21.460 16244 16255 I art     : Explicit concurrent mark sweep GC freed 3(96B) AllocSpace objects, 0(0B) LOS objects, 36% free, 27MB/43MB, paused 256us total 44.985ms
08-04 02:13:21.475 16244 16255 I art     : Starting a blocking GC Explicit
08-04 02:13:21.519 16244 16255 I art     : Explicit concurrent mark sweep GC freed 3(96B) AllocSpace objects, 0(0B) LOS objects, 36% free, 27MB/43MB, paused 252us total 43.859ms
08-04 02:13:21.520 16244 16254 I art     : WaitForGcToComplete blocked for 6.408ms for cause HeapTrim
08-04 02:13:21.811 16244 16266 I art     : Starting a blocking GC Explicit
08-04 02:13:21.864 16244 16266 I art     : Explicit concurrent mark sweep GC freed 1344(79KB) AllocSpace objects, 1(20KB) LOS objects, 36% free, 27MB/43MB, paused 278us total 51.967ms
08-04 02:13:21.880 16244 16266 I art     : Starting a blocking GC Explicit
08-04 02:13:21.924 16244 16266 I art     : Explicit concurrent mark sweep GC freed 20(704B) AllocSpace objects, 0(0B) LOS objects, 36% free, 27MB/43MB, paused 256us total 43.908ms
08-04 02:13:21.940 16244 16266 I art     : Starting a blocking GC Explicit
08-04 02:13:21.984 16244 16266 I art     : Explicit concurrent mark sweep GC freed 3(96B) AllocSpace objects, 0(0B) LOS objects, 36% free, 27MB/43MB, paused 268us total 44.230ms
08-04 02:13:22.000 16244 16266 I art     : Starting a blocking GC Explicit
08-04 02:13:22.045 16244 16266 I art     : Explicit concurrent mark sweep GC freed 3(96B) AllocSpace objects, 0(0B) LOS objects, 36% free, 27MB/43MB, paused 255us total 44.605ms
08-04 02:13:22.060 16244 16266 I art     : Starting a blocking GC Explicit
08-04 02:13:22.105 16244 16266 I art     : Explicit concurrent mark sweep GC freed 3(96B) AllocSpace objects, 0(0B) LOS objects, 36% free, 27MB/43MB, paused 238us total 44.070ms
08-04 02:13:22.426 16244 16791 I art     : Starting a blocking GC Explicit
08-04 02:13:22.482 16244 16791 I art     : Explicit concurrent mark sweep GC freed 1347(79KB) AllocSpace objects, 1(20KB) LOS objects, 36% free, 27MB/43MB, paused 259us total 55.208ms
08-04 02:13:22.500 16244 16791 I art     : Starting a blocking GC Explicit
08-04 02:13:22.544 16244 16791 I art     : Explicit concurrent mark sweep GC freed 20(704B) AllocSpace objects, 0(0B) LOS objects, 36% free, 27MB/43MB, paused 250us total 44.519ms
08-04 02:13:22.560 16244 16791 I art     : Starting a blocking GC Explicit
08-04 02:13:22.605 16244 16791 I art     : Explicit concurrent mark sweep GC freed 3(96B) AllocSpace objects, 0(0B) LOS objects, 36% free, 27MB/43MB, paused 241us total 44.268ms
08-04 02:13:22.620 16244 16791 I art     : Starting a blocking GC Explicit
08-04 02:13:22.664 16244 16791 I art     : Explicit concurrent mark sweep GC freed 3(96B) AllocSpace objects, 0(0B) LOS objects, 36% free, 27MB/43MB, paused 253us total 43.366ms
08-04 02:13:22.679 16244 16791 I art     : Starting a blocking GC Explicit
08-04 02:13:22.722 16244 16791 I art     : Explicit concurrent mark sweep GC freed 3(96B) AllocSpace objects, 0(0B) LOS objects, 36% free, 27MB/43MB, paused 245us total 42.374ms
08-04 02:13:22.983 16244 16256 I art     : Starting a blocking GC Explicit
08-04 02:13:23.028 16244 16256 I art     : Explicit concurrent mark sweep GC freed 1344(78KB) AllocSpace objects, 1(20KB) LOS objects, 36% free, 27MB/43MB, paused 280us total 44.278ms
08-04 02:13:23.043 16244 16256 I art     : Starting a blocking GC Explicit
08-04 02:13:23.085 16244 16256 I art     : Explicit concurrent mark sweep GC freed 20(704B) AllocSpace objects, 0(0B) LOS objects, 36% free, 27MB/43MB, paused 246us total 41.303ms
08-04 02:13:23.100 16244 16256 I art     : Starting a blocking GC Explicit
08-04 02:13:23.119 17048 17048 D AndroidRuntime: >>>>>> START com.android.internal.os.RuntimeInit uid 2000 <<<<<<
08-04 02:13:23.123 17048 17048 D AndroidRuntime: CheckJNI is OFF
08-04 02:13:23.143 16244 16256 I art     : Explicit concurrent mark sweep GC freed 3(96B) AllocSpace objects, 0(0B) LOS objects, 36% free, 27MB/43MB, paused 263us total 42.828ms
08-04 02:13:23.158 16244 16256 I art     : Starting a blocking GC Explicit
08-04 02:13:23.162 17048 17048 D ICU     : No timezone override file found: /data/misc/zoneinfo/current/icu/icu_tzdata.dat
08-04 02:13:23.196 17048 17048 I Radio-JNI: register_android_hardware_Radio DONE
08-04 02:13:23.200 16244 16256 I art     : Explicit concurrent mark sweep GC freed 3(96B) AllocSpace objects, 0(0B) LOS objects, 36% free, 27MB/43MB, paused 259us total 41.928ms
08-04 02:13:23.215 16244 16256 I art     : Starting a blocking GC Explicit
08-04 02:13:23.219 17048 17048 D AndroidRuntime: Calling main entry com.android.commands.input.Input
08-04 02:13:23.220 17048 17048 I Input   : injectKeyEvent: KeyEvent { action=ACTION_DOWN, keyCode=KEYCODE_BACK, scanCode=0, metaState=0, flags=0x0, repeatCount=0, eventTime=670419633, downTime=670419633, deviceId=-1, source=0x101 }
08-04 02:13:23.227 17048 17048 I Input   : injectKeyEvent: KeyEvent { action=ACTION_UP, keyCode=KEYCODE_BACK, scanCode=0, metaState=0, flags=0x0, repeatCount=0, eventTime=670419633, downTime=670419633, deviceId=-1, source=0x101 }
08-04 02:13:23.233 17048 17048 D AndroidRuntime: Shutting down VM
08-04 02:13:23.253 16244 16256 I art     : Explicit concurrent mark sweep GC freed 120(4KB) AllocSpace objects, 0(0B) LOS objects, 36% free, 27MB/43MB, paused 259us total 38.100ms
08-04 02:13:23.269 13866 13866 I GoogleInputMethodServic: GoogleInputMethodService.onFinishInput():3138 
08-04 02:13:23.270 13866 13866 I GoogleInputMethodServic: GoogleInputMethodService.onStartInput():1808 
08-04 02:13:23.292   518   646 I ThermalEngine: ACTION: GPU - Setting GPU[0] to 600000000
08-04 02:13:23.471 16244 16976 I RedditChangeDataIO: Writing tmp data file at '/data/user/0/baseline.org.quantumbadger.redreader/files/rr_change_data_tmp.dat'
08-04 02:13:23.472 16244 16976 I RedditChangeDataManager: Taking snapshot...
08-04 02:13:23.472 16244 16976 I RedditChangeDataManager: Writing to stream...
08-04 02:13:23.473 16244 16976 I RedditChangeDataManager: Wrote 1 entries for user ''
08-04 02:13:23.473 16244 16976 I RedditChangeDataManager: All entries written to stream.
08-04 02:13:23.473 16244 16976 I RedditChangeDataIO: Write successful. Atomically replacing data file...
08-04 02:13:23.473 16244 16976 I RedditChangeDataIO: Write complete.
08-04 02:13:23.473 16244 16976 I RedditChangeDataIO: 38 bytes written in 2 ms
08-04 02:13:23.514 16244 16256 I art     : Starting a blocking GC Explicit
08-04 02:13:23.562 16244 16256 I art     : Explicit concurrent mark sweep GC freed 1547(88KB) AllocSpace objects, 2(88KB) LOS objects, 36% free, 27MB/43MB, paused 183us total 47.826ms
08-04 02:13:23.579 16244 16256 I art     : Starting a blocking GC Explicit
08-04 02:13:23.593   380   380 W SurfaceFlinger: couldn't log to binary event log: overflow.
08-04 02:13:23.615 16244 16256 I art     : Explicit concurrent mark sweep GC freed 85(3KB) AllocSpace objects, 0(0B) LOS objects, 36% free, 27MB/43MB, paused 188us total 36.021ms
08-04 02:13:23.627 16244 16256 I art     : Starting a blocking GC Explicit
08-04 02:13:23.660 16244 16256 I art     : Explicit concurrent mark sweep GC freed 11(448B) AllocSpace objects, 0(0B) LOS objects, 36% free, 27MB/43MB, paused 189us total 32.981ms
08-04 02:13:23.671 16244 16256 I art     : Starting a blocking GC Explicit
08-04 02:13:23.697 16244 16256 I art     : Explicit concurrent mark sweep GC freed 46757(2MB) AllocSpace objects, 5(140KB) LOS objects, 39% free, 24MB/40MB, paused 180us total 25.758ms
08-04 02:13:23.708 16244 16256 I art     : Starting a blocking GC Explicit
08-04 02:13:23.733 16244 16256 I art     : Explicit concurrent mark sweep GC freed 3(96B) AllocSpace objects, 0(0B) LOS objects, 39% free, 24MB/40MB, paused 195us total 24.291ms
08-04 02:13:24.012 16244 16255 I art     : Starting a blocking GC Explicit
08-04 02:13:24.048 16244 16255 I art     : Explicit concurrent mark sweep GC freed 1614(122KB) AllocSpace objects, 1(20KB) LOS objects, 39% free, 24MB/40MB, paused 326us total 35.609ms
08-04 02:13:24.061 16244 16255 I art     : Starting a blocking GC Explicit
08-04 02:13:24.087 16244 16255 I art     : Explicit concurrent mark sweep GC freed 85(2880B) AllocSpace objects, 0(0B) LOS objects, 39% free, 24MB/40MB, paused 190us total 25.528ms
08-04 02:13:24.098 16244 16255 I art     : Starting a blocking GC Explicit
08-04 02:13:24.123 16244 16255 I art     : Explicit concurrent mark sweep GC freed 3(96B) AllocSpace objects, 0(0B) LOS objects, 39% free, 24MB/40MB, paused 166us total 24.717ms
08-04 02:13:24.133 16244 16255 I art     : Starting a blocking GC Explicit
08-04 02:13:24.158 16244 16255 I art     : Explicit concurrent mark sweep GC freed 3(96B) AllocSpace objects, 0(0B) LOS objects, 39% free, 24MB/40MB, paused 174us total 24.290ms
08-04 02:13:24.168 16244 16255 I art     : Starting a blocking GC Explicit
08-04 02:13:24.192 16244 16255 I art     : Explicit concurrent mark sweep GC freed 3(96B) AllocSpace objects, 0(0B) LOS objects, 39% free, 24MB/40MB, paused 169us total 24.157ms
08-04 02:13:24.473 16244 16266 I art     : Starting a blocking GC Explicit
08-04 02:13:24.503 16244 16266 I art     : Explicit concurrent mark sweep GC freed 1343(78KB) AllocSpace objects, 1(20KB) LOS objects, 39% free, 24MB/40MB, paused 183us total 30.082ms
08-04 02:13:24.514 16244 16266 I art     : Starting a blocking GC Explicit
08-04 02:13:24.536 16244 16266 I art     : Explicit concurrent mark sweep GC freed 20(704B) AllocSpace objects, 0(0B) LOS objects, 39% free, 24MB/40MB, paused 155us total 22.509ms
08-04 02:13:24.546 16244 16266 I art     : Starting a blocking GC Explicit
08-04 02:13:24.567 16244 16266 I art     : Explicit concurrent mark sweep GC freed 3(96B) AllocSpace objects, 0(0B) LOS objects, 39% free, 24MB/40MB, paused 161us total 21.612ms
08-04 02:13:24.577 16244 16266 I art     : Starting a blocking GC Explicit
08-04 02:13:24.600 16244 16266 I art     : Explicit concurrent mark sweep GC freed 3(96B) AllocSpace objects, 0(0B) LOS objects, 39% free, 24MB/40MB, paused 157us total 22.679ms
08-04 02:13:24.610 16244 16266 I art     : Starting a blocking GC Explicit
08-04 02:13:24.633 16244 16266 I art     : Explicit concurrent mark sweep GC freed 3(96B) AllocSpace objects, 0(0B) LOS objects, 39% free, 24MB/40MB, paused 160us total 22.707ms
08-04 02:13:24.791 17102 17102 D AndroidRuntime: >>>>>> START com.android.internal.os.RuntimeInit uid 2000 <<<<<<
08-04 02:13:24.797 17102 17102 D AndroidRuntime: CheckJNI is OFF
08-04 02:13:24.823 17102 17102 D ICU     : No timezone override file found: /data/misc/zoneinfo/current/icu/icu_tzdata.dat
08-04 02:13:24.848 17102 17102 I Radio-JNI: register_android_hardware_Radio DONE
08-04 02:13:24.864 17102 17102 D AndroidRuntime: Calling main entry com.android.commands.input.Input
08-04 02:13:24.865 17102 17102 I Input   : injectMotionEvent: MotionEvent { action=ACTION_DOWN, actionButton=0, id[0]=0, x[0]=600.0, y[0]=950.0, toolType[0]=TOOL_TYPE_UNKNOWN, buttonState=0, metaState=0, flags=0x0, edgeFlags=0x0, pointerCount=1, historySize=0, eventTime=670421278, downTime=670421278, deviceId=0, source=0x1002 }
08-04 02:13:24.870 17102 17102 I Input   : injectMotionEvent: MotionEvent { action=ACTION_UP, actionButton=0, id[0]=0, x[0]=600.0, y[0]=950.0, toolType[0]=TOOL_TYPE_UNKNOWN, buttonState=0, metaState=0, flags=0x0, edgeFlags=0x0, pointerCount=1, historySize=0, eventTime=670421278, downTime=670421278, deviceId=0, source=0x1002 }
08-04 02:13:24.872 17102 17102 D AndroidRuntime: Shutting down VM
08-04 02:13:24.882   512  2967 D audio_hw_primary: out_set_parameters: enter: usecase(1: low-latency-playback) kvpairs: routing=2
08-04 02:13:24.884   918  3714 I ActivityManager: START u0 {dat=https://oauth.reddit.com/... cmp=baseline.org.quantumbadger.redreader/.activities.CommentListingActivity} from uid 10666 on display 0
08-04 02:13:24.896   512  2967 D audio_hw_primary: select_devices: out_snd_device(2: speaker) in_snd_device(0: none)
08-04 02:13:24.896   512  2967 D msm8974_platform: platform_send_audio_calibration: sending audio calibration for snd_device(2) acdb_id(15)
08-04 02:13:24.896   512  2967 I soundtrigger: audio_extn_sound_trigger_update_device_status: device 0x2 of type 0 for Event 1
08-04 02:13:24.901 16244 16266 I art     : Starting a blocking GC Explicit
08-04 02:13:24.903 16244 16244 I AppCompatViewInflater: app:theme is now deprecated. Please move to using android:theme instead.
08-04 02:13:24.907   512  2967 D audio_hw_primary: enable_snd_device: snd_device(2: speaker)
08-04 02:13:24.909   512  2967 D audio_hw_primary: enable_audio_route: apply and update mixer path: low-latency-playback speaker
08-04 02:13:24.918 16244 17127 D OK      : calling: https://oauth.reddit.com/comments/hwnhe2/.json?sort=confidence
08-04 02:13:24.926 16244 16266 I art     : Explicit concurrent mark sweep GC freed 3396(191KB) AllocSpace objects, 1(20KB) LOS objects, 39% free, 25MB/41MB, paused 485us total 25.250ms
08-04 02:13:24.936 16244 16266 I art     : Starting a blocking GC Explicit
08-04 02:13:24.958 16244 16266 I art     : Explicit concurrent mark sweep GC freed 295(13KB) AllocSpace objects, 0(0B) LOS objects, 39% free, 24MB/40MB, paused 209us total 21.693ms
08-04 02:13:24.968 16244 16266 I art     : Starting a blocking GC Explicit
08-04 02:13:24.986   918   936 I ActivityManager: Displayed baseline.org.quantumbadger.redreader/.activities.CommentListingActivity: +95ms
08-04 02:13:24.987 13866 13866 I GoogleInputMethodServic: GoogleInputMethodService.onFinishInput():3138 
08-04 02:13:24.987 13866 13866 I GoogleInputMethodServic: GoogleInputMethodService.onStartInput():1808 
08-04 02:13:24.992 16244 16266 I art     : Explicit concurrent mark sweep GC freed 676(24KB) AllocSpace objects, 0(0B) LOS objects, 38% free, 25MB/41MB, paused 289us total 24.282ms
08-04 02:13:25.003 16244 16266 I art     : Starting a blocking GC Explicit
08-04 02:13:25.027 16244 16266 I art     : Explicit concurrent mark sweep GC freed 173(9KB) AllocSpace objects, 0(0B) LOS objects, 38% free, 25MB/41MB, paused 200us total 24.048ms
08-04 02:13:25.038 16244 16266 I art     : Starting a blocking GC Explicit
08-04 02:13:25.059 16244 16266 I art     : Explicit concurrent mark sweep GC freed 55(4KB) AllocSpace objects, 0(0B) LOS objects, 38% free, 25MB/41MB, paused 187us total 21.240ms
08-04 02:13:25.253   380   380 W SurfaceFlinger: couldn't log to binary event log: overflow.
08-04 02:13:25.271 16244 17127 I NAPPA_EXPERIMENTATION: MetricNetworkRequestExecutionTime: REQUEST_DURATION_SYSTEM='353',REQUEST_DURATION_OKHTTP='143',REQUEST_SYNCHRONOUS='TRUE',RESPONSE_CODE='200',RESPONSE_METHOD='GET',RESPONSE_LENGTH_OKHTTP='-1',RESPONSE_LENGTH_HEADER='3930',REQUEST_PROTOCOL='h2',REQUEST_URL='https://oauth.reddit.com/comments/hwnhe2/.json?sort=confidence',
08-04 02:13:25.271 16244 17127 D OK      : request got status: 200
08-04 02:13:25.279 16244 16860 I CommentListingActivity: COMMENTS session changed to 390b7784-21b5-4b5b-a0a9-2d2b46b4eb57
08-04 02:13:25.314 16244 16255 I art     : Starting a blocking GC Explicit
08-04 02:13:25.339 16244 16255 I art     : Explicit concurrent mark sweep GC freed 7663(541KB) AllocSpace objects, 5(188KB) LOS objects, 38% free, 25MB/41MB, paused 434us total 25.039ms
08-04 02:13:25.350 16244 16255 I art     : Starting a blocking GC Explicit
08-04 02:13:25.373 16244 16255 I art     : Explicit concurrent mark sweep GC freed 460(17KB) AllocSpace objects, 0(0B) LOS objects, 38% free, 25MB/41MB, paused 192us total 22.855ms
08-04 02:13:25.383 16244 16255 I art     : Starting a blocking GC Explicit
08-04 02:13:25.404 16244 16255 I art     : Explicit concurrent mark sweep GC freed 14(464B) AllocSpace objects, 0(0B) LOS objects, 38% free, 25MB/41MB, paused 184us total 21.299ms
08-04 02:13:25.414 16244 16255 I art     : Starting a blocking GC Explicit
08-04 02:13:25.435 16244 16255 I art     : Explicit concurrent mark sweep GC freed 4(128B) AllocSpace objects, 0(0B) LOS objects, 38% free, 25MB/41MB, paused 159us total 20.598ms
08-04 02:13:25.444 16244 16255 I art     : Starting a blocking GC Explicit
08-04 02:13:25.458   512  2967 D audio_hw_primary: disable_audio_route: reset and update mixer path: low-latency-playback speaker
08-04 02:13:25.459   512  2967 D audio_hw_primary: disable_snd_device: snd_device(2: speaker)
08-04 02:13:25.465 16244 16255 I art     : Explicit concurrent mark sweep GC freed 3(96B) AllocSpace objects, 0(0B) LOS objects, 38% free, 25MB/41MB, paused 160us total 20.606ms
08-04 02:13:25.468   512  2967 I soundtrigger: audio_extn_sound_trigger_update_device_status: device 0x2 of type 0 for Event 0
08-04 02:13:25.726 16244 16757 I art     : Starting a blocking GC Explicit
08-04 02:13:25.750 16244 16757 I art     : Explicit concurrent mark sweep GC freed 1343(79KB) AllocSpace objects, 1(20KB) LOS objects, 38% free, 25MB/41MB, paused 176us total 24.503ms
08-04 02:13:25.760 16244 16757 I art     : Starting a blocking GC Explicit
08-04 02:13:25.783 16244 16757 I art     : Explicit concurrent mark sweep GC freed 20(720B) AllocSpace objects, 0(0B) LOS objects, 38% free, 25MB/41MB, paused 165us total 22.037ms
08-04 02:13:25.792 16244 16757 I art     : Starting a blocking GC Explicit
08-04 02:13:25.814 16244 16757 I art     : Explicit concurrent mark sweep GC freed 3(96B) AllocSpace objects, 0(0B) LOS objects, 38% free, 25MB/41MB, paused 160us total 21.949ms
08-04 02:13:25.824 16244 16757 I art     : Starting a blocking GC Explicit
08-04 02:13:25.847 16244 16757 I art     : Explicit concurrent mark sweep GC freed 3(96B) AllocSpace objects, 0(0B) LOS objects, 38% free, 25MB/41MB, paused 168us total 22.210ms
08-04 02:13:25.856 16244 16757 I art     : Starting a blocking GC Explicit
08-04 02:13:25.879 16244 16757 I art     : Explicit concurrent mark sweep GC freed 3(96B) AllocSpace objects, 0(0B) LOS objects, 38% free, 25MB/41MB, paused 168us total 22.190ms
08-04 02:13:26.168 16244 16255 I art     : Starting a blocking GC Explicit
08-04 02:13:26.211 16244 16255 I art     : Explicit concurrent mark sweep GC freed 1343(79KB) AllocSpace objects, 1(20KB) LOS objects, 38% free, 25MB/41MB, paused 306us total 42.071ms
08-04 02:13:26.228 16244 16255 I art     : Starting a blocking GC Explicit
08-04 02:13:26.255 16244 16255 I art     : Explicit concurrent mark sweep GC freed 66(2528B) AllocSpace objects, 0(0B) LOS objects, 38% free, 25MB/41MB, paused 201us total 26.929ms
08-04 02:13:26.266 16244 16255 I art     : Starting a blocking GC Explicit
08-04 02:13:26.292 16244 16255 I art     : Explicit concurrent mark sweep GC freed 3(96B) AllocSpace objects, 0(0B) LOS objects, 38% free, 25MB/41MB, paused 185us total 25.259ms
08-04 02:13:26.299   518   646 I ThermalEngine: ACTION: GPU - Setting GPU[0] to 510000000
08-04 02:13:26.304 16244 16255 I art     : Starting a blocking GC Explicit
08-04 02:13:26.337 16244 16255 I art     : Explicit concurrent mark sweep GC freed 3(96B) AllocSpace objects, 0(0B) LOS objects, 38% free, 25MB/41MB, paused 282us total 32.205ms
08-04 02:13:26.351 16244 16255 I art     : Starting a blocking GC Explicit
08-04 02:13:26.382 16244 16255 I art     : Explicit concurrent mark sweep GC freed 3(96B) AllocSpace objects, 0(0B) LOS objects, 38% free, 25MB/41MB, paused 255us total 31.664ms
08-04 02:13:26.672 16244 16757 I art     : Starting a blocking GC Explicit
08-04 02:13:26.712 16244 16757 I art     : Explicit concurrent mark sweep GC freed 1343(79KB) AllocSpace objects, 1(20KB) LOS objects, 38% free, 25MB/41MB, paused 291us total 39.613ms
08-04 02:13:26.731 16244 16757 I art     : Starting a blocking GC Explicit
08-04 02:13:26.764 16244 16757 I art     : Explicit concurrent mark sweep GC freed 20(704B) AllocSpace objects, 0(0B) LOS objects, 38% free, 25MB/41MB, paused 259us total 32.805ms
08-04 02:13:26.779 16244 16757 I art     : Starting a blocking GC Explicit
08-04 02:13:26.811 16244 16757 I art     : Explicit concurrent mark sweep GC freed 3(96B) AllocSpace objects, 0(0B) LOS objects, 38% free, 25MB/41MB, paused 264us total 32.128ms
08-04 02:13:26.824 16244 16757 I art     : Starting a blocking GC Explicit
08-04 02:13:26.857 16244 16757 I art     : Explicit concurrent mark sweep GC freed 3(96B) AllocSpace objects, 0(0B) LOS objects, 38% free, 25MB/41MB, paused 378us total 32.316ms
08-04 02:13:26.871 16244 16757 I art     : Starting a blocking GC Explicit
08-04 02:13:26.903 16244 16757 I art     : Explicit concurrent mark sweep GC freed 3(96B) AllocSpace objects, 0(0B) LOS objects, 38% free, 25MB/41MB, paused 263us total 32.280ms
08-04 02:13:26.904 16244 16254 I art     : WaitForGcToComplete blocked for 32.740ms for cause HeapTrim
08-04 02:13:27.213 16244 16266 I art     : Starting a blocking GC Explicit
08-04 02:13:27.260 16244 16266 I art     : Explicit concurrent mark sweep GC freed 1343(79KB) AllocSpace objects, 1(20KB) LOS objects, 38% free, 25MB/41MB, paused 279us total 46.239ms
08-04 02:13:27.277 16244 16266 I art     : Starting a blocking GC Explicit
08-04 02:13:27.310 16244 16266 I art     : Explicit concurrent mark sweep GC freed 20(704B) AllocSpace objects, 0(0B) LOS objects, 38% free, 25MB/41MB, paused 251us total 31.963ms
08-04 02:13:27.323 16244 16266 I art     : Starting a blocking GC Explicit
08-04 02:13:27.357 16244 16266 I art     : Explicit concurrent mark sweep GC freed 3(96B) AllocSpace objects, 0(0B) LOS objects, 38% free, 25MB/41MB, paused 256us total 33.079ms
08-04 02:13:27.370 16244 16266 I art     : Starting a blocking GC Explicit
08-04 02:13:27.403 16244 16266 I art     : Explicit concurrent mark sweep GC freed 3(96B) AllocSpace objects, 0(0B) LOS objects, 38% free, 25MB/41MB, paused 255us total 32.515ms
08-04 02:13:27.417 16244 16266 I art     : Starting a blocking GC Explicit
08-04 02:13:27.450 16244 16266 I art     : Explicit concurrent mark sweep GC freed 3(96B) AllocSpace objects, 0(0B) LOS objects, 38% free, 25MB/41MB, paused 338us total 32.903ms
08-04 02:13:27.756 16244 16256 I art     : Starting a blocking GC Explicit
08-04 02:13:27.803 16244 16256 I art     : Explicit concurrent mark sweep GC freed 1344(79KB) AllocSpace objects, 1(20KB) LOS objects, 38% free, 25MB/41MB, paused 399us total 46.088ms
08-04 02:13:27.823 16244 16256 I art     : Starting a blocking GC Explicit
08-04 02:13:27.853 16244 16256 I art     : Explicit concurrent mark sweep GC freed 20(704B) AllocSpace objects, 0(0B) LOS objects, 38% free, 25MB/41MB, paused 254us total 30.334ms
08-04 02:13:27.867 16244 16256 I art     : Starting a blocking GC Explicit
08-04 02:13:27.899 16244 16256 I art     : Explicit concurrent mark sweep GC freed 3(96B) AllocSpace objects, 0(0B) LOS objects, 38% free, 25MB/41MB, paused 256us total 32.541ms
08-04 02:13:27.913 16244 16256 I art     : Starting a blocking GC Explicit
08-04 02:13:27.946 16244 16256 I art     : Explicit concurrent mark sweep GC freed 3(96B) AllocSpace objects, 0(0B) LOS objects, 38% free, 25MB/41MB, paused 260us total 32.448ms
08-04 02:13:27.960 16244 16256 I art     : Starting a blocking GC Explicit
08-04 02:13:27.993 16244 16256 I art     : Explicit concurrent mark sweep GC freed 3(96B) AllocSpace objects, 0(0B) LOS objects, 38% free, 25MB/41MB, paused 256us total 32.511ms
08-04 02:13:28.312 16244 16791 I art     : Starting a blocking GC Explicit
08-04 02:13:28.361 16244 16791 I art     : Explicit concurrent mark sweep GC freed 1347(79KB) AllocSpace objects, 1(20KB) LOS objects, 38% free, 25MB/41MB, paused 395us total 47.819ms
08-04 02:13:28.382 16244 16791 I art     : Starting a blocking GC Explicit
08-04 02:13:28.413 16244 16791 I art     : Explicit concurrent mark sweep GC freed 20(704B) AllocSpace objects, 0(0B) LOS objects, 38% free, 25MB/41MB, paused 256us total 31.599ms
08-04 02:13:28.427 16244 16791 I art     : Starting a blocking GC Explicit
08-04 02:13:28.460 16244 16791 I art     : Explicit concurrent mark sweep GC freed 3(96B) AllocSpace objects, 0(0B) LOS objects, 38% free, 25MB/41MB, paused 242us total 32.581ms
08-04 02:13:28.474 16244 16791 I art     : Starting a blocking GC Explicit
08-04 02:13:28.506 16244 16791 I art     : Explicit concurrent mark sweep GC freed 3(96B) AllocSpace objects, 0(0B) LOS objects, 38% free, 25MB/41MB, paused 261us total 32.508ms
08-04 02:13:28.520 16244 16791 I art     : Starting a blocking GC Explicit
08-04 02:13:28.553 16244 16791 I art     : Explicit concurrent mark sweep GC freed 3(96B) AllocSpace objects, 0(0B) LOS objects, 38% free, 25MB/41MB, paused 250us total 32.540ms
08-04 02:13:28.869 16244 16255 I art     : Starting a blocking GC Explicit
08-04 02:13:28.910 16244 16255 I art     : Explicit concurrent mark sweep GC freed 1344(79KB) AllocSpace objects, 1(20KB) LOS objects, 38% free, 25MB/41MB, paused 283us total 40.819ms
08-04 02:13:28.927 16244 16255 I art     : Starting a blocking GC Explicit
08-04 02:13:28.960 16244 16255 I art     : Explicit concurrent mark sweep GC freed 20(704B) AllocSpace objects, 0(0B) LOS objects, 38% free, 25MB/41MB, paused 252us total 32.361ms
08-04 02:13:28.974 16244 16255 I art     : Starting a blocking GC Explicit
08-04 02:13:29.006 16244 16255 I art     : Explicit concurrent mark sweep GC freed 3(96B) AllocSpace objects, 0(0B) LOS objects, 38% free, 25MB/41MB, paused 252us total 32.588ms
08-04 02:13:29.020 16244 16255 I art     : Starting a blocking GC Explicit
08-04 02:13:29.054 16244 16255 I art     : Explicit concurrent mark sweep GC freed 3(96B) AllocSpace objects, 0(0B) LOS objects, 38% free, 25MB/41MB, paused 253us total 33.203ms
08-04 02:13:29.068 16244 16255 I art     : Starting a blocking GC Explicit
08-04 02:13:29.100 16244 16255 I art     : Explicit concurrent mark sweep GC freed 3(96B) AllocSpace objects, 0(0B) LOS objects, 38% free, 25MB/41MB, paused 240us total 32.327ms
08-04 02:13:29.363 16244 16757 I art     : Starting a blocking GC Explicit
08-04 02:13:29.395 16244 16757 I art     : Explicit concurrent mark sweep GC freed 1343(79KB) AllocSpace objects, 1(20KB) LOS objects, 38% free, 25MB/41MB, paused 273us total 32.116ms
08-04 02:13:29.409 16244 16757 I art     : Starting a blocking GC Explicit
08-04 02:13:29.440 16244 16757 I art     : Explicit concurrent mark sweep GC freed 20(704B) AllocSpace objects, 0(0B) LOS objects, 38% free, 25MB/41MB, paused 261us total 30.947ms
08-04 02:13:29.454 16244 16757 I art     : Starting a blocking GC Explicit
08-04 02:13:29.484 16244 16757 I art     : Explicit concurrent mark sweep GC freed 3(96B) AllocSpace objects, 0(0B) LOS objects, 38% free, 25MB/41MB, paused 283us total 30.488ms
08-04 02:13:29.497 16244 16757 I art     : Starting a blocking GC Explicit
08-04 02:13:29.528 16244 16757 I art     : Explicit concurrent mark sweep GC freed 3(96B) AllocSpace objects, 0(0B) LOS objects, 38% free, 25MB/41MB, paused 265us total 29.817ms
08-04 02:13:29.541 16244 16757 I art     : Starting a blocking GC Explicit
08-04 02:13:29.558 17213 17213 D AndroidRuntime: >>>>>> START com.android.internal.os.RuntimeInit uid 2000 <<<<<<
08-04 02:13:29.563 17213 17213 D AndroidRuntime: CheckJNI is OFF
08-04 02:13:29.571 16244 16757 I art     : Explicit concurrent mark sweep GC freed 3(96B) AllocSpace objects, 0(0B) LOS objects, 38% free, 25MB/41MB, paused 258us total 30.530ms
08-04 02:13:29.599 17213 17213 D ICU     : No timezone override file found: /data/misc/zoneinfo/current/icu/icu_tzdata.dat
08-04 02:13:29.632 17213 17213 I Radio-JNI: register_android_hardware_Radio DONE
08-04 02:13:29.654 17213 17213 D AndroidRuntime: Calling main entry com.android.commands.input.Input
08-04 02:13:29.655 17213 17213 I Input   : injectKeyEvent: KeyEvent { action=ACTION_DOWN, keyCode=KEYCODE_BACK, scanCode=0, metaState=0, flags=0x0, repeatCount=0, eventTime=670426068, downTime=670426068, deviceId=-1, source=0x101 }
08-04 02:13:29.661 17213 17213 I Input   : injectKeyEvent: KeyEvent { action=ACTION_UP, keyCode=KEYCODE_BACK, scanCode=0, metaState=0, flags=0x0, repeatCount=0, eventTime=670426068, downTime=670426068, deviceId=-1, source=0x101 }
08-04 02:13:29.668 17213 17213 D AndroidRuntime: Shutting down VM
08-04 02:13:29.711 13866 13866 I GoogleInputMethodServic: GoogleInputMethodService.onFinishInput():3138 
08-04 02:13:29.711 13866 13866 I GoogleInputMethodServic: GoogleInputMethodService.onStartInput():1808 
08-04 02:13:29.814 16244 16757 I art     : Starting a blocking GC Explicit
08-04 02:13:29.844 16244 16757 I art     : Explicit concurrent mark sweep GC freed 1586(87KB) AllocSpace objects, 1(20KB) LOS objects, 38% free, 25MB/41MB, paused 225us total 29.199ms
08-04 02:13:29.857 16244 16757 I art     : Starting a blocking GC Explicit
08-04 02:13:29.892 16244 16757 I art     : Explicit concurrent mark sweep GC freed 24(864B) AllocSpace objects, 0(0B) LOS objects, 38% free, 25MB/41MB, paused 292us total 35.029ms
08-04 02:13:29.893 16244 17126 I RedditChangeDataIO: Writing tmp data file at '/data/user/0/baseline.org.quantumbadger.redreader/files/rr_change_data_tmp.dat'
08-04 02:13:29.893 16244 17126 I RedditChangeDataManager: Taking snapshot...
08-04 02:13:29.893 16244 17126 I RedditChangeDataManager: Writing to stream...
08-04 02:13:29.894 16244 17126 I RedditChangeDataManager: Wrote 2 entries for user ''
08-04 02:13:29.894 16244 17126 I RedditChangeDataManager: All entries written to stream.
08-04 02:13:29.894 16244 17126 I RedditChangeDataIO: Write successful. Atomically replacing data file...
08-04 02:13:29.894 16244 17126 I RedditChangeDataIO: Write complete.
08-04 02:13:29.894 16244 17126 I RedditChangeDataIO: 62 bytes written in 2 ms
08-04 02:13:29.907 16244 16757 I art     : Starting a blocking GC Explicit
08-04 02:13:29.941 16244 16757 I art     : Explicit concurrent mark sweep GC freed 79(4KB) AllocSpace objects, 1(68KB) LOS objects, 38% free, 25MB/41MB, paused 271us total 34.139ms
08-04 02:13:29.956 16244 16757 I art     : Starting a blocking GC Explicit
08-04 02:13:29.996 16244 16757 I art     : Explicit concurrent mark sweep GC freed 6(192B) AllocSpace objects, 0(0B) LOS objects, 38% free, 25MB/41MB, paused 259us total 39.293ms
08-04 02:13:30.010 16244 16757 I art     : Starting a blocking GC Explicit
08-04 02:13:30.018   380   380 W SurfaceFlinger: couldn't log to binary event log: overflow.
08-04 02:13:30.041 16244 16757 I art     : Explicit concurrent mark sweep GC freed 52(1952B) AllocSpace objects, 0(0B) LOS objects, 38% free, 25MB/41MB, paused 225us total 30.987ms
08-04 02:13:30.308 16244 16256 I art     : Starting a blocking GC Explicit
08-04 02:13:30.343 16244 16256 I art     : Explicit concurrent mark sweep GC freed 1585(116KB) AllocSpace objects, 1(20KB) LOS objects, 38% free, 25MB/41MB, paused 265us total 34.814ms
08-04 02:13:30.359 16244 16256 I art     : Starting a blocking GC Explicit
08-04 02:13:30.389 16244 16256 I art     : Explicit concurrent mark sweep GC freed 3915(312KB) AllocSpace objects, 5(140KB) LOS objects, 39% free, 24MB/40MB, paused 250us total 30.213ms
08-04 02:13:30.403 16244 16256 I art     : Starting a blocking GC Explicit
08-04 02:13:30.433 16244 16256 I art     : Explicit concurrent mark sweep GC freed 3(96B) AllocSpace objects, 0(0B) LOS objects, 39% free, 24MB/40MB, paused 237us total 29.828ms
08-04 02:13:30.447 16244 16256 I art     : Starting a blocking GC Explicit
08-04 02:13:30.477 16244 16256 I art     : Explicit concurrent mark sweep GC freed 3(96B) AllocSpace objects, 0(0B) LOS objects, 39% free, 24MB/40MB, paused 265us total 30.390ms
08-04 02:13:30.491 16244 16256 I art     : Starting a blocking GC Explicit
08-04 02:13:30.522 16244 16256 I art     : Explicit concurrent mark sweep GC freed 3(96B) AllocSpace objects, 0(0B) LOS objects, 39% free, 24MB/40MB, paused 244us total 30.853ms
08-04 02:13:30.805 16244 16266 I art     : Starting a blocking GC Explicit
08-04 02:13:30.844 16244 16266 I art     : Explicit concurrent mark sweep GC freed 1343(79KB) AllocSpace objects, 1(20KB) LOS objects, 39% free, 24MB/40MB, paused 237us total 38.308ms
08-04 02:13:30.863 16244 16266 I art     : Starting a blocking GC Explicit
08-04 02:13:30.892 16244 16266 I art     : Explicit concurrent mark sweep GC freed 20(704B) AllocSpace objects, 0(0B) LOS objects, 39% free, 24MB/40MB, paused 210us total 29.082ms
08-04 02:13:30.906 16244 16266 I art     : Starting a blocking GC Explicit
08-04 02:13:30.934 16244 16266 I art     : Explicit concurrent mark sweep GC freed 3(96B) AllocSpace objects, 0(0B) LOS objects, 39% free, 24MB/40MB, paused 212us total 28.049ms
08-04 02:13:30.947 16244 16266 I art     : Starting a blocking GC Explicit
08-04 02:13:30.975 16244 16266 I art     : Explicit concurrent mark sweep GC freed 3(96B) AllocSpace objects, 0(0B) LOS objects, 39% free, 24MB/40MB, paused 232us total 28.523ms
08-04 02:13:30.988 16244 16266 I art     : Starting a blocking GC Explicit
08-04 02:13:31.017 16244 16266 I art     : Explicit concurrent mark sweep GC freed 3(96B) AllocSpace objects, 0(0B) LOS objects, 39% free, 24MB/40MB, paused 234us total 28.413ms
08-04 02:13:31.295 16244 16791 I art     : Starting a blocking GC Explicit
08-04 02:13:31.320 16244 16791 I art     : Explicit concurrent mark sweep GC freed 1343(79KB) AllocSpace objects, 1(20KB) LOS objects, 39% free, 24MB/40MB, paused 221us total 25.765ms
08-04 02:13:31.330 17267 17267 D AndroidRuntime: >>>>>> START com.android.internal.os.RuntimeInit uid 2000 <<<<<<
08-04 02:13:31.334 16244 16791 I art     : Starting a blocking GC Explicit
08-04 02:13:31.335 17267 17267 D AndroidRuntime: CheckJNI is OFF
08-04 02:13:31.362 16244 16791 I art     : Explicit concurrent mark sweep GC freed 35(1264B) AllocSpace objects, 0(0B) LOS objects, 39% free, 24MB/40MB, paused 229us total 27.858ms
08-04 02:13:31.370 17267 17267 D ICU     : No timezone override file found: /data/misc/zoneinfo/current/icu/icu_tzdata.dat
08-04 02:13:31.375 16244 16791 I art     : Starting a blocking GC Explicit
08-04 02:13:31.404 16244 16791 I art     : Explicit concurrent mark sweep GC freed 3(96B) AllocSpace objects, 0(0B) LOS objects, 39% free, 24MB/40MB, paused 251us total 28.843ms
08-04 02:13:31.406 17267 17267 I Radio-JNI: register_android_hardware_Radio DONE
08-04 02:13:31.417 16244 16791 I art     : Starting a blocking GC Explicit
08-04 02:13:31.429 17267 17267 D AndroidRuntime: Calling main entry com.android.commands.input.Input
08-04 02:13:31.431 17267 17267 I Input   : injectMotionEvent: MotionEvent { action=ACTION_DOWN, actionButton=0, id[0]=0, x[0]=600.0, y[0]=1200.0, toolType[0]=TOOL_TYPE_UNKNOWN, buttonState=0, metaState=0, flags=0x0, edgeFlags=0x0, pointerCount=1, historySize=0, eventTime=670427843, downTime=670427843, deviceId=0, source=0x1002 }
08-04 02:13:31.440 17267 17267 I Input   : injectMotionEvent: MotionEvent { action=ACTION_UP, actionButton=0, id[0]=0, x[0]=600.0, y[0]=1200.0, toolType[0]=TOOL_TYPE_UNKNOWN, buttonState=0, metaState=0, flags=0x0, edgeFlags=0x0, pointerCount=1, historySize=0, eventTime=670427843, downTime=670427843, deviceId=0, source=0x1002 }
08-04 02:13:31.442 17267 17267 D AndroidRuntime: Shutting down VM
08-04 02:13:31.446 16244 16791 I art     : Explicit concurrent mark sweep GC freed 9(320B) AllocSpace objects, 0(0B) LOS objects, 39% free, 24MB/40MB, paused 224us total 29.168ms
08-04 02:13:31.455   512  2967 D audio_hw_primary: out_set_parameters: enter: usecase(1: low-latency-playback) kvpairs: routing=2
08-04 02:13:31.459   918  6029 I ActivityManager: START u0 {dat=https://oauth.reddit.com/... cmp=baseline.org.quantumbadger.redreader/.activities.CommentListingActivity} from uid 10666 on display 0
08-04 02:13:31.461 16244 16791 I art     : Starting a blocking GC Explicit
08-04 02:13:31.468   512  2967 D audio_hw_primary: select_devices: out_snd_device(2: speaker) in_snd_device(0: none)
08-04 02:13:31.468   512  2967 D msm8974_platform: platform_send_audio_calibration: sending audio calibration for snd_device(2) acdb_id(15)
08-04 02:13:31.468   512  2967 I soundtrigger: audio_extn_sound_trigger_update_device_status: device 0x2 of type 0 for Event 1
08-04 02:13:31.478   512  2967 D audio_hw_primary: enable_snd_device: snd_device(2: speaker)
08-04 02:13:31.479 16244 16244 I AppCompatViewInflater: app:theme is now deprecated. Please move to using android:theme instead.
08-04 02:13:31.480   512  2967 D audio_hw_primary: enable_audio_route: apply and update mixer path: low-latency-playback speaker
08-04 02:13:31.488 16244 16791 I art     : Explicit concurrent mark sweep GC freed 1154(61KB) AllocSpace objects, 0(0B) LOS objects, 39% free, 24MB/40MB, paused 406us total 27.184ms
08-04 02:13:31.497 16244 17292 D OK      : calling: https://oauth.reddit.com/comments/hza888/.json?sort=confidence
08-04 02:13:31.563   918   936 I ActivityManager: Displayed baseline.org.quantumbadger.redreader/.activities.CommentListingActivity: +96ms
08-04 02:13:31.563 13866 13866 I GoogleInputMethodServic: GoogleInputMethodService.onFinishInput():3138 
08-04 02:13:31.564 13866 13866 I GoogleInputMethodServic: GoogleInputMethodService.onStartInput():1808 
08-04 02:13:31.724 16244 16791 I art     : Starting a blocking GC Explicit
08-04 02:13:31.773 16244 16791 I art     : Explicit concurrent mark sweep GC freed 5098(243KB) AllocSpace objects, 1(20KB) LOS objects, 38% free, 25MB/41MB, paused 335us total 48.833ms
08-04 02:13:31.790 16244 16791 I art     : Starting a blocking GC Explicit
08-04 02:13:31.821 16244 17292 I NAPPA_EXPERIMENTATION: MetricNetworkRequestExecutionTime: REQUEST_DURATION_SYSTEM='324',REQUEST_DURATION_OKHTTP='145',REQUEST_SYNCHRONOUS='TRUE',RESPONSE_CODE='200',RESPONSE_METHOD='GET',RESPONSE_LENGTH_OKHTTP='-1',RESPONSE_LENGTH_HEADER='21928',REQUEST_PROTOCOL='h2',REQUEST_URL='https://oauth.reddit.com/comments/hza888/.json?sort=confidence',
08-04 02:13:31.821 16244 17292 D OK      : request got status: 200
08-04 02:13:31.830   380   380 W SurfaceFlinger: couldn't log to binary event log: overflow.
08-04 02:13:31.831 16244 16791 I art     : Explicit concurrent mark sweep GC freed 826(52KB) AllocSpace objects, 0(0B) LOS objects, 38% free, 25MB/41MB, paused 286us total 40.724ms
08-04 02:13:31.839 16244 16860 I CommentListingActivity: COMMENTS session changed to 2ba98dd7-5bec-43d6-8b0b-9917213aecb0
08-04 02:13:31.849 16244 16791 I art     : Starting a blocking GC Explicit
08-04 02:13:31.880 16244 16791 I art     : Explicit concurrent mark sweep GC freed 2096(145KB) AllocSpace objects, 0(0B) LOS objects, 38% free, 25MB/41MB, paused 455us total 30.946ms
08-04 02:13:31.893 16244 16791 I art     : Starting a blocking GC Explicit
08-04 02:13:31.925 16244 16791 I art     : Explicit concurrent mark sweep GC freed 4183(252KB) AllocSpace objects, 0(0B) LOS objects, 38% free, 26MB/42MB, paused 555us total 32.234ms
08-04 02:13:31.939 16244 16791 I art     : Starting a blocking GC Explicit
08-04 02:13:31.974 16244 16791 I art     : Explicit concurrent mark sweep GC freed 5971(345KB) AllocSpace objects, 1(68KB) LOS objects, 37% free, 26MB/42MB, paused 367us total 34.906ms
08-04 02:13:32.018   512  2967 D audio_hw_primary: disable_audio_route: reset and update mixer path: low-latency-playback speaker
08-04 02:13:32.019   512  2967 D audio_hw_primary: disable_snd_device: snd_device(2: speaker)
08-04 02:13:32.027   512  2967 I soundtrigger: audio_extn_sound_trigger_update_device_status: device 0x2 of type 0 for Event 0
08-04 02:13:32.244 16244 16757 I art     : Starting a blocking GC Explicit
08-04 02:13:32.285 16244 16757 I art     : Explicit concurrent mark sweep GC freed 6764(379KB) AllocSpace objects, 2(88KB) LOS objects, 37% free, 26MB/42MB, paused 253us total 40.671ms
08-04 02:13:32.285 16244 16254 I art     : WaitForGcToComplete blocked for 25.066ms for cause HeapTrim
08-04 02:13:32.300 16244 16757 I art     : Starting a blocking GC Explicit
08-04 02:13:32.336 16244 16757 I art     : Explicit concurrent mark sweep GC freed 75(3KB) AllocSpace objects, 0(0B) LOS objects, 37% free, 26MB/42MB, paused 246us total 35.816ms
08-04 02:13:32.350 16244 16757 I art     : Starting a blocking GC Explicit
08-04 02:13:32.386 16244 16757 I art     : Explicit concurrent mark sweep GC freed 3(96B) AllocSpace objects, 0(0B) LOS objects, 37% free, 26MB/42MB, paused 243us total 35.227ms
08-04 02:13:32.400 16244 16757 I art     : Starting a blocking GC Explicit
08-04 02:13:32.436 16244 16757 I art     : Explicit concurrent mark sweep GC freed 3(96B) AllocSpace objects, 0(0B) LOS objects, 37% free, 26MB/42MB, paused 247us total 35.655ms
08-04 02:13:32.450 16244 16757 I art     : Starting a blocking GC Explicit
08-04 02:13:32.482 16244 16757 I art     : Explicit concurrent mark sweep GC freed 3(96B) AllocSpace objects, 0(0B) LOS objects, 37% free, 26MB/42MB, paused 220us total 31.792ms
08-04 02:13:32.774 16244 16757 I art     : Starting a blocking GC Explicit
08-04 02:13:32.827 16244 16757 I art     : Explicit concurrent mark sweep GC freed 1343(80KB) AllocSpace objects, 1(20KB) LOS objects, 37% free, 26MB/42MB, paused 280us total 52.675ms
08-04 02:13:32.843 16244 16757 I art     : Starting a blocking GC Explicit
08-04 02:13:32.882 16244 16757 I art     : Explicit concurrent mark sweep GC freed 66(2528B) AllocSpace objects, 0(0B) LOS objects, 37% free, 26MB/42MB, paused 265us total 38.610ms
08-04 02:13:32.896 16244 16757 I art     : Starting a blocking GC Explicit
08-04 02:13:32.934 16244 16757 I art     : Explicit concurrent mark sweep GC freed 3(96B) AllocSpace objects, 0(0B) LOS objects, 37% free, 26MB/42MB, paused 260us total 37.684ms
08-04 02:13:32.948 16244 16757 I art     : Starting a blocking GC Explicit
08-04 02:13:32.987 16244 16757 I art     : Explicit concurrent mark sweep GC freed 3(96B) AllocSpace objects, 0(0B) LOS objects, 37% free, 26MB/42MB, paused 409us total 38.556ms
08-04 02:13:33.002 16244 16757 I art     : Starting a blocking GC Explicit
08-04 02:13:33.039 16244 16757 I art     : Explicit concurrent mark sweep GC freed 3(96B) AllocSpace objects, 0(0B) LOS objects, 37% free, 26MB/42MB, paused 259us total 37.457ms
08-04 02:13:33.344 16244 16255 I art     : Starting a blocking GC Explicit
08-04 02:13:33.392 16244 16255 I art     : Explicit concurrent mark sweep GC freed 1343(80KB) AllocSpace objects, 1(20KB) LOS objects, 37% free, 26MB/42MB, paused 288us total 48.079ms
08-04 02:13:33.413 16244 16255 I art     : Starting a blocking GC Explicit
08-04 02:13:33.450 16244 16255 I art     : Explicit concurrent mark sweep GC freed 20(704B) AllocSpace objects, 0(0B) LOS objects, 37% free, 26MB/42MB, paused 255us total 36.795ms
08-04 02:13:33.464 16244 16255 I art     : Starting a blocking GC Explicit
08-04 02:13:33.502 16244 16255 I art     : Explicit concurrent mark sweep GC freed 3(96B) AllocSpace objects, 0(0B) LOS objects, 37% free, 26MB/42MB, paused 287us total 37.811ms
08-04 02:13:33.517 16244 16255 I art     : Starting a blocking GC Explicit
08-04 02:13:33.555 16244 16255 I art     : Explicit concurrent mark sweep GC freed 3(96B) AllocSpace objects, 0(0B) LOS objects, 37% free, 26MB/42MB, paused 265us total 38.148ms
08-04 02:13:33.570 16244 16255 I art     : Starting a blocking GC Explicit
08-04 02:13:33.608 16244 16255 I art     : Explicit concurrent mark sweep GC freed 3(96B) AllocSpace objects, 0(0B) LOS objects, 37% free, 26MB/42MB, paused 266us total 38.588ms
08-04 02:13:33.871 16244 16266 I art     : Starting a blocking GC Explicit
08-04 02:13:33.909 16244 16266 I art     : Explicit concurrent mark sweep GC freed 1343(80KB) AllocSpace objects, 1(20KB) LOS objects, 37% free, 26MB/42MB, paused 254us total 37.793ms
08-04 02:13:33.923 16244 16266 I art     : Starting a blocking GC Explicit
08-04 02:13:33.960 16244 16266 I art     : Explicit concurrent mark sweep GC freed 20(704B) AllocSpace objects, 0(0B) LOS objects, 37% free, 26MB/42MB, paused 257us total 35.928ms
08-04 02:13:33.973 16244 16266 I art     : Starting a blocking GC Explicit
08-04 02:13:34.010 16244 16266 I art     : Explicit concurrent mark sweep GC freed 3(96B) AllocSpace objects, 0(0B) LOS objects, 37% free, 26MB/42MB, paused 258us total 36.405ms
08-04 02:13:34.024 16244 16266 I art     : Starting a blocking GC Explicit
08-04 02:13:34.060 16244 16266 I art     : Explicit concurrent mark sweep GC freed 3(96B) AllocSpace objects, 0(0B) LOS objects, 37% free, 26MB/42MB, paused 254us total 35.858ms
08-04 02:13:34.074 16244 16266 I art     : Starting a blocking GC Explicit
08-04 02:13:34.088   918  3261 D WifiStateMachine: starting scan for "H369AA63323"WPA_PSK with 2412,5180
08-04 02:13:34.112 16244 16266 I art     : Explicit concurrent mark sweep GC freed 3(96B) AllocSpace objects, 0(0B) LOS objects, 37% free, 26MB/42MB, paused 255us total 37.410ms
08-04 02:13:34.136 17335 17335 D AndroidRuntime: >>>>>> START com.android.internal.os.RuntimeInit uid 2000 <<<<<<
08-04 02:13:34.141 17335 17335 D AndroidRuntime: CheckJNI is OFF
08-04 02:13:34.172 17335 17335 D ICU     : No timezone override file found: /data/misc/zoneinfo/current/icu/icu_tzdata.dat
08-04 02:13:34.204 17335 17335 I Radio-JNI: register_android_hardware_Radio DONE
08-04 02:13:34.227 17335 17335 D AndroidRuntime: Calling main entry com.android.commands.input.Input
08-04 02:13:34.228 17335 17335 I Input   : injectKeyEvent: KeyEvent { action=ACTION_DOWN, keyCode=KEYCODE_BACK, scanCode=0, metaState=0, flags=0x0, repeatCount=0, eventTime=670430641, downTime=670430641, deviceId=-1, source=0x101 }
08-04 02:13:34.234 17335 17335 I Input   : injectKeyEvent: KeyEvent { action=ACTION_UP, keyCode=KEYCODE_BACK, scanCode=0, metaState=0, flags=0x0, repeatCount=0, eventTime=670430641, downTime=670430641, deviceId=-1, source=0x101 }
08-04 02:13:34.241 17335 17335 D AndroidRuntime: Shutting down VM
08-04 02:13:34.292 13866 13866 I GoogleInputMethodServic: GoogleInputMethodService.onFinishInput():3138 
08-04 02:13:34.293 13866 13866 I GoogleInputMethodServic: GoogleInputMethodService.onStartInput():1808 
08-04 02:13:34.359 16244 16266 I art     : Starting a blocking GC Explicit
08-04 02:13:34.390 16244 16266 I art     : Explicit concurrent mark sweep GC freed 1596(89KB) AllocSpace objects, 1(20KB) LOS objects, 37% free, 26MB/42MB, paused 241us total 31.183ms
08-04 02:13:34.403 16244 16266 I art     : Starting a blocking GC Explicit
08-04 02:13:34.438 16244 16266 I art     : Explicit concurrent mark sweep GC freed 24(864B) AllocSpace objects, 0(0B) LOS objects, 37% free, 26MB/42MB, paused 249us total 34.961ms
08-04 02:13:34.452 16244 16266 I art     : Starting a blocking GC Explicit
08-04 02:13:34.499 16244 16266 I art     : Explicit concurrent mark sweep GC freed 3(96B) AllocSpace objects, 0(0B) LOS objects, 37% free, 26MB/42MB, paused 401us total 46.374ms
08-04 02:13:34.515 16244 16266 I art     : Starting a blocking GC Explicit
08-04 02:13:34.560 16244 16266 I art     : Explicit concurrent mark sweep GC freed 3(96B) AllocSpace objects, 0(0B) LOS objects, 37% free, 26MB/42MB, paused 264us total 44.952ms
08-04 02:13:34.579 16244 16266 I art     : Starting a blocking GC Explicit
08-04 02:13:34.606   380   380 W SurfaceFlinger: couldn't log to binary event log: overflow.
08-04 02:13:34.617 16244 16266 I art     : Explicit concurrent mark sweep GC freed 35(1168B) AllocSpace objects, 0(0B) LOS objects, 37% free, 26MB/42MB, paused 261us total 37.730ms
08-04 02:13:34.900 16244 16757 I art     : Starting a blocking GC Explicit
08-04 02:13:34.945 16244 16757 I art     : Explicit concurrent mark sweep GC freed 1367(81KB) AllocSpace objects, 1(20KB) LOS objects, 37% free, 26MB/42MB, paused 293us total 43.977ms
08-04 02:13:34.964 16244 16757 I art     : Starting a blocking GC Explicit
08-04 02:13:34.995 16244 16757 I art     : Explicit concurrent mark sweep GC freed 22993(1248KB) AllocSpace objects, 5(164KB) LOS objects, 39% free, 24MB/40MB, paused 256us total 31.380ms
08-04 02:13:35.009 16244 16757 I art     : Starting a blocking GC Explicit
08-04 02:13:35.038 16244 16757 I art     : Explicit concurrent mark sweep GC freed 3(96B) AllocSpace objects, 0(0B) LOS objects, 39% free, 24MB/40MB, paused 249us total 29.232ms
08-04 02:13:35.051 16244 16757 I art     : Starting a blocking GC Explicit
08-04 02:13:35.082 16244 16757 I art     : Explicit concurrent mark sweep GC freed 3(96B) AllocSpace objects, 0(0B) LOS objects, 39% free, 24MB/40MB, paused 261us total 30.896ms
08-04 02:13:35.096 16244 16757 I art     : Starting a blocking GC Explicit
08-04 02:13:35.126 16244 16757 I art     : Explicit concurrent mark sweep GC freed 3(96B) AllocSpace objects, 0(0B) LOS objects, 39% free, 24MB/40MB, paused 252us total 30.234ms
08-04 02:13:35.412 16244 16791 I art     : Starting a blocking GC Explicit
08-04 02:13:35.451 16244 16791 I art     : Explicit concurrent mark sweep GC freed 1344(80KB) AllocSpace objects, 1(20KB) LOS objects, 39% free, 24MB/40MB, paused 285us total 38.554ms
08-04 02:13:35.468 16244 16791 I art     : Starting a blocking GC Explicit
08-04 02:13:35.497 16244 16791 I art     : Explicit concurrent mark sweep GC freed 20(704B) AllocSpace objects, 0(0B) LOS objects, 39% free, 24MB/40MB, paused 267us total 28.913ms
08-04 02:13:35.511 16244 16791 I art     : Starting a blocking GC Explicit
08-04 02:13:35.540 16244 16791 I art     : Explicit concurrent mark sweep GC freed 3(96B) AllocSpace objects, 0(0B) LOS objects, 39% free, 24MB/40MB, paused 261us total 28.954ms
08-04 02:13:35.553 16244 16791 I art     : Starting a blocking GC Explicit
08-04 02:13:35.582 16244 16791 I art     : Explicit concurrent mark sweep GC freed 3(96B) AllocSpace objects, 0(0B) LOS objects, 39% free, 24MB/40MB, paused 254us total 28.734ms
08-04 02:13:35.595 16244 16791 I art     : Starting a blocking GC Explicit
08-04 02:13:35.624 16244 16791 I art     : Explicit concurrent mark sweep GC freed 3(96B) AllocSpace objects, 0(0B) LOS objects, 39% free, 24MB/40MB, paused 245us total 28.771ms
08-04 02:13:35.892 16244 16255 I art     : Starting a blocking GC Explicit
08-04 02:13:35.901 17400 17400 D AndroidRuntime: >>>>>> START com.android.internal.os.RuntimeInit uid 2000 <<<<<<
08-04 02:13:35.906 17400 17400 D AndroidRuntime: CheckJNI is OFF
08-04 02:13:35.923 16244 16255 I art     : Explicit concurrent mark sweep GC freed 1343(80KB) AllocSpace objects, 1(20KB) LOS objects, 39% free, 24MB/40MB, paused 260us total 30.794ms
08-04 02:13:35.936 16244 16255 I art     : Starting a blocking GC Explicit
08-04 02:13:35.945 17400 17400 D ICU     : No timezone override file found: /data/misc/zoneinfo/current/icu/icu_tzdata.dat
08-04 02:13:35.965 16244 16255 I art     : Explicit concurrent mark sweep GC freed 20(704B) AllocSpace objects, 0(0B) LOS objects, 39% free, 24MB/40MB, paused 275us total 28.770ms
08-04 02:13:35.979 16244 16255 I art     : Starting a blocking GC Explicit
08-04 02:13:35.980 17400 17400 I Radio-JNI: register_android_hardware_Radio DONE
08-04 02:13:36.002 17400 17400 D AndroidRuntime: Calling main entry com.android.commands.input.Input
08-04 02:13:36.003 17400 17400 I Input   : injectMotionEvent: MotionEvent { action=ACTION_DOWN, actionButton=0, id[0]=0, x[0]=600.0, y[0]=950.0, toolType[0]=TOOL_TYPE_UNKNOWN, buttonState=0, metaState=0, flags=0x0, edgeFlags=0x0, pointerCount=1, historySize=0, eventTime=670432416, downTime=670432416, deviceId=0, source=0x1002 }
08-04 02:13:36.008 16244 16255 I art     : Explicit concurrent mark sweep GC freed 3(96B) AllocSpace objects, 0(0B) LOS objects, 39% free, 24MB/40MB, paused 418us total 28.952ms
08-04 02:13:36.009 17400 17400 I Input   : injectMotionEvent: MotionEvent { action=ACTION_UP, actionButton=0, id[0]=0, x[0]=600.0, y[0]=950.0, toolType[0]=TOOL_TYPE_UNKNOWN, buttonState=0, metaState=0, flags=0x0, edgeFlags=0x0, pointerCount=1, historySize=0, eventTime=670432416, downTime=670432416, deviceId=0, source=0x1002 }
08-04 02:13:36.012 17400 17400 D AndroidRuntime: Shutting down VM
08-04 02:13:36.023 16244 16255 I art     : Starting a blocking GC Explicit
08-04 02:13:36.026   512  2967 D audio_hw_primary: out_set_parameters: enter: usecase(1: low-latency-playback) kvpairs: routing=2
08-04 02:13:36.029   918  4413 I ActivityManager: START u0 {dat=https://oauth.reddit.com/... cmp=baseline.org.quantumbadger.redreader/.activities.CommentListingActivity} from uid 10666 on display 0
08-04 02:13:36.039   512  2967 D audio_hw_primary: select_devices: out_snd_device(2: speaker) in_snd_device(0: none)
08-04 02:13:36.040   512  2967 D msm8974_platform: platform_send_audio_calibration: sending audio calibration for snd_device(2) acdb_id(15)
08-04 02:13:36.040   512  2967 I soundtrigger: audio_extn_sound_trigger_update_device_status: device 0x2 of type 0 for Event 1
08-04 02:13:36.049 16244 16244 I AppCompatViewInflater: app:theme is now deprecated. Please move to using android:theme instead.
08-04 02:13:36.050   512  2967 D audio_hw_primary: enable_snd_device: snd_device(2: speaker)
08-04 02:13:36.053   512  2967 D audio_hw_primary: enable_audio_route: apply and update mixer path: low-latency-playback speaker
08-04 02:13:36.054 16244 16255 I art     : Explicit concurrent mark sweep GC freed 1105(49KB) AllocSpace objects, 0(0B) LOS objects, 39% free, 24MB/40MB, paused 496us total 31.138ms
08-04 02:13:36.068 16244 16255 I art     : Starting a blocking GC Explicit
08-04 02:13:36.070 16244 16860 I CommentListingActivity: COMMENTS session changed to 390b7784-21b5-4b5b-a0a9-2d2b46b4eb57
08-04 02:13:36.097 16244 16255 I art     : Explicit concurrent mark sweep GC freed 3621(363KB) AllocSpace objects, 2(32KB) LOS objects, 38% free, 25MB/41MB, paused 319us total 29.149ms
08-04 02:13:36.098 10198 10198 I Atfwd_Sendcmd: AtCmdFwd service not ready - Exhausted retry attempts - :6
08-04 02:13:36.099 10198 10198 I Atfwd_Daemon: result : -1 	 ,Init step :2 	 ,qmiErrorCode: 0
08-04 02:13:36.133   918   936 I ActivityManager: Displayed baseline.org.quantumbadger.redreader/.activities.CommentListingActivity: +96ms
08-04 02:13:36.148 13866 13866 I GoogleInputMethodServic: GoogleInputMethodService.onFinishInput():3138 
08-04 02:13:36.149 13866 13866 I GoogleInputMethodServic: GoogleInputMethodService.onStartInput():1808 
08-04 02:13:36.341 16244 16255 I art     : Starting a blocking GC Explicit
08-04 02:13:36.392   380   380 W SurfaceFlinger: couldn't log to binary event log: overflow.
08-04 02:13:36.392 16244 16255 I art     : Explicit concurrent mark sweep GC freed 3514(165KB) AllocSpace objects, 1(20KB) LOS objects, 38% free, 25MB/41MB, paused 335us total 50.734ms
08-04 02:13:36.415 16244 16255 I art     : Starting a blocking GC Explicit
08-04 02:13:36.442 16244 16255 I art     : Explicit concurrent mark sweep GC freed 178(9KB) AllocSpace objects, 0(0B) LOS objects, 38% free, 25MB/41MB, paused 223us total 27.285ms
08-04 02:13:36.455 16244 16255 I art     : Starting a blocking GC Explicit
08-04 02:13:36.468 16244 17291 I RedditChangeDataIO: Writing tmp data file at '/data/user/0/baseline.org.quantumbadger.redreader/files/rr_change_data_tmp.dat'
08-04 02:13:36.468 16244 17291 I RedditChangeDataManager: Taking snapshot...
08-04 02:13:36.468 16244 17291 I RedditChangeDataManager: Writing to stream...
08-04 02:13:36.468 16244 17291 I RedditChangeDataManager: Wrote 3 entries for user ''
08-04 02:13:36.468 16244 17291 I RedditChangeDataManager: All entries written to stream.
08-04 02:13:36.468 16244 17291 I RedditChangeDataIO: Write successful. Atomically replacing data file...
08-04 02:13:36.469 16244 17291 I RedditChangeDataIO: Write complete.
08-04 02:13:36.469 16244 17291 I RedditChangeDataIO: 86 bytes written in 2 ms
08-04 02:13:36.482 16244 16255 I art     : Explicit concurrent mark sweep GC freed 75(4KB) AllocSpace objects, 1(68KB) LOS objects, 38% free, 25MB/41MB, paused 227us total 27.407ms
08-04 02:13:36.495 16244 16255 I art     : Starting a blocking GC Explicit
08-04 02:13:36.525 16244 16255 I art     : Explicit concurrent mark sweep GC freed 89(3KB) AllocSpace objects, 0(0B) LOS objects, 38% free, 25MB/41MB, paused 271us total 29.602ms
08-04 02:13:36.540 16244 16255 I art     : Starting a blocking GC Explicit
08-04 02:13:36.567 16244 16255 I art     : Explicit concurrent mark sweep GC freed 9(336B) AllocSpace objects, 0(0B) LOS objects, 38% free, 25MB/41MB, paused 355us total 26.826ms
08-04 02:13:36.588   512  2967 D audio_hw_primary: disable_audio_route: reset and update mixer path: low-latency-playback speaker
08-04 02:13:36.589   512  2967 D audio_hw_primary: disable_snd_device: snd_device(2: speaker)
08-04 02:13:36.597   512  2967 I soundtrigger: audio_extn_sound_trigger_update_device_status: device 0x2 of type 0 for Event 0
08-04 02:13:36.842 16244 16255 I art     : Starting a blocking GC Explicit
08-04 02:13:36.883 16244 16255 I art     : Explicit concurrent mark sweep GC freed 1343(80KB) AllocSpace objects, 1(20KB) LOS objects, 38% free, 25MB/41MB, paused 281us total 40.867ms
08-04 02:13:36.901 16244 16255 I art     : Starting a blocking GC Explicit
08-04 02:13:36.934 16244 16255 I art     : Explicit concurrent mark sweep GC freed 95(3KB) AllocSpace objects, 0(0B) LOS objects, 38% free, 25MB/41MB, paused 229us total 32.908ms
08-04 02:13:36.948 16244 16255 I art     : Starting a blocking GC Explicit
08-04 02:13:36.981 16244 16255 I art     : Explicit concurrent mark sweep GC freed 209(35KB) AllocSpace objects, 0(0B) LOS objects, 38% free, 25MB/41MB, paused 235us total 32.622ms
08-04 02:13:36.995 16244 16255 I art     : Starting a blocking GC Explicit
08-04 02:13:37.026 16244 16255 I art     : Explicit concurrent mark sweep GC freed 68(2272B) AllocSpace objects, 0(0B) LOS objects, 38% free, 25MB/41MB, paused 235us total 31.746ms
08-04 02:13:37.040 16244 16255 I art     : Starting a blocking GC Explicit
08-04 02:13:37.073 16244 16255 I art     : Explicit concurrent mark sweep GC freed 3(96B) AllocSpace objects, 0(0B) LOS objects, 38% free, 25MB/41MB, paused 229us total 32.383ms
08-04 02:13:37.373 16244 16791 I art     : Starting a blocking GC Explicit
08-04 02:13:37.414 16244 16791 I art     : Explicit concurrent mark sweep GC freed 1343(80KB) AllocSpace objects, 1(20KB) LOS objects, 38% free, 25MB/41MB, paused 264us total 41.307ms
08-04 02:13:37.430 16244 16791 I art     : Starting a blocking GC Explicit
08-04 02:13:37.463 16244 16791 I art     : Explicit concurrent mark sweep GC freed 20(704B) AllocSpace objects, 0(0B) LOS objects, 38% free, 25MB/41MB, paused 227us total 32.446ms
08-04 02:13:37.477 16244 16791 I art     : Starting a blocking GC Explicit
08-04 02:13:37.510 16244 16791 I art     : Explicit concurrent mark sweep GC freed 3(96B) AllocSpace objects, 0(0B) LOS objects, 38% free, 25MB/41MB, paused 233us total 32.283ms
08-04 02:13:37.523 16244 16791 I art     : Starting a blocking GC Explicit
08-04 02:13:37.555 16244 16791 I art     : Explicit concurrent mark sweep GC freed 3(96B) AllocSpace objects, 0(0B) LOS objects, 38% free, 25MB/41MB, paused 233us total 31.529ms
08-04 02:13:37.569 16244 16791 I art     : Starting a blocking GC Explicit
08-04 02:13:37.600 16244 16791 I art     : Explicit concurrent mark sweep GC freed 3(96B) AllocSpace objects, 0(0B) LOS objects, 38% free, 25MB/41MB, paused 234us total 31.335ms
08-04 02:13:37.911 16244 16266 I art     : Starting a blocking GC Explicit
08-04 02:13:37.949 16244 16266 I art     : Explicit concurrent mark sweep GC freed 1343(80KB) AllocSpace objects, 1(20KB) LOS objects, 38% free, 25MB/41MB, paused 261us total 37.167ms
08-04 02:13:37.965 16244 16266 I art     : Starting a blocking GC Explicit
08-04 02:13:37.998 16244 16266 I art     : Explicit concurrent mark sweep GC freed 20(704B) AllocSpace objects, 0(0B) LOS objects, 38% free, 25MB/41MB, paused 233us total 32.528ms
08-04 02:13:38.011 16244 16266 I art     : Starting a blocking GC Explicit
08-04 02:13:38.015   918  3188 I hubconnection: sensorhub said: 'set_bias 3: -5.8560, 0.0000, 0.0000'
08-04 02:13:38.044 16244 16266 I art     : Explicit concurrent mark sweep GC freed 3(96B) AllocSpace objects, 0(0B) LOS objects, 38% free, 25MB/41MB, paused 234us total 32.509ms
08-04 02:13:38.058 16244 16266 I art     : Starting a blocking GC Explicit
08-04 02:13:38.091 16244 16266 I art     : Explicit concurrent mark sweep GC freed 3(96B) AllocSpace objects, 0(0B) LOS objects, 38% free, 25MB/41MB, paused 235us total 32.357ms
08-04 02:13:38.104 16244 16266 I art     : Starting a blocking GC Explicit
08-04 02:13:38.137 16244 16266 I art     : Explicit concurrent mark sweep GC freed 3(96B) AllocSpace objects, 0(0B) LOS objects, 38% free, 25MB/41MB, paused 318us total 32.294ms
08-04 02:13:38.481 16244 16256 I art     : Starting a blocking GC Explicit
08-04 02:13:38.527 16244 16256 I art     : Explicit concurrent mark sweep GC freed 1343(80KB) AllocSpace objects, 1(20KB) LOS objects, 38% free, 25MB/41MB, paused 305us total 46.204ms
08-04 02:13:38.544 16244 16256 I art     : Starting a blocking GC Explicit
08-04 02:13:38.576 16244 16256 I art     : Explicit concurrent mark sweep GC freed 20(704B) AllocSpace objects, 0(0B) LOS objects, 38% free, 25MB/41MB, paused 230us total 32.340ms
08-04 02:13:38.590 16244 16256 I art     : Starting a blocking GC Explicit
08-04 02:13:38.623 16244 16256 I art     : Explicit concurrent mark sweep GC freed 3(96B) AllocSpace objects, 0(0B) LOS objects, 38% free, 25MB/41MB, paused 230us total 32.409ms
08-04 02:13:38.637 16244 16256 I art     : Starting a blocking GC Explicit
08-04 02:13:38.669 16244 16256 I art     : Explicit concurrent mark sweep GC freed 3(96B) AllocSpace objects, 0(0B) LOS objects, 38% free, 25MB/41MB, paused 256us total 32.327ms
08-04 02:13:38.683 16244 16256 I art     : Starting a blocking GC Explicit
08-04 02:13:38.715 16244 16256 I art     : Explicit concurrent mark sweep GC freed 3(96B) AllocSpace objects, 0(0B) LOS objects, 38% free, 25MB/41MB, paused 226us total 32.155ms
08-04 02:13:39.042 16244 16757 I art     : Starting a blocking GC Explicit
08-04 02:13:39.086 16244 16757 I art     : Explicit concurrent mark sweep GC freed 1343(80KB) AllocSpace objects, 1(20KB) LOS objects, 38% free, 25MB/41MB, paused 254us total 44.255ms
08-04 02:13:39.102 16244 16757 I art     : Starting a blocking GC Explicit
08-04 02:13:39.135 16244 16757 I art     : Explicit concurrent mark sweep GC freed 20(704B) AllocSpace objects, 0(0B) LOS objects, 38% free, 25MB/41MB, paused 308us total 32.248ms
08-04 02:13:39.149 16244 16757 I art     : Starting a blocking GC Explicit
08-04 02:13:39.182 16244 16757 I art     : Explicit concurrent mark sweep GC freed 3(96B) AllocSpace objects, 0(0B) LOS objects, 38% free, 25MB/41MB, paused 228us total 32.720ms
08-04 02:13:39.195 16244 16757 I art     : Starting a blocking GC Explicit
08-04 02:13:39.228 16244 16757 I art     : Explicit concurrent mark sweep GC freed 3(96B) AllocSpace objects, 0(0B) LOS objects, 38% free, 25MB/41MB, paused 221us total 32.298ms
08-04 02:13:39.242 16244 16757 I art     : Starting a blocking GC Explicit
08-04 02:13:39.274 16244 16757 I art     : Explicit concurrent mark sweep GC freed 3(96B) AllocSpace objects, 0(0B) LOS objects, 38% free, 25MB/41MB, paused 234us total 32.259ms
08-04 02:13:39.585 16244 16255 I art     : Starting a blocking GC Explicit
08-04 02:13:39.626 16244 16255 I art     : Explicit concurrent mark sweep GC freed 1345(80KB) AllocSpace objects, 1(20KB) LOS objects, 38% free, 25MB/41MB, paused 251us total 40.395ms
08-04 02:13:39.645 16244 16255 I art     : Starting a blocking GC Explicit
08-04 02:13:39.677 16244 16255 I art     : Explicit concurrent mark sweep GC freed 20(704B) AllocSpace objects, 0(0B) LOS objects, 38% free, 25MB/41MB, paused 236us total 31.907ms
08-04 02:13:39.691 16244 16255 I art     : Starting a blocking GC Explicit
08-04 02:13:39.723 16244 16255 I art     : Explicit concurrent mark sweep GC freed 3(96B) AllocSpace objects, 0(0B) LOS objects, 38% free, 25MB/41MB, paused 241us total 32.231ms
08-04 02:13:39.737 16244 16255 I art     : Starting a blocking GC Explicit
08-04 02:13:39.769 16244 16255 I art     : Explicit concurrent mark sweep GC freed 3(96B) AllocSpace objects, 0(0B) LOS objects, 38% free, 25MB/41MB, paused 229us total 32.051ms
08-04 02:13:39.783 16244 16255 I art     : Starting a blocking GC Explicit
08-04 02:13:39.816 16244 16255 I art     : Explicit concurrent mark sweep GC freed 3(96B) AllocSpace objects, 0(0B) LOS objects, 38% free, 25MB/41MB, paused 248us total 32.441ms
08-04 02:13:40.158 16244 16791 I art     : Starting a blocking GC Explicit
08-04 02:13:40.202 16244 16791 I art     : Explicit concurrent mark sweep GC freed 1343(80KB) AllocSpace objects, 1(20KB) LOS objects, 38% free, 25MB/41MB, paused 261us total 43.613ms
08-04 02:13:40.218 16244 16791 I art     : Starting a blocking GC Explicit
08-04 02:13:40.250 16244 16791 I art     : Explicit concurrent mark sweep GC freed 20(704B) AllocSpace objects, 0(0B) LOS objects, 38% free, 25MB/41MB, paused 217us total 32.160ms
08-04 02:13:40.264 16244 16791 I art     : Starting a blocking GC Explicit
08-04 02:13:40.296 16244 16791 I art     : Explicit concurrent mark sweep GC freed 3(96B) AllocSpace objects, 0(0B) LOS objects, 38% free, 25MB/41MB, paused 223us total 31.348ms
08-04 02:13:40.310 16244 16791 I art     : Starting a blocking GC Explicit
08-04 02:13:40.340 16244 16791 I art     : Explicit concurrent mark sweep GC freed 3(96B) AllocSpace objects, 0(0B) LOS objects, 38% free, 25MB/41MB, paused 226us total 30.408ms
08-04 02:13:40.353 16244 16791 I art     : Starting a blocking GC Explicit
08-04 02:13:40.384 16244 16791 I art     : Explicit concurrent mark sweep GC freed 3(96B) AllocSpace objects, 0(0B) LOS objects, 38% free, 25MB/41MB, paused 216us total 30.120ms
08-04 02:13:40.669 16244 16266 I art     : Starting a blocking GC Explicit
08-04 02:13:40.677 17512 17512 D AndroidRuntime: >>>>>> START com.android.internal.os.RuntimeInit uid 2000 <<<<<<
08-04 02:13:40.682 17512 17512 D AndroidRuntime: CheckJNI is OFF
08-04 02:13:40.701 16244 16266 I art     : Explicit concurrent mark sweep GC freed 1343(80KB) AllocSpace objects, 1(20KB) LOS objects, 38% free, 25MB/41MB, paused 231us total 32.361ms
08-04 02:13:40.715 16244 16266 I art     : Starting a blocking GC Explicit
08-04 02:13:40.722 17512 17512 D ICU     : No timezone override file found: /data/misc/zoneinfo/current/icu/icu_tzdata.dat
08-04 02:13:40.745 16244 16266 I art     : Explicit concurrent mark sweep GC freed 20(704B) AllocSpace objects, 0(0B) LOS objects, 38% free, 25MB/41MB, paused 239us total 29.823ms
08-04 02:13:40.757 17512 17512 I Radio-JNI: register_android_hardware_Radio DONE
08-04 02:13:40.758 16244 16266 I art     : Starting a blocking GC Explicit
08-04 02:13:40.779 17512 17512 D AndroidRuntime: Calling main entry com.android.commands.input.Input
08-04 02:13:40.781 17512 17512 I Input   : injectKeyEvent: KeyEvent { action=ACTION_DOWN, keyCode=KEYCODE_BACK, scanCode=0, metaState=0, flags=0x0, repeatCount=0, eventTime=670437194, downTime=670437194, deviceId=-1, source=0x101 }
08-04 02:13:40.788 17512 17512 I Input   : injectKeyEvent: KeyEvent { action=ACTION_UP, keyCode=KEYCODE_BACK, scanCode=0, metaState=0, flags=0x0, repeatCount=0, eventTime=670437194, downTime=670437194, deviceId=-1, source=0x101 }
08-04 02:13:40.788 16244 16266 I art     : Explicit concurrent mark sweep GC freed 3(96B) AllocSpace objects, 0(0B) LOS objects, 38% free, 25MB/41MB, paused 368us total 30.260ms
08-04 02:13:40.794 17512 17512 D AndroidRuntime: Shutting down VM
08-04 02:13:40.801 16244 16266 I art     : Starting a blocking GC Explicit
08-04 02:13:40.829 16244 16266 I art     : Explicit concurrent mark sweep GC freed 130(4KB) AllocSpace objects, 0(0B) LOS objects, 38% free, 25MB/41MB, paused 212us total 27.591ms
08-04 02:13:40.832 13866 13866 I GoogleInputMethodServic: GoogleInputMethodService.onFinishInput():3138 
08-04 02:13:40.833 13866 13866 I GoogleInputMethodServic: GoogleInputMethodService.onStartInput():1808 
08-04 02:13:40.842 16244 16266 I art     : Starting a blocking GC Explicit
08-04 02:13:40.870 16244 16266 I art     : Explicit concurrent mark sweep GC freed 111(3KB) AllocSpace objects, 0(0B) LOS objects, 38% free, 25MB/41MB, paused 246us total 27.694ms
08-04 02:13:41.122 16244 16255 I art     : Starting a blocking GC Explicit
08-04 02:13:41.151 16244 16255 I art     : Explicit concurrent mark sweep GC freed 1355(80KB) AllocSpace objects, 1(20KB) LOS objects, 38% free, 25MB/41MB, paused 204us total 28.581ms
08-04 02:13:41.163   380   380 W SurfaceFlinger: couldn't log to binary event log: overflow.
08-04 02:13:41.163 16244 16255 I art     : Starting a blocking GC Explicit
08-04 02:13:41.193 16244 16255 I art     : Explicit concurrent mark sweep GC freed 68(2384B) AllocSpace objects, 0(0B) LOS objects, 38% free, 25MB/41MB, paused 219us total 29.254ms
08-04 02:13:41.206 16244 16255 I art     : Starting a blocking GC Explicit
08-04 02:13:41.234 16244 16255 I art     : Explicit concurrent mark sweep GC freed 118(6KB) AllocSpace objects, 0(0B) LOS objects, 38% free, 25MB/41MB, paused 226us total 28.413ms
08-04 02:13:41.248 16244 16255 I art     : Starting a blocking GC Explicit
08-04 02:13:41.275 16244 16255 I art     : Explicit concurrent mark sweep GC freed 3727(304KB) AllocSpace objects, 5(140KB) LOS objects, 39% free, 24MB/40MB, paused 225us total 27.369ms
08-04 02:13:41.289 16244 16255 I art     : Starting a blocking GC Explicit
08-04 02:13:41.318 16244 16255 I art     : Explicit concurrent mark sweep GC freed 3(96B) AllocSpace objects, 0(0B) LOS objects, 39% free, 24MB/40MB, paused 230us total 29.072ms
08-04 02:13:41.322   518   646 I ThermalEngine: ACTION: GPU - Setting GPU[0] to 600000000
08-04 02:13:41.597 16244 16266 I art     : Starting a blocking GC Explicit
08-04 02:13:41.640 16244 16266 I art     : Explicit concurrent mark sweep GC freed 1343(80KB) AllocSpace objects, 1(20KB) LOS objects, 39% free, 24MB/40MB, paused 212us total 42.706ms
08-04 02:13:41.656 16244 16266 I art     : Starting a blocking GC Explicit
08-04 02:13:41.682 16244 16266 I art     : Explicit concurrent mark sweep GC freed 20(704B) AllocSpace objects, 0(0B) LOS objects, 39% free, 24MB/40MB, paused 180us total 24.938ms
08-04 02:13:41.692 16244 16266 I art     : Starting a blocking GC Explicit
08-04 02:13:41.717 16244 16266 I art     : Explicit concurrent mark sweep GC freed 3(96B) AllocSpace objects, 0(0B) LOS objects, 39% free, 24MB/40MB, paused 215us total 24.375ms
08-04 02:13:41.727 16244 16266 I art     : Starting a blocking GC Explicit
08-04 02:13:41.751 16244 16266 I art     : Explicit concurrent mark sweep GC freed 3(96B) AllocSpace objects, 0(0B) LOS objects, 39% free, 24MB/40MB, paused 160us total 23.907ms
08-04 02:13:41.761 16244 16266 I art     : Starting a blocking GC Explicit
08-04 02:13:41.786 16244 16266 I art     : Explicit concurrent mark sweep GC freed 3(96B) AllocSpace objects, 0(0B) LOS objects, 39% free, 24MB/40MB, paused 172us total 24.640ms
08-04 02:13:42.074 16244 16256 I art     : Starting a blocking GC Explicit
08-04 02:13:42.101 16244 16256 I art     : Explicit concurrent mark sweep GC freed 1343(80KB) AllocSpace objects, 1(20KB) LOS objects, 39% free, 24MB/40MB, paused 208us total 27.669ms
08-04 02:13:42.113 16244 16256 I art     : Starting a blocking GC Explicit
08-04 02:13:42.136 16244 16256 I art     : Explicit concurrent mark sweep GC freed 20(704B) AllocSpace objects, 0(0B) LOS objects, 39% free, 24MB/40MB, paused 176us total 23.364ms
08-04 02:13:42.146 16244 16256 I art     : Starting a blocking GC Explicit
08-04 02:13:42.170 16244 16256 I art     : Explicit concurrent mark sweep GC freed 3(96B) AllocSpace objects, 0(0B) LOS objects, 39% free, 24MB/40MB, paused 173us total 23.336ms
08-04 02:13:42.180 16244 16256 I art     : Starting a blocking GC Explicit
08-04 02:13:42.203 16244 16256 I art     : Explicit concurrent mark sweep GC freed 3(96B) AllocSpace objects, 0(0B) LOS objects, 39% free, 24MB/40MB, paused 176us total 23.336ms
08-04 02:13:42.213 16244 16256 I art     : Starting a blocking GC Explicit
08-04 02:13:42.237 16244 16256 I art     : Explicit concurrent mark sweep GC freed 3(96B) AllocSpace objects, 0(0B) LOS objects, 39% free, 24MB/40MB, paused 169us total 23.241ms
08-04 02:13:42.329   518   646 I ThermalEngine: ACTION: GPU - Setting GPU[0] to 510000000
08-04 02:13:42.380 17568 17568 D AndroidRuntime: >>>>>> START com.android.internal.os.RuntimeInit uid 2000 <<<<<<
08-04 02:13:42.386 17568 17568 D AndroidRuntime: CheckJNI is OFF
08-04 02:13:42.423 17568 17568 D ICU     : No timezone override file found: /data/misc/zoneinfo/current/icu/icu_tzdata.dat
08-04 02:13:42.456 17568 17568 I Radio-JNI: register_android_hardware_Radio DONE
08-04 02:13:42.477 17568 17568 D AndroidRuntime: Calling main entry com.android.commands.input.Input
08-04 02:13:42.479 17568 17568 I Input   : injectMotionEvent: MotionEvent { action=ACTION_DOWN, actionButton=0, id[0]=0, x[0]=600.0, y[0]=700.0, toolType[0]=TOOL_TYPE_UNKNOWN, buttonState=0, metaState=0, flags=0x0, edgeFlags=0x0, pointerCount=1, historySize=0, eventTime=670438892, downTime=670438892, deviceId=0, source=0x1002 }
08-04 02:13:42.483 17568 17568 I Input   : injectMotionEvent: MotionEvent { action=ACTION_UP, actionButton=0, id[0]=0, x[0]=600.0, y[0]=700.0, toolType[0]=TOOL_TYPE_UNKNOWN, buttonState=0, metaState=0, flags=0x0, edgeFlags=0x0, pointerCount=1, historySize=0, eventTime=670438892, downTime=670438892, deviceId=0, source=0x1002 }
08-04 02:13:42.484 17568 17568 D AndroidRuntime: Shutting down VM
08-04 02:13:42.504   918  5481 I ActivityManager: START u0 {dat=https://oauth.reddit.com/... cmp=baseline.org.quantumbadger.redreader/.activities.CommentListingActivity} from uid 10666 on display 0
08-04 02:13:42.504   512  2967 D audio_hw_primary: out_set_parameters: enter: usecase(1: low-latency-playback) kvpairs: routing=2
08-04 02:13:42.515 16244 16266 I art     : Starting a blocking GC Explicit
08-04 02:13:42.517   512  2967 D audio_hw_primary: select_devices: out_snd_device(2: speaker) in_snd_device(0: none)
08-04 02:13:42.517   512  2967 D msm8974_platform: platform_send_audio_calibration: sending audio calibration for snd_device(2) acdb_id(15)
08-04 02:13:42.518   512  2967 I soundtrigger: audio_extn_sound_trigger_update_device_status: device 0x2 of type 0 for Event 1
08-04 02:13:42.524 16244 16244 I AppCompatViewInflater: app:theme is now deprecated. Please move to using android:theme instead.
08-04 02:13:42.533   512  2967 D audio_hw_primary: enable_snd_device: snd_device(2: speaker)
08-04 02:13:42.535   512  2967 D audio_hw_primary: enable_audio_route: apply and update mixer path: low-latency-playback speaker
08-04 02:13:42.541 16244 16860 I CommentListingActivity: COMMENTS session changed to 9a074e59-8c57-40a2-9f76-f6b6de75411b
08-04 02:13:42.547 16244 16266 I art     : Explicit concurrent mark sweep GC freed 3476(248KB) AllocSpace objects, 1(20KB) LOS objects, 38% free, 25MB/41MB, paused 850us total 31.517ms
08-04 02:13:42.560 16244 16266 I art     : Starting a blocking GC Explicit
08-04 02:13:42.593 16244 16266 I art     : Explicit concurrent mark sweep GC freed 7287(504KB) AllocSpace objects, 1(16KB) LOS objects, 38% free, 26MB/42MB, paused 826us total 33.088ms
08-04 02:13:42.609 16244 16266 I art     : Starting a blocking GC Explicit
08-04 02:13:42.612 13866 13866 I GoogleInputMethodServic: GoogleInputMethodService.onFinishInput():3138 
08-04 02:13:42.612   918   936 I ActivityManager: Displayed baseline.org.quantumbadger.redreader/.activities.CommentListingActivity: +101ms
08-04 02:13:42.613 13866 13866 I GoogleInputMethodServic: GoogleInputMethodService.onStartInput():1808 
08-04 02:13:42.648 16244 16266 I art     : Explicit concurrent mark sweep GC freed 10882(733KB) AllocSpace objects, 1(20KB) LOS objects, 36% free, 27MB/43MB, paused 837us total 38.315ms
08-04 02:13:42.672 16244 16266 I art     : Starting a blocking GC Explicit
08-04 02:13:42.719 16244 16266 I art     : Explicit concurrent mark sweep GC freed 15109(1019KB) AllocSpace objects, 1(16KB) LOS objects, 35% free, 28MB/44MB, paused 391us total 47.622ms
08-04 02:13:42.735 16244 16266 I art     : Starting a blocking GC Explicit
08-04 02:13:42.779 16244 16266 I art     : Explicit concurrent mark sweep GC freed 9751(662KB) AllocSpace objects, 0(0B) LOS objects, 35% free, 28MB/44MB, paused 278us total 44.066ms
08-04 02:13:42.866   380   380 W SurfaceFlinger: couldn't log to binary event log: overflow.
08-04 02:13:43.059 16244 16791 I art     : Starting a blocking GC Explicit
08-04 02:13:43.079   512  2967 D audio_hw_primary: disable_audio_route: reset and update mixer path: low-latency-playback speaker
08-04 02:13:43.080   512  2967 D audio_hw_primary: disable_snd_device: snd_device(2: speaker)
08-04 02:13:43.089   512  2967 I soundtrigger: audio_extn_sound_trigger_update_device_status: device 0x2 of type 0 for Event 0
08-04 02:13:43.104 16244 16791 I art     : Explicit concurrent mark sweep GC freed 20668(943KB) AllocSpace objects, 1(20KB) LOS objects, 36% free, 27MB/43MB, paused 252us total 45.107ms
08-04 02:13:43.120 16244 16791 I art     : Starting a blocking GC Explicit
08-04 02:13:43.159 16244 16791 I art     : Explicit concurrent mark sweep GC freed 30(1184B) AllocSpace objects, 0(0B) LOS objects, 36% free, 27MB/43MB, paused 225us total 38.763ms
08-04 02:13:43.174 16244 16791 I art     : Starting a blocking GC Explicit
08-04 02:13:43.215 16244 16791 I art     : Explicit concurrent mark sweep GC freed 3(96B) AllocSpace objects, 0(0B) LOS objects, 36% free, 27MB/43MB, paused 213us total 41.446ms
08-04 02:13:43.230 16244 16791 I art     : Starting a blocking GC Explicit
08-04 02:13:43.271 16244 16791 I art     : Explicit concurrent mark sweep GC freed 3(96B) AllocSpace objects, 0(0B) LOS objects, 36% free, 27MB/43MB, paused 204us total 40.709ms
08-04 02:13:43.287 16244 16791 I art     : Starting a blocking GC Explicit
08-04 02:13:43.330 16244 16791 I art     : Explicit concurrent mark sweep GC freed 3(96B) AllocSpace objects, 0(0B) LOS objects, 36% free, 27MB/43MB, paused 231us total 42.716ms
08-04 02:13:43.554 24365 28437 I NetworkScheduler.Stats: Task com.google.android.gms/com.google.android.gms.icing.service.IcingGcmTaskService started execution. cause:4 exec_start_elapsed_seconds: 1653827 [CONTEXT service_id=218 ]
08-04 02:13:43.584 24365 28436 I NetworkScheduler.Stats: Task com.google.android.gms/com.google.android.gms.icing.service.IcingGcmTaskService finished executing. cause:4 result: 1 elapsed_millis: 52 uptime_millis: 51 exec_start_elapsed_seconds: 1653827 [CONTEXT service_id=218 ]
08-04 02:13:43.629 16244 16256 I art     : Starting a blocking GC Explicit
08-04 02:13:43.675 16244 16256 I art     : Explicit concurrent mark sweep GC freed 1343(80KB) AllocSpace objects, 1(20KB) LOS objects, 36% free, 27MB/43MB, paused 249us total 45.163ms
08-04 02:13:43.690 16244 16256 I art     : Starting a blocking GC Explicit
08-04 02:13:43.735 16244 16256 I art     : Explicit concurrent mark sweep GC freed 66(2528B) AllocSpace objects, 0(0B) LOS objects, 36% free, 27MB/43MB, paused 234us total 44.235ms
08-04 02:13:43.750 16244 16256 I art     : Starting a blocking GC Explicit
08-04 02:13:43.794 16244 16256 I art     : Explicit concurrent mark sweep GC freed 3(96B) AllocSpace objects, 0(0B) LOS objects, 36% free, 27MB/43MB, paused 242us total 43.534ms
08-04 02:13:43.809 16244 16256 I art     : Starting a blocking GC Explicit
08-04 02:13:43.853 16244 16256 I art     : Explicit concurrent mark sweep GC freed 3(96B) AllocSpace objects, 0(0B) LOS objects, 36% free, 27MB/43MB, paused 245us total 43.781ms
08-04 02:13:43.868 16244 16256 I art     : Starting a blocking GC Explicit
08-04 02:13:43.913 16244 16256 I art     : Explicit concurrent mark sweep GC freed 3(96B) AllocSpace objects, 0(0B) LOS objects, 36% free, 27MB/43MB, paused 242us total 44.471ms
08-04 02:13:44.210 16244 16791 I art     : Starting a blocking GC Explicit
08-04 02:13:44.260 16244 16791 I art     : Explicit concurrent mark sweep GC freed 1343(80KB) AllocSpace objects, 1(20KB) LOS objects, 36% free, 27MB/43MB, paused 304us total 50.250ms
08-04 02:13:44.275 16244 16791 I art     : Starting a blocking GC Explicit
08-04 02:13:44.319 16244 16791 I art     : Explicit concurrent mark sweep GC freed 20(704B) AllocSpace objects, 0(0B) LOS objects, 36% free, 27MB/43MB, paused 236us total 43.273ms
08-04 02:13:44.334 16244 16791 I art     : Starting a blocking GC Explicit
08-04 02:13:44.379 16244 16791 I art     : Explicit concurrent mark sweep GC freed 3(96B) AllocSpace objects, 0(0B) LOS objects, 36% free, 27MB/43MB, paused 240us total 44.357ms
08-04 02:13:44.394 16244 16791 I art     : Starting a blocking GC Explicit
08-04 02:13:44.439 16244 16791 I art     : Explicit concurrent mark sweep GC freed 3(96B) AllocSpace objects, 0(0B) LOS objects, 36% free, 27MB/43MB, paused 236us total 44.723ms
08-04 02:13:44.454 16244 16791 I art     : Starting a blocking GC Explicit
08-04 02:13:44.499 16244 16791 I art     : Explicit concurrent mark sweep GC freed 3(96B) AllocSpace objects, 0(0B) LOS objects, 36% free, 27MB/43MB, paused 243us total 44.465ms
08-04 02:13:44.815 16244 16266 I art     : Starting a blocking GC Explicit
08-04 02:13:44.876 16244 16266 I art     : Explicit concurrent mark sweep GC freed 1343(80KB) AllocSpace objects, 1(20KB) LOS objects, 36% free, 27MB/43MB, paused 265us total 60.795ms
08-04 02:13:44.895 16244 16266 I art     : Starting a blocking GC Explicit
08-04 02:13:44.940 16244 16266 I art     : Explicit concurrent mark sweep GC freed 20(704B) AllocSpace objects, 0(0B) LOS objects, 36% free, 27MB/43MB, paused 242us total 44.377ms
08-04 02:13:44.955 16244 16266 I art     : Starting a blocking GC Explicit
08-04 02:13:44.999 16244 16266 I art     : Explicit concurrent mark sweep GC freed 3(96B) AllocSpace objects, 0(0B) LOS objects, 36% free, 27MB/43MB, paused 237us total 43.498ms
08-04 02:13:45.014 16244 16266 I art     : Starting a blocking GC Explicit
08-04 02:13:45.059 16244 16266 I art     : Explicit concurrent mark sweep GC freed 3(96B) AllocSpace objects, 0(0B) LOS objects, 36% free, 27MB/43MB, paused 250us total 43.944ms
08-04 02:13:45.074 16244 16266 I art     : Starting a blocking GC Explicit
08-04 02:13:45.118 16244 16266 I art     : Explicit concurrent mark sweep GC freed 3(96B) AllocSpace objects, 0(0B) LOS objects, 36% free, 27MB/43MB, paused 247us total 44.424ms
08-04 02:13:45.435 16244 16255 I art     : Starting a blocking GC Explicit
08-04 02:13:45.490 16244 16255 I art     : Explicit concurrent mark sweep GC freed 1343(80KB) AllocSpace objects, 1(20KB) LOS objects, 36% free, 27MB/43MB, paused 256us total 53.786ms
08-04 02:13:45.510 16244 16255 I art     : Starting a blocking GC Explicit
08-04 02:13:45.553 16244 16255 I art     : Explicit concurrent mark sweep GC freed 20(704B) AllocSpace objects, 0(0B) LOS objects, 36% free, 27MB/43MB, paused 239us total 42.855ms
08-04 02:13:45.569 16244 16255 I art     : Starting a blocking GC Explicit
08-04 02:13:45.614 16244 16255 I art     : Explicit concurrent mark sweep GC freed 3(96B) AllocSpace objects, 0(0B) LOS objects, 36% free, 27MB/43MB, paused 242us total 44.959ms
08-04 02:13:45.630 16244 16255 I art     : Starting a blocking GC Explicit
08-04 02:13:45.673 16244 16255 I art     : Explicit concurrent mark sweep GC freed 3(96B) AllocSpace objects, 0(0B) LOS objects, 36% free, 27MB/43MB, paused 231us total 43.209ms
08-04 02:13:45.688 16244 16255 I art     : Starting a blocking GC Explicit
08-04 02:13:45.733 16244 16255 I art     : Explicit concurrent mark sweep GC freed 3(96B) AllocSpace objects, 0(0B) LOS objects, 36% free, 27MB/43MB, paused 224us total 44.818ms
08-04 02:13:46.044 16244 16757 I art     : Starting a blocking GC Explicit
08-04 02:13:46.104 16244 16757 I art     : Explicit concurrent mark sweep GC freed 1343(80KB) AllocSpace objects, 1(20KB) LOS objects, 36% free, 27MB/43MB, paused 254us total 59.549ms
08-04 02:13:46.123 16244 16757 I art     : Starting a blocking GC Explicit
08-04 02:13:46.168 16244 16757 I art     : Explicit concurrent mark sweep GC freed 20(704B) AllocSpace objects, 0(0B) LOS objects, 36% free, 27MB/43MB, paused 248us total 45.099ms
08-04 02:13:46.184 16244 16757 I art     : Starting a blocking GC Explicit
08-04 02:13:46.229 16244 16757 I art     : Explicit concurrent mark sweep GC freed 3(96B) AllocSpace objects, 0(0B) LOS objects, 36% free, 27MB/43MB, paused 238us total 44.994ms
08-04 02:13:46.244 16244 16757 I art     : Starting a blocking GC Explicit
08-04 02:13:46.288 16244 16757 I art     : Explicit concurrent mark sweep GC freed 3(96B) AllocSpace objects, 0(0B) LOS objects, 36% free, 27MB/43MB, paused 234us total 43.782ms
08-04 02:13:46.304 16244 16757 I art     : Starting a blocking GC Explicit
08-04 02:13:46.349 16244 16757 I art     : Explicit concurrent mark sweep GC freed 3(96B) AllocSpace objects, 0(0B) LOS objects, 36% free, 27MB/43MB, paused 240us total 44.789ms
08-04 02:13:46.652 16244 16256 I art     : Starting a blocking GC Explicit
08-04 02:13:46.707 16244 16256 I art     : Explicit concurrent mark sweep GC freed 1345(80KB) AllocSpace objects, 1(20KB) LOS objects, 36% free, 27MB/43MB, paused 261us total 55.059ms
08-04 02:13:46.730 16244 16256 I art     : Starting a blocking GC Explicit
08-04 02:13:46.771 16244 16256 I art     : Explicit concurrent mark sweep GC freed 20(704B) AllocSpace objects, 0(0B) LOS objects, 36% free, 27MB/43MB, paused 218us total 40.709ms
08-04 02:13:46.785 16244 16256 I art     : Starting a blocking GC Explicit
08-04 02:13:46.827 16244 16256 I art     : Explicit concurrent mark sweep GC freed 3(96B) AllocSpace objects, 0(0B) LOS objects, 36% free, 27MB/43MB, paused 243us total 41.568ms
08-04 02:13:46.842 16244 16256 I art     : Starting a blocking GC Explicit
08-04 02:13:46.884 16244 16256 I art     : Explicit concurrent mark sweep GC freed 3(96B) AllocSpace objects, 0(0B) LOS objects, 36% free, 27MB/43MB, paused 236us total 41.704ms
08-04 02:13:46.899 16244 16256 I art     : Starting a blocking GC Explicit
08-04 02:13:46.940 16244 16256 I art     : Explicit concurrent mark sweep GC freed 3(96B) AllocSpace objects, 0(0B) LOS objects, 36% free, 27MB/43MB, paused 241us total 41.532ms
08-04 02:13:47.140 17667 17667 D AndroidRuntime: >>>>>> START com.android.internal.os.RuntimeInit uid 2000 <<<<<<
08-04 02:13:47.145 17667 17667 D AndroidRuntime: CheckJNI is OFF
08-04 02:13:47.177 17667 17667 D ICU     : No timezone override file found: /data/misc/zoneinfo/current/icu/icu_tzdata.dat
08-04 02:13:47.210 17667 17667 I Radio-JNI: register_android_hardware_Radio DONE
08-04 02:13:47.232 17667 17667 D AndroidRuntime: Calling main entry com.android.commands.input.Input
08-04 02:13:47.233 17667 17667 I Input   : injectKeyEvent: KeyEvent { action=ACTION_DOWN, keyCode=KEYCODE_BACK, scanCode=0, metaState=0, flags=0x0, repeatCount=0, eventTime=670443646, downTime=670443646, deviceId=-1, source=0x101 }
08-04 02:13:47.238 17667 17667 I Input   : injectKeyEvent: KeyEvent { action=ACTION_UP, keyCode=KEYCODE_BACK, scanCode=0, metaState=0, flags=0x0, repeatCount=0, eventTime=670443646, downTime=670443646, deviceId=-1, source=0x101 }
08-04 02:13:47.243 17667 17667 D AndroidRuntime: Shutting down VM
08-04 02:13:47.245 16244 16757 I art     : Starting a blocking GC Explicit
08-04 02:13:47.280 13866 13866 I GoogleInputMethodServic: GoogleInputMethodService.onFinishInput():3138 
08-04 02:13:47.281 13866 13866 I GoogleInputMethodServic: GoogleInputMethodService.onStartInput():1808 
08-04 02:13:47.288 16244 16757 I art     : Explicit concurrent mark sweep GC freed 1475(85KB) AllocSpace objects, 1(20KB) LOS objects, 36% free, 27MB/43MB, paused 481us total 42.820ms
08-04 02:13:47.304 16244 16757 I art     : Starting a blocking GC Explicit
08-04 02:13:47.343 16244 16757 I art     : Explicit concurrent mark sweep GC freed 134(4KB) AllocSpace objects, 0(0B) LOS objects, 36% free, 27MB/43MB, paused 229us total 39.246ms
08-04 02:13:47.357 16244 16757 I art     : Starting a blocking GC Explicit
08-04 02:13:47.394 16244 16757 I art     : Explicit concurrent mark sweep GC freed 5(176B) AllocSpace objects, 0(0B) LOS objects, 36% free, 27MB/43MB, paused 223us total 36.796ms
08-04 02:13:47.410 16244 16757 I art     : Starting a blocking GC Explicit
08-04 02:13:47.455 16244 16757 I art     : Explicit concurrent mark sweep GC freed 3(96B) AllocSpace objects, 0(0B) LOS objects, 36% free, 27MB/43MB, paused 237us total 44.855ms
08-04 02:13:47.475 16244 16757 I art     : Starting a blocking GC Explicit
08-04 02:13:47.514 16244 17594 I RedditChangeDataIO: Writing tmp data file at '/data/user/0/baseline.org.quantumbadger.redreader/files/rr_change_data_tmp.dat'
08-04 02:13:47.515 16244 17594 I RedditChangeDataManager: Taking snapshot...
08-04 02:13:47.515 16244 17594 I RedditChangeDataManager: Writing to stream...
08-04 02:13:47.515 16244 17594 I RedditChangeDataManager: Wrote 3 entries for user ''
08-04 02:13:47.515 16244 17594 I RedditChangeDataManager: All entries written to stream.
08-04 02:13:47.516 16244 17594 I RedditChangeDataIO: Write successful. Atomically replacing data file...
08-04 02:13:47.516 16244 17594 I RedditChangeDataIO: Write complete.
08-04 02:13:47.516 16244 16757 I art     : Explicit concurrent mark sweep GC freed 30(2144B) AllocSpace objects, 0(0B) LOS objects, 36% free, 27MB/43MB, paused 305us total 40.655ms
08-04 02:13:47.516 16244 17594 I RedditChangeDataIO: 86 bytes written in 2 ms
08-04 02:13:47.587   380   380 W SurfaceFlinger: couldn't log to binary event log: overflow.
08-04 02:13:47.772 16244 16791 I art     : Starting a blocking GC Explicit
08-04 02:13:47.818 16244 16791 I art     : Explicit concurrent mark sweep GC freed 1446(85KB) AllocSpace objects, 2(88KB) LOS objects, 36% free, 27MB/43MB, paused 266us total 45.398ms
08-04 02:13:47.833 16244 16791 I art     : Starting a blocking GC Explicit
08-04 02:13:47.868 16244 16791 I art     : Explicit concurrent mark sweep GC freed 46782(2MB) AllocSpace objects, 5(140KB) LOS objects, 39% free, 24MB/40MB, paused 269us total 34.197ms
08-04 02:13:47.881 16244 16791 I art     : Starting a blocking GC Explicit
08-04 02:13:47.912 16244 16791 I art     : Explicit concurrent mark sweep GC freed 3(96B) AllocSpace objects, 0(0B) LOS objects, 39% free, 24MB/40MB, paused 232us total 29.969ms
08-04 02:13:47.925 16244 16791 I art     : Starting a blocking GC Explicit
08-04 02:13:47.955 16244 16791 I art     : Explicit concurrent mark sweep GC freed 3(96B) AllocSpace objects, 0(0B) LOS objects, 39% free, 24MB/40MB, paused 232us total 29.537ms
08-04 02:13:47.968 16244 16791 I art     : Starting a blocking GC Explicit
08-04 02:13:47.998 16244 16791 I art     : Explicit concurrent mark sweep GC freed 3(96B) AllocSpace objects, 0(0B) LOS objects, 39% free, 24MB/40MB, paused 234us total 29.817ms
08-04 02:13:48.273 16244 16255 I art     : Starting a blocking GC Explicit
08-04 02:13:48.312 16244 16255 I art     : Explicit concurrent mark sweep GC freed 1343(80KB) AllocSpace objects, 1(20KB) LOS objects, 39% free, 24MB/40MB, paused 256us total 38.583ms
08-04 02:13:48.330 16244 16255 I art     : Starting a blocking GC Explicit
08-04 02:13:48.364 16244 16255 I art     : Explicit concurrent mark sweep GC freed 20(704B) AllocSpace objects, 0(0B) LOS objects, 39% free, 24MB/40MB, paused 233us total 33.692ms
08-04 02:13:48.378 16244 16255 I art     : Starting a blocking GC Explicit
08-04 02:13:48.409 16244 16255 I art     : Explicit concurrent mark sweep GC freed 3(96B) AllocSpace objects, 0(0B) LOS objects, 39% free, 24MB/40MB, paused 233us total 30.899ms
08-04 02:13:48.422 16244 16255 I art     : Starting a blocking GC Explicit
08-04 02:13:48.454 16244 16255 I art     : Explicit concurrent mark sweep GC freed 3(96B) AllocSpace objects, 0(0B) LOS objects, 39% free, 24MB/40MB, paused 235us total 31.101ms
08-04 02:13:48.467 16244 16255 I art     : Starting a blocking GC Explicit
08-04 02:13:48.497 16244 16255 I art     : Explicit concurrent mark sweep GC freed 3(96B) AllocSpace objects, 0(0B) LOS objects, 39% free, 24MB/40MB, paused 209us total 29.138ms
08-04 02:13:48.758 16244 16266 I art     : Starting a blocking GC Explicit
08-04 02:13:48.789 16244 16266 I art     : Explicit concurrent mark sweep GC freed 1343(80KB) AllocSpace objects, 1(20KB) LOS objects, 39% free, 24MB/40MB, paused 234us total 30.447ms
08-04 02:13:48.803 16244 16266 I art     : Starting a blocking GC Explicit
08-04 02:13:48.829 16244 16266 I art     : Explicit concurrent mark sweep GC freed 20(704B) AllocSpace objects, 0(0B) LOS objects, 39% free, 24MB/40MB, paused 225us total 26.555ms
08-04 02:13:48.842 16244 16266 I art     : Starting a blocking GC Explicit
08-04 02:13:48.871 16244 16266 I art     : Explicit concurrent mark sweep GC freed 3(96B) AllocSpace objects, 0(0B) LOS objects, 39% free, 24MB/40MB, paused 233us total 28.764ms
08-04 02:13:48.884 16244 16266 I art     : Starting a blocking GC Explicit
08-04 02:13:48.892 17711 17711 D AndroidRuntime: >>>>>> START com.android.internal.os.RuntimeInit uid 2000 <<<<<<
08-04 02:13:48.897 17711 17711 D AndroidRuntime: CheckJNI is OFF
08-04 02:13:48.913 16244 16266 I art     : Explicit concurrent mark sweep GC freed 3(96B) AllocSpace objects, 0(0B) LOS objects, 39% free, 24MB/40MB, paused 231us total 28.797ms
08-04 02:13:48.926 16244 16266 I art     : Starting a blocking GC Explicit
08-04 02:13:48.935 17711 17711 D ICU     : No timezone override file found: /data/misc/zoneinfo/current/icu/icu_tzdata.dat
08-04 02:13:48.955 16244 16266 I art     : Explicit concurrent mark sweep GC freed 3(96B) AllocSpace objects, 0(0B) LOS objects, 39% free, 24MB/40MB, paused 228us total 28.900ms
08-04 02:13:48.970 17711 17711 I Radio-JNI: register_android_hardware_Radio DONE
08-04 02:13:48.992 17711 17711 D AndroidRuntime: Calling main entry com.android.commands.input.Input
08-04 02:13:48.993 17711 17711 I Input   : injectKeyEvent: KeyEvent { action=ACTION_DOWN, keyCode=KEYCODE_BACK, scanCode=0, metaState=0, flags=0x0, repeatCount=0, eventTime=670445406, downTime=670445406, deviceId=-1, source=0x101 }
08-04 02:13:48.999 17711 17711 I Input   : injectKeyEvent: KeyEvent { action=ACTION_UP, keyCode=KEYCODE_BACK, scanCode=0, metaState=0, flags=0x0, repeatCount=0, eventTime=670445406, downTime=670445406, deviceId=-1, source=0x101 }
08-04 02:13:49.003 17711 17711 D AndroidRuntime: Shutting down VM
08-04 02:13:49.049 13866 13866 I GoogleInputMethodServic: GoogleInputMethodService.onFinishInput():3138 
08-04 02:13:49.049 13866 13866 I GoogleInputMethodServic: GoogleInputMethodService.onStartInput():1808 
08-04 02:13:49.205 16244 16266 I art     : Starting a blocking GC Explicit
08-04 02:13:49.234 16244 16266 I art     : Explicit concurrent mark sweep GC freed 1522(86KB) AllocSpace objects, 1(20KB) LOS objects, 39% free, 24MB/40MB, paused 230us total 29.144ms
08-04 02:13:49.247 16244 16266 I art     : Starting a blocking GC Explicit
08-04 02:13:49.275 16244 16266 I art     : Explicit concurrent mark sweep GC freed 24(864B) AllocSpace objects, 0(0B) LOS objects, 39% free, 24MB/40MB, paused 200us total 27.599ms
08-04 02:13:49.289 16244 16266 I art     : Starting a blocking GC Explicit
08-04 02:13:49.317 16244 16266 I art     : Explicit concurrent mark sweep GC freed 3(96B) AllocSpace objects, 0(0B) LOS objects, 39% free, 24MB/40MB, paused 267us total 27.808ms
08-04 02:13:49.330 16244 16266 I art     : Starting a blocking GC Explicit
08-04 02:13:49.358 16244 16266 I art     : Explicit concurrent mark sweep GC freed 37(1072B) AllocSpace objects, 0(0B) LOS objects, 39% free, 24MB/40MB, paused 388us total 28.043ms
08-04 02:13:49.372 16244 16266 I art     : Starting a blocking GC Explicit
08-04 02:13:49.400 16244 16266 I art     : Explicit concurrent mark sweep GC freed 30(1376B) AllocSpace objects, 0(0B) LOS objects, 39% free, 24MB/40MB, paused 221us total 27.053ms
08-04 02:13:49.649 16244 16255 I art     : Starting a blocking GC Explicit
08-04 02:13:49.682 16244 16255 I art     : Explicit concurrent mark sweep GC freed 1473(86KB) AllocSpace objects, 1(20KB) LOS objects, 39% free, 24MB/40MB, paused 283us total 32.844ms
08-04 02:13:49.703 16244 16255 I art     : Starting a blocking GC Explicit
08-04 02:13:49.732 16244 16255 I art     : Explicit concurrent mark sweep GC freed 20(704B) AllocSpace objects, 0(0B) LOS objects, 39% free, 24MB/40MB, paused 252us total 29.134ms
08-04 02:13:49.745 16244 16255 I art     : Starting a blocking GC Explicit
08-04 02:13:49.774 16244 16255 I art     : Explicit concurrent mark sweep GC freed 3(96B) AllocSpace objects, 0(0B) LOS objects, 39% free, 24MB/40MB, paused 240us total 29ms
08-04 02:13:49.787 16244 16255 I art     : Starting a blocking GC Explicit
08-04 02:13:49.817 16244 16255 I art     : Explicit concurrent mark sweep GC freed 3(96B) AllocSpace objects, 0(0B) LOS objects, 39% free, 24MB/40MB, paused 273us total 30.132ms
08-04 02:13:49.831 16244 16255 I art     : Starting a blocking GC Explicit
08-04 02:13:49.862 16244 16255 I art     : Explicit concurrent mark sweep GC freed 3(96B) AllocSpace objects, 0(0B) LOS objects, 39% free, 24MB/40MB, paused 252us total 30.613ms
08-04 02:13:50.144 16244 16791 I art     : Starting a blocking GC Explicit
08-04 02:13:50.187 16244 16791 I art     : Explicit concurrent mark sweep GC freed 1343(80KB) AllocSpace objects, 1(20KB) LOS objects, 39% free, 24MB/40MB, paused 282us total 43.038ms
08-04 02:13:50.205 16244 16791 I art     : Starting a blocking GC Explicit
08-04 02:13:50.235 16244 16791 I art     : Explicit concurrent mark sweep GC freed 20(704B) AllocSpace objects, 0(0B) LOS objects, 39% free, 24MB/40MB, paused 247us total 30.402ms
08-04 02:13:50.249 16244 16791 I art     : Starting a blocking GC Explicit
08-04 02:13:50.278 16244 16791 I art     : Explicit concurrent mark sweep GC freed 3(96B) AllocSpace objects, 0(0B) LOS objects, 39% free, 24MB/40MB, paused 254us total 28.738ms
08-04 02:13:50.292 16244 16791 I art     : Starting a blocking GC Explicit
08-04 02:13:50.320 16244 16791 I art     : Explicit concurrent mark sweep GC freed 3(96B) AllocSpace objects, 0(0B) LOS objects, 39% free, 24MB/40MB, paused 245us total 28.232ms
08-04 02:13:50.333 16244 16791 I art     : Starting a blocking GC Explicit
08-04 02:13:50.363 16244 16791 I art     : Explicit concurrent mark sweep GC freed 3(96B) AllocSpace objects, 0(0B) LOS objects, 39% free, 24MB/40MB, paused 246us total 28.915ms
08-04 02:13:50.630 16244 16757 I art     : Starting a blocking GC Explicit
08-04 02:13:50.660 17764 17764 D AndroidRuntime: >>>>>> START com.android.internal.os.RuntimeInit uid 2000 <<<<<<
08-04 02:13:50.662 16244 16757 I art     : Explicit concurrent mark sweep GC freed 1343(80KB) AllocSpace objects, 1(20KB) LOS objects, 39% free, 24MB/40MB, paused 287us total 31.204ms
08-04 02:13:50.665 17764 17764 D AndroidRuntime: CheckJNI is OFF
08-04 02:13:50.676 16244 16757 I art     : Starting a blocking GC Explicit
08-04 02:13:50.700 17764 17764 D ICU     : No timezone override file found: /data/misc/zoneinfo/current/icu/icu_tzdata.dat
08-04 02:13:50.704 16244 16757 I art     : Explicit concurrent mark sweep GC freed 20(704B) AllocSpace objects, 0(0B) LOS objects, 39% free, 24MB/40MB, paused 252us total 27.875ms
08-04 02:13:50.717 16244 16757 I art     : Starting a blocking GC Explicit
08-04 02:13:50.734 17764 17764 I Radio-JNI: register_android_hardware_Radio DONE
08-04 02:13:50.745 16244 16757 I art     : Explicit concurrent mark sweep GC freed 3(96B) AllocSpace objects, 0(0B) LOS objects, 39% free, 24MB/40MB, paused 251us total 28.583ms
08-04 02:13:50.756 17764 17764 D AndroidRuntime: Calling main entry com.android.commands.input.Input
08-04 02:13:50.758 17764 17764 I Input   : injectMotionEvent: MotionEvent { action=ACTION_DOWN, actionButton=0, id[0]=0, x[0]=600.0, y[0]=1536.0, toolType[0]=TOOL_TYPE_UNKNOWN, buttonState=0, metaState=0, flags=0x0, edgeFlags=0x0, pointerCount=1, historySize=0, eventTime=670447171, downTime=670447171, deviceId=0, source=0x1002 }
08-04 02:13:50.758 16244 16757 I art     : Starting a blocking GC Explicit
08-04 02:13:50.764 17764 17764 I Input   : injectMotionEvent: MotionEvent { action=ACTION_UP, actionButton=0, id[0]=0, x[0]=600.0, y[0]=1536.0, toolType[0]=TOOL_TYPE_UNKNOWN, buttonState=0, metaState=0, flags=0x0, edgeFlags=0x0, pointerCount=1, historySize=0, eventTime=670447171, downTime=670447171, deviceId=0, source=0x1002 }
08-04 02:13:50.766 17764 17764 D AndroidRuntime: Shutting down VM
08-04 02:13:50.776   918  6029 I ActivityManager: START u0 {dat=https://oauth.reddit.com/... cmp=baseline.org.quantumbadger.redreader/.activities.PostListingActivity} from uid 10666 on display 0
08-04 02:13:50.777   512  2967 D audio_hw_primary: out_set_parameters: enter: usecase(1: low-latency-playback) kvpairs: routing=2
08-04 02:13:50.789 16244 16757 I art     : Explicit concurrent mark sweep GC freed 74(2560B) AllocSpace objects, 0(0B) LOS objects, 39% free, 24MB/40MB, paused 290us total 30.403ms
08-04 02:13:50.789   512  2967 D audio_hw_primary: select_devices: out_snd_device(2: speaker) in_snd_device(0: none)
08-04 02:13:50.790   512  2967 D msm8974_platform: platform_send_audio_calibration: sending audio calibration for snd_device(2) acdb_id(15)
08-04 02:13:50.790   512  2967 I soundtrigger: audio_extn_sound_trigger_update_device_status: device 0x2 of type 0 for Event 1
08-04 02:13:50.801 16244 16244 I AppCompatViewInflater: app:theme is now deprecated. Please move to using android:theme instead.
08-04 02:13:50.802   512  2967 D audio_hw_primary: enable_snd_device: snd_device(2: speaker)
08-04 02:13:50.803 16244 16757 I art     : Starting a blocking GC Explicit
08-04 02:13:50.804   512  2967 D audio_hw_primary: enable_audio_route: apply and update mixer path: low-latency-playback speaker
08-04 02:13:50.822 16244 17788 D OK      : calling: https://oauth.reddit.com/r/askscience/about.json
08-04 02:13:50.831 16244 16757 I art     : Explicit concurrent mark sweep GC freed 846(75KB) AllocSpace objects, 0(0B) LOS objects, 39% free, 24MB/40MB, paused 352us total 27.902ms
08-04 02:13:50.884   918   936 I ActivityManager: Displayed baseline.org.quantumbadger.redreader/.activities.PostListingActivity: +99ms
08-04 02:13:50.884 13866 13866 I GoogleInputMethodServic: GoogleInputMethodService.onFinishInput():3138 
08-04 02:13:50.885 13866 13866 I GoogleInputMethodServic: GoogleInputMethodService.onStartInput():1808 
08-04 02:13:51.114 16244 16255 I art     : Starting a blocking GC Explicit
08-04 02:13:51.142   380   380 W SurfaceFlinger: couldn't log to binary event log: overflow.
08-04 02:13:51.156 16244 16255 I art     : Explicit concurrent mark sweep GC freed 4355(202KB) AllocSpace objects, 1(20KB) LOS objects, 38% free, 25MB/41MB, paused 320us total 41.408ms
08-04 02:13:51.168 16244 16255 I art     : Starting a blocking GC Explicit
08-04 02:13:51.174 16244 17788 I NAPPA_EXPERIMENTATION: MetricNetworkRequestExecutionTime: REQUEST_DURATION_SYSTEM='352',REQUEST_DURATION_OKHTTP='139',REQUEST_SYNCHRONOUS='TRUE',RESPONSE_CODE='200',RESPONSE_METHOD='GET',RESPONSE_LENGTH_OKHTTP='-1',RESPONSE_LENGTH_HEADER='4700',REQUEST_PROTOCOL='h2',REQUEST_URL='https://oauth.reddit.com/r/askscience/about.json',
08-04 02:13:51.174 16244 17788 D OK      : request got status: 200
08-04 02:13:51.195 16244 16255 I art     : Explicit concurrent mark sweep GC freed 1088(112KB) AllocSpace objects, 1(20KB) LOS objects, 38% free, 25MB/41MB, paused 616us total 26.846ms
08-04 02:13:51.208 16244 16255 I art     : Starting a blocking GC Explicit
08-04 02:13:51.236 16244 16255 I art     : Explicit concurrent mark sweep GC freed 462(58KB) AllocSpace objects, 1(68KB) LOS objects, 38% free, 25MB/41MB, paused 324us total 27.810ms
08-04 02:13:51.249 16244 16255 I art     : Starting a blocking GC Explicit
08-04 02:13:51.278 16244 16255 I art     : Explicit concurrent mark sweep GC freed 529(40KB) AllocSpace objects, 1(68KB) LOS objects, 38% free, 25MB/41MB, paused 380us total 28.947ms
08-04 02:13:51.293 16244 16255 I art     : Starting a blocking GC Explicit
08-04 02:13:51.321 16244 16255 I art     : Explicit concurrent mark sweep GC freed 57(3KB) AllocSpace objects, 0(0B) LOS objects, 38% free, 25MB/41MB, paused 305us total 28.195ms
08-04 02:13:51.349   512  2967 D audio_hw_primary: disable_audio_route: reset and update mixer path: low-latency-playback speaker
08-04 02:13:51.349   512  2967 D audio_hw_primary: disable_snd_device: snd_device(2: speaker)
08-04 02:13:51.357   512  2967 I soundtrigger: audio_extn_sound_trigger_update_device_status: device 0x2 of type 0 for Event 0
08-04 02:13:51.610 16244 16791 I art     : Starting a blocking GC Explicit
08-04 02:13:51.644 16244 16791 I art     : Explicit concurrent mark sweep GC freed 1380(81KB) AllocSpace objects, 1(20KB) LOS objects, 38% free, 25MB/41MB, paused 646us total 33.541ms
08-04 02:13:51.659 16244 16791 I art     : Starting a blocking GC Explicit
08-04 02:13:51.689 16244 16791 I art     : Explicit concurrent mark sweep GC freed 42(1632B) AllocSpace objects, 0(0B) LOS objects, 38% free, 25MB/41MB, paused 303us total 29.894ms
08-04 02:13:51.703 16244 16791 I art     : Starting a blocking GC Explicit
08-04 02:13:51.731 16244 16791 I art     : Explicit concurrent mark sweep GC freed 3(96B) AllocSpace objects, 0(0B) LOS objects, 38% free, 25MB/41MB, paused 261us total 27.927ms
08-04 02:13:51.744 16244 16791 I art     : Starting a blocking GC Explicit
08-04 02:13:51.774 16244 16791 I art     : Explicit concurrent mark sweep GC freed 3(96B) AllocSpace objects, 0(0B) LOS objects, 38% free, 25MB/41MB, paused 271us total 29.612ms
08-04 02:13:51.787 16244 16791 I art     : Starting a blocking GC Explicit
08-04 02:13:51.818 16244 16791 I art     : Explicit concurrent mark sweep GC freed 3(96B) AllocSpace objects, 0(0B) LOS objects, 38% free, 25MB/41MB, paused 278us total 30.966ms
08-04 02:13:52.023 16244 17820 D OK      : calling: https://oauth.reddit.com/r/askscience/hot/.json
08-04 02:13:52.100 16244 16255 I art     : Starting a blocking GC Explicit
08-04 02:13:52.133 16244 16255 I art     : Explicit concurrent mark sweep GC freed 1435(83KB) AllocSpace objects, 1(20KB) LOS objects, 38% free, 25MB/41MB, paused 415us total 32.312ms
08-04 02:13:52.147 16244 16255 I art     : Starting a blocking GC Explicit
08-04 02:13:52.176 16244 16255 I art     : Explicit concurrent mark sweep GC freed 26(960B) AllocSpace objects, 0(0B) LOS objects, 38% free, 25MB/41MB, paused 274us total 28.137ms
08-04 02:13:52.189 16244 16255 I art     : Starting a blocking GC Explicit
08-04 02:13:52.220 16244 16255 I art     : Explicit concurrent mark sweep GC freed 3(96B) AllocSpace objects, 0(0B) LOS objects, 38% free, 25MB/41MB, paused 316us total 30.475ms
08-04 02:13:52.233 16244 16255 I art     : Starting a blocking GC Explicit
08-04 02:13:52.264 16244 16255 I art     : Explicit concurrent mark sweep GC freed 3(96B) AllocSpace objects, 0(0B) LOS objects, 38% free, 25MB/41MB, paused 283us total 30.929ms
08-04 02:13:52.278 16244 16255 I art     : Starting a blocking GC Explicit
08-04 02:13:52.281 16244 17820 I NAPPA_EXPERIMENTATION: MetricNetworkRequestExecutionTime: REQUEST_DURATION_SYSTEM='258',REQUEST_DURATION_OKHTTP='255',REQUEST_SYNCHRONOUS='TRUE',RESPONSE_CODE='200',RESPONSE_METHOD='GET',RESPONSE_LENGTH_OKHTTP='-1',RESPONSE_LENGTH_HEADER='21282',REQUEST_PROTOCOL='h2',REQUEST_URL='https://oauth.reddit.com/r/askscience/hot/.json',
08-04 02:13:52.282 16244 17820 D OK      : request got status: 200
08-04 02:13:52.301 16244 16860 I PostListingFragment: Precaching images: OFF
08-04 02:13:52.302 16244 16860 I PostListingFragment: Precaching comments: OFF
08-04 02:13:52.307 16244 16255 I art     : Explicit concurrent mark sweep GC freed 462(86KB) AllocSpace objects, 0(0B) LOS objects, 38% free, 25MB/41MB, paused 402us total 28.675ms
08-04 02:13:52.561 16244 16266 I art     : Starting a blocking GC Explicit
08-04 02:13:52.599 16244 16266 I art     : Explicit concurrent mark sweep GC freed 20219(901KB) AllocSpace objects, 3(156KB) LOS objects, 38% free, 25MB/41MB, paused 315us total 37.438ms
08-04 02:13:52.612 16244 16266 I art     : Starting a blocking GC Explicit
08-04 02:13:52.645 16244 16266 I art     : Explicit concurrent mark sweep GC freed 13561(628KB) AllocSpace objects, 0(0B) LOS objects, 38% free, 25MB/41MB, paused 423us total 32.723ms
08-04 02:13:52.658 16244 16266 I art     : Starting a blocking GC Explicit
08-04 02:13:52.691 16244 16266 I art     : Explicit concurrent mark sweep GC freed 920(44KB) AllocSpace objects, 0(0B) LOS objects, 38% free, 25MB/41MB, paused 558us total 32.051ms
08-04 02:13:52.704 16244 16266 I art     : Starting a blocking GC Explicit
08-04 02:13:52.739 16244 16266 I art     : Explicit concurrent mark sweep GC freed 371(15KB) AllocSpace objects, 0(0B) LOS objects, 38% free, 25MB/41MB, paused 272us total 34.459ms
08-04 02:13:52.752 16244 16266 I art     : Starting a blocking GC Explicit
08-04 02:13:52.781 16244 16266 I art     : Explicit concurrent mark sweep GC freed 57(3KB) AllocSpace objects, 0(0B) LOS objects, 38% free, 25MB/41MB, paused 237us total 29.518ms
08-04 02:13:53.080 16244 16256 I art     : Starting a blocking GC Explicit
08-04 02:13:53.116 16244 16256 I art     : Explicit concurrent mark sweep GC freed 1628(93KB) AllocSpace objects, 1(20KB) LOS objects, 38% free, 25MB/41MB, paused 279us total 35.870ms
08-04 02:13:53.134 16244 16256 I art     : Starting a blocking GC Explicit
08-04 02:13:53.165 16244 16256 I art     : Explicit concurrent mark sweep GC freed 20(704B) AllocSpace objects, 0(0B) LOS objects, 38% free, 25MB/41MB, paused 269us total 31.179ms
08-04 02:13:53.179 16244 16256 I art     : Starting a blocking GC Explicit
08-04 02:13:53.210 16244 16256 I art     : Explicit concurrent mark sweep GC freed 3(96B) AllocSpace objects, 0(0B) LOS objects, 38% free, 25MB/41MB, paused 298us total 31.476ms
08-04 02:13:53.224 16244 16256 I art     : Starting a blocking GC Explicit
08-04 02:13:53.257 16244 16256 I art     : Explicit concurrent mark sweep GC freed 3(96B) AllocSpace objects, 0(0B) LOS objects, 38% free, 25MB/41MB, paused 293us total 33.326ms
08-04 02:13:53.271 16244 16256 I art     : Starting a blocking GC Explicit
08-04 02:13:53.305 16244 16256 I art     : Explicit concurrent mark sweep GC freed 3(96B) AllocSpace objects, 0(0B) LOS objects, 38% free, 25MB/41MB, paused 277us total 33.115ms
08-04 02:13:53.650 16244 16791 I art     : Starting a blocking GC Explicit
08-04 02:13:53.694 16244 16791 I art     : Explicit concurrent mark sweep GC freed 1344(80KB) AllocSpace objects, 1(20KB) LOS objects, 38% free, 25MB/41MB, paused 323us total 43.431ms
08-04 02:13:53.712 16244 16791 I art     : Starting a blocking GC Explicit
08-04 02:13:53.749 16244 16791 I art     : Explicit concurrent mark sweep GC freed 20(704B) AllocSpace objects, 0(0B) LOS objects, 38% free, 25MB/41MB, paused 289us total 36.265ms
08-04 02:13:53.763 16244 16791 I art     : Starting a blocking GC Explicit
08-04 02:13:53.796 16244 16791 I art     : Explicit concurrent mark sweep GC freed 3(96B) AllocSpace objects, 0(0B) LOS objects, 38% free, 25MB/41MB, paused 273us total 33.325ms
08-04 02:13:53.810 16244 16791 I art     : Starting a blocking GC Explicit
08-04 02:13:53.844 16244 16791 I art     : Explicit concurrent mark sweep GC freed 3(96B) AllocSpace objects, 0(0B) LOS objects, 38% free, 25MB/41MB, paused 280us total 33.410ms
08-04 02:13:53.858 16244 16791 I art     : Starting a blocking GC Explicit
08-04 02:13:53.891 16244 16791 I art     : Explicit concurrent mark sweep GC freed 3(96B) AllocSpace objects, 0(0B) LOS objects, 38% free, 25MB/41MB, paused 273us total 32.488ms
08-04 02:13:54.090   918  3261 D WifiStateMachine: starting scan for "H369AA63323"WPA_PSK with 2412,5180
08-04 02:13:54.201 16244 16266 I art     : Starting a blocking GC Explicit
08-04 02:13:54.244 16244 16266 I art     : Explicit concurrent mark sweep GC freed 1344(80KB) AllocSpace objects, 1(20KB) LOS objects, 38% free, 25MB/41MB, paused 318us total 42.717ms
08-04 02:13:54.262 16244 16266 I art     : Starting a blocking GC Explicit
08-04 02:13:54.297 16244 16266 I art     : Explicit concurrent mark sweep GC freed 20(704B) AllocSpace objects, 0(0B) LOS objects, 38% free, 25MB/41MB, paused 262us total 34.153ms
08-04 02:13:54.311 16244 16266 I art     : Starting a blocking GC Explicit
08-04 02:13:54.345 16244 16266 I art     : Explicit concurrent mark sweep GC freed 3(96B) AllocSpace objects, 0(0B) LOS objects, 38% free, 25MB/41MB, paused 278us total 33.754ms
08-04 02:13:54.359 16244 16266 I art     : Starting a blocking GC Explicit
08-04 02:13:54.393 16244 16266 I art     : Explicit concurrent mark sweep GC freed 3(96B) AllocSpace objects, 0(0B) LOS objects, 38% free, 25MB/41MB, paused 261us total 33.815ms
08-04 02:13:54.407 16244 16266 I art     : Starting a blocking GC Explicit
08-04 02:13:54.441 16244 16266 I art     : Explicit concurrent mark sweep GC freed 3(96B) AllocSpace objects, 0(0B) LOS objects, 38% free, 25MB/41MB, paused 275us total 33.763ms
08-04 02:13:54.760 16244 16255 I art     : Starting a blocking GC Explicit
08-04 02:13:54.802 16244 16255 I art     : Explicit concurrent mark sweep GC freed 1343(80KB) AllocSpace objects, 1(20KB) LOS objects, 38% free, 25MB/41MB, paused 308us total 41.494ms
08-04 02:13:54.821 16244 16255 I art     : Starting a blocking GC Explicit
08-04 02:13:54.856 16244 16255 I art     : Explicit concurrent mark sweep GC freed 20(704B) AllocSpace objects, 0(0B) LOS objects, 38% free, 25MB/41MB, paused 286us total 34.606ms
08-04 02:13:54.869 16244 16255 I art     : Starting a blocking GC Explicit
08-04 02:13:54.904 16244 16255 I art     : Explicit concurrent mark sweep GC freed 3(96B) AllocSpace objects, 0(0B) LOS objects, 38% free, 25MB/41MB, paused 278us total 33.842ms
08-04 02:13:54.918 16244 16255 I art     : Starting a blocking GC Explicit
08-04 02:13:54.952 16244 16255 I art     : Explicit concurrent mark sweep GC freed 3(96B) AllocSpace objects, 0(0B) LOS objects, 38% free, 25MB/41MB, paused 310us total 34ms
08-04 02:13:54.966 16244 16255 I art     : Starting a blocking GC Explicit
08-04 02:13:55.000 16244 16255 I art     : Explicit concurrent mark sweep GC freed 3(96B) AllocSpace objects, 0(0B) LOS objects, 38% free, 25MB/41MB, paused 256us total 33.796ms
08-04 02:13:55.313 16244 16757 I art     : Starting a blocking GC Explicit
08-04 02:13:55.361 16244 16757 I art     : Explicit concurrent mark sweep GC freed 1343(80KB) AllocSpace objects, 1(20KB) LOS objects, 38% free, 25MB/41MB, paused 328us total 47.253ms
08-04 02:13:55.380 16244 16757 I art     : Starting a blocking GC Explicit
08-04 02:13:55.413 16244 16757 I art     : Explicit concurrent mark sweep GC freed 20(704B) AllocSpace objects, 0(0B) LOS objects, 38% free, 25MB/41MB, paused 271us total 33.355ms
08-04 02:13:55.427 16244 16757 I art     : Starting a blocking GC Explicit
08-04 02:13:55.460 16244 16757 I art     : Explicit concurrent mark sweep GC freed 3(96B) AllocSpace objects, 0(0B) LOS objects, 38% free, 25MB/41MB, paused 277us total 32.891ms
08-04 02:13:55.474 16244 16757 I art     : Starting a blocking GC Explicit
08-04 02:13:55.508 16244 16757 I art     : Explicit concurrent mark sweep GC freed 3(96B) AllocSpace objects, 0(0B) LOS objects, 38% free, 25MB/41MB, paused 301us total 33.761ms
08-04 02:13:55.522 16244 16757 I art     : Starting a blocking GC Explicit
08-04 02:13:55.556 16244 16757 I art     : Explicit concurrent mark sweep GC freed 3(96B) AllocSpace objects, 0(0B) LOS objects, 38% free, 25MB/41MB, paused 326us total 33.696ms
08-04 02:13:55.887 16244 16256 I art     : Starting a blocking GC Explicit
08-04 02:13:55.935 16244 16256 I art     : Explicit concurrent mark sweep GC freed 1347(80KB) AllocSpace objects, 1(20KB) LOS objects, 38% free, 25MB/41MB, paused 300us total 47.731ms
08-04 02:13:55.952 16244 16256 I art     : Starting a blocking GC Explicit
08-04 02:13:55.986 16244 16256 I art     : Explicit concurrent mark sweep GC freed 20(704B) AllocSpace objects, 0(0B) LOS objects, 38% free, 25MB/41MB, paused 276us total 33.551ms
08-04 02:13:56.000 16244 16256 I art     : Starting a blocking GC Explicit
08-04 02:13:56.033 16244 16256 I art     : Explicit concurrent mark sweep GC freed 3(96B) AllocSpace objects, 0(0B) LOS objects, 38% free, 25MB/41MB, paused 268us total 32.817ms
08-04 02:13:56.047 16244 16256 I art     : Starting a blocking GC Explicit
08-04 02:13:56.079 16244 16256 I art     : Explicit concurrent mark sweep GC freed 3(96B) AllocSpace objects, 0(0B) LOS objects, 38% free, 25MB/41MB, paused 266us total 32.197ms
08-04 02:13:56.093 16244 16256 I art     : Starting a blocking GC Explicit
08-04 02:13:56.124 16244 16256 I art     : Explicit concurrent mark sweep GC freed 3(96B) AllocSpace objects, 0(0B) LOS objects, 38% free, 25MB/41MB, paused 267us total 31.405ms
08-04 02:13:56.437 16244 16791 I art     : Starting a blocking GC Explicit
08-04 02:13:56.460 17896 17896 D AndroidRuntime: >>>>>> START com.android.internal.os.RuntimeInit uid 2000 <<<<<<
08-04 02:13:56.465 17896 17896 D AndroidRuntime: CheckJNI is OFF
08-04 02:13:56.476 16244 16791 I art     : Explicit concurrent mark sweep GC freed 1344(80KB) AllocSpace objects, 1(20KB) LOS objects, 38% free, 25MB/41MB, paused 284us total 39.206ms
08-04 02:13:56.490 16244 16791 I art     : Starting a blocking GC Explicit
08-04 02:13:56.503 17896 17896 D ICU     : No timezone override file found: /data/misc/zoneinfo/current/icu/icu_tzdata.dat
08-04 02:13:56.522 16244 16791 I art     : Explicit concurrent mark sweep GC freed 20(704B) AllocSpace objects, 0(0B) LOS objects, 38% free, 25MB/41MB, paused 290us total 31.755ms
08-04 02:13:56.536 16244 16791 I art     : Starting a blocking GC Explicit
08-04 02:13:56.538 17896 17896 I Radio-JNI: register_android_hardware_Radio DONE
08-04 02:13:56.560 17896 17896 D AndroidRuntime: Calling main entry com.android.commands.input.Input
08-04 02:13:56.562 17896 17896 I Input   : injectMotionEvent: MotionEvent { action=ACTION_DOWN, actionButton=0, id[0]=0, x[0]=600.0, y[0]=700.0, toolType[0]=TOOL_TYPE_UNKNOWN, buttonState=0, metaState=0, flags=0x0, edgeFlags=0x0, pointerCount=1, historySize=0, eventTime=670452975, downTime=670452975, deviceId=0, source=0x1002 }
08-04 02:13:56.567 16244 16791 I art     : Explicit concurrent mark sweep GC freed 3(96B) AllocSpace objects, 0(0B) LOS objects, 38% free, 25MB/41MB, paused 523us total 31.397ms
08-04 02:13:56.568 17896 17896 I Input   : injectMotionEvent: MotionEvent { action=ACTION_UP, actionButton=0, id[0]=0, x[0]=600.0, y[0]=700.0, toolType[0]=TOOL_TYPE_UNKNOWN, buttonState=0, metaState=0, flags=0x0, edgeFlags=0x0, pointerCount=1, historySize=0, eventTime=670452975, downTime=670452975, deviceId=0, source=0x1002 }
08-04 02:13:56.570 17896 17896 D AndroidRuntime: Shutting down VM
08-04 02:13:56.580 16244 16791 I art     : Starting a blocking GC Explicit
08-04 02:13:56.586   512  2967 D audio_hw_primary: out_set_parameters: enter: usecase(1: low-latency-playback) kvpairs: routing=2
08-04 02:13:56.588   918  3670 I ActivityManager: START u0 {dat=https://oauth.reddit.com/... cmp=baseline.org.quantumbadger.redreader/.activities.CommentListingActivity} from uid 10666 on display 0
08-04 02:13:56.599   512  2967 D audio_hw_primary: select_devices: out_snd_device(2: speaker) in_snd_device(0: none)
08-04 02:13:56.599   512  2967 D msm8974_platform: platform_send_audio_calibration: sending audio calibration for snd_device(2) acdb_id(15)
08-04 02:13:56.600   512  2967 I soundtrigger: audio_extn_sound_trigger_update_device_status: device 0x2 of type 0 for Event 1
08-04 02:13:56.609 16244 16244 I AppCompatViewInflater: app:theme is now deprecated. Please move to using android:theme instead.
08-04 02:13:56.610   512  2967 D audio_hw_primary: enable_snd_device: snd_device(2: speaker)
08-04 02:13:56.612 16244 16791 I art     : Explicit concurrent mark sweep GC freed 1165(47KB) AllocSpace objects, 0(0B) LOS objects, 38% free, 25MB/41MB, paused 605us total 31.484ms
08-04 02:13:56.612   512  2967 D audio_hw_primary: enable_audio_route: apply and update mixer path: low-latency-playback speaker
08-04 02:13:56.627 16244 16791 I art     : Starting a blocking GC Explicit
08-04 02:13:56.628 16244 16860 I CommentListingActivity: COMMENTS session changed to 9a074e59-8c57-40a2-9f76-f6b6de75411b
08-04 02:13:56.660 16244 16791 I art     : Explicit concurrent mark sweep GC freed 3540(318KB) AllocSpace objects, 1(20KB) LOS objects, 37% free, 26MB/42MB, paused 1.035ms total 33.504ms
08-04 02:13:56.695   918   936 I ActivityManager: Displayed baseline.org.quantumbadger.redreader/.activities.CommentListingActivity: +99ms
08-04 02:13:56.695 13866 13866 I GoogleInputMethodServic: GoogleInputMethodService.onFinishInput():3138 
08-04 02:13:56.695 13866 13866 I GoogleInputMethodServic: GoogleInputMethodService.onStartInput():1808 
08-04 02:13:56.906 16244 16791 I art     : Starting a blocking GC Explicit
08-04 02:13:56.949   380   380 W SurfaceFlinger: couldn't log to binary event log: overflow.
08-04 02:13:56.977 16244 16791 I art     : Explicit concurrent mark sweep GC freed 60769(3MB) AllocSpace objects, 3(52KB) LOS objects, 36% free, 28MB/44MB, paused 254us total 70.559ms
08-04 02:13:56.991 16244 16791 I art     : Starting a blocking GC Explicit
08-04 02:13:57.032 16244 16791 I art     : Explicit concurrent mark sweep GC freed 181(9KB) AllocSpace objects, 0(0B) LOS objects, 36% free, 28MB/44MB, paused 242us total 40.246ms
08-04 02:13:57.046 16244 16791 I art     : Starting a blocking GC Explicit
08-04 02:13:57.090 16244 16791 I art     : Explicit concurrent mark sweep GC freed 84(2880B) AllocSpace objects, 0(0B) LOS objects, 36% free, 28MB/44MB, paused 311us total 43.481ms
08-04 02:13:57.107 16244 16791 I art     : Starting a blocking GC Explicit
08-04 02:13:57.150   512  2967 D audio_hw_primary: disable_audio_route: reset and update mixer path: low-latency-playback speaker
08-04 02:13:57.150 16244 16791 I art     : Explicit concurrent mark sweep GC freed 14(448B) AllocSpace objects, 0(0B) LOS objects, 36% free, 28MB/44MB, paused 262us total 42.669ms
08-04 02:13:57.151   512  2967 D audio_hw_primary: disable_snd_device: snd_device(2: speaker)
08-04 02:13:57.158   512  2967 I soundtrigger: audio_extn_sound_trigger_update_device_status: device 0x2 of type 0 for Event 0
08-04 02:13:57.165 16244 16791 I art     : Starting a blocking GC Explicit
08-04 02:13:57.205 16244 16791 I art     : Explicit concurrent mark sweep GC freed 3(96B) AllocSpace objects, 0(0B) LOS objects, 36% free, 28MB/44MB, paused 241us total 39.942ms
08-04 02:13:57.338 16244 17823 I RedditChangeDataIO: Writing tmp data file at '/data/user/0/baseline.org.quantumbadger.redreader/files/rr_change_data_tmp.dat'
08-04 02:13:57.338 16244 17823 I RedditChangeDataManager: Taking snapshot...
08-04 02:13:57.339 16244 17823 I RedditChangeDataManager: Writing to stream...
08-04 02:13:57.339 16244 17823 I RedditChangeDataManager: Wrote 3 entries for user ''
08-04 02:13:57.339 16244 17823 I RedditChangeDataManager: All entries written to stream.
08-04 02:13:57.339 16244 17823 I RedditChangeDataIO: Write successful. Atomically replacing data file...
08-04 02:13:57.340 16244 17823 I RedditChangeDataIO: Write complete.
08-04 02:13:57.340 16244 17823 I RedditChangeDataIO: 86 bytes written in 3 ms
08-04 02:13:57.494 16244 16757 I art     : Starting a blocking GC Explicit
08-04 02:13:57.540 16244 16757 I art     : Explicit concurrent mark sweep GC freed 1676(125KB) AllocSpace objects, 2(88KB) LOS objects, 36% free, 28MB/44MB, paused 221us total 45.691ms
08-04 02:13:57.557 16244 16757 I art     : Starting a blocking GC Explicit
08-04 02:13:57.598 16244 16757 I art     : Explicit concurrent mark sweep GC freed 88(2976B) AllocSpace objects, 0(0B) LOS objects, 36% free, 28MB/44MB, paused 304us total 40.719ms
08-04 02:13:57.612 16244 16757 I art     : Starting a blocking GC Explicit
08-04 02:13:57.652 16244 16757 I art     : Explicit concurrent mark sweep GC freed 3(96B) AllocSpace objects, 0(0B) LOS objects, 36% free, 28MB/44MB, paused 210us total 39.543ms
08-04 02:13:57.668 16244 16757 I art     : Starting a blocking GC Explicit
08-04 02:13:57.714 16244 16757 I art     : Explicit concurrent mark sweep GC freed 49(1920B) AllocSpace objects, 0(0B) LOS objects, 36% free, 28MB/44MB, paused 256us total 46.015ms
08-04 02:13:57.730 16244 16757 I art     : Starting a blocking GC Explicit
08-04 02:13:57.778 16244 16757 I art     : Explicit concurrent mark sweep GC freed 3(96B) AllocSpace objects, 0(0B) LOS objects, 36% free, 28MB/44MB, paused 254us total 47.330ms
08-04 02:13:58.079 16244 16266 I art     : Starting a blocking GC Explicit
08-04 02:13:58.144 16244 16266 I art     : Explicit concurrent mark sweep GC freed 1343(80KB) AllocSpace objects, 1(20KB) LOS objects, 36% free, 28MB/44MB, paused 270us total 65.134ms
08-04 02:13:58.145 16244 16254 I art     : WaitForGcToComplete blocked for 27.951ms for cause HeapTrim
08-04 02:13:58.162 16244 16266 I art     : Starting a blocking GC Explicit
08-04 02:13:58.210 16244 16266 I art     : Explicit concurrent mark sweep GC freed 20(704B) AllocSpace objects, 0(0B) LOS objects, 36% free, 28MB/44MB, paused 251us total 47.225ms
08-04 02:13:58.226 16244 16266 I art     : Starting a blocking GC Explicit
08-04 02:13:58.273 16244 16266 I art     : Explicit concurrent mark sweep GC freed 3(96B) AllocSpace objects, 0(0B) LOS objects, 36% free, 28MB/44MB, paused 250us total 47.499ms
08-04 02:13:58.289 16244 16266 I art     : Starting a blocking GC Explicit
08-04 02:13:58.338 16244 16266 I art     : Explicit concurrent mark sweep GC freed 3(96B) AllocSpace objects, 0(0B) LOS objects, 36% free, 28MB/44MB, paused 244us total 48.092ms
08-04 02:13:58.355 16244 16266 I art     : Starting a blocking GC Explicit
08-04 02:13:58.400 16244 16266 I art     : Explicit concurrent mark sweep GC freed 3(96B) AllocSpace objects, 0(0B) LOS objects, 36% free, 28MB/44MB, paused 248us total 45.597ms
08-04 02:13:58.713 16244 16255 I art     : Starting a blocking GC Explicit
08-04 02:13:58.771 16244 16255 I art     : Explicit concurrent mark sweep GC freed 1343(80KB) AllocSpace objects, 1(20KB) LOS objects, 36% free, 28MB/44MB, paused 395us total 56.891ms
08-04 02:13:58.792 16244 16255 I art     : Starting a blocking GC Explicit
08-04 02:13:58.837 16244 16255 I art     : Explicit concurrent mark sweep GC freed 20(704B) AllocSpace objects, 0(0B) LOS objects, 36% free, 28MB/44MB, paused 237us total 44.356ms
08-04 02:13:58.853 16244 16255 I art     : Starting a blocking GC Explicit
08-04 02:13:58.900 16244 16255 I art     : Explicit concurrent mark sweep GC freed 3(96B) AllocSpace objects, 0(0B) LOS objects, 36% free, 28MB/44MB, paused 249us total 46.790ms
08-04 02:13:58.915 16244 16255 I art     : Starting a blocking GC Explicit
08-04 02:13:58.963 16244 16255 I art     : Explicit concurrent mark sweep GC freed 3(96B) AllocSpace objects, 0(0B) LOS objects, 36% free, 28MB/44MB, paused 251us total 47.012ms
08-04 02:13:58.979 16244 16255 I art     : Starting a blocking GC Explicit
08-04 02:13:59.027 16244 16255 I art     : Explicit concurrent mark sweep GC freed 3(96B) AllocSpace objects, 0(0B) LOS objects, 36% free, 28MB/44MB, paused 321us total 48.041ms
08-04 02:13:59.339 16244 16256 I art     : Starting a blocking GC Explicit
08-04 02:13:59.398 16244 16256 I art     : Explicit concurrent mark sweep GC freed 1343(80KB) AllocSpace objects, 1(20KB) LOS objects, 36% free, 28MB/44MB, paused 292us total 59.336ms
08-04 02:13:59.416 16244 16256 I art     : Starting a blocking GC Explicit
08-04 02:13:59.465 16244 16256 I art     : Explicit concurrent mark sweep GC freed 20(704B) AllocSpace objects, 0(0B) LOS objects, 36% free, 28MB/44MB, paused 242us total 47.986ms
08-04 02:13:59.481 16244 16256 I art     : Starting a blocking GC Explicit
08-04 02:13:59.526 16244 16256 I art     : Explicit concurrent mark sweep GC freed 3(96B) AllocSpace objects, 0(0B) LOS objects, 36% free, 28MB/44MB, paused 241us total 45.334ms
08-04 02:13:59.543 16244 16256 I art     : Starting a blocking GC Explicit
08-04 02:13:59.591 16244 16256 I art     : Explicit concurrent mark sweep GC freed 3(96B) AllocSpace objects, 0(0B) LOS objects, 36% free, 28MB/44MB, paused 225us total 47.979ms
08-04 02:13:59.607 16244 16256 I art     : Starting a blocking GC Explicit
08-04 02:13:59.653 16244 16256 I art     : Explicit concurrent mark sweep GC freed 3(96B) AllocSpace objects, 0(0B) LOS objects, 36% free, 28MB/44MB, paused 239us total 45.528ms
08-04 02:13:59.953 16244 16791 I art     : Starting a blocking GC Explicit
08-04 02:14:00.005 16244 16791 I art     : Explicit concurrent mark sweep GC freed 1343(80KB) AllocSpace objects, 1(20KB) LOS objects, 36% free, 28MB/44MB, paused 233us total 51.462ms
08-04 02:14:00.021 16244 16791 I art     : Starting a blocking GC Explicit
08-04 02:14:00.065 16244 16791 I art     : Explicit concurrent mark sweep GC freed 20(704B) AllocSpace objects, 0(0B) LOS objects, 36% free, 28MB/44MB, paused 245us total 43.446ms
08-04 02:14:00.080 16244 16791 I art     : Starting a blocking GC Explicit
08-04 02:14:00.125 16244 16791 I art     : Explicit concurrent mark sweep GC freed 3(96B) AllocSpace objects, 0(0B) LOS objects, 36% free, 28MB/44MB, paused 237us total 43.913ms
08-04 02:14:00.140 16244 16791 I art     : Starting a blocking GC Explicit
08-04 02:14:00.186 16244 16791 I art     : Explicit concurrent mark sweep GC freed 3(96B) AllocSpace objects, 0(0B) LOS objects, 36% free, 28MB/44MB, paused 248us total 45.515ms
08-04 02:14:00.202 16244 16791 I art     : Starting a blocking GC Explicit
08-04 02:14:00.248 16244 16791 I art     : Explicit concurrent mark sweep GC freed 3(96B) AllocSpace objects, 0(0B) LOS objects, 36% free, 28MB/44MB, paused 249us total 46.036ms
08-04 02:14:00.563 16244 16757 I art     : Starting a blocking GC Explicit
08-04 02:14:00.620 16244 16757 I art     : Explicit concurrent mark sweep GC freed 1345(80KB) AllocSpace objects, 1(20KB) LOS objects, 36% free, 28MB/44MB, paused 270us total 56.991ms
08-04 02:14:00.641 16244 16757 I art     : Starting a blocking GC Explicit
08-04 02:14:00.690 16244 16757 I art     : Explicit concurrent mark sweep GC freed 20(704B) AllocSpace objects, 0(0B) LOS objects, 36% free, 28MB/44MB, paused 249us total 48.993ms
08-04 02:14:00.706 16244 16757 I art     : Starting a blocking GC Explicit
08-04 02:14:00.753 16244 16757 I art     : Explicit concurrent mark sweep GC freed 3(96B) AllocSpace objects, 0(0B) LOS objects, 36% free, 28MB/44MB, paused 236us total 46.860ms
08-04 02:14:00.770 16244 16757 I art     : Starting a blocking GC Explicit
08-04 02:14:00.816 16244 16757 I art     : Explicit concurrent mark sweep GC freed 3(96B) AllocSpace objects, 0(0B) LOS objects, 36% free, 28MB/44MB, paused 224us total 46.030ms
08-04 02:14:00.832 16244 16757 I art     : Starting a blocking GC Explicit
08-04 02:14:00.875 16244 16757 I art     : Explicit concurrent mark sweep GC freed 3(96B) AllocSpace objects, 0(0B) LOS objects, 36% free, 28MB/44MB, paused 226us total 43.680ms
08-04 02:14:01.103 10198 10200 E QC-QMI  : qmi_client [10198] 4a8: failed to locate client data
08-04 02:14:01.105   519   519 E QC-QMI  : qmuxd: RX on fd=18 returned error=0 errno[2:No such file or directory]
08-04 02:14:01.105   519   519 E QC-QMI  : QMUX qmux_client_id=4a8 not found in qmux client list, unable to remove
08-04 02:14:01.107 10198 10198 I Atfwd_Daemon: Stop the daemon....
08-04 02:14:01.119 18002 18002 W ATFWD-daemon: type=1400 audit(0.0:738597): avc: denied { read write } for name="diag" dev="tmpfs" ino=1296 scontext=u:r:atfwd:s0 tcontext=u:object_r:diag_device:s0 tclass=chr_file permissive=0
08-04 02:14:01.132 18002 18002 I libmdmdetect: ESOC framework not supported
08-04 02:14:01.132 18002 18002 I libmdmdetect: Found internal modem: modem
08-04 02:14:01.133 18002 18002 E Diag_Lib:  Diag_LSM_Init: Failed to open handle to diag driver, error = 13
08-04 02:14:01.138 18002 18002 I Atfwd_Daemon: result : 255 	 ,Init step :0 	 ,qmiErrorCode: 0
08-04 02:14:01.138 18002 18002 I Atfwd_Daemon: result : 0 	 ,Init step :1 	 ,qmiErrorCode: 0
08-04 02:14:01.139 18002 18002 I ServiceManager: Waiting for service AtCmdFwd...
08-04 02:14:01.188 16244 16266 I art     : Starting a blocking GC Explicit
08-04 02:14:01.233 16244 16266 I art     : Explicit concurrent mark sweep GC freed 1343(80KB) AllocSpace objects, 1(20KB) LOS objects, 36% free, 28MB/44MB, paused 264us total 45.112ms
08-04 02:14:01.239 17992 17992 D AndroidRuntime: >>>>>> START com.android.internal.os.RuntimeInit uid 2000 <<<<<<
08-04 02:14:01.244 17992 17992 D AndroidRuntime: CheckJNI is OFF
08-04 02:14:01.250 16244 16266 I art     : Starting a blocking GC Explicit
08-04 02:14:01.278 17992 17992 D ICU     : No timezone override file found: /data/misc/zoneinfo/current/icu/icu_tzdata.dat
08-04 02:14:01.293 16244 16266 I art     : Explicit concurrent mark sweep GC freed 20(704B) AllocSpace objects, 0(0B) LOS objects, 36% free, 28MB/44MB, paused 288us total 43.542ms
08-04 02:14:01.309 16244 16266 I art     : Starting a blocking GC Explicit
08-04 02:14:01.314 17992 17992 I Radio-JNI: register_android_hardware_Radio DONE
08-04 02:14:01.337 17992 17992 D AndroidRuntime: Calling main entry com.android.commands.input.Input
08-04 02:14:01.338 17992 17992 I Input   : injectKeyEvent: KeyEvent { action=ACTION_DOWN, keyCode=KEYCODE_BACK, scanCode=0, metaState=0, flags=0x0, repeatCount=0, eventTime=670457751, downTime=670457751, deviceId=-1, source=0x101 }
08-04 02:14:01.344 17992 17992 I Input   : injectKeyEvent: KeyEvent { action=ACTION_UP, keyCode=KEYCODE_BACK, scanCode=0, metaState=0, flags=0x0, repeatCount=0, eventTime=670457751, downTime=670457751, deviceId=-1, source=0x101 }
08-04 02:14:01.351 16244 16266 I art     : Explicit concurrent mark sweep GC freed 4(128B) AllocSpace objects, 0(0B) LOS objects, 36% free, 28MB/44MB, paused 310us total 42.322ms
08-04 02:14:01.353 17992 17992 D AndroidRuntime: Shutting down VM
08-04 02:14:01.366 16244 16266 I art     : Starting a blocking GC Explicit
08-04 02:14:01.392 13866 13866 I GoogleInputMethodServic: GoogleInputMethodService.onFinishInput():3138 
08-04 02:14:01.393 13866 13866 I GoogleInputMethodServic: GoogleInputMethodService.onStartInput():1808 
08-04 02:14:01.407 16244 16266 I art     : Explicit concurrent mark sweep GC freed 145(5KB) AllocSpace objects, 0(0B) LOS objects, 36% free, 28MB/44MB, paused 427us total 40.658ms
08-04 02:14:01.421 16244 16266 I art     : Starting a blocking GC Explicit
08-04 02:14:01.463 16244 16266 I art     : Explicit concurrent mark sweep GC freed 103(3KB) AllocSpace objects, 0(0B) LOS objects, 36% free, 28MB/44MB, paused 230us total 41.456ms
08-04 02:14:01.703   380   380 W SurfaceFlinger: couldn't log to binary event log: overflow.
08-04 02:14:01.728 16244 16266 I art     : Starting a blocking GC Explicit
08-04 02:14:01.774 16244 16266 I art     : Explicit concurrent mark sweep GC freed 1406(82KB) AllocSpace objects, 1(20KB) LOS objects, 36% free, 28MB/44MB, paused 256us total 46.016ms
08-04 02:14:01.790 16244 16266 I art     : Starting a blocking GC Explicit
08-04 02:14:01.828 16244 16266 I art     : Explicit concurrent mark sweep GC freed 46779(2MB) AllocSpace objects, 5(140KB) LOS objects, 38% free, 25MB/41MB, paused 242us total 37.652ms
08-04 02:14:01.842 16244 16266 I art     : Starting a blocking GC Explicit
08-04 02:14:01.875 16244 16266 I art     : Explicit concurrent mark sweep GC freed 3(96B) AllocSpace objects, 0(0B) LOS objects, 38% free, 25MB/41MB, paused 249us total 32.707ms
08-04 02:14:01.888 16244 16266 I art     : Starting a blocking GC Explicit
08-04 02:14:01.921 16244 16266 I art     : Explicit concurrent mark sweep GC freed 3(96B) AllocSpace objects, 0(0B) LOS objects, 38% free, 25MB/41MB, paused 249us total 32.277ms
08-04 02:14:01.935 16244 16266 I art     : Starting a blocking GC Explicit
08-04 02:14:01.968 16244 16266 I art     : Explicit concurrent mark sweep GC freed 3(96B) AllocSpace objects, 0(0B) LOS objects, 38% free, 25MB/41MB, paused 261us total 33.314ms
08-04 02:14:02.139 18002 18002 I ServiceManager: Waiting for service AtCmdFwd...
08-04 02:14:02.265 16244 16256 I art     : Starting a blocking GC Explicit
08-04 02:14:02.313 16244 16256 I art     : Explicit concurrent mark sweep GC freed 1343(80KB) AllocSpace objects, 1(20KB) LOS objects, 38% free, 25MB/41MB, paused 298us total 47.490ms
08-04 02:14:02.331 16244 16256 I art     : Starting a blocking GC Explicit
08-04 02:14:02.363 16244 16256 I art     : Explicit concurrent mark sweep GC freed 20(704B) AllocSpace objects, 0(0B) LOS objects, 38% free, 25MB/41MB, paused 239us total 32.470ms
08-04 02:14:02.377 16244 16256 I art     : Starting a blocking GC Explicit
08-04 02:14:02.411 16244 16256 I art     : Explicit concurrent mark sweep GC freed 3(96B) AllocSpace objects, 0(0B) LOS objects, 38% free, 25MB/41MB, paused 244us total 33.912ms
08-04 02:14:02.425 16244 16256 I art     : Starting a blocking GC Explicit
08-04 02:14:02.460 16244 16256 I art     : Explicit concurrent mark sweep GC freed 3(96B) AllocSpace objects, 0(0B) LOS objects, 38% free, 25MB/41MB, paused 244us total 34.086ms
08-04 02:14:02.474 16244 16256 I art     : Starting a blocking GC Explicit
08-04 02:14:02.507 16244 16256 I art     : Explicit concurrent mark sweep GC freed 3(96B) AllocSpace objects, 0(0B) LOS objects, 38% free, 25MB/41MB, paused 382us total 33.158ms
08-04 02:14:02.769 16244 16791 I art     : Starting a blocking GC Explicit
08-04 02:14:02.803 16244 16791 I art     : Explicit concurrent mark sweep GC freed 1343(80KB) AllocSpace objects, 1(20KB) LOS objects, 38% free, 25MB/41MB, paused 258us total 33.128ms
08-04 02:14:02.816 16244 16791 I art     : Starting a blocking GC Explicit
08-04 02:14:02.848 16244 16791 I art     : Explicit concurrent mark sweep GC freed 20(704B) AllocSpace objects, 0(0B) LOS objects, 38% free, 25MB/41MB, paused 248us total 31.899ms
08-04 02:14:02.862 16244 16791 I art     : Starting a blocking GC Explicit
08-04 02:14:02.895 16244 16791 I art     : Explicit concurrent mark sweep GC freed 3(96B) AllocSpace objects, 0(0B) LOS objects, 38% free, 25MB/41MB, paused 242us total 32.793ms
08-04 02:14:02.908 16244 16791 I art     : Starting a blocking GC Explicit
08-04 02:14:02.940 16244 16791 I art     : Explicit concurrent mark sweep GC freed 3(96B) AllocSpace objects, 0(0B) LOS objects, 38% free, 25MB/41MB, paused 247us total 31.521ms
08-04 02:14:02.954 16244 16791 I art     : Starting a blocking GC Explicit
08-04 02:14:02.986 16244 16791 I art     : Explicit concurrent mark sweep GC freed 3(96B) AllocSpace objects, 0(0B) LOS objects, 38% free, 25MB/41MB, paused 246us total 32.232ms
08-04 02:14:03.033 18041 18041 D AndroidRuntime: >>>>>> START com.android.internal.os.RuntimeInit uid 2000 <<<<<<
08-04 02:14:03.038 18041 18041 D AndroidRuntime: CheckJNI is OFF
08-04 02:14:03.071 18041 18041 D ICU     : No timezone override file found: /data/misc/zoneinfo/current/icu/icu_tzdata.dat
08-04 02:14:03.112 18041 18041 I Radio-JNI: register_android_hardware_Radio DONE
08-04 02:14:03.135 18041 18041 D AndroidRuntime: Calling main entry com.android.commands.input.Input
08-04 02:14:03.136 18041 18041 I Input   : injectKeyEvent: KeyEvent { action=ACTION_DOWN, keyCode=KEYCODE_BACK, scanCode=0, metaState=0, flags=0x0, repeatCount=0, eventTime=670459549, downTime=670459549, deviceId=-1, source=0x101 }
08-04 02:14:03.140 18002 18002 I ServiceManager: Waiting for service AtCmdFwd...
08-04 02:14:03.143 18041 18041 I Input   : injectKeyEvent: KeyEvent { action=ACTION_UP, keyCode=KEYCODE_BACK, scanCode=0, metaState=0, flags=0x0, repeatCount=0, eventTime=670459549, downTime=670459549, deviceId=-1, source=0x101 }
08-04 02:14:03.148 18041 18041 D AndroidRuntime: Shutting down VM
08-04 02:14:03.187 13866 13866 I GoogleInputMethodServic: GoogleInputMethodService.onFinishInput():3138 
08-04 02:14:03.188 13866 13866 I GoogleInputMethodServic: GoogleInputMethodService.onStartInput():1808 
08-04 02:14:03.250 16244 16791 I art     : Starting a blocking GC Explicit
08-04 02:14:03.280 16244 16791 I art     : Explicit concurrent mark sweep GC freed 1520(86KB) AllocSpace objects, 1(20KB) LOS objects, 38% free, 25MB/41MB, paused 229us total 29.635ms
08-04 02:14:03.293 16244 16791 I art     : Starting a blocking GC Explicit
08-04 02:14:03.323 16244 16791 I art     : Explicit concurrent mark sweep GC freed 24(864B) AllocSpace objects, 0(0B) LOS objects, 38% free, 25MB/41MB, paused 216us total 30.029ms
08-04 02:14:03.339 16244 16791 I art     : Starting a blocking GC Explicit
08-04 02:14:03.378 16244 16791 I art     : Explicit concurrent mark sweep GC freed 3(96B) AllocSpace objects, 0(0B) LOS objects, 38% free, 25MB/41MB, paused 397us total 38.509ms
08-04 02:14:03.395 16244 16791 I art     : Starting a blocking GC Explicit
08-04 02:14:03.434 16244 16791 I art     : Explicit concurrent mark sweep GC freed 3(96B) AllocSpace objects, 0(0B) LOS objects, 38% free, 25MB/41MB, paused 236us total 39.526ms
08-04 02:14:03.450 16244 16791 I art     : Starting a blocking GC Explicit
08-04 02:14:03.482 16244 16791 I art     : Explicit concurrent mark sweep GC freed 38(1264B) AllocSpace objects, 0(0B) LOS objects, 38% free, 25MB/41MB, paused 234us total 31.633ms
08-04 02:14:03.779 16244 16757 I art     : Starting a blocking GC Explicit
08-04 02:14:03.825 16244 16757 I art     : Explicit concurrent mark sweep GC freed 1363(81KB) AllocSpace objects, 1(20KB) LOS objects, 38% free, 25MB/41MB, paused 287us total 45.200ms
08-04 02:14:03.841 16244 16757 I art     : Starting a blocking GC Explicit
08-04 02:14:03.876 16244 16757 I art     : Explicit concurrent mark sweep GC freed 150(7KB) AllocSpace objects, 0(0B) LOS objects, 38% free, 25MB/41MB, paused 249us total 34.286ms
08-04 02:14:03.890 16244 16757 I art     : Starting a blocking GC Explicit
08-04 02:14:03.924 16244 16757 I art     : Explicit concurrent mark sweep GC freed 3(96B) AllocSpace objects, 0(0B) LOS objects, 38% free, 25MB/41MB, paused 255us total 34.537ms
08-04 02:14:03.938 16244 16757 I art     : Starting a blocking GC Explicit
08-04 02:14:03.973 16244 16757 I art     : Explicit concurrent mark sweep GC freed 3(96B) AllocSpace objects, 0(0B) LOS objects, 38% free, 25MB/41MB, paused 257us total 34.149ms
08-04 02:14:03.987 16244 16757 I art     : Starting a blocking GC Explicit
08-04 02:14:04.021 16244 16757 I art     : Explicit concurrent mark sweep GC freed 3(96B) AllocSpace objects, 0(0B) LOS objects, 38% free, 25MB/41MB, paused 250us total 33.837ms
08-04 02:14:04.140 18002 18002 I ServiceManager: Waiting for service AtCmdFwd...
08-04 02:14:04.310 16244 16255 I art     : Starting a blocking GC Explicit
08-04 02:14:04.351 16244 16255 I art     : Explicit concurrent mark sweep GC freed 1343(80KB) AllocSpace objects, 1(20KB) LOS objects, 38% free, 25MB/41MB, paused 263us total 40.361ms
08-04 02:14:04.365 16244 16255 I art     : Starting a blocking GC Explicit
08-04 02:14:04.397 16244 16255 I art     : Explicit concurrent mark sweep GC freed 20(704B) AllocSpace objects, 0(0B) LOS objects, 38% free, 25MB/41MB, paused 294us total 32.412ms
08-04 02:14:04.411 16244 16255 I art     : Starting a blocking GC Explicit
08-04 02:14:04.442 16244 16255 I art     : Explicit concurrent mark sweep GC freed 3(96B) AllocSpace objects, 0(0B) LOS objects, 38% free, 25MB/41MB, paused 228us total 30.847ms
08-04 02:14:04.456 16244 16255 I art     : Starting a blocking GC Explicit
08-04 02:14:04.488 16244 16255 I art     : Explicit concurrent mark sweep GC freed 3(96B) AllocSpace objects, 0(0B) LOS objects, 38% free, 25MB/41MB, paused 273us total 31.592ms
08-04 02:14:04.501 16244 16255 I art     : Starting a blocking GC Explicit
08-04 02:14:04.533 16244 16255 I art     : Explicit concurrent mark sweep GC freed 3(96B) AllocSpace objects, 0(0B) LOS objects, 38% free, 25MB/41MB, paused 245us total 32.210ms
08-04 02:14:04.801 16244 16266 I art     : Starting a blocking GC Explicit
08-04 02:14:04.801 18118 18118 D AndroidRuntime: >>>>>> START com.android.internal.os.RuntimeInit uid 2000 <<<<<<
08-04 02:14:04.806 18118 18118 D AndroidRuntime: CheckJNI is OFF
08-04 02:14:04.834 16244 16266 I art     : Explicit concurrent mark sweep GC freed 1343(80KB) AllocSpace objects, 1(20KB) LOS objects, 38% free, 25MB/41MB, paused 267us total 33.491ms
08-04 02:14:04.843 18118 18118 D ICU     : No timezone override file found: /data/misc/zoneinfo/current/icu/icu_tzdata.dat
08-04 02:14:04.848 16244 16266 I art     : Starting a blocking GC Explicit
08-04 02:14:04.877 18118 18118 I Radio-JNI: register_android_hardware_Radio DONE
08-04 02:14:04.880 16244 16266 I art     : Explicit concurrent mark sweep GC freed 20(704B) AllocSpace objects, 0(0B) LOS objects, 38% free, 25MB/41MB, paused 261us total 31.863ms
08-04 02:14:04.893 16244 16266 I art     : Starting a blocking GC Explicit
08-04 02:14:04.899 18118 18118 D AndroidRuntime: Calling main entry com.android.commands.input.Input
08-04 02:14:04.901 18118 18118 I Input   : injectMotionEvent: MotionEvent { action=ACTION_DOWN, actionButton=0, id[0]=0, x[0]=600.0, y[0]=1000.0, toolType[0]=TOOL_TYPE_UNKNOWN, buttonState=0, metaState=0, flags=0x0, edgeFlags=0x0, pointerCount=1, historySize=0, eventTime=670461313, downTime=670461313, deviceId=0, source=0x1002 }
08-04 02:14:04.909 18118 18118 I Input   : injectMotionEvent: MotionEvent { action=ACTION_UP, actionButton=0, id[0]=0, x[0]=600.0, y[0]=1000.0, toolType[0]=TOOL_TYPE_UNKNOWN, buttonState=0, metaState=0, flags=0x0, edgeFlags=0x0, pointerCount=1, historySize=0, eventTime=670461313, downTime=670461313, deviceId=0, source=0x1002 }
08-04 02:14:04.911 18118 18118 D AndroidRuntime: Shutting down VM
08-04 02:14:04.924 16244 16266 I art     : Explicit concurrent mark sweep GC freed 5(160B) AllocSpace objects, 0(0B) LOS objects, 38% free, 25MB/41MB, paused 331us total 30.782ms
08-04 02:14:04.925   918   929 I ActivityManager: START u0 {dat=https://oauth.reddit.com/... cmp=baseline.org.quantumbadger.redreader/.activities.PostListingActivity} from uid 10666 on display 0
08-04 02:14:04.927   512  2967 D audio_hw_primary: out_set_parameters: enter: usecase(1: low-latency-playback) kvpairs: routing=2
08-04 02:14:04.939 16244 16266 I art     : Starting a blocking GC Explicit
08-04 02:14:04.940   512  2967 D audio_hw_primary: select_devices: out_snd_device(2: speaker) in_snd_device(0: none)
08-04 02:14:04.940   512  2967 D msm8974_platform: platform_send_audio_calibration: sending audio calibration for snd_device(2) acdb_id(15)
08-04 02:14:04.940   512  2967 I soundtrigger: audio_extn_sound_trigger_update_device_status: device 0x2 of type 0 for Event 1
08-04 02:14:04.946 16244 16244 I AppCompatViewInflater: app:theme is now deprecated. Please move to using android:theme instead.
08-04 02:14:04.951   512  2967 D audio_hw_primary: enable_snd_device: snd_device(2: speaker)
08-04 02:14:04.953   512  2967 D audio_hw_primary: enable_audio_route: apply and update mixer path: low-latency-playback speaker
08-04 02:14:04.966 16244 18145 D OK      : calling: https://oauth.reddit.com/r/announcements/about.json
08-04 02:14:04.971 16244 16266 I art     : Explicit concurrent mark sweep GC freed 892(72KB) AllocSpace objects, 0(0B) LOS objects, 38% free, 25MB/41MB, paused 518us total 31.406ms
08-04 02:14:04.984 16244 16266 I art     : Starting a blocking GC Explicit
08-04 02:14:05.013 16244 16266 I art     : Explicit concurrent mark sweep GC freed 936(43KB) AllocSpace objects, 0(0B) LOS objects, 38% free, 25MB/41MB, paused 343us total 29.205ms
08-04 02:14:05.019 13866 13866 I GoogleInputMethodServic: GoogleInputMethodService.onFinishInput():3138 
08-04 02:14:05.019 13866 13866 I GoogleInputMethodServic: GoogleInputMethodService.onStartInput():1808 
08-04 02:14:05.020   918   936 I ActivityManager: Displayed baseline.org.quantumbadger.redreader/.activities.PostListingActivity: +84ms
08-04 02:14:05.141 18002 18002 I ServiceManager: Waiting for service AtCmdFwd...
08-04 02:14:05.253 16244 16256 I art     : Starting a blocking GC Explicit
08-04 02:14:05.274   380   380 W SurfaceFlinger: couldn't log to binary event log: overflow.
08-04 02:14:05.284 16244 16256 I art     : Explicit concurrent mark sweep GC freed 3573(172KB) AllocSpace objects, 1(20KB) LOS objects, 38% free, 25MB/41MB, paused 297us total 31.086ms
08-04 02:14:05.298 16244 16256 I art     : Starting a blocking GC Explicit
08-04 02:14:05.298 16244 18145 I NAPPA_EXPERIMENTATION: MetricNetworkRequestExecutionTime: REQUEST_DURATION_SYSTEM='332',REQUEST_DURATION_OKHTTP='138',REQUEST_SYNCHRONOUS='TRUE',RESPONSE_CODE='200',RESPONSE_METHOD='GET',RESPONSE_LENGTH_OKHTTP='-1',RESPONSE_LENGTH_HEADER='1564',REQUEST_PROTOCOL='h2',REQUEST_URL='https://oauth.reddit.com/r/announcements/about.json',
08-04 02:14:05.298 16244 18145 D OK      : request got status: 200
08-04 02:14:05.330 16244 16256 I art     : Explicit concurrent mark sweep GC freed 1171(123KB) AllocSpace objects, 1(68KB) LOS objects, 38% free, 25MB/41MB, paused 651us total 31.705ms
08-04 02:14:05.343 16244 16256 I art     : Starting a blocking GC Explicit
08-04 02:14:05.372 16244 16256 I art     : Explicit concurrent mark sweep GC freed 658(43KB) AllocSpace objects, 1(68KB) LOS objects, 38% free, 25MB/41MB, paused 289us total 29.137ms
08-04 02:14:05.385 16244 16256 I art     : Starting a blocking GC Explicit
08-04 02:14:05.414 16244 16256 I art     : Explicit concurrent mark sweep GC freed 143(6KB) AllocSpace objects, 0(0B) LOS objects, 38% free, 25MB/41MB, paused 267us total 28.807ms
08-04 02:14:05.428 16244 16256 I art     : Starting a blocking GC Explicit
08-04 02:14:05.461 16244 16256 I art     : Explicit concurrent mark sweep GC freed 10(368B) AllocSpace objects, 0(0B) LOS objects, 38% free, 25MB/41MB, paused 297us total 33.203ms
08-04 02:14:05.490   512  2967 D audio_hw_primary: disable_audio_route: reset and update mixer path: low-latency-playback speaker
08-04 02:14:05.492   512  2967 D audio_hw_primary: disable_snd_device: snd_device(2: speaker)
08-04 02:14:05.500   512  2967 I soundtrigger: audio_extn_sound_trigger_update_device_status: device 0x2 of type 0 for Event 0
08-04 02:14:05.752 16244 16791 I art     : Starting a blocking GC Explicit
08-04 02:14:05.787 16244 16791 I art     : Explicit concurrent mark sweep GC freed 1402(84KB) AllocSpace objects, 1(20KB) LOS objects, 38% free, 25MB/41MB, paused 293us total 34.453ms
08-04 02:14:05.801 16244 16791 I art     : Starting a blocking GC Explicit
08-04 02:14:05.834 16244 16791 I art     : Explicit concurrent mark sweep GC freed 20(704B) AllocSpace objects, 0(0B) LOS objects, 38% free, 25MB/41MB, paused 293us total 33.214ms
08-04 02:14:05.848 16244 16791 I art     : Starting a blocking GC Explicit
08-04 02:14:05.880 16244 16791 I art     : Explicit concurrent mark sweep GC freed 3(96B) AllocSpace objects, 0(0B) LOS objects, 38% free, 25MB/41MB, paused 294us total 32.466ms
08-04 02:14:05.894 16244 16791 I art     : Starting a blocking GC Explicit
08-04 02:14:05.927 16244 16791 I art     : Explicit concurrent mark sweep GC freed 3(96B) AllocSpace objects, 0(0B) LOS objects, 38% free, 25MB/41MB, paused 388us total 32.356ms
08-04 02:14:05.940 16244 16791 I art     : Starting a blocking GC Explicit
08-04 02:14:05.974 16244 16791 I art     : Explicit concurrent mark sweep GC freed 3(96B) AllocSpace objects, 0(0B) LOS objects, 38% free, 25MB/41MB, paused 284us total 33.168ms
08-04 02:14:06.141 18002 18002 W Atfwd_Sendcmd: AtCmdFwd service not published, waiting... retryCnt : 1
08-04 02:14:06.165 16244 18180 D OK      : calling: https://oauth.reddit.com/r/announcements/hot/.json
08-04 02:14:06.261 16244 16256 I art     : Starting a blocking GC Explicit
08-04 02:14:06.297 16244 16256 I art     : Explicit concurrent mark sweep GC freed 1435(85KB) AllocSpace objects, 1(20KB) LOS objects, 38% free, 25MB/41MB, paused 302us total 36.021ms
08-04 02:14:06.311 16244 16256 I art     : Starting a blocking GC Explicit
08-04 02:14:06.345 16244 16256 I art     : Explicit concurrent mark sweep GC freed 26(960B) AllocSpace objects, 0(0B) LOS objects, 38% free, 25MB/41MB, paused 311us total 34.384ms
08-04 02:14:06.359 16244 16256 I art     : Starting a blocking GC Explicit
08-04 02:14:06.394 16244 16256 I art     : Explicit concurrent mark sweep GC freed 3(96B) AllocSpace objects, 0(0B) LOS objects, 38% free, 25MB/41MB, paused 1.422ms total 34.814ms
08-04 02:14:06.407 16244 16256 I art     : Starting a blocking GC Explicit
08-04 02:14:06.410 16244 18180 I NAPPA_EXPERIMENTATION: MetricNetworkRequestExecutionTime: REQUEST_DURATION_SYSTEM='245',REQUEST_DURATION_OKHTTP='240',REQUEST_SYNCHRONOUS='TRUE',RESPONSE_CODE='200',RESPONSE_METHOD='GET',RESPONSE_LENGTH_OKHTTP='-1',RESPONSE_LENGTH_HEADER='142016',REQUEST_PROTOCOL='h2',REQUEST_URL='https://oauth.reddit.com/r/announcements/hot/.json',
08-04 02:14:06.411 16244 18180 D OK      : request got status: 200
08-04 02:14:06.427 16244 16860 I PostListingFragment: Precaching images: OFF
08-04 02:14:06.427 16244 16860 I PostListingFragment: Precaching comments: OFF
08-04 02:14:06.441 16244 16256 I art     : Explicit concurrent mark sweep GC freed 632(72KB) AllocSpace objects, 0(0B) LOS objects, 38% free, 25MB/41MB, paused 423us total 33.782ms
08-04 02:14:06.455 16244 16256 I art     : Starting a blocking GC Explicit
08-04 02:14:06.488 16244 16256 I art     : Explicit concurrent mark sweep GC freed 988(86KB) AllocSpace objects, 1(16KB) LOS objects, 37% free, 26MB/42MB, paused 475us total 33.328ms
08-04 02:14:06.602 16244 18186 D OK      : calling: https://b.thumbs.redditmedia.com/RROcLjDSUc0QV1UeQ1txXdyl1C_7233mmsMgtYXxQzo.jpg
08-04 02:14:06.639 16244 18194 D OK      : calling: https://a.thumbs.redditmedia.com/N-frnMqRYp_XiaGds7kPbHf82a876RNKSQ1iw0LzHR0.jpg
08-04 02:14:06.658 16244 18199 D OK      : calling: https://b.thumbs.redditmedia.com/KH2o_q4MXufUdRChsfwLtl6gnEnT8MJtZn3Tyj5ZmBU.jpg
08-04 02:14:06.708 16244 18213 D OK      : calling: https://b.thumbs.redditmedia.com/MGaOJeZl7UsmdtroJopYU_36HUNvQ9LUV5WFH_FJ2vI.jpg
08-04 02:14:06.744 16244 16266 I art     : Starting a blocking GC Explicit
08-04 02:14:06.758 16244 18214 D OK      : calling: https://a.thumbs.redditmedia.com/-D0hxchgus9EyzvGqvnabK_3Obl93tMfG9G58V1QwW8.jpg
08-04 02:14:06.778 16244 18215 D OK      : calling: https://b.thumbs.redditmedia.com/zCaV9kuSMZxmMvdmErGyUsYNdPrmX8LP9_Ee4QTT16g.jpg
08-04 02:14:06.787 16244 18216 D OK      : calling: https://b.thumbs.redditmedia.com/4EGkxZNzrzt-RCtd035cWyO0BipdbDVuPwi4W2v4TyM.jpg
08-04 02:14:06.796 16244 16266 I art     : Explicit concurrent mark sweep GC freed 16644(839KB) AllocSpace objects, 6(124KB) LOS objects, 35% free, 29MB/45MB, paused 1.070ms total 51.736ms
08-04 02:14:06.811 16244 16266 I art     : Starting a blocking GC Explicit
08-04 02:14:06.831 16244 18217 D OK      : calling: https://a.thumbs.redditmedia.com/aVhMBmGX07uX0KhK0rKdhMvQ4UsOJIHN4KeTaa36EF4.jpg
08-04 02:14:06.857 16244 16266 I art     : Explicit concurrent mark sweep GC freed 13707(602KB) AllocSpace objects, 2(104KB) LOS objects, 35% free, 29MB/45MB, paused 761us total 46.214ms
08-04 02:14:06.872 16244 16266 I art     : Starting a blocking GC Explicit
08-04 02:14:06.909 16244 16266 I art     : Explicit concurrent mark sweep GC freed 59575(2MB) AllocSpace objects, 9(220KB) LOS objects, 38% free, 25MB/41MB, paused 917us total 36.772ms
08-04 02:14:06.922 16244 16266 I art     : Starting a blocking GC Explicit
08-04 02:14:06.951 16244 16244 W RecyclerView: Cannot call this method in a scroll callback. Scroll callbacks mightbe run during a measure & layout pass where you cannot change theRecyclerView data. Any method call that might change the structureof the RecyclerView or the adapter contents should be postponed tothe next frame.
08-04 02:14:06.951 16244 16244 W RecyclerView: java.lang.IllegalStateException:  androidx.recyclerview.widget.RecyclerView{4fab349 VFED..... .F....ID 0,0-1440,2140 #7f0900ef app:id/scrollbar_recyclerview_recyclerview}, adapter:baseline.org.quantumbadger.redreader.adapters.GroupedRecyclerViewAdapter@4d4c44e, layout:androidx.recyclerview.widget.LinearLayoutManager@4bb896f, context:baseline.org.quantumbadger.redreader.activities.PostListingActivity@ec4c270
08-04 02:14:06.951 16244 16244 W RecyclerView: 	at androidx.recyclerview.widget.RecyclerView.assertNotInLayoutOrScroll(RecyclerView.java:3061)
08-04 02:14:06.951 16244 16244 W RecyclerView: 	at androidx.recyclerview.widget.RecyclerView$RecyclerViewDataObserver.onItemRangeInserted(RecyclerView.java:5555)
08-04 02:14:06.951 16244 16244 W RecyclerView: 	at androidx.recyclerview.widget.RecyclerView$AdapterDataObservable.notifyItemRangeInserted(RecyclerView.java:12278)
08-04 02:14:06.951 16244 16244 W RecyclerView: 	at androidx.recyclerview.widget.RecyclerView$Adapter.notifyItemInserted(RecyclerView.java:7464)
08-04 02:14:06.951 16244 16244 W RecyclerView: 	at baseline.org.quantumbadger.redreader.adapters.GroupedRecyclerViewAdapter.updateHiddenStatus(GroupedRecyclerViewAdapter.java:279)
08-04 02:14:06.951 16244 16244 W RecyclerView: 	at baseline.org.quantumbadger.redreader.adapters.RedditListingManager.setLoadingVisible(RedditListingManager.java:125)
08-04 02:14:06.951 16244 16244 W RecyclerView: 	at baseline.org.quantumbadger.redreader.fragments.PostListingFragment.onLoadMoreItemsCheck(PostListingFragment.java:465)
08-04 02:14:06.951 16244 16244 W RecyclerView: 	at baseline.org.quantumbadger.redreader.fragments.PostListingFragment.access$000(PostListingFragment.java:98)
08-04 02:14:06.951 16244 16244 W RecyclerView: 	at baseline.org.quantumbadger.redreader.fragments.PostListingFragment$2.onScrolled(PostListingFragment.java:215)
08-04 02:14:06.951 16244 16244 W RecyclerView: 	at androidx.recyclerview.widget.RecyclerView.dispatchOnScrolled(RecyclerView.java:5173)
08-04 02:14:06.951 16244 16244 W RecyclerView: 	at androidx.recyclerview.widget.RecyclerView.dispatchLayoutStep3(RecyclerView.java:4231)
08-04 02:14:06.951 16244 16244 W RecyclerView: 	at androidx.recyclerview.widget.RecyclerView.dispatchLayout(RecyclerView.java:3862)
08-04 02:14:06.951 16244 16244 W RecyclerView: 	at androidx.recyclerview.widget.RecyclerView.consumePendingUpdateOperations(RecyclerView.java:1897)
08-04 02:14:06.951 16244 16244 W RecyclerView: 	at androidx.recyclerview.widget.RecyclerView$1.run(RecyclerView.java:414)
08-04 02:14:06.951 16244 16244 W RecyclerView: 	at android.view.Choreographer$CallbackRecord.run(Choreographer.java:858)
08-04 02:14:06.951 16244 16244 W RecyclerView: 	at android.view.Choreographer.doCallbacks(Choreographer.java:670)
08-04 02:14:06.951 16244 16244 W RecyclerView: 	at android.view.Choreographer.doFrame(Choreographer.java:603)
08-04 02:14:06.951 16244 16244 W RecyclerView: 	at android.view.Choreographer$FrameDisplayEventReceiver.run(Choreographer.java:844)
08-04 02:14:06.951 16244 16244 W RecyclerView: 	at android.os.Handler.handleCallback(Handler.java:739)
08-04 02:14:06.951 16244 16244 W RecyclerView: 	at android.os.Handler.dispatchMessage(Handler.java:95)
08-04 02:14:06.951 16244 16244 W RecyclerView: 	at android.os.Looper.loop(Looper.java:148)
08-04 02:14:06.951 16244 16244 W RecyclerView: 	at android.app.ActivityThread.main(ActivityThread.java:5417)
08-04 02:14:06.951 16244 16244 W RecyclerView: 	at java.lang.reflect.Method.invoke(Native Method)
08-04 02:14:06.951 16244 16244 W RecyclerView: 	at com.android.internal.os.ZygoteInit$MethodAndArgsCaller.run(ZygoteInit.java:726)
08-04 02:14:06.951 16244 16244 W RecyclerView: 	at com.android.internal.os.ZygoteInit.main(ZygoteInit.java:616)
08-04 02:14:06.957 16244 16266 I art     : Explicit concurrent mark sweep GC freed 7124(364KB) AllocSpace objects, 0(0B) LOS objects, 37% free, 26MB/42MB, paused 969us total 35.302ms
08-04 02:14:06.970 16244 16266 I art     : Starting a blocking GC Explicit
08-04 02:14:06.986 16244 18186 I NAPPA_EXPERIMENTATION: MetricNetworkRequestExecutionTime: REQUEST_DURATION_SYSTEM='383',REQUEST_DURATION_OKHTTP='148',REQUEST_SYNCHRONOUS='TRUE',RESPONSE_CODE='200',RESPONSE_METHOD='GET',RESPONSE_LENGTH_OKHTTP='2558',RESPONSE_LENGTH_HEADER='2558',REQUEST_PROTOCOL='h2',REQUEST_URL='https://b.thumbs.redditmedia.com/RROcLjDSUc0QV1UeQ1txXdyl1C_7233mmsMgtYXxQzo.jpg',
08-04 02:14:06.986 16244 18186 D OK      : request got status: 200
08-04 02:14:07.004 16244 16266 I art     : Explicit concurrent mark sweep GC freed 2834(189KB) AllocSpace objects, 0(0B) LOS objects, 37% free, 26MB/42MB, paused 569us total 33.175ms
08-04 02:14:07.045 16244 18199 I NAPPA_EXPERIMENTATION: MetricNetworkRequestExecutionTime: REQUEST_DURATION_SYSTEM='386',REQUEST_DURATION_OKHTTP='202',REQUEST_SYNCHRONOUS='TRUE',RESPONSE_CODE='200',RESPONSE_METHOD='GET',RESPONSE_LENGTH_OKHTTP='2613',RESPONSE_LENGTH_HEADER='2613',REQUEST_PROTOCOL='h2',REQUEST_URL='https://b.thumbs.redditmedia.com/KH2o_q4MXufUdRChsfwLtl6gnEnT8MJtZn3Tyj5ZmBU.jpg',
08-04 02:14:07.045 16244 18199 D OK      : request got status: 200
08-04 02:14:07.052 16244 18213 I NAPPA_EXPERIMENTATION: MetricNetworkRequestExecutionTime: REQUEST_DURATION_SYSTEM='344',REQUEST_DURATION_OKHTTP='206',REQUEST_SYNCHRONOUS='TRUE',RESPONSE_CODE='200',RESPONSE_METHOD='GET',RESPONSE_LENGTH_OKHTTP='4804',RESPONSE_LENGTH_HEADER='4804',REQUEST_PROTOCOL='h2',REQUEST_URL='https://b.thumbs.redditmedia.com/MGaOJeZl7UsmdtroJopYU_36HUNvQ9LUV5WFH_FJ2vI.jpg',
08-04 02:14:07.052 16244 18213 D OK      : request got status: 200
08-04 02:14:07.066 16244 18194 I NAPPA_EXPERIMENTATION: MetricNetworkRequestExecutionTime: REQUEST_DURATION_SYSTEM='425',REQUEST_DURATION_OKHTTP='218',REQUEST_SYNCHRONOUS='TRUE',RESPONSE_CODE='200',RESPONSE_METHOD='GET',RESPONSE_LENGTH_OKHTTP='3750',RESPONSE_LENGTH_HEADER='3750',REQUEST_PROTOCOL='h2',REQUEST_URL='https://a.thumbs.redditmedia.com/N-frnMqRYp_XiaGds7kPbHf82a876RNKSQ1iw0LzHR0.jpg',
08-04 02:14:07.066 16244 18194 D OK      : request got status: 200
08-04 02:14:07.094 16244 18216 I NAPPA_EXPERIMENTATION: MetricNetworkRequestExecutionTime: REQUEST_DURATION_SYSTEM='307',REQUEST_DURATION_OKHTTP='159',REQUEST_SYNCHRONOUS='TRUE',RESPONSE_CODE='200',RESPONSE_METHOD='GET',RESPONSE_LENGTH_OKHTTP='4987',RESPONSE_LENGTH_HEADER='4987',REQUEST_PROTOCOL='h2',REQUEST_URL='https://b.thumbs.redditmedia.com/4EGkxZNzrzt-RCtd035cWyO0BipdbDVuPwi4W2v4TyM.jpg',
08-04 02:14:07.095 16244 18216 D OK      : request got status: 200
08-04 02:14:07.100 16244 18215 I NAPPA_EXPERIMENTATION: MetricNetworkRequestExecutionTime: REQUEST_DURATION_SYSTEM='322',REQUEST_DURATION_OKHTTP='174',REQUEST_SYNCHRONOUS='TRUE',RESPONSE_CODE='200',RESPONSE_METHOD='GET',RESPONSE_LENGTH_OKHTTP='6132',RESPONSE_LENGTH_HEADER='6132',REQUEST_PROTOCOL='h2',REQUEST_URL='https://b.thumbs.redditmedia.com/zCaV9kuSMZxmMvdmErGyUsYNdPrmX8LP9_Ee4QTT16g.jpg',
08-04 02:14:07.100 16244 18215 D OK      : request got status: 200
08-04 02:14:07.125 16244 18214 I NAPPA_EXPERIMENTATION: MetricNetworkRequestExecutionTime: REQUEST_DURATION_SYSTEM='367',REQUEST_DURATION_OKHTTP='193',REQUEST_SYNCHRONOUS='TRUE',RESPONSE_CODE='200',RESPONSE_METHOD='GET',RESPONSE_LENGTH_OKHTTP='4818',RESPONSE_LENGTH_HEADER='4818',REQUEST_PROTOCOL='h2',REQUEST_URL='https://a.thumbs.redditmedia.com/-D0hxchgus9EyzvGqvnabK_3Obl93tMfG9G58V1QwW8.jpg',
08-04 02:14:07.125 16244 18214 D OK      : request got status: 200
08-04 02:14:07.168 16244 18217 I NAPPA_EXPERIMENTATION: MetricNetworkRequestExecutionTime: REQUEST_DURATION_SYSTEM='337',REQUEST_DURATION_OKHTTP='185',REQUEST_SYNCHRONOUS='TRUE',RESPONSE_CODE='200',RESPONSE_METHOD='GET',RESPONSE_LENGTH_OKHTTP='6940',RESPONSE_LENGTH_HEADER='6940',REQUEST_PROTOCOL='h2',REQUEST_URL='https://a.thumbs.redditmedia.com/aVhMBmGX07uX0KhK0rKdhMvQ4UsOJIHN4KeTaa36EF4.jpg',
08-04 02:14:07.168 16244 18217 D OK      : request got status: 200
08-04 02:14:07.264 16244 16791 I art     : Starting a blocking GC Explicit
08-04 02:14:07.299 16244 16791 I art     : Explicit concurrent mark sweep GC freed 5421(603KB) AllocSpace objects, 44(2MB) LOS objects, 36% free, 27MB/43MB, paused 341us total 34.809ms
08-04 02:14:07.313 16244 16791 I art     : Starting a blocking GC Explicit
08-04 02:14:07.349 16244 16791 I art     : Explicit concurrent mark sweep GC freed 367(12KB) AllocSpace objects, 0(0B) LOS objects, 36% free, 27MB/43MB, paused 292us total 35.778ms
08-04 02:14:07.363 16244 16791 I art     : Starting a blocking GC Explicit
08-04 02:14:07.366 16244 18244 D OK      : calling: https://oauth.reddit.com/r/announcements/hot/.json?after=t3_9jf8nh
08-04 02:14:07.400 16244 16791 I art     : Explicit concurrent mark sweep GC freed 103(5KB) AllocSpace objects, 0(0B) LOS objects, 36% free, 27MB/43MB, paused 408us total 36.007ms
08-04 02:14:07.414 16244 16791 I art     : Starting a blocking GC Explicit
08-04 02:14:07.450 16244 16791 I art     : Explicit concurrent mark sweep GC freed 66(3KB) AllocSpace objects, 0(0B) LOS objects, 36% free, 27MB/43MB, paused 329us total 36.073ms
08-04 02:14:07.464 16244 16791 I art     : Starting a blocking GC Explicit
08-04 02:14:07.502 16244 16791 I art     : Explicit concurrent mark sweep GC freed 1858(72KB) AllocSpace objects, 0(0B) LOS objects, 36% free, 27MB/43MB, paused 450us total 36.834ms
08-04 02:14:07.651 16244 18244 I NAPPA_EXPERIMENTATION: MetricNetworkRequestExecutionTime: REQUEST_DURATION_SYSTEM='285',REQUEST_DURATION_OKHTTP='140',REQUEST_SYNCHRONOUS='TRUE',RESPONSE_CODE='200',RESPONSE_METHOD='GET',RESPONSE_LENGTH_OKHTTP='-1',RESPONSE_LENGTH_HEADER='65685',REQUEST_PROTOCOL='h2',REQUEST_URL='https://oauth.reddit.com/r/announcements/hot/.json?after=t3_9jf8nh',
08-04 02:14:07.652 16244 18244 D OK      : request got status: 200
08-04 02:14:07.668 16244 16860 I PostListingFragment: Precaching images: OFF
08-04 02:14:07.668 16244 16860 I PostListingFragment: Precaching comments: OFF
08-04 02:14:07.712 16244 18254 D OK      : calling: https://a.thumbs.redditmedia.com/8P7BG-empihRDWkNYE_LZ8tekikmQtEiymWkwv7obo0.jpg
08-04 02:14:07.743 16244 18259 D OK      : calling: https://b.thumbs.redditmedia.com/PCxvz6Ma5pyTglQOwhW4LZZOY0qIwyWW5pD83dYmMgc.jpg
08-04 02:14:07.808 16244 16255 I art     : Starting a blocking GC Explicit
08-04 02:14:07.851 16244 18254 I NAPPA_EXPERIMENTATION: MetricNetworkRequestExecutionTime: REQUEST_DURATION_SYSTEM='138',REQUEST_DURATION_OKHTTP='138',REQUEST_SYNCHRONOUS='TRUE',RESPONSE_CODE='200',RESPONSE_METHOD='GET',RESPONSE_LENGTH_OKHTTP='3039',RESPONSE_LENGTH_HEADER='3039',REQUEST_PROTOCOL='h2',REQUEST_URL='https://a.thumbs.redditmedia.com/8P7BG-empihRDWkNYE_LZ8tekikmQtEiymWkwv7obo0.jpg',
08-04 02:14:07.851 16244 18254 D OK      : request got status: 200
08-04 02:14:07.854 16244 16255 I art     : Explicit concurrent mark sweep GC freed 15509(816KB) AllocSpace objects, 4(120KB) LOS objects, 35% free, 29MB/45MB, paused 618us total 45.429ms
08-04 02:14:07.869 16244 16255 I art     : Starting a blocking GC Explicit
08-04 02:14:07.910 16244 16255 I art     : Explicit concurrent mark sweep GC freed 5118(297KB) AllocSpace objects, 7(620KB) LOS objects, 35% free, 29MB/45MB, paused 477us total 40.664ms
08-04 02:14:07.924 16244 16255 I art     : Starting a blocking GC Explicit
08-04 02:14:07.965 16244 16255 I art     : Explicit concurrent mark sweep GC freed 3822(140KB) AllocSpace objects, 1(68KB) LOS objects, 35% free, 29MB/45MB, paused 637us total 41.054ms
08-04 02:14:07.979 16244 16255 I art     : Starting a blocking GC Explicit
08-04 02:14:07.984 16244 18259 I NAPPA_EXPERIMENTATION: MetricNetworkRequestExecutionTime: REQUEST_DURATION_SYSTEM='240',REQUEST_DURATION_OKHTTP='143',REQUEST_SYNCHRONOUS='TRUE',RESPONSE_CODE='200',RESPONSE_METHOD='GET',RESPONSE_LENGTH_OKHTTP='9233',RESPONSE_LENGTH_HEADER='9233',REQUEST_PROTOCOL='h2',REQUEST_URL='https://b.thumbs.redditmedia.com/PCxvz6Ma5pyTglQOwhW4LZZOY0qIwyWW5pD83dYmMgc.jpg',
08-04 02:14:07.984 16244 18259 D OK      : request got status: 200
08-04 02:14:08.016 16244 16255 I art     : Explicit concurrent mark sweep GC freed 17049(868KB) AllocSpace objects, 7(176KB) LOS objects, 36% free, 28MB/44MB, paused 339us total 36.513ms
08-04 02:14:08.031 16244 16255 I art     : Starting a blocking GC Explicit
08-04 02:14:08.066 16244 16255 I art     : Explicit concurrent mark sweep GC freed 308(51KB) AllocSpace objects, 1(20KB) LOS objects, 35% free, 28MB/44MB, paused 285us total 34.791ms
08-04 02:14:08.392 16244 16256 I art     : Starting a blocking GC Explicit
08-04 02:14:08.440 16244 16256 I art     : Explicit concurrent mark sweep GC freed 1515(101KB) AllocSpace objects, 4(188KB) LOS objects, 36% free, 28MB/44MB, paused 311us total 47.560ms
08-04 02:14:08.458 16244 16256 I art     : Starting a blocking GC Explicit
08-04 02:14:08.495 16244 16256 I art     : Explicit concurrent mark sweep GC freed 27(912B) AllocSpace objects, 0(0B) LOS objects, 36% free, 28MB/44MB, paused 293us total 37.448ms
08-04 02:14:08.510 16244 16256 I art     : Starting a blocking GC Explicit
08-04 02:14:08.548 16244 16256 I art     : Explicit concurrent mark sweep GC freed 3(96B) AllocSpace objects, 0(0B) LOS objects, 36% free, 28MB/44MB, paused 286us total 38.040ms
08-04 02:14:08.563 16244 16256 I art     : Starting a blocking GC Explicit
08-04 02:14:08.600 16244 16256 I art     : Explicit concurrent mark sweep GC freed 3(96B) AllocSpace objects, 0(0B) LOS objects, 36% free, 28MB/44MB, paused 283us total 37.189ms
08-04 02:14:08.615 16244 16256 I art     : Starting a blocking GC Explicit
08-04 02:14:08.652 16244 16256 I art     : Explicit concurrent mark sweep GC freed 3(96B) AllocSpace objects, 0(0B) LOS objects, 36% free, 28MB/44MB, paused 289us total 37.456ms
08-04 02:14:08.972 16244 16266 I art     : Starting a blocking GC Explicit
08-04 02:14:09.022 16244 16266 I art     : Explicit concurrent mark sweep GC freed 1344(82KB) AllocSpace objects, 1(20KB) LOS objects, 36% free, 28MB/44MB, paused 333us total 49.929ms
08-04 02:14:09.039 16244 16266 I art     : Starting a blocking GC Explicit
08-04 02:14:09.077 16244 16266 I art     : Explicit concurrent mark sweep GC freed 20(704B) AllocSpace objects, 0(0B) LOS objects, 36% free, 28MB/44MB, paused 298us total 37.671ms
08-04 02:14:09.091 16244 16266 I art     : Starting a blocking GC Explicit
08-04 02:14:09.129 16244 16266 I art     : Explicit concurrent mark sweep GC freed 3(96B) AllocSpace objects, 0(0B) LOS objects, 36% free, 28MB/44MB, paused 298us total 37.483ms
08-04 02:14:09.143   918  3188 I hubconnection: sensorhub said: 'set_bias 3: -5.2032, 0.0000, 0.0000'
08-04 02:14:09.143 16244 16266 I art     : Starting a blocking GC Explicit
08-04 02:14:09.181 16244 16266 I art     : Explicit concurrent mark sweep GC freed 3(96B) AllocSpace objects, 0(0B) LOS objects, 36% free, 28MB/44MB, paused 286us total 37.601ms
08-04 02:14:09.196 16244 16266 I art     : Starting a blocking GC Explicit
08-04 02:14:09.234 16244 16266 I art     : Explicit concurrent mark sweep GC freed 3(96B) AllocSpace objects, 0(0B) LOS objects, 36% free, 28MB/44MB, paused 303us total 37.859ms
08-04 02:14:09.584 16244 16757 I art     : Starting a blocking GC Explicit
08-04 02:14:09.632 16244 16757 I art     : Explicit concurrent mark sweep GC freed 1344(82KB) AllocSpace objects, 1(20KB) LOS objects, 36% free, 28MB/44MB, paused 316us total 48.442ms
08-04 02:14:09.647 16244 16757 I art     : Starting a blocking GC Explicit
08-04 02:14:09.682 16244 16757 I art     : Explicit concurrent mark sweep GC freed 20(704B) AllocSpace objects, 0(0B) LOS objects, 36% free, 28MB/44MB, paused 264us total 35.111ms
08-04 02:14:09.696 16244 16757 I art     : Starting a blocking GC Explicit
08-04 02:14:09.733 16244 16757 I art     : Explicit concurrent mark sweep GC freed 3(96B) AllocSpace objects, 0(0B) LOS objects, 36% free, 28MB/44MB, paused 287us total 36.818ms
08-04 02:14:09.748 16244 16757 I art     : Starting a blocking GC Explicit
08-04 02:14:09.785 16244 16757 I art     : Explicit concurrent mark sweep GC freed 3(96B) AllocSpace objects, 0(0B) LOS objects, 36% free, 28MB/44MB, paused 283us total 37.387ms
08-04 02:14:09.800 16244 16757 I art     : Starting a blocking GC Explicit
08-04 02:14:09.838 16244 16757 I art     : Explicit concurrent mark sweep GC freed 3(96B) AllocSpace objects, 0(0B) LOS objects, 36% free, 28MB/44MB, paused 294us total 37.995ms
08-04 02:14:10.165 16244 16791 I art     : Starting a blocking GC Explicit
08-04 02:14:10.203 16244 16791 I art     : Explicit concurrent mark sweep GC freed 1349(82KB) AllocSpace objects, 1(20KB) LOS objects, 36% free, 28MB/44MB, paused 304us total 37.594ms
08-04 02:14:10.217 16244 16791 I art     : Starting a blocking GC Explicit
08-04 02:14:10.253 16244 16791 I art     : Explicit concurrent mark sweep GC freed 20(704B) AllocSpace objects, 0(0B) LOS objects, 36% free, 28MB/44MB, paused 288us total 35.973ms
08-04 02:14:10.267 16244 16791 I art     : Starting a blocking GC Explicit
08-04 02:14:10.302 16244 16791 I art     : Explicit concurrent mark sweep GC freed 3(96B) AllocSpace objects, 0(0B) LOS objects, 36% free, 28MB/44MB, paused 265us total 34.780ms
08-04 02:14:10.316 16244 16791 I art     : Starting a blocking GC Explicit
08-04 02:14:10.350 16244 16791 I art     : Explicit concurrent mark sweep GC freed 3(96B) AllocSpace objects, 0(0B) LOS objects, 36% free, 28MB/44MB, paused 270us total 34.242ms
08-04 02:14:10.364 16244 16791 I art     : Starting a blocking GC Explicit
08-04 02:14:10.399 16244 16791 I art     : Explicit concurrent mark sweep GC freed 3(96B) AllocSpace objects, 0(0B) LOS objects, 36% free, 28MB/44MB, paused 286us total 34.835ms
08-04 02:14:10.564 18303 18303 D AndroidRuntime: >>>>>> START com.android.internal.os.RuntimeInit uid 2000 <<<<<<
08-04 02:14:10.571 18303 18303 D AndroidRuntime: CheckJNI is OFF
08-04 02:14:10.606 18303 18303 D ICU     : No timezone override file found: /data/misc/zoneinfo/current/icu/icu_tzdata.dat
08-04 02:14:10.639 18303 18303 I Radio-JNI: register_android_hardware_Radio DONE
08-04 02:14:10.660 18303 18303 D AndroidRuntime: Calling main entry com.android.commands.input.Input
08-04 02:14:10.662 18303 18303 I Input   : injectMotionEvent: MotionEvent { action=ACTION_DOWN, actionButton=0, id[0]=0, x[0]=600.0, y[0]=580.0, toolType[0]=TOOL_TYPE_UNKNOWN, buttonState=0, metaState=0, flags=0x0, edgeFlags=0x0, pointerCount=1, historySize=0, eventTime=670467074, downTime=670467074, deviceId=0, source=0x1002 }
08-04 02:14:10.666 18303 18303 I Input   : injectMotionEvent: MotionEvent { action=ACTION_UP, actionButton=0, id[0]=0, x[0]=600.0, y[0]=580.0, toolType[0]=TOOL_TYPE_UNKNOWN, buttonState=0, metaState=0, flags=0x0, edgeFlags=0x0, pointerCount=1, historySize=0, eventTime=670467074, downTime=670467074, deviceId=0, source=0x1002 }
08-04 02:14:10.667 18303 18303 D AndroidRuntime: Shutting down VM
08-04 02:14:10.684   512  2967 D audio_hw_primary: out_set_parameters: enter: usecase(1: low-latency-playback) kvpairs: routing=2
08-04 02:14:10.688   918  3714 I ActivityManager: START u0 {cmp=baseline.org.quantumbadger.redreader/.activities.WebViewActivity (has extras)} from uid 10666 on display 0
08-04 02:14:10.697   512  2967 D audio_hw_primary: select_devices: out_snd_device(2: speaker) in_snd_device(0: none)
08-04 02:14:10.697   512  2967 D msm8974_platform: platform_send_audio_calibration: sending audio calibration for snd_device(2) acdb_id(15)
08-04 02:14:10.697   512  2967 I soundtrigger: audio_extn_sound_trigger_update_device_status: device 0x2 of type 0 for Event 1
08-04 02:14:10.701 16244 16791 I art     : Starting a blocking GC Explicit
08-04 02:14:10.710   512  2967 D audio_hw_primary: enable_snd_device: snd_device(2: speaker)
08-04 02:14:10.713   512  2967 D audio_hw_primary: enable_audio_route: apply and update mixer path: low-latency-playback speaker
08-04 02:14:10.715 16244 16244 I AppCompatViewInflater: app:theme is now deprecated. Please move to using android:theme instead.
08-04 02:14:10.730 16244 16244 I WebViewFactory: Loading com.google.android.webview version 84.0.4147.89 (code 414708953)
08-04 02:14:10.740 16244 16791 I art     : Explicit concurrent mark sweep GC freed 2571(171KB) AllocSpace objects, 1(20KB) LOS objects, 35% free, 28MB/44MB, paused 595us total 38.253ms
08-04 02:14:10.753 16244 16791 I art     : Starting a blocking GC Explicit
08-04 02:14:10.790 16244 16791 I art     : Explicit concurrent mark sweep GC freed 8992(745KB) AllocSpace objects, 3(76KB) LOS objects, 35% free, 28MB/44MB, paused 516us total 36.597ms
08-04 02:14:10.800 16244 16244 I cr_LibraryLoader: Loaded native library version number "84.0.4147.89"
08-04 02:14:10.801 16244 16244 I cr_CachingUmaRecorder: Flushed 5 samples from 5 histograms.
08-04 02:14:10.804 16244 16791 I art     : Starting a blocking GC Explicit
08-04 02:14:10.811   918  4400 I ActivityManager: Start proc 18333:com.google.android.webview:webview_service/u0a74 for service com.google.android.webview/org.chromium.android_webview.services.VariationsSeedServer
08-04 02:14:10.838 16244 16791 I art     : Explicit concurrent mark sweep GC freed 1364(181KB) AllocSpace objects, 2(40KB) LOS objects, 35% free, 28MB/44MB, paused 879us total 34.543ms
08-04 02:14:10.839 16244 16244 E chromium: [ERROR:filesystem_posix.cc(62)] mkdir /data/user/0/baseline.org.quantumbadger.redreader/cache/WebView/Crashpad: No such file or directory (2)
08-04 02:14:10.849 18333 18333 I LoadedApk: No resource references to update in package com.google.android.webview_translations
08-04 02:14:10.858 16244 16791 I art     : Starting a blocking GC Explicit
08-04 02:14:10.899 16244 16791 I art     : Explicit concurrent mark sweep GC freed 1011(82KB) AllocSpace objects, 0(0B) LOS objects, 35% free, 28MB/44MB, paused 576us total 39.848ms
08-04 02:14:10.919 16244 16791 I art     : Starting a blocking GC Explicit
08-04 02:14:10.925   918   929 D ConnectivityService: listenForNetwork for Listen from uid/pid:10666/16244 for NetworkRequest [ id=2542, legacyType=-1, [ Capabilities: INTERNET&NOT_RESTRICTED&TRUSTED] ]
08-04 02:14:10.953 16244 16791 I art     : Explicit concurrent mark sweep GC freed 2213(152KB) AllocSpace objects, 0(0B) LOS objects, 35% free, 29MB/45MB, paused 905us total 34.068ms
08-04 02:14:10.973 16244 18357 W cr_media: Requires BLUETOOTH permission
08-04 02:14:10.989 16244 18369 E libEGL  : validate_display:255 error 3008 (EGL_BAD_DISPLAY)
08-04 02:14:11.107   918   936 I ActivityManager: Displayed baseline.org.quantumbadger.redreader/.activities.WebViewActivity: +410ms
08-04 02:14:11.107 13866 13866 I GoogleInputMethodServic: GoogleInputMethodService.onFinishInput():3138 
08-04 02:14:11.108 13866 13866 I GoogleInputMethodServic: GoogleInputMethodService.onStartInput():1808 
08-04 02:14:11.141 18002 18002 I ServiceManager: Waiting for service AtCmdFwd...
08-04 02:14:11.239 16244 16791 I art     : Starting a blocking GC Explicit
08-04 02:14:11.259   512  2967 D audio_hw_primary: disable_audio_route: reset and update mixer path: low-latency-playback speaker
08-04 02:14:11.261   512  2967 D audio_hw_primary: disable_snd_device: snd_device(2: speaker)
08-04 02:14:11.271   512  2967 I soundtrigger: audio_extn_sound_trigger_update_device_status: device 0x2 of type 0 for Event 0
08-04 02:14:11.289 16244 16791 I art     : Explicit concurrent mark sweep GC freed 4292(299KB) AllocSpace objects, 3(140KB) LOS objects, 35% free, 29MB/45MB, paused 562us total 49.173ms
08-04 02:14:11.305 16244 16791 I art     : Starting a blocking GC Explicit
08-04 02:14:11.345 16244 16791 I art     : Explicit concurrent mark sweep GC freed 2350(100KB) AllocSpace objects, 1(80KB) LOS objects, 35% free, 29MB/45MB, paused 367us total 39.829ms
08-04 02:14:11.360 16244 16791 I art     : Starting a blocking GC Explicit
08-04 02:14:11.364   380   380 W SurfaceFlinger: couldn't log to binary event log: overflow.
08-04 02:14:11.396 16244 16791 I art     : Explicit concurrent mark sweep GC freed 897(114KB) AllocSpace objects, 0(0B) LOS objects, 35% free, 29MB/45MB, paused 358us total 34.995ms
08-04 02:14:11.409 16244 16791 I art     : Starting a blocking GC Explicit
08-04 02:14:11.442 16244 16791 I art     : Explicit concurrent mark sweep GC freed 3(96B) AllocSpace objects, 0(0B) LOS objects, 35% free, 29MB/45MB, paused 335us total 32.622ms
08-04 02:14:11.456 16244 16791 I art     : Starting a blocking GC Explicit
08-04 02:14:11.494 16244 16791 I art     : Explicit concurrent mark sweep GC freed 100(3KB) AllocSpace objects, 0(0B) LOS objects, 35% free, 29MB/45MB, paused 390us total 37.729ms
08-04 02:14:11.758 16244 16266 I art     : Starting a blocking GC Explicit
08-04 02:14:11.795 16244 16266 I art     : Explicit concurrent mark sweep GC freed 4466(248KB) AllocSpace objects, 1(20KB) LOS objects, 35% free, 29MB/45MB, paused 474us total 36.614ms
08-04 02:14:11.809 16244 16266 I art     : Starting a blocking GC Explicit
08-04 02:14:11.843 16244 16266 I art     : Explicit concurrent mark sweep GC freed 76(6KB) AllocSpace objects, 0(0B) LOS objects, 35% free, 29MB/45MB, paused 471us total 33.102ms
08-04 02:14:11.857 16244 16266 I art     : Starting a blocking GC Explicit
08-04 02:14:11.890 16244 16266 I art     : Explicit concurrent mark sweep GC freed 1807(74KB) AllocSpace objects, 0(0B) LOS objects, 35% free, 29MB/45MB, paused 413us total 32.790ms
08-04 02:14:11.903 16244 16266 I art     : Starting a blocking GC Explicit
08-04 02:14:11.937 16244 16266 I art     : Explicit concurrent mark sweep GC freed 206(8KB) AllocSpace objects, 0(0B) LOS objects, 35% free, 29MB/45MB, paused 564us total 33.930ms
08-04 02:14:11.950 16244 16266 I art     : Starting a blocking GC Explicit
08-04 02:14:11.984 16244 16266 I art     : Explicit concurrent mark sweep GC freed 9(320B) AllocSpace objects, 0(0B) LOS objects, 35% free, 29MB/45MB, paused 451us total 33.707ms
08-04 02:14:12.142 18002 18002 I ServiceManager: Waiting for service AtCmdFwd...
08-04 02:14:12.269 16244 16256 I art     : Starting a blocking GC Explicit
08-04 02:14:12.305 16244 16256 I art     : Explicit concurrent mark sweep GC freed 1355(82KB) AllocSpace objects, 1(20KB) LOS objects, 35% free, 29MB/45MB, paused 441us total 35.642ms
08-04 02:14:12.319 16244 16256 I art     : Starting a blocking GC Explicit
08-04 02:14:12.352 16244 16256 I art     : Explicit concurrent mark sweep GC freed 20(704B) AllocSpace objects, 0(0B) LOS objects, 35% free, 29MB/45MB, paused 468us total 32.573ms
08-04 02:14:12.361 16244 16244 I Choreographer: Skipped 41 frames!  The application may be doing too much work on its main thread.
08-04 02:14:12.369 16244 16256 I art     : Starting a blocking GC Explicit
08-04 02:14:12.412 16244 16256 I art     : Explicit concurrent mark sweep GC freed 15(816B) AllocSpace objects, 0(0B) LOS objects, 35% free, 29MB/45MB, paused 477us total 42.465ms
08-04 02:14:12.429 16244 16256 I art     : Starting a blocking GC Explicit
08-04 02:14:12.474 16244 16256 I art     : Explicit concurrent mark sweep GC freed 10(320B) AllocSpace objects, 0(0B) LOS objects, 35% free, 29MB/45MB, paused 554us total 44.506ms
08-04 02:14:12.490 16244 16256 I art     : Starting a blocking GC Explicit
08-04 02:14:12.547 16244 16256 I art     : Explicit concurrent mark sweep GC freed 11(336B) AllocSpace objects, 0(0B) LOS objects, 35% free, 29MB/45MB, paused 753us total 57.232ms
08-04 02:14:12.865 16244 16256 I art     : Starting a blocking GC Explicit
08-04 02:14:12.905 16244 16256 I art     : Explicit concurrent mark sweep GC freed 1427(84KB) AllocSpace objects, 1(20KB) LOS objects, 35% free, 29MB/45MB, paused 429us total 39.474ms
08-04 02:14:12.920 16244 16256 I art     : Starting a blocking GC Explicit
08-04 02:14:12.953 16244 16256 I art     : Explicit concurrent mark sweep GC freed 21(736B) AllocSpace objects, 0(0B) LOS objects, 35% free, 29MB/45MB, paused 350us total 32.255ms
08-04 02:14:12.966 16244 16256 I art     : Starting a blocking GC Explicit
08-04 02:14:12.999 16244 16256 I art     : Explicit concurrent mark sweep GC freed 30(1504B) AllocSpace objects, 0(0B) LOS objects, 35% free, 29MB/45MB, paused 362us total 32.750ms
08-04 02:14:13.013 16244 16256 I art     : Starting a blocking GC Explicit
08-04 02:14:13.049 16244 16256 I art     : Explicit concurrent mark sweep GC freed 138(29KB) AllocSpace objects, 0(0B) LOS objects, 35% free, 29MB/45MB, paused 380us total 35.270ms
08-04 02:14:13.063 16244 16256 I art     : Starting a blocking GC Explicit
08-04 02:14:13.098 16244 16256 I art     : Explicit concurrent mark sweep GC freed 68(2304B) AllocSpace objects, 0(0B) LOS objects, 35% free, 29MB/45MB, paused 401us total 35.181ms
08-04 02:14:13.143 18002 18002 I ServiceManager: Waiting for service AtCmdFwd...
08-04 02:14:13.174 16244 16244 I chromium: [INFO:CONSOLE(1)] "
08-04 02:14:13.174 16244 16244 I chromium:                   ,d"=,.,qOp,
08-04 02:14:13.174 16244 16244 I chromium:                  ,7'  ''$(  )
08-04 02:14:13.174 16244 16244 I chromium:                 ,7'      '?q$7'
08-04 02:14:13.174 16244 16244 I chromium:              ..,$$,.
08-04 02:14:13.174 16244 16244 I chromium:    ,.  .,,--***""***--,,.  .,
08-04 02:14:13.174 16244 16244 I chromium:     ,p''              ''q,   
08-04 02:14:13.174 16244 16244 I chromium: :  ,7'                      '7,  :
08-04 02:14:13.174 16244 16244 I chromium:  ' $      ,db,      ,db,      $ '
08-04 02:14:13.174 16244 16244 I chromium:   '$      $$      $$      $'    Using Reddit at work? Work for Reddit.
08-04 02:14:13.174 16244 16244 I chromium:   '$                          $'        https://www.reddit.com/jobs
08-04 02:14:13.174 16244 16244 I chromium:    '$.     .,        ,.     .$'
08-04 02:14:13.174 16244 16244 I chromium:     'b,     ''     ,d'
08-04 02:14:13.174 16244 16244 I chromium:      '?bn,,          ,,nd?'
08-04 02:14:13.174 16244 16244 I chromium:        ,7$ '''' $7,
08-04 02:14:13.174 16244 16244 I chromium:      , $              $ ,
08-04 02:14:13.174 16244 16244 I chromium:      $  :$              $:  $
08-04 02:14:13.174 16244 16244 I chromium:      $   $              $   $
08-04 02:14:13.174 16244 16244 I chromium:      'b  q:            :p  d'
08-04 02:14:13.174 16244 16244 I chromium:       '?$.          .$?'
08-04 02:14:13.174 16244 16244 I chromium:          'b            d'
08-04 02:14:13.174 16244 16244 I chromium:        ,'?,.      .,?',
08-04 02:14:13.174 16244 16244 I chromium:       ==--==--==--==
08-04 02:14:13.174 16244 16244 I chromium: ", source: https://www.redditstatic.com/desktop2x/Chat~Governance~Reddit.2ea93b134a9b2e5b1d9a.js (1)
08-04 02:14:13.375   518   646 I ThermalEngine: ACTION: GPU - Setting GPU[0] to 450000000
08-04 02:14:13.464 16244 16757 I art     : Starting a blocking GC Explicit
08-04 02:14:13.516 16244 16757 I art     : Explicit concurrent mark sweep GC freed 1364(85KB) AllocSpace objects, 1(20KB) LOS objects, 35% free, 29MB/45MB, paused 597us total 51.773ms
08-04 02:14:13.535 16244 16757 I art     : Starting a blocking GC Explicit
08-04 02:14:13.580 16244 16757 I art     : Explicit concurrent mark sweep GC freed 30(1248B) AllocSpace objects, 0(0B) LOS objects, 35% free, 29MB/45MB, paused 553us total 44.486ms
08-04 02:14:13.598 16244 16757 I art     : Starting a blocking GC Explicit
08-04 02:14:13.647 16244 16757 I art     : Explicit concurrent mark sweep GC freed 7(464B) AllocSpace objects, 0(0B) LOS objects, 35% free, 29MB/45MB, paused 543us total 47.827ms
08-04 02:14:13.669 16244 16757 I art     : Starting a blocking GC Explicit
08-04 02:14:13.717 16244 16757 I art     : Explicit concurrent mark sweep GC freed 3(96B) AllocSpace objects, 0(0B) LOS objects, 35% free, 29MB/45MB, paused 612us total 47.925ms
08-04 02:14:13.736 16244 16757 I art     : Starting a blocking GC Explicit
08-04 02:14:13.784 16244 16757 I art     : Explicit concurrent mark sweep GC freed 3(96B) AllocSpace objects, 0(0B) LOS objects, 35% free, 29MB/45MB, paused 542us total 47.700ms
08-04 02:14:14.143 18002 18002 I ServiceManager: Waiting for service AtCmdFwd...
08-04 02:14:14.147 16244 16255 I art     : Starting a blocking GC Explicit
08-04 02:14:14.195 16244 16255 I art     : Explicit concurrent mark sweep GC freed 1355(82KB) AllocSpace objects, 1(20KB) LOS objects, 35% free, 29MB/45MB, paused 547us total 47.378ms
08-04 02:14:14.214 16244 16255 I art     : Starting a blocking GC Explicit
08-04 02:14:14.258 16244 16255 I art     : Explicit concurrent mark sweep GC freed 110(5KB) AllocSpace objects, 0(0B) LOS objects, 35% free, 29MB/45MB, paused 605us total 43.431ms
08-04 02:14:14.280 16244 16255 I art     : Starting a blocking GC Explicit
08-04 02:14:14.323 16244 16255 I art     : Explicit concurrent mark sweep GC freed 124(7KB) AllocSpace objects, 0(0B) LOS objects, 35% free, 29MB/45MB, paused 449us total 42.610ms
08-04 02:14:14.341 16244 16255 I art     : Starting a blocking GC Explicit
08-04 02:14:14.386 16244 16255 I art     : Explicit concurrent mark sweep GC freed 3(96B) AllocSpace objects, 0(0B) LOS objects, 35% free, 29MB/45MB, paused 574us total 45.057ms
08-04 02:14:14.405 16244 16255 I art     : Starting a blocking GC Explicit
08-04 02:14:14.449 16244 16255 I art     : Explicit concurrent mark sweep GC freed 3(96B) AllocSpace objects, 0(0B) LOS objects, 35% free, 29MB/45MB, paused 479us total 43.790ms
08-04 02:14:14.837 16244 16255 I art     : Starting a blocking GC Explicit
08-04 02:14:14.889 16244 16255 I art     : Explicit concurrent mark sweep GC freed 1370(85KB) AllocSpace objects, 1(20KB) LOS objects, 35% free, 29MB/45MB, paused 786us total 51.858ms
08-04 02:14:14.911 16244 16255 I art     : Starting a blocking GC Explicit
08-04 02:14:14.958 16244 16255 I art     : Explicit concurrent mark sweep GC freed 20(704B) AllocSpace objects, 0(0B) LOS objects, 35% free, 29MB/45MB, paused 480us total 46.714ms
08-04 02:14:14.978 16244 16255 I art     : Starting a blocking GC Explicit
08-04 02:14:15.028 16244 16255 I art     : Explicit concurrent mark sweep GC freed 3(96B) AllocSpace objects, 0(0B) LOS objects, 35% free, 29MB/45MB, paused 463us total 49.796ms
08-04 02:14:15.047 16244 16255 I art     : Starting a blocking GC Explicit
08-04 02:14:15.092 16244 16255 I art     : Explicit concurrent mark sweep GC freed 49(2656B) AllocSpace objects, 0(0B) LOS objects, 35% free, 29MB/45MB, paused 496us total 44.715ms
08-04 02:14:15.109 16244 16255 I art     : Starting a blocking GC Explicit
08-04 02:14:15.143 18002 18002 I ServiceManager: Waiting for service AtCmdFwd...
08-04 02:14:15.152 16244 16255 I art     : Explicit concurrent mark sweep GC freed 3(96B) AllocSpace objects, 0(0B) LOS objects, 35% free, 29MB/45MB, paused 489us total 42.237ms
08-04 02:14:15.528 16244 16255 I art     : Starting a blocking GC Explicit
08-04 02:14:15.578 16244 16255 I art     : Explicit concurrent mark sweep GC freed 1355(82KB) AllocSpace objects, 1(20KB) LOS objects, 35% free, 29MB/45MB, paused 560us total 49.420ms
08-04 02:14:15.599 16244 16255 I art     : Starting a blocking GC Explicit
08-04 02:14:15.649 16244 16255 I art     : Explicit concurrent mark sweep GC freed 20(704B) AllocSpace objects, 0(0B) LOS objects, 35% free, 29MB/45MB, paused 525us total 49.886ms
08-04 02:14:15.668 16244 16255 I art     : Starting a blocking GC Explicit
08-04 02:14:15.697 16244 18327 I RedditChangeDataIO: Writing tmp data file at '/data/user/0/baseline.org.quantumbadger.redreader/files/rr_change_data_tmp.dat'
08-04 02:14:15.697 16244 18327 I RedditChangeDataManager: Taking snapshot...
08-04 02:14:15.698 16244 18327 I RedditChangeDataManager: Writing to stream...
08-04 02:14:15.698 16244 18327 I RedditChangeDataManager: Wrote 4 entries for user ''
08-04 02:14:15.698 16244 18327 I RedditChangeDataManager: All entries written to stream.
08-04 02:14:15.698 16244 18327 I RedditChangeDataIO: Write successful. Atomically replacing data file...
08-04 02:14:15.699 16244 18327 I RedditChangeDataIO: Write complete.
08-04 02:14:15.699 16244 18327 I RedditChangeDataIO: 110 bytes written in 3 ms
08-04 02:14:15.714 16244 16255 I art     : Explicit concurrent mark sweep GC freed 77(4KB) AllocSpace objects, 1(68KB) LOS objects, 35% free, 29MB/45MB, paused 530us total 46.397ms
08-04 02:14:15.733 16244 16255 I art     : Starting a blocking GC Explicit
08-04 02:14:15.781 16244 16255 I art     : Explicit concurrent mark sweep GC freed 13(624B) AllocSpace objects, 0(0B) LOS objects, 35% free, 29MB/45MB, paused 469us total 47.580ms
08-04 02:14:15.807 16244 16255 I art     : Starting a blocking GC Explicit
08-04 02:14:15.855 16244 16255 I art     : Explicit concurrent mark sweep GC freed 3(96B) AllocSpace objects, 0(0B) LOS objects, 35% free, 29MB/45MB, paused 488us total 47.782ms
08-04 02:14:16.144 18002 18002 W Atfwd_Sendcmd: AtCmdFwd service not published, waiting... retryCnt : 2
08-04 02:14:16.260 16244 16256 I art     : Starting a blocking GC Explicit
08-04 02:14:16.317 16244 16256 I art     : Explicit concurrent mark sweep GC freed 1355(82KB) AllocSpace objects, 1(20KB) LOS objects, 35% free, 29MB/45MB, paused 450us total 57.137ms
08-04 02:14:16.335 16244 16256 I art     : Starting a blocking GC Explicit
08-04 02:14:16.376 16244 16256 I art     : Explicit concurrent mark sweep GC freed 22(784B) AllocSpace objects, 0(0B) LOS objects, 35% free, 29MB/45MB, paused 464us total 41.333ms
08-04 02:14:16.397 16244 16256 I art     : Starting a blocking GC Explicit
08-04 02:14:16.442 16244 16256 I art     : Explicit concurrent mark sweep GC freed 3(96B) AllocSpace objects, 0(0B) LOS objects, 35% free, 29MB/45MB, paused 486us total 44.315ms
08-04 02:14:16.459 16244 16256 I art     : Starting a blocking GC Explicit
08-04 02:14:16.502 16244 16256 I art     : Explicit concurrent mark sweep GC freed 3(96B) AllocSpace objects, 0(0B) LOS objects, 35% free, 29MB/45MB, paused 439us total 42.789ms
08-04 02:14:16.520 16244 16256 I art     : Starting a blocking GC Explicit
08-04 02:14:16.564 16244 16256 I art     : Explicit concurrent mark sweep GC freed 3(96B) AllocSpace objects, 0(0B) LOS objects, 35% free, 29MB/45MB, paused 457us total 43.956ms
08-04 02:14:16.951 16244 16256 I art     : Starting a blocking GC Explicit
08-04 02:14:17.005 16244 16256 I art     : Explicit concurrent mark sweep GC freed 1355(82KB) AllocSpace objects, 1(20KB) LOS objects, 35% free, 29MB/45MB, paused 475us total 54.260ms
08-04 02:14:17.024 16244 16256 I art     : Starting a blocking GC Explicit
08-04 02:14:17.073 16244 16256 I art     : Explicit concurrent mark sweep GC freed 20(704B) AllocSpace objects, 0(0B) LOS objects, 35% free, 29MB/45MB, paused 508us total 48.103ms
08-04 02:14:17.092 16244 16256 I art     : Starting a blocking GC Explicit
08-04 02:14:17.143 16244 16256 I art     : Explicit concurrent mark sweep GC freed 3(96B) AllocSpace objects, 0(0B) LOS objects, 35% free, 29MB/45MB, paused 505us total 50.803ms
08-04 02:14:17.162 16244 16256 I art     : Starting a blocking GC Explicit
08-04 02:14:17.215 16244 16256 I art     : Explicit concurrent mark sweep GC freed 3(96B) AllocSpace objects, 0(0B) LOS objects, 35% free, 29MB/45MB, paused 525us total 52.438ms
08-04 02:14:17.234 16244 16256 I art     : Starting a blocking GC Explicit
08-04 02:14:17.282 16244 16256 I art     : Explicit concurrent mark sweep GC freed 3(96B) AllocSpace objects, 0(0B) LOS objects, 35% free, 29MB/45MB, paused 480us total 48.014ms
08-04 02:14:17.677 16244 16256 I art     : Starting a blocking GC Explicit
08-04 02:14:17.732 16244 16256 I art     : Explicit concurrent mark sweep GC freed 1355(82KB) AllocSpace objects, 1(20KB) LOS objects, 35% free, 29MB/45MB, paused 521us total 54.915ms
08-04 02:14:17.751 16244 16256 I art     : Starting a blocking GC Explicit
08-04 02:14:17.805 16244 16256 I art     : Explicit concurrent mark sweep GC freed 20(704B) AllocSpace objects, 0(0B) LOS objects, 35% free, 29MB/45MB, paused 489us total 53.174ms
08-04 02:14:17.823 16244 16256 I art     : Starting a blocking GC Explicit
08-04 02:14:17.872 16244 16256 I art     : Explicit concurrent mark sweep GC freed 3(96B) AllocSpace objects, 0(0B) LOS objects, 35% free, 29MB/45MB, paused 583us total 48.573ms
08-04 02:14:17.891 16244 16256 I art     : Starting a blocking GC Explicit
08-04 02:14:17.940 16244 16256 I art     : Explicit concurrent mark sweep GC freed 3(96B) AllocSpace objects, 0(0B) LOS objects, 35% free, 29MB/45MB, paused 486us total 48.638ms
08-04 02:14:17.959 16244 16256 I art     : Starting a blocking GC Explicit
08-04 02:14:18.010 16244 16256 I art     : Explicit concurrent mark sweep GC freed 3(96B) AllocSpace objects, 0(0B) LOS objects, 35% free, 29MB/45MB, paused 455us total 51.375ms
08-04 02:14:18.388 16244 16791 I art     : Starting a blocking GC Explicit
08-04 02:14:18.436 16244 16791 I art     : Explicit concurrent mark sweep GC freed 1355(82KB) AllocSpace objects, 1(20KB) LOS objects, 35% free, 29MB/45MB, paused 503us total 47.651ms
08-04 02:14:18.454 16244 16791 I art     : Starting a blocking GC Explicit
08-04 02:14:18.503 16244 16791 I art     : Explicit concurrent mark sweep GC freed 20(704B) AllocSpace objects, 0(0B) LOS objects, 35% free, 29MB/45MB, paused 500us total 48.696ms
08-04 02:14:18.522 16244 16791 I art     : Starting a blocking GC Explicit
08-04 02:14:18.563 16244 16791 I art     : Explicit concurrent mark sweep GC freed 3(96B) AllocSpace objects, 0(0B) LOS objects, 35% free, 29MB/45MB, paused 452us total 41.175ms
08-04 02:14:18.563 16244 16254 I art     : WaitForGcToComplete blocked for 41.477ms for cause HeapTrim
08-04 02:14:18.583 16244 16791 I art     : Starting a blocking GC Explicit
08-04 02:14:18.632 16244 16791 I art     : Explicit concurrent mark sweep GC freed 3(96B) AllocSpace objects, 0(0B) LOS objects, 35% free, 29MB/45MB, paused 511us total 48.178ms
08-04 02:14:18.651 16244 16791 I art     : Starting a blocking GC Explicit
08-04 02:14:18.702 16244 16791 I art     : Explicit concurrent mark sweep GC freed 3(96B) AllocSpace objects, 0(0B) LOS objects, 35% free, 29MB/45MB, paused 504us total 50.815ms
08-04 02:14:19.055 16244 16266 I art     : Starting a blocking GC Explicit
08-04 02:14:19.114 16244 16266 I art     : Explicit concurrent mark sweep GC freed 1355(82KB) AllocSpace objects, 1(20KB) LOS objects, 35% free, 29MB/45MB, paused 514us total 58.219ms
08-04 02:14:19.132 16244 16266 I art     : Starting a blocking GC Explicit
08-04 02:14:19.179 16244 16266 I art     : Explicit concurrent mark sweep GC freed 20(704B) AllocSpace objects, 0(0B) LOS objects, 35% free, 29MB/45MB, paused 497us total 46.641ms
08-04 02:14:19.201 16244 16266 I art     : Starting a blocking GC Explicit
08-04 02:14:19.249 16244 16266 I art     : Explicit concurrent mark sweep GC freed 3(96B) AllocSpace objects, 0(0B) LOS objects, 35% free, 29MB/45MB, paused 537us total 47.916ms
08-04 02:14:19.268 16244 16266 I art     : Starting a blocking GC Explicit
08-04 02:14:19.320 16244 16266 I art     : Explicit concurrent mark sweep GC freed 3(96B) AllocSpace objects, 0(0B) LOS objects, 35% free, 29MB/45MB, paused 492us total 51.893ms
08-04 02:14:19.339 16244 16266 I art     : Starting a blocking GC Explicit
08-04 02:14:19.386 16244 16266 I art     : Explicit concurrent mark sweep GC freed 3(96B) AllocSpace objects, 0(0B) LOS objects, 35% free, 29MB/45MB, paused 587us total 46.802ms
08-04 02:14:19.461 18520 18520 D AndroidRuntime: >>>>>> START com.android.internal.os.RuntimeInit uid 2000 <<<<<<
08-04 02:14:19.468 18520 18520 D AndroidRuntime: CheckJNI is OFF
08-04 02:14:19.515 18520 18520 D ICU     : No timezone override file found: /data/misc/zoneinfo/current/icu/icu_tzdata.dat
08-04 02:14:19.557 18520 18520 I Radio-JNI: register_android_hardware_Radio DONE
08-04 02:14:19.586 18520 18520 D AndroidRuntime: Calling main entry com.android.commands.input.Input
08-04 02:14:19.589 18520 18520 I Input   : injectKeyEvent: KeyEvent { action=ACTION_DOWN, keyCode=KEYCODE_BACK, scanCode=0, metaState=0, flags=0x0, repeatCount=0, eventTime=670476001, downTime=670476001, deviceId=-1, source=0x101 }
08-04 02:14:19.603 18520 18520 I Input   : injectKeyEvent: KeyEvent { action=ACTION_UP, keyCode=KEYCODE_BACK, scanCode=0, metaState=0, flags=0x0, repeatCount=0, eventTime=670476001, downTime=670476001, deviceId=-1, source=0x101 }
08-04 02:14:19.609 18520 18520 D AndroidRuntime: Shutting down VM
08-04 02:14:19.684 13866 13866 I GoogleInputMethodServic: GoogleInputMethodService.onFinishInput():3138 
08-04 02:14:19.685 13866 13866 I GoogleInputMethodServic: GoogleInputMethodService.onStartInput():1808 
08-04 02:14:19.781 16244 16256 I art     : Starting a blocking GC Explicit
08-04 02:14:19.826 16244 16256 I art     : Explicit concurrent mark sweep GC freed 1633(93KB) AllocSpace objects, 1(20KB) LOS objects, 35% free, 29MB/45MB, paused 514us total 44.593ms
08-04 02:14:19.848 16244 16256 I art     : Starting a blocking GC Explicit
08-04 02:14:19.900 16244 16256 I art     : Explicit concurrent mark sweep GC freed 24(864B) AllocSpace objects, 0(0B) LOS objects, 35% free, 29MB/45MB, paused 526us total 51.957ms
08-04 02:14:19.920 16244 16256 I art     : Starting a blocking GC Explicit
08-04 02:14:19.975 16244 16256 I art     : Explicit concurrent mark sweep GC freed 3(96B) AllocSpace objects, 0(0B) LOS objects, 35% free, 29MB/45MB, paused 461us total 54.349ms
08-04 02:14:19.998 16244 16256 I art     : Starting a blocking GC Explicit
08-04 02:14:20.007   380   380 W SurfaceFlinger: couldn't log to binary event log: overflow.
08-04 02:14:20.043 16244 16256 I art     : Explicit concurrent mark sweep GC freed 495(23KB) AllocSpace objects, 0(0B) LOS objects, 35% free, 29MB/45MB, paused 686us total 44.682ms
08-04 02:14:20.045   918  3263 D ConnectivityService: releasing NetworkRequest NetworkRequest [ id=2542, legacyType=-1, [ Capabilities: INTERNET&NOT_RESTRICTED&TRUSTED] ]
08-04 02:14:20.060 16244 16256 I art     : Starting a blocking GC Explicit
08-04 02:14:20.120 16244 16256 I art     : Explicit concurrent mark sweep GC freed 431(21KB) AllocSpace objects, 0(0B) LOS objects, 35% free, 29MB/45MB, paused 476us total 59.642ms
08-04 02:14:20.461 16244 16791 I art     : Starting a blocking GC Explicit
08-04 02:14:20.507 16244 16791 I art     : Explicit concurrent mark sweep GC freed 3445(205KB) AllocSpace objects, 2(48KB) LOS objects, 35% free, 29MB/45MB, paused 484us total 45.510ms
08-04 02:14:20.525 16244 16791 I art     : Starting a blocking GC Explicit
08-04 02:14:20.571 16244 16791 I art     : Explicit concurrent mark sweep GC freed 20(704B) AllocSpace objects, 0(0B) LOS objects, 35% free, 29MB/45MB, paused 496us total 46.083ms
08-04 02:14:20.590 16244 16791 I art     : Starting a blocking GC Explicit
08-04 02:14:20.634 16244 16791 I art     : Explicit concurrent mark sweep GC freed 3(96B) AllocSpace objects, 0(0B) LOS objects, 35% free, 29MB/45MB, paused 484us total 44.628ms
08-04 02:14:20.653 16244 16791 I art     : Starting a blocking GC Explicit
08-04 02:14:20.701 16244 16791 I art     : Explicit concurrent mark sweep GC freed 3(96B) AllocSpace objects, 0(0B) LOS objects, 35% free, 29MB/45MB, paused 520us total 47.555ms
08-04 02:14:20.722 16244 16791 I art     : Starting a blocking GC Explicit
08-04 02:14:20.764 16244 16791 I art     : Explicit concurrent mark sweep GC freed 3(96B) AllocSpace objects, 0(0B) LOS objects, 35% free, 29MB/45MB, paused 465us total 41.559ms
08-04 02:14:21.082 16244 16266 I art     : Starting a blocking GC Explicit
08-04 02:14:21.134 16244 16266 I art     : Explicit concurrent mark sweep GC freed 1365(83KB) AllocSpace objects, 1(20KB) LOS objects, 35% free, 29MB/45MB, paused 512us total 52.015ms
08-04 02:14:21.152 16244 16266 I art     : Starting a blocking GC Explicit
08-04 02:14:21.196 16244 16266 I art     : Explicit concurrent mark sweep GC freed 28(864B) AllocSpace objects, 0(0B) LOS objects, 35% free, 29MB/45MB, paused 509us total 43.312ms
08-04 02:14:21.214 16244 16266 I art     : Starting a blocking GC Explicit
08-04 02:14:21.260 16244 16266 I art     : Explicit concurrent mark sweep GC freed 9(320B) AllocSpace objects, 0(0B) LOS objects, 35% free, 29MB/45MB, paused 481us total 45.389ms
08-04 02:14:21.278 16244 16266 I art     : Starting a blocking GC Explicit
08-04 02:14:21.326 16244 16266 I art     : Explicit concurrent mark sweep GC freed 3(96B) AllocSpace objects, 0(0B) LOS objects, 35% free, 29MB/45MB, paused 512us total 47.149ms
08-04 02:14:21.344 16244 16266 I art     : Starting a blocking GC Explicit
08-04 02:14:21.393 16244 16266 I art     : Explicit concurrent mark sweep GC freed 3(96B) AllocSpace objects, 0(0B) LOS objects, 35% free, 29MB/45MB, paused 492us total 48.471ms
08-04 02:14:21.413 18560 18560 D AndroidRuntime: >>>>>> START com.android.internal.os.RuntimeInit uid 2000 <<<<<<
08-04 02:14:21.420 18560 18560 D AndroidRuntime: CheckJNI is OFF
08-04 02:14:21.464 18560 18560 D ICU     : No timezone override file found: /data/misc/zoneinfo/current/icu/icu_tzdata.dat
08-04 02:14:21.510 18560 18560 I Radio-JNI: register_android_hardware_Radio DONE
08-04 02:14:21.541 18560 18560 D AndroidRuntime: Calling main entry com.android.commands.input.Input
08-04 02:14:21.548 18560 18560 I Input   : injectMotionEvent: MotionEvent { action=ACTION_DOWN, actionButton=0, id[0]=0, x[0]=600.0, y[0]=820.0, toolType[0]=TOOL_TYPE_UNKNOWN, buttonState=0, metaState=0, flags=0x0, edgeFlags=0x0, pointerCount=1, historySize=0, eventTime=670477957, downTime=670477957, deviceId=0, source=0x1002 }
08-04 02:14:21.555 18560 18560 I Input   : injectMotionEvent: MotionEvent { action=ACTION_UP, actionButton=0, id[0]=0, x[0]=600.0, y[0]=820.0, toolType[0]=TOOL_TYPE_UNKNOWN, buttonState=0, metaState=0, flags=0x0, edgeFlags=0x0, pointerCount=1, historySize=0, eventTime=670477957, downTime=670477957, deviceId=0, source=0x1002 }
08-04 02:14:21.557 18560 18560 D AndroidRuntime: Shutting down VM
08-04 02:14:21.568   512  2967 D audio_hw_primary: out_set_parameters: enter: usecase(1: low-latency-playback) kvpairs: routing=2
08-04 02:14:21.573   918  3670 I ActivityManager: START u0 {dat=https://oauth.reddit.com/... cmp=baseline.org.quantumbadger.redreader/.activities.CommentListingActivity} from uid 10666 on display 0
08-04 02:14:21.581   512  2967 D audio_hw_primary: select_devices: out_snd_device(2: speaker) in_snd_device(0: none)
08-04 02:14:21.581   512  2967 D msm8974_platform: platform_send_audio_calibration: sending audio calibration for snd_device(2) acdb_id(15)
08-04 02:14:21.581   512  2967 I soundtrigger: audio_extn_sound_trigger_update_device_status: device 0x2 of type 0 for Event 1
08-04 02:14:21.592   512  2967 D audio_hw_primary: enable_snd_device: snd_device(2: speaker)
08-04 02:14:21.594   512  2967 D audio_hw_primary: enable_audio_route: apply and update mixer path: low-latency-playback speaker
08-04 02:14:21.598 16244 16244 I AppCompatViewInflater: app:theme is now deprecated. Please move to using android:theme instead.
08-04 02:14:21.616 16244 18595 D OK      : calling: https://oauth.reddit.com/comments/hi3oht/.json?sort=confidence
08-04 02:14:21.702   918   936 I ActivityManager: Displayed baseline.org.quantumbadger.redreader/.activities.CommentListingActivity: +119ms
08-04 02:14:21.702 13866 13866 I GoogleInputMethodServic: GoogleInputMethodService.onFinishInput():3138 
08-04 02:14:21.703 13866 13866 I GoogleInputMethodServic: GoogleInputMethodService.onStartInput():1808 
08-04 02:14:21.733 16244 16266 I art     : Starting a blocking GC Explicit
08-04 02:14:21.776 16244 16266 I art     : Explicit concurrent mark sweep GC freed 4163(223KB) AllocSpace objects, 1(20KB) LOS objects, 35% free, 29MB/45MB, paused 572us total 41.936ms
08-04 02:14:21.793 16244 16266 I art     : Starting a blocking GC Explicit
08-04 02:14:21.837 16244 16266 I art     : Explicit concurrent mark sweep GC freed 1478(66KB) AllocSpace objects, 0(0B) LOS objects, 35% free, 29MB/45MB, paused 830us total 42.967ms
08-04 02:14:21.856 16244 16266 I art     : Starting a blocking GC Explicit
08-04 02:14:21.899 16244 16266 I art     : Explicit concurrent mark sweep GC freed 951(34KB) AllocSpace objects, 0(0B) LOS objects, 35% free, 29MB/45MB, paused 553us total 42.732ms
08-04 02:14:21.917 16244 16266 I art     : Starting a blocking GC Explicit
08-04 02:14:21.959   380   380 W SurfaceFlinger: couldn't log to binary event log: overflow.
08-04 02:14:21.961 16244 16266 I art     : Explicit concurrent mark sweep GC freed 60(2656B) AllocSpace objects, 0(0B) LOS objects, 35% free, 29MB/45MB, paused 515us total 43.865ms
08-04 02:14:21.979 16244 16266 I art     : Starting a blocking GC Explicit
08-04 02:14:21.991 16244 18595 I NAPPA_EXPERIMENTATION: MetricNetworkRequestExecutionTime: REQUEST_DURATION_SYSTEM='374',REQUEST_DURATION_OKHTTP='139',REQUEST_SYNCHRONOUS='TRUE',RESPONSE_CODE='200',RESPONSE_METHOD='GET',RESPONSE_LENGTH_OKHTTP='-1',RESPONSE_LENGTH_HEADER='167875',REQUEST_PROTOCOL='h2',REQUEST_URL='https://oauth.reddit.com/comments/hi3oht/.json?sort=confidence',
08-04 02:14:21.991 16244 18595 D OK      : request got status: 200
08-04 02:14:21.999 16244 16860 I CommentListingActivity: COMMENTS session changed to 07431c72-ebc3-4652-a779-9f69f01d665d
08-04 02:14:22.022 16244 16266 I art     : Explicit concurrent mark sweep GC freed 734(113KB) AllocSpace objects, 1(16KB) LOS objects, 34% free, 29MB/45MB, paused 815us total 42.550ms
08-04 02:14:22.128   512  2967 D audio_hw_primary: disable_audio_route: reset and update mixer path: low-latency-playback speaker
08-04 02:14:22.130   512  2967 D audio_hw_primary: disable_snd_device: snd_device(2: speaker)
08-04 02:14:22.137   512  2967 I soundtrigger: audio_extn_sound_trigger_update_device_status: device 0x2 of type 0 for Event 0
08-04 02:14:22.339 16244 16791 I art     : Starting a blocking GC Explicit
08-04 02:14:22.426 16244 16791 I art     : Explicit concurrent mark sweep GC freed 55989(3MB) AllocSpace objects, 4(88KB) LOS objects, 31% free, 34MB/50MB, paused 1.179ms total 86.187ms
08-04 02:14:22.449 16244 16791 I art     : Starting a blocking GC Explicit
08-04 02:14:22.531 16244 16791 I art     : Explicit concurrent mark sweep GC freed 3357(388KB) AllocSpace objects, 2(84KB) LOS objects, 31% free, 35MB/51MB, paused 634us total 82.056ms
08-04 02:14:22.557 16244 16791 I art     : Starting a blocking GC Explicit
08-04 02:14:22.623 16244 16791 I art     : Explicit concurrent mark sweep GC freed 36781(1724KB) AllocSpace objects, 3(100KB) LOS objects, 32% free, 33MB/49MB, paused 544us total 66.039ms
08-04 02:14:22.646 16244 16791 I art     : Starting a blocking GC Explicit
08-04 02:14:22.710 16244 16791 I art     : Explicit concurrent mark sweep GC freed 14(624B) AllocSpace objects, 0(0B) LOS objects, 32% free, 33MB/49MB, paused 518us total 63.174ms
08-04 02:14:22.733 16244 16791 I art     : Starting a blocking GC Explicit
08-04 02:14:22.799 16244 16791 I art     : Explicit concurrent mark sweep GC freed 3(96B) AllocSpace objects, 0(0B) LOS objects, 32% free, 33MB/49MB, paused 490us total 65.892ms
08-04 02:14:23.138 16244 16266 I art     : Starting a blocking GC Explicit
08-04 02:14:23.227 16244 16266 I art     : Explicit concurrent mark sweep GC freed 1354(82KB) AllocSpace objects, 1(20KB) LOS objects, 32% free, 33MB/49MB, paused 568us total 87.887ms
08-04 02:14:23.254 16244 16266 I art     : Starting a blocking GC Explicit
08-04 02:14:23.338 16244 16266 I art     : Explicit concurrent mark sweep GC freed 66(2528B) AllocSpace objects, 0(0B) LOS objects, 32% free, 33MB/49MB, paused 580us total 83.123ms
08-04 02:14:23.364 16244 16266 I art     : Starting a blocking GC Explicit
08-04 02:14:23.444 16244 16266 I art     : Explicit concurrent mark sweep GC freed 3(96B) AllocSpace objects, 0(0B) LOS objects, 32% free, 33MB/49MB, paused 557us total 79.969ms
08-04 02:14:23.469 16244 16266 I art     : Starting a blocking GC Explicit
08-04 02:14:23.547 16244 16266 I art     : Explicit concurrent mark sweep GC freed 3(96B) AllocSpace objects, 0(0B) LOS objects, 32% free, 33MB/49MB, paused 588us total 77.815ms
08-04 02:14:23.573 16244 16266 I art     : Starting a blocking GC Explicit
08-04 02:14:23.648 16244 16266 I art     : Explicit concurrent mark sweep GC freed 3(96B) AllocSpace objects, 0(0B) LOS objects, 32% free, 33MB/49MB, paused 596us total 74.551ms
08-04 02:14:23.648 16244 16254 I art     : WaitForGcToComplete blocked for 16.269ms for cause HeapTrim
08-04 02:14:24.027 16244 16256 I art     : Starting a blocking GC Explicit
08-04 02:14:24.118 16244 16256 I art     : Explicit concurrent mark sweep GC freed 1354(82KB) AllocSpace objects, 1(20KB) LOS objects, 32% free, 33MB/49MB, paused 620us total 90.457ms
08-04 02:14:24.143 16244 16256 I art     : Starting a blocking GC Explicit
08-04 02:14:24.219 16244 16256 I art     : Explicit concurrent mark sweep GC freed 20(704B) AllocSpace objects, 0(0B) LOS objects, 32% free, 33MB/49MB, paused 551us total 76.212ms
08-04 02:14:24.246 16244 16256 I art     : Starting a blocking GC Explicit
08-04 02:14:24.328 16244 16256 I art     : Explicit concurrent mark sweep GC freed 3(96B) AllocSpace objects, 0(0B) LOS objects, 32% free, 33MB/49MB, paused 612us total 82.459ms
08-04 02:14:24.358 16244 16256 I art     : Starting a blocking GC Explicit
08-04 02:14:24.441 16244 16256 I art     : Explicit concurrent mark sweep GC freed 3(96B) AllocSpace objects, 0(0B) LOS objects, 32% free, 33MB/49MB, paused 616us total 81.950ms
08-04 02:14:24.466 16244 16256 I art     : Starting a blocking GC Explicit
08-04 02:14:24.545 16244 16256 I art     : Explicit concurrent mark sweep GC freed 3(96B) AllocSpace objects, 0(0B) LOS objects, 32% free, 33MB/49MB, paused 614us total 78.870ms
08-04 02:14:24.946 16244 16255 I art     : Starting a blocking GC Explicit
08-04 02:14:25.031 16244 16255 I art     : Explicit concurrent mark sweep GC freed 1354(82KB) AllocSpace objects, 1(20KB) LOS objects, 32% free, 33MB/49MB, paused 643us total 85.247ms
08-04 02:14:25.058 16244 16255 I art     : Starting a blocking GC Explicit
08-04 02:14:25.135 16244 16255 I art     : Explicit concurrent mark sweep GC freed 20(704B) AllocSpace objects, 0(0B) LOS objects, 32% free, 33MB/49MB, paused 554us total 76.590ms
08-04 02:14:25.160 16244 16255 I art     : Starting a blocking GC Explicit
08-04 02:14:25.240 16244 16255 I art     : Explicit concurrent mark sweep GC freed 3(96B) AllocSpace objects, 0(0B) LOS objects, 32% free, 33MB/49MB, paused 644us total 79.343ms
08-04 02:14:25.266 16244 16255 I art     : Starting a blocking GC Explicit
08-04 02:14:25.343 16244 16255 I art     : Explicit concurrent mark sweep GC freed 3(96B) AllocSpace objects, 0(0B) LOS objects, 32% free, 33MB/49MB, paused 582us total 76.898ms
08-04 02:14:25.366 16244 16255 I art     : Starting a blocking GC Explicit
08-04 02:14:25.443 16244 16255 I art     : Explicit concurrent mark sweep GC freed 3(96B) AllocSpace objects, 0(0B) LOS objects, 32% free, 33MB/49MB, paused 557us total 76.872ms
08-04 02:14:25.826 16244 16757 I art     : Starting a blocking GC Explicit
08-04 02:14:25.895 16244 16757 I art     : Explicit concurrent mark sweep GC freed 1354(82KB) AllocSpace objects, 1(20KB) LOS objects, 32% free, 33MB/49MB, paused 570us total 68.731ms
08-04 02:14:25.917 16244 16757 I art     : Starting a blocking GC Explicit
08-04 02:14:25.988 16244 16757 I art     : Explicit concurrent mark sweep GC freed 20(704B) AllocSpace objects, 0(0B) LOS objects, 32% free, 33MB/49MB, paused 635us total 70.515ms
08-04 02:14:26.011 16244 16757 I art     : Starting a blocking GC Explicit
08-04 02:14:26.082 16244 16757 I art     : Explicit concurrent mark sweep GC freed 3(96B) AllocSpace objects, 0(0B) LOS objects, 32% free, 33MB/49MB, paused 565us total 70.957ms
08-04 02:14:26.105 16244 16757 I art     : Starting a blocking GC Explicit
08-04 02:14:26.139   918  6111 I ActivityManager: Killing 25112:com.google.android.youtube/u0a75 (adj 15): empty #17
08-04 02:14:26.144 18002 18002 I ServiceManager: Waiting for service AtCmdFwd...
08-04 02:14:26.173 16244 16757 I art     : Explicit concurrent mark sweep GC freed 13(352B) AllocSpace objects, 0(0B) LOS objects, 32% free, 33MB/49MB, paused 516us total 66.983ms
08-04 02:14:26.195 16244 16757 I art     : Starting a blocking GC Explicit
08-04 02:14:26.208   918  6029 D ConnectivityService: ConnectivityService NetworkRequestInfo binderDied(NetworkRequest [ id=2528, legacyType=-1, [ Capabilities: INTERNET&NOT_RESTRICTED&TRUSTED] ], android.os.BinderProxy@b3f4bb3)
08-04 02:14:26.209   918  3263 D ConnectivityService: releasing NetworkRequest NetworkRequest [ id=2528, legacyType=-1, [ Capabilities: INTERNET&NOT_RESTRICTED&TRUSTED] ]
08-04 02:14:26.210   918  3263 E ConnectivityService: RemoteException caught trying to send a callback msg for NetworkRequest [ id=2528, legacyType=-1, [ Capabilities: INTERNET&NOT_RESTRICTED&TRUSTED] ]
08-04 02:14:26.259 16244 16757 I art     : Explicit concurrent mark sweep GC freed 34(1888B) AllocSpace objects, 0(0B) LOS objects, 32% free, 33MB/49MB, paused 547us total 64.239ms
08-04 02:14:26.353 18649 18649 D AndroidRuntime: >>>>>> START com.android.internal.os.RuntimeInit uid 2000 <<<<<<
08-04 02:14:26.360 18649 18649 D AndroidRuntime: CheckJNI is OFF
08-04 02:14:26.399   518   646 I ThermalEngine: ACTION: GPU - Setting GPU[0] to 510000000
08-04 02:14:26.409 18649 18649 D ICU     : No timezone override file found: /data/misc/zoneinfo/current/icu/icu_tzdata.dat
08-04 02:14:26.451 18649 18649 I Radio-JNI: register_android_hardware_Radio DONE
08-04 02:14:26.473 18649 18649 D AndroidRuntime: Calling main entry com.android.commands.input.Input
08-04 02:14:26.475 18649 18649 I Input   : injectKeyEvent: KeyEvent { action=ACTION_DOWN, keyCode=KEYCODE_BACK, scanCode=0, metaState=0, flags=0x0, repeatCount=0, eventTime=670482888, downTime=670482888, deviceId=-1, source=0x101 }
08-04 02:14:26.484 18649 18649 I Input   : injectKeyEvent: KeyEvent { action=ACTION_UP, keyCode=KEYCODE_BACK, scanCode=0, metaState=0, flags=0x0, repeatCount=0, eventTime=670482888, downTime=670482888, deviceId=-1, source=0x101 }
08-04 02:14:26.492 18649 18649 D AndroidRuntime: Shutting down VM
08-04 02:14:26.530 13866 13866 I GoogleInputMethodServic: GoogleInputMethodService.onFinishInput():3138 
08-04 02:14:26.531 13866 13866 I GoogleInputMethodServic: GoogleInputMethodService.onStartInput():1808 
08-04 02:14:26.583 16244 16266 I art     : Starting a blocking GC Explicit
08-04 02:14:26.584 16244 18590 I RedditChangeDataIO: Writing tmp data file at '/data/user/0/baseline.org.quantumbadger.redreader/files/rr_change_data_tmp.dat'
08-04 02:14:26.585 16244 18590 I RedditChangeDataManager: Taking snapshot...
08-04 02:14:26.585 16244 18590 I RedditChangeDataManager: Writing to stream...
08-04 02:14:26.585 16244 18590 I RedditChangeDataManager: Wrote 5 entries for user ''
08-04 02:14:26.585 16244 18590 I RedditChangeDataManager: All entries written to stream.
08-04 02:14:26.585 16244 18590 I RedditChangeDataIO: Write successful. Atomically replacing data file...
08-04 02:14:26.585 16244 18590 I RedditChangeDataIO: Write complete.
08-04 02:14:26.585 16244 18590 I RedditChangeDataIO: 134 bytes written in 1 ms
08-04 02:14:26.634 16244 16266 I art     : Explicit concurrent mark sweep GC freed 1698(96KB) AllocSpace objects, 2(88KB) LOS objects, 32% free, 33MB/49MB, paused 368us total 50.905ms
08-04 02:14:26.654 16244 16266 I art     : Starting a blocking GC Explicit
08-04 02:14:26.713 16244 16266 I art     : Explicit concurrent mark sweep GC freed 34(1392B) AllocSpace objects, 0(0B) LOS objects, 32% free, 33MB/49MB, paused 419us total 58.852ms
08-04 02:14:26.736 16244 16266 I art     : Starting a blocking GC Explicit
08-04 02:14:26.806 16244 16266 I art     : Explicit concurrent mark sweep GC freed 6(192B) AllocSpace objects, 0(0B) LOS objects, 32% free, 33MB/49MB, paused 464us total 70.065ms
08-04 02:14:26.825 16244 16266 I art     : Starting a blocking GC Explicit
08-04 02:14:26.831   380   380 W SurfaceFlinger: couldn't log to binary event log: overflow.
08-04 02:14:26.877 16244 16266 I art     : Explicit concurrent mark sweep GC freed 71(2752B) AllocSpace objects, 0(0B) LOS objects, 32% free, 33MB/49MB, paused 417us total 52.032ms
08-04 02:14:26.894 16244 16266 I art     : Starting a blocking GC Explicit
08-04 02:14:26.934 16244 16266 I art     : Explicit concurrent mark sweep GC freed 76492(4MB) AllocSpace objects, 5(140KB) LOS objects, 35% free, 29MB/45MB, paused 395us total 39.654ms
08-04 02:14:27.145 18002 18002 I ServiceManager: Waiting for service AtCmdFwd...
08-04 02:14:27.239 16244 16757 I art     : Starting a blocking GC Explicit
08-04 02:14:27.288 16244 16757 I art     : Explicit concurrent mark sweep GC freed 1358(83KB) AllocSpace objects, 1(20KB) LOS objects, 35% free, 29MB/45MB, paused 590us total 48.625ms
08-04 02:14:27.307 16244 16757 I art     : Starting a blocking GC Explicit
08-04 02:14:27.345 16244 16757 I art     : Explicit concurrent mark sweep GC freed 20(704B) AllocSpace objects, 0(0B) LOS objects, 35% free, 29MB/45MB, paused 415us total 37.550ms
08-04 02:14:27.359 16244 16757 I art     : Starting a blocking GC Explicit
08-04 02:14:27.398 16244 16757 I art     : Explicit concurrent mark sweep GC freed 3(96B) AllocSpace objects, 0(0B) LOS objects, 35% free, 29MB/45MB, paused 417us total 38.925ms
08-04 02:14:27.413 16244 16757 I art     : Starting a blocking GC Explicit
08-04 02:14:27.452 16244 16757 I art     : Explicit concurrent mark sweep GC freed 3(96B) AllocSpace objects, 0(0B) LOS objects, 35% free, 29MB/45MB, paused 441us total 38.516ms
08-04 02:14:27.467 16244 16757 I art     : Starting a blocking GC Explicit
08-04 02:14:27.504 16244 16757 I art     : Explicit concurrent mark sweep GC freed 238(36KB) AllocSpace objects, 0(0B) LOS objects, 35% free, 29MB/45MB, paused 390us total 37.132ms
08-04 02:14:27.814 16244 16256 I art     : Starting a blocking GC Explicit
08-04 02:14:27.853 16244 16256 I art     : Explicit concurrent mark sweep GC freed 1420(84KB) AllocSpace objects, 1(20KB) LOS objects, 35% free, 29MB/45MB, paused 387us total 38.177ms
08-04 02:14:27.868 16244 16256 I art     : Starting a blocking GC Explicit
08-04 02:14:27.905 16244 16256 I art     : Explicit concurrent mark sweep GC freed 20(704B) AllocSpace objects, 0(0B) LOS objects, 35% free, 29MB/45MB, paused 386us total 36.903ms
08-04 02:14:27.919 16244 16256 I art     : Starting a blocking GC Explicit
08-04 02:14:27.955 16244 16256 I art     : Explicit concurrent mark sweep GC freed 3(96B) AllocSpace objects, 0(0B) LOS objects, 35% free, 29MB/45MB, paused 385us total 35.738ms
08-04 02:14:27.969 16244 16256 I art     : Starting a blocking GC Explicit
08-04 02:14:28.004 16244 16256 I art     : Explicit concurrent mark sweep GC freed 3(96B) AllocSpace objects, 0(0B) LOS objects, 35% free, 29MB/45MB, paused 416us total 35.306ms
08-04 02:14:28.018 16244 16256 I art     : Starting a blocking GC Explicit
08-04 02:14:28.055 16244 16256 I art     : Explicit concurrent mark sweep GC freed 3(96B) AllocSpace objects, 0(0B) LOS objects, 35% free, 29MB/45MB, paused 387us total 36.203ms
08-04 02:14:28.146 18002 18002 I ServiceManager: Waiting for service AtCmdFwd...
08-04 02:14:28.158 18690 18690 D AndroidRuntime: >>>>>> START com.android.internal.os.RuntimeInit uid 2000 <<<<<<
08-04 02:14:28.164 18690 18690 D AndroidRuntime: CheckJNI is OFF
08-04 02:14:28.202 18690 18690 D ICU     : No timezone override file found: /data/misc/zoneinfo/current/icu/icu_tzdata.dat
08-04 02:14:28.242 18690 18690 I Radio-JNI: register_android_hardware_Radio DONE
08-04 02:14:28.266 18690 18690 D AndroidRuntime: Calling main entry com.android.commands.input.Input
08-04 02:14:28.268 18690 18690 I Input   : injectMotionEvent: MotionEvent { action=ACTION_DOWN, actionButton=0, id[0]=0, x[0]=600.0, y[0]=580.0, toolType[0]=TOOL_TYPE_UNKNOWN, buttonState=0, metaState=0, flags=0x0, edgeFlags=0x0, pointerCount=1, historySize=0, eventTime=670484681, downTime=670484681, deviceId=0, source=0x1002 }
08-04 02:14:28.274 18690 18690 I Input   : injectMotionEvent: MotionEvent { action=ACTION_UP, actionButton=0, id[0]=0, x[0]=600.0, y[0]=580.0, toolType[0]=TOOL_TYPE_UNKNOWN, buttonState=0, metaState=0, flags=0x0, edgeFlags=0x0, pointerCount=1, historySize=0, eventTime=670484681, downTime=670484681, deviceId=0, source=0x1002 }
08-04 02:14:28.276 18690 18690 D AndroidRuntime: Shutting down VM
08-04 02:14:28.287   512  2967 D audio_hw_primary: out_set_parameters: enter: usecase(1: low-latency-playback) kvpairs: routing=2
08-04 02:14:28.288   918   929 I ActivityManager: START u0 {cmp=baseline.org.quantumbadger.redreader/.activities.WebViewActivity (has extras)} from uid 10666 on display 0
08-04 02:14:28.300   512  2967 D audio_hw_primary: select_devices: out_snd_device(2: speaker) in_snd_device(0: none)
08-04 02:14:28.300   512  2967 D msm8974_platform: platform_send_audio_calibration: sending audio calibration for snd_device(2) acdb_id(15)
08-04 02:14:28.300   512  2967 I soundtrigger: audio_extn_sound_trigger_update_device_status: device 0x2 of type 0 for Event 1
08-04 02:14:28.308 16244 16244 I AppCompatViewInflater: app:theme is now deprecated. Please move to using android:theme instead.
08-04 02:14:28.310   512  2967 D audio_hw_primary: enable_snd_device: snd_device(2: speaker)
08-04 02:14:28.312   512  2967 D audio_hw_primary: enable_audio_route: apply and update mixer path: low-latency-playback speaker
08-04 02:14:28.328   918  3714 D ConnectivityService: listenForNetwork for Listen from uid/pid:10666/16244 for NetworkRequest [ id=2543, legacyType=-1, [ Capabilities: INTERNET&NOT_RESTRICTED&TRUSTED] ]
08-04 02:14:28.378 16244 16757 I art     : Starting a blocking GC Explicit
08-04 02:14:28.414 16244 16757 I art     : Explicit concurrent mark sweep GC freed 5744(304KB) AllocSpace objects, 1(20KB) LOS objects, 35% free, 29MB/45MB, paused 752us total 35.862ms
08-04 02:14:28.428 16244 16757 I art     : Starting a blocking GC Explicit
08-04 02:14:28.440 13866 13866 I GoogleInputMethodServic: GoogleInputMethodService.onFinishInput():3138 
08-04 02:14:28.440 13866 13866 I GoogleInputMethodServic: GoogleInputMethodService.onStartInput():1808 
08-04 02:14:28.440   918   936 I ActivityManager: Displayed baseline.org.quantumbadger.redreader/.activities.WebViewActivity: +146ms
08-04 02:14:28.465 16244 16757 I art     : Explicit concurrent mark sweep GC freed 658(33KB) AllocSpace objects, 0(0B) LOS objects, 35% free, 29MB/45MB, paused 423us total 36.721ms
08-04 02:14:28.479 16244 16757 I art     : Starting a blocking GC Explicit
08-04 02:14:28.512 16244 16757 I art     : Explicit concurrent mark sweep GC freed 67(3KB) AllocSpace objects, 0(0B) LOS objects, 35% free, 29MB/45MB, paused 349us total 32.246ms
08-04 02:14:28.526 16244 16757 I art     : Starting a blocking GC Explicit
08-04 02:14:28.558 16244 16757 I art     : Explicit concurrent mark sweep GC freed 3(96B) AllocSpace objects, 0(0B) LOS objects, 35% free, 29MB/45MB, paused 378us total 32.686ms
08-04 02:14:28.572 16244 16757 I art     : Starting a blocking GC Explicit
08-04 02:14:28.605 16244 16757 I art     : Explicit concurrent mark sweep GC freed 6(224B) AllocSpace objects, 0(0B) LOS objects, 35% free, 29MB/45MB, paused 361us total 32.634ms
08-04 02:14:28.667   380   380 W SurfaceFlinger: couldn't log to binary event log: overflow.
08-04 02:14:28.848   512  2967 D audio_hw_primary: disable_audio_route: reset and update mixer path: low-latency-playback speaker
08-04 02:14:28.850   512  2967 D audio_hw_primary: disable_snd_device: snd_device(2: speaker)
08-04 02:14:28.857   512  2967 I soundtrigger: audio_extn_sound_trigger_update_device_status: device 0x2 of type 0 for Event 0
08-04 02:14:28.974 16244 16791 I art     : Starting a blocking GC Explicit
08-04 02:14:29.014 16244 16791 I art     : Explicit concurrent mark sweep GC freed 2285(134KB) AllocSpace objects, 1(20KB) LOS objects, 35% free, 29MB/45MB, paused 452us total 39.527ms
08-04 02:14:29.034 16244 16791 I art     : Starting a blocking GC Explicit
08-04 02:14:29.076 16244 16791 I art     : Explicit concurrent mark sweep GC freed 30(1008B) AllocSpace objects, 0(0B) LOS objects, 35% free, 29MB/45MB, paused 453us total 41.724ms
08-04 02:14:29.095 16244 16791 I art     : Starting a blocking GC Explicit
08-04 02:14:29.135 16244 16791 I art     : Explicit concurrent mark sweep GC freed 8(256B) AllocSpace objects, 0(0B) LOS objects, 35% free, 29MB/45MB, paused 551us total 39.934ms
08-04 02:14:29.136 16244 16254 I art     : WaitForGcToComplete blocked for 15.409ms for cause HeapTrim
08-04 02:14:29.146 18002 18002 I ServiceManager: Waiting for service AtCmdFwd...
08-04 02:14:29.150 16244 16791 I art     : Starting a blocking GC Explicit
08-04 02:14:29.187 16244 16791 I art     : Explicit concurrent mark sweep GC freed 11(352B) AllocSpace objects, 0(0B) LOS objects, 35% free, 29MB/45MB, paused 464us total 36.740ms
08-04 02:14:29.201 16244 16791 I art     : Starting a blocking GC Explicit
08-04 02:14:29.240 16244 16791 I art     : Explicit concurrent mark sweep GC freed 10(320B) AllocSpace objects, 0(0B) LOS objects, 35% free, 29MB/45MB, paused 365us total 38.610ms
08-04 02:14:29.578 16244 16255 I art     : Starting a blocking GC Explicit
08-04 02:14:29.615 16244 16255 I art     : Explicit concurrent mark sweep GC freed 1436(85KB) AllocSpace objects, 1(20KB) LOS objects, 35% free, 29MB/45MB, paused 490us total 36.352ms
08-04 02:14:29.630 16244 16255 I art     : Starting a blocking GC Explicit
08-04 02:14:29.666 16244 16255 I art     : Explicit concurrent mark sweep GC freed 26(896B) AllocSpace objects, 0(0B) LOS objects, 35% free, 29MB/45MB, paused 453us total 35.701ms
08-04 02:14:29.672 16244 16244 I chromium: [INFO:CONSOLE(1)] "
08-04 02:14:29.672 16244 16244 I chromium:                   ,d"=,.,qOp,
08-04 02:14:29.672 16244 16244 I chromium:                  ,7'  ''$(  )
08-04 02:14:29.672 16244 16244 I chromium:                 ,7'      '?q$7'
08-04 02:14:29.672 16244 16244 I chromium:              ..,$$,.
08-04 02:14:29.672 16244 16244 I chromium:    ,.  .,,--***""***--,,.  .,
08-04 02:14:29.672 16244 16244 I chromium:     ,p''              ''q,   
08-04 02:14:29.672 16244 16244 I chromium: :  ,7'                      '7,  :
08-04 02:14:29.672 16244 16244 I chromium:  ' $      ,db,      ,db,      $ '
08-04 02:14:29.672 16244 16244 I chromium:   '$      $$      $$      $'    Using Reddit at work? Work for Reddit.
08-04 02:14:29.672 16244 16244 I chromium:   '$                          $'        https://www.reddit.com/jobs
08-04 02:14:29.672 16244 16244 I chromium:    '$.     .,        ,.     .$'
08-04 02:14:29.672 16244 16244 I chromium:     'b,     ''     ,d'
08-04 02:14:29.672 16244 16244 I chromium:      '?bn,,          ,,nd?'
08-04 02:14:29.672 16244 16244 I chromium:        ,7$ '''' $7,
08-04 02:14:29.672 16244 16244 I chromium:      , $              $ ,
08-04 02:14:29.672 16244 16244 I chromium:      $  :$              $:  $
08-04 02:14:29.672 16244 16244 I chromium:      $   $              $   $
08-04 02:14:29.672 16244 16244 I chromium:      'b  q:            :p  d'
08-04 02:14:29.672 16244 16244 I chromium:       '?$.          .$?'
08-04 02:14:29.672 16244 16244 I chromium:          'b            d'
08-04 02:14:29.672 16244 16244 I chromium:        ,'?,.      .,?',
08-04 02:14:29.672 16244 16244 I chromium:       ==--==--==--==
08-04 02:14:29.672 16244 16244 I chromium: ", source: https://www.redditstatic.com/desktop2x/Chat~Governance~Reddit.2ea93b134a9b2e5b1d9a.js (1)
08-04 02:14:29.680 16244 16255 I art     : Starting a blocking GC Explicit
08-04 02:14:29.717 16244 16255 I art     : Explicit concurrent mark sweep GC freed 12(2560B) AllocSpace objects, 0(0B) LOS objects, 35% free, 29MB/45MB, paused 429us total 36.209ms
08-04 02:14:29.731 16244 16255 I art     : Starting a blocking GC Explicit
08-04 02:14:29.766 16244 16255 I art     : Explicit concurrent mark sweep GC freed 9(288B) AllocSpace objects, 0(0B) LOS objects, 35% free, 29MB/45MB, paused 428us total 35.448ms
08-04 02:14:29.781 16244 16255 I art     : Starting a blocking GC Explicit
08-04 02:14:29.817 16244 16255 I art     : Explicit concurrent mark sweep GC freed 9(288B) AllocSpace objects, 0(0B) LOS objects, 35% free, 29MB/45MB, paused 480us total 35.986ms
08-04 02:14:30.147 18002 18002 I ServiceManager: Waiting for service AtCmdFwd...
08-04 02:14:30.163 16244 16791 I art     : Starting a blocking GC Explicit
08-04 02:14:30.220 16244 16791 I art     : Explicit concurrent mark sweep GC freed 1440(85KB) AllocSpace objects, 1(20KB) LOS objects, 35% free, 29MB/45MB, paused 515us total 56.757ms
08-04 02:14:30.234 16244 16791 I art     : Starting a blocking GC Explicit
08-04 02:14:30.274 16244 16791 I art     : Explicit concurrent mark sweep GC freed 29(992B) AllocSpace objects, 0(0B) LOS objects, 35% free, 29MB/45MB, paused 376us total 38.866ms
08-04 02:14:30.287 16244 16791 I art     : Starting a blocking GC Explicit
08-04 02:14:30.319 16244 16791 I art     : Explicit concurrent mark sweep GC freed 3(96B) AllocSpace objects, 0(0B) LOS objects, 35% free, 29MB/45MB, paused 425us total 32.430ms
08-04 02:14:30.333 16244 16791 I art     : Starting a blocking GC Explicit
08-04 02:14:30.366 16244 16791 I art     : Explicit concurrent mark sweep GC freed 3(96B) AllocSpace objects, 0(0B) LOS objects, 35% free, 29MB/45MB, paused 415us total 33.414ms
08-04 02:14:30.380 16244 16791 I art     : Starting a blocking GC Explicit
08-04 02:14:30.405   518   646 I ThermalEngine: ACTION: GPU - Setting GPU[0] to 450000000
08-04 02:14:30.425 16244 16791 I art     : Explicit concurrent mark sweep GC freed 3(96B) AllocSpace objects, 0(0B) LOS objects, 35% free, 29MB/45MB, paused 558us total 44.851ms
08-04 02:14:30.644 16244 16244 E chromium: [ERROR:page_load_metrics_update_dispatcher.cc(165)] Invalid first_paint 0.611 s for first_image_paint 0.583 s
08-04 02:14:30.813 16244 16266 I art     : Starting a blocking GC Explicit
08-04 02:14:30.858 16244 16266 I art     : Explicit concurrent mark sweep GC freed 1566(94KB) AllocSpace objects, 1(20KB) LOS objects, 35% free, 29MB/45MB, paused 482us total 44.870ms
08-04 02:14:30.876 16244 16266 I art     : Starting a blocking GC Explicit
08-04 02:14:30.922 16244 16266 I art     : Explicit concurrent mark sweep GC freed 20(704B) AllocSpace objects, 0(0B) LOS objects, 35% free, 29MB/45MB, paused 509us total 45.712ms
08-04 02:14:30.941 16244 16266 I art     : Starting a blocking GC Explicit
08-04 02:14:30.990 16244 16266 I art     : Explicit concurrent mark sweep GC freed 3(96B) AllocSpace objects, 0(0B) LOS objects, 35% free, 29MB/45MB, paused 542us total 48.336ms
08-04 02:14:31.009 16244 16266 I art     : Starting a blocking GC Explicit
08-04 02:14:31.058 16244 16266 I art     : Explicit concurrent mark sweep GC freed 7(208B) AllocSpace objects, 0(0B) LOS objects, 35% free, 29MB/45MB, paused 765us total 48.832ms
08-04 02:14:31.081 16244 16266 I art     : Starting a blocking GC Explicit
08-04 02:14:31.130 16244 16266 I art     : Explicit concurrent mark sweep GC freed 12(2528B) AllocSpace objects, 0(0B) LOS objects, 35% free, 29MB/45MB, paused 546us total 49.016ms
08-04 02:14:31.147 18002 18002 W Atfwd_Sendcmd: AtCmdFwd service not published, waiting... retryCnt : 3
08-04 02:14:31.413   518   646 I ThermalEngine: ACTION: GPU - Setting GPU[0] to 390000000
08-04 02:14:31.543 16244 16255 I art     : Starting a blocking GC Explicit
08-04 02:14:31.611 16244 16255 I art     : Explicit concurrent mark sweep GC freed 1401(85KB) AllocSpace objects, 1(20KB) LOS objects, 35% free, 29MB/45MB, paused 788us total 68.243ms
08-04 02:14:31.637 16244 16255 I art     : Starting a blocking GC Explicit
08-04 02:14:31.684 16244 16244 E chromium: [ERROR:page_load_metrics_update_dispatcher.cc(165)] Invalid first_paint 0.611 s for first_image_paint 0.583 s
08-04 02:14:31.706 16244 16255 I art     : Explicit concurrent mark sweep GC freed 20(704B) AllocSpace objects, 0(0B) LOS objects, 35% free, 29MB/45MB, paused 987us total 68.158ms
08-04 02:14:31.731 16244 16255 I art     : Starting a blocking GC Explicit
08-04 02:14:31.797 16244 16255 I art     : Explicit concurrent mark sweep GC freed 3(96B) AllocSpace objects, 0(0B) LOS objects, 35% free, 29MB/45MB, paused 911us total 65.095ms
08-04 02:14:31.822 16244 16255 I art     : Starting a blocking GC Explicit
08-04 02:14:31.890 16244 16255 I art     : Explicit concurrent mark sweep GC freed 3(96B) AllocSpace objects, 0(0B) LOS objects, 35% free, 29MB/45MB, paused 871us total 67.894ms
08-04 02:14:31.915 16244 16255 I art     : Starting a blocking GC Explicit
08-04 02:14:31.984 16244 16255 I art     : Explicit concurrent mark sweep GC freed 3(96B) AllocSpace objects, 0(0B) LOS objects, 35% free, 29MB/45MB, paused 868us total 68.200ms
08-04 02:14:32.422 16244 16255 I art     : Starting a blocking GC Explicit
08-04 02:14:32.489 16244 16255 I art     : Explicit concurrent mark sweep GC freed 1355(82KB) AllocSpace objects, 1(20KB) LOS objects, 35% free, 29MB/45MB, paused 1.038ms total 66.053ms
08-04 02:14:32.513 16244 16255 I art     : Starting a blocking GC Explicit
08-04 02:14:32.569 16244 16255 I art     : Explicit concurrent mark sweep GC freed 20(704B) AllocSpace objects, 0(0B) LOS objects, 35% free, 29MB/45MB, paused 789us total 55.011ms
08-04 02:14:32.582 24365 24372 I art     : Background partial concurrent mark sweep GC freed 90357(5MB) AllocSpace objects, 0(0B) LOS objects, 28% free, 41MB/57MB, paused 1.235ms total 209.504ms
08-04 02:14:32.592 16244 16255 I art     : Starting a blocking GC Explicit
08-04 02:14:32.643 16244 16255 I art     : Explicit concurrent mark sweep GC freed 3(96B) AllocSpace objects, 0(0B) LOS objects, 35% free, 29MB/45MB, paused 857us total 50.654ms
08-04 02:14:32.673 16244 16255 I art     : Starting a blocking GC Explicit
08-04 02:14:32.738 16244 16255 I art     : Explicit concurrent mark sweep GC freed 3(96B) AllocSpace objects, 0(0B) LOS objects, 35% free, 29MB/45MB, paused 836us total 64.751ms
08-04 02:14:32.775 16244 16255 I art     : Starting a blocking GC Explicit
08-04 02:14:32.831 16244 16255 I art     : Explicit concurrent mark sweep GC freed 16(560B) AllocSpace objects, 0(0B) LOS objects, 35% free, 29MB/45MB, paused 945us total 55.944ms
08-04 02:14:33.224 18783 18783 D AndroidRuntime: >>>>>> START com.android.internal.os.RuntimeInit uid 2000 <<<<<<
08-04 02:14:33.231 18783 18783 D AndroidRuntime: CheckJNI is OFF
08-04 02:14:33.268 16244 16256 I art     : Starting a blocking GC Explicit
08-04 02:14:33.295 16244 18720 I RedditChangeDataIO: Writing tmp data file at '/data/user/0/baseline.org.quantumbadger.redreader/files/rr_change_data_tmp.dat'
08-04 02:14:33.296 16244 18720 I RedditChangeDataManager: Taking snapshot...
08-04 02:14:33.296 16244 18720 I RedditChangeDataManager: Writing to stream...
08-04 02:14:33.297 16244 18720 I RedditChangeDataManager: Wrote 5 entries for user ''
08-04 02:14:33.297 16244 18720 I RedditChangeDataManager: All entries written to stream.
08-04 02:14:33.297 16244 18720 I RedditChangeDataIO: Write successful. Atomically replacing data file...
08-04 02:14:33.297 16244 18720 I RedditChangeDataIO: Write complete.
08-04 02:14:33.298 16244 18720 I RedditChangeDataIO: 134 bytes written in 2 ms
08-04 02:14:33.304 18783 18783 D ICU     : No timezone override file found: /data/misc/zoneinfo/current/icu/icu_tzdata.dat
08-04 02:14:33.327 16244 16256 I art     : Explicit concurrent mark sweep GC freed 1432(87KB) AllocSpace objects, 2(88KB) LOS objects, 35% free, 29MB/45MB, paused 949us total 58.676ms
08-04 02:14:33.354 18783 18783 I Radio-JNI: register_android_hardware_Radio DONE
08-04 02:14:33.354 16244 16256 I art     : Starting a blocking GC Explicit
08-04 02:14:33.389 18783 18783 D AndroidRuntime: Calling main entry com.android.commands.input.Input
08-04 02:14:33.391 18783 18783 I Input   : injectKeyEvent: KeyEvent { action=ACTION_DOWN, keyCode=KEYCODE_BACK, scanCode=0, metaState=0, flags=0x0, repeatCount=0, eventTime=670489804, downTime=670489804, deviceId=-1, source=0x101 }
08-04 02:14:33.398 18783 18783 I Input   : injectKeyEvent: KeyEvent { action=ACTION_UP, keyCode=KEYCODE_BACK, scanCode=0, metaState=0, flags=0x0, repeatCount=0, eventTime=670489804, downTime=670489804, deviceId=-1, source=0x101 }
08-04 02:14:33.404 18783 18783 D AndroidRuntime: Shutting down VM
08-04 02:14:33.411 16244 16256 I art     : Explicit concurrent mark sweep GC freed 49(1872B) AllocSpace objects, 0(0B) LOS objects, 35% free, 29MB/45MB, paused 968us total 56.984ms
08-04 02:14:33.415   518   646 I ThermalEngine: ACTION: GPU - Setting GPU[0] to 450000000
08-04 02:14:33.438 16244 16256 I art     : Starting a blocking GC Explicit
08-04 02:14:33.451 13866 13866 I GoogleInputMethodServic: GoogleInputMethodService.onFinishInput():3138 
08-04 02:14:33.451 13866 13866 I GoogleInputMethodServic: GoogleInputMethodService.onStartInput():1808 
08-04 02:14:33.479 16244 16256 I art     : Explicit concurrent mark sweep GC freed 206(7KB) AllocSpace objects, 0(0B) LOS objects, 35% free, 29MB/45MB, paused 575us total 40.833ms
08-04 02:14:33.503 16244 16256 I art     : Starting a blocking GC Explicit
08-04 02:14:33.543 16244 16256 I art     : Explicit concurrent mark sweep GC freed 53(1744B) AllocSpace objects, 0(0B) LOS objects, 35% free, 29MB/45MB, paused 454us total 39.224ms
08-04 02:14:33.563 16244 16256 I art     : Starting a blocking GC Explicit
08-04 02:14:33.619 16244 16256 I art     : Explicit concurrent mark sweep GC freed 3(96B) AllocSpace objects, 0(0B) LOS objects, 35% free, 29MB/45MB, paused 545us total 55.341ms
08-04 02:14:33.756   380   380 W SurfaceFlinger: couldn't log to binary event log: overflow.
08-04 02:14:33.804   918  3263 D ConnectivityService: releasing NetworkRequest NetworkRequest [ id=2543, legacyType=-1, [ Capabilities: INTERNET&NOT_RESTRICTED&TRUSTED] ]
08-04 02:14:33.999 16244 16266 I art     : Starting a blocking GC Explicit
08-04 02:14:34.043 16244 16266 I art     : Explicit concurrent mark sweep GC freed 2258(124KB) AllocSpace objects, 1(20KB) LOS objects, 35% free, 29MB/45MB, paused 507us total 43.654ms
08-04 02:14:34.061 16244 16266 I art     : Starting a blocking GC Explicit
08-04 02:14:34.093   918  3261 D WifiStateMachine: starting scan for "H369AA63323"WPA_PSK with 2412,5180
08-04 02:14:34.103 16244 16266 I art     : Explicit concurrent mark sweep GC freed 2114(124KB) AllocSpace objects, 1(28KB) LOS objects, 35% free, 29MB/45MB, paused 488us total 41.496ms
08-04 02:14:34.120 16244 16266 I art     : Starting a blocking GC Explicit
08-04 02:14:34.162 16244 16266 I art     : Explicit concurrent mark sweep GC freed 3(96B) AllocSpace objects, 0(0B) LOS objects, 35% free, 29MB/45MB, paused 494us total 41.322ms
08-04 02:14:34.179 16244 16266 I art     : Starting a blocking GC Explicit
08-04 02:14:34.224 16244 16266 I art     : Explicit concurrent mark sweep GC freed 3(96B) AllocSpace objects, 0(0B) LOS objects, 35% free, 29MB/45MB, paused 489us total 44.703ms
08-04 02:14:34.224 16244 16254 I art     : WaitForGcToComplete blocked for 37.093ms for cause HeapTrim
08-04 02:14:34.243 16244 16266 I art     : Starting a blocking GC Explicit
08-04 02:14:34.287 16244 16266 I art     : Explicit concurrent mark sweep GC freed 3(96B) AllocSpace objects, 0(0B) LOS objects, 35% free, 29MB/45MB, paused 589us total 44.468ms
08-04 02:14:34.640 16244 16255 I art     : Starting a blocking GC Explicit
08-04 02:14:34.691 16244 16255 I art     : Explicit concurrent mark sweep GC freed 1354(82KB) AllocSpace objects, 1(20KB) LOS objects, 35% free, 29MB/45MB, paused 523us total 50.372ms
08-04 02:14:34.709 16244 16255 I art     : Starting a blocking GC Explicit
08-04 02:14:34.753 16244 16255 I art     : Explicit concurrent mark sweep GC freed 20(704B) AllocSpace objects, 0(0B) LOS objects, 35% free, 29MB/45MB, paused 525us total 43.353ms
08-04 02:14:34.771 16244 16255 I art     : Starting a blocking GC Explicit
08-04 02:14:34.816 16244 16255 I art     : Explicit concurrent mark sweep GC freed 3(96B) AllocSpace objects, 0(0B) LOS objects, 35% free, 29MB/45MB, paused 508us total 43.953ms
08-04 02:14:34.834 16244 16255 I art     : Starting a blocking GC Explicit
08-04 02:14:34.878 16244 16255 I art     : Explicit concurrent mark sweep GC freed 3(96B) AllocSpace objects, 0(0B) LOS objects, 35% free, 29MB/45MB, paused 532us total 43.833ms
08-04 02:14:34.897 16244 16255 I art     : Starting a blocking GC Explicit
08-04 02:14:34.942 16244 16255 I art     : Explicit concurrent mark sweep GC freed 3(96B) AllocSpace objects, 0(0B) LOS objects, 35% free, 29MB/45MB, paused 510us total 45.457ms
08-04 02:14:35.191 18835 18835 D AndroidRuntime: >>>>>> START com.android.internal.os.RuntimeInit uid 2000 <<<<<<
08-04 02:14:35.197 18835 18835 D AndroidRuntime: CheckJNI is OFF
08-04 02:14:35.237 18835 18835 D ICU     : No timezone override file found: /data/misc/zoneinfo/current/icu/icu_tzdata.dat
08-04 02:14:35.277 18835 18835 I Radio-JNI: register_android_hardware_Radio DONE
08-04 02:14:35.304 18835 18835 D AndroidRuntime: Calling main entry com.android.commands.input.Input
08-04 02:14:35.306 18835 18835 I Input   : injectKeyEvent: KeyEvent { action=ACTION_DOWN, keyCode=KEYCODE_BACK, scanCode=0, metaState=0, flags=0x0, repeatCount=0, eventTime=670491719, downTime=670491719, deviceId=-1, source=0x101 }
08-04 02:14:35.311 18835 18835 I Input   : injectKeyEvent: KeyEvent { action=ACTION_UP, keyCode=KEYCODE_BACK, scanCode=0, metaState=0, flags=0x0, repeatCount=0, eventTime=670491719, downTime=670491719, deviceId=-1, source=0x101 }
08-04 02:14:35.313 16244 16266 I art     : Starting a blocking GC Explicit
08-04 02:14:35.319 18835 18835 D AndroidRuntime: Shutting down VM
08-04 02:14:35.356 16244 16266 I art     : Explicit concurrent mark sweep GC freed 1465(86KB) AllocSpace objects, 1(20KB) LOS objects, 35% free, 29MB/45MB, paused 499us total 42.310ms
08-04 02:14:35.365 13866 13866 I GoogleInputMethodServic: GoogleInputMethodService.onFinishInput():3138 
08-04 02:14:35.365 13866 13866 I GoogleInputMethodServic: GoogleInputMethodService.onStartInput():1808 
08-04 02:14:35.373 16244 16266 I art     : Starting a blocking GC Explicit
08-04 02:14:35.417 16244 16266 I art     : Explicit concurrent mark sweep GC freed 125(4KB) AllocSpace objects, 0(0B) LOS objects, 35% free, 29MB/45MB, paused 597us total 43.855ms
08-04 02:14:35.435 16244 16266 I art     : Starting a blocking GC Explicit
08-04 02:14:35.475 16244 16266 I art     : Explicit concurrent mark sweep GC freed 24(816B) AllocSpace objects, 0(0B) LOS objects, 35% free, 29MB/45MB, paused 528us total 40.308ms
08-04 02:14:35.494 16244 16266 I art     : Starting a blocking GC Explicit
08-04 02:14:35.540 16244 16266 I art     : Explicit concurrent mark sweep GC freed 3(96B) AllocSpace objects, 0(0B) LOS objects, 35% free, 29MB/45MB, paused 542us total 45.795ms
08-04 02:14:35.563 16244 16266 I art     : Starting a blocking GC Explicit
08-04 02:14:35.621 16244 16266 I art     : Explicit concurrent mark sweep GC freed 3(96B) AllocSpace objects, 0(0B) LOS objects, 35% free, 29MB/45MB, paused 512us total 56.891ms
08-04 02:14:35.951 16244 16266 I art     : Starting a blocking GC Explicit
08-04 02:14:35.999 16244 16266 I art     : Explicit concurrent mark sweep GC freed 1412(84KB) AllocSpace objects, 1(20KB) LOS objects, 35% free, 29MB/45MB, paused 591us total 48.459ms
08-04 02:14:36.018 16244 16266 I art     : Starting a blocking GC Explicit
08-04 02:14:36.066 16244 16266 I art     : Explicit concurrent mark sweep GC freed 150(7KB) AllocSpace objects, 0(0B) LOS objects, 35% free, 29MB/45MB, paused 539us total 47.226ms
08-04 02:14:36.084 16244 16266 I art     : Starting a blocking GC Explicit
08-04 02:14:36.132 16244 16266 I art     : Explicit concurrent mark sweep GC freed 3(96B) AllocSpace objects, 0(0B) LOS objects, 35% free, 29MB/45MB, paused 525us total 47.320ms
08-04 02:14:36.151 16244 16266 I art     : Starting a blocking GC Explicit
08-04 02:14:36.199 16244 16266 I art     : Explicit concurrent mark sweep GC freed 3(96B) AllocSpace objects, 0(0B) LOS objects, 35% free, 29MB/45MB, paused 611us total 48.250ms
08-04 02:14:36.221 16244 16266 I art     : Starting a blocking GC Explicit
08-04 02:14:36.268 16244 16266 I art     : Explicit concurrent mark sweep GC freed 3(96B) AllocSpace objects, 0(0B) LOS objects, 35% free, 29MB/45MB, paused 541us total 46.696ms
08-04 02:14:36.610 16244 16791 I art     : Starting a blocking GC Explicit
08-04 02:14:36.657 16244 16791 I art     : Explicit concurrent mark sweep GC freed 1354(82KB) AllocSpace objects, 1(20KB) LOS objects, 35% free, 29MB/45MB, paused 550us total 46.821ms
08-04 02:14:36.676 16244 16791 I art     : Starting a blocking GC Explicit
08-04 02:14:36.719 16244 16791 I art     : Explicit concurrent mark sweep GC freed 20(704B) AllocSpace objects, 0(0B) LOS objects, 35% free, 29MB/45MB, paused 497us total 43.434ms
08-04 02:14:36.737 16244 16791 I art     : Starting a blocking GC Explicit
08-04 02:14:36.779 16244 16791 I art     : Explicit concurrent mark sweep GC freed 3(96B) AllocSpace objects, 0(0B) LOS objects, 35% free, 29MB/45MB, paused 511us total 41.080ms
08-04 02:14:36.796 16244 16791 I art     : Starting a blocking GC Explicit
08-04 02:14:36.839 16244 16791 I art     : Explicit concurrent mark sweep GC freed 3(96B) AllocSpace objects, 0(0B) LOS objects, 35% free, 29MB/45MB, paused 516us total 42.704ms
08-04 02:14:36.857 16244 16791 I art     : Starting a blocking GC Explicit
08-04 02:14:36.900 16244 16791 I art     : Explicit concurrent mark sweep GC freed 3(96B) AllocSpace objects, 0(0B) LOS objects, 35% free, 29MB/45MB, paused 516us total 43.447ms
08-04 02:14:37.106 18912 18912 D AndroidRuntime: >>>>>> START com.android.internal.os.RuntimeInit uid 2000 <<<<<<
08-04 02:14:37.112 18912 18912 D AndroidRuntime: CheckJNI is OFF
08-04 02:14:37.153 18912 18912 D ICU     : No timezone override file found: /data/misc/zoneinfo/current/icu/icu_tzdata.dat
08-04 02:14:37.196 18912 18912 I Radio-JNI: register_android_hardware_Radio DONE
08-04 02:14:37.226 18912 18912 D AndroidRuntime: Calling main entry com.android.commands.input.Input
08-04 02:14:37.228 16244 16256 I art     : Starting a blocking GC Explicit
08-04 02:14:37.228 18912 18912 I Input   : injectMotionEvent: MotionEvent { action=ACTION_DOWN, actionButton=0, id[0]=0, x[0]=600.0, y[0]=1000.0, toolType[0]=TOOL_TYPE_UNKNOWN, buttonState=0, metaState=0, flags=0x0, edgeFlags=0x0, pointerCount=1, historySize=0, eventTime=670493641, downTime=670493641, deviceId=0, source=0x1002 }
08-04 02:14:37.233 18912 18912 I Input   : injectMotionEvent: MotionEvent { action=ACTION_UP, actionButton=0, id[0]=0, x[0]=600.0, y[0]=1000.0, toolType[0]=TOOL_TYPE_UNKNOWN, buttonState=0, metaState=0, flags=0x0, edgeFlags=0x0, pointerCount=1, historySize=0, eventTime=670493641, downTime=670493641, deviceId=0, source=0x1002 }
08-04 02:14:37.235 18912 18912 D AndroidRuntime: Shutting down VM
08-04 02:14:37.246   512  2967 D audio_hw_primary: out_set_parameters: enter: usecase(1: low-latency-playback) kvpairs: routing=2
08-04 02:14:37.247   918  3961 I ActivityManager: START u0 {dat=https://oauth.reddit.com/... cmp=baseline.org.quantumbadger.redreader/.activities.PostListingActivity} from uid 10666 on display 0
08-04 02:14:37.259   512  2967 D audio_hw_primary: select_devices: out_snd_device(2: speaker) in_snd_device(0: none)
08-04 02:14:37.259   512  2967 D msm8974_platform: platform_send_audio_calibration: sending audio calibration for snd_device(2) acdb_id(15)
08-04 02:14:37.259   512  2967 I soundtrigger: audio_extn_sound_trigger_update_device_status: device 0x2 of type 0 for Event 1
08-04 02:14:37.271   512  2967 D audio_hw_primary: enable_snd_device: snd_device(2: speaker)
08-04 02:14:37.273 16244 16244 I AppCompatViewInflater: app:theme is now deprecated. Please move to using android:theme instead.
08-04 02:14:37.274   512  2967 D audio_hw_primary: enable_audio_route: apply and update mixer path: low-latency-playback speaker
08-04 02:14:37.280 16244 16256 I art     : Explicit concurrent mark sweep GC freed 1694(99KB) AllocSpace objects, 1(20KB) LOS objects, 35% free, 29MB/45MB, paused 832us total 51.746ms
08-04 02:14:37.299 16244 16256 I art     : Starting a blocking GC Explicit
08-04 02:14:37.303 16244 18937 D OK      : calling: https://oauth.reddit.com/r/announcements/about.json
08-04 02:14:37.342 16244 16256 I art     : Explicit concurrent mark sweep GC freed 646(64KB) AllocSpace objects, 0(0B) LOS objects, 35% free, 29MB/45MB, paused 640us total 43.336ms
08-04 02:14:37.362 16244 16256 I art     : Starting a blocking GC Explicit
08-04 02:14:37.378   918   936 I ActivityManager: Displayed baseline.org.quantumbadger.redreader/.activities.PostListingActivity: +121ms
08-04 02:14:37.380 13866 13866 I GoogleInputMethodServic: GoogleInputMethodService.onFinishInput():3138 
08-04 02:14:37.380 13866 13866 I GoogleInputMethodServic: GoogleInputMethodService.onStartInput():1808 
08-04 02:14:37.410 16244 16256 I art     : Explicit concurrent mark sweep GC freed 957(39KB) AllocSpace objects, 0(0B) LOS objects, 35% free, 29MB/45MB, paused 658us total 47.199ms
08-04 02:14:37.428 16244 16256 I art     : Starting a blocking GC Explicit
08-04 02:14:37.469 16244 16256 I art     : Explicit concurrent mark sweep GC freed 200(12KB) AllocSpace objects, 0(0B) LOS objects, 35% free, 29MB/45MB, paused 554us total 41.024ms
08-04 02:14:37.486 16244 16256 I art     : Starting a blocking GC Explicit
08-04 02:14:37.529 16244 16256 I art     : Explicit concurrent mark sweep GC freed 1942(76KB) AllocSpace objects, 0(0B) LOS objects, 35% free, 29MB/45MB, paused 647us total 42.531ms
08-04 02:14:37.627   380   380 W SurfaceFlinger: couldn't log to binary event log: overflow.
08-04 02:14:37.636 16244 18937 I NAPPA_EXPERIMENTATION: MetricNetworkRequestExecutionTime: REQUEST_DURATION_SYSTEM='333',REQUEST_DURATION_OKHTTP='142',REQUEST_SYNCHRONOUS='TRUE',RESPONSE_CODE='200',RESPONSE_METHOD='GET',RESPONSE_LENGTH_OKHTTP='-1',RESPONSE_LENGTH_HEADER='1564',REQUEST_PROTOCOL='h2',REQUEST_URL='https://oauth.reddit.com/r/announcements/about.json',
08-04 02:14:37.636 16244 18937 D OK      : request got status: 200
08-04 02:14:37.808   512  2967 D audio_hw_primary: disable_audio_route: reset and update mixer path: low-latency-playback speaker
08-04 02:14:37.809   512  2967 D audio_hw_primary: disable_snd_device: snd_device(2: speaker)
08-04 02:14:37.818   512  2967 I soundtrigger: audio_extn_sound_trigger_update_device_status: device 0x2 of type 0 for Event 0
08-04 02:14:37.833 16244 16791 I art     : Starting a blocking GC Explicit
08-04 02:14:37.877 16244 16791 I art     : Explicit concurrent mark sweep GC freed 2879(237KB) AllocSpace objects, 3(156KB) LOS objects, 35% free, 29MB/45MB, paused 577us total 44.276ms
08-04 02:14:37.895 16244 16791 I art     : Starting a blocking GC Explicit
08-04 02:14:37.938 16244 16791 I art     : Explicit concurrent mark sweep GC freed 207(11KB) AllocSpace objects, 0(0B) LOS objects, 35% free, 29MB/45MB, paused 588us total 43.267ms
08-04 02:14:37.957 16244 16791 I art     : Starting a blocking GC Explicit
08-04 02:14:38.002 16244 16791 I art     : Explicit concurrent mark sweep GC freed 32(1360B) AllocSpace objects, 0(0B) LOS objects, 35% free, 29MB/45MB, paused 558us total 45.094ms
08-04 02:14:38.020 16244 16791 I art     : Starting a blocking GC Explicit
08-04 02:14:38.064 16244 16791 I art     : Explicit concurrent mark sweep GC freed 3(96B) AllocSpace objects, 0(0B) LOS objects, 35% free, 29MB/45MB, paused 538us total 44.163ms
08-04 02:14:38.083 16244 16791 I art     : Starting a blocking GC Explicit
08-04 02:14:38.129 16244 16791 I art     : Explicit concurrent mark sweep GC freed 27(1120B) AllocSpace objects, 0(0B) LOS objects, 35% free, 29MB/45MB, paused 582us total 46.046ms
08-04 02:14:38.474 16244 16255 I art     : Starting a blocking GC Explicit
08-04 02:14:38.503 16244 18968 D OK      : calling: https://oauth.reddit.com/r/announcements/hot/.json
08-04 02:14:38.524 16244 16255 I art     : Explicit concurrent mark sweep GC freed 1445(86KB) AllocSpace objects, 1(20KB) LOS objects, 35% free, 29MB/45MB, paused 650us total 49.204ms
08-04 02:14:38.542 16244 16255 I art     : Starting a blocking GC Explicit
08-04 02:14:38.588 16244 16255 I art     : Explicit concurrent mark sweep GC freed 27(992B) AllocSpace objects, 0(0B) LOS objects, 35% free, 29MB/45MB, paused 647us total 45.575ms
08-04 02:14:38.607 16244 16255 I art     : Starting a blocking GC Explicit
08-04 02:14:38.653 16244 16255 I art     : Explicit concurrent mark sweep GC freed 3(96B) AllocSpace objects, 0(0B) LOS objects, 35% free, 29MB/45MB, paused 624us total 45.845ms
08-04 02:14:38.670 16244 18968 I NAPPA_EXPERIMENTATION: MetricNetworkRequestExecutionTime: REQUEST_DURATION_SYSTEM='166',REQUEST_DURATION_OKHTTP='163',REQUEST_SYNCHRONOUS='TRUE',RESPONSE_CODE='200',RESPONSE_METHOD='GET',RESPONSE_LENGTH_OKHTTP='-1',RESPONSE_LENGTH_HEADER='142016',REQUEST_PROTOCOL='h2',REQUEST_URL='https://oauth.reddit.com/r/announcements/hot/.json',
08-04 02:14:38.670 16244 18968 D OK      : request got status: 200
08-04 02:14:38.672 16244 16255 I art     : Starting a blocking GC Explicit
08-04 02:14:38.679 16244 16860 I PostListingFragment: Precaching images: OFF
08-04 02:14:38.679 16244 16860 I PostListingFragment: Precaching comments: OFF
08-04 02:14:38.720 16244 16255 I art     : Explicit concurrent mark sweep GC freed 1550(147KB) AllocSpace objects, 1(16KB) LOS objects, 34% free, 30MB/46MB, paused 949us total 47.784ms
08-04 02:14:38.738 16244 16255 I art     : Starting a blocking GC Explicit
08-04 02:14:38.787 16244 16255 I art     : Explicit concurrent mark sweep GC freed 1008(66KB) AllocSpace objects, 3(56KB) LOS objects, 34% free, 30MB/46MB, paused 885us total 48.762ms
08-04 02:14:39.109 16244 16757 I art     : Starting a blocking GC Explicit
08-04 02:14:39.179 16244 16757 I art     : Explicit concurrent mark sweep GC freed 19813(1212KB) AllocSpace objects, 33(1912KB) LOS objects, 31% free, 34MB/50MB, paused 705us total 69.100ms
08-04 02:14:39.200 16244 16757 I art     : Starting a blocking GC Explicit
08-04 02:14:39.251 16244 16757 I art     : Explicit concurrent mark sweep GC freed 60886(2MB) AllocSpace objects, 8(152KB) LOS objects, 33% free, 31MB/47MB, paused 895us total 51.215ms
08-04 02:14:39.270 16244 16757 I art     : Starting a blocking GC Explicit
08-04 02:14:39.290 16244 16244 W RecyclerView: Cannot call this method in a scroll callback. Scroll callbacks mightbe run during a measure & layout pass where you cannot change theRecyclerView data. Any method call that might change the structureof the RecyclerView or the adapter contents should be postponed tothe next frame.
08-04 02:14:39.290 16244 16244 W RecyclerView: java.lang.IllegalStateException:  androidx.recyclerview.widget.RecyclerView{9a22b8c VFED..... .F....ID 0,0-1440,2140 #7f0900ef app:id/scrollbar_recyclerview_recyclerview}, adapter:baseline.org.quantumbadger.redreader.adapters.GroupedRecyclerViewAdapter@d9962d5, layout:androidx.recyclerview.widget.LinearLayoutManager@c2a2aea, context:baseline.org.quantumbadger.redreader.activities.PostListingActivity@63d8b75
08-04 02:14:39.290 16244 16244 W RecyclerView: 	at androidx.recyclerview.widget.RecyclerView.assertNotInLayoutOrScroll(RecyclerView.java:3061)
08-04 02:14:39.290 16244 16244 W RecyclerView: 	at androidx.recyclerview.widget.RecyclerView$RecyclerViewDataObserver.onItemRangeInserted(RecyclerView.java:5555)
08-04 02:14:39.290 16244 16244 W RecyclerView: 	at androidx.recyclerview.widget.RecyclerView$AdapterDataObservable.notifyItemRangeInserted(RecyclerView.java:12278)
08-04 02:14:39.290 16244 16244 W RecyclerView: 	at androidx.recyclerview.widget.RecyclerView$Adapter.notifyItemInserted(RecyclerView.java:7464)
08-04 02:14:39.290 16244 16244 W RecyclerView: 	at baseline.org.quantumbadger.redreader.adapters.GroupedRecyclerViewAdapter.updateHiddenStatus(GroupedRecyclerViewAdapter.java:279)
08-04 02:14:39.290 16244 16244 W RecyclerView: 	at baseline.org.quantumbadger.redreader.adapters.RedditListingManager.setLoadingVisible(RedditListingManager.java:125)
08-04 02:14:39.290 16244 16244 W RecyclerView: 	at baseline.org.quantumbadger.redreader.fragments.PostListingFragment.onLoadMoreItemsCheck(PostListingFragment.java:465)
08-04 02:14:39.290 16244 16244 W RecyclerView: 	at baseline.org.quantumbadger.redreader.fragments.PostListingFragment.access$000(PostListingFragment.java:98)
08-04 02:14:39.290 16244 16244 W RecyclerView: 	at baseline.org.quantumbadger.redreader.fragments.PostListingFragment$2.onScrolled(PostListingFragment.java:215)
08-04 02:14:39.290 16244 16244 W RecyclerView: 	at androidx.recyclerview.widget.RecyclerView.dispatchOnScrolled(RecyclerView.java:5173)
08-04 02:14:39.290 16244 16244 W RecyclerView: 	at androidx.recyclerview.widget.RecyclerView.dispatchLayoutStep3(RecyclerView.java:4231)
08-04 02:14:39.290 16244 16244 W RecyclerView: 	at androidx.recyclerview.widget.RecyclerView.dispatchLayout(RecyclerView.java:3862)
08-04 02:14:39.290 16244 16244 W RecyclerView: 	at androidx.recyclerview.widget.RecyclerView.consumePendingUpdateOperations(RecyclerView.java:1897)
08-04 02:14:39.290 16244 16244 W RecyclerView: 	at androidx.recyclerview.widget.RecyclerView$1.run(RecyclerView.java:414)
08-04 02:14:39.290 16244 16244 W RecyclerView: 	at android.view.Choreographer$CallbackRecord.run(Choreographer.java:858)
08-04 02:14:39.290 16244 16244 W RecyclerView: 	at android.view.Choreographer.doCallbacks(Choreographer.java:670)
08-04 02:14:39.290 16244 16244 W RecyclerView: 	at android.view.Choreographer.doFrame(Choreographer.java:603)
08-04 02:14:39.290 16244 16244 W RecyclerView: 	at android.view.Choreographer$FrameDisplayEventReceiver.run(Choreographer.java:844)
08-04 02:14:39.290 16244 16244 W RecyclerView: 	at android.os.Handler.handleCallback(Handler.java:739)
08-04 02:14:39.290 16244 16244 W RecyclerView: 	at android.os.Handler.dispatchMessage(Handler.java:95)
08-04 02:14:39.290 16244 16244 W RecyclerView: 	at android.os.Looper.loop(Looper.java:148)
08-04 02:14:39.290 16244 16244 W RecyclerView: 	at android.app.ActivityThread.main(ActivityThread.java:5417)
08-04 02:14:39.290 16244 16244 W RecyclerView: 	at java.lang.reflect.Method.invoke(Native Method)
08-04 02:14:39.290 16244 16244 W RecyclerView: 	at com.android.internal.os.ZygoteInit$MethodAndArgsCaller.run(ZygoteInit.java:726)
08-04 02:14:39.290 16244 16244 W RecyclerView: 	at com.android.internal.os.ZygoteInit.main(ZygoteInit.java:616)
08-04 02:14:39.319 16244 16757 I art     : Explicit concurrent mark sweep GC freed 1302(127KB) AllocSpace objects, 0(0B) LOS objects, 33% free, 31MB/47MB, paused 721us total 49.114ms
08-04 02:14:39.320 16244 16254 I art     : WaitForGcToComplete blocked for 31.750ms for cause HeapTrim
08-04 02:14:39.338 16244 16757 I art     : Starting a blocking GC Explicit
08-04 02:14:39.386 16244 16757 I art     : Explicit concurrent mark sweep GC freed 84(3KB) AllocSpace objects, 0(0B) LOS objects, 33% free, 31MB/47MB, paused 584us total 47.557ms
08-04 02:14:39.406 16244 16757 I art     : Starting a blocking GC Explicit
08-04 02:14:39.457 16244 16757 I art     : Explicit concurrent mark sweep GC freed 48(1728B) AllocSpace objects, 0(0B) LOS objects, 33% free, 31MB/47MB, paused 581us total 50.790ms
08-04 02:14:39.703 16244 18995 D OK      : calling: https://oauth.reddit.com/r/announcements/hot/.json?after=t3_9jf8nh
08-04 02:14:39.822 16244 16757 I art     : Starting a blocking GC Explicit
08-04 02:14:39.885 16244 16757 I art     : Explicit concurrent mark sweep GC freed 1673(96KB) AllocSpace objects, 1(20KB) LOS objects, 33% free, 31MB/47MB, paused 699us total 62.859ms
08-04 02:14:39.906 16244 18995 I NAPPA_EXPERIMENTATION: MetricNetworkRequestExecutionTime: REQUEST_DURATION_SYSTEM='201',REQUEST_DURATION_OKHTTP='191',REQUEST_SYNCHRONOUS='TRUE',RESPONSE_CODE='200',RESPONSE_METHOD='GET',RESPONSE_LENGTH_OKHTTP='-1',RESPONSE_LENGTH_HEADER='65685',REQUEST_PROTOCOL='h2',REQUEST_URL='https://oauth.reddit.com/r/announcements/hot/.json?after=t3_9jf8nh',
08-04 02:14:39.906 16244 18995 D OK      : request got status: 200
08-04 02:14:39.908 16244 16757 I art     : Starting a blocking GC Explicit
08-04 02:14:39.915 16244 16860 I PostListingFragment: Precaching images: OFF
08-04 02:14:39.915 16244 16860 I PostListingFragment: Precaching comments: OFF
08-04 02:14:39.961 16244 16757 I art     : Explicit concurrent mark sweep GC freed 2208(277KB) AllocSpace objects, 2(40KB) LOS objects, 32% free, 32MB/48MB, paused 1.108ms total 52.396ms
08-04 02:14:39.980 16244 16757 I art     : Starting a blocking GC Explicit
08-04 02:14:40.032 16244 16757 I art     : Explicit concurrent mark sweep GC freed 4146(199KB) AllocSpace objects, 7(572KB) LOS objects, 32% free, 33MB/49MB, paused 986us total 52.070ms
08-04 02:14:40.052 16244 16757 I art     : Starting a blocking GC Explicit
08-04 02:14:40.107 16244 16757 I art     : Explicit concurrent mark sweep GC freed 4034(175KB) AllocSpace objects, 1(68KB) LOS objects, 32% free, 33MB/49MB, paused 739us total 55.442ms
08-04 02:14:40.127 16244 16757 I art     : Starting a blocking GC Explicit
08-04 02:14:40.185 16244 16757 I art     : Explicit concurrent mark sweep GC freed 3823(183KB) AllocSpace objects, 2(92KB) LOS objects, 32% free, 33MB/49MB, paused 767us total 57.205ms
08-04 02:14:40.284   918  3188 I hubconnection: sensorhub said: 'set_bias 3: -6.2400, 0.0000, 0.0000'
08-04 02:14:40.566 16244 16791 I art     : Starting a blocking GC Explicit
08-04 02:14:40.640 16244 16791 I art     : Explicit concurrent mark sweep GC freed 23429(1124KB) AllocSpace objects, 7(128KB) LOS objects, 33% free, 32MB/48MB, paused 643us total 73.644ms
08-04 02:14:40.664 16244 16791 I art     : Starting a blocking GC Explicit
08-04 02:14:40.719 16244 16791 I art     : Explicit concurrent mark sweep GC freed 608(25KB) AllocSpace objects, 0(0B) LOS objects, 33% free, 32MB/48MB, paused 683us total 54.995ms
08-04 02:14:40.739 16244 16791 I art     : Starting a blocking GC Explicit
08-04 02:14:40.792 16244 16791 I art     : Explicit concurrent mark sweep GC freed 7(224B) AllocSpace objects, 0(0B) LOS objects, 33% free, 32MB/48MB, paused 582us total 53.046ms
08-04 02:14:40.812 16244 16791 I art     : Starting a blocking GC Explicit
08-04 02:14:40.869 16244 16791 I art     : Explicit concurrent mark sweep GC freed 17(720B) AllocSpace objects, 0(0B) LOS objects, 33% free, 32MB/48MB, paused 574us total 56.355ms
08-04 02:14:40.888 16244 16791 I art     : Starting a blocking GC Explicit
08-04 02:14:40.943 16244 16791 I art     : Explicit concurrent mark sweep GC freed 9(352B) AllocSpace objects, 0(0B) LOS objects, 33% free, 32MB/48MB, paused 593us total 54.666ms
08-04 02:14:41.323 16244 16255 I art     : Starting a blocking GC Explicit
08-04 02:14:41.390 16244 16255 I art     : Explicit concurrent mark sweep GC freed 1355(82KB) AllocSpace objects, 1(20KB) LOS objects, 33% free, 32MB/48MB, paused 756us total 67.001ms
08-04 02:14:41.414 16244 16255 I art     : Starting a blocking GC Explicit
08-04 02:14:41.472 16244 16255 I art     : Explicit concurrent mark sweep GC freed 20(704B) AllocSpace objects, 0(0B) LOS objects, 33% free, 32MB/48MB, paused 572us total 57.980ms
08-04 02:14:41.492 16244 16255 I art     : Starting a blocking GC Explicit
08-04 02:14:41.548 16244 16255 I art     : Explicit concurrent mark sweep GC freed 3(96B) AllocSpace objects, 0(0B) LOS objects, 33% free, 32MB/48MB, paused 612us total 55.826ms
08-04 02:14:41.568 16244 16255 I art     : Starting a blocking GC Explicit
08-04 02:14:41.626 16244 16255 I art     : Explicit concurrent mark sweep GC freed 3(96B) AllocSpace objects, 0(0B) LOS objects, 33% free, 32MB/48MB, paused 639us total 57.878ms
08-04 02:14:41.649 16244 16255 I art     : Starting a blocking GC Explicit
08-04 02:14:41.705 16244 16255 I art     : Explicit concurrent mark sweep GC freed 3(96B) AllocSpace objects, 0(0B) LOS objects, 33% free, 32MB/48MB, paused 575us total 55.165ms
08-04 02:14:42.080 16244 16256 I art     : Starting a blocking GC Explicit
08-04 02:14:42.147 16244 16256 I art     : Explicit concurrent mark sweep GC freed 1357(83KB) AllocSpace objects, 1(20KB) LOS objects, 33% free, 32MB/48MB, paused 622us total 66.857ms
08-04 02:14:42.170 16244 16256 I art     : Starting a blocking GC Explicit
08-04 02:14:42.228 16244 16256 I art     : Explicit concurrent mark sweep GC freed 20(704B) AllocSpace objects, 0(0B) LOS objects, 33% free, 32MB/48MB, paused 693us total 57.703ms
08-04 02:14:42.251 16244 16256 I art     : Starting a blocking GC Explicit
08-04 02:14:42.306 16244 16256 I art     : Explicit concurrent mark sweep GC freed 3(96B) AllocSpace objects, 0(0B) LOS objects, 33% free, 32MB/48MB, paused 585us total 54.278ms
08-04 02:14:42.325 16244 16256 I art     : Starting a blocking GC Explicit
08-04 02:14:42.383 16244 16256 I art     : Explicit concurrent mark sweep GC freed 3(96B) AllocSpace objects, 0(0B) LOS objects, 33% free, 32MB/48MB, paused 572us total 57.410ms
08-04 02:14:42.405 16244 16256 I art     : Starting a blocking GC Explicit
08-04 02:14:42.461 16244 16256 I art     : Explicit concurrent mark sweep GC freed 3(96B) AllocSpace objects, 0(0B) LOS objects, 33% free, 32MB/48MB, paused 594us total 55.636ms
08-04 02:14:42.806 16244 16266 I art     : Starting a blocking GC Explicit
08-04 02:14:42.870 16244 16266 I art     : Explicit concurrent mark sweep GC freed 1354(82KB) AllocSpace objects, 1(20KB) LOS objects, 33% free, 32MB/48MB, paused 708us total 64.129ms
08-04 02:14:42.893 16244 16266 I art     : Starting a blocking GC Explicit
08-04 02:14:42.948 16244 16266 I art     : Explicit concurrent mark sweep GC freed 20(704B) AllocSpace objects, 0(0B) LOS objects, 33% free, 32MB/48MB, paused 683us total 54.424ms
08-04 02:14:42.967 16244 16266 I art     : Starting a blocking GC Explicit
08-04 02:14:43.019 16244 16266 I art     : Explicit concurrent mark sweep GC freed 3(96B) AllocSpace objects, 0(0B) LOS objects, 33% free, 32MB/48MB, paused 576us total 51.967ms
08-04 02:14:43.038 16244 16266 I art     : Starting a blocking GC Explicit
08-04 02:14:43.074 19041 19041 D AndroidRuntime: >>>>>> START com.android.internal.os.RuntimeInit uid 2000 <<<<<<
08-04 02:14:43.080 19041 19041 D AndroidRuntime: CheckJNI is OFF
08-04 02:14:43.091 16244 16266 I art     : Explicit concurrent mark sweep GC freed 3(96B) AllocSpace objects, 0(0B) LOS objects, 33% free, 32MB/48MB, paused 577us total 52.569ms
08-04 02:14:43.110 16244 16266 I art     : Starting a blocking GC Explicit
08-04 02:14:43.127 19041 19041 D ICU     : No timezone override file found: /data/misc/zoneinfo/current/icu/icu_tzdata.dat
08-04 02:14:43.162 16244 16266 I art     : Explicit concurrent mark sweep GC freed 3(96B) AllocSpace objects, 0(0B) LOS objects, 33% free, 32MB/48MB, paused 543us total 51.551ms
08-04 02:14:43.171 19041 19041 I Radio-JNI: register_android_hardware_Radio DONE
08-04 02:14:43.201 19041 19041 D AndroidRuntime: Calling main entry com.android.commands.input.Input
08-04 02:14:43.203 19041 19041 I Input   : injectMotionEvent: MotionEvent { action=ACTION_DOWN, actionButton=0, id[0]=0, x[0]=600.0, y[0]=580.0, toolType[0]=TOOL_TYPE_UNKNOWN, buttonState=0, metaState=0, flags=0x0, edgeFlags=0x0, pointerCount=1, historySize=0, eventTime=670499616, downTime=670499616, deviceId=0, source=0x1002 }
08-04 02:14:43.208 19041 19041 I Input   : injectMotionEvent: MotionEvent { action=ACTION_UP, actionButton=0, id[0]=0, x[0]=600.0, y[0]=580.0, toolType[0]=TOOL_TYPE_UNKNOWN, buttonState=0, metaState=0, flags=0x0, edgeFlags=0x0, pointerCount=1, historySize=0, eventTime=670499616, downTime=670499616, deviceId=0, source=0x1002 }
08-04 02:14:43.210 19041 19041 D AndroidRuntime: Shutting down VM
08-04 02:14:43.224   512  2967 D audio_hw_primary: out_set_parameters: enter: usecase(1: low-latency-playback) kvpairs: routing=2
08-04 02:14:43.225   918  5952 I ActivityManager: START u0 {cmp=baseline.org.quantumbadger.redreader/.activities.WebViewActivity (has extras)} from uid 10666 on display 0
08-04 02:14:43.237   512  2967 D audio_hw_primary: select_devices: out_snd_device(2: speaker) in_snd_device(0: none)
08-04 02:14:43.237   512  2967 D msm8974_platform: platform_send_audio_calibration: sending audio calibration for snd_device(2) acdb_id(15)
08-04 02:14:43.237   512  2967 I soundtrigger: audio_extn_sound_trigger_update_device_status: device 0x2 of type 0 for Event 1
08-04 02:14:43.248   512  2967 D audio_hw_primary: enable_snd_device: snd_device(2: speaker)
08-04 02:14:43.252   512  2967 D audio_hw_primary: enable_audio_route: apply and update mixer path: low-latency-playback speaker
08-04 02:14:43.257 16244 16244 I AppCompatViewInflater: app:theme is now deprecated. Please move to using android:theme instead.
08-04 02:14:43.279   918  3714 D ConnectivityService: listenForNetwork for Listen from uid/pid:10666/16244 for NetworkRequest [ id=2544, legacyType=-1, [ Capabilities: INTERNET&NOT_RESTRICTED&TRUSTED] ]
08-04 02:14:43.388 13866 13866 I GoogleInputMethodServic: GoogleInputMethodService.onFinishInput():3138 
08-04 02:14:43.389   918   936 I ActivityManager: Displayed baseline.org.quantumbadger.redreader/.activities.WebViewActivity: +155ms
08-04 02:14:43.390 13866 13866 I GoogleInputMethodServic: GoogleInputMethodService.onStartInput():1808 
08-04 02:14:43.430   518   646 I ThermalEngine: ACTION: GPU - Setting GPU[0] to 510000000
08-04 02:14:43.476 16244 16256 I art     : Starting a blocking GC Explicit
08-04 02:14:43.527 16244 16256 I art     : Explicit concurrent mark sweep GC freed 5912(311KB) AllocSpace objects, 1(20KB) LOS objects, 33% free, 32MB/48MB, paused 466us total 50.284ms
08-04 02:14:43.546 16244 16256 I art     : Starting a blocking GC Explicit
08-04 02:14:43.589 16244 16256 I art     : Explicit concurrent mark sweep GC freed 7300(828KB) AllocSpace objects, 17(2MB) LOS objects, 35% free, 29MB/45MB, paused 559us total 42.723ms
08-04 02:14:43.604 16244 16256 I art     : Starting a blocking GC Explicit
08-04 02:14:43.617   380   380 W SurfaceFlinger: couldn't log to binary event log: overflow.
08-04 02:14:43.639 16244 16256 I art     : Explicit concurrent mark sweep GC freed 139(7KB) AllocSpace objects, 0(0B) LOS objects, 35% free, 29MB/45MB, paused 485us total 35.320ms
08-04 02:14:43.654 16244 16256 I art     : Starting a blocking GC Explicit
08-04 02:14:43.688 16244 16256 I art     : Explicit concurrent mark sweep GC freed 462(27KB) AllocSpace objects, 0(0B) LOS objects, 35% free, 29MB/45MB, paused 451us total 33.413ms
08-04 02:14:43.703 16244 16256 I art     : Starting a blocking GC Explicit
08-04 02:14:43.711 16244 18969 I RedditChangeDataIO: Writing tmp data file at '/data/user/0/baseline.org.quantumbadger.redreader/files/rr_change_data_tmp.dat'
08-04 02:14:43.712 16244 18969 I RedditChangeDataManager: Taking snapshot...
08-04 02:14:43.712 16244 18969 I RedditChangeDataManager: Writing to stream...
08-04 02:14:43.712 16244 18969 I RedditChangeDataManager: Wrote 5 entries for user ''
08-04 02:14:43.712 16244 18969 I RedditChangeDataManager: All entries written to stream.
08-04 02:14:43.712 16244 18969 I RedditChangeDataIO: Write successful. Atomically replacing data file...
08-04 02:14:43.713 16244 18969 I RedditChangeDataIO: Write complete.
08-04 02:14:43.713 16244 18969 I RedditChangeDataIO: 134 bytes written in 2 ms
08-04 02:14:43.735 16244 16256 I art     : Explicit concurrent mark sweep GC freed 309(18KB) AllocSpace objects, 1(68KB) LOS objects, 35% free, 29MB/45MB, paused 475us total 32.277ms
08-04 02:14:43.788   512  2967 D audio_hw_primary: disable_audio_route: reset and update mixer path: low-latency-playback speaker
08-04 02:14:43.789   512  2967 D audio_hw_primary: disable_snd_device: snd_device(2: speaker)
08-04 02:14:43.797   512  2967 I soundtrigger: audio_extn_sound_trigger_update_device_status: device 0x2 of type 0 for Event 0
08-04 02:14:44.059 16244 16256 I art     : Starting a blocking GC Explicit
08-04 02:14:44.109 16244 16256 I art     : Explicit concurrent mark sweep GC freed 1496(88KB) AllocSpace objects, 1(20KB) LOS objects, 35% free, 29MB/45MB, paused 482us total 49.982ms
08-04 02:14:44.127 16244 16256 I art     : Starting a blocking GC Explicit
08-04 02:14:44.176 16244 16256 I art     : Explicit concurrent mark sweep GC freed 28(960B) AllocSpace objects, 0(0B) LOS objects, 35% free, 29MB/45MB, paused 711us total 48.487ms
08-04 02:14:44.193 16244 16256 I art     : Starting a blocking GC Explicit
08-04 02:14:44.243 16244 16256 I art     : Explicit concurrent mark sweep GC freed 11(352B) AllocSpace objects, 0(0B) LOS objects, 35% free, 29MB/45MB, paused 395us total 49.473ms
08-04 02:14:44.261 16244 16256 I art     : Starting a blocking GC Explicit
08-04 02:14:44.306 16244 16256 I art     : Explicit concurrent mark sweep GC freed 11(352B) AllocSpace objects, 0(0B) LOS objects, 35% free, 29MB/45MB, paused 370us total 45.008ms
08-04 02:14:44.323 16244 16256 I art     : Starting a blocking GC Explicit
08-04 02:14:44.366 16244 16256 I art     : Explicit concurrent mark sweep GC freed 9(288B) AllocSpace objects, 0(0B) LOS objects, 35% free, 29MB/45MB, paused 474us total 43.309ms
08-04 02:14:44.431 16244 16244 I chromium: [INFO:CONSOLE(1)] "
08-04 02:14:44.431 16244 16244 I chromium:                   ,d"=,.,qOp,
08-04 02:14:44.431 16244 16244 I chromium:                  ,7'  ''$(  )
08-04 02:14:44.431 16244 16244 I chromium:                 ,7'      '?q$7'
08-04 02:14:44.431 16244 16244 I chromium:              ..,$$,.
08-04 02:14:44.431 16244 16244 I chromium:    ,.  .,,--***""***--,,.  .,
08-04 02:14:44.431 16244 16244 I chromium:     ,p''              ''q,   
08-04 02:14:44.431 16244 16244 I chromium: :  ,7'                      '7,  :
08-04 02:14:44.431 16244 16244 I chromium:  ' $      ,db,      ,db,      $ '
08-04 02:14:44.431 16244 16244 I chromium:   '$      $$      $$      $'    Using Reddit at work? Work for Reddit.
08-04 02:14:44.431 16244 16244 I chromium:   '$                          $'        https://www.reddit.com/jobs
08-04 02:14:44.431 16244 16244 I chromium:    '$.     .,        ,.     .$'
08-04 02:14:44.431 16244 16244 I chromium:     'b,     ''     ,d'
08-04 02:14:44.431 16244 16244 I chromium:      '?bn,,          ,,nd?'
08-04 02:14:44.431 16244 16244 I chromium:        ,7$ '''' $7,
08-04 02:14:44.431 16244 16244 I chromium:      , $              $ ,
08-04 02:14:44.431 16244 16244 I chromium:      $  :$              $:  $
08-04 02:14:44.431 16244 16244 I chromium:      $   $              $   $
08-04 02:14:44.431 16244 16244 I chromium:      'b  q:            :p  d'
08-04 02:14:44.431 16244 16244 I chromium:       '?$.          .$?'
08-04 02:14:44.431 16244 16244 I chromium:          'b            d'
08-04 02:14:44.431 16244 16244 I chromium:        ,'?,.      .,?',
08-04 02:14:44.431 16244 16244 I chromium:       ==--==--==--==
08-04 02:14:44.431 16244 16244 I chromium: ", source: https://www.redditstatic.com/desktop2x/Chat~Governance~Reddit.2ea93b134a9b2e5b1d9a.js (1)
08-04 02:14:44.435   518   646 I ThermalEngine: ACTION: GPU - Setting GPU[0] to 450000000
08-04 02:14:44.721 16244 16791 I art     : Starting a blocking GC Explicit
08-04 02:14:44.770 16244 16791 I art     : Explicit concurrent mark sweep GC freed 1416(86KB) AllocSpace objects, 1(20KB) LOS objects, 35% free, 29MB/45MB, paused 514us total 47.763ms
08-04 02:14:44.789 16244 16791 I art     : Starting a blocking GC Explicit
08-04 02:14:44.843 16244 16791 I art     : Explicit concurrent mark sweep GC freed 32(1088B) AllocSpace objects, 0(0B) LOS objects, 35% free, 29MB/45MB, paused 642us total 53.090ms
08-04 02:14:44.863 16244 16791 I art     : Starting a blocking GC Explicit
08-04 02:14:44.919 16244 16791 I art     : Explicit concurrent mark sweep GC freed 11(352B) AllocSpace objects, 0(0B) LOS objects, 35% free, 29MB/45MB, paused 687us total 55.862ms
08-04 02:14:44.941 16244 16791 I art     : Starting a blocking GC Explicit
08-04 02:14:44.997 16244 16791 I art     : Explicit concurrent mark sweep GC freed 22(704B) AllocSpace objects, 0(0B) LOS objects, 35% free, 29MB/45MB, paused 556us total 55.991ms
08-04 02:14:45.020 16244 16791 I art     : Starting a blocking GC Explicit
08-04 02:14:45.077 16244 16791 I art     : Explicit concurrent mark sweep GC freed 49(2112B) AllocSpace objects, 0(0B) LOS objects, 35% free, 29MB/45MB, paused 564us total 56.914ms
08-04 02:14:45.321 16244 16244 E chromium: [ERROR:page_load_metrics_update_dispatcher.cc(165)] Invalid first_paint 0.55 s for first_image_paint 0.53 s
08-04 02:14:45.446 16244 16256 I art     : Starting a blocking GC Explicit
08-04 02:14:45.488 16244 16256 I art     : Explicit concurrent mark sweep GC freed 1841(137KB) AllocSpace objects, 1(20KB) LOS objects, 35% free, 29MB/45MB, paused 512us total 41.814ms
08-04 02:14:45.507 16244 16256 I art     : Starting a blocking GC Explicit
08-04 02:14:45.553 16244 16256 I art     : Explicit concurrent mark sweep GC freed 85(2880B) AllocSpace objects, 0(0B) LOS objects, 35% free, 29MB/45MB, paused 464us total 44.948ms
08-04 02:14:45.571 16244 16256 I art     : Starting a blocking GC Explicit
08-04 02:14:45.616 16244 16256 I art     : Explicit concurrent mark sweep GC freed 3(96B) AllocSpace objects, 0(0B) LOS objects, 35% free, 29MB/45MB, paused 495us total 44.196ms
08-04 02:14:45.634 16244 16256 I art     : Starting a blocking GC Explicit
08-04 02:14:45.679 16244 16256 I art     : Explicit concurrent mark sweep GC freed 7(208B) AllocSpace objects, 0(0B) LOS objects, 35% free, 29MB/45MB, paused 469us total 44.544ms
08-04 02:14:45.697 16244 16256 I art     : Starting a blocking GC Explicit
08-04 02:14:45.744 16244 16256 I art     : Explicit concurrent mark sweep GC freed 12(2528B) AllocSpace objects, 0(0B) LOS objects, 35% free, 29MB/45MB, paused 447us total 47.135ms
08-04 02:14:46.128 16244 16255 I art     : Starting a blocking GC Explicit
08-04 02:14:46.148 18002 18002 I ServiceManager: Waiting for service AtCmdFwd...
08-04 02:14:46.173 16244 16255 I art     : Explicit concurrent mark sweep GC freed 1366(83KB) AllocSpace objects, 1(20KB) LOS objects, 35% free, 29MB/45MB, paused 454us total 45.031ms
08-04 02:14:46.191 16244 16255 I art     : Starting a blocking GC Explicit
08-04 02:14:46.234 16244 16255 I art     : Explicit concurrent mark sweep GC freed 57(2608B) AllocSpace objects, 0(0B) LOS objects, 35% free, 29MB/45MB, paused 463us total 43.151ms
08-04 02:14:46.252 16244 16255 I art     : Starting a blocking GC Explicit
08-04 02:14:46.297 16244 16255 I art     : Explicit concurrent mark sweep GC freed 3(96B) AllocSpace objects, 0(0B) LOS objects, 35% free, 29MB/45MB, paused 431us total 44.360ms
08-04 02:14:46.320 16244 16255 I art     : Starting a blocking GC Explicit
08-04 02:14:46.340 16244 16244 E chromium: [ERROR:page_load_metrics_update_dispatcher.cc(165)] Invalid first_paint 0.55 s for first_image_paint 0.53 s
08-04 02:14:46.366 16244 16255 I art     : Explicit concurrent mark sweep GC freed 3(96B) AllocSpace objects, 0(0B) LOS objects, 35% free, 29MB/45MB, paused 472us total 45.442ms
08-04 02:14:46.385 16244 16255 I art     : Starting a blocking GC Explicit
08-04 02:14:46.438 16244 16255 I art     : Explicit concurrent mark sweep GC freed 3(96B) AllocSpace objects, 0(0B) LOS objects, 35% free, 29MB/45MB, paused 477us total 52.872ms
08-04 02:14:46.823 16244 16266 I art     : Starting a blocking GC Explicit
08-04 02:14:46.870 16244 16266 I art     : Explicit concurrent mark sweep GC freed 1357(82KB) AllocSpace objects, 1(20KB) LOS objects, 35% free, 29MB/45MB, paused 495us total 47.400ms
08-04 02:14:46.889 16244 16266 I art     : Starting a blocking GC Explicit
08-04 02:14:46.945 16244 16266 I art     : Explicit concurrent mark sweep GC freed 20(704B) AllocSpace objects, 0(0B) LOS objects, 35% free, 29MB/45MB, paused 481us total 55.201ms
08-04 02:14:46.963 16244 16266 I art     : Starting a blocking GC Explicit
08-04 02:14:47.018 16244 16266 I art     : Explicit concurrent mark sweep GC freed 3(96B) AllocSpace objects, 0(0B) LOS objects, 35% free, 29MB/45MB, paused 622us total 54.597ms
08-04 02:14:47.039 16244 16266 I art     : Starting a blocking GC Explicit
08-04 02:14:47.088 16244 16266 I art     : Explicit concurrent mark sweep GC freed 3(96B) AllocSpace objects, 0(0B) LOS objects, 35% free, 29MB/45MB, paused 475us total 49.198ms
08-04 02:14:47.109 16244 16266 I art     : Starting a blocking GC Explicit
08-04 02:14:47.148 18002 18002 I ServiceManager: Waiting for service AtCmdFwd...
08-04 02:14:47.154 16244 16266 I art     : Explicit concurrent mark sweep GC freed 3(96B) AllocSpace objects, 0(0B) LOS objects, 35% free, 29MB/45MB, paused 447us total 44.293ms
08-04 02:14:47.540 16244 16266 I art     : Starting a blocking GC Explicit
08-04 02:14:47.586 16244 16266 I art     : Explicit concurrent mark sweep GC freed 1357(82KB) AllocSpace objects, 1(20KB) LOS objects, 35% free, 29MB/45MB, paused 489us total 46.277ms
08-04 02:14:47.608 16244 16266 I art     : Starting a blocking GC Explicit
08-04 02:14:47.649 16244 16266 I art     : Explicit concurrent mark sweep GC freed 20(704B) AllocSpace objects, 0(0B) LOS objects, 35% free, 29MB/45MB, paused 424us total 41.104ms
08-04 02:14:47.667 16244 16266 I art     : Starting a blocking GC Explicit
08-04 02:14:47.711 16244 16266 I art     : Explicit concurrent mark sweep GC freed 3(96B) AllocSpace objects, 0(0B) LOS objects, 35% free, 29MB/45MB, paused 476us total 43.840ms
08-04 02:14:47.729 16244 16266 I art     : Starting a blocking GC Explicit
08-04 02:14:47.772 16244 16266 I art     : Explicit concurrent mark sweep GC freed 3(96B) AllocSpace objects, 0(0B) LOS objects, 35% free, 29MB/45MB, paused 486us total 43.241ms
08-04 02:14:47.790 16244 16266 I art     : Starting a blocking GC Explicit
08-04 02:14:47.839 16244 16266 I art     : Explicit concurrent mark sweep GC freed 3(96B) AllocSpace objects, 0(0B) LOS objects, 35% free, 29MB/45MB, paused 459us total 48.651ms
08-04 02:14:47.980 19138 19138 D AndroidRuntime: >>>>>> START com.android.internal.os.RuntimeInit uid 2000 <<<<<<
08-04 02:14:47.986 19138 19138 D AndroidRuntime: CheckJNI is OFF
08-04 02:14:48.028 19138 19138 D ICU     : No timezone override file found: /data/misc/zoneinfo/current/icu/icu_tzdata.dat
08-04 02:14:48.069 19138 19138 I Radio-JNI: register_android_hardware_Radio DONE
08-04 02:14:48.098 19138 19138 D AndroidRuntime: Calling main entry com.android.commands.input.Input
08-04 02:14:48.101 19138 19138 I Input   : injectKeyEvent: KeyEvent { action=ACTION_DOWN, keyCode=KEYCODE_BACK, scanCode=0, metaState=0, flags=0x0, repeatCount=0, eventTime=670504514, downTime=670504514, deviceId=-1, source=0x101 }
08-04 02:14:48.114 19138 19138 I Input   : injectKeyEvent: KeyEvent { action=ACTION_UP, keyCode=KEYCODE_BACK, scanCode=0, metaState=0, flags=0x0, repeatCount=0, eventTime=670504514, downTime=670504514, deviceId=-1, source=0x101 }
08-04 02:14:48.120 19138 19138 D AndroidRuntime: Shutting down VM
08-04 02:14:48.149 18002 18002 I ServiceManager: Waiting for service AtCmdFwd...
08-04 02:14:48.167 13866 13866 I GoogleInputMethodServic: GoogleInputMethodService.onFinishInput():3138 
08-04 02:14:48.167 13866 13866 I GoogleInputMethodServic: GoogleInputMethodService.onStartInput():1808 
08-04 02:14:48.234 16244 16256 I art     : Starting a blocking GC Explicit
08-04 02:14:48.276 16244 16256 I art     : Explicit concurrent mark sweep GC freed 1623(91KB) AllocSpace objects, 1(20KB) LOS objects, 35% free, 29MB/45MB, paused 491us total 41.953ms
08-04 02:14:48.296 16244 16256 I art     : Starting a blocking GC Explicit
08-04 02:14:48.349 16244 16256 I art     : Explicit concurrent mark sweep GC freed 24(864B) AllocSpace objects, 0(0B) LOS objects, 35% free, 29MB/45MB, paused 899us total 52.933ms
08-04 02:14:48.370 16244 16256 I art     : Starting a blocking GC Explicit
08-04 02:14:48.426 16244 16256 I art     : Explicit concurrent mark sweep GC freed 3(96B) AllocSpace objects, 0(0B) LOS objects, 35% free, 29MB/45MB, paused 562us total 55.341ms
08-04 02:14:48.449 16244 16256 I art     : Starting a blocking GC Explicit
08-04 02:14:48.472   380   380 W SurfaceFlinger: couldn't log to binary event log: overflow.
08-04 02:14:48.495 16244 16256 I art     : Explicit concurrent mark sweep GC freed 55(1984B) AllocSpace objects, 0(0B) LOS objects, 35% free, 29MB/45MB, paused 615us total 46.338ms
08-04 02:14:48.513   918  3263 D ConnectivityService: releasing NetworkRequest NetworkRequest [ id=2544, legacyType=-1, [ Capabilities: INTERNET&NOT_RESTRICTED&TRUSTED] ]
08-04 02:14:48.517 16244 16256 I art     : Starting a blocking GC Explicit
08-04 02:14:48.580 16244 16256 I art     : Explicit concurrent mark sweep GC freed 831(39KB) AllocSpace objects, 0(0B) LOS objects, 35% free, 29MB/45MB, paused 496us total 62.696ms
08-04 02:14:48.910 16244 16266 I art     : Starting a blocking GC Explicit
08-04 02:14:48.975 16244 16266 I art     : Explicit concurrent mark sweep GC freed 1499(89KB) AllocSpace objects, 1(20KB) LOS objects, 35% free, 29MB/45MB, paused 550us total 64.274ms
08-04 02:14:48.996 16244 16266 I art     : Starting a blocking GC Explicit
08-04 02:14:49.044 16244 16266 I art     : Explicit concurrent mark sweep GC freed 1969(116KB) AllocSpace objects, 1(28KB) LOS objects, 35% free, 29MB/45MB, paused 488us total 47.947ms
08-04 02:14:49.063 16244 16266 I art     : Starting a blocking GC Explicit
08-04 02:14:49.110 16244 16266 I art     : Explicit concurrent mark sweep GC freed 3(96B) AllocSpace objects, 0(0B) LOS objects, 35% free, 29MB/45MB, paused 496us total 46.342ms
08-04 02:14:49.133 16244 16266 I art     : Starting a blocking GC Explicit
08-04 02:14:49.149 18002 18002 I ServiceManager: Waiting for service AtCmdFwd...
08-04 02:14:49.178 16244 16266 I art     : Explicit concurrent mark sweep GC freed 3(96B) AllocSpace objects, 0(0B) LOS objects, 35% free, 29MB/45MB, paused 500us total 44.704ms
08-04 02:14:49.197 16244 16266 I art     : Starting a blocking GC Explicit
08-04 02:14:49.244 16244 16266 I art     : Explicit concurrent mark sweep GC freed 3(96B) AllocSpace objects, 0(0B) LOS objects, 35% free, 29MB/45MB, paused 493us total 46.556ms
08-04 02:14:49.578 16244 16255 I art     : Starting a blocking GC Explicit
08-04 02:14:49.634 16244 16255 I art     : Explicit concurrent mark sweep GC freed 1356(82KB) AllocSpace objects, 1(20KB) LOS objects, 35% free, 29MB/45MB, paused 526us total 55.919ms
08-04 02:14:49.653 16244 16255 I art     : Starting a blocking GC Explicit
08-04 02:14:49.699 16244 16255 I art     : Explicit concurrent mark sweep GC freed 20(704B) AllocSpace objects, 0(0B) LOS objects, 35% free, 29MB/45MB, paused 493us total 45.232ms
08-04 02:14:49.717 16244 16255 I art     : Starting a blocking GC Explicit
08-04 02:14:49.763 16244 16255 I art     : Explicit concurrent mark sweep GC freed 3(96B) AllocSpace objects, 0(0B) LOS objects, 35% free, 29MB/45MB, paused 483us total 45.196ms
08-04 02:14:49.782 16244 16255 I art     : Starting a blocking GC Explicit
08-04 02:14:49.827 16244 16255 I art     : Explicit concurrent mark sweep GC freed 3(96B) AllocSpace objects, 0(0B) LOS objects, 35% free, 29MB/45MB, paused 550us total 45.447ms
08-04 02:14:49.828 16244 16254 I art     : WaitForGcToComplete blocked for 45.772ms for cause HeapTrim
08-04 02:14:49.846 16244 16255 I art     : Starting a blocking GC Explicit
08-04 02:14:49.894 16244 16255 I art     : Explicit concurrent mark sweep GC freed 3(96B) AllocSpace objects, 0(0B) LOS objects, 35% free, 29MB/45MB, paused 502us total 47.372ms
08-04 02:14:49.949 19172 19172 D AndroidRuntime: >>>>>> START com.android.internal.os.RuntimeInit uid 2000 <<<<<<
08-04 02:14:49.955 19172 19172 D AndroidRuntime: CheckJNI is OFF
08-04 02:14:49.999 19172 19172 D ICU     : No timezone override file found: /data/misc/zoneinfo/current/icu/icu_tzdata.dat
08-04 02:14:50.048 19172 19172 I Radio-JNI: register_android_hardware_Radio DONE
08-04 02:14:50.078 19172 19172 D AndroidRuntime: Calling main entry com.android.commands.input.Input
08-04 02:14:50.080 19172 19172 I Input   : injectKeyEvent: KeyEvent { action=ACTION_DOWN, keyCode=KEYCODE_BACK, scanCode=0, metaState=0, flags=0x0, repeatCount=0, eventTime=670506493, downTime=670506493, deviceId=-1, source=0x101 }
08-04 02:14:50.086 19172 19172 I Input   : injectKeyEvent: KeyEvent { action=ACTION_UP, keyCode=KEYCODE_BACK, scanCode=0, metaState=0, flags=0x0, repeatCount=0, eventTime=670506493, downTime=670506493, deviceId=-1, source=0x101 }
08-04 02:14:50.093 19172 19172 D AndroidRuntime: Shutting down VM
08-04 02:14:50.137 13866 13866 I GoogleInputMethodServic: GoogleInputMethodService.onFinishInput():3138 
08-04 02:14:50.138 13866 13866 I GoogleInputMethodServic: GoogleInputMethodService.onStartInput():1808 
08-04 02:14:50.150 18002 18002 I ServiceManager: Waiting for service AtCmdFwd...
08-04 02:14:50.231 16244 16266 I art     : Starting a blocking GC Explicit
08-04 02:14:50.289 16244 16266 I art     : Explicit concurrent mark sweep GC freed 1535(88KB) AllocSpace objects, 1(20KB) LOS objects, 35% free, 29MB/45MB, paused 488us total 57.818ms
08-04 02:14:50.312 16244 16266 I art     : Starting a blocking GC Explicit
08-04 02:14:50.366 16244 16266 I art     : Explicit concurrent mark sweep GC freed 24(864B) AllocSpace objects, 0(0B) LOS objects, 35% free, 29MB/45MB, paused 493us total 52.749ms
08-04 02:14:50.384 16244 16266 I art     : Starting a blocking GC Explicit
08-04 02:14:50.433 16244 16266 I art     : Explicit concurrent mark sweep GC freed 33(944B) AllocSpace objects, 0(0B) LOS objects, 35% free, 29MB/45MB, paused 534us total 48.613ms
08-04 02:14:50.452 16244 16266 I art     : Starting a blocking GC Explicit
08-04 02:14:50.496 16244 16266 I art     : Explicit concurrent mark sweep GC freed 38(1632B) AllocSpace objects, 0(0B) LOS objects, 35% free, 29MB/45MB, paused 507us total 43.617ms
08-04 02:14:50.514 16244 16266 I art     : Starting a blocking GC Explicit
08-04 02:14:50.562 16244 16266 I art     : Explicit concurrent mark sweep GC freed 133(6KB) AllocSpace objects, 0(0B) LOS objects, 35% free, 29MB/45MB, paused 535us total 47.021ms
08-04 02:14:50.908 16244 16255 I art     : Starting a blocking GC Explicit
08-04 02:14:50.974 16244 16255 I art     : Explicit concurrent mark sweep GC freed 1356(82KB) AllocSpace objects, 1(20KB) LOS objects, 35% free, 29MB/45MB, paused 568us total 65.902ms
08-04 02:14:50.995 16244 16255 I art     : Starting a blocking GC Explicit
08-04 02:14:51.043 16244 16255 I art     : Explicit concurrent mark sweep GC freed 20(704B) AllocSpace objects, 0(0B) LOS objects, 35% free, 29MB/45MB, paused 518us total 47.464ms
08-04 02:14:51.062 16244 16255 I art     : Starting a blocking GC Explicit
08-04 02:14:51.110 16244 16255 I art     : Explicit concurrent mark sweep GC freed 3(96B) AllocSpace objects, 0(0B) LOS objects, 35% free, 29MB/45MB, paused 517us total 47.309ms
08-04 02:14:51.129 16244 16255 I art     : Starting a blocking GC Explicit
08-04 02:14:51.150 18002 18002 W Atfwd_Sendcmd: AtCmdFwd service not published, waiting... retryCnt : 4
08-04 02:14:51.176 16244 16255 I art     : Explicit concurrent mark sweep GC freed 3(96B) AllocSpace objects, 0(0B) LOS objects, 35% free, 29MB/45MB, paused 521us total 46.817ms
08-04 02:14:51.194 16244 16255 I art     : Starting a blocking GC Explicit
08-04 02:14:51.241 16244 16255 I art     : Explicit concurrent mark sweep GC freed 3(96B) AllocSpace objects, 0(0B) LOS objects, 35% free, 29MB/45MB, paused 531us total 46.305ms
08-04 02:14:51.560 16244 16757 I art     : Starting a blocking GC Explicit
08-04 02:14:51.611 16244 16757 I art     : Explicit concurrent mark sweep GC freed 1356(82KB) AllocSpace objects, 1(20KB) LOS objects, 35% free, 29MB/45MB, paused 533us total 50.527ms
08-04 02:14:51.630 16244 16757 I art     : Starting a blocking GC Explicit
08-04 02:14:51.675 16244 16757 I art     : Explicit concurrent mark sweep GC freed 20(704B) AllocSpace objects, 0(0B) LOS objects, 35% free, 29MB/45MB, paused 490us total 44.317ms
08-04 02:14:51.693 16244 16757 I art     : Starting a blocking GC Explicit
08-04 02:14:51.734 16244 16757 I art     : Explicit concurrent mark sweep GC freed 3(96B) AllocSpace objects, 0(0B) LOS objects, 35% free, 29MB/45MB, paused 458us total 40.649ms
08-04 02:14:51.752 16244 16757 I art     : Starting a blocking GC Explicit
08-04 02:14:51.797 16244 16757 I art     : Explicit concurrent mark sweep GC freed 3(96B) AllocSpace objects, 0(0B) LOS objects, 35% free, 29MB/45MB, paused 496us total 44.156ms
08-04 02:14:51.815 16244 16757 I art     : Starting a blocking GC Explicit
08-04 02:14:51.859 16244 16757 I art     : Explicit concurrent mark sweep GC freed 3(96B) AllocSpace objects, 0(0B) LOS objects, 35% free, 29MB/45MB, paused 512us total 43.731ms
08-04 02:14:51.879 19216 19216 D AndroidRuntime: >>>>>> START com.android.internal.os.RuntimeInit uid 2000 <<<<<<
08-04 02:14:51.885 19216 19216 D AndroidRuntime: CheckJNI is OFF
08-04 02:14:51.927 19216 19216 D ICU     : No timezone override file found: /data/misc/zoneinfo/current/icu/icu_tzdata.dat
08-04 02:14:51.968 19216 19216 I Radio-JNI: register_android_hardware_Radio DONE
08-04 02:14:51.998 19216 19216 D AndroidRuntime: Calling main entry com.android.commands.input.Input
08-04 02:14:52.000 19216 19216 I Input   : injectMotionEvent: MotionEvent { action=ACTION_DOWN, actionButton=0, id[0]=0, x[0]=600.0, y[0]=1733.0, toolType[0]=TOOL_TYPE_UNKNOWN, buttonState=0, metaState=0, flags=0x0, edgeFlags=0x0, pointerCount=1, historySize=0, eventTime=670508413, downTime=670508413, deviceId=0, source=0x1002 }
08-04 02:14:52.005 19216 19216 I Input   : injectMotionEvent: MotionEvent { action=ACTION_UP, actionButton=0, id[0]=0, x[0]=600.0, y[0]=1733.0, toolType[0]=TOOL_TYPE_UNKNOWN, buttonState=0, metaState=0, flags=0x0, edgeFlags=0x0, pointerCount=1, historySize=0, eventTime=670508413, downTime=670508413, deviceId=0, source=0x1002 }
08-04 02:14:52.007 19216 19216 D AndroidRuntime: Shutting down VM
08-04 02:14:52.012   918   929 I ActivityManager: START u0 {dat=https://oauth.reddit.com/... cmp=baseline.org.quantumbadger.redreader/.activities.PostListingActivity} from uid 10666 on display 0
08-04 02:14:52.014   512  2967 D audio_hw_primary: out_set_parameters: enter: usecase(1: low-latency-playback) kvpairs: routing=2
08-04 02:14:52.027   512  2967 D audio_hw_primary: select_devices: out_snd_device(2: speaker) in_snd_device(0: none)
08-04 02:14:52.027   512  2967 D msm8974_platform: platform_send_audio_calibration: sending audio calibration for snd_device(2) acdb_id(15)
08-04 02:14:52.027   512  2967 I soundtrigger: audio_extn_sound_trigger_update_device_status: device 0x2 of type 0 for Event 1
08-04 02:14:52.039   512  2967 D audio_hw_primary: enable_snd_device: snd_device(2: speaker)
08-04 02:14:52.042   512  2967 D audio_hw_primary: enable_audio_route: apply and update mixer path: low-latency-playback speaker
08-04 02:14:52.043 16244 16244 I AppCompatViewInflater: app:theme is now deprecated. Please move to using android:theme instead.
08-04 02:14:52.064 16244 19250 D OK      : calling: https://oauth.reddit.com/r/aww/about.json
08-04 02:14:52.121 13866 13866 I GoogleInputMethodServic: GoogleInputMethodService.onFinishInput():3138 
08-04 02:14:52.122   918   936 I ActivityManager: Displayed baseline.org.quantumbadger.redreader/.activities.PostListingActivity: +94ms
08-04 02:14:52.122 13866 13866 I GoogleInputMethodServic: GoogleInputMethodService.onStartInput():1808 
08-04 02:14:52.177 16244 16757 I art     : Starting a blocking GC Explicit
08-04 02:14:52.223 16244 16757 I art     : Explicit concurrent mark sweep GC freed 3014(188KB) AllocSpace objects, 1(20KB) LOS objects, 35% free, 29MB/45MB, paused 589us total 45.696ms
08-04 02:14:52.242 16244 16757 I art     : Starting a blocking GC Explicit
08-04 02:14:52.289 16244 16757 I art     : Explicit concurrent mark sweep GC freed 2422(102KB) AllocSpace objects, 0(0B) LOS objects, 35% free, 29MB/45MB, paused 602us total 46.067ms
08-04 02:14:52.309 16244 16757 I art     : Starting a blocking GC Explicit
08-04 02:14:52.360   380   380 W SurfaceFlinger: couldn't log to binary event log: overflow.
08-04 02:14:52.368 16244 16757 I art     : Explicit concurrent mark sweep GC freed 96(3KB) AllocSpace objects, 0(0B) LOS objects, 35% free, 29MB/45MB, paused 731us total 57.788ms
08-04 02:14:52.388 16244 16757 I art     : Starting a blocking GC Explicit
08-04 02:14:52.392 16244 19250 I NAPPA_EXPERIMENTATION: MetricNetworkRequestExecutionTime: REQUEST_DURATION_SYSTEM='327',REQUEST_DURATION_OKHTTP='141',REQUEST_SYNCHRONOUS='TRUE',RESPONSE_CODE='200',RESPONSE_METHOD='GET',RESPONSE_LENGTH_OKHTTP='-1',RESPONSE_LENGTH_HEADER='3478',REQUEST_PROTOCOL='h2',REQUEST_URL='https://oauth.reddit.com/r/aww/about.json',
08-04 02:14:52.392 16244 19250 D OK      : request got status: 200
08-04 02:14:52.434 16244 16757 I art     : Explicit concurrent mark sweep GC freed 1415(178KB) AllocSpace objects, 2(136KB) LOS objects, 35% free, 29MB/45MB, paused 779us total 45.261ms
08-04 02:14:52.452 16244 16757 I art     : Starting a blocking GC Explicit
08-04 02:14:52.496 16244 16757 I art     : Explicit concurrent mark sweep GC freed 346(28KB) AllocSpace objects, 0(0B) LOS objects, 35% free, 29MB/45MB, paused 884us total 44.097ms
08-04 02:14:52.581   512  2967 D audio_hw_primary: disable_audio_route: reset and update mixer path: low-latency-playback speaker
08-04 02:14:52.582   512  2967 D audio_hw_primary: disable_snd_device: snd_device(2: speaker)
08-04 02:14:52.590   512  2967 I soundtrigger: audio_extn_sound_trigger_update_device_status: device 0x2 of type 0 for Event 0
08-04 02:14:52.827 16244 16791 I art     : Starting a blocking GC Explicit
08-04 02:14:52.876 16244 16791 I art     : Explicit concurrent mark sweep GC freed 1563(93KB) AllocSpace objects, 1(20KB) LOS objects, 35% free, 29MB/45MB, paused 559us total 48.643ms
08-04 02:14:52.897 16244 16791 I art     : Starting a blocking GC Explicit
08-04 02:14:52.943 16244 16791 I art     : Explicit concurrent mark sweep GC freed 42(1632B) AllocSpace objects, 0(0B) LOS objects, 35% free, 29MB/45MB, paused 561us total 46.244ms
08-04 02:14:52.962 16244 16791 I art     : Starting a blocking GC Explicit
08-04 02:14:53.008 16244 16791 I art     : Explicit concurrent mark sweep GC freed 3(96B) AllocSpace objects, 0(0B) LOS objects, 35% free, 29MB/45MB, paused 552us total 45.111ms
08-04 02:14:53.027 16244 16791 I art     : Starting a blocking GC Explicit
08-04 02:14:53.073 16244 16791 I art     : Explicit concurrent mark sweep GC freed 3(96B) AllocSpace objects, 0(0B) LOS objects, 35% free, 29MB/45MB, paused 513us total 46.110ms
08-04 02:14:53.091 16244 16791 I art     : Starting a blocking GC Explicit
08-04 02:14:53.138 16244 16791 I art     : Explicit concurrent mark sweep GC freed 3(96B) AllocSpace objects, 0(0B) LOS objects, 35% free, 29MB/45MB, paused 559us total 46.320ms
08-04 02:14:53.265 16244 19266 D OK      : calling: https://oauth.reddit.com/r/aww/hot/.json
08-04 02:14:53.473 16244 16256 I art     : Starting a blocking GC Explicit
08-04 02:14:53.514 16244 19266 I NAPPA_EXPERIMENTATION: MetricNetworkRequestExecutionTime: REQUEST_DURATION_SYSTEM='249',REQUEST_DURATION_OKHTTP='243',REQUEST_SYNCHRONOUS='TRUE',RESPONSE_CODE='200',RESPONSE_METHOD='GET',RESPONSE_LENGTH_OKHTTP='-1',RESPONSE_LENGTH_HEADER='33430',REQUEST_PROTOCOL='h2',REQUEST_URL='https://oauth.reddit.com/r/aww/hot/.json',
08-04 02:14:53.514 16244 19266 D OK      : request got status: 200
08-04 02:14:53.523 16244 16256 I art     : Explicit concurrent mark sweep GC freed 1809(116KB) AllocSpace objects, 1(20KB) LOS objects, 35% free, 29MB/45MB, paused 600us total 49.420ms
08-04 02:14:53.527 16244 16860 I PostListingFragment: Precaching images: OFF
08-04 02:14:53.527 16244 16860 I PostListingFragment: Precaching comments: OFF
08-04 02:14:53.538 16244 19279 D OK      : calling: https://b.thumbs.redditmedia.com/CKInrczASoQbNvSBStGz11Tok0uCyQoxmZ02sOE37sQ.jpg
08-04 02:14:53.543 16244 16256 I art     : Starting a blocking GC Explicit
08-04 02:14:53.552 16244 19280 D OK      : calling: https://a.thumbs.redditmedia.com/sKVnLbatvJCZOE2ooe6CgiEftOB3ukgPMdcydbk9CZ4.jpg
08-04 02:14:53.553 16244 16860 I getImgurImageInfo: Image NSO7Npm: trying API v3 with auth
08-04 02:14:53.555 16244 19281 D OK      : calling: https://api.gfycat.com/v1/gfycats/deadlygravecavy
08-04 02:14:53.557 16244 19282 D OK      : calling: https://a.thumbs.redditmedia.com/dFt2-stQJkfZ8O7r7ywG9GQsF08fZXxEJfQtAmiJ-F8.jpg
08-04 02:14:53.563 16244 19283 D OK      : calling: https://api.imgur.com/3/image/NSO7Npm
08-04 02:14:53.563 16244 19284 D OK      : calling: https://b.thumbs.redditmedia.com/1cAaKl6LkrikiRbLsBzzOvufKqRKuPi3wgjUkX8axkI.jpg
08-04 02:14:53.566 16244 19285 D OK      : calling: https://b.thumbs.redditmedia.com/NUqJWcobH7ToYhCM0w6nnAFZ46ymm9vPD25BC3s7Wco.jpg
08-04 02:14:53.569 16244 19286 D OK      : calling: https://v.redd.it/fkewv2f65kd51/DASHPlaylist.mpd
08-04 02:14:53.574 16244 19288 D OK      : calling: https://b.thumbs.redditmedia.com/tTmEfIrujbsvZXbhNSQS6Pc7o7ShCaGqZHbYf7nWdfg.jpg
08-04 02:14:53.585 16244 19289 D OK      : calling: https://b.thumbs.redditmedia.com/_H8tFMmL5-3GrxYkCtMSHiyNfjbX8pxctOw_vrzyw7o.jpg
08-04 02:14:53.590 16244 19287 D OK      : calling: https://b.thumbs.redditmedia.com/bUY4al781EZ3q7hUlnLebemHCXE3e63_SSxl2uo4Q4A.jpg
08-04 02:14:53.592 16244 19290 D OK      : calling: https://api.gfycat.com/v1/gfycats/altruisticthankfulankolewatusi
08-04 02:14:53.593 16244 19291 D OK      : calling: https://b.thumbs.redditmedia.com/JTSWFy2_tijPk6cA5noKDydEAMkMJcDmKQTSX178zwc.jpg
08-04 02:14:53.604 16244 19292 D OK      : calling: https://b.thumbs.redditmedia.com/N6fiqTp8nJD2l7sUz4nij7j1yHYMTKaflUIrn8E2bAU.jpg
08-04 02:14:53.605 16244 19293 D OK      : calling: https://b.thumbs.redditmedia.com/HkEQtny0bE4H3dMCd_woPsLAXBoPwp_DZ4ioFNIQLKk.jpg
08-04 02:14:53.605 16244 16256 I art     : Explicit concurrent mark sweep GC freed 10249(483KB) AllocSpace objects, 0(0B) LOS objects, 34% free, 30MB/46MB, paused 2.532ms total 62.307ms
08-04 02:14:53.616 16244 19294 D OK      : calling: https://b.thumbs.redditmedia.com/lVNra-iScxkYcYtSstJ-7J7pRAUDRXIwwJhsen1ZK9g.jpg
08-04 02:14:53.620 16244 19295 D OK      : calling: https://b.thumbs.redditmedia.com/lQKqDneXS8E7ZBD9cUQy4OqOt8PuTneSvVFtnU0pwCE.jpg
08-04 02:14:53.622 16244 19296 D OK      : calling: https://b.thumbs.redditmedia.com/X3yyAViE0gxiHR-kf9Z5xmLa8dKsm8iWJyKdWNVtOhU.jpg
08-04 02:14:53.624 16244 19297 D OK      : calling: https://v.redd.it/ak6rer1hskd51/DASHPlaylist.mpd
08-04 02:14:53.630 16244 19298 D OK      : calling: https://b.thumbs.redditmedia.com/Bx9FZp8_w10DfFUf_mqVPMfu4Y0h2lo41Dh4tl2eNeQ.jpg
08-04 02:14:53.633 16244 16256 I art     : Starting a blocking GC Explicit
08-04 02:14:53.637 16244 19299 D OK      : calling: https://api.gfycat.com/v1/gfycats/foolhardysparklinglarva
08-04 02:14:53.638 16244 19300 D OK      : calling: https://v.redd.it/h49fg58ygjd51/DASHPlaylist.mpd
08-04 02:14:53.641 16244 19301 D OK      : calling: https://a.thumbs.redditmedia.com/KpcC72KH04Be3BqxmFbv_Gz7LCy-24GU-70or3KCdJ4.jpg
08-04 02:14:53.649 16244 19302 D OK      : calling: https://a.thumbs.redditmedia.com/cEOtajy3CAQrjwSA3hhSqnPx8bfkRzglo7Lz1SBTmE0.jpg
08-04 02:14:53.652 16244 19303 D OK      : calling: https://b.thumbs.redditmedia.com/RrJbRRjFZWmckrONtkPTloJh52FfqD_XkLMuYuuQvAg.jpg
08-04 02:14:53.658 16244 19304 D OK      : calling: https://b.thumbs.redditmedia.com/chqK3f9u3D7UmfrGP85f4sOQFihMk6q7fFSeMyWs_7E.jpg
08-04 02:14:53.665 16244 19305 D OK      : calling: https://b.thumbs.redditmedia.com/B18Vu5Jw71XCkFOFHimnUC42ya8apHsmcCW-HFmtb6w.jpg
08-04 02:14:53.667 16244 19306 D OK      : calling: https://b.thumbs.redditmedia.com/iZuzjufMpYUYtQRLjRwce4RDb6JYsId95_iezR2Uc0w.jpg
08-04 02:14:53.671 16244 19307 D OK      : calling: https://v.redd.it/1ewzkieg0jd51/DASHPlaylist.mpd
08-04 02:14:53.673 16244 19308 D OK      : calling: https://v.redd.it/ppmhu2r9thd51/DASHPlaylist.mpd
08-04 02:14:53.682 16244 19309 D OK      : calling: https://v.redd.it/s9qqadf3mid51/DASHPlaylist.mpd
08-04 02:14:53.684 16244 19310 D OK      : calling: https://b.thumbs.redditmedia.com/XNb1kfskabGDLMqv661Q22hBtCb8w5oyePDcFaZi9aY.jpg
08-04 02:14:53.686 16244 19311 D OK      : calling: https://b.thumbs.redditmedia.com/lMqJbh1Z40ffemA0TnSfVnovznn4hvJNue60AsJ-ETs.jpg
08-04 02:14:53.695 16244 19312 D OK      : calling: https://b.thumbs.redditmedia.com/x5l4cICw0WNNvslt5FqVjwj89XrGjrXnNbaSyQRAyCo.jpg
08-04 02:14:53.697 16244 19313 D OK      : calling: https://b.thumbs.redditmedia.com/189nmwjW7eGWBD0J-cxzsUac1V1ZWGzMFC66inY4u4Y.jpg
08-04 02:14:53.699 16244 16256 I art     : Explicit concurrent mark sweep GC freed 14567(651KB) AllocSpace objects, 0(0B) LOS objects, 33% free, 31MB/47MB, paused 3.888ms total 65.405ms
08-04 02:14:53.705 16244 19314 D OK      : calling: https://b.thumbs.redditmedia.com/d_-UsfmKASoIHi4vZyyjvvwFtm1S7-DEi9AQPOnGIgY.jpg
08-04 02:14:53.716 16244 19315 D OK      : calling: https://v.redd.it/b8vazlcb7ld51/DASHPlaylist.mpd
08-04 02:14:53.718 16244 19316 D OK      : calling: https://v.redd.it/ty24o02m1hd51/DASHPlaylist.mpd
08-04 02:14:53.718 16244 16256 I art     : Starting a blocking GC Explicit
08-04 02:14:53.720 16244 19317 D OK      : calling: https://v.redd.it/ar5k8892pid51/DASHPlaylist.mpd
08-04 02:14:53.776 16244 16256 I art     : Explicit concurrent mark sweep GC freed 24237(1185KB) AllocSpace objects, 2(136KB) LOS objects, 34% free, 30MB/46MB, paused 3.304ms total 56.885ms
08-04 02:14:53.794 16244 16256 I art     : Starting a blocking GC Explicit
08-04 02:14:53.832 16244 16244 W RecyclerView: Cannot call this method in a scroll callback. Scroll callbacks mightbe run during a measure & layout pass where you cannot change theRecyclerView data. Any method call that might change the structureof the RecyclerView or the adapter contents should be postponed tothe next frame.
08-04 02:14:53.832 16244 16244 W RecyclerView: java.lang.IllegalStateException:  androidx.recyclerview.widget.RecyclerView{984d71f VFED..... .F....ID 0,0-1440,2140 #7f0900ef app:id/scrollbar_recyclerview_recyclerview}, adapter:baseline.org.quantumbadger.redreader.adapters.GroupedRecyclerViewAdapter@8153a6c, layout:androidx.recyclerview.widget.LinearLayoutManager@45ef835, context:baseline.org.quantumbadger.redreader.activities.PostListingActivity@dfb91a8
08-04 02:14:53.832 16244 16244 W RecyclerView: 	at androidx.recyclerview.widget.RecyclerView.assertNotInLayoutOrScroll(RecyclerView.java:3061)
08-04 02:14:53.832 16244 16244 W RecyclerView: 	at androidx.recyclerview.widget.RecyclerView$RecyclerViewDataObserver.onItemRangeInserted(RecyclerView.java:5555)
08-04 02:14:53.832 16244 16244 W RecyclerView: 	at androidx.recyclerview.widget.RecyclerView$AdapterDataObservable.notifyItemRangeInserted(RecyclerView.java:12278)
08-04 02:14:53.832 16244 16244 W RecyclerView: 	at androidx.recyclerview.widget.RecyclerView$Adapter.notifyItemInserted(RecyclerView.java:7464)
08-04 02:14:53.832 16244 16244 W RecyclerView: 	at baseline.org.quantumbadger.redreader.adapters.GroupedRecyclerViewAdapter.updateHiddenStatus(GroupedRecyclerViewAdapter.java:279)
08-04 02:14:53.832 16244 16244 W RecyclerView: 	at baseline.org.quantumbadger.redreader.adapters.RedditListingManager.setLoadingVisible(RedditListingManager.java:125)
08-04 02:14:53.832 16244 16244 W RecyclerView: 	at baseline.org.quantumbadger.redreader.fragments.PostListingFragment.onLoadMoreItemsCheck(PostListingFragment.java:465)
08-04 02:14:53.832 16244 16244 W RecyclerView: 	at baseline.org.quantumbadger.redreader.fragments.PostListingFragment.access$000(PostListingFragment.java:98)
08-04 02:14:53.832 16244 16244 W RecyclerView: 	at baseline.org.quantumbadger.redreader.fragments.PostListingFragment$2.onScrolled(PostListingFragment.java:215)
08-04 02:14:53.832 16244 16244 W RecyclerView: 	at androidx.recyclerview.widget.RecyclerView.dispatchOnScrolled(RecyclerView.java:5173)
08-04 02:14:53.832 16244 16244 W RecyclerView: 	at androidx.recyclerview.widget.RecyclerView.dispatchLayoutStep3(RecyclerView.java:4231)
08-04 02:14:53.832 16244 16244 W RecyclerView: 	at androidx.recyclerview.widget.RecyclerView.dispatchLayout(RecyclerView.java:3862)
08-04 02:14:53.832 16244 16244 W RecyclerView: 	at androidx.recyclerview.widget.RecyclerView.consumePendingUpdateOperations(RecyclerView.java:1897)
08-04 02:14:53.832 16244 16244 W RecyclerView: 	at androidx.recyclerview.widget.RecyclerView$1.run(RecyclerView.java:414)
08-04 02:14:53.832 16244 16244 W RecyclerView: 	at android.view.Choreographer$CallbackRecord.run(Choreographer.java:858)
08-04 02:14:53.832 16244 16244 W RecyclerView: 	at android.view.Choreographer.doCallbacks(Choreographer.java:670)
08-04 02:14:53.832 16244 16244 W RecyclerView: 	at android.view.Choreographer.doFrame(Choreographer.java:603)
08-04 02:14:53.832 16244 16244 W RecyclerView: 	at android.view.Choreographer$FrameDisplayEventReceiver.run(Choreographer.java:844)
08-04 02:14:53.832 16244 16244 W RecyclerView: 	at android.os.Handler.handleCallback(Handler.java:739)
08-04 02:14:53.832 16244 16244 W RecyclerView: 	at android.os.Handler.dispatchMessage(Handler.java:95)
08-04 02:14:53.832 16244 16244 W RecyclerView: 	at android.os.Looper.loop(Looper.java:148)
08-04 02:14:53.832 16244 16244 W RecyclerView: 	at android.app.ActivityThread.main(ActivityThread.java:5417)
08-04 02:14:53.832 16244 16244 W RecyclerView: 	at java.lang.reflect.Method.invoke(Native Method)
08-04 02:14:53.832 16244 16244 W RecyclerView: 	at com.android.internal.os.ZygoteInit$MethodAndArgsCaller.run(ZygoteInit.java:726)
08-04 02:14:53.832 16244 16244 W RecyclerView: 	at com.android.internal.os.ZygoteInit.main(ZygoteInit.java:616)
08-04 02:14:53.851 16244 16256 I art     : Explicit concurrent mark sweep GC freed 1811(158KB) AllocSpace objects, 0(0B) LOS objects, 34% free, 30MB/46MB, paused 2.767ms total 56.884ms
08-04 02:14:54.096   918  3261 D WifiStateMachine: starting scan for "H369AA63323"WPA_PSK with 2412,5180
08-04 02:14:54.193 16244 16757 I art     : Starting a blocking GC Explicit
08-04 02:14:54.209 16244 19279 I NAPPA_EXPERIMENTATION: MetricNetworkRequestExecutionTime: REQUEST_DURATION_SYSTEM='671',REQUEST_DURATION_OKHTTP='336',REQUEST_SYNCHRONOUS='TRUE',RESPONSE_CODE='200',RESPONSE_METHOD='GET',RESPONSE_LENGTH_OKHTTP='3891',RESPONSE_LENGTH_HEADER='3891',REQUEST_PROTOCOL='h2',REQUEST_URL='https://b.thumbs.redditmedia.com/CKInrczASoQbNvSBStGz11Tok0uCyQoxmZ02sOE37sQ.jpg',
08-04 02:14:54.210 16244 19279 D OK      : request got status: 200
08-04 02:14:54.261 16244 16757 I art     : Explicit concurrent mark sweep GC freed 55145(2MB) AllocSpace objects, 1(20KB) LOS objects, 34% free, 30MB/46MB, paused 3.098ms total 66.521ms
08-04 02:14:54.279 16244 16757 I art     : Starting a blocking GC Explicit
08-04 02:14:54.294 16244 19280 I NAPPA_EXPERIMENTATION: MetricNetworkRequestExecutionTime: REQUEST_DURATION_SYSTEM='742',REQUEST_DURATION_OKHTTP='355',REQUEST_SYNCHRONOUS='TRUE',RESPONSE_CODE='200',RESPONSE_METHOD='GET',RESPONSE_LENGTH_OKHTTP='4487',RESPONSE_LENGTH_HEADER='4487',REQUEST_PROTOCOL='h2',REQUEST_URL='https://a.thumbs.redditmedia.com/sKVnLbatvJCZOE2ooe6CgiEftOB3ukgPMdcydbk9CZ4.jpg',
08-04 02:14:54.294 16244 19280 D OK      : request got status: 200
08-04 02:14:54.336 16244 16757 I art     : Explicit concurrent mark sweep GC freed 12761(627KB) AllocSpace objects, 5(256KB) LOS objects, 34% free, 30MB/46MB, paused 3.170ms total 56.965ms
08-04 02:14:54.355 16244 16757 I art     : Starting a blocking GC Explicit
08-04 02:14:54.409 16244 16757 I art     : Explicit concurrent mark sweep GC freed 6900(419KB) AllocSpace objects, 5(408KB) LOS objects, 34% free, 30MB/46MB, paused 2.542ms total 53.939ms
08-04 02:14:54.428 16244 16757 I art     : Starting a blocking GC Explicit
08-04 02:14:54.446 16244 19287 I NAPPA_EXPERIMENTATION: MetricNetworkRequestExecutionTime: REQUEST_DURATION_SYSTEM='856',REQUEST_DURATION_OKHTTP='474',REQUEST_SYNCHRONOUS='TRUE',RESPONSE_CODE='200',RESPONSE_METHOD='GET',RESPONSE_LENGTH_OKHTTP='6131',RESPONSE_LENGTH_HEADER='6131',REQUEST_PROTOCOL='h2',REQUEST_URL='https://b.thumbs.redditmedia.com/bUY4al781EZ3q7hUlnLebemHCXE3e63_SSxl2uo4Q4A.jpg',
08-04 02:14:54.447 16244 19287 D OK      : request got status: 200
08-04 02:14:54.465 16244 19368 D OK      : calling: https://oauth.reddit.com/r/aww/hot/.json?after=t3_hz5odc
08-04 02:14:54.483 16244 16757 I art     : Explicit concurrent mark sweep GC freed 6534(308KB) AllocSpace objects, 1(68KB) LOS objects, 34% free, 30MB/46MB, paused 2.571ms total 55.409ms
08-04 02:14:54.503 16244 16757 I art     : Starting a blocking GC Explicit
08-04 02:14:54.508 16244 19282 I NAPPA_EXPERIMENTATION: MetricNetworkRequestExecutionTime: REQUEST_DURATION_SYSTEM='951',REQUEST_DURATION_OKHTTP='544',REQUEST_SYNCHRONOUS='TRUE',RESPONSE_CODE='200',RESPONSE_METHOD='GET',RESPONSE_LENGTH_OKHTTP='6530',RESPONSE_LENGTH_HEADER='6530',REQUEST_PROTOCOL='h2',REQUEST_URL='https://a.thumbs.redditmedia.com/dFt2-stQJkfZ8O7r7ywG9GQsF08fZXxEJfQtAmiJ-F8.jpg',
08-04 02:14:54.508 16244 19282 D OK      : request got status: 200
08-04 02:14:54.509 16244 19285 I NAPPA_EXPERIMENTATION: MetricNetworkRequestExecutionTime: REQUEST_DURATION_SYSTEM='943',REQUEST_DURATION_OKHTTP='537',REQUEST_SYNCHRONOUS='TRUE',RESPONSE_CODE='200',RESPONSE_METHOD='GET',RESPONSE_LENGTH_OKHTTP='6242',RESPONSE_LENGTH_HEADER='6242',REQUEST_PROTOCOL='h2',REQUEST_URL='https://b.thumbs.redditmedia.com/NUqJWcobH7ToYhCM0w6nnAFZ46ymm9vPD25BC3s7Wco.jpg',
08-04 02:14:54.509 16244 19285 D OK      : request got status: 200
08-04 02:14:54.557 16244 16757 I art     : Explicit concurrent mark sweep GC freed 3039(237KB) AllocSpace objects, 10(512KB) LOS objects, 34% free, 31MB/47MB, paused 2.345ms total 54.215ms
08-04 02:14:54.567 16244 19284 I NAPPA_EXPERIMENTATION: MetricNetworkRequestExecutionTime: REQUEST_DURATION_SYSTEM='1004',REQUEST_DURATION_OKHTTP='593',REQUEST_SYNCHRONOUS='TRUE',RESPONSE_CODE='200',RESPONSE_METHOD='GET',RESPONSE_LENGTH_OKHTTP='5113',RESPONSE_LENGTH_HEADER='5113',REQUEST_PROTOCOL='h2',REQUEST_URL='https://b.thumbs.redditmedia.com/1cAaKl6LkrikiRbLsBzzOvufKqRKuPi3wgjUkX8axkI.jpg',
08-04 02:14:54.567 16244 19284 D OK      : request got status: 200
08-04 02:14:54.567 16244 19301 I NAPPA_EXPERIMENTATION: MetricNetworkRequestExecutionTime: REQUEST_DURATION_SYSTEM='926',REQUEST_DURATION_OKHTTP='524',REQUEST_SYNCHRONOUS='TRUE',RESPONSE_CODE='200',RESPONSE_METHOD='GET',RESPONSE_LENGTH_OKHTTP='4798',RESPONSE_LENGTH_HEADER='4798',REQUEST_PROTOCOL='h2',REQUEST_URL='https://a.thumbs.redditmedia.com/KpcC72KH04Be3BqxmFbv_Gz7LCy-24GU-70or3KCdJ4.jpg',
08-04 02:14:54.567 16244 19301 D OK      : request got status: 200
08-04 02:14:54.568 16244 19289 I NAPPA_EXPERIMENTATION: MetricNetworkRequestExecutionTime: REQUEST_DURATION_SYSTEM='983',REQUEST_DURATION_OKHTTP='578',REQUEST_SYNCHRONOUS='TRUE',RESPONSE_CODE='200',RESPONSE_METHOD='GET',RESPONSE_LENGTH_OKHTTP='6434',RESPONSE_LENGTH_HEADER='6434',REQUEST_PROTOCOL='h2',REQUEST_URL='https://b.thumbs.redditmedia.com/_H8tFMmL5-3GrxYkCtMSHiyNfjbX8pxctOw_vrzyw7o.jpg',
08-04 02:14:54.569 16244 19289 D OK      : request got status: 200
08-04 02:14:54.614 16244 19302 I NAPPA_EXPERIMENTATION: MetricNetworkRequestExecutionTime: REQUEST_DURATION_SYSTEM='964',REQUEST_DURATION_OKHTTP='530',REQUEST_SYNCHRONOUS='TRUE',RESPONSE_CODE='200',RESPONSE_METHOD='GET',RESPONSE_LENGTH_OKHTTP='5648',RESPONSE_LENGTH_HEADER='5648',REQUEST_PROTOCOL='h2',REQUEST_URL='https://a.thumbs.redditmedia.com/cEOtajy3CAQrjwSA3hhSqnPx8bfkRzglo7Lz1SBTmE0.jpg',
08-04 02:14:54.615 16244 19302 D OK      : request got status: 200
08-04 02:14:54.625 16244 19288 I NAPPA_EXPERIMENTATION: MetricNetworkRequestExecutionTime: REQUEST_DURATION_SYSTEM='1051',REQUEST_DURATION_OKHTTP='648',REQUEST_SYNCHRONOUS='TRUE',RESPONSE_CODE='200',RESPONSE_METHOD='GET',RESPONSE_LENGTH_OKHTTP='5439',RESPONSE_LENGTH_HEADER='5439',REQUEST_PROTOCOL='h2',REQUEST_URL='https://b.thumbs.redditmedia.com/tTmEfIrujbsvZXbhNSQS6Pc7o7ShCaGqZHbYf7nWdfg.jpg',
08-04 02:14:54.625 16244 19288 D OK      : request got status: 200
08-04 02:14:54.643 16244 19283 I NAPPA_EXPERIMENTATION: MetricNetworkRequestExecutionTime: REQUEST_DURATION_SYSTEM='1079',REQUEST_DURATION_OKHTTP='636',REQUEST_SYNCHRONOUS='TRUE',RESPONSE_CODE='200',RESPONSE_METHOD='GET',RESPONSE_LENGTH_OKHTTP='-1',RESPONSE_LENGTH_HEADER='379',REQUEST_PROTOCOL='h2',REQUEST_URL='https://api.imgur.com/3/image/NSO7Npm',
08-04 02:14:54.643 16244 19283 D OK      : request got status: 200
08-04 02:14:54.653 16244 19292 I NAPPA_EXPERIMENTATION: MetricNetworkRequestExecutionTime: REQUEST_DURATION_SYSTEM='1049',REQUEST_DURATION_OKHTTP='644',REQUEST_SYNCHRONOUS='TRUE',RESPONSE_CODE='200',RESPONSE_METHOD='GET',RESPONSE_LENGTH_OKHTTP='7265',RESPONSE_LENGTH_HEADER='7265',REQUEST_PROTOCOL='h2',REQUEST_URL='https://b.thumbs.redditmedia.com/N6fiqTp8nJD2l7sUz4nij7j1yHYMTKaflUIrn8E2bAU.jpg',
08-04 02:14:54.653 16244 19292 D OK      : request got status: 200
08-04 02:14:54.659 16244 19294 I NAPPA_EXPERIMENTATION: MetricNetworkRequestExecutionTime: REQUEST_DURATION_SYSTEM='1043',REQUEST_DURATION_OKHTTP='648',REQUEST_SYNCHRONOUS='TRUE',RESPONSE_CODE='200',RESPONSE_METHOD='GET',RESPONSE_LENGTH_OKHTTP='4018',RESPONSE_LENGTH_HEADER='4018',REQUEST_PROTOCOL='h2',REQUEST_URL='https://b.thumbs.redditmedia.com/lVNra-iScxkYcYtSstJ-7J7pRAUDRXIwwJhsen1ZK9g.jpg',
08-04 02:14:54.659 16244 19294 D OK      : request got status: 200
08-04 02:14:54.697 16244 19293 I NAPPA_EXPERIMENTATION: MetricNetworkRequestExecutionTime: REQUEST_DURATION_SYSTEM='1092',REQUEST_DURATION_OKHTTP='686',REQUEST_SYNCHRONOUS='TRUE',RESPONSE_CODE='200',RESPONSE_METHOD='GET',RESPONSE_LENGTH_OKHTTP='8699',RESPONSE_LENGTH_HEADER='8699',REQUEST_PROTOCOL='h2',REQUEST_URL='https://b.thumbs.redditmedia.com/HkEQtny0bE4H3dMCd_woPsLAXBoPwp_DZ4ioFNIQLKk.jpg',
08-04 02:14:54.698 16244 19293 D OK      : request got status: 200
08-04 02:14:54.698 16244 19286 I NAPPA_EXPERIMENTATION: MetricNetworkRequestExecutionTime: REQUEST_DURATION_SYSTEM='1129',REQUEST_DURATION_OKHTTP='631',REQUEST_SYNCHRONOUS='TRUE',RESPONSE_CODE='200',RESPONSE_METHOD='GET',RESPONSE_LENGTH_OKHTTP='2700',RESPONSE_LENGTH_HEADER='2700',REQUEST_PROTOCOL='h2',REQUEST_URL='https://v.redd.it/fkewv2f65kd51/DASHPlaylist.mpd',
08-04 02:14:54.698 16244 19286 D OK      : request got status: 200
08-04 02:14:54.784 16244 19286 I RedditVideosAPI: For 'https://v.redd.it/fkewv2f65kd51/DASHPlaylist.mpd', got video stream 'https://v.redd.it/fkewv2f65kd51/DASH_480' and audio stream 'https://v.redd.it/fkewv2f65kd51/audio'
08-04 02:14:54.810 16244 19297 I NAPPA_EXPERIMENTATION: MetricNetworkRequestExecutionTime: REQUEST_DURATION_SYSTEM='1186',REQUEST_DURATION_OKHTTP='653',REQUEST_SYNCHRONOUS='TRUE',RESPONSE_CODE='200',RESPONSE_METHOD='GET',RESPONSE_LENGTH_OKHTTP='1713',RESPONSE_LENGTH_HEADER='1713',REQUEST_PROTOCOL='h2',REQUEST_URL='https://v.redd.it/ak6rer1hskd51/DASHPlaylist.mpd',
08-04 02:14:54.811 16244 19297 D OK      : request got status: 200
08-04 02:14:54.817 16244 19296 I NAPPA_EXPERIMENTATION: MetricNetworkRequestExecutionTime: REQUEST_DURATION_SYSTEM='1195',REQUEST_DURATION_OKHTTP='800',REQUEST_SYNCHRONOUS='TRUE',RESPONSE_CODE='200',RESPONSE_METHOD='GET',RESPONSE_LENGTH_OKHTTP='7078',RESPONSE_LENGTH_HEADER='7078',REQUEST_PROTOCOL='h2',REQUEST_URL='https://b.thumbs.redditmedia.com/X3yyAViE0gxiHR-kf9Z5xmLa8dKsm8iWJyKdWNVtOhU.jpg',
08-04 02:14:54.817 16244 19296 D OK      : request got status: 200
08-04 02:14:54.841 16244 19297 I RedditVideosAPI: For 'https://v.redd.it/ak6rer1hskd51/DASHPlaylist.mpd', got video stream 'https://v.redd.it/ak6rer1hskd51/DASH_360' and audio stream 'null'
08-04 02:14:54.864 16244 19291 I NAPPA_EXPERIMENTATION: MetricNetworkRequestExecutionTime: REQUEST_DURATION_SYSTEM='1270',REQUEST_DURATION_OKHTTP='844',REQUEST_SYNCHRONOUS='TRUE',RESPONSE_CODE='200',RESPONSE_METHOD='GET',RESPONSE_LENGTH_OKHTTP='6634',RESPONSE_LENGTH_HEADER='6634',REQUEST_PROTOCOL='h2',REQUEST_URL='https://b.thumbs.redditmedia.com/JTSWFy2_tijPk6cA5noKDydEAMkMJcDmKQTSX178zwc.jpg',
08-04 02:14:54.864 16244 19291 D OK      : request got status: 200
08-04 02:14:54.883 16244 19300 I NAPPA_EXPERIMENTATION: MetricNetworkRequestExecutionTime: REQUEST_DURATION_SYSTEM='1245',REQUEST_DURATION_OKHTTP='624',REQUEST_SYNCHRONOUS='TRUE',RESPONSE_CODE='200',RESPONSE_METHOD='GET',RESPONSE_LENGTH_OKHTTP='2429',RESPONSE_LENGTH_HEADER='2429',REQUEST_PROTOCOL='h2',REQUEST_URL='https://v.redd.it/h49fg58ygjd51/DASHPlaylist.mpd',
08-04 02:14:54.883 16244 19300 D OK      : request got status: 200
08-04 02:14:54.893 16244 19307 I NAPPA_EXPERIMENTATION: MetricNetworkRequestExecutionTime: REQUEST_DURATION_SYSTEM='1221',REQUEST_DURATION_OKHTTP='650',REQUEST_SYNCHRONOUS='TRUE',RESPONSE_CODE='200',RESPONSE_METHOD='GET',RESPONSE_LENGTH_OKHTTP='3058',RESPONSE_LENGTH_HEADER='3058',REQUEST_PROTOCOL='h2',REQUEST_URL='https://v.redd.it/1ewzkieg0jd51/DASHPlaylist.mpd',
08-04 02:14:54.893 16244 19307 D OK      : request got status: 200
08-04 02:14:54.896 16244 16255 I art     : Starting a blocking GC Explicit
08-04 02:14:54.897 16244 19308 I NAPPA_EXPERIMENTATION: MetricNetworkRequestExecutionTime: REQUEST_DURATION_SYSTEM='1224',REQUEST_DURATION_OKHTTP='615',REQUEST_SYNCHRONOUS='TRUE',RESPONSE_CODE='200',RESPONSE_METHOD='GET',RESPONSE_LENGTH_OKHTTP='2787',RESPONSE_LENGTH_HEADER='2787',REQUEST_PROTOCOL='h2',REQUEST_URL='https://v.redd.it/ppmhu2r9thd51/DASHPlaylist.mpd',
08-04 02:14:54.897 16244 19308 D OK      : request got status: 200
08-04 02:14:54.912 16244 19298 I NAPPA_EXPERIMENTATION: MetricNetworkRequestExecutionTime: REQUEST_DURATION_SYSTEM='1280',REQUEST_DURATION_OKHTTP='854',REQUEST_SYNCHRONOUS='TRUE',RESPONSE_CODE='200',RESPONSE_METHOD='GET',RESPONSE_LENGTH_OKHTTP='5207',RESPONSE_LENGTH_HEADER='5207',REQUEST_PROTOCOL='h2',REQUEST_URL='https://b.thumbs.redditmedia.com/Bx9FZp8_w10DfFUf_mqVPMfu4Y0h2lo41Dh4tl2eNeQ.jpg',
08-04 02:14:54.912 16244 19298 D OK      : request got status: 200
08-04 02:14:54.915 16244 19295 I NAPPA_EXPERIMENTATION: MetricNetworkRequestExecutionTime: REQUEST_DURATION_SYSTEM='1295',REQUEST_DURATION_OKHTTP='816',REQUEST_SYNCHRONOUS='TRUE',RESPONSE_CODE='200',RESPONSE_METHOD='GET',RESPONSE_LENGTH_OKHTTP='6093',RESPONSE_LENGTH_HEADER='6093',REQUEST_PROTOCOL='h2',REQUEST_URL='https://b.thumbs.redditmedia.com/lQKqDneXS8E7ZBD9cUQy4OqOt8PuTneSvVFtnU0pwCE.jpg',
08-04 02:14:54.915 16244 19295 D OK      : request got status: 200
08-04 02:14:54.919 16244 19309 I NAPPA_EXPERIMENTATION: MetricNetworkRequestExecutionTime: REQUEST_DURATION_SYSTEM='1237',REQUEST_DURATION_OKHTTP='576',REQUEST_SYNCHRONOUS='TRUE',RESPONSE_CODE='200',RESPONSE_METHOD='GET',RESPONSE_LENGTH_OKHTTP='2698',RESPONSE_LENGTH_HEADER='2698',REQUEST_PROTOCOL='h2',REQUEST_URL='https://v.redd.it/s9qqadf3mid51/DASHPlaylist.mpd',
08-04 02:14:54.920 16244 19309 D OK      : request got status: 200
08-04 02:14:54.929 16244 19304 I NAPPA_EXPERIMENTATION: MetricNetworkRequestExecutionTime: REQUEST_DURATION_SYSTEM='1271',REQUEST_DURATION_OKHTTP='667',REQUEST_SYNCHRONOUS='TRUE',RESPONSE_CODE='200',RESPONSE_METHOD='GET',RESPONSE_LENGTH_OKHTTP='6163',RESPONSE_LENGTH_HEADER='6163',REQUEST_PROTOCOL='h2',REQUEST_URL='https://b.thumbs.redditmedia.com/chqK3f9u3D7UmfrGP85f4sOQFihMk6q7fFSeMyWs_7E.jpg',
08-04 02:14:54.930 16244 19304 D OK      : request got status: 200
08-04 02:14:54.931 16244 19303 I NAPPA_EXPERIMENTATION: MetricNetworkRequestExecutionTime: REQUEST_DURATION_SYSTEM='1279',REQUEST_DURATION_OKHTTP='764',REQUEST_SYNCHRONOUS='TRUE',RESPONSE_CODE='200',RESPONSE_METHOD='GET',RESPONSE_LENGTH_OKHTTP='5229',RESPONSE_LENGTH_HEADER='5229',REQUEST_PROTOCOL='h2',REQUEST_URL='https://b.thumbs.redditmedia.com/RrJbRRjFZWmckrONtkPTloJh52FfqD_XkLMuYuuQvAg.jpg',
08-04 02:14:54.932 16244 19303 D OK      : request got status: 200
08-04 02:14:54.937 16244 19305 I NAPPA_EXPERIMENTATION: MetricNetworkRequestExecutionTime: REQUEST_DURATION_SYSTEM='1272',REQUEST_DURATION_OKHTTP='781',REQUEST_SYNCHRONOUS='TRUE',RESPONSE_CODE='200',RESPONSE_METHOD='GET',RESPONSE_LENGTH_OKHTTP='8835',RESPONSE_LENGTH_HEADER='8835',REQUEST_PROTOCOL='h2',REQUEST_URL='https://b.thumbs.redditmedia.com/B18Vu5Jw71XCkFOFHimnUC42ya8apHsmcCW-HFmtb6w.jpg',
08-04 02:14:54.937 16244 19305 D OK      : request got status: 200
08-04 02:14:54.938 16244 19281 I NAPPA_EXPERIMENTATION: MetricNetworkRequestExecutionTime: REQUEST_DURATION_SYSTEM='1383',REQUEST_DURATION_OKHTTP='683',REQUEST_SYNCHRONOUS='TRUE',RESPONSE_CODE='200',RESPONSE_METHOD='GET',RESPONSE_LENGTH_OKHTTP='-1',RESPONSE_LENGTH_HEADER='812',REQUEST_PROTOCOL='http/1.1',REQUEST_URL='https://api.gfycat.com/v1/gfycats/deadlygravecavy',
08-04 02:14:54.939 16244 19281 D OK      : request got status: 200
08-04 02:14:54.948 16244 19290 I NAPPA_EXPERIMENTATION: MetricNetworkRequestExecutionTime: REQUEST_DURATION_SYSTEM='1355',REQUEST_DURATION_OKHTTP='586',REQUEST_SYNCHRONOUS='TRUE',RESPONSE_CODE='200',RESPONSE_METHOD='GET',RESPONSE_LENGTH_OKHTTP='-1',RESPONSE_LENGTH_HEADER='955',REQUEST_PROTOCOL='http/1.1',REQUEST_URL='https://api.gfycat.com/v1/gfycats/altruisticthankfulankolewatusi',
08-04 02:14:54.948 16244 19290 D OK      : request got status: 200
08-04 02:14:54.952 16244 19315 I NAPPA_EXPERIMENTATION: MetricNetworkRequestExecutionTime: REQUEST_DURATION_SYSTEM='1236',REQUEST_DURATION_OKHTTP='511',REQUEST_SYNCHRONOUS='TRUE',RESPONSE_CODE='200',RESPONSE_METHOD='GET',RESPONSE_LENGTH_OKHTTP='3060',RESPONSE_LENGTH_HEADER='3060',REQUEST_PROTOCOL='h2',REQUEST_URL='https://v.redd.it/b8vazlcb7ld51/DASHPlaylist.mpd',
08-04 02:14:54.952 16244 19315 D OK      : request got status: 200
08-04 02:14:54.955 16244 19306 I NAPPA_EXPERIMENTATION: MetricNetworkRequestExecutionTime: REQUEST_DURATION_SYSTEM='1288',REQUEST_DURATION_OKHTTP='712',REQUEST_SYNCHRONOUS='TRUE',RESPONSE_CODE='200',RESPONSE_METHOD='GET',RESPONSE_LENGTH_OKHTTP='2861',RESPONSE_LENGTH_HEADER='2861',REQUEST_PROTOCOL='h2',REQUEST_URL='https://b.thumbs.redditmedia.com/iZuzjufMpYUYtQRLjRwce4RDb6JYsId95_iezR2Uc0w.jpg',
08-04 02:14:54.955 16244 19299 I NAPPA_EXPERIMENTATION: MetricNetworkRequestExecutionTime: REQUEST_DURATION_SYSTEM='1318',REQUEST_DURATION_OKHTTP='533',REQUEST_SYNCHRONOUS='TRUE',RESPONSE_CODE='200',RESPONSE_METHOD='GET',RESPONSE_LENGTH_OKHTTP='-1',RESPONSE_LENGTH_HEADER='1021',REQUEST_PROTOCOL='http/1.1',REQUEST_URL='https://api.gfycat.com/v1/gfycats/foolhardysparklinglarva',
08-04 02:14:54.955 16244 19306 D OK      : request got status: 200
08-04 02:14:54.955 16244 19299 D OK      : request got status: 200
08-04 02:14:54.955 16244 19312 I NAPPA_EXPERIMENTATION: MetricNetworkRequestExecutionTime: REQUEST_DURATION_SYSTEM='1260',REQUEST_DURATION_OKHTTP='641',REQUEST_SYNCHRONOUS='TRUE',RESPONSE_CODE='200',RESPONSE_METHOD='GET',RESPONSE_LENGTH_OKHTTP='6843',RESPONSE_LENGTH_HEADER='6843',REQUEST_PROTOCOL='h2',REQUEST_URL='https://b.thumbs.redditmedia.com/x5l4cICw0WNNvslt5FqVjwj89XrGjrXnNbaSyQRAyCo.jpg',
08-04 02:14:54.956 16244 19312 D OK      : request got status: 200
08-04 02:14:54.956 16244 16255 I art     : Explicit concurrent mark sweep GC freed 9580(1055KB) AllocSpace objects, 72(4MB) LOS objects, 31% free, 34MB/50MB, paused 2.610ms total 59.862ms
08-04 02:14:54.957 16244 19300 I RedditVideosAPI: For 'https://v.redd.it/h49fg58ygjd51/DASHPlaylist.mpd', got video stream 'https://v.redd.it/h49fg58ygjd51/DASH_480' and audio stream 'null'
08-04 02:14:54.959 16244 19316 I NAPPA_EXPERIMENTATION: MetricNetworkRequestExecutionTime: REQUEST_DURATION_SYSTEM='1240',REQUEST_DURATION_OKHTTP='511',REQUEST_SYNCHRONOUS='TRUE',RESPONSE_CODE='200',RESPONSE_METHOD='GET',RESPONSE_LENGTH_OKHTTP='2071',RESPONSE_LENGTH_HEADER='2071',REQUEST_PROTOCOL='h2',REQUEST_URL='https://v.redd.it/ty24o02m1hd51/DASHPlaylist.mpd',
08-04 02:14:54.959 16244 19316 D OK      : request got status: 200
08-04 02:14:54.967 16244 19307 I RedditVideosAPI: For 'https://v.redd.it/1ewzkieg0jd51/DASHPlaylist.mpd', got video stream 'https://v.redd.it/1ewzkieg0jd51/DASH_480' and audio stream 'https://v.redd.it/1ewzkieg0jd51/audio'
08-04 02:14:54.974 16244 19310 I NAPPA_EXPERIMENTATION: MetricNetworkRequestExecutionTime: REQUEST_DURATION_SYSTEM='1289',REQUEST_DURATION_OKHTTP='637',REQUEST_SYNCHRONOUS='TRUE',RESPONSE_CODE='200',RESPONSE_METHOD='GET',RESPONSE_LENGTH_OKHTTP='4067',RESPONSE_LENGTH_HEADER='4067',REQUEST_PROTOCOL='h2',REQUEST_URL='https://b.thumbs.redditmedia.com/XNb1kfskabGDLMqv661Q22hBtCb8w5oyePDcFaZi9aY.jpg',
08-04 02:14:54.974 16244 19310 D OK      : request got status: 200
08-04 02:14:54.976 16244 16255 I art     : Starting a blocking GC Explicit
08-04 02:14:54.976 16244 19368 I NAPPA_EXPERIMENTATION: MetricNetworkRequestExecutionTime: REQUEST_DURATION_SYSTEM='511',REQUEST_DURATION_OKHTTP='506',REQUEST_SYNCHRONOUS='TRUE',RESPONSE_CODE='200',RESPONSE_METHOD='GET',RESPONSE_LENGTH_OKHTTP='-1',RESPONSE_LENGTH_HEADER='30610',REQUEST_PROTOCOL='h2',REQUEST_URL='https://oauth.reddit.com/r/aww/hot/.json?after=t3_hz5odc',
08-04 02:14:54.977 16244 19368 D OK      : request got status: 200
08-04 02:14:54.984 16244 19380 I PostListingFragment: Precaching images: OFF
08-04 02:14:54.985 16244 19380 I PostListingFragment: Precaching comments: OFF
08-04 02:14:54.987 16244 19317 I NAPPA_EXPERIMENTATION: MetricNetworkRequestExecutionTime: REQUEST_DURATION_SYSTEM='1266',REQUEST_DURATION_OKHTTP='473',REQUEST_SYNCHRONOUS='TRUE',RESPONSE_CODE='200',RESPONSE_METHOD='GET',RESPONSE_LENGTH_OKHTTP='2342',RESPONSE_LENGTH_HEADER='2342',REQUEST_PROTOCOL='h2',REQUEST_URL='https://v.redd.it/ar5k8892pid51/DASHPlaylist.mpd',
08-04 02:14:54.987 16244 19317 D OK      : request got status: 200
08-04 02:14:55.003 16244 19314 I NAPPA_EXPERIMENTATION: MetricNetworkRequestExecutionTime: REQUEST_DURATION_SYSTEM='1298',REQUEST_DURATION_OKHTTP='671',REQUEST_SYNCHRONOUS='TRUE',RESPONSE_CODE='200',RESPONSE_METHOD='GET',RESPONSE_LENGTH_OKHTTP='6221',RESPONSE_LENGTH_HEADER='6221',REQUEST_PROTOCOL='h2',REQUEST_URL='https://b.thumbs.redditmedia.com/d_-UsfmKASoIHi4vZyyjvvwFtm1S7-DEi9AQPOnGIgY.jpg',
08-04 02:14:55.003 16244 19314 D OK      : request got status: 200
08-04 02:14:55.014 16244 19313 I NAPPA_EXPERIMENTATION: MetricNetworkRequestExecutionTime: REQUEST_DURATION_SYSTEM='1317',REQUEST_DURATION_OKHTTP='614',REQUEST_SYNCHRONOUS='TRUE',RESPONSE_CODE='200',RESPONSE_METHOD='GET',RESPONSE_LENGTH_OKHTTP='6778',RESPONSE_LENGTH_HEADER='6778',REQUEST_PROTOCOL='h2',REQUEST_URL='https://b.thumbs.redditmedia.com/189nmwjW7eGWBD0J-cxzsUac1V1ZWGzMFC66inY4u4Y.jpg',
08-04 02:14:55.014 16244 19313 D OK      : request got status: 200
08-04 02:14:55.021 16244 19311 I NAPPA_EXPERIMENTATION: MetricNetworkRequestExecutionTime: REQUEST_DURATION_SYSTEM='1335',REQUEST_DURATION_OKHTTP='648',REQUEST_SYNCHRONOUS='TRUE',RESPONSE_CODE='200',RESPONSE_METHOD='GET',RESPONSE_LENGTH_OKHTTP='4249',RESPONSE_LENGTH_HEADER='4249',REQUEST_PROTOCOL='h2',REQUEST_URL='https://b.thumbs.redditmedia.com/lMqJbh1Z40ffemA0TnSfVnovznn4hvJNue60AsJ-ETs.jpg',
08-04 02:14:55.021 16244 19311 D OK      : request got status: 200
08-04 02:14:55.023 16244 19308 I RedditVideosAPI: For 'https://v.redd.it/ppmhu2r9thd51/DASHPlaylist.mpd', got video stream 'https://v.redd.it/ppmhu2r9thd51/DASH_480' and audio stream 'null'
08-04 02:14:55.030 16244 16255 I art     : Explicit concurrent mark sweep GC freed 9408(690KB) AllocSpace objects, 19(1292KB) LOS objects, 31% free, 35MB/51MB, paused 1.748ms total 53.708ms
08-04 02:14:55.049 16244 16255 I art     : Starting a blocking GC Explicit
08-04 02:14:55.063 16244 19380 I getImgurImageInfo: Image nLQR2hT: trying API v3 with auth
08-04 02:14:55.106 16244 16255 I art     : Explicit concurrent mark sweep GC freed 11572(548KB) AllocSpace objects, 4(224KB) LOS objects, 30% free, 35MB/51MB, paused 1.339ms total 56.785ms
08-04 02:14:55.109 16244 19382 D OK      : calling: https://b.thumbs.redditmedia.com/WehZGjN94ALGdO0M7RjPJ2EwcyyWVZ_NUn1Fuf7IYWY.jpg
08-04 02:14:55.125 16244 16255 I art     : Starting a blocking GC Explicit
08-04 02:14:55.149 16244 19309 I RedditVideosAPI: For 'https://v.redd.it/s9qqadf3mid51/DASHPlaylist.mpd', got video stream 'https://v.redd.it/s9qqadf3mid51/DASH_480' and audio stream 'https://v.redd.it/s9qqadf3mid51/audio'
08-04 02:14:55.180 16244 16255 I art     : Explicit concurrent mark sweep GC freed 3129(214KB) AllocSpace objects, 5(304KB) LOS objects, 31% free, 35MB/51MB, paused 972us total 54.704ms
08-04 02:14:55.200 16244 16255 I art     : Starting a blocking GC Explicit
08-04 02:14:55.208 16244 19315 I RedditVideosAPI: For 'https://v.redd.it/b8vazlcb7ld51/DASHPlaylist.mpd', got video stream 'https://v.redd.it/b8vazlcb7ld51/DASH_480' and audio stream 'https://v.redd.it/b8vazlcb7ld51/audio'
08-04 02:14:55.216 16244 19316 I RedditVideosAPI: For 'https://v.redd.it/ty24o02m1hd51/DASHPlaylist.mpd', got video stream 'https://v.redd.it/ty24o02m1hd51/DASH_480' and audio stream 'null'
08-04 02:14:55.253 16244 16255 I art     : Explicit concurrent mark sweep GC freed 3511(362KB) AllocSpace objects, 20(1100KB) LOS objects, 30% free, 36MB/52MB, paused 880us total 53.400ms
08-04 02:14:55.257 16244 19385 D OK      : calling: https://b.thumbs.redditmedia.com/Xdo4lcQOwuUNK1yxSlXZ0OI8u23ORAr16_AzfAZ1nvU.jpg
08-04 02:14:55.278 16244 19317 I RedditVideosAPI: For 'https://v.redd.it/ar5k8892pid51/DASHPlaylist.mpd', got video stream 'https://v.redd.it/ar5k8892pid51/DASH_360' and audio stream 'https://v.redd.it/ar5k8892pid51/audio'
08-04 02:14:55.316 16244 19386 D OK      : calling: https://b.thumbs.redditmedia.com/2KMYZ5hTlKXSvNO4hDUPyMba8Yz6skyu1SjUhLq1d9s.jpg
08-04 02:14:55.318 16244 19387 D OK      : calling: https://a.thumbs.redditmedia.com/EFVm-ZqqhARyEaKgtwU74c7tfzEDJvI0uiHXGglFag4.jpg
08-04 02:14:55.320 16244 19388 D OK      : calling: https://b.thumbs.redditmedia.com/qi4bNDKzoPvaSaSx99K2bAjwaRHh1nuOrcbySp1JHdk.jpg
08-04 02:14:55.323 16244 19389 D OK      : calling: https://b.thumbs.redditmedia.com/Ja8yiRMklM2lXd8q60LtBI6CqdmJ5YbWHRiBVFmICJA.jpg
08-04 02:14:55.325 16244 19390 D OK      : calling: https://b.thumbs.redditmedia.com/o5lSsJ_tCgCQxcdjMGaYxuveNluXB1PQT4PokXDhpvc.jpg
08-04 02:14:55.327 16244 19391 D OK      : calling: https://b.thumbs.redditmedia.com/SiCWTmKkQcbiAa7naxAHnw0adTeRkq1dB8QSqzGU7-Q.jpg
08-04 02:14:55.330 16244 19392 D OK      : calling: https://b.thumbs.redditmedia.com/C9qrVibnNxmzfLDKvEHp2v2Bo-Kqme7PoKC52s2o52M.jpg
08-04 02:14:55.332 16244 19393 D OK      : calling: https://a.thumbs.redditmedia.com/Tfsm0ol-ltlxNSBAkZ_4G4302d0hYeOSODkvXidBBR8.jpg
08-04 02:14:55.334 16244 19394 D OK      : calling: https://a.thumbs.redditmedia.com/Kzag-wH9wKRRg2MnPwgoFgXT_2jN_nkJ1lY1aNRQyT4.jpg
08-04 02:14:55.336 16244 19395 D OK      : calling: https://a.thumbs.redditmedia.com/P4gSGpXpi2wDXthNZ-LiwEs5Jvplm6dQ7W7Isqa7un4.jpg
08-04 02:14:55.339 16244 19396 D OK      : calling: https://b.thumbs.redditmedia.com/XkIhgqugP-9Zcb5I9A8o0r-zQJDh_6kastc0oWiiHkI.jpg
08-04 02:14:55.342 16244 19397 D OK      : calling: https://b.thumbs.redditmedia.com/3QPAtixkID9ojpqCAgfspJpruqoq45fM1G-Fx1K2F2A.jpg
08-04 02:14:55.344 16244 19398 D OK      : calling: https://b.thumbs.redditmedia.com/orK4W8Xc99pTzIT6q1waTsppldq24p1qMsHtkNnmu9w.jpg
08-04 02:14:55.347 16244 19400 D OK      : calling: https://b.thumbs.redditmedia.com/B1vXKY_-gTPbs625-RJ1MLIXxzCqfmnCB_0xnGjCECQ.jpg
08-04 02:14:55.349 16244 19401 D OK      : calling: https://a.thumbs.redditmedia.com/ffAKmOqnTuDMNR9MRfCdRtkq_CzN3MVhZxS64ZPYRh4.jpg
08-04 02:14:55.351 16244 19402 D OK      : calling: https://b.thumbs.redditmedia.com/OF1KI_LdSDMMWCy-WgJyRhIcM5fr7kDyu_OnpfRXHfI.jpg
08-04 02:14:55.353 16244 19403 D OK      : calling: https://b.thumbs.redditmedia.com/vuAhA4gGAmYfrTFA4woxZcKgmiDzJ3nAsql2pxcYGFs.jpg
08-04 02:14:55.356 16244 19404 D OK      : calling: https://b.thumbs.redditmedia.com/PtV7mFsO2n0j4YJweZjEqyVJ45hap4hXix9dwj6D0Wg.jpg
08-04 02:14:55.359 16244 19405 D OK      : calling: https://b.thumbs.redditmedia.com/wxTBcOhAgsmbc-TRaGNHpYJYnEOBr2LNsaZ6pCM91Lc.jpg
08-04 02:14:55.361 16244 19406 D OK      : calling: https://b.thumbs.redditmedia.com/Wo7bFIVNZYYuNioRYwZFYxrl6QMk0lT-3W01wrXgHmE.jpg
08-04 02:14:55.363 16244 19407 D OK      : calling: https://b.thumbs.redditmedia.com/NoqMycYTzsyhI0Lq351riEI1mO9p8PvY1QwcZ9Irb9g.jpg
08-04 02:14:55.366 16244 19408 D OK      : calling: https://b.thumbs.redditmedia.com/KrRufqpifph7KM2Le5RdqEYQb24zbB4fizBJpFaH1Pc.jpg
08-04 02:14:55.368 16244 19409 D OK      : calling: https://b.thumbs.redditmedia.com/u2qz17QE3X5G7kkJrgK3HPCdxNQxNkhaWqfIhCuRMvE.jpg
08-04 02:14:55.370 16244 19410 D OK      : calling: https://v.redd.it/syww111dtjd51/DASHPlaylist.mpd
08-04 02:14:55.372 16244 19411 D OK      : calling: https://v.redd.it/pbqrrfb3tkd51/DASHPlaylist.mpd
08-04 02:14:55.375 16244 19412 D OK      : calling: https://v.redd.it/rrygsb8i4ld51/DASHPlaylist.mpd
08-04 02:14:55.377 16244 19413 D OK      : calling: https://v.redd.it/5x6zzipz8ld51/DASHPlaylist.mpd
08-04 02:14:55.379 16244 19414 D OK      : calling: https://v.redd.it/75en73fm5id51/DASHPlaylist.mpd
08-04 02:14:55.382 16244 19415 D OK      : calling: https://api.imgur.com/3/image/nLQR2hT
08-04 02:14:55.384 16244 19416 D OK      : calling: https://v.redd.it/ggz4fyth6hd51/DASHPlaylist.mpd
08-04 02:14:55.387 16244 19419 D OK      : calling: https://v.redd.it/psrknoobrgd51/DASHPlaylist.mpd
08-04 02:14:55.389 16244 19420 D OK      : calling: https://v.redd.it/jk6cwef4wld51/DASHPlaylist.mpd
08-04 02:14:55.390 16244 19382 I NAPPA_EXPERIMENTATION: MetricNetworkRequestExecutionTime: REQUEST_DURATION_SYSTEM='281',REQUEST_DURATION_OKHTTP='185',REQUEST_SYNCHRONOUS='TRUE',RESPONSE_CODE='200',RESPONSE_METHOD='GET',RESPONSE_LENGTH_OKHTTP='5435',RESPONSE_LENGTH_HEADER='5435',REQUEST_PROTOCOL='h2',REQUEST_URL='https://b.thumbs.redditmedia.com/WehZGjN94ALGdO0M7RjPJ2EwcyyWVZ_NUn1Fuf7IYWY.jpg',
08-04 02:14:55.390 16244 19382 D OK      : request got status: 200
08-04 02:14:55.392 16244 19421 D OK      : calling: https://v.redd.it/t81s8zfz9ld51/DASHPlaylist.mpd
08-04 02:14:55.395 16244 19422 D OK      : calling: https://v.redd.it/xd6c4yyutgd51/DASHPlaylist.mpd
08-04 02:14:55.397 16244 19423 D OK      : calling: https://v.redd.it/ue0jdgk9zhd51/DASHPlaylist.mpd
08-04 02:14:55.449 16244 19385 I NAPPA_EXPERIMENTATION: MetricNetworkRequestExecutionTime: REQUEST_DURATION_SYSTEM='192',REQUEST_DURATION_OKHTTP='191',REQUEST_SYNCHRONOUS='TRUE',RESPONSE_CODE='200',RESPONSE_METHOD='GET',RESPONSE_LENGTH_OKHTTP='5191',RESPONSE_LENGTH_HEADER='5191',REQUEST_PROTOCOL='h2',REQUEST_URL='https://b.thumbs.redditmedia.com/Xdo4lcQOwuUNK1yxSlXZ0OI8u23ORAr16_AzfAZ1nvU.jpg',
08-04 02:14:55.450 16244 19385 D OK      : request got status: 200
08-04 02:14:55.559 16244 19386 I NAPPA_EXPERIMENTATION: MetricNetworkRequestExecutionTime: REQUEST_DURATION_SYSTEM='243',REQUEST_DURATION_OKHTTP='242',REQUEST_SYNCHRONOUS='TRUE',RESPONSE_CODE='200',RESPONSE_METHOD='GET',RESPONSE_LENGTH_OKHTTP='5098',RESPONSE_LENGTH_HEADER='5098',REQUEST_PROTOCOL='h2',REQUEST_URL='https://b.thumbs.redditmedia.com/2KMYZ5hTlKXSvNO4hDUPyMba8Yz6skyu1SjUhLq1d9s.jpg',
08-04 02:14:55.560 16244 19386 D OK      : request got status: 200
08-04 02:14:55.599 16244 16256 I art     : Starting a blocking GC Explicit
08-04 02:14:55.625 16244 19389 I NAPPA_EXPERIMENTATION: MetricNetworkRequestExecutionTime: REQUEST_DURATION_SYSTEM='301',REQUEST_DURATION_OKHTTP='301',REQUEST_SYNCHRONOUS='TRUE',RESPONSE_CODE='200',RESPONSE_METHOD='GET',RESPONSE_LENGTH_OKHTTP='5414',RESPONSE_LENGTH_HEADER='5414',REQUEST_PROTOCOL='h2',REQUEST_URL='https://b.thumbs.redditmedia.com/Ja8yiRMklM2lXd8q60LtBI6CqdmJ5YbWHRiBVFmICJA.jpg',
08-04 02:14:55.625 16244 19389 D OK      : request got status: 200
08-04 02:14:55.655 16244 19390 I NAPPA_EXPERIMENTATION: MetricNetworkRequestExecutionTime: REQUEST_DURATION_SYSTEM='330',REQUEST_DURATION_OKHTTP='329',REQUEST_SYNCHRONOUS='TRUE',RESPONSE_CODE='200',RESPONSE_METHOD='GET',RESPONSE_LENGTH_OKHTTP='4921',RESPONSE_LENGTH_HEADER='4921',REQUEST_PROTOCOL='h2',REQUEST_URL='https://b.thumbs.redditmedia.com/o5lSsJ_tCgCQxcdjMGaYxuveNluXB1PQT4PokXDhpvc.jpg',
08-04 02:14:55.657 16244 19390 D OK      : request got status: 200
08-04 02:14:55.664 16244 19391 I NAPPA_EXPERIMENTATION: MetricNetworkRequestExecutionTime: REQUEST_DURATION_SYSTEM='337',REQUEST_DURATION_OKHTTP='336',REQUEST_SYNCHRONOUS='TRUE',RESPONSE_CODE='200',RESPONSE_METHOD='GET',RESPONSE_LENGTH_OKHTTP='5968',RESPONSE_LENGTH_HEADER='5968',REQUEST_PROTOCOL='h2',REQUEST_URL='https://b.thumbs.redditmedia.com/SiCWTmKkQcbiAa7naxAHnw0adTeRkq1dB8QSqzGU7-Q.jpg',
08-04 02:14:55.664 16244 19391 D OK      : request got status: 200
08-04 02:14:55.668 16244 16256 I art     : Explicit concurrent mark sweep GC freed 30955(1918KB) AllocSpace objects, 51(3MB) LOS objects, 30% free, 36MB/52MB, paused 2.488ms total 68.814ms
08-04 02:14:55.673 16244 19388 I NAPPA_EXPERIMENTATION: MetricNetworkRequestExecutionTime: REQUEST_DURATION_SYSTEM='353',REQUEST_DURATION_OKHTTP='351',REQUEST_SYNCHRONOUS='TRUE',RESPONSE_CODE='200',RESPONSE_METHOD='GET',RESPONSE_LENGTH_OKHTTP='4475',RESPONSE_LENGTH_HEADER='4475',REQUEST_PROTOCOL='h2',REQUEST_URL='https://b.thumbs.redditmedia.com/qi4bNDKzoPvaSaSx99K2bAjwaRHh1nuOrcbySp1JHdk.jpg',
08-04 02:14:55.673 16244 19388 D OK      : request got status: 200
08-04 02:14:55.688 16244 16256 I art     : Starting a blocking GC Explicit
08-04 02:14:55.712 16244 19392 I NAPPA_EXPERIMENTATION: MetricNetworkRequestExecutionTime: REQUEST_DURATION_SYSTEM='382',REQUEST_DURATION_OKHTTP='381',REQUEST_SYNCHRONOUS='TRUE',RESPONSE_CODE='200',RESPONSE_METHOD='GET',RESPONSE_LENGTH_OKHTTP='5378',RESPONSE_LENGTH_HEADER='5378',REQUEST_PROTOCOL='h2',REQUEST_URL='https://b.thumbs.redditmedia.com/C9qrVibnNxmzfLDKvEHp2v2Bo-Kqme7PoKC52s2o52M.jpg',
08-04 02:14:55.712 16244 19392 D OK      : request got status: 200
08-04 02:14:55.745 16244 16256 I art     : Explicit concurrent mark sweep GC freed 2406(219KB) AllocSpace objects, 5(256KB) LOS objects, 30% free, 36MB/52MB, paused 2.040ms total 57.218ms
08-04 02:14:55.764 16244 16256 I art     : Starting a blocking GC Explicit
08-04 02:14:55.768 16244 19396 I NAPPA_EXPERIMENTATION: MetricNetworkRequestExecutionTime: REQUEST_DURATION_SYSTEM='428',REQUEST_DURATION_OKHTTP='427',REQUEST_SYNCHRONOUS='TRUE',RESPONSE_CODE='200',RESPONSE_METHOD='GET',RESPONSE_LENGTH_OKHTTP='4080',RESPONSE_LENGTH_HEADER='4080',REQUEST_PROTOCOL='h2',REQUEST_URL='https://b.thumbs.redditmedia.com/XkIhgqugP-9Zcb5I9A8o0r-zQJDh_6kastc0oWiiHkI.jpg',
08-04 02:14:55.768 16244 19396 D OK      : request got status: 200
08-04 02:14:55.780 16244 19398 I NAPPA_EXPERIMENTATION: MetricNetworkRequestExecutionTime: REQUEST_DURATION_SYSTEM='436',REQUEST_DURATION_OKHTTP='435',REQUEST_SYNCHRONOUS='TRUE',RESPONSE_CODE='200',RESPONSE_METHOD='GET',RESPONSE_LENGTH_OKHTTP='6654',RESPONSE_LENGTH_HEADER='6654',REQUEST_PROTOCOL='h2',REQUEST_URL='https://b.thumbs.redditmedia.com/orK4W8Xc99pTzIT6q1waTsppldq24p1qMsHtkNnmu9w.jpg',
08-04 02:14:55.780 16244 19398 D OK      : request got status: 200
08-04 02:14:55.821 16244 16256 I art     : Explicit concurrent mark sweep GC freed 554(102KB) AllocSpace objects, 6(500KB) LOS objects, 30% free, 36MB/52MB, paused 2.176ms total 56.783ms
08-04 02:14:55.830 16244 19397 I NAPPA_EXPERIMENTATION: MetricNetworkRequestExecutionTime: REQUEST_DURATION_SYSTEM='488',REQUEST_DURATION_OKHTTP='486',REQUEST_SYNCHRONOUS='TRUE',RESPONSE_CODE='200',RESPONSE_METHOD='GET',RESPONSE_LENGTH_OKHTTP='3183',RESPONSE_LENGTH_HEADER='3183',REQUEST_PROTOCOL='h2',REQUEST_URL='https://b.thumbs.redditmedia.com/3QPAtixkID9ojpqCAgfspJpruqoq45fM1G-Fx1K2F2A.jpg',
08-04 02:14:55.830 16244 19397 D OK      : request got status: 200
08-04 02:14:55.841 16244 16256 I art     : Starting a blocking GC Explicit
08-04 02:14:55.851 16244 19400 I NAPPA_EXPERIMENTATION: MetricNetworkRequestExecutionTime: REQUEST_DURATION_SYSTEM='504',REQUEST_DURATION_OKHTTP='504',REQUEST_SYNCHRONOUS='TRUE',RESPONSE_CODE='200',RESPONSE_METHOD='GET',RESPONSE_LENGTH_OKHTTP='3864',RESPONSE_LENGTH_HEADER='3864',REQUEST_PROTOCOL='h2',REQUEST_URL='https://b.thumbs.redditmedia.com/B1vXKY_-gTPbs625-RJ1MLIXxzCqfmnCB_0xnGjCECQ.jpg',
08-04 02:14:55.851 16244 19400 D OK      : request got status: 200
08-04 02:14:55.896 16244 16256 I art     : Explicit concurrent mark sweep GC freed 2711(128KB) AllocSpace objects, 3(204KB) LOS objects, 30% free, 36MB/52MB, paused 2.179ms total 55.565ms
08-04 02:14:55.917 16244 16256 I art     : Starting a blocking GC Explicit
08-04 02:14:55.921 16244 19403 I NAPPA_EXPERIMENTATION: MetricNetworkRequestExecutionTime: REQUEST_DURATION_SYSTEM='566',REQUEST_DURATION_OKHTTP='566',REQUEST_SYNCHRONOUS='TRUE',RESPONSE_CODE='200',RESPONSE_METHOD='GET',RESPONSE_LENGTH_OKHTTP='6723',RESPONSE_LENGTH_HEADER='6723',REQUEST_PROTOCOL='h2',REQUEST_URL='https://b.thumbs.redditmedia.com/vuAhA4gGAmYfrTFA4woxZcKgmiDzJ3nAsql2pxcYGFs.jpg',
08-04 02:14:55.921 16244 19403 D OK      : request got status: 200
08-04 02:14:55.939 16244 19402 I NAPPA_EXPERIMENTATION: MetricNetworkRequestExecutionTime: REQUEST_DURATION_SYSTEM='588',REQUEST_DURATION_OKHTTP='587',REQUEST_SYNCHRONOUS='TRUE',RESPONSE_CODE='200',RESPONSE_METHOD='GET',RESPONSE_LENGTH_OKHTTP='5125',RESPONSE_LENGTH_HEADER='5125',REQUEST_PROTOCOL='h2',REQUEST_URL='https://b.thumbs.redditmedia.com/OF1KI_LdSDMMWCy-WgJyRhIcM5fr7kDyu_OnpfRXHfI.jpg',
08-04 02:14:55.939 16244 19402 D OK      : request got status: 200
08-04 02:14:55.949 16244 19405 I NAPPA_EXPERIMENTATION: MetricNetworkRequestExecutionTime: REQUEST_DURATION_SYSTEM='590',REQUEST_DURATION_OKHTTP='590',REQUEST_SYNCHRONOUS='TRUE',RESPONSE_CODE='200',RESPONSE_METHOD='GET',RESPONSE_LENGTH_OKHTTP='6316',RESPONSE_LENGTH_HEADER='6316',REQUEST_PROTOCOL='h2',REQUEST_URL='https://b.thumbs.redditmedia.com/wxTBcOhAgsmbc-TRaGNHpYJYnEOBr2LNsaZ6pCM91Lc.jpg',
08-04 02:14:55.949 16244 19405 D OK      : request got status: 200
08-04 02:14:55.970 16244 16256 I art     : Explicit concurrent mark sweep GC freed 8340(434KB) AllocSpace objects, 12(1072KB) LOS objects, 29% free, 37MB/53MB, paused 2.274ms total 52.999ms
08-04 02:14:55.980 16244 19406 I NAPPA_EXPERIMENTATION: MetricNetworkRequestExecutionTime: REQUEST_DURATION_SYSTEM='619',REQUEST_DURATION_OKHTTP='618',REQUEST_SYNCHRONOUS='TRUE',RESPONSE_CODE='200',RESPONSE_METHOD='GET',RESPONSE_LENGTH_OKHTTP='7815',RESPONSE_LENGTH_HEADER='7815',REQUEST_PROTOCOL='h2',REQUEST_URL='https://b.thumbs.redditmedia.com/Wo7bFIVNZYYuNioRYwZFYxrl6QMk0lT-3W01wrXgHmE.jpg',
08-04 02:14:55.980 16244 19406 D OK      : request got status: 200
08-04 02:14:55.993 16244 19407 I NAPPA_EXPERIMENTATION: MetricNetworkRequestExecutionTime: REQUEST_DURATION_SYSTEM='630',REQUEST_DURATION_OKHTTP='629',REQUEST_SYNCHRONOUS='TRUE',RESPONSE_CODE='200',RESPONSE_METHOD='GET',RESPONSE_LENGTH_OKHTTP='5648',RESPONSE_LENGTH_HEADER='5648',REQUEST_PROTOCOL='h2',REQUEST_URL='https://b.thumbs.redditmedia.com/NoqMycYTzsyhI0Lq351riEI1mO9p8PvY1QwcZ9Irb9g.jpg',
08-04 02:14:55.993 16244 19407 D OK      : request got status: 200
08-04 02:14:56.068 16244 19404 I NAPPA_EXPERIMENTATION: MetricNetworkRequestExecutionTime: REQUEST_DURATION_SYSTEM='712',REQUEST_DURATION_OKHTTP='711',REQUEST_SYNCHRONOUS='TRUE',RESPONSE_CODE='200',RESPONSE_METHOD='GET',RESPONSE_LENGTH_OKHTTP='5329',RESPONSE_LENGTH_HEADER='5329',REQUEST_PROTOCOL='h2',REQUEST_URL='https://b.thumbs.redditmedia.com/PtV7mFsO2n0j4YJweZjEqyVJ45hap4hXix9dwj6D0Wg.jpg',
08-04 02:14:56.068 16244 19404 D OK      : request got status: 200
08-04 02:14:56.077 16244 19408 I NAPPA_EXPERIMENTATION: MetricNetworkRequestExecutionTime: REQUEST_DURATION_SYSTEM='711',REQUEST_DURATION_OKHTTP='710',REQUEST_SYNCHRONOUS='TRUE',RESPONSE_CODE='200',RESPONSE_METHOD='GET',RESPONSE_LENGTH_OKHTTP='5198',RESPONSE_LENGTH_HEADER='5198',REQUEST_PROTOCOL='h2',REQUEST_URL='https://b.thumbs.redditmedia.com/KrRufqpifph7KM2Le5RdqEYQb24zbB4fizBJpFaH1Pc.jpg',
08-04 02:14:56.077 16244 19408 D OK      : request got status: 200
08-04 02:14:56.102 16244 19394 I NAPPA_EXPERIMENTATION: MetricNetworkRequestExecutionTime: REQUEST_DURATION_SYSTEM='768',REQUEST_DURATION_OKHTTP='250',REQUEST_SYNCHRONOUS='TRUE',RESPONSE_CODE='200',RESPONSE_METHOD='GET',RESPONSE_LENGTH_OKHTTP='3635',RESPONSE_LENGTH_HEADER='3635',REQUEST_PROTOCOL='h2',REQUEST_URL='https://a.thumbs.redditmedia.com/Kzag-wH9wKRRg2MnPwgoFgXT_2jN_nkJ1lY1aNRQyT4.jpg',
08-04 02:14:56.102 16244 19394 D OK      : request got status: 200
08-04 02:14:56.122 16244 19409 I NAPPA_EXPERIMENTATION: MetricNetworkRequestExecutionTime: REQUEST_DURATION_SYSTEM='754',REQUEST_DURATION_OKHTTP='753',REQUEST_SYNCHRONOUS='TRUE',RESPONSE_CODE='200',RESPONSE_METHOD='GET',RESPONSE_LENGTH_OKHTTP='5579',RESPONSE_LENGTH_HEADER='5579',REQUEST_PROTOCOL='h2',REQUEST_URL='https://b.thumbs.redditmedia.com/u2qz17QE3X5G7kkJrgK3HPCdxNQxNkhaWqfIhCuRMvE.jpg',
08-04 02:14:56.123 16244 19409 D OK      : request got status: 200
08-04 02:14:56.233 16244 19401 I NAPPA_EXPERIMENTATION: MetricNetworkRequestExecutionTime: REQUEST_DURATION_SYSTEM='884',REQUEST_DURATION_OKHTTP='319',REQUEST_SYNCHRONOUS='TRUE',RESPONSE_CODE='200',RESPONSE_METHOD='GET',RESPONSE_LENGTH_OKHTTP='4470',RESPONSE_LENGTH_HEADER='4470',REQUEST_PROTOCOL='h2',REQUEST_URL='https://a.thumbs.redditmedia.com/ffAKmOqnTuDMNR9MRfCdRtkq_CzN3MVhZxS64ZPYRh4.jpg',
08-04 02:14:56.233 16244 19401 D OK      : request got status: 200
08-04 02:14:56.302 16244 19410 I NAPPA_EXPERIMENTATION: MetricNetworkRequestExecutionTime: REQUEST_DURATION_SYSTEM='932',REQUEST_DURATION_OKHTTP='363',REQUEST_SYNCHRONOUS='TRUE',RESPONSE_CODE='200',RESPONSE_METHOD='GET',RESPONSE_LENGTH_OKHTTP='2696',RESPONSE_LENGTH_HEADER='2696',REQUEST_PROTOCOL='h2',REQUEST_URL='https://v.redd.it/syww111dtjd51/DASHPlaylist.mpd',
08-04 02:14:56.302 16244 19410 D OK      : request got status: 200
08-04 02:14:56.318 16244 19393 I NAPPA_EXPERIMENTATION: MetricNetworkRequestExecutionTime: REQUEST_DURATION_SYSTEM='986',REQUEST_DURATION_OKHTTP='373',REQUEST_SYNCHRONOUS='TRUE',RESPONSE_CODE='200',RESPONSE_METHOD='GET',RESPONSE_LENGTH_OKHTTP='7540',RESPONSE_LENGTH_HEADER='7540',REQUEST_PROTOCOL='h2',REQUEST_URL='https://a.thumbs.redditmedia.com/Tfsm0ol-ltlxNSBAkZ_4G4302d0hYeOSODkvXidBBR8.jpg',
08-04 02:14:56.318 16244 19393 D OK      : request got status: 200
08-04 02:14:56.323 16244 16266 I art     : Starting a blocking GC Explicit
08-04 02:14:56.336 16244 19387 I NAPPA_EXPERIMENTATION: MetricNetworkRequestExecutionTime: REQUEST_DURATION_SYSTEM='1017',REQUEST_DURATION_OKHTTP='366',REQUEST_SYNCHRONOUS='TRUE',RESPONSE_CODE='200',RESPONSE_METHOD='GET',RESPONSE_LENGTH_OKHTTP='5307',RESPONSE_LENGTH_HEADER='5307',REQUEST_PROTOCOL='h2',REQUEST_URL='https://a.thumbs.redditmedia.com/EFVm-ZqqhARyEaKgtwU74c7tfzEDJvI0uiHXGglFag4.jpg',
08-04 02:14:56.336 16244 19387 D OK      : request got status: 200
08-04 02:14:56.357 16244 19411 I NAPPA_EXPERIMENTATION: MetricNetworkRequestExecutionTime: REQUEST_DURATION_SYSTEM='984',REQUEST_DURATION_OKHTTP='294',REQUEST_SYNCHRONOUS='TRUE',RESPONSE_CODE='200',RESPONSE_METHOD='GET',RESPONSE_LENGTH_OKHTTP='2071',RESPONSE_LENGTH_HEADER='2071',REQUEST_PROTOCOL='h2',REQUEST_URL='https://v.redd.it/pbqrrfb3tkd51/DASHPlaylist.mpd',
08-04 02:14:56.357 16244 19411 D OK      : request got status: 200
08-04 02:14:56.369 16244 19412 I NAPPA_EXPERIMENTATION: MetricNetworkRequestExecutionTime: REQUEST_DURATION_SYSTEM='993',REQUEST_DURATION_OKHTTP='324',REQUEST_SYNCHRONOUS='TRUE',RESPONSE_CODE='200',RESPONSE_METHOD='GET',RESPONSE_LENGTH_OKHTTP='3060',RESPONSE_LENGTH_HEADER='3060',REQUEST_PROTOCOL='h2',REQUEST_URL='https://v.redd.it/rrygsb8i4ld51/DASHPlaylist.mpd',
08-04 02:14:56.369 16244 19412 D OK      : request got status: 200
08-04 02:14:56.383 16244 19395 I NAPPA_EXPERIMENTATION: MetricNetworkRequestExecutionTime: REQUEST_DURATION_SYSTEM='1046',REQUEST_DURATION_OKHTTP='297',REQUEST_SYNCHRONOUS='TRUE',RESPONSE_CODE='200',RESPONSE_METHOD='GET',RESPONSE_LENGTH_OKHTTP='5641',RESPONSE_LENGTH_HEADER='5641',REQUEST_PROTOCOL='h2',REQUEST_URL='https://a.thumbs.redditmedia.com/P4gSGpXpi2wDXthNZ-LiwEs5Jvplm6dQ7W7Isqa7un4.jpg',
08-04 02:14:56.383 16244 19395 D OK      : request got status: 200
08-04 02:14:56.386 16244 16266 I art     : Explicit concurrent mark sweep GC freed 31648(2MB) AllocSpace objects, 85(4MB) LOS objects, 28% free, 40MB/56MB, paused 1.316ms total 62.189ms
08-04 02:14:56.388 16244 19410 I RedditVideosAPI: For 'https://v.redd.it/syww111dtjd51/DASHPlaylist.mpd', got video stream 'https://v.redd.it/syww111dtjd51/DASH_480' and audio stream 'https://v.redd.it/syww111dtjd51/audio'
08-04 02:14:56.395 16244 19413 I NAPPA_EXPERIMENTATION: MetricNetworkRequestExecutionTime: REQUEST_DURATION_SYSTEM='1017',REQUEST_DURATION_OKHTTP='328',REQUEST_SYNCHRONOUS='TRUE',RESPONSE_CODE='200',RESPONSE_METHOD='GET',RESPONSE_LENGTH_OKHTTP='2789',RESPONSE_LENGTH_HEADER='2789',REQUEST_PROTOCOL='h2',REQUEST_URL='https://v.redd.it/5x6zzipz8ld51/DASHPlaylist.mpd',
08-04 02:14:56.395 16244 19413 D OK      : request got status: 200
08-04 02:14:56.405 16244 16266 I art     : Starting a blocking GC Explicit
08-04 02:14:56.408 16244 19423 I NAPPA_EXPERIMENTATION: MetricNetworkRequestExecutionTime: REQUEST_DURATION_SYSTEM='1011',REQUEST_DURATION_OKHTTP='270',REQUEST_SYNCHRONOUS='TRUE',RESPONSE_CODE='200',RESPONSE_METHOD='GET',RESPONSE_LENGTH_OKHTTP='2344',RESPONSE_LENGTH_HEADER='2344',REQUEST_PROTOCOL='h2',REQUEST_URL='https://v.redd.it/ue0jdgk9zhd51/DASHPlaylist.mpd',
08-04 02:14:56.408 16244 19423 D OK      : request got status: 200
08-04 02:14:56.436 16244 19411 I RedditVideosAPI: For 'https://v.redd.it/pbqrrfb3tkd51/DASHPlaylist.mpd', got video stream 'https://v.redd.it/pbqrrfb3tkd51/DASH_480' and audio stream 'null'
08-04 02:14:56.452 16244 19420 I NAPPA_EXPERIMENTATION: MetricNetworkRequestExecutionTime: REQUEST_DURATION_SYSTEM='1063',REQUEST_DURATION_OKHTTP='306',REQUEST_SYNCHRONOUS='TRUE',RESPONSE_CODE='200',RESPONSE_METHOD='GET',RESPONSE_LENGTH_OKHTTP='2071',RESPONSE_LENGTH_HEADER='2071',REQUEST_PROTOCOL='h2',REQUEST_URL='https://v.redd.it/jk6cwef4wld51/DASHPlaylist.mpd',
08-04 02:14:56.453 16244 19420 D OK      : request got status: 200
08-04 02:14:56.453 16244 19415 I NAPPA_EXPERIMENTATION: MetricNetworkRequestExecutionTime: REQUEST_DURATION_SYSTEM='1071',REQUEST_DURATION_OKHTTP='416',REQUEST_SYNCHRONOUS='TRUE',RESPONSE_CODE='200',RESPONSE_METHOD='GET',RESPONSE_LENGTH_OKHTTP='-1',RESPONSE_LENGTH_HEADER='377',REQUEST_PROTOCOL='h2',REQUEST_URL='https://api.imgur.com/3/image/nLQR2hT',
08-04 02:14:56.453 16244 19415 D OK      : request got status: 200
08-04 02:14:56.454 16244 16266 I art     : Explicit concurrent mark sweep GC freed 2955(249KB) AllocSpace objects, 11(664KB) LOS objects, 28% free, 40MB/56MB, paused 1.006ms total 48.950ms
08-04 02:14:56.455 16244 19416 I NAPPA_EXPERIMENTATION: MetricNetworkRequestExecutionTime: REQUEST_DURATION_SYSTEM='1071',REQUEST_DURATION_OKHTTP='330',REQUEST_SYNCHRONOUS='TRUE',RESPONSE_CODE='200',RESPONSE_METHOD='GET',RESPONSE_LENGTH_OKHTTP='1713',RESPONSE_LENGTH_HEADER='1713',REQUEST_PROTOCOL='h2',REQUEST_URL='https://v.redd.it/ggz4fyth6hd51/DASHPlaylist.mpd',
08-04 02:14:56.456 16244 19416 D OK      : request got status: 200
08-04 02:14:56.460 16244 19412 I RedditVideosAPI: For 'https://v.redd.it/rrygsb8i4ld51/DASHPlaylist.mpd', got video stream 'https://v.redd.it/rrygsb8i4ld51/DASH_480' and audio stream 'https://v.redd.it/rrygsb8i4ld51/audio'
08-04 02:14:56.473 16244 16266 I art     : Starting a blocking GC Explicit
08-04 02:14:56.478 16244 19414 I NAPPA_EXPERIMENTATION: MetricNetworkRequestExecutionTime: REQUEST_DURATION_SYSTEM='1097',REQUEST_DURATION_OKHTTP='281',REQUEST_SYNCHRONOUS='TRUE',RESPONSE_CODE='200',RESPONSE_METHOD='GET',RESPONSE_LENGTH_OKHTTP='2700',RESPONSE_LENGTH_HEADER='2700',REQUEST_PROTOCOL='h2',REQUEST_URL='https://v.redd.it/75en73fm5id51/DASHPlaylist.mpd',
08-04 02:14:56.478 16244 19414 D OK      : request got status: 200
08-04 02:14:56.481 16244 19421 I NAPPA_EXPERIMENTATION: MetricNetworkRequestExecutionTime: REQUEST_DURATION_SYSTEM='1089',REQUEST_DURATION_OKHTTP='279',REQUEST_SYNCHRONOUS='TRUE',RESPONSE_CODE='200',RESPONSE_METHOD='GET',RESPONSE_LENGTH_OKHTTP='3058',RESPONSE_LENGTH_HEADER='3058',REQUEST_PROTOCOL='h2',REQUEST_URL='https://v.redd.it/t81s8zfz9ld51/DASHPlaylist.mpd',
08-04 02:14:56.481 16244 19421 D OK      : request got status: 200
08-04 02:14:56.483 16244 19422 I NAPPA_EXPERIMENTATION: MetricNetworkRequestExecutionTime: REQUEST_DURATION_SYSTEM='1088',REQUEST_DURATION_OKHTTP='288',REQUEST_SYNCHRONOUS='TRUE',RESPONSE_CODE='200',RESPONSE_METHOD='GET',RESPONSE_LENGTH_OKHTTP='2071',RESPONSE_LENGTH_HEADER='2071',REQUEST_PROTOCOL='h2',REQUEST_URL='https://v.redd.it/xd6c4yyutgd51/DASHPlaylist.mpd',
08-04 02:14:56.483 16244 19422 D OK      : request got status: 200
08-04 02:14:56.485 16244 19419 I NAPPA_EXPERIMENTATION: MetricNetworkRequestExecutionTime: REQUEST_DURATION_SYSTEM='1098',REQUEST_DURATION_OKHTTP='275',REQUEST_SYNCHRONOUS='TRUE',RESPONSE_CODE='200',RESPONSE_METHOD='GET',RESPONSE_LENGTH_OKHTTP='2427',RESPONSE_LENGTH_HEADER='2427',REQUEST_PROTOCOL='h2',REQUEST_URL='https://v.redd.it/psrknoobrgd51/DASHPlaylist.mpd',
08-04 02:14:56.485 16244 19419 D OK      : request got status: 200
08-04 02:14:56.488 16244 19413 I RedditVideosAPI: For 'https://v.redd.it/5x6zzipz8ld51/DASHPlaylist.mpd', got video stream 'https://v.redd.it/5x6zzipz8ld51/DASH_480' and audio stream 'null'
08-04 02:14:56.505 16244 19423 I RedditVideosAPI: For 'https://v.redd.it/ue0jdgk9zhd51/DASHPlaylist.mpd', got video stream 'https://v.redd.it/ue0jdgk9zhd51/DASH_360' and audio stream 'https://v.redd.it/ue0jdgk9zhd51/audio'
08-04 02:14:56.521 16244 16266 I art     : Explicit concurrent mark sweep GC freed 2321(327KB) AllocSpace objects, 17(1072KB) LOS objects, 28% free, 40MB/56MB, paused 724us total 48.074ms
08-04 02:14:56.540 16244 16266 I art     : Starting a blocking GC Explicit
08-04 02:14:56.550 16244 19420 I RedditVideosAPI: For 'https://v.redd.it/jk6cwef4wld51/DASHPlaylist.mpd', got video stream 'https://v.redd.it/jk6cwef4wld51/DASH_480' and audio stream 'null'
08-04 02:14:56.569 16244 19416 I RedditVideosAPI: For 'https://v.redd.it/ggz4fyth6hd51/DASHPlaylist.mpd', got video stream 'https://v.redd.it/ggz4fyth6hd51/DASH_360' and audio stream 'null'
08-04 02:14:56.573 16244 19421 I RedditVideosAPI: For 'https://v.redd.it/t81s8zfz9ld51/DASHPlaylist.mpd', got video stream 'https://v.redd.it/t81s8zfz9ld51/DASH_480' and audio stream 'https://v.redd.it/t81s8zfz9ld51/audio'
08-04 02:14:56.581 16244 19414 I RedditVideosAPI: For 'https://v.redd.it/75en73fm5id51/DASHPlaylist.mpd', got video stream 'https://v.redd.it/75en73fm5id51/DASH_480' and audio stream 'https://v.redd.it/75en73fm5id51/audio'
08-04 02:14:56.588 16244 19419 I RedditVideosAPI: For 'https://v.redd.it/psrknoobrgd51/DASHPlaylist.mpd', got video stream 'https://v.redd.it/psrknoobrgd51/DASH_480' and audio stream 'null'
08-04 02:14:56.588 16244 16266 I art     : Explicit concurrent mark sweep GC freed 1385(277KB) AllocSpace objects, 6(408KB) LOS objects, 28% free, 40MB/56MB, paused 662us total 47.511ms
08-04 02:14:56.601 16244 19422 I RedditVideosAPI: For 'https://v.redd.it/xd6c4yyutgd51/DASHPlaylist.mpd', got video stream 'https://v.redd.it/xd6c4yyutgd51/DASH_480' and audio stream 'null'
08-04 02:14:56.607 16244 16266 I art     : Starting a blocking GC Explicit
08-04 02:14:56.658 16244 16266 I art     : Explicit concurrent mark sweep GC freed 1557(186KB) AllocSpace objects, 9(612KB) LOS objects, 28% free, 39MB/55MB, paused 646us total 51.072ms
08-04 02:14:57.008 16244 16791 I art     : Starting a blocking GC Explicit
08-04 02:14:57.069 16244 16791 I art     : Explicit concurrent mark sweep GC freed 1466(86KB) AllocSpace objects, 1(20KB) LOS objects, 28% free, 39MB/55MB, paused 775us total 60.987ms
08-04 02:14:57.092 16244 16791 I art     : Starting a blocking GC Explicit
08-04 02:14:57.149 16244 16791 I art     : Explicit concurrent mark sweep GC freed 20(704B) AllocSpace objects, 0(0B) LOS objects, 28% free, 39MB/55MB, paused 597us total 56.289ms
08-04 02:14:57.169 16244 16791 I art     : Starting a blocking GC Explicit
08-04 02:14:57.229 16244 16791 I art     : Explicit concurrent mark sweep GC freed 3(96B) AllocSpace objects, 0(0B) LOS objects, 28% free, 39MB/55MB, paused 683us total 59.243ms
08-04 02:14:57.253 16244 16791 I art     : Starting a blocking GC Explicit
08-04 02:14:57.304 16244 16791 I art     : Explicit concurrent mark sweep GC freed 3(96B) AllocSpace objects, 0(0B) LOS objects, 28% free, 39MB/55MB, paused 544us total 51.177ms
08-04 02:14:57.323 16244 16791 I art     : Starting a blocking GC Explicit
08-04 02:14:57.372 16244 16791 I art     : Explicit concurrent mark sweep GC freed 3(96B) AllocSpace objects, 0(0B) LOS objects, 28% free, 39MB/55MB, paused 528us total 48.640ms
08-04 02:14:57.735 16244 16757 I art     : Starting a blocking GC Explicit
08-04 02:14:57.798 16244 16757 I art     : Explicit concurrent mark sweep GC freed 1363(83KB) AllocSpace objects, 1(20KB) LOS objects, 28% free, 39MB/55MB, paused 745us total 61.930ms
08-04 02:14:57.806 19473 19473 D AndroidRuntime: >>>>>> START com.android.internal.os.RuntimeInit uid 2000 <<<<<<
08-04 02:14:57.812 19473 19473 D AndroidRuntime: CheckJNI is OFF
08-04 02:14:57.818 16244 16757 I art     : Starting a blocking GC Explicit
08-04 02:14:57.853 19473 19473 D ICU     : No timezone override file found: /data/misc/zoneinfo/current/icu/icu_tzdata.dat
08-04 02:14:57.863 16244 16757 I art     : Explicit concurrent mark sweep GC freed 20(704B) AllocSpace objects, 0(0B) LOS objects, 28% free, 39MB/55MB, paused 531us total 44.787ms
08-04 02:14:57.882 16244 16757 I art     : Starting a blocking GC Explicit
08-04 02:14:57.896 19473 19473 I Radio-JNI: register_android_hardware_Radio DONE
08-04 02:14:57.925 19473 19473 D AndroidRuntime: Calling main entry com.android.commands.input.Input
08-04 02:14:57.929 19473 19473 I Input   : injectMotionEvent: MotionEvent { action=ACTION_DOWN, actionButton=0, id[0]=0, x[0]=1340.0, y[0]=1100.0, toolType[0]=TOOL_TYPE_UNKNOWN, buttonState=0, metaState=0, flags=0x0, edgeFlags=0x0, pointerCount=1, historySize=0, eventTime=670514341, downTime=670514341, deviceId=0, source=0x1002 }
08-04 02:14:57.942 16244 16757 I art     : Explicit concurrent mark sweep GC freed 3(96B) AllocSpace objects, 0(0B) LOS objects, 28% free, 39MB/55MB, paused 8.355ms total 58.865ms
08-04 02:14:57.942 19473 19473 I Input   : injectMotionEvent: MotionEvent { action=ACTION_UP, actionButton=0, id[0]=0, x[0]=1340.0, y[0]=1100.0, toolType[0]=TOOL_TYPE_UNKNOWN, buttonState=0, metaState=0, flags=0x0, edgeFlags=0x0, pointerCount=1, historySize=0, eventTime=670514341, downTime=670514341, deviceId=0, source=0x1002 }
08-04 02:14:57.944 19473 19473 D AndroidRuntime: Shutting down VM
08-04 02:14:57.956   512  2967 D audio_hw_primary: out_set_parameters: enter: usecase(1: low-latency-playback) kvpairs: routing=2
08-04 02:14:57.958   918  6112 I ActivityManager: START u0 {dat=https://oauth.reddit.com/... cmp=baseline.org.quantumbadger.redreader/.activities.CommentListingActivity} from uid 10666 on display 0
08-04 02:14:57.961 16244 16757 I art     : Starting a blocking GC Explicit
08-04 02:14:57.969   512  2967 D audio_hw_primary: select_devices: out_snd_device(2: speaker) in_snd_device(0: none)
08-04 02:14:57.969   512  2967 D msm8974_platform: platform_send_audio_calibration: sending audio calibration for snd_device(2) acdb_id(15)
08-04 02:14:57.970   512  2967 I soundtrigger: audio_extn_sound_trigger_update_device_status: device 0x2 of type 0 for Event 1
08-04 02:14:57.979   512  2967 D audio_hw_primary: enable_snd_device: snd_device(2: speaker)
08-04 02:14:57.981   512  2967 D audio_hw_primary: enable_audio_route: apply and update mixer path: low-latency-playback speaker
08-04 02:14:57.984 16244 16244 I AppCompatViewInflater: app:theme is now deprecated. Please move to using android:theme instead.
08-04 02:14:58.006 16244 19498 D OK      : calling: https://oauth.reddit.com/comments/hzejrd/.json?sort=confidence
08-04 02:14:58.010 16244 16757 I art     : Explicit concurrent mark sweep GC freed 1850(86KB) AllocSpace objects, 0(0B) LOS objects, 28% free, 39MB/55MB, paused 1.243ms total 48.856ms
08-04 02:14:58.028 16244 16757 I art     : Starting a blocking GC Explicit
08-04 02:14:58.075 16244 16757 I art     : Explicit concurrent mark sweep GC freed 7736(852KB) AllocSpace objects, 17(2MB) LOS objects, 30% free, 37MB/53MB, paused 1.090ms total 47.058ms
08-04 02:14:58.089   918   936 I ActivityManager: Displayed baseline.org.quantumbadger.redreader/.activities.CommentListingActivity: +120ms
08-04 02:14:58.090 13866 13866 I GoogleInputMethodServic: GoogleInputMethodService.onFinishInput():3138 
08-04 02:14:58.090 13866 13866 I GoogleInputMethodServic: GoogleInputMethodService.onStartInput():1808 
08-04 02:14:58.328 16244 19498 I NAPPA_EXPERIMENTATION: MetricNetworkRequestExecutionTime: REQUEST_DURATION_SYSTEM='322',REQUEST_DURATION_OKHTTP='147',REQUEST_SYNCHRONOUS='TRUE',RESPONSE_CODE='200',RESPONSE_METHOD='GET',RESPONSE_LENGTH_OKHTTP='-1',RESPONSE_LENGTH_HEADER='45890',REQUEST_PROTOCOL='h2',REQUEST_URL='https://oauth.reddit.com/comments/hzejrd/.json?sort=confidence',
08-04 02:14:58.328 16244 19498 D OK      : request got status: 200
08-04 02:14:58.333   380   380 W SurfaceFlinger: couldn't log to binary event log: overflow.
08-04 02:14:58.338 16244 19381 I CommentListingActivity: COMMENTS session changed to 8d76832a-24aa-493b-932c-d187002dd78e
08-04 02:14:58.377 16244 16256 I art     : Starting a blocking GC Explicit
08-04 02:14:58.429 16244 16256 I art     : Explicit concurrent mark sweep GC freed 10748(580KB) AllocSpace objects, 1(20KB) LOS objects, 29% free, 38MB/54MB, paused 1.363ms total 51.615ms
08-04 02:14:58.448 16244 16256 I art     : Starting a blocking GC Explicit
08-04 02:14:58.509 16244 16256 I art     : Explicit concurrent mark sweep GC freed 7598(403KB) AllocSpace objects, 0(0B) LOS objects, 29% free, 38MB/54MB, paused 1.340ms total 60.647ms
08-04 02:14:58.519   512  2967 D audio_hw_primary: disable_audio_route: reset and update mixer path: low-latency-playback speaker
08-04 02:14:58.520   512  2967 D audio_hw_primary: disable_snd_device: snd_device(2: speaker)
08-04 02:14:58.528   512  2967 I soundtrigger: audio_extn_sound_trigger_update_device_status: device 0x2 of type 0 for Event 0
08-04 02:14:58.528 16244 16256 I art     : Starting a blocking GC Explicit
08-04 02:14:58.587 16244 16256 I art     : Explicit concurrent mark sweep GC freed 13419(764KB) AllocSpace objects, 0(0B) LOS objects, 28% free, 39MB/55MB, paused 728us total 59.139ms
08-04 02:14:58.607 16244 16256 I art     : Starting a blocking GC Explicit
08-04 02:14:58.663 16244 16256 I art     : Explicit concurrent mark sweep GC freed 12983(599KB) AllocSpace objects, 2(136KB) LOS objects, 29% free, 39MB/55MB, paused 947us total 55.538ms
08-04 02:14:58.682 16244 16256 I art     : Starting a blocking GC Explicit
08-04 02:14:58.738 16244 16256 I art     : Explicit concurrent mark sweep GC freed 372(13KB) AllocSpace objects, 0(0B) LOS objects, 29% free, 39MB/55MB, paused 587us total 55.307ms
08-04 02:14:59.077 16244 16266 I art     : Starting a blocking GC Explicit
08-04 02:14:59.140 16244 16266 I art     : Explicit concurrent mark sweep GC freed 1366(83KB) AllocSpace objects, 1(20KB) LOS objects, 29% free, 39MB/55MB, paused 490us total 62.856ms
08-04 02:14:59.161 16244 16266 I art     : Starting a blocking GC Explicit
08-04 02:14:59.220 16244 16266 I art     : Explicit concurrent mark sweep GC freed 885(43KB) AllocSpace objects, 0(0B) LOS objects, 29% free, 39MB/55MB, paused 520us total 58.214ms
08-04 02:14:59.241 16244 16266 I art     : Starting a blocking GC Explicit
08-04 02:14:59.302 16244 16266 I art     : Explicit concurrent mark sweep GC freed 49(1920B) AllocSpace objects, 0(0B) LOS objects, 29% free, 39MB/55MB, paused 506us total 60.917ms
08-04 02:14:59.322 16244 16266 I art     : Starting a blocking GC Explicit
08-04 02:14:59.385 16244 16266 I art     : Explicit concurrent mark sweep GC freed 3(96B) AllocSpace objects, 0(0B) LOS objects, 29% free, 39MB/55MB, paused 524us total 62.741ms
08-04 02:14:59.406 16244 16266 I art     : Starting a blocking GC Explicit
08-04 02:14:59.469 16244 16266 I art     : Explicit concurrent mark sweep GC freed 3(96B) AllocSpace objects, 0(0B) LOS objects, 29% free, 39MB/55MB, paused 535us total 62.105ms
08-04 02:14:59.824 16244 16791 I art     : Starting a blocking GC Explicit
08-04 02:14:59.912 16244 16791 I art     : Explicit concurrent mark sweep GC freed 1356(82KB) AllocSpace objects, 1(20KB) LOS objects, 29% free, 39MB/55MB, paused 563us total 86.964ms
08-04 02:14:59.937 16244 16791 I art     : Starting a blocking GC Explicit
08-04 02:15:00.009 16244 16791 I art     : Explicit concurrent mark sweep GC freed 20(704B) AllocSpace objects, 0(0B) LOS objects, 29% free, 39MB/55MB, paused 571us total 71.798ms
08-04 02:15:00.011 16244 16254 I art     : WaitForGcToComplete blocked for 53.898ms for cause HeapTrim
08-04 02:15:00.034 16244 16791 I art     : Starting a blocking GC Explicit
08-04 02:15:00.089 16244 16791 I art     : Explicit concurrent mark sweep GC freed 3(96B) AllocSpace objects, 0(0B) LOS objects, 29% free, 39MB/55MB, paused 488us total 54.999ms
08-04 02:15:00.110 16244 16791 I art     : Starting a blocking GC Explicit
08-04 02:15:00.170 16244 16791 I art     : Explicit concurrent mark sweep GC freed 3(96B) AllocSpace objects, 0(0B) LOS objects, 29% free, 39MB/55MB, paused 554us total 60.630ms
08-04 02:15:00.192 16244 16791 I art     : Starting a blocking GC Explicit
08-04 02:15:00.263 16244 16791 I art     : Explicit concurrent mark sweep GC freed 3(96B) AllocSpace objects, 0(0B) LOS objects, 29% free, 39MB/55MB, paused 540us total 71.376ms
08-04 02:15:00.652 16244 16255 I art     : Starting a blocking GC Explicit
08-04 02:15:00.732 16244 16255 I art     : Explicit concurrent mark sweep GC freed 1354(82KB) AllocSpace objects, 1(20KB) LOS objects, 29% free, 39MB/55MB, paused 628us total 78.844ms
08-04 02:15:00.754 16244 16255 I art     : Starting a blocking GC Explicit
08-04 02:15:00.825 16244 16255 I art     : Explicit concurrent mark sweep GC freed 20(704B) AllocSpace objects, 0(0B) LOS objects, 29% free, 39MB/55MB, paused 582us total 70.748ms
08-04 02:15:00.849 16244 16255 I art     : Starting a blocking GC Explicit
08-04 02:15:00.917 16244 16255 I art     : Explicit concurrent mark sweep GC freed 3(96B) AllocSpace objects, 0(0B) LOS objects, 29% free, 39MB/55MB, paused 509us total 67.227ms
08-04 02:15:00.938 16244 16255 I art     : Starting a blocking GC Explicit
08-04 02:15:01.011 16244 16255 I art     : Explicit concurrent mark sweep GC freed 3(96B) AllocSpace objects, 0(0B) LOS objects, 29% free, 39MB/55MB, paused 628us total 72.351ms
08-04 02:15:01.033 16244 16255 I art     : Starting a blocking GC Explicit
08-04 02:15:01.104 16244 16255 I art     : Explicit concurrent mark sweep GC freed 3(96B) AllocSpace objects, 0(0B) LOS objects, 29% free, 39MB/55MB, paused 575us total 70.715ms
08-04 02:15:01.478 16244 16757 I art     : Starting a blocking GC Explicit
08-04 02:15:01.565 16244 16757 I art     : Explicit concurrent mark sweep GC freed 1354(82KB) AllocSpace objects, 1(20KB) LOS objects, 29% free, 39MB/55MB, paused 624us total 86.505ms
08-04 02:15:01.589 16244 16757 I art     : Starting a blocking GC Explicit
08-04 02:15:01.660 16244 16757 I art     : Explicit concurrent mark sweep GC freed 20(704B) AllocSpace objects, 0(0B) LOS objects, 29% free, 39MB/55MB, paused 633us total 70.254ms
08-04 02:15:01.684 16244 16757 I art     : Starting a blocking GC Explicit
08-04 02:15:01.756 16244 16757 I art     : Explicit concurrent mark sweep GC freed 3(96B) AllocSpace objects, 0(0B) LOS objects, 29% free, 39MB/55MB, paused 578us total 71.779ms
08-04 02:15:01.780 16244 16757 I art     : Starting a blocking GC Explicit
08-04 02:15:01.850 16244 16757 I art     : Explicit concurrent mark sweep GC freed 3(96B) AllocSpace objects, 0(0B) LOS objects, 29% free, 39MB/55MB, paused 575us total 69.640ms
08-04 02:15:01.871 16244 16757 I art     : Starting a blocking GC Explicit
08-04 02:15:01.940 16244 16757 I art     : Explicit concurrent mark sweep GC freed 3(96B) AllocSpace objects, 0(0B) LOS objects, 29% free, 39MB/55MB, paused 577us total 68.865ms
08-04 02:15:02.320 16244 19511 I art     : Starting a blocking GC Explicit
08-04 02:15:02.402 16244 19511 I art     : Explicit concurrent mark sweep GC freed 1355(83KB) AllocSpace objects, 1(20KB) LOS objects, 29% free, 39MB/55MB, paused 609us total 81.780ms
08-04 02:15:02.426 16244 19511 I art     : Starting a blocking GC Explicit
08-04 02:15:02.495 16244 19511 I art     : Explicit concurrent mark sweep GC freed 20(704B) AllocSpace objects, 0(0B) LOS objects, 29% free, 39MB/55MB, paused 591us total 69.233ms
08-04 02:15:02.517 16244 19511 I art     : Starting a blocking GC Explicit
08-04 02:15:02.586 16244 19511 I art     : Explicit concurrent mark sweep GC freed 3(96B) AllocSpace objects, 0(0B) LOS objects, 29% free, 39MB/55MB, paused 535us total 68.865ms
08-04 02:15:02.607 16244 19511 I art     : Starting a blocking GC Explicit
08-04 02:15:02.677 16244 19511 I art     : Explicit concurrent mark sweep GC freed 3(96B) AllocSpace objects, 0(0B) LOS objects, 29% free, 39MB/55MB, paused 577us total 69.630ms
08-04 02:15:02.698 16244 19511 I art     : Starting a blocking GC Explicit
08-04 02:15:02.767 16244 19511 I art     : Explicit concurrent mark sweep GC freed 3(96B) AllocSpace objects, 0(0B) LOS objects, 29% free, 39MB/55MB, paused 584us total 67.969ms
08-04 02:15:02.970 16244 19497 I RedditChangeDataIO: Writing tmp data file at '/data/user/0/baseline.org.quantumbadger.redreader/files/rr_change_data_tmp.dat'
08-04 02:15:02.971 16244 19497 I RedditChangeDataManager: Taking snapshot...
08-04 02:15:02.971 16244 19497 I RedditChangeDataManager: Writing to stream...
08-04 02:15:02.971 16244 19497 I RedditChangeDataManager: Wrote 6 entries for user ''
08-04 02:15:02.971 16244 19497 I RedditChangeDataManager: All entries written to stream.
08-04 02:15:02.971 16244 19497 I RedditChangeDataIO: Write successful. Atomically replacing data file...
08-04 02:15:02.972 16244 19497 I RedditChangeDataIO: Write complete.
08-04 02:15:02.972 16244 19497 I RedditChangeDataIO: 158 bytes written in 2 ms
08-04 02:15:03.123 16244 16256 I art     : Starting a blocking GC Explicit
08-04 02:15:03.208 16244 16256 I art     : Explicit concurrent mark sweep GC freed 1444(88KB) AllocSpace objects, 2(88KB) LOS objects, 29% free, 39MB/55MB, paused 593us total 83.904ms
08-04 02:15:03.233 16244 16256 I art     : Starting a blocking GC Explicit
08-04 02:15:03.307 16244 16256 I art     : Explicit concurrent mark sweep GC freed 23(800B) AllocSpace objects, 0(0B) LOS objects, 29% free, 39MB/55MB, paused 610us total 73.448ms
08-04 02:15:03.330 16244 16256 I art     : Starting a blocking GC Explicit
08-04 02:15:03.398 16244 16256 I art     : Explicit concurrent mark sweep GC freed 3(96B) AllocSpace objects, 0(0B) LOS objects, 29% free, 39MB/55MB, paused 606us total 67.562ms
08-04 02:15:03.419 16244 16256 I art     : Starting a blocking GC Explicit
08-04 02:15:03.489 16244 16256 I art     : Explicit concurrent mark sweep GC freed 3(96B) AllocSpace objects, 0(0B) LOS objects, 29% free, 39MB/55MB, paused 575us total 68.936ms
08-04 02:15:03.510 16244 16256 I art     : Starting a blocking GC Explicit
08-04 02:15:03.580 16244 16256 I art     : Explicit concurrent mark sweep GC freed 32(1568B) AllocSpace objects, 0(0B) LOS objects, 29% free, 39MB/55MB, paused 495us total 69.170ms
08-04 02:15:03.938 16244 16266 I art     : Starting a blocking GC Explicit
08-04 02:15:04.020 16244 16266 I art     : Explicit concurrent mark sweep GC freed 1562(117KB) AllocSpace objects, 1(20KB) LOS objects, 29% free, 39MB/55MB, paused 600us total 81.295ms
08-04 02:15:04.043 16244 16266 I art     : Starting a blocking GC Explicit
08-04 02:15:04.112 16244 16266 I art     : Explicit concurrent mark sweep GC freed 85(2880B) AllocSpace objects, 0(0B) LOS objects, 29% free, 39MB/55MB, paused 528us total 68.717ms
08-04 02:15:04.134 16244 16266 I art     : Starting a blocking GC Explicit
08-04 02:15:04.207 16244 16266 I art     : Explicit concurrent mark sweep GC freed 3(96B) AllocSpace objects, 0(0B) LOS objects, 29% free, 39MB/55MB, paused 530us total 73.481ms
08-04 02:15:04.229 16244 16266 I art     : Starting a blocking GC Explicit
08-04 02:15:04.285 16244 16266 I art     : Explicit concurrent mark sweep GC freed 3(96B) AllocSpace objects, 0(0B) LOS objects, 29% free, 39MB/55MB, paused 493us total 54.789ms
08-04 02:15:04.305 16244 16266 I art     : Starting a blocking GC Explicit
08-04 02:15:04.365 16244 16266 I art     : Explicit concurrent mark sweep GC freed 3(96B) AllocSpace objects, 0(0B) LOS objects, 29% free, 39MB/55MB, paused 492us total 60.505ms
08-04 02:15:04.468   518   646 I ThermalEngine: ACTION: GPU - Setting GPU[0] to 510000000
08-04 02:15:04.689 19582 19582 D AndroidRuntime: >>>>>> START com.android.internal.os.RuntimeInit uid 2000 <<<<<<
08-04 02:15:04.695 19582 19582 D AndroidRuntime: CheckJNI is OFF
08-04 02:15:04.700 16244 16791 I art     : Starting a blocking GC Explicit
08-04 02:15:04.732 19582 19582 D ICU     : No timezone override file found: /data/misc/zoneinfo/current/icu/icu_tzdata.dat
08-04 02:15:04.753 16244 16791 I art     : Explicit concurrent mark sweep GC freed 1354(82KB) AllocSpace objects, 1(20KB) LOS objects, 29% free, 39MB/55MB, paused 405us total 52.713ms
08-04 02:15:04.769 19582 19582 I Radio-JNI: register_android_hardware_Radio DONE
08-04 02:15:04.769 16244 16791 I art     : Starting a blocking GC Explicit
08-04 02:15:04.792 19582 19582 D AndroidRuntime: Calling main entry com.android.commands.input.Input
08-04 02:15:04.794 19582 19582 I Input   : injectKeyEvent: KeyEvent { action=ACTION_DOWN, keyCode=KEYCODE_BACK, scanCode=0, metaState=0, flags=0x0, repeatCount=0, eventTime=670521207, downTime=670521207, deviceId=-1, source=0x101 }
08-04 02:15:04.800 19582 19582 I Input   : injectKeyEvent: KeyEvent { action=ACTION_UP, keyCode=KEYCODE_BACK, scanCode=0, metaState=0, flags=0x0, repeatCount=0, eventTime=670521207, downTime=670521207, deviceId=-1, source=0x101 }
08-04 02:15:04.807 19582 19582 D AndroidRuntime: Shutting down VM
08-04 02:15:04.817 16244 16791 I art     : Explicit concurrent mark sweep GC freed 68(2432B) AllocSpace objects, 0(0B) LOS objects, 29% free, 39MB/55MB, paused 618us total 47.933ms
08-04 02:15:04.835 16244 16791 I art     : Starting a blocking GC Explicit
08-04 02:15:04.849 13866 13866 I GoogleInputMethodServic: GoogleInputMethodService.onFinishInput():3138 
08-04 02:15:04.850 13866 13866 I GoogleInputMethodServic: GoogleInputMethodService.onStartInput():1808 
08-04 02:15:04.879 16244 16791 I art     : Explicit concurrent mark sweep GC freed 139(4KB) AllocSpace objects, 0(0B) LOS objects, 29% free, 39MB/55MB, paused 436us total 44.421ms
08-04 02:15:04.896 16244 16791 I art     : Starting a blocking GC Explicit
08-04 02:15:04.939 16244 16791 I art     : Explicit concurrent mark sweep GC freed 89(2896B) AllocSpace objects, 0(0B) LOS objects, 29% free, 39MB/55MB, paused 409us total 42.269ms
08-04 02:15:04.953 16244 16791 I art     : Starting a blocking GC Explicit
08-04 02:15:04.995 16244 16791 I art     : Explicit concurrent mark sweep GC freed 3(96B) AllocSpace objects, 0(0B) LOS objects, 29% free, 39MB/55MB, paused 324us total 41.235ms
08-04 02:15:05.174   380   380 W SurfaceFlinger: couldn't log to binary event log: overflow.
08-04 02:15:05.257 16244 16266 I art     : Starting a blocking GC Explicit
08-04 02:15:05.304 16244 16266 I art     : Explicit concurrent mark sweep GC freed 1416(84KB) AllocSpace objects, 1(20KB) LOS objects, 29% free, 39MB/55MB, paused 383us total 46.508ms
08-04 02:15:05.319 16244 16266 I art     : Starting a blocking GC Explicit
08-04 02:15:05.360 16244 16266 I art     : Explicit concurrent mark sweep GC freed 41343(2MB) AllocSpace objects, 5(140KB) LOS objects, 30% free, 36MB/52MB, paused 454us total 40.907ms
08-04 02:15:05.375 16244 16266 I art     : Starting a blocking GC Explicit
08-04 02:15:05.410 16244 16266 I art     : Explicit concurrent mark sweep GC freed 3(96B) AllocSpace objects, 0(0B) LOS objects, 30% free, 36MB/52MB, paused 372us total 35.085ms
08-04 02:15:05.424 16244 16266 I art     : Starting a blocking GC Explicit
08-04 02:15:05.462 16244 16266 I art     : Explicit concurrent mark sweep GC freed 3(96B) AllocSpace objects, 0(0B) LOS objects, 30% free, 36MB/52MB, paused 392us total 38.119ms
08-04 02:15:05.477 16244 16266 I art     : Starting a blocking GC Explicit
08-04 02:15:05.515 16244 16266 I art     : Explicit concurrent mark sweep GC freed 3(96B) AllocSpace objects, 0(0B) LOS objects, 30% free, 36MB/52MB, paused 380us total 38.175ms
08-04 02:15:05.833 16244 16255 I art     : Starting a blocking GC Explicit
08-04 02:15:05.884 16244 16255 I art     : Explicit concurrent mark sweep GC freed 1354(82KB) AllocSpace objects, 1(20KB) LOS objects, 30% free, 36MB/52MB, paused 443us total 50.578ms
08-04 02:15:05.903 16244 16255 I art     : Starting a blocking GC Explicit
08-04 02:15:05.942 16244 16255 I art     : Explicit concurrent mark sweep GC freed 20(704B) AllocSpace objects, 0(0B) LOS objects, 30% free, 36MB/52MB, paused 396us total 39.374ms
08-04 02:15:05.957 16244 16255 I art     : Starting a blocking GC Explicit
08-04 02:15:05.996 16244 16255 I art     : Explicit concurrent mark sweep GC freed 3(96B) AllocSpace objects, 0(0B) LOS objects, 30% free, 36MB/52MB, paused 383us total 38.232ms
08-04 02:15:06.010 16244 16255 I art     : Starting a blocking GC Explicit
08-04 02:15:06.050 16244 16255 I art     : Explicit concurrent mark sweep GC freed 3(96B) AllocSpace objects, 0(0B) LOS objects, 30% free, 36MB/52MB, paused 344us total 39.546ms
08-04 02:15:06.065 16244 16255 I art     : Starting a blocking GC Explicit
08-04 02:15:06.102 16244 16255 I art     : Explicit concurrent mark sweep GC freed 3(96B) AllocSpace objects, 0(0B) LOS objects, 30% free, 36MB/52MB, paused 371us total 37.540ms
08-04 02:15:06.398 16244 16757 I art     : Starting a blocking GC Explicit
08-04 02:15:06.434 16244 16757 I art     : Explicit concurrent mark sweep GC freed 1354(82KB) AllocSpace objects, 1(20KB) LOS objects, 30% free, 36MB/52MB, paused 385us total 36.745ms
08-04 02:15:06.449 16244 16757 I art     : Starting a blocking GC Explicit
08-04 02:15:06.463 19625 19625 D AndroidRuntime: >>>>>> START com.android.internal.os.RuntimeInit uid 2000 <<<<<<
08-04 02:15:06.467 19625 19625 D AndroidRuntime: CheckJNI is OFF
08-04 02:15:06.490 16244 16757 I art     : Explicit concurrent mark sweep GC freed 20(704B) AllocSpace objects, 0(0B) LOS objects, 30% free, 36MB/52MB, paused 388us total 40.968ms
08-04 02:15:06.504 16244 16757 I art     : Starting a blocking GC Explicit
08-04 02:15:06.506 19625 19625 D ICU     : No timezone override file found: /data/misc/zoneinfo/current/icu/icu_tzdata.dat
08-04 02:15:06.539 19625 19625 I Radio-JNI: register_android_hardware_Radio DONE
08-04 02:15:06.541 16244 16757 I art     : Explicit concurrent mark sweep GC freed 3(96B) AllocSpace objects, 0(0B) LOS objects, 30% free, 36MB/52MB, paused 393us total 36.828ms
08-04 02:15:06.555 16244 16757 I art     : Starting a blocking GC Explicit
08-04 02:15:06.561 19625 19625 D AndroidRuntime: Calling main entry com.android.commands.input.Input
08-04 02:15:06.563 19625 19625 I Input   : injectMotionEvent: MotionEvent { action=ACTION_DOWN, actionButton=0, id[0]=0, x[0]=600.0, y[0]=938.0, toolType[0]=TOOL_TYPE_UNKNOWN, buttonState=0, metaState=0, flags=0x0, edgeFlags=0x0, pointerCount=1, historySize=0, eventTime=670522976, downTime=670522976, deviceId=0, source=0x1002 }
08-04 02:15:06.569 19625 19625 I Input   : injectMotionEvent: MotionEvent { action=ACTION_UP, actionButton=0, id[0]=0, x[0]=600.0, y[0]=938.0, toolType[0]=TOOL_TYPE_UNKNOWN, buttonState=0, metaState=0, flags=0x0, edgeFlags=0x0, pointerCount=1, historySize=0, eventTime=670522976, downTime=670522976, deviceId=0, source=0x1002 }
08-04 02:15:06.571 19625 19625 D AndroidRuntime: Shutting down VM
08-04 02:15:06.581   918   928 I ActivityManager: START u0 {dat=https://gfycat.com/... cmp=baseline.org.quantumbadger.redreader/.activities.ImageViewActivity (has extras)} from uid 10666 on display 0
08-04 02:15:06.581   512  2967 D audio_hw_primary: out_set_parameters: enter: usecase(1: low-latency-playback) kvpairs: routing=2
08-04 02:15:06.592 16244 16757 I art     : Explicit concurrent mark sweep GC freed 48(7KB) AllocSpace objects, 0(0B) LOS objects, 30% free, 36MB/52MB, paused 559us total 36.684ms
08-04 02:15:06.594   512  2967 D audio_hw_primary: select_devices: out_snd_device(2: speaker) in_snd_device(0: none)
08-04 02:15:06.594   512  2967 D msm8974_platform: platform_send_audio_calibration: sending audio calibration for snd_device(2) acdb_id(15)
08-04 02:15:06.595   512  2967 I soundtrigger: audio_extn_sound_trigger_update_device_status: device 0x2 of type 0 for Event 1
08-04 02:15:06.605 16244 16244 I ImageViewActivity: Loading URL https://gfycat.com/deadlygravecavy
08-04 02:15:06.606   512  2967 D audio_hw_primary: enable_snd_device: snd_device(2: speaker)
08-04 02:15:06.608 16244 16757 I art     : Starting a blocking GC Explicit
08-04 02:15:06.609   512  2967 D audio_hw_primary: enable_audio_route: apply and update mixer path: low-latency-playback speaker
08-04 02:15:06.614 16244 19381 I ImageViewActivity: Got image URL: https://giant.gfycat.com/DeadlyGraveCavy.mp4
08-04 02:15:06.614 16244 19381 I ImageViewActivity: Got image Type: video/mp4
08-04 02:15:06.614 16244 19381 I ImageViewActivity: Got media Type: VIDEO
08-04 02:15:06.614 16244 19381 I ImageViewActivity: Media type VIDEO detected
08-04 02:15:06.614 16244 19381 I ImageViewActivity: Proceeding with download
08-04 02:15:06.617 16244 19650 D OK      : calling: https://giant.gfycat.com/DeadlyGraveCavy.mp4
08-04 02:15:06.643 16244 16757 I art     : Explicit concurrent mark sweep GC freed 2442(168KB) AllocSpace objects, 0(0B) LOS objects, 30% free, 37MB/53MB, paused 447us total 34.913ms
08-04 02:15:06.666 13866 13866 I GoogleInputMethodServic: GoogleInputMethodService.onFinishInput():3138 
08-04 02:15:06.667 13866 13866 I GoogleInputMethodServic: GoogleInputMethodService.onStartInput():1808 
08-04 02:15:06.691   918   936 I ActivityManager: Displayed baseline.org.quantumbadger.redreader/.activities.ImageViewActivity: +101ms
08-04 02:15:06.926 16244 19511 I art     : Starting a blocking GC Explicit
08-04 02:15:06.944   380   380 W SurfaceFlinger: couldn't log to binary event log: overflow.
08-04 02:15:06.964 16244 19650 I NAPPA_EXPERIMENTATION: MetricNetworkRequestExecutionTime: REQUEST_DURATION_SYSTEM='347',REQUEST_DURATION_OKHTTP='145',REQUEST_SYNCHRONOUS='TRUE',RESPONSE_CODE='200',RESPONSE_METHOD='GET',RESPONSE_LENGTH_OKHTTP='1942309',RESPONSE_LENGTH_HEADER='1942309',REQUEST_PROTOCOL='h2',REQUEST_URL='https://giant.gfycat.com/DeadlyGraveCavy.mp4',
08-04 02:15:06.964 16244 19650 D OK      : request got status: 200
08-04 02:15:06.978 16244 19511 I art     : Explicit concurrent mark sweep GC freed 3665(195KB) AllocSpace objects, 1(20KB) LOS objects, 30% free, 37MB/53MB, paused 458us total 51.809ms
08-04 02:15:06.991 16244 19511 I art     : Starting a blocking GC Explicit
08-04 02:15:07.024 16244 19511 I art     : Explicit concurrent mark sweep GC freed 189(9KB) AllocSpace objects, 0(0B) LOS objects, 30% free, 37MB/53MB, paused 522us total 33.040ms
08-04 02:15:07.038 16244 19511 I art     : Starting a blocking GC Explicit
08-04 02:15:07.075 16244 19511 I art     : Explicit concurrent mark sweep GC freed 324(16KB) AllocSpace objects, 0(0B) LOS objects, 29% free, 37MB/53MB, paused 436us total 37.108ms
08-04 02:15:07.090 16244 19511 I art     : Starting a blocking GC Explicit
08-04 02:15:07.123 16244 19511 I art     : Explicit concurrent mark sweep GC freed 315(17KB) AllocSpace objects, 0(0B) LOS objects, 29% free, 37MB/53MB, paused 454us total 32.520ms
08-04 02:15:07.136 16244 19511 I art     : Starting a blocking GC Explicit
08-04 02:15:07.138   512  2967 D audio_hw_primary: disable_audio_route: reset and update mixer path: low-latency-playback speaker
08-04 02:15:07.139   512  2967 D audio_hw_primary: disable_snd_device: snd_device(2: speaker)
08-04 02:15:07.148   512  2967 I soundtrigger: audio_extn_sound_trigger_update_device_status: device 0x2 of type 0 for Event 0
08-04 02:15:07.170 16244 19511 I art     : Explicit concurrent mark sweep GC freed 333(19KB) AllocSpace objects, 0(0B) LOS objects, 29% free, 38MB/54MB, paused 450us total 33.288ms
08-04 02:15:07.366 16244 16244 I ImageViewActivity: Playing video using ExoPlayer
08-04 02:15:07.400 16244 16244 I ExoPlayerImpl: Init c6651cb [ExoPlayerLib/2.10.8] [angler, Nexus 6P, Huawei, 23]
08-04 02:15:07.470 16244 16791 I art     : Starting a blocking GC Explicit
08-04 02:15:07.474   518   646 I ThermalEngine: ACTION: GPU - Setting GPU[0] to 450000000
08-04 02:15:07.523 16244 16791 I art     : Explicit concurrent mark sweep GC freed 6602(2MB) AllocSpace objects, 6(256KB) LOS objects, 29% free, 38MB/54MB, paused 2.563ms total 52.926ms
08-04 02:15:07.541 16244 19676 W VideoCapabilities: Unrecognized profile 2130706433 for video/avc
08-04 02:15:07.542 16244 16791 I art     : Starting a blocking GC Explicit
08-04 02:15:07.576 16244 19676 I VideoCapabilities: Unsupported profile 4 for video/mp4v-es
08-04 02:15:07.590 16244 19679 I OMXClient: Using client-side OMX mux.
08-04 02:15:07.594 16244 16791 I art     : Explicit concurrent mark sweep GC freed 5435(238KB) AllocSpace objects, 1(68KB) LOS objects, 29% free, 38MB/54MB, paused 767us total 51.710ms
08-04 02:15:07.612 16244 16791 I art     : Starting a blocking GC Explicit
08-04 02:15:07.657 16244 16791 I art     : Explicit concurrent mark sweep GC freed 75(5KB) AllocSpace objects, 0(0B) LOS objects, 28% free, 39MB/55MB, paused 550us total 43.964ms
08-04 02:15:07.672   512   512 I OMX-VDEC-1080P: component_init: OMX.qcom.video.decoder.avc : fd=49
08-04 02:15:07.673   512   512 I OMX-VDEC-1080P: Capabilities: driver_name = msm_vidc_driver, card = msm_vdec_8974, bus_info = , version = 1, capabilities = 4003000
08-04 02:15:07.674 16244 16791 I art     : Starting a blocking GC Explicit
08-04 02:15:07.678   512   512 I OMX-VDEC-1080P: Enabling default extradata for OMX.qcom.video.decoder.avc
08-04 02:15:07.681   512   512 I OMX-VDEC-1080P: omx_vdec::component_init() success : fd=49
08-04 02:15:07.684 16244 19678 I MediaCodec: [OMX.qcom.video.decoder.avc] setting surface generation to 16633857
08-04 02:15:07.686   512 12837 E OMX-VDEC-1080P: Extension: OMX.google.android.index.storeANWBufferInMetadata not implemented
08-04 02:15:07.712 16244 19679 D SurfaceUtils: set up nativeWindow 0x7f79a6ce10 for 360x306, color 0x7fa30c04, rotation 0, usage 0x42002900
08-04 02:15:07.721 16244 16791 I art     : Explicit concurrent mark sweep GC freed 51(1904B) AllocSpace objects, 0(0B) LOS objects, 28% free, 39MB/55MB, paused 584us total 45.952ms
08-04 02:15:07.741 16244 16791 I art     : Starting a blocking GC Explicit
08-04 02:15:07.742 16244 19679 D SurfaceUtils: set up nativeWindow 0x7f79a6ce10 for 368x320, color 0x7fa30c04, rotation 0, usage 0x42002900
08-04 02:15:07.786 16244 16791 I art     : Explicit concurrent mark sweep GC freed 210(45KB) AllocSpace objects, 0(0B) LOS objects, 28% free, 40MB/56MB, paused 750us total 44.144ms
08-04 02:15:08.109 16244 19511 I art     : Starting a blocking GC Explicit
08-04 02:15:08.155 16244 19511 I art     : Explicit concurrent mark sweep GC freed 1541(98KB) AllocSpace objects, 2(88KB) LOS objects, 28% free, 40MB/56MB, paused 579us total 45.960ms
08-04 02:15:08.174 16244 19511 I art     : Starting a blocking GC Explicit
08-04 02:15:08.220 16244 19511 I art     : Explicit concurrent mark sweep GC freed 45(1600B) AllocSpace objects, 0(0B) LOS objects, 28% free, 40MB/56MB, paused 601us total 45.733ms
08-04 02:15:08.239 16244 19511 I art     : Starting a blocking GC Explicit
08-04 02:15:08.290 16244 19511 I art     : Explicit concurrent mark sweep GC freed 26(992B) AllocSpace objects, 0(0B) LOS objects, 28% free, 40MB/56MB, paused 573us total 50.529ms
08-04 02:15:08.308 16244 19511 I art     : Starting a blocking GC Explicit
08-04 02:15:08.357 16244 19511 I art     : Explicit concurrent mark sweep GC freed 29(1072B) AllocSpace objects, 0(0B) LOS objects, 28% free, 40MB/56MB, paused 597us total 48.711ms
08-04 02:15:08.376 16244 19511 I art     : Starting a blocking GC Explicit
08-04 02:15:08.428 16244 19511 I art     : Explicit concurrent mark sweep GC freed 30(1104B) AllocSpace objects, 0(0B) LOS objects, 28% free, 40MB/56MB, paused 624us total 51.389ms
08-04 02:15:08.815 16244 16757 I art     : Starting a blocking GC Explicit
08-04 02:15:08.867 16244 16757 I art     : Explicit concurrent mark sweep GC freed 1498(88KB) AllocSpace objects, 1(20KB) LOS objects, 28% free, 40MB/56MB, paused 555us total 52.255ms
08-04 02:15:08.886 16244 16757 I art     : Starting a blocking GC Explicit
08-04 02:15:08.938 16244 16757 I art     : Explicit concurrent mark sweep GC freed 42(1536B) AllocSpace objects, 0(0B) LOS objects, 28% free, 40MB/56MB, paused 595us total 51.301ms
08-04 02:15:08.957 16244 16757 I art     : Starting a blocking GC Explicit
08-04 02:15:09.008 16244 16757 I art     : Explicit concurrent mark sweep GC freed 26(992B) AllocSpace objects, 0(0B) LOS objects, 28% free, 40MB/56MB, paused 555us total 50.298ms
08-04 02:15:09.027 16244 16757 I art     : Starting a blocking GC Explicit
08-04 02:15:09.079 16244 16757 I art     : Explicit concurrent mark sweep GC freed 27(976B) AllocSpace objects, 0(0B) LOS objects, 28% free, 40MB/56MB, paused 570us total 51.796ms
08-04 02:15:09.099 16244 16757 I art     : Starting a blocking GC Explicit
08-04 02:15:09.150 16244 16757 I art     : Explicit concurrent mark sweep GC freed 23(880B) AllocSpace objects, 0(0B) LOS objects, 28% free, 40MB/56MB, paused 576us total 51.196ms
08-04 02:15:09.519 16244 16256 I art     : Starting a blocking GC Explicit
08-04 02:15:09.574 16244 16256 I art     : Explicit concurrent mark sweep GC freed 1492(88KB) AllocSpace objects, 1(20KB) LOS objects, 28% free, 40MB/56MB, paused 587us total 55.271ms
08-04 02:15:09.594 16244 16256 I art     : Starting a blocking GC Explicit
08-04 02:15:09.644 16244 16256 I art     : Explicit concurrent mark sweep GC freed 53(1920B) AllocSpace objects, 0(0B) LOS objects, 28% free, 40MB/56MB, paused 590us total 49.963ms
08-04 02:15:09.663 16244 16256 I art     : Starting a blocking GC Explicit
08-04 02:15:09.715 16244 16256 I art     : Explicit concurrent mark sweep GC freed 21(816B) AllocSpace objects, 0(0B) LOS objects, 28% free, 40MB/56MB, paused 537us total 50.946ms
08-04 02:15:09.734 16244 16256 I art     : Starting a blocking GC Explicit
08-04 02:15:09.784 16244 16256 I art     : Explicit concurrent mark sweep GC freed 29(1072B) AllocSpace objects, 0(0B) LOS objects, 28% free, 40MB/56MB, paused 555us total 50.023ms
08-04 02:15:09.804 16244 16256 I art     : Starting a blocking GC Explicit
08-04 02:15:09.855 16244 16256 I art     : Explicit concurrent mark sweep GC freed 25(928B) AllocSpace objects, 0(0B) LOS objects, 28% free, 40MB/56MB, paused 556us total 51.019ms
08-04 02:15:10.218 16244 16791 I art     : Starting a blocking GC Explicit
08-04 02:15:10.293 16244 16791 I art     : Explicit concurrent mark sweep GC freed 1498(88KB) AllocSpace objects, 1(20KB) LOS objects, 28% free, 40MB/56MB, paused 588us total 74.965ms
08-04 02:15:10.312 16244 16791 I art     : Starting a blocking GC Explicit
08-04 02:15:10.361 16244 16791 I art     : Explicit concurrent mark sweep GC freed 42(1536B) AllocSpace objects, 0(0B) LOS objects, 28% free, 40MB/56MB, paused 590us total 48.260ms
08-04 02:15:10.361 16244 16254 I art     : WaitForGcToComplete blocked for 48.574ms for cause HeapTrim
08-04 02:15:10.381 16244 16791 I art     : Starting a blocking GC Explicit
08-04 02:15:10.433 16244 16791 I art     : Explicit concurrent mark sweep GC freed 25(928B) AllocSpace objects, 0(0B) LOS objects, 28% free, 40MB/56MB, paused 554us total 52.264ms
08-04 02:15:10.453 16244 16791 I art     : Starting a blocking GC Explicit
08-04 02:15:10.503 16244 16791 I art     : Explicit concurrent mark sweep GC freed 30(1088B) AllocSpace objects, 0(0B) LOS objects, 28% free, 40MB/56MB, paused 592us total 49.624ms
08-04 02:15:10.522 16244 16791 I art     : Starting a blocking GC Explicit
08-04 02:15:10.575 16244 16791 I art     : Explicit concurrent mark sweep GC freed 28(1088B) AllocSpace objects, 0(0B) LOS objects, 28% free, 40MB/56MB, paused 578us total 51.750ms
08-04 02:15:10.950 16244 16256 I art     : Starting a blocking GC Explicit
08-04 02:15:11.004 16244 16256 I art     : Explicit concurrent mark sweep GC freed 1496(87KB) AllocSpace objects, 1(20KB) LOS objects, 28% free, 40MB/56MB, paused 551us total 53.311ms
08-04 02:15:11.022 16244 16256 I art     : Starting a blocking GC Explicit
08-04 02:15:11.073 16244 16256 I art     : Explicit concurrent mark sweep GC freed 42(1536B) AllocSpace objects, 0(0B) LOS objects, 28% free, 40MB/56MB, paused 591us total 50.767ms
08-04 02:15:11.092 16244 16256 I art     : Starting a blocking GC Explicit
08-04 02:15:11.142 16244 16256 I art     : Explicit concurrent mark sweep GC freed 26(992B) AllocSpace objects, 0(0B) LOS objects, 28% free, 40MB/56MB, paused 604us total 49.730ms
08-04 02:15:11.151 18002 18002 I ServiceManager: Waiting for service AtCmdFwd...
08-04 02:15:11.161 16244 16256 I art     : Starting a blocking GC Explicit
08-04 02:15:11.212 16244 16256 I art     : Explicit concurrent mark sweep GC freed 25(928B) AllocSpace objects, 0(0B) LOS objects, 28% free, 40MB/56MB, paused 539us total 50.312ms
08-04 02:15:11.231 16244 16256 I art     : Starting a blocking GC Explicit
08-04 02:15:11.282 16244 16256 I art     : Explicit concurrent mark sweep GC freed 25(928B) AllocSpace objects, 0(0B) LOS objects, 28% free, 40MB/56MB, paused 542us total 50.314ms
08-04 02:15:11.424   918  3188 I hubconnection: sensorhub said: 'set_bias 3: -5.4816, 0.0000, 0.0000'
08-04 02:15:11.592 16244 19649 I RedditChangeDataIO: Writing tmp data file at '/data/user/0/baseline.org.quantumbadger.redreader/files/rr_change_data_tmp.dat'
08-04 02:15:11.593 16244 19649 I RedditChangeDataManager: Taking snapshot...
08-04 02:15:11.593 16244 19649 I RedditChangeDataManager: Writing to stream...
08-04 02:15:11.593 16244 19649 I RedditChangeDataManager: Wrote 6 entries for user ''
08-04 02:15:11.593 16244 19649 I RedditChangeDataManager: All entries written to stream.
08-04 02:15:11.593 16244 19649 I RedditChangeDataIO: Write successful. Atomically replacing data file...
08-04 02:15:11.594 16244 19649 I RedditChangeDataIO: Write complete.
08-04 02:15:11.594 16244 19649 I RedditChangeDataIO: 158 bytes written in 3 ms
08-04 02:15:11.633 16244 16256 I art     : Starting a blocking GC Explicit
08-04 02:15:11.685 16244 16256 I art     : Explicit concurrent mark sweep GC freed 1582(93KB) AllocSpace objects, 2(88KB) LOS objects, 28% free, 40MB/56MB, paused 542us total 51.987ms
08-04 02:15:11.705 16244 16256 I art     : Starting a blocking GC Explicit
08-04 02:15:11.755 16244 16256 I art     : Explicit concurrent mark sweep GC freed 46(1664B) AllocSpace objects, 0(0B) LOS objects, 28% free, 40MB/56MB, paused 597us total 49.840ms
08-04 02:15:11.775 16244 16256 I art     : Starting a blocking GC Explicit
08-04 02:15:11.827 16244 16256 I art     : Explicit concurrent mark sweep GC freed 22(832B) AllocSpace objects, 0(0B) LOS objects, 28% free, 40MB/56MB, paused 567us total 51.199ms
08-04 02:15:11.846 16244 16256 I art     : Starting a blocking GC Explicit
08-04 02:15:11.898 16244 16256 I art     : Explicit concurrent mark sweep GC freed 25(928B) AllocSpace objects, 0(0B) LOS objects, 28% free, 40MB/56MB, paused 643us total 50.905ms
08-04 02:15:11.918 16244 16256 I art     : Starting a blocking GC Explicit
08-04 02:15:11.970 16244 16256 I art     : Explicit concurrent mark sweep GC freed 26(976B) AllocSpace objects, 0(0B) LOS objects, 28% free, 40MB/56MB, paused 544us total 51.683ms
08-04 02:15:12.151 18002 18002 I ServiceManager: Waiting for service AtCmdFwd...
08-04 02:15:12.348 16244 19511 I art     : Starting a blocking GC Explicit
08-04 02:15:12.402 16244 19511 I art     : Explicit concurrent mark sweep GC freed 1686(119KB) AllocSpace objects, 1(20KB) LOS objects, 28% free, 40MB/56MB, paused 509us total 54.091ms
08-04 02:15:12.421 16244 19511 I art     : Starting a blocking GC Explicit
08-04 02:15:12.472 16244 19511 I art     : Explicit concurrent mark sweep GC freed 107(3KB) AllocSpace objects, 0(0B) LOS objects, 28% free, 40MB/56MB, paused 504us total 49.999ms
08-04 02:15:12.491 16244 19511 I art     : Starting a blocking GC Explicit
08-04 02:15:12.542 16244 19511 I art     : Explicit concurrent mark sweep GC freed 31(1136B) AllocSpace objects, 0(0B) LOS objects, 28% free, 40MB/56MB, paused 568us total 50.726ms
08-04 02:15:12.561 16244 19511 I art     : Starting a blocking GC Explicit
08-04 02:15:12.610 16244 19511 I art     : Explicit concurrent mark sweep GC freed 26(992B) AllocSpace objects, 0(0B) LOS objects, 28% free, 40MB/56MB, paused 536us total 49.286ms
08-04 02:15:12.629 16244 19511 I art     : Starting a blocking GC Explicit
08-04 02:15:12.680 16244 19511 I art     : Explicit concurrent mark sweep GC freed 20(720B) AllocSpace objects, 0(0B) LOS objects, 28% free, 40MB/56MB, paused 526us total 50.943ms
08-04 02:15:13.020 16244 16256 I art     : Starting a blocking GC Explicit
08-04 02:15:13.072 16244 16256 I art     : Explicit concurrent mark sweep GC freed 1484(87KB) AllocSpace objects, 1(20KB) LOS objects, 28% free, 40MB/56MB, paused 549us total 52.437ms
08-04 02:15:13.092 16244 16256 I art     : Starting a blocking GC Explicit
08-04 02:15:13.140 16244 16256 I art     : Explicit concurrent mark sweep GC freed 49(1808B) AllocSpace objects, 0(0B) LOS objects, 28% free, 40MB/56MB, paused 521us total 47.703ms
08-04 02:15:13.152 18002 18002 I ServiceManager: Waiting for service AtCmdFwd...
08-04 02:15:13.158 16244 16256 I art     : Starting a blocking GC Explicit
08-04 02:15:13.206 16244 16256 I art     : Explicit concurrent mark sweep GC freed 22(768B) AllocSpace objects, 0(0B) LOS objects, 28% free, 40MB/56MB, paused 518us total 47.369ms
08-04 02:15:13.224 16244 16256 I art     : Starting a blocking GC Explicit
08-04 02:15:13.272 16244 16256 I art     : Explicit concurrent mark sweep GC freed 28(1072B) AllocSpace objects, 0(0B) LOS objects, 28% free, 40MB/56MB, paused 521us total 47.014ms
08-04 02:15:13.291 16244 16256 I art     : Starting a blocking GC Explicit
08-04 02:15:13.338 16244 16256 I art     : Explicit concurrent mark sweep GC freed 23(832B) AllocSpace objects, 0(0B) LOS objects, 28% free, 40MB/56MB, paused 538us total 47.561ms
08-04 02:15:13.378 19758 19758 D AndroidRuntime: >>>>>> START com.android.internal.os.RuntimeInit uid 2000 <<<<<<
08-04 02:15:13.384 19758 19758 D AndroidRuntime: CheckJNI is OFF
08-04 02:15:13.425 19758 19758 D ICU     : No timezone override file found: /data/misc/zoneinfo/current/icu/icu_tzdata.dat
08-04 02:15:13.468 19758 19758 I Radio-JNI: register_android_hardware_Radio DONE
08-04 02:15:13.483   518   646 I ThermalEngine: ACTION: GPU - Setting GPU[0] to 510000000
08-04 02:15:13.498 19758 19758 D AndroidRuntime: Calling main entry com.android.commands.input.Input
08-04 02:15:13.499 19758 19758 I Input   : injectKeyEvent: KeyEvent { action=ACTION_DOWN, keyCode=KEYCODE_BACK, scanCode=0, metaState=0, flags=0x0, repeatCount=0, eventTime=670529912, downTime=670529912, deviceId=-1, source=0x101 }
08-04 02:15:13.506 19758 19758 I Input   : injectKeyEvent: KeyEvent { action=ACTION_UP, keyCode=KEYCODE_BACK, scanCode=0, metaState=0, flags=0x0, repeatCount=0, eventTime=670529912, downTime=670529912, deviceId=-1, source=0x101 }
08-04 02:15:13.512 19758 19758 D AndroidRuntime: Shutting down VM
08-04 02:15:13.565 13866 13866 I GoogleInputMethodServic: GoogleInputMethodService.onFinishInput():3138 
08-04 02:15:13.566 13866 13866 I GoogleInputMethodServic: GoogleInputMethodService.onStartInput():1808 
08-04 02:15:13.617 16244 19678 I MediaCodec: [OMX.qcom.video.decoder.avc] setting surface generation to 16633858
08-04 02:15:13.618 16244 19679 D SurfaceUtils: set up nativeWindow 0x7f79a6dc10 for 368x320, color 0x7fa30c04, rotation 0, usage 0x42002900
08-04 02:15:13.652 16244 19511 I art     : Starting a blocking GC Explicit
08-04 02:15:13.688 16244 19511 I art     : Explicit concurrent mark sweep GC freed 1733(98KB) AllocSpace objects, 1(20KB) LOS objects, 28% free, 40MB/56MB, paused 363us total 36.432ms
08-04 02:15:13.702 16244 19511 I art     : Starting a blocking GC Explicit
08-04 02:15:13.747 16244 19511 I art     : Explicit concurrent mark sweep GC freed 40(1488B) AllocSpace objects, 0(0B) LOS objects, 28% free, 40MB/56MB, paused 422us total 44.681ms
08-04 02:15:13.767 16244 19511 I art     : Starting a blocking GC Explicit
08-04 02:15:13.814 16244 19511 I art     : Explicit concurrent mark sweep GC freed 21(784B) AllocSpace objects, 0(0B) LOS objects, 28% free, 40MB/56MB, paused 438us total 47.372ms
08-04 02:15:13.831 16244 19511 I art     : Starting a blocking GC Explicit
08-04 02:15:13.860 16244 16244 I ExoPlayerImpl: Release c6651cb [ExoPlayerLib/2.10.8] [angler, Nexus 6P, Huawei, 23] [goog.exo.core, goog.exo.ui]
08-04 02:15:13.868   380   380 W SurfaceFlinger: couldn't log to binary event log: overflow.
08-04 02:15:13.875   512  3269 I OMX-VDEC-1080P: omx_vdec::component_deinit() complete
08-04 02:15:13.878   512  3269 I OMX-VDEC-1080P: Exit OMX vdec Destructor: fd=49
08-04 02:15:13.879 16244 19511 I art     : Explicit concurrent mark sweep GC freed 63(2624B) AllocSpace objects, 0(0B) LOS objects, 28% free, 40MB/56MB, paused 549us total 47.028ms
08-04 02:15:13.894 16244 19511 I art     : Starting a blocking GC Explicit
08-04 02:15:13.929 16244 19511 I art     : Explicit concurrent mark sweep GC freed 395(100KB) AllocSpace objects, 35(2MB) LOS objects, 29% free, 37MB/53MB, paused 395us total 35.263ms
08-04 02:15:14.152 18002 18002 I ServiceManager: Waiting for service AtCmdFwd...
08-04 02:15:14.226 16244 16757 I art     : Starting a blocking GC Explicit
08-04 02:15:14.279 16244 16757 I art     : Explicit concurrent mark sweep GC freed 4242(243KB) AllocSpace objects, 5(220KB) LOS objects, 29% free, 37MB/53MB, paused 447us total 52.060ms
08-04 02:15:14.299 16244 16757 I art     : Starting a blocking GC Explicit
08-04 02:15:14.339 16244 16757 I art     : Explicit concurrent mark sweep GC freed 20(704B) AllocSpace objects, 0(0B) LOS objects, 29% free, 37MB/53MB, paused 402us total 39.682ms
08-04 02:15:14.354 16244 16757 I art     : Starting a blocking GC Explicit
08-04 02:15:14.396 16244 16757 I art     : Explicit concurrent mark sweep GC freed 3(96B) AllocSpace objects, 0(0B) LOS objects, 29% free, 37MB/53MB, paused 403us total 41.076ms
08-04 02:15:14.411 16244 16757 I art     : Starting a blocking GC Explicit
08-04 02:15:14.452 16244 16757 I art     : Explicit concurrent mark sweep GC freed 3(96B) AllocSpace objects, 0(0B) LOS objects, 29% free, 37MB/53MB, paused 400us total 40.935ms
08-04 02:15:14.467 16244 16757 I art     : Starting a blocking GC Explicit
08-04 02:15:14.487   518   646 I ThermalEngine: ACTION: GPU - Setting GPU[0] to 450000000
08-04 02:15:14.513 16244 16757 I art     : Explicit concurrent mark sweep GC freed 3(96B) AllocSpace objects, 0(0B) LOS objects, 29% free, 37MB/53MB, paused 518us total 45.826ms
08-04 02:15:14.850 16244 16256 I art     : Starting a blocking GC Explicit
08-04 02:15:14.902 16244 16256 I art     : Explicit concurrent mark sweep GC freed 1354(82KB) AllocSpace objects, 1(20KB) LOS objects, 29% free, 37MB/53MB, paused 518us total 51.693ms
08-04 02:15:14.922 16244 16256 I art     : Starting a blocking GC Explicit
08-04 02:15:14.969 16244 16256 I art     : Explicit concurrent mark sweep GC freed 20(704B) AllocSpace objects, 0(0B) LOS objects, 29% free, 37MB/53MB, paused 525us total 46.915ms
08-04 02:15:14.988 16244 16256 I art     : Starting a blocking GC Explicit
08-04 02:15:15.034 16244 16256 I art     : Explicit concurrent mark sweep GC freed 3(96B) AllocSpace objects, 0(0B) LOS objects, 29% free, 37MB/53MB, paused 500us total 45.808ms
08-04 02:15:15.053 16244 16256 I art     : Starting a blocking GC Explicit
08-04 02:15:15.101 16244 16256 I art     : Explicit concurrent mark sweep GC freed 3(96B) AllocSpace objects, 0(0B) LOS objects, 29% free, 37MB/53MB, paused 554us total 47.945ms
08-04 02:15:15.120 16244 16256 I art     : Starting a blocking GC Explicit
08-04 02:15:15.153 18002 18002 I ServiceManager: Waiting for service AtCmdFwd...
08-04 02:15:15.172 16244 16256 I art     : Explicit concurrent mark sweep GC freed 3(96B) AllocSpace objects, 0(0B) LOS objects, 29% free, 37MB/53MB, paused 516us total 51.851ms
08-04 02:15:15.307 19810 19810 D AndroidRuntime: >>>>>> START com.android.internal.os.RuntimeInit uid 2000 <<<<<<
08-04 02:15:15.314 19810 19810 D AndroidRuntime: CheckJNI is OFF
08-04 02:15:15.359 19810 19810 D ICU     : No timezone override file found: /data/misc/zoneinfo/current/icu/icu_tzdata.dat
08-04 02:15:15.402 19810 19810 I Radio-JNI: register_android_hardware_Radio DONE
08-04 02:15:15.431 19810 19810 D AndroidRuntime: Calling main entry com.android.commands.input.Input
08-04 02:15:15.433 19810 19810 I Input   : injectMotionEvent: MotionEvent { action=ACTION_DOWN, actionButton=0, id[0]=0, x[0]=1340.0, y[0]=1100.0, toolType[0]=TOOL_TYPE_UNKNOWN, buttonState=0, metaState=0, flags=0x0, edgeFlags=0x0, pointerCount=1, historySize=0, eventTime=670531845, downTime=670531845, deviceId=0, source=0x1002 }
08-04 02:15:15.438 19810 19810 I Input   : injectMotionEvent: MotionEvent { action=ACTION_UP, actionButton=0, id[0]=0, x[0]=1340.0, y[0]=1100.0, toolType[0]=TOOL_TYPE_UNKNOWN, buttonState=0, metaState=0, flags=0x0, edgeFlags=0x0, pointerCount=1, historySize=0, eventTime=670531845, downTime=670531845, deviceId=0, source=0x1002 }
08-04 02:15:15.440 19810 19810 D AndroidRuntime: Shutting down VM
08-04 02:15:15.461   512  2967 D audio_hw_primary: out_set_parameters: enter: usecase(1: low-latency-playback) kvpairs: routing=2
08-04 02:15:15.461   918  4400 I ActivityManager: START u0 {dat=https://oauth.reddit.com/... cmp=baseline.org.quantumbadger.redreader/.activities.CommentListingActivity} from uid 10666 on display 0
08-04 02:15:15.474   512  2967 D audio_hw_primary: select_devices: out_snd_device(2: speaker) in_snd_device(0: none)
08-04 02:15:15.475   512  2967 D msm8974_platform: platform_send_audio_calibration: sending audio calibration for snd_device(2) acdb_id(15)
08-04 02:15:15.475   512  2967 I soundtrigger: audio_extn_sound_trigger_update_device_status: device 0x2 of type 0 for Event 1
08-04 02:15:15.485   512  2967 D audio_hw_primary: enable_snd_device: snd_device(2: speaker)
08-04 02:15:15.488   512  2967 D audio_hw_primary: enable_audio_route: apply and update mixer path: low-latency-playback speaker
08-04 02:15:15.488 16244 16244 I AppCompatViewInflater: app:theme is now deprecated. Please move to using android:theme instead.
08-04 02:15:15.515 16244 19381 I CommentListingActivity: COMMENTS session changed to 8d76832a-24aa-493b-932c-d187002dd78e
08-04 02:15:15.547 16244 16266 I art     : Starting a blocking GC Explicit
08-04 02:15:15.608 16244 16266 I art     : Explicit concurrent mark sweep GC freed 12534(679KB) AllocSpace objects, 1(20KB) LOS objects, 29% free, 38MB/54MB, paused 1.739ms total 61.001ms
08-04 02:15:15.627 13866 13866 I GoogleInputMethodServic: GoogleInputMethodService.onFinishInput():3138 
08-04 02:15:15.628 13866 13866 I GoogleInputMethodServic: GoogleInputMethodService.onStartInput():1808 
08-04 02:15:15.628   918   936 I ActivityManager: Displayed baseline.org.quantumbadger.redreader/.activities.CommentListingActivity: +156ms
08-04 02:15:15.628 16244 16266 I art     : Starting a blocking GC Explicit
08-04 02:15:15.693 16244 16266 I art     : Explicit concurrent mark sweep GC freed 12296(671KB) AllocSpace objects, 0(0B) LOS objects, 28% free, 39MB/55MB, paused 1.007ms total 63.996ms
08-04 02:15:15.712 16244 16266 I art     : Starting a blocking GC Explicit
08-04 02:15:15.779 16244 16266 I art     : Explicit concurrent mark sweep GC freed 8422(508KB) AllocSpace objects, 0(0B) LOS objects, 28% free, 39MB/55MB, paused 1.284ms total 66.599ms
08-04 02:15:15.803 16244 16266 I art     : Starting a blocking GC Explicit
08-04 02:15:15.868 16244 16266 I art     : Explicit concurrent mark sweep GC freed 11347(462KB) AllocSpace objects, 0(0B) LOS objects, 28% free, 39MB/55MB, paused 546us total 64.506ms
08-04 02:15:15.887   380   380 W SurfaceFlinger: couldn't log to binary event log: overflow.
08-04 02:15:15.892 16244 16266 I art     : Starting a blocking GC Explicit
08-04 02:15:15.948 16244 16266 I art     : Explicit concurrent mark sweep GC freed 37(2224B) AllocSpace objects, 0(0B) LOS objects, 28% free, 39MB/55MB, paused 476us total 55.058ms
08-04 02:15:16.029   512  2967 D audio_hw_primary: disable_audio_route: reset and update mixer path: low-latency-playback speaker
08-04 02:15:16.031   512  2967 D audio_hw_primary: disable_snd_device: snd_device(2: speaker)
08-04 02:15:16.041   512  2967 I soundtrigger: audio_extn_sound_trigger_update_device_status: device 0x2 of type 0 for Event 0
08-04 02:15:16.153 18002 18002 W Atfwd_Sendcmd: AtCmdFwd service not published, waiting... retryCnt : 5
08-04 02:15:16.288 16244 16255 I art     : Starting a blocking GC Explicit
08-04 02:15:16.354 16244 16255 I art     : Explicit concurrent mark sweep GC freed 1544(89KB) AllocSpace objects, 1(20KB) LOS objects, 28% free, 39MB/55MB, paused 475us total 65.886ms
08-04 02:15:16.375 16244 16255 I art     : Starting a blocking GC Explicit
08-04 02:15:16.436 16244 16255 I art     : Explicit concurrent mark sweep GC freed 24(832B) AllocSpace objects, 0(0B) LOS objects, 28% free, 39MB/55MB, paused 502us total 60.213ms
08-04 02:15:16.457 16244 16255 I art     : Starting a blocking GC Explicit
08-04 02:15:16.518 16244 16255 I art     : Explicit concurrent mark sweep GC freed 3(96B) AllocSpace objects, 0(0B) LOS objects, 28% free, 39MB/55MB, paused 542us total 61.065ms
08-04 02:15:16.539 16244 16255 I art     : Starting a blocking GC Explicit
08-04 02:15:16.598 16244 16255 I art     : Explicit concurrent mark sweep GC freed 3(96B) AllocSpace objects, 0(0B) LOS objects, 28% free, 39MB/55MB, paused 550us total 59.012ms
08-04 02:15:16.619 16244 16255 I art     : Starting a blocking GC Explicit
08-04 02:15:16.683 16244 16255 I art     : Explicit concurrent mark sweep GC freed 49(1920B) AllocSpace objects, 0(0B) LOS objects, 28% free, 39MB/55MB, paused 527us total 63.018ms
08-04 02:15:17.023 16244 16791 I art     : Starting a blocking GC Explicit
08-04 02:15:17.110 16244 16791 I art     : Explicit concurrent mark sweep GC freed 1354(82KB) AllocSpace objects, 1(20KB) LOS objects, 28% free, 39MB/55MB, paused 637us total 86.919ms
08-04 02:15:17.135 16244 16791 I art     : Starting a blocking GC Explicit
08-04 02:15:17.212 16244 16791 I art     : Explicit concurrent mark sweep GC freed 20(704B) AllocSpace objects, 0(0B) LOS objects, 28% free, 39MB/55MB, paused 599us total 77.055ms
08-04 02:15:17.235 16244 16791 I art     : Starting a blocking GC Explicit
08-04 02:15:17.308 16244 16791 I art     : Explicit concurrent mark sweep GC freed 3(96B) AllocSpace objects, 0(0B) LOS objects, 28% free, 39MB/55MB, paused 622us total 71.871ms
08-04 02:15:17.329 16244 16791 I art     : Starting a blocking GC Explicit
08-04 02:15:17.401 16244 16791 I art     : Explicit concurrent mark sweep GC freed 3(96B) AllocSpace objects, 0(0B) LOS objects, 28% free, 39MB/55MB, paused 542us total 71.640ms
08-04 02:15:17.423 16244 16791 I art     : Starting a blocking GC Explicit
08-04 02:15:17.492 16244 16791 I art     : Explicit concurrent mark sweep GC freed 3(96B) AllocSpace objects, 0(0B) LOS objects, 28% free, 39MB/55MB, paused 548us total 69.412ms
08-04 02:15:17.857 16244 16266 I art     : Starting a blocking GC Explicit
08-04 02:15:17.943 16244 16266 I art     : Explicit concurrent mark sweep GC freed 1354(82KB) AllocSpace objects, 1(20KB) LOS objects, 28% free, 39MB/55MB, paused 602us total 86.093ms
08-04 02:15:17.968 16244 16266 I art     : Starting a blocking GC Explicit
08-04 02:15:18.041 16244 16266 I art     : Explicit concurrent mark sweep GC freed 20(704B) AllocSpace objects, 0(0B) LOS objects, 28% free, 39MB/55MB, paused 528us total 72.113ms
08-04 02:15:18.062 16244 16266 I art     : Starting a blocking GC Explicit
08-04 02:15:18.134 16244 16266 I art     : Explicit concurrent mark sweep GC freed 3(96B) AllocSpace objects, 0(0B) LOS objects, 28% free, 39MB/55MB, paused 549us total 71.438ms
08-04 02:15:18.155 16244 16266 I art     : Starting a blocking GC Explicit
08-04 02:15:18.226 16244 16266 I art     : Explicit concurrent mark sweep GC freed 3(96B) AllocSpace objects, 0(0B) LOS objects, 28% free, 39MB/55MB, paused 570us total 70.678ms
08-04 02:15:18.252 16244 16266 I art     : Starting a blocking GC Explicit
08-04 02:15:18.327 16244 16266 I art     : Explicit concurrent mark sweep GC freed 3(96B) AllocSpace objects, 0(0B) LOS objects, 28% free, 39MB/55MB, paused 599us total 74.796ms
08-04 02:15:18.706 16244 16256 I art     : Starting a blocking GC Explicit
08-04 02:15:18.799 16244 16256 I art     : Explicit concurrent mark sweep GC freed 1354(82KB) AllocSpace objects, 1(20KB) LOS objects, 28% free, 39MB/55MB, paused 675us total 92.582ms
08-04 02:15:18.824 16244 16256 I art     : Starting a blocking GC Explicit
08-04 02:15:18.894 16244 16256 I art     : Explicit concurrent mark sweep GC freed 20(704B) AllocSpace objects, 0(0B) LOS objects, 28% free, 39MB/55MB, paused 549us total 69.947ms
08-04 02:15:18.916 16244 16256 I art     : Starting a blocking GC Explicit
08-04 02:15:18.987 16244 16256 I art     : Explicit concurrent mark sweep GC freed 3(96B) AllocSpace objects, 0(0B) LOS objects, 28% free, 39MB/55MB, paused 712us total 71.425ms
08-04 02:15:19.009 16244 16256 I art     : Starting a blocking GC Explicit
08-04 02:15:19.084 16244 16256 I art     : Explicit concurrent mark sweep GC freed 3(96B) AllocSpace objects, 0(0B) LOS objects, 28% free, 39MB/55MB, paused 592us total 74.273ms
08-04 02:15:19.107 16244 16256 I art     : Starting a blocking GC Explicit
08-04 02:15:19.180 16244 16256 I art     : Explicit concurrent mark sweep GC freed 3(96B) AllocSpace objects, 0(0B) LOS objects, 28% free, 39MB/55MB, paused 536us total 72.177ms
08-04 02:15:19.495   518   646 I ThermalEngine: ACTION: GPU - Setting GPU[0] to 510000000
08-04 02:15:19.542 16244 16757 I art     : Starting a blocking GC Explicit
08-04 02:15:19.601 16244 16757 I art     : Explicit concurrent mark sweep GC freed 1354(82KB) AllocSpace objects, 1(20KB) LOS objects, 28% free, 39MB/55MB, paused 423us total 59.101ms
08-04 02:15:19.618 16244 16757 I art     : Starting a blocking GC Explicit
08-04 02:15:19.671 16244 16757 I art     : Explicit concurrent mark sweep GC freed 20(704B) AllocSpace objects, 0(0B) LOS objects, 28% free, 39MB/55MB, paused 366us total 52.917ms
08-04 02:15:19.688 16244 16757 I art     : Starting a blocking GC Explicit
08-04 02:15:19.734 16244 16757 I art     : Explicit concurrent mark sweep GC freed 3(96B) AllocSpace objects, 0(0B) LOS objects, 28% free, 39MB/55MB, paused 380us total 46.213ms
08-04 02:15:19.750 16244 16757 I art     : Starting a blocking GC Explicit
08-04 02:15:19.800 16244 16757 I art     : Explicit concurrent mark sweep GC freed 3(96B) AllocSpace objects, 0(0B) LOS objects, 28% free, 39MB/55MB, paused 376us total 49.826ms
08-04 02:15:19.816 16244 16757 I art     : Starting a blocking GC Explicit
08-04 02:15:19.866 16244 16757 I art     : Explicit concurrent mark sweep GC freed 3(96B) AllocSpace objects, 0(0B) LOS objects, 28% free, 39MB/55MB, paused 405us total 50.202ms
08-04 02:15:20.120 19887 19887 D AndroidRuntime: >>>>>> START com.android.internal.os.RuntimeInit uid 2000 <<<<<<
08-04 02:15:20.125 19887 19887 D AndroidRuntime: CheckJNI is OFF
08-04 02:15:20.160 19887 19887 D ICU     : No timezone override file found: /data/misc/zoneinfo/current/icu/icu_tzdata.dat
08-04 02:15:20.192 16244 19511 I art     : Starting a blocking GC Explicit
08-04 02:15:20.194 19887 19887 I Radio-JNI: register_android_hardware_Radio DONE
08-04 02:15:20.217 19887 19887 D AndroidRuntime: Calling main entry com.android.commands.input.Input
08-04 02:15:20.219 19887 19887 I Input   : injectKeyEvent: KeyEvent { action=ACTION_DOWN, keyCode=KEYCODE_BACK, scanCode=0, metaState=0, flags=0x0, repeatCount=0, eventTime=670536632, downTime=670536632, deviceId=-1, source=0x101 }
08-04 02:15:20.225 19887 19887 I Input   : injectKeyEvent: KeyEvent { action=ACTION_UP, keyCode=KEYCODE_BACK, scanCode=0, metaState=0, flags=0x0, repeatCount=0, eventTime=670536632, downTime=670536632, deviceId=-1, source=0x101 }
08-04 02:15:20.232 19887 19887 D AndroidRuntime: Shutting down VM
08-04 02:15:20.245 16244 19511 I art     : Explicit concurrent mark sweep GC freed 1485(87KB) AllocSpace objects, 1(20KB) LOS objects, 28% free, 39MB/55MB, paused 404us total 52.879ms
08-04 02:15:20.261 16244 19511 I art     : Starting a blocking GC Explicit
08-04 02:15:20.270 13866 13866 I GoogleInputMethodServic: GoogleInputMethodService.onFinishInput():3138 
08-04 02:15:20.271 13866 13866 I GoogleInputMethodServic: GoogleInputMethodService.onStartInput():1808 
08-04 02:15:20.306 16244 19511 I art     : Explicit concurrent mark sweep GC freed 118(4KB) AllocSpace objects, 0(0B) LOS objects, 28% free, 39MB/55MB, paused 428us total 44.985ms
08-04 02:15:20.323 16244 19511 I art     : Starting a blocking GC Explicit
08-04 02:15:20.366 16244 19511 I art     : Explicit concurrent mark sweep GC freed 47(1552B) AllocSpace objects, 0(0B) LOS objects, 28% free, 39MB/55MB, paused 335us total 42.090ms
08-04 02:15:20.382 16244 19511 I art     : Starting a blocking GC Explicit
08-04 02:15:20.432 16244 19511 I art     : Explicit concurrent mark sweep GC freed 3(96B) AllocSpace objects, 0(0B) LOS objects, 28% free, 39MB/55MB, paused 378us total 49.648ms
08-04 02:15:20.448 16244 19511 I art     : Starting a blocking GC Explicit
08-04 02:15:20.476 16244 19836 I RedditChangeDataIO: Writing tmp data file at '/data/user/0/baseline.org.quantumbadger.redreader/files/rr_change_data_tmp.dat'
08-04 02:15:20.477 16244 19836 I RedditChangeDataManager: Taking snapshot...
08-04 02:15:20.477 16244 19836 I RedditChangeDataManager: Writing to stream...
08-04 02:15:20.477 16244 19836 I RedditChangeDataManager: Wrote 6 entries for user ''
08-04 02:15:20.477 16244 19836 I RedditChangeDataManager: All entries written to stream.
08-04 02:15:20.477 16244 19836 I RedditChangeDataIO: Write successful. Atomically replacing data file...
08-04 02:15:20.478 16244 19836 I RedditChangeDataIO: Write complete.
08-04 02:15:20.478 16244 19836 I RedditChangeDataIO: 158 bytes written in 2 ms
08-04 02:15:20.498 16244 19511 I art     : Explicit concurrent mark sweep GC freed 82(4KB) AllocSpace objects, 1(68KB) LOS objects, 28% free, 39MB/55MB, paused 428us total 50.056ms
08-04 02:15:20.591   380   380 W SurfaceFlinger: couldn't log to binary event log: overflow.
08-04 02:15:20.776 16244 19511 I art     : Starting a blocking GC Explicit
08-04 02:15:20.841 16244 19511 I art     : Explicit concurrent mark sweep GC freed 1418(85KB) AllocSpace objects, 1(20KB) LOS objects, 28% free, 39MB/55MB, paused 492us total 64.738ms
08-04 02:15:20.863 16244 19511 I art     : Starting a blocking GC Explicit
08-04 02:15:20.906 16244 19511 I art     : Explicit concurrent mark sweep GC freed 41396(2MB) AllocSpace objects, 5(140KB) LOS objects, 29% free, 37MB/53MB, paused 385us total 42.933ms
08-04 02:15:20.921 16244 19511 I art     : Starting a blocking GC Explicit
08-04 02:15:20.962 16244 19511 I art     : Explicit concurrent mark sweep GC freed 3(96B) AllocSpace objects, 0(0B) LOS objects, 29% free, 37MB/53MB, paused 401us total 40.793ms
08-04 02:15:20.977 16244 19511 I art     : Starting a blocking GC Explicit
08-04 02:15:21.018 16244 19511 I art     : Explicit concurrent mark sweep GC freed 3(96B) AllocSpace objects, 0(0B) LOS objects, 29% free, 37MB/53MB, paused 418us total 40.293ms
08-04 02:15:21.032 16244 19511 I art     : Starting a blocking GC Explicit
08-04 02:15:21.073 16244 19511 I art     : Explicit concurrent mark sweep GC freed 3(96B) AllocSpace objects, 0(0B) LOS objects, 29% free, 37MB/53MB, paused 395us total 39.857ms
08-04 02:15:21.389 16244 16255 I art     : Starting a blocking GC Explicit
08-04 02:15:21.441 16244 16255 I art     : Explicit concurrent mark sweep GC freed 1354(82KB) AllocSpace objects, 1(20KB) LOS objects, 29% free, 37MB/53MB, paused 452us total 51.774ms
08-04 02:15:21.462 16244 16255 I art     : Starting a blocking GC Explicit
08-04 02:15:21.498 16244 16255 I art     : Explicit concurrent mark sweep GC freed 20(704B) AllocSpace objects, 0(0B) LOS objects, 29% free, 37MB/53MB, paused 363us total 36.184ms
08-04 02:15:21.511 16244 16255 I art     : Starting a blocking GC Explicit
08-04 02:15:21.546 16244 16255 I art     : Explicit concurrent mark sweep GC freed 3(96B) AllocSpace objects, 0(0B) LOS objects, 29% free, 37MB/53MB, paused 340us total 34.770ms
08-04 02:15:21.560 16244 16255 I art     : Starting a blocking GC Explicit
08-04 02:15:21.597 16244 16255 I art     : Explicit concurrent mark sweep GC freed 3(96B) AllocSpace objects, 0(0B) LOS objects, 29% free, 37MB/53MB, paused 378us total 36.827ms
08-04 02:15:21.611 16244 16255 I art     : Starting a blocking GC Explicit
08-04 02:15:21.649 16244 16255 I art     : Explicit concurrent mark sweep GC freed 3(96B) AllocSpace objects, 0(0B) LOS objects, 29% free, 37MB/53MB, paused 381us total 37.826ms
08-04 02:15:21.879 19930 19930 D AndroidRuntime: >>>>>> START com.android.internal.os.RuntimeInit uid 2000 <<<<<<
08-04 02:15:21.884 19930 19930 D AndroidRuntime: CheckJNI is OFF
08-04 02:15:21.920 19930 19930 D ICU     : No timezone override file found: /data/misc/zoneinfo/current/icu/icu_tzdata.dat
08-04 02:15:21.948 16244 16791 I art     : Starting a blocking GC Explicit
08-04 02:15:21.953 19930 19930 I Radio-JNI: register_android_hardware_Radio DONE
08-04 02:15:21.977 19930 19930 D AndroidRuntime: Calling main entry com.android.commands.input.Input
08-04 02:15:21.978 19930 19930 I Input   : injectKeyEvent: KeyEvent { action=ACTION_DOWN, keyCode=KEYCODE_BACK, scanCode=0, metaState=0, flags=0x0, repeatCount=0, eventTime=670538391, downTime=670538391, deviceId=-1, source=0x101 }
08-04 02:15:21.983 19930 19930 I Input   : injectKeyEvent: KeyEvent { action=ACTION_UP, keyCode=KEYCODE_BACK, scanCode=0, metaState=0, flags=0x0, repeatCount=0, eventTime=670538391, downTime=670538391, deviceId=-1, source=0x101 }
08-04 02:15:21.988 16244 16791 I art     : Explicit concurrent mark sweep GC freed 1356(82KB) AllocSpace objects, 1(20KB) LOS objects, 29% free, 37MB/53MB, paused 488us total 39.988ms
08-04 02:15:21.989 19930 19930 D AndroidRuntime: Shutting down VM
08-04 02:15:22.003 16244 16791 I art     : Starting a blocking GC Explicit
08-04 02:15:22.031 13866 13866 I GoogleInputMethodServic: GoogleInputMethodService.onFinishInput():3138 
08-04 02:15:22.032 13866 13866 I GoogleInputMethodServic: GoogleInputMethodService.onStartInput():1808 
08-04 02:15:22.037 16244 16791 I art     : Explicit concurrent mark sweep GC freed 131(4KB) AllocSpace objects, 0(0B) LOS objects, 29% free, 37MB/53MB, paused 611us total 34.204ms
08-04 02:15:22.053 16244 16791 I art     : Starting a blocking GC Explicit
08-04 02:15:22.090 16244 16791 I art     : Explicit concurrent mark sweep GC freed 53(1872B) AllocSpace objects, 0(0B) LOS objects, 29% free, 37MB/53MB, paused 409us total 36.574ms
08-04 02:15:22.104 16244 16791 I art     : Starting a blocking GC Explicit
08-04 02:15:22.139 16244 16791 I art     : Explicit concurrent mark sweep GC freed 24(816B) AllocSpace objects, 0(0B) LOS objects, 29% free, 37MB/53MB, paused 365us total 34.723ms
08-04 02:15:22.153 16244 16791 I art     : Starting a blocking GC Explicit
08-04 02:15:22.190 16244 16791 I art     : Explicit concurrent mark sweep GC freed 3(96B) AllocSpace objects, 0(0B) LOS objects, 29% free, 37MB/53MB, paused 381us total 37.404ms
08-04 02:15:22.469 16244 16266 I art     : Starting a blocking GC Explicit
08-04 02:15:22.519 16244 16266 I art     : Explicit concurrent mark sweep GC freed 1412(84KB) AllocSpace objects, 1(20KB) LOS objects, 29% free, 37MB/53MB, paused 517us total 49.614ms
08-04 02:15:22.536 16244 16266 I art     : Starting a blocking GC Explicit
08-04 02:15:22.578 16244 16266 I art     : Explicit concurrent mark sweep GC freed 150(7KB) AllocSpace objects, 0(0B) LOS objects, 29% free, 37MB/53MB, paused 465us total 41.687ms
08-04 02:15:22.593 16244 16266 I art     : Starting a blocking GC Explicit
08-04 02:15:22.635 16244 16266 I art     : Explicit concurrent mark sweep GC freed 3(96B) AllocSpace objects, 0(0B) LOS objects, 29% free, 37MB/53MB, paused 428us total 41.450ms
08-04 02:15:22.650 16244 16266 I art     : Starting a blocking GC Explicit
08-04 02:15:22.691 16244 16266 I art     : Explicit concurrent mark sweep GC freed 3(96B) AllocSpace objects, 0(0B) LOS objects, 29% free, 37MB/53MB, paused 436us total 41.407ms
08-04 02:15:22.706 16244 16266 I art     : Starting a blocking GC Explicit
08-04 02:15:22.749 16244 16266 I art     : Explicit concurrent mark sweep GC freed 3(96B) AllocSpace objects, 0(0B) LOS objects, 29% free, 37MB/53MB, paused 442us total 42.093ms
08-04 02:15:23.065 16244 16791 I art     : Starting a blocking GC Explicit
08-04 02:15:23.118 16244 16791 I art     : Explicit concurrent mark sweep GC freed 1354(82KB) AllocSpace objects, 1(20KB) LOS objects, 29% free, 37MB/53MB, paused 489us total 52.708ms
08-04 02:15:23.135 16244 16791 I art     : Starting a blocking GC Explicit
08-04 02:15:23.178 16244 16791 I art     : Explicit concurrent mark sweep GC freed 20(704B) AllocSpace objects, 0(0B) LOS objects, 29% free, 37MB/53MB, paused 454us total 42.101ms
08-04 02:15:23.193 16244 16791 I art     : Starting a blocking GC Explicit
08-04 02:15:23.233 16244 16791 I art     : Explicit concurrent mark sweep GC freed 3(96B) AllocSpace objects, 0(0B) LOS objects, 29% free, 37MB/53MB, paused 381us total 40.339ms
08-04 02:15:23.249 16244 16791 I art     : Starting a blocking GC Explicit
08-04 02:15:23.287 16244 16791 I art     : Explicit concurrent mark sweep GC freed 3(96B) AllocSpace objects, 0(0B) LOS objects, 29% free, 37MB/53MB, paused 405us total 37.981ms
08-04 02:15:23.301 16244 16791 I art     : Starting a blocking GC Explicit
08-04 02:15:23.339 16244 16791 I art     : Explicit concurrent mark sweep GC freed 3(96B) AllocSpace objects, 0(0B) LOS objects, 29% free, 37MB/53MB, paused 417us total 37.479ms
08-04 02:15:23.635 16244 19511 I art     : Starting a blocking GC Explicit
08-04 02:15:23.650 19973 19973 D AndroidRuntime: >>>>>> START com.android.internal.os.RuntimeInit uid 2000 <<<<<<
08-04 02:15:23.655 19973 19973 D AndroidRuntime: CheckJNI is OFF
08-04 02:15:23.676 16244 19511 I art     : Explicit concurrent mark sweep GC freed 1354(82KB) AllocSpace objects, 1(20KB) LOS objects, 29% free, 37MB/53MB, paused 502us total 41.194ms
08-04 02:15:23.691 16244 19511 I art     : Starting a blocking GC Explicit
08-04 02:15:23.694 19973 19973 D ICU     : No timezone override file found: /data/misc/zoneinfo/current/icu/icu_tzdata.dat
08-04 02:15:23.729 19973 19973 I Radio-JNI: register_android_hardware_Radio DONE
08-04 02:15:23.730 16244 19511 I art     : Explicit concurrent mark sweep GC freed 20(704B) AllocSpace objects, 0(0B) LOS objects, 29% free, 37MB/53MB, paused 459us total 38.656ms
08-04 02:15:23.744 16244 19511 I art     : Starting a blocking GC Explicit
08-04 02:15:23.753 19973 19973 D AndroidRuntime: Calling main entry com.android.commands.input.Input
08-04 02:15:23.754 19973 19973 I Input   : injectMotionEvent: MotionEvent { action=ACTION_DOWN, actionButton=0, id[0]=0, x[0]=600.0, y[0]=1733.0, toolType[0]=TOOL_TYPE_UNKNOWN, buttonState=0, metaState=0, flags=0x0, edgeFlags=0x0, pointerCount=1, historySize=0, eventTime=670540167, downTime=670540167, deviceId=0, source=0x1002 }
08-04 02:15:23.760 19973 19973 I Input   : injectMotionEvent: MotionEvent { action=ACTION_UP, actionButton=0, id[0]=0, x[0]=600.0, y[0]=1733.0, toolType[0]=TOOL_TYPE_UNKNOWN, buttonState=0, metaState=0, flags=0x0, edgeFlags=0x0, pointerCount=1, historySize=0, eventTime=670540167, downTime=670540167, deviceId=0, source=0x1002 }
08-04 02:15:23.762 19973 19973 D AndroidRuntime: Shutting down VM
08-04 02:15:23.781   512  2967 D audio_hw_primary: out_set_parameters: enter: usecase(1: low-latency-playback) kvpairs: routing=2
08-04 02:15:23.782 16244 19511 I art     : Explicit concurrent mark sweep GC freed 54(1760B) AllocSpace objects, 0(0B) LOS objects, 29% free, 37MB/53MB, paused 524us total 38.053ms
08-04 02:15:23.783   918  3961 I ActivityManager: START u0 {dat=https://oauth.reddit.com/... cmp=baseline.org.quantumbadger.redreader/.activities.PostListingActivity} from uid 10666 on display 0
08-04 02:15:23.794   512  2967 D audio_hw_primary: select_devices: out_snd_device(2: speaker) in_snd_device(0: none)
08-04 02:15:23.794   512  2967 D msm8974_platform: platform_send_audio_calibration: sending audio calibration for snd_device(2) acdb_id(15)
08-04 02:15:23.794   512  2967 I soundtrigger: audio_extn_sound_trigger_update_device_status: device 0x2 of type 0 for Event 1
08-04 02:15:23.797 16244 19511 I art     : Starting a blocking GC Explicit
08-04 02:15:23.804 16244 16244 I AppCompatViewInflater: app:theme is now deprecated. Please move to using android:theme instead.
08-04 02:15:23.805   512  2967 D audio_hw_primary: enable_snd_device: snd_device(2: speaker)
08-04 02:15:23.807   512  2967 D audio_hw_primary: enable_audio_route: apply and update mixer path: low-latency-playback speaker
08-04 02:15:23.826 16244 19997 D OK      : calling: https://oauth.reddit.com/r/aww/about.json
08-04 02:15:23.836 16244 19511 I art     : Explicit concurrent mark sweep GC freed 852(65KB) AllocSpace objects, 0(0B) LOS objects, 29% free, 37MB/53MB, paused 525us total 38.463ms
08-04 02:15:23.849 16244 19511 I art     : Starting a blocking GC Explicit
08-04 02:15:23.884   918   936 I ActivityManager: Displayed baseline.org.quantumbadger.redreader/.activities.PostListingActivity: +91ms
08-04 02:15:23.884 16244 19511 I art     : Explicit concurrent mark sweep GC freed 909(46KB) AllocSpace objects, 0(0B) LOS objects, 29% free, 37MB/53MB, paused 473us total 34.468ms
08-04 02:15:23.886 13866 13866 I GoogleInputMethodServic: GoogleInputMethodService.onFinishInput():3138 
08-04 02:15:23.887 13866 13866 I GoogleInputMethodServic: GoogleInputMethodService.onStartInput():1808 
08-04 02:15:24.149 16244 19997 I NAPPA_EXPERIMENTATION: MetricNetworkRequestExecutionTime: REQUEST_DURATION_SYSTEM='323',REQUEST_DURATION_OKHTTP='143',REQUEST_SYNCHRONOUS='TRUE',RESPONSE_CODE='200',RESPONSE_METHOD='GET',RESPONSE_LENGTH_OKHTTP='-1',RESPONSE_LENGTH_HEADER='3478',REQUEST_PROTOCOL='h2',REQUEST_URL='https://oauth.reddit.com/r/aww/about.json',
08-04 02:15:24.149 16244 19997 D OK      : request got status: 200
08-04 02:15:24.159   380   380 W SurfaceFlinger: couldn't log to binary event log: overflow.
08-04 02:15:24.195 16244 16266 I art     : Starting a blocking GC Explicit
08-04 02:15:24.232 16244 16266 I art     : Explicit concurrent mark sweep GC freed 4633(338KB) AllocSpace objects, 2(88KB) LOS objects, 29% free, 37MB/53MB, paused 395us total 36.662ms
08-04 02:15:24.245 16244 16266 I art     : Starting a blocking GC Explicit
08-04 02:15:24.285 16244 16266 I art     : Explicit concurrent mark sweep GC freed 693(45KB) AllocSpace objects, 1(68KB) LOS objects, 29% free, 37MB/53MB, paused 530us total 39.849ms
08-04 02:15:24.300 16244 16266 I art     : Starting a blocking GC Explicit
08-04 02:15:24.338 16244 16266 I art     : Explicit concurrent mark sweep GC freed 16(576B) AllocSpace objects, 0(0B) LOS objects, 29% free, 37MB/53MB, paused 453us total 37.430ms
08-04 02:15:24.350   512  2967 D audio_hw_primary: disable_audio_route: reset and update mixer path: low-latency-playback speaker
08-04 02:15:24.351 16244 16266 I art     : Starting a blocking GC Explicit
08-04 02:15:24.352   512  2967 D audio_hw_primary: disable_snd_device: snd_device(2: speaker)
08-04 02:15:24.359   512  2967 I soundtrigger: audio_extn_sound_trigger_update_device_status: device 0x2 of type 0 for Event 0
08-04 02:15:24.391 16244 16266 I art     : Explicit concurrent mark sweep GC freed 3(96B) AllocSpace objects, 0(0B) LOS objects, 29% free, 37MB/53MB, paused 442us total 39.204ms
08-04 02:15:24.406 16244 16266 I art     : Starting a blocking GC Explicit
08-04 02:15:24.445 16244 16266 I art     : Explicit concurrent mark sweep GC freed 3(96B) AllocSpace objects, 0(0B) LOS objects, 29% free, 37MB/53MB, paused 451us total 39.322ms
08-04 02:15:24.507   518   646 I ThermalEngine: ACTION: GPU - Setting GPU[0] to 450000000
08-04 02:15:24.779 16244 16255 I art     : Starting a blocking GC Explicit
08-04 02:15:24.831 16244 16255 I art     : Explicit concurrent mark sweep GC freed 1413(85KB) AllocSpace objects, 1(20KB) LOS objects, 29% free, 37MB/53MB, paused 714us total 51.884ms
08-04 02:15:24.850 16244 16255 I art     : Starting a blocking GC Explicit
08-04 02:15:24.898 16244 16255 I art     : Explicit concurrent mark sweep GC freed 20(704B) AllocSpace objects, 0(0B) LOS objects, 29% free, 37MB/53MB, paused 591us total 48.267ms
08-04 02:15:24.917 16244 16255 I art     : Starting a blocking GC Explicit
08-04 02:15:24.965 16244 16255 I art     : Explicit concurrent mark sweep GC freed 3(96B) AllocSpace objects, 0(0B) LOS objects, 29% free, 37MB/53MB, paused 592us total 48.131ms
08-04 02:15:24.985 16244 16255 I art     : Starting a blocking GC Explicit
08-04 02:15:25.024 16244 20021 D OK      : calling: https://oauth.reddit.com/r/aww/hot/.json
08-04 02:15:25.030 16244 16255 I art     : Explicit concurrent mark sweep GC freed 94(3KB) AllocSpace objects, 0(0B) LOS objects, 29% free, 37MB/53MB, paused 594us total 45.279ms
08-04 02:15:25.049 16244 16255 I art     : Starting a blocking GC Explicit
08-04 02:15:25.098 16244 16255 I art     : Explicit concurrent mark sweep GC freed 20(832B) AllocSpace objects, 0(0B) LOS objects, 29% free, 37MB/53MB, paused 593us total 48.864ms
08-04 02:15:25.258 16244 20021 I NAPPA_EXPERIMENTATION: MetricNetworkRequestExecutionTime: REQUEST_DURATION_SYSTEM='234',REQUEST_DURATION_OKHTTP='230',REQUEST_SYNCHRONOUS='TRUE',RESPONSE_CODE='200',RESPONSE_METHOD='GET',RESPONSE_LENGTH_OKHTTP='-1',RESPONSE_LENGTH_HEADER='33430',REQUEST_PROTOCOL='h2',REQUEST_URL='https://oauth.reddit.com/r/aww/hot/.json',
08-04 02:15:25.258 16244 20021 D OK      : request got status: 200
08-04 02:15:25.274 16244 19381 I PostListingFragment: Precaching images: OFF
08-04 02:15:25.274 16244 19381 I PostListingFragment: Precaching comments: OFF
08-04 02:15:25.299 16244 19381 I getImgurImageInfo: Image NSO7Npm: trying API v3 with auth
08-04 02:15:25.432 16244 19511 I art     : Starting a blocking GC Explicit
08-04 02:15:25.454 16244 20033 I RedditVideosAPI: For 'https://v.redd.it/s9qqadf3mid51/DASHPlaylist.mpd', got video stream 'https://v.redd.it/s9qqadf3mid51/DASH_480' and audio stream 'https://v.redd.it/s9qqadf3mid51/audio'
08-04 02:15:25.460 16244 20029 I RedditVideosAPI: For 'https://v.redd.it/ak6rer1hskd51/DASHPlaylist.mpd', got video stream 'https://v.redd.it/ak6rer1hskd51/DASH_360' and audio stream 'null'
08-04 02:15:25.468 16244 20033 I RedditVideosAPI: For 'https://v.redd.it/fkewv2f65kd51/DASHPlaylist.mpd', got video stream 'https://v.redd.it/fkewv2f65kd51/DASH_480' and audio stream 'https://v.redd.it/fkewv2f65kd51/audio'
08-04 02:15:25.480 16244 20033 I RedditVideosAPI: For 'https://v.redd.it/h49fg58ygjd51/DASHPlaylist.mpd', got video stream 'https://v.redd.it/h49fg58ygjd51/DASH_480' and audio stream 'null'
08-04 02:15:25.481 16244 20033 I RedditVideosAPI: For 'https://v.redd.it/1ewzkieg0jd51/DASHPlaylist.mpd', got video stream 'https://v.redd.it/1ewzkieg0jd51/DASH_480' and audio stream 'https://v.redd.it/1ewzkieg0jd51/audio'
08-04 02:15:25.481 16244 20029 I RedditVideosAPI: For 'https://v.redd.it/ppmhu2r9thd51/DASHPlaylist.mpd', got video stream 'https://v.redd.it/ppmhu2r9thd51/DASH_480' and audio stream 'null'
08-04 02:15:25.484 16244 20029 I RedditVideosAPI: For 'https://v.redd.it/ty24o02m1hd51/DASHPlaylist.mpd', got video stream 'https://v.redd.it/ty24o02m1hd51/DASH_480' and audio stream 'null'
08-04 02:15:25.484 16244 20033 I RedditVideosAPI: For 'https://v.redd.it/b8vazlcb7ld51/DASHPlaylist.mpd', got video stream 'https://v.redd.it/b8vazlcb7ld51/DASH_480' and audio stream 'https://v.redd.it/b8vazlcb7ld51/audio'
08-04 02:15:25.485 16244 20029 I RedditVideosAPI: For 'https://v.redd.it/ar5k8892pid51/DASHPlaylist.mpd', got video stream 'https://v.redd.it/ar5k8892pid51/DASH_360' and audio stream 'https://v.redd.it/ar5k8892pid51/audio'
08-04 02:15:25.491 16244 19511 I art     : Explicit concurrent mark sweep GC freed 27018(2MB) AllocSpace objects, 94(5MB) LOS objects, 26% free, 44MB/60MB, paused 1.088ms total 59.266ms
08-04 02:15:25.511 16244 19511 I art     : Starting a blocking GC Explicit
08-04 02:15:25.538 16244 16244 W RecyclerView: Cannot call this method in a scroll callback. Scroll callbacks mightbe run during a measure & layout pass where you cannot change theRecyclerView data. Any method call that might change the structureof the RecyclerView or the adapter contents should be postponed tothe next frame.
08-04 02:15:25.538 16244 16244 W RecyclerView: java.lang.IllegalStateException:  androidx.recyclerview.widget.RecyclerView{d81e66e VFED..... .F....ID 0,0-1440,2140 #7f0900ef app:id/scrollbar_recyclerview_recyclerview}, adapter:baseline.org.quantumbadger.redreader.adapters.GroupedRecyclerViewAdapter@b98d10f, layout:androidx.recyclerview.widget.LinearLayoutManager@5dc59c, context:baseline.org.quantumbadger.redreader.activities.PostListingActivity@62b42bb
08-04 02:15:25.538 16244 16244 W RecyclerView: 	at androidx.recyclerview.widget.RecyclerView.assertNotInLayoutOrScroll(RecyclerView.java:3061)
08-04 02:15:25.538 16244 16244 W RecyclerView: 	at androidx.recyclerview.widget.RecyclerView$RecyclerViewDataObserver.onItemRangeInserted(RecyclerView.java:5555)
08-04 02:15:25.538 16244 16244 W RecyclerView: 	at androidx.recyclerview.widget.RecyclerView$AdapterDataObservable.notifyItemRangeInserted(RecyclerView.java:12278)
08-04 02:15:25.538 16244 16244 W RecyclerView: 	at androidx.recyclerview.widget.RecyclerView$Adapter.notifyItemInserted(RecyclerView.java:7464)
08-04 02:15:25.538 16244 16244 W RecyclerView: 	at baseline.org.quantumbadger.redreader.adapters.GroupedRecyclerViewAdapter.updateHiddenStatus(GroupedRecyclerViewAdapter.java:279)
08-04 02:15:25.538 16244 16244 W RecyclerView: 	at baseline.org.quantumbadger.redreader.adapters.RedditListingManager.setLoadingVisible(RedditListingManager.java:125)
08-04 02:15:25.538 16244 16244 W RecyclerView: 	at baseline.org.quantumbadger.redreader.fragments.PostListingFragment.onLoadMoreItemsCheck(PostListingFragment.java:465)
08-04 02:15:25.538 16244 16244 W RecyclerView: 	at baseline.org.quantumbadger.redreader.fragments.PostListingFragment.access$000(PostListingFragment.java:98)
08-04 02:15:25.538 16244 16244 W RecyclerView: 	at baseline.org.quantumbadger.redreader.fragments.PostListingFragment$2.onScrolled(PostListingFragment.java:215)
08-04 02:15:25.538 16244 16244 W RecyclerView: 	at androidx.recyclerview.widget.RecyclerView.dispatchOnScrolled(RecyclerView.java:5173)
08-04 02:15:25.538 16244 16244 W RecyclerView: 	at androidx.recyclerview.widget.RecyclerView.dispatchLayoutStep3(RecyclerView.java:4231)
08-04 02:15:25.538 16244 16244 W RecyclerView: 	at androidx.recyclerview.widget.RecyclerView.dispatchLayout(RecyclerView.java:3862)
08-04 02:15:25.538 16244 16244 W RecyclerView: 	at androidx.recyclerview.widget.RecyclerView.consumePendingUpdateOperations(RecyclerView.java:1897)
08-04 02:15:25.538 16244 16244 W RecyclerView: 	at androidx.recyclerview.widget.RecyclerView$1.run(RecyclerView.java:414)
08-04 02:15:25.538 16244 16244 W RecyclerView: 	at android.view.Choreographer$CallbackRecord.run(Choreographer.java:858)
08-04 02:15:25.538 16244 16244 W RecyclerView: 	at android.view.Choreographer.doCallbacks(Choreographer.java:670)
08-04 02:15:25.538 16244 16244 W RecyclerView: 	at android.view.Choreographer.doFrame(Choreographer.java:603)
08-04 02:15:25.538 16244 16244 W RecyclerView: 	at android.view.Choreographer$FrameDisplayEventReceiver.run(Choreographer.java:844)
08-04 02:15:25.538 16244 16244 W RecyclerView: 	at android.os.Handler.handleCallback(Handler.java:739)
08-04 02:15:25.538 16244 16244 W RecyclerView: 	at android.os.Handler.dispatchMessage(Handler.java:95)
08-04 02:15:25.538 16244 16244 W RecyclerView: 	at android.os.Looper.loop(Looper.java:148)
08-04 02:15:25.538 16244 16244 W RecyclerView: 	at android.app.ActivityThread.main(ActivityThread.java:5417)
08-04 02:15:25.538 16244 16244 W RecyclerView: 	at java.lang.reflect.Method.invoke(Native Method)
08-04 02:15:25.538 16244 16244 W RecyclerView: 	at com.android.internal.os.ZygoteInit$MethodAndArgsCaller.run(ZygoteInit.java:726)
08-04 02:15:25.538 16244 16244 W RecyclerView: 	at com.android.internal.os.ZygoteInit.main(ZygoteInit.java:616)
08-04 02:15:25.562 16244 19511 I art     : Explicit concurrent mark sweep GC freed 25103(1403KB) AllocSpace objects, 3(204KB) LOS objects, 27% free, 43MB/59MB, paused 936us total 51.240ms
08-04 02:15:25.582 16244 19511 I art     : Starting a blocking GC Explicit
08-04 02:15:25.632 16244 19511 I art     : Explicit concurrent mark sweep GC freed 264(9KB) AllocSpace objects, 0(0B) LOS objects, 27% free, 43MB/59MB, paused 643us total 50.166ms
08-04 02:15:25.652 16244 19511 I art     : Starting a blocking GC Explicit
08-04 02:15:25.706 16244 19511 I art     : Explicit concurrent mark sweep GC freed 157(8KB) AllocSpace objects, 0(0B) LOS objects, 27% free, 43MB/59MB, paused 685us total 53.861ms
08-04 02:15:25.733 16244 19511 I art     : Starting a blocking GC Explicit
08-04 02:15:25.786 16244 19511 I art     : Explicit concurrent mark sweep GC freed 90(5KB) AllocSpace objects, 0(0B) LOS objects, 27% free, 43MB/59MB, paused 556us total 52.937ms
08-04 02:15:26.138 16244 16256 I art     : Starting a blocking GC Explicit
08-04 02:15:26.209 16244 16256 I art     : Explicit concurrent mark sweep GC freed 1557(91KB) AllocSpace objects, 1(20KB) LOS objects, 27% free, 43MB/59MB, paused 720us total 71.273ms
08-04 02:15:26.227 16244 20047 D OK      : calling: https://oauth.reddit.com/r/aww/hot/.json?after=t3_hz5odc
08-04 02:15:26.234 16244 16256 I art     : Starting a blocking GC Explicit
08-04 02:15:26.292 16244 16256 I art     : Explicit concurrent mark sweep GC freed 118(4KB) AllocSpace objects, 0(0B) LOS objects, 27% free, 43MB/59MB, paused 643us total 58.271ms
08-04 02:15:26.312 16244 16256 I art     : Starting a blocking GC Explicit
08-04 02:15:26.375 16244 16256 I art     : Explicit concurrent mark sweep GC freed 9(352B) AllocSpace objects, 0(0B) LOS objects, 27% free, 43MB/59MB, paused 721us total 61.720ms
08-04 02:15:26.388 16244 20047 I NAPPA_EXPERIMENTATION: MetricNetworkRequestExecutionTime: REQUEST_DURATION_SYSTEM='160',REQUEST_DURATION_OKHTTP='155',REQUEST_SYNCHRONOUS='TRUE',RESPONSE_CODE='200',RESPONSE_METHOD='GET',RESPONSE_LENGTH_OKHTTP='-1',RESPONSE_LENGTH_HEADER='30610',REQUEST_PROTOCOL='h2',REQUEST_URL='https://oauth.reddit.com/r/aww/hot/.json?after=t3_hz5odc',
08-04 02:15:26.388 16244 20047 D OK      : request got status: 200
08-04 02:15:26.397 16244 16256 I art     : Starting a blocking GC Explicit
08-04 02:15:26.399 16244 20032 I PostListingFragment: Precaching images: OFF
08-04 02:15:26.400 16244 20032 I PostListingFragment: Precaching comments: OFF
08-04 02:15:26.426 16244 20033 I RedditVideosAPI: For 'https://v.redd.it/syww111dtjd51/DASHPlaylist.mpd', got video stream 'https://v.redd.it/syww111dtjd51/DASH_480' and audio stream 'https://v.redd.it/syww111dtjd51/audio'
08-04 02:15:26.449 16244 20033 I RedditVideosAPI: For 'https://v.redd.it/rrygsb8i4ld51/DASHPlaylist.mpd', got video stream 'https://v.redd.it/rrygsb8i4ld51/DASH_480' and audio stream 'https://v.redd.it/rrygsb8i4ld51/audio'
08-04 02:15:26.455 16244 16256 I art     : Explicit concurrent mark sweep GC freed 6735(515KB) AllocSpace objects, 13(696KB) LOS objects, 26% free, 44MB/60MB, paused 1.848ms total 57.703ms
08-04 02:15:26.474 16244 16256 I art     : Starting a blocking GC Explicit
08-04 02:15:26.487 16244 20032 I getImgurImageInfo: Image nLQR2hT: trying API v3 with auth
08-04 02:15:26.530 16244 16256 I art     : Explicit concurrent mark sweep GC freed 13134(784KB) AllocSpace objects, 32(2MB) LOS objects, 25% free, 47MB/63MB, paused 995us total 55.602ms
08-04 02:15:26.574 16244 20033 I RedditVideosAPI: For 'https://v.redd.it/ue0jdgk9zhd51/DASHPlaylist.mpd', got video stream 'https://v.redd.it/ue0jdgk9zhd51/DASH_360' and audio stream 'https://v.redd.it/ue0jdgk9zhd51/audio'
08-04 02:15:26.585 16244 20033 I RedditVideosAPI: For 'https://v.redd.it/pbqrrfb3tkd51/DASHPlaylist.mpd', got video stream 'https://v.redd.it/pbqrrfb3tkd51/DASH_480' and audio stream 'null'
08-04 02:15:26.592 16244 20050 I RedditVideosAPI: For 'https://v.redd.it/5x6zzipz8ld51/DASHPlaylist.mpd', got video stream 'https://v.redd.it/5x6zzipz8ld51/DASH_480' and audio stream 'null'
08-04 02:15:26.593 16244 20050 I RedditVideosAPI: For 'https://v.redd.it/75en73fm5id51/DASHPlaylist.mpd', got video stream 'https://v.redd.it/75en73fm5id51/DASH_480' and audio stream 'https://v.redd.it/75en73fm5id51/audio'
08-04 02:15:26.597 16244 20050 I RedditVideosAPI: For 'https://v.redd.it/ggz4fyth6hd51/DASHPlaylist.mpd', got video stream 'https://v.redd.it/ggz4fyth6hd51/DASH_360' and audio stream 'null'
08-04 02:15:26.598 16244 20050 I RedditVideosAPI: For 'https://v.redd.it/psrknoobrgd51/DASHPlaylist.mpd', got video stream 'https://v.redd.it/psrknoobrgd51/DASH_480' and audio stream 'null'
08-04 02:15:26.599 16244 20050 I RedditVideosAPI: For 'https://v.redd.it/jk6cwef4wld51/DASHPlaylist.mpd', got video stream 'https://v.redd.it/jk6cwef4wld51/DASH_480' and audio stream 'null'
08-04 02:15:26.600 16244 20033 I RedditVideosAPI: For 'https://v.redd.it/t81s8zfz9ld51/DASHPlaylist.mpd', got video stream 'https://v.redd.it/t81s8zfz9ld51/DASH_480' and audio stream 'https://v.redd.it/t81s8zfz9ld51/audio'
08-04 02:15:26.600 16244 20050 I RedditVideosAPI: For 'https://v.redd.it/xd6c4yyutgd51/DASHPlaylist.mpd', got video stream 'https://v.redd.it/xd6c4yyutgd51/DASH_480' and audio stream 'null'
08-04 02:15:26.876 16244 19511 I art     : Starting a blocking GC Explicit
08-04 02:15:26.962 16244 19511 I art     : Explicit concurrent mark sweep GC freed 25753(1950KB) AllocSpace objects, 53(3MB) LOS objects, 24% free, 48MB/64MB, paused 666us total 85.344ms
08-04 02:15:26.984 16244 19511 I art     : Starting a blocking GC Explicit
08-04 02:15:27.043 16244 19511 I art     : Explicit concurrent mark sweep GC freed 527(19KB) AllocSpace objects, 0(0B) LOS objects, 24% free, 48MB/64MB, paused 657us total 58.970ms
08-04 02:15:27.063 16244 19511 I art     : Starting a blocking GC Explicit
08-04 02:15:27.124 16244 19511 I art     : Explicit concurrent mark sweep GC freed 3(96B) AllocSpace objects, 0(0B) LOS objects, 24% free, 48MB/64MB, paused 705us total 59.867ms
08-04 02:15:27.147 16244 19511 I art     : Starting a blocking GC Explicit
08-04 02:15:27.208 16244 19511 I art     : Explicit concurrent mark sweep GC freed 3(96B) AllocSpace objects, 0(0B) LOS objects, 24% free, 48MB/64MB, paused 607us total 60.199ms
08-04 02:15:27.231 16244 19511 I art     : Starting a blocking GC Explicit
08-04 02:15:27.285 16244 19511 I art     : Explicit concurrent mark sweep GC freed 3(96B) AllocSpace objects, 0(0B) LOS objects, 24% free, 48MB/64MB, paused 564us total 53.164ms
08-04 02:15:27.641 16244 16266 I art     : Starting a blocking GC Explicit
08-04 02:15:27.715 16244 16266 I art     : Explicit concurrent mark sweep GC freed 1357(83KB) AllocSpace objects, 1(20KB) LOS objects, 24% free, 48MB/64MB, paused 608us total 73.546ms
08-04 02:15:27.735 16244 16266 I art     : Starting a blocking GC Explicit
08-04 02:15:27.795 16244 16266 I art     : Explicit concurrent mark sweep GC freed 20(704B) AllocSpace objects, 0(0B) LOS objects, 24% free, 48MB/64MB, paused 587us total 60.011ms
08-04 02:15:27.815 16244 16266 I art     : Starting a blocking GC Explicit
08-04 02:15:27.878 16244 16266 I art     : Explicit concurrent mark sweep GC freed 3(96B) AllocSpace objects, 0(0B) LOS objects, 24% free, 48MB/64MB, paused 858us total 62.122ms
08-04 02:15:27.901 16244 16266 I art     : Starting a blocking GC Explicit
08-04 02:15:27.964 16244 16266 I art     : Explicit concurrent mark sweep GC freed 3(96B) AllocSpace objects, 0(0B) LOS objects, 24% free, 48MB/64MB, paused 628us total 62.724ms
08-04 02:15:27.987 16244 16266 I art     : Starting a blocking GC Explicit
08-04 02:15:28.047 16244 16266 I art     : Explicit concurrent mark sweep GC freed 3(96B) AllocSpace objects, 0(0B) LOS objects, 24% free, 48MB/64MB, paused 631us total 59.642ms
08-04 02:15:28.433 16244 16255 I art     : Starting a blocking GC Explicit
08-04 02:15:28.502 16244 16255 I art     : Explicit concurrent mark sweep GC freed 1358(83KB) AllocSpace objects, 1(20KB) LOS objects, 24% free, 48MB/64MB, paused 608us total 68.466ms
08-04 02:15:28.524 16244 16255 I art     : Starting a blocking GC Explicit
08-04 02:15:28.583 16244 16255 I art     : Explicit concurrent mark sweep GC freed 20(704B) AllocSpace objects, 0(0B) LOS objects, 24% free, 48MB/64MB, paused 644us total 58.506ms
08-04 02:15:28.603 16244 16255 I art     : Starting a blocking GC Explicit
08-04 02:15:28.668 16244 16255 I art     : Explicit concurrent mark sweep GC freed 3(96B) AllocSpace objects, 0(0B) LOS objects, 24% free, 48MB/64MB, paused 794us total 65.005ms
08-04 02:15:28.692 16244 16255 I art     : Starting a blocking GC Explicit
08-04 02:15:28.750 16244 16255 I art     : Explicit concurrent mark sweep GC freed 3(96B) AllocSpace objects, 0(0B) LOS objects, 24% free, 48MB/64MB, paused 648us total 57.888ms
08-04 02:15:28.770 16244 16255 I art     : Starting a blocking GC Explicit
08-04 02:15:28.830 16244 16255 I art     : Explicit concurrent mark sweep GC freed 3(96B) AllocSpace objects, 0(0B) LOS objects, 24% free, 48MB/64MB, paused 643us total 59.671ms
08-04 02:15:29.185 16244 16757 I art     : Starting a blocking GC Explicit
08-04 02:15:29.252 16244 16757 I art     : Explicit concurrent mark sweep GC freed 1357(83KB) AllocSpace objects, 1(20KB) LOS objects, 24% free, 48MB/64MB, paused 685us total 67.130ms
08-04 02:15:29.276 16244 16757 I art     : Starting a blocking GC Explicit
08-04 02:15:29.331 16244 16757 I art     : Explicit concurrent mark sweep GC freed 20(704B) AllocSpace objects, 0(0B) LOS objects, 24% free, 48MB/64MB, paused 607us total 54.426ms
08-04 02:15:29.350 16244 16757 I art     : Starting a blocking GC Explicit
08-04 02:15:29.407 16244 16757 I art     : Explicit concurrent mark sweep GC freed 3(96B) AllocSpace objects, 0(0B) LOS objects, 24% free, 48MB/64MB, paused 558us total 56.038ms
08-04 02:15:29.427 16244 16757 I art     : Starting a blocking GC Explicit
08-04 02:15:29.482 16244 16757 I art     : Explicit concurrent mark sweep GC freed 3(96B) AllocSpace objects, 0(0B) LOS objects, 24% free, 48MB/64MB, paused 640us total 55.328ms
08-04 02:15:29.502 16244 16757 I art     : Starting a blocking GC Explicit
08-04 02:15:29.514   518   646 I ThermalEngine: ACTION: GPU - Setting GPU[0] to 510000000
08-04 02:15:29.558 16244 16757 I art     : Explicit concurrent mark sweep GC freed 3(96B) AllocSpace objects, 0(0B) LOS objects, 24% free, 48MB/64MB, paused 922us total 55.238ms
08-04 02:15:29.579 20084 20084 D AndroidRuntime: >>>>>> START com.android.internal.os.RuntimeInit uid 2000 <<<<<<
08-04 02:15:29.584 20084 20084 D AndroidRuntime: CheckJNI is OFF
08-04 02:15:29.614 20084 20084 D ICU     : No timezone override file found: /data/misc/zoneinfo/current/icu/icu_tzdata.dat
08-04 02:15:29.647 20084 20084 I Radio-JNI: register_android_hardware_Radio DONE
08-04 02:15:29.669 20084 20084 D AndroidRuntime: Calling main entry com.android.commands.input.Input
08-04 02:15:29.671 20084 20084 I Input   : injectMotionEvent: MotionEvent { action=ACTION_DOWN, actionButton=0, id[0]=0, x[0]=1340.0, y[0]=1100.0, toolType[0]=TOOL_TYPE_UNKNOWN, buttonState=0, metaState=0, flags=0x0, edgeFlags=0x0, pointerCount=1, historySize=0, eventTime=670546084, downTime=670546084, deviceId=0, source=0x1002 }
08-04 02:15:29.678 20084 20084 I Input   : injectMotionEvent: MotionEvent { action=ACTION_UP, actionButton=0, id[0]=0, x[0]=1340.0, y[0]=1100.0, toolType[0]=TOOL_TYPE_UNKNOWN, buttonState=0, metaState=0, flags=0x0, edgeFlags=0x0, pointerCount=1, historySize=0, eventTime=670546084, downTime=670546084, deviceId=0, source=0x1002 }
08-04 02:15:29.680 20084 20084 D AndroidRuntime: Shutting down VM
08-04 02:15:29.692   918   928 I ActivityManager: START u0 {dat=https://oauth.reddit.com/... cmp=baseline.org.quantumbadger.redreader/.activities.CommentListingActivity} from uid 10666 on display 0
08-04 02:15:29.693   512  2967 D audio_hw_primary: out_set_parameters: enter: usecase(1: low-latency-playback) kvpairs: routing=2
08-04 02:15:29.706   512  2967 D audio_hw_primary: select_devices: out_snd_device(2: speaker) in_snd_device(0: none)
08-04 02:15:29.706   512  2967 D msm8974_platform: platform_send_audio_calibration: sending audio calibration for snd_device(2) acdb_id(15)
08-04 02:15:29.707   512  2967 I soundtrigger: audio_extn_sound_trigger_update_device_status: device 0x2 of type 0 for Event 1
08-04 02:15:29.715 16244 16244 I AppCompatViewInflater: app:theme is now deprecated. Please move to using android:theme instead.
08-04 02:15:29.716   512  2967 D audio_hw_primary: enable_snd_device: snd_device(2: speaker)
08-04 02:15:29.718   512  2967 D audio_hw_primary: enable_audio_route: apply and update mixer path: low-latency-playback speaker
08-04 02:15:29.731 16244 20032 I CommentListingActivity: COMMENTS session changed to 8d76832a-24aa-493b-932c-d187002dd78e
08-04 02:15:29.826 13866 13866 I GoogleInputMethodServic: GoogleInputMethodService.onFinishInput():3138 
08-04 02:15:29.826   918   936 I ActivityManager: Displayed baseline.org.quantumbadger.redreader/.activities.CommentListingActivity: +124ms
08-04 02:15:29.827 13866 13866 I GoogleInputMethodServic: GoogleInputMethodService.onStartInput():1808 
08-04 02:15:29.845 16244 16757 I art     : Starting a blocking GC Explicit
08-04 02:15:29.901 16244 16757 I art     : Explicit concurrent mark sweep GC freed 31997(1758KB) AllocSpace objects, 1(20KB) LOS objects, 24% free, 50MB/66MB, paused 783us total 56.668ms
08-04 02:15:29.918 16244 16757 I art     : Starting a blocking GC Explicit
08-04 02:15:29.968 16244 16757 I art     : Explicit concurrent mark sweep GC freed 19860(1095KB) AllocSpace objects, 53(10MB) LOS objects, 28% free, 39MB/55MB, paused 437us total 49.787ms
08-04 02:15:29.987 16244 16757 I art     : Starting a blocking GC Explicit
08-04 02:15:30.047 16244 16757 I art     : Explicit concurrent mark sweep GC freed 154(6KB) AllocSpace objects, 0(0B) LOS objects, 28% free, 39MB/55MB, paused 412us total 59.688ms
08-04 02:15:30.067 16244 16757 I art     : Starting a blocking GC Explicit
08-04 02:15:30.085   380   380 W SurfaceFlinger: couldn't log to binary event log: overflow.
08-04 02:15:30.121 16244 16757 I art     : Explicit concurrent mark sweep GC freed 3(96B) AllocSpace objects, 0(0B) LOS objects, 28% free, 39MB/55MB, paused 369us total 53.477ms
08-04 02:15:30.136 16244 16757 I art     : Starting a blocking GC Explicit
08-04 02:15:30.184 16244 16757 I art     : Explicit concurrent mark sweep GC freed 3(96B) AllocSpace objects, 0(0B) LOS objects, 28% free, 39MB/55MB, paused 432us total 47.402ms
08-04 02:15:30.249   512  2967 D audio_hw_primary: disable_audio_route: reset and update mixer path: low-latency-playback speaker
08-04 02:15:30.250   512  2967 D audio_hw_primary: disable_snd_device: snd_device(2: speaker)
08-04 02:15:30.259   512  2967 I soundtrigger: audio_extn_sound_trigger_update_device_status: device 0x2 of type 0 for Event 0
08-04 02:15:30.295 16244 20028 I RedditChangeDataIO: Writing tmp data file at '/data/user/0/baseline.org.quantumbadger.redreader/files/rr_change_data_tmp.dat'
08-04 02:15:30.296 16244 20028 I RedditChangeDataManager: Taking snapshot...
08-04 02:15:30.296 16244 20028 I RedditChangeDataManager: Writing to stream...
08-04 02:15:30.296 16244 20028 I RedditChangeDataManager: Wrote 6 entries for user ''
08-04 02:15:30.296 16244 20028 I RedditChangeDataManager: All entries written to stream.
08-04 02:15:30.296 16244 20028 I RedditChangeDataIO: Write successful. Atomically replacing data file...
08-04 02:15:30.297 16244 20028 I RedditChangeDataIO: Write complete.
08-04 02:15:30.297 16244 20028 I RedditChangeDataIO: 158 bytes written in 3 ms
08-04 02:15:30.497 16244 19511 I art     : Starting a blocking GC Explicit
08-04 02:15:30.552 16244 19511 I art     : Explicit concurrent mark sweep GC freed 1590(93KB) AllocSpace objects, 2(88KB) LOS objects, 28% free, 39MB/55MB, paused 386us total 55.055ms
08-04 02:15:30.569 16244 19511 I art     : Starting a blocking GC Explicit
08-04 02:15:30.616 16244 19511 I art     : Explicit concurrent mark sweep GC freed 27(928B) AllocSpace objects, 0(0B) LOS objects, 28% free, 39MB/55MB, paused 409us total 46.901ms
08-04 02:15:30.632 16244 19511 I art     : Starting a blocking GC Explicit
08-04 02:15:30.678 16244 19511 I art     : Explicit concurrent mark sweep GC freed 3(96B) AllocSpace objects, 0(0B) LOS objects, 28% free, 39MB/55MB, paused 513us total 45.631ms
08-04 02:15:30.695 16244 19511 I art     : Starting a blocking GC Explicit
08-04 02:15:30.742 16244 19511 I art     : Explicit concurrent mark sweep GC freed 3(96B) AllocSpace objects, 0(0B) LOS objects, 28% free, 39MB/55MB, paused 355us total 47.383ms
08-04 02:15:30.759 16244 19511 I art     : Starting a blocking GC Explicit
08-04 02:15:30.808 16244 19511 I art     : Explicit concurrent mark sweep GC freed 3(96B) AllocSpace objects, 0(0B) LOS objects, 28% free, 39MB/55MB, paused 965us total 49.214ms
08-04 02:15:31.132 16244 16791 I art     : Starting a blocking GC Explicit
08-04 02:15:31.211 16244 16791 I art     : Explicit concurrent mark sweep GC freed 1400(84KB) AllocSpace objects, 1(20KB) LOS objects, 28% free, 39MB/55MB, paused 536us total 78.252ms
08-04 02:15:31.231 16244 16791 I art     : Starting a blocking GC Explicit
08-04 02:15:31.285 16244 16791 I art     : Explicit concurrent mark sweep GC freed 20(704B) AllocSpace objects, 0(0B) LOS objects, 28% free, 39MB/55MB, paused 438us total 53.944ms
08-04 02:15:31.302 16244 16791 I art     : Starting a blocking GC Explicit
08-04 02:15:31.355 16244 16791 I art     : Explicit concurrent mark sweep GC freed 3(96B) AllocSpace objects, 0(0B) LOS objects, 28% free, 39MB/55MB, paused 433us total 52.773ms
08-04 02:15:31.372 16244 16791 I art     : Starting a blocking GC Explicit
08-04 02:15:31.424 16244 16791 I art     : Explicit concurrent mark sweep GC freed 3(96B) AllocSpace objects, 0(0B) LOS objects, 28% free, 39MB/55MB, paused 418us total 51.986ms
08-04 02:15:31.441 16244 16791 I art     : Starting a blocking GC Explicit
08-04 02:15:31.495 16244 16791 I art     : Explicit concurrent mark sweep GC freed 3(96B) AllocSpace objects, 0(0B) LOS objects, 28% free, 39MB/55MB, paused 449us total 53.892ms
08-04 02:15:31.519   518   646 I ThermalEngine: ACTION: GPU - Setting GPU[0] to 450000000
08-04 02:15:31.856 16244 16255 I art     : Starting a blocking GC Explicit
08-04 02:15:31.945 16244 16255 I art     : Explicit concurrent mark sweep GC freed 1395(84KB) AllocSpace objects, 1(20KB) LOS objects, 28% free, 39MB/55MB, paused 600us total 89.173ms
08-04 02:15:31.971 16244 16255 I art     : Starting a blocking GC Explicit
08-04 02:15:32.042 16244 16255 I art     : Explicit concurrent mark sweep GC freed 20(704B) AllocSpace objects, 0(0B) LOS objects, 28% free, 39MB/55MB, paused 534us total 70.093ms
08-04 02:15:32.064 16244 16255 I art     : Starting a blocking GC Explicit
08-04 02:15:32.136 16244 16255 I art     : Explicit concurrent mark sweep GC freed 3(96B) AllocSpace objects, 0(0B) LOS objects, 28% free, 39MB/55MB, paused 549us total 71.655ms
08-04 02:15:32.158 16244 16255 I art     : Starting a blocking GC Explicit
08-04 02:15:32.234 16244 16255 I art     : Explicit concurrent mark sweep GC freed 3(96B) AllocSpace objects, 0(0B) LOS objects, 28% free, 39MB/55MB, paused 598us total 75.661ms
08-04 02:15:32.258 16244 16255 I art     : Starting a blocking GC Explicit
08-04 02:15:32.328 16244 16255 I art     : Explicit concurrent mark sweep GC freed 3(96B) AllocSpace objects, 0(0B) LOS objects, 28% free, 39MB/55MB, paused 570us total 69.987ms
08-04 02:15:32.698 16244 16256 I art     : Starting a blocking GC Explicit
08-04 02:15:32.783 16244 16256 I art     : Explicit concurrent mark sweep GC freed 1354(82KB) AllocSpace objects, 1(20KB) LOS objects, 28% free, 39MB/55MB, paused 542us total 85.500ms
08-04 02:15:32.808 16244 16256 I art     : Starting a blocking GC Explicit
08-04 02:15:32.879 16244 16256 I art     : Explicit concurrent mark sweep GC freed 20(704B) AllocSpace objects, 0(0B) LOS objects, 28% free, 39MB/55MB, paused 549us total 71.182ms
08-04 02:15:32.901 16244 16256 I art     : Starting a blocking GC Explicit
08-04 02:15:32.971 16244 16256 I art     : Explicit concurrent mark sweep GC freed 3(96B) AllocSpace objects, 0(0B) LOS objects, 28% free, 39MB/55MB, paused 535us total 70.065ms
08-04 02:15:32.993 16244 16256 I art     : Starting a blocking GC Explicit
08-04 02:15:33.063 16244 16256 I art     : Explicit concurrent mark sweep GC freed 3(96B) AllocSpace objects, 0(0B) LOS objects, 28% free, 39MB/55MB, paused 536us total 69.371ms
08-04 02:15:33.085 16244 16256 I art     : Starting a blocking GC Explicit
08-04 02:15:33.162 16244 16256 I art     : Explicit concurrent mark sweep GC freed 3(96B) AllocSpace objects, 0(0B) LOS objects, 28% free, 39MB/55MB, paused 535us total 76.286ms
08-04 02:15:33.532 16244 16266 I art     : Starting a blocking GC Explicit
08-04 02:15:33.630 16244 16266 I art     : Explicit concurrent mark sweep GC freed 1354(82KB) AllocSpace objects, 1(20KB) LOS objects, 28% free, 39MB/55MB, paused 544us total 97.356ms
08-04 02:15:33.656 16244 16266 I art     : Starting a blocking GC Explicit
08-04 02:15:33.727 16244 16266 I art     : Explicit concurrent mark sweep GC freed 20(704B) AllocSpace objects, 0(0B) LOS objects, 28% free, 39MB/55MB, paused 559us total 70.718ms
08-04 02:15:33.748 16244 16266 I art     : Starting a blocking GC Explicit
08-04 02:15:33.821 16244 16266 I art     : Explicit concurrent mark sweep GC freed 3(96B) AllocSpace objects, 0(0B) LOS objects, 28% free, 39MB/55MB, paused 523us total 72.121ms
08-04 02:15:33.842 16244 16266 I art     : Starting a blocking GC Explicit
08-04 02:15:33.913 16244 16266 I art     : Explicit concurrent mark sweep GC freed 3(96B) AllocSpace objects, 0(0B) LOS objects, 28% free, 39MB/55MB, paused 509us total 70.396ms
08-04 02:15:33.936 16244 16266 I art     : Starting a blocking GC Explicit
08-04 02:15:33.998 16244 16266 I art     : Explicit concurrent mark sweep GC freed 3(96B) AllocSpace objects, 0(0B) LOS objects, 28% free, 39MB/55MB, paused 577us total 61.239ms
08-04 02:15:34.100   918  3261 D WifiStateMachine: starting scan for "H369AA63323"WPA_PSK with 2412,5180
08-04 02:15:34.357 16244 16757 I art     : Starting a blocking GC Explicit
08-04 02:15:34.438 16244 16757 I art     : Explicit concurrent mark sweep GC freed 1354(82KB) AllocSpace objects, 1(20KB) LOS objects, 28% free, 39MB/55MB, paused 599us total 80.301ms
08-04 02:15:34.461 16244 16757 I art     : Starting a blocking GC Explicit
08-04 02:15:34.477 20167 20167 D AndroidRuntime: >>>>>> START com.android.internal.os.RuntimeInit uid 2000 <<<<<<
08-04 02:15:34.483 20167 20167 D AndroidRuntime: CheckJNI is OFF
08-04 02:15:34.526 16244 16757 I art     : Explicit concurrent mark sweep GC freed 20(704B) AllocSpace objects, 0(0B) LOS objects, 28% free, 39MB/55MB, paused 577us total 64.279ms
08-04 02:15:34.527   518   646 I ThermalEngine: ACTION: GPU - Setting GPU[0] to 510000000
08-04 02:15:34.528 20167 20167 D ICU     : No timezone override file found: /data/misc/zoneinfo/current/icu/icu_tzdata.dat
08-04 02:15:34.547 16244 16757 I art     : Starting a blocking GC Explicit
08-04 02:15:34.572 20167 20167 I Radio-JNI: register_android_hardware_Radio DONE
08-04 02:15:34.595 20167 20167 D AndroidRuntime: Calling main entry com.android.commands.input.Input
08-04 02:15:34.597 20167 20167 I Input   : injectKeyEvent: KeyEvent { action=ACTION_DOWN, keyCode=KEYCODE_BACK, scanCode=0, metaState=0, flags=0x0, repeatCount=0, eventTime=670551010, downTime=670551010, deviceId=-1, source=0x101 }
08-04 02:15:34.602 16244 16757 I art     : Explicit concurrent mark sweep GC freed 3(96B) AllocSpace objects, 0(0B) LOS objects, 28% free, 39MB/55MB, paused 375us total 55.089ms
08-04 02:15:34.603 20167 20167 I Input   : injectKeyEvent: KeyEvent { action=ACTION_UP, keyCode=KEYCODE_BACK, scanCode=0, metaState=0, flags=0x0, repeatCount=0, eventTime=670551010, downTime=670551010, deviceId=-1, source=0x101 }
08-04 02:15:34.609 20167 20167 D AndroidRuntime: Shutting down VM
08-04 02:15:34.619 16244 16757 I art     : Starting a blocking GC Explicit
08-04 02:15:34.650 13866 13866 I GoogleInputMethodServic: GoogleInputMethodService.onFinishInput():3138 
08-04 02:15:34.651 13866 13866 I GoogleInputMethodServic: GoogleInputMethodService.onStartInput():1808 
08-04 02:15:34.663 16244 16757 I art     : Explicit concurrent mark sweep GC freed 159(5KB) AllocSpace objects, 0(0B) LOS objects, 28% free, 39MB/55MB, paused 619us total 44.492ms
08-04 02:15:34.679 16244 16757 I art     : Starting a blocking GC Explicit
08-04 02:15:34.724 16244 16757 I art     : Explicit concurrent mark sweep GC freed 103(3KB) AllocSpace objects, 0(0B) LOS objects, 28% free, 39MB/55MB, paused 409us total 45.235ms
08-04 02:15:34.957   380   380 W SurfaceFlinger: couldn't log to binary event log: overflow.
08-04 02:15:35.015 16244 16757 I art     : Starting a blocking GC Explicit
08-04 02:15:35.069 16244 16757 I art     : Explicit concurrent mark sweep GC freed 1433(85KB) AllocSpace objects, 1(20KB) LOS objects, 28% free, 39MB/55MB, paused 426us total 54.378ms
08-04 02:15:35.086 16244 16757 I art     : Starting a blocking GC Explicit
08-04 02:15:35.130 16244 16757 I art     : Explicit concurrent mark sweep GC freed 41409(2MB) AllocSpace objects, 5(140KB) LOS objects, 29% free, 37MB/53MB, paused 397us total 43.549ms
08-04 02:15:35.145 16244 16757 I art     : Starting a blocking GC Explicit
08-04 02:15:35.185 16244 16757 I art     : Explicit concurrent mark sweep GC freed 3(96B) AllocSpace objects, 0(0B) LOS objects, 29% free, 37MB/53MB, paused 394us total 39.195ms
08-04 02:15:35.200 16244 16757 I art     : Starting a blocking GC Explicit
08-04 02:15:35.241 16244 16757 I art     : Explicit concurrent mark sweep GC freed 3(96B) AllocSpace objects, 0(0B) LOS objects, 29% free, 37MB/53MB, paused 403us total 40.932ms
08-04 02:15:35.256 16244 16757 I art     : Starting a blocking GC Explicit
08-04 02:15:35.298 16244 16757 I art     : Explicit concurrent mark sweep GC freed 3(96B) AllocSpace objects, 0(0B) LOS objects, 29% free, 37MB/53MB, paused 418us total 41.327ms
08-04 02:15:35.610 16244 16266 I art     : Starting a blocking GC Explicit
08-04 02:15:35.665 16244 16266 I art     : Explicit concurrent mark sweep GC freed 1354(82KB) AllocSpace objects, 1(20KB) LOS objects, 29% free, 37MB/53MB, paused 440us total 54.673ms
08-04 02:15:35.683 16244 16266 I art     : Starting a blocking GC Explicit
08-04 02:15:35.724 16244 16266 I art     : Explicit concurrent mark sweep GC freed 20(704B) AllocSpace objects, 0(0B) LOS objects, 29% free, 37MB/53MB, paused 390us total 41.480ms
08-04 02:15:35.740 16244 16266 I art     : Starting a blocking GC Explicit
08-04 02:15:35.780 16244 16266 I art     : Explicit concurrent mark sweep GC freed 3(96B) AllocSpace objects, 0(0B) LOS objects, 29% free, 37MB/53MB, paused 382us total 40.228ms
08-04 02:15:35.795 16244 16266 I art     : Starting a blocking GC Explicit
08-04 02:15:35.836 16244 16266 I art     : Explicit concurrent mark sweep GC freed 3(96B) AllocSpace objects, 0(0B) LOS objects, 29% free, 37MB/53MB, paused 355us total 41.059ms
08-04 02:15:35.852 16244 16266 I art     : Starting a blocking GC Explicit
08-04 02:15:35.891 16244 16266 I art     : Explicit concurrent mark sweep GC freed 3(96B) AllocSpace objects, 0(0B) LOS objects, 29% free, 37MB/53MB, paused 367us total 38.461ms
08-04 02:15:36.192 16244 16791 I art     : Starting a blocking GC Explicit
08-04 02:15:36.240 16244 16791 I art     : Explicit concurrent mark sweep GC freed 1354(82KB) AllocSpace objects, 1(20KB) LOS objects, 29% free, 37MB/53MB, paused 387us total 47.770ms
08-04 02:15:36.255 16244 16791 I art     : Starting a blocking GC Explicit
08-04 02:15:36.276 20211 20211 D AndroidRuntime: >>>>>> START com.android.internal.os.RuntimeInit uid 2000 <<<<<<
08-04 02:15:36.281 20211 20211 D AndroidRuntime: CheckJNI is OFF
08-04 02:15:36.291 16244 16791 I art     : Explicit concurrent mark sweep GC freed 20(704B) AllocSpace objects, 0(0B) LOS objects, 29% free, 37MB/53MB, paused 377us total 36.358ms
08-04 02:15:36.292 16244 16254 I art     : WaitForGcToComplete blocked for 6.401ms for cause HeapTrim
08-04 02:15:36.305 16244 16791 I art     : Starting a blocking GC Explicit
08-04 02:15:36.316 20211 20211 D ICU     : No timezone override file found: /data/misc/zoneinfo/current/icu/icu_tzdata.dat
08-04 02:15:36.343 16244 16791 I art     : Explicit concurrent mark sweep GC freed 3(96B) AllocSpace objects, 0(0B) LOS objects, 29% free, 37MB/53MB, paused 385us total 37.509ms
08-04 02:15:36.349 20211 20211 I Radio-JNI: register_android_hardware_Radio DONE
08-04 02:15:36.357 16244 16791 I art     : Starting a blocking GC Explicit
08-04 02:15:36.371 20211 20211 D AndroidRuntime: Calling main entry com.android.commands.input.Input
08-04 02:15:36.373 20211 20211 I Input   : injectKeyEvent: KeyEvent { action=ACTION_DOWN, keyCode=KEYCODE_BACK, scanCode=0, metaState=0, flags=0x0, repeatCount=0, eventTime=670552786, downTime=670552786, deviceId=-1, source=0x101 }
08-04 02:15:36.379 20211 20211 I Input   : injectKeyEvent: KeyEvent { action=ACTION_UP, keyCode=KEYCODE_BACK, scanCode=0, metaState=0, flags=0x0, repeatCount=0, eventTime=670552786, downTime=670552786, deviceId=-1, source=0x101 }
08-04 02:15:36.385 20211 20211 D AndroidRuntime: Shutting down VM
08-04 02:15:36.395 16244 16791 I art     : Explicit concurrent mark sweep GC freed 106(3KB) AllocSpace objects, 0(0B) LOS objects, 29% free, 37MB/53MB, paused 401us total 37.835ms
08-04 02:15:36.410 16244 16791 I art     : Starting a blocking GC Explicit
08-04 02:15:36.416 13866 13866 I GoogleInputMethodServic: GoogleInputMethodService.onFinishInput():3138 
08-04 02:15:36.417 13866 13866 I GoogleInputMethodServic: GoogleInputMethodService.onStartInput():1808 
08-04 02:15:36.444 16244 16791 I art     : Explicit concurrent mark sweep GC freed 46(1712B) AllocSpace objects, 0(0B) LOS objects, 29% free, 37MB/53MB, paused 401us total 34.621ms
08-04 02:15:36.740 16244 16791 I art     : Starting a blocking GC Explicit
08-04 02:15:36.781 16244 16791 I art     : Explicit concurrent mark sweep GC freed 1446(85KB) AllocSpace objects, 1(20KB) LOS objects, 29% free, 37MB/53MB, paused 416us total 40.420ms
08-04 02:15:36.796 16244 16791 I art     : Starting a blocking GC Explicit
08-04 02:15:36.836 16244 16791 I art     : Explicit concurrent mark sweep GC freed 150(7KB) AllocSpace objects, 0(0B) LOS objects, 29% free, 37MB/53MB, paused 417us total 39.747ms
08-04 02:15:36.850 16244 16791 I art     : Starting a blocking GC Explicit
08-04 02:15:36.891 16244 16791 I art     : Explicit concurrent mark sweep GC freed 3(96B) AllocSpace objects, 0(0B) LOS objects, 29% free, 37MB/53MB, paused 421us total 40.559ms
08-04 02:15:36.906 16244 16791 I art     : Starting a blocking GC Explicit
08-04 02:15:36.948 16244 16791 I art     : Explicit concurrent mark sweep GC freed 3(96B) AllocSpace objects, 0(0B) LOS objects, 29% free, 37MB/53MB, paused 446us total 41.171ms
08-04 02:15:36.963 16244 16791 I art     : Starting a blocking GC Explicit
08-04 02:15:37.003 16244 16791 I art     : Explicit concurrent mark sweep GC freed 3(96B) AllocSpace objects, 0(0B) LOS objects, 29% free, 37MB/53MB, paused 405us total 40.562ms
08-04 02:15:37.331 16244 16757 I art     : Starting a blocking GC Explicit
08-04 02:15:37.384 16244 16757 I art     : Explicit concurrent mark sweep GC freed 1354(82KB) AllocSpace objects, 1(20KB) LOS objects, 29% free, 37MB/53MB, paused 482us total 52.800ms
08-04 02:15:37.406 16244 16757 I art     : Starting a blocking GC Explicit
08-04 02:15:37.446 16244 16757 I art     : Explicit concurrent mark sweep GC freed 20(704B) AllocSpace objects, 0(0B) LOS objects, 29% free, 37MB/53MB, paused 421us total 39.683ms
08-04 02:15:37.461 16244 16757 I art     : Starting a blocking GC Explicit
08-04 02:15:37.503 16244 16757 I art     : Explicit concurrent mark sweep GC freed 3(96B) AllocSpace objects, 0(0B) LOS objects, 29% free, 37MB/53MB, paused 427us total 41.567ms
08-04 02:15:37.518 16244 16757 I art     : Starting a blocking GC Explicit
08-04 02:15:37.559 16244 16757 I art     : Explicit concurrent mark sweep GC freed 3(96B) AllocSpace objects, 0(0B) LOS objects, 29% free, 37MB/53MB, paused 424us total 40.598ms
08-04 02:15:37.574 16244 16757 I art     : Starting a blocking GC Explicit
08-04 02:15:37.616 16244 16757 I art     : Explicit concurrent mark sweep GC freed 3(96B) AllocSpace objects, 0(0B) LOS objects, 29% free, 37MB/53MB, paused 381us total 41.825ms
08-04 02:15:37.909 16244 19511 I art     : Starting a blocking GC Explicit
08-04 02:15:37.955 16244 19511 I art     : Explicit concurrent mark sweep GC freed 1354(82KB) AllocSpace objects, 1(20KB) LOS objects, 29% free, 37MB/53MB, paused 449us total 45.691ms
08-04 02:15:37.970 16244 19511 I art     : Starting a blocking GC Explicit
08-04 02:15:38.009 16244 19511 I art     : Explicit concurrent mark sweep GC freed 20(704B) AllocSpace objects, 0(0B) LOS objects, 29% free, 37MB/53MB, paused 446us total 39.544ms
08-04 02:15:38.024 16244 19511 I art     : Starting a blocking GC Explicit
08-04 02:15:38.064 16244 19511 I art     : Explicit concurrent mark sweep GC freed 3(96B) AllocSpace objects, 0(0B) LOS objects, 29% free, 37MB/53MB, paused 422us total 39.365ms
08-04 02:15:38.078 16244 19511 I art     : Starting a blocking GC Explicit
08-04 02:15:38.115 20260 20260 D AndroidRuntime: >>>>>> START com.android.internal.os.RuntimeInit uid 2000 <<<<<<
08-04 02:15:38.117 16244 19511 I art     : Explicit concurrent mark sweep GC freed 3(96B) AllocSpace objects, 0(0B) LOS objects, 29% free, 37MB/53MB, paused 505us total 38.915ms
08-04 02:15:38.120 20260 20260 D AndroidRuntime: CheckJNI is OFF
08-04 02:15:38.132 16244 19511 I art     : Starting a blocking GC Explicit
08-04 02:15:38.157 20260 20260 D ICU     : No timezone override file found: /data/misc/zoneinfo/current/icu/icu_tzdata.dat
08-04 02:15:38.170 16244 19511 I art     : Explicit concurrent mark sweep GC freed 3(96B) AllocSpace objects, 0(0B) LOS objects, 29% free, 37MB/53MB, paused 402us total 38.134ms
08-04 02:15:38.193 20260 20260 I Radio-JNI: register_android_hardware_Radio DONE
08-04 02:15:38.215 20260 20260 D AndroidRuntime: Calling main entry com.android.commands.am.Am
08-04 02:15:38.224  8825  8825 I Trepn   : Trepn 6.2s: Received intent: com.quicinc.trepn.stop_profiling
08-04 02:15:38.270  8825  8825 I Trepn   : Trepn 6.2s: Trepn has Stopped Profiling.
08-04 02:15:38.460 20260 20260 D AndroidRuntime: Shutting down VM
08-04 02:15:38.466   918  6029 W AppOps  : Finishing op nesting under-run: uid 10078 pkg com.quicinc.trepn code 24 time=0 duration=0 nesting=0
08-04 02:15:38.479 16244 16266 I art     : Starting a blocking GC Explicit
08-04 02:15:38.514 16244 16266 I art     : Explicit concurrent mark sweep GC freed 1354(82KB) AllocSpace objects, 1(20KB) LOS objects, 29% free, 37MB/53MB, paused 382us total 35.431ms
08-04 02:15:38.528 16244 16266 I art     : Starting a blocking GC Explicit
08-04 02:15:38.567 16244 16266 I art     : Explicit concurrent mark sweep GC freed 20(704B) AllocSpace objects, 0(0B) LOS objects, 29% free, 37MB/53MB, paused 470us total 38.779ms
08-04 02:15:38.582 16244 16266 I art     : Starting a blocking GC Explicit
08-04 02:15:38.623 16244 16266 I art     : Explicit concurrent mark sweep GC freed 3(96B) AllocSpace objects, 0(0B) LOS objects, 29% free, 37MB/53MB, paused 429us total 41.595ms
08-04 02:15:38.639 16244 16266 I art     : Starting a blocking GC Explicit
08-04 02:15:38.680 16244 16266 I art     : Explicit concurrent mark sweep GC freed 3(96B) AllocSpace objects, 0(0B) LOS objects, 29% free, 37MB/53MB, paused 435us total 41.501ms
08-04 02:15:38.695 16244 16266 I art     : Starting a blocking GC Explicit
08-04 02:15:38.736 16244 16266 I art     : Explicit concurrent mark sweep GC freed 3(96B) AllocSpace objects, 0(0B) LOS objects, 29% free, 37MB/53MB, paused 395us total 40.101ms
08-04 02:15:41.153 18002 18002 I Atfwd_Sendcmd: AtCmdFwd service not ready - Exhausted retry attempts - :6
08-04 02:15:41.154 18002 18002 I Atfwd_Daemon: result : -1 	 ,Init step :2 	 ,qmiErrorCode: 0
08-04 02:15:42.553   918  3188 I hubconnection: sensorhub said: 'set_bias 3: -6.2400, 0.0000, 0.0000'
