--------- beginning of main
08-06 02:59:46.593  6709  6709 D AndroidRuntime: >>>>>> START com.android.internal.os.RuntimeInit uid 2000 <<<<<<
08-06 02:59:46.600  6709  6709 D AndroidRuntime: CheckJNI is OFF
08-06 02:59:46.632  6709  6709 D ICU     : No timezone override file found: /data/misc/zoneinfo/current/icu/icu_tzdata.dat
08-06 02:59:46.685  6709  6709 I Radio-JNI: register_android_hardware_Radio DONE
08-06 02:59:46.702  6709  6709 D AndroidRuntime: Calling main entry com.android.commands.monkey.Monkey
--------- beginning of system
08-06 02:59:46.718   918   931 W BroadcastQueue: Skipping deliver [background] BroadcastRecord{28b05e0 u-1 android.net.conn.CONNECTIVITY_CHANGE} to ReceiverList{c3bf099 6709 (unknown name)/2000/u-1 remote:8f4f412}: process crashing
08-06 02:59:46.729   918   928 I ActivityManager: START u0 {act=android.intent.action.MAIN cat=[android.intent.category.LAUNCHER] flg=0x10200000 cmp=baseline.appteam.nith.hillffair/.activities.SplashActivity} from uid 2000 on display 0
08-06 02:59:46.772  6718  6718 I art     : Late-enabling -Xcheck:jni
08-06 02:59:46.775   918  3670 I ActivityManager: Start proc 6718:baseline.appteam.nith.hillffair/u0a697 for activity baseline.appteam.nith.hillffair/.activities.SplashActivity
08-06 02:59:46.782  6709  6709 I art     : System.exit called, status: 0
08-06 02:59:46.782  6709  6709 I AndroidRuntime: VM exiting with result code 0.
08-06 02:59:46.839 16458  6583 I PBSessionCacheImpl: Deleted sessionId[72384646105454640] from persistence.
08-06 02:59:46.848 16458 16488 W SearchServiceCore: Abort, client detached.
08-06 02:59:46.849 16458 16488 I MicroDetectionState: Should stop hotword detection immediately - true
08-06 02:59:46.871  6718  6718 W System  : ClassLoader referenced unknown path: /data/app/baseline.appteam.nith.hillffair-1/lib/arm64
08-06 02:59:46.996  6718  6718 W OneSignal: GCM Library detected, please upgrade to Firebase FCM library as GCM is deprecated!
08-06 02:59:47.102  6718  6718 W art     : Before Android 4.1, method android.graphics.PorterDuffColorFilter androidx.vectordrawable.graphics.drawable.VectorDrawableCompat.updateTintFilter(android.graphics.PorterDuffColorFilter, android.content.res.ColorStateList, android.graphics.PorterDuff$Mode) would have incorrectly overridden the package-private method in android.graphics.drawable.Drawable
08-06 02:59:47.131  6718  6718 I art     : Rejecting re-init on previously-failed class java.lang.Class<androidx.core.view.ViewCompat$2>
08-06 02:59:47.131  6718  6718 I art     : Rejecting re-init on previously-failed class java.lang.Class<androidx.core.view.ViewCompat$2>
08-06 02:59:47.203  6718  6742 D OpenGLRenderer: Use EGL_SWAP_BEHAVIOR_PRESERVED: true
08-06 02:59:47.268  6718  6742 I Adreno  : QUALCOMM build                   : fcf4852, I1af360237c
08-06 02:59:47.268  6718  6742 I Adreno  : Build Date                       : 09/23/15
08-06 02:59:47.268  6718  6742 I Adreno  : OpenGL ES Shader Compiler Version: XE031.05.13.02
08-06 02:59:47.268  6718  6742 I Adreno  : Local Branch                     : mybranch14465806
08-06 02:59:47.268  6718  6742 I Adreno  : Remote Branch                    : quic/LA.BF64.1.2.9_v2
08-06 02:59:47.268  6718  6742 I Adreno  : Remote Branch                    : NONE
08-06 02:59:47.268  6718  6742 I Adreno  : Reconstruct Branch               : NOTHING
08-06 02:59:47.279  6718  6742 I OpenGLRenderer: Initialized EGL, version 1.4
08-06 02:59:47.337 13866 13866 I GoogleInputMethodServic: GoogleInputMethodService.onFinishInput():3138 
08-06 02:59:47.339 13866 13866 I GoogleInputMethodServic: GoogleInputMethodService.onStartInput():1808 
08-06 02:59:47.394   918   936 I ActivityManager: Displayed baseline.appteam.nith.hillffair/.activities.SplashActivity: +657ms
08-06 02:59:47.512  6718  6754 W GCM     : GCM SDK is deprecated, baseline.appteam.nith.hillffair should update to use FCM
08-06 02:59:47.560 24365  4416 W Conscrypt: Could not set socket write timeout: java.net.SocketException: Socket closed
08-06 02:59:47.560 24365  4416 E art     : invalid stream - problem with parameter iterator in /data/app/com.google.android.gms-2/base.apk:classes3.dex for method void com.google.android.gms.org.conscrypt.ConscryptFileDescriptorSocket.setSoWriteTimeout(int)
08-06 02:59:47.561 24365  4416 W Conscrypt: 	at com.google.android.gms.org.conscrypt.Platform.setSocketWriteTimeout(:com.google.android.gms@202614019@20.26.14 (040400-320008519):2)
08-06 02:59:47.561 24365  4416 W Conscrypt: 	at com.google.android.gms.org.conscrypt.ConscryptFileDescriptorSocket.setSoWriteTimeout(:com.google.android.gms@202614019@20.26.14 (040400-320008519))
08-06 02:59:47.585 24365  4416 W Conscrypt: Could not set socket write timeout: java.net.SocketException: Socket closed
08-06 02:59:47.585 24365  4416 E art     : invalid stream - problem with parameter iterator in /data/app/com.google.android.gms-2/base.apk:classes3.dex for method void com.google.android.gms.org.conscrypt.ConscryptFileDescriptorSocket.setSoWriteTimeout(int)
08-06 02:59:47.586 24365  4416 W Conscrypt: 	at com.google.android.gms.org.conscrypt.Platform.setSocketWriteTimeout(:com.google.android.gms@202614019@20.26.14 (040400-320008519):2)
08-06 02:59:47.586 24365  4416 W Conscrypt: 	at com.google.android.gms.org.conscrypt.ConscryptFileDescriptorSocket.setSoWriteTimeout(:com.google.android.gms@202614019@20.26.14 (040400-320008519))
08-06 02:59:47.650 24365  4416 W Conscrypt: Could not set socket write timeout: java.net.SocketException: Socket closed
08-06 02:59:47.650 24365  4416 E art     : invalid stream - problem with parameter iterator in /data/app/com.google.android.gms-2/base.apk:classes3.dex for method void com.google.android.gms.org.conscrypt.ConscryptFileDescriptorSocket.setSoWriteTimeout(int)
08-06 02:59:47.650 24365  4416 W Conscrypt: 	at com.google.android.gms.org.conscrypt.Platform.setSocketWriteTimeout(:com.google.android.gms@202614019@20.26.14 (040400-320008519):2)
08-06 02:59:47.650 24365  4416 W Conscrypt: 	at com.google.android.gms.org.conscrypt.ConscryptFileDescriptorSocket.setSoWriteTimeout(:com.google.android.gms@202614019@20.26.14 (040400-320008519))
08-06 02:59:47.666 24365  4416 W Conscrypt: Could not set socket write timeout: java.net.SocketException: Socket closed
08-06 02:59:47.666 24365  4416 E art     : invalid stream - problem with parameter iterator in /data/app/com.google.android.gms-2/base.apk:classes3.dex for method void com.google.android.gms.org.conscrypt.ConscryptFileDescriptorSocket.setSoWriteTimeout(int)
08-06 02:59:47.667 24365  4416 W Conscrypt: 	at com.google.android.gms.org.conscrypt.Platform.setSocketWriteTimeout(:com.google.android.gms@202614019@20.26.14 (040400-320008519):2)
08-06 02:59:47.667 24365  4416 W Conscrypt: 	at com.google.android.gms.org.conscrypt.ConscryptFileDescriptorSocket.setSoWriteTimeout(:com.google.android.gms@202614019@20.26.14 (040400-320008519))
08-06 02:59:47.842  6718  6754 E OneSignal: Error Getting GCM Token
08-06 02:59:47.842  6718  6754 E OneSignal: java.io.IOException: INVALID_SENDER
08-06 02:59:47.842  6718  6754 E OneSignal: 	at com.google.android.gms.gcm.GoogleCloudMessaging.zzd(Unknown Source)
08-06 02:59:47.842  6718  6754 E OneSignal: 	at com.google.android.gms.gcm.GoogleCloudMessaging.register(Unknown Source)
08-06 02:59:47.842  6718  6754 E OneSignal: 	at com.onesignal.PushRegistratorGCM.getToken(PushRegistratorGCM.java:42)
08-06 02:59:47.842  6718  6754 E OneSignal: 	at com.onesignal.PushRegistratorAbstractGoogle.attemptRegistration(PushRegistratorAbstractGoogle.java:97)
08-06 02:59:47.842  6718  6754 E OneSignal: 	at com.onesignal.PushRegistratorAbstractGoogle.access$100(PushRegistratorAbstractGoogle.java:37)
08-06 02:59:47.842  6718  6754 E OneSignal: 	at com.onesignal.PushRegistratorAbstractGoogle$1.run(PushRegistratorAbstractGoogle.java:84)
08-06 02:59:47.842  6718  6754 E OneSignal: 	at java.lang.Thread.run(Thread.java:818)
08-06 02:59:47.857  6718  6759 I art     : Rejecting re-init on previously-failed class java.lang.Class<com.onesignal.OneSignalChromeTab$OneSignalCustomTabsServiceConnection>
08-06 02:59:47.858  6718  6759 I art     : Rejecting re-init on previously-failed class java.lang.Class<com.onesignal.OneSignalChromeTab$OneSignalCustomTabsServiceConnection>
08-06 02:59:48.358  6768  6768 D AndroidRuntime: >>>>>> START com.android.internal.os.RuntimeInit uid 2000 <<<<<<
08-06 02:59:48.362  6768  6768 D AndroidRuntime: CheckJNI is OFF
08-06 02:59:48.386  6768  6768 D ICU     : No timezone override file found: /data/misc/zoneinfo/current/icu/icu_tzdata.dat
08-06 02:59:48.414  6768  6768 I Radio-JNI: register_android_hardware_Radio DONE
08-06 02:59:48.429  6768  6768 D AndroidRuntime: Calling main entry com.android.commands.am.Am
08-06 02:59:48.438  3167  3167 I Trepn   : Trepn 6.2s: Received intent: com.quicinc.trepn.start_profiling
08-06 02:59:48.533  3167  3167 W FileUtils: Failed to chmod(/storage/emulated/0/trepn/Trepn_2020.08.06_025948.db): android.system.ErrnoException: chmod failed: EPERM (Operation not permitted)
08-06 02:59:48.643  3167  3167 I Trepn   : Trepn 6.2s: Trepn has Started Profiling.
08-06 02:59:48.645  6768  6768 D AndroidRuntime: Shutting down VM
08-06 02:59:48.670   918  3714 I ActivityManager: START u0 {cmp=baseline.appteam.nith.hillffair/.activities.WelcomeActivity} from uid 10697 on display 0
08-06 02:59:48.697   918  5481 I ActivityManager: START u0 {cmp=baseline.appteam.nith.hillffair/.activities.HomeActivity} from uid 10697 on display 0
08-06 02:59:48.702   918  4400 W ActivityManager: Duplicate finish request for ActivityRecord{3f58504 u0 baseline.appteam.nith.hillffair/.activities.WelcomeActivity t4318 f}
08-06 02:59:49.026  6718  6731 I art     : Starting a blocking GC Explicit
08-06 02:59:49.052  6718  6731 I art     : Explicit concurrent mark sweep GC freed 1684(348KB) AllocSpace objects, 0(0B) LOS objects, 25% free, 47MB/63MB, paused 343us total 25.498ms
08-06 02:59:49.058  6718  6731 I art     : Starting a blocking GC Explicit
08-06 02:59:49.070  6718  6731 I art     : Explicit concurrent mark sweep GC freed 504(62KB) AllocSpace objects, 0(0B) LOS objects, 25% free, 47MB/63MB, paused 288us total 11.491ms
08-06 02:59:49.076  6718  6731 I art     : Starting a blocking GC Explicit
08-06 02:59:49.087  6718  6731 I art     : Explicit concurrent mark sweep GC freed 140(6KB) AllocSpace objects, 0(0B) LOS objects, 25% free, 47MB/63MB, paused 153us total 11.312ms
08-06 02:59:49.095  6718  6731 I art     : Starting a blocking GC Explicit
08-06 02:59:49.105  6718  6731 I art     : Explicit concurrent mark sweep GC freed 23(1152B) AllocSpace objects, 0(0B) LOS objects, 25% free, 47MB/63MB, paused 150us total 10.014ms
08-06 02:59:49.111  6718  6731 I art     : Starting a blocking GC Explicit
08-06 02:59:49.121  6718  6731 I art     : Explicit concurrent mark sweep GC freed 3(96B) AllocSpace objects, 0(0B) LOS objects, 25% free, 47MB/63MB, paused 159us total 10.217ms
08-06 02:59:49.182   918   936 I ActivityManager: Displayed baseline.appteam.nith.hillffair/.activities.HomeActivity: +442ms (total +502ms)
08-06 02:59:49.182 13866 13866 I GoogleInputMethodServic: GoogleInputMethodService.onFinishInput():3138 
08-06 02:59:49.183 13866 13866 I GoogleInputMethodServic: GoogleInputMethodService.onStartInput():1808 
08-06 02:59:49.358  6718  6747 I art     : Starting a blocking GC Explicit
08-06 02:59:49.371  6718  6747 I art     : Explicit concurrent mark sweep GC freed 1615(126KB) AllocSpace objects, 1(20KB) LOS objects, 24% free, 48MB/64MB, paused 141us total 12.532ms
08-06 02:59:49.376  6718  6747 I art     : Starting a blocking GC Explicit
08-06 02:59:49.388  6718  6747 I art     : Explicit concurrent mark sweep GC freed 1027(71KB) AllocSpace objects, 0(0B) LOS objects, 25% free, 47MB/63MB, paused 138us total 11.281ms
08-06 02:59:49.394  6718  6747 I art     : Starting a blocking GC Explicit
08-06 02:59:49.405  6718  6747 I art     : Explicit concurrent mark sweep GC freed 3(96B) AllocSpace objects, 0(0B) LOS objects, 25% free, 47MB/63MB, paused 137us total 11.099ms
08-06 02:59:49.411  6718  6747 I art     : Starting a blocking GC Explicit
08-06 02:59:49.422  6718  6747 I art     : Explicit concurrent mark sweep GC freed 3(96B) AllocSpace objects, 0(0B) LOS objects, 25% free, 47MB/63MB, paused 141us total 11.229ms
08-06 02:59:49.428  6718  6747 I art     : Starting a blocking GC Explicit
08-06 02:59:49.432   380   380 W SurfaceFlinger: couldn't log to binary event log: overflow.
08-06 02:59:49.439  6718  6747 I art     : Explicit concurrent mark sweep GC freed 3(96B) AllocSpace objects, 0(0B) LOS objects, 25% free, 47MB/63MB, paused 135us total 11.235ms
08-06 02:59:49.725  6718  6731 I art     : Starting a blocking GC Explicit
08-06 02:59:49.739  6718  6731 I art     : Explicit concurrent mark sweep GC freed 2023(113KB) AllocSpace objects, 1(20KB) LOS objects, 25% free, 47MB/63MB, paused 185us total 14.560ms
08-06 02:59:49.746  6718  6731 I art     : Starting a blocking GC Explicit
08-06 02:59:49.758  6718  6731 I art     : Explicit concurrent mark sweep GC freed 908(59KB) AllocSpace objects, 0(0B) LOS objects, 25% free, 47MB/63MB, paused 161us total 11.702ms
08-06 02:59:49.765  6718  6731 I art     : Starting a blocking GC Explicit
08-06 02:59:49.775  6718  6731 I art     : Explicit concurrent mark sweep GC freed 3(96B) AllocSpace objects, 0(0B) LOS objects, 25% free, 47MB/63MB, paused 143us total 9.999ms
08-06 02:59:49.781  6718  6731 I art     : Starting a blocking GC Explicit
08-06 02:59:49.792  6718  6731 I art     : Explicit concurrent mark sweep GC freed 3(96B) AllocSpace objects, 0(0B) LOS objects, 25% free, 47MB/63MB, paused 138us total 10.713ms
08-06 02:59:49.797  6718  6731 I art     : Starting a blocking GC Explicit
08-06 02:59:49.807  6718  6731 I art     : Explicit concurrent mark sweep GC freed 3(96B) AllocSpace objects, 0(0B) LOS objects, 25% free, 47MB/63MB, paused 135us total 9.784ms
08-06 02:59:50.086  6718  6747 I art     : Starting a blocking GC Explicit
08-06 02:59:50.104  6718  6747 I art     : Explicit concurrent mark sweep GC freed 1342(78KB) AllocSpace objects, 1(20KB) LOS objects, 25% free, 47MB/63MB, paused 213us total 17.417ms
08-06 02:59:50.114  6718  6747 I art     : Starting a blocking GC Explicit
08-06 02:59:50.128  6718  6747 I art     : Explicit concurrent mark sweep GC freed 20(704B) AllocSpace objects, 0(0B) LOS objects, 25% free, 47MB/63MB, paused 160us total 13.840ms
08-06 02:59:50.134  6718  6747 I art     : Starting a blocking GC Explicit
08-06 02:59:50.146  6718  6747 I art     : Explicit concurrent mark sweep GC freed 3(96B) AllocSpace objects, 0(0B) LOS objects, 25% free, 47MB/63MB, paused 155us total 11.723ms
08-06 02:59:50.152  6718  6747 I art     : Starting a blocking GC Explicit
08-06 02:59:50.164  6718  6747 I art     : Explicit concurrent mark sweep GC freed 3(96B) AllocSpace objects, 0(0B) LOS objects, 25% free, 47MB/63MB, paused 145us total 11.472ms
08-06 02:59:50.170  6718  6747 I art     : Starting a blocking GC Explicit
08-06 02:59:50.181  6718  6747 I art     : Explicit concurrent mark sweep GC freed 3(96B) AllocSpace objects, 0(0B) LOS objects, 25% free, 47MB/63MB, paused 153us total 10.916ms
08-06 02:59:50.487  6718  6730 I art     : Starting a blocking GC Explicit
08-06 02:59:50.505  6718  6730 I art     : Explicit concurrent mark sweep GC freed 1341(78KB) AllocSpace objects, 1(20KB) LOS objects, 25% free, 47MB/63MB, paused 208us total 17.317ms
08-06 02:59:50.514  6718  6730 I art     : Starting a blocking GC Explicit
08-06 02:59:50.527  6718  6730 I art     : Explicit concurrent mark sweep GC freed 20(704B) AllocSpace objects, 0(0B) LOS objects, 25% free, 47MB/63MB, paused 208us total 12.600ms
08-06 02:59:50.533  6718  6730 I art     : Starting a blocking GC Explicit
08-06 02:59:50.545  6718  6730 I art     : Explicit concurrent mark sweep GC freed 3(96B) AllocSpace objects, 0(0B) LOS objects, 25% free, 47MB/63MB, paused 152us total 11.515ms
08-06 02:59:50.551  6718  6730 I art     : Starting a blocking GC Explicit
08-06 02:59:50.563  6718  6730 I art     : Explicit concurrent mark sweep GC freed 3(96B) AllocSpace objects, 0(0B) LOS objects, 25% free, 47MB/63MB, paused 141us total 11.364ms
08-06 02:59:50.569  6718  6730 I art     : Starting a blocking GC Explicit
08-06 02:59:50.580  6718  6730 I art     : Explicit concurrent mark sweep GC freed 3(96B) AllocSpace objects, 0(0B) LOS objects, 25% free, 47MB/63MB, paused 152us total 11.152ms
08-06 02:59:50.905  6718  6731 I art     : Starting a blocking GC Explicit
08-06 02:59:50.926  6718  6731 I art     : Explicit concurrent mark sweep GC freed 1339(78KB) AllocSpace objects, 1(20KB) LOS objects, 25% free, 47MB/63MB, paused 238us total 20.606ms
08-06 02:59:50.936  6718  6731 I art     : Starting a blocking GC Explicit
08-06 02:59:50.948  6718  6731 I art     : Explicit concurrent mark sweep GC freed 20(704B) AllocSpace objects, 0(0B) LOS objects, 25% free, 47MB/63MB, paused 166us total 12.275ms
08-06 02:59:50.955  6718  6731 I art     : Starting a blocking GC Explicit
08-06 02:59:50.966  6718  6731 I art     : Explicit concurrent mark sweep GC freed 3(96B) AllocSpace objects, 0(0B) LOS objects, 25% free, 47MB/63MB, paused 151us total 11.238ms
08-06 02:59:50.972  6718  6731 I art     : Starting a blocking GC Explicit
08-06 02:59:50.984  6718  6731 I art     : Explicit concurrent mark sweep GC freed 3(96B) AllocSpace objects, 0(0B) LOS objects, 25% free, 47MB/63MB, paused 158us total 11.430ms
08-06 02:59:50.990  6718  6731 I art     : Starting a blocking GC Explicit
08-06 02:59:51.001  6718  6731 I art     : Explicit concurrent mark sweep GC freed 3(96B) AllocSpace objects, 0(0B) LOS objects, 25% free, 47MB/63MB, paused 152us total 11.451ms
08-06 02:59:51.305  6718  6747 I art     : Starting a blocking GC Explicit
08-06 02:59:51.322  6718  6747 I art     : Explicit concurrent mark sweep GC freed 1339(78KB) AllocSpace objects, 1(20KB) LOS objects, 25% free, 47MB/63MB, paused 182us total 16.922ms
08-06 02:59:51.333  6718  6747 I art     : Starting a blocking GC Explicit
08-06 02:59:51.347  6718  6747 I art     : Explicit concurrent mark sweep GC freed 20(704B) AllocSpace objects, 0(0B) LOS objects, 25% free, 47MB/63MB, paused 186us total 14.607ms
08-06 02:59:51.358  6718  6747 I art     : Starting a blocking GC Explicit
08-06 02:59:51.370  6718  6747 I art     : Explicit concurrent mark sweep GC freed 3(96B) AllocSpace objects, 0(0B) LOS objects, 25% free, 47MB/63MB, paused 157us total 11.668ms
08-06 02:59:51.376  6718  6747 I art     : Starting a blocking GC Explicit
08-06 02:59:51.387  6718  6747 I art     : Explicit concurrent mark sweep GC freed 3(96B) AllocSpace objects, 0(0B) LOS objects, 25% free, 47MB/63MB, paused 155us total 11.505ms
08-06 02:59:51.393  6718  6747 I art     : Starting a blocking GC Explicit
08-06 02:59:51.405  6718  6747 I art     : Explicit concurrent mark sweep GC freed 3(96B) AllocSpace objects, 0(0B) LOS objects, 25% free, 47MB/63MB, paused 153us total 11.684ms
08-06 02:59:51.710  6718  6730 I art     : Starting a blocking GC Explicit
08-06 02:59:51.728  6718  6730 I art     : Explicit concurrent mark sweep GC freed 1339(78KB) AllocSpace objects, 1(20KB) LOS objects, 25% free, 47MB/63MB, paused 199us total 17.452ms
08-06 02:59:51.738  6718  6730 I art     : Starting a blocking GC Explicit
08-06 02:59:51.751  6718  6730 I art     : Explicit concurrent mark sweep GC freed 20(704B) AllocSpace objects, 0(0B) LOS objects, 25% free, 47MB/63MB, paused 150us total 13.365ms
08-06 02:59:51.758  6718  6730 I art     : Starting a blocking GC Explicit
08-06 02:59:51.769  6718  6730 I art     : Explicit concurrent mark sweep GC freed 3(96B) AllocSpace objects, 0(0B) LOS objects, 25% free, 47MB/63MB, paused 143us total 11.575ms
08-06 02:59:51.776  6718  6730 I art     : Starting a blocking GC Explicit
08-06 02:59:51.787  6718  6730 I art     : Explicit concurrent mark sweep GC freed 3(96B) AllocSpace objects, 0(0B) LOS objects, 25% free, 47MB/63MB, paused 150us total 11.559ms
08-06 02:59:51.793  6718  6730 I art     : Starting a blocking GC Explicit
08-06 02:59:51.805  6718  6730 I art     : Explicit concurrent mark sweep GC freed 3(96B) AllocSpace objects, 0(0B) LOS objects, 25% free, 47MB/63MB, paused 148us total 11.485ms
08-06 02:59:52.121  6718  6731 I art     : Starting a blocking GC Explicit
08-06 02:59:52.136  6718  6731 I art     : Explicit concurrent mark sweep GC freed 1339(78KB) AllocSpace objects, 1(20KB) LOS objects, 25% free, 47MB/63MB, paused 196us total 14.327ms
08-06 02:59:52.145  6718  6731 I art     : Starting a blocking GC Explicit
08-06 02:59:52.159  6718  6731 I art     : Explicit concurrent mark sweep GC freed 20(704B) AllocSpace objects, 0(0B) LOS objects, 25% free, 47MB/63MB, paused 156us total 13.960ms
08-06 02:59:52.166  6718  6731 I art     : Starting a blocking GC Explicit
08-06 02:59:52.177  6718  6731 I art     : Explicit concurrent mark sweep GC freed 3(96B) AllocSpace objects, 0(0B) LOS objects, 25% free, 47MB/63MB, paused 155us total 11.712ms
08-06 02:59:52.184  6718  6731 I art     : Starting a blocking GC Explicit
08-06 02:59:52.195  6718  6731 I art     : Explicit concurrent mark sweep GC freed 3(96B) AllocSpace objects, 0(0B) LOS objects, 25% free, 47MB/63MB, paused 153us total 11.023ms
08-06 02:59:52.201  6718  6731 I art     : Starting a blocking GC Explicit
08-06 02:59:52.213  6718  6731 I art     : Explicit concurrent mark sweep GC freed 3(96B) AllocSpace objects, 0(0B) LOS objects, 25% free, 47MB/63MB, paused 151us total 11.545ms
08-06 02:59:52.510  6718  6747 I art     : Starting a blocking GC Explicit
08-06 02:59:52.530  6718  6747 I art     : Explicit concurrent mark sweep GC freed 1338(78KB) AllocSpace objects, 1(20KB) LOS objects, 25% free, 47MB/63MB, paused 195us total 20.130ms
08-06 02:59:52.542  6718  6747 I art     : Starting a blocking GC Explicit
08-06 02:59:52.555  6718  6747 I art     : Explicit concurrent mark sweep GC freed 20(704B) AllocSpace objects, 0(0B) LOS objects, 25% free, 47MB/63MB, paused 161us total 12.779ms
08-06 02:59:52.561  6718  6747 I art     : Starting a blocking GC Explicit
08-06 02:59:52.572  6718  6747 I art     : Explicit concurrent mark sweep GC freed 3(96B) AllocSpace objects, 0(0B) LOS objects, 25% free, 47MB/63MB, paused 137us total 11.088ms
08-06 02:59:52.578  6718  6747 I art     : Starting a blocking GC Explicit
08-06 02:59:52.590  6718  6747 I art     : Explicit concurrent mark sweep GC freed 3(96B) AllocSpace objects, 0(0B) LOS objects, 25% free, 47MB/63MB, paused 137us total 11.037ms
08-06 02:59:52.595  6718  6747 I art     : Starting a blocking GC Explicit
08-06 02:59:52.605  6718  6747 I art     : Explicit concurrent mark sweep GC freed 3(96B) AllocSpace objects, 0(0B) LOS objects, 25% free, 47MB/63MB, paused 139us total 9.986ms
08-06 02:59:52.626   918  1210 D NetlinkSocketObserver: NeighborEvent{elapsedMs=1829396501, 192.168.2.254, [7C3953A63323], RTM_NEWNEIGH, NUD_REACHABLE}
08-06 02:59:52.641   918  3188 I hubconnection: sensorhub said: 'set_bias 3: -5.1552, 0.0000, 0.0000'
08-06 02:59:52.871  6718  6730 I art     : Starting a blocking GC Explicit
08-06 02:59:52.886  6718  6730 I art     : Explicit concurrent mark sweep GC freed 1544(92KB) AllocSpace objects, 1(20KB) LOS objects, 25% free, 47MB/63MB, paused 245us total 14.590ms
08-06 02:59:52.893  6718  6730 I art     : Starting a blocking GC Explicit
08-06 02:59:52.906  6718  6730 I art     : Explicit concurrent mark sweep GC freed 25(912B) AllocSpace objects, 0(0B) LOS objects, 25% free, 47MB/63MB, paused 201us total 13.115ms
08-06 02:59:52.913  6718  6730 I art     : Starting a blocking GC Explicit
08-06 02:59:52.925  6718  6730 I art     : Explicit concurrent mark sweep GC freed 3(96B) AllocSpace objects, 0(0B) LOS objects, 25% free, 47MB/63MB, paused 184us total 12.063ms
08-06 02:59:52.931  6718  6730 I art     : Starting a blocking GC Explicit
08-06 02:59:52.943  6718  6730 I art     : Explicit concurrent mark sweep GC freed 11(576B) AllocSpace objects, 0(0B) LOS objects, 25% free, 47MB/63MB, paused 363us total 11.640ms
08-06 02:59:52.944  6718  6911 W OneSignal: OneSignalRestClient: POST Error thrown from network stack. 
08-06 02:59:52.944  6718  6911 W OneSignal: java.io.IOException: unexpected end of stream on Connection{api.onesignal.com:443, proxy=HTTP@192.168.2.12:8080 hostAddress=192.168.2.12 cipherSuite=TLS_ECDHE_RSA_WITH_AES_128_GCM_SHA256 protocol=http/1.1} (recycle count=1)
08-06 02:59:52.944  6718  6911 W OneSignal: 	at com.android.okhttp.internal.http.HttpConnection.readResponse(HttpConnection.java:210)
08-06 02:59:52.944  6718  6911 W OneSignal: 	at com.android.okhttp.internal.http.HttpTransport.readResponseHeaders(HttpTransport.java:80)
08-06 02:59:52.944  6718  6911 W OneSignal: 	at com.android.okhttp.internal.http.HttpEngine.readNetworkResponse(HttpEngine.java:904)
08-06 02:59:52.944  6718  6911 W OneSignal: 	at com.android.okhttp.internal.http.HttpEngine.readResponse(HttpEngine.java:788)
08-06 02:59:52.944  6718  6911 W OneSignal: 	at com.android.okhttp.internal.huc.HttpURLConnectionImpl.execute(HttpURLConnectionImpl.java:439)
08-06 02:59:52.944  6718  6911 W OneSignal: 	at com.android.okhttp.internal.huc.HttpURLConnectionImpl.getResponse(HttpURLConnectionImpl.java:384)
08-06 02:59:52.944  6718  6911 W OneSignal: 	at com.android.okhttp.internal.huc.HttpURLConnectionImpl.getResponseCode(HttpURLConnectionImpl.java:497)
08-06 02:59:52.944  6718  6911 W OneSignal: 	at com.android.okhttp.internal.huc.DelegatingHttpsURLConnection.getResponseCode(DelegatingHttpsURLConnection.java:105)
08-06 02:59:52.944  6718  6911 W OneSignal: 	at com.android.okhttp.internal.huc.HttpsURLConnectionImpl.getResponseCode(HttpsURLConnectionImpl.java)
08-06 02:59:52.944  6718  6911 W OneSignal: 	at com.onesignal.OneSignalRestClient.startHTTPConnection(OneSignalRestClient.java:180)
08-06 02:59:52.944  6718  6911 W OneSignal: 	at com.onesignal.OneSignalRestClient.access$100(OneSignalRestClient.java:44)
08-06 02:59:52.944  6718  6911 W OneSignal: 	at com.onesignal.OneSignalRestClient$4.run(OneSignalRestClient.java:110)
08-06 02:59:52.944  6718  6911 W OneSignal: 	at java.lang.Thread.run(Thread.java:818)
08-06 02:59:52.944  6718  6911 W OneSignal: Caused by: java.io.EOFException: \n not found: size=0 content=...
08-06 02:59:52.944  6718  6911 W OneSignal: 	at com.android.okhttp.okio.RealBufferedSource.readUtf8LineStrict(RealBufferedSource.java:200)
08-06 02:59:52.944  6718  6911 W OneSignal: 	at com.android.okhttp.internal.http.HttpConnection.readResponse(HttpConnection.java:191)
08-06 02:59:52.944  6718  6911 W OneSignal: 	... 12 more
08-06 02:59:52.946  6718  6912 W OneSignal: Failed last request. statusCode: -1
08-06 02:59:52.946  6718  6912 W OneSignal: response: null
08-06 02:59:52.949  6718  6730 I art     : Starting a blocking GC Explicit
08-06 02:59:52.961  6718  6730 I art     : Explicit concurrent mark sweep GC freed 355(59KB) AllocSpace objects, 0(0B) LOS objects, 25% free, 47MB/63MB, paused 153us total 11.518ms
08-06 02:59:53.250  6718  6731 I art     : Starting a blocking GC Explicit
08-06 02:59:53.264  6718  6731 I art     : Explicit concurrent mark sweep GC freed 1343(78KB) AllocSpace objects, 1(20KB) LOS objects, 25% free, 47MB/63MB, paused 157us total 13.222ms
08-06 02:59:53.271  6718  6731 I art     : Starting a blocking GC Explicit
08-06 02:59:53.283  6718  6731 I art     : Explicit concurrent mark sweep GC freed 20(704B) AllocSpace objects, 0(0B) LOS objects, 25% free, 47MB/63MB, paused 157us total 11.629ms
08-06 02:59:53.289  6718  6731 I art     : Starting a blocking GC Explicit
08-06 02:59:53.300  6718  6731 I art     : Explicit concurrent mark sweep GC freed 3(96B) AllocSpace objects, 0(0B) LOS objects, 25% free, 47MB/63MB, paused 144us total 10.954ms
08-06 02:59:53.306  6718  6731 I art     : Starting a blocking GC Explicit
08-06 02:59:53.317  6718  6731 I art     : Explicit concurrent mark sweep GC freed 3(96B) AllocSpace objects, 0(0B) LOS objects, 25% free, 47MB/63MB, paused 168us total 10.747ms
08-06 02:59:53.322  6718  6731 I art     : Starting a blocking GC Explicit
08-06 02:59:53.332  6718  6731 I art     : Explicit concurrent mark sweep GC freed 3(96B) AllocSpace objects, 0(0B) LOS objects, 25% free, 47MB/63MB, paused 149us total 10.121ms
08-06 02:59:53.544  6925  6925 D AndroidRuntime: >>>>>> START com.android.internal.os.RuntimeInit uid 2000 <<<<<<
08-06 02:59:53.548  6925  6925 D AndroidRuntime: CheckJNI is OFF
08-06 02:59:53.573  6925  6925 D ICU     : No timezone override file found: /data/misc/zoneinfo/current/icu/icu_tzdata.dat
08-06 02:59:53.598  6925  6925 I Radio-JNI: register_android_hardware_Radio DONE
08-06 02:59:53.608  6718  6747 I art     : Starting a blocking GC Explicit
08-06 02:59:53.615  6925  6925 D AndroidRuntime: Calling main entry com.android.commands.input.Input
08-06 02:59:53.616  6925  6925 I Input   : injectMotionEvent: MotionEvent { action=ACTION_DOWN, actionButton=0, id[0]=0, x[0]=337.0, y[0]=1104.0, toolType[0]=TOOL_TYPE_UNKNOWN, buttonState=0, metaState=0, flags=0x0, edgeFlags=0x0, pointerCount=1, historySize=0, eventTime=846010029, downTime=846010029, deviceId=0, source=0x1002 }
08-06 02:59:53.621  6718  6747 I art     : Explicit concurrent mark sweep GC freed 1339(78KB) AllocSpace objects, 1(20KB) LOS objects, 25% free, 47MB/63MB, paused 460us total 12.092ms
08-06 02:59:53.621  6925  6925 I Input   : injectMotionEvent: MotionEvent { action=ACTION_UP, actionButton=0, id[0]=0, x[0]=337.0, y[0]=1104.0, toolType[0]=TOOL_TYPE_UNKNOWN, buttonState=0, metaState=0, flags=0x0, edgeFlags=0x0, pointerCount=1, historySize=0, eventTime=846010029, downTime=846010029, deviceId=0, source=0x1002 }
08-06 02:59:53.623   918  5481 I ActivityManager: START u0 {cmp=baseline.appteam.nith.hillffair/.activities.BattleDayActivity} from uid 10697 on display 0
08-06 02:59:53.627  6718  6747 I art     : Starting a blocking GC Explicit
08-06 02:59:53.629  6925  6925 D AndroidRuntime: Shutting down VM
08-06 02:59:53.640  6718  6747 I art     : Explicit concurrent mark sweep GC freed 175(23KB) AllocSpace objects, 0(0B) LOS objects, 24% free, 48MB/64MB, paused 324us total 12.558ms
08-06 02:59:53.648  6718  6747 I art     : Starting a blocking GC Explicit
08-06 02:59:53.662  6718  6747 I art     : Explicit concurrent mark sweep GC freed 864(98KB) AllocSpace objects, 0(0B) LOS objects, 24% free, 48MB/64MB, paused 601us total 14.014ms
08-06 02:59:53.667  6718  6747 I art     : Starting a blocking GC Explicit
08-06 02:59:53.683  6718  6747 I art     : Explicit concurrent mark sweep GC freed 2062(124KB) AllocSpace objects, 0(0B) LOS objects, 24% free, 48MB/64MB, paused 754us total 15.213ms
08-06 02:59:53.689  6718  6747 I art     : Starting a blocking GC Explicit
08-06 02:59:53.704  6718  6747 I art     : Explicit concurrent mark sweep GC freed 4396(242KB) AllocSpace objects, 0(0B) LOS objects, 24% free, 48MB/64MB, paused 267us total 14.970ms
08-06 02:59:53.743 13866 13866 I GoogleInputMethodServic: GoogleInputMethodService.onFinishInput():3138 
08-06 02:59:53.744 13866 13866 I GoogleInputMethodServic: GoogleInputMethodService.onStartInput():1808 
08-06 02:59:53.777   918   936 I ActivityManager: Displayed baseline.appteam.nith.hillffair/.activities.BattleDayActivity: +147ms
08-06 02:59:53.938  6718  6747 I art     : Starting a blocking GC Explicit
08-06 02:59:53.957  6718  6747 I art     : Explicit concurrent mark sweep GC freed 1710(106KB) AllocSpace objects, 1(20KB) LOS objects, 24% free, 48MB/64MB, paused 319us total 18.844ms
08-06 02:59:53.965  6718  6747 I art     : Starting a blocking GC Explicit
08-06 02:59:53.981  6718  6747 I art     : Explicit concurrent mark sweep GC freed 36(1248B) AllocSpace objects, 0(0B) LOS objects, 24% free, 48MB/64MB, paused 219us total 15.372ms
08-06 02:59:53.990  6718  6747 I art     : Starting a blocking GC Explicit
08-06 02:59:54.006  6718  6747 I art     : Explicit concurrent mark sweep GC freed 3(96B) AllocSpace objects, 0(0B) LOS objects, 24% free, 48MB/64MB, paused 221us total 15.552ms
08-06 02:59:54.014  6718  6747 I art     : Starting a blocking GC Explicit
08-06 02:59:54.030  6718  6747 I art     : Explicit concurrent mark sweep GC freed 3(96B) AllocSpace objects, 0(0B) LOS objects, 24% free, 48MB/64MB, paused 198us total 15.793ms
08-06 02:59:54.036   380   380 W SurfaceFlinger: couldn't log to binary event log: overflow.
08-06 02:59:54.039  6718  6747 I art     : Starting a blocking GC Explicit
08-06 02:59:54.053  6718  6747 I art     : Explicit concurrent mark sweep GC freed 3(96B) AllocSpace objects, 0(0B) LOS objects, 24% free, 48MB/64MB, paused 190us total 13.976ms
08-06 02:59:54.330  6718  6747 I art     : Starting a blocking GC Explicit
08-06 02:59:54.346  6718  6747 I art     : Explicit concurrent mark sweep GC freed 1492(90KB) AllocSpace objects, 1(20KB) LOS objects, 24% free, 48MB/64MB, paused 233us total 16.155ms
08-06 02:59:54.354  6718  6747 I art     : Starting a blocking GC Explicit
08-06 02:59:54.370  6718  6747 I art     : Explicit concurrent mark sweep GC freed 1442(88KB) AllocSpace objects, 2(120KB) LOS objects, 24% free, 48MB/64MB, paused 565us total 16.478ms
08-06 02:59:54.376  6718  6747 I art     : Starting a blocking GC Explicit
08-06 02:59:54.380  6718  6948 D OkHttp  : --> GET https://api-hillfair-2k16.herokuapp.com/api/app/events/special http/1.1
08-06 02:59:54.390  6718  6747 I art     : Explicit concurrent mark sweep GC freed 2114(161KB) AllocSpace objects, 1(80KB) LOS objects, 24% free, 48MB/64MB, paused 233us total 13.122ms
08-06 02:59:54.395  6718  6747 I art     : Starting a blocking GC Explicit
08-06 02:59:54.407  6718  6747 I art     : Explicit concurrent mark sweep GC freed 47(2912B) AllocSpace objects, 0(0B) LOS objects, 24% free, 48MB/64MB, paused 211us total 11.640ms
08-06 02:59:54.413  6718  6747 I art     : Starting a blocking GC Explicit
08-06 02:59:54.416  6718  6948 D OkHttp  : <-- 200 OK https://api-hillfair-2k16.herokuapp.com/api/app/events/special (36ms, 554-byte body)
08-06 02:59:54.425  6718  6747 I art     : Explicit concurrent mark sweep GC freed 211(38KB) AllocSpace objects, 0(0B) LOS objects, 24% free, 48MB/64MB, paused 218us total 12.046ms
08-06 02:59:54.471  6718  6718 I NAPPA_EXPERIMENTATION: MetricNetworkRequestExecutionTime: REQUEST_DURATION_SYSTEM='782',REQUEST_DURATION_OKHTTP='34',REQUEST_SYNCHRONOUS='FALSE',RESPONSE_CODE='200',RESPONSE_METHOD='GET',RESPONSE_LENGTH_OKHTTP='554',RESPONSE_LENGTH_HEADER='554',REQUEST_PROTOCOL='http/1.1',REQUEST_URL='https://api-hillfair-2k16.herokuapp.com/api/app/events/special',
08-06 02:59:54.591   918  3261 D WifiStateMachine: starting scan for "H369AA63323"WPA_PSK with 2412,5180
08-06 02:59:54.653  6718  6730 I art     : Starting a blocking GC Explicit
08-06 02:59:54.668  6718  6730 I art     : Explicit concurrent mark sweep GC freed 3068(202KB) AllocSpace objects, 1(20KB) LOS objects, 24% free, 48MB/64MB, paused 322us total 14.794ms
08-06 02:59:54.674  6718  6730 I art     : Starting a blocking GC Explicit
08-06 02:59:54.689  6718  6730 I art     : Explicit concurrent mark sweep GC freed 143(5KB) AllocSpace objects, 0(0B) LOS objects, 24% free, 48MB/64MB, paused 289us total 14.626ms
08-06 02:59:54.695  6718  6730 I art     : Starting a blocking GC Explicit
08-06 02:59:54.709  6718  6730 I art     : Explicit concurrent mark sweep GC freed 3(96B) AllocSpace objects, 0(0B) LOS objects, 24% free, 48MB/64MB, paused 294us total 13.695ms
08-06 02:59:54.716  6718  6730 I art     : Starting a blocking GC Explicit
08-06 02:59:54.730  6718  6730 I art     : Explicit concurrent mark sweep GC freed 3(96B) AllocSpace objects, 0(0B) LOS objects, 24% free, 48MB/64MB, paused 286us total 13.804ms
08-06 02:59:54.736  6718  6730 I art     : Starting a blocking GC Explicit
08-06 02:59:54.750  6718  6730 I art     : Explicit concurrent mark sweep GC freed 3(96B) AllocSpace objects, 0(0B) LOS objects, 24% free, 48MB/64MB, paused 285us total 13.725ms
08-06 02:59:55.023  6718  6731 I art     : Starting a blocking GC Explicit
08-06 02:59:55.046  6718  6731 I art     : Explicit concurrent mark sweep GC freed 8877(392KB) AllocSpace objects, 1(20KB) LOS objects, 24% free, 49MB/65MB, paused 530us total 22.212ms
08-06 02:59:55.056  6718  6731 I art     : Starting a blocking GC Explicit
08-06 02:59:55.070  6718  6731 I art     : Explicit concurrent mark sweep GC freed 415(47KB) AllocSpace objects, 0(0B) LOS objects, 23% free, 50MB/66MB, paused 275us total 14.606ms
08-06 02:59:55.077  6718  6731 I art     : Starting a blocking GC Explicit
08-06 02:59:55.089  6718  6731 I art     : Explicit concurrent mark sweep GC freed 283(30KB) AllocSpace objects, 0(0B) LOS objects, 23% free, 51MB/67MB, paused 245us total 11.955ms
08-06 02:59:55.095  6718  6731 I art     : Starting a blocking GC Explicit
08-06 02:59:55.107  6718  6731 I art     : Explicit concurrent mark sweep GC freed 71(16KB) AllocSpace objects, 0(0B) LOS objects, 23% free, 52MB/68MB, paused 258us total 11.923ms
08-06 02:59:55.113  6718  6731 I art     : Starting a blocking GC Explicit
08-06 02:59:55.125  6718  6731 I art     : Explicit concurrent mark sweep GC freed 42(3KB) AllocSpace objects, 0(0B) LOS objects, 23% free, 52MB/68MB, paused 215us total 12.438ms
08-06 02:59:55.389  6718  6747 I art     : Starting a blocking GC Explicit
08-06 02:59:55.404  6718  6747 I art     : Explicit concurrent mark sweep GC freed 1420(162KB) AllocSpace objects, 1(20KB) LOS objects, 23% free, 52MB/68MB, paused 252us total 15.052ms
08-06 02:59:55.411  6718  6747 I art     : Starting a blocking GC Explicit
08-06 02:59:55.424  6718  6747 I art     : Explicit concurrent mark sweep GC freed 32(1088B) AllocSpace objects, 0(0B) LOS objects, 23% free, 52MB/68MB, paused 219us total 12.633ms
08-06 02:59:55.430  6718  6747 I art     : Starting a blocking GC Explicit
08-06 02:59:55.443  6718  6747 I art     : Explicit concurrent mark sweep GC freed 3(96B) AllocSpace objects, 0(0B) LOS objects, 23% free, 52MB/68MB, paused 210us total 12.372ms
08-06 02:59:55.449  6718  6747 I art     : Starting a blocking GC Explicit
08-06 02:59:55.461  6718  6747 I art     : Explicit concurrent mark sweep GC freed 3(96B) AllocSpace objects, 0(0B) LOS objects, 23% free, 52MB/68MB, paused 232us total 12.445ms
08-06 02:59:55.467  6718  6747 I art     : Starting a blocking GC Explicit
08-06 02:59:55.480  6718  6747 I art     : Explicit concurrent mark sweep GC freed 3(96B) AllocSpace objects, 0(0B) LOS objects, 23% free, 52MB/68MB, paused 227us total 12.902ms
08-06 02:59:55.798  6718  6730 I art     : Starting a blocking GC Explicit
08-06 02:59:55.819  6718  6730 I art     : Explicit concurrent mark sweep GC freed 1340(78KB) AllocSpace objects, 1(20KB) LOS objects, 23% free, 52MB/68MB, paused 260us total 21.054ms
08-06 02:59:55.829  6718  6730 I art     : Starting a blocking GC Explicit
08-06 02:59:55.844  6718  6730 I art     : Explicit concurrent mark sweep GC freed 20(704B) AllocSpace objects, 0(0B) LOS objects, 23% free, 52MB/68MB, paused 222us total 14.582ms
08-06 02:59:55.850  6718  6730 I art     : Starting a blocking GC Explicit
08-06 02:59:55.864  6718  6730 I art     : Explicit concurrent mark sweep GC freed 3(96B) AllocSpace objects, 0(0B) LOS objects, 23% free, 52MB/68MB, paused 221us total 13.544ms
08-06 02:59:55.870  6718  6730 I art     : Starting a blocking GC Explicit
08-06 02:59:55.884  6718  6730 I art     : Explicit concurrent mark sweep GC freed 3(96B) AllocSpace objects, 0(0B) LOS objects, 23% free, 52MB/68MB, paused 215us total 13.616ms
08-06 02:59:55.890  6718  6730 I art     : Starting a blocking GC Explicit
08-06 02:59:55.904  6718  6730 I art     : Explicit concurrent mark sweep GC freed 3(96B) AllocSpace objects, 0(0B) LOS objects, 23% free, 52MB/68MB, paused 206us total 13.618ms
08-06 02:59:56.202  6718  6731 I art     : Starting a blocking GC Explicit
08-06 02:59:56.218  6718  6731 I art     : Explicit concurrent mark sweep GC freed 1340(78KB) AllocSpace objects, 1(20KB) LOS objects, 23% free, 52MB/68MB, paused 232us total 16.312ms
08-06 02:59:56.225  6718  6731 I art     : Starting a blocking GC Explicit
08-06 02:59:56.240  6718  6731 I art     : Explicit concurrent mark sweep GC freed 20(704B) AllocSpace objects, 0(0B) LOS objects, 23% free, 52MB/68MB, paused 231us total 14.460ms
08-06 02:59:56.247  6718  6731 I art     : Starting a blocking GC Explicit
08-06 02:59:56.261  6718  6731 I art     : Explicit concurrent mark sweep GC freed 3(96B) AllocSpace objects, 0(0B) LOS objects, 23% free, 52MB/68MB, paused 255us total 14.415ms
08-06 02:59:56.268  6718  6731 I art     : Starting a blocking GC Explicit
08-06 02:59:56.282  6718  6731 I art     : Explicit concurrent mark sweep GC freed 3(96B) AllocSpace objects, 0(0B) LOS objects, 23% free, 52MB/68MB, paused 228us total 14.146ms
08-06 02:59:56.289  6718  6731 I art     : Starting a blocking GC Explicit
08-06 02:59:56.303  6718  6731 I art     : Explicit concurrent mark sweep GC freed 3(96B) AllocSpace objects, 0(0B) LOS objects, 23% free, 52MB/68MB, paused 222us total 13.957ms
08-06 02:59:56.602  6718  6747 I art     : Starting a blocking GC Explicit
08-06 02:59:56.622  6718  6747 I art     : Explicit concurrent mark sweep GC freed 1340(78KB) AllocSpace objects, 1(20KB) LOS objects, 23% free, 52MB/68MB, paused 236us total 19.965ms
08-06 02:59:56.629  6718  6747 I art     : Starting a blocking GC Explicit
08-06 02:59:56.643  6718  6747 I art     : Explicit concurrent mark sweep GC freed 20(704B) AllocSpace objects, 0(0B) LOS objects, 23% free, 52MB/68MB, paused 221us total 13.887ms
08-06 02:59:56.650  6718  6747 I art     : Starting a blocking GC Explicit
08-06 02:59:56.664  6718  6747 I art     : Explicit concurrent mark sweep GC freed 3(96B) AllocSpace objects, 0(0B) LOS objects, 23% free, 52MB/68MB, paused 225us total 13.586ms
08-06 02:59:56.670  6718  6747 I art     : Starting a blocking GC Explicit
08-06 02:59:56.683  6718  6747 I art     : Explicit concurrent mark sweep GC freed 3(96B) AllocSpace objects, 0(0B) LOS objects, 23% free, 52MB/68MB, paused 218us total 13.522ms
08-06 02:59:56.690  6718  6747 I art     : Starting a blocking GC Explicit
08-06 02:59:56.704  6718  6747 I art     : Explicit concurrent mark sweep GC freed 3(96B) AllocSpace objects, 0(0B) LOS objects, 23% free, 52MB/68MB, paused 212us total 13.568ms
08-06 02:59:57.011  6718  6730 I art     : Starting a blocking GC Explicit
08-06 02:59:57.032  6718  6730 I art     : Explicit concurrent mark sweep GC freed 1340(78KB) AllocSpace objects, 1(20KB) LOS objects, 23% free, 52MB/68MB, paused 250us total 19.957ms
08-06 02:59:57.041  6718  6730 I art     : Starting a blocking GC Explicit
08-06 02:59:57.056  6718  6730 I art     : Explicit concurrent mark sweep GC freed 20(704B) AllocSpace objects, 0(0B) LOS objects, 23% free, 52MB/68MB, paused 240us total 14.387ms
08-06 02:59:57.063  6718  6730 I art     : Starting a blocking GC Explicit
08-06 02:59:57.077  6718  6730 I art     : Explicit concurrent mark sweep GC freed 3(96B) AllocSpace objects, 0(0B) LOS objects, 23% free, 52MB/68MB, paused 257us total 14.199ms
08-06 02:59:57.083  6718  6730 I art     : Starting a blocking GC Explicit
08-06 02:59:57.097  6718  6730 I art     : Explicit concurrent mark sweep GC freed 3(96B) AllocSpace objects, 0(0B) LOS objects, 23% free, 52MB/68MB, paused 216us total 13.853ms
08-06 02:59:57.103  6718  6730 I art     : Starting a blocking GC Explicit
08-06 02:59:57.117  6718  6730 I art     : Explicit concurrent mark sweep GC freed 3(96B) AllocSpace objects, 0(0B) LOS objects, 23% free, 52MB/68MB, paused 219us total 13.689ms
08-06 02:59:57.434  6718  6731 I art     : Starting a blocking GC Explicit
08-06 02:59:57.457  6718  6731 I art     : Explicit concurrent mark sweep GC freed 1340(78KB) AllocSpace objects, 1(20KB) LOS objects, 23% free, 52MB/68MB, paused 367us total 22.943ms
08-06 02:59:57.468  6718  6731 I art     : Starting a blocking GC Explicit
08-06 02:59:57.483  6718  6731 I art     : Explicit concurrent mark sweep GC freed 20(704B) AllocSpace objects, 0(0B) LOS objects, 23% free, 52MB/68MB, paused 221us total 15.383ms
08-06 02:59:57.490  6718  6731 I art     : Starting a blocking GC Explicit
08-06 02:59:57.504  6718  6731 I art     : Explicit concurrent mark sweep GC freed 3(96B) AllocSpace objects, 0(0B) LOS objects, 23% free, 52MB/68MB, paused 221us total 13.935ms
08-06 02:59:57.511  6718  6731 I art     : Starting a blocking GC Explicit
08-06 02:59:57.525  6718  6731 I art     : Explicit concurrent mark sweep GC freed 3(96B) AllocSpace objects, 0(0B) LOS objects, 23% free, 52MB/68MB, paused 216us total 14.185ms
08-06 02:59:57.531  6718  6731 I art     : Starting a blocking GC Explicit
08-06 02:59:57.545  6718  6731 I art     : Explicit concurrent mark sweep GC freed 3(96B) AllocSpace objects, 0(0B) LOS objects, 23% free, 52MB/68MB, paused 216us total 13.580ms
08-06 02:59:57.855  6718  6747 I art     : Starting a blocking GC Explicit
08-06 02:59:57.873  6718  6747 I art     : Explicit concurrent mark sweep GC freed 1340(78KB) AllocSpace objects, 1(20KB) LOS objects, 23% free, 52MB/68MB, paused 277us total 17.909ms
08-06 02:59:57.880  6718  6747 I art     : Starting a blocking GC Explicit
08-06 02:59:57.895  6718  6747 I art     : Explicit concurrent mark sweep GC freed 20(704B) AllocSpace objects, 0(0B) LOS objects, 23% free, 52MB/68MB, paused 219us total 14.767ms
08-06 02:59:57.901  6718  6747 I art     : Starting a blocking GC Explicit
08-06 02:59:57.916  6718  6747 I art     : Explicit concurrent mark sweep GC freed 3(96B) AllocSpace objects, 0(0B) LOS objects, 23% free, 52MB/68MB, paused 222us total 13.853ms
08-06 02:59:57.922  6718  6747 I art     : Starting a blocking GC Explicit
08-06 02:59:57.936  6718  6747 I art     : Explicit concurrent mark sweep GC freed 3(96B) AllocSpace objects, 0(0B) LOS objects, 23% free, 52MB/68MB, paused 215us total 13.989ms
08-06 02:59:57.943  6718  6747 I art     : Starting a blocking GC Explicit
08-06 02:59:57.957  6718  6747 I art     : Explicit concurrent mark sweep GC freed 3(96B) AllocSpace objects, 0(0B) LOS objects, 23% free, 52MB/68MB, paused 231us total 14.045ms
08-06 02:59:58.261  6718  6730 I art     : Starting a blocking GC Explicit
08-06 02:59:58.282  6718  6730 I art     : Explicit concurrent mark sweep GC freed 1340(78KB) AllocSpace objects, 1(20KB) LOS objects, 23% free, 52MB/68MB, paused 264us total 20.220ms
08-06 02:59:58.290  6718  6730 I art     : Starting a blocking GC Explicit
08-06 02:59:58.304  6718  6730 I art     : Explicit concurrent mark sweep GC freed 20(704B) AllocSpace objects, 0(0B) LOS objects, 23% free, 52MB/68MB, paused 228us total 13.974ms
08-06 02:59:58.311  6718  6730 I art     : Starting a blocking GC Explicit
08-06 02:59:58.325  6718  6730 I art     : Explicit concurrent mark sweep GC freed 3(96B) AllocSpace objects, 0(0B) LOS objects, 23% free, 52MB/68MB, paused 232us total 13.532ms
08-06 02:59:58.331  6718  6730 I art     : Starting a blocking GC Explicit
08-06 02:59:58.345  6718  6730 I art     : Explicit concurrent mark sweep GC freed 3(96B) AllocSpace objects, 0(0B) LOS objects, 23% free, 52MB/68MB, paused 219us total 13.511ms
08-06 02:59:58.351  6718  6730 I art     : Starting a blocking GC Explicit
08-06 02:59:58.365  6718  6730 I art     : Explicit concurrent mark sweep GC freed 3(96B) AllocSpace objects, 0(0B) LOS objects, 23% free, 52MB/68MB, paused 209us total 13.352ms
08-06 02:59:58.639  6718  6731 I art     : Starting a blocking GC Explicit
08-06 02:59:58.661  6718  6731 I art     : Explicit concurrent mark sweep GC freed 1340(78KB) AllocSpace objects, 1(20KB) LOS objects, 23% free, 52MB/68MB, paused 288us total 20.898ms
08-06 02:59:58.672  6718  6731 I art     : Starting a blocking GC Explicit
08-06 02:59:58.688  6718  6731 I art     : Explicit concurrent mark sweep GC freed 20(704B) AllocSpace objects, 0(0B) LOS objects, 23% free, 52MB/68MB, paused 216us total 15.812ms
08-06 02:59:58.695  6718  6731 I art     : Starting a blocking GC Explicit
08-06 02:59:58.708  6718  6731 I art     : Explicit concurrent mark sweep GC freed 3(96B) AllocSpace objects, 0(0B) LOS objects, 23% free, 52MB/68MB, paused 214us total 13.551ms
08-06 02:59:58.715  6718  6731 I art     : Starting a blocking GC Explicit
08-06 02:59:58.728  6718  6731 I art     : Explicit concurrent mark sweep GC freed 3(96B) AllocSpace objects, 0(0B) LOS objects, 23% free, 52MB/68MB, paused 213us total 13.664ms
08-06 02:59:58.735  6718  6731 I art     : Starting a blocking GC Explicit
08-06 02:59:58.749  6718  6731 I art     : Explicit concurrent mark sweep GC freed 3(96B) AllocSpace objects, 0(0B) LOS objects, 23% free, 52MB/68MB, paused 216us total 14.097ms
08-06 02:59:59.052  6718  6747 I art     : Starting a blocking GC Explicit
08-06 02:59:59.069  6718  6747 I art     : Explicit concurrent mark sweep GC freed 1340(78KB) AllocSpace objects, 1(20KB) LOS objects, 23% free, 52MB/68MB, paused 246us total 16.623ms
08-06 02:59:59.081  6718  6747 I art     : Starting a blocking GC Explicit
08-06 02:59:59.096  6718  6747 I art     : Explicit concurrent mark sweep GC freed 20(704B) AllocSpace objects, 0(0B) LOS objects, 23% free, 52MB/68MB, paused 215us total 14.189ms
08-06 02:59:59.102  6718  6747 I art     : Starting a blocking GC Explicit
08-06 02:59:59.115  6718  6747 I art     : Explicit concurrent mark sweep GC freed 3(96B) AllocSpace objects, 0(0B) LOS objects, 23% free, 52MB/68MB, paused 249us total 13.364ms
08-06 02:59:59.122  6718  6747 I art     : Starting a blocking GC Explicit
08-06 02:59:59.136  6718  6747 I art     : Explicit concurrent mark sweep GC freed 3(96B) AllocSpace objects, 0(0B) LOS objects, 23% free, 52MB/68MB, paused 210us total 13.622ms
08-06 02:59:59.142  6718  6747 I art     : Starting a blocking GC Explicit
08-06 02:59:59.156  6718  6747 I art     : Explicit concurrent mark sweep GC freed 3(96B) AllocSpace objects, 0(0B) LOS objects, 23% free, 52MB/68MB, paused 206us total 13.571ms
08-06 02:59:59.483  6718  6730 I art     : Starting a blocking GC Explicit
08-06 02:59:59.504  6718  6730 I art     : Explicit concurrent mark sweep GC freed 1340(78KB) AllocSpace objects, 1(20KB) LOS objects, 23% free, 52MB/68MB, paused 245us total 20.317ms
08-06 02:59:59.514  6718  6730 I art     : Starting a blocking GC Explicit
08-06 02:59:59.529  6718  6730 I art     : Explicit concurrent mark sweep GC freed 20(704B) AllocSpace objects, 0(0B) LOS objects, 23% free, 52MB/68MB, paused 214us total 14.790ms
08-06 02:59:59.536  6718  6730 I art     : Starting a blocking GC Explicit
08-06 02:59:59.550  6718  6730 I art     : Explicit concurrent mark sweep GC freed 3(96B) AllocSpace objects, 0(0B) LOS objects, 23% free, 52MB/68MB, paused 213us total 13.989ms
08-06 02:59:59.556  6718  6730 I art     : Starting a blocking GC Explicit
08-06 02:59:59.570  6718  6730 I art     : Explicit concurrent mark sweep GC freed 3(96B) AllocSpace objects, 0(0B) LOS objects, 23% free, 52MB/68MB, paused 209us total 13.775ms
08-06 02:59:59.577  6718  6730 I art     : Starting a blocking GC Explicit
08-06 02:59:59.591  6718  6730 I art     : Explicit concurrent mark sweep GC freed 3(96B) AllocSpace objects, 0(0B) LOS objects, 23% free, 52MB/68MB, paused 215us total 13.807ms
08-06 02:59:59.903  6718  6731 I art     : Starting a blocking GC Explicit
08-06 02:59:59.927  6718  6731 I art     : Explicit concurrent mark sweep GC freed 1340(78KB) AllocSpace objects, 1(20KB) LOS objects, 23% free, 52MB/68MB, paused 296us total 23.999ms
08-06 02:59:59.937  6718  6731 I art     : Starting a blocking GC Explicit
08-06 02:59:59.951  6718  6731 I art     : Explicit concurrent mark sweep GC freed 20(704B) AllocSpace objects, 0(0B) LOS objects, 23% free, 52MB/68MB, paused 226us total 14.324ms
08-06 02:59:59.958  6718  6731 I art     : Starting a blocking GC Explicit
08-06 02:59:59.972  6718  6731 I art     : Explicit concurrent mark sweep GC freed 3(96B) AllocSpace objects, 0(0B) LOS objects, 23% free, 52MB/68MB, paused 211us total 14.166ms
08-06 02:59:59.978  6718  6731 I art     : Starting a blocking GC Explicit
08-06 02:59:59.992  6718  6731 I art     : Explicit concurrent mark sweep GC freed 3(96B) AllocSpace objects, 0(0B) LOS objects, 23% free, 52MB/68MB, paused 217us total 13.464ms
08-06 02:59:59.998  6718  6731 I art     : Starting a blocking GC Explicit
08-06 03:00:00.012  6718  6731 I art     : Explicit concurrent mark sweep GC freed 3(96B) AllocSpace objects, 0(0B) LOS objects, 23% free, 52MB/68MB, paused 220us total 13.305ms
08-06 03:00:00.318  6718  6747 I art     : Starting a blocking GC Explicit
08-06 03:00:00.337  6718  6747 I art     : Explicit concurrent mark sweep GC freed 1340(78KB) AllocSpace objects, 1(20KB) LOS objects, 23% free, 52MB/68MB, paused 255us total 18.604ms
08-06 03:00:00.347  6718  6747 I art     : Starting a blocking GC Explicit
08-06 03:00:00.361  6718  6747 I art     : Explicit concurrent mark sweep GC freed 20(704B) AllocSpace objects, 0(0B) LOS objects, 23% free, 52MB/68MB, paused 244us total 13.966ms
08-06 03:00:00.368  6718  6747 I art     : Starting a blocking GC Explicit
08-06 03:00:00.382  6718  6747 I art     : Explicit concurrent mark sweep GC freed 3(96B) AllocSpace objects, 0(0B) LOS objects, 23% free, 52MB/68MB, paused 209us total 14.130ms
08-06 03:00:00.389  6718  6747 I art     : Starting a blocking GC Explicit
08-06 03:00:00.402  6718  6747 I art     : Explicit concurrent mark sweep GC freed 3(96B) AllocSpace objects, 0(0B) LOS objects, 23% free, 52MB/68MB, paused 212us total 13.567ms
08-06 03:00:00.409  6718  6747 I art     : Starting a blocking GC Explicit
08-06 03:00:00.422  6718  6747 I art     : Explicit concurrent mark sweep GC freed 3(96B) AllocSpace objects, 0(0B) LOS objects, 23% free, 52MB/68MB, paused 209us total 13.488ms
08-06 03:00:00.524  6516  6516 I Atfwd_Sendcmd: AtCmdFwd service not ready - Exhausted retry attempts - :6
08-06 03:00:00.525  6516  6516 I Atfwd_Daemon: result : -1 	 ,Init step :2 	 ,qmiErrorCode: 0
08-06 03:00:00.737  6718  6730 I art     : Starting a blocking GC Explicit
08-06 03:00:00.758  6718  6730 I art     : Explicit concurrent mark sweep GC freed 1340(78KB) AllocSpace objects, 1(20KB) LOS objects, 23% free, 52MB/68MB, paused 283us total 20.375ms
08-06 03:00:00.768  6718  6730 I art     : Starting a blocking GC Explicit
08-06 03:00:00.783  6718  6730 I art     : Explicit concurrent mark sweep GC freed 20(704B) AllocSpace objects, 0(0B) LOS objects, 23% free, 52MB/68MB, paused 219us total 14.347ms
08-06 03:00:00.790  6718  6730 I art     : Starting a blocking GC Explicit
08-06 03:00:00.804  6718  6730 I art     : Explicit concurrent mark sweep GC freed 3(96B) AllocSpace objects, 0(0B) LOS objects, 23% free, 52MB/68MB, paused 224us total 14.332ms
08-06 03:00:00.811  6718  6730 I art     : Starting a blocking GC Explicit
08-06 03:00:00.825  6718  6730 I art     : Explicit concurrent mark sweep GC freed 3(96B) AllocSpace objects, 0(0B) LOS objects, 23% free, 52MB/68MB, paused 217us total 14.131ms
08-06 03:00:00.832  6718  6730 I art     : Starting a blocking GC Explicit
08-06 03:00:00.845  6718  6730 I art     : Explicit concurrent mark sweep GC freed 3(96B) AllocSpace objects, 0(0B) LOS objects, 23% free, 52MB/68MB, paused 213us total 13.460ms
08-06 03:00:01.159  6718  6731 I art     : Starting a blocking GC Explicit
08-06 03:00:01.182  6718  6731 I art     : Explicit concurrent mark sweep GC freed 1340(78KB) AllocSpace objects, 1(20KB) LOS objects, 23% free, 52MB/68MB, paused 274us total 22.357ms
08-06 03:00:01.193  6718  6731 I art     : Starting a blocking GC Explicit
08-06 03:00:01.208  6718  6731 I art     : Explicit concurrent mark sweep GC freed 20(704B) AllocSpace objects, 0(0B) LOS objects, 23% free, 52MB/68MB, paused 219us total 14.711ms
08-06 03:00:01.215  6718  6731 I art     : Starting a blocking GC Explicit
08-06 03:00:01.229  6718  6731 I art     : Explicit concurrent mark sweep GC freed 3(96B) AllocSpace objects, 0(0B) LOS objects, 23% free, 52MB/68MB, paused 208us total 14.112ms
08-06 03:00:01.236  6718  6731 I art     : Starting a blocking GC Explicit
08-06 03:00:01.249  6718  6731 I art     : Explicit concurrent mark sweep GC freed 3(96B) AllocSpace objects, 0(0B) LOS objects, 23% free, 52MB/68MB, paused 211us total 13.568ms
08-06 03:00:01.256  6718  6731 I art     : Starting a blocking GC Explicit
08-06 03:00:01.270  6718  6731 I art     : Explicit concurrent mark sweep GC freed 3(96B) AllocSpace objects, 0(0B) LOS objects, 23% free, 52MB/68MB, paused 209us total 13.803ms
08-06 03:00:01.585  6718  6747 I art     : Starting a blocking GC Explicit
08-06 03:00:01.609  6718  6747 I art     : Explicit concurrent mark sweep GC freed 1340(78KB) AllocSpace objects, 1(20KB) LOS objects, 23% free, 52MB/68MB, paused 263us total 23.830ms
08-06 03:00:01.620  6718  6747 I art     : Starting a blocking GC Explicit
08-06 03:00:01.635  6718  6747 I art     : Explicit concurrent mark sweep GC freed 20(704B) AllocSpace objects, 0(0B) LOS objects, 23% free, 52MB/68MB, paused 222us total 14.216ms
08-06 03:00:01.641  6718  6747 I art     : Starting a blocking GC Explicit
08-06 03:00:01.655  6718  6747 I art     : Explicit concurrent mark sweep GC freed 3(96B) AllocSpace objects, 0(0B) LOS objects, 23% free, 52MB/68MB, paused 216us total 13.798ms
08-06 03:00:01.662  6718  6747 I art     : Starting a blocking GC Explicit
08-06 03:00:01.676  6718  6747 I art     : Explicit concurrent mark sweep GC freed 3(96B) AllocSpace objects, 0(0B) LOS objects, 23% free, 52MB/68MB, paused 219us total 13.872ms
08-06 03:00:01.682  6718  6747 I art     : Starting a blocking GC Explicit
08-06 03:00:01.696  6718  6747 I art     : Explicit concurrent mark sweep GC freed 3(96B) AllocSpace objects, 0(0B) LOS objects, 23% free, 52MB/68MB, paused 228us total 13.927ms
08-06 03:00:01.747   918  1210 D NetlinkSocketObserver: NeighborEvent{elapsedMs=1829405622, 192.168.2.254, [7C3953A63323], RTM_NEWNEIGH, NUD_STALE}
08-06 03:00:01.984  6718  6730 I art     : Starting a blocking GC Explicit
08-06 03:00:01.999  6718  6730 I art     : Explicit concurrent mark sweep GC freed 1340(78KB) AllocSpace objects, 1(20KB) LOS objects, 23% free, 52MB/68MB, paused 304us total 14.582ms
08-06 03:00:02.006  6718  6730 I art     : Starting a blocking GC Explicit
08-06 03:00:02.020  6718  6730 I art     : Explicit concurrent mark sweep GC freed 20(704B) AllocSpace objects, 0(0B) LOS objects, 23% free, 52MB/68MB, paused 223us total 13.848ms
08-06 03:00:02.027  6718  6730 I art     : Starting a blocking GC Explicit
08-06 03:00:02.040  6718  6730 I art     : Explicit concurrent mark sweep GC freed 3(96B) AllocSpace objects, 0(0B) LOS objects, 23% free, 52MB/68MB, paused 223us total 12.849ms
08-06 03:00:02.046  6718  6730 I art     : Starting a blocking GC Explicit
08-06 03:00:02.059  6718  6730 I art     : Explicit concurrent mark sweep GC freed 3(96B) AllocSpace objects, 0(0B) LOS objects, 23% free, 52MB/68MB, paused 251us total 13.128ms
08-06 03:00:02.065  6718  6730 I art     : Starting a blocking GC Explicit
08-06 03:00:02.078  6718  6730 I art     : Explicit concurrent mark sweep GC freed 3(96B) AllocSpace objects, 0(0B) LOS objects, 23% free, 52MB/68MB, paused 206us total 12.461ms
08-06 03:00:02.224  7161  7161 D AndroidRuntime: >>>>>> START com.android.internal.os.RuntimeInit uid 2000 <<<<<<
08-06 03:00:02.229  7161  7161 D AndroidRuntime: CheckJNI is OFF
08-06 03:00:02.255  7161  7161 D ICU     : No timezone override file found: /data/misc/zoneinfo/current/icu/icu_tzdata.dat
08-06 03:00:02.281  7161  7161 I Radio-JNI: register_android_hardware_Radio DONE
08-06 03:00:02.297  7161  7161 D AndroidRuntime: Calling main entry com.android.commands.input.Input
08-06 03:00:02.299  7161  7161 I Input   : injectMotionEvent: MotionEvent { action=ACTION_DOWN, actionButton=0, id[0]=0, x[0]=733.0, y[0]=645.0, toolType[0]=TOOL_TYPE_UNKNOWN, buttonState=0, metaState=0, flags=0x0, edgeFlags=0x0, pointerCount=1, historySize=0, eventTime=846018711, downTime=846018711, deviceId=0, source=0x1002 }
08-06 03:00:02.303  7161  7161 I Input   : injectMotionEvent: MotionEvent { action=ACTION_UP, actionButton=0, id[0]=0, x[0]=733.0, y[0]=645.0, toolType[0]=TOOL_TYPE_UNKNOWN, buttonState=0, metaState=0, flags=0x0, edgeFlags=0x0, pointerCount=1, historySize=0, eventTime=846018711, downTime=846018711, deviceId=0, source=0x1002 }
08-06 03:00:02.305   918  5952 I ActivityManager: START u0 {cmp=baseline.appteam.nith.hillffair/.activities.ClubActivity (has extras)} from uid 10697 on display 0
08-06 03:00:02.311  7161  7161 D AndroidRuntime: Shutting down VM
08-06 03:00:02.345  6718  6731 I art     : Starting a blocking GC Explicit
08-06 03:00:02.361  6718  6731 I art     : Explicit concurrent mark sweep GC freed 5014(316KB) AllocSpace objects, 1(20KB) LOS objects, 23% free, 52MB/68MB, paused 379us total 16.143ms
08-06 03:00:02.367  6718  6731 I art     : Starting a blocking GC Explicit
08-06 03:00:02.381  6718  6731 I art     : Explicit concurrent mark sweep GC freed 262(11KB) AllocSpace objects, 0(0B) LOS objects, 23% free, 52MB/68MB, paused 477us total 13.867ms
08-06 03:00:02.389  6718  6731 I art     : Starting a blocking GC Explicit
08-06 03:00:02.400   918   936 I ActivityManager: Displayed baseline.appteam.nith.hillffair/.activities.ClubActivity: +88ms
08-06 03:00:02.400 13866 13866 I GoogleInputMethodServic: GoogleInputMethodService.onFinishInput():3138 
08-06 03:00:02.401 13866 13866 I GoogleInputMethodServic: GoogleInputMethodService.onStartInput():1808 
08-06 03:00:02.404  6718  6731 I art     : Explicit concurrent mark sweep GC freed 113(4KB) AllocSpace objects, 0(0B) LOS objects, 23% free, 52MB/68MB, paused 302us total 15.208ms
08-06 03:00:02.411  6718  6731 I art     : Starting a blocking GC Explicit
08-06 03:00:02.426  6718  6731 I art     : Explicit concurrent mark sweep GC freed 18(736B) AllocSpace objects, 0(0B) LOS objects, 23% free, 52MB/68MB, paused 287us total 15.184ms
08-06 03:00:02.432  6718  6731 I art     : Starting a blocking GC Explicit
08-06 03:00:02.446  6718  6731 I art     : Explicit concurrent mark sweep GC freed 25(1264B) AllocSpace objects, 0(0B) LOS objects, 23% free, 52MB/68MB, paused 247us total 13.210ms
08-06 03:00:02.667   380   380 W SurfaceFlinger: couldn't log to binary event log: overflow.
08-06 03:00:02.678  6718  6747 I art     : Starting a blocking GC Explicit
08-06 03:00:02.693  6718  6747 I art     : Explicit concurrent mark sweep GC freed 1405(83KB) AllocSpace objects, 1(20KB) LOS objects, 23% free, 52MB/68MB, paused 235us total 14.309ms
08-06 03:00:02.700  6718  6747 I art     : Starting a blocking GC Explicit
08-06 03:00:02.713  6718  6747 I art     : Explicit concurrent mark sweep GC freed 20(704B) AllocSpace objects, 0(0B) LOS objects, 23% free, 52MB/68MB, paused 235us total 13.259ms
08-06 03:00:02.719  6718  6747 I art     : Starting a blocking GC Explicit
08-06 03:00:02.733  6718  6747 I art     : Explicit concurrent mark sweep GC freed 3(96B) AllocSpace objects, 0(0B) LOS objects, 23% free, 52MB/68MB, paused 237us total 13.119ms
08-06 03:00:02.739  6718  6747 I art     : Starting a blocking GC Explicit
08-06 03:00:02.752  6718  6747 I art     : Explicit concurrent mark sweep GC freed 3(96B) AllocSpace objects, 0(0B) LOS objects, 23% free, 52MB/68MB, paused 232us total 12.878ms
08-06 03:00:02.758  6718  6747 I art     : Starting a blocking GC Explicit
08-06 03:00:02.771  6718  6747 I art     : Explicit concurrent mark sweep GC freed 3(96B) AllocSpace objects, 0(0B) LOS objects, 23% free, 52MB/68MB, paused 236us total 12.820ms
08-06 03:00:02.885  6718  7193 D OkHttp  : --> GET https://api-hillfair-2k16.herokuapp.com/api/app/events/special/event?id=5806551bdcba0f490c70fd1f http/1.1
08-06 03:00:02.923  6718  7193 D OkHttp  : <-- 200 OK https://api-hillfair-2k16.herokuapp.com/api/app/events/special/event?id=5806551bdcba0f490c70fd1f (38ms, 795-byte body)
08-06 03:00:02.965  6718  6718 I NAPPA_EXPERIMENTATION: MetricNetworkRequestExecutionTime: REQUEST_DURATION_SYSTEM='625',REQUEST_DURATION_OKHTTP='38',REQUEST_SYNCHRONOUS='FALSE',RESPONSE_CODE='200',RESPONSE_METHOD='GET',RESPONSE_LENGTH_OKHTTP='795',RESPONSE_LENGTH_HEADER='795',REQUEST_PROTOCOL='http/1.1',REQUEST_URL='https://api-hillfair-2k16.herokuapp.com/api/app/events/special/event?id=5806551bdcba0f490c70fd1f',
08-06 03:00:03.037  6718  6730 I art     : Starting a blocking GC Explicit
08-06 03:00:03.054  6718  6730 I art     : Explicit concurrent mark sweep GC freed 4895(345KB) AllocSpace objects, 4(220KB) LOS objects, 23% free, 52MB/68MB, paused 378us total 17.117ms
08-06 03:00:03.062  6718  6730 I art     : Starting a blocking GC Explicit
08-06 03:00:03.077  6718  6730 I art     : Explicit concurrent mark sweep GC freed 1054(120KB) AllocSpace objects, 0(0B) LOS objects, 23% free, 52MB/68MB, paused 273us total 14.890ms
08-06 03:00:03.083  6718  6730 I art     : Starting a blocking GC Explicit
08-06 03:00:03.096  6718  6730 I art     : Explicit concurrent mark sweep GC freed 3(96B) AllocSpace objects, 0(0B) LOS objects, 23% free, 52MB/68MB, paused 226us total 13.501ms
08-06 03:00:03.104  6718  6730 I art     : Starting a blocking GC Explicit
08-06 03:00:03.117  6718  6730 I art     : Explicit concurrent mark sweep GC freed 3(96B) AllocSpace objects, 0(0B) LOS objects, 23% free, 52MB/68MB, paused 247us total 12.850ms
08-06 03:00:03.123  6718  6730 I art     : Starting a blocking GC Explicit
08-06 03:00:03.136  6718  6730 I art     : Explicit concurrent mark sweep GC freed 3(96B) AllocSpace objects, 0(0B) LOS objects, 23% free, 52MB/68MB, paused 224us total 13.217ms
08-06 03:00:03.413  6718  6730 I art     : Starting a blocking GC Explicit
08-06 03:00:03.429  6718  6730 I art     : Explicit concurrent mark sweep GC freed 1344(78KB) AllocSpace objects, 1(20KB) LOS objects, 23% free, 52MB/68MB, paused 223us total 15.809ms
08-06 03:00:03.436  6718  6730 I art     : Starting a blocking GC Explicit
08-06 03:00:03.450  6718  6730 I art     : Explicit concurrent mark sweep GC freed 36(1264B) AllocSpace objects, 0(0B) LOS objects, 23% free, 52MB/68MB, paused 220us total 14.186ms
08-06 03:00:03.457  6718  6730 I art     : Starting a blocking GC Explicit
08-06 03:00:03.471  6718  6730 I art     : Explicit concurrent mark sweep GC freed 3(96B) AllocSpace objects, 0(0B) LOS objects, 23% free, 52MB/68MB, paused 232us total 14.588ms
08-06 03:00:03.478  6718  6730 I art     : Starting a blocking GC Explicit
08-06 03:00:03.493  6718  6730 I art     : Explicit concurrent mark sweep GC freed 3(96B) AllocSpace objects, 0(0B) LOS objects, 23% free, 52MB/68MB, paused 257us total 14.536ms
08-06 03:00:03.499  6718  6730 I art     : Starting a blocking GC Explicit
08-06 03:00:03.514  6718  6730 I art     : Explicit concurrent mark sweep GC freed 3(96B) AllocSpace objects, 0(0B) LOS objects, 23% free, 52MB/68MB, paused 235us total 14.633ms
08-06 03:00:03.561   518   646 I ThermalEngine: ACTION: GPU - Setting GPU[0] to 510000000
08-06 03:00:03.813  6718  6731 I art     : Starting a blocking GC Explicit
08-06 03:00:03.838  6718  6731 I art     : Explicit concurrent mark sweep GC freed 1341(78KB) AllocSpace objects, 1(20KB) LOS objects, 23% free, 52MB/68MB, paused 510us total 23.861ms
08-06 03:00:03.849  6718  6731 I art     : Starting a blocking GC Explicit
08-06 03:00:03.868  6718  6731 I art     : Explicit concurrent mark sweep GC freed 20(704B) AllocSpace objects, 0(0B) LOS objects, 23% free, 52MB/68MB, paused 326us total 18.829ms
08-06 03:00:03.876  6718  6731 I art     : Starting a blocking GC Explicit
08-06 03:00:03.895  6718  6731 I art     : Explicit concurrent mark sweep GC freed 3(96B) AllocSpace objects, 0(0B) LOS objects, 23% free, 52MB/68MB, paused 321us total 18.558ms
08-06 03:00:03.904  6718  6731 I art     : Starting a blocking GC Explicit
08-06 03:00:03.923  6718  6731 I art     : Explicit concurrent mark sweep GC freed 3(96B) AllocSpace objects, 0(0B) LOS objects, 23% free, 52MB/68MB, paused 331us total 19.323ms
08-06 03:00:03.932  6718  6731 I art     : Starting a blocking GC Explicit
08-06 03:00:03.951  6718  6731 I art     : Explicit concurrent mark sweep GC freed 3(96B) AllocSpace objects, 0(0B) LOS objects, 23% free, 52MB/68MB, paused 331us total 18.457ms
08-06 03:00:04.276  6718  6747 I art     : Starting a blocking GC Explicit
08-06 03:00:04.300  6718  6747 I art     : Explicit concurrent mark sweep GC freed 1341(78KB) AllocSpace objects, 1(20KB) LOS objects, 23% free, 52MB/68MB, paused 336us total 23.588ms
08-06 03:00:04.313  6718  6747 I art     : Starting a blocking GC Explicit
08-06 03:00:04.333  6718  6747 I art     : Explicit concurrent mark sweep GC freed 20(704B) AllocSpace objects, 0(0B) LOS objects, 23% free, 52MB/68MB, paused 322us total 20.436ms
08-06 03:00:04.342  6718  6747 I art     : Starting a blocking GC Explicit
08-06 03:00:04.361  6718  6747 I art     : Explicit concurrent mark sweep GC freed 3(96B) AllocSpace objects, 0(0B) LOS objects, 23% free, 52MB/68MB, paused 321us total 19.136ms
08-06 03:00:04.370  6718  6747 I art     : Starting a blocking GC Explicit
08-06 03:00:04.389  6718  6747 I art     : Explicit concurrent mark sweep GC freed 3(96B) AllocSpace objects, 0(0B) LOS objects, 23% free, 52MB/68MB, paused 325us total 18.815ms
08-06 03:00:04.397  6718  6747 I art     : Starting a blocking GC Explicit
08-06 03:00:04.417  6718  6747 I art     : Explicit concurrent mark sweep GC freed 3(96B) AllocSpace objects, 0(0B) LOS objects, 23% free, 52MB/68MB, paused 400us total 19.161ms
08-06 03:00:04.747  6718  7194 I art     : Starting a blocking GC Explicit
08-06 03:00:04.772  6718  7194 I art     : Explicit concurrent mark sweep GC freed 1341(78KB) AllocSpace objects, 1(20KB) LOS objects, 23% free, 52MB/68MB, paused 338us total 24.506ms
08-06 03:00:04.783  6718  7194 I art     : Starting a blocking GC Explicit
08-06 03:00:04.803  6718  7194 I art     : Explicit concurrent mark sweep GC freed 20(704B) AllocSpace objects, 0(0B) LOS objects, 23% free, 52MB/68MB, paused 315us total 18.993ms
08-06 03:00:04.811  6718  7194 I art     : Starting a blocking GC Explicit
08-06 03:00:04.830  6718  7194 I art     : Explicit concurrent mark sweep GC freed 3(96B) AllocSpace objects, 0(0B) LOS objects, 23% free, 52MB/68MB, paused 317us total 19.182ms
08-06 03:00:04.839  6718  7194 I art     : Starting a blocking GC Explicit
08-06 03:00:04.858  6718  7194 I art     : Explicit concurrent mark sweep GC freed 3(96B) AllocSpace objects, 0(0B) LOS objects, 23% free, 52MB/68MB, paused 337us total 18.610ms
08-06 03:00:04.867  6718  7194 I art     : Starting a blocking GC Explicit
08-06 03:00:04.885  6718  7194 I art     : Explicit concurrent mark sweep GC freed 3(96B) AllocSpace objects, 0(0B) LOS objects, 23% free, 52MB/68MB, paused 303us total 18.178ms
08-06 03:00:05.209  6718  6730 I art     : Starting a blocking GC Explicit
08-06 03:00:05.233  6718  6730 I art     : Explicit concurrent mark sweep GC freed 1341(78KB) AllocSpace objects, 1(20KB) LOS objects, 23% free, 52MB/68MB, paused 343us total 23.692ms
08-06 03:00:05.245  6718  6730 I art     : Starting a blocking GC Explicit
08-06 03:00:05.267  6718  6730 I art     : Explicit concurrent mark sweep GC freed 20(704B) AllocSpace objects, 0(0B) LOS objects, 23% free, 52MB/68MB, paused 340us total 22.028ms
08-06 03:00:05.276  6718  6730 I art     : Starting a blocking GC Explicit
08-06 03:00:05.295  6718  6730 I art     : Explicit concurrent mark sweep GC freed 3(96B) AllocSpace objects, 0(0B) LOS objects, 23% free, 52MB/68MB, paused 318us total 18.612ms
08-06 03:00:05.304  6718  6730 I art     : Starting a blocking GC Explicit
08-06 03:00:05.321  6718  6730 I art     : Explicit concurrent mark sweep GC freed 3(96B) AllocSpace objects, 0(0B) LOS objects, 23% free, 52MB/68MB, paused 314us total 17.708ms
08-06 03:00:05.330  6718  6730 I art     : Starting a blocking GC Explicit
08-06 03:00:05.348  6718  6730 I art     : Explicit concurrent mark sweep GC freed 3(96B) AllocSpace objects, 0(0B) LOS objects, 23% free, 52MB/68MB, paused 294us total 17.981ms
08-06 03:00:05.525  6516  6516 I ServiceManager: Waiting for service AtCmdFwd...
08-06 03:00:05.667  6718  6731 I art     : Starting a blocking GC Explicit
08-06 03:00:05.696  6718  6731 I art     : Explicit concurrent mark sweep GC freed 1341(78KB) AllocSpace objects, 1(20KB) LOS objects, 23% free, 52MB/68MB, paused 377us total 28.137ms
08-06 03:00:05.708  6718  6731 I art     : Starting a blocking GC Explicit
08-06 03:00:05.730  6718  6731 I art     : Explicit concurrent mark sweep GC freed 20(704B) AllocSpace objects, 0(0B) LOS objects, 23% free, 52MB/68MB, paused 338us total 21.711ms
08-06 03:00:05.738  6718  6731 I art     : Starting a blocking GC Explicit
08-06 03:00:05.758  6718  6731 I art     : Explicit concurrent mark sweep GC freed 3(96B) AllocSpace objects, 0(0B) LOS objects, 23% free, 52MB/68MB, paused 328us total 18.955ms
08-06 03:00:05.766  6718  6731 I art     : Starting a blocking GC Explicit
08-06 03:00:05.785  6718  6731 I art     : Explicit concurrent mark sweep GC freed 3(96B) AllocSpace objects, 0(0B) LOS objects, 23% free, 52MB/68MB, paused 311us total 18.420ms
08-06 03:00:05.793  6718  6731 I art     : Starting a blocking GC Explicit
08-06 03:00:05.811  6718  6731 I art     : Explicit concurrent mark sweep GC freed 3(96B) AllocSpace objects, 0(0B) LOS objects, 23% free, 52MB/68MB, paused 308us total 18.310ms
08-06 03:00:06.145  6718  6747 I art     : Starting a blocking GC Explicit
08-06 03:00:06.173  6718  6747 I art     : Explicit concurrent mark sweep GC freed 1341(78KB) AllocSpace objects, 1(20KB) LOS objects, 23% free, 52MB/68MB, paused 376us total 27.734ms
08-06 03:00:06.185  6718  6747 I art     : Starting a blocking GC Explicit
08-06 03:00:06.208  6718  6747 I art     : Explicit concurrent mark sweep GC freed 20(704B) AllocSpace objects, 0(0B) LOS objects, 23% free, 52MB/68MB, paused 338us total 22.508ms
08-06 03:00:06.219  6718  6747 I art     : Starting a blocking GC Explicit
08-06 03:00:06.238  6718  6747 I art     : Explicit concurrent mark sweep GC freed 3(96B) AllocSpace objects, 0(0B) LOS objects, 23% free, 52MB/68MB, paused 324us total 18.911ms
08-06 03:00:06.247  6718  6747 I art     : Starting a blocking GC Explicit
08-06 03:00:06.266  6718  6747 I art     : Explicit concurrent mark sweep GC freed 3(96B) AllocSpace objects, 0(0B) LOS objects, 23% free, 52MB/68MB, paused 307us total 18.171ms
08-06 03:00:06.274  6718  6747 I art     : Starting a blocking GC Explicit
08-06 03:00:06.293  6718  6747 I art     : Explicit concurrent mark sweep GC freed 3(96B) AllocSpace objects, 0(0B) LOS objects, 23% free, 52MB/68MB, paused 316us total 18.484ms
08-06 03:00:06.526  6516  6516 I ServiceManager: Waiting for service AtCmdFwd...
08-06 03:00:06.623  6718  7194 I art     : Starting a blocking GC Explicit
08-06 03:00:06.650  6718  7194 I art     : Explicit concurrent mark sweep GC freed 1341(78KB) AllocSpace objects, 1(20KB) LOS objects, 23% free, 52MB/68MB, paused 367us total 26.126ms
08-06 03:00:06.663  6718  7194 I art     : Starting a blocking GC Explicit
08-06 03:00:06.682  6718  7194 I art     : Explicit concurrent mark sweep GC freed 20(704B) AllocSpace objects, 0(0B) LOS objects, 23% free, 52MB/68MB, paused 336us total 18.742ms
08-06 03:00:06.690  6718  7194 I art     : Starting a blocking GC Explicit
08-06 03:00:06.710  6718  7194 I art     : Explicit concurrent mark sweep GC freed 3(96B) AllocSpace objects, 0(0B) LOS objects, 23% free, 52MB/68MB, paused 313us total 18.887ms
08-06 03:00:06.718  6718  7194 I art     : Starting a blocking GC Explicit
08-06 03:00:06.737  6718  7194 I art     : Explicit concurrent mark sweep GC freed 3(96B) AllocSpace objects, 0(0B) LOS objects, 23% free, 52MB/68MB, paused 446us total 18.801ms
08-06 03:00:06.745  6718  7194 I art     : Starting a blocking GC Explicit
08-06 03:00:06.764  6718  7194 I art     : Explicit concurrent mark sweep GC freed 3(96B) AllocSpace objects, 0(0B) LOS objects, 23% free, 52MB/68MB, paused 319us total 18.644ms
08-06 03:00:07.067  6718  6730 I art     : Starting a blocking GC Explicit
08-06 03:00:07.087  6718  6730 I art     : Explicit concurrent mark sweep GC freed 1341(78KB) AllocSpace objects, 1(20KB) LOS objects, 23% free, 52MB/68MB, paused 312us total 19.587ms
08-06 03:00:07.095  6718  6730 I art     : Starting a blocking GC Explicit
08-06 03:00:07.114  6718  6730 I art     : Explicit concurrent mark sweep GC freed 20(704B) AllocSpace objects, 0(0B) LOS objects, 23% free, 52MB/68MB, paused 315us total 19.002ms
08-06 03:00:07.123  6718  6730 I art     : Starting a blocking GC Explicit
08-06 03:00:07.142  6718  6730 I art     : Explicit concurrent mark sweep GC freed 3(96B) AllocSpace objects, 0(0B) LOS objects, 23% free, 52MB/68MB, paused 337us total 18.993ms
08-06 03:00:07.150  6718  6730 I art     : Starting a blocking GC Explicit
08-06 03:00:07.170  6718  6730 I art     : Explicit concurrent mark sweep GC freed 3(96B) AllocSpace objects, 0(0B) LOS objects, 23% free, 52MB/68MB, paused 316us total 19.016ms
08-06 03:00:07.178  6718  6730 I art     : Starting a blocking GC Explicit
08-06 03:00:07.197  6718  6730 I art     : Explicit concurrent mark sweep GC freed 3(96B) AllocSpace objects, 0(0B) LOS objects, 23% free, 52MB/68MB, paused 345us total 18.693ms
08-06 03:00:07.512  6718  6731 I art     : Starting a blocking GC Explicit
08-06 03:00:07.527  6516  6516 I ServiceManager: Waiting for service AtCmdFwd...
08-06 03:00:07.536  6718  6731 I art     : Explicit concurrent mark sweep GC freed 1341(78KB) AllocSpace objects, 1(20KB) LOS objects, 23% free, 52MB/68MB, paused 348us total 24.022ms
08-06 03:00:07.547  6718  6731 I art     : Starting a blocking GC Explicit
08-06 03:00:07.567  6718  6731 I art     : Explicit concurrent mark sweep GC freed 20(704B) AllocSpace objects, 0(0B) LOS objects, 23% free, 52MB/68MB, paused 335us total 19.602ms
08-06 03:00:07.576  6718  6731 I art     : Starting a blocking GC Explicit
08-06 03:00:07.595  6718  6731 I art     : Explicit concurrent mark sweep GC freed 3(96B) AllocSpace objects, 0(0B) LOS objects, 23% free, 52MB/68MB, paused 323us total 19.143ms
08-06 03:00:07.604  6718  6731 I art     : Starting a blocking GC Explicit
08-06 03:00:07.623  6718  6731 I art     : Explicit concurrent mark sweep GC freed 3(96B) AllocSpace objects, 0(0B) LOS objects, 23% free, 52MB/68MB, paused 325us total 18.763ms
08-06 03:00:07.631  6718  6731 I art     : Starting a blocking GC Explicit
08-06 03:00:07.650  6718  6731 I art     : Explicit concurrent mark sweep GC freed 3(96B) AllocSpace objects, 0(0B) LOS objects, 23% free, 52MB/68MB, paused 321us total 19.005ms
08-06 03:00:07.965  6718  6747 I art     : Starting a blocking GC Explicit
08-06 03:00:07.990  6718  6747 I art     : Explicit concurrent mark sweep GC freed 1534(90KB) AllocSpace objects, 1(20KB) LOS objects, 23% free, 52MB/68MB, paused 405us total 24.921ms
08-06 03:00:08.002  6718  6747 I art     : Starting a blocking GC Explicit
08-06 03:00:08.023  6718  6747 I art     : Explicit concurrent mark sweep GC freed 25(912B) AllocSpace objects, 0(0B) LOS objects, 23% free, 52MB/68MB, paused 381us total 20.455ms
08-06 03:00:08.032  6718  6747 I art     : Starting a blocking GC Explicit
08-06 03:00:08.051  6718  6747 I art     : Explicit concurrent mark sweep GC freed 3(96B) AllocSpace objects, 0(0B) LOS objects, 23% free, 52MB/68MB, paused 376us total 19.480ms
08-06 03:00:08.060  6718  6747 I art     : Starting a blocking GC Explicit
08-06 03:00:08.079  6718  6747 I art     : Explicit concurrent mark sweep GC freed 20(976B) AllocSpace objects, 0(0B) LOS objects, 23% free, 52MB/68MB, paused 438us total 18.931ms
08-06 03:00:08.088  6718  6747 I art     : Starting a blocking GC Explicit
08-06 03:00:08.107  6718  6747 I art     : Explicit concurrent mark sweep GC freed 83(4KB) AllocSpace objects, 0(0B) LOS objects, 23% free, 52MB/68MB, paused 443us total 19.161ms
08-06 03:00:08.224  6718  7329 W OneSignal: OneSignalRestClient: POST Error thrown from network stack. 
08-06 03:00:08.224  6718  7329 W OneSignal: java.io.IOException: unexpected end of stream on Connection{api.onesignal.com:443, proxy=HTTP@192.168.2.12:8080 hostAddress=192.168.2.12 cipherSuite=TLS_ECDHE_RSA_WITH_AES_128_GCM_SHA256 protocol=http/1.1} (recycle count=0)
08-06 03:00:08.224  6718  7329 W OneSignal: 	at com.android.okhttp.internal.http.HttpConnection.readResponse(HttpConnection.java:210)
08-06 03:00:08.224  6718  7329 W OneSignal: 	at com.android.okhttp.internal.http.HttpTransport.readResponseHeaders(HttpTransport.java:80)
08-06 03:00:08.224  6718  7329 W OneSignal: 	at com.android.okhttp.internal.http.HttpEngine.readNetworkResponse(HttpEngine.java:904)
08-06 03:00:08.224  6718  7329 W OneSignal: 	at com.android.okhttp.internal.http.HttpEngine.readResponse(HttpEngine.java:788)
08-06 03:00:08.224  6718  7329 W OneSignal: 	at com.android.okhttp.internal.huc.HttpURLConnectionImpl.execute(HttpURLConnectionImpl.java:439)
08-06 03:00:08.224  6718  7329 W OneSignal: 	at com.android.okhttp.internal.huc.HttpURLConnectionImpl.getResponse(HttpURLConnectionImpl.java:384)
08-06 03:00:08.224  6718  7329 W OneSignal: 	at com.android.okhttp.internal.huc.HttpURLConnectionImpl.getResponseCode(HttpURLConnectionImpl.java:497)
08-06 03:00:08.224  6718  7329 W OneSignal: 	at com.android.okhttp.internal.huc.DelegatingHttpsURLConnection.getResponseCode(DelegatingHttpsURLConnection.java:105)
08-06 03:00:08.224  6718  7329 W OneSignal: 	at com.android.okhttp.internal.huc.HttpsURLConnectionImpl.getResponseCode(HttpsURLConnectionImpl.java)
08-06 03:00:08.224  6718  7329 W OneSignal: 	at com.onesignal.OneSignalRestClient.startHTTPConnection(OneSignalRestClient.java:180)
08-06 03:00:08.224  6718  7329 W OneSignal: 	at com.onesignal.OneSignalRestClient.access$100(OneSignalRestClient.java:44)
08-06 03:00:08.224  6718  7329 W OneSignal: 	at com.onesignal.OneSignalRestClient$4.run(OneSignalRestClient.java:110)
08-06 03:00:08.224  6718  7329 W OneSignal: 	at java.lang.Thread.run(Thread.java:818)
08-06 03:00:08.224  6718  7329 W OneSignal: Caused by: java.io.EOFException: \n not found: size=0 content=...
08-06 03:00:08.224  6718  7329 W OneSignal: 	at com.android.okhttp.okio.RealBufferedSource.readUtf8LineStrict(RealBufferedSource.java:200)
08-06 03:00:08.224  6718  7329 W OneSignal: 	at com.android.okhttp.internal.http.HttpConnection.readResponse(HttpConnection.java:191)
08-06 03:00:08.224  6718  7329 W OneSignal: 	... 12 more
08-06 03:00:08.226  6718  7330 W OneSignal: Failed last request. statusCode: -1
08-06 03:00:08.226  6718  7330 W OneSignal: response: null
08-06 03:00:08.395  6718  7194 I art     : Starting a blocking GC Explicit
08-06 03:00:08.423  6718  7194 I art     : Explicit concurrent mark sweep GC freed 3610(225KB) AllocSpace objects, 1(20KB) LOS objects, 23% free, 52MB/68MB, paused 374us total 26.842ms
08-06 03:00:08.437  6718  7194 I art     : Starting a blocking GC Explicit
08-06 03:00:08.454  6718  7194 I art     : Explicit concurrent mark sweep GC freed 67(2432B) AllocSpace objects, 0(0B) LOS objects, 23% free, 52MB/68MB, paused 295us total 17.416ms
08-06 03:00:08.462  6718  7194 I art     : Starting a blocking GC Explicit
08-06 03:00:08.478  6718  7194 I art     : Explicit concurrent mark sweep GC freed 3(96B) AllocSpace objects, 0(0B) LOS objects, 23% free, 52MB/68MB, paused 284us total 15.984ms
08-06 03:00:08.486  6718  7194 I art     : Starting a blocking GC Explicit
08-06 03:00:08.502  6718  7194 I art     : Explicit concurrent mark sweep GC freed 3(96B) AllocSpace objects, 0(0B) LOS objects, 23% free, 52MB/68MB, paused 299us total 16.212ms
08-06 03:00:08.510  6718  7194 I art     : Starting a blocking GC Explicit
08-06 03:00:08.526  6718  7194 I art     : Explicit concurrent mark sweep GC freed 3(96B) AllocSpace objects, 0(0B) LOS objects, 23% free, 52MB/68MB, paused 298us total 16.425ms
08-06 03:00:08.528  6516  6516 I ServiceManager: Waiting for service AtCmdFwd...
08-06 03:00:08.816  6718  6730 I art     : Starting a blocking GC Explicit
08-06 03:00:08.833  6718  6730 I art     : Explicit concurrent mark sweep GC freed 1341(78KB) AllocSpace objects, 1(20KB) LOS objects, 23% free, 52MB/68MB, paused 319us total 17.368ms
08-06 03:00:08.841  6718  6730 I art     : Starting a blocking GC Explicit
08-06 03:00:08.858  6718  6730 I art     : Explicit concurrent mark sweep GC freed 20(704B) AllocSpace objects, 0(0B) LOS objects, 23% free, 52MB/68MB, paused 300us total 16.964ms
08-06 03:00:08.866  6718  6730 I art     : Starting a blocking GC Explicit
08-06 03:00:08.884  6718  6730 I art     : Explicit concurrent mark sweep GC freed 3(96B) AllocSpace objects, 0(0B) LOS objects, 23% free, 52MB/68MB, paused 299us total 18.070ms
08-06 03:00:08.892  6718  6730 I art     : Starting a blocking GC Explicit
08-06 03:00:08.910  6718  6730 I art     : Explicit concurrent mark sweep GC freed 3(96B) AllocSpace objects, 0(0B) LOS objects, 23% free, 52MB/68MB, paused 304us total 17.617ms
08-06 03:00:08.918  6718  6730 I art     : Starting a blocking GC Explicit
08-06 03:00:08.936  6718  6730 I art     : Explicit concurrent mark sweep GC freed 3(96B) AllocSpace objects, 0(0B) LOS objects, 23% free, 52MB/68MB, paused 319us total 17.705ms
08-06 03:00:09.239  6718  6731 I art     : Starting a blocking GC Explicit
08-06 03:00:09.263  6718  6731 I art     : Explicit concurrent mark sweep GC freed 1341(78KB) AllocSpace objects, 1(20KB) LOS objects, 23% free, 52MB/68MB, paused 357us total 23.446ms
08-06 03:00:09.275  6718  6731 I art     : Starting a blocking GC Explicit
08-06 03:00:09.296  6718  6731 I art     : Explicit concurrent mark sweep GC freed 20(704B) AllocSpace objects, 0(0B) LOS objects, 23% free, 52MB/68MB, paused 309us total 20.790ms
08-06 03:00:09.304  6718  6731 I art     : Starting a blocking GC Explicit
08-06 03:00:09.323  6718  6731 I art     : Explicit concurrent mark sweep GC freed 3(96B) AllocSpace objects, 0(0B) LOS objects, 23% free, 52MB/68MB, paused 317us total 19.064ms
08-06 03:00:09.324  6718  6729 I art     : WaitForGcToComplete blocked for 19.310ms for cause HeapTrim
08-06 03:00:09.332  6718  6731 I art     : Starting a blocking GC Explicit
08-06 03:00:09.351  6718  6731 I art     : Explicit concurrent mark sweep GC freed 3(96B) AllocSpace objects, 0(0B) LOS objects, 23% free, 52MB/68MB, paused 318us total 18.958ms
08-06 03:00:09.359  6718  6731 I art     : Starting a blocking GC Explicit
08-06 03:00:09.378  6718  6731 I art     : Explicit concurrent mark sweep GC freed 3(96B) AllocSpace objects, 0(0B) LOS objects, 23% free, 52MB/68MB, paused 311us total 18.407ms
08-06 03:00:09.529  6516  6516 I ServiceManager: Waiting for service AtCmdFwd...
08-06 03:00:09.692  6718  6747 I art     : Starting a blocking GC Explicit
08-06 03:00:09.721  6718  6747 I art     : Explicit concurrent mark sweep GC freed 1341(78KB) AllocSpace objects, 1(20KB) LOS objects, 23% free, 52MB/68MB, paused 371us total 27.868ms
08-06 03:00:09.736  6718  6747 I art     : Starting a blocking GC Explicit
08-06 03:00:09.755  6718  6747 I art     : Explicit concurrent mark sweep GC freed 20(704B) AllocSpace objects, 0(0B) LOS objects, 23% free, 52MB/68MB, paused 329us total 19.052ms
08-06 03:00:09.764  6718  6747 I art     : Starting a blocking GC Explicit
08-06 03:00:09.783  6718  6747 I art     : Explicit concurrent mark sweep GC freed 3(96B) AllocSpace objects, 0(0B) LOS objects, 23% free, 52MB/68MB, paused 317us total 18.988ms
08-06 03:00:09.792  6718  6747 I art     : Starting a blocking GC Explicit
08-06 03:00:09.811  6718  6747 I art     : Explicit concurrent mark sweep GC freed 3(96B) AllocSpace objects, 0(0B) LOS objects, 23% free, 52MB/68MB, paused 315us total 19.254ms
08-06 03:00:09.820  6718  6747 I art     : Starting a blocking GC Explicit
08-06 03:00:09.839  6718  6747 I art     : Explicit concurrent mark sweep GC freed 3(96B) AllocSpace objects, 0(0B) LOS objects, 23% free, 52MB/68MB, paused 315us total 18.547ms
08-06 03:00:10.136  6718  7194 I art     : Starting a blocking GC Explicit
08-06 03:00:10.160  6718  7194 I art     : Explicit concurrent mark sweep GC freed 1341(78KB) AllocSpace objects, 1(20KB) LOS objects, 23% free, 52MB/68MB, paused 346us total 23.765ms
08-06 03:00:10.170  6718  7194 I art     : Starting a blocking GC Explicit
08-06 03:00:10.189  6718  7194 I art     : Explicit concurrent mark sweep GC freed 20(704B) AllocSpace objects, 0(0B) LOS objects, 23% free, 52MB/68MB, paused 382us total 19.185ms
08-06 03:00:10.198  6718  7194 I art     : Starting a blocking GC Explicit
08-06 03:00:10.217  6718  7194 I art     : Explicit concurrent mark sweep GC freed 3(96B) AllocSpace objects, 0(0B) LOS objects, 23% free, 52MB/68MB, paused 429us total 18.557ms
08-06 03:00:10.225  6718  7194 I art     : Starting a blocking GC Explicit
08-06 03:00:10.244  6718  7194 I art     : Explicit concurrent mark sweep GC freed 3(96B) AllocSpace objects, 0(0B) LOS objects, 23% free, 52MB/68MB, paused 316us total 18.567ms
08-06 03:00:10.252  6718  7194 I art     : Starting a blocking GC Explicit
08-06 03:00:10.271  6718  7194 I art     : Explicit concurrent mark sweep GC freed 3(96B) AllocSpace objects, 0(0B) LOS objects, 23% free, 52MB/68MB, paused 308us total 18.954ms
08-06 03:00:10.529  6516  6516 W Atfwd_Sendcmd: AtCmdFwd service not published, waiting... retryCnt : 1
08-06 03:00:10.584  6718  6730 I art     : Starting a blocking GC Explicit
08-06 03:00:10.604  6718  6730 I art     : Explicit concurrent mark sweep GC freed 1341(78KB) AllocSpace objects, 1(20KB) LOS objects, 23% free, 52MB/68MB, paused 321us total 19.760ms
08-06 03:00:10.614  6718  6730 I art     : Starting a blocking GC Explicit
08-06 03:00:10.637  6718  6730 I art     : Explicit concurrent mark sweep GC freed 20(704B) AllocSpace objects, 0(0B) LOS objects, 23% free, 52MB/68MB, paused 434us total 22.381ms
08-06 03:00:10.648  6718  6730 I art     : Starting a blocking GC Explicit
08-06 03:00:10.667  6718  6730 I art     : Explicit concurrent mark sweep GC freed 3(96B) AllocSpace objects, 0(0B) LOS objects, 23% free, 52MB/68MB, paused 398us total 18.675ms
08-06 03:00:10.675  6718  6730 I art     : Starting a blocking GC Explicit
08-06 03:00:10.695  6718  6730 I art     : Explicit concurrent mark sweep GC freed 3(96B) AllocSpace objects, 0(0B) LOS objects, 23% free, 52MB/68MB, paused 336us total 19.076ms
08-06 03:00:10.703  6718  6730 I art     : Starting a blocking GC Explicit
08-06 03:00:10.723  6718  6730 I art     : Explicit concurrent mark sweep GC freed 3(96B) AllocSpace objects, 0(0B) LOS objects, 23% free, 52MB/68MB, paused 311us total 19.237ms
08-06 03:00:11.044  6718  6731 I art     : Starting a blocking GC Explicit
08-06 03:00:11.068  6718  6731 I art     : Explicit concurrent mark sweep GC freed 1341(78KB) AllocSpace objects, 1(20KB) LOS objects, 23% free, 52MB/68MB, paused 391us total 23.760ms
08-06 03:00:11.079  6718  6731 I art     : Starting a blocking GC Explicit
08-06 03:00:11.098  6718  6731 I art     : Explicit concurrent mark sweep GC freed 20(704B) AllocSpace objects, 0(0B) LOS objects, 23% free, 52MB/68MB, paused 315us total 18.903ms
08-06 03:00:11.107  6718  6731 I art     : Starting a blocking GC Explicit
08-06 03:00:11.126  6718  6731 I art     : Explicit concurrent mark sweep GC freed 3(96B) AllocSpace objects, 0(0B) LOS objects, 23% free, 52MB/68MB, paused 318us total 18.975ms
08-06 03:00:11.134  6718  6731 I art     : Starting a blocking GC Explicit
08-06 03:00:11.153  6718  6731 I art     : Explicit concurrent mark sweep GC freed 3(96B) AllocSpace objects, 0(0B) LOS objects, 23% free, 52MB/68MB, paused 323us total 18.721ms
08-06 03:00:11.162  6718  6731 I art     : Starting a blocking GC Explicit
08-06 03:00:11.181  6718  6731 I art     : Explicit concurrent mark sweep GC freed 3(96B) AllocSpace objects, 0(0B) LOS objects, 23% free, 52MB/68MB, paused 314us total 18.662ms
08-06 03:00:11.497  6718  6747 I art     : Starting a blocking GC Explicit
08-06 03:00:11.521  6718  6747 I art     : Explicit concurrent mark sweep GC freed 1341(78KB) AllocSpace objects, 1(20KB) LOS objects, 23% free, 52MB/68MB, paused 352us total 23.658ms
08-06 03:00:11.532  6718  6747 I art     : Starting a blocking GC Explicit
08-06 03:00:11.553  6718  6747 I art     : Explicit concurrent mark sweep GC freed 20(704B) AllocSpace objects, 0(0B) LOS objects, 23% free, 52MB/68MB, paused 322us total 20.440ms
08-06 03:00:11.561  6718  6747 I art     : Starting a blocking GC Explicit
08-06 03:00:11.581  6718  6747 I art     : Explicit concurrent mark sweep GC freed 3(96B) AllocSpace objects, 0(0B) LOS objects, 23% free, 52MB/68MB, paused 321us total 19.126ms
08-06 03:00:11.589  6718  6747 I art     : Starting a blocking GC Explicit
08-06 03:00:11.608  6718  6747 I art     : Explicit concurrent mark sweep GC freed 3(96B) AllocSpace objects, 0(0B) LOS objects, 23% free, 52MB/68MB, paused 358us total 18.514ms
08-06 03:00:11.616  6718  6747 I art     : Starting a blocking GC Explicit
08-06 03:00:11.635  6718  6747 I art     : Explicit concurrent mark sweep GC freed 3(96B) AllocSpace objects, 0(0B) LOS objects, 23% free, 52MB/68MB, paused 328us total 18.731ms
08-06 03:00:11.955  6718  7194 I art     : Starting a blocking GC Explicit
08-06 03:00:11.982  6718  7194 I art     : Explicit concurrent mark sweep GC freed 1341(78KB) AllocSpace objects, 1(20KB) LOS objects, 23% free, 52MB/68MB, paused 352us total 26.914ms
08-06 03:00:11.994  6718  7194 I art     : Starting a blocking GC Explicit
08-06 03:00:12.014  6718  7194 I art     : Explicit concurrent mark sweep GC freed 20(704B) AllocSpace objects, 0(0B) LOS objects, 23% free, 52MB/68MB, paused 313us total 19.882ms
08-06 03:00:12.022  6718  7194 I art     : Starting a blocking GC Explicit
08-06 03:00:12.041  6718  7194 I art     : Explicit concurrent mark sweep GC freed 3(96B) AllocSpace objects, 0(0B) LOS objects, 23% free, 52MB/68MB, paused 318us total 18.821ms
08-06 03:00:12.050  6718  7194 I art     : Starting a blocking GC Explicit
08-06 03:00:12.069  6718  7194 I art     : Explicit concurrent mark sweep GC freed 3(96B) AllocSpace objects, 0(0B) LOS objects, 23% free, 52MB/68MB, paused 311us total 18.657ms
08-06 03:00:12.077  6718  7194 I art     : Starting a blocking GC Explicit
08-06 03:00:12.097  6718  7194 I art     : Explicit concurrent mark sweep GC freed 3(96B) AllocSpace objects, 0(0B) LOS objects, 23% free, 52MB/68MB, paused 314us total 19.160ms
08-06 03:00:12.414  6718  6730 I art     : Starting a blocking GC Explicit
08-06 03:00:12.435  6718  6730 I art     : Explicit concurrent mark sweep GC freed 1341(78KB) AllocSpace objects, 1(20KB) LOS objects, 23% free, 52MB/68MB, paused 321us total 20.266ms
08-06 03:00:12.443  6718  6730 I art     : Starting a blocking GC Explicit
08-06 03:00:12.462  6718  6730 I art     : Explicit concurrent mark sweep GC freed 20(704B) AllocSpace objects, 0(0B) LOS objects, 23% free, 52MB/68MB, paused 320us total 18.865ms
08-06 03:00:12.471  6718  6730 I art     : Starting a blocking GC Explicit
08-06 03:00:12.490  6718  6730 I art     : Explicit concurrent mark sweep GC freed 3(96B) AllocSpace objects, 0(0B) LOS objects, 23% free, 52MB/68MB, paused 309us total 18.910ms
08-06 03:00:12.498  6718  6730 I art     : Starting a blocking GC Explicit
08-06 03:00:12.518  6718  6730 I art     : Explicit concurrent mark sweep GC freed 3(96B) AllocSpace objects, 0(0B) LOS objects, 23% free, 52MB/68MB, paused 330us total 19.049ms
08-06 03:00:12.526  6718  6730 I art     : Starting a blocking GC Explicit
08-06 03:00:12.545  6718  6730 I art     : Explicit concurrent mark sweep GC freed 3(96B) AllocSpace objects, 0(0B) LOS objects, 23% free, 52MB/68MB, paused 321us total 18.624ms
08-06 03:00:12.865  6718  6731 I art     : Starting a blocking GC Explicit
08-06 03:00:12.886  6718  6731 I art     : Explicit concurrent mark sweep GC freed 1341(78KB) AllocSpace objects, 1(20KB) LOS objects, 23% free, 52MB/68MB, paused 323us total 20.497ms
08-06 03:00:12.895  6718  6731 I art     : Starting a blocking GC Explicit
08-06 03:00:12.914  6718  6731 I art     : Explicit concurrent mark sweep GC freed 20(704B) AllocSpace objects, 0(0B) LOS objects, 23% free, 52MB/68MB, paused 319us total 18.866ms
08-06 03:00:12.922  6718  6731 I art     : Starting a blocking GC Explicit
08-06 03:00:12.942  6718  6731 I art     : Explicit concurrent mark sweep GC freed 3(96B) AllocSpace objects, 0(0B) LOS objects, 23% free, 52MB/68MB, paused 324us total 19.248ms
08-06 03:00:12.950  6718  6731 I art     : Starting a blocking GC Explicit
08-06 03:00:12.969  6718  6731 I art     : Explicit concurrent mark sweep GC freed 3(96B) AllocSpace objects, 0(0B) LOS objects, 23% free, 52MB/68MB, paused 315us total 18.812ms
08-06 03:00:12.978  6718  6731 I art     : Starting a blocking GC Explicit
08-06 03:00:12.997  6718  6731 I art     : Explicit concurrent mark sweep GC freed 3(96B) AllocSpace objects, 0(0B) LOS objects, 23% free, 52MB/68MB, paused 345us total 19.023ms
08-06 03:00:13.309  6718  6747 I art     : Starting a blocking GC Explicit
08-06 03:00:13.332  6718  6747 I art     : Explicit concurrent mark sweep GC freed 1341(78KB) AllocSpace objects, 1(20KB) LOS objects, 23% free, 52MB/68MB, paused 424us total 22.543ms
08-06 03:00:13.343  6718  6747 I art     : Starting a blocking GC Explicit
08-06 03:00:13.362  6718  6747 I art     : Explicit concurrent mark sweep GC freed 20(704B) AllocSpace objects, 0(0B) LOS objects, 23% free, 52MB/68MB, paused 324us total 19.251ms
08-06 03:00:13.371  6718  6747 I art     : Starting a blocking GC Explicit
08-06 03:00:13.390  6718  6747 I art     : Explicit concurrent mark sweep GC freed 3(96B) AllocSpace objects, 0(0B) LOS objects, 23% free, 52MB/68MB, paused 313us total 18.880ms
08-06 03:00:13.399  6718  6747 I art     : Starting a blocking GC Explicit
08-06 03:00:13.418  6718  6747 I art     : Explicit concurrent mark sweep GC freed 3(96B) AllocSpace objects, 0(0B) LOS objects, 23% free, 52MB/68MB, paused 314us total 19.333ms
08-06 03:00:13.427  6718  6747 I art     : Starting a blocking GC Explicit
08-06 03:00:13.445  6718  6747 I art     : Explicit concurrent mark sweep GC freed 3(96B) AllocSpace objects, 0(0B) LOS objects, 23% free, 52MB/68MB, paused 315us total 18.363ms
08-06 03:00:13.467   918   937 W ProcessCpuTracker: Skipping unknown process pid 7449
08-06 03:00:13.468   918   937 W ProcessCpuTracker: Skipping unknown process pid 7451
08-06 03:00:13.468   918   937 W ProcessCpuTracker: Skipping unknown process pid 7452
08-06 03:00:13.578   518   646 I ThermalEngine: ACTION: GPU - Setting GPU[0] to 600000000
08-06 03:00:13.762  6718  7194 I art     : Starting a blocking GC Explicit
08-06 03:00:13.780  6718  7194 I art     : Explicit concurrent mark sweep GC freed 1341(78KB) AllocSpace objects, 1(20KB) LOS objects, 23% free, 52MB/68MB, paused 272us total 17.288ms
08-06 03:00:13.790  6718  7194 I art     : Starting a blocking GC Explicit
08-06 03:00:13.806  6718  7194 I art     : Explicit concurrent mark sweep GC freed 20(704B) AllocSpace objects, 0(0B) LOS objects, 23% free, 52MB/68MB, paused 230us total 15.225ms
08-06 03:00:13.812  6718  7194 I art     : Starting a blocking GC Explicit
08-06 03:00:13.827  6718  7194 I art     : Explicit concurrent mark sweep GC freed 3(96B) AllocSpace objects, 0(0B) LOS objects, 23% free, 52MB/68MB, paused 281us total 14.412ms
08-06 03:00:13.833  6718  7194 I art     : Starting a blocking GC Explicit
08-06 03:00:13.848  6718  7194 I art     : Explicit concurrent mark sweep GC freed 3(96B) AllocSpace objects, 0(0B) LOS objects, 23% free, 52MB/68MB, paused 223us total 14.640ms
08-06 03:00:13.854  6718  7194 I art     : Starting a blocking GC Explicit
08-06 03:00:13.869  6718  7194 I art     : Explicit concurrent mark sweep GC freed 3(96B) AllocSpace objects, 0(0B) LOS objects, 23% free, 52MB/68MB, paused 231us total 14.457ms
08-06 03:00:14.182  6718  6730 I art     : Starting a blocking GC Explicit
08-06 03:00:14.207  6718  6730 I art     : Explicit concurrent mark sweep GC freed 1341(78KB) AllocSpace objects, 1(20KB) LOS objects, 23% free, 52MB/68MB, paused 272us total 24.203ms
08-06 03:00:14.219  6718  6730 I art     : Starting a blocking GC Explicit
08-06 03:00:14.235  6718  6730 I art     : Explicit concurrent mark sweep GC freed 20(704B) AllocSpace objects, 0(0B) LOS objects, 23% free, 52MB/68MB, paused 235us total 16.110ms
08-06 03:00:14.242  6718  6730 I art     : Starting a blocking GC Explicit
08-06 03:00:14.257  6718  6730 I art     : Explicit concurrent mark sweep GC freed 3(96B) AllocSpace objects, 0(0B) LOS objects, 23% free, 52MB/68MB, paused 248us total 14.844ms
08-06 03:00:14.264  6718  6730 I art     : Starting a blocking GC Explicit
08-06 03:00:14.279  6718  6730 I art     : Explicit concurrent mark sweep GC freed 3(96B) AllocSpace objects, 0(0B) LOS objects, 23% free, 52MB/68MB, paused 232us total 14.924ms
08-06 03:00:14.285  6718  6730 I art     : Starting a blocking GC Explicit
08-06 03:00:14.300  6718  6730 I art     : Explicit concurrent mark sweep GC freed 3(96B) AllocSpace objects, 0(0B) LOS objects, 23% free, 52MB/68MB, paused 221us total 14.671ms
08-06 03:00:14.592   918  3261 D WifiStateMachine: starting scan for "H369AA63323"WPA_PSK with 2412,5180
08-06 03:00:14.613  6718  6731 I art     : Starting a blocking GC Explicit
08-06 03:00:14.630  6718  6731 I art     : Explicit concurrent mark sweep GC freed 1341(78KB) AllocSpace objects, 1(20KB) LOS objects, 23% free, 52MB/68MB, paused 280us total 17.699ms
08-06 03:00:14.638  6718  6731 I art     : Starting a blocking GC Explicit
08-06 03:00:14.653  6718  6731 I art     : Explicit concurrent mark sweep GC freed 20(704B) AllocSpace objects, 0(0B) LOS objects, 23% free, 52MB/68MB, paused 241us total 15.214ms
08-06 03:00:14.660  6718  6731 I art     : Starting a blocking GC Explicit
08-06 03:00:14.673  6718  6731 I art     : Explicit concurrent mark sweep GC freed 3(96B) AllocSpace objects, 0(0B) LOS objects, 23% free, 52MB/68MB, paused 231us total 13.456ms
08-06 03:00:14.679  6718  6731 I art     : Starting a blocking GC Explicit
08-06 03:00:14.692  6718  6731 I art     : Explicit concurrent mark sweep GC freed 3(96B) AllocSpace objects, 0(0B) LOS objects, 23% free, 52MB/68MB, paused 226us total 12.821ms
08-06 03:00:14.698  6718  6731 I art     : Starting a blocking GC Explicit
08-06 03:00:14.712  6718  6731 I art     : Explicit concurrent mark sweep GC freed 3(96B) AllocSpace objects, 0(0B) LOS objects, 23% free, 52MB/68MB, paused 233us total 13.675ms
08-06 03:00:14.888  7484  7484 D AndroidRuntime: >>>>>> START com.android.internal.os.RuntimeInit uid 2000 <<<<<<
08-06 03:00:14.892  7484  7484 D AndroidRuntime: CheckJNI is OFF
08-06 03:00:14.917  7484  7484 D ICU     : No timezone override file found: /data/misc/zoneinfo/current/icu/icu_tzdata.dat
08-06 03:00:14.942  7484  7484 I Radio-JNI: register_android_hardware_Radio DONE
08-06 03:00:14.958  7484  7484 D AndroidRuntime: Calling main entry com.android.commands.input.Input
08-06 03:00:14.959  7484  7484 I Input   : injectKeyEvent: KeyEvent { action=ACTION_DOWN, keyCode=KEYCODE_BACK, scanCode=0, metaState=0, flags=0x0, repeatCount=0, eventTime=846031372, downTime=846031372, deviceId=-1, source=0x101 }
08-06 03:00:14.968  7484  7484 I Input   : injectKeyEvent: KeyEvent { action=ACTION_UP, keyCode=KEYCODE_BACK, scanCode=0, metaState=0, flags=0x0, repeatCount=0, eventTime=846031372, downTime=846031372, deviceId=-1, source=0x101 }
08-06 03:00:14.974  7484  7484 D AndroidRuntime: Shutting down VM
08-06 03:00:14.996  6718  7194 I art     : Starting a blocking GC Explicit
08-06 03:00:15.011  6718  7194 I art     : Explicit concurrent mark sweep GC freed 1487(85KB) AllocSpace objects, 1(20KB) LOS objects, 23% free, 52MB/68MB, paused 240us total 14.917ms
08-06 03:00:15.016 13866 13866 I GoogleInputMethodServic: GoogleInputMethodService.onFinishInput():3138 
08-06 03:00:15.017 13866 13866 I GoogleInputMethodServic: GoogleInputMethodService.onStartInput():1808 
08-06 03:00:15.018  6718  7194 I art     : Starting a blocking GC Explicit
08-06 03:00:15.035  6718  7194 I art     : Explicit concurrent mark sweep GC freed 48(1760B) AllocSpace objects, 0(0B) LOS objects, 23% free, 52MB/68MB, paused 283us total 16.691ms
08-06 03:00:15.045  6718  7194 I art     : Starting a blocking GC Explicit
08-06 03:00:15.058  6718  7194 I art     : Explicit concurrent mark sweep GC freed 10(384B) AllocSpace objects, 0(0B) LOS objects, 23% free, 52MB/68MB, paused 216us total 13.114ms
08-06 03:00:15.064  6718  7194 I art     : Starting a blocking GC Explicit
08-06 03:00:15.077  6718  7194 I art     : Explicit concurrent mark sweep GC freed 3(96B) AllocSpace objects, 0(0B) LOS objects, 23% free, 52MB/68MB, paused 213us total 12.800ms
08-06 03:00:15.083  6718  7194 I art     : Starting a blocking GC Explicit
08-06 03:00:15.096  6718  7194 I art     : Explicit concurrent mark sweep GC freed 3(96B) AllocSpace objects, 0(0B) LOS objects, 23% free, 52MB/68MB, paused 214us total 13.118ms
08-06 03:00:15.307   380   380 W SurfaceFlinger: couldn't log to binary event log: overflow.
08-06 03:00:15.356  6718  6747 I art     : Starting a blocking GC Explicit
08-06 03:00:15.373  6718  6747 I art     : Explicit concurrent mark sweep GC freed 1451(87KB) AllocSpace objects, 1(20KB) LOS objects, 23% free, 52MB/68MB, paused 253us total 16.016ms
08-06 03:00:15.379  6718  6747 I art     : Starting a blocking GC Explicit
08-06 03:00:15.394  6718  6747 I art     : Explicit concurrent mark sweep GC freed 1672(107KB) AllocSpace objects, 3(400KB) LOS objects, 23% free, 51MB/67MB, paused 219us total 14.784ms
08-06 03:00:15.401  6718  6747 I art     : Starting a blocking GC Explicit
08-06 03:00:15.416  6718  6747 I art     : Explicit concurrent mark sweep GC freed 3(96B) AllocSpace objects, 0(0B) LOS objects, 23% free, 51MB/67MB, paused 243us total 14.636ms
08-06 03:00:15.422  6718  6747 I art     : Starting a blocking GC Explicit
08-06 03:00:15.437  6718  6747 I art     : Explicit concurrent mark sweep GC freed 3(96B) AllocSpace objects, 0(0B) LOS objects, 23% free, 51MB/67MB, paused 266us total 14.357ms
08-06 03:00:15.444  6718  6747 I art     : Starting a blocking GC Explicit
08-06 03:00:15.458  6718  6747 I art     : Explicit concurrent mark sweep GC freed 3(96B) AllocSpace objects, 0(0B) LOS objects, 23% free, 51MB/67MB, paused 248us total 14.542ms
08-06 03:00:15.529  6516  6516 I ServiceManager: Waiting for service AtCmdFwd...
08-06 03:00:15.746  6718  6730 I art     : Starting a blocking GC Explicit
08-06 03:00:15.766  6718  6730 I art     : Explicit concurrent mark sweep GC freed 1341(78KB) AllocSpace objects, 1(20KB) LOS objects, 23% free, 51MB/67MB, paused 457us total 19.208ms
08-06 03:00:15.777  6718  6730 I art     : Starting a blocking GC Explicit
08-06 03:00:15.791  6718  6730 I art     : Explicit concurrent mark sweep GC freed 20(704B) AllocSpace objects, 0(0B) LOS objects, 23% free, 51MB/67MB, paused 233us total 13.962ms
08-06 03:00:15.798  6718  6730 I art     : Starting a blocking GC Explicit
08-06 03:00:15.812  6718  6730 I art     : Explicit concurrent mark sweep GC freed 3(96B) AllocSpace objects, 0(0B) LOS objects, 23% free, 51MB/67MB, paused 224us total 13.904ms
08-06 03:00:15.818  6718  6730 I art     : Starting a blocking GC Explicit
08-06 03:00:15.833  6718  6730 I art     : Explicit concurrent mark sweep GC freed 3(96B) AllocSpace objects, 0(0B) LOS objects, 23% free, 51MB/67MB, paused 227us total 14.194ms
08-06 03:00:15.839  6718  6730 I art     : Starting a blocking GC Explicit
08-06 03:00:15.854  6718  6730 I art     : Explicit concurrent mark sweep GC freed 3(96B) AllocSpace objects, 0(0B) LOS objects, 23% free, 51MB/67MB, paused 225us total 14.087ms
08-06 03:00:16.131  6718  6731 I art     : Starting a blocking GC Explicit
08-06 03:00:16.151  6718  6731 I art     : Explicit concurrent mark sweep GC freed 1340(78KB) AllocSpace objects, 1(20KB) LOS objects, 23% free, 51MB/67MB, paused 284us total 19.629ms
08-06 03:00:16.161  6718  6731 I art     : Starting a blocking GC Explicit
08-06 03:00:16.176  6718  6731 I art     : Explicit concurrent mark sweep GC freed 20(704B) AllocSpace objects, 0(0B) LOS objects, 23% free, 51MB/67MB, paused 233us total 14.843ms
08-06 03:00:16.183  6718  6731 I art     : Starting a blocking GC Explicit
08-06 03:00:16.198  6718  6731 I art     : Explicit concurrent mark sweep GC freed 3(96B) AllocSpace objects, 0(0B) LOS objects, 23% free, 51MB/67MB, paused 221us total 14.521ms
08-06 03:00:16.204  6718  6731 I art     : Starting a blocking GC Explicit
08-06 03:00:16.218  6718  6731 I art     : Explicit concurrent mark sweep GC freed 3(96B) AllocSpace objects, 0(0B) LOS objects, 23% free, 51MB/67MB, paused 217us total 13.295ms
08-06 03:00:16.224  6718  6731 I art     : Starting a blocking GC Explicit
08-06 03:00:16.239  6718  6731 I art     : Explicit concurrent mark sweep GC freed 3(96B) AllocSpace objects, 0(0B) LOS objects, 23% free, 51MB/67MB, paused 231us total 14.266ms
08-06 03:00:16.342   918  3188 I hubconnection: sensorhub said: 'set_bias 3: -6.2400, 0.0000, 0.0000'
08-06 03:00:16.503  6718  7194 I art     : Starting a blocking GC Explicit
08-06 03:00:16.516  7538  7538 D AndroidRuntime: >>>>>> START com.android.internal.os.RuntimeInit uid 2000 <<<<<<
08-06 03:00:16.519  6718  7194 I art     : Explicit concurrent mark sweep GC freed 1340(78KB) AllocSpace objects, 1(20KB) LOS objects, 23% free, 51MB/67MB, paused 265us total 15.305ms
08-06 03:00:16.520  7538  7538 D AndroidRuntime: CheckJNI is OFF
08-06 03:00:16.526  6718  7194 I art     : Starting a blocking GC Explicit
08-06 03:00:16.530  6516  6516 I ServiceManager: Waiting for service AtCmdFwd...
08-06 03:00:16.540  6718  7194 I art     : Explicit concurrent mark sweep GC freed 20(704B) AllocSpace objects, 0(0B) LOS objects, 23% free, 51MB/67MB, paused 239us total 14.411ms
08-06 03:00:16.546  6718  7194 I art     : Starting a blocking GC Explicit
08-06 03:00:16.549  7538  7538 D ICU     : No timezone override file found: /data/misc/zoneinfo/current/icu/icu_tzdata.dat
08-06 03:00:16.559  6718  7194 I art     : Explicit concurrent mark sweep GC freed 3(96B) AllocSpace objects, 0(0B) LOS objects, 23% free, 51MB/67MB, paused 272us total 12.868ms
08-06 03:00:16.565  6718  7194 I art     : Starting a blocking GC Explicit
08-06 03:00:16.574  7538  7538 I Radio-JNI: register_android_hardware_Radio DONE
08-06 03:00:16.578  6718  7194 I art     : Explicit concurrent mark sweep GC freed 3(96B) AllocSpace objects, 0(0B) LOS objects, 23% free, 51MB/67MB, paused 236us total 13.027ms
08-06 03:00:16.584  6718  7194 I art     : Starting a blocking GC Explicit
08-06 03:00:16.586   518   646 I ThermalEngine: ACTION: GPU - Setting GPU[0] to 510000000
08-06 03:00:16.592  7538  7538 D AndroidRuntime: Calling main entry com.android.commands.input.Input
08-06 03:00:16.595  7538  7538 I Input   : injectMotionEvent: MotionEvent { action=ACTION_DOWN, actionButton=0, id[0]=0, x[0]=733.0, y[0]=1370.0, toolType[0]=TOOL_TYPE_UNKNOWN, buttonState=0, metaState=0, flags=0x0, edgeFlags=0x0, pointerCount=1, historySize=0, eventTime=846033008, downTime=846033008, deviceId=0, source=0x1002 }
08-06 03:00:16.599  6718  7194 I art     : Explicit concurrent mark sweep GC freed 3(96B) AllocSpace objects, 0(0B) LOS objects, 23% free, 51MB/67MB, paused 290us total 15.274ms
08-06 03:00:16.600  7538  7538 I Input   : injectMotionEvent: MotionEvent { action=ACTION_UP, actionButton=0, id[0]=0, x[0]=733.0, y[0]=1370.0, toolType[0]=TOOL_TYPE_UNKNOWN, buttonState=0, metaState=0, flags=0x0, edgeFlags=0x0, pointerCount=1, historySize=0, eventTime=846033008, downTime=846033008, deviceId=0, source=0x1002 }
08-06 03:00:16.601   918  3670 I ActivityManager: START u0 {cmp=baseline.appteam.nith.hillffair/.activities.ClubActivity (has extras)} from uid 10697 on display 0
08-06 03:00:16.607  7538  7538 D AndroidRuntime: Shutting down VM
08-06 03:00:16.705 13866 13866 I GoogleInputMethodServic: GoogleInputMethodService.onFinishInput():3138 
08-06 03:00:16.706 13866 13866 I GoogleInputMethodServic: GoogleInputMethodService.onStartInput():1808 
08-06 03:00:16.706   918   936 I ActivityManager: Displayed baseline.appteam.nith.hillffair/.activities.ClubActivity: +97ms
08-06 03:00:16.866  6718  6747 I art     : Starting a blocking GC Explicit
08-06 03:00:16.890  6718  6747 I art     : Explicit concurrent mark sweep GC freed 4976(290KB) AllocSpace objects, 1(20KB) LOS objects, 23% free, 52MB/68MB, paused 363us total 23.207ms
08-06 03:00:16.900  6718  6747 I art     : Starting a blocking GC Explicit
08-06 03:00:16.922  6718  6747 I art     : Explicit concurrent mark sweep GC freed 211(9KB) AllocSpace objects, 0(0B) LOS objects, 23% free, 52MB/68MB, paused 371us total 21.116ms
08-06 03:00:16.933  6718  6747 I art     : Starting a blocking GC Explicit
08-06 03:00:16.954  6718  6747 I art     : Explicit concurrent mark sweep GC freed 3(96B) AllocSpace objects, 0(0B) LOS objects, 23% free, 52MB/68MB, paused 360us total 20.848ms
08-06 03:00:16.959   380   380 W SurfaceFlinger: couldn't log to binary event log: overflow.
08-06 03:00:16.964  6718  6747 I art     : Starting a blocking GC Explicit
08-06 03:00:16.982  6718  6747 I art     : Explicit concurrent mark sweep GC freed 3(96B) AllocSpace objects, 0(0B) LOS objects, 23% free, 52MB/68MB, paused 347us total 17.626ms
08-06 03:00:16.990  6718  6747 I art     : Starting a blocking GC Explicit
08-06 03:00:17.006  6718  6747 I art     : Explicit concurrent mark sweep GC freed 3(96B) AllocSpace objects, 0(0B) LOS objects, 23% free, 52MB/68MB, paused 349us total 16.006ms
08-06 03:00:17.107  6718  7561 D OkHttp  : --> GET https://api-hillfair-2k16.herokuapp.com/api/app/events/special/event?id=580655cddcba0f490c70fdd0 http/1.1
08-06 03:00:17.140  6718  7561 D OkHttp  : <-- 200 OK https://api-hillfair-2k16.herokuapp.com/api/app/events/special/event?id=580655cddcba0f490c70fdd0 (32ms, 721-byte body)
08-06 03:00:17.193  6718  6718 I NAPPA_EXPERIMENTATION: MetricNetworkRequestExecutionTime: REQUEST_DURATION_SYSTEM='561',REQUEST_DURATION_OKHTTP='33',REQUEST_SYNCHRONOUS='FALSE',RESPONSE_CODE='200',RESPONSE_METHOD='GET',RESPONSE_LENGTH_OKHTTP='721',RESPONSE_LENGTH_HEADER='721',REQUEST_PROTOCOL='http/1.1',REQUEST_URL='https://api-hillfair-2k16.herokuapp.com/api/app/events/special/event?id=580655cddcba0f490c70fdd0',
08-06 03:00:17.281  6718  7194 I art     : Starting a blocking GC Explicit
08-06 03:00:17.302  6718  7194 I art     : Explicit concurrent mark sweep GC freed 4871(342KB) AllocSpace objects, 4(220KB) LOS objects, 23% free, 52MB/68MB, paused 321us total 21.452ms
08-06 03:00:17.315  6718  7194 I art     : Starting a blocking GC Explicit
08-06 03:00:17.335  6718  7194 I art     : Explicit concurrent mark sweep GC freed 1029(119KB) AllocSpace objects, 0(0B) LOS objects, 23% free, 52MB/68MB, paused 330us total 19.085ms
08-06 03:00:17.343  6718  7194 I art     : Starting a blocking GC Explicit
08-06 03:00:17.361  6718  7194 I art     : Explicit concurrent mark sweep GC freed 3(96B) AllocSpace objects, 0(0B) LOS objects, 23% free, 52MB/68MB, paused 312us total 18.227ms
08-06 03:00:17.369  6718  7194 I art     : Starting a blocking GC Explicit
08-06 03:00:17.388  6718  7194 I art     : Explicit concurrent mark sweep GC freed 3(96B) AllocSpace objects, 0(0B) LOS objects, 23% free, 52MB/68MB, paused 345us total 17.917ms
08-06 03:00:17.396  6718  7194 I art     : Starting a blocking GC Explicit
08-06 03:00:17.414  6718  7194 I art     : Explicit concurrent mark sweep GC freed 3(96B) AllocSpace objects, 0(0B) LOS objects, 23% free, 52MB/68MB, paused 358us total 18.094ms
08-06 03:00:17.530  6516  6516 I ServiceManager: Waiting for service AtCmdFwd...
08-06 03:00:17.706  6718  6747 I art     : Starting a blocking GC Explicit
08-06 03:00:17.726  6718  6747 I art     : Explicit concurrent mark sweep GC freed 1341(78KB) AllocSpace objects, 1(20KB) LOS objects, 23% free, 52MB/68MB, paused 352us total 19.214ms
08-06 03:00:17.734  6718  6747 I art     : Starting a blocking GC Explicit
08-06 03:00:17.754  6718  6747 I art     : Explicit concurrent mark sweep GC freed 36(1264B) AllocSpace objects, 0(0B) LOS objects, 23% free, 52MB/68MB, paused 334us total 19.801ms
08-06 03:00:17.762  6718  6747 I art     : Starting a blocking GC Explicit
08-06 03:00:17.781  6718  6747 I art     : Explicit concurrent mark sweep GC freed 3(96B) AllocSpace objects, 0(0B) LOS objects, 23% free, 52MB/68MB, paused 347us total 18.792ms
08-06 03:00:17.789  6718  6747 I art     : Starting a blocking GC Explicit
08-06 03:00:17.809  6718  6747 I art     : Explicit concurrent mark sweep GC freed 3(96B) AllocSpace objects, 0(0B) LOS objects, 23% free, 52MB/68MB, paused 342us total 19.070ms
08-06 03:00:17.817  6718  6747 I art     : Starting a blocking GC Explicit
08-06 03:00:17.836  6718  6747 I art     : Explicit concurrent mark sweep GC freed 3(96B) AllocSpace objects, 0(0B) LOS objects, 23% free, 52MB/68MB, paused 345us total 19.104ms
08-06 03:00:18.121  6718  6730 I art     : Starting a blocking GC Explicit
08-06 03:00:18.145  6718  6730 I art     : Explicit concurrent mark sweep GC freed 1341(78KB) AllocSpace objects, 1(20KB) LOS objects, 23% free, 52MB/68MB, paused 356us total 23.728ms
08-06 03:00:18.156  6718  6730 I art     : Starting a blocking GC Explicit
08-06 03:00:18.178  6718  6730 I art     : Explicit concurrent mark sweep GC freed 20(704B) AllocSpace objects, 0(0B) LOS objects, 23% free, 52MB/68MB, paused 335us total 21.880ms
08-06 03:00:18.187  6718  6730 I art     : Starting a blocking GC Explicit
08-06 03:00:18.207  6718  6730 I art     : Explicit concurrent mark sweep GC freed 3(96B) AllocSpace objects, 0(0B) LOS objects, 23% free, 52MB/68MB, paused 446us total 19.574ms
08-06 03:00:18.216  6718  6730 I art     : Starting a blocking GC Explicit
08-06 03:00:18.234  6718  6730 I art     : Explicit concurrent mark sweep GC freed 3(96B) AllocSpace objects, 0(0B) LOS objects, 23% free, 52MB/68MB, paused 339us total 18.536ms
08-06 03:00:18.243  6718  6730 I art     : Starting a blocking GC Explicit
08-06 03:00:18.262  6718  6730 I art     : Explicit concurrent mark sweep GC freed 3(96B) AllocSpace objects, 0(0B) LOS objects, 23% free, 52MB/68MB, paused 387us total 18.994ms
08-06 03:00:18.531  6516  6516 I ServiceManager: Waiting for service AtCmdFwd...
08-06 03:00:18.564  6718  7194 I art     : Starting a blocking GC Explicit
08-06 03:00:18.583  6718  7194 I art     : Explicit concurrent mark sweep GC freed 1341(78KB) AllocSpace objects, 1(20KB) LOS objects, 23% free, 52MB/68MB, paused 344us total 19.335ms
08-06 03:00:18.592  6718  7194 I art     : Starting a blocking GC Explicit
08-06 03:00:18.611  6718  7194 I art     : Explicit concurrent mark sweep GC freed 20(704B) AllocSpace objects, 0(0B) LOS objects, 23% free, 52MB/68MB, paused 338us total 19.410ms
08-06 03:00:18.620  6718  7194 I art     : Starting a blocking GC Explicit
08-06 03:00:18.639  6718  7194 I art     : Explicit concurrent mark sweep GC freed 3(96B) AllocSpace objects, 0(0B) LOS objects, 23% free, 52MB/68MB, paused 332us total 19.336ms
08-06 03:00:18.648  6718  7194 I art     : Starting a blocking GC Explicit
08-06 03:00:18.667  6718  7194 I art     : Explicit concurrent mark sweep GC freed 3(96B) AllocSpace objects, 0(0B) LOS objects, 23% free, 52MB/68MB, paused 385us total 19.320ms
08-06 03:00:18.676  6718  7194 I art     : Starting a blocking GC Explicit
08-06 03:00:18.696  6718  7194 I art     : Explicit concurrent mark sweep GC freed 3(96B) AllocSpace objects, 0(0B) LOS objects, 23% free, 52MB/68MB, paused 340us total 19.643ms
08-06 03:00:19.007  6718  6731 I art     : Starting a blocking GC Explicit
08-06 03:00:19.030  6718  6731 I art     : Explicit concurrent mark sweep GC freed 1341(78KB) AllocSpace objects, 1(20KB) LOS objects, 23% free, 52MB/68MB, paused 382us total 22.736ms
08-06 03:00:19.042  6718  6731 I art     : Starting a blocking GC Explicit
08-06 03:00:19.062  6718  6731 I art     : Explicit concurrent mark sweep GC freed 20(704B) AllocSpace objects, 0(0B) LOS objects, 23% free, 52MB/68MB, paused 362us total 19.578ms
08-06 03:00:19.071  6718  6731 I art     : Starting a blocking GC Explicit
08-06 03:00:19.090  6718  6731 I art     : Explicit concurrent mark sweep GC freed 3(96B) AllocSpace objects, 0(0B) LOS objects, 23% free, 52MB/68MB, paused 347us total 19.635ms
08-06 03:00:19.099  6718  6731 I art     : Starting a blocking GC Explicit
08-06 03:00:19.119  6718  6731 I art     : Explicit concurrent mark sweep GC freed 3(96B) AllocSpace objects, 0(0B) LOS objects, 23% free, 52MB/68MB, paused 352us total 19.361ms
08-06 03:00:19.127  6718  6731 I art     : Starting a blocking GC Explicit
08-06 03:00:19.147  6718  6731 I art     : Explicit concurrent mark sweep GC freed 3(96B) AllocSpace objects, 0(0B) LOS objects, 23% free, 52MB/68MB, paused 446us total 19.419ms
08-06 03:00:19.445  6718  6731 I art     : Starting a blocking GC Explicit
08-06 03:00:19.464  6718  6731 I art     : Explicit concurrent mark sweep GC freed 1341(78KB) AllocSpace objects, 1(20KB) LOS objects, 23% free, 52MB/68MB, paused 357us total 19.588ms
08-06 03:00:19.473  6718  6731 I art     : Starting a blocking GC Explicit
08-06 03:00:19.492  6718  6731 I art     : Explicit concurrent mark sweep GC freed 29(1040B) AllocSpace objects, 0(0B) LOS objects, 23% free, 52MB/68MB, paused 342us total 19.162ms
08-06 03:00:19.501  6718  6731 I art     : Starting a blocking GC Explicit
08-06 03:00:19.520  6718  6731 I art     : Explicit concurrent mark sweep GC freed 3(96B) AllocSpace objects, 0(0B) LOS objects, 23% free, 52MB/68MB, paused 351us total 19.274ms
08-06 03:00:19.529  6718  6731 I art     : Starting a blocking GC Explicit
08-06 03:00:19.532  6516  6516 I ServiceManager: Waiting for service AtCmdFwd...
08-06 03:00:19.548  6718  6731 I art     : Explicit concurrent mark sweep GC freed 3(96B) AllocSpace objects, 0(0B) LOS objects, 23% free, 52MB/68MB, paused 358us total 19.134ms
08-06 03:00:19.557  6718  6731 I art     : Starting a blocking GC Explicit
08-06 03:00:19.576  6718  6731 I art     : Explicit concurrent mark sweep GC freed 3(96B) AllocSpace objects, 0(0B) LOS objects, 23% free, 52MB/68MB, paused 352us total 19.356ms
08-06 03:00:19.705 15866 15897 I Finsky  : [6071] ktr.run(-1): Stats for Executor: BlockingExecutor kvs@43d8fc2[Running, pool size = 0, active threads = 0, queued tasks = 0, completed tasks = 437]
08-06 03:00:19.734 15866 15897 I Finsky  : [6071] ktr.run(-1): Stats for Executor: LightweightExecutor kvs@20f81d3[Running, pool size = 4, active threads = 0, queued tasks = 0, completed tasks = 358]
08-06 03:00:19.889  6718  6747 I art     : Starting a blocking GC Explicit
08-06 03:00:19.908  6718  6747 I art     : Explicit concurrent mark sweep GC freed 1341(78KB) AllocSpace objects, 1(20KB) LOS objects, 23% free, 52MB/68MB, paused 359us total 18.959ms
08-06 03:00:19.916  6718  6747 I art     : Starting a blocking GC Explicit
08-06 03:00:19.936  6718  6747 I art     : Explicit concurrent mark sweep GC freed 20(704B) AllocSpace objects, 0(0B) LOS objects, 23% free, 52MB/68MB, paused 347us total 19.638ms
08-06 03:00:19.944  6718  6747 I art     : Starting a blocking GC Explicit
08-06 03:00:19.964  6718  6747 I art     : Explicit concurrent mark sweep GC freed 3(96B) AllocSpace objects, 0(0B) LOS objects, 23% free, 52MB/68MB, paused 334us total 19.583ms
08-06 03:00:19.973  6718  6747 I art     : Starting a blocking GC Explicit
08-06 03:00:19.993  6718  6747 I art     : Explicit concurrent mark sweep GC freed 3(96B) AllocSpace objects, 0(0B) LOS objects, 23% free, 52MB/68MB, paused 339us total 19.727ms
08-06 03:00:20.001  6718  6747 I art     : Starting a blocking GC Explicit
08-06 03:00:20.021  6718  6747 I art     : Explicit concurrent mark sweep GC freed 3(96B) AllocSpace objects, 0(0B) LOS objects, 23% free, 52MB/68MB, paused 359us total 19.307ms
08-06 03:00:20.334  6718  6730 I art     : Starting a blocking GC Explicit
08-06 03:00:20.364  6718  6730 I art     : Explicit concurrent mark sweep GC freed 1341(78KB) AllocSpace objects, 1(20KB) LOS objects, 23% free, 52MB/68MB, paused 422us total 30.238ms
08-06 03:00:20.375  6718  6730 I art     : Starting a blocking GC Explicit
08-06 03:00:20.394  6718  6730 I art     : Explicit concurrent mark sweep GC freed 20(704B) AllocSpace objects, 0(0B) LOS objects, 23% free, 52MB/68MB, paused 323us total 19.114ms
08-06 03:00:20.403  6718  6730 I art     : Starting a blocking GC Explicit
08-06 03:00:20.422  6718  6730 I art     : Explicit concurrent mark sweep GC freed 3(96B) AllocSpace objects, 0(0B) LOS objects, 23% free, 52MB/68MB, paused 333us total 19.265ms
08-06 03:00:20.431  6718  6730 I art     : Starting a blocking GC Explicit
08-06 03:00:20.450  6718  6730 I art     : Explicit concurrent mark sweep GC freed 3(96B) AllocSpace objects, 0(0B) LOS objects, 23% free, 52MB/68MB, paused 330us total 19.474ms
08-06 03:00:20.459  6718  6730 I art     : Starting a blocking GC Explicit
08-06 03:00:20.478  6718  6730 I art     : Explicit concurrent mark sweep GC freed 3(96B) AllocSpace objects, 0(0B) LOS objects, 23% free, 52MB/68MB, paused 340us total 18.899ms
08-06 03:00:20.532  6516  6516 W Atfwd_Sendcmd: AtCmdFwd service not published, waiting... retryCnt : 2
08-06 03:00:20.700 15866 15897 I Finsky  : [6071] ktr.run(-1): Stats for Executor: bgExecutor kvs@65ac110[Running, pool size = 4, active threads = 0, queued tasks = 0, completed tasks = 1313]
08-06 03:00:20.814  6718  7194 I art     : Starting a blocking GC Explicit
08-06 03:00:20.840  6718  7194 I art     : Explicit concurrent mark sweep GC freed 1341(78KB) AllocSpace objects, 1(20KB) LOS objects, 23% free, 52MB/68MB, paused 326us total 25.777ms
08-06 03:00:20.849  6718  7194 I art     : Starting a blocking GC Explicit
08-06 03:00:20.866  6718  7194 I art     : Explicit concurrent mark sweep GC freed 20(704B) AllocSpace objects, 0(0B) LOS objects, 23% free, 52MB/68MB, paused 338us total 17.439ms
08-06 03:00:20.874  6718  7194 I art     : Starting a blocking GC Explicit
08-06 03:00:20.891  6718  7194 I art     : Explicit concurrent mark sweep GC freed 3(96B) AllocSpace objects, 0(0B) LOS objects, 23% free, 52MB/68MB, paused 325us total 16.948ms
08-06 03:00:20.899  6718  7194 I art     : Starting a blocking GC Explicit
08-06 03:00:20.917  6718  7194 I art     : Explicit concurrent mark sweep GC freed 3(96B) AllocSpace objects, 0(0B) LOS objects, 23% free, 52MB/68MB, paused 386us total 17.799ms
08-06 03:00:20.925  6718  7194 I art     : Starting a blocking GC Explicit
08-06 03:00:20.942  6718  7194 I art     : Explicit concurrent mark sweep GC freed 3(96B) AllocSpace objects, 0(0B) LOS objects, 23% free, 52MB/68MB, paused 339us total 17.553ms
08-06 03:00:21.239  6718  6731 I art     : Starting a blocking GC Explicit
08-06 03:00:21.259  6718  6731 I art     : Explicit concurrent mark sweep GC freed 1341(78KB) AllocSpace objects, 1(20KB) LOS objects, 23% free, 52MB/68MB, paused 368us total 19.675ms
08-06 03:00:21.262  7663  7663 D AndroidRuntime: >>>>>> START com.android.internal.os.RuntimeInit uid 2000 <<<<<<
08-06 03:00:21.268  7663  7663 D AndroidRuntime: CheckJNI is OFF
08-06 03:00:21.268  6718  6731 I art     : Starting a blocking GC Explicit
08-06 03:00:21.287  6718  6731 I art     : Explicit concurrent mark sweep GC freed 20(704B) AllocSpace objects, 0(0B) LOS objects, 23% free, 52MB/68MB, paused 385us total 19.171ms
08-06 03:00:21.296  6718  6731 I art     : Starting a blocking GC Explicit
08-06 03:00:21.305  7663  7663 D ICU     : No timezone override file found: /data/misc/zoneinfo/current/icu/icu_tzdata.dat
08-06 03:00:21.314  6718  6731 I art     : Explicit concurrent mark sweep GC freed 3(96B) AllocSpace objects, 0(0B) LOS objects, 23% free, 52MB/68MB, paused 382us total 17.966ms
08-06 03:00:21.322  6718  6731 I art     : Starting a blocking GC Explicit
08-06 03:00:21.338  7663  7663 I Radio-JNI: register_android_hardware_Radio DONE
08-06 03:00:21.340  6718  6731 I art     : Explicit concurrent mark sweep GC freed 3(96B) AllocSpace objects, 0(0B) LOS objects, 23% free, 52MB/68MB, paused 373us total 18.064ms
08-06 03:00:21.348  6718  6731 I art     : Starting a blocking GC Explicit
08-06 03:00:21.361  7663  7663 D AndroidRuntime: Calling main entry com.android.commands.input.Input
08-06 03:00:21.362  7663  7663 I Input   : injectKeyEvent: KeyEvent { action=ACTION_DOWN, keyCode=KEYCODE_BACK, scanCode=0, metaState=0, flags=0x0, repeatCount=0, eventTime=846037776, downTime=846037776, deviceId=-1, source=0x101 }
08-06 03:00:21.367  6718  6731 I art     : Explicit concurrent mark sweep GC freed 3(96B) AllocSpace objects, 0(0B) LOS objects, 23% free, 52MB/68MB, paused 326us total 18.029ms
08-06 03:00:21.368  7663  7663 I Input   : injectKeyEvent: KeyEvent { action=ACTION_UP, keyCode=KEYCODE_BACK, scanCode=0, metaState=0, flags=0x0, repeatCount=0, eventTime=846037776, downTime=846037776, deviceId=-1, source=0x101 }
08-06 03:00:21.374  7663  7663 D AndroidRuntime: Shutting down VM
08-06 03:00:21.407 13866 13866 I GoogleInputMethodServic: GoogleInputMethodService.onFinishInput():3138 
08-06 03:00:21.408 13866 13866 I GoogleInputMethodServic: GoogleInputMethodService.onStartInput():1808 
08-06 03:00:21.624  6718  7194 I art     : Starting a blocking GC Explicit
08-06 03:00:21.647  6718  7194 I art     : Explicit concurrent mark sweep GC freed 1511(85KB) AllocSpace objects, 1(20KB) LOS objects, 23% free, 52MB/68MB, paused 307us total 22.849ms
08-06 03:00:21.659  6718  7194 I art     : Starting a blocking GC Explicit
08-06 03:00:21.681  6718  7194 I art     : Explicit concurrent mark sweep GC freed 26(944B) AllocSpace objects, 0(0B) LOS objects, 23% free, 52MB/68MB, paused 314us total 21.579ms
08-06 03:00:21.693  6718  7194 I art     : Starting a blocking GC Explicit
08-06 03:00:21.712  6718  7194 I art     : Explicit concurrent mark sweep GC freed 3(96B) AllocSpace objects, 0(0B) LOS objects, 23% free, 52MB/68MB, paused 380us total 18.134ms
08-06 03:00:21.713   380   380 W SurfaceFlinger: couldn't log to binary event log: overflow.
08-06 03:00:21.722  6718  7194 I art     : Starting a blocking GC Explicit
08-06 03:00:21.739  6718  7194 I art     : Explicit concurrent mark sweep GC freed 112(8KB) AllocSpace objects, 0(0B) LOS objects, 23% free, 52MB/68MB, paused 400us total 16.944ms
08-06 03:00:21.748  6718  7194 I art     : Starting a blocking GC Explicit
08-06 03:00:21.764  6718  7194 I art     : Explicit concurrent mark sweep GC freed 1655(106KB) AllocSpace objects, 3(400KB) LOS objects, 23% free, 51MB/67MB, paused 374us total 16.525ms
08-06 03:00:22.027  6718  6730 I art     : Starting a blocking GC Explicit
08-06 03:00:22.046  6718  6730 I art     : Explicit concurrent mark sweep GC freed 1341(78KB) AllocSpace objects, 1(20KB) LOS objects, 23% free, 51MB/67MB, paused 349us total 19.321ms
08-06 03:00:22.060  6718  6730 I art     : Starting a blocking GC Explicit
08-06 03:00:22.080  6718  6730 I art     : Explicit concurrent mark sweep GC freed 20(704B) AllocSpace objects, 0(0B) LOS objects, 23% free, 51MB/67MB, paused 335us total 19.887ms
08-06 03:00:22.088  6718  6730 I art     : Starting a blocking GC Explicit
08-06 03:00:22.107  6718  6730 I art     : Explicit concurrent mark sweep GC freed 3(96B) AllocSpace objects, 0(0B) LOS objects, 23% free, 51MB/67MB, paused 378us total 18.393ms
08-06 03:00:22.115  6718  6730 I art     : Starting a blocking GC Explicit
08-06 03:00:22.134  6718  6730 I art     : Explicit concurrent mark sweep GC freed 3(96B) AllocSpace objects, 0(0B) LOS objects, 23% free, 51MB/67MB, paused 335us total 18.869ms
08-06 03:00:22.143  6718  6730 I art     : Starting a blocking GC Explicit
08-06 03:00:22.161  6718  6730 I art     : Explicit concurrent mark sweep GC freed 3(96B) AllocSpace objects, 0(0B) LOS objects, 23% free, 51MB/67MB, paused 364us total 18.582ms
08-06 03:00:22.459  6718  6747 I art     : Starting a blocking GC Explicit
08-06 03:00:22.479  6718  6747 I art     : Explicit concurrent mark sweep GC freed 1340(78KB) AllocSpace objects, 1(20KB) LOS objects, 23% free, 51MB/67MB, paused 340us total 20.149ms
08-06 03:00:22.492  6718  6747 I art     : Starting a blocking GC Explicit
08-06 03:00:22.510  6718  6747 I art     : Explicit concurrent mark sweep GC freed 20(704B) AllocSpace objects, 0(0B) LOS objects, 23% free, 51MB/67MB, paused 333us total 18.347ms
08-06 03:00:22.519  6718  6747 I art     : Starting a blocking GC Explicit
08-06 03:00:22.537  6718  6747 I art     : Explicit concurrent mark sweep GC freed 3(96B) AllocSpace objects, 0(0B) LOS objects, 23% free, 51MB/67MB, paused 397us total 18.045ms
08-06 03:00:22.545  6718  6747 I art     : Starting a blocking GC Explicit
08-06 03:00:22.564  6718  6747 I art     : Explicit concurrent mark sweep GC freed 3(96B) AllocSpace objects, 0(0B) LOS objects, 23% free, 51MB/67MB, paused 343us total 18.911ms
08-06 03:00:22.573  6718  6747 I art     : Starting a blocking GC Explicit
08-06 03:00:22.592  6718  6747 I art     : Explicit concurrent mark sweep GC freed 3(96B) AllocSpace objects, 0(0B) LOS objects, 23% free, 51MB/67MB, paused 347us total 18.414ms
08-06 03:00:22.864  6718  6731 I art     : Starting a blocking GC Explicit
08-06 03:00:22.883  6718  6731 I art     : Explicit concurrent mark sweep GC freed 1340(78KB) AllocSpace objects, 1(20KB) LOS objects, 23% free, 51MB/67MB, paused 337us total 18.707ms
08-06 03:00:22.891  6718  6731 I art     : Starting a blocking GC Explicit
08-06 03:00:22.910  6718  6731 I art     : Explicit concurrent mark sweep GC freed 20(704B) AllocSpace objects, 0(0B) LOS objects, 23% free, 51MB/67MB, paused 347us total 18.548ms
08-06 03:00:22.918  6718  6731 I art     : Starting a blocking GC Explicit
08-06 03:00:22.937  6718  6731 I art     : Explicit concurrent mark sweep GC freed 3(96B) AllocSpace objects, 0(0B) LOS objects, 23% free, 51MB/67MB, paused 405us total 18.260ms
08-06 03:00:22.945  6718  6731 I art     : Starting a blocking GC Explicit
08-06 03:00:22.963  6718  6731 I art     : Explicit concurrent mark sweep GC freed 3(96B) AllocSpace objects, 0(0B) LOS objects, 23% free, 51MB/67MB, paused 338us total 18.136ms
08-06 03:00:22.972  6718  6731 I art     : Starting a blocking GC Explicit
08-06 03:00:22.990  6718  6731 I art     : Explicit concurrent mark sweep GC freed 3(96B) AllocSpace objects, 0(0B) LOS objects, 23% free, 51MB/67MB, paused 343us total 18.338ms
08-06 03:00:23.040  7721  7721 D AndroidRuntime: >>>>>> START com.android.internal.os.RuntimeInit uid 2000 <<<<<<
08-06 03:00:23.045  7721  7721 D AndroidRuntime: CheckJNI is OFF
08-06 03:00:23.079  7721  7721 D ICU     : No timezone override file found: /data/misc/zoneinfo/current/icu/icu_tzdata.dat
08-06 03:00:23.113  7721  7721 I Radio-JNI: register_android_hardware_Radio DONE
08-06 03:00:23.134  7721  7721 D AndroidRuntime: Calling main entry com.android.commands.input.Input
08-06 03:00:23.136  7721  7721 I Input   : injectMotionEvent: MotionEvent { action=ACTION_DOWN, actionButton=0, id[0]=0, x[0]=733.0, y[0]=1957.0, toolType[0]=TOOL_TYPE_UNKNOWN, buttonState=0, metaState=0, flags=0x0, edgeFlags=0x0, pointerCount=1, historySize=0, eventTime=846039549, downTime=846039549, deviceId=0, source=0x1002 }
08-06 03:00:23.141  7721  7721 I Input   : injectMotionEvent: MotionEvent { action=ACTION_UP, actionButton=0, id[0]=0, x[0]=733.0, y[0]=1957.0, toolType[0]=TOOL_TYPE_UNKNOWN, buttonState=0, metaState=0, flags=0x0, edgeFlags=0x0, pointerCount=1, historySize=0, eventTime=846039549, downTime=846039549, deviceId=0, source=0x1002 }
08-06 03:00:23.143   918  6111 I ActivityManager: START u0 {cmp=baseline.appteam.nith.hillffair/.activities.ClubActivity (has extras)} from uid 10697 on display 0
08-06 03:00:23.152  7721  7721 D AndroidRuntime: Shutting down VM
08-06 03:00:23.233   918   936 I ActivityManager: Displayed baseline.appteam.nith.hillffair/.activities.ClubActivity: +80ms
08-06 03:00:23.234 13866 13866 I GoogleInputMethodServic: GoogleInputMethodService.onFinishInput():3138 
08-06 03:00:23.235 13866 13866 I GoogleInputMethodServic: GoogleInputMethodService.onStartInput():1808 
08-06 03:00:23.252  6718  6747 I art     : Starting a blocking GC Explicit
08-06 03:00:23.274  6718  6747 I art     : Explicit concurrent mark sweep GC freed 5042(296KB) AllocSpace objects, 1(20KB) LOS objects, 23% free, 52MB/68MB, paused 444us total 21.790ms
08-06 03:00:23.282  6718  6747 I art     : Starting a blocking GC Explicit
08-06 03:00:23.299  6718  6747 I art     : Explicit concurrent mark sweep GC freed 209(9KB) AllocSpace objects, 0(0B) LOS objects, 23% free, 52MB/68MB, paused 413us total 16.533ms
08-06 03:00:23.307  6718  6747 I art     : Starting a blocking GC Explicit
08-06 03:00:23.324  6718  6747 I art     : Explicit concurrent mark sweep GC freed 3(96B) AllocSpace objects, 0(0B) LOS objects, 23% free, 52MB/68MB, paused 340us total 17.518ms
08-06 03:00:23.332  6718  6747 I art     : Starting a blocking GC Explicit
08-06 03:00:23.351  6718  6747 I art     : Explicit concurrent mark sweep GC freed 3(96B) AllocSpace objects, 0(0B) LOS objects, 23% free, 52MB/68MB, paused 357us total 17.980ms
08-06 03:00:23.359  6718  6747 I art     : Starting a blocking GC Explicit
08-06 03:00:23.380  6718  6747 I art     : Explicit concurrent mark sweep GC freed 3(96B) AllocSpace objects, 0(0B) LOS objects, 23% free, 52MB/68MB, paused 403us total 20.716ms
08-06 03:00:23.465   380   380 W SurfaceFlinger: couldn't log to binary event log: overflow.
08-06 03:00:23.618  6718  7194 I art     : Starting a blocking GC Explicit
08-06 03:00:23.636  6718  7194 I art     : Explicit concurrent mark sweep GC freed 1881(118KB) AllocSpace objects, 1(20KB) LOS objects, 23% free, 52MB/68MB, paused 431us total 17.469ms
08-06 03:00:23.644  6718  7194 I art     : Starting a blocking GC Explicit
08-06 03:00:23.657  6718  7751 D OkHttp  : --> GET https://api-hillfair-2k16.herokuapp.com/api/app/events/special/event?id=58065620dcba0f490c70fe09 http/1.1
08-06 03:00:23.662  6718  7194 I art     : Explicit concurrent mark sweep GC freed 2200(100KB) AllocSpace objects, 2(120KB) LOS objects, 23% free, 52MB/68MB, paused 418us total 17.966ms
08-06 03:00:23.669  6718  7194 I art     : Starting a blocking GC Explicit
08-06 03:00:23.687  6718  7194 I art     : Explicit concurrent mark sweep GC freed 928(116KB) AllocSpace objects, 1(80KB) LOS objects, 23% free, 52MB/68MB, paused 458us total 17.440ms
08-06 03:00:23.693  6718  7751 D OkHttp  : <-- 200 OK https://api-hillfair-2k16.herokuapp.com/api/app/events/special/event?id=58065620dcba0f490c70fe09 (35ms, 682-byte body)
08-06 03:00:23.695  6718  7194 I art     : Starting a blocking GC Explicit
08-06 03:00:23.713  6718  7194 I art     : Explicit concurrent mark sweep GC freed 214(37KB) AllocSpace objects, 0(0B) LOS objects, 23% free, 52MB/68MB, paused 381us total 18.164ms
08-06 03:00:23.721  6718  7194 I art     : Starting a blocking GC Explicit
08-06 03:00:23.734  6718  6718 I NAPPA_EXPERIMENTATION: MetricNetworkRequestExecutionTime: REQUEST_DURATION_SYSTEM='552',REQUEST_DURATION_OKHTTP='36',REQUEST_SYNCHRONOUS='FALSE',RESPONSE_CODE='200',RESPONSE_METHOD='GET',RESPONSE_LENGTH_OKHTTP='682',RESPONSE_LENGTH_HEADER='682',REQUEST_PROTOCOL='http/1.1',REQUEST_URL='https://api-hillfair-2k16.herokuapp.com/api/app/events/special/event?id=58065620dcba0f490c70fe09',
08-06 03:00:23.738  6718  7194 I art     : Explicit concurrent mark sweep GC freed 229(20KB) AllocSpace objects, 0(0B) LOS objects, 23% free, 52MB/68MB, paused 392us total 17.555ms
08-06 03:00:23.999  6718  6731 I art     : Starting a blocking GC Explicit
08-06 03:00:24.018  6718  6731 I art     : Explicit concurrent mark sweep GC freed 1779(147KB) AllocSpace objects, 1(20KB) LOS objects, 23% free, 52MB/68MB, paused 346us total 19.177ms
08-06 03:00:24.027  6718  6731 I art     : Starting a blocking GC Explicit
08-06 03:00:24.045  6718  6731 I art     : Explicit concurrent mark sweep GC freed 58(1920B) AllocSpace objects, 0(0B) LOS objects, 23% free, 52MB/68MB, paused 363us total 18.419ms
08-06 03:00:24.053  6718  6731 I art     : Starting a blocking GC Explicit
08-06 03:00:24.073  6718  6731 I art     : Explicit concurrent mark sweep GC freed 3(96B) AllocSpace objects, 0(0B) LOS objects, 23% free, 52MB/68MB, paused 376us total 19.527ms
08-06 03:00:24.082  6718  6731 I art     : Starting a blocking GC Explicit
08-06 03:00:24.100  6718  6731 I art     : Explicit concurrent mark sweep GC freed 3(96B) AllocSpace objects, 0(0B) LOS objects, 23% free, 52MB/68MB, paused 357us total 18.617ms
08-06 03:00:24.109  6718  6731 I art     : Starting a blocking GC Explicit
08-06 03:00:24.127  6718  6731 I art     : Explicit concurrent mark sweep GC freed 3(96B) AllocSpace objects, 0(0B) LOS objects, 23% free, 52MB/68MB, paused 383us total 18.265ms
08-06 03:00:24.421  6718  6747 I art     : Starting a blocking GC Explicit
08-06 03:00:24.449  6718  6747 I art     : Explicit concurrent mark sweep GC freed 1357(78KB) AllocSpace objects, 1(20KB) LOS objects, 23% free, 52MB/68MB, paused 400us total 28.510ms
08-06 03:00:24.462  6718  6747 I art     : Starting a blocking GC Explicit
08-06 03:00:24.482  6718  6747 I art     : Explicit concurrent mark sweep GC freed 20(704B) AllocSpace objects, 0(0B) LOS objects, 23% free, 52MB/68MB, paused 358us total 19.838ms
08-06 03:00:24.490  6718  6747 I art     : Starting a blocking GC Explicit
08-06 03:00:24.509  6718  6747 I art     : Explicit concurrent mark sweep GC freed 3(96B) AllocSpace objects, 0(0B) LOS objects, 23% free, 52MB/68MB, paused 490us total 19.184ms
08-06 03:00:24.519  6718  6747 I art     : Starting a blocking GC Explicit
08-06 03:00:24.538  6718  6747 I art     : Explicit concurrent mark sweep GC freed 3(96B) AllocSpace objects, 0(0B) LOS objects, 23% free, 52MB/68MB, paused 365us total 19.680ms
08-06 03:00:24.547  6718  6747 I art     : Starting a blocking GC Explicit
08-06 03:00:24.567  6718  6747 I art     : Explicit concurrent mark sweep GC freed 3(96B) AllocSpace objects, 0(0B) LOS objects, 23% free, 52MB/68MB, paused 415us total 19.082ms
08-06 03:00:24.854  6718  7194 I art     : Starting a blocking GC Explicit
08-06 03:00:24.879  6718  7194 I art     : Explicit concurrent mark sweep GC freed 1341(78KB) AllocSpace objects, 1(20KB) LOS objects, 23% free, 52MB/68MB, paused 403us total 24.937ms
08-06 03:00:24.891  6718  7194 I art     : Starting a blocking GC Explicit
08-06 03:00:24.913  6718  7194 I art     : Explicit concurrent mark sweep GC freed 20(704B) AllocSpace objects, 0(0B) LOS objects, 23% free, 52MB/68MB, paused 364us total 22.177ms
08-06 03:00:24.913  6718  6729 I art     : WaitForGcToComplete blocked for 5.436ms for cause HeapTrim
08-06 03:00:24.922  6718  7194 I art     : Starting a blocking GC Explicit
08-06 03:00:24.942  6718  7194 I art     : Explicit concurrent mark sweep GC freed 3(96B) AllocSpace objects, 0(0B) LOS objects, 23% free, 52MB/68MB, paused 366us total 19.895ms
08-06 03:00:24.951  6718  7194 I art     : Starting a blocking GC Explicit
08-06 03:00:24.971  6718  7194 I art     : Explicit concurrent mark sweep GC freed 3(96B) AllocSpace objects, 0(0B) LOS objects, 23% free, 52MB/68MB, paused 357us total 20.185ms
08-06 03:00:24.980  6718  7194 I art     : Starting a blocking GC Explicit
08-06 03:00:24.999  6718  7194 I art     : Explicit concurrent mark sweep GC freed 3(96B) AllocSpace objects, 0(0B) LOS objects, 23% free, 52MB/68MB, paused 363us total 19.679ms
08-06 03:00:25.321  6718  6731 I art     : Starting a blocking GC Explicit
08-06 03:00:25.345  6718  6731 I art     : Explicit concurrent mark sweep GC freed 1341(78KB) AllocSpace objects, 1(20KB) LOS objects, 23% free, 52MB/68MB, paused 394us total 23.639ms
08-06 03:00:25.356  6718  6731 I art     : Starting a blocking GC Explicit
08-06 03:00:25.376  6718  6731 I art     : Explicit concurrent mark sweep GC freed 20(704B) AllocSpace objects, 0(0B) LOS objects, 23% free, 52MB/68MB, paused 370us total 19.872ms
08-06 03:00:25.385  6718  6731 I art     : Starting a blocking GC Explicit
08-06 03:00:25.404  6718  6731 I art     : Explicit concurrent mark sweep GC freed 3(96B) AllocSpace objects, 0(0B) LOS objects, 23% free, 52MB/68MB, paused 447us total 19.334ms
08-06 03:00:25.413  6718  6731 I art     : Starting a blocking GC Explicit
08-06 03:00:25.432  6718  6731 I art     : Explicit concurrent mark sweep GC freed 3(96B) AllocSpace objects, 0(0B) LOS objects, 23% free, 52MB/68MB, paused 342us total 18.847ms
08-06 03:00:25.441  6718  6731 I art     : Starting a blocking GC Explicit
08-06 03:00:25.459  6718  6731 I art     : Explicit concurrent mark sweep GC freed 3(96B) AllocSpace objects, 0(0B) LOS objects, 23% free, 52MB/68MB, paused 334us total 18.193ms
08-06 03:00:25.758  6718  6730 I art     : Starting a blocking GC Explicit
08-06 03:00:25.778  6718  6730 I art     : Explicit concurrent mark sweep GC freed 1341(78KB) AllocSpace objects, 1(20KB) LOS objects, 23% free, 52MB/68MB, paused 394us total 19.770ms
08-06 03:00:25.786  6718  6730 I art     : Starting a blocking GC Explicit
08-06 03:00:25.806  6718  6730 I art     : Explicit concurrent mark sweep GC freed 20(704B) AllocSpace objects, 0(0B) LOS objects, 23% free, 52MB/68MB, paused 353us total 19.391ms
08-06 03:00:25.814  6718  6730 I art     : Starting a blocking GC Explicit
08-06 03:00:25.833  6718  6730 I art     : Explicit concurrent mark sweep GC freed 3(96B) AllocSpace objects, 0(0B) LOS objects, 23% free, 52MB/68MB, paused 365us total 18.666ms
08-06 03:00:25.842  6718  6730 I art     : Starting a blocking GC Explicit
08-06 03:00:25.844  7808  7808 D AndroidRuntime: >>>>>> START com.android.internal.os.RuntimeInit uid 2000 <<<<<<
08-06 03:00:25.849  7808  7808 D AndroidRuntime: CheckJNI is OFF
08-06 03:00:25.862  6718  6730 I art     : Explicit concurrent mark sweep GC freed 3(96B) AllocSpace objects, 0(0B) LOS objects, 23% free, 52MB/68MB, paused 364us total 19.555ms
08-06 03:00:25.870  6718  6730 I art     : Starting a blocking GC Explicit
08-06 03:00:25.885  7808  7808 D ICU     : No timezone override file found: /data/misc/zoneinfo/current/icu/icu_tzdata.dat
08-06 03:00:25.888  6718  6730 I art     : Explicit concurrent mark sweep GC freed 3(96B) AllocSpace objects, 0(0B) LOS objects, 23% free, 52MB/68MB, paused 356us total 18.038ms
08-06 03:00:25.918  7808  7808 I Radio-JNI: register_android_hardware_Radio DONE
08-06 03:00:25.939  7808  7808 D AndroidRuntime: Calling main entry com.android.commands.input.Input
08-06 03:00:25.941  7808  7808 I Input   : injectKeyEvent: KeyEvent { action=ACTION_DOWN, keyCode=KEYCODE_BACK, scanCode=0, metaState=0, flags=0x0, repeatCount=0, eventTime=846042354, downTime=846042354, deviceId=-1, source=0x101 }
08-06 03:00:25.946  7808  7808 I Input   : injectKeyEvent: KeyEvent { action=ACTION_UP, keyCode=KEYCODE_BACK, scanCode=0, metaState=0, flags=0x0, repeatCount=0, eventTime=846042354, downTime=846042354, deviceId=-1, source=0x101 }
08-06 03:00:25.952  7808  7808 D AndroidRuntime: Shutting down VM
08-06 03:00:26.000 13866 13866 I GoogleInputMethodServic: GoogleInputMethodService.onFinishInput():3138 
08-06 03:00:26.004 13866 13866 I GoogleInputMethodServic: GoogleInputMethodService.onStartInput():1808 
08-06 03:00:26.138  6718  7194 I art     : Starting a blocking GC Explicit
08-06 03:00:26.163  6718  7194 I art     : Explicit concurrent mark sweep GC freed 1511(85KB) AllocSpace objects, 1(20KB) LOS objects, 23% free, 52MB/68MB, paused 450us total 24.575ms
08-06 03:00:26.173  6718  7194 I art     : Starting a blocking GC Explicit
08-06 03:00:26.193  6718  7194 I art     : Explicit concurrent mark sweep GC freed 26(944B) AllocSpace objects, 0(0B) LOS objects, 23% free, 52MB/68MB, paused 325us total 19.681ms
08-06 03:00:26.201  6718  7194 I art     : Starting a blocking GC Explicit
08-06 03:00:26.219  6718  7194 I art     : Explicit concurrent mark sweep GC freed 3(96B) AllocSpace objects, 0(0B) LOS objects, 23% free, 52MB/68MB, paused 313us total 17.617ms
08-06 03:00:26.229  6718  7194 I art     : Starting a blocking GC Explicit
08-06 03:00:26.249  6718  7194 I art     : Explicit concurrent mark sweep GC freed 3(96B) AllocSpace objects, 0(0B) LOS objects, 23% free, 52MB/68MB, paused 349us total 20.261ms
08-06 03:00:26.259  6718  7194 I art     : Starting a blocking GC Explicit
08-06 03:00:26.278  6718  7194 I art     : Explicit concurrent mark sweep GC freed 3(96B) AllocSpace objects, 0(0B) LOS objects, 23% free, 52MB/68MB, paused 345us total 18.879ms
08-06 03:00:26.285   380   380 W SurfaceFlinger: couldn't log to binary event log: overflow.
08-06 03:00:26.549  6718  6730 I art     : Starting a blocking GC Explicit
08-06 03:00:26.568  6718  6730 I art     : Explicit concurrent mark sweep GC freed 1450(87KB) AllocSpace objects, 1(20KB) LOS objects, 23% free, 52MB/68MB, paused 427us total 18.594ms
08-06 03:00:26.575  6718  6730 I art     : Starting a blocking GC Explicit
08-06 03:00:26.593  6718  6730 I art     : Explicit concurrent mark sweep GC freed 1672(106KB) AllocSpace objects, 3(400KB) LOS objects, 23% free, 51MB/67MB, paused 350us total 17.760ms
08-06 03:00:26.601  6718  6730 I art     : Starting a blocking GC Explicit
08-06 03:00:26.618  6718  6730 I art     : Explicit concurrent mark sweep GC freed 3(96B) AllocSpace objects, 0(0B) LOS objects, 23% free, 51MB/67MB, paused 370us total 17.119ms
08-06 03:00:26.626  6718  6730 I art     : Starting a blocking GC Explicit
08-06 03:00:26.644  6718  6730 I art     : Explicit concurrent mark sweep GC freed 3(96B) AllocSpace objects, 0(0B) LOS objects, 23% free, 51MB/67MB, paused 350us total 17.260ms
08-06 03:00:26.651  6499  7861 I BugleDataModel: ParticipantRefresh: ContactContentObserver created
08-06 03:00:26.652  6718  6730 I art     : Starting a blocking GC Explicit
08-06 03:00:26.660  6499  7861 I BugleDataModel: ParticipantRefresh: Start participant refresh. refreshMode: SELF_ONLY
08-06 03:00:26.670  6718  6730 I art     : Explicit concurrent mark sweep GC freed 3(96B) AllocSpace objects, 0(0B) LOS objects, 23% free, 51MB/67MB, paused 424us total 17.049ms
08-06 03:00:26.782  6499  7861 W Bugle   : SubscriptionMetadataUtils get: invalid subId = -1
08-06 03:00:26.785  6499  7861 W Bugle   : SubscriptionMetadataUtils get: invalid subId = -1
08-06 03:00:26.786  6499  7861 W ResourceType: For resource 0x7f1304c5, entry index(1221) is beyond type entryCount(677)
08-06 03:00:26.786  6499  7861 W Bugle   : SubscriptionUtilsAsOfLMR1: getSelfRawNumber: subInfo is null for subscription{id:-1}
08-06 03:00:26.826  6499  7861 I BugleDataModel: ParticipantRefresh: No update made to participant: 1
08-06 03:00:26.840  6499  7861 I BugleDataModel: ParticipantRefresh: Number of participants refreshed: 1
08-06 03:00:26.927  6718  6731 I art     : Starting a blocking GC Explicit
08-06 03:00:26.946  6718  6731 I art     : Explicit concurrent mark sweep GC freed 1341(78KB) AllocSpace objects, 1(20KB) LOS objects, 23% free, 51MB/67MB, paused 372us total 19.318ms
08-06 03:00:26.960  6718  6731 I art     : Starting a blocking GC Explicit
08-06 03:00:26.979  6718  6731 I art     : Explicit concurrent mark sweep GC freed 20(704B) AllocSpace objects, 0(0B) LOS objects, 23% free, 51MB/67MB, paused 359us total 18.646ms
08-06 03:00:26.987  6718  6731 I art     : Starting a blocking GC Explicit
08-06 03:00:27.005  6718  6731 I art     : Explicit concurrent mark sweep GC freed 3(96B) AllocSpace objects, 0(0B) LOS objects, 23% free, 51MB/67MB, paused 359us total 18.001ms
08-06 03:00:27.014  6718  6731 I art     : Starting a blocking GC Explicit
08-06 03:00:27.032  6718  6731 I art     : Explicit concurrent mark sweep GC freed 3(96B) AllocSpace objects, 0(0B) LOS objects, 23% free, 51MB/67MB, paused 363us total 18.635ms
08-06 03:00:27.041  6718  6731 I art     : Starting a blocking GC Explicit
08-06 03:00:27.060  6718  6731 I art     : Explicit concurrent mark sweep GC freed 3(96B) AllocSpace objects, 0(0B) LOS objects, 23% free, 51MB/67MB, paused 378us total 18.950ms
08-06 03:00:27.325  6718  7849 I art     : Starting a blocking GC Explicit
08-06 03:00:27.344  6718  7849 I art     : Explicit concurrent mark sweep GC freed 1340(78KB) AllocSpace objects, 1(20KB) LOS objects, 23% free, 51MB/67MB, paused 368us total 19.115ms
08-06 03:00:27.353  6718  7849 I art     : Starting a blocking GC Explicit
08-06 03:00:27.371  6718  7849 I art     : Explicit concurrent mark sweep GC freed 20(704B) AllocSpace objects, 0(0B) LOS objects, 23% free, 51MB/67MB, paused 402us total 18.446ms
08-06 03:00:27.379  6718  7849 I art     : Starting a blocking GC Explicit
08-06 03:00:27.398  6718  7849 I art     : Explicit concurrent mark sweep GC freed 3(96B) AllocSpace objects, 0(0B) LOS objects, 23% free, 51MB/67MB, paused 362us total 18.298ms
08-06 03:00:27.406  6718  7849 I art     : Starting a blocking GC Explicit
08-06 03:00:27.425  6718  7849 I art     : Explicit concurrent mark sweep GC freed 3(96B) AllocSpace objects, 0(0B) LOS objects, 23% free, 51MB/67MB, paused 371us total 18.494ms
08-06 03:00:27.433  6718  7849 I art     : Starting a blocking GC Explicit
08-06 03:00:27.452  6718  7849 I art     : Explicit concurrent mark sweep GC freed 3(96B) AllocSpace objects, 0(0B) LOS objects, 23% free, 51MB/67MB, paused 373us total 18.185ms
08-06 03:00:27.631  7872  7872 D AndroidRuntime: >>>>>> START com.android.internal.os.RuntimeInit uid 2000 <<<<<<
08-06 03:00:27.638  7872  7872 D AndroidRuntime: CheckJNI is OFF
08-06 03:00:27.669  7872  7872 D ICU     : No timezone override file found: /data/misc/zoneinfo/current/icu/icu_tzdata.dat
08-06 03:00:27.701  7872  7872 I Radio-JNI: register_android_hardware_Radio DONE
08-06 03:00:27.723  7872  7872 D AndroidRuntime: Calling main entry com.android.commands.input.Input
08-06 03:00:27.725  7872  7872 I Input   : injectMotionEvent: MotionEvent { action=ACTION_DOWN, actionButton=0, id[0]=0, x[0]=733.0, y[0]=1957.0, toolType[0]=TOOL_TYPE_UNKNOWN, buttonState=0, metaState=0, flags=0x0, edgeFlags=0x0, pointerCount=1, historySize=0, eventTime=846044138, downTime=846044138, deviceId=0, source=0x1002 }
08-06 03:00:27.729  7872  7872 I Input   : injectMotionEvent: MotionEvent { action=ACTION_UP, actionButton=0, id[0]=0, x[0]=733.0, y[0]=1957.0, toolType[0]=TOOL_TYPE_UNKNOWN, buttonState=0, metaState=0, flags=0x0, edgeFlags=0x0, pointerCount=1, historySize=0, eventTime=846044138, downTime=846044138, deviceId=0, source=0x1002 }
08-06 03:00:27.730   918  6029 I ActivityManager: START u0 {cmp=baseline.appteam.nith.hillffair/.activities.ClubActivity (has extras)} from uid 10697 on display 0
08-06 03:00:27.737  7872  7872 D AndroidRuntime: Shutting down VM
08-06 03:00:27.752  6718  6731 I art     : Starting a blocking GC Explicit
08-06 03:00:27.775  6718  6731 I art     : Explicit concurrent mark sweep GC freed 4827(299KB) AllocSpace objects, 1(20KB) LOS objects, 23% free, 52MB/68MB, paused 2.659ms total 22.492ms
08-06 03:00:27.785  6718  6731 I art     : Starting a blocking GC Explicit
08-06 03:00:27.804  6718  6731 I art     : Explicit concurrent mark sweep GC freed 385(29KB) AllocSpace objects, 0(0B) LOS objects, 23% free, 52MB/68MB, paused 440us total 18.433ms
08-06 03:00:27.811  6718  6731 I art     : Starting a blocking GC Explicit
08-06 03:00:27.829  6718  6731 I art     : Explicit concurrent mark sweep GC freed 98(4KB) AllocSpace objects, 0(0B) LOS objects, 23% free, 52MB/68MB, paused 616us total 17.648ms
08-06 03:00:27.837  6718  6731 I art     : Starting a blocking GC Explicit
08-06 03:00:27.844   918   936 I ActivityManager: Displayed baseline.appteam.nith.hillffair/.activities.ClubActivity: +106ms
08-06 03:00:27.845 13866 13866 I GoogleInputMethodServic: GoogleInputMethodService.onFinishInput():3138 
08-06 03:00:27.846 13866 13866 I GoogleInputMethodServic: GoogleInputMethodService.onStartInput():1808 
08-06 03:00:27.857  6718  6731 I art     : Explicit concurrent mark sweep GC freed 177(9KB) AllocSpace objects, 0(0B) LOS objects, 23% free, 52MB/68MB, paused 669us total 19.610ms
08-06 03:00:27.866  6718  6731 I art     : Starting a blocking GC Explicit
08-06 03:00:27.886  6718  6731 I art     : Explicit concurrent mark sweep GC freed 29(1232B) AllocSpace objects, 0(0B) LOS objects, 23% free, 52MB/68MB, paused 429us total 20.295ms
08-06 03:00:28.104   380   380 W SurfaceFlinger: couldn't log to binary event log: overflow.
08-06 03:00:28.145  6718  6747 I art     : Starting a blocking GC Explicit
08-06 03:00:28.162  6718  6747 I art     : Explicit concurrent mark sweep GC freed 1343(78KB) AllocSpace objects, 1(20KB) LOS objects, 23% free, 52MB/68MB, paused 375us total 17.663ms
08-06 03:00:28.170  6718  6747 I art     : Starting a blocking GC Explicit
08-06 03:00:28.188  6718  6747 I art     : Explicit concurrent mark sweep GC freed 20(704B) AllocSpace objects, 0(0B) LOS objects, 23% free, 52MB/68MB, paused 374us total 17.489ms
08-06 03:00:28.197  6718  6747 I art     : Starting a blocking GC Explicit
08-06 03:00:28.214  6718  6747 I art     : Explicit concurrent mark sweep GC freed 3(96B) AllocSpace objects, 0(0B) LOS objects, 23% free, 52MB/68MB, paused 378us total 17.095ms
08-06 03:00:28.222  6718  6747 I art     : Starting a blocking GC Explicit
08-06 03:00:28.241  6718  6747 I art     : Explicit concurrent mark sweep GC freed 104(5KB) AllocSpace objects, 0(0B) LOS objects, 23% free, 52MB/68MB, paused 439us total 18.901ms
08-06 03:00:28.250  6718  6747 I art     : Starting a blocking GC Explicit
08-06 03:00:28.268  6718  6747 I art     : Explicit concurrent mark sweep GC freed 1101(75KB) AllocSpace objects, 2(120KB) LOS objects, 23% free, 52MB/68MB, paused 560us total 18.582ms
08-06 03:00:28.281  6718  7905 D OkHttp  : --> GET https://api-hillfair-2k16.herokuapp.com/api/app/events/special/event?id=58065620dcba0f490c70fe09 http/1.1
08-06 03:00:28.315  6718  7905 D OkHttp  : <-- 200 OK https://api-hillfair-2k16.herokuapp.com/api/app/events/special/event?id=58065620dcba0f490c70fe09 (33ms, 682-byte body)
08-06 03:00:28.372  6718  6718 I NAPPA_EXPERIMENTATION: MetricNetworkRequestExecutionTime: REQUEST_DURATION_SYSTEM='607',REQUEST_DURATION_OKHTTP='33',REQUEST_SYNCHRONOUS='FALSE',RESPONSE_CODE='200',RESPONSE_METHOD='GET',RESPONSE_LENGTH_OKHTTP='682',RESPONSE_LENGTH_HEADER='682',REQUEST_PROTOCOL='http/1.1',REQUEST_URL='https://api-hillfair-2k16.herokuapp.com/api/app/events/special/event?id=58065620dcba0f490c70fe09',
08-06 03:00:28.537  6718  7849 I art     : Starting a blocking GC Explicit
08-06 03:00:28.557  6718  7849 I art     : Explicit concurrent mark sweep GC freed 4496(339KB) AllocSpace objects, 2(100KB) LOS objects, 23% free, 52MB/68MB, paused 362us total 20.382ms
08-06 03:00:28.566  6718  7849 I art     : Starting a blocking GC Explicit
08-06 03:00:28.585  6718  7849 I art     : Explicit concurrent mark sweep GC freed 200(14KB) AllocSpace objects, 0(0B) LOS objects, 23% free, 52MB/68MB, paused 389us total 19.310ms
08-06 03:00:28.594  6718  7849 I art     : Starting a blocking GC Explicit
08-06 03:00:28.606   518   646 I ThermalEngine: ACTION: GPU - Setting GPU[0] to 450000000
08-06 03:00:28.616  6718  7849 I art     : Explicit concurrent mark sweep GC freed 3(96B) AllocSpace objects, 0(0B) LOS objects, 23% free, 52MB/68MB, paused 509us total 21.799ms
08-06 03:00:28.627  6718  7849 I art     : Starting a blocking GC Explicit
08-06 03:00:28.651  6718  7849 I art     : Explicit concurrent mark sweep GC freed 3(96B) AllocSpace objects, 0(0B) LOS objects, 23% free, 52MB/68MB, paused 517us total 23.825ms
08-06 03:00:28.662  6718  7849 I art     : Starting a blocking GC Explicit
08-06 03:00:28.686  6718  7849 I art     : Explicit concurrent mark sweep GC freed 3(96B) AllocSpace objects, 0(0B) LOS objects, 23% free, 52MB/68MB, paused 525us total 24.073ms
08-06 03:00:28.878  6499  7861 I BugleJobs: GenericWorkerQueueAction: Bailing early, no work found, no failed work found
08-06 03:00:28.979  6718  6730 I art     : Starting a blocking GC Explicit
08-06 03:00:29.004  6718  6730 I art     : Explicit concurrent mark sweep GC freed 1341(78KB) AllocSpace objects, 1(20KB) LOS objects, 23% free, 52MB/68MB, paused 526us total 25.294ms
08-06 03:00:29.015  6718  6730 I art     : Starting a blocking GC Explicit
08-06 03:00:29.040  6718  6730 I art     : Explicit concurrent mark sweep GC freed 36(1264B) AllocSpace objects, 0(0B) LOS objects, 23% free, 52MB/68MB, paused 505us total 24.921ms
08-06 03:00:29.051  6718  6730 I art     : Starting a blocking GC Explicit
08-06 03:00:29.077  6718  6730 I art     : Explicit concurrent mark sweep GC freed 3(96B) AllocSpace objects, 0(0B) LOS objects, 23% free, 52MB/68MB, paused 504us total 25.441ms
08-06 03:00:29.087  6718  6730 I art     : Starting a blocking GC Explicit
08-06 03:00:29.113  6718  6730 I art     : Explicit concurrent mark sweep GC freed 3(96B) AllocSpace objects, 0(0B) LOS objects, 23% free, 52MB/68MB, paused 517us total 25.130ms
08-06 03:00:29.124  6718  6730 I art     : Starting a blocking GC Explicit
08-06 03:00:29.150  6718  6730 I art     : Explicit concurrent mark sweep GC freed 3(96B) AllocSpace objects, 0(0B) LOS objects, 23% free, 52MB/68MB, paused 507us total 25.255ms
08-06 03:00:29.481  6718  6731 I art     : Starting a blocking GC Explicit
08-06 03:00:29.516  6718  6731 I art     : Explicit concurrent mark sweep GC freed 1341(78KB) AllocSpace objects, 1(20KB) LOS objects, 23% free, 52MB/68MB, paused 599us total 34.993ms
08-06 03:00:29.532  6718  6731 I art     : Starting a blocking GC Explicit
08-06 03:00:29.559  6718  6731 I art     : Explicit concurrent mark sweep GC freed 20(704B) AllocSpace objects, 0(0B) LOS objects, 23% free, 52MB/68MB, paused 531us total 26.414ms
08-06 03:00:29.570  6718  6731 I art     : Starting a blocking GC Explicit
08-06 03:00:29.597  6718  6731 I art     : Explicit concurrent mark sweep GC freed 3(96B) AllocSpace objects, 0(0B) LOS objects, 23% free, 52MB/68MB, paused 596us total 26.505ms
08-06 03:00:29.608  6718  6731 I art     : Starting a blocking GC Explicit
08-06 03:00:29.636  6718  6731 I art     : Explicit concurrent mark sweep GC freed 3(96B) AllocSpace objects, 0(0B) LOS objects, 23% free, 52MB/68MB, paused 519us total 27.526ms
08-06 03:00:29.647  6718  6731 I art     : Starting a blocking GC Explicit
08-06 03:00:29.674  6718  6731 I art     : Explicit concurrent mark sweep GC freed 3(96B) AllocSpace objects, 0(0B) LOS objects, 23% free, 52MB/68MB, paused 514us total 26.510ms
08-06 03:00:30.005  6718  6747 I art     : Starting a blocking GC Explicit
08-06 03:00:30.030  6718  6747 I art     : Explicit concurrent mark sweep GC freed 1341(78KB) AllocSpace objects, 1(20KB) LOS objects, 23% free, 52MB/68MB, paused 507us total 25.101ms
08-06 03:00:30.041  6718  6747 I art     : Starting a blocking GC Explicit
08-06 03:00:30.065  6718  6747 I art     : Explicit concurrent mark sweep GC freed 20(704B) AllocSpace objects, 0(0B) LOS objects, 23% free, 52MB/68MB, paused 513us total 23.549ms
08-06 03:00:30.075  6718  6747 I art     : Starting a blocking GC Explicit
08-06 03:00:30.099  6718  6747 I art     : Explicit concurrent mark sweep GC freed 3(96B) AllocSpace objects, 0(0B) LOS objects, 23% free, 52MB/68MB, paused 508us total 23.664ms
08-06 03:00:30.109  6718  6747 I art     : Starting a blocking GC Explicit
08-06 03:00:30.134  6718  6747 I art     : Explicit concurrent mark sweep GC freed 3(96B) AllocSpace objects, 0(0B) LOS objects, 23% free, 52MB/68MB, paused 506us total 24.585ms
08-06 03:00:30.145  6718  6747 I art     : Starting a blocking GC Explicit
08-06 03:00:30.170  6718  6747 I art     : Explicit concurrent mark sweep GC freed 3(96B) AllocSpace objects, 0(0B) LOS objects, 23% free, 52MB/68MB, paused 524us total 24.903ms
08-06 03:00:30.481  6718  7849 I art     : Starting a blocking GC Explicit
08-06 03:00:30.509  6718  7849 I art     : Explicit concurrent mark sweep GC freed 1341(78KB) AllocSpace objects, 1(20KB) LOS objects, 23% free, 52MB/68MB, paused 613us total 27.489ms
08-06 03:00:30.523  6718  7849 I art     : Starting a blocking GC Explicit
08-06 03:00:30.533  6516  6516 I ServiceManager: Waiting for service AtCmdFwd...
08-06 03:00:30.537  7957  7957 D AndroidRuntime: >>>>>> START com.android.internal.os.RuntimeInit uid 2000 <<<<<<
08-06 03:00:30.543  7957  7957 D AndroidRuntime: CheckJNI is OFF
08-06 03:00:30.548  6718  7849 I art     : Explicit concurrent mark sweep GC freed 20(704B) AllocSpace objects, 0(0B) LOS objects, 23% free, 52MB/68MB, paused 548us total 25.304ms
08-06 03:00:30.559  6718  7849 I art     : Starting a blocking GC Explicit
08-06 03:00:30.585  6718  7849 I art     : Explicit concurrent mark sweep GC freed 3(96B) AllocSpace objects, 0(0B) LOS objects, 23% free, 52MB/68MB, paused 544us total 25.032ms
08-06 03:00:30.589  7957  7957 D ICU     : No timezone override file found: /data/misc/zoneinfo/current/icu/icu_tzdata.dat
08-06 03:00:30.595  6718  7849 I art     : Starting a blocking GC Explicit
08-06 03:00:30.621  6718  7849 I art     : Explicit concurrent mark sweep GC freed 3(96B) AllocSpace objects, 0(0B) LOS objects, 23% free, 52MB/68MB, paused 565us total 25.114ms
08-06 03:00:30.632  6718  7849 I art     : Starting a blocking GC Explicit
08-06 03:00:30.637  7957  7957 I Radio-JNI: register_android_hardware_Radio DONE
08-06 03:00:30.657  6718  7849 I art     : Explicit concurrent mark sweep GC freed 3(96B) AllocSpace objects, 0(0B) LOS objects, 23% free, 52MB/68MB, paused 585us total 24.993ms
08-06 03:00:30.668  7957  7957 D AndroidRuntime: Calling main entry com.android.commands.input.Input
08-06 03:00:30.670  7957  7957 I Input   : injectKeyEvent: KeyEvent { action=ACTION_DOWN, keyCode=KEYCODE_BACK, scanCode=0, metaState=0, flags=0x0, repeatCount=0, eventTime=846047083, downTime=846047083, deviceId=-1, source=0x101 }
08-06 03:00:30.677  7957  7957 I Input   : injectKeyEvent: KeyEvent { action=ACTION_UP, keyCode=KEYCODE_BACK, scanCode=0, metaState=0, flags=0x0, repeatCount=0, eventTime=846047083, downTime=846047083, deviceId=-1, source=0x101 }
08-06 03:00:30.683  7957  7957 D AndroidRuntime: Shutting down VM
08-06 03:00:30.714 13866 13866 I GoogleInputMethodServic: GoogleInputMethodService.onFinishInput():3138 
08-06 03:00:30.715 13866 13866 I GoogleInputMethodServic: GoogleInputMethodService.onStartInput():1808 
08-06 03:00:30.940  6718  7849 I art     : Starting a blocking GC Explicit
08-06 03:00:30.968  6718  7849 I art     : Explicit concurrent mark sweep GC freed 1511(85KB) AllocSpace objects, 1(20KB) LOS objects, 23% free, 52MB/68MB, paused 492us total 27.751ms
08-06 03:00:30.979  6718  7849 I art     : Starting a blocking GC Explicit
08-06 03:00:31.002  6718  7849 I art     : Explicit concurrent mark sweep GC freed 26(944B) AllocSpace objects, 0(0B) LOS objects, 23% free, 52MB/68MB, paused 520us total 22.753ms
08-06 03:00:31.012  6718  7849 I art     : Starting a blocking GC Explicit
08-06 03:00:31.023   380   380 W SurfaceFlinger: couldn't log to binary event log: overflow.
08-06 03:00:31.038  6718  7849 I art     : Explicit concurrent mark sweep GC freed 108(8KB) AllocSpace objects, 0(0B) LOS objects, 23% free, 52MB/68MB, paused 500us total 25.060ms
08-06 03:00:31.048  6718  7849 I art     : Starting a blocking GC Explicit
08-06 03:00:31.071  6718  7849 I art     : Explicit concurrent mark sweep GC freed 11(432B) AllocSpace objects, 0(0B) LOS objects, 23% free, 52MB/68MB, paused 498us total 22.382ms
08-06 03:00:31.081  6718  7849 I art     : Starting a blocking GC Explicit
08-06 03:00:31.104  6718  7849 I art     : Explicit concurrent mark sweep GC freed 1651(105KB) AllocSpace objects, 3(400KB) LOS objects, 23% free, 52MB/68MB, paused 501us total 23.633ms
08-06 03:00:31.411  6718  7194 I art     : Starting a blocking GC Explicit
08-06 03:00:31.447  6718  7194 I art     : Explicit concurrent mark sweep GC freed 1341(78KB) AllocSpace objects, 1(20KB) LOS objects, 23% free, 52MB/68MB, paused 573us total 35.960ms
08-06 03:00:31.461  6718  7194 I art     : Starting a blocking GC Explicit
08-06 03:00:31.486  6718  7194 I art     : Explicit concurrent mark sweep GC freed 24(864B) AllocSpace objects, 0(0B) LOS objects, 23% free, 52MB/68MB, paused 517us total 24.470ms
08-06 03:00:31.497  6718  7194 I art     : Starting a blocking GC Explicit
08-06 03:00:31.522  6718  7194 I art     : Explicit concurrent mark sweep GC freed 3(96B) AllocSpace objects, 0(0B) LOS objects, 23% free, 52MB/68MB, paused 515us total 24.523ms
08-06 03:00:31.533  6718  7194 I art     : Starting a blocking GC Explicit
08-06 03:00:31.533  6516  6516 I ServiceManager: Waiting for service AtCmdFwd...
08-06 03:00:31.558  6718  7194 I art     : Explicit concurrent mark sweep GC freed 3(96B) AllocSpace objects, 0(0B) LOS objects, 23% free, 52MB/68MB, paused 539us total 24.822ms
08-06 03:00:31.568  6718  7194 I art     : Starting a blocking GC Explicit
08-06 03:00:31.593  6718  7194 I art     : Explicit concurrent mark sweep GC freed 3(96B) AllocSpace objects, 0(0B) LOS objects, 23% free, 52MB/68MB, paused 510us total 24.160ms
08-06 03:00:31.898  6718  6730 I art     : Starting a blocking GC Explicit
08-06 03:00:31.926  6718  6730 I art     : Explicit concurrent mark sweep GC freed 1340(78KB) AllocSpace objects, 1(20KB) LOS objects, 23% free, 52MB/68MB, paused 491us total 26.965ms
08-06 03:00:31.936  6718  6730 I art     : Starting a blocking GC Explicit
08-06 03:00:31.959  6718  6730 I art     : Explicit concurrent mark sweep GC freed 20(704B) AllocSpace objects, 0(0B) LOS objects, 23% free, 52MB/68MB, paused 511us total 22.684ms
08-06 03:00:31.969  6718  6730 I art     : Starting a blocking GC Explicit
08-06 03:00:31.993  6718  6730 I art     : Explicit concurrent mark sweep GC freed 3(96B) AllocSpace objects, 0(0B) LOS objects, 23% free, 52MB/68MB, paused 514us total 23.502ms
08-06 03:00:32.004  6718  6730 I art     : Starting a blocking GC Explicit
08-06 03:00:32.027  6718  6730 I art     : Explicit concurrent mark sweep GC freed 3(96B) AllocSpace objects, 0(0B) LOS objects, 23% free, 52MB/68MB, paused 515us total 22.861ms
08-06 03:00:32.037  6718  6730 I art     : Starting a blocking GC Explicit
08-06 03:00:32.061  6718  6730 I art     : Explicit concurrent mark sweep GC freed 3(96B) AllocSpace objects, 0(0B) LOS objects, 23% free, 52MB/68MB, paused 520us total 23.595ms
08-06 03:00:32.350  6718  6747 I art     : Starting a blocking GC Explicit
08-06 03:00:32.377  6718  6747 I art     : Explicit concurrent mark sweep GC freed 1340(78KB) AllocSpace objects, 1(20KB) LOS objects, 23% free, 52MB/68MB, paused 529us total 25.568ms
08-06 03:00:32.393  6718  6747 I art     : Starting a blocking GC Explicit
08-06 03:00:32.419  6718  6747 I art     : Explicit concurrent mark sweep GC freed 20(704B) AllocSpace objects, 0(0B) LOS objects, 23% free, 52MB/68MB, paused 500us total 26.128ms
08-06 03:00:32.429  6718  6747 I art     : Starting a blocking GC Explicit
08-06 03:00:32.452  6718  6747 I art     : Explicit concurrent mark sweep GC freed 3(96B) AllocSpace objects, 0(0B) LOS objects, 23% free, 52MB/68MB, paused 502us total 22.595ms
08-06 03:00:32.462  6718  6747 I art     : Starting a blocking GC Explicit
08-06 03:00:32.468  8011  8011 D AndroidRuntime: >>>>>> START com.android.internal.os.RuntimeInit uid 2000 <<<<<<
08-06 03:00:32.473  8011  8011 D AndroidRuntime: CheckJNI is OFF
08-06 03:00:32.485  6718  6747 I art     : Explicit concurrent mark sweep GC freed 3(96B) AllocSpace objects, 0(0B) LOS objects, 23% free, 52MB/68MB, paused 465us total 22.772ms
08-06 03:00:32.496  6718  6747 I art     : Starting a blocking GC Explicit
08-06 03:00:32.519  8011  8011 D ICU     : No timezone override file found: /data/misc/zoneinfo/current/icu/icu_tzdata.dat
08-06 03:00:32.521  6718  6747 I art     : Explicit concurrent mark sweep GC freed 3(96B) AllocSpace objects, 0(0B) LOS objects, 23% free, 52MB/68MB, paused 559us total 24.044ms
08-06 03:00:32.534  6516  6516 I ServiceManager: Waiting for service AtCmdFwd...
08-06 03:00:32.566  8011  8011 I Radio-JNI: register_android_hardware_Radio DONE
08-06 03:00:32.595  8011  8011 D AndroidRuntime: Calling main entry com.android.commands.input.Input
08-06 03:00:32.598  8011  8011 I Input   : injectMotionEvent: MotionEvent { action=ACTION_DOWN, actionButton=0, id[0]=0, x[0]=733.0, y[0]=645.0, toolType[0]=TOOL_TYPE_UNKNOWN, buttonState=0, metaState=0, flags=0x0, edgeFlags=0x0, pointerCount=1, historySize=0, eventTime=846049010, downTime=846049010, deviceId=0, source=0x1002 }
08-06 03:00:32.605  8011  8011 I Input   : injectMotionEvent: MotionEvent { action=ACTION_UP, actionButton=0, id[0]=0, x[0]=733.0, y[0]=645.0, toolType[0]=TOOL_TYPE_UNKNOWN, buttonState=0, metaState=0, flags=0x0, edgeFlags=0x0, pointerCount=1, historySize=0, eventTime=846049010, downTime=846049010, deviceId=0, source=0x1002 }
08-06 03:00:32.607   918  3696 I ActivityManager: START u0 {cmp=baseline.appteam.nith.hillffair/.activities.ClubActivity (has extras)} from uid 10697 on display 0
08-06 03:00:32.616   518   646 I ThermalEngine: ACTION: GPU - Setting GPU[0] to 510000000
08-06 03:00:32.617  8011  8011 D AndroidRuntime: Shutting down VM
08-06 03:00:32.721   918   936 I ActivityManager: Displayed baseline.appteam.nith.hillffair/.activities.ClubActivity: +102ms
08-06 03:00:32.721 13866 13866 I GoogleInputMethodServic: GoogleInputMethodService.onFinishInput():3138 
08-06 03:00:32.722 13866 13866 I GoogleInputMethodServic: GoogleInputMethodService.onStartInput():1808 
08-06 03:00:32.781  6718  7849 I art     : Starting a blocking GC Explicit
08-06 03:00:32.801  6718  7849 I art     : Explicit concurrent mark sweep GC freed 5287(330KB) AllocSpace objects, 1(20KB) LOS objects, 23% free, 52MB/68MB, paused 399us total 19.218ms
08-06 03:00:32.809  6718  7849 I art     : Starting a blocking GC Explicit
08-06 03:00:32.827  6718  7849 I art     : Explicit concurrent mark sweep GC freed 211(9KB) AllocSpace objects, 0(0B) LOS objects, 23% free, 52MB/68MB, paused 477us total 18.098ms
08-06 03:00:32.835  6718  7849 I art     : Starting a blocking GC Explicit
08-06 03:00:32.857  6718  7849 I art     : Explicit concurrent mark sweep GC freed 3(96B) AllocSpace objects, 0(0B) LOS objects, 23% free, 52MB/68MB, paused 465us total 22.269ms
08-06 03:00:32.867  6718  7849 I art     : Starting a blocking GC Explicit
08-06 03:00:32.888  6718  7849 I art     : Explicit concurrent mark sweep GC freed 3(96B) AllocSpace objects, 0(0B) LOS objects, 23% free, 52MB/68MB, paused 469us total 20.457ms
08-06 03:00:32.898  6718  7849 I art     : Starting a blocking GC Explicit
08-06 03:00:32.919  6718  7849 I art     : Explicit concurrent mark sweep GC freed 3(96B) AllocSpace objects, 0(0B) LOS objects, 23% free, 52MB/68MB, paused 402us total 20.903ms
08-06 03:00:32.975   380   380 W SurfaceFlinger: couldn't log to binary event log: overflow.
08-06 03:00:33.168  6718  6731 I art     : Starting a blocking GC Explicit
08-06 03:00:33.189  6718  6731 I art     : Explicit concurrent mark sweep GC freed 1456(84KB) AllocSpace objects, 1(20KB) LOS objects, 23% free, 52MB/68MB, paused 441us total 20.002ms
08-06 03:00:33.197  6718  6731 I art     : Starting a blocking GC Explicit
08-06 03:00:33.217  6718  6731 I art     : Explicit concurrent mark sweep GC freed 38(1344B) AllocSpace objects, 0(0B) LOS objects, 23% free, 52MB/68MB, paused 442us total 19.397ms
08-06 03:00:33.225  6718  6731 I art     : Starting a blocking GC Explicit
08-06 03:00:33.245  6718  6731 I art     : Explicit concurrent mark sweep GC freed 12(432B) AllocSpace objects, 0(0B) LOS objects, 23% free, 52MB/68MB, paused 576us total 19.946ms
08-06 03:00:33.254  6718  6731 I art     : Starting a blocking GC Explicit
08-06 03:00:33.273  6718  6731 I art     : Explicit concurrent mark sweep GC freed 9(336B) AllocSpace objects, 0(0B) LOS objects, 23% free, 52MB/68MB, paused 444us total 19.706ms
08-06 03:00:33.282  6718  6731 I art     : Starting a blocking GC Explicit
08-06 03:00:33.302  6718  6731 I art     : Explicit concurrent mark sweep GC freed 13(480B) AllocSpace objects, 0(0B) LOS objects, 23% free, 52MB/68MB, paused 442us total 19.629ms
08-06 03:00:33.394  6718  8035 D OkHttp  : --> GET https://api-hillfair-2k16.herokuapp.com/api/app/events/special/event?id=5806551bdcba0f490c70fd1f http/1.1
08-06 03:00:33.430  6718  8035 D OkHttp  : <-- 200 OK https://api-hillfair-2k16.herokuapp.com/api/app/events/special/event?id=5806551bdcba0f490c70fd1f (35ms, 795-byte body)
08-06 03:00:33.496  6718  6718 I NAPPA_EXPERIMENTATION: MetricNetworkRequestExecutionTime: REQUEST_DURATION_SYSTEM='849',REQUEST_DURATION_OKHTTP='36',REQUEST_SYNCHRONOUS='FALSE',RESPONSE_CODE='200',RESPONSE_METHOD='GET',RESPONSE_LENGTH_OKHTTP='795',RESPONSE_LENGTH_HEADER='795',REQUEST_PROTOCOL='http/1.1',REQUEST_URL='https://api-hillfair-2k16.herokuapp.com/api/app/events/special/event?id=5806551bdcba0f490c70fd1f',
08-06 03:00:33.534  6516  6516 I ServiceManager: Waiting for service AtCmdFwd...
08-06 03:00:33.571  6718  6731 I art     : Starting a blocking GC Explicit
08-06 03:00:33.591  6718  6731 I art     : Explicit concurrent mark sweep GC freed 4772(311KB) AllocSpace objects, 4(220KB) LOS objects, 23% free, 52MB/68MB, paused 407us total 19.787ms
08-06 03:00:33.599  6718  6731 I art     : Starting a blocking GC Explicit
08-06 03:00:33.617   518   646 I ThermalEngine: ACTION: GPU - Setting GPU[0] to 450000000
08-06 03:00:33.619  6718  6731 I art     : Explicit concurrent mark sweep GC freed 1040(119KB) AllocSpace objects, 0(0B) LOS objects, 23% free, 52MB/68MB, paused 375us total 19.675ms
08-06 03:00:33.630  6718  6731 I art     : Starting a blocking GC Explicit
08-06 03:00:33.653  6718  6731 I art     : Explicit concurrent mark sweep GC freed 3(96B) AllocSpace objects, 0(0B) LOS objects, 23% free, 52MB/68MB, paused 532us total 23.080ms
08-06 03:00:33.664  6718  6731 I art     : Starting a blocking GC Explicit
08-06 03:00:33.688  6718  6731 I art     : Explicit concurrent mark sweep GC freed 3(96B) AllocSpace objects, 0(0B) LOS objects, 23% free, 52MB/68MB, paused 540us total 24.116ms
08-06 03:00:33.699  6718  6731 I art     : Starting a blocking GC Explicit
08-06 03:00:33.723  6718  6731 I art     : Explicit concurrent mark sweep GC freed 3(96B) AllocSpace objects, 0(0B) LOS objects, 23% free, 52MB/68MB, paused 533us total 24.477ms
08-06 03:00:34.011  6718  6731 I art     : Starting a blocking GC Explicit
08-06 03:00:34.045  6718  6731 I art     : Explicit concurrent mark sweep GC freed 1341(78KB) AllocSpace objects, 1(20KB) LOS objects, 23% free, 52MB/68MB, paused 577us total 33.716ms
08-06 03:00:34.059  6718  6731 I art     : Starting a blocking GC Explicit
08-06 03:00:34.084  6718  6731 I art     : Explicit concurrent mark sweep GC freed 36(1264B) AllocSpace objects, 0(0B) LOS objects, 23% free, 52MB/68MB, paused 538us total 25.456ms
08-06 03:00:34.095  6718  6731 I art     : Starting a blocking GC Explicit
08-06 03:00:34.121  6718  6731 I art     : Explicit concurrent mark sweep GC freed 3(96B) AllocSpace objects, 0(0B) LOS objects, 23% free, 52MB/68MB, paused 531us total 25.623ms
08-06 03:00:34.132  6718  6731 I art     : Starting a blocking GC Explicit
08-06 03:00:34.158  6718  6731 I art     : Explicit concurrent mark sweep GC freed 3(96B) AllocSpace objects, 0(0B) LOS objects, 23% free, 52MB/68MB, paused 526us total 25.358ms
08-06 03:00:34.169  6718  6731 I art     : Starting a blocking GC Explicit
08-06 03:00:34.194  6718  6731 I art     : Explicit concurrent mark sweep GC freed 3(96B) AllocSpace objects, 0(0B) LOS objects, 23% free, 52MB/68MB, paused 573us total 25.265ms
08-06 03:00:34.523  6718  6730 I art     : Starting a blocking GC Explicit
08-06 03:00:34.535  6516  6516 I ServiceManager: Waiting for service AtCmdFwd...
08-06 03:00:34.556  6718  6730 I art     : Explicit concurrent mark sweep GC freed 1341(78KB) AllocSpace objects, 1(20KB) LOS objects, 23% free, 52MB/68MB, paused 626us total 33.606ms
08-06 03:00:34.570  6718  6730 I art     : Starting a blocking GC Explicit
08-06 03:00:34.595   918  3261 D WifiStateMachine: starting scan for "H369AA63323"WPA_PSK with 2412,5180
08-06 03:00:34.597  6718  6730 I art     : Explicit concurrent mark sweep GC freed 20(704B) AllocSpace objects, 0(0B) LOS objects, 23% free, 52MB/68MB, paused 635us total 27.112ms
08-06 03:00:34.608  6718  6730 I art     : Starting a blocking GC Explicit
08-06 03:00:34.635  6718  6730 I art     : Explicit concurrent mark sweep GC freed 3(96B) AllocSpace objects, 0(0B) LOS objects, 23% free, 52MB/68MB, paused 566us total 26.342ms
08-06 03:00:34.646  6718  6730 I art     : Starting a blocking GC Explicit
08-06 03:00:34.673  6718  6730 I art     : Explicit concurrent mark sweep GC freed 3(96B) AllocSpace objects, 0(0B) LOS objects, 23% free, 52MB/68MB, paused 519us total 26.637ms
08-06 03:00:34.684  6718  6730 I art     : Starting a blocking GC Explicit
08-06 03:00:34.713  6718  6730 I art     : Explicit concurrent mark sweep GC freed 3(96B) AllocSpace objects, 0(0B) LOS objects, 23% free, 52MB/68MB, paused 556us total 28.064ms
08-06 03:00:35.041  6718  7849 I art     : Starting a blocking GC Explicit
08-06 03:00:35.068  6718  7849 I art     : Explicit concurrent mark sweep GC freed 1341(78KB) AllocSpace objects, 1(20KB) LOS objects, 23% free, 52MB/68MB, paused 630us total 26.112ms
08-06 03:00:35.078  6718  7849 I art     : Starting a blocking GC Explicit
08-06 03:00:35.105  6718  7849 I art     : Explicit concurrent mark sweep GC freed 20(704B) AllocSpace objects, 0(0B) LOS objects, 23% free, 52MB/68MB, paused 554us total 25.919ms
08-06 03:00:35.116  6718  7849 I art     : Starting a blocking GC Explicit
08-06 03:00:35.144  6718  7849 I art     : Explicit concurrent mark sweep GC freed 3(96B) AllocSpace objects, 0(0B) LOS objects, 23% free, 52MB/68MB, paused 557us total 27.836ms
08-06 03:00:35.155  6718  7849 I art     : Starting a blocking GC Explicit
08-06 03:00:35.184  6718  7849 I art     : Explicit concurrent mark sweep GC freed 3(96B) AllocSpace objects, 0(0B) LOS objects, 23% free, 52MB/68MB, paused 560us total 28.244ms
08-06 03:00:35.195  6718  7849 I art     : Starting a blocking GC Explicit
08-06 03:00:35.223  6718  7849 I art     : Explicit concurrent mark sweep GC freed 3(96B) AllocSpace objects, 0(0B) LOS objects, 23% free, 52MB/68MB, paused 542us total 27.855ms
08-06 03:00:35.535  6516  6516 W Atfwd_Sendcmd: AtCmdFwd service not published, waiting... retryCnt : 3
08-06 03:00:35.580  6718  6747 I art     : Starting a blocking GC Explicit
08-06 03:00:35.613  6718  6747 I art     : Explicit concurrent mark sweep GC freed 1341(78KB) AllocSpace objects, 1(20KB) LOS objects, 23% free, 52MB/68MB, paused 636us total 31.830ms
08-06 03:00:35.630  6718  6747 I art     : Starting a blocking GC Explicit
08-06 03:00:35.658  6718  6747 I art     : Explicit concurrent mark sweep GC freed 20(704B) AllocSpace objects, 0(0B) LOS objects, 23% free, 52MB/68MB, paused 605us total 27.427ms
08-06 03:00:35.669  6718  6747 I art     : Starting a blocking GC Explicit
08-06 03:00:35.697  6718  6747 I art     : Explicit concurrent mark sweep GC freed 3(96B) AllocSpace objects, 0(0B) LOS objects, 23% free, 52MB/68MB, paused 708us total 28.052ms
08-06 03:00:35.709  6718  6747 I art     : Starting a blocking GC Explicit
08-06 03:00:35.737  6718  6747 I art     : Explicit concurrent mark sweep GC freed 3(96B) AllocSpace objects, 0(0B) LOS objects, 23% free, 52MB/68MB, paused 551us total 27.876ms
08-06 03:00:35.748  6718  6747 I art     : Starting a blocking GC Explicit
08-06 03:00:35.775  6718  6747 I art     : Explicit concurrent mark sweep GC freed 3(96B) AllocSpace objects, 0(0B) LOS objects, 23% free, 52MB/68MB, paused 531us total 26.542ms
08-06 03:00:36.124  6718  7194 I art     : Starting a blocking GC Explicit
08-06 03:00:36.155  6718  7194 I art     : Explicit concurrent mark sweep GC freed 1341(78KB) AllocSpace objects, 1(20KB) LOS objects, 23% free, 52MB/68MB, paused 578us total 31.250ms
08-06 03:00:36.169  6718  7194 I art     : Starting a blocking GC Explicit
08-06 03:00:36.195  6718  7194 I art     : Explicit concurrent mark sweep GC freed 20(704B) AllocSpace objects, 0(0B) LOS objects, 23% free, 52MB/68MB, paused 540us total 25.877ms
08-06 03:00:36.206  6718  7194 I art     : Starting a blocking GC Explicit
08-06 03:00:36.234  6718  7194 I art     : Explicit concurrent mark sweep GC freed 3(96B) AllocSpace objects, 0(0B) LOS objects, 23% free, 52MB/68MB, paused 563us total 27.764ms
08-06 03:00:36.245  6718  7194 I art     : Starting a blocking GC Explicit
08-06 03:00:36.272  6718  7194 I art     : Explicit concurrent mark sweep GC freed 3(96B) AllocSpace objects, 0(0B) LOS objects, 23% free, 52MB/68MB, paused 543us total 26.651ms
08-06 03:00:36.283  6718  7194 I art     : Starting a blocking GC Explicit
08-06 03:00:36.312  6718  7194 I art     : Explicit concurrent mark sweep GC freed 3(96B) AllocSpace objects, 0(0B) LOS objects, 23% free, 52MB/68MB, paused 552us total 28.126ms
08-06 03:00:36.622   518   646 I ThermalEngine: ACTION: GPU - Setting GPU[0] to 510000000
08-06 03:00:36.651  6718  6731 I art     : Starting a blocking GC Explicit
08-06 03:00:36.679  6718  6731 I art     : Explicit concurrent mark sweep GC freed 1341(78KB) AllocSpace objects, 1(20KB) LOS objects, 23% free, 52MB/68MB, paused 432us total 27.983ms
08-06 03:00:36.691  6718  6731 I art     : Starting a blocking GC Explicit
08-06 03:00:36.716  6718  6731 I art     : Explicit concurrent mark sweep GC freed 20(704B) AllocSpace objects, 0(0B) LOS objects, 23% free, 52MB/68MB, paused 424us total 24.150ms
08-06 03:00:36.726  6718  6731 I art     : Starting a blocking GC Explicit
08-06 03:00:36.746  6718  6731 I art     : Explicit concurrent mark sweep GC freed 3(96B) AllocSpace objects, 0(0B) LOS objects, 23% free, 52MB/68MB, paused 408us total 20.096ms
08-06 03:00:36.755  6718  6731 I art     : Starting a blocking GC Explicit
08-06 03:00:36.776  6718  6731 I art     : Explicit concurrent mark sweep GC freed 3(96B) AllocSpace objects, 0(0B) LOS objects, 23% free, 52MB/68MB, paused 404us total 20.404ms
08-06 03:00:36.784  6718  6731 I art     : Starting a blocking GC Explicit
08-06 03:00:36.805  6718  6731 I art     : Explicit concurrent mark sweep GC freed 3(96B) AllocSpace objects, 0(0B) LOS objects, 23% free, 52MB/68MB, paused 401us total 20.491ms
08-06 03:00:37.074  6718  6730 I art     : Starting a blocking GC Explicit
08-06 03:00:37.095  6718  6730 I art     : Explicit concurrent mark sweep GC freed 1341(78KB) AllocSpace objects, 1(20KB) LOS objects, 23% free, 52MB/68MB, paused 418us total 20.562ms
08-06 03:00:37.104  6718  6730 I art     : Starting a blocking GC Explicit
08-06 03:00:37.124  6718  6730 I art     : Explicit concurrent mark sweep GC freed 20(704B) AllocSpace objects, 0(0B) LOS objects, 23% free, 52MB/68MB, paused 423us total 19.941ms
08-06 03:00:37.133  6718  6730 I art     : Starting a blocking GC Explicit
08-06 03:00:37.152  6718  6730 I art     : Explicit concurrent mark sweep GC freed 3(96B) AllocSpace objects, 0(0B) LOS objects, 23% free, 52MB/68MB, paused 408us total 19.495ms
08-06 03:00:37.161  6718  6730 I art     : Starting a blocking GC Explicit
08-06 03:00:37.180  6718  6730 I art     : Explicit concurrent mark sweep GC freed 3(96B) AllocSpace objects, 0(0B) LOS objects, 23% free, 52MB/68MB, paused 410us total 19.429ms
08-06 03:00:37.189  6718  6730 I art     : Starting a blocking GC Explicit
08-06 03:00:37.209  6718  6730 I art     : Explicit concurrent mark sweep GC freed 3(96B) AllocSpace objects, 0(0B) LOS objects, 23% free, 52MB/68MB, paused 402us total 19.758ms
08-06 03:00:37.323  8128  8128 D AndroidRuntime: >>>>>> START com.android.internal.os.RuntimeInit uid 2000 <<<<<<
08-06 03:00:37.329  8128  8128 D AndroidRuntime: CheckJNI is OFF
08-06 03:00:37.365  8128  8128 D ICU     : No timezone override file found: /data/misc/zoneinfo/current/icu/icu_tzdata.dat
08-06 03:00:37.397  8128  8128 I Radio-JNI: register_android_hardware_Radio DONE
08-06 03:00:37.418  8128  8128 D AndroidRuntime: Calling main entry com.android.commands.input.Input
08-06 03:00:37.420  8128  8128 I Input   : injectKeyEvent: KeyEvent { action=ACTION_DOWN, keyCode=KEYCODE_BACK, scanCode=0, metaState=0, flags=0x0, repeatCount=0, eventTime=846053833, downTime=846053833, deviceId=-1, source=0x101 }
08-06 03:00:37.427  8128  8128 I Input   : injectKeyEvent: KeyEvent { action=ACTION_UP, keyCode=KEYCODE_BACK, scanCode=0, metaState=0, flags=0x0, repeatCount=0, eventTime=846053833, downTime=846053833, deviceId=-1, source=0x101 }
08-06 03:00:37.433  8128  8128 D AndroidRuntime: Shutting down VM
08-06 03:00:37.481 13866 13866 I GoogleInputMethodServic: GoogleInputMethodService.onFinishInput():3138 
08-06 03:00:37.482 13866 13866 I GoogleInputMethodServic: GoogleInputMethodService.onStartInput():1808 
08-06 03:00:37.485  6718  6730 I art     : Starting a blocking GC Explicit
08-06 03:00:37.505  6718  6730 I art     : Explicit concurrent mark sweep GC freed 1505(85KB) AllocSpace objects, 1(20KB) LOS objects, 23% free, 52MB/68MB, paused 408us total 19.135ms
08-06 03:00:37.514  6718  6730 I art     : Starting a blocking GC Explicit
08-06 03:00:37.534  6718  6730 I art     : Explicit concurrent mark sweep GC freed 29(1008B) AllocSpace objects, 0(0B) LOS objects, 23% free, 52MB/68MB, paused 563us total 19.684ms
08-06 03:00:37.544  6718  6730 I art     : Starting a blocking GC Explicit
08-06 03:00:37.561  6718  6730 I art     : Explicit concurrent mark sweep GC freed 6(224B) AllocSpace objects, 0(0B) LOS objects, 23% free, 52MB/68MB, paused 385us total 17.636ms
08-06 03:00:37.569  6718  6730 I art     : Starting a blocking GC Explicit
08-06 03:00:37.588  6718  6730 I art     : Explicit concurrent mark sweep GC freed 3(96B) AllocSpace objects, 0(0B) LOS objects, 23% free, 52MB/68MB, paused 1.032ms total 18.761ms
08-06 03:00:37.596  6718  6730 I art     : Starting a blocking GC Explicit
08-06 03:00:37.617  6718  6730 I art     : Explicit concurrent mark sweep GC freed 3(96B) AllocSpace objects, 0(0B) LOS objects, 23% free, 52MB/68MB, paused 530us total 20.312ms
08-06 03:00:37.780   380   380 W SurfaceFlinger: couldn't log to binary event log: overflow.
08-06 03:00:37.867  6718  7194 I art     : Starting a blocking GC Explicit
08-06 03:00:37.885  6718  7194 I art     : Explicit concurrent mark sweep GC freed 1450(87KB) AllocSpace objects, 1(20KB) LOS objects, 23% free, 52MB/68MB, paused 393us total 18.570ms
08-06 03:00:37.894  6718  7194 I art     : Starting a blocking GC Explicit
08-06 03:00:37.912  6718  7194 I art     : Explicit concurrent mark sweep GC freed 1672(107KB) AllocSpace objects, 3(400KB) LOS objects, 23% free, 52MB/68MB, paused 388us total 18.025ms
08-06 03:00:37.920  6718  7194 I art     : Starting a blocking GC Explicit
08-06 03:00:37.937  6718  7194 I art     : Explicit concurrent mark sweep GC freed 3(96B) AllocSpace objects, 0(0B) LOS objects, 23% free, 52MB/68MB, paused 405us total 17.162ms
08-06 03:00:37.945  6718  7194 I art     : Starting a blocking GC Explicit
08-06 03:00:37.962  6718  7194 I art     : Explicit concurrent mark sweep GC freed 3(96B) AllocSpace objects, 0(0B) LOS objects, 23% free, 52MB/68MB, paused 383us total 17.120ms
08-06 03:00:37.970  6718  7194 I art     : Starting a blocking GC Explicit
08-06 03:00:37.988  6718  7194 I art     : Explicit concurrent mark sweep GC freed 3(96B) AllocSpace objects, 0(0B) LOS objects, 23% free, 52MB/68MB, paused 573us total 17.528ms
08-06 03:00:38.257  6718  6731 I art     : Starting a blocking GC Explicit
08-06 03:00:38.277  6718  6731 I art     : Explicit concurrent mark sweep GC freed 1629(94KB) AllocSpace objects, 1(20KB) LOS objects, 23% free, 52MB/68MB, paused 560us total 20.171ms
08-06 03:00:38.286  6718  6731 I art     : Starting a blocking GC Explicit
08-06 03:00:38.305  6718  6731 I art     : Explicit concurrent mark sweep GC freed 82(3KB) AllocSpace objects, 0(0B) LOS objects, 23% free, 52MB/68MB, paused 440us total 18.906ms
08-06 03:00:38.313  6718  6731 I art     : Starting a blocking GC Explicit
08-06 03:00:38.333  6718  6731 I art     : Explicit concurrent mark sweep GC freed 45(1568B) AllocSpace objects, 0(0B) LOS objects, 23% free, 52MB/68MB, paused 448us total 19.842ms
08-06 03:00:38.341  6718  6731 I art     : Starting a blocking GC Explicit
08-06 03:00:38.361  6718  6731 I art     : Explicit concurrent mark sweep GC freed 403(17KB) AllocSpace objects, 0(0B) LOS objects, 23% free, 52MB/68MB, paused 537us total 19.767ms
08-06 03:00:38.370  6718  6731 I art     : Starting a blocking GC Explicit
08-06 03:00:38.390  6718  6731 I art     : Explicit concurrent mark sweep GC freed 1479(56KB) AllocSpace objects, 0(0B) LOS objects, 23% free, 52MB/68MB, paused 437us total 19.810ms
08-06 03:00:38.412  6718  8182 W OneSignal: OneSignalRestClient: POST Error thrown from network stack. 
08-06 03:00:38.412  6718  8182 W OneSignal: java.io.IOException: unexpected end of stream on Connection{api.onesignal.com:443, proxy=HTTP@192.168.2.12:8080 hostAddress=192.168.2.12 cipherSuite=TLS_ECDHE_RSA_WITH_AES_128_GCM_SHA256 protocol=http/1.1} (recycle count=0)
08-06 03:00:38.412  6718  8182 W OneSignal: 	at com.android.okhttp.internal.http.HttpConnection.readResponse(HttpConnection.java:210)
08-06 03:00:38.412  6718  8182 W OneSignal: 	at com.android.okhttp.internal.http.HttpTransport.readResponseHeaders(HttpTransport.java:80)
08-06 03:00:38.412  6718  8182 W OneSignal: 	at com.android.okhttp.internal.http.HttpEngine.readNetworkResponse(HttpEngine.java:904)
08-06 03:00:38.412  6718  8182 W OneSignal: 	at com.android.okhttp.internal.http.HttpEngine.readResponse(HttpEngine.java:788)
08-06 03:00:38.412  6718  8182 W OneSignal: 	at com.android.okhttp.internal.huc.HttpURLConnectionImpl.execute(HttpURLConnectionImpl.java:439)
08-06 03:00:38.412  6718  8182 W OneSignal: 	at com.android.okhttp.internal.huc.HttpURLConnectionImpl.getResponse(HttpURLConnectionImpl.java:384)
08-06 03:00:38.412  6718  8182 W OneSignal: 	at com.android.okhttp.internal.huc.HttpURLConnectionImpl.getResponseCode(HttpURLConnectionImpl.java:497)
08-06 03:00:38.412  6718  8182 W OneSignal: 	at com.android.okhttp.internal.huc.DelegatingHttpsURLConnection.getResponseCode(DelegatingHttpsURLConnection.java:105)
08-06 03:00:38.412  6718  8182 W OneSignal: 	at com.android.okhttp.internal.huc.HttpsURLConnectionImpl.getResponseCode(HttpsURLConnectionImpl.java)
08-06 03:00:38.412  6718  8182 W OneSignal: 	at com.onesignal.OneSignalRestClient.startHTTPConnection(OneSignalRestClient.java:180)
08-06 03:00:38.412  6718  8182 W OneSignal: 	at com.onesignal.OneSignalRestClient.access$100(OneSignalRestClient.java:44)
08-06 03:00:38.412  6718  8182 W OneSignal: 	at com.onesignal.OneSignalRestClient$4.run(OneSignalRestClient.java:110)
08-06 03:00:38.412  6718  8182 W OneSignal: 	at java.lang.Thread.run(Thread.java:818)
08-06 03:00:38.412  6718  8182 W OneSignal: Caused by: java.io.EOFException: \n not found: size=0 content=...
08-06 03:00:38.412  6718  8182 W OneSignal: 	at com.android.okhttp.okio.RealBufferedSource.readUtf8LineStrict(RealBufferedSource.java:200)
08-06 03:00:38.412  6718  8182 W OneSignal: 	at com.android.okhttp.internal.http.HttpConnection.readResponse(HttpConnection.java:191)
08-06 03:00:38.412  6718  8182 W OneSignal: 	... 12 more
08-06 03:00:38.413  6718  8183 W OneSignal: Failed last request. statusCode: -1
08-06 03:00:38.413  6718  8183 W OneSignal: response: null
08-06 03:00:38.661  6718  6747 I art     : Starting a blocking GC Explicit
08-06 03:00:38.687  6718  6747 I art     : Explicit concurrent mark sweep GC freed 1744(151KB) AllocSpace objects, 1(20KB) LOS objects, 23% free, 52MB/68MB, paused 500us total 25.501ms
08-06 03:00:38.698  6718  6747 I art     : Starting a blocking GC Explicit
08-06 03:00:38.717  6718  6747 I art     : Explicit concurrent mark sweep GC freed 24(896B) AllocSpace objects, 0(0B) LOS objects, 23% free, 52MB/68MB, paused 427us total 18.777ms
08-06 03:00:38.725  6718  6747 I art     : Starting a blocking GC Explicit
08-06 03:00:38.745  6718  6747 I art     : Explicit concurrent mark sweep GC freed 3(96B) AllocSpace objects, 0(0B) LOS objects, 23% free, 52MB/68MB, paused 409us total 19.012ms
08-06 03:00:38.753  6718  6747 I art     : Starting a blocking GC Explicit
08-06 03:00:38.772  6718  6747 I art     : Explicit concurrent mark sweep GC freed 3(96B) AllocSpace objects, 0(0B) LOS objects, 23% free, 52MB/68MB, paused 467us total 18.660ms
08-06 03:00:38.780  6718  6747 I art     : Starting a blocking GC Explicit
08-06 03:00:38.799  6718  6747 I art     : Explicit concurrent mark sweep GC freed 3(96B) AllocSpace objects, 0(0B) LOS objects, 23% free, 52MB/68MB, paused 400us total 18.742ms
08-06 03:00:39.067  6718  7849 I art     : Starting a blocking GC Explicit
08-06 03:00:39.074  8194  8194 D AndroidRuntime: >>>>>> START com.android.internal.os.RuntimeInit uid 2000 <<<<<<
08-06 03:00:39.079  8194  8194 D AndroidRuntime: CheckJNI is OFF
08-06 03:00:39.088  6718  7849 I art     : Explicit concurrent mark sweep GC freed 1340(78KB) AllocSpace objects, 1(20KB) LOS objects, 23% free, 52MB/68MB, paused 456us total 20.216ms
08-06 03:00:39.096  6718  7849 I art     : Starting a blocking GC Explicit
08-06 03:00:39.115  6718  7849 I art     : Explicit concurrent mark sweep GC freed 20(704B) AllocSpace objects, 0(0B) LOS objects, 23% free, 52MB/68MB, paused 426us total 19.153ms
08-06 03:00:39.116  8194  8194 D ICU     : No timezone override file found: /data/misc/zoneinfo/current/icu/icu_tzdata.dat
08-06 03:00:39.125  6718  7849 I art     : Starting a blocking GC Explicit
08-06 03:00:39.143  6718  7849 I art     : Explicit concurrent mark sweep GC freed 3(96B) AllocSpace objects, 0(0B) LOS objects, 23% free, 52MB/68MB, paused 430us total 18.435ms
08-06 03:00:39.150  8194  8194 I Radio-JNI: register_android_hardware_Radio DONE
08-06 03:00:39.151  6718  7849 I art     : Starting a blocking GC Explicit
08-06 03:00:39.170  6718  7849 I art     : Explicit concurrent mark sweep GC freed 3(96B) AllocSpace objects, 0(0B) LOS objects, 23% free, 52MB/68MB, paused 401us total 18.924ms
08-06 03:00:39.172  8194  8194 D AndroidRuntime: Calling main entry com.android.commands.input.Input
08-06 03:00:39.174  8194  8194 I Input   : injectKeyEvent: KeyEvent { action=ACTION_DOWN, keyCode=KEYCODE_BACK, scanCode=0, metaState=0, flags=0x0, repeatCount=0, eventTime=846055587, downTime=846055587, deviceId=-1, source=0x101 }
08-06 03:00:39.179  6718  7849 I art     : Starting a blocking GC Explicit
08-06 03:00:39.179  8194  8194 I Input   : injectKeyEvent: KeyEvent { action=ACTION_UP, keyCode=KEYCODE_BACK, scanCode=0, metaState=0, flags=0x0, repeatCount=0, eventTime=846055587, downTime=846055587, deviceId=-1, source=0x101 }
08-06 03:00:39.186  8194  8194 D AndroidRuntime: Shutting down VM
08-06 03:00:39.186  3784  3784 D CallStatisticsService: Post delayed to sync data packages to nv.
08-06 03:00:39.186  3784  3784 D CallStatisticsService: handleMessage PHONE_DATA.
08-06 03:00:39.187  3784  3784 D CallStatisticsService: txTotal(Kb) = 0
08-06 03:00:39.187  3784  3784 D CallStatisticsService: rxTotal(Kb) = 0
08-06 03:00:39.187  3784  3784 E CallStatisticsService: TX And RX Data packages are totally 0, no need to update.
08-06 03:00:39.197  6718  7849 I art     : Explicit concurrent mark sweep GC freed 145(6KB) AllocSpace objects, 0(0B) LOS objects, 23% free, 52MB/68MB, paused 456us total 18.558ms
08-06 03:00:39.225 13866 13866 I GoogleInputMethodServic: GoogleInputMethodService.onFinishInput():3138 
08-06 03:00:39.226 13866 13866 I GoogleInputMethodServic: GoogleInputMethodService.onStartInput():1808 
08-06 03:00:39.456  6718  7849 I art     : Starting a blocking GC Explicit
08-06 03:00:39.475  6718  7849 I art     : Explicit concurrent mark sweep GC freed 1408(80KB) AllocSpace objects, 1(20KB) LOS objects, 23% free, 52MB/68MB, paused 422us total 19.437ms
08-06 03:00:39.483  6718  7849 I art     : Starting a blocking GC Explicit
08-06 03:00:39.502  6718  7849 I art     : Explicit concurrent mark sweep GC freed 24(864B) AllocSpace objects, 0(0B) LOS objects, 23% free, 52MB/68MB, paused 374us total 17.876ms
08-06 03:00:39.509  6718  7849 I art     : Starting a blocking GC Explicit
08-06 03:00:39.527   918  1210 D NetlinkSocketObserver: NeighborEvent{elapsedMs=1829443401, 192.168.2.254, [7C3953A63323], RTM_NEWNEIGH, NUD_PROBE}
08-06 03:00:39.529  6718  7849 I art     : Explicit concurrent mark sweep GC freed 1065(51KB) AllocSpace objects, 0(0B) LOS objects, 23% free, 52MB/68MB, paused 913us total 19.467ms
08-06 03:00:39.537  6718  7849 I art     : Starting a blocking GC Explicit
08-06 03:00:39.555  6718  7849 I art     : Explicit concurrent mark sweep GC freed 121(6KB) AllocSpace objects, 0(0B) LOS objects, 23% free, 52MB/68MB, paused 394us total 17.789ms
08-06 03:00:39.563  6718  7849 I art     : Starting a blocking GC Explicit
08-06 03:00:39.581  6718  7849 I art     : Explicit concurrent mark sweep GC freed 1967(121KB) AllocSpace objects, 2(140KB) LOS objects, 23% free, 51MB/67MB, paused 415us total 18.030ms
08-06 03:00:39.868  6718  6731 I art     : Starting a blocking GC Explicit
08-06 03:00:39.891  6718  6731 I art     : Explicit concurrent mark sweep GC freed 1340(78KB) AllocSpace objects, 1(20KB) LOS objects, 23% free, 51MB/67MB, paused 403us total 23.006ms
08-06 03:00:39.900  6718  6731 I art     : Starting a blocking GC Explicit
08-06 03:00:39.919  6718  6731 I art     : Explicit concurrent mark sweep GC freed 20(704B) AllocSpace objects, 0(0B) LOS objects, 23% free, 51MB/67MB, paused 425us total 18.941ms
08-06 03:00:39.927  6718  6731 I art     : Starting a blocking GC Explicit
08-06 03:00:39.946  6718  6731 I art     : Explicit concurrent mark sweep GC freed 3(96B) AllocSpace objects, 0(0B) LOS objects, 23% free, 51MB/67MB, paused 401us total 18.729ms
08-06 03:00:39.955  6718  6731 I art     : Starting a blocking GC Explicit
08-06 03:00:39.973  6718  6731 I art     : Explicit concurrent mark sweep GC freed 3(96B) AllocSpace objects, 0(0B) LOS objects, 23% free, 51MB/67MB, paused 414us total 18.638ms
08-06 03:00:39.982  6718  6731 I art     : Starting a blocking GC Explicit
08-06 03:00:40.001  6718  6731 I art     : Explicit concurrent mark sweep GC freed 3(96B) AllocSpace objects, 0(0B) LOS objects, 23% free, 51MB/67MB, paused 412us total 19.151ms
08-06 03:00:40.286  6718  6730 I art     : Starting a blocking GC Explicit
08-06 03:00:40.314  6718  6730 I art     : Explicit concurrent mark sweep GC freed 1338(78KB) AllocSpace objects, 1(20KB) LOS objects, 23% free, 51MB/67MB, paused 465us total 28.429ms
08-06 03:00:40.326  6718  6730 I art     : Starting a blocking GC Explicit
08-06 03:00:40.348  6718  6730 I art     : Explicit concurrent mark sweep GC freed 20(704B) AllocSpace objects, 0(0B) LOS objects, 23% free, 51MB/67MB, paused 407us total 21.624ms
08-06 03:00:40.357  6718  6730 I art     : Starting a blocking GC Explicit
08-06 03:00:40.376  6718  6730 I art     : Explicit concurrent mark sweep GC freed 3(96B) AllocSpace objects, 0(0B) LOS objects, 23% free, 51MB/67MB, paused 407us total 19.051ms
08-06 03:00:40.385  6718  6730 I art     : Starting a blocking GC Explicit
08-06 03:00:40.404  6718  6730 I art     : Explicit concurrent mark sweep GC freed 3(96B) AllocSpace objects, 0(0B) LOS objects, 23% free, 51MB/67MB, paused 401us total 18.446ms
08-06 03:00:40.412  6718  6730 I art     : Starting a blocking GC Explicit
08-06 03:00:40.430  6718  6730 I art     : Explicit concurrent mark sweep GC freed 3(96B) AllocSpace objects, 0(0B) LOS objects, 23% free, 51MB/67MB, paused 379us total 17.526ms
08-06 03:00:40.707  6718  7194 I art     : Starting a blocking GC Explicit
08-06 03:00:40.726  6718  7194 I art     : Explicit concurrent mark sweep GC freed 1338(78KB) AllocSpace objects, 1(20KB) LOS objects, 23% free, 51MB/67MB, paused 421us total 19.197ms
08-06 03:00:40.734  6718  7194 I art     : Starting a blocking GC Explicit
08-06 03:00:40.753  6718  7194 I art     : Explicit concurrent mark sweep GC freed 20(704B) AllocSpace objects, 0(0B) LOS objects, 23% free, 51MB/67MB, paused 420us total 18.570ms
08-06 03:00:40.762  6718  7194 I art     : Starting a blocking GC Explicit
08-06 03:00:40.780  6718  7194 I art     : Explicit concurrent mark sweep GC freed 3(96B) AllocSpace objects, 0(0B) LOS objects, 23% free, 51MB/67MB, paused 422us total 18.378ms
08-06 03:00:40.788  6718  7194 I art     : Starting a blocking GC Explicit
08-06 03:00:40.807  6718  7194 I art     : Explicit concurrent mark sweep GC freed 3(96B) AllocSpace objects, 0(0B) LOS objects, 23% free, 51MB/67MB, paused 496us total 18.235ms
08-06 03:00:40.815  6718  7194 I art     : Starting a blocking GC Explicit
08-06 03:00:40.826  8247  8247 D AndroidRuntime: >>>>>> START com.android.internal.os.RuntimeInit uid 2000 <<<<<<
08-06 03:00:40.831  8247  8247 D AndroidRuntime: CheckJNI is OFF
08-06 03:00:40.834  6718  7194 I art     : Explicit concurrent mark sweep GC freed 3(96B) AllocSpace objects, 0(0B) LOS objects, 23% free, 51MB/67MB, paused 425us total 18.271ms
08-06 03:00:40.863  8247  8247 D ICU     : No timezone override file found: /data/misc/zoneinfo/current/icu/icu_tzdata.dat
08-06 03:00:40.897  8247  8247 I Radio-JNI: register_android_hardware_Radio DONE
08-06 03:00:40.918  8247  8247 D AndroidRuntime: Calling main entry com.android.commands.input.Input
08-06 03:00:40.921  8247  8247 I Input   : injectMotionEvent: MotionEvent { action=ACTION_DOWN, actionButton=0, id[0]=0, x[0]=337.0, y[0]=1104.0, toolType[0]=TOOL_TYPE_UNKNOWN, buttonState=0, metaState=0, flags=0x0, edgeFlags=0x0, pointerCount=1, historySize=0, eventTime=846057333, downTime=846057333, deviceId=0, source=0x1002 }
08-06 03:00:40.928  8247  8247 I Input   : injectMotionEvent: MotionEvent { action=ACTION_UP, actionButton=0, id[0]=0, x[0]=337.0, y[0]=1104.0, toolType[0]=TOOL_TYPE_UNKNOWN, buttonState=0, metaState=0, flags=0x0, edgeFlags=0x0, pointerCount=1, historySize=0, eventTime=846057333, downTime=846057333, deviceId=0, source=0x1002 }
08-06 03:00:40.930   918  5952 I ActivityManager: START u0 {cmp=baseline.appteam.nith.hillffair/.activities.BattleDayActivity} from uid 10697 on display 0
08-06 03:00:40.939  8247  8247 D AndroidRuntime: Shutting down VM
08-06 03:00:41.022 13866 13866 I GoogleInputMethodServic: GoogleInputMethodService.onFinishInput():3138 
08-06 03:00:41.023 13866 13866 I GoogleInputMethodServic: GoogleInputMethodService.onStartInput():1808 
08-06 03:00:41.047   918   936 I ActivityManager: Displayed baseline.appteam.nith.hillffair/.activities.BattleDayActivity: +108ms
08-06 03:00:41.081  6718  6747 I art     : Starting a blocking GC Explicit
08-06 03:00:41.100  6718  6747 I art     : Explicit concurrent mark sweep GC freed 6361(383KB) AllocSpace objects, 1(20KB) LOS objects, 23% free, 52MB/68MB, paused 445us total 18.802ms
08-06 03:00:41.107  6718  6747 I art     : Starting a blocking GC Explicit
08-06 03:00:41.126  6718  6747 I art     : Explicit concurrent mark sweep GC freed 258(11KB) AllocSpace objects, 0(0B) LOS objects, 23% free, 52MB/68MB, paused 414us total 18.302ms
08-06 03:00:41.134  6718  6747 I art     : Starting a blocking GC Explicit
08-06 03:00:41.153  6718  6747 I art     : Explicit concurrent mark sweep GC freed 3(96B) AllocSpace objects, 0(0B) LOS objects, 23% free, 52MB/68MB, paused 483us total 18.911ms
08-06 03:00:41.162  6718  6747 I art     : Starting a blocking GC Explicit
08-06 03:00:41.183  6718  6747 I art     : Explicit concurrent mark sweep GC freed 3(96B) AllocSpace objects, 0(0B) LOS objects, 23% free, 52MB/68MB, paused 560us total 20.724ms
08-06 03:00:41.193  6718  6747 I art     : Starting a blocking GC Explicit
08-06 03:00:41.213  6718  6747 I art     : Explicit concurrent mark sweep GC freed 3(96B) AllocSpace objects, 0(0B) LOS objects, 23% free, 52MB/68MB, paused 439us total 20.331ms
08-06 03:00:41.300   380   380 W SurfaceFlinger: couldn't log to binary event log: overflow.
08-06 03:00:41.463  6718  6730 I art     : Starting a blocking GC Explicit
08-06 03:00:41.483  6718  6730 I art     : Explicit concurrent mark sweep GC freed 1422(83KB) AllocSpace objects, 1(20KB) LOS objects, 23% free, 52MB/68MB, paused 524us total 19.616ms
08-06 03:00:41.492  6718  6730 I art     : Starting a blocking GC Explicit
08-06 03:00:41.512  6718  6730 I art     : Explicit concurrent mark sweep GC freed 34(1216B) AllocSpace objects, 0(0B) LOS objects, 23% free, 52MB/68MB, paused 550us total 19.780ms
08-06 03:00:41.520  6718  6730 I art     : Starting a blocking GC Explicit
08-06 03:00:41.539  6718  6730 I art     : Explicit concurrent mark sweep GC freed 13(480B) AllocSpace objects, 0(0B) LOS objects, 23% free, 52MB/68MB, paused 447us total 18.288ms
08-06 03:00:41.547  6718  6730 I art     : Starting a blocking GC Explicit
08-06 03:00:41.566  6718  6730 I art     : Explicit concurrent mark sweep GC freed 10(352B) AllocSpace objects, 0(0B) LOS objects, 23% free, 52MB/68MB, paused 444us total 18.531ms
08-06 03:00:41.574  6718  6730 I art     : Starting a blocking GC Explicit
08-06 03:00:41.593  6718  6730 I art     : Explicit concurrent mark sweep GC freed 11(416B) AllocSpace objects, 0(0B) LOS objects, 23% free, 52MB/68MB, paused 441us total 18.562ms
08-06 03:00:41.630   518   646 I ThermalEngine: ACTION: GPU - Setting GPU[0] to 450000000
08-06 03:00:41.797  6718  8272 D OkHttp  : --> GET https://api-hillfair-2k16.herokuapp.com/api/app/events/special http/1.1
08-06 03:00:41.828  6718  8272 D OkHttp  : <-- 200 OK https://api-hillfair-2k16.herokuapp.com/api/app/events/special (30ms, 554-byte body)
08-06 03:00:41.886  6718  6718 I NAPPA_EXPERIMENTATION: MetricNetworkRequestExecutionTime: REQUEST_DURATION_SYSTEM='923',REQUEST_DURATION_OKHTTP='30',REQUEST_SYNCHRONOUS='FALSE',RESPONSE_CODE='200',RESPONSE_METHOD='GET',RESPONSE_LENGTH_OKHTTP='554',RESPONSE_LENGTH_HEADER='554',REQUEST_PROTOCOL='http/1.1',REQUEST_URL='https://api-hillfair-2k16.herokuapp.com/api/app/events/special',
08-06 03:00:41.886  6718  6731 I art     : Starting a blocking GC Explicit
08-06 03:00:41.913  6718  6731 I art     : Explicit concurrent mark sweep GC freed 4429(289KB) AllocSpace objects, 4(220KB) LOS objects, 23% free, 52MB/68MB, paused 902us total 26.780ms
08-06 03:00:41.924  6718  6731 I art     : Starting a blocking GC Explicit
08-06 03:00:41.950  6718  6731 I art     : Explicit concurrent mark sweep GC freed 1575(142KB) AllocSpace objects, 0(0B) LOS objects, 23% free, 52MB/68MB, paused 584us total 25.237ms
08-06 03:00:41.961  6718  6731 I art     : Starting a blocking GC Explicit
08-06 03:00:41.983  6718  6731 I art     : Explicit concurrent mark sweep GC freed 72(2960B) AllocSpace objects, 0(0B) LOS objects, 23% free, 52MB/68MB, paused 543us total 22.103ms
08-06 03:00:41.993  6718  6731 I art     : Starting a blocking GC Explicit
08-06 03:00:42.018  6718  6731 I art     : Explicit concurrent mark sweep GC freed 3(96B) AllocSpace objects, 0(0B) LOS objects, 23% free, 52MB/68MB, paused 553us total 24.592ms
08-06 03:00:42.029  6718  6731 I art     : Starting a blocking GC Explicit
08-06 03:00:42.053  6718  6731 I art     : Explicit concurrent mark sweep GC freed 3(96B) AllocSpace objects, 0(0B) LOS objects, 23% free, 52MB/68MB, paused 550us total 24.550ms
08-06 03:00:42.338  6718  7849 I art     : Starting a blocking GC Explicit
08-06 03:00:42.374  6718  7849 I art     : Explicit concurrent mark sweep GC freed 1340(78KB) AllocSpace objects, 1(20KB) LOS objects, 23% free, 52MB/68MB, paused 649us total 35.057ms
08-06 03:00:42.388  6718  7849 I art     : Starting a blocking GC Explicit
08-06 03:00:42.413  6718  7849 I art     : Explicit concurrent mark sweep GC freed 20(704B) AllocSpace objects, 0(0B) LOS objects, 23% free, 52MB/68MB, paused 565us total 25.100ms
08-06 03:00:42.424  6718  7849 I art     : Starting a blocking GC Explicit
08-06 03:00:42.449  6718  7849 I art     : Explicit concurrent mark sweep GC freed 3(96B) AllocSpace objects, 0(0B) LOS objects, 23% free, 52MB/68MB, paused 562us total 24.964ms
08-06 03:00:42.460  6718  7849 I art     : Starting a blocking GC Explicit
08-06 03:00:42.486  6718  7849 I art     : Explicit concurrent mark sweep GC freed 3(96B) AllocSpace objects, 0(0B) LOS objects, 23% free, 52MB/68MB, paused 601us total 25.552ms
08-06 03:00:42.497  6718  7849 I art     : Starting a blocking GC Explicit
08-06 03:00:42.523  6718  7849 I art     : Explicit concurrent mark sweep GC freed 3(96B) AllocSpace objects, 0(0B) LOS objects, 23% free, 52MB/68MB, paused 560us total 25.482ms
08-06 03:00:42.850  6718  7194 I art     : Starting a blocking GC Explicit
08-06 03:00:42.886  6718  7194 I art     : Explicit concurrent mark sweep GC freed 1340(78KB) AllocSpace objects, 1(20KB) LOS objects, 23% free, 52MB/68MB, paused 657us total 34.857ms
08-06 03:00:42.901  6718  7194 I art     : Starting a blocking GC Explicit
08-06 03:00:42.926  6718  7194 I art     : Explicit concurrent mark sweep GC freed 20(704B) AllocSpace objects, 0(0B) LOS objects, 23% free, 52MB/68MB, paused 572us total 25.236ms
08-06 03:00:42.938  6718  7194 I art     : Starting a blocking GC Explicit
08-06 03:00:42.966  6718  7194 I art     : Explicit concurrent mark sweep GC freed 3(96B) AllocSpace objects, 0(0B) LOS objects, 23% free, 52MB/68MB, paused 582us total 27.736ms
08-06 03:00:42.977  6718  7194 I art     : Starting a blocking GC Explicit
08-06 03:00:43.003  6718  7194 I art     : Explicit concurrent mark sweep GC freed 3(96B) AllocSpace objects, 0(0B) LOS objects, 23% free, 52MB/68MB, paused 558us total 25.832ms
08-06 03:00:43.014  6718  7194 I art     : Starting a blocking GC Explicit
08-06 03:00:43.041  6718  7194 I art     : Explicit concurrent mark sweep GC freed 3(96B) AllocSpace objects, 0(0B) LOS objects, 23% free, 52MB/68MB, paused 586us total 26.915ms
08-06 03:00:43.379  6718  6730 I art     : Starting a blocking GC Explicit
08-06 03:00:43.411  6718  6730 I art     : Explicit concurrent mark sweep GC freed 1340(78KB) AllocSpace objects, 1(20KB) LOS objects, 23% free, 52MB/68MB, paused 605us total 31.162ms
08-06 03:00:43.424  6718  6730 I art     : Starting a blocking GC Explicit
08-06 03:00:43.452  6718  6730 I art     : Explicit concurrent mark sweep GC freed 20(704B) AllocSpace objects, 0(0B) LOS objects, 23% free, 52MB/68MB, paused 583us total 27.803ms
08-06 03:00:43.464  6718  6730 I art     : Starting a blocking GC Explicit
08-06 03:00:43.490  6718  6730 I art     : Explicit concurrent mark sweep GC freed 3(96B) AllocSpace objects, 0(0B) LOS objects, 23% free, 52MB/68MB, paused 575us total 26.134ms
08-06 03:00:43.501  6718  6730 I art     : Starting a blocking GC Explicit
08-06 03:00:43.528  6718  6730 I art     : Explicit concurrent mark sweep GC freed 3(96B) AllocSpace objects, 0(0B) LOS objects, 23% free, 52MB/68MB, paused 620us total 26.324ms
08-06 03:00:43.539  6718  6730 I art     : Starting a blocking GC Explicit
08-06 03:00:43.566  6718  6730 I art     : Explicit concurrent mark sweep GC freed 3(96B) AllocSpace objects, 0(0B) LOS objects, 23% free, 52MB/68MB, paused 590us total 26.940ms
08-06 03:00:43.586   918   937 W ProcessCpuTracker: Skipping unknown process pid 8329
08-06 03:00:43.586   918   937 W ProcessCpuTracker: Skipping unknown process pid 8331
08-06 03:00:43.586   918   937 W ProcessCpuTracker: Skipping unknown process pid 8332
08-06 03:00:43.873  6718  6747 I art     : Starting a blocking GC Explicit
08-06 03:00:43.905  6718  6747 I art     : Explicit concurrent mark sweep GC freed 1340(78KB) AllocSpace objects, 1(20KB) LOS objects, 23% free, 52MB/68MB, paused 629us total 30.974ms
08-06 03:00:43.918  6718  6747 I art     : Starting a blocking GC Explicit
08-06 03:00:43.947  6718  6747 I art     : Explicit concurrent mark sweep GC freed 20(704B) AllocSpace objects, 0(0B) LOS objects, 23% free, 52MB/68MB, paused 566us total 27.887ms
08-06 03:00:43.958  6718  6747 I art     : Starting a blocking GC Explicit
08-06 03:00:43.985  6718  6747 I art     : Explicit concurrent mark sweep GC freed 3(96B) AllocSpace objects, 0(0B) LOS objects, 23% free, 52MB/68MB, paused 579us total 27.020ms
08-06 03:00:43.996  6718  6747 I art     : Starting a blocking GC Explicit
08-06 03:00:44.024  6718  6747 I art     : Explicit concurrent mark sweep GC freed 3(96B) AllocSpace objects, 0(0B) LOS objects, 23% free, 52MB/68MB, paused 574us total 27.647ms
08-06 03:00:44.036  6718  6747 I art     : Starting a blocking GC Explicit
08-06 03:00:44.064  6718  6747 I art     : Explicit concurrent mark sweep GC freed 3(96B) AllocSpace objects, 0(0B) LOS objects, 23% free, 52MB/68MB, paused 573us total 27.744ms
08-06 03:00:44.387  6718  6731 I art     : Starting a blocking GC Explicit
08-06 03:00:44.420  6718  6731 I art     : Explicit concurrent mark sweep GC freed 1340(78KB) AllocSpace objects, 1(20KB) LOS objects, 23% free, 52MB/68MB, paused 629us total 32.618ms
08-06 03:00:44.436  6718  6731 I art     : Starting a blocking GC Explicit
08-06 03:00:44.463  6718  6731 I art     : Explicit concurrent mark sweep GC freed 20(704B) AllocSpace objects, 0(0B) LOS objects, 23% free, 52MB/68MB, paused 536us total 26.923ms
08-06 03:00:44.474  6718  6731 I art     : Starting a blocking GC Explicit
08-06 03:00:44.502  6718  6731 I art     : Explicit concurrent mark sweep GC freed 3(96B) AllocSpace objects, 0(0B) LOS objects, 23% free, 52MB/68MB, paused 604us total 27.323ms
08-06 03:00:44.513  6718  6731 I art     : Starting a blocking GC Explicit
08-06 03:00:44.541  6718  6731 I art     : Explicit concurrent mark sweep GC freed 3(96B) AllocSpace objects, 0(0B) LOS objects, 23% free, 52MB/68MB, paused 581us total 27.555ms
08-06 03:00:44.552  6718  6731 I art     : Starting a blocking GC Explicit
08-06 03:00:44.580  6718  6731 I art     : Explicit concurrent mark sweep GC freed 3(96B) AllocSpace objects, 0(0B) LOS objects, 23% free, 52MB/68MB, paused 573us total 27.623ms
08-06 03:00:44.916  6718  7849 I art     : Starting a blocking GC Explicit
08-06 03:00:44.953  6718  7849 I art     : Explicit concurrent mark sweep GC freed 1340(78KB) AllocSpace objects, 1(20KB) LOS objects, 23% free, 52MB/68MB, paused 659us total 36.627ms
08-06 03:00:44.967  6718  7849 I art     : Starting a blocking GC Explicit
08-06 03:00:44.994  6718  7849 I art     : Explicit concurrent mark sweep GC freed 20(704B) AllocSpace objects, 0(0B) LOS objects, 23% free, 52MB/68MB, paused 574us total 26.860ms
08-06 03:00:45.005  6718  7849 I art     : Starting a blocking GC Explicit
08-06 03:00:45.032  6718  7849 I art     : Explicit concurrent mark sweep GC freed 3(96B) AllocSpace objects, 0(0B) LOS objects, 23% free, 52MB/68MB, paused 589us total 26.849ms
08-06 03:00:45.044  6718  7849 I art     : Starting a blocking GC Explicit
08-06 03:00:45.071  6718  7849 I art     : Explicit concurrent mark sweep GC freed 3(96B) AllocSpace objects, 0(0B) LOS objects, 23% free, 52MB/68MB, paused 582us total 27.648ms
08-06 03:00:45.083  6718  7849 I art     : Starting a blocking GC Explicit
08-06 03:00:45.109  6718  7849 I art     : Explicit concurrent mark sweep GC freed 3(96B) AllocSpace objects, 0(0B) LOS objects, 23% free, 52MB/68MB, paused 563us total 25.799ms
08-06 03:00:45.391  6718  7194 I art     : Starting a blocking GC Explicit
08-06 03:00:45.420  6718  7194 I art     : Explicit concurrent mark sweep GC freed 1340(78KB) AllocSpace objects, 1(20KB) LOS objects, 23% free, 52MB/68MB, paused 621us total 28.835ms
08-06 03:00:45.432  6718  7194 I art     : Starting a blocking GC Explicit
08-06 03:00:45.458  6718  7194 I art     : Explicit concurrent mark sweep GC freed 20(704B) AllocSpace objects, 0(0B) LOS objects, 23% free, 52MB/68MB, paused 617us total 24.959ms
08-06 03:00:45.468  6718  7194 I art     : Starting a blocking GC Explicit
08-06 03:00:45.495  6718  7194 I art     : Explicit concurrent mark sweep GC freed 3(96B) AllocSpace objects, 0(0B) LOS objects, 23% free, 52MB/68MB, paused 592us total 25.953ms
08-06 03:00:45.505  6718  7194 I art     : Starting a blocking GC Explicit
08-06 03:00:45.532  6718  7194 I art     : Explicit concurrent mark sweep GC freed 3(96B) AllocSpace objects, 0(0B) LOS objects, 23% free, 52MB/68MB, paused 570us total 26.064ms
08-06 03:00:45.543  6718  7194 I art     : Starting a blocking GC Explicit
08-06 03:00:45.569  6718  7194 I art     : Explicit concurrent mark sweep GC freed 3(96B) AllocSpace objects, 0(0B) LOS objects, 23% free, 52MB/68MB, paused 583us total 25.595ms
08-06 03:00:45.638   518   646 I ThermalEngine: ACTION: GPU - Setting GPU[0] to 510000000
08-06 03:00:45.742  8363  8363 D AndroidRuntime: >>>>>> START com.android.internal.os.RuntimeInit uid 2000 <<<<<<
08-06 03:00:45.747  8363  8363 D AndroidRuntime: CheckJNI is OFF
08-06 03:00:45.779  8363  8363 D ICU     : No timezone override file found: /data/misc/zoneinfo/current/icu/icu_tzdata.dat
08-06 03:00:45.812  8363  8363 I Radio-JNI: register_android_hardware_Radio DONE
08-06 03:00:45.833  8363  8363 D AndroidRuntime: Calling main entry com.android.commands.input.Input
08-06 03:00:45.834  8363  8363 I Input   : injectMotionEvent: MotionEvent { action=ACTION_DOWN, actionButton=0, id[0]=0, x[0]=733.0, y[0]=645.0, toolType[0]=TOOL_TYPE_UNKNOWN, buttonState=0, metaState=0, flags=0x0, edgeFlags=0x0, pointerCount=1, historySize=0, eventTime=846062247, downTime=846062247, deviceId=0, source=0x1002 }
08-06 03:00:45.841  8363  8363 I Input   : injectMotionEvent: MotionEvent { action=ACTION_UP, actionButton=0, id[0]=0, x[0]=733.0, y[0]=645.0, toolType[0]=TOOL_TYPE_UNKNOWN, buttonState=0, metaState=0, flags=0x0, edgeFlags=0x0, pointerCount=1, historySize=0, eventTime=846062247, downTime=846062247, deviceId=0, source=0x1002 }
08-06 03:00:45.842   918  3670 I ActivityManager: START u0 {cmp=baseline.appteam.nith.hillffair/.activities.ClubActivity (has extras)} from uid 10697 on display 0
08-06 03:00:45.850  8363  8363 D AndroidRuntime: Shutting down VM
08-06 03:00:45.879  6718  7849 I art     : Starting a blocking GC Explicit
08-06 03:00:45.900  6718  7849 I art     : Explicit concurrent mark sweep GC freed 5019(315KB) AllocSpace objects, 1(20KB) LOS objects, 23% free, 52MB/68MB, paused 482us total 20.674ms
08-06 03:00:45.908  6718  7849 I art     : Starting a blocking GC Explicit
08-06 03:00:45.926  6718  7849 I art     : Explicit concurrent mark sweep GC freed 232(14KB) AllocSpace objects, 0(0B) LOS objects, 23% free, 52MB/68MB, paused 453us total 18.207ms
08-06 03:00:45.936  6718  7849 I art     : Starting a blocking GC Explicit
08-06 03:00:45.945 13866 13866 I GoogleInputMethodServic: GoogleInputMethodService.onFinishInput():3138 
08-06 03:00:45.945   918   936 I ActivityManager: Displayed baseline.appteam.nith.hillffair/.activities.ClubActivity: +95ms
08-06 03:00:45.947 13866 13866 I GoogleInputMethodServic: GoogleInputMethodService.onStartInput():1808 
08-06 03:00:45.955  6718  7849 I art     : Explicit concurrent mark sweep GC freed 178(6KB) AllocSpace objects, 0(0B) LOS objects, 23% free, 52MB/68MB, paused 596us total 19.697ms
08-06 03:00:45.966  6718  7849 I art     : Starting a blocking GC Explicit
08-06 03:00:45.987  6718  7849 I art     : Explicit concurrent mark sweep GC freed 89(5KB) AllocSpace objects, 0(0B) LOS objects, 23% free, 52MB/68MB, paused 540us total 19.916ms
08-06 03:00:45.995  6718  7849 I art     : Starting a blocking GC Explicit
08-06 03:00:46.013  6718  7849 I art     : Explicit concurrent mark sweep GC freed 9(464B) AllocSpace objects, 0(0B) LOS objects, 23% free, 52MB/68MB, paused 440us total 18.412ms
08-06 03:00:46.189   380   380 W SurfaceFlinger: couldn't log to binary event log: overflow.
08-06 03:00:46.267  6718  7194 I art     : Starting a blocking GC Explicit
08-06 03:00:46.287  6718  7194 I art     : Explicit concurrent mark sweep GC freed 1341(78KB) AllocSpace objects, 1(20KB) LOS objects, 23% free, 52MB/68MB, paused 484us total 19.589ms
08-06 03:00:46.294  6718  7194 I art     : Starting a blocking GC Explicit
08-06 03:00:46.313  6718  7194 I art     : Explicit concurrent mark sweep GC freed 20(704B) AllocSpace objects, 0(0B) LOS objects, 23% free, 52MB/68MB, paused 434us total 18.402ms
08-06 03:00:46.321  6718  7194 I art     : Starting a blocking GC Explicit
08-06 03:00:46.341  6718  7194 I art     : Explicit concurrent mark sweep GC freed 101(5KB) AllocSpace objects, 0(0B) LOS objects, 23% free, 52MB/68MB, paused 551us total 19.730ms
08-06 03:00:46.350  6718  7194 I art     : Starting a blocking GC Explicit
08-06 03:00:46.370  6718  7194 I art     : Explicit concurrent mark sweep GC freed 411(19KB) AllocSpace objects, 0(0B) LOS objects, 23% free, 52MB/68MB, paused 508us total 19.367ms
08-06 03:00:46.377  6718  7194 I art     : Starting a blocking GC Explicit
08-06 03:00:46.397  6718  7194 I art     : Explicit concurrent mark sweep GC freed 1968(105KB) AllocSpace objects, 2(120KB) LOS objects, 23% free, 52MB/68MB, paused 660us total 19.788ms
08-06 03:00:46.402  6718  8396 D OkHttp  : --> GET https://api-hillfair-2k16.herokuapp.com/api/app/events/special/event?id=5806551bdcba0f490c70fd1f http/1.1
08-06 03:00:46.435  6718  8396 D OkHttp  : <-- 200 OK https://api-hillfair-2k16.herokuapp.com/api/app/events/special/event?id=5806551bdcba0f490c70fd1f (32ms, 795-byte body)
08-06 03:00:46.491  6718  6718 I NAPPA_EXPERIMENTATION: MetricNetworkRequestExecutionTime: REQUEST_DURATION_SYSTEM='617',REQUEST_DURATION_OKHTTP='33',REQUEST_SYNCHRONOUS='FALSE',RESPONSE_CODE='200',RESPONSE_METHOD='GET',RESPONSE_LENGTH_OKHTTP='795',RESPONSE_LENGTH_HEADER='795',REQUEST_PROTOCOL='http/1.1',REQUEST_URL='https://api-hillfair-2k16.herokuapp.com/api/app/events/special/event?id=5806551bdcba0f490c70fd1f',
08-06 03:00:46.690  6718  6730 I art     : Starting a blocking GC Explicit
08-06 03:00:46.713  6718  6730 I art     : Explicit concurrent mark sweep GC freed 3305(298KB) AllocSpace objects, 2(100KB) LOS objects, 23% free, 52MB/68MB, paused 485us total 22.654ms
08-06 03:00:46.721  6718  6730 I art     : Starting a blocking GC Explicit
08-06 03:00:46.741  6718  6730 I art     : Explicit concurrent mark sweep GC freed 120(6KB) AllocSpace objects, 0(0B) LOS objects, 23% free, 52MB/68MB, paused 410us total 19.814ms
08-06 03:00:46.750  6718  6730 I art     : Starting a blocking GC Explicit
08-06 03:00:46.771  6718  6730 I art     : Explicit concurrent mark sweep GC freed 3(96B) AllocSpace objects, 0(0B) LOS objects, 23% free, 52MB/68MB, paused 454us total 20.289ms
08-06 03:00:46.780  6718  6730 I art     : Starting a blocking GC Explicit
08-06 03:00:46.801  6718  6730 I art     : Explicit concurrent mark sweep GC freed 3(96B) AllocSpace objects, 0(0B) LOS objects, 23% free, 52MB/68MB, paused 438us total 20.649ms
08-06 03:00:46.809  6718  6730 I art     : Starting a blocking GC Explicit
08-06 03:00:46.830  6718  6730 I art     : Explicit concurrent mark sweep GC freed 3(96B) AllocSpace objects, 0(0B) LOS objects, 23% free, 52MB/68MB, paused 447us total 20.444ms
08-06 03:00:47.107  6718  7849 I art     : Starting a blocking GC Explicit
08-06 03:00:47.130  6718  7849 I art     : Explicit concurrent mark sweep GC freed 1341(78KB) AllocSpace objects, 1(20KB) LOS objects, 23% free, 52MB/68MB, paused 463us total 22.365ms
08-06 03:00:47.139  6718  7849 I art     : Starting a blocking GC Explicit
08-06 03:00:47.160  6718  7849 I art     : Explicit concurrent mark sweep GC freed 36(1264B) AllocSpace objects, 0(0B) LOS objects, 23% free, 52MB/68MB, paused 460us total 21.495ms
08-06 03:00:47.169  6718  7849 I art     : Starting a blocking GC Explicit
08-06 03:00:47.191  6718  7849 I art     : Explicit concurrent mark sweep GC freed 3(96B) AllocSpace objects, 0(0B) LOS objects, 23% free, 52MB/68MB, paused 457us total 21.338ms
08-06 03:00:47.200  6718  7849 I art     : Starting a blocking GC Explicit
08-06 03:00:47.221  6718  7849 I art     : Explicit concurrent mark sweep GC freed 3(96B) AllocSpace objects, 0(0B) LOS objects, 23% free, 52MB/68MB, paused 451us total 20.982ms
08-06 03:00:47.230  6718  7849 I art     : Starting a blocking GC Explicit
08-06 03:00:47.251  6718  7849 I art     : Explicit concurrent mark sweep GC freed 3(96B) AllocSpace objects, 0(0B) LOS objects, 23% free, 52MB/68MB, paused 447us total 20.956ms
08-06 03:00:47.466   918  3188 I hubconnection: sensorhub said: 'set_bias 3: -5.7600, 0.0000, 0.0000'
08-06 03:00:47.540  6718  7194 I art     : Starting a blocking GC Explicit
08-06 03:00:47.567  6718  7194 I art     : Explicit concurrent mark sweep GC freed 1341(78KB) AllocSpace objects, 1(20KB) LOS objects, 23% free, 52MB/68MB, paused 488us total 26.448ms
08-06 03:00:47.579  6718  7194 I art     : Starting a blocking GC Explicit
08-06 03:00:47.605  6718  7194 I art     : Explicit concurrent mark sweep GC freed 20(704B) AllocSpace objects, 0(0B) LOS objects, 23% free, 52MB/68MB, paused 471us total 25.505ms
08-06 03:00:47.619  6718  7194 I art     : Starting a blocking GC Explicit
08-06 03:00:47.641  6718  7194 I art     : Explicit concurrent mark sweep GC freed 3(96B) AllocSpace objects, 0(0B) LOS objects, 23% free, 52MB/68MB, paused 483us total 21.731ms
08-06 03:00:47.642   518   646 I ThermalEngine: ACTION: GPU - Setting GPU[0] to 450000000
08-06 03:00:47.653  6718  7194 I art     : Starting a blocking GC Explicit
08-06 03:00:47.682  6718  7194 I art     : Explicit concurrent mark sweep GC freed 3(96B) AllocSpace objects, 0(0B) LOS objects, 23% free, 52MB/68MB, paused 624us total 28.346ms
08-06 03:00:47.693  6718  7194 I art     : Starting a blocking GC Explicit
08-06 03:00:47.721  6718  7194 I art     : Explicit concurrent mark sweep GC freed 3(96B) AllocSpace objects, 0(0B) LOS objects, 23% free, 52MB/68MB, paused 621us total 28.146ms
08-06 03:00:48.057  6718  6730 I art     : Starting a blocking GC Explicit
08-06 03:00:48.095  6718  6730 I art     : Explicit concurrent mark sweep GC freed 1341(78KB) AllocSpace objects, 1(20KB) LOS objects, 23% free, 52MB/68MB, paused 684us total 36.945ms
08-06 03:00:48.110  6718  6730 I art     : Starting a blocking GC Explicit
08-06 03:00:48.139  6718  6730 I art     : Explicit concurrent mark sweep GC freed 20(704B) AllocSpace objects, 0(0B) LOS objects, 23% free, 52MB/68MB, paused 608us total 28.272ms
08-06 03:00:48.150  6718  6730 I art     : Starting a blocking GC Explicit
08-06 03:00:48.179  6718  6730 I art     : Explicit concurrent mark sweep GC freed 3(96B) AllocSpace objects, 0(0B) LOS objects, 23% free, 52MB/68MB, paused 608us total 28.677ms
08-06 03:00:48.191  6718  6730 I art     : Starting a blocking GC Explicit
08-06 03:00:48.219  6718  6730 I art     : Explicit concurrent mark sweep GC freed 3(96B) AllocSpace objects, 0(0B) LOS objects, 23% free, 52MB/68MB, paused 575us total 27.668ms
08-06 03:00:48.230  6718  6730 I art     : Starting a blocking GC Explicit
08-06 03:00:48.258  6718  6730 I art     : Explicit concurrent mark sweep GC freed 3(96B) AllocSpace objects, 0(0B) LOS objects, 23% free, 52MB/68MB, paused 623us total 28.022ms
08-06 03:00:48.598  6718  6747 I art     : Starting a blocking GC Explicit
08-06 03:00:48.630  6718  6747 I art     : Explicit concurrent mark sweep GC freed 1341(78KB) AllocSpace objects, 1(20KB) LOS objects, 23% free, 52MB/68MB, paused 568us total 31.072ms
08-06 03:00:48.640  6718  6747 I art     : Starting a blocking GC Explicit
08-06 03:00:48.645   518   646 I ThermalEngine: ACTION: GPU - Setting GPU[0] to 510000000
08-06 03:00:48.665  6718  6747 I art     : Explicit concurrent mark sweep GC freed 20(704B) AllocSpace objects, 0(0B) LOS objects, 23% free, 52MB/68MB, paused 579us total 24.872ms
08-06 03:00:48.676  6718  6747 I art     : Starting a blocking GC Explicit
08-06 03:00:48.699  6718  6747 I art     : Explicit concurrent mark sweep GC freed 3(96B) AllocSpace objects, 0(0B) LOS objects, 23% free, 52MB/68MB, paused 462us total 22.720ms
08-06 03:00:48.708  6718  6747 I art     : Starting a blocking GC Explicit
08-06 03:00:48.729  6718  6747 I art     : Explicit concurrent mark sweep GC freed 3(96B) AllocSpace objects, 0(0B) LOS objects, 23% free, 52MB/68MB, paused 451us total 20.601ms
08-06 03:00:48.737  6718  6747 I art     : Starting a blocking GC Explicit
08-06 03:00:48.759  6718  6747 I art     : Explicit concurrent mark sweep GC freed 3(96B) AllocSpace objects, 0(0B) LOS objects, 23% free, 52MB/68MB, paused 441us total 21.170ms
08-06 03:00:49.068  6718  6731 I art     : Starting a blocking GC Explicit
08-06 03:00:49.092  6718  6731 I art     : Explicit concurrent mark sweep GC freed 1341(78KB) AllocSpace objects, 1(20KB) LOS objects, 23% free, 52MB/68MB, paused 495us total 23.052ms
08-06 03:00:49.104  6718  6731 I art     : Starting a blocking GC Explicit
08-06 03:00:49.127  6718  6731 I art     : Explicit concurrent mark sweep GC freed 20(704B) AllocSpace objects, 0(0B) LOS objects, 23% free, 52MB/68MB, paused 460us total 22.613ms
08-06 03:00:49.135  6718  6731 I art     : Starting a blocking GC Explicit
08-06 03:00:49.157  6718  6731 I art     : Explicit concurrent mark sweep GC freed 3(96B) AllocSpace objects, 0(0B) LOS objects, 23% free, 52MB/68MB, paused 594us total 21.534ms
08-06 03:00:49.166  6718  6731 I art     : Starting a blocking GC Explicit
08-06 03:00:49.187  6718  6731 I art     : Explicit concurrent mark sweep GC freed 3(96B) AllocSpace objects, 0(0B) LOS objects, 23% free, 52MB/68MB, paused 532us total 20.746ms
08-06 03:00:49.196  6718  6731 I art     : Starting a blocking GC Explicit
08-06 03:00:49.217  6718  6731 I art     : Explicit concurrent mark sweep GC freed 3(96B) AllocSpace objects, 0(0B) LOS objects, 23% free, 52MB/68MB, paused 489us total 20.612ms
08-06 03:00:49.540  6718  7849 I art     : Starting a blocking GC Explicit
08-06 03:00:49.571  6718  7849 I art     : Explicit concurrent mark sweep GC freed 1341(78KB) AllocSpace objects, 1(20KB) LOS objects, 23% free, 52MB/68MB, paused 515us total 30.263ms
08-06 03:00:49.582  6718  7849 I art     : Starting a blocking GC Explicit
08-06 03:00:49.604  6718  7849 I art     : Explicit concurrent mark sweep GC freed 20(704B) AllocSpace objects, 0(0B) LOS objects, 23% free, 52MB/68MB, paused 457us total 21.567ms
08-06 03:00:49.612  6718  7849 I art     : Starting a blocking GC Explicit
08-06 03:00:49.633  6718  7849 I art     : Explicit concurrent mark sweep GC freed 3(96B) AllocSpace objects, 0(0B) LOS objects, 23% free, 52MB/68MB, paused 450us total 20.812ms
08-06 03:00:49.642  6718  7849 I art     : Starting a blocking GC Explicit
08-06 03:00:49.663  6718  7849 I art     : Explicit concurrent mark sweep GC freed 3(96B) AllocSpace objects, 0(0B) LOS objects, 23% free, 52MB/68MB, paused 425us total 21.240ms
08-06 03:00:49.672  6718  7849 I art     : Starting a blocking GC Explicit
08-06 03:00:49.694  6718  7849 I art     : Explicit concurrent mark sweep GC freed 3(96B) AllocSpace objects, 0(0B) LOS objects, 23% free, 52MB/68MB, paused 455us total 21.244ms
08-06 03:00:50.021  6718  7194 I art     : Starting a blocking GC Explicit
08-06 03:00:50.048  6718  7194 I art     : Explicit concurrent mark sweep GC freed 1341(78KB) AllocSpace objects, 1(20KB) LOS objects, 23% free, 52MB/68MB, paused 641us total 26.172ms
08-06 03:00:50.060  6718  7194 I art     : Starting a blocking GC Explicit
08-06 03:00:50.081  6718  7194 I art     : Explicit concurrent mark sweep GC freed 20(704B) AllocSpace objects, 0(0B) LOS objects, 23% free, 52MB/68MB, paused 439us total 21.152ms
08-06 03:00:50.090  6718  7194 I art     : Starting a blocking GC Explicit
08-06 03:00:50.111  6718  7194 I art     : Explicit concurrent mark sweep GC freed 3(96B) AllocSpace objects, 0(0B) LOS objects, 23% free, 52MB/68MB, paused 420us total 20.388ms
08-06 03:00:50.119  6718  7194 I art     : Starting a blocking GC Explicit
08-06 03:00:50.139  6718  7194 I art     : Explicit concurrent mark sweep GC freed 3(96B) AllocSpace objects, 0(0B) LOS objects, 23% free, 52MB/68MB, paused 442us total 19.833ms
08-06 03:00:50.147  6718  7194 I art     : Starting a blocking GC Explicit
08-06 03:00:50.167  6718  7194 I art     : Explicit concurrent mark sweep GC freed 3(96B) AllocSpace objects, 0(0B) LOS objects, 23% free, 52MB/68MB, paused 466us total 19.800ms
08-06 03:00:50.462  6718  6730 I art     : Starting a blocking GC Explicit
08-06 03:00:50.488  6718  6730 I art     : Explicit concurrent mark sweep GC freed 1341(78KB) AllocSpace objects, 1(20KB) LOS objects, 23% free, 52MB/68MB, paused 668us total 26.131ms
08-06 03:00:50.499  6718  6730 I art     : Starting a blocking GC Explicit
08-06 03:00:50.502  8488  8488 D AndroidRuntime: >>>>>> START com.android.internal.os.RuntimeInit uid 2000 <<<<<<
08-06 03:00:50.507  8488  8488 D AndroidRuntime: CheckJNI is OFF
08-06 03:00:50.519  6718  6730 I art     : Explicit concurrent mark sweep GC freed 20(704B) AllocSpace objects, 0(0B) LOS objects, 23% free, 52MB/68MB, paused 427us total 20.321ms
08-06 03:00:50.527  6718  6730 I art     : Starting a blocking GC Explicit
08-06 03:00:50.536  6516  6516 I ServiceManager: Waiting for service AtCmdFwd...
08-06 03:00:50.541  8488  8488 D ICU     : No timezone override file found: /data/misc/zoneinfo/current/icu/icu_tzdata.dat
08-06 03:00:50.546  6718  6730 I art     : Explicit concurrent mark sweep GC freed 3(96B) AllocSpace objects, 0(0B) LOS objects, 23% free, 52MB/68MB, paused 440us total 18.367ms
08-06 03:00:50.553  6718  6730 I art     : Starting a blocking GC Explicit
08-06 03:00:50.574  6718  6730 I art     : Explicit concurrent mark sweep GC freed 3(96B) AllocSpace objects, 0(0B) LOS objects, 23% free, 52MB/68MB, paused 475us total 20.301ms
08-06 03:00:50.574  8488  8488 I Radio-JNI: register_android_hardware_Radio DONE
08-06 03:00:50.582  6718  6730 I art     : Starting a blocking GC Explicit
08-06 03:00:50.597  8488  8488 D AndroidRuntime: Calling main entry com.android.commands.input.Input
08-06 03:00:50.599  8488  8488 I Input   : injectKeyEvent: KeyEvent { action=ACTION_DOWN, keyCode=KEYCODE_BACK, scanCode=0, metaState=0, flags=0x0, repeatCount=0, eventTime=846067012, downTime=846067012, deviceId=-1, source=0x101 }
08-06 03:00:50.602  6718  6730 I art     : Explicit concurrent mark sweep GC freed 3(96B) AllocSpace objects, 0(0B) LOS objects, 23% free, 52MB/68MB, paused 415us total 19.850ms
08-06 03:00:50.605  8488  8488 I Input   : injectKeyEvent: KeyEvent { action=ACTION_UP, keyCode=KEYCODE_BACK, scanCode=0, metaState=0, flags=0x0, repeatCount=0, eventTime=846067012, downTime=846067012, deviceId=-1, source=0x101 }
08-06 03:00:50.612  8488  8488 D AndroidRuntime: Shutting down VM
08-06 03:00:50.652 13866 13866 I GoogleInputMethodServic: GoogleInputMethodService.onFinishInput():3138 
08-06 03:00:50.653 13866 13866 I GoogleInputMethodServic: GoogleInputMethodService.onStartInput():1808 
08-06 03:00:50.844  6718  6747 I art     : Starting a blocking GC Explicit
08-06 03:00:50.864  6718  6747 I art     : Explicit concurrent mark sweep GC freed 1510(85KB) AllocSpace objects, 1(20KB) LOS objects, 23% free, 52MB/68MB, paused 417us total 20.013ms
08-06 03:00:50.873  6718  6747 I art     : Starting a blocking GC Explicit
08-06 03:00:50.893  6718  6747 I art     : Explicit concurrent mark sweep GC freed 26(944B) AllocSpace objects, 0(0B) LOS objects, 23% free, 52MB/68MB, paused 419us total 20.101ms
08-06 03:00:50.905  6718  6747 I art     : Starting a blocking GC Explicit
08-06 03:00:50.929  6718  6747 I art     : Explicit concurrent mark sweep GC freed 3(96B) AllocSpace objects, 0(0B) LOS objects, 23% free, 52MB/68MB, paused 415us total 23.983ms
08-06 03:00:50.942  6718  6747 I art     : Starting a blocking GC Explicit
08-06 03:00:50.960   380   380 W SurfaceFlinger: couldn't log to binary event log: overflow.
08-06 03:00:50.963  6718  6747 I art     : Explicit concurrent mark sweep GC freed 89(7KB) AllocSpace objects, 0(0B) LOS objects, 23% free, 52MB/68MB, paused 519us total 20.591ms
08-06 03:00:50.972  6718  6747 I art     : Starting a blocking GC Explicit
08-06 03:00:50.992  6718  6747 I art     : Explicit concurrent mark sweep GC freed 26(1232B) AllocSpace objects, 0(0B) LOS objects, 23% free, 52MB/68MB, paused 427us total 19.421ms
08-06 03:00:51.274  6718  6731 I art     : Starting a blocking GC Explicit
08-06 03:00:51.299  6718  6731 I art     : Explicit concurrent mark sweep GC freed 2993(185KB) AllocSpace objects, 4(420KB) LOS objects, 23% free, 52MB/68MB, paused 517us total 24.061ms
08-06 03:00:51.310  6718  6731 I art     : Starting a blocking GC Explicit
08-06 03:00:51.331  6718  6731 I art     : Explicit concurrent mark sweep GC freed 20(704B) AllocSpace objects, 0(0B) LOS objects, 23% free, 52MB/68MB, paused 462us total 20.623ms
08-06 03:00:51.340  6718  6731 I art     : Starting a blocking GC Explicit
08-06 03:00:51.361  6718  6731 I art     : Explicit concurrent mark sweep GC freed 3(96B) AllocSpace objects, 0(0B) LOS objects, 23% free, 52MB/68MB, paused 436us total 20.857ms
08-06 03:00:51.370  6718  6731 I art     : Starting a blocking GC Explicit
08-06 03:00:51.391  6718  6731 I art     : Explicit concurrent mark sweep GC freed 3(96B) AllocSpace objects, 0(0B) LOS objects, 23% free, 52MB/68MB, paused 449us total 20.818ms
08-06 03:00:51.400  6718  6731 I art     : Starting a blocking GC Explicit
08-06 03:00:51.420  6718  6731 I art     : Explicit concurrent mark sweep GC freed 3(96B) AllocSpace objects, 0(0B) LOS objects, 23% free, 52MB/68MB, paused 437us total 19.657ms
08-06 03:00:51.537  6516  6516 I ServiceManager: Waiting for service AtCmdFwd...
08-06 03:00:51.714  6718  7849 I art     : Starting a blocking GC Explicit
08-06 03:00:51.742  6718  7849 I art     : Explicit concurrent mark sweep GC freed 1340(78KB) AllocSpace objects, 1(20KB) LOS objects, 23% free, 52MB/68MB, paused 481us total 27.687ms
08-06 03:00:51.754  6718  7849 I art     : Starting a blocking GC Explicit
08-06 03:00:51.775  6718  7849 I art     : Explicit concurrent mark sweep GC freed 20(704B) AllocSpace objects, 0(0B) LOS objects, 23% free, 52MB/68MB, paused 440us total 20.921ms
08-06 03:00:51.784  6718  7849 I art     : Starting a blocking GC Explicit
08-06 03:00:51.805  6718  7849 I art     : Explicit concurrent mark sweep GC freed 3(96B) AllocSpace objects, 0(0B) LOS objects, 23% free, 52MB/68MB, paused 445us total 20.766ms
08-06 03:00:51.814  6718  7849 I art     : Starting a blocking GC Explicit
08-06 03:00:51.835  6718  7849 I art     : Explicit concurrent mark sweep GC freed 3(96B) AllocSpace objects, 0(0B) LOS objects, 23% free, 52MB/68MB, paused 444us total 20.702ms
08-06 03:00:51.843  6718  7849 I art     : Starting a blocking GC Explicit
08-06 03:00:51.863  6718  7849 I art     : Explicit concurrent mark sweep GC freed 3(96B) AllocSpace objects, 0(0B) LOS objects, 23% free, 52MB/68MB, paused 429us total 19.341ms
08-06 03:00:52.135  6718  7194 I art     : Starting a blocking GC Explicit
08-06 03:00:52.156  6718  7194 I art     : Explicit concurrent mark sweep GC freed 1340(78KB) AllocSpace objects, 1(20KB) LOS objects, 23% free, 52MB/68MB, paused 458us total 20.997ms
08-06 03:00:52.165  6718  7194 I art     : Starting a blocking GC Explicit
08-06 03:00:52.185  6718  7194 I art     : Explicit concurrent mark sweep GC freed 20(704B) AllocSpace objects, 0(0B) LOS objects, 23% free, 52MB/68MB, paused 450us total 20.214ms
08-06 03:00:52.194  6718  7194 I art     : Starting a blocking GC Explicit
08-06 03:00:52.213  6718  7194 I art     : Explicit concurrent mark sweep GC freed 3(96B) AllocSpace objects, 0(0B) LOS objects, 23% free, 52MB/68MB, paused 455us total 19.545ms
08-06 03:00:52.222  6718  7194 I art     : Starting a blocking GC Explicit
08-06 03:00:52.242  6718  7194 I art     : Explicit concurrent mark sweep GC freed 3(96B) AllocSpace objects, 0(0B) LOS objects, 23% free, 52MB/68MB, paused 449us total 19.661ms
08-06 03:00:52.250  6718  7194 I art     : Starting a blocking GC Explicit
08-06 03:00:52.260  8541  8541 D AndroidRuntime: >>>>>> START com.android.internal.os.RuntimeInit uid 2000 <<<<<<
08-06 03:00:52.265  8541  8541 D AndroidRuntime: CheckJNI is OFF
08-06 03:00:52.270  6718  7194 I art     : Explicit concurrent mark sweep GC freed 3(96B) AllocSpace objects, 0(0B) LOS objects, 23% free, 52MB/68MB, paused 485us total 19.587ms
08-06 03:00:52.299  8541  8541 D ICU     : No timezone override file found: /data/misc/zoneinfo/current/icu/icu_tzdata.dat
08-06 03:00:52.332  8541  8541 I Radio-JNI: register_android_hardware_Radio DONE
08-06 03:00:52.354  8541  8541 D AndroidRuntime: Calling main entry com.android.commands.input.Input
08-06 03:00:52.356  8541  8541 I Input   : injectKeyEvent: KeyEvent { action=ACTION_DOWN, keyCode=KEYCODE_BACK, scanCode=0, metaState=0, flags=0x0, repeatCount=0, eventTime=846068769, downTime=846068769, deviceId=-1, source=0x101 }
08-06 03:00:52.362  8541  8541 I Input   : injectKeyEvent: KeyEvent { action=ACTION_UP, keyCode=KEYCODE_BACK, scanCode=0, metaState=0, flags=0x0, repeatCount=0, eventTime=846068769, downTime=846068769, deviceId=-1, source=0x101 }
08-06 03:00:52.367  8541  8541 D AndroidRuntime: Shutting down VM
08-06 03:00:52.413 13866 13866 I GoogleInputMethodServic: GoogleInputMethodService.onFinishInput():3138 
08-06 03:00:52.414 13866 13866 I GoogleInputMethodServic: GoogleInputMethodService.onStartInput():1808 
08-06 03:00:52.512  6718  7849 I art     : Starting a blocking GC Explicit
08-06 03:00:52.531  6718  7849 I art     : Explicit concurrent mark sweep GC freed 1550(87KB) AllocSpace objects, 1(20KB) LOS objects, 23% free, 52MB/68MB, paused 438us total 19.228ms
08-06 03:00:52.537  6516  6516 I ServiceManager: Waiting for service AtCmdFwd...
08-06 03:00:52.540  6718  7849 I art     : Starting a blocking GC Explicit
08-06 03:00:52.560  6718  7849 I art     : Explicit concurrent mark sweep GC freed 24(864B) AllocSpace objects, 0(0B) LOS objects, 23% free, 52MB/68MB, paused 436us total 19.306ms
08-06 03:00:52.571  6718  7849 I art     : Starting a blocking GC Explicit
08-06 03:00:52.590  6718  7849 I art     : Explicit concurrent mark sweep GC freed 3(96B) AllocSpace objects, 0(0B) LOS objects, 23% free, 52MB/68MB, paused 434us total 19.301ms
08-06 03:00:52.598  6718  7849 I art     : Starting a blocking GC Explicit
08-06 03:00:52.618  6718  7849 I art     : Explicit concurrent mark sweep GC freed 3(96B) AllocSpace objects, 0(0B) LOS objects, 23% free, 52MB/68MB, paused 430us total 19.813ms
08-06 03:00:52.626  6718  7849 I art     : Starting a blocking GC Explicit
08-06 03:00:52.645  6718  7849 I art     : Explicit concurrent mark sweep GC freed 3(96B) AllocSpace objects, 0(0B) LOS objects, 23% free, 52MB/68MB, paused 395us total 19.322ms
08-06 03:00:52.897  6718  7849 I art     : Starting a blocking GC Explicit
08-06 03:00:52.920  6718  7849 I art     : Explicit concurrent mark sweep GC freed 1980(109KB) AllocSpace objects, 1(20KB) LOS objects, 23% free, 52MB/68MB, paused 485us total 22.397ms
08-06 03:00:52.932  6718  7849 I art     : Starting a blocking GC Explicit
08-06 03:00:52.952  6718  7849 I art     : Explicit concurrent mark sweep GC freed 2106(128KB) AllocSpace objects, 2(140KB) LOS objects, 23% free, 52MB/68MB, paused 436us total 19.549ms
08-06 03:00:52.960  6718  7849 I art     : Starting a blocking GC Explicit
08-06 03:00:52.979  6718  7849 I art     : Explicit concurrent mark sweep GC freed 3(96B) AllocSpace objects, 0(0B) LOS objects, 23% free, 52MB/68MB, paused 451us total 18.942ms
08-06 03:00:52.988  6718  7849 I art     : Starting a blocking GC Explicit
08-06 03:00:53.008  6718  7849 I art     : Explicit concurrent mark sweep GC freed 3(96B) AllocSpace objects, 0(0B) LOS objects, 23% free, 52MB/68MB, paused 468us total 19.725ms
08-06 03:00:53.016  6718  7849 I art     : Starting a blocking GC Explicit
08-06 03:00:53.036  6718  7849 I art     : Explicit concurrent mark sweep GC freed 3(96B) AllocSpace objects, 0(0B) LOS objects, 23% free, 52MB/68MB, paused 513us total 19.872ms
08-06 03:00:53.299  6718  6730 I art     : Starting a blocking GC Explicit
08-06 03:00:53.320  6718  6730 I art     : Explicit concurrent mark sweep GC freed 1340(78KB) AllocSpace objects, 1(20KB) LOS objects, 23% free, 52MB/68MB, paused 488us total 20.898ms
08-06 03:00:53.332  6718  6730 I art     : Starting a blocking GC Explicit
08-06 03:00:53.352  6718  6730 I art     : Explicit concurrent mark sweep GC freed 20(704B) AllocSpace objects, 0(0B) LOS objects, 23% free, 52MB/68MB, paused 452us total 20.365ms
08-06 03:00:53.361  6718  6730 I art     : Starting a blocking GC Explicit
08-06 03:00:53.379  6718  6730 I art     : Explicit concurrent mark sweep GC freed 3(96B) AllocSpace objects, 0(0B) LOS objects, 23% free, 52MB/68MB, paused 457us total 18.539ms
08-06 03:00:53.388  6718  6730 I art     : Starting a blocking GC Explicit
08-06 03:00:53.407  6718  6730 I art     : Explicit concurrent mark sweep GC freed 3(96B) AllocSpace objects, 0(0B) LOS objects, 23% free, 52MB/68MB, paused 579us total 19.265ms
08-06 03:00:53.416  6718  6730 I art     : Starting a blocking GC Explicit
08-06 03:00:53.435  6718  6730 I art     : Explicit concurrent mark sweep GC freed 3(96B) AllocSpace objects, 0(0B) LOS objects, 23% free, 52MB/68MB, paused 448us total 19.258ms
08-06 03:00:53.466   918  1210 D NetlinkSocketObserver: NeighborEvent{elapsedMs=1829457341, 192.168.2.254, [7C3953A63323], RTM_NEWNEIGH, NUD_STALE}
08-06 03:00:53.538  6516  6516 I ServiceManager: Waiting for service AtCmdFwd...
08-06 03:00:53.655   518   646 I ThermalEngine: ACTION: GPU - Setting GPU[0] to 450000000
08-06 03:00:53.738  6718  7194 I art     : Starting a blocking GC Explicit
08-06 03:00:53.763  6718  7194 I art     : Explicit concurrent mark sweep GC freed 1338(78KB) AllocSpace objects, 1(20KB) LOS objects, 23% free, 52MB/68MB, paused 609us total 24.535ms
08-06 03:00:53.773  6718  7194 I art     : Starting a blocking GC Explicit
08-06 03:00:53.798  6718  7194 I art     : Explicit concurrent mark sweep GC freed 20(704B) AllocSpace objects, 0(0B) LOS objects, 23% free, 52MB/68MB, paused 614us total 24.563ms
08-06 03:00:53.809  6718  7194 I art     : Starting a blocking GC Explicit
08-06 03:00:53.832  6718  7194 I art     : Explicit concurrent mark sweep GC freed 3(96B) AllocSpace objects, 0(0B) LOS objects, 23% free, 52MB/68MB, paused 607us total 23.325ms
08-06 03:00:53.843  6718  7194 I art     : Starting a blocking GC Explicit
08-06 03:00:53.867  6718  7194 I art     : Explicit concurrent mark sweep GC freed 3(96B) AllocSpace objects, 0(0B) LOS objects, 23% free, 52MB/68MB, paused 635us total 23.499ms
08-06 03:00:53.877  6718  7194 I art     : Starting a blocking GC Explicit
08-06 03:00:53.901  6718  7194 I art     : Explicit concurrent mark sweep GC freed 3(96B) AllocSpace objects, 0(0B) LOS objects, 23% free, 52MB/68MB, paused 621us total 23.913ms
08-06 03:00:54.141  8597  8597 D AndroidRuntime: >>>>>> START com.android.internal.os.RuntimeInit uid 2000 <<<<<<
08-06 03:00:54.147  8597  8597 D AndroidRuntime: CheckJNI is OFF
08-06 03:00:54.190  8597  8597 D ICU     : No timezone override file found: /data/misc/zoneinfo/current/icu/icu_tzdata.dat
08-06 03:00:54.215  6718  6747 I art     : Starting a blocking GC Explicit
08-06 03:00:54.233  8597  8597 I Radio-JNI: register_android_hardware_Radio DONE
08-06 03:00:54.239  6718  6747 I art     : Explicit concurrent mark sweep GC freed 1338(78KB) AllocSpace objects, 1(20KB) LOS objects, 23% free, 52MB/68MB, paused 613us total 24.268ms
08-06 03:00:54.250  6718  6747 I art     : Starting a blocking GC Explicit
08-06 03:00:54.264  8597  8597 D AndroidRuntime: Calling main entry com.android.commands.input.Input
08-06 03:00:54.266  8597  8597 I Input   : injectMotionEvent: MotionEvent { action=ACTION_DOWN, actionButton=0, id[0]=0, x[0]=1053.0, y[0]=1173.0, toolType[0]=TOOL_TYPE_UNKNOWN, buttonState=0, metaState=0, flags=0x0, edgeFlags=0x0, pointerCount=1, historySize=0, eventTime=846070678, downTime=846070678, deviceId=0, source=0x1002 }
08-06 03:00:54.272  8597  8597 I Input   : injectMotionEvent: MotionEvent { action=ACTION_UP, actionButton=0, id[0]=0, x[0]=1053.0, y[0]=1173.0, toolType[0]=TOOL_TYPE_UNKNOWN, buttonState=0, metaState=0, flags=0x0, edgeFlags=0x0, pointerCount=1, historySize=0, eventTime=846070678, downTime=846070678, deviceId=0, source=0x1002 }
08-06 03:00:54.275   918  3696 I ActivityManager: START u0 {cmp=baseline.appteam.nith.hillffair/.activities.QuizActivity} from uid 10697 on display 0
08-06 03:00:54.276  6718  6747 I art     : Explicit concurrent mark sweep GC freed 24(4KB) AllocSpace objects, 0(0B) LOS objects, 23% free, 52MB/68MB, paused 885us total 25.884ms
08-06 03:00:54.284  8597  8597 D AndroidRuntime: Shutting down VM
08-06 03:00:54.288  6718  6747 I art     : Starting a blocking GC Explicit
08-06 03:00:54.314  6718  6747 I art     : Explicit concurrent mark sweep GC freed 419(33KB) AllocSpace objects, 0(0B) LOS objects, 23% free, 52MB/68MB, paused 1.076ms total 25.238ms
08-06 03:00:54.325  6718  6747 I art     : Starting a blocking GC Explicit
08-06 03:00:54.351  6718  6747 I art     : Explicit concurrent mark sweep GC freed 372(27KB) AllocSpace objects, 0(0B) LOS objects, 23% free, 52MB/68MB, paused 628us total 25.601ms
08-06 03:00:54.361  6718  6747 I art     : Starting a blocking GC Explicit
08-06 03:00:54.386  6718  6747 I art     : Explicit concurrent mark sweep GC freed 171(6KB) AllocSpace objects, 0(0B) LOS objects, 23% free, 52MB/68MB, paused 735us total 24.003ms
08-06 03:00:54.433   918   936 I ActivityManager: Displayed baseline.appteam.nith.hillffair/.activities.QuizActivity: +149ms
08-06 03:00:54.434 13866 13866 I GoogleInputMethodServic: GoogleInputMethodService.onFinishInput():3138 
08-06 03:00:54.435 13866 13866 I GoogleInputMethodServic: GoogleInputMethodService.onStartInput():1808 
08-06 03:00:54.538  6516  6516 I ServiceManager: Waiting for service AtCmdFwd...
08-06 03:00:54.597   918  3261 D WifiStateMachine: starting scan for "H369AA63323"WPA_PSK with 2412,5180
08-06 03:00:54.671  6718  7194 I art     : Starting a blocking GC Explicit
08-06 03:00:54.681   380   380 W SurfaceFlinger: couldn't log to binary event log: overflow.
08-06 03:00:54.697  6718  7194 I art     : Explicit concurrent mark sweep GC freed 1408(81KB) AllocSpace objects, 1(20KB) LOS objects, 23% free, 52MB/68MB, paused 578us total 25.327ms
08-06 03:00:54.707  6718  7194 I art     : Starting a blocking GC Explicit
08-06 03:00:54.729  6718  7194 I art     : Explicit concurrent mark sweep GC freed 38(1280B) AllocSpace objects, 0(0B) LOS objects, 23% free, 52MB/68MB, paused 544us total 22.399ms
08-06 03:00:54.739  6718  7194 I art     : Starting a blocking GC Explicit
08-06 03:00:54.763  6718  7194 I art     : Explicit concurrent mark sweep GC freed 3(96B) AllocSpace objects, 0(0B) LOS objects, 23% free, 52MB/68MB, paused 570us total 22.925ms
08-06 03:00:54.773  6718  7194 I art     : Starting a blocking GC Explicit
08-06 03:00:54.797  6718  7194 I art     : Explicit concurrent mark sweep GC freed 3(96B) AllocSpace objects, 0(0B) LOS objects, 23% free, 52MB/68MB, paused 610us total 23.722ms
08-06 03:00:54.808  6718  7194 I art     : Starting a blocking GC Explicit
08-06 03:00:54.832  6718  7194 I art     : Explicit concurrent mark sweep GC freed 73(4KB) AllocSpace objects, 0(0B) LOS objects, 23% free, 52MB/68MB, paused 541us total 24.017ms
08-06 03:00:55.131  6718  6730 I art     : Starting a blocking GC Explicit
08-06 03:00:55.165  6718  6730 I art     : Explicit concurrent mark sweep GC freed 1340(78KB) AllocSpace objects, 1(20KB) LOS objects, 23% free, 52MB/68MB, paused 609us total 34.418ms
08-06 03:00:55.179  6718  6730 I art     : Starting a blocking GC Explicit
08-06 03:00:55.206  6718  6730 I art     : Explicit concurrent mark sweep GC freed 20(704B) AllocSpace objects, 0(0B) LOS objects, 23% free, 52MB/68MB, paused 574us total 26.338ms
08-06 03:00:55.217  6718  6730 I art     : Starting a blocking GC Explicit
08-06 03:00:55.243  6718  6730 I art     : Explicit concurrent mark sweep GC freed 3(96B) AllocSpace objects, 0(0B) LOS objects, 23% free, 52MB/68MB, paused 635us total 25.717ms
08-06 03:00:55.254  6718  6730 I art     : Starting a blocking GC Explicit
08-06 03:00:55.280  6718  6730 I art     : Explicit concurrent mark sweep GC freed 3(96B) AllocSpace objects, 0(0B) LOS objects, 23% free, 52MB/68MB, paused 580us total 25.578ms
08-06 03:00:55.291  6718  6730 I art     : Starting a blocking GC Explicit
08-06 03:00:55.316  6718  6730 I art     : Explicit concurrent mark sweep GC freed 3(96B) AllocSpace objects, 0(0B) LOS objects, 23% free, 52MB/68MB, paused 568us total 24.996ms
08-06 03:00:55.539  6516  6516 W Atfwd_Sendcmd: AtCmdFwd service not published, waiting... retryCnt : 4
08-06 03:00:55.622  6718  7849 I art     : Starting a blocking GC Explicit
08-06 03:00:55.652  6718  7849 I art     : Explicit concurrent mark sweep GC freed 1340(78KB) AllocSpace objects, 1(20KB) LOS objects, 23% free, 52MB/68MB, paused 555us total 30.118ms
08-06 03:00:55.663  6718  7849 I art     : Starting a blocking GC Explicit
08-06 03:00:55.689  6718  7849 I art     : Explicit concurrent mark sweep GC freed 20(704B) AllocSpace objects, 0(0B) LOS objects, 23% free, 52MB/68MB, paused 569us total 25.604ms
08-06 03:00:55.700  6718  7849 I art     : Starting a blocking GC Explicit
08-06 03:00:55.725  6718  7849 I art     : Explicit concurrent mark sweep GC freed 3(96B) AllocSpace objects, 0(0B) LOS objects, 23% free, 52MB/68MB, paused 574us total 25.408ms
08-06 03:00:55.737  6718  7849 I art     : Starting a blocking GC Explicit
08-06 03:00:55.762  6718  7849 I art     : Explicit concurrent mark sweep GC freed 3(96B) AllocSpace objects, 0(0B) LOS objects, 23% free, 52MB/68MB, paused 587us total 25.520ms
08-06 03:00:55.773  6718  7849 I art     : Starting a blocking GC Explicit
08-06 03:00:55.799  6718  7849 I art     : Explicit concurrent mark sweep GC freed 3(96B) AllocSpace objects, 0(0B) LOS objects, 23% free, 52MB/68MB, paused 628us total 25.895ms
08-06 03:00:56.110  6718  7849 I art     : Starting a blocking GC Explicit
08-06 03:00:56.137  6718  7849 I art     : Explicit concurrent mark sweep GC freed 1365(79KB) AllocSpace objects, 1(20KB) LOS objects, 23% free, 52MB/68MB, paused 547us total 26.433ms
08-06 03:00:56.149  6718  7849 I art     : Starting a blocking GC Explicit
08-06 03:00:56.174  6718  7849 I art     : Explicit concurrent mark sweep GC freed 25(864B) AllocSpace objects, 0(0B) LOS objects, 23% free, 52MB/68MB, paused 542us total 25.152ms
08-06 03:00:56.186  6718  7849 I art     : Starting a blocking GC Explicit
08-06 03:00:56.211  6718  7849 I art     : Explicit concurrent mark sweep GC freed 3(96B) AllocSpace objects, 0(0B) LOS objects, 23% free, 52MB/68MB, paused 569us total 25.487ms
08-06 03:00:56.222  6718  7849 I art     : Starting a blocking GC Explicit
08-06 03:00:56.248  6718  7849 I art     : Explicit concurrent mark sweep GC freed 3(96B) AllocSpace objects, 0(0B) LOS objects, 23% free, 52MB/68MB, paused 614us total 25.388ms
08-06 03:00:56.259  6718  7849 I art     : Starting a blocking GC Explicit
08-06 03:00:56.286  6718  7849 I art     : Explicit concurrent mark sweep GC freed 3(96B) AllocSpace objects, 0(0B) LOS objects, 23% free, 52MB/68MB, paused 577us total 27.017ms
08-06 03:00:56.601  6718  7194 I art     : Starting a blocking GC Explicit
08-06 03:00:56.625  6718  7194 I art     : Explicit concurrent mark sweep GC freed 1340(78KB) AllocSpace objects, 1(20KB) LOS objects, 23% free, 52MB/68MB, paused 574us total 23.611ms
08-06 03:00:56.636  6718  7194 I art     : Starting a blocking GC Explicit
08-06 03:00:56.661  6718  7194 I art     : Explicit concurrent mark sweep GC freed 35(1264B) AllocSpace objects, 0(0B) LOS objects, 23% free, 52MB/68MB, paused 581us total 25.335ms
08-06 03:00:56.672  6718  7194 I art     : Starting a blocking GC Explicit
08-06 03:00:56.697  6718  7194 I art     : Explicit concurrent mark sweep GC freed 3(96B) AllocSpace objects, 0(0B) LOS objects, 23% free, 52MB/68MB, paused 609us total 24.872ms
08-06 03:00:56.709  6718  7194 I art     : Starting a blocking GC Explicit
08-06 03:00:56.735  6718  7194 I art     : Explicit concurrent mark sweep GC freed 3(96B) AllocSpace objects, 0(0B) LOS objects, 23% free, 52MB/68MB, paused 591us total 26.477ms
08-06 03:00:56.746  6718  7194 I art     : Starting a blocking GC Explicit
08-06 03:00:56.773  6718  7194 I art     : Explicit concurrent mark sweep GC freed 3(96B) AllocSpace objects, 0(0B) LOS objects, 23% free, 52MB/68MB, paused 616us total 26.489ms
08-06 03:00:57.056  8677  8677 D AndroidRuntime: >>>>>> START com.android.internal.os.RuntimeInit uid 2000 <<<<<<
08-06 03:00:57.062  8677  8677 D AndroidRuntime: CheckJNI is OFF
08-06 03:00:57.106  8677  8677 D ICU     : No timezone override file found: /data/misc/zoneinfo/current/icu/icu_tzdata.dat
08-06 03:00:57.118  6718  6747 I art     : Starting a blocking GC Explicit
08-06 03:00:57.144  6718  6747 I art     : Explicit concurrent mark sweep GC freed 1340(78KB) AllocSpace objects, 1(20KB) LOS objects, 23% free, 52MB/68MB, paused 597us total 25.778ms
08-06 03:00:57.149  8677  8677 I Radio-JNI: register_android_hardware_Radio DONE
08-06 03:00:57.155  6718  6747 I art     : Starting a blocking GC Explicit
08-06 03:00:57.180  8677  8677 D AndroidRuntime: Calling main entry com.android.commands.input.Input
08-06 03:00:57.182  6718  6747 I art     : Explicit concurrent mark sweep GC freed 20(704B) AllocSpace objects, 0(0B) LOS objects, 23% free, 52MB/68MB, paused 657us total 26.465ms
08-06 03:00:57.182  8677  8677 I Input   : injectMotionEvent: MotionEvent { action=ACTION_DOWN, actionButton=0, id[0]=0, x[0]=756.0, y[0]=1530.0, toolType[0]=TOOL_TYPE_UNKNOWN, buttonState=0, metaState=0, flags=0x0, edgeFlags=0x0, pointerCount=1, historySize=0, eventTime=846073594, downTime=846073594, deviceId=0, source=0x1002 }
08-06 03:00:57.190  8677  8677 I Input   : injectMotionEvent: MotionEvent { action=ACTION_UP, actionButton=0, id[0]=0, x[0]=756.0, y[0]=1530.0, toolType[0]=TOOL_TYPE_UNKNOWN, buttonState=0, metaState=0, flags=0x0, edgeFlags=0x0, pointerCount=1, historySize=0, eventTime=846073594, downTime=846073594, deviceId=0, source=0x1002 }
08-06 03:00:57.192  8677  8677 D AndroidRuntime: Shutting down VM
08-06 03:00:57.193  6718  6747 I art     : Starting a blocking GC Explicit
08-06 03:00:57.209   512  2967 D audio_hw_primary: out_set_parameters: enter: usecase(1: low-latency-playback) kvpairs: routing=2
08-06 03:00:57.210   918  6111 I ActivityManager: START u0 {cmp=baseline.appteam.nith.hillffair/.activities.LeaderBoardActivity} from uid 10697 on display 0
08-06 03:00:57.220  6718  6747 I art     : Explicit concurrent mark sweep GC freed 47(5KB) AllocSpace objects, 0(0B) LOS objects, 23% free, 52MB/68MB, paused 589us total 26.696ms
08-06 03:00:57.222   512  2967 D audio_hw_primary: select_devices: out_snd_device(2: speaker) in_snd_device(0: none)
08-06 03:00:57.222   512  2967 D msm8974_platform: platform_send_audio_calibration: sending audio calibration for snd_device(2) acdb_id(15)
08-06 03:00:57.222   512  2967 I soundtrigger: audio_extn_sound_trigger_update_device_status: device 0x2 of type 0 for Event 1
08-06 03:00:57.231  6718  6747 I art     : Starting a blocking GC Explicit
08-06 03:00:57.234   512  2967 D audio_hw_primary: enable_snd_device: snd_device(2: speaker)
08-06 03:00:57.236   512  2967 D audio_hw_primary: enable_audio_route: apply and update mixer path: low-latency-playback speaker
08-06 03:00:57.257  6718  6747 I art     : Explicit concurrent mark sweep GC freed 3947(216KB) AllocSpace objects, 0(0B) LOS objects, 23% free, 52MB/68MB, paused 1.005ms total 25.769ms
08-06 03:00:57.267  6718  6747 I art     : Starting a blocking GC Explicit
08-06 03:00:57.292  6718  6747 I art     : Explicit concurrent mark sweep GC freed 1136(80KB) AllocSpace objects, 0(0B) LOS objects, 23% free, 52MB/68MB, paused 709us total 23.953ms
08-06 03:00:57.338  6718  6718 E RecyclerView: No adapter attached; skipping layout
08-06 03:00:57.341  6718  6718 E RecyclerView: No adapter attached; skipping layout
08-06 03:00:57.373 13866 13866 I GoogleInputMethodServic: GoogleInputMethodService.onFinishInput():3138 
08-06 03:00:57.373  6718  6718 E RecyclerView: No adapter attached; skipping layout
08-06 03:00:57.374 13866 13866 I GoogleInputMethodServic: GoogleInputMethodService.onStartInput():1808 
08-06 03:00:57.374   918   936 I ActivityManager: Displayed baseline.appteam.nith.hillffair/.activities.LeaderBoardActivity: +154ms
08-06 03:00:57.418  6718  6742 D OpenGLRenderer: endAllStagingAnimators on 0x7f7f655800 (RippleDrawable) with handle 0x7f7fc7e7a0
08-06 03:00:57.573  6718  6747 I art     : Starting a blocking GC Explicit
08-06 03:00:57.610  6718  6747 I art     : Explicit concurrent mark sweep GC freed 1601(90KB) AllocSpace objects, 1(20KB) LOS objects, 23% free, 52MB/68MB, paused 809us total 36.230ms
08-06 03:00:57.617   380   380 W SurfaceFlinger: couldn't log to binary event log: overflow.
08-06 03:00:57.623  6718  6747 I art     : Starting a blocking GC Explicit
08-06 03:00:57.647  6718  6747 I art     : Explicit concurrent mark sweep GC freed 46(1552B) AllocSpace objects, 0(0B) LOS objects, 23% free, 52MB/68MB, paused 731us total 23.760ms
08-06 03:00:57.657  6718  6747 I art     : Starting a blocking GC Explicit
08-06 03:00:57.680  6718  6747 I art     : Explicit concurrent mark sweep GC freed 3(96B) AllocSpace objects, 0(0B) LOS objects, 23% free, 52MB/68MB, paused 620us total 22.813ms
08-06 03:00:57.690  6718  6747 I art     : Starting a blocking GC Explicit
08-06 03:00:57.713  6718  6747 I art     : Explicit concurrent mark sweep GC freed 3(96B) AllocSpace objects, 0(0B) LOS objects, 23% free, 52MB/68MB, paused 624us total 23.023ms
08-06 03:00:57.723  6718  6747 I art     : Starting a blocking GC Explicit
08-06 03:00:57.747  6718  6747 I art     : Explicit concurrent mark sweep GC freed 3(96B) AllocSpace objects, 0(0B) LOS objects, 23% free, 52MB/68MB, paused 744us total 23.498ms
08-06 03:00:57.779   512  2967 D audio_hw_primary: disable_audio_route: reset and update mixer path: low-latency-playback speaker
08-06 03:00:57.781   512  2967 D audio_hw_primary: disable_snd_device: snd_device(2: speaker)
08-06 03:00:57.789   512  2967 I soundtrigger: audio_extn_sound_trigger_update_device_status: device 0x2 of type 0 for Event 0
08-06 03:00:58.040  6718  7194 I art     : Starting a blocking GC Explicit
08-06 03:00:58.069  6718  7194 I art     : Explicit concurrent mark sweep GC freed 3974(215KB) AllocSpace objects, 4(220KB) LOS objects, 23% free, 52MB/68MB, paused 823us total 28.726ms
08-06 03:00:58.072  6718  8702 D OkHttp  : --> GET https://api-hillfair-2k16.herokuapp.com/api/app/quiz/leaderboard?from=1 http/1.1
08-06 03:00:58.080  6718  7194 I art     : Starting a blocking GC Explicit
08-06 03:00:58.106  6718  7194 I art     : Explicit concurrent mark sweep GC freed 1116(122KB) AllocSpace objects, 0(0B) LOS objects, 23% free, 52MB/68MB, paused 678us total 25.002ms
08-06 03:00:58.106  6718  8702 D OkHttp  : <-- 200 OK https://api-hillfair-2k16.herokuapp.com/api/app/quiz/leaderboard?from=1 (33ms, 56744-byte body)
08-06 03:00:58.116  6718  7194 I art     : Starting a blocking GC Explicit
08-06 03:00:58.143  6718  7194 I art     : Explicit concurrent mark sweep GC freed 6765(322KB) AllocSpace objects, 0(0B) LOS objects, 23% free, 52MB/68MB, paused 784us total 26.761ms
08-06 03:00:58.154  6718  7194 I art     : Starting a blocking GC Explicit
08-06 03:00:58.182  6718  7194 I art     : Explicit concurrent mark sweep GC freed 14641(676KB) AllocSpace objects, 0(0B) LOS objects, 23% free, 52MB/68MB, paused 820us total 27.788ms
08-06 03:00:58.193  6718  7194 I art     : Starting a blocking GC Explicit
08-06 03:00:58.202  6718  6718 I NAPPA_EXPERIMENTATION: MetricNetworkRequestExecutionTime: REQUEST_DURATION_SYSTEM='949',REQUEST_DURATION_OKHTTP='33',REQUEST_SYNCHRONOUS='FALSE',RESPONSE_CODE='200',RESPONSE_METHOD='GET',RESPONSE_LENGTH_OKHTTP='56744',RESPONSE_LENGTH_HEADER='56744',REQUEST_PROTOCOL='http/1.1',REQUEST_URL='https://api-hillfair-2k16.herokuapp.com/api/app/quiz/leaderboard?from=1',
08-06 03:00:58.218  6718  7194 I art     : Explicit concurrent mark sweep GC freed 3893(199KB) AllocSpace objects, 0(0B) LOS objects, 23% free, 52MB/68MB, paused 575us total 24.680ms
08-06 03:00:58.509  6718  6747 I art     : Starting a blocking GC Explicit
08-06 03:00:58.550  6718  6747 I art     : Explicit concurrent mark sweep GC freed 2438(122KB) AllocSpace objects, 1(20KB) LOS objects, 23% free, 52MB/68MB, paused 688us total 40.167ms
08-06 03:00:58.564  6718  6747 I art     : Starting a blocking GC Explicit
08-06 03:00:58.593  6718  6747 I art     : Explicit concurrent mark sweep GC freed 49(2080B) AllocSpace objects, 0(0B) LOS objects, 23% free, 52MB/68MB, paused 619us total 28.393ms
08-06 03:00:58.604  6718  6747 I art     : Starting a blocking GC Explicit
08-06 03:00:58.632  6718  6747 I art     : Explicit concurrent mark sweep GC freed 3(96B) AllocSpace objects, 0(0B) LOS objects, 23% free, 52MB/68MB, paused 612us total 28.114ms
08-06 03:00:58.644  6718  6747 I art     : Starting a blocking GC Explicit
08-06 03:00:58.671  6718  6747 I art     : Explicit concurrent mark sweep GC freed 3(96B) AllocSpace objects, 0(0B) LOS objects, 23% free, 52MB/68MB, paused 605us total 26.791ms
08-06 03:00:58.682  6718  6747 I art     : Starting a blocking GC Explicit
08-06 03:00:58.709  6718  6747 I art     : Explicit concurrent mark sweep GC freed 3(96B) AllocSpace objects, 0(0B) LOS objects, 23% free, 52MB/68MB, paused 638us total 26.988ms
08-06 03:00:59.055  6718  6731 I art     : Starting a blocking GC Explicit
08-06 03:00:59.094  6718  6731 I art     : Explicit concurrent mark sweep GC freed 1344(78KB) AllocSpace objects, 1(20KB) LOS objects, 23% free, 52MB/68MB, paused 692us total 39.302ms
08-06 03:00:59.110  6718  6731 I art     : Starting a blocking GC Explicit
08-06 03:00:59.141  6718  6731 I art     : Explicit concurrent mark sweep GC freed 20(704B) AllocSpace objects, 0(0B) LOS objects, 23% free, 52MB/68MB, paused 588us total 30.828ms
08-06 03:00:59.153  6718  6731 I art     : Starting a blocking GC Explicit
08-06 03:00:59.184  6718  6731 I art     : Explicit concurrent mark sweep GC freed 3(96B) AllocSpace objects, 0(0B) LOS objects, 23% free, 52MB/68MB, paused 614us total 30.644ms
08-06 03:00:59.196  6718  6731 I art     : Starting a blocking GC Explicit
08-06 03:00:59.227  6718  6731 I art     : Explicit concurrent mark sweep GC freed 3(96B) AllocSpace objects, 0(0B) LOS objects, 23% free, 52MB/68MB, paused 630us total 31.014ms
08-06 03:00:59.239  6718  6731 I art     : Starting a blocking GC Explicit
08-06 03:00:59.269  6718  6731 I art     : Explicit concurrent mark sweep GC freed 3(96B) AllocSpace objects, 0(0B) LOS objects, 23% free, 52MB/68MB, paused 593us total 30.492ms
08-06 03:00:59.603  6718  7194 I art     : Starting a blocking GC Explicit
08-06 03:00:59.637  6718  7194 I art     : Explicit concurrent mark sweep GC freed 1344(78KB) AllocSpace objects, 1(20KB) LOS objects, 23% free, 52MB/68MB, paused 606us total 33.891ms
08-06 03:00:59.652  6718  7194 I art     : Starting a blocking GC Explicit
08-06 03:00:59.680  6718  7194 I art     : Explicit concurrent mark sweep GC freed 20(704B) AllocSpace objects, 0(0B) LOS objects, 23% free, 52MB/68MB, paused 612us total 28.135ms
08-06 03:00:59.691  6718  7194 I art     : Starting a blocking GC Explicit
08-06 03:00:59.720  6718  7194 I art     : Explicit concurrent mark sweep GC freed 3(96B) AllocSpace objects, 0(0B) LOS objects, 23% free, 52MB/68MB, paused 622us total 28.666ms
08-06 03:00:59.732  6718  7194 I art     : Starting a blocking GC Explicit
08-06 03:00:59.761  6718  7194 I art     : Explicit concurrent mark sweep GC freed 3(96B) AllocSpace objects, 0(0B) LOS objects, 23% free, 52MB/68MB, paused 602us total 28.708ms
08-06 03:00:59.772  6718  7194 I art     : Starting a blocking GC Explicit
08-06 03:00:59.804  6718  7194 I art     : Explicit concurrent mark sweep GC freed 3(96B) AllocSpace objects, 0(0B) LOS objects, 23% free, 52MB/68MB, paused 629us total 31.013ms
08-06 03:01:00.139  6718  7849 I art     : Starting a blocking GC Explicit
08-06 03:01:00.168  6718  7849 I art     : Explicit concurrent mark sweep GC freed 1344(78KB) AllocSpace objects, 1(20KB) LOS objects, 23% free, 52MB/68MB, paused 604us total 28.864ms
08-06 03:01:00.179  6718  7849 I art     : Starting a blocking GC Explicit
08-06 03:01:00.208  6718  7849 I art     : Explicit concurrent mark sweep GC freed 20(704B) AllocSpace objects, 0(0B) LOS objects, 23% free, 52MB/68MB, paused 645us total 28.437ms
08-06 03:01:00.219  6718  7849 I art     : Starting a blocking GC Explicit
08-06 03:01:00.249  6718  7849 I art     : Explicit concurrent mark sweep GC freed 3(96B) AllocSpace objects, 0(0B) LOS objects, 23% free, 52MB/68MB, paused 612us total 29.832ms
08-06 03:01:00.261  6718  7849 I art     : Starting a blocking GC Explicit
08-06 03:01:00.292  6718  7849 I art     : Explicit concurrent mark sweep GC freed 3(96B) AllocSpace objects, 0(0B) LOS objects, 23% free, 52MB/68MB, paused 634us total 30.526ms
08-06 03:01:00.303  6718  7849 I art     : Starting a blocking GC Explicit
08-06 03:01:00.334  6718  7849 I art     : Explicit concurrent mark sweep GC freed 3(96B) AllocSpace objects, 0(0B) LOS objects, 23% free, 52MB/68MB, paused 627us total 30.914ms
08-06 03:01:00.664  6718  6730 I art     : Starting a blocking GC Explicit
08-06 03:01:00.703  6718  6730 I art     : Explicit concurrent mark sweep GC freed 1344(78KB) AllocSpace objects, 1(20KB) LOS objects, 23% free, 52MB/68MB, paused 638us total 38.546ms
08-06 03:01:00.718  6718  6730 I art     : Starting a blocking GC Explicit
08-06 03:01:00.747  6718  6730 I art     : Explicit concurrent mark sweep GC freed 20(704B) AllocSpace objects, 0(0B) LOS objects, 23% free, 52MB/68MB, paused 706us total 28.881ms
08-06 03:01:00.759  6718  6730 I art     : Starting a blocking GC Explicit
08-06 03:01:00.790  6718  6730 I art     : Explicit concurrent mark sweep GC freed 3(96B) AllocSpace objects, 0(0B) LOS objects, 23% free, 52MB/68MB, paused 609us total 30.907ms
08-06 03:01:00.801  6718  6730 I art     : Starting a blocking GC Explicit
08-06 03:01:00.833  6718  6730 I art     : Explicit concurrent mark sweep GC freed 3(96B) AllocSpace objects, 0(0B) LOS objects, 23% free, 52MB/68MB, paused 630us total 30.893ms
08-06 03:01:00.844  6718  6730 I art     : Starting a blocking GC Explicit
08-06 03:01:00.875  6718  6730 I art     : Explicit concurrent mark sweep GC freed 3(96B) AllocSpace objects, 0(0B) LOS objects, 23% free, 52MB/68MB, paused 614us total 30.944ms
08-06 03:01:01.210  6718  6747 I art     : Starting a blocking GC Explicit
08-06 03:01:01.245  6718  6747 I art     : Explicit concurrent mark sweep GC freed 1344(78KB) AllocSpace objects, 1(20KB) LOS objects, 23% free, 52MB/68MB, paused 641us total 34.840ms
08-06 03:01:01.258  6718  6747 I art     : Starting a blocking GC Explicit
08-06 03:01:01.287  6718  6747 I art     : Explicit concurrent mark sweep GC freed 20(704B) AllocSpace objects, 0(0B) LOS objects, 23% free, 52MB/68MB, paused 601us total 28.535ms
08-06 03:01:01.298  6718  6747 I art     : Starting a blocking GC Explicit
08-06 03:01:01.326  6718  6747 I art     : Explicit concurrent mark sweep GC freed 3(96B) AllocSpace objects, 0(0B) LOS objects, 23% free, 52MB/68MB, paused 617us total 27.562ms
08-06 03:01:01.337  6718  6747 I art     : Starting a blocking GC Explicit
08-06 03:01:01.366  6718  6747 I art     : Explicit concurrent mark sweep GC freed 3(96B) AllocSpace objects, 0(0B) LOS objects, 23% free, 52MB/68MB, paused 606us total 28.345ms
08-06 03:01:01.378  6718  6747 I art     : Starting a blocking GC Explicit
08-06 03:01:01.409  6718  6747 I art     : Explicit concurrent mark sweep GC freed 3(96B) AllocSpace objects, 0(0B) LOS objects, 23% free, 52MB/68MB, paused 607us total 30.929ms
08-06 03:01:01.669   518   646 I ThermalEngine: ACTION: GPU - Setting GPU[0] to 510000000
08-06 03:01:01.693  6718  6731 I art     : Starting a blocking GC Explicit
08-06 03:01:01.725  6718  6731 I art     : Explicit concurrent mark sweep GC freed 1344(78KB) AllocSpace objects, 1(20KB) LOS objects, 23% free, 52MB/68MB, paused 651us total 31.620ms
08-06 03:01:01.734  6718  6731 I art     : Starting a blocking GC Explicit
08-06 03:01:01.758  6718  6731 I art     : Explicit concurrent mark sweep GC freed 20(704B) AllocSpace objects, 0(0B) LOS objects, 23% free, 52MB/68MB, paused 1.056ms total 23.031ms
08-06 03:01:01.767  6718  6731 I art     : Starting a blocking GC Explicit
08-06 03:01:01.788  6718  6731 I art     : Explicit concurrent mark sweep GC freed 3(96B) AllocSpace objects, 0(0B) LOS objects, 23% free, 52MB/68MB, paused 473us total 20.885ms
08-06 03:01:01.796  6718  6731 I art     : Starting a blocking GC Explicit
08-06 03:01:01.818  6718  6731 I art     : Explicit concurrent mark sweep GC freed 3(96B) AllocSpace objects, 0(0B) LOS objects, 23% free, 52MB/68MB, paused 463us total 21.347ms
08-06 03:01:01.826  6718  6731 I art     : Starting a blocking GC Explicit
08-06 03:01:01.848  6718  6731 I art     : Explicit concurrent mark sweep GC freed 3(96B) AllocSpace objects, 0(0B) LOS objects, 23% free, 52MB/68MB, paused 453us total 21.238ms
08-06 03:01:01.930  8784  8784 D AndroidRuntime: >>>>>> START com.android.internal.os.RuntimeInit uid 2000 <<<<<<
08-06 03:01:01.935  8784  8784 D AndroidRuntime: CheckJNI is OFF
08-06 03:01:01.971  8784  8784 D ICU     : No timezone override file found: /data/misc/zoneinfo/current/icu/icu_tzdata.dat
08-06 03:01:02.007  8784  8784 I Radio-JNI: register_android_hardware_Radio DONE
08-06 03:01:02.029  8784  8784 D AndroidRuntime: Calling main entry com.android.commands.input.Input
08-06 03:01:02.030  8784  8784 I Input   : injectKeyEvent: KeyEvent { action=ACTION_DOWN, keyCode=KEYCODE_BACK, scanCode=0, metaState=0, flags=0x0, repeatCount=0, eventTime=846078444, downTime=846078444, deviceId=-1, source=0x101 }
08-06 03:01:02.036  8784  8784 I Input   : injectKeyEvent: KeyEvent { action=ACTION_UP, keyCode=KEYCODE_BACK, scanCode=0, metaState=0, flags=0x0, repeatCount=0, eventTime=846078444, downTime=846078444, deviceId=-1, source=0x101 }
08-06 03:01:02.043  8784  8784 D AndroidRuntime: Shutting down VM
08-06 03:01:02.084 13866 13866 I GoogleInputMethodServic: GoogleInputMethodService.onFinishInput():3138 
08-06 03:01:02.085 13866 13866 I GoogleInputMethodServic: GoogleInputMethodService.onStartInput():1808 
08-06 03:01:02.126  6718  6731 I art     : Starting a blocking GC Explicit
08-06 03:01:02.145  6718  6731 I art     : Explicit concurrent mark sweep GC freed 1482(84KB) AllocSpace objects, 1(20KB) LOS objects, 23% free, 52MB/68MB, paused 414us total 19.071ms
08-06 03:01:02.153  6718  6731 I art     : Starting a blocking GC Explicit
08-06 03:01:02.172  6718  6731 I art     : Explicit concurrent mark sweep GC freed 26(944B) AllocSpace objects, 0(0B) LOS objects, 23% free, 52MB/68MB, paused 397us total 18.786ms
08-06 03:01:02.181  6718  6731 I art     : Starting a blocking GC Explicit
08-06 03:01:02.201  6718  6731 I art     : Explicit concurrent mark sweep GC freed 3(96B) AllocSpace objects, 0(0B) LOS objects, 23% free, 52MB/68MB, paused 445us total 19.944ms
08-06 03:01:02.210  6718  6731 I art     : Starting a blocking GC Explicit
08-06 03:01:02.232  6718  6731 I art     : Explicit concurrent mark sweep GC freed 3(96B) AllocSpace objects, 0(0B) LOS objects, 23% free, 52MB/68MB, paused 427us total 21.886ms
08-06 03:01:02.241  6718  6731 I art     : Starting a blocking GC Explicit
08-06 03:01:02.269  6718  6731 I art     : Explicit concurrent mark sweep GC freed 3(96B) AllocSpace objects, 0(0B) LOS objects, 23% free, 52MB/68MB, paused 483us total 28.497ms
08-06 03:01:02.372   380   380 W SurfaceFlinger: couldn't log to binary event log: overflow.
08-06 03:01:02.532  6718  6731 I art     : Starting a blocking GC Explicit
08-06 03:01:02.559  6718  6731 I art     : Explicit concurrent mark sweep GC freed 1463(87KB) AllocSpace objects, 1(20KB) LOS objects, 23% free, 52MB/68MB, paused 508us total 26.622ms
08-06 03:01:02.572  6718  6731 I art     : Starting a blocking GC Explicit
08-06 03:01:02.593  6718  6731 I art     : Explicit concurrent mark sweep GC freed 4698(269KB) AllocSpace objects, 2(140KB) LOS objects, 23% free, 52MB/68MB, paused 461us total 21.196ms
08-06 03:01:02.602  6718  6731 I art     : Starting a blocking GC Explicit
08-06 03:01:02.623  6718  6731 I art     : Explicit concurrent mark sweep GC freed 3(96B) AllocSpace objects, 0(0B) LOS objects, 23% free, 52MB/68MB, paused 454us total 21.049ms
08-06 03:01:02.632  6718  6731 I art     : Starting a blocking GC Explicit
08-06 03:01:02.653  6718  6731 I art     : Explicit concurrent mark sweep GC freed 3(96B) AllocSpace objects, 0(0B) LOS objects, 23% free, 52MB/68MB, paused 463us total 21.080ms
08-06 03:01:02.662  6718  6731 I art     : Starting a blocking GC Explicit
08-06 03:01:02.683  6718  6731 I art     : Explicit concurrent mark sweep GC freed 3(96B) AllocSpace objects, 0(0B) LOS objects, 23% free, 52MB/68MB, paused 453us total 21.105ms
08-06 03:01:02.977  6718  6730 I art     : Starting a blocking GC Explicit
08-06 03:01:03.004  6718  6730 I art     : Explicit concurrent mark sweep GC freed 1357(78KB) AllocSpace objects, 1(20KB) LOS objects, 23% free, 52MB/68MB, paused 475us total 26.428ms
08-06 03:01:03.016  6718  6730 I art     : Starting a blocking GC Explicit
08-06 03:01:03.041  6718  6730 I art     : Explicit concurrent mark sweep GC freed 34(1136B) AllocSpace objects, 0(0B) LOS objects, 23% free, 52MB/68MB, paused 484us total 25.529ms
08-06 03:01:03.051  6718  6730 I art     : Starting a blocking GC Explicit
08-06 03:01:03.073  6718  6730 I art     : Explicit concurrent mark sweep GC freed 3(96B) AllocSpace objects, 0(0B) LOS objects, 23% free, 52MB/68MB, paused 435us total 21.775ms
08-06 03:01:03.082  6718  6730 I art     : Starting a blocking GC Explicit
08-06 03:01:03.103  6718  6730 I art     : Explicit concurrent mark sweep GC freed 3(96B) AllocSpace objects, 0(0B) LOS objects, 23% free, 52MB/68MB, paused 432us total 20.324ms
08-06 03:01:03.111  6718  6730 I art     : Starting a blocking GC Explicit
08-06 03:01:03.132  6718  6730 I art     : Explicit concurrent mark sweep GC freed 3(96B) AllocSpace objects, 0(0B) LOS objects, 23% free, 52MB/68MB, paused 447us total 20.417ms
08-06 03:01:03.396  6718  7194 I art     : Starting a blocking GC Explicit
08-06 03:01:03.418  6718  7194 I art     : Explicit concurrent mark sweep GC freed 1343(78KB) AllocSpace objects, 1(20KB) LOS objects, 23% free, 52MB/68MB, paused 493us total 21.539ms
08-06 03:01:03.426  6718  7194 I art     : Starting a blocking GC Explicit
08-06 03:01:03.447  6718  7194 I art     : Explicit concurrent mark sweep GC freed 20(704B) AllocSpace objects, 0(0B) LOS objects, 23% free, 52MB/68MB, paused 484us total 20.935ms
08-06 03:01:03.456  6718  7194 I art     : Starting a blocking GC Explicit
08-06 03:01:03.476  6718  7194 I art     : Explicit concurrent mark sweep GC freed 3(96B) AllocSpace objects, 0(0B) LOS objects, 23% free, 52MB/68MB, paused 444us total 20.377ms
08-06 03:01:03.485  6718  7194 I art     : Starting a blocking GC Explicit
08-06 03:01:03.506  6718  7194 I art     : Explicit concurrent mark sweep GC freed 3(96B) AllocSpace objects, 0(0B) LOS objects, 23% free, 52MB/68MB, paused 441us total 20.473ms
08-06 03:01:03.514  6718  7194 I art     : Starting a blocking GC Explicit
08-06 03:01:03.535  6718  7194 I art     : Explicit concurrent mark sweep GC freed 3(96B) AllocSpace objects, 0(0B) LOS objects, 23% free, 52MB/68MB, paused 440us total 20.406ms
08-06 03:01:03.707  8839  8839 D AndroidRuntime: >>>>>> START com.android.internal.os.RuntimeInit uid 2000 <<<<<<
08-06 03:01:03.712  8839  8839 D AndroidRuntime: CheckJNI is OFF
08-06 03:01:03.744  8839  8839 D ICU     : No timezone override file found: /data/misc/zoneinfo/current/icu/icu_tzdata.dat
08-06 03:01:03.773  8839  8839 I Radio-JNI: register_android_hardware_Radio DONE
08-06 03:01:03.795  8839  8839 D AndroidRuntime: Calling main entry com.android.commands.input.Input
08-06 03:01:03.797  8839  8839 I Input   : injectMotionEvent: MotionEvent { action=ACTION_DOWN, actionButton=0, id[0]=0, x[0]=648.0, y[0]=1050.0, toolType[0]=TOOL_TYPE_UNKNOWN, buttonState=0, metaState=0, flags=0x0, edgeFlags=0x0, pointerCount=1, historySize=0, eventTime=846080210, downTime=846080210, deviceId=0, source=0x1002 }
08-06 03:01:03.801  8839  8839 I Input   : injectMotionEvent: MotionEvent { action=ACTION_UP, actionButton=0, id[0]=0, x[0]=648.0, y[0]=1050.0, toolType[0]=TOOL_TYPE_UNKNOWN, buttonState=0, metaState=0, flags=0x0, edgeFlags=0x0, pointerCount=1, historySize=0, eventTime=846080210, downTime=846080210, deviceId=0, source=0x1002 }
08-06 03:01:03.802  8839  8839 D AndroidRuntime: Shutting down VM
08-06 03:01:03.811   918  5132 I ActivityManager: START u0 {cmp=baseline.appteam.nith.hillffair/.activities.InformationActivity} from uid 10697 on display 0
08-06 03:01:03.812   512  2967 D audio_hw_primary: out_set_parameters: enter: usecase(1: low-latency-playback) kvpairs: routing=2
08-06 03:01:03.819  6718  6747 I art     : Starting a blocking GC Explicit
08-06 03:01:03.826   512  2967 D audio_hw_primary: select_devices: out_snd_device(2: speaker) in_snd_device(0: none)
08-06 03:01:03.826   512  2967 D msm8974_platform: platform_send_audio_calibration: sending audio calibration for snd_device(2) acdb_id(15)
08-06 03:01:03.826   512  2967 I soundtrigger: audio_extn_sound_trigger_update_device_status: device 0x2 of type 0 for Event 1
08-06 03:01:03.838   512  2967 D audio_hw_primary: enable_snd_device: snd_device(2: speaker)
08-06 03:01:03.839  6718  6747 I art     : Explicit concurrent mark sweep GC freed 1457(90KB) AllocSpace objects, 1(20KB) LOS objects, 23% free, 52MB/68MB, paused 450us total 19.950ms
08-06 03:01:03.840   512  2967 D audio_hw_primary: enable_audio_route: apply and update mixer path: low-latency-playback speaker
08-06 03:01:03.848  6718  6747 I art     : Starting a blocking GC Explicit
08-06 03:01:03.870  6718  6747 I art     : Explicit concurrent mark sweep GC freed 789(60KB) AllocSpace objects, 0(0B) LOS objects, 23% free, 52MB/68MB, paused 611us total 21.412ms
08-06 03:01:03.878  6718  6747 I art     : Starting a blocking GC Explicit
08-06 03:01:03.898  6718  6747 I art     : Explicit concurrent mark sweep GC freed 182(10KB) AllocSpace objects, 0(0B) LOS objects, 23% free, 52MB/68MB, paused 619us total 19.963ms
08-06 03:01:03.906  6718  6747 I art     : Starting a blocking GC Explicit
08-06 03:01:03.925  6718  6747 I art     : Explicit concurrent mark sweep GC freed 73(2640B) AllocSpace objects, 0(0B) LOS objects, 23% free, 52MB/68MB, paused 594us total 18.549ms
08-06 03:01:03.934  6718  6747 I art     : Starting a blocking GC Explicit
08-06 03:01:03.953  6718  6747 I art     : Explicit concurrent mark sweep GC freed 31(960B) AllocSpace objects, 0(0B) LOS objects, 23% free, 52MB/68MB, paused 493us total 19.019ms
08-06 03:01:03.961 13866 13866 I GoogleInputMethodServic: GoogleInputMethodService.onFinishInput():3138 
08-06 03:01:03.962   918   936 I ActivityManager: Displayed baseline.appteam.nith.hillffair/.activities.InformationActivity: +137ms
08-06 03:01:03.963 13866 13866 I GoogleInputMethodServic: GoogleInputMethodService.onStartInput():1808 
08-06 03:01:03.978  6718  6742 D OpenGLRenderer: endAllStagingAnimators on 0x7f7f653800 (RippleDrawable) with handle 0x7f7d629fc0
08-06 03:01:04.206  6718  6731 I art     : Starting a blocking GC Explicit
08-06 03:01:04.207   380   380 W SurfaceFlinger: couldn't log to binary event log: overflow.
08-06 03:01:04.226  6718  6731 I art     : Explicit concurrent mark sweep GC freed 1397(80KB) AllocSpace objects, 1(20KB) LOS objects, 23% free, 52MB/68MB, paused 395us total 20.176ms
08-06 03:01:04.234  6718  6731 I art     : Starting a blocking GC Explicit
08-06 03:01:04.251  6718  6731 I art     : Explicit concurrent mark sweep GC freed 36(1232B) AllocSpace objects, 0(0B) LOS objects, 23% free, 52MB/68MB, paused 417us total 17.563ms
08-06 03:01:04.260  6718  6731 I art     : Starting a blocking GC Explicit
08-06 03:01:04.279  6718  6731 I art     : Explicit concurrent mark sweep GC freed 3(96B) AllocSpace objects, 0(0B) LOS objects, 23% free, 52MB/68MB, paused 398us total 18.285ms
08-06 03:01:04.286  6718  6731 I art     : Starting a blocking GC Explicit
08-06 03:01:04.304  6718  6731 I art     : Explicit concurrent mark sweep GC freed 3(96B) AllocSpace objects, 0(0B) LOS objects, 23% free, 52MB/68MB, paused 423us total 17.911ms
08-06 03:01:04.312  6718  6731 I art     : Starting a blocking GC Explicit
08-06 03:01:04.331  6718  6731 I art     : Explicit concurrent mark sweep GC freed 101(6KB) AllocSpace objects, 0(0B) LOS objects, 23% free, 52MB/68MB, paused 388us total 18.154ms
08-06 03:01:04.380   512  2967 D audio_hw_primary: disable_audio_route: reset and update mixer path: low-latency-playback speaker
08-06 03:01:04.381   512  2967 D audio_hw_primary: disable_snd_device: snd_device(2: speaker)
08-06 03:01:04.388   512  2967 I soundtrigger: audio_extn_sound_trigger_update_device_status: device 0x2 of type 0 for Event 0
08-06 03:01:04.611  6718  7849 I art     : Starting a blocking GC Explicit
08-06 03:01:04.634  6718  7849 I art     : Explicit concurrent mark sweep GC freed 1360(78KB) AllocSpace objects, 1(20KB) LOS objects, 23% free, 52MB/68MB, paused 475us total 22.532ms
08-06 03:01:04.643  6718  7849 I art     : Starting a blocking GC Explicit
08-06 03:01:04.664  6718  7849 I art     : Explicit concurrent mark sweep GC freed 20(704B) AllocSpace objects, 0(0B) LOS objects, 23% free, 52MB/68MB, paused 428us total 20.539ms
08-06 03:01:04.672  6718  7849 I art     : Starting a blocking GC Explicit
08-06 03:01:04.676   518   646 I ThermalEngine: ACTION: GPU - Setting GPU[0] to 450000000
08-06 03:01:04.699  6718  7849 I art     : Explicit concurrent mark sweep GC freed 3(96B) AllocSpace objects, 0(0B) LOS objects, 23% free, 52MB/68MB, paused 590us total 25.160ms
08-06 03:01:04.710  6718  7849 I art     : Starting a blocking GC Explicit
08-06 03:01:04.737  6718  7849 I art     : Explicit concurrent mark sweep GC freed 3(96B) AllocSpace objects, 0(0B) LOS objects, 23% free, 52MB/68MB, paused 750us total 26.749ms
08-06 03:01:04.749  6718  7849 I art     : Starting a blocking GC Explicit
08-06 03:01:04.773  6718  7849 I art     : Explicit concurrent mark sweep GC freed 3(96B) AllocSpace objects, 0(0B) LOS objects, 23% free, 52MB/68MB, paused 558us total 24.304ms
08-06 03:01:05.075  6718  6730 I art     : Starting a blocking GC Explicit
08-06 03:01:05.108  6718  6730 I art     : Explicit concurrent mark sweep GC freed 1344(78KB) AllocSpace objects, 1(20KB) LOS objects, 23% free, 52MB/68MB, paused 674us total 32.738ms
08-06 03:01:05.122  6718  6730 I art     : Starting a blocking GC Explicit
08-06 03:01:05.153  6718  6730 I art     : Explicit concurrent mark sweep GC freed 20(704B) AllocSpace objects, 0(0B) LOS objects, 23% free, 52MB/68MB, paused 608us total 30.548ms
08-06 03:01:05.167  6718  6730 I art     : Starting a blocking GC Explicit
08-06 03:01:05.194  6718  6730 I art     : Explicit concurrent mark sweep GC freed 3(96B) AllocSpace objects, 0(0B) LOS objects, 23% free, 52MB/68MB, paused 583us total 27.512ms
08-06 03:01:05.206  6718  6730 I art     : Starting a blocking GC Explicit
08-06 03:01:05.233  6718  6730 I art     : Explicit concurrent mark sweep GC freed 3(96B) AllocSpace objects, 0(0B) LOS objects, 23% free, 52MB/68MB, paused 575us total 27.091ms
08-06 03:01:05.244  6718  6730 I art     : Starting a blocking GC Explicit
08-06 03:01:05.271  6718  6730 I art     : Explicit concurrent mark sweep GC freed 3(96B) AllocSpace objects, 0(0B) LOS objects, 23% free, 52MB/68MB, paused 586us total 26.835ms
08-06 03:01:05.577  6718  7194 I art     : Starting a blocking GC Explicit
08-06 03:01:05.605  6718  7194 I art     : Explicit concurrent mark sweep GC freed 1359(78KB) AllocSpace objects, 1(20KB) LOS objects, 23% free, 52MB/68MB, paused 558us total 27.850ms
08-06 03:01:05.617  6718  7194 I art     : Starting a blocking GC Explicit
08-06 03:01:05.645  6718  7194 I art     : Explicit concurrent mark sweep GC freed 25(864B) AllocSpace objects, 0(0B) LOS objects, 23% free, 52MB/68MB, paused 674us total 27.253ms
08-06 03:01:05.656  6718  7194 I art     : Starting a blocking GC Explicit
08-06 03:01:05.682  6718  7194 I art     : Explicit concurrent mark sweep GC freed 8(256B) AllocSpace objects, 0(0B) LOS objects, 23% free, 52MB/68MB, paused 547us total 26.176ms
08-06 03:01:05.694  6718  7194 I art     : Starting a blocking GC Explicit
08-06 03:01:05.721  6718  7194 I art     : Explicit concurrent mark sweep GC freed 8(256B) AllocSpace objects, 0(0B) LOS objects, 23% free, 52MB/68MB, paused 569us total 26.697ms
08-06 03:01:05.721  6718  6729 I art     : WaitForGcToComplete blocked for 17.546ms for cause HeapTrim
08-06 03:01:05.732  6718  7194 I art     : Starting a blocking GC Explicit
08-06 03:01:05.759  6718  7194 I art     : Explicit concurrent mark sweep GC freed 3(96B) AllocSpace objects, 0(0B) LOS objects, 23% free, 52MB/68MB, paused 557us total 26.407ms
08-06 03:01:06.111  6718  6731 I art     : Starting a blocking GC Explicit
08-06 03:01:06.146  6718  6731 I art     : Explicit concurrent mark sweep GC freed 1344(78KB) AllocSpace objects, 1(20KB) LOS objects, 23% free, 52MB/68MB, paused 637us total 34.446ms
08-06 03:01:06.161  6718  6731 I art     : Starting a blocking GC Explicit
08-06 03:01:06.189  6718  6731 I art     : Explicit concurrent mark sweep GC freed 20(704B) AllocSpace objects, 0(0B) LOS objects, 23% free, 52MB/68MB, paused 596us total 27.362ms
08-06 03:01:06.200  6718  6731 I art     : Starting a blocking GC Explicit
08-06 03:01:06.228  6718  6731 I art     : Explicit concurrent mark sweep GC freed 3(96B) AllocSpace objects, 0(0B) LOS objects, 23% free, 52MB/68MB, paused 620us total 27.565ms
08-06 03:01:06.239  6718  6731 I art     : Starting a blocking GC Explicit
08-06 03:01:06.267  6718  6731 I art     : Explicit concurrent mark sweep GC freed 3(96B) AllocSpace objects, 0(0B) LOS objects, 23% free, 52MB/68MB, paused 582us total 27.422ms
08-06 03:01:06.278  6718  6731 I art     : Starting a blocking GC Explicit
08-06 03:01:06.308  6718  6731 I art     : Explicit concurrent mark sweep GC freed 3(96B) AllocSpace objects, 0(0B) LOS objects, 23% free, 52MB/68MB, paused 644us total 29.609ms
08-06 03:01:06.645  6718  7849 I art     : Starting a blocking GC Explicit
08-06 03:01:06.678  6718  7849 I art     : Explicit concurrent mark sweep GC freed 1344(78KB) AllocSpace objects, 1(20KB) LOS objects, 23% free, 52MB/68MB, paused 672us total 32.553ms
08-06 03:01:06.692  6718  7849 I art     : Starting a blocking GC Explicit
08-06 03:01:06.721  6718  7849 I art     : Explicit concurrent mark sweep GC freed 20(704B) AllocSpace objects, 0(0B) LOS objects, 23% free, 52MB/68MB, paused 569us total 29.443ms
08-06 03:01:06.733  6718  7849 I art     : Starting a blocking GC Explicit
08-06 03:01:06.761  6718  7849 I art     : Explicit concurrent mark sweep GC freed 3(96B) AllocSpace objects, 0(0B) LOS objects, 23% free, 52MB/68MB, paused 596us total 28.121ms
08-06 03:01:06.773  6718  7849 I art     : Starting a blocking GC Explicit
08-06 03:01:06.803  6718  7849 I art     : Explicit concurrent mark sweep GC freed 3(96B) AllocSpace objects, 0(0B) LOS objects, 23% free, 52MB/68MB, paused 602us total 29.603ms
08-06 03:01:06.814  6718  7849 I art     : Starting a blocking GC Explicit
08-06 03:01:06.844  6718  7849 I art     : Explicit concurrent mark sweep GC freed 3(96B) AllocSpace objects, 0(0B) LOS objects, 23% free, 52MB/68MB, paused 574us total 29.690ms
08-06 03:01:07.182  6718  6730 I art     : Starting a blocking GC Explicit
08-06 03:01:07.220  6718  6730 I art     : Explicit concurrent mark sweep GC freed 1344(78KB) AllocSpace objects, 1(20KB) LOS objects, 23% free, 52MB/68MB, paused 682us total 37.545ms
08-06 03:01:07.236  6718  6730 I art     : Starting a blocking GC Explicit
08-06 03:01:07.265  6718  6730 I art     : Explicit concurrent mark sweep GC freed 20(704B) AllocSpace objects, 0(0B) LOS objects, 23% free, 52MB/68MB, paused 599us total 28.858ms
08-06 03:01:07.277  6718  6730 I art     : Starting a blocking GC Explicit
08-06 03:01:07.307  6718  6730 I art     : Explicit concurrent mark sweep GC freed 3(96B) AllocSpace objects, 0(0B) LOS objects, 23% free, 52MB/68MB, paused 596us total 29.565ms
08-06 03:01:07.318  6718  6730 I art     : Starting a blocking GC Explicit
08-06 03:01:07.347  6718  6730 I art     : Explicit concurrent mark sweep GC freed 3(96B) AllocSpace objects, 0(0B) LOS objects, 23% free, 52MB/68MB, paused 639us total 28.522ms
08-06 03:01:07.358  6718  6730 I art     : Starting a blocking GC Explicit
08-06 03:01:07.385  6718  6730 I art     : Explicit concurrent mark sweep GC freed 3(96B) AllocSpace objects, 0(0B) LOS objects, 23% free, 52MB/68MB, paused 584us total 27.062ms
08-06 03:01:07.714  6718  6747 I art     : Starting a blocking GC Explicit
08-06 03:01:07.749  6718  6747 I art     : Explicit concurrent mark sweep GC freed 1344(78KB) AllocSpace objects, 1(20KB) LOS objects, 23% free, 52MB/68MB, paused 596us total 34.719ms
08-06 03:01:07.763  6718  6747 I art     : Starting a blocking GC Explicit
08-06 03:01:07.793  6718  6747 I art     : Explicit concurrent mark sweep GC freed 20(704B) AllocSpace objects, 0(0B) LOS objects, 23% free, 52MB/68MB, paused 615us total 29.650ms
08-06 03:01:07.804  6718  6747 I art     : Starting a blocking GC Explicit
08-06 03:01:07.834  6718  6747 I art     : Explicit concurrent mark sweep GC freed 3(96B) AllocSpace objects, 0(0B) LOS objects, 23% free, 52MB/68MB, paused 609us total 29.633ms
08-06 03:01:07.846  6718  6747 I art     : Starting a blocking GC Explicit
08-06 03:01:07.873  6718  6747 I art     : Explicit concurrent mark sweep GC freed 3(96B) AllocSpace objects, 0(0B) LOS objects, 23% free, 52MB/68MB, paused 606us total 27.177ms
08-06 03:01:07.885  6718  6747 I art     : Starting a blocking GC Explicit
08-06 03:01:07.915  6718  6747 I art     : Explicit concurrent mark sweep GC freed 3(96B) AllocSpace objects, 0(0B) LOS objects, 23% free, 52MB/68MB, paused 603us total 30.158ms
08-06 03:01:08.225  6718  7194 I art     : Starting a blocking GC Explicit
08-06 03:01:08.254  6718  7194 I art     : Explicit concurrent mark sweep GC freed 1344(78KB) AllocSpace objects, 1(20KB) LOS objects, 23% free, 52MB/68MB, paused 588us total 29.394ms
08-06 03:01:08.265  6718  7194 I art     : Starting a blocking GC Explicit
08-06 03:01:08.292  6718  7194 I art     : Explicit concurrent mark sweep GC freed 20(704B) AllocSpace objects, 0(0B) LOS objects, 23% free, 52MB/68MB, paused 591us total 26.089ms
08-06 03:01:08.302  6718  7194 I art     : Starting a blocking GC Explicit
08-06 03:01:08.330  6718  7194 I art     : Explicit concurrent mark sweep GC freed 3(96B) AllocSpace objects, 0(0B) LOS objects, 23% free, 52MB/68MB, paused 647us total 27.500ms
08-06 03:01:08.341  6718  7194 I art     : Starting a blocking GC Explicit
08-06 03:01:08.368  6718  7194 I art     : Explicit concurrent mark sweep GC freed 3(96B) AllocSpace objects, 0(0B) LOS objects, 23% free, 52MB/68MB, paused 614us total 26.643ms
08-06 03:01:08.379  6718  7194 I art     : Starting a blocking GC Explicit
08-06 03:01:08.408  6718  7194 I art     : Explicit concurrent mark sweep GC freed 3(96B) AllocSpace objects, 0(0B) LOS objects, 23% free, 52MB/68MB, paused 641us total 27.951ms
08-06 03:01:08.625  8951  8951 D AndroidRuntime: >>>>>> START com.android.internal.os.RuntimeInit uid 2000 <<<<<<
08-06 03:01:08.632  8951  8951 D AndroidRuntime: CheckJNI is OFF
08-06 03:01:08.672  8951  8951 D ICU     : No timezone override file found: /data/misc/zoneinfo/current/icu/icu_tzdata.dat
08-06 03:01:08.714  8951  8951 I Radio-JNI: register_android_hardware_Radio DONE
08-06 03:01:08.742  8951  8951 D AndroidRuntime: Calling main entry com.android.commands.input.Input
08-06 03:01:08.744  8951  8951 I Input   : injectKeyEvent: KeyEvent { action=ACTION_DOWN, keyCode=KEYCODE_BACK, scanCode=0, metaState=0, flags=0x0, repeatCount=0, eventTime=846085157, downTime=846085157, deviceId=-1, source=0x101 }
08-06 03:01:08.744  6718  6731 I art     : Starting a blocking GC Explicit
08-06 03:01:08.749  8951  8951 I Input   : injectKeyEvent: KeyEvent { action=ACTION_UP, keyCode=KEYCODE_BACK, scanCode=0, metaState=0, flags=0x0, repeatCount=0, eventTime=846085157, downTime=846085157, deviceId=-1, source=0x101 }
08-06 03:01:08.754  8951  8951 D AndroidRuntime: Shutting down VM
08-06 03:01:08.769  6718  6731 I art     : Explicit concurrent mark sweep GC freed 1435(82KB) AllocSpace objects, 1(20KB) LOS objects, 23% free, 52MB/68MB, paused 647us total 24.971ms
08-06 03:01:08.780  6718  6731 I art     : Starting a blocking GC Explicit
08-06 03:01:08.792 13866 13866 I GoogleInputMethodServic: GoogleInputMethodService.onFinishInput():3138 
08-06 03:01:08.793 13866 13866 I GoogleInputMethodServic: GoogleInputMethodService.onStartInput():1808 
08-06 03:01:08.803  6718  6731 I art     : Explicit concurrent mark sweep GC freed 50(1920B) AllocSpace objects, 0(0B) LOS objects, 23% free, 52MB/68MB, paused 566us total 23.160ms
08-06 03:01:08.815  6718  6731 I art     : Starting a blocking GC Explicit
08-06 03:01:08.840  6718  6731 I art     : Explicit concurrent mark sweep GC freed 28(944B) AllocSpace objects, 0(0B) LOS objects, 23% free, 52MB/68MB, paused 604us total 24.662ms
08-06 03:01:08.850  6718  6731 I art     : Starting a blocking GC Explicit
08-06 03:01:08.874  6718  6731 I art     : Explicit concurrent mark sweep GC freed 3(96B) AllocSpace objects, 0(0B) LOS objects, 23% free, 52MB/68MB, paused 576us total 23.477ms
08-06 03:01:08.885  6718  6731 I art     : Starting a blocking GC Explicit
08-06 03:01:08.909  6718  6731 I art     : Explicit concurrent mark sweep GC freed 3(96B) AllocSpace objects, 0(0B) LOS objects, 23% free, 52MB/68MB, paused 574us total 23.994ms
08-06 03:01:09.097   380   380 W SurfaceFlinger: couldn't log to binary event log: overflow.
08-06 03:01:09.191  6718  6731 I art     : Starting a blocking GC Explicit
08-06 03:01:09.217  6718  6731 I art     : Explicit concurrent mark sweep GC freed 1454(87KB) AllocSpace objects, 1(20KB) LOS objects, 23% free, 52MB/68MB, paused 582us total 25.388ms
08-06 03:01:09.227  6718  6731 I art     : Starting a blocking GC Explicit
08-06 03:01:09.251  6718  6731 I art     : Explicit concurrent mark sweep GC freed 1401(90KB) AllocSpace objects, 1(28KB) LOS objects, 23% free, 52MB/68MB, paused 559us total 23.576ms
08-06 03:01:09.261  6718  6731 I art     : Starting a blocking GC Explicit
08-06 03:01:09.285  6718  6731 I art     : Explicit concurrent mark sweep GC freed 3(96B) AllocSpace objects, 0(0B) LOS objects, 23% free, 52MB/68MB, paused 559us total 24.258ms
08-06 03:01:09.296  6718  6731 I art     : Starting a blocking GC Explicit
08-06 03:01:09.320  6718  6731 I art     : Explicit concurrent mark sweep GC freed 3(96B) AllocSpace objects, 0(0B) LOS objects, 23% free, 52MB/68MB, paused 568us total 23.795ms
08-06 03:01:09.330  6718  6731 I art     : Starting a blocking GC Explicit
08-06 03:01:09.354  6718  6731 I art     : Explicit concurrent mark sweep GC freed 3(96B) AllocSpace objects, 0(0B) LOS objects, 23% free, 52MB/68MB, paused 563us total 23.625ms
08-06 03:01:09.651  6718  7194 I art     : Starting a blocking GC Explicit
08-06 03:01:09.679  6718  7194 I art     : Explicit concurrent mark sweep GC freed 1344(78KB) AllocSpace objects, 1(20KB) LOS objects, 23% free, 52MB/68MB, paused 595us total 27.233ms
08-06 03:01:09.690  6718  7194 I art     : Starting a blocking GC Explicit
08-06 03:01:09.716  6718  7194 I art     : Explicit concurrent mark sweep GC freed 20(704B) AllocSpace objects, 0(0B) LOS objects, 23% free, 52MB/68MB, paused 596us total 26.101ms
08-06 03:01:09.727  6718  7194 I art     : Starting a blocking GC Explicit
08-06 03:01:09.754  6718  7194 I art     : Explicit concurrent mark sweep GC freed 3(96B) AllocSpace objects, 0(0B) LOS objects, 23% free, 52MB/68MB, paused 581us total 26.738ms
08-06 03:01:09.765  6718  7194 I art     : Starting a blocking GC Explicit
08-06 03:01:09.792  6718  7194 I art     : Explicit concurrent mark sweep GC freed 3(96B) AllocSpace objects, 0(0B) LOS objects, 23% free, 52MB/68MB, paused 575us total 26.619ms
08-06 03:01:09.803  6718  7194 I art     : Starting a blocking GC Explicit
08-06 03:01:09.830  6718  7194 I art     : Explicit concurrent mark sweep GC freed 3(96B) AllocSpace objects, 0(0B) LOS objects, 23% free, 52MB/68MB, paused 581us total 26.681ms
08-06 03:01:10.122  6718  6747 I art     : Starting a blocking GC Explicit
08-06 03:01:10.148  6718  6747 I art     : Explicit concurrent mark sweep GC freed 1343(78KB) AllocSpace objects, 1(20KB) LOS objects, 23% free, 52MB/68MB, paused 671us total 26.400ms
08-06 03:01:10.159  6718  6747 I art     : Starting a blocking GC Explicit
08-06 03:01:10.185  6718  6747 I art     : Explicit concurrent mark sweep GC freed 20(704B) AllocSpace objects, 0(0B) LOS objects, 23% free, 52MB/68MB, paused 590us total 25.447ms
08-06 03:01:10.196  6718  6747 I art     : Starting a blocking GC Explicit
08-06 03:01:10.222  6718  6747 I art     : Explicit concurrent mark sweep GC freed 3(96B) AllocSpace objects, 0(0B) LOS objects, 23% free, 52MB/68MB, paused 598us total 25.593ms
08-06 03:01:10.233  6718  6747 I art     : Starting a blocking GC Explicit
08-06 03:01:10.258  6718  6747 I art     : Explicit concurrent mark sweep GC freed 3(96B) AllocSpace objects, 0(0B) LOS objects, 23% free, 52MB/68MB, paused 580us total 25.475ms
08-06 03:01:10.269  6718  6747 I art     : Starting a blocking GC Explicit
08-06 03:01:10.295  6718  6747 I art     : Explicit concurrent mark sweep GC freed 3(96B) AllocSpace objects, 0(0B) LOS objects, 23% free, 52MB/68MB, paused 599us total 25.211ms
08-06 03:01:10.528  9007  9007 D AndroidRuntime: >>>>>> START com.android.internal.os.RuntimeInit uid 2000 <<<<<<
08-06 03:01:10.534  9007  9007 D AndroidRuntime: CheckJNI is OFF
08-06 03:01:10.575  9007  9007 D ICU     : No timezone override file found: /data/misc/zoneinfo/current/icu/icu_tzdata.dat
08-06 03:01:10.608  6718  7194 I art     : Starting a blocking GC Explicit
08-06 03:01:10.617  9007  9007 I Radio-JNI: register_android_hardware_Radio DONE
08-06 03:01:10.634  6718  7194 I art     : Explicit concurrent mark sweep GC freed 1373(79KB) AllocSpace objects, 1(20KB) LOS objects, 23% free, 52MB/68MB, paused 536us total 25.547ms
08-06 03:01:10.645  6718  7194 I art     : Starting a blocking GC Explicit
08-06 03:01:10.646  9007  9007 D AndroidRuntime: Calling main entry com.android.commands.input.Input
08-06 03:01:10.649  9007  9007 I Input   : injectMotionEvent: MotionEvent { action=ACTION_DOWN, actionButton=0, id[0]=0, x[0]=756.0, y[0]=1530.0, toolType[0]=TOOL_TYPE_UNKNOWN, buttonState=0, metaState=0, flags=0x0, edgeFlags=0x0, pointerCount=1, historySize=0, eventTime=846087062, downTime=846087062, deviceId=0, source=0x1002 }
08-06 03:01:10.655  9007  9007 I Input   : injectMotionEvent: MotionEvent { action=ACTION_UP, actionButton=0, id[0]=0, x[0]=756.0, y[0]=1530.0, toolType[0]=TOOL_TYPE_UNKNOWN, buttonState=0, metaState=0, flags=0x0, edgeFlags=0x0, pointerCount=1, historySize=0, eventTime=846087062, downTime=846087062, deviceId=0, source=0x1002 }
08-06 03:01:10.658  9007  9007 D AndroidRuntime: Shutting down VM
08-06 03:01:10.667   918  5132 I ActivityManager: START u0 {cmp=baseline.appteam.nith.hillffair/.activities.LeaderBoardActivity} from uid 10697 on display 0
08-06 03:01:10.669   512  2967 D audio_hw_primary: out_set_parameters: enter: usecase(1: low-latency-playback) kvpairs: routing=2
08-06 03:01:10.671  6718  7194 I art     : Explicit concurrent mark sweep GC freed 47(1680B) AllocSpace objects, 0(0B) LOS objects, 23% free, 52MB/68MB, paused 717us total 26.432ms
08-06 03:01:10.682  6718  7194 I art     : Starting a blocking GC Explicit
08-06 03:01:10.682   512  2967 D audio_hw_primary: select_devices: out_snd_device(2: speaker) in_snd_device(0: none)
08-06 03:01:10.682   512  2967 D msm8974_platform: platform_send_audio_calibration: sending audio calibration for snd_device(2) acdb_id(15)
08-06 03:01:10.683   512  2967 I soundtrigger: audio_extn_sound_trigger_update_device_status: device 0x2 of type 0 for Event 1
08-06 03:01:10.683   518   646 I ThermalEngine: ACTION: GPU - Setting GPU[0] to 510000000
08-06 03:01:10.694   512  2967 D audio_hw_primary: enable_snd_device: snd_device(2: speaker)
08-06 03:01:10.696   512  2967 D audio_hw_primary: enable_audio_route: apply and update mixer path: low-latency-playback speaker
08-06 03:01:10.707  6718  7194 I art     : Explicit concurrent mark sweep GC freed 795(47KB) AllocSpace objects, 0(0B) LOS objects, 23% free, 52MB/68MB, paused 1.029ms total 25.522ms
08-06 03:01:10.719  6718  7194 I art     : Starting a blocking GC Explicit
08-06 03:01:10.741  6718  7194 I art     : Explicit concurrent mark sweep GC freed 4408(272KB) AllocSpace objects, 0(0B) LOS objects, 23% free, 52MB/68MB, paused 538us total 21.763ms
08-06 03:01:10.748  6718  7194 I art     : Starting a blocking GC Explicit
08-06 03:01:10.768  6718  7194 I art     : Explicit concurrent mark sweep GC freed 113(5KB) AllocSpace objects, 0(0B) LOS objects, 23% free, 52MB/68MB, paused 593us total 19.137ms
08-06 03:01:10.768  6718  6729 I art     : WaitForGcToComplete blocked for 8.936ms for cause HeapTrim
08-06 03:01:10.768  6718  6718 E RecyclerView: No adapter attached; skipping layout
08-06 03:01:10.774  6718  6718 E RecyclerView: No adapter attached; skipping layout
08-06 03:01:10.787   918   936 I ActivityManager: Displayed baseline.appteam.nith.hillffair/.activities.LeaderBoardActivity: +109ms
08-06 03:01:10.788 13866 13866 I GoogleInputMethodServic: GoogleInputMethodService.onFinishInput():3138 
08-06 03:01:10.790 13866 13866 I GoogleInputMethodServic: GoogleInputMethodService.onStartInput():1808 
08-06 03:01:10.833  6718  6742 D OpenGLRenderer: endAllStagingAnimators on 0x7f7f655800 (RippleDrawable) with handle 0x7f7ede5060
08-06 03:01:11.034  6718  6747 I art     : Starting a blocking GC Explicit
08-06 03:01:11.049   380   380 W SurfaceFlinger: couldn't log to binary event log: overflow.
08-06 03:01:11.064  6718  6747 I art     : Explicit concurrent mark sweep GC freed 1537(85KB) AllocSpace objects, 1(20KB) LOS objects, 23% free, 52MB/68MB, paused 584us total 29.780ms
08-06 03:01:11.072  6718  6747 I art     : Starting a blocking GC Explicit
08-06 03:01:11.091  6718  6747 I art     : Explicit concurrent mark sweep GC freed 44(1488B) AllocSpace objects, 0(0B) LOS objects, 23% free, 52MB/68MB, paused 448us total 18.390ms
08-06 03:01:11.099  6718  6747 I art     : Starting a blocking GC Explicit
08-06 03:01:11.118  6718  6747 I art     : Explicit concurrent mark sweep GC freed 5(160B) AllocSpace objects, 0(0B) LOS objects, 23% free, 52MB/68MB, paused 498us total 19.188ms
08-06 03:01:11.126  6718  6747 I art     : Starting a blocking GC Explicit
08-06 03:01:11.145  6718  6747 I art     : Explicit concurrent mark sweep GC freed 5(160B) AllocSpace objects, 0(0B) LOS objects, 23% free, 52MB/68MB, paused 482us total 18.715ms
08-06 03:01:11.153  6718  6747 I art     : Starting a blocking GC Explicit
08-06 03:01:11.173  6718  6747 I art     : Explicit concurrent mark sweep GC freed 4(128B) AllocSpace objects, 0(0B) LOS objects, 23% free, 52MB/68MB, paused 487us total 20.067ms
08-06 03:01:11.229   512  2967 D audio_hw_primary: disable_audio_route: reset and update mixer path: low-latency-playback speaker
08-06 03:01:11.229   512  2967 D audio_hw_primary: disable_snd_device: snd_device(2: speaker)
08-06 03:01:11.238   512  2967 I soundtrigger: audio_extn_sound_trigger_update_device_status: device 0x2 of type 0 for Event 0
08-06 03:01:11.451  6718  6731 I art     : Starting a blocking GC Explicit
08-06 03:01:11.476  6718  6731 I art     : Explicit concurrent mark sweep GC freed 2516(158KB) AllocSpace objects, 3(140KB) LOS objects, 23% free, 53MB/69MB, paused 717us total 24.266ms
08-06 03:01:11.484  6718  6731 I art     : Starting a blocking GC Explicit
08-06 03:01:11.491  6718  9038 D OkHttp  : --> GET https://api-hillfair-2k16.herokuapp.com/api/app/quiz/leaderboard?from=1 http/1.1
08-06 03:01:11.506  6718  6731 I art     : Explicit concurrent mark sweep GC freed 2342(146KB) AllocSpace objects, 1(80KB) LOS objects, 23% free, 53MB/69MB, paused 511us total 21.311ms
08-06 03:01:11.514  6718  6731 I art     : Starting a blocking GC Explicit
08-06 03:01:11.522  6718  9038 D OkHttp  : <-- 200 OK https://api-hillfair-2k16.herokuapp.com/api/app/quiz/leaderboard?from=1 (30ms, 56744-byte body)
08-06 03:01:11.535  6718  6731 I art     : Explicit concurrent mark sweep GC freed 439(66KB) AllocSpace objects, 0(0B) LOS objects, 23% free, 53MB/69MB, paused 497us total 20.199ms
08-06 03:01:11.543  6718  6731 I art     : Starting a blocking GC Explicit
08-06 03:01:11.564  6718  6731 I art     : Explicit concurrent mark sweep GC freed 5866(267KB) AllocSpace objects, 0(0B) LOS objects, 23% free, 53MB/69MB, paused 523us total 21.045ms
08-06 03:01:11.572  6718  6731 I art     : Starting a blocking GC Explicit
08-06 03:01:11.593  6718  6731 I art     : Explicit concurrent mark sweep GC freed 8385(378KB) AllocSpace objects, 0(0B) LOS objects, 23% free, 53MB/69MB, paused 511us total 20.517ms
08-06 03:01:11.634  6718  6718 I NAPPA_EXPERIMENTATION: MetricNetworkRequestExecutionTime: REQUEST_DURATION_SYSTEM='920',REQUEST_DURATION_OKHTTP='31',REQUEST_SYNCHRONOUS='FALSE',RESPONSE_CODE='200',RESPONSE_METHOD='GET',RESPONSE_LENGTH_OKHTTP='56744',RESPONSE_LENGTH_HEADER='56744',REQUEST_PROTOCOL='http/1.1',REQUEST_URL='https://api-hillfair-2k16.herokuapp.com/api/app/quiz/leaderboard?from=1',
08-06 03:01:11.690   518   646 I ThermalEngine: ACTION: GPU - Setting GPU[0] to 450000000
08-06 03:01:11.877  6718  6747 I art     : Starting a blocking GC Explicit
08-06 03:01:11.913  6718  6747 I art     : Explicit concurrent mark sweep GC freed 13321(636KB) AllocSpace objects, 1(20KB) LOS objects, 23% free, 53MB/69MB, paused 636us total 35.160ms
08-06 03:01:11.924  6718  6747 I art     : Starting a blocking GC Explicit
08-06 03:01:11.954  6718  6747 I art     : Explicit concurrent mark sweep GC freed 89(3KB) AllocSpace objects, 0(0B) LOS objects, 23% free, 53MB/69MB, paused 619us total 29.110ms
08-06 03:01:11.965  6718  6747 I art     : Starting a blocking GC Explicit
08-06 03:01:11.995  6718  6747 I art     : Explicit concurrent mark sweep GC freed 3(96B) AllocSpace objects, 0(0B) LOS objects, 23% free, 53MB/69MB, paused 624us total 29.369ms
08-06 03:01:12.007  6718  6747 I art     : Starting a blocking GC Explicit
08-06 03:01:12.036  6718  6747 I art     : Explicit concurrent mark sweep GC freed 3(96B) AllocSpace objects, 0(0B) LOS objects, 23% free, 53MB/69MB, paused 620us total 29.115ms
08-06 03:01:12.048  6718  6747 I art     : Starting a blocking GC Explicit
08-06 03:01:12.077  6718  6747 I art     : Explicit concurrent mark sweep GC freed 3(96B) AllocSpace objects, 0(0B) LOS objects, 23% free, 53MB/69MB, paused 718us total 29.191ms
08-06 03:01:12.386  6718  6730 I art     : Starting a blocking GC Explicit
08-06 03:01:12.429  6718  6730 I art     : Explicit concurrent mark sweep GC freed 1344(78KB) AllocSpace objects, 1(20KB) LOS objects, 23% free, 53MB/69MB, paused 903us total 41.705ms
08-06 03:01:12.445  6718  6730 I art     : Starting a blocking GC Explicit
08-06 03:01:12.477  6718  6730 I art     : Explicit concurrent mark sweep GC freed 20(704B) AllocSpace objects, 0(0B) LOS objects, 23% free, 53MB/69MB, paused 727us total 32.368ms
08-06 03:01:12.489  6718  6730 I art     : Starting a blocking GC Explicit
08-06 03:01:12.522  6718  6730 I art     : Explicit concurrent mark sweep GC freed 3(96B) AllocSpace objects, 0(0B) LOS objects, 23% free, 53MB/69MB, paused 616us total 31.959ms
08-06 03:01:12.534  6718  6730 I art     : Starting a blocking GC Explicit
08-06 03:01:12.566  6718  6730 I art     : Explicit concurrent mark sweep GC freed 3(96B) AllocSpace objects, 0(0B) LOS objects, 23% free, 53MB/69MB, paused 736us total 31.605ms
08-06 03:01:12.577  6718  6730 I art     : Starting a blocking GC Explicit
08-06 03:01:12.608  6718  6730 I art     : Explicit concurrent mark sweep GC freed 3(96B) AllocSpace objects, 0(0B) LOS objects, 23% free, 53MB/69MB, paused 656us total 30.475ms
08-06 03:01:12.935  6718  7194 I art     : Starting a blocking GC Explicit
08-06 03:01:12.975  6718  7194 I art     : Explicit concurrent mark sweep GC freed 1344(78KB) AllocSpace objects, 1(20KB) LOS objects, 23% free, 53MB/69MB, paused 711us total 39.833ms
08-06 03:01:12.990  6718  7194 I art     : Starting a blocking GC Explicit
08-06 03:01:13.022  6718  7194 I art     : Explicit concurrent mark sweep GC freed 20(704B) AllocSpace objects, 0(0B) LOS objects, 23% free, 53MB/69MB, paused 624us total 32.295ms
08-06 03:01:13.034  6718  7194 I art     : Starting a blocking GC Explicit
08-06 03:01:13.065  6718  7194 I art     : Explicit concurrent mark sweep GC freed 3(96B) AllocSpace objects, 0(0B) LOS objects, 23% free, 53MB/69MB, paused 613us total 30.806ms
08-06 03:01:13.077  6718  7194 I art     : Starting a blocking GC Explicit
08-06 03:01:13.108  6718  7194 I art     : Explicit concurrent mark sweep GC freed 3(96B) AllocSpace objects, 0(0B) LOS objects, 23% free, 53MB/69MB, paused 680us total 30.803ms
08-06 03:01:13.120  6718  7194 I art     : Starting a blocking GC Explicit
08-06 03:01:13.151  6718  7194 I art     : Explicit concurrent mark sweep GC freed 3(96B) AllocSpace objects, 0(0B) LOS objects, 23% free, 53MB/69MB, paused 620us total 31.303ms
08-06 03:01:13.475  6718  6731 I art     : Starting a blocking GC Explicit
08-06 03:01:13.512  6718  6731 I art     : Explicit concurrent mark sweep GC freed 1344(78KB) AllocSpace objects, 1(20KB) LOS objects, 23% free, 53MB/69MB, paused 687us total 36.887ms
08-06 03:01:13.527  6718  6731 I art     : Starting a blocking GC Explicit
08-06 03:01:13.561  6718  6731 I art     : Explicit concurrent mark sweep GC freed 20(704B) AllocSpace objects, 0(0B) LOS objects, 23% free, 53MB/69MB, paused 604us total 33.746ms
08-06 03:01:13.573  6718  6731 I art     : Starting a blocking GC Explicit
08-06 03:01:13.605  6718  6731 I art     : Explicit concurrent mark sweep GC freed 3(96B) AllocSpace objects, 0(0B) LOS objects, 23% free, 53MB/69MB, paused 643us total 31.916ms
08-06 03:01:13.617  6718  6731 I art     : Starting a blocking GC Explicit
08-06 03:01:13.648  6718  6731 I art     : Explicit concurrent mark sweep GC freed 3(96B) AllocSpace objects, 0(0B) LOS objects, 23% free, 53MB/69MB, paused 645us total 31.564ms
08-06 03:01:13.660  6718  6731 I art     : Starting a blocking GC Explicit
08-06 03:01:13.690  6718  6731 I art     : Explicit concurrent mark sweep GC freed 3(96B) AllocSpace objects, 0(0B) LOS objects, 23% free, 53MB/69MB, paused 650us total 29.233ms
08-06 03:01:13.707   918   937 W ProcessCpuTracker: Skipping unknown process pid 9100
08-06 03:01:13.707   918   937 W ProcessCpuTracker: Skipping unknown process pid 9101
08-06 03:01:14.024  6718  7849 I art     : Starting a blocking GC Explicit
08-06 03:01:14.062  6718  7849 I art     : Explicit concurrent mark sweep GC freed 1344(78KB) AllocSpace objects, 1(20KB) LOS objects, 23% free, 53MB/69MB, paused 645us total 36.953ms
08-06 03:01:14.076  6718  7849 I art     : Starting a blocking GC Explicit
08-06 03:01:14.108  6718  7849 I art     : Explicit concurrent mark sweep GC freed 20(704B) AllocSpace objects, 0(0B) LOS objects, 23% free, 53MB/69MB, paused 667us total 32.150ms
08-06 03:01:14.120  6718  7849 I art     : Starting a blocking GC Explicit
08-06 03:01:14.152  6718  7849 I art     : Explicit concurrent mark sweep GC freed 3(96B) AllocSpace objects, 0(0B) LOS objects, 23% free, 53MB/69MB, paused 633us total 31.603ms
08-06 03:01:14.164  6718  7849 I art     : Starting a blocking GC Explicit
08-06 03:01:14.194  6718  7849 I art     : Explicit concurrent mark sweep GC freed 3(96B) AllocSpace objects, 0(0B) LOS objects, 23% free, 53MB/69MB, paused 619us total 29.862ms
08-06 03:01:14.205  6718  7849 I art     : Starting a blocking GC Explicit
08-06 03:01:14.236  6718  7849 I art     : Explicit concurrent mark sweep GC freed 3(96B) AllocSpace objects, 0(0B) LOS objects, 23% free, 53MB/69MB, paused 634us total 30.737ms
08-06 03:01:14.554  6718  6747 I art     : Starting a blocking GC Explicit
08-06 03:01:14.593  6718  6747 I art     : Explicit concurrent mark sweep GC freed 1344(78KB) AllocSpace objects, 1(20KB) LOS objects, 23% free, 53MB/69MB, paused 630us total 39.265ms
08-06 03:01:14.602   918  3261 D WifiStateMachine: starting scan for "H369AA63323"WPA_PSK with 2412,5180
08-06 03:01:14.605  6718  6747 I art     : Starting a blocking GC Explicit
08-06 03:01:14.636  6718  6747 I art     : Explicit concurrent mark sweep GC freed 20(704B) AllocSpace objects, 0(0B) LOS objects, 23% free, 53MB/69MB, paused 629us total 30.974ms
08-06 03:01:14.648  6718  6747 I art     : Starting a blocking GC Explicit
08-06 03:01:14.679  6718  6747 I art     : Explicit concurrent mark sweep GC freed 3(96B) AllocSpace objects, 0(0B) LOS objects, 23% free, 53MB/69MB, paused 704us total 30.622ms
08-06 03:01:14.690  6718  6747 I art     : Starting a blocking GC Explicit
08-06 03:01:14.721  6718  6747 I art     : Explicit concurrent mark sweep GC freed 3(96B) AllocSpace objects, 0(0B) LOS objects, 23% free, 53MB/69MB, paused 612us total 30.237ms
08-06 03:01:14.733  6718  6747 I art     : Starting a blocking GC Explicit
08-06 03:01:14.764  6718  6747 I art     : Explicit concurrent mark sweep GC freed 3(96B) AllocSpace objects, 0(0B) LOS objects, 23% free, 53MB/69MB, paused 623us total 30.963ms
08-06 03:01:15.072  6718  6730 I art     : Starting a blocking GC Explicit
08-06 03:01:15.102  6718  6730 I art     : Explicit concurrent mark sweep GC freed 1344(78KB) AllocSpace objects, 1(20KB) LOS objects, 23% free, 53MB/69MB, paused 637us total 29.616ms
08-06 03:01:15.113  6718  6730 I art     : Starting a blocking GC Explicit
08-06 03:01:15.142  6718  6730 I art     : Explicit concurrent mark sweep GC freed 20(704B) AllocSpace objects, 0(0B) LOS objects, 23% free, 53MB/69MB, paused 609us total 28.442ms
08-06 03:01:15.153  6718  6730 I art     : Starting a blocking GC Explicit
08-06 03:01:15.183  6718  6730 I art     : Explicit concurrent mark sweep GC freed 3(96B) AllocSpace objects, 0(0B) LOS objects, 23% free, 53MB/69MB, paused 629us total 29.439ms
08-06 03:01:15.194  6718  6730 I art     : Starting a blocking GC Explicit
08-06 03:01:15.224  6718  6730 I art     : Explicit concurrent mark sweep GC freed 3(96B) AllocSpace objects, 0(0B) LOS objects, 23% free, 53MB/69MB, paused 649us total 29.122ms
08-06 03:01:15.235  6718  6730 I art     : Starting a blocking GC Explicit
08-06 03:01:15.265  6718  6730 I art     : Explicit concurrent mark sweep GC freed 3(96B) AllocSpace objects, 0(0B) LOS objects, 23% free, 53MB/69MB, paused 642us total 29.541ms
08-06 03:01:15.468  9122  9122 D AndroidRuntime: >>>>>> START com.android.internal.os.RuntimeInit uid 2000 <<<<<<
08-06 03:01:15.473  9122  9122 D AndroidRuntime: CheckJNI is OFF
08-06 03:01:15.514  9122  9122 D ICU     : No timezone override file found: /data/misc/zoneinfo/current/icu/icu_tzdata.dat
08-06 03:01:15.539  6516  6516 I ServiceManager: Waiting for service AtCmdFwd...
08-06 03:01:15.556  9122  9122 I Radio-JNI: register_android_hardware_Radio DONE
08-06 03:01:15.586  9122  9122 D AndroidRuntime: Calling main entry com.android.commands.input.Input
08-06 03:01:15.588  9122  9122 I Input   : injectKeyEvent: KeyEvent { action=ACTION_DOWN, keyCode=KEYCODE_BACK, scanCode=0, metaState=0, flags=0x0, repeatCount=0, eventTime=846092001, downTime=846092001, deviceId=-1, source=0x101 }
08-06 03:01:15.588  6718  7194 I art     : Starting a blocking GC Explicit
08-06 03:01:15.592  9122  9122 I Input   : injectKeyEvent: KeyEvent { action=ACTION_UP, keyCode=KEYCODE_BACK, scanCode=0, metaState=0, flags=0x0, repeatCount=0, eventTime=846092001, downTime=846092001, deviceId=-1, source=0x101 }
08-06 03:01:15.597  9122  9122 D AndroidRuntime: Shutting down VM
08-06 03:01:15.617  6718  7194 I art     : Explicit concurrent mark sweep GC freed 1440(83KB) AllocSpace objects, 1(20KB) LOS objects, 23% free, 53MB/69MB, paused 718us total 28.675ms
08-06 03:01:15.629  6718  7194 I art     : Starting a blocking GC Explicit
08-06 03:01:15.638 13866 13866 I GoogleInputMethodServic: GoogleInputMethodService.onFinishInput():3138 
08-06 03:01:15.638 13866 13866 I GoogleInputMethodServic: GoogleInputMethodService.onStartInput():1808 
08-06 03:01:15.655  6718  7194 I art     : Explicit concurrent mark sweep GC freed 59(2128B) AllocSpace objects, 0(0B) LOS objects, 23% free, 53MB/69MB, paused 624us total 25.771ms
08-06 03:01:15.667  6718  7194 I art     : Starting a blocking GC Explicit
08-06 03:01:15.693  6718  7194 I art     : Explicit concurrent mark sweep GC freed 11(384B) AllocSpace objects, 0(0B) LOS objects, 23% free, 53MB/69MB, paused 643us total 25.674ms
08-06 03:01:15.694   518   646 I ThermalEngine: ACTION: GPU - Setting GPU[0] to 510000000
08-06 03:01:15.705  6718  7194 I art     : Starting a blocking GC Explicit
08-06 03:01:15.729  6718  7194 I art     : Explicit concurrent mark sweep GC freed 3(96B) AllocSpace objects, 0(0B) LOS objects, 23% free, 53MB/69MB, paused 439us total 24.132ms
08-06 03:01:15.738  6718  7194 I art     : Starting a blocking GC Explicit
08-06 03:01:15.758  6718  7194 I art     : Explicit concurrent mark sweep GC freed 3(96B) AllocSpace objects, 0(0B) LOS objects, 23% free, 53MB/69MB, paused 407us total 20.745ms
08-06 03:01:15.936   380   380 W SurfaceFlinger: couldn't log to binary event log: overflow.
08-06 03:01:16.013  6718  7194 I art     : Starting a blocking GC Explicit
08-06 03:01:16.037  6718  7194 I art     : Explicit concurrent mark sweep GC freed 1463(87KB) AllocSpace objects, 1(20KB) LOS objects, 23% free, 53MB/69MB, paused 480us total 23.717ms
08-06 03:01:16.045  6718  7194 I art     : Starting a blocking GC Explicit
08-06 03:01:16.068  6718  7194 I art     : Explicit concurrent mark sweep GC freed 4698(269KB) AllocSpace objects, 2(140KB) LOS objects, 23% free, 52MB/68MB, paused 576us total 21.940ms
08-06 03:01:16.076  6718  7194 I art     : Starting a blocking GC Explicit
08-06 03:01:16.097  6718  7194 I art     : Explicit concurrent mark sweep GC freed 3(96B) AllocSpace objects, 0(0B) LOS objects, 23% free, 52MB/68MB, paused 534us total 20.605ms
08-06 03:01:16.106  6718  7194 I art     : Starting a blocking GC Explicit
08-06 03:01:16.127  6718  7194 I art     : Explicit concurrent mark sweep GC freed 3(96B) AllocSpace objects, 0(0B) LOS objects, 23% free, 52MB/68MB, paused 490us total 21.436ms
08-06 03:01:16.136  6718  7194 I art     : Starting a blocking GC Explicit
08-06 03:01:16.158  6718  7194 I art     : Explicit concurrent mark sweep GC freed 3(96B) AllocSpace objects, 0(0B) LOS objects, 23% free, 52MB/68MB, paused 482us total 21.334ms
08-06 03:01:16.452  6718  6731 I art     : Starting a blocking GC Explicit
08-06 03:01:16.479  6718  6731 I art     : Explicit concurrent mark sweep GC freed 1344(78KB) AllocSpace objects, 1(20KB) LOS objects, 23% free, 52MB/68MB, paused 498us total 26.772ms
08-06 03:01:16.492  6718  6731 I art     : Starting a blocking GC Explicit
08-06 03:01:16.514  6718  6731 I art     : Explicit concurrent mark sweep GC freed 20(704B) AllocSpace objects, 0(0B) LOS objects, 23% free, 52MB/68MB, paused 465us total 22.113ms
08-06 03:01:16.523  6718  6731 I art     : Starting a blocking GC Explicit
08-06 03:01:16.539  6516  6516 I ServiceManager: Waiting for service AtCmdFwd...
08-06 03:01:16.545  6718  6731 I art     : Explicit concurrent mark sweep GC freed 3(96B) AllocSpace objects, 0(0B) LOS objects, 23% free, 52MB/68MB, paused 459us total 21.624ms
08-06 03:01:16.554  6718  6731 I art     : Starting a blocking GC Explicit
08-06 03:01:16.576  6718  6731 I art     : Explicit concurrent mark sweep GC freed 3(96B) AllocSpace objects, 0(0B) LOS objects, 23% free, 52MB/68MB, paused 435us total 21.723ms
08-06 03:01:16.585  6718  6731 I art     : Starting a blocking GC Explicit
08-06 03:01:16.606  6718  6731 I art     : Explicit concurrent mark sweep GC freed 3(96B) AllocSpace objects, 0(0B) LOS objects, 23% free, 52MB/68MB, paused 457us total 21.030ms
08-06 03:01:16.892  6718  6747 I art     : Starting a blocking GC Explicit
08-06 03:01:16.915  6718  6747 I art     : Explicit concurrent mark sweep GC freed 1343(78KB) AllocSpace objects, 1(20KB) LOS objects, 23% free, 52MB/68MB, paused 482us total 22.093ms
08-06 03:01:16.924  6718  6747 I art     : Starting a blocking GC Explicit
08-06 03:01:16.945  6718  6747 I art     : Explicit concurrent mark sweep GC freed 20(704B) AllocSpace objects, 0(0B) LOS objects, 23% free, 52MB/68MB, paused 466us total 21.231ms
08-06 03:01:16.954  6718  6747 I art     : Starting a blocking GC Explicit
08-06 03:01:16.975  6718  6747 I art     : Explicit concurrent mark sweep GC freed 3(96B) AllocSpace objects, 0(0B) LOS objects, 23% free, 52MB/68MB, paused 451us total 20.343ms
08-06 03:01:16.983  6718  6747 I art     : Starting a blocking GC Explicit
08-06 03:01:17.004  6718  6747 I art     : Explicit concurrent mark sweep GC freed 3(96B) AllocSpace objects, 0(0B) LOS objects, 23% free, 52MB/68MB, paused 471us total 20.830ms
08-06 03:01:17.013  6718  6747 I art     : Starting a blocking GC Explicit
08-06 03:01:17.033  6718  6747 I art     : Explicit concurrent mark sweep GC freed 3(96B) AllocSpace objects, 0(0B) LOS objects, 23% free, 52MB/68MB, paused 471us total 20.157ms
08-06 03:01:17.262  9186  9186 D AndroidRuntime: >>>>>> START com.android.internal.os.RuntimeInit uid 2000 <<<<<<
08-06 03:01:17.267  9186  9186 D AndroidRuntime: CheckJNI is OFF
08-06 03:01:17.302  9186  9186 D ICU     : No timezone override file found: /data/misc/zoneinfo/current/icu/icu_tzdata.dat
08-06 03:01:17.313  6718  6730 I art     : Starting a blocking GC Explicit
08-06 03:01:17.334  6718  6730 I art     : Explicit concurrent mark sweep GC freed 1370(79KB) AllocSpace objects, 1(20KB) LOS objects, 23% free, 52MB/68MB, paused 505us total 21.192ms
08-06 03:01:17.336  9186  9186 I Radio-JNI: register_android_hardware_Radio DONE
08-06 03:01:17.343  6718  6730 I art     : Starting a blocking GC Explicit
08-06 03:01:17.360  9186  9186 D AndroidRuntime: Calling main entry com.android.commands.input.Input
08-06 03:01:17.362  9186  9186 I Input   : injectKeyEvent: KeyEvent { action=ACTION_DOWN, keyCode=KEYCODE_BACK, scanCode=0, metaState=0, flags=0x0, repeatCount=0, eventTime=846093775, downTime=846093775, deviceId=-1, source=0x101 }
08-06 03:01:17.363  6718  6730 I art     : Explicit concurrent mark sweep GC freed 37(1232B) AllocSpace objects, 0(0B) LOS objects, 23% free, 52MB/68MB, paused 475us total 20.341ms
08-06 03:01:17.367  9186  9186 I Input   : injectKeyEvent: KeyEvent { action=ACTION_UP, keyCode=KEYCODE_BACK, scanCode=0, metaState=0, flags=0x0, repeatCount=0, eventTime=846093775, downTime=846093775, deviceId=-1, source=0x101 }
08-06 03:01:17.371  6718  6730 I art     : Starting a blocking GC Explicit
08-06 03:01:17.372  9186  9186 D AndroidRuntime: Shutting down VM
08-06 03:01:17.391  6718  6730 I art     : Explicit concurrent mark sweep GC freed 26(944B) AllocSpace objects, 0(0B) LOS objects, 23% free, 52MB/68MB, paused 450us total 19.850ms
08-06 03:01:17.400  6718  6730 I art     : Starting a blocking GC Explicit
08-06 03:01:17.419  6718  6730 I art     : Explicit concurrent mark sweep GC freed 126(5KB) AllocSpace objects, 0(0B) LOS objects, 23% free, 52MB/68MB, paused 444us total 19.269ms
08-06 03:01:17.428  6718  6730 I art     : Starting a blocking GC Explicit
08-06 03:01:17.446  6718  6730 I art     : Explicit concurrent mark sweep GC freed 5(160B) AllocSpace objects, 0(0B) LOS objects, 23% free, 52MB/68MB, paused 423us total 18.085ms
08-06 03:01:17.467 13866 13866 I GoogleInputMethodServic: GoogleInputMethodService.onFinishInput():3138 
08-06 03:01:17.468 13866 13866 I GoogleInputMethodServic: GoogleInputMethodService.onStartInput():1808 
08-06 03:01:17.540  6516  6516 I ServiceManager: Waiting for service AtCmdFwd...
08-06 03:01:17.726  6718  6730 I art     : Starting a blocking GC Explicit
08-06 03:01:17.749  6718  6730 I art     : Explicit concurrent mark sweep GC freed 1399(80KB) AllocSpace objects, 1(20KB) LOS objects, 23% free, 52MB/68MB, paused 408us total 22.458ms
08-06 03:01:17.755   380   380 W SurfaceFlinger: couldn't log to binary event log: overflow.
08-06 03:01:17.758  6718  6730 I art     : Starting a blocking GC Explicit
08-06 03:01:17.780  6718  6730 I art     : Explicit concurrent mark sweep GC freed 139(9KB) AllocSpace objects, 0(0B) LOS objects, 23% free, 52MB/68MB, paused 432us total 21.745ms
08-06 03:01:17.789  6718  6730 I art     : Starting a blocking GC Explicit
08-06 03:01:17.808  6718  6730 I art     : Explicit concurrent mark sweep GC freed 119(6KB) AllocSpace objects, 0(0B) LOS objects, 23% free, 52MB/68MB, paused 432us total 18.782ms
08-06 03:01:17.816  6718  6730 I art     : Starting a blocking GC Explicit
08-06 03:01:17.836  6718  6730 I art     : Explicit concurrent mark sweep GC freed 1966(116KB) AllocSpace objects, 3(340KB) LOS objects, 23% free, 52MB/68MB, paused 439us total 19.283ms
08-06 03:01:17.844  6718  6730 I art     : Starting a blocking GC Explicit
08-06 03:01:17.864  6718  6730 I art     : Explicit concurrent mark sweep GC freed 3(96B) AllocSpace objects, 0(0B) LOS objects, 23% free, 52MB/68MB, paused 447us total 19.560ms
08-06 03:01:18.140  6718  6731 I art     : Starting a blocking GC Explicit
08-06 03:01:18.166  6718  6731 I art     : Explicit concurrent mark sweep GC freed 1344(78KB) AllocSpace objects, 1(20KB) LOS objects, 23% free, 52MB/68MB, paused 486us total 25.999ms
08-06 03:01:18.178  6718  6731 I art     : Starting a blocking GC Explicit
08-06 03:01:18.204  6718  6731 I art     : Explicit concurrent mark sweep GC freed 20(704B) AllocSpace objects, 0(0B) LOS objects, 23% free, 52MB/68MB, paused 502us total 25.322ms
08-06 03:01:18.214  6718  6731 I art     : Starting a blocking GC Explicit
08-06 03:01:18.235  6718  6731 I art     : Explicit concurrent mark sweep GC freed 3(96B) AllocSpace objects, 0(0B) LOS objects, 23% free, 52MB/68MB, paused 451us total 20.939ms
08-06 03:01:18.244  6718  6731 I art     : Starting a blocking GC Explicit
08-06 03:01:18.265  6718  6731 I art     : Explicit concurrent mark sweep GC freed 3(96B) AllocSpace objects, 0(0B) LOS objects, 23% free, 52MB/68MB, paused 453us total 20.613ms
08-06 03:01:18.274  6718  6731 I art     : Starting a blocking GC Explicit
08-06 03:01:18.294  6718  6731 I art     : Explicit concurrent mark sweep GC freed 3(96B) AllocSpace objects, 0(0B) LOS objects, 23% free, 52MB/68MB, paused 489us total 20.179ms
08-06 03:01:18.540  6516  6516 I ServiceManager: Waiting for service AtCmdFwd...
08-06 03:01:18.591  6718  7194 I art     : Starting a blocking GC Explicit
08-06 03:01:18.616  6718  7194 I art     : Explicit concurrent mark sweep GC freed 1341(78KB) AllocSpace objects, 1(20KB) LOS objects, 23% free, 52MB/68MB, paused 450us total 24.592ms
08-06 03:01:18.625  6718  7194 I art     : Starting a blocking GC Explicit
08-06 03:01:18.645  6718  7194 I art     : Explicit concurrent mark sweep GC freed 20(704B) AllocSpace objects, 0(0B) LOS objects, 23% free, 52MB/68MB, paused 461us total 19.832ms
08-06 03:01:18.653  6718  7194 I art     : Starting a blocking GC Explicit
08-06 03:01:18.672  6718  7194 I art     : Explicit concurrent mark sweep GC freed 3(96B) AllocSpace objects, 0(0B) LOS objects, 23% free, 52MB/68MB, paused 452us total 19.337ms
08-06 03:01:18.681  6718  7194 I art     : Starting a blocking GC Explicit
08-06 03:01:18.701   518   646 I ThermalEngine: ACTION: GPU - Setting GPU[0] to 450000000
08-06 03:01:18.701  6718  7194 I art     : Explicit concurrent mark sweep GC freed 3(96B) AllocSpace objects, 0(0B) LOS objects, 23% free, 52MB/68MB, paused 1.878ms total 20.578ms
08-06 03:01:18.712  6718  7194 I art     : Starting a blocking GC Explicit
08-06 03:01:18.735  6718  7194 I art     : Explicit concurrent mark sweep GC freed 3(96B) AllocSpace objects, 0(0B) LOS objects, 23% free, 52MB/68MB, paused 574us total 23.030ms
08-06 03:01:19.021  6718  6747 I art     : Starting a blocking GC Explicit
08-06 03:01:19.049  6718  6747 I art     : Explicit concurrent mark sweep GC freed 1341(78KB) AllocSpace objects, 1(20KB) LOS objects, 23% free, 52MB/68MB, paused 676us total 27.553ms
08-06 03:01:19.060  6718  6747 I art     : Starting a blocking GC Explicit
08-06 03:01:19.087  6718  6747 I art     : Explicit concurrent mark sweep GC freed 20(704B) AllocSpace objects, 0(0B) LOS objects, 23% free, 52MB/68MB, paused 705us total 26.959ms
08-06 03:01:19.098  6718  6747 I art     : Starting a blocking GC Explicit
08-06 03:01:19.125  6718  6747 I art     : Explicit concurrent mark sweep GC freed 3(96B) AllocSpace objects, 0(0B) LOS objects, 23% free, 52MB/68MB, paused 640us total 26.661ms
08-06 03:01:19.137  6718  6747 I art     : Starting a blocking GC Explicit
08-06 03:01:19.137  9239  9239 D AndroidRuntime: >>>>>> START com.android.internal.os.RuntimeInit uid 2000 <<<<<<
08-06 03:01:19.144  9239  9239 D AndroidRuntime: CheckJNI is OFF
08-06 03:01:19.163  6718  6747 I art     : Explicit concurrent mark sweep GC freed 3(96B) AllocSpace objects, 0(0B) LOS objects, 23% free, 52MB/68MB, paused 623us total 26.152ms
08-06 03:01:19.174  6718  6747 I art     : Starting a blocking GC Explicit
08-06 03:01:19.192  9239  9239 D ICU     : No timezone override file found: /data/misc/zoneinfo/current/icu/icu_tzdata.dat
08-06 03:01:19.199  6718  6747 I art     : Explicit concurrent mark sweep GC freed 3(96B) AllocSpace objects, 0(0B) LOS objects, 23% free, 52MB/68MB, paused 574us total 25.091ms
08-06 03:01:19.237  9239  9239 I Radio-JNI: register_android_hardware_Radio DONE
08-06 03:01:19.267  9239  9239 D AndroidRuntime: Calling main entry com.android.commands.input.Input
08-06 03:01:19.269  9239  9239 I Input   : injectMotionEvent: MotionEvent { action=ACTION_DOWN, actionButton=0, id[0]=0, x[0]=1053.0, y[0]=1173.0, toolType[0]=TOOL_TYPE_UNKNOWN, buttonState=0, metaState=0, flags=0x0, edgeFlags=0x0, pointerCount=1, historySize=0, eventTime=846095682, downTime=846095682, deviceId=0, source=0x1002 }
08-06 03:01:19.275  9239  9239 I Input   : injectMotionEvent: MotionEvent { action=ACTION_UP, actionButton=0, id[0]=0, x[0]=1053.0, y[0]=1173.0, toolType[0]=TOOL_TYPE_UNKNOWN, buttonState=0, metaState=0, flags=0x0, edgeFlags=0x0, pointerCount=1, historySize=0, eventTime=846095682, downTime=846095682, deviceId=0, source=0x1002 }
08-06 03:01:19.277   918  6112 I ActivityManager: START u0 {cmp=baseline.appteam.nith.hillffair/.activities.QuizActivity} from uid 10697 on display 0
08-06 03:01:19.286  9239  9239 D AndroidRuntime: Shutting down VM
08-06 03:01:19.388   918   936 I ActivityManager: Displayed baseline.appteam.nith.hillffair/.activities.QuizActivity: +101ms
08-06 03:01:19.389 13866 13866 I GoogleInputMethodServic: GoogleInputMethodService.onFinishInput():3138 
08-06 03:01:19.390 13866 13866 I GoogleInputMethodServic: GoogleInputMethodService.onStartInput():1808 
08-06 03:01:19.477  6718  6731 I art     : Starting a blocking GC Explicit
08-06 03:01:19.503  6718  6731 I art     : Explicit concurrent mark sweep GC freed 2155(133KB) AllocSpace objects, 1(20KB) LOS objects, 23% free, 52MB/68MB, paused 602us total 25.442ms
08-06 03:01:19.516  6718  6731 I art     : Starting a blocking GC Explicit
08-06 03:01:19.541  6516  6516 I ServiceManager: Waiting for service AtCmdFwd...
08-06 03:01:19.546  6718  6731 I art     : Explicit concurrent mark sweep GC freed 187(8KB) AllocSpace objects, 0(0B) LOS objects, 23% free, 52MB/68MB, paused 599us total 29.430ms
08-06 03:01:19.558  6718  6731 I art     : Starting a blocking GC Explicit
08-06 03:01:19.587  6718  6731 I art     : Explicit concurrent mark sweep GC freed 3(96B) AllocSpace objects, 0(0B) LOS objects, 23% free, 52MB/68MB, paused 709us total 28.869ms
08-06 03:01:19.600  6718  6731 I art     : Starting a blocking GC Explicit
08-06 03:01:19.632  6718  6731 I art     : Explicit concurrent mark sweep GC freed 3(96B) AllocSpace objects, 0(0B) LOS objects, 23% free, 52MB/68MB, paused 781us total 32.115ms
08-06 03:01:19.641   380   380 W SurfaceFlinger: couldn't log to binary event log: overflow.
08-06 03:01:19.644  6718  6731 I art     : Starting a blocking GC Explicit
08-06 03:01:19.667  6718  6731 I art     : Explicit concurrent mark sweep GC freed 3(96B) AllocSpace objects, 0(0B) LOS objects, 23% free, 52MB/68MB, paused 622us total 22.818ms
08-06 03:01:19.967  6718  6747 I art     : Starting a blocking GC Explicit
08-06 03:01:20.000  6718  6747 I art     : Explicit concurrent mark sweep GC freed 1413(82KB) AllocSpace objects, 1(20KB) LOS objects, 23% free, 52MB/68MB, paused 678us total 32.252ms
08-06 03:01:20.014  6718  6747 I art     : Starting a blocking GC Explicit
08-06 03:01:20.041  6718  6747 I art     : Explicit concurrent mark sweep GC freed 20(704B) AllocSpace objects, 0(0B) LOS objects, 23% free, 52MB/68MB, paused 595us total 26.750ms
08-06 03:01:20.052  6718  6747 I art     : Starting a blocking GC Explicit
08-06 03:01:20.079  6718  6747 I art     : Explicit concurrent mark sweep GC freed 3(96B) AllocSpace objects, 0(0B) LOS objects, 23% free, 52MB/68MB, paused 570us total 26.474ms
08-06 03:01:20.090  6718  6747 I art     : Starting a blocking GC Explicit
08-06 03:01:20.117  6718  6747 I art     : Explicit concurrent mark sweep GC freed 3(96B) AllocSpace objects, 0(0B) LOS objects, 23% free, 52MB/68MB, paused 655us total 27.011ms
08-06 03:01:20.129  6718  6747 I art     : Starting a blocking GC Explicit
08-06 03:01:20.156  6718  6747 I art     : Explicit concurrent mark sweep GC freed 3(96B) AllocSpace objects, 0(0B) LOS objects, 23% free, 52MB/68MB, paused 583us total 27.008ms
08-06 03:01:20.456  6718  6731 I art     : Starting a blocking GC Explicit
08-06 03:01:20.488  6718  6731 I art     : Explicit concurrent mark sweep GC freed 1343(78KB) AllocSpace objects, 1(20KB) LOS objects, 23% free, 52MB/68MB, paused 834us total 32.254ms
08-06 03:01:20.502  6718  6731 I art     : Starting a blocking GC Explicit
08-06 03:01:20.530  6718  6731 I art     : Explicit concurrent mark sweep GC freed 20(704B) AllocSpace objects, 0(0B) LOS objects, 23% free, 52MB/68MB, paused 595us total 27.047ms
08-06 03:01:20.541  6718  6731 I art     : Starting a blocking GC Explicit
08-06 03:01:20.541  6516  6516 W Atfwd_Sendcmd: AtCmdFwd service not published, waiting... retryCnt : 5
08-06 03:01:20.568  6718  6731 I art     : Explicit concurrent mark sweep GC freed 3(96B) AllocSpace objects, 0(0B) LOS objects, 23% free, 52MB/68MB, paused 612us total 26.855ms
08-06 03:01:20.579  6718  6731 I art     : Starting a blocking GC Explicit
08-06 03:01:20.606  6718  6731 I art     : Explicit concurrent mark sweep GC freed 3(96B) AllocSpace objects, 0(0B) LOS objects, 23% free, 52MB/68MB, paused 598us total 26.828ms
08-06 03:01:20.618  6718  6731 I art     : Starting a blocking GC Explicit
08-06 03:01:20.645  6718  6731 I art     : Explicit concurrent mark sweep GC freed 3(96B) AllocSpace objects, 0(0B) LOS objects, 23% free, 52MB/68MB, paused 611us total 27.131ms
08-06 03:01:20.957  6718  7194 I art     : Starting a blocking GC Explicit
08-06 03:01:20.983  6718  7194 I art     : Explicit concurrent mark sweep GC freed 1350(78KB) AllocSpace objects, 1(20KB) LOS objects, 23% free, 52MB/68MB, paused 550us total 24.881ms
08-06 03:01:20.993  6718  7194 I art     : Starting a blocking GC Explicit
08-06 03:01:21.018  6718  7194 I art     : Explicit concurrent mark sweep GC freed 24(832B) AllocSpace objects, 0(0B) LOS objects, 23% free, 52MB/68MB, paused 559us total 24.811ms
08-06 03:01:21.029  6718  7194 I art     : Starting a blocking GC Explicit
08-06 03:01:21.054  6718  7194 I art     : Explicit concurrent mark sweep GC freed 7(224B) AllocSpace objects, 0(0B) LOS objects, 23% free, 52MB/68MB, paused 570us total 24.692ms
08-06 03:01:21.066  6718  7194 I art     : Starting a blocking GC Explicit
08-06 03:01:21.092  6718  7194 I art     : Explicit concurrent mark sweep GC freed 8(256B) AllocSpace objects, 0(0B) LOS objects, 23% free, 52MB/68MB, paused 544us total 26.071ms
08-06 03:01:21.103  6718  7194 I art     : Starting a blocking GC Explicit
08-06 03:01:21.129  6718  7194 I art     : Explicit concurrent mark sweep GC freed 7(224B) AllocSpace objects, 0(0B) LOS objects, 23% free, 52MB/68MB, paused 655us total 25.766ms
08-06 03:01:21.129  6718  6729 I art     : WaitForGcToComplete blocked for 24.460ms for cause HeapTrim
08-06 03:01:21.460  6718  7194 I art     : Starting a blocking GC Explicit
08-06 03:01:21.493  6718  7194 I art     : Explicit concurrent mark sweep GC freed 1349(78KB) AllocSpace objects, 1(20KB) LOS objects, 23% free, 52MB/68MB, paused 631us total 32.794ms
08-06 03:01:21.508  6718  7194 I art     : Starting a blocking GC Explicit
08-06 03:01:21.535  6718  7194 I art     : Explicit concurrent mark sweep GC freed 20(704B) AllocSpace objects, 0(0B) LOS objects, 23% free, 52MB/68MB, paused 565us total 27.075ms
08-06 03:01:21.546  6718  7194 I art     : Starting a blocking GC Explicit
08-06 03:01:21.572  6718  7194 I art     : Explicit concurrent mark sweep GC freed 3(96B) AllocSpace objects, 0(0B) LOS objects, 23% free, 52MB/68MB, paused 573us total 25.764ms
08-06 03:01:21.583  6718  7194 I art     : Starting a blocking GC Explicit
08-06 03:01:21.609  6718  7194 I art     : Explicit concurrent mark sweep GC freed 3(96B) AllocSpace objects, 0(0B) LOS objects, 23% free, 52MB/68MB, paused 596us total 25.597ms
08-06 03:01:21.620  6718  7194 I art     : Starting a blocking GC Explicit
08-06 03:01:21.646  6718  7194 I art     : Explicit concurrent mark sweep GC freed 3(96B) AllocSpace objects, 0(0B) LOS objects, 23% free, 52MB/68MB, paused 601us total 25.483ms
08-06 03:01:21.974  6718  7849 I art     : Starting a blocking GC Explicit
08-06 03:01:22.003  6718  7849 I art     : Explicit concurrent mark sweep GC freed 1343(78KB) AllocSpace objects, 1(20KB) LOS objects, 23% free, 52MB/68MB, paused 608us total 28.279ms
08-06 03:01:22.014  6718  7849 I art     : Starting a blocking GC Explicit
08-06 03:01:22.041  6718  7849 I art     : Explicit concurrent mark sweep GC freed 20(704B) AllocSpace objects, 0(0B) LOS objects, 23% free, 52MB/68MB, paused 626us total 27.179ms
08-06 03:01:22.052  6718  7849 I art     : Starting a blocking GC Explicit
08-06 03:01:22.077  9322  9322 D AndroidRuntime: >>>>>> START com.android.internal.os.RuntimeInit uid 2000 <<<<<<
08-06 03:01:22.080  6718  7849 I art     : Explicit concurrent mark sweep GC freed 3(96B) AllocSpace objects, 0(0B) LOS objects, 23% free, 52MB/68MB, paused 622us total 27.442ms
08-06 03:01:22.083  9322  9322 D AndroidRuntime: CheckJNI is OFF
08-06 03:01:22.091  6718  7849 I art     : Starting a blocking GC Explicit
08-06 03:01:22.118  6718  7849 I art     : Explicit concurrent mark sweep GC freed 3(96B) AllocSpace objects, 0(0B) LOS objects, 23% free, 52MB/68MB, paused 619us total 26.576ms
08-06 03:01:22.129  6718  7849 I art     : Starting a blocking GC Explicit
08-06 03:01:22.130  9322  9322 D ICU     : No timezone override file found: /data/misc/zoneinfo/current/icu/icu_tzdata.dat
08-06 03:01:22.156  6718  7849 I art     : Explicit concurrent mark sweep GC freed 3(96B) AllocSpace objects, 0(0B) LOS objects, 23% free, 52MB/68MB, paused 648us total 26.575ms
08-06 03:01:22.177  9322  9322 I Radio-JNI: register_android_hardware_Radio DONE
08-06 03:01:22.206  9322  9322 D AndroidRuntime: Calling main entry com.android.commands.input.Input
08-06 03:01:22.207  9322  9322 I Input   : injectMotionEvent: MotionEvent { action=ACTION_DOWN, actionButton=0, id[0]=0, x[0]=756.0, y[0]=1530.0, toolType[0]=TOOL_TYPE_UNKNOWN, buttonState=0, metaState=0, flags=0x0, edgeFlags=0x0, pointerCount=1, historySize=0, eventTime=846098620, downTime=846098620, deviceId=0, source=0x1002 }
08-06 03:01:22.215  9322  9322 I Input   : injectMotionEvent: MotionEvent { action=ACTION_UP, actionButton=0, id[0]=0, x[0]=756.0, y[0]=1530.0, toolType[0]=TOOL_TYPE_UNKNOWN, buttonState=0, metaState=0, flags=0x0, edgeFlags=0x0, pointerCount=1, historySize=0, eventTime=846098620, downTime=846098620, deviceId=0, source=0x1002 }
08-06 03:01:22.218  9322  9322 D AndroidRuntime: Shutting down VM
08-06 03:01:22.231   918  3670 I ActivityManager: START u0 {cmp=baseline.appteam.nith.hillffair/.activities.LeaderBoardActivity} from uid 10697 on display 0
08-06 03:01:22.232   512  2967 D audio_hw_primary: out_set_parameters: enter: usecase(1: low-latency-playback) kvpairs: routing=2
08-06 03:01:22.245   512  2967 D audio_hw_primary: select_devices: out_snd_device(2: speaker) in_snd_device(0: none)
08-06 03:01:22.245   512  2967 D msm8974_platform: platform_send_audio_calibration: sending audio calibration for snd_device(2) acdb_id(15)
08-06 03:01:22.246   512  2967 I soundtrigger: audio_extn_sound_trigger_update_device_status: device 0x2 of type 0 for Event 1
08-06 03:01:22.259   512  2967 D audio_hw_primary: enable_snd_device: snd_device(2: speaker)
08-06 03:01:22.262   512  2967 D audio_hw_primary: enable_audio_route: apply and update mixer path: low-latency-playback speaker
08-06 03:01:22.337  6718  6718 E RecyclerView: No adapter attached; skipping layout
08-06 03:01:22.342  6718  6718 E RecyclerView: No adapter attached; skipping layout
08-06 03:01:22.359   918   936 I ActivityManager: Displayed baseline.appteam.nith.hillffair/.activities.LeaderBoardActivity: +119ms
08-06 03:01:22.361 13866 13866 I GoogleInputMethodServic: GoogleInputMethodService.onFinishInput():3138 
08-06 03:01:22.362  6718  6718 E RecyclerView: No adapter attached; skipping layout
08-06 03:01:22.362 13866 13866 I GoogleInputMethodServic: GoogleInputMethodService.onStartInput():1808 
08-06 03:01:22.381  6718  6742 D OpenGLRenderer: endAllStagingAnimators on 0x7f7f654c00 (RippleDrawable) with handle 0x7f7ede53a0
08-06 03:01:22.438  6718  7194 I art     : Starting a blocking GC Explicit
08-06 03:01:22.465  6718  7194 I art     : Explicit concurrent mark sweep GC freed 6668(403KB) AllocSpace objects, 1(20KB) LOS objects, 23% free, 52MB/68MB, paused 650us total 27.029ms
08-06 03:01:22.477  6718  7194 I art     : Starting a blocking GC Explicit
08-06 03:01:22.503  6718  7194 I art     : Explicit concurrent mark sweep GC freed 273(11KB) AllocSpace objects, 0(0B) LOS objects, 23% free, 52MB/68MB, paused 636us total 26.326ms
08-06 03:01:22.515  6718  7194 I art     : Starting a blocking GC Explicit
08-06 03:01:22.546  6718  7194 I art     : Explicit concurrent mark sweep GC freed 6(192B) AllocSpace objects, 0(0B) LOS objects, 23% free, 52MB/68MB, paused 651us total 30.319ms
08-06 03:01:22.557  6718  7194 I art     : Starting a blocking GC Explicit
08-06 03:01:22.588  6718  7194 I art     : Explicit concurrent mark sweep GC freed 5(160B) AllocSpace objects, 0(0B) LOS objects, 23% free, 52MB/68MB, paused 654us total 30.402ms
08-06 03:01:22.601  6718  7194 I art     : Starting a blocking GC Explicit
08-06 03:01:22.611   380   380 W SurfaceFlinger: couldn't log to binary event log: overflow.
08-06 03:01:22.632  6718  7194 I art     : Explicit concurrent mark sweep GC freed 6(192B) AllocSpace objects, 0(0B) LOS objects, 23% free, 52MB/68MB, paused 656us total 30.660ms
08-06 03:01:22.764  6718  9345 D OkHttp  : --> GET https://api-hillfair-2k16.herokuapp.com/api/app/quiz/leaderboard?from=1 http/1.1
08-06 03:01:22.808   512  2967 D audio_hw_primary: disable_audio_route: reset and update mixer path: low-latency-playback speaker
08-06 03:01:22.809   512  2967 D audio_hw_primary: disable_snd_device: snd_device(2: speaker)
08-06 03:01:22.812  6718  9345 D OkHttp  : <-- 200 OK https://api-hillfair-2k16.herokuapp.com/api/app/quiz/leaderboard?from=1 (47ms, 56744-byte body)
08-06 03:01:22.818   512  2967 I soundtrigger: audio_extn_sound_trigger_update_device_status: device 0x2 of type 0 for Event 0
08-06 03:01:22.922  6718  6731 I art     : Starting a blocking GC Explicit
08-06 03:01:22.929  6718  6718 I NAPPA_EXPERIMENTATION: MetricNetworkRequestExecutionTime: REQUEST_DURATION_SYSTEM='652',REQUEST_DURATION_OKHTTP='48',REQUEST_SYNCHRONOUS='FALSE',RESPONSE_CODE='200',RESPONSE_METHOD='GET',RESPONSE_LENGTH_OKHTTP='56744',RESPONSE_LENGTH_HEADER='56744',REQUEST_PROTOCOL='http/1.1',REQUEST_URL='https://api-hillfair-2k16.herokuapp.com/api/app/quiz/leaderboard?from=1',
08-06 03:01:22.954  6718  6731 I art     : Explicit concurrent mark sweep GC freed 29436(1415KB) AllocSpace objects, 4(220KB) LOS objects, 23% free, 53MB/69MB, paused 902us total 31.168ms
08-06 03:01:22.964  6718  6731 I art     : Starting a blocking GC Explicit
08-06 03:01:22.993  6718  6731 I art     : Explicit concurrent mark sweep GC freed 1682(145KB) AllocSpace objects, 0(0B) LOS objects, 23% free, 53MB/69MB, paused 1.004ms total 28.253ms
08-06 03:01:23.004  6718  6731 I art     : Starting a blocking GC Explicit
08-06 03:01:23.033  6718  6731 I art     : Explicit concurrent mark sweep GC freed 414(15KB) AllocSpace objects, 0(0B) LOS objects, 23% free, 53MB/69MB, paused 648us total 28.396ms
08-06 03:01:23.044  6718  6731 I art     : Starting a blocking GC Explicit
08-06 03:01:23.071  6718  6731 I art     : Explicit concurrent mark sweep GC freed 9(384B) AllocSpace objects, 0(0B) LOS objects, 23% free, 53MB/69MB, paused 618us total 26.492ms
08-06 03:01:23.083  6718  6731 I art     : Starting a blocking GC Explicit
08-06 03:01:23.111  6718  6731 I art     : Explicit concurrent mark sweep GC freed 3(96B) AllocSpace objects, 0(0B) LOS objects, 23% free, 53MB/69MB, paused 597us total 27.702ms
08-06 03:01:23.424  6718  7194 I art     : Starting a blocking GC Explicit
08-06 03:01:23.463  6718  7194 I art     : Explicit concurrent mark sweep GC freed 1534(90KB) AllocSpace objects, 1(20KB) LOS objects, 23% free, 53MB/69MB, paused 734us total 38.676ms
08-06 03:01:23.475  6718  7194 I art     : Starting a blocking GC Explicit
08-06 03:01:23.505  6718  7194 I art     : Explicit concurrent mark sweep GC freed 26(928B) AllocSpace objects, 0(0B) LOS objects, 23% free, 53MB/69MB, paused 737us total 29.888ms
08-06 03:01:23.516  6718  7194 I art     : Starting a blocking GC Explicit
08-06 03:01:23.546  6718  7194 I art     : Explicit concurrent mark sweep GC freed 20(976B) AllocSpace objects, 0(0B) LOS objects, 23% free, 53MB/69MB, paused 747us total 29.747ms
08-06 03:01:23.558  6718  7194 I art     : Starting a blocking GC Explicit
08-06 03:01:23.587  6718  7194 I art     : Explicit concurrent mark sweep GC freed 84(4KB) AllocSpace objects, 0(0B) LOS objects, 23% free, 53MB/69MB, paused 681us total 28.530ms
08-06 03:01:23.598  6718  7194 I art     : Starting a blocking GC Explicit
08-06 03:01:23.629  6718  7194 I art     : Explicit concurrent mark sweep GC freed 992(41KB) AllocSpace objects, 0(0B) LOS objects, 23% free, 53MB/69MB, paused 1.011ms total 30.822ms
08-06 03:01:23.670  6718  9379 W OneSignal: OneSignalRestClient: POST Error thrown from network stack. 
08-06 03:01:23.670  6718  9379 W OneSignal: java.io.IOException: unexpected end of stream on Connection{api.onesignal.com:443, proxy=HTTP@192.168.2.12:8080 hostAddress=192.168.2.12 cipherSuite=TLS_ECDHE_RSA_WITH_AES_128_GCM_SHA256 protocol=http/1.1} (recycle count=0)
08-06 03:01:23.670  6718  9379 W OneSignal: 	at com.android.okhttp.internal.http.HttpConnection.readResponse(HttpConnection.java:210)
08-06 03:01:23.670  6718  9379 W OneSignal: 	at com.android.okhttp.internal.http.HttpTransport.readResponseHeaders(HttpTransport.java:80)
08-06 03:01:23.670  6718  9379 W OneSignal: 	at com.android.okhttp.internal.http.HttpEngine.readNetworkResponse(HttpEngine.java:904)
08-06 03:01:23.670  6718  9379 W OneSignal: 	at com.android.okhttp.internal.http.HttpEngine.readResponse(HttpEngine.java:788)
08-06 03:01:23.670  6718  9379 W OneSignal: 	at com.android.okhttp.internal.huc.HttpURLConnectionImpl.execute(HttpURLConnectionImpl.java:439)
08-06 03:01:23.670  6718  9379 W OneSignal: 	at com.android.okhttp.internal.huc.HttpURLConnectionImpl.getResponse(HttpURLConnectionImpl.java:384)
08-06 03:01:23.670  6718  9379 W OneSignal: 	at com.android.okhttp.internal.huc.HttpURLConnectionImpl.getResponseCode(HttpURLConnectionImpl.java:497)
08-06 03:01:23.670  6718  9379 W OneSignal: 	at com.android.okhttp.internal.huc.DelegatingHttpsURLConnection.getResponseCode(DelegatingHttpsURLConnection.java:105)
08-06 03:01:23.670  6718  9379 W OneSignal: 	at com.android.okhttp.internal.huc.HttpsURLConnectionImpl.getResponseCode(HttpsURLConnectionImpl.java)
08-06 03:01:23.670  6718  9379 W OneSignal: 	at com.onesignal.OneSignalRestClient.startHTTPConnection(OneSignalRestClient.java:180)
08-06 03:01:23.670  6718  9379 W OneSignal: 	at com.onesignal.OneSignalRestClient.access$100(OneSignalRestClient.java:44)
08-06 03:01:23.670  6718  9379 W OneSignal: 	at com.onesignal.OneSignalRestClient$4.run(OneSignalRestClient.java:110)
08-06 03:01:23.670  6718  9379 W OneSignal: 	at java.lang.Thread.run(Thread.java:818)
08-06 03:01:23.670  6718  9379 W OneSignal: Caused by: java.io.EOFException: \n not found: size=0 content=...
08-06 03:01:23.670  6718  9379 W OneSignal: 	at com.android.okhttp.okio.RealBufferedSource.readUtf8LineStrict(RealBufferedSource.java:200)
08-06 03:01:23.670  6718  9379 W OneSignal: 	at com.android.okhttp.internal.http.HttpConnection.readResponse(HttpConnection.java:191)
08-06 03:01:23.670  6718  9379 W OneSignal: 	... 12 more
08-06 03:01:23.671  6718  9380 W OneSignal: Failed last request. statusCode: -1
08-06 03:01:23.671  6718  9380 W OneSignal: response: null
08-06 03:01:23.928  6718  7849 I art     : Starting a blocking GC Explicit
08-06 03:01:23.969  6718  7849 I art     : Explicit concurrent mark sweep GC freed 2674(185KB) AllocSpace objects, 1(20KB) LOS objects, 23% free, 53MB/69MB, paused 641us total 40.698ms
08-06 03:01:23.987  6718  7849 I art     : Starting a blocking GC Explicit
08-06 03:01:24.023  6718  7849 I art     : Explicit concurrent mark sweep GC freed 55(2032B) AllocSpace objects, 0(0B) LOS objects, 23% free, 53MB/69MB, paused 614us total 36.120ms
08-06 03:01:24.038  6718  7849 I art     : Starting a blocking GC Explicit
08-06 03:01:24.072  6718  7849 I art     : Explicit concurrent mark sweep GC freed 3(96B) AllocSpace objects, 0(0B) LOS objects, 23% free, 53MB/69MB, paused 604us total 33.187ms
08-06 03:01:24.084  6718  7849 I art     : Starting a blocking GC Explicit
08-06 03:01:24.117  6718  7849 I art     : Explicit concurrent mark sweep GC freed 3(96B) AllocSpace objects, 0(0B) LOS objects, 23% free, 53MB/69MB, paused 637us total 32.307ms
08-06 03:01:24.129  6718  7849 I art     : Starting a blocking GC Explicit
08-06 03:01:24.159  6718  7849 I art     : Explicit concurrent mark sweep GC freed 3(96B) AllocSpace objects, 0(0B) LOS objects, 23% free, 53MB/69MB, paused 621us total 30.354ms
08-06 03:01:24.498  6718  6747 I art     : Starting a blocking GC Explicit
08-06 03:01:24.539  6718  6747 I art     : Explicit concurrent mark sweep GC freed 1344(78KB) AllocSpace objects, 1(20KB) LOS objects, 23% free, 53MB/69MB, paused 738us total 40.473ms
08-06 03:01:24.554  6718  6747 I art     : Starting a blocking GC Explicit
08-06 03:01:24.583  6718  6747 I art     : Explicit concurrent mark sweep GC freed 20(704B) AllocSpace objects, 0(0B) LOS objects, 23% free, 53MB/69MB, paused 612us total 28.945ms
08-06 03:01:24.595  6718  6747 I art     : Starting a blocking GC Explicit
08-06 03:01:24.626  6718  6747 I art     : Explicit concurrent mark sweep GC freed 3(96B) AllocSpace objects, 0(0B) LOS objects, 23% free, 53MB/69MB, paused 630us total 31.607ms
08-06 03:01:24.638  6718  6747 I art     : Starting a blocking GC Explicit
08-06 03:01:24.670  6718  6747 I art     : Explicit concurrent mark sweep GC freed 3(96B) AllocSpace objects, 0(0B) LOS objects, 23% free, 53MB/69MB, paused 582us total 30.959ms
08-06 03:01:24.681  6718  6747 I art     : Starting a blocking GC Explicit
08-06 03:01:24.714  6718  6747 I art     : Explicit concurrent mark sweep GC freed 3(96B) AllocSpace objects, 0(0B) LOS objects, 23% free, 53MB/69MB, paused 640us total 31.972ms
08-06 03:01:25.052  6718  6730 I art     : Starting a blocking GC Explicit
08-06 03:01:25.094  6718  6730 I art     : Explicit concurrent mark sweep GC freed 1344(78KB) AllocSpace objects, 1(20KB) LOS objects, 23% free, 53MB/69MB, paused 708us total 41.121ms
08-06 03:01:25.110  6718  6730 I art     : Starting a blocking GC Explicit
08-06 03:01:25.141  6718  6730 I art     : Explicit concurrent mark sweep GC freed 20(704B) AllocSpace objects, 0(0B) LOS objects, 23% free, 53MB/69MB, paused 616us total 31.277ms
08-06 03:01:25.153  6718  6730 I art     : Starting a blocking GC Explicit
08-06 03:01:25.186  6718  6730 I art     : Explicit concurrent mark sweep GC freed 3(96B) AllocSpace objects, 0(0B) LOS objects, 23% free, 53MB/69MB, paused 631us total 31.216ms
08-06 03:01:25.198  6718  6730 I art     : Starting a blocking GC Explicit
08-06 03:01:25.231  6718  6730 I art     : Explicit concurrent mark sweep GC freed 3(96B) AllocSpace objects, 0(0B) LOS objects, 23% free, 53MB/69MB, paused 621us total 32.293ms
08-06 03:01:25.243  6718  6730 I art     : Starting a blocking GC Explicit
08-06 03:01:25.273  6718  6730 I art     : Explicit concurrent mark sweep GC freed 3(96B) AllocSpace objects, 0(0B) LOS objects, 23% free, 53MB/69MB, paused 592us total 30.179ms
08-06 03:01:25.595  6718  6731 I art     : Starting a blocking GC Explicit
08-06 03:01:25.638  6718  6731 I art     : Explicit concurrent mark sweep GC freed 1344(78KB) AllocSpace objects, 1(20KB) LOS objects, 23% free, 53MB/69MB, paused 696us total 42.051ms
08-06 03:01:25.654  6718  6731 I art     : Starting a blocking GC Explicit
08-06 03:01:25.685  6718  6731 I art     : Explicit concurrent mark sweep GC freed 20(704B) AllocSpace objects, 0(0B) LOS objects, 23% free, 53MB/69MB, paused 636us total 30.751ms
08-06 03:01:25.697  6718  6731 I art     : Starting a blocking GC Explicit
08-06 03:01:25.730  6718  6731 I art     : Explicit concurrent mark sweep GC freed 3(96B) AllocSpace objects, 0(0B) LOS objects, 23% free, 53MB/69MB, paused 643us total 32.262ms
08-06 03:01:25.742  6718  6731 I art     : Starting a blocking GC Explicit
08-06 03:01:25.773  6718  6731 I art     : Explicit concurrent mark sweep GC freed 3(96B) AllocSpace objects, 0(0B) LOS objects, 23% free, 53MB/69MB, paused 603us total 31.146ms
08-06 03:01:25.785  6718  6731 I art     : Starting a blocking GC Explicit
08-06 03:01:25.816  6718  6731 I art     : Explicit concurrent mark sweep GC freed 3(96B) AllocSpace objects, 0(0B) LOS objects, 23% free, 53MB/69MB, paused 634us total 31.232ms
08-06 03:01:26.002   918  3188 I hubconnection: sensorhub said: 'set_bias 3: -6.2400, 0.0000, 0.0000'
08-06 03:01:26.156  6718  7194 I art     : Starting a blocking GC Explicit
08-06 03:01:26.193  6718  7194 I art     : Explicit concurrent mark sweep GC freed 1344(78KB) AllocSpace objects, 1(20KB) LOS objects, 23% free, 53MB/69MB, paused 669us total 36.473ms
08-06 03:01:26.208  6718  7194 I art     : Starting a blocking GC Explicit
08-06 03:01:26.244  6718  7194 I art     : Explicit concurrent mark sweep GC freed 20(704B) AllocSpace objects, 0(0B) LOS objects, 23% free, 53MB/69MB, paused 633us total 35.344ms
08-06 03:01:26.256  6718  7194 I art     : Starting a blocking GC Explicit
08-06 03:01:26.286  6718  7194 I art     : Explicit concurrent mark sweep GC freed 3(96B) AllocSpace objects, 0(0B) LOS objects, 23% free, 53MB/69MB, paused 631us total 30.033ms
08-06 03:01:26.298  6718  7194 I art     : Starting a blocking GC Explicit
08-06 03:01:26.331  6718  7194 I art     : Explicit concurrent mark sweep GC freed 3(96B) AllocSpace objects, 0(0B) LOS objects, 23% free, 53MB/69MB, paused 636us total 32.501ms
08-06 03:01:26.343  6718  7194 I art     : Starting a blocking GC Explicit
08-06 03:01:26.375  6718  7194 I art     : Explicit concurrent mark sweep GC freed 3(96B) AllocSpace objects, 0(0B) LOS objects, 23% free, 53MB/69MB, paused 595us total 32.348ms
08-06 03:01:26.667  6718  7849 I art     : Starting a blocking GC Explicit
08-06 03:01:26.699  6718  7849 I art     : Explicit concurrent mark sweep GC freed 1344(78KB) AllocSpace objects, 1(20KB) LOS objects, 23% free, 53MB/69MB, paused 702us total 31.709ms
08-06 03:01:26.715  6718  7849 I art     : Starting a blocking GC Explicit
08-06 03:01:26.744  6718  7849 I art     : Explicit concurrent mark sweep GC freed 20(704B) AllocSpace objects, 0(0B) LOS objects, 23% free, 53MB/69MB, paused 635us total 29.365ms
08-06 03:01:26.756  6718  7849 I art     : Starting a blocking GC Explicit
08-06 03:01:26.786  6718  7849 I art     : Explicit concurrent mark sweep GC freed 3(96B) AllocSpace objects, 0(0B) LOS objects, 23% free, 53MB/69MB, paused 640us total 29.631ms
08-06 03:01:26.797  6718  7849 I art     : Starting a blocking GC Explicit
08-06 03:01:26.828  6718  7849 I art     : Explicit concurrent mark sweep GC freed 3(96B) AllocSpace objects, 0(0B) LOS objects, 23% free, 53MB/69MB, paused 672us total 30.661ms
08-06 03:01:26.840  6718  7849 I art     : Starting a blocking GC Explicit
08-06 03:01:26.871  6718  7849 I art     : Explicit concurrent mark sweep GC freed 3(96B) AllocSpace objects, 0(0B) LOS objects, 23% free, 53MB/69MB, paused 603us total 30.684ms
08-06 03:01:27.028  9431  9431 D AndroidRuntime: >>>>>> START com.android.internal.os.RuntimeInit uid 2000 <<<<<<
08-06 03:01:27.035  9431  9431 D AndroidRuntime: CheckJNI is OFF
08-06 03:01:27.076  9431  9431 D ICU     : No timezone override file found: /data/misc/zoneinfo/current/icu/icu_tzdata.dat
08-06 03:01:27.118  9431  9431 I Radio-JNI: register_android_hardware_Radio DONE
08-06 03:01:27.146  9431  9431 D AndroidRuntime: Calling main entry com.android.commands.input.Input
08-06 03:01:27.147  9431  9431 I Input   : injectKeyEvent: KeyEvent { action=ACTION_DOWN, keyCode=KEYCODE_BACK, scanCode=0, metaState=0, flags=0x0, repeatCount=0, eventTime=846103560, downTime=846103560, deviceId=-1, source=0x101 }
08-06 03:01:27.152  9431  9431 I Input   : injectKeyEvent: KeyEvent { action=ACTION_UP, keyCode=KEYCODE_BACK, scanCode=0, metaState=0, flags=0x0, repeatCount=0, eventTime=846103560, downTime=846103560, deviceId=-1, source=0x101 }
08-06 03:01:27.156  9431  9431 D AndroidRuntime: Shutting down VM
08-06 03:01:27.191  6718  7849 I art     : Starting a blocking GC Explicit
08-06 03:01:27.198 13866 13866 I GoogleInputMethodServic: GoogleInputMethodService.onFinishInput():3138 
08-06 03:01:27.198 13866 13866 I GoogleInputMethodServic: GoogleInputMethodService.onStartInput():1808 
08-06 03:01:27.223  6718  7849 I art     : Explicit concurrent mark sweep GC freed 1480(84KB) AllocSpace objects, 1(20KB) LOS objects, 23% free, 53MB/69MB, paused 950us total 31.603ms
08-06 03:01:27.235  6718  7849 I art     : Starting a blocking GC Explicit
08-06 03:01:27.261  6718  7849 I art     : Explicit concurrent mark sweep GC freed 28(992B) AllocSpace objects, 0(0B) LOS objects, 23% free, 53MB/69MB, paused 614us total 26.271ms
08-06 03:01:27.272  6718  7849 I art     : Starting a blocking GC Explicit
08-06 03:01:27.298  6718  7849 I art     : Explicit concurrent mark sweep GC freed 3(96B) AllocSpace objects, 0(0B) LOS objects, 23% free, 53MB/69MB, paused 1.047ms total 25.577ms
08-06 03:01:27.310  6718  7849 I art     : Starting a blocking GC Explicit
08-06 03:01:27.339  6718  7849 I art     : Explicit concurrent mark sweep GC freed 3(96B) AllocSpace objects, 0(0B) LOS objects, 23% free, 53MB/69MB, paused 622us total 29.119ms
08-06 03:01:27.351  6718  7849 I art     : Starting a blocking GC Explicit
08-06 03:01:27.384  6718  7849 I art     : Explicit concurrent mark sweep GC freed 3(96B) AllocSpace objects, 0(0B) LOS objects, 23% free, 53MB/69MB, paused 680us total 32.635ms
08-06 03:01:27.482   380   380 W SurfaceFlinger: couldn't log to binary event log: overflow.
08-06 03:01:27.672  6718  6730 I art     : Starting a blocking GC Explicit
08-06 03:01:27.707  6718  6730 I art     : Explicit concurrent mark sweep GC freed 1463(87KB) AllocSpace objects, 1(20KB) LOS objects, 23% free, 53MB/69MB, paused 657us total 33.759ms
08-06 03:01:27.716   518   646 I ThermalEngine: ACTION: GPU - Setting GPU[0] to 510000000
08-06 03:01:27.722  6718  6730 I art     : Starting a blocking GC Explicit
08-06 03:01:27.751  6718  6730 I art     : Explicit concurrent mark sweep GC freed 4698(269KB) AllocSpace objects, 2(140KB) LOS objects, 23% free, 52MB/68MB, paused 618us total 28.635ms
08-06 03:01:27.762  6718  6730 I art     : Starting a blocking GC Explicit
08-06 03:01:27.785  6718  6730 I art     : Explicit concurrent mark sweep GC freed 3(96B) AllocSpace objects, 0(0B) LOS objects, 23% free, 52MB/68MB, paused 525us total 22.945ms
08-06 03:01:27.794  6718  6730 I art     : Starting a blocking GC Explicit
08-06 03:01:27.815  6718  6730 I art     : Explicit concurrent mark sweep GC freed 3(96B) AllocSpace objects, 0(0B) LOS objects, 23% free, 52MB/68MB, paused 435us total 21.552ms
08-06 03:01:27.824  6718  6730 I art     : Starting a blocking GC Explicit
08-06 03:01:27.846  6718  6730 I art     : Explicit concurrent mark sweep GC freed 3(96B) AllocSpace objects, 0(0B) LOS objects, 23% free, 52MB/68MB, paused 461us total 21.544ms
08-06 03:01:28.131  6718  6731 I art     : Starting a blocking GC Explicit
08-06 03:01:28.159  6718  6731 I art     : Explicit concurrent mark sweep GC freed 1344(78KB) AllocSpace objects, 1(20KB) LOS objects, 23% free, 52MB/68MB, paused 513us total 27.594ms
08-06 03:01:28.174  6718  6731 I art     : Starting a blocking GC Explicit
08-06 03:01:28.195  6718  6731 I art     : Explicit concurrent mark sweep GC freed 20(704B) AllocSpace objects, 0(0B) LOS objects, 23% free, 52MB/68MB, paused 467us total 20.928ms
08-06 03:01:28.204  6718  6731 I art     : Starting a blocking GC Explicit
08-06 03:01:28.225  6718  6731 I art     : Explicit concurrent mark sweep GC freed 3(96B) AllocSpace objects, 0(0B) LOS objects, 23% free, 52MB/68MB, paused 469us total 21.101ms
08-06 03:01:28.234  6718  6731 I art     : Starting a blocking GC Explicit
08-06 03:01:28.256  6718  6731 I art     : Explicit concurrent mark sweep GC freed 3(96B) AllocSpace objects, 0(0B) LOS objects, 23% free, 52MB/68MB, paused 454us total 21.752ms
08-06 03:01:28.265  6718  6731 I art     : Starting a blocking GC Explicit
08-06 03:01:28.286  6718  6731 I art     : Explicit concurrent mark sweep GC freed 3(96B) AllocSpace objects, 0(0B) LOS objects, 23% free, 52MB/68MB, paused 481us total 21.031ms
08-06 03:01:28.538  6718  7194 I art     : Starting a blocking GC Explicit
08-06 03:01:28.560  6718  7194 I art     : Explicit concurrent mark sweep GC freed 1364(79KB) AllocSpace objects, 1(20KB) LOS objects, 23% free, 52MB/68MB, paused 461us total 22.162ms
08-06 03:01:28.569  6718  7194 I art     : Starting a blocking GC Explicit
08-06 03:01:28.591  6718  7194 I art     : Explicit concurrent mark sweep GC freed 36(1216B) AllocSpace objects, 0(0B) LOS objects, 23% free, 52MB/68MB, paused 462us total 21.448ms
08-06 03:01:28.599  6718  7194 I art     : Starting a blocking GC Explicit
08-06 03:01:28.621  6718  7194 I art     : Explicit concurrent mark sweep GC freed 3(96B) AllocSpace objects, 0(0B) LOS objects, 23% free, 52MB/68MB, paused 429us total 21.691ms
08-06 03:01:28.630  6718  7194 I art     : Starting a blocking GC Explicit
08-06 03:01:28.651  6718  7194 I art     : Explicit concurrent mark sweep GC freed 3(96B) AllocSpace objects, 0(0B) LOS objects, 23% free, 52MB/68MB, paused 472us total 20.654ms
08-06 03:01:28.660  6718  7194 I art     : Starting a blocking GC Explicit
08-06 03:01:28.681  6718  7194 I art     : Explicit concurrent mark sweep GC freed 3(96B) AllocSpace objects, 0(0B) LOS objects, 23% free, 52MB/68MB, paused 440us total 20.640ms
08-06 03:01:28.825  9484  9484 D AndroidRuntime: >>>>>> START com.android.internal.os.RuntimeInit uid 2000 <<<<<<
08-06 03:01:28.830  9484  9484 D AndroidRuntime: CheckJNI is OFF
08-06 03:01:28.862  9484  9484 D ICU     : No timezone override file found: /data/misc/zoneinfo/current/icu/icu_tzdata.dat
08-06 03:01:28.894  9484  9484 I Radio-JNI: register_android_hardware_Radio DONE
08-06 03:01:28.914  9484  9484 D AndroidRuntime: Calling main entry com.android.commands.input.Input
08-06 03:01:28.916  9484  9484 I Input   : injectKeyEvent: KeyEvent { action=ACTION_DOWN, keyCode=KEYCODE_BACK, scanCode=0, metaState=0, flags=0x0, repeatCount=0, eventTime=846105329, downTime=846105329, deviceId=-1, source=0x101 }
08-06 03:01:28.920  9484  9484 I Input   : injectKeyEvent: KeyEvent { action=ACTION_UP, keyCode=KEYCODE_BACK, scanCode=0, metaState=0, flags=0x0, repeatCount=0, eventTime=846105329, downTime=846105329, deviceId=-1, source=0x101 }
08-06 03:01:28.925  9484  9484 D AndroidRuntime: Shutting down VM
08-06 03:01:28.954  6718  7849 I art     : Starting a blocking GC Explicit
08-06 03:01:28.974  6718  7849 I art     : Explicit concurrent mark sweep GC freed 1505(85KB) AllocSpace objects, 1(20KB) LOS objects, 23% free, 52MB/68MB, paused 417us total 20.232ms
08-06 03:01:28.983  6718  7849 I art     : Starting a blocking GC Explicit
08-06 03:01:29.004  6718  7849 I art     : Explicit concurrent mark sweep GC freed 22(768B) AllocSpace objects, 0(0B) LOS objects, 23% free, 52MB/68MB, paused 473us total 20.940ms
08-06 03:01:29.014  6718  7849 I art     : Starting a blocking GC Explicit
08-06 03:01:29.018 13866 13866 I GoogleInputMethodServic: GoogleInputMethodService.onFinishInput():3138 
08-06 03:01:29.018 13866 13866 I GoogleInputMethodServic: GoogleInputMethodService.onStartInput():1808 
08-06 03:01:29.034  6718  7849 I art     : Explicit concurrent mark sweep GC freed 51(1824B) AllocSpace objects, 0(0B) LOS objects, 23% free, 52MB/68MB, paused 544us total 20.111ms
08-06 03:01:29.042  6718  7849 I art     : Starting a blocking GC Explicit
08-06 03:01:29.061  6718  7849 I art     : Explicit concurrent mark sweep GC freed 12(400B) AllocSpace objects, 0(0B) LOS objects, 23% free, 52MB/68MB, paused 398us total 18.394ms
08-06 03:01:29.070  6718  7849 I art     : Starting a blocking GC Explicit
08-06 03:01:29.089  6718  7849 I art     : Explicit concurrent mark sweep GC freed 3(96B) AllocSpace objects, 0(0B) LOS objects, 23% free, 52MB/68MB, paused 420us total 18.983ms
08-06 03:01:29.301   380   380 W SurfaceFlinger: couldn't log to binary event log: overflow.
08-06 03:01:29.364  6718  7849 I art     : Starting a blocking GC Explicit
08-06 03:01:29.386  6718  7849 I art     : Explicit concurrent mark sweep GC freed 1458(87KB) AllocSpace objects, 1(20KB) LOS objects, 23% free, 52MB/68MB, paused 444us total 22.078ms
08-06 03:01:29.395  6718  7849 I art     : Starting a blocking GC Explicit
08-06 03:01:29.417  6718  7849 I art     : Explicit concurrent mark sweep GC freed 2078(121KB) AllocSpace objects, 2(180KB) LOS objects, 23% free, 52MB/68MB, paused 453us total 21.712ms
08-06 03:01:29.426  6718  7849 I art     : Starting a blocking GC Explicit
08-06 03:01:29.448  6718  7849 I art     : Explicit concurrent mark sweep GC freed 3(96B) AllocSpace objects, 0(0B) LOS objects, 23% free, 52MB/68MB, paused 505us total 21.674ms
08-06 03:01:29.456  6718  7849 I art     : Starting a blocking GC Explicit
08-06 03:01:29.478  6718  7849 I art     : Explicit concurrent mark sweep GC freed 3(96B) AllocSpace objects, 0(0B) LOS objects, 23% free, 52MB/68MB, paused 447us total 21.564ms
08-06 03:01:29.487  6718  7849 I art     : Starting a blocking GC Explicit
08-06 03:01:29.508  6718  7849 I art     : Explicit concurrent mark sweep GC freed 3(96B) AllocSpace objects, 0(0B) LOS objects, 23% free, 52MB/68MB, paused 455us total 21.037ms
08-06 03:01:29.722   518   646 I ThermalEngine: ACTION: GPU - Setting GPU[0] to 450000000
08-06 03:01:29.814  6718  6730 I art     : Starting a blocking GC Explicit
08-06 03:01:29.845  6718  6730 I art     : Explicit concurrent mark sweep GC freed 1343(78KB) AllocSpace objects, 1(20KB) LOS objects, 23% free, 52MB/68MB, paused 634us total 31.352ms
08-06 03:01:29.860  6718  6730 I art     : Starting a blocking GC Explicit
08-06 03:01:29.887  6718  6730 I art     : Explicit concurrent mark sweep GC freed 20(704B) AllocSpace objects, 0(0B) LOS objects, 23% free, 52MB/68MB, paused 655us total 26.806ms
08-06 03:01:29.898  6718  6730 I art     : Starting a blocking GC Explicit
08-06 03:01:29.925  6718  6730 I art     : Explicit concurrent mark sweep GC freed 3(96B) AllocSpace objects, 0(0B) LOS objects, 23% free, 52MB/68MB, paused 594us total 26.490ms
08-06 03:01:29.936  6718  6730 I art     : Starting a blocking GC Explicit
08-06 03:01:29.962  6718  6730 I art     : Explicit concurrent mark sweep GC freed 3(96B) AllocSpace objects, 0(0B) LOS objects, 23% free, 52MB/68MB, paused 610us total 26.116ms
08-06 03:01:29.974  6718  6730 I art     : Starting a blocking GC Explicit
08-06 03:01:30.001  6718  6730 I art     : Explicit concurrent mark sweep GC freed 3(96B) AllocSpace objects, 0(0B) LOS objects, 23% free, 52MB/68MB, paused 611us total 26.448ms
08-06 03:01:30.292  6718  6747 I art     : Starting a blocking GC Explicit
08-06 03:01:30.320  6718  6747 I art     : Explicit concurrent mark sweep GC freed 1341(78KB) AllocSpace objects, 1(20KB) LOS objects, 23% free, 52MB/68MB, paused 628us total 27.927ms
08-06 03:01:30.331  6718  6747 I art     : Starting a blocking GC Explicit
08-06 03:01:30.357  6718  6747 I art     : Explicit concurrent mark sweep GC freed 20(704B) AllocSpace objects, 0(0B) LOS objects, 23% free, 52MB/68MB, paused 600us total 25.053ms
08-06 03:01:30.367  6718  6747 I art     : Starting a blocking GC Explicit
08-06 03:01:30.393  6718  6747 I art     : Explicit concurrent mark sweep GC freed 3(96B) AllocSpace objects, 0(0B) LOS objects, 23% free, 52MB/68MB, paused 610us total 25.420ms
08-06 03:01:30.404  6718  6747 I art     : Starting a blocking GC Explicit
08-06 03:01:30.429  6718  6747 I art     : Explicit concurrent mark sweep GC freed 3(96B) AllocSpace objects, 0(0B) LOS objects, 23% free, 52MB/68MB, paused 611us total 25.143ms
08-06 03:01:30.440  6718  6747 I art     : Starting a blocking GC Explicit
08-06 03:01:30.465  6718  6747 I art     : Explicit concurrent mark sweep GC freed 3(96B) AllocSpace objects, 0(0B) LOS objects, 23% free, 52MB/68MB, paused 613us total 24.921ms
08-06 03:01:30.711  9539  9539 D AndroidRuntime: >>>>>> START com.android.internal.os.RuntimeInit uid 2000 <<<<<<
08-06 03:01:30.717  9539  9539 D AndroidRuntime: CheckJNI is OFF
08-06 03:01:30.761  9539  9539 D ICU     : No timezone override file found: /data/misc/zoneinfo/current/icu/icu_tzdata.dat
08-06 03:01:30.770  6718  7194 I art     : Starting a blocking GC Explicit
08-06 03:01:30.796  6718  7194 I art     : Explicit concurrent mark sweep GC freed 1341(78KB) AllocSpace objects, 1(20KB) LOS objects, 23% free, 52MB/68MB, paused 608us total 26.125ms
08-06 03:01:30.805  9539  9539 I Radio-JNI: register_android_hardware_Radio DONE
08-06 03:01:30.808  6718  7194 I art     : Starting a blocking GC Explicit
08-06 03:01:30.836  6718  7194 I art     : Explicit concurrent mark sweep GC freed 20(704B) AllocSpace objects, 0(0B) LOS objects, 23% free, 52MB/68MB, paused 674us total 27.559ms
08-06 03:01:30.836  9539  9539 D AndroidRuntime: Calling main entry com.android.commands.input.Input
08-06 03:01:30.838  9539  9539 I Input   : injectMotionEvent: MotionEvent { action=ACTION_DOWN, actionButton=0, id[0]=0, x[0]=1084.0, y[0]=2213.0, toolType[0]=TOOL_TYPE_UNKNOWN, buttonState=0, metaState=0, flags=0x0, edgeFlags=0x0, pointerCount=1, historySize=0, eventTime=846107250, downTime=846107250, deviceId=0, source=0x1002 }
08-06 03:01:30.846  6718  7194 I art     : Starting a blocking GC Explicit
08-06 03:01:30.847  9539  9539 I Input   : injectMotionEvent: MotionEvent { action=ACTION_UP, actionButton=0, id[0]=0, x[0]=1084.0, y[0]=2213.0, toolType[0]=TOOL_TYPE_UNKNOWN, buttonState=0, metaState=0, flags=0x0, edgeFlags=0x0, pointerCount=1, historySize=0, eventTime=846107250, downTime=846107250, deviceId=0, source=0x1002 }
08-06 03:01:30.850   918  3714 I ActivityManager: START u0 {cmp=baseline.appteam.nith.hillffair/.activities.EventActivity} from uid 10697 on display 0
08-06 03:01:30.858  9539  9539 D AndroidRuntime: Shutting down VM
08-06 03:01:30.872  6718  7194 I art     : Explicit concurrent mark sweep GC freed 127(16KB) AllocSpace objects, 0(0B) LOS objects, 23% free, 52MB/68MB, paused 861us total 25.362ms
08-06 03:01:30.883  6718  7194 I art     : Starting a blocking GC Explicit
08-06 03:01:30.911  6718  7194 I art     : Explicit concurrent mark sweep GC freed 4496(265KB) AllocSpace objects, 0(0B) LOS objects, 23% free, 52MB/68MB, paused 1.594ms total 27.932ms
08-06 03:01:30.922  6718  7194 I art     : Starting a blocking GC Explicit
08-06 03:01:30.946  6718  7194 I art     : Explicit concurrent mark sweep GC freed 263(11KB) AllocSpace objects, 0(0B) LOS objects, 23% free, 52MB/68MB, paused 908us total 24.013ms
08-06 03:01:30.947 13866 13866 I GoogleInputMethodServic: GoogleInputMethodService.onFinishInput():3138 
08-06 03:01:30.948 13866 13866 I GoogleInputMethodServic: GoogleInputMethodService.onStartInput():1808 
08-06 03:01:30.969   918   936 I ActivityManager: Displayed baseline.appteam.nith.hillffair/.activities.EventActivity: +112ms
08-06 03:01:31.220   380   380 W SurfaceFlinger: couldn't log to binary event log: overflow.
08-06 03:01:31.246  6718  6747 I art     : Starting a blocking GC Explicit
08-06 03:01:31.270  6718  6747 I art     : Explicit concurrent mark sweep GC freed 1533(88KB) AllocSpace objects, 1(20KB) LOS objects, 23% free, 52MB/68MB, paused 594us total 24.709ms
08-06 03:01:31.281  6718  6747 I art     : Starting a blocking GC Explicit
08-06 03:01:31.305  6718  6747 I art     : Explicit concurrent mark sweep GC freed 34(1168B) AllocSpace objects, 0(0B) LOS objects, 23% free, 52MB/68MB, paused 637us total 24.153ms
08-06 03:01:31.316  6718  6747 I art     : Starting a blocking GC Explicit
08-06 03:01:31.342  6718  6747 I art     : Explicit concurrent mark sweep GC freed 3(96B) AllocSpace objects, 0(0B) LOS objects, 23% free, 52MB/68MB, paused 622us total 25.932ms
08-06 03:01:31.354  6718  6747 I art     : Starting a blocking GC Explicit
08-06 03:01:31.380  6718  6747 I art     : Explicit concurrent mark sweep GC freed 78(4KB) AllocSpace objects, 0(0B) LOS objects, 23% free, 52MB/68MB, paused 621us total 26.515ms
08-06 03:01:31.392  6718  6747 I art     : Starting a blocking GC Explicit
08-06 03:01:31.418  6718  6747 I art     : Explicit concurrent mark sweep GC freed 12(464B) AllocSpace objects, 0(0B) LOS objects, 23% free, 52MB/68MB, paused 692us total 26.063ms
08-06 03:01:31.563  6718  9570 D OkHttp  : --> GET https://api-hillfair-2k16.herokuapp.com/api/app/club http/1.1
08-06 03:01:31.598  6718  9570 D OkHttp  : <-- 200 OK https://api-hillfair-2k16.herokuapp.com/api/app/club (34ms, 1870-byte body)
08-06 03:01:31.605  6718  6718 I NAPPA_EXPERIMENTATION: MetricNetworkRequestExecutionTime: REQUEST_DURATION_SYSTEM='710',REQUEST_DURATION_OKHTTP='34',REQUEST_SYNCHRONOUS='FALSE',RESPONSE_CODE='200',RESPONSE_METHOD='GET',RESPONSE_LENGTH_OKHTTP='1870',RESPONSE_LENGTH_HEADER='1870',REQUEST_PROTOCOL='http/1.1',REQUEST_URL='https://api-hillfair-2k16.herokuapp.com/api/app/club',
08-06 03:01:31.704  6718  7194 I art     : Starting a blocking GC Explicit
08-06 03:01:31.735  6718  7194 I art     : Explicit concurrent mark sweep GC freed 6147(368KB) AllocSpace objects, 4(220KB) LOS objects, 23% free, 53MB/69MB, paused 1.074ms total 31.380ms
08-06 03:01:31.746  6718  7194 I art     : Starting a blocking GC Explicit
08-06 03:01:31.775  6718  7194 I art     : Explicit concurrent mark sweep GC freed 1436(156KB) AllocSpace objects, 0(0B) LOS objects, 23% free, 53MB/69MB, paused 1.048ms total 28.500ms
08-06 03:01:31.787  6718  7194 I art     : Starting a blocking GC Explicit
08-06 03:01:31.815  6718  7194 I art     : Explicit concurrent mark sweep GC freed 651(170KB) AllocSpace objects, 0(0B) LOS objects, 23% free, 53MB/69MB, paused 1.009ms total 27.464ms
08-06 03:01:31.827  6718  7194 I art     : Starting a blocking GC Explicit
08-06 03:01:31.853  6718  7194 I art     : Explicit concurrent mark sweep GC freed 134(5KB) AllocSpace objects, 0(0B) LOS objects, 23% free, 53MB/69MB, paused 791us total 25.679ms
08-06 03:01:31.863  6718  7194 I art     : Starting a blocking GC Explicit
08-06 03:01:31.889  6718  7194 I art     : Explicit concurrent mark sweep GC freed 5(160B) AllocSpace objects, 0(0B) LOS objects, 23% free, 53MB/69MB, paused 760us total 25.352ms
08-06 03:01:32.188  6718  6747 I art     : Starting a blocking GC Explicit
08-06 03:01:32.228  6718  6747 I art     : Explicit concurrent mark sweep GC freed 1344(78KB) AllocSpace objects, 1(20KB) LOS objects, 23% free, 53MB/69MB, paused 962us total 39.407ms
08-06 03:01:32.242  6718  6747 I art     : Starting a blocking GC Explicit
08-06 03:01:32.273  6718  6747 I art     : Explicit concurrent mark sweep GC freed 7352(290KB) AllocSpace objects, 0(0B) LOS objects, 23% free, 53MB/69MB, paused 953us total 30.556ms
08-06 03:01:32.284  6718  6747 I art     : Starting a blocking GC Explicit
08-06 03:01:32.313  6718  6747 I art     : Explicit concurrent mark sweep GC freed 270(9KB) AllocSpace objects, 0(0B) LOS objects, 23% free, 53MB/69MB, paused 809us total 28.294ms
08-06 03:01:32.323  6718  6747 I art     : Starting a blocking GC Explicit
08-06 03:01:32.353  6718  6747 I art     : Explicit concurrent mark sweep GC freed 173(36KB) AllocSpace objects, 0(0B) LOS objects, 23% free, 53MB/69MB, paused 808us total 28.845ms
08-06 03:01:32.365  6718  6747 I art     : Starting a blocking GC Explicit
08-06 03:01:32.391  6718  6747 I art     : Explicit concurrent mark sweep GC freed 489(80KB) AllocSpace objects, 0(0B) LOS objects, 23% free, 53MB/69MB, paused 722us total 26.706ms
08-06 03:01:32.718  6718  7194 I art     : Starting a blocking GC Explicit
08-06 03:01:32.757  6718  7194 I art     : Explicit concurrent mark sweep GC freed 1431(141KB) AllocSpace objects, 1(20KB) LOS objects, 23% free, 53MB/69MB, paused 722us total 38.710ms
08-06 03:01:32.772  6718  7194 I art     : Starting a blocking GC Explicit
08-06 03:01:32.804  6718  7194 I art     : Explicit concurrent mark sweep GC freed 32(1088B) AllocSpace objects, 0(0B) LOS objects, 23% free, 53MB/69MB, paused 724us total 32.164ms
08-06 03:01:32.816  6718  7194 I art     : Starting a blocking GC Explicit
08-06 03:01:32.848  6718  7194 I art     : Explicit concurrent mark sweep GC freed 3(96B) AllocSpace objects, 0(0B) LOS objects, 23% free, 53MB/69MB, paused 696us total 31.626ms
08-06 03:01:32.859  6718  7194 I art     : Starting a blocking GC Explicit
08-06 03:01:32.891  6718  7194 I art     : Explicit concurrent mark sweep GC freed 3(96B) AllocSpace objects, 0(0B) LOS objects, 23% free, 53MB/69MB, paused 729us total 31.538ms
08-06 03:01:32.903  6718  7194 I art     : Starting a blocking GC Explicit
08-06 03:01:32.936  6718  7194 I art     : Explicit concurrent mark sweep GC freed 3(96B) AllocSpace objects, 0(0B) LOS objects, 23% free, 53MB/69MB, paused 715us total 32.442ms
08-06 03:01:33.268  6718  6731 I art     : Starting a blocking GC Explicit
08-06 03:01:33.309  6718  6731 I art     : Explicit concurrent mark sweep GC freed 1344(78KB) AllocSpace objects, 1(20KB) LOS objects, 23% free, 53MB/69MB, paused 1.006ms total 39.901ms
08-06 03:01:33.323  6718  6731 I art     : Starting a blocking GC Explicit
08-06 03:01:33.354  6718  6731 I art     : Explicit concurrent mark sweep GC freed 20(704B) AllocSpace objects, 0(0B) LOS objects, 23% free, 53MB/69MB, paused 699us total 30.370ms
08-06 03:01:33.365  6718  6731 I art     : Starting a blocking GC Explicit
08-06 03:01:33.397  6718  6731 I art     : Explicit concurrent mark sweep GC freed 3(96B) AllocSpace objects, 0(0B) LOS objects, 23% free, 53MB/69MB, paused 814us total 31.556ms
08-06 03:01:33.409  6718  6731 I art     : Starting a blocking GC Explicit
08-06 03:01:33.441  6718  6731 I art     : Explicit concurrent mark sweep GC freed 3(96B) AllocSpace objects, 0(0B) LOS objects, 23% free, 53MB/69MB, paused 708us total 31.450ms
08-06 03:01:33.453  6718  6731 I art     : Starting a blocking GC Explicit
08-06 03:01:33.483  6718  6731 I art     : Explicit concurrent mark sweep GC freed 3(96B) AllocSpace objects, 0(0B) LOS objects, 23% free, 53MB/69MB, paused 756us total 30.157ms
08-06 03:01:33.815  6718  6747 I art     : Starting a blocking GC Explicit
08-06 03:01:33.841  6718  6747 I art     : Explicit concurrent mark sweep GC freed 1365(79KB) AllocSpace objects, 1(20KB) LOS objects, 23% free, 53MB/69MB, paused 645us total 26.147ms
08-06 03:01:33.852  6718  6747 I art     : Starting a blocking GC Explicit
08-06 03:01:33.879  6718  6747 I art     : Explicit concurrent mark sweep GC freed 36(1216B) AllocSpace objects, 0(0B) LOS objects, 23% free, 53MB/69MB, paused 641us total 27.264ms
08-06 03:01:33.891  6718  6747 I art     : Starting a blocking GC Explicit
08-06 03:01:33.919  6718  6747 I art     : Explicit concurrent mark sweep GC freed 15(544B) AllocSpace objects, 0(0B) LOS objects, 23% free, 53MB/69MB, paused 673us total 27.602ms
08-06 03:01:33.930  6718  6747 I art     : Starting a blocking GC Explicit
08-06 03:01:33.959  6718  6747 I art     : Explicit concurrent mark sweep GC freed 3(96B) AllocSpace objects, 0(0B) LOS objects, 23% free, 53MB/69MB, paused 663us total 28.935ms
08-06 03:01:33.971  6718  6747 I art     : Starting a blocking GC Explicit
08-06 03:01:34.000  6718  6747 I art     : Explicit concurrent mark sweep GC freed 3(96B) AllocSpace objects, 0(0B) LOS objects, 23% free, 53MB/69MB, paused 663us total 28.815ms
08-06 03:01:34.356  6718  7849 I art     : Starting a blocking GC Explicit
08-06 03:01:34.395  6718  7849 I art     : Explicit concurrent mark sweep GC freed 1344(78KB) AllocSpace objects, 1(20KB) LOS objects, 23% free, 53MB/69MB, paused 722us total 39.294ms
08-06 03:01:34.410  6718  7849 I art     : Starting a blocking GC Explicit
08-06 03:01:34.439  6718  7849 I art     : Explicit concurrent mark sweep GC freed 20(704B) AllocSpace objects, 0(0B) LOS objects, 23% free, 53MB/69MB, paused 625us total 28.638ms
08-06 03:01:34.450  6718  7849 I art     : Starting a blocking GC Explicit
08-06 03:01:34.481  6718  7849 I art     : Explicit concurrent mark sweep GC freed 3(96B) AllocSpace objects, 0(0B) LOS objects, 23% free, 53MB/69MB, paused 672us total 30.956ms
08-06 03:01:34.493  6718  7849 I art     : Starting a blocking GC Explicit
08-06 03:01:34.524  6718  7849 I art     : Explicit concurrent mark sweep GC freed 3(96B) AllocSpace objects, 0(0B) LOS objects, 23% free, 53MB/69MB, paused 692us total 30.634ms
08-06 03:01:34.536  6718  7849 I art     : Starting a blocking GC Explicit
08-06 03:01:34.567  6718  7849 I art     : Explicit concurrent mark sweep GC freed 3(96B) AllocSpace objects, 0(0B) LOS objects, 23% free, 53MB/69MB, paused 677us total 30.299ms
08-06 03:01:34.902  6718  6730 I art     : Starting a blocking GC Explicit
08-06 03:01:34.936  6718  6730 I art     : Explicit concurrent mark sweep GC freed 1344(78KB) AllocSpace objects, 1(20KB) LOS objects, 23% free, 53MB/69MB, paused 640us total 33.802ms
08-06 03:01:34.948  6718  6730 I art     : Starting a blocking GC Explicit
08-06 03:01:34.977  6718  6730 I art     : Explicit concurrent mark sweep GC freed 20(704B) AllocSpace objects, 0(0B) LOS objects, 23% free, 53MB/69MB, paused 677us total 28.875ms
08-06 03:01:34.988  6718  6730 I art     : Starting a blocking GC Explicit
08-06 03:01:35.017  6718  6730 I art     : Explicit concurrent mark sweep GC freed 3(96B) AllocSpace objects, 0(0B) LOS objects, 23% free, 53MB/69MB, paused 752us total 28.853ms
08-06 03:01:35.029  6718  6730 I art     : Starting a blocking GC Explicit
08-06 03:01:35.060  6718  6730 I art     : Explicit concurrent mark sweep GC freed 3(96B) AllocSpace objects, 0(0B) LOS objects, 23% free, 53MB/69MB, paused 703us total 30.302ms
08-06 03:01:35.071  6718  6730 I art     : Starting a blocking GC Explicit
08-06 03:01:35.103  6718  6730 I art     : Explicit concurrent mark sweep GC freed 3(96B) AllocSpace objects, 0(0B) LOS objects, 23% free, 53MB/69MB, paused 641us total 31.693ms
08-06 03:01:35.440  6718  7194 I art     : Starting a blocking GC Explicit
08-06 03:01:35.476  6718  7194 I art     : Explicit concurrent mark sweep GC freed 1344(78KB) AllocSpace objects, 1(20KB) LOS objects, 23% free, 53MB/69MB, paused 730us total 35.559ms
08-06 03:01:35.490  6718  7194 I art     : Starting a blocking GC Explicit
08-06 03:01:35.525  6718  7194 I art     : Explicit concurrent mark sweep GC freed 20(704B) AllocSpace objects, 0(0B) LOS objects, 23% free, 53MB/69MB, paused 695us total 33.916ms
08-06 03:01:35.538  6718  7194 I art     : Starting a blocking GC Explicit
08-06 03:01:35.569  6718  7194 I art     : Explicit concurrent mark sweep GC freed 3(96B) AllocSpace objects, 0(0B) LOS objects, 23% free, 53MB/69MB, paused 700us total 30.749ms
08-06 03:01:35.581  6718  7194 I art     : Starting a blocking GC Explicit
08-06 03:01:35.612  6718  7194 I art     : Explicit concurrent mark sweep GC freed 3(96B) AllocSpace objects, 0(0B) LOS objects, 23% free, 53MB/69MB, paused 668us total 31.355ms
08-06 03:01:35.624  6718  7194 I art     : Starting a blocking GC Explicit
08-06 03:01:35.656  6718  7194 I art     : Explicit concurrent mark sweep GC freed 3(96B) AllocSpace objects, 0(0B) LOS objects, 23% free, 53MB/69MB, paused 652us total 31.732ms
08-06 03:01:36.004  6718  6731 I art     : Starting a blocking GC Explicit
08-06 03:01:36.043  6718  6731 I art     : Explicit concurrent mark sweep GC freed 1344(78KB) AllocSpace objects, 1(20KB) LOS objects, 23% free, 53MB/69MB, paused 714us total 38.819ms
08-06 03:01:36.059  6718  6731 I art     : Starting a blocking GC Explicit
08-06 03:01:36.094  6718  6731 I art     : Explicit concurrent mark sweep GC freed 20(704B) AllocSpace objects, 0(0B) LOS objects, 23% free, 53MB/69MB, paused 686us total 34.614ms
08-06 03:01:36.105  6718  6731 I art     : Starting a blocking GC Explicit
08-06 03:01:36.136  6718  6731 I art     : Explicit concurrent mark sweep GC freed 3(96B) AllocSpace objects, 0(0B) LOS objects, 23% free, 53MB/69MB, paused 675us total 30.621ms
08-06 03:01:36.148  6718  6731 I art     : Starting a blocking GC Explicit
08-06 03:01:36.179  6718  6731 I art     : Explicit concurrent mark sweep GC freed 3(96B) AllocSpace objects, 0(0B) LOS objects, 23% free, 53MB/69MB, paused 705us total 30.452ms
08-06 03:01:36.191  6718  6731 I art     : Starting a blocking GC Explicit
08-06 03:01:36.222  6718  6731 I art     : Explicit concurrent mark sweep GC freed 3(96B) AllocSpace objects, 0(0B) LOS objects, 23% free, 53MB/69MB, paused 625us total 30.896ms
08-06 03:01:36.559  6718  6747 I art     : Starting a blocking GC Explicit
08-06 03:01:36.597  6718  6747 I art     : Explicit concurrent mark sweep GC freed 1344(78KB) AllocSpace objects, 1(20KB) LOS objects, 23% free, 53MB/69MB, paused 752us total 37.508ms
08-06 03:01:36.613  6718  6747 I art     : Starting a blocking GC Explicit
08-06 03:01:36.646  6718  6747 I art     : Explicit concurrent mark sweep GC freed 20(704B) AllocSpace objects, 0(0B) LOS objects, 23% free, 53MB/69MB, paused 655us total 32.196ms
08-06 03:01:36.657  6718  6747 I art     : Starting a blocking GC Explicit
08-06 03:01:36.689  6718  6747 I art     : Explicit concurrent mark sweep GC freed 3(96B) AllocSpace objects, 0(0B) LOS objects, 23% free, 53MB/69MB, paused 691us total 31.298ms
08-06 03:01:36.701  6718  6747 I art     : Starting a blocking GC Explicit
08-06 03:01:36.731  6718  6747 I art     : Explicit concurrent mark sweep GC freed 3(96B) AllocSpace objects, 0(0B) LOS objects, 23% free, 53MB/69MB, paused 675us total 30.517ms
08-06 03:01:36.736   518   646 I ThermalEngine: ACTION: GPU - Setting GPU[0] to 510000000
08-06 03:01:36.743  6718  6747 I art     : Starting a blocking GC Explicit
08-06 03:01:36.774  6718  6747 I art     : Explicit concurrent mark sweep GC freed 3(96B) AllocSpace objects, 0(0B) LOS objects, 23% free, 53MB/69MB, paused 680us total 31.182ms
08-06 03:01:36.775  6718  6729 I art     : WaitForGcToComplete blocked for 31.483ms for cause HeapTrim
08-06 03:01:37.082  6718  7849 I art     : Starting a blocking GC Explicit
08-06 03:01:37.111  6718  7849 I art     : Explicit concurrent mark sweep GC freed 1344(78KB) AllocSpace objects, 1(20KB) LOS objects, 23% free, 53MB/69MB, paused 557us total 29.058ms
08-06 03:01:37.123  6718  7849 I art     : Starting a blocking GC Explicit
08-06 03:01:37.146  6718  7849 I art     : Explicit concurrent mark sweep GC freed 20(704B) AllocSpace objects, 0(0B) LOS objects, 23% free, 53MB/69MB, paused 493us total 22.052ms
08-06 03:01:37.155  6718  7849 I art     : Starting a blocking GC Explicit
08-06 03:01:37.178  6718  7849 I art     : Explicit concurrent mark sweep GC freed 3(96B) AllocSpace objects, 0(0B) LOS objects, 23% free, 53MB/69MB, paused 507us total 23.244ms
08-06 03:01:37.187  6718  7849 I art     : Starting a blocking GC Explicit
08-06 03:01:37.210  6718  7849 I art     : Explicit concurrent mark sweep GC freed 3(96B) AllocSpace objects, 0(0B) LOS objects, 23% free, 53MB/69MB, paused 500us total 23.138ms
08-06 03:01:37.220  6718  7849 I art     : Starting a blocking GC Explicit
08-06 03:01:37.243  6718  7849 I art     : Explicit concurrent mark sweep GC freed 3(96B) AllocSpace objects, 0(0B) LOS objects, 23% free, 53MB/69MB, paused 507us total 22.978ms
08-06 03:01:37.577  6718  6730 I art     : Starting a blocking GC Explicit
08-06 03:01:37.611  6718  6730 I art     : Explicit concurrent mark sweep GC freed 1344(78KB) AllocSpace objects, 1(20KB) LOS objects, 23% free, 53MB/69MB, paused 546us total 33.154ms
08-06 03:01:37.624  6718  6730 I art     : Starting a blocking GC Explicit
08-06 03:01:37.646  6718  6730 I art     : Explicit concurrent mark sweep GC freed 20(704B) AllocSpace objects, 0(0B) LOS objects, 23% free, 53MB/69MB, paused 470us total 22.152ms
08-06 03:01:37.655  6718  6730 I art     : Starting a blocking GC Explicit
08-06 03:01:37.678  6718  6730 I art     : Explicit concurrent mark sweep GC freed 3(96B) AllocSpace objects, 0(0B) LOS objects, 23% free, 53MB/69MB, paused 510us total 22.857ms
08-06 03:01:37.687  6718  6730 I art     : Starting a blocking GC Explicit
08-06 03:01:37.710  6718  6730 I art     : Explicit concurrent mark sweep GC freed 3(96B) AllocSpace objects, 0(0B) LOS objects, 23% free, 53MB/69MB, paused 510us total 23.070ms
08-06 03:01:37.719  6718  6730 I art     : Starting a blocking GC Explicit
08-06 03:01:37.742  6718  6730 I art     : Explicit concurrent mark sweep GC freed 3(96B) AllocSpace objects, 0(0B) LOS objects, 23% free, 53MB/69MB, paused 494us total 22.484ms
08-06 03:01:38.079  6718  7194 I art     : Starting a blocking GC Explicit
08-06 03:01:38.112  6718  7194 I art     : Explicit concurrent mark sweep GC freed 1344(78KB) AllocSpace objects, 1(20KB) LOS objects, 23% free, 53MB/69MB, paused 538us total 32.403ms
08-06 03:01:38.125  6718  7194 I art     : Starting a blocking GC Explicit
08-06 03:01:38.147  6718  7194 I art     : Explicit concurrent mark sweep GC freed 20(704B) AllocSpace objects, 0(0B) LOS objects, 23% free, 53MB/69MB, paused 560us total 22.127ms
08-06 03:01:38.156  6718  7194 I art     : Starting a blocking GC Explicit
08-06 03:01:38.179  6718  7194 I art     : Explicit concurrent mark sweep GC freed 3(96B) AllocSpace objects, 0(0B) LOS objects, 23% free, 53MB/69MB, paused 489us total 23.028ms
08-06 03:01:38.188  6718  7194 I art     : Starting a blocking GC Explicit
08-06 03:01:38.212  6718  7194 I art     : Explicit concurrent mark sweep GC freed 3(96B) AllocSpace objects, 0(0B) LOS objects, 23% free, 53MB/69MB, paused 493us total 23.337ms
08-06 03:01:38.221  6718  7194 I art     : Starting a blocking GC Explicit
08-06 03:01:38.243  6718  7194 I art     : Explicit concurrent mark sweep GC freed 3(96B) AllocSpace objects, 0(0B) LOS objects, 23% free, 53MB/69MB, paused 501us total 22.545ms
08-06 03:01:38.553  6718  6731 I art     : Starting a blocking GC Explicit
08-06 03:01:38.583  6718  6731 I art     : Explicit concurrent mark sweep GC freed 1344(78KB) AllocSpace objects, 1(20KB) LOS objects, 23% free, 53MB/69MB, paused 550us total 29.296ms
08-06 03:01:38.595  6718  6731 I art     : Starting a blocking GC Explicit
08-06 03:01:38.623  6718  6731 I art     : Explicit concurrent mark sweep GC freed 20(704B) AllocSpace objects, 0(0B) LOS objects, 23% free, 53MB/69MB, paused 506us total 27.470ms
08-06 03:01:38.634  6718  6731 I art     : Starting a blocking GC Explicit
08-06 03:01:38.658  6718  6731 I art     : Explicit concurrent mark sweep GC freed 3(96B) AllocSpace objects, 0(0B) LOS objects, 23% free, 53MB/69MB, paused 533us total 23.400ms
08-06 03:01:38.667  6718  6731 I art     : Starting a blocking GC Explicit
08-06 03:01:38.690  6718  6731 I art     : Explicit concurrent mark sweep GC freed 3(96B) AllocSpace objects, 0(0B) LOS objects, 23% free, 53MB/69MB, paused 494us total 23.118ms
08-06 03:01:38.699  6718  6731 I art     : Starting a blocking GC Explicit
08-06 03:01:38.723  6718  6731 I art     : Explicit concurrent mark sweep GC freed 3(96B) AllocSpace objects, 0(0B) LOS objects, 23% free, 53MB/69MB, paused 503us total 23.445ms
08-06 03:01:39.022  6718  6747 I art     : Starting a blocking GC Explicit
08-06 03:01:39.049  6718  6747 I art     : Explicit concurrent mark sweep GC freed 1344(78KB) AllocSpace objects, 1(20KB) LOS objects, 23% free, 53MB/69MB, paused 554us total 26.390ms
08-06 03:01:39.062  6718  6747 I art     : Starting a blocking GC Explicit
08-06 03:01:39.085  6718  6747 I art     : Explicit concurrent mark sweep GC freed 20(704B) AllocSpace objects, 0(0B) LOS objects, 23% free, 53MB/69MB, paused 503us total 23.261ms
08-06 03:01:39.094  6718  6747 I art     : Starting a blocking GC Explicit
08-06 03:01:39.117  6718  6747 I art     : Explicit concurrent mark sweep GC freed 3(96B) AllocSpace objects, 0(0B) LOS objects, 23% free, 53MB/69MB, paused 552us total 22.467ms
08-06 03:01:39.126  6718  6747 I art     : Starting a blocking GC Explicit
08-06 03:01:39.148  6718  6747 I art     : Explicit concurrent mark sweep GC freed 3(96B) AllocSpace objects, 0(0B) LOS objects, 23% free, 53MB/69MB, paused 463us total 21.521ms
08-06 03:01:39.156  6718  6747 I art     : Starting a blocking GC Explicit
08-06 03:01:39.177  6718  6747 I art     : Explicit concurrent mark sweep GC freed 3(96B) AllocSpace objects, 0(0B) LOS objects, 23% free, 53MB/69MB, paused 525us total 20.931ms
08-06 03:01:39.447   918  1210 D NetlinkSocketObserver: NeighborEvent{elapsedMs=1829503321, 192.168.2.254, [7C3953A63323], RTM_NEWNEIGH, NUD_PROBE}
08-06 03:01:39.472  6718  7849 I art     : Starting a blocking GC Explicit
08-06 03:01:39.495  6718  7849 I art     : Explicit concurrent mark sweep GC freed 1344(78KB) AllocSpace objects, 1(20KB) LOS objects, 23% free, 53MB/69MB, paused 512us total 23.128ms
08-06 03:01:39.504  6718  7849 I art     : Starting a blocking GC Explicit
08-06 03:01:39.527  6718  7849 I art     : Explicit concurrent mark sweep GC freed 20(704B) AllocSpace objects, 0(0B) LOS objects, 23% free, 53MB/69MB, paused 566us total 22.988ms
08-06 03:01:39.533  9737  9737 D AndroidRuntime: >>>>>> START com.android.internal.os.RuntimeInit uid 2000 <<<<<<
08-06 03:01:39.537  6718  7849 I art     : Starting a blocking GC Explicit
08-06 03:01:39.538  9737  9737 D AndroidRuntime: CheckJNI is OFF
08-06 03:01:39.559  6718  7849 I art     : Explicit concurrent mark sweep GC freed 3(96B) AllocSpace objects, 0(0B) LOS objects, 23% free, 53MB/69MB, paused 520us total 22.099ms
08-06 03:01:39.568  6718  7849 I art     : Starting a blocking GC Explicit
08-06 03:01:39.575  9737  9737 D ICU     : No timezone override file found: /data/misc/zoneinfo/current/icu/icu_tzdata.dat
08-06 03:01:39.590  6718  7849 I art     : Explicit concurrent mark sweep GC freed 3(96B) AllocSpace objects, 0(0B) LOS objects, 23% free, 53MB/69MB, paused 568us total 22.391ms
08-06 03:01:39.599  6718  7849 I art     : Starting a blocking GC Explicit
08-06 03:01:39.610  9737  9737 I Radio-JNI: register_android_hardware_Radio DONE
08-06 03:01:39.620  6718  7849 I art     : Explicit concurrent mark sweep GC freed 3(96B) AllocSpace objects, 0(0B) LOS objects, 23% free, 53MB/69MB, paused 480us total 21.211ms
08-06 03:01:39.633  9737  9737 D AndroidRuntime: Calling main entry com.android.commands.input.Input
08-06 03:01:39.634  9737  9737 I Input   : injectMotionEvent: MotionEvent { action=ACTION_DOWN, actionButton=0, id[0]=0, x[0]=369.0, y[0]=554.0, toolType[0]=TOOL_TYPE_UNKNOWN, buttonState=0, metaState=0, flags=0x0, edgeFlags=0x0, pointerCount=1, historySize=0, eventTime=846116047, downTime=846116047, deviceId=0, source=0x1002 }
08-06 03:01:39.640  9737  9737 I Input   : injectMotionEvent: MotionEvent { action=ACTION_UP, actionButton=0, id[0]=0, x[0]=369.0, y[0]=554.0, toolType[0]=TOOL_TYPE_UNKNOWN, buttonState=0, metaState=0, flags=0x0, edgeFlags=0x0, pointerCount=1, historySize=0, eventTime=846116047, downTime=846116047, deviceId=0, source=0x1002 }
08-06 03:01:39.641   918  5952 I ActivityManager: START u0 {cmp=baseline.appteam.nith.hillffair/.activities.ClubActivity (has extras)} from uid 10697 on display 0
08-06 03:01:39.649  9737  9737 D AndroidRuntime: Shutting down VM
08-06 03:01:39.740   918   936 I ActivityManager: Displayed baseline.appteam.nith.hillffair/.activities.ClubActivity: +90ms
08-06 03:01:39.741 13866 13866 I GoogleInputMethodServic: GoogleInputMethodService.onFinishInput():3138 
08-06 03:01:39.742 13866 13866 I GoogleInputMethodServic: GoogleInputMethodService.onStartInput():1808 
08-06 03:01:39.865  6718  7194 I art     : Starting a blocking GC Explicit
08-06 03:01:39.896  6718  7194 I art     : Explicit concurrent mark sweep GC freed 5182(312KB) AllocSpace objects, 1(20KB) LOS objects, 22% free, 53MB/69MB, paused 594us total 30.044ms
08-06 03:01:39.909  6718  7194 I art     : Starting a blocking GC Explicit
08-06 03:01:39.942  6718  7194 I art     : Explicit concurrent mark sweep GC freed 222(10KB) AllocSpace objects, 0(0B) LOS objects, 22% free, 53MB/69MB, paused 773us total 33.111ms
08-06 03:01:39.955  6718  7194 I art     : Starting a blocking GC Explicit
08-06 03:01:39.980   380   380 W SurfaceFlinger: couldn't log to binary event log: overflow.
08-06 03:01:39.988  6718  7194 I art     : Explicit concurrent mark sweep GC freed 3(96B) AllocSpace objects, 0(0B) LOS objects, 22% free, 53MB/69MB, paused 521us total 32.768ms
08-06 03:01:39.999  6718  7194 I art     : Starting a blocking GC Explicit
08-06 03:01:40.019  6718  7194 I art     : Explicit concurrent mark sweep GC freed 3(96B) AllocSpace objects, 0(0B) LOS objects, 22% free, 53MB/69MB, paused 486us total 20.062ms
08-06 03:01:40.028  6718  7194 I art     : Starting a blocking GC Explicit
08-06 03:01:40.049  6718  7194 I art     : Explicit concurrent mark sweep GC freed 3(96B) AllocSpace objects, 0(0B) LOS objects, 22% free, 53MB/69MB, paused 1.600ms total 20.848ms
08-06 03:01:40.163  6718  9760 D OkHttp  : --> GET https://api-hillfair-2k16.herokuapp.com/api/app/club/PR%20Club http/1.1
08-06 03:01:40.195  6718  9760 D OkHttp  : <-- 200 OK https://api-hillfair-2k16.herokuapp.com/api/app/club/PR%20Club (31ms, 979-byte body)
08-06 03:01:40.248  6718  6718 I NAPPA_EXPERIMENTATION: MetricNetworkRequestExecutionTime: REQUEST_DURATION_SYSTEM='574',REQUEST_DURATION_OKHTTP='31',REQUEST_SYNCHRONOUS='FALSE',RESPONSE_CODE='200',RESPONSE_METHOD='GET',RESPONSE_LENGTH_OKHTTP='979',RESPONSE_LENGTH_HEADER='979',REQUEST_PROTOCOL='http/1.1',REQUEST_URL='https://api-hillfair-2k16.herokuapp.com/api/app/club/PR%20Club',
08-06 03:01:40.322  6718  7849 I art     : Starting a blocking GC Explicit
08-06 03:01:40.352  6718  7849 I art     : Explicit concurrent mark sweep GC freed 4889(352KB) AllocSpace objects, 4(220KB) LOS objects, 22% free, 53MB/69MB, paused 537us total 29.528ms
08-06 03:01:40.361  6718  7849 I art     : Starting a blocking GC Explicit
08-06 03:01:40.386  6718  7849 I art     : Explicit concurrent mark sweep GC freed 1031(119KB) AllocSpace objects, 0(0B) LOS objects, 22% free, 53MB/69MB, paused 535us total 25.164ms
08-06 03:01:40.395  6718  7849 I art     : Starting a blocking GC Explicit
08-06 03:01:40.420  6718  7849 I art     : Explicit concurrent mark sweep GC freed 3(96B) AllocSpace objects, 0(0B) LOS objects, 22% free, 53MB/69MB, paused 589us total 24.121ms
08-06 03:01:40.429  6718  7849 I art     : Starting a blocking GC Explicit
08-06 03:01:40.453  6718  7849 I art     : Explicit concurrent mark sweep GC freed 3(96B) AllocSpace objects, 0(0B) LOS objects, 22% free, 53MB/69MB, paused 516us total 23.506ms
08-06 03:01:40.461  6718  7849 I art     : Starting a blocking GC Explicit
08-06 03:01:40.485  6718  7849 I art     : Explicit concurrent mark sweep GC freed 3(96B) AllocSpace objects, 0(0B) LOS objects, 22% free, 53MB/69MB, paused 586us total 22.978ms
08-06 03:01:40.781  6718  6747 I art     : Starting a blocking GC Explicit
08-06 03:01:40.814  6718  6747 I art     : Explicit concurrent mark sweep GC freed 1344(78KB) AllocSpace objects, 1(20KB) LOS objects, 22% free, 53MB/69MB, paused 563us total 32.853ms
08-06 03:01:40.827  6718  6747 I art     : Starting a blocking GC Explicit
08-06 03:01:40.852  6718  6747 I art     : Explicit concurrent mark sweep GC freed 36(1264B) AllocSpace objects, 0(0B) LOS objects, 22% free, 53MB/69MB, paused 530us total 24.853ms
08-06 03:01:40.861  6718  6747 I art     : Starting a blocking GC Explicit
08-06 03:01:40.886  6718  6747 I art     : Explicit concurrent mark sweep GC freed 3(96B) AllocSpace objects, 0(0B) LOS objects, 22% free, 53MB/69MB, paused 540us total 24.439ms
08-06 03:01:40.895  6718  6747 I art     : Starting a blocking GC Explicit
08-06 03:01:40.920  6718  6747 I art     : Explicit concurrent mark sweep GC freed 3(96B) AllocSpace objects, 0(0B) LOS objects, 22% free, 53MB/69MB, paused 534us total 24.641ms
08-06 03:01:40.929  6718  6747 I art     : Starting a blocking GC Explicit
08-06 03:01:40.954  6718  6747 I art     : Explicit concurrent mark sweep GC freed 3(96B) AllocSpace objects, 0(0B) LOS objects, 22% free, 53MB/69MB, paused 520us total 24.160ms
08-06 03:01:41.255  6718  7849 I art     : Starting a blocking GC Explicit
08-06 03:01:41.289  6718  7849 I art     : Explicit concurrent mark sweep GC freed 1344(78KB) AllocSpace objects, 1(20KB) LOS objects, 22% free, 53MB/69MB, paused 582us total 34.307ms
08-06 03:01:41.302  6718  7849 I art     : Starting a blocking GC Explicit
08-06 03:01:41.327  6718  7849 I art     : Explicit concurrent mark sweep GC freed 20(704B) AllocSpace objects, 0(0B) LOS objects, 22% free, 53MB/69MB, paused 542us total 24.525ms
08-06 03:01:41.336  6718  7849 I art     : Starting a blocking GC Explicit
08-06 03:01:41.361  6718  7849 I art     : Explicit concurrent mark sweep GC freed 3(96B) AllocSpace objects, 0(0B) LOS objects, 22% free, 53MB/69MB, paused 536us total 24.691ms
08-06 03:01:41.370  6718  7849 I art     : Starting a blocking GC Explicit
08-06 03:01:41.395  6718  7849 I art     : Explicit concurrent mark sweep GC freed 3(96B) AllocSpace objects, 0(0B) LOS objects, 22% free, 53MB/69MB, paused 538us total 24.652ms
08-06 03:01:41.404  6718  7849 I art     : Starting a blocking GC Explicit
08-06 03:01:41.429  6718  7849 I art     : Explicit concurrent mark sweep GC freed 3(96B) AllocSpace objects, 0(0B) LOS objects, 22% free, 53MB/69MB, paused 528us total 24.816ms
08-06 03:01:41.744   518   646 I ThermalEngine: ACTION: GPU - Setting GPU[0] to 450000000
08-06 03:01:41.749  6718  7194 I art     : Starting a blocking GC Explicit
08-06 03:01:41.786  6718  7194 I art     : Explicit concurrent mark sweep GC freed 1344(78KB) AllocSpace objects, 1(20KB) LOS objects, 22% free, 53MB/69MB, paused 809us total 36.525ms
08-06 03:01:41.802  6718  7194 I art     : Starting a blocking GC Explicit
08-06 03:01:41.834  6718  7194 I art     : Explicit concurrent mark sweep GC freed 20(704B) AllocSpace objects, 0(0B) LOS objects, 22% free, 53MB/69MB, paused 719us total 32.296ms
08-06 03:01:41.846  6718  7194 I art     : Starting a blocking GC Explicit
08-06 03:01:41.880  6718  7194 I art     : Explicit concurrent mark sweep GC freed 3(96B) AllocSpace objects, 0(0B) LOS objects, 22% free, 53MB/69MB, paused 726us total 33.833ms
08-06 03:01:41.892  6718  7194 I art     : Starting a blocking GC Explicit
08-06 03:01:41.926  6718  7194 I art     : Explicit concurrent mark sweep GC freed 24(1104B) AllocSpace objects, 0(0B) LOS objects, 22% free, 53MB/69MB, paused 700us total 33.067ms
08-06 03:01:41.938  6718  7194 I art     : Starting a blocking GC Explicit
08-06 03:01:41.971  6718  7194 I art     : Explicit concurrent mark sweep GC freed 19(608B) AllocSpace objects, 0(0B) LOS objects, 22% free, 53MB/69MB, paused 668us total 33.038ms
08-06 03:01:42.317  6718  6731 I art     : Starting a blocking GC Explicit
08-06 03:01:42.359  6718  6731 I art     : Explicit concurrent mark sweep GC freed 1344(78KB) AllocSpace objects, 1(20KB) LOS objects, 22% free, 53MB/69MB, paused 714us total 41.787ms
08-06 03:01:42.375  6718  6731 I art     : Starting a blocking GC Explicit
08-06 03:01:42.408  6718  6731 I art     : Explicit concurrent mark sweep GC freed 20(704B) AllocSpace objects, 0(0B) LOS objects, 22% free, 53MB/69MB, paused 721us total 32.493ms
08-06 03:01:42.420  6718  6731 I art     : Starting a blocking GC Explicit
08-06 03:01:42.453  6718  6731 I art     : Explicit concurrent mark sweep GC freed 3(96B) AllocSpace objects, 0(0B) LOS objects, 22% free, 53MB/69MB, paused 769us total 33.085ms
08-06 03:01:42.465  6718  6731 I art     : Starting a blocking GC Explicit
08-06 03:01:42.498  6718  6731 I art     : Explicit concurrent mark sweep GC freed 3(96B) AllocSpace objects, 0(0B) LOS objects, 22% free, 53MB/69MB, paused 689us total 32.328ms
08-06 03:01:42.509  6718  6731 I art     : Starting a blocking GC Explicit
08-06 03:01:42.543  6718  6731 I art     : Explicit concurrent mark sweep GC freed 3(96B) AllocSpace objects, 0(0B) LOS objects, 22% free, 53MB/69MB, paused 686us total 33.186ms
08-06 03:01:42.876  6718  6730 I art     : Starting a blocking GC Explicit
08-06 03:01:42.913  6718  6730 I art     : Explicit concurrent mark sweep GC freed 1344(78KB) AllocSpace objects, 1(20KB) LOS objects, 22% free, 53MB/69MB, paused 744us total 36.844ms
08-06 03:01:42.927  6718  6730 I art     : Starting a blocking GC Explicit
08-06 03:01:42.964  6718  6730 I art     : Explicit concurrent mark sweep GC freed 20(704B) AllocSpace objects, 0(0B) LOS objects, 22% free, 53MB/69MB, paused 713us total 36.520ms
08-06 03:01:42.976  6718  6730 I art     : Starting a blocking GC Explicit
08-06 03:01:43.009  6718  6730 I art     : Explicit concurrent mark sweep GC freed 3(96B) AllocSpace objects, 0(0B) LOS objects, 22% free, 53MB/69MB, paused 681us total 32.264ms
08-06 03:01:43.021  6718  6730 I art     : Starting a blocking GC Explicit
08-06 03:01:43.054  6718  6730 I art     : Explicit concurrent mark sweep GC freed 3(96B) AllocSpace objects, 0(0B) LOS objects, 22% free, 53MB/69MB, paused 691us total 33.227ms
08-06 03:01:43.067  6718  6730 I art     : Starting a blocking GC Explicit
08-06 03:01:43.099  6718  6730 I art     : Explicit concurrent mark sweep GC freed 3(96B) AllocSpace objects, 0(0B) LOS objects, 22% free, 53MB/69MB, paused 666us total 32.487ms
08-06 03:01:43.430  6718  6747 I art     : Starting a blocking GC Explicit
08-06 03:01:43.472  6718  6747 I art     : Explicit concurrent mark sweep GC freed 1344(78KB) AllocSpace objects, 1(20KB) LOS objects, 22% free, 53MB/69MB, paused 694us total 42.268ms
08-06 03:01:43.484  6718  6747 I art     : Starting a blocking GC Explicit
08-06 03:01:43.517  6718  6747 I art     : Explicit concurrent mark sweep GC freed 20(704B) AllocSpace objects, 0(0B) LOS objects, 22% free, 53MB/69MB, paused 823us total 32.842ms
08-06 03:01:43.529  6718  6747 I art     : Starting a blocking GC Explicit
08-06 03:01:43.562  6718  6747 I art     : Explicit concurrent mark sweep GC freed 3(96B) AllocSpace objects, 0(0B) LOS objects, 22% free, 53MB/69MB, paused 759us total 32.636ms
08-06 03:01:43.574  6718  6747 I art     : Starting a blocking GC Explicit
08-06 03:01:43.607  6718  6747 I art     : Explicit concurrent mark sweep GC freed 3(96B) AllocSpace objects, 0(0B) LOS objects, 22% free, 53MB/69MB, paused 666us total 32.252ms
08-06 03:01:43.619  6718  6747 I art     : Starting a blocking GC Explicit
08-06 03:01:43.652  6718  6747 I art     : Explicit concurrent mark sweep GC freed 3(96B) AllocSpace objects, 0(0B) LOS objects, 22% free, 53MB/69MB, paused 683us total 33.204ms
08-06 03:01:43.967  6718  7849 I art     : Starting a blocking GC Explicit
08-06 03:01:43.997  6718  7849 I art     : Explicit concurrent mark sweep GC freed 1344(78KB) AllocSpace objects, 1(20KB) LOS objects, 22% free, 53MB/69MB, paused 694us total 29.895ms
08-06 03:01:44.009  6718  7849 I art     : Starting a blocking GC Explicit
08-06 03:01:44.040  6718  7849 I art     : Explicit concurrent mark sweep GC freed 20(704B) AllocSpace objects, 0(0B) LOS objects, 22% free, 53MB/69MB, paused 777us total 31.517ms
08-06 03:01:44.052  6718  7849 I art     : Starting a blocking GC Explicit
08-06 03:01:44.083  6718  7849 I art     : Explicit concurrent mark sweep GC freed 3(96B) AllocSpace objects, 0(0B) LOS objects, 22% free, 53MB/69MB, paused 689us total 30.277ms
08-06 03:01:44.094  6718  7849 I art     : Starting a blocking GC Explicit
08-06 03:01:44.125  6718  7849 I art     : Explicit concurrent mark sweep GC freed 3(96B) AllocSpace objects, 0(0B) LOS objects, 22% free, 53MB/69MB, paused 707us total 30.844ms
08-06 03:01:44.137  6718  7849 I art     : Starting a blocking GC Explicit
08-06 03:01:44.168  6718  7849 I art     : Explicit concurrent mark sweep GC freed 3(96B) AllocSpace objects, 0(0B) LOS objects, 22% free, 53MB/69MB, paused 737us total 31.159ms
08-06 03:01:44.431  9850  9850 D AndroidRuntime: >>>>>> START com.android.internal.os.RuntimeInit uid 2000 <<<<<<
08-06 03:01:44.437  9850  9850 D AndroidRuntime: CheckJNI is OFF
08-06 03:01:44.480  9850  9850 D ICU     : No timezone override file found: /data/misc/zoneinfo/current/icu/icu_tzdata.dat
08-06 03:01:44.511  6718  7194 I art     : Starting a blocking GC Explicit
08-06 03:01:44.522  9850  9850 I Radio-JNI: register_android_hardware_Radio DONE
08-06 03:01:44.541  6718  7194 I art     : Explicit concurrent mark sweep GC freed 1344(78KB) AllocSpace objects, 1(20KB) LOS objects, 22% free, 53MB/69MB, paused 686us total 29.939ms
08-06 03:01:44.553  9850  9850 D AndroidRuntime: Calling main entry com.android.commands.input.Input
08-06 03:01:44.553  6718  7194 I art     : Starting a blocking GC Explicit
08-06 03:01:44.554  9850  9850 I Input   : injectKeyEvent: KeyEvent { action=ACTION_DOWN, keyCode=KEYCODE_BACK, scanCode=0, metaState=0, flags=0x0, repeatCount=0, eventTime=846120967, downTime=846120967, deviceId=-1, source=0x101 }
08-06 03:01:44.563  9850  9850 I Input   : injectKeyEvent: KeyEvent { action=ACTION_UP, keyCode=KEYCODE_BACK, scanCode=0, metaState=0, flags=0x0, repeatCount=0, eventTime=846120967, downTime=846120967, deviceId=-1, source=0x101 }
08-06 03:01:44.572  9850  9850 D AndroidRuntime: Shutting down VM
08-06 03:01:44.581  6718  7194 I art     : Explicit concurrent mark sweep GC freed 149(6KB) AllocSpace objects, 0(0B) LOS objects, 22% free, 53MB/69MB, paused 723us total 28.031ms
08-06 03:01:44.592  6718  7194 I art     : Starting a blocking GC Explicit
08-06 03:01:44.614 13866 13866 I GoogleInputMethodServic: GoogleInputMethodService.onFinishInput():3138 
08-06 03:01:44.614 13866 13866 I GoogleInputMethodServic: GoogleInputMethodService.onStartInput():1808 
08-06 03:01:44.618  6718  7194 I art     : Explicit concurrent mark sweep GC freed 20(784B) AllocSpace objects, 0(0B) LOS objects, 22% free, 53MB/69MB, paused 666us total 25.851ms
08-06 03:01:44.629  6718  7194 I art     : Starting a blocking GC Explicit
08-06 03:01:44.656  6718  7194 I art     : Explicit concurrent mark sweep GC freed 38(1376B) AllocSpace objects, 0(0B) LOS objects, 22% free, 53MB/69MB, paused 662us total 27.227ms
08-06 03:01:44.668  6718  7194 I art     : Starting a blocking GC Explicit
08-06 03:01:44.693  6718  7194 I art     : Explicit concurrent mark sweep GC freed 10(384B) AllocSpace objects, 0(0B) LOS objects, 22% free, 53MB/69MB, paused 638us total 25.562ms
08-06 03:01:44.748   518   646 I ThermalEngine: ACTION: GPU - Setting GPU[0] to 510000000
08-06 03:01:44.918   380   380 W SurfaceFlinger: couldn't log to binary event log: overflow.
08-06 03:01:44.968  6718  7194 I art     : Starting a blocking GC Explicit
08-06 03:01:44.991  6718  7194 I art     : Explicit concurrent mark sweep GC freed 1453(86KB) AllocSpace objects, 1(20KB) LOS objects, 22% free, 53MB/69MB, paused 507us total 22.599ms
08-06 03:01:44.999  6718  7194 I art     : Starting a blocking GC Explicit
08-06 03:01:45.021  6718  7194 I art     : Explicit concurrent mark sweep GC freed 1671(107KB) AllocSpace objects, 3(184KB) LOS objects, 23% free, 53MB/69MB, paused 538us total 21.558ms
08-06 03:01:45.030  6718  7194 I art     : Starting a blocking GC Explicit
08-06 03:01:45.054  6718  7194 I art     : Explicit concurrent mark sweep GC freed 3(96B) AllocSpace objects, 0(0B) LOS objects, 23% free, 53MB/69MB, paused 512us total 23.518ms
08-06 03:01:45.063  6718  7194 I art     : Starting a blocking GC Explicit
08-06 03:01:45.087  6718  7194 I art     : Explicit concurrent mark sweep GC freed 3(96B) AllocSpace objects, 0(0B) LOS objects, 23% free, 53MB/69MB, paused 596us total 23.673ms
08-06 03:01:45.096  6718  7194 I art     : Starting a blocking GC Explicit
08-06 03:01:45.120  6718  7194 I art     : Explicit concurrent mark sweep GC freed 3(96B) AllocSpace objects, 0(0B) LOS objects, 23% free, 53MB/69MB, paused 519us total 23.524ms
08-06 03:01:45.414  6718  6731 I art     : Starting a blocking GC Explicit
08-06 03:01:45.444  6718  6731 I art     : Explicit concurrent mark sweep GC freed 1344(78KB) AllocSpace objects, 1(20KB) LOS objects, 23% free, 53MB/69MB, paused 552us total 29.479ms
08-06 03:01:45.457  6718  6731 I art     : Starting a blocking GC Explicit
08-06 03:01:45.481  6718  6731 I art     : Explicit concurrent mark sweep GC freed 20(704B) AllocSpace objects, 0(0B) LOS objects, 23% free, 53MB/69MB, paused 499us total 23.601ms
08-06 03:01:45.489  6718  6731 I art     : Starting a blocking GC Explicit
08-06 03:01:45.513  6718  6731 I art     : Explicit concurrent mark sweep GC freed 3(96B) AllocSpace objects, 0(0B) LOS objects, 23% free, 53MB/69MB, paused 495us total 23.281ms
08-06 03:01:45.522  6718  6731 I art     : Starting a blocking GC Explicit
08-06 03:01:45.542  6516  6516 I Atfwd_Sendcmd: AtCmdFwd service not ready - Exhausted retry attempts - :6
08-06 03:01:45.542  6516  6516 I Atfwd_Daemon: result : -1 	 ,Init step :2 	 ,qmiErrorCode: 0
08-06 03:01:45.546  6718  6731 I art     : Explicit concurrent mark sweep GC freed 3(96B) AllocSpace objects, 0(0B) LOS objects, 23% free, 53MB/69MB, paused 504us total 23.901ms
08-06 03:01:45.556  6718  6731 I art     : Starting a blocking GC Explicit
08-06 03:01:45.579  6718  6731 I art     : Explicit concurrent mark sweep GC freed 3(96B) AllocSpace objects, 0(0B) LOS objects, 23% free, 53MB/69MB, paused 465us total 22.893ms
08-06 03:01:45.875  6718  6730 I art     : Starting a blocking GC Explicit
08-06 03:01:45.900  6718  6730 I art     : Explicit concurrent mark sweep GC freed 1344(78KB) AllocSpace objects, 1(20KB) LOS objects, 23% free, 53MB/69MB, paused 536us total 23.854ms
08-06 03:01:45.909  6718  6730 I art     : Starting a blocking GC Explicit
08-06 03:01:45.932  6718  6730 I art     : Explicit concurrent mark sweep GC freed 20(704B) AllocSpace objects, 0(0B) LOS objects, 23% free, 53MB/69MB, paused 513us total 23.119ms
08-06 03:01:45.941  6718  6730 I art     : Starting a blocking GC Explicit
08-06 03:01:45.963  6718  6730 I art     : Explicit concurrent mark sweep GC freed 3(96B) AllocSpace objects, 0(0B) LOS objects, 23% free, 53MB/69MB, paused 506us total 22.031ms
08-06 03:01:45.972  6718  6730 I art     : Starting a blocking GC Explicit
08-06 03:01:45.995  6718  6730 I art     : Explicit concurrent mark sweep GC freed 3(96B) AllocSpace objects, 0(0B) LOS objects, 23% free, 53MB/69MB, paused 507us total 22.271ms
08-06 03:01:46.003  6718  6730 I art     : Starting a blocking GC Explicit
08-06 03:01:46.026  6718  6730 I art     : Explicit concurrent mark sweep GC freed 3(96B) AllocSpace objects, 0(0B) LOS objects, 23% free, 53MB/69MB, paused 523us total 22.099ms
08-06 03:01:46.241  9907  9907 D AndroidRuntime: >>>>>> START com.android.internal.os.RuntimeInit uid 2000 <<<<<<
08-06 03:01:46.246  9907  9907 D AndroidRuntime: CheckJNI is OFF
08-06 03:01:46.282  9907  9907 D ICU     : No timezone override file found: /data/misc/zoneinfo/current/icu/icu_tzdata.dat
08-06 03:01:46.300  6718  6747 I art     : Starting a blocking GC Explicit
08-06 03:01:46.316  9907  9907 I Radio-JNI: register_android_hardware_Radio DONE
08-06 03:01:46.324  6718  6747 I art     : Explicit concurrent mark sweep GC freed 1344(78KB) AllocSpace objects, 1(20KB) LOS objects, 23% free, 53MB/69MB, paused 570us total 23.668ms
08-06 03:01:46.333  6718  6747 I art     : Starting a blocking GC Explicit
08-06 03:01:46.339  9907  9907 D AndroidRuntime: Calling main entry com.android.commands.input.Input
08-06 03:01:46.341  9907  9907 I Input   : injectMotionEvent: MotionEvent { action=ACTION_DOWN, actionButton=0, id[0]=0, x[0]=1012.0, y[0]=1152.0, toolType[0]=TOOL_TYPE_UNKNOWN, buttonState=0, metaState=0, flags=0x0, edgeFlags=0x0, pointerCount=1, historySize=0, eventTime=846122753, downTime=846122753, deviceId=0, source=0x1002 }
08-06 03:01:46.347  9907  9907 I Input   : injectMotionEvent: MotionEvent { action=ACTION_UP, actionButton=0, id[0]=0, x[0]=1012.0, y[0]=1152.0, toolType[0]=TOOL_TYPE_UNKNOWN, buttonState=0, metaState=0, flags=0x0, edgeFlags=0x0, pointerCount=1, historySize=0, eventTime=846122753, downTime=846122753, deviceId=0, source=0x1002 }
08-06 03:01:46.349   918  6029 I ActivityManager: START u0 {cmp=baseline.appteam.nith.hillffair/.activities.ClubActivity (has extras)} from uid 10697 on display 0
08-06 03:01:46.355  6718  6747 I art     : Explicit concurrent mark sweep GC freed 20(704B) AllocSpace objects, 0(0B) LOS objects, 23% free, 53MB/69MB, paused 614us total 22.081ms
08-06 03:01:46.356  9907  9907 D AndroidRuntime: Shutting down VM
08-06 03:01:46.365  6718  6747 I art     : Starting a blocking GC Explicit
08-06 03:01:46.390  6718  6747 I art     : Explicit concurrent mark sweep GC freed 3231(196KB) AllocSpace objects, 0(0B) LOS objects, 22% free, 53MB/69MB, paused 873us total 24.509ms
08-06 03:01:46.400  6718  6747 I art     : Starting a blocking GC Explicit
08-06 03:01:46.421  6718  6747 I art     : Explicit concurrent mark sweep GC freed 298(25KB) AllocSpace objects, 0(0B) LOS objects, 22% free, 53MB/69MB, paused 516us total 21.189ms
08-06 03:01:46.430  6718  6747 I art     : Starting a blocking GC Explicit
08-06 03:01:46.443 13866 13866 I GoogleInputMethodServic: GoogleInputMethodService.onFinishInput():3138 
08-06 03:01:46.443   918   936 I ActivityManager: Displayed baseline.appteam.nith.hillffair/.activities.ClubActivity: +86ms
08-06 03:01:46.444 13866 13866 I GoogleInputMethodServic: GoogleInputMethodService.onStartInput():1808 
08-06 03:01:46.452  6718  6747 I art     : Explicit concurrent mark sweep GC freed 187(6KB) AllocSpace objects, 0(0B) LOS objects, 22% free, 53MB/69MB, paused 578us total 22.128ms
08-06 03:01:46.686   380   380 W SurfaceFlinger: couldn't log to binary event log: overflow.
08-06 03:01:46.688  6718  7849 I art     : Starting a blocking GC Explicit
08-06 03:01:46.711  6718  7849 I art     : Explicit concurrent mark sweep GC freed 1460(85KB) AllocSpace objects, 1(20KB) LOS objects, 22% free, 53MB/69MB, paused 503us total 22.404ms
08-06 03:01:46.719  6718  7849 I art     : Starting a blocking GC Explicit
08-06 03:01:46.740  6718  7849 I art     : Explicit concurrent mark sweep GC freed 42(1424B) AllocSpace objects, 0(0B) LOS objects, 22% free, 53MB/69MB, paused 482us total 20.403ms
08-06 03:01:46.748  6718  7849 I art     : Starting a blocking GC Explicit
08-06 03:01:46.769  6718  7849 I art     : Explicit concurrent mark sweep GC freed 3(96B) AllocSpace objects, 0(0B) LOS objects, 22% free, 53MB/69MB, paused 501us total 20.788ms
08-06 03:01:46.777  6718  7849 I art     : Starting a blocking GC Explicit
08-06 03:01:46.798  6718  7849 I art     : Explicit concurrent mark sweep GC freed 3(96B) AllocSpace objects, 0(0B) LOS objects, 22% free, 53MB/69MB, paused 495us total 20.696ms
08-06 03:01:46.806  6718  7849 I art     : Starting a blocking GC Explicit
08-06 03:01:46.829  6718  7849 I art     : Explicit concurrent mark sweep GC freed 96(5KB) AllocSpace objects, 0(0B) LOS objects, 22% free, 53MB/69MB, paused 677us total 22.125ms
08-06 03:01:46.923  6718  9930 D OkHttp  : --> GET https://api-hillfair-2k16.herokuapp.com/api/app/club/Design%20and%20Decoration%20Club http/1.1
08-06 03:01:46.958  6718  9930 D OkHttp  : <-- 200 OK https://api-hillfair-2k16.herokuapp.com/api/app/club/Design%20and%20Decoration%20Club (34ms, 760-byte body)
08-06 03:01:47.004  6718  6718 I NAPPA_EXPERIMENTATION: MetricNetworkRequestExecutionTime: REQUEST_DURATION_SYSTEM='624',REQUEST_DURATION_OKHTTP='35',REQUEST_SYNCHRONOUS='FALSE',RESPONSE_CODE='200',RESPONSE_METHOD='GET',RESPONSE_LENGTH_OKHTTP='760',RESPONSE_LENGTH_HEADER='760',REQUEST_PROTOCOL='http/1.1',REQUEST_URL='https://api-hillfair-2k16.herokuapp.com/api/app/club/Design%20and%20Decoration%20Club',
08-06 03:01:47.104  6718  7849 I art     : Starting a blocking GC Explicit
08-06 03:01:47.130  6718  7849 I art     : Explicit concurrent mark sweep GC freed 4816(339KB) AllocSpace objects, 4(220KB) LOS objects, 22% free, 53MB/69MB, paused 531us total 25.500ms
08-06 03:01:47.139  6718  7849 I art     : Starting a blocking GC Explicit
08-06 03:01:47.161  6718  7849 I art     : Explicit concurrent mark sweep GC freed 1035(119KB) AllocSpace objects, 0(0B) LOS objects, 22% free, 53MB/69MB, paused 514us total 21.606ms
08-06 03:01:47.169  6718  7849 I art     : Starting a blocking GC Explicit
08-06 03:01:47.192  6718  7849 I art     : Explicit concurrent mark sweep GC freed 3(96B) AllocSpace objects, 0(0B) LOS objects, 22% free, 53MB/69MB, paused 465us total 22.799ms
08-06 03:01:47.201  6718  7849 I art     : Starting a blocking GC Explicit
08-06 03:01:47.223  6718  7849 I art     : Explicit concurrent mark sweep GC freed 3(96B) AllocSpace objects, 0(0B) LOS objects, 22% free, 53MB/69MB, paused 457us total 21.587ms
08-06 03:01:47.231  6718  7849 I art     : Starting a blocking GC Explicit
08-06 03:01:47.253  6718  7849 I art     : Explicit concurrent mark sweep GC freed 3(96B) AllocSpace objects, 0(0B) LOS objects, 22% free, 53MB/69MB, paused 517us total 21.610ms
08-06 03:01:47.541  6718  7849 I art     : Starting a blocking GC Explicit
08-06 03:01:47.575  6718  7849 I art     : Explicit concurrent mark sweep GC freed 1344(78KB) AllocSpace objects, 1(20KB) LOS objects, 22% free, 53MB/69MB, paused 570us total 33.821ms
08-06 03:01:47.588  6718  7849 I art     : Starting a blocking GC Explicit
08-06 03:01:47.613  6718  7849 I art     : Explicit concurrent mark sweep GC freed 36(1264B) AllocSpace objects, 0(0B) LOS objects, 22% free, 53MB/69MB, paused 532us total 25.567ms
08-06 03:01:47.623  6718  7849 I art     : Starting a blocking GC Explicit
08-06 03:01:47.648  6718  7849 I art     : Explicit concurrent mark sweep GC freed 3(96B) AllocSpace objects, 0(0B) LOS objects, 22% free, 53MB/69MB, paused 540us total 25.103ms
08-06 03:01:47.657  6718  7849 I art     : Starting a blocking GC Explicit
08-06 03:01:47.682  6718  7849 I art     : Explicit concurrent mark sweep GC freed 3(96B) AllocSpace objects, 0(0B) LOS objects, 22% free, 53MB/69MB, paused 522us total 24.784ms
08-06 03:01:47.692  6718  7849 I art     : Starting a blocking GC Explicit
08-06 03:01:47.718  6718  7849 I art     : Explicit concurrent mark sweep GC freed 3(96B) AllocSpace objects, 0(0B) LOS objects, 22% free, 53MB/69MB, paused 557us total 25.690ms
08-06 03:01:47.756   518   646 I ThermalEngine: ACTION: GPU - Setting GPU[0] to 450000000
08-06 03:01:48.035  6718  7194 I art     : Starting a blocking GC Explicit
08-06 03:01:48.072  6718  7194 I art     : Explicit concurrent mark sweep GC freed 1344(78KB) AllocSpace objects, 1(20KB) LOS objects, 22% free, 53MB/69MB, paused 770us total 37.157ms
08-06 03:01:48.085  6718  7194 I art     : Starting a blocking GC Explicit
08-06 03:01:48.119  6718  7194 I art     : Explicit concurrent mark sweep GC freed 20(704B) AllocSpace objects, 0(0B) LOS objects, 22% free, 53MB/69MB, paused 714us total 33.747ms
08-06 03:01:48.131  6718  7194 I art     : Starting a blocking GC Explicit
08-06 03:01:48.164  6718  7194 I art     : Explicit concurrent mark sweep GC freed 3(96B) AllocSpace objects, 0(0B) LOS objects, 22% free, 53MB/69MB, paused 651us total 32.928ms
08-06 03:01:48.176  6718  7194 I art     : Starting a blocking GC Explicit
08-06 03:01:48.210  6718  7194 I art     : Explicit concurrent mark sweep GC freed 3(96B) AllocSpace objects, 0(0B) LOS objects, 22% free, 53MB/69MB, paused 710us total 33.716ms
08-06 03:01:48.222  6718  7194 I art     : Starting a blocking GC Explicit
08-06 03:01:48.256  6718  7194 I art     : Explicit concurrent mark sweep GC freed 3(96B) AllocSpace objects, 0(0B) LOS objects, 22% free, 53MB/69MB, paused 719us total 33.809ms
08-06 03:01:48.591  6718  6730 I art     : Starting a blocking GC Explicit
08-06 03:01:48.633  6718  6730 I art     : Explicit concurrent mark sweep GC freed 1344(78KB) AllocSpace objects, 1(20KB) LOS objects, 22% free, 53MB/69MB, paused 1.039ms total 41.568ms
08-06 03:01:48.649  6718  6730 I art     : Starting a blocking GC Explicit
08-06 03:01:48.683  6718  6730 I art     : Explicit concurrent mark sweep GC freed 20(704B) AllocSpace objects, 0(0B) LOS objects, 22% free, 53MB/69MB, paused 719us total 33.232ms
08-06 03:01:48.695  6718  6730 I art     : Starting a blocking GC Explicit
08-06 03:01:48.729  6718  6730 I art     : Explicit concurrent mark sweep GC freed 3(96B) AllocSpace objects, 0(0B) LOS objects, 22% free, 53MB/69MB, paused 717us total 33.701ms
08-06 03:01:48.741  6718  6730 I art     : Starting a blocking GC Explicit
08-06 03:01:48.774  6718  6730 I art     : Explicit concurrent mark sweep GC freed 3(96B) AllocSpace objects, 0(0B) LOS objects, 22% free, 53MB/69MB, paused 664us total 32.312ms
08-06 03:01:48.786  6718  6730 I art     : Starting a blocking GC Explicit
08-06 03:01:48.818  6718  6730 I art     : Explicit concurrent mark sweep GC freed 3(96B) AllocSpace objects, 0(0B) LOS objects, 22% free, 53MB/69MB, paused 729us total 32.533ms
08-06 03:01:49.159  6718  6731 I art     : Starting a blocking GC Explicit
08-06 03:01:49.199  6718  6731 I art     : Explicit concurrent mark sweep GC freed 1344(78KB) AllocSpace objects, 1(20KB) LOS objects, 22% free, 53MB/69MB, paused 836us total 40.211ms
08-06 03:01:49.215  6718  6731 I art     : Starting a blocking GC Explicit
08-06 03:01:49.246  6718  6731 I art     : Explicit concurrent mark sweep GC freed 20(704B) AllocSpace objects, 0(0B) LOS objects, 22% free, 53MB/69MB, paused 686us total 30.324ms
08-06 03:01:49.258  6718  6731 I art     : Starting a blocking GC Explicit
08-06 03:01:49.292  6718  6731 I art     : Explicit concurrent mark sweep GC freed 3(96B) AllocSpace objects, 0(0B) LOS objects, 22% free, 53MB/69MB, paused 712us total 33.493ms
08-06 03:01:49.304  6718  6731 I art     : Starting a blocking GC Explicit
08-06 03:01:49.337  6718  6731 I art     : Explicit concurrent mark sweep GC freed 3(96B) AllocSpace objects, 0(0B) LOS objects, 22% free, 53MB/69MB, paused 773us total 33.062ms
08-06 03:01:49.350  6718  6731 I art     : Starting a blocking GC Explicit
08-06 03:01:49.382  6718  6731 I art     : Explicit concurrent mark sweep GC freed 3(96B) AllocSpace objects, 0(0B) LOS objects, 22% free, 53MB/69MB, paused 685us total 32.688ms
08-06 03:01:49.721  6718  6747 I art     : Starting a blocking GC Explicit
08-06 03:01:49.753  6718  6747 I art     : Explicit concurrent mark sweep GC freed 1344(78KB) AllocSpace objects, 1(20KB) LOS objects, 22% free, 53MB/69MB, paused 729us total 32.165ms
08-06 03:01:49.768  6718  6747 I art     : Starting a blocking GC Explicit
08-06 03:01:49.803  6718  6747 I art     : Explicit concurrent mark sweep GC freed 20(704B) AllocSpace objects, 0(0B) LOS objects, 22% free, 53MB/69MB, paused 712us total 34.551ms
08-06 03:01:49.815  6718  6747 I art     : Starting a blocking GC Explicit
08-06 03:01:49.847  6718  6747 I art     : Explicit concurrent mark sweep GC freed 3(96B) AllocSpace objects, 0(0B) LOS objects, 22% free, 53MB/69MB, paused 776us total 31.442ms
08-06 03:01:49.859  6718  6747 I art     : Starting a blocking GC Explicit
08-06 03:01:49.893  6718  6747 I art     : Explicit concurrent mark sweep GC freed 3(96B) AllocSpace objects, 0(0B) LOS objects, 22% free, 53MB/69MB, paused 714us total 33.250ms
08-06 03:01:49.905  6718  6747 I art     : Starting a blocking GC Explicit
08-06 03:01:49.938  6718  6747 I art     : Explicit concurrent mark sweep GC freed 3(96B) AllocSpace objects, 0(0B) LOS objects, 22% free, 53MB/69MB, paused 678us total 33.242ms
08-06 03:01:50.279  6718  7849 I art     : Starting a blocking GC Explicit
08-06 03:01:50.317  6718  7849 I art     : Explicit concurrent mark sweep GC freed 1344(78KB) AllocSpace objects, 1(20KB) LOS objects, 22% free, 53MB/69MB, paused 712us total 37.658ms
08-06 03:01:50.331  6718  7849 I art     : Starting a blocking GC Explicit
08-06 03:01:50.361  6718  7849 I art     : Explicit concurrent mark sweep GC freed 20(704B) AllocSpace objects, 0(0B) LOS objects, 22% free, 53MB/69MB, paused 693us total 30.615ms
08-06 03:01:50.374  6718  7849 I art     : Starting a blocking GC Explicit
08-06 03:01:50.407  6718  7849 I art     : Explicit concurrent mark sweep GC freed 3(96B) AllocSpace objects, 0(0B) LOS objects, 22% free, 53MB/69MB, paused 820us total 33.431ms
08-06 03:01:50.420  6718  7849 I art     : Starting a blocking GC Explicit
08-06 03:01:50.453  6718  7849 I art     : Explicit concurrent mark sweep GC freed 3(96B) AllocSpace objects, 0(0B) LOS objects, 22% free, 53MB/69MB, paused 707us total 32.987ms
08-06 03:01:50.465  6718  7849 I art     : Starting a blocking GC Explicit
08-06 03:01:50.497  6718  7849 I art     : Explicit concurrent mark sweep GC freed 3(96B) AllocSpace objects, 0(0B) LOS objects, 22% free, 53MB/69MB, paused 818us total 32.139ms
08-06 03:01:50.797  6718  7194 I art     : Starting a blocking GC Explicit
08-06 03:01:50.832  6718  7194 I art     : Explicit concurrent mark sweep GC freed 1344(78KB) AllocSpace objects, 1(20KB) LOS objects, 22% free, 53MB/69MB, paused 736us total 34.548ms
08-06 03:01:50.844  6718  7194 I art     : Starting a blocking GC Explicit
08-06 03:01:50.875  6718  7194 I art     : Explicit concurrent mark sweep GC freed 20(704B) AllocSpace objects, 0(0B) LOS objects, 22% free, 53MB/69MB, paused 719us total 31.143ms
08-06 03:01:50.887  6718  7194 I art     : Starting a blocking GC Explicit
08-06 03:01:50.919  6718  7194 I art     : Explicit concurrent mark sweep GC freed 3(96B) AllocSpace objects, 0(0B) LOS objects, 22% free, 53MB/69MB, paused 728us total 31.858ms
08-06 03:01:50.931  6718  7194 I art     : Starting a blocking GC Explicit
08-06 03:01:50.962  6718  7194 I art     : Explicit concurrent mark sweep GC freed 3(96B) AllocSpace objects, 0(0B) LOS objects, 22% free, 53MB/69MB, paused 711us total 30.445ms
08-06 03:01:50.973  6718  7194 I art     : Starting a blocking GC Explicit
08-06 03:01:51.005  6718  7194 I art     : Explicit concurrent mark sweep GC freed 3(96B) AllocSpace objects, 0(0B) LOS objects, 22% free, 53MB/69MB, paused 726us total 31.872ms
08-06 03:01:51.177 10012 10012 D AndroidRuntime: >>>>>> START com.android.internal.os.RuntimeInit uid 2000 <<<<<<
08-06 03:01:51.183 10012 10012 D AndroidRuntime: CheckJNI is OFF
08-06 03:01:51.225 10012 10012 D ICU     : No timezone override file found: /data/misc/zoneinfo/current/icu/icu_tzdata.dat
08-06 03:01:51.266 10012 10012 I Radio-JNI: register_android_hardware_Radio DONE
08-06 03:01:51.295 10012 10012 D AndroidRuntime: Calling main entry com.android.commands.input.Input
08-06 03:01:51.297 10012 10012 I Input   : injectKeyEvent: KeyEvent { action=ACTION_DOWN, keyCode=KEYCODE_BACK, scanCode=0, metaState=0, flags=0x0, repeatCount=0, eventTime=846127710, downTime=846127710, deviceId=-1, source=0x101 }
08-06 03:01:51.302 10012 10012 I Input   : injectKeyEvent: KeyEvent { action=ACTION_UP, keyCode=KEYCODE_BACK, scanCode=0, metaState=0, flags=0x0, repeatCount=0, eventTime=846127710, downTime=846127710, deviceId=-1, source=0x101 }
08-06 03:01:51.308 10012 10012 D AndroidRuntime: Shutting down VM
08-06 03:01:51.327  6718  7849 I art     : Starting a blocking GC Explicit
08-06 03:01:51.348 13866 13866 I GoogleInputMethodServic: GoogleInputMethodService.onFinishInput():3138 
08-06 03:01:51.348 13866 13866 I GoogleInputMethodServic: GoogleInputMethodService.onStartInput():1808 
08-06 03:01:51.357  6718  7849 I art     : Explicit concurrent mark sweep GC freed 1490(84KB) AllocSpace objects, 1(20KB) LOS objects, 22% free, 53MB/69MB, paused 780us total 29.710ms
08-06 03:01:51.370  6718  7849 I art     : Starting a blocking GC Explicit
08-06 03:01:51.398  6718  7849 I art     : Explicit concurrent mark sweep GC freed 55(1984B) AllocSpace objects, 0(0B) LOS objects, 22% free, 53MB/69MB, paused 728us total 27.511ms
08-06 03:01:51.409  6718  7849 I art     : Starting a blocking GC Explicit
08-06 03:01:51.436  6718  7849 I art     : Explicit concurrent mark sweep GC freed 10(384B) AllocSpace objects, 0(0B) LOS objects, 22% free, 53MB/69MB, paused 648us total 25.880ms
08-06 03:01:51.446  6718  7849 I art     : Starting a blocking GC Explicit
08-06 03:01:51.474  6718  7849 I art     : Explicit concurrent mark sweep GC freed 3(96B) AllocSpace objects, 0(0B) LOS objects, 22% free, 53MB/69MB, paused 623us total 27.669ms
08-06 03:01:51.486  6718  7849 I art     : Starting a blocking GC Explicit
08-06 03:01:51.517  6718  7849 I art     : Explicit concurrent mark sweep GC freed 3(96B) AllocSpace objects, 0(0B) LOS objects, 22% free, 53MB/69MB, paused 785us total 30.949ms
08-06 03:01:51.658   380   380 W SurfaceFlinger: couldn't log to binary event log: overflow.
08-06 03:01:51.805  6718  6747 I art     : Starting a blocking GC Explicit
08-06 03:01:51.837  6718  6747 I art     : Explicit concurrent mark sweep GC freed 1453(86KB) AllocSpace objects, 1(20KB) LOS objects, 22% free, 53MB/69MB, paused 703us total 31.710ms
08-06 03:01:51.850  6718  6747 I art     : Starting a blocking GC Explicit
08-06 03:01:51.880  6718  6747 I art     : Explicit concurrent mark sweep GC freed 1671(107KB) AllocSpace objects, 3(180KB) LOS objects, 22% free, 53MB/69MB, paused 677us total 29.511ms
08-06 03:01:51.891  6718  6747 I art     : Starting a blocking GC Explicit
08-06 03:01:51.921  6718  6747 I art     : Explicit concurrent mark sweep GC freed 3(96B) AllocSpace objects, 0(0B) LOS objects, 22% free, 53MB/69MB, paused 677us total 29.835ms
08-06 03:01:51.933  6718  6747 I art     : Starting a blocking GC Explicit
08-06 03:01:51.963  6718  6747 I art     : Explicit concurrent mark sweep GC freed 3(96B) AllocSpace objects, 0(0B) LOS objects, 22% free, 53MB/69MB, paused 691us total 30.083ms
08-06 03:01:51.975  6718  6747 I art     : Starting a blocking GC Explicit
08-06 03:01:52.005  6718  6747 I art     : Explicit concurrent mark sweep GC freed 3(96B) AllocSpace objects, 0(0B) LOS objects, 22% free, 53MB/69MB, paused 687us total 29.814ms
08-06 03:01:52.314  6718  6731 I art     : Starting a blocking GC Explicit
08-06 03:01:52.347   918  1210 D NetlinkSocketObserver: NeighborEvent{elapsedMs=1829516221, 192.168.2.254, [7C3953A63323], RTM_NEWNEIGH, NUD_STALE}
08-06 03:01:52.351  6718  6731 I art     : Explicit concurrent mark sweep GC freed 1344(78KB) AllocSpace objects, 1(20KB) LOS objects, 22% free, 53MB/69MB, paused 842us total 36.719ms
08-06 03:01:52.364  6718  6731 I art     : Starting a blocking GC Explicit
08-06 03:01:52.394  6718  6731 I art     : Explicit concurrent mark sweep GC freed 20(704B) AllocSpace objects, 0(0B) LOS objects, 22% free, 53MB/69MB, paused 683us total 29.944ms
08-06 03:01:52.406  6718  6731 I art     : Starting a blocking GC Explicit
08-06 03:01:52.436  6718  6731 I art     : Explicit concurrent mark sweep GC freed 3(96B) AllocSpace objects, 0(0B) LOS objects, 22% free, 53MB/69MB, paused 739us total 30.028ms
08-06 03:01:52.448  6718  6731 I art     : Starting a blocking GC Explicit
08-06 03:01:52.479  6718  6731 I art     : Explicit concurrent mark sweep GC freed 3(96B) AllocSpace objects, 0(0B) LOS objects, 22% free, 53MB/69MB, paused 683us total 30.268ms
08-06 03:01:52.490  6718  6731 I art     : Starting a blocking GC Explicit
08-06 03:01:52.520  6718  6731 I art     : Explicit concurrent mark sweep GC freed 3(96B) AllocSpace objects, 0(0B) LOS objects, 22% free, 53MB/69MB, paused 684us total 29.849ms
08-06 03:01:52.818  6718  6730 I art     : Starting a blocking GC Explicit
08-06 03:01:52.854  6718  6730 I art     : Explicit concurrent mark sweep GC freed 1344(78KB) AllocSpace objects, 1(20KB) LOS objects, 22% free, 53MB/69MB, paused 747us total 34.974ms
08-06 03:01:52.869  6718  6730 I art     : Starting a blocking GC Explicit
08-06 03:01:52.899  6718  6730 I art     : Explicit concurrent mark sweep GC freed 20(704B) AllocSpace objects, 0(0B) LOS objects, 22% free, 53MB/69MB, paused 696us total 29.900ms
08-06 03:01:52.910  6718  6730 I art     : Starting a blocking GC Explicit
08-06 03:01:52.942  6718  6730 I art     : Explicit concurrent mark sweep GC freed 3(96B) AllocSpace objects, 0(0B) LOS objects, 22% free, 53MB/69MB, paused 695us total 31.544ms
08-06 03:01:52.954  6718  6730 I art     : Starting a blocking GC Explicit
08-06 03:01:52.985  6718  6730 I art     : Explicit concurrent mark sweep GC freed 3(96B) AllocSpace objects, 0(0B) LOS objects, 22% free, 53MB/69MB, paused 709us total 31.523ms
08-06 03:01:52.997  6718  6730 I art     : Starting a blocking GC Explicit
08-06 03:01:53.027  6718  6730 I art     : Explicit concurrent mark sweep GC freed 3(96B) AllocSpace objects, 0(0B) LOS objects, 22% free, 53MB/69MB, paused 771us total 29.800ms
08-06 03:01:53.107 10066 10066 D AndroidRuntime: >>>>>> START com.android.internal.os.RuntimeInit uid 2000 <<<<<<
08-06 03:01:53.114 10066 10066 D AndroidRuntime: CheckJNI is OFF
08-06 03:01:53.162 10066 10066 D ICU     : No timezone override file found: /data/misc/zoneinfo/current/icu/icu_tzdata.dat
08-06 03:01:53.206 10066 10066 I Radio-JNI: register_android_hardware_Radio DONE
08-06 03:01:53.235 10066 10066 D AndroidRuntime: Calling main entry com.android.commands.input.Input
08-06 03:01:53.238 10066 10066 I Input   : injectMotionEvent: MotionEvent { action=ACTION_DOWN, actionButton=0, id[0]=0, x[0]=255.0, y[0]=1845.0, toolType[0]=TOOL_TYPE_UNKNOWN, buttonState=0, metaState=0, flags=0x0, edgeFlags=0x0, pointerCount=1, historySize=0, eventTime=846129650, downTime=846129650, deviceId=0, source=0x1002 }
08-06 03:01:53.243 10066 10066 I Input   : injectMotionEvent: MotionEvent { action=ACTION_UP, actionButton=0, id[0]=0, x[0]=255.0, y[0]=1845.0, toolType[0]=TOOL_TYPE_UNKNOWN, buttonState=0, metaState=0, flags=0x0, edgeFlags=0x0, pointerCount=1, historySize=0, eventTime=846129650, downTime=846129650, deviceId=0, source=0x1002 }
08-06 03:01:53.245   918   929 I ActivityManager: START u0 {cmp=baseline.appteam.nith.hillffair/.activities.ClubActivity (has extras)} from uid 10697 on display 0
08-06 03:01:53.256 10066 10066 D AndroidRuntime: Shutting down VM
08-06 03:01:53.356  6718  7849 I art     : Starting a blocking GC Explicit
08-06 03:01:53.376 13866 13866 I GoogleInputMethodServic: GoogleInputMethodService.onFinishInput():3138 
08-06 03:01:53.377 13866 13866 I GoogleInputMethodServic: GoogleInputMethodService.onStartInput():1808 
08-06 03:01:53.378   918   936 I ActivityManager: Displayed baseline.appteam.nith.hillffair/.activities.ClubActivity: +119ms
08-06 03:01:53.390  6718  7849 I art     : Explicit concurrent mark sweep GC freed 4981(307KB) AllocSpace objects, 1(20KB) LOS objects, 22% free, 53MB/69MB, paused 876us total 33.979ms
08-06 03:01:53.403  6718  7849 I art     : Starting a blocking GC Explicit
08-06 03:01:53.431  6718  7849 I art     : Explicit concurrent mark sweep GC freed 224(10KB) AllocSpace objects, 0(0B) LOS objects, 22% free, 53MB/69MB, paused 706us total 27.941ms
08-06 03:01:53.442  6718  7849 I art     : Starting a blocking GC Explicit
08-06 03:01:53.472  6718  7849 I art     : Explicit concurrent mark sweep GC freed 7(240B) AllocSpace objects, 0(0B) LOS objects, 22% free, 53MB/69MB, paused 805us total 29.492ms
08-06 03:01:53.485  6718  7849 I art     : Starting a blocking GC Explicit
08-06 03:01:53.519  6718  7849 I art     : Explicit concurrent mark sweep GC freed 3(96B) AllocSpace objects, 0(0B) LOS objects, 22% free, 53MB/69MB, paused 910us total 33.442ms
08-06 03:01:53.532  6718  7849 I art     : Starting a blocking GC Explicit
08-06 03:01:53.567  6718  7849 I art     : Explicit concurrent mark sweep GC freed 3(96B) AllocSpace objects, 0(0B) LOS objects, 22% free, 53MB/69MB, paused 789us total 35.017ms
08-06 03:01:53.627   380   380 W SurfaceFlinger: couldn't log to binary event log: overflow.
08-06 03:01:53.791  6718 10099 D OkHttp  : --> GET https://api-hillfair-2k16.herokuapp.com/api/app/club/Technical%20Committee http/1.1
08-06 03:01:53.825  6718 10099 D OkHttp  : <-- 200 OK https://api-hillfair-2k16.herokuapp.com/api/app/club/Technical%20Committee (33ms, 1171-byte body)
08-06 03:01:53.865  6718  6747 I art     : Starting a blocking GC Explicit
08-06 03:01:53.878  6718  6718 I NAPPA_EXPERIMENTATION: MetricNetworkRequestExecutionTime: REQUEST_DURATION_SYSTEM='579',REQUEST_DURATION_OKHTTP='33',REQUEST_SYNCHRONOUS='FALSE',RESPONSE_CODE='200',RESPONSE_METHOD='GET',RESPONSE_LENGTH_OKHTTP='1171',RESPONSE_LENGTH_HEADER='1171',REQUEST_PROTOCOL='http/1.1',REQUEST_URL='https://api-hillfair-2k16.herokuapp.com/api/app/club/Technical%20Committee',
08-06 03:01:53.895  6718  6747 I art     : Explicit concurrent mark sweep GC freed 4446(283KB) AllocSpace objects, 4(220KB) LOS objects, 22% free, 54MB/70MB, paused 743us total 29.629ms
08-06 03:01:53.907  6718  6747 I art     : Starting a blocking GC Explicit
08-06 03:01:53.937  6718  6747 I art     : Explicit concurrent mark sweep GC freed 1460(182KB) AllocSpace objects, 0(0B) LOS objects, 22% free, 53MB/69MB, paused 709us total 29.699ms
08-06 03:01:53.948  6718  6747 I art     : Starting a blocking GC Explicit
08-06 03:01:53.976  6718  6747 I art     : Explicit concurrent mark sweep GC freed 36(1152B) AllocSpace objects, 0(0B) LOS objects, 22% free, 53MB/69MB, paused 660us total 27.051ms
08-06 03:01:53.987  6718  6747 I art     : Starting a blocking GC Explicit
08-06 03:01:54.016  6718  6747 I art     : Explicit concurrent mark sweep GC freed 3(96B) AllocSpace objects, 0(0B) LOS objects, 22% free, 53MB/69MB, paused 719us total 29.639ms
08-06 03:01:54.028  6718  6747 I art     : Starting a blocking GC Explicit
08-06 03:01:54.058  6718  6747 I art     : Explicit concurrent mark sweep GC freed 3(96B) AllocSpace objects, 0(0B) LOS objects, 22% free, 53MB/69MB, paused 661us total 29.494ms
08-06 03:01:54.364  6718  6747 I art     : Starting a blocking GC Explicit
08-06 03:01:54.397  6718  6747 I art     : Explicit concurrent mark sweep GC freed 1344(78KB) AllocSpace objects, 1(20KB) LOS objects, 22% free, 53MB/69MB, paused 720us total 32.503ms
08-06 03:01:54.411  6718  6747 I art     : Starting a blocking GC Explicit
08-06 03:01:54.445  6718  6747 I art     : Explicit concurrent mark sweep GC freed 36(1264B) AllocSpace objects, 0(0B) LOS objects, 22% free, 53MB/69MB, paused 723us total 34.145ms
08-06 03:01:54.457  6718  6747 I art     : Starting a blocking GC Explicit
08-06 03:01:54.488  6718  6747 I art     : Explicit concurrent mark sweep GC freed 3(96B) AllocSpace objects, 0(0B) LOS objects, 22% free, 53MB/69MB, paused 727us total 31.046ms
08-06 03:01:54.500  6718  6747 I art     : Starting a blocking GC Explicit
08-06 03:01:54.532  6718  6747 I art     : Explicit concurrent mark sweep GC freed 3(96B) AllocSpace objects, 0(0B) LOS objects, 22% free, 53MB/69MB, paused 712us total 31.280ms
08-06 03:01:54.543  6718  6747 I art     : Starting a blocking GC Explicit
08-06 03:01:54.574  6718  6747 I art     : Explicit concurrent mark sweep GC freed 3(96B) AllocSpace objects, 0(0B) LOS objects, 22% free, 53MB/69MB, paused 713us total 30.829ms
08-06 03:01:54.607   918  3261 D WifiStateMachine: starting scan for "H369AA63323"WPA_PSK with 2412,5180
08-06 03:01:54.895  6718  6731 I art     : Starting a blocking GC Explicit
08-06 03:01:54.938  6718  6731 I art     : Explicit concurrent mark sweep GC freed 1344(78KB) AllocSpace objects, 1(20KB) LOS objects, 22% free, 53MB/69MB, paused 928us total 43.354ms
08-06 03:01:54.954  6718  6731 I art     : Starting a blocking GC Explicit
08-06 03:01:54.988  6718  6731 I art     : Explicit concurrent mark sweep GC freed 20(704B) AllocSpace objects, 0(0B) LOS objects, 22% free, 53MB/69MB, paused 755us total 33.938ms
08-06 03:01:55.001  6718  6731 I art     : Starting a blocking GC Explicit
08-06 03:01:55.034  6718  6731 I art     : Explicit concurrent mark sweep GC freed 3(96B) AllocSpace objects, 0(0B) LOS objects, 22% free, 53MB/69MB, paused 752us total 32.772ms
08-06 03:01:55.046  6718  6731 I art     : Starting a blocking GC Explicit
08-06 03:01:55.079  6718  6731 I art     : Explicit concurrent mark sweep GC freed 3(96B) AllocSpace objects, 0(0B) LOS objects, 22% free, 53MB/69MB, paused 755us total 33.469ms
08-06 03:01:55.092  6718  6731 I art     : Starting a blocking GC Explicit
08-06 03:01:55.126  6718  6731 I art     : Explicit concurrent mark sweep GC freed 3(96B) AllocSpace objects, 0(0B) LOS objects, 22% free, 53MB/69MB, paused 703us total 33.882ms
08-06 03:01:55.447  6718  7849 I art     : Starting a blocking GC Explicit
08-06 03:01:55.488  6718  7849 I art     : Explicit concurrent mark sweep GC freed 1344(78KB) AllocSpace objects, 1(20KB) LOS objects, 22% free, 53MB/69MB, paused 865us total 39.912ms
08-06 03:01:55.503  6718  7849 I art     : Starting a blocking GC Explicit
08-06 03:01:55.536  6718  7849 I art     : Explicit concurrent mark sweep GC freed 20(704B) AllocSpace objects, 0(0B) LOS objects, 22% free, 53MB/69MB, paused 753us total 33.349ms
08-06 03:01:55.542  6516  6516 I ServiceManager: Waiting for service AtCmdFwd...
08-06 03:01:55.549  6718  7849 I art     : Starting a blocking GC Explicit
08-06 03:01:55.582  6718  7849 I art     : Explicit concurrent mark sweep GC freed 3(96B) AllocSpace objects, 0(0B) LOS objects, 22% free, 53MB/69MB, paused 739us total 33.431ms
08-06 03:01:55.595  6718  7849 I art     : Starting a blocking GC Explicit
08-06 03:01:55.629  6718  7849 I art     : Explicit concurrent mark sweep GC freed 3(96B) AllocSpace objects, 0(0B) LOS objects, 22% free, 53MB/69MB, paused 706us total 33.691ms
08-06 03:01:55.641  6718  7849 I art     : Starting a blocking GC Explicit
08-06 03:01:55.674  6718  7849 I art     : Explicit concurrent mark sweep GC freed 3(96B) AllocSpace objects, 0(0B) LOS objects, 22% free, 53MB/69MB, paused 720us total 32.979ms
08-06 03:01:56.007  6718  6730 I art     : Starting a blocking GC Explicit
08-06 03:01:56.052  6718  6730 I art     : Explicit concurrent mark sweep GC freed 1344(78KB) AllocSpace objects, 1(20KB) LOS objects, 22% free, 53MB/69MB, paused 748us total 43.823ms
08-06 03:01:56.069  6718  6730 I art     : Starting a blocking GC Explicit
08-06 03:01:56.108  6718  6730 I art     : Explicit concurrent mark sweep GC freed 20(704B) AllocSpace objects, 0(0B) LOS objects, 22% free, 53MB/69MB, paused 831us total 39.050ms
08-06 03:01:56.123  6718  6730 I art     : Starting a blocking GC Explicit
08-06 03:01:56.160  6718  6730 I art     : Explicit concurrent mark sweep GC freed 3(96B) AllocSpace objects, 0(0B) LOS objects, 22% free, 53MB/69MB, paused 728us total 36.282ms
08-06 03:01:56.171  6718  6730 I art     : Starting a blocking GC Explicit
08-06 03:01:56.206  6718  6730 I art     : Explicit concurrent mark sweep GC freed 3(96B) AllocSpace objects, 0(0B) LOS objects, 22% free, 53MB/69MB, paused 723us total 33.970ms
08-06 03:01:56.218  6718  6730 I art     : Starting a blocking GC Explicit
08-06 03:01:56.251  6718  6730 I art     : Explicit concurrent mark sweep GC freed 3(96B) AllocSpace objects, 0(0B) LOS objects, 22% free, 53MB/69MB, paused 672us total 32.798ms
08-06 03:01:56.543  6516  6516 I ServiceManager: Waiting for service AtCmdFwd...
08-06 03:01:56.591  6718  7194 I art     : Starting a blocking GC Explicit
08-06 03:01:56.635  6718  7194 I art     : Explicit concurrent mark sweep GC freed 1344(78KB) AllocSpace objects, 1(20KB) LOS objects, 22% free, 53MB/69MB, paused 759us total 43.254ms
08-06 03:01:56.651  6718  7194 I art     : Starting a blocking GC Explicit
08-06 03:01:56.684  6718  7194 I art     : Explicit concurrent mark sweep GC freed 20(704B) AllocSpace objects, 0(0B) LOS objects, 22% free, 53MB/69MB, paused 721us total 33.397ms
08-06 03:01:56.697  6718  7194 I art     : Starting a blocking GC Explicit
08-06 03:01:56.731  6718  7194 I art     : Explicit concurrent mark sweep GC freed 3(96B) AllocSpace objects, 0(0B) LOS objects, 22% free, 53MB/69MB, paused 724us total 34.058ms
08-06 03:01:56.743  6718  7194 I art     : Starting a blocking GC Explicit
08-06 03:01:56.775  6718  7194 I art     : Explicit concurrent mark sweep GC freed 3(96B) AllocSpace objects, 0(0B) LOS objects, 22% free, 53MB/69MB, paused 675us total 32.126ms
08-06 03:01:56.788  6718  7194 I art     : Starting a blocking GC Explicit
08-06 03:01:56.822  6718  7194 I art     : Explicit concurrent mark sweep GC freed 3(96B) AllocSpace objects, 0(0B) LOS objects, 22% free, 53MB/69MB, paused 736us total 34.329ms
08-06 03:01:57.151  6718  6747 I art     : Starting a blocking GC Explicit
08-06 03:01:57.197  6718  6747 I art     : Explicit concurrent mark sweep GC freed 1344(78KB) AllocSpace objects, 1(20KB) LOS objects, 22% free, 53MB/69MB, paused 815us total 45.522ms
08-06 03:01:57.212  6718  6747 I art     : Starting a blocking GC Explicit
08-06 03:01:57.246  6718  6747 I art     : Explicit concurrent mark sweep GC freed 20(704B) AllocSpace objects, 0(0B) LOS objects, 22% free, 53MB/69MB, paused 717us total 33.196ms
08-06 03:01:57.258  6718  6747 I art     : Starting a blocking GC Explicit
08-06 03:01:57.291  6718  6747 I art     : Explicit concurrent mark sweep GC freed 3(96B) AllocSpace objects, 0(0B) LOS objects, 22% free, 53MB/69MB, paused 731us total 33.148ms
08-06 03:01:57.303  6718  6747 I art     : Starting a blocking GC Explicit
08-06 03:01:57.338  6718  6747 I art     : Explicit concurrent mark sweep GC freed 3(96B) AllocSpace objects, 0(0B) LOS objects, 22% free, 53MB/69MB, paused 760us total 34.124ms
08-06 03:01:57.350  6718  6747 I art     : Starting a blocking GC Explicit
08-06 03:01:57.382  6718  6747 I art     : Explicit concurrent mark sweep GC freed 3(96B) AllocSpace objects, 0(0B) LOS objects, 22% free, 53MB/69MB, paused 682us total 31.739ms
08-06 03:01:57.544  6516  6516 I ServiceManager: Waiting for service AtCmdFwd...
08-06 03:01:57.684  6718  6731 I art     : Starting a blocking GC Explicit
08-06 03:01:57.721  6718  6731 I art     : Explicit concurrent mark sweep GC freed 1344(78KB) AllocSpace objects, 1(20KB) LOS objects, 22% free, 53MB/69MB, paused 777us total 36.289ms
08-06 03:01:57.734  6718  6731 I art     : Starting a blocking GC Explicit
08-06 03:01:57.766  6718  6731 I art     : Explicit concurrent mark sweep GC freed 20(704B) AllocSpace objects, 0(0B) LOS objects, 22% free, 53MB/69MB, paused 756us total 31.819ms
08-06 03:01:57.772   518   646 I ThermalEngine: ACTION: GPU - Setting GPU[0] to 510000000
08-06 03:01:57.778  6718  6731 I art     : Starting a blocking GC Explicit
08-06 03:01:57.810  6718  6731 I art     : Explicit concurrent mark sweep GC freed 3(96B) AllocSpace objects, 0(0B) LOS objects, 22% free, 53MB/69MB, paused 575us total 31.754ms
08-06 03:01:57.820  6718  6731 I art     : Starting a blocking GC Explicit
08-06 03:01:57.845  6718  6731 I art     : Explicit concurrent mark sweep GC freed 3(96B) AllocSpace objects, 0(0B) LOS objects, 22% free, 53MB/69MB, paused 554us total 24.699ms
08-06 03:01:57.854  6718  6731 I art     : Starting a blocking GC Explicit
08-06 03:01:57.878  6718  6731 I art     : Explicit concurrent mark sweep GC freed 3(96B) AllocSpace objects, 0(0B) LOS objects, 22% free, 53MB/69MB, paused 524us total 23.195ms
08-06 03:01:57.878  6718  6729 I art     : WaitForGcToComplete blocked for 23.435ms for cause HeapTrim
08-06 03:01:58.015 10172 10172 D AndroidRuntime: >>>>>> START com.android.internal.os.RuntimeInit uid 2000 <<<<<<
08-06 03:01:58.021 10172 10172 D AndroidRuntime: CheckJNI is OFF
08-06 03:01:58.054 10172 10172 D ICU     : No timezone override file found: /data/misc/zoneinfo/current/icu/icu_tzdata.dat
08-06 03:01:58.086 10172 10172 I Radio-JNI: register_android_hardware_Radio DONE
08-06 03:01:58.108 10172 10172 D AndroidRuntime: Calling main entry com.android.commands.input.Input
08-06 03:01:58.110 10172 10172 I Input   : injectKeyEvent: KeyEvent { action=ACTION_DOWN, keyCode=KEYCODE_BACK, scanCode=0, metaState=0, flags=0x0, repeatCount=0, eventTime=846134523, downTime=846134523, deviceId=-1, source=0x101 }
08-06 03:01:58.114 10172 10172 I Input   : injectKeyEvent: KeyEvent { action=ACTION_UP, keyCode=KEYCODE_BACK, scanCode=0, metaState=0, flags=0x0, repeatCount=0, eventTime=846134523, downTime=846134523, deviceId=-1, source=0x101 }
08-06 03:01:58.123 10172 10172 D AndroidRuntime: Shutting down VM
08-06 03:01:58.160  6718  6731 I art     : Starting a blocking GC Explicit
08-06 03:01:58.161 13866 13866 I GoogleInputMethodServic: GoogleInputMethodService.onFinishInput():3138 
08-06 03:01:58.162 13866 13866 I GoogleInputMethodServic: GoogleInputMethodService.onStartInput():1808 
08-06 03:01:58.185  6718  6731 I art     : Explicit concurrent mark sweep GC freed 1524(85KB) AllocSpace objects, 1(20KB) LOS objects, 22% free, 53MB/69MB, paused 597us total 25.007ms
08-06 03:01:58.195  6718  6731 I art     : Starting a blocking GC Explicit
08-06 03:01:58.219  6718  6731 I art     : Explicit concurrent mark sweep GC freed 41(1616B) AllocSpace objects, 0(0B) LOS objects, 22% free, 53MB/69MB, paused 481us total 23.144ms
08-06 03:01:58.227  6718  6731 I art     : Starting a blocking GC Explicit
08-06 03:01:58.249  6718  6731 I art     : Explicit concurrent mark sweep GC freed 17(528B) AllocSpace objects, 0(0B) LOS objects, 22% free, 53MB/69MB, paused 493us total 21.401ms
08-06 03:01:58.257  6718  6731 I art     : Starting a blocking GC Explicit
08-06 03:01:58.279  6718  6731 I art     : Explicit concurrent mark sweep GC freed 3(96B) AllocSpace objects, 0(0B) LOS objects, 22% free, 53MB/69MB, paused 499us total 21.992ms
08-06 03:01:58.289  6718  6731 I art     : Starting a blocking GC Explicit
08-06 03:01:58.314  6718  6731 I art     : Explicit concurrent mark sweep GC freed 3(96B) AllocSpace objects, 0(0B) LOS objects, 22% free, 53MB/69MB, paused 519us total 24.291ms
08-06 03:01:58.481   380   380 W SurfaceFlinger: couldn't log to binary event log: overflow.
08-06 03:01:58.544  6516  6516 I ServiceManager: Waiting for service AtCmdFwd...
08-06 03:01:58.567  6718  7849 I art     : Starting a blocking GC Explicit
08-06 03:01:58.590  6718  7849 I art     : Explicit concurrent mark sweep GC freed 1454(86KB) AllocSpace objects, 1(20KB) LOS objects, 22% free, 53MB/69MB, paused 510us total 22.628ms
08-06 03:01:58.599  6718  7849 I art     : Starting a blocking GC Explicit
08-06 03:01:58.622  6718  7849 I art     : Explicit concurrent mark sweep GC freed 1670(108KB) AllocSpace objects, 3(180KB) LOS objects, 22% free, 53MB/69MB, paused 484us total 22.337ms
08-06 03:01:58.631  6718  7849 I art     : Starting a blocking GC Explicit
08-06 03:01:58.654  6718  7849 I art     : Explicit concurrent mark sweep GC freed 3(96B) AllocSpace objects, 0(0B) LOS objects, 22% free, 53MB/69MB, paused 500us total 23.669ms
08-06 03:01:58.663  6718  7849 I art     : Starting a blocking GC Explicit
08-06 03:01:58.687  6718  7849 I art     : Explicit concurrent mark sweep GC freed 3(96B) AllocSpace objects, 0(0B) LOS objects, 22% free, 53MB/69MB, paused 635us total 23.594ms
08-06 03:01:58.697  6718  7849 I art     : Starting a blocking GC Explicit
08-06 03:01:58.721  6718  7849 I art     : Explicit concurrent mark sweep GC freed 3(96B) AllocSpace objects, 0(0B) LOS objects, 22% free, 53MB/69MB, paused 521us total 24.220ms
08-06 03:01:59.002  6718  7194 I art     : Starting a blocking GC Explicit
08-06 03:01:59.030  6718  7194 I art     : Explicit concurrent mark sweep GC freed 1344(78KB) AllocSpace objects, 1(20KB) LOS objects, 22% free, 53MB/69MB, paused 598us total 27.903ms
08-06 03:01:59.042  6718  7194 I art     : Starting a blocking GC Explicit
08-06 03:01:59.066  6718  7194 I art     : Explicit concurrent mark sweep GC freed 20(704B) AllocSpace objects, 0(0B) LOS objects, 22% free, 53MB/69MB, paused 521us total 24.111ms
08-06 03:01:59.075  6718  7194 I art     : Starting a blocking GC Explicit
08-06 03:01:59.100  6718  7194 I art     : Explicit concurrent mark sweep GC freed 3(96B) AllocSpace objects, 0(0B) LOS objects, 22% free, 53MB/69MB, paused 518us total 24.609ms
08-06 03:01:59.109  6718  7194 I art     : Starting a blocking GC Explicit
08-06 03:01:59.133  6718  7194 I art     : Explicit concurrent mark sweep GC freed 3(96B) AllocSpace objects, 0(0B) LOS objects, 22% free, 53MB/69MB, paused 527us total 23.984ms
08-06 03:01:59.143  6718  7194 I art     : Starting a blocking GC Explicit
08-06 03:01:59.168  6718  7194 I art     : Explicit concurrent mark sweep GC freed 3(96B) AllocSpace objects, 0(0B) LOS objects, 22% free, 53MB/69MB, paused 529us total 24.663ms
08-06 03:01:59.443  6718  6730 I art     : Starting a blocking GC Explicit
08-06 03:01:59.468  6718  6730 I art     : Explicit concurrent mark sweep GC freed 1344(78KB) AllocSpace objects, 1(20KB) LOS objects, 22% free, 53MB/69MB, paused 572us total 24.353ms
08-06 03:01:59.477  6718  6730 I art     : Starting a blocking GC Explicit
08-06 03:01:59.501  6718  6730 I art     : Explicit concurrent mark sweep GC freed 20(704B) AllocSpace objects, 0(0B) LOS objects, 22% free, 53MB/69MB, paused 523us total 23.657ms
08-06 03:01:59.510  6718  6730 I art     : Starting a blocking GC Explicit
08-06 03:01:59.533  6718  6730 I art     : Explicit concurrent mark sweep GC freed 3(96B) AllocSpace objects, 0(0B) LOS objects, 22% free, 53MB/69MB, paused 512us total 23.312ms
08-06 03:01:59.542  6718  6730 I art     : Starting a blocking GC Explicit
08-06 03:01:59.544  6516  6516 I ServiceManager: Waiting for service AtCmdFwd...
08-06 03:01:59.565  6718  6730 I art     : Explicit concurrent mark sweep GC freed 3(96B) AllocSpace objects, 0(0B) LOS objects, 22% free, 53MB/69MB, paused 512us total 23.074ms
08-06 03:01:59.574  6718  6730 I art     : Starting a blocking GC Explicit
08-06 03:01:59.598  6718  6730 I art     : Explicit concurrent mark sweep GC freed 3(96B) AllocSpace objects, 0(0B) LOS objects, 22% free, 53MB/69MB, paused 534us total 23.536ms
08-06 03:01:59.778   518   646 I ThermalEngine: ACTION: GPU - Setting GPU[0] to 450000000
08-06 03:01:59.791 10232 10232 D AndroidRuntime: >>>>>> START com.android.internal.os.RuntimeInit uid 2000 <<<<<<
08-06 03:01:59.797 10232 10232 D AndroidRuntime: CheckJNI is OFF
08-06 03:01:59.840 10232 10232 D ICU     : No timezone override file found: /data/misc/zoneinfo/current/icu/icu_tzdata.dat
08-06 03:01:59.882 10232 10232 I Radio-JNI: register_android_hardware_Radio DONE
08-06 03:01:59.889  6718  6747 I art     : Starting a blocking GC Explicit
08-06 03:01:59.912 10232 10232 D AndroidRuntime: Calling main entry com.android.commands.input.Input
08-06 03:01:59.914 10232 10232 I Input   : injectMotionEvent: MotionEvent { action=ACTION_DOWN, actionButton=0, id[0]=0, x[0]=255.0, y[0]=1845.0, toolType[0]=TOOL_TYPE_UNKNOWN, buttonState=0, metaState=0, flags=0x0, edgeFlags=0x0, pointerCount=1, historySize=0, eventTime=846136326, downTime=846136326, deviceId=0, source=0x1002 }
08-06 03:01:59.919 10232 10232 I Input   : injectMotionEvent: MotionEvent { action=ACTION_UP, actionButton=0, id[0]=0, x[0]=255.0, y[0]=1845.0, toolType[0]=TOOL_TYPE_UNKNOWN, buttonState=0, metaState=0, flags=0x0, edgeFlags=0x0, pointerCount=1, historySize=0, eventTime=846136326, downTime=846136326, deviceId=0, source=0x1002 }
08-06 03:01:59.919  6718  6747 I art     : Explicit concurrent mark sweep GC freed 1344(78KB) AllocSpace objects, 1(20KB) LOS objects, 22% free, 53MB/69MB, paused 715us total 29.797ms
08-06 03:01:59.920   918   928 I ActivityManager: START u0 {cmp=baseline.appteam.nith.hillffair/.activities.ClubActivity (has extras)} from uid 10697 on display 0
08-06 03:01:59.927 10232 10232 D AndroidRuntime: Shutting down VM
08-06 03:01:59.931  6718  6747 I art     : Starting a blocking GC Explicit
08-06 03:01:59.961  6718  6747 I art     : Explicit concurrent mark sweep GC freed 3285(204KB) AllocSpace objects, 0(0B) LOS objects, 22% free, 53MB/69MB, paused 1.100ms total 30.415ms
08-06 03:01:59.973  6718  6747 I art     : Starting a blocking GC Explicit
08-06 03:02:00.000  6718  6747 I art     : Explicit concurrent mark sweep GC freed 576(89KB) AllocSpace objects, 0(0B) LOS objects, 22% free, 53MB/69MB, paused 667us total 27.215ms
08-06 03:02:00.011  6718  6747 I art     : Starting a blocking GC Explicit
08-06 03:02:00.021  6718  6718 I NAPPA_EXPERIMENTATION: MetricNetworkRequestExecutionTime: REQUEST_DURATION_SYSTEM='67',REQUEST_DURATION_OKHTTP='33',REQUEST_SYNCHRONOUS='FALSE',RESPONSE_CODE='200',RESPONSE_METHOD='GET',RESPONSE_LENGTH_OKHTTP='1171',RESPONSE_LENGTH_HEADER='-2',REQUEST_PROTOCOL='http/1.1',REQUEST_URL='https://api-hillfair-2k16.herokuapp.com/api/app/club/Technical%20Committee',
08-06 03:02:00.028   918   936 I ActivityManager: Displayed baseline.appteam.nith.hillffair/.activities.ClubActivity: +100ms
08-06 03:02:00.029 13866 13866 I GoogleInputMethodServic: GoogleInputMethodService.onFinishInput():3138 
08-06 03:02:00.029 13866 13866 I GoogleInputMethodServic: GoogleInputMethodService.onStartInput():1808 
08-06 03:02:00.041  6718  6747 I art     : Explicit concurrent mark sweep GC freed 762(53KB) AllocSpace objects, 0(0B) LOS objects, 22% free, 53MB/69MB, paused 824us total 30.549ms
08-06 03:02:00.053  6718  6747 I art     : Starting a blocking GC Explicit
08-06 03:02:00.084  6718  6747 I art     : Explicit concurrent mark sweep GC freed 73(2528B) AllocSpace objects, 0(0B) LOS objects, 22% free, 53MB/69MB, paused 712us total 30.495ms
08-06 03:02:00.275   380   380 W SurfaceFlinger: couldn't log to binary event log: overflow.
08-06 03:02:00.383  6718  6731 I art     : Starting a blocking GC Explicit
08-06 03:02:00.417  6718  6731 I art     : Explicit concurrent mark sweep GC freed 1448(84KB) AllocSpace objects, 1(20KB) LOS objects, 22% free, 53MB/69MB, paused 723us total 33.576ms
08-06 03:02:00.432  6718  6731 I art     : Starting a blocking GC Explicit
08-06 03:02:00.460  6718  6731 I art     : Explicit concurrent mark sweep GC freed 21(736B) AllocSpace objects, 0(0B) LOS objects, 22% free, 53MB/69MB, paused 664us total 27.905ms
08-06 03:02:00.473  6718  6731 I art     : Starting a blocking GC Explicit
08-06 03:02:00.502  6718  6731 I art     : Explicit concurrent mark sweep GC freed 19(656B) AllocSpace objects, 0(0B) LOS objects, 22% free, 53MB/69MB, paused 668us total 29.040ms
08-06 03:02:00.513  6718  6731 I art     : Starting a blocking GC Explicit
08-06 03:02:00.542  6718  6731 I art     : Explicit concurrent mark sweep GC freed 3(96B) AllocSpace objects, 0(0B) LOS objects, 22% free, 53MB/69MB, paused 715us total 28.628ms
08-06 03:02:00.545  6516  6516 W Atfwd_Sendcmd: AtCmdFwd service not published, waiting... retryCnt : 1
08-06 03:02:00.554  6718  6731 I art     : Starting a blocking GC Explicit
08-06 03:02:00.585  6718  6731 I art     : Explicit concurrent mark sweep GC freed 3(96B) AllocSpace objects, 0(0B) LOS objects, 22% free, 53MB/69MB, paused 677us total 31.059ms
08-06 03:02:00.896  6718  6730 I art     : Starting a blocking GC Explicit
08-06 03:02:00.934  6718  6730 I art     : Explicit concurrent mark sweep GC freed 1344(78KB) AllocSpace objects, 1(20KB) LOS objects, 22% free, 53MB/69MB, paused 780us total 37.541ms
08-06 03:02:00.945  6718  6730 I art     : Starting a blocking GC Explicit
08-06 03:02:00.977  6718  6730 I art     : Explicit concurrent mark sweep GC freed 20(704B) AllocSpace objects, 0(0B) LOS objects, 22% free, 53MB/69MB, paused 800us total 31.530ms
08-06 03:02:00.989  6718  6730 I art     : Starting a blocking GC Explicit
08-06 03:02:01.021  6718  6730 I art     : Explicit concurrent mark sweep GC freed 3(96B) AllocSpace objects, 0(0B) LOS objects, 22% free, 53MB/69MB, paused 694us total 31.412ms
08-06 03:02:01.033  6718  6730 I art     : Starting a blocking GC Explicit
08-06 03:02:01.064  6718  6730 I art     : Explicit concurrent mark sweep GC freed 3(96B) AllocSpace objects, 0(0B) LOS objects, 22% free, 53MB/69MB, paused 711us total 31.457ms
08-06 03:02:01.076  6718  6730 I art     : Starting a blocking GC Explicit
08-06 03:02:01.108  6718  6730 I art     : Explicit concurrent mark sweep GC freed 3(96B) AllocSpace objects, 0(0B) LOS objects, 22% free, 53MB/69MB, paused 756us total 31.020ms
08-06 03:02:01.420  6718  6747 I art     : Starting a blocking GC Explicit
08-06 03:02:01.461  6718  6747 I art     : Explicit concurrent mark sweep GC freed 1344(78KB) AllocSpace objects, 1(20KB) LOS objects, 22% free, 53MB/69MB, paused 759us total 40.402ms
08-06 03:02:01.476  6718  6747 I art     : Starting a blocking GC Explicit
08-06 03:02:01.507  6718  6747 I art     : Explicit concurrent mark sweep GC freed 20(704B) AllocSpace objects, 0(0B) LOS objects, 22% free, 53MB/69MB, paused 806us total 30.870ms
08-06 03:02:01.519  6718  6747 I art     : Starting a blocking GC Explicit
08-06 03:02:01.551  6718  6747 I art     : Explicit concurrent mark sweep GC freed 3(96B) AllocSpace objects, 0(0B) LOS objects, 22% free, 53MB/69MB, paused 717us total 31.304ms
08-06 03:02:01.563  6718  6747 I art     : Starting a blocking GC Explicit
08-06 03:02:01.596  6718  6747 I art     : Explicit concurrent mark sweep GC freed 3(96B) AllocSpace objects, 0(0B) LOS objects, 22% free, 53MB/69MB, paused 800us total 33.160ms
08-06 03:02:01.608  6718  6747 I art     : Starting a blocking GC Explicit
08-06 03:02:01.641  6718  6747 I art     : Explicit concurrent mark sweep GC freed 3(96B) AllocSpace objects, 0(0B) LOS objects, 22% free, 53MB/69MB, paused 737us total 32.645ms
08-06 03:02:01.978  6718  7849 I art     : Starting a blocking GC Explicit
08-06 03:02:02.018  6718  7849 I art     : Explicit concurrent mark sweep GC freed 1344(78KB) AllocSpace objects, 1(20KB) LOS objects, 22% free, 53MB/69MB, paused 767us total 39.459ms
08-06 03:02:02.030  6718  7849 I art     : Starting a blocking GC Explicit
08-06 03:02:02.064  6718  7849 I art     : Explicit concurrent mark sweep GC freed 20(704B) AllocSpace objects, 0(0B) LOS objects, 22% free, 53MB/69MB, paused 726us total 33.956ms
08-06 03:02:02.076  6718  7849 I art     : Starting a blocking GC Explicit
08-06 03:02:02.109  6718  7849 I art     : Explicit concurrent mark sweep GC freed 3(96B) AllocSpace objects, 0(0B) LOS objects, 22% free, 53MB/69MB, paused 715us total 32.330ms
08-06 03:02:02.121  6718  7849 I art     : Starting a blocking GC Explicit
08-06 03:02:02.155  6718  7849 I art     : Explicit concurrent mark sweep GC freed 3(96B) AllocSpace objects, 0(0B) LOS objects, 22% free, 53MB/69MB, paused 720us total 33.905ms
08-06 03:02:02.167  6718  7849 I art     : Starting a blocking GC Explicit
08-06 03:02:02.201  6718  7849 I art     : Explicit concurrent mark sweep GC freed 3(96B) AllocSpace objects, 0(0B) LOS objects, 22% free, 53MB/69MB, paused 722us total 33.821ms
08-06 03:02:02.551  6718  7194 I art     : Starting a blocking GC Explicit
08-06 03:02:02.593  6718  7194 I art     : Explicit concurrent mark sweep GC freed 1344(78KB) AllocSpace objects, 1(20KB) LOS objects, 22% free, 53MB/69MB, paused 723us total 41.023ms
08-06 03:02:02.609  6718  7194 I art     : Starting a blocking GC Explicit
08-06 03:02:02.642  6718  7194 I art     : Explicit concurrent mark sweep GC freed 20(704B) AllocSpace objects, 0(0B) LOS objects, 22% free, 53MB/69MB, paused 711us total 32.992ms
08-06 03:02:02.654  6718  7194 I art     : Starting a blocking GC Explicit
08-06 03:02:02.689  6718  7194 I art     : Explicit concurrent mark sweep GC freed 3(96B) AllocSpace objects, 0(0B) LOS objects, 22% free, 53MB/69MB, paused 735us total 34.441ms
08-06 03:02:02.701  6718  7194 I art     : Starting a blocking GC Explicit
08-06 03:02:02.734  6718  7194 I art     : Explicit concurrent mark sweep GC freed 3(96B) AllocSpace objects, 0(0B) LOS objects, 22% free, 53MB/69MB, paused 667us total 32.192ms
08-06 03:02:02.745  6718  7194 I art     : Starting a blocking GC Explicit
08-06 03:02:02.780  6718  7194 I art     : Explicit concurrent mark sweep GC freed 3(96B) AllocSpace objects, 0(0B) LOS objects, 22% free, 53MB/69MB, paused 712us total 34.721ms
08-06 03:02:03.120  6718  6731 I art     : Starting a blocking GC Explicit
08-06 03:02:03.162  6718  6731 I art     : Explicit concurrent mark sweep GC freed 1344(78KB) AllocSpace objects, 1(20KB) LOS objects, 22% free, 53MB/69MB, paused 756us total 40.762ms
08-06 03:02:03.176  6718  6731 I art     : Starting a blocking GC Explicit
08-06 03:02:03.209  6718  6731 I art     : Explicit concurrent mark sweep GC freed 20(704B) AllocSpace objects, 0(0B) LOS objects, 22% free, 53MB/69MB, paused 727us total 32.969ms
08-06 03:02:03.209  6718  6729 I art     : WaitForGcToComplete blocked for 23.460ms for cause HeapTrim
08-06 03:02:03.221  6718  6731 I art     : Starting a blocking GC Explicit
08-06 03:02:03.254  6718  6731 I art     : Explicit concurrent mark sweep GC freed 3(96B) AllocSpace objects, 0(0B) LOS objects, 22% free, 53MB/69MB, paused 749us total 32.686ms
08-06 03:02:03.266  6718  6731 I art     : Starting a blocking GC Explicit
08-06 03:02:03.301  6718  6731 I art     : Explicit concurrent mark sweep GC freed 3(96B) AllocSpace objects, 0(0B) LOS objects, 22% free, 53MB/69MB, paused 732us total 34.253ms
08-06 03:02:03.313  6718  6731 I art     : Starting a blocking GC Explicit
08-06 03:02:03.347  6718  6731 I art     : Explicit concurrent mark sweep GC freed 3(96B) AllocSpace objects, 0(0B) LOS objects, 22% free, 53MB/69MB, paused 800us total 33.921ms
08-06 03:02:03.665  6718  6730 I art     : Starting a blocking GC Explicit
08-06 03:02:03.709  6718  6730 I art     : Explicit concurrent mark sweep GC freed 1344(78KB) AllocSpace objects, 1(20KB) LOS objects, 22% free, 53MB/69MB, paused 1.299ms total 43.684ms
08-06 03:02:03.724  6718  6730 I art     : Starting a blocking GC Explicit
08-06 03:02:03.757  6718  6730 I art     : Explicit concurrent mark sweep GC freed 20(704B) AllocSpace objects, 0(0B) LOS objects, 22% free, 53MB/69MB, paused 833us total 32.688ms
08-06 03:02:03.769  6718  6730 I art     : Starting a blocking GC Explicit
08-06 03:02:03.804  6718  6730 I art     : Explicit concurrent mark sweep GC freed 3(96B) AllocSpace objects, 0(0B) LOS objects, 22% free, 53MB/69MB, paused 733us total 33.916ms
08-06 03:02:03.816  6718  6730 I art     : Starting a blocking GC Explicit
08-06 03:02:03.849  6718  6730 I art     : Explicit concurrent mark sweep GC freed 3(96B) AllocSpace objects, 0(0B) LOS objects, 22% free, 53MB/69MB, paused 707us total 33.082ms
08-06 03:02:03.861  6718  6730 I art     : Starting a blocking GC Explicit
08-06 03:02:03.893  6718  6730 I art     : Explicit concurrent mark sweep GC freed 3(96B) AllocSpace objects, 0(0B) LOS objects, 22% free, 53MB/69MB, paused 740us total 31.293ms
08-06 03:02:04.231  6718  6747 I art     : Starting a blocking GC Explicit
08-06 03:02:04.262  6718  6747 I art     : Explicit concurrent mark sweep GC freed 1344(78KB) AllocSpace objects, 1(20KB) LOS objects, 22% free, 53MB/69MB, paused 751us total 31.051ms
08-06 03:02:04.274  6718  6747 I art     : Starting a blocking GC Explicit
08-06 03:02:04.306  6718  6747 I art     : Explicit concurrent mark sweep GC freed 20(704B) AllocSpace objects, 0(0B) LOS objects, 22% free, 53MB/69MB, paused 731us total 32.045ms
08-06 03:02:04.318  6718  6747 I art     : Starting a blocking GC Explicit
08-06 03:02:04.349  6718  6747 I art     : Explicit concurrent mark sweep GC freed 3(96B) AllocSpace objects, 0(0B) LOS objects, 22% free, 53MB/69MB, paused 743us total 31.139ms
08-06 03:02:04.361  6718  6747 I art     : Starting a blocking GC Explicit
08-06 03:02:04.394  6718  6747 I art     : Explicit concurrent mark sweep GC freed 3(96B) AllocSpace objects, 0(0B) LOS objects, 22% free, 53MB/69MB, paused 750us total 32.594ms
08-06 03:02:04.406  6718  6747 I art     : Starting a blocking GC Explicit
08-06 03:02:04.438  6718  6747 I art     : Explicit concurrent mark sweep GC freed 3(96B) AllocSpace objects, 0(0B) LOS objects, 22% free, 53MB/69MB, paused 759us total 32.513ms
08-06 03:02:04.720 10341 10341 D AndroidRuntime: >>>>>> START com.android.internal.os.RuntimeInit uid 2000 <<<<<<
08-06 03:02:04.726 10341 10341 D AndroidRuntime: CheckJNI is OFF
08-06 03:02:04.768 10341 10341 D ICU     : No timezone override file found: /data/misc/zoneinfo/current/icu/icu_tzdata.dat
08-06 03:02:04.787   518   646 I ThermalEngine: ACTION: GPU - Setting GPU[0] to 510000000
08-06 03:02:04.790  6718  7849 I art     : Starting a blocking GC Explicit
08-06 03:02:04.809 10341 10341 I Radio-JNI: register_android_hardware_Radio DONE
08-06 03:02:04.820  6718  7849 I art     : Explicit concurrent mark sweep GC freed 1344(78KB) AllocSpace objects, 1(20KB) LOS objects, 22% free, 53MB/69MB, paused 752us total 29.746ms
08-06 03:02:04.831  6718  7849 I art     : Starting a blocking GC Explicit
08-06 03:02:04.837 10341 10341 D AndroidRuntime: Calling main entry com.android.commands.input.Input
08-06 03:02:04.839 10341 10341 I Input   : injectKeyEvent: KeyEvent { action=ACTION_DOWN, keyCode=KEYCODE_BACK, scanCode=0, metaState=0, flags=0x0, repeatCount=0, eventTime=846141252, downTime=846141252, deviceId=-1, source=0x101 }
08-06 03:02:04.843 10341 10341 I Input   : injectKeyEvent: KeyEvent { action=ACTION_UP, keyCode=KEYCODE_BACK, scanCode=0, metaState=0, flags=0x0, repeatCount=0, eventTime=846141252, downTime=846141252, deviceId=-1, source=0x101 }
08-06 03:02:04.849 10341 10341 D AndroidRuntime: Shutting down VM
08-06 03:02:04.856  6718  7849 I art     : Explicit concurrent mark sweep GC freed 116(5KB) AllocSpace objects, 0(0B) LOS objects, 22% free, 53MB/69MB, paused 700us total 24.857ms
08-06 03:02:04.865  6718  7849 I art     : Starting a blocking GC Explicit
08-06 03:02:04.885 13866 13866 I GoogleInputMethodServic: GoogleInputMethodService.onFinishInput():3138 
08-06 03:02:04.885 13866 13866 I GoogleInputMethodServic: GoogleInputMethodService.onStartInput():1808 
08-06 03:02:04.886  6718  7849 I art     : Explicit concurrent mark sweep GC freed 53(1888B) AllocSpace objects, 0(0B) LOS objects, 22% free, 53MB/69MB, paused 663us total 21.227ms
08-06 03:02:04.897  6718  7849 I art     : Starting a blocking GC Explicit
08-06 03:02:04.918  6718  7849 I art     : Explicit concurrent mark sweep GC freed 38(1376B) AllocSpace objects, 0(0B) LOS objects, 22% free, 53MB/69MB, paused 530us total 21.324ms
08-06 03:02:04.927  6718  7849 I art     : Starting a blocking GC Explicit
08-06 03:02:04.949  6718  7849 I art     : Explicit concurrent mark sweep GC freed 10(384B) AllocSpace objects, 0(0B) LOS objects, 22% free, 53MB/69MB, paused 460us total 21.281ms
08-06 03:02:05.172   380   380 W SurfaceFlinger: couldn't log to binary event log: overflow.
08-06 03:02:05.208  6718  6731 I art     : Starting a blocking GC Explicit
08-06 03:02:05.231  6718  6731 I art     : Explicit concurrent mark sweep GC freed 1453(86KB) AllocSpace objects, 1(20KB) LOS objects, 22% free, 53MB/69MB, paused 526us total 23.344ms
08-06 03:02:05.240  6718  6731 I art     : Starting a blocking GC Explicit
08-06 03:02:05.264  6718  6731 I art     : Explicit concurrent mark sweep GC freed 1671(108KB) AllocSpace objects, 3(180KB) LOS objects, 22% free, 53MB/69MB, paused 560us total 24.393ms
08-06 03:02:05.274  6718  6731 I art     : Starting a blocking GC Explicit
08-06 03:02:05.298  6718  6731 I art     : Explicit concurrent mark sweep GC freed 3(96B) AllocSpace objects, 0(0B) LOS objects, 22% free, 53MB/69MB, paused 553us total 24.588ms
08-06 03:02:05.308  6718  6731 I art     : Starting a blocking GC Explicit
08-06 03:02:05.333  6718  6731 I art     : Explicit concurrent mark sweep GC freed 3(96B) AllocSpace objects, 0(0B) LOS objects, 22% free, 53MB/69MB, paused 551us total 24.739ms
08-06 03:02:05.342  6718  6731 I art     : Starting a blocking GC Explicit
08-06 03:02:05.367  6718  6731 I art     : Explicit concurrent mark sweep GC freed 3(96B) AllocSpace objects, 0(0B) LOS objects, 22% free, 53MB/69MB, paused 656us total 24.614ms
08-06 03:02:05.545  6516  6516 I ServiceManager: Waiting for service AtCmdFwd...
08-06 03:02:05.650  6718  6747 I art     : Starting a blocking GC Explicit
08-06 03:02:05.680  6718  6747 I art     : Explicit concurrent mark sweep GC freed 1344(78KB) AllocSpace objects, 1(20KB) LOS objects, 22% free, 53MB/69MB, paused 597us total 29.170ms
08-06 03:02:05.691  6718  6747 I art     : Starting a blocking GC Explicit
08-06 03:02:05.716  6718  6747 I art     : Explicit concurrent mark sweep GC freed 20(704B) AllocSpace objects, 0(0B) LOS objects, 22% free, 53MB/69MB, paused 562us total 24.572ms
08-06 03:02:05.725  6718  6747 I art     : Starting a blocking GC Explicit
08-06 03:02:05.750  6718  6747 I art     : Explicit concurrent mark sweep GC freed 3(96B) AllocSpace objects, 0(0B) LOS objects, 22% free, 53MB/69MB, paused 543us total 24.256ms
08-06 03:02:05.759  6718  6747 I art     : Starting a blocking GC Explicit
08-06 03:02:05.783  6718  6747 I art     : Explicit concurrent mark sweep GC freed 3(96B) AllocSpace objects, 0(0B) LOS objects, 22% free, 53MB/69MB, paused 542us total 24.003ms
08-06 03:02:05.792  6718  6747 I art     : Starting a blocking GC Explicit
08-06 03:02:05.817  6718  6747 I art     : Explicit concurrent mark sweep GC freed 3(96B) AllocSpace objects, 0(0B) LOS objects, 22% free, 53MB/69MB, paused 542us total 24.172ms
08-06 03:02:06.111  6718  7194 I art     : Starting a blocking GC Explicit
08-06 03:02:06.136  6718  7194 I art     : Explicit concurrent mark sweep GC freed 1344(78KB) AllocSpace objects, 1(20KB) LOS objects, 22% free, 53MB/69MB, paused 547us total 24.659ms
08-06 03:02:06.145  6718  7194 I art     : Starting a blocking GC Explicit
08-06 03:02:06.169  6718  7194 I art     : Explicit concurrent mark sweep GC freed 20(704B) AllocSpace objects, 0(0B) LOS objects, 22% free, 53MB/69MB, paused 539us total 23.754ms
08-06 03:02:06.178  6718  7194 I art     : Starting a blocking GC Explicit
08-06 03:02:06.201  6718  7194 I art     : Explicit concurrent mark sweep GC freed 3(96B) AllocSpace objects, 0(0B) LOS objects, 22% free, 53MB/69MB, paused 526us total 23.374ms
08-06 03:02:06.210  6718  7194 I art     : Starting a blocking GC Explicit
08-06 03:02:06.234  6718  7194 I art     : Explicit concurrent mark sweep GC freed 3(96B) AllocSpace objects, 0(0B) LOS objects, 22% free, 53MB/69MB, paused 522us total 23.321ms
08-06 03:02:06.243  6718  7194 I art     : Starting a blocking GC Explicit
08-06 03:02:06.266  6718  7194 I art     : Explicit concurrent mark sweep GC freed 3(96B) AllocSpace objects, 0(0B) LOS objects, 22% free, 53MB/69MB, paused 538us total 22.885ms
08-06 03:02:06.493 10394 10394 D AndroidRuntime: >>>>>> START com.android.internal.os.RuntimeInit uid 2000 <<<<<<
08-06 03:02:06.499 10394 10394 D AndroidRuntime: CheckJNI is OFF
08-06 03:02:06.534 10394 10394 D ICU     : No timezone override file found: /data/misc/zoneinfo/current/icu/icu_tzdata.dat
08-06 03:02:06.546  6516  6516 I ServiceManager: Waiting for service AtCmdFwd...
08-06 03:02:06.559  6718  6730 I art     : Starting a blocking GC Explicit
08-06 03:02:06.569 10394 10394 I Radio-JNI: register_android_hardware_Radio DONE
08-06 03:02:06.584  6718  6730 I art     : Explicit concurrent mark sweep GC freed 1344(78KB) AllocSpace objects, 1(20KB) LOS objects, 22% free, 53MB/69MB, paused 551us total 24.565ms
08-06 03:02:06.592 10394 10394 D AndroidRuntime: Calling main entry com.android.commands.input.Input
08-06 03:02:06.593  6718  6730 I art     : Starting a blocking GC Explicit
08-06 03:02:06.594 10394 10394 I Input   : injectMotionEvent: MotionEvent { action=ACTION_DOWN, actionButton=0, id[0]=0, x[0]=369.0, y[0]=554.0, toolType[0]=TOOL_TYPE_UNKNOWN, buttonState=0, metaState=0, flags=0x0, edgeFlags=0x0, pointerCount=1, historySize=0, eventTime=846143007, downTime=846143007, deviceId=0, source=0x1002 }
08-06 03:02:06.599 10394 10394 I Input   : injectMotionEvent: MotionEvent { action=ACTION_UP, actionButton=0, id[0]=0, x[0]=369.0, y[0]=554.0, toolType[0]=TOOL_TYPE_UNKNOWN, buttonState=0, metaState=0, flags=0x0, edgeFlags=0x0, pointerCount=1, historySize=0, eventTime=846143007, downTime=846143007, deviceId=0, source=0x1002 }
08-06 03:02:06.601   918  5132 I ActivityManager: START u0 {cmp=baseline.appteam.nith.hillffair/.activities.ClubActivity (has extras)} from uid 10697 on display 0
08-06 03:02:06.609 10394 10394 D AndroidRuntime: Shutting down VM
08-06 03:02:06.617  6718  6730 I art     : Explicit concurrent mark sweep GC freed 45(1504B) AllocSpace objects, 0(0B) LOS objects, 22% free, 53MB/69MB, paused 898us total 23.617ms
08-06 03:02:06.625  6718  6730 I art     : Starting a blocking GC Explicit
08-06 03:02:06.650  6718  6730 I art     : Explicit concurrent mark sweep GC freed 3650(281KB) AllocSpace objects, 0(0B) LOS objects, 22% free, 53MB/69MB, paused 921us total 24.399ms
08-06 03:02:06.659  6718  6730 I art     : Starting a blocking GC Explicit
08-06 03:02:06.680  6718  6730 I art     : Explicit concurrent mark sweep GC freed 209(9KB) AllocSpace objects, 0(0B) LOS objects, 22% free, 53MB/69MB, paused 577us total 20.912ms
08-06 03:02:06.689  6718  6730 I art     : Starting a blocking GC Explicit
08-06 03:02:06.693  6718  6718 I NAPPA_EXPERIMENTATION: MetricNetworkRequestExecutionTime: REQUEST_DURATION_SYSTEM='57',REQUEST_DURATION_OKHTTP='31',REQUEST_SYNCHRONOUS='FALSE',RESPONSE_CODE='200',RESPONSE_METHOD='GET',RESPONSE_LENGTH_OKHTTP='979',RESPONSE_LENGTH_HEADER='-2',REQUEST_PROTOCOL='http/1.1',REQUEST_URL='https://api-hillfair-2k16.herokuapp.com/api/app/club/PR%20Club',
08-06 03:02:06.699   918   936 I ActivityManager: Displayed baseline.appteam.nith.hillffair/.activities.ClubActivity: +89ms
08-06 03:02:06.699 13866 13866 I GoogleInputMethodServic: GoogleInputMethodService.onFinishInput():3138 
08-06 03:02:06.700 13866 13866 I GoogleInputMethodServic: GoogleInputMethodService.onStartInput():1808 
08-06 03:02:06.712  6718  6730 I art     : Explicit concurrent mark sweep GC freed 721(52KB) AllocSpace objects, 0(0B) LOS objects, 22% free, 53MB/69MB, paused 734us total 22.275ms
08-06 03:02:06.972   380   380 W SurfaceFlinger: couldn't log to binary event log: overflow.
08-06 03:02:07.028  6718  7849 I art     : Starting a blocking GC Explicit
08-06 03:02:07.058  6718  7849 I art     : Explicit concurrent mark sweep GC freed 1415(80KB) AllocSpace objects, 1(20KB) LOS objects, 22% free, 53MB/69MB, paused 674us total 29.727ms
08-06 03:02:07.071  6718  7849 I art     : Starting a blocking GC Explicit
08-06 03:02:07.100  6718  7849 I art     : Explicit concurrent mark sweep GC freed 112(6KB) AllocSpace objects, 0(0B) LOS objects, 22% free, 53MB/69MB, paused 892us total 29.385ms
08-06 03:02:07.113  6718  7849 I art     : Starting a blocking GC Explicit
08-06 03:02:07.143  6718  7849 I art     : Explicit concurrent mark sweep GC freed 13(496B) AllocSpace objects, 0(0B) LOS objects, 22% free, 53MB/69MB, paused 676us total 29.917ms
08-06 03:02:07.155  6718  7849 I art     : Starting a blocking GC Explicit
08-06 03:02:07.185  6718  7849 I art     : Explicit concurrent mark sweep GC freed 19(656B) AllocSpace objects, 0(0B) LOS objects, 22% free, 53MB/69MB, paused 726us total 30.005ms
08-06 03:02:07.197  6718  7849 I art     : Starting a blocking GC Explicit
08-06 03:02:07.228  6718  7849 I art     : Explicit concurrent mark sweep GC freed 3(96B) AllocSpace objects, 0(0B) LOS objects, 22% free, 53MB/69MB, paused 775us total 30.964ms
08-06 03:02:07.547  6516  6516 I ServiceManager: Waiting for service AtCmdFwd...
08-06 03:02:07.550  6718  6747 I art     : Starting a blocking GC Explicit
08-06 03:02:07.591  6718  6747 I art     : Explicit concurrent mark sweep GC freed 1344(78KB) AllocSpace objects, 1(20KB) LOS objects, 22% free, 53MB/69MB, paused 777us total 40.274ms
08-06 03:02:07.606  6718  6747 I art     : Starting a blocking GC Explicit
08-06 03:02:07.637  6718  6747 I art     : Explicit concurrent mark sweep GC freed 20(704B) AllocSpace objects, 0(0B) LOS objects, 22% free, 53MB/69MB, paused 758us total 30.490ms
08-06 03:02:07.649  6718  6747 I art     : Starting a blocking GC Explicit
08-06 03:02:07.680  6718  6747 I art     : Explicit concurrent mark sweep GC freed 3(96B) AllocSpace objects, 0(0B) LOS objects, 22% free, 53MB/69MB, paused 733us total 30.935ms
08-06 03:02:07.692  6718  6747 I art     : Starting a blocking GC Explicit
08-06 03:02:07.723  6718  6747 I art     : Explicit concurrent mark sweep GC freed 3(96B) AllocSpace objects, 0(0B) LOS objects, 22% free, 53MB/69MB, paused 817us total 31.557ms
08-06 03:02:07.735  6718  6747 I art     : Starting a blocking GC Explicit
08-06 03:02:07.767  6718  6747 I art     : Explicit concurrent mark sweep GC freed 3(96B) AllocSpace objects, 0(0B) LOS objects, 22% free, 53MB/69MB, paused 792us total 31.306ms
08-06 03:02:07.792   518   646 I ThermalEngine: ACTION: GPU - Setting GPU[0] to 450000000
08-06 03:02:08.086  6718  7194 I art     : Starting a blocking GC Explicit
08-06 03:02:08.125  6718  7194 I art     : Explicit concurrent mark sweep GC freed 1344(78KB) AllocSpace objects, 1(20KB) LOS objects, 22% free, 53MB/69MB, paused 937us total 37.831ms
08-06 03:02:08.138  6718  7194 I art     : Starting a blocking GC Explicit
08-06 03:02:08.170  6718  7194 I art     : Explicit concurrent mark sweep GC freed 20(704B) AllocSpace objects, 0(0B) LOS objects, 22% free, 53MB/69MB, paused 737us total 31.462ms
08-06 03:02:08.182  6718  7194 I art     : Starting a blocking GC Explicit
08-06 03:02:08.212  6718  7194 I art     : Explicit concurrent mark sweep GC freed 3(96B) AllocSpace objects, 0(0B) LOS objects, 22% free, 53MB/69MB, paused 728us total 30.189ms
08-06 03:02:08.224  6718  7194 I art     : Starting a blocking GC Explicit
08-06 03:02:08.255  6718  7194 I art     : Explicit concurrent mark sweep GC freed 3(96B) AllocSpace objects, 0(0B) LOS objects, 22% free, 53MB/69MB, paused 712us total 30.735ms
08-06 03:02:08.267  6718  7194 I art     : Starting a blocking GC Explicit
08-06 03:02:08.302  6718  7194 I art     : Explicit concurrent mark sweep GC freed 3(96B) AllocSpace objects, 0(0B) LOS objects, 22% free, 53MB/69MB, paused 754us total 34.513ms
08-06 03:02:08.547  6516  6516 I ServiceManager: Waiting for service AtCmdFwd...
08-06 03:02:08.628  6718  6730 I art     : Starting a blocking GC Explicit
08-06 03:02:08.671  6718  6730 I art     : Explicit concurrent mark sweep GC freed 1344(78KB) AllocSpace objects, 1(20KB) LOS objects, 22% free, 53MB/69MB, paused 797us total 42.602ms
08-06 03:02:08.690  6718  6730 I art     : Starting a blocking GC Explicit
08-06 03:02:08.722  6718  6730 I art     : Explicit concurrent mark sweep GC freed 20(704B) AllocSpace objects, 0(0B) LOS objects, 22% free, 53MB/69MB, paused 745us total 32.202ms
08-06 03:02:08.734  6718  6730 I art     : Starting a blocking GC Explicit
08-06 03:02:08.769  6718  6730 I art     : Explicit concurrent mark sweep GC freed 3(96B) AllocSpace objects, 0(0B) LOS objects, 22% free, 53MB/69MB, paused 742us total 34.522ms
08-06 03:02:08.781  6718  6730 I art     : Starting a blocking GC Explicit
08-06 03:02:08.815  6718  6730 I art     : Explicit concurrent mark sweep GC freed 3(96B) AllocSpace objects, 0(0B) LOS objects, 22% free, 53MB/69MB, paused 716us total 33.750ms
08-06 03:02:08.827  6718  6730 I art     : Starting a blocking GC Explicit
08-06 03:02:08.862  6718  6730 I art     : Explicit concurrent mark sweep GC freed 3(96B) AllocSpace objects, 0(0B) LOS objects, 22% free, 53MB/69MB, paused 746us total 33.835ms
08-06 03:02:09.163  6718  6731 I art     : Starting a blocking GC Explicit
08-06 03:02:09.201  6718  6731 I art     : Explicit concurrent mark sweep GC freed 1344(78KB) AllocSpace objects, 1(20KB) LOS objects, 22% free, 53MB/69MB, paused 777us total 37.221ms
08-06 03:02:09.214  6718  6731 I art     : Starting a blocking GC Explicit
08-06 03:02:09.246  6718  6731 I art     : Explicit concurrent mark sweep GC freed 20(704B) AllocSpace objects, 0(0B) LOS objects, 22% free, 53MB/69MB, paused 737us total 31.494ms
08-06 03:02:09.258  6718  6731 I art     : Starting a blocking GC Explicit
08-06 03:02:09.289  6718  6731 I art     : Explicit concurrent mark sweep GC freed 3(96B) AllocSpace objects, 0(0B) LOS objects, 22% free, 53MB/69MB, paused 740us total 31.324ms
08-06 03:02:09.301  6718  6731 I art     : Starting a blocking GC Explicit
08-06 03:02:09.333  6718  6731 I art     : Explicit concurrent mark sweep GC freed 3(96B) AllocSpace objects, 0(0B) LOS objects, 22% free, 53MB/69MB, paused 753us total 31.370ms
08-06 03:02:09.344  6718  6731 I art     : Starting a blocking GC Explicit
08-06 03:02:09.376  6718  6731 I art     : Explicit concurrent mark sweep GC freed 3(96B) AllocSpace objects, 0(0B) LOS objects, 22% free, 53MB/69MB, paused 736us total 31.566ms
08-06 03:02:09.548  6516  6516 I ServiceManager: Waiting for service AtCmdFwd...
08-06 03:02:09.701  6718  7849 I art     : Starting a blocking GC Explicit
08-06 03:02:09.748  6718  7849 I art     : Explicit concurrent mark sweep GC freed 1344(78KB) AllocSpace objects, 1(20KB) LOS objects, 22% free, 53MB/69MB, paused 898us total 45.967ms
08-06 03:02:09.763  6718  7849 I art     : Starting a blocking GC Explicit
08-06 03:02:09.796  6718  7849 I art     : Explicit concurrent mark sweep GC freed 20(704B) AllocSpace objects, 0(0B) LOS objects, 22% free, 53MB/69MB, paused 744us total 32.580ms
08-06 03:02:09.808  6718  7849 I art     : Starting a blocking GC Explicit
08-06 03:02:09.843  6718  7849 I art     : Explicit concurrent mark sweep GC freed 3(96B) AllocSpace objects, 0(0B) LOS objects, 22% free, 53MB/69MB, paused 735us total 34.514ms
08-06 03:02:09.855  6718  7849 I art     : Starting a blocking GC Explicit
08-06 03:02:09.888  6718  7849 I art     : Explicit concurrent mark sweep GC freed 3(96B) AllocSpace objects, 0(0B) LOS objects, 22% free, 53MB/69MB, paused 747us total 33.302ms
08-06 03:02:09.900  6718  7849 I art     : Starting a blocking GC Explicit
08-06 03:02:09.934  6718  7849 I art     : Explicit concurrent mark sweep GC freed 3(96B) AllocSpace objects, 0(0B) LOS objects, 22% free, 53MB/69MB, paused 747us total 33.144ms
08-06 03:02:10.264  6718  6747 I art     : Starting a blocking GC Explicit
08-06 03:02:10.311  6718  6747 I art     : Explicit concurrent mark sweep GC freed 1344(78KB) AllocSpace objects, 1(20KB) LOS objects, 22% free, 53MB/69MB, paused 833us total 46.294ms
08-06 03:02:10.327  6718  6747 I art     : Starting a blocking GC Explicit
08-06 03:02:10.363  6718  6747 I art     : Explicit concurrent mark sweep GC freed 20(704B) AllocSpace objects, 0(0B) LOS objects, 22% free, 53MB/69MB, paused 767us total 36.319ms
08-06 03:02:10.375  6718  6747 I art     : Starting a blocking GC Explicit
08-06 03:02:10.408  6718  6747 I art     : Explicit concurrent mark sweep GC freed 3(96B) AllocSpace objects, 0(0B) LOS objects, 22% free, 53MB/69MB, paused 728us total 32.596ms
08-06 03:02:10.420  6718  6747 I art     : Starting a blocking GC Explicit
08-06 03:02:10.455  6718  6747 I art     : Explicit concurrent mark sweep GC freed 3(96B) AllocSpace objects, 0(0B) LOS objects, 22% free, 53MB/69MB, paused 743us total 34.118ms
08-06 03:02:10.467  6718  6747 I art     : Starting a blocking GC Explicit
08-06 03:02:10.501  6718  6747 I art     : Explicit concurrent mark sweep GC freed 3(96B) AllocSpace objects, 0(0B) LOS objects, 22% free, 53MB/69MB, paused 762us total 33.944ms
08-06 03:02:10.548  6516  6516 W Atfwd_Sendcmd: AtCmdFwd service not published, waiting... retryCnt : 2
08-06 03:02:10.855  6718  7194 I art     : Starting a blocking GC Explicit
08-06 03:02:10.891  6718  7194 I art     : Explicit concurrent mark sweep GC freed 1344(78KB) AllocSpace objects, 1(20KB) LOS objects, 22% free, 53MB/69MB, paused 727us total 35.096ms
08-06 03:02:10.903  6718  7194 I art     : Starting a blocking GC Explicit
08-06 03:02:10.935  6718  7194 I art     : Explicit concurrent mark sweep GC freed 20(704B) AllocSpace objects, 0(0B) LOS objects, 22% free, 53MB/69MB, paused 746us total 31.439ms
08-06 03:02:10.946  6718  7194 I art     : Starting a blocking GC Explicit
08-06 03:02:10.979  6718  7194 I art     : Explicit concurrent mark sweep GC freed 3(96B) AllocSpace objects, 0(0B) LOS objects, 22% free, 53MB/69MB, paused 770us total 32.244ms
08-06 03:02:10.991  6718  7194 I art     : Starting a blocking GC Explicit
08-06 03:02:11.023  6718  7194 I art     : Explicit concurrent mark sweep GC freed 3(96B) AllocSpace objects, 0(0B) LOS objects, 22% free, 53MB/69MB, paused 737us total 32.115ms
08-06 03:02:11.035  6718  7194 I art     : Starting a blocking GC Explicit
08-06 03:02:11.068  6718  7194 I art     : Explicit concurrent mark sweep GC freed 3(96B) AllocSpace objects, 0(0B) LOS objects, 22% free, 53MB/69MB, paused 797us total 32.929ms
08-06 03:02:11.397  6718  6730 I art     : Starting a blocking GC Explicit
08-06 03:02:11.407 10500 10500 D AndroidRuntime: >>>>>> START com.android.internal.os.RuntimeInit uid 2000 <<<<<<
08-06 03:02:11.414 10500 10500 D AndroidRuntime: CheckJNI is OFF
08-06 03:02:11.434  6718  6730 I art     : Explicit concurrent mark sweep GC freed 1344(78KB) AllocSpace objects, 1(20KB) LOS objects, 22% free, 53MB/69MB, paused 754us total 36.433ms
08-06 03:02:11.445  6718  6730 I art     : Starting a blocking GC Explicit
08-06 03:02:11.463 10500 10500 D ICU     : No timezone override file found: /data/misc/zoneinfo/current/icu/icu_tzdata.dat
08-06 03:02:11.476  6718  6730 I art     : Explicit concurrent mark sweep GC freed 20(704B) AllocSpace objects, 0(0B) LOS objects, 22% free, 53MB/69MB, paused 803us total 30.750ms
08-06 03:02:11.488  6718  6730 I art     : Starting a blocking GC Explicit
08-06 03:02:11.510 10500 10500 I Radio-JNI: register_android_hardware_Radio DONE
08-06 03:02:11.520  6718  6730 I art     : Explicit concurrent mark sweep GC freed 3(96B) AllocSpace objects, 0(0B) LOS objects, 22% free, 53MB/69MB, paused 774us total 31.575ms
08-06 03:02:11.532  6718  6730 I art     : Starting a blocking GC Explicit
08-06 03:02:11.540 10500 10500 D AndroidRuntime: Calling main entry com.android.commands.input.Input
08-06 03:02:11.542 10500 10500 I Input   : injectKeyEvent: KeyEvent { action=ACTION_DOWN, keyCode=KEYCODE_BACK, scanCode=0, metaState=0, flags=0x0, repeatCount=0, eventTime=846147955, downTime=846147955, deviceId=-1, source=0x101 }
08-06 03:02:11.548 10500 10500 I Input   : injectKeyEvent: KeyEvent { action=ACTION_UP, keyCode=KEYCODE_BACK, scanCode=0, metaState=0, flags=0x0, repeatCount=0, eventTime=846147955, downTime=846147955, deviceId=-1, source=0x101 }
08-06 03:02:11.553 10500 10500 D AndroidRuntime: Shutting down VM
08-06 03:02:11.562  6718  6730 I art     : Explicit concurrent mark sweep GC freed 99(4KB) AllocSpace objects, 0(0B) LOS objects, 22% free, 53MB/69MB, paused 763us total 29.723ms
08-06 03:02:11.574  6718  6730 I art     : Starting a blocking GC Explicit
08-06 03:02:11.593 13866 13866 I GoogleInputMethodServic: GoogleInputMethodService.onFinishInput():3138 
08-06 03:02:11.593 13866 13866 I GoogleInputMethodServic: GoogleInputMethodService.onStartInput():1808 
08-06 03:02:11.602  6718  6730 I art     : Explicit concurrent mark sweep GC freed 53(1840B) AllocSpace objects, 0(0B) LOS objects, 22% free, 53MB/69MB, paused 703us total 28.170ms
08-06 03:02:11.800   518   646 I ThermalEngine: ACTION: GPU - Setting GPU[0] to 510000000
08-06 03:02:11.878  6718  6731 I art     : Starting a blocking GC Explicit
08-06 03:02:11.896   380   380 W SurfaceFlinger: couldn't log to binary event log: overflow.
08-06 03:02:11.903  6718  6731 I art     : Explicit concurrent mark sweep GC freed 1491(88KB) AllocSpace objects, 1(20KB) LOS objects, 22% free, 53MB/69MB, paused 519us total 24.429ms
08-06 03:02:11.913  6718  6731 I art     : Starting a blocking GC Explicit
08-06 03:02:11.937  6718  6731 I art     : Explicit concurrent mark sweep GC freed 61(2304B) AllocSpace objects, 0(0B) LOS objects, 22% free, 53MB/69MB, paused 595us total 24.092ms
08-06 03:02:11.946  6718  6731 I art     : Starting a blocking GC Explicit
08-06 03:02:11.968  6718  6731 I art     : Explicit concurrent mark sweep GC freed 1654(107KB) AllocSpace objects, 3(184KB) LOS objects, 22% free, 53MB/69MB, paused 539us total 22.098ms
08-06 03:02:11.976  6718  6731 I art     : Starting a blocking GC Explicit
08-06 03:02:12.001  6718  6731 I art     : Explicit concurrent mark sweep GC freed 3(96B) AllocSpace objects, 0(0B) LOS objects, 22% free, 53MB/69MB, paused 525us total 24.097ms
08-06 03:02:12.010  6718  6731 I art     : Starting a blocking GC Explicit
08-06 03:02:12.034  6718  6731 I art     : Explicit concurrent mark sweep GC freed 3(96B) AllocSpace objects, 0(0B) LOS objects, 22% free, 53MB/69MB, paused 553us total 24.042ms
08-06 03:02:12.335  6718  6730 I art     : Starting a blocking GC Explicit
08-06 03:02:12.371  6718  6730 I art     : Explicit concurrent mark sweep GC freed 1344(78KB) AllocSpace objects, 1(20KB) LOS objects, 22% free, 53MB/69MB, paused 606us total 35.664ms
08-06 03:02:12.385  6718  6730 I art     : Starting a blocking GC Explicit
08-06 03:02:12.414  6718  6730 I art     : Explicit concurrent mark sweep GC freed 20(704B) AllocSpace objects, 0(0B) LOS objects, 22% free, 53MB/69MB, paused 545us total 29.060ms
08-06 03:02:12.424  6718  6730 I art     : Starting a blocking GC Explicit
08-06 03:02:12.449  6718  6730 I art     : Explicit concurrent mark sweep GC freed 3(96B) AllocSpace objects, 0(0B) LOS objects, 22% free, 53MB/69MB, paused 528us total 24.808ms
08-06 03:02:12.458  6718  6730 I art     : Starting a blocking GC Explicit
08-06 03:02:12.482  6718  6730 I art     : Explicit concurrent mark sweep GC freed 3(96B) AllocSpace objects, 0(0B) LOS objects, 22% free, 53MB/69MB, paused 526us total 23.973ms
08-06 03:02:12.491  6718  6730 I art     : Starting a blocking GC Explicit
08-06 03:02:12.516  6718  6730 I art     : Explicit concurrent mark sweep GC freed 3(96B) AllocSpace objects, 0(0B) LOS objects, 22% free, 53MB/69MB, paused 529us total 24.259ms
08-06 03:02:12.806  6718  7849 I art     : Starting a blocking GC Explicit
08-06 03:02:12.835  6718  7849 I art     : Explicit concurrent mark sweep GC freed 1344(78KB) AllocSpace objects, 1(20KB) LOS objects, 22% free, 53MB/69MB, paused 543us total 28.716ms
08-06 03:02:12.844  6718  7849 I art     : Starting a blocking GC Explicit
08-06 03:02:12.869  6718  7849 I art     : Explicit concurrent mark sweep GC freed 20(704B) AllocSpace objects, 0(0B) LOS objects, 22% free, 53MB/69MB, paused 522us total 24.625ms
08-06 03:02:12.878  6718  7849 I art     : Starting a blocking GC Explicit
08-06 03:02:12.901  6718  7849 I art     : Explicit concurrent mark sweep GC freed 3(96B) AllocSpace objects, 0(0B) LOS objects, 22% free, 53MB/69MB, paused 541us total 22.923ms
08-06 03:02:12.910  6718  7849 I art     : Starting a blocking GC Explicit
08-06 03:02:12.933  6718  7849 I art     : Explicit concurrent mark sweep GC freed 3(96B) AllocSpace objects, 0(0B) LOS objects, 22% free, 53MB/69MB, paused 529us total 22.933ms
08-06 03:02:12.942  6718  7849 I art     : Starting a blocking GC Explicit
08-06 03:02:12.965  6718  7849 I art     : Explicit concurrent mark sweep GC freed 3(96B) AllocSpace objects, 0(0B) LOS objects, 22% free, 53MB/69MB, paused 527us total 23.118ms
08-06 03:02:13.210 10553 10553 D AndroidRuntime: >>>>>> START com.android.internal.os.RuntimeInit uid 2000 <<<<<<
08-06 03:02:13.215 10553 10553 D AndroidRuntime: CheckJNI is OFF
08-06 03:02:13.249 10553 10553 D ICU     : No timezone override file found: /data/misc/zoneinfo/current/icu/icu_tzdata.dat
08-06 03:02:13.258  6718  6747 I art     : Starting a blocking GC Explicit
08-06 03:02:13.283  6718  6747 I art     : Explicit concurrent mark sweep GC freed 1344(78KB) AllocSpace objects, 1(20KB) LOS objects, 22% free, 53MB/69MB, paused 614us total 24.554ms
08-06 03:02:13.284 10553 10553 I Radio-JNI: register_android_hardware_Radio DONE
08-06 03:02:13.292  6718  6747 I art     : Starting a blocking GC Explicit
08-06 03:02:13.308 10553 10553 D AndroidRuntime: Calling main entry com.android.commands.input.Input
08-06 03:02:13.309 10553 10553 I Input   : injectKeyEvent: KeyEvent { action=ACTION_DOWN, keyCode=KEYCODE_BACK, scanCode=0, metaState=0, flags=0x0, repeatCount=0, eventTime=846149722, downTime=846149722, deviceId=-1, source=0x101 }
08-06 03:02:13.315  6718  6747 I art     : Explicit concurrent mark sweep GC freed 20(704B) AllocSpace objects, 0(0B) LOS objects, 22% free, 53MB/69MB, paused 539us total 22.642ms
08-06 03:02:13.315  6718  6729 I art     : WaitForGcToComplete blocked for 13.298ms for cause HeapTrim
08-06 03:02:13.316 10553 10553 I Input   : injectKeyEvent: KeyEvent { action=ACTION_UP, keyCode=KEYCODE_BACK, scanCode=0, metaState=0, flags=0x0, repeatCount=0, eventTime=846149722, downTime=846149722, deviceId=-1, source=0x101 }
08-06 03:02:13.323 10553 10553 D AndroidRuntime: Shutting down VM
08-06 03:02:13.324  6718  6747 I art     : Starting a blocking GC Explicit
08-06 03:02:13.346  6718  6747 I art     : Explicit concurrent mark sweep GC freed 150(6KB) AllocSpace objects, 0(0B) LOS objects, 22% free, 53MB/69MB, paused 500us total 21.697ms
08-06 03:02:13.354  6718  6747 I art     : Starting a blocking GC Explicit
08-06 03:02:13.357 13866 13866 I GoogleInputMethodServic: GoogleInputMethodService.onFinishInput():3138 
08-06 03:02:13.357 13866 13866 I GoogleInputMethodServic: GoogleInputMethodService.onStartInput():1808 
08-06 03:02:13.378  6718  6747 I art     : Explicit concurrent mark sweep GC freed 61(2128B) AllocSpace objects, 0(0B) LOS objects, 22% free, 53MB/69MB, paused 642us total 23.689ms
08-06 03:02:13.387  6718  6747 I art     : Starting a blocking GC Explicit
08-06 03:02:13.409  6718  6747 I art     : Explicit concurrent mark sweep GC freed 11(416B) AllocSpace objects, 0(0B) LOS objects, 22% free, 53MB/69MB, paused 483us total 21.161ms
08-06 03:02:13.685  6718  6747 I art     : Starting a blocking GC Explicit
08-06 03:02:13.709  6718  6747 I art     : Explicit concurrent mark sweep GC freed 2977(154KB) AllocSpace objects, 1(20KB) LOS objects, 22% free, 53MB/69MB, paused 686us total 23.706ms
08-06 03:02:13.717  6718  6747 I art     : Starting a blocking GC Explicit
08-06 03:02:13.741  6718  6747 I art     : Explicit concurrent mark sweep GC freed 2858(181KB) AllocSpace objects, 2(140KB) LOS objects, 23% free, 53MB/69MB, paused 540us total 23.097ms
08-06 03:02:13.749  6718  6747 I art     : Starting a blocking GC Explicit
08-06 03:02:13.772  6718  6747 I art     : Explicit concurrent mark sweep GC freed 3(96B) AllocSpace objects, 0(0B) LOS objects, 23% free, 53MB/69MB, paused 542us total 22.231ms
08-06 03:02:13.781  6718  6747 I art     : Starting a blocking GC Explicit
08-06 03:02:13.803  6718  6747 I art     : Explicit concurrent mark sweep GC freed 3(96B) AllocSpace objects, 0(0B) LOS objects, 23% free, 53MB/69MB, paused 551us total 22.252ms
08-06 03:02:13.812  6718  6747 I art     : Starting a blocking GC Explicit
08-06 03:02:13.835  6718  6747 I art     : Explicit concurrent mark sweep GC freed 3(96B) AllocSpace objects, 0(0B) LOS objects, 23% free, 53MB/69MB, paused 547us total 22.907ms
08-06 03:02:14.089  6718  6747 I art     : Starting a blocking GC Explicit
08-06 03:02:14.118  6718  6747 I art     : Explicit concurrent mark sweep GC freed 1344(78KB) AllocSpace objects, 1(20KB) LOS objects, 23% free, 53MB/69MB, paused 754us total 28.175ms
08-06 03:02:14.130  6718  6747 I art     : Starting a blocking GC Explicit
08-06 03:02:14.153  6718  6747 I art     : Explicit concurrent mark sweep GC freed 32(1152B) AllocSpace objects, 0(0B) LOS objects, 23% free, 53MB/69MB, paused 559us total 23.151ms
08-06 03:02:14.162  6718  6747 I art     : Starting a blocking GC Explicit
08-06 03:02:14.185  6718  6747 I art     : Explicit concurrent mark sweep GC freed 3(96B) AllocSpace objects, 0(0B) LOS objects, 23% free, 53MB/69MB, paused 548us total 22.919ms
08-06 03:02:14.195  6718  6747 I art     : Starting a blocking GC Explicit
08-06 03:02:14.218  6718  6747 I art     : Explicit concurrent mark sweep GC freed 3(96B) AllocSpace objects, 0(0B) LOS objects, 23% free, 53MB/69MB, paused 558us total 23.600ms
08-06 03:02:14.228  6718  6747 I art     : Starting a blocking GC Explicit
08-06 03:02:14.251  6718  6747 I art     : Explicit concurrent mark sweep GC freed 3(96B) AllocSpace objects, 0(0B) LOS objects, 23% free, 53MB/69MB, paused 551us total 23.099ms
08-06 03:02:14.544  6718  6731 I art     : Starting a blocking GC Explicit
08-06 03:02:14.576  6718  6731 I art     : Explicit concurrent mark sweep GC freed 1341(78KB) AllocSpace objects, 1(20KB) LOS objects, 23% free, 53MB/69MB, paused 668us total 31.706ms
08-06 03:02:14.589  6718  6731 I art     : Starting a blocking GC Explicit
08-06 03:02:14.610  6718  6731 I art     : Explicit concurrent mark sweep GC freed 20(704B) AllocSpace objects, 0(0B) LOS objects, 23% free, 53MB/69MB, paused 562us total 21.380ms
08-06 03:02:14.611   918  3261 D WifiStateMachine: starting scan for "H369AA63323"WPA_PSK with 2412,5180
08-06 03:02:14.619  6718  6731 I art     : Starting a blocking GC Explicit
08-06 03:02:14.641  6718  6731 I art     : Explicit concurrent mark sweep GC freed 3(96B) AllocSpace objects, 0(0B) LOS objects, 23% free, 53MB/69MB, paused 574us total 21.816ms
08-06 03:02:14.649  6718  6731 I art     : Starting a blocking GC Explicit
08-06 03:02:14.671  6718  6731 I art     : Explicit concurrent mark sweep GC freed 3(96B) AllocSpace objects, 0(0B) LOS objects, 23% free, 53MB/69MB, paused 569us total 21.736ms
08-06 03:02:14.680  6718  6731 I art     : Starting a blocking GC Explicit
08-06 03:02:14.702  6718  6731 I art     : Explicit concurrent mark sweep GC freed 3(96B) AllocSpace objects, 0(0B) LOS objects, 23% free, 53MB/69MB, paused 565us total 21.697ms
08-06 03:02:14.811   518   646 I ThermalEngine: ACTION: GPU - Setting GPU[0] to 450000000
08-06 03:02:15.002  6718  7194 I art     : Starting a blocking GC Explicit
08-06 03:02:15.032  6718  7194 I art     : Explicit concurrent mark sweep GC freed 1341(78KB) AllocSpace objects, 1(20KB) LOS objects, 23% free, 53MB/69MB, paused 752us total 29.397ms
08-06 03:02:15.043  6718  7194 I art     : Starting a blocking GC Explicit
08-06 03:02:15.060 10607 10607 D AndroidRuntime: >>>>>> START com.android.internal.os.RuntimeInit uid 2000 <<<<<<
08-06 03:02:15.066 10607 10607 D AndroidRuntime: CheckJNI is OFF
08-06 03:02:15.072  6718  7194 I art     : Explicit concurrent mark sweep GC freed 20(704B) AllocSpace objects, 0(0B) LOS objects, 23% free, 53MB/69MB, paused 806us total 28.912ms
08-06 03:02:15.084  6718  7194 I art     : Starting a blocking GC Explicit
08-06 03:02:15.111  6718  7194 I art     : Explicit concurrent mark sweep GC freed 3(96B) AllocSpace objects, 0(0B) LOS objects, 23% free, 53MB/69MB, paused 725us total 26.909ms
08-06 03:02:15.111 10607 10607 D ICU     : No timezone override file found: /data/misc/zoneinfo/current/icu/icu_tzdata.dat
08-06 03:02:15.122  6718  7194 I art     : Starting a blocking GC Explicit
08-06 03:02:15.151  6718  7194 I art     : Explicit concurrent mark sweep GC freed 3(96B) AllocSpace objects, 0(0B) LOS objects, 23% free, 53MB/69MB, paused 764us total 28.049ms
08-06 03:02:15.157 10607 10607 I Radio-JNI: register_android_hardware_Radio DONE
08-06 03:02:15.162  6718  7194 I art     : Starting a blocking GC Explicit
08-06 03:02:15.187 10607 10607 D AndroidRuntime: Calling main entry com.android.commands.input.Input
08-06 03:02:15.189 10607 10607 I Input   : injectMotionEvent: MotionEvent { action=ACTION_DOWN, actionButton=0, id[0]=0, x[0]=1084.0, y[0]=2213.0, toolType[0]=TOOL_TYPE_UNKNOWN, buttonState=0, metaState=0, flags=0x0, edgeFlags=0x0, pointerCount=1, historySize=0, eventTime=846151601, downTime=846151601, deviceId=0, source=0x1002 }
08-06 03:02:15.191  6718  7194 I art     : Explicit concurrent mark sweep GC freed 3(96B) AllocSpace objects, 0(0B) LOS objects, 23% free, 53MB/69MB, paused 781us total 29.140ms
08-06 03:02:15.195 10607 10607 I Input   : injectMotionEvent: MotionEvent { action=ACTION_UP, actionButton=0, id[0]=0, x[0]=1084.0, y[0]=2213.0, toolType[0]=TOOL_TYPE_UNKNOWN, buttonState=0, metaState=0, flags=0x0, edgeFlags=0x0, pointerCount=1, historySize=0, eventTime=846151601, downTime=846151601, deviceId=0, source=0x1002 }
08-06 03:02:15.196   918   929 I ActivityManager: START u0 {cmp=baseline.appteam.nith.hillffair/.activities.EventActivity} from uid 10697 on display 0
08-06 03:02:15.205 10607 10607 D AndroidRuntime: Shutting down VM
08-06 03:02:15.291  6718  6718 I NAPPA_EXPERIMENTATION: MetricNetworkRequestExecutionTime: REQUEST_DURATION_SYSTEM='57',REQUEST_DURATION_OKHTTP='34',REQUEST_SYNCHRONOUS='FALSE',RESPONSE_CODE='200',RESPONSE_METHOD='GET',RESPONSE_LENGTH_OKHTTP='1870',RESPONSE_LENGTH_HEADER='-2',REQUEST_PROTOCOL='http/1.1',REQUEST_URL='https://api-hillfair-2k16.herokuapp.com/api/app/club',
08-06 03:02:15.292 13866 13866 I GoogleInputMethodServic: GoogleInputMethodService.onFinishInput():3138 
08-06 03:02:15.292 13866 13866 I GoogleInputMethodServic: GoogleInputMethodService.onStartInput():1808 
08-06 03:02:15.348   918   936 I ActivityManager: Displayed baseline.appteam.nith.hillffair/.activities.EventActivity: +144ms
08-06 03:02:15.486  6718  6747 I art     : Starting a blocking GC Explicit
08-06 03:02:15.520  6718  6747 I art     : Explicit concurrent mark sweep GC freed 7536(494KB) AllocSpace objects, 1(20KB) LOS objects, 23% free, 53MB/69MB, paused 957us total 34.142ms
08-06 03:02:15.533  6718  6747 I art     : Starting a blocking GC Explicit
08-06 03:02:15.563  6718  6747 I art     : Explicit concurrent mark sweep GC freed 346(14KB) AllocSpace objects, 0(0B) LOS objects, 23% free, 53MB/69MB, paused 704us total 29.891ms
08-06 03:02:15.576  6718  6747 I art     : Starting a blocking GC Explicit
08-06 03:02:15.601   380   380 W SurfaceFlinger: couldn't log to binary event log: overflow.
08-06 03:02:15.607  6718  6747 I art     : Explicit concurrent mark sweep GC freed 3(96B) AllocSpace objects, 0(0B) LOS objects, 23% free, 53MB/69MB, paused 818us total 31.537ms
08-06 03:02:15.620  6718  6747 I art     : Starting a blocking GC Explicit
08-06 03:02:15.645  6718  6747 I art     : Explicit concurrent mark sweep GC freed 3(96B) AllocSpace objects, 0(0B) LOS objects, 23% free, 53MB/69MB, paused 658us total 24.782ms
08-06 03:02:15.655  6718  6747 I art     : Starting a blocking GC Explicit
08-06 03:02:15.681  6718  6747 I art     : Explicit concurrent mark sweep GC freed 3(96B) AllocSpace objects, 0(0B) LOS objects, 23% free, 53MB/69MB, paused 705us total 25.201ms
08-06 03:02:15.990  6718  6731 I art     : Starting a blocking GC Explicit
08-06 03:02:16.023  6718  6731 I art     : Explicit concurrent mark sweep GC freed 1414(83KB) AllocSpace objects, 1(20KB) LOS objects, 23% free, 53MB/69MB, paused 760us total 32.915ms
08-06 03:02:16.034  6718  6731 I art     : Starting a blocking GC Explicit
08-06 03:02:16.064  6718  6731 I art     : Explicit concurrent mark sweep GC freed 20(704B) AllocSpace objects, 0(0B) LOS objects, 23% free, 53MB/69MB, paused 765us total 29.611ms
08-06 03:02:16.076  6718  6731 I art     : Starting a blocking GC Explicit
08-06 03:02:16.106  6718  6731 I art     : Explicit concurrent mark sweep GC freed 3(96B) AllocSpace objects, 0(0B) LOS objects, 23% free, 53MB/69MB, paused 832us total 29.796ms
08-06 03:02:16.118  6718  6731 I art     : Starting a blocking GC Explicit
08-06 03:02:16.148  6718  6731 I art     : Explicit concurrent mark sweep GC freed 3(96B) AllocSpace objects, 0(0B) LOS objects, 23% free, 53MB/69MB, paused 775us total 30.329ms
08-06 03:02:16.160  6718  6731 I art     : Starting a blocking GC Explicit
08-06 03:02:16.190  6718  6731 I art     : Explicit concurrent mark sweep GC freed 3(96B) AllocSpace objects, 0(0B) LOS objects, 23% free, 53MB/69MB, paused 750us total 29.832ms
08-06 03:02:16.510  6718  6747 I art     : Starting a blocking GC Explicit
08-06 03:02:16.542  6718  6747 I art     : Explicit concurrent mark sweep GC freed 1344(78KB) AllocSpace objects, 1(20KB) LOS objects, 23% free, 53MB/69MB, paused 725us total 31.849ms
08-06 03:02:16.553  6718  6747 I art     : Starting a blocking GC Explicit
08-06 03:02:16.584  6718  6747 I art     : Explicit concurrent mark sweep GC freed 20(704B) AllocSpace objects, 0(0B) LOS objects, 23% free, 53MB/69MB, paused 734us total 30.130ms
08-06 03:02:16.595  6718  6747 I art     : Starting a blocking GC Explicit
08-06 03:02:16.626  6718  6747 I art     : Explicit concurrent mark sweep GC freed 3(96B) AllocSpace objects, 0(0B) LOS objects, 23% free, 53MB/69MB, paused 746us total 30.211ms
08-06 03:02:16.638  6718  6747 I art     : Starting a blocking GC Explicit
08-06 03:02:16.668  6718  6747 I art     : Explicit concurrent mark sweep GC freed 3(96B) AllocSpace objects, 0(0B) LOS objects, 23% free, 53MB/69MB, paused 781us total 30.259ms
08-06 03:02:16.680  6718  6747 I art     : Starting a blocking GC Explicit
08-06 03:02:16.710  6718  6747 I art     : Explicit concurrent mark sweep GC freed 3(96B) AllocSpace objects, 0(0B) LOS objects, 23% free, 53MB/69MB, paused 832us total 29.753ms
08-06 03:02:17.072  6718  6730 I art     : Starting a blocking GC Explicit
08-06 03:02:17.109  6718  6730 I art     : Explicit concurrent mark sweep GC freed 1344(78KB) AllocSpace objects, 1(20KB) LOS objects, 23% free, 53MB/69MB, paused 769us total 36.932ms
08-06 03:02:17.124  6718  6730 I art     : Starting a blocking GC Explicit
08-06 03:02:17.157  6718  6730 I art     : Explicit concurrent mark sweep GC freed 20(704B) AllocSpace objects, 0(0B) LOS objects, 23% free, 53MB/69MB, paused 863us total 33.046ms
08-06 03:02:17.169  6718  6730 I art     : Starting a blocking GC Explicit
08-06 03:02:17.202  6718  6730 I art     : Explicit concurrent mark sweep GC freed 3(96B) AllocSpace objects, 0(0B) LOS objects, 23% free, 53MB/69MB, paused 748us total 32.515ms
08-06 03:02:17.214  6718  6730 I art     : Starting a blocking GC Explicit
08-06 03:02:17.245  6718  6730 I art     : Explicit concurrent mark sweep GC freed 3(96B) AllocSpace objects, 0(0B) LOS objects, 23% free, 53MB/69MB, paused 703us total 30.505ms
08-06 03:02:17.257  6718  6730 I art     : Starting a blocking GC Explicit
08-06 03:02:17.290  6718  6730 I art     : Explicit concurrent mark sweep GC freed 3(96B) AllocSpace objects, 0(0B) LOS objects, 23% free, 53MB/69MB, paused 746us total 32.841ms
08-06 03:02:17.630  6718  7849 I art     : Starting a blocking GC Explicit
08-06 03:02:17.671  6718  7849 I art     : Explicit concurrent mark sweep GC freed 1344(78KB) AllocSpace objects, 1(20KB) LOS objects, 23% free, 53MB/69MB, paused 801us total 40.513ms
08-06 03:02:17.685  6718  7849 I art     : Starting a blocking GC Explicit
08-06 03:02:17.717  6718  7849 I art     : Explicit concurrent mark sweep GC freed 20(704B) AllocSpace objects, 0(0B) LOS objects, 23% free, 53MB/69MB, paused 727us total 31.307ms
08-06 03:02:17.728  6718  7849 I art     : Starting a blocking GC Explicit
08-06 03:02:17.761  6718  7849 I art     : Explicit concurrent mark sweep GC freed 3(96B) AllocSpace objects, 0(0B) LOS objects, 23% free, 53MB/69MB, paused 746us total 32.123ms
08-06 03:02:17.773  6718  7849 I art     : Starting a blocking GC Explicit
08-06 03:02:17.806  6718  7849 I art     : Explicit concurrent mark sweep GC freed 3(96B) AllocSpace objects, 0(0B) LOS objects, 23% free, 53MB/69MB, paused 737us total 32.909ms
08-06 03:02:17.818  6718  7849 I art     : Starting a blocking GC Explicit
08-06 03:02:17.850  6718  7849 I art     : Explicit concurrent mark sweep GC freed 3(96B) AllocSpace objects, 0(0B) LOS objects, 23% free, 53MB/69MB, paused 739us total 32.303ms
08-06 03:02:18.207  6718  7194 I art     : Starting a blocking GC Explicit
08-06 03:02:18.244  6718  7194 I art     : Explicit concurrent mark sweep GC freed 1344(78KB) AllocSpace objects, 1(20KB) LOS objects, 23% free, 53MB/69MB, paused 752us total 36.426ms
08-06 03:02:18.256  6718  7194 I art     : Starting a blocking GC Explicit
08-06 03:02:18.289  6718  7194 I art     : Explicit concurrent mark sweep GC freed 20(704B) AllocSpace objects, 0(0B) LOS objects, 23% free, 53MB/69MB, paused 738us total 32.828ms
08-06 03:02:18.301  6718  7194 I art     : Starting a blocking GC Explicit
08-06 03:02:18.334  6718  7194 I art     : Explicit concurrent mark sweep GC freed 3(96B) AllocSpace objects, 0(0B) LOS objects, 23% free, 53MB/69MB, paused 757us total 32.091ms
08-06 03:02:18.346  6718  7194 I art     : Starting a blocking GC Explicit
08-06 03:02:18.378  6718  7194 I art     : Explicit concurrent mark sweep GC freed 3(96B) AllocSpace objects, 0(0B) LOS objects, 23% free, 53MB/69MB, paused 787us total 32.084ms
08-06 03:02:18.378  6718  6729 I art     : WaitForGcToComplete blocked for 31.617ms for cause HeapTrim
08-06 03:02:18.390  6718  7194 I art     : Starting a blocking GC Explicit
08-06 03:02:18.423  6718  7194 I art     : Explicit concurrent mark sweep GC freed 3(96B) AllocSpace objects, 0(0B) LOS objects, 23% free, 53MB/69MB, paused 759us total 32.511ms
08-06 03:02:18.759  6718  6731 I art     : Starting a blocking GC Explicit
08-06 03:02:18.804  6718  6731 I art     : Explicit concurrent mark sweep GC freed 1344(78KB) AllocSpace objects, 1(20KB) LOS objects, 23% free, 53MB/69MB, paused 868us total 44.855ms
08-06 03:02:18.823  6718  6731 I art     : Starting a blocking GC Explicit
08-06 03:02:18.854  6718  6731 I art     : Explicit concurrent mark sweep GC freed 20(704B) AllocSpace objects, 0(0B) LOS objects, 23% free, 53MB/69MB, paused 721us total 30.374ms
08-06 03:02:18.866  6718  6731 I art     : Starting a blocking GC Explicit
08-06 03:02:18.899  6718  6731 I art     : Explicit concurrent mark sweep GC freed 3(96B) AllocSpace objects, 0(0B) LOS objects, 23% free, 53MB/69MB, paused 765us total 33.015ms
08-06 03:02:18.911  6718  6731 I art     : Starting a blocking GC Explicit
08-06 03:02:18.944  6718  6731 I art     : Explicit concurrent mark sweep GC freed 3(96B) AllocSpace objects, 0(0B) LOS objects, 23% free, 53MB/69MB, paused 773us total 32.484ms
08-06 03:02:18.956  6718  6731 I art     : Starting a blocking GC Explicit
08-06 03:02:18.984  6718  6731 I art     : Explicit concurrent mark sweep GC freed 3(96B) AllocSpace objects, 0(0B) LOS objects, 23% free, 53MB/69MB, paused 705us total 28.644ms
08-06 03:02:19.298  6718  6747 I art     : Starting a blocking GC Explicit
08-06 03:02:19.341  6718  6747 I art     : Explicit concurrent mark sweep GC freed 1344(78KB) AllocSpace objects, 1(20KB) LOS objects, 23% free, 53MB/69MB, paused 767us total 42.140ms
08-06 03:02:19.352  6718  6747 I art     : Starting a blocking GC Explicit
08-06 03:02:19.385  6718  6747 I art     : Explicit concurrent mark sweep GC freed 20(704B) AllocSpace objects, 0(0B) LOS objects, 23% free, 53MB/69MB, paused 770us total 32.424ms
08-06 03:02:19.397  6718  6747 I art     : Starting a blocking GC Explicit
08-06 03:02:19.430  6718  6747 I art     : Explicit concurrent mark sweep GC freed 3(96B) AllocSpace objects, 0(0B) LOS objects, 23% free, 53MB/69MB, paused 790us total 32.293ms
08-06 03:02:19.442  6718  6747 I art     : Starting a blocking GC Explicit
08-06 03:02:19.471  6718  6747 I art     : Explicit concurrent mark sweep GC freed 3(96B) AllocSpace objects, 0(0B) LOS objects, 23% free, 53MB/69MB, paused 712us total 29.105ms
08-06 03:02:19.483  6718  6747 I art     : Starting a blocking GC Explicit
08-06 03:02:19.511  6718  6747 I art     : Explicit concurrent mark sweep GC freed 3(96B) AllocSpace objects, 0(0B) LOS objects, 23% free, 53MB/69MB, paused 745us total 28.093ms
08-06 03:02:19.811  6718  6730 I art     : Starting a blocking GC Explicit
08-06 03:02:19.816   518   646 I ThermalEngine: ACTION: GPU - Setting GPU[0] to 510000000
08-06 03:02:19.844  6718  6730 I art     : Explicit concurrent mark sweep GC freed 1344(78KB) AllocSpace objects, 1(20KB) LOS objects, 23% free, 53MB/69MB, paused 723us total 31.944ms
08-06 03:02:19.855  6718  6730 I art     : Starting a blocking GC Explicit
08-06 03:02:19.880  6718  6730 I art     : Explicit concurrent mark sweep GC freed 20(704B) AllocSpace objects, 0(0B) LOS objects, 23% free, 53MB/69MB, paused 566us total 24.645ms
08-06 03:02:19.889  6718  6730 I art     : Starting a blocking GC Explicit
08-06 03:02:19.912  6718  6730 I art     : Explicit concurrent mark sweep GC freed 3(96B) AllocSpace objects, 0(0B) LOS objects, 23% free, 53MB/69MB, paused 553us total 23.077ms
08-06 03:02:19.921  6718  6730 I art     : Starting a blocking GC Explicit
08-06 03:02:19.944  6718  6730 I art     : Explicit concurrent mark sweep GC freed 3(96B) AllocSpace objects, 0(0B) LOS objects, 23% free, 53MB/69MB, paused 547us total 22.522ms
08-06 03:02:19.953  6718  6730 I art     : Starting a blocking GC Explicit
08-06 03:02:19.975  6718  6730 I art     : Explicit concurrent mark sweep GC freed 3(96B) AllocSpace objects, 0(0B) LOS objects, 23% free, 53MB/69MB, paused 569us total 22.585ms
08-06 03:02:19.981 10711 10711 D AndroidRuntime: >>>>>> START com.android.internal.os.RuntimeInit uid 2000 <<<<<<
08-06 03:02:19.986 10711 10711 D AndroidRuntime: CheckJNI is OFF
08-06 03:02:20.019 10711 10711 D ICU     : No timezone override file found: /data/misc/zoneinfo/current/icu/icu_tzdata.dat
08-06 03:02:20.050 10711 10711 I Radio-JNI: register_android_hardware_Radio DONE
08-06 03:02:20.072 10711 10711 D AndroidRuntime: Calling main entry com.android.commands.input.Input
08-06 03:02:20.074 10711 10711 I Input   : injectMotionEvent: MotionEvent { action=ACTION_DOWN, actionButton=0, id[0]=0, x[0]=255.0, y[0]=1845.0, toolType[0]=TOOL_TYPE_UNKNOWN, buttonState=0, metaState=0, flags=0x0, edgeFlags=0x0, pointerCount=1, historySize=0, eventTime=846156487, downTime=846156487, deviceId=0, source=0x1002 }
08-06 03:02:20.080 10711 10711 I Input   : injectMotionEvent: MotionEvent { action=ACTION_UP, actionButton=0, id[0]=0, x[0]=255.0, y[0]=1845.0, toolType[0]=TOOL_TYPE_UNKNOWN, buttonState=0, metaState=0, flags=0x0, edgeFlags=0x0, pointerCount=1, historySize=0, eventTime=846156487, downTime=846156487, deviceId=0, source=0x1002 }
08-06 03:02:20.081   918  5481 I ActivityManager: START u0 {cmp=baseline.appteam.nith.hillffair/.activities.ClubActivity (has extras)} from uid 10697 on display 0
08-06 03:02:20.089 10711 10711 D AndroidRuntime: Shutting down VM
08-06 03:02:20.178  6718  6718 I NAPPA_EXPERIMENTATION: MetricNetworkRequestExecutionTime: REQUEST_DURATION_SYSTEM='64',REQUEST_DURATION_OKHTTP='33',REQUEST_SYNCHRONOUS='FALSE',RESPONSE_CODE='200',RESPONSE_METHOD='GET',RESPONSE_LENGTH_OKHTTP='1171',RESPONSE_LENGTH_HEADER='-2',REQUEST_PROTOCOL='http/1.1',REQUEST_URL='https://api-hillfair-2k16.herokuapp.com/api/app/club/Technical%20Committee',
08-06 03:02:20.184   918   936 I ActivityManager: Displayed baseline.appteam.nith.hillffair/.activities.ClubActivity: +94ms
08-06 03:02:20.184 13866 13866 I GoogleInputMethodServic: GoogleInputMethodService.onFinishInput():3138 
08-06 03:02:20.185 13866 13866 I GoogleInputMethodServic: GoogleInputMethodService.onStartInput():1808 
08-06 03:02:20.225  6718  7194 I art     : Starting a blocking GC Explicit
08-06 03:02:20.247  6718  7194 I art     : Explicit concurrent mark sweep GC freed 5748(415KB) AllocSpace objects, 1(20KB) LOS objects, 22% free, 53MB/69MB, paused 517us total 21.904ms
08-06 03:02:20.255  6718  7194 I art     : Starting a blocking GC Explicit
08-06 03:02:20.278  6718  7194 I art     : Explicit concurrent mark sweep GC freed 282(12KB) AllocSpace objects, 0(0B) LOS objects, 22% free, 53MB/69MB, paused 499us total 23.179ms
08-06 03:02:20.287  6718  7194 I art     : Starting a blocking GC Explicit
08-06 03:02:20.312  6718  7194 I art     : Explicit concurrent mark sweep GC freed 3(96B) AllocSpace objects, 0(0B) LOS objects, 22% free, 53MB/69MB, paused 591us total 24.829ms
08-06 03:02:20.322  6718  7194 I art     : Starting a blocking GC Explicit
08-06 03:02:20.350  6718  7194 I art     : Explicit concurrent mark sweep GC freed 3(96B) AllocSpace objects, 0(0B) LOS objects, 22% free, 53MB/69MB, paused 532us total 27.787ms
08-06 03:02:20.361  6718  7194 I art     : Starting a blocking GC Explicit
08-06 03:02:20.389  6718  7194 I art     : Explicit concurrent mark sweep GC freed 3(96B) AllocSpace objects, 0(0B) LOS objects, 22% free, 53MB/69MB, paused 556us total 27.603ms
08-06 03:02:20.440   380   380 W SurfaceFlinger: couldn't log to binary event log: overflow.
08-06 03:02:20.549  6516  6516 I ServiceManager: Waiting for service AtCmdFwd...
08-06 03:02:20.644  6718  7194 I art     : Starting a blocking GC Explicit
08-06 03:02:20.667  6718  7194 I art     : Explicit concurrent mark sweep GC freed 1449(84KB) AllocSpace objects, 1(20KB) LOS objects, 22% free, 53MB/69MB, paused 598us total 22.824ms
08-06 03:02:20.675  6718  7194 I art     : Starting a blocking GC Explicit
08-06 03:02:20.700  6718  7194 I art     : Explicit concurrent mark sweep GC freed 36(1264B) AllocSpace objects, 0(0B) LOS objects, 22% free, 53MB/69MB, paused 553us total 24.195ms
08-06 03:02:20.709  6718  7194 I art     : Starting a blocking GC Explicit
08-06 03:02:20.733  6718  7194 I art     : Explicit concurrent mark sweep GC freed 3(96B) AllocSpace objects, 0(0B) LOS objects, 22% free, 53MB/69MB, paused 571us total 24.071ms
08-06 03:02:20.742  6718  7194 I art     : Starting a blocking GC Explicit
08-06 03:02:20.768  6718  7194 I art     : Explicit concurrent mark sweep GC freed 3(96B) AllocSpace objects, 0(0B) LOS objects, 22% free, 53MB/69MB, paused 607us total 25.116ms
08-06 03:02:20.777  6718  7194 I art     : Starting a blocking GC Explicit
08-06 03:02:20.802  6718  7194 I art     : Explicit concurrent mark sweep GC freed 3(96B) AllocSpace objects, 0(0B) LOS objects, 22% free, 53MB/69MB, paused 548us total 24.560ms
08-06 03:02:20.820   518   646 I ThermalEngine: ACTION: GPU - Setting GPU[0] to 450000000
08-06 03:02:21.108  6718  7849 I art     : Starting a blocking GC Explicit
08-06 03:02:21.145  6718  7849 I art     : Explicit concurrent mark sweep GC freed 1344(78KB) AllocSpace objects, 1(20KB) LOS objects, 22% free, 53MB/69MB, paused 809us total 37.075ms
08-06 03:02:21.159  6718  7849 I art     : Starting a blocking GC Explicit
08-06 03:02:21.191  6718  7849 I art     : Explicit concurrent mark sweep GC freed 20(704B) AllocSpace objects, 0(0B) LOS objects, 22% free, 53MB/69MB, paused 784us total 30.947ms
08-06 03:02:21.202  6718  7849 I art     : Starting a blocking GC Explicit
08-06 03:02:21.234  6718  7849 I art     : Explicit concurrent mark sweep GC freed 3(96B) AllocSpace objects, 0(0B) LOS objects, 22% free, 53MB/69MB, paused 837us total 30.923ms
08-06 03:02:21.245  6718  7849 I art     : Starting a blocking GC Explicit
08-06 03:02:21.277  6718  7849 I art     : Explicit concurrent mark sweep GC freed 3(96B) AllocSpace objects, 0(0B) LOS objects, 22% free, 53MB/69MB, paused 758us total 31.221ms
08-06 03:02:21.289  6718  7849 I art     : Starting a blocking GC Explicit
08-06 03:02:21.320  6718  7849 I art     : Explicit concurrent mark sweep GC freed 3(96B) AllocSpace objects, 0(0B) LOS objects, 22% free, 53MB/69MB, paused 763us total 30.807ms
08-06 03:02:21.549  6516  6516 I ServiceManager: Waiting for service AtCmdFwd...
08-06 03:02:21.640  6718  6747 I art     : Starting a blocking GC Explicit
08-06 03:02:21.676  6718  6747 I art     : Explicit concurrent mark sweep GC freed 1344(78KB) AllocSpace objects, 1(20KB) LOS objects, 22% free, 53MB/69MB, paused 821us total 36.059ms
08-06 03:02:21.689  6718  6747 I art     : Starting a blocking GC Explicit
08-06 03:02:21.720  6718  6747 I art     : Explicit concurrent mark sweep GC freed 20(704B) AllocSpace objects, 0(0B) LOS objects, 22% free, 53MB/69MB, paused 761us total 30.828ms
08-06 03:02:21.731  6718  6747 I art     : Starting a blocking GC Explicit
08-06 03:02:21.762  6718  6747 I art     : Explicit concurrent mark sweep GC freed 3(96B) AllocSpace objects, 0(0B) LOS objects, 22% free, 53MB/69MB, paused 772us total 30.349ms
08-06 03:02:21.774  6718  6747 I art     : Starting a blocking GC Explicit
08-06 03:02:21.805  6718  6747 I art     : Explicit concurrent mark sweep GC freed 3(96B) AllocSpace objects, 0(0B) LOS objects, 22% free, 53MB/69MB, paused 770us total 30.785ms
08-06 03:02:21.817  6718  6747 I art     : Starting a blocking GC Explicit
08-06 03:02:21.851  6718  6747 I art     : Explicit concurrent mark sweep GC freed 3(96B) AllocSpace objects, 0(0B) LOS objects, 22% free, 53MB/69MB, paused 800us total 33.745ms
08-06 03:02:22.180  6718  6731 I art     : Starting a blocking GC Explicit
08-06 03:02:22.224  6718  6731 I art     : Explicit concurrent mark sweep GC freed 1344(78KB) AllocSpace objects, 1(20KB) LOS objects, 22% free, 53MB/69MB, paused 803us total 44.082ms
08-06 03:02:22.240  6718  6731 I art     : Starting a blocking GC Explicit
08-06 03:02:22.272  6718  6731 I art     : Explicit concurrent mark sweep GC freed 20(704B) AllocSpace objects, 0(0B) LOS objects, 22% free, 53MB/69MB, paused 781us total 31.624ms
08-06 03:02:22.284  6718  6731 I art     : Starting a blocking GC Explicit
08-06 03:02:22.318  6718  6731 I art     : Explicit concurrent mark sweep GC freed 3(96B) AllocSpace objects, 0(0B) LOS objects, 22% free, 53MB/69MB, paused 900us total 33.896ms
08-06 03:02:22.330  6718  6731 I art     : Starting a blocking GC Explicit
08-06 03:02:22.364  6718  6731 I art     : Explicit concurrent mark sweep GC freed 3(96B) AllocSpace objects, 0(0B) LOS objects, 22% free, 53MB/69MB, paused 752us total 33.820ms
08-06 03:02:22.376  6718  6731 I art     : Starting a blocking GC Explicit
08-06 03:02:22.410  6718  6731 I art     : Explicit concurrent mark sweep GC freed 3(96B) AllocSpace objects, 0(0B) LOS objects, 22% free, 53MB/69MB, paused 793us total 33.503ms
08-06 03:02:22.550  6516  6516 I ServiceManager: Waiting for service AtCmdFwd...
08-06 03:02:22.740  6718  6730 I art     : Starting a blocking GC Explicit
08-06 03:02:22.776  6718  6730 I art     : Explicit concurrent mark sweep GC freed 1344(78KB) AllocSpace objects, 1(20KB) LOS objects, 22% free, 53MB/69MB, paused 783us total 35.366ms
08-06 03:02:22.788  6718  6730 I art     : Starting a blocking GC Explicit
08-06 03:02:22.822  6718  6730 I art     : Explicit concurrent mark sweep GC freed 20(704B) AllocSpace objects, 0(0B) LOS objects, 22% free, 53MB/69MB, paused 767us total 33.949ms
08-06 03:02:22.835  6718  6730 I art     : Starting a blocking GC Explicit
08-06 03:02:22.869  6718  6730 I art     : Explicit concurrent mark sweep GC freed 3(96B) AllocSpace objects, 0(0B) LOS objects, 22% free, 53MB/69MB, paused 778us total 34.271ms
08-06 03:02:22.881  6718  6730 I art     : Starting a blocking GC Explicit
08-06 03:02:22.914  6718  6730 I art     : Explicit concurrent mark sweep GC freed 3(96B) AllocSpace objects, 0(0B) LOS objects, 22% free, 53MB/69MB, paused 763us total 33.011ms
08-06 03:02:22.927  6718  6730 I art     : Starting a blocking GC Explicit
08-06 03:02:22.960  6718  6730 I art     : Explicit concurrent mark sweep GC freed 24(1104B) AllocSpace objects, 0(0B) LOS objects, 22% free, 53MB/69MB, paused 751us total 33.300ms
08-06 03:02:23.297  6718  7194 I art     : Starting a blocking GC Explicit
08-06 03:02:23.338  6718  7194 I art     : Explicit concurrent mark sweep GC freed 1360(78KB) AllocSpace objects, 1(20KB) LOS objects, 22% free, 53MB/69MB, paused 972us total 40.678ms
08-06 03:02:23.354  6718  7194 I art     : Starting a blocking GC Explicit
08-06 03:02:23.387  6718  7194 I art     : Explicit concurrent mark sweep GC freed 20(704B) AllocSpace objects, 0(0B) LOS objects, 22% free, 53MB/69MB, paused 746us total 32.863ms
08-06 03:02:23.399  6718  7194 I art     : Starting a blocking GC Explicit
08-06 03:02:23.433  6718  7194 I art     : Explicit concurrent mark sweep GC freed 3(96B) AllocSpace objects, 0(0B) LOS objects, 22% free, 53MB/69MB, paused 747us total 33.681ms
08-06 03:02:23.433  6718  6729 I art     : WaitForGcToComplete blocked for 9.707ms for cause HeapTrim
08-06 03:02:23.445  6718  7194 I art     : Starting a blocking GC Explicit
08-06 03:02:23.478  6718  7194 I art     : Explicit concurrent mark sweep GC freed 3(96B) AllocSpace objects, 0(0B) LOS objects, 22% free, 53MB/69MB, paused 744us total 32.979ms
08-06 03:02:23.490  6718  7194 I art     : Starting a blocking GC Explicit
08-06 03:02:23.524  6718  7194 I art     : Explicit concurrent mark sweep GC freed 3(96B) AllocSpace objects, 0(0B) LOS objects, 22% free, 53MB/69MB, paused 704us total 33.797ms
08-06 03:02:23.551  6516  6516 I ServiceManager: Waiting for service AtCmdFwd...
08-06 03:02:23.847  6718  7849 I art     : Starting a blocking GC Explicit
08-06 03:02:23.886  6718  7849 I art     : Explicit concurrent mark sweep GC freed 1344(78KB) AllocSpace objects, 1(20KB) LOS objects, 22% free, 53MB/69MB, paused 801us total 38.466ms
08-06 03:02:23.901  6718  7849 I art     : Starting a blocking GC Explicit
08-06 03:02:23.940  6718  7849 I art     : Explicit concurrent mark sweep GC freed 20(704B) AllocSpace objects, 0(0B) LOS objects, 22% free, 53MB/69MB, paused 790us total 38.631ms
08-06 03:02:23.957  6718  7849 I art     : Starting a blocking GC Explicit
08-06 03:02:23.987  6718  7849 I art     : Explicit concurrent mark sweep GC freed 3(96B) AllocSpace objects, 0(0B) LOS objects, 22% free, 53MB/69MB, paused 803us total 29.954ms
08-06 03:02:23.998  6718  7849 I art     : Starting a blocking GC Explicit
08-06 03:02:24.029  6718  7849 I art     : Explicit concurrent mark sweep GC freed 3(96B) AllocSpace objects, 0(0B) LOS objects, 22% free, 53MB/69MB, paused 738us total 29.994ms
08-06 03:02:24.040  6718  7849 I art     : Starting a blocking GC Explicit
08-06 03:02:24.073  6718  7849 I art     : Explicit concurrent mark sweep GC freed 3(96B) AllocSpace objects, 0(0B) LOS objects, 22% free, 53MB/69MB, paused 742us total 32.816ms
08-06 03:02:24.403  6718  6747 I art     : Starting a blocking GC Explicit
08-06 03:02:24.435  6718  6747 I art     : Explicit concurrent mark sweep GC freed 1344(78KB) AllocSpace objects, 1(20KB) LOS objects, 22% free, 53MB/69MB, paused 827us total 32.095ms
08-06 03:02:24.452  6718  6747 I art     : Starting a blocking GC Explicit
08-06 03:02:24.483  6718  6747 I art     : Explicit concurrent mark sweep GC freed 20(704B) AllocSpace objects, 0(0B) LOS objects, 22% free, 53MB/69MB, paused 769us total 30.616ms
08-06 03:02:24.494  6718  6747 I art     : Starting a blocking GC Explicit
08-06 03:02:24.525  6718  6747 I art     : Explicit concurrent mark sweep GC freed 3(96B) AllocSpace objects, 0(0B) LOS objects, 22% free, 53MB/69MB, paused 777us total 30.671ms
08-06 03:02:24.537  6718  6747 I art     : Starting a blocking GC Explicit
08-06 03:02:24.552  6516  6516 I ServiceManager: Waiting for service AtCmdFwd...
08-06 03:02:24.568  6718  6747 I art     : Explicit concurrent mark sweep GC freed 3(96B) AllocSpace objects, 0(0B) LOS objects, 22% free, 53MB/69MB, paused 867us total 30.705ms
08-06 03:02:24.579  6718  6747 I art     : Starting a blocking GC Explicit
08-06 03:02:24.611  6718  6747 I art     : Explicit concurrent mark sweep GC freed 3(96B) AllocSpace objects, 0(0B) LOS objects, 22% free, 53MB/69MB, paused 766us total 31.075ms
08-06 03:02:24.828   518   646 I ThermalEngine: ACTION: GPU - Setting GPU[0] to 510000000
08-06 03:02:24.871 10826 10826 D AndroidRuntime: >>>>>> START com.android.internal.os.RuntimeInit uid 2000 <<<<<<
08-06 03:02:24.877 10826 10826 D AndroidRuntime: CheckJNI is OFF
08-06 03:02:24.912 10826 10826 D ICU     : No timezone override file found: /data/misc/zoneinfo/current/icu/icu_tzdata.dat
08-06 03:02:24.928  6718  6731 I art     : Starting a blocking GC Explicit
08-06 03:02:24.946 10826 10826 I Radio-JNI: register_android_hardware_Radio DONE
08-06 03:02:24.953  6718  6731 I art     : Explicit concurrent mark sweep GC freed 1344(78KB) AllocSpace objects, 1(20KB) LOS objects, 22% free, 53MB/69MB, paused 616us total 24.403ms
08-06 03:02:24.962  6718  6731 I art     : Starting a blocking GC Explicit
08-06 03:02:24.969 10826 10826 D AndroidRuntime: Calling main entry com.android.commands.input.Input
08-06 03:02:24.970 10826 10826 I Input   : injectKeyEvent: KeyEvent { action=ACTION_DOWN, keyCode=KEYCODE_BACK, scanCode=0, metaState=0, flags=0x0, repeatCount=0, eventTime=846161383, downTime=846161383, deviceId=-1, source=0x101 }
08-06 03:02:24.975 10826 10826 I Input   : injectKeyEvent: KeyEvent { action=ACTION_UP, keyCode=KEYCODE_BACK, scanCode=0, metaState=0, flags=0x0, repeatCount=0, eventTime=846161383, downTime=846161383, deviceId=-1, source=0x101 }
08-06 03:02:24.980 10826 10826 D AndroidRuntime: Shutting down VM
08-06 03:02:24.986  6718  6731 I art     : Explicit concurrent mark sweep GC freed 116(5KB) AllocSpace objects, 0(0B) LOS objects, 22% free, 53MB/69MB, paused 718us total 23.326ms
08-06 03:02:24.994  6718  6731 I art     : Starting a blocking GC Explicit
08-06 03:02:25.015  6718  6731 I art     : Explicit concurrent mark sweep GC freed 52(1840B) AllocSpace objects, 0(0B) LOS objects, 22% free, 53MB/69MB, paused 511us total 20.929ms
08-06 03:02:25.024  6718  6731 I art     : Starting a blocking GC Explicit
08-06 03:02:25.027 13866 13866 I GoogleInputMethodServic: GoogleInputMethodService.onFinishInput():3138 
08-06 03:02:25.028 13866 13866 I GoogleInputMethodServic: GoogleInputMethodService.onStartInput():1808 
08-06 03:02:25.046  6718  6731 I art     : Explicit concurrent mark sweep GC freed 38(1376B) AllocSpace objects, 0(0B) LOS objects, 22% free, 53MB/69MB, paused 577us total 21.924ms
08-06 03:02:25.054  6718  6731 I art     : Starting a blocking GC Explicit
08-06 03:02:25.077  6718  6731 I art     : Explicit concurrent mark sweep GC freed 10(368B) AllocSpace objects, 0(0B) LOS objects, 22% free, 53MB/69MB, paused 575us total 22.663ms
08-06 03:02:25.327   380   380 W SurfaceFlinger: couldn't log to binary event log: overflow.
08-06 03:02:25.350  6718  6730 I art     : Starting a blocking GC Explicit
08-06 03:02:25.374  6718  6730 I art     : Explicit concurrent mark sweep GC freed 1454(86KB) AllocSpace objects, 1(20KB) LOS objects, 22% free, 53MB/69MB, paused 554us total 24.561ms
08-06 03:02:25.383  6718  6730 I art     : Starting a blocking GC Explicit
08-06 03:02:25.408  6718  6730 I art     : Explicit concurrent mark sweep GC freed 1670(108KB) AllocSpace objects, 3(180KB) LOS objects, 23% free, 53MB/69MB, paused 585us total 24.345ms
08-06 03:02:25.417  6718  6730 I art     : Starting a blocking GC Explicit
08-06 03:02:25.441  6718  6730 I art     : Explicit concurrent mark sweep GC freed 3(96B) AllocSpace objects, 0(0B) LOS objects, 23% free, 53MB/69MB, paused 548us total 23.854ms
08-06 03:02:25.450  6718  6730 I art     : Starting a blocking GC Explicit
08-06 03:02:25.474  6718  6730 I art     : Explicit concurrent mark sweep GC freed 3(96B) AllocSpace objects, 0(0B) LOS objects, 23% free, 53MB/69MB, paused 534us total 23.911ms
08-06 03:02:25.483  6718  6730 I art     : Starting a blocking GC Explicit
08-06 03:02:25.507  6718  6730 I art     : Explicit concurrent mark sweep GC freed 3(96B) AllocSpace objects, 0(0B) LOS objects, 23% free, 53MB/69MB, paused 642us total 23.656ms
08-06 03:02:25.552  6516  6516 W Atfwd_Sendcmd: AtCmdFwd service not published, waiting... retryCnt : 3
08-06 03:02:25.797  6718  6747 I art     : Starting a blocking GC Explicit
08-06 03:02:25.833  6718  6747 I art     : Explicit concurrent mark sweep GC freed 1344(78KB) AllocSpace objects, 1(20KB) LOS objects, 23% free, 53MB/69MB, paused 679us total 35.107ms
08-06 03:02:25.843  6718  6747 I art     : Starting a blocking GC Explicit
08-06 03:02:25.867  6718  6747 I art     : Explicit concurrent mark sweep GC freed 20(704B) AllocSpace objects, 0(0B) LOS objects, 23% free, 53MB/69MB, paused 613us total 24.495ms
08-06 03:02:25.877  6718  6747 I art     : Starting a blocking GC Explicit
08-06 03:02:25.901  6718  6747 I art     : Explicit concurrent mark sweep GC freed 3(96B) AllocSpace objects, 0(0B) LOS objects, 23% free, 53MB/69MB, paused 569us total 24.319ms
08-06 03:02:25.911  6718  6747 I art     : Starting a blocking GC Explicit
08-06 03:02:25.935  6718  6747 I art     : Explicit concurrent mark sweep GC freed 3(96B) AllocSpace objects, 0(0B) LOS objects, 23% free, 53MB/69MB, paused 570us total 24.135ms
08-06 03:02:25.944  6718  6747 I art     : Starting a blocking GC Explicit
08-06 03:02:25.968  6718  6747 I art     : Explicit concurrent mark sweep GC freed 3(96B) AllocSpace objects, 0(0B) LOS objects, 23% free, 53MB/69MB, paused 588us total 23.911ms
08-06 03:02:26.269  6718  7849 I art     : Starting a blocking GC Explicit
08-06 03:02:26.294  6718  7849 I art     : Explicit concurrent mark sweep GC freed 1344(78KB) AllocSpace objects, 1(20KB) LOS objects, 23% free, 53MB/69MB, paused 577us total 24.262ms
08-06 03:02:26.303  6718  7849 I art     : Starting a blocking GC Explicit
08-06 03:02:26.327  6718  7849 I art     : Explicit concurrent mark sweep GC freed 20(704B) AllocSpace objects, 0(0B) LOS objects, 23% free, 53MB/69MB, paused 559us total 23.292ms
08-06 03:02:26.335  6718  7849 I art     : Starting a blocking GC Explicit
08-06 03:02:26.359  6718  7849 I art     : Explicit concurrent mark sweep GC freed 3(96B) AllocSpace objects, 0(0B) LOS objects, 23% free, 53MB/69MB, paused 624us total 23.199ms
08-06 03:02:26.368  6718  7849 I art     : Starting a blocking GC Explicit
08-06 03:02:26.391  6718  7849 I art     : Explicit concurrent mark sweep GC freed 3(96B) AllocSpace objects, 0(0B) LOS objects, 23% free, 53MB/69MB, paused 560us total 22.425ms
08-06 03:02:26.400  6718  7849 I art     : Starting a blocking GC Explicit
08-06 03:02:26.423  6718  7849 I art     : Explicit concurrent mark sweep GC freed 3(96B) AllocSpace objects, 0(0B) LOS objects, 23% free, 53MB/69MB, paused 544us total 22.651ms
08-06 03:02:26.627 10884 10884 D AndroidRuntime: >>>>>> START com.android.internal.os.RuntimeInit uid 2000 <<<<<<
08-06 03:02:26.632 10884 10884 D AndroidRuntime: CheckJNI is OFF
08-06 03:02:26.664 10884 10884 D ICU     : No timezone override file found: /data/misc/zoneinfo/current/icu/icu_tzdata.dat
08-06 03:02:26.698 10884 10884 I Radio-JNI: register_android_hardware_Radio DONE
08-06 03:02:26.707  6718  7194 I art     : Starting a blocking GC Explicit
08-06 03:02:26.720 10884 10884 D AndroidRuntime: Calling main entry com.android.commands.input.Input
08-06 03:02:26.722 10884 10884 I Input   : injectKeyEvent: KeyEvent { action=ACTION_DOWN, keyCode=KEYCODE_BACK, scanCode=0, metaState=0, flags=0x0, repeatCount=0, eventTime=846163134, downTime=846163134, deviceId=-1, source=0x101 }
08-06 03:02:26.727 10884 10884 I Input   : injectKeyEvent: KeyEvent { action=ACTION_UP, keyCode=KEYCODE_BACK, scanCode=0, metaState=0, flags=0x0, repeatCount=0, eventTime=846163134, downTime=846163134, deviceId=-1, source=0x101 }
08-06 03:02:26.731  6718  7194 I art     : Explicit concurrent mark sweep GC freed 1346(78KB) AllocSpace objects, 1(20KB) LOS objects, 23% free, 53MB/69MB, paused 584us total 23.516ms
08-06 03:02:26.733 10884 10884 D AndroidRuntime: Shutting down VM
08-06 03:02:26.740  6718  7194 I art     : Starting a blocking GC Explicit
08-06 03:02:26.761  6718  7194 I art     : Explicit concurrent mark sweep GC freed 165(7KB) AllocSpace objects, 0(0B) LOS objects, 23% free, 53MB/69MB, paused 527us total 20.751ms
08-06 03:02:26.770  6718  7194 I art     : Starting a blocking GC Explicit
08-06 03:02:26.775 13866 13866 I GoogleInputMethodServic: GoogleInputMethodService.onFinishInput():3138 
08-06 03:02:26.776 13866 13866 I GoogleInputMethodServic: GoogleInputMethodService.onStartInput():1808 
08-06 03:02:26.791  6718  7194 I art     : Explicit concurrent mark sweep GC freed 56(1984B) AllocSpace objects, 0(0B) LOS objects, 23% free, 53MB/69MB, paused 664us total 20.618ms
08-06 03:02:26.800  6718  7194 I art     : Starting a blocking GC Explicit
08-06 03:02:26.821  6718  7194 I art     : Explicit concurrent mark sweep GC freed 16(560B) AllocSpace objects, 0(0B) LOS objects, 23% free, 53MB/69MB, paused 508us total 21.354ms
08-06 03:02:26.829  6718  7194 I art     : Starting a blocking GC Explicit
08-06 03:02:26.849  6718  7194 I art     : Explicit concurrent mark sweep GC freed 3(96B) AllocSpace objects, 0(0B) LOS objects, 23% free, 53MB/69MB, paused 484us total 19.458ms
08-06 03:02:27.115  6718  7194 I art     : Starting a blocking GC Explicit
08-06 03:02:27.139  6718  7194 I art     : Explicit concurrent mark sweep GC freed 2020(110KB) AllocSpace objects, 1(20KB) LOS objects, 23% free, 53MB/69MB, paused 599us total 23.727ms
08-06 03:02:27.148  6718  7194 I art     : Starting a blocking GC Explicit
08-06 03:02:27.171  6718  7194 I art     : Explicit concurrent mark sweep GC freed 2678(174KB) AllocSpace objects, 1(28KB) LOS objects, 23% free, 53MB/69MB, paused 555us total 22.873ms
08-06 03:02:27.180  6718  7194 I art     : Starting a blocking GC Explicit
08-06 03:02:27.203  6718  7194 I art     : Explicit concurrent mark sweep GC freed 3(96B) AllocSpace objects, 0(0B) LOS objects, 23% free, 53MB/69MB, paused 560us total 22.993ms
08-06 03:02:27.212  6718  7194 I art     : Starting a blocking GC Explicit
08-06 03:02:27.235  6718  7194 I art     : Explicit concurrent mark sweep GC freed 3(96B) AllocSpace objects, 0(0B) LOS objects, 23% free, 53MB/69MB, paused 566us total 22.464ms
08-06 03:02:27.244  6718  7194 I art     : Starting a blocking GC Explicit
08-06 03:02:27.267  6718  7194 I art     : Explicit concurrent mark sweep GC freed 3(96B) AllocSpace objects, 0(0B) LOS objects, 23% free, 53MB/69MB, paused 626us total 22.551ms
08-06 03:02:27.563  6718  6731 I art     : Starting a blocking GC Explicit
08-06 03:02:27.599  6718  6731 I art     : Explicit concurrent mark sweep GC freed 1344(78KB) AllocSpace objects, 1(20KB) LOS objects, 23% free, 53MB/69MB, paused 954us total 35.702ms
08-06 03:02:27.613  6718  6731 I art     : Starting a blocking GC Explicit
08-06 03:02:27.638  6718  6731 I art     : Explicit concurrent mark sweep GC freed 20(704B) AllocSpace objects, 0(0B) LOS objects, 23% free, 53MB/69MB, paused 577us total 24.369ms
08-06 03:02:27.647  6718  6731 I art     : Starting a blocking GC Explicit
08-06 03:02:27.670  6718  6731 I art     : Explicit concurrent mark sweep GC freed 3(96B) AllocSpace objects, 0(0B) LOS objects, 23% free, 53MB/69MB, paused 568us total 22.853ms
08-06 03:02:27.679  6718  6731 I art     : Starting a blocking GC Explicit
08-06 03:02:27.703  6718  6731 I art     : Explicit concurrent mark sweep GC freed 3(96B) AllocSpace objects, 0(0B) LOS objects, 23% free, 53MB/69MB, paused 569us total 23.254ms
08-06 03:02:27.712  6718  6731 I art     : Starting a blocking GC Explicit
08-06 03:02:27.735  6718  6731 I art     : Explicit concurrent mark sweep GC freed 3(96B) AllocSpace objects, 0(0B) LOS objects, 23% free, 53MB/69MB, paused 530us total 23.060ms
08-06 03:02:27.834   518   646 I ThermalEngine: ACTION: GPU - Setting GPU[0] to 450000000
08-06 03:02:28.034  6718  6730 I art     : Starting a blocking GC Explicit
08-06 03:02:28.063  6718  6730 I art     : Explicit concurrent mark sweep GC freed 1341(78KB) AllocSpace objects, 1(20KB) LOS objects, 23% free, 53MB/69MB, paused 755us total 28.618ms
08-06 03:02:28.075  6718  6730 I art     : Starting a blocking GC Explicit
08-06 03:02:28.103  6718  6730 I art     : Explicit concurrent mark sweep GC freed 20(704B) AllocSpace objects, 0(0B) LOS objects, 23% free, 53MB/69MB, paused 770us total 28.120ms
08-06 03:02:28.114  6718  6730 I art     : Starting a blocking GC Explicit
08-06 03:02:28.142  6718  6730 I art     : Explicit concurrent mark sweep GC freed 3(96B) AllocSpace objects, 0(0B) LOS objects, 23% free, 53MB/69MB, paused 747us total 27.355ms
08-06 03:02:28.153  6718  6730 I art     : Starting a blocking GC Explicit
08-06 03:02:28.181  6718  6730 I art     : Explicit concurrent mark sweep GC freed 3(96B) AllocSpace objects, 0(0B) LOS objects, 23% free, 53MB/69MB, paused 727us total 27.842ms
08-06 03:02:28.193  6718  6730 I art     : Starting a blocking GC Explicit
08-06 03:02:28.220  6718  6730 I art     : Explicit concurrent mark sweep GC freed 3(96B) AllocSpace objects, 0(0B) LOS objects, 23% free, 53MB/69MB, paused 724us total 27.220ms
08-06 03:02:28.528  6718  6747 I art     : Starting a blocking GC Explicit
08-06 03:02:28.559 10943 10943 D AndroidRuntime: >>>>>> START com.android.internal.os.RuntimeInit uid 2000 <<<<<<
08-06 03:02:28.561  6718  6747 I art     : Explicit concurrent mark sweep GC freed 1341(78KB) AllocSpace objects, 1(20KB) LOS objects, 23% free, 53MB/69MB, paused 826us total 31.914ms
08-06 03:02:28.565 10943 10943 D AndroidRuntime: CheckJNI is OFF
08-06 03:02:28.572  6718  6747 I art     : Starting a blocking GC Explicit
08-06 03:02:28.601  6718  6747 I art     : Explicit concurrent mark sweep GC freed 20(704B) AllocSpace objects, 0(0B) LOS objects, 23% free, 53MB/69MB, paused 774us total 28.679ms
08-06 03:02:28.612 10943 10943 D ICU     : No timezone override file found: /data/misc/zoneinfo/current/icu/icu_tzdata.dat
08-06 03:02:28.612  6718  6747 I art     : Starting a blocking GC Explicit
08-06 03:02:28.640  6718  6747 I art     : Explicit concurrent mark sweep GC freed 3(96B) AllocSpace objects, 0(0B) LOS objects, 23% free, 53MB/69MB, paused 807us total 28.135ms
08-06 03:02:28.652  6718  6747 I art     : Starting a blocking GC Explicit
08-06 03:02:28.660 10943 10943 I Radio-JNI: register_android_hardware_Radio DONE
08-06 03:02:28.680  6718  6747 I art     : Explicit concurrent mark sweep GC freed 3(96B) AllocSpace objects, 0(0B) LOS objects, 23% free, 53MB/69MB, paused 774us total 28.261ms
08-06 03:02:28.691 10943 10943 D AndroidRuntime: Calling main entry com.android.commands.am.Am
08-06 03:02:28.692  6718  6747 I art     : Starting a blocking GC Explicit
08-06 03:02:28.700  3167  3167 I Trepn   : Trepn 6.2s: Received intent: com.quicinc.trepn.stop_profiling
08-06 03:02:28.720  6718  6747 I art     : Explicit concurrent mark sweep GC freed 3(96B) AllocSpace objects, 0(0B) LOS objects, 23% free, 53MB/69MB, paused 679us total 27.962ms
08-06 03:02:28.750  3167  3167 I Trepn   : Trepn 6.2s: Trepn has Stopped Profiling.
08-06 03:02:28.946 10943 10943 D AndroidRuntime: Shutting down VM
08-06 03:02:28.948   918  3359 W AppOps  : Finishing op nesting under-run: uid 10078 pkg com.quicinc.trepn code 24 time=0 duration=0 nesting=0
08-06 03:02:29.030  6718  7849 I art     : Starting a blocking GC Explicit
08-06 03:02:29.058  6718  7849 I art     : Explicit concurrent mark sweep GC freed 1341(78KB) AllocSpace objects, 1(20KB) LOS objects, 23% free, 53MB/69MB, paused 770us total 27.958ms
08-06 03:02:29.069  6718  7849 I art     : Starting a blocking GC Explicit
08-06 03:02:29.098  6718  7849 I art     : Explicit concurrent mark sweep GC freed 20(704B) AllocSpace objects, 0(0B) LOS objects, 23% free, 53MB/69MB, paused 716us total 28.744ms
08-06 03:02:29.110  6718  7849 I art     : Starting a blocking GC Explicit
08-06 03:02:29.142  6718  7849 I art     : Explicit concurrent mark sweep GC freed 3(96B) AllocSpace objects, 0(0B) LOS objects, 23% free, 53MB/69MB, paused 747us total 31.720ms
08-06 03:02:29.154  6718  7849 I art     : Starting a blocking GC Explicit
08-06 03:02:29.184  6718  7849 I art     : Explicit concurrent mark sweep GC freed 3(96B) AllocSpace objects, 0(0B) LOS objects, 23% free, 53MB/69MB, paused 733us total 29.507ms
08-06 03:02:29.195  6718  7849 I art     : Starting a blocking GC Explicit
08-06 03:02:29.225  6718  7849 I art     : Explicit concurrent mark sweep GC freed 3(96B) AllocSpace objects, 0(0B) LOS objects, 23% free, 53MB/69MB, paused 697us total 28.808ms
08-06 03:02:29.509  6718  7194 I art     : Starting a blocking GC Explicit
08-06 03:02:29.537  6718  7194 I art     : Explicit concurrent mark sweep GC freed 1341(78KB) AllocSpace objects, 1(20KB) LOS objects, 23% free, 53MB/69MB, paused 772us total 28.281ms
08-06 03:02:29.548  6718  7194 I art     : Starting a blocking GC Explicit
08-06 03:02:29.577  6718  7194 I art     : Explicit concurrent mark sweep GC freed 20(704B) AllocSpace objects, 0(0B) LOS objects, 23% free, 53MB/69MB, paused 721us total 27.879ms
08-06 03:02:29.589  6718  7194 I art     : Starting a blocking GC Explicit
08-06 03:02:29.617  6718  7194 I art     : Explicit concurrent mark sweep GC freed 3(96B) AllocSpace objects, 0(0B) LOS objects, 23% free, 53MB/69MB, paused 687us total 27.873ms
08-06 03:02:29.628  6718  7194 I art     : Starting a blocking GC Explicit
08-06 03:02:29.654  6718  7194 I art     : Explicit concurrent mark sweep GC freed 3(96B) AllocSpace objects, 0(0B) LOS objects, 23% free, 53MB/69MB, paused 690us total 26.280ms
08-06 03:02:29.665  6718  7194 I art     : Starting a blocking GC Explicit
08-06 03:02:29.693  6718  7194 I art     : Explicit concurrent mark sweep GC freed 3(96B) AllocSpace objects, 0(0B) LOS objects, 23% free, 53MB/69MB, paused 691us total 26.937ms
