--------- beginning of main
08-06 02:30:48.928 13136 13136 I ServiceManager: Waiting for service AtCmdFwd...
08-06 02:30:49.409 13222 13222 D AndroidRuntime: >>>>>> START com.android.internal.os.RuntimeInit uid 2000 <<<<<<
08-06 02:30:49.415 13222 13222 D AndroidRuntime: CheckJNI is OFF
08-06 02:30:49.450 13222 13222 D ICU     : No timezone override file found: /data/misc/zoneinfo/current/icu/icu_tzdata.dat
08-06 02:30:49.484 13222 13222 I Radio-JNI: register_android_hardware_Radio DONE
08-06 02:30:49.501 13222 13222 D AndroidRuntime: Calling main entry com.android.commands.monkey.Monkey
--------- beginning of system
08-06 02:30:49.518   918   931 W BroadcastQueue: Skipping deliver [background] BroadcastRecord{ac36419 u-1 android.net.conn.CONNECTIVITY_CHANGE} to ReceiverList{2092ebf 13222 (unknown name)/2000/u-1 remote:b9fff63}: process crashing
08-06 02:30:49.529   918  6110 I ActivityManager: START u0 {act=android.intent.action.MAIN cat=[android.intent.category.LAUNCHER] flg=0x10200000 cmp=baseline.appteam.nith.hillffair/.activities.SplashActivity} from uid 2000 on display 0
08-06 02:30:49.568   918  4413 I ActivityManager: Start proc 13231:baseline.appteam.nith.hillffair/u0a697 for activity baseline.appteam.nith.hillffair/.activities.SplashActivity
08-06 02:30:49.569 13231 13231 I art     : Late-enabling -Xcheck:jni
08-06 02:30:49.579 13222 13222 I art     : System.exit called, status: 0
08-06 02:30:49.579 13222 13222 I AndroidRuntime: VM exiting with result code 0.
08-06 02:30:49.640 16458 14157 I PBSessionCacheImpl: Deleted sessionId[72384646105454640] from persistence.
08-06 02:30:49.646 16458 16488 W SearchServiceCore: Abort, client detached.
08-06 02:30:49.647 16458 16488 I MicroDetectionState: Should stop hotword detection immediately - true
08-06 02:30:49.683 13231 13231 W System  : ClassLoader referenced unknown path: /data/app/baseline.appteam.nith.hillffair-1/lib/arm64
08-06 02:30:49.813 13231 13231 W OneSignal: GCM Library detected, please upgrade to Firebase FCM library as GCM is deprecated!
08-06 02:30:49.922 13231 13231 W art     : Before Android 4.1, method android.graphics.PorterDuffColorFilter androidx.vectordrawable.graphics.drawable.VectorDrawableCompat.updateTintFilter(android.graphics.PorterDuffColorFilter, android.content.res.ColorStateList, android.graphics.PorterDuff$Mode) would have incorrectly overridden the package-private method in android.graphics.drawable.Drawable
08-06 02:30:49.929 13136 13136 W Atfwd_Sendcmd: AtCmdFwd service not published, waiting... retryCnt : 5
08-06 02:30:49.969 13231 13231 I art     : Rejecting re-init on previously-failed class java.lang.Class<androidx.core.view.ViewCompat$2>
08-06 02:30:49.970 13231 13231 I art     : Rejecting re-init on previously-failed class java.lang.Class<androidx.core.view.ViewCompat$2>
08-06 02:30:50.051 13231 13257 D OpenGLRenderer: Use EGL_SWAP_BEHAVIOR_PRESERVED: true
08-06 02:30:50.103 13231 13257 I Adreno  : QUALCOMM build                   : fcf4852, I1af360237c
08-06 02:30:50.103 13231 13257 I Adreno  : Build Date                       : 09/23/15
08-06 02:30:50.103 13231 13257 I Adreno  : OpenGL ES Shader Compiler Version: XE031.05.13.02
08-06 02:30:50.103 13231 13257 I Adreno  : Local Branch                     : mybranch14465806
08-06 02:30:50.103 13231 13257 I Adreno  : Remote Branch                    : quic/LA.BF64.1.2.9_v2
08-06 02:30:50.103 13231 13257 I Adreno  : Remote Branch                    : NONE
08-06 02:30:50.103 13231 13257 I Adreno  : Reconstruct Branch               : NOTHING
08-06 02:30:50.112 13231 13257 I OpenGLRenderer: Initialized EGL, version 1.4
08-06 02:30:50.174 13866 13866 I GoogleInputMethodServic: GoogleInputMethodService.onFinishInput():3138 
08-06 02:30:50.174 13866 13866 I GoogleInputMethodServic: GoogleInputMethodService.onStartInput():1808 
08-06 02:30:50.242   918   936 I ActivityManager: Displayed baseline.appteam.nith.hillffair/.activities.SplashActivity: +703ms
08-06 02:30:50.290 13231 13265 W GCM     : GCM SDK is deprecated, baseline.appteam.nith.hillffair should update to use FCM
08-06 02:30:50.333 24365 20837 W Conscrypt: Could not set socket write timeout: java.net.SocketException: Socket closed
08-06 02:30:50.333 24365 20837 E art     : invalid stream - problem with parameter iterator in /data/app/com.google.android.gms-2/base.apk:classes3.dex for method void com.google.android.gms.org.conscrypt.ConscryptFileDescriptorSocket.setSoWriteTimeout(int)
08-06 02:30:50.334 24365 20837 W Conscrypt: 	at com.google.android.gms.org.conscrypt.Platform.setSocketWriteTimeout(:com.google.android.gms@202614019@20.26.14 (040400-320008519):2)
08-06 02:30:50.334 24365 20837 W Conscrypt: 	at com.google.android.gms.org.conscrypt.ConscryptFileDescriptorSocket.setSoWriteTimeout(:com.google.android.gms@202614019@20.26.14 (040400-320008519))
08-06 02:30:50.353 24365 20837 W Conscrypt: Could not set socket write timeout: java.net.SocketException: Socket closed
08-06 02:30:50.353 24365 20837 E art     : invalid stream - problem with parameter iterator in /data/app/com.google.android.gms-2/base.apk:classes3.dex for method void com.google.android.gms.org.conscrypt.ConscryptFileDescriptorSocket.setSoWriteTimeout(int)
08-06 02:30:50.354 24365 20837 W Conscrypt: 	at com.google.android.gms.org.conscrypt.Platform.setSocketWriteTimeout(:com.google.android.gms@202614019@20.26.14 (040400-320008519):2)
08-06 02:30:50.354 24365 20837 W Conscrypt: 	at com.google.android.gms.org.conscrypt.ConscryptFileDescriptorSocket.setSoWriteTimeout(:com.google.android.gms@202614019@20.26.14 (040400-320008519))
08-06 02:30:50.418 24365 20837 W Conscrypt: Could not set socket write timeout: java.net.SocketException: Socket closed
08-06 02:30:50.418 24365 20837 E art     : invalid stream - problem with parameter iterator in /data/app/com.google.android.gms-2/base.apk:classes3.dex for method void com.google.android.gms.org.conscrypt.ConscryptFileDescriptorSocket.setSoWriteTimeout(int)
08-06 02:30:50.419 24365 20837 W Conscrypt: 	at com.google.android.gms.org.conscrypt.Platform.setSocketWriteTimeout(:com.google.android.gms@202614019@20.26.14 (040400-320008519):2)
08-06 02:30:50.419 24365 20837 W Conscrypt: 	at com.google.android.gms.org.conscrypt.ConscryptFileDescriptorSocket.setSoWriteTimeout(:com.google.android.gms@202614019@20.26.14 (040400-320008519))
08-06 02:30:50.435 24365 20837 W Conscrypt: Could not set socket write timeout: java.net.SocketException: Socket closed
08-06 02:30:50.435 24365 20837 E art     : invalid stream - problem with parameter iterator in /data/app/com.google.android.gms-2/base.apk:classes3.dex for method void com.google.android.gms.org.conscrypt.ConscryptFileDescriptorSocket.setSoWriteTimeout(int)
08-06 02:30:50.435 24365 20837 W Conscrypt: 	at com.google.android.gms.org.conscrypt.Platform.setSocketWriteTimeout(:com.google.android.gms@202614019@20.26.14 (040400-320008519):2)
08-06 02:30:50.436 24365 20837 W Conscrypt: 	at com.google.android.gms.org.conscrypt.ConscryptFileDescriptorSocket.setSoWriteTimeout(:com.google.android.gms@202614019@20.26.14 (040400-320008519))
08-06 02:30:50.661 13231 13265 E OneSignal: Error Getting GCM Token
08-06 02:30:50.661 13231 13265 E OneSignal: java.io.IOException: INVALID_SENDER
08-06 02:30:50.661 13231 13265 E OneSignal: 	at com.google.android.gms.gcm.GoogleCloudMessaging.zzd(Unknown Source)
08-06 02:30:50.661 13231 13265 E OneSignal: 	at com.google.android.gms.gcm.GoogleCloudMessaging.register(Unknown Source)
08-06 02:30:50.661 13231 13265 E OneSignal: 	at com.onesignal.PushRegistratorGCM.getToken(PushRegistratorGCM.java:42)
08-06 02:30:50.661 13231 13265 E OneSignal: 	at com.onesignal.PushRegistratorAbstractGoogle.attemptRegistration(PushRegistratorAbstractGoogle.java:97)
08-06 02:30:50.661 13231 13265 E OneSignal: 	at com.onesignal.PushRegistratorAbstractGoogle.access$100(PushRegistratorAbstractGoogle.java:37)
08-06 02:30:50.661 13231 13265 E OneSignal: 	at com.onesignal.PushRegistratorAbstractGoogle$1.run(PushRegistratorAbstractGoogle.java:84)
08-06 02:30:50.661 13231 13265 E OneSignal: 	at java.lang.Thread.run(Thread.java:818)
08-06 02:30:50.678 13231 13275 I art     : Rejecting re-init on previously-failed class java.lang.Class<com.onesignal.OneSignalChromeTab$OneSignalCustomTabsServiceConnection>
08-06 02:30:50.678 13231 13275 I art     : Rejecting re-init on previously-failed class java.lang.Class<com.onesignal.OneSignalChromeTab$OneSignalCustomTabsServiceConnection>
08-06 02:30:51.182 13284 13284 D AndroidRuntime: >>>>>> START com.android.internal.os.RuntimeInit uid 2000 <<<<<<
08-06 02:30:51.188 13284 13284 D AndroidRuntime: CheckJNI is OFF
08-06 02:30:51.219 13284 13284 D ICU     : No timezone override file found: /data/misc/zoneinfo/current/icu/icu_tzdata.dat
08-06 02:30:51.253 13284 13284 I Radio-JNI: register_android_hardware_Radio DONE
08-06 02:30:51.271 13284 13284 D AndroidRuntime: Calling main entry com.android.commands.am.Am
08-06 02:30:51.282  3167  3167 I Trepn   : Trepn 6.2s: Received intent: com.quicinc.trepn.start_profiling
08-06 02:30:51.414  3167  3167 W FileUtils: Failed to chmod(/storage/emulated/0/trepn/Trepn_2020.08.06_023051.db): android.system.ErrnoException: chmod failed: EPERM (Operation not permitted)
08-06 02:30:51.524   918  6112 I ActivityManager: START u0 {cmp=baseline.appteam.nith.hillffair/.activities.WelcomeActivity} from uid 10697 on display 0
08-06 02:30:51.554   918  6029 I ActivityManager: START u0 {cmp=baseline.appteam.nith.hillffair/.activities.HomeActivity} from uid 10697 on display 0
08-06 02:30:51.561  3167  3167 I Trepn   : Trepn 6.2s: Trepn has Started Profiling.
08-06 02:30:51.562 13284 13284 D AndroidRuntime: Shutting down VM
08-06 02:30:51.563   918  6110 W ActivityManager: Duplicate finish request for ActivityRecord{e0ccb16 u0 baseline.appteam.nith.hillffair/.activities.WelcomeActivity t4311 f}
08-06 02:30:52.015 13231 13244 I art     : Starting a blocking GC Explicit
08-06 02:30:52.032 13231 13244 I art     : Explicit concurrent mark sweep GC freed 2057(420KB) AllocSpace objects, 0(0B) LOS objects, 24% free, 48MB/64MB, paused 165us total 16.974ms
08-06 02:30:52.038 13231 13244 I art     : Starting a blocking GC Explicit
08-06 02:30:52.041 13866 13866 I GoogleInputMethodServic: GoogleInputMethodService.onFinishInput():3138 
08-06 02:30:52.042 13866 13866 I GoogleInputMethodServic: GoogleInputMethodService.onStartInput():1808 
08-06 02:30:52.042   918   936 I ActivityManager: Displayed baseline.appteam.nith.hillffair/.activities.HomeActivity: +444ms (total +507ms)
08-06 02:30:52.049 13231 13244 I art     : Explicit concurrent mark sweep GC freed 414(37KB) AllocSpace objects, 0(0B) LOS objects, 24% free, 48MB/64MB, paused 151us total 10.854ms
08-06 02:30:52.054 13231 13244 I art     : Starting a blocking GC Explicit
08-06 02:30:52.068 13231 13244 I art     : Explicit concurrent mark sweep GC freed 25(896B) AllocSpace objects, 0(0B) LOS objects, 24% free, 48MB/64MB, paused 192us total 14.109ms
08-06 02:30:52.076 13231 13244 I art     : Starting a blocking GC Explicit
08-06 02:30:52.089 13231 13244 I art     : Explicit concurrent mark sweep GC freed 98(5KB) AllocSpace objects, 0(0B) LOS objects, 24% free, 48MB/64MB, paused 166us total 12.578ms
08-06 02:30:52.096 13231 13244 I art     : Starting a blocking GC Explicit
08-06 02:30:52.107 13231 13244 I art     : Explicit concurrent mark sweep GC freed 8(512B) AllocSpace objects, 0(0B) LOS objects, 24% free, 48MB/64MB, paused 134us total 10.737ms
08-06 02:30:52.290   380   380 W SurfaceFlinger: couldn't log to binary event log: overflow.
08-06 02:30:52.358 13231 13260 I art     : Starting a blocking GC Explicit
08-06 02:30:52.368 13231 13260 I art     : Explicit concurrent mark sweep GC freed 2335(148KB) AllocSpace objects, 1(20KB) LOS objects, 25% free, 47MB/63MB, paused 151us total 10.441ms
08-06 02:30:52.374 13231 13260 I art     : Starting a blocking GC Explicit
08-06 02:30:52.384 13231 13260 I art     : Explicit concurrent mark sweep GC freed 20(704B) AllocSpace objects, 0(0B) LOS objects, 25% free, 47MB/63MB, paused 136us total 9.706ms
08-06 02:30:52.389 13231 13260 I art     : Starting a blocking GC Explicit
08-06 02:30:52.400 13231 13260 I art     : Explicit concurrent mark sweep GC freed 3(96B) AllocSpace objects, 0(0B) LOS objects, 25% free, 47MB/63MB, paused 140us total 10.446ms
08-06 02:30:52.405 13231 13260 I art     : Starting a blocking GC Explicit
08-06 02:30:52.430 13231 13260 I art     : Explicit concurrent mark sweep GC freed 106(8KB) AllocSpace objects, 0(0B) LOS objects, 25% free, 47MB/63MB, paused 536us total 24.596ms
08-06 02:30:52.436 13231 13260 I art     : Starting a blocking GC Explicit
08-06 02:30:52.446 13231 13260 I art     : Explicit concurrent mark sweep GC freed 572(26KB) AllocSpace objects, 0(0B) LOS objects, 25% free, 47MB/63MB, paused 144us total 9.987ms
08-06 02:30:52.711 13231 13243 I art     : Starting a blocking GC Explicit
08-06 02:30:52.728 13231 13243 I art     : Explicit concurrent mark sweep GC freed 1459(84KB) AllocSpace objects, 1(20KB) LOS objects, 25% free, 47MB/63MB, paused 197us total 17.015ms
08-06 02:30:52.739 13231 13243 I art     : Starting a blocking GC Explicit
08-06 02:30:52.752 13231 13243 I art     : Explicit concurrent mark sweep GC freed 794(53KB) AllocSpace objects, 0(0B) LOS objects, 25% free, 47MB/63MB, paused 156us total 12.987ms
08-06 02:30:52.758 13231 13243 I art     : Starting a blocking GC Explicit
08-06 02:30:52.770 13231 13243 I art     : Explicit concurrent mark sweep GC freed 3(96B) AllocSpace objects, 0(0B) LOS objects, 25% free, 47MB/63MB, paused 151us total 11.902ms
08-06 02:30:52.777 13231 13243 I art     : Starting a blocking GC Explicit
08-06 02:30:52.789 13231 13243 I art     : Explicit concurrent mark sweep GC freed 3(96B) AllocSpace objects, 0(0B) LOS objects, 25% free, 47MB/63MB, paused 143us total 11.633ms
08-06 02:30:52.795 13231 13243 I art     : Starting a blocking GC Explicit
08-06 02:30:52.806 13231 13243 I art     : Explicit concurrent mark sweep GC freed 3(96B) AllocSpace objects, 0(0B) LOS objects, 25% free, 47MB/63MB, paused 134us total 10.939ms
08-06 02:30:53.114 13231 13244 I art     : Starting a blocking GC Explicit
08-06 02:30:53.132 13231 13244 I art     : Explicit concurrent mark sweep GC freed 1341(78KB) AllocSpace objects, 1(20KB) LOS objects, 25% free, 47MB/63MB, paused 214us total 17.699ms
08-06 02:30:53.142 13231 13244 I art     : Starting a blocking GC Explicit
08-06 02:30:53.158 13231 13244 I art     : Explicit concurrent mark sweep GC freed 20(704B) AllocSpace objects, 0(0B) LOS objects, 25% free, 47MB/63MB, paused 193us total 15.248ms
08-06 02:30:53.167 13231 13244 I art     : Starting a blocking GC Explicit
08-06 02:30:53.179 13231 13244 I art     : Explicit concurrent mark sweep GC freed 3(96B) AllocSpace objects, 0(0B) LOS objects, 25% free, 47MB/63MB, paused 156us total 11.808ms
08-06 02:30:53.185 13231 13244 I art     : Starting a blocking GC Explicit
08-06 02:30:53.197 13231 13244 I art     : Explicit concurrent mark sweep GC freed 3(96B) AllocSpace objects, 0(0B) LOS objects, 25% free, 47MB/63MB, paused 156us total 11.609ms
08-06 02:30:53.203 13231 13244 I art     : Starting a blocking GC Explicit
08-06 02:30:53.215 13231 13244 I art     : Explicit concurrent mark sweep GC freed 3(96B) AllocSpace objects, 0(0B) LOS objects, 25% free, 47MB/63MB, paused 154us total 11.200ms
08-06 02:30:53.504 13231 13327 I art     : Starting a blocking GC Explicit
08-06 02:30:53.519 13231 13327 I art     : Explicit concurrent mark sweep GC freed 1341(78KB) AllocSpace objects, 1(20KB) LOS objects, 25% free, 47MB/63MB, paused 166us total 15.029ms
08-06 02:30:53.526 13231 13327 I art     : Starting a blocking GC Explicit
08-06 02:30:53.539 13231 13327 I art     : Explicit concurrent mark sweep GC freed 20(704B) AllocSpace objects, 0(0B) LOS objects, 25% free, 47MB/63MB, paused 147us total 12.426ms
08-06 02:30:53.545 13231 13327 I art     : Starting a blocking GC Explicit
08-06 02:30:53.557 13231 13327 I art     : Explicit concurrent mark sweep GC freed 3(96B) AllocSpace objects, 0(0B) LOS objects, 25% free, 47MB/63MB, paused 149us total 11.871ms
08-06 02:30:53.563 13231 13327 I art     : Starting a blocking GC Explicit
08-06 02:30:53.575 13231 13327 I art     : Explicit concurrent mark sweep GC freed 3(96B) AllocSpace objects, 0(0B) LOS objects, 25% free, 47MB/63MB, paused 146us total 11.379ms
08-06 02:30:53.581 13231 13327 I art     : Starting a blocking GC Explicit
08-06 02:30:53.592 13231 13327 I art     : Explicit concurrent mark sweep GC freed 3(96B) AllocSpace objects, 0(0B) LOS objects, 25% free, 47MB/63MB, paused 151us total 10.996ms
08-06 02:30:53.889 13231 13260 I art     : Starting a blocking GC Explicit
08-06 02:30:53.904 13231 13260 I art     : Explicit concurrent mark sweep GC freed 1339(78KB) AllocSpace objects, 1(20KB) LOS objects, 25% free, 47MB/63MB, paused 175us total 13.970ms
08-06 02:30:53.910 13231 13260 I art     : Starting a blocking GC Explicit
08-06 02:30:53.923 13231 13260 I art     : Explicit concurrent mark sweep GC freed 20(704B) AllocSpace objects, 0(0B) LOS objects, 25% free, 47MB/63MB, paused 166us total 12.609ms
08-06 02:30:53.930 13231 13260 I art     : Starting a blocking GC Explicit
08-06 02:30:53.942 13231 13260 I art     : Explicit concurrent mark sweep GC freed 3(96B) AllocSpace objects, 0(0B) LOS objects, 25% free, 47MB/63MB, paused 160us total 12.165ms
08-06 02:30:53.948 13231 13260 I art     : Starting a blocking GC Explicit
08-06 02:30:53.960 13231 13260 I art     : Explicit concurrent mark sweep GC freed 3(96B) AllocSpace objects, 0(0B) LOS objects, 25% free, 47MB/63MB, paused 160us total 11.857ms
08-06 02:30:53.966 13231 13260 I art     : Starting a blocking GC Explicit
08-06 02:30:53.978 13231 13260 I art     : Explicit concurrent mark sweep GC freed 3(96B) AllocSpace objects, 0(0B) LOS objects, 25% free, 47MB/63MB, paused 153us total 11.323ms
08-06 02:30:54.294 13231 13243 I art     : Starting a blocking GC Explicit
08-06 02:30:54.309 13231 13243 I art     : Explicit concurrent mark sweep GC freed 1339(78KB) AllocSpace objects, 1(20KB) LOS objects, 25% free, 47MB/63MB, paused 182us total 14.235ms
08-06 02:30:54.316 13231 13243 I art     : Starting a blocking GC Explicit
08-06 02:30:54.328 13231 13243 I art     : Explicit concurrent mark sweep GC freed 20(704B) AllocSpace objects, 0(0B) LOS objects, 25% free, 47MB/63MB, paused 153us total 12.349ms
08-06 02:30:54.335 13231 13243 I art     : Starting a blocking GC Explicit
08-06 02:30:54.341   918  3261 D WifiStateMachine: starting scan for "H369AA63323"WPA_PSK with 2412,5180
08-06 02:30:54.346 13231 13243 I art     : Explicit concurrent mark sweep GC freed 3(96B) AllocSpace objects, 0(0B) LOS objects, 25% free, 47MB/63MB, paused 141us total 11.341ms
08-06 02:30:54.352 13231 13243 I art     : Starting a blocking GC Explicit
08-06 02:30:54.364 13231 13243 I art     : Explicit concurrent mark sweep GC freed 3(96B) AllocSpace objects, 0(0B) LOS objects, 25% free, 47MB/63MB, paused 144us total 11.613ms
08-06 02:30:54.371 13231 13243 I art     : Starting a blocking GC Explicit
08-06 02:30:54.382 13231 13243 I art     : Explicit concurrent mark sweep GC freed 3(96B) AllocSpace objects, 0(0B) LOS objects, 25% free, 47MB/63MB, paused 141us total 11.095ms
08-06 02:30:54.683 13231 13244 I art     : Starting a blocking GC Explicit
08-06 02:30:54.705 13231 13244 I art     : Explicit concurrent mark sweep GC freed 1339(78KB) AllocSpace objects, 1(20KB) LOS objects, 25% free, 47MB/63MB, paused 171us total 21.418ms
08-06 02:30:54.716 13231 13244 I art     : Starting a blocking GC Explicit
08-06 02:30:54.728 13231 13244 I art     : Explicit concurrent mark sweep GC freed 20(704B) AllocSpace objects, 0(0B) LOS objects, 25% free, 47MB/63MB, paused 158us total 11.196ms
08-06 02:30:54.734 13231 13244 I art     : Starting a blocking GC Explicit
08-06 02:30:54.745 13231 13244 I art     : Explicit concurrent mark sweep GC freed 3(96B) AllocSpace objects, 0(0B) LOS objects, 25% free, 47MB/63MB, paused 154us total 11.360ms
08-06 02:30:54.751 13231 13244 I art     : Starting a blocking GC Explicit
08-06 02:30:54.763 13231 13244 I art     : Explicit concurrent mark sweep GC freed 3(96B) AllocSpace objects, 0(0B) LOS objects, 25% free, 47MB/63MB, paused 160us total 11.254ms
08-06 02:30:54.769 13231 13244 I art     : Starting a blocking GC Explicit
08-06 02:30:54.780 13231 13244 I art     : Explicit concurrent mark sweep GC freed 3(96B) AllocSpace objects, 0(0B) LOS objects, 25% free, 47MB/63MB, paused 151us total 11.425ms
08-06 02:30:55.097 13231 13327 I art     : Starting a blocking GC Explicit
08-06 02:30:55.115 13231 13327 I art     : Explicit concurrent mark sweep GC freed 1339(78KB) AllocSpace objects, 1(20KB) LOS objects, 25% free, 47MB/63MB, paused 199us total 17.404ms
08-06 02:30:55.124 13231 13327 I art     : Starting a blocking GC Explicit
08-06 02:30:55.137 13231 13327 I art     : Explicit concurrent mark sweep GC freed 20(704B) AllocSpace objects, 0(0B) LOS objects, 25% free, 47MB/63MB, paused 204us total 12.684ms
08-06 02:30:55.143 13231 13327 I art     : Starting a blocking GC Explicit
08-06 02:30:55.155 13231 13327 I art     : Explicit concurrent mark sweep GC freed 3(96B) AllocSpace objects, 0(0B) LOS objects, 25% free, 47MB/63MB, paused 152us total 12.022ms
08-06 02:30:55.162 13231 13327 I art     : Starting a blocking GC Explicit
08-06 02:30:55.173 13231 13327 I art     : Explicit concurrent mark sweep GC freed 3(96B) AllocSpace objects, 0(0B) LOS objects, 25% free, 47MB/63MB, paused 149us total 11.391ms
08-06 02:30:55.180 13231 13327 I art     : Starting a blocking GC Explicit
08-06 02:30:55.191 13231 13327 I art     : Explicit concurrent mark sweep GC freed 3(96B) AllocSpace objects, 0(0B) LOS objects, 25% free, 47MB/63MB, paused 147us total 11.654ms
08-06 02:30:55.396   918  1210 D NetlinkSocketObserver: NeighborEvent{elapsedMs=1827659271, 192.168.2.254, [7C3953A63323], RTM_NEWNEIGH, NUD_REACHABLE}
08-06 02:30:55.490 13231 13260 I art     : Starting a blocking GC Explicit
08-06 02:30:55.502 13231 13260 I art     : Explicit concurrent mark sweep GC freed 1338(78KB) AllocSpace objects, 1(20KB) LOS objects, 25% free, 47MB/63MB, paused 172us total 11.594ms
08-06 02:30:55.509 13231 13260 I art     : Starting a blocking GC Explicit
08-06 02:30:55.520 13231 13260 I art     : Explicit concurrent mark sweep GC freed 20(704B) AllocSpace objects, 0(0B) LOS objects, 25% free, 47MB/63MB, paused 153us total 10.989ms
08-06 02:30:55.526 13231 13260 I art     : Starting a blocking GC Explicit
08-06 02:30:55.537 13231 13260 I art     : Explicit concurrent mark sweep GC freed 3(96B) AllocSpace objects, 0(0B) LOS objects, 25% free, 47MB/63MB, paused 204us total 10.507ms
08-06 02:30:55.542 13231 13260 I art     : Starting a blocking GC Explicit
08-06 02:30:55.553 13231 13260 I art     : Explicit concurrent mark sweep GC freed 3(96B) AllocSpace objects, 0(0B) LOS objects, 25% free, 47MB/63MB, paused 143us total 10.559ms
08-06 02:30:55.558 13231 13260 I art     : Starting a blocking GC Explicit
08-06 02:30:55.569 13231 13260 I art     : Explicit concurrent mark sweep GC freed 3(96B) AllocSpace objects, 0(0B) LOS objects, 25% free, 47MB/63MB, paused 148us total 10.034ms
08-06 02:30:55.828 13231 13425 W OneSignal: OneSignalRestClient: POST Error thrown from network stack. 
08-06 02:30:55.828 13231 13425 W OneSignal: java.io.IOException: unexpected end of stream on Connection{api.onesignal.com:443, proxy=HTTP@192.168.2.12:8080 hostAddress=192.168.2.12 cipherSuite=TLS_ECDHE_RSA_WITH_AES_128_GCM_SHA256 protocol=http/1.1} (recycle count=1)
08-06 02:30:55.828 13231 13425 W OneSignal: 	at com.android.okhttp.internal.http.HttpConnection.readResponse(HttpConnection.java:210)
08-06 02:30:55.828 13231 13425 W OneSignal: 	at com.android.okhttp.internal.http.HttpTransport.readResponseHeaders(HttpTransport.java:80)
08-06 02:30:55.828 13231 13425 W OneSignal: 	at com.android.okhttp.internal.http.HttpEngine.readNetworkResponse(HttpEngine.java:904)
08-06 02:30:55.828 13231 13425 W OneSignal: 	at com.android.okhttp.internal.http.HttpEngine.readResponse(HttpEngine.java:788)
08-06 02:30:55.828 13231 13425 W OneSignal: 	at com.android.okhttp.internal.huc.HttpURLConnectionImpl.execute(HttpURLConnectionImpl.java:439)
08-06 02:30:55.828 13231 13425 W OneSignal: 	at com.android.okhttp.internal.huc.HttpURLConnectionImpl.getResponse(HttpURLConnectionImpl.java:384)
08-06 02:30:55.828 13231 13425 W OneSignal: 	at com.android.okhttp.internal.huc.HttpURLConnectionImpl.getResponseCode(HttpURLConnectionImpl.java:497)
08-06 02:30:55.828 13231 13425 W OneSignal: 	at com.android.okhttp.internal.huc.DelegatingHttpsURLConnection.getResponseCode(DelegatingHttpsURLConnection.java:105)
08-06 02:30:55.828 13231 13425 W OneSignal: 	at com.android.okhttp.internal.huc.HttpsURLConnectionImpl.getResponseCode(HttpsURLConnectionImpl.java)
08-06 02:30:55.828 13231 13425 W OneSignal: 	at com.onesignal.OneSignalRestClient.startHTTPConnection(OneSignalRestClient.java:180)
08-06 02:30:55.828 13231 13425 W OneSignal: 	at com.onesignal.OneSignalRestClient.access$100(OneSignalRestClient.java:44)
08-06 02:30:55.828 13231 13425 W OneSignal: 	at com.onesignal.OneSignalRestClient$4.run(OneSignalRestClient.java:110)
08-06 02:30:55.828 13231 13425 W OneSignal: 	at java.lang.Thread.run(Thread.java:818)
08-06 02:30:55.828 13231 13425 W OneSignal: Caused by: java.io.EOFException: \n not found: size=0 content=...
08-06 02:30:55.828 13231 13425 W OneSignal: 	at com.android.okhttp.okio.RealBufferedSource.readUtf8LineStrict(RealBufferedSource.java:200)
08-06 02:30:55.828 13231 13425 W OneSignal: 	at com.android.okhttp.internal.http.HttpConnection.readResponse(HttpConnection.java:191)
08-06 02:30:55.828 13231 13425 W OneSignal: 	... 12 more
08-06 02:30:55.830 13231 13437 W OneSignal: Failed last request. statusCode: -1
08-06 02:30:55.830 13231 13437 W OneSignal: response: null
08-06 02:30:55.843 13231 13243 I art     : Starting a blocking GC Explicit
08-06 02:30:55.857 13231 13243 I art     : Explicit concurrent mark sweep GC freed 1978(154KB) AllocSpace objects, 1(20KB) LOS objects, 25% free, 47MB/63MB, paused 219us total 13.271ms
08-06 02:30:55.863 13231 13243 I art     : Starting a blocking GC Explicit
08-06 02:30:55.876 13231 13243 I art     : Explicit concurrent mark sweep GC freed 30(1168B) AllocSpace objects, 0(0B) LOS objects, 25% free, 47MB/63MB, paused 156us total 12.407ms
08-06 02:30:55.882 13231 13243 I art     : Starting a blocking GC Explicit
08-06 02:30:55.895 13231 13243 I art     : Explicit concurrent mark sweep GC freed 3(96B) AllocSpace objects, 0(0B) LOS objects, 25% free, 47MB/63MB, paused 146us total 12.108ms
08-06 02:30:55.901 13231 13243 I art     : Starting a blocking GC Explicit
08-06 02:30:55.913 13231 13243 I art     : Explicit concurrent mark sweep GC freed 3(96B) AllocSpace objects, 0(0B) LOS objects, 25% free, 47MB/63MB, paused 148us total 11.802ms
08-06 02:30:55.919 13231 13243 I art     : Starting a blocking GC Explicit
08-06 02:30:55.931 13231 13243 I art     : Explicit concurrent mark sweep GC freed 3(96B) AllocSpace objects, 0(0B) LOS objects, 25% free, 47MB/63MB, paused 147us total 11.787ms
08-06 02:30:56.229 13231 13244 I art     : Starting a blocking GC Explicit
08-06 02:30:56.243 13231 13244 I art     : Explicit concurrent mark sweep GC freed 1339(78KB) AllocSpace objects, 1(20KB) LOS objects, 25% free, 47MB/63MB, paused 168us total 13.420ms
08-06 02:30:56.250 13231 13244 I art     : Starting a blocking GC Explicit
08-06 02:30:56.261 13231 13244 I art     : Explicit concurrent mark sweep GC freed 20(704B) AllocSpace objects, 0(0B) LOS objects, 25% free, 47MB/63MB, paused 145us total 10.727ms
08-06 02:30:56.267 13231 13244 I art     : Starting a blocking GC Explicit
08-06 02:30:56.279 13231 13244 I art     : Explicit concurrent mark sweep GC freed 3(96B) AllocSpace objects, 0(0B) LOS objects, 25% free, 47MB/63MB, paused 165us total 11.044ms
08-06 02:30:56.285 13231 13244 I art     : Starting a blocking GC Explicit
08-06 02:30:56.295 13231 13244 I art     : Explicit concurrent mark sweep GC freed 3(96B) AllocSpace objects, 0(0B) LOS objects, 25% free, 47MB/63MB, paused 145us total 9.952ms
08-06 02:30:56.300 13231 13244 I art     : Starting a blocking GC Explicit
08-06 02:30:56.310 13231 13244 I art     : Explicit concurrent mark sweep GC freed 3(96B) AllocSpace objects, 0(0B) LOS objects, 25% free, 47MB/63MB, paused 145us total 9.925ms
08-06 02:30:56.541 13450 13450 D AndroidRuntime: >>>>>> START com.android.internal.os.RuntimeInit uid 2000 <<<<<<
08-06 02:30:56.545 13450 13450 D AndroidRuntime: CheckJNI is OFF
08-06 02:30:56.571 13450 13450 D ICU     : No timezone override file found: /data/misc/zoneinfo/current/icu/icu_tzdata.dat
08-06 02:30:56.583 13231 13327 I art     : Starting a blocking GC Explicit
08-06 02:30:56.596 13231 13327 I art     : Explicit concurrent mark sweep GC freed 1339(78KB) AllocSpace objects, 1(20KB) LOS objects, 25% free, 47MB/63MB, paused 187us total 12.089ms
08-06 02:30:56.598 13450 13450 I Radio-JNI: register_android_hardware_Radio DONE
08-06 02:30:56.602 13231 13327 I art     : Starting a blocking GC Explicit
08-06 02:30:56.614 13231 13327 I art     : Explicit concurrent mark sweep GC freed 20(704B) AllocSpace objects, 0(0B) LOS objects, 25% free, 47MB/63MB, paused 160us total 11.910ms
08-06 02:30:56.616 13450 13450 D AndroidRuntime: Calling main entry com.android.commands.input.Input
08-06 02:30:56.617 13450 13450 I Input   : injectMotionEvent: MotionEvent { action=ACTION_DOWN, actionButton=0, id[0]=0, x[0]=337.0, y[0]=1104.0, toolType[0]=TOOL_TYPE_UNKNOWN, buttonState=0, metaState=0, flags=0x0, edgeFlags=0x0, pointerCount=1, historySize=0, eventTime=844273030, downTime=844273030, deviceId=0, source=0x1002 }
08-06 02:30:56.620 13231 13327 I art     : Starting a blocking GC Explicit
08-06 02:30:56.622 13450 13450 I Input   : injectMotionEvent: MotionEvent { action=ACTION_UP, actionButton=0, id[0]=0, x[0]=337.0, y[0]=1104.0, toolType[0]=TOOL_TYPE_UNKNOWN, buttonState=0, metaState=0, flags=0x0, edgeFlags=0x0, pointerCount=1, historySize=0, eventTime=844273030, downTime=844273030, deviceId=0, source=0x1002 }
08-06 02:30:56.624   918  4400 I ActivityManager: START u0 {cmp=baseline.appteam.nith.hillffair/.activities.BattleDayActivity} from uid 10697 on display 0
08-06 02:30:56.630 13450 13450 D AndroidRuntime: Shutting down VM
08-06 02:30:56.632 13231 13327 I art     : Explicit concurrent mark sweep GC freed 29(5KB) AllocSpace objects, 0(0B) LOS objects, 25% free, 47MB/63MB, paused 209us total 10.896ms
08-06 02:30:56.638 13231 13327 I art     : Starting a blocking GC Explicit
08-06 02:30:56.652 13231 13327 I art     : Explicit concurrent mark sweep GC freed 604(68KB) AllocSpace objects, 0(0B) LOS objects, 24% free, 48MB/64MB, paused 570us total 13.420ms
08-06 02:30:56.658 13231 13327 I art     : Starting a blocking GC Explicit
08-06 02:30:56.679 13231 13327 I art     : Explicit concurrent mark sweep GC freed 2406(169KB) AllocSpace objects, 0(0B) LOS objects, 24% free, 48MB/64MB, paused 737us total 20.671ms
08-06 02:30:56.734 13866 13866 I GoogleInputMethodServic: GoogleInputMethodService.onFinishInput():3138 
08-06 02:30:56.735 13866 13866 I GoogleInputMethodServic: GoogleInputMethodService.onStartInput():1808 
08-06 02:30:56.774   918   936 I ActivityManager: Displayed baseline.appteam.nith.hillffair/.activities.BattleDayActivity: +144ms
08-06 02:30:56.907 13231 13260 I art     : Starting a blocking GC Explicit
08-06 02:30:56.928 13231 13260 I art     : Explicit concurrent mark sweep GC freed 6156(352KB) AllocSpace objects, 1(20KB) LOS objects, 24% free, 48MB/64MB, paused 240us total 20.506ms
08-06 02:30:56.938 13231 13260 I art     : Starting a blocking GC Explicit
08-06 02:30:56.954 13231 13260 I art     : Explicit concurrent mark sweep GC freed 56(2064B) AllocSpace objects, 0(0B) LOS objects, 24% free, 48MB/64MB, paused 196us total 16.569ms
08-06 02:30:56.963 13231 13260 I art     : Starting a blocking GC Explicit
08-06 02:30:56.979 13231 13260 I art     : Explicit concurrent mark sweep GC freed 3(96B) AllocSpace objects, 0(0B) LOS objects, 24% free, 48MB/64MB, paused 217us total 15.823ms
08-06 02:30:56.987 13231 13260 I art     : Starting a blocking GC Explicit
08-06 02:30:57.004 13231 13260 I art     : Explicit concurrent mark sweep GC freed 3(96B) AllocSpace objects, 0(0B) LOS objects, 24% free, 48MB/64MB, paused 184us total 16.099ms
08-06 02:30:57.012 13231 13260 I art     : Starting a blocking GC Explicit
08-06 02:30:57.028   380   380 W SurfaceFlinger: couldn't log to binary event log: overflow.
08-06 02:30:57.029 13231 13260 I art     : Explicit concurrent mark sweep GC freed 3(96B) AllocSpace objects, 0(0B) LOS objects, 24% free, 48MB/64MB, paused 238us total 16.378ms
08-06 02:30:57.308 13231 13260 I art     : Starting a blocking GC Explicit
08-06 02:30:57.322 13231 13260 I art     : Explicit concurrent mark sweep GC freed 1489(90KB) AllocSpace objects, 1(20KB) LOS objects, 24% free, 48MB/64MB, paused 223us total 13.578ms
08-06 02:30:57.329 13231 13260 I art     : Starting a blocking GC Explicit
08-06 02:30:57.342 13231 13260 I art     : Explicit concurrent mark sweep GC freed 51(1760B) AllocSpace objects, 0(0B) LOS objects, 24% free, 48MB/64MB, paused 207us total 13.300ms
08-06 02:30:57.349 13231 13260 I art     : Starting a blocking GC Explicit
08-06 02:30:57.362 13231 13260 I art     : Explicit concurrent mark sweep GC freed 9(320B) AllocSpace objects, 0(0B) LOS objects, 24% free, 48MB/64MB, paused 312us total 12.818ms
08-06 02:30:57.368 13231 13260 I art     : Starting a blocking GC Explicit
08-06 02:30:57.380 13231 13260 I art     : Explicit concurrent mark sweep GC freed 10(384B) AllocSpace objects, 0(0B) LOS objects, 24% free, 48MB/64MB, paused 176us total 11.978ms
08-06 02:30:57.387 13231 13260 I art     : Starting a blocking GC Explicit
08-06 02:30:57.399 13231 13260 I art     : Explicit concurrent mark sweep GC freed 10(352B) AllocSpace objects, 0(0B) LOS objects, 24% free, 48MB/64MB, paused 172us total 11.958ms
08-06 02:30:57.474 13231 13473 D OkHttp  : --> GET https://api-hillfair-2k16.herokuapp.com/api/app/events/special http/1.1
08-06 02:30:57.508 13231 13473 D OkHttp  : <-- 200 OK https://api-hillfair-2k16.herokuapp.com/api/app/events/special (33ms, 554-byte body)
08-06 02:30:57.564 13231 13231 I NAPPA_EXPERIMENTATION: MetricNetworkRequestExecutionTime: REQUEST_DURATION_SYSTEM='879',REQUEST_DURATION_OKHTTP='33',REQUEST_SYNCHRONOUS='FALSE',RESPONSE_CODE='200',RESPONSE_METHOD='GET',RESPONSE_LENGTH_OKHTTP='554',RESPONSE_LENGTH_HEADER='554',REQUEST_PROTOCOL='http/1.1',REQUEST_URL='https://api-hillfair-2k16.herokuapp.com/api/app/events/special',
08-06 02:30:57.663 13231 13243 I art     : Starting a blocking GC Explicit
08-06 02:30:57.680 13231 13243 I art     : Explicit concurrent mark sweep GC freed 5875(375KB) AllocSpace objects, 4(220KB) LOS objects, 24% free, 48MB/64MB, paused 348us total 16.674ms
08-06 02:30:57.687 13231 13243 I art     : Starting a blocking GC Explicit
08-06 02:30:57.700 13231 13243 I art     : Explicit concurrent mark sweep GC freed 1108(122KB) AllocSpace objects, 0(0B) LOS objects, 24% free, 48MB/64MB, paused 280us total 12.901ms
08-06 02:30:57.706 13231 13243 I art     : Starting a blocking GC Explicit
08-06 02:30:57.718 13231 13243 I art     : Explicit concurrent mark sweep GC freed 3(96B) AllocSpace objects, 0(0B) LOS objects, 24% free, 48MB/64MB, paused 247us total 12.058ms
08-06 02:30:57.724 13231 13243 I art     : Starting a blocking GC Explicit
08-06 02:30:57.737 13231 13243 I art     : Explicit concurrent mark sweep GC freed 3(96B) AllocSpace objects, 0(0B) LOS objects, 24% free, 48MB/64MB, paused 276us total 13.235ms
08-06 02:30:57.744 13231 13243 I art     : Starting a blocking GC Explicit
08-06 02:30:57.758 13231 13243 I art     : Explicit concurrent mark sweep GC freed 3(96B) AllocSpace objects, 0(0B) LOS objects, 24% free, 48MB/64MB, paused 263us total 13.675ms
08-06 02:30:58.046 13231 13327 I art     : Starting a blocking GC Explicit
08-06 02:30:58.067 13231 13327 I art     : Explicit concurrent mark sweep GC freed 7557(328KB) AllocSpace objects, 1(20KB) LOS objects, 24% free, 48MB/64MB, paused 469us total 21.106ms
08-06 02:30:58.074 13231 13327 I art     : Starting a blocking GC Explicit
08-06 02:30:58.087 13231 13327 I art     : Explicit concurrent mark sweep GC freed 1339(47KB) AllocSpace objects, 0(0B) LOS objects, 24% free, 48MB/64MB, paused 271us total 12.833ms
08-06 02:30:58.093 13231 13327 I art     : Starting a blocking GC Explicit
08-06 02:30:58.105 13231 13327 I art     : Explicit concurrent mark sweep GC freed 58(2480B) AllocSpace objects, 0(0B) LOS objects, 24% free, 48MB/64MB, paused 256us total 12.271ms
08-06 02:30:58.111 13231 13327 I art     : Starting a blocking GC Explicit
08-06 02:30:58.125 13231 13327 I art     : Explicit concurrent mark sweep GC freed 3(96B) AllocSpace objects, 0(0B) LOS objects, 24% free, 48MB/64MB, paused 259us total 13.363ms
08-06 02:30:58.131 13231 13327 I art     : Starting a blocking GC Explicit
08-06 02:30:58.144 13231 13327 I art     : Explicit concurrent mark sweep GC freed 3(96B) AllocSpace objects, 0(0B) LOS objects, 24% free, 48MB/64MB, paused 272us total 13.343ms
08-06 02:30:58.416 13231 13243 I art     : Starting a blocking GC Explicit
08-06 02:30:58.435 13231 13243 I art     : Explicit concurrent mark sweep GC freed 2068(272KB) AllocSpace objects, 1(20KB) LOS objects, 23% free, 52MB/68MB, paused 265us total 18.364ms
08-06 02:30:58.443 13231 13243 I art     : Starting a blocking GC Explicit
08-06 02:30:58.458 13231 13243 I art     : Explicit concurrent mark sweep GC freed 111(3KB) AllocSpace objects, 0(0B) LOS objects, 23% free, 52MB/68MB, paused 250us total 14.495ms
08-06 02:30:58.465 13231 13243 I art     : Starting a blocking GC Explicit
08-06 02:30:58.479 13231 13243 I art     : Explicit concurrent mark sweep GC freed 3(96B) AllocSpace objects, 0(0B) LOS objects, 23% free, 52MB/68MB, paused 208us total 13.760ms
08-06 02:30:58.485 13231 13243 I art     : Starting a blocking GC Explicit
08-06 02:30:58.499 13231 13243 I art     : Explicit concurrent mark sweep GC freed 3(96B) AllocSpace objects, 0(0B) LOS objects, 23% free, 52MB/68MB, paused 210us total 13.633ms
08-06 02:30:58.505 13231 13243 I art     : Starting a blocking GC Explicit
08-06 02:30:58.519 13231 13243 I art     : Explicit concurrent mark sweep GC freed 3(96B) AllocSpace objects, 0(0B) LOS objects, 23% free, 52MB/68MB, paused 201us total 13.642ms
08-06 02:30:58.840 13231 13327 I art     : Starting a blocking GC Explicit
08-06 02:30:58.865 13231 13327 I art     : Explicit concurrent mark sweep GC freed 1340(78KB) AllocSpace objects, 1(20KB) LOS objects, 23% free, 52MB/68MB, paused 255us total 24.202ms
08-06 02:30:58.875 13231 13327 I art     : Starting a blocking GC Explicit
08-06 02:30:58.890 13231 13327 I art     : Explicit concurrent mark sweep GC freed 20(704B) AllocSpace objects, 0(0B) LOS objects, 23% free, 52MB/68MB, paused 208us total 14.685ms
08-06 02:30:58.897 13231 13327 I art     : Starting a blocking GC Explicit
08-06 02:30:58.911 13231 13327 I art     : Explicit concurrent mark sweep GC freed 3(96B) AllocSpace objects, 0(0B) LOS objects, 23% free, 52MB/68MB, paused 212us total 13.893ms
08-06 02:30:58.917 13231 13327 I art     : Starting a blocking GC Explicit
08-06 02:30:58.932 13231 13327 I art     : Explicit concurrent mark sweep GC freed 3(96B) AllocSpace objects, 0(0B) LOS objects, 23% free, 52MB/68MB, paused 216us total 14.002ms
08-06 02:30:58.938 13231 13327 I art     : Starting a blocking GC Explicit
08-06 02:30:58.952 13231 13327 I art     : Explicit concurrent mark sweep GC freed 3(96B) AllocSpace objects, 0(0B) LOS objects, 23% free, 52MB/68MB, paused 210us total 13.830ms
08-06 02:30:59.272 13231 13260 I art     : Starting a blocking GC Explicit
08-06 02:30:59.291 13231 13260 I art     : Explicit concurrent mark sweep GC freed 1340(78KB) AllocSpace objects, 1(20KB) LOS objects, 23% free, 52MB/68MB, paused 222us total 18.641ms
08-06 02:30:59.297 13231 13260 I art     : Starting a blocking GC Explicit
08-06 02:30:59.310 13231 13260 I art     : Explicit concurrent mark sweep GC freed 20(704B) AllocSpace objects, 0(0B) LOS objects, 23% free, 52MB/68MB, paused 197us total 12.415ms
08-06 02:30:59.316 13231 13260 I art     : Starting a blocking GC Explicit
08-06 02:30:59.328 13231 13260 I art     : Explicit concurrent mark sweep GC freed 3(96B) AllocSpace objects, 0(0B) LOS objects, 23% free, 52MB/68MB, paused 196us total 12.211ms
08-06 02:30:59.334 13231 13260 I art     : Starting a blocking GC Explicit
08-06 02:30:59.346 13231 13260 I art     : Explicit concurrent mark sweep GC freed 3(96B) AllocSpace objects, 0(0B) LOS objects, 23% free, 52MB/68MB, paused 198us total 12.586ms
08-06 02:30:59.352 13231 13260 I art     : Starting a blocking GC Explicit
08-06 02:30:59.364 13231 13260 I art     : Explicit concurrent mark sweep GC freed 3(96B) AllocSpace objects, 0(0B) LOS objects, 23% free, 52MB/68MB, paused 181us total 12.233ms
08-06 02:30:59.668 13231 13244 I art     : Starting a blocking GC Explicit
08-06 02:30:59.689 13231 13244 I art     : Explicit concurrent mark sweep GC freed 1340(78KB) AllocSpace objects, 1(20KB) LOS objects, 23% free, 52MB/68MB, paused 244us total 20.325ms
08-06 02:30:59.698 13231 13244 I art     : Starting a blocking GC Explicit
08-06 02:30:59.712 13231 13244 I art     : Explicit concurrent mark sweep GC freed 20(704B) AllocSpace objects, 0(0B) LOS objects, 23% free, 52MB/68MB, paused 260us total 14.133ms
08-06 02:30:59.720 13231 13244 I art     : Starting a blocking GC Explicit
08-06 02:30:59.733 13231 13244 I art     : Explicit concurrent mark sweep GC freed 3(96B) AllocSpace objects, 0(0B) LOS objects, 23% free, 52MB/68MB, paused 215us total 13.656ms
08-06 02:30:59.740 13231 13244 I art     : Starting a blocking GC Explicit
08-06 02:30:59.754 13231 13244 I art     : Explicit concurrent mark sweep GC freed 3(96B) AllocSpace objects, 0(0B) LOS objects, 23% free, 52MB/68MB, paused 204us total 13.572ms
08-06 02:30:59.760 13231 13244 I art     : Starting a blocking GC Explicit
08-06 02:30:59.774 13231 13244 I art     : Explicit concurrent mark sweep GC freed 3(96B) AllocSpace objects, 0(0B) LOS objects, 23% free, 52MB/68MB, paused 216us total 13.677ms
08-06 02:31:00.063 13231 13243 I art     : Starting a blocking GC Explicit
08-06 02:31:00.078 13231 13243 I art     : Explicit concurrent mark sweep GC freed 1340(78KB) AllocSpace objects, 1(20KB) LOS objects, 23% free, 52MB/68MB, paused 225us total 15.406ms
08-06 02:31:00.085 13231 13243 I art     : Starting a blocking GC Explicit
08-06 02:31:00.099 13231 13243 I art     : Explicit concurrent mark sweep GC freed 20(704B) AllocSpace objects, 0(0B) LOS objects, 23% free, 52MB/68MB, paused 208us total 13.786ms
08-06 02:31:00.105 13231 13243 I art     : Starting a blocking GC Explicit
08-06 02:31:00.119 13231 13243 I art     : Explicit concurrent mark sweep GC freed 3(96B) AllocSpace objects, 0(0B) LOS objects, 23% free, 52MB/68MB, paused 205us total 13.449ms
08-06 02:31:00.125 13231 13243 I art     : Starting a blocking GC Explicit
08-06 02:31:00.139 13231 13243 I art     : Explicit concurrent mark sweep GC freed 3(96B) AllocSpace objects, 0(0B) LOS objects, 23% free, 52MB/68MB, paused 207us total 13.599ms
08-06 02:31:00.145 13231 13243 I art     : Starting a blocking GC Explicit
08-06 02:31:00.159 13231 13243 I art     : Explicit concurrent mark sweep GC freed 3(96B) AllocSpace objects, 0(0B) LOS objects, 23% free, 52MB/68MB, paused 217us total 13.418ms
08-06 02:31:00.442 13231 13327 I art     : Starting a blocking GC Explicit
08-06 02:31:00.457 13231 13327 I art     : Explicit concurrent mark sweep GC freed 1340(78KB) AllocSpace objects, 1(20KB) LOS objects, 23% free, 52MB/68MB, paused 282us total 14.966ms
08-06 02:31:00.464 13231 13327 I art     : Starting a blocking GC Explicit
08-06 02:31:00.478 13231 13327 I art     : Explicit concurrent mark sweep GC freed 20(704B) AllocSpace objects, 0(0B) LOS objects, 23% free, 52MB/68MB, paused 210us total 14.300ms
08-06 02:31:00.485 13231 13327 I art     : Starting a blocking GC Explicit
08-06 02:31:00.499 13231 13327 I art     : Explicit concurrent mark sweep GC freed 3(96B) AllocSpace objects, 0(0B) LOS objects, 23% free, 52MB/68MB, paused 220us total 13.894ms
08-06 02:31:00.505 13231 13327 I art     : Starting a blocking GC Explicit
08-06 02:31:00.519 13231 13327 I art     : Explicit concurrent mark sweep GC freed 3(96B) AllocSpace objects, 0(0B) LOS objects, 23% free, 52MB/68MB, paused 210us total 14.022ms
08-06 02:31:00.526 13231 13327 I art     : Starting a blocking GC Explicit
08-06 02:31:00.540 13231 13327 I art     : Explicit concurrent mark sweep GC freed 3(96B) AllocSpace objects, 0(0B) LOS objects, 23% free, 52MB/68MB, paused 210us total 14.062ms
08-06 02:31:00.854 13231 13260 I art     : Starting a blocking GC Explicit
08-06 02:31:00.880 13231 13260 I art     : Explicit concurrent mark sweep GC freed 1340(78KB) AllocSpace objects, 1(20KB) LOS objects, 23% free, 52MB/68MB, paused 279us total 25.204ms
08-06 02:31:00.889 13231 13260 I art     : Starting a blocking GC Explicit
08-06 02:31:00.903 13231 13260 I art     : Explicit concurrent mark sweep GC freed 20(704B) AllocSpace objects, 0(0B) LOS objects, 23% free, 52MB/68MB, paused 219us total 14.287ms
08-06 02:31:00.910 13231 13260 I art     : Starting a blocking GC Explicit
08-06 02:31:00.925 13231 13260 I art     : Explicit concurrent mark sweep GC freed 3(96B) AllocSpace objects, 0(0B) LOS objects, 23% free, 52MB/68MB, paused 208us total 13.739ms
08-06 02:31:00.931 13231 13260 I art     : Starting a blocking GC Explicit
08-06 02:31:00.945 13231 13260 I art     : Explicit concurrent mark sweep GC freed 3(96B) AllocSpace objects, 0(0B) LOS objects, 23% free, 52MB/68MB, paused 214us total 13.641ms
08-06 02:31:00.951 13231 13260 I art     : Starting a blocking GC Explicit
08-06 02:31:00.965 13231 13260 I art     : Explicit concurrent mark sweep GC freed 3(96B) AllocSpace objects, 0(0B) LOS objects, 23% free, 52MB/68MB, paused 209us total 13.593ms
08-06 02:31:01.263 13231 13244 I art     : Starting a blocking GC Explicit
08-06 02:31:01.283 13231 13244 I art     : Explicit concurrent mark sweep GC freed 1340(78KB) AllocSpace objects, 1(20KB) LOS objects, 23% free, 52MB/68MB, paused 258us total 19.474ms
08-06 02:31:01.290 13231 13244 I art     : Starting a blocking GC Explicit
08-06 02:31:01.304 13231 13244 I art     : Explicit concurrent mark sweep GC freed 20(704B) AllocSpace objects, 0(0B) LOS objects, 23% free, 52MB/68MB, paused 210us total 14.293ms
08-06 02:31:01.311 13231 13244 I art     : Starting a blocking GC Explicit
08-06 02:31:01.325 13231 13244 I art     : Explicit concurrent mark sweep GC freed 3(96B) AllocSpace objects, 0(0B) LOS objects, 23% free, 52MB/68MB, paused 205us total 13.608ms
08-06 02:31:01.331 13231 13244 I art     : Starting a blocking GC Explicit
08-06 02:31:01.345 13231 13244 I art     : Explicit concurrent mark sweep GC freed 3(96B) AllocSpace objects, 0(0B) LOS objects, 23% free, 52MB/68MB, paused 197us total 13.341ms
08-06 02:31:01.351 13231 13244 I art     : Starting a blocking GC Explicit
08-06 02:31:01.365 13231 13244 I art     : Explicit concurrent mark sweep GC freed 3(96B) AllocSpace objects, 0(0B) LOS objects, 23% free, 52MB/68MB, paused 208us total 13.609ms
08-06 02:31:01.676 13231 13243 I art     : Starting a blocking GC Explicit
08-06 02:31:01.700 13231 13243 I art     : Explicit concurrent mark sweep GC freed 1340(78KB) AllocSpace objects, 1(20KB) LOS objects, 23% free, 52MB/68MB, paused 274us total 23.909ms
08-06 02:31:01.712 13231 13243 I art     : Starting a blocking GC Explicit
08-06 02:31:01.730 13231 13243 I art     : Explicit concurrent mark sweep GC freed 20(704B) AllocSpace objects, 0(0B) LOS objects, 23% free, 52MB/68MB, paused 301us total 18.217ms
08-06 02:31:01.739 13231 13243 I art     : Starting a blocking GC Explicit
08-06 02:31:01.753 13231 13243 I art     : Explicit concurrent mark sweep GC freed 3(96B) AllocSpace objects, 0(0B) LOS objects, 23% free, 52MB/68MB, paused 202us total 14.001ms
08-06 02:31:01.759 13231 13243 I art     : Starting a blocking GC Explicit
08-06 02:31:01.773 13231 13243 I art     : Explicit concurrent mark sweep GC freed 3(96B) AllocSpace objects, 0(0B) LOS objects, 23% free, 52MB/68MB, paused 206us total 14.055ms
08-06 02:31:01.781 13231 13243 I art     : Starting a blocking GC Explicit
08-06 02:31:01.794 13231 13243 I art     : Explicit concurrent mark sweep GC freed 3(96B) AllocSpace objects, 0(0B) LOS objects, 23% free, 52MB/68MB, paused 209us total 13.604ms
08-06 02:31:02.121 13231 13327 I art     : Starting a blocking GC Explicit
08-06 02:31:02.143 13231 13327 I art     : Explicit concurrent mark sweep GC freed 1340(78KB) AllocSpace objects, 1(20KB) LOS objects, 23% free, 52MB/68MB, paused 287us total 21.376ms
08-06 02:31:02.153 13231 13327 I art     : Starting a blocking GC Explicit
08-06 02:31:02.172 13231 13327 I art     : Explicit concurrent mark sweep GC freed 20(704B) AllocSpace objects, 0(0B) LOS objects, 23% free, 52MB/68MB, paused 240us total 17.880ms
08-06 02:31:02.178 13231 13327 I art     : Starting a blocking GC Explicit
08-06 02:31:02.193 13231 13327 I art     : Explicit concurrent mark sweep GC freed 3(96B) AllocSpace objects, 0(0B) LOS objects, 23% free, 52MB/68MB, paused 240us total 14.253ms
08-06 02:31:02.200 13231 13327 I art     : Starting a blocking GC Explicit
08-06 02:31:02.212 13231 13327 I art     : Explicit concurrent mark sweep GC freed 3(96B) AllocSpace objects, 0(0B) LOS objects, 23% free, 52MB/68MB, paused 193us total 12.373ms
08-06 02:31:02.218 13231 13327 I art     : Starting a blocking GC Explicit
08-06 02:31:02.231 13231 13327 I art     : Explicit concurrent mark sweep GC freed 3(96B) AllocSpace objects, 0(0B) LOS objects, 23% free, 52MB/68MB, paused 198us total 12.424ms
08-06 02:31:02.543 13231 13260 I art     : Starting a blocking GC Explicit
08-06 02:31:02.563 13231 13260 I art     : Explicit concurrent mark sweep GC freed 1340(78KB) AllocSpace objects, 1(20KB) LOS objects, 23% free, 52MB/68MB, paused 243us total 20.464ms
08-06 02:31:02.574 13231 13260 I art     : Starting a blocking GC Explicit
08-06 02:31:02.592 13231 13260 I art     : Explicit concurrent mark sweep GC freed 20(704B) AllocSpace objects, 0(0B) LOS objects, 23% free, 52MB/68MB, paused 238us total 18.426ms
08-06 02:31:02.602 13231 13260 I art     : Starting a blocking GC Explicit
08-06 02:31:02.616 13231 13260 I art     : Explicit concurrent mark sweep GC freed 3(96B) AllocSpace objects, 0(0B) LOS objects, 23% free, 52MB/68MB, paused 202us total 13.993ms
08-06 02:31:02.623 13231 13260 I art     : Starting a blocking GC Explicit
08-06 02:31:02.637 13231 13260 I art     : Explicit concurrent mark sweep GC freed 3(96B) AllocSpace objects, 0(0B) LOS objects, 23% free, 52MB/68MB, paused 246us total 13.991ms
08-06 02:31:02.644 13231 13260 I art     : Starting a blocking GC Explicit
08-06 02:31:02.658 13231 13260 I art     : Explicit concurrent mark sweep GC freed 3(96B) AllocSpace objects, 0(0B) LOS objects, 23% free, 52MB/68MB, paused 206us total 13.797ms
08-06 02:31:02.955 13231 13244 I art     : Starting a blocking GC Explicit
08-06 02:31:02.975 13231 13244 I art     : Explicit concurrent mark sweep GC freed 1340(78KB) AllocSpace objects, 1(20KB) LOS objects, 23% free, 52MB/68MB, paused 260us total 19.809ms
08-06 02:31:02.984 13231 13244 I art     : Starting a blocking GC Explicit
08-06 02:31:02.999 13231 13244 I art     : Explicit concurrent mark sweep GC freed 20(704B) AllocSpace objects, 0(0B) LOS objects, 23% free, 52MB/68MB, paused 209us total 14.650ms
08-06 02:31:03.006 13231 13244 I art     : Starting a blocking GC Explicit
08-06 02:31:03.020 13231 13244 I art     : Explicit concurrent mark sweep GC freed 3(96B) AllocSpace objects, 0(0B) LOS objects, 23% free, 52MB/68MB, paused 209us total 14.119ms
08-06 02:31:03.026 13231 13244 I art     : Starting a blocking GC Explicit
08-06 02:31:03.040 13231 13244 I art     : Explicit concurrent mark sweep GC freed 3(96B) AllocSpace objects, 0(0B) LOS objects, 23% free, 52MB/68MB, paused 200us total 13.603ms
08-06 02:31:03.046 13231 13244 I art     : Starting a blocking GC Explicit
08-06 02:31:03.060 13231 13244 I art     : Explicit concurrent mark sweep GC freed 3(96B) AllocSpace objects, 0(0B) LOS objects, 23% free, 52MB/68MB, paused 205us total 13.757ms
08-06 02:31:03.374 13231 13243 I art     : Starting a blocking GC Explicit
08-06 02:31:03.394 13231 13243 I art     : Explicit concurrent mark sweep GC freed 1340(78KB) AllocSpace objects, 1(20KB) LOS objects, 23% free, 52MB/68MB, paused 251us total 20.036ms
08-06 02:31:03.403 13231 13243 I art     : Starting a blocking GC Explicit
08-06 02:31:03.417 13231 13243 I art     : Explicit concurrent mark sweep GC freed 20(704B) AllocSpace objects, 0(0B) LOS objects, 23% free, 52MB/68MB, paused 230us total 14.236ms
08-06 02:31:03.424 13231 13243 I art     : Starting a blocking GC Explicit
08-06 02:31:03.438 13231 13243 I art     : Explicit concurrent mark sweep GC freed 3(96B) AllocSpace objects, 0(0B) LOS objects, 23% free, 52MB/68MB, paused 209us total 14.006ms
08-06 02:31:03.444 13231 13243 I art     : Starting a blocking GC Explicit
08-06 02:31:03.458 13231 13243 I art     : Explicit concurrent mark sweep GC freed 3(96B) AllocSpace objects, 0(0B) LOS objects, 23% free, 52MB/68MB, paused 197us total 13.716ms
08-06 02:31:03.465 13231 13243 I art     : Starting a blocking GC Explicit
08-06 02:31:03.478 13231 13243 I art     : Explicit concurrent mark sweep GC freed 3(96B) AllocSpace objects, 0(0B) LOS objects, 23% free, 52MB/68MB, paused 209us total 13.630ms
08-06 02:31:03.783 13231 13327 I art     : Starting a blocking GC Explicit
08-06 02:31:03.804 13231 13327 I art     : Explicit concurrent mark sweep GC freed 1340(78KB) AllocSpace objects, 1(20KB) LOS objects, 23% free, 52MB/68MB, paused 245us total 19.643ms
08-06 02:31:03.813 13231 13327 I art     : Starting a blocking GC Explicit
08-06 02:31:03.827 13231 13327 I art     : Explicit concurrent mark sweep GC freed 20(704B) AllocSpace objects, 0(0B) LOS objects, 23% free, 52MB/68MB, paused 227us total 14.285ms
08-06 02:31:03.834 13231 13327 I art     : Starting a blocking GC Explicit
08-06 02:31:03.849 13231 13327 I art     : Explicit concurrent mark sweep GC freed 3(96B) AllocSpace objects, 0(0B) LOS objects, 23% free, 52MB/68MB, paused 209us total 14.403ms
08-06 02:31:03.855 13231 13327 I art     : Starting a blocking GC Explicit
08-06 02:31:03.869 13231 13327 I art     : Explicit concurrent mark sweep GC freed 3(96B) AllocSpace objects, 0(0B) LOS objects, 23% free, 52MB/68MB, paused 198us total 13.932ms
08-06 02:31:03.876 13231 13327 I art     : Starting a blocking GC Explicit
08-06 02:31:03.890 13231 13327 I art     : Explicit concurrent mark sweep GC freed 3(96B) AllocSpace objects, 0(0B) LOS objects, 23% free, 52MB/68MB, paused 230us total 13.951ms
08-06 02:31:04.212 13231 13260 I art     : Starting a blocking GC Explicit
08-06 02:31:04.235 13231 13260 I art     : Explicit concurrent mark sweep GC freed 1340(78KB) AllocSpace objects, 1(20KB) LOS objects, 23% free, 52MB/68MB, paused 309us total 22.322ms
08-06 02:31:04.246 13231 13260 I art     : Starting a blocking GC Explicit
08-06 02:31:04.260 13231 13260 I art     : Explicit concurrent mark sweep GC freed 20(704B) AllocSpace objects, 0(0B) LOS objects, 23% free, 52MB/68MB, paused 203us total 14.309ms
08-06 02:31:04.267 13231 13260 I art     : Starting a blocking GC Explicit
08-06 02:31:04.280 13231 13260 I art     : Explicit concurrent mark sweep GC freed 3(96B) AllocSpace objects, 0(0B) LOS objects, 23% free, 52MB/68MB, paused 183us total 13.488ms
08-06 02:31:04.287 13231 13260 I art     : Starting a blocking GC Explicit
08-06 02:31:04.300 13231 13260 I art     : Explicit concurrent mark sweep GC freed 3(96B) AllocSpace objects, 0(0B) LOS objects, 23% free, 52MB/68MB, paused 215us total 13.062ms
08-06 02:31:04.306 13231 13260 I art     : Starting a blocking GC Explicit
08-06 02:31:04.320 13231 13260 I art     : Explicit concurrent mark sweep GC freed 3(96B) AllocSpace objects, 0(0B) LOS objects, 23% free, 52MB/68MB, paused 207us total 13.248ms
08-06 02:31:04.634 13231 13244 I art     : Starting a blocking GC Explicit
08-06 02:31:04.650 13231 13244 I art     : Explicit concurrent mark sweep GC freed 1340(78KB) AllocSpace objects, 1(20KB) LOS objects, 23% free, 52MB/68MB, paused 229us total 15.906ms
08-06 02:31:04.657 13231 13244 I art     : Starting a blocking GC Explicit
08-06 02:31:04.671 13231 13244 I art     : Explicit concurrent mark sweep GC freed 20(704B) AllocSpace objects, 0(0B) LOS objects, 23% free, 52MB/68MB, paused 205us total 14.185ms
08-06 02:31:04.678 13231 13244 I art     : Starting a blocking GC Explicit
08-06 02:31:04.693 13231 13244 I art     : Explicit concurrent mark sweep GC freed 3(96B) AllocSpace objects, 0(0B) LOS objects, 23% free, 52MB/68MB, paused 207us total 14.359ms
08-06 02:31:04.699 13231 13244 I art     : Starting a blocking GC Explicit
08-06 02:31:04.713 13231 13244 I art     : Explicit concurrent mark sweep GC freed 3(96B) AllocSpace objects, 0(0B) LOS objects, 23% free, 52MB/68MB, paused 193us total 13.665ms
08-06 02:31:04.720 13231 13244 I art     : Starting a blocking GC Explicit
08-06 02:31:04.733 13231 13244 I art     : Explicit concurrent mark sweep GC freed 3(96B) AllocSpace objects, 0(0B) LOS objects, 23% free, 52MB/68MB, paused 194us total 13.621ms
08-06 02:31:05.011 13231 13243 I art     : Starting a blocking GC Explicit
08-06 02:31:05.026 13231 13243 I art     : Explicit concurrent mark sweep GC freed 1340(78KB) AllocSpace objects, 1(20KB) LOS objects, 23% free, 52MB/68MB, paused 229us total 14.359ms
08-06 02:31:05.033 13231 13243 I art     : Starting a blocking GC Explicit
08-06 02:31:05.047 13231 13243 I art     : Explicit concurrent mark sweep GC freed 20(704B) AllocSpace objects, 0(0B) LOS objects, 23% free, 52MB/68MB, paused 222us total 14.082ms
08-06 02:31:05.053 13231 13243 I art     : Starting a blocking GC Explicit
08-06 02:31:05.067 13231 13243 I art     : Explicit concurrent mark sweep GC freed 3(96B) AllocSpace objects, 0(0B) LOS objects, 23% free, 52MB/68MB, paused 272us total 13.167ms
08-06 02:31:05.073 13231 13243 I art     : Starting a blocking GC Explicit
08-06 02:31:05.086 13231 13243 I art     : Explicit concurrent mark sweep GC freed 3(96B) AllocSpace objects, 0(0B) LOS objects, 23% free, 52MB/68MB, paused 205us total 13.170ms
08-06 02:31:05.092 13231 13243 I art     : Starting a blocking GC Explicit
08-06 02:31:05.106 13231 13243 I art     : Explicit concurrent mark sweep GC freed 3(96B) AllocSpace objects, 0(0B) LOS objects, 23% free, 52MB/68MB, paused 219us total 13.400ms
08-06 02:31:05.245 13688 13688 D AndroidRuntime: >>>>>> START com.android.internal.os.RuntimeInit uid 2000 <<<<<<
08-06 02:31:05.251 13688 13688 D AndroidRuntime: CheckJNI is OFF
08-06 02:31:05.277 13688 13688 D ICU     : No timezone override file found: /data/misc/zoneinfo/current/icu/icu_tzdata.dat
08-06 02:31:05.302 13688 13688 I Radio-JNI: register_android_hardware_Radio DONE
08-06 02:31:05.318 13688 13688 D AndroidRuntime: Calling main entry com.android.commands.input.Input
08-06 02:31:05.319 13688 13688 I Input   : injectMotionEvent: MotionEvent { action=ACTION_DOWN, actionButton=0, id[0]=0, x[0]=733.0, y[0]=645.0, toolType[0]=TOOL_TYPE_UNKNOWN, buttonState=0, metaState=0, flags=0x0, edgeFlags=0x0, pointerCount=1, historySize=0, eventTime=844281732, downTime=844281732, deviceId=0, source=0x1002 }
08-06 02:31:05.325 13688 13688 I Input   : injectMotionEvent: MotionEvent { action=ACTION_UP, actionButton=0, id[0]=0, x[0]=733.0, y[0]=645.0, toolType[0]=TOOL_TYPE_UNKNOWN, buttonState=0, metaState=0, flags=0x0, edgeFlags=0x0, pointerCount=1, historySize=0, eventTime=844281732, downTime=844281732, deviceId=0, source=0x1002 }
08-06 02:31:05.327   918  4400 I ActivityManager: START u0 {cmp=baseline.appteam.nith.hillffair/.activities.ClubActivity (has extras)} from uid 10697 on display 0
08-06 02:31:05.335 13688 13688 D AndroidRuntime: Shutting down VM
08-06 02:31:05.383 13231 13327 I art     : Starting a blocking GC Explicit
08-06 02:31:05.397 13231 13327 I art     : Explicit concurrent mark sweep GC freed 5014(316KB) AllocSpace objects, 1(20KB) LOS objects, 23% free, 52MB/68MB, paused 247us total 13.838ms
08-06 02:31:05.404 13231 13327 I art     : Starting a blocking GC Explicit
08-06 02:31:05.418 13231 13327 I art     : Explicit concurrent mark sweep GC freed 337(14KB) AllocSpace objects, 0(0B) LOS objects, 23% free, 52MB/68MB, paused 394us total 14.436ms
08-06 02:31:05.426 13231 13327 I art     : Starting a blocking GC Explicit
08-06 02:31:05.428   918   936 I ActivityManager: Displayed baseline.appteam.nith.hillffair/.activities.ClubActivity: +93ms
08-06 02:31:05.429 13866 13866 I GoogleInputMethodServic: GoogleInputMethodService.onFinishInput():3138 
08-06 02:31:05.429 13866 13866 I GoogleInputMethodServic: GoogleInputMethodService.onStartInput():1808 
08-06 02:31:05.440 13231 13327 I art     : Explicit concurrent mark sweep GC freed 64(3KB) AllocSpace objects, 0(0B) LOS objects, 23% free, 52MB/68MB, paused 391us total 13.276ms
08-06 02:31:05.446 13231 13327 I art     : Starting a blocking GC Explicit
08-06 02:31:05.461 13231 13327 I art     : Explicit concurrent mark sweep GC freed 72(4KB) AllocSpace objects, 0(0B) LOS objects, 23% free, 52MB/68MB, paused 244us total 14.703ms
08-06 02:31:05.468 13231 13327 I art     : Starting a blocking GC Explicit
08-06 02:31:05.481 13231 13327 I art     : Explicit concurrent mark sweep GC freed 7(240B) AllocSpace objects, 0(0B) LOS objects, 23% free, 52MB/68MB, paused 249us total 13.152ms
08-06 02:31:05.687   380   380 W SurfaceFlinger: couldn't log to binary event log: overflow.
08-06 02:31:05.742 13231 13244 I art     : Starting a blocking GC Explicit
08-06 02:31:05.756 13231 13244 I art     : Explicit concurrent mark sweep GC freed 1343(78KB) AllocSpace objects, 1(20KB) LOS objects, 23% free, 52MB/68MB, paused 226us total 13.024ms
08-06 02:31:05.762 13231 13244 I art     : Starting a blocking GC Explicit
08-06 02:31:05.775 13231 13244 I art     : Explicit concurrent mark sweep GC freed 20(704B) AllocSpace objects, 0(0B) LOS objects, 23% free, 52MB/68MB, paused 227us total 12.599ms
08-06 02:31:05.781 13231 13244 I art     : Starting a blocking GC Explicit
08-06 02:31:05.795 13231 13244 I art     : Explicit concurrent mark sweep GC freed 3(96B) AllocSpace objects, 0(0B) LOS objects, 23% free, 52MB/68MB, paused 232us total 13.136ms
08-06 02:31:05.801 13231 13244 I art     : Starting a blocking GC Explicit
08-06 02:31:05.818 13231 13244 I art     : Explicit concurrent mark sweep GC freed 109(6KB) AllocSpace objects, 0(0B) LOS objects, 23% free, 52MB/68MB, paused 287us total 15.849ms
08-06 02:31:05.824 13231 13244 I art     : Starting a blocking GC Explicit
08-06 02:31:05.838 13231 13244 I art     : Explicit concurrent mark sweep GC freed 20(1568B) AllocSpace objects, 0(0B) LOS objects, 23% free, 52MB/68MB, paused 242us total 13.654ms
08-06 02:31:06.082 13231 13719 D OkHttp  : --> GET https://api-hillfair-2k16.herokuapp.com/api/app/events/special/event?id=5806551bdcba0f490c70fd1f http/1.1
08-06 02:31:06.111 13231 13243 I art     : Starting a blocking GC Explicit
08-06 02:31:06.121 13231 13719 D OkHttp  : <-- 200 OK https://api-hillfair-2k16.herokuapp.com/api/app/events/special/event?id=5806551bdcba0f490c70fd1f (38ms, 795-byte body)
08-06 02:31:06.128 13231 13243 I art     : Explicit concurrent mark sweep GC freed 4158(249KB) AllocSpace objects, 4(220KB) LOS objects, 23% free, 52MB/68MB, paused 285us total 17.691ms
08-06 02:31:06.135 13231 13243 I art     : Starting a blocking GC Explicit
08-06 02:31:06.150 13231 13243 I art     : Explicit concurrent mark sweep GC freed 1040(120KB) AllocSpace objects, 0(0B) LOS objects, 23% free, 52MB/68MB, paused 249us total 14.852ms
08-06 02:31:06.156 13231 13243 I art     : Starting a blocking GC Explicit
08-06 02:31:06.171 13231 13243 I art     : Explicit concurrent mark sweep GC freed 81(5KB) AllocSpace objects, 0(0B) LOS objects, 23% free, 52MB/68MB, paused 311us total 14.809ms
08-06 02:31:06.172 13231 13231 I NAPPA_EXPERIMENTATION: MetricNetworkRequestExecutionTime: REQUEST_DURATION_SYSTEM='811',REQUEST_DURATION_OKHTTP='38',REQUEST_SYNCHRONOUS='FALSE',RESPONSE_CODE='200',RESPONSE_METHOD='GET',RESPONSE_LENGTH_OKHTTP='795',RESPONSE_LENGTH_HEADER='795',REQUEST_PROTOCOL='http/1.1',REQUEST_URL='https://api-hillfair-2k16.herokuapp.com/api/app/events/special/event?id=5806551bdcba0f490c70fd1f',
08-06 02:31:06.178 13231 13243 I art     : Starting a blocking GC Explicit
08-06 02:31:06.191 13231 13243 I art     : Explicit concurrent mark sweep GC freed 496(61KB) AllocSpace objects, 0(0B) LOS objects, 23% free, 52MB/68MB, paused 299us total 13.305ms
08-06 02:31:06.197 13231 13243 I art     : Starting a blocking GC Explicit
08-06 02:31:06.210 13231 13243 I art     : Explicit concurrent mark sweep GC freed 81(3KB) AllocSpace objects, 0(0B) LOS objects, 23% free, 52MB/68MB, paused 227us total 12.805ms
08-06 02:31:06.473 13231 13243 I art     : Starting a blocking GC Explicit
08-06 02:31:06.490 13231 13243 I art     : Explicit concurrent mark sweep GC freed 1379(99KB) AllocSpace objects, 1(20KB) LOS objects, 23% free, 52MB/68MB, paused 238us total 17.244ms
08-06 02:31:06.498 13231 13243 I art     : Starting a blocking GC Explicit
08-06 02:31:06.514 13231 13243 I art     : Explicit concurrent mark sweep GC freed 23(800B) AllocSpace objects, 0(0B) LOS objects, 23% free, 52MB/68MB, paused 226us total 15.451ms
08-06 02:31:06.520 13231 13243 I art     : Starting a blocking GC Explicit
08-06 02:31:06.536 13231 13243 I art     : Explicit concurrent mark sweep GC freed 3(96B) AllocSpace objects, 0(0B) LOS objects, 23% free, 52MB/68MB, paused 229us total 15.322ms
08-06 02:31:06.544 13231 13243 I art     : Starting a blocking GC Explicit
08-06 02:31:06.558 13231 13243 I art     : Explicit concurrent mark sweep GC freed 3(96B) AllocSpace objects, 0(0B) LOS objects, 23% free, 52MB/68MB, paused 222us total 13.798ms
08-06 02:31:06.564 13231 13243 I art     : Starting a blocking GC Explicit
08-06 02:31:06.578 13231 13243 I art     : Explicit concurrent mark sweep GC freed 3(96B) AllocSpace objects, 0(0B) LOS objects, 23% free, 52MB/68MB, paused 226us total 14.035ms
08-06 02:31:06.853 13231 13327 I art     : Starting a blocking GC Explicit
08-06 02:31:06.871 13231 13327 I art     : Explicit concurrent mark sweep GC freed 1358(78KB) AllocSpace objects, 1(20KB) LOS objects, 23% free, 52MB/68MB, paused 267us total 18.121ms
08-06 02:31:06.882 13231 13327 I art     : Starting a blocking GC Explicit
08-06 02:31:06.897 13231 13327 I art     : Explicit concurrent mark sweep GC freed 20(704B) AllocSpace objects, 0(0B) LOS objects, 23% free, 52MB/68MB, paused 227us total 14.858ms
08-06 02:31:06.903 13231 13327 I art     : Starting a blocking GC Explicit
08-06 02:31:06.918 13231 13327 I art     : Explicit concurrent mark sweep GC freed 3(96B) AllocSpace objects, 0(0B) LOS objects, 23% free, 52MB/68MB, paused 224us total 14.669ms
08-06 02:31:06.925 13231 13327 I art     : Starting a blocking GC Explicit
08-06 02:31:06.939 13231 13327 I art     : Explicit concurrent mark sweep GC freed 3(96B) AllocSpace objects, 0(0B) LOS objects, 23% free, 52MB/68MB, paused 213us total 14.611ms
08-06 02:31:06.946 13231 13327 I art     : Starting a blocking GC Explicit
08-06 02:31:06.960 13231 13327 I art     : Explicit concurrent mark sweep GC freed 3(96B) AllocSpace objects, 0(0B) LOS objects, 23% free, 52MB/68MB, paused 224us total 14.411ms
08-06 02:31:07.294 13231 13260 I art     : Starting a blocking GC Explicit
08-06 02:31:07.319 13231 13260 I art     : Explicit concurrent mark sweep GC freed 1341(78KB) AllocSpace objects, 1(20KB) LOS objects, 23% free, 52MB/68MB, paused 273us total 24.942ms
08-06 02:31:07.330 13231 13260 I art     : Starting a blocking GC Explicit
08-06 02:31:07.349 13231 13260 I art     : Explicit concurrent mark sweep GC freed 20(704B) AllocSpace objects, 0(0B) LOS objects, 23% free, 52MB/68MB, paused 246us total 18.905ms
08-06 02:31:07.357 13231 13260 I art     : Starting a blocking GC Explicit
08-06 02:31:07.372 13231 13260 I art     : Explicit concurrent mark sweep GC freed 3(96B) AllocSpace objects, 0(0B) LOS objects, 23% free, 52MB/68MB, paused 230us total 15.363ms
08-06 02:31:07.379 13231 13260 I art     : Starting a blocking GC Explicit
08-06 02:31:07.394 13231 13260 I art     : Explicit concurrent mark sweep GC freed 3(96B) AllocSpace objects, 0(0B) LOS objects, 23% free, 52MB/68MB, paused 228us total 14.120ms
08-06 02:31:07.400 13231 13260 I art     : Starting a blocking GC Explicit
08-06 02:31:07.415 13231 13260 I art     : Explicit concurrent mark sweep GC freed 3(96B) AllocSpace objects, 0(0B) LOS objects, 23% free, 52MB/68MB, paused 218us total 14.207ms
08-06 02:31:07.740 13231 13243 I art     : Starting a blocking GC Explicit
08-06 02:31:07.765 13231 13243 I art     : Explicit concurrent mark sweep GC freed 1341(78KB) AllocSpace objects, 1(20KB) LOS objects, 23% free, 52MB/68MB, paused 277us total 25.183ms
08-06 02:31:07.777 13231 13243 I art     : Starting a blocking GC Explicit
08-06 02:31:07.796 13231 13243 I art     : Explicit concurrent mark sweep GC freed 20(704B) AllocSpace objects, 0(0B) LOS objects, 23% free, 52MB/68MB, paused 248us total 18.848ms
08-06 02:31:07.806 13231 13243 I art     : Starting a blocking GC Explicit
08-06 02:31:07.821 13231 13243 I art     : Explicit concurrent mark sweep GC freed 3(96B) AllocSpace objects, 0(0B) LOS objects, 23% free, 52MB/68MB, paused 265us total 15.255ms
08-06 02:31:07.828 13231 13243 I art     : Starting a blocking GC Explicit
08-06 02:31:07.843 13231 13243 I art     : Explicit concurrent mark sweep GC freed 3(96B) AllocSpace objects, 0(0B) LOS objects, 23% free, 52MB/68MB, paused 214us total 14.355ms
08-06 02:31:07.849 13231 13243 I art     : Starting a blocking GC Explicit
08-06 02:31:07.863 13231 13243 I art     : Explicit concurrent mark sweep GC freed 3(96B) AllocSpace objects, 0(0B) LOS objects, 23% free, 52MB/68MB, paused 217us total 14.041ms
08-06 02:31:08.162 13231 13244 I art     : Starting a blocking GC Explicit
08-06 02:31:08.179 13231 13244 I art     : Explicit concurrent mark sweep GC freed 1341(78KB) AllocSpace objects, 1(20KB) LOS objects, 23% free, 52MB/68MB, paused 230us total 17.157ms
08-06 02:31:08.186 13231 13244 I art     : Starting a blocking GC Explicit
08-06 02:31:08.202 13231 13244 I art     : Explicit concurrent mark sweep GC freed 20(704B) AllocSpace objects, 0(0B) LOS objects, 23% free, 52MB/68MB, paused 223us total 15.423ms
08-06 02:31:08.209 13231 13244 I art     : Starting a blocking GC Explicit
08-06 02:31:08.225 13231 13244 I art     : Explicit concurrent mark sweep GC freed 3(96B) AllocSpace objects, 0(0B) LOS objects, 23% free, 52MB/68MB, paused 228us total 15.454ms
08-06 02:31:08.231 13231 13244 I art     : Starting a blocking GC Explicit
08-06 02:31:08.247 13231 13244 I art     : Explicit concurrent mark sweep GC freed 3(96B) AllocSpace objects, 0(0B) LOS objects, 23% free, 52MB/68MB, paused 287us total 15.070ms
08-06 02:31:08.253 13231 13244 I art     : Starting a blocking GC Explicit
08-06 02:31:08.268 13231 13244 I art     : Explicit concurrent mark sweep GC freed 3(96B) AllocSpace objects, 0(0B) LOS objects, 23% free, 52MB/68MB, paused 255us total 14.903ms
08-06 02:31:08.565 13231 13327 I art     : Starting a blocking GC Explicit
08-06 02:31:08.586 13231 13327 I art     : Explicit concurrent mark sweep GC freed 1341(78KB) AllocSpace objects, 1(20KB) LOS objects, 23% free, 52MB/68MB, paused 237us total 20.589ms
08-06 02:31:08.598 13231 13327 I art     : Starting a blocking GC Explicit
08-06 02:31:08.618 13231 13327 I art     : Explicit concurrent mark sweep GC freed 20(704B) AllocSpace objects, 0(0B) LOS objects, 23% free, 52MB/68MB, paused 260us total 19.620ms
08-06 02:31:08.626 13231 13327 I art     : Starting a blocking GC Explicit
08-06 02:31:08.642 13231 13327 I art     : Explicit concurrent mark sweep GC freed 3(96B) AllocSpace objects, 0(0B) LOS objects, 23% free, 52MB/68MB, paused 222us total 15.007ms
08-06 02:31:08.648 13231 13327 I art     : Starting a blocking GC Explicit
08-06 02:31:08.663 13231 13327 I art     : Explicit concurrent mark sweep GC freed 3(96B) AllocSpace objects, 0(0B) LOS objects, 23% free, 52MB/68MB, paused 221us total 14.751ms
08-06 02:31:08.670 13231 13327 I art     : Starting a blocking GC Explicit
08-06 02:31:08.685 13231 13327 I art     : Explicit concurrent mark sweep GC freed 3(96B) AllocSpace objects, 0(0B) LOS objects, 23% free, 52MB/68MB, paused 216us total 14.879ms
08-06 02:31:09.004 13231 13260 I art     : Starting a blocking GC Explicit
08-06 02:31:09.026 13231 13260 I art     : Explicit concurrent mark sweep GC freed 1341(78KB) AllocSpace objects, 1(20KB) LOS objects, 23% free, 52MB/68MB, paused 260us total 21.553ms
08-06 02:31:09.037 13231 13260 I art     : Starting a blocking GC Explicit
08-06 02:31:09.054 13231 13260 I art     : Explicit concurrent mark sweep GC freed 20(704B) AllocSpace objects, 0(0B) LOS objects, 23% free, 52MB/68MB, paused 233us total 17.305ms
08-06 02:31:09.061 13231 13260 I art     : Starting a blocking GC Explicit
08-06 02:31:09.076 13231 13260 I art     : Explicit concurrent mark sweep GC freed 3(96B) AllocSpace objects, 0(0B) LOS objects, 23% free, 52MB/68MB, paused 225us total 14.806ms
08-06 02:31:09.083 13231 13260 I art     : Starting a blocking GC Explicit
08-06 02:31:09.098 13231 13260 I art     : Explicit concurrent mark sweep GC freed 3(96B) AllocSpace objects, 0(0B) LOS objects, 23% free, 52MB/68MB, paused 255us total 14.773ms
08-06 02:31:09.104 13231 13260 I art     : Starting a blocking GC Explicit
08-06 02:31:09.119 13231 13260 I art     : Explicit concurrent mark sweep GC freed 3(96B) AllocSpace objects, 0(0B) LOS objects, 23% free, 52MB/68MB, paused 235us total 14.907ms
08-06 02:31:09.416 13231 13243 I art     : Starting a blocking GC Explicit
08-06 02:31:09.432 13231 13243 I art     : Explicit concurrent mark sweep GC freed 1341(78KB) AllocSpace objects, 1(20KB) LOS objects, 23% free, 52MB/68MB, paused 226us total 15.634ms
08-06 02:31:09.438 13231 13243 I art     : Starting a blocking GC Explicit
08-06 02:31:09.454 13231 13243 I art     : Explicit concurrent mark sweep GC freed 20(704B) AllocSpace objects, 0(0B) LOS objects, 23% free, 52MB/68MB, paused 224us total 15.235ms
08-06 02:31:09.461 13231 13243 I art     : Starting a blocking GC Explicit
08-06 02:31:09.476 13231 13243 I art     : Explicit concurrent mark sweep GC freed 3(96B) AllocSpace objects, 0(0B) LOS objects, 23% free, 52MB/68MB, paused 224us total 15.210ms
08-06 02:31:09.483 13231 13243 I art     : Starting a blocking GC Explicit
08-06 02:31:09.498 13231 13243 I art     : Explicit concurrent mark sweep GC freed 3(96B) AllocSpace objects, 0(0B) LOS objects, 23% free, 52MB/68MB, paused 232us total 14.798ms
08-06 02:31:09.504 13231 13243 I art     : Starting a blocking GC Explicit
08-06 02:31:09.519 13231 13243 I art     : Explicit concurrent mark sweep GC freed 3(96B) AllocSpace objects, 0(0B) LOS objects, 23% free, 52MB/68MB, paused 254us total 14.771ms
08-06 02:31:09.667   918  1210 D NetlinkSocketObserver: NeighborEvent{elapsedMs=1827673542, 192.168.2.254, [7C3953A63323], RTM_NEWNEIGH, NUD_STALE}
08-06 02:31:09.840 13231 13244 I art     : Starting a blocking GC Explicit
08-06 02:31:09.863 13231 13244 I art     : Explicit concurrent mark sweep GC freed 1341(78KB) AllocSpace objects, 1(20KB) LOS objects, 23% free, 52MB/68MB, paused 273us total 21.851ms
08-06 02:31:09.873 13231 13244 I art     : Starting a blocking GC Explicit
08-06 02:31:09.890 13231 13244 I art     : Explicit concurrent mark sweep GC freed 20(704B) AllocSpace objects, 0(0B) LOS objects, 23% free, 52MB/68MB, paused 224us total 17.254ms
08-06 02:31:09.897 13231 13244 I art     : Starting a blocking GC Explicit
08-06 02:31:09.913 13231 13244 I art     : Explicit concurrent mark sweep GC freed 3(96B) AllocSpace objects, 0(0B) LOS objects, 23% free, 52MB/68MB, paused 232us total 15.171ms
08-06 02:31:09.920 13231 13244 I art     : Starting a blocking GC Explicit
08-06 02:31:09.935 13231 13244 I art     : Explicit concurrent mark sweep GC freed 3(96B) AllocSpace objects, 0(0B) LOS objects, 23% free, 52MB/68MB, paused 226us total 15.081ms
08-06 02:31:09.941 13231 13244 I art     : Starting a blocking GC Explicit
08-06 02:31:09.956 13231 13244 I art     : Explicit concurrent mark sweep GC freed 3(96B) AllocSpace objects, 0(0B) LOS objects, 23% free, 52MB/68MB, paused 227us total 14.590ms
08-06 02:31:10.267 13231 13327 I art     : Starting a blocking GC Explicit
08-06 02:31:10.290 13231 13327 I art     : Explicit concurrent mark sweep GC freed 1341(78KB) AllocSpace objects, 1(20KB) LOS objects, 23% free, 52MB/68MB, paused 238us total 22.029ms
08-06 02:31:10.297 13231 13327 I art     : Starting a blocking GC Explicit
08-06 02:31:10.312 13231 13327 I art     : Explicit concurrent mark sweep GC freed 20(704B) AllocSpace objects, 0(0B) LOS objects, 23% free, 52MB/68MB, paused 272us total 14.875ms
08-06 02:31:10.319 13231 13327 I art     : Starting a blocking GC Explicit
08-06 02:31:10.334 13231 13327 I art     : Explicit concurrent mark sweep GC freed 3(96B) AllocSpace objects, 0(0B) LOS objects, 23% free, 52MB/68MB, paused 270us total 14.594ms
08-06 02:31:10.340 13231 13327 I art     : Starting a blocking GC Explicit
08-06 02:31:10.355 13231 13327 I art     : Explicit concurrent mark sweep GC freed 3(96B) AllocSpace objects, 0(0B) LOS objects, 23% free, 52MB/68MB, paused 217us total 14.569ms
08-06 02:31:10.361 13231 13327 I art     : Starting a blocking GC Explicit
08-06 02:31:10.376 13231 13327 I art     : Explicit concurrent mark sweep GC freed 3(96B) AllocSpace objects, 0(0B) LOS objects, 23% free, 52MB/68MB, paused 215us total 14.615ms
08-06 02:31:10.703 13231 13260 I art     : Starting a blocking GC Explicit
08-06 02:31:10.729 13231 13260 I art     : Explicit concurrent mark sweep GC freed 1341(78KB) AllocSpace objects, 1(20KB) LOS objects, 23% free, 52MB/68MB, paused 366us total 25.352ms
08-06 02:31:10.740 13231 13260 I art     : Starting a blocking GC Explicit
08-06 02:31:10.755 13231 13260 I art     : Explicit concurrent mark sweep GC freed 20(704B) AllocSpace objects, 0(0B) LOS objects, 23% free, 52MB/68MB, paused 228us total 14.498ms
08-06 02:31:10.761 13231 13260 I art     : Starting a blocking GC Explicit
08-06 02:31:10.776 13231 13260 I art     : Explicit concurrent mark sweep GC freed 3(96B) AllocSpace objects, 0(0B) LOS objects, 23% free, 52MB/68MB, paused 212us total 14.433ms
08-06 02:31:10.782 13231 13260 I art     : Starting a blocking GC Explicit
08-06 02:31:10.797 13231 13260 I art     : Explicit concurrent mark sweep GC freed 3(96B) AllocSpace objects, 0(0B) LOS objects, 23% free, 52MB/68MB, paused 223us total 14.616ms
08-06 02:31:10.804 13231 13260 I art     : Starting a blocking GC Explicit
08-06 02:31:10.818 13231 13260 I art     : Explicit concurrent mark sweep GC freed 3(96B) AllocSpace objects, 0(0B) LOS objects, 23% free, 52MB/68MB, paused 223us total 14.222ms
08-06 02:31:11.094 13231 13853 W OneSignal: OneSignalRestClient: POST Error thrown from network stack. 
08-06 02:31:11.094 13231 13853 W OneSignal: java.io.IOException: unexpected end of stream on Connection{api.onesignal.com:443, proxy=HTTP@192.168.2.12:8080 hostAddress=192.168.2.12 cipherSuite=TLS_ECDHE_RSA_WITH_AES_128_GCM_SHA256 protocol=http/1.1} (recycle count=0)
08-06 02:31:11.094 13231 13853 W OneSignal: 	at com.android.okhttp.internal.http.HttpConnection.readResponse(HttpConnection.java:210)
08-06 02:31:11.094 13231 13853 W OneSignal: 	at com.android.okhttp.internal.http.HttpTransport.readResponseHeaders(HttpTransport.java:80)
08-06 02:31:11.094 13231 13853 W OneSignal: 	at com.android.okhttp.internal.http.HttpEngine.readNetworkResponse(HttpEngine.java:904)
08-06 02:31:11.094 13231 13853 W OneSignal: 	at com.android.okhttp.internal.http.HttpEngine.readResponse(HttpEngine.java:788)
08-06 02:31:11.094 13231 13853 W OneSignal: 	at com.android.okhttp.internal.huc.HttpURLConnectionImpl.execute(HttpURLConnectionImpl.java:439)
08-06 02:31:11.094 13231 13853 W OneSignal: 	at com.android.okhttp.internal.huc.HttpURLConnectionImpl.getResponse(HttpURLConnectionImpl.java:384)
08-06 02:31:11.094 13231 13853 W OneSignal: 	at com.android.okhttp.internal.huc.HttpURLConnectionImpl.getResponseCode(HttpURLConnectionImpl.java:497)
08-06 02:31:11.094 13231 13853 W OneSignal: 	at com.android.okhttp.internal.huc.DelegatingHttpsURLConnection.getResponseCode(DelegatingHttpsURLConnection.java:105)
08-06 02:31:11.094 13231 13853 W OneSignal: 	at com.android.okhttp.internal.huc.HttpsURLConnectionImpl.getResponseCode(HttpsURLConnectionImpl.java)
08-06 02:31:11.094 13231 13853 W OneSignal: 	at com.onesignal.OneSignalRestClient.startHTTPConnection(OneSignalRestClient.java:180)
08-06 02:31:11.094 13231 13853 W OneSignal: 	at com.onesignal.OneSignalRestClient.access$100(OneSignalRestClient.java:44)
08-06 02:31:11.094 13231 13853 W OneSignal: 	at com.onesignal.OneSignalRestClient$4.run(OneSignalRestClient.java:110)
08-06 02:31:11.094 13231 13853 W OneSignal: 	at java.lang.Thread.run(Thread.java:818)
08-06 02:31:11.094 13231 13853 W OneSignal: Caused by: java.io.EOFException: \n not found: size=0 content=...
08-06 02:31:11.094 13231 13853 W OneSignal: 	at com.android.okhttp.okio.RealBufferedSource.readUtf8LineStrict(RealBufferedSource.java:200)
08-06 02:31:11.094 13231 13853 W OneSignal: 	at com.android.okhttp.internal.http.HttpConnection.readResponse(HttpConnection.java:191)
08-06 02:31:11.094 13231 13853 W OneSignal: 	... 12 more
08-06 02:31:11.097 13231 13864 W OneSignal: Failed last request. statusCode: -1
08-06 02:31:11.097 13231 13864 W OneSignal: response: null
08-06 02:31:11.149 13231 13243 I art     : Starting a blocking GC Explicit
08-06 02:31:11.171 13231 13243 I art     : Explicit concurrent mark sweep GC freed 3899(242KB) AllocSpace objects, 1(20KB) LOS objects, 23% free, 52MB/68MB, paused 272us total 21.915ms
08-06 02:31:11.182 13231 13243 I art     : Starting a blocking GC Explicit
08-06 02:31:11.198 13231 13243 I art     : Explicit concurrent mark sweep GC freed 73(2704B) AllocSpace objects, 0(0B) LOS objects, 23% free, 52MB/68MB, paused 233us total 15.511ms
08-06 02:31:11.204 13231 13243 I art     : Starting a blocking GC Explicit
08-06 02:31:11.220 13231 13243 I art     : Explicit concurrent mark sweep GC freed 3(96B) AllocSpace objects, 0(0B) LOS objects, 23% free, 52MB/68MB, paused 219us total 15.054ms
08-06 02:31:11.226 13231 13243 I art     : Starting a blocking GC Explicit
08-06 02:31:11.242 13231 13243 I art     : Explicit concurrent mark sweep GC freed 3(96B) AllocSpace objects, 0(0B) LOS objects, 23% free, 52MB/68MB, paused 223us total 15.467ms
08-06 02:31:11.248 13231 13243 I art     : Starting a blocking GC Explicit
08-06 02:31:11.263 13231 13243 I art     : Explicit concurrent mark sweep GC freed 3(96B) AllocSpace objects, 0(0B) LOS objects, 23% free, 52MB/68MB, paused 224us total 14.557ms
08-06 02:31:11.576 13231 13244 I art     : Starting a blocking GC Explicit
08-06 02:31:11.598 13231 13244 I art     : Explicit concurrent mark sweep GC freed 1341(78KB) AllocSpace objects, 1(20KB) LOS objects, 23% free, 52MB/68MB, paused 363us total 21.527ms
08-06 02:31:11.609 13231 13244 I art     : Starting a blocking GC Explicit
08-06 02:31:11.628 13231 13244 I art     : Explicit concurrent mark sweep GC freed 20(704B) AllocSpace objects, 0(0B) LOS objects, 23% free, 52MB/68MB, paused 269us total 18.910ms
08-06 02:31:11.639 13231 13244 I art     : Starting a blocking GC Explicit
08-06 02:31:11.654 13231 13244 I art     : Explicit concurrent mark sweep GC freed 3(96B) AllocSpace objects, 0(0B) LOS objects, 23% free, 52MB/68MB, paused 269us total 15.256ms
08-06 02:31:11.661 13231 13244 I art     : Starting a blocking GC Explicit
08-06 02:31:11.677 13231 13244 I art     : Explicit concurrent mark sweep GC freed 3(96B) AllocSpace objects, 0(0B) LOS objects, 23% free, 52MB/68MB, paused 242us total 15.499ms
08-06 02:31:11.684 13231 13244 I art     : Starting a blocking GC Explicit
08-06 02:31:11.699 13231 13244 I art     : Explicit concurrent mark sweep GC freed 3(96B) AllocSpace objects, 0(0B) LOS objects, 23% free, 52MB/68MB, paused 228us total 14.921ms
08-06 02:31:12.010 13231 13327 I art     : Starting a blocking GC Explicit
08-06 02:31:12.033 13231 13327 I art     : Explicit concurrent mark sweep GC freed 1341(78KB) AllocSpace objects, 1(20KB) LOS objects, 23% free, 52MB/68MB, paused 387us total 22.693ms
08-06 02:31:12.044 13231 13327 I art     : Starting a blocking GC Explicit
08-06 02:31:12.059 13231 13327 I art     : Explicit concurrent mark sweep GC freed 20(704B) AllocSpace objects, 0(0B) LOS objects, 23% free, 52MB/68MB, paused 223us total 14.834ms
08-06 02:31:12.065 13231 13327 I art     : Starting a blocking GC Explicit
08-06 02:31:12.080 13231 13327 I art     : Explicit concurrent mark sweep GC freed 3(96B) AllocSpace objects, 0(0B) LOS objects, 23% free, 52MB/68MB, paused 214us total 14.554ms
08-06 02:31:12.087 13231 13327 I art     : Starting a blocking GC Explicit
08-06 02:31:12.102 13231 13327 I art     : Explicit concurrent mark sweep GC freed 3(96B) AllocSpace objects, 0(0B) LOS objects, 23% free, 52MB/68MB, paused 229us total 14.802ms
08-06 02:31:12.108 13231 13327 I art     : Starting a blocking GC Explicit
08-06 02:31:12.123 13231 13327 I art     : Explicit concurrent mark sweep GC freed 3(96B) AllocSpace objects, 0(0B) LOS objects, 23% free, 52MB/68MB, paused 218us total 14.793ms
08-06 02:31:12.437 13231 13260 I art     : Starting a blocking GC Explicit
08-06 02:31:12.457 13231 13260 I art     : Explicit concurrent mark sweep GC freed 1341(78KB) AllocSpace objects, 1(20KB) LOS objects, 23% free, 52MB/68MB, paused 394us total 19.796ms
08-06 02:31:12.468 13231 13260 I art     : Starting a blocking GC Explicit
08-06 02:31:12.484 13231 13260 I art     : Explicit concurrent mark sweep GC freed 20(704B) AllocSpace objects, 0(0B) LOS objects, 23% free, 52MB/68MB, paused 232us total 16.215ms
08-06 02:31:12.491 13231 13260 I art     : Starting a blocking GC Explicit
08-06 02:31:12.507 13231 13260 I art     : Explicit concurrent mark sweep GC freed 3(96B) AllocSpace objects, 0(0B) LOS objects, 23% free, 52MB/68MB, paused 267us total 15.433ms
08-06 02:31:12.514 13231 13260 I art     : Starting a blocking GC Explicit
08-06 02:31:12.529 13231 13260 I art     : Explicit concurrent mark sweep GC freed 3(96B) AllocSpace objects, 0(0B) LOS objects, 23% free, 52MB/68MB, paused 226us total 15.136ms
08-06 02:31:12.536 13231 13260 I art     : Starting a blocking GC Explicit
08-06 02:31:12.551 13231 13260 I art     : Explicit concurrent mark sweep GC freed 3(96B) AllocSpace objects, 0(0B) LOS objects, 23% free, 52MB/68MB, paused 264us total 14.983ms
08-06 02:31:12.850 13231 13243 I art     : Starting a blocking GC Explicit
08-06 02:31:12.872 13231 13243 I art     : Explicit concurrent mark sweep GC freed 1341(78KB) AllocSpace objects, 1(20KB) LOS objects, 23% free, 52MB/68MB, paused 276us total 21.672ms
08-06 02:31:12.881 13231 13243 I art     : Starting a blocking GC Explicit
08-06 02:31:12.897 13231 13243 I art     : Explicit concurrent mark sweep GC freed 20(704B) AllocSpace objects, 0(0B) LOS objects, 23% free, 52MB/68MB, paused 226us total 15.978ms
08-06 02:31:12.905 13231 13243 I art     : Starting a blocking GC Explicit
08-06 02:31:12.920 13231 13243 I art     : Explicit concurrent mark sweep GC freed 3(96B) AllocSpace objects, 0(0B) LOS objects, 23% free, 52MB/68MB, paused 224us total 14.635ms
08-06 02:31:12.926 13231 13243 I art     : Starting a blocking GC Explicit
08-06 02:31:12.941 13231 13243 I art     : Explicit concurrent mark sweep GC freed 3(96B) AllocSpace objects, 0(0B) LOS objects, 23% free, 52MB/68MB, paused 230us total 14.417ms
08-06 02:31:12.947 13231 13243 I art     : Starting a blocking GC Explicit
08-06 02:31:12.962 13231 13243 I art     : Explicit concurrent mark sweep GC freed 3(96B) AllocSpace objects, 0(0B) LOS objects, 23% free, 52MB/68MB, paused 221us total 14.517ms
08-06 02:31:13.281 13231 13244 I art     : Starting a blocking GC Explicit
08-06 02:31:13.302 13231 13244 I art     : Explicit concurrent mark sweep GC freed 1341(78KB) AllocSpace objects, 1(20KB) LOS objects, 23% free, 52MB/68MB, paused 263us total 21.082ms
08-06 02:31:13.312 13231 13244 I art     : Starting a blocking GC Explicit
08-06 02:31:13.328 13231 13244 I art     : Explicit concurrent mark sweep GC freed 20(704B) AllocSpace objects, 0(0B) LOS objects, 23% free, 52MB/68MB, paused 228us total 14.821ms
08-06 02:31:13.334 13231 13244 I art     : Starting a blocking GC Explicit
08-06 02:31:13.349 13231 13244 I art     : Explicit concurrent mark sweep GC freed 3(96B) AllocSpace objects, 0(0B) LOS objects, 23% free, 52MB/68MB, paused 210us total 14.980ms
08-06 02:31:13.356 13231 13244 I art     : Starting a blocking GC Explicit
08-06 02:31:13.371 13231 13244 I art     : Explicit concurrent mark sweep GC freed 3(96B) AllocSpace objects, 0(0B) LOS objects, 23% free, 52MB/68MB, paused 218us total 14.768ms
08-06 02:31:13.377 13231 13244 I art     : Starting a blocking GC Explicit
08-06 02:31:13.392 13231 13244 I art     : Explicit concurrent mark sweep GC freed 3(96B) AllocSpace objects, 0(0B) LOS objects, 23% free, 52MB/68MB, paused 217us total 14.433ms
08-06 02:31:13.705 13231 13327 I art     : Starting a blocking GC Explicit
08-06 02:31:13.727 13231 13327 I art     : Explicit concurrent mark sweep GC freed 1341(78KB) AllocSpace objects, 1(20KB) LOS objects, 23% free, 52MB/68MB, paused 258us total 21.725ms
08-06 02:31:13.738 13231 13327 I art     : Starting a blocking GC Explicit
08-06 02:31:13.754 13231 13327 I art     : Explicit concurrent mark sweep GC freed 20(704B) AllocSpace objects, 0(0B) LOS objects, 23% free, 52MB/68MB, paused 208us total 16.087ms
08-06 02:31:13.760 13231 13327 I art     : Starting a blocking GC Explicit
08-06 02:31:13.775 13231 13327 I art     : Explicit concurrent mark sweep GC freed 3(96B) AllocSpace objects, 0(0B) LOS objects, 23% free, 52MB/68MB, paused 218us total 14.604ms
08-06 02:31:13.782 13231 13327 I art     : Starting a blocking GC Explicit
08-06 02:31:13.796 13231 13327 I art     : Explicit concurrent mark sweep GC freed 3(96B) AllocSpace objects, 0(0B) LOS objects, 23% free, 52MB/68MB, paused 231us total 14.569ms
08-06 02:31:13.803 13231 13327 I art     : Starting a blocking GC Explicit
08-06 02:31:13.818 13231 13327 I art     : Explicit concurrent mark sweep GC freed 3(96B) AllocSpace objects, 0(0B) LOS objects, 23% free, 52MB/68MB, paused 215us total 14.597ms
08-06 02:31:14.134 13231 13260 I art     : Starting a blocking GC Explicit
08-06 02:31:14.156 13231 13260 I art     : Explicit concurrent mark sweep GC freed 1341(78KB) AllocSpace objects, 1(20KB) LOS objects, 23% free, 52MB/68MB, paused 268us total 21.800ms
08-06 02:31:14.167 13231 13260 I art     : Starting a blocking GC Explicit
08-06 02:31:14.182 13231 13260 I art     : Explicit concurrent mark sweep GC freed 20(704B) AllocSpace objects, 0(0B) LOS objects, 23% free, 52MB/68MB, paused 234us total 14.983ms
08-06 02:31:14.189 13231 13260 I art     : Starting a blocking GC Explicit
08-06 02:31:14.204 13231 13260 I art     : Explicit concurrent mark sweep GC freed 3(96B) AllocSpace objects, 0(0B) LOS objects, 23% free, 52MB/68MB, paused 226us total 14.878ms
08-06 02:31:14.211 13231 13260 I art     : Starting a blocking GC Explicit
08-06 02:31:14.226 13231 13260 I art     : Explicit concurrent mark sweep GC freed 3(96B) AllocSpace objects, 0(0B) LOS objects, 23% free, 52MB/68MB, paused 225us total 15.041ms
08-06 02:31:14.232 13231 13260 I art     : Starting a blocking GC Explicit
08-06 02:31:14.248 13231 13260 I art     : Explicit concurrent mark sweep GC freed 3(96B) AllocSpace objects, 0(0B) LOS objects, 23% free, 52MB/68MB, paused 241us total 15.036ms
08-06 02:31:14.345   918  3261 D WifiStateMachine: starting scan for "H369AA63323"WPA_PSK with 2412,5180
08-06 02:31:14.378   918   918 I ActivityManager: Start proc 13957:com.google.android.videos/u0a72 for service com.google.android.videos/androidx.work.impl.background.systemjob.SystemJobService
08-06 02:31:14.499 13231 13243 I art     : Starting a blocking GC Explicit
08-06 02:31:14.513 13231 13243 I art     : Explicit concurrent mark sweep GC freed 1341(78KB) AllocSpace objects, 1(20KB) LOS objects, 23% free, 52MB/68MB, paused 212us total 14.365ms
08-06 02:31:14.520 13231 13243 I art     : Starting a blocking GC Explicit
08-06 02:31:14.534 13231 13243 I art     : Explicit concurrent mark sweep GC freed 20(704B) AllocSpace objects, 0(0B) LOS objects, 23% free, 52MB/68MB, paused 205us total 14.013ms
08-06 02:31:14.540 13231 13243 I art     : Starting a blocking GC Explicit
08-06 02:31:14.553 13231 13243 I art     : Explicit concurrent mark sweep GC freed 3(96B) AllocSpace objects, 0(0B) LOS objects, 23% free, 52MB/68MB, paused 204us total 12.936ms
08-06 02:31:14.559 13231 13243 I art     : Starting a blocking GC Explicit
08-06 02:31:14.573 13231 13243 I art     : Explicit concurrent mark sweep GC freed 3(96B) AllocSpace objects, 0(0B) LOS objects, 23% free, 52MB/68MB, paused 211us total 13.262ms
08-06 02:31:14.579 13231 13243 I art     : Starting a blocking GC Explicit
08-06 02:31:14.591 13231 13243 I art     : Explicit concurrent mark sweep GC freed 3(96B) AllocSpace objects, 0(0B) LOS objects, 23% free, 52MB/68MB, paused 199us total 12.367ms
08-06 02:31:14.842 13231 13244 I art     : Starting a blocking GC Explicit
08-06 02:31:14.858 13231 13244 I art     : Explicit concurrent mark sweep GC freed 1341(78KB) AllocSpace objects, 1(20KB) LOS objects, 23% free, 52MB/68MB, paused 236us total 16.067ms
08-06 02:31:14.865 13231 13244 I art     : Starting a blocking GC Explicit
08-06 02:31:14.879 13231 13244 I art     : Explicit concurrent mark sweep GC freed 20(704B) AllocSpace objects, 0(0B) LOS objects, 23% free, 52MB/68MB, paused 211us total 14.105ms
08-06 02:31:14.885 13231 13244 I art     : Starting a blocking GC Explicit
08-06 02:31:14.898 13231 13244 I art     : Explicit concurrent mark sweep GC freed 3(96B) AllocSpace objects, 0(0B) LOS objects, 23% free, 52MB/68MB, paused 202us total 12.619ms
08-06 02:31:14.904 13231 13244 I art     : Starting a blocking GC Explicit
08-06 02:31:14.917 13231 13244 I art     : Explicit concurrent mark sweep GC freed 3(96B) AllocSpace objects, 0(0B) LOS objects, 23% free, 52MB/68MB, paused 227us total 12.794ms
08-06 02:31:14.923 13231 13244 I art     : Starting a blocking GC Explicit
08-06 02:31:14.929 13136 13136 I Atfwd_Sendcmd: AtCmdFwd service not ready - Exhausted retry attempts - :6
08-06 02:31:14.929 13136 13136 I Atfwd_Daemon: result : -1 	 ,Init step :2 	 ,qmiErrorCode: 0
08-06 02:31:14.935 13231 13244 I art     : Explicit concurrent mark sweep GC freed 3(96B) AllocSpace objects, 0(0B) LOS objects, 23% free, 52MB/68MB, paused 210us total 12.551ms
08-06 02:31:14.996   918  3696 I AccountManagerService: getTypesVisibleToCaller: isPermitted? true
08-06 02:31:15.043   918  6110 I AccountManagerService: getTypesVisibleToCaller: isPermitted? true
08-06 02:31:15.136 13957 14014 W PlayMovies: enb.run:2 User config found
08-06 02:31:15.136 13957 14014 W PlayMovies: 
08-06 02:31:15.201 13231 13327 I art     : Starting a blocking GC Explicit
08-06 02:31:15.210 13957 13957 W PlayMovies: bkd.onCreate:75 Installer Package: com.android.vending
08-06 02:31:15.210 13957 13957 W PlayMovies: 
08-06 02:31:15.214 13231 13327 I art     : Explicit concurrent mark sweep GC freed 1341(78KB) AllocSpace objects, 1(20KB) LOS objects, 23% free, 52MB/68MB, paused 241us total 13.011ms
08-06 02:31:15.220 13231 13327 I art     : Starting a blocking GC Explicit
08-06 02:31:15.233 13231 13327 I art     : Explicit concurrent mark sweep GC freed 20(704B) AllocSpace objects, 0(0B) LOS objects, 23% free, 52MB/68MB, paused 243us total 12.925ms
08-06 02:31:15.239 13231 13327 I art     : Starting a blocking GC Explicit
08-06 02:31:15.249 13957 13957 W MediaSessionCompat: Couldn't find a unique registered media button receiver in the given context.
08-06 02:31:15.252 13231 13327 I art     : Explicit concurrent mark sweep GC freed 3(96B) AllocSpace objects, 0(0B) LOS objects, 23% free, 52MB/68MB, paused 207us total 12.321ms
08-06 02:31:15.258 13231 13327 I art     : Starting a blocking GC Explicit
08-06 02:31:15.270 13231 13327 I art     : Explicit concurrent mark sweep GC freed 3(96B) AllocSpace objects, 0(0B) LOS objects, 23% free, 52MB/68MB, paused 196us total 12.034ms
08-06 02:31:15.275 13231 13327 I art     : Starting a blocking GC Explicit
08-06 02:31:15.288 13231 13327 I art     : Explicit concurrent mark sweep GC freed 3(96B) AllocSpace objects, 0(0B) LOS objects, 23% free, 52MB/68MB, paused 207us total 11.957ms
08-06 02:31:15.295 15866 15884 I Finsky  : [6069] box.a(8): Received content filters request from com.google.android.videos
08-06 02:31:15.339 13957 14031 W PlayMovies: MoviesWorkerWrapper.e:2 Worker was stopped for task with tags: [refresh_license_delayed_forced, com.google.android.apps.play.movies.common.service.workmanager.MoviesWorkerWrapper]
08-06 02:31:15.339 13957 14031 W PlayMovies: 
08-06 02:31:15.371 13957 14033 E WM-WorkerWrapper: Didn't find WorkSpec for id 9b2e8ce3-213b-4da9-af3b-23b07daf8124
08-06 02:31:15.434 13957 14039 W PlayMovies: eqo.a:2 Start clean up task with reason 1
08-06 02:31:15.434 13957 14039 W PlayMovies: 
08-06 02:31:15.434 13957 14039 W PlayMovies: eqo.a:3 Start cleanup unpinned content
08-06 02:31:15.434 13957 14039 W PlayMovies: 
08-06 02:31:15.442 13957 14039 W PlayMovies: eqo.a:31 Done cleanup unpinned content: removed 0 files
08-06 02:31:15.442 13957 14039 W PlayMovies: 
08-06 02:31:15.455 13957 13957 E BACKGROUND_QUIT_SAFELY: pending jobs == 0
08-06 02:31:15.457   918  6110 I ActivityManager: Killing 6707:baseline.com.newsblur/u0a698 (adj 15): empty #17
08-06 02:31:15.557 13231 13260 I art     : Starting a blocking GC Explicit
08-06 02:31:15.579 13231 13260 I art     : Explicit concurrent mark sweep GC freed 1341(78KB) AllocSpace objects, 1(20KB) LOS objects, 23% free, 52MB/68MB, paused 265us total 22.064ms
08-06 02:31:15.590 13231 13260 I art     : Starting a blocking GC Explicit
08-06 02:31:15.610 13231 13260 I art     : Explicit concurrent mark sweep GC freed 20(704B) AllocSpace objects, 0(0B) LOS objects, 23% free, 52MB/68MB, paused 267us total 19.649ms
08-06 02:31:15.618 13231 13260 I art     : Starting a blocking GC Explicit
08-06 02:31:15.634 13231 13260 I art     : Explicit concurrent mark sweep GC freed 3(96B) AllocSpace objects, 0(0B) LOS objects, 23% free, 52MB/68MB, paused 233us total 15.161ms
08-06 02:31:15.641 13231 13260 I art     : Starting a blocking GC Explicit
08-06 02:31:15.656 13231 13260 I art     : Explicit concurrent mark sweep GC freed 3(96B) AllocSpace objects, 0(0B) LOS objects, 23% free, 52MB/68MB, paused 228us total 15.257ms
08-06 02:31:15.663 13231 13260 I art     : Starting a blocking GC Explicit
08-06 02:31:15.678 13231 13260 I art     : Explicit concurrent mark sweep GC freed 3(96B) AllocSpace objects, 0(0B) LOS objects, 23% free, 52MB/68MB, paused 225us total 14.812ms
08-06 02:31:15.997 13231 13243 I art     : Starting a blocking GC Explicit
08-06 02:31:16.019 13231 13243 I art     : Explicit concurrent mark sweep GC freed 1341(78KB) AllocSpace objects, 1(20KB) LOS objects, 23% free, 52MB/68MB, paused 266us total 21.838ms
08-06 02:31:16.029 13231 13243 I art     : Starting a blocking GC Explicit
08-06 02:31:16.046 13231 13243 I art     : Explicit concurrent mark sweep GC freed 20(704B) AllocSpace objects, 0(0B) LOS objects, 23% free, 52MB/68MB, paused 227us total 17.090ms
08-06 02:31:16.053 13231 13243 I art     : Starting a blocking GC Explicit
08-06 02:31:16.069 13231 13243 I art     : Explicit concurrent mark sweep GC freed 3(96B) AllocSpace objects, 0(0B) LOS objects, 23% free, 52MB/68MB, paused 228us total 15.076ms
08-06 02:31:16.075 13231 13243 I art     : Starting a blocking GC Explicit
08-06 02:31:16.091 13231 13243 I art     : Explicit concurrent mark sweep GC freed 3(96B) AllocSpace objects, 0(0B) LOS objects, 23% free, 52MB/68MB, paused 224us total 15.549ms
08-06 02:31:16.098 13231 13243 I art     : Starting a blocking GC Explicit
08-06 02:31:16.113 13231 13243 I art     : Explicit concurrent mark sweep GC freed 3(96B) AllocSpace objects, 0(0B) LOS objects, 23% free, 52MB/68MB, paused 223us total 15.162ms
08-06 02:31:16.442 13231 13244 I art     : Starting a blocking GC Explicit
08-06 02:31:16.464 13231 13244 I art     : Explicit concurrent mark sweep GC freed 1341(78KB) AllocSpace objects, 1(20KB) LOS objects, 23% free, 52MB/68MB, paused 264us total 21.813ms
08-06 02:31:16.474 13231 13244 I art     : Starting a blocking GC Explicit
08-06 02:31:16.493 13231 13244 I art     : Explicit concurrent mark sweep GC freed 20(704B) AllocSpace objects, 0(0B) LOS objects, 23% free, 52MB/68MB, paused 254us total 18.973ms
08-06 02:31:16.502 13231 13244 I art     : Starting a blocking GC Explicit
08-06 02:31:16.518 13231 13244 I art     : Explicit concurrent mark sweep GC freed 3(96B) AllocSpace objects, 0(0B) LOS objects, 23% free, 52MB/68MB, paused 243us total 15.583ms
08-06 02:31:16.525 13231 13244 I art     : Starting a blocking GC Explicit
08-06 02:31:16.540 13231 13244 I art     : Explicit concurrent mark sweep GC freed 3(96B) AllocSpace objects, 0(0B) LOS objects, 23% free, 52MB/68MB, paused 237us total 15.062ms
08-06 02:31:16.546 13231 13244 I art     : Starting a blocking GC Explicit
08-06 02:31:16.561 13231 13244 I art     : Explicit concurrent mark sweep GC freed 3(96B) AllocSpace objects, 0(0B) LOS objects, 23% free, 52MB/68MB, paused 222us total 14.633ms
08-06 02:31:16.876 13231 13327 I art     : Starting a blocking GC Explicit
08-06 02:31:16.898 13231 13327 I art     : Explicit concurrent mark sweep GC freed 1341(78KB) AllocSpace objects, 1(20KB) LOS objects, 23% free, 52MB/68MB, paused 278us total 21.605ms
08-06 02:31:16.909 13231 13327 I art     : Starting a blocking GC Explicit
08-06 02:31:16.925 13231 13327 I art     : Explicit concurrent mark sweep GC freed 20(704B) AllocSpace objects, 0(0B) LOS objects, 23% free, 52MB/68MB, paused 227us total 15.291ms
08-06 02:31:16.931 13231 13327 I art     : Starting a blocking GC Explicit
08-06 02:31:16.946 13231 13327 I art     : Explicit concurrent mark sweep GC freed 3(96B) AllocSpace objects, 0(0B) LOS objects, 23% free, 52MB/68MB, paused 220us total 14.504ms
08-06 02:31:16.952 13231 13327 I art     : Starting a blocking GC Explicit
08-06 02:31:16.967 13231 13327 I art     : Explicit concurrent mark sweep GC freed 3(96B) AllocSpace objects, 0(0B) LOS objects, 23% free, 52MB/68MB, paused 230us total 14.850ms
08-06 02:31:16.974 13231 13327 I art     : Starting a blocking GC Explicit
08-06 02:31:16.989 13231 13327 I art     : Explicit concurrent mark sweep GC freed 3(96B) AllocSpace objects, 0(0B) LOS objects, 23% free, 52MB/68MB, paused 220us total 14.997ms
08-06 02:31:17.186   518   646 I ThermalEngine: ACTION: GPU - Setting GPU[0] to 510000000
08-06 02:31:17.294 13231 13260 I art     : Starting a blocking GC Explicit
08-06 02:31:17.319 13231 13260 I art     : Explicit concurrent mark sweep GC freed 1341(78KB) AllocSpace objects, 1(20KB) LOS objects, 23% free, 52MB/68MB, paused 416us total 24.264ms
08-06 02:31:17.332 13231 13260 I art     : Starting a blocking GC Explicit
08-06 02:31:17.352 13231 13260 I art     : Explicit concurrent mark sweep GC freed 20(704B) AllocSpace objects, 0(0B) LOS objects, 23% free, 52MB/68MB, paused 310us total 19.489ms
08-06 02:31:17.360 13231 13260 I art     : Starting a blocking GC Explicit
08-06 02:31:17.378 13231 13260 I art     : Explicit concurrent mark sweep GC freed 3(96B) AllocSpace objects, 0(0B) LOS objects, 23% free, 52MB/68MB, paused 298us total 18.330ms
08-06 02:31:17.387 13231 13260 I art     : Starting a blocking GC Explicit
08-06 02:31:17.406 13231 13260 I art     : Explicit concurrent mark sweep GC freed 3(96B) AllocSpace objects, 0(0B) LOS objects, 23% free, 52MB/68MB, paused 314us total 18.939ms
08-06 02:31:17.414 13231 13260 I art     : Starting a blocking GC Explicit
08-06 02:31:17.434 13231 13260 I art     : Explicit concurrent mark sweep GC freed 3(96B) AllocSpace objects, 0(0B) LOS objects, 23% free, 52MB/68MB, paused 305us total 19.267ms
08-06 02:31:17.724 13231 13243 I art     : Starting a blocking GC Explicit
08-06 02:31:17.744 13231 13243 I art     : Explicit concurrent mark sweep GC freed 1341(78KB) AllocSpace objects, 1(20KB) LOS objects, 23% free, 52MB/68MB, paused 321us total 18.915ms
08-06 02:31:17.752 13231 13243 I art     : Starting a blocking GC Explicit
08-06 02:31:17.771 13231 13243 I art     : Explicit concurrent mark sweep GC freed 20(704B) AllocSpace objects, 0(0B) LOS objects, 23% free, 52MB/68MB, paused 315us total 18.524ms
08-06 02:31:17.779 13231 13243 I art     : Starting a blocking GC Explicit
08-06 02:31:17.798 13231 13243 I art     : Explicit concurrent mark sweep GC freed 3(96B) AllocSpace objects, 0(0B) LOS objects, 23% free, 52MB/68MB, paused 312us total 18.361ms
08-06 02:31:17.806 13231 13243 I art     : Starting a blocking GC Explicit
08-06 02:31:17.824 13231 13243 I art     : Explicit concurrent mark sweep GC freed 3(96B) AllocSpace objects, 0(0B) LOS objects, 23% free, 52MB/68MB, paused 310us total 17.599ms
08-06 02:31:17.832 13231 13243 I art     : Starting a blocking GC Explicit
08-06 02:31:17.850 13231 13243 I art     : Explicit concurrent mark sweep GC freed 3(96B) AllocSpace objects, 0(0B) LOS objects, 23% free, 52MB/68MB, paused 311us total 17.767ms
08-06 02:31:18.047 14095 14095 D AndroidRuntime: >>>>>> START com.android.internal.os.RuntimeInit uid 2000 <<<<<<
08-06 02:31:18.053 14095 14095 D AndroidRuntime: CheckJNI is OFF
08-06 02:31:18.084 14095 14095 D ICU     : No timezone override file found: /data/misc/zoneinfo/current/icu/icu_tzdata.dat
08-06 02:31:18.117 14095 14095 I Radio-JNI: register_android_hardware_Radio DONE
08-06 02:31:18.140 14095 14095 D AndroidRuntime: Calling main entry com.android.commands.input.Input
08-06 02:31:18.141 13231 13244 I art     : Starting a blocking GC Explicit
08-06 02:31:18.141 14095 14095 I Input   : injectKeyEvent: KeyEvent { action=ACTION_DOWN, keyCode=KEYCODE_BACK, scanCode=0, metaState=0, flags=0x0, repeatCount=0, eventTime=844294554, downTime=844294554, deviceId=-1, source=0x101 }
08-06 02:31:18.149 14095 14095 I Input   : injectKeyEvent: KeyEvent { action=ACTION_UP, keyCode=KEYCODE_BACK, scanCode=0, metaState=0, flags=0x0, repeatCount=0, eventTime=844294554, downTime=844294554, deviceId=-1, source=0x101 }
08-06 02:31:18.155 14095 14095 D AndroidRuntime: Shutting down VM
08-06 02:31:18.159 13231 13244 I art     : Explicit concurrent mark sweep GC freed 1359(78KB) AllocSpace objects, 1(20KB) LOS objects, 23% free, 52MB/68MB, paused 331us total 18.259ms
08-06 02:31:18.168 13231 13244 I art     : Starting a blocking GC Explicit
08-06 02:31:18.185 13231 13244 I art     : Explicit concurrent mark sweep GC freed 148(6KB) AllocSpace objects, 0(0B) LOS objects, 23% free, 52MB/68MB, paused 297us total 17.220ms
08-06 02:31:18.194 13231 13244 I art     : Starting a blocking GC Explicit
08-06 02:31:18.196 13866 13866 I GoogleInputMethodServic: GoogleInputMethodService.onFinishInput():3138 
08-06 02:31:18.198 13866 13866 I GoogleInputMethodServic: GoogleInputMethodService.onStartInput():1808 
08-06 02:31:18.212 13231 13244 I art     : Explicit concurrent mark sweep GC freed 30(1120B) AllocSpace objects, 0(0B) LOS objects, 23% free, 52MB/68MB, paused 328us total 18.307ms
08-06 02:31:18.221 13231 13244 I art     : Starting a blocking GC Explicit
08-06 02:31:18.239 13231 13244 I art     : Explicit concurrent mark sweep GC freed 11(416B) AllocSpace objects, 0(0B) LOS objects, 23% free, 52MB/68MB, paused 289us total 17.451ms
08-06 02:31:18.247 13231 13244 I art     : Starting a blocking GC Explicit
08-06 02:31:18.262 13231 13244 I art     : Explicit concurrent mark sweep GC freed 3(96B) AllocSpace objects, 0(0B) LOS objects, 23% free, 52MB/68MB, paused 285us total 15.268ms
08-06 02:31:18.483   380   380 W SurfaceFlinger: couldn't log to binary event log: overflow.
08-06 02:31:18.518 13231 13327 I art     : Starting a blocking GC Explicit
08-06 02:31:18.536 13231 13327 I art     : Explicit concurrent mark sweep GC freed 1451(87KB) AllocSpace objects, 1(20KB) LOS objects, 23% free, 52MB/68MB, paused 297us total 18.568ms
08-06 02:31:18.544 13231 13327 I art     : Starting a blocking GC Explicit
08-06 02:31:18.563 13231 13327 I art     : Explicit concurrent mark sweep GC freed 1672(107KB) AllocSpace objects, 3(400KB) LOS objects, 23% free, 52MB/68MB, paused 302us total 18.143ms
08-06 02:31:18.571 13231 13327 I art     : Starting a blocking GC Explicit
08-06 02:31:18.589 13231 13327 I art     : Explicit concurrent mark sweep GC freed 3(96B) AllocSpace objects, 0(0B) LOS objects, 23% free, 52MB/68MB, paused 305us total 17.838ms
08-06 02:31:18.597 13231 13327 I art     : Starting a blocking GC Explicit
08-06 02:31:18.615 13231 13327 I art     : Explicit concurrent mark sweep GC freed 3(96B) AllocSpace objects, 0(0B) LOS objects, 23% free, 52MB/68MB, paused 328us total 17.803ms
08-06 02:31:18.623 13231 13327 I art     : Starting a blocking GC Explicit
08-06 02:31:18.641 13231 13327 I art     : Explicit concurrent mark sweep GC freed 3(96B) AllocSpace objects, 0(0B) LOS objects, 23% free, 52MB/68MB, paused 304us total 17.790ms
08-06 02:31:18.939 13231 13243 I art     : Starting a blocking GC Explicit
08-06 02:31:18.961 13231 13243 I art     : Explicit concurrent mark sweep GC freed 1341(78KB) AllocSpace objects, 1(20KB) LOS objects, 23% free, 52MB/68MB, paused 334us total 21.494ms
08-06 02:31:18.972 13231 13243 I art     : Starting a blocking GC Explicit
08-06 02:31:18.991 13231 13243 I art     : Explicit concurrent mark sweep GC freed 20(704B) AllocSpace objects, 0(0B) LOS objects, 23% free, 52MB/68MB, paused 305us total 18.565ms
08-06 02:31:18.999 13231 13243 I art     : Starting a blocking GC Explicit
08-06 02:31:19.018 13231 13243 I art     : Explicit concurrent mark sweep GC freed 3(96B) AllocSpace objects, 0(0B) LOS objects, 23% free, 52MB/68MB, paused 365us total 18.669ms
08-06 02:31:19.027 13231 13243 I art     : Starting a blocking GC Explicit
08-06 02:31:19.046 13231 13243 I art     : Explicit concurrent mark sweep GC freed 3(96B) AllocSpace objects, 0(0B) LOS objects, 23% free, 52MB/68MB, paused 310us total 18.310ms
08-06 02:31:19.055 13231 13243 I art     : Starting a blocking GC Explicit
08-06 02:31:19.073 13231 13243 I art     : Explicit concurrent mark sweep GC freed 3(96B) AllocSpace objects, 0(0B) LOS objects, 23% free, 52MB/68MB, paused 302us total 17.811ms
08-06 02:31:19.358 13231 13244 I art     : Starting a blocking GC Explicit
08-06 02:31:19.381 13231 13244 I art     : Explicit concurrent mark sweep GC freed 1340(78KB) AllocSpace objects, 1(20KB) LOS objects, 23% free, 52MB/68MB, paused 317us total 23.004ms
08-06 02:31:19.395 13231 13244 I art     : Starting a blocking GC Explicit
08-06 02:31:19.414 13231 13244 I art     : Explicit concurrent mark sweep GC freed 20(704B) AllocSpace objects, 0(0B) LOS objects, 23% free, 52MB/68MB, paused 323us total 18.975ms
08-06 02:31:19.422 13231 13244 I art     : Starting a blocking GC Explicit
08-06 02:31:19.439 13231 13244 I art     : Explicit concurrent mark sweep GC freed 3(96B) AllocSpace objects, 0(0B) LOS objects, 23% free, 52MB/68MB, paused 306us total 17.099ms
08-06 02:31:19.447 13231 13244 I art     : Starting a blocking GC Explicit
08-06 02:31:19.464 13231 13244 I art     : Explicit concurrent mark sweep GC freed 3(96B) AllocSpace objects, 0(0B) LOS objects, 23% free, 52MB/68MB, paused 325us total 16.895ms
08-06 02:31:19.472 13231 13244 I art     : Starting a blocking GC Explicit
08-06 02:31:19.489 13231 13244 I art     : Explicit concurrent mark sweep GC freed 3(96B) AllocSpace objects, 0(0B) LOS objects, 23% free, 52MB/68MB, paused 307us total 16.719ms
08-06 02:31:19.742 13231 13260 I art     : Starting a blocking GC Explicit
08-06 02:31:19.760 13231 13260 I art     : Explicit concurrent mark sweep GC freed 1340(78KB) AllocSpace objects, 1(20KB) LOS objects, 23% free, 52MB/68MB, paused 326us total 18.272ms
08-06 02:31:19.769 13231 13260 I art     : Starting a blocking GC Explicit
08-06 02:31:19.787 13231 13260 I art     : Explicit concurrent mark sweep GC freed 20(704B) AllocSpace objects, 0(0B) LOS objects, 23% free, 52MB/68MB, paused 404us total 17.899ms
08-06 02:31:19.795 13231 13260 I art     : Starting a blocking GC Explicit
08-06 02:31:19.808 14158 14158 D AndroidRuntime: >>>>>> START com.android.internal.os.RuntimeInit uid 2000 <<<<<<
08-06 02:31:19.813 14158 14158 D AndroidRuntime: CheckJNI is OFF
08-06 02:31:19.814 13231 13260 I art     : Explicit concurrent mark sweep GC freed 3(96B) AllocSpace objects, 0(0B) LOS objects, 23% free, 52MB/68MB, paused 314us total 18.222ms
08-06 02:31:19.822 13231 13260 I art     : Starting a blocking GC Explicit
08-06 02:31:19.839 13231 13260 I art     : Explicit concurrent mark sweep GC freed 3(96B) AllocSpace objects, 0(0B) LOS objects, 23% free, 52MB/68MB, paused 319us total 17.357ms
08-06 02:31:19.847 13231 13260 I art     : Starting a blocking GC Explicit
08-06 02:31:19.850 14158 14158 D ICU     : No timezone override file found: /data/misc/zoneinfo/current/icu/icu_tzdata.dat
08-06 02:31:19.865 13231 13260 I art     : Explicit concurrent mark sweep GC freed 3(96B) AllocSpace objects, 0(0B) LOS objects, 23% free, 52MB/68MB, paused 331us total 17.183ms
08-06 02:31:19.885 14158 14158 I Radio-JNI: register_android_hardware_Radio DONE
08-06 02:31:19.906 14158 14158 D AndroidRuntime: Calling main entry com.android.commands.input.Input
08-06 02:31:19.908 14158 14158 I Input   : injectMotionEvent: MotionEvent { action=ACTION_DOWN, actionButton=0, id[0]=0, x[0]=733.0, y[0]=1370.0, toolType[0]=TOOL_TYPE_UNKNOWN, buttonState=0, metaState=0, flags=0x0, edgeFlags=0x0, pointerCount=1, historySize=0, eventTime=844296321, downTime=844296321, deviceId=0, source=0x1002 }
08-06 02:31:19.914 14158 14158 I Input   : injectMotionEvent: MotionEvent { action=ACTION_UP, actionButton=0, id[0]=0, x[0]=733.0, y[0]=1370.0, toolType[0]=TOOL_TYPE_UNKNOWN, buttonState=0, metaState=0, flags=0x0, edgeFlags=0x0, pointerCount=1, historySize=0, eventTime=844296321, downTime=844296321, deviceId=0, source=0x1002 }
08-06 02:31:19.915   918  4413 I ActivityManager: START u0 {cmp=baseline.appteam.nith.hillffair/.activities.ClubActivity (has extras)} from uid 10697 on display 0
08-06 02:31:19.923 14158 14158 D AndroidRuntime: Shutting down VM
08-06 02:31:19.929 13136 13136 I ServiceManager: Waiting for service AtCmdFwd...
08-06 02:31:20.016   918   936 I ActivityManager: Displayed baseline.appteam.nith.hillffair/.activities.ClubActivity: +91ms
08-06 02:31:20.016 13866 13866 I GoogleInputMethodServic: GoogleInputMethodService.onFinishInput():3138 
08-06 02:31:20.017 13866 13866 I GoogleInputMethodServic: GoogleInputMethodService.onStartInput():1808 
08-06 02:31:20.110 13231 13327 I art     : Starting a blocking GC Explicit
08-06 02:31:20.131 13231 13327 I art     : Explicit concurrent mark sweep GC freed 4976(290KB) AllocSpace objects, 1(20KB) LOS objects, 23% free, 52MB/68MB, paused 344us total 21.215ms
08-06 02:31:20.141 13231 13327 I art     : Starting a blocking GC Explicit
08-06 02:31:20.164 13231 13327 I art     : Explicit concurrent mark sweep GC freed 211(9KB) AllocSpace objects, 0(0B) LOS objects, 23% free, 52MB/68MB, paused 346us total 22.231ms
08-06 02:31:20.174 13231 13327 I art     : Starting a blocking GC Explicit
08-06 02:31:20.196 13231 13327 I art     : Explicit concurrent mark sweep GC freed 3(96B) AllocSpace objects, 0(0B) LOS objects, 23% free, 52MB/68MB, paused 340us total 21.189ms
08-06 02:31:20.206 13231 13327 I art     : Starting a blocking GC Explicit
08-06 02:31:20.228 13231 13327 I art     : Explicit concurrent mark sweep GC freed 3(96B) AllocSpace objects, 0(0B) LOS objects, 23% free, 52MB/68MB, paused 345us total 21.723ms
08-06 02:31:20.237 13231 13327 I art     : Starting a blocking GC Explicit
08-06 02:31:20.259 13231 13327 I art     : Explicit concurrent mark sweep GC freed 3(96B) AllocSpace objects, 0(0B) LOS objects, 23% free, 52MB/68MB, paused 530us total 21.834ms
08-06 02:31:20.522 13231 13260 I art     : Starting a blocking GC Explicit
08-06 02:31:20.540 13231 13260 I art     : Explicit concurrent mark sweep GC freed 1469(85KB) AllocSpace objects, 1(20KB) LOS objects, 23% free, 52MB/68MB, paused 345us total 17.016ms
08-06 02:31:20.547 13231 13260 I art     : Starting a blocking GC Explicit
08-06 02:31:20.563 13231 13260 I art     : Explicit concurrent mark sweep GC freed 43(1472B) AllocSpace objects, 0(0B) LOS objects, 23% free, 52MB/68MB, paused 342us total 16.355ms
08-06 02:31:20.571 13231 13260 I art     : Starting a blocking GC Explicit
08-06 02:31:20.588 13231 13260 I art     : Explicit concurrent mark sweep GC freed 11(416B) AllocSpace objects, 0(0B) LOS objects, 23% free, 52MB/68MB, paused 388us total 16.729ms
08-06 02:31:20.595 13231 13260 I art     : Starting a blocking GC Explicit
08-06 02:31:20.612 13231 13260 I art     : Explicit concurrent mark sweep GC freed 10(352B) AllocSpace objects, 0(0B) LOS objects, 23% free, 52MB/68MB, paused 342us total 16.437ms
08-06 02:31:20.619 13231 13260 I art     : Starting a blocking GC Explicit
08-06 02:31:20.636 13231 13260 I art     : Explicit concurrent mark sweep GC freed 8(288B) AllocSpace objects, 0(0B) LOS objects, 23% free, 52MB/68MB, paused 387us total 16.802ms
08-06 02:31:20.822 13231 14181 D OkHttp  : --> GET https://api-hillfair-2k16.herokuapp.com/api/app/events/special/event?id=580655cddcba0f490c70fdd0 http/1.1
08-06 02:31:20.856 13231 14181 D OkHttp  : <-- 200 OK https://api-hillfair-2k16.herokuapp.com/api/app/events/special/event?id=580655cddcba0f490c70fdd0 (33ms, 721-byte body)
08-06 02:31:20.904 13231 13231 I NAPPA_EXPERIMENTATION: MetricNetworkRequestExecutionTime: REQUEST_DURATION_SYSTEM='955',REQUEST_DURATION_OKHTTP='34',REQUEST_SYNCHRONOUS='FALSE',RESPONSE_CODE='200',RESPONSE_METHOD='GET',RESPONSE_LENGTH_OKHTTP='721',RESPONSE_LENGTH_HEADER='721',REQUEST_PROTOCOL='http/1.1',REQUEST_URL='https://api-hillfair-2k16.herokuapp.com/api/app/events/special/event?id=580655cddcba0f490c70fdd0',
08-06 02:31:20.915 13231 13327 I art     : Starting a blocking GC Explicit
08-06 02:31:20.930 13136 13136 I ServiceManager: Waiting for service AtCmdFwd...
08-06 02:31:20.935 13231 13327 I art     : Explicit concurrent mark sweep GC freed 4769(317KB) AllocSpace objects, 4(220KB) LOS objects, 23% free, 52MB/68MB, paused 363us total 19.793ms
08-06 02:31:20.943 13231 13327 I art     : Starting a blocking GC Explicit
08-06 02:31:20.961 13231 13327 I art     : Explicit concurrent mark sweep GC freed 1076(140KB) AllocSpace objects, 0(0B) LOS objects, 23% free, 52MB/68MB, paused 316us total 17.625ms
08-06 02:31:20.968 13231 13327 I art     : Starting a blocking GC Explicit
08-06 02:31:20.985 13231 13327 I art     : Explicit concurrent mark sweep GC freed 6(192B) AllocSpace objects, 0(0B) LOS objects, 23% free, 52MB/68MB, paused 301us total 16.355ms
08-06 02:31:20.993 13231 13327 I art     : Starting a blocking GC Explicit
08-06 02:31:21.010 13231 13327 I art     : Explicit concurrent mark sweep GC freed 3(96B) AllocSpace objects, 0(0B) LOS objects, 23% free, 52MB/68MB, paused 291us total 16.632ms
08-06 02:31:21.018 13231 13327 I art     : Starting a blocking GC Explicit
08-06 02:31:21.035 13231 13327 I art     : Explicit concurrent mark sweep GC freed 3(96B) AllocSpace objects, 0(0B) LOS objects, 23% free, 52MB/68MB, paused 332us total 17.072ms
08-06 02:31:21.307 13231 13327 I art     : Starting a blocking GC Explicit
08-06 02:31:21.327 13231 13327 I art     : Explicit concurrent mark sweep GC freed 1341(78KB) AllocSpace objects, 1(20KB) LOS objects, 23% free, 52MB/68MB, paused 329us total 19.513ms
08-06 02:31:21.335 13231 13327 I art     : Starting a blocking GC Explicit
08-06 02:31:21.354 13231 13327 I art     : Explicit concurrent mark sweep GC freed 36(1264B) AllocSpace objects, 0(0B) LOS objects, 23% free, 52MB/68MB, paused 313us total 18.946ms
08-06 02:31:21.363 13231 13327 I art     : Starting a blocking GC Explicit
08-06 02:31:21.382 13231 13327 I art     : Explicit concurrent mark sweep GC freed 3(96B) AllocSpace objects, 0(0B) LOS objects, 23% free, 52MB/68MB, paused 325us total 19.034ms
08-06 02:31:21.390 13231 13327 I art     : Starting a blocking GC Explicit
08-06 02:31:21.410 13231 13327 I art     : Explicit concurrent mark sweep GC freed 3(96B) AllocSpace objects, 0(0B) LOS objects, 23% free, 52MB/68MB, paused 318us total 19.280ms
08-06 02:31:21.418 13231 13327 I art     : Starting a blocking GC Explicit
08-06 02:31:21.438 13231 13327 I art     : Explicit concurrent mark sweep GC freed 3(96B) AllocSpace objects, 0(0B) LOS objects, 23% free, 52MB/68MB, paused 330us total 19.193ms
08-06 02:31:21.747 13231 13244 I art     : Starting a blocking GC Explicit
08-06 02:31:21.772 13231 13244 I art     : Explicit concurrent mark sweep GC freed 1341(78KB) AllocSpace objects, 1(20KB) LOS objects, 23% free, 52MB/68MB, paused 364us total 24.139ms
08-06 02:31:21.783 13231 13244 I art     : Starting a blocking GC Explicit
08-06 02:31:21.807 13231 13244 I art     : Explicit concurrent mark sweep GC freed 20(704B) AllocSpace objects, 0(0B) LOS objects, 23% free, 52MB/68MB, paused 417us total 23.407ms
08-06 02:31:21.820 13231 13244 I art     : Starting a blocking GC Explicit
08-06 02:31:21.840 13231 13244 I art     : Explicit concurrent mark sweep GC freed 3(96B) AllocSpace objects, 0(0B) LOS objects, 23% free, 52MB/68MB, paused 335us total 19.593ms
08-06 02:31:21.848 13231 13244 I art     : Starting a blocking GC Explicit
08-06 02:31:21.868 13231 13244 I art     : Explicit concurrent mark sweep GC freed 3(96B) AllocSpace objects, 0(0B) LOS objects, 23% free, 52MB/68MB, paused 334us total 19.613ms
08-06 02:31:21.877 13231 13244 I art     : Starting a blocking GC Explicit
08-06 02:31:21.896 13231 13244 I art     : Explicit concurrent mark sweep GC freed 3(96B) AllocSpace objects, 0(0B) LOS objects, 23% free, 52MB/68MB, paused 326us total 19.558ms
08-06 02:31:21.930 13136 13136 I ServiceManager: Waiting for service AtCmdFwd...
08-06 02:31:22.224 13231 13243 I art     : Starting a blocking GC Explicit
08-06 02:31:22.248 13231 13243 I art     : Explicit concurrent mark sweep GC freed 1341(78KB) AllocSpace objects, 1(20KB) LOS objects, 23% free, 52MB/68MB, paused 360us total 24.413ms
08-06 02:31:22.260 13231 13243 I art     : Starting a blocking GC Explicit
08-06 02:31:22.280 13231 13243 I art     : Explicit concurrent mark sweep GC freed 20(704B) AllocSpace objects, 0(0B) LOS objects, 23% free, 52MB/68MB, paused 364us total 20.322ms
08-06 02:31:22.289 13231 13243 I art     : Starting a blocking GC Explicit
08-06 02:31:22.309 13231 13243 I art     : Explicit concurrent mark sweep GC freed 3(96B) AllocSpace objects, 0(0B) LOS objects, 23% free, 52MB/68MB, paused 325us total 19.514ms
08-06 02:31:22.318 13231 13243 I art     : Starting a blocking GC Explicit
08-06 02:31:22.337 13231 13243 I art     : Explicit concurrent mark sweep GC freed 3(96B) AllocSpace objects, 0(0B) LOS objects, 23% free, 52MB/68MB, paused 446us total 19.233ms
08-06 02:31:22.345 13231 13243 I art     : Starting a blocking GC Explicit
08-06 02:31:22.365 13231 13243 I art     : Explicit concurrent mark sweep GC freed 3(96B) AllocSpace objects, 0(0B) LOS objects, 23% free, 52MB/68MB, paused 325us total 19.267ms
08-06 02:31:22.695 13231 13260 I art     : Starting a blocking GC Explicit
08-06 02:31:22.724 13231 13260 I art     : Explicit concurrent mark sweep GC freed 1341(78KB) AllocSpace objects, 1(20KB) LOS objects, 23% free, 52MB/68MB, paused 356us total 29.278ms
08-06 02:31:22.737 13231 13260 I art     : Starting a blocking GC Explicit
08-06 02:31:22.756 13231 13260 I art     : Explicit concurrent mark sweep GC freed 20(704B) AllocSpace objects, 0(0B) LOS objects, 23% free, 52MB/68MB, paused 327us total 18.667ms
08-06 02:31:22.756 13231 13241 I art     : WaitForGcToComplete blocked for 12.328ms for cause HeapTrim
08-06 02:31:22.764 13231 13260 I art     : Starting a blocking GC Explicit
08-06 02:31:22.783 13231 13260 I art     : Explicit concurrent mark sweep GC freed 3(96B) AllocSpace objects, 0(0B) LOS objects, 23% free, 52MB/68MB, paused 343us total 18.710ms
08-06 02:31:22.792 13231 13260 I art     : Starting a blocking GC Explicit
08-06 02:31:22.811 13231 13260 I art     : Explicit concurrent mark sweep GC freed 3(96B) AllocSpace objects, 0(0B) LOS objects, 23% free, 52MB/68MB, paused 329us total 19.511ms
08-06 02:31:22.820 13231 13260 I art     : Starting a blocking GC Explicit
08-06 02:31:22.840 13231 13260 I art     : Explicit concurrent mark sweep GC freed 3(96B) AllocSpace objects, 0(0B) LOS objects, 23% free, 52MB/68MB, paused 340us total 19.427ms
08-06 02:31:22.931 13136 13136 I ServiceManager: Waiting for service AtCmdFwd...
08-06 02:31:23.176 13231 13327 I art     : Starting a blocking GC Explicit
08-06 02:31:23.204 13231 13327 I art     : Explicit concurrent mark sweep GC freed 1341(78KB) AllocSpace objects, 1(20KB) LOS objects, 23% free, 52MB/68MB, paused 348us total 27.424ms
08-06 02:31:23.216 13231 13327 I art     : Starting a blocking GC Explicit
08-06 02:31:23.234 13231 13327 I art     : Explicit concurrent mark sweep GC freed 20(704B) AllocSpace objects, 0(0B) LOS objects, 23% free, 52MB/68MB, paused 319us total 18.539ms
08-06 02:31:23.243 13231 13327 I art     : Starting a blocking GC Explicit
08-06 02:31:23.262 13231 13327 I art     : Explicit concurrent mark sweep GC freed 3(96B) AllocSpace objects, 0(0B) LOS objects, 23% free, 52MB/68MB, paused 325us total 18.866ms
08-06 02:31:23.270 13231 13327 I art     : Starting a blocking GC Explicit
08-06 02:31:23.290 13231 13327 I art     : Explicit concurrent mark sweep GC freed 3(96B) AllocSpace objects, 0(0B) LOS objects, 23% free, 52MB/68MB, paused 324us total 19.144ms
08-06 02:31:23.298 13231 13327 I art     : Starting a blocking GC Explicit
08-06 02:31:23.318 13231 13327 I art     : Explicit concurrent mark sweep GC freed 3(96B) AllocSpace objects, 0(0B) LOS objects, 23% free, 52MB/68MB, paused 330us total 19.114ms
08-06 02:31:23.652 13231 13244 I art     : Starting a blocking GC Explicit
08-06 02:31:23.679 13231 13244 I art     : Explicit concurrent mark sweep GC freed 1341(78KB) AllocSpace objects, 1(20KB) LOS objects, 23% free, 52MB/68MB, paused 357us total 26.486ms
08-06 02:31:23.691 13231 13244 I art     : Starting a blocking GC Explicit
08-06 02:31:23.710 13231 13244 I art     : Explicit concurrent mark sweep GC freed 20(704B) AllocSpace objects, 0(0B) LOS objects, 23% free, 52MB/68MB, paused 335us total 19.145ms
08-06 02:31:23.719 13231 13244 I art     : Starting a blocking GC Explicit
08-06 02:31:23.738 13231 13244 I art     : Explicit concurrent mark sweep GC freed 3(96B) AllocSpace objects, 0(0B) LOS objects, 23% free, 52MB/68MB, paused 328us total 19.206ms
08-06 02:31:23.747 13231 13244 I art     : Starting a blocking GC Explicit
08-06 02:31:23.767 13231 13244 I art     : Explicit concurrent mark sweep GC freed 3(96B) AllocSpace objects, 0(0B) LOS objects, 23% free, 52MB/68MB, paused 328us total 19.463ms
08-06 02:31:23.775 13231 13244 I art     : Starting a blocking GC Explicit
08-06 02:31:23.794 13231 13244 I art     : Explicit concurrent mark sweep GC freed 3(96B) AllocSpace objects, 0(0B) LOS objects, 23% free, 52MB/68MB, paused 327us total 18.871ms
08-06 02:31:23.933 13136 13136 I ServiceManager: Waiting for service AtCmdFwd...
08-06 02:31:24.106 13231 13243 I art     : Starting a blocking GC Explicit
08-06 02:31:24.131 13231 13243 I art     : Explicit concurrent mark sweep GC freed 1341(78KB) AllocSpace objects, 1(20KB) LOS objects, 23% free, 52MB/68MB, paused 347us total 24.208ms
08-06 02:31:24.143 13231 13243 I art     : Starting a blocking GC Explicit
08-06 02:31:24.162 13231 13243 I art     : Explicit concurrent mark sweep GC freed 20(704B) AllocSpace objects, 0(0B) LOS objects, 23% free, 52MB/68MB, paused 350us total 18.971ms
08-06 02:31:24.171 13231 13243 I art     : Starting a blocking GC Explicit
08-06 02:31:24.189 13231 13243 I art     : Explicit concurrent mark sweep GC freed 3(96B) AllocSpace objects, 0(0B) LOS objects, 23% free, 52MB/68MB, paused 309us total 18.495ms
08-06 02:31:24.198 13231 13243 I art     : Starting a blocking GC Explicit
08-06 02:31:24.216 13231 13243 I art     : Explicit concurrent mark sweep GC freed 3(96B) AllocSpace objects, 0(0B) LOS objects, 23% free, 52MB/68MB, paused 310us total 17.899ms
08-06 02:31:24.224 13231 13243 I art     : Starting a blocking GC Explicit
08-06 02:31:24.242 13231 13243 I art     : Explicit concurrent mark sweep GC freed 3(96B) AllocSpace objects, 0(0B) LOS objects, 23% free, 52MB/68MB, paused 351us total 18.295ms
08-06 02:31:24.553 13231 13260 I art     : Starting a blocking GC Explicit
08-06 02:31:24.577 13231 13260 I art     : Explicit concurrent mark sweep GC freed 1341(78KB) AllocSpace objects, 1(20KB) LOS objects, 23% free, 52MB/68MB, paused 378us total 23.623ms
08-06 02:31:24.587 13231 13260 I art     : Starting a blocking GC Explicit
08-06 02:31:24.600 14286 14286 D AndroidRuntime: >>>>>> START com.android.internal.os.RuntimeInit uid 2000 <<<<<<
08-06 02:31:24.605 14286 14286 D AndroidRuntime: CheckJNI is OFF
08-06 02:31:24.606 13231 13260 I art     : Explicit concurrent mark sweep GC freed 20(704B) AllocSpace objects, 0(0B) LOS objects, 23% free, 52MB/68MB, paused 376us total 19.005ms
08-06 02:31:24.615 13231 13260 I art     : Starting a blocking GC Explicit
08-06 02:31:24.633 13231 13260 I art     : Explicit concurrent mark sweep GC freed 3(96B) AllocSpace objects, 0(0B) LOS objects, 23% free, 52MB/68MB, paused 337us total 17.477ms
08-06 02:31:24.641 13231 13260 I art     : Starting a blocking GC Explicit
08-06 02:31:24.641 14286 14286 D ICU     : No timezone override file found: /data/misc/zoneinfo/current/icu/icu_tzdata.dat
08-06 02:31:24.659 13231 13260 I art     : Explicit concurrent mark sweep GC freed 3(96B) AllocSpace objects, 0(0B) LOS objects, 23% free, 52MB/68MB, paused 352us total 18.052ms
08-06 02:31:24.667 13231 13260 I art     : Starting a blocking GC Explicit
08-06 02:31:24.675 14286 14286 I Radio-JNI: register_android_hardware_Radio DONE
08-06 02:31:24.685 13231 13260 I art     : Explicit concurrent mark sweep GC freed 3(96B) AllocSpace objects, 0(0B) LOS objects, 23% free, 52MB/68MB, paused 330us total 17.731ms
08-06 02:31:24.697 14286 14286 D AndroidRuntime: Calling main entry com.android.commands.input.Input
08-06 02:31:24.698 14286 14286 I Input   : injectKeyEvent: KeyEvent { action=ACTION_DOWN, keyCode=KEYCODE_BACK, scanCode=0, metaState=0, flags=0x0, repeatCount=0, eventTime=844301111, downTime=844301111, deviceId=-1, source=0x101 }
08-06 02:31:24.704 14286 14286 I Input   : injectKeyEvent: KeyEvent { action=ACTION_UP, keyCode=KEYCODE_BACK, scanCode=0, metaState=0, flags=0x0, repeatCount=0, eventTime=844301111, downTime=844301111, deviceId=-1, source=0x101 }
08-06 02:31:24.710 14286 14286 D AndroidRuntime: Shutting down VM
08-06 02:31:24.751 13866 13866 I GoogleInputMethodServic: GoogleInputMethodService.onFinishInput():3138 
08-06 02:31:24.752 13866 13866 I GoogleInputMethodServic: GoogleInputMethodService.onStartInput():1808 
08-06 02:31:24.933 13136 13136 W Atfwd_Sendcmd: AtCmdFwd service not published, waiting... retryCnt : 1
08-06 02:31:24.938 13231 13260 I art     : Starting a blocking GC Explicit
08-06 02:31:24.957 13231 13260 I art     : Explicit concurrent mark sweep GC freed 1511(85KB) AllocSpace objects, 1(20KB) LOS objects, 23% free, 52MB/68MB, paused 382us total 18.489ms
08-06 02:31:24.966 13231 13260 I art     : Starting a blocking GC Explicit
08-06 02:31:24.984 13231 13260 I art     : Explicit concurrent mark sweep GC freed 26(944B) AllocSpace objects, 0(0B) LOS objects, 23% free, 52MB/68MB, paused 298us total 17.661ms
08-06 02:31:24.991 13231 13260 I art     : Starting a blocking GC Explicit
08-06 02:31:25.009 13231 13260 I art     : Explicit concurrent mark sweep GC freed 3(96B) AllocSpace objects, 0(0B) LOS objects, 23% free, 52MB/68MB, paused 292us total 17.124ms
08-06 02:31:25.017 13231 13260 I art     : Starting a blocking GC Explicit
08-06 02:31:25.034 13231 13260 I art     : Explicit concurrent mark sweep GC freed 3(96B) AllocSpace objects, 0(0B) LOS objects, 23% free, 52MB/68MB, paused 292us total 16.923ms
08-06 02:31:25.041   380   380 W SurfaceFlinger: couldn't log to binary event log: overflow.
08-06 02:31:25.042 13231 13260 I art     : Starting a blocking GC Explicit
08-06 02:31:25.059 13231 13260 I art     : Explicit concurrent mark sweep GC freed 109(8KB) AllocSpace objects, 0(0B) LOS objects, 23% free, 52MB/68MB, paused 333us total 16.790ms
08-06 02:31:25.334 13231 13244 I art     : Starting a blocking GC Explicit
08-06 02:31:25.354 13231 13244 I art     : Explicit concurrent mark sweep GC freed 1455(84KB) AllocSpace objects, 1(20KB) LOS objects, 23% free, 52MB/68MB, paused 349us total 20.024ms
08-06 02:31:25.363 13231 13244 I art     : Starting a blocking GC Explicit
08-06 02:31:25.381 13231 13244 I art     : Explicit concurrent mark sweep GC freed 1562(100KB) AllocSpace objects, 3(400KB) LOS objects, 23% free, 52MB/68MB, paused 316us total 18.046ms
08-06 02:31:25.389 13231 13244 I art     : Starting a blocking GC Explicit
08-06 02:31:25.407 13231 13244 I art     : Explicit concurrent mark sweep GC freed 3(96B) AllocSpace objects, 0(0B) LOS objects, 23% free, 52MB/68MB, paused 422us total 17.641ms
08-06 02:31:25.415 13231 13244 I art     : Starting a blocking GC Explicit
08-06 02:31:25.434 13231 13244 I art     : Explicit concurrent mark sweep GC freed 3(96B) AllocSpace objects, 0(0B) LOS objects, 23% free, 52MB/68MB, paused 355us total 18.386ms
08-06 02:31:25.442 13231 13244 I art     : Starting a blocking GC Explicit
08-06 02:31:25.459 13231 13244 I art     : Explicit concurrent mark sweep GC freed 3(96B) AllocSpace objects, 0(0B) LOS objects, 23% free, 52MB/68MB, paused 304us total 16.846ms
08-06 02:31:25.754 13231 13260 I art     : Starting a blocking GC Explicit
08-06 02:31:25.778 13231 13260 I art     : Explicit concurrent mark sweep GC freed 1341(78KB) AllocSpace objects, 1(20KB) LOS objects, 23% free, 52MB/68MB, paused 374us total 23.508ms
08-06 02:31:25.789 13231 13260 I art     : Starting a blocking GC Explicit
08-06 02:31:25.808 13231 13260 I art     : Explicit concurrent mark sweep GC freed 26(928B) AllocSpace objects, 0(0B) LOS objects, 23% free, 52MB/68MB, paused 325us total 18.629ms
08-06 02:31:25.817 13231 13260 I art     : Starting a blocking GC Explicit
08-06 02:31:25.836 13231 13260 I art     : Explicit concurrent mark sweep GC freed 3(96B) AllocSpace objects, 0(0B) LOS objects, 23% free, 52MB/68MB, paused 346us total 18.660ms
08-06 02:31:25.844 13231 13260 I art     : Starting a blocking GC Explicit
08-06 02:31:25.863 13231 13260 I art     : Explicit concurrent mark sweep GC freed 3(96B) AllocSpace objects, 0(0B) LOS objects, 23% free, 52MB/68MB, paused 332us total 18.839ms
08-06 02:31:25.872 13231 13260 I art     : Starting a blocking GC Explicit
08-06 02:31:25.890 13231 13260 I art     : Explicit concurrent mark sweep GC freed 3(96B) AllocSpace objects, 0(0B) LOS objects, 23% free, 52MB/68MB, paused 329us total 18.008ms
08-06 02:31:26.145 13231 13244 I art     : Starting a blocking GC Explicit
08-06 02:31:26.165 13231 13244 I art     : Explicit concurrent mark sweep GC freed 1340(78KB) AllocSpace objects, 1(20KB) LOS objects, 23% free, 52MB/68MB, paused 431us total 19.493ms
08-06 02:31:26.173 13231 13244 I art     : Starting a blocking GC Explicit
08-06 02:31:26.191 13231 13244 I art     : Explicit concurrent mark sweep GC freed 20(704B) AllocSpace objects, 0(0B) LOS objects, 23% free, 52MB/68MB, paused 337us total 17.906ms
08-06 02:31:26.200 13231 13244 I art     : Starting a blocking GC Explicit
08-06 02:31:26.216 13231 13244 I art     : Explicit concurrent mark sweep GC freed 3(96B) AllocSpace objects, 0(0B) LOS objects, 23% free, 52MB/68MB, paused 318us total 16.576ms
08-06 02:31:26.224 13231 13244 I art     : Starting a blocking GC Explicit
08-06 02:31:26.242 13231 13244 I art     : Explicit concurrent mark sweep GC freed 3(96B) AllocSpace objects, 0(0B) LOS objects, 23% free, 52MB/68MB, paused 324us total 17.516ms
08-06 02:31:26.250 13231 13244 I art     : Starting a blocking GC Explicit
08-06 02:31:26.268 13231 13244 I art     : Explicit concurrent mark sweep GC freed 3(96B) AllocSpace objects, 0(0B) LOS objects, 23% free, 52MB/68MB, paused 326us total 18.013ms
08-06 02:31:26.366 14339 14339 D AndroidRuntime: >>>>>> START com.android.internal.os.RuntimeInit uid 2000 <<<<<<
08-06 02:31:26.372 14339 14339 D AndroidRuntime: CheckJNI is OFF
08-06 02:31:26.410 14339 14339 D ICU     : No timezone override file found: /data/misc/zoneinfo/current/icu/icu_tzdata.dat
08-06 02:31:26.443 14339 14339 I Radio-JNI: register_android_hardware_Radio DONE
08-06 02:31:26.464 14339 14339 D AndroidRuntime: Calling main entry com.android.commands.input.Input
08-06 02:31:26.466 14339 14339 I Input   : injectMotionEvent: MotionEvent { action=ACTION_DOWN, actionButton=0, id[0]=0, x[0]=733.0, y[0]=1957.0, toolType[0]=TOOL_TYPE_UNKNOWN, buttonState=0, metaState=0, flags=0x0, edgeFlags=0x0, pointerCount=1, historySize=0, eventTime=844302879, downTime=844302879, deviceId=0, source=0x1002 }
08-06 02:31:26.472 14339 14339 I Input   : injectMotionEvent: MotionEvent { action=ACTION_UP, actionButton=0, id[0]=0, x[0]=733.0, y[0]=1957.0, toolType[0]=TOOL_TYPE_UNKNOWN, buttonState=0, metaState=0, flags=0x0, edgeFlags=0x0, pointerCount=1, historySize=0, eventTime=844302879, downTime=844302879, deviceId=0, source=0x1002 }
08-06 02:31:26.473   918  3714 I ActivityManager: START u0 {cmp=baseline.appteam.nith.hillffair/.activities.ClubActivity (has extras)} from uid 10697 on display 0
08-06 02:31:26.485 14339 14339 D AndroidRuntime: Shutting down VM
08-06 02:31:26.555 13231 13244 I art     : Starting a blocking GC Explicit
08-06 02:31:26.574 13231 13244 I art     : Explicit concurrent mark sweep GC freed 4822(285KB) AllocSpace objects, 1(20KB) LOS objects, 23% free, 52MB/68MB, paused 542us total 19.234ms
08-06 02:31:26.584 13231 13244 I art     : Starting a blocking GC Explicit
08-06 02:31:26.589   918   936 I ActivityManager: Displayed baseline.appteam.nith.hillffair/.activities.ClubActivity: +103ms
08-06 02:31:26.589 13866 13866 I GoogleInputMethodServic: GoogleInputMethodService.onFinishInput():3138 
08-06 02:31:26.590 13866 13866 I GoogleInputMethodServic: GoogleInputMethodService.onStartInput():1808 
08-06 02:31:26.602 13231 13244 I art     : Explicit concurrent mark sweep GC freed 338(14KB) AllocSpace objects, 0(0B) LOS objects, 23% free, 52MB/68MB, paused 368us total 18.022ms
08-06 02:31:26.610 13231 13244 I art     : Starting a blocking GC Explicit
08-06 02:31:26.629 13231 13244 I art     : Explicit concurrent mark sweep GC freed 22(784B) AllocSpace objects, 0(0B) LOS objects, 23% free, 52MB/68MB, paused 352us total 17.891ms
08-06 02:31:26.636 13231 13244 I art     : Starting a blocking GC Explicit
08-06 02:31:26.653 13231 13244 I art     : Explicit concurrent mark sweep GC freed 74(5KB) AllocSpace objects, 0(0B) LOS objects, 23% free, 52MB/68MB, paused 402us total 16.187ms
08-06 02:31:26.661 13231 13244 I art     : Starting a blocking GC Explicit
08-06 02:31:26.678 13231 13244 I art     : Explicit concurrent mark sweep GC freed 9(464B) AllocSpace objects, 0(0B) LOS objects, 23% free, 52MB/68MB, paused 344us total 16.693ms
08-06 02:31:26.843   380   380 W SurfaceFlinger: couldn't log to binary event log: overflow.
08-06 02:31:26.909 13231 13327 I art     : Starting a blocking GC Explicit
08-06 02:31:26.928 13231 13327 I art     : Explicit concurrent mark sweep GC freed 1342(78KB) AllocSpace objects, 1(20KB) LOS objects, 23% free, 52MB/68MB, paused 340us total 18.265ms
08-06 02:31:26.935 13231 13327 I art     : Starting a blocking GC Explicit
08-06 02:31:26.953 13231 13327 I art     : Explicit concurrent mark sweep GC freed 20(704B) AllocSpace objects, 0(0B) LOS objects, 23% free, 52MB/68MB, paused 337us total 16.974ms
08-06 02:31:26.960 13231 13327 I art     : Starting a blocking GC Explicit
08-06 02:31:26.979 13231 13327 I art     : Explicit concurrent mark sweep GC freed 104(5KB) AllocSpace objects, 0(0B) LOS objects, 23% free, 52MB/68MB, paused 369us total 18.608ms
08-06 02:31:26.989 13231 13327 I art     : Starting a blocking GC Explicit
08-06 02:31:27.005 13231 13327 I art     : Explicit concurrent mark sweep GC freed 11(384B) AllocSpace objects, 0(0B) LOS objects, 23% free, 52MB/68MB, paused 370us total 16.367ms
08-06 02:31:27.013 13231 13327 I art     : Starting a blocking GC Explicit
08-06 02:31:27.032 13231 13327 I art     : Explicit concurrent mark sweep GC freed 11(416B) AllocSpace objects, 0(0B) LOS objects, 23% free, 52MB/68MB, paused 341us total 18.323ms
08-06 02:31:27.276 13231 14373 D OkHttp  : --> GET https://api-hillfair-2k16.herokuapp.com/api/app/events/special/event?id=58065620dcba0f490c70fe09 http/1.1
08-06 02:31:27.302 13231 13260 I art     : Starting a blocking GC Explicit
08-06 02:31:27.312 13231 14373 D OkHttp  : <-- 200 OK https://api-hillfair-2k16.herokuapp.com/api/app/events/special/event?id=58065620dcba0f490c70fe09 (35ms, 682-byte body)
08-06 02:31:27.324 13231 13260 I art     : Explicit concurrent mark sweep GC freed 4162(249KB) AllocSpace objects, 4(220KB) LOS objects, 23% free, 52MB/68MB, paused 417us total 21.402ms
08-06 02:31:27.332 13231 13260 I art     : Starting a blocking GC Explicit
08-06 02:31:27.352 13231 13260 I art     : Explicit concurrent mark sweep GC freed 1093(122KB) AllocSpace objects, 0(0B) LOS objects, 23% free, 52MB/68MB, paused 428us total 19.484ms
08-06 02:31:27.360 13231 13260 I art     : Starting a blocking GC Explicit
08-06 02:31:27.363 13231 13231 I NAPPA_EXPERIMENTATION: MetricNetworkRequestExecutionTime: REQUEST_DURATION_SYSTEM='847',REQUEST_DURATION_OKHTTP='36',REQUEST_SYNCHRONOUS='FALSE',RESPONSE_CODE='200',RESPONSE_METHOD='GET',RESPONSE_LENGTH_OKHTTP='682',RESPONSE_LENGTH_HEADER='682',REQUEST_PROTOCOL='http/1.1',REQUEST_URL='https://api-hillfair-2k16.herokuapp.com/api/app/events/special/event?id=58065620dcba0f490c70fe09',
08-06 02:31:27.378 13231 13260 I art     : Explicit concurrent mark sweep GC freed 530(63KB) AllocSpace objects, 0(0B) LOS objects, 23% free, 52MB/68MB, paused 516us total 18.527ms
08-06 02:31:27.387 13231 13260 I art     : Starting a blocking GC Explicit
08-06 02:31:27.404 13231 13260 I art     : Explicit concurrent mark sweep GC freed 72(3040B) AllocSpace objects, 0(0B) LOS objects, 23% free, 52MB/68MB, paused 375us total 17.156ms
08-06 02:31:27.413 13231 13260 I art     : Starting a blocking GC Explicit
08-06 02:31:27.431 13231 13260 I art     : Explicit concurrent mark sweep GC freed 33(21KB) AllocSpace objects, 0(0B) LOS objects, 23% free, 52MB/68MB, paused 325us total 18.438ms
08-06 02:31:27.704 13231 13243 I art     : Starting a blocking GC Explicit
08-06 02:31:27.724 13231 13243 I art     : Explicit concurrent mark sweep GC freed 1344(78KB) AllocSpace objects, 1(20KB) LOS objects, 23% free, 52MB/68MB, paused 359us total 19.423ms
08-06 02:31:27.733 13231 13243 I art     : Starting a blocking GC Explicit
08-06 02:31:27.753 13231 13243 I art     : Explicit concurrent mark sweep GC freed 20(704B) AllocSpace objects, 0(0B) LOS objects, 23% free, 52MB/68MB, paused 339us total 19.403ms
08-06 02:31:27.761 13231 13243 I art     : Starting a blocking GC Explicit
08-06 02:31:27.780 13231 13243 I art     : Explicit concurrent mark sweep GC freed 19(656B) AllocSpace objects, 0(0B) LOS objects, 23% free, 52MB/68MB, paused 320us total 18.658ms
08-06 02:31:27.788 13231 13243 I art     : Starting a blocking GC Explicit
08-06 02:31:27.807 13231 13243 I art     : Explicit concurrent mark sweep GC freed 3(96B) AllocSpace objects, 0(0B) LOS objects, 23% free, 52MB/68MB, paused 354us total 18.767ms
08-06 02:31:27.808 13231 13241 I art     : WaitForGcToComplete blocked for 18.984ms for cause HeapTrim
08-06 02:31:27.816 13231 13243 I art     : Starting a blocking GC Explicit
08-06 02:31:27.835 13231 13243 I art     : Explicit concurrent mark sweep GC freed 3(96B) AllocSpace objects, 0(0B) LOS objects, 23% free, 52MB/68MB, paused 354us total 18.936ms
08-06 02:31:28.132 13231 13327 I art     : Starting a blocking GC Explicit
08-06 02:31:28.158 13231 13327 I art     : Explicit concurrent mark sweep GC freed 1341(78KB) AllocSpace objects, 1(20KB) LOS objects, 23% free, 52MB/68MB, paused 560us total 25.231ms
08-06 02:31:28.171 13231 13327 I art     : Starting a blocking GC Explicit
08-06 02:31:28.191 13231 13327 I art     : Explicit concurrent mark sweep GC freed 20(704B) AllocSpace objects, 0(0B) LOS objects, 23% free, 52MB/68MB, paused 342us total 19.183ms
08-06 02:31:28.199 13231 13327 I art     : Starting a blocking GC Explicit
08-06 02:31:28.218 13231 13327 I art     : Explicit concurrent mark sweep GC freed 3(96B) AllocSpace objects, 0(0B) LOS objects, 23% free, 52MB/68MB, paused 349us total 18.977ms
08-06 02:31:28.227 13231 13327 I art     : Starting a blocking GC Explicit
08-06 02:31:28.247 13231 13327 I art     : Explicit concurrent mark sweep GC freed 3(96B) AllocSpace objects, 0(0B) LOS objects, 23% free, 52MB/68MB, paused 370us total 20.024ms
08-06 02:31:28.256 13231 13327 I art     : Starting a blocking GC Explicit
08-06 02:31:28.276 13231 13327 I art     : Explicit concurrent mark sweep GC freed 3(96B) AllocSpace objects, 0(0B) LOS objects, 23% free, 52MB/68MB, paused 352us total 19.943ms
08-06 02:31:28.619 13231 13260 I art     : Starting a blocking GC Explicit
08-06 02:31:28.648 13231 13260 I art     : Explicit concurrent mark sweep GC freed 1341(78KB) AllocSpace objects, 1(20KB) LOS objects, 23% free, 52MB/68MB, paused 546us total 28.888ms
08-06 02:31:28.657 13231 13260 I art     : Starting a blocking GC Explicit
08-06 02:31:28.678 13231 13260 I art     : Explicit concurrent mark sweep GC freed 20(704B) AllocSpace objects, 0(0B) LOS objects, 23% free, 52MB/68MB, paused 359us total 20.146ms
08-06 02:31:28.686 13231 13260 I art     : Starting a blocking GC Explicit
08-06 02:31:28.706 13231 13260 I art     : Explicit concurrent mark sweep GC freed 3(96B) AllocSpace objects, 0(0B) LOS objects, 23% free, 52MB/68MB, paused 346us total 19.193ms
08-06 02:31:28.714 13231 13260 I art     : Starting a blocking GC Explicit
08-06 02:31:28.733 13231 13260 I art     : Explicit concurrent mark sweep GC freed 3(96B) AllocSpace objects, 0(0B) LOS objects, 23% free, 52MB/68MB, paused 323us total 18.449ms
08-06 02:31:28.741 13231 13260 I art     : Starting a blocking GC Explicit
08-06 02:31:28.760 13231 13260 I art     : Explicit concurrent mark sweep GC freed 3(96B) AllocSpace objects, 0(0B) LOS objects, 23% free, 52MB/68MB, paused 342us total 18.597ms
08-06 02:31:29.059 13231 13244 I art     : Starting a blocking GC Explicit
08-06 02:31:29.082 13231 13244 I art     : Explicit concurrent mark sweep GC freed 1341(78KB) AllocSpace objects, 1(20KB) LOS objects, 23% free, 52MB/68MB, paused 368us total 22.826ms
08-06 02:31:29.090 13231 13244 I art     : Starting a blocking GC Explicit
08-06 02:31:29.110 13231 13244 I art     : Explicit concurrent mark sweep GC freed 20(704B) AllocSpace objects, 0(0B) LOS objects, 23% free, 52MB/68MB, paused 363us total 19.246ms
08-06 02:31:29.119 13231 13244 I art     : Starting a blocking GC Explicit
08-06 02:31:29.138 13231 13244 I art     : Explicit concurrent mark sweep GC freed 3(96B) AllocSpace objects, 0(0B) LOS objects, 23% free, 52MB/68MB, paused 367us total 18.584ms
08-06 02:31:29.146 13231 13244 I art     : Starting a blocking GC Explicit
08-06 02:31:29.156 14425 14425 D AndroidRuntime: >>>>>> START com.android.internal.os.RuntimeInit uid 2000 <<<<<<
08-06 02:31:29.161 14425 14425 D AndroidRuntime: CheckJNI is OFF
08-06 02:31:29.165 13231 13244 I art     : Explicit concurrent mark sweep GC freed 3(96B) AllocSpace objects, 0(0B) LOS objects, 23% free, 52MB/68MB, paused 420us total 19.072ms
08-06 02:31:29.173 13231 13244 I art     : Starting a blocking GC Explicit
08-06 02:31:29.192 13231 13244 I art     : Explicit concurrent mark sweep GC freed 3(96B) AllocSpace objects, 0(0B) LOS objects, 23% free, 52MB/68MB, paused 357us total 18.271ms
08-06 02:31:29.196 14425 14425 D ICU     : No timezone override file found: /data/misc/zoneinfo/current/icu/icu_tzdata.dat
08-06 02:31:29.229 14425 14425 I Radio-JNI: register_android_hardware_Radio DONE
08-06 02:31:29.251 14425 14425 D AndroidRuntime: Calling main entry com.android.commands.input.Input
08-06 02:31:29.253 14425 14425 I Input   : injectKeyEvent: KeyEvent { action=ACTION_DOWN, keyCode=KEYCODE_BACK, scanCode=0, metaState=0, flags=0x0, repeatCount=0, eventTime=844305666, downTime=844305666, deviceId=-1, source=0x101 }
08-06 02:31:29.259 14425 14425 I Input   : injectKeyEvent: KeyEvent { action=ACTION_UP, keyCode=KEYCODE_BACK, scanCode=0, metaState=0, flags=0x0, repeatCount=0, eventTime=844305666, downTime=844305666, deviceId=-1, source=0x101 }
08-06 02:31:29.266 14425 14425 D AndroidRuntime: Shutting down VM
08-06 02:31:29.309 13866 13866 I GoogleInputMethodServic: GoogleInputMethodService.onFinishInput():3138 
08-06 02:31:29.310 13866 13866 I GoogleInputMethodServic: GoogleInputMethodService.onStartInput():1808 
08-06 02:31:29.442 13231 13243 I art     : Starting a blocking GC Explicit
08-06 02:31:29.464 13231 13243 I art     : Explicit concurrent mark sweep GC freed 1511(85KB) AllocSpace objects, 1(20KB) LOS objects, 23% free, 52MB/68MB, paused 323us total 21.703ms
08-06 02:31:29.478 13231 13243 I art     : Starting a blocking GC Explicit
08-06 02:31:29.500 13231 13243 I art     : Explicit concurrent mark sweep GC freed 26(944B) AllocSpace objects, 0(0B) LOS objects, 23% free, 52MB/68MB, paused 337us total 22.209ms
08-06 02:31:29.509 13231 13243 I art     : Starting a blocking GC Explicit
08-06 02:31:29.528 13231 13243 I art     : Explicit concurrent mark sweep GC freed 3(96B) AllocSpace objects, 0(0B) LOS objects, 23% free, 52MB/68MB, paused 333us total 19.150ms
08-06 02:31:29.537 13231 13243 I art     : Starting a blocking GC Explicit
08-06 02:31:29.555 13231 13243 I art     : Explicit concurrent mark sweep GC freed 3(96B) AllocSpace objects, 0(0B) LOS objects, 23% free, 52MB/68MB, paused 304us total 17.810ms
08-06 02:31:29.563 13231 13243 I art     : Starting a blocking GC Explicit
08-06 02:31:29.581 13231 13243 I art     : Explicit concurrent mark sweep GC freed 3(96B) AllocSpace objects, 0(0B) LOS objects, 23% free, 52MB/68MB, paused 305us total 17.668ms
08-06 02:31:29.613   380   380 W SurfaceFlinger: couldn't log to binary event log: overflow.
08-06 02:31:29.853 13231 13260 I art     : Starting a blocking GC Explicit
08-06 02:31:29.877 13231 13260 I art     : Explicit concurrent mark sweep GC freed 1450(87KB) AllocSpace objects, 1(20KB) LOS objects, 23% free, 52MB/68MB, paused 424us total 23.426ms
08-06 02:31:29.887 13231 13260 I art     : Starting a blocking GC Explicit
08-06 02:31:29.905 13231 13260 I art     : Explicit concurrent mark sweep GC freed 1672(106KB) AllocSpace objects, 3(400KB) LOS objects, 23% free, 52MB/68MB, paused 329us total 17.474ms
08-06 02:31:29.913 13231 13260 I art     : Starting a blocking GC Explicit
08-06 02:31:29.930 13231 13260 I art     : Explicit concurrent mark sweep GC freed 3(96B) AllocSpace objects, 0(0B) LOS objects, 23% free, 52MB/68MB, paused 331us total 17.043ms
08-06 02:31:29.933 13136 13136 I ServiceManager: Waiting for service AtCmdFwd...
08-06 02:31:29.938 13231 13260 I art     : Starting a blocking GC Explicit
08-06 02:31:29.955 13231 13260 I art     : Explicit concurrent mark sweep GC freed 3(96B) AllocSpace objects, 0(0B) LOS objects, 23% free, 52MB/68MB, paused 338us total 17.077ms
08-06 02:31:29.963 13231 13260 I art     : Starting a blocking GC Explicit
08-06 02:31:29.981 13231 13260 I art     : Explicit concurrent mark sweep GC freed 3(96B) AllocSpace objects, 0(0B) LOS objects, 23% free, 52MB/68MB, paused 341us total 17.798ms
08-06 02:31:30.261 13231 13327 I art     : Starting a blocking GC Explicit
08-06 02:31:30.285 13231 13327 I art     : Explicit concurrent mark sweep GC freed 1341(78KB) AllocSpace objects, 1(20KB) LOS objects, 23% free, 52MB/68MB, paused 371us total 23.404ms
08-06 02:31:30.297 13231 13327 I art     : Starting a blocking GC Explicit
08-06 02:31:30.319 13231 13327 I art     : Explicit concurrent mark sweep GC freed 20(704B) AllocSpace objects, 0(0B) LOS objects, 23% free, 52MB/68MB, paused 326us total 21.892ms
08-06 02:31:30.327 13231 13327 I art     : Starting a blocking GC Explicit
08-06 02:31:30.347 13231 13327 I art     : Explicit concurrent mark sweep GC freed 3(96B) AllocSpace objects, 0(0B) LOS objects, 23% free, 52MB/68MB, paused 466us total 19.254ms
08-06 02:31:30.356 13231 13327 I art     : Starting a blocking GC Explicit
08-06 02:31:30.374 13231 13327 I art     : Explicit concurrent mark sweep GC freed 3(96B) AllocSpace objects, 0(0B) LOS objects, 23% free, 52MB/68MB, paused 353us total 18.415ms
08-06 02:31:30.383 13231 13327 I art     : Starting a blocking GC Explicit
08-06 02:31:30.401 13231 13327 I art     : Explicit concurrent mark sweep GC freed 3(96B) AllocSpace objects, 0(0B) LOS objects, 23% free, 52MB/68MB, paused 331us total 18.574ms
08-06 02:31:30.470 24365 20837 I NetworkScheduler.Stats: Task com.google.android.apps.gcs/ started execution. cause:4 exec_start_elapsed_seconds: 1827694 [CONTEXT service_id=218 ]
08-06 02:31:30.471  5753 14479 W Gcs.WfaEliRefreshTask: [28149] afk.b: NULL eligibility response.
08-06 02:31:30.475 24365 20837 I NetworkScheduler.Stats: Task com.google.android.apps.gcs/ finished executing. cause:4 result: 3 elapsed_millis: 9 uptime_millis: 10 exec_start_elapsed_seconds: 1827694 [CONTEXT service_id=218 ]
08-06 02:31:30.653 13231 13244 I art     : Starting a blocking GC Explicit
08-06 02:31:30.672 13231 13244 I art     : Explicit concurrent mark sweep GC freed 1340(78KB) AllocSpace objects, 1(20KB) LOS objects, 23% free, 52MB/68MB, paused 422us total 18.800ms
08-06 02:31:30.681 13231 13244 I art     : Starting a blocking GC Explicit
08-06 02:31:30.699 13231 13244 I art     : Explicit concurrent mark sweep GC freed 20(704B) AllocSpace objects, 0(0B) LOS objects, 23% free, 52MB/68MB, paused 351us total 18.560ms
08-06 02:31:30.707 13231 13244 I art     : Starting a blocking GC Explicit
08-06 02:31:30.725 13231 13244 I art     : Explicit concurrent mark sweep GC freed 3(96B) AllocSpace objects, 0(0B) LOS objects, 23% free, 52MB/68MB, paused 377us total 17.717ms
08-06 02:31:30.733 13231 13244 I art     : Starting a blocking GC Explicit
08-06 02:31:30.751 13231 13244 I art     : Explicit concurrent mark sweep GC freed 3(96B) AllocSpace objects, 0(0B) LOS objects, 23% free, 52MB/68MB, paused 403us total 17.857ms
08-06 02:31:30.760 13231 13244 I art     : Starting a blocking GC Explicit
08-06 02:31:30.778 13231 13244 I art     : Explicit concurrent mark sweep GC freed 3(96B) AllocSpace objects, 0(0B) LOS objects, 23% free, 52MB/68MB, paused 346us total 18.058ms
08-06 02:31:30.892 14480 14480 D AndroidRuntime: >>>>>> START com.android.internal.os.RuntimeInit uid 2000 <<<<<<
08-06 02:31:30.898 14480 14480 D AndroidRuntime: CheckJNI is OFF
08-06 02:31:30.930 14480 14480 D ICU     : No timezone override file found: /data/misc/zoneinfo/current/icu/icu_tzdata.dat
08-06 02:31:30.934 13136 13136 I ServiceManager: Waiting for service AtCmdFwd...
08-06 02:31:30.962 14480 14480 I Radio-JNI: register_android_hardware_Radio DONE
08-06 02:31:30.983 14480 14480 D AndroidRuntime: Calling main entry com.android.commands.input.Input
08-06 02:31:30.985 14480 14480 I Input   : injectMotionEvent: MotionEvent { action=ACTION_DOWN, actionButton=0, id[0]=0, x[0]=733.0, y[0]=1957.0, toolType[0]=TOOL_TYPE_UNKNOWN, buttonState=0, metaState=0, flags=0x0, edgeFlags=0x0, pointerCount=1, historySize=0, eventTime=844307397, downTime=844307397, deviceId=0, source=0x1002 }
08-06 02:31:30.991 14480 14480 I Input   : injectMotionEvent: MotionEvent { action=ACTION_UP, actionButton=0, id[0]=0, x[0]=733.0, y[0]=1957.0, toolType[0]=TOOL_TYPE_UNKNOWN, buttonState=0, metaState=0, flags=0x0, edgeFlags=0x0, pointerCount=1, historySize=0, eventTime=844307397, downTime=844307397, deviceId=0, source=0x1002 }
08-06 02:31:30.992   918  5132 I ActivityManager: START u0 {cmp=baseline.appteam.nith.hillffair/.activities.ClubActivity (has extras)} from uid 10697 on display 0
08-06 02:31:30.998 14480 14480 D AndroidRuntime: Shutting down VM
08-06 02:31:31.054 13231 13327 I art     : Starting a blocking GC Explicit
08-06 02:31:31.072 13231 13327 I art     : Explicit concurrent mark sweep GC freed 5038(320KB) AllocSpace objects, 1(20KB) LOS objects, 23% free, 52MB/68MB, paused 453us total 18.096ms
08-06 02:31:31.082 13231 13327 I art     : Starting a blocking GC Explicit
08-06 02:31:31.091   918   936 I ActivityManager: Displayed baseline.appteam.nith.hillffair/.activities.ClubActivity: +92ms
08-06 02:31:31.091 13866 13866 I GoogleInputMethodServic: GoogleInputMethodService.onFinishInput():3138 
08-06 02:31:31.092 13866 13866 I GoogleInputMethodServic: GoogleInputMethodService.onStartInput():1808 
08-06 02:31:31.101 13231 13327 I art     : Explicit concurrent mark sweep GC freed 372(15KB) AllocSpace objects, 0(0B) LOS objects, 23% free, 52MB/68MB, paused 503us total 18.927ms
08-06 02:31:31.110 13231 13327 I art     : Starting a blocking GC Explicit
08-06 02:31:31.130 13231 13327 I art     : Explicit concurrent mark sweep GC freed 36(1648B) AllocSpace objects, 0(0B) LOS objects, 23% free, 52MB/68MB, paused 412us total 19.894ms
08-06 02:31:31.138 13231 13327 I art     : Starting a blocking GC Explicit
08-06 02:31:31.155 13231 13327 I art     : Explicit concurrent mark sweep GC freed 63(4KB) AllocSpace objects, 0(0B) LOS objects, 23% free, 52MB/68MB, paused 365us total 16.662ms
08-06 02:31:31.162 13231 13327 I art     : Starting a blocking GC Explicit
08-06 02:31:31.180 13231 13327 I art     : Explicit concurrent mark sweep GC freed 9(464B) AllocSpace objects, 0(0B) LOS objects, 23% free, 52MB/68MB, paused 357us total 17.810ms
08-06 02:31:31.349   380   380 W SurfaceFlinger: couldn't log to binary event log: overflow.
08-06 02:31:31.431 13231 13244 I art     : Starting a blocking GC Explicit
08-06 02:31:31.451 13231 13244 I art     : Explicit concurrent mark sweep GC freed 1341(78KB) AllocSpace objects, 1(20KB) LOS objects, 23% free, 52MB/68MB, paused 439us total 19.566ms
08-06 02:31:31.459 13231 13244 I art     : Starting a blocking GC Explicit
08-06 02:31:31.480 13231 13244 I art     : Explicit concurrent mark sweep GC freed 110(6KB) AllocSpace objects, 0(0B) LOS objects, 23% free, 52MB/68MB, paused 416us total 20.277ms
08-06 02:31:31.489 13231 13244 I art     : Starting a blocking GC Explicit
08-06 02:31:31.506 13231 13244 I art     : Explicit concurrent mark sweep GC freed 19(752B) AllocSpace objects, 0(0B) LOS objects, 23% free, 52MB/68MB, paused 364us total 17.452ms
08-06 02:31:31.514 13231 13244 I art     : Starting a blocking GC Explicit
08-06 02:31:31.533 13231 13244 I art     : Explicit concurrent mark sweep GC freed 14(512B) AllocSpace objects, 0(0B) LOS objects, 23% free, 52MB/68MB, paused 461us total 18.522ms
08-06 02:31:31.541 13231 13244 I art     : Starting a blocking GC Explicit
08-06 02:31:31.561 13231 13244 I art     : Explicit concurrent mark sweep GC freed 999(70KB) AllocSpace objects, 2(120KB) LOS objects, 23% free, 52MB/68MB, paused 678us total 20.075ms
08-06 02:31:31.578 13231 14513 D OkHttp  : --> GET https://api-hillfair-2k16.herokuapp.com/api/app/events/special/event?id=58065620dcba0f490c70fe09 http/1.1
08-06 02:31:31.609 13231 14513 D OkHttp  : <-- 200 OK https://api-hillfair-2k16.herokuapp.com/api/app/events/special/event?id=58065620dcba0f490c70fe09 (31ms, 682-byte body)
08-06 02:31:31.665 13231 13231 I NAPPA_EXPERIMENTATION: MetricNetworkRequestExecutionTime: REQUEST_DURATION_SYSTEM='636',REQUEST_DURATION_OKHTTP='31',REQUEST_SYNCHRONOUS='FALSE',RESPONSE_CODE='200',RESPONSE_METHOD='GET',RESPONSE_LENGTH_OKHTTP='682',RESPONSE_LENGTH_HEADER='682',REQUEST_PROTOCOL='http/1.1',REQUEST_URL='https://api-hillfair-2k16.herokuapp.com/api/app/events/special/event?id=58065620dcba0f490c70fe09',
08-06 02:31:31.837 13231 13260 I art     : Starting a blocking GC Explicit
08-06 02:31:31.858 13231 13260 I art     : Explicit concurrent mark sweep GC freed 4480(329KB) AllocSpace objects, 2(100KB) LOS objects, 23% free, 52MB/68MB, paused 404us total 21.463ms
08-06 02:31:31.867 13231 13260 I art     : Starting a blocking GC Explicit
08-06 02:31:31.887 13231 13260 I art     : Explicit concurrent mark sweep GC freed 316(28KB) AllocSpace objects, 0(0B) LOS objects, 23% free, 52MB/68MB, paused 353us total 19.346ms
08-06 02:31:31.895 13231 13260 I art     : Starting a blocking GC Explicit
08-06 02:31:31.914 13231 13260 I art     : Explicit concurrent mark sweep GC freed 3(96B) AllocSpace objects, 0(0B) LOS objects, 23% free, 52MB/68MB, paused 376us total 19.089ms
08-06 02:31:31.923 13231 13260 I art     : Starting a blocking GC Explicit
08-06 02:31:31.934 13136 13136 I ServiceManager: Waiting for service AtCmdFwd...
08-06 02:31:31.943 13231 13260 I art     : Explicit concurrent mark sweep GC freed 3(96B) AllocSpace objects, 0(0B) LOS objects, 23% free, 52MB/68MB, paused 380us total 19.208ms
08-06 02:31:31.951 13231 13260 I art     : Starting a blocking GC Explicit
08-06 02:31:31.970 13231 13260 I art     : Explicit concurrent mark sweep GC freed 3(96B) AllocSpace objects, 0(0B) LOS objects, 23% free, 52MB/68MB, paused 348us total 19.005ms
08-06 02:31:32.249 13231 13327 I art     : Starting a blocking GC Explicit
08-06 02:31:32.274 13231 13327 I art     : Explicit concurrent mark sweep GC freed 1341(78KB) AllocSpace objects, 1(20KB) LOS objects, 23% free, 52MB/68MB, paused 376us total 25.320ms
08-06 02:31:32.288 13231 13327 I art     : Starting a blocking GC Explicit
08-06 02:31:32.313 13231 13327 I art     : Explicit concurrent mark sweep GC freed 36(1264B) AllocSpace objects, 0(0B) LOS objects, 23% free, 52MB/68MB, paused 385us total 24.210ms
08-06 02:31:32.323 13231 13327 I art     : Starting a blocking GC Explicit
08-06 02:31:32.343 13231 13327 I art     : Explicit concurrent mark sweep GC freed 3(96B) AllocSpace objects, 0(0B) LOS objects, 23% free, 52MB/68MB, paused 390us total 20.381ms
08-06 02:31:32.352 13231 13327 I art     : Starting a blocking GC Explicit
08-06 02:31:32.372 13231 13327 I art     : Explicit concurrent mark sweep GC freed 3(96B) AllocSpace objects, 0(0B) LOS objects, 23% free, 52MB/68MB, paused 360us total 19.999ms
08-06 02:31:32.381 13231 13327 I art     : Starting a blocking GC Explicit
08-06 02:31:32.401 13231 13327 I art     : Explicit concurrent mark sweep GC freed 3(96B) AllocSpace objects, 0(0B) LOS objects, 23% free, 52MB/68MB, paused 368us total 20.080ms
08-06 02:31:32.687 13231 13260 I art     : Starting a blocking GC Explicit
08-06 02:31:32.712 13231 13260 I art     : Explicit concurrent mark sweep GC freed 1341(78KB) AllocSpace objects, 1(20KB) LOS objects, 23% free, 52MB/68MB, paused 404us total 24.866ms
08-06 02:31:32.724 13231 13260 I art     : Starting a blocking GC Explicit
08-06 02:31:32.748 13231 13260 I art     : Explicit concurrent mark sweep GC freed 20(704B) AllocSpace objects, 0(0B) LOS objects, 23% free, 52MB/68MB, paused 410us total 24.387ms
08-06 02:31:32.759 13231 13260 I art     : Starting a blocking GC Explicit
08-06 02:31:32.779 13231 13260 I art     : Explicit concurrent mark sweep GC freed 3(96B) AllocSpace objects, 0(0B) LOS objects, 23% free, 52MB/68MB, paused 378us total 20.474ms
08-06 02:31:32.789 13231 13260 I art     : Starting a blocking GC Explicit
08-06 02:31:32.809 13231 13260 I art     : Explicit concurrent mark sweep GC freed 3(96B) AllocSpace objects, 0(0B) LOS objects, 23% free, 52MB/68MB, paused 375us total 19.786ms
08-06 02:31:32.817 13231 13260 I art     : Starting a blocking GC Explicit
08-06 02:31:32.837 13231 13260 I art     : Explicit concurrent mark sweep GC freed 3(96B) AllocSpace objects, 0(0B) LOS objects, 23% free, 52MB/68MB, paused 373us total 19.823ms
08-06 02:31:32.935 13136 13136 I ServiceManager: Waiting for service AtCmdFwd...
08-06 02:31:33.155 13231 13244 I art     : Starting a blocking GC Explicit
08-06 02:31:33.180 13231 13244 I art     : Explicit concurrent mark sweep GC freed 1341(78KB) AllocSpace objects, 1(20KB) LOS objects, 23% free, 52MB/68MB, paused 394us total 24.998ms
08-06 02:31:33.194 13231 13244 I art     : Starting a blocking GC Explicit
08-06 02:31:33.215 13231 13244 I art     : Explicit concurrent mark sweep GC freed 20(704B) AllocSpace objects, 0(0B) LOS objects, 23% free, 52MB/68MB, paused 371us total 20.392ms
08-06 02:31:33.224 13231 13244 I art     : Starting a blocking GC Explicit
08-06 02:31:33.243 13231 13244 I art     : Explicit concurrent mark sweep GC freed 3(96B) AllocSpace objects, 0(0B) LOS objects, 23% free, 52MB/68MB, paused 397us total 18.851ms
08-06 02:31:33.251 13231 13244 I art     : Starting a blocking GC Explicit
08-06 02:31:33.270 13231 13244 I art     : Explicit concurrent mark sweep GC freed 3(96B) AllocSpace objects, 0(0B) LOS objects, 23% free, 52MB/68MB, paused 362us total 18.864ms
08-06 02:31:33.278 13231 13244 I art     : Starting a blocking GC Explicit
08-06 02:31:33.297 13231 13244 I art     : Explicit concurrent mark sweep GC freed 3(96B) AllocSpace objects, 0(0B) LOS objects, 23% free, 52MB/68MB, paused 401us total 18.918ms
08-06 02:31:33.587 13231 13243 I art     : Starting a blocking GC Explicit
08-06 02:31:33.607 13231 13243 I art     : Explicit concurrent mark sweep GC freed 1341(78KB) AllocSpace objects, 1(20KB) LOS objects, 23% free, 52MB/68MB, paused 420us total 20.192ms
08-06 02:31:33.616 13231 13243 I art     : Starting a blocking GC Explicit
08-06 02:31:33.636 13231 13243 I art     : Explicit concurrent mark sweep GC freed 20(704B) AllocSpace objects, 0(0B) LOS objects, 23% free, 52MB/68MB, paused 374us total 19.567ms
08-06 02:31:33.645 13231 13243 I art     : Starting a blocking GC Explicit
08-06 02:31:33.664 13231 13243 I art     : Explicit concurrent mark sweep GC freed 3(96B) AllocSpace objects, 0(0B) LOS objects, 23% free, 52MB/68MB, paused 371us total 19.120ms
08-06 02:31:33.673 13231 13243 I art     : Starting a blocking GC Explicit
08-06 02:31:33.680 14565 14565 D AndroidRuntime: >>>>>> START com.android.internal.os.RuntimeInit uid 2000 <<<<<<
08-06 02:31:33.684 14565 14565 D AndroidRuntime: CheckJNI is OFF
08-06 02:31:33.692 13231 13243 I art     : Explicit concurrent mark sweep GC freed 3(96B) AllocSpace objects, 0(0B) LOS objects, 23% free, 52MB/68MB, paused 352us total 18.980ms
08-06 02:31:33.700 13231 13243 I art     : Starting a blocking GC Explicit
08-06 02:31:33.719 13231 13243 I art     : Explicit concurrent mark sweep GC freed 3(96B) AllocSpace objects, 0(0B) LOS objects, 23% free, 52MB/68MB, paused 386us total 18.756ms
08-06 02:31:33.719 14565 14565 D ICU     : No timezone override file found: /data/misc/zoneinfo/current/icu/icu_tzdata.dat
08-06 02:31:33.754 14565 14565 I Radio-JNI: register_android_hardware_Radio DONE
08-06 02:31:33.775 14565 14565 D AndroidRuntime: Calling main entry com.android.commands.input.Input
08-06 02:31:33.777 14565 14565 I Input   : injectKeyEvent: KeyEvent { action=ACTION_DOWN, keyCode=KEYCODE_BACK, scanCode=0, metaState=0, flags=0x0, repeatCount=0, eventTime=844310190, downTime=844310190, deviceId=-1, source=0x101 }
08-06 02:31:33.783 14565 14565 I Input   : injectKeyEvent: KeyEvent { action=ACTION_UP, keyCode=KEYCODE_BACK, scanCode=0, metaState=0, flags=0x0, repeatCount=0, eventTime=844310190, downTime=844310190, deviceId=-1, source=0x101 }
08-06 02:31:33.789 14565 14565 D AndroidRuntime: Shutting down VM
08-06 02:31:33.829 13866 13866 I GoogleInputMethodServic: GoogleInputMethodService.onFinishInput():3138 
08-06 02:31:33.829 13866 13866 I GoogleInputMethodServic: GoogleInputMethodService.onStartInput():1808 
08-06 02:31:33.936 13136 13136 I ServiceManager: Waiting for service AtCmdFwd...
08-06 02:31:33.972 13231 13243 I art     : Starting a blocking GC Explicit
08-06 02:31:33.997 13231 13243 I art     : Explicit concurrent mark sweep GC freed 1511(85KB) AllocSpace objects, 1(20KB) LOS objects, 23% free, 52MB/68MB, paused 430us total 24.910ms
08-06 02:31:34.008 13231 13243 I art     : Starting a blocking GC Explicit
08-06 02:31:34.029 13231 13243 I art     : Explicit concurrent mark sweep GC freed 26(944B) AllocSpace objects, 0(0B) LOS objects, 23% free, 52MB/68MB, paused 354us total 21.417ms
08-06 02:31:34.039 13231 13243 I art     : Starting a blocking GC Explicit
08-06 02:31:34.063 13231 13243 I art     : Explicit concurrent mark sweep GC freed 3(96B) AllocSpace objects, 0(0B) LOS objects, 23% free, 52MB/68MB, paused 359us total 24.119ms
08-06 02:31:34.072 13231 13243 I art     : Starting a blocking GC Explicit
08-06 02:31:34.097 13231 13243 I art     : Explicit concurrent mark sweep GC freed 3(96B) AllocSpace objects, 0(0B) LOS objects, 23% free, 52MB/68MB, paused 360us total 24.473ms
08-06 02:31:34.106 13231 13243 I art     : Starting a blocking GC Explicit
08-06 02:31:34.118   380   380 W SurfaceFlinger: couldn't log to binary event log: overflow.
08-06 02:31:34.128 13231 13243 I art     : Explicit concurrent mark sweep GC freed 91(7KB) AllocSpace objects, 0(0B) LOS objects, 23% free, 52MB/68MB, paused 388us total 22.096ms
08-06 02:31:34.413 13231 13244 I art     : Starting a blocking GC Explicit
08-06 02:31:34.439 13231 13244 I art     : Explicit concurrent mark sweep GC freed 1362(79KB) AllocSpace objects, 1(20KB) LOS objects, 23% free, 52MB/68MB, paused 465us total 25.566ms
08-06 02:31:34.451 13231 13244 I art     : Starting a blocking GC Explicit
08-06 02:31:34.471 13231 13244 I art     : Explicit concurrent mark sweep GC freed 1672(106KB) AllocSpace objects, 3(400KB) LOS objects, 23% free, 52MB/68MB, paused 377us total 19.980ms
08-06 02:31:34.480 13231 13244 I art     : Starting a blocking GC Explicit
08-06 02:31:34.499 13231 13244 I art     : Explicit concurrent mark sweep GC freed 3(96B) AllocSpace objects, 0(0B) LOS objects, 23% free, 52MB/68MB, paused 380us total 19.013ms
08-06 02:31:34.508 13231 13244 I art     : Starting a blocking GC Explicit
08-06 02:31:34.527 13231 13244 I art     : Explicit concurrent mark sweep GC freed 3(96B) AllocSpace objects, 0(0B) LOS objects, 23% free, 52MB/68MB, paused 384us total 19.439ms
08-06 02:31:34.536 13231 13244 I art     : Starting a blocking GC Explicit
08-06 02:31:34.556 13231 13244 I art     : Explicit concurrent mark sweep GC freed 3(96B) AllocSpace objects, 0(0B) LOS objects, 23% free, 52MB/68MB, paused 380us total 20.022ms
08-06 02:31:34.847 13231 13327 I art     : Starting a blocking GC Explicit
08-06 02:31:34.872 13231 13327 I art     : Explicit concurrent mark sweep GC freed 1341(78KB) AllocSpace objects, 1(20KB) LOS objects, 23% free, 52MB/68MB, paused 383us total 24.739ms
08-06 02:31:34.883 13231 13327 I art     : Starting a blocking GC Explicit
08-06 02:31:34.903 13231 13327 I art     : Explicit concurrent mark sweep GC freed 20(704B) AllocSpace objects, 0(0B) LOS objects, 23% free, 52MB/68MB, paused 358us total 19.807ms
08-06 02:31:34.912 13231 13327 I art     : Starting a blocking GC Explicit
08-06 02:31:34.931 13231 13327 I art     : Explicit concurrent mark sweep GC freed 3(96B) AllocSpace objects, 0(0B) LOS objects, 23% free, 52MB/68MB, paused 404us total 19.652ms
08-06 02:31:34.936 13136 13136 W Atfwd_Sendcmd: AtCmdFwd service not published, waiting... retryCnt : 2
08-06 02:31:34.940 13231 13327 I art     : Starting a blocking GC Explicit
08-06 02:31:34.960 13231 13327 I art     : Explicit concurrent mark sweep GC freed 3(96B) AllocSpace objects, 0(0B) LOS objects, 23% free, 52MB/68MB, paused 371us total 19.926ms
08-06 02:31:34.969 13231 13327 I art     : Starting a blocking GC Explicit
08-06 02:31:34.989 13231 13327 I art     : Explicit concurrent mark sweep GC freed 3(96B) AllocSpace objects, 0(0B) LOS objects, 23% free, 52MB/68MB, paused 367us total 19.633ms
08-06 02:31:35.257 13231 13260 I art     : Starting a blocking GC Explicit
08-06 02:31:35.277 13231 13260 I art     : Explicit concurrent mark sweep GC freed 1340(78KB) AllocSpace objects, 1(20KB) LOS objects, 23% free, 52MB/68MB, paused 493us total 19.617ms
08-06 02:31:35.286 13231 13260 I art     : Starting a blocking GC Explicit
08-06 02:31:35.305 13231 13260 I art     : Explicit concurrent mark sweep GC freed 20(704B) AllocSpace objects, 0(0B) LOS objects, 23% free, 52MB/68MB, paused 381us total 19.104ms
08-06 02:31:35.313 13231 13260 I art     : Starting a blocking GC Explicit
08-06 02:31:35.331 13231 13260 I art     : Explicit concurrent mark sweep GC freed 3(96B) AllocSpace objects, 0(0B) LOS objects, 23% free, 52MB/68MB, paused 384us total 18.180ms
08-06 02:31:35.339 13231 13260 I art     : Starting a blocking GC Explicit
08-06 02:31:35.358 13231 13260 I art     : Explicit concurrent mark sweep GC freed 3(96B) AllocSpace objects, 0(0B) LOS objects, 23% free, 52MB/68MB, paused 377us total 18.423ms
08-06 02:31:35.366 13231 13260 I art     : Starting a blocking GC Explicit
08-06 02:31:35.385 13231 13260 I art     : Explicit concurrent mark sweep GC freed 3(96B) AllocSpace objects, 0(0B) LOS objects, 23% free, 52MB/68MB, paused 387us total 18.283ms
08-06 02:31:35.435 14619 14619 D AndroidRuntime: >>>>>> START com.android.internal.os.RuntimeInit uid 2000 <<<<<<
08-06 02:31:35.441 14619 14619 D AndroidRuntime: CheckJNI is OFF
08-06 02:31:35.475 14619 14619 D ICU     : No timezone override file found: /data/misc/zoneinfo/current/icu/icu_tzdata.dat
08-06 02:31:35.517 14619 14619 I Radio-JNI: register_android_hardware_Radio DONE
08-06 02:31:35.538 14619 14619 D AndroidRuntime: Calling main entry com.android.commands.input.Input
08-06 02:31:35.540 14619 14619 I Input   : injectMotionEvent: MotionEvent { action=ACTION_DOWN, actionButton=0, id[0]=0, x[0]=733.0, y[0]=645.0, toolType[0]=TOOL_TYPE_UNKNOWN, buttonState=0, metaState=0, flags=0x0, edgeFlags=0x0, pointerCount=1, historySize=0, eventTime=844311953, downTime=844311953, deviceId=0, source=0x1002 }
08-06 02:31:35.544 14619 14619 I Input   : injectMotionEvent: MotionEvent { action=ACTION_UP, actionButton=0, id[0]=0, x[0]=733.0, y[0]=645.0, toolType[0]=TOOL_TYPE_UNKNOWN, buttonState=0, metaState=0, flags=0x0, edgeFlags=0x0, pointerCount=1, historySize=0, eventTime=844311953, downTime=844311953, deviceId=0, source=0x1002 }
08-06 02:31:35.546   918  5481 I ActivityManager: START u0 {cmp=baseline.appteam.nith.hillffair/.activities.ClubActivity (has extras)} from uid 10697 on display 0
08-06 02:31:35.552 14619 14619 D AndroidRuntime: Shutting down VM
08-06 02:31:35.637 13231 13327 I art     : Starting a blocking GC Explicit
08-06 02:31:35.641   918   936 I ActivityManager: Displayed baseline.appteam.nith.hillffair/.activities.ClubActivity: +89ms
08-06 02:31:35.642 13866 13866 I GoogleInputMethodServic: GoogleInputMethodService.onFinishInput():3138 
08-06 02:31:35.642 13866 13866 I GoogleInputMethodServic: GoogleInputMethodService.onStartInput():1808 
08-06 02:31:35.656 13231 13327 I art     : Explicit concurrent mark sweep GC freed 5221(326KB) AllocSpace objects, 1(20KB) LOS objects, 23% free, 52MB/68MB, paused 575us total 19.485ms
08-06 02:31:35.665 13231 13327 I art     : Starting a blocking GC Explicit
08-06 02:31:35.683 13231 13327 I art     : Explicit concurrent mark sweep GC freed 218(10KB) AllocSpace objects, 0(0B) LOS objects, 23% free, 52MB/68MB, paused 403us total 17.989ms
08-06 02:31:35.691 13231 13327 I art     : Starting a blocking GC Explicit
08-06 02:31:35.709 13231 13327 I art     : Explicit concurrent mark sweep GC freed 5(160B) AllocSpace objects, 0(0B) LOS objects, 23% free, 52MB/68MB, paused 398us total 17.390ms
08-06 02:31:35.717 13231 13327 I art     : Starting a blocking GC Explicit
08-06 02:31:35.735 13231 13327 I art     : Explicit concurrent mark sweep GC freed 3(96B) AllocSpace objects, 0(0B) LOS objects, 23% free, 52MB/68MB, paused 414us total 18.500ms
08-06 02:31:35.743 13231 13327 I art     : Starting a blocking GC Explicit
08-06 02:31:35.762 13231 13327 I art     : Explicit concurrent mark sweep GC freed 54(3KB) AllocSpace objects, 0(0B) LOS objects, 23% free, 52MB/68MB, paused 447us total 18.455ms
08-06 02:31:35.903   380   380 W SurfaceFlinger: couldn't log to binary event log: overflow.
08-06 02:31:36.006 13231 13244 I art     : Starting a blocking GC Explicit
08-06 02:31:36.025 13231 13244 I art     : Explicit concurrent mark sweep GC freed 1445(84KB) AllocSpace objects, 1(20KB) LOS objects, 23% free, 52MB/68MB, paused 428us total 18.430ms
08-06 02:31:36.034 13231 13244 I art     : Starting a blocking GC Explicit
08-06 02:31:36.054 13231 13244 I art     : Explicit concurrent mark sweep GC freed 26(928B) AllocSpace objects, 0(0B) LOS objects, 23% free, 52MB/68MB, paused 586us total 19.627ms
08-06 02:31:36.062 13231 13244 I art     : Starting a blocking GC Explicit
08-06 02:31:36.080 13231 13244 I art     : Explicit concurrent mark sweep GC freed 11(416B) AllocSpace objects, 0(0B) LOS objects, 23% free, 52MB/68MB, paused 421us total 18.335ms
08-06 02:31:36.088 13231 13244 I art     : Starting a blocking GC Explicit
08-06 02:31:36.107 13231 13244 I art     : Explicit concurrent mark sweep GC freed 13(480B) AllocSpace objects, 0(0B) LOS objects, 23% free, 52MB/68MB, paused 473us total 18.272ms
08-06 02:31:36.115 13231 13244 I art     : Starting a blocking GC Explicit
08-06 02:31:36.133 13231 13244 I art     : Explicit concurrent mark sweep GC freed 10(352B) AllocSpace objects, 0(0B) LOS objects, 23% free, 52MB/68MB, paused 419us total 18.334ms
08-06 02:31:36.423 13231 13260 I art     : Starting a blocking GC Explicit
08-06 02:31:36.444 13231 13260 I art     : Explicit concurrent mark sweep GC freed 1400(80KB) AllocSpace objects, 1(20KB) LOS objects, 23% free, 52MB/68MB, paused 426us total 20.622ms
08-06 02:31:36.453 13231 13260 I art     : Starting a blocking GC Explicit
08-06 02:31:36.478 13231 13260 I art     : Explicit concurrent mark sweep GC freed 606(52KB) AllocSpace objects, 0(0B) LOS objects, 23% free, 52MB/68MB, paused 662us total 24.904ms
08-06 02:31:36.487 13231 13260 I art     : Starting a blocking GC Explicit
08-06 02:31:36.508 13231 13260 I art     : Explicit concurrent mark sweep GC freed 2001(80KB) AllocSpace objects, 2(120KB) LOS objects, 23% free, 52MB/68MB, paused 568us total 20.858ms
08-06 02:31:36.512 13231 14652 D OkHttp  : --> GET https://api-hillfair-2k16.herokuapp.com/api/app/events/special/event?id=5806551bdcba0f490c70fd1f http/1.1
08-06 02:31:36.516 13231 13260 I art     : Starting a blocking GC Explicit
08-06 02:31:36.534 13231 13260 I art     : Explicit concurrent mark sweep GC freed 991(117KB) AllocSpace objects, 1(80KB) LOS objects, 23% free, 52MB/68MB, paused 436us total 18.677ms
08-06 02:31:36.542 13231 13260 I art     : Starting a blocking GC Explicit
08-06 02:31:36.560 13231 13260 I art     : Explicit concurrent mark sweep GC freed 26(3040B) AllocSpace objects, 0(0B) LOS objects, 23% free, 52MB/68MB, paused 410us total 18.072ms
08-06 02:31:36.630 13231 14652 D OkHttp  : <-- 200 OK https://api-hillfair-2k16.herokuapp.com/api/app/events/special/event?id=5806551bdcba0f490c70fd1f (118ms, 795-byte body)
08-06 02:31:36.806 13231 13231 I NAPPA_EXPERIMENTATION: MetricNetworkRequestExecutionTime: REQUEST_DURATION_SYSTEM='1226',REQUEST_DURATION_OKHTTP='118',REQUEST_SYNCHRONOUS='FALSE',RESPONSE_CODE='200',RESPONSE_METHOD='GET',RESPONSE_LENGTH_OKHTTP='795',RESPONSE_LENGTH_HEADER='795',REQUEST_PROTOCOL='http/1.1',REQUEST_URL='https://api-hillfair-2k16.herokuapp.com/api/app/events/special/event?id=5806551bdcba0f490c70fd1f',
08-06 02:31:36.825 13231 13244 I art     : Starting a blocking GC Explicit
08-06 02:31:36.849 13231 13244 I art     : Explicit concurrent mark sweep GC freed 2182(177KB) AllocSpace objects, 1(20KB) LOS objects, 23% free, 52MB/68MB, paused 446us total 22.997ms
08-06 02:31:36.858 13231 13244 I art     : Starting a blocking GC Explicit
08-06 02:31:36.878 13231 13244 I art     : Explicit concurrent mark sweep GC freed 119(4KB) AllocSpace objects, 0(0B) LOS objects, 23% free, 52MB/68MB, paused 392us total 19.835ms
08-06 02:31:36.886 13231 13244 I art     : Starting a blocking GC Explicit
08-06 02:31:36.906 13231 13244 I art     : Explicit concurrent mark sweep GC freed 3(96B) AllocSpace objects, 0(0B) LOS objects, 23% free, 52MB/68MB, paused 429us total 19.952ms
08-06 02:31:36.915 13231 13244 I art     : Starting a blocking GC Explicit
08-06 02:31:36.935 13231 13244 I art     : Explicit concurrent mark sweep GC freed 3(96B) AllocSpace objects, 0(0B) LOS objects, 23% free, 52MB/68MB, paused 411us total 19.830ms
08-06 02:31:36.943 13231 13244 I art     : Starting a blocking GC Explicit
08-06 02:31:36.963 13231 13244 I art     : Explicit concurrent mark sweep GC freed 3(96B) AllocSpace objects, 0(0B) LOS objects, 23% free, 52MB/68MB, paused 400us total 19.741ms
08-06 02:31:37.250 13231 13244 I art     : Starting a blocking GC Explicit
08-06 02:31:37.272 13231 13244 I art     : Explicit concurrent mark sweep GC freed 1341(78KB) AllocSpace objects, 1(20KB) LOS objects, 23% free, 52MB/68MB, paused 411us total 21.770ms
08-06 02:31:37.283 13231 13244 I art     : Starting a blocking GC Explicit
08-06 02:31:37.304 13231 13244 I art     : Explicit concurrent mark sweep GC freed 36(1264B) AllocSpace objects, 0(0B) LOS objects, 23% free, 52MB/68MB, paused 394us total 19.997ms
08-06 02:31:37.312 13231 13244 I art     : Starting a blocking GC Explicit
08-06 02:31:37.331 13231 13244 I art     : Explicit concurrent mark sweep GC freed 3(96B) AllocSpace objects, 0(0B) LOS objects, 23% free, 52MB/68MB, paused 396us total 19.366ms
08-06 02:31:37.340 13231 13244 I art     : Starting a blocking GC Explicit
08-06 02:31:37.359 13231 13244 I art     : Explicit concurrent mark sweep GC freed 3(96B) AllocSpace objects, 0(0B) LOS objects, 23% free, 52MB/68MB, paused 398us total 19.524ms
08-06 02:31:37.368 13231 13244 I art     : Starting a blocking GC Explicit
08-06 02:31:37.388 13231 13244 I art     : Explicit concurrent mark sweep GC freed 3(96B) AllocSpace objects, 0(0B) LOS objects, 23% free, 52MB/68MB, paused 390us total 19.942ms
08-06 02:31:37.724 13231 13327 I art     : Starting a blocking GC Explicit
08-06 02:31:37.751 13231 13327 I art     : Explicit concurrent mark sweep GC freed 1341(78KB) AllocSpace objects, 1(20KB) LOS objects, 23% free, 52MB/68MB, paused 436us total 25.788ms
08-06 02:31:37.764 13231 13327 I art     : Starting a blocking GC Explicit
08-06 02:31:37.784 13231 13327 I art     : Explicit concurrent mark sweep GC freed 20(704B) AllocSpace objects, 0(0B) LOS objects, 23% free, 52MB/68MB, paused 397us total 19.174ms
08-06 02:31:37.792 13231 13327 I art     : Starting a blocking GC Explicit
08-06 02:31:37.812 13231 13327 I art     : Explicit concurrent mark sweep GC freed 3(96B) AllocSpace objects, 0(0B) LOS objects, 23% free, 52MB/68MB, paused 379us total 19.945ms
08-06 02:31:37.821 13231 13327 I art     : Starting a blocking GC Explicit
08-06 02:31:37.840 13231 13327 I art     : Explicit concurrent mark sweep GC freed 3(96B) AllocSpace objects, 0(0B) LOS objects, 23% free, 52MB/68MB, paused 388us total 19.473ms
08-06 02:31:37.849 13231 13327 I art     : Starting a blocking GC Explicit
08-06 02:31:37.869 13231 13327 I art     : Explicit concurrent mark sweep GC freed 3(96B) AllocSpace objects, 0(0B) LOS objects, 23% free, 52MB/68MB, paused 443us total 20.171ms
08-06 02:31:38.197 13231 13243 I art     : Starting a blocking GC Explicit
08-06 02:31:38.223 13231 13243 I art     : Explicit concurrent mark sweep GC freed 1341(78KB) AllocSpace objects, 1(20KB) LOS objects, 23% free, 52MB/68MB, paused 400us total 25.195ms
08-06 02:31:38.232 13231 13243 I art     : Starting a blocking GC Explicit
08-06 02:31:38.253 13231 13243 I art     : Explicit concurrent mark sweep GC freed 20(704B) AllocSpace objects, 0(0B) LOS objects, 23% free, 52MB/68MB, paused 385us total 20.787ms
08-06 02:31:38.261 13231 13243 I art     : Starting a blocking GC Explicit
08-06 02:31:38.282 13231 13243 I art     : Explicit concurrent mark sweep GC freed 3(96B) AllocSpace objects, 0(0B) LOS objects, 23% free, 52MB/68MB, paused 390us total 20.961ms
08-06 02:31:38.291 13231 13243 I art     : Starting a blocking GC Explicit
08-06 02:31:38.312 13231 13243 I art     : Explicit concurrent mark sweep GC freed 3(96B) AllocSpace objects, 0(0B) LOS objects, 23% free, 52MB/68MB, paused 476us total 20.773ms
08-06 02:31:38.321 13231 13243 I art     : Starting a blocking GC Explicit
08-06 02:31:38.342 13231 13243 I art     : Explicit concurrent mark sweep GC freed 3(96B) AllocSpace objects, 0(0B) LOS objects, 23% free, 52MB/68MB, paused 425us total 20.418ms
08-06 02:31:38.645 13231 13260 I art     : Starting a blocking GC Explicit
08-06 02:31:38.669 13231 13260 I art     : Explicit concurrent mark sweep GC freed 1341(78KB) AllocSpace objects, 1(20KB) LOS objects, 23% free, 52MB/68MB, paused 437us total 24.105ms
08-06 02:31:38.680 13231 13260 I art     : Starting a blocking GC Explicit
08-06 02:31:38.700 13231 13260 I art     : Explicit concurrent mark sweep GC freed 20(704B) AllocSpace objects, 0(0B) LOS objects, 23% free, 52MB/68MB, paused 404us total 20.496ms
08-06 02:31:38.709 13231 13260 I art     : Starting a blocking GC Explicit
08-06 02:31:38.729 13231 13260 I art     : Explicit concurrent mark sweep GC freed 3(96B) AllocSpace objects, 0(0B) LOS objects, 23% free, 52MB/68MB, paused 395us total 20.297ms
08-06 02:31:38.738 13231 13260 I art     : Starting a blocking GC Explicit
08-06 02:31:38.759 13231 13260 I art     : Explicit concurrent mark sweep GC freed 3(96B) AllocSpace objects, 0(0B) LOS objects, 23% free, 52MB/68MB, paused 452us total 20.363ms
08-06 02:31:38.767 13231 13260 I art     : Starting a blocking GC Explicit
08-06 02:31:38.788 13231 13260 I art     : Explicit concurrent mark sweep GC freed 3(96B) AllocSpace objects, 0(0B) LOS objects, 23% free, 52MB/68MB, paused 402us total 20.394ms
08-06 02:31:39.109 13231 13244 I art     : Starting a blocking GC Explicit
08-06 02:31:39.136 13231 13244 I art     : Explicit concurrent mark sweep GC freed 1341(78KB) AllocSpace objects, 1(20KB) LOS objects, 23% free, 52MB/68MB, paused 439us total 25.822ms
08-06 02:31:39.147 13231 13244 I art     : Starting a blocking GC Explicit
08-06 02:31:39.168 13231 13244 I art     : Explicit concurrent mark sweep GC freed 20(704B) AllocSpace objects, 0(0B) LOS objects, 23% free, 52MB/68MB, paused 409us total 20.554ms
08-06 02:31:39.176 13231 13244 I art     : Starting a blocking GC Explicit
08-06 02:31:39.197 13231 13244 I art     : Explicit concurrent mark sweep GC freed 3(96B) AllocSpace objects, 0(0B) LOS objects, 23% free, 52MB/68MB, paused 430us total 20.782ms
08-06 02:31:39.206 13231 13244 I art     : Starting a blocking GC Explicit
08-06 02:31:39.227 13231 13244 I art     : Explicit concurrent mark sweep GC freed 3(96B) AllocSpace objects, 0(0B) LOS objects, 23% free, 52MB/68MB, paused 446us total 21.080ms
08-06 02:31:39.236 13231 13244 I art     : Starting a blocking GC Explicit
08-06 02:31:39.257 13231 13244 I art     : Explicit concurrent mark sweep GC freed 3(96B) AllocSpace objects, 0(0B) LOS objects, 23% free, 52MB/68MB, paused 484us total 20.395ms
08-06 02:31:39.559 13231 13327 I art     : Starting a blocking GC Explicit
08-06 02:31:39.585 13231 13327 I art     : Explicit concurrent mark sweep GC freed 1341(78KB) AllocSpace objects, 1(20KB) LOS objects, 23% free, 52MB/68MB, paused 396us total 25.681ms
08-06 02:31:39.594 13231 13327 I art     : Starting a blocking GC Explicit
08-06 02:31:39.615 13231 13327 I art     : Explicit concurrent mark sweep GC freed 20(704B) AllocSpace objects, 0(0B) LOS objects, 23% free, 52MB/68MB, paused 393us total 20.758ms
08-06 02:31:39.623 13231 13327 I art     : Starting a blocking GC Explicit
08-06 02:31:39.644 13231 13327 I art     : Explicit concurrent mark sweep GC freed 3(96B) AllocSpace objects, 0(0B) LOS objects, 23% free, 52MB/68MB, paused 387us total 19.965ms
08-06 02:31:39.652 13231 13327 I art     : Starting a blocking GC Explicit
08-06 02:31:39.673 13231 13327 I art     : Explicit concurrent mark sweep GC freed 3(96B) AllocSpace objects, 0(0B) LOS objects, 23% free, 52MB/68MB, paused 394us total 20.736ms
08-06 02:31:39.682 13231 13327 I art     : Starting a blocking GC Explicit
08-06 02:31:39.703 13231 13327 I art     : Explicit concurrent mark sweep GC freed 3(96B) AllocSpace objects, 0(0B) LOS objects, 23% free, 52MB/68MB, paused 471us total 20.974ms
08-06 02:31:39.966 13231 13243 I art     : Starting a blocking GC Explicit
08-06 02:31:39.987 13231 13243 I art     : Explicit concurrent mark sweep GC freed 1341(78KB) AllocSpace objects, 1(20KB) LOS objects, 23% free, 52MB/68MB, paused 401us total 20.858ms
08-06 02:31:39.995 13231 13243 I art     : Starting a blocking GC Explicit
08-06 02:31:40.016 13231 13243 I art     : Explicit concurrent mark sweep GC freed 20(704B) AllocSpace objects, 0(0B) LOS objects, 23% free, 52MB/68MB, paused 391us total 20.326ms
08-06 02:31:40.025 13231 13243 I art     : Starting a blocking GC Explicit
08-06 02:31:40.045 13231 13243 I art     : Explicit concurrent mark sweep GC freed 3(96B) AllocSpace objects, 0(0B) LOS objects, 23% free, 52MB/68MB, paused 408us total 20.170ms
08-06 02:31:40.053 13231 13243 I art     : Starting a blocking GC Explicit
08-06 02:31:40.074 13231 13243 I art     : Explicit concurrent mark sweep GC freed 3(96B) AllocSpace objects, 0(0B) LOS objects, 23% free, 52MB/68MB, paused 388us total 19.996ms
08-06 02:31:40.082 13231 13243 I art     : Starting a blocking GC Explicit
08-06 02:31:40.101 13231 13243 I art     : Explicit concurrent mark sweep GC freed 3(96B) AllocSpace objects, 0(0B) LOS objects, 23% free, 52MB/68MB, paused 382us total 19.043ms
08-06 02:31:40.244 14744 14744 D AndroidRuntime: >>>>>> START com.android.internal.os.RuntimeInit uid 2000 <<<<<<
08-06 02:31:40.251 14744 14744 D AndroidRuntime: CheckJNI is OFF
08-06 02:31:40.284 14744 14744 D ICU     : No timezone override file found: /data/misc/zoneinfo/current/icu/icu_tzdata.dat
08-06 02:31:40.316 14744 14744 I Radio-JNI: register_android_hardware_Radio DONE
08-06 02:31:40.338 14744 14744 D AndroidRuntime: Calling main entry com.android.commands.input.Input
08-06 02:31:40.340 14744 14744 I Input   : injectKeyEvent: KeyEvent { action=ACTION_DOWN, keyCode=KEYCODE_BACK, scanCode=0, metaState=0, flags=0x0, repeatCount=0, eventTime=844316753, downTime=844316753, deviceId=-1, source=0x101 }
08-06 02:31:40.344 14744 14744 I Input   : injectKeyEvent: KeyEvent { action=ACTION_UP, keyCode=KEYCODE_BACK, scanCode=0, metaState=0, flags=0x0, repeatCount=0, eventTime=844316753, downTime=844316753, deviceId=-1, source=0x101 }
08-06 02:31:40.350 14744 14744 D AndroidRuntime: Shutting down VM
08-06 02:31:40.385 13231 13260 I art     : Starting a blocking GC Explicit
08-06 02:31:40.391 13866 13866 I GoogleInputMethodServic: GoogleInputMethodService.onFinishInput():3138 
08-06 02:31:40.391 13866 13866 I GoogleInputMethodServic: GoogleInputMethodService.onStartInput():1808 
08-06 02:31:40.405 13231 13260 I art     : Explicit concurrent mark sweep GC freed 1504(85KB) AllocSpace objects, 1(20KB) LOS objects, 23% free, 52MB/68MB, paused 430us total 19.047ms
08-06 02:31:40.414 13231 13260 I art     : Starting a blocking GC Explicit
08-06 02:31:40.433 13231 13260 I art     : Explicit concurrent mark sweep GC freed 30(1040B) AllocSpace objects, 0(0B) LOS objects, 23% free, 52MB/68MB, paused 378us total 18.879ms
08-06 02:31:40.441 13231 13260 I art     : Starting a blocking GC Explicit
08-06 02:31:40.459 13231 13260 I art     : Explicit concurrent mark sweep GC freed 6(224B) AllocSpace objects, 0(0B) LOS objects, 23% free, 52MB/68MB, paused 424us total 17.536ms
08-06 02:31:40.467 13231 13260 I art     : Starting a blocking GC Explicit
08-06 02:31:40.486 13231 13260 I art     : Explicit concurrent mark sweep GC freed 3(96B) AllocSpace objects, 0(0B) LOS objects, 23% free, 52MB/68MB, paused 367us total 18.402ms
08-06 02:31:40.494 13231 13260 I art     : Starting a blocking GC Explicit
08-06 02:31:40.513 13231 13260 I art     : Explicit concurrent mark sweep GC freed 3(96B) AllocSpace objects, 0(0B) LOS objects, 23% free, 52MB/68MB, paused 409us total 19.067ms
08-06 02:31:40.538   918   937 W ProcessCpuTracker: Skipping unknown process pid 14767
08-06 02:31:40.539   918   937 W ProcessCpuTracker: Skipping unknown process pid 14769
08-06 02:31:40.539   918   937 W ProcessCpuTracker: Skipping unknown process pid 14770
08-06 02:31:40.692   380   380 W SurfaceFlinger: couldn't log to binary event log: overflow.
08-06 02:31:40.763 13231 13327 I art     : Starting a blocking GC Explicit
08-06 02:31:40.784 13231 13327 I art     : Explicit concurrent mark sweep GC freed 1450(87KB) AllocSpace objects, 1(20KB) LOS objects, 23% free, 52MB/68MB, paused 380us total 20.275ms
08-06 02:31:40.792 13231 13327 I art     : Starting a blocking GC Explicit
08-06 02:31:40.809 13231 13327 I art     : Explicit concurrent mark sweep GC freed 1672(107KB) AllocSpace objects, 3(400KB) LOS objects, 23% free, 52MB/68MB, paused 364us total 17.565ms
08-06 02:31:40.817 13231 13327 I art     : Starting a blocking GC Explicit
08-06 02:31:40.834 13231 13327 I art     : Explicit concurrent mark sweep GC freed 3(96B) AllocSpace objects, 0(0B) LOS objects, 23% free, 52MB/68MB, paused 363us total 17.195ms
08-06 02:31:40.842 13231 13327 I art     : Starting a blocking GC Explicit
08-06 02:31:40.859 13231 13327 I art     : Explicit concurrent mark sweep GC freed 3(96B) AllocSpace objects, 0(0B) LOS objects, 23% free, 52MB/68MB, paused 404us total 16.979ms
08-06 02:31:40.867 13231 13327 I art     : Starting a blocking GC Explicit
08-06 02:31:40.884 13231 13327 I art     : Explicit concurrent mark sweep GC freed 3(96B) AllocSpace objects, 0(0B) LOS objects, 23% free, 52MB/68MB, paused 374us total 17.351ms
08-06 02:31:41.145 13231 13243 I art     : Starting a blocking GC Explicit
08-06 02:31:41.164 13231 13243 I art     : Explicit concurrent mark sweep GC freed 1549(91KB) AllocSpace objects, 1(20KB) LOS objects, 23% free, 52MB/68MB, paused 450us total 18.510ms
08-06 02:31:41.171 13231 13243 I art     : Starting a blocking GC Explicit
08-06 02:31:41.190 13231 13243 I art     : Explicit concurrent mark sweep GC freed 87(4KB) AllocSpace objects, 0(0B) LOS objects, 23% free, 52MB/68MB, paused 449us total 17.941ms
08-06 02:31:41.197 13231 13243 I art     : Starting a blocking GC Explicit
08-06 02:31:41.215 13231 13243 I art     : Explicit concurrent mark sweep GC freed 45(1568B) AllocSpace objects, 0(0B) LOS objects, 23% free, 52MB/68MB, paused 426us total 17.447ms
08-06 02:31:41.223 13231 13243 I art     : Starting a blocking GC Explicit
08-06 02:31:41.241 13231 13243 I art     : Explicit concurrent mark sweep GC freed 206(8KB) AllocSpace objects, 0(0B) LOS objects, 23% free, 52MB/68MB, paused 688us total 18.465ms
08-06 02:31:41.249 13231 13243 I art     : Starting a blocking GC Explicit
08-06 02:31:41.268 13231 13243 I art     : Explicit concurrent mark sweep GC freed 1662(65KB) AllocSpace objects, 0(0B) LOS objects, 23% free, 52MB/68MB, paused 461us total 18.372ms
08-06 02:31:41.289 13231 14797 W OneSignal: OneSignalRestClient: POST Error thrown from network stack. 
08-06 02:31:41.289 13231 14797 W OneSignal: java.io.IOException: unexpected end of stream on Connection{api.onesignal.com:443, proxy=HTTP@192.168.2.12:8080 hostAddress=192.168.2.12 cipherSuite=TLS_ECDHE_RSA_WITH_AES_128_GCM_SHA256 protocol=http/1.1} (recycle count=0)
08-06 02:31:41.289 13231 14797 W OneSignal: 	at com.android.okhttp.internal.http.HttpConnection.readResponse(HttpConnection.java:210)
08-06 02:31:41.289 13231 14797 W OneSignal: 	at com.android.okhttp.internal.http.HttpTransport.readResponseHeaders(HttpTransport.java:80)
08-06 02:31:41.289 13231 14797 W OneSignal: 	at com.android.okhttp.internal.http.HttpEngine.readNetworkResponse(HttpEngine.java:904)
08-06 02:31:41.289 13231 14797 W OneSignal: 	at com.android.okhttp.internal.http.HttpEngine.readResponse(HttpEngine.java:788)
08-06 02:31:41.289 13231 14797 W OneSignal: 	at com.android.okhttp.internal.huc.HttpURLConnectionImpl.execute(HttpURLConnectionImpl.java:439)
08-06 02:31:41.289 13231 14797 W OneSignal: 	at com.android.okhttp.internal.huc.HttpURLConnectionImpl.getResponse(HttpURLConnectionImpl.java:384)
08-06 02:31:41.289 13231 14797 W OneSignal: 	at com.android.okhttp.internal.huc.HttpURLConnectionImpl.getResponseCode(HttpURLConnectionImpl.java:497)
08-06 02:31:41.289 13231 14797 W OneSignal: 	at com.android.okhttp.internal.huc.DelegatingHttpsURLConnection.getResponseCode(DelegatingHttpsURLConnection.java:105)
08-06 02:31:41.289 13231 14797 W OneSignal: 	at com.android.okhttp.internal.huc.HttpsURLConnectionImpl.getResponseCode(HttpsURLConnectionImpl.java)
08-06 02:31:41.289 13231 14797 W OneSignal: 	at com.onesignal.OneSignalRestClient.startHTTPConnection(OneSignalRestClient.java:180)
08-06 02:31:41.289 13231 14797 W OneSignal: 	at com.onesignal.OneSignalRestClient.access$100(OneSignalRestClient.java:44)
08-06 02:31:41.289 13231 14797 W OneSignal: 	at com.onesignal.OneSignalRestClient$4.run(OneSignalRestClient.java:110)
08-06 02:31:41.289 13231 14797 W OneSignal: 	at java.lang.Thread.run(Thread.java:818)
08-06 02:31:41.289 13231 14797 W OneSignal: Caused by: java.io.EOFException: \n not found: size=0 content=...
08-06 02:31:41.289 13231 14797 W OneSignal: 	at com.android.okhttp.okio.RealBufferedSource.readUtf8LineStrict(RealBufferedSource.java:200)
08-06 02:31:41.289 13231 14797 W OneSignal: 	at com.android.okhttp.internal.http.HttpConnection.readResponse(HttpConnection.java:191)
08-06 02:31:41.289 13231 14797 W OneSignal: 	... 12 more
08-06 02:31:41.290 13231 14798 W OneSignal: Failed last request. statusCode: -1
08-06 02:31:41.290 13231 14798 W OneSignal: response: null
08-06 02:31:41.537 13231 13244 I art     : Starting a blocking GC Explicit
08-06 02:31:41.563 13231 13244 I art     : Explicit concurrent mark sweep GC freed 1758(151KB) AllocSpace objects, 1(20KB) LOS objects, 23% free, 52MB/68MB, paused 432us total 25.443ms
08-06 02:31:41.576 13231 13244 I art     : Starting a blocking GC Explicit
08-06 02:31:41.593 13231 13244 I art     : Explicit concurrent mark sweep GC freed 24(896B) AllocSpace objects, 0(0B) LOS objects, 23% free, 52MB/68MB, paused 373us total 16.860ms
08-06 02:31:41.601 13231 13244 I art     : Starting a blocking GC Explicit
08-06 02:31:41.619 13231 13244 I art     : Explicit concurrent mark sweep GC freed 3(96B) AllocSpace objects, 0(0B) LOS objects, 23% free, 52MB/68MB, paused 397us total 17.475ms
08-06 02:31:41.626 13231 13244 I art     : Starting a blocking GC Explicit
08-06 02:31:41.644 13231 13244 I art     : Explicit concurrent mark sweep GC freed 3(96B) AllocSpace objects, 0(0B) LOS objects, 23% free, 52MB/68MB, paused 388us total 17.496ms
08-06 02:31:41.652 13231 13244 I art     : Starting a blocking GC Explicit
08-06 02:31:41.669 13231 13244 I art     : Explicit concurrent mark sweep GC freed 3(96B) AllocSpace objects, 0(0B) LOS objects, 23% free, 52MB/68MB, paused 386us total 17.196ms
08-06 02:31:41.938 13231 13260 I art     : Starting a blocking GC Explicit
08-06 02:31:41.959 13231 13260 I art     : Explicit concurrent mark sweep GC freed 1340(78KB) AllocSpace objects, 1(20KB) LOS objects, 23% free, 52MB/68MB, paused 420us total 19.931ms
08-06 02:31:41.967 13231 13260 I art     : Starting a blocking GC Explicit
08-06 02:31:41.987 13231 13260 I art     : Explicit concurrent mark sweep GC freed 20(704B) AllocSpace objects, 0(0B) LOS objects, 23% free, 52MB/68MB, paused 508us total 19.515ms
08-06 02:31:41.994 14809 14809 D AndroidRuntime: >>>>>> START com.android.internal.os.RuntimeInit uid 2000 <<<<<<
08-06 02:31:41.996 13231 13260 I art     : Starting a blocking GC Explicit
08-06 02:31:42.000 14809 14809 D AndroidRuntime: CheckJNI is OFF
08-06 02:31:42.015 13231 13260 I art     : Explicit concurrent mark sweep GC freed 3(96B) AllocSpace objects, 0(0B) LOS objects, 23% free, 52MB/68MB, paused 403us total 19.130ms
08-06 02:31:42.023 13231 13260 I art     : Starting a blocking GC Explicit
08-06 02:31:42.035 14809 14809 D ICU     : No timezone override file found: /data/misc/zoneinfo/current/icu/icu_tzdata.dat
08-06 02:31:42.041 13231 13260 I art     : Explicit concurrent mark sweep GC freed 3(96B) AllocSpace objects, 0(0B) LOS objects, 23% free, 52MB/68MB, paused 399us total 18.448ms
08-06 02:31:42.050 13231 13260 I art     : Starting a blocking GC Explicit
08-06 02:31:42.069 13231 13260 I art     : Explicit concurrent mark sweep GC freed 3(96B) AllocSpace objects, 0(0B) LOS objects, 23% free, 52MB/68MB, paused 443us total 19.025ms
08-06 02:31:42.071 14809 14809 I Radio-JNI: register_android_hardware_Radio DONE
08-06 02:31:42.093 14809 14809 D AndroidRuntime: Calling main entry com.android.commands.input.Input
08-06 02:31:42.095 14809 14809 I Input   : injectKeyEvent: KeyEvent { action=ACTION_DOWN, keyCode=KEYCODE_BACK, scanCode=0, metaState=0, flags=0x0, repeatCount=0, eventTime=844318508, downTime=844318508, deviceId=-1, source=0x101 }
08-06 02:31:42.102 14809 14809 I Input   : injectKeyEvent: KeyEvent { action=ACTION_UP, keyCode=KEYCODE_BACK, scanCode=0, metaState=0, flags=0x0, repeatCount=0, eventTime=844318508, downTime=844318508, deviceId=-1, source=0x101 }
08-06 02:31:42.108 14809 14809 D AndroidRuntime: Shutting down VM
08-06 02:31:42.152 13866 13866 I GoogleInputMethodServic: GoogleInputMethodService.onFinishInput():3138 
08-06 02:31:42.152 13866 13866 I GoogleInputMethodServic: GoogleInputMethodService.onStartInput():1808 
08-06 02:31:42.314 13231 13243 I art     : Starting a blocking GC Explicit
08-06 02:31:42.340 13231 13243 I art     : Explicit concurrent mark sweep GC freed 1550(87KB) AllocSpace objects, 1(20KB) LOS objects, 23% free, 52MB/68MB, paused 398us total 25.686ms
08-06 02:31:42.350 13231 13243 I art     : Starting a blocking GC Explicit
08-06 02:31:42.373 13231 13243 I art     : Explicit concurrent mark sweep GC freed 24(864B) AllocSpace objects, 0(0B) LOS objects, 23% free, 52MB/68MB, paused 442us total 23.242ms
08-06 02:31:42.383 13231 13243 I art     : Starting a blocking GC Explicit
08-06 02:31:42.407 13231 13243 I art     : Explicit concurrent mark sweep GC freed 3(96B) AllocSpace objects, 0(0B) LOS objects, 23% free, 52MB/68MB, paused 447us total 23.407ms
08-06 02:31:42.416 13231 13243 I art     : Starting a blocking GC Explicit
08-06 02:31:42.436 13231 13243 I art     : Explicit concurrent mark sweep GC freed 3(96B) AllocSpace objects, 0(0B) LOS objects, 23% free, 52MB/68MB, paused 365us total 19.781ms
08-06 02:31:42.445 13231 13243 I art     : Starting a blocking GC Explicit
08-06 02:31:42.465 13231 13243 I art     : Explicit concurrent mark sweep GC freed 1041(50KB) AllocSpace objects, 0(0B) LOS objects, 23% free, 52MB/68MB, paused 392us total 18.995ms
08-06 02:31:42.754 13231 13327 I art     : Starting a blocking GC Explicit
08-06 02:31:42.786 13231 13327 I art     : Explicit concurrent mark sweep GC freed 1504(86KB) AllocSpace objects, 1(20KB) LOS objects, 23% free, 52MB/68MB, paused 505us total 31.884ms
08-06 02:31:42.799 13231 13327 I art     : Starting a blocking GC Explicit
08-06 02:31:42.819 13231 13327 I art     : Explicit concurrent mark sweep GC freed 1962(120KB) AllocSpace objects, 2(140KB) LOS objects, 23% free, 51MB/67MB, paused 389us total 19.256ms
08-06 02:31:42.827 13231 13327 I art     : Starting a blocking GC Explicit
08-06 02:31:42.846 13231 13327 I art     : Explicit concurrent mark sweep GC freed 3(96B) AllocSpace objects, 0(0B) LOS objects, 23% free, 51MB/67MB, paused 404us total 18.881ms
08-06 02:31:42.855 13231 13327 I art     : Starting a blocking GC Explicit
08-06 02:31:42.873 13231 13327 I art     : Explicit concurrent mark sweep GC freed 3(96B) AllocSpace objects, 0(0B) LOS objects, 23% free, 51MB/67MB, paused 396us total 18.561ms
08-06 02:31:42.882 13231 13327 I art     : Starting a blocking GC Explicit
08-06 02:31:42.901 13231 13327 I art     : Explicit concurrent mark sweep GC freed 3(96B) AllocSpace objects, 0(0B) LOS objects, 23% free, 51MB/67MB, paused 415us total 18.791ms
08-06 02:31:43.191 13231 13260 I art     : Starting a blocking GC Explicit
08-06 02:31:43.215 13231 13260 I art     : Explicit concurrent mark sweep GC freed 1340(78KB) AllocSpace objects, 1(20KB) LOS objects, 23% free, 51MB/67MB, paused 441us total 23.663ms
08-06 02:31:43.226 13231 13260 I art     : Starting a blocking GC Explicit
08-06 02:31:43.246 13231 13260 I art     : Explicit concurrent mark sweep GC freed 20(704B) AllocSpace objects, 0(0B) LOS objects, 23% free, 51MB/67MB, paused 408us total 19.497ms
08-06 02:31:43.246 13231 13241 I art     : WaitForGcToComplete blocked for 19.759ms for cause HeapTrim
08-06 02:31:43.255 13231 13260 I art     : Starting a blocking GC Explicit
08-06 02:31:43.274 13231 13260 I art     : Explicit concurrent mark sweep GC freed 3(96B) AllocSpace objects, 0(0B) LOS objects, 23% free, 51MB/67MB, paused 395us total 18.817ms
08-06 02:31:43.282 13231 13260 I art     : Starting a blocking GC Explicit
08-06 02:31:43.301 13231 13260 I art     : Explicit concurrent mark sweep GC freed 3(96B) AllocSpace objects, 0(0B) LOS objects, 23% free, 51MB/67MB, paused 405us total 18.633ms
08-06 02:31:43.309 13231 13260 I art     : Starting a blocking GC Explicit
08-06 02:31:43.328 13231 13260 I art     : Explicit concurrent mark sweep GC freed 3(96B) AllocSpace objects, 0(0B) LOS objects, 23% free, 51MB/67MB, paused 411us total 18.819ms
08-06 02:31:43.593 13231 13244 I art     : Starting a blocking GC Explicit
08-06 02:31:43.613 13231 13244 I art     : Explicit concurrent mark sweep GC freed 1338(78KB) AllocSpace objects, 1(20KB) LOS objects, 23% free, 51MB/67MB, paused 419us total 19.187ms
08-06 02:31:43.621 13231 13244 I art     : Starting a blocking GC Explicit
08-06 02:31:43.640 13231 13244 I art     : Explicit concurrent mark sweep GC freed 20(704B) AllocSpace objects, 0(0B) LOS objects, 23% free, 51MB/67MB, paused 404us total 18.804ms
08-06 02:31:43.649 13231 13244 I art     : Starting a blocking GC Explicit
08-06 02:31:43.668 13231 13244 I art     : Explicit concurrent mark sweep GC freed 3(96B) AllocSpace objects, 0(0B) LOS objects, 23% free, 51MB/67MB, paused 428us total 18.707ms
08-06 02:31:43.676 13231 13244 I art     : Starting a blocking GC Explicit
08-06 02:31:43.694 13231 13244 I art     : Explicit concurrent mark sweep GC freed 3(96B) AllocSpace objects, 0(0B) LOS objects, 23% free, 51MB/67MB, paused 406us total 18.281ms
08-06 02:31:43.702 13231 13244 I art     : Starting a blocking GC Explicit
08-06 02:31:43.720 13231 13244 I art     : Explicit concurrent mark sweep GC freed 3(96B) AllocSpace objects, 0(0B) LOS objects, 23% free, 51MB/67MB, paused 399us total 17.364ms
08-06 02:31:43.770 14863 14863 D AndroidRuntime: >>>>>> START com.android.internal.os.RuntimeInit uid 2000 <<<<<<
08-06 02:31:43.775 14863 14863 D AndroidRuntime: CheckJNI is OFF
08-06 02:31:43.810 14863 14863 D ICU     : No timezone override file found: /data/misc/zoneinfo/current/icu/icu_tzdata.dat
08-06 02:31:43.848 14863 14863 I Radio-JNI: register_android_hardware_Radio DONE
08-06 02:31:43.870 14863 14863 D AndroidRuntime: Calling main entry com.android.commands.input.Input
08-06 02:31:43.872 14863 14863 I Input   : injectMotionEvent: MotionEvent { action=ACTION_DOWN, actionButton=0, id[0]=0, x[0]=337.0, y[0]=1104.0, toolType[0]=TOOL_TYPE_UNKNOWN, buttonState=0, metaState=0, flags=0x0, edgeFlags=0x0, pointerCount=1, historySize=0, eventTime=844320284, downTime=844320284, deviceId=0, source=0x1002 }
08-06 02:31:43.877 14863 14863 I Input   : injectMotionEvent: MotionEvent { action=ACTION_UP, actionButton=0, id[0]=0, x[0]=337.0, y[0]=1104.0, toolType[0]=TOOL_TYPE_UNKNOWN, buttonState=0, metaState=0, flags=0x0, edgeFlags=0x0, pointerCount=1, historySize=0, eventTime=844320284, downTime=844320284, deviceId=0, source=0x1002 }
08-06 02:31:43.878   918  3670 I ActivityManager: START u0 {cmp=baseline.appteam.nith.hillffair/.activities.BattleDayActivity} from uid 10697 on display 0
08-06 02:31:43.884 14863 14863 D AndroidRuntime: Shutting down VM
08-06 02:31:43.951 13866 13866 I GoogleInputMethodServic: GoogleInputMethodService.onFinishInput():3138 
08-06 02:31:43.951 13866 13866 I GoogleInputMethodServic: GoogleInputMethodService.onStartInput():1808 
08-06 02:31:43.974   918   936 I ActivityManager: Displayed baseline.appteam.nith.hillffair/.activities.BattleDayActivity: +89ms
08-06 02:31:43.986 13231 13327 I art     : Starting a blocking GC Explicit
08-06 02:31:44.009 13231 13327 I art     : Explicit concurrent mark sweep GC freed 6286(377KB) AllocSpace objects, 1(20KB) LOS objects, 23% free, 52MB/68MB, paused 667us total 23.146ms
08-06 02:31:44.021 13231 13327 I art     : Starting a blocking GC Explicit
08-06 02:31:44.038 13231 13327 I art     : Explicit concurrent mark sweep GC freed 271(12KB) AllocSpace objects, 0(0B) LOS objects, 23% free, 52MB/68MB, paused 432us total 16.727ms
08-06 02:31:44.045 13231 13327 I art     : Starting a blocking GC Explicit
08-06 02:31:44.062 13231 13327 I art     : Explicit concurrent mark sweep GC freed 65(4KB) AllocSpace objects, 0(0B) LOS objects, 23% free, 52MB/68MB, paused 403us total 16.788ms
08-06 02:31:44.070 13231 13327 I art     : Starting a blocking GC Explicit
08-06 02:31:44.087 13231 13327 I art     : Explicit concurrent mark sweep GC freed 3(96B) AllocSpace objects, 0(0B) LOS objects, 23% free, 52MB/68MB, paused 419us total 16.957ms
08-06 02:31:44.095 13231 13327 I art     : Starting a blocking GC Explicit
08-06 02:31:44.112 13231 13327 I art     : Explicit concurrent mark sweep GC freed 3(96B) AllocSpace objects, 0(0B) LOS objects, 23% free, 52MB/68MB, paused 396us total 17.047ms
08-06 02:31:44.213   380   380 W SurfaceFlinger: couldn't log to binary event log: overflow.
08-06 02:31:44.353 13231 13244 I art     : Starting a blocking GC Explicit
08-06 02:31:44.374 13231 13244 I art     : Explicit concurrent mark sweep GC freed 1416(83KB) AllocSpace objects, 1(20KB) LOS objects, 23% free, 52MB/68MB, paused 486us total 20.314ms
08-06 02:31:44.382 13231 13244 I art     : Starting a blocking GC Explicit
08-06 02:31:44.399 13231 13244 I art     : Explicit concurrent mark sweep GC freed 30(1088B) AllocSpace objects, 0(0B) LOS objects, 23% free, 52MB/68MB, paused 410us total 17.352ms
08-06 02:31:44.407 13231 13244 I art     : Starting a blocking GC Explicit
08-06 02:31:44.425 13231 13244 I art     : Explicit concurrent mark sweep GC freed 10(352B) AllocSpace objects, 0(0B) LOS objects, 23% free, 52MB/68MB, paused 431us total 17.742ms
08-06 02:31:44.433 13231 13244 I art     : Starting a blocking GC Explicit
08-06 02:31:44.451 13231 13244 I art     : Explicit concurrent mark sweep GC freed 11(416B) AllocSpace objects, 0(0B) LOS objects, 23% free, 52MB/68MB, paused 440us total 17.526ms
08-06 02:31:44.459 13231 13244 I art     : Starting a blocking GC Explicit
08-06 02:31:44.477 13231 13244 I art     : Explicit concurrent mark sweep GC freed 10(352B) AllocSpace objects, 0(0B) LOS objects, 23% free, 52MB/68MB, paused 550us total 18.022ms
08-06 02:31:44.758 13231 13327 I art     : Starting a blocking GC Explicit
08-06 02:31:44.774 13231 14892 D OkHttp  : --> GET https://api-hillfair-2k16.herokuapp.com/api/app/events/special http/1.1
08-06 02:31:44.788 13231 13327 I art     : Explicit concurrent mark sweep GC freed 3968(212KB) AllocSpace objects, 3(140KB) LOS objects, 23% free, 52MB/68MB, paused 683us total 29.870ms
08-06 02:31:44.797 13231 13327 I art     : Starting a blocking GC Explicit
08-06 02:31:44.806 13231 14892 D OkHttp  : <-- 200 OK https://api-hillfair-2k16.herokuapp.com/api/app/events/special (31ms, 554-byte body)
08-06 02:31:44.816 13231 13327 I art     : Explicit concurrent mark sweep GC freed 1148(147KB) AllocSpace objects, 1(80KB) LOS objects, 23% free, 52MB/68MB, paused 432us total 19.373ms
08-06 02:31:44.824 13231 13327 I art     : Starting a blocking GC Explicit
08-06 02:31:44.843 13231 13327 I art     : Explicit concurrent mark sweep GC freed 102(5KB) AllocSpace objects, 0(0B) LOS objects, 23% free, 52MB/68MB, paused 440us total 18.845ms
08-06 02:31:44.851 13231 13327 I art     : Starting a blocking GC Explicit
08-06 02:31:44.864 13231 13231 I NAPPA_EXPERIMENTATION: MetricNetworkRequestExecutionTime: REQUEST_DURATION_SYSTEM='954',REQUEST_DURATION_OKHTTP='32',REQUEST_SYNCHRONOUS='FALSE',RESPONSE_CODE='200',RESPONSE_METHOD='GET',RESPONSE_LENGTH_OKHTTP='554',RESPONSE_LENGTH_HEADER='554',REQUEST_PROTOCOL='http/1.1',REQUEST_URL='https://api-hillfair-2k16.herokuapp.com/api/app/events/special',
08-06 02:31:44.869 13231 13327 I art     : Explicit concurrent mark sweep GC freed 441(52KB) AllocSpace objects, 0(0B) LOS objects, 23% free, 52MB/68MB, paused 422us total 17.622ms
08-06 02:31:44.877 13231 13327 I art     : Starting a blocking GC Explicit
08-06 02:31:44.895 13231 13327 I art     : Explicit concurrent mark sweep GC freed 277(10KB) AllocSpace objects, 0(0B) LOS objects, 23% free, 52MB/68MB, paused 477us total 17.852ms
08-06 02:31:44.937 13136 13136 I ServiceManager: Waiting for service AtCmdFwd...
08-06 02:31:45.178 13231 13260 I art     : Starting a blocking GC Explicit
08-06 02:31:45.203 13231 13260 I art     : Explicit concurrent mark sweep GC freed 1499(84KB) AllocSpace objects, 1(20KB) LOS objects, 23% free, 52MB/68MB, paused 465us total 25.448ms
08-06 02:31:45.216 13231 13260 I art     : Starting a blocking GC Explicit
08-06 02:31:45.232   518   646 I ThermalEngine: ACTION: GPU - Setting GPU[0] to 450000000
08-06 02:31:45.239 13231 13260 I art     : Explicit concurrent mark sweep GC freed 22(800B) AllocSpace objects, 0(0B) LOS objects, 23% free, 52MB/68MB, paused 565us total 23.394ms
08-06 02:31:45.250 13231 13260 I art     : Starting a blocking GC Explicit
08-06 02:31:45.275 13231 13260 I art     : Explicit concurrent mark sweep GC freed 3(96B) AllocSpace objects, 0(0B) LOS objects, 23% free, 52MB/68MB, paused 577us total 24.809ms
08-06 02:31:45.286 13231 13260 I art     : Starting a blocking GC Explicit
08-06 02:31:45.312 13231 13260 I art     : Explicit concurrent mark sweep GC freed 3(96B) AllocSpace objects, 0(0B) LOS objects, 23% free, 52MB/68MB, paused 564us total 25.300ms
08-06 02:31:45.323 13231 13260 I art     : Starting a blocking GC Explicit
08-06 02:31:45.349 13231 13260 I art     : Explicit concurrent mark sweep GC freed 3(96B) AllocSpace objects, 0(0B) LOS objects, 23% free, 52MB/68MB, paused 572us total 25.481ms
08-06 02:31:45.451   918  3188 I hubconnection: sensorhub said: 'set_bias 3: -5.6544, 0.0000, 0.0000'
08-06 02:31:45.634 13231 13327 I art     : Starting a blocking GC Explicit
08-06 02:31:45.660 13231 13327 I art     : Explicit concurrent mark sweep GC freed 1340(78KB) AllocSpace objects, 1(20KB) LOS objects, 23% free, 52MB/68MB, paused 543us total 25.045ms
08-06 02:31:45.671 13231 13327 I art     : Starting a blocking GC Explicit
08-06 02:31:45.696 13231 13327 I art     : Explicit concurrent mark sweep GC freed 20(704B) AllocSpace objects, 0(0B) LOS objects, 23% free, 52MB/68MB, paused 555us total 25.052ms
08-06 02:31:45.707 13231 13327 I art     : Starting a blocking GC Explicit
08-06 02:31:45.732 13231 13327 I art     : Explicit concurrent mark sweep GC freed 3(96B) AllocSpace objects, 0(0B) LOS objects, 23% free, 52MB/68MB, paused 549us total 24.741ms
08-06 02:31:45.742 13231 13327 I art     : Starting a blocking GC Explicit
08-06 02:31:45.768 13231 13327 I art     : Explicit concurrent mark sweep GC freed 3(96B) AllocSpace objects, 0(0B) LOS objects, 23% free, 52MB/68MB, paused 592us total 25.004ms
08-06 02:31:45.778 13231 13327 I art     : Starting a blocking GC Explicit
08-06 02:31:45.804 13231 13327 I art     : Explicit concurrent mark sweep GC freed 3(96B) AllocSpace objects, 0(0B) LOS objects, 23% free, 52MB/68MB, paused 568us total 25.057ms
08-06 02:31:45.937 13136 13136 I ServiceManager: Waiting for service AtCmdFwd...
08-06 02:31:46.145 13231 13244 I art     : Starting a blocking GC Explicit
08-06 02:31:46.179 13231 13244 I art     : Explicit concurrent mark sweep GC freed 1340(78KB) AllocSpace objects, 1(20KB) LOS objects, 23% free, 52MB/68MB, paused 689us total 33.833ms
08-06 02:31:46.196 13231 13244 I art     : Starting a blocking GC Explicit
08-06 02:31:46.228 13231 13244 I art     : Explicit concurrent mark sweep GC freed 20(704B) AllocSpace objects, 0(0B) LOS objects, 23% free, 52MB/68MB, paused 700us total 31.136ms
08-06 02:31:46.239 13231 13244 I art     : Starting a blocking GC Explicit
08-06 02:31:46.267 13231 13244 I art     : Explicit concurrent mark sweep GC freed 3(96B) AllocSpace objects, 0(0B) LOS objects, 23% free, 52MB/68MB, paused 709us total 27.569ms
08-06 02:31:46.278 13231 13244 I art     : Starting a blocking GC Explicit
08-06 02:31:46.304 13231 13244 I art     : Explicit concurrent mark sweep GC freed 3(96B) AllocSpace objects, 0(0B) LOS objects, 23% free, 52MB/68MB, paused 591us total 25.575ms
08-06 02:31:46.315 13231 13244 I art     : Starting a blocking GC Explicit
08-06 02:31:46.342 13231 13244 I art     : Explicit concurrent mark sweep GC freed 3(96B) AllocSpace objects, 0(0B) LOS objects, 23% free, 52MB/68MB, paused 579us total 26.820ms
08-06 02:31:46.681 13231 13243 I art     : Starting a blocking GC Explicit
08-06 02:31:46.717 13231 13243 I art     : Explicit concurrent mark sweep GC freed 1340(78KB) AllocSpace objects, 1(20KB) LOS objects, 23% free, 52MB/68MB, paused 626us total 35.454ms
08-06 02:31:46.731 13231 13243 I art     : Starting a blocking GC Explicit
08-06 02:31:46.762 13231 13243 I art     : Explicit concurrent mark sweep GC freed 20(704B) AllocSpace objects, 0(0B) LOS objects, 23% free, 52MB/68MB, paused 584us total 30.193ms
08-06 02:31:46.773 13231 13243 I art     : Starting a blocking GC Explicit
08-06 02:31:46.800 13231 13243 I art     : Explicit concurrent mark sweep GC freed 3(96B) AllocSpace objects, 0(0B) LOS objects, 23% free, 52MB/68MB, paused 541us total 26.580ms
08-06 02:31:46.811 13231 13243 I art     : Starting a blocking GC Explicit
08-06 02:31:46.839 13231 13243 I art     : Explicit concurrent mark sweep GC freed 3(96B) AllocSpace objects, 0(0B) LOS objects, 23% free, 52MB/68MB, paused 566us total 27.564ms
08-06 02:31:46.850 13231 13243 I art     : Starting a blocking GC Explicit
08-06 02:31:46.878 13231 13243 I art     : Explicit concurrent mark sweep GC freed 3(96B) AllocSpace objects, 0(0B) LOS objects, 23% free, 52MB/68MB, paused 589us total 27.233ms
08-06 02:31:46.938 13136 13136 I ServiceManager: Waiting for service AtCmdFwd...
08-06 02:31:47.198 13231 13260 I art     : Starting a blocking GC Explicit
08-06 02:31:47.231 13231 13260 I art     : Explicit concurrent mark sweep GC freed 1340(78KB) AllocSpace objects, 1(20KB) LOS objects, 23% free, 52MB/68MB, paused 616us total 32.657ms
08-06 02:31:47.236   518   646 I ThermalEngine: ACTION: GPU - Setting GPU[0] to 510000000
08-06 02:31:47.247 13231 13260 I art     : Starting a blocking GC Explicit
08-06 02:31:47.273 13231 13260 I art     : Explicit concurrent mark sweep GC freed 20(704B) AllocSpace objects, 0(0B) LOS objects, 23% free, 52MB/68MB, paused 583us total 26.586ms
08-06 02:31:47.283 13231 13260 I art     : Starting a blocking GC Explicit
08-06 02:31:47.304 13231 13260 I art     : Explicit concurrent mark sweep GC freed 3(96B) AllocSpace objects, 0(0B) LOS objects, 23% free, 52MB/68MB, paused 437us total 20.937ms
08-06 02:31:47.313 13231 13260 I art     : Starting a blocking GC Explicit
08-06 02:31:47.334 13231 13260 I art     : Explicit concurrent mark sweep GC freed 3(96B) AllocSpace objects, 0(0B) LOS objects, 23% free, 52MB/68MB, paused 426us total 20.418ms
08-06 02:31:47.343 13231 13260 I art     : Starting a blocking GC Explicit
08-06 02:31:47.363 13231 13260 I art     : Explicit concurrent mark sweep GC freed 3(96B) AllocSpace objects, 0(0B) LOS objects, 23% free, 52MB/68MB, paused 427us total 20.479ms
08-06 02:31:47.703 13231 13327 I art     : Starting a blocking GC Explicit
08-06 02:31:47.732 13231 13327 I art     : Explicit concurrent mark sweep GC freed 1340(78KB) AllocSpace objects, 1(20KB) LOS objects, 23% free, 52MB/68MB, paused 478us total 29.176ms
08-06 02:31:47.746 13231 13327 I art     : Starting a blocking GC Explicit
08-06 02:31:47.769 13231 13327 I art     : Explicit concurrent mark sweep GC freed 20(704B) AllocSpace objects, 0(0B) LOS objects, 23% free, 52MB/68MB, paused 422us total 23.449ms
08-06 02:31:47.778 13231 13327 I art     : Starting a blocking GC Explicit
08-06 02:31:47.799 13231 13327 I art     : Explicit concurrent mark sweep GC freed 3(96B) AllocSpace objects, 0(0B) LOS objects, 23% free, 52MB/68MB, paused 382us total 20.334ms
08-06 02:31:47.807 13231 13327 I art     : Starting a blocking GC Explicit
08-06 02:31:47.828 13231 13327 I art     : Explicit concurrent mark sweep GC freed 3(96B) AllocSpace objects, 0(0B) LOS objects, 23% free, 52MB/68MB, paused 433us total 20.233ms
08-06 02:31:47.836 13231 13327 I art     : Starting a blocking GC Explicit
08-06 02:31:47.856 13231 13327 I art     : Explicit concurrent mark sweep GC freed 3(96B) AllocSpace objects, 0(0B) LOS objects, 23% free, 52MB/68MB, paused 410us total 19.957ms
08-06 02:31:47.940 13136 13136 I ServiceManager: Waiting for service AtCmdFwd...
08-06 02:31:48.156 13231 13244 I art     : Starting a blocking GC Explicit
08-06 02:31:48.177 13231 13244 I art     : Explicit concurrent mark sweep GC freed 1340(78KB) AllocSpace objects, 1(20KB) LOS objects, 23% free, 52MB/68MB, paused 438us total 20.688ms
08-06 02:31:48.185 13231 13244 I art     : Starting a blocking GC Explicit
08-06 02:31:48.205 13231 13244 I art     : Explicit concurrent mark sweep GC freed 20(704B) AllocSpace objects, 0(0B) LOS objects, 23% free, 52MB/68MB, paused 428us total 19.268ms
08-06 02:31:48.213 13231 13244 I art     : Starting a blocking GC Explicit
08-06 02:31:48.233 13231 13244 I art     : Explicit concurrent mark sweep GC freed 3(96B) AllocSpace objects, 0(0B) LOS objects, 23% free, 52MB/68MB, paused 427us total 19.454ms
08-06 02:31:48.242 13231 13244 I art     : Starting a blocking GC Explicit
08-06 02:31:48.261 13231 13244 I art     : Explicit concurrent mark sweep GC freed 3(96B) AllocSpace objects, 0(0B) LOS objects, 23% free, 52MB/68MB, paused 438us total 18.773ms
08-06 02:31:48.269 13231 13244 I art     : Starting a blocking GC Explicit
08-06 02:31:48.288 13231 13244 I art     : Explicit concurrent mark sweep GC freed 3(96B) AllocSpace objects, 0(0B) LOS objects, 23% free, 52MB/68MB, paused 423us total 19.178ms
08-06 02:31:48.289 13231 13241 I art     : WaitForGcToComplete blocked for 14.623ms for cause HeapTrim
08-06 02:31:48.529 14990 14990 D AndroidRuntime: >>>>>> START com.android.internal.os.RuntimeInit uid 2000 <<<<<<
08-06 02:31:48.534 14990 14990 D AndroidRuntime: CheckJNI is OFF
08-06 02:31:48.566 14990 14990 D ICU     : No timezone override file found: /data/misc/zoneinfo/current/icu/icu_tzdata.dat
08-06 02:31:48.600 14990 14990 I Radio-JNI: register_android_hardware_Radio DONE
08-06 02:31:48.603 13231 13243 I art     : Starting a blocking GC Explicit
08-06 02:31:48.622 14990 14990 D AndroidRuntime: Calling main entry com.android.commands.input.Input
08-06 02:31:48.623 13231 13243 I art     : Explicit concurrent mark sweep GC freed 1340(78KB) AllocSpace objects, 1(20KB) LOS objects, 23% free, 52MB/68MB, paused 473us total 19.994ms
08-06 02:31:48.624 14990 14990 I Input   : injectMotionEvent: MotionEvent { action=ACTION_DOWN, actionButton=0, id[0]=0, x[0]=733.0, y[0]=645.0, toolType[0]=TOOL_TYPE_UNKNOWN, buttonState=0, metaState=0, flags=0x0, edgeFlags=0x0, pointerCount=1, historySize=0, eventTime=844325037, downTime=844325037, deviceId=0, source=0x1002 }
08-06 02:31:48.629 14990 14990 I Input   : injectMotionEvent: MotionEvent { action=ACTION_UP, actionButton=0, id[0]=0, x[0]=733.0, y[0]=645.0, toolType[0]=TOOL_TYPE_UNKNOWN, buttonState=0, metaState=0, flags=0x0, edgeFlags=0x0, pointerCount=1, historySize=0, eventTime=844325037, downTime=844325037, deviceId=0, source=0x1002 }
08-06 02:31:48.630   918  3961 I ActivityManager: START u0 {cmp=baseline.appteam.nith.hillffair/.activities.ClubActivity (has extras)} from uid 10697 on display 0
08-06 02:31:48.632 13231 13243 I art     : Starting a blocking GC Explicit
08-06 02:31:48.639 14990 14990 D AndroidRuntime: Shutting down VM
08-06 02:31:48.652 13231 13243 I art     : Explicit concurrent mark sweep GC freed 153(9KB) AllocSpace objects, 0(0B) LOS objects, 23% free, 52MB/68MB, paused 611us total 19.698ms
08-06 02:31:48.660 13231 13243 I art     : Starting a blocking GC Explicit
08-06 02:31:48.681 13231 13243 I art     : Explicit concurrent mark sweep GC freed 3569(233KB) AllocSpace objects, 0(0B) LOS objects, 23% free, 52MB/68MB, paused 547us total 20.810ms
08-06 02:31:48.689 13231 13243 I art     : Starting a blocking GC Explicit
08-06 02:31:48.707 13231 13243 I art     : Explicit concurrent mark sweep GC freed 204(9KB) AllocSpace objects, 0(0B) LOS objects, 23% free, 52MB/68MB, paused 699us total 17.957ms
08-06 02:31:48.715 13231 13243 I art     : Starting a blocking GC Explicit
08-06 02:31:48.722 13866 13866 I GoogleInputMethodServic: GoogleInputMethodService.onFinishInput():3138 
08-06 02:31:48.723 13866 13866 I GoogleInputMethodServic: GoogleInputMethodService.onStartInput():1808 
08-06 02:31:48.723   918   936 I ActivityManager: Displayed baseline.appteam.nith.hillffair/.activities.ClubActivity: +85ms
08-06 02:31:48.734 13231 13243 I art     : Explicit concurrent mark sweep GC freed 169(6KB) AllocSpace objects, 0(0B) LOS objects, 23% free, 52MB/68MB, paused 484us total 19.058ms
08-06 02:31:48.941 13136 13136 I ServiceManager: Waiting for service AtCmdFwd...
08-06 02:31:49.001   380   380 W SurfaceFlinger: couldn't log to binary event log: overflow.
08-06 02:31:49.016 13231 13244 I art     : Starting a blocking GC Explicit
08-06 02:31:49.039 13231 13244 I art     : Explicit concurrent mark sweep GC freed 1432(84KB) AllocSpace objects, 1(20KB) LOS objects, 23% free, 52MB/68MB, paused 448us total 22.530ms
08-06 02:31:49.047 13231 13244 I art     : Starting a blocking GC Explicit
08-06 02:31:49.065 13231 13244 I art     : Explicit concurrent mark sweep GC freed 20(704B) AllocSpace objects, 0(0B) LOS objects, 23% free, 52MB/68MB, paused 460us total 17.967ms
08-06 02:31:49.073 13231 13244 I art     : Starting a blocking GC Explicit
08-06 02:31:49.092 13231 13244 I art     : Explicit concurrent mark sweep GC freed 3(96B) AllocSpace objects, 0(0B) LOS objects, 23% free, 52MB/68MB, paused 446us total 18.718ms
08-06 02:31:49.100 13231 13244 I art     : Starting a blocking GC Explicit
08-06 02:31:49.124 13231 13244 I art     : Explicit concurrent mark sweep GC freed 103(5KB) AllocSpace objects, 0(0B) LOS objects, 23% free, 52MB/68MB, paused 562us total 23.368ms
08-06 02:31:49.134 13231 13244 I art     : Starting a blocking GC Explicit
08-06 02:31:49.154 13231 13244 I art     : Explicit concurrent mark sweep GC freed 13(464B) AllocSpace objects, 0(0B) LOS objects, 23% free, 52MB/68MB, paused 516us total 19.529ms
08-06 02:31:49.437 13231 13327 I art     : Starting a blocking GC Explicit
08-06 02:31:49.460 13231 13327 I art     : Explicit concurrent mark sweep GC freed 1610(90KB) AllocSpace objects, 1(20KB) LOS objects, 23% free, 52MB/68MB, paused 610us total 22.032ms
08-06 02:31:49.469 13231 13327 I art     : Starting a blocking GC Explicit
08-06 02:31:49.490 13231 13327 I art     : Explicit concurrent mark sweep GC freed 2349(121KB) AllocSpace objects, 2(120KB) LOS objects, 23% free, 52MB/68MB, paused 619us total 21.069ms
08-06 02:31:49.492 13231 15013 D OkHttp  : --> GET https://api-hillfair-2k16.herokuapp.com/api/app/events/special/event?id=5806551bdcba0f490c70fd1f http/1.1
08-06 02:31:49.498 13231 13327 I art     : Starting a blocking GC Explicit
08-06 02:31:49.519 13231 13327 I art     : Explicit concurrent mark sweep GC freed 1028(118KB) AllocSpace objects, 1(80KB) LOS objects, 23% free, 52MB/68MB, paused 498us total 20.253ms
08-06 02:31:49.526 13231 15013 D OkHttp  : <-- 200 OK https://api-hillfair-2k16.herokuapp.com/api/app/events/special/event?id=5806551bdcba0f490c70fd1f (33ms, 795-byte body)
08-06 02:31:49.527 13231 13327 I art     : Starting a blocking GC Explicit
08-06 02:31:49.546 13231 13327 I art     : Explicit concurrent mark sweep GC freed 163(34KB) AllocSpace objects, 0(0B) LOS objects, 23% free, 52MB/68MB, paused 465us total 19.106ms
08-06 02:31:49.554 13231 13327 I art     : Starting a blocking GC Explicit
08-06 02:31:49.570 13231 13231 I NAPPA_EXPERIMENTATION: MetricNetworkRequestExecutionTime: REQUEST_DURATION_SYSTEM='906',REQUEST_DURATION_OKHTTP='34',REQUEST_SYNCHRONOUS='FALSE',RESPONSE_CODE='200',RESPONSE_METHOD='GET',RESPONSE_LENGTH_OKHTTP='795',RESPONSE_LENGTH_HEADER='795',REQUEST_PROTOCOL='http/1.1',REQUEST_URL='https://api-hillfair-2k16.herokuapp.com/api/app/events/special/event?id=5806551bdcba0f490c70fd1f',
08-06 02:31:49.574 13231 13327 I art     : Explicit concurrent mark sweep GC freed 235(18KB) AllocSpace objects, 0(0B) LOS objects, 23% free, 52MB/68MB, paused 481us total 20.006ms
08-06 02:31:49.861 13231 13260 I art     : Starting a blocking GC Explicit
08-06 02:31:49.883 13231 13260 I art     : Explicit concurrent mark sweep GC freed 1804(127KB) AllocSpace objects, 1(20KB) LOS objects, 23% free, 52MB/68MB, paused 459us total 21.746ms
08-06 02:31:49.892 13231 13260 I art     : Starting a blocking GC Explicit
08-06 02:31:49.914 13231 13260 I art     : Explicit concurrent mark sweep GC freed 59(1984B) AllocSpace objects, 0(0B) LOS objects, 23% free, 52MB/68MB, paused 462us total 21.179ms
08-06 02:31:49.923 13231 13260 I art     : Starting a blocking GC Explicit
08-06 02:31:49.942 13136 13136 W Atfwd_Sendcmd: AtCmdFwd service not published, waiting... retryCnt : 3
08-06 02:31:49.943 13231 13260 I art     : Explicit concurrent mark sweep GC freed 3(96B) AllocSpace objects, 0(0B) LOS objects, 23% free, 52MB/68MB, paused 414us total 19.707ms
08-06 02:31:49.951 13231 13260 I art     : Starting a blocking GC Explicit
08-06 02:31:49.972 13231 13260 I art     : Explicit concurrent mark sweep GC freed 19(656B) AllocSpace objects, 0(0B) LOS objects, 23% free, 52MB/68MB, paused 421us total 20.299ms
08-06 02:31:49.980 13231 13260 I art     : Starting a blocking GC Explicit
08-06 02:31:50.001 13231 13260 I art     : Explicit concurrent mark sweep GC freed 3(96B) AllocSpace objects, 0(0B) LOS objects, 23% free, 52MB/68MB, paused 448us total 20.163ms
08-06 02:31:50.298 13231 13244 I art     : Starting a blocking GC Explicit
08-06 02:31:50.327 13231 13244 I art     : Explicit concurrent mark sweep GC freed 1341(78KB) AllocSpace objects, 1(20KB) LOS objects, 23% free, 52MB/68MB, paused 491us total 28.725ms
08-06 02:31:50.339 13231 13244 I art     : Starting a blocking GC Explicit
08-06 02:31:50.360 13231 13244 I art     : Explicit concurrent mark sweep GC freed 20(704B) AllocSpace objects, 0(0B) LOS objects, 23% free, 52MB/68MB, paused 448us total 21.385ms
08-06 02:31:50.369 13231 13244 I art     : Starting a blocking GC Explicit
08-06 02:31:50.390 13231 13244 I art     : Explicit concurrent mark sweep GC freed 3(96B) AllocSpace objects, 0(0B) LOS objects, 23% free, 52MB/68MB, paused 443us total 21.268ms
08-06 02:31:50.399 13231 13244 I art     : Starting a blocking GC Explicit
08-06 02:31:50.421 13231 13244 I art     : Explicit concurrent mark sweep GC freed 3(96B) AllocSpace objects, 0(0B) LOS objects, 23% free, 52MB/68MB, paused 441us total 21.709ms
08-06 02:31:50.430 13231 13244 I art     : Starting a blocking GC Explicit
08-06 02:31:50.451 13231 13244 I art     : Explicit concurrent mark sweep GC freed 3(96B) AllocSpace objects, 0(0B) LOS objects, 23% free, 52MB/68MB, paused 432us total 21.051ms
08-06 02:31:50.724 13231 13260 I art     : Starting a blocking GC Explicit
08-06 02:31:50.745 13231 13260 I art     : Explicit concurrent mark sweep GC freed 1341(78KB) AllocSpace objects, 1(20KB) LOS objects, 23% free, 52MB/68MB, paused 496us total 20.668ms
08-06 02:31:50.754 13231 13260 I art     : Starting a blocking GC Explicit
08-06 02:31:50.776 13231 13260 I art     : Explicit concurrent mark sweep GC freed 26(928B) AllocSpace objects, 0(0B) LOS objects, 23% free, 52MB/68MB, paused 534us total 21.239ms
08-06 02:31:50.784 13231 13260 I art     : Starting a blocking GC Explicit
08-06 02:31:50.805 13231 13260 I art     : Explicit concurrent mark sweep GC freed 3(96B) AllocSpace objects, 0(0B) LOS objects, 23% free, 52MB/68MB, paused 442us total 20.730ms
08-06 02:31:50.814 13231 13260 I art     : Starting a blocking GC Explicit
08-06 02:31:50.835 13231 13260 I art     : Explicit concurrent mark sweep GC freed 3(96B) AllocSpace objects, 0(0B) LOS objects, 23% free, 52MB/68MB, paused 448us total 21.317ms
08-06 02:31:50.844 13231 13260 I art     : Starting a blocking GC Explicit
08-06 02:31:50.865 13231 13260 I art     : Explicit concurrent mark sweep GC freed 3(96B) AllocSpace objects, 0(0B) LOS objects, 23% free, 52MB/68MB, paused 439us total 21.234ms
08-06 02:31:51.182 13231 13244 I art     : Starting a blocking GC Explicit
08-06 02:31:51.211 13231 13244 I art     : Explicit concurrent mark sweep GC freed 1341(78KB) AllocSpace objects, 1(20KB) LOS objects, 23% free, 52MB/68MB, paused 512us total 29.224ms
08-06 02:31:51.225 13231 13244 I art     : Starting a blocking GC Explicit
08-06 02:31:51.247 13231 13244 I art     : Explicit concurrent mark sweep GC freed 20(704B) AllocSpace objects, 0(0B) LOS objects, 23% free, 52MB/68MB, paused 550us total 21.413ms
08-06 02:31:51.256 13231 13244 I art     : Starting a blocking GC Explicit
08-06 02:31:51.277 13231 13244 I art     : Explicit concurrent mark sweep GC freed 3(96B) AllocSpace objects, 0(0B) LOS objects, 23% free, 52MB/68MB, paused 441us total 20.586ms
08-06 02:31:51.285 13231 13244 I art     : Starting a blocking GC Explicit
08-06 02:31:51.307 13231 13244 I art     : Explicit concurrent mark sweep GC freed 3(96B) AllocSpace objects, 0(0B) LOS objects, 23% free, 52MB/68MB, paused 503us total 21.347ms
08-06 02:31:51.315 13231 13244 I art     : Starting a blocking GC Explicit
08-06 02:31:51.337 13231 13244 I art     : Explicit concurrent mark sweep GC freed 3(96B) AllocSpace objects, 0(0B) LOS objects, 23% free, 52MB/68MB, paused 481us total 21.798ms
08-06 02:31:51.657 13231 13243 I art     : Starting a blocking GC Explicit
08-06 02:31:51.688 13231 13243 I art     : Explicit concurrent mark sweep GC freed 1341(78KB) AllocSpace objects, 1(20KB) LOS objects, 23% free, 52MB/68MB, paused 509us total 31.004ms
08-06 02:31:51.703 13231 13243 I art     : Starting a blocking GC Explicit
08-06 02:31:51.724 13231 13243 I art     : Explicit concurrent mark sweep GC freed 20(704B) AllocSpace objects, 0(0B) LOS objects, 23% free, 52MB/68MB, paused 439us total 20.677ms
08-06 02:31:51.732 13231 13243 I art     : Starting a blocking GC Explicit
08-06 02:31:51.753 13231 13243 I art     : Explicit concurrent mark sweep GC freed 3(96B) AllocSpace objects, 0(0B) LOS objects, 23% free, 52MB/68MB, paused 437us total 21.005ms
08-06 02:31:51.762 13231 13243 I art     : Starting a blocking GC Explicit
08-06 02:31:51.784 13231 13243 I art     : Explicit concurrent mark sweep GC freed 3(96B) AllocSpace objects, 0(0B) LOS objects, 23% free, 52MB/68MB, paused 429us total 21.593ms
08-06 02:31:51.793 13231 13243 I art     : Starting a blocking GC Explicit
08-06 02:31:51.814 13231 13243 I art     : Explicit concurrent mark sweep GC freed 3(96B) AllocSpace objects, 0(0B) LOS objects, 23% free, 52MB/68MB, paused 469us total 21.216ms
08-06 02:31:52.059   918   918 I JobServiceContext: Client timed out while executing (no jobFinished received). sending onStop. com.google.android.youtube/androidx.work.impl.background.systemjob.SystemJobService jId=1143, u0
08-06 02:31:52.063   918  3670 I ActivityManager: Killing 27785:nappagreedy.com.newsblur/u0a701 (adj 15): empty #17
08-06 02:31:52.189 13231 13327 I art     : Starting a blocking GC Explicit
08-06 02:31:52.209 13231 13327 I art     : Explicit concurrent mark sweep GC freed 1341(78KB) AllocSpace objects, 1(20KB) LOS objects, 23% free, 52MB/68MB, paused 433us total 19.108ms
08-06 02:31:52.216 13231 13327 I art     : Starting a blocking GC Explicit
08-06 02:31:52.237 13231 13327 I art     : Explicit concurrent mark sweep GC freed 20(704B) AllocSpace objects, 0(0B) LOS objects, 23% free, 52MB/68MB, paused 485us total 20.078ms
08-06 02:31:52.245 13231 13327 I art     : Starting a blocking GC Explicit
08-06 02:31:52.265 13231 13327 I art     : Explicit concurrent mark sweep GC freed 3(96B) AllocSpace objects, 0(0B) LOS objects, 23% free, 52MB/68MB, paused 426us total 20.179ms
08-06 02:31:52.274 13231 13327 I art     : Starting a blocking GC Explicit
08-06 02:31:52.294 13231 13327 I art     : Explicit concurrent mark sweep GC freed 3(96B) AllocSpace objects, 0(0B) LOS objects, 23% free, 52MB/68MB, paused 434us total 20.566ms
08-06 02:31:52.303 13231 13327 I art     : Starting a blocking GC Explicit
08-06 02:31:52.324 13231 13327 I art     : Explicit concurrent mark sweep GC freed 3(96B) AllocSpace objects, 0(0B) LOS objects, 23% free, 52MB/68MB, paused 445us total 20.602ms
08-06 02:31:52.657 13231 13260 I art     : Starting a blocking GC Explicit
08-06 02:31:52.687 13231 13260 I art     : Explicit concurrent mark sweep GC freed 1341(78KB) AllocSpace objects, 1(20KB) LOS objects, 23% free, 52MB/68MB, paused 484us total 29.205ms
08-06 02:31:52.699 13231 13260 I art     : Starting a blocking GC Explicit
08-06 02:31:52.720 13231 13260 I art     : Explicit concurrent mark sweep GC freed 20(704B) AllocSpace objects, 0(0B) LOS objects, 23% free, 52MB/68MB, paused 451us total 21.403ms
08-06 02:31:52.729 13231 13260 I art     : Starting a blocking GC Explicit
08-06 02:31:52.751 13231 13260 I art     : Explicit concurrent mark sweep GC freed 3(96B) AllocSpace objects, 0(0B) LOS objects, 23% free, 52MB/68MB, paused 441us total 21.554ms
08-06 02:31:52.760 13231 13260 I art     : Starting a blocking GC Explicit
08-06 02:31:52.782 13231 13260 I art     : Explicit concurrent mark sweep GC freed 3(96B) AllocSpace objects, 0(0B) LOS objects, 23% free, 52MB/68MB, paused 460us total 21.632ms
08-06 02:31:52.791 13231 13260 I art     : Starting a blocking GC Explicit
08-06 02:31:52.812 13231 13260 I art     : Explicit concurrent mark sweep GC freed 3(96B) AllocSpace objects, 0(0B) LOS objects, 23% free, 52MB/68MB, paused 452us total 21.413ms
08-06 02:31:52.862   918  3188 I hubconnection: sensorhub said: 'set_bias 3: -5.0016, 0.0000, 0.0000'
08-06 02:31:53.077 13231 13244 I art     : Starting a blocking GC Explicit
08-06 02:31:53.098 13231 13244 I art     : Explicit concurrent mark sweep GC freed 1341(78KB) AllocSpace objects, 1(20KB) LOS objects, 23% free, 52MB/68MB, paused 487us total 21.405ms
08-06 02:31:53.107 13231 13244 I art     : Starting a blocking GC Explicit
08-06 02:31:53.128 13231 13244 I art     : Explicit concurrent mark sweep GC freed 20(704B) AllocSpace objects, 0(0B) LOS objects, 23% free, 52MB/68MB, paused 492us total 20.507ms
08-06 02:31:53.136 13231 13244 I art     : Starting a blocking GC Explicit
08-06 02:31:53.157 13231 13244 I art     : Explicit concurrent mark sweep GC freed 3(96B) AllocSpace objects, 0(0B) LOS objects, 23% free, 52MB/68MB, paused 512us total 20.539ms
08-06 02:31:53.165 13231 13244 I art     : Starting a blocking GC Explicit
08-06 02:31:53.185 13231 13244 I art     : Explicit concurrent mark sweep GC freed 3(96B) AllocSpace objects, 0(0B) LOS objects, 23% free, 52MB/68MB, paused 451us total 19.925ms
08-06 02:31:53.194 13231 13244 I art     : Starting a blocking GC Explicit
08-06 02:31:53.215 13231 13244 I art     : Explicit concurrent mark sweep GC freed 3(96B) AllocSpace objects, 0(0B) LOS objects, 23% free, 52MB/68MB, paused 453us total 20.429ms
08-06 02:31:53.344 15116 15116 D AndroidRuntime: >>>>>> START com.android.internal.os.RuntimeInit uid 2000 <<<<<<
08-06 02:31:53.352 15116 15116 D AndroidRuntime: CheckJNI is OFF
08-06 02:31:53.385 15116 15116 D ICU     : No timezone override file found: /data/misc/zoneinfo/current/icu/icu_tzdata.dat
08-06 02:31:53.418 15116 15116 I Radio-JNI: register_android_hardware_Radio DONE
08-06 02:31:53.440 15116 15116 D AndroidRuntime: Calling main entry com.android.commands.input.Input
08-06 02:31:53.441 15116 15116 I Input   : injectKeyEvent: KeyEvent { action=ACTION_DOWN, keyCode=KEYCODE_BACK, scanCode=0, metaState=0, flags=0x0, repeatCount=0, eventTime=844329854, downTime=844329854, deviceId=-1, source=0x101 }
08-06 02:31:53.446 15116 15116 I Input   : injectKeyEvent: KeyEvent { action=ACTION_UP, keyCode=KEYCODE_BACK, scanCode=0, metaState=0, flags=0x0, repeatCount=0, eventTime=844329854, downTime=844329854, deviceId=-1, source=0x101 }
08-06 02:31:53.453 15116 15116 D AndroidRuntime: Shutting down VM
08-06 02:31:53.497 13866 13866 I GoogleInputMethodServic: GoogleInputMethodService.onFinishInput():3138 
08-06 02:31:53.498 13866 13866 I GoogleInputMethodServic: GoogleInputMethodService.onStartInput():1808 
08-06 02:31:53.513 13231 13243 I art     : Starting a blocking GC Explicit
08-06 02:31:53.535 13231 13243 I art     : Explicit concurrent mark sweep GC freed 1508(85KB) AllocSpace objects, 1(20KB) LOS objects, 23% free, 52MB/68MB, paused 460us total 21.760ms
08-06 02:31:53.545 13231 13243 I art     : Starting a blocking GC Explicit
08-06 02:31:53.564 13231 13243 I art     : Explicit concurrent mark sweep GC freed 27(992B) AllocSpace objects, 0(0B) LOS objects, 23% free, 52MB/68MB, paused 400us total 18.244ms
08-06 02:31:53.572 13231 13243 I art     : Starting a blocking GC Explicit
08-06 02:31:53.590 13231 13243 I art     : Explicit concurrent mark sweep GC freed 3(96B) AllocSpace objects, 0(0B) LOS objects, 23% free, 52MB/68MB, paused 385us total 18ms
08-06 02:31:53.598 13231 13243 I art     : Starting a blocking GC Explicit
08-06 02:31:53.617 13231 13243 I art     : Explicit concurrent mark sweep GC freed 3(96B) AllocSpace objects, 0(0B) LOS objects, 23% free, 52MB/68MB, paused 433us total 17.977ms
08-06 02:31:53.624 13231 13243 I art     : Starting a blocking GC Explicit
08-06 02:31:53.644 13231 13243 I art     : Explicit concurrent mark sweep GC freed 3(96B) AllocSpace objects, 0(0B) LOS objects, 23% free, 52MB/68MB, paused 405us total 18.931ms
08-06 02:31:53.644 13231 13241 I art     : WaitForGcToComplete blocked for 18.914ms for cause HeapTrim
08-06 02:31:53.789   380   380 W SurfaceFlinger: couldn't log to binary event log: overflow.
08-06 02:31:53.897 13231 13244 I art     : Starting a blocking GC Explicit
08-06 02:31:53.918 13231 13244 I art     : Explicit concurrent mark sweep GC freed 1450(87KB) AllocSpace objects, 1(20KB) LOS objects, 23% free, 52MB/68MB, paused 477us total 20.710ms
08-06 02:31:53.926 13231 13244 I art     : Starting a blocking GC Explicit
08-06 02:31:53.946 13231 13244 I art     : Explicit concurrent mark sweep GC freed 1672(107KB) AllocSpace objects, 3(400KB) LOS objects, 23% free, 52MB/68MB, paused 418us total 19.886ms
08-06 02:31:53.955 13231 13244 I art     : Starting a blocking GC Explicit
08-06 02:31:53.974 13231 13244 I art     : Explicit concurrent mark sweep GC freed 3(96B) AllocSpace objects, 0(0B) LOS objects, 23% free, 52MB/68MB, paused 434us total 19.428ms
08-06 02:31:53.983 13231 13244 I art     : Starting a blocking GC Explicit
08-06 02:31:54.002 13231 13244 I art     : Explicit concurrent mark sweep GC freed 3(96B) AllocSpace objects, 0(0B) LOS objects, 23% free, 52MB/68MB, paused 441us total 19.413ms
08-06 02:31:54.011 13231 13244 I art     : Starting a blocking GC Explicit
08-06 02:31:54.031 13231 13244 I art     : Explicit concurrent mark sweep GC freed 3(96B) AllocSpace objects, 0(0B) LOS objects, 23% free, 52MB/68MB, paused 522us total 20.345ms
08-06 02:31:54.320 13231 13327 I art     : Starting a blocking GC Explicit
08-06 02:31:54.348 13231 13327 I art     : Explicit concurrent mark sweep GC freed 1341(78KB) AllocSpace objects, 1(20KB) LOS objects, 23% free, 52MB/68MB, paused 556us total 28.324ms
08-06 02:31:54.350   918  3261 D WifiStateMachine: starting scan for "H369AA63323"WPA_PSK with 2412,5180
08-06 02:31:54.362 13231 13327 I art     : Starting a blocking GC Explicit
08-06 02:31:54.382 13231 13327 I art     : Explicit concurrent mark sweep GC freed 20(704B) AllocSpace objects, 0(0B) LOS objects, 23% free, 52MB/68MB, paused 433us total 20.305ms
08-06 02:31:54.391 13231 13327 I art     : Starting a blocking GC Explicit
08-06 02:31:54.411 13231 13327 I art     : Explicit concurrent mark sweep GC freed 3(96B) AllocSpace objects, 0(0B) LOS objects, 23% free, 52MB/68MB, paused 420us total 20.252ms
08-06 02:31:54.420 13231 13327 I art     : Starting a blocking GC Explicit
08-06 02:31:54.439 13231 13327 I art     : Explicit concurrent mark sweep GC freed 3(96B) AllocSpace objects, 0(0B) LOS objects, 23% free, 52MB/68MB, paused 429us total 19.581ms
08-06 02:31:54.448 13231 13327 I art     : Starting a blocking GC Explicit
08-06 02:31:54.468 13231 13327 I art     : Explicit concurrent mark sweep GC freed 3(96B) AllocSpace objects, 0(0B) LOS objects, 23% free, 52MB/68MB, paused 467us total 19.401ms
08-06 02:31:54.760 13231 13260 I art     : Starting a blocking GC Explicit
08-06 02:31:54.781 13231 13260 I art     : Explicit concurrent mark sweep GC freed 1340(78KB) AllocSpace objects, 1(20KB) LOS objects, 23% free, 52MB/68MB, paused 461us total 20.721ms
08-06 02:31:54.790 13231 13260 I art     : Starting a blocking GC Explicit
08-06 02:31:54.810 13231 13260 I art     : Explicit concurrent mark sweep GC freed 20(704B) AllocSpace objects, 0(0B) LOS objects, 23% free, 52MB/68MB, paused 454us total 20.472ms
08-06 02:31:54.819 13231 13260 I art     : Starting a blocking GC Explicit
08-06 02:31:54.839 13231 13260 I art     : Explicit concurrent mark sweep GC freed 3(96B) AllocSpace objects, 0(0B) LOS objects, 23% free, 52MB/68MB, paused 448us total 19.359ms
08-06 02:31:54.847 13231 13260 I art     : Starting a blocking GC Explicit
08-06 02:31:54.867 13231 13260 I art     : Explicit concurrent mark sweep GC freed 3(96B) AllocSpace objects, 0(0B) LOS objects, 23% free, 52MB/68MB, paused 498us total 19.640ms
08-06 02:31:54.875 13231 13260 I art     : Starting a blocking GC Explicit
08-06 02:31:54.895 13231 13260 I art     : Explicit concurrent mark sweep GC freed 3(96B) AllocSpace objects, 0(0B) LOS objects, 23% free, 52MB/68MB, paused 447us total 19.647ms
08-06 02:31:55.108 15177 15177 D AndroidRuntime: >>>>>> START com.android.internal.os.RuntimeInit uid 2000 <<<<<<
08-06 02:31:55.113 15177 15177 D AndroidRuntime: CheckJNI is OFF
08-06 02:31:55.147 15177 15177 D ICU     : No timezone override file found: /data/misc/zoneinfo/current/icu/icu_tzdata.dat
08-06 02:31:55.167 13231 13243 I art     : Starting a blocking GC Explicit
08-06 02:31:55.180 15177 15177 I Radio-JNI: register_android_hardware_Radio DONE
08-06 02:31:55.187 13231 13243 I art     : Explicit concurrent mark sweep GC freed 1340(78KB) AllocSpace objects, 1(20KB) LOS objects, 23% free, 52MB/68MB, paused 593us total 20.199ms
08-06 02:31:55.196 13231 13243 I art     : Starting a blocking GC Explicit
08-06 02:31:55.203 15177 15177 D AndroidRuntime: Calling main entry com.android.commands.input.Input
08-06 02:31:55.205 15177 15177 I Input   : injectKeyEvent: KeyEvent { action=ACTION_DOWN, keyCode=KEYCODE_BACK, scanCode=0, metaState=0, flags=0x0, repeatCount=0, eventTime=844331618, downTime=844331618, deviceId=-1, source=0x101 }
08-06 02:31:55.209 15177 15177 I Input   : injectKeyEvent: KeyEvent { action=ACTION_UP, keyCode=KEYCODE_BACK, scanCode=0, metaState=0, flags=0x0, repeatCount=0, eventTime=844331618, downTime=844331618, deviceId=-1, source=0x101 }
08-06 02:31:55.215 15177 15177 D AndroidRuntime: Shutting down VM
08-06 02:31:55.216 13231 13243 I art     : Explicit concurrent mark sweep GC freed 39(1344B) AllocSpace objects, 0(0B) LOS objects, 23% free, 52MB/68MB, paused 576us total 20.031ms
08-06 02:31:55.224 13231 13243 I art     : Starting a blocking GC Explicit
08-06 02:31:55.243 13231 13243 I art     : Explicit concurrent mark sweep GC freed 131(6KB) AllocSpace objects, 0(0B) LOS objects, 23% free, 52MB/68MB, paused 410us total 18.719ms
08-06 02:31:55.251 13866 13866 I GoogleInputMethodServic: GoogleInputMethodService.onFinishInput():3138 
08-06 02:31:55.251 13866 13866 I GoogleInputMethodServic: GoogleInputMethodService.onStartInput():1808 
08-06 02:31:55.251 13231 13243 I art     : Starting a blocking GC Explicit
08-06 02:31:55.272 13231 13243 I art     : Explicit concurrent mark sweep GC freed 63(2192B) AllocSpace objects, 0(0B) LOS objects, 23% free, 52MB/68MB, paused 471us total 20.039ms
08-06 02:31:55.281 13231 13243 I art     : Starting a blocking GC Explicit
08-06 02:31:55.299 13231 13243 I art     : Explicit concurrent mark sweep GC freed 10(384B) AllocSpace objects, 0(0B) LOS objects, 23% free, 52MB/68MB, paused 388us total 17.395ms
08-06 02:31:55.547 13231 13244 I art     : Starting a blocking GC Explicit
08-06 02:31:55.567 13231 13244 I art     : Explicit concurrent mark sweep GC freed 1980(109KB) AllocSpace objects, 1(20KB) LOS objects, 23% free, 52MB/68MB, paused 521us total 20.365ms
08-06 02:31:55.575 13231 13244 I art     : Starting a blocking GC Explicit
08-06 02:31:55.593 13231 13244 I art     : Explicit concurrent mark sweep GC freed 2106(128KB) AllocSpace objects, 2(140KB) LOS objects, 23% free, 52MB/68MB, paused 427us total 17.811ms
08-06 02:31:55.601 13231 13244 I art     : Starting a blocking GC Explicit
08-06 02:31:55.620 13231 13244 I art     : Explicit concurrent mark sweep GC freed 3(96B) AllocSpace objects, 0(0B) LOS objects, 23% free, 52MB/68MB, paused 436us total 18.838ms
08-06 02:31:55.628 13231 13244 I art     : Starting a blocking GC Explicit
08-06 02:31:55.647 13231 13244 I art     : Explicit concurrent mark sweep GC freed 3(96B) AllocSpace objects, 0(0B) LOS objects, 23% free, 52MB/68MB, paused 515us total 18.831ms
08-06 02:31:55.655 13231 13244 I art     : Starting a blocking GC Explicit
08-06 02:31:55.675 13231 13244 I art     : Explicit concurrent mark sweep GC freed 3(96B) AllocSpace objects, 0(0B) LOS objects, 23% free, 52MB/68MB, paused 450us total 19.745ms
08-06 02:31:55.963 13231 13260 I art     : Starting a blocking GC Explicit
08-06 02:31:55.985 13231 13260 I art     : Explicit concurrent mark sweep GC freed 1340(78KB) AllocSpace objects, 1(20KB) LOS objects, 23% free, 52MB/68MB, paused 494us total 22.298ms
08-06 02:31:55.997 13231 13260 I art     : Starting a blocking GC Explicit
08-06 02:31:56.018 13231 13260 I art     : Explicit concurrent mark sweep GC freed 20(704B) AllocSpace objects, 0(0B) LOS objects, 23% free, 52MB/68MB, paused 478us total 20.078ms
08-06 02:31:56.026 13231 13260 I art     : Starting a blocking GC Explicit
08-06 02:31:56.046 13231 13260 I art     : Explicit concurrent mark sweep GC freed 3(96B) AllocSpace objects, 0(0B) LOS objects, 23% free, 52MB/68MB, paused 450us total 19.002ms
08-06 02:31:56.054 13231 13260 I art     : Starting a blocking GC Explicit
08-06 02:31:56.073 13231 13260 I art     : Explicit concurrent mark sweep GC freed 3(96B) AllocSpace objects, 0(0B) LOS objects, 23% free, 52MB/68MB, paused 437us total 18.874ms
08-06 02:31:56.082 13231 13260 I art     : Starting a blocking GC Explicit
08-06 02:31:56.101 13231 13260 I art     : Explicit concurrent mark sweep GC freed 3(96B) AllocSpace objects, 0(0B) LOS objects, 23% free, 52MB/68MB, paused 438us total 19.258ms
08-06 02:31:56.382 13231 13327 I art     : Starting a blocking GC Explicit
08-06 02:31:56.406 13231 13327 I art     : Explicit concurrent mark sweep GC freed 1338(78KB) AllocSpace objects, 1(20KB) LOS objects, 23% free, 52MB/68MB, paused 476us total 23.781ms
08-06 02:31:56.417 13231 13327 I art     : Starting a blocking GC Explicit
08-06 02:31:56.438 13231 13327 I art     : Explicit concurrent mark sweep GC freed 20(704B) AllocSpace objects, 0(0B) LOS objects, 23% free, 52MB/68MB, paused 413us total 19.891ms
08-06 02:31:56.446 13231 13327 I art     : Starting a blocking GC Explicit
08-06 02:31:56.465 13231 13327 I art     : Explicit concurrent mark sweep GC freed 3(96B) AllocSpace objects, 0(0B) LOS objects, 23% free, 52MB/68MB, paused 492us total 18.773ms
08-06 02:31:56.474 13231 13327 I art     : Starting a blocking GC Explicit
08-06 02:31:56.493 13231 13327 I art     : Explicit concurrent mark sweep GC freed 3(96B) AllocSpace objects, 0(0B) LOS objects, 23% free, 52MB/68MB, paused 695us total 18.845ms
08-06 02:31:56.501 13231 13327 I art     : Starting a blocking GC Explicit
08-06 02:31:56.519 13231 13327 I art     : Explicit concurrent mark sweep GC freed 3(96B) AllocSpace objects, 0(0B) LOS objects, 23% free, 52MB/68MB, paused 432us total 18.334ms
08-06 02:31:56.782 13231 13243 I art     : Starting a blocking GC Explicit
08-06 02:31:56.807 13231 13243 I art     : Explicit concurrent mark sweep GC freed 1338(78KB) AllocSpace objects, 1(20KB) LOS objects, 23% free, 52MB/68MB, paused 562us total 24.523ms
08-06 02:31:56.816 13231 13243 I art     : Starting a blocking GC Explicit
08-06 02:31:56.835 13231 13243 I art     : Explicit concurrent mark sweep GC freed 20(704B) AllocSpace objects, 0(0B) LOS objects, 23% free, 52MB/68MB, paused 450us total 18.921ms
08-06 02:31:56.844 13231 13243 I art     : Starting a blocking GC Explicit
08-06 02:31:56.863 13231 13243 I art     : Explicit concurrent mark sweep GC freed 3(96B) AllocSpace objects, 0(0B) LOS objects, 23% free, 52MB/68MB, paused 451us total 19.416ms
08-06 02:31:56.868 15232 15232 D AndroidRuntime: >>>>>> START com.android.internal.os.RuntimeInit uid 2000 <<<<<<
08-06 02:31:56.872 13231 13243 I art     : Starting a blocking GC Explicit
08-06 02:31:56.873 15232 15232 D AndroidRuntime: CheckJNI is OFF
08-06 02:31:56.891 13231 13243 I art     : Explicit concurrent mark sweep GC freed 3(96B) AllocSpace objects, 0(0B) LOS objects, 23% free, 52MB/68MB, paused 502us total 18.709ms
08-06 02:31:56.899 13231 13243 I art     : Starting a blocking GC Explicit
08-06 02:31:56.910 15232 15232 D ICU     : No timezone override file found: /data/misc/zoneinfo/current/icu/icu_tzdata.dat
08-06 02:31:56.918 13231 13243 I art     : Explicit concurrent mark sweep GC freed 3(96B) AllocSpace objects, 0(0B) LOS objects, 23% free, 52MB/68MB, paused 480us total 18.324ms
08-06 02:31:56.945 15232 15232 I Radio-JNI: register_android_hardware_Radio DONE
08-06 02:31:56.966 15232 15232 D AndroidRuntime: Calling main entry com.android.commands.input.Input
08-06 02:31:56.968 15232 15232 I Input   : injectMotionEvent: MotionEvent { action=ACTION_DOWN, actionButton=0, id[0]=0, x[0]=1053.0, y[0]=1173.0, toolType[0]=TOOL_TYPE_UNKNOWN, buttonState=0, metaState=0, flags=0x0, edgeFlags=0x0, pointerCount=1, historySize=0, eventTime=844333381, downTime=844333381, deviceId=0, source=0x1002 }
08-06 02:31:56.973 15232 15232 I Input   : injectMotionEvent: MotionEvent { action=ACTION_UP, actionButton=0, id[0]=0, x[0]=1053.0, y[0]=1173.0, toolType[0]=TOOL_TYPE_UNKNOWN, buttonState=0, metaState=0, flags=0x0, edgeFlags=0x0, pointerCount=1, historySize=0, eventTime=844333381, downTime=844333381, deviceId=0, source=0x1002 }
08-06 02:31:56.975   918  3670 I ActivityManager: START u0 {cmp=baseline.appteam.nith.hillffair/.activities.QuizActivity} from uid 10697 on display 0
08-06 02:31:56.982 15232 15232 D AndroidRuntime: Shutting down VM
08-06 02:31:57.108 13866 13866 I GoogleInputMethodServic: GoogleInputMethodService.onFinishInput():3138 
08-06 02:31:57.109 13866 13866 I GoogleInputMethodServic: GoogleInputMethodService.onStartInput():1808 
08-06 02:31:57.109   918   936 I ActivityManager: Displayed baseline.appteam.nith.hillffair/.activities.QuizActivity: +125ms
08-06 02:31:57.166 13231 13260 I art     : Starting a blocking GC Explicit
08-06 02:31:57.188 13231 13260 I art     : Explicit concurrent mark sweep GC freed 2172(143KB) AllocSpace objects, 1(20KB) LOS objects, 23% free, 52MB/68MB, paused 585us total 21.420ms
08-06 02:31:57.197 13231 13260 I art     : Starting a blocking GC Explicit
08-06 02:31:57.217 13231 13260 I art     : Explicit concurrent mark sweep GC freed 192(8KB) AllocSpace objects, 0(0B) LOS objects, 23% free, 52MB/68MB, paused 454us total 19.793ms
08-06 02:31:57.225 13231 13260 I art     : Starting a blocking GC Explicit
08-06 02:31:57.244 13231 13260 I art     : Explicit concurrent mark sweep GC freed 3(96B) AllocSpace objects, 0(0B) LOS objects, 23% free, 52MB/68MB, paused 397us total 18.745ms
08-06 02:31:57.253 13231 13260 I art     : Starting a blocking GC Explicit
08-06 02:31:57.274 13231 13260 I art     : Explicit concurrent mark sweep GC freed 3(96B) AllocSpace objects, 0(0B) LOS objects, 23% free, 52MB/68MB, paused 459us total 21.383ms
08-06 02:31:57.284 13231 13260 I art     : Starting a blocking GC Explicit
08-06 02:31:57.304 13231 13260 I art     : Explicit concurrent mark sweep GC freed 3(96B) AllocSpace objects, 0(0B) LOS objects, 23% free, 52MB/68MB, paused 427us total 20.248ms
08-06 02:31:57.605 13231 13244 I art     : Starting a blocking GC Explicit
08-06 02:31:57.628 13231 13244 I art     : Explicit concurrent mark sweep GC freed 1423(83KB) AllocSpace objects, 1(20KB) LOS objects, 23% free, 52MB/68MB, paused 450us total 22.122ms
08-06 02:31:57.637 13231 13244 I art     : Starting a blocking GC Explicit
08-06 02:31:57.658 13231 13244 I art     : Explicit concurrent mark sweep GC freed 34(1136B) AllocSpace objects, 0(0B) LOS objects, 23% free, 52MB/68MB, paused 426us total 20.941ms
08-06 02:31:57.667 13231 13244 I art     : Starting a blocking GC Explicit
08-06 02:31:57.688 13231 13244 I art     : Explicit concurrent mark sweep GC freed 3(96B) AllocSpace objects, 0(0B) LOS objects, 23% free, 52MB/68MB, paused 452us total 20.935ms
08-06 02:31:57.697 13231 13244 I art     : Starting a blocking GC Explicit
08-06 02:31:57.718 13231 13244 I art     : Explicit concurrent mark sweep GC freed 3(96B) AllocSpace objects, 0(0B) LOS objects, 23% free, 52MB/68MB, paused 490us total 20.893ms
08-06 02:31:57.726 13231 13244 I art     : Starting a blocking GC Explicit
08-06 02:31:57.748 13231 13244 I art     : Explicit concurrent mark sweep GC freed 3(96B) AllocSpace objects, 0(0B) LOS objects, 23% free, 52MB/68MB, paused 444us total 21.032ms
08-06 02:31:58.042 13231 13243 I art     : Starting a blocking GC Explicit
08-06 02:31:58.068 13231 13243 I art     : Explicit concurrent mark sweep GC freed 1340(78KB) AllocSpace objects, 1(20KB) LOS objects, 23% free, 52MB/68MB, paused 442us total 26.200ms
08-06 02:31:58.081 13231 13243 I art     : Starting a blocking GC Explicit
08-06 02:31:58.103 13231 13243 I art     : Explicit concurrent mark sweep GC freed 20(704B) AllocSpace objects, 0(0B) LOS objects, 23% free, 52MB/68MB, paused 435us total 22.401ms
08-06 02:31:58.112 13231 13243 I art     : Starting a blocking GC Explicit
08-06 02:31:58.133 13231 13243 I art     : Explicit concurrent mark sweep GC freed 3(96B) AllocSpace objects, 0(0B) LOS objects, 23% free, 52MB/68MB, paused 420us total 20.922ms
08-06 02:31:58.142 13231 13243 I art     : Starting a blocking GC Explicit
08-06 02:31:58.163 13231 13243 I art     : Explicit concurrent mark sweep GC freed 3(96B) AllocSpace objects, 0(0B) LOS objects, 23% free, 52MB/68MB, paused 427us total 20.464ms
08-06 02:31:58.171 13231 13243 I art     : Starting a blocking GC Explicit
08-06 02:31:58.192 13231 13243 I art     : Explicit concurrent mark sweep GC freed 3(96B) AllocSpace objects, 0(0B) LOS objects, 23% free, 52MB/68MB, paused 421us total 20.717ms
08-06 02:31:58.257   518   646 I ThermalEngine: ACTION: GPU - Setting GPU[0] to 450000000
08-06 02:31:58.503 13231 13327 I art     : Starting a blocking GC Explicit
08-06 02:31:58.535 13231 13327 I art     : Explicit concurrent mark sweep GC freed 1340(78KB) AllocSpace objects, 1(20KB) LOS objects, 23% free, 52MB/68MB, paused 590us total 30.917ms
08-06 02:31:58.548 13231 13327 I art     : Starting a blocking GC Explicit
08-06 02:31:58.575 13231 13327 I art     : Explicit concurrent mark sweep GC freed 20(704B) AllocSpace objects, 0(0B) LOS objects, 23% free, 52MB/68MB, paused 558us total 26.049ms
08-06 02:31:58.586 13231 13327 I art     : Starting a blocking GC Explicit
08-06 02:31:58.611 13231 13327 I art     : Explicit concurrent mark sweep GC freed 3(96B) AllocSpace objects, 0(0B) LOS objects, 23% free, 52MB/68MB, paused 555us total 25.061ms
08-06 02:31:58.622 13231 13327 I art     : Starting a blocking GC Explicit
08-06 02:31:58.650 13231 13327 I art     : Explicit concurrent mark sweep GC freed 6(192B) AllocSpace objects, 0(0B) LOS objects, 23% free, 52MB/68MB, paused 559us total 27.777ms
08-06 02:31:58.663 13231 13327 I art     : Starting a blocking GC Explicit
08-06 02:31:58.692 13231 13327 I art     : Explicit concurrent mark sweep GC freed 7(224B) AllocSpace objects, 0(0B) LOS objects, 23% free, 52MB/68MB, paused 573us total 28.906ms
08-06 02:31:59.019 13231 13243 I art     : Starting a blocking GC Explicit
08-06 02:31:59.048 13231 13243 I art     : Explicit concurrent mark sweep GC freed 1363(78KB) AllocSpace objects, 1(20KB) LOS objects, 23% free, 52MB/68MB, paused 797us total 29.214ms
08-06 02:31:59.062 13231 13243 I art     : Starting a blocking GC Explicit
08-06 02:31:59.089 13231 13243 I art     : Explicit concurrent mark sweep GC freed 20(704B) AllocSpace objects, 0(0B) LOS objects, 23% free, 52MB/68MB, paused 564us total 26.388ms
08-06 02:31:59.100 13231 13243 I art     : Starting a blocking GC Explicit
08-06 02:31:59.129 13231 13243 I art     : Explicit concurrent mark sweep GC freed 3(96B) AllocSpace objects, 0(0B) LOS objects, 23% free, 52MB/68MB, paused 587us total 28.286ms
08-06 02:31:59.140 13231 13243 I art     : Starting a blocking GC Explicit
08-06 02:31:59.168 13231 13243 I art     : Explicit concurrent mark sweep GC freed 3(96B) AllocSpace objects, 0(0B) LOS objects, 23% free, 52MB/68MB, paused 576us total 28.261ms
08-06 02:31:59.180 13231 13243 I art     : Starting a blocking GC Explicit
08-06 02:31:59.206 13231 13243 I art     : Explicit concurrent mark sweep GC freed 3(96B) AllocSpace objects, 0(0B) LOS objects, 23% free, 52MB/68MB, paused 564us total 26.161ms
08-06 02:31:59.511 13231 13260 I art     : Starting a blocking GC Explicit
08-06 02:31:59.539 13231 13260 I art     : Explicit concurrent mark sweep GC freed 1340(78KB) AllocSpace objects, 1(20KB) LOS objects, 23% free, 52MB/68MB, paused 650us total 27.869ms
08-06 02:31:59.553 13231 13260 I art     : Starting a blocking GC Explicit
08-06 02:31:59.579 13231 13260 I art     : Explicit concurrent mark sweep GC freed 20(704B) AllocSpace objects, 0(0B) LOS objects, 23% free, 52MB/68MB, paused 584us total 25.853ms
08-06 02:31:59.590 13231 13260 I art     : Starting a blocking GC Explicit
08-06 02:31:59.616 13231 13260 I art     : Explicit concurrent mark sweep GC freed 3(96B) AllocSpace objects, 0(0B) LOS objects, 23% free, 52MB/68MB, paused 609us total 26.023ms
08-06 02:31:59.627 13231 13260 I art     : Starting a blocking GC Explicit
08-06 02:31:59.655 13231 13260 I art     : Explicit concurrent mark sweep GC freed 3(96B) AllocSpace objects, 0(0B) LOS objects, 23% free, 52MB/68MB, paused 604us total 27.155ms
08-06 02:31:59.666 13231 13260 I art     : Starting a blocking GC Explicit
08-06 02:31:59.693 13231 13260 I art     : Explicit concurrent mark sweep GC freed 3(96B) AllocSpace objects, 0(0B) LOS objects, 23% free, 52MB/68MB, paused 596us total 26.683ms
08-06 02:31:59.800 15306 15306 D AndroidRuntime: >>>>>> START com.android.internal.os.RuntimeInit uid 2000 <<<<<<
08-06 02:31:59.808 15306 15306 D AndroidRuntime: CheckJNI is OFF
08-06 02:31:59.852 15306 15306 D ICU     : No timezone override file found: /data/misc/zoneinfo/current/icu/icu_tzdata.dat
08-06 02:31:59.896 15306 15306 I Radio-JNI: register_android_hardware_Radio DONE
08-06 02:31:59.924 15306 15306 D AndroidRuntime: Calling main entry com.android.commands.input.Input
08-06 02:31:59.926 15306 15306 I Input   : injectMotionEvent: MotionEvent { action=ACTION_DOWN, actionButton=0, id[0]=0, x[0]=756.0, y[0]=1530.0, toolType[0]=TOOL_TYPE_UNKNOWN, buttonState=0, metaState=0, flags=0x0, edgeFlags=0x0, pointerCount=1, historySize=0, eventTime=844336339, downTime=844336339, deviceId=0, source=0x1002 }
08-06 02:31:59.932 15306 15306 I Input   : injectMotionEvent: MotionEvent { action=ACTION_UP, actionButton=0, id[0]=0, x[0]=756.0, y[0]=1530.0, toolType[0]=TOOL_TYPE_UNKNOWN, buttonState=0, metaState=0, flags=0x0, edgeFlags=0x0, pointerCount=1, historySize=0, eventTime=844336339, downTime=844336339, deviceId=0, source=0x1002 }
08-06 02:31:59.935 15306 15306 D AndroidRuntime: Shutting down VM
08-06 02:31:59.951   918  6029 I ActivityManager: START u0 {cmp=baseline.appteam.nith.hillffair/.activities.LeaderBoardActivity} from uid 10697 on display 0
08-06 02:31:59.952   512  2967 D audio_hw_primary: out_set_parameters: enter: usecase(1: low-latency-playback) kvpairs: routing=2
08-06 02:31:59.966   512  2967 D audio_hw_primary: select_devices: out_snd_device(2: speaker) in_snd_device(0: none)
08-06 02:31:59.966   512  2967 D msm8974_platform: platform_send_audio_calibration: sending audio calibration for snd_device(2) acdb_id(15)
08-06 02:31:59.967   512  2967 I soundtrigger: audio_extn_sound_trigger_update_device_status: device 0x2 of type 0 for Event 1
08-06 02:31:59.978   512  2967 D audio_hw_primary: enable_snd_device: snd_device(2: speaker)
08-06 02:31:59.981   512  2967 D audio_hw_primary: enable_audio_route: apply and update mixer path: low-latency-playback speaker
08-06 02:32:00.014 13231 13244 I art     : Starting a blocking GC Explicit
08-06 02:32:00.039 13231 13244 I art     : Explicit concurrent mark sweep GC freed 6226(368KB) AllocSpace objects, 1(20KB) LOS objects, 23% free, 52MB/68MB, paused 733us total 25.258ms
08-06 02:32:00.050 13231 13244 I art     : Starting a blocking GC Explicit
08-06 02:32:00.077 13231 13244 I art     : Explicit concurrent mark sweep GC freed 252(11KB) AllocSpace objects, 0(0B) LOS objects, 23% free, 52MB/68MB, paused 1.058ms total 26.882ms
08-06 02:32:00.077 13231 13231 E RecyclerView: No adapter attached; skipping layout
08-06 02:32:00.082 13231 13231 E RecyclerView: No adapter attached; skipping layout
08-06 02:32:00.087 13231 13244 I art     : Starting a blocking GC Explicit
08-06 02:32:00.110   918   936 I ActivityManager: Displayed baseline.appteam.nith.hillffair/.activities.LeaderBoardActivity: +148ms
08-06 02:32:00.110 13866 13866 I GoogleInputMethodServic: GoogleInputMethodService.onFinishInput():3138 
08-06 02:32:00.111 13866 13866 I GoogleInputMethodServic: GoogleInputMethodService.onStartInput():1808 
08-06 02:32:00.112 13231 13231 E RecyclerView: No adapter attached; skipping layout
08-06 02:32:00.117 13231 13244 I art     : Explicit concurrent mark sweep GC freed 154(5KB) AllocSpace objects, 0(0B) LOS objects, 23% free, 52MB/68MB, paused 720us total 28.836ms
08-06 02:32:00.130 13231 13244 I art     : Starting a blocking GC Explicit
08-06 02:32:00.137 13231 13257 D OpenGLRenderer: endAllStagingAnimators on 0x7f7d73ec00 (RippleDrawable) with handle 0x7f9a1ca760
08-06 02:32:00.155 13231 13244 I art     : Explicit concurrent mark sweep GC freed 99(6KB) AllocSpace objects, 0(0B) LOS objects, 23% free, 52MB/68MB, paused 691us total 25.379ms
08-06 02:32:00.167 13231 13244 I art     : Starting a blocking GC Explicit
08-06 02:32:00.191 13231 13244 I art     : Explicit concurrent mark sweep GC freed 24(832B) AllocSpace objects, 0(0B) LOS objects, 23% free, 52MB/68MB, paused 635us total 23.336ms
08-06 02:32:00.364   380   380 W SurfaceFlinger: couldn't log to binary event log: overflow.
08-06 02:32:00.468 13231 13260 I art     : Starting a blocking GC Explicit
08-06 02:32:00.492 13231 13260 I art     : Explicit concurrent mark sweep GC freed 1365(79KB) AllocSpace objects, 1(20KB) LOS objects, 23% free, 52MB/68MB, paused 592us total 23.559ms
08-06 02:32:00.502 13231 13260 I art     : Starting a blocking GC Explicit
08-06 02:32:00.519   512  2967 D audio_hw_primary: disable_audio_route: reset and update mixer path: low-latency-playback speaker
08-06 02:32:00.520   512  2967 D audio_hw_primary: disable_snd_device: snd_device(2: speaker)
08-06 02:32:00.527 13231 13260 I art     : Explicit concurrent mark sweep GC freed 168(8KB) AllocSpace objects, 0(0B) LOS objects, 23% free, 52MB/68MB, paused 620us total 24.780ms
08-06 02:32:00.528   512  2967 I soundtrigger: audio_extn_sound_trigger_update_device_status: device 0x2 of type 0 for Event 0
08-06 02:32:00.537 13231 13260 I art     : Starting a blocking GC Explicit
08-06 02:32:00.561 13231 13260 I art     : Explicit concurrent mark sweep GC freed 22(768B) AllocSpace objects, 0(0B) LOS objects, 23% free, 52MB/68MB, paused 607us total 23.717ms
08-06 02:32:00.571 13231 13260 I art     : Starting a blocking GC Explicit
08-06 02:32:00.596 13231 13260 I art     : Explicit concurrent mark sweep GC freed 13(480B) AllocSpace objects, 0(0B) LOS objects, 23% free, 52MB/68MB, paused 623us total 24.720ms
08-06 02:32:00.607 13231 13260 I art     : Starting a blocking GC Explicit
08-06 02:32:00.631 13231 13260 I art     : Explicit concurrent mark sweep GC freed 13(480B) AllocSpace objects, 0(0B) LOS objects, 23% free, 52MB/68MB, paused 576us total 23.863ms
08-06 02:32:00.860 13231 15342 D OkHttp  : --> GET https://api-hillfair-2k16.herokuapp.com/api/app/quiz/leaderboard?from=1 http/1.1
08-06 02:32:00.898 13231 15342 D OkHttp  : <-- 200 OK https://api-hillfair-2k16.herokuapp.com/api/app/quiz/leaderboard?from=1 (37ms, 56744-byte body)
08-06 02:32:00.917 13231 13244 I art     : Starting a blocking GC Explicit
08-06 02:32:00.948 13231 13244 I art     : Explicit concurrent mark sweep GC freed 14893(745KB) AllocSpace objects, 4(220KB) LOS objects, 23% free, 53MB/69MB, paused 834us total 30.909ms
08-06 02:32:00.959 13231 13244 I art     : Starting a blocking GC Explicit
08-06 02:32:00.983 13231 13231 I NAPPA_EXPERIMENTATION: MetricNetworkRequestExecutionTime: REQUEST_DURATION_SYSTEM='985',REQUEST_DURATION_OKHTTP='37',REQUEST_SYNCHRONOUS='FALSE',RESPONSE_CODE='200',RESPONSE_METHOD='GET',RESPONSE_LENGTH_OKHTTP='56744',RESPONSE_LENGTH_HEADER='56744',REQUEST_PROTOCOL='http/1.1',REQUEST_URL='https://api-hillfair-2k16.herokuapp.com/api/app/quiz/leaderboard?from=1',
08-06 02:32:00.988 13231 13244 I art     : Explicit concurrent mark sweep GC freed 14998(748KB) AllocSpace objects, 0(0B) LOS objects, 23% free, 52MB/68MB, paused 849us total 28.412ms
08-06 02:32:00.999 13231 13244 I art     : Starting a blocking GC Explicit
08-06 02:32:01.027 13231 13244 I art     : Explicit concurrent mark sweep GC freed 751(51KB) AllocSpace objects, 0(0B) LOS objects, 23% free, 52MB/68MB, paused 1.133ms total 28.019ms
08-06 02:32:01.038 13231 13244 I art     : Starting a blocking GC Explicit
08-06 02:32:01.066 13231 13244 I art     : Explicit concurrent mark sweep GC freed 630(25KB) AllocSpace objects, 0(0B) LOS objects, 23% free, 53MB/69MB, paused 761us total 27.584ms
08-06 02:32:01.077 13231 13244 I art     : Starting a blocking GC Explicit
08-06 02:32:01.105 13231 13244 I art     : Explicit concurrent mark sweep GC freed 128(3KB) AllocSpace objects, 0(0B) LOS objects, 23% free, 53MB/69MB, paused 597us total 28.360ms
08-06 02:32:01.401 13231 13260 I art     : Starting a blocking GC Explicit
08-06 02:32:01.435 13231 13260 I art     : Explicit concurrent mark sweep GC freed 1343(78KB) AllocSpace objects, 1(20KB) LOS objects, 23% free, 53MB/69MB, paused 655us total 33.307ms
08-06 02:32:01.447 13231 13260 I art     : Starting a blocking GC Explicit
08-06 02:32:01.476 13231 13260 I art     : Explicit concurrent mark sweep GC freed 20(704B) AllocSpace objects, 0(0B) LOS objects, 23% free, 53MB/69MB, paused 598us total 28.249ms
08-06 02:32:01.487 13231 13260 I art     : Starting a blocking GC Explicit
08-06 02:32:01.515 13231 13260 I art     : Explicit concurrent mark sweep GC freed 3(96B) AllocSpace objects, 0(0B) LOS objects, 23% free, 53MB/69MB, paused 681us total 27.870ms
08-06 02:32:01.527 13231 13260 I art     : Starting a blocking GC Explicit
08-06 02:32:01.556 13231 13260 I art     : Explicit concurrent mark sweep GC freed 3(96B) AllocSpace objects, 0(0B) LOS objects, 23% free, 53MB/69MB, paused 609us total 29.279ms
08-06 02:32:01.568 13231 13260 I art     : Starting a blocking GC Explicit
08-06 02:32:01.597 13231 13260 I art     : Explicit concurrent mark sweep GC freed 3(96B) AllocSpace objects, 0(0B) LOS objects, 23% free, 53MB/69MB, paused 598us total 28.641ms
08-06 02:32:01.942 13231 13327 I art     : Starting a blocking GC Explicit
08-06 02:32:01.982 13231 13327 I art     : Explicit concurrent mark sweep GC freed 1344(78KB) AllocSpace objects, 1(20KB) LOS objects, 23% free, 53MB/69MB, paused 655us total 39.715ms
08-06 02:32:01.998 13231 13327 I art     : Starting a blocking GC Explicit
08-06 02:32:02.028 13231 13327 I art     : Explicit concurrent mark sweep GC freed 20(704B) AllocSpace objects, 0(0B) LOS objects, 23% free, 53MB/69MB, paused 634us total 29.909ms
08-06 02:32:02.040 13231 13327 I art     : Starting a blocking GC Explicit
08-06 02:32:02.072 13231 13327 I art     : Explicit concurrent mark sweep GC freed 3(96B) AllocSpace objects, 0(0B) LOS objects, 23% free, 53MB/69MB, paused 628us total 31.176ms
08-06 02:32:02.084 13231 13327 I art     : Starting a blocking GC Explicit
08-06 02:32:02.115 13231 13327 I art     : Explicit concurrent mark sweep GC freed 3(96B) AllocSpace objects, 0(0B) LOS objects, 23% free, 53MB/69MB, paused 656us total 31.190ms
08-06 02:32:02.127 13231 13327 I art     : Starting a blocking GC Explicit
08-06 02:32:02.157 13231 13327 I art     : Explicit concurrent mark sweep GC freed 3(96B) AllocSpace objects, 0(0B) LOS objects, 23% free, 53MB/69MB, paused 718us total 30.484ms
08-06 02:32:02.494 13231 13243 I art     : Starting a blocking GC Explicit
08-06 02:32:02.529 13231 13243 I art     : Explicit concurrent mark sweep GC freed 1344(78KB) AllocSpace objects, 1(20KB) LOS objects, 23% free, 53MB/69MB, paused 667us total 34.245ms
08-06 02:32:02.542 13231 13243 I art     : Starting a blocking GC Explicit
08-06 02:32:02.573 13231 13243 I art     : Explicit concurrent mark sweep GC freed 20(704B) AllocSpace objects, 0(0B) LOS objects, 23% free, 53MB/69MB, paused 605us total 31.247ms
08-06 02:32:02.585 13231 13243 I art     : Starting a blocking GC Explicit
08-06 02:32:02.617 13231 13243 I art     : Explicit concurrent mark sweep GC freed 3(96B) AllocSpace objects, 0(0B) LOS objects, 23% free, 53MB/69MB, paused 591us total 31.271ms
08-06 02:32:02.628 13231 13243 I art     : Starting a blocking GC Explicit
08-06 02:32:02.660 13231 13243 I art     : Explicit concurrent mark sweep GC freed 3(96B) AllocSpace objects, 0(0B) LOS objects, 23% free, 53MB/69MB, paused 613us total 31.458ms
08-06 02:32:02.672 13231 13243 I art     : Starting a blocking GC Explicit
08-06 02:32:02.703 13231 13243 I art     : Explicit concurrent mark sweep GC freed 3(96B) AllocSpace objects, 0(0B) LOS objects, 23% free, 53MB/69MB, paused 620us total 30.316ms
08-06 02:32:03.050 13231 13244 I art     : Starting a blocking GC Explicit
08-06 02:32:03.089 13231 13244 I art     : Explicit concurrent mark sweep GC freed 1344(78KB) AllocSpace objects, 1(20KB) LOS objects, 23% free, 53MB/69MB, paused 647us total 38.491ms
08-06 02:32:03.103 13231 13244 I art     : Starting a blocking GC Explicit
08-06 02:32:03.132 13231 13244 I art     : Explicit concurrent mark sweep GC freed 20(704B) AllocSpace objects, 0(0B) LOS objects, 23% free, 53MB/69MB, paused 589us total 28.323ms
08-06 02:32:03.143 13231 13244 I art     : Starting a blocking GC Explicit
08-06 02:32:03.174 13231 13244 I art     : Explicit concurrent mark sweep GC freed 3(96B) AllocSpace objects, 0(0B) LOS objects, 23% free, 53MB/69MB, paused 613us total 30.342ms
08-06 02:32:03.186 13231 13244 I art     : Starting a blocking GC Explicit
08-06 02:32:03.218 13231 13244 I art     : Explicit concurrent mark sweep GC freed 3(96B) AllocSpace objects, 0(0B) LOS objects, 23% free, 53MB/69MB, paused 646us total 31.461ms
08-06 02:32:03.229 13231 13244 I art     : Starting a blocking GC Explicit
08-06 02:32:03.261 13231 13244 I art     : Explicit concurrent mark sweep GC freed 3(96B) AllocSpace objects, 0(0B) LOS objects, 23% free, 53MB/69MB, paused 601us total 31.299ms
08-06 02:32:03.620 13231 13260 I art     : Starting a blocking GC Explicit
08-06 02:32:03.655 13231 13260 I art     : Explicit concurrent mark sweep GC freed 1344(78KB) AllocSpace objects, 1(20KB) LOS objects, 23% free, 53MB/69MB, paused 630us total 34.280ms
08-06 02:32:03.668 13231 13260 I art     : Starting a blocking GC Explicit
08-06 02:32:03.697 13231 13260 I art     : Explicit concurrent mark sweep GC freed 20(704B) AllocSpace objects, 0(0B) LOS objects, 23% free, 53MB/69MB, paused 597us total 28.679ms
08-06 02:32:03.708 13231 13260 I art     : Starting a blocking GC Explicit
08-06 02:32:03.738 13231 13260 I art     : Explicit concurrent mark sweep GC freed 3(96B) AllocSpace objects, 0(0B) LOS objects, 23% free, 53MB/69MB, paused 674us total 29.438ms
08-06 02:32:03.749 13231 13260 I art     : Starting a blocking GC Explicit
08-06 02:32:03.781 13231 13260 I art     : Explicit concurrent mark sweep GC freed 3(96B) AllocSpace objects, 0(0B) LOS objects, 23% free, 53MB/69MB, paused 610us total 31.451ms
08-06 02:32:03.793 13231 13260 I art     : Starting a blocking GC Explicit
08-06 02:32:03.824 13231 13260 I art     : Explicit concurrent mark sweep GC freed 3(96B) AllocSpace objects, 0(0B) LOS objects, 23% free, 53MB/69MB, paused 591us total 31.150ms
08-06 02:32:04.153 13231 13327 I art     : Starting a blocking GC Explicit
08-06 02:32:04.188 13231 13327 I art     : Explicit concurrent mark sweep GC freed 1344(78KB) AllocSpace objects, 1(20KB) LOS objects, 23% free, 53MB/69MB, paused 710us total 34.321ms
08-06 02:32:04.199 13231 13327 I art     : Starting a blocking GC Explicit
08-06 02:32:04.226 13231 13327 I art     : Explicit concurrent mark sweep GC freed 20(704B) AllocSpace objects, 0(0B) LOS objects, 23% free, 53MB/69MB, paused 593us total 26.814ms
08-06 02:32:04.237 13231 13327 I art     : Starting a blocking GC Explicit
08-06 02:32:04.267 13231 13327 I art     : Explicit concurrent mark sweep GC freed 3(96B) AllocSpace objects, 0(0B) LOS objects, 23% free, 53MB/69MB, paused 725us total 29.332ms
08-06 02:32:04.268   518   646 I ThermalEngine: ACTION: GPU - Setting GPU[0] to 510000000
08-06 02:32:04.278 13231 13327 I art     : Starting a blocking GC Explicit
08-06 02:32:04.308 13231 13327 I art     : Explicit concurrent mark sweep GC freed 3(96B) AllocSpace objects, 0(0B) LOS objects, 23% free, 53MB/69MB, paused 1.006ms total 29.191ms
08-06 02:32:04.317 13231 13327 I art     : Starting a blocking GC Explicit
08-06 02:32:04.340 13231 13327 I art     : Explicit concurrent mark sweep GC freed 3(96B) AllocSpace objects, 0(0B) LOS objects, 23% free, 53MB/69MB, paused 445us total 23.196ms
08-06 02:32:04.617 15424 15424 D AndroidRuntime: >>>>>> START com.android.internal.os.RuntimeInit uid 2000 <<<<<<
08-06 02:32:04.622 15424 15424 D AndroidRuntime: CheckJNI is OFF
08-06 02:32:04.636 13231 13243 I art     : Starting a blocking GC Explicit
08-06 02:32:04.658 15424 15424 D ICU     : No timezone override file found: /data/misc/zoneinfo/current/icu/icu_tzdata.dat
08-06 02:32:04.659 13231 13243 I art     : Explicit concurrent mark sweep GC freed 1344(78KB) AllocSpace objects, 1(20KB) LOS objects, 23% free, 53MB/69MB, paused 523us total 22.579ms
08-06 02:32:04.668 13231 13243 I art     : Starting a blocking GC Explicit
08-06 02:32:04.691 13231 13243 I art     : Explicit concurrent mark sweep GC freed 20(704B) AllocSpace objects, 0(0B) LOS objects, 23% free, 53MB/69MB, paused 461us total 22.864ms
08-06 02:32:04.696 15424 15424 I Radio-JNI: register_android_hardware_Radio DONE
08-06 02:32:04.700 13231 13243 I art     : Starting a blocking GC Explicit
08-06 02:32:04.718 15424 15424 D AndroidRuntime: Calling main entry com.android.commands.input.Input
08-06 02:32:04.720 15424 15424 I Input   : injectKeyEvent: KeyEvent { action=ACTION_DOWN, keyCode=KEYCODE_BACK, scanCode=0, metaState=0, flags=0x0, repeatCount=0, eventTime=844341133, downTime=844341133, deviceId=-1, source=0x101 }
08-06 02:32:04.721 13231 13243 I art     : Explicit concurrent mark sweep GC freed 3(96B) AllocSpace objects, 0(0B) LOS objects, 23% free, 53MB/69MB, paused 481us total 21.261ms
08-06 02:32:04.726 15424 15424 I Input   : injectKeyEvent: KeyEvent { action=ACTION_UP, keyCode=KEYCODE_BACK, scanCode=0, metaState=0, flags=0x0, repeatCount=0, eventTime=844341133, downTime=844341133, deviceId=-1, source=0x101 }
08-06 02:32:04.730 13231 13243 I art     : Starting a blocking GC Explicit
08-06 02:32:04.731 15424 15424 D AndroidRuntime: Shutting down VM
08-06 02:32:04.750 13231 13243 I art     : Explicit concurrent mark sweep GC freed 103(5KB) AllocSpace objects, 0(0B) LOS objects, 23% free, 53MB/69MB, paused 437us total 20.285ms
08-06 02:32:04.759 13231 13243 I art     : Starting a blocking GC Explicit
08-06 02:32:04.774 13866 13866 I GoogleInputMethodServic: GoogleInputMethodService.onFinishInput():3138 
08-06 02:32:04.775 13866 13866 I GoogleInputMethodServic: GoogleInputMethodService.onStartInput():1808 
08-06 02:32:04.779 13231 13243 I art     : Explicit concurrent mark sweep GC freed 9(336B) AllocSpace objects, 0(0B) LOS objects, 23% free, 53MB/69MB, paused 444us total 20.556ms
08-06 02:32:04.942 13136 13136 I ServiceManager: Waiting for service AtCmdFwd...
08-06 02:32:05.055 13231 13244 I art     : Starting a blocking GC Explicit
08-06 02:32:05.069   380   380 W SurfaceFlinger: couldn't log to binary event log: overflow.
08-06 02:32:05.081 13231 13244 I art     : Explicit concurrent mark sweep GC freed 1473(87KB) AllocSpace objects, 1(20KB) LOS objects, 23% free, 53MB/69MB, paused 674us total 26.029ms
08-06 02:32:05.092 13231 13244 I art     : Starting a blocking GC Explicit
08-06 02:32:05.112 13231 13244 I art     : Explicit concurrent mark sweep GC freed 49(2080B) AllocSpace objects, 0(0B) LOS objects, 23% free, 53MB/69MB, paused 430us total 19.893ms
08-06 02:32:05.120 13231 13244 I art     : Starting a blocking GC Explicit
08-06 02:32:05.140 13231 13244 I art     : Explicit concurrent mark sweep GC freed 4681(268KB) AllocSpace objects, 2(140KB) LOS objects, 23% free, 52MB/68MB, paused 437us total 20.009ms
08-06 02:32:05.148 13231 13244 I art     : Starting a blocking GC Explicit
08-06 02:32:05.169 13231 13244 I art     : Explicit concurrent mark sweep GC freed 3(96B) AllocSpace objects, 0(0B) LOS objects, 23% free, 52MB/68MB, paused 448us total 20.487ms
08-06 02:32:05.178 13231 13244 I art     : Starting a blocking GC Explicit
08-06 02:32:05.198 13231 13244 I art     : Explicit concurrent mark sweep GC freed 3(96B) AllocSpace objects, 0(0B) LOS objects, 23% free, 52MB/68MB, paused 430us total 20.460ms
08-06 02:32:05.478 13231 13327 I art     : Starting a blocking GC Explicit
08-06 02:32:05.504 13231 13327 I art     : Explicit concurrent mark sweep GC freed 1344(78KB) AllocSpace objects, 1(20KB) LOS objects, 23% free, 52MB/68MB, paused 456us total 25.641ms
08-06 02:32:05.513 13231 13327 I art     : Starting a blocking GC Explicit
08-06 02:32:05.535 13231 13327 I art     : Explicit concurrent mark sweep GC freed 20(704B) AllocSpace objects, 0(0B) LOS objects, 23% free, 52MB/68MB, paused 456us total 21.588ms
08-06 02:32:05.544 13231 13327 I art     : Starting a blocking GC Explicit
08-06 02:32:05.565 13231 13327 I art     : Explicit concurrent mark sweep GC freed 3(96B) AllocSpace objects, 0(0B) LOS objects, 23% free, 52MB/68MB, paused 448us total 21.279ms
08-06 02:32:05.574 13231 13327 I art     : Starting a blocking GC Explicit
08-06 02:32:05.596 13231 13327 I art     : Explicit concurrent mark sweep GC freed 3(96B) AllocSpace objects, 0(0B) LOS objects, 23% free, 52MB/68MB, paused 556us total 21.837ms
08-06 02:32:05.605 13231 13327 I art     : Starting a blocking GC Explicit
08-06 02:32:05.627 13231 13327 I art     : Explicit concurrent mark sweep GC freed 3(96B) AllocSpace objects, 0(0B) LOS objects, 23% free, 52MB/68MB, paused 575us total 21.588ms
08-06 02:32:05.916 13231 13260 I art     : Starting a blocking GC Explicit
08-06 02:32:05.944 13136 13136 I ServiceManager: Waiting for service AtCmdFwd...
08-06 02:32:05.944 13231 13260 I art     : Explicit concurrent mark sweep GC freed 1343(78KB) AllocSpace objects, 1(20KB) LOS objects, 23% free, 52MB/68MB, paused 444us total 28.123ms
08-06 02:32:05.953 13231 13260 I art     : Starting a blocking GC Explicit
08-06 02:32:05.974 13231 13260 I art     : Explicit concurrent mark sweep GC freed 20(704B) AllocSpace objects, 0(0B) LOS objects, 23% free, 52MB/68MB, paused 425us total 20.137ms
08-06 02:32:05.982 13231 13260 I art     : Starting a blocking GC Explicit
08-06 02:32:06.002 13231 13260 I art     : Explicit concurrent mark sweep GC freed 3(96B) AllocSpace objects, 0(0B) LOS objects, 23% free, 52MB/68MB, paused 441us total 19.477ms
08-06 02:32:06.010 13231 13260 I art     : Starting a blocking GC Explicit
08-06 02:32:06.030 13231 13260 I art     : Explicit concurrent mark sweep GC freed 3(96B) AllocSpace objects, 0(0B) LOS objects, 23% free, 52MB/68MB, paused 433us total 19.800ms
08-06 02:32:06.039 13231 13260 I art     : Starting a blocking GC Explicit
08-06 02:32:06.059 13231 13260 I art     : Explicit concurrent mark sweep GC freed 3(96B) AllocSpace objects, 0(0B) LOS objects, 23% free, 52MB/68MB, paused 444us total 19.868ms
08-06 02:32:06.340 13231 13243 I art     : Starting a blocking GC Explicit
08-06 02:32:06.362 13231 13243 I art     : Explicit concurrent mark sweep GC freed 1356(78KB) AllocSpace objects, 1(20KB) LOS objects, 23% free, 52MB/68MB, paused 448us total 21.190ms
08-06 02:32:06.371 13231 13243 I art     : Starting a blocking GC Explicit
08-06 02:32:06.375 15477 15477 D AndroidRuntime: >>>>>> START com.android.internal.os.RuntimeInit uid 2000 <<<<<<
08-06 02:32:06.380 15477 15477 D AndroidRuntime: CheckJNI is OFF
08-06 02:32:06.392 13231 13243 I art     : Explicit concurrent mark sweep GC freed 37(1232B) AllocSpace objects, 0(0B) LOS objects, 23% free, 52MB/68MB, paused 449us total 20.993ms
08-06 02:32:06.400 13231 13243 I art     : Starting a blocking GC Explicit
08-06 02:32:06.413 15477 15477 D ICU     : No timezone override file found: /data/misc/zoneinfo/current/icu/icu_tzdata.dat
08-06 02:32:06.419 13231 13243 I art     : Explicit concurrent mark sweep GC freed 6(192B) AllocSpace objects, 0(0B) LOS objects, 23% free, 52MB/68MB, paused 429us total 18.380ms
08-06 02:32:06.427 13231 13243 I art     : Starting a blocking GC Explicit
08-06 02:32:06.446 15477 15477 I Radio-JNI: register_android_hardware_Radio DONE
08-06 02:32:06.447 13231 13243 I art     : Explicit concurrent mark sweep GC freed 6(192B) AllocSpace objects, 0(0B) LOS objects, 23% free, 52MB/68MB, paused 460us total 19.295ms
08-06 02:32:06.455 13231 13243 I art     : Starting a blocking GC Explicit
08-06 02:32:06.468 15477 15477 D AndroidRuntime: Calling main entry com.android.commands.input.Input
08-06 02:32:06.470 15477 15477 I Input   : injectMotionEvent: MotionEvent { action=ACTION_DOWN, actionButton=0, id[0]=0, x[0]=648.0, y[0]=1050.0, toolType[0]=TOOL_TYPE_UNKNOWN, buttonState=0, metaState=0, flags=0x0, edgeFlags=0x0, pointerCount=1, historySize=0, eventTime=844342883, downTime=844342883, deviceId=0, source=0x1002 }
08-06 02:32:06.474 13231 13243 I art     : Explicit concurrent mark sweep GC freed 7(224B) AllocSpace objects, 0(0B) LOS objects, 23% free, 52MB/68MB, paused 458us total 18.846ms
08-06 02:32:06.476 15477 15477 I Input   : injectMotionEvent: MotionEvent { action=ACTION_UP, actionButton=0, id[0]=0, x[0]=648.0, y[0]=1050.0, toolType[0]=TOOL_TYPE_UNKNOWN, buttonState=0, metaState=0, flags=0x0, edgeFlags=0x0, pointerCount=1, historySize=0, eventTime=844342883, downTime=844342883, deviceId=0, source=0x1002 }
08-06 02:32:06.479 15477 15477 D AndroidRuntime: Shutting down VM
08-06 02:32:06.488   918  6110 I ActivityManager: START u0 {cmp=baseline.appteam.nith.hillffair/.activities.InformationActivity} from uid 10697 on display 0
08-06 02:32:06.489   512  2967 D audio_hw_primary: out_set_parameters: enter: usecase(1: low-latency-playback) kvpairs: routing=2
08-06 02:32:06.502   512  2967 D audio_hw_primary: select_devices: out_snd_device(2: speaker) in_snd_device(0: none)
08-06 02:32:06.502   512  2967 D msm8974_platform: platform_send_audio_calibration: sending audio calibration for snd_device(2) acdb_id(15)
08-06 02:32:06.502   512  2967 I soundtrigger: audio_extn_sound_trigger_update_device_status: device 0x2 of type 0 for Event 1
08-06 02:32:06.513   512  2967 D audio_hw_primary: enable_snd_device: snd_device(2: speaker)
08-06 02:32:06.515   512  2967 D audio_hw_primary: enable_audio_route: apply and update mixer path: low-latency-playback speaker
08-06 02:32:06.647   918   936 I ActivityManager: Displayed baseline.appteam.nith.hillffair/.activities.InformationActivity: +142ms
08-06 02:32:06.647 13866 13866 I GoogleInputMethodServic: GoogleInputMethodService.onFinishInput():3138 
08-06 02:32:06.648 13866 13866 I GoogleInputMethodServic: GoogleInputMethodService.onStartInput():1808 
08-06 02:32:06.672 13231 13257 D OpenGLRenderer: endAllStagingAnimators on 0x7f7d73e400 (RippleDrawable) with handle 0x7f9a1f55e0
08-06 02:32:06.722 13231 13327 I art     : Starting a blocking GC Explicit
08-06 02:32:06.742 13231 13327 I art     : Explicit concurrent mark sweep GC freed 2391(158KB) AllocSpace objects, 1(20KB) LOS objects, 23% free, 52MB/68MB, paused 404us total 19.884ms
08-06 02:32:06.750 13231 13327 I art     : Starting a blocking GC Explicit
08-06 02:32:06.770 13231 13327 I art     : Explicit concurrent mark sweep GC freed 189(8KB) AllocSpace objects, 0(0B) LOS objects, 23% free, 52MB/68MB, paused 412us total 20.014ms
08-06 02:32:06.779 13231 13327 I art     : Starting a blocking GC Explicit
08-06 02:32:06.799 13231 13327 I art     : Explicit concurrent mark sweep GC freed 3(96B) AllocSpace objects, 0(0B) LOS objects, 23% free, 52MB/68MB, paused 405us total 19.568ms
08-06 02:32:06.809 13231 13327 I art     : Starting a blocking GC Explicit
08-06 02:32:06.834 13231 13327 I art     : Explicit concurrent mark sweep GC freed 3(96B) AllocSpace objects, 0(0B) LOS objects, 23% free, 52MB/68MB, paused 452us total 24.522ms
08-06 02:32:06.845 13231 13327 I art     : Starting a blocking GC Explicit
08-06 02:32:06.869 13231 13327 I art     : Explicit concurrent mark sweep GC freed 3(96B) AllocSpace objects, 0(0B) LOS objects, 23% free, 52MB/68MB, paused 429us total 23.574ms
08-06 02:32:06.905   380   380 W SurfaceFlinger: couldn't log to binary event log: overflow.
08-06 02:32:06.944 13136 13136 I ServiceManager: Waiting for service AtCmdFwd...
08-06 02:32:07.049   512  2967 D audio_hw_primary: disable_audio_route: reset and update mixer path: low-latency-playback speaker
08-06 02:32:07.051   512  2967 D audio_hw_primary: disable_snd_device: snd_device(2: speaker)
08-06 02:32:07.060   512  2967 I soundtrigger: audio_extn_sound_trigger_update_device_status: device 0x2 of type 0 for Event 0
08-06 02:32:07.172 13231 13244 I art     : Starting a blocking GC Explicit
08-06 02:32:07.200 13231 13244 I art     : Explicit concurrent mark sweep GC freed 1442(84KB) AllocSpace objects, 1(20KB) LOS objects, 23% free, 52MB/68MB, paused 481us total 27.313ms
08-06 02:32:07.212 13231 13244 I art     : Starting a blocking GC Explicit
08-06 02:32:07.233 13231 13244 I art     : Explicit concurrent mark sweep GC freed 36(1216B) AllocSpace objects, 0(0B) LOS objects, 23% free, 52MB/68MB, paused 512us total 21.158ms
08-06 02:32:07.242 13231 13244 I art     : Starting a blocking GC Explicit
08-06 02:32:07.262 13231 13244 I art     : Explicit concurrent mark sweep GC freed 3(96B) AllocSpace objects, 0(0B) LOS objects, 23% free, 52MB/68MB, paused 414us total 18.989ms
08-06 02:32:07.270 13231 13244 I art     : Starting a blocking GC Explicit
08-06 02:32:07.290 13231 13244 I art     : Explicit concurrent mark sweep GC freed 3(96B) AllocSpace objects, 0(0B) LOS objects, 23% free, 52MB/68MB, paused 436us total 19.852ms
08-06 02:32:07.298 13231 13244 I art     : Starting a blocking GC Explicit
08-06 02:32:07.319 13231 13244 I art     : Explicit concurrent mark sweep GC freed 3(96B) AllocSpace objects, 0(0B) LOS objects, 23% free, 52MB/68MB, paused 432us total 20.861ms
08-06 02:32:07.611 13231 13327 I art     : Starting a blocking GC Explicit
08-06 02:32:07.639 13231 13327 I art     : Explicit concurrent mark sweep GC freed 1344(78KB) AllocSpace objects, 1(20KB) LOS objects, 23% free, 52MB/68MB, paused 579us total 27.710ms
08-06 02:32:07.652 13231 13327 I art     : Starting a blocking GC Explicit
08-06 02:32:07.674 13231 13327 I art     : Explicit concurrent mark sweep GC freed 20(704B) AllocSpace objects, 0(0B) LOS objects, 23% free, 52MB/68MB, paused 429us total 21.548ms
08-06 02:32:07.683 13231 13327 I art     : Starting a blocking GC Explicit
08-06 02:32:07.705 13231 13327 I art     : Explicit concurrent mark sweep GC freed 3(96B) AllocSpace objects, 0(0B) LOS objects, 23% free, 52MB/68MB, paused 545us total 21.804ms
08-06 02:32:07.714 13231 13327 I art     : Starting a blocking GC Explicit
08-06 02:32:07.736 13231 13327 I art     : Explicit concurrent mark sweep GC freed 3(96B) AllocSpace objects, 0(0B) LOS objects, 23% free, 52MB/68MB, paused 443us total 22.032ms
08-06 02:32:07.745 13231 13327 I art     : Starting a blocking GC Explicit
08-06 02:32:07.767 13231 13327 I art     : Explicit concurrent mark sweep GC freed 3(96B) AllocSpace objects, 0(0B) LOS objects, 23% free, 52MB/68MB, paused 508us total 21.567ms
08-06 02:32:07.945 13136 13136 I ServiceManager: Waiting for service AtCmdFwd...
08-06 02:32:08.049 13231 13260 I art     : Starting a blocking GC Explicit
08-06 02:32:08.078 13231 13260 I art     : Explicit concurrent mark sweep GC freed 1344(78KB) AllocSpace objects, 1(20KB) LOS objects, 23% free, 52MB/68MB, paused 526us total 29.072ms
08-06 02:32:08.092 13231 13260 I art     : Starting a blocking GC Explicit
08-06 02:32:08.114 13231 13260 I art     : Explicit concurrent mark sweep GC freed 20(704B) AllocSpace objects, 0(0B) LOS objects, 23% free, 52MB/68MB, paused 457us total 22.316ms
08-06 02:32:08.123 13231 13260 I art     : Starting a blocking GC Explicit
08-06 02:32:08.146 13231 13260 I art     : Explicit concurrent mark sweep GC freed 3(96B) AllocSpace objects, 0(0B) LOS objects, 23% free, 52MB/68MB, paused 468us total 22.248ms
08-06 02:32:08.155 13231 13260 I art     : Starting a blocking GC Explicit
08-06 02:32:08.179 13231 13260 I art     : Explicit concurrent mark sweep GC freed 7(224B) AllocSpace objects, 0(0B) LOS objects, 23% free, 52MB/68MB, paused 415us total 23.887ms
08-06 02:32:08.189 13231 13260 I art     : Starting a blocking GC Explicit
08-06 02:32:08.209 13231 13260 I art     : Explicit concurrent mark sweep GC freed 6(192B) AllocSpace objects, 0(0B) LOS objects, 23% free, 52MB/68MB, paused 404us total 20.525ms
08-06 02:32:08.276   518   646 I ThermalEngine: ACTION: GPU - Setting GPU[0] to 450000000
08-06 02:32:08.522 13231 13327 I art     : Starting a blocking GC Explicit
08-06 02:32:08.552 13231 13327 I art     : Explicit concurrent mark sweep GC freed 1367(79KB) AllocSpace objects, 1(20KB) LOS objects, 23% free, 52MB/68MB, paused 607us total 29.911ms
08-06 02:32:08.565 13231 13327 I art     : Starting a blocking GC Explicit
08-06 02:32:08.595 13231 13327 I art     : Explicit concurrent mark sweep GC freed 20(704B) AllocSpace objects, 0(0B) LOS objects, 23% free, 52MB/68MB, paused 564us total 29.074ms
08-06 02:32:08.607 13231 13327 I art     : Starting a blocking GC Explicit
08-06 02:32:08.636 13231 13327 I art     : Explicit concurrent mark sweep GC freed 3(96B) AllocSpace objects, 0(0B) LOS objects, 23% free, 52MB/68MB, paused 600us total 29.282ms
08-06 02:32:08.648 13231 13327 I art     : Starting a blocking GC Explicit
08-06 02:32:08.678 13231 13327 I art     : Explicit concurrent mark sweep GC freed 3(96B) AllocSpace objects, 0(0B) LOS objects, 23% free, 52MB/68MB, paused 610us total 29.726ms
08-06 02:32:08.689 13231 13327 I art     : Starting a blocking GC Explicit
08-06 02:32:08.719 13231 13327 I art     : Explicit concurrent mark sweep GC freed 3(96B) AllocSpace objects, 0(0B) LOS objects, 23% free, 52MB/68MB, paused 589us total 29.532ms
08-06 02:32:08.945 13136 13136 I ServiceManager: Waiting for service AtCmdFwd...
08-06 02:32:09.053 13231 13244 I art     : Starting a blocking GC Explicit
08-06 02:32:09.087 13231 13244 I art     : Explicit concurrent mark sweep GC freed 1344(78KB) AllocSpace objects, 1(20KB) LOS objects, 23% free, 52MB/68MB, paused 617us total 33.487ms
08-06 02:32:09.101 13231 13244 I art     : Starting a blocking GC Explicit
08-06 02:32:09.131 13231 13244 I art     : Explicit concurrent mark sweep GC freed 20(704B) AllocSpace objects, 0(0B) LOS objects, 23% free, 52MB/68MB, paused 601us total 30.010ms
08-06 02:32:09.143 13231 13244 I art     : Starting a blocking GC Explicit
08-06 02:32:09.173 13231 13244 I art     : Explicit concurrent mark sweep GC freed 3(96B) AllocSpace objects, 0(0B) LOS objects, 23% free, 52MB/68MB, paused 602us total 29.970ms
08-06 02:32:09.185 13231 13244 I art     : Starting a blocking GC Explicit
08-06 02:32:09.214 13231 13244 I art     : Explicit concurrent mark sweep GC freed 3(96B) AllocSpace objects, 0(0B) LOS objects, 23% free, 52MB/68MB, paused 629us total 29.364ms
08-06 02:32:09.215 13231 13241 I art     : WaitForGcToComplete blocked for 26.840ms for cause HeapTrim
08-06 02:32:09.226 13231 13244 I art     : Starting a blocking GC Explicit
08-06 02:32:09.256 13231 13244 I art     : Explicit concurrent mark sweep GC freed 3(96B) AllocSpace objects, 0(0B) LOS objects, 23% free, 52MB/68MB, paused 600us total 29.524ms
08-06 02:32:09.591 13231 13243 I art     : Starting a blocking GC Explicit
08-06 02:32:09.623 13231 13243 I art     : Explicit concurrent mark sweep GC freed 1344(78KB) AllocSpace objects, 1(20KB) LOS objects, 23% free, 52MB/68MB, paused 604us total 32.216ms
08-06 02:32:09.637 13231 13243 I art     : Starting a blocking GC Explicit
08-06 02:32:09.670 13231 13243 I art     : Explicit concurrent mark sweep GC freed 20(704B) AllocSpace objects, 0(0B) LOS objects, 23% free, 52MB/68MB, paused 558us total 32.517ms
08-06 02:32:09.681 13231 13243 I art     : Starting a blocking GC Explicit
08-06 02:32:09.711 13231 13243 I art     : Explicit concurrent mark sweep GC freed 3(96B) AllocSpace objects, 0(0B) LOS objects, 23% free, 52MB/68MB, paused 566us total 29.122ms
08-06 02:32:09.722 13231 13243 I art     : Starting a blocking GC Explicit
08-06 02:32:09.752 13231 13243 I art     : Explicit concurrent mark sweep GC freed 3(96B) AllocSpace objects, 0(0B) LOS objects, 23% free, 52MB/68MB, paused 640us total 29.343ms
08-06 02:32:09.764 13231 13243 I art     : Starting a blocking GC Explicit
08-06 02:32:09.793 13231 13243 I art     : Explicit concurrent mark sweep GC freed 3(96B) AllocSpace objects, 0(0B) LOS objects, 23% free, 52MB/68MB, paused 560us total 29.532ms
08-06 02:32:09.946 13136 13136 W Atfwd_Sendcmd: AtCmdFwd service not published, waiting... retryCnt : 4
08-06 02:32:10.146 13231 13260 I art     : Starting a blocking GC Explicit
08-06 02:32:10.179 13231 13260 I art     : Explicit concurrent mark sweep GC freed 1344(78KB) AllocSpace objects, 1(20KB) LOS objects, 23% free, 52MB/68MB, paused 644us total 31.885ms
08-06 02:32:10.192 13231 13260 I art     : Starting a blocking GC Explicit
08-06 02:32:10.222 13231 13260 I art     : Explicit concurrent mark sweep GC freed 20(704B) AllocSpace objects, 0(0B) LOS objects, 23% free, 52MB/68MB, paused 594us total 29.417ms
08-06 02:32:10.233 13231 13260 I art     : Starting a blocking GC Explicit
08-06 02:32:10.263 13231 13260 I art     : Explicit concurrent mark sweep GC freed 3(96B) AllocSpace objects, 0(0B) LOS objects, 23% free, 52MB/68MB, paused 606us total 29.383ms
08-06 02:32:10.275 13231 13260 I art     : Starting a blocking GC Explicit
08-06 02:32:10.278   518   646 I ThermalEngine: ACTION: GPU - Setting GPU[0] to 510000000
08-06 02:32:10.303 13231 13260 I art     : Explicit concurrent mark sweep GC freed 3(96B) AllocSpace objects, 0(0B) LOS objects, 23% free, 52MB/68MB, paused 590us total 27.779ms
08-06 02:32:10.314 13231 13260 I art     : Starting a blocking GC Explicit
08-06 02:32:10.338 13231 13260 I art     : Explicit concurrent mark sweep GC freed 3(96B) AllocSpace objects, 0(0B) LOS objects, 23% free, 52MB/68MB, paused 449us total 23.905ms
08-06 02:32:10.658 13231 13327 I art     : Starting a blocking GC Explicit
08-06 02:32:10.682 13231 13327 I art     : Explicit concurrent mark sweep GC freed 1344(78KB) AllocSpace objects, 1(20KB) LOS objects, 23% free, 52MB/68MB, paused 467us total 23.631ms
08-06 02:32:10.694 13231 13327 I art     : Starting a blocking GC Explicit
08-06 02:32:10.717 13231 13327 I art     : Explicit concurrent mark sweep GC freed 20(704B) AllocSpace objects, 0(0B) LOS objects, 23% free, 52MB/68MB, paused 455us total 23.198ms
08-06 02:32:10.727 13231 13327 I art     : Starting a blocking GC Explicit
08-06 02:32:10.748 13231 13327 I art     : Explicit concurrent mark sweep GC freed 3(96B) AllocSpace objects, 0(0B) LOS objects, 23% free, 52MB/68MB, paused 699us total 21.183ms
08-06 02:32:10.757 13231 13327 I art     : Starting a blocking GC Explicit
08-06 02:32:10.776 13231 13327 I art     : Explicit concurrent mark sweep GC freed 3(96B) AllocSpace objects, 0(0B) LOS objects, 23% free, 52MB/68MB, paused 398us total 19.556ms
08-06 02:32:10.785 13231 13327 I art     : Starting a blocking GC Explicit
08-06 02:32:10.804 13231 13327 I art     : Explicit concurrent mark sweep GC freed 3(96B) AllocSpace objects, 0(0B) LOS objects, 23% free, 52MB/68MB, paused 419us total 19.052ms
08-06 02:32:11.125 13231 13244 I art     : Starting a blocking GC Explicit
08-06 02:32:11.153 13231 13244 I art     : Explicit concurrent mark sweep GC freed 1344(78KB) AllocSpace objects, 1(20KB) LOS objects, 23% free, 52MB/68MB, paused 510us total 26.737ms
08-06 02:32:11.168 15595 15595 D AndroidRuntime: >>>>>> START com.android.internal.os.RuntimeInit uid 2000 <<<<<<
08-06 02:32:11.170 13231 13244 I art     : Starting a blocking GC Explicit
08-06 02:32:11.173 15595 15595 D AndroidRuntime: CheckJNI is OFF
08-06 02:32:11.190 13231 13244 I art     : Explicit concurrent mark sweep GC freed 20(704B) AllocSpace objects, 0(0B) LOS objects, 23% free, 52MB/68MB, paused 421us total 20.045ms
08-06 02:32:11.198 13231 13244 I art     : Starting a blocking GC Explicit
08-06 02:32:11.207 15595 15595 D ICU     : No timezone override file found: /data/misc/zoneinfo/current/icu/icu_tzdata.dat
08-06 02:32:11.216 13231 13244 I art     : Explicit concurrent mark sweep GC freed 3(96B) AllocSpace objects, 0(0B) LOS objects, 23% free, 52MB/68MB, paused 468us total 18.745ms
08-06 02:32:11.224 13231 13244 I art     : Starting a blocking GC Explicit
08-06 02:32:11.239 15595 15595 I Radio-JNI: register_android_hardware_Radio DONE
08-06 02:32:11.244 13231 13244 I art     : Explicit concurrent mark sweep GC freed 3(96B) AllocSpace objects, 0(0B) LOS objects, 23% free, 52MB/68MB, paused 428us total 19.198ms
08-06 02:32:11.251 13231 13244 I art     : Starting a blocking GC Explicit
08-06 02:32:11.260 15595 15595 D AndroidRuntime: Calling main entry com.android.commands.input.Input
08-06 02:32:11.261 15595 15595 I Input   : injectKeyEvent: KeyEvent { action=ACTION_DOWN, keyCode=KEYCODE_BACK, scanCode=0, metaState=0, flags=0x0, repeatCount=0, eventTime=844347674, downTime=844347674, deviceId=-1, source=0x101 }
08-06 02:32:11.266 15595 15595 I Input   : injectKeyEvent: KeyEvent { action=ACTION_UP, keyCode=KEYCODE_BACK, scanCode=0, metaState=0, flags=0x0, repeatCount=0, eventTime=844347674, downTime=844347674, deviceId=-1, source=0x101 }
08-06 02:32:11.270 13231 13244 I art     : Explicit concurrent mark sweep GC freed 5(208B) AllocSpace objects, 0(0B) LOS objects, 23% free, 52MB/68MB, paused 452us total 18.312ms
08-06 02:32:11.271 15595 15595 D AndroidRuntime: Shutting down VM
08-06 02:32:11.314 13866 13866 I GoogleInputMethodServic: GoogleInputMethodService.onFinishInput():3138 
08-06 02:32:11.314 13866 13866 I GoogleInputMethodServic: GoogleInputMethodService.onStartInput():1808 
08-06 02:32:11.515 13231 13327 I art     : Starting a blocking GC Explicit
08-06 02:32:11.537 13231 13327 I art     : Explicit concurrent mark sweep GC freed 1482(84KB) AllocSpace objects, 1(20KB) LOS objects, 23% free, 52MB/68MB, paused 391us total 20.899ms
08-06 02:32:11.545 13231 13327 I art     : Starting a blocking GC Explicit
08-06 02:32:11.565 13231 13327 I art     : Explicit concurrent mark sweep GC freed 26(944B) AllocSpace objects, 0(0B) LOS objects, 23% free, 52MB/68MB, paused 429us total 20.044ms
08-06 02:32:11.574 13231 13327 I art     : Starting a blocking GC Explicit
08-06 02:32:11.594 13231 13327 I art     : Explicit concurrent mark sweep GC freed 3(96B) AllocSpace objects, 0(0B) LOS objects, 23% free, 52MB/68MB, paused 455us total 19.802ms
08-06 02:32:11.602 13231 13327 I art     : Starting a blocking GC Explicit
08-06 02:32:11.609   380   380 W SurfaceFlinger: couldn't log to binary event log: overflow.
08-06 02:32:11.621 13231 13327 I art     : Explicit concurrent mark sweep GC freed 111(8KB) AllocSpace objects, 0(0B) LOS objects, 23% free, 52MB/68MB, paused 470us total 19.378ms
08-06 02:32:11.630 13231 13327 I art     : Starting a blocking GC Explicit
08-06 02:32:11.649 13231 13327 I art     : Explicit concurrent mark sweep GC freed 5(160B) AllocSpace objects, 0(0B) LOS objects, 23% free, 52MB/68MB, paused 415us total 18.698ms
08-06 02:32:11.932 13231 13244 I art     : Starting a blocking GC Explicit
08-06 02:32:11.953 13231 13244 I art     : Explicit concurrent mark sweep GC freed 2725(168KB) AllocSpace objects, 2(48KB) LOS objects, 23% free, 52MB/68MB, paused 427us total 21.104ms
08-06 02:32:11.962 13231 13244 I art     : Starting a blocking GC Explicit
08-06 02:32:11.984 13231 13244 I art     : Explicit concurrent mark sweep GC freed 20(704B) AllocSpace objects, 0(0B) LOS objects, 23% free, 52MB/68MB, paused 441us total 21.368ms
08-06 02:32:11.992 13231 13244 I art     : Starting a blocking GC Explicit
08-06 02:32:12.013 13231 13244 I art     : Explicit concurrent mark sweep GC freed 3(96B) AllocSpace objects, 0(0B) LOS objects, 23% free, 52MB/68MB, paused 443us total 20.674ms
08-06 02:32:12.022 13231 13244 I art     : Starting a blocking GC Explicit
08-06 02:32:12.043 13231 13244 I art     : Explicit concurrent mark sweep GC freed 3(96B) AllocSpace objects, 0(0B) LOS objects, 23% free, 52MB/68MB, paused 439us total 20.781ms
08-06 02:32:12.052 13231 13244 I art     : Starting a blocking GC Explicit
08-06 02:32:12.073 13231 13244 I art     : Explicit concurrent mark sweep GC freed 3(96B) AllocSpace objects, 0(0B) LOS objects, 23% free, 52MB/68MB, paused 448us total 20.865ms
08-06 02:32:12.359 13231 13243 I art     : Starting a blocking GC Explicit
08-06 02:32:12.386 13231 13243 I art     : Explicit concurrent mark sweep GC freed 1343(78KB) AllocSpace objects, 1(20KB) LOS objects, 23% free, 52MB/68MB, paused 454us total 26.092ms
08-06 02:32:12.398 13231 13243 I art     : Starting a blocking GC Explicit
08-06 02:32:12.422 13231 13243 I art     : Explicit concurrent mark sweep GC freed 20(704B) AllocSpace objects, 0(0B) LOS objects, 23% free, 52MB/68MB, paused 426us total 23.952ms
08-06 02:32:12.431 13231 13243 I art     : Starting a blocking GC Explicit
08-06 02:32:12.453 13231 13243 I art     : Explicit concurrent mark sweep GC freed 3(96B) AllocSpace objects, 0(0B) LOS objects, 23% free, 52MB/68MB, paused 401us total 20.965ms
08-06 02:32:12.461 13231 13243 I art     : Starting a blocking GC Explicit
08-06 02:32:12.482 13231 13243 I art     : Explicit concurrent mark sweep GC freed 3(96B) AllocSpace objects, 0(0B) LOS objects, 23% free, 52MB/68MB, paused 438us total 20.938ms
08-06 02:32:12.491 13231 13243 I art     : Starting a blocking GC Explicit
08-06 02:32:12.511 13231 13243 I art     : Explicit concurrent mark sweep GC freed 3(96B) AllocSpace objects, 0(0B) LOS objects, 23% free, 52MB/68MB, paused 395us total 19.892ms
08-06 02:32:12.792 13231 13260 I art     : Starting a blocking GC Explicit
08-06 02:32:12.813 13231 13260 I art     : Explicit concurrent mark sweep GC freed 1343(78KB) AllocSpace objects, 1(20KB) LOS objects, 23% free, 52MB/68MB, paused 459us total 21.067ms
08-06 02:32:12.822 13231 13260 I art     : Starting a blocking GC Explicit
08-06 02:32:12.843 13231 13260 I art     : Explicit concurrent mark sweep GC freed 20(704B) AllocSpace objects, 0(0B) LOS objects, 23% free, 52MB/68MB, paused 442us total 20.552ms
08-06 02:32:12.851 13231 13260 I art     : Starting a blocking GC Explicit
08-06 02:32:12.872 13231 13260 I art     : Explicit concurrent mark sweep GC freed 3(96B) AllocSpace objects, 0(0B) LOS objects, 23% free, 52MB/68MB, paused 453us total 19.984ms
08-06 02:32:12.880 13231 13260 I art     : Starting a blocking GC Explicit
08-06 02:32:12.900 13231 13260 I art     : Explicit concurrent mark sweep GC freed 3(96B) AllocSpace objects, 0(0B) LOS objects, 23% free, 52MB/68MB, paused 444us total 20.128ms
08-06 02:32:12.909 13231 13260 I art     : Starting a blocking GC Explicit
08-06 02:32:12.911 15648 15648 D AndroidRuntime: >>>>>> START com.android.internal.os.RuntimeInit uid 2000 <<<<<<
08-06 02:32:12.915 15648 15648 D AndroidRuntime: CheckJNI is OFF
08-06 02:32:12.934 13231 13260 I art     : Explicit concurrent mark sweep GC freed 6(192B) AllocSpace objects, 0(0B) LOS objects, 23% free, 52MB/68MB, paused 531us total 24.435ms
08-06 02:32:12.955 15648 15648 D ICU     : No timezone override file found: /data/misc/zoneinfo/current/icu/icu_tzdata.dat
08-06 02:32:12.986 15648 15648 I Radio-JNI: register_android_hardware_Radio DONE
08-06 02:32:13.008 15648 15648 D AndroidRuntime: Calling main entry com.android.commands.input.Input
08-06 02:32:13.010 15648 15648 I Input   : injectMotionEvent: MotionEvent { action=ACTION_DOWN, actionButton=0, id[0]=0, x[0]=756.0, y[0]=1530.0, toolType[0]=TOOL_TYPE_UNKNOWN, buttonState=0, metaState=0, flags=0x0, edgeFlags=0x0, pointerCount=1, historySize=0, eventTime=844349423, downTime=844349423, deviceId=0, source=0x1002 }
08-06 02:32:13.015 15648 15648 I Input   : injectMotionEvent: MotionEvent { action=ACTION_UP, actionButton=0, id[0]=0, x[0]=756.0, y[0]=1530.0, toolType[0]=TOOL_TYPE_UNKNOWN, buttonState=0, metaState=0, flags=0x0, edgeFlags=0x0, pointerCount=1, historySize=0, eventTime=844349423, downTime=844349423, deviceId=0, source=0x1002 }
08-06 02:32:13.017 15648 15648 D AndroidRuntime: Shutting down VM
08-06 02:32:13.032   918  3714 I ActivityManager: START u0 {cmp=baseline.appteam.nith.hillffair/.activities.LeaderBoardActivity} from uid 10697 on display 0
08-06 02:32:13.034   512  2967 D audio_hw_primary: out_set_parameters: enter: usecase(1: low-latency-playback) kvpairs: routing=2
08-06 02:32:13.047   512  2967 D audio_hw_primary: select_devices: out_snd_device(2: speaker) in_snd_device(0: none)
08-06 02:32:13.047   512  2967 D msm8974_platform: platform_send_audio_calibration: sending audio calibration for snd_device(2) acdb_id(15)
08-06 02:32:13.047   512  2967 I soundtrigger: audio_extn_sound_trigger_update_device_status: device 0x2 of type 0 for Event 1
08-06 02:32:13.056   512  2967 D audio_hw_primary: enable_snd_device: snd_device(2: speaker)
08-06 02:32:13.058   512  2967 D audio_hw_primary: enable_audio_route: apply and update mixer path: low-latency-playback speaker
08-06 02:32:13.145 13231 13231 E RecyclerView: No adapter attached; skipping layout
08-06 02:32:13.148 13231 13231 E RecyclerView: No adapter attached; skipping layout
08-06 02:32:13.168   918   936 I ActivityManager: Displayed baseline.appteam.nith.hillffair/.activities.LeaderBoardActivity: +123ms
08-06 02:32:13.168 13866 13866 I GoogleInputMethodServic: GoogleInputMethodService.onFinishInput():3138 
08-06 02:32:13.169 13866 13866 I GoogleInputMethodServic: GoogleInputMethodService.onStartInput():1808 
08-06 02:32:13.170 13231 13231 E RecyclerView: No adapter attached; skipping layout
08-06 02:32:13.189 13231 13244 I art     : Starting a blocking GC Explicit
08-06 02:32:13.211 13231 13244 I art     : Explicit concurrent mark sweep GC freed 6657(403KB) AllocSpace objects, 1(20KB) LOS objects, 23% free, 53MB/69MB, paused 473us total 22.005ms
08-06 02:32:13.221 13231 13244 I art     : Starting a blocking GC Explicit
08-06 02:32:13.222 13231 13257 D OpenGLRenderer: endAllStagingAnimators on 0x7f7d73ec00 (RippleDrawable) with handle 0x7f99f05e80
08-06 02:32:13.246 13231 13244 I art     : Explicit concurrent mark sweep GC freed 273(12KB) AllocSpace objects, 0(0B) LOS objects, 23% free, 53MB/69MB, paused 540us total 24.488ms
08-06 02:32:13.254 13231 13244 I art     : Starting a blocking GC Explicit
08-06 02:32:13.273 13231 13244 I art     : Explicit concurrent mark sweep GC freed 13(416B) AllocSpace objects, 0(0B) LOS objects, 23% free, 53MB/69MB, paused 430us total 18.739ms
08-06 02:32:13.281 13231 13244 I art     : Starting a blocking GC Explicit
08-06 02:32:13.301 13231 13244 I art     : Explicit concurrent mark sweep GC freed 3(96B) AllocSpace objects, 0(0B) LOS objects, 23% free, 53MB/69MB, paused 441us total 19.629ms
08-06 02:32:13.309 13231 13244 I art     : Starting a blocking GC Explicit
08-06 02:32:13.328 13231 13244 I art     : Explicit concurrent mark sweep GC freed 3(96B) AllocSpace objects, 0(0B) LOS objects, 23% free, 53MB/69MB, paused 447us total 19.157ms
08-06 02:32:13.429   380   380 W SurfaceFlinger: couldn't log to binary event log: overflow.
08-06 02:32:13.585 13231 13260 I art     : Starting a blocking GC Explicit
08-06 02:32:13.599   512  2967 D audio_hw_primary: disable_audio_route: reset and update mixer path: low-latency-playback speaker
08-06 02:32:13.600   512  2967 D audio_hw_primary: disable_snd_device: snd_device(2: speaker)
08-06 02:32:13.607 13231 13260 I art     : Explicit concurrent mark sweep GC freed 1498(86KB) AllocSpace objects, 1(20KB) LOS objects, 23% free, 53MB/69MB, paused 544us total 21.495ms
08-06 02:32:13.607   512  2967 I soundtrigger: audio_extn_sound_trigger_update_device_status: device 0x2 of type 0 for Event 0
08-06 02:32:13.616 13231 13260 I art     : Starting a blocking GC Explicit
08-06 02:32:13.637 13231 13260 I art     : Explicit concurrent mark sweep GC freed 50(1728B) AllocSpace objects, 0(0B) LOS objects, 23% free, 53MB/69MB, paused 551us total 21.010ms
08-06 02:32:13.645 13231 13260 I art     : Starting a blocking GC Explicit
08-06 02:32:13.667 13231 13260 I art     : Explicit concurrent mark sweep GC freed 12(432B) AllocSpace objects, 0(0B) LOS objects, 23% free, 53MB/69MB, paused 548us total 21.101ms
08-06 02:32:13.675 13231 13260 I art     : Starting a blocking GC Explicit
08-06 02:32:13.697 13231 13260 I art     : Explicit concurrent mark sweep GC freed 11(416B) AllocSpace objects, 0(0B) LOS objects, 23% free, 53MB/69MB, paused 602us total 21.216ms
08-06 02:32:13.705 13231 13260 I art     : Starting a blocking GC Explicit
08-06 02:32:13.726 13231 13260 I art     : Explicit concurrent mark sweep GC freed 11(400B) AllocSpace objects, 0(0B) LOS objects, 23% free, 53MB/69MB, paused 485us total 21.007ms
08-06 02:32:13.867 13231 15673 D OkHttp  : --> GET https://api-hillfair-2k16.herokuapp.com/api/app/quiz/leaderboard?from=1 http/1.1
08-06 02:32:13.901 13231 15673 D OkHttp  : <-- 200 OK https://api-hillfair-2k16.herokuapp.com/api/app/quiz/leaderboard?from=1 (34ms, 56744-byte body)
08-06 02:32:13.997 13231 13231 I NAPPA_EXPERIMENTATION: MetricNetworkRequestExecutionTime: REQUEST_DURATION_SYSTEM='915',REQUEST_DURATION_OKHTTP='34',REQUEST_SYNCHRONOUS='FALSE',RESPONSE_CODE='200',RESPONSE_METHOD='GET',RESPONSE_LENGTH_OKHTTP='56744',RESPONSE_LENGTH_HEADER='56744',REQUEST_PROTOCOL='http/1.1',REQUEST_URL='https://api-hillfair-2k16.herokuapp.com/api/app/quiz/leaderboard?from=1',
08-06 02:32:13.998 13231 13243 I art     : Starting a blocking GC Explicit
08-06 02:32:14.022 13231 13243 I art     : Explicit concurrent mark sweep GC freed 29337(1408KB) AllocSpace objects, 4(220KB) LOS objects, 23% free, 53MB/69MB, paused 731us total 24.339ms
08-06 02:32:14.031 13231 13243 I art     : Starting a blocking GC Explicit
08-06 02:32:14.054 13231 13243 I art     : Explicit concurrent mark sweep GC freed 1776(149KB) AllocSpace objects, 0(0B) LOS objects, 23% free, 53MB/69MB, paused 823us total 23.020ms
08-06 02:32:14.063 13231 13243 I art     : Starting a blocking GC Explicit
08-06 02:32:14.084 13231 13243 I art     : Explicit concurrent mark sweep GC freed 301(10KB) AllocSpace objects, 0(0B) LOS objects, 23% free, 53MB/69MB, paused 459us total 21.381ms
08-06 02:32:14.093 13231 13243 I art     : Starting a blocking GC Explicit
08-06 02:32:14.112 13231 13243 I art     : Explicit concurrent mark sweep GC freed 9(384B) AllocSpace objects, 0(0B) LOS objects, 23% free, 53MB/69MB, paused 413us total 19.637ms
08-06 02:32:14.121 13231 13243 I art     : Starting a blocking GC Explicit
08-06 02:32:14.143 13231 13243 I art     : Explicit concurrent mark sweep GC freed 3(96B) AllocSpace objects, 0(0B) LOS objects, 23% free, 53MB/69MB, paused 458us total 21.651ms
08-06 02:32:14.287   518   646 I ThermalEngine: ACTION: GPU - Setting GPU[0] to 450000000
08-06 02:32:14.352   918  3261 D WifiStateMachine: starting scan for "H369AA63323"WPA_PSK with 2412,5180
08-06 02:32:14.442 13231 13327 I art     : Starting a blocking GC Explicit
08-06 02:32:14.472 13231 13327 I art     : Explicit concurrent mark sweep GC freed 1344(78KB) AllocSpace objects, 1(20KB) LOS objects, 23% free, 53MB/69MB, paused 662us total 29.627ms
08-06 02:32:14.483 13231 13327 I art     : Starting a blocking GC Explicit
08-06 02:32:14.509 13231 13327 I art     : Explicit concurrent mark sweep GC freed 20(704B) AllocSpace objects, 0(0B) LOS objects, 23% free, 53MB/69MB, paused 601us total 26.190ms
08-06 02:32:14.520 13231 13327 I art     : Starting a blocking GC Explicit
08-06 02:32:14.547 13231 13327 I art     : Explicit concurrent mark sweep GC freed 3(96B) AllocSpace objects, 0(0B) LOS objects, 23% free, 53MB/69MB, paused 598us total 26.207ms
08-06 02:32:14.557 13231 13327 I art     : Starting a blocking GC Explicit
08-06 02:32:14.585 13231 13327 I art     : Explicit concurrent mark sweep GC freed 9(320B) AllocSpace objects, 0(0B) LOS objects, 23% free, 53MB/69MB, paused 614us total 27.538ms
08-06 02:32:14.597 13231 13327 I art     : Starting a blocking GC Explicit
08-06 02:32:14.626 13231 13327 I art     : Explicit concurrent mark sweep GC freed 3(96B) AllocSpace objects, 0(0B) LOS objects, 23% free, 53MB/69MB, paused 615us total 28.485ms
08-06 02:32:14.962 13231 13243 I art     : Starting a blocking GC Explicit
08-06 02:32:15.002 13231 13243 I art     : Explicit concurrent mark sweep GC freed 1344(78KB) AllocSpace objects, 1(20KB) LOS objects, 23% free, 53MB/69MB, paused 678us total 39.737ms
08-06 02:32:15.017 13231 13243 I art     : Starting a blocking GC Explicit
08-06 02:32:15.050 13231 13243 I art     : Explicit concurrent mark sweep GC freed 20(704B) AllocSpace objects, 0(0B) LOS objects, 23% free, 53MB/69MB, paused 626us total 33.008ms
08-06 02:32:15.062 13231 13243 I art     : Starting a blocking GC Explicit
08-06 02:32:15.091 13231 13243 I art     : Explicit concurrent mark sweep GC freed 3(96B) AllocSpace objects, 0(0B) LOS objects, 23% free, 53MB/69MB, paused 619us total 29.111ms
08-06 02:32:15.103 13231 13243 I art     : Starting a blocking GC Explicit
08-06 02:32:15.135 13231 13243 I art     : Explicit concurrent mark sweep GC freed 3(96B) AllocSpace objects, 0(0B) LOS objects, 23% free, 53MB/69MB, paused 597us total 31.448ms
08-06 02:32:15.147 13231 13243 I art     : Starting a blocking GC Explicit
08-06 02:32:15.178 13231 13243 I art     : Explicit concurrent mark sweep GC freed 3(96B) AllocSpace objects, 0(0B) LOS objects, 23% free, 53MB/69MB, paused 597us total 31.321ms
08-06 02:32:15.514 13231 13244 I art     : Starting a blocking GC Explicit
08-06 02:32:15.556 13231 13244 I art     : Explicit concurrent mark sweep GC freed 1344(78KB) AllocSpace objects, 1(20KB) LOS objects, 23% free, 53MB/69MB, paused 690us total 41.188ms
08-06 02:32:15.572 13231 13244 I art     : Starting a blocking GC Explicit
08-06 02:32:15.603 13231 13244 I art     : Explicit concurrent mark sweep GC freed 20(704B) AllocSpace objects, 0(0B) LOS objects, 23% free, 53MB/69MB, paused 622us total 30.472ms
08-06 02:32:15.615 13231 13244 I art     : Starting a blocking GC Explicit
08-06 02:32:15.646 13231 13244 I art     : Explicit concurrent mark sweep GC freed 3(96B) AllocSpace objects, 0(0B) LOS objects, 23% free, 53MB/69MB, paused 629us total 31.331ms
08-06 02:32:15.658 13231 13244 I art     : Starting a blocking GC Explicit
08-06 02:32:15.689 13231 13244 I art     : Explicit concurrent mark sweep GC freed 3(96B) AllocSpace objects, 0(0B) LOS objects, 23% free, 53MB/69MB, paused 624us total 29.801ms
08-06 02:32:15.700 13231 13244 I art     : Starting a blocking GC Explicit
08-06 02:32:15.731 13231 13244 I art     : Explicit concurrent mark sweep GC freed 3(96B) AllocSpace objects, 0(0B) LOS objects, 23% free, 53MB/69MB, paused 637us total 30.739ms
08-06 02:32:16.064 13231 13260 I art     : Starting a blocking GC Explicit
08-06 02:32:16.102 13231 13260 I art     : Explicit concurrent mark sweep GC freed 1344(78KB) AllocSpace objects, 1(20KB) LOS objects, 23% free, 53MB/69MB, paused 653us total 37.213ms
08-06 02:32:16.116 13231 13260 I art     : Starting a blocking GC Explicit
08-06 02:32:16.148 13231 13260 I art     : Explicit concurrent mark sweep GC freed 20(704B) AllocSpace objects, 0(0B) LOS objects, 23% free, 53MB/69MB, paused 643us total 31.416ms
08-06 02:32:16.160 13231 13260 I art     : Starting a blocking GC Explicit
08-06 02:32:16.188 13231 13260 I art     : Explicit concurrent mark sweep GC freed 3(96B) AllocSpace objects, 0(0B) LOS objects, 23% free, 53MB/69MB, paused 617us total 28.375ms
08-06 02:32:16.200 13231 13260 I art     : Starting a blocking GC Explicit
08-06 02:32:16.232 13231 13260 I art     : Explicit concurrent mark sweep GC freed 3(96B) AllocSpace objects, 0(0B) LOS objects, 23% free, 53MB/69MB, paused 674us total 31.511ms
08-06 02:32:16.244 13231 13260 I art     : Starting a blocking GC Explicit
08-06 02:32:16.276 13231 13260 I art     : Explicit concurrent mark sweep GC freed 3(96B) AllocSpace objects, 0(0B) LOS objects, 23% free, 53MB/69MB, paused 643us total 31.751ms
08-06 02:32:16.566   918  3188 I hubconnection: sensorhub said: 'set_bias 3: -6.2400, 0.0000, 0.0000'
08-06 02:32:16.606 13231 13327 I art     : Starting a blocking GC Explicit
08-06 02:32:16.650 13231 13327 I art     : Explicit concurrent mark sweep GC freed 1344(78KB) AllocSpace objects, 1(20KB) LOS objects, 23% free, 53MB/69MB, paused 749us total 43.253ms
08-06 02:32:16.667 13231 13327 I art     : Starting a blocking GC Explicit
08-06 02:32:16.697 13231 13327 I art     : Explicit concurrent mark sweep GC freed 20(704B) AllocSpace objects, 0(0B) LOS objects, 23% free, 53MB/69MB, paused 771us total 29.946ms
08-06 02:32:16.709 13231 13327 I art     : Starting a blocking GC Explicit
08-06 02:32:16.741 13231 13327 I art     : Explicit concurrent mark sweep GC freed 3(96B) AllocSpace objects, 0(0B) LOS objects, 23% free, 53MB/69MB, paused 613us total 31.787ms
08-06 02:32:16.753 13231 13327 I art     : Starting a blocking GC Explicit
08-06 02:32:16.784 13231 13327 I art     : Explicit concurrent mark sweep GC freed 3(96B) AllocSpace objects, 0(0B) LOS objects, 23% free, 53MB/69MB, paused 594us total 30.763ms
08-06 02:32:16.796 13231 13327 I art     : Starting a blocking GC Explicit
08-06 02:32:16.827 13231 13327 I art     : Explicit concurrent mark sweep GC freed 3(96B) AllocSpace objects, 0(0B) LOS objects, 23% free, 53MB/69MB, paused 619us total 30.264ms
08-06 02:32:17.167 13231 13243 I art     : Starting a blocking GC Explicit
08-06 02:32:17.202 13231 13243 I art     : Explicit concurrent mark sweep GC freed 1344(78KB) AllocSpace objects, 1(20KB) LOS objects, 23% free, 53MB/69MB, paused 662us total 34.750ms
08-06 02:32:17.217 13231 13243 I art     : Starting a blocking GC Explicit
08-06 02:32:17.251 13231 13243 I art     : Explicit concurrent mark sweep GC freed 20(704B) AllocSpace objects, 0(0B) LOS objects, 23% free, 53MB/69MB, paused 659us total 34.262ms
08-06 02:32:17.263 13231 13243 I art     : Starting a blocking GC Explicit
08-06 02:32:17.287 13231 13243 I art     : Explicit concurrent mark sweep GC freed 3(96B) AllocSpace objects, 0(0B) LOS objects, 23% free, 53MB/69MB, paused 617us total 24.008ms
08-06 02:32:17.292   518   646 I ThermalEngine: ACTION: GPU - Setting GPU[0] to 510000000
08-06 02:32:17.298 13231 13243 I art     : Starting a blocking GC Explicit
08-06 02:32:17.323 13231 13243 I art     : Explicit concurrent mark sweep GC freed 3(96B) AllocSpace objects, 0(0B) LOS objects, 23% free, 53MB/69MB, paused 608us total 24.930ms
08-06 02:32:17.332 13231 13243 I art     : Starting a blocking GC Explicit
08-06 02:32:17.353 13231 13243 I art     : Explicit concurrent mark sweep GC freed 3(96B) AllocSpace objects, 0(0B) LOS objects, 23% free, 53MB/69MB, paused 436us total 20.687ms
08-06 02:32:17.670 13231 13244 I art     : Starting a blocking GC Explicit
08-06 02:32:17.681 15765 15765 D AndroidRuntime: >>>>>> START com.android.internal.os.RuntimeInit uid 2000 <<<<<<
08-06 02:32:17.687 15765 15765 D AndroidRuntime: CheckJNI is OFF
08-06 02:32:17.698 13231 13244 I art     : Explicit concurrent mark sweep GC freed 1344(78KB) AllocSpace objects, 1(20KB) LOS objects, 23% free, 53MB/69MB, paused 497us total 27.896ms
08-06 02:32:17.707 13231 13244 I art     : Starting a blocking GC Explicit
08-06 02:32:17.724 15765 15765 D ICU     : No timezone override file found: /data/misc/zoneinfo/current/icu/icu_tzdata.dat
08-06 02:32:17.729 13231 13244 I art     : Explicit concurrent mark sweep GC freed 20(704B) AllocSpace objects, 0(0B) LOS objects, 23% free, 53MB/69MB, paused 474us total 22.115ms
08-06 02:32:17.739 13231 13244 I art     : Starting a blocking GC Explicit
08-06 02:32:17.758 15765 15765 I Radio-JNI: register_android_hardware_Radio DONE
08-06 02:32:17.761 13231 13244 I art     : Explicit concurrent mark sweep GC freed 3(96B) AllocSpace objects, 0(0B) LOS objects, 23% free, 53MB/69MB, paused 512us total 22.123ms
08-06 02:32:17.770 13231 13244 I art     : Starting a blocking GC Explicit
08-06 02:32:17.782 15765 15765 D AndroidRuntime: Calling main entry com.android.commands.input.Input
08-06 02:32:17.783 15765 15765 I Input   : injectKeyEvent: KeyEvent { action=ACTION_DOWN, keyCode=KEYCODE_BACK, scanCode=0, metaState=0, flags=0x0, repeatCount=0, eventTime=844354196, downTime=844354196, deviceId=-1, source=0x101 }
08-06 02:32:17.789 15765 15765 I Input   : injectKeyEvent: KeyEvent { action=ACTION_UP, keyCode=KEYCODE_BACK, scanCode=0, metaState=0, flags=0x0, repeatCount=0, eventTime=844354196, downTime=844354196, deviceId=-1, source=0x101 }
08-06 02:32:17.792 13231 13244 I art     : Explicit concurrent mark sweep GC freed 5(208B) AllocSpace objects, 0(0B) LOS objects, 23% free, 53MB/69MB, paused 615us total 21.913ms
08-06 02:32:17.796 15765 15765 D AndroidRuntime: Shutting down VM
08-06 02:32:17.801 13231 13244 I art     : Starting a blocking GC Explicit
08-06 02:32:17.822 13231 13244 I art     : Explicit concurrent mark sweep GC freed 103(5KB) AllocSpace objects, 0(0B) LOS objects, 23% free, 53MB/69MB, paused 458us total 21.387ms
08-06 02:32:17.841 13866 13866 I GoogleInputMethodServic: GoogleInputMethodService.onFinishInput():3138 
08-06 02:32:17.841 13866 13866 I GoogleInputMethodServic: GoogleInputMethodService.onStartInput():1808 
08-06 02:32:18.095 13231 13243 I art     : Starting a blocking GC Explicit
08-06 02:32:18.122 13231 13243 I art     : Explicit concurrent mark sweep GC freed 1380(79KB) AllocSpace objects, 1(20KB) LOS objects, 23% free, 53MB/69MB, paused 428us total 26.442ms
08-06 02:32:18.131 13231 13243 I art     : Starting a blocking GC Explicit
08-06 02:32:18.132   380   380 W SurfaceFlinger: couldn't log to binary event log: overflow.
08-06 02:32:18.153 13231 13243 I art     : Explicit concurrent mark sweep GC freed 144(9KB) AllocSpace objects, 0(0B) LOS objects, 23% free, 53MB/69MB, paused 455us total 22.476ms
08-06 02:32:18.162 13231 13243 I art     : Starting a blocking GC Explicit
08-06 02:32:18.182 13231 13243 I art     : Explicit concurrent mark sweep GC freed 4682(268KB) AllocSpace objects, 2(140KB) LOS objects, 23% free, 52MB/68MB, paused 438us total 20.198ms
08-06 02:32:18.190 13231 13243 I art     : Starting a blocking GC Explicit
08-06 02:32:18.211 13231 13243 I art     : Explicit concurrent mark sweep GC freed 3(96B) AllocSpace objects, 0(0B) LOS objects, 23% free, 52MB/68MB, paused 452us total 20.828ms
08-06 02:32:18.220 13231 13243 I art     : Starting a blocking GC Explicit
08-06 02:32:18.240 13231 13243 I art     : Explicit concurrent mark sweep GC freed 3(96B) AllocSpace objects, 0(0B) LOS objects, 23% free, 52MB/68MB, paused 455us total 20.294ms
08-06 02:32:18.544 13231 13244 I art     : Starting a blocking GC Explicit
08-06 02:32:18.574 13231 13244 I art     : Explicit concurrent mark sweep GC freed 1344(78KB) AllocSpace objects, 1(20KB) LOS objects, 23% free, 52MB/68MB, paused 512us total 29.925ms
08-06 02:32:18.586 13231 13244 I art     : Starting a blocking GC Explicit
08-06 02:32:18.609 13231 13244 I art     : Explicit concurrent mark sweep GC freed 20(704B) AllocSpace objects, 0(0B) LOS objects, 23% free, 52MB/68MB, paused 480us total 22.234ms
08-06 02:32:18.618 13231 13244 I art     : Starting a blocking GC Explicit
08-06 02:32:18.640 13231 13244 I art     : Explicit concurrent mark sweep GC freed 3(96B) AllocSpace objects, 0(0B) LOS objects, 23% free, 52MB/68MB, paused 476us total 21.709ms
08-06 02:32:18.649 13231 13244 I art     : Starting a blocking GC Explicit
08-06 02:32:18.671 13231 13244 I art     : Explicit concurrent mark sweep GC freed 3(96B) AllocSpace objects, 0(0B) LOS objects, 23% free, 52MB/68MB, paused 518us total 21.781ms
08-06 02:32:18.680 13231 13244 I art     : Starting a blocking GC Explicit
08-06 02:32:18.701 13231 13244 I art     : Explicit concurrent mark sweep GC freed 3(96B) AllocSpace objects, 0(0B) LOS objects, 23% free, 52MB/68MB, paused 465us total 20.965ms
08-06 02:32:18.994 13231 13327 I art     : Starting a blocking GC Explicit
08-06 02:32:19.025 13231 13327 I art     : Explicit concurrent mark sweep GC freed 1343(78KB) AllocSpace objects, 1(20KB) LOS objects, 23% free, 52MB/68MB, paused 507us total 30.083ms
08-06 02:32:19.038 13231 13327 I art     : Starting a blocking GC Explicit
08-06 02:32:19.058 13231 13327 I art     : Explicit concurrent mark sweep GC freed 20(704B) AllocSpace objects, 0(0B) LOS objects, 23% free, 52MB/68MB, paused 442us total 20.224ms
08-06 02:32:19.067 13231 13327 I art     : Starting a blocking GC Explicit
08-06 02:32:19.088 13231 13327 I art     : Explicit concurrent mark sweep GC freed 3(96B) AllocSpace objects, 0(0B) LOS objects, 23% free, 52MB/68MB, paused 484us total 21.003ms
08-06 02:32:19.096 13231 13327 I art     : Starting a blocking GC Explicit
08-06 02:32:19.117 13231 13327 I art     : Explicit concurrent mark sweep GC freed 3(96B) AllocSpace objects, 0(0B) LOS objects, 23% free, 52MB/68MB, paused 571us total 20.500ms
08-06 02:32:19.125 13231 13327 I art     : Starting a blocking GC Explicit
08-06 02:32:19.146 13231 13327 I art     : Explicit concurrent mark sweep GC freed 3(96B) AllocSpace objects, 0(0B) LOS objects, 23% free, 52MB/68MB, paused 458us total 19.955ms
08-06 02:32:19.417 13231 13260 I art     : Starting a blocking GC Explicit
08-06 02:32:19.440 13231 13260 I art     : Explicit concurrent mark sweep GC freed 1344(78KB) AllocSpace objects, 1(20KB) LOS objects, 23% free, 52MB/68MB, paused 483us total 22.295ms
08-06 02:32:19.449 13231 13260 I art     : Starting a blocking GC Explicit
08-06 02:32:19.461 15818 15818 D AndroidRuntime: >>>>>> START com.android.internal.os.RuntimeInit uid 2000 <<<<<<
08-06 02:32:19.465 15818 15818 D AndroidRuntime: CheckJNI is OFF
08-06 02:32:19.469 13231 13260 I art     : Explicit concurrent mark sweep GC freed 24(832B) AllocSpace objects, 0(0B) LOS objects, 23% free, 52MB/68MB, paused 471us total 19.771ms
08-06 02:32:19.478 13231 13260 I art     : Starting a blocking GC Explicit
08-06 02:32:19.496 13231 13260 I art     : Explicit concurrent mark sweep GC freed 6(192B) AllocSpace objects, 0(0B) LOS objects, 23% free, 52MB/68MB, paused 462us total 18.418ms
08-06 02:32:19.496 13231 13241 I art     : WaitForGcToComplete blocked for 18.614ms for cause HeapTrim
08-06 02:32:19.498 15818 15818 D ICU     : No timezone override file found: /data/misc/zoneinfo/current/icu/icu_tzdata.dat
08-06 02:32:19.505 13231 13260 I art     : Starting a blocking GC Explicit
08-06 02:32:19.525 13231 13260 I art     : Explicit concurrent mark sweep GC freed 6(192B) AllocSpace objects, 0(0B) LOS objects, 23% free, 52MB/68MB, paused 530us total 19.478ms
08-06 02:32:19.530 15818 15818 I Radio-JNI: register_android_hardware_Radio DONE
08-06 02:32:19.533 13231 13260 I art     : Starting a blocking GC Explicit
08-06 02:32:19.552 15818 15818 D AndroidRuntime: Calling main entry com.android.commands.input.Input
08-06 02:32:19.552 13231 13260 I art     : Explicit concurrent mark sweep GC freed 6(192B) AllocSpace objects, 0(0B) LOS objects, 23% free, 52MB/68MB, paused 464us total 19.239ms
08-06 02:32:19.554 15818 15818 I Input   : injectKeyEvent: KeyEvent { action=ACTION_DOWN, keyCode=KEYCODE_BACK, scanCode=0, metaState=0, flags=0x0, repeatCount=0, eventTime=844355967, downTime=844355967, deviceId=-1, source=0x101 }
08-06 02:32:19.561 15818 15818 I Input   : injectKeyEvent: KeyEvent { action=ACTION_UP, keyCode=KEYCODE_BACK, scanCode=0, metaState=0, flags=0x0, repeatCount=0, eventTime=844355967, downTime=844355967, deviceId=-1, source=0x101 }
08-06 02:32:19.569 15818 15818 D AndroidRuntime: Shutting down VM
08-06 02:32:19.646 13866 13866 I GoogleInputMethodServic: GoogleInputMethodService.onFinishInput():3138 
08-06 02:32:19.647 13866 13866 I GoogleInputMethodServic: GoogleInputMethodService.onStartInput():1808 
08-06 02:32:19.798 13231 13243 I art     : Starting a blocking GC Explicit
08-06 02:32:19.825 13231 13243 I art     : Explicit concurrent mark sweep GC freed 1547(87KB) AllocSpace objects, 1(20KB) LOS objects, 23% free, 52MB/68MB, paused 515us total 26.765ms
08-06 02:32:19.835 13231 13243 I art     : Starting a blocking GC Explicit
08-06 02:32:19.862 13231 13243 I art     : Explicit concurrent mark sweep GC freed 24(864B) AllocSpace objects, 0(0B) LOS objects, 23% free, 52MB/68MB, paused 417us total 26.585ms
08-06 02:32:19.871 13231 13243 I art     : Starting a blocking GC Explicit
08-06 02:32:19.897 13231 13243 I art     : Explicit concurrent mark sweep GC freed 3(96B) AllocSpace objects, 0(0B) LOS objects, 23% free, 52MB/68MB, paused 503us total 26.132ms
08-06 02:32:19.908 13231 13243 I art     : Starting a blocking GC Explicit
08-06 02:32:19.929 13231 13243 I art     : Explicit concurrent mark sweep GC freed 3(96B) AllocSpace objects, 0(0B) LOS objects, 23% free, 52MB/68MB, paused 446us total 21.170ms
08-06 02:32:19.934   380   380 W SurfaceFlinger: couldn't log to binary event log: overflow.
08-06 02:32:19.938 13231 13243 I art     : Starting a blocking GC Explicit
08-06 02:32:19.958 13231 13243 I art     : Explicit concurrent mark sweep GC freed 118(8KB) AllocSpace objects, 0(0B) LOS objects, 23% free, 52MB/68MB, paused 413us total 20.029ms
08-06 02:32:20.259 13231 13327 I art     : Starting a blocking GC Explicit
08-06 02:32:20.290 13231 13327 I art     : Explicit concurrent mark sweep GC freed 1459(84KB) AllocSpace objects, 1(20KB) LOS objects, 23% free, 52MB/68MB, paused 511us total 30.836ms
08-06 02:32:20.300   518   646 I ThermalEngine: ACTION: GPU - Setting GPU[0] to 450000000
08-06 02:32:20.307 13231 13327 I art     : Starting a blocking GC Explicit
08-06 02:32:20.333 13231 13327 I art     : Explicit concurrent mark sweep GC freed 1983(116KB) AllocSpace objects, 3(340KB) LOS objects, 23% free, 52MB/68MB, paused 598us total 26.064ms
08-06 02:32:20.344 13231 13327 I art     : Starting a blocking GC Explicit
08-06 02:32:20.371 13231 13327 I art     : Explicit concurrent mark sweep GC freed 3(96B) AllocSpace objects, 0(0B) LOS objects, 23% free, 52MB/68MB, paused 627us total 26.468ms
08-06 02:32:20.382 13231 13327 I art     : Starting a blocking GC Explicit
08-06 02:32:20.409 13231 13327 I art     : Explicit concurrent mark sweep GC freed 3(96B) AllocSpace objects, 0(0B) LOS objects, 23% free, 52MB/68MB, paused 613us total 26.436ms
08-06 02:32:20.420 13231 13327 I art     : Starting a blocking GC Explicit
08-06 02:32:20.446 13231 13327 I art     : Explicit concurrent mark sweep GC freed 3(96B) AllocSpace objects, 0(0B) LOS objects, 23% free, 52MB/68MB, paused 622us total 26.234ms
08-06 02:32:20.755 13231 13244 I art     : Starting a blocking GC Explicit
08-06 02:32:20.788 13231 13244 I art     : Explicit concurrent mark sweep GC freed 1344(78KB) AllocSpace objects, 1(20KB) LOS objects, 23% free, 52MB/68MB, paused 816us total 32.795ms
08-06 02:32:20.803 13231 13244 I art     : Starting a blocking GC Explicit
08-06 02:32:20.828 13231 13244 I art     : Explicit concurrent mark sweep GC freed 20(704B) AllocSpace objects, 0(0B) LOS objects, 23% free, 52MB/68MB, paused 667us total 25.428ms
08-06 02:32:20.840 13231 13244 I art     : Starting a blocking GC Explicit
08-06 02:32:20.864 13231 13244 I art     : Explicit concurrent mark sweep GC freed 3(96B) AllocSpace objects, 0(0B) LOS objects, 23% free, 52MB/68MB, paused 640us total 24.288ms
08-06 02:32:20.875 13231 13244 I art     : Starting a blocking GC Explicit
08-06 02:32:20.900 13231 13244 I art     : Explicit concurrent mark sweep GC freed 3(96B) AllocSpace objects, 0(0B) LOS objects, 23% free, 52MB/68MB, paused 621us total 24.727ms
08-06 02:32:20.910 13231 13244 I art     : Starting a blocking GC Explicit
08-06 02:32:20.935 13231 13244 I art     : Explicit concurrent mark sweep GC freed 16(704B) AllocSpace objects, 0(0B) LOS objects, 23% free, 52MB/68MB, paused 635us total 24.503ms
08-06 02:32:21.232 13231 13260 I art     : Starting a blocking GC Explicit
08-06 02:32:21.264 13231 13260 I art     : Explicit concurrent mark sweep GC freed 1355(78KB) AllocSpace objects, 1(20KB) LOS objects, 23% free, 52MB/68MB, paused 659us total 31.223ms
08-06 02:32:21.276 13231 13260 I art     : Starting a blocking GC Explicit
08-06 02:32:21.301 13231 13260 I art     : Explicit concurrent mark sweep GC freed 20(704B) AllocSpace objects, 0(0B) LOS objects, 23% free, 52MB/68MB, paused 625us total 24.888ms
08-06 02:32:21.312 13231 13260 I art     : Starting a blocking GC Explicit
08-06 02:32:21.337 13231 13260 I art     : Explicit concurrent mark sweep GC freed 3(96B) AllocSpace objects, 0(0B) LOS objects, 23% free, 52MB/68MB, paused 745us total 25.041ms
08-06 02:32:21.345 15874 15874 D AndroidRuntime: >>>>>> START com.android.internal.os.RuntimeInit uid 2000 <<<<<<
08-06 02:32:21.348 13231 13260 I art     : Starting a blocking GC Explicit
08-06 02:32:21.351 15874 15874 D AndroidRuntime: CheckJNI is OFF
08-06 02:32:21.374 13231 13260 I art     : Explicit concurrent mark sweep GC freed 3(96B) AllocSpace objects, 0(0B) LOS objects, 23% free, 52MB/68MB, paused 623us total 25.989ms
08-06 02:32:21.385 13231 13260 I art     : Starting a blocking GC Explicit
08-06 02:32:21.399 15874 15874 D ICU     : No timezone override file found: /data/misc/zoneinfo/current/icu/icu_tzdata.dat
08-06 02:32:21.412 13231 13260 I art     : Explicit concurrent mark sweep GC freed 3(96B) AllocSpace objects, 0(0B) LOS objects, 23% free, 52MB/68MB, paused 676us total 26.408ms
08-06 02:32:21.446 15874 15874 I Radio-JNI: register_android_hardware_Radio DONE
08-06 02:32:21.475 15874 15874 D AndroidRuntime: Calling main entry com.android.commands.input.Input
08-06 02:32:21.478 15874 15874 I Input   : injectMotionEvent: MotionEvent { action=ACTION_DOWN, actionButton=0, id[0]=0, x[0]=1053.0, y[0]=1173.0, toolType[0]=TOOL_TYPE_UNKNOWN, buttonState=0, metaState=0, flags=0x0, edgeFlags=0x0, pointerCount=1, historySize=0, eventTime=844357890, downTime=844357890, deviceId=0, source=0x1002 }
08-06 02:32:21.486 15874 15874 I Input   : injectMotionEvent: MotionEvent { action=ACTION_UP, actionButton=0, id[0]=0, x[0]=1053.0, y[0]=1173.0, toolType[0]=TOOL_TYPE_UNKNOWN, buttonState=0, metaState=0, flags=0x0, edgeFlags=0x0, pointerCount=1, historySize=0, eventTime=844357890, downTime=844357890, deviceId=0, source=0x1002 }
08-06 02:32:21.488   918  3961 I ActivityManager: START u0 {cmp=baseline.appteam.nith.hillffair/.activities.QuizActivity} from uid 10697 on display 0
08-06 02:32:21.499 15874 15874 D AndroidRuntime: Shutting down VM
08-06 02:32:21.595 13866 13866 I GoogleInputMethodServic: GoogleInputMethodService.onFinishInput():3138 
08-06 02:32:21.596 13866 13866 I GoogleInputMethodServic: GoogleInputMethodService.onStartInput():1808 
08-06 02:32:21.596   918   936 I ActivityManager: Displayed baseline.appteam.nith.hillffair/.activities.QuizActivity: +95ms
08-06 02:32:21.697 13231 13244 I art     : Starting a blocking GC Explicit
08-06 02:32:21.725 13231 13244 I art     : Explicit concurrent mark sweep GC freed 2150(133KB) AllocSpace objects, 1(20KB) LOS objects, 23% free, 52MB/68MB, paused 866us total 27.489ms
08-06 02:32:21.741 13231 13244 I art     : Starting a blocking GC Explicit
08-06 02:32:21.768 13231 13244 I art     : Explicit concurrent mark sweep GC freed 187(8KB) AllocSpace objects, 0(0B) LOS objects, 23% free, 52MB/68MB, paused 606us total 26.789ms
08-06 02:32:21.780 13231 13244 I art     : Starting a blocking GC Explicit
08-06 02:32:21.812 13231 13244 I art     : Explicit concurrent mark sweep GC freed 3(96B) AllocSpace objects, 0(0B) LOS objects, 23% free, 52MB/68MB, paused 617us total 31.422ms
08-06 02:32:21.825 13231 13244 I art     : Starting a blocking GC Explicit
08-06 02:32:21.854   380   380 W SurfaceFlinger: couldn't log to binary event log: overflow.
08-06 02:32:21.861 13231 13244 I art     : Explicit concurrent mark sweep GC freed 3(96B) AllocSpace objects, 0(0B) LOS objects, 23% free, 52MB/68MB, paused 630us total 34.958ms
08-06 02:32:21.874 13231 13244 I art     : Starting a blocking GC Explicit
08-06 02:32:21.898 13231 13244 I art     : Explicit concurrent mark sweep GC freed 3(96B) AllocSpace objects, 0(0B) LOS objects, 23% free, 52MB/68MB, paused 580us total 23.407ms
08-06 02:32:22.194 13231 13260 I art     : Starting a blocking GC Explicit
08-06 02:32:22.226 13231 13260 I art     : Explicit concurrent mark sweep GC freed 1413(82KB) AllocSpace objects, 1(20KB) LOS objects, 23% free, 52MB/68MB, paused 637us total 31.797ms
08-06 02:32:22.239 13231 13260 I art     : Starting a blocking GC Explicit
08-06 02:32:22.266 13231 13260 I art     : Explicit concurrent mark sweep GC freed 20(704B) AllocSpace objects, 0(0B) LOS objects, 23% free, 52MB/68MB, paused 616us total 26.894ms
08-06 02:32:22.277 13231 13260 I art     : Starting a blocking GC Explicit
08-06 02:32:22.303 13231 13260 I art     : Explicit concurrent mark sweep GC freed 3(96B) AllocSpace objects, 0(0B) LOS objects, 23% free, 52MB/68MB, paused 554us total 25.311ms
08-06 02:32:22.313 13231 13260 I art     : Starting a blocking GC Explicit
08-06 02:32:22.338 13231 13260 I art     : Explicit concurrent mark sweep GC freed 3(96B) AllocSpace objects, 0(0B) LOS objects, 23% free, 52MB/68MB, paused 608us total 24.728ms
08-06 02:32:22.349 13231 13260 I art     : Starting a blocking GC Explicit
08-06 02:32:22.375 13231 13260 I art     : Explicit concurrent mark sweep GC freed 3(96B) AllocSpace objects, 0(0B) LOS objects, 23% free, 52MB/68MB, paused 596us total 26.046ms
08-06 02:32:22.674 13231 13327 I art     : Starting a blocking GC Explicit
08-06 02:32:22.712 13231 13327 I art     : Explicit concurrent mark sweep GC freed 1343(78KB) AllocSpace objects, 1(20KB) LOS objects, 23% free, 52MB/68MB, paused 668us total 37.596ms
08-06 02:32:22.725 13231 13327 I art     : Starting a blocking GC Explicit
08-06 02:32:22.753 13231 13327 I art     : Explicit concurrent mark sweep GC freed 20(704B) AllocSpace objects, 0(0B) LOS objects, 23% free, 52MB/68MB, paused 592us total 26.874ms
08-06 02:32:22.764 13231 13327 I art     : Starting a blocking GC Explicit
08-06 02:32:22.791 13231 13327 I art     : Explicit concurrent mark sweep GC freed 3(96B) AllocSpace objects, 0(0B) LOS objects, 23% free, 52MB/68MB, paused 576us total 27.305ms
08-06 02:32:22.803 13231 13327 I art     : Starting a blocking GC Explicit
08-06 02:32:22.830 13231 13327 I art     : Explicit concurrent mark sweep GC freed 3(96B) AllocSpace objects, 0(0B) LOS objects, 23% free, 52MB/68MB, paused 586us total 26.860ms
08-06 02:32:22.841 13231 13327 I art     : Starting a blocking GC Explicit
08-06 02:32:22.867 13231 13327 I art     : Explicit concurrent mark sweep GC freed 3(96B) AllocSpace objects, 0(0B) LOS objects, 23% free, 52MB/68MB, paused 573us total 25.501ms
08-06 02:32:23.173 13231 13260 I art     : Starting a blocking GC Explicit
08-06 02:32:23.199 13231 13260 I art     : Explicit concurrent mark sweep GC freed 1350(78KB) AllocSpace objects, 1(20KB) LOS objects, 23% free, 52MB/68MB, paused 588us total 25.265ms
08-06 02:32:23.209 13231 13260 I art     : Starting a blocking GC Explicit
08-06 02:32:23.235 13231 13260 I art     : Explicit concurrent mark sweep GC freed 24(832B) AllocSpace objects, 0(0B) LOS objects, 23% free, 52MB/68MB, paused 615us total 25.444ms
08-06 02:32:23.245 13231 13260 I art     : Starting a blocking GC Explicit
08-06 02:32:23.270 13231 13260 I art     : Explicit concurrent mark sweep GC freed 8(256B) AllocSpace objects, 0(0B) LOS objects, 23% free, 52MB/68MB, paused 582us total 24.937ms
08-06 02:32:23.282 13231 13260 I art     : Starting a blocking GC Explicit
08-06 02:32:23.309 13231 13260 I art     : Explicit concurrent mark sweep GC freed 8(256B) AllocSpace objects, 0(0B) LOS objects, 23% free, 52MB/68MB, paused 558us total 26.634ms
08-06 02:32:23.320 13231 13260 I art     : Starting a blocking GC Explicit
08-06 02:32:23.346 13231 13260 I art     : Explicit concurrent mark sweep GC freed 7(224B) AllocSpace objects, 0(0B) LOS objects, 23% free, 52MB/68MB, paused 561us total 25.695ms
08-06 02:32:23.676 13231 13244 I art     : Starting a blocking GC Explicit
08-06 02:32:23.710 13231 13244 I art     : Explicit concurrent mark sweep GC freed 1348(78KB) AllocSpace objects, 1(20KB) LOS objects, 23% free, 52MB/68MB, paused 670us total 33.577ms
08-06 02:32:23.724 13231 13244 I art     : Starting a blocking GC Explicit
08-06 02:32:23.755 13231 13244 I art     : Explicit concurrent mark sweep GC freed 20(704B) AllocSpace objects, 0(0B) LOS objects, 23% free, 52MB/68MB, paused 575us total 30.707ms
08-06 02:32:23.766 13231 13244 I art     : Starting a blocking GC Explicit
08-06 02:32:23.792 13231 13244 I art     : Explicit concurrent mark sweep GC freed 3(96B) AllocSpace objects, 0(0B) LOS objects, 23% free, 52MB/68MB, paused 590us total 25.320ms
08-06 02:32:23.803 13231 13244 I art     : Starting a blocking GC Explicit
08-06 02:32:23.828 13231 13244 I art     : Explicit concurrent mark sweep GC freed 3(96B) AllocSpace objects, 0(0B) LOS objects, 23% free, 52MB/68MB, paused 620us total 25.558ms
08-06 02:32:23.839 13231 13244 I art     : Starting a blocking GC Explicit
08-06 02:32:23.865 13231 13244 I art     : Explicit concurrent mark sweep GC freed 3(96B) AllocSpace objects, 0(0B) LOS objects, 23% free, 52MB/68MB, paused 617us total 25.405ms
08-06 02:32:24.190 13231 13327 I art     : Starting a blocking GC Explicit
08-06 02:32:24.221 13231 13327 I art     : Explicit concurrent mark sweep GC freed 1343(78KB) AllocSpace objects, 1(20KB) LOS objects, 23% free, 52MB/68MB, paused 672us total 31.221ms
08-06 02:32:24.235 13231 13327 I art     : Starting a blocking GC Explicit
08-06 02:32:24.263 13231 13327 I art     : Explicit concurrent mark sweep GC freed 20(704B) AllocSpace objects, 0(0B) LOS objects, 23% free, 52MB/68MB, paused 588us total 27.672ms
08-06 02:32:24.275 13231 13327 I art     : Starting a blocking GC Explicit
08-06 02:32:24.292 15990 15990 D AndroidRuntime: >>>>>> START com.android.internal.os.RuntimeInit uid 2000 <<<<<<
08-06 02:32:24.298 15990 15990 D AndroidRuntime: CheckJNI is OFF
08-06 02:32:24.302 13231 13327 I art     : Explicit concurrent mark sweep GC freed 3(96B) AllocSpace objects, 0(0B) LOS objects, 23% free, 52MB/68MB, paused 598us total 27.355ms
08-06 02:32:24.313 13231 13327 I art     : Starting a blocking GC Explicit
08-06 02:32:24.340 13231 13327 I art     : Explicit concurrent mark sweep GC freed 3(96B) AllocSpace objects, 0(0B) LOS objects, 23% free, 52MB/68MB, paused 644us total 26.578ms
08-06 02:32:24.344 15990 15990 D ICU     : No timezone override file found: /data/misc/zoneinfo/current/icu/icu_tzdata.dat
08-06 02:32:24.351 13231 13327 I art     : Starting a blocking GC Explicit
08-06 02:32:24.377 13231 13327 I art     : Explicit concurrent mark sweep GC freed 3(96B) AllocSpace objects, 0(0B) LOS objects, 23% free, 52MB/68MB, paused 679us total 25.925ms
08-06 02:32:24.392 15990 15990 I Radio-JNI: register_android_hardware_Radio DONE
08-06 02:32:24.420 15990 15990 D AndroidRuntime: Calling main entry com.android.commands.input.Input
08-06 02:32:24.422 15990 15990 I Input   : injectMotionEvent: MotionEvent { action=ACTION_DOWN, actionButton=0, id[0]=0, x[0]=756.0, y[0]=1530.0, toolType[0]=TOOL_TYPE_UNKNOWN, buttonState=0, metaState=0, flags=0x0, edgeFlags=0x0, pointerCount=1, historySize=0, eventTime=844360835, downTime=844360835, deviceId=0, source=0x1002 }
08-06 02:32:24.428 15990 15990 I Input   : injectMotionEvent: MotionEvent { action=ACTION_UP, actionButton=0, id[0]=0, x[0]=756.0, y[0]=1530.0, toolType[0]=TOOL_TYPE_UNKNOWN, buttonState=0, metaState=0, flags=0x0, edgeFlags=0x0, pointerCount=1, historySize=0, eventTime=844360835, downTime=844360835, deviceId=0, source=0x1002 }
08-06 02:32:24.430 15990 15990 D AndroidRuntime: Shutting down VM
08-06 02:32:24.443   918  3359 I ActivityManager: START u0 {cmp=baseline.appteam.nith.hillffair/.activities.LeaderBoardActivity} from uid 10697 on display 0
08-06 02:32:24.445   512  2967 D audio_hw_primary: out_set_parameters: enter: usecase(1: low-latency-playback) kvpairs: routing=2
08-06 02:32:24.458   512  2967 D audio_hw_primary: select_devices: out_snd_device(2: speaker) in_snd_device(0: none)
08-06 02:32:24.458   512  2967 D msm8974_platform: platform_send_audio_calibration: sending audio calibration for snd_device(2) acdb_id(15)
08-06 02:32:24.458   512  2967 I soundtrigger: audio_extn_sound_trigger_update_device_status: device 0x2 of type 0 for Event 1
08-06 02:32:24.474   512  2967 D audio_hw_primary: enable_snd_device: snd_device(2: speaker)
08-06 02:32:24.477   512  2967 D audio_hw_primary: enable_audio_route: apply and update mixer path: low-latency-playback speaker
08-06 02:32:24.543 13231 13231 E RecyclerView: No adapter attached; skipping layout
08-06 02:32:24.549 13231 13231 E RecyclerView: No adapter attached; skipping layout
08-06 02:32:24.569   918   936 I ActivityManager: Displayed baseline.appteam.nith.hillffair/.activities.LeaderBoardActivity: +115ms
08-06 02:32:24.570 13866 13866 I GoogleInputMethodServic: GoogleInputMethodService.onFinishInput():3138 
08-06 02:32:24.570 13866 13866 I GoogleInputMethodServic: GoogleInputMethodService.onStartInput():1808 
08-06 02:32:24.570 13231 13231 E RecyclerView: No adapter attached; skipping layout
08-06 02:32:24.612 13231 13257 D OpenGLRenderer: endAllStagingAnimators on 0x7f8053f000 (RippleDrawable) with handle 0x7f7ee0f4e0
08-06 02:32:24.671 13231 13327 I art     : Starting a blocking GC Explicit
08-06 02:32:24.698 13231 13327 I art     : Explicit concurrent mark sweep GC freed 6677(403KB) AllocSpace objects, 1(20KB) LOS objects, 23% free, 53MB/69MB, paused 616us total 26.164ms
08-06 02:32:24.710 13231 13327 I art     : Starting a blocking GC Explicit
08-06 02:32:24.744 13231 13327 I art     : Explicit concurrent mark sweep GC freed 276(11KB) AllocSpace objects, 0(0B) LOS objects, 23% free, 52MB/68MB, paused 656us total 33.166ms
08-06 02:32:24.757 13231 13327 I art     : Starting a blocking GC Explicit
08-06 02:32:24.788 13231 13327 I art     : Explicit concurrent mark sweep GC freed 5(160B) AllocSpace objects, 0(0B) LOS objects, 23% free, 52MB/68MB, paused 810us total 29.809ms
08-06 02:32:24.801 13231 13327 I art     : Starting a blocking GC Explicit
08-06 02:32:24.823   380   380 W SurfaceFlinger: couldn't log to binary event log: overflow.
08-06 02:32:24.833 13231 13327 I art     : Explicit concurrent mark sweep GC freed 6(192B) AllocSpace objects, 0(0B) LOS objects, 23% free, 52MB/68MB, paused 677us total 31.259ms
08-06 02:32:24.845 13231 13327 I art     : Starting a blocking GC Explicit
08-06 02:32:24.869 13231 13327 I art     : Explicit concurrent mark sweep GC freed 5(160B) AllocSpace objects, 0(0B) LOS objects, 23% free, 52MB/68MB, paused 647us total 24.348ms
08-06 02:32:25.018   512  2967 D audio_hw_primary: disable_audio_route: reset and update mixer path: low-latency-playback speaker
08-06 02:32:25.019   512  2967 D audio_hw_primary: disable_snd_device: snd_device(2: speaker)
08-06 02:32:25.027   512  2967 I soundtrigger: audio_extn_sound_trigger_update_device_status: device 0x2 of type 0 for Event 0
08-06 02:32:25.168 13231 13327 I art     : Starting a blocking GC Explicit
08-06 02:32:25.196 13231 13327 I art     : Explicit concurrent mark sweep GC freed 1537(88KB) AllocSpace objects, 1(20KB) LOS objects, 23% free, 53MB/69MB, paused 683us total 27.792ms
08-06 02:32:25.208 13231 13327 I art     : Starting a blocking GC Explicit
08-06 02:32:25.234 13231 13327 I art     : Explicit concurrent mark sweep GC freed 64(2176B) AllocSpace objects, 0(0B) LOS objects, 23% free, 53MB/69MB, paused 650us total 25.752ms
08-06 02:32:25.244 13231 13327 I art     : Starting a blocking GC Explicit
08-06 02:32:25.271 13231 13327 I art     : Explicit concurrent mark sweep GC freed 13(480B) AllocSpace objects, 0(0B) LOS objects, 23% free, 53MB/69MB, paused 682us total 26.402ms
08-06 02:32:25.282 13231 13327 I art     : Starting a blocking GC Explicit
08-06 02:32:25.310 13231 13327 I art     : Explicit concurrent mark sweep GC freed 719(58KB) AllocSpace objects, 2(120KB) LOS objects, 23% free, 53MB/69MB, paused 1.957ms total 28.141ms
08-06 02:32:25.321 13231 13327 I art     : Starting a blocking GC Explicit
08-06 02:32:25.337 13231 16018 D OkHttp  : --> GET https://api-hillfair-2k16.herokuapp.com/api/app/quiz/leaderboard?from=1 http/1.1
08-06 02:32:25.349 13231 13327 I art     : Explicit concurrent mark sweep GC freed 2133(83KB) AllocSpace objects, 0(0B) LOS objects, 23% free, 53MB/69MB, paused 758us total 28.052ms
08-06 02:32:25.370 13231 16018 D OkHttp  : <-- 200 OK https://api-hillfair-2k16.herokuapp.com/api/app/quiz/leaderboard?from=1 (32ms, 56744-byte body)
08-06 02:32:25.476 13231 13231 I NAPPA_EXPERIMENTATION: MetricNetworkRequestExecutionTime: REQUEST_DURATION_SYSTEM='984',REQUEST_DURATION_OKHTTP='32',REQUEST_SYNCHRONOUS='FALSE',RESPONSE_CODE='200',RESPONSE_METHOD='GET',RESPONSE_LENGTH_OKHTTP='56744',RESPONSE_LENGTH_HEADER='56744',REQUEST_PROTOCOL='http/1.1',REQUEST_URL='https://api-hillfair-2k16.herokuapp.com/api/app/quiz/leaderboard?from=1',
08-06 02:32:25.630 13231 13244 I art     : Starting a blocking GC Explicit
08-06 02:32:25.663 13231 13244 I art     : Explicit concurrent mark sweep GC freed 28391(1420KB) AllocSpace objects, 2(100KB) LOS objects, 23% free, 53MB/69MB, paused 639us total 33.058ms
08-06 02:32:25.675 13231 13244 I art     : Starting a blocking GC Explicit
08-06 02:32:25.704 13231 13244 I art     : Explicit concurrent mark sweep GC freed 135(5KB) AllocSpace objects, 0(0B) LOS objects, 23% free, 53MB/69MB, paused 642us total 29.490ms
08-06 02:32:25.716 13231 13244 I art     : Starting a blocking GC Explicit
08-06 02:32:25.745 13231 13244 I art     : Explicit concurrent mark sweep GC freed 3(96B) AllocSpace objects, 0(0B) LOS objects, 23% free, 53MB/69MB, paused 639us total 29.291ms
08-06 02:32:25.757 13231 13244 I art     : Starting a blocking GC Explicit
08-06 02:32:25.786 13231 13244 I art     : Explicit concurrent mark sweep GC freed 3(96B) AllocSpace objects, 0(0B) LOS objects, 23% free, 53MB/69MB, paused 632us total 28.996ms
08-06 02:32:25.798 13231 13244 I art     : Starting a blocking GC Explicit
08-06 02:32:25.827 13231 13244 I art     : Explicit concurrent mark sweep GC freed 3(96B) AllocSpace objects, 0(0B) LOS objects, 23% free, 53MB/69MB, paused 722us total 29.065ms
08-06 02:32:26.133 13231 13327 I art     : Starting a blocking GC Explicit
08-06 02:32:26.171 13231 13327 I art     : Explicit concurrent mark sweep GC freed 1344(78KB) AllocSpace objects, 1(20KB) LOS objects, 23% free, 53MB/69MB, paused 717us total 37.899ms
08-06 02:32:26.189 13231 13327 I art     : Starting a blocking GC Explicit
08-06 02:32:26.218 13231 13327 I art     : Explicit concurrent mark sweep GC freed 20(704B) AllocSpace objects, 0(0B) LOS objects, 23% free, 53MB/69MB, paused 642us total 28.166ms
08-06 02:32:26.229 13231 13327 I art     : Starting a blocking GC Explicit
08-06 02:32:26.259 13231 13327 I art     : Explicit concurrent mark sweep GC freed 3(96B) AllocSpace objects, 0(0B) LOS objects, 23% free, 53MB/69MB, paused 647us total 30.418ms
08-06 02:32:26.271 13231 13327 I art     : Starting a blocking GC Explicit
08-06 02:32:26.302 13231 13327 I art     : Explicit concurrent mark sweep GC freed 3(96B) AllocSpace objects, 0(0B) LOS objects, 23% free, 53MB/69MB, paused 646us total 30.919ms
08-06 02:32:26.314 13231 13327 I art     : Starting a blocking GC Explicit
08-06 02:32:26.345 13231 13327 I art     : Explicit concurrent mark sweep GC freed 196(12KB) AllocSpace objects, 0(0B) LOS objects, 23% free, 53MB/69MB, paused 753us total 30.734ms
08-06 02:32:26.558 13231 16072 W OneSignal: OneSignalRestClient: POST Error thrown from network stack. 
08-06 02:32:26.558 13231 16072 W OneSignal: java.io.IOException: unexpected end of stream on Connection{api.onesignal.com:443, proxy=HTTP@192.168.2.12:8080 hostAddress=192.168.2.12 cipherSuite=TLS_ECDHE_RSA_WITH_AES_128_GCM_SHA256 protocol=http/1.1} (recycle count=0)
08-06 02:32:26.558 13231 16072 W OneSignal: 	at com.android.okhttp.internal.http.HttpConnection.readResponse(HttpConnection.java:210)
08-06 02:32:26.558 13231 16072 W OneSignal: 	at com.android.okhttp.internal.http.HttpTransport.readResponseHeaders(HttpTransport.java:80)
08-06 02:32:26.558 13231 16072 W OneSignal: 	at com.android.okhttp.internal.http.HttpEngine.readNetworkResponse(HttpEngine.java:904)
08-06 02:32:26.558 13231 16072 W OneSignal: 	at com.android.okhttp.internal.http.HttpEngine.readResponse(HttpEngine.java:788)
08-06 02:32:26.558 13231 16072 W OneSignal: 	at com.android.okhttp.internal.huc.HttpURLConnectionImpl.execute(HttpURLConnectionImpl.java:439)
08-06 02:32:26.558 13231 16072 W OneSignal: 	at com.android.okhttp.internal.huc.HttpURLConnectionImpl.getResponse(HttpURLConnectionImpl.java:384)
08-06 02:32:26.558 13231 16072 W OneSignal: 	at com.android.okhttp.internal.huc.HttpURLConnectionImpl.getResponseCode(HttpURLConnectionImpl.java:497)
08-06 02:32:26.558 13231 16072 W OneSignal: 	at com.android.okhttp.internal.huc.DelegatingHttpsURLConnection.getResponseCode(DelegatingHttpsURLConnection.java:105)
08-06 02:32:26.558 13231 16072 W OneSignal: 	at com.android.okhttp.internal.huc.HttpsURLConnectionImpl.getResponseCode(HttpsURLConnectionImpl.java)
08-06 02:32:26.558 13231 16072 W OneSignal: 	at com.onesignal.OneSignalRestClient.startHTTPConnection(OneSignalRestClient.java:180)
08-06 02:32:26.558 13231 16072 W OneSignal: 	at com.onesignal.OneSignalRestClient.access$100(OneSignalRestClient.java:44)
08-06 02:32:26.558 13231 16072 W OneSignal: 	at com.onesignal.OneSignalRestClient$4.run(OneSignalRestClient.java:110)
08-06 02:32:26.558 13231 16072 W OneSignal: 	at java.lang.Thread.run(Thread.java:818)
08-06 02:32:26.558 13231 16072 W OneSignal: Caused by: java.io.EOFException: \n not found: size=0 content=...
08-06 02:32:26.558 13231 16072 W OneSignal: 	at com.android.okhttp.okio.RealBufferedSource.readUtf8LineStrict(RealBufferedSource.java:200)
08-06 02:32:26.558 13231 16072 W OneSignal: 	at com.android.okhttp.internal.http.HttpConnection.readResponse(HttpConnection.java:191)
08-06 02:32:26.558 13231 16072 W OneSignal: 	... 12 more
08-06 02:32:26.559 13231 16079 W OneSignal: Failed last request. statusCode: -1
08-06 02:32:26.559 13231 16079 W OneSignal: response: null
08-06 02:32:26.676 13231 13243 I art     : Starting a blocking GC Explicit
08-06 02:32:26.719 13231 13243 I art     : Explicit concurrent mark sweep GC freed 3704(229KB) AllocSpace objects, 1(20KB) LOS objects, 23% free, 53MB/69MB, paused 718us total 41.856ms
08-06 02:32:26.733 13231 13243 I art     : Starting a blocking GC Explicit
08-06 02:32:26.769 13231 13243 I art     : Explicit concurrent mark sweep GC freed 90(3KB) AllocSpace objects, 0(0B) LOS objects, 23% free, 53MB/69MB, paused 644us total 35.102ms
08-06 02:32:26.781 13231 13243 I art     : Starting a blocking GC Explicit
08-06 02:32:26.813 13231 13243 I art     : Explicit concurrent mark sweep GC freed 3(96B) AllocSpace objects, 0(0B) LOS objects, 23% free, 53MB/69MB, paused 617us total 31.548ms
08-06 02:32:26.824 13231 13243 I art     : Starting a blocking GC Explicit
08-06 02:32:26.857 13231 13243 I art     : Explicit concurrent mark sweep GC freed 3(96B) AllocSpace objects, 0(0B) LOS objects, 23% free, 53MB/69MB, paused 643us total 32.327ms
08-06 02:32:26.869 13231 13243 I art     : Starting a blocking GC Explicit
08-06 02:32:26.901 13231 13243 I art     : Explicit concurrent mark sweep GC freed 3(96B) AllocSpace objects, 0(0B) LOS objects, 23% free, 53MB/69MB, paused 658us total 31.700ms
08-06 02:32:27.237 13231 13260 I art     : Starting a blocking GC Explicit
08-06 02:32:27.276 13231 13260 I art     : Explicit concurrent mark sweep GC freed 1344(78KB) AllocSpace objects, 1(20KB) LOS objects, 23% free, 53MB/69MB, paused 761us total 38.553ms
08-06 02:32:27.293 13231 13260 I art     : Starting a blocking GC Explicit
08-06 02:32:27.321 13231 13260 I art     : Explicit concurrent mark sweep GC freed 20(704B) AllocSpace objects, 0(0B) LOS objects, 23% free, 53MB/69MB, paused 574us total 27.652ms
08-06 02:32:27.332 13231 13260 I art     : Starting a blocking GC Explicit
08-06 02:32:27.361 13231 13260 I art     : Explicit concurrent mark sweep GC freed 6(192B) AllocSpace objects, 0(0B) LOS objects, 23% free, 53MB/69MB, paused 616us total 29.070ms
08-06 02:32:27.373 13231 13260 I art     : Starting a blocking GC Explicit
08-06 02:32:27.404 13231 13260 I art     : Explicit concurrent mark sweep GC freed 13(608B) AllocSpace objects, 0(0B) LOS objects, 23% free, 53MB/69MB, paused 617us total 30.931ms
08-06 02:32:27.417 13231 13260 I art     : Starting a blocking GC Explicit
08-06 02:32:27.449 13231 13260 I art     : Explicit concurrent mark sweep GC freed 17(528B) AllocSpace objects, 0(0B) LOS objects, 23% free, 53MB/69MB, paused 604us total 31.927ms
08-06 02:32:27.768 13231 13244 I art     : Starting a blocking GC Explicit
08-06 02:32:27.806 13231 13244 I art     : Explicit concurrent mark sweep GC freed 1344(78KB) AllocSpace objects, 1(20KB) LOS objects, 23% free, 53MB/69MB, paused 664us total 37.989ms
08-06 02:32:27.820 13231 13244 I art     : Starting a blocking GC Explicit
08-06 02:32:27.852 13231 13244 I art     : Explicit concurrent mark sweep GC freed 20(704B) AllocSpace objects, 0(0B) LOS objects, 23% free, 53MB/69MB, paused 636us total 31.515ms
08-06 02:32:27.864 13231 13244 I art     : Starting a blocking GC Explicit
08-06 02:32:27.896 13231 13244 I art     : Explicit concurrent mark sweep GC freed 3(96B) AllocSpace objects, 0(0B) LOS objects, 23% free, 53MB/69MB, paused 628us total 31.664ms
08-06 02:32:27.908 13231 13244 I art     : Starting a blocking GC Explicit
08-06 02:32:27.940 13231 13244 I art     : Explicit concurrent mark sweep GC freed 3(96B) AllocSpace objects, 0(0B) LOS objects, 23% free, 53MB/69MB, paused 598us total 31.821ms
08-06 02:32:27.952 13231 13244 I art     : Starting a blocking GC Explicit
08-06 02:32:27.984 13231 13244 I art     : Explicit concurrent mark sweep GC freed 3(96B) AllocSpace objects, 0(0B) LOS objects, 23% free, 53MB/69MB, paused 596us total 31.768ms
08-06 02:32:28.297 13231 13327 I art     : Starting a blocking GC Explicit
08-06 02:32:28.312   518   646 I ThermalEngine: ACTION: GPU - Setting GPU[0] to 510000000
08-06 02:32:28.334 13231 13327 I art     : Explicit concurrent mark sweep GC freed 1344(78KB) AllocSpace objects, 1(20KB) LOS objects, 23% free, 53MB/69MB, paused 599us total 36.675ms
08-06 02:32:28.346 13231 13327 I art     : Starting a blocking GC Explicit
08-06 02:32:28.371 13231 13327 I art     : Explicit concurrent mark sweep GC freed 20(704B) AllocSpace objects, 0(0B) LOS objects, 23% free, 53MB/69MB, paused 462us total 25.244ms
08-06 02:32:28.381 13231 13327 I art     : Starting a blocking GC Explicit
08-06 02:32:28.404 13231 13327 I art     : Explicit concurrent mark sweep GC freed 3(96B) AllocSpace objects, 0(0B) LOS objects, 23% free, 53MB/69MB, paused 467us total 23.486ms
08-06 02:32:28.414 13231 13327 I art     : Starting a blocking GC Explicit
08-06 02:32:28.437 13231 13327 I art     : Explicit concurrent mark sweep GC freed 3(96B) AllocSpace objects, 0(0B) LOS objects, 23% free, 53MB/69MB, paused 481us total 23.384ms
08-06 02:32:28.447 13231 13327 I art     : Starting a blocking GC Explicit
08-06 02:32:28.471 13231 13327 I art     : Explicit concurrent mark sweep GC freed 3(96B) AllocSpace objects, 0(0B) LOS objects, 23% free, 53MB/69MB, paused 476us total 23.816ms
08-06 02:32:28.766 13231 13243 I art     : Starting a blocking GC Explicit
08-06 02:32:28.789 13231 13243 I art     : Explicit concurrent mark sweep GC freed 1344(78KB) AllocSpace objects, 1(20KB) LOS objects, 23% free, 53MB/69MB, paused 478us total 22.922ms
08-06 02:32:28.799 13231 13243 I art     : Starting a blocking GC Explicit
08-06 02:32:28.819 13231 13243 I art     : Explicit concurrent mark sweep GC freed 20(704B) AllocSpace objects, 0(0B) LOS objects, 23% free, 53MB/69MB, paused 461us total 20.447ms
08-06 02:32:28.827 13231 13243 I art     : Starting a blocking GC Explicit
08-06 02:32:28.850 13231 13243 I art     : Explicit concurrent mark sweep GC freed 3(96B) AllocSpace objects, 0(0B) LOS objects, 23% free, 53MB/69MB, paused 478us total 21.966ms
08-06 02:32:28.858 13231 13243 I art     : Starting a blocking GC Explicit
08-06 02:32:28.881 13231 13243 I art     : Explicit concurrent mark sweep GC freed 3(96B) AllocSpace objects, 0(0B) LOS objects, 23% free, 53MB/69MB, paused 450us total 22.277ms
08-06 02:32:28.890 13231 13243 I art     : Starting a blocking GC Explicit
08-06 02:32:28.912 13231 13243 I art     : Explicit concurrent mark sweep GC freed 3(96B) AllocSpace objects, 0(0B) LOS objects, 23% free, 53MB/69MB, paused 449us total 21.992ms
08-06 02:32:29.091 16120 16120 D AndroidRuntime: >>>>>> START com.android.internal.os.RuntimeInit uid 2000 <<<<<<
08-06 02:32:29.097 16120 16120 D AndroidRuntime: CheckJNI is OFF
08-06 02:32:29.131 16120 16120 D ICU     : No timezone override file found: /data/misc/zoneinfo/current/icu/icu_tzdata.dat
08-06 02:32:29.162 16120 16120 I Radio-JNI: register_android_hardware_Radio DONE
08-06 02:32:29.185 16120 16120 D AndroidRuntime: Calling main entry com.android.commands.input.Input
08-06 02:32:29.186 16120 16120 I Input   : injectKeyEvent: KeyEvent { action=ACTION_DOWN, keyCode=KEYCODE_BACK, scanCode=0, metaState=0, flags=0x0, repeatCount=0, eventTime=844365599, downTime=844365599, deviceId=-1, source=0x101 }
08-06 02:32:29.191 16120 16120 I Input   : injectKeyEvent: KeyEvent { action=ACTION_UP, keyCode=KEYCODE_BACK, scanCode=0, metaState=0, flags=0x0, repeatCount=0, eventTime=844365599, downTime=844365599, deviceId=-1, source=0x101 }
08-06 02:32:29.196 16120 16120 D AndroidRuntime: Shutting down VM
08-06 02:32:29.208 13231 13243 I art     : Starting a blocking GC Explicit
08-06 02:32:29.231 13231 13243 I art     : Explicit concurrent mark sweep GC freed 1446(83KB) AllocSpace objects, 1(20KB) LOS objects, 23% free, 53MB/69MB, paused 434us total 22.316ms
08-06 02:32:29.237 13866 13866 I GoogleInputMethodServic: GoogleInputMethodService.onFinishInput():3138 
08-06 02:32:29.237 13866 13866 I GoogleInputMethodServic: GoogleInputMethodService.onStartInput():1808 
08-06 02:32:29.239 13231 13243 I art     : Starting a blocking GC Explicit
08-06 02:32:29.267 13231 13243 I art     : Explicit concurrent mark sweep GC freed 56(2016B) AllocSpace objects, 0(0B) LOS objects, 23% free, 53MB/69MB, paused 502us total 27.730ms
08-06 02:32:29.276 13231 13243 I art     : Starting a blocking GC Explicit
08-06 02:32:29.296 13231 13243 I art     : Explicit concurrent mark sweep GC freed 9(336B) AllocSpace objects, 0(0B) LOS objects, 23% free, 53MB/69MB, paused 412us total 19.652ms
08-06 02:32:29.304 13231 13243 I art     : Starting a blocking GC Explicit
08-06 02:32:29.323 13231 13243 I art     : Explicit concurrent mark sweep GC freed 3(96B) AllocSpace objects, 0(0B) LOS objects, 23% free, 53MB/69MB, paused 442us total 19.272ms
08-06 02:32:29.332 13231 13243 I art     : Starting a blocking GC Explicit
08-06 02:32:29.352 13231 13243 I art     : Explicit concurrent mark sweep GC freed 3(96B) AllocSpace objects, 0(0B) LOS objects, 23% free, 53MB/69MB, paused 422us total 19.963ms
08-06 02:32:29.528   380   380 W SurfaceFlinger: couldn't log to binary event log: overflow.
08-06 02:32:29.609 13231 13244 I art     : Starting a blocking GC Explicit
08-06 02:32:29.631 13231 13244 I art     : Explicit concurrent mark sweep GC freed 1463(87KB) AllocSpace objects, 1(20KB) LOS objects, 23% free, 53MB/69MB, paused 457us total 21.712ms
08-06 02:32:29.640 13231 13244 I art     : Starting a blocking GC Explicit
08-06 02:32:29.660 13231 13244 I art     : Explicit concurrent mark sweep GC freed 4698(269KB) AllocSpace objects, 2(140KB) LOS objects, 23% free, 52MB/68MB, paused 420us total 19.852ms
08-06 02:32:29.667 13231 13244 I art     : Starting a blocking GC Explicit
08-06 02:32:29.687 13231 13244 I art     : Explicit concurrent mark sweep GC freed 3(96B) AllocSpace objects, 0(0B) LOS objects, 23% free, 52MB/68MB, paused 545us total 19.292ms
08-06 02:32:29.695 13231 13244 I art     : Starting a blocking GC Explicit
08-06 02:32:29.714 13231 13244 I art     : Explicit concurrent mark sweep GC freed 3(96B) AllocSpace objects, 0(0B) LOS objects, 23% free, 52MB/68MB, paused 485us total 19.297ms
08-06 02:32:29.714 13231 13241 I art     : WaitForGcToComplete blocked for 16.641ms for cause HeapTrim
08-06 02:32:29.723 13231 13244 I art     : Starting a blocking GC Explicit
08-06 02:32:29.742 13231 13244 I art     : Explicit concurrent mark sweep GC freed 3(96B) AllocSpace objects, 0(0B) LOS objects, 23% free, 52MB/68MB, paused 417us total 19.512ms
08-06 02:32:29.946 13136 13136 I ServiceManager: Waiting for service AtCmdFwd...
08-06 02:32:30.005 13231 13260 I art     : Starting a blocking GC Explicit
08-06 02:32:30.028 13231 13260 I art     : Explicit concurrent mark sweep GC freed 1344(78KB) AllocSpace objects, 1(20KB) LOS objects, 23% free, 52MB/68MB, paused 486us total 21.984ms
08-06 02:32:30.037 13231 13260 I art     : Starting a blocking GC Explicit
08-06 02:32:30.058 13231 13260 I art     : Explicit concurrent mark sweep GC freed 20(704B) AllocSpace objects, 0(0B) LOS objects, 23% free, 52MB/68MB, paused 453us total 21.310ms
08-06 02:32:30.067 13231 13260 I art     : Starting a blocking GC Explicit
08-06 02:32:30.089 13231 13260 I art     : Explicit concurrent mark sweep GC freed 3(96B) AllocSpace objects, 0(0B) LOS objects, 23% free, 52MB/68MB, paused 525us total 21.761ms
08-06 02:32:30.098 13231 13260 I art     : Starting a blocking GC Explicit
08-06 02:32:30.120 13231 13260 I art     : Explicit concurrent mark sweep GC freed 3(96B) AllocSpace objects, 0(0B) LOS objects, 23% free, 52MB/68MB, paused 452us total 21.663ms
08-06 02:32:30.129 13231 13260 I art     : Starting a blocking GC Explicit
08-06 02:32:30.151 13231 13260 I art     : Explicit concurrent mark sweep GC freed 3(96B) AllocSpace objects, 0(0B) LOS objects, 23% free, 52MB/68MB, paused 532us total 21.860ms
08-06 02:32:30.431 13231 13327 I art     : Starting a blocking GC Explicit
08-06 02:32:30.454 13231 13327 I art     : Explicit concurrent mark sweep GC freed 1343(78KB) AllocSpace objects, 1(20KB) LOS objects, 23% free, 52MB/68MB, paused 438us total 23.022ms
08-06 02:32:30.463 13231 13327 I art     : Starting a blocking GC Explicit
08-06 02:32:30.484 13231 13327 I art     : Explicit concurrent mark sweep GC freed 20(704B) AllocSpace objects, 0(0B) LOS objects, 23% free, 52MB/68MB, paused 506us total 20.836ms
08-06 02:32:30.493 13231 13327 I art     : Starting a blocking GC Explicit
08-06 02:32:30.513 13231 13327 I art     : Explicit concurrent mark sweep GC freed 3(96B) AllocSpace objects, 0(0B) LOS objects, 23% free, 52MB/68MB, paused 444us total 20.179ms
08-06 02:32:30.522 13231 13327 I art     : Starting a blocking GC Explicit
08-06 02:32:30.543 13231 13327 I art     : Explicit concurrent mark sweep GC freed 3(96B) AllocSpace objects, 0(0B) LOS objects, 23% free, 52MB/68MB, paused 475us total 20.471ms
08-06 02:32:30.551 13231 13327 I art     : Starting a blocking GC Explicit
08-06 02:32:30.572 13231 13327 I art     : Explicit concurrent mark sweep GC freed 3(96B) AllocSpace objects, 0(0B) LOS objects, 23% free, 52MB/68MB, paused 446us total 20.807ms
08-06 02:32:30.841 13231 13243 I art     : Starting a blocking GC Explicit
08-06 02:32:30.859 16179 16179 D AndroidRuntime: >>>>>> START com.android.internal.os.RuntimeInit uid 2000 <<<<<<
08-06 02:32:30.865 16179 16179 D AndroidRuntime: CheckJNI is OFF
08-06 02:32:30.868 13231 13243 I art     : Explicit concurrent mark sweep GC freed 1348(78KB) AllocSpace objects, 1(20KB) LOS objects, 23% free, 52MB/68MB, paused 751us total 26.821ms
08-06 02:32:30.877 13231 13243 I art     : Starting a blocking GC Explicit
08-06 02:32:30.898 13231 13243 I art     : Explicit concurrent mark sweep GC freed 23(800B) AllocSpace objects, 0(0B) LOS objects, 23% free, 52MB/68MB, paused 588us total 20.105ms
08-06 02:32:30.901 16179 16179 D ICU     : No timezone override file found: /data/misc/zoneinfo/current/icu/icu_tzdata.dat
08-06 02:32:30.906 13231 13243 I art     : Starting a blocking GC Explicit
08-06 02:32:30.926 13231 13243 I art     : Explicit concurrent mark sweep GC freed 7(224B) AllocSpace objects, 0(0B) LOS objects, 23% free, 52MB/68MB, paused 441us total 19.103ms
08-06 02:32:30.934 13231 13243 I art     : Starting a blocking GC Explicit
08-06 02:32:30.934 16179 16179 I Radio-JNI: register_android_hardware_Radio DONE
08-06 02:32:30.947 13136 13136 I ServiceManager: Waiting for service AtCmdFwd...
08-06 02:32:30.953 13231 13243 I art     : Explicit concurrent mark sweep GC freed 6(192B) AllocSpace objects, 0(0B) LOS objects, 23% free, 52MB/68MB, paused 405us total 18.876ms
08-06 02:32:30.956 16179 16179 D AndroidRuntime: Calling main entry com.android.commands.input.Input
08-06 02:32:30.957 16179 16179 I Input   : injectKeyEvent: KeyEvent { action=ACTION_DOWN, keyCode=KEYCODE_BACK, scanCode=0, metaState=0, flags=0x0, repeatCount=0, eventTime=844367370, downTime=844367370, deviceId=-1, source=0x101 }
08-06 02:32:30.961 13231 13243 I art     : Starting a blocking GC Explicit
08-06 02:32:30.963 16179 16179 I Input   : injectKeyEvent: KeyEvent { action=ACTION_UP, keyCode=KEYCODE_BACK, scanCode=0, metaState=0, flags=0x0, repeatCount=0, eventTime=844367370, downTime=844367370, deviceId=-1, source=0x101 }
08-06 02:32:30.970 16179 16179 D AndroidRuntime: Shutting down VM
08-06 02:32:30.981 13231 13243 I art     : Explicit concurrent mark sweep GC freed 9(336B) AllocSpace objects, 0(0B) LOS objects, 23% free, 52MB/68MB, paused 436us total 19.473ms
08-06 02:32:31.084 13866 13866 I GoogleInputMethodServic: GoogleInputMethodService.onFinishInput():3138 
08-06 02:32:31.085 13866 13866 I GoogleInputMethodServic: GoogleInputMethodService.onStartInput():1808 
08-06 02:32:31.222 13231 13244 I art     : Starting a blocking GC Explicit
08-06 02:32:31.245 13231 13244 I art     : Explicit concurrent mark sweep GC freed 1539(86KB) AllocSpace objects, 1(20KB) LOS objects, 23% free, 52MB/68MB, paused 457us total 23.105ms
08-06 02:32:31.256 13231 13244 I art     : Starting a blocking GC Explicit
08-06 02:32:31.279 13231 13244 I art     : Explicit concurrent mark sweep GC freed 24(864B) AllocSpace objects, 0(0B) LOS objects, 23% free, 52MB/68MB, paused 468us total 22.677ms
08-06 02:32:31.289 13231 13244 I art     : Starting a blocking GC Explicit
08-06 02:32:31.312 13231 13244 I art     : Explicit concurrent mark sweep GC freed 3(96B) AllocSpace objects, 0(0B) LOS objects, 23% free, 52MB/68MB, paused 460us total 22.296ms
08-06 02:32:31.321 13231 13244 I art     : Starting a blocking GC Explicit
08-06 02:32:31.343 13231 13244 I art     : Explicit concurrent mark sweep GC freed 3(96B) AllocSpace objects, 0(0B) LOS objects, 23% free, 52MB/68MB, paused 451us total 21.062ms
08-06 02:32:31.353 13231 13244 I art     : Starting a blocking GC Explicit
08-06 02:32:31.363   380   380 W SurfaceFlinger: couldn't log to binary event log: overflow.
08-06 02:32:31.374 13231 13244 I art     : Explicit concurrent mark sweep GC freed 99(7KB) AllocSpace objects, 0(0B) LOS objects, 23% free, 52MB/68MB, paused 424us total 20.685ms
08-06 02:32:31.660 13231 13260 I art     : Starting a blocking GC Explicit
08-06 02:32:31.688 13231 13260 I art     : Explicit concurrent mark sweep GC freed 1383(80KB) AllocSpace objects, 1(20KB) LOS objects, 23% free, 52MB/68MB, paused 495us total 27.729ms
08-06 02:32:31.702 13231 13260 I art     : Starting a blocking GC Explicit
08-06 02:32:31.724 13231 13260 I art     : Explicit concurrent mark sweep GC freed 2094(122KB) AllocSpace objects, 2(180KB) LOS objects, 23% free, 52MB/68MB, paused 454us total 21.319ms
08-06 02:32:31.732 13231 13260 I art     : Starting a blocking GC Explicit
08-06 02:32:31.753 13231 13260 I art     : Explicit concurrent mark sweep GC freed 3(96B) AllocSpace objects, 0(0B) LOS objects, 23% free, 52MB/68MB, paused 457us total 20.999ms
08-06 02:32:31.762 13231 13260 I art     : Starting a blocking GC Explicit
08-06 02:32:31.784 13231 13260 I art     : Explicit concurrent mark sweep GC freed 3(96B) AllocSpace objects, 0(0B) LOS objects, 23% free, 52MB/68MB, paused 457us total 21.336ms
08-06 02:32:31.793 13231 13260 I art     : Starting a blocking GC Explicit
08-06 02:32:31.814 13231 13260 I art     : Explicit concurrent mark sweep GC freed 3(96B) AllocSpace objects, 0(0B) LOS objects, 23% free, 52MB/68MB, paused 448us total 21.042ms
08-06 02:32:31.947 13136 13136 I ServiceManager: Waiting for service AtCmdFwd...
08-06 02:32:32.099 13231 13327 I art     : Starting a blocking GC Explicit
08-06 02:32:32.131 13231 13327 I art     : Explicit concurrent mark sweep GC freed 1343(78KB) AllocSpace objects, 1(20KB) LOS objects, 23% free, 52MB/68MB, paused 519us total 31.935ms
08-06 02:32:32.143 13231 13327 I art     : Starting a blocking GC Explicit
08-06 02:32:32.168 13231 13327 I art     : Explicit concurrent mark sweep GC freed 20(704B) AllocSpace objects, 0(0B) LOS objects, 23% free, 52MB/68MB, paused 455us total 24.256ms
08-06 02:32:32.177 13231 13327 I art     : Starting a blocking GC Explicit
08-06 02:32:32.198 13231 13327 I art     : Explicit concurrent mark sweep GC freed 3(96B) AllocSpace objects, 0(0B) LOS objects, 23% free, 52MB/68MB, paused 495us total 20.717ms
08-06 02:32:32.207 13231 13327 I art     : Starting a blocking GC Explicit
08-06 02:32:32.227 13231 13327 I art     : Explicit concurrent mark sweep GC freed 3(96B) AllocSpace objects, 0(0B) LOS objects, 23% free, 52MB/68MB, paused 467us total 19.312ms
08-06 02:32:32.235 13231 13327 I art     : Starting a blocking GC Explicit
08-06 02:32:32.255 13231 13327 I art     : Explicit concurrent mark sweep GC freed 3(96B) AllocSpace objects, 0(0B) LOS objects, 23% free, 52MB/68MB, paused 448us total 19.821ms
08-06 02:32:32.320   518   646 I ThermalEngine: ACTION: GPU - Setting GPU[0] to 450000000
08-06 02:32:32.531 13231 13243 I art     : Starting a blocking GC Explicit
08-06 02:32:32.562 13231 13243 I art     : Explicit concurrent mark sweep GC freed 1341(78KB) AllocSpace objects, 1(20KB) LOS objects, 23% free, 52MB/68MB, paused 634us total 30.703ms
08-06 02:32:32.575 13231 13243 I art     : Starting a blocking GC Explicit
08-06 02:32:32.602 13231 13243 I art     : Explicit concurrent mark sweep GC freed 20(704B) AllocSpace objects, 0(0B) LOS objects, 23% free, 52MB/68MB, paused 594us total 26.782ms
08-06 02:32:32.614 13231 13243 I art     : Starting a blocking GC Explicit
08-06 02:32:32.640 13231 13243 I art     : Explicit concurrent mark sweep GC freed 3(96B) AllocSpace objects, 0(0B) LOS objects, 23% free, 52MB/68MB, paused 619us total 26.384ms
08-06 02:32:32.651 13231 13243 I art     : Starting a blocking GC Explicit
08-06 02:32:32.678 13231 13243 I art     : Explicit concurrent mark sweep GC freed 3(96B) AllocSpace objects, 0(0B) LOS objects, 23% free, 52MB/68MB, paused 646us total 26.738ms
08-06 02:32:32.689 13231 13243 I art     : Starting a blocking GC Explicit
08-06 02:32:32.715 16235 16235 D AndroidRuntime: >>>>>> START com.android.internal.os.RuntimeInit uid 2000 <<<<<<
08-06 02:32:32.716 13231 13243 I art     : Explicit concurrent mark sweep GC freed 3(96B) AllocSpace objects, 0(0B) LOS objects, 23% free, 52MB/68MB, paused 661us total 26.832ms
08-06 02:32:32.721 16235 16235 D AndroidRuntime: CheckJNI is OFF
08-06 02:32:32.765 16235 16235 D ICU     : No timezone override file found: /data/misc/zoneinfo/current/icu/icu_tzdata.dat
08-06 02:32:32.810 16235 16235 I Radio-JNI: register_android_hardware_Radio DONE
08-06 02:32:32.841 16235 16235 D AndroidRuntime: Calling main entry com.android.commands.input.Input
08-06 02:32:32.843 16235 16235 I Input   : injectMotionEvent: MotionEvent { action=ACTION_DOWN, actionButton=0, id[0]=0, x[0]=1084.0, y[0]=2213.0, toolType[0]=TOOL_TYPE_UNKNOWN, buttonState=0, metaState=0, flags=0x0, edgeFlags=0x0, pointerCount=1, historySize=0, eventTime=844369256, downTime=844369256, deviceId=0, source=0x1002 }
08-06 02:32:32.850 16235 16235 I Input   : injectMotionEvent: MotionEvent { action=ACTION_UP, actionButton=0, id[0]=0, x[0]=1084.0, y[0]=2213.0, toolType[0]=TOOL_TYPE_UNKNOWN, buttonState=0, metaState=0, flags=0x0, edgeFlags=0x0, pointerCount=1, historySize=0, eventTime=844369256, downTime=844369256, deviceId=0, source=0x1002 }
08-06 02:32:32.853   918  3961 I ActivityManager: START u0 {cmp=baseline.appteam.nith.hillffair/.activities.EventActivity} from uid 10697 on display 0
08-06 02:32:32.863 16235 16235 D AndroidRuntime: Shutting down VM
08-06 02:32:32.937 13866 13866 I GoogleInputMethodServic: GoogleInputMethodService.onFinishInput():3138 
08-06 02:32:32.937 13866 13866 I GoogleInputMethodServic: GoogleInputMethodService.onStartInput():1808 
08-06 02:32:32.948 13136 13136 I ServiceManager: Waiting for service AtCmdFwd...
08-06 02:32:32.963   918   936 I ActivityManager: Displayed baseline.appteam.nith.hillffair/.activities.EventActivity: +99ms
08-06 02:32:33.006 13231 13327 I art     : Starting a blocking GC Explicit
08-06 02:32:33.031 13231 13327 I art     : Explicit concurrent mark sweep GC freed 6174(370KB) AllocSpace objects, 1(20KB) LOS objects, 23% free, 52MB/68MB, paused 623us total 24.440ms
08-06 02:32:33.042 13231 13327 I art     : Starting a blocking GC Explicit
08-06 02:32:33.070 13231 13327 I art     : Explicit concurrent mark sweep GC freed 264(11KB) AllocSpace objects, 0(0B) LOS objects, 23% free, 52MB/68MB, paused 641us total 28.593ms
08-06 02:32:33.082 13231 13327 I art     : Starting a blocking GC Explicit
08-06 02:32:33.113 13231 13327 I art     : Explicit concurrent mark sweep GC freed 3(96B) AllocSpace objects, 0(0B) LOS objects, 23% free, 52MB/68MB, paused 854us total 30.658ms
08-06 02:32:33.126 13231 13327 I art     : Starting a blocking GC Explicit
08-06 02:32:33.157 13231 13327 I art     : Explicit concurrent mark sweep GC freed 3(96B) AllocSpace objects, 0(0B) LOS objects, 23% free, 52MB/68MB, paused 696us total 30.579ms
08-06 02:32:33.169 13231 13327 I art     : Starting a blocking GC Explicit
08-06 02:32:33.199 13231 13327 I art     : Explicit concurrent mark sweep GC freed 3(96B) AllocSpace objects, 0(0B) LOS objects, 23% free, 52MB/68MB, paused 711us total 29.409ms
08-06 02:32:33.199   380   380 W SurfaceFlinger: couldn't log to binary event log: overflow.
08-06 02:32:33.497 13231 13244 I art     : Starting a blocking GC Explicit
08-06 02:32:33.525 13231 13244 I art     : Explicit concurrent mark sweep GC freed 1449(84KB) AllocSpace objects, 1(20KB) LOS objects, 23% free, 52MB/68MB, paused 666us total 27.819ms
08-06 02:32:33.536 13231 13244 I art     : Starting a blocking GC Explicit
08-06 02:32:33.562 13231 13244 I art     : Explicit concurrent mark sweep GC freed 50(1728B) AllocSpace objects, 0(0B) LOS objects, 23% free, 52MB/68MB, paused 623us total 25.835ms
08-06 02:32:33.573 13231 13244 I art     : Starting a blocking GC Explicit
08-06 02:32:33.599 13231 13244 I art     : Explicit concurrent mark sweep GC freed 13(480B) AllocSpace objects, 0(0B) LOS objects, 23% free, 52MB/68MB, paused 615us total 25.611ms
08-06 02:32:33.610 13231 13244 I art     : Starting a blocking GC Explicit
08-06 02:32:33.637 13231 13244 I art     : Explicit concurrent mark sweep GC freed 16(608B) AllocSpace objects, 0(0B) LOS objects, 23% free, 52MB/68MB, paused 685us total 26.567ms
08-06 02:32:33.648 13231 13244 I art     : Starting a blocking GC Explicit
08-06 02:32:33.673 13231 13244 I art     : Explicit concurrent mark sweep GC freed 15(544B) AllocSpace objects, 0(0B) LOS objects, 23% free, 52MB/68MB, paused 610us total 25.371ms
08-06 02:32:33.731 13231 16264 D OkHttp  : --> GET https://api-hillfair-2k16.herokuapp.com/api/app/club http/1.1
08-06 02:32:33.768 13231 16264 D OkHttp  : <-- 200 OK https://api-hillfair-2k16.herokuapp.com/api/app/club (36ms, 1870-byte body)
08-06 02:32:33.785 13231 13231 I NAPPA_EXPERIMENTATION: MetricNetworkRequestExecutionTime: REQUEST_DURATION_SYSTEM='889',REQUEST_DURATION_OKHTTP='37',REQUEST_SYNCHRONOUS='FALSE',RESPONSE_CODE='200',RESPONSE_METHOD='GET',RESPONSE_LENGTH_OKHTTP='1870',RESPONSE_LENGTH_HEADER='1870',REQUEST_PROTOCOL='http/1.1',REQUEST_URL='https://api-hillfair-2k16.herokuapp.com/api/app/club',
08-06 02:32:33.948 13136 13136 I ServiceManager: Waiting for service AtCmdFwd...
08-06 02:32:33.957 13231 13260 I art     : Starting a blocking GC Explicit
08-06 02:32:33.991 13231 13260 I art     : Explicit concurrent mark sweep GC freed 6819(455KB) AllocSpace objects, 4(220KB) LOS objects, 23% free, 53MB/69MB, paused 1.507ms total 33.374ms
08-06 02:32:34.002 13231 13260 I art     : Starting a blocking GC Explicit
08-06 02:32:34.029 13231 13260 I art     : Explicit concurrent mark sweep GC freed 1487(236KB) AllocSpace objects, 0(0B) LOS objects, 23% free, 53MB/69MB, paused 954us total 26.659ms
08-06 02:32:34.040 13231 13260 I art     : Starting a blocking GC Explicit
08-06 02:32:34.066 13231 13260 I art     : Explicit concurrent mark sweep GC freed 26(832B) AllocSpace objects, 0(0B) LOS objects, 23% free, 53MB/69MB, paused 788us total 25.920ms
08-06 02:32:34.077 13231 13260 I art     : Starting a blocking GC Explicit
08-06 02:32:34.103 13231 13260 I art     : Explicit concurrent mark sweep GC freed 3(96B) AllocSpace objects, 0(0B) LOS objects, 23% free, 53MB/69MB, paused 756us total 26.238ms
08-06 02:32:34.114 13231 13260 I art     : Starting a blocking GC Explicit
08-06 02:32:34.142 13231 13260 I art     : Explicit concurrent mark sweep GC freed 3(96B) AllocSpace objects, 0(0B) LOS objects, 23% free, 53MB/69MB, paused 797us total 27.721ms
08-06 02:32:34.352   918  3261 D WifiStateMachine: starting scan for "H369AA63323"WPA_PSK with 2412,5180
08-06 02:32:34.455 13231 13244 I art     : Starting a blocking GC Explicit
08-06 02:32:34.487 13231 13244 I art     : Explicit concurrent mark sweep GC freed 8769(371KB) AllocSpace objects, 1(20KB) LOS objects, 23% free, 53MB/69MB, paused 809us total 31.205ms
08-06 02:32:34.498 13231 13244 I art     : Starting a blocking GC Explicit
08-06 02:32:34.527 13231 13244 I art     : Explicit concurrent mark sweep GC freed 402(34KB) AllocSpace objects, 0(0B) LOS objects, 23% free, 53MB/69MB, paused 904us total 28.535ms
08-06 02:32:34.538 13231 13244 I art     : Starting a blocking GC Explicit
08-06 02:32:34.567 13231 13244 I art     : Explicit concurrent mark sweep GC freed 437(115KB) AllocSpace objects, 0(0B) LOS objects, 23% free, 53MB/69MB, paused 804us total 28.430ms
08-06 02:32:34.578 13231 13244 I art     : Starting a blocking GC Explicit
08-06 02:32:34.604 13231 13244 I art     : Explicit concurrent mark sweep GC freed 103(37KB) AllocSpace objects, 0(0B) LOS objects, 23% free, 53MB/69MB, paused 614us total 25.752ms
08-06 02:32:34.615 13231 13244 I art     : Starting a blocking GC Explicit
08-06 02:32:34.640 13231 13244 I art     : Explicit concurrent mark sweep GC freed 21(8KB) AllocSpace objects, 0(0B) LOS objects, 23% free, 53MB/69MB, paused 619us total 25.256ms
08-06 02:32:34.949 13136 13136 W Atfwd_Sendcmd: AtCmdFwd service not published, waiting... retryCnt : 5
08-06 02:32:34.963 13231 13243 I art     : Starting a blocking GC Explicit
08-06 02:32:35.000 13231 13243 I art     : Explicit concurrent mark sweep GC freed 1347(78KB) AllocSpace objects, 1(20KB) LOS objects, 23% free, 53MB/69MB, paused 738us total 37.301ms
08-06 02:32:35.015 13231 13243 I art     : Starting a blocking GC Explicit
08-06 02:32:35.045 13231 13243 I art     : Explicit concurrent mark sweep GC freed 20(704B) AllocSpace objects, 0(0B) LOS objects, 23% free, 53MB/69MB, paused 674us total 29.785ms
08-06 02:32:35.057 13231 13243 I art     : Starting a blocking GC Explicit
08-06 02:32:35.089 13231 13243 I art     : Explicit concurrent mark sweep GC freed 3(96B) AllocSpace objects, 0(0B) LOS objects, 23% free, 53MB/69MB, paused 710us total 31.732ms
08-06 02:32:35.101 13231 13243 I art     : Starting a blocking GC Explicit
08-06 02:32:35.133 13231 13243 I art     : Explicit concurrent mark sweep GC freed 3(96B) AllocSpace objects, 0(0B) LOS objects, 23% free, 53MB/69MB, paused 687us total 31.628ms
08-06 02:32:35.145 13231 13243 I art     : Starting a blocking GC Explicit
08-06 02:32:35.175 13231 13243 I art     : Explicit concurrent mark sweep GC freed 3(96B) AllocSpace objects, 0(0B) LOS objects, 23% free, 53MB/69MB, paused 678us total 30.084ms
08-06 02:32:35.499 13231 13260 I art     : Starting a blocking GC Explicit
08-06 02:32:35.542 13231 13260 I art     : Explicit concurrent mark sweep GC freed 1344(78KB) AllocSpace objects, 1(20KB) LOS objects, 23% free, 53MB/69MB, paused 730us total 41.886ms
08-06 02:32:35.557 13231 13260 I art     : Starting a blocking GC Explicit
08-06 02:32:35.589 13231 13260 I art     : Explicit concurrent mark sweep GC freed 20(704B) AllocSpace objects, 0(0B) LOS objects, 23% free, 53MB/69MB, paused 705us total 31.930ms
08-06 02:32:35.601 13231 13260 I art     : Starting a blocking GC Explicit
08-06 02:32:35.633 13231 13260 I art     : Explicit concurrent mark sweep GC freed 3(96B) AllocSpace objects, 0(0B) LOS objects, 23% free, 53MB/69MB, paused 691us total 31.510ms
08-06 02:32:35.645 13231 13260 I art     : Starting a blocking GC Explicit
08-06 02:32:35.675 13231 13260 I art     : Explicit concurrent mark sweep GC freed 3(96B) AllocSpace objects, 0(0B) LOS objects, 23% free, 53MB/69MB, paused 676us total 30.390ms
08-06 02:32:35.687 13231 13260 I art     : Starting a blocking GC Explicit
08-06 02:32:35.719 13231 13260 I art     : Explicit concurrent mark sweep GC freed 3(96B) AllocSpace objects, 0(0B) LOS objects, 23% free, 53MB/69MB, paused 740us total 31.162ms
08-06 02:32:36.047 13231 13327 I art     : Starting a blocking GC Explicit
08-06 02:32:36.083 13231 13327 I art     : Explicit concurrent mark sweep GC freed 1344(78KB) AllocSpace objects, 1(20KB) LOS objects, 23% free, 53MB/69MB, paused 733us total 36.484ms
08-06 02:32:36.098 13231 13327 I art     : Starting a blocking GC Explicit
08-06 02:32:36.129 13231 13327 I art     : Explicit concurrent mark sweep GC freed 20(704B) AllocSpace objects, 0(0B) LOS objects, 23% free, 53MB/69MB, paused 696us total 31.144ms
08-06 02:32:36.141 13231 13327 I art     : Starting a blocking GC Explicit
08-06 02:32:36.171 13231 13327 I art     : Explicit concurrent mark sweep GC freed 3(96B) AllocSpace objects, 0(0B) LOS objects, 23% free, 53MB/69MB, paused 683us total 30.127ms
08-06 02:32:36.183 13231 13327 I art     : Starting a blocking GC Explicit
08-06 02:32:36.215 13231 13327 I art     : Explicit concurrent mark sweep GC freed 3(96B) AllocSpace objects, 0(0B) LOS objects, 23% free, 53MB/69MB, paused 702us total 31.809ms
08-06 02:32:36.227 13231 13327 I art     : Starting a blocking GC Explicit
08-06 02:32:36.260 13231 13327 I art     : Explicit concurrent mark sweep GC freed 3(96B) AllocSpace objects, 0(0B) LOS objects, 23% free, 53MB/69MB, paused 695us total 31.956ms
08-06 02:32:36.593 13231 13244 I art     : Starting a blocking GC Explicit
08-06 02:32:36.632 13231 13244 I art     : Explicit concurrent mark sweep GC freed 1344(78KB) AllocSpace objects, 1(20KB) LOS objects, 23% free, 53MB/69MB, paused 732us total 38.250ms
08-06 02:32:36.646 13231 13244 I art     : Starting a blocking GC Explicit
08-06 02:32:36.677 13231 13244 I art     : Explicit concurrent mark sweep GC freed 20(704B) AllocSpace objects, 0(0B) LOS objects, 23% free, 53MB/69MB, paused 803us total 30.854ms
08-06 02:32:36.690 13231 13244 I art     : Starting a blocking GC Explicit
08-06 02:32:36.721 13231 13244 I art     : Explicit concurrent mark sweep GC freed 3(96B) AllocSpace objects, 0(0B) LOS objects, 23% free, 53MB/69MB, paused 762us total 31.436ms
08-06 02:32:36.733 13231 13244 I art     : Starting a blocking GC Explicit
08-06 02:32:36.765 13231 13244 I art     : Explicit concurrent mark sweep GC freed 3(96B) AllocSpace objects, 0(0B) LOS objects, 23% free, 53MB/69MB, paused 682us total 31.735ms
08-06 02:32:36.777 13231 13244 I art     : Starting a blocking GC Explicit
08-06 02:32:36.809 13231 13244 I art     : Explicit concurrent mark sweep GC freed 7(224B) AllocSpace objects, 0(0B) LOS objects, 23% free, 53MB/69MB, paused 674us total 31.331ms
08-06 02:32:37.117 13231 13243 I art     : Starting a blocking GC Explicit
08-06 02:32:37.149 13231 13243 I art     : Explicit concurrent mark sweep GC freed 1361(79KB) AllocSpace objects, 1(20KB) LOS objects, 23% free, 53MB/69MB, paused 668us total 31.159ms
08-06 02:32:37.160 13231 13243 I art     : Starting a blocking GC Explicit
08-06 02:32:37.189 13231 13243 I art     : Explicit concurrent mark sweep GC freed 36(1216B) AllocSpace objects, 0(0B) LOS objects, 23% free, 53MB/69MB, paused 657us total 28.876ms
08-06 02:32:37.201 13231 13243 I art     : Starting a blocking GC Explicit
08-06 02:32:37.230 13231 13243 I art     : Explicit concurrent mark sweep GC freed 3(96B) AllocSpace objects, 0(0B) LOS objects, 23% free, 53MB/69MB, paused 677us total 28.823ms
08-06 02:32:37.242 13231 13243 I art     : Starting a blocking GC Explicit
08-06 02:32:37.272 13231 13243 I art     : Explicit concurrent mark sweep GC freed 3(96B) AllocSpace objects, 0(0B) LOS objects, 23% free, 53MB/69MB, paused 681us total 30.308ms
08-06 02:32:37.284 13231 13243 I art     : Starting a blocking GC Explicit
08-06 02:32:37.310   918  3188 I hubconnection: sensorhub said: 'set_bias 3: -5.7792, 0.0000, 0.0000'
08-06 02:32:37.315 13231 13243 I art     : Explicit concurrent mark sweep GC freed 3(96B) AllocSpace objects, 0(0B) LOS objects, 23% free, 53MB/69MB, paused 675us total 30.341ms
08-06 02:32:37.634 13231 13260 I art     : Starting a blocking GC Explicit
08-06 02:32:37.673 13231 13260 I art     : Explicit concurrent mark sweep GC freed 1344(78KB) AllocSpace objects, 1(20KB) LOS objects, 23% free, 53MB/69MB, paused 749us total 38.614ms
08-06 02:32:37.690 13231 13260 I art     : Starting a blocking GC Explicit
08-06 02:32:37.724 13231 13260 I art     : Explicit concurrent mark sweep GC freed 20(704B) AllocSpace objects, 0(0B) LOS objects, 23% free, 53MB/69MB, paused 763us total 34.340ms
08-06 02:32:37.738 13231 13260 I art     : Starting a blocking GC Explicit
08-06 02:32:37.771 13231 13260 I art     : Explicit concurrent mark sweep GC freed 3(96B) AllocSpace objects, 0(0B) LOS objects, 23% free, 53MB/69MB, paused 663us total 32.097ms
08-06 02:32:37.783 13231 13260 I art     : Starting a blocking GC Explicit
08-06 02:32:37.814 13231 13260 I art     : Explicit concurrent mark sweep GC freed 3(96B) AllocSpace objects, 0(0B) LOS objects, 23% free, 53MB/69MB, paused 670us total 31.568ms
08-06 02:32:37.827 13231 13260 I art     : Starting a blocking GC Explicit
08-06 02:32:37.856 13231 13260 I art     : Explicit concurrent mark sweep GC freed 3(96B) AllocSpace objects, 0(0B) LOS objects, 23% free, 53MB/69MB, paused 655us total 29.711ms
08-06 02:32:38.199 13231 13327 I art     : Starting a blocking GC Explicit
08-06 02:32:38.239 13231 13327 I art     : Explicit concurrent mark sweep GC freed 1344(78KB) AllocSpace objects, 1(20KB) LOS objects, 23% free, 53MB/69MB, paused 697us total 39.309ms
08-06 02:32:38.254 13231 13327 I art     : Starting a blocking GC Explicit
08-06 02:32:38.285 13231 13327 I art     : Explicit concurrent mark sweep GC freed 20(704B) AllocSpace objects, 0(0B) LOS objects, 23% free, 53MB/69MB, paused 681us total 30.579ms
08-06 02:32:38.297 13231 13327 I art     : Starting a blocking GC Explicit
08-06 02:32:38.329 13231 13327 I art     : Explicit concurrent mark sweep GC freed 3(96B) AllocSpace objects, 0(0B) LOS objects, 23% free, 53MB/69MB, paused 747us total 31.632ms
08-06 02:32:38.331   518   646 I ThermalEngine: ACTION: GPU - Setting GPU[0] to 510000000
08-06 02:32:38.340 13231 13327 I art     : Starting a blocking GC Explicit
08-06 02:32:38.371 13231 13327 I art     : Explicit concurrent mark sweep GC freed 3(96B) AllocSpace objects, 0(0B) LOS objects, 23% free, 53MB/69MB, paused 510us total 30.857ms
08-06 02:32:38.381 13231 13327 I art     : Starting a blocking GC Explicit
08-06 02:32:38.405 13231 13327 I art     : Explicit concurrent mark sweep GC freed 3(96B) AllocSpace objects, 0(0B) LOS objects, 23% free, 53MB/69MB, paused 498us total 23.773ms
08-06 02:32:38.748 13231 13244 I art     : Starting a blocking GC Explicit
08-06 02:32:38.778 13231 13244 I art     : Explicit concurrent mark sweep GC freed 1344(78KB) AllocSpace objects, 1(20KB) LOS objects, 23% free, 53MB/69MB, paused 596us total 29.355ms
08-06 02:32:38.791 13231 13244 I art     : Starting a blocking GC Explicit
08-06 02:32:38.815 13231 13244 I art     : Explicit concurrent mark sweep GC freed 20(704B) AllocSpace objects, 0(0B) LOS objects, 23% free, 53MB/69MB, paused 493us total 23.587ms
08-06 02:32:38.824 13231 13244 I art     : Starting a blocking GC Explicit
08-06 02:32:38.848 13231 13244 I art     : Explicit concurrent mark sweep GC freed 3(96B) AllocSpace objects, 0(0B) LOS objects, 23% free, 53MB/69MB, paused 523us total 23.563ms
08-06 02:32:38.857 13231 13244 I art     : Starting a blocking GC Explicit
08-06 02:32:38.880 13231 13244 I art     : Explicit concurrent mark sweep GC freed 3(96B) AllocSpace objects, 0(0B) LOS objects, 23% free, 53MB/69MB, paused 486us total 23.366ms
08-06 02:32:38.889 13231 13244 I art     : Starting a blocking GC Explicit
08-06 02:32:38.912 13231 13244 I art     : Explicit concurrent mark sweep GC freed 3(96B) AllocSpace objects, 0(0B) LOS objects, 23% free, 53MB/69MB, paused 484us total 22.792ms
08-06 02:32:39.233 13231 13243 I art     : Starting a blocking GC Explicit
08-06 02:32:39.262 13231 13243 I art     : Explicit concurrent mark sweep GC freed 1344(78KB) AllocSpace objects, 1(20KB) LOS objects, 23% free, 53MB/69MB, paused 511us total 28.879ms
08-06 02:32:39.275 13231 13243 I art     : Starting a blocking GC Explicit
08-06 02:32:39.298 13231 13243 I art     : Explicit concurrent mark sweep GC freed 20(704B) AllocSpace objects, 0(0B) LOS objects, 23% free, 53MB/69MB, paused 509us total 23.413ms
08-06 02:32:39.307 13231 13243 I art     : Starting a blocking GC Explicit
08-06 02:32:39.330 13231 13243 I art     : Explicit concurrent mark sweep GC freed 3(96B) AllocSpace objects, 0(0B) LOS objects, 23% free, 53MB/69MB, paused 482us total 22.013ms
08-06 02:32:39.339 13231 13243 I art     : Starting a blocking GC Explicit
08-06 02:32:39.362 13231 13243 I art     : Explicit concurrent mark sweep GC freed 3(96B) AllocSpace objects, 0(0B) LOS objects, 23% free, 53MB/69MB, paused 513us total 23.497ms
08-06 02:32:39.372 13231 13243 I art     : Starting a blocking GC Explicit
08-06 02:32:39.394 13231 13243 I art     : Explicit concurrent mark sweep GC freed 3(96B) AllocSpace objects, 0(0B) LOS objects, 23% free, 53MB/69MB, paused 477us total 22.585ms
08-06 02:32:39.724 13231 13260 I art     : Starting a blocking GC Explicit
08-06 02:32:39.757 13231 13260 I art     : Explicit concurrent mark sweep GC freed 1344(78KB) AllocSpace objects, 1(20KB) LOS objects, 23% free, 53MB/69MB, paused 526us total 32.567ms
08-06 02:32:39.769 13231 13260 I art     : Starting a blocking GC Explicit
08-06 02:32:39.794 13231 13260 I art     : Explicit concurrent mark sweep GC freed 20(704B) AllocSpace objects, 0(0B) LOS objects, 23% free, 53MB/69MB, paused 491us total 24.649ms
08-06 02:32:39.803 13231 13260 I art     : Starting a blocking GC Explicit
08-06 02:32:39.827 13231 13260 I art     : Explicit concurrent mark sweep GC freed 3(96B) AllocSpace objects, 0(0B) LOS objects, 23% free, 53MB/69MB, paused 492us total 23.175ms
08-06 02:32:39.836 13231 13260 I art     : Starting a blocking GC Explicit
08-06 02:32:39.860 13231 13260 I art     : Explicit concurrent mark sweep GC freed 3(96B) AllocSpace objects, 0(0B) LOS objects, 23% free, 53MB/69MB, paused 495us total 23.798ms
08-06 02:32:39.869 13231 13260 I art     : Starting a blocking GC Explicit
08-06 02:32:39.893 13231 13260 I art     : Explicit concurrent mark sweep GC freed 3(96B) AllocSpace objects, 0(0B) LOS objects, 23% free, 53MB/69MB, paused 490us total 23.310ms
08-06 02:32:40.213 13231 13327 I art     : Starting a blocking GC Explicit
08-06 02:32:40.243 13231 13327 I art     : Explicit concurrent mark sweep GC freed 1344(78KB) AllocSpace objects, 1(20KB) LOS objects, 23% free, 53MB/69MB, paused 545us total 29.269ms
08-06 02:32:40.255 13231 13327 I art     : Starting a blocking GC Explicit
08-06 02:32:40.278 13231 13327 I art     : Explicit concurrent mark sweep GC freed 20(704B) AllocSpace objects, 0(0B) LOS objects, 23% free, 53MB/69MB, paused 521us total 22.737ms
08-06 02:32:40.286 13231 13327 I art     : Starting a blocking GC Explicit
08-06 02:32:40.309 13231 13327 I art     : Explicit concurrent mark sweep GC freed 3(96B) AllocSpace objects, 0(0B) LOS objects, 23% free, 53MB/69MB, paused 496us total 22.425ms
08-06 02:32:40.318 13231 13327 I art     : Starting a blocking GC Explicit
08-06 02:32:40.342 13231 13327 I art     : Explicit concurrent mark sweep GC freed 3(96B) AllocSpace objects, 0(0B) LOS objects, 23% free, 53MB/69MB, paused 484us total 23.085ms
08-06 02:32:40.351 13231 13327 I art     : Starting a blocking GC Explicit
08-06 02:32:40.374 13231 13327 I art     : Explicit concurrent mark sweep GC freed 3(96B) AllocSpace objects, 0(0B) LOS objects, 23% free, 53MB/69MB, paused 496us total 23.077ms
08-06 02:32:40.712 13231 13244 I art     : Starting a blocking GC Explicit
08-06 02:32:40.747 13231 13244 I art     : Explicit concurrent mark sweep GC freed 1344(78KB) AllocSpace objects, 1(20KB) LOS objects, 23% free, 53MB/69MB, paused 530us total 34.287ms
08-06 02:32:40.760 13231 13244 I art     : Starting a blocking GC Explicit
08-06 02:32:40.782 13231 13244 I art     : Explicit concurrent mark sweep GC freed 20(704B) AllocSpace objects, 0(0B) LOS objects, 23% free, 53MB/69MB, paused 479us total 22.007ms
08-06 02:32:40.791 13231 13244 I art     : Starting a blocking GC Explicit
08-06 02:32:40.813 13231 13244 I art     : Explicit concurrent mark sweep GC freed 3(96B) AllocSpace objects, 0(0B) LOS objects, 23% free, 53MB/69MB, paused 515us total 22.587ms
08-06 02:32:40.823 13231 13244 I art     : Starting a blocking GC Explicit
08-06 02:32:40.847 13231 13244 I art     : Explicit concurrent mark sweep GC freed 3(96B) AllocSpace objects, 0(0B) LOS objects, 23% free, 53MB/69MB, paused 507us total 23.671ms
08-06 02:32:40.856 13231 13244 I art     : Starting a blocking GC Explicit
08-06 02:32:40.879 13231 13244 I art     : Explicit concurrent mark sweep GC freed 3(96B) AllocSpace objects, 0(0B) LOS objects, 23% free, 53MB/69MB, paused 481us total 23.235ms
08-06 02:32:41.202 13231 13243 I art     : Starting a blocking GC Explicit
08-06 02:32:41.225 13231 13243 I art     : Explicit concurrent mark sweep GC freed 1344(78KB) AllocSpace objects, 1(20KB) LOS objects, 23% free, 53MB/69MB, paused 548us total 23.083ms
08-06 02:32:41.234 13231 13243 I art     : Starting a blocking GC Explicit
08-06 02:32:41.257 13231 13243 I art     : Explicit concurrent mark sweep GC freed 20(704B) AllocSpace objects, 0(0B) LOS objects, 23% free, 53MB/69MB, paused 573us total 22.947ms
08-06 02:32:41.266 13231 13243 I art     : Starting a blocking GC Explicit
08-06 02:32:41.289 13231 13243 I art     : Explicit concurrent mark sweep GC freed 3(96B) AllocSpace objects, 0(0B) LOS objects, 23% free, 53MB/69MB, paused 504us total 21.989ms
08-06 02:32:41.297 13231 13243 I art     : Starting a blocking GC Explicit
08-06 02:32:41.320 13231 13243 I art     : Explicit concurrent mark sweep GC freed 3(96B) AllocSpace objects, 0(0B) LOS objects, 23% free, 53MB/69MB, paused 504us total 22.116ms
08-06 02:32:41.328 13231 13243 I art     : Starting a blocking GC Explicit
08-06 02:32:41.350 13231 13243 I art     : Explicit concurrent mark sweep GC freed 3(96B) AllocSpace objects, 0(0B) LOS objects, 23% free, 53MB/69MB, paused 532us total 21.719ms
08-06 02:32:41.529 16436 16436 D AndroidRuntime: >>>>>> START com.android.internal.os.RuntimeInit uid 2000 <<<<<<
08-06 02:32:41.534 16436 16436 D AndroidRuntime: CheckJNI is OFF
08-06 02:32:41.566 16436 16436 D ICU     : No timezone override file found: /data/misc/zoneinfo/current/icu/icu_tzdata.dat
08-06 02:32:41.598 16436 16436 I Radio-JNI: register_android_hardware_Radio DONE
08-06 02:32:41.620 16436 16436 D AndroidRuntime: Calling main entry com.android.commands.input.Input
08-06 02:32:41.621 16436 16436 I Input   : injectMotionEvent: MotionEvent { action=ACTION_DOWN, actionButton=0, id[0]=0, x[0]=369.0, y[0]=554.0, toolType[0]=TOOL_TYPE_UNKNOWN, buttonState=0, metaState=0, flags=0x0, edgeFlags=0x0, pointerCount=1, historySize=0, eventTime=844378034, downTime=844378034, deviceId=0, source=0x1002 }
08-06 02:32:41.626 16436 16436 I Input   : injectMotionEvent: MotionEvent { action=ACTION_UP, actionButton=0, id[0]=0, x[0]=369.0, y[0]=554.0, toolType[0]=TOOL_TYPE_UNKNOWN, buttonState=0, metaState=0, flags=0x0, edgeFlags=0x0, pointerCount=1, historySize=0, eventTime=844378034, downTime=844378034, deviceId=0, source=0x1002 }
08-06 02:32:41.627   918   928 I ActivityManager: START u0 {cmp=baseline.appteam.nith.hillffair/.activities.ClubActivity (has extras)} from uid 10697 on display 0
08-06 02:32:41.634 16436 16436 D AndroidRuntime: Shutting down VM
08-06 02:32:41.670 13231 13243 I art     : Starting a blocking GC Explicit
08-06 02:32:41.694 13231 13243 I art     : Explicit concurrent mark sweep GC freed 4973(302KB) AllocSpace objects, 1(20KB) LOS objects, 22% free, 53MB/69MB, paused 580us total 24.095ms
08-06 02:32:41.703 13231 13243 I art     : Starting a blocking GC Explicit
08-06 02:32:41.728 13231 13243 I art     : Explicit concurrent mark sweep GC freed 384(18KB) AllocSpace objects, 0(0B) LOS objects, 22% free, 53MB/69MB, paused 748us total 24.200ms
08-06 02:32:41.731 13866 13866 I GoogleInputMethodServic: GoogleInputMethodService.onFinishInput():3138 
08-06 02:32:41.731   918   936 I ActivityManager: Displayed baseline.appteam.nith.hillffair/.activities.ClubActivity: +99ms
08-06 02:32:41.732 13866 13866 I GoogleInputMethodServic: GoogleInputMethodService.onStartInput():1808 
08-06 02:32:41.738 13231 13243 I art     : Starting a blocking GC Explicit
08-06 02:32:41.764 13231 13243 I art     : Explicit concurrent mark sweep GC freed 40(1648B) AllocSpace objects, 0(0B) LOS objects, 22% free, 53MB/69MB, paused 552us total 25.468ms
08-06 02:32:41.772 13231 13243 I art     : Starting a blocking GC Explicit
08-06 02:32:41.793 13231 13243 I art     : Explicit concurrent mark sweep GC freed 9(304B) AllocSpace objects, 0(0B) LOS objects, 22% free, 53MB/69MB, paused 565us total 20.445ms
08-06 02:32:41.801 13231 13243 I art     : Starting a blocking GC Explicit
08-06 02:32:41.822 13231 13243 I art     : Explicit concurrent mark sweep GC freed 3(96B) AllocSpace objects, 0(0B) LOS objects, 22% free, 53MB/69MB, paused 506us total 20.424ms
08-06 02:32:41.975   380   380 W SurfaceFlinger: couldn't log to binary event log: overflow.
08-06 02:32:42.065 13231 13244 I art     : Starting a blocking GC Explicit
08-06 02:32:42.085 13231 13244 I art     : Explicit concurrent mark sweep GC freed 1434(83KB) AllocSpace objects, 1(20KB) LOS objects, 22% free, 53MB/69MB, paused 494us total 20.659ms
08-06 02:32:42.095 13231 13244 I art     : Starting a blocking GC Explicit
08-06 02:32:42.118 13231 13244 I art     : Explicit concurrent mark sweep GC freed 41(1936B) AllocSpace objects, 0(0B) LOS objects, 22% free, 53MB/69MB, paused 507us total 22.796ms
08-06 02:32:42.126 13231 13244 I art     : Starting a blocking GC Explicit
08-06 02:32:42.147 13231 13244 I art     : Explicit concurrent mark sweep GC freed 13(480B) AllocSpace objects, 0(0B) LOS objects, 22% free, 53MB/69MB, paused 597us total 20.654ms
08-06 02:32:42.156 13231 13244 I art     : Starting a blocking GC Explicit
08-06 02:32:42.178 13231 13244 I art     : Explicit concurrent mark sweep GC freed 13(480B) AllocSpace objects, 0(0B) LOS objects, 22% free, 53MB/69MB, paused 554us total 21.812ms
08-06 02:32:42.186 13231 13244 I art     : Starting a blocking GC Explicit
08-06 02:32:42.208 13231 13244 I art     : Explicit concurrent mark sweep GC freed 10(352B) AllocSpace objects, 0(0B) LOS objects, 22% free, 53MB/69MB, paused 521us total 22.007ms
08-06 02:32:42.426 13231 16462 D OkHttp  : --> GET https://api-hillfair-2k16.herokuapp.com/api/app/club/PR%20Club http/1.1
08-06 02:32:42.461 13231 16462 D OkHttp  : <-- 200 OK https://api-hillfair-2k16.herokuapp.com/api/app/club/PR%20Club (34ms, 979-byte body)
08-06 02:32:42.469 13231 13243 I art     : Starting a blocking GC Explicit
08-06 02:32:42.492 13231 13243 I art     : Explicit concurrent mark sweep GC freed 4191(249KB) AllocSpace objects, 4(220KB) LOS objects, 22% free, 53MB/69MB, paused 547us total 23.005ms
08-06 02:32:42.501 13231 13243 I art     : Starting a blocking GC Explicit
08-06 02:32:42.511 13231 13231 I NAPPA_EXPERIMENTATION: MetricNetworkRequestExecutionTime: REQUEST_DURATION_SYSTEM='850',REQUEST_DURATION_OKHTTP='34',REQUEST_SYNCHRONOUS='FALSE',RESPONSE_CODE='200',RESPONSE_METHOD='GET',RESPONSE_LENGTH_OKHTTP='979',RESPONSE_LENGTH_HEADER='979',REQUEST_PROTOCOL='http/1.1',REQUEST_URL='https://api-hillfair-2k16.herokuapp.com/api/app/club/PR%20Club',
08-06 02:32:42.523 13231 13243 I art     : Explicit concurrent mark sweep GC freed 1566(209KB) AllocSpace objects, 0(0B) LOS objects, 22% free, 53MB/69MB, paused 523us total 22.313ms
08-06 02:32:42.532 13231 13243 I art     : Starting a blocking GC Explicit
08-06 02:32:42.555 13231 13243 I art     : Explicit concurrent mark sweep GC freed 121(6KB) AllocSpace objects, 0(0B) LOS objects, 22% free, 53MB/69MB, paused 532us total 22.719ms
08-06 02:32:42.565 13231 13243 I art     : Starting a blocking GC Explicit
08-06 02:32:42.586 13231 13243 I art     : Explicit concurrent mark sweep GC freed 4(2144B) AllocSpace objects, 0(0B) LOS objects, 22% free, 53MB/69MB, paused 453us total 21.113ms
08-06 02:32:42.596 13231 13243 I art     : Starting a blocking GC Explicit
08-06 02:32:42.619 13231 13243 I art     : Explicit concurrent mark sweep GC freed 3(96B) AllocSpace objects, 0(0B) LOS objects, 22% free, 53MB/69MB, paused 508us total 22.868ms
08-06 02:32:42.901 13231 13327 I art     : Starting a blocking GC Explicit
08-06 02:32:42.925 13231 13327 I art     : Explicit concurrent mark sweep GC freed 1344(78KB) AllocSpace objects, 1(20KB) LOS objects, 22% free, 53MB/69MB, paused 515us total 23.999ms
08-06 02:32:42.934 13231 13327 I art     : Starting a blocking GC Explicit
08-06 02:32:42.959 13231 13327 I art     : Explicit concurrent mark sweep GC freed 36(1264B) AllocSpace objects, 0(0B) LOS objects, 22% free, 53MB/69MB, paused 507us total 24.139ms
08-06 02:32:42.968 13231 13327 I art     : Starting a blocking GC Explicit
08-06 02:32:42.992 13231 13327 I art     : Explicit concurrent mark sweep GC freed 3(96B) AllocSpace objects, 0(0B) LOS objects, 22% free, 53MB/69MB, paused 505us total 24.127ms
08-06 02:32:43.002 13231 13327 I art     : Starting a blocking GC Explicit
08-06 02:32:43.026 13231 13327 I art     : Explicit concurrent mark sweep GC freed 3(96B) AllocSpace objects, 0(0B) LOS objects, 22% free, 53MB/69MB, paused 513us total 24.028ms
08-06 02:32:43.035 13231 13327 I art     : Starting a blocking GC Explicit
08-06 02:32:43.060 13231 13327 I art     : Explicit concurrent mark sweep GC freed 3(96B) AllocSpace objects, 0(0B) LOS objects, 22% free, 53MB/69MB, paused 522us total 24.199ms
08-06 02:32:43.345   518   646 I ThermalEngine: ACTION: GPU - Setting GPU[0] to 450000000
08-06 02:32:43.387 13231 13243 I art     : Starting a blocking GC Explicit
08-06 02:32:43.427 13231 13243 I art     : Explicit concurrent mark sweep GC freed 1344(78KB) AllocSpace objects, 1(20KB) LOS objects, 22% free, 53MB/69MB, paused 789us total 38.691ms
08-06 02:32:43.444 13231 13243 I art     : Starting a blocking GC Explicit
08-06 02:32:43.478 13231 13243 I art     : Explicit concurrent mark sweep GC freed 20(704B) AllocSpace objects, 0(0B) LOS objects, 22% free, 53MB/69MB, paused 731us total 33.597ms
08-06 02:32:43.490 13231 13243 I art     : Starting a blocking GC Explicit
08-06 02:32:43.524 13231 13243 I art     : Explicit concurrent mark sweep GC freed 3(96B) AllocSpace objects, 0(0B) LOS objects, 22% free, 53MB/69MB, paused 692us total 33.267ms
08-06 02:32:43.536 13231 13243 I art     : Starting a blocking GC Explicit
08-06 02:32:43.569 13231 13243 I art     : Explicit concurrent mark sweep GC freed 3(96B) AllocSpace objects, 0(0B) LOS objects, 22% free, 53MB/69MB, paused 715us total 32.298ms
08-06 02:32:43.581 13231 13243 I art     : Starting a blocking GC Explicit
08-06 02:32:43.614 13231 13243 I art     : Explicit concurrent mark sweep GC freed 3(96B) AllocSpace objects, 0(0B) LOS objects, 22% free, 53MB/69MB, paused 708us total 32.890ms
08-06 02:32:43.941 13231 13244 I art     : Starting a blocking GC Explicit
08-06 02:32:43.984 13231 13244 I art     : Explicit concurrent mark sweep GC freed 1344(78KB) AllocSpace objects, 1(20KB) LOS objects, 22% free, 53MB/69MB, paused 850us total 41.870ms
08-06 02:32:44.001 13231 13244 I art     : Starting a blocking GC Explicit
08-06 02:32:44.037 13231 13244 I art     : Explicit concurrent mark sweep GC freed 20(704B) AllocSpace objects, 0(0B) LOS objects, 22% free, 53MB/69MB, paused 731us total 35.819ms
08-06 02:32:44.050 13231 13244 I art     : Starting a blocking GC Explicit
08-06 02:32:44.084 13231 13244 I art     : Explicit concurrent mark sweep GC freed 3(96B) AllocSpace objects, 0(0B) LOS objects, 22% free, 53MB/69MB, paused 700us total 33.579ms
08-06 02:32:44.096 13231 13244 I art     : Starting a blocking GC Explicit
08-06 02:32:44.129 13231 13244 I art     : Explicit concurrent mark sweep GC freed 3(96B) AllocSpace objects, 0(0B) LOS objects, 22% free, 53MB/69MB, paused 685us total 33.209ms
08-06 02:32:44.141 13231 13244 I art     : Starting a blocking GC Explicit
08-06 02:32:44.172 13231 13244 I art     : Explicit concurrent mark sweep GC freed 3(96B) AllocSpace objects, 0(0B) LOS objects, 22% free, 53MB/69MB, paused 680us total 31.064ms
08-06 02:32:44.516 13231 13260 I art     : Starting a blocking GC Explicit
08-06 02:32:44.556 13231 13260 I art     : Explicit concurrent mark sweep GC freed 1344(78KB) AllocSpace objects, 1(20KB) LOS objects, 22% free, 53MB/69MB, paused 747us total 39.719ms
08-06 02:32:44.572 13231 13260 I art     : Starting a blocking GC Explicit
08-06 02:32:44.610 13231 13260 I art     : Explicit concurrent mark sweep GC freed 20(704B) AllocSpace objects, 0(0B) LOS objects, 22% free, 53MB/69MB, paused 856us total 38.244ms
08-06 02:32:44.626 13231 13260 I art     : Starting a blocking GC Explicit
08-06 02:32:44.658 13231 13260 I art     : Explicit concurrent mark sweep GC freed 3(96B) AllocSpace objects, 0(0B) LOS objects, 22% free, 53MB/69MB, paused 714us total 31.493ms
08-06 02:32:44.670 13231 13260 I art     : Starting a blocking GC Explicit
08-06 02:32:44.703 13231 13260 I art     : Explicit concurrent mark sweep GC freed 3(96B) AllocSpace objects, 0(0B) LOS objects, 22% free, 53MB/69MB, paused 700us total 32.872ms
08-06 02:32:44.715 13231 13260 I art     : Starting a blocking GC Explicit
08-06 02:32:44.749 13231 13260 I art     : Explicit concurrent mark sweep GC freed 3(96B) AllocSpace objects, 0(0B) LOS objects, 22% free, 53MB/69MB, paused 694us total 33.736ms
08-06 02:32:45.087 13231 13327 I art     : Starting a blocking GC Explicit
08-06 02:32:45.130 13231 13327 I art     : Explicit concurrent mark sweep GC freed 1365(79KB) AllocSpace objects, 1(20KB) LOS objects, 22% free, 53MB/69MB, paused 736us total 42.634ms
08-06 02:32:45.145 13231 13327 I art     : Starting a blocking GC Explicit
08-06 02:32:45.179 13231 13327 I art     : Explicit concurrent mark sweep GC freed 36(1216B) AllocSpace objects, 0(0B) LOS objects, 22% free, 53MB/69MB, paused 680us total 33.426ms
08-06 02:32:45.191 13231 13327 I art     : Starting a blocking GC Explicit
08-06 02:32:45.224 13231 13327 I art     : Explicit concurrent mark sweep GC freed 3(96B) AllocSpace objects, 0(0B) LOS objects, 22% free, 53MB/69MB, paused 686us total 32.685ms
08-06 02:32:45.236 13231 13327 I art     : Starting a blocking GC Explicit
08-06 02:32:45.268 13231 13327 I art     : Explicit concurrent mark sweep GC freed 3(96B) AllocSpace objects, 0(0B) LOS objects, 22% free, 53MB/69MB, paused 691us total 31.634ms
08-06 02:32:45.268 13231 13241 I art     : WaitForGcToComplete blocked for 25.239ms for cause HeapTrim
08-06 02:32:45.280 13231 13327 I art     : Starting a blocking GC Explicit
08-06 02:32:45.313 13231 13327 I art     : Explicit concurrent mark sweep GC freed 3(96B) AllocSpace objects, 0(0B) LOS objects, 22% free, 53MB/69MB, paused 729us total 32.942ms
08-06 02:32:45.345   518   646 I ThermalEngine: ACTION: GPU - Setting GPU[0] to 510000000
08-06 02:32:45.641 13231 13243 I art     : Starting a blocking GC Explicit
08-06 02:32:45.671 13231 13243 I art     : Explicit concurrent mark sweep GC freed 1344(78KB) AllocSpace objects, 1(20KB) LOS objects, 22% free, 53MB/69MB, paused 539us total 30.251ms
08-06 02:32:45.684 13231 13243 I art     : Starting a blocking GC Explicit
08-06 02:32:45.710 13231 13243 I art     : Explicit concurrent mark sweep GC freed 20(704B) AllocSpace objects, 0(0B) LOS objects, 22% free, 53MB/69MB, paused 501us total 25.965ms
08-06 02:32:45.719 13231 13243 I art     : Starting a blocking GC Explicit
08-06 02:32:45.744 13231 13243 I art     : Explicit concurrent mark sweep GC freed 3(96B) AllocSpace objects, 0(0B) LOS objects, 22% free, 53MB/69MB, paused 461us total 23.959ms
08-06 02:32:45.753 13231 13243 I art     : Starting a blocking GC Explicit
08-06 02:32:45.778 13231 13243 I art     : Explicit concurrent mark sweep GC freed 3(96B) AllocSpace objects, 0(0B) LOS objects, 22% free, 53MB/69MB, paused 519us total 24.701ms
08-06 02:32:45.787 13231 13243 I art     : Starting a blocking GC Explicit
08-06 02:32:45.811 13231 13243 I art     : Explicit concurrent mark sweep GC freed 3(96B) AllocSpace objects, 0(0B) LOS objects, 22% free, 53MB/69MB, paused 481us total 23.987ms
08-06 02:32:46.079 13231 13244 I art     : Starting a blocking GC Explicit
08-06 02:32:46.109 13231 13244 I art     : Explicit concurrent mark sweep GC freed 1344(78KB) AllocSpace objects, 1(20KB) LOS objects, 22% free, 53MB/69MB, paused 580us total 28.896ms
08-06 02:32:46.120 13231 13244 I art     : Starting a blocking GC Explicit
08-06 02:32:46.144 13231 13244 I art     : Explicit concurrent mark sweep GC freed 20(704B) AllocSpace objects, 0(0B) LOS objects, 22% free, 53MB/69MB, paused 512us total 23.424ms
08-06 02:32:46.153 13231 13244 I art     : Starting a blocking GC Explicit
08-06 02:32:46.177 13231 13244 I art     : Explicit concurrent mark sweep GC freed 3(96B) AllocSpace objects, 0(0B) LOS objects, 22% free, 53MB/69MB, paused 504us total 22.940ms
08-06 02:32:46.185 13231 13244 I art     : Starting a blocking GC Explicit
08-06 02:32:46.209 13231 13244 I art     : Explicit concurrent mark sweep GC freed 3(96B) AllocSpace objects, 0(0B) LOS objects, 22% free, 53MB/69MB, paused 462us total 23.149ms
08-06 02:32:46.218 13231 13244 I art     : Starting a blocking GC Explicit
08-06 02:32:46.240 13231 13244 I art     : Explicit concurrent mark sweep GC freed 3(96B) AllocSpace objects, 0(0B) LOS objects, 22% free, 53MB/69MB, paused 473us total 22.590ms
08-06 02:32:46.322 16582 16582 D AndroidRuntime: >>>>>> START com.android.internal.os.RuntimeInit uid 2000 <<<<<<
08-06 02:32:46.327 16582 16582 D AndroidRuntime: CheckJNI is OFF
08-06 02:32:46.364 16582 16582 D ICU     : No timezone override file found: /data/misc/zoneinfo/current/icu/icu_tzdata.dat
08-06 02:32:46.399 16582 16582 I Radio-JNI: register_android_hardware_Radio DONE
08-06 02:32:46.420 16582 16582 D AndroidRuntime: Calling main entry com.android.commands.input.Input
08-06 02:32:46.422 16582 16582 I Input   : injectKeyEvent: KeyEvent { action=ACTION_DOWN, keyCode=KEYCODE_BACK, scanCode=0, metaState=0, flags=0x0, repeatCount=0, eventTime=844382835, downTime=844382835, deviceId=-1, source=0x101 }
08-06 02:32:46.429 16582 16582 I Input   : injectKeyEvent: KeyEvent { action=ACTION_UP, keyCode=KEYCODE_BACK, scanCode=0, metaState=0, flags=0x0, repeatCount=0, eventTime=844382835, downTime=844382835, deviceId=-1, source=0x101 }
08-06 02:32:46.435 16582 16582 D AndroidRuntime: Shutting down VM
08-06 02:32:46.472 13866 13866 I GoogleInputMethodServic: GoogleInputMethodService.onFinishInput():3138 
08-06 02:32:46.473 13866 13866 I GoogleInputMethodServic: GoogleInputMethodService.onStartInput():1808 
08-06 02:32:46.517 13231 13243 I art     : Starting a blocking GC Explicit
08-06 02:32:46.537 13231 13243 I art     : Explicit concurrent mark sweep GC freed 1526(86KB) AllocSpace objects, 1(20KB) LOS objects, 22% free, 53MB/69MB, paused 493us total 20.194ms
08-06 02:32:46.545 13231 13243 I art     : Starting a blocking GC Explicit
08-06 02:32:46.565 13231 13243 I art     : Explicit concurrent mark sweep GC freed 26(944B) AllocSpace objects, 0(0B) LOS objects, 22% free, 53MB/69MB, paused 429us total 19.757ms
08-06 02:32:46.575 13231 13243 I art     : Starting a blocking GC Explicit
08-06 02:32:46.600 13231 13243 I art     : Explicit concurrent mark sweep GC freed 3(96B) AllocSpace objects, 0(0B) LOS objects, 22% free, 53MB/69MB, paused 501us total 24.651ms
08-06 02:32:46.611 13231 13243 I art     : Starting a blocking GC Explicit
08-06 02:32:46.640 13231 13243 I art     : Explicit concurrent mark sweep GC freed 3(96B) AllocSpace objects, 0(0B) LOS objects, 22% free, 53MB/69MB, paused 585us total 28.661ms
08-06 02:32:46.649 13231 13243 I art     : Starting a blocking GC Explicit
08-06 02:32:46.679 13231 13243 I art     : Explicit concurrent mark sweep GC freed 3(96B) AllocSpace objects, 0(0B) LOS objects, 22% free, 53MB/69MB, paused 495us total 29.565ms
08-06 02:32:46.764   380   380 W SurfaceFlinger: couldn't log to binary event log: overflow.
08-06 02:32:46.936 13231 13327 I art     : Starting a blocking GC Explicit
08-06 02:32:46.967 13231 13327 I art     : Explicit concurrent mark sweep GC freed 1453(86KB) AllocSpace objects, 1(20KB) LOS objects, 22% free, 53MB/69MB, paused 551us total 30.786ms
08-06 02:32:46.980 13231 13327 I art     : Starting a blocking GC Explicit
08-06 02:32:47.009 13231 13327 I art     : Explicit concurrent mark sweep GC freed 1671(107KB) AllocSpace objects, 3(184KB) LOS objects, 23% free, 53MB/69MB, paused 493us total 28.703ms
08-06 02:32:47.019 13231 13327 I art     : Starting a blocking GC Explicit
08-06 02:32:47.043 13231 13327 I art     : Explicit concurrent mark sweep GC freed 3(96B) AllocSpace objects, 0(0B) LOS objects, 23% free, 53MB/69MB, paused 504us total 23.859ms
08-06 02:32:47.052 13231 13327 I art     : Starting a blocking GC Explicit
08-06 02:32:47.076 13231 13327 I art     : Explicit concurrent mark sweep GC freed 3(96B) AllocSpace objects, 0(0B) LOS objects, 23% free, 53MB/69MB, paused 499us total 23.435ms
08-06 02:32:47.085 13231 13327 I art     : Starting a blocking GC Explicit
08-06 02:32:47.108 13231 13327 I art     : Explicit concurrent mark sweep GC freed 3(96B) AllocSpace objects, 0(0B) LOS objects, 23% free, 53MB/69MB, paused 489us total 23.417ms
08-06 02:32:47.410 13231 13244 I art     : Starting a blocking GC Explicit
08-06 02:32:47.434 13231 13244 I art     : Explicit concurrent mark sweep GC freed 1344(78KB) AllocSpace objects, 1(20KB) LOS objects, 23% free, 53MB/69MB, paused 501us total 24.095ms
08-06 02:32:47.444 13231 13244 I art     : Starting a blocking GC Explicit
08-06 02:32:47.468 13231 13244 I art     : Explicit concurrent mark sweep GC freed 20(704B) AllocSpace objects, 0(0B) LOS objects, 23% free, 53MB/69MB, paused 543us total 23.916ms
08-06 02:32:47.477 13231 13244 I art     : Starting a blocking GC Explicit
08-06 02:32:47.501 13231 13244 I art     : Explicit concurrent mark sweep GC freed 3(96B) AllocSpace objects, 0(0B) LOS objects, 23% free, 53MB/69MB, paused 505us total 23.953ms
08-06 02:32:47.510 13231 13244 I art     : Starting a blocking GC Explicit
08-06 02:32:47.534 13231 13244 I art     : Explicit concurrent mark sweep GC freed 3(96B) AllocSpace objects, 0(0B) LOS objects, 23% free, 53MB/69MB, paused 501us total 23.475ms
08-06 02:32:47.543 13231 13244 I art     : Starting a blocking GC Explicit
08-06 02:32:47.567 13231 13244 I art     : Explicit concurrent mark sweep GC freed 3(96B) AllocSpace objects, 0(0B) LOS objects, 23% free, 53MB/69MB, paused 561us total 23.280ms
08-06 02:32:47.678   918  3188 I hubconnection: sensorhub said: 'set_bias 3: -4.8384, 0.0000, 0.0000'
08-06 02:32:47.824 21940 22102 E GoogleConversionReporter: Error sending ping
08-06 02:32:47.824 21940 22102 E GoogleConversionReporter: bljc: Exception in CronetUrlRequest: net::ERR_CONNECTION_CLOSED, ErrorCode=5, InternalErrorCode=-100, Retryable=true
08-06 02:32:47.824 21940 22102 E GoogleConversionReporter: 	at org.chromium.net.impl.CronetUrlRequest.onError(PG:55)
08-06 02:32:47.845 13231 13260 I art     : Starting a blocking GC Explicit
08-06 02:32:47.868 13231 13260 I art     : Explicit concurrent mark sweep GC freed 1344(78KB) AllocSpace objects, 1(20KB) LOS objects, 23% free, 53MB/69MB, paused 512us total 23.525ms
08-06 02:32:47.877 13231 13260 I art     : Starting a blocking GC Explicit
08-06 02:32:47.901 13231 13260 I art     : Explicit concurrent mark sweep GC freed 20(704B) AllocSpace objects, 0(0B) LOS objects, 23% free, 53MB/69MB, paused 505us total 23.272ms
08-06 02:32:47.911 13231 13260 I art     : Starting a blocking GC Explicit
08-06 02:32:47.933 13231 13260 I art     : Explicit concurrent mark sweep GC freed 3(96B) AllocSpace objects, 0(0B) LOS objects, 23% free, 53MB/69MB, paused 497us total 22.521ms
08-06 02:32:47.942 13231 13260 I art     : Starting a blocking GC Explicit
08-06 02:32:47.964 13231 13260 I art     : Explicit concurrent mark sweep GC freed 3(96B) AllocSpace objects, 0(0B) LOS objects, 23% free, 53MB/69MB, paused 483us total 22.233ms
08-06 02:32:47.973 13231 13260 I art     : Starting a blocking GC Explicit
08-06 02:32:47.995 13231 13260 I art     : Explicit concurrent mark sweep GC freed 3(96B) AllocSpace objects, 0(0B) LOS objects, 23% free, 53MB/69MB, paused 488us total 22.088ms
08-06 02:32:48.112 16635 16635 D AndroidRuntime: >>>>>> START com.android.internal.os.RuntimeInit uid 2000 <<<<<<
08-06 02:32:48.119 16635 16635 D AndroidRuntime: CheckJNI is OFF
08-06 02:32:48.156 16635 16635 D ICU     : No timezone override file found: /data/misc/zoneinfo/current/icu/icu_tzdata.dat
08-06 02:32:48.189 16635 16635 I Radio-JNI: register_android_hardware_Radio DONE
08-06 02:32:48.210 16635 16635 D AndroidRuntime: Calling main entry com.android.commands.input.Input
08-06 02:32:48.212 16635 16635 I Input   : injectMotionEvent: MotionEvent { action=ACTION_DOWN, actionButton=0, id[0]=0, x[0]=1012.0, y[0]=1152.0, toolType[0]=TOOL_TYPE_UNKNOWN, buttonState=0, metaState=0, flags=0x0, edgeFlags=0x0, pointerCount=1, historySize=0, eventTime=844384625, downTime=844384625, deviceId=0, source=0x1002 }
08-06 02:32:48.216 16635 16635 I Input   : injectMotionEvent: MotionEvent { action=ACTION_UP, actionButton=0, id[0]=0, x[0]=1012.0, y[0]=1152.0, toolType[0]=TOOL_TYPE_UNKNOWN, buttonState=0, metaState=0, flags=0x0, edgeFlags=0x0, pointerCount=1, historySize=0, eventTime=844384625, downTime=844384625, deviceId=0, source=0x1002 }
08-06 02:32:48.218   918  6112 I ActivityManager: START u0 {cmp=baseline.appteam.nith.hillffair/.activities.ClubActivity (has extras)} from uid 10697 on display 0
08-06 02:32:48.225 16635 16635 D AndroidRuntime: Shutting down VM
08-06 02:32:48.286 13231 13327 I art     : Starting a blocking GC Explicit
08-06 02:32:48.308 13231 13327 I art     : Explicit concurrent mark sweep GC freed 4760(293KB) AllocSpace objects, 1(20KB) LOS objects, 22% free, 53MB/69MB, paused 890us total 22.254ms
08-06 02:32:48.317 13231 13327 I art     : Starting a blocking GC Explicit
08-06 02:32:48.322   918   936 I ActivityManager: Displayed baseline.appteam.nith.hillffair/.activities.ClubActivity: +97ms
08-06 02:32:48.326 13866 13866 I GoogleInputMethodServic: GoogleInputMethodService.onFinishInput():3138 
08-06 02:32:48.327 13866 13866 I GoogleInputMethodServic: GoogleInputMethodService.onStartInput():1808 
08-06 02:32:48.342 13231 13327 I art     : Explicit concurrent mark sweep GC freed 329(14KB) AllocSpace objects, 0(0B) LOS objects, 22% free, 53MB/69MB, paused 564us total 24.557ms
08-06 02:32:48.352 13231 13327 I art     : Starting a blocking GC Explicit
08-06 02:32:48.373 13231 13327 I art     : Explicit concurrent mark sweep GC freed 84(5KB) AllocSpace objects, 0(0B) LOS objects, 22% free, 53MB/69MB, paused 588us total 21.031ms
08-06 02:32:48.382 13231 13327 I art     : Starting a blocking GC Explicit
08-06 02:32:48.403 13231 13327 I art     : Explicit concurrent mark sweep GC freed 5(176B) AllocSpace objects, 0(0B) LOS objects, 22% free, 53MB/69MB, paused 506us total 21.310ms
08-06 02:32:48.412 13231 13327 I art     : Starting a blocking GC Explicit
08-06 02:32:48.434 13231 13327 I art     : Explicit concurrent mark sweep GC freed 3(96B) AllocSpace objects, 0(0B) LOS objects, 22% free, 53MB/69MB, paused 638us total 21.943ms
08-06 02:32:48.567   380   380 W SurfaceFlinger: couldn't log to binary event log: overflow.
08-06 02:32:48.688 13231 13243 I art     : Starting a blocking GC Explicit
08-06 02:32:48.720 13231 13243 I art     : Explicit concurrent mark sweep GC freed 1441(83KB) AllocSpace objects, 1(20KB) LOS objects, 22% free, 53MB/69MB, paused 646us total 31.941ms
08-06 02:32:48.733 13231 13243 I art     : Starting a blocking GC Explicit
08-06 02:32:48.756 13231 13243 I art     : Explicit concurrent mark sweep GC freed 38(1408B) AllocSpace objects, 0(0B) LOS objects, 22% free, 53MB/69MB, paused 559us total 23.199ms
08-06 02:32:48.765 13231 13243 I art     : Starting a blocking GC Explicit
08-06 02:32:48.789 13231 13243 I art     : Explicit concurrent mark sweep GC freed 12(464B) AllocSpace objects, 0(0B) LOS objects, 22% free, 53MB/69MB, paused 538us total 22.848ms
08-06 02:32:48.797 13231 13243 I art     : Starting a blocking GC Explicit
08-06 02:32:48.821 13231 13243 I art     : Explicit concurrent mark sweep GC freed 14(496B) AllocSpace objects, 0(0B) LOS objects, 22% free, 53MB/69MB, paused 643us total 22.972ms
08-06 02:32:48.829 13231 13243 I art     : Starting a blocking GC Explicit
08-06 02:32:48.853 13231 13243 I art     : Explicit concurrent mark sweep GC freed 9(336B) AllocSpace objects, 0(0B) LOS objects, 22% free, 53MB/69MB, paused 640us total 22.993ms
08-06 02:32:48.991 13231 16668 D OkHttp  : --> GET https://api-hillfair-2k16.herokuapp.com/api/app/club/Design%20and%20Decoration%20Club http/1.1
08-06 02:32:49.026 13231 16668 D OkHttp  : <-- 200 OK https://api-hillfair-2k16.herokuapp.com/api/app/club/Design%20and%20Decoration%20Club (34ms, 760-byte body)
08-06 02:32:49.068 13231 13231 I NAPPA_EXPERIMENTATION: MetricNetworkRequestExecutionTime: REQUEST_DURATION_SYSTEM='815',REQUEST_DURATION_OKHTTP='34',REQUEST_SYNCHRONOUS='FALSE',RESPONSE_CODE='200',RESPONSE_METHOD='GET',RESPONSE_LENGTH_OKHTTP='760',RESPONSE_LENGTH_HEADER='760',REQUEST_PROTOCOL='http/1.1',REQUEST_URL='https://api-hillfair-2k16.herokuapp.com/api/app/club/Design%20and%20Decoration%20Club',
08-06 02:32:49.123 13231 13260 I art     : Starting a blocking GC Explicit
08-06 02:32:49.151 13231 13260 I art     : Explicit concurrent mark sweep GC freed 4817(339KB) AllocSpace objects, 4(220KB) LOS objects, 22% free, 54MB/70MB, paused 711us total 27.492ms
08-06 02:32:49.160 13231 13260 I art     : Starting a blocking GC Explicit
08-06 02:32:49.185 13231 13260 I art     : Explicit concurrent mark sweep GC freed 1041(119KB) AllocSpace objects, 0(0B) LOS objects, 22% free, 53MB/69MB, paused 529us total 24.789ms
08-06 02:32:49.194 13231 13260 I art     : Starting a blocking GC Explicit
08-06 02:32:49.218 13231 13260 I art     : Explicit concurrent mark sweep GC freed 3(96B) AllocSpace objects, 0(0B) LOS objects, 22% free, 53MB/69MB, paused 598us total 23.209ms
08-06 02:32:49.227 13231 13260 I art     : Starting a blocking GC Explicit
08-06 02:32:49.250 13231 13260 I art     : Explicit concurrent mark sweep GC freed 3(96B) AllocSpace objects, 0(0B) LOS objects, 22% free, 53MB/69MB, paused 645us total 23.455ms
08-06 02:32:49.260 13231 13260 I art     : Starting a blocking GC Explicit
08-06 02:32:49.283 13231 13260 I art     : Explicit concurrent mark sweep GC freed 3(96B) AllocSpace objects, 0(0B) LOS objects, 22% free, 53MB/69MB, paused 479us total 23.185ms
08-06 02:32:49.354   518   646 I ThermalEngine: ACTION: GPU - Setting GPU[0] to 450000000
08-06 02:32:49.577 13231 13260 I art     : Starting a blocking GC Explicit
08-06 02:32:49.612 13231 13260 I art     : Explicit concurrent mark sweep GC freed 1365(79KB) AllocSpace objects, 1(20KB) LOS objects, 22% free, 53MB/69MB, paused 745us total 34.583ms
08-06 02:32:49.627 13231 13260 I art     : Starting a blocking GC Explicit
08-06 02:32:49.658 13231 13260 I art     : Explicit concurrent mark sweep GC freed 52(1776B) AllocSpace objects, 0(0B) LOS objects, 22% free, 53MB/69MB, paused 715us total 30.405ms
08-06 02:32:49.669 13231 13260 I art     : Starting a blocking GC Explicit
08-06 02:32:49.700 13231 13260 I art     : Explicit concurrent mark sweep GC freed 3(96B) AllocSpace objects, 0(0B) LOS objects, 22% free, 53MB/69MB, paused 675us total 30.524ms
08-06 02:32:49.712 13231 13260 I art     : Starting a blocking GC Explicit
08-06 02:32:49.742 13231 13260 I art     : Explicit concurrent mark sweep GC freed 3(96B) AllocSpace objects, 0(0B) LOS objects, 22% free, 53MB/69MB, paused 683us total 30.298ms
08-06 02:32:49.754 13231 13260 I art     : Starting a blocking GC Explicit
08-06 02:32:49.785 13231 13260 I art     : Explicit concurrent mark sweep GC freed 3(96B) AllocSpace objects, 0(0B) LOS objects, 22% free, 53MB/69MB, paused 680us total 30.203ms
08-06 02:32:50.107 13231 13243 I art     : Starting a blocking GC Explicit
08-06 02:32:50.148 13231 13243 I art     : Explicit concurrent mark sweep GC freed 1344(78KB) AllocSpace objects, 1(20KB) LOS objects, 22% free, 53MB/69MB, paused 700us total 40.540ms
08-06 02:32:50.162 13231 13243 I art     : Starting a blocking GC Explicit
08-06 02:32:50.195 13231 13243 I art     : Explicit concurrent mark sweep GC freed 20(704B) AllocSpace objects, 0(0B) LOS objects, 22% free, 53MB/69MB, paused 702us total 32.835ms
08-06 02:32:50.207 13231 13243 I art     : Starting a blocking GC Explicit
08-06 02:32:50.241 13231 13243 I art     : Explicit concurrent mark sweep GC freed 3(96B) AllocSpace objects, 0(0B) LOS objects, 22% free, 53MB/69MB, paused 702us total 33.404ms
08-06 02:32:50.253 13231 13243 I art     : Starting a blocking GC Explicit
08-06 02:32:50.286 13231 13243 I art     : Explicit concurrent mark sweep GC freed 3(96B) AllocSpace objects, 0(0B) LOS objects, 22% free, 53MB/69MB, paused 679us total 32.580ms
08-06 02:32:50.298 13231 13243 I art     : Starting a blocking GC Explicit
08-06 02:32:50.331 13231 13243 I art     : Explicit concurrent mark sweep GC freed 3(96B) AllocSpace objects, 0(0B) LOS objects, 22% free, 53MB/69MB, paused 690us total 32.831ms
08-06 02:32:50.332 13231 13241 I art     : WaitForGcToComplete blocked for 17.587ms for cause HeapTrim
08-06 02:32:50.656 13231 13327 I art     : Starting a blocking GC Explicit
08-06 02:32:50.691 13231 13327 I art     : Explicit concurrent mark sweep GC freed 1344(78KB) AllocSpace objects, 1(20KB) LOS objects, 22% free, 53MB/69MB, paused 675us total 34.870ms
08-06 02:32:50.703 13231 13327 I art     : Starting a blocking GC Explicit
08-06 02:32:50.737 13231 13327 I art     : Explicit concurrent mark sweep GC freed 20(704B) AllocSpace objects, 0(0B) LOS objects, 22% free, 53MB/69MB, paused 821us total 33.571ms
08-06 02:32:50.749 13231 13327 I art     : Starting a blocking GC Explicit
08-06 02:32:50.782 13231 13327 I art     : Explicit concurrent mark sweep GC freed 3(96B) AllocSpace objects, 0(0B) LOS objects, 22% free, 53MB/69MB, paused 648us total 33.051ms
08-06 02:32:50.794 13231 13327 I art     : Starting a blocking GC Explicit
08-06 02:32:50.828 13231 13327 I art     : Explicit concurrent mark sweep GC freed 3(96B) AllocSpace objects, 0(0B) LOS objects, 22% free, 53MB/69MB, paused 713us total 33.923ms
08-06 02:32:50.840 13231 13327 I art     : Starting a blocking GC Explicit
08-06 02:32:50.875 13231 13327 I art     : Explicit concurrent mark sweep GC freed 3(96B) AllocSpace objects, 0(0B) LOS objects, 22% free, 53MB/69MB, paused 709us total 33.994ms
08-06 02:32:51.211 13231 13244 I art     : Starting a blocking GC Explicit
08-06 02:32:51.253 13231 13244 I art     : Explicit concurrent mark sweep GC freed 1344(78KB) AllocSpace objects, 1(20KB) LOS objects, 22% free, 53MB/69MB, paused 764us total 41.724ms
08-06 02:32:51.268 13231 13244 I art     : Starting a blocking GC Explicit
08-06 02:32:51.300 13231 13244 I art     : Explicit concurrent mark sweep GC freed 20(704B) AllocSpace objects, 0(0B) LOS objects, 22% free, 53MB/69MB, paused 698us total 32.282ms
08-06 02:32:51.312 13231 13244 I art     : Starting a blocking GC Explicit
08-06 02:32:51.346 13231 13244 I art     : Explicit concurrent mark sweep GC freed 3(96B) AllocSpace objects, 0(0B) LOS objects, 22% free, 53MB/69MB, paused 684us total 33.349ms
08-06 02:32:51.358 13231 13244 I art     : Starting a blocking GC Explicit
08-06 02:32:51.391 13231 13244 I art     : Explicit concurrent mark sweep GC freed 3(96B) AllocSpace objects, 0(0B) LOS objects, 22% free, 53MB/69MB, paused 655us total 32.895ms
08-06 02:32:51.403 13231 13244 I art     : Starting a blocking GC Explicit
08-06 02:32:51.437 13231 13244 I art     : Explicit concurrent mark sweep GC freed 3(96B) AllocSpace objects, 0(0B) LOS objects, 22% free, 53MB/69MB, paused 836us total 33.518ms
08-06 02:32:51.769 13231 13260 I art     : Starting a blocking GC Explicit
08-06 02:32:51.811 13231 13260 I art     : Explicit concurrent mark sweep GC freed 1344(78KB) AllocSpace objects, 1(20KB) LOS objects, 22% free, 53MB/69MB, paused 786us total 41.725ms
08-06 02:32:51.828 13231 13260 I art     : Starting a blocking GC Explicit
08-06 02:32:51.863 13231 13260 I art     : Explicit concurrent mark sweep GC freed 20(704B) AllocSpace objects, 0(0B) LOS objects, 22% free, 53MB/69MB, paused 706us total 35.293ms
08-06 02:32:51.875 13231 13260 I art     : Starting a blocking GC Explicit
08-06 02:32:51.908 13231 13260 I art     : Explicit concurrent mark sweep GC freed 3(96B) AllocSpace objects, 0(0B) LOS objects, 22% free, 53MB/69MB, paused 810us total 31.833ms
08-06 02:32:51.920 13231 13260 I art     : Starting a blocking GC Explicit
08-06 02:32:51.954 13231 13260 I art     : Explicit concurrent mark sweep GC freed 3(96B) AllocSpace objects, 0(0B) LOS objects, 22% free, 53MB/69MB, paused 699us total 33.826ms
08-06 02:32:51.966 13231 13260 I art     : Starting a blocking GC Explicit
08-06 02:32:52.000 13231 13260 I art     : Explicit concurrent mark sweep GC freed 3(96B) AllocSpace objects, 0(0B) LOS objects, 22% free, 53MB/69MB, paused 650us total 33.750ms
08-06 02:32:52.322 13231 13243 I art     : Starting a blocking GC Explicit
08-06 02:32:52.367 13231 13243 I art     : Explicit concurrent mark sweep GC freed 1344(78KB) AllocSpace objects, 1(20KB) LOS objects, 22% free, 53MB/69MB, paused 758us total 44.519ms
08-06 02:32:52.383 13231 13243 I art     : Starting a blocking GC Explicit
08-06 02:32:52.412 13231 13243 I art     : Explicit concurrent mark sweep GC freed 20(704B) AllocSpace objects, 0(0B) LOS objects, 22% free, 53MB/69MB, paused 633us total 28.632ms
08-06 02:32:52.423 13231 13243 I art     : Starting a blocking GC Explicit
08-06 02:32:52.453 13231 13243 I art     : Explicit concurrent mark sweep GC freed 3(96B) AllocSpace objects, 0(0B) LOS objects, 22% free, 53MB/69MB, paused 669us total 30.173ms
08-06 02:32:52.465 13231 13243 I art     : Starting a blocking GC Explicit
08-06 02:32:52.495 13231 13243 I art     : Explicit concurrent mark sweep GC freed 3(96B) AllocSpace objects, 0(0B) LOS objects, 22% free, 53MB/69MB, paused 667us total 30.123ms
08-06 02:32:52.507 13231 13243 I art     : Starting a blocking GC Explicit
08-06 02:32:52.537 13231 13243 I art     : Explicit concurrent mark sweep GC freed 3(96B) AllocSpace objects, 0(0B) LOS objects, 22% free, 53MB/69MB, paused 691us total 29.440ms
08-06 02:32:52.850 13231 13327 I art     : Starting a blocking GC Explicit
08-06 02:32:52.883 13231 13327 I art     : Explicit concurrent mark sweep GC freed 1344(78KB) AllocSpace objects, 1(20KB) LOS objects, 22% free, 53MB/69MB, paused 710us total 33.291ms
08-06 02:32:52.895 13231 13327 I art     : Starting a blocking GC Explicit
08-06 02:32:52.927 13231 13327 I art     : Explicit concurrent mark sweep GC freed 20(704B) AllocSpace objects, 0(0B) LOS objects, 22% free, 53MB/69MB, paused 765us total 31.599ms
08-06 02:32:52.939 13231 13327 I art     : Starting a blocking GC Explicit
08-06 02:32:52.971 13231 13327 I art     : Explicit concurrent mark sweep GC freed 3(96B) AllocSpace objects, 0(0B) LOS objects, 22% free, 53MB/69MB, paused 703us total 31.515ms
08-06 02:32:52.982 13231 13327 I art     : Starting a blocking GC Explicit
08-06 02:32:53.014 13231 13327 I art     : Explicit concurrent mark sweep GC freed 3(96B) AllocSpace objects, 0(0B) LOS objects, 22% free, 53MB/69MB, paused 715us total 31.254ms
08-06 02:32:53.017 16752 16752 D AndroidRuntime: >>>>>> START com.android.internal.os.RuntimeInit uid 2000 <<<<<<
08-06 02:32:53.023 16752 16752 D AndroidRuntime: CheckJNI is OFF
08-06 02:32:53.026 13231 13327 I art     : Starting a blocking GC Explicit
08-06 02:32:53.057 13231 13327 I art     : Explicit concurrent mark sweep GC freed 3(96B) AllocSpace objects, 0(0B) LOS objects, 22% free, 53MB/69MB, paused 696us total 30.834ms
08-06 02:32:53.071 16752 16752 D ICU     : No timezone override file found: /data/misc/zoneinfo/current/icu/icu_tzdata.dat
08-06 02:32:53.116 16752 16752 I Radio-JNI: register_android_hardware_Radio DONE
08-06 02:32:53.145 16752 16752 D AndroidRuntime: Calling main entry com.android.commands.input.Input
08-06 02:32:53.147 16752 16752 I Input   : injectKeyEvent: KeyEvent { action=ACTION_DOWN, keyCode=KEYCODE_BACK, scanCode=0, metaState=0, flags=0x0, repeatCount=0, eventTime=844389560, downTime=844389560, deviceId=-1, source=0x101 }
08-06 02:32:53.154 16752 16752 I Input   : injectKeyEvent: KeyEvent { action=ACTION_UP, keyCode=KEYCODE_BACK, scanCode=0, metaState=0, flags=0x0, repeatCount=0, eventTime=844389560, downTime=844389560, deviceId=-1, source=0x101 }
08-06 02:32:53.161 16752 16752 D AndroidRuntime: Shutting down VM
08-06 02:32:53.202 13866 13866 I GoogleInputMethodServic: GoogleInputMethodService.onFinishInput():3138 
08-06 02:32:53.203 13866 13866 I GoogleInputMethodServic: GoogleInputMethodService.onStartInput():1808 
08-06 02:32:53.339 13231 13260 I art     : Starting a blocking GC Explicit
08-06 02:32:53.362   518   646 I ThermalEngine: ACTION: GPU - Setting GPU[0] to 510000000
08-06 02:32:53.376 13231 13260 I art     : Explicit concurrent mark sweep GC freed 1526(86KB) AllocSpace objects, 1(20KB) LOS objects, 22% free, 53MB/69MB, paused 912us total 36.333ms
08-06 02:32:53.391 13231 13260 I art     : Starting a blocking GC Explicit
08-06 02:32:53.421 13231 13260 I art     : Explicit concurrent mark sweep GC freed 26(944B) AllocSpace objects, 0(0B) LOS objects, 22% free, 53MB/69MB, paused 465us total 30.294ms
08-06 02:32:53.434 13231 13260 I art     : Starting a blocking GC Explicit
08-06 02:32:53.465 13231 13260 I art     : Explicit concurrent mark sweep GC freed 3(96B) AllocSpace objects, 0(0B) LOS objects, 22% free, 53MB/69MB, paused 583us total 30.259ms
08-06 02:32:53.474 13231 13260 I art     : Starting a blocking GC Explicit
08-06 02:32:53.500 13231 13260 I art     : Explicit concurrent mark sweep GC freed 3(96B) AllocSpace objects, 0(0B) LOS objects, 22% free, 53MB/69MB, paused 488us total 25.699ms
08-06 02:32:53.505   380   380 W SurfaceFlinger: couldn't log to binary event log: overflow.
08-06 02:32:53.510 13231 13260 I art     : Starting a blocking GC Explicit
08-06 02:32:53.534 13231 13260 I art     : Explicit concurrent mark sweep GC freed 112(8KB) AllocSpace objects, 0(0B) LOS objects, 22% free, 53MB/69MB, paused 763us total 23.633ms
08-06 02:32:53.835 13231 13244 I art     : Starting a blocking GC Explicit
08-06 02:32:53.869 13231 13244 I art     : Explicit concurrent mark sweep GC freed 2995(185KB) AllocSpace objects, 4(200KB) LOS objects, 22% free, 53MB/69MB, paused 586us total 33.588ms
08-06 02:32:53.881 13231 13244 I art     : Starting a blocking GC Explicit
08-06 02:32:53.906 13231 13244 I art     : Explicit concurrent mark sweep GC freed 20(704B) AllocSpace objects, 0(0B) LOS objects, 22% free, 53MB/69MB, paused 523us total 24.184ms
08-06 02:32:53.915 13231 13244 I art     : Starting a blocking GC Explicit
08-06 02:32:53.940 13231 13244 I art     : Explicit concurrent mark sweep GC freed 3(96B) AllocSpace objects, 0(0B) LOS objects, 22% free, 53MB/69MB, paused 516us total 24.562ms
08-06 02:32:53.949 13231 13244 I art     : Starting a blocking GC Explicit
08-06 02:32:53.974 13231 13244 I art     : Explicit concurrent mark sweep GC freed 3(96B) AllocSpace objects, 0(0B) LOS objects, 22% free, 53MB/69MB, paused 500us total 24.653ms
08-06 02:32:53.983 13231 13244 I art     : Starting a blocking GC Explicit
08-06 02:32:54.008 13231 13244 I art     : Explicit concurrent mark sweep GC freed 3(96B) AllocSpace objects, 0(0B) LOS objects, 22% free, 53MB/69MB, paused 502us total 24.419ms
08-06 02:32:54.305 13231 13243 I art     : Starting a blocking GC Explicit
08-06 02:32:54.337 13231 13243 I art     : Explicit concurrent mark sweep GC freed 1344(78KB) AllocSpace objects, 1(20KB) LOS objects, 22% free, 53MB/69MB, paused 590us total 31.790ms
08-06 02:32:54.351 13231 13243 I art     : Starting a blocking GC Explicit
08-06 02:32:54.356   918  3261 D WifiStateMachine: starting scan for "H369AA63323"WPA_PSK with 2412,5180
08-06 02:32:54.375 13231 13243 I art     : Explicit concurrent mark sweep GC freed 20(704B) AllocSpace objects, 0(0B) LOS objects, 22% free, 53MB/69MB, paused 505us total 23.585ms
08-06 02:32:54.384 13231 13243 I art     : Starting a blocking GC Explicit
08-06 02:32:54.406 13231 13243 I art     : Explicit concurrent mark sweep GC freed 3(96B) AllocSpace objects, 0(0B) LOS objects, 22% free, 53MB/69MB, paused 464us total 22.002ms
08-06 02:32:54.415 13231 13243 I art     : Starting a blocking GC Explicit
08-06 02:32:54.436 13231 13243 I art     : Explicit concurrent mark sweep GC freed 3(96B) AllocSpace objects, 0(0B) LOS objects, 22% free, 53MB/69MB, paused 493us total 21.638ms
08-06 02:32:54.445 13231 13243 I art     : Starting a blocking GC Explicit
08-06 02:32:54.467 13231 13243 I art     : Explicit concurrent mark sweep GC freed 3(96B) AllocSpace objects, 0(0B) LOS objects, 22% free, 53MB/69MB, paused 508us total 22.171ms
08-06 02:32:54.747 13231 13327 I art     : Starting a blocking GC Explicit
08-06 02:32:54.771 13231 13327 I art     : Explicit concurrent mark sweep GC freed 1344(78KB) AllocSpace objects, 1(20KB) LOS objects, 22% free, 53MB/69MB, paused 523us total 23.774ms
08-06 02:32:54.780 13231 13327 I art     : Starting a blocking GC Explicit
08-06 02:32:54.804 13231 13327 I art     : Explicit concurrent mark sweep GC freed 20(704B) AllocSpace objects, 0(0B) LOS objects, 22% free, 53MB/69MB, paused 583us total 23.471ms
08-06 02:32:54.810 16806 16806 D AndroidRuntime: >>>>>> START com.android.internal.os.RuntimeInit uid 2000 <<<<<<
08-06 02:32:54.813 13231 13327 I art     : Starting a blocking GC Explicit
08-06 02:32:54.814 16806 16806 D AndroidRuntime: CheckJNI is OFF
08-06 02:32:54.836 13231 13327 I art     : Explicit concurrent mark sweep GC freed 3(96B) AllocSpace objects, 0(0B) LOS objects, 22% free, 53MB/69MB, paused 519us total 22.822ms
08-06 02:32:54.845 13231 13327 I art     : Starting a blocking GC Explicit
08-06 02:32:54.851 16806 16806 D ICU     : No timezone override file found: /data/misc/zoneinfo/current/icu/icu_tzdata.dat
08-06 02:32:54.867 13231 13327 I art     : Explicit concurrent mark sweep GC freed 3(96B) AllocSpace objects, 0(0B) LOS objects, 22% free, 53MB/69MB, paused 561us total 22.295ms
08-06 02:32:54.876 13231 13327 I art     : Starting a blocking GC Explicit
08-06 02:32:54.887 16806 16806 I Radio-JNI: register_android_hardware_Radio DONE
08-06 02:32:54.898 13231 13327 I art     : Explicit concurrent mark sweep GC freed 3(96B) AllocSpace objects, 0(0B) LOS objects, 22% free, 53MB/69MB, paused 507us total 22.287ms
08-06 02:32:54.908 16806 16806 D AndroidRuntime: Calling main entry com.android.commands.input.Input
08-06 02:32:54.910 16806 16806 I Input   : injectMotionEvent: MotionEvent { action=ACTION_DOWN, actionButton=0, id[0]=0, x[0]=255.0, y[0]=1845.0, toolType[0]=TOOL_TYPE_UNKNOWN, buttonState=0, metaState=0, flags=0x0, edgeFlags=0x0, pointerCount=1, historySize=0, eventTime=844391323, downTime=844391323, deviceId=0, source=0x1002 }
08-06 02:32:54.916 16806 16806 I Input   : injectMotionEvent: MotionEvent { action=ACTION_UP, actionButton=0, id[0]=0, x[0]=255.0, y[0]=1845.0, toolType[0]=TOOL_TYPE_UNKNOWN, buttonState=0, metaState=0, flags=0x0, edgeFlags=0x0, pointerCount=1, historySize=0, eventTime=844391323, downTime=844391323, deviceId=0, source=0x1002 }
08-06 02:32:54.918   918  6110 I ActivityManager: START u0 {cmp=baseline.appteam.nith.hillffair/.activities.ClubActivity (has extras)} from uid 10697 on display 0
08-06 02:32:54.929 16806 16806 D AndroidRuntime: Shutting down VM
08-06 02:32:55.019 13866 13866 I GoogleInputMethodServic: GoogleInputMethodService.onFinishInput():3138 
08-06 02:32:55.020 13866 13866 I GoogleInputMethodServic: GoogleInputMethodService.onStartInput():1808 
08-06 02:32:55.020   918   936 I ActivityManager: Displayed baseline.appteam.nith.hillffair/.activities.ClubActivity: +89ms
08-06 02:32:55.087   918  3188 I hubconnection: sensorhub said: 'set_bias 3: -6.2400, 0.0000, 0.0000'
08-06 02:32:55.147 13231 13327 I art     : Starting a blocking GC Explicit
08-06 02:32:55.181 13231 13327 I art     : Explicit concurrent mark sweep GC freed 4996(308KB) AllocSpace objects, 1(20KB) LOS objects, 22% free, 53MB/69MB, paused 614us total 33.945ms
08-06 02:32:55.193 13231 13327 I art     : Starting a blocking GC Explicit
08-06 02:32:55.226 13231 13327 I art     : Explicit concurrent mark sweep GC freed 218(10KB) AllocSpace objects, 0(0B) LOS objects, 22% free, 53MB/69MB, paused 607us total 33.197ms
08-06 02:32:55.239 13231 13327 I art     : Starting a blocking GC Explicit
08-06 02:32:55.274   380   380 W SurfaceFlinger: couldn't log to binary event log: overflow.
08-06 02:32:55.275 13231 13327 I art     : Explicit concurrent mark sweep GC freed 3(96B) AllocSpace objects, 0(0B) LOS objects, 22% free, 53MB/69MB, paused 688us total 34.904ms
08-06 02:32:55.287 13231 13327 I art     : Starting a blocking GC Explicit
08-06 02:32:55.311 13231 13327 I art     : Explicit concurrent mark sweep GC freed 3(96B) AllocSpace objects, 0(0B) LOS objects, 22% free, 53MB/69MB, paused 679us total 23.722ms
08-06 02:32:55.319 13231 13327 I art     : Starting a blocking GC Explicit
08-06 02:32:55.341 13231 13327 I art     : Explicit concurrent mark sweep GC freed 3(96B) AllocSpace objects, 0(0B) LOS objects, 22% free, 53MB/69MB, paused 606us total 21.497ms
08-06 02:32:55.632 13231 13260 I art     : Starting a blocking GC Explicit
08-06 02:32:55.657 13231 13260 I art     : Explicit concurrent mark sweep GC freed 1489(85KB) AllocSpace objects, 1(20KB) LOS objects, 22% free, 53MB/69MB, paused 673us total 25.454ms
08-06 02:32:55.667 13231 13260 I art     : Starting a blocking GC Explicit
08-06 02:32:55.692 13231 13260 I art     : Explicit concurrent mark sweep GC freed 56(1920B) AllocSpace objects, 0(0B) LOS objects, 22% free, 53MB/69MB, paused 579us total 24.827ms
08-06 02:32:55.701 13231 13260 I art     : Starting a blocking GC Explicit
08-06 02:32:55.725 13231 13260 I art     : Explicit concurrent mark sweep GC freed 815(62KB) AllocSpace objects, 2(120KB) LOS objects, 22% free, 54MB/70MB, paused 784us total 24.376ms
08-06 02:32:55.725 13231 13241 I art     : WaitForGcToComplete blocked for 24.646ms for cause HeapTrim
08-06 02:32:55.734 13231 13260 I art     : Starting a blocking GC Explicit
08-06 02:32:55.749 13231 16829 D OkHttp  : --> GET https://api-hillfair-2k16.herokuapp.com/api/app/club/Technical%20Committee http/1.1
08-06 02:32:55.757 13231 13260 I art     : Explicit concurrent mark sweep GC freed 2155(83KB) AllocSpace objects, 0(0B) LOS objects, 22% free, 54MB/70MB, paused 642us total 22.905ms
08-06 02:32:55.766 13231 13260 I art     : Starting a blocking GC Explicit
08-06 02:32:55.785 13231 16829 D OkHttp  : <-- 200 OK https://api-hillfair-2k16.herokuapp.com/api/app/club/Technical%20Committee (35ms, 1171-byte body)
08-06 02:32:55.789 13231 13260 I art     : Explicit concurrent mark sweep GC freed 704(122KB) AllocSpace objects, 1(80KB) LOS objects, 22% free, 54MB/70MB, paused 581us total 22.208ms
08-06 02:32:55.826 13231 13231 I NAPPA_EXPERIMENTATION: MetricNetworkRequestExecutionTime: REQUEST_DURATION_SYSTEM='874',REQUEST_DURATION_OKHTTP='36',REQUEST_SYNCHRONOUS='FALSE',RESPONSE_CODE='200',RESPONSE_METHOD='GET',RESPONSE_LENGTH_OKHTTP='1171',RESPONSE_LENGTH_HEADER='1171',REQUEST_PROTOCOL='http/1.1',REQUEST_URL='https://api-hillfair-2k16.herokuapp.com/api/app/club/Technical%20Committee',
08-06 02:32:56.082 13231 13243 I art     : Starting a blocking GC Explicit
08-06 02:32:56.109 13231 13243 I art     : Explicit concurrent mark sweep GC freed 2099(190KB) AllocSpace objects, 1(20KB) LOS objects, 22% free, 54MB/70MB, paused 751us total 26.400ms
08-06 02:32:56.119 13231 13243 I art     : Starting a blocking GC Explicit
08-06 02:32:56.144 13231 13243 I art     : Explicit concurrent mark sweep GC freed 84(2992B) AllocSpace objects, 0(0B) LOS objects, 22% free, 54MB/70MB, paused 487us total 24.853ms
08-06 02:32:56.154 13231 13243 I art     : Starting a blocking GC Explicit
08-06 02:32:56.178 13231 13243 I art     : Explicit concurrent mark sweep GC freed 3(96B) AllocSpace objects, 0(0B) LOS objects, 22% free, 54MB/70MB, paused 495us total 24.172ms
08-06 02:32:56.188 13231 13243 I art     : Starting a blocking GC Explicit
08-06 02:32:56.210 13231 13243 I art     : Explicit concurrent mark sweep GC freed 3(96B) AllocSpace objects, 0(0B) LOS objects, 22% free, 54MB/70MB, paused 471us total 21.893ms
08-06 02:32:56.218 13231 13243 I art     : Starting a blocking GC Explicit
08-06 02:32:56.242 13231 13243 I art     : Explicit concurrent mark sweep GC freed 19(656B) AllocSpace objects, 0(0B) LOS objects, 22% free, 54MB/70MB, paused 489us total 23.511ms
08-06 02:32:56.370   518   646 I ThermalEngine: ACTION: GPU - Setting GPU[0] to 450000000
08-06 02:32:56.542 13231 13244 I art     : Starting a blocking GC Explicit
08-06 02:32:56.583 13231 13244 I art     : Explicit concurrent mark sweep GC freed 1345(78KB) AllocSpace objects, 1(20KB) LOS objects, 22% free, 54MB/70MB, paused 805us total 40.623ms
08-06 02:32:56.599 13231 13244 I art     : Starting a blocking GC Explicit
08-06 02:32:56.633 13231 13244 I art     : Explicit concurrent mark sweep GC freed 20(704B) AllocSpace objects, 0(0B) LOS objects, 22% free, 54MB/70MB, paused 735us total 34.374ms
08-06 02:32:56.646 13231 13244 I art     : Starting a blocking GC Explicit
08-06 02:32:56.680 13231 13244 I art     : Explicit concurrent mark sweep GC freed 3(96B) AllocSpace objects, 0(0B) LOS objects, 22% free, 54MB/70MB, paused 739us total 33.792ms
08-06 02:32:56.692 13231 13244 I art     : Starting a blocking GC Explicit
08-06 02:32:56.726 13231 13244 I art     : Explicit concurrent mark sweep GC freed 3(96B) AllocSpace objects, 0(0B) LOS objects, 22% free, 54MB/70MB, paused 780us total 33.515ms
08-06 02:32:56.738 13231 13244 I art     : Starting a blocking GC Explicit
08-06 02:32:56.772 13231 13244 I art     : Explicit concurrent mark sweep GC freed 3(96B) AllocSpace objects, 0(0B) LOS objects, 22% free, 54MB/70MB, paused 740us total 33.768ms
08-06 02:32:57.110 13231 13260 I art     : Starting a blocking GC Explicit
08-06 02:32:57.151 13231 13260 I art     : Explicit concurrent mark sweep GC freed 1344(78KB) AllocSpace objects, 1(20KB) LOS objects, 22% free, 54MB/70MB, paused 792us total 41.004ms
08-06 02:32:57.169 13231 13260 I art     : Starting a blocking GC Explicit
08-06 02:32:57.204 13231 13260 I art     : Explicit concurrent mark sweep GC freed 20(704B) AllocSpace objects, 0(0B) LOS objects, 22% free, 54MB/70MB, paused 745us total 34.625ms
08-06 02:32:57.216 13231 13260 I art     : Starting a blocking GC Explicit
08-06 02:32:57.251 13231 13260 I art     : Explicit concurrent mark sweep GC freed 3(96B) AllocSpace objects, 0(0B) LOS objects, 22% free, 54MB/70MB, paused 722us total 34.233ms
08-06 02:32:57.263 13231 13260 I art     : Starting a blocking GC Explicit
08-06 02:32:57.297 13231 13260 I art     : Explicit concurrent mark sweep GC freed 3(96B) AllocSpace objects, 0(0B) LOS objects, 22% free, 54MB/70MB, paused 790us total 34.226ms
08-06 02:32:57.309 13231 13260 I art     : Starting a blocking GC Explicit
08-06 02:32:57.344 13231 13260 I art     : Explicit concurrent mark sweep GC freed 3(96B) AllocSpace objects, 0(0B) LOS objects, 22% free, 54MB/70MB, paused 738us total 34.121ms
08-06 02:32:57.643 13231 13327 I art     : Starting a blocking GC Explicit
08-06 02:32:57.679 13231 13327 I art     : Explicit concurrent mark sweep GC freed 1344(78KB) AllocSpace objects, 1(20KB) LOS objects, 22% free, 54MB/70MB, paused 700us total 36.138ms
08-06 02:32:57.691 13231 13327 I art     : Starting a blocking GC Explicit
08-06 02:32:57.726 13231 13327 I art     : Explicit concurrent mark sweep GC freed 20(704B) AllocSpace objects, 0(0B) LOS objects, 22% free, 54MB/70MB, paused 741us total 34.704ms
08-06 02:32:57.739 13231 13327 I art     : Starting a blocking GC Explicit
08-06 02:32:57.773 13231 13327 I art     : Explicit concurrent mark sweep GC freed 3(96B) AllocSpace objects, 0(0B) LOS objects, 22% free, 54MB/70MB, paused 733us total 33.773ms
08-06 02:32:57.785 13231 13327 I art     : Starting a blocking GC Explicit
08-06 02:32:57.818 13231 13327 I art     : Explicit concurrent mark sweep GC freed 3(96B) AllocSpace objects, 0(0B) LOS objects, 22% free, 54MB/70MB, paused 928us total 32.533ms
08-06 02:32:57.830 13231 13327 I art     : Starting a blocking GC Explicit
08-06 02:32:57.864 13231 13327 I art     : Explicit concurrent mark sweep GC freed 3(96B) AllocSpace objects, 0(0B) LOS objects, 22% free, 54MB/70MB, paused 720us total 34.122ms
08-06 02:32:58.204 13231 13243 I art     : Starting a blocking GC Explicit
08-06 02:32:58.247 13231 13243 I art     : Explicit concurrent mark sweep GC freed 1344(78KB) AllocSpace objects, 1(20KB) LOS objects, 22% free, 54MB/70MB, paused 789us total 42.542ms
08-06 02:32:58.264 13231 13243 I art     : Starting a blocking GC Explicit
08-06 02:32:58.301 13231 13243 I art     : Explicit concurrent mark sweep GC freed 20(704B) AllocSpace objects, 0(0B) LOS objects, 22% free, 54MB/70MB, paused 696us total 36.464ms
08-06 02:32:58.313 13231 13243 I art     : Starting a blocking GC Explicit
08-06 02:32:58.347 13231 13243 I art     : Explicit concurrent mark sweep GC freed 3(96B) AllocSpace objects, 0(0B) LOS objects, 22% free, 54MB/70MB, paused 830us total 34.246ms
08-06 02:32:58.359 13231 13243 I art     : Starting a blocking GC Explicit
08-06 02:32:58.394 13231 13243 I art     : Explicit concurrent mark sweep GC freed 3(96B) AllocSpace objects, 0(0B) LOS objects, 22% free, 54MB/70MB, paused 722us total 33.844ms
08-06 02:32:58.406 13231 13243 I art     : Starting a blocking GC Explicit
08-06 02:32:58.439 13231 13243 I art     : Explicit concurrent mark sweep GC freed 3(96B) AllocSpace objects, 0(0B) LOS objects, 22% free, 54MB/70MB, paused 741us total 32.451ms
08-06 02:32:58.791 13231 13244 I art     : Starting a blocking GC Explicit
08-06 02:32:58.826 13231 13244 I art     : Explicit concurrent mark sweep GC freed 1344(78KB) AllocSpace objects, 1(20KB) LOS objects, 22% free, 54MB/70MB, paused 711us total 34.538ms
08-06 02:32:58.838 13231 13244 I art     : Starting a blocking GC Explicit
08-06 02:32:58.869 13231 13244 I art     : Explicit concurrent mark sweep GC freed 20(704B) AllocSpace objects, 0(0B) LOS objects, 22% free, 54MB/70MB, paused 706us total 31.336ms
08-06 02:32:58.881 13231 13244 I art     : Starting a blocking GC Explicit
08-06 02:32:58.914 13231 13244 I art     : Explicit concurrent mark sweep GC freed 3(96B) AllocSpace objects, 0(0B) LOS objects, 22% free, 54MB/70MB, paused 691us total 32.904ms
08-06 02:32:58.927 13231 13244 I art     : Starting a blocking GC Explicit
08-06 02:32:58.962 13231 13244 I art     : Explicit concurrent mark sweep GC freed 3(96B) AllocSpace objects, 0(0B) LOS objects, 22% free, 54MB/70MB, paused 728us total 34.563ms
08-06 02:32:58.974 13231 13244 I art     : Starting a blocking GC Explicit
08-06 02:32:59.008 13231 13244 I art     : Explicit concurrent mark sweep GC freed 3(96B) AllocSpace objects, 0(0B) LOS objects, 22% free, 54MB/70MB, paused 760us total 34.225ms
08-06 02:32:59.319 13231 13260 I art     : Starting a blocking GC Explicit
08-06 02:32:59.353 13231 13260 I art     : Explicit concurrent mark sweep GC freed 1344(78KB) AllocSpace objects, 1(20KB) LOS objects, 22% free, 54MB/70MB, paused 784us total 33.419ms
08-06 02:32:59.368 13231 13260 I art     : Starting a blocking GC Explicit
08-06 02:32:59.399 13231 13260 I art     : Explicit concurrent mark sweep GC freed 20(704B) AllocSpace objects, 0(0B) LOS objects, 22% free, 54MB/70MB, paused 738us total 30.031ms
08-06 02:32:59.410 13231 13260 I art     : Starting a blocking GC Explicit
08-06 02:32:59.442 13231 13260 I art     : Explicit concurrent mark sweep GC freed 3(96B) AllocSpace objects, 0(0B) LOS objects, 22% free, 54MB/70MB, paused 743us total 31.352ms
08-06 02:32:59.454 13231 13260 I art     : Starting a blocking GC Explicit
08-06 02:32:59.485 13231 13260 I art     : Explicit concurrent mark sweep GC freed 3(96B) AllocSpace objects, 0(0B) LOS objects, 22% free, 54MB/70MB, paused 759us total 31.401ms
08-06 02:32:59.497 13231 13260 I art     : Starting a blocking GC Explicit
08-06 02:32:59.530 13231 13260 I art     : Explicit concurrent mark sweep GC freed 3(96B) AllocSpace objects, 0(0B) LOS objects, 22% free, 54MB/70MB, paused 749us total 32.227ms
08-06 02:32:59.728 16914 16914 D AndroidRuntime: >>>>>> START com.android.internal.os.RuntimeInit uid 2000 <<<<<<
08-06 02:32:59.734 16914 16914 D AndroidRuntime: CheckJNI is OFF
08-06 02:32:59.777 16914 16914 D ICU     : No timezone override file found: /data/misc/zoneinfo/current/icu/icu_tzdata.dat
08-06 02:32:59.818 16914 16914 I Radio-JNI: register_android_hardware_Radio DONE
08-06 02:32:59.848 16914 16914 D AndroidRuntime: Calling main entry com.android.commands.input.Input
08-06 02:32:59.850 16914 16914 I Input   : injectKeyEvent: KeyEvent { action=ACTION_DOWN, keyCode=KEYCODE_BACK, scanCode=0, metaState=0, flags=0x0, repeatCount=0, eventTime=844396263, downTime=844396263, deviceId=-1, source=0x101 }
08-06 02:32:59.855 16914 16914 I Input   : injectKeyEvent: KeyEvent { action=ACTION_UP, keyCode=KEYCODE_BACK, scanCode=0, metaState=0, flags=0x0, repeatCount=0, eventTime=844396263, downTime=844396263, deviceId=-1, source=0x101 }
08-06 02:32:59.861 16914 16914 D AndroidRuntime: Shutting down VM
08-06 02:32:59.868 13231 13260 I art     : Starting a blocking GC Explicit
08-06 02:32:59.899 13231 13260 I art     : Explicit concurrent mark sweep GC freed 1489(84KB) AllocSpace objects, 1(20KB) LOS objects, 22% free, 54MB/70MB, paused 675us total 30.006ms
08-06 02:32:59.904 13866 13866 I GoogleInputMethodServic: GoogleInputMethodService.onFinishInput():3138 
08-06 02:32:59.904 13866 13866 I GoogleInputMethodServic: GoogleInputMethodService.onStartInput():1808 
08-06 02:32:59.910 13231 13260 I art     : Starting a blocking GC Explicit
08-06 02:32:59.938 13231 13260 I art     : Explicit concurrent mark sweep GC freed 56(2016B) AllocSpace objects, 0(0B) LOS objects, 22% free, 54MB/70MB, paused 683us total 27.419ms
08-06 02:32:59.949 13136 13136 I Atfwd_Sendcmd: AtCmdFwd service not ready - Exhausted retry attempts - :6
08-06 02:32:59.950 13231 13260 I art     : Starting a blocking GC Explicit
08-06 02:32:59.950 13136 13136 I Atfwd_Daemon: result : -1 	 ,Init step :2 	 ,qmiErrorCode: 0
08-06 02:32:59.977 13231 13260 I art     : Explicit concurrent mark sweep GC freed 10(384B) AllocSpace objects, 0(0B) LOS objects, 22% free, 54MB/70MB, paused 738us total 27.573ms
08-06 02:32:59.988 13231 13260 I art     : Starting a blocking GC Explicit
08-06 02:33:00.018 13231 13260 I art     : Explicit concurrent mark sweep GC freed 3(96B) AllocSpace objects, 0(0B) LOS objects, 22% free, 54MB/70MB, paused 1.120ms total 29.166ms
08-06 02:33:00.031 13231 13260 I art     : Starting a blocking GC Explicit
08-06 02:33:00.060 13231 13260 I art     : Explicit concurrent mark sweep GC freed 3(96B) AllocSpace objects, 0(0B) LOS objects, 22% free, 54MB/70MB, paused 675us total 27.892ms
08-06 02:33:00.212   380   380 W SurfaceFlinger: couldn't log to binary event log: overflow.
08-06 02:33:00.348 13231 13244 I art     : Starting a blocking GC Explicit
08-06 02:33:00.376   518   646 I ThermalEngine: ACTION: GPU - Setting GPU[0] to 510000000
08-06 02:33:00.380 13231 13244 I art     : Explicit concurrent mark sweep GC freed 1453(86KB) AllocSpace objects, 1(20KB) LOS objects, 22% free, 54MB/70MB, paused 695us total 31.388ms
08-06 02:33:00.391 13231 13244 I art     : Starting a blocking GC Explicit
08-06 02:33:00.422 13231 13244 I art     : Explicit concurrent mark sweep GC freed 1670(108KB) AllocSpace objects, 3(180KB) LOS objects, 22% free, 53MB/69MB, paused 576us total 30.114ms
08-06 02:33:00.432 13231 13244 I art     : Starting a blocking GC Explicit
08-06 02:33:00.457 13231 13244 I art     : Explicit concurrent mark sweep GC freed 3(96B) AllocSpace objects, 0(0B) LOS objects, 22% free, 53MB/69MB, paused 700us total 25.278ms
08-06 02:33:00.466 13231 13244 I art     : Starting a blocking GC Explicit
08-06 02:33:00.491 13231 13244 I art     : Explicit concurrent mark sweep GC freed 3(96B) AllocSpace objects, 0(0B) LOS objects, 22% free, 53MB/69MB, paused 533us total 24.157ms
08-06 02:33:00.500 13231 13244 I art     : Starting a blocking GC Explicit
08-06 02:33:00.524 13231 13244 I art     : Explicit concurrent mark sweep GC freed 3(96B) AllocSpace objects, 0(0B) LOS objects, 22% free, 53MB/69MB, paused 542us total 23.953ms
08-06 02:33:00.831 13231 13260 I art     : Starting a blocking GC Explicit
08-06 02:33:00.862 13231 13260 I art     : Explicit concurrent mark sweep GC freed 1344(78KB) AllocSpace objects, 1(20KB) LOS objects, 22% free, 53MB/69MB, paused 578us total 30.472ms
08-06 02:33:00.875 13231 13260 I art     : Starting a blocking GC Explicit
08-06 02:33:00.899 13231 13260 I art     : Explicit concurrent mark sweep GC freed 20(704B) AllocSpace objects, 0(0B) LOS objects, 22% free, 53MB/69MB, paused 524us total 23.771ms
08-06 02:33:00.908 13231 13260 I art     : Starting a blocking GC Explicit
08-06 02:33:00.932 13231 13260 I art     : Explicit concurrent mark sweep GC freed 3(96B) AllocSpace objects, 0(0B) LOS objects, 22% free, 53MB/69MB, paused 548us total 24.434ms
08-06 02:33:00.942 13231 13260 I art     : Starting a blocking GC Explicit
08-06 02:33:00.966 13231 13260 I art     : Explicit concurrent mark sweep GC freed 3(96B) AllocSpace objects, 0(0B) LOS objects, 22% free, 53MB/69MB, paused 531us total 24.126ms
08-06 02:33:00.975 13231 13260 I art     : Starting a blocking GC Explicit
08-06 02:33:01.000 13231 13260 I art     : Explicit concurrent mark sweep GC freed 7(224B) AllocSpace objects, 0(0B) LOS objects, 22% free, 53MB/69MB, paused 529us total 24.889ms
08-06 02:33:01.272 13231 13327 I art     : Starting a blocking GC Explicit
08-06 02:33:01.296 13231 13327 I art     : Explicit concurrent mark sweep GC freed 1353(78KB) AllocSpace objects, 1(20KB) LOS objects, 22% free, 53MB/69MB, paused 532us total 24.016ms
08-06 02:33:01.305 13231 13327 I art     : Starting a blocking GC Explicit
08-06 02:33:01.329 13231 13327 I art     : Explicit concurrent mark sweep GC freed 34(1136B) AllocSpace objects, 0(0B) LOS objects, 22% free, 53MB/69MB, paused 524us total 23.558ms
08-06 02:33:01.338 13231 13327 I art     : Starting a blocking GC Explicit
08-06 02:33:01.361 13231 13327 I art     : Explicit concurrent mark sweep GC freed 3(96B) AllocSpace objects, 0(0B) LOS objects, 22% free, 53MB/69MB, paused 545us total 22.695ms
08-06 02:33:01.369 13231 13327 I art     : Starting a blocking GC Explicit
08-06 02:33:01.393 13231 13327 I art     : Explicit concurrent mark sweep GC freed 3(96B) AllocSpace objects, 0(0B) LOS objects, 22% free, 53MB/69MB, paused 516us total 23.005ms
08-06 02:33:01.402 13231 13327 I art     : Starting a blocking GC Explicit
08-06 02:33:01.425 13231 13327 I art     : Explicit concurrent mark sweep GC freed 3(96B) AllocSpace objects, 0(0B) LOS objects, 22% free, 53MB/69MB, paused 528us total 23.163ms
08-06 02:33:01.523 16965 16965 D AndroidRuntime: >>>>>> START com.android.internal.os.RuntimeInit uid 2000 <<<<<<
08-06 02:33:01.529 16965 16965 D AndroidRuntime: CheckJNI is OFF
08-06 02:33:01.567 16965 16965 D ICU     : No timezone override file found: /data/misc/zoneinfo/current/icu/icu_tzdata.dat
08-06 02:33:01.603 16965 16965 I Radio-JNI: register_android_hardware_Radio DONE
08-06 02:33:01.625 16965 16965 D AndroidRuntime: Calling main entry com.android.commands.input.Input
08-06 02:33:01.627 16965 16965 I Input   : injectMotionEvent: MotionEvent { action=ACTION_DOWN, actionButton=0, id[0]=0, x[0]=255.0, y[0]=1845.0, toolType[0]=TOOL_TYPE_UNKNOWN, buttonState=0, metaState=0, flags=0x0, edgeFlags=0x0, pointerCount=1, historySize=0, eventTime=844398039, downTime=844398039, deviceId=0, source=0x1002 }
08-06 02:33:01.632 16965 16965 I Input   : injectMotionEvent: MotionEvent { action=ACTION_UP, actionButton=0, id[0]=0, x[0]=255.0, y[0]=1845.0, toolType[0]=TOOL_TYPE_UNKNOWN, buttonState=0, metaState=0, flags=0x0, edgeFlags=0x0, pointerCount=1, historySize=0, eventTime=844398039, downTime=844398039, deviceId=0, source=0x1002 }
08-06 02:33:01.633   918  3359 I ActivityManager: START u0 {cmp=baseline.appteam.nith.hillffair/.activities.ClubActivity (has extras)} from uid 10697 on display 0
08-06 02:33:01.642 16965 16965 D AndroidRuntime: Shutting down VM
08-06 02:33:01.719 13231 13327 I art     : Starting a blocking GC Explicit
08-06 02:33:01.726 13231 13231 I NAPPA_EXPERIMENTATION: MetricNetworkRequestExecutionTime: REQUEST_DURATION_SYSTEM='54',REQUEST_DURATION_OKHTTP='36',REQUEST_SYNCHRONOUS='FALSE',RESPONSE_CODE='200',RESPONSE_METHOD='GET',RESPONSE_LENGTH_OKHTTP='1171',RESPONSE_LENGTH_HEADER='-2',REQUEST_PROTOCOL='http/1.1',REQUEST_URL='https://api-hillfair-2k16.herokuapp.com/api/app/club/Technical%20Committee',
08-06 02:33:01.732   918   936 I ActivityManager: Displayed baseline.appteam.nith.hillffair/.activities.ClubActivity: +89ms
08-06 02:33:01.735 13866 13866 I GoogleInputMethodServic: GoogleInputMethodService.onFinishInput():3138 
08-06 02:33:01.735 13866 13866 I GoogleInputMethodServic: GoogleInputMethodService.onStartInput():1808 
08-06 02:33:01.744 13231 13327 I art     : Explicit concurrent mark sweep GC freed 5734(415KB) AllocSpace objects, 1(20KB) LOS objects, 22% free, 54MB/70MB, paused 598us total 24.944ms
08-06 02:33:01.754 13231 13327 I art     : Starting a blocking GC Explicit
08-06 02:33:01.778 13231 13327 I art     : Explicit concurrent mark sweep GC freed 299(13KB) AllocSpace objects, 0(0B) LOS objects, 22% free, 54MB/70MB, paused 518us total 24.135ms
08-06 02:33:01.787 13231 13327 I art     : Starting a blocking GC Explicit
08-06 02:33:01.808 13231 13327 I art     : Explicit concurrent mark sweep GC freed 7(240B) AllocSpace objects, 0(0B) LOS objects, 22% free, 54MB/70MB, paused 537us total 21.503ms
08-06 02:33:01.817 13231 13327 I art     : Starting a blocking GC Explicit
08-06 02:33:01.839 13231 13327 I art     : Explicit concurrent mark sweep GC freed 3(96B) AllocSpace objects, 0(0B) LOS objects, 22% free, 54MB/70MB, paused 485us total 21.407ms
08-06 02:33:01.848 13231 13327 I art     : Starting a blocking GC Explicit
08-06 02:33:01.875 13231 13327 I art     : Explicit concurrent mark sweep GC freed 3(96B) AllocSpace objects, 0(0B) LOS objects, 22% free, 54MB/70MB, paused 490us total 26.396ms
08-06 02:33:01.981   380   380 W SurfaceFlinger: couldn't log to binary event log: overflow.
08-06 02:33:02.130 13231 13260 I art     : Starting a blocking GC Explicit
08-06 02:33:02.155 13231 13260 I art     : Explicit concurrent mark sweep GC freed 1444(84KB) AllocSpace objects, 1(20KB) LOS objects, 22% free, 54MB/70MB, paused 515us total 24.639ms
08-06 02:33:02.164 13231 13260 I art     : Starting a blocking GC Explicit
08-06 02:33:02.187 13231 13260 I art     : Explicit concurrent mark sweep GC freed 20(704B) AllocSpace objects, 0(0B) LOS objects, 22% free, 54MB/70MB, paused 628us total 22.978ms
08-06 02:33:02.195 13231 13260 I art     : Starting a blocking GC Explicit
08-06 02:33:02.218 13231 13260 I art     : Explicit concurrent mark sweep GC freed 3(96B) AllocSpace objects, 0(0B) LOS objects, 22% free, 54MB/70MB, paused 516us total 22.182ms
08-06 02:33:02.226 13231 13260 I art     : Starting a blocking GC Explicit
08-06 02:33:02.250 13231 13260 I art     : Explicit concurrent mark sweep GC freed 3(96B) AllocSpace objects, 0(0B) LOS objects, 22% free, 54MB/70MB, paused 582us total 23.973ms
08-06 02:33:02.260 13231 13260 I art     : Starting a blocking GC Explicit
08-06 02:33:02.285 13231 13260 I art     : Explicit concurrent mark sweep GC freed 3(96B) AllocSpace objects, 0(0B) LOS objects, 22% free, 54MB/70MB, paused 498us total 24.398ms
08-06 02:33:02.381   518   646 I ThermalEngine: ACTION: GPU - Setting GPU[0] to 450000000
08-06 02:33:02.576 13231 13260 I art     : Starting a blocking GC Explicit
08-06 02:33:02.612 13231 13260 I art     : Explicit concurrent mark sweep GC freed 1344(78KB) AllocSpace objects, 1(20KB) LOS objects, 22% free, 54MB/70MB, paused 766us total 36.409ms
08-06 02:33:02.625 13231 13260 I art     : Starting a blocking GC Explicit
08-06 02:33:02.656 13231 13260 I art     : Explicit concurrent mark sweep GC freed 36(1264B) AllocSpace objects, 0(0B) LOS objects, 22% free, 54MB/70MB, paused 707us total 30.817ms
08-06 02:33:02.668 13231 13260 I art     : Starting a blocking GC Explicit
08-06 02:33:02.700 13231 13260 I art     : Explicit concurrent mark sweep GC freed 3(96B) AllocSpace objects, 0(0B) LOS objects, 22% free, 54MB/70MB, paused 716us total 31.373ms
08-06 02:33:02.712 13231 13260 I art     : Starting a blocking GC Explicit
08-06 02:33:02.743 13231 13260 I art     : Explicit concurrent mark sweep GC freed 3(96B) AllocSpace objects, 0(0B) LOS objects, 22% free, 54MB/70MB, paused 708us total 31.240ms
08-06 02:33:02.755 13231 13260 I art     : Starting a blocking GC Explicit
08-06 02:33:02.787 13231 13260 I art     : Explicit concurrent mark sweep GC freed 3(96B) AllocSpace objects, 0(0B) LOS objects, 22% free, 54MB/70MB, paused 700us total 31.380ms
08-06 02:33:03.090 13231 13327 I art     : Starting a blocking GC Explicit
08-06 02:33:03.131 13231 13327 I art     : Explicit concurrent mark sweep GC freed 1344(78KB) AllocSpace objects, 1(20KB) LOS objects, 22% free, 54MB/70MB, paused 742us total 40.264ms
08-06 02:33:03.145 13231 13327 I art     : Starting a blocking GC Explicit
08-06 02:33:03.177 13231 13327 I art     : Explicit concurrent mark sweep GC freed 20(704B) AllocSpace objects, 0(0B) LOS objects, 22% free, 54MB/70MB, paused 701us total 31.140ms
08-06 02:33:03.189 13231 13327 I art     : Starting a blocking GC Explicit
08-06 02:33:03.220 13231 13327 I art     : Explicit concurrent mark sweep GC freed 3(96B) AllocSpace objects, 0(0B) LOS objects, 22% free, 54MB/70MB, paused 698us total 31.512ms
08-06 02:33:03.232 13231 13327 I art     : Starting a blocking GC Explicit
08-06 02:33:03.266 13231 13327 I art     : Explicit concurrent mark sweep GC freed 3(96B) AllocSpace objects, 0(0B) LOS objects, 22% free, 54MB/70MB, paused 674us total 33.561ms
08-06 02:33:03.278 13231 13327 I art     : Starting a blocking GC Explicit
08-06 02:33:03.312 13231 13327 I art     : Explicit concurrent mark sweep GC freed 3(96B) AllocSpace objects, 0(0B) LOS objects, 22% free, 54MB/70MB, paused 727us total 34.085ms
08-06 02:33:03.638 13231 13244 I art     : Starting a blocking GC Explicit
08-06 02:33:03.678 13231 13244 I art     : Explicit concurrent mark sweep GC freed 1344(78KB) AllocSpace objects, 1(20KB) LOS objects, 22% free, 54MB/70MB, paused 766us total 38.946ms
08-06 02:33:03.692 13231 13244 I art     : Starting a blocking GC Explicit
08-06 02:33:03.727 13231 13244 I art     : Explicit concurrent mark sweep GC freed 20(704B) AllocSpace objects, 0(0B) LOS objects, 22% free, 54MB/70MB, paused 718us total 34.465ms
08-06 02:33:03.739 13231 13244 I art     : Starting a blocking GC Explicit
08-06 02:33:03.772 13231 13244 I art     : Explicit concurrent mark sweep GC freed 3(96B) AllocSpace objects, 0(0B) LOS objects, 22% free, 54MB/70MB, paused 705us total 32.560ms
08-06 02:33:03.784 13231 13244 I art     : Starting a blocking GC Explicit
08-06 02:33:03.819 13231 13244 I art     : Explicit concurrent mark sweep GC freed 3(96B) AllocSpace objects, 0(0B) LOS objects, 22% free, 54MB/70MB, paused 741us total 34.263ms
08-06 02:33:03.831 13231 13244 I art     : Starting a blocking GC Explicit
08-06 02:33:03.865 13231 13244 I art     : Explicit concurrent mark sweep GC freed 3(96B) AllocSpace objects, 0(0B) LOS objects, 22% free, 54MB/70MB, paused 739us total 34.053ms
08-06 02:33:04.201 13231 13243 I art     : Starting a blocking GC Explicit
08-06 02:33:04.241 13231 13243 I art     : Explicit concurrent mark sweep GC freed 1344(78KB) AllocSpace objects, 1(20KB) LOS objects, 22% free, 54MB/70MB, paused 794us total 39.968ms
08-06 02:33:04.256 13231 13243 I art     : Starting a blocking GC Explicit
08-06 02:33:04.290 13231 13243 I art     : Explicit concurrent mark sweep GC freed 20(704B) AllocSpace objects, 0(0B) LOS objects, 22% free, 54MB/70MB, paused 735us total 33.583ms
08-06 02:33:04.302 13231 13243 I art     : Starting a blocking GC Explicit
08-06 02:33:04.336 13231 13243 I art     : Explicit concurrent mark sweep GC freed 3(96B) AllocSpace objects, 0(0B) LOS objects, 22% free, 54MB/70MB, paused 723us total 34.282ms
08-06 02:33:04.349 13231 13243 I art     : Starting a blocking GC Explicit
08-06 02:33:04.382 13231 13243 I art     : Explicit concurrent mark sweep GC freed 3(96B) AllocSpace objects, 0(0B) LOS objects, 22% free, 54MB/70MB, paused 685us total 33.251ms
08-06 02:33:04.394 13231 13243 I art     : Starting a blocking GC Explicit
08-06 02:33:04.429 13231 13243 I art     : Explicit concurrent mark sweep GC freed 3(96B) AllocSpace objects, 0(0B) LOS objects, 22% free, 54MB/70MB, paused 750us total 34.528ms
08-06 02:33:04.779 13231 13260 I art     : Starting a blocking GC Explicit
08-06 02:33:04.824 13231 13260 I art     : Explicit concurrent mark sweep GC freed 1344(78KB) AllocSpace objects, 1(20KB) LOS objects, 22% free, 54MB/70MB, paused 803us total 44.582ms
08-06 02:33:04.840 13231 13260 I art     : Starting a blocking GC Explicit
08-06 02:33:04.874 13231 13260 I art     : Explicit concurrent mark sweep GC freed 20(704B) AllocSpace objects, 0(0B) LOS objects, 22% free, 54MB/70MB, paused 739us total 34.283ms
08-06 02:33:04.886 13231 13260 I art     : Starting a blocking GC Explicit
08-06 02:33:04.919 13231 13260 I art     : Explicit concurrent mark sweep GC freed 3(96B) AllocSpace objects, 0(0B) LOS objects, 22% free, 54MB/70MB, paused 720us total 31.805ms
08-06 02:33:04.931 13231 13260 I art     : Starting a blocking GC Explicit
08-06 02:33:04.965 13231 13260 I art     : Explicit concurrent mark sweep GC freed 3(96B) AllocSpace objects, 0(0B) LOS objects, 22% free, 54MB/70MB, paused 722us total 34.078ms
08-06 02:33:04.978 13231 13260 I art     : Starting a blocking GC Explicit
08-06 02:33:05.012 13231 13260 I art     : Explicit concurrent mark sweep GC freed 3(96B) AllocSpace objects, 0(0B) LOS objects, 22% free, 54MB/70MB, paused 740us total 34.175ms
08-06 02:33:05.327 13231 13327 I art     : Starting a blocking GC Explicit
08-06 02:33:05.369 13231 13327 I art     : Explicit concurrent mark sweep GC freed 1344(78KB) AllocSpace objects, 1(20KB) LOS objects, 22% free, 54MB/70MB, paused 875us total 41.579ms
08-06 02:33:05.386 13231 13327 I art     : Starting a blocking GC Explicit
08-06 02:33:05.418 13231 13327 I art     : Explicit concurrent mark sweep GC freed 20(704B) AllocSpace objects, 0(0B) LOS objects, 22% free, 54MB/70MB, paused 694us total 31.825ms
08-06 02:33:05.431 13231 13327 I art     : Starting a blocking GC Explicit
08-06 02:33:05.464 13231 13327 I art     : Explicit concurrent mark sweep GC freed 3(96B) AllocSpace objects, 0(0B) LOS objects, 22% free, 54MB/70MB, paused 743us total 33.652ms
08-06 02:33:05.477 13231 13327 I art     : Starting a blocking GC Explicit
08-06 02:33:05.511 13231 13327 I art     : Explicit concurrent mark sweep GC freed 3(96B) AllocSpace objects, 0(0B) LOS objects, 22% free, 54MB/70MB, paused 746us total 33.488ms
08-06 02:33:05.523 13231 13327 I art     : Starting a blocking GC Explicit
08-06 02:33:05.556 13231 13327 I art     : Explicit concurrent mark sweep GC freed 3(96B) AllocSpace objects, 0(0B) LOS objects, 22% free, 54MB/70MB, paused 730us total 32.935ms
08-06 02:33:05.889 13231 13244 I art     : Starting a blocking GC Explicit
08-06 02:33:05.924 13231 13244 I art     : Explicit concurrent mark sweep GC freed 1344(78KB) AllocSpace objects, 1(20KB) LOS objects, 22% free, 54MB/70MB, paused 704us total 35.270ms
08-06 02:33:05.936 13231 13244 I art     : Starting a blocking GC Explicit
08-06 02:33:05.966 13231 13244 I art     : Explicit concurrent mark sweep GC freed 20(704B) AllocSpace objects, 0(0B) LOS objects, 22% free, 54MB/70MB, paused 734us total 29.519ms
08-06 02:33:05.978 13231 13244 I art     : Starting a blocking GC Explicit
08-06 02:33:06.008 13231 13244 I art     : Explicit concurrent mark sweep GC freed 3(96B) AllocSpace objects, 0(0B) LOS objects, 22% free, 54MB/70MB, paused 709us total 30.238ms
08-06 02:33:06.019 13231 13244 I art     : Starting a blocking GC Explicit
08-06 02:33:06.051 13231 13244 I art     : Explicit concurrent mark sweep GC freed 3(96B) AllocSpace objects, 0(0B) LOS objects, 22% free, 54MB/70MB, paused 733us total 31.028ms
08-06 02:33:06.063 13231 13244 I art     : Starting a blocking GC Explicit
08-06 02:33:06.095 13231 13244 I art     : Explicit concurrent mark sweep GC freed 3(96B) AllocSpace objects, 0(0B) LOS objects, 22% free, 54MB/70MB, paused 743us total 31.472ms
08-06 02:33:06.388   518   646 I ThermalEngine: ACTION: GPU - Setting GPU[0] to 510000000
08-06 02:33:06.425 13231 13243 I art     : Starting a blocking GC Explicit
08-06 02:33:06.457 17082 17082 D AndroidRuntime: >>>>>> START com.android.internal.os.RuntimeInit uid 2000 <<<<<<
08-06 02:33:06.458 13231 13243 I art     : Explicit concurrent mark sweep GC freed 1344(78KB) AllocSpace objects, 1(20KB) LOS objects, 22% free, 54MB/70MB, paused 858us total 32.966ms
08-06 02:33:06.467 17082 17082 D AndroidRuntime: CheckJNI is OFF
08-06 02:33:06.473 13231 13243 I art     : Starting a blocking GC Explicit
08-06 02:33:06.496 13231 13243 I art     : Explicit concurrent mark sweep GC freed 20(704B) AllocSpace objects, 0(0B) LOS objects, 22% free, 54MB/70MB, paused 551us total 23.242ms
08-06 02:33:06.503 17082 17082 D ICU     : No timezone override file found: /data/misc/zoneinfo/current/icu/icu_tzdata.dat
08-06 02:33:06.505 13231 13243 I art     : Starting a blocking GC Explicit
08-06 02:33:06.529 13231 13243 I art     : Explicit concurrent mark sweep GC freed 3(96B) AllocSpace objects, 0(0B) LOS objects, 22% free, 54MB/70MB, paused 558us total 23.844ms
08-06 02:33:06.538 17082 17082 I Radio-JNI: register_android_hardware_Radio DONE
08-06 02:33:06.538 13231 13243 I art     : Starting a blocking GC Explicit
08-06 02:33:06.560 17082 17082 D AndroidRuntime: Calling main entry com.android.commands.input.Input
08-06 02:33:06.561 17082 17082 I Input   : injectKeyEvent: KeyEvent { action=ACTION_DOWN, keyCode=KEYCODE_BACK, scanCode=0, metaState=0, flags=0x0, repeatCount=0, eventTime=844402974, downTime=844402974, deviceId=-1, source=0x101 }
08-06 02:33:06.561 13231 13243 I art     : Explicit concurrent mark sweep GC freed 3(96B) AllocSpace objects, 0(0B) LOS objects, 22% free, 54MB/70MB, paused 636us total 23.561ms
08-06 02:33:06.568 17082 17082 I Input   : injectKeyEvent: KeyEvent { action=ACTION_UP, keyCode=KEYCODE_BACK, scanCode=0, metaState=0, flags=0x0, repeatCount=0, eventTime=844402974, downTime=844402974, deviceId=-1, source=0x101 }
08-06 02:33:06.570 13231 13243 I art     : Starting a blocking GC Explicit
08-06 02:33:06.573 17082 17082 D AndroidRuntime: Shutting down VM
08-06 02:33:06.594 13231 13243 I art     : Explicit concurrent mark sweep GC freed 146(6KB) AllocSpace objects, 0(0B) LOS objects, 22% free, 54MB/70MB, paused 482us total 23.485ms
08-06 02:33:06.622 13866 13866 I GoogleInputMethodServic: GoogleInputMethodService.onFinishInput():3138 
08-06 02:33:06.623 13866 13866 I GoogleInputMethodServic: GoogleInputMethodService.onStartInput():1808 
08-06 02:33:06.869 13231 13327 I art     : Starting a blocking GC Explicit
08-06 02:33:06.901 13231 13327 I art     : Explicit concurrent mark sweep GC freed 1383(79KB) AllocSpace objects, 1(20KB) LOS objects, 22% free, 54MB/70MB, paused 541us total 31.156ms
08-06 02:33:06.911 13231 13327 I art     : Starting a blocking GC Explicit
08-06 02:33:06.920   380   380 W SurfaceFlinger: couldn't log to binary event log: overflow.
08-06 02:33:06.936 13231 13327 I art     : Explicit concurrent mark sweep GC freed 133(9KB) AllocSpace objects, 0(0B) LOS objects, 22% free, 54MB/70MB, paused 540us total 25.555ms
08-06 02:33:06.945 13231 13327 I art     : Starting a blocking GC Explicit
08-06 02:33:06.968 13231 13327 I art     : Explicit concurrent mark sweep GC freed 9(368B) AllocSpace objects, 0(0B) LOS objects, 22% free, 54MB/70MB, paused 543us total 22.797ms
08-06 02:33:06.977 13231 13327 I art     : Starting a blocking GC Explicit
08-06 02:33:06.999 13231 13327 I art     : Explicit concurrent mark sweep GC freed 1650(108KB) AllocSpace objects, 3(180KB) LOS objects, 22% free, 53MB/69MB, paused 503us total 22.047ms
08-06 02:33:07.007 13231 13327 I art     : Starting a blocking GC Explicit
08-06 02:33:07.030 13231 13327 I art     : Explicit concurrent mark sweep GC freed 3(96B) AllocSpace objects, 0(0B) LOS objects, 22% free, 53MB/69MB, paused 524us total 22.011ms
08-06 02:33:07.327 13231 13244 I art     : Starting a blocking GC Explicit
08-06 02:33:07.361 13231 13244 I art     : Explicit concurrent mark sweep GC freed 1344(78KB) AllocSpace objects, 1(20KB) LOS objects, 22% free, 53MB/69MB, paused 582us total 33.560ms
08-06 02:33:07.374 13231 13244 I art     : Starting a blocking GC Explicit
08-06 02:33:07.399 13231 13244 I art     : Explicit concurrent mark sweep GC freed 20(704B) AllocSpace objects, 0(0B) LOS objects, 22% free, 53MB/69MB, paused 544us total 24.782ms
08-06 02:33:07.408 13231 13244 I art     : Starting a blocking GC Explicit
08-06 02:33:07.433 13231 13244 I art     : Explicit concurrent mark sweep GC freed 3(96B) AllocSpace objects, 0(0B) LOS objects, 22% free, 53MB/69MB, paused 528us total 24.411ms
08-06 02:33:07.442 13231 13244 I art     : Starting a blocking GC Explicit
08-06 02:33:07.467 13231 13244 I art     : Explicit concurrent mark sweep GC freed 3(96B) AllocSpace objects, 0(0B) LOS objects, 22% free, 53MB/69MB, paused 600us total 24.222ms
08-06 02:33:07.476 13231 13244 I art     : Starting a blocking GC Explicit
08-06 02:33:07.499 13231 13244 I art     : Explicit concurrent mark sweep GC freed 3(96B) AllocSpace objects, 0(0B) LOS objects, 22% free, 53MB/69MB, paused 515us total 22.667ms
08-06 02:33:07.800 13231 13243 I art     : Starting a blocking GC Explicit
08-06 02:33:07.826 13231 13243 I art     : Explicit concurrent mark sweep GC freed 1344(78KB) AllocSpace objects, 1(20KB) LOS objects, 22% free, 53MB/69MB, paused 572us total 25.403ms
08-06 02:33:07.835 13231 13243 I art     : Starting a blocking GC Explicit
08-06 02:33:07.859 13231 13243 I art     : Explicit concurrent mark sweep GC freed 20(704B) AllocSpace objects, 0(0B) LOS objects, 22% free, 53MB/69MB, paused 528us total 23.053ms
08-06 02:33:07.867 13231 13243 I art     : Starting a blocking GC Explicit
08-06 02:33:07.891 13231 13243 I art     : Explicit concurrent mark sweep GC freed 3(96B) AllocSpace objects, 0(0B) LOS objects, 22% free, 53MB/69MB, paused 528us total 23.033ms
08-06 02:33:07.899 13231 13243 I art     : Starting a blocking GC Explicit
08-06 02:33:07.922 13231 13243 I art     : Explicit concurrent mark sweep GC freed 3(96B) AllocSpace objects, 0(0B) LOS objects, 22% free, 53MB/69MB, paused 569us total 22.488ms
08-06 02:33:07.931 13231 13243 I art     : Starting a blocking GC Explicit
08-06 02:33:07.954 13231 13243 I art     : Explicit concurrent mark sweep GC freed 3(96B) AllocSpace objects, 0(0B) LOS objects, 22% free, 53MB/69MB, paused 533us total 22.921ms
08-06 02:33:08.226 17138 17138 D AndroidRuntime: >>>>>> START com.android.internal.os.RuntimeInit uid 2000 <<<<<<
08-06 02:33:08.226 13231 13260 I art     : Starting a blocking GC Explicit
08-06 02:33:08.231 17138 17138 D AndroidRuntime: CheckJNI is OFF
08-06 02:33:08.251 13231 13260 I art     : Explicit concurrent mark sweep GC freed 1344(78KB) AllocSpace objects, 1(20KB) LOS objects, 22% free, 53MB/69MB, paused 555us total 24.554ms
08-06 02:33:08.259 13231 13260 I art     : Starting a blocking GC Explicit
08-06 02:33:08.269 17138 17138 D ICU     : No timezone override file found: /data/misc/zoneinfo/current/icu/icu_tzdata.dat
08-06 02:33:08.283 13231 13260 I art     : Explicit concurrent mark sweep GC freed 20(704B) AllocSpace objects, 0(0B) LOS objects, 22% free, 53MB/69MB, paused 596us total 23.666ms
08-06 02:33:08.293 13231 13260 I art     : Starting a blocking GC Explicit
08-06 02:33:08.304 17138 17138 I Radio-JNI: register_android_hardware_Radio DONE
08-06 02:33:08.316 13231 13260 I art     : Explicit concurrent mark sweep GC freed 3(96B) AllocSpace objects, 0(0B) LOS objects, 22% free, 53MB/69MB, paused 551us total 22.656ms
08-06 02:33:08.324 13231 13260 I art     : Starting a blocking GC Explicit
08-06 02:33:08.326 17138 17138 D AndroidRuntime: Calling main entry com.android.commands.input.Input
08-06 02:33:08.329 17138 17138 I Input   : injectMotionEvent: MotionEvent { action=ACTION_DOWN, actionButton=0, id[0]=0, x[0]=369.0, y[0]=554.0, toolType[0]=TOOL_TYPE_UNKNOWN, buttonState=0, metaState=0, flags=0x0, edgeFlags=0x0, pointerCount=1, historySize=0, eventTime=844404741, downTime=844404741, deviceId=0, source=0x1002 }
08-06 02:33:08.333 17138 17138 I Input   : injectMotionEvent: MotionEvent { action=ACTION_UP, actionButton=0, id[0]=0, x[0]=369.0, y[0]=554.0, toolType[0]=TOOL_TYPE_UNKNOWN, buttonState=0, metaState=0, flags=0x0, edgeFlags=0x0, pointerCount=1, historySize=0, eventTime=844404741, downTime=844404741, deviceId=0, source=0x1002 }
08-06 02:33:08.334   918  3696 I ActivityManager: START u0 {cmp=baseline.appteam.nith.hillffair/.activities.ClubActivity (has extras)} from uid 10697 on display 0
08-06 02:33:08.342 17138 17138 D AndroidRuntime: Shutting down VM
08-06 02:33:08.346 13231 13260 I art     : Explicit concurrent mark sweep GC freed 28(896B) AllocSpace objects, 0(0B) LOS objects, 22% free, 53MB/69MB, paused 576us total 21.815ms
08-06 02:33:08.355 13231 13260 I art     : Starting a blocking GC Explicit
08-06 02:33:08.381 13231 13260 I art     : Explicit concurrent mark sweep GC freed 3492(235KB) AllocSpace objects, 0(0B) LOS objects, 22% free, 53MB/69MB, paused 2.399ms total 25.872ms
08-06 02:33:08.427 13231 13231 I NAPPA_EXPERIMENTATION: MetricNetworkRequestExecutionTime: REQUEST_DURATION_SYSTEM='56',REQUEST_DURATION_OKHTTP='34',REQUEST_SYNCHRONOUS='FALSE',RESPONSE_CODE='200',RESPONSE_METHOD='GET',RESPONSE_LENGTH_OKHTTP='979',RESPONSE_LENGTH_HEADER='-2',REQUEST_PROTOCOL='http/1.1',REQUEST_URL='https://api-hillfair-2k16.herokuapp.com/api/app/club/PR%20Club',
08-06 02:33:08.433   918   936 I ActivityManager: Displayed baseline.appteam.nith.hillffair/.activities.ClubActivity: +91ms
08-06 02:33:08.436 13866 13866 I GoogleInputMethodServic: GoogleInputMethodService.onFinishInput():3138 
08-06 02:33:08.437 13866 13866 I GoogleInputMethodServic: GoogleInputMethodService.onStartInput():1808 
08-06 02:33:08.664 13231 13244 I art     : Starting a blocking GC Explicit
08-06 02:33:08.689   380   380 W SurfaceFlinger: couldn't log to binary event log: overflow.
08-06 02:33:08.697 13231 13244 I art     : Explicit concurrent mark sweep GC freed 2416(185KB) AllocSpace objects, 1(20KB) LOS objects, 22% free, 54MB/70MB, paused 598us total 32.672ms
08-06 02:33:08.707 13231 13244 I art     : Starting a blocking GC Explicit
08-06 02:33:08.728 13231 13244 I art     : Explicit concurrent mark sweep GC freed 102(3KB) AllocSpace objects, 0(0B) LOS objects, 22% free, 54MB/70MB, paused 480us total 20.388ms
08-06 02:33:08.736 13231 13244 I art     : Starting a blocking GC Explicit
08-06 02:33:08.757 13231 13244 I art     : Explicit concurrent mark sweep GC freed 3(96B) AllocSpace objects, 0(0B) LOS objects, 22% free, 54MB/70MB, paused 540us total 20.354ms
08-06 02:33:08.765 13231 13244 I art     : Starting a blocking GC Explicit
08-06 02:33:08.788 13231 13244 I art     : Explicit concurrent mark sweep GC freed 3(96B) AllocSpace objects, 0(0B) LOS objects, 22% free, 54MB/70MB, paused 551us total 21.941ms
08-06 02:33:08.796 13231 13244 I art     : Starting a blocking GC Explicit
08-06 02:33:08.820 13231 13244 I art     : Explicit concurrent mark sweep GC freed 94(5KB) AllocSpace objects, 0(0B) LOS objects, 22% free, 54MB/70MB, paused 549us total 24.120ms
08-06 02:33:09.102 13231 13327 I art     : Starting a blocking GC Explicit
08-06 02:33:09.134 13231 13327 I art     : Explicit concurrent mark sweep GC freed 1353(78KB) AllocSpace objects, 1(20KB) LOS objects, 22% free, 54MB/70MB, paused 601us total 31.707ms
08-06 02:33:09.147 13231 13327 I art     : Starting a blocking GC Explicit
08-06 02:33:09.172 13231 13327 I art     : Explicit concurrent mark sweep GC freed 36(1264B) AllocSpace objects, 0(0B) LOS objects, 22% free, 54MB/70MB, paused 615us total 24.856ms
08-06 02:33:09.182 13231 13327 I art     : Starting a blocking GC Explicit
08-06 02:33:09.207 13231 13327 I art     : Explicit concurrent mark sweep GC freed 3(96B) AllocSpace objects, 0(0B) LOS objects, 22% free, 54MB/70MB, paused 577us total 25.013ms
08-06 02:33:09.216 13231 13327 I art     : Starting a blocking GC Explicit
08-06 02:33:09.241 13231 13327 I art     : Explicit concurrent mark sweep GC freed 3(96B) AllocSpace objects, 0(0B) LOS objects, 22% free, 54MB/70MB, paused 547us total 25.067ms
08-06 02:33:09.251 13231 13327 I art     : Starting a blocking GC Explicit
08-06 02:33:09.277 13231 13327 I art     : Explicit concurrent mark sweep GC freed 3(96B) AllocSpace objects, 0(0B) LOS objects, 22% free, 54MB/70MB, paused 564us total 25.750ms
08-06 02:33:09.396   518   646 I ThermalEngine: ACTION: GPU - Setting GPU[0] to 450000000
08-06 02:33:09.571 13231 13244 I art     : Starting a blocking GC Explicit
08-06 02:33:09.610 13231 13244 I art     : Explicit concurrent mark sweep GC freed 1344(78KB) AllocSpace objects, 1(20KB) LOS objects, 22% free, 54MB/70MB, paused 769us total 39.416ms
08-06 02:33:09.625 13231 13244 I art     : Starting a blocking GC Explicit
08-06 02:33:09.657 13231 13244 I art     : Explicit concurrent mark sweep GC freed 20(704B) AllocSpace objects, 0(0B) LOS objects, 22% free, 54MB/70MB, paused 779us total 31.498ms
08-06 02:33:09.669 13231 13244 I art     : Starting a blocking GC Explicit
08-06 02:33:09.701 13231 13244 I art     : Explicit concurrent mark sweep GC freed 3(96B) AllocSpace objects, 0(0B) LOS objects, 22% free, 54MB/70MB, paused 713us total 31.491ms
08-06 02:33:09.713 13231 13244 I art     : Starting a blocking GC Explicit
08-06 02:33:09.744 13231 13244 I art     : Explicit concurrent mark sweep GC freed 3(96B) AllocSpace objects, 0(0B) LOS objects, 22% free, 54MB/70MB, paused 690us total 30.989ms
08-06 02:33:09.756 13231 13244 I art     : Starting a blocking GC Explicit
08-06 02:33:09.787 13231 13244 I art     : Explicit concurrent mark sweep GC freed 3(96B) AllocSpace objects, 0(0B) LOS objects, 22% free, 54MB/70MB, paused 821us total 31.468ms
08-06 02:33:09.951 13136 13136 I ServiceManager: Waiting for service AtCmdFwd...
08-06 02:33:10.098 13231 13260 I art     : Starting a blocking GC Explicit
08-06 02:33:10.138 13231 13260 I art     : Explicit concurrent mark sweep GC freed 1344(78KB) AllocSpace objects, 1(20KB) LOS objects, 22% free, 54MB/70MB, paused 782us total 39.367ms
08-06 02:33:10.152 13231 13260 I art     : Starting a blocking GC Explicit
08-06 02:33:10.187 13231 13260 I art     : Explicit concurrent mark sweep GC freed 20(704B) AllocSpace objects, 0(0B) LOS objects, 22% free, 54MB/70MB, paused 757us total 34.226ms
08-06 02:33:10.199 13231 13260 I art     : Starting a blocking GC Explicit
08-06 02:33:10.232 13231 13260 I art     : Explicit concurrent mark sweep GC freed 3(96B) AllocSpace objects, 0(0B) LOS objects, 22% free, 54MB/70MB, paused 757us total 33.360ms
08-06 02:33:10.244 13231 13260 I art     : Starting a blocking GC Explicit
08-06 02:33:10.279 13231 13260 I art     : Explicit concurrent mark sweep GC freed 3(96B) AllocSpace objects, 0(0B) LOS objects, 22% free, 54MB/70MB, paused 778us total 33.956ms
08-06 02:33:10.291 13231 13260 I art     : Starting a blocking GC Explicit
08-06 02:33:10.325 13231 13260 I art     : Explicit concurrent mark sweep GC freed 3(96B) AllocSpace objects, 0(0B) LOS objects, 22% free, 54MB/70MB, paused 710us total 33.284ms
08-06 02:33:10.656 13231 13243 I art     : Starting a blocking GC Explicit
08-06 02:33:10.696 13231 13243 I art     : Explicit concurrent mark sweep GC freed 1344(78KB) AllocSpace objects, 1(20KB) LOS objects, 22% free, 54MB/70MB, paused 730us total 39.023ms
08-06 02:33:10.708 13231 13243 I art     : Starting a blocking GC Explicit
08-06 02:33:10.742 13231 13243 I art     : Explicit concurrent mark sweep GC freed 20(704B) AllocSpace objects, 0(0B) LOS objects, 22% free, 54MB/70MB, paused 729us total 33.668ms
08-06 02:33:10.754 13231 13243 I art     : Starting a blocking GC Explicit
08-06 02:33:10.789 13231 13243 I art     : Explicit concurrent mark sweep GC freed 3(96B) AllocSpace objects, 0(0B) LOS objects, 22% free, 54MB/70MB, paused 777us total 34.299ms
08-06 02:33:10.801 13231 13243 I art     : Starting a blocking GC Explicit
08-06 02:33:10.834 13231 13243 I art     : Explicit concurrent mark sweep GC freed 3(96B) AllocSpace objects, 0(0B) LOS objects, 22% free, 54MB/70MB, paused 712us total 32.704ms
08-06 02:33:10.846 13231 13243 I art     : Starting a blocking GC Explicit
08-06 02:33:10.881 13231 13243 I art     : Explicit concurrent mark sweep GC freed 3(96B) AllocSpace objects, 0(0B) LOS objects, 22% free, 54MB/70MB, paused 840us total 34.626ms
08-06 02:33:10.951 13136 13136 I ServiceManager: Waiting for service AtCmdFwd...
08-06 02:33:11.223 13231 13327 I art     : Starting a blocking GC Explicit
08-06 02:33:11.260 13231 13327 I art     : Explicit concurrent mark sweep GC freed 1344(78KB) AllocSpace objects, 1(20KB) LOS objects, 22% free, 54MB/70MB, paused 728us total 37.094ms
08-06 02:33:11.275 13231 13327 I art     : Starting a blocking GC Explicit
08-06 02:33:11.307 13231 13327 I art     : Explicit concurrent mark sweep GC freed 20(704B) AllocSpace objects, 0(0B) LOS objects, 22% free, 54MB/70MB, paused 892us total 32.292ms
08-06 02:33:11.319 13231 13327 I art     : Starting a blocking GC Explicit
08-06 02:33:11.350 13231 13327 I art     : Explicit concurrent mark sweep GC freed 3(96B) AllocSpace objects, 0(0B) LOS objects, 22% free, 54MB/70MB, paused 721us total 30.633ms
08-06 02:33:11.362 13231 13327 I art     : Starting a blocking GC Explicit
08-06 02:33:11.395 13231 13327 I art     : Explicit concurrent mark sweep GC freed 3(96B) AllocSpace objects, 0(0B) LOS objects, 22% free, 54MB/70MB, paused 741us total 33.597ms
08-06 02:33:11.408 13231 13327 I art     : Starting a blocking GC Explicit
08-06 02:33:11.440 13231 13327 I art     : Explicit concurrent mark sweep GC freed 3(96B) AllocSpace objects, 0(0B) LOS objects, 22% free, 54MB/70MB, paused 716us total 32.141ms
08-06 02:33:11.775 13231 13327 I art     : Starting a blocking GC Explicit
08-06 02:33:11.806 13231 13327 I art     : Explicit concurrent mark sweep GC freed 1344(78KB) AllocSpace objects, 1(20KB) LOS objects, 22% free, 54MB/70MB, paused 725us total 31.091ms
08-06 02:33:11.818 13231 13327 I art     : Starting a blocking GC Explicit
08-06 02:33:11.852 13231 13327 I art     : Explicit concurrent mark sweep GC freed 29(1040B) AllocSpace objects, 0(0B) LOS objects, 22% free, 54MB/70MB, paused 752us total 33.540ms
08-06 02:33:11.864 13231 13327 I art     : Starting a blocking GC Explicit
08-06 02:33:11.899 13231 13327 I art     : Explicit concurrent mark sweep GC freed 3(96B) AllocSpace objects, 0(0B) LOS objects, 22% free, 54MB/70MB, paused 726us total 34.218ms
08-06 02:33:11.911 13231 13327 I art     : Starting a blocking GC Explicit
08-06 02:33:11.944 13231 13327 I art     : Explicit concurrent mark sweep GC freed 3(96B) AllocSpace objects, 0(0B) LOS objects, 22% free, 54MB/70MB, paused 753us total 32.868ms
08-06 02:33:11.952 13136 13136 I ServiceManager: Waiting for service AtCmdFwd...
08-06 02:33:11.956 13231 13327 I art     : Starting a blocking GC Explicit
08-06 02:33:11.991 13231 13327 I art     : Explicit concurrent mark sweep GC freed 3(96B) AllocSpace objects, 0(0B) LOS objects, 22% free, 54MB/70MB, paused 758us total 34.009ms
08-06 02:33:12.330 13231 13244 I art     : Starting a blocking GC Explicit
08-06 02:33:12.372 13231 13244 I art     : Explicit concurrent mark sweep GC freed 1344(78KB) AllocSpace objects, 1(20KB) LOS objects, 22% free, 54MB/70MB, paused 765us total 42.180ms
08-06 02:33:12.389 13231 13244 I art     : Starting a blocking GC Explicit
08-06 02:33:12.400   518   646 I ThermalEngine: ACTION: GPU - Setting GPU[0] to 510000000
08-06 02:33:12.420 13231 13244 I art     : Explicit concurrent mark sweep GC freed 20(704B) AllocSpace objects, 0(0B) LOS objects, 22% free, 54MB/70MB, paused 764us total 31.104ms
08-06 02:33:12.432 13231 13244 I art     : Starting a blocking GC Explicit
08-06 02:33:12.459 13231 13244 I art     : Explicit concurrent mark sweep GC freed 3(96B) AllocSpace objects, 0(0B) LOS objects, 22% free, 54MB/70MB, paused 549us total 27.135ms
08-06 02:33:12.469 13231 13244 I art     : Starting a blocking GC Explicit
08-06 02:33:12.493 13231 13244 I art     : Explicit concurrent mark sweep GC freed 3(96B) AllocSpace objects, 0(0B) LOS objects, 22% free, 54MB/70MB, paused 570us total 24.054ms
08-06 02:33:12.502 13231 13244 I art     : Starting a blocking GC Explicit
08-06 02:33:12.526 13231 13244 I art     : Explicit concurrent mark sweep GC freed 3(96B) AllocSpace objects, 0(0B) LOS objects, 22% free, 54MB/70MB, paused 498us total 23.573ms
08-06 02:33:12.791 13231 13260 I art     : Starting a blocking GC Explicit
08-06 02:33:12.816 13231 13260 I art     : Explicit concurrent mark sweep GC freed 1344(78KB) AllocSpace objects, 1(20KB) LOS objects, 22% free, 54MB/70MB, paused 606us total 24.865ms
08-06 02:33:12.826 13231 13260 I art     : Starting a blocking GC Explicit
08-06 02:33:12.850 13231 13260 I art     : Explicit concurrent mark sweep GC freed 20(704B) AllocSpace objects, 0(0B) LOS objects, 22% free, 54MB/70MB, paused 590us total 23.891ms
08-06 02:33:12.859 13231 13260 I art     : Starting a blocking GC Explicit
08-06 02:33:12.882 13231 13260 I art     : Explicit concurrent mark sweep GC freed 3(96B) AllocSpace objects, 0(0B) LOS objects, 22% free, 54MB/70MB, paused 554us total 23.526ms
08-06 02:33:12.891 13231 13260 I art     : Starting a blocking GC Explicit
08-06 02:33:12.916 13231 13260 I art     : Explicit concurrent mark sweep GC freed 3(96B) AllocSpace objects, 0(0B) LOS objects, 22% free, 54MB/70MB, paused 547us total 24.350ms
08-06 02:33:12.925 13231 13260 I art     : Starting a blocking GC Explicit
08-06 02:33:12.949 13231 13260 I art     : Explicit concurrent mark sweep GC freed 3(96B) AllocSpace objects, 0(0B) LOS objects, 22% free, 54MB/70MB, paused 553us total 24.107ms
08-06 02:33:12.953 13136 13136 I ServiceManager: Waiting for service AtCmdFwd...
08-06 02:33:13.037 17242 17242 D AndroidRuntime: >>>>>> START com.android.internal.os.RuntimeInit uid 2000 <<<<<<
08-06 02:33:13.043 17242 17242 D AndroidRuntime: CheckJNI is OFF
08-06 02:33:13.082 17242 17242 D ICU     : No timezone override file found: /data/misc/zoneinfo/current/icu/icu_tzdata.dat
08-06 02:33:13.118 17242 17242 I Radio-JNI: register_android_hardware_Radio DONE
08-06 02:33:13.139 17242 17242 D AndroidRuntime: Calling main entry com.android.commands.input.Input
08-06 02:33:13.141 17242 17242 I Input   : injectKeyEvent: KeyEvent { action=ACTION_DOWN, keyCode=KEYCODE_BACK, scanCode=0, metaState=0, flags=0x0, repeatCount=0, eventTime=844409554, downTime=844409554, deviceId=-1, source=0x101 }
08-06 02:33:13.147 17242 17242 I Input   : injectKeyEvent: KeyEvent { action=ACTION_UP, keyCode=KEYCODE_BACK, scanCode=0, metaState=0, flags=0x0, repeatCount=0, eventTime=844409554, downTime=844409554, deviceId=-1, source=0x101 }
08-06 02:33:13.154 17242 17242 D AndroidRuntime: Shutting down VM
08-06 02:33:13.191 13866 13866 I GoogleInputMethodServic: GoogleInputMethodService.onFinishInput():3138 
08-06 02:33:13.191 13866 13866 I GoogleInputMethodServic: GoogleInputMethodService.onStartInput():1808 
08-06 02:33:13.236 13231 13243 I art     : Starting a blocking GC Explicit
08-06 02:33:13.259 13231 13243 I art     : Explicit concurrent mark sweep GC freed 1526(86KB) AllocSpace objects, 1(20KB) LOS objects, 22% free, 54MB/70MB, paused 521us total 22.468ms
08-06 02:33:13.267 13231 13243 I art     : Starting a blocking GC Explicit
08-06 02:33:13.288 13231 13243 I art     : Explicit concurrent mark sweep GC freed 26(944B) AllocSpace objects, 0(0B) LOS objects, 22% free, 54MB/70MB, paused 592us total 20.789ms
08-06 02:33:13.297 13231 13243 I art     : Starting a blocking GC Explicit
08-06 02:33:13.323 13231 13243 I art     : Explicit concurrent mark sweep GC freed 3(96B) AllocSpace objects, 0(0B) LOS objects, 22% free, 54MB/70MB, paused 541us total 25.549ms
08-06 02:33:13.332 13231 13243 I art     : Starting a blocking GC Explicit
08-06 02:33:13.357 13231 13243 I art     : Explicit concurrent mark sweep GC freed 3(96B) AllocSpace objects, 0(0B) LOS objects, 22% free, 54MB/70MB, paused 599us total 25.095ms
08-06 02:33:13.368 13231 13243 I art     : Starting a blocking GC Explicit
08-06 02:33:13.395 13231 13243 I art     : Explicit concurrent mark sweep GC freed 3(96B) AllocSpace objects, 0(0B) LOS objects, 22% free, 54MB/70MB, paused 504us total 26.701ms
08-06 02:33:13.494   380   380 W SurfaceFlinger: couldn't log to binary event log: overflow.
08-06 02:33:13.653 13231 13244 I art     : Starting a blocking GC Explicit
08-06 02:33:13.682 13231 13244 I art     : Explicit concurrent mark sweep GC freed 1453(86KB) AllocSpace objects, 1(20KB) LOS objects, 22% free, 54MB/70MB, paused 602us total 29.134ms
08-06 02:33:13.695 13231 13244 I art     : Starting a blocking GC Explicit
08-06 02:33:13.721 13231 13244 I art     : Explicit concurrent mark sweep GC freed 1671(107KB) AllocSpace objects, 3(184KB) LOS objects, 22% free, 53MB/69MB, paused 565us total 25.371ms
08-06 02:33:13.730 13231 13244 I art     : Starting a blocking GC Explicit
08-06 02:33:13.754 13231 13244 I art     : Explicit concurrent mark sweep GC freed 3(96B) AllocSpace objects, 0(0B) LOS objects, 22% free, 53MB/69MB, paused 533us total 23.818ms
08-06 02:33:13.763 13231 13244 I art     : Starting a blocking GC Explicit
08-06 02:33:13.788 13231 13244 I art     : Explicit concurrent mark sweep GC freed 3(96B) AllocSpace objects, 0(0B) LOS objects, 22% free, 53MB/69MB, paused 553us total 24.201ms
08-06 02:33:13.797 13231 13244 I art     : Starting a blocking GC Explicit
08-06 02:33:13.822 13231 13244 I art     : Explicit concurrent mark sweep GC freed 3(96B) AllocSpace objects, 0(0B) LOS objects, 22% free, 53MB/69MB, paused 544us total 24.448ms
08-06 02:33:13.954 13136 13136 I ServiceManager: Waiting for service AtCmdFwd...
08-06 02:33:14.119 13231 13327 I art     : Starting a blocking GC Explicit
08-06 02:33:14.153 13231 13327 I art     : Explicit concurrent mark sweep GC freed 1365(79KB) AllocSpace objects, 1(20KB) LOS objects, 22% free, 53MB/69MB, paused 571us total 33.480ms
08-06 02:33:14.166 13231 13327 I art     : Starting a blocking GC Explicit
08-06 02:33:14.191 13231 13327 I art     : Explicit concurrent mark sweep GC freed 36(1216B) AllocSpace objects, 0(0B) LOS objects, 22% free, 53MB/69MB, paused 538us total 24.143ms
08-06 02:33:14.200 13231 13327 I art     : Starting a blocking GC Explicit
08-06 02:33:14.225 13231 13327 I art     : Explicit concurrent mark sweep GC freed 3(96B) AllocSpace objects, 0(0B) LOS objects, 22% free, 53MB/69MB, paused 538us total 24.421ms
08-06 02:33:14.234 13231 13327 I art     : Starting a blocking GC Explicit
08-06 02:33:14.259 13231 13327 I art     : Explicit concurrent mark sweep GC freed 3(96B) AllocSpace objects, 0(0B) LOS objects, 22% free, 53MB/69MB, paused 529us total 24.452ms
08-06 02:33:14.268 13231 13327 I art     : Starting a blocking GC Explicit
08-06 02:33:14.292 13231 13327 I art     : Explicit concurrent mark sweep GC freed 3(96B) AllocSpace objects, 0(0B) LOS objects, 22% free, 53MB/69MB, paused 529us total 24.097ms
08-06 02:33:14.357   918  3261 D WifiStateMachine: starting scan for "H369AA63323"WPA_PSK with 2412,5180
08-06 02:33:14.551 13231 13243 I art     : Starting a blocking GC Explicit
08-06 02:33:14.575 13231 13243 I art     : Explicit concurrent mark sweep GC freed 1344(78KB) AllocSpace objects, 1(20KB) LOS objects, 22% free, 53MB/69MB, paused 585us total 24.329ms
08-06 02:33:14.585 13231 13243 I art     : Starting a blocking GC Explicit
08-06 02:33:14.609 13231 13243 I art     : Explicit concurrent mark sweep GC freed 20(704B) AllocSpace objects, 0(0B) LOS objects, 22% free, 53MB/69MB, paused 553us total 24.075ms
08-06 02:33:14.619 13231 13243 I art     : Starting a blocking GC Explicit
08-06 02:33:14.642 13231 13243 I art     : Explicit concurrent mark sweep GC freed 3(96B) AllocSpace objects, 0(0B) LOS objects, 22% free, 53MB/69MB, paused 527us total 23.072ms
08-06 02:33:14.651 13231 13243 I art     : Starting a blocking GC Explicit
08-06 02:33:14.674 13231 13243 I art     : Explicit concurrent mark sweep GC freed 3(96B) AllocSpace objects, 0(0B) LOS objects, 22% free, 53MB/69MB, paused 537us total 22.787ms
08-06 02:33:14.683 13231 13243 I art     : Starting a blocking GC Explicit
08-06 02:33:14.706 13231 13243 I art     : Explicit concurrent mark sweep GC freed 3(96B) AllocSpace objects, 0(0B) LOS objects, 22% free, 53MB/69MB, paused 533us total 23.194ms
08-06 02:33:14.814 17295 17295 D AndroidRuntime: >>>>>> START com.android.internal.os.RuntimeInit uid 2000 <<<<<<
08-06 02:33:14.820 17295 17295 D AndroidRuntime: CheckJNI is OFF
08-06 02:33:14.858 17295 17295 D ICU     : No timezone override file found: /data/misc/zoneinfo/current/icu/icu_tzdata.dat
08-06 02:33:14.894 17295 17295 I Radio-JNI: register_android_hardware_Radio DONE
08-06 02:33:14.916 17295 17295 D AndroidRuntime: Calling main entry com.android.commands.input.Input
08-06 02:33:14.918 17295 17295 I Input   : injectKeyEvent: KeyEvent { action=ACTION_DOWN, keyCode=KEYCODE_BACK, scanCode=0, metaState=0, flags=0x0, repeatCount=0, eventTime=844411330, downTime=844411330, deviceId=-1, source=0x101 }
08-06 02:33:14.922 17295 17295 I Input   : injectKeyEvent: KeyEvent { action=ACTION_UP, keyCode=KEYCODE_BACK, scanCode=0, metaState=0, flags=0x0, repeatCount=0, eventTime=844411330, downTime=844411330, deviceId=-1, source=0x101 }
08-06 02:33:14.927 17295 17295 D AndroidRuntime: Shutting down VM
08-06 02:33:14.954 13136 13136 W Atfwd_Sendcmd: AtCmdFwd service not published, waiting... retryCnt : 1
08-06 02:33:14.972 13866 13866 I GoogleInputMethodServic: GoogleInputMethodService.onFinishInput():3138 
08-06 02:33:14.973 13866 13866 I GoogleInputMethodServic: GoogleInputMethodService.onStartInput():1808 
08-06 02:33:14.991 13231 13260 I art     : Starting a blocking GC Explicit
08-06 02:33:15.015 13231 13260 I art     : Explicit concurrent mark sweep GC freed 1553(87KB) AllocSpace objects, 1(20KB) LOS objects, 22% free, 53MB/69MB, paused 514us total 22.974ms
08-06 02:33:15.023 13231 13260 I art     : Starting a blocking GC Explicit
08-06 02:33:15.044 13231 13260 I art     : Explicit concurrent mark sweep GC freed 24(864B) AllocSpace objects, 0(0B) LOS objects, 22% free, 53MB/69MB, paused 516us total 20.924ms
08-06 02:33:15.053 13231 13260 I art     : Starting a blocking GC Explicit
08-06 02:33:15.074 13231 13260 I art     : Explicit concurrent mark sweep GC freed 3(96B) AllocSpace objects, 0(0B) LOS objects, 22% free, 53MB/69MB, paused 503us total 20.935ms
08-06 02:33:15.082 13231 13260 I art     : Starting a blocking GC Explicit
08-06 02:33:15.107 13231 13260 I art     : Explicit concurrent mark sweep GC freed 3(96B) AllocSpace objects, 0(0B) LOS objects, 22% free, 53MB/69MB, paused 729us total 24.720ms
08-06 02:33:15.117 13231 13260 I art     : Starting a blocking GC Explicit
08-06 02:33:15.146 13231 13260 I art     : Explicit concurrent mark sweep GC freed 3(96B) AllocSpace objects, 0(0B) LOS objects, 22% free, 53MB/69MB, paused 570us total 28.003ms
08-06 02:33:15.403 13231 13327 I art     : Starting a blocking GC Explicit
08-06 02:33:15.410   518   646 I ThermalEngine: ACTION: GPU - Setting GPU[0] to 450000000
08-06 02:33:15.434 13231 13327 I art     : Explicit concurrent mark sweep GC freed 2977(154KB) AllocSpace objects, 1(20KB) LOS objects, 22% free, 53MB/69MB, paused 719us total 30.583ms
08-06 02:33:15.445 13231 13327 I art     : Starting a blocking GC Explicit
08-06 02:33:15.474 13231 13327 I art     : Explicit concurrent mark sweep GC freed 2849(180KB) AllocSpace objects, 2(140KB) LOS objects, 23% free, 53MB/69MB, paused 709us total 28.641ms
08-06 02:33:15.486 13231 13327 I art     : Starting a blocking GC Explicit
08-06 02:33:15.514 13231 13327 I art     : Explicit concurrent mark sweep GC freed 3(96B) AllocSpace objects, 0(0B) LOS objects, 23% free, 53MB/69MB, paused 703us total 28.189ms
08-06 02:33:15.525 13231 13327 I art     : Starting a blocking GC Explicit
08-06 02:33:15.554 13231 13327 I art     : Explicit concurrent mark sweep GC freed 3(96B) AllocSpace objects, 0(0B) LOS objects, 23% free, 53MB/69MB, paused 704us total 28.606ms
08-06 02:33:15.566 13231 13327 I art     : Starting a blocking GC Explicit
08-06 02:33:15.594 13231 13327 I art     : Explicit concurrent mark sweep GC freed 3(96B) AllocSpace objects, 0(0B) LOS objects, 23% free, 53MB/69MB, paused 708us total 28.233ms
08-06 02:33:15.908 13231 13243 I art     : Starting a blocking GC Explicit
08-06 02:33:15.942 13231 13243 I art     : Explicit concurrent mark sweep GC freed 1344(78KB) AllocSpace objects, 1(20KB) LOS objects, 23% free, 53MB/69MB, paused 728us total 32.738ms
08-06 02:33:15.953 13231 13243 I art     : Starting a blocking GC Explicit
08-06 02:33:15.982 13231 13243 I art     : Explicit concurrent mark sweep GC freed 20(704B) AllocSpace objects, 0(0B) LOS objects, 23% free, 53MB/69MB, paused 713us total 28.595ms
08-06 02:33:15.994 13231 13243 I art     : Starting a blocking GC Explicit
08-06 02:33:16.023 13231 13243 I art     : Explicit concurrent mark sweep GC freed 3(96B) AllocSpace objects, 0(0B) LOS objects, 23% free, 53MB/69MB, paused 710us total 28.843ms
08-06 02:33:16.034 13231 13243 I art     : Starting a blocking GC Explicit
08-06 02:33:16.063 13231 13243 I art     : Explicit concurrent mark sweep GC freed 3(96B) AllocSpace objects, 0(0B) LOS objects, 23% free, 53MB/69MB, paused 720us total 28.473ms
08-06 02:33:16.074 13231 13243 I art     : Starting a blocking GC Explicit
08-06 02:33:16.103 13231 13243 I art     : Explicit concurrent mark sweep GC freed 3(96B) AllocSpace objects, 0(0B) LOS objects, 23% free, 53MB/69MB, paused 779us total 28.478ms
08-06 02:33:16.397 13231 13244 I art     : Starting a blocking GC Explicit
08-06 02:33:16.430 13231 13244 I art     : Explicit concurrent mark sweep GC freed 1341(78KB) AllocSpace objects, 1(20KB) LOS objects, 23% free, 53MB/69MB, paused 758us total 32.933ms
08-06 02:33:16.441 13231 13244 I art     : Starting a blocking GC Explicit
08-06 02:33:16.469 13231 13244 I art     : Explicit concurrent mark sweep GC freed 20(704B) AllocSpace objects, 0(0B) LOS objects, 23% free, 53MB/69MB, paused 714us total 27.753ms
08-06 02:33:16.480 13231 13244 I art     : Starting a blocking GC Explicit
08-06 02:33:16.508 13231 13244 I art     : Explicit concurrent mark sweep GC freed 3(96B) AllocSpace objects, 0(0B) LOS objects, 23% free, 53MB/69MB, paused 794us total 27.252ms
08-06 02:33:16.520 13231 13244 I art     : Starting a blocking GC Explicit
08-06 02:33:16.547 13231 13244 I art     : Explicit concurrent mark sweep GC freed 3(96B) AllocSpace objects, 0(0B) LOS objects, 23% free, 53MB/69MB, paused 758us total 27.089ms
08-06 02:33:16.558 13231 13244 I art     : Starting a blocking GC Explicit
08-06 02:33:16.588 13231 13244 I art     : Explicit concurrent mark sweep GC freed 3(96B) AllocSpace objects, 0(0B) LOS objects, 23% free, 53MB/69MB, paused 708us total 28.966ms
08-06 02:33:16.723 17348 17348 D AndroidRuntime: >>>>>> START com.android.internal.os.RuntimeInit uid 2000 <<<<<<
08-06 02:33:16.729 17348 17348 D AndroidRuntime: CheckJNI is OFF
08-06 02:33:16.770 17348 17348 D ICU     : No timezone override file found: /data/misc/zoneinfo/current/icu/icu_tzdata.dat
08-06 02:33:16.812 17348 17348 I Radio-JNI: register_android_hardware_Radio DONE
08-06 02:33:16.842 17348 17348 D AndroidRuntime: Calling main entry com.android.commands.input.Input
08-06 02:33:16.844 17348 17348 I Input   : injectMotionEvent: MotionEvent { action=ACTION_DOWN, actionButton=0, id[0]=0, x[0]=1084.0, y[0]=2213.0, toolType[0]=TOOL_TYPE_UNKNOWN, buttonState=0, metaState=0, flags=0x0, edgeFlags=0x0, pointerCount=1, historySize=0, eventTime=844413256, downTime=844413256, deviceId=0, source=0x1002 }
08-06 02:33:16.850 17348 17348 I Input   : injectMotionEvent: MotionEvent { action=ACTION_UP, actionButton=0, id[0]=0, x[0]=1084.0, y[0]=2213.0, toolType[0]=TOOL_TYPE_UNKNOWN, buttonState=0, metaState=0, flags=0x0, edgeFlags=0x0, pointerCount=1, historySize=0, eventTime=844413256, downTime=844413256, deviceId=0, source=0x1002 }
08-06 02:33:16.852   918  3670 I ActivityManager: START u0 {cmp=baseline.appteam.nith.hillffair/.activities.EventActivity} from uid 10697 on display 0
08-06 02:33:16.859 17348 17348 D AndroidRuntime: Shutting down VM
08-06 02:33:16.888 13231 13244 I art     : Starting a blocking GC Explicit
08-06 02:33:16.919 13231 13244 I art     : Explicit concurrent mark sweep GC freed 6395(416KB) AllocSpace objects, 1(20KB) LOS objects, 23% free, 53MB/69MB, paused 1.094ms total 30.781ms
08-06 02:33:16.931 13231 13244 I art     : Starting a blocking GC Explicit
08-06 02:33:16.958 13231 13244 I art     : Explicit concurrent mark sweep GC freed 354(27KB) AllocSpace objects, 0(0B) LOS objects, 23% free, 53MB/69MB, paused 826us total 26.763ms
08-06 02:33:16.958 13231 13231 I NAPPA_EXPERIMENTATION: MetricNetworkRequestExecutionTime: REQUEST_DURATION_SYSTEM='63',REQUEST_DURATION_OKHTTP='37',REQUEST_SYNCHRONOUS='FALSE',RESPONSE_CODE='200',RESPONSE_METHOD='GET',RESPONSE_LENGTH_OKHTTP='1870',RESPONSE_LENGTH_HEADER='-2',REQUEST_PROTOCOL='http/1.1',REQUEST_URL='https://api-hillfair-2k16.herokuapp.com/api/app/club',
08-06 02:33:16.961 13866 13866 I GoogleInputMethodServic: GoogleInputMethodService.onFinishInput():3138 
08-06 02:33:16.961 13866 13866 I GoogleInputMethodServic: GoogleInputMethodService.onStartInput():1808 
08-06 02:33:16.968 13231 13244 I art     : Starting a blocking GC Explicit
08-06 02:33:16.995 13231 13244 I art     : Explicit concurrent mark sweep GC freed 840(54KB) AllocSpace objects, 0(0B) LOS objects, 22% free, 53MB/69MB, paused 752us total 26.799ms
08-06 02:33:17.007 13231 13244 I art     : Starting a blocking GC Explicit
08-06 02:33:17.013   918   936 I ActivityManager: Displayed baseline.appteam.nith.hillffair/.activities.EventActivity: +153ms
08-06 02:33:17.035 13231 13244 I art     : Explicit concurrent mark sweep GC freed 264(9KB) AllocSpace objects, 0(0B) LOS objects, 22% free, 53MB/69MB, paused 691us total 28.302ms
08-06 02:33:17.047 13231 13244 I art     : Starting a blocking GC Explicit
08-06 02:33:17.072 13231 13244 I art     : Explicit concurrent mark sweep GC freed 17(688B) AllocSpace objects, 0(0B) LOS objects, 22% free, 53MB/69MB, paused 692us total 25.384ms
08-06 02:33:17.277   380   380 W SurfaceFlinger: couldn't log to binary event log: overflow.
08-06 02:33:17.371 13231 13327 I art     : Starting a blocking GC Explicit
08-06 02:33:17.399 13231 13327 I art     : Explicit concurrent mark sweep GC freed 1412(82KB) AllocSpace objects, 1(20KB) LOS objects, 22% free, 53MB/69MB, paused 675us total 28.252ms
08-06 02:33:17.411 13231 13327 I art     : Starting a blocking GC Explicit
08-06 02:33:17.438 13231 13327 I art     : Explicit concurrent mark sweep GC freed 21(736B) AllocSpace objects, 0(0B) LOS objects, 22% free, 53MB/69MB, paused 686us total 27.303ms
08-06 02:33:17.450 13231 13327 I art     : Starting a blocking GC Explicit
08-06 02:33:17.479 13231 13327 I art     : Explicit concurrent mark sweep GC freed 3(96B) AllocSpace objects, 0(0B) LOS objects, 22% free, 53MB/69MB, paused 717us total 29.260ms
08-06 02:33:17.490 13231 13327 I art     : Starting a blocking GC Explicit
08-06 02:33:17.519 13231 13327 I art     : Explicit concurrent mark sweep GC freed 3(96B) AllocSpace objects, 0(0B) LOS objects, 22% free, 53MB/69MB, paused 719us total 27.897ms
08-06 02:33:17.530 13231 13327 I art     : Starting a blocking GC Explicit
08-06 02:33:17.557 13231 13327 I art     : Explicit concurrent mark sweep GC freed 3(96B) AllocSpace objects, 0(0B) LOS objects, 22% free, 53MB/69MB, paused 775us total 27.049ms
08-06 02:33:17.868 13231 13243 I art     : Starting a blocking GC Explicit
08-06 02:33:17.904 13231 13243 I art     : Explicit concurrent mark sweep GC freed 1344(78KB) AllocSpace objects, 1(20KB) LOS objects, 22% free, 53MB/69MB, paused 775us total 35.721ms
08-06 02:33:17.918 13231 13243 I art     : Starting a blocking GC Explicit
08-06 02:33:17.949 13231 13243 I art     : Explicit concurrent mark sweep GC freed 20(704B) AllocSpace objects, 0(0B) LOS objects, 22% free, 53MB/69MB, paused 747us total 30.247ms
08-06 02:33:17.960 13231 13243 I art     : Starting a blocking GC Explicit
08-06 02:33:17.990 13231 13243 I art     : Explicit concurrent mark sweep GC freed 3(96B) AllocSpace objects, 0(0B) LOS objects, 22% free, 53MB/69MB, paused 735us total 29.383ms
08-06 02:33:18.002 13231 13243 I art     : Starting a blocking GC Explicit
08-06 02:33:18.032 13231 13243 I art     : Explicit concurrent mark sweep GC freed 3(96B) AllocSpace objects, 0(0B) LOS objects, 22% free, 53MB/69MB, paused 736us total 29.736ms
08-06 02:33:18.044 13231 13243 I art     : Starting a blocking GC Explicit
08-06 02:33:18.074 13231 13243 I art     : Explicit concurrent mark sweep GC freed 3(96B) AllocSpace objects, 0(0B) LOS objects, 22% free, 53MB/69MB, paused 718us total 29.975ms
08-06 02:33:18.391 13231 13260 I art     : Starting a blocking GC Explicit
08-06 02:33:18.433 13231 13260 I art     : Explicit concurrent mark sweep GC freed 1344(78KB) AllocSpace objects, 1(20KB) LOS objects, 22% free, 53MB/69MB, paused 847us total 41.190ms
08-06 02:33:18.449 13231 13260 I art     : Starting a blocking GC Explicit
08-06 02:33:18.483 13231 13260 I art     : Explicit concurrent mark sweep GC freed 20(704B) AllocSpace objects, 0(0B) LOS objects, 22% free, 53MB/69MB, paused 749us total 33.857ms
08-06 02:33:18.496 13231 13260 I art     : Starting a blocking GC Explicit
08-06 02:33:18.528 13231 13260 I art     : Explicit concurrent mark sweep GC freed 3(96B) AllocSpace objects, 0(0B) LOS objects, 22% free, 53MB/69MB, paused 794us total 32.171ms
08-06 02:33:18.540 13231 13260 I art     : Starting a blocking GC Explicit
08-06 02:33:18.572 13231 13260 I art     : Explicit concurrent mark sweep GC freed 3(96B) AllocSpace objects, 0(0B) LOS objects, 22% free, 53MB/69MB, paused 704us total 31.950ms
08-06 02:33:18.584 13231 13260 I art     : Starting a blocking GC Explicit
08-06 02:33:18.616 13231 13260 I art     : Explicit concurrent mark sweep GC freed 3(96B) AllocSpace objects, 0(0B) LOS objects, 22% free, 53MB/69MB, paused 694us total 31.996ms
08-06 02:33:18.946 13231 13244 I art     : Starting a blocking GC Explicit
08-06 02:33:18.983 13231 13244 I art     : Explicit concurrent mark sweep GC freed 1344(78KB) AllocSpace objects, 1(20KB) LOS objects, 22% free, 53MB/69MB, paused 770us total 37.112ms
08-06 02:33:18.997 13231 13244 I art     : Starting a blocking GC Explicit
08-06 02:33:19.029 13231 13244 I art     : Explicit concurrent mark sweep GC freed 20(704B) AllocSpace objects, 0(0B) LOS objects, 22% free, 53MB/69MB, paused 757us total 31.572ms
08-06 02:33:19.041 13231 13244 I art     : Starting a blocking GC Explicit
08-06 02:33:19.072 13231 13244 I art     : Explicit concurrent mark sweep GC freed 3(96B) AllocSpace objects, 0(0B) LOS objects, 22% free, 53MB/69MB, paused 760us total 31.068ms
08-06 02:33:19.084 13231 13244 I art     : Starting a blocking GC Explicit
08-06 02:33:19.117 13231 13244 I art     : Explicit concurrent mark sweep GC freed 3(96B) AllocSpace objects, 0(0B) LOS objects, 22% free, 53MB/69MB, paused 821us total 32.570ms
08-06 02:33:19.129 13231 13244 I art     : Starting a blocking GC Explicit
08-06 02:33:19.163 13231 13244 I art     : Explicit concurrent mark sweep GC freed 3(96B) AllocSpace objects, 0(0B) LOS objects, 22% free, 53MB/69MB, paused 741us total 33.092ms
08-06 02:33:19.516 13231 13327 I art     : Starting a blocking GC Explicit
08-06 02:33:19.557 13231 13327 I art     : Explicit concurrent mark sweep GC freed 1344(78KB) AllocSpace objects, 1(20KB) LOS objects, 22% free, 53MB/69MB, paused 812us total 40.008ms
08-06 02:33:19.573 13231 13327 I art     : Starting a blocking GC Explicit
08-06 02:33:19.606 13231 13327 I art     : Explicit concurrent mark sweep GC freed 20(704B) AllocSpace objects, 0(0B) LOS objects, 22% free, 53MB/69MB, paused 699us total 32.930ms
08-06 02:33:19.618 13231 13327 I art     : Starting a blocking GC Explicit
08-06 02:33:19.651 13231 13327 I art     : Explicit concurrent mark sweep GC freed 3(96B) AllocSpace objects, 0(0B) LOS objects, 22% free, 53MB/69MB, paused 748us total 32.505ms
08-06 02:33:19.663 13231 13327 I art     : Starting a blocking GC Explicit
08-06 02:33:19.695 13231 13327 I art     : Explicit concurrent mark sweep GC freed 3(96B) AllocSpace objects, 0(0B) LOS objects, 22% free, 53MB/69MB, paused 752us total 31.398ms
08-06 02:33:19.707 13231 13327 I art     : Starting a blocking GC Explicit
08-06 02:33:19.739 13231 13327 I art     : Explicit concurrent mark sweep GC freed 3(96B) AllocSpace objects, 0(0B) LOS objects, 22% free, 53MB/69MB, paused 698us total 31.916ms
08-06 02:33:19.955 13136 13136 I ServiceManager: Waiting for service AtCmdFwd...
08-06 02:33:20.082 13231 13243 I art     : Starting a blocking GC Explicit
08-06 02:33:20.121 13231 13243 I art     : Explicit concurrent mark sweep GC freed 1344(78KB) AllocSpace objects, 1(20KB) LOS objects, 22% free, 53MB/69MB, paused 821us total 38.079ms
08-06 02:33:20.138 13231 13243 I art     : Starting a blocking GC Explicit
08-06 02:33:20.169 13231 13243 I art     : Explicit concurrent mark sweep GC freed 20(704B) AllocSpace objects, 0(0B) LOS objects, 22% free, 53MB/69MB, paused 743us total 30.852ms
08-06 02:33:20.181 13231 13243 I art     : Starting a blocking GC Explicit
08-06 02:33:20.214 13231 13243 I art     : Explicit concurrent mark sweep GC freed 3(96B) AllocSpace objects, 0(0B) LOS objects, 22% free, 53MB/69MB, paused 742us total 32.925ms
08-06 02:33:20.226 13231 13243 I art     : Starting a blocking GC Explicit
08-06 02:33:20.259 13231 13243 I art     : Explicit concurrent mark sweep GC freed 3(96B) AllocSpace objects, 0(0B) LOS objects, 22% free, 53MB/69MB, paused 749us total 32.386ms
08-06 02:33:20.271 13231 13243 I art     : Starting a blocking GC Explicit
08-06 02:33:20.303 13231 13243 I art     : Explicit concurrent mark sweep GC freed 3(96B) AllocSpace objects, 0(0B) LOS objects, 22% free, 53MB/69MB, paused 764us total 31.729ms
08-06 02:33:20.627 13231 13260 I art     : Starting a blocking GC Explicit
08-06 02:33:20.666 13231 13260 I art     : Explicit concurrent mark sweep GC freed 1344(78KB) AllocSpace objects, 1(20KB) LOS objects, 22% free, 53MB/69MB, paused 833us total 39.119ms
08-06 02:33:20.681 13231 13260 I art     : Starting a blocking GC Explicit
08-06 02:33:20.718 13231 13260 I art     : Explicit concurrent mark sweep GC freed 20(704B) AllocSpace objects, 0(0B) LOS objects, 22% free, 53MB/69MB, paused 765us total 36.924ms
08-06 02:33:20.730 13231 13260 I art     : Starting a blocking GC Explicit
08-06 02:33:20.762 13231 13260 I art     : Explicit concurrent mark sweep GC freed 3(96B) AllocSpace objects, 0(0B) LOS objects, 22% free, 53MB/69MB, paused 717us total 31.875ms
08-06 02:33:20.774 13231 13260 I art     : Starting a blocking GC Explicit
08-06 02:33:20.807 13231 13260 I art     : Explicit concurrent mark sweep GC freed 3(96B) AllocSpace objects, 0(0B) LOS objects, 22% free, 53MB/69MB, paused 850us total 32.832ms
08-06 02:33:20.819 13231 13260 I art     : Starting a blocking GC Explicit
08-06 02:33:20.852 13231 13260 I art     : Explicit concurrent mark sweep GC freed 3(96B) AllocSpace objects, 0(0B) LOS objects, 22% free, 53MB/69MB, paused 755us total 32.465ms
08-06 02:33:20.955 13136 13136 I ServiceManager: Waiting for service AtCmdFwd...
08-06 02:33:21.176 13231 13244 I art     : Starting a blocking GC Explicit
08-06 02:33:21.206 13231 13244 I art     : Explicit concurrent mark sweep GC freed 1344(78KB) AllocSpace objects, 1(20KB) LOS objects, 22% free, 53MB/69MB, paused 751us total 29.977ms
08-06 02:33:21.217 13231 13244 I art     : Starting a blocking GC Explicit
08-06 02:33:21.246 13231 13244 I art     : Explicit concurrent mark sweep GC freed 20(704B) AllocSpace objects, 0(0B) LOS objects, 22% free, 53MB/69MB, paused 737us total 28.325ms
08-06 02:33:21.257 13231 13244 I art     : Starting a blocking GC Explicit
08-06 02:33:21.286 13231 13244 I art     : Explicit concurrent mark sweep GC freed 3(96B) AllocSpace objects, 0(0B) LOS objects, 22% free, 53MB/69MB, paused 732us total 28.594ms
08-06 02:33:21.298 13231 13244 I art     : Starting a blocking GC Explicit
08-06 02:33:21.327 13231 13244 I art     : Explicit concurrent mark sweep GC freed 3(96B) AllocSpace objects, 0(0B) LOS objects, 22% free, 53MB/69MB, paused 721us total 28.789ms
08-06 02:33:21.338 13231 13244 I art     : Starting a blocking GC Explicit
08-06 02:33:21.368 13231 13244 I art     : Explicit concurrent mark sweep GC freed 3(96B) AllocSpace objects, 0(0B) LOS objects, 22% free, 53MB/69MB, paused 769us total 29.652ms
08-06 02:33:21.418   518   646 I ThermalEngine: ACTION: GPU - Setting GPU[0] to 510000000
08-06 02:33:21.604 17476 17476 D AndroidRuntime: >>>>>> START com.android.internal.os.RuntimeInit uid 2000 <<<<<<
08-06 02:33:21.609 17476 17476 D AndroidRuntime: CheckJNI is OFF
08-06 02:33:21.642 17476 17476 D ICU     : No timezone override file found: /data/misc/zoneinfo/current/icu/icu_tzdata.dat
08-06 02:33:21.675 17476 17476 I Radio-JNI: register_android_hardware_Radio DONE
08-06 02:33:21.676 13231 13327 I art     : Starting a blocking GC Explicit
08-06 02:33:21.698 17476 17476 D AndroidRuntime: Calling main entry com.android.commands.input.Input
08-06 02:33:21.700 17476 17476 I Input   : injectMotionEvent: MotionEvent { action=ACTION_DOWN, actionButton=0, id[0]=0, x[0]=255.0, y[0]=1845.0, toolType[0]=TOOL_TYPE_UNKNOWN, buttonState=0, metaState=0, flags=0x0, edgeFlags=0x0, pointerCount=1, historySize=0, eventTime=844418112, downTime=844418112, deviceId=0, source=0x1002 }
08-06 02:33:21.701 13231 13327 I art     : Explicit concurrent mark sweep GC freed 1344(78KB) AllocSpace objects, 1(20KB) LOS objects, 22% free, 53MB/69MB, paused 647us total 24.025ms
08-06 02:33:21.705 17476 17476 I Input   : injectMotionEvent: MotionEvent { action=ACTION_UP, actionButton=0, id[0]=0, x[0]=255.0, y[0]=1845.0, toolType[0]=TOOL_TYPE_UNKNOWN, buttonState=0, metaState=0, flags=0x0, edgeFlags=0x0, pointerCount=1, historySize=0, eventTime=844418112, downTime=844418112, deviceId=0, source=0x1002 }
08-06 02:33:21.707   918  6112 I ActivityManager: START u0 {cmp=baseline.appteam.nith.hillffair/.activities.ClubActivity (has extras)} from uid 10697 on display 0
08-06 02:33:21.710 13231 13327 I art     : Starting a blocking GC Explicit
08-06 02:33:21.715 17476 17476 D AndroidRuntime: Shutting down VM
08-06 02:33:21.733 13231 13327 I art     : Explicit concurrent mark sweep GC freed 306(19KB) AllocSpace objects, 0(0B) LOS objects, 22% free, 53MB/69MB, paused 838us total 22.772ms
08-06 02:33:21.741 13231 13327 I art     : Starting a blocking GC Explicit
08-06 02:33:21.765 13231 13327 I art     : Explicit concurrent mark sweep GC freed 3449(270KB) AllocSpace objects, 0(0B) LOS objects, 22% free, 53MB/69MB, paused 545us total 23.918ms
08-06 02:33:21.773 13231 13327 I art     : Starting a blocking GC Explicit
08-06 02:33:21.795 13231 13327 I art     : Explicit concurrent mark sweep GC freed 244(10KB) AllocSpace objects, 0(0B) LOS objects, 22% free, 53MB/69MB, paused 930us total 21.121ms
08-06 02:33:21.803 13231 13327 I art     : Starting a blocking GC Explicit
08-06 02:33:21.803 13231 13231 I NAPPA_EXPERIMENTATION: MetricNetworkRequestExecutionTime: REQUEST_DURATION_SYSTEM='62',REQUEST_DURATION_OKHTTP='36',REQUEST_SYNCHRONOUS='FALSE',RESPONSE_CODE='200',RESPONSE_METHOD='GET',RESPONSE_LENGTH_OKHTTP='1171',RESPONSE_LENGTH_HEADER='-2',REQUEST_PROTOCOL='http/1.1',REQUEST_URL='https://api-hillfair-2k16.herokuapp.com/api/app/club/Technical%20Committee',
08-06 02:33:21.810 13866 13866 I GoogleInputMethodServic: GoogleInputMethodService.onFinishInput():3138 
08-06 02:33:21.810 13866 13866 I GoogleInputMethodServic: GoogleInputMethodService.onStartInput():1808 
08-06 02:33:21.811   918   936 I ActivityManager: Displayed baseline.appteam.nith.hillffair/.activities.ClubActivity: +95ms
08-06 02:33:21.825 13231 13327 I art     : Explicit concurrent mark sweep GC freed 210(14KB) AllocSpace objects, 0(0B) LOS objects, 22% free, 53MB/69MB, paused 569us total 22.166ms
08-06 02:33:21.956 13136 13136 I ServiceManager: Waiting for service AtCmdFwd...
08-06 02:33:22.071   380   380 W SurfaceFlinger: couldn't log to binary event log: overflow.
08-06 02:33:22.113 13231 13244 I art     : Starting a blocking GC Explicit
08-06 02:33:22.137 13231 13244 I art     : Explicit concurrent mark sweep GC freed 1793(112KB) AllocSpace objects, 1(20KB) LOS objects, 22% free, 53MB/69MB, paused 662us total 23.355ms
08-06 02:33:22.145 13231 13244 I art     : Starting a blocking GC Explicit
08-06 02:33:22.169 13231 13244 I art     : Explicit concurrent mark sweep GC freed 59(2064B) AllocSpace objects, 0(0B) LOS objects, 22% free, 53MB/69MB, paused 518us total 23.371ms
08-06 02:33:22.179 13231 13244 I art     : Starting a blocking GC Explicit
08-06 02:33:22.202 13231 13244 I art     : Explicit concurrent mark sweep GC freed 101(5KB) AllocSpace objects, 0(0B) LOS objects, 22% free, 53MB/69MB, paused 556us total 23.188ms
08-06 02:33:22.210 13231 13244 I art     : Starting a blocking GC Explicit
08-06 02:33:22.232 13231 13244 I art     : Explicit concurrent mark sweep GC freed 3(96B) AllocSpace objects, 0(0B) LOS objects, 22% free, 53MB/69MB, paused 576us total 21.236ms
08-06 02:33:22.241 13231 13244 I art     : Starting a blocking GC Explicit
08-06 02:33:22.266 13231 13244 I art     : Explicit concurrent mark sweep GC freed 3(96B) AllocSpace objects, 0(0B) LOS objects, 22% free, 53MB/69MB, paused 549us total 24.295ms
08-06 02:33:22.566 13231 13243 I art     : Starting a blocking GC Explicit
08-06 02:33:22.591 13231 13243 I art     : Explicit concurrent mark sweep GC freed 1344(78KB) AllocSpace objects, 1(20KB) LOS objects, 22% free, 53MB/69MB, paused 564us total 24.167ms
08-06 02:33:22.600 13231 13243 I art     : Starting a blocking GC Explicit
08-06 02:33:22.625 13231 13243 I art     : Explicit concurrent mark sweep GC freed 36(1264B) AllocSpace objects, 0(0B) LOS objects, 22% free, 53MB/69MB, paused 591us total 25.030ms
08-06 02:33:22.635 13231 13243 I art     : Starting a blocking GC Explicit
08-06 02:33:22.660 13231 13243 I art     : Explicit concurrent mark sweep GC freed 3(96B) AllocSpace objects, 0(0B) LOS objects, 22% free, 53MB/69MB, paused 558us total 24.348ms
08-06 02:33:22.669 13231 13243 I art     : Starting a blocking GC Explicit
08-06 02:33:22.693 13231 13243 I art     : Explicit concurrent mark sweep GC freed 3(96B) AllocSpace objects, 0(0B) LOS objects, 22% free, 53MB/69MB, paused 564us total 24.683ms
08-06 02:33:22.703 13231 13243 I art     : Starting a blocking GC Explicit
08-06 02:33:22.728 13231 13243 I art     : Explicit concurrent mark sweep GC freed 3(96B) AllocSpace objects, 0(0B) LOS objects, 22% free, 53MB/69MB, paused 590us total 24.759ms
08-06 02:33:22.957 13136 13136 I ServiceManager: Waiting for service AtCmdFwd...
08-06 02:33:23.035 13231 13327 I art     : Starting a blocking GC Explicit
08-06 02:33:23.071 13231 13327 I art     : Explicit concurrent mark sweep GC freed 1344(78KB) AllocSpace objects, 1(20KB) LOS objects, 22% free, 53MB/69MB, paused 800us total 36.121ms
08-06 02:33:23.084 13231 13327 I art     : Starting a blocking GC Explicit
08-06 02:33:23.110 13231 13327 I art     : Explicit concurrent mark sweep GC freed 20(704B) AllocSpace objects, 0(0B) LOS objects, 22% free, 53MB/69MB, paused 583us total 25.387ms
08-06 02:33:23.119 13231 13327 I art     : Starting a blocking GC Explicit
08-06 02:33:23.144 13231 13327 I art     : Explicit concurrent mark sweep GC freed 3(96B) AllocSpace objects, 0(0B) LOS objects, 22% free, 53MB/69MB, paused 618us total 24.687ms
08-06 02:33:23.153 13231 13327 I art     : Starting a blocking GC Explicit
08-06 02:33:23.178 13231 13327 I art     : Explicit concurrent mark sweep GC freed 3(96B) AllocSpace objects, 0(0B) LOS objects, 22% free, 53MB/69MB, paused 581us total 24.728ms
08-06 02:33:23.187 13231 13327 I art     : Starting a blocking GC Explicit
08-06 02:33:23.212 13231 13327 I art     : Explicit concurrent mark sweep GC freed 3(96B) AllocSpace objects, 0(0B) LOS objects, 22% free, 53MB/69MB, paused 567us total 24.766ms
08-06 02:33:23.425   518   646 I ThermalEngine: ACTION: GPU - Setting GPU[0] to 450000000
08-06 02:33:23.555 13231 13244 I art     : Starting a blocking GC Explicit
08-06 02:33:23.601 13231 13244 I art     : Explicit concurrent mark sweep GC freed 1344(78KB) AllocSpace objects, 1(20KB) LOS objects, 22% free, 53MB/69MB, paused 855us total 45.265ms
08-06 02:33:23.617 13231 13244 I art     : Starting a blocking GC Explicit
08-06 02:33:23.652 13231 13244 I art     : Explicit concurrent mark sweep GC freed 20(704B) AllocSpace objects, 0(0B) LOS objects, 22% free, 53MB/69MB, paused 735us total 34.708ms
08-06 02:33:23.664 13231 13244 I art     : Starting a blocking GC Explicit
08-06 02:33:23.698 13231 13244 I art     : Explicit concurrent mark sweep GC freed 3(96B) AllocSpace objects, 0(0B) LOS objects, 22% free, 53MB/69MB, paused 828us total 33.641ms
08-06 02:33:23.710 13231 13244 I art     : Starting a blocking GC Explicit
08-06 02:33:23.744 13231 13244 I art     : Explicit concurrent mark sweep GC freed 3(96B) AllocSpace objects, 0(0B) LOS objects, 22% free, 53MB/69MB, paused 757us total 33.748ms
08-06 02:33:23.757 13231 13244 I art     : Starting a blocking GC Explicit
08-06 02:33:23.789 13231 13244 I art     : Explicit concurrent mark sweep GC freed 3(96B) AllocSpace objects, 0(0B) LOS objects, 22% free, 53MB/69MB, paused 724us total 31.959ms
08-06 02:33:23.958 13136 13136 I ServiceManager: Waiting for service AtCmdFwd...
08-06 02:33:24.118 13231 13260 I art     : Starting a blocking GC Explicit
08-06 02:33:24.151 13231 13260 I art     : Explicit concurrent mark sweep GC freed 1344(78KB) AllocSpace objects, 1(20KB) LOS objects, 22% free, 53MB/69MB, paused 767us total 33.104ms
08-06 02:33:24.164 13231 13260 I art     : Starting a blocking GC Explicit
08-06 02:33:24.197 13231 13260 I art     : Explicit concurrent mark sweep GC freed 20(704B) AllocSpace objects, 0(0B) LOS objects, 22% free, 53MB/69MB, paused 916us total 33.241ms
08-06 02:33:24.209 13231 13260 I art     : Starting a blocking GC Explicit
08-06 02:33:24.243 13231 13260 I art     : Explicit concurrent mark sweep GC freed 3(96B) AllocSpace objects, 0(0B) LOS objects, 22% free, 53MB/69MB, paused 760us total 33.187ms
08-06 02:33:24.254 13231 13260 I art     : Starting a blocking GC Explicit
08-06 02:33:24.287 13231 13260 I art     : Explicit concurrent mark sweep GC freed 3(96B) AllocSpace objects, 0(0B) LOS objects, 22% free, 53MB/69MB, paused 838us total 32.475ms
08-06 02:33:24.299 13231 13260 I art     : Starting a blocking GC Explicit
08-06 02:33:24.334 13231 13260 I art     : Explicit concurrent mark sweep GC freed 3(96B) AllocSpace objects, 0(0B) LOS objects, 22% free, 53MB/69MB, paused 776us total 33.943ms
08-06 02:33:24.668 13231 13243 I art     : Starting a blocking GC Explicit
08-06 02:33:24.709 13231 13243 I art     : Explicit concurrent mark sweep GC freed 1344(78KB) AllocSpace objects, 1(20KB) LOS objects, 22% free, 53MB/69MB, paused 932us total 40.897ms
08-06 02:33:24.727 13231 13243 I art     : Starting a blocking GC Explicit
08-06 02:33:24.759 13231 13243 I art     : Explicit concurrent mark sweep GC freed 20(704B) AllocSpace objects, 0(0B) LOS objects, 22% free, 53MB/69MB, paused 736us total 31.450ms
08-06 02:33:24.771 13231 13243 I art     : Starting a blocking GC Explicit
08-06 02:33:24.804 13231 13243 I art     : Explicit concurrent mark sweep GC freed 3(96B) AllocSpace objects, 0(0B) LOS objects, 22% free, 53MB/69MB, paused 751us total 33.444ms
08-06 02:33:24.817 13231 13243 I art     : Starting a blocking GC Explicit
08-06 02:33:24.851 13231 13243 I art     : Explicit concurrent mark sweep GC freed 3(96B) AllocSpace objects, 0(0B) LOS objects, 22% free, 53MB/69MB, paused 771us total 33.679ms
08-06 02:33:24.863 13231 13243 I art     : Starting a blocking GC Explicit
08-06 02:33:24.895 13231 13243 I art     : Explicit concurrent mark sweep GC freed 3(96B) AllocSpace objects, 0(0B) LOS objects, 22% free, 53MB/69MB, paused 762us total 32.027ms
08-06 02:33:24.959 13136 13136 W Atfwd_Sendcmd: AtCmdFwd service not published, waiting... retryCnt : 2
08-06 02:33:25.220 13231 13327 I art     : Starting a blocking GC Explicit
08-06 02:33:25.258 13231 13327 I art     : Explicit concurrent mark sweep GC freed 1344(78KB) AllocSpace objects, 1(20KB) LOS objects, 22% free, 53MB/69MB, paused 786us total 37.740ms
08-06 02:33:25.270 13231 13327 I art     : Starting a blocking GC Explicit
08-06 02:33:25.301 13231 13327 I art     : Explicit concurrent mark sweep GC freed 20(704B) AllocSpace objects, 0(0B) LOS objects, 22% free, 53MB/69MB, paused 746us total 30.267ms
08-06 02:33:25.312 13231 13327 I art     : Starting a blocking GC Explicit
08-06 02:33:25.343 13231 13327 I art     : Explicit concurrent mark sweep GC freed 3(96B) AllocSpace objects, 0(0B) LOS objects, 22% free, 53MB/69MB, paused 728us total 30.554ms
08-06 02:33:25.355 13231 13327 I art     : Starting a blocking GC Explicit
08-06 02:33:25.387 13231 13327 I art     : Explicit concurrent mark sweep GC freed 3(96B) AllocSpace objects, 0(0B) LOS objects, 22% free, 53MB/69MB, paused 859us total 32.491ms
08-06 02:33:25.400 13231 13327 I art     : Starting a blocking GC Explicit
08-06 02:33:25.428   518   646 I ThermalEngine: ACTION: GPU - Setting GPU[0] to 510000000
08-06 02:33:25.433 13231 13327 I art     : Explicit concurrent mark sweep GC freed 3(96B) AllocSpace objects, 0(0B) LOS objects, 22% free, 53MB/69MB, paused 733us total 32.730ms
08-06 02:33:25.742 13231 13244 I art     : Starting a blocking GC Explicit
08-06 02:33:25.774 13231 13244 I art     : Explicit concurrent mark sweep GC freed 1365(79KB) AllocSpace objects, 1(20KB) LOS objects, 22% free, 53MB/69MB, paused 592us total 31.327ms
08-06 02:33:25.787 13231 13244 I art     : Starting a blocking GC Explicit
08-06 02:33:25.815 13231 13244 I art     : Explicit concurrent mark sweep GC freed 36(1216B) AllocSpace objects, 0(0B) LOS objects, 22% free, 53MB/69MB, paused 550us total 27.593ms
08-06 02:33:25.824 13231 13244 I art     : Starting a blocking GC Explicit
08-06 02:33:25.849 13231 13244 I art     : Explicit concurrent mark sweep GC freed 3(96B) AllocSpace objects, 0(0B) LOS objects, 22% free, 53MB/69MB, paused 611us total 24.436ms
08-06 02:33:25.858 13231 13244 I art     : Starting a blocking GC Explicit
08-06 02:33:25.883 13231 13244 I art     : Explicit concurrent mark sweep GC freed 3(96B) AllocSpace objects, 0(0B) LOS objects, 22% free, 53MB/69MB, paused 562us total 24.515ms
08-06 02:33:25.892 13231 13244 I art     : Starting a blocking GC Explicit
08-06 02:33:25.917 13231 13244 I art     : Explicit concurrent mark sweep GC freed 3(96B) AllocSpace objects, 0(0B) LOS objects, 22% free, 53MB/69MB, paused 653us total 24.311ms
08-06 02:33:26.182 13231 13260 I art     : Starting a blocking GC Explicit
08-06 02:33:26.206 13231 13260 I art     : Explicit concurrent mark sweep GC freed 1344(78KB) AllocSpace objects, 1(20KB) LOS objects, 22% free, 53MB/69MB, paused 550us total 24.531ms
08-06 02:33:26.215 13231 13260 I art     : Starting a blocking GC Explicit
08-06 02:33:26.239 13231 13260 I art     : Explicit concurrent mark sweep GC freed 20(704B) AllocSpace objects, 0(0B) LOS objects, 22% free, 53MB/69MB, paused 556us total 23.440ms
08-06 02:33:26.248 13231 13260 I art     : Starting a blocking GC Explicit
08-06 02:33:26.271 13231 13260 I art     : Explicit concurrent mark sweep GC freed 3(96B) AllocSpace objects, 0(0B) LOS objects, 22% free, 53MB/69MB, paused 545us total 23.469ms
08-06 02:33:26.280 13231 13260 I art     : Starting a blocking GC Explicit
08-06 02:33:26.304 13231 13260 I art     : Explicit concurrent mark sweep GC freed 3(96B) AllocSpace objects, 0(0B) LOS objects, 22% free, 53MB/69MB, paused 545us total 23.645ms
08-06 02:33:26.313 13231 13260 I art     : Starting a blocking GC Explicit
08-06 02:33:26.337 13231 13260 I art     : Explicit concurrent mark sweep GC freed 3(96B) AllocSpace objects, 0(0B) LOS objects, 22% free, 53MB/69MB, paused 610us total 23.300ms
08-06 02:33:26.403 17584 17584 D AndroidRuntime: >>>>>> START com.android.internal.os.RuntimeInit uid 2000 <<<<<<
08-06 02:33:26.408 17584 17584 D AndroidRuntime: CheckJNI is OFF
08-06 02:33:26.443 17584 17584 D ICU     : No timezone override file found: /data/misc/zoneinfo/current/icu/icu_tzdata.dat
08-06 02:33:26.479 17584 17584 I Radio-JNI: register_android_hardware_Radio DONE
08-06 02:33:26.500 17584 17584 D AndroidRuntime: Calling main entry com.android.commands.input.Input
08-06 02:33:26.502 17584 17584 I Input   : injectKeyEvent: KeyEvent { action=ACTION_DOWN, keyCode=KEYCODE_BACK, scanCode=0, metaState=0, flags=0x0, repeatCount=0, eventTime=844422915, downTime=844422915, deviceId=-1, source=0x101 }
08-06 02:33:26.507 17584 17584 I Input   : injectKeyEvent: KeyEvent { action=ACTION_UP, keyCode=KEYCODE_BACK, scanCode=0, metaState=0, flags=0x0, repeatCount=0, eventTime=844422915, downTime=844422915, deviceId=-1, source=0x101 }
08-06 02:33:26.513 17584 17584 D AndroidRuntime: Shutting down VM
08-06 02:33:26.554 13866 13866 I GoogleInputMethodServic: GoogleInputMethodService.onFinishInput():3138 
08-06 02:33:26.555 13866 13866 I GoogleInputMethodServic: GoogleInputMethodService.onStartInput():1808 
08-06 02:33:26.608 13231 13327 I art     : Starting a blocking GC Explicit
08-06 02:33:26.630 13231 13327 I art     : Explicit concurrent mark sweep GC freed 1524(85KB) AllocSpace objects, 1(20KB) LOS objects, 22% free, 53MB/69MB, paused 495us total 21.457ms
08-06 02:33:26.638 13231 13327 I art     : Starting a blocking GC Explicit
08-06 02:33:26.661 13231 13327 I art     : Explicit concurrent mark sweep GC freed 26(944B) AllocSpace objects, 0(0B) LOS objects, 22% free, 53MB/69MB, paused 487us total 22.185ms
08-06 02:33:26.670 13231 13327 I art     : Starting a blocking GC Explicit
08-06 02:33:26.693 13231 13327 I art     : Explicit concurrent mark sweep GC freed 3(96B) AllocSpace objects, 0(0B) LOS objects, 22% free, 53MB/69MB, paused 496us total 22.674ms
08-06 02:33:26.705 13231 13327 I art     : Starting a blocking GC Explicit
08-06 02:33:26.736 13231 13327 I art     : Explicit concurrent mark sweep GC freed 3(96B) AllocSpace objects, 0(0B) LOS objects, 22% free, 53MB/69MB, paused 629us total 30.210ms
08-06 02:33:26.736 13231 13241 I art     : WaitForGcToComplete blocked for 30.691ms for cause HeapTrim
08-06 02:33:26.746 13231 13327 I art     : Starting a blocking GC Explicit
08-06 02:33:26.775 13231 13327 I art     : Explicit concurrent mark sweep GC freed 3(96B) AllocSpace objects, 0(0B) LOS objects, 22% free, 53MB/69MB, paused 537us total 29.518ms
08-06 02:33:26.843   380   380 W SurfaceFlinger: couldn't log to binary event log: overflow.
08-06 02:33:27.029 13231 13244 I art     : Starting a blocking GC Explicit
08-06 02:33:27.056 13231 13244 I art     : Explicit concurrent mark sweep GC freed 1453(86KB) AllocSpace objects, 1(20KB) LOS objects, 22% free, 53MB/69MB, paused 746us total 27.425ms
08-06 02:33:27.070 13231 13244 I art     : Starting a blocking GC Explicit
08-06 02:33:27.094 13231 13244 I art     : Explicit concurrent mark sweep GC freed 1670(108KB) AllocSpace objects, 3(180KB) LOS objects, 22% free, 53MB/69MB, paused 545us total 23.692ms
08-06 02:33:27.103 13231 13244 I art     : Starting a blocking GC Explicit
08-06 02:33:27.127 13231 13244 I art     : Explicit concurrent mark sweep GC freed 3(96B) AllocSpace objects, 0(0B) LOS objects, 22% free, 53MB/69MB, paused 614us total 23.814ms
08-06 02:33:27.136 13231 13244 I art     : Starting a blocking GC Explicit
08-06 02:33:27.160 13231 13244 I art     : Explicit concurrent mark sweep GC freed 3(96B) AllocSpace objects, 0(0B) LOS objects, 22% free, 53MB/69MB, paused 537us total 24.091ms
08-06 02:33:27.169 13231 13244 I art     : Starting a blocking GC Explicit
08-06 02:33:27.194 13231 13244 I art     : Explicit concurrent mark sweep GC freed 3(96B) AllocSpace objects, 0(0B) LOS objects, 22% free, 53MB/69MB, paused 538us total 23.995ms
08-06 02:33:27.489 13231 13243 I art     : Starting a blocking GC Explicit
08-06 02:33:27.522 13231 13243 I art     : Explicit concurrent mark sweep GC freed 1344(78KB) AllocSpace objects, 1(20KB) LOS objects, 22% free, 53MB/69MB, paused 537us total 32.137ms
08-06 02:33:27.537 13231 13243 I art     : Starting a blocking GC Explicit
08-06 02:33:27.560 13231 13243 I art     : Explicit concurrent mark sweep GC freed 20(704B) AllocSpace objects, 0(0B) LOS objects, 22% free, 53MB/69MB, paused 516us total 22.797ms
08-06 02:33:27.569 13231 13243 I art     : Starting a blocking GC Explicit
08-06 02:33:27.590 13231 13243 I art     : Explicit concurrent mark sweep GC freed 3(96B) AllocSpace objects, 0(0B) LOS objects, 22% free, 53MB/69MB, paused 532us total 21.427ms
08-06 02:33:27.599 13231 13243 I art     : Starting a blocking GC Explicit
08-06 02:33:27.622 13231 13243 I art     : Explicit concurrent mark sweep GC freed 3(96B) AllocSpace objects, 0(0B) LOS objects, 22% free, 53MB/69MB, paused 535us total 22.670ms
08-06 02:33:27.631 13231 13243 I art     : Starting a blocking GC Explicit
08-06 02:33:27.654 13231 13243 I art     : Explicit concurrent mark sweep GC freed 3(96B) AllocSpace objects, 0(0B) LOS objects, 22% free, 53MB/69MB, paused 528us total 23.342ms
08-06 02:33:27.920 13231 13260 I art     : Starting a blocking GC Explicit
08-06 02:33:27.944 13231 13260 I art     : Explicit concurrent mark sweep GC freed 1344(78KB) AllocSpace objects, 1(20KB) LOS objects, 22% free, 53MB/69MB, paused 578us total 24.255ms
08-06 02:33:27.953 13231 13260 I art     : Starting a blocking GC Explicit
08-06 02:33:27.978 13231 13260 I art     : Explicit concurrent mark sweep GC freed 20(704B) AllocSpace objects, 0(0B) LOS objects, 22% free, 53MB/69MB, paused 598us total 23.880ms
08-06 02:33:27.987 13231 13260 I art     : Starting a blocking GC Explicit
08-06 02:33:28.009 13231 13260 I art     : Explicit concurrent mark sweep GC freed 3(96B) AllocSpace objects, 0(0B) LOS objects, 22% free, 53MB/69MB, paused 617us total 22.423ms
08-06 02:33:28.018 13231 13260 I art     : Starting a blocking GC Explicit
08-06 02:33:28.041 13231 13260 I art     : Explicit concurrent mark sweep GC freed 3(96B) AllocSpace objects, 0(0B) LOS objects, 22% free, 53MB/69MB, paused 530us total 22.608ms
08-06 02:33:28.050 13231 13260 I art     : Starting a blocking GC Explicit
08-06 02:33:28.073 13231 13260 I art     : Explicit concurrent mark sweep GC freed 3(96B) AllocSpace objects, 0(0B) LOS objects, 22% free, 53MB/69MB, paused 588us total 22.517ms
08-06 02:33:28.190 17639 17639 D AndroidRuntime: >>>>>> START com.android.internal.os.RuntimeInit uid 2000 <<<<<<
08-06 02:33:28.197 17639 17639 D AndroidRuntime: CheckJNI is OFF
08-06 02:33:28.231 17639 17639 D ICU     : No timezone override file found: /data/misc/zoneinfo/current/icu/icu_tzdata.dat
08-06 02:33:28.263 17639 17639 I Radio-JNI: register_android_hardware_Radio DONE
08-06 02:33:28.285 17639 17639 D AndroidRuntime: Calling main entry com.android.commands.input.Input
08-06 02:33:28.287 17639 17639 I Input   : injectKeyEvent: KeyEvent { action=ACTION_DOWN, keyCode=KEYCODE_BACK, scanCode=0, metaState=0, flags=0x0, repeatCount=0, eventTime=844424700, downTime=844424700, deviceId=-1, source=0x101 }
08-06 02:33:28.292 17639 17639 I Input   : injectKeyEvent: KeyEvent { action=ACTION_UP, keyCode=KEYCODE_BACK, scanCode=0, metaState=0, flags=0x0, repeatCount=0, eventTime=844424700, downTime=844424700, deviceId=-1, source=0x101 }
08-06 02:33:28.298 17639 17639 D AndroidRuntime: Shutting down VM
08-06 02:33:28.340 13866 13866 I GoogleInputMethodServic: GoogleInputMethodService.onFinishInput():3138 
08-06 02:33:28.341 13866 13866 I GoogleInputMethodServic: GoogleInputMethodService.onStartInput():1808 
08-06 02:33:28.349 13231 13327 I art     : Starting a blocking GC Explicit
08-06 02:33:28.375 13231 13327 I art     : Explicit concurrent mark sweep GC freed 1550(87KB) AllocSpace objects, 1(20KB) LOS objects, 22% free, 53MB/69MB, paused 562us total 26.155ms
08-06 02:33:28.387 13231 13327 I art     : Starting a blocking GC Explicit
08-06 02:33:28.407 13231 13327 I art     : Explicit concurrent mark sweep GC freed 27(992B) AllocSpace objects, 0(0B) LOS objects, 22% free, 53MB/69MB, paused 573us total 20.057ms
08-06 02:33:28.416 13231 13327 I art     : Starting a blocking GC Explicit
08-06 02:33:28.437 13231 13327 I art     : Explicit concurrent mark sweep GC freed 3(96B) AllocSpace objects, 0(0B) LOS objects, 22% free, 53MB/69MB, paused 570us total 21.231ms
08-06 02:33:28.445 13231 13327 I art     : Starting a blocking GC Explicit
08-06 02:33:28.466 13231 13327 I art     : Explicit concurrent mark sweep GC freed 3(96B) AllocSpace objects, 0(0B) LOS objects, 22% free, 53MB/69MB, paused 511us total 20.765ms
08-06 02:33:28.474 13231 13327 I art     : Starting a blocking GC Explicit
08-06 02:33:28.500 13231 13327 I art     : Explicit concurrent mark sweep GC freed 3(96B) AllocSpace objects, 0(0B) LOS objects, 22% free, 53MB/69MB, paused 583us total 24.997ms
08-06 02:33:28.759 13231 13260 I art     : Starting a blocking GC Explicit
08-06 02:33:28.783 13231 13260 I art     : Explicit concurrent mark sweep GC freed 2020(110KB) AllocSpace objects, 1(20KB) LOS objects, 22% free, 53MB/69MB, paused 576us total 24.417ms
08-06 02:33:28.792 13231 13260 I art     : Starting a blocking GC Explicit
08-06 02:33:28.816 13231 13260 I art     : Explicit concurrent mark sweep GC freed 2678(174KB) AllocSpace objects, 1(28KB) LOS objects, 23% free, 53MB/69MB, paused 574us total 23.390ms
08-06 02:33:28.825 13231 13260 I art     : Starting a blocking GC Explicit
08-06 02:33:28.848 13231 13260 I art     : Explicit concurrent mark sweep GC freed 3(96B) AllocSpace objects, 0(0B) LOS objects, 23% free, 53MB/69MB, paused 519us total 23.029ms
08-06 02:33:28.857 13231 13260 I art     : Starting a blocking GC Explicit
08-06 02:33:28.880 13231 13260 I art     : Explicit concurrent mark sweep GC freed 3(96B) AllocSpace objects, 0(0B) LOS objects, 23% free, 53MB/69MB, paused 552us total 23.096ms
08-06 02:33:28.889 13231 13260 I art     : Starting a blocking GC Explicit
08-06 02:33:28.912 13231 13260 I art     : Explicit concurrent mark sweep GC freed 3(96B) AllocSpace objects, 0(0B) LOS objects, 23% free, 53MB/69MB, paused 659us total 22.653ms
08-06 02:33:29.206 13231 13243 I art     : Starting a blocking GC Explicit
08-06 02:33:29.239 13231 13243 I art     : Explicit concurrent mark sweep GC freed 1344(78KB) AllocSpace objects, 1(20KB) LOS objects, 23% free, 53MB/69MB, paused 683us total 32.434ms
08-06 02:33:29.251 13231 13243 I art     : Starting a blocking GC Explicit
08-06 02:33:29.274 13231 13243 I art     : Explicit concurrent mark sweep GC freed 20(704B) AllocSpace objects, 0(0B) LOS objects, 23% free, 53MB/69MB, paused 565us total 23.157ms
08-06 02:33:29.284 13231 13243 I art     : Starting a blocking GC Explicit
08-06 02:33:29.307 13231 13243 I art     : Explicit concurrent mark sweep GC freed 3(96B) AllocSpace objects, 0(0B) LOS objects, 23% free, 53MB/69MB, paused 619us total 22.905ms
08-06 02:33:29.316 13231 13243 I art     : Starting a blocking GC Explicit
08-06 02:33:29.340 13231 13243 I art     : Explicit concurrent mark sweep GC freed 3(96B) AllocSpace objects, 0(0B) LOS objects, 23% free, 53MB/69MB, paused 561us total 23.390ms
08-06 02:33:29.349 13231 13243 I art     : Starting a blocking GC Explicit
08-06 02:33:29.371 13231 13243 I art     : Explicit concurrent mark sweep GC freed 3(96B) AllocSpace objects, 0(0B) LOS objects, 23% free, 53MB/69MB, paused 554us total 22.613ms
08-06 02:33:29.437   518   646 I ThermalEngine: ACTION: GPU - Setting GPU[0] to 450000000
08-06 02:33:29.666 13231 13244 I art     : Starting a blocking GC Explicit
08-06 02:33:29.700 13231 13244 I art     : Explicit concurrent mark sweep GC freed 1341(78KB) AllocSpace objects, 1(20KB) LOS objects, 23% free, 53MB/69MB, paused 805us total 33.635ms
08-06 02:33:29.713 13231 13244 I art     : Starting a blocking GC Explicit
08-06 02:33:29.741 13231 13244 I art     : Explicit concurrent mark sweep GC freed 20(704B) AllocSpace objects, 0(0B) LOS objects, 23% free, 53MB/69MB, paused 740us total 27.867ms
08-06 02:33:29.752 13231 13244 I art     : Starting a blocking GC Explicit
08-06 02:33:29.780 13231 13244 I art     : Explicit concurrent mark sweep GC freed 3(96B) AllocSpace objects, 0(0B) LOS objects, 23% free, 53MB/69MB, paused 752us total 27.523ms
08-06 02:33:29.792 13231 13244 I art     : Starting a blocking GC Explicit
08-06 02:33:29.819 13231 13244 I art     : Explicit concurrent mark sweep GC freed 3(96B) AllocSpace objects, 0(0B) LOS objects, 23% free, 53MB/69MB, paused 725us total 26.746ms
08-06 02:33:29.830 13231 13244 I art     : Starting a blocking GC Explicit
08-06 02:33:29.857 13231 13244 I art     : Explicit concurrent mark sweep GC freed 3(96B) AllocSpace objects, 0(0B) LOS objects, 23% free, 53MB/69MB, paused 763us total 27.218ms
08-06 02:33:30.122 17708 17708 D AndroidRuntime: >>>>>> START com.android.internal.os.RuntimeInit uid 2000 <<<<<<
08-06 02:33:30.128 17708 17708 D AndroidRuntime: CheckJNI is OFF
08-06 02:33:30.172 17708 17708 D ICU     : No timezone override file found: /data/misc/zoneinfo/current/icu/icu_tzdata.dat
08-06 02:33:30.185 13231 13327 I art     : Starting a blocking GC Explicit
08-06 02:33:30.214 13231 13327 I art     : Explicit concurrent mark sweep GC freed 1341(78KB) AllocSpace objects, 1(20KB) LOS objects, 23% free, 53MB/69MB, paused 809us total 29.136ms
08-06 02:33:30.217 17708 17708 I Radio-JNI: register_android_hardware_Radio DONE
08-06 02:33:30.226 13231 13327 I art     : Starting a blocking GC Explicit
08-06 02:33:30.246 17708 17708 D AndroidRuntime: Calling main entry com.android.commands.am.Am
08-06 02:33:30.253 13231 13327 I art     : Explicit concurrent mark sweep GC freed 20(704B) AllocSpace objects, 0(0B) LOS objects, 23% free, 53MB/69MB, paused 682us total 27.321ms
08-06 02:33:30.255  3167  3167 I Trepn   : Trepn 6.2s: Received intent: com.quicinc.trepn.stop_profiling
08-06 02:33:30.264 13231 13327 I art     : Starting a blocking GC Explicit
08-06 02:33:30.291 13231 13327 I art     : Explicit concurrent mark sweep GC freed 3(96B) AllocSpace objects, 0(0B) LOS objects, 23% free, 53MB/69MB, paused 678us total 26.419ms
08-06 02:33:30.298  3167  3167 I Trepn   : Trepn 6.2s: Trepn has Stopped Profiling.
08-06 02:33:30.302 13231 13327 I art     : Starting a blocking GC Explicit
08-06 02:33:30.331 13231 13327 I art     : Explicit concurrent mark sweep GC freed 3(96B) AllocSpace objects, 0(0B) LOS objects, 23% free, 53MB/69MB, paused 737us total 28.382ms
08-06 02:33:30.342 13231 13327 I art     : Starting a blocking GC Explicit
08-06 02:33:30.370 13231 13327 I art     : Explicit concurrent mark sweep GC freed 3(96B) AllocSpace objects, 0(0B) LOS objects, 23% free, 53MB/69MB, paused 678us total 27.253ms
08-06 02:33:30.439 17708 17708 D AndroidRuntime: Shutting down VM
08-06 02:33:30.442   918  5481 W AppOps  : Finishing op nesting under-run: uid 10078 pkg com.quicinc.trepn code 24 time=0 duration=0 nesting=0
08-06 02:33:30.692 13231 13260 I art     : Starting a blocking GC Explicit
08-06 02:33:30.725 13231 13260 I art     : Explicit concurrent mark sweep GC freed 1341(78KB) AllocSpace objects, 1(20KB) LOS objects, 23% free, 53MB/69MB, paused 794us total 33.303ms
08-06 02:33:30.737 13231 13260 I art     : Starting a blocking GC Explicit
08-06 02:33:30.765 13231 13260 I art     : Explicit concurrent mark sweep GC freed 20(704B) AllocSpace objects, 0(0B) LOS objects, 23% free, 53MB/69MB, paused 714us total 27.419ms
08-06 02:33:30.776 13231 13260 I art     : Starting a blocking GC Explicit
08-06 02:33:30.802 13231 13260 I art     : Explicit concurrent mark sweep GC freed 3(96B) AllocSpace objects, 0(0B) LOS objects, 23% free, 53MB/69MB, paused 743us total 26.413ms
08-06 02:33:30.813 13231 13260 I art     : Starting a blocking GC Explicit
08-06 02:33:30.840 13231 13260 I art     : Explicit concurrent mark sweep GC freed 3(96B) AllocSpace objects, 0(0B) LOS objects, 23% free, 53MB/69MB, paused 695us total 26.453ms
08-06 02:33:30.851 13231 13260 I art     : Starting a blocking GC Explicit
08-06 02:33:30.879 13231 13260 I art     : Explicit concurrent mark sweep GC freed 3(96B) AllocSpace objects, 0(0B) LOS objects, 23% free, 53MB/69MB, paused 743us total 27.290ms
