08-06 12:45:49.513 14334 14925 D CustomInterceptor: interceptor_finished : return_type #4 : interceptor failed, resuming the request chain with the original request
08-06 12:45:58.190 14334 14458 D CustomInterceptor: NETWORK-PROVIDER https://hacker-news.firebaseio.com/v0/item/23971016.json
08-06 12:45:58.191 14334 14458 D CustomInterceptor: HEADER REQUEST
08-06 12:45:58.192 14334 14458 D CustomInterceptor: Cache-Control max-age=300, max-stale=300
08-06 12:45:58.192 14334 14458 D CustomInterceptor: CACHED STATS: size = '100', maxSize = '100', hitCount = '188', createCount = '0', putCount = '136', evictionCount = '36', missCount = '164', toString = 'LruCache[maxSize=100,hits=188,misses=164,hitRate=53%]', 
08-06 12:45:58.192 14334 14458 D CustomInterceptor: PREFLIB GET REQUEST https://hacker-news.firebaseio.com/v0/item/23971016.json
08-06 12:45:58.192 14334 14458 D CustomInterceptor: PREFLIB found https://hacker-news.firebaseio.com/v0/item/23971016.json, sending it back
08-06 12:45:58.192 14334 14458 D CustomInterceptor: CONTENT {"by":"ghostcluster","id":23971016,"kids":[23971915,23971105,23973392,23971132,23975363,23972654,23972528,23972925,23971363,23976677,23974893,23974463,23971037,23972679,23973223,23972846,23972362,23971100,23971248],"parent":23970842,"text":"&gt; Ann Kelleher, a 24-year Intel veteran, will lead development of 7-nanometer and 5-nanometer chip technology processes. Last week, the company had said the smaller, faster 7-nanometer chipmaking technology was six months behind schedule and it <i>would have to rely more on outside chipmakers to keep its products competitive</i>.<p>I hope Intel keeps its US-based fabs and continues to upgrade them. It would be a mistake to cede this capacity to outsourcing like so much of our other manufacturing capacity. Interestingly, it seems the US is almost unique in our mass deindustrialization. Japan, Germany and South Korea have avoided this.","time":1595896565,"type":"comment"}
08-06 12:45:58.192 14334 14458 D CustomInterceptor: interceptor_finished : return_type #2 : request served from cache
08-06 12:45:58.203 14334 14926 D CustomInterceptor: NETWORK-PROVIDER https://hacker-news.firebaseio.com/v0/item/23972768.json
08-06 12:45:58.205 14334 14926 D CustomInterceptor: HEADER REQUEST
08-06 12:45:58.205 14334 14926 D CustomInterceptor: Cache-Control max-age=300, max-stale=300
08-06 12:45:58.205 14334 14926 D CustomInterceptor: CACHED STATS: size = '100', maxSize = '100', hitCount = '189', createCount = '0', putCount = '136', evictionCount = '36', missCount = '164', toString = 'LruCache[maxSize=100,hits=189,misses=164,hitRate=53%]', 
08-06 12:45:58.205 14334 14926 D CustomInterceptor: PREFLIB GET REQUEST https://hacker-news.firebaseio.com/v0/item/23972768.json
08-06 12:45:58.205 14334 14926 D CustomInterceptor: PREFLIB found https://hacker-news.firebaseio.com/v0/item/23972768.json, sending it back
08-06 12:45:58.205 14334 14926 D CustomInterceptor: CONTENT {"by":"headmelted","id":23972768,"kids":[23973005,23975937],"parent":23970842,"text":"&quot;Renduchintala was one of several key hires from outside Intel, which had been famous in Silicon Valley for developing and promoting talent from within. He was hired as part of a strategy to go after broader markets than the central processing units, or CPUs, the company became known for in the PC era.&quot;<p>I feel like this will go down in history as one of technology&#x27;s most expensive decisions (that&#x27;s not a knock on Renduchintala as much as it&#x27;s my own astonishment at Intel thinking they were safe as recently as 2015).<p>I&#x27;m also a bit saddened by this.  It confirms what we all suspected but what I secretly hoped wasn&#x27;t true.<p>Intel for over a decade coyly hinted they had aces up their sleeves that would already have been played if they faced more competition.  Graphene got kicked around in conversations for a while and then when that turned out to be a no go they talked about black phosphorus.<p>So after all that, aside from marginal tweaks and pretty meager die shrinks here and there, they were doing.. nothing?.. for <i>ten years</i>?","time":1595916380,"type":"comment"}
08-06 12:45:58.205 14334 14926 D CustomInterceptor: interceptor_finished : return_type #2 : request served from cache
08-06 12:45:58.224 14334 14456 D CustomInterceptor: NETWORK-PROVIDER https://hacker-news.firebaseio.com/v0/item/23971269.json
08-06 12:45:58.226 14334 14456 D CustomInterceptor: HEADER REQUEST
08-06 12:45:58.226 14334 14456 D CustomInterceptor: Cache-Control max-age=300, max-stale=300
08-06 12:45:58.227 14334 14456 D CustomInterceptor: CACHED STATS: size = '100', maxSize = '100', hitCount = '190', createCount = '0', putCount = '136', evictionCount = '36', missCount = '164', toString = 'LruCache[maxSize=100,hits=190,misses=164,hitRate=53%]', 
08-06 12:45:58.227 14334 14456 D CustomInterceptor: PREFLIB NOT A GET REQUEST OR NOT IN CACHEGET
08-06 12:45:58.241 14334 14968 D CustomInterceptor: NETWORK-PROVIDER https://hacker-news.firebaseio.com/v0/item/23971892.json
08-06 12:45:58.243 14334 14968 D CustomInterceptor: HEADER REQUEST
08-06 12:45:58.243 14334 14968 D CustomInterceptor: Cache-Control max-age=300, max-stale=300
08-06 12:45:58.243 14334 14968 D CustomInterceptor: CACHED STATS: size = '100', maxSize = '100', hitCount = '190', createCount = '0', putCount = '136', evictionCount = '36', missCount = '165', toString = 'LruCache[maxSize=100,hits=190,misses=165,hitRate=53%]', 
08-06 12:45:58.243 14334 14968 D CustomInterceptor: PREFLIB NOT A GET REQUEST OR NOT IN CACHEGET
08-06 12:45:58.256 14334 14948 D CustomInterceptor: NETWORK-PROVIDER https://hacker-news.firebaseio.com/v0/item/23971139.json
08-06 12:45:58.258 14334 14948 D CustomInterceptor: HEADER REQUEST
08-06 12:45:58.258 14334 14948 D CustomInterceptor: Cache-Control max-age=300, max-stale=300
08-06 12:45:58.258 14334 14948 D CustomInterceptor: CACHED STATS: size = '100', maxSize = '100', hitCount = '190', createCount = '0', putCount = '136', evictionCount = '36', missCount = '166', toString = 'LruCache[maxSize=100,hits=190,misses=166,hitRate=53%]', 
08-06 12:45:58.258 14334 14948 D CustomInterceptor: PREFLIB NOT A GET REQUEST OR NOT IN CACHEGET
08-06 12:45:58.271 14334 14929 D CustomInterceptor: NETWORK-PROVIDER https://hacker-news.firebaseio.com/v0/item/23972347.json
08-06 12:45:58.272 14334 14929 D CustomInterceptor: HEADER REQUEST
08-06 12:45:58.272 14334 14929 D CustomInterceptor: Cache-Control max-age=300, max-stale=300
08-06 12:45:58.273 14334 14929 D CustomInterceptor: CACHED STATS: size = '100', maxSize = '100', hitCount = '190', createCount = '0', putCount = '136', evictionCount = '36', missCount = '167', toString = 'LruCache[maxSize=100,hits=190,misses=167,hitRate=53%]', 
08-06 12:45:58.273 14334 14929 D CustomInterceptor: PREFLIB NOT A GET REQUEST OR NOT IN CACHEGET
08-06 12:45:58.284 14334 14961 D CustomInterceptor: NETWORK-PROVIDER https://hacker-news.firebaseio.com/v0/item/23976296.json
08-06 12:45:58.286 14334 14961 D CustomInterceptor: HEADER REQUEST
08-06 12:45:58.287 14334 14961 D CustomInterceptor: Cache-Control max-age=300, max-stale=300
08-06 12:45:58.287 14334 14961 D CustomInterceptor: CACHED STATS: size = '100', maxSize = '100', hitCount = '190', createCount = '0', putCount = '136', evictionCount = '36', missCount = '168', toString = 'LruCache[maxSize=100,hits=190,misses=168,hitRate=53%]', 
08-06 12:45:58.287 14334 14961 D CustomInterceptor: PREFLIB NOT A GET REQUEST OR NOT IN CACHEGET
08-06 12:45:58.297 14334 14454 D CustomInterceptor: NETWORK-PROVIDER https://hacker-news.firebaseio.com/v0/item/23974581.json
08-06 12:45:58.299 14334 14454 D CustomInterceptor: HEADER REQUEST
08-06 12:45:58.299 14334 14454 D CustomInterceptor: Cache-Control max-age=300, max-stale=300
08-06 12:45:58.300 14334 14454 D CustomInterceptor: CACHED STATS: size = '100', maxSize = '100', hitCount = '190', createCount = '0', putCount = '136', evictionCount = '36', missCount = '169', toString = 'LruCache[maxSize=100,hits=190,misses=169,hitRate=52%]', 
08-06 12:45:58.300 14334 14454 D CustomInterceptor: PREFLIB NOT A GET REQUEST OR NOT IN CACHEGET
08-06 12:45:58.314 14334 14462 D CustomInterceptor: NETWORK-PROVIDER https://hacker-news.firebaseio.com/v0/item/23971375.json
08-06 12:45:58.315 14334 14462 D CustomInterceptor: HEADER REQUEST
08-06 12:45:58.315 14334 14462 D CustomInterceptor: Cache-Control max-age=300, max-stale=300
08-06 12:45:58.316 14334 14462 D CustomInterceptor: CACHED STATS: size = '100', maxSize = '100', hitCount = '190', createCount = '0', putCount = '136', evictionCount = '36', missCount = '170', toString = 'LruCache[maxSize=100,hits=190,misses=170,hitRate=52%]', 
08-06 12:45:58.316 14334 14462 D CustomInterceptor: PREFLIB NOT A GET REQUEST OR NOT IN CACHEGET
08-06 12:45:58.332 14334 14455 D CustomInterceptor: NETWORK-PROVIDER https://hacker-news.firebaseio.com/v0/item/23971097.json
08-06 12:45:58.334 14334 14455 D CustomInterceptor: HEADER REQUEST
08-06 12:45:58.334 14334 14455 D CustomInterceptor: Cache-Control max-age=300, max-stale=300
08-06 12:45:58.334 14334 14455 D CustomInterceptor: CACHED STATS: size = '100', maxSize = '100', hitCount = '190', createCount = '0', putCount = '136', evictionCount = '36', missCount = '171', toString = 'LruCache[maxSize=100,hits=190,misses=171,hitRate=52%]', 
08-06 12:45:58.337 14334 14455 D CustomInterceptor: PREFLIB NOT A GET REQUEST OR NOT IN CACHEGET
08-06 12:45:58.346 14334 14964 D CustomInterceptor: NETWORK-PROVIDER https://hacker-news.firebaseio.com/v0/item/23971085.json
08-06 12:45:58.349 14334 14964 D CustomInterceptor: HEADER REQUEST
08-06 12:45:58.349 14334 14964 D CustomInterceptor: Cache-Control max-age=300, max-stale=300
08-06 12:45:58.349 14334 14964 D CustomInterceptor: CACHED STATS: size = '100', maxSize = '100', hitCount = '190', createCount = '0', putCount = '136', evictionCount = '36', missCount = '172', toString = 'LruCache[maxSize=100,hits=190,misses=172,hitRate=52%]', 
08-06 12:45:58.349 14334 14964 D CustomInterceptor: PREFLIB NOT A GET REQUEST OR NOT IN CACHEGET
08-06 12:45:58.362 14334 14934 D CustomInterceptor: NETWORK-PROVIDER https://hacker-news.firebaseio.com/v0/item/23971156.json
08-06 12:45:58.364 14334 14934 D CustomInterceptor: HEADER REQUEST
08-06 12:45:58.364 14334 14934 D CustomInterceptor: Cache-Control max-age=300, max-stale=300
08-06 12:45:58.364 14334 14934 D CustomInterceptor: CACHED STATS: size = '100', maxSize = '100', hitCount = '190', createCount = '0', putCount = '136', evictionCount = '36', missCount = '173', toString = 'LruCache[maxSize=100,hits=190,misses=173,hitRate=52%]', 
08-06 12:45:58.364 14334 14934 D CustomInterceptor: PREFLIB GET REQUEST https://hacker-news.firebaseio.com/v0/item/23971156.json
08-06 12:45:58.364 14334 14934 D CustomInterceptor: PREFLIB found https://hacker-news.firebaseio.com/v0/item/23971156.json, sending it back
08-06 12:45:58.365 14334 14934 D CustomInterceptor: CONTENT {"by":"baybal2","id":23971156,"kids":[23971194,23971185,23971166],"parent":23970842,"text":"&gt; Renduchintala,<p>&gt; widely seen as a No. 2 to Swan,<p>&gt; has been on Accentures (ACN.N) board since April 2018.<p>&gt; Renduchintala eventually took responsibly for turning around Intels process technology,<p>A very odd choice of a person to develop a fab process","time":1595897782,"type":"comment"}
08-06 12:45:58.365 14334 14934 D CustomInterceptor: interceptor_finished : return_type #2 : request served from cache
08-06 12:45:58.375 14334 14923 D CustomInterceptor: NETWORK-PROVIDER https://hacker-news.firebaseio.com/v0/item/23974128.json
08-06 12:45:58.377 14334 14923 D CustomInterceptor: HEADER REQUEST
08-06 12:45:58.377 14334 14923 D CustomInterceptor: Cache-Control max-age=300, max-stale=300
08-06 12:45:58.377 14334 14923 D CustomInterceptor: CACHED STATS: size = '100', maxSize = '100', hitCount = '191', createCount = '0', putCount = '136', evictionCount = '36', missCount = '173', toString = 'LruCache[maxSize=100,hits=191,misses=173,hitRate=52%]', 
08-06 12:45:58.377 14334 14923 D CustomInterceptor: PREFLIB NOT A GET REQUEST OR NOT IN CACHEGET
08-06 12:45:58.389 14334 14956 D CustomInterceptor: NETWORK-PROVIDER https://hacker-news.firebaseio.com/v0/item/23971799.json
08-06 12:45:58.391 14334 14956 D CustomInterceptor: HEADER REQUEST
08-06 12:45:58.391 14334 14956 D CustomInterceptor: Cache-Control max-age=300, max-stale=300
08-06 12:45:58.391 14334 14956 D CustomInterceptor: CACHED STATS: size = '100', maxSize = '100', hitCount = '191', createCount = '0', putCount = '136', evictionCount = '36', missCount = '174', toString = 'LruCache[maxSize=100,hits=191,misses=174,hitRate=52%]', 
08-06 12:45:58.391 14334 14956 D CustomInterceptor: PREFLIB GET REQUEST https://hacker-news.firebaseio.com/v0/item/23971799.json
08-06 12:45:58.391 14334 14956 D CustomInterceptor: PREFLIB found https://hacker-news.firebaseio.com/v0/item/23971799.json, sending it back
08-06 12:45:58.391 14334 14956 D CustomInterceptor: CONTENT {"by":"zamalek","id":23971799,"kids":[23973334],"parent":23970842,"text":"Intel has been fumbling <i>stupid</i> executive decisions that are eroding both their competitive advantage and consumer loyalty. Most recently, they decided to lock memory speed behind enthusiast chipsets.<p>And they oust <i>an engineer?</i> They are clearly searching for blame in all the wrong places.","time":1595904204,"type":"comment"}
08-06 12:45:58.391 14334 14956 D CustomInterceptor: interceptor_finished : return_type #2 : request served from cache
08-06 12:45:58.403 14334 14465 D CustomInterceptor: NETWORK-PROVIDER https://hacker-news.firebaseio.com/v0/item/23972755.json
08-06 12:45:58.405 14334 14465 D CustomInterceptor: HEADER REQUEST
08-06 12:45:58.405 14334 14465 D CustomInterceptor: Cache-Control max-age=300, max-stale=300
08-06 12:45:58.405 14334 14465 D CustomInterceptor: CACHED STATS: size = '100', maxSize = '100', hitCount = '192', createCount = '0', putCount = '136', evictionCount = '36', missCount = '174', toString = 'LruCache[maxSize=100,hits=192,misses=174,hitRate=52%]', 
08-06 12:45:58.405 14334 14465 D CustomInterceptor: PREFLIB GET REQUEST https://hacker-news.firebaseio.com/v0/item/23972755.json
08-06 12:45:58.405 14334 14465 D CustomInterceptor: PREFLIB found https://hacker-news.firebaseio.com/v0/item/23972755.json, sending it back
08-06 12:45:58.405 14334 14465 D CustomInterceptor: CONTENT {"by":"purpleidea","id":23972755,"parent":23970842,"text":"I was cautiously optimistic for Intel, when they bought Altera in 2015. I was also simultaneously worried for innovation in the FPGA industry.<p>AFAICT Intel has dropped the ball and failed to produce anything particularly amazing as a result of the 2015 acquisition. I would have been all over that.<p>Did I miss something? Why didn&#x27;t they run with this.","time":1595916137,"type":"comment"}
08-06 12:45:58.405 14334 14465 D CustomInterceptor: interceptor_finished : return_type #2 : request served from cache
08-06 12:45:58.415 14334 14957 D CustomInterceptor: NETWORK-PROVIDER https://hacker-news.firebaseio.com/v0/item/23971173.json
08-06 12:45:58.417 14334 14957 D CustomInterceptor: HEADER REQUEST
08-06 12:45:58.417 14334 14957 D CustomInterceptor: Cache-Control max-age=300, max-stale=300
08-06 12:45:58.418 14334 14957 D CustomInterceptor: CACHED STATS: size = '100', maxSize = '100', hitCount = '193', createCount = '0', putCount = '136', evictionCount = '36', missCount = '174', toString = 'LruCache[maxSize=100,hits=193,misses=174,hitRate=52%]', 
08-06 12:45:58.418 14334 14957 D CustomInterceptor: PREFLIB NOT A GET REQUEST OR NOT IN CACHEGET
08-06 12:45:58.434 14334 14950 D CustomInterceptor: NETWORK-PROVIDER https://hacker-news.firebaseio.com/v0/item/23971036.json
08-06 12:45:58.441 14334 14950 D CustomInterceptor: HEADER REQUEST
08-06 12:45:58.441 14334 14950 D CustomInterceptor: Cache-Control max-age=300, max-stale=300
08-06 12:45:58.441 14334 14950 D CustomInterceptor: CACHED STATS: size = '100', maxSize = '100', hitCount = '193', createCount = '0', putCount = '136', evictionCount = '36', missCount = '175', toString = 'LruCache[maxSize=100,hits=193,misses=175,hitRate=52%]', 
08-06 12:45:58.441 14334 14950 D CustomInterceptor: PREFLIB GET REQUEST https://hacker-news.firebaseio.com/v0/item/23971036.json
08-06 12:45:58.441 14334 14950 D CustomInterceptor: PREFLIB found https://hacker-news.firebaseio.com/v0/item/23971036.json, sending it back
08-06 12:45:58.441 14334 14950 D CustomInterceptor: CONTENT {"by":"Uhhrrr","id":23971036,"kids":[23971296,23971067,23971147,23971406,23971346,23971086,23971400,23971323],"parent":23970842,"text":"Why does Renduchintala&#x27;s head roll and not Swan&#x27;s?","time":1595896754,"type":"comment"}
08-06 12:45:58.441 14334 14950 D CustomInterceptor: interceptor_finished : return_type #2 : request served from cache
08-06 12:45:58.454 14334 14954 D CustomInterceptor: NETWORK-PROVIDER https://hacker-news.firebaseio.com/v0/item/23976390.json
08-06 12:45:58.456 14334 14954 D CustomInterceptor: HEADER REQUEST
08-06 12:45:58.456 14334 14954 D CustomInterceptor: Cache-Control max-age=300, max-stale=300
08-06 12:45:58.456 14334 14954 D CustomInterceptor: CACHED STATS: size = '100', maxSize = '100', hitCount = '194', createCount = '0', putCount = '136', evictionCount = '36', missCount = '175', toString = 'LruCache[maxSize=100,hits=194,misses=175,hitRate=52%]', 
08-06 12:45:58.456 14334 14954 D CustomInterceptor: PREFLIB GET REQUEST https://hacker-news.firebaseio.com/v0/item/23976390.json
08-06 12:45:58.456 14334 14954 D CustomInterceptor: PREFLIB found https://hacker-news.firebaseio.com/v0/item/23976390.json, sending it back
08-06 12:45:58.456 14334 14954 D CustomInterceptor: CONTENT {"by":"g-b-r","id":23976390,"parent":23970842,"text":"How much of this TSMC dominance is due to the patent system? Could it be that there is no way to manufacture chips at these sizes without using some TSMC patent?","time":1595947876,"type":"comment"}
08-06 12:45:58.456 14334 14954 D CustomInterceptor: interceptor_finished : return_type #2 : request served from cache
08-06 12:45:58.530 14334 14447 D CustomInterceptor: NETWORK-PROVIDER https://hacker-news.firebaseio.com/v0/item/23975045.json
08-06 12:45:58.531 14334 14447 D CustomInterceptor: HEADER REQUEST
08-06 12:45:58.531 14334 14447 D CustomInterceptor: Cache-Control max-age=300, max-stale=300
08-06 12:45:58.532 14334 14447 D CustomInterceptor: CACHED STATS: size = '100', maxSize = '100', hitCount = '195', createCount = '0', putCount = '136', evictionCount = '36', missCount = '175', toString = 'LruCache[maxSize=100,hits=195,misses=175,hitRate=52%]', 
08-06 12:45:58.532 14334 14447 D CustomInterceptor: PREFLIB GET REQUEST https://hacker-news.firebaseio.com/v0/item/23975045.json
08-06 12:45:58.532 14334 14447 D CustomInterceptor: PREFLIB found https://hacker-news.firebaseio.com/v0/item/23975045.json, sending it back
08-06 12:45:58.532 14334 14447 D CustomInterceptor: CONTENT {"by":"yadavrohit","id":23975045,"parent":23970842,"text":"<a href=\"https:&#x2F;&#x2F;analyticsdrift.com&#x2F;intels-misery-from-losing-42-billion-to-changing-leadership&#x2F;\" rel=\"nofollow\">https:&#x2F;&#x2F;analyticsdrift.com&#x2F;intels-misery-from-losing-42-bill...</a>","time":1595939825,"type":"comment"}
08-06 12:45:58.532 14334 14447 D CustomInterceptor: interceptor_finished : return_type #2 : request served from cache
08-06 12:45:58.547 14334 14917 D CustomInterceptor: NETWORK-PROVIDER https://hacker-news.firebaseio.com/v0/item/23972698.json
08-06 12:45:58.554 14334 14917 D CustomInterceptor: HEADER REQUEST
08-06 12:45:58.554 14334 14917 D CustomInterceptor: Cache-Control max-age=300, max-stale=300
08-06 12:45:58.554 14334 14917 D CustomInterceptor: CACHED STATS: size = '100', maxSize = '100', hitCount = '196', createCount = '0', putCount = '136', evictionCount = '36', missCount = '175', toString = 'LruCache[maxSize=100,hits=196,misses=175,hitRate=52%]', 
08-06 12:45:58.554 14334 14917 D CustomInterceptor: PREFLIB GET REQUEST https://hacker-news.firebaseio.com/v0/item/23972698.json
08-06 12:45:58.554 14334 14917 D CustomInterceptor: PREFLIB found https://hacker-news.firebaseio.com/v0/item/23972698.json, sending it back
08-06 12:45:58.555 14334 14917 D CustomInterceptor: CONTENT {"by":"purpleidea","id":23972698,"kids":[23972990],"parent":23970842,"text":"Do Intel&#x27;s U.S. based fab&#x27;s really matter _that much_ when all the high-end machines that do the lithography all come from one company (ASML) anyways?<p>I&#x27;d say it&#x27;s important, and it&#x27;s an advantage for Intel, but not as big as anyone is making it out to be.","time":1595915526,"type":"comment"}
08-06 12:45:58.555 14334 14917 D CustomInterceptor: interceptor_finished : return_type #2 : request served from cache
08-06 12:45:58.563 14334 14962 D CustomInterceptor: NETWORK-PROVIDER https://hacker-news.firebaseio.com/v0/item/23971974.json
08-06 12:45:58.565 14334 14962 D CustomInterceptor: HEADER REQUEST
08-06 12:45:58.565 14334 14962 D CustomInterceptor: Cache-Control max-age=300, max-stale=300
08-06 12:45:58.566 14334 14962 D CustomInterceptor: CACHED STATS: size = '100', maxSize = '100', hitCount = '197', createCount = '0', putCount = '136', evictionCount = '36', missCount = '175', toString = 'LruCache[maxSize=100,hits=197,misses=175,hitRate=52%]', 
08-06 12:45:58.566 14334 14962 D CustomInterceptor: PREFLIB NOT A GET REQUEST OR NOT IN CACHEGET
08-06 12:45:58.578 14334 14966 D CustomInterceptor: NETWORK-PROVIDER https://hacker-news.firebaseio.com/v0/item/23971881.json
08-06 12:45:58.581 14334 14966 D CustomInterceptor: HEADER REQUEST
08-06 12:45:58.581 14334 14966 D CustomInterceptor: Cache-Control max-age=300, max-stale=300
08-06 12:45:58.581 14334 14966 D CustomInterceptor: CACHED STATS: size = '100', maxSize = '100', hitCount = '197', createCount = '0', putCount = '136', evictionCount = '36', missCount = '176', toString = 'LruCache[maxSize=100,hits=197,misses=176,hitRate=52%]', 
08-06 12:45:58.581 14334 14966 D CustomInterceptor: PREFLIB NOT A GET REQUEST OR NOT IN CACHEGET
08-06 12:45:58.595 14334 14967 D CustomInterceptor: NETWORK-PROVIDER https://hacker-news.firebaseio.com/v0/item/23973489.json
08-06 12:45:58.597 14334 14967 D CustomInterceptor: HEADER REQUEST
08-06 12:45:58.597 14334 14967 D CustomInterceptor: Cache-Control max-age=300, max-stale=300
08-06 12:45:58.597 14334 14967 D CustomInterceptor: CACHED STATS: size = '100', maxSize = '100', hitCount = '197', createCount = '0', putCount = '136', evictionCount = '36', missCount = '177', toString = 'LruCache[maxSize=100,hits=197,misses=177,hitRate=52%]', 
08-06 12:45:58.598 14334 14967 D CustomInterceptor: PREFLIB NOT A GET REQUEST OR NOT IN CACHEGET
08-06 12:45:58.610 14334 14952 D CustomInterceptor: NETWORK-PROVIDER https://hacker-news.firebaseio.com/v0/item/23972506.json
08-06 12:45:58.612 14334 14952 D CustomInterceptor: HEADER REQUEST
08-06 12:45:58.612 14334 14952 D CustomInterceptor: Cache-Control max-age=300, max-stale=300
08-06 12:45:58.612 14334 14952 D CustomInterceptor: CACHED STATS: size = '100', maxSize = '100', hitCount = '197', createCount = '0', putCount = '136', evictionCount = '36', missCount = '178', toString = 'LruCache[maxSize=100,hits=197,misses=178,hitRate=52%]', 
08-06 12:45:58.612 14334 14952 D CustomInterceptor: PREFLIB NOT A GET REQUEST OR NOT IN CACHEGET
08-06 12:45:58.624 14334 14445 D CustomInterceptor: NETWORK-PROVIDER https://hacker-news.firebaseio.com/v0/item/23972190.json
08-06 12:45:58.626 14334 14445 D CustomInterceptor: HEADER REQUEST
08-06 12:45:58.626 14334 14445 D CustomInterceptor: Cache-Control max-age=300, max-stale=300
08-06 12:45:58.626 14334 14445 D CustomInterceptor: CACHED STATS: size = '100', maxSize = '100', hitCount = '197', createCount = '0', putCount = '136', evictionCount = '36', missCount = '179', toString = 'LruCache[maxSize=100,hits=197,misses=179,hitRate=52%]', 
08-06 12:45:58.626 14334 14445 D CustomInterceptor: PREFLIB NOT A GET REQUEST OR NOT IN CACHEGET
08-06 12:45:58.771 14334 14933 D CustomInterceptor: NETWORK-PROVIDER https://hacker-news.firebaseio.com/v0/item/23971915.json
08-06 12:45:58.772 14334 14933 D CustomInterceptor: HEADER REQUEST
08-06 12:45:58.773 14334 14933 D CustomInterceptor: Cache-Control max-age=300, max-stale=300
08-06 12:45:58.773 14334 14933 D CustomInterceptor: CACHED STATS: size = '100', maxSize = '100', hitCount = '197', createCount = '0', putCount = '136', evictionCount = '36', missCount = '180', toString = 'LruCache[maxSize=100,hits=197,misses=180,hitRate=52%]', 
08-06 12:45:58.773 14334 14933 D CustomInterceptor: PREFLIB GET REQUEST https://hacker-news.firebaseio.com/v0/item/23971915.json
08-06 12:45:58.773 14334 14933 D CustomInterceptor: PREFLIB found https://hacker-news.firebaseio.com/v0/item/23971915.json, sending it back
08-06 12:45:58.773 14334 14933 D CustomInterceptor: CONTENT {"by":"jake_morrison","id":23971915,"kids":[23972348,23971926,23972542,23978003,23972067,23972113,23972005,23973335,23973001,23972160],"parent":23971016,"text":"This deindustrialization was driven by Wall Street.\nThe important metric is return on invested capital.<p>Manufacturing companies use a lot of capital for their factories. Shut down the factory and outsource to China, and you have the same sales with a lot less capital, so the stock goes up. Great success.<p>Maybe repeat by having your suppliers do more and more of the engineering. At a certain point, you are just a brand, with no actual engineering capability.<p>You can&#x27;t compete with the people who actually know how to make the things. Then you die. See Hewlett Packard.<p>The US taxing companies on global income at high rates also has an effect. Say you have 50% of your sales outside the US. You pay taxes in the country where you sell the product. Then you have profits overseas. If you bring that cash back to the US, you pay the difference between the corporate rate in country X and the US, which can be a lot, say 15%. \nMight as well take that money and use it to pay for manufacturing at e.g. Foxconn. So it&#x27;s 15% better to invest in manufacturing capacity outside the US.<p>The poor health care system in the US drives up costs as well, twice what it is in other industrialized countries for  worse outcome. Same for cost of housing because zoning laws won&#x27;t allow building. Google was allowed to build offices in Mountain View but not residential property for the employees to live in. So everyone has to commute from somewhere else, and cost of rent is driven by how much misery you can handle.<p>Failures in government policy make US workers much more expensive without creating any more value or improving the quality of life for the employees.","time":1595905876,"type":"comment"}
08-06 12:45:58.773 14334 14933 D CustomInterceptor: interceptor_finished : return_type #2 : request served from cache
08-06 12:45:58.783 14334 14971 D CustomInterceptor: NETWORK-PROVIDER https://hacker-news.firebaseio.com/v0/item/23971105.json
08-06 12:45:58.785 14334 14971 D CustomInterceptor: HEADER REQUEST
08-06 12:45:58.785 14334 14971 D CustomInterceptor: Cache-Control max-age=300, max-stale=300
08-06 12:45:58.785 14334 14971 D CustomInterceptor: CACHED STATS: size = '100', maxSize = '100', hitCount = '198', createCount = '0', putCount = '136', evictionCount = '36', missCount = '180', toString = 'LruCache[maxSize=100,hits=198,misses=180,hitRate=52%]', 
08-06 12:45:58.785 14334 14971 D CustomInterceptor: PREFLIB GET REQUEST https://hacker-news.firebaseio.com/v0/item/23971105.json
08-06 12:45:58.785 14334 14971 D CustomInterceptor: PREFLIB found https://hacker-news.firebaseio.com/v0/item/23971105.json, sending it back
08-06 12:45:58.785 14334 14971 D CustomInterceptor: CONTENT {"by":"jjcon","id":23971105,"kids":[23971136,23971128,23971723,23971245,23971127],"parent":23971016,"text":"&gt; Interestingly, it seems the US is almost unique in our mass deindustrialization<p>The US manufacturing share of real GDP has been pretty much unchanged since the 40s - ie its growth has kept up with the rest of the economy.<p><a href=\"https:&#x2F;&#x2F;www.stlouisfed.org&#x2F;~&#x2F;media&#x2F;Blog&#x2F;2017&#x2F;April&#x2F;BlogImage_ManuRealGDPShare_041117.jpg\" rel=\"nofollow\">https:&#x2F;&#x2F;www.stlouisfed.org&#x2F;~&#x2F;media&#x2F;Blog&#x2F;2017&#x2F;April&#x2F;BlogImage...</a>","time":1595897218,"type":"comment"}
08-06 12:45:58.785 14334 14971 D CustomInterceptor: interceptor_finished : return_type #2 : request served from cache
08-06 12:45:58.796 14334 14451 D CustomInterceptor: NETWORK-PROVIDER https://hacker-news.firebaseio.com/v0/item/23973392.json
08-06 12:45:58.797 14334 14451 D CustomInterceptor: HEADER REQUEST
08-06 12:45:58.797 14334 14451 D CustomInterceptor: Cache-Control max-age=300, max-stale=300
08-06 12:45:58.798 14334 14451 D CustomInterceptor: CACHED STATS: size = '100', maxSize = '100', hitCount = '199', createCount = '0', putCount = '136', evictionCount = '36', missCount = '180', toString = 'LruCache[maxSize=100,hits=199,misses=180,hitRate=52%]', 
08-06 12:45:58.798 14334 14451 D CustomInterceptor: PREFLIB GET REQUEST https://hacker-news.firebaseio.com/v0/item/23973392.json
08-06 12:45:58.798 14334 14451 D CustomInterceptor: PREFLIB found https://hacker-news.firebaseio.com/v0/item/23973392.json, sending it back
08-06 12:45:58.798 14334 14451 D CustomInterceptor: CONTENT {"by":"gmtx725","id":23973392,"parent":23971016,"text":"&gt; Interestingly, it seems the US is almost unique in our mass deindustrialization<p>The UK has vast swathes of poverty in the deindustrialised north of England and other areas. Former mining and heavy industry towns that even today almost 40 years on from deindustrialisation are dominated by insecure, unskilled work and unemployment","time":1595922621,"type":"comment"}
08-06 12:45:58.798 14334 14451 D CustomInterceptor: interceptor_finished : return_type #2 : request served from cache
08-06 12:45:58.802 14334 14456 D CustomInterceptor: CACHE_CONTROL SETTING NEW MAX-AGE
08-06 12:45:58.803 14334 14456 D CustomInterceptor: HEADER RESPONSE
08-06 12:45:58.803 14334 14456 D CustomInterceptor: Access-Control-Allow-Origin *
08-06 12:45:58.803 14334 14456 D CustomInterceptor: Cache-Control public, immutable, max-age=300, only-if-cached, max-stale=300
08-06 12:45:58.803 14334 14456 D CustomInterceptor: Connection keep-alive
08-06 12:45:58.803 14334 14456 D CustomInterceptor: Content-Length 349
08-06 12:45:58.803 14334 14456 D CustomInterceptor: Content-Type application/json; charset=utf-8
08-06 12:45:58.804 14334 14456 D CustomInterceptor: Date Thu, 06 Aug 2020 10:45:54 GMT
08-06 12:45:58.804 14334 14456 D CustomInterceptor: Expires Thu, 06 Aug 2020 10:50:58 GMT+00:00
08-06 12:45:58.804 14334 14456 D CustomInterceptor: Server nginx
08-06 12:45:58.804 14334 14456 D CustomInterceptor: Strict-Transport-Security max-age=31556926; includeSubDomains; preload
08-06 12:45:58.804 14334 14456 D CustomInterceptor: CACHEABLE true
08-06 12:45:58.804 14334 14456 D CustomInterceptor: REQ https://hacker-news.firebaseio.com/v0/item/23971269.json
08-06 12:45:58.804 14334 14456 D CustomInterceptor: REQ_SERV_BY net
08-06 12:45:58.804 14334 14456 D CustomInterceptor: PREFLIB Adding response to lrucache - https://hacker-news.firebaseio.com/v0/item/23971269.json
08-06 12:45:58.809 14334 14918 D CustomInterceptor: NETWORK-PROVIDER https://hacker-news.firebaseio.com/v0/item/23971132.json
08-06 12:45:58.811 14334 14918 D CustomInterceptor: HEADER REQUEST
08-06 12:45:58.812 14334 14918 D CustomInterceptor: Cache-Control max-age=300, max-stale=300
08-06 12:45:58.812 14334 14918 D CustomInterceptor: CACHED STATS: size = '100', maxSize = '100', hitCount = '200', createCount = '0', putCount = '136', evictionCount = '36', missCount = '180', toString = 'LruCache[maxSize=100,hits=200,misses=180,hitRate=52%]', 
08-06 12:45:58.812 14334 14918 D CustomInterceptor: PREFLIB GET REQUEST https://hacker-news.firebaseio.com/v0/item/23971132.json
08-06 12:45:58.812 14334 14918 D CustomInterceptor: PREFLIB found https://hacker-news.firebaseio.com/v0/item/23971132.json, sending it back
08-06 12:45:58.812 14334 14918 D CustomInterceptor: CONTENT {"by":"nabla9","id":23971132,"kids":[23971923,23971182,23973287,23971391,23971352],"parent":23971016,"text":"&gt; it seems the US is almost unique in our mass deindustrialization. Japan, Germany and South Korea have avoided this.<p>This is very common misconception.  The US has not deindustrialized other sectors have grown faster. US is the second largest country by industrial output. Third largest if you count EU as comparable unit.<p>Industrial era is over in all advanced economies. We live in post-industrial societies.","time":1595897600,"type":"comment"}
08-06 12:45:58.812 14334 14918 D CustomInterceptor: interceptor_finished : return_type #2 : request served from cache
08-06 12:45:58.822 14334 14925 D CustomInterceptor: NETWORK-PROVIDER https://hacker-news.firebaseio.com/v0/item/23975363.json
08-06 12:45:58.824 14334 14925 D CustomInterceptor: HEADER REQUEST
08-06 12:45:58.824 14334 14925 D CustomInterceptor: Cache-Control max-age=300, max-stale=300
08-06 12:45:58.824 14334 14925 D CustomInterceptor: CACHED STATS: size = '100', maxSize = '100', hitCount = '201', createCount = '0', putCount = '136', evictionCount = '36', missCount = '180', toString = 'LruCache[maxSize=100,hits=201,misses=180,hitRate=52%]', 
08-06 12:45:58.824 14334 14925 D CustomInterceptor: PREFLIB GET REQUEST https://hacker-news.firebaseio.com/v0/item/23975363.json
08-06 12:45:58.824 14334 14925 D CustomInterceptor: PREFLIB found https://hacker-news.firebaseio.com/v0/item/23975363.json, sending it back
08-06 12:45:58.824 14334 14925 D CustomInterceptor: CONTENT {"by":"curiousllama","id":23975363,"kids":[23975599],"parent":23971016,"text":"The US hasn&#x27;t deindustrialized at all.  Industrial production has increased pretty consistently as far back as I can find data.<p>What has increased in pace, though, is capacity per person, so manufacturing _jobs_ have decreased.  It&#x27;s less of a geopolitical issue and more of a domestic employment issue.<p><a href=\"https:&#x2F;&#x2F;fred.stlouisfed.org&#x2F;series&#x2F;INDPRO\" rel=\"nofollow\">https:&#x2F;&#x2F;fred.stlouisfed.org&#x2F;series&#x2F;INDPRO</a><p><a href=\"https:&#x2F;&#x2F;fred.stlouisfed.org&#x2F;series&#x2F;CAPB50001SQ\" rel=\"nofollow\">https:&#x2F;&#x2F;fred.stlouisfed.org&#x2F;series&#x2F;CAPB50001SQ</a>","time":1595942035,"type":"comment"}
08-06 12:45:58.824 14334 14925 D CustomInterceptor: interceptor_finished : return_type #2 : request served from cache
08-06 12:45:58.832 14334 14456 D CustomInterceptor: interceptor_finished : return_type #3 : request served from remote and added to cache
08-06 12:45:58.836 14334 14920 D CustomInterceptor: NETWORK-PROVIDER https://hacker-news.firebaseio.com/v0/item/23972654.json
08-06 12:45:58.838 14334 14920 D CustomInterceptor: HEADER REQUEST
08-06 12:45:58.838 14334 14920 D CustomInterceptor: Cache-Control max-age=300, max-stale=300
08-06 12:45:58.839 14334 14920 D CustomInterceptor: CACHED STATS: size = '100', maxSize = '100', hitCount = '203', createCount = '0', putCount = '137', evictionCount = '37', missCount = '180', toString = 'LruCache[maxSize=100,hits=203,misses=180,hitRate=53%]', 
08-06 12:45:58.839 14334 14920 D CustomInterceptor: PREFLIB GET REQUEST https://hacker-news.firebaseio.com/v0/item/23972654.json
08-06 12:45:58.839 14334 14920 D CustomInterceptor: PREFLIB found https://hacker-news.firebaseio.com/v0/item/23972654.json, sending it back
08-06 12:45:58.839 14334 14920 D CustomInterceptor: CONTENT {"by":"qserasera","id":23972654,"parent":23971016,"text":"We really, really, really NEED US based fabs.<p>&gt;US is almost unique in our mass deindustrialization. Japan, Germany and South Korea have avoided this.<p>yup, I wouldn&#x27;t necessarily include SK in that list but I&#x27;m very displeased at our deindustrialization process. Most&#x2F;all of it does not make sense outside a tenuous abstract global finance system.<p>We are losing knowledge and control every time and every day factories are allowed to leave the country.","time":1595914965,"type":"comment"}
08-06 12:45:58.839 14334 14920 D CustomInterceptor: interceptor_finished : return_type #2 : request served from cache
08-06 12:45:58.851 14334 14458 D CustomInterceptor: NETWORK-PROVIDER https://hacker-news.firebaseio.com/v0/item/23972528.json
08-06 12:45:58.853 14334 14458 D CustomInterceptor: HEADER REQUEST
08-06 12:45:58.853 14334 14458 D CustomInterceptor: Cache-Control max-age=300, max-stale=300
08-06 12:45:58.853 14334 14458 D CustomInterceptor: CACHED STATS: size = '100', maxSize = '100', hitCount = '204', createCount = '0', putCount = '137', evictionCount = '37', missCount = '180', toString = 'LruCache[maxSize=100,hits=204,misses=180,hitRate=53%]', 
08-06 12:45:58.853 14334 14458 D CustomInterceptor: PREFLIB NOT A GET REQUEST OR NOT IN CACHEGET
08-06 12:45:58.865 14334 14926 D CustomInterceptor: NETWORK-PROVIDER https://hacker-news.firebaseio.com/v0/item/23972925.json
08-06 12:45:58.868 14334 14926 D CustomInterceptor: HEADER REQUEST
08-06 12:45:58.868 14334 14926 D CustomInterceptor: Cache-Control max-age=300, max-stale=300
08-06 12:45:58.868 14334 14926 D CustomInterceptor: CACHED STATS: size = '100', maxSize = '100', hitCount = '204', createCount = '0', putCount = '137', evictionCount = '37', missCount = '181', toString = 'LruCache[maxSize=100,hits=204,misses=181,hitRate=52%]', 
08-06 12:45:58.868 14334 14926 D CustomInterceptor: PREFLIB GET REQUEST https://hacker-news.firebaseio.com/v0/item/23972925.json
08-06 12:45:58.868 14334 14926 D CustomInterceptor: PREFLIB found https://hacker-news.firebaseio.com/v0/item/23972925.json, sending it back
08-06 12:45:58.868 14334 14926 D CustomInterceptor: CONTENT {"by":"burntoutfire","id":23972925,"kids":[23973321],"parent":23971016,"text":"&gt; it seems the US is almost unique in our mass deindustrialization. Japan, Germany and South Korea have avoided this.<p>Entire Central Europe (Poland, Slovakia, Hungary etc.) is filled with German manufacturing plants. The Germans have done plenty of deindustrialization themselves.","time":1595918050,"type":"comment"}
08-06 12:45:58.869 14334 14926 D CustomInterceptor: interceptor_finished : return_type #2 : request served from cache
08-06 12:45:58.879 14334 14934 D CustomInterceptor: NETWORK-PROVIDER https://hacker-news.firebaseio.com/v0/item/23971363.json
08-06 12:45:58.881 14334 14934 D CustomInterceptor: HEADER REQUEST
08-06 12:45:58.881 14334 14934 D CustomInterceptor: Cache-Control max-age=300, max-stale=300
08-06 12:45:58.882 14334 14934 D CustomInterceptor: CACHED STATS: size = '100', maxSize = '100', hitCount = '205', createCount = '0', putCount = '137', evictionCount = '37', missCount = '181', toString = 'LruCache[maxSize=100,hits=205,misses=181,hitRate=53%]', 
08-06 12:45:58.882 14334 14934 D CustomInterceptor: PREFLIB GET REQUEST https://hacker-news.firebaseio.com/v0/item/23971363.json
08-06 12:45:58.882 14334 14934 D CustomInterceptor: PREFLIB found https://hacker-news.firebaseio.com/v0/item/23971363.json, sending it back
08-06 12:45:58.882 14334 14934 D CustomInterceptor: CONTENT {"by":"hammock","id":23971363,"parent":23971016,"text":"&gt;Interestingly, it seems the US is almost unique in our mass deindustrialization. Japan, Germany and South Korea have avoided this.<p>Related to the dollar being global reserve currency, which encourages a trade deficit. The US has a deficit equal to the next 15 biggest deficits combined. On the other hand, Germany, Japan and South Korea are top 5 trade surpluses.","time":1595899914,"type":"comment"}
08-06 12:45:58.882 14334 14934 D CustomInterceptor: interceptor_finished : return_type #2 : request served from cache
08-06 12:45:58.894 14334 14956 D CustomInterceptor: NETWORK-PROVIDER https://hacker-news.firebaseio.com/v0/item/23976677.json
08-06 12:45:58.896 14334 14956 D CustomInterceptor: HEADER REQUEST
08-06 12:45:58.896 14334 14956 D CustomInterceptor: Cache-Control max-age=300, max-stale=300
08-06 12:45:58.896 14334 14956 D CustomInterceptor: CACHED STATS: size = '100', maxSize = '100', hitCount = '206', createCount = '0', putCount = '137', evictionCount = '37', missCount = '181', toString = 'LruCache[maxSize=100,hits=206,misses=181,hitRate=53%]', 
08-06 12:45:58.896 14334 14956 D CustomInterceptor: PREFLIB GET REQUEST https://hacker-news.firebaseio.com/v0/item/23976677.json
08-06 12:45:58.896 14334 14956 D CustomInterceptor: PREFLIB found https://hacker-news.firebaseio.com/v0/item/23976677.json, sending it back
08-06 12:45:58.897 14334 14956 D CustomInterceptor: CONTENT {"by":"chkaloon","id":23976677,"parent":23971016,"text":"Just spent 3 months in Hillsboro, Oregon, and Intel construction work there is full speed ahead it seems. Of course that could change pretty quickly, but right now it sure looks like they intend to keep fabs going in the US.","time":1595949515,"type":"comment"}
08-06 12:45:58.897 14334 14956 D CustomInterceptor: interceptor_finished : return_type #2 : request served from cache
08-06 12:45:58.907 14334 14465 D CustomInterceptor: NETWORK-PROVIDER https://hacker-news.firebaseio.com/v0/item/23974893.json
08-06 12:45:58.909 14334 14465 D CustomInterceptor: HEADER REQUEST
08-06 12:45:58.909 14334 14465 D CustomInterceptor: Cache-Control max-age=300, max-stale=300
08-06 12:45:58.909 14334 14465 D CustomInterceptor: CACHED STATS: size = '100', maxSize = '100', hitCount = '207', createCount = '0', putCount = '137', evictionCount = '37', missCount = '181', toString = 'LruCache[maxSize=100,hits=207,misses=181,hitRate=53%]', 
08-06 12:45:58.909 14334 14465 D CustomInterceptor: PREFLIB GET REQUEST https://hacker-news.firebaseio.com/v0/item/23974893.json
08-06 12:45:58.909 14334 14465 D CustomInterceptor: PREFLIB found https://hacker-news.firebaseio.com/v0/item/23974893.json, sending it back
08-06 12:45:58.909 14334 14465 D CustomInterceptor: CONTENT {"by":"knubie","id":23974893,"kids":[23974973],"parent":23971016,"text":"&gt; Interestingly, it seems the US is almost unique in our mass deindustrialization. Japan, Germany and South Korea have avoided this.<p>Those countries also have much higher trade barriers. The US is almost unique in how few trade trade restrictions they (used to) have.","time":1595938483,"type":"comment"}
08-06 12:45:58.909 14334 14465 D CustomInterceptor: interceptor_finished : return_type #2 : request served from cache
08-06 12:45:58.919 14334 14950 D CustomInterceptor: NETWORK-PROVIDER https://hacker-news.firebaseio.com/v0/item/23974463.json
08-06 12:45:58.921 14334 14950 D CustomInterceptor: HEADER REQUEST
08-06 12:45:58.921 14334 14950 D CustomInterceptor: Cache-Control max-age=300, max-stale=300
08-06 12:45:58.921 14334 14950 D CustomInterceptor: CACHED STATS: size = '100', maxSize = '100', hitCount = '208', createCount = '0', putCount = '137', evictionCount = '37', missCount = '181', toString = 'LruCache[maxSize=100,hits=208,misses=181,hitRate=53%]', 
08-06 12:45:58.921 14334 14950 D CustomInterceptor: PREFLIB GET REQUEST https://hacker-news.firebaseio.com/v0/item/23974463.json
08-06 12:45:58.921 14334 14950 D CustomInterceptor: PREFLIB found https://hacker-news.firebaseio.com/v0/item/23974463.json, sending it back
08-06 12:45:58.921 14334 14950 D CustomInterceptor: CONTENT {"by":"noir_lord","id":23974463,"kids":[23975502],"parent":23971016,"text":"Not that unique.<p>UK did it as well, we let Arm be sold to foreign investors - I wonder if the French or German government would have allowed that sale.","time":1595934564,"type":"comment"}
08-06 12:45:58.922 14334 14950 D CustomInterceptor: interceptor_finished : return_type #2 : request served from cache
08-06 12:45:58.936 14334 14954 D CustomInterceptor: NETWORK-PROVIDER https://hacker-news.firebaseio.com/v0/item/23971037.json
08-06 12:45:58.938 14334 14954 D CustomInterceptor: HEADER REQUEST
08-06 12:45:58.938 14334 14954 D CustomInterceptor: Cache-Control max-age=300, max-stale=300
08-06 12:45:58.939 14334 14954 D CustomInterceptor: CACHED STATS: size = '100', maxSize = '100', hitCount = '209', createCount = '0', putCount = '137', evictionCount = '37', missCount = '181', toString = 'LruCache[maxSize=100,hits=209,misses=181,hitRate=53%]', 
08-06 12:45:58.939 14334 14954 D CustomInterceptor: PREFLIB GET REQUEST https://hacker-news.firebaseio.com/v0/item/23971037.json
08-06 12:45:58.939 14334 14954 D CustomInterceptor: PREFLIB found https://hacker-news.firebaseio.com/v0/item/23971037.json, sending it back
08-06 12:45:58.939 14334 14954 D CustomInterceptor: CONTENT {"by":"criddell","id":23971037,"kids":[23971082,23971112,23971290,23971513],"parent":23971016,"text":"Another article I just read says Intel is talking to TSMC. I think they are trying to get out of manufacturing.","time":1595896756,"type":"comment"}
08-06 12:45:58.939 14334 14954 D CustomInterceptor: interceptor_finished : return_type #2 : request served from cache
08-06 12:45:58.939 14334 14948 D CustomInterceptor: CACHE_CONTROL SETTING NEW MAX-AGE
08-06 12:45:58.940 14334 14948 D CustomInterceptor: HEADER RESPONSE
08-06 12:45:58.940 14334 14948 D CustomInterceptor: Access-Control-Allow-Origin *
08-06 12:45:58.940 14334 14948 D CustomInterceptor: Cache-Control public, immutable, max-age=300, only-if-cached, max-stale=300
08-06 12:45:58.940 14334 14948 D CustomInterceptor: Connection keep-alive
08-06 12:45:58.940 14334 14948 D CustomInterceptor: Content-Length 456
08-06 12:45:58.940 14334 14948 D CustomInterceptor: Content-Type application/json; charset=utf-8
08-06 12:45:58.940 14334 14948 D CustomInterceptor: Date Thu, 06 Aug 2020 10:45:54 GMT
08-06 12:45:58.940 14334 14948 D CustomInterceptor: Expires Thu, 06 Aug 2020 10:50:58 GMT+00:00
08-06 12:45:58.940 14334 14948 D CustomInterceptor: Server nginx
08-06 12:45:58.940 14334 14948 D CustomInterceptor: Strict-Transport-Security max-age=31556926; includeSubDomains; preload
08-06 12:45:58.940 14334 14948 D CustomInterceptor: CACHEABLE true
08-06 12:45:58.940 14334 14948 D CustomInterceptor: REQ https://hacker-news.firebaseio.com/v0/item/23971139.json
08-06 12:45:58.941 14334 14948 D CustomInterceptor: REQ_SERV_BY net
08-06 12:45:58.941 14334 14948 D CustomInterceptor: PREFLIB Adding response to lrucache - https://hacker-news.firebaseio.com/v0/item/23971139.json
08-06 12:45:58.941 14334 14923 D CustomInterceptor: CACHE_CONTROL SETTING NEW MAX-AGE
08-06 12:45:58.943 14334 14923 D CustomInterceptor: HEADER RESPONSE
08-06 12:45:58.943 14334 14923 D CustomInterceptor: Access-Control-Allow-Origin *
08-06 12:45:58.943 14334 14923 D CustomInterceptor: Cache-Control public, immutable, max-age=300, only-if-cached, max-stale=300
08-06 12:45:58.943 14334 14923 D CustomInterceptor: Connection keep-alive
08-06 12:45:58.944 14334 14923 D CustomInterceptor: Content-Length 657
08-06 12:45:58.944 14334 14923 D CustomInterceptor: Content-Type application/json; charset=utf-8
08-06 12:45:58.944 14334 14923 D CustomInterceptor: Date Thu, 06 Aug 2020 10:45:54 GMT
08-06 12:45:58.944 14334 14923 D CustomInterceptor: Expires Thu, 06 Aug 2020 10:50:58 GMT+00:00
08-06 12:45:58.944 14334 14923 D CustomInterceptor: Server nginx
08-06 12:45:58.944 14334 14923 D CustomInterceptor: Strict-Transport-Security max-age=31556926; includeSubDomains; preload
08-06 12:45:58.944 14334 14961 D CustomInterceptor: CACHE_CONTROL SETTING NEW MAX-AGE
08-06 12:45:58.945 14334 14961 D CustomInterceptor: HEADER RESPONSE
08-06 12:45:58.945 14334 14961 D CustomInterceptor: Access-Control-Allow-Origin *
08-06 12:45:58.946 14334 14961 D CustomInterceptor: Cache-Control public, immutable, max-age=300, only-if-cached, max-stale=300
08-06 12:45:58.946 14334 14961 D CustomInterceptor: Connection keep-alive
08-06 12:45:58.946 14334 14961 D CustomInterceptor: Content-Length 573
08-06 12:45:58.946 14334 14961 D CustomInterceptor: Content-Type application/json; charset=utf-8
08-06 12:45:58.946 14334 14961 D CustomInterceptor: Date Thu, 06 Aug 2020 10:45:54 GMT
08-06 12:45:58.947 14334 14961 D CustomInterceptor: Expires Thu, 06 Aug 2020 10:50:58 GMT+00:00
08-06 12:45:58.947 14334 14961 D CustomInterceptor: Server nginx
08-06 12:45:58.947 14334 14961 D CustomInterceptor: Strict-Transport-Security max-age=31556926; includeSubDomains; preload
08-06 12:45:58.947 14334 14961 D CustomInterceptor: CACHEABLE true
08-06 12:45:58.947 14334 14961 D CustomInterceptor: REQ https://hacker-news.firebaseio.com/v0/item/23976296.json
08-06 12:45:58.947 14334 14961 D CustomInterceptor: REQ_SERV_BY net
08-06 12:45:58.947 14334 14961 D CustomInterceptor: PREFLIB Adding response to lrucache - https://hacker-news.firebaseio.com/v0/item/23976296.json
08-06 12:45:58.948 14334 14923 D CustomInterceptor: CACHEABLE true
08-06 12:45:58.948 14334 14923 D CustomInterceptor: REQ https://hacker-news.firebaseio.com/v0/item/23974128.json
08-06 12:45:58.948 14334 14923 D CustomInterceptor: REQ_SERV_BY net
08-06 12:45:58.948 14334 14923 D CustomInterceptor: PREFLIB Adding response to lrucache - https://hacker-news.firebaseio.com/v0/item/23974128.json
08-06 12:45:58.948 14334 14447 D CustomInterceptor: NETWORK-PROVIDER https://hacker-news.firebaseio.com/v0/item/23972679.json
08-06 12:45:58.950 14334 14447 D CustomInterceptor: HEADER REQUEST
08-06 12:45:58.950 14334 14447 D CustomInterceptor: Cache-Control max-age=300, max-stale=300
08-06 12:45:58.951 14334 14447 D CustomInterceptor: CACHED STATS: size = '100', maxSize = '100', hitCount = '210', createCount = '0', putCount = '137', evictionCount = '37', missCount = '181', toString = 'LruCache[maxSize=100,hits=210,misses=181,hitRate=53%]', 
08-06 12:45:58.951 14334 14447 D CustomInterceptor: PREFLIB GET REQUEST https://hacker-news.firebaseio.com/v0/item/23972679.json
