--------- beginning of main
08-06 18:22:37.191  8071  8071 W Atfwd_Sendcmd: AtCmdFwd service not published, waiting... retryCnt : 2
08-06 18:22:37.540 11400 11400 D AndroidRuntime: >>>>>> START com.android.internal.os.RuntimeInit uid 2000 <<<<<<
08-06 18:22:37.547 11400 11400 D AndroidRuntime: CheckJNI is OFF
08-06 18:22:37.578 11400 11400 D ICU     : No timezone override file found: /data/misc/zoneinfo/current/icu/icu_tzdata.dat
08-06 18:22:37.610 11400 11400 I Radio-JNI: register_android_hardware_Radio DONE
08-06 18:22:37.629 11400 11400 D AndroidRuntime: Calling main entry com.android.commands.monkey.Monkey
--------- beginning of system
08-06 18:22:37.649   918   931 W BroadcastQueue: Skipping deliver [background] BroadcastRecord{3ca918d u-1 android.net.conn.CONNECTIVITY_CHANGE} to ReceiverList{5a71f42 11400 (unknown name)/2000/u-1 remote:d1a0ab7}: process crashing
08-06 18:22:37.661   918  5481 I ActivityManager: START u0 {act=android.intent.action.MAIN cat=[android.intent.category.LAUNCHER] flg=0x10200000 cmp=baseline.io.github.project_travel_mate/.SplashActivity} from uid 2000 on display 0
08-06 18:22:37.698 11409 11409 I art     : Late-enabling -Xcheck:jni
08-06 18:22:37.698   918  4400 I ActivityManager: Start proc 11409:baseline.io.github.project_travel_mate/u0a696 for activity baseline.io.github.project_travel_mate/.SplashActivity
08-06 18:22:37.703 11400 11400 I art     : System.exit called, status: 0
08-06 18:22:37.703 11400 11400 I AndroidRuntime: VM exiting with result code 0.
08-06 18:22:37.770 26121 10711 I PBSessionCacheImpl: Deleted sessionId[114882969641334449] from persistence.
08-06 18:22:37.772 26121 26151 W SearchServiceCore: Abort, client detached.
08-06 18:22:37.773 26121 26151 I MicroDetectionState: Should stop hotword detection immediately - true
08-06 18:22:37.814 11409 11409 W System  : ClassLoader referenced unknown path: /data/app/baseline.io.github.project_travel_mate-1/lib/arm64
08-06 18:22:37.969 11409 11409 W art     : Before Android 4.1, method android.graphics.PorterDuffColorFilter androidx.vectordrawable.graphics.drawable.VectorDrawableCompat.updateTintFilter(android.graphics.PorterDuffColorFilter, android.content.res.ColorStateList, android.graphics.PorterDuff$Mode) would have incorrectly overridden the package-private method in android.graphics.drawable.Drawable
08-06 18:22:38.015 11409 11409 I art     : Rejecting re-init on previously-failed class java.lang.Class<androidx.core.view.ViewCompat$OnUnhandledKeyEventListenerWrapper>
08-06 18:22:38.015 11409 11409 I art     : Rejecting re-init on previously-failed class java.lang.Class<androidx.core.view.ViewCompat$OnUnhandledKeyEventListenerWrapper>
08-06 18:22:38.073 11409 11425 D OpenGLRenderer: Use EGL_SWAP_BEHAVIOR_PRESERVED: true
08-06 18:22:38.115 11409 11425 I Adreno  : QUALCOMM build                   : fcf4852, I1af360237c
08-06 18:22:38.115 11409 11425 I Adreno  : Build Date                       : 09/23/15
08-06 18:22:38.115 11409 11425 I Adreno  : OpenGL ES Shader Compiler Version: XE031.05.13.02
08-06 18:22:38.115 11409 11425 I Adreno  : Local Branch                     : mybranch14465806
08-06 18:22:38.115 11409 11425 I Adreno  : Remote Branch                    : quic/LA.BF64.1.2.9_v2
08-06 18:22:38.115 11409 11425 I Adreno  : Remote Branch                    : NONE
08-06 18:22:38.115 11409 11425 I Adreno  : Reconstruct Branch               : NOTHING
08-06 18:22:38.120 11409 11425 I OpenGLRenderer: Initialized EGL, version 1.4
08-06 18:22:38.243   918   936 I ActivityManager: Displayed baseline.io.github.project_travel_mate/.SplashActivity: +573ms
08-06 18:22:38.247 13866 13866 I GoogleInputMethodServic: GoogleInputMethodService.onFinishInput():3138 
08-06 18:22:38.248 13866 13866 I GoogleInputMethodServic: GoogleInputMethodService.onStartInput():1808 
08-06 18:22:39.245 11438 11438 D AndroidRuntime: >>>>>> START com.android.internal.os.RuntimeInit uid 2000 <<<<<<
08-06 18:22:39.249 11438 11438 D AndroidRuntime: CheckJNI is OFF
08-06 18:22:39.274 11438 11438 D ICU     : No timezone override file found: /data/misc/zoneinfo/current/icu/icu_tzdata.dat
08-06 18:22:39.298 11438 11438 I Radio-JNI: register_android_hardware_Radio DONE
08-06 18:22:39.314 11438 11438 D AndroidRuntime: Calling main entry com.android.commands.am.Am
08-06 18:22:39.329 26540 26540 I Trepn   : Trepn 6.2s: Received intent: com.quicinc.trepn.start_profiling
08-06 18:22:39.427 26540 26540 W FileUtils: Failed to chmod(/storage/emulated/0/trepn/Trepn_2020.08.06_182239.db): android.system.ErrnoException: chmod failed: EPERM (Operation not permitted)
08-06 18:22:39.502 26540 26540 I Trepn   : Trepn 6.2s: Trepn has Started Profiling.
08-06 18:22:39.503 11438 11438 D AndroidRuntime: Shutting down VM
08-06 18:22:40.009 11409 11422 I art     : Starting a blocking GC Explicit
08-06 18:22:40.071 11409 11422 I art     : Explicit concurrent mark sweep GC freed 47787(2MB) AllocSpace objects, 2(40KB) LOS objects, 40% free, 20MB/34MB, paused 323us total 61.976ms
08-06 18:22:40.089 11409 11422 I art     : Starting a blocking GC Explicit
08-06 18:22:40.137 11409 11422 I art     : Explicit concurrent mark sweep GC freed 2670(107KB) AllocSpace objects, 0(0B) LOS objects, 40% free, 20MB/34MB, paused 313us total 47.756ms
08-06 18:22:40.145 11409 11422 I art     : Starting a blocking GC Explicit
08-06 18:22:40.154 11409 11422 I art     : Explicit concurrent mark sweep GC freed 1217(58KB) AllocSpace objects, 0(0B) LOS objects, 40% free, 20MB/34MB, paused 116us total 8.977ms
08-06 18:22:40.162 11409 11422 I art     : Starting a blocking GC Explicit
08-06 18:22:40.167   918  3714 I ActivityManager: START u0 {cmp=baseline.io.github.project_travel_mate/.MainActivity} from uid 10696 on display 0
08-06 18:22:40.181 11409 11422 I art     : Explicit concurrent mark sweep GC freed 11(672B) AllocSpace objects, 0(0B) LOS objects, 40% free, 20MB/34MB, paused 193us total 19.433ms
08-06 18:22:40.189 11409 11422 I art     : Starting a blocking GC Explicit
08-06 18:22:40.204 11409 11422 I art     : Explicit concurrent mark sweep GC freed 88(26KB) AllocSpace objects, 0(0B) LOS objects, 40% free, 20MB/34MB, paused 535us total 14.425ms
08-06 18:22:40.399 11409 11409 W Settings: Setting airplane_mode_on has moved from android.provider.Settings.System to android.provider.Settings.Global, returning read-only value.
08-06 18:22:40.415 11409 11409 V MainActivity: url=https://project-travel-mate.herokuapp.com/api/get-user
08-06 18:22:40.456 11409 11492 W LOTTIE  : Unknown mask mode mode. Defaulting to Add.
08-06 18:22:40.464 11409 11492 W LOTTIE  : You have 5 images. Lottie should primarily be used with shapes. If you are using Adobe Illustrator, convert the Illustrator layers to shape layers.
08-06 18:22:40.465 11409 11492 W LOTTIE  : Unknown mask mode mode. Defaulting to Add.
08-06 18:22:40.465 11409 11492 W LOTTIE  : Unknown mask mode mode. Defaulting to Add.
08-06 18:22:40.493   518   646 I ThermalEngine: ACTION: GPU - Setting GPU[0] to 510000000
08-06 18:22:40.523 11409 11409 V CityFragment: url=https://project-travel-mate.herokuapp.com/api/get-all-cities/10
08-06 18:22:40.575 11409 11471 I art     : Starting a blocking GC Explicit
08-06 18:22:40.598 11409 11471 I art     : Explicit concurrent mark sweep GC freed 15133(1127KB) AllocSpace objects, 2(40KB) LOS objects, 40% free, 23MB/38MB, paused 414us total 23.170ms
08-06 18:22:40.615 11409 11471 I art     : Starting a blocking GC Explicit
08-06 18:22:40.631 11409 11471 I art     : Explicit concurrent mark sweep GC freed 483(21KB) AllocSpace objects, 0(0B) LOS objects, 40% free, 23MB/38MB, paused 278us total 15.506ms
08-06 18:22:40.641 11409 11471 I art     : Starting a blocking GC Explicit
08-06 18:22:40.646 11409 11409 E RecyclerView: No adapter attached; skipping layout
08-06 18:22:40.658 11409 11471 I art     : Explicit concurrent mark sweep GC freed 180(46KB) AllocSpace objects, 0(0B) LOS objects, 40% free, 23MB/38MB, paused 774us total 16.759ms
08-06 18:22:40.669 11409 11471 I art     : Starting a blocking GC Explicit
08-06 18:22:40.686 11409 11471 I art     : Explicit concurrent mark sweep GC freed 2503(162KB) AllocSpace objects, 0(0B) LOS objects, 40% free, 23MB/38MB, paused 484us total 17.081ms
08-06 18:22:40.697 11409 11471 I art     : Starting a blocking GC Explicit
08-06 18:22:40.716 11409 11471 I art     : Explicit concurrent mark sweep GC freed 2220(81KB) AllocSpace objects, 0(0B) LOS objects, 40% free, 23MB/39MB, paused 684us total 18.840ms
08-06 18:22:40.843 11409 11409 V MainActivity: url = https://project-travel-mate.herokuapp.com/api/number-of-unread-notifications
08-06 18:22:40.848   918   936 I ActivityManager: Displayed baseline.io.github.project_travel_mate/.MainActivity: +665ms
08-06 18:22:40.889 13866 13866 I GoogleInputMethodServic: GoogleInputMethodService.onFinishInput():3138 
08-06 18:22:40.890 13866 13866 I GoogleInputMethodServic: GoogleInputMethodService.onStartInput():1808 
08-06 18:22:40.892 11409 11409 E RecyclerView: No adapter attached; skipping layout
08-06 18:22:40.959 11409 11491 I NAPPA_EXPERIMENTATION: MetricNetworkRequestExecutionTime: REQUEST_DURATION_SYSTEM='523',REQUEST_DURATION_OKHTTP='46',REQUEST_SYNCHRONOUS='FALSE',RESPONSE_CODE='200',RESPONSE_METHOD='GET',RESPONSE_LENGTH_OKHTTP='185',RESPONSE_LENGTH_HEADER='185',REQUEST_PROTOCOL='http/1.1',REQUEST_URL='https://project-travel-mate.herokuapp.com/api/get-user',
08-06 18:22:40.970 11409 11495 I NAPPA_EXPERIMENTATION: MetricNetworkRequestExecutionTime: REQUEST_DURATION_SYSTEM='447',REQUEST_DURATION_OKHTTP='48',REQUEST_SYNCHRONOUS='FALSE',RESPONSE_CODE='200',RESPONSE_METHOD='GET',RESPONSE_LENGTH_OKHTTP='1588',RESPONSE_LENGTH_HEADER='1588',REQUEST_PROTOCOL='http/1.1',REQUEST_URL='https://project-travel-mate.herokuapp.com/api/get-all-cities/10',
08-06 18:22:40.994 11409 11409 V CityFragment: result=[{"id":1,"city_name":"Delhi","facts_count":6,"image":"https://upload.wikimedia.org/wikipedia/commons/9/94/%E0%B4%96%E0%B5%81%E0%B4%A4%E0%B5%8D%E0%B4%AC%E0%B5%8D_%E0%B4%AE%E0%B4%BF%E0%B4%A8%E0%B4%BE%E0%B5%BC1.jpg","visit_count":18186},{"id":2,"city_name":"Mumbai","facts_count":0,"image":"https://static1.squarespace.com/static/55917ae2e4b0984fc8c264c4/t/5ad7a037758d464041bfba27/1524102624280/Victoria_Mumbai.jpg","visit_count":6022},{"id":3,"city_name":"Bangalore","facts_count":0,"image":null,"visit_count":5536},{"id":8,"city_name":"Pune","facts_count":0,"image":"https://www.zricks.com/ImagesPostProject/47929//6557d975-20a9-4c6c-a776-8072a1936a76.jpg","visit_count":3324},{"id":4,"city_name":"Chennai","facts_count":0,"image":"http://lh3.ggpht.com/_YLb7tJ8RoAk/SfazBLdgf3I/AAAAAAAANEg/p52_Zz_URxg/s640/Picture%20009.jpg","visit_count":3061},{"id":5,"city_name":"Kolkata","facts_count":0,"image":"https://i.pinimg.com/originals/05/ec/42/05ec42c545b494d12cc612923483b4f0.jpg","visit_count":2211},{"id":9,"city_name":"Jaipur","facts_count":1,"image":"https://www.trodly.com/pictures/attraction/1943.jpg","visit_count":2007},{"id":6,"city_name":"Hyderabad","facts_count":0,"image":"https://i1.trekearth.com/photos/59194/charminar_020_sm.jpg","visit_count":1633},{"id":150,"city_name":"Panjim","facts_count":0,"image":"http://www.nomad4ever.com/wp-content/uploads/2009/04/palm-trees-at-baga-creek-north-goa1.jpg","visit_count":1488},{"id":7,"city_name":"Ahmedabad","facts_count":0,"image":"https://i.pinimg.com/originals/a5/ed/29/a5ed293271669a61f47059f7b0d9cf2c.jpg","visit_count":1115}]
08-06 18:22:41.036 11409 11409 D CityFragment: get cities cities size = 10
08-06 18:22:41.046 11409 11421 I art     : Starting a blocking GC Explicit
08-06 18:22:41.076   380   380 W SurfaceFlinger: couldn't log to binary event log: overflow.
08-06 18:22:41.081 11409 11421 I art     : Explicit concurrent mark sweep GC freed 9157(598KB) AllocSpace objects, 8(440KB) LOS objects, 34% free, 30MB/46MB, paused 714us total 34.899ms
08-06 18:22:41.095 11409 11421 I art     : Starting a blocking GC Explicit
08-06 18:22:41.114 11409 11421 I art     : Explicit concurrent mark sweep GC freed 2344(256KB) AllocSpace objects, 0(0B) LOS objects, 34% free, 30MB/46MB, paused 482us total 19.082ms
08-06 18:22:41.125 11409 11421 I art     : Starting a blocking GC Explicit
08-06 18:22:41.144 11409 11421 I art     : Explicit concurrent mark sweep GC freed 495(35KB) AllocSpace objects, 0(0B) LOS objects, 34% free, 30MB/46MB, paused 650us total 19.212ms
08-06 18:22:41.155 11409 11421 I art     : Starting a blocking GC Explicit
08-06 18:22:41.176 11409 11421 I art     : Explicit concurrent mark sweep GC freed 340(24KB) AllocSpace objects, 0(0B) LOS objects, 34% free, 30MB/46MB, paused 607us total 20.032ms
08-06 18:22:41.187 11409 11421 I art     : Starting a blocking GC Explicit
08-06 18:22:41.207 11409 11421 I art     : Explicit concurrent mark sweep GC freed 1370(91KB) AllocSpace objects, 2(120KB) LOS objects, 34% free, 30MB/46MB, paused 993us total 20.557ms
08-06 18:22:41.271 11409 11499 I NAPPA_EXPERIMENTATION: MetricNetworkRequestExecutionTime: REQUEST_DURATION_SYSTEM='427',REQUEST_DURATION_OKHTTP='39',REQUEST_SYNCHRONOUS='FALSE',RESPONSE_CODE='200',RESPONSE_METHOD='GET',RESPONSE_LENGTH_OKHTTP='36',RESPONSE_LENGTH_HEADER='36',REQUEST_PROTOCOL='http/1.1',REQUEST_URL='https://project-travel-mate.herokuapp.com/api/number-of-unread-notifications',
08-06 18:22:41.499 11409 11470 I art     : Starting a blocking GC Explicit
08-06 18:22:41.528 11409 11470 I art     : Explicit concurrent mark sweep GC freed 15208(1371KB) AllocSpace objects, 14(4MB) LOS objects, 34% free, 29MB/45MB, paused 746us total 28.281ms
08-06 18:22:41.540 11409 11470 I art     : Starting a blocking GC Explicit
08-06 18:22:41.565 11409 11470 I art     : Explicit concurrent mark sweep GC freed 2935(268KB) AllocSpace objects, 0(0B) LOS objects, 35% free, 29MB/45MB, paused 628us total 24.803ms
08-06 18:22:41.576 11409 11470 I art     : Starting a blocking GC Explicit
08-06 18:22:41.599 11409 11470 I art     : Explicit concurrent mark sweep GC freed 3037(120KB) AllocSpace objects, 0(0B) LOS objects, 35% free, 29MB/45MB, paused 449us total 22.420ms
08-06 18:22:41.610 11409 11470 I art     : Starting a blocking GC Explicit
08-06 18:22:41.631 11409 11470 I art     : Explicit concurrent mark sweep GC freed 8363(320KB) AllocSpace objects, 0(0B) LOS objects, 35% free, 29MB/45MB, paused 446us total 20.780ms
08-06 18:22:41.642 11409 11470 I art     : Starting a blocking GC Explicit
08-06 18:22:41.665 11409 11470 I art     : Explicit concurrent mark sweep GC freed 695(115KB) AllocSpace objects, 2(56KB) LOS objects, 33% free, 31MB/47MB, paused 599us total 22.354ms
08-06 18:22:41.987 11409 11470 I art     : Starting a blocking GC Explicit
08-06 18:22:42.012 11409 11470 I art     : Explicit concurrent mark sweep GC freed 10873(1029KB) AllocSpace objects, 18(616KB) LOS objects, 31% free, 35MB/51MB, paused 411us total 24.763ms
08-06 18:22:42.023 11409 11470 I art     : Starting a blocking GC Explicit
08-06 18:22:42.044 11409 11470 I art     : Explicit concurrent mark sweep GC freed 449(16KB) AllocSpace objects, 3(1292KB) LOS objects, 32% free, 33MB/49MB, paused 341us total 20.647ms
08-06 18:22:42.055 11409 11470 I art     : Starting a blocking GC Explicit
08-06 18:22:42.075 11409 11470 I art     : Explicit concurrent mark sweep GC freed 79(1808B) AllocSpace objects, 0(0B) LOS objects, 32% free, 33MB/49MB, paused 338us total 19.899ms
08-06 18:22:42.086 11409 11470 I art     : Starting a blocking GC Explicit
08-06 18:22:42.107 11409 11470 I art     : Explicit concurrent mark sweep GC freed 100(3KB) AllocSpace objects, 0(0B) LOS objects, 32% free, 33MB/49MB, paused 352us total 20.837ms
08-06 18:22:42.119 11409 11470 I art     : Starting a blocking GC Explicit
08-06 18:22:42.141 11409 11470 I art     : Explicit concurrent mark sweep GC freed 415(17KB) AllocSpace objects, 0(0B) LOS objects, 32% free, 33MB/49MB, paused 419us total 22.550ms
08-06 18:22:42.497   518   646 I ThermalEngine: ACTION: GPU - Setting GPU[0] to 450000000
08-06 18:22:42.523 11409 11422 I art     : Starting a blocking GC Explicit
08-06 18:22:42.553 11409 11422 I art     : Explicit concurrent mark sweep GC freed 2092(95KB) AllocSpace objects, 2(40KB) LOS objects, 32% free, 33MB/49MB, paused 464us total 29.510ms
08-06 18:22:42.572 11409 11422 I art     : Starting a blocking GC Explicit
08-06 18:22:42.600 11409 11422 I art     : Explicit concurrent mark sweep GC freed 94(1984B) AllocSpace objects, 0(0B) LOS objects, 32% free, 33MB/49MB, paused 476us total 27.501ms
08-06 18:22:42.615 11409 11422 I art     : Starting a blocking GC Explicit
08-06 18:22:42.644 11409 11422 I art     : Explicit concurrent mark sweep GC freed 51(896B) AllocSpace objects, 0(0B) LOS objects, 32% free, 33MB/49MB, paused 448us total 28.688ms
08-06 18:22:42.660 11409 11422 I art     : Starting a blocking GC Explicit
08-06 18:22:42.688 11409 11422 I art     : Explicit concurrent mark sweep GC freed 75(1296B) AllocSpace objects, 0(0B) LOS objects, 32% free, 33MB/49MB, paused 460us total 28.138ms
08-06 18:22:42.703 11409 11422 I art     : Starting a blocking GC Explicit
08-06 18:22:42.732 11409 11422 I art     : Explicit concurrent mark sweep GC freed 74(1264B) AllocSpace objects, 0(0B) LOS objects, 32% free, 33MB/49MB, paused 466us total 27.915ms
08-06 18:22:43.121 11409 11421 I art     : Starting a blocking GC Explicit
08-06 18:22:43.152 11409 11421 I art     : Explicit concurrent mark sweep GC freed 2028(92KB) AllocSpace objects, 2(40KB) LOS objects, 32% free, 33MB/49MB, paused 446us total 30.916ms
08-06 18:22:43.170 11409 11421 I art     : Starting a blocking GC Explicit
08-06 18:22:43.197 11409 11421 I art     : Explicit concurrent mark sweep GC freed 78(1712B) AllocSpace objects, 0(0B) LOS objects, 32% free, 33MB/49MB, paused 696us total 27.119ms
08-06 18:22:43.213 11409 11421 I art     : Starting a blocking GC Explicit
08-06 18:22:43.242 11409 11421 I art     : Explicit concurrent mark sweep GC freed 66(1136B) AllocSpace objects, 0(0B) LOS objects, 32% free, 33MB/49MB, paused 476us total 28.277ms
08-06 18:22:43.257 11409 11421 I art     : Starting a blocking GC Explicit
08-06 18:22:43.287 11409 11421 I art     : Explicit concurrent mark sweep GC freed 76(1328B) AllocSpace objects, 0(0B) LOS objects, 32% free, 33MB/49MB, paused 452us total 29.299ms
08-06 18:22:43.302 11409 11421 I art     : Starting a blocking GC Explicit
08-06 18:22:43.330 11409 11421 I art     : Explicit concurrent mark sweep GC freed 51(896B) AllocSpace objects, 0(0B) LOS objects, 32% free, 33MB/49MB, paused 484us total 27.524ms
08-06 18:22:43.711 11409 11471 I art     : Starting a blocking GC Explicit
08-06 18:22:43.737 11409 11471 I art     : Explicit concurrent mark sweep GC freed 2028(92KB) AllocSpace objects, 2(40KB) LOS objects, 32% free, 33MB/49MB, paused 437us total 25.733ms
08-06 18:22:43.751 11409 11471 I art     : Starting a blocking GC Explicit
08-06 18:22:43.777 11409 11471 I art     : Explicit concurrent mark sweep GC freed 71(1616B) AllocSpace objects, 0(0B) LOS objects, 32% free, 33MB/49MB, paused 428us total 24.997ms
08-06 18:22:43.791 11409 11471 I art     : Starting a blocking GC Explicit
08-06 18:22:43.815 11409 11471 I art     : Explicit concurrent mark sweep GC freed 76(1328B) AllocSpace objects, 0(0B) LOS objects, 32% free, 33MB/49MB, paused 425us total 23.964ms
08-06 18:22:43.830 11409 11471 I art     : Starting a blocking GC Explicit
08-06 18:22:43.853 11409 11471 I art     : Explicit concurrent mark sweep GC freed 51(896B) AllocSpace objects, 0(0B) LOS objects, 32% free, 33MB/49MB, paused 426us total 23.524ms
08-06 18:22:43.868 11409 11471 I art     : Starting a blocking GC Explicit
08-06 18:22:43.892 11409 11471 I art     : Explicit concurrent mark sweep GC freed 51(896B) AllocSpace objects, 0(0B) LOS objects, 32% free, 33MB/49MB, paused 415us total 23.616ms
08-06 18:22:44.263 11409 11470 I art     : Starting a blocking GC Explicit
08-06 18:22:44.295 11409 11470 I art     : Explicit concurrent mark sweep GC freed 2004(92KB) AllocSpace objects, 2(40KB) LOS objects, 32% free, 33MB/49MB, paused 467us total 31.503ms
08-06 18:22:44.314 11409 11470 I art     : Starting a blocking GC Explicit
08-06 18:22:44.339 11409 11470 I art     : Explicit concurrent mark sweep GC freed 95(2016B) AllocSpace objects, 0(0B) LOS objects, 32% free, 33MB/49MB, paused 456us total 25.012ms
08-06 18:22:44.354 11409 11470 I art     : Starting a blocking GC Explicit
08-06 18:22:44.380 11409 11470 I art     : Explicit concurrent mark sweep GC freed 54(944B) AllocSpace objects, 0(0B) LOS objects, 32% free, 33MB/49MB, paused 487us total 25.602ms
08-06 18:22:44.395 11409 11470 I art     : Starting a blocking GC Explicit
08-06 18:22:44.422 11409 11470 I art     : Explicit concurrent mark sweep GC freed 71(1216B) AllocSpace objects, 0(0B) LOS objects, 32% free, 33MB/49MB, paused 497us total 26.684ms
08-06 18:22:44.437 11409 11470 I art     : Starting a blocking GC Explicit
08-06 18:22:44.463 11409 11470 I art     : Explicit concurrent mark sweep GC freed 62(1088B) AllocSpace objects, 0(0B) LOS objects, 32% free, 33MB/49MB, paused 527us total 25.774ms
08-06 18:22:44.825 11409 11422 I art     : Starting a blocking GC Explicit
08-06 18:22:44.856 11409 11422 I art     : Explicit concurrent mark sweep GC freed 1994(92KB) AllocSpace objects, 2(40KB) LOS objects, 32% free, 33MB/49MB, paused 443us total 30.939ms
08-06 18:22:44.874 11409 11422 I art     : Starting a blocking GC Explicit
08-06 18:22:44.902 11409 11422 I art     : Explicit concurrent mark sweep GC freed 94(1984B) AllocSpace objects, 0(0B) LOS objects, 32% free, 33MB/49MB, paused 518us total 28.657ms
08-06 18:22:44.918 11409 11422 I art     : Starting a blocking GC Explicit
08-06 18:22:44.945 11409 11422 I art     : Explicit concurrent mark sweep GC freed 51(896B) AllocSpace objects, 0(0B) LOS objects, 32% free, 33MB/49MB, paused 462us total 27.334ms
08-06 18:22:44.961 11409 11422 I art     : Starting a blocking GC Explicit
08-06 18:22:44.990 11409 11422 I art     : Explicit concurrent mark sweep GC freed 75(1296B) AllocSpace objects, 0(0B) LOS objects, 32% free, 33MB/49MB, paused 469us total 29.336ms
08-06 18:22:45.006 11409 11422 I art     : Starting a blocking GC Explicit
08-06 18:22:45.035 11409 11422 I art     : Explicit concurrent mark sweep GC freed 75(1296B) AllocSpace objects, 0(0B) LOS objects, 32% free, 33MB/49MB, paused 464us total 29.021ms
08-06 18:22:45.429 11409 11421 I art     : Starting a blocking GC Explicit
08-06 18:22:45.461 11409 11421 I art     : Explicit concurrent mark sweep GC freed 2028(92KB) AllocSpace objects, 2(40KB) LOS objects, 32% free, 33MB/49MB, paused 445us total 31.362ms
08-06 18:22:45.476 11409 11421 I art     : Starting a blocking GC Explicit
08-06 18:22:45.506 11409 11421 I art     : Explicit concurrent mark sweep GC freed 94(1984B) AllocSpace objects, 0(0B) LOS objects, 32% free, 33MB/49MB, paused 514us total 29.121ms
08-06 18:22:45.522 11409 11421 I art     : Starting a blocking GC Explicit
08-06 18:22:45.550 11409 11421 I art     : Explicit concurrent mark sweep GC freed 57(992B) AllocSpace objects, 0(0B) LOS objects, 32% free, 33MB/49MB, paused 488us total 28.511ms
08-06 18:22:45.566 11409 11421 I art     : Starting a blocking GC Explicit
08-06 18:22:45.597 11409 11421 I art     : Explicit concurrent mark sweep GC freed 68(1168B) AllocSpace objects, 0(0B) LOS objects, 32% free, 33MB/49MB, paused 454us total 30.280ms
08-06 18:22:45.612 11409 11421 I art     : Starting a blocking GC Explicit
08-06 18:22:45.643 11409 11421 I art     : Explicit concurrent mark sweep GC freed 76(1328B) AllocSpace objects, 0(0B) LOS objects, 32% free, 33MB/49MB, paused 467us total 30.212ms
08-06 18:22:46.023 11409 11471 I art     : Starting a blocking GC Explicit
08-06 18:22:46.054 11409 11471 I art     : Explicit concurrent mark sweep GC freed 2028(92KB) AllocSpace objects, 2(40KB) LOS objects, 32% free, 33MB/49MB, paused 459us total 30.338ms
08-06 18:22:46.071 11409 11471 I art     : Starting a blocking GC Explicit
08-06 18:22:46.100 11409 11471 I art     : Explicit concurrent mark sweep GC freed 78(1712B) AllocSpace objects, 0(0B) LOS objects, 32% free, 33MB/49MB, paused 544us total 28.833ms
08-06 18:22:46.116 11409 11471 I art     : Starting a blocking GC Explicit
08-06 18:22:46.145 11409 11471 I art     : Explicit concurrent mark sweep GC freed 66(1136B) AllocSpace objects, 0(0B) LOS objects, 32% free, 33MB/49MB, paused 442us total 29.345ms
08-06 18:22:46.161 11409 11471 I art     : Starting a blocking GC Explicit
08-06 18:22:46.190 11409 11471 I art     : Explicit concurrent mark sweep GC freed 76(1328B) AllocSpace objects, 0(0B) LOS objects, 32% free, 33MB/49MB, paused 467us total 28.929ms
08-06 18:22:46.206 11409 11471 I art     : Starting a blocking GC Explicit
08-06 18:22:46.235 11409 11471 I art     : Explicit concurrent mark sweep GC freed 74(1264B) AllocSpace objects, 0(0B) LOS objects, 32% free, 33MB/49MB, paused 462us total 29.124ms
08-06 18:22:46.639 11409 11470 I art     : Starting a blocking GC Explicit
08-06 18:22:46.667 11409 11470 I art     : Explicit concurrent mark sweep GC freed 2052(93KB) AllocSpace objects, 2(40KB) LOS objects, 32% free, 33MB/49MB, paused 469us total 27.344ms
08-06 18:22:46.682 11409 11470 I art     : Starting a blocking GC Explicit
08-06 18:22:46.709 11409 11470 I art     : Explicit concurrent mark sweep GC freed 71(1616B) AllocSpace objects, 0(0B) LOS objects, 32% free, 33MB/49MB, paused 441us total 26.632ms
08-06 18:22:46.724 11409 11470 I art     : Starting a blocking GC Explicit
08-06 18:22:46.751 11409 11470 I art     : Explicit concurrent mark sweep GC freed 62(1072B) AllocSpace objects, 0(0B) LOS objects, 32% free, 33MB/49MB, paused 521us total 26.964ms
08-06 18:22:46.767 11409 11470 I art     : Starting a blocking GC Explicit
08-06 18:22:46.796 11409 11470 I art     : Explicit concurrent mark sweep GC freed 64(1120B) AllocSpace objects, 0(0B) LOS objects, 32% free, 33MB/49MB, paused 483us total 28.994ms
08-06 18:22:46.811 11409 11470 I art     : Starting a blocking GC Explicit
08-06 18:22:46.840 11409 11470 I art     : Explicit concurrent mark sweep GC freed 75(1296B) AllocSpace objects, 0(0B) LOS objects, 32% free, 33MB/49MB, paused 484us total 28.403ms
08-06 18:22:47.120 11631 11631 D AndroidRuntime: >>>>>> START com.android.internal.os.RuntimeInit uid 2000 <<<<<<
08-06 18:22:47.126 11631 11631 D AndroidRuntime: CheckJNI is OFF
08-06 18:22:47.171 11631 11631 D ICU     : No timezone override file found: /data/misc/zoneinfo/current/icu/icu_tzdata.dat
08-06 18:22:47.192  8071  8071 I ServiceManager: Waiting for service AtCmdFwd...
08-06 18:22:47.213 11631 11631 I Radio-JNI: register_android_hardware_Radio DONE
08-06 18:22:47.234 11409 11422 I art     : Starting a blocking GC Explicit
08-06 18:22:47.243 11631 11631 D AndroidRuntime: Calling main entry com.android.commands.input.Input
08-06 18:22:47.245 11631 11631 I Input   : injectMotionEvent: MotionEvent { action=ACTION_DOWN, actionButton=0, id[0]=0, x[0]=346.0, y[0]=709.0, toolType[0]=TOOL_TYPE_UNKNOWN, buttonState=0, metaState=0, flags=0x0, edgeFlags=0x0, pointerCount=1, historySize=0, eventTime=901383657, downTime=901383657, deviceId=0, source=0x1002 }
08-06 18:22:47.251 11631 11631 I Input   : injectMotionEvent: MotionEvent { action=ACTION_UP, actionButton=0, id[0]=0, x[0]=346.0, y[0]=709.0, toolType[0]=TOOL_TYPE_UNKNOWN, buttonState=0, metaState=0, flags=0x0, edgeFlags=0x0, pointerCount=1, historySize=0, eventTime=901383657, downTime=901383657, deviceId=0, source=0x1002 }
08-06 18:22:47.264 11409 11422 I art     : Explicit concurrent mark sweep GC freed 2778(172KB) AllocSpace objects, 2(40KB) LOS objects, 32% free, 33MB/49MB, paused 1.159ms total 29.755ms
08-06 18:22:47.269   918   928 I ActivityManager: START u0 {cmp=baseline.io.github.project_travel_mate/.destinations.description.FinalCityInfoActivity (has extras)} from uid 10696 on display 0
08-06 18:22:47.277 11631 11631 D AndroidRuntime: Shutting down VM
08-06 18:22:47.285 11409 11422 I art     : Starting a blocking GC Explicit
08-06 18:22:47.314 11409 11422 I art     : Explicit concurrent mark sweep GC freed 799(175KB) AllocSpace objects, 0(0B) LOS objects, 31% free, 34MB/50MB, paused 1.315ms total 29.241ms
08-06 18:22:47.315 11409 11492 D Gabe    : call	returning from cache
08-06 18:22:47.329 11409 11422 I art     : Starting a blocking GC Explicit
08-06 18:22:47.357 11409 11422 I art     : Explicit concurrent mark sweep GC freed 3485(148KB) AllocSpace objects, 0(0B) LOS objects, 31% free, 34MB/50MB, paused 812us total 27.620ms
08-06 18:22:47.372 11409 11422 I art     : Starting a blocking GC Explicit
08-06 18:22:47.401 11409 11422 I art     : Explicit concurrent mark sweep GC freed 1562(59KB) AllocSpace objects, 0(0B) LOS objects, 31% free, 34MB/50MB, paused 606us total 28.959ms
08-06 18:22:47.412 11409 11409 V EXECUTING: https://project-travel-mate.herokuapp.com/api/get-city-weather/1
08-06 18:22:47.418 11409 11422 I art     : Starting a blocking GC Explicit
08-06 18:22:47.450 11409 11422 I art     : Explicit concurrent mark sweep GC freed 1745(136KB) AllocSpace objects, 0(0B) LOS objects, 31% free, 34MB/50MB, paused 690us total 30.964ms
08-06 18:22:47.582   918   936 I ActivityManager: Displayed baseline.io.github.project_travel_mate/.destinations.description.FinalCityInfoActivity: +304ms
08-06 18:22:47.582 13866 13866 I GoogleInputMethodServic: GoogleInputMethodService.onFinishInput():3138 
08-06 18:22:47.583 13866 13866 I GoogleInputMethodServic: GoogleInputMethodService.onStartInput():1808 
08-06 18:22:47.782 26121 26151 I WorkerManager: dispose()
08-06 18:22:47.783 26121 26151 W ThreadPoolDumper: Queue length for executor EventBus is now 11. Perhaps some tasks are too long, or the pool is too small.
08-06 18:22:47.786 11409 11421 I art     : Starting a blocking GC Explicit
08-06 18:22:47.821 11409 11421 I art     : Explicit concurrent mark sweep GC freed 3015(133KB) AllocSpace objects, 2(40KB) LOS objects, 29% free, 38MB/54MB, paused 540us total 33.980ms
08-06 18:22:47.832   380   380 W SurfaceFlinger: couldn't log to binary event log: overflow.
08-06 18:22:47.838 11409 11421 I art     : Starting a blocking GC Explicit
08-06 18:22:47.871 11409 11421 I art     : Explicit concurrent mark sweep GC freed 3496(165KB) AllocSpace objects, 2(120KB) LOS objects, 29% free, 38MB/54MB, paused 1.237ms total 31.930ms
08-06 18:22:47.886 11409 11421 I art     : Starting a blocking GC Explicit
08-06 18:22:47.909 11409 11655 I NAPPA_EXPERIMENTATION: MetricNetworkRequestExecutionTime: REQUEST_DURATION_SYSTEM='497',REQUEST_DURATION_OKHTTP='35',REQUEST_SYNCHRONOUS='FALSE',RESPONSE_CODE='200',RESPONSE_METHOD='GET',RESPONSE_LENGTH_OKHTTP='238',RESPONSE_LENGTH_HEADER='238',REQUEST_PROTOCOL='http/1.1',REQUEST_URL='https://project-travel-mate.herokuapp.com/api/get-city-weather/1',
08-06 18:22:47.913 11409 11421 I art     : Explicit concurrent mark sweep GC freed 2288(172KB) AllocSpace objects, 1(80KB) LOS objects, 29% free, 38MB/54MB, paused 557us total 26.787ms
08-06 18:22:47.929 11409 11421 I art     : Starting a blocking GC Explicit
08-06 18:22:47.933 11409 11656 I NAPPA_EXPERIMENTATION: MetricNetworkRequestExecutionTime: REQUEST_DURATION_SYSTEM='519',REQUEST_DURATION_OKHTTP='54',REQUEST_SYNCHRONOUS='FALSE',RESPONSE_CODE='200',RESPONSE_METHOD='GET',RESPONSE_LENGTH_OKHTTP='530',RESPONSE_LENGTH_HEADER='530',REQUEST_PROTOCOL='http/1.1',REQUEST_URL='https://project-travel-mate.herokuapp.com/api/get-city/1',
08-06 18:22:47.958 11409 11421 I art     : Explicit concurrent mark sweep GC freed 446(20KB) AllocSpace objects, 0(0B) LOS objects, 29% free, 38MB/54MB, paused 614us total 29.429ms
08-06 18:22:47.968 11409 11656 V Response: {"id":1,"city_name":"Delhi","description":"Delhi, officially the National Capital Territory of Delhi, is the Capital territory of India. During the British Raj, Delhi was part of the province of Punjab and is still historically and culturally connected to the Punjab region.","latitude":"28.613900","longitude":"77.209000","facts_count":6,"images":["https://upload.wikimedia.org/wikipedia/commons/9/94/%E0%B4%96%E0%B5%81%E0%B4%A4%E0%B5%8D%E0%B4%AC%E0%B5%8D_%E0%B4%AE%E0%B4%BF%E0%B4%A8%E0%B4%BE%E0%B5%BC1.jpg"],"has_visited":false}
08-06 18:22:47.975 11409 11421 I art     : Starting a blocking GC Explicit
08-06 18:22:48.004 11409 11421 I art     : Explicit concurrent mark sweep GC freed 233(14KB) AllocSpace objects, 0(0B) LOS objects, 29% free, 38MB/54MB, paused 672us total 28.073ms
08-06 18:22:48.192  8071  8071 I ServiceManager: Waiting for service AtCmdFwd...
08-06 18:22:48.335 11409 11470 I art     : Starting a blocking GC Explicit
08-06 18:22:48.371 11409 11470 I art     : Explicit concurrent mark sweep GC freed 4688(339KB) AllocSpace objects, 10(5MB) LOS objects, 28% free, 39MB/55MB, paused 610us total 35.277ms
08-06 18:22:48.386 11409 11470 I art     : Starting a blocking GC Explicit
08-06 18:22:48.415 11409 11470 I art     : Explicit concurrent mark sweep GC freed 297(8KB) AllocSpace objects, 0(0B) LOS objects, 28% free, 39MB/55MB, paused 479us total 27.912ms
08-06 18:22:48.430 11409 11470 I art     : Starting a blocking GC Explicit
08-06 18:22:48.458 11409 11470 I art     : Explicit concurrent mark sweep GC freed 147(2496B) AllocSpace objects, 0(0B) LOS objects, 28% free, 39MB/55MB, paused 485us total 27.863ms
08-06 18:22:48.473 11409 11470 I art     : Starting a blocking GC Explicit
08-06 18:22:48.503 11409 11470 I art     : Explicit concurrent mark sweep GC freed 136(2304B) AllocSpace objects, 0(0B) LOS objects, 28% free, 39MB/55MB, paused 547us total 29.662ms
08-06 18:22:48.519 11409 11470 I art     : Starting a blocking GC Explicit
08-06 18:22:48.549 11409 11470 I art     : Explicit concurrent mark sweep GC freed 110(1888B) AllocSpace objects, 0(0B) LOS objects, 28% free, 39MB/55MB, paused 483us total 29.943ms
08-06 18:22:48.912 11409 11421 I art     : Starting a blocking GC Explicit
08-06 18:22:48.947 11409 11421 I art     : Explicit concurrent mark sweep GC freed 2604(102KB) AllocSpace objects, 2(40KB) LOS objects, 28% free, 39MB/55MB, paused 506us total 34.592ms
08-06 18:22:48.965 11409 11421 I art     : Starting a blocking GC Explicit
08-06 18:22:48.998 11409 11421 I art     : Explicit concurrent mark sweep GC freed 176(3KB) AllocSpace objects, 0(0B) LOS objects, 28% free, 39MB/55MB, paused 529us total 32.174ms
08-06 18:22:49.013 11409 11421 I art     : Starting a blocking GC Explicit
08-06 18:22:49.046 11409 11421 I art     : Explicit concurrent mark sweep GC freed 147(2496B) AllocSpace objects, 0(0B) LOS objects, 28% free, 39MB/55MB, paused 519us total 32.203ms
08-06 18:22:49.062 11409 11421 I art     : Starting a blocking GC Explicit
08-06 18:22:49.094 11409 11421 I art     : Explicit concurrent mark sweep GC freed 147(2496B) AllocSpace objects, 0(0B) LOS objects, 28% free, 39MB/55MB, paused 502us total 31.618ms
08-06 18:22:49.110 11409 11421 I art     : Starting a blocking GC Explicit
08-06 18:22:49.143 11409 11421 I art     : Explicit concurrent mark sweep GC freed 147(2496B) AllocSpace objects, 0(0B) LOS objects, 28% free, 39MB/55MB, paused 508us total 32.593ms
08-06 18:22:49.193  8071  8071 I ServiceManager: Waiting for service AtCmdFwd...
08-06 18:22:49.530 11409 11422 I art     : Starting a blocking GC Explicit
08-06 18:22:49.565 11409 11422 I art     : Explicit concurrent mark sweep GC freed 2628(102KB) AllocSpace objects, 2(40KB) LOS objects, 28% free, 39MB/55MB, paused 503us total 34.262ms
08-06 18:22:49.583 11409 11422 I art     : Starting a blocking GC Explicit
08-06 18:22:49.616 11409 11422 I art     : Explicit concurrent mark sweep GC freed 166(3KB) AllocSpace objects, 0(0B) LOS objects, 28% free, 39MB/55MB, paused 535us total 33.315ms
08-06 18:22:49.632 11409 11422 I art     : Starting a blocking GC Explicit
08-06 18:22:49.665 11409 11422 I art     : Explicit concurrent mark sweep GC freed 147(2496B) AllocSpace objects, 0(0B) LOS objects, 28% free, 39MB/55MB, paused 510us total 32.658ms
08-06 18:22:49.681 11409 11422 I art     : Starting a blocking GC Explicit
08-06 18:22:49.715 11409 11422 I art     : Explicit concurrent mark sweep GC freed 147(2496B) AllocSpace objects, 0(0B) LOS objects, 28% free, 39MB/55MB, paused 508us total 33.216ms
08-06 18:22:49.731 11409 11422 I art     : Starting a blocking GC Explicit
08-06 18:22:49.763 11409 11422 I art     : Explicit concurrent mark sweep GC freed 147(2496B) AllocSpace objects, 0(0B) LOS objects, 28% free, 39MB/55MB, paused 510us total 32.643ms
08-06 18:22:50.172 11409 11470 I art     : Starting a blocking GC Explicit
08-06 18:22:50.193  8071  8071 I ServiceManager: Waiting for service AtCmdFwd...
08-06 18:22:50.205 11409 11470 I art     : Explicit concurrent mark sweep GC freed 2696(103KB) AllocSpace objects, 2(40KB) LOS objects, 28% free, 39MB/55MB, paused 570us total 32.465ms
08-06 18:22:50.221 11409 11470 I art     : Starting a blocking GC Explicit
08-06 18:22:50.255 11409 11470 I art     : Explicit concurrent mark sweep GC freed 159(3056B) AllocSpace objects, 0(0B) LOS objects, 28% free, 39MB/55MB, paused 577us total 33.248ms
08-06 18:22:50.271 11409 11470 I art     : Starting a blocking GC Explicit
08-06 18:22:50.303 11409 11470 I art     : Explicit concurrent mark sweep GC freed 137(2336B) AllocSpace objects, 0(0B) LOS objects, 28% free, 39MB/55MB, paused 550us total 32.444ms
08-06 18:22:50.319 11409 11470 I art     : Starting a blocking GC Explicit
08-06 18:22:50.353 11409 11470 I art     : Explicit concurrent mark sweep GC freed 151(2560B) AllocSpace objects, 0(0B) LOS objects, 28% free, 39MB/55MB, paused 613us total 33.543ms
08-06 18:22:50.370 11409 11470 I art     : Starting a blocking GC Explicit
08-06 18:22:50.404 11409 11470 I art     : Explicit concurrent mark sweep GC freed 151(2560B) AllocSpace objects, 0(0B) LOS objects, 28% free, 39MB/55MB, paused 574us total 34.319ms
08-06 18:22:50.805 11409 11471 I art     : Starting a blocking GC Explicit
08-06 18:22:50.861 11409 11471 I art     : Explicit concurrent mark sweep GC freed 2764(104KB) AllocSpace objects, 2(40KB) LOS objects, 28% free, 39MB/55MB, paused 713us total 55.750ms
08-06 18:22:50.882 11409 11471 I art     : Starting a blocking GC Explicit
08-06 18:22:50.919 11409 11471 I art     : Explicit concurrent mark sweep GC freed 167(3KB) AllocSpace objects, 0(0B) LOS objects, 28% free, 39MB/55MB, paused 551us total 36.252ms
08-06 18:22:50.934 11409 11471 I art     : Starting a blocking GC Explicit
08-06 18:22:50.966 11409 11471 I art     : Explicit concurrent mark sweep GC freed 146(2464B) AllocSpace objects, 0(0B) LOS objects, 28% free, 39MB/55MB, paused 507us total 31.268ms
08-06 18:22:50.982 11409 11471 I art     : Starting a blocking GC Explicit
08-06 18:22:51.015 11409 11471 I art     : Explicit concurrent mark sweep GC freed 148(2528B) AllocSpace objects, 0(0B) LOS objects, 28% free, 39MB/55MB, paused 493us total 32.734ms
08-06 18:22:51.031 11409 11471 I art     : Starting a blocking GC Explicit
08-06 18:22:51.065 11409 11471 I art     : Explicit concurrent mark sweep GC freed 147(2496B) AllocSpace objects, 0(0B) LOS objects, 28% free, 39MB/55MB, paused 515us total 33.600ms
08-06 18:22:51.194  8071  8071 I ServiceManager: Waiting for service AtCmdFwd...
08-06 18:22:51.461 11409 11421 I art     : Starting a blocking GC Explicit
08-06 18:22:51.497 11409 11421 I art     : Explicit concurrent mark sweep GC freed 2676(103KB) AllocSpace objects, 2(40KB) LOS objects, 28% free, 39MB/55MB, paused 521us total 35.320ms
08-06 18:22:51.516 11409 11421 I art     : Starting a blocking GC Explicit
08-06 18:22:51.545 11409 11421 I art     : Explicit concurrent mark sweep GC freed 166(3KB) AllocSpace objects, 0(0B) LOS objects, 28% free, 39MB/55MB, paused 480us total 28.804ms
08-06 18:22:51.562 11409 11421 I art     : Starting a blocking GC Explicit
08-06 18:22:51.588 11409 11421 I art     : Explicit concurrent mark sweep GC freed 127(2160B) AllocSpace objects, 0(0B) LOS objects, 28% free, 39MB/55MB, paused 523us total 26.054ms
08-06 18:22:51.603 11409 11421 I art     : Starting a blocking GC Explicit
08-06 18:22:51.630 11409 11421 I art     : Explicit concurrent mark sweep GC freed 118(2000B) AllocSpace objects, 0(0B) LOS objects, 28% free, 39MB/55MB, paused 496us total 27.046ms
08-06 18:22:51.645 11409 11421 I art     : Starting a blocking GC Explicit
08-06 18:22:51.671 11409 11421 I art     : Explicit concurrent mark sweep GC freed 147(2496B) AllocSpace objects, 0(0B) LOS objects, 28% free, 39MB/55MB, paused 497us total 26.401ms
08-06 18:22:52.012 11409 11470 I art     : Starting a blocking GC Explicit
08-06 18:22:52.040 11731 11731 D AndroidRuntime: >>>>>> START com.android.internal.os.RuntimeInit uid 2000 <<<<<<
08-06 18:22:52.042 11409 11470 I art     : Explicit concurrent mark sweep GC freed 2509(101KB) AllocSpace objects, 2(40KB) LOS objects, 28% free, 39MB/55MB, paused 537us total 29.239ms
08-06 18:22:52.045 11731 11731 D AndroidRuntime: CheckJNI is OFF
08-06 18:22:52.058 11409 11470 I art     : Starting a blocking GC Explicit
08-06 18:22:52.087 11409 11470 I art     : Explicit concurrent mark sweep GC freed 136(3056B) AllocSpace objects, 0(0B) LOS objects, 28% free, 39MB/55MB, paused 632us total 29.185ms
08-06 18:22:52.089 11731 11731 D ICU     : No timezone override file found: /data/misc/zoneinfo/current/icu/icu_tzdata.dat
08-06 18:22:52.103 11409 11470 I art     : Starting a blocking GC Explicit
08-06 18:22:52.132 11731 11731 I Radio-JNI: register_android_hardware_Radio DONE
08-06 18:22:52.134 11409 11470 I art     : Explicit concurrent mark sweep GC freed 138(2336B) AllocSpace objects, 0(0B) LOS objects, 28% free, 39MB/55MB, paused 542us total 31.398ms
08-06 18:22:52.150 11409 11470 I art     : Starting a blocking GC Explicit
08-06 18:22:52.163 11731 11731 D AndroidRuntime: Calling main entry com.android.commands.input.Input
08-06 18:22:52.165 11731 11731 I Input   : injectMotionEvent: MotionEvent { action=ACTION_DOWN, actionButton=0, id[0]=0, x[0]=693.0, y[0]=1450.0, toolType[0]=TOOL_TYPE_UNKNOWN, buttonState=0, metaState=0, flags=0x0, edgeFlags=0x0, pointerCount=1, historySize=0, eventTime=901388577, downTime=901388577, deviceId=0, source=0x1002 }
08-06 18:22:52.175 11731 11731 I Input   : injectMotionEvent: MotionEvent { action=ACTION_UP, actionButton=0, id[0]=0, x[0]=693.0, y[0]=1450.0, toolType[0]=TOOL_TYPE_UNKNOWN, buttonState=0, metaState=0, flags=0x0, edgeFlags=0x0, pointerCount=1, historySize=0, eventTime=901388577, downTime=901388577, deviceId=0, source=0x1002 }
08-06 18:22:52.177 11731 11731 D AndroidRuntime: Shutting down VM
08-06 18:22:52.179   918  3696 I ActivityManager: START u0 {cmp=baseline.io.github.project_travel_mate/.destinations.description.CityHistoryActivity} from uid 10696 on display 0
08-06 18:22:52.180   512  2967 D audio_hw_primary: out_set_parameters: enter: usecase(1: low-latency-playback) kvpairs: routing=2
08-06 18:22:52.182 11409 11470 I art     : Explicit concurrent mark sweep GC freed 157(6KB) AllocSpace objects, 0(0B) LOS objects, 28% free, 39MB/55MB, paused 693us total 31.520ms
08-06 18:22:52.193   512  2967 D audio_hw_primary: select_devices: out_snd_device(2: speaker) in_snd_device(0: none)
08-06 18:22:52.193   512  2967 D msm8974_platform: platform_send_audio_calibration: sending audio calibration for snd_device(2) acdb_id(15)
08-06 18:22:52.193   512  2967 I soundtrigger: audio_extn_sound_trigger_update_device_status: device 0x2 of type 0 for Event 1
08-06 18:22:52.194  8071  8071 W Atfwd_Sendcmd: AtCmdFwd service not published, waiting... retryCnt : 3
08-06 18:22:52.197 11409 11470 I art     : Starting a blocking GC Explicit
08-06 18:22:52.204   512  2967 D audio_hw_primary: enable_snd_device: snd_device(2: speaker)
08-06 18:22:52.206   512  2967 D audio_hw_primary: enable_audio_route: apply and update mixer path: low-latency-playback speaker
08-06 18:22:52.218 11409 11492 D Gabe    : call	returning from cache
08-06 18:22:52.220 11409 11409 V EXECUTING: https://project-travel-mate.herokuapp.com/api/get-city-information/1
08-06 18:22:52.228 11409 11470 I art     : Explicit concurrent mark sweep GC freed 587(80KB) AllocSpace objects, 0(0B) LOS objects, 28% free, 39MB/55MB, paused 881us total 30.435ms
08-06 18:22:52.393   918   936 I ActivityManager: Displayed baseline.io.github.project_travel_mate/.destinations.description.CityHistoryActivity: +201ms
08-06 18:22:52.394 13866 13866 I GoogleInputMethodServic: GoogleInputMethodService.onFinishInput():3138 
08-06 18:22:52.394 13866 13866 I GoogleInputMethodServic: GoogleInputMethodService.onStartInput():1808 
08-06 18:22:52.579 11409 11422 I art     : Starting a blocking GC Explicit
08-06 18:22:52.609 11409 11422 I art     : Explicit concurrent mark sweep GC freed 2845(150KB) AllocSpace objects, 2(40KB) LOS objects, 26% free, 43MB/59MB, paused 687us total 29.803ms
08-06 18:22:52.625 11409 11422 I art     : Starting a blocking GC Explicit
08-06 18:22:52.653   380   380 W SurfaceFlinger: couldn't log to binary event log: overflow.
08-06 18:22:52.657 11409 11422 I art     : Explicit concurrent mark sweep GC freed 294(6KB) AllocSpace objects, 0(0B) LOS objects, 26% free, 43MB/59MB, paused 562us total 30.997ms
08-06 18:22:52.673 11409 11422 I art     : Starting a blocking GC Explicit
08-06 18:22:52.704 11409 11422 I art     : Explicit concurrent mark sweep GC freed 156(2656B) AllocSpace objects, 0(0B) LOS objects, 26% free, 43MB/59MB, paused 634us total 31.083ms
08-06 18:22:52.720 11409 11422 I art     : Starting a blocking GC Explicit
08-06 18:22:52.739   512  2967 D audio_hw_primary: disable_audio_route: reset and update mixer path: low-latency-playback speaker
08-06 18:22:52.740   512  2967 D audio_hw_primary: disable_snd_device: snd_device(2: speaker)
08-06 18:22:52.748   512  2967 I soundtrigger: audio_extn_sound_trigger_update_device_status: device 0x2 of type 0 for Event 0
08-06 18:22:52.751 11409 11422 I art     : Explicit concurrent mark sweep GC freed 210(3KB) AllocSpace objects, 0(0B) LOS objects, 26% free, 43MB/59MB, paused 615us total 31.219ms
08-06 18:22:52.767 11409 11422 I art     : Starting a blocking GC Explicit
08-06 18:22:52.801 11409 11422 I art     : Explicit concurrent mark sweep GC freed 187(3KB) AllocSpace objects, 0(0B) LOS objects, 26% free, 43MB/59MB, paused 773us total 33.346ms
08-06 18:22:53.037 11409 11755 I NAPPA_EXPERIMENTATION: MetricNetworkRequestExecutionTime: REQUEST_DURATION_SYSTEM='816',REQUEST_DURATION_OKHTTP='32',REQUEST_SYNCHRONOUS='FALSE',RESPONSE_CODE='200',RESPONSE_METHOD='GET',RESPONSE_LENGTH_OKHTTP='55024',RESPONSE_LENGTH_HEADER='55024',REQUEST_PROTOCOL='http/1.1',REQUEST_URL='https://project-travel-mate.herokuapp.com/api/get-city-information/1',
08-06 18:22:53.146 11409 11421 I art     : Starting a blocking GC Explicit
08-06 18:22:53.179 11409 11421 I art     : Explicit concurrent mark sweep GC freed 5262(804KB) AllocSpace objects, 14(728KB) LOS objects, 26% free, 44MB/60MB, paused 728us total 32.422ms
08-06 18:22:53.195 11409 11421 I art     : Starting a blocking GC Explicit
08-06 18:22:53.225 11409 11421 I art     : Explicit concurrent mark sweep GC freed 1521(556KB) AllocSpace objects, 6(112KB) LOS objects, 26% free, 44MB/60MB, paused 840us total 30.592ms
08-06 18:22:53.240 11409 11421 I art     : Starting a blocking GC Explicit
08-06 18:22:53.245 13866 13866 I GoogleInputMethodServic: GoogleInputMethodService.onFinishInput():3138 
08-06 18:22:53.246 13866 13866 I GoogleInputMethodServic: GoogleInputMethodService.onStartInput():1808 
08-06 18:22:53.274 11409 11421 I art     : Explicit concurrent mark sweep GC freed 627(233KB) AllocSpace objects, 4(80KB) LOS objects, 26% free, 44MB/60MB, paused 601us total 33.872ms
08-06 18:22:53.290 11409 11421 I art     : Starting a blocking GC Explicit
08-06 18:22:53.325 11409 11421 I art     : Explicit concurrent mark sweep GC freed 232(4KB) AllocSpace objects, 1(4MB) LOS objects, 28% free, 40MB/56MB, paused 648us total 34.827ms
08-06 18:22:53.342 11409 11421 I art     : Starting a blocking GC Explicit
08-06 18:22:53.376 11409 11421 I art     : Explicit concurrent mark sweep GC freed 221(3KB) AllocSpace objects, 0(0B) LOS objects, 28% free, 40MB/56MB, paused 549us total 34.175ms
08-06 18:22:53.377 11409 11420 I art     : WaitForGcToComplete blocked for 5.160ms for cause HeapTrim
08-06 18:22:53.520   518   646 I ThermalEngine: ACTION: GPU - Setting GPU[0] to 390000000
08-06 18:22:53.774 11409 11422 I art     : Starting a blocking GC Explicit
08-06 18:22:53.816 11409 11422 I art     : Explicit concurrent mark sweep GC freed 3302(113KB) AllocSpace objects, 2(40KB) LOS objects, 28% free, 40MB/56MB, paused 768us total 41.697ms
08-06 18:22:53.837 11409 11422 I art     : Starting a blocking GC Explicit
08-06 18:22:53.888 11409 11422 I art     : Explicit concurrent mark sweep GC freed 315(5KB) AllocSpace objects, 0(0B) LOS objects, 28% free, 40MB/56MB, paused 1.350ms total 50.472ms
08-06 18:22:53.909 11409 11422 I art     : Starting a blocking GC Explicit
08-06 18:22:53.951 11409 11422 I art     : Explicit concurrent mark sweep GC freed 300(5KB) AllocSpace objects, 0(0B) LOS objects, 28% free, 40MB/56MB, paused 953us total 42.150ms
08-06 18:22:53.972 11409 11422 I art     : Starting a blocking GC Explicit
08-06 18:22:54.015 11409 11422 I art     : Explicit concurrent mark sweep GC freed 297(4KB) AllocSpace objects, 0(0B) LOS objects, 28% free, 40MB/56MB, paused 1.403ms total 42.689ms
08-06 18:22:54.035 11409 11422 I art     : Starting a blocking GC Explicit
08-06 18:22:54.077 11409 11422 I art     : Explicit concurrent mark sweep GC freed 298(5KB) AllocSpace objects, 0(0B) LOS objects, 28% free, 40MB/56MB, paused 1.085ms total 41.648ms
08-06 18:22:54.502 11409 11470 I art     : Starting a blocking GC Explicit
08-06 18:22:54.546 11409 11470 I art     : Explicit concurrent mark sweep GC freed 3448(116KB) AllocSpace objects, 2(40KB) LOS objects, 28% free, 40MB/56MB, paused 730us total 43.056ms
08-06 18:22:54.567 11409 11470 I art     : Starting a blocking GC Explicit
08-06 18:22:54.609 11409 11470 I art     : Explicit concurrent mark sweep GC freed 291(5KB) AllocSpace objects, 0(0B) LOS objects, 28% free, 40MB/56MB, paused 1.002ms total 41.581ms
08-06 18:22:54.630 11409 11470 I art     : Starting a blocking GC Explicit
08-06 18:22:54.672 11409 11470 I art     : Explicit concurrent mark sweep GC freed 238(3KB) AllocSpace objects, 0(0B) LOS objects, 28% free, 40MB/56MB, paused 717us total 41.309ms
08-06 18:22:54.692 11409 11470 I art     : Starting a blocking GC Explicit
08-06 18:22:54.735 11409 11470 I art     : Explicit concurrent mark sweep GC freed 303(5KB) AllocSpace objects, 0(0B) LOS objects, 28% free, 40MB/56MB, paused 705us total 41.977ms
08-06 18:22:54.755 11409 11470 I art     : Starting a blocking GC Explicit
08-06 18:22:54.798 11409 11470 I art     : Explicit concurrent mark sweep GC freed 306(5KB) AllocSpace objects, 0(0B) LOS objects, 28% free, 40MB/56MB, paused 921us total 43.093ms
08-06 18:22:55.188 11409 11471 I art     : Starting a blocking GC Explicit
08-06 18:22:55.232 11409 11471 I art     : Explicit concurrent mark sweep GC freed 3300(113KB) AllocSpace objects, 2(40KB) LOS objects, 28% free, 40MB/56MB, paused 801us total 43.310ms
08-06 18:22:55.253 11409 11471 I art     : Starting a blocking GC Explicit
08-06 18:22:55.294 11409 11471 I art     : Explicit concurrent mark sweep GC freed 310(5KB) AllocSpace objects, 0(0B) LOS objects, 28% free, 40MB/56MB, paused 867us total 40.592ms
08-06 18:22:55.314 11409 11471 I art     : Starting a blocking GC Explicit
08-06 18:22:55.356 11409 11471 I art     : Explicit concurrent mark sweep GC freed 220(3KB) AllocSpace objects, 0(0B) LOS objects, 28% free, 40MB/56MB, paused 753us total 40.792ms
08-06 18:22:55.376 11409 11471 I art     : Starting a blocking GC Explicit
08-06 18:22:55.417 11409 11471 I art     : Explicit concurrent mark sweep GC freed 292(4KB) AllocSpace objects, 0(0B) LOS objects, 28% free, 40MB/56MB, paused 794us total 40.664ms
08-06 18:22:55.438 11409 11471 I art     : Starting a blocking GC Explicit
08-06 18:22:55.480 11409 11471 I art     : Explicit concurrent mark sweep GC freed 291(4KB) AllocSpace objects, 0(0B) LOS objects, 28% free, 40MB/56MB, paused 753us total 41.609ms
08-06 18:22:55.862 11409 11422 I art     : Starting a blocking GC Explicit
08-06 18:22:55.905 11409 11422 I art     : Explicit concurrent mark sweep GC freed 3229(112KB) AllocSpace objects, 2(40KB) LOS objects, 28% free, 40MB/56MB, paused 760us total 42.548ms
08-06 18:22:55.927 11409 11422 I art     : Starting a blocking GC Explicit
08-06 18:22:55.968 11409 11422 I art     : Explicit concurrent mark sweep GC freed 310(5KB) AllocSpace objects, 0(0B) LOS objects, 28% free, 40MB/56MB, paused 827us total 41.065ms
08-06 18:22:55.989 11409 11422 I art     : Starting a blocking GC Explicit
08-06 18:22:56.030 11409 11422 I art     : Explicit concurrent mark sweep GC freed 291(4KB) AllocSpace objects, 0(0B) LOS objects, 28% free, 40MB/56MB, paused 780us total 41.298ms
08-06 18:22:56.051 11409 11422 I art     : Starting a blocking GC Explicit
08-06 18:22:56.093 11409 11422 I art     : Explicit concurrent mark sweep GC freed 247(4KB) AllocSpace objects, 0(0B) LOS objects, 28% free, 40MB/56MB, paused 964us total 41.532ms
08-06 18:22:56.114 11409 11422 I art     : Starting a blocking GC Explicit
08-06 18:22:56.156 11409 11422 I art     : Explicit concurrent mark sweep GC freed 264(4KB) AllocSpace objects, 0(0B) LOS objects, 28% free, 40MB/56MB, paused 1.051ms total 42.574ms
08-06 18:22:56.539 11409 11421 I art     : Starting a blocking GC Explicit
08-06 18:22:56.580 11409 11421 I art     : Explicit concurrent mark sweep GC freed 3298(113KB) AllocSpace objects, 2(40KB) LOS objects, 28% free, 40MB/56MB, paused 968us total 40.688ms
08-06 18:22:56.601 11409 11421 I art     : Starting a blocking GC Explicit
08-06 18:22:56.640 11409 11421 I art     : Explicit concurrent mark sweep GC freed 240(4KB) AllocSpace objects, 0(0B) LOS objects, 28% free, 40MB/56MB, paused 844us total 39.093ms
08-06 18:22:56.660 11409 11421 I art     : Starting a blocking GC Explicit
08-06 18:22:56.700 11409 11421 I art     : Explicit concurrent mark sweep GC freed 292(4KB) AllocSpace objects, 0(0B) LOS objects, 28% free, 40MB/56MB, paused 849us total 40.094ms
08-06 18:22:56.721 11409 11421 I art     : Starting a blocking GC Explicit
08-06 18:22:56.762 11409 11421 I art     : Explicit concurrent mark sweep GC freed 262(4KB) AllocSpace objects, 0(0B) LOS objects, 28% free, 40MB/56MB, paused 1.061ms total 40.575ms
08-06 18:22:56.781 11409 11421 I art     : Starting a blocking GC Explicit
08-06 18:22:56.822 11409 11421 I art     : Explicit concurrent mark sweep GC freed 248(4KB) AllocSpace objects, 0(0B) LOS objects, 28% free, 40MB/56MB, paused 896us total 40.076ms
08-06 18:22:57.061 11829 11829 D AndroidRuntime: >>>>>> START com.android.internal.os.RuntimeInit uid 2000 <<<<<<
08-06 18:22:57.068 11829 11829 D AndroidRuntime: CheckJNI is OFF
08-06 18:22:57.119 11829 11829 D ICU     : No timezone override file found: /data/misc/zoneinfo/current/icu/icu_tzdata.dat
08-06 18:22:57.164 11829 11829 I Radio-JNI: register_android_hardware_Radio DONE
08-06 18:22:57.198 11829 11829 D AndroidRuntime: Calling main entry com.android.commands.input.Input
08-06 18:22:57.200 11829 11829 I Input   : injectKeyEvent: KeyEvent { action=ACTION_DOWN, keyCode=KEYCODE_BACK, scanCode=0, metaState=0, flags=0x0, repeatCount=0, eventTime=901393613, downTime=901393613, deviceId=-1, source=0x101 }
08-06 18:22:57.210 11409 11470 I art     : Starting a blocking GC Explicit
08-06 18:22:57.213 11829 11829 I Input   : injectKeyEvent: KeyEvent { action=ACTION_UP, keyCode=KEYCODE_BACK, scanCode=0, metaState=0, flags=0x0, repeatCount=0, eventTime=901393613, downTime=901393613, deviceId=-1, source=0x101 }
08-06 18:22:57.232 11829 11829 D AndroidRuntime: Shutting down VM
08-06 18:22:57.252 11409 11470 I art     : Explicit concurrent mark sweep GC freed 3350(115KB) AllocSpace objects, 2(40KB) LOS objects, 28% free, 40MB/56MB, paused 1.105ms total 42.123ms
08-06 18:22:57.273 11409 11470 I art     : Starting a blocking GC Explicit
08-06 18:22:57.276 13866 13866 I GoogleInputMethodServic: GoogleInputMethodService.onFinishInput():3138 
08-06 18:22:57.277 13866 13866 I GoogleInputMethodServic: GoogleInputMethodService.onStartInput():1808 
08-06 18:22:57.311 11409 11470 I art     : Explicit concurrent mark sweep GC freed 234(5KB) AllocSpace objects, 0(0B) LOS objects, 28% free, 40MB/56MB, paused 1.111ms total 37.747ms
08-06 18:22:57.331 11409 11470 I art     : Starting a blocking GC Explicit
08-06 18:22:57.368 11409 11470 I art     : Explicit concurrent mark sweep GC freed 285(4KB) AllocSpace objects, 0(0B) LOS objects, 28% free, 40MB/56MB, paused 704us total 36.233ms
08-06 18:22:57.387 11409 11470 I art     : Starting a blocking GC Explicit
08-06 18:22:57.434 11409 11470 I art     : Explicit concurrent mark sweep GC freed 291(4KB) AllocSpace objects, 0(0B) LOS objects, 28% free, 40MB/56MB, paused 1.131ms total 45.834ms
08-06 18:22:57.457 11409 11470 I art     : Starting a blocking GC Explicit
08-06 18:22:57.507 11409 11470 I art     : Explicit concurrent mark sweep GC freed 291(4KB) AllocSpace objects, 0(0B) LOS objects, 28% free, 40MB/56MB, paused 855us total 50.449ms
08-06 18:22:57.526   518   646 I ThermalEngine: ACTION: GPU - Setting GPU[0] to 450000000
08-06 18:22:57.591   380   380 W SurfaceFlinger: couldn't log to binary event log: overflow.
08-06 18:22:57.881 11409 11422 I art     : Starting a blocking GC Explicit
08-06 18:22:57.917 11409 11422 I art     : Explicit concurrent mark sweep GC freed 2797(106KB) AllocSpace objects, 4(404KB) LOS objects, 28% free, 40MB/56MB, paused 572us total 35.262ms
08-06 18:22:57.933 11409 11422 I art     : Starting a blocking GC Explicit
08-06 18:22:57.962 11409 11422 I art     : Explicit concurrent mark sweep GC freed 4863(342KB) AllocSpace objects, 7(132KB) LOS objects, 28% free, 39MB/55MB, paused 581us total 28.763ms
08-06 18:22:57.977 11409 11422 I art     : Starting a blocking GC Explicit
08-06 18:22:58.008 11409 11422 I art     : Explicit concurrent mark sweep GC freed 106(2016B) AllocSpace objects, 0(0B) LOS objects, 28% free, 39MB/55MB, paused 549us total 30.535ms
08-06 18:22:58.023 11409 11422 I art     : Starting a blocking GC Explicit
08-06 18:22:58.055 11409 11422 I art     : Explicit concurrent mark sweep GC freed 147(2496B) AllocSpace objects, 0(0B) LOS objects, 28% free, 39MB/55MB, paused 549us total 31.824ms
08-06 18:22:58.071 11409 11422 I art     : Starting a blocking GC Explicit
08-06 18:22:58.103 11409 11422 I art     : Explicit concurrent mark sweep GC freed 147(2496B) AllocSpace objects, 0(0B) LOS objects, 28% free, 39MB/55MB, paused 539us total 31.832ms
08-06 18:22:58.472 11409 11421 I art     : Starting a blocking GC Explicit
08-06 18:22:58.503 11409 11421 I art     : Explicit concurrent mark sweep GC freed 2580(101KB) AllocSpace objects, 2(40KB) LOS objects, 28% free, 39MB/55MB, paused 550us total 30.920ms
08-06 18:22:58.519 11409 11421 I art     : Starting a blocking GC Explicit
08-06 18:22:58.548 11409 11421 I art     : Explicit concurrent mark sweep GC freed 166(3KB) AllocSpace objects, 0(0B) LOS objects, 28% free, 39MB/55MB, paused 532us total 29.304ms
08-06 18:22:58.563 11409 11421 I art     : Starting a blocking GC Explicit
08-06 18:22:58.595 11409 11421 I art     : Explicit concurrent mark sweep GC freed 143(2416B) AllocSpace objects, 0(0B) LOS objects, 28% free, 39MB/55MB, paused 636us total 31.179ms
08-06 18:22:58.610 11409 11421 I art     : Starting a blocking GC Explicit
08-06 18:22:58.641 11409 11421 I art     : Explicit concurrent mark sweep GC freed 103(1776B) AllocSpace objects, 0(0B) LOS objects, 28% free, 39MB/55MB, paused 574us total 30.467ms
08-06 18:22:58.657 11409 11421 I art     : Starting a blocking GC Explicit
08-06 18:22:58.687 11409 11421 I art     : Explicit concurrent mark sweep GC freed 147(2496B) AllocSpace objects, 0(0B) LOS objects, 28% free, 39MB/55MB, paused 625us total 30.425ms
08-06 18:22:59.001 11873 11873 D AndroidRuntime: >>>>>> START com.android.internal.os.RuntimeInit uid 2000 <<<<<<
08-06 18:22:59.006 11873 11873 D AndroidRuntime: CheckJNI is OFF
08-06 18:22:59.047 11409 11470 I art     : Starting a blocking GC Explicit
08-06 18:22:59.048 11873 11873 D ICU     : No timezone override file found: /data/misc/zoneinfo/current/icu/icu_tzdata.dat
08-06 18:22:59.079 11409 11470 I art     : Explicit concurrent mark sweep GC freed 2546(101KB) AllocSpace objects, 2(40KB) LOS objects, 28% free, 39MB/55MB, paused 643us total 31.770ms
08-06 18:22:59.091 11873 11873 I Radio-JNI: register_android_hardware_Radio DONE
08-06 18:22:59.094 11409 11470 I art     : Starting a blocking GC Explicit
08-06 18:22:59.121 11873 11873 D AndroidRuntime: Calling main entry com.android.commands.input.Input
08-06 18:22:59.123 11873 11873 I Input   : injectMotionEvent: MotionEvent { action=ACTION_DOWN, actionButton=0, id[0]=0, x[0]=504.0, y[0]=1706.0, toolType[0]=TOOL_TYPE_UNKNOWN, buttonState=0, metaState=0, flags=0x0, edgeFlags=0x0, pointerCount=1, historySize=0, eventTime=901395535, downTime=901395535, deviceId=0, source=0x1002 }
08-06 18:22:59.126 11409 11470 I art     : Explicit concurrent mark sweep GC freed 152(2960B) AllocSpace objects, 0(0B) LOS objects, 28% free, 39MB/55MB, paused 533us total 31.525ms
08-06 18:22:59.128 11873 11873 I Input   : injectMotionEvent: MotionEvent { action=ACTION_UP, actionButton=0, id[0]=0, x[0]=504.0, y[0]=1706.0, toolType[0]=TOOL_TYPE_UNKNOWN, buttonState=0, metaState=0, flags=0x0, edgeFlags=0x0, pointerCount=1, historySize=0, eventTime=901395535, downTime=901395535, deviceId=0, source=0x1002 }
08-06 18:22:59.130 11873 11873 D AndroidRuntime: Shutting down VM
08-06 18:22:59.132   512  2967 D audio_hw_primary: out_set_parameters: enter: usecase(1: low-latency-playback) kvpairs: routing=2
08-06 18:22:59.137   918  3714 I ActivityManager: START u0 {cmp=baseline.io.github.project_travel_mate/.destinations.funfacts.FunFactsActivity (has extras)} from uid 10696 on display 0
08-06 18:22:59.142 11409 11470 I art     : Starting a blocking GC Explicit
08-06 18:22:59.146   512  2967 D audio_hw_primary: select_devices: out_snd_device(2: speaker) in_snd_device(0: none)
08-06 18:22:59.146   512  2967 D msm8974_platform: platform_send_audio_calibration: sending audio calibration for snd_device(2) acdb_id(15)
08-06 18:22:59.146   512  2967 I soundtrigger: audio_extn_sound_trigger_update_device_status: device 0x2 of type 0 for Event 1
08-06 18:22:59.157   512  2967 D audio_hw_primary: enable_snd_device: snd_device(2: speaker)
08-06 18:22:59.159   512  2967 D audio_hw_primary: enable_audio_route: apply and update mixer path: low-latency-playback speaker
08-06 18:22:59.165 11409 11492 D Gabe    : call	returning from cache
08-06 18:22:59.167 11409 11409 V EXECUTING: https://project-travel-mate.herokuapp.com/api/get-city-facts/1
08-06 18:22:59.172 11409 11470 I art     : Explicit concurrent mark sweep GC freed 1620(153KB) AllocSpace objects, 0(0B) LOS objects, 28% free, 39MB/55MB, paused 889us total 30.697ms
08-06 18:22:59.189 11409 11470 I art     : Starting a blocking GC Explicit
08-06 18:22:59.217 11409 11470 I art     : Explicit concurrent mark sweep GC freed 228(27KB) AllocSpace objects, 0(0B) LOS objects, 28% free, 39MB/55MB, paused 744us total 28.058ms
08-06 18:22:59.233 11409 11470 I art     : Starting a blocking GC Explicit
08-06 18:22:59.265 11409 11470 I art     : Explicit concurrent mark sweep GC freed 553(17KB) AllocSpace objects, 0(0B) LOS objects, 26% free, 43MB/59MB, paused 743us total 31.720ms
08-06 18:22:59.322   918   936 I ActivityManager: Displayed baseline.io.github.project_travel_mate/.destinations.funfacts.FunFactsActivity: +176ms
08-06 18:22:59.322 13866 13866 I GoogleInputMethodServic: GoogleInputMethodService.onFinishInput():3138 
08-06 18:22:59.322 13866 13866 I GoogleInputMethodServic: GoogleInputMethodService.onStartInput():1808 
08-06 18:22:59.577   380   380 W SurfaceFlinger: couldn't log to binary event log: overflow.
08-06 18:22:59.619 11409 11422 I art     : Starting a blocking GC Explicit
08-06 18:22:59.651 11409 11422 I art     : Explicit concurrent mark sweep GC freed 2520(102KB) AllocSpace objects, 2(40KB) LOS objects, 26% free, 43MB/59MB, paused 564us total 31.600ms
08-06 18:22:59.667 11409 11422 I art     : Starting a blocking GC Explicit
08-06 18:22:59.688   512  2967 D audio_hw_primary: disable_audio_route: reset and update mixer path: low-latency-playback speaker
08-06 18:22:59.689   512  2967 D audio_hw_primary: disable_snd_device: snd_device(2: speaker)
08-06 18:22:59.697   512  2967 I soundtrigger: audio_extn_sound_trigger_update_device_status: device 0x2 of type 0 for Event 0
08-06 18:22:59.699 11409 11422 I art     : Explicit concurrent mark sweep GC freed 258(4KB) AllocSpace objects, 0(0B) LOS objects, 26% free, 43MB/59MB, paused 836us total 31.769ms
08-06 18:22:59.717 11409 11422 I art     : Starting a blocking GC Explicit
08-06 18:22:59.750 11409 11422 I art     : Explicit concurrent mark sweep GC freed 37(640B) AllocSpace objects, 0(0B) LOS objects, 26% free, 43MB/59MB, paused 770us total 32.384ms
08-06 18:22:59.765 11409 11422 I art     : Starting a blocking GC Explicit
08-06 18:22:59.796 11409 11422 I art     : Explicit concurrent mark sweep GC freed 24(528B) AllocSpace objects, 0(0B) LOS objects, 26% free, 44MB/60MB, paused 581us total 30.204ms
08-06 18:22:59.811 11409 11422 I art     : Starting a blocking GC Explicit
08-06 18:22:59.843 11409 11422 I art     : Explicit concurrent mark sweep GC freed 156(3KB) AllocSpace objects, 0(0B) LOS objects, 26% free, 44MB/60MB, paused 902us total 31.216ms
08-06 18:23:00.000 11409 11897 I NAPPA_EXPERIMENTATION: MetricNetworkRequestExecutionTime: REQUEST_DURATION_SYSTEM='831',REQUEST_DURATION_OKHTTP='37',REQUEST_SYNCHRONOUS='FALSE',RESPONSE_CODE='200',RESPONSE_METHOD='GET',RESPONSE_LENGTH_OKHTTP='1793',RESPONSE_LENGTH_HEADER='1793',REQUEST_PROTOCOL='http/1.1',REQUEST_URL='https://project-travel-mate.herokuapp.com/api/get-city-facts/1',
08-06 18:23:00.005 11409 11897 V EXECUTING: https://project-travel-mate.herokuapp.com/api/get-city-images/1
08-06 18:23:00.184 11409 11471 I art     : Starting a blocking GC Explicit
08-06 18:23:00.217 11409 11471 I art     : Explicit concurrent mark sweep GC freed 5300(275KB) AllocSpace objects, 5(240KB) LOS objects, 26% free, 44MB/60MB, paused 831us total 32.447ms
08-06 18:23:00.233 11409 11471 I art     : Starting a blocking GC Explicit
08-06 18:23:00.264 11409 11471 I art     : Explicit concurrent mark sweep GC freed 1086(119KB) AllocSpace objects, 0(0B) LOS objects, 26% free, 44MB/60MB, paused 978us total 31.652ms
08-06 18:23:00.280 11409 11471 I art     : Starting a blocking GC Explicit
08-06 18:23:00.311 11409 11471 I art     : Explicit concurrent mark sweep GC freed 131(2192B) AllocSpace objects, 0(0B) LOS objects, 26% free, 44MB/60MB, paused 776us total 31.057ms
08-06 18:23:00.327 11409 11471 I art     : Starting a blocking GC Explicit
08-06 18:23:00.358 11409 11471 I art     : Explicit concurrent mark sweep GC freed 17(320B) AllocSpace objects, 0(0B) LOS objects, 26% free, 44MB/60MB, paused 617us total 30.475ms
08-06 18:23:00.374 11409 11471 I art     : Starting a blocking GC Explicit
08-06 18:23:00.406 11409 11471 I art     : Explicit concurrent mark sweep GC freed 134(2288B) AllocSpace objects, 0(0B) LOS objects, 26% free, 44MB/60MB, paused 960us total 31.768ms
08-06 18:23:00.531   518   646 I ThermalEngine: ACTION: GPU - Setting GPU[0] to 390000000
08-06 18:23:00.717 11409 11915 I NAPPA_EXPERIMENTATION: MetricNetworkRequestExecutionTime: REQUEST_DURATION_SYSTEM='711',REQUEST_DURATION_OKHTTP='34',REQUEST_SYNCHRONOUS='FALSE',RESPONSE_CODE='200',RESPONSE_METHOD='GET',RESPONSE_LENGTH_OKHTTP='183',RESPONSE_LENGTH_HEADER='183',REQUEST_PROTOCOL='http/1.1',REQUEST_URL='https://project-travel-mate.herokuapp.com/api/get-city-images/1',
08-06 18:23:00.759 11409 11915 V RESPONSE: [{"id":17,"image_url":"https://upload.wikimedia.org/wikipedia/commons/9/94/%E0%B4%96%E0%B5%81%E0%B4%A4%E0%B5%8D%E0%B4%AC%E0%B5%8D_%E0%B4%AE%E0%B4%BF%E0%B4%A8%E0%B4%BE%E0%B5%BC1.jpg"}]
08-06 18:23:00.779 11409 11422 I art     : Starting a blocking GC Explicit
08-06 18:23:00.818 11409 11422 I art     : Explicit concurrent mark sweep GC freed 5053(245KB) AllocSpace objects, 5(240KB) LOS objects, 26% free, 44MB/60MB, paused 1.120ms total 38.010ms
08-06 18:23:00.836 11409 11422 I art     : Starting a blocking GC Explicit
08-06 18:23:00.874 11409 11422 I art     : Explicit concurrent mark sweep GC freed 1810(169KB) AllocSpace objects, 0(0B) LOS objects, 26% free, 44MB/60MB, paused 1.055ms total 37.851ms
08-06 18:23:00.892 11409 11422 I art     : Starting a blocking GC Explicit
08-06 18:23:00.935 11409 11422 I art     : Explicit concurrent mark sweep GC freed 2615(144KB) AllocSpace objects, 0(0B) LOS objects, 26% free, 44MB/60MB, paused 1.129ms total 42.432ms
08-06 18:23:00.955 11409 11422 I art     : Starting a blocking GC Explicit
08-06 18:23:00.999 11409 11422 I art     : Explicit concurrent mark sweep GC freed 139(7KB) AllocSpace objects, 1(4MB) LOS objects, 28% free, 40MB/56MB, paused 1.094ms total 43.748ms
08-06 18:23:01.019 11409 11422 I art     : Starting a blocking GC Explicit
08-06 18:23:01.065 11409 11422 I art     : Explicit concurrent mark sweep GC freed 267(4KB) AllocSpace objects, 0(0B) LOS objects, 28% free, 40MB/56MB, paused 1.024ms total 45.072ms
08-06 18:23:01.459 11409 11470 I art     : Starting a blocking GC Explicit
08-06 18:23:01.501 11409 11470 I art     : Explicit concurrent mark sweep GC freed 3355(115KB) AllocSpace objects, 2(40KB) LOS objects, 28% free, 40MB/56MB, paused 1.193ms total 41.609ms
08-06 18:23:01.521 11409 11470 I art     : Starting a blocking GC Explicit
08-06 18:23:01.562 11409 11470 I art     : Explicit concurrent mark sweep GC freed 246(4KB) AllocSpace objects, 0(0B) LOS objects, 28% free, 40MB/56MB, paused 999us total 40.714ms
08-06 18:23:01.582 11409 11470 I art     : Starting a blocking GC Explicit
08-06 18:23:01.624 11409 11470 I art     : Explicit concurrent mark sweep GC freed 291(4KB) AllocSpace objects, 0(0B) LOS objects, 28% free, 40MB/56MB, paused 848us total 41.077ms
08-06 18:23:01.644 11409 11470 I art     : Starting a blocking GC Explicit
08-06 18:23:01.686 11409 11470 I art     : Explicit concurrent mark sweep GC freed 291(4KB) AllocSpace objects, 0(0B) LOS objects, 28% free, 40MB/56MB, paused 908us total 41.866ms
08-06 18:23:01.707 11409 11470 I art     : Starting a blocking GC Explicit
08-06 18:23:01.750 11409 11470 I art     : Explicit concurrent mark sweep GC freed 280(4KB) AllocSpace objects, 0(0B) LOS objects, 28% free, 40MB/56MB, paused 1.145ms total 42.954ms
08-06 18:23:02.013 11942 11942 D AndroidRuntime: >>>>>> START com.android.internal.os.RuntimeInit uid 2000 <<<<<<
08-06 18:23:02.019 11942 11942 D AndroidRuntime: CheckJNI is OFF
08-06 18:23:02.073 11942 11942 D ICU     : No timezone override file found: /data/misc/zoneinfo/current/icu/icu_tzdata.dat
08-06 18:23:02.119 11942 11942 I Radio-JNI: register_android_hardware_Radio DONE
08-06 18:23:02.143 11409 11421 I art     : Starting a blocking GC Explicit
08-06 18:23:02.152 11942 11942 D AndroidRuntime: Calling main entry com.android.commands.input.Input
08-06 18:23:02.154 11942 11942 I Input   : injectKeyEvent: KeyEvent { action=ACTION_DOWN, keyCode=KEYCODE_BACK, scanCode=0, metaState=0, flags=0x0, repeatCount=0, eventTime=901398567, downTime=901398567, deviceId=-1, source=0x101 }
08-06 18:23:02.160 11942 11942 I Input   : injectKeyEvent: KeyEvent { action=ACTION_UP, keyCode=KEYCODE_BACK, scanCode=0, metaState=0, flags=0x0, repeatCount=0, eventTime=901398567, downTime=901398567, deviceId=-1, source=0x101 }
08-06 18:23:02.171 11942 11942 D AndroidRuntime: Shutting down VM
08-06 18:23:02.189 11409 11421 I art     : Explicit concurrent mark sweep GC freed 3363(116KB) AllocSpace objects, 2(40KB) LOS objects, 28% free, 40MB/56MB, paused 1.194ms total 44.703ms
08-06 18:23:02.209 11409 11421 I art     : Starting a blocking GC Explicit
08-06 18:23:02.215 13866 13866 I GoogleInputMethodServic: GoogleInputMethodService.onFinishInput():3138 
08-06 18:23:02.215 13866 13866 I GoogleInputMethodServic: GoogleInputMethodService.onStartInput():1808 
08-06 18:23:02.251 11409 11421 I art     : Explicit concurrent mark sweep GC freed 250(5KB) AllocSpace objects, 0(0B) LOS objects, 28% free, 40MB/56MB, paused 1.042ms total 41.914ms
08-06 18:23:02.271 11409 11421 I art     : Starting a blocking GC Explicit
08-06 18:23:02.308 11409 11421 I art     : Explicit concurrent mark sweep GC freed 265(4KB) AllocSpace objects, 0(0B) LOS objects, 28% free, 40MB/56MB, paused 889us total 36.867ms
08-06 18:23:02.328 11409 11421 I art     : Starting a blocking GC Explicit
08-06 18:23:02.373 11409 11421 I art     : Explicit concurrent mark sweep GC freed 290(4KB) AllocSpace objects, 0(0B) LOS objects, 28% free, 40MB/56MB, paused 1.390ms total 43.842ms
08-06 18:23:02.397 11409 11421 I art     : Starting a blocking GC Explicit
08-06 18:23:02.463 11409 11421 I art     : Explicit concurrent mark sweep GC freed 363(5KB) AllocSpace objects, 0(0B) LOS objects, 28% free, 40MB/56MB, paused 917us total 65.710ms
08-06 18:23:02.529   380   380 W SurfaceFlinger: couldn't log to binary event log: overflow.
08-06 18:23:02.861 11409 11421 I art     : Starting a blocking GC Explicit
08-06 18:23:02.906 11409 11421 I art     : Explicit concurrent mark sweep GC freed 3632(143KB) AllocSpace objects, 5(684KB) LOS objects, 28% free, 40MB/56MB, paused 890us total 45.230ms
08-06 18:23:02.927 11409 11421 I art     : Starting a blocking GC Explicit
08-06 18:23:02.968 11409 11421 I art     : Explicit concurrent mark sweep GC freed 5628(269KB) AllocSpace objects, 1(28KB) LOS objects, 28% free, 39MB/55MB, paused 998us total 40.340ms
08-06 18:23:02.988 11409 11421 I art     : Starting a blocking GC Explicit
08-06 18:23:03.029 11409 11421 I art     : Explicit concurrent mark sweep GC freed 153(2784B) AllocSpace objects, 0(0B) LOS objects, 28% free, 39MB/55MB, paused 909us total 40.542ms
08-06 18:23:03.049 11409 11421 I art     : Starting a blocking GC Explicit
08-06 18:23:03.090 11409 11421 I art     : Explicit concurrent mark sweep GC freed 195(3KB) AllocSpace objects, 0(0B) LOS objects, 28% free, 39MB/55MB, paused 867us total 40.447ms
08-06 18:23:03.112 11409 11421 I art     : Starting a blocking GC Explicit
08-06 18:23:03.153 11409 11421 I art     : Explicit concurrent mark sweep GC freed 195(3KB) AllocSpace objects, 0(0B) LOS objects, 28% free, 39MB/55MB, paused 818us total 40.686ms
08-06 18:23:03.544 11409 11471 I art     : Starting a blocking GC Explicit
08-06 18:23:03.587 11409 11471 I art     : Explicit concurrent mark sweep GC freed 2676(103KB) AllocSpace objects, 2(40KB) LOS objects, 28% free, 39MB/55MB, paused 965us total 42.520ms
08-06 18:23:03.607 11409 11471 I art     : Starting a blocking GC Explicit
08-06 18:23:03.646 11409 11471 I art     : Explicit concurrent mark sweep GC freed 166(3KB) AllocSpace objects, 0(0B) LOS objects, 28% free, 39MB/55MB, paused 980us total 38.457ms
08-06 18:23:03.666 11409 11471 I art     : Starting a blocking GC Explicit
08-06 18:23:03.707 11409 11471 I art     : Explicit concurrent mark sweep GC freed 218(4KB) AllocSpace objects, 0(0B) LOS objects, 28% free, 39MB/55MB, paused 1.116ms total 41.095ms
08-06 18:23:03.729 11409 11471 I art     : Starting a blocking GC Explicit
08-06 18:23:03.768 11409 11471 I art     : Explicit concurrent mark sweep GC freed 210(3KB) AllocSpace objects, 0(0B) LOS objects, 28% free, 39MB/55MB, paused 1.058ms total 38.943ms
08-06 18:23:03.788 11409 11471 I art     : Starting a blocking GC Explicit
08-06 18:23:03.826 11409 11471 I art     : Explicit concurrent mark sweep GC freed 148(2528B) AllocSpace objects, 0(0B) LOS objects, 28% free, 39MB/55MB, paused 866us total 38.080ms
08-06 18:23:04.070 11986 11986 D AndroidRuntime: >>>>>> START com.android.internal.os.RuntimeInit uid 2000 <<<<<<
08-06 18:23:04.077 11986 11986 D AndroidRuntime: CheckJNI is OFF
08-06 18:23:04.130 11986 11986 D ICU     : No timezone override file found: /data/misc/zoneinfo/current/icu/icu_tzdata.dat
08-06 18:23:04.177 11986 11986 I Radio-JNI: register_android_hardware_Radio DONE
08-06 18:23:04.210 11986 11986 D AndroidRuntime: Calling main entry com.android.commands.input.Input
08-06 18:23:04.213 11986 11986 I Input   : injectMotionEvent: MotionEvent { action=ACTION_DOWN, actionButton=0, id[0]=0, x[0]=504.0, y[0]=1706.0, toolType[0]=TOOL_TYPE_UNKNOWN, buttonState=0, metaState=0, flags=0x0, edgeFlags=0x0, pointerCount=1, historySize=0, eventTime=901400625, downTime=901400625, deviceId=0, source=0x1002 }
08-06 18:23:04.216 11409 11470 I art     : Starting a blocking GC Explicit
08-06 18:23:04.219 11986 11986 I Input   : injectMotionEvent: MotionEvent { action=ACTION_UP, actionButton=0, id[0]=0, x[0]=504.0, y[0]=1706.0, toolType[0]=TOOL_TYPE_UNKNOWN, buttonState=0, metaState=0, flags=0x0, edgeFlags=0x0, pointerCount=1, historySize=0, eventTime=901400625, downTime=901400625, deviceId=0, source=0x1002 }
08-06 18:23:04.221 11986 11986 D AndroidRuntime: Shutting down VM
08-06 18:23:04.223   512  2967 D audio_hw_primary: out_set_parameters: enter: usecase(1: low-latency-playback) kvpairs: routing=2
08-06 18:23:04.229   918  3961 I ActivityManager: START u0 {cmp=baseline.io.github.project_travel_mate/.destinations.funfacts.FunFactsActivity (has extras)} from uid 10696 on display 0
08-06 18:23:04.237   512  2967 D audio_hw_primary: select_devices: out_snd_device(2: speaker) in_snd_device(0: none)
08-06 18:23:04.237   512  2967 D msm8974_platform: platform_send_audio_calibration: sending audio calibration for snd_device(2) acdb_id(15)
08-06 18:23:04.237   512  2967 I soundtrigger: audio_extn_sound_trigger_update_device_status: device 0x2 of type 0 for Event 1
08-06 18:23:04.251   512  2967 D audio_hw_primary: enable_snd_device: snd_device(2: speaker)
08-06 18:23:04.253   512  2967 D audio_hw_primary: enable_audio_route: apply and update mixer path: low-latency-playback speaker
08-06 18:23:04.268 11409 11470 I art     : Explicit concurrent mark sweep GC freed 3889(228KB) AllocSpace objects, 2(40KB) LOS objects, 28% free, 39MB/55MB, paused 2.622ms total 51.579ms
08-06 18:23:04.274 11409 11492 D Gabe    : call	returning from cache
08-06 18:23:04.280 11409 11409 V EXECUTING: https://project-travel-mate.herokuapp.com/api/get-city-facts/1
08-06 18:23:04.288 11409 11470 I art     : Starting a blocking GC Explicit
08-06 18:23:04.328 11409 11470 I art     : Explicit concurrent mark sweep GC freed 1375(127KB) AllocSpace objects, 0(0B) LOS objects, 28% free, 39MB/55MB, paused 1.148ms total 39.800ms
08-06 18:23:04.347 11409 11470 I art     : Starting a blocking GC Explicit
08-06 18:23:04.390 11409 11470 I art     : Explicit concurrent mark sweep GC freed 619(21KB) AllocSpace objects, 0(0B) LOS objects, 26% free, 44MB/60MB, paused 1.225ms total 42.446ms
08-06 18:23:04.409 11409 11470 I art     : Starting a blocking GC Explicit
08-06 18:23:04.447   918   936 I ActivityManager: Displayed baseline.io.github.project_travel_mate/.destinations.funfacts.FunFactsActivity: +204ms
08-06 18:23:04.447 11409 11470 I art     : Explicit concurrent mark sweep GC freed 30(1312B) AllocSpace objects, 0(0B) LOS objects, 26% free, 44MB/60MB, paused 1.268ms total 38.170ms
08-06 18:23:04.451 13866 13866 I GoogleInputMethodServic: GoogleInputMethodService.onFinishInput():3138 
08-06 18:23:04.452 13866 13866 I GoogleInputMethodServic: GoogleInputMethodService.onStartInput():1808 
08-06 18:23:04.467 11409 11470 I art     : Starting a blocking GC Explicit
08-06 18:23:04.509 11409 11470 I art     : Explicit concurrent mark sweep GC freed 136(2544B) AllocSpace objects, 0(0B) LOS objects, 26% free, 44MB/60MB, paused 1.390ms total 41.937ms
08-06 18:23:04.699   380   380 W SurfaceFlinger: couldn't log to binary event log: overflow.
08-06 18:23:04.788   512  2967 D audio_hw_primary: disable_audio_route: reset and update mixer path: low-latency-playback speaker
08-06 18:23:04.789   512  2967 D audio_hw_primary: disable_snd_device: snd_device(2: speaker)
08-06 18:23:04.797   512  2967 I soundtrigger: audio_extn_sound_trigger_update_device_status: device 0x2 of type 0 for Event 0
08-06 18:23:04.929 11409 11470 I art     : Starting a blocking GC Explicit
08-06 18:23:04.965   918  3261 D WifiStateMachine: starting scan for "H369AA63323"WPA_PSK with 2412,5180
08-06 18:23:04.969 11409 11470 I art     : Explicit concurrent mark sweep GC freed 3022(110KB) AllocSpace objects, 2(40KB) LOS objects, 26% free, 44MB/60MB, paused 1.310ms total 38.994ms
08-06 18:23:04.989 11409 11470 I art     : Starting a blocking GC Explicit
08-06 18:23:05.037 11409 11470 I art     : Explicit concurrent mark sweep GC freed 863(60KB) AllocSpace objects, 2(120KB) LOS objects, 26% free, 44MB/60MB, paused 1.598ms total 47.530ms
08-06 18:23:05.056 11409 11470 I art     : Starting a blocking GC Explicit
08-06 18:23:05.098 11409 11470 I art     : Explicit concurrent mark sweep GC freed 2107(98KB) AllocSpace objects, 1(80KB) LOS objects, 26% free, 44MB/60MB, paused 1.227ms total 41.063ms
08-06 18:23:05.103 11409 12010 I NAPPA_EXPERIMENTATION: MetricNetworkRequestExecutionTime: REQUEST_DURATION_SYSTEM='822',REQUEST_DURATION_OKHTTP='35',REQUEST_SYNCHRONOUS='FALSE',RESPONSE_CODE='200',RESPONSE_METHOD='GET',RESPONSE_LENGTH_OKHTTP='1793',RESPONSE_LENGTH_HEADER='1793',REQUEST_PROTOCOL='http/1.1',REQUEST_URL='https://project-travel-mate.herokuapp.com/api/get-city-facts/1',
08-06 18:23:05.104 11409 12010 V EXECUTING: https://project-travel-mate.herokuapp.com/api/get-city-images/1
08-06 18:23:05.116 11409 11470 I art     : Starting a blocking GC Explicit
08-06 18:23:05.156 11409 11470 I art     : Explicit concurrent mark sweep GC freed 1542(144KB) AllocSpace objects, 0(0B) LOS objects, 26% free, 44MB/60MB, paused 1.195ms total 39.717ms
08-06 18:23:05.175 11409 11470 I art     : Starting a blocking GC Explicit
08-06 18:23:05.216 11409 11470 I art     : Explicit concurrent mark sweep GC freed 157(3KB) AllocSpace objects, 0(0B) LOS objects, 26% free, 44MB/60MB, paused 1.253ms total 40.193ms
08-06 18:23:05.599 11409 11471 I art     : Starting a blocking GC Explicit
08-06 18:23:05.637 11409 11471 I art     : Explicit concurrent mark sweep GC freed 2234(96KB) AllocSpace objects, 2(40KB) LOS objects, 26% free, 44MB/60MB, paused 1.151ms total 38.167ms
08-06 18:23:05.656 11409 11471 I art     : Starting a blocking GC Explicit
08-06 18:23:05.703 11409 11471 I art     : Explicit concurrent mark sweep GC freed 2688(134KB) AllocSpace objects, 3(200KB) LOS objects, 26% free, 45MB/61MB, paused 1.448ms total 47.105ms
08-06 18:23:05.723 11409 11471 I art     : Starting a blocking GC Explicit
08-06 18:23:05.732 11409 12023 I NAPPA_EXPERIMENTATION: MetricNetworkRequestExecutionTime: REQUEST_DURATION_SYSTEM='627',REQUEST_DURATION_OKHTTP='32',REQUEST_SYNCHRONOUS='FALSE',RESPONSE_CODE='200',RESPONSE_METHOD='GET',RESPONSE_LENGTH_OKHTTP='183',RESPONSE_LENGTH_HEADER='183',REQUEST_PROTOCOL='http/1.1',REQUEST_URL='https://project-travel-mate.herokuapp.com/api/get-city-images/1',
08-06 18:23:05.762 11409 11471 I art     : Explicit concurrent mark sweep GC freed 1122(128KB) AllocSpace objects, 0(0B) LOS objects, 26% free, 45MB/61MB, paused 1.337ms total 39.508ms
08-06 18:23:05.769 11409 12023 V RESPONSE: [{"id":17,"image_url":"https://upload.wikimedia.org/wikipedia/commons/9/94/%E0%B4%96%E0%B5%81%E0%B4%A4%E0%B5%8D%E0%B4%AC%E0%B5%8D_%E0%B4%AE%E0%B4%BF%E0%B4%A8%E0%B4%BE%E0%B5%BC1.jpg"}]
08-06 18:23:05.781 11409 11471 I art     : Starting a blocking GC Explicit
08-06 18:23:05.821 11409 11471 I art     : Explicit concurrent mark sweep GC freed 270(8KB) AllocSpace objects, 0(0B) LOS objects, 26% free, 45MB/61MB, paused 1.258ms total 39.338ms
08-06 18:23:05.840 11409 11471 I art     : Starting a blocking GC Explicit
08-06 18:23:05.879 11409 11471 I art     : Explicit concurrent mark sweep GC freed 3248(129KB) AllocSpace objects, 0(0B) LOS objects, 26% free, 45MB/61MB, paused 1.921ms total 39.579ms
08-06 18:23:06.271 11409 11421 I art     : Starting a blocking GC Explicit
08-06 18:23:06.319 11409 11421 I art     : Explicit concurrent mark sweep GC freed 3507(123KB) AllocSpace objects, 3(4MB) LOS objects, 28% free, 40MB/56MB, paused 928us total 47.691ms
08-06 18:23:06.341 11409 11421 I art     : Starting a blocking GC Explicit
08-06 18:23:06.387 11409 11421 I art     : Explicit concurrent mark sweep GC freed 368(6KB) AllocSpace objects, 0(0B) LOS objects, 28% free, 40MB/56MB, paused 1.212ms total 45.395ms
08-06 18:23:06.409 11409 11421 I art     : Starting a blocking GC Explicit
08-06 18:23:06.455 11409 11421 I art     : Explicit concurrent mark sweep GC freed 310(5KB) AllocSpace objects, 0(0B) LOS objects, 28% free, 40MB/56MB, paused 1.338ms total 45.847ms
08-06 18:23:06.478 11409 11421 I art     : Starting a blocking GC Explicit
08-06 18:23:06.517 11409 11421 I art     : Explicit concurrent mark sweep GC freed 225(3KB) AllocSpace objects, 0(0B) LOS objects, 28% free, 40MB/56MB, paused 1.065ms total 38.740ms
08-06 18:23:06.537 11409 11421 I art     : Starting a blocking GC Explicit
08-06 18:23:06.579 11409 11421 I art     : Explicit concurrent mark sweep GC freed 291(4KB) AllocSpace objects, 0(0B) LOS objects, 28% free, 40MB/56MB, paused 1.118ms total 41.595ms
08-06 18:23:06.975 11409 11470 I art     : Starting a blocking GC Explicit
08-06 18:23:07.022 11409 11470 I art     : Explicit concurrent mark sweep GC freed 3350(114KB) AllocSpace objects, 2(40KB) LOS objects, 28% free, 40MB/56MB, paused 1.278ms total 45.750ms
08-06 18:23:07.044 11409 11470 I art     : Starting a blocking GC Explicit
08-06 18:23:07.086 11409 11470 I art     : Explicit concurrent mark sweep GC freed 293(5KB) AllocSpace objects, 0(0B) LOS objects, 28% free, 40MB/56MB, paused 1.269ms total 41.632ms
08-06 18:23:07.104 12045 12045 D AndroidRuntime: >>>>>> START com.android.internal.os.RuntimeInit uid 2000 <<<<<<
08-06 18:23:07.106 11409 11470 I art     : Starting a blocking GC Explicit
08-06 18:23:07.110 12045 12045 D AndroidRuntime: CheckJNI is OFF
08-06 18:23:07.146 11409 11470 I art     : Explicit concurrent mark sweep GC freed 286(4KB) AllocSpace objects, 0(0B) LOS objects, 28% free, 40MB/56MB, paused 1.119ms total 39.376ms
08-06 18:23:07.161 12045 12045 D ICU     : No timezone override file found: /data/misc/zoneinfo/current/icu/icu_tzdata.dat
08-06 18:23:07.166 11409 11470 I art     : Starting a blocking GC Explicit
08-06 18:23:07.195  8071  8071 I ServiceManager: Waiting for service AtCmdFwd...
08-06 18:23:07.206 12045 12045 I Radio-JNI: register_android_hardware_Radio DONE
08-06 18:23:07.208 11409 11470 I art     : Explicit concurrent mark sweep GC freed 291(4KB) AllocSpace objects, 0(0B) LOS objects, 28% free, 40MB/56MB, paused 1.197ms total 42.215ms
08-06 18:23:07.229 11409 11470 I art     : Starting a blocking GC Explicit
08-06 18:23:07.238 12045 12045 D AndroidRuntime: Calling main entry com.android.commands.input.Input
08-06 18:23:07.239 12045 12045 I Input   : injectKeyEvent: KeyEvent { action=ACTION_DOWN, keyCode=KEYCODE_BACK, scanCode=0, metaState=0, flags=0x0, repeatCount=0, eventTime=901403653, downTime=901403653, deviceId=-1, source=0x101 }
08-06 18:23:07.245 12045 12045 I Input   : injectKeyEvent: KeyEvent { action=ACTION_UP, keyCode=KEYCODE_BACK, scanCode=0, metaState=0, flags=0x0, repeatCount=0, eventTime=901403653, downTime=901403653, deviceId=-1, source=0x101 }
08-06 18:23:07.252 12045 12045 D AndroidRuntime: Shutting down VM
08-06 18:23:07.273 11409 11470 I art     : Explicit concurrent mark sweep GC freed 269(5KB) AllocSpace objects, 0(0B) LOS objects, 28% free, 40MB/56MB, paused 1.258ms total 43.402ms
08-06 18:23:07.302 13866 13866 I GoogleInputMethodServic: GoogleInputMethodService.onFinishInput():3138 
08-06 18:23:07.303 13866 13866 I GoogleInputMethodServic: GoogleInputMethodService.onStartInput():1808 
08-06 18:23:07.620   380   380 W SurfaceFlinger: couldn't log to binary event log: overflow.
08-06 18:23:07.690 11409 11421 I art     : Starting a blocking GC Explicit
08-06 18:23:07.735 11409 11421 I art     : Explicit concurrent mark sweep GC freed 4053(150KB) AllocSpace objects, 5(684KB) LOS objects, 28% free, 40MB/56MB, paused 1.105ms total 44.423ms
08-06 18:23:07.757 11409 11421 I art     : Starting a blocking GC Explicit
08-06 18:23:07.795 11409 11421 I art     : Explicit concurrent mark sweep GC freed 5638(269KB) AllocSpace objects, 1(28KB) LOS objects, 28% free, 40MB/56MB, paused 817us total 37.733ms
08-06 18:23:07.814 11409 11421 I art     : Starting a blocking GC Explicit
08-06 18:23:07.854 11409 11421 I art     : Explicit concurrent mark sweep GC freed 173(3024B) AllocSpace objects, 0(0B) LOS objects, 28% free, 40MB/56MB, paused 1.212ms total 39.123ms
08-06 18:23:07.875 11409 11421 I art     : Starting a blocking GC Explicit
08-06 18:23:07.915 11409 11421 I art     : Explicit concurrent mark sweep GC freed 172(2928B) AllocSpace objects, 0(0B) LOS objects, 28% free, 40MB/56MB, paused 877us total 40.519ms
08-06 18:23:07.936 11409 11421 I art     : Starting a blocking GC Explicit
08-06 18:23:07.977 11409 11421 I art     : Explicit concurrent mark sweep GC freed 195(3KB) AllocSpace objects, 0(0B) LOS objects, 28% free, 40MB/56MB, paused 862us total 40.914ms
08-06 18:23:08.195  8071  8071 I ServiceManager: Waiting for service AtCmdFwd...
08-06 18:23:08.369 11409 11471 I art     : Starting a blocking GC Explicit
08-06 18:23:08.414 11409 11471 I art     : Explicit concurrent mark sweep GC freed 2675(103KB) AllocSpace objects, 2(40KB) LOS objects, 28% free, 40MB/56MB, paused 973us total 44.739ms
08-06 18:23:08.436 11409 11471 I art     : Starting a blocking GC Explicit
08-06 18:23:08.479 11409 11471 I art     : Explicit concurrent mark sweep GC freed 215(3KB) AllocSpace objects, 0(0B) LOS objects, 28% free, 40MB/56MB, paused 1.281ms total 43.223ms
08-06 18:23:08.500 11409 11471 I art     : Starting a blocking GC Explicit
08-06 18:23:08.540 11409 11471 I art     : Explicit concurrent mark sweep GC freed 195(3KB) AllocSpace objects, 0(0B) LOS objects, 28% free, 40MB/56MB, paused 1.075ms total 39.725ms
08-06 18:23:08.560 11409 11471 I art     : Starting a blocking GC Explicit
08-06 18:23:08.600 11409 11471 I art     : Explicit concurrent mark sweep GC freed 148(2528B) AllocSpace objects, 0(0B) LOS objects, 28% free, 40MB/56MB, paused 1.027ms total 39.733ms
08-06 18:23:08.620 11409 11471 I art     : Starting a blocking GC Explicit
08-06 18:23:08.662 11409 11471 I art     : Explicit concurrent mark sweep GC freed 195(3KB) AllocSpace objects, 0(0B) LOS objects, 28% free, 40MB/56MB, paused 1.058ms total 40.843ms
08-06 18:23:09.053 11409 11470 I art     : Starting a blocking GC Explicit
08-06 18:23:09.096 11409 11470 I art     : Explicit concurrent mark sweep GC freed 2677(103KB) AllocSpace objects, 2(40KB) LOS objects, 28% free, 40MB/56MB, paused 1.218ms total 42.002ms
08-06 18:23:09.116 11409 11470 I art     : Starting a blocking GC Explicit
08-06 18:23:09.127 12090 12090 D AndroidRuntime: >>>>>> START com.android.internal.os.RuntimeInit uid 2000 <<<<<<
08-06 18:23:09.133 12090 12090 D AndroidRuntime: CheckJNI is OFF
08-06 18:23:09.157 11409 11470 I art     : Explicit concurrent mark sweep GC freed 213(3KB) AllocSpace objects, 0(0B) LOS objects, 28% free, 40MB/56MB, paused 1.191ms total 40.617ms
08-06 18:23:09.177 11409 11470 I art     : Starting a blocking GC Explicit
08-06 18:23:09.188 12090 12090 D ICU     : No timezone override file found: /data/misc/zoneinfo/current/icu/icu_tzdata.dat
08-06 18:23:09.196  8071  8071 I ServiceManager: Waiting for service AtCmdFwd...
08-06 18:23:09.218 11409 11470 I art     : Explicit concurrent mark sweep GC freed 148(2528B) AllocSpace objects, 0(0B) LOS objects, 28% free, 40MB/56MB, paused 1.088ms total 40.834ms
08-06 18:23:09.235 12090 12090 I Radio-JNI: register_android_hardware_Radio DONE
08-06 18:23:09.239 11409 11470 I art     : Starting a blocking GC Explicit
08-06 18:23:09.268 12090 12090 D AndroidRuntime: Calling main entry com.android.commands.input.Input
08-06 18:23:09.272 12090 12090 I Input   : injectMotionEvent: MotionEvent { action=ACTION_DOWN, actionButton=0, id[0]=0, x[0]=693.0, y[0]=1450.0, toolType[0]=TOOL_TYPE_UNKNOWN, buttonState=0, metaState=0, flags=0x0, edgeFlags=0x0, pointerCount=1, historySize=0, eventTime=901405684, downTime=901405684, deviceId=0, source=0x1002 }
08-06 18:23:09.277 12090 12090 I Input   : injectMotionEvent: MotionEvent { action=ACTION_UP, actionButton=0, id[0]=0, x[0]=693.0, y[0]=1450.0, toolType[0]=TOOL_TYPE_UNKNOWN, buttonState=0, metaState=0, flags=0x0, edgeFlags=0x0, pointerCount=1, historySize=0, eventTime=901405684, downTime=901405684, deviceId=0, source=0x1002 }
08-06 18:23:09.278 11409 11470 I art     : Explicit concurrent mark sweep GC freed 195(3KB) AllocSpace objects, 0(0B) LOS objects, 28% free, 40MB/56MB, paused 1.209ms total 39.657ms
08-06 18:23:09.279 11409 11420 I art     : WaitForGcToComplete blocked for 8.076ms for cause HeapTrim
08-06 18:23:09.279 12090 12090 D AndroidRuntime: Shutting down VM
08-06 18:23:09.280   918  6112 I ActivityManager: START u0 {cmp=baseline.io.github.project_travel_mate/.destinations.description.CityHistoryActivity} from uid 10696 on display 0
08-06 18:23:09.287   512  2967 D audio_hw_primary: out_set_parameters: enter: usecase(1: low-latency-playback) kvpairs: routing=2
08-06 18:23:09.299 11409 11470 I art     : Starting a blocking GC Explicit
08-06 18:23:09.300   512  2967 D audio_hw_primary: select_devices: out_snd_device(2: speaker) in_snd_device(0: none)
08-06 18:23:09.300   512  2967 D msm8974_platform: platform_send_audio_calibration: sending audio calibration for snd_device(2) acdb_id(15)
08-06 18:23:09.300   512  2967 I soundtrigger: audio_extn_sound_trigger_update_device_status: device 0x2 of type 0 for Event 1
08-06 18:23:09.316   512  2967 D audio_hw_primary: enable_snd_device: snd_device(2: speaker)
08-06 18:23:09.319   512  2967 D audio_hw_primary: enable_audio_route: apply and update mixer path: low-latency-playback speaker
08-06 18:23:09.325 11409 11492 D Gabe    : call	returning from cache
08-06 18:23:09.331 11409 11409 V EXECUTING: https://project-travel-mate.herokuapp.com/api/get-city-information/1
08-06 18:23:09.343 11409 11470 I art     : Explicit concurrent mark sweep GC freed 516(36KB) AllocSpace objects, 0(0B) LOS objects, 28% free, 40MB/56MB, paused 1.414ms total 43.867ms
08-06 18:23:09.502   918   936 I ActivityManager: Displayed baseline.io.github.project_travel_mate/.destinations.description.CityHistoryActivity: +211ms
08-06 18:23:09.505 13866 13866 I GoogleInputMethodServic: GoogleInputMethodService.onFinishInput():3138 
08-06 18:23:09.506 13866 13866 I GoogleInputMethodServic: GoogleInputMethodService.onStartInput():1808 
08-06 18:23:09.736   380   380 W SurfaceFlinger: couldn't log to binary event log: overflow.
08-06 18:23:09.745 11409 11422 I art     : Starting a blocking GC Explicit
08-06 18:23:09.789 11409 11422 I art     : Explicit concurrent mark sweep GC freed 3209(134KB) AllocSpace objects, 2(40KB) LOS objects, 26% free, 44MB/60MB, paused 1.184ms total 43.756ms
08-06 18:23:09.808 11409 11422 I art     : Starting a blocking GC Explicit
08-06 18:23:09.845 11409 11422 I art     : Explicit concurrent mark sweep GC freed 395(9KB) AllocSpace objects, 0(0B) LOS objects, 26% free, 44MB/60MB, paused 858us total 37.009ms
08-06 18:23:09.865 11409 11422 I art     : Starting a blocking GC Explicit
08-06 18:23:09.869   512  2967 D audio_hw_primary: disable_audio_route: reset and update mixer path: low-latency-playback speaker
08-06 18:23:09.870   512  2967 D audio_hw_primary: disable_snd_device: snd_device(2: speaker)
08-06 18:23:09.881   512  2967 I soundtrigger: audio_extn_sound_trigger_update_device_status: device 0x2 of type 0 for Event 0
08-06 18:23:09.910 11409 11422 I art     : Explicit concurrent mark sweep GC freed 2716(133KB) AllocSpace objects, 1(80KB) LOS objects, 26% free, 44MB/60MB, paused 1.726ms total 45.094ms
08-06 18:23:09.929 11409 11422 I art     : Starting a blocking GC Explicit
08-06 18:23:09.948 11409 12114 I NAPPA_EXPERIMENTATION: MetricNetworkRequestExecutionTime: REQUEST_DURATION_SYSTEM='614',REQUEST_DURATION_OKHTTP='34',REQUEST_SYNCHRONOUS='FALSE',RESPONSE_CODE='200',RESPONSE_METHOD='GET',RESPONSE_LENGTH_OKHTTP='55024',RESPONSE_LENGTH_HEADER='55024',REQUEST_PROTOCOL='http/1.1',REQUEST_URL='https://project-travel-mate.herokuapp.com/api/get-city-information/1',
08-06 18:23:09.969 11409 11422 I art     : Explicit concurrent mark sweep GC freed 1184(131KB) AllocSpace objects, 5(392KB) LOS objects, 26% free, 44MB/60MB, paused 1.241ms total 39.542ms
08-06 18:23:09.989 11409 11422 I art     : Starting a blocking GC Explicit
08-06 18:23:10.029 11409 11422 I art     : Explicit concurrent mark sweep GC freed 214(5KB) AllocSpace objects, 0(0B) LOS objects, 26% free, 44MB/60MB, paused 1.216ms total 39.868ms
08-06 18:23:10.130 13866 13866 I GoogleInputMethodServic: GoogleInputMethodService.onFinishInput():3138 
08-06 18:23:10.131 13866 13866 I GoogleInputMethodServic: GoogleInputMethodService.onStartInput():1808 
08-06 18:23:10.196  8071  8071 I ServiceManager: Waiting for service AtCmdFwd...
08-06 18:23:10.415 11409 11421 I art     : Starting a blocking GC Explicit
08-06 18:23:10.465 11409 11421 I art     : Explicit concurrent mark sweep GC freed 4279(1317KB) AllocSpace objects, 19(4MB) LOS objects, 28% free, 40MB/56MB, paused 986us total 49.886ms
08-06 18:23:10.489 11409 11421 I art     : Starting a blocking GC Explicit
08-06 18:23:10.532 11409 11421 I art     : Explicit concurrent mark sweep GC freed 350(7KB) AllocSpace objects, 0(0B) LOS objects, 28% free, 40MB/56MB, paused 989us total 43.096ms
08-06 18:23:10.552 11409 11421 I art     : Starting a blocking GC Explicit
08-06 18:23:10.596 11409 11421 I art     : Explicit concurrent mark sweep GC freed 292(4KB) AllocSpace objects, 0(0B) LOS objects, 28% free, 40MB/56MB, paused 1.323ms total 43.438ms
08-06 18:23:10.617 11409 11421 I art     : Starting a blocking GC Explicit
08-06 18:23:10.661 11409 11421 I art     : Explicit concurrent mark sweep GC freed 291(4KB) AllocSpace objects, 0(0B) LOS objects, 28% free, 40MB/56MB, paused 935us total 43.547ms
08-06 18:23:10.682 11409 11421 I art     : Starting a blocking GC Explicit
08-06 18:23:10.727 11409 11421 I art     : Explicit concurrent mark sweep GC freed 291(4KB) AllocSpace objects, 0(0B) LOS objects, 28% free, 40MB/56MB, paused 1.060ms total 44.721ms
08-06 18:23:11.161 11409 11421 I art     : Starting a blocking GC Explicit
08-06 18:23:11.197  8071  8071 I ServiceManager: Waiting for service AtCmdFwd...
08-06 18:23:11.208 11409 11421 I art     : Explicit concurrent mark sweep GC freed 3501(117KB) AllocSpace objects, 2(40KB) LOS objects, 28% free, 40MB/56MB, paused 1.364ms total 46.996ms
08-06 18:23:11.230 11409 11421 I art     : Starting a blocking GC Explicit
08-06 18:23:11.275 11409 11421 I art     : Explicit concurrent mark sweep GC freed 309(5KB) AllocSpace objects, 0(0B) LOS objects, 28% free, 40MB/56MB, paused 1.340ms total 44.216ms
08-06 18:23:11.296 11409 11421 I art     : Starting a blocking GC Explicit
08-06 18:23:11.343 11409 11421 I art     : Explicit concurrent mark sweep GC freed 336(5KB) AllocSpace objects, 0(0B) LOS objects, 28% free, 40MB/56MB, paused 1.171ms total 46.221ms
08-06 18:23:11.365 11409 11421 I art     : Starting a blocking GC Explicit
08-06 18:23:11.410 11409 11421 I art     : Explicit concurrent mark sweep GC freed 282(4KB) AllocSpace objects, 0(0B) LOS objects, 28% free, 40MB/56MB, paused 1.416ms total 44.900ms
08-06 18:23:11.431 11409 11421 I art     : Starting a blocking GC Explicit
08-06 18:23:11.477 11409 11421 I art     : Explicit concurrent mark sweep GC freed 300(4KB) AllocSpace objects, 0(0B) LOS objects, 28% free, 40MB/56MB, paused 1.140ms total 45.377ms
08-06 18:23:11.896 11409 11422 I art     : Starting a blocking GC Explicit
08-06 18:23:11.943 11409 11422 I art     : Explicit concurrent mark sweep GC freed 3427(115KB) AllocSpace objects, 2(40KB) LOS objects, 28% free, 40MB/56MB, paused 1.268ms total 46.783ms
08-06 18:23:11.965 11409 11422 I art     : Starting a blocking GC Explicit
08-06 18:23:12.012 11409 11422 I art     : Explicit concurrent mark sweep GC freed 329(5KB) AllocSpace objects, 0(0B) LOS objects, 28% free, 40MB/56MB, paused 1.002ms total 46.054ms
08-06 18:23:12.033 11409 11422 I art     : Starting a blocking GC Explicit
08-06 18:23:12.080 11409 11422 I art     : Explicit concurrent mark sweep GC freed 291(4KB) AllocSpace objects, 0(0B) LOS objects, 28% free, 40MB/56MB, paused 1.407ms total 46.294ms
08-06 18:23:12.102 11409 11422 I art     : Starting a blocking GC Explicit
08-06 18:23:12.148 11409 11422 I art     : Explicit concurrent mark sweep GC freed 292(4KB) AllocSpace objects, 0(0B) LOS objects, 28% free, 40MB/56MB, paused 1.361ms total 45.973ms
08-06 18:23:12.170 11409 11422 I art     : Starting a blocking GC Explicit
08-06 18:23:12.197  8071  8071 W Atfwd_Sendcmd: AtCmdFwd service not published, waiting... retryCnt : 4
08-06 18:23:12.217 11409 11422 I art     : Explicit concurrent mark sweep GC freed 291(4KB) AllocSpace objects, 0(0B) LOS objects, 28% free, 40MB/56MB, paused 925us total 46.091ms
08-06 18:23:12.645 11409 11470 I art     : Starting a blocking GC Explicit
08-06 18:23:12.693 11409 11470 I art     : Explicit concurrent mark sweep GC freed 3454(116KB) AllocSpace objects, 2(40KB) LOS objects, 28% free, 40MB/56MB, paused 1.344ms total 47.282ms
08-06 18:23:12.715 11409 11470 I art     : Starting a blocking GC Explicit
08-06 18:23:12.761 11409 11470 I art     : Explicit concurrent mark sweep GC freed 390(7KB) AllocSpace objects, 0(0B) LOS objects, 28% free, 40MB/56MB, paused 1.207ms total 45.702ms
08-06 18:23:12.782 11409 11470 I art     : Starting a blocking GC Explicit
08-06 18:23:12.828 11409 11470 I art     : Explicit concurrent mark sweep GC freed 295(5KB) AllocSpace objects, 0(0B) LOS objects, 28% free, 40MB/56MB, paused 1.237ms total 45.843ms
08-06 18:23:12.850 11409 11470 I art     : Starting a blocking GC Explicit
08-06 18:23:12.895 11409 11470 I art     : Explicit concurrent mark sweep GC freed 291(4KB) AllocSpace objects, 0(0B) LOS objects, 28% free, 40MB/56MB, paused 1.079ms total 44.977ms
08-06 18:23:12.917 11409 11470 I art     : Starting a blocking GC Explicit
08-06 18:23:12.963 11409 11470 I art     : Explicit concurrent mark sweep GC freed 292(4KB) AllocSpace objects, 0(0B) LOS objects, 28% free, 40MB/56MB, paused 1.021ms total 45.572ms
08-06 18:23:13.372 11409 11471 I art     : Starting a blocking GC Explicit
08-06 18:23:13.420 11409 11471 I art     : Explicit concurrent mark sweep GC freed 3371(114KB) AllocSpace objects, 2(40KB) LOS objects, 28% free, 40MB/56MB, paused 1.138ms total 47.193ms
08-06 18:23:13.442 11409 11471 I art     : Starting a blocking GC Explicit
08-06 18:23:13.489 11409 11471 I art     : Explicit concurrent mark sweep GC freed 322(5KB) AllocSpace objects, 0(0B) LOS objects, 28% free, 40MB/56MB, paused 1.146ms total 46.485ms
08-06 18:23:13.510 11409 11471 I art     : Starting a blocking GC Explicit
08-06 18:23:13.554 11409 11471 I art     : Explicit concurrent mark sweep GC freed 292(4KB) AllocSpace objects, 0(0B) LOS objects, 28% free, 40MB/56MB, paused 1.075ms total 43.262ms
08-06 18:23:13.575 11409 11471 I art     : Starting a blocking GC Explicit
08-06 18:23:13.619 11409 11471 I art     : Explicit concurrent mark sweep GC freed 291(4KB) AllocSpace objects, 0(0B) LOS objects, 28% free, 40MB/56MB, paused 1.093ms total 43.200ms
08-06 18:23:13.640 11409 11471 I art     : Starting a blocking GC Explicit
08-06 18:23:13.685 11409 11471 I art     : Explicit concurrent mark sweep GC freed 290(4KB) AllocSpace objects, 0(0B) LOS objects, 28% free, 40MB/56MB, paused 1.166ms total 44.842ms
08-06 18:23:14.082 11409 11421 I art     : Starting a blocking GC Explicit
08-06 18:23:14.127 11409 11421 I art     : Explicit concurrent mark sweep GC freed 3304(113KB) AllocSpace objects, 2(40KB) LOS objects, 28% free, 40MB/56MB, paused 1.328ms total 45.277ms
08-06 18:23:14.149 11409 11421 I art     : Starting a blocking GC Explicit
08-06 18:23:14.165 12223 12223 D AndroidRuntime: >>>>>> START com.android.internal.os.RuntimeInit uid 2000 <<<<<<
08-06 18:23:14.171 12223 12223 D AndroidRuntime: CheckJNI is OFF
08-06 18:23:14.192 11409 11421 I art     : Explicit concurrent mark sweep GC freed 311(5KB) AllocSpace objects, 0(0B) LOS objects, 28% free, 40MB/56MB, paused 1.286ms total 42.738ms
08-06 18:23:14.212 11409 11421 I art     : Starting a blocking GC Explicit
08-06 18:23:14.225 12223 12223 D ICU     : No timezone override file found: /data/misc/zoneinfo/current/icu/icu_tzdata.dat
08-06 18:23:14.255 11409 11421 I art     : Explicit concurrent mark sweep GC freed 287(4KB) AllocSpace objects, 0(0B) LOS objects, 28% free, 40MB/56MB, paused 1.238ms total 43.170ms
08-06 18:23:14.270 12223 12223 I Radio-JNI: register_android_hardware_Radio DONE
08-06 18:23:14.276 11409 11421 I art     : Starting a blocking GC Explicit
08-06 18:23:14.303 12223 12223 D AndroidRuntime: Calling main entry com.android.commands.input.Input
08-06 18:23:14.305 12223 12223 I Input   : injectKeyEvent: KeyEvent { action=ACTION_DOWN, keyCode=KEYCODE_BACK, scanCode=0, metaState=0, flags=0x0, repeatCount=0, eventTime=901410718, downTime=901410718, deviceId=-1, source=0x101 }
08-06 18:23:14.318 12223 12223 I Input   : injectKeyEvent: KeyEvent { action=ACTION_UP, keyCode=KEYCODE_BACK, scanCode=0, metaState=0, flags=0x0, repeatCount=0, eventTime=901410718, downTime=901410718, deviceId=-1, source=0x101 }
08-06 18:23:14.320 11409 11421 I art     : Explicit concurrent mark sweep GC freed 291(4KB) AllocSpace objects, 0(0B) LOS objects, 28% free, 40MB/56MB, paused 1.281ms total 44.321ms
08-06 18:23:14.333 12223 12223 D AndroidRuntime: Shutting down VM
08-06 18:23:14.342 11409 11421 I art     : Starting a blocking GC Explicit
08-06 18:23:14.371 13866 13866 I GoogleInputMethodServic: GoogleInputMethodService.onFinishInput():3138 
08-06 18:23:14.372 13866 13866 I GoogleInputMethodServic: GoogleInputMethodService.onStartInput():1808 
08-06 18:23:14.386 11409 11421 I art     : Explicit concurrent mark sweep GC freed 274(5KB) AllocSpace objects, 0(0B) LOS objects, 28% free, 40MB/56MB, paused 1.121ms total 43.543ms
08-06 18:23:14.386 11409 11420 I art     : WaitForGcToComplete blocked for 41.757ms for cause HeapTrim
08-06 18:23:14.690   380   380 W SurfaceFlinger: couldn't log to binary event log: overflow.
08-06 18:23:14.813 11409 11421 I art     : Starting a blocking GC Explicit
08-06 18:23:14.862 11409 11421 I art     : Explicit concurrent mark sweep GC freed 3277(114KB) AllocSpace objects, 3(228KB) LOS objects, 28% free, 40MB/56MB, paused 1.180ms total 47.592ms
08-06 18:23:14.883 11409 11421 I art     : Starting a blocking GC Explicit
08-06 18:23:14.922 11409 11421 I art     : Explicit concurrent mark sweep GC freed 4890(342KB) AllocSpace objects, 7(132KB) LOS objects, 28% free, 40MB/56MB, paused 868us total 37.805ms
08-06 18:23:14.941 11409 11421 I art     : Starting a blocking GC Explicit
08-06 18:23:14.982 11409 11421 I art     : Explicit concurrent mark sweep GC freed 198(3KB) AllocSpace objects, 0(0B) LOS objects, 28% free, 40MB/56MB, paused 946us total 41.189ms
08-06 18:23:15.003 11409 11421 I art     : Starting a blocking GC Explicit
08-06 18:23:15.047 11409 11421 I art     : Explicit concurrent mark sweep GC freed 196(3KB) AllocSpace objects, 0(0B) LOS objects, 28% free, 40MB/56MB, paused 1.101ms total 43.684ms
08-06 18:23:15.069 11409 11421 I art     : Starting a blocking GC Explicit
08-06 18:23:15.112 11409 11421 I art     : Explicit concurrent mark sweep GC freed 194(3KB) AllocSpace objects, 0(0B) LOS objects, 28% free, 40MB/56MB, paused 1.095ms total 43.059ms
08-06 18:23:15.509 11409 11470 I art     : Starting a blocking GC Explicit
08-06 18:23:15.554 11409 11470 I art     : Explicit concurrent mark sweep GC freed 2677(103KB) AllocSpace objects, 2(40KB) LOS objects, 28% free, 40MB/56MB, paused 1.017ms total 44.454ms
08-06 18:23:15.575 11409 11470 I art     : Starting a blocking GC Explicit
08-06 18:23:15.617 11409 11470 I art     : Explicit concurrent mark sweep GC freed 214(3KB) AllocSpace objects, 0(0B) LOS objects, 28% free, 40MB/56MB, paused 1.090ms total 41.397ms
08-06 18:23:15.638 11409 11470 I art     : Starting a blocking GC Explicit
08-06 18:23:15.679 11409 11470 I art     : Explicit concurrent mark sweep GC freed 193(3KB) AllocSpace objects, 0(0B) LOS objects, 28% free, 40MB/56MB, paused 1.275ms total 40.795ms
08-06 18:23:15.699 11409 11470 I art     : Starting a blocking GC Explicit
08-06 18:23:15.745 11409 11470 I art     : Explicit concurrent mark sweep GC freed 184(3KB) AllocSpace objects, 0(0B) LOS objects, 28% free, 40MB/56MB, paused 1.378ms total 45.261ms
08-06 18:23:15.765 11409 11470 I art     : Starting a blocking GC Explicit
08-06 18:23:15.806 11409 11470 I art     : Explicit concurrent mark sweep GC freed 194(3KB) AllocSpace objects, 0(0B) LOS objects, 28% free, 40MB/56MB, paused 980us total 40.143ms
08-06 18:23:16.204 11409 11471 I art     : Starting a blocking GC Explicit
08-06 18:23:16.223 12289 12289 D AndroidRuntime: >>>>>> START com.android.internal.os.RuntimeInit uid 2000 <<<<<<
08-06 18:23:16.230 12289 12289 D AndroidRuntime: CheckJNI is OFF
08-06 18:23:16.246 11409 11471 I art     : Explicit concurrent mark sweep GC freed 2707(103KB) AllocSpace objects, 2(40KB) LOS objects, 28% free, 40MB/56MB, paused 1.277ms total 41.900ms
08-06 18:23:16.266 11409 11471 I art     : Starting a blocking GC Explicit
08-06 18:23:16.284 12289 12289 D ICU     : No timezone override file found: /data/misc/zoneinfo/current/icu/icu_tzdata.dat
08-06 18:23:16.307 11409 11471 I art     : Explicit concurrent mark sweep GC freed 183(3KB) AllocSpace objects, 0(0B) LOS objects, 28% free, 40MB/56MB, paused 1.227ms total 40.792ms
08-06 18:23:16.328 11409 11471 I art     : Starting a blocking GC Explicit
08-06 18:23:16.337 12289 12289 I Radio-JNI: register_android_hardware_Radio DONE
08-06 18:23:16.366 11409 11471 I art     : Explicit concurrent mark sweep GC freed 195(3KB) AllocSpace objects, 0(0B) LOS objects, 28% free, 40MB/56MB, paused 940us total 37.348ms
08-06 18:23:16.367 12289 12289 D AndroidRuntime: Calling main entry com.android.commands.input.Input
08-06 18:23:16.369 12289 12289 I Input   : injectKeyEvent: KeyEvent { action=ACTION_DOWN, keyCode=KEYCODE_BACK, scanCode=0, metaState=0, flags=0x0, repeatCount=0, eventTime=901412781, downTime=901412781, deviceId=-1, source=0x101 }
08-06 18:23:16.373 12289 12289 I Input   : injectKeyEvent: KeyEvent { action=ACTION_UP, keyCode=KEYCODE_BACK, scanCode=0, metaState=0, flags=0x0, repeatCount=0, eventTime=901412781, downTime=901412781, deviceId=-1, source=0x101 }
08-06 18:23:16.382 12289 12289 D AndroidRuntime: Shutting down VM
08-06 18:23:16.385 11409 11471 I art     : Starting a blocking GC Explicit
08-06 18:23:16.394 11409 11409 V MainActivity: url = https://project-travel-mate.herokuapp.com/api/number-of-unread-notifications
08-06 18:23:16.427 11409 11471 I art     : Explicit concurrent mark sweep GC freed 482(18KB) AllocSpace objects, 0(0B) LOS objects, 28% free, 40MB/56MB, paused 1.542ms total 40.995ms
08-06 18:23:16.428 13866 13866 I GoogleInputMethodServic: GoogleInputMethodService.onFinishInput():3138 
08-06 18:23:16.429 13866 13866 I GoogleInputMethodServic: GoogleInputMethodService.onStartInput():1808 
08-06 18:23:16.447 11409 11471 I art     : Starting a blocking GC Explicit
08-06 18:23:16.492 11409 11471 I art     : Explicit concurrent mark sweep GC freed 402(12KB) AllocSpace objects, 0(0B) LOS objects, 28% free, 40MB/56MB, paused 1.107ms total 44.181ms
08-06 18:23:16.742   380   380 W SurfaceFlinger: couldn't log to binary event log: overflow.
08-06 18:23:16.904 11409 11471 I art     : Starting a blocking GC Explicit
08-06 18:23:16.950 11409 11471 I art     : Explicit concurrent mark sweep GC freed 2530(102KB) AllocSpace objects, 2(40KB) LOS objects, 28% free, 40MB/56MB, paused 1.278ms total 45.505ms
08-06 18:23:16.972 11409 11471 I art     : Starting a blocking GC Explicit
08-06 18:23:17.017 11409 11471 I art     : Explicit concurrent mark sweep GC freed 258(9KB) AllocSpace objects, 0(0B) LOS objects, 28% free, 40MB/56MB, paused 1.157ms total 44.850ms
08-06 18:23:17.048 11409 11471 I art     : Starting a blocking GC Explicit
08-06 18:23:17.096 11409 11471 I art     : Explicit concurrent mark sweep GC freed 2668(133KB) AllocSpace objects, 2(120KB) LOS objects, 28% free, 40MB/56MB, paused 1.559ms total 47.581ms
08-06 18:23:17.101 11409 12313 I NAPPA_EXPERIMENTATION: MetricNetworkRequestExecutionTime: REQUEST_DURATION_SYSTEM='704',REQUEST_DURATION_OKHTTP='35',REQUEST_SYNCHRONOUS='FALSE',RESPONSE_CODE='200',RESPONSE_METHOD='GET',RESPONSE_LENGTH_OKHTTP='36',RESPONSE_LENGTH_HEADER='36',REQUEST_PROTOCOL='http/1.1',REQUEST_URL='https://project-travel-mate.herokuapp.com/api/number-of-unread-notifications',
08-06 18:23:17.117 11409 11471 I art     : Starting a blocking GC Explicit
08-06 18:23:17.162 11409 11471 I art     : Explicit concurrent mark sweep GC freed 1173(129KB) AllocSpace objects, 1(80KB) LOS objects, 28% free, 40MB/56MB, paused 1.410ms total 44.280ms
08-06 18:23:17.183 11409 11471 I art     : Starting a blocking GC Explicit
08-06 18:23:17.229 11409 11471 I art     : Explicit concurrent mark sweep GC freed 198(5KB) AllocSpace objects, 0(0B) LOS objects, 28% free, 40MB/56MB, paused 1.453ms total 45.422ms
08-06 18:23:17.624 11409 11470 I art     : Starting a blocking GC Explicit
08-06 18:23:17.667 11409 11470 I art     : Explicit concurrent mark sweep GC freed 2069(93KB) AllocSpace objects, 2(40KB) LOS objects, 28% free, 40MB/56MB, paused 1.126ms total 42.351ms
08-06 18:23:17.687 11409 11470 I art     : Starting a blocking GC Explicit
08-06 18:23:17.730 11409 11470 I art     : Explicit concurrent mark sweep GC freed 115(2320B) AllocSpace objects, 0(0B) LOS objects, 28% free, 40MB/56MB, paused 1.328ms total 41.732ms
08-06 18:23:17.750 11409 11470 I art     : Starting a blocking GC Explicit
08-06 18:23:17.793 11409 11470 I art     : Explicit concurrent mark sweep GC freed 78(1360B) AllocSpace objects, 0(0B) LOS objects, 28% free, 40MB/56MB, paused 1.300ms total 43.106ms
08-06 18:23:17.814 11409 11470 I art     : Starting a blocking GC Explicit
08-06 18:23:17.857 11409 11470 I art     : Explicit concurrent mark sweep GC freed 99(1696B) AllocSpace objects, 0(0B) LOS objects, 28% free, 40MB/56MB, paused 1.113ms total 42.864ms
08-06 18:23:17.878 11409 11470 I art     : Starting a blocking GC Explicit
08-06 18:23:17.922 11409 11470 I art     : Explicit concurrent mark sweep GC freed 99(1696B) AllocSpace objects, 0(0B) LOS objects, 28% free, 40MB/56MB, paused 1.147ms total 43.510ms
08-06 18:23:18.270 12336 12336 D AndroidRuntime: >>>>>> START com.android.internal.os.RuntimeInit uid 2000 <<<<<<
08-06 18:23:18.276 12336 12336 D AndroidRuntime: CheckJNI is OFF
08-06 18:23:18.331 12336 12336 D ICU     : No timezone override file found: /data/misc/zoneinfo/current/icu/icu_tzdata.dat
08-06 18:23:18.332 11409 11421 I art     : Starting a blocking GC Explicit
08-06 18:23:18.375 11409 11421 I art     : Explicit concurrent mark sweep GC freed 2106(94KB) AllocSpace objects, 2(40KB) LOS objects, 28% free, 40MB/56MB, paused 1.294ms total 42.641ms
08-06 18:23:18.377 12336 12336 I Radio-JNI: register_android_hardware_Radio DONE
08-06 18:23:18.395 11409 11421 I art     : Starting a blocking GC Explicit
08-06 18:23:18.409 12336 12336 D AndroidRuntime: Calling main entry com.android.commands.input.Input
08-06 18:23:18.412 12336 12336 I Input   : injectMotionEvent: MotionEvent { action=ACTION_DOWN, actionButton=0, id[0]=0, x[0]=346.0, y[0]=709.0, toolType[0]=TOOL_TYPE_UNKNOWN, buttonState=0, metaState=0, flags=0x0, edgeFlags=0x0, pointerCount=1, historySize=0, eventTime=901414824, downTime=901414824, deviceId=0, source=0x1002 }
08-06 18:23:18.418 12336 12336 I Input   : injectMotionEvent: MotionEvent { action=ACTION_UP, actionButton=0, id[0]=0, x[0]=346.0, y[0]=709.0, toolType[0]=TOOL_TYPE_UNKNOWN, buttonState=0, metaState=0, flags=0x0, edgeFlags=0x0, pointerCount=1, historySize=0, eventTime=901414824, downTime=901414824, deviceId=0, source=0x1002 }
08-06 18:23:18.430   918   928 I ActivityManager: START u0 {cmp=baseline.io.github.project_travel_mate/.destinations.description.FinalCityInfoActivity (has extras)} from uid 10696 on display 0
08-06 18:23:18.440 12336 12336 D AndroidRuntime: Shutting down VM
08-06 18:23:18.441 11409 11421 I art     : Explicit concurrent mark sweep GC freed 1174(174KB) AllocSpace objects, 0(0B) LOS objects, 28% free, 40MB/56MB, paused 1.547ms total 44.938ms
08-06 18:23:18.463 11409 11421 I art     : Starting a blocking GC Explicit
08-06 18:23:18.470 11409 11492 D Gabe    : call	returning from cache
08-06 18:23:18.508 11409 11421 I art     : Explicit concurrent mark sweep GC freed 2549(111KB) AllocSpace objects, 0(0B) LOS objects, 28% free, 40MB/56MB, paused 1.809ms total 44.051ms
08-06 18:23:18.524 11409 11409 V EXECUTING: https://project-travel-mate.herokuapp.com/api/get-city-weather/1
08-06 18:23:18.528 11409 11421 I art     : Starting a blocking GC Explicit
08-06 18:23:18.574 11409 11421 I art     : Explicit concurrent mark sweep GC freed 2030(143KB) AllocSpace objects, 0(0B) LOS objects, 28% free, 40MB/56MB, paused 1.421ms total 45.422ms
08-06 18:23:18.594 11409 11421 I art     : Starting a blocking GC Explicit
08-06 18:23:18.645 11409 11421 I art     : Explicit concurrent mark sweep GC freed 768(29KB) AllocSpace objects, 0(0B) LOS objects, 26% free, 44MB/60MB, paused 1.480ms total 50.498ms
08-06 18:23:18.701 13866 13866 I GoogleInputMethodServic: GoogleInputMethodService.onFinishInput():3138 
08-06 18:23:18.701   918   936 I ActivityManager: Displayed baseline.io.github.project_travel_mate/.destinations.description.FinalCityInfoActivity: +260ms
08-06 18:23:18.701 13866 13866 I GoogleInputMethodServic: GoogleInputMethodService.onStartInput():1808 
08-06 18:23:18.961   380   380 W SurfaceFlinger: couldn't log to binary event log: overflow.
08-06 18:23:19.030 11409 12361 I NAPPA_EXPERIMENTATION: MetricNetworkRequestExecutionTime: REQUEST_DURATION_SYSTEM='506',REQUEST_DURATION_OKHTTP='50',REQUEST_SYNCHRONOUS='FALSE',RESPONSE_CODE='200',RESPONSE_METHOD='GET',RESPONSE_LENGTH_OKHTTP='238',RESPONSE_LENGTH_HEADER='238',REQUEST_PROTOCOL='http/1.1',REQUEST_URL='https://project-travel-mate.herokuapp.com/api/get-city-weather/1',
08-06 18:23:19.037 11409 12362 I NAPPA_EXPERIMENTATION: MetricNetworkRequestExecutionTime: REQUEST_DURATION_SYSTEM='512',REQUEST_DURATION_OKHTTP='58',REQUEST_SYNCHRONOUS='FALSE',RESPONSE_CODE='200',RESPONSE_METHOD='GET',RESPONSE_LENGTH_OKHTTP='530',RESPONSE_LENGTH_HEADER='530',REQUEST_PROTOCOL='http/1.1',REQUEST_URL='https://project-travel-mate.herokuapp.com/api/get-city/1',
08-06 18:23:19.051 11409 11422 I art     : Starting a blocking GC Explicit
08-06 18:23:19.069 11409 12362 V Response: {"id":1,"city_name":"Delhi","description":"Delhi, officially the National Capital Territory of Delhi, is the Capital territory of India. During the British Raj, Delhi was part of the province of Punjab and is still historically and culturally connected to the Punjab region.","latitude":"28.613900","longitude":"77.209000","facts_count":6,"images":["https://upload.wikimedia.org/wikipedia/commons/9/94/%E0%B4%96%E0%B5%81%E0%B4%A4%E0%B5%8D%E0%B4%AC%E0%B5%8D_%E0%B4%AE%E0%B4%BF%E0%B4%A8%E0%B4%BE%E0%B5%BC1.jpg"],"has_visited":false}
08-06 18:23:19.110 11409 11422 I art     : Explicit concurrent mark sweep GC freed 8813(431KB) AllocSpace objects, 5(240KB) LOS objects, 26% free, 45MB/61MB, paused 1.916ms total 58.926ms
08-06 18:23:19.132 11409 11422 I art     : Starting a blocking GC Explicit
08-06 18:23:19.184 11409 11422 I art     : Explicit concurrent mark sweep GC freed 1438(131KB) AllocSpace objects, 1(4MB) LOS objects, 28% free, 40MB/56MB, paused 1.464ms total 51.239ms
08-06 18:23:19.204 11409 11422 I art     : Starting a blocking GC Explicit
08-06 18:23:19.252 11409 11422 I art     : Explicit concurrent mark sweep GC freed 221(3KB) AllocSpace objects, 0(0B) LOS objects, 28% free, 40MB/56MB, paused 1.271ms total 47.124ms
08-06 18:23:19.274 11409 11422 I art     : Starting a blocking GC Explicit
08-06 18:23:19.323 11409 11422 I art     : Explicit concurrent mark sweep GC freed 195(3KB) AllocSpace objects, 0(0B) LOS objects, 28% free, 40MB/56MB, paused 1.447ms total 48.915ms
08-06 18:23:19.345 11409 11422 I art     : Starting a blocking GC Explicit
08-06 18:23:19.394 11409 11422 I art     : Explicit concurrent mark sweep GC freed 194(3KB) AllocSpace objects, 0(0B) LOS objects, 28% free, 40MB/56MB, paused 1.240ms total 49.352ms
08-06 18:23:19.797 11409 11471 I art     : Starting a blocking GC Explicit
08-06 18:23:19.847 11409 11471 I art     : Explicit concurrent mark sweep GC freed 2748(105KB) AllocSpace objects, 2(40KB) LOS objects, 28% free, 40MB/56MB, paused 1.355ms total 49.783ms
08-06 18:23:19.870 11409 11471 I art     : Starting a blocking GC Explicit
08-06 18:23:19.919 11409 11471 I art     : Explicit concurrent mark sweep GC freed 272(5KB) AllocSpace objects, 0(0B) LOS objects, 28% free, 40MB/56MB, paused 1.450ms total 48.615ms
08-06 18:23:19.919 11409 11420 I art     : WaitForGcToComplete blocked for 48.991ms for cause HeapTrim
08-06 18:23:19.940 11409 11471 I art     : Starting a blocking GC Explicit
08-06 18:23:19.989 11409 11471 I art     : Explicit concurrent mark sweep GC freed 195(3KB) AllocSpace objects, 0(0B) LOS objects, 28% free, 40MB/56MB, paused 1.338ms total 48.543ms
08-06 18:23:20.011 11409 11471 I art     : Starting a blocking GC Explicit
08-06 18:23:20.061 11409 11471 I art     : Explicit concurrent mark sweep GC freed 194(3KB) AllocSpace objects, 0(0B) LOS objects, 28% free, 40MB/56MB, paused 1.413ms total 48.967ms
08-06 18:23:20.082 11409 11471 I art     : Starting a blocking GC Explicit
08-06 18:23:20.131 11409 11471 I art     : Explicit concurrent mark sweep GC freed 202(3KB) AllocSpace objects, 0(0B) LOS objects, 28% free, 40MB/56MB, paused 1.517ms total 48.536ms
08-06 18:23:20.550 11409 11422 I art     : Starting a blocking GC Explicit
08-06 18:23:20.600 11409 11422 I art     : Explicit concurrent mark sweep GC freed 2791(105KB) AllocSpace objects, 2(40KB) LOS objects, 28% free, 40MB/56MB, paused 1.579ms total 49.900ms
08-06 18:23:20.623 11409 11422 I art     : Starting a blocking GC Explicit
08-06 18:23:20.672 11409 11422 I art     : Explicit concurrent mark sweep GC freed 237(4KB) AllocSpace objects, 0(0B) LOS objects, 28% free, 40MB/56MB, paused 1.210ms total 48.891ms
08-06 18:23:20.694 11409 11422 I art     : Starting a blocking GC Explicit
08-06 18:23:20.743 11409 11422 I art     : Explicit concurrent mark sweep GC freed 196(3KB) AllocSpace objects, 0(0B) LOS objects, 28% free, 40MB/56MB, paused 1.201ms total 48.830ms
08-06 18:23:20.766 11409 11422 I art     : Starting a blocking GC Explicit
08-06 18:23:20.816 11409 11422 I art     : Explicit concurrent mark sweep GC freed 214(3KB) AllocSpace objects, 0(0B) LOS objects, 28% free, 40MB/56MB, paused 1.498ms total 49.559ms
08-06 18:23:20.838 11409 11422 I art     : Starting a blocking GC Explicit
08-06 18:23:20.888 11409 11422 I art     : Explicit concurrent mark sweep GC freed 224(3KB) AllocSpace objects, 0(0B) LOS objects, 28% free, 40MB/56MB, paused 1.658ms total 49.508ms
08-06 18:23:21.316 11409 11470 I art     : Starting a blocking GC Explicit
08-06 18:23:21.366 11409 11470 I art     : Explicit concurrent mark sweep GC freed 2772(105KB) AllocSpace objects, 2(40KB) LOS objects, 28% free, 40MB/56MB, paused 1.473ms total 49.375ms
08-06 18:23:21.389 11409 11470 I art     : Starting a blocking GC Explicit
08-06 18:23:21.439 11409 11470 I art     : Explicit concurrent mark sweep GC freed 262(4KB) AllocSpace objects, 0(0B) LOS objects, 28% free, 40MB/56MB, paused 1.508ms total 49.369ms
08-06 18:23:21.460 11409 11470 I art     : Starting a blocking GC Explicit
08-06 18:23:21.509 11409 11470 I art     : Explicit concurrent mark sweep GC freed 195(3KB) AllocSpace objects, 0(0B) LOS objects, 28% free, 40MB/56MB, paused 1.313ms total 48.269ms
08-06 18:23:21.531 11409 11470 I art     : Starting a blocking GC Explicit
08-06 18:23:21.580 11409 11470 I art     : Explicit concurrent mark sweep GC freed 194(3KB) AllocSpace objects, 0(0B) LOS objects, 28% free, 40MB/56MB, paused 1.445ms total 49.201ms
08-06 18:23:21.602 11409 11470 I art     : Starting a blocking GC Explicit
08-06 18:23:21.651 11409 11470 I art     : Explicit concurrent mark sweep GC freed 236(3KB) AllocSpace objects, 0(0B) LOS objects, 28% free, 40MB/56MB, paused 1.489ms total 48.401ms
08-06 18:23:22.083 11409 11421 I art     : Starting a blocking GC Explicit
08-06 18:23:22.131 11409 11421 I art     : Explicit concurrent mark sweep GC freed 2793(105KB) AllocSpace objects, 2(40KB) LOS objects, 28% free, 40MB/56MB, paused 1.249ms total 47.675ms
08-06 18:23:22.152 11409 11421 I art     : Starting a blocking GC Explicit
08-06 18:23:22.199 11409 11421 I art     : Explicit concurrent mark sweep GC freed 224(4KB) AllocSpace objects, 0(0B) LOS objects, 28% free, 40MB/56MB, paused 1.443ms total 46.821ms
08-06 18:23:22.221 11409 11421 I art     : Starting a blocking GC Explicit
08-06 18:23:22.269 11409 11421 I art     : Explicit concurrent mark sweep GC freed 242(3KB) AllocSpace objects, 0(0B) LOS objects, 28% free, 40MB/56MB, paused 1.360ms total 47.567ms
08-06 18:23:22.291 11409 11421 I art     : Starting a blocking GC Explicit
08-06 18:23:22.341 11409 11421 I art     : Explicit concurrent mark sweep GC freed 196(3KB) AllocSpace objects, 0(0B) LOS objects, 28% free, 40MB/56MB, paused 1.285ms total 49.925ms
08-06 18:23:22.364 11409 11421 I art     : Starting a blocking GC Explicit
08-06 18:23:22.413 11409 11421 I art     : Explicit concurrent mark sweep GC freed 194(3KB) AllocSpace objects, 0(0B) LOS objects, 28% free, 40MB/56MB, paused 1.248ms total 49.256ms
08-06 18:23:22.844 11409 11470 I art     : Starting a blocking GC Explicit
08-06 18:23:22.893 11409 11470 I art     : Explicit concurrent mark sweep GC freed 2844(106KB) AllocSpace objects, 2(40KB) LOS objects, 28% free, 40MB/56MB, paused 1.263ms total 47.593ms
08-06 18:23:22.914 11409 11470 I art     : Starting a blocking GC Explicit
08-06 18:23:22.960 11409 11470 I art     : Explicit concurrent mark sweep GC freed 223(4KB) AllocSpace objects, 0(0B) LOS objects, 28% free, 40MB/56MB, paused 1.323ms total 46.334ms
08-06 18:23:22.981 11409 11470 I art     : Starting a blocking GC Explicit
08-06 18:23:23.028 11409 11470 I art     : Explicit concurrent mark sweep GC freed 195(3KB) AllocSpace objects, 0(0B) LOS objects, 28% free, 40MB/56MB, paused 1.429ms total 46.636ms
08-06 18:23:23.049 11409 11470 I art     : Starting a blocking GC Explicit
08-06 18:23:23.096 11409 11470 I art     : Explicit concurrent mark sweep GC freed 194(3KB) AllocSpace objects, 0(0B) LOS objects, 28% free, 40MB/56MB, paused 1.320ms total 46.677ms
08-06 18:23:23.118 11409 11470 I art     : Starting a blocking GC Explicit
08-06 18:23:23.165 11409 11470 I art     : Explicit concurrent mark sweep GC freed 197(3KB) AllocSpace objects, 0(0B) LOS objects, 28% free, 40MB/56MB, paused 1.357ms total 47.045ms
08-06 18:23:23.323 12427 12427 D AndroidRuntime: >>>>>> START com.android.internal.os.RuntimeInit uid 2000 <<<<<<
08-06 18:23:23.329 12427 12427 D AndroidRuntime: CheckJNI is OFF
08-06 18:23:23.388 12427 12427 D ICU     : No timezone override file found: /data/misc/zoneinfo/current/icu/icu_tzdata.dat
08-06 18:23:23.433 12427 12427 I Radio-JNI: register_android_hardware_Radio DONE
08-06 18:23:23.464 12427 12427 D AndroidRuntime: Calling main entry com.android.commands.input.Input
08-06 18:23:23.467 12427 12427 I Input   : injectMotionEvent: MotionEvent { action=ACTION_DOWN, actionButton=0, id[0]=0, x[0]=693.0, y[0]=1450.0, toolType[0]=TOOL_TYPE_UNKNOWN, buttonState=0, metaState=0, flags=0x0, edgeFlags=0x0, pointerCount=1, historySize=0, eventTime=901419879, downTime=901419879, deviceId=0, source=0x1002 }
08-06 18:23:23.473 12427 12427 I Input   : injectMotionEvent: MotionEvent { action=ACTION_UP, actionButton=0, id[0]=0, x[0]=693.0, y[0]=1450.0, toolType[0]=TOOL_TYPE_UNKNOWN, buttonState=0, metaState=0, flags=0x0, edgeFlags=0x0, pointerCount=1, historySize=0, eventTime=901419879, downTime=901419879, deviceId=0, source=0x1002 }
08-06 18:23:23.475 12427 12427 D AndroidRuntime: Shutting down VM
08-06 18:23:23.476   918  6112 I ActivityManager: START u0 {cmp=baseline.io.github.project_travel_mate/.destinations.description.CityHistoryActivity} from uid 10696 on display 0
08-06 18:23:23.477   512  2967 D audio_hw_primary: out_set_parameters: enter: usecase(1: low-latency-playback) kvpairs: routing=2
08-06 18:23:23.490   512  2967 D audio_hw_primary: select_devices: out_snd_device(2: speaker) in_snd_device(0: none)
08-06 18:23:23.490   512  2967 D msm8974_platform: platform_send_audio_calibration: sending audio calibration for snd_device(2) acdb_id(15)
08-06 18:23:23.490   512  2967 I soundtrigger: audio_extn_sound_trigger_update_device_status: device 0x2 of type 0 for Event 1
08-06 18:23:23.503   512  2967 D audio_hw_primary: enable_snd_device: snd_device(2: speaker)
08-06 18:23:23.505   512  2967 D audio_hw_primary: enable_audio_route: apply and update mixer path: low-latency-playback speaker
08-06 18:23:23.524 11409 11492 D Gabe    : call	returning from cache
08-06 18:23:23.527 11409 11409 V EXECUTING: https://project-travel-mate.herokuapp.com/api/get-city-information/1
08-06 18:23:23.565   518   646 I ThermalEngine: ACTION: GPU - Setting GPU[0] to 450000000
08-06 18:23:23.571 11409 11421 I art     : Starting a blocking GC Explicit
08-06 18:23:23.613 11409 11421 I art     : Explicit concurrent mark sweep GC freed 3488(159KB) AllocSpace objects, 2(40KB) LOS objects, 26% free, 45MB/61MB, paused 1.334ms total 42.021ms
08-06 18:23:23.629 11409 11421 I art     : Starting a blocking GC Explicit
08-06 18:23:23.667 11409 11421 I art     : Explicit concurrent mark sweep GC freed 248(12KB) AllocSpace objects, 0(0B) LOS objects, 26% free, 45MB/61MB, paused 939us total 37.244ms
08-06 18:23:23.683 11409 11421 I art     : Starting a blocking GC Explicit
08-06 18:23:23.685 13866 13866 I GoogleInputMethodServic: GoogleInputMethodService.onFinishInput():3138 
08-06 18:23:23.685   918   936 I ActivityManager: Displayed baseline.io.github.project_travel_mate/.destinations.description.CityHistoryActivity: +197ms
08-06 18:23:23.685 13866 13866 I GoogleInputMethodServic: GoogleInputMethodService.onStartInput():1808 
08-06 18:23:23.721 11409 11421 I art     : Explicit concurrent mark sweep GC freed 153(3KB) AllocSpace objects, 0(0B) LOS objects, 26% free, 45MB/61MB, paused 1.123ms total 38.261ms
08-06 18:23:23.739 11409 11421 I art     : Starting a blocking GC Explicit
08-06 18:23:23.778 11409 11421 I art     : Explicit concurrent mark sweep GC freed 84(1472B) AllocSpace objects, 0(0B) LOS objects, 26% free, 45MB/61MB, paused 909us total 38.595ms
08-06 18:23:23.795 11409 11421 I art     : Starting a blocking GC Explicit
08-06 18:23:23.816   918  1210 D NetlinkSocketObserver: NeighborEvent{elapsedMs=1884807691, 192.168.2.254, [7C3953A63323], RTM_NEWNEIGH, NUD_PROBE}
08-06 18:23:23.831 11409 11421 I art     : Explicit concurrent mark sweep GC freed 225(3KB) AllocSpace objects, 0(0B) LOS objects, 26% free, 45MB/61MB, paused 850us total 35.729ms
08-06 18:23:23.932   380   380 W SurfaceFlinger: couldn't log to binary event log: overflow.
08-06 18:23:24.039   512  2967 D audio_hw_primary: disable_audio_route: reset and update mixer path: low-latency-playback speaker
08-06 18:23:24.041   512  2967 D audio_hw_primary: disable_snd_device: snd_device(2: speaker)
08-06 18:23:24.048   512  2967 I soundtrigger: audio_extn_sound_trigger_update_device_status: device 0x2 of type 0 for Event 0
08-06 18:23:24.195 11409 11470 I art     : Starting a blocking GC Explicit
08-06 18:23:24.236 11409 11470 I art     : Explicit concurrent mark sweep GC freed 5238(235KB) AllocSpace objects, 5(240KB) LOS objects, 25% free, 45MB/61MB, paused 1.393ms total 40.911ms
08-06 18:23:24.252 11409 11470 I art     : Starting a blocking GC Explicit
08-06 18:23:24.265 11409 12451 I NAPPA_EXPERIMENTATION: MetricNetworkRequestExecutionTime: REQUEST_DURATION_SYSTEM='737',REQUEST_DURATION_OKHTTP='33',REQUEST_SYNCHRONOUS='FALSE',RESPONSE_CODE='200',RESPONSE_METHOD='GET',RESPONSE_LENGTH_OKHTTP='55024',RESPONSE_LENGTH_HEADER='55024',REQUEST_PROTOCOL='http/1.1',REQUEST_URL='https://project-travel-mate.herokuapp.com/api/get-city-information/1',
08-06 18:23:24.290 11409 11470 I art     : Explicit concurrent mark sweep GC freed 1212(130KB) AllocSpace objects, 0(0B) LOS objects, 25% free, 45MB/61MB, paused 1.039ms total 37.985ms
08-06 18:23:24.307 11409 11470 I art     : Starting a blocking GC Explicit
08-06 18:23:24.345 11409 11470 I art     : Explicit concurrent mark sweep GC freed 244(6KB) AllocSpace objects, 3(272KB) LOS objects, 25% free, 45MB/61MB, paused 988us total 37.671ms
08-06 18:23:24.362 11409 11470 I art     : Starting a blocking GC Explicit
08-06 18:23:24.400 11409 11470 I art     : Explicit concurrent mark sweep GC freed 1124(1139KB) AllocSpace objects, 16(408KB) LOS objects, 25% free, 45MB/61MB, paused 1.230ms total 37.788ms
08-06 18:23:24.410 13866 13866 I GoogleInputMethodServic: GoogleInputMethodService.onFinishInput():3138 
08-06 18:23:24.411 13866 13866 I GoogleInputMethodServic: GoogleInputMethodService.onStartInput():1808 
08-06 18:23:24.418 11409 11470 I art     : Starting a blocking GC Explicit
08-06 18:23:24.457 11409 11470 I art     : Explicit concurrent mark sweep GC freed 534(77KB) AllocSpace objects, 1(4MB) LOS objects, 27% free, 41MB/57MB, paused 781us total 39.086ms
08-06 18:23:24.572   518   646 I ThermalEngine: ACTION: GPU - Setting GPU[0] to 390000000
08-06 18:23:24.855 11409 11471 I art     : Starting a blocking GC Explicit
08-06 18:23:24.909 11409 11471 I art     : Explicit concurrent mark sweep GC freed 3402(116KB) AllocSpace objects, 2(40KB) LOS objects, 27% free, 41MB/57MB, paused 1.476ms total 53.777ms
08-06 18:23:24.932 11409 11471 I art     : Starting a blocking GC Explicit
08-06 18:23:24.967   918  3261 D WifiStateMachine: starting scan for "H369AA63323"WPA_PSK with 2412,5180
08-06 18:23:24.984 11409 11471 I art     : Explicit concurrent mark sweep GC freed 326(6KB) AllocSpace objects, 0(0B) LOS objects, 27% free, 41MB/57MB, paused 1.412ms total 52.063ms
08-06 18:23:25.007 11409 11471 I art     : Starting a blocking GC Explicit
08-06 18:23:25.057 11409 11471 I art     : Explicit concurrent mark sweep GC freed 362(5KB) AllocSpace objects, 0(0B) LOS objects, 27% free, 41MB/57MB, paused 1.411ms total 49.495ms
08-06 18:23:25.057 11409 11420 I art     : WaitForGcToComplete blocked for 49.893ms for cause HeapTrim
08-06 18:23:25.080 11409 11471 I art     : Starting a blocking GC Explicit
08-06 18:23:25.132 11409 11471 I art     : Explicit concurrent mark sweep GC freed 292(4KB) AllocSpace objects, 0(0B) LOS objects, 27% free, 41MB/57MB, paused 1.268ms total 52.090ms
08-06 18:23:25.155 11409 11471 I art     : Starting a blocking GC Explicit
08-06 18:23:25.216 11409 11471 I art     : Explicit concurrent mark sweep GC freed 370(6KB) AllocSpace objects, 0(0B) LOS objects, 27% free, 41MB/57MB, paused 2.294ms total 60.748ms
08-06 18:23:25.623 11409 11470 I art     : Starting a blocking GC Explicit
08-06 18:23:25.677 11409 11470 I art     : Explicit concurrent mark sweep GC freed 3479(117KB) AllocSpace objects, 2(40KB) LOS objects, 27% free, 41MB/57MB, paused 1.510ms total 53.361ms
08-06 18:23:25.700 11409 11470 I art     : Starting a blocking GC Explicit
08-06 18:23:25.752 11409 11470 I art     : Explicit concurrent mark sweep GC freed 320(5KB) AllocSpace objects, 0(0B) LOS objects, 27% free, 41MB/57MB, paused 1.320ms total 51.970ms
08-06 18:23:25.775 11409 11470 I art     : Starting a blocking GC Explicit
08-06 18:23:25.827 11409 11470 I art     : Explicit concurrent mark sweep GC freed 363(5KB) AllocSpace objects, 0(0B) LOS objects, 27% free, 41MB/57MB, paused 1.241ms total 52.317ms
08-06 18:23:25.850 11409 11470 I art     : Starting a blocking GC Explicit
08-06 18:23:25.902 11409 11470 I art     : Explicit concurrent mark sweep GC freed 291(4KB) AllocSpace objects, 0(0B) LOS objects, 27% free, 41MB/57MB, paused 1.458ms total 52.378ms
08-06 18:23:25.925 11409 11470 I art     : Starting a blocking GC Explicit
08-06 18:23:25.977 11409 11470 I art     : Explicit concurrent mark sweep GC freed 363(5KB) AllocSpace objects, 0(0B) LOS objects, 27% free, 41MB/57MB, paused 1.252ms total 51.770ms
08-06 18:23:26.406 11409 11422 I art     : Starting a blocking GC Explicit
08-06 18:23:26.459 11409 11422 I art     : Explicit concurrent mark sweep GC freed 3515(117KB) AllocSpace objects, 2(40KB) LOS objects, 27% free, 41MB/57MB, paused 1.569ms total 52.453ms
08-06 18:23:26.483 11409 11422 I art     : Starting a blocking GC Explicit
08-06 18:23:26.535 11409 11422 I art     : Explicit concurrent mark sweep GC freed 311(5KB) AllocSpace objects, 0(0B) LOS objects, 27% free, 41MB/57MB, paused 1.255ms total 51.450ms
08-06 18:23:26.557 11409 11422 I art     : Starting a blocking GC Explicit
08-06 18:23:26.609 11409 11422 I art     : Explicit concurrent mark sweep GC freed 362(5KB) AllocSpace objects, 0(0B) LOS objects, 27% free, 41MB/57MB, paused 1.460ms total 51.561ms
08-06 18:23:26.632 11409 11422 I art     : Starting a blocking GC Explicit
08-06 18:23:26.684 11409 11422 I art     : Explicit concurrent mark sweep GC freed 293(4KB) AllocSpace objects, 0(0B) LOS objects, 27% free, 41MB/57MB, paused 1.260ms total 51.563ms
08-06 18:23:26.707 11409 11422 I art     : Starting a blocking GC Explicit
08-06 18:23:26.758 11409 11422 I art     : Explicit concurrent mark sweep GC freed 362(5KB) AllocSpace objects, 0(0B) LOS objects, 27% free, 41MB/57MB, paused 1.513ms total 50.747ms
08-06 18:23:27.190 11409 11471 I art     : Starting a blocking GC Explicit
08-06 18:23:27.244 11409 11471 I art     : Explicit concurrent mark sweep GC freed 3517(117KB) AllocSpace objects, 2(40KB) LOS objects, 27% free, 41MB/57MB, paused 1.392ms total 52.465ms
08-06 18:23:27.266 11409 11471 I art     : Starting a blocking GC Explicit
08-06 18:23:27.319 11409 11471 I art     : Explicit concurrent mark sweep GC freed 311(5KB) AllocSpace objects, 0(0B) LOS objects, 27% free, 41MB/57MB, paused 1.350ms total 52.172ms
08-06 18:23:27.341 11409 11471 I art     : Starting a blocking GC Explicit
08-06 18:23:27.393 11409 11471 I art     : Explicit concurrent mark sweep GC freed 362(5KB) AllocSpace objects, 0(0B) LOS objects, 27% free, 41MB/57MB, paused 1.440ms total 51.524ms
08-06 18:23:27.416 11409 11471 I art     : Starting a blocking GC Explicit
08-06 18:23:27.468 11409 11471 I art     : Explicit concurrent mark sweep GC freed 292(4KB) AllocSpace objects, 0(0B) LOS objects, 27% free, 41MB/57MB, paused 1.454ms total 52.193ms
08-06 18:23:27.492 11409 11471 I art     : Starting a blocking GC Explicit
08-06 18:23:27.544 11409 11471 I art     : Explicit concurrent mark sweep GC freed 363(5KB) AllocSpace objects, 0(0B) LOS objects, 27% free, 41MB/57MB, paused 1.284ms total 52.160ms
08-06 18:23:27.943 11409 11421 I art     : Starting a blocking GC Explicit
08-06 18:23:27.994 11409 11421 I art     : Explicit concurrent mark sweep GC freed 3384(115KB) AllocSpace objects, 2(40KB) LOS objects, 27% free, 41MB/57MB, paused 1.426ms total 50.005ms
08-06 18:23:28.016 11409 11421 I art     : Starting a blocking GC Explicit
08-06 18:23:28.065 11409 11421 I art     : Explicit concurrent mark sweep GC freed 321(6KB) AllocSpace objects, 0(0B) LOS objects, 27% free, 41MB/57MB, paused 1.361ms total 49.040ms
08-06 18:23:28.087 11409 11421 I art     : Starting a blocking GC Explicit
08-06 18:23:28.138 11409 11421 I art     : Explicit concurrent mark sweep GC freed 290(4KB) AllocSpace objects, 0(0B) LOS objects, 27% free, 41MB/57MB, paused 1.594ms total 50.439ms
08-06 18:23:28.160 11409 11421 I art     : Starting a blocking GC Explicit
08-06 18:23:28.210 11409 11421 I art     : Explicit concurrent mark sweep GC freed 363(5KB) AllocSpace objects, 0(0B) LOS objects, 27% free, 41MB/57MB, paused 1.539ms total 49.757ms
08-06 18:23:28.232 11409 11421 I art     : Starting a blocking GC Explicit
08-06 18:23:28.282 11409 11421 I art     : Explicit concurrent mark sweep GC freed 292(4KB) AllocSpace objects, 0(0B) LOS objects, 27% free, 41MB/57MB, paused 1.307ms total 49.731ms
08-06 18:23:28.351 12513 12513 D AndroidRuntime: >>>>>> START com.android.internal.os.RuntimeInit uid 2000 <<<<<<
08-06 18:23:28.357 12513 12513 D AndroidRuntime: CheckJNI is OFF
08-06 18:23:28.410 12513 12513 D ICU     : No timezone override file found: /data/misc/zoneinfo/current/icu/icu_tzdata.dat
08-06 18:23:28.457 12513 12513 I Radio-JNI: register_android_hardware_Radio DONE
08-06 18:23:28.488 12513 12513 D AndroidRuntime: Calling main entry com.android.commands.input.Input
08-06 18:23:28.490 12513 12513 I Input   : injectKeyEvent: KeyEvent { action=ACTION_DOWN, keyCode=KEYCODE_BACK, scanCode=0, metaState=0, flags=0x0, repeatCount=0, eventTime=901424903, downTime=901424903, deviceId=-1, source=0x101 }
08-06 18:23:28.497 12513 12513 I Input   : injectKeyEvent: KeyEvent { action=ACTION_UP, keyCode=KEYCODE_BACK, scanCode=0, metaState=0, flags=0x0, repeatCount=0, eventTime=901424903, downTime=901424903, deviceId=-1, source=0x101 }
08-06 18:23:28.506 12513 12513 D AndroidRuntime: Shutting down VM
08-06 18:23:28.552 13866 13866 I GoogleInputMethodServic: GoogleInputMethodService.onFinishInput():3138 
08-06 18:23:28.553 13866 13866 I GoogleInputMethodServic: GoogleInputMethodService.onStartInput():1808 
08-06 18:23:28.697 11409 11470 I art     : Starting a blocking GC Explicit
08-06 18:23:28.762 11409 11470 I art     : Explicit concurrent mark sweep GC freed 3505(119KB) AllocSpace objects, 2(40KB) LOS objects, 27% free, 41MB/57MB, paused 2.542ms total 63.443ms
08-06 18:23:28.789 11409 11470 I art     : Starting a blocking GC Explicit
08-06 18:23:28.852 11409 11470 I art     : Explicit concurrent mark sweep GC freed 460(8KB) AllocSpace objects, 0(0B) LOS objects, 27% free, 41MB/57MB, paused 1.348ms total 63.294ms
08-06 18:23:28.872   380   380 W SurfaceFlinger: couldn't log to binary event log: overflow.
08-06 18:23:28.875 11409 11470 I art     : Starting a blocking GC Explicit
08-06 18:23:28.926 11409 11470 I art     : Explicit concurrent mark sweep GC freed 293(5KB) AllocSpace objects, 1(188KB) LOS objects, 27% free, 41MB/57MB, paused 1.156ms total 50.291ms
08-06 18:23:28.947 11409 11470 I art     : Starting a blocking GC Explicit
08-06 18:23:28.992 11409 11470 I art     : Explicit concurrent mark sweep GC freed 4855(341KB) AllocSpace objects, 7(132KB) LOS objects, 28% free, 41MB/57MB, paused 1.552ms total 45.515ms
08-06 18:23:29.014 11409 11470 I art     : Starting a blocking GC Explicit
08-06 18:23:29.062 11409 11470 I art     : Explicit concurrent mark sweep GC freed 213(3KB) AllocSpace objects, 0(0B) LOS objects, 28% free, 41MB/57MB, paused 1.236ms total 47.973ms
08-06 18:23:29.461 11409 11422 I art     : Starting a blocking GC Explicit
08-06 18:23:29.512 11409 11422 I art     : Explicit concurrent mark sweep GC freed 2723(104KB) AllocSpace objects, 2(40KB) LOS objects, 28% free, 41MB/57MB, paused 1.413ms total 50.050ms
08-06 18:23:29.536 11409 11422 I art     : Starting a blocking GC Explicit
08-06 18:23:29.583 11409 11422 I art     : Explicit concurrent mark sweep GC freed 215(3KB) AllocSpace objects, 0(0B) LOS objects, 28% free, 41MB/57MB, paused 1.246ms total 47.194ms
08-06 18:23:29.605 11409 11422 I art     : Starting a blocking GC Explicit
08-06 18:23:29.655 11409 11422 I art     : Explicit concurrent mark sweep GC freed 194(3KB) AllocSpace objects, 0(0B) LOS objects, 28% free, 41MB/57MB, paused 1.332ms total 49.735ms
08-06 18:23:29.677 11409 11422 I art     : Starting a blocking GC Explicit
08-06 18:23:29.727 11409 11422 I art     : Explicit concurrent mark sweep GC freed 243(4KB) AllocSpace objects, 0(0B) LOS objects, 28% free, 41MB/57MB, paused 1.338ms total 49.687ms
08-06 18:23:29.750 11409 11422 I art     : Starting a blocking GC Explicit
08-06 18:23:29.796 11409 11422 I art     : Explicit concurrent mark sweep GC freed 196(3KB) AllocSpace objects, 0(0B) LOS objects, 28% free, 41MB/57MB, paused 1.312ms total 46.210ms
08-06 18:23:30.196 11409 11421 I art     : Starting a blocking GC Explicit
08-06 18:23:30.246 11409 11421 I art     : Explicit concurrent mark sweep GC freed 2725(104KB) AllocSpace objects, 2(40KB) LOS objects, 28% free, 41MB/57MB, paused 1.396ms total 50.116ms
08-06 18:23:30.268 11409 11421 I art     : Starting a blocking GC Explicit
08-06 18:23:30.315 11409 11421 I art     : Explicit concurrent mark sweep GC freed 214(3KB) AllocSpace objects, 0(0B) LOS objects, 28% free, 41MB/57MB, paused 1.290ms total 46.512ms
08-06 18:23:30.336 11409 11421 I art     : Starting a blocking GC Explicit
08-06 18:23:30.383 11409 11421 I art     : Explicit concurrent mark sweep GC freed 195(3KB) AllocSpace objects, 0(0B) LOS objects, 28% free, 41MB/57MB, paused 1.380ms total 46.610ms
08-06 18:23:30.386 12555 12555 D AndroidRuntime: >>>>>> START com.android.internal.os.RuntimeInit uid 2000 <<<<<<
08-06 18:23:30.392 12555 12555 D AndroidRuntime: CheckJNI is OFF
08-06 18:23:30.405 11409 11421 I art     : Starting a blocking GC Explicit
08-06 18:23:30.445 12555 12555 D ICU     : No timezone override file found: /data/misc/zoneinfo/current/icu/icu_tzdata.dat
08-06 18:23:30.451 11409 11421 I art     : Explicit concurrent mark sweep GC freed 194(3KB) AllocSpace objects, 0(0B) LOS objects, 28% free, 41MB/57MB, paused 1.384ms total 45.964ms
08-06 18:23:30.473 11409 11421 I art     : Starting a blocking GC Explicit
08-06 18:23:30.491 12555 12555 I Radio-JNI: register_android_hardware_Radio DONE
08-06 18:23:30.521 11409 11421 I art     : Explicit concurrent mark sweep GC freed 195(3KB) AllocSpace objects, 0(0B) LOS objects, 28% free, 41MB/57MB, paused 1.355ms total 48.034ms
08-06 18:23:30.523 12555 12555 D AndroidRuntime: Calling main entry com.android.commands.input.Input
08-06 18:23:30.525 12555 12555 I Input   : injectKeyEvent: KeyEvent { action=ACTION_DOWN, keyCode=KEYCODE_BACK, scanCode=0, metaState=0, flags=0x0, repeatCount=0, eventTime=901426938, downTime=901426938, deviceId=-1, source=0x101 }
08-06 18:23:30.537 12555 12555 I Input   : injectKeyEvent: KeyEvent { action=ACTION_UP, keyCode=KEYCODE_BACK, scanCode=0, metaState=0, flags=0x0, repeatCount=0, eventTime=901426938, downTime=901426938, deviceId=-1, source=0x101 }
08-06 18:23:30.553 12555 12555 D AndroidRuntime: Shutting down VM
08-06 18:23:30.574 11409 11409 V MainActivity: url = https://project-travel-mate.herokuapp.com/api/number-of-unread-notifications
08-06 18:23:30.608 13866 13866 I GoogleInputMethodServic: GoogleInputMethodService.onFinishInput():3138 
08-06 18:23:30.609 13866 13866 I GoogleInputMethodServic: GoogleInputMethodService.onStartInput():1808 
08-06 18:23:30.922   380   380 W SurfaceFlinger: couldn't log to binary event log: overflow.
08-06 18:23:30.931 11409 11422 I art     : Starting a blocking GC Explicit
08-06 18:23:30.981 11409 11422 I art     : Explicit concurrent mark sweep GC freed 3239(129KB) AllocSpace objects, 2(40KB) LOS objects, 28% free, 41MB/57MB, paused 1.424ms total 48.935ms
08-06 18:23:31.001 11409 11422 I art     : Starting a blocking GC Explicit
08-06 18:23:31.052 11409 11422 I art     : Explicit concurrent mark sweep GC freed 328(12KB) AllocSpace objects, 0(0B) LOS objects, 28% free, 41MB/57MB, paused 1.501ms total 50.614ms
08-06 18:23:31.074 11409 11422 I art     : Starting a blocking GC Explicit
08-06 18:23:31.126 11409 11422 I art     : Explicit concurrent mark sweep GC freed 111(1888B) AllocSpace objects, 0(0B) LOS objects, 28% free, 41MB/57MB, paused 1.699ms total 51.289ms
08-06 18:23:31.148 11409 11422 I art     : Starting a blocking GC Explicit
08-06 18:23:31.202 11409 11422 I art     : Explicit concurrent mark sweep GC freed 2675(133KB) AllocSpace objects, 3(200KB) LOS objects, 27% free, 41MB/57MB, paused 2.030ms total 53.823ms
08-06 18:23:31.224 11409 11422 I art     : Starting a blocking GC Explicit
08-06 18:23:31.228 11409 12578 I NAPPA_EXPERIMENTATION: MetricNetworkRequestExecutionTime: REQUEST_DURATION_SYSTEM='653',REQUEST_DURATION_OKHTTP='33',REQUEST_SYNCHRONOUS='FALSE',RESPONSE_CODE='200',RESPONSE_METHOD='GET',RESPONSE_LENGTH_OKHTTP='36',RESPONSE_LENGTH_HEADER='36',REQUEST_PROTOCOL='http/1.1',REQUEST_URL='https://project-travel-mate.herokuapp.com/api/number-of-unread-notifications',
08-06 18:23:31.276 11409 11422 I art     : Explicit concurrent mark sweep GC freed 1187(130KB) AllocSpace objects, 0(0B) LOS objects, 27% free, 41MB/57MB, paused 1.682ms total 51.256ms
08-06 18:23:31.677 11409 11421 I art     : Starting a blocking GC Explicit
08-06 18:23:31.730 11409 11421 I art     : Explicit concurrent mark sweep GC freed 2194(98KB) AllocSpace objects, 2(40KB) LOS objects, 27% free, 41MB/57MB, paused 1.658ms total 52.184ms
08-06 18:23:31.753 11409 11421 I art     : Starting a blocking GC Explicit
08-06 18:23:31.803 11409 11421 I art     : Explicit concurrent mark sweep GC freed 129(2960B) AllocSpace objects, 0(0B) LOS objects, 28% free, 41MB/57MB, paused 1.499ms total 49.904ms
08-06 18:23:31.825 11409 11421 I art     : Starting a blocking GC Explicit
08-06 18:23:31.874 11409 11421 I art     : Explicit concurrent mark sweep GC freed 99(1696B) AllocSpace objects, 0(0B) LOS objects, 28% free, 41MB/57MB, paused 1.617ms total 48.613ms
08-06 18:23:31.895 11409 11421 I art     : Starting a blocking GC Explicit
08-06 18:23:31.944 11409 11421 I art     : Explicit concurrent mark sweep GC freed 123(2096B) AllocSpace objects, 0(0B) LOS objects, 28% free, 41MB/57MB, paused 1.480ms total 48.395ms
08-06 18:23:31.965 11409 11421 I art     : Starting a blocking GC Explicit
08-06 18:23:32.015 11409 11421 I art     : Explicit concurrent mark sweep GC freed 99(1696B) AllocSpace objects, 0(0B) LOS objects, 28% free, 41MB/57MB, paused 1.340ms total 49.037ms
08-06 18:23:32.198  8071  8071 I ServiceManager: Waiting for service AtCmdFwd...
08-06 18:23:32.435 11409 11421 I art     : Starting a blocking GC Explicit
08-06 18:23:32.462 12600 12600 D AndroidRuntime: >>>>>> START com.android.internal.os.RuntimeInit uid 2000 <<<<<<
08-06 18:23:32.469 12600 12600 D AndroidRuntime: CheckJNI is OFF
08-06 18:23:32.486 11409 11421 I art     : Explicit concurrent mark sweep GC freed 2130(95KB) AllocSpace objects, 2(40KB) LOS objects, 27% free, 41MB/57MB, paused 1.388ms total 50.286ms
08-06 18:23:32.508 11409 11421 I art     : Starting a blocking GC Explicit
08-06 18:23:32.523 12600 12600 D ICU     : No timezone override file found: /data/misc/zoneinfo/current/icu/icu_tzdata.dat
08-06 18:23:32.555 11409 11421 I art     : Explicit concurrent mark sweep GC freed 118(2384B) AllocSpace objects, 0(0B) LOS objects, 28% free, 41MB/57MB, paused 1.412ms total 47.419ms
08-06 18:23:32.567 12600 12600 I Radio-JNI: register_android_hardware_Radio DONE
08-06 18:23:32.577 11409 11421 I art     : Starting a blocking GC Explicit
08-06 18:23:32.601 12600 12600 D AndroidRuntime: Calling main entry com.android.commands.input.Input
08-06 18:23:32.603 12600 12600 I Input   : injectMotionEvent: MotionEvent { action=ACTION_DOWN, actionButton=0, id[0]=0, x[0]=117.0, y[0]=170.0, toolType[0]=TOOL_TYPE_UNKNOWN, buttonState=0, metaState=0, flags=0x0, edgeFlags=0x0, pointerCount=1, historySize=0, eventTime=901429015, downTime=901429015, deviceId=0, source=0x1002 }
08-06 18:23:32.608 12600 12600 I Input   : injectMotionEvent: MotionEvent { action=ACTION_UP, actionButton=0, id[0]=0, x[0]=117.0, y[0]=170.0, toolType[0]=TOOL_TYPE_UNKNOWN, buttonState=0, metaState=0, flags=0x0, edgeFlags=0x0, pointerCount=1, historySize=0, eventTime=901429015, downTime=901429015, deviceId=0, source=0x1002 }
08-06 18:23:32.611 12600 12600 D AndroidRuntime: Shutting down VM
08-06 18:23:32.626 11409 11421 I art     : Explicit concurrent mark sweep GC freed 118(2288B) AllocSpace objects, 0(0B) LOS objects, 27% free, 41MB/57MB, paused 1.498ms total 49.197ms
08-06 18:23:32.634   512  2967 D audio_hw_primary: out_set_parameters: enter: usecase(1: low-latency-playback) kvpairs: routing=2
08-06 18:23:32.648   512  2967 D audio_hw_primary: select_devices: out_snd_device(2: speaker) in_snd_device(0: none)
08-06 18:23:32.648   512  2967 D msm8974_platform: platform_send_audio_calibration: sending audio calibration for snd_device(2) acdb_id(15)
08-06 18:23:32.648   512  2967 I soundtrigger: audio_extn_sound_trigger_update_device_status: device 0x2 of type 0 for Event 1
08-06 18:23:32.650 11409 11421 I art     : Starting a blocking GC Explicit
08-06 18:23:32.658   512  2967 D audio_hw_primary: enable_snd_device: snd_device(2: speaker)
08-06 18:23:32.660   512  2967 D audio_hw_primary: enable_audio_route: apply and update mixer path: low-latency-playback speaker
08-06 18:23:32.701 11409 11421 I art     : Explicit concurrent mark sweep GC freed 133(3KB) AllocSpace objects, 0(0B) LOS objects, 27% free, 41MB/57MB, paused 1.382ms total 50.082ms
08-06 18:23:32.721 11409 11421 I art     : Starting a blocking GC Explicit
08-06 18:23:32.771 11409 11421 I art     : Explicit concurrent mark sweep GC freed 369(17KB) AllocSpace objects, 0(0B) LOS objects, 27% free, 41MB/57MB, paused 1.529ms total 49.604ms
08-06 18:23:33.182 11409 11422 I art     : Starting a blocking GC Explicit
08-06 18:23:33.198  8071  8071 I ServiceManager: Waiting for service AtCmdFwd...
08-06 18:23:33.209   512  2967 D audio_hw_primary: disable_audio_route: reset and update mixer path: low-latency-playback speaker
08-06 18:23:33.210   512  2967 D audio_hw_primary: disable_snd_device: snd_device(2: speaker)
08-06 18:23:33.218   512  2967 I soundtrigger: audio_extn_sound_trigger_update_device_status: device 0x2 of type 0 for Event 0
08-06 18:23:33.231 11409 11422 I art     : Explicit concurrent mark sweep GC freed 2150(97KB) AllocSpace objects, 2(40KB) LOS objects, 27% free, 41MB/57MB, paused 1.417ms total 48.123ms
08-06 18:23:33.251 11409 11422 I art     : Starting a blocking GC Explicit
08-06 18:23:33.299 11409 11422 I art     : Explicit concurrent mark sweep GC freed 129(2736B) AllocSpace objects, 0(0B) LOS objects, 27% free, 41MB/57MB, paused 1.535ms total 47.174ms
08-06 18:23:33.320 11409 11422 I art     : Starting a blocking GC Explicit
08-06 18:23:33.369 11409 11422 I art     : Explicit concurrent mark sweep GC freed 99(1696B) AllocSpace objects, 0(0B) LOS objects, 27% free, 41MB/57MB, paused 1.509ms total 47.713ms
08-06 18:23:33.390 11409 11422 I art     : Starting a blocking GC Explicit
08-06 18:23:33.437 11409 11422 I art     : Explicit concurrent mark sweep GC freed 99(1696B) AllocSpace objects, 0(0B) LOS objects, 27% free, 41MB/57MB, paused 1.330ms total 46.774ms
08-06 18:23:33.458 11409 11422 I art     : Starting a blocking GC Explicit
08-06 18:23:33.499 12625 12625 D AndroidRuntime: >>>>>> START com.android.internal.os.RuntimeInit uid 2000 <<<<<<
08-06 18:23:33.505 12625 12625 D AndroidRuntime: CheckJNI is OFF
08-06 18:23:33.507 11409 11422 I art     : Explicit concurrent mark sweep GC freed 100(1728B) AllocSpace objects, 0(0B) LOS objects, 27% free, 41MB/57MB, paused 1.438ms total 49.066ms
08-06 18:23:33.561 12625 12625 D ICU     : No timezone override file found: /data/misc/zoneinfo/current/icu/icu_tzdata.dat
08-06 18:23:33.607 12625 12625 I Radio-JNI: register_android_hardware_Radio DONE
08-06 18:23:33.640 12625 12625 D AndroidRuntime: Calling main entry com.android.commands.input.Input
08-06 18:23:33.642 12625 12625 I Input   : injectMotionEvent: MotionEvent { action=ACTION_DOWN, actionButton=0, id[0]=0, x[0]=355.0, y[0]=1674.0, toolType[0]=TOOL_TYPE_UNKNOWN, buttonState=0, metaState=0, flags=0x0, edgeFlags=0x0, pointerCount=1, historySize=0, eventTime=901430055, downTime=901430055, deviceId=0, source=0x1002 }
08-06 18:23:33.647 12625 12625 I Input   : injectMotionEvent: MotionEvent { action=ACTION_UP, actionButton=0, id[0]=0, x[0]=355.0, y[0]=1674.0, toolType[0]=TOOL_TYPE_UNKNOWN, buttonState=0, metaState=0, flags=0x0, edgeFlags=0x0, pointerCount=1, historySize=0, eventTime=901430055, downTime=901430055, deviceId=0, source=0x1002 }
08-06 18:23:33.650 12625 12625 D AndroidRuntime: Shutting down VM
08-06 18:23:33.664   512  2967 D audio_hw_primary: out_set_parameters: enter: usecase(1: low-latency-playback) kvpairs: routing=2
08-06 18:23:33.677   512  2967 D audio_hw_primary: select_devices: out_snd_device(2: speaker) in_snd_device(0: none)
08-06 18:23:33.677   512  2967 D msm8974_platform: platform_send_audio_calibration: sending audio calibration for snd_device(2) acdb_id(15)
08-06 18:23:33.678   512  2967 I soundtrigger: audio_extn_sound_trigger_update_device_status: device 0x2 of type 0 for Event 1
08-06 18:23:33.688   512  2967 D audio_hw_primary: enable_snd_device: snd_device(2: speaker)
08-06 18:23:33.691   512  2967 D audio_hw_primary: enable_audio_route: apply and update mixer path: low-latency-playback speaker
08-06 18:23:33.739   512  2967 D AudioFlinger: mixer(0xf4740000) throttle end: throttle time(12)
08-06 18:23:33.922 11409 11470 I art     : Starting a blocking GC Explicit
08-06 18:23:33.970 11409 11470 I art     : Explicit concurrent mark sweep GC freed 1377(141KB) AllocSpace objects, 0(0B) LOS objects, 17% free, 75MB/91MB, paused 1.427ms total 47.267ms
08-06 18:23:33.991 11409 11470 I art     : Starting a blocking GC Explicit
08-06 18:23:34.040 11409 11470 I art     : Explicit concurrent mark sweep GC freed 4(128B) AllocSpace objects, 0(0B) LOS objects, 17% free, 75MB/91MB, paused 1.627ms total 48.369ms
08-06 18:23:34.062 11409 11470 I art     : Starting a blocking GC Explicit
08-06 18:23:34.113 11409 11470 I art     : Explicit concurrent mark sweep GC freed 7(272B) AllocSpace objects, 0(0B) LOS objects, 16% free, 81MB/97MB, paused 1.544ms total 49.730ms
08-06 18:23:34.135 11409 11470 I art     : Starting a blocking GC Explicit
08-06 18:23:34.181 11409 11470 I art     : Explicit concurrent mark sweep GC freed 8(336B) AllocSpace objects, 0(0B) LOS objects, 12% free, 116MB/132MB, paused 1.490ms total 46.224ms
08-06 18:23:34.199  8071  8071 I ServiceManager: Waiting for service AtCmdFwd...
08-06 18:23:34.202 11409 11470 I art     : Starting a blocking GC Explicit
08-06 18:23:34.228   512  2967 D audio_hw_primary: disable_audio_route: reset and update mixer path: low-latency-playback speaker
08-06 18:23:34.229   512  2967 D audio_hw_primary: disable_snd_device: snd_device(2: speaker)
08-06 18:23:34.237   512  2967 I soundtrigger: audio_extn_sound_trigger_update_device_status: device 0x2 of type 0 for Event 0
08-06 18:23:34.249 11409 11470 I art     : Explicit concurrent mark sweep GC freed 5(192B) AllocSpace objects, 0(0B) LOS objects, 12% free, 116MB/132MB, paused 1.441ms total 46.587ms
08-06 18:23:34.602 11409 11409 I Choreographer: Skipped 55 frames!  The application may be doing too much work on its main thread.
08-06 18:23:34.603 11409 11409 V MainActivity: url = https://project-travel-mate.herokuapp.com/api/number-of-unread-notifications
08-06 18:23:34.655 11409 11471 I art     : Starting a blocking GC Explicit
08-06 18:23:34.707 11409 11471 I art     : Explicit concurrent mark sweep GC freed 1745(67KB) AllocSpace objects, 0(0B) LOS objects, 10% free, 136MB/152MB, paused 1.440ms total 51.179ms
08-06 18:23:34.726 11409 11471 I art     : Starting a blocking GC Explicit
08-06 18:23:34.772 11409 11471 I art     : Explicit concurrent mark sweep GC freed 960(54KB) AllocSpace objects, 9(252KB) LOS objects, 10% free, 135MB/151MB, paused 1.581ms total 44.823ms
08-06 18:23:34.797 11409 11471 I art     : Starting a blocking GC Explicit
08-06 18:23:34.844 11409 11471 I art     : Explicit concurrent mark sweep GC freed 33(1696B) AllocSpace objects, 0(0B) LOS objects, 10% free, 135MB/151MB, paused 1.399ms total 46.857ms
08-06 18:23:34.866 11409 11471 I art     : Starting a blocking GC Explicit
08-06 18:23:34.918 11409 11471 I art     : Explicit concurrent mark sweep GC freed 3(96B) AllocSpace objects, 0(0B) LOS objects, 10% free, 135MB/151MB, paused 1.637ms total 51.626ms
08-06 18:23:34.941 11409 11471 I art     : Starting a blocking GC Explicit
08-06 18:23:34.993 11409 11471 I art     : Explicit concurrent mark sweep GC freed 3(96B) AllocSpace objects, 0(0B) LOS objects, 10% free, 135MB/151MB, paused 1.698ms total 51.909ms
08-06 18:23:35.199  8071  8071 I ServiceManager: Waiting for service AtCmdFwd...
08-06 18:23:35.434 11409 12669 I NAPPA_EXPERIMENTATION: MetricNetworkRequestExecutionTime: REQUEST_DURATION_SYSTEM='830',REQUEST_DURATION_OKHTTP='34',REQUEST_SYNCHRONOUS='FALSE',RESPONSE_CODE='200',RESPONSE_METHOD='GET',RESPONSE_LENGTH_OKHTTP='36',RESPONSE_LENGTH_HEADER='36',REQUEST_PROTOCOL='http/1.1',REQUEST_URL='https://project-travel-mate.herokuapp.com/api/number-of-unread-notifications',
08-06 18:23:35.446 11409 11422 I art     : Starting a blocking GC Explicit
08-06 18:23:35.514 11409 11422 I art     : Explicit concurrent mark sweep GC freed 4146(227KB) AllocSpace objects, 5(236KB) LOS objects, 10% free, 136MB/152MB, paused 1.742ms total 67.129ms
08-06 18:23:35.540 11409 11422 I art     : Starting a blocking GC Explicit
08-06 18:23:35.593 11409 11422 I art     : Explicit concurrent mark sweep GC freed 1038(120KB) AllocSpace objects, 0(0B) LOS objects, 10% free, 135MB/151MB, paused 1.599ms total 52.669ms
08-06 18:23:35.616 11409 11422 I art     : Starting a blocking GC Explicit
08-06 18:23:35.668 11409 11422 I art     : Explicit concurrent mark sweep GC freed 3(96B) AllocSpace objects, 0(0B) LOS objects, 10% free, 135MB/151MB, paused 1.543ms total 51.622ms
08-06 18:23:35.691 11409 11422 I art     : Starting a blocking GC Explicit
08-06 18:23:35.744 11409 11422 I art     : Explicit concurrent mark sweep GC freed 3(96B) AllocSpace objects, 0(0B) LOS objects, 10% free, 135MB/151MB, paused 1.699ms total 52.928ms
08-06 18:23:35.747   918  1210 D NetlinkSocketObserver: NeighborEvent{elapsedMs=1884819622, 192.168.2.254, [7C3953A63323], RTM_NEWNEIGH, NUD_STALE}
08-06 18:23:35.772 11409 11422 I art     : Starting a blocking GC Explicit
08-06 18:23:35.827 11409 11422 I art     : Explicit concurrent mark sweep GC freed 3(96B) AllocSpace objects, 0(0B) LOS objects, 10% free, 135MB/151MB, paused 1.674ms total 54.266ms
08-06 18:23:36.200  8071  8071 I ServiceManager: Waiting for service AtCmdFwd...
08-06 18:23:36.292 11409 11421 I art     : Starting a blocking GC Explicit
08-06 18:23:36.353 11409 11421 I art     : Explicit concurrent mark sweep GC freed 1444(83KB) AllocSpace objects, 2(36KB) LOS objects, 10% free, 135MB/151MB, paused 1.656ms total 59.690ms
08-06 18:23:36.378 11409 11421 I art     : Starting a blocking GC Explicit
08-06 18:23:36.434 11409 11421 I art     : Explicit concurrent mark sweep GC freed 32(1104B) AllocSpace objects, 0(0B) LOS objects, 10% free, 135MB/151MB, paused 1.496ms total 55.306ms
08-06 18:23:36.460 11409 11421 I art     : Starting a blocking GC Explicit
08-06 18:23:36.515 11409 11421 I art     : Explicit concurrent mark sweep GC freed 6(192B) AllocSpace objects, 0(0B) LOS objects, 10% free, 135MB/151MB, paused 1.521ms total 54.438ms
08-06 18:23:36.537 11409 11421 I art     : Starting a blocking GC Explicit
08-06 18:23:36.584 11409 11421 I art     : Explicit concurrent mark sweep GC freed 3(96B) AllocSpace objects, 0(0B) LOS objects, 10% free, 135MB/151MB, paused 1.498ms total 47.548ms
08-06 18:23:36.590 12689 12689 D AndroidRuntime: >>>>>> START com.android.internal.os.RuntimeInit uid 2000 <<<<<<
08-06 18:23:36.596 12689 12689 D AndroidRuntime: CheckJNI is OFF
08-06 18:23:36.607 11409 11421 I art     : Starting a blocking GC Explicit
08-06 18:23:36.651 12689 12689 D ICU     : No timezone override file found: /data/misc/zoneinfo/current/icu/icu_tzdata.dat
08-06 18:23:36.656 11409 11421 I art     : Explicit concurrent mark sweep GC freed 3(96B) AllocSpace objects, 0(0B) LOS objects, 10% free, 135MB/151MB, paused 1.534ms total 49.049ms
08-06 18:23:36.696 12689 12689 I Radio-JNI: register_android_hardware_Radio DONE
08-06 18:23:36.728 12689 12689 D AndroidRuntime: Calling main entry com.android.commands.input.Input
08-06 18:23:36.730 12689 12689 I Input   : injectMotionEvent: MotionEvent { action=ACTION_DOWN, actionButton=0, id[0]=0, x[0]=747.0, y[0]=608.0, toolType[0]=TOOL_TYPE_UNKNOWN, buttonState=0, metaState=0, flags=0x0, edgeFlags=0x0, pointerCount=1, historySize=0, eventTime=901433143, downTime=901433143, deviceId=0, source=0x1002 }
08-06 18:23:36.736 12689 12689 I Input   : injectMotionEvent: MotionEvent { action=ACTION_UP, actionButton=0, id[0]=0, x[0]=747.0, y[0]=608.0, toolType[0]=TOOL_TYPE_UNKNOWN, buttonState=0, metaState=0, flags=0x0, edgeFlags=0x0, pointerCount=1, historySize=0, eventTime=901433143, downTime=901433143, deviceId=0, source=0x1002 }
08-06 18:23:36.738 12689 12689 D AndroidRuntime: Shutting down VM
08-06 18:23:36.740   512  2967 D audio_hw_primary: out_set_parameters: enter: usecase(1: low-latency-playback) kvpairs: routing=2
08-06 18:23:36.749   918  3961 I ActivityManager: START u0 {cmp=baseline.io.github.project_travel_mate/.utilities.ChecklistActivity} from uid 10696 on display 0
08-06 18:23:36.753   512  2967 D audio_hw_primary: select_devices: out_snd_device(2: speaker) in_snd_device(0: none)
08-06 18:23:36.753   512  2967 D msm8974_platform: platform_send_audio_calibration: sending audio calibration for snd_device(2) acdb_id(15)
08-06 18:23:36.754   512  2967 I soundtrigger: audio_extn_sound_trigger_update_device_status: device 0x2 of type 0 for Event 1
08-06 18:23:36.765   512  2967 D audio_hw_primary: enable_snd_device: snd_device(2: speaker)
08-06 18:23:36.768   512  2967 D audio_hw_primary: enable_audio_route: apply and update mixer path: low-latency-playback speaker
08-06 18:23:36.981   918   936 I ActivityManager: Displayed baseline.io.github.project_travel_mate/.utilities.ChecklistActivity: +220ms
08-06 18:23:36.983 13866 13866 I GoogleInputMethodServic: GoogleInputMethodService.onFinishInput():3138 
08-06 18:23:36.984 13866 13866 I GoogleInputMethodServic: GoogleInputMethodService.onStartInput():1808 
08-06 18:23:37.092 11409 11470 I art     : Starting a blocking GC Explicit
08-06 18:23:37.164 11409 11470 I art     : Explicit concurrent mark sweep GC freed 3166(285KB) AllocSpace objects, 2(36KB) LOS objects, 10% free, 136MB/152MB, paused 2.227ms total 71.350ms
08-06 18:23:37.190 11409 11470 I art     : Starting a blocking GC Explicit
08-06 18:23:37.200  8071  8071 W Atfwd_Sendcmd: AtCmdFwd service not published, waiting... retryCnt : 5
08-06 18:23:37.229   380   380 W SurfaceFlinger: couldn't log to binary event log: overflow.
08-06 18:23:37.251 11409 11470 I art     : Explicit concurrent mark sweep GC freed 426(18KB) AllocSpace objects, 0(0B) LOS objects, 10% free, 136MB/152MB, paused 2.091ms total 60.107ms
08-06 18:23:37.270 11409 11470 I art     : Starting a blocking GC Explicit
08-06 18:23:37.299   512  2967 D audio_hw_primary: disable_audio_route: reset and update mixer path: low-latency-playback speaker
08-06 18:23:37.300   512  2967 D audio_hw_primary: disable_snd_device: snd_device(2: speaker)
08-06 18:23:37.308   512  2967 I soundtrigger: audio_extn_sound_trigger_update_device_status: device 0x2 of type 0 for Event 0
08-06 18:23:37.316 11409 11470 I art     : Explicit concurrent mark sweep GC freed 3(96B) AllocSpace objects, 0(0B) LOS objects, 10% free, 136MB/152MB, paused 1.609ms total 45.770ms
08-06 18:23:37.338 11409 11470 I art     : Starting a blocking GC Explicit
08-06 18:23:37.389 11409 11470 I art     : Explicit concurrent mark sweep GC freed 49(1616B) AllocSpace objects, 0(0B) LOS objects, 10% free, 136MB/152MB, paused 1.655ms total 50.359ms
08-06 18:23:37.410 11409 11470 I art     : Starting a blocking GC Explicit
08-06 18:23:37.463 11409 11470 I art     : Explicit concurrent mark sweep GC freed 17(1184B) AllocSpace objects, 0(0B) LOS objects, 10% free, 136MB/152MB, paused 1.774ms total 53.012ms
08-06 18:23:37.920 11409 11421 I art     : Starting a blocking GC Explicit
08-06 18:23:37.993 11409 11421 I art     : Explicit concurrent mark sweep GC freed 1630(93KB) AllocSpace objects, 2(36KB) LOS objects, 10% free, 136MB/152MB, paused 1.912ms total 72.118ms
08-06 18:23:38.020 11409 11421 I art     : Starting a blocking GC Explicit
08-06 18:23:38.086 11409 11421 I art     : Explicit concurrent mark sweep GC freed 45(1840B) AllocSpace objects, 0(0B) LOS objects, 10% free, 136MB/152MB, paused 1.813ms total 65.059ms
08-06 18:23:38.113 11409 11421 I art     : Starting a blocking GC Explicit
08-06 18:23:38.179 11409 11421 I art     : Explicit concurrent mark sweep GC freed 3(96B) AllocSpace objects, 0(0B) LOS objects, 10% free, 136MB/152MB, paused 2.016ms total 65.325ms
08-06 18:23:38.204 11409 11421 I art     : Starting a blocking GC Explicit
08-06 18:23:38.265 11409 11421 I art     : Explicit concurrent mark sweep GC freed 3(96B) AllocSpace objects, 0(0B) LOS objects, 10% free, 136MB/152MB, paused 1.883ms total 60.538ms
08-06 18:23:38.289 11409 11421 I art     : Starting a blocking GC Explicit
08-06 18:23:38.351 11409 11421 I art     : Explicit concurrent mark sweep GC freed 3(96B) AllocSpace objects, 0(0B) LOS objects, 10% free, 136MB/152MB, paused 1.888ms total 60.592ms
08-06 18:23:38.826 11409 11471 I art     : Starting a blocking GC Explicit
08-06 18:23:38.897 11409 11471 I art     : Explicit concurrent mark sweep GC freed 1613(92KB) AllocSpace objects, 2(36KB) LOS objects, 10% free, 136MB/152MB, paused 1.850ms total 69.408ms
08-06 18:23:38.923 11409 11471 I art     : Starting a blocking GC Explicit
08-06 18:23:38.989 11409 11471 I art     : Explicit concurrent mark sweep GC freed 28(1024B) AllocSpace objects, 0(0B) LOS objects, 10% free, 136MB/152MB, paused 2.017ms total 65.086ms
08-06 18:23:39.016 11409 11471 I art     : Starting a blocking GC Explicit
08-06 18:23:39.081 11409 11471 I art     : Explicit concurrent mark sweep GC freed 3(96B) AllocSpace objects, 0(0B) LOS objects, 10% free, 136MB/152MB, paused 2.156ms total 65.341ms
08-06 18:23:39.109 11409 11471 I art     : Starting a blocking GC Explicit
08-06 18:23:39.166 11409 11471 I art     : Explicit concurrent mark sweep GC freed 3(96B) AllocSpace objects, 0(0B) LOS objects, 10% free, 136MB/152MB, paused 1.923ms total 56.489ms
08-06 18:23:39.192 11409 11471 I art     : Starting a blocking GC Explicit
08-06 18:23:39.246 11409 11471 I art     : Explicit concurrent mark sweep GC freed 3(96B) AllocSpace objects, 0(0B) LOS objects, 10% free, 136MB/152MB, paused 1.576ms total 54.284ms
08-06 18:23:39.738 11409 11422 I art     : Starting a blocking GC Explicit
08-06 18:23:39.804 11409 11422 I art     : Explicit concurrent mark sweep GC freed 1595(92KB) AllocSpace objects, 2(36KB) LOS objects, 10% free, 136MB/152MB, paused 1.622ms total 65.398ms
08-06 18:23:39.827 11409 11422 I art     : Starting a blocking GC Explicit
08-06 18:23:39.884 11409 11422 I art     : Explicit concurrent mark sweep GC freed 69(2400B) AllocSpace objects, 0(0B) LOS objects, 10% free, 136MB/152MB, paused 1.997ms total 56.015ms
08-06 18:23:39.912 11409 11422 I art     : Starting a blocking GC Explicit
08-06 18:23:39.970 11409 11422 I art     : Explicit concurrent mark sweep GC freed 3(96B) AllocSpace objects, 0(0B) LOS objects, 10% free, 136MB/152MB, paused 2.145ms total 57.707ms
08-06 18:23:39.996 11409 11422 I art     : Starting a blocking GC Explicit
08-06 18:23:40.052 11409 11422 I art     : Explicit concurrent mark sweep GC freed 3(96B) AllocSpace objects, 0(0B) LOS objects, 10% free, 136MB/152MB, paused 1.626ms total 55.314ms
08-06 18:23:40.074 11409 11422 I art     : Starting a blocking GC Explicit
08-06 18:23:40.131 11409 11422 I art     : Explicit concurrent mark sweep GC freed 3(96B) AllocSpace objects, 0(0B) LOS objects, 10% free, 136MB/152MB, paused 2.141ms total 56.481ms
08-06 18:23:40.605 11409 11470 I art     : Starting a blocking GC Explicit
08-06 18:23:40.672 11409 11470 I art     : Explicit concurrent mark sweep GC freed 1594(93KB) AllocSpace objects, 2(36KB) LOS objects, 10% free, 136MB/152MB, paused 1.958ms total 65.779ms
08-06 18:23:40.698 11409 11470 I art     : Starting a blocking GC Explicit
08-06 18:23:40.753 11409 11470 I art     : Explicit concurrent mark sweep GC freed 38(1568B) AllocSpace objects, 0(0B) LOS objects, 10% free, 136MB/152MB, paused 1.620ms total 54.799ms
08-06 18:23:40.776 11409 11470 I art     : Starting a blocking GC Explicit
08-06 18:23:40.831 11409 11470 I art     : Explicit concurrent mark sweep GC freed 3(96B) AllocSpace objects, 0(0B) LOS objects, 10% free, 136MB/152MB, paused 1.808ms total 54.459ms
08-06 18:23:40.854 11409 11470 I art     : Starting a blocking GC Explicit
08-06 18:23:40.915 11409 11470 I art     : Explicit concurrent mark sweep GC freed 34(928B) AllocSpace objects, 0(0B) LOS objects, 10% free, 136MB/152MB, paused 1.834ms total 60.977ms
08-06 18:23:40.942 11409 11470 I art     : Starting a blocking GC Explicit
08-06 18:23:40.996 11409 11470 I art     : Explicit concurrent mark sweep GC freed 6(192B) AllocSpace objects, 0(0B) LOS objects, 10% free, 136MB/152MB, paused 1.701ms total 54.094ms
08-06 18:23:41.442 11409 11421 I art     : Starting a blocking GC Explicit
08-06 18:23:41.508 11409 11421 I art     : Explicit concurrent mark sweep GC freed 1619(93KB) AllocSpace objects, 2(36KB) LOS objects, 10% free, 136MB/152MB, paused 2.331ms total 65.541ms
08-06 18:23:41.530 11409 11421 I art     : Starting a blocking GC Explicit
08-06 18:23:41.582 11409 11421 I art     : Explicit concurrent mark sweep GC freed 70(2320B) AllocSpace objects, 0(0B) LOS objects, 10% free, 136MB/152MB, paused 1.550ms total 51.171ms
08-06 18:23:41.597   518   646 I ThermalEngine: ACTION: GPU - Setting GPU[0] to 450000000
08-06 18:23:41.606 11409 11421 I art     : Starting a blocking GC Explicit
08-06 18:23:41.637 12771 12771 D AndroidRuntime: >>>>>> START com.android.internal.os.RuntimeInit uid 2000 <<<<<<
08-06 18:23:41.642 12771 12771 D AndroidRuntime: CheckJNI is OFF
08-06 18:23:41.649 11409 11421 I art     : Explicit concurrent mark sweep GC freed 3(96B) AllocSpace objects, 0(0B) LOS objects, 10% free, 136MB/152MB, paused 1.099ms total 42.041ms
08-06 18:23:41.666 11409 11421 I art     : Starting a blocking GC Explicit
08-06 18:23:41.688 12771 12771 D ICU     : No timezone override file found: /data/misc/zoneinfo/current/icu/icu_tzdata.dat
08-06 18:23:41.710 11409 11421 I art     : Explicit concurrent mark sweep GC freed 3(96B) AllocSpace objects, 0(0B) LOS objects, 10% free, 136MB/152MB, paused 1.141ms total 43.945ms
08-06 18:23:41.727 11409 11421 I art     : Starting a blocking GC Explicit
08-06 18:23:41.735 12771 12771 I Radio-JNI: register_android_hardware_Radio DONE
08-06 18:23:41.765 12771 12771 D AndroidRuntime: Calling main entry com.android.commands.input.Input
08-06 18:23:41.767 12771 12771 I Input   : injectKeyEvent: KeyEvent { action=ACTION_DOWN, keyCode=KEYCODE_BACK, scanCode=0, metaState=0, flags=0x0, repeatCount=0, eventTime=901438180, downTime=901438180, deviceId=-1, source=0x101 }
08-06 18:23:41.771 11409 11421 I art     : Explicit concurrent mark sweep GC freed 3(96B) AllocSpace objects, 0(0B) LOS objects, 10% free, 136MB/152MB, paused 1.112ms total 43.394ms
08-06 18:23:41.774 12771 12771 I Input   : injectKeyEvent: KeyEvent { action=ACTION_UP, keyCode=KEYCODE_BACK, scanCode=0, metaState=0, flags=0x0, repeatCount=0, eventTime=901438180, downTime=901438180, deviceId=-1, source=0x101 }
08-06 18:23:41.780 12771 12771 D AndroidRuntime: Shutting down VM
08-06 18:23:41.799 11409 11409 V MainActivity: url = https://project-travel-mate.herokuapp.com/api/number-of-unread-notifications
08-06 18:23:41.828 13866 13866 I GoogleInputMethodServic: GoogleInputMethodService.onFinishInput():3138 
08-06 18:23:41.828 13866 13866 I GoogleInputMethodServic: GoogleInputMethodService.onStartInput():1808 
08-06 18:23:42.133   380   380 W SurfaceFlinger: couldn't log to binary event log: overflow.
08-06 18:23:42.155 11409 11421 I art     : Starting a blocking GC Explicit
08-06 18:23:42.196 11409 11421 I art     : Explicit concurrent mark sweep GC freed 2500(133KB) AllocSpace objects, 2(36KB) LOS objects, 10% free, 136MB/152MB, paused 1.038ms total 41.138ms
08-06 18:23:42.213 11409 11421 I art     : Starting a blocking GC Explicit
08-06 18:23:42.256 11409 11421 I art     : Explicit concurrent mark sweep GC freed 207(9KB) AllocSpace objects, 0(0B) LOS objects, 10% free, 136MB/152MB, paused 1.071ms total 43.112ms
08-06 18:23:42.273 11409 11421 I art     : Starting a blocking GC Explicit
08-06 18:23:42.318 11409 11421 I art     : Explicit concurrent mark sweep GC freed 3(96B) AllocSpace objects, 0(0B) LOS objects, 10% free, 136MB/152MB, paused 1.215ms total 44.337ms
08-06 18:23:42.335 11409 11421 I art     : Starting a blocking GC Explicit
08-06 18:23:42.381 11409 11421 I art     : Explicit concurrent mark sweep GC freed 3(96B) AllocSpace objects, 0(0B) LOS objects, 10% free, 136MB/152MB, paused 1.091ms total 45.150ms
08-06 18:23:42.398 11409 11421 I art     : Starting a blocking GC Explicit
08-06 18:23:42.443 11409 11421 I art     : Explicit concurrent mark sweep GC freed 3(96B) AllocSpace objects, 0(0B) LOS objects, 10% free, 136MB/152MB, paused 1.109ms total 44.466ms
08-06 18:23:42.701 11409 12794 I NAPPA_EXPERIMENTATION: MetricNetworkRequestExecutionTime: REQUEST_DURATION_SYSTEM='901',REQUEST_DURATION_OKHTTP='29',REQUEST_SYNCHRONOUS='FALSE',RESPONSE_CODE='200',RESPONSE_METHOD='GET',RESPONSE_LENGTH_OKHTTP='36',RESPONSE_LENGTH_HEADER='36',REQUEST_PROTOCOL='http/1.1',REQUEST_URL='https://project-travel-mate.herokuapp.com/api/number-of-unread-notifications',
08-06 18:23:42.850 11409 11422 I art     : Starting a blocking GC Explicit
08-06 18:23:42.908 11409 11422 I art     : Explicit concurrent mark sweep GC freed 4427(241KB) AllocSpace objects, 5(236KB) LOS objects, 10% free, 136MB/152MB, paused 1.202ms total 57.980ms
08-06 18:23:42.929 11409 11422 I art     : Starting a blocking GC Explicit
08-06 18:23:42.978 11409 11422 I art     : Explicit concurrent mark sweep GC freed 972(117KB) AllocSpace objects, 0(0B) LOS objects, 10% free, 136MB/152MB, paused 1.127ms total 48.990ms
08-06 18:23:42.996 11409 11422 I art     : Starting a blocking GC Explicit
08-06 18:23:43.039 11409 11422 I art     : Explicit concurrent mark sweep GC freed 3(96B) AllocSpace objects, 0(0B) LOS objects, 10% free, 136MB/152MB, paused 1.195ms total 42.949ms
08-06 18:23:43.056 11409 11422 I art     : Starting a blocking GC Explicit
08-06 18:23:43.099 11409 11422 I art     : Explicit concurrent mark sweep GC freed 3(96B) AllocSpace objects, 0(0B) LOS objects, 10% free, 136MB/152MB, paused 1.044ms total 42.166ms
08-06 18:23:43.116 11409 11422 I art     : Starting a blocking GC Explicit
08-06 18:23:43.159 11409 11422 I art     : Explicit concurrent mark sweep GC freed 3(96B) AllocSpace objects, 0(0B) LOS objects, 10% free, 136MB/152MB, paused 1.056ms total 42.697ms
08-06 18:23:43.542 11409 11422 I art     : Starting a blocking GC Explicit
08-06 18:23:43.551 12816 12816 D AndroidRuntime: >>>>>> START com.android.internal.os.RuntimeInit uid 2000 <<<<<<
08-06 18:23:43.557 12816 12816 D AndroidRuntime: CheckJNI is OFF
08-06 18:23:43.591 11409 11422 I art     : Explicit concurrent mark sweep GC freed 1609(93KB) AllocSpace objects, 2(36KB) LOS objects, 10% free, 136MB/152MB, paused 1.121ms total 48.985ms
08-06 18:23:43.606   518   646 I ThermalEngine: ACTION: GPU - Setting GPU[0] to 390000000
08-06 18:23:43.615 12816 12816 D ICU     : No timezone override file found: /data/misc/zoneinfo/current/icu/icu_tzdata.dat
08-06 18:23:43.629 11409 11422 I art     : Starting a blocking GC Explicit
08-06 18:23:43.672 12816 12816 I Radio-JNI: register_android_hardware_Radio DONE
08-06 18:23:43.685 11409 11422 I art     : Explicit concurrent mark sweep GC freed 49(1888B) AllocSpace objects, 0(0B) LOS objects, 10% free, 136MB/152MB, paused 1.475ms total 55.980ms
08-06 18:23:43.707 12816 12816 D AndroidRuntime: Calling main entry com.android.commands.input.Input
08-06 18:23:43.708 11409 11422 I art     : Starting a blocking GC Explicit
08-06 18:23:43.709 12816 12816 I Input   : injectMotionEvent: MotionEvent { action=ACTION_DOWN, actionButton=0, id[0]=0, x[0]=657.0, y[0]=2037.0, toolType[0]=TOOL_TYPE_UNKNOWN, buttonState=0, metaState=0, flags=0x0, edgeFlags=0x0, pointerCount=1, historySize=0, eventTime=901440121, downTime=901440121, deviceId=0, source=0x1002 }
08-06 18:23:43.717 12816 12816 I Input   : injectMotionEvent: MotionEvent { action=ACTION_UP, actionButton=0, id[0]=0, x[0]=657.0, y[0]=2037.0, toolType[0]=TOOL_TYPE_UNKNOWN, buttonState=0, metaState=0, flags=0x0, edgeFlags=0x0, pointerCount=1, historySize=0, eventTime=901440121, downTime=901440121, deviceId=0, source=0x1002 }
08-06 18:23:43.719 12816 12816 D AndroidRuntime: Shutting down VM
08-06 18:23:43.721   918  5952 I ActivityManager: START u0 {cmp=baseline.io.github.project_travel_mate/.utilities.CompassActivity} from uid 10696 on display 0
08-06 18:23:43.722   512  2967 D audio_hw_primary: out_set_parameters: enter: usecase(1: low-latency-playback) kvpairs: routing=2
08-06 18:23:43.735   512  2967 D audio_hw_primary: select_devices: out_snd_device(2: speaker) in_snd_device(0: none)
08-06 18:23:43.735   512  2967 D msm8974_platform: platform_send_audio_calibration: sending audio calibration for snd_device(2) acdb_id(15)
08-06 18:23:43.736   512  2967 I soundtrigger: audio_extn_sound_trigger_update_device_status: device 0x2 of type 0 for Event 1
08-06 18:23:43.753   512  2967 D audio_hw_primary: enable_snd_device: snd_device(2: speaker)
08-06 18:23:43.755   512  2967 D audio_hw_primary: enable_audio_route: apply and update mixer path: low-latency-playback speaker
08-06 18:23:43.762 11409 11422 I art     : Explicit concurrent mark sweep GC freed 262(16KB) AllocSpace objects, 0(0B) LOS objects, 10% free, 136MB/152MB, paused 1.970ms total 54.312ms
08-06 18:23:43.783 11409 11422 I art     : Starting a blocking GC Explicit
08-06 18:23:43.837 11409 11422 I art     : Explicit concurrent mark sweep GC freed 143(28KB) AllocSpace objects, 0(0B) LOS objects, 7% free, 185MB/201MB, paused 1.750ms total 53.998ms
08-06 18:23:43.859 11409 11422 I art     : Starting a blocking GC Explicit
08-06 18:23:43.912 11409 11422 I art     : Explicit concurrent mark sweep GC freed 114(4KB) AllocSpace objects, 0(0B) LOS objects, 7% free, 185MB/201MB, paused 1.779ms total 52.277ms
08-06 18:23:44.299 11409 11409 D CompassActivity: start compass
08-06 18:23:44.299   512  2967 D audio_hw_primary: disable_audio_route: reset and update mixer path: low-latency-playback speaker
08-06 18:23:44.301   512  2967 D audio_hw_primary: disable_snd_device: snd_device(2: speaker)
08-06 18:23:44.301   918  5952 I sensors : batch
08-06 18:23:44.302   918  5952 I sensors : activate
08-06 18:23:44.302   918  3961 I sensors : batch
08-06 18:23:44.302   918  3961 I sensors : activate
08-06 18:23:44.309 11409 11409 I Choreographer: Skipped 33 frames!  The application may be doing too much work on its main thread.
08-06 18:23:44.310   918  3188 I hubconnection: sensorhub said: 'batch 1 flags:0, sampling_rate_Hz:50.00, max_report_latency_us:0'
08-06 18:23:44.310   512  2967 I soundtrigger: audio_extn_sound_trigger_update_device_status: device 0x2 of type 0 for Event 0
08-06 18:23:44.315   918  3188 I hubconnection: sensorhub said: 'activate 1 enable:1'
08-06 18:23:44.316   918  3188 I hubconnection: sensorhub said: 'batch 3 flags:0, sampling_rate_Hz:50.00, max_report_latency_us:0'
08-06 18:23:44.317   918  3188 I hubconnection: sensorhub said: 'activate 3 enable:1'
08-06 18:23:44.343 11409 11422 I art     : Starting a blocking GC Explicit
08-06 18:23:44.372 13866 13866 I GoogleInputMethodServic: GoogleInputMethodService.onFinishInput():3138 
08-06 18:23:44.372 13866 13866 I GoogleInputMethodServic: GoogleInputMethodService.onStartInput():1808 
08-06 18:23:44.399 11409 11422 I art     : Explicit concurrent mark sweep GC freed 1806(103KB) AllocSpace objects, 2(36KB) LOS objects, 7% free, 188MB/204MB, paused 1.768ms total 55.355ms
08-06 18:23:44.423 11409 11422 I art     : Starting a blocking GC Explicit
08-06 18:23:44.470 11409 11422 I art     : Explicit concurrent mark sweep GC freed 68(2656B) AllocSpace objects, 0(0B) LOS objects, 7% free, 188MB/204MB, paused 1.492ms total 46.828ms
08-06 18:23:44.489 11409 11409 D CompassActivity: will set rotation from 0.0 to 181.31055
08-06 18:23:44.489 11409 11409 D CompassActivity: will set rotation from 181.31055 to 181.56544
08-06 18:23:44.490 11409 11409 D CompassActivity: will set rotation from 181.56544 to 181.5511
08-06 18:23:44.494   918   936 I ActivityManager: Displayed baseline.io.github.project_travel_mate/.utilities.CompassActivity: +761ms
08-06 18:23:44.494 11409 11422 I art     : Starting a blocking GC Explicit
08-06 18:23:44.546 11409 11422 I art     : Explicit concurrent mark sweep GC freed 36(3KB) AllocSpace objects, 0(0B) LOS objects, 7% free, 188MB/204MB, paused 1.745ms total 51.859ms
08-06 18:23:44.569 11409 11422 I art     : Starting a blocking GC Explicit
08-06 18:23:44.580 11409 11409 D CompassActivity: will set rotation from 181.5511 to 181.64005
08-06 18:23:44.580 11409 11409 D CompassActivity: will set rotation from 181.64005 to 181.63892
08-06 18:23:44.580 11409 11409 D CompassActivity: will set rotation from 181.63892 to 181.67421
08-06 18:23:44.581 11409 11409 D CompassActivity: will set rotation from 181.67421 to 181.67038
08-06 18:23:44.581 11409 11409 D CompassActivity: will set rotation from 181.67038 to 181.69012
08-06 18:23:44.581 11409 11409 D CompassActivity: will set rotation from 181.69012 to 181.67923
08-06 18:23:44.581 11409 11409 D CompassActivity: will set rotation from 181.67923 to 181.6975
08-06 18:23:44.581 11409 11409 D CompassActivity: will set rotation from 181.6975 to 181.69792
08-06 18:23:44.581 11409 11409 D CompassActivity: will set rotation from 181.69792 to 181.61508
08-06 18:23:44.581 11409 11409 D CompassActivity: will set rotation from 181.61508 to 181.6165
08-06 18:23:44.625 11409 11422 I art     : Explicit concurrent mark sweep GC freed 99(6KB) AllocSpace objects, 0(0B) LOS objects, 7% free, 188MB/204MB, paused 1.700ms total 55.582ms
08-06 18:23:44.648 11409 11422 I art     : Starting a blocking GC Explicit
08-06 18:23:44.674 11409 11409 D CompassActivity: will set rotation from 181.6165 to 181.56422
08-06 18:23:44.674 11409 11409 D CompassActivity: will set rotation from 181.56422 to 181.56824
08-06 18:23:44.674 11409 11409 D CompassActivity: will set rotation from 181.56824 to 181.59032
08-06 18:23:44.674 11409 11409 D CompassActivity: will set rotation from 181.59032 to 181.59003
08-06 18:23:44.674 11409 11409 D CompassActivity: will set rotation from 181.59003 to 181.61272
08-06 18:23:44.675 11409 11409 D CompassActivity: will set rotation from 181.61272 to 181.61244
08-06 18:23:44.675 11409 11409 D CompassActivity: will set rotation from 181.61244 to 181.63103
08-06 18:23:44.675 11409 11409 D CompassActivity: will set rotation from 181.63103 to 181.63129
08-06 18:23:44.675 11409 11409 D CompassActivity: will set rotation from 181.63129 to 181.54582
08-06 18:23:44.675 11409 11409 D CompassActivity: will set rotation from 181.54582 to 181.54543
08-06 18:23:44.703 11409 11409 D CompassActivity: will set rotation from 181.54543 to 181.51624
08-06 18:23:44.704 11409 11422 I art     : Explicit concurrent mark sweep GC freed 206(10KB) AllocSpace objects, 0(0B) LOS objects, 7% free, 188MB/204MB, paused 1.675ms total 55.133ms
08-06 18:23:44.704 11409 11409 D CompassActivity: will set rotation from 181.51624 to 181.51578
08-06 18:23:44.709 11409 11409 D CompassActivity: will set rotation from 181.51578 to 181.4908
08-06 18:23:44.710 11409 11409 D CompassActivity: will set rotation from 181.4908 to 181.48997
08-06 18:23:44.729 11409 11409 D CompassActivity: will set rotation from 181.48997 to 181.56454
08-06 18:23:44.730 11409 11409 D CompassActivity: will set rotation from 181.56454 to 181.56279
08-06 18:23:44.749 11409 11409 D CompassActivity: will set rotation from 181.56279 to 181.5733
08-06 18:23:44.749 11409 11409 D CompassActivity: will set rotation from 181.5733 to 181.5726
08-06 18:23:44.752   380   380 W SurfaceFlinger: couldn't log to binary event log: overflow.
08-06 18:23:44.769 11409 11409 D CompassActivity: will set rotation from 181.5726 to 181.55176
08-06 18:23:44.769 11409 11409 D CompassActivity: will set rotation from 181.55176 to 181.55048
08-06 18:23:44.788 11409 11409 D CompassActivity: will set rotation from 181.55048 to 181.416
08-06 18:23:44.789 11409 11409 D CompassActivity: will set rotation from 181.416 to 181.41492
08-06 18:23:44.808 11409 11409 D CompassActivity: will set rotation from 181.41492 to 181.30676
08-06 18:23:44.808 11409 11409 D CompassActivity: will set rotation from 181.30676 to 181.30719
08-06 18:23:44.829 11409 11409 D CompassActivity: will set rotation from 181.30719 to 181.27798
08-06 18:23:44.829 11409 11409 D CompassActivity: will set rotation from 181.27798 to 181.28127
08-06 18:23:44.850 11409 11409 D CompassActivity: will set rotation from 181.28127 to 181.18117
08-06 18:23:44.850 11409 11409 D CompassActivity: will set rotation from 181.18117 to 181.17992
08-06 18:23:44.868 11409 11409 D CompassActivity: will set rotation from 181.17992 to 181.16321
08-06 18:23:44.869 11409 11409 D CompassActivity: will set rotation from 181.16321 to 181.16267
08-06 18:23:44.969   918  3261 D WifiStateMachine: starting scan for "H369AA63323"WPA_PSK with 2412,5180
08-06 18:23:44.971 11409 11409 D CompassActivity: will set rotation from 181.16267 to 181.20523
08-06 18:23:44.971 11409 11409 D CompassActivity: will set rotation from 181.20523 to 181.20688
08-06 18:23:44.972 11409 11409 D CompassActivity: will set rotation from 181.20688 to 181.18541
08-06 18:23:44.972 11409 11409 D CompassActivity: will set rotation from 181.18541 to 181.18369
08-06 18:23:44.972 11409 11409 D CompassActivity: will set rotation from 181.18369 to 181.22029
08-06 18:23:44.972 11409 11409 D CompassActivity: will set rotation from 181.22029 to 181.21983
08-06 18:23:44.972 11409 11409 D CompassActivity: will set rotation from 181.21983 to 181.2575
08-06 18:23:44.972 11409 11409 D CompassActivity: will set rotation from 181.2575 to 181.25856
08-06 18:23:44.972 11409 11409 D CompassActivity: will set rotation from 181.25856 to 181.2596
08-06 18:23:44.972 11409 11409 D CompassActivity: will set rotation from 181.2596 to 181.25961
08-06 18:23:44.990 11409 11409 D CompassActivity: will set rotation from 181.25961 to 181.26442
08-06 18:23:44.990 11409 11409 D CompassActivity: will set rotation from 181.26442 to 181.26445
08-06 18:23:45.007 11409 11409 D CompassActivity: will set rotation from 181.26445 to 181.31711
08-06 18:23:45.008 11409 11409 D CompassActivity: will set rotation from 181.31711 to 181.31575
08-06 18:23:45.028 11409 11409 D CompassActivity: will set rotation from 181.31575 to 181.3175
08-06 18:23:45.028 11409 11409 D CompassActivity: will set rotation from 181.3175 to 181.31602
08-06 18:23:45.048 11409 11409 D CompassActivity: will set rotation from 181.31602 to 181.31705
08-06 18:23:45.049 11409 11409 D CompassActivity: will set rotation from 181.31705 to 181.3152
08-06 18:23:45.068 11409 11409 D CompassActivity: will set rotation from 181.3152 to 181.33405
08-06 18:23:45.069 11409 11409 D CompassActivity: will set rotation from 181.33405 to 181.33412
08-06 18:23:45.091 11409 11409 D CompassActivity: will set rotation from 181.33412 to 181.35649
08-06 18:23:45.091 11409 11409 D CompassActivity: will set rotation from 181.35649 to 181.35759
08-06 18:23:45.108 11409 11409 D CompassActivity: will set rotation from 181.35759 to 181.32982
08-06 18:23:45.109 11409 11409 D CompassActivity: will set rotation from 181.32982 to 181.3304
08-06 18:23:45.125 11409 11422 I art     : Starting a blocking GC Explicit
08-06 18:23:45.128 11409 11409 D CompassActivity: will set rotation from 181.3304 to 181.32741
08-06 18:23:45.129 11409 11409 D CompassActivity: will set rotation from 181.32741 to 181.32753
08-06 18:23:45.149 11409 11409 D CompassActivity: will set rotation from 181.32753 to 181.32907
08-06 18:23:45.150 11409 11409 D CompassActivity: will set rotation from 181.32907 to 181.33073
08-06 18:23:45.168 11409 11409 D CompassActivity: will set rotation from 181.33073 to 181.34889
08-06 18:23:45.169 11409 11409 D CompassActivity: will set rotation from 181.34889 to 181.3502
08-06 18:23:45.191 11409 11409 D CompassActivity: will set rotation from 181.3502 to 181.2995
08-06 18:23:45.192 11409 11409 D CompassActivity: will set rotation from 181.2995 to 181.29861
08-06 18:23:45.199 11409 11422 I art     : Explicit concurrent mark sweep GC freed 2156(126KB) AllocSpace objects, 2(36KB) LOS objects, 7% free, 188MB/204MB, paused 1.955ms total 73.417ms
08-06 18:23:45.208 11409 11409 D CompassActivity: will set rotation from 181.29861 to 181.25084
08-06 18:23:45.208 11409 11409 D CompassActivity: will set rotation from 181.25084 to 181.25034
08-06 18:23:45.226 11409 11422 I art     : Starting a blocking GC Explicit
08-06 18:23:45.227 11409 11409 D CompassActivity: will set rotation from 181.25034 to 181.25233
08-06 18:23:45.228 11409 11409 D CompassActivity: will set rotation from 181.25233 to 181.25192
08-06 18:23:45.247 11409 11409 D CompassActivity: will set rotation from 181.25192 to 181.27644
08-06 18:23:45.248 11409 11409 D CompassActivity: will set rotation from 181.27644 to 181.27368
08-06 18:23:45.267 11409 11409 D CompassActivity: will set rotation from 181.27368 to 181.29468
08-06 18:23:45.268 11409 11409 D CompassActivity: will set rotation from 181.29468 to 181.29231
08-06 18:23:45.292 11409 11409 D CompassActivity: will set rotation from 181.29231 to 181.3146
08-06 18:23:45.293 11409 11409 D CompassActivity: will set rotation from 181.3146 to 181.31557
08-06 18:23:45.294 11409 11422 I art     : Explicit concurrent mark sweep GC freed 780(31KB) AllocSpace objects, 0(0B) LOS objects, 7% free, 188MB/204MB, paused 1.799ms total 67.562ms
08-06 18:23:45.310 11409 11409 D CompassActivity: will set rotation from 181.31557 to 181.35715
08-06 18:23:45.310 11409 11409 D CompassActivity: will set rotation from 181.35715 to 181.35834
08-06 18:23:45.324 11409 11422 I art     : Starting a blocking GC Explicit
08-06 18:23:45.327 11409 11409 D CompassActivity: will set rotation from 181.35834 to 181.33716
08-06 18:23:45.327 11409 11409 D CompassActivity: will set rotation from 181.33716 to 181.33731
08-06 18:23:45.347 11409 11409 D CompassActivity: will set rotation from 181.33731 to 181.3377
08-06 18:23:45.348 11409 11409 D CompassActivity: will set rotation from 181.3377 to 181.33777
08-06 18:23:45.367 11409 11409 D CompassActivity: will set rotation from 181.33777 to 181.34084
08-06 18:23:45.367 11409 11409 D CompassActivity: will set rotation from 181.34084 to 181.3425
08-06 18:23:45.391 11409 11409 D CompassActivity: will set rotation from 181.3425 to 181.34326
08-06 18:23:45.391 11409 11409 D CompassActivity: will set rotation from 181.34326 to 181.34685
08-06 18:23:45.391 11409 11422 I art     : Explicit concurrent mark sweep GC freed 189(9KB) AllocSpace objects, 0(0B) LOS objects, 7% free, 188MB/204MB, paused 2.929ms total 67.125ms
08-06 18:23:45.408 11409 11409 D CompassActivity: will set rotation from 181.34685 to 181.3631
08-06 18:23:45.409 11409 11409 D CompassActivity: will set rotation from 181.3631 to 181.36423
08-06 18:23:45.419 11409 11422 I art     : Starting a blocking GC Explicit
08-06 18:23:45.427 11409 11409 D CompassActivity: will set rotation from 181.36423 to 181.38455
08-06 18:23:45.427 11409 11409 D CompassActivity: will set rotation from 181.38455 to 181.3836
08-06 18:23:45.446 11409 11409 D CompassActivity: will set rotation from 181.3836 to 181.34084
08-06 18:23:45.447 11409 11409 D CompassActivity: will set rotation from 181.34084 to 181.33966
08-06 18:23:45.466 11409 11409 D CompassActivity: will set rotation from 181.33966 to 181.35893
08-06 18:23:45.467 11409 11409 D CompassActivity: will set rotation from 181.35893 to 181.35773
08-06 18:23:45.489 11409 11422 I art     : Explicit concurrent mark sweep GC freed 218(10KB) AllocSpace objects, 0(0B) LOS objects, 7% free, 188MB/204MB, paused 2.192ms total 69.503ms
08-06 18:23:45.491 11409 11409 D CompassActivity: will set rotation from 181.35773 to 181.33493
08-06 18:23:45.491 11409 11409 D CompassActivity: will set rotation from 181.33493 to 181.33525
08-06 18:23:45.511 11409 11409 D CompassActivity: will set rotation from 181.33525 to 181.33429
08-06 18:23:45.512 11409 11409 D CompassActivity: will set rotation from 181.33429 to 181.33472
08-06 18:23:45.518 11409 11422 I art     : Starting a blocking GC Explicit
08-06 18:23:45.528 11409 11409 D CompassActivity: will set rotation from 181.33472 to 181.33734
08-06 18:23:45.528 11409 11409 D CompassActivity: will set rotation from 181.33734 to 181.33553
08-06 18:23:45.547 11409 11409 D CompassActivity: will set rotation from 181.33553 to 181.35648
08-06 18:23:45.547 11409 11409 D CompassActivity: will set rotation from 181.35648 to 181.35414
08-06 18:23:45.566 11409 11409 D CompassActivity: will set rotation from 181.35414 to 181.35143
08-06 18:23:45.566 11409 11409 D CompassActivity: will set rotation from 181.35143 to 181.35118
08-06 18:23:45.591 11409 11409 D CompassActivity: will set rotation from 181.35118 to 181.34814
08-06 18:23:45.591 11409 11409 D CompassActivity: will set rotation from 181.34814 to 181.34898
08-06 18:23:45.592 11409 11422 I art     : Explicit concurrent mark sweep GC freed 218(10KB) AllocSpace objects, 0(0B) LOS objects, 7% free, 188MB/204MB, paused 3.234ms total 72.737ms
08-06 18:23:45.609 11409 11409 D CompassActivity: will set rotation from 181.34898 to 181.36534
08-06 18:23:45.609 11409 11409 D CompassActivity: will set rotation from 181.36534 to 181.36546
08-06 18:23:45.626 11409 11409 D CompassActivity: will set rotation from 181.36546 to 181.3816
08-06 18:23:45.626 11409 11409 D CompassActivity: will set rotation from 181.3816 to 181.38315
08-06 18:23:45.645 11409 11409 D CompassActivity: will set rotation from 181.38315 to 181.39874
08-06 18:23:45.646 11409 11409 D CompassActivity: will set rotation from 181.39874 to 181.39813
08-06 18:23:45.665 11409 11409 D CompassActivity: will set rotation from 181.39813 to 181.41446
08-06 18:23:45.666 11409 11409 D CompassActivity: will set rotation from 181.41446 to 181.41454
08-06 18:23:45.685 11409 11409 D CompassActivity: will set rotation from 181.41454 to 181.37323
08-06 18:23:45.686 11409 11409 D CompassActivity: will set rotation from 181.37323 to 181.37297
08-06 18:23:45.706 11409 11409 D CompassActivity: will set rotation from 181.37297 to 181.354
08-06 18:23:45.707 11409 11409 D CompassActivity: will set rotation from 181.354 to 181.35512
08-06 18:23:45.725 11409 11409 D CompassActivity: will set rotation from 181.35512 to 181.38646
08-06 18:23:45.725 11409 11409 D CompassActivity: will set rotation from 181.38646 to 181.38681
08-06 18:23:45.746 11409 11409 D CompassActivity: will set rotation from 181.38681 to 181.40378
08-06 18:23:45.747 11409 11409 D CompassActivity: will set rotation from 181.40378 to 181.40361
08-06 18:23:45.766 11409 11409 D CompassActivity: will set rotation from 181.40361 to 181.41844
08-06 18:23:45.767 11409 11409 D CompassActivity: will set rotation from 181.41844 to 181.41814
08-06 18:23:45.785 11409 11409 D CompassActivity: will set rotation from 181.41814 to 181.45247
08-06 18:23:45.786 11409 11409 D CompassActivity: will set rotation from 181.45247 to 181.45255
08-06 18:23:45.808 11409 11409 D CompassActivity: will set rotation from 181.45255 to 181.45079
08-06 18:23:45.808 11409 11409 D CompassActivity: will set rotation from 181.45079 to 181.44951
08-06 18:23:45.826 11409 11409 D CompassActivity: will set rotation from 181.44951 to 181.4803
08-06 18:23:45.827 11409 11409 D CompassActivity: will set rotation from 181.4803 to 181.4794
08-06 18:23:45.845 11409 11409 D CompassActivity: will set rotation from 181.4794 to 181.508
08-06 18:23:45.845 11409 11409 D CompassActivity: will set rotation from 181.508 to 181.50897
08-06 18:23:45.864 11409 11409 D CompassActivity: will set rotation from 181.50897 to 181.50412
08-06 18:23:45.865 11409 11409 D CompassActivity: will set rotation from 181.50412 to 181.50417
08-06 18:23:45.884 11409 11409 D CompassActivity: will set rotation from 181.50417 to 181.50085
08-06 18:23:45.887 11409 11409 D CompassActivity: will set rotation from 181.50085 to 181.5002
08-06 18:23:45.907 11409 11409 D CompassActivity: will set rotation from 181.5002 to 181.52783
08-06 18:23:45.907 11409 11409 D CompassActivity: will set rotation from 181.52783 to 181.52759
08-06 18:23:45.925 11409 11409 D CompassActivity: will set rotation from 181.52759 to 181.53542
08-06 18:23:45.926 11409 11409 D CompassActivity: will set rotation from 181.53542 to 181.53479
08-06 18:23:45.944 11409 11409 D CompassActivity: will set rotation from 181.53479 to 181.54185
08-06 18:23:45.944 11409 11409 D CompassActivity: will set rotation from 181.54185 to 181.54167
08-06 18:23:45.965 11409 11409 D CompassActivity: will set rotation from 181.54167 to 181.53577
08-06 18:23:45.965 11409 11409 D CompassActivity: will set rotation from 181.53577 to 181.53589
08-06 18:23:45.984 11409 11409 D CompassActivity: will set rotation from 181.53589 to 181.54286
08-06 18:23:45.985 11409 11409 D CompassActivity: will set rotation from 181.54286 to 181.5443
08-06 18:23:46.009 11409 11409 D CompassActivity: will set rotation from 181.5443 to 181.5673
08-06 18:23:46.009 11409 11409 D CompassActivity: will set rotation from 181.5673 to 181.56668
08-06 18:23:46.026 11409 11409 D CompassActivity: will set rotation from 181.56668 to 181.55954
08-06 18:23:46.027 11409 11409 D CompassActivity: will set rotation from 181.55954 to 181.55836
08-06 18:23:46.044 11409 11409 D CompassActivity: will set rotation from 181.55836 to 181.56262
08-06 18:23:46.045 11409 11409 D CompassActivity: will set rotation from 181.56262 to 181.56244
08-06 18:23:46.064 11409 11409 D CompassActivity: will set rotation from 181.56244 to 181.6057
08-06 18:23:46.064 11409 11409 D CompassActivity: will set rotation from 181.6057 to 181.60547
08-06 18:23:46.083 11409 11409 D CompassActivity: will set rotation from 181.60547 to 181.59709
08-06 18:23:46.084 11409 11409 D CompassActivity: will set rotation from 181.59709 to 181.59648
08-06 18:23:46.101 11409 11470 I art     : Starting a blocking GC Explicit
08-06 18:23:46.107 11409 11409 D CompassActivity: will set rotation from 181.59648 to 181.58696
08-06 18:23:46.108 11409 11409 D CompassActivity: will set rotation from 181.58696 to 181.58714
08-06 18:23:46.129 11409 11409 D CompassActivity: will set rotation from 181.58714 to 181.5945
08-06 18:23:46.129 11409 11409 D CompassActivity: will set rotation from 181.5945 to 181.5937
08-06 18:23:46.144 11409 11409 D CompassActivity: will set rotation from 181.5937 to 181.58476
08-06 18:23:46.145 11409 11409 D CompassActivity: will set rotation from 181.58476 to 181.58403
08-06 18:23:46.163 11409 11409 D CompassActivity: will set rotation from 181.58403 to 181.5759
08-06 18:23:46.163 11409 11409 D CompassActivity: will set rotation from 181.5759 to 181.57422
08-06 18:23:46.183 11409 11409 D CompassActivity: will set rotation from 181.57422 to 181.56586
08-06 18:23:46.184 11409 11409 D CompassActivity: will set rotation from 181.56586 to 181.56609
08-06 18:23:46.184 11409 11470 I art     : Explicit concurrent mark sweep GC freed 2192(129KB) AllocSpace objects, 2(36KB) LOS objects, 7% free, 188MB/204MB, paused 1.817ms total 82.945ms
08-06 18:23:46.209 11409 11409 D CompassActivity: will set rotation from 181.56609 to 181.53998
08-06 18:23:46.210 11409 11409 D CompassActivity: will set rotation from 181.53998 to 181.54123
08-06 18:23:46.214 11409 11470 I art     : Starting a blocking GC Explicit
08-06 18:23:46.225 11409 11409 D CompassActivity: will set rotation from 181.54123 to 181.56435
08-06 18:23:46.226 11409 11409 D CompassActivity: will set rotation from 181.56435 to 181.56491
08-06 18:23:46.244 11409 11409 D CompassActivity: will set rotation from 181.56491 to 181.57161
08-06 18:23:46.244 11409 11409 D CompassActivity: will set rotation from 181.57161 to 181.57277
08-06 18:23:46.263 11409 11409 D CompassActivity: will set rotation from 181.57277 to 181.57922
08-06 18:23:46.263 11409 11409 D CompassActivity: will set rotation from 181.57922 to 181.58008
08-06 18:23:46.283 11409 11409 D CompassActivity: will set rotation from 181.58008 to 181.5863
08-06 18:23:46.284 11409 11409 D CompassActivity: will set rotation from 181.5863 to 181.5864
08-06 18:23:46.285 11409 11470 I art     : Explicit concurrent mark sweep GC freed 985(39KB) AllocSpace objects, 0(0B) LOS objects, 7% free, 188MB/204MB, paused 2.259ms total 70.531ms
08-06 18:23:46.308 11409 11409 D CompassActivity: will set rotation from 181.5864 to 181.60933
08-06 18:23:46.309 11409 11409 D CompassActivity: will set rotation from 181.60933 to 181.61139
08-06 18:23:46.317 11409 11470 I art     : Starting a blocking GC Explicit
08-06 18:23:46.324 11409 11409 D CompassActivity: will set rotation from 181.61139 to 181.59909
08-06 18:23:46.324 11409 11409 D CompassActivity: will set rotation from 181.59909 to 181.60106
08-06 18:23:46.343 11409 11409 D CompassActivity: will set rotation from 181.60106 to 181.61194
08-06 18:23:46.343 11409 11409 D CompassActivity: will set rotation from 181.61194 to 181.61038
08-06 18:23:46.362 11409 11409 D CompassActivity: will set rotation from 181.61038 to 181.60172
08-06 18:23:46.363 11409 11409 D CompassActivity: will set rotation from 181.60172 to 181.60114
08-06 18:23:46.382 11409 11409 D CompassActivity: will set rotation from 181.60114 to 181.6439
08-06 18:23:46.383 11409 11409 D CompassActivity: will set rotation from 181.6439 to 181.64363
08-06 18:23:46.383 11409 11470 I art     : Explicit concurrent mark sweep GC freed 218(10KB) AllocSpace objects, 0(0B) LOS objects, 7% free, 188MB/204MB, paused 2.171ms total 65.333ms
08-06 18:23:46.406 11409 11409 D CompassActivity: will set rotation from 181.64363 to 181.66504
08-06 18:23:46.408 11409 11409 D CompassActivity: will set rotation from 181.66504 to 181.66502
08-06 18:23:46.412 11409 11470 I art     : Starting a blocking GC Explicit
08-06 18:23:46.428 11409 11409 D CompassActivity: will set rotation from 181.66502 to 181.65067
08-06 18:23:46.429 11409 11409 D CompassActivity: will set rotation from 181.65067 to 181.64946
08-06 18:23:46.446 11409 11409 D CompassActivity: will set rotation from 181.64946 to 181.63866
08-06 18:23:46.446 11409 11409 D CompassActivity: will set rotation from 181.63866 to 181.6377
08-06 18:23:46.464 11409 11409 D CompassActivity: will set rotation from 181.6377 to 181.64015
08-06 18:23:46.465 11409 11409 D CompassActivity: will set rotation from 181.64015 to 181.63976
08-06 18:23:46.482 11409 11409 D CompassActivity: will set rotation from 181.63976 to 181.64493
08-06 18:23:46.482 11409 11409 D CompassActivity: will set rotation from 181.64493 to 181.64674
08-06 18:23:46.483 11409 11470 I art     : Explicit concurrent mark sweep GC freed 218(10KB) AllocSpace objects, 0(0B) LOS objects, 7% free, 188MB/204MB, paused 2.146ms total 70.756ms
08-06 18:23:46.502 11409 11409 D CompassActivity: will set rotation from 181.64674 to 181.68767
08-06 18:23:46.503 11409 11409 D CompassActivity: will set rotation from 181.68767 to 181.68747
08-06 18:23:46.512 11409 11470 I art     : Starting a blocking GC Explicit
08-06 18:23:46.526 11409 11409 D CompassActivity: will set rotation from 181.68747 to 181.68929
08-06 18:23:46.527 11409 11409 D CompassActivity: will set rotation from 181.68929 to 181.68968
08-06 18:23:46.542 11409 11409 D CompassActivity: will set rotation from 181.68968 to 181.695
08-06 18:23:46.542 11409 11409 D CompassActivity: will set rotation from 181.695 to 181.69438
08-06 18:23:46.562 11409 11409 D CompassActivity: will set rotation from 181.69438 to 181.69815
08-06 18:23:46.563 11409 11409 D CompassActivity: will set rotation from 181.69815 to 181.69853
08-06 18:23:46.579 11409 11470 I art     : Explicit concurrent mark sweep GC freed 218(10KB) AllocSpace objects, 0(0B) LOS objects, 7% free, 188MB/204MB, paused 2.822ms total 67.340ms
08-06 18:23:46.583 11409 11409 D CompassActivity: will set rotation from 181.69853 to 181.6996
08-06 18:23:46.583 11409 11409 D CompassActivity: will set rotation from 181.6996 to 181.70029
08-06 18:23:46.601 11409 11409 D CompassActivity: will set rotation from 181.70029 to 181.70337
08-06 18:23:46.601 11409 11409 D CompassActivity: will set rotation from 181.70337 to 181.70451
08-06 18:23:46.622 11409 11409 D CompassActivity: will set rotation from 181.70451 to 181.74123
08-06 18:23:46.622 11409 11409 D CompassActivity: will set rotation from 181.74123 to 181.7404
08-06 18:23:46.641 11409 11409 D CompassActivity: will set rotation from 181.7404 to 181.77415
08-06 18:23:46.641 11409 11409 D CompassActivity: will set rotation from 181.77415 to 181.77457
08-06 18:23:46.660 11409 11409 D CompassActivity: will set rotation from 181.77457 to 181.74315
08-06 18:23:46.660 11409 11409 D CompassActivity: will set rotation from 181.74315 to 181.74327
08-06 18:23:46.681 11409 11409 D CompassActivity: will set rotation from 181.74327 to 181.76427
08-06 18:23:46.681 11409 11409 D CompassActivity: will set rotation from 181.76427 to 181.76309
08-06 18:23:46.700 11409 11409 D CompassActivity: will set rotation from 181.76309 to 181.76218
08-06 18:23:46.701 11409 11409 D CompassActivity: will set rotation from 181.76218 to 181.76135
08-06 18:23:46.723 11409 11409 D CompassActivity: will set rotation from 181.76135 to 181.69867
08-06 18:23:46.724 11409 11409 D CompassActivity: will set rotation from 181.69867 to 181.6979
08-06 18:23:46.743 11409 11409 D CompassActivity: will set rotation from 181.6979 to 181.6839
08-06 18:23:46.743 11409 11409 D CompassActivity: will set rotation from 181.6839 to 181.68341
08-06 18:23:46.749 12871 12871 D AndroidRuntime: >>>>>> START com.android.internal.os.RuntimeInit uid 2000 <<<<<<
08-06 18:23:46.757 12871 12871 D AndroidRuntime: CheckJNI is OFF
08-06 18:23:46.762 11409 11409 D CompassActivity: will set rotation from 181.68341 to 181.6844
08-06 18:23:46.762 11409 11409 D CompassActivity: will set rotation from 181.6844 to 181.68427
08-06 18:23:46.781 11409 11409 D CompassActivity: will set rotation from 181.68427 to 181.68825
08-06 18:23:46.781 11409 11409 D CompassActivity: will set rotation from 181.68825 to 181.68712
08-06 18:23:46.800 11409 11409 D CompassActivity: will set rotation from 181.68712 to 181.70529
08-06 18:23:46.801 11409 11409 D CompassActivity: will set rotation from 181.70529 to 181.70584
08-06 18:23:46.822 11409 11409 D CompassActivity: will set rotation from 181.70584 to 181.72472
08-06 18:23:46.822 11409 11409 D CompassActivity: will set rotation from 181.72472 to 181.72467
08-06 18:23:46.827 12871 12871 D ICU     : No timezone override file found: /data/misc/zoneinfo/current/icu/icu_tzdata.dat
08-06 18:23:46.841 11409 11409 D CompassActivity: will set rotation from 181.72467 to 181.74028
08-06 18:23:46.842 11409 11409 D CompassActivity: will set rotation from 181.74028 to 181.73947
08-06 18:23:46.863 11409 11409 D CompassActivity: will set rotation from 181.73947 to 181.74094
08-06 18:23:46.863 11409 11409 D CompassActivity: will set rotation from 181.74094 to 181.74197
08-06 18:23:46.874 12871 12871 I Radio-JNI: register_android_hardware_Radio DONE
08-06 18:23:46.880 11409 11409 D CompassActivity: will set rotation from 181.74197 to 181.74126
08-06 18:23:46.880 11409 11409 D CompassActivity: will set rotation from 181.74126 to 181.74164
08-06 18:23:46.900 11409 11409 D CompassActivity: will set rotation from 181.74164 to 181.744
08-06 18:23:46.900 11409 11409 D CompassActivity: will set rotation from 181.744 to 181.74477
08-06 18:23:46.907 12871 12871 D AndroidRuntime: Calling main entry com.android.commands.input.Input
08-06 18:23:46.909 12871 12871 I Input   : injectKeyEvent: KeyEvent { action=ACTION_DOWN, keyCode=KEYCODE_BACK, scanCode=0, metaState=0, flags=0x0, repeatCount=0, eventTime=901443322, downTime=901443322, deviceId=-1, source=0x101 }
08-06 18:23:46.915 12871 12871 I Input   : injectKeyEvent: KeyEvent { action=ACTION_UP, keyCode=KEYCODE_BACK, scanCode=0, metaState=0, flags=0x0, repeatCount=0, eventTime=901443322, downTime=901443322, deviceId=-1, source=0x101 }
08-06 18:23:46.923 11409 11409 D CompassActivity: will set rotation from 181.74477 to 181.7309
08-06 18:23:46.923 12871 12871 D AndroidRuntime: Shutting down VM
08-06 18:23:46.923 11409 11409 D CompassActivity: will set rotation from 181.7309 to 181.72949
08-06 18:23:46.928   918  3961 I sensors : activate
08-06 18:23:46.928   918  6110 I sensors : activate
08-06 18:23:46.934   918  3188 I hubconnection: sensorhub said: 'activate 1 enable:0'
08-06 18:23:46.937   918  3188 I hubconnection: sensorhub said: 'activate 3 enable:0'
08-06 18:23:46.954 11409 11409 V MainActivity: url = https://project-travel-mate.herokuapp.com/api/number-of-unread-notifications
08-06 18:23:47.045 11409 11422 I art     : Starting a blocking GC Explicit
08-06 18:23:47.101 11409 11422 I art     : Explicit concurrent mark sweep GC freed 2440(136KB) AllocSpace objects, 2(36KB) LOS objects, 7% free, 188MB/204MB, paused 1.582ms total 55.355ms
08-06 18:23:47.111 13866 13866 I GoogleInputMethodServic: GoogleInputMethodService.onFinishInput():3138 
08-06 18:23:47.115 13866 13866 I GoogleInputMethodServic: GoogleInputMethodService.onStartInput():1808 
08-06 18:23:47.124 11409 11422 I art     : Starting a blocking GC Explicit
08-06 18:23:47.174 11409 11422 I art     : Explicit concurrent mark sweep GC freed 653(24KB) AllocSpace objects, 0(0B) LOS objects, 7% free, 188MB/204MB, paused 1.606ms total 49.833ms
08-06 18:23:47.195 11409 11422 I art     : Starting a blocking GC Explicit
08-06 18:23:47.245 11409 11422 I art     : Explicit concurrent mark sweep GC freed 47(2096B) AllocSpace objects, 0(0B) LOS objects, 7% free, 188MB/204MB, paused 2.141ms total 49.592ms
08-06 18:23:47.268 11409 11422 I art     : Starting a blocking GC Explicit
08-06 18:23:47.334 11409 11422 I art     : Explicit concurrent mark sweep GC freed 7(288B) AllocSpace objects, 0(0B) LOS objects, 7% free, 188MB/204MB, paused 1.757ms total 66.195ms
08-06 18:23:47.363 11409 11422 I art     : Starting a blocking GC Explicit
08-06 18:23:47.374 11409 11409 D CompassActivity: stop compass
08-06 18:23:47.387   380   380 W SurfaceFlinger: couldn't log to binary event log: overflow.
08-06 18:23:47.418 11409 11422 I art     : Explicit concurrent mark sweep GC freed 21(896B) AllocSpace objects, 0(0B) LOS objects, 7% free, 188MB/204MB, paused 1.912ms total 54.140ms
08-06 18:23:47.728 11409 12894 I NAPPA_EXPERIMENTATION: MetricNetworkRequestExecutionTime: REQUEST_DURATION_SYSTEM='769',REQUEST_DURATION_OKHTTP='31',REQUEST_SYNCHRONOUS='FALSE',RESPONSE_CODE='200',RESPONSE_METHOD='GET',RESPONSE_LENGTH_OKHTTP='36',RESPONSE_LENGTH_HEADER='36',REQUEST_PROTOCOL='http/1.1',REQUEST_URL='https://project-travel-mate.herokuapp.com/api/number-of-unread-notifications',
08-06 18:23:47.881 11409 11470 I art     : Starting a blocking GC Explicit
08-06 18:23:47.979 11409 11470 I art     : Explicit concurrent mark sweep GC freed 5678(321KB) AllocSpace objects, 8(52MB) LOS objects, 10% free, 136MB/152MB, paused 2.284ms total 97.817ms
08-06 18:23:48.004 11409 11470 I art     : Starting a blocking GC Explicit
08-06 18:23:48.063 11409 11470 I art     : Explicit concurrent mark sweep GC freed 990(118KB) AllocSpace objects, 0(0B) LOS objects, 10% free, 136MB/152MB, paused 1.793ms total 58.796ms
08-06 18:23:48.087 11409 11470 I art     : Starting a blocking GC Explicit
08-06 18:23:48.152 11409 11470 I art     : Explicit concurrent mark sweep GC freed 3(96B) AllocSpace objects, 0(0B) LOS objects, 10% free, 136MB/152MB, paused 2.034ms total 64.890ms
08-06 18:23:48.180 11409 11470 I art     : Starting a blocking GC Explicit
08-06 18:23:48.235 11409 11470 I art     : Explicit concurrent mark sweep GC freed 3(96B) AllocSpace objects, 0(0B) LOS objects, 10% free, 136MB/152MB, paused 1.591ms total 54.673ms
08-06 18:23:48.259 11409 11470 I art     : Starting a blocking GC Explicit
08-06 18:23:48.316 11409 11470 I art     : Explicit concurrent mark sweep GC freed 3(96B) AllocSpace objects, 0(0B) LOS objects, 10% free, 136MB/152MB, paused 1.695ms total 56.119ms
08-06 18:23:48.762 11409 11422 I art     : Starting a blocking GC Explicit
08-06 18:23:48.825 11409 11422 I art     : Explicit concurrent mark sweep GC freed 1615(93KB) AllocSpace objects, 2(36KB) LOS objects, 10% free, 136MB/152MB, paused 2.631ms total 62.317ms
08-06 18:23:48.850 11409 11422 I art     : Starting a blocking GC Explicit
08-06 18:23:48.864 12907 12907 D AndroidRuntime: >>>>>> START com.android.internal.os.RuntimeInit uid 2000 <<<<<<
08-06 18:23:48.871 12907 12907 D AndroidRuntime: CheckJNI is OFF
08-06 18:23:48.903 11409 11422 I art     : Explicit concurrent mark sweep GC freed 70(2432B) AllocSpace objects, 0(0B) LOS objects, 10% free, 136MB/152MB, paused 1.525ms total 52.788ms
08-06 18:23:48.924 11409 11422 I art     : Starting a blocking GC Explicit
08-06 18:23:48.925 12907 12907 D ICU     : No timezone override file found: /data/misc/zoneinfo/current/icu/icu_tzdata.dat
08-06 18:23:48.967 12907 12907 I Radio-JNI: register_android_hardware_Radio DONE
08-06 18:23:48.976 11409 11422 I art     : Explicit concurrent mark sweep GC freed 3(96B) AllocSpace objects, 0(0B) LOS objects, 10% free, 136MB/152MB, paused 1.655ms total 51.651ms
08-06 18:23:48.998 11409 11422 I art     : Starting a blocking GC Explicit
08-06 18:23:49.000 12907 12907 D AndroidRuntime: Calling main entry com.android.commands.input.Input
08-06 18:23:49.003 12907 12907 I Input   : injectMotionEvent: MotionEvent { action=ACTION_DOWN, actionButton=0, id[0]=0, x[0]=500.0, y[0]=2000.0, toolType[0]=TOOL_TYPE_UNKNOWN, buttonState=0, metaState=0, flags=0x0, edgeFlags=0x0, pointerCount=1, historySize=0, eventTime=901445414, downTime=901445414, deviceId=0, source=0x1002 }
08-06 18:23:49.009 12907 12907 I Input   : injectMotionEvent: MotionEvent { action=ACTION_MOVE, actionButton=0, id[0]=0, x[0]=500.0, y[0]=2000.0, toolType[0]=TOOL_TYPE_UNKNOWN, buttonState=0, metaState=0, flags=0x0, edgeFlags=0x0, pointerCount=1, historySize=0, eventTime=901445414, downTime=901445414, deviceId=0, source=0x1002 }
08-06 18:23:49.023 12907 12907 I Input   : injectMotionEvent: MotionEvent { action=ACTION_MOVE, actionButton=0, id[0]=0, x[0]=500.0, y[0]=1958.2, toolType[0]=TOOL_TYPE_UNKNOWN, buttonState=0, metaState=0, flags=0x0, edgeFlags=0x0, pointerCount=1, historySize=0, eventTime=901445436, downTime=901445436, deviceId=0, source=0x1002 }
08-06 18:23:49.039 12907 12907 I Input   : injectMotionEvent: MotionEvent { action=ACTION_MOVE, actionButton=0, id[0]=0, x[0]=500.0, y[0]=1927.8, toolType[0]=TOOL_TYPE_UNKNOWN, buttonState=0, metaState=0, flags=0x0, edgeFlags=0x0, pointerCount=1, historySize=0, eventTime=901445452, downTime=901445452, deviceId=0, source=0x1002 }
08-06 18:23:49.058 11409 11422 I art     : Explicit concurrent mark sweep GC freed 7(224B) AllocSpace objects, 0(0B) LOS objects, 10% free, 136MB/152MB, paused 1.726ms total 59.093ms
08-06 18:23:49.071 12907 12907 I Input   : injectMotionEvent: MotionEvent { action=ACTION_MOVE, actionButton=0, id[0]=0, x[0]=500.0, y[0]=1867.0, toolType[0]=TOOL_TYPE_UNKNOWN, buttonState=0, metaState=0, flags=0x0, edgeFlags=0x0, pointerCount=1, historySize=0, eventTime=901445484, downTime=901445484, deviceId=0, source=0x1002 }
08-06 18:23:49.087 11409 11422 I art     : Starting a blocking GC Explicit
08-06 18:23:49.096 12907 12907 I Input   : injectMotionEvent: MotionEvent { action=ACTION_MOVE, actionButton=0, id[0]=0, x[0]=500.0, y[0]=1821.4, toolType[0]=TOOL_TYPE_UNKNOWN, buttonState=0, metaState=0, flags=0x0, edgeFlags=0x0, pointerCount=1, historySize=0, eventTime=901445508, downTime=901445508, deviceId=0, source=0x1002 }
08-06 18:23:49.107 12907 12907 I Input   : injectMotionEvent: MotionEvent { action=ACTION_MOVE, actionButton=0, id[0]=0, x[0]=500.0, y[0]=1798.6, toolType[0]=TOOL_TYPE_UNKNOWN, buttonState=0, metaState=0, flags=0x0, edgeFlags=0x0, pointerCount=1, historySize=0, eventTime=901445520, downTime=901445520, deviceId=0, source=0x1002 }
08-06 18:23:49.128 12907 12907 I Input   : injectMotionEvent: MotionEvent { action=ACTION_MOVE, actionButton=0, id[0]=0, x[0]=500.0, y[0]=1758.7, toolType[0]=TOOL_TYPE_UNKNOWN, buttonState=0, metaState=0, flags=0x0, edgeFlags=0x0, pointerCount=1, historySize=0, eventTime=901445541, downTime=901445541, deviceId=0, source=0x1002 }
08-06 18:23:49.143 12907 12907 I Input   : injectMotionEvent: MotionEvent { action=ACTION_MOVE, actionButton=0, id[0]=0, x[0]=500.0, y[0]=1730.2, toolType[0]=TOOL_TYPE_UNKNOWN, buttonState=0, metaState=0, flags=0x0, edgeFlags=0x0, pointerCount=1, historySize=0, eventTime=901445556, downTime=901445556, deviceId=0, source=0x1002 }
08-06 18:23:49.158 12907 12907 I Input   : injectMotionEvent: MotionEvent { action=ACTION_MOVE, actionButton=0, id[0]=0, x[0]=500.0, y[0]=1701.7, toolType[0]=TOOL_TYPE_UNKNOWN, buttonState=0, metaState=0, flags=0x0, edgeFlags=0x0, pointerCount=1, historySize=0, eventTime=901445571, downTime=901445571, deviceId=0, source=0x1002 }
08-06 18:23:49.163 11409 11422 I art     : Explicit concurrent mark sweep GC freed 47(1872B) AllocSpace objects, 0(0B) LOS objects, 10% free, 136MB/152MB, paused 2.479ms total 74.803ms
08-06 18:23:49.178 12907 12907 I Input   : injectMotionEvent: MotionEvent { action=ACTION_MOVE, actionButton=0, id[0]=0, x[0]=500.0, y[0]=1663.7, toolType[0]=TOOL_TYPE_UNKNOWN, buttonState=0, metaState=0, flags=0x0, edgeFlags=0x0, pointerCount=1, historySize=0, eventTime=901445591, downTime=901445591, deviceId=0, source=0x1002 }
08-06 18:23:49.191 12907 12907 I Input   : injectMotionEvent: MotionEvent { action=ACTION_MOVE, actionButton=0, id[0]=0, x[0]=500.0, y[0]=1639.0, toolType[0]=TOOL_TYPE_UNKNOWN, buttonState=0, metaState=0, flags=0x0, edgeFlags=0x0, pointerCount=1, historySize=0, eventTime=901445604, downTime=901445604, deviceId=0, source=0x1002 }
08-06 18:23:49.207 12907 12907 I Input   : injectMotionEvent: MotionEvent { action=ACTION_MOVE, actionButton=0, id[0]=0, x[0]=500.0, y[0]=1608.6, toolType[0]=TOOL_TYPE_UNKNOWN, buttonState=0, metaState=0, flags=0x0, edgeFlags=0x0, pointerCount=1, historySize=0, eventTime=901445620, downTime=901445620, deviceId=0, source=0x1002 }
08-06 18:23:49.223 12907 12907 I Input   : injectMotionEvent: MotionEvent { action=ACTION_MOVE, actionButton=0, id[0]=0, x[0]=500.0, y[0]=1578.2, toolType[0]=TOOL_TYPE_UNKNOWN, buttonState=0, metaState=0, flags=0x0, edgeFlags=0x0, pointerCount=1, historySize=0, eventTime=901445636, downTime=901445636, deviceId=0, source=0x1002 }
08-06 18:23:49.239 12907 12907 I Input   : injectMotionEvent: MotionEvent { action=ACTION_MOVE, actionButton=0, id[0]=0, x[0]=500.0, y[0]=1545.9, toolType[0]=TOOL_TYPE_UNKNOWN, buttonState=0, metaState=0, flags=0x0, edgeFlags=0x0, pointerCount=1, historySize=0, eventTime=901445653, downTime=901445653, deviceId=0, source=0x1002 }
08-06 18:23:49.256 12907 12907 I Input   : injectMotionEvent: MotionEvent { action=ACTION_MOVE, actionButton=0, id[0]=0, x[0]=500.0, y[0]=1513.6, toolType[0]=TOOL_TYPE_UNKNOWN, buttonState=0, metaState=0, flags=0x0, edgeFlags=0x0, pointerCount=1, historySize=0, eventTime=901445670, downTime=901445670, deviceId=0, source=0x1002 }
08-06 18:23:49.274 12907 12907 I Input   : injectMotionEvent: MotionEvent { action=ACTION_MOVE, actionButton=0, id[0]=0, x[0]=500.0, y[0]=1479.4, toolType[0]=TOOL_TYPE_UNKNOWN, buttonState=0, metaState=0, flags=0x0, edgeFlags=0x0, pointerCount=1, historySize=0, eventTime=901445688, downTime=901445688, deviceId=0, source=0x1002 }
08-06 18:23:49.291 12907 12907 I Input   : injectMotionEvent: MotionEvent { action=ACTION_MOVE, actionButton=0, id[0]=0, x[0]=500.0, y[0]=1449.0, toolType[0]=TOOL_TYPE_UNKNOWN, buttonState=0, metaState=0, flags=0x0, edgeFlags=0x0, pointerCount=1, historySize=0, eventTime=901445704, downTime=901445704, deviceId=0, source=0x1002 }
08-06 18:23:49.309 12907 12907 I Input   : injectMotionEvent: MotionEvent { action=ACTION_MOVE, actionButton=0, id[0]=0, x[0]=500.0, y[0]=1414.8, toolType[0]=TOOL_TYPE_UNKNOWN, buttonState=0, metaState=0, flags=0x0, edgeFlags=0x0, pointerCount=1, historySize=0, eventTime=901445722, downTime=901445722, deviceId=0, source=0x1002 }
08-06 18:23:49.325 12907 12907 I Input   : injectMotionEvent: MotionEvent { action=ACTION_MOVE, actionButton=0, id[0]=0, x[0]=500.0, y[0]=1384.4, toolType[0]=TOOL_TYPE_UNKNOWN, buttonState=0, metaState=0, flags=0x0, edgeFlags=0x0, pointerCount=1, historySize=0, eventTime=901445738, downTime=901445738, deviceId=0, source=0x1002 }
08-06 18:23:49.345 12907 12907 I Input   : injectMotionEvent: MotionEvent { action=ACTION_MOVE, actionButton=0, id[0]=0, x[0]=500.0, y[0]=1346.3999, toolType[0]=TOOL_TYPE_UNKNOWN, buttonState=0, metaState=0, flags=0x0, edgeFlags=0x0, pointerCount=1, historySize=0, eventTime=901445758, downTime=901445758, deviceId=0, source=0x1002 }
08-06 18:23:49.360 12907 12907 I Input   : injectMotionEvent: MotionEvent { action=ACTION_MOVE, actionButton=0, id[0]=0, x[0]=500.0, y[0]=1317.9, toolType[0]=TOOL_TYPE_UNKNOWN, buttonState=0, metaState=0, flags=0x0, edgeFlags=0x0, pointerCount=1, historySize=0, eventTime=901445773, downTime=901445773, deviceId=0, source=0x1002 }
08-06 18:23:49.376 12907 12907 I Input   : injectMotionEvent: MotionEvent { action=ACTION_MOVE, actionButton=0, id[0]=0, x[0]=500.0, y[0]=1287.5, toolType[0]=TOOL_TYPE_UNKNOWN, buttonState=0, metaState=0, flags=0x0, edgeFlags=0x0, pointerCount=1, historySize=0, eventTime=901445789, downTime=901445789, deviceId=0, source=0x1002 }
08-06 18:23:49.390 12907 12907 I Input   : injectMotionEvent: MotionEvent { action=ACTION_MOVE, actionButton=0, id[0]=0, x[0]=500.0, y[0]=1260.9, toolType[0]=TOOL_TYPE_UNKNOWN, buttonState=0, metaState=0, flags=0x0, edgeFlags=0x0, pointerCount=1, historySize=0, eventTime=901445803, downTime=901445803, deviceId=0, source=0x1002 }
08-06 18:23:49.408 12907 12907 I Input   : injectMotionEvent: MotionEvent { action=ACTION_MOVE, actionButton=0, id[0]=0, x[0]=500.0, y[0]=1224.8, toolType[0]=TOOL_TYPE_UNKNOWN, buttonState=0, metaState=0, flags=0x0, edgeFlags=0x0, pointerCount=1, historySize=0, eventTime=901445822, downTime=901445822, deviceId=0, source=0x1002 }
08-06 18:23:49.423 12907 12907 I Input   : injectMotionEvent: MotionEvent { action=ACTION_MOVE, actionButton=0, id[0]=0, x[0]=500.0, y[0]=1196.3, toolType[0]=TOOL_TYPE_UNKNOWN, buttonState=0, metaState=0, flags=0x0, edgeFlags=0x0, pointerCount=1, historySize=0, eventTime=901445837, downTime=901445837, deviceId=0, source=0x1002 }
08-06 18:23:49.498 12907 12907 I Input   : injectMotionEvent: MotionEvent { action=ACTION_MOVE, actionButton=0, id[0]=0, x[0]=500.0, y[0]=1055.7, toolType[0]=TOOL_TYPE_UNKNOWN, buttonState=0, metaState=0, flags=0x0, edgeFlags=0x0, pointerCount=1, historySize=0, eventTime=901445911, downTime=901445911, deviceId=0, source=0x1002 }
08-06 18:23:49.567 12907 12907 I Input   : injectMotionEvent: MotionEvent { action=ACTION_MOVE, actionButton=0, id[0]=0, x[0]=500.0, y[0]=924.6, toolType[0]=TOOL_TYPE_UNKNOWN, buttonState=0, metaState=0, flags=0x0, edgeFlags=0x0, pointerCount=1, historySize=0, eventTime=901445980, downTime=901445980, deviceId=0, source=0x1002 }
08-06 18:23:49.629 11409 11471 I art     : Starting a blocking GC Explicit
08-06 18:23:49.638 12907 12907 I Input   : injectMotionEvent: MotionEvent { action=ACTION_MOVE, actionButton=0, id[0]=0, x[0]=500.0, y[0]=789.69995, toolType[0]=TOOL_TYPE_UNKNOWN, buttonState=0, metaState=0, flags=0x0, edgeFlags=0x0, pointerCount=1, historySize=0, eventTime=901446051, downTime=901446051, deviceId=0, source=0x1002 }
08-06 18:23:49.676 11409 11471 I art     : Explicit concurrent mark sweep GC freed 1639(94KB) AllocSpace objects, 2(36KB) LOS objects, 10% free, 136MB/152MB, paused 1.509ms total 46.163ms
08-06 18:23:49.699 12907 12907 I Input   : injectMotionEvent: MotionEvent { action=ACTION_MOVE, actionButton=0, id[0]=0, x[0]=500.0, y[0]=673.7999, toolType[0]=TOOL_TYPE_UNKNOWN, buttonState=0, metaState=0, flags=0x0, edgeFlags=0x0, pointerCount=1, historySize=0, eventTime=901446112, downTime=901446112, deviceId=0, source=0x1002 }
08-06 18:23:49.702 11409 11471 I art     : Starting a blocking GC Explicit
08-06 18:23:49.750 11409 11471 I art     : Explicit concurrent mark sweep GC freed 46(1968B) AllocSpace objects, 0(0B) LOS objects, 10% free, 136MB/152MB, paused 1.521ms total 47.675ms
08-06 18:23:49.765 12907 12907 I Input   : injectMotionEvent: MotionEvent { action=ACTION_MOVE, actionButton=0, id[0]=0, x[0]=500.0, y[0]=548.4, toolType[0]=TOOL_TYPE_UNKNOWN, buttonState=0, metaState=0, flags=0x0, edgeFlags=0x0, pointerCount=1, historySize=0, eventTime=901446178, downTime=901446178, deviceId=0, source=0x1002 }
08-06 18:23:49.771 11409 11471 I art     : Starting a blocking GC Explicit
08-06 18:23:49.825 11409 11471 I art     : Explicit concurrent mark sweep GC freed 13(640B) AllocSpace objects, 0(0B) LOS objects, 10% free, 136MB/152MB, paused 1.481ms total 53.666ms
08-06 18:23:49.827 12907 12907 I Input   : injectMotionEvent: MotionEvent { action=ACTION_MOVE, actionButton=0, id[0]=0, x[0]=500.0, y[0]=428.69995, toolType[0]=TOOL_TYPE_UNKNOWN, buttonState=0, metaState=0, flags=0x0, edgeFlags=0x0, pointerCount=1, historySize=0, eventTime=901446241, downTime=901446241, deviceId=0, source=0x1002 }
08-06 18:23:49.846 11409 11471 I art     : Starting a blocking GC Explicit
08-06 18:23:49.885 12907 12907 I Input   : injectMotionEvent: MotionEvent { action=ACTION_MOVE, actionButton=0, id[0]=0, x[0]=500.0, y[0]=320.40002, toolType[0]=TOOL_TYPE_UNKNOWN, buttonState=0, metaState=0, flags=0x0, edgeFlags=0x0, pointerCount=1, historySize=0, eventTime=901446298, downTime=901446298, deviceId=0, source=0x1002 }
08-06 18:23:49.896 11409 11471 I art     : Explicit concurrent mark sweep GC freed 42(1184B) AllocSpace objects, 0(0B) LOS objects, 10% free, 136MB/152MB, paused 1.471ms total 49.630ms
08-06 18:23:49.916 11409 11471 I art     : Starting a blocking GC Explicit
08-06 18:23:49.923 12907 12907 I Input   : injectMotionEvent: MotionEvent { action=ACTION_MOVE, actionButton=0, id[0]=0, x[0]=500.0, y[0]=248.20007, toolType[0]=TOOL_TYPE_UNKNOWN, buttonState=0, metaState=0, flags=0x0, edgeFlags=0x0, pointerCount=1, historySize=0, eventTime=901446336, downTime=901446336, deviceId=0, source=0x1002 }
08-06 18:23:49.965 12907 12907 I Input   : injectMotionEvent: MotionEvent { action=ACTION_MOVE, actionButton=0, id[0]=0, x[0]=500.0, y[0]=168.40002, toolType[0]=TOOL_TYPE_UNKNOWN, buttonState=0, metaState=0, flags=0x0, edgeFlags=0x0, pointerCount=1, historySize=0, eventTime=901446378, downTime=901446378, deviceId=0, source=0x1002 }
08-06 18:23:49.970 11409 11471 I art     : Explicit concurrent mark sweep GC freed 8(256B) AllocSpace objects, 0(0B) LOS objects, 10% free, 136MB/152MB, paused 1.538ms total 53.446ms
08-06 18:23:50.005 12907 12907 I Input   : injectMotionEvent: MotionEvent { action=ACTION_UP, actionButton=0, id[0]=0, x[0]=500.0, y[0]=100.0, toolType[0]=TOOL_TYPE_UNKNOWN, buttonState=0, metaState=0, flags=0x0, edgeFlags=0x0, pointerCount=1, historySize=0, eventTime=901446418, downTime=901446418, deviceId=0, source=0x1002 }
08-06 18:23:50.043 12907 12907 D AndroidRuntime: Shutting down VM
08-06 18:23:50.399 11409 11471 I art     : Starting a blocking GC Explicit
08-06 18:23:50.459 11409 11471 I art     : Explicit concurrent mark sweep GC freed 1589(92KB) AllocSpace objects, 2(36KB) LOS objects, 10% free, 136MB/152MB, paused 1.652ms total 59.101ms
08-06 18:23:50.479 11409 11471 I art     : Starting a blocking GC Explicit
08-06 18:23:50.527 11409 11471 I art     : Explicit concurrent mark sweep GC freed 33(1184B) AllocSpace objects, 0(0B) LOS objects, 10% free, 136MB/152MB, paused 1.533ms total 47.765ms
08-06 18:23:50.554 11409 11471 I art     : Starting a blocking GC Explicit
08-06 18:23:50.602 11409 11471 I art     : Explicit concurrent mark sweep GC freed 7(224B) AllocSpace objects, 0(0B) LOS objects, 10% free, 136MB/152MB, paused 1.445ms total 47.993ms
08-06 18:23:50.623 11409 11471 I art     : Starting a blocking GC Explicit
08-06 18:23:50.677 11409 11471 I art     : Explicit concurrent mark sweep GC freed 5(160B) AllocSpace objects, 0(0B) LOS objects, 10% free, 136MB/152MB, paused 1.603ms total 54.068ms
08-06 18:23:50.699 11409 11471 I art     : Starting a blocking GC Explicit
08-06 18:23:50.754 11409 11471 I art     : Explicit concurrent mark sweep GC freed 3(96B) AllocSpace objects, 0(0B) LOS objects, 10% free, 136MB/152MB, paused 1.512ms total 54.357ms
08-06 18:23:50.983 12961 12961 D AndroidRuntime: >>>>>> START com.android.internal.os.RuntimeInit uid 2000 <<<<<<
08-06 18:23:50.990 12961 12961 D AndroidRuntime: CheckJNI is OFF
08-06 18:23:51.048 12961 12961 D ICU     : No timezone override file found: /data/misc/zoneinfo/current/icu/icu_tzdata.dat
08-06 18:23:51.096 12961 12961 I Radio-JNI: register_android_hardware_Radio DONE
08-06 18:23:51.131 12961 12961 D AndroidRuntime: Calling main entry com.android.commands.input.Input
08-06 18:23:51.134 12961 12961 I Input   : injectMotionEvent: MotionEvent { action=ACTION_DOWN, actionButton=0, id[0]=0, x[0]=500.0, y[0]=2000.0, toolType[0]=TOOL_TYPE_UNKNOWN, buttonState=0, metaState=0, flags=0x0, edgeFlags=0x0, pointerCount=1, historySize=0, eventTime=901447546, downTime=901447546, deviceId=0, source=0x1002 }
08-06 18:23:51.139 12961 12961 I Input   : injectMotionEvent: MotionEvent { action=ACTION_MOVE, actionButton=0, id[0]=0, x[0]=500.0, y[0]=2000.0, toolType[0]=TOOL_TYPE_UNKNOWN, buttonState=0, metaState=0, flags=0x0, edgeFlags=0x0, pointerCount=1, historySize=0, eventTime=901447546, downTime=901447546, deviceId=0, source=0x1002 }
08-06 18:23:51.163 12961 12961 I Input   : injectMotionEvent: MotionEvent { action=ACTION_MOVE, actionButton=0, id[0]=0, x[0]=500.0, y[0]=1943.0, toolType[0]=TOOL_TYPE_UNKNOWN, buttonState=0, metaState=0, flags=0x0, edgeFlags=0x0, pointerCount=1, historySize=0, eventTime=901447576, downTime=901447576, deviceId=0, source=0x1002 }
08-06 18:23:51.175 12961 12961 I Input   : injectMotionEvent: MotionEvent { action=ACTION_MOVE, actionButton=0, id[0]=0, x[0]=500.0, y[0]=1920.2, toolType[0]=TOOL_TYPE_UNKNOWN, buttonState=0, metaState=0, flags=0x0, edgeFlags=0x0, pointerCount=1, historySize=0, eventTime=901447588, downTime=901447588, deviceId=0, source=0x1002 }
08-06 18:23:51.193 12961 12961 I Input   : injectMotionEvent: MotionEvent { action=ACTION_MOVE, actionButton=0, id[0]=0, x[0]=500.0, y[0]=1884.1, toolType[0]=TOOL_TYPE_UNKNOWN, buttonState=0, metaState=0, flags=0x0, edgeFlags=0x0, pointerCount=1, historySize=0, eventTime=901447607, downTime=901447607, deviceId=0, source=0x1002 }
08-06 18:23:51.202 11409 11422 I art     : Starting a blocking GC Explicit
08-06 18:23:51.239 12961 12961 I Input   : injectMotionEvent: MotionEvent { action=ACTION_MOVE, actionButton=0, id[0]=0, x[0]=500.0, y[0]=1798.6, toolType[0]=TOOL_TYPE_UNKNOWN, buttonState=0, metaState=0, flags=0x0, edgeFlags=0x0, pointerCount=1, historySize=0, eventTime=901447652, downTime=901447652, deviceId=0, source=0x1002 }
08-06 18:23:51.258 11409 11422 I art     : Explicit concurrent mark sweep GC freed 1629(93KB) AllocSpace objects, 2(36KB) LOS objects, 10% free, 136MB/152MB, paused 1.588ms total 56.094ms
08-06 18:23:51.280 12961 12961 I Input   : injectMotionEvent: MotionEvent { action=ACTION_MOVE, actionButton=0, id[0]=0, x[0]=500.0, y[0]=1720.7, toolType[0]=TOOL_TYPE_UNKNOWN, buttonState=0, metaState=0, flags=0x0, edgeFlags=0x0, pointerCount=1, historySize=0, eventTime=901447693, downTime=901447693, deviceId=0, source=0x1002 }
08-06 18:23:51.284 11409 11422 I art     : Starting a blocking GC Explicit
08-06 18:23:51.321 12961 12961 I Input   : injectMotionEvent: MotionEvent { action=ACTION_MOVE, actionButton=0, id[0]=0, x[0]=500.0, y[0]=1642.8, toolType[0]=TOOL_TYPE_UNKNOWN, buttonState=0, metaState=0, flags=0x0, edgeFlags=0x0, pointerCount=1, historySize=0, eventTime=901447734, downTime=901447734, deviceId=0, source=0x1002 }
08-06 18:23:51.335 11409 11422 I art     : Explicit concurrent mark sweep GC freed 38(1344B) AllocSpace objects, 0(0B) LOS objects, 10% free, 136MB/152MB, paused 1.585ms total 50.774ms
08-06 18:23:51.360 11409 11422 I art     : Starting a blocking GC Explicit
08-06 18:23:51.364 12961 12961 I Input   : injectMotionEvent: MotionEvent { action=ACTION_MOVE, actionButton=0, id[0]=0, x[0]=500.0, y[0]=1559.2, toolType[0]=TOOL_TYPE_UNKNOWN, buttonState=0, metaState=0, flags=0x0, edgeFlags=0x0, pointerCount=1, historySize=0, eventTime=901447778, downTime=901447778, deviceId=0, source=0x1002 }
08-06 18:23:51.406 12961 12961 I Input   : injectMotionEvent: MotionEvent { action=ACTION_MOVE, actionButton=0, id[0]=0, x[0]=500.0, y[0]=1481.3, toolType[0]=TOOL_TYPE_UNKNOWN, buttonState=0, metaState=0, flags=0x0, edgeFlags=0x0, pointerCount=1, historySize=0, eventTime=901447819, downTime=901447819, deviceId=0, source=0x1002 }
08-06 18:23:51.411 11409 11422 I art     : Explicit concurrent mark sweep GC freed 10(320B) AllocSpace objects, 0(0B) LOS objects, 10% free, 136MB/152MB, paused 1.623ms total 50.732ms
08-06 18:23:51.433 11409 11422 I art     : Starting a blocking GC Explicit
08-06 18:23:51.447 12961 12961 I Input   : injectMotionEvent: MotionEvent { action=ACTION_MOVE, actionButton=0, id[0]=0, x[0]=500.0, y[0]=1403.3999, toolType[0]=TOOL_TYPE_UNKNOWN, buttonState=0, metaState=0, flags=0x0, edgeFlags=0x0, pointerCount=1, historySize=0, eventTime=901447860, downTime=901447860, deviceId=0, source=0x1002 }
08-06 18:23:51.491 11409 11422 I art     : Explicit concurrent mark sweep GC freed 5(160B) AllocSpace objects, 0(0B) LOS objects, 10% free, 136MB/152MB, paused 1.658ms total 57.872ms
08-06 18:23:51.493 12961 12961 I Input   : injectMotionEvent: MotionEvent { action=ACTION_MOVE, actionButton=0, id[0]=0, x[0]=500.0, y[0]=1314.1, toolType[0]=TOOL_TYPE_UNKNOWN, buttonState=0, metaState=0, flags=0x0, edgeFlags=0x0, pointerCount=1, historySize=0, eventTime=901447907, downTime=901447907, deviceId=0, source=0x1002 }
08-06 18:23:51.514 11409 11422 I art     : Starting a blocking GC Explicit
08-06 18:23:51.534 12961 12961 I Input   : injectMotionEvent: MotionEvent { action=ACTION_MOVE, actionButton=0, id[0]=0, x[0]=500.0, y[0]=1238.1001, toolType[0]=TOOL_TYPE_UNKNOWN, buttonState=0, metaState=0, flags=0x0, edgeFlags=0x0, pointerCount=1, historySize=0, eventTime=901447947, downTime=901447947, deviceId=0, source=0x1002 }
08-06 18:23:51.572 12961 12961 I Input   : injectMotionEvent: MotionEvent { action=ACTION_MOVE, actionButton=0, id[0]=0, x[0]=500.0, y[0]=1165.8999, toolType[0]=TOOL_TYPE_UNKNOWN, buttonState=0, metaState=0, flags=0x0, edgeFlags=0x0, pointerCount=1, historySize=0, eventTime=901447985, downTime=901447985, deviceId=0, source=0x1002 }
08-06 18:23:51.581 11409 11422 I art     : Explicit concurrent mark sweep GC freed 9(288B) AllocSpace objects, 0(0B) LOS objects, 10% free, 136MB/152MB, paused 1.936ms total 67.144ms
08-06 18:23:51.611 12961 12961 I Input   : injectMotionEvent: MotionEvent { action=ACTION_MOVE, actionButton=0, id[0]=0, x[0]=500.0, y[0]=1091.8, toolType[0]=TOOL_TYPE_UNKNOWN, buttonState=0, metaState=0, flags=0x0, edgeFlags=0x0, pointerCount=1, historySize=0, eventTime=901448024, downTime=901448024, deviceId=0, source=0x1002 }
08-06 18:23:51.652 12961 12961 I Input   : injectMotionEvent: MotionEvent { action=ACTION_MOVE, actionButton=0, id[0]=0, x[0]=500.0, y[0]=1013.9, toolType[0]=TOOL_TYPE_UNKNOWN, buttonState=0, metaState=0, flags=0x0, edgeFlags=0x0, pointerCount=1, historySize=0, eventTime=901448065, downTime=901448065, deviceId=0, source=0x1002 }
08-06 18:23:51.691 12961 12961 I Input   : injectMotionEvent: MotionEvent { action=ACTION_MOVE, actionButton=0, id[0]=0, x[0]=500.0, y[0]=939.7999, toolType[0]=TOOL_TYPE_UNKNOWN, buttonState=0, metaState=0, flags=0x0, edgeFlags=0x0, pointerCount=1, historySize=0, eventTime=901448104, downTime=901448104, deviceId=0, source=0x1002 }
08-06 18:23:51.730 12961 12961 I Input   : injectMotionEvent: MotionEvent { action=ACTION_MOVE, actionButton=0, id[0]=0, x[0]=500.0, y[0]=865.69995, toolType[0]=TOOL_TYPE_UNKNOWN, buttonState=0, metaState=0, flags=0x0, edgeFlags=0x0, pointerCount=1, historySize=0, eventTime=901448143, downTime=901448143, deviceId=0, source=0x1002 }
08-06 18:23:51.773 12961 12961 I Input   : injectMotionEvent: MotionEvent { action=ACTION_MOVE, actionButton=0, id[0]=0, x[0]=500.0, y[0]=784.0, toolType[0]=TOOL_TYPE_UNKNOWN, buttonState=0, metaState=0, flags=0x0, edgeFlags=0x0, pointerCount=1, historySize=0, eventTime=901448186, downTime=901448186, deviceId=0, source=0x1002 }
08-06 18:23:51.812 12961 12961 I Input   : injectMotionEvent: MotionEvent { action=ACTION_MOVE, actionButton=0, id[0]=0, x[0]=500.0, y[0]=709.8999, toolType[0]=TOOL_TYPE_UNKNOWN, buttonState=0, metaState=0, flags=0x0, edgeFlags=0x0, pointerCount=1, historySize=0, eventTime=901448225, downTime=901448225, deviceId=0, source=0x1002 }
08-06 18:23:51.852 12961 12961 I Input   : injectMotionEvent: MotionEvent { action=ACTION_MOVE, actionButton=0, id[0]=0, x[0]=500.0, y[0]=633.9, toolType[0]=TOOL_TYPE_UNKNOWN, buttonState=0, metaState=0, flags=0x0, edgeFlags=0x0, pointerCount=1, historySize=0, eventTime=901448265, downTime=901448265, deviceId=0, source=0x1002 }
08-06 18:23:51.897 12961 12961 I Input   : injectMotionEvent: MotionEvent { action=ACTION_MOVE, actionButton=0, id[0]=0, x[0]=500.0, y[0]=548.4, toolType[0]=TOOL_TYPE_UNKNOWN, buttonState=0, metaState=0, flags=0x0, edgeFlags=0x0, pointerCount=1, historySize=0, eventTime=901448310, downTime=901448310, deviceId=0, source=0x1002 }
08-06 18:23:51.943 12961 12961 I Input   : injectMotionEvent: MotionEvent { action=ACTION_MOVE, actionButton=0, id[0]=0, x[0]=500.0, y[0]=461.0, toolType[0]=TOOL_TYPE_UNKNOWN, buttonState=0, metaState=0, flags=0x0, edgeFlags=0x0, pointerCount=1, historySize=0, eventTime=901448356, downTime=901448356, deviceId=0, source=0x1002 }
08-06 18:23:51.983 12961 12961 I Input   : injectMotionEvent: MotionEvent { action=ACTION_MOVE, actionButton=0, id[0]=0, x[0]=500.0, y[0]=383.09998, toolType[0]=TOOL_TYPE_UNKNOWN, buttonState=0, metaState=0, flags=0x0, edgeFlags=0x0, pointerCount=1, historySize=0, eventTime=901448397, downTime=901448397, deviceId=0, source=0x1002 }
08-06 18:23:52.021 12961 12961 I Input   : injectMotionEvent: MotionEvent { action=ACTION_MOVE, actionButton=0, id[0]=0, x[0]=500.0, y[0]=312.79993, toolType[0]=TOOL_TYPE_UNKNOWN, buttonState=0, metaState=0, flags=0x0, edgeFlags=0x0, pointerCount=1, historySize=0, eventTime=901448434, downTime=901448434, deviceId=0, source=0x1002 }
08-06 18:23:52.065 12961 12961 I Input   : injectMotionEvent: MotionEvent { action=ACTION_MOVE, actionButton=0, id[0]=0, x[0]=500.0, y[0]=227.29993, toolType[0]=TOOL_TYPE_UNKNOWN, buttonState=0, metaState=0, flags=0x0, edgeFlags=0x0, pointerCount=1, historySize=0, eventTime=901448479, downTime=901448479, deviceId=0, source=0x1002 }
08-06 18:23:52.068 11409 11422 I art     : Starting a blocking GC Explicit
08-06 18:23:52.104 12961 12961 I Input   : injectMotionEvent: MotionEvent { action=ACTION_MOVE, actionButton=0, id[0]=0, x[0]=500.0, y[0]=155.09998, toolType[0]=TOOL_TYPE_UNKNOWN, buttonState=0, metaState=0, flags=0x0, edgeFlags=0x0, pointerCount=1, historySize=0, eventTime=901448517, downTime=901448517, deviceId=0, source=0x1002 }
08-06 18:23:52.121 11409 11422 I art     : Explicit concurrent mark sweep GC freed 1664(94KB) AllocSpace objects, 2(36KB) LOS objects, 10% free, 136MB/152MB, paused 1.630ms total 51.691ms
08-06 18:23:52.145 12961 12961 I Input   : injectMotionEvent: MotionEvent { action=ACTION_UP, actionButton=0, id[0]=0, x[0]=500.0, y[0]=100.0, toolType[0]=TOOL_TYPE_UNKNOWN, buttonState=0, metaState=0, flags=0x0, edgeFlags=0x0, pointerCount=1, historySize=0, eventTime=901448559, downTime=901448559, deviceId=0, source=0x1002 }
08-06 18:23:52.146 11409 11422 I art     : Starting a blocking GC Explicit
08-06 18:23:52.185 12961 12961 D AndroidRuntime: Shutting down VM
08-06 18:23:52.199 11409 11422 I art     : Explicit concurrent mark sweep GC freed 44(1760B) AllocSpace objects, 0(0B) LOS objects, 10% free, 136MB/152MB, paused 1.618ms total 52.396ms
08-06 18:23:52.223 11409 11422 I art     : Starting a blocking GC Explicit
08-06 18:23:52.274 11409 11422 I art     : Explicit concurrent mark sweep GC freed 3(96B) AllocSpace objects, 0(0B) LOS objects, 10% free, 136MB/152MB, paused 1.561ms total 50.976ms
08-06 18:23:52.297 11409 11422 I art     : Starting a blocking GC Explicit
08-06 18:23:52.355 11409 11422 I art     : Explicit concurrent mark sweep GC freed 5(176B) AllocSpace objects, 0(0B) LOS objects, 10% free, 136MB/152MB, paused 1.575ms total 57.092ms
08-06 18:23:52.381 11409 11422 I art     : Starting a blocking GC Explicit
08-06 18:23:52.439 11409 11422 I art     : Explicit concurrent mark sweep GC freed 3(96B) AllocSpace objects, 0(0B) LOS objects, 10% free, 136MB/152MB, paused 2.312ms total 57.685ms
08-06 18:23:52.891 11409 11471 I art     : Starting a blocking GC Explicit
08-06 18:23:52.953 11409 11471 I art     : Explicit concurrent mark sweep GC freed 1626(93KB) AllocSpace objects, 2(36KB) LOS objects, 10% free, 136MB/152MB, paused 1.723ms total 61.150ms
08-06 18:23:52.977 11409 11471 I art     : Starting a blocking GC Explicit
08-06 18:23:53.033 11409 11471 I art     : Explicit concurrent mark sweep GC freed 38(1568B) AllocSpace objects, 0(0B) LOS objects, 10% free, 136MB/152MB, paused 1.742ms total 55.724ms
08-06 18:23:53.058 11409 11471 I art     : Starting a blocking GC Explicit
08-06 18:23:53.114 11409 11471 I art     : Explicit concurrent mark sweep GC freed 16(704B) AllocSpace objects, 0(0B) LOS objects, 10% free, 136MB/152MB, paused 1.681ms total 56.300ms
08-06 18:23:53.114 12999 12999 D AndroidRuntime: >>>>>> START com.android.internal.os.RuntimeInit uid 2000 <<<<<<
08-06 18:23:53.121 12999 12999 D AndroidRuntime: CheckJNI is OFF
08-06 18:23:53.139 11409 11471 I art     : Starting a blocking GC Explicit
08-06 18:23:53.176 12999 12999 D ICU     : No timezone override file found: /data/misc/zoneinfo/current/icu/icu_tzdata.dat
08-06 18:23:53.194 11409 11471 I art     : Explicit concurrent mark sweep GC freed 17(528B) AllocSpace objects, 0(0B) LOS objects, 10% free, 136MB/152MB, paused 1.723ms total 54.647ms
08-06 18:23:53.218 11409 11471 I art     : Starting a blocking GC Explicit
08-06 18:23:53.224 12999 12999 I Radio-JNI: register_android_hardware_Radio DONE
08-06 18:23:53.259 12999 12999 D AndroidRuntime: Calling main entry com.android.commands.input.Input
08-06 18:23:53.261 12999 12999 I Input   : injectMotionEvent: MotionEvent { action=ACTION_DOWN, actionButton=0, id[0]=0, x[0]=657.0, y[0]=2080.0, toolType[0]=TOOL_TYPE_UNKNOWN, buttonState=0, metaState=0, flags=0x0, edgeFlags=0x0, pointerCount=1, historySize=0, eventTime=901449674, downTime=901449674, deviceId=0, source=0x1002 }
08-06 18:23:53.267 12999 12999 I Input   : injectMotionEvent: MotionEvent { action=ACTION_UP, actionButton=0, id[0]=0, x[0]=657.0, y[0]=2080.0, toolType[0]=TOOL_TYPE_UNKNOWN, buttonState=0, metaState=0, flags=0x0, edgeFlags=0x0, pointerCount=1, historySize=0, eventTime=901449674, downTime=901449674, deviceId=0, source=0x1002 }
08-06 18:23:53.269 12999 12999 D AndroidRuntime: Shutting down VM
08-06 18:23:53.270   918   929 I ActivityManager: START u0 {cmp=baseline.io.github.project_travel_mate/.utilities.UpcomingWeekendsActivity} from uid 10696 on display 0
08-06 18:23:53.271   512  2967 D audio_hw_primary: out_set_parameters: enter: usecase(1: low-latency-playback) kvpairs: routing=2
08-06 18:23:53.274 11409 11471 I art     : Explicit concurrent mark sweep GC freed 8(4KB) AllocSpace objects, 0(0B) LOS objects, 10% free, 136MB/152MB, paused 1.999ms total 56.066ms
08-06 18:23:53.284   512  2967 D audio_hw_primary: select_devices: out_snd_device(2: speaker) in_snd_device(0: none)
08-06 18:23:53.284   512  2967 D msm8974_platform: platform_send_audio_calibration: sending audio calibration for snd_device(2) acdb_id(15)
08-06 18:23:53.284   512  2967 I soundtrigger: audio_extn_sound_trigger_update_device_status: device 0x2 of type 0 for Event 1
08-06 18:23:53.305   512  2967 D audio_hw_primary: enable_snd_device: snd_device(2: speaker)
08-06 18:23:53.307   512  2967 D audio_hw_primary: enable_audio_route: apply and update mixer path: low-latency-playback speaker
08-06 18:23:53.318 11409 11492 D Gabe    : call	returning from cache
08-06 18:23:53.323 11409 11409 V EXECUTING: https://project-travel-mate.herokuapp.com/api/get-upcoming-holidays/2020
08-06 18:23:53.327 11409 11409 V EXECUTING: https://project-travel-mate.herokuapp.com/api/get-upcoming-holidays/2020
08-06 18:23:53.425 13866 13866 I GoogleInputMethodServic: GoogleInputMethodService.onFinishInput():3138 
08-06 18:23:53.425 13866 13866 I GoogleInputMethodServic: GoogleInputMethodService.onStartInput():1808 
08-06 18:23:53.555   918   936 I ActivityManager: Displayed baseline.io.github.project_travel_mate/.utilities.UpcomingWeekendsActivity: +274ms
08-06 18:23:53.715 11409 11421 I art     : Starting a blocking GC Explicit
08-06 18:23:53.770 11409 11421 I art     : Explicit concurrent mark sweep GC freed 3573(236KB) AllocSpace objects, 2(36KB) LOS objects, 10% free, 141MB/157MB, paused 1.705ms total 54.377ms
08-06 18:23:53.794 11409 11421 I art     : Starting a blocking GC Explicit
08-06 18:23:53.812   380   380 W SurfaceFlinger: couldn't log to binary event log: overflow.
08-06 18:23:53.853 11409 11421 I art     : Explicit concurrent mark sweep GC freed 396(13KB) AllocSpace objects, 0(0B) LOS objects, 10% free, 141MB/157MB, paused 1.590ms total 58.611ms
08-06 18:23:53.861   512  2967 D audio_hw_primary: disable_audio_route: reset and update mixer path: low-latency-playback speaker
08-06 18:23:53.862   512  2967 D audio_hw_primary: disable_snd_device: snd_device(2: speaker)
08-06 18:23:53.870   512  2967 I soundtrigger: audio_extn_sound_trigger_update_device_status: device 0x2 of type 0 for Event 0
08-06 18:23:53.876 11409 11421 I art     : Starting a blocking GC Explicit
08-06 18:23:53.935 11409 11421 I art     : Explicit concurrent mark sweep GC freed 124(2128B) AllocSpace objects, 0(0B) LOS objects, 10% free, 141MB/157MB, paused 2.113ms total 59.342ms
08-06 18:23:53.963 11409 11421 I art     : Starting a blocking GC Explicit
08-06 18:23:54.016 11409 11421 I art     : Explicit concurrent mark sweep GC freed 84(1424B) AllocSpace objects, 0(0B) LOS objects, 10% free, 141MB/157MB, paused 1.796ms total 52.971ms
08-06 18:23:54.038 11409 11421 I art     : Starting a blocking GC Explicit
08-06 18:23:54.091 11409 11421 I art     : Explicit concurrent mark sweep GC freed 135(3KB) AllocSpace objects, 0(0B) LOS objects, 10% free, 141MB/157MB, paused 1.847ms total 52.994ms
08-06 18:23:54.201 11409 13023 I NAPPA_EXPERIMENTATION: MetricNetworkRequestExecutionTime: REQUEST_DURATION_SYSTEM='877',REQUEST_DURATION_OKHTTP='54',REQUEST_SYNCHRONOUS='FALSE',RESPONSE_CODE='200',RESPONSE_METHOD='GET',RESPONSE_LENGTH_OKHTTP='6426',RESPONSE_LENGTH_HEADER='6426',REQUEST_PROTOCOL='http/1.1',REQUEST_URL='https://project-travel-mate.herokuapp.com/api/get-upcoming-holidays/2020',
08-06 18:23:54.210 11409 13024 I NAPPA_EXPERIMENTATION: MetricNetworkRequestExecutionTime: REQUEST_DURATION_SYSTEM='882',REQUEST_DURATION_OKHTTP='63',REQUEST_SYNCHRONOUS='FALSE',RESPONSE_CODE='200',RESPONSE_METHOD='GET',RESPONSE_LENGTH_OKHTTP='6426',RESPONSE_LENGTH_HEADER='6426',REQUEST_PROTOCOL='http/1.1',REQUEST_URL='https://project-travel-mate.herokuapp.com/api/get-upcoming-holidays/2020',
08-06 18:23:54.338 11409 11409 V Response: [{"month":"January","date":1,"day":"Wednesday","name":"New Year's Day","type":"Restricted"},{"month":"January","date":2,"day":"Thursday","name":"Guru Govind Singh Jayanti","type":"Restricted"},{"month":"January","date":14,"day":"Tuesday","name":"Lohri","type":"Restricted"},{"month":"January","date":15,"day":"Wednesday","name":"Pongal","type":"Restricted"},{"month":"January","date":15,"day":"Wednesday","name":"Makar Sankranti","type":"Restricted"},{"month":"January","date":25,"day":"Saturday","name":"Chinese New Year","type":"Observance"},{"month":"January","date":26,"day":"Sunday","name":"Republic Day","type":"Gazetted"},{"month":"January","date":30,"day":"Thursday","name":"Vasant Panchami","type":"Restricted"},{"month":"February","date":9,"day":"Sunday","name":"Guru Ravidas Jayanti","type":"Restricted"},{"month":"February","date":14,"day":"Friday","name":"Valentine's Day","type":"Observance"},{"month":"February","date":18,"day":"Tuesday","name":"Maharishi Dayanand Saraswati Jayanti","type":"Restricted"},{"month":"February","date":19,"day":"Wednesday","name":"Shivaji Jayanti","type":"Restricted"},{"month":"February","date":21,"day":"Friday","name":"Maha Shivaratri/Shivaratri","type":"Gazetted"},{"month":"March","date":9,"day":"Monday","name":"Holika Dahana","type":"Restricted"},{"month":"March","date":9,"day":"Monday","name":"Hazarat Ali's Birthday","type":"Restricted"},{"month":"March","date":10,"day":"Tuesday","name":"Holi","type":"Gazetted"},{"month":"March","date":20,"day":"Friday","name":"March Equinox","type":"Season"},{"month":"March","date":25,"day":"Wednesday","name":"Chaitra Sukhladi","type":"Restricted"},{"month":"April","date":2,"day":"Thursday","name":"Rama Navami","type":"Gazetted"},{"month":"April","date":6,"day":"Monday","name":"Mahavir Jayanti","type":"Gazetted"},{"month":"April","date":9,"day":"Thursday","name":"First day of Passover","type":"Observance"},{"month":"April","date":9,"day":"Thursday","name":"Maundy Thursday","type":"Observance,"},{"month":"April","date":10,"day":"Friday","name":"Good Friday","type":"Gazetted"},{"month":"April","date":12,"day":"Sunday","name":"Easter Day","type":"Restricted"},{"month":"April","date":13,"day":"Monday","name":"Vaisakhi","type":"Restricted"},{"month":"April","date":14,"day":"Tuesday","name":"Mesadi/Vaisakhadi","type":"Restricted"},{"month":"April","date":14,"day":"Tuesday","name":"Ambedkar Jayanti","type":"Central"},{"month":"May","date":1,"day":"Friday","name":"May Day","type":"Observance"},{"month":"May","date":7,"day":"Thursday","name":"Buddha Purnima/Vesak","type":"Gazetted"},{"month":"May","date":7,"day":"Thursday","name":"Birthday of Ravindranath","type":"Restricted"},{"month":"May","date":10,"day":"Sunday","name":"Mother's Day","type":"Observance"},{"month":"May","date":22,"day":"Friday","name":"Jamat Ul-Vida","type":"Restricted"},{"month":"May","date":25,"day":"Monday","name":"Ramzan Id/Eid-ul-Fitar","type":"Gazetted"},{"month":"May","date":25,"day":"Monday","name":"Ramzan Id/Eid-ul-Fitar","type":"Muslim,"},{"month":"June","date":21,"day":"Sunday","name":"June Solstice","type":"Season"},{"month":"June","date":21,"day":"Sunday","name":"Father's Day","type":"Observance"},{"month":"June","date":23,"day":"Tuesday","name":"Rath Yatra","type":"Restricted"},{"month":"July","date":5,"day":"Sunday","name":"Guru Purnima","type":"Observance"},{"month":"July","date":31,"day":"Friday","name":"Bakr Id/Eid ul-Adha","type":"Gazetted"},{"month":"August","date":2,"day":"Sunday","name":"Friendship Day","type":"Observance"},{"month":"August","date":3,"day":"Monday","name":"Raksha Bandhan (Rakhi)","type":"Restricted"},{"month":"August","date":11,"day":"Tuesday","name":"Janmashtami (Smarta)","type":"Restricted"},{"month":"August","date":12,"day":"Wednesday","name":"Janmashtami","type":"Gazetted"},{"month":"August","date":15,"day":"Saturday","name":"Independence Day","type":"Gazetted"},{"month":"August","date":16,"day":"Sunday","name":"Parsi New Year","type":"Restricted"},{"month":"August","date":22,"day":"Saturday","name":"Ganesh Chaturthi/Vin
08-06 18:23:54.343 11409 11409 V Response: [{"month":"January","date":1,"day":"Wednesday","name":"New Year's Day","type":"Restricted"},{"month":"January","date":2,"day":"Thursday","name":"Guru Govind Singh Jayanti","type":"Restricted"},{"month":"January","date":14,"day":"Tuesday","name":"Lohri","type":"Restricted"},{"month":"January","date":15,"day":"Wednesday","name":"Pongal","type":"Restricted"},{"month":"January","date":15,"day":"Wednesday","name":"Makar Sankranti","type":"Restricted"},{"month":"January","date":25,"day":"Saturday","name":"Chinese New Year","type":"Observance"},{"month":"January","date":26,"day":"Sunday","name":"Republic Day","type":"Gazetted"},{"month":"January","date":30,"day":"Thursday","name":"Vasant Panchami","type":"Restricted"},{"month":"February","date":9,"day":"Sunday","name":"Guru Ravidas Jayanti","type":"Restricted"},{"month":"February","date":14,"day":"Friday","name":"Valentine's Day","type":"Observance"},{"month":"February","date":18,"day":"Tuesday","name":"Maharishi Dayanand Saraswati Jayanti","type":"Restricted"},{"month":"February","date":19,"day":"Wednesday","name":"Shivaji Jayanti","type":"Restricted"},{"month":"February","date":21,"day":"Friday","name":"Maha Shivaratri/Shivaratri","type":"Gazetted"},{"month":"March","date":9,"day":"Monday","name":"Holika Dahana","type":"Restricted"},{"month":"March","date":9,"day":"Monday","name":"Hazarat Ali's Birthday","type":"Restricted"},{"month":"March","date":10,"day":"Tuesday","name":"Holi","type":"Gazetted"},{"month":"March","date":20,"day":"Friday","name":"March Equinox","type":"Season"},{"month":"March","date":25,"day":"Wednesday","name":"Chaitra Sukhladi","type":"Restricted"},{"month":"April","date":2,"day":"Thursday","name":"Rama Navami","type":"Gazetted"},{"month":"April","date":6,"day":"Monday","name":"Mahavir Jayanti","type":"Gazetted"},{"month":"April","date":9,"day":"Thursday","name":"First day of Passover","type":"Observance"},{"month":"April","date":9,"day":"Thursday","name":"Maundy Thursday","type":"Observance,"},{"month":"April","date":10,"day":"Friday","name":"Good Friday","type":"Gazetted"},{"month":"April","date":12,"day":"Sunday","name":"Easter Day","type":"Restricted"},{"month":"April","date":13,"day":"Monday","name":"Vaisakhi","type":"Restricted"},{"month":"April","date":14,"day":"Tuesday","name":"Mesadi/Vaisakhadi","type":"Restricted"},{"month":"April","date":14,"day":"Tuesday","name":"Ambedkar Jayanti","type":"Central"},{"month":"May","date":1,"day":"Friday","name":"May Day","type":"Observance"},{"month":"May","date":7,"day":"Thursday","name":"Buddha Purnima/Vesak","type":"Gazetted"},{"month":"May","date":7,"day":"Thursday","name":"Birthday of Ravindranath","type":"Restricted"},{"month":"May","date":10,"day":"Sunday","name":"Mother's Day","type":"Observance"},{"month":"May","date":22,"day":"Friday","name":"Jamat Ul-Vida","type":"Restricted"},{"month":"May","date":25,"day":"Monday","name":"Ramzan Id/Eid-ul-Fitar","type":"Gazetted"},{"month":"May","date":25,"day":"Monday","name":"Ramzan Id/Eid-ul-Fitar","type":"Muslim,"},{"month":"June","date":21,"day":"Sunday","name":"June Solstice","type":"Season"},{"month":"June","date":21,"day":"Sunday","name":"Father's Day","type":"Observance"},{"month":"June","date":23,"day":"Tuesday","name":"Rath Yatra","type":"Restricted"},{"month":"July","date":5,"day":"Sunday","name":"Guru Purnima","type":"Observance"},{"month":"July","date":31,"day":"Friday","name":"Bakr Id/Eid ul-Adha","type":"Gazetted"},{"month":"August","date":2,"day":"Sunday","name":"Friendship Day","type":"Observance"},{"month":"August","date":3,"day":"Monday","name":"Raksha Bandhan (Rakhi)","type":"Restricted"},{"month":"August","date":11,"day":"Tuesday","name":"Janmashtami (Smarta)","type":"Restricted"},{"month":"August","date":12,"day":"Wednesday","name":"Janmashtami","type":"Gazetted"},{"month":"August","date":15,"day":"Saturday","name":"Independence Day","type":"Gazetted"},{"month":"August","date":16,"day":"Sunday","name":"Parsi New Year","type":"Restricted"},{"month":"August","date":22,"day":"Saturday","name":"Ganesh Chaturthi/Vin
08-06 18:23:54.509 11409 11421 I art     : Starting a blocking GC Explicit
08-06 18:23:54.576 11409 11421 I art     : Explicit concurrent mark sweep GC freed 16674(758KB) AllocSpace objects, 12(4MB) LOS objects, 10% free, 138MB/154MB, paused 1.750ms total 66.089ms
08-06 18:23:54.600 11409 11421 I art     : Starting a blocking GC Explicit
08-06 18:23:54.660 11409 11421 I art     : Explicit concurrent mark sweep GC freed 2277(246KB) AllocSpace objects, 0(0B) LOS objects, 10% free, 137MB/153MB, paused 1.841ms total 59.535ms
08-06 18:23:54.686 11409 11421 I art     : Starting a blocking GC Explicit
08-06 18:23:54.750 11409 11421 I art     : Explicit concurrent mark sweep GC freed 159(3KB) AllocSpace objects, 0(0B) LOS objects, 10% free, 137MB/153MB, paused 2.058ms total 63.765ms
08-06 18:23:54.775 11409 11421 I art     : Starting a blocking GC Explicit
08-06 18:23:54.839 11409 11421 I art     : Explicit concurrent mark sweep GC freed 141(3056B) AllocSpace objects, 0(0B) LOS objects, 10% free, 137MB/153MB, paused 1.932ms total 63.473ms
08-06 18:23:54.864 11409 11421 I art     : Starting a blocking GC Explicit
08-06 18:23:54.927 11409 11421 I art     : Explicit concurrent mark sweep GC freed 154(2928B) AllocSpace objects, 0(0B) LOS objects, 10% free, 137MB/153MB, paused 1.663ms total 62.595ms
08-06 18:23:55.378 11409 11471 I art     : Starting a blocking GC Explicit
08-06 18:23:55.444 11409 11471 I art     : Explicit concurrent mark sweep GC freed 2325(104KB) AllocSpace objects, 2(36KB) LOS objects, 10% free, 137MB/153MB, paused 2.153ms total 65.773ms
08-06 18:23:55.470 11409 11471 I art     : Starting a blocking GC Explicit
08-06 18:23:55.532 11409 11471 I art     : Explicit concurrent mark sweep GC freed 173(3KB) AllocSpace objects, 0(0B) LOS objects, 10% free, 137MB/153MB, paused 2.102ms total 61.942ms
08-06 18:23:55.558 11409 11471 I art     : Starting a blocking GC Explicit
08-06 18:23:55.622 11409 11471 I art     : Explicit concurrent mark sweep GC freed 134(2720B) AllocSpace objects, 0(0B) LOS objects, 10% free, 137MB/153MB, paused 1.803ms total 63.641ms
08-06 18:23:55.648 11409 11471 I art     : Starting a blocking GC Explicit
08-06 18:23:55.712 11409 11471 I art     : Explicit concurrent mark sweep GC freed 134(2672B) AllocSpace objects, 0(0B) LOS objects, 10% free, 137MB/153MB, paused 1.775ms total 64.233ms
08-06 18:23:55.738 11409 11471 I art     : Starting a blocking GC Explicit
08-06 18:23:55.802 11409 11471 I art     : Explicit concurrent mark sweep GC freed 146(2464B) AllocSpace objects, 0(0B) LOS objects, 10% free, 137MB/153MB, paused 1.795ms total 63.874ms
08-06 18:23:56.263 11409 11422 I art     : Starting a blocking GC Explicit
08-06 18:23:56.329 11409 11422 I art     : Explicit concurrent mark sweep GC freed 2359(104KB) AllocSpace objects, 2(36KB) LOS objects, 10% free, 137MB/153MB, paused 1.901ms total 65.242ms
08-06 18:23:56.356 11409 11422 I art     : Starting a blocking GC Explicit
08-06 18:23:56.419 11409 11422 I art     : Explicit concurrent mark sweep GC freed 172(3KB) AllocSpace objects, 0(0B) LOS objects, 10% free, 137MB/153MB, paused 1.959ms total 62.139ms
08-06 18:23:56.444 11409 11422 I art     : Starting a blocking GC Explicit
08-06 18:23:56.509 11409 11422 I art     : Explicit concurrent mark sweep GC freed 124(2128B) AllocSpace objects, 0(0B) LOS objects, 10% free, 137MB/153MB, paused 1.975ms total 63.771ms
08-06 18:23:56.534 11409 11422 I art     : Starting a blocking GC Explicit
08-06 18:23:56.599 11409 11422 I art     : Explicit concurrent mark sweep GC freed 123(2096B) AllocSpace objects, 0(0B) LOS objects, 10% free, 137MB/153MB, paused 2.020ms total 64.488ms
08-06 18:23:56.625 11409 11422 I art     : Starting a blocking GC Explicit
08-06 18:23:56.689 11409 11422 I art     : Explicit concurrent mark sweep GC freed 147(2496B) AllocSpace objects, 0(0B) LOS objects, 10% free, 137MB/153MB, paused 2.010ms total 64.086ms
08-06 18:23:57.156 11409 11470 I art     : Starting a blocking GC Explicit
08-06 18:23:57.221 11409 11470 I art     : Explicit concurrent mark sweep GC freed 2380(105KB) AllocSpace objects, 2(36KB) LOS objects, 10% free, 137MB/153MB, paused 1.856ms total 64.990ms
08-06 18:23:57.247 11409 11470 I art     : Starting a blocking GC Explicit
08-06 18:23:57.312 11409 11470 I art     : Explicit concurrent mark sweep GC freed 148(3024B) AllocSpace objects, 0(0B) LOS objects, 10% free, 137MB/153MB, paused 1.861ms total 64.597ms
08-06 18:23:57.338 11409 11470 I art     : Starting a blocking GC Explicit
08-06 18:23:57.402 11409 11470 I art     : Explicit concurrent mark sweep GC freed 148(2528B) AllocSpace objects, 0(0B) LOS objects, 10% free, 137MB/153MB, paused 1.864ms total 64.111ms
08-06 18:23:57.428 11409 11470 I art     : Starting a blocking GC Explicit
08-06 18:23:57.492 11409 11470 I art     : Explicit concurrent mark sweep GC freed 123(2096B) AllocSpace objects, 0(0B) LOS objects, 10% free, 137MB/153MB, paused 1.828ms total 63.742ms
08-06 18:23:57.518 11409 11470 I art     : Starting a blocking GC Explicit
08-06 18:23:57.578 11409 11470 I art     : Explicit concurrent mark sweep GC freed 123(2096B) AllocSpace objects, 0(0B) LOS objects, 10% free, 137MB/153MB, paused 1.810ms total 59.476ms
08-06 18:23:58.006 11409 11421 I art     : Starting a blocking GC Explicit
08-06 18:23:58.067 11409 11421 I art     : Explicit concurrent mark sweep GC freed 2321(104KB) AllocSpace objects, 2(36KB) LOS objects, 10% free, 137MB/153MB, paused 1.762ms total 60.101ms
08-06 18:23:58.090 11409 11421 I art     : Starting a blocking GC Explicit
08-06 18:23:58.147 11409 11421 I art     : Explicit concurrent mark sweep GC freed 158(3KB) AllocSpace objects, 0(0B) LOS objects, 10% free, 137MB/153MB, paused 1.635ms total 56.772ms
08-06 18:23:58.165 13083 13083 D AndroidRuntime: >>>>>> START com.android.internal.os.RuntimeInit uid 2000 <<<<<<
08-06 18:23:58.172 11409 11421 I art     : Starting a blocking GC Explicit
08-06 18:23:58.172 13083 13083 D AndroidRuntime: CheckJNI is OFF
08-06 18:23:58.221 13083 13083 D ICU     : No timezone override file found: /data/misc/zoneinfo/current/icu/icu_tzdata.dat
08-06 18:23:58.227 11409 11421 I art     : Explicit concurrent mark sweep GC freed 123(2096B) AllocSpace objects, 0(0B) LOS objects, 10% free, 137MB/153MB, paused 1.617ms total 54.448ms
08-06 18:23:58.250 11409 11421 I art     : Starting a blocking GC Explicit
08-06 18:23:58.267 13083 13083 I Radio-JNI: register_android_hardware_Radio DONE
08-06 18:23:58.300 13083 13083 D AndroidRuntime: Calling main entry com.android.commands.input.Input
08-06 18:23:58.302 13083 13083 I Input   : injectKeyEvent: KeyEvent { action=ACTION_DOWN, keyCode=KEYCODE_BACK, scanCode=0, metaState=0, flags=0x0, repeatCount=0, eventTime=901454715, downTime=901454715, deviceId=-1, source=0x101 }
08-06 18:23:58.308 11409 11421 I art     : Explicit concurrent mark sweep GC freed 123(2096B) AllocSpace objects, 0(0B) LOS objects, 10% free, 137MB/153MB, paused 1.772ms total 57.927ms
08-06 18:23:58.318 13083 13083 I Input   : injectKeyEvent: KeyEvent { action=ACTION_UP, keyCode=KEYCODE_BACK, scanCode=0, metaState=0, flags=0x0, repeatCount=0, eventTime=901454715, downTime=901454715, deviceId=-1, source=0x101 }
08-06 18:23:58.332 11409 11421 I art     : Starting a blocking GC Explicit
08-06 18:23:58.332 13083 13083 D AndroidRuntime: Shutting down VM
08-06 18:23:58.349 11409 11409 V MainActivity: url = https://project-travel-mate.herokuapp.com/api/number-of-unread-notifications
08-06 18:23:58.383 13866 13866 I GoogleInputMethodServic: GoogleInputMethodService.onFinishInput():3138 
08-06 18:23:58.383 13866 13866 I GoogleInputMethodServic: GoogleInputMethodService.onStartInput():1808 
08-06 18:23:58.394 11409 11421 I art     : Explicit concurrent mark sweep GC freed 419(14KB) AllocSpace objects, 0(0B) LOS objects, 10% free, 137MB/153MB, paused 2.389ms total 61.508ms
08-06 18:23:58.731   380   380 W SurfaceFlinger: couldn't log to binary event log: overflow.
08-06 18:23:58.849 11409 11422 I art     : Starting a blocking GC Explicit
08-06 18:23:58.914 11409 11422 I art     : Explicit concurrent mark sweep GC freed 2204(110KB) AllocSpace objects, 4(400KB) LOS objects, 10% free, 137MB/153MB, paused 1.830ms total 63.857ms
08-06 18:23:58.938 11409 11422 I art     : Starting a blocking GC Explicit
08-06 18:23:58.991 11409 11422 I art     : Explicit concurrent mark sweep GC freed 1045(49KB) AllocSpace objects, 0(0B) LOS objects, 10% free, 137MB/153MB, paused 1.625ms total 52.645ms
08-06 18:23:59.013 11409 11422 I art     : Starting a blocking GC Explicit
08-06 18:23:59.071 11409 11422 I art     : Explicit concurrent mark sweep GC freed 5681(314KB) AllocSpace objects, 13(264KB) LOS objects, 10% free, 136MB/152MB, paused 1.812ms total 57.633ms
08-06 18:23:59.094 11409 11422 I art     : Starting a blocking GC Explicit
08-06 18:23:59.160 11409 11422 I art     : Explicit concurrent mark sweep GC freed 2566(131KB) AllocSpace objects, 3(200KB) LOS objects, 10% free, 137MB/153MB, paused 2.631ms total 65.093ms
08-06 18:23:59.183 11409 11422 I art     : Starting a blocking GC Explicit
08-06 18:23:59.190 11409 13106 I NAPPA_EXPERIMENTATION: MetricNetworkRequestExecutionTime: REQUEST_DURATION_SYSTEM='840',REQUEST_DURATION_OKHTTP='37',REQUEST_SYNCHRONOUS='FALSE',RESPONSE_CODE='200',RESPONSE_METHOD='GET',RESPONSE_LENGTH_OKHTTP='36',RESPONSE_LENGTH_HEADER='36',REQUEST_PROTOCOL='http/1.1',REQUEST_URL='https://project-travel-mate.herokuapp.com/api/number-of-unread-notifications',
08-06 18:23:59.242 11409 11422 I art     : Explicit concurrent mark sweep GC freed 1088(128KB) AllocSpace objects, 0(0B) LOS objects, 10% free, 137MB/153MB, paused 1.710ms total 58.109ms
08-06 18:23:59.686 11409 11421 I art     : Starting a blocking GC Explicit
08-06 18:23:59.742 11409 11421 I art     : Explicit concurrent mark sweep GC freed 1668(95KB) AllocSpace objects, 2(36KB) LOS objects, 10% free, 137MB/153MB, paused 1.776ms total 56.409ms
08-06 18:23:59.765 11409 11421 I art     : Starting a blocking GC Explicit
08-06 18:23:59.822 11409 11421 I art     : Explicit concurrent mark sweep GC freed 28(1024B) AllocSpace objects, 0(0B) LOS objects, 10% free, 137MB/153MB, paused 1.779ms total 56.237ms
08-06 18:23:59.845 11409 11421 I art     : Starting a blocking GC Explicit
08-06 18:23:59.902 11409 11421 I art     : Explicit concurrent mark sweep GC freed 34(928B) AllocSpace objects, 0(0B) LOS objects, 10% free, 137MB/153MB, paused 1.737ms total 56.518ms
08-06 18:23:59.925 11409 11421 I art     : Starting a blocking GC Explicit
08-06 18:23:59.981 11409 11421 I art     : Explicit concurrent mark sweep GC freed 4(128B) AllocSpace objects, 0(0B) LOS objects, 10% free, 137MB/153MB, paused 1.896ms total 55.419ms
08-06 18:24:00.011 11409 11421 I art     : Starting a blocking GC Explicit
08-06 18:24:00.067 11409 11421 I art     : Explicit concurrent mark sweep GC freed 19(800B) AllocSpace objects, 0(0B) LOS objects, 10% free, 137MB/153MB, paused 1.930ms total 56.388ms
08-06 18:24:00.237 13128 13128 D AndroidRuntime: >>>>>> START com.android.internal.os.RuntimeInit uid 2000 <<<<<<
08-06 18:24:00.242 13128 13128 D AndroidRuntime: CheckJNI is OFF
08-06 18:24:00.298 13128 13128 D ICU     : No timezone override file found: /data/misc/zoneinfo/current/icu/icu_tzdata.dat
08-06 18:24:00.339 13128 13128 I Radio-JNI: register_android_hardware_Radio DONE
08-06 18:24:00.370 13128 13128 D AndroidRuntime: Calling main entry com.android.commands.input.Input
08-06 18:24:00.372 13128 13128 I Input   : injectMotionEvent: MotionEvent { action=ACTION_DOWN, actionButton=0, id[0]=0, x[0]=657.0, y[0]=2080.0, toolType[0]=TOOL_TYPE_UNKNOWN, buttonState=0, metaState=0, flags=0x0, edgeFlags=0x0, pointerCount=1, historySize=0, eventTime=901456784, downTime=901456784, deviceId=0, source=0x1002 }
08-06 18:24:00.377 13128 13128 I Input   : injectMotionEvent: MotionEvent { action=ACTION_UP, actionButton=0, id[0]=0, x[0]=657.0, y[0]=2080.0, toolType[0]=TOOL_TYPE_UNKNOWN, buttonState=0, metaState=0, flags=0x0, edgeFlags=0x0, pointerCount=1, historySize=0, eventTime=901456784, downTime=901456784, deviceId=0, source=0x1002 }
08-06 18:24:00.380   918  5952 I ActivityManager: START u0 {cmp=baseline.io.github.project_travel_mate/.utilities.UpcomingWeekendsActivity} from uid 10696 on display 0
08-06 18:24:00.380 13128 13128 D AndroidRuntime: Shutting down VM
08-06 18:24:00.381   512  2967 D audio_hw_primary: out_set_parameters: enter: usecase(1: low-latency-playback) kvpairs: routing=2
08-06 18:24:00.395   512  2967 D audio_hw_primary: select_devices: out_snd_device(2: speaker) in_snd_device(0: none)
08-06 18:24:00.395   512  2967 D msm8974_platform: platform_send_audio_calibration: sending audio calibration for snd_device(2) acdb_id(15)
08-06 18:24:00.396   512  2967 I soundtrigger: audio_extn_sound_trigger_update_device_status: device 0x2 of type 0 for Event 1
08-06 18:24:00.409   512  2967 D audio_hw_primary: enable_snd_device: snd_device(2: speaker)
08-06 18:24:00.411   512  2967 D audio_hw_primary: enable_audio_route: apply and update mixer path: low-latency-playback speaker
08-06 18:24:00.422 11409 11492 D Gabe    : call	returning from cache
08-06 18:24:00.427 11409 11409 V EXECUTING: https://project-travel-mate.herokuapp.com/api/get-upcoming-holidays/2020
08-06 18:24:00.431 11409 11409 V EXECUTING: https://project-travel-mate.herokuapp.com/api/get-upcoming-holidays/2020
08-06 18:24:00.519 11409 11422 I art     : Starting a blocking GC Explicit
08-06 18:24:00.542 13866 13866 I GoogleInputMethodServic: GoogleInputMethodService.onFinishInput():3138 
08-06 18:24:00.543 13866 13866 I GoogleInputMethodServic: GoogleInputMethodService.onStartInput():1808 
08-06 18:24:00.587 11409 11422 I art     : Explicit concurrent mark sweep GC freed 3212(185KB) AllocSpace objects, 2(36KB) LOS objects, 10% free, 141MB/157MB, paused 2ms total 67.602ms
08-06 18:24:00.609 11409 11422 I art     : Starting a blocking GC Explicit
08-06 18:24:00.659   918   936 I ActivityManager: Displayed baseline.io.github.project_travel_mate/.utilities.UpcomingWeekendsActivity: +269ms
08-06 18:24:00.661 11409 11422 I art     : Explicit concurrent mark sweep GC freed 352(15KB) AllocSpace objects, 0(0B) LOS objects, 10% free, 141MB/157MB, paused 1.870ms total 51.711ms
08-06 18:24:00.683 11409 11422 I art     : Starting a blocking GC Explicit
08-06 18:24:00.739 11409 11422 I art     : Explicit concurrent mark sweep GC freed 60(1360B) AllocSpace objects, 0(0B) LOS objects, 10% free, 141MB/157MB, paused 3.507ms total 56.146ms
08-06 18:24:00.762 11409 11422 I art     : Starting a blocking GC Explicit
08-06 18:24:00.813 11409 11422 I art     : Explicit concurrent mark sweep GC freed 130(3KB) AllocSpace objects, 0(0B) LOS objects, 10% free, 141MB/157MB, paused 1.635ms total 50.913ms
08-06 18:24:00.835 11409 11422 I art     : Starting a blocking GC Explicit
08-06 18:24:00.890 11409 11422 I art     : Explicit concurrent mark sweep GC freed 189(4KB) AllocSpace objects, 0(0B) LOS objects, 10% free, 141MB/157MB, paused 1.923ms total 54.457ms
08-06 18:24:00.900   380   380 W SurfaceFlinger: couldn't log to binary event log: overflow.
08-06 18:24:00.948   512  2967 D audio_hw_primary: disable_audio_route: reset and update mixer path: low-latency-playback speaker
08-06 18:24:00.950   512  2967 D audio_hw_primary: disable_snd_device: snd_device(2: speaker)
08-06 18:24:00.958   512  2967 I soundtrigger: audio_extn_sound_trigger_update_device_status: device 0x2 of type 0 for Event 0
08-06 18:24:01.033 11409 13153 I NAPPA_EXPERIMENTATION: MetricNetworkRequestExecutionTime: REQUEST_DURATION_SYSTEM='600',REQUEST_DURATION_OKHTTP='35',REQUEST_SYNCHRONOUS='FALSE',RESPONSE_CODE='200',RESPONSE_METHOD='GET',RESPONSE_LENGTH_OKHTTP='6426',RESPONSE_LENGTH_HEADER='6426',REQUEST_PROTOCOL='http/1.1',REQUEST_URL='https://project-travel-mate.herokuapp.com/api/get-upcoming-holidays/2020',
08-06 18:24:01.057 11409 13152 I NAPPA_EXPERIMENTATION: MetricNetworkRequestExecutionTime: REQUEST_DURATION_SYSTEM='629',REQUEST_DURATION_OKHTTP='56',REQUEST_SYNCHRONOUS='FALSE',RESPONSE_CODE='200',RESPONSE_METHOD='GET',RESPONSE_LENGTH_OKHTTP='6426',RESPONSE_LENGTH_HEADER='6426',REQUEST_PROTOCOL='http/1.1',REQUEST_URL='https://project-travel-mate.herokuapp.com/api/get-upcoming-holidays/2020',
08-06 18:24:01.217 11409 11409 V Response: [{"month":"January","date":1,"day":"Wednesday","name":"New Year's Day","type":"Restricted"},{"month":"January","date":2,"day":"Thursday","name":"Guru Govind Singh Jayanti","type":"Restricted"},{"month":"January","date":14,"day":"Tuesday","name":"Lohri","type":"Restricted"},{"month":"January","date":15,"day":"Wednesday","name":"Pongal","type":"Restricted"},{"month":"January","date":15,"day":"Wednesday","name":"Makar Sankranti","type":"Restricted"},{"month":"January","date":25,"day":"Saturday","name":"Chinese New Year","type":"Observance"},{"month":"January","date":26,"day":"Sunday","name":"Republic Day","type":"Gazetted"},{"month":"January","date":30,"day":"Thursday","name":"Vasant Panchami","type":"Restricted"},{"month":"February","date":9,"day":"Sunday","name":"Guru Ravidas Jayanti","type":"Restricted"},{"month":"February","date":14,"day":"Friday","name":"Valentine's Day","type":"Observance"},{"month":"February","date":18,"day":"Tuesday","name":"Maharishi Dayanand Saraswati Jayanti","type":"Restricted"},{"month":"February","date":19,"day":"Wednesday","name":"Shivaji Jayanti","type":"Restricted"},{"month":"February","date":21,"day":"Friday","name":"Maha Shivaratri/Shivaratri","type":"Gazetted"},{"month":"March","date":9,"day":"Monday","name":"Holika Dahana","type":"Restricted"},{"month":"March","date":9,"day":"Monday","name":"Hazarat Ali's Birthday","type":"Restricted"},{"month":"March","date":10,"day":"Tuesday","name":"Holi","type":"Gazetted"},{"month":"March","date":20,"day":"Friday","name":"March Equinox","type":"Season"},{"month":"March","date":25,"day":"Wednesday","name":"Chaitra Sukhladi","type":"Restricted"},{"month":"April","date":2,"day":"Thursday","name":"Rama Navami","type":"Gazetted"},{"month":"April","date":6,"day":"Monday","name":"Mahavir Jayanti","type":"Gazetted"},{"month":"April","date":9,"day":"Thursday","name":"First day of Passover","type":"Observance"},{"month":"April","date":9,"day":"Thursday","name":"Maundy Thursday","type":"Observance,"},{"month":"April","date":10,"day":"Friday","name":"Good Friday","type":"Gazetted"},{"month":"April","date":12,"day":"Sunday","name":"Easter Day","type":"Restricted"},{"month":"April","date":13,"day":"Monday","name":"Vaisakhi","type":"Restricted"},{"month":"April","date":14,"day":"Tuesday","name":"Mesadi/Vaisakhadi","type":"Restricted"},{"month":"April","date":14,"day":"Tuesday","name":"Ambedkar Jayanti","type":"Central"},{"month":"May","date":1,"day":"Friday","name":"May Day","type":"Observance"},{"month":"May","date":7,"day":"Thursday","name":"Buddha Purnima/Vesak","type":"Gazetted"},{"month":"May","date":7,"day":"Thursday","name":"Birthday of Ravindranath","type":"Restricted"},{"month":"May","date":10,"day":"Sunday","name":"Mother's Day","type":"Observance"},{"month":"May","date":22,"day":"Friday","name":"Jamat Ul-Vida","type":"Restricted"},{"month":"May","date":25,"day":"Monday","name":"Ramzan Id/Eid-ul-Fitar","type":"Gazetted"},{"month":"May","date":25,"day":"Monday","name":"Ramzan Id/Eid-ul-Fitar","type":"Muslim,"},{"month":"June","date":21,"day":"Sunday","name":"June Solstice","type":"Season"},{"month":"June","date":21,"day":"Sunday","name":"Father's Day","type":"Observance"},{"month":"June","date":23,"day":"Tuesday","name":"Rath Yatra","type":"Restricted"},{"month":"July","date":5,"day":"Sunday","name":"Guru Purnima","type":"Observance"},{"month":"July","date":31,"day":"Friday","name":"Bakr Id/Eid ul-Adha","type":"Gazetted"},{"month":"August","date":2,"day":"Sunday","name":"Friendship Day","type":"Observance"},{"month":"August","date":3,"day":"Monday","name":"Raksha Bandhan (Rakhi)","type":"Restricted"},{"month":"August","date":11,"day":"Tuesday","name":"Janmashtami (Smarta)","type":"Restricted"},{"month":"August","date":12,"day":"Wednesday","name":"Janmashtami","type":"Gazetted"},{"month":"August","date":15,"day":"Saturday","name":"Independence Day","type":"Gazetted"},{"month":"August","date":16,"day":"Sunday","name":"Parsi New Year","type":"Restricted"},{"month":"August","date":22,"day":"Saturday","name":"Ganesh Chaturthi/Vin
08-06 18:24:01.221 11409 11409 V Response: [{"month":"January","date":1,"day":"Wednesday","name":"New Year's Day","type":"Restricted"},{"month":"January","date":2,"day":"Thursday","name":"Guru Govind Singh Jayanti","type":"Restricted"},{"month":"January","date":14,"day":"Tuesday","name":"Lohri","type":"Restricted"},{"month":"January","date":15,"day":"Wednesday","name":"Pongal","type":"Restricted"},{"month":"January","date":15,"day":"Wednesday","name":"Makar Sankranti","type":"Restricted"},{"month":"January","date":25,"day":"Saturday","name":"Chinese New Year","type":"Observance"},{"month":"January","date":26,"day":"Sunday","name":"Republic Day","type":"Gazetted"},{"month":"January","date":30,"day":"Thursday","name":"Vasant Panchami","type":"Restricted"},{"month":"February","date":9,"day":"Sunday","name":"Guru Ravidas Jayanti","type":"Restricted"},{"month":"February","date":14,"day":"Friday","name":"Valentine's Day","type":"Observance"},{"month":"February","date":18,"day":"Tuesday","name":"Maharishi Dayanand Saraswati Jayanti","type":"Restricted"},{"month":"February","date":19,"day":"Wednesday","name":"Shivaji Jayanti","type":"Restricted"},{"month":"February","date":21,"day":"Friday","name":"Maha Shivaratri/Shivaratri","type":"Gazetted"},{"month":"March","date":9,"day":"Monday","name":"Holika Dahana","type":"Restricted"},{"month":"March","date":9,"day":"Monday","name":"Hazarat Ali's Birthday","type":"Restricted"},{"month":"March","date":10,"day":"Tuesday","name":"Holi","type":"Gazetted"},{"month":"March","date":20,"day":"Friday","name":"March Equinox","type":"Season"},{"month":"March","date":25,"day":"Wednesday","name":"Chaitra Sukhladi","type":"Restricted"},{"month":"April","date":2,"day":"Thursday","name":"Rama Navami","type":"Gazetted"},{"month":"April","date":6,"day":"Monday","name":"Mahavir Jayanti","type":"Gazetted"},{"month":"April","date":9,"day":"Thursday","name":"First day of Passover","type":"Observance"},{"month":"April","date":9,"day":"Thursday","name":"Maundy Thursday","type":"Observance,"},{"month":"April","date":10,"day":"Friday","name":"Good Friday","type":"Gazetted"},{"month":"April","date":12,"day":"Sunday","name":"Easter Day","type":"Restricted"},{"month":"April","date":13,"day":"Monday","name":"Vaisakhi","type":"Restricted"},{"month":"April","date":14,"day":"Tuesday","name":"Mesadi/Vaisakhadi","type":"Restricted"},{"month":"April","date":14,"day":"Tuesday","name":"Ambedkar Jayanti","type":"Central"},{"month":"May","date":1,"day":"Friday","name":"May Day","type":"Observance"},{"month":"May","date":7,"day":"Thursday","name":"Buddha Purnima/Vesak","type":"Gazetted"},{"month":"May","date":7,"day":"Thursday","name":"Birthday of Ravindranath","type":"Restricted"},{"month":"May","date":10,"day":"Sunday","name":"Mother's Day","type":"Observance"},{"month":"May","date":22,"day":"Friday","name":"Jamat Ul-Vida","type":"Restricted"},{"month":"May","date":25,"day":"Monday","name":"Ramzan Id/Eid-ul-Fitar","type":"Gazetted"},{"month":"May","date":25,"day":"Monday","name":"Ramzan Id/Eid-ul-Fitar","type":"Muslim,"},{"month":"June","date":21,"day":"Sunday","name":"June Solstice","type":"Season"},{"month":"June","date":21,"day":"Sunday","name":"Father's Day","type":"Observance"},{"month":"June","date":23,"day":"Tuesday","name":"Rath Yatra","type":"Restricted"},{"month":"July","date":5,"day":"Sunday","name":"Guru Purnima","type":"Observance"},{"month":"July","date":31,"day":"Friday","name":"Bakr Id/Eid ul-Adha","type":"Gazetted"},{"month":"August","date":2,"day":"Sunday","name":"Friendship Day","type":"Observance"},{"month":"August","date":3,"day":"Monday","name":"Raksha Bandhan (Rakhi)","type":"Restricted"},{"month":"August","date":11,"day":"Tuesday","name":"Janmashtami (Smarta)","type":"Restricted"},{"month":"August","date":12,"day":"Wednesday","name":"Janmashtami","type":"Gazetted"},{"month":"August","date":15,"day":"Saturday","name":"Independence Day","type":"Gazetted"},{"month":"August","date":16,"day":"Sunday","name":"Parsi New Year","type":"Restricted"},{"month":"August","date":22,"day":"Saturday","name":"Ganesh Chaturthi/Vin
08-06 18:24:01.296 11409 11421 I art     : Starting a blocking GC Explicit
08-06 18:24:01.364 11409 11421 I art     : Explicit concurrent mark sweep GC freed 16664(721KB) AllocSpace objects, 11(484KB) LOS objects, 10% free, 142MB/158MB, paused 1.688ms total 67.829ms
08-06 18:24:01.365 11409 11420 I art     : WaitForGcToComplete blocked for 35.316ms for cause HeapTrim
08-06 18:24:01.389 11409 11421 I art     : Starting a blocking GC Explicit
08-06 18:24:01.450 11409 11421 I art     : Explicit concurrent mark sweep GC freed 2274(245KB) AllocSpace objects, 1(4MB) LOS objects, 10% free, 138MB/154MB, paused 1.665ms total 60.779ms
08-06 18:24:01.475 11409 11421 I art     : Starting a blocking GC Explicit
08-06 18:24:01.538 11409 11421 I art     : Explicit concurrent mark sweep GC freed 134(2272B) AllocSpace objects, 0(0B) LOS objects, 10% free, 138MB/154MB, paused 2.087ms total 63.014ms
08-06 18:24:01.563 11409 11421 I art     : Starting a blocking GC Explicit
08-06 18:24:01.626 11409 11421 I art     : Explicit concurrent mark sweep GC freed 147(2944B) AllocSpace objects, 0(0B) LOS objects, 10% free, 138MB/154MB, paused 1.726ms total 63.015ms
08-06 18:24:01.651 11409 11421 I art     : Starting a blocking GC Explicit
08-06 18:24:01.714 11409 11421 I art     : Explicit concurrent mark sweep GC freed 133(2640B) AllocSpace objects, 0(0B) LOS objects, 10% free, 138MB/154MB, paused 1.708ms total 62.967ms
08-06 18:24:02.145 11409 11471 I art     : Starting a blocking GC Explicit
08-06 18:24:02.201  8071  8071 I Atfwd_Sendcmd: AtCmdFwd service not ready - Exhausted retry attempts - :6
08-06 18:24:02.201  8071  8071 I Atfwd_Daemon: result : -1 	 ,Init step :2 	 ,qmiErrorCode: 0
08-06 18:24:02.209 11409 11471 I art     : Explicit concurrent mark sweep GC freed 2343(105KB) AllocSpace objects, 2(36KB) LOS objects, 10% free, 138MB/154MB, paused 1.979ms total 64.127ms
08-06 18:24:02.234 11409 11471 I art     : Starting a blocking GC Explicit
08-06 18:24:02.298 11409 11471 I art     : Explicit concurrent mark sweep GC freed 148(3024B) AllocSpace objects, 0(0B) LOS objects, 10% free, 138MB/154MB, paused 1.768ms total 63.522ms
08-06 18:24:02.323 11409 11471 I art     : Starting a blocking GC Explicit
08-06 18:24:02.386 11409 11471 I art     : Explicit concurrent mark sweep GC freed 124(2128B) AllocSpace objects, 0(0B) LOS objects, 10% free, 138MB/154MB, paused 1.736ms total 62.533ms
08-06 18:24:02.411 11409 11471 I art     : Starting a blocking GC Explicit
08-06 18:24:02.474 11409 11471 I art     : Explicit concurrent mark sweep GC freed 147(2496B) AllocSpace objects, 0(0B) LOS objects, 10% free, 138MB/154MB, paused 1.812ms total 62.357ms
08-06 18:24:02.499 11409 11471 I art     : Starting a blocking GC Explicit
08-06 18:24:02.562 11409 11471 I art     : Explicit concurrent mark sweep GC freed 123(2096B) AllocSpace objects, 0(0B) LOS objects, 10% free, 138MB/154MB, paused 1.772ms total 62.579ms
08-06 18:24:03.017 11409 11470 I art     : Starting a blocking GC Explicit
08-06 18:24:03.081 11409 11470 I art     : Explicit concurrent mark sweep GC freed 2357(104KB) AllocSpace objects, 2(36KB) LOS objects, 10% free, 138MB/154MB, paused 1.799ms total 63.598ms
08-06 18:24:03.108 11409 11470 I art     : Starting a blocking GC Explicit
08-06 18:24:03.169 11409 11470 I art     : Explicit concurrent mark sweep GC freed 148(3024B) AllocSpace objects, 0(0B) LOS objects, 10% free, 138MB/154MB, paused 1.960ms total 60.581ms
08-06 18:24:03.195 11409 11470 I art     : Starting a blocking GC Explicit
08-06 18:24:03.257 11409 11470 I art     : Explicit concurrent mark sweep GC freed 147(2496B) AllocSpace objects, 0(0B) LOS objects, 10% free, 138MB/154MB, paused 1.901ms total 61.870ms
08-06 18:24:03.282 11409 11470 I art     : Starting a blocking GC Explicit
08-06 18:24:03.345 11409 11470 I art     : Explicit concurrent mark sweep GC freed 123(2096B) AllocSpace objects, 0(0B) LOS objects, 10% free, 138MB/154MB, paused 1.862ms total 62.701ms
08-06 18:24:03.370 11409 11470 I art     : Starting a blocking GC Explicit
08-06 18:24:03.434 11409 11470 I art     : Explicit concurrent mark sweep GC freed 123(2096B) AllocSpace objects, 0(0B) LOS objects, 10% free, 138MB/154MB, paused 2.109ms total 63.724ms
08-06 18:24:03.879 11409 11422 I art     : Starting a blocking GC Explicit
08-06 18:24:03.945 11409 11422 I art     : Explicit concurrent mark sweep GC freed 2369(105KB) AllocSpace objects, 2(36KB) LOS objects, 10% free, 138MB/154MB, paused 1.788ms total 64.478ms
08-06 18:24:03.969 11409 11422 I art     : Starting a blocking GC Explicit
08-06 18:24:04.033 11409 11422 I art     : Explicit concurrent mark sweep GC freed 158(3KB) AllocSpace objects, 0(0B) LOS objects, 10% free, 138MB/154MB, paused 1.787ms total 62.926ms
08-06 18:24:04.057 11409 11422 I art     : Starting a blocking GC Explicit
08-06 18:24:04.121 11409 11422 I art     : Explicit concurrent mark sweep GC freed 124(2128B) AllocSpace objects, 0(0B) LOS objects, 10% free, 138MB/154MB, paused 1.829ms total 63.301ms
08-06 18:24:04.146 11409 11422 I art     : Starting a blocking GC Explicit
08-06 18:24:04.208 11409 11422 I art     : Explicit concurrent mark sweep GC freed 147(2496B) AllocSpace objects, 0(0B) LOS objects, 10% free, 138MB/154MB, paused 1.964ms total 61.383ms
08-06 18:24:04.233 11409 11422 I art     : Starting a blocking GC Explicit
08-06 18:24:04.296 11409 11422 I art     : Explicit concurrent mark sweep GC freed 123(2096B) AllocSpace objects, 0(0B) LOS objects, 10% free, 138MB/154MB, paused 1.907ms total 62.862ms
08-06 18:24:04.755 11409 11421 I art     : Starting a blocking GC Explicit
08-06 18:24:04.817 11409 11421 I art     : Explicit concurrent mark sweep GC freed 2338(104KB) AllocSpace objects, 2(36KB) LOS objects, 10% free, 138MB/154MB, paused 1.971ms total 61.319ms
08-06 18:24:04.842 11409 11421 I art     : Starting a blocking GC Explicit
08-06 18:24:04.902 11409 11421 I art     : Explicit concurrent mark sweep GC freed 189(4KB) AllocSpace objects, 0(0B) LOS objects, 10% free, 138MB/154MB, paused 1.807ms total 59.395ms
08-06 18:24:04.925 11409 11421 I art     : Starting a blocking GC Explicit
08-06 18:24:04.970   918  3261 D WifiStateMachine: starting scan for "H369AA63323"WPA_PSK with 2412,5180
08-06 18:24:04.986 11409 11421 I art     : Explicit concurrent mark sweep GC freed 123(2096B) AllocSpace objects, 0(0B) LOS objects, 10% free, 138MB/154MB, paused 1.822ms total 60.060ms
08-06 18:24:05.010 11409 11421 I art     : Starting a blocking GC Explicit
08-06 18:24:05.069 11409 11421 I art     : Explicit concurrent mark sweep GC freed 123(2096B) AllocSpace objects, 0(0B) LOS objects, 10% free, 138MB/154MB, paused 1.774ms total 59.175ms
08-06 18:24:05.093 11409 11421 I art     : Starting a blocking GC Explicit
08-06 18:24:05.153 11409 11421 I art     : Explicit concurrent mark sweep GC freed 127(2224B) AllocSpace objects, 0(0B) LOS objects, 10% free, 138MB/154MB, paused 1.743ms total 60.110ms
08-06 18:24:05.267 13206 13206 D AndroidRuntime: >>>>>> START com.android.internal.os.RuntimeInit uid 2000 <<<<<<
08-06 18:24:05.274 13206 13206 D AndroidRuntime: CheckJNI is OFF
08-06 18:24:05.332 13206 13206 D ICU     : No timezone override file found: /data/misc/zoneinfo/current/icu/icu_tzdata.dat
08-06 18:24:05.378 13206 13206 I Radio-JNI: register_android_hardware_Radio DONE
08-06 18:24:05.411 13206 13206 D AndroidRuntime: Calling main entry com.android.commands.input.Input
08-06 18:24:05.413 13206 13206 I Input   : injectKeyEvent: KeyEvent { action=ACTION_DOWN, keyCode=KEYCODE_BACK, scanCode=0, metaState=0, flags=0x0, repeatCount=0, eventTime=901461826, downTime=901461826, deviceId=-1, source=0x101 }
08-06 18:24:05.428 13206 13206 I Input   : injectKeyEvent: KeyEvent { action=ACTION_UP, keyCode=KEYCODE_BACK, scanCode=0, metaState=0, flags=0x0, repeatCount=0, eventTime=901461826, downTime=901461826, deviceId=-1, source=0x101 }
08-06 18:24:05.441 13206 13206 D AndroidRuntime: Shutting down VM
08-06 18:24:05.456 11409 11409 V MainActivity: url = https://project-travel-mate.herokuapp.com/api/number-of-unread-notifications
08-06 18:24:05.489 13866 13866 I GoogleInputMethodServic: GoogleInputMethodService.onFinishInput():3138 
08-06 18:24:05.490 13866 13866 I GoogleInputMethodServic: GoogleInputMethodService.onStartInput():1808 
08-06 18:24:05.597 11409 11471 I art     : Starting a blocking GC Explicit
08-06 18:24:05.650 11409 11471 I art     : Explicit concurrent mark sweep GC freed 2646(122KB) AllocSpace objects, 2(36KB) LOS objects, 10% free, 138MB/154MB, paused 1.527ms total 52.766ms
08-06 18:24:05.672 11409 11471 I art     : Starting a blocking GC Explicit
08-06 18:24:05.741 11409 11471 I art     : Explicit concurrent mark sweep GC freed 230(6KB) AllocSpace objects, 0(0B) LOS objects, 10% free, 138MB/154MB, paused 2.055ms total 68.611ms
08-06 18:24:05.774 11409 11471 I art     : Starting a blocking GC Explicit
08-06 18:24:05.838   380   380 W SurfaceFlinger: couldn't log to binary event log: overflow.
08-06 18:24:05.843 11409 11471 I art     : Explicit concurrent mark sweep GC freed 218(4KB) AllocSpace objects, 0(0B) LOS objects, 10% free, 138MB/154MB, paused 2.155ms total 68.471ms
08-06 18:24:05.868 11409 11471 I art     : Starting a blocking GC Explicit
08-06 18:24:05.930 11409 11471 I art     : Explicit concurrent mark sweep GC freed 42(1568B) AllocSpace objects, 1(188KB) LOS objects, 10% free, 137MB/153MB, paused 1.716ms total 61.363ms
08-06 18:24:05.954 11409 11471 I art     : Starting a blocking GC Explicit
08-06 18:24:06.005 11409 11471 I art     : Explicit concurrent mark sweep GC freed 6609(359KB) AllocSpace objects, 13(264KB) LOS objects, 10% free, 137MB/153MB, paused 1.661ms total 50.782ms
08-06 18:24:06.268 24365  8032 I NetworkScheduler.Stats: Task com.google.android.apps.gcs/ started execution. cause:4 exec_start_elapsed_seconds: 1884850 [CONTEXT service_id=218 ]
08-06 18:24:06.269  4117 13240 W Gcs.WfaEliRefreshTask: [29669] afk.b: NULL eligibility response.
08-06 18:24:06.272 24365  8032 I NetworkScheduler.Stats: Task com.google.android.apps.gcs/ finished executing. cause:4 result: 3 elapsed_millis: 10 uptime_millis: 11 exec_start_elapsed_seconds: 1884850 [CONTEXT service_id=218 ]
08-06 18:24:06.353 11409 13229 I NAPPA_EXPERIMENTATION: MetricNetworkRequestExecutionTime: REQUEST_DURATION_SYSTEM='895',REQUEST_DURATION_OKHTTP='35',REQUEST_SYNCHRONOUS='FALSE',RESPONSE_CODE='200',RESPONSE_METHOD='GET',RESPONSE_LENGTH_OKHTTP='36',RESPONSE_LENGTH_HEADER='36',REQUEST_PROTOCOL='http/1.1',REQUEST_URL='https://project-travel-mate.herokuapp.com/api/number-of-unread-notifications',
08-06 18:24:06.457 11409 11422 I art     : Starting a blocking GC Explicit
08-06 18:24:06.531 11409 11422 I art     : Explicit concurrent mark sweep GC freed 4400(240KB) AllocSpace objects, 5(236KB) LOS objects, 10% free, 137MB/153MB, paused 2.254ms total 73.137ms
08-06 18:24:06.560 11409 11422 I art     : Starting a blocking GC Explicit
08-06 18:24:06.622 11409 11422 I art     : Explicit concurrent mark sweep GC freed 962(117KB) AllocSpace objects, 0(0B) LOS objects, 10% free, 137MB/153MB, paused 1.761ms total 61.760ms
08-06 18:24:06.646 11409 11422 I art     : Starting a blocking GC Explicit
08-06 18:24:06.705 11409 11422 I art     : Explicit concurrent mark sweep GC freed 14(720B) AllocSpace objects, 0(0B) LOS objects, 10% free, 137MB/153MB, paused 1.851ms total 57.974ms
08-06 18:24:06.728 11409 11422 I art     : Starting a blocking GC Explicit
08-06 18:24:06.785 11409 11422 I art     : Explicit concurrent mark sweep GC freed 14(672B) AllocSpace objects, 0(0B) LOS objects, 10% free, 137MB/153MB, paused 1.782ms total 56.590ms
08-06 18:24:06.809 11409 11422 I art     : Starting a blocking GC Explicit
08-06 18:24:06.866 11409 11422 I art     : Explicit concurrent mark sweep GC freed 34(928B) AllocSpace objects, 0(0B) LOS objects, 10% free, 137MB/153MB, paused 1.737ms total 56.774ms
08-06 18:24:07.344 11409 11471 I art     : Starting a blocking GC Explicit
08-06 18:24:07.391 13242 13242 D AndroidRuntime: >>>>>> START com.android.internal.os.RuntimeInit uid 2000 <<<<<<
08-06 18:24:07.397 13242 13242 D AndroidRuntime: CheckJNI is OFF
08-06 18:24:07.400 11409 11471 I art     : Explicit concurrent mark sweep GC freed 1594(92KB) AllocSpace objects, 2(36KB) LOS objects, 10% free, 137MB/153MB, paused 2.068ms total 55.355ms
08-06 18:24:07.422 11409 11471 I art     : Starting a blocking GC Explicit
08-06 18:24:07.441 13242 13242 D ICU     : No timezone override file found: /data/misc/zoneinfo/current/icu/icu_tzdata.dat
08-06 18:24:07.472 11409 11471 I art     : Explicit concurrent mark sweep GC freed 28(1024B) AllocSpace objects, 0(0B) LOS objects, 10% free, 137MB/153MB, paused 1.563ms total 49.591ms
08-06 18:24:07.483 13242 13242 I Radio-JNI: register_android_hardware_Radio DONE
08-06 18:24:07.495 11409 11471 I art     : Starting a blocking GC Explicit
08-06 18:24:07.516 13242 13242 D AndroidRuntime: Calling main entry com.android.commands.input.Input
08-06 18:24:07.518 13242 13242 I Input   : injectMotionEvent: MotionEvent { action=ACTION_DOWN, actionButton=0, id[0]=0, x[0]=117.0, y[0]=170.0, toolType[0]=TOOL_TYPE_UNKNOWN, buttonState=0, metaState=0, flags=0x0, edgeFlags=0x0, pointerCount=1, historySize=0, eventTime=901463931, downTime=901463931, deviceId=0, source=0x1002 }
08-06 18:24:07.525 13242 13242 I Input   : injectMotionEvent: MotionEvent { action=ACTION_UP, actionButton=0, id[0]=0, x[0]=117.0, y[0]=170.0, toolType[0]=TOOL_TYPE_UNKNOWN, buttonState=0, metaState=0, flags=0x0, edgeFlags=0x0, pointerCount=1, historySize=0, eventTime=901463931, downTime=901463931, deviceId=0, source=0x1002 }
08-06 18:24:07.527 13242 13242 D AndroidRuntime: Shutting down VM
08-06 18:24:07.551   512  2967 D audio_hw_primary: out_set_parameters: enter: usecase(1: low-latency-playback) kvpairs: routing=2
08-06 18:24:07.558 11409 11471 I art     : Explicit concurrent mark sweep GC freed 26(832B) AllocSpace objects, 0(0B) LOS objects, 10% free, 137MB/153MB, paused 1.786ms total 62.467ms
08-06 18:24:07.565   512  2967 D audio_hw_primary: select_devices: out_snd_device(2: speaker) in_snd_device(0: none)
08-06 18:24:07.565   512  2967 D msm8974_platform: platform_send_audio_calibration: sending audio calibration for snd_device(2) acdb_id(15)
08-06 18:24:07.565   512  2967 I soundtrigger: audio_extn_sound_trigger_update_device_status: device 0x2 of type 0 for Event 1
08-06 18:24:07.576   512  2967 D audio_hw_primary: enable_snd_device: snd_device(2: speaker)
08-06 18:24:07.578   512  2967 D audio_hw_primary: enable_audio_route: apply and update mixer path: low-latency-playback speaker
08-06 18:24:07.582 11409 11471 I art     : Starting a blocking GC Explicit
08-06 18:24:07.637 11409 11471 I art     : Explicit concurrent mark sweep GC freed 55(2144B) AllocSpace objects, 0(0B) LOS objects, 10% free, 137MB/153MB, paused 1.780ms total 54.024ms
08-06 18:24:07.660 11409 11471 I art     : Starting a blocking GC Explicit
08-06 18:24:07.712 11409 11471 I art     : Explicit concurrent mark sweep GC freed 406(20KB) AllocSpace objects, 0(0B) LOS objects, 10% free, 137MB/153MB, paused 1.716ms total 51.415ms
08-06 18:24:08.128   512  2967 D audio_hw_primary: disable_audio_route: reset and update mixer path: low-latency-playback speaker
08-06 18:24:08.130   512  2967 D audio_hw_primary: disable_snd_device: snd_device(2: speaker)
08-06 18:24:08.138   512  2967 I soundtrigger: audio_extn_sound_trigger_update_device_status: device 0x2 of type 0 for Event 0
08-06 18:24:08.172 11409 11422 I art     : Starting a blocking GC Explicit
08-06 18:24:08.225 11409 11422 I art     : Explicit concurrent mark sweep GC freed 1674(95KB) AllocSpace objects, 2(36KB) LOS objects, 10% free, 137MB/153MB, paused 1.887ms total 52.637ms
08-06 18:24:08.248 11409 11422 I art     : Starting a blocking GC Explicit
08-06 18:24:08.304 11409 11422 I art     : Explicit concurrent mark sweep GC freed 38(1344B) AllocSpace objects, 0(0B) LOS objects, 10% free, 137MB/153MB, paused 1.705ms total 55.468ms
08-06 18:24:08.326 11409 11422 I art     : Starting a blocking GC Explicit
08-06 18:24:08.382 11409 11422 I art     : Explicit concurrent mark sweep GC freed 5(160B) AllocSpace objects, 0(0B) LOS objects, 10% free, 137MB/153MB, paused 1.748ms total 55.654ms
08-06 18:24:08.382 13265 13265 D AndroidRuntime: >>>>>> START com.android.internal.os.RuntimeInit uid 2000 <<<<<<
08-06 18:24:08.389 13265 13265 D AndroidRuntime: CheckJNI is OFF
08-06 18:24:08.406 11409 11422 I art     : Starting a blocking GC Explicit
08-06 18:24:08.444 13265 13265 D ICU     : No timezone override file found: /data/misc/zoneinfo/current/icu/icu_tzdata.dat
08-06 18:24:08.463 11409 11422 I art     : Explicit concurrent mark sweep GC freed 3(96B) AllocSpace objects, 0(0B) LOS objects, 10% free, 137MB/153MB, paused 1.806ms total 56.734ms
08-06 18:24:08.486 11409 11422 I art     : Starting a blocking GC Explicit
08-06 18:24:08.489 13265 13265 I Radio-JNI: register_android_hardware_Radio DONE
08-06 18:24:08.521 13265 13265 D AndroidRuntime: Calling main entry com.android.commands.input.Input
08-06 18:24:08.524 13265 13265 I Input   : injectMotionEvent: MotionEvent { action=ACTION_DOWN, actionButton=0, id[0]=0, x[0]=405.0, y[0]=661.0, toolType[0]=TOOL_TYPE_UNKNOWN, buttonState=0, metaState=0, flags=0x0, edgeFlags=0x0, pointerCount=1, historySize=0, eventTime=901464936, downTime=901464936, deviceId=0, source=0x1002 }
08-06 18:24:08.529 13265 13265 I Input   : injectMotionEvent: MotionEvent { action=ACTION_UP, actionButton=0, id[0]=0, x[0]=405.0, y[0]=661.0, toolType[0]=TOOL_TYPE_UNKNOWN, buttonState=0, metaState=0, flags=0x0, edgeFlags=0x0, pointerCount=1, historySize=0, eventTime=901464936, downTime=901464936, deviceId=0, source=0x1002 }
08-06 18:24:08.532 13265 13265 D AndroidRuntime: Shutting down VM
08-06 18:24:08.544 11409 11422 I art     : Explicit concurrent mark sweep GC freed 10(320B) AllocSpace objects, 0(0B) LOS objects, 10% free, 137MB/153MB, paused 1.994ms total 57.276ms
08-06 18:24:08.553   512  2967 D audio_hw_primary: out_set_parameters: enter: usecase(1: low-latency-playback) kvpairs: routing=2
08-06 18:24:08.566   512  2967 D audio_hw_primary: select_devices: out_snd_device(2: speaker) in_snd_device(0: none)
08-06 18:24:08.567   512  2967 D msm8974_platform: platform_send_audio_calibration: sending audio calibration for snd_device(2) acdb_id(15)
08-06 18:24:08.567   512  2967 I soundtrigger: audio_extn_sound_trigger_update_device_status: device 0x2 of type 0 for Event 1
08-06 18:24:08.577   512  2967 D audio_hw_primary: enable_snd_device: snd_device(2: speaker)
08-06 18:24:08.579   512  2967 D audio_hw_primary: enable_audio_route: apply and update mixer path: low-latency-playback speaker
08-06 18:24:08.626   512  2967 D AudioFlinger: mixer(0xf4740000) throttle end: throttle time(12)
08-06 18:24:08.971 11409 11471 I art     : Starting a blocking GC Explicit
08-06 18:24:09.029 11409 11471 I art     : Explicit concurrent mark sweep GC freed 123(29KB) AllocSpace objects, 0(0B) LOS objects, 7% free, 184MB/200MB, paused 2.167ms total 56.853ms
08-06 18:24:09.051 11409 11471 I art     : Starting a blocking GC Explicit
08-06 18:24:09.108 11409 11471 I art     : Explicit concurrent mark sweep GC freed 1504(69KB) AllocSpace objects, 0(0B) LOS objects, 7% free, 184MB/200MB, paused 1.620ms total 56.790ms
08-06 18:24:09.120   512  2967 D audio_hw_primary: disable_audio_route: reset and update mixer path: low-latency-playback speaker
08-06 18:24:09.122   512  2967 D audio_hw_primary: disable_snd_device: snd_device(2: speaker)
08-06 18:24:09.129 11409 11471 I art     : Starting a blocking GC Explicit
08-06 18:24:09.131   512  2967 I soundtrigger: audio_extn_sound_trigger_update_device_status: device 0x2 of type 0 for Event 0
08-06 18:24:09.183 11409 11471 I art     : Explicit concurrent mark sweep GC freed 844(48KB) AllocSpace objects, 9(252KB) LOS objects, 8% free, 183MB/199MB, paused 1.612ms total 53.667ms
08-06 18:24:09.204 11409 11471 I art     : Starting a blocking GC Explicit
08-06 18:24:09.259 11409 11471 I art     : Explicit concurrent mark sweep GC freed 46(1184B) AllocSpace objects, 0(0B) LOS objects, 8% free, 183MB/199MB, paused 1.685ms total 54.657ms
08-06 18:24:09.281 11409 11471 I art     : Starting a blocking GC Explicit
08-06 18:24:09.340 11409 11471 I art     : Explicit concurrent mark sweep GC freed 3(96B) AllocSpace objects, 0(0B) LOS objects, 8% free, 183MB/199MB, paused 1.756ms total 58.477ms
08-06 18:24:09.800 11409 11421 I art     : Starting a blocking GC Explicit
08-06 18:24:09.880 11409 11421 I art     : Explicit concurrent mark sweep GC freed 1625(93KB) AllocSpace objects, 2(36KB) LOS objects, 8% free, 183MB/199MB, paused 2.234ms total 78.692ms
08-06 18:24:09.909 11409 11421 I art     : Starting a blocking GC Explicit
08-06 18:24:09.972 11409 11421 I art     : Explicit concurrent mark sweep GC freed 49(2128B) AllocSpace objects, 0(0B) LOS objects, 8% free, 183MB/199MB, paused 1.735ms total 61.738ms
08-06 18:24:09.996 11409 11421 I art     : Starting a blocking GC Explicit
08-06 18:24:10.057 11409 11421 I art     : Explicit concurrent mark sweep GC freed 14(640B) AllocSpace objects, 0(0B) LOS objects, 8% free, 183MB/199MB, paused 1.830ms total 60.408ms
08-06 18:24:10.081 11409 11421 I art     : Starting a blocking GC Explicit
08-06 18:24:10.150 11409 11421 I art     : Explicit concurrent mark sweep GC freed 17(528B) AllocSpace objects, 0(0B) LOS objects, 8% free, 183MB/199MB, paused 2.167ms total 67.902ms
08-06 18:24:10.179 11409 11421 I art     : Starting a blocking GC Explicit
08-06 18:24:10.251 11409 11421 I art     : Explicit concurrent mark sweep GC freed 3(96B) AllocSpace objects, 0(0B) LOS objects, 8% free, 183MB/199MB, paused 1.987ms total 72.194ms
08-06 18:24:10.740 11409 11470 I art     : Starting a blocking GC Explicit
08-06 18:24:10.804 11409 11470 I art     : Explicit concurrent mark sweep GC freed 1594(92KB) AllocSpace objects, 2(36KB) LOS objects, 8% free, 183MB/199MB, paused 1.748ms total 63.852ms
08-06 18:24:10.828 11409 11470 I art     : Starting a blocking GC Explicit
08-06 18:24:10.886 11409 11470 I art     : Explicit concurrent mark sweep GC freed 69(2400B) AllocSpace objects, 0(0B) LOS objects, 8% free, 183MB/199MB, paused 1.699ms total 57.882ms
08-06 18:24:10.910 11409 11470 I art     : Starting a blocking GC Explicit
08-06 18:24:10.967 11409 11470 I art     : Explicit concurrent mark sweep GC freed 3(96B) AllocSpace objects, 0(0B) LOS objects, 8% free, 183MB/199MB, paused 1.719ms total 57.371ms
08-06 18:24:10.991 11409 11470 I art     : Starting a blocking GC Explicit
08-06 18:24:11.050 11409 11470 I art     : Explicit concurrent mark sweep GC freed 3(96B) AllocSpace objects, 0(0B) LOS objects, 8% free, 183MB/199MB, paused 1.781ms total 58.224ms
08-06 18:24:11.074 11409 11470 I art     : Starting a blocking GC Explicit
08-06 18:24:11.132 11409 11470 I art     : Explicit concurrent mark sweep GC freed 3(96B) AllocSpace objects, 0(0B) LOS objects, 8% free, 183MB/199MB, paused 1.793ms total 57.959ms
08-06 18:24:11.431 13321 13321 D AndroidRuntime: >>>>>> START com.android.internal.os.RuntimeInit uid 2000 <<<<<<
08-06 18:24:11.438 13321 13321 D AndroidRuntime: CheckJNI is OFF
08-06 18:24:11.491 13321 13321 D ICU     : No timezone override file found: /data/misc/zoneinfo/current/icu/icu_tzdata.dat
08-06 18:24:11.537 13321 13321 I Radio-JNI: register_android_hardware_Radio DONE
08-06 18:24:11.571 13321 13321 D AndroidRuntime: Calling main entry com.android.commands.input.Input
08-06 18:24:11.573 13321 13321 I Input   : injectMotionEvent: MotionEvent { action=ACTION_DOWN, actionButton=0, id[0]=0, x[0]=1341.0, y[0]=197.0, toolType[0]=TOOL_TYPE_UNKNOWN, buttonState=0, metaState=0, flags=0x0, edgeFlags=0x0, pointerCount=1, historySize=0, eventTime=901467986, downTime=901467986, deviceId=0, source=0x1002 }
08-06 18:24:11.574 11409 11422 I art     : Starting a blocking GC Explicit
08-06 18:24:11.579 13321 13321 I Input   : injectMotionEvent: MotionEvent { action=ACTION_UP, actionButton=0, id[0]=0, x[0]=1341.0, y[0]=197.0, toolType[0]=TOOL_TYPE_UNKNOWN, buttonState=0, metaState=0, flags=0x0, edgeFlags=0x0, pointerCount=1, historySize=0, eventTime=901467986, downTime=901467986, deviceId=0, source=0x1002 }
08-06 18:24:11.581 13321 13321 D AndroidRuntime: Shutting down VM
08-06 18:24:11.596   918  3961 I ActivityManager: START u0 {cmp=baseline.io.github.project_travel_mate/.notifications.NotificationsActivity} from uid 10696 on display 0
08-06 18:24:11.598   512  2967 D audio_hw_primary: out_set_parameters: enter: usecase(1: low-latency-playback) kvpairs: routing=2
08-06 18:24:11.613   512  2967 D audio_hw_primary: select_devices: out_snd_device(2: speaker) in_snd_device(0: none)
08-06 18:24:11.613   512  2967 D msm8974_platform: platform_send_audio_calibration: sending audio calibration for snd_device(2) acdb_id(15)
08-06 18:24:11.613   512  2967 I soundtrigger: audio_extn_sound_trigger_update_device_status: device 0x2 of type 0 for Event 1
08-06 18:24:11.629   512  2967 D audio_hw_primary: enable_snd_device: snd_device(2: speaker)
08-06 18:24:11.633   512  2967 D audio_hw_primary: enable_audio_route: apply and update mixer path: low-latency-playback speaker
08-06 18:24:11.641 11409 11422 I art     : Explicit concurrent mark sweep GC freed 1934(114KB) AllocSpace objects, 2(36KB) LOS objects, 7% free, 184MB/200MB, paused 2.213ms total 66.373ms
08-06 18:24:11.661 11409 11492 D Gabe    : call	returning from cache
08-06 18:24:11.665 11409 11422 I art     : Starting a blocking GC Explicit
08-06 18:24:11.670 11409 11409 V EXECUTING: https://project-travel-mate.herokuapp.com/api/get-notifications
08-06 18:24:11.678 11409 11409 V EXECUTING: https://project-travel-mate.herokuapp.com/api/get-notifications
08-06 18:24:11.723 11409 11422 I art     : Explicit concurrent mark sweep GC freed 1088(83KB) AllocSpace objects, 0(0B) LOS objects, 7% free, 184MB/200MB, paused 1.874ms total 57.657ms
08-06 18:24:11.748 11409 11422 I art     : Starting a blocking GC Explicit
08-06 18:24:11.804 11409 11422 I art     : Explicit concurrent mark sweep GC freed 909(35KB) AllocSpace objects, 0(0B) LOS objects, 7% free, 188MB/204MB, paused 1.955ms total 56.151ms
08-06 18:24:11.826 11409 11422 I art     : Starting a blocking GC Explicit
08-06 18:24:11.853   918   936 I ActivityManager: Displayed baseline.io.github.project_travel_mate/.notifications.NotificationsActivity: +244ms
08-06 18:24:11.855 13866 13866 I GoogleInputMethodServic: GoogleInputMethodService.onFinishInput():3138 
08-06 18:24:11.856 13866 13866 I GoogleInputMethodServic: GoogleInputMethodService.onStartInput():1808 
08-06 18:24:11.885 11409 11422 I art     : Explicit concurrent mark sweep GC freed 216(6KB) AllocSpace objects, 0(0B) LOS objects, 7% free, 188MB/204MB, paused 2.181ms total 58.877ms
08-06 18:24:11.910 11409 11422 I art     : Starting a blocking GC Explicit
08-06 18:24:11.967 11409 11422 I art     : Explicit concurrent mark sweep GC freed 62(1552B) AllocSpace objects, 0(0B) LOS objects, 7% free, 188MB/204MB, paused 1.817ms total 56.351ms
08-06 18:24:12.094   380   380 W SurfaceFlinger: couldn't log to binary event log: overflow.
08-06 18:24:12.169   512  2967 D audio_hw_primary: disable_audio_route: reset and update mixer path: low-latency-playback speaker
08-06 18:24:12.170   512  2967 D audio_hw_primary: disable_snd_device: snd_device(2: speaker)
08-06 18:24:12.178   512  2967 I soundtrigger: audio_extn_sound_trigger_update_device_status: device 0x2 of type 0 for Event 0
08-06 18:24:12.397 11409 11471 I art     : Starting a blocking GC Explicit
08-06 18:24:12.453 11409 11471 I art     : Explicit concurrent mark sweep GC freed 4278(247KB) AllocSpace objects, 6(276KB) LOS objects, 7% free, 189MB/205MB, paused 2.490ms total 56.118ms
08-06 18:24:12.476 11409 11471 I art     : Starting a blocking GC Explicit
08-06 18:24:12.516 11409 13348 I NAPPA_EXPERIMENTATION: MetricNetworkRequestExecutionTime: REQUEST_DURATION_SYSTEM='836',REQUEST_DURATION_OKHTTP='40',REQUEST_SYNCHRONOUS='FALSE',RESPONSE_CODE='200',RESPONSE_METHOD='GET',RESPONSE_LENGTH_OKHTTP='2',RESPONSE_LENGTH_HEADER='2',REQUEST_PROTOCOL='http/1.1',REQUEST_URL='https://project-travel-mate.herokuapp.com/api/get-notifications',
08-06 18:24:12.532 11409 11471 I art     : Explicit concurrent mark sweep GC freed 4841(309KB) AllocSpace objects, 2(160KB) LOS objects, 7% free, 188MB/204MB, paused 1.931ms total 55.113ms
08-06 18:24:12.532 11409 13347 I NAPPA_EXPERIMENTATION: MetricNetworkRequestExecutionTime: REQUEST_DURATION_SYSTEM='861',REQUEST_DURATION_OKHTTP='52',REQUEST_SYNCHRONOUS='FALSE',RESPONSE_CODE='200',RESPONSE_METHOD='GET',RESPONSE_LENGTH_OKHTTP='2',RESPONSE_LENGTH_HEADER='2',REQUEST_PROTOCOL='http/1.1',REQUEST_URL='https://project-travel-mate.herokuapp.com/api/get-notifications',
08-06 18:24:12.553 11409 11471 I art     : Starting a blocking GC Explicit
08-06 18:24:12.608 11409 11471 I art     : Explicit concurrent mark sweep GC freed 770(75KB) AllocSpace objects, 0(0B) LOS objects, 7% free, 188MB/204MB, paused 1.843ms total 53.782ms
08-06 18:24:12.629 11409 11471 I art     : Starting a blocking GC Explicit
08-06 18:24:12.664 11409 11409 V Response: [] 
08-06 18:24:12.684 11409 11471 I art     : Explicit concurrent mark sweep GC freed 53(10KB) AllocSpace objects, 0(0B) LOS objects, 7% free, 189MB/205MB, paused 2.236ms total 54.273ms
08-06 18:24:12.696 11409 11409 V Response: [] 
08-06 18:24:12.707 11409 11471 I art     : Starting a blocking GC Explicit
08-06 18:24:12.707 11409 11492 W LOTTIE  : Animation contains merge paths. Merge paths are only supported on KitKat+ and must be manually enabled by calling enableMergePathsForKitKatAndAbove().
08-06 18:24:12.715 11409 11492 W LOTTIE  : Animation contains merge paths. Merge paths are only supported on KitKat+ and must be manually enabled by calling enableMergePathsForKitKatAndAbove().
08-06 18:24:12.719 11409 11492 W LOTTIE  : Animation contains merge paths. Merge paths are only supported on KitKat+ and must be manually enabled by calling enableMergePathsForKitKatAndAbove().
08-06 18:24:12.722 11409 11492 W LOTTIE  : Animation contains merge paths. Merge paths are only supported on KitKat+ and must be manually enabled by calling enableMergePathsForKitKatAndAbove().
08-06 18:24:12.724 11409 11492 W LOTTIE  : Animation contains merge paths. Merge paths are only supported on KitKat+ and must be manually enabled by calling enableMergePathsForKitKatAndAbove().
08-06 18:24:12.727 11409 11492 W LOTTIE  : Animation contains merge paths. Merge paths are only supported on KitKat+ and must be manually enabled by calling enableMergePathsForKitKatAndAbove().
08-06 18:24:12.730 11409 11492 W LOTTIE  : Animation contains merge paths. Merge paths are only supported on KitKat+ and must be manually enabled by calling enableMergePathsForKitKatAndAbove().
08-06 18:24:12.734 11409 11409 W LOTTIE  : Animation contains merge paths but they are disabled.
08-06 18:24:12.772 11409 11471 I art     : Explicit concurrent mark sweep GC freed 8974(369KB) AllocSpace objects, 2(364KB) LOS objects, 7% free, 188MB/204MB, paused 2.036ms total 64.975ms
08-06 18:24:13.189 11409 11471 I art     : Starting a blocking GC Explicit
08-06 18:24:13.246 11409 11471 I art     : Explicit concurrent mark sweep GC freed 5640(227KB) AllocSpace objects, 2(36KB) LOS objects, 7% free, 188MB/204MB, paused 1.691ms total 56.011ms
08-06 18:24:13.268 11409 11471 I art     : Starting a blocking GC Explicit
08-06 18:24:13.322 11409 11471 I art     : Explicit concurrent mark sweep GC freed 568(18KB) AllocSpace objects, 0(0B) LOS objects, 7% free, 188MB/204MB, paused 1.801ms total 53.291ms
08-06 18:24:13.344 11409 11471 I art     : Starting a blocking GC Explicit
08-06 18:24:13.398 11409 11471 I art     : Explicit concurrent mark sweep GC freed 300(4KB) AllocSpace objects, 0(0B) LOS objects, 7% free, 188MB/204MB, paused 1.896ms total 54.055ms
08-06 18:24:13.420 11409 11471 I art     : Starting a blocking GC Explicit
08-06 18:24:13.473 11409 11471 I art     : Explicit concurrent mark sweep GC freed 355(5KB) AllocSpace objects, 0(0B) LOS objects, 7% free, 188MB/204MB, paused 1.772ms total 52.619ms
08-06 18:24:13.496 11409 11471 I art     : Starting a blocking GC Explicit
08-06 18:24:13.550 11409 11471 I art     : Explicit concurrent mark sweep GC freed 312(5KB) AllocSpace objects, 0(0B) LOS objects, 7% free, 188MB/204MB, paused 1.747ms total 54.640ms
08-06 18:24:13.975 11409 11422 I art     : Starting a blocking GC Explicit
08-06 18:24:14.031 11409 11422 I art     : Explicit concurrent mark sweep GC freed 3635(125KB) AllocSpace objects, 2(36KB) LOS objects, 7% free, 188MB/204MB, paused 1.798ms total 54.842ms
08-06 18:24:14.053 11409 11422 I art     : Starting a blocking GC Explicit
08-06 18:24:14.108 11409 11422 I art     : Explicit concurrent mark sweep GC freed 388(7KB) AllocSpace objects, 0(0B) LOS objects, 7% free, 188MB/204MB, paused 1.740ms total 54.311ms
08-06 18:24:14.130 11409 11422 I art     : Starting a blocking GC Explicit
08-06 18:24:14.185 11409 11422 I art     : Explicit concurrent mark sweep GC freed 306(4KB) AllocSpace objects, 0(0B) LOS objects, 7% free, 188MB/204MB, paused 1.722ms total 54.429ms
08-06 18:24:14.208 11409 11422 I art     : Starting a blocking GC Explicit
08-06 18:24:14.261 11409 11422 I art     : Explicit concurrent mark sweep GC freed 330(5KB) AllocSpace objects, 0(0B) LOS objects, 7% free, 188MB/204MB, paused 1.647ms total 52.853ms
08-06 18:24:14.283 11409 11422 I art     : Starting a blocking GC Explicit
08-06 18:24:14.338 11409 11422 I art     : Explicit concurrent mark sweep GC freed 353(5KB) AllocSpace objects, 0(0B) LOS objects, 7% free, 188MB/204MB, paused 1.819ms total 54.855ms
08-06 18:24:14.779 11409 11422 I art     : Starting a blocking GC Explicit
08-06 18:24:14.839 11409 11422 I art     : Explicit concurrent mark sweep GC freed 3681(125KB) AllocSpace objects, 2(36KB) LOS objects, 7% free, 188MB/204MB, paused 1.956ms total 59.070ms
08-06 18:24:14.863 11409 11422 I art     : Starting a blocking GC Explicit
08-06 18:24:14.921 11409 11422 I art     : Explicit concurrent mark sweep GC freed 409(7KB) AllocSpace objects, 0(0B) LOS objects, 7% free, 188MB/204MB, paused 1.769ms total 58.128ms
08-06 18:24:14.945 11409 11422 I art     : Starting a blocking GC Explicit
08-06 18:24:15.010 11409 11422 I art     : Explicit concurrent mark sweep GC freed 353(5KB) AllocSpace objects, 0(0B) LOS objects, 7% free, 188MB/204MB, paused 1.808ms total 64.822ms
08-06 18:24:15.034 11409 11422 I art     : Starting a blocking GC Explicit
08-06 18:24:15.092 11409 11422 I art     : Explicit concurrent mark sweep GC freed 354(5KB) AllocSpace objects, 0(0B) LOS objects, 7% free, 188MB/204MB, paused 1.767ms total 57.999ms
08-06 18:24:15.117 11409 11422 I art     : Starting a blocking GC Explicit
08-06 18:24:15.175 11409 11422 I art     : Explicit concurrent mark sweep GC freed 353(5KB) AllocSpace objects, 0(0B) LOS objects, 7% free, 188MB/204MB, paused 1.816ms total 57.964ms
08-06 18:24:15.616 11409 11421 I art     : Starting a blocking GC Explicit
08-06 18:24:15.675 11409 11421 I art     : Explicit concurrent mark sweep GC freed 3681(125KB) AllocSpace objects, 2(36KB) LOS objects, 7% free, 188MB/204MB, paused 1.936ms total 59.175ms
08-06 18:24:15.700 11409 11421 I art     : Starting a blocking GC Explicit
08-06 18:24:15.759 11409 11421 I art     : Explicit concurrent mark sweep GC freed 391(7KB) AllocSpace objects, 0(0B) LOS objects, 7% free, 188MB/204MB, paused 2.050ms total 58.039ms
08-06 18:24:15.783 11409 11421 I art     : Starting a blocking GC Explicit
08-06 18:24:15.843 11409 11421 I art     : Explicit concurrent mark sweep GC freed 394(7KB) AllocSpace objects, 0(0B) LOS objects, 7% free, 188MB/204MB, paused 1.928ms total 59.451ms
08-06 18:24:15.866 11409 11421 I art     : Starting a blocking GC Explicit
08-06 18:24:15.923 11409 11421 I art     : Explicit concurrent mark sweep GC freed 340(5KB) AllocSpace objects, 0(0B) LOS objects, 7% free, 188MB/204MB, paused 1.775ms total 56.512ms
08-06 18:24:15.946 11409 11421 I art     : Starting a blocking GC Explicit
08-06 18:24:16.003 11409 11421 I art     : Explicit concurrent mark sweep GC freed 313(5KB) AllocSpace objects, 0(0B) LOS objects, 7% free, 188MB/204MB, paused 1.826ms total 56.441ms
08-06 18:24:16.474 11409 11421 I art     : Starting a blocking GC Explicit
08-06 18:24:16.529 13402 13402 D AndroidRuntime: >>>>>> START com.android.internal.os.RuntimeInit uid 2000 <<<<<<
08-06 18:24:16.533 11409 11421 I art     : Explicit concurrent mark sweep GC freed 3880(129KB) AllocSpace objects, 2(36KB) LOS objects, 7% free, 188MB/204MB, paused 1.927ms total 59.280ms
08-06 18:24:16.535 13402 13402 D AndroidRuntime: CheckJNI is OFF
08-06 18:24:16.557 11409 11421 I art     : Starting a blocking GC Explicit
08-06 18:24:16.590 13402 13402 D ICU     : No timezone override file found: /data/misc/zoneinfo/current/icu/icu_tzdata.dat
08-06 18:24:16.613 11409 11421 I art     : Explicit concurrent mark sweep GC freed 548(17KB) AllocSpace objects, 0(0B) LOS objects, 7% free, 188MB/204MB, paused 1.747ms total 56.089ms
08-06 18:24:16.636 11409 11421 I art     : Starting a blocking GC Explicit
08-06 18:24:16.639 13402 13402 I Radio-JNI: register_android_hardware_Radio DONE
08-06 18:24:16.673 13402 13402 D AndroidRuntime: Calling main entry com.android.commands.input.Input
08-06 18:24:16.675 13402 13402 I Input   : injectKeyEvent: KeyEvent { action=ACTION_DOWN, keyCode=KEYCODE_BACK, scanCode=0, metaState=0, flags=0x0, repeatCount=0, eventTime=901473088, downTime=901473088, deviceId=-1, source=0x101 }
08-06 18:24:16.682 13402 13402 I Input   : injectKeyEvent: KeyEvent { action=ACTION_UP, keyCode=KEYCODE_BACK, scanCode=0, metaState=0, flags=0x0, repeatCount=0, eventTime=901473088, downTime=901473088, deviceId=-1, source=0x101 }
08-06 18:24:16.694 11409 11421 I art     : Explicit concurrent mark sweep GC freed 365(6KB) AllocSpace objects, 0(0B) LOS objects, 7% free, 188MB/204MB, paused 1.777ms total 56.907ms
08-06 18:24:16.694 11409 11420 I art     : WaitForGcToComplete blocked for 52.519ms for cause HeapTrim
08-06 18:24:16.700 13402 13402 D AndroidRuntime: Shutting down VM
08-06 18:24:16.717 11409 11421 I art     : Starting a blocking GC Explicit
08-06 18:24:16.724 11409 11409 V MainActivity: url = https://project-travel-mate.herokuapp.com/api/number-of-unread-notifications
08-06 18:24:16.775 11409 11421 I art     : Explicit concurrent mark sweep GC freed 481(15KB) AllocSpace objects, 0(0B) LOS objects, 7% free, 188MB/204MB, paused 1.821ms total 58.090ms
08-06 18:24:16.798 13866 13866 I GoogleInputMethodServic: GoogleInputMethodService.onFinishInput():3138 
08-06 18:24:16.802 11409 11421 I art     : Starting a blocking GC Explicit
08-06 18:24:16.802 13866 13866 I GoogleInputMethodServic: GoogleInputMethodService.onStartInput():1808 
08-06 18:24:16.861 11409 11421 I art     : Explicit concurrent mark sweep GC freed 330(10KB) AllocSpace objects, 0(0B) LOS objects, 7% free, 188MB/204MB, paused 1.929ms total 58.775ms
08-06 18:24:17.081   380   380 W SurfaceFlinger: couldn't log to binary event log: overflow.
08-06 18:24:17.201  8071  8071 I ServiceManager: Waiting for service AtCmdFwd...
08-06 18:24:17.324 11409 11470 I art     : Starting a blocking GC Explicit
08-06 18:24:17.413 11409 11470 I art     : Explicit concurrent mark sweep GC freed 1803(99KB) AllocSpace objects, 3(4MB) LOS objects, 7% free, 184MB/200MB, paused 2.374ms total 87.265ms
08-06 18:24:17.442 11409 11470 I art     : Starting a blocking GC Explicit
08-06 18:24:17.503 11409 11470 I art     : Explicit concurrent mark sweep GC freed 3773(179KB) AllocSpace objects, 2(56KB) LOS objects, 7% free, 184MB/200MB, paused 1.886ms total 60.486ms
08-06 18:24:17.529 11409 11470 I art     : Starting a blocking GC Explicit
08-06 18:24:17.599 11409 11470 I art     : Explicit concurrent mark sweep GC freed 2571(132KB) AllocSpace objects, 3(200KB) LOS objects, 7% free, 184MB/200MB, paused 2.537ms total 69.544ms
08-06 18:24:17.624 11409 13426 I NAPPA_EXPERIMENTATION: MetricNetworkRequestExecutionTime: REQUEST_DURATION_SYSTEM='899',REQUEST_DURATION_OKHTTP='35',REQUEST_SYNCHRONOUS='FALSE',RESPONSE_CODE='200',RESPONSE_METHOD='GET',RESPONSE_LENGTH_OKHTTP='36',RESPONSE_LENGTH_HEADER='36',REQUEST_PROTOCOL='http/1.1',REQUEST_URL='https://project-travel-mate.herokuapp.com/api/number-of-unread-notifications',
08-06 18:24:17.624 11409 11470 I art     : Starting a blocking GC Explicit
08-06 18:24:17.699 11409 11470 I art     : Explicit concurrent mark sweep GC freed 1073(127KB) AllocSpace objects, 0(0B) LOS objects, 7% free, 184MB/200MB, paused 2.237ms total 74.007ms
08-06 18:24:17.725 11409 11470 I art     : Starting a blocking GC Explicit
08-06 18:24:17.793 11409 11470 I art     : Explicit concurrent mark sweep GC freed 103(4KB) AllocSpace objects, 0(0B) LOS objects, 7% free, 184MB/200MB, paused 1.906ms total 66.867ms
08-06 18:24:18.202  8071  8071 I ServiceManager: Waiting for service AtCmdFwd...
08-06 18:24:18.244 11409 11471 I art     : Starting a blocking GC Explicit
08-06 18:24:18.313 11409 11471 I art     : Explicit concurrent mark sweep GC freed 1613(92KB) AllocSpace objects, 2(36KB) LOS objects, 7% free, 184MB/200MB, paused 2.024ms total 67.847ms
08-06 18:24:18.338 11409 11471 I art     : Starting a blocking GC Explicit
08-06 18:24:18.402 11409 11471 I art     : Explicit concurrent mark sweep GC freed 28(1024B) AllocSpace objects, 0(0B) LOS objects, 7% free, 184MB/200MB, paused 1.969ms total 63.742ms
08-06 18:24:18.428 11409 11471 I art     : Starting a blocking GC Explicit
08-06 18:24:18.493 11409 11471 I art     : Explicit concurrent mark sweep GC freed 3(96B) AllocSpace objects, 0(0B) LOS objects, 7% free, 184MB/200MB, paused 1.919ms total 64.123ms
08-06 18:24:18.518 11409 11471 I art     : Starting a blocking GC Explicit
08-06 18:24:18.582 11409 11471 I art     : Explicit concurrent mark sweep GC freed 3(96B) AllocSpace objects, 0(0B) LOS objects, 7% free, 184MB/200MB, paused 1.944ms total 63.406ms
08-06 18:24:18.608 11409 11471 I art     : Starting a blocking GC Explicit
08-06 18:24:18.624 13439 13439 D AndroidRuntime: >>>>>> START com.android.internal.os.RuntimeInit uid 2000 <<<<<<
08-06 18:24:18.630 13439 13439 D AndroidRuntime: CheckJNI is OFF
08-06 18:24:18.671 11409 11471 I art     : Explicit concurrent mark sweep GC freed 3(96B) AllocSpace objects, 0(0B) LOS objects, 7% free, 184MB/200MB, paused 1.978ms total 63.027ms
08-06 18:24:18.685 13439 13439 D ICU     : No timezone override file found: /data/misc/zoneinfo/current/icu/icu_tzdata.dat
08-06 18:24:18.736 13439 13439 I Radio-JNI: register_android_hardware_Radio DONE
08-06 18:24:18.770 13439 13439 D AndroidRuntime: Calling main entry com.android.commands.input.Input
08-06 18:24:18.773 13439 13439 I Input   : injectMotionEvent: MotionEvent { action=ACTION_DOWN, actionButton=0, id[0]=0, x[0]=117.0, y[0]=170.0, toolType[0]=TOOL_TYPE_UNKNOWN, buttonState=0, metaState=0, flags=0x0, edgeFlags=0x0, pointerCount=1, historySize=0, eventTime=901475185, downTime=901475185, deviceId=0, source=0x1002 }
08-06 18:24:18.779 13439 13439 I Input   : injectMotionEvent: MotionEvent { action=ACTION_UP, actionButton=0, id[0]=0, x[0]=117.0, y[0]=170.0, toolType[0]=TOOL_TYPE_UNKNOWN, buttonState=0, metaState=0, flags=0x0, edgeFlags=0x0, pointerCount=1, historySize=0, eventTime=901475185, downTime=901475185, deviceId=0, source=0x1002 }
08-06 18:24:18.782 13439 13439 D AndroidRuntime: Shutting down VM
08-06 18:24:18.786   512  2967 D audio_hw_primary: out_set_parameters: enter: usecase(1: low-latency-playback) kvpairs: routing=2
08-06 18:24:18.799   512  2967 D audio_hw_primary: select_devices: out_snd_device(2: speaker) in_snd_device(0: none)
08-06 18:24:18.800   512  2967 D msm8974_platform: platform_send_audio_calibration: sending audio calibration for snd_device(2) acdb_id(15)
08-06 18:24:18.800   512  2967 I soundtrigger: audio_extn_sound_trigger_update_device_status: device 0x2 of type 0 for Event 1
08-06 18:24:18.811   512  2967 D audio_hw_primary: enable_snd_device: snd_device(2: speaker)
08-06 18:24:18.814   512  2967 D audio_hw_primary: enable_audio_route: apply and update mixer path: low-latency-playback speaker
08-06 18:24:19.161 11409 11471 I art     : Starting a blocking GC Explicit
08-06 18:24:19.203  8071  8071 I ServiceManager: Waiting for service AtCmdFwd...
08-06 18:24:19.235 11409 11471 I art     : Explicit concurrent mark sweep GC freed 2102(117KB) AllocSpace objects, 2(36KB) LOS objects, 7% free, 184MB/200MB, paused 1.983ms total 72.901ms
08-06 18:24:19.261 11409 11471 I art     : Starting a blocking GC Explicit
08-06 18:24:19.322 11409 11471 I art     : Explicit concurrent mark sweep GC freed 72(2832B) AllocSpace objects, 0(0B) LOS objects, 7% free, 184MB/200MB, paused 1.832ms total 61.090ms
08-06 18:24:19.347 11409 11471 I art     : Starting a blocking GC Explicit
08-06 18:24:19.349   512  2967 D audio_hw_primary: disable_audio_route: reset and update mixer path: low-latency-playback speaker
08-06 18:24:19.352   512  2967 D audio_hw_primary: disable_snd_device: snd_device(2: speaker)
08-06 18:24:19.360   512  2967 I soundtrigger: audio_extn_sound_trigger_update_device_status: device 0x2 of type 0 for Event 0
08-06 18:24:19.408 11409 11471 I art     : Explicit concurrent mark sweep GC freed 3(96B) AllocSpace objects, 0(0B) LOS objects, 7% free, 184MB/200MB, paused 2.099ms total 60.610ms
08-06 18:24:19.433 11409 11471 I art     : Starting a blocking GC Explicit
08-06 18:24:19.495 11409 11471 I art     : Explicit concurrent mark sweep GC freed 3(96B) AllocSpace objects, 0(0B) LOS objects, 7% free, 184MB/200MB, paused 1.844ms total 61.497ms
08-06 18:24:19.520 11409 11471 I art     : Starting a blocking GC Explicit
08-06 18:24:19.584 11409 11471 I art     : Explicit concurrent mark sweep GC freed 11(560B) AllocSpace objects, 0(0B) LOS objects, 7% free, 184MB/200MB, paused 1.973ms total 63.945ms
08-06 18:24:19.739 13472 13472 D AndroidRuntime: >>>>>> START com.android.internal.os.RuntimeInit uid 2000 <<<<<<
08-06 18:24:19.746 13472 13472 D AndroidRuntime: CheckJNI is OFF
08-06 18:24:19.812 13472 13472 D ICU     : No timezone override file found: /data/misc/zoneinfo/current/icu/icu_tzdata.dat
08-06 18:24:19.861 13472 13472 I Radio-JNI: register_android_hardware_Radio DONE
08-06 18:24:19.894 13472 13472 D AndroidRuntime: Calling main entry com.android.commands.input.Input
08-06 18:24:19.897 13472 13472 I Input   : injectMotionEvent: MotionEvent { action=ACTION_DOWN, actionButton=0, id[0]=0, x[0]=418.0, y[0]=842.0, toolType[0]=TOOL_TYPE_UNKNOWN, buttonState=0, metaState=0, flags=0x0, edgeFlags=0x0, pointerCount=1, historySize=0, eventTime=901476309, downTime=901476309, deviceId=0, source=0x1002 }
08-06 18:24:19.903 13472 13472 I Input   : injectMotionEvent: MotionEvent { action=ACTION_UP, actionButton=0, id[0]=0, x[0]=418.0, y[0]=842.0, toolType[0]=TOOL_TYPE_UNKNOWN, buttonState=0, metaState=0, flags=0x0, edgeFlags=0x0, pointerCount=1, historySize=0, eventTime=901476309, downTime=901476309, deviceId=0, source=0x1002 }
08-06 18:24:19.905 13472 13472 D AndroidRuntime: Shutting down VM
08-06 18:24:19.922   512  2967 D audio_hw_primary: out_set_parameters: enter: usecase(1: low-latency-playback) kvpairs: routing=2
08-06 18:24:19.933 11409 11492 D Gabe    : call	returning from cache
08-06 18:24:19.935   512  2967 D audio_hw_primary: select_devices: out_snd_device(2: speaker) in_snd_device(0: none)
08-06 18:24:19.935   512  2967 D msm8974_platform: platform_send_audio_calibration: sending audio calibration for snd_device(2) acdb_id(15)
08-06 18:24:19.936   512  2967 I soundtrigger: audio_extn_sound_trigger_update_device_status: device 0x2 of type 0 for Event 1
08-06 18:24:19.945   512  2967 D audio_hw_primary: enable_snd_device: snd_device(2: speaker)
08-06 18:24:19.948   512  2967 D audio_hw_primary: enable_audio_route: apply and update mixer path: low-latency-playback speaker
08-06 18:24:19.971 11409 11409 V MainActivity: url = https://project-travel-mate.herokuapp.com/api/number-of-unread-notifications
08-06 18:24:19.992   512  2967 D AudioFlinger: mixer(0xf4740000) throttle end: throttle time(12)
08-06 18:24:20.059 11409 11470 I art     : Starting a blocking GC Explicit
08-06 18:24:20.131 11409 11470 I art     : Explicit concurrent mark sweep GC freed 3028(178KB) AllocSpace objects, 2(36KB) LOS objects, 7% free, 184MB/200MB, paused 2.752ms total 70.920ms
08-06 18:24:20.158 11409 11470 I art     : Starting a blocking GC Explicit
08-06 18:24:20.204  8071  8071 I ServiceManager: Waiting for service AtCmdFwd...
08-06 18:24:20.226 11409 11470 I art     : Explicit concurrent mark sweep GC freed 860(46KB) AllocSpace objects, 0(0B) LOS objects, 7% free, 184MB/200MB, paused 2.651ms total 67.633ms
08-06 18:24:20.252 11409 11470 I art     : Starting a blocking GC Explicit
08-06 18:24:20.325 11409 11470 I art     : Explicit concurrent mark sweep GC freed 301(20KB) AllocSpace objects, 0(0B) LOS objects, 7% free, 184MB/200MB, paused 2.852ms total 72.641ms
08-06 18:24:20.351 11409 11470 I art     : Starting a blocking GC Explicit
08-06 18:24:20.424 11409 11470 I art     : Explicit concurrent mark sweep GC freed 286(21KB) AllocSpace objects, 0(0B) LOS objects, 7% free, 185MB/201MB, paused 2.542ms total 71.849ms
08-06 18:24:20.449 11409 11470 I art     : Starting a blocking GC Explicit
08-06 18:24:20.499   512  2967 D audio_hw_primary: disable_audio_route: reset and update mixer path: low-latency-playback speaker
08-06 18:24:20.500   512  2967 D audio_hw_primary: disable_snd_device: snd_device(2: speaker)
08-06 18:24:20.508   512  2967 I soundtrigger: audio_extn_sound_trigger_update_device_status: device 0x2 of type 0 for Event 0
08-06 18:24:20.518 11409 11470 I art     : Explicit concurrent mark sweep GC freed 250(18KB) AllocSpace objects, 0(0B) LOS objects, 7% free, 185MB/201MB, paused 2.428ms total 69.133ms
08-06 18:24:20.682 11409 11409 I Choreographer: Skipped 41 frames!  The application may be doing too much work on its main thread.
08-06 18:24:20.792 11409 13507 I NAPPA_EXPERIMENTATION: MetricNetworkRequestExecutionTime: REQUEST_DURATION_SYSTEM='818',REQUEST_DURATION_OKHTTP='32',REQUEST_SYNCHRONOUS='FALSE',RESPONSE_CODE='200',RESPONSE_METHOD='GET',RESPONSE_LENGTH_OKHTTP='36',RESPONSE_LENGTH_HEADER='36',REQUEST_PROTOCOL='http/1.1',REQUEST_URL='https://project-travel-mate.herokuapp.com/api/number-of-unread-notifications',
08-06 18:24:20.979 11409 11470 I art     : Starting a blocking GC Explicit
08-06 18:24:21.053 11409 11470 I art     : Explicit concurrent mark sweep GC freed 8063(393KB) AllocSpace objects, 14(500KB) LOS objects, 7% free, 185MB/201MB, paused 2.051ms total 73.877ms
08-06 18:24:21.081 11409 11470 I art     : Starting a blocking GC Explicit
08-06 18:24:21.153 11409 11470 I art     : Explicit concurrent mark sweep GC freed 2055(172KB) AllocSpace objects, 0(0B) LOS objects, 7% free, 185MB/201MB, paused 2.124ms total 71.473ms
08-06 18:24:21.180 11409 11470 I art     : Starting a blocking GC Explicit
08-06 18:24:21.204  8071  8071 I ServiceManager: Waiting for service AtCmdFwd...
08-06 18:24:21.254 11409 11470 I art     : Explicit concurrent mark sweep GC freed 158(3KB) AllocSpace objects, 0(0B) LOS objects, 7% free, 185MB/201MB, paused 1.980ms total 73.555ms
08-06 18:24:21.283 11409 11470 I art     : Starting a blocking GC Explicit
08-06 18:24:21.355 11409 11470 I art     : Explicit concurrent mark sweep GC freed 147(2496B) AllocSpace objects, 0(0B) LOS objects, 7% free, 185MB/201MB, paused 2.149ms total 72.290ms
08-06 18:24:21.383 11409 11470 I art     : Starting a blocking GC Explicit
08-06 18:24:21.455 11409 11470 I art     : Explicit concurrent mark sweep GC freed 147(2496B) AllocSpace objects, 0(0B) LOS objects, 7% free, 185MB/201MB, paused 2.100ms total 71.841ms
08-06 18:24:21.917 11409 11422 I art     : Starting a blocking GC Explicit
08-06 18:24:21.992 11409 11422 I art     : Explicit concurrent mark sweep GC freed 2452(107KB) AllocSpace objects, 2(52KB) LOS objects, 7% free, 185MB/201MB, paused 2.071ms total 74.353ms
08-06 18:24:22.020 11409 11422 I art     : Starting a blocking GC Explicit
08-06 18:24:22.093 11409 11422 I art     : Explicit concurrent mark sweep GC freed 190(4KB) AllocSpace objects, 0(0B) LOS objects, 7% free, 185MB/201MB, paused 2.048ms total 72.520ms
08-06 18:24:22.120 11409 11422 I art     : Starting a blocking GC Explicit
08-06 18:24:22.191 11409 11422 I art     : Explicit concurrent mark sweep GC freed 147(2496B) AllocSpace objects, 0(0B) LOS objects, 7% free, 185MB/201MB, paused 2.010ms total 70.569ms
08-06 18:24:22.205  8071  8071 W Atfwd_Sendcmd: AtCmdFwd service not published, waiting... retryCnt : 1
08-06 18:24:22.218 11409 11422 I art     : Starting a blocking GC Explicit
08-06 18:24:22.288 11409 11422 I art     : Explicit concurrent mark sweep GC freed 122(2064B) AllocSpace objects, 0(0B) LOS objects, 7% free, 185MB/201MB, paused 2.123ms total 69.011ms
08-06 18:24:22.314 11409 11422 I art     : Starting a blocking GC Explicit
08-06 18:24:22.385 11409 11422 I art     : Explicit concurrent mark sweep GC freed 148(2528B) AllocSpace objects, 0(0B) LOS objects, 7% free, 185MB/201MB, paused 1.924ms total 69.971ms
08-06 18:24:22.819 13529 13529 D AndroidRuntime: >>>>>> START com.android.internal.os.RuntimeInit uid 2000 <<<<<<
08-06 18:24:22.825 13529 13529 D AndroidRuntime: CheckJNI is OFF
08-06 18:24:22.847 11409 11471 I art     : Starting a blocking GC Explicit
08-06 18:24:22.883 13529 13529 D ICU     : No timezone override file found: /data/misc/zoneinfo/current/icu/icu_tzdata.dat
08-06 18:24:22.918 11409 11471 I art     : Explicit concurrent mark sweep GC freed 2397(106KB) AllocSpace objects, 2(52KB) LOS objects, 7% free, 185MB/201MB, paused 2.011ms total 70.903ms
08-06 18:24:22.933 13529 13529 I Radio-JNI: register_android_hardware_Radio DONE
08-06 18:24:22.945 11409 11471 I art     : Starting a blocking GC Explicit
08-06 18:24:22.967 13529 13529 D AndroidRuntime: Calling main entry com.android.commands.input.Input
08-06 18:24:22.969 13529 13529 I Input   : injectMotionEvent: MotionEvent { action=ACTION_DOWN, actionButton=0, id[0]=0, x[0]=117.0, y[0]=170.0, toolType[0]=TOOL_TYPE_UNKNOWN, buttonState=0, metaState=0, flags=0x0, edgeFlags=0x0, pointerCount=1, historySize=0, eventTime=901479382, downTime=901479382, deviceId=0, source=0x1002 }
08-06 18:24:22.975 13529 13529 I Input   : injectMotionEvent: MotionEvent { action=ACTION_UP, actionButton=0, id[0]=0, x[0]=117.0, y[0]=170.0, toolType[0]=TOOL_TYPE_UNKNOWN, buttonState=0, metaState=0, flags=0x0, edgeFlags=0x0, pointerCount=1, historySize=0, eventTime=901479382, downTime=901479382, deviceId=0, source=0x1002 }
08-06 18:24:22.977 13529 13529 D AndroidRuntime: Shutting down VM
08-06 18:24:22.992   512  2967 D audio_hw_primary: out_set_parameters: enter: usecase(1: low-latency-playback) kvpairs: routing=2
08-06 18:24:23.005   512  2967 D audio_hw_primary: select_devices: out_snd_device(2: speaker) in_snd_device(0: none)
08-06 18:24:23.005   512  2967 D msm8974_platform: platform_send_audio_calibration: sending audio calibration for snd_device(2) acdb_id(15)
08-06 18:24:23.005   512  2967 I soundtrigger: audio_extn_sound_trigger_update_device_status: device 0x2 of type 0 for Event 1
08-06 18:24:23.017   512  2967 D audio_hw_primary: enable_snd_device: snd_device(2: speaker)
08-06 18:24:23.019   512  2967 D audio_hw_primary: enable_audio_route: apply and update mixer path: low-latency-playback speaker
08-06 18:24:23.019 11409 11471 I art     : Explicit concurrent mark sweep GC freed 211(4KB) AllocSpace objects, 0(0B) LOS objects, 7% free, 185MB/201MB, paused 2.401ms total 74.395ms
08-06 18:24:23.045 11409 11471 I art     : Starting a blocking GC Explicit
08-06 18:24:23.116 11409 11471 I art     : Explicit concurrent mark sweep GC freed 570(23KB) AllocSpace objects, 0(0B) LOS objects, 7% free, 185MB/201MB, paused 1.993ms total 70.679ms
08-06 18:24:23.145 11409 11471 I art     : Starting a blocking GC Explicit
08-06 18:24:23.214 11409 11471 I art     : Explicit concurrent mark sweep GC freed 174(3KB) AllocSpace objects, 0(0B) LOS objects, 7% free, 185MB/201MB, paused 2.072ms total 69.511ms
08-06 18:24:23.242 11409 11471 I art     : Starting a blocking GC Explicit
08-06 18:24:23.327 11409 11471 I art     : Explicit concurrent mark sweep GC freed 174(2992B) AllocSpace objects, 0(0B) LOS objects, 7% free, 185MB/201MB, paused 1.990ms total 85.283ms
08-06 18:24:23.558   512  2967 D audio_hw_primary: disable_audio_route: reset and update mixer path: low-latency-playback speaker
08-06 18:24:23.560   512  2967 D audio_hw_primary: disable_snd_device: snd_device(2: speaker)
08-06 18:24:23.570   512  2967 I soundtrigger: audio_extn_sound_trigger_update_device_status: device 0x2 of type 0 for Event 0
08-06 18:24:23.791 11409 11422 I art     : Starting a blocking GC Explicit
08-06 18:24:23.869 11409 11422 I art     : Explicit concurrent mark sweep GC freed 2404(106KB) AllocSpace objects, 2(52KB) LOS objects, 7% free, 185MB/201MB, paused 1.953ms total 77.050ms
08-06 18:24:23.895 11409 11422 I art     : Starting a blocking GC Explicit
08-06 18:24:23.921 13553 13553 D AndroidRuntime: >>>>>> START com.android.internal.os.RuntimeInit uid 2000 <<<<<<
08-06 18:24:23.928 13553 13553 D AndroidRuntime: CheckJNI is OFF
08-06 18:24:23.964 11409 11422 I art     : Explicit concurrent mark sweep GC freed 190(3KB) AllocSpace objects, 0(0B) LOS objects, 7% free, 185MB/201MB, paused 2.021ms total 69.022ms
08-06 18:24:23.989 13553 13553 D ICU     : No timezone override file found: /data/misc/zoneinfo/current/icu/icu_tzdata.dat
08-06 18:24:23.990 11409 11422 I art     : Starting a blocking GC Explicit
08-06 18:24:24.035 13553 13553 I Radio-JNI: register_android_hardware_Radio DONE
08-06 18:24:24.059 11409 11422 I art     : Explicit concurrent mark sweep GC freed 147(2496B) AllocSpace objects, 0(0B) LOS objects, 7% free, 185MB/201MB, paused 2.109ms total 69.015ms
08-06 18:24:24.070 13553 13553 D AndroidRuntime: Calling main entry com.android.commands.input.Input
08-06 18:24:24.073 13553 13553 I Input   : injectMotionEvent: MotionEvent { action=ACTION_DOWN, actionButton=0, id[0]=0, x[0]=355.0, y[0]=1674.0, toolType[0]=TOOL_TYPE_UNKNOWN, buttonState=0, metaState=0, flags=0x0, edgeFlags=0x0, pointerCount=1, historySize=0, eventTime=901480485, downTime=901480485, deviceId=0, source=0x1002 }
08-06 18:24:24.079 13553 13553 I Input   : injectMotionEvent: MotionEvent { action=ACTION_UP, actionButton=0, id[0]=0, x[0]=355.0, y[0]=1674.0, toolType[0]=TOOL_TYPE_UNKNOWN, buttonState=0, metaState=0, flags=0x0, edgeFlags=0x0, pointerCount=1, historySize=0, eventTime=901480485, downTime=901480485, deviceId=0, source=0x1002 }
08-06 18:24:24.081 13553 13553 D AndroidRuntime: Shutting down VM
08-06 18:24:24.086 11409 11422 I art     : Starting a blocking GC Explicit
08-06 18:24:24.093   512  2967 D audio_hw_primary: out_set_parameters: enter: usecase(1: low-latency-playback) kvpairs: routing=2
08-06 18:24:24.104 11409 11409 V MainActivity: url = https://project-travel-mate.herokuapp.com/api/number-of-unread-notifications
08-06 18:24:24.107   512  2967 D audio_hw_primary: select_devices: out_snd_device(2: speaker) in_snd_device(0: none)
08-06 18:24:24.107   512  2967 D msm8974_platform: platform_send_audio_calibration: sending audio calibration for snd_device(2) acdb_id(15)
08-06 18:24:24.107   512  2967 I soundtrigger: audio_extn_sound_trigger_update_device_status: device 0x2 of type 0 for Event 1
08-06 18:24:24.117   512  2967 D audio_hw_primary: enable_snd_device: snd_device(2: speaker)
08-06 18:24:24.119   512  2967 D audio_hw_primary: enable_audio_route: apply and update mixer path: low-latency-playback speaker
08-06 18:24:24.154 11409 11422 I art     : Explicit concurrent mark sweep GC freed 1242(47KB) AllocSpace objects, 0(0B) LOS objects, 7% free, 185MB/201MB, paused 2.684ms total 68.165ms
08-06 18:24:24.159   512  2967 D AudioFlinger: mixer(0xf4740000) throttle end: throttle time(12)
08-06 18:24:24.179 11409 11422 I art     : Starting a blocking GC Explicit
08-06 18:24:24.247 11409 11422 I art     : Explicit concurrent mark sweep GC freed 2514(181KB) AllocSpace objects, 0(0B) LOS objects, 7% free, 185MB/201MB, paused 1.867ms total 67.309ms
08-06 18:24:24.649   512  2967 D audio_hw_primary: disable_audio_route: reset and update mixer path: low-latency-playback speaker
08-06 18:24:24.650   512  2967 D audio_hw_primary: disable_snd_device: snd_device(2: speaker)
08-06 18:24:24.658   512  2967 I soundtrigger: audio_extn_sound_trigger_update_device_status: device 0x2 of type 0 for Event 0
08-06 18:24:24.713 11409 11422 I art     : Starting a blocking GC Explicit
08-06 18:24:24.802 11409 11422 I art     : Explicit concurrent mark sweep GC freed 2462(143KB) AllocSpace objects, 11(300KB) LOS objects, 7% free, 185MB/201MB, paused 2.600ms total 88.407ms
08-06 18:24:24.830 11409 11422 I art     : Starting a blocking GC Explicit
08-06 18:24:24.905 11409 11422 I art     : Explicit concurrent mark sweep GC freed 93(3KB) AllocSpace objects, 0(0B) LOS objects, 7% free, 185MB/201MB, paused 2.602ms total 74.362ms
08-06 18:24:24.937 11409 11422 I art     : Starting a blocking GC Explicit
08-06 18:24:24.973   918  3261 D WifiStateMachine: starting scan for "H369AA63323"WPA_PSK with 2412,5180
08-06 18:24:25.012 11409 11422 I art     : Explicit concurrent mark sweep GC freed 2564(131KB) AllocSpace objects, 2(120KB) LOS objects, 7% free, 185MB/201MB, paused 2.232ms total 74.403ms
08-06 18:24:25.024 11409 13575 I NAPPA_EXPERIMENTATION: MetricNetworkRequestExecutionTime: REQUEST_DURATION_SYSTEM='919',REQUEST_DURATION_OKHTTP='52',REQUEST_SYNCHRONOUS='FALSE',RESPONSE_CODE='200',RESPONSE_METHOD='GET',RESPONSE_LENGTH_OKHTTP='36',RESPONSE_LENGTH_HEADER='36',REQUEST_PROTOCOL='http/1.1',REQUEST_URL='https://project-travel-mate.herokuapp.com/api/number-of-unread-notifications',
08-06 18:24:25.039 11409 11422 I art     : Starting a blocking GC Explicit
08-06 18:24:25.113 11409 11422 I art     : Explicit concurrent mark sweep GC freed 1081(128KB) AllocSpace objects, 1(80KB) LOS objects, 7% free, 185MB/201MB, paused 1.942ms total 73.971ms
08-06 18:24:25.145 11409 11422 I art     : Starting a blocking GC Explicit
08-06 18:24:25.225 11409 11422 I art     : Explicit concurrent mark sweep GC freed 98(4KB) AllocSpace objects, 0(0B) LOS objects, 7% free, 185MB/201MB, paused 2.214ms total 79.760ms
08-06 18:24:25.718 11409 11421 I art     : Starting a blocking GC Explicit
08-06 18:24:25.815 11409 11421 I art     : Explicit concurrent mark sweep GC freed 1611(93KB) AllocSpace objects, 2(48KB) LOS objects, 7% free, 185MB/201MB, paused 2.468ms total 96.908ms
08-06 18:24:25.844 11409 11421 I art     : Starting a blocking GC Explicit
08-06 18:24:25.920 11409 11421 I art     : Explicit concurrent mark sweep GC freed 81(2784B) AllocSpace objects, 0(0B) LOS objects, 7% free, 185MB/201MB, paused 2.540ms total 75.694ms
08-06 18:24:25.950 11409 11421 I art     : Starting a blocking GC Explicit
08-06 18:24:26.023 11409 11421 I art     : Explicit concurrent mark sweep GC freed 8(256B) AllocSpace objects, 0(0B) LOS objects, 7% free, 185MB/201MB, paused 1.907ms total 72.500ms
08-06 18:24:26.050 11409 11421 I art     : Starting a blocking GC Explicit
08-06 18:24:26.122 11409 11421 I art     : Explicit concurrent mark sweep GC freed 3(96B) AllocSpace objects, 0(0B) LOS objects, 7% free, 185MB/201MB, paused 1.964ms total 72.032ms
08-06 18:24:26.153 11409 11421 I art     : Starting a blocking GC Explicit
08-06 18:24:26.227 11409 11421 I art     : Explicit concurrent mark sweep GC freed 3(96B) AllocSpace objects, 0(0B) LOS objects, 7% free, 185MB/201MB, paused 1.903ms total 73.183ms
08-06 18:24:26.706 11409 11470 I art     : Starting a blocking GC Explicit
08-06 18:24:26.789 11409 11470 I art     : Explicit concurrent mark sweep GC freed 1586(92KB) AllocSpace objects, 2(48KB) LOS objects, 7% free, 185MB/201MB, paused 2.090ms total 82.490ms
08-06 18:24:26.816 11409 11470 I art     : Starting a blocking GC Explicit
08-06 18:24:26.887 11409 11470 I art     : Explicit concurrent mark sweep GC freed 59(1856B) AllocSpace objects, 0(0B) LOS objects, 7% free, 185MB/201MB, paused 1.992ms total 70.514ms
08-06 18:24:26.914 11409 11470 I art     : Starting a blocking GC Explicit
08-06 18:24:26.985 11409 11470 I art     : Explicit concurrent mark sweep GC freed 3(96B) AllocSpace objects, 0(0B) LOS objects, 7% free, 185MB/201MB, paused 2.049ms total 70.477ms
08-06 18:24:27.012 11409 11470 I art     : Starting a blocking GC Explicit
08-06 18:24:27.029 13599 13599 D AndroidRuntime: >>>>>> START com.android.internal.os.RuntimeInit uid 2000 <<<<<<
08-06 18:24:27.036 13599 13599 D AndroidRuntime: CheckJNI is OFF
08-06 18:24:27.082 11409 11470 I art     : Explicit concurrent mark sweep GC freed 3(96B) AllocSpace objects, 0(0B) LOS objects, 7% free, 185MB/201MB, paused 1.964ms total 69.562ms
08-06 18:24:27.082 11409 11420 I art     : WaitForGcToComplete blocked for 70.086ms for cause HeapTrim
08-06 18:24:27.093 13599 13599 D ICU     : No timezone override file found: /data/misc/zoneinfo/current/icu/icu_tzdata.dat
08-06 18:24:27.109 11409 11470 I art     : Starting a blocking GC Explicit
08-06 18:24:27.140 13599 13599 I Radio-JNI: register_android_hardware_Radio DONE
08-06 18:24:27.173 13599 13599 D AndroidRuntime: Calling main entry com.android.commands.input.Input
08-06 18:24:27.176 13599 13599 I Input   : injectMotionEvent: MotionEvent { action=ACTION_DOWN, actionButton=0, id[0]=0, x[0]=747.0, y[0]=608.0, toolType[0]=TOOL_TYPE_UNKNOWN, buttonState=0, metaState=0, flags=0x0, edgeFlags=0x0, pointerCount=1, historySize=0, eventTime=901483588, downTime=901483588, deviceId=0, source=0x1002 }
08-06 18:24:27.179 11409 11470 I art     : Explicit concurrent mark sweep GC freed 3(96B) AllocSpace objects, 0(0B) LOS objects, 7% free, 185MB/201MB, paused 2.062ms total 69.688ms
08-06 18:24:27.181 13599 13599 I Input   : injectMotionEvent: MotionEvent { action=ACTION_UP, actionButton=0, id[0]=0, x[0]=747.0, y[0]=608.0, toolType[0]=TOOL_TYPE_UNKNOWN, buttonState=0, metaState=0, flags=0x0, edgeFlags=0x0, pointerCount=1, historySize=0, eventTime=901483588, downTime=901483588, deviceId=0, source=0x1002 }
08-06 18:24:27.184 13599 13599 D AndroidRuntime: Shutting down VM
08-06 18:24:27.185   918   928 I ActivityManager: START u0 {cmp=baseline.io.github.project_travel_mate/.utilities.ChecklistActivity} from uid 10696 on display 0
08-06 18:24:27.185   512  2967 D audio_hw_primary: out_set_parameters: enter: usecase(1: low-latency-playback) kvpairs: routing=2
08-06 18:24:27.199   512  2967 D audio_hw_primary: select_devices: out_snd_device(2: speaker) in_snd_device(0: none)
08-06 18:24:27.199   512  2967 D msm8974_platform: platform_send_audio_calibration: sending audio calibration for snd_device(2) acdb_id(15)
08-06 18:24:27.199   512  2967 I soundtrigger: audio_extn_sound_trigger_update_device_status: device 0x2 of type 0 for Event 1
08-06 18:24:27.205  8071  8071 I ServiceManager: Waiting for service AtCmdFwd...
08-06 18:24:27.215   512  2967 D audio_hw_primary: enable_snd_device: snd_device(2: speaker)
08-06 18:24:27.219   512  2967 D audio_hw_primary: enable_audio_route: apply and update mixer path: low-latency-playback speaker
08-06 18:24:27.311   918   936 I ActivityManager: Displayed baseline.io.github.project_travel_mate/.utilities.ChecklistActivity: +116ms
08-06 18:24:27.311 13866 13866 I GoogleInputMethodServic: GoogleInputMethodService.onFinishInput():3138 
08-06 18:24:27.316 13866 13866 I GoogleInputMethodServic: GoogleInputMethodService.onStartInput():1808 
08-06 18:24:27.560   380   380 W SurfaceFlinger: couldn't log to binary event log: overflow.
08-06 18:24:27.693 11409 11470 I art     : Starting a blocking GC Explicit
08-06 18:24:27.769   512  2967 D audio_hw_primary: disable_audio_route: reset and update mixer path: low-latency-playback speaker
08-06 18:24:27.770 11409 11470 I art     : Explicit concurrent mark sweep GC freed 2549(148KB) AllocSpace objects, 2(48KB) LOS objects, 7% free, 185MB/201MB, paused 2.287ms total 76.357ms
08-06 18:24:27.773   512  2967 D audio_hw_primary: disable_snd_device: snd_device(2: speaker)
08-06 18:24:27.781   512  2967 I soundtrigger: audio_extn_sound_trigger_update_device_status: device 0x2 of type 0 for Event 0
08-06 18:24:27.799 11409 11470 I art     : Starting a blocking GC Explicit
08-06 18:24:27.874 11409 11470 I art     : Explicit concurrent mark sweep GC freed 388(16KB) AllocSpace objects, 0(0B) LOS objects, 7% free, 185MB/201MB, paused 2.048ms total 74.390ms
08-06 18:24:27.902 11409 11470 I art     : Starting a blocking GC Explicit
08-06 18:24:27.985 11409 11470 I art     : Explicit concurrent mark sweep GC freed 9(416B) AllocSpace objects, 0(0B) LOS objects, 7% free, 185MB/201MB, paused 2.333ms total 82.468ms
08-06 18:24:28.018 11409 11470 I art     : Starting a blocking GC Explicit
08-06 18:24:28.097 11409 11470 I art     : Explicit concurrent mark sweep GC freed 3(96B) AllocSpace objects, 0(0B) LOS objects, 7% free, 185MB/201MB, paused 2.286ms total 79.214ms
08-06 18:24:28.130 11409 11470 I art     : Starting a blocking GC Explicit
08-06 18:24:28.206  8071  8071 I ServiceManager: Waiting for service AtCmdFwd...
08-06 18:24:28.218 11409 11470 I art     : Explicit concurrent mark sweep GC freed 3(96B) AllocSpace objects, 0(0B) LOS objects, 7% free, 185MB/201MB, paused 2.352ms total 87.840ms
08-06 18:24:28.717 11409 11421 I art     : Starting a blocking GC Explicit
08-06 18:24:28.811 11409 11421 I art     : Explicit concurrent mark sweep GC freed 1598(92KB) AllocSpace objects, 2(48KB) LOS objects, 7% free, 185MB/201MB, paused 2.519ms total 93.158ms
08-06 18:24:28.841 11409 11421 I art     : Starting a blocking GC Explicit
08-06 18:24:28.917 11409 11421 I art     : Explicit concurrent mark sweep GC freed 75(2560B) AllocSpace objects, 0(0B) LOS objects, 7% free, 185MB/201MB, paused 1.983ms total 75.355ms
08-06 18:24:28.950 11409 11421 I art     : Starting a blocking GC Explicit
08-06 18:24:29.032 11409 11421 I art     : Explicit concurrent mark sweep GC freed 3(96B) AllocSpace objects, 0(0B) LOS objects, 7% free, 185MB/201MB, paused 2.461ms total 81.859ms
08-06 18:24:29.065 11409 11421 I art     : Starting a blocking GC Explicit
08-06 18:24:29.144 11409 11421 I art     : Explicit concurrent mark sweep GC freed 3(96B) AllocSpace objects, 0(0B) LOS objects, 7% free, 185MB/201MB, paused 2.435ms total 78.596ms
08-06 18:24:29.176 11409 11421 I art     : Starting a blocking GC Explicit
08-06 18:24:29.206  8071  8071 I ServiceManager: Waiting for service AtCmdFwd...
08-06 18:24:29.258 11409 11421 I art     : Explicit concurrent mark sweep GC freed 3(96B) AllocSpace objects, 0(0B) LOS objects, 7% free, 185MB/201MB, paused 2.271ms total 81.433ms
08-06 18:24:29.757 11409 11471 I art     : Starting a blocking GC Explicit
08-06 18:24:29.839 11409 11471 I art     : Explicit concurrent mark sweep GC freed 1586(92KB) AllocSpace objects, 2(48KB) LOS objects, 7% free, 185MB/201MB, paused 2.189ms total 81.174ms
08-06 18:24:29.868 11409 11471 I art     : Starting a blocking GC Explicit
08-06 18:24:29.941 11409 11471 I art     : Explicit concurrent mark sweep GC freed 65(2016B) AllocSpace objects, 0(0B) LOS objects, 7% free, 185MB/201MB, paused 1.914ms total 72.111ms
08-06 18:24:29.967 11409 11471 I art     : Starting a blocking GC Explicit
08-06 18:24:30.039 11409 11471 I art     : Explicit concurrent mark sweep GC freed 3(96B) AllocSpace objects, 0(0B) LOS objects, 7% free, 185MB/201MB, paused 2.043ms total 71.841ms
08-06 18:24:30.066 11409 11471 I art     : Starting a blocking GC Explicit
08-06 18:24:30.146 11409 11471 I art     : Explicit concurrent mark sweep GC freed 3(96B) AllocSpace objects, 0(0B) LOS objects, 7% free, 185MB/201MB, paused 2.192ms total 79.341ms
08-06 18:24:30.177 11409 11471 I art     : Starting a blocking GC Explicit
08-06 18:24:30.207  8071  8071 I ServiceManager: Waiting for service AtCmdFwd...
08-06 18:24:30.255 11409 11471 I art     : Explicit concurrent mark sweep GC freed 3(96B) AllocSpace objects, 0(0B) LOS objects, 7% free, 185MB/201MB, paused 2.332ms total 77.129ms
08-06 18:24:30.760 11409 11422 I art     : Starting a blocking GC Explicit
08-06 18:24:30.848 11409 11422 I art     : Explicit concurrent mark sweep GC freed 1634(93KB) AllocSpace objects, 2(48KB) LOS objects, 7% free, 185MB/201MB, paused 2.208ms total 86.578ms
08-06 18:24:30.877 11409 11422 I art     : Starting a blocking GC Explicit
08-06 18:24:30.956 11409 11422 I art     : Explicit concurrent mark sweep GC freed 39(1600B) AllocSpace objects, 0(0B) LOS objects, 7% free, 185MB/201MB, paused 2.224ms total 78.299ms
08-06 18:24:30.984 11409 11422 I art     : Starting a blocking GC Explicit
08-06 18:24:31.068 11409 11422 I art     : Explicit concurrent mark sweep GC freed 3(96B) AllocSpace objects, 0(0B) LOS objects, 7% free, 185MB/201MB, paused 2.309ms total 82.937ms
08-06 18:24:31.097 11409 11422 I art     : Starting a blocking GC Explicit
08-06 18:24:31.178 11409 11422 I art     : Explicit concurrent mark sweep GC freed 3(96B) AllocSpace objects, 0(0B) LOS objects, 7% free, 185MB/201MB, paused 2.196ms total 80.380ms
08-06 18:24:31.208  8071  8071 I ServiceManager: Waiting for service AtCmdFwd...
08-06 18:24:31.209 11409 11422 I art     : Starting a blocking GC Explicit
08-06 18:24:31.288 11409 11422 I art     : Explicit concurrent mark sweep GC freed 5(160B) AllocSpace objects, 0(0B) LOS objects, 7% free, 185MB/201MB, paused 2.499ms total 78.191ms
08-06 18:24:31.749 11409 11470 I art     : Starting a blocking GC Explicit
08-06 18:24:31.832 11409 11470 I art     : Explicit concurrent mark sweep GC freed 1607(93KB) AllocSpace objects, 2(48KB) LOS objects, 7% free, 185MB/201MB, paused 2.077ms total 81.933ms
08-06 18:24:31.858 11409 11470 I art     : Starting a blocking GC Explicit
08-06 18:24:31.925 11409 11470 I art     : Explicit concurrent mark sweep GC freed 89(2992B) AllocSpace objects, 0(0B) LOS objects, 7% free, 185MB/201MB, paused 1.882ms total 66.641ms
08-06 18:24:31.951 11409 11470 I art     : Starting a blocking GC Explicit
08-06 18:24:32.020 11409 11470 I art     : Explicit concurrent mark sweep GC freed 3(96B) AllocSpace objects, 0(0B) LOS objects, 7% free, 185MB/201MB, paused 1.945ms total 68.545ms
08-06 18:24:32.046 11409 11470 I art     : Starting a blocking GC Explicit
08-06 18:24:32.092 13666 13666 D AndroidRuntime: >>>>>> START com.android.internal.os.RuntimeInit uid 2000 <<<<<<
08-06 18:24:32.098 13666 13666 D AndroidRuntime: CheckJNI is OFF
08-06 18:24:32.115 11409 11470 I art     : Explicit concurrent mark sweep GC freed 3(96B) AllocSpace objects, 0(0B) LOS objects, 7% free, 185MB/201MB, paused 1.888ms total 68.632ms
08-06 18:24:32.140 11409 11470 I art     : Starting a blocking GC Explicit
08-06 18:24:32.153 13666 13666 D ICU     : No timezone override file found: /data/misc/zoneinfo/current/icu/icu_tzdata.dat
08-06 18:24:32.199 13666 13666 I Radio-JNI: register_android_hardware_Radio DONE
08-06 18:24:32.208  8071  8071 W Atfwd_Sendcmd: AtCmdFwd service not published, waiting... retryCnt : 2
08-06 18:24:32.208 11409 11470 I art     : Explicit concurrent mark sweep GC freed 3(96B) AllocSpace objects, 0(0B) LOS objects, 7% free, 185MB/201MB, paused 2.115ms total 68.026ms
08-06 18:24:32.209 11409 11420 I art     : WaitForGcToComplete blocked for 28.762ms for cause HeapTrim
08-06 18:24:32.231 13666 13666 D AndroidRuntime: Calling main entry com.android.commands.input.Input
08-06 18:24:32.233 13666 13666 I Input   : injectKeyEvent: KeyEvent { action=ACTION_DOWN, keyCode=KEYCODE_BACK, scanCode=0, metaState=0, flags=0x0, repeatCount=0, eventTime=901488646, downTime=901488646, deviceId=-1, source=0x101 }
08-06 18:24:32.241 13666 13666 I Input   : injectKeyEvent: KeyEvent { action=ACTION_UP, keyCode=KEYCODE_BACK, scanCode=0, metaState=0, flags=0x0, repeatCount=0, eventTime=901488646, downTime=901488646, deviceId=-1, source=0x101 }
08-06 18:24:32.248 13666 13666 D AndroidRuntime: Shutting down VM
08-06 18:24:32.261 11409 11409 V MainActivity: url = https://project-travel-mate.herokuapp.com/api/number-of-unread-notifications
08-06 18:24:32.296 13866 13866 I GoogleInputMethodServic: GoogleInputMethodService.onFinishInput():3138 
08-06 18:24:32.297 13866 13866 I GoogleInputMethodServic: GoogleInputMethodService.onStartInput():1808 
08-06 18:24:32.611   380   380 W SurfaceFlinger: couldn't log to binary event log: overflow.
08-06 18:24:32.670 11409 11470 I art     : Starting a blocking GC Explicit
08-06 18:24:32.743 11409 11470 I art     : Explicit concurrent mark sweep GC freed 2515(134KB) AllocSpace objects, 2(48KB) LOS objects, 7% free, 185MB/201MB, paused 2.245ms total 72.736ms
08-06 18:24:32.773 11409 11470 I art     : Starting a blocking GC Explicit
08-06 18:24:32.846 11409 11470 I art     : Explicit concurrent mark sweep GC freed 244(10KB) AllocSpace objects, 0(0B) LOS objects, 7% free, 185MB/201MB, paused 1.992ms total 72.102ms
08-06 18:24:32.877 11409 11470 I art     : Starting a blocking GC Explicit
08-06 18:24:32.956 11409 11470 I art     : Explicit concurrent mark sweep GC freed 4(128B) AllocSpace objects, 0(0B) LOS objects, 7% free, 185MB/201MB, paused 2.343ms total 79.161ms
08-06 18:24:32.988 11409 11470 I art     : Starting a blocking GC Explicit
08-06 18:24:33.064 11409 11470 I art     : Explicit concurrent mark sweep GC freed 2568(131KB) AllocSpace objects, 3(200KB) LOS objects, 7% free, 185MB/201MB, paused 2.565ms total 75.724ms
08-06 18:24:33.076 11409 13689 I NAPPA_EXPERIMENTATION: MetricNetworkRequestExecutionTime: REQUEST_DURATION_SYSTEM='812',REQUEST_DURATION_OKHTTP='33',REQUEST_SYNCHRONOUS='FALSE',RESPONSE_CODE='200',RESPONSE_METHOD='GET',RESPONSE_LENGTH_OKHTTP='36',RESPONSE_LENGTH_HEADER='36',REQUEST_PROTOCOL='http/1.1',REQUEST_URL='https://project-travel-mate.herokuapp.com/api/number-of-unread-notifications',
08-06 18:24:33.090 11409 11470 I art     : Starting a blocking GC Explicit
08-06 18:24:33.167 11409 11470 I art     : Explicit concurrent mark sweep GC freed 1075(127KB) AllocSpace objects, 0(0B) LOS objects, 7% free, 185MB/201MB, paused 2.287ms total 76.132ms
08-06 18:24:33.624 11409 11421 I art     : Starting a blocking GC Explicit
08-06 18:24:33.703 11409 11421 I art     : Explicit concurrent mark sweep GC freed 1694(97KB) AllocSpace objects, 2(48KB) LOS objects, 7% free, 185MB/201MB, paused 2.002ms total 78.025ms
08-06 18:24:33.729 11409 11421 I art     : Starting a blocking GC Explicit
08-06 18:24:33.800 11409 11421 I art     : Explicit concurrent mark sweep GC freed 39(1600B) AllocSpace objects, 0(0B) LOS objects, 7% free, 185MB/201MB, paused 2.348ms total 70.328ms
08-06 18:24:33.826 11409 11421 I art     : Starting a blocking GC Explicit
08-06 18:24:33.898 11409 11421 I art     : Explicit concurrent mark sweep GC freed 41(1120B) AllocSpace objects, 0(0B) LOS objects, 7% free, 185MB/201MB, paused 2.935ms total 71.656ms
08-06 18:24:33.938 11409 11421 I art     : Starting a blocking GC Explicit
08-06 18:24:34.018 11409 11421 I art     : Explicit concurrent mark sweep GC freed 17(544B) AllocSpace objects, 0(0B) LOS objects, 7% free, 185MB/201MB, paused 2.331ms total 79.429ms
08-06 18:24:34.047 11409 11421 I art     : Starting a blocking GC Explicit
08-06 18:24:34.120 11409 11421 I art     : Explicit concurrent mark sweep GC freed 17(544B) AllocSpace objects, 0(0B) LOS objects, 7% free, 185MB/201MB, paused 2.279ms total 72.421ms
08-06 18:24:34.163 13712 13712 D AndroidRuntime: >>>>>> START com.android.internal.os.RuntimeInit uid 2000 <<<<<<
08-06 18:24:34.169 13712 13712 D AndroidRuntime: CheckJNI is OFF
08-06 18:24:34.220 13712 13712 D ICU     : No timezone override file found: /data/misc/zoneinfo/current/icu/icu_tzdata.dat
08-06 18:24:34.265 13712 13712 I Radio-JNI: register_android_hardware_Radio DONE
08-06 18:24:34.301 13712 13712 D AndroidRuntime: Calling main entry com.android.commands.input.Input
08-06 18:24:34.303 13712 13712 I Input   : injectMotionEvent: MotionEvent { action=ACTION_DOWN, actionButton=0, id[0]=0, x[0]=657.0, y[0]=2037.0, toolType[0]=TOOL_TYPE_UNKNOWN, buttonState=0, metaState=0, flags=0x0, edgeFlags=0x0, pointerCount=1, historySize=0, eventTime=901490716, downTime=901490716, deviceId=0, source=0x1002 }
08-06 18:24:34.309 13712 13712 I Input   : injectMotionEvent: MotionEvent { action=ACTION_UP, actionButton=0, id[0]=0, x[0]=657.0, y[0]=2037.0, toolType[0]=TOOL_TYPE_UNKNOWN, buttonState=0, metaState=0, flags=0x0, edgeFlags=0x0, pointerCount=1, historySize=0, eventTime=901490716, downTime=901490716, deviceId=0, source=0x1002 }
08-06 18:24:34.311 13712 13712 D AndroidRuntime: Shutting down VM
08-06 18:24:34.312   918  6110 I ActivityManager: START u0 {cmp=baseline.io.github.project_travel_mate/.utilities.CompassActivity} from uid 10696 on display 0
08-06 18:24:34.317   512  2967 D audio_hw_primary: out_set_parameters: enter: usecase(1: low-latency-playback) kvpairs: routing=2
08-06 18:24:34.330   512  2967 D audio_hw_primary: select_devices: out_snd_device(2: speaker) in_snd_device(0: none)
08-06 18:24:34.330   512  2967 D msm8974_platform: platform_send_audio_calibration: sending audio calibration for snd_device(2) acdb_id(15)
08-06 18:24:34.330   512  2967 I soundtrigger: audio_extn_sound_trigger_update_device_status: device 0x2 of type 0 for Event 1
08-06 18:24:34.343   512  2967 D audio_hw_primary: enable_snd_device: snd_device(2: speaker)
08-06 18:24:34.345   512  2967 D audio_hw_primary: enable_audio_route: apply and update mixer path: low-latency-playback speaker
08-06 18:24:34.590 11409 11471 I art     : Starting a blocking GC Explicit
08-06 18:24:34.663 11409 11471 I art     : Explicit concurrent mark sweep GC freed 67(3KB) AllocSpace objects, 0(0B) LOS objects, 6% free, 234MB/250MB, paused 2.341ms total 72.189ms
08-06 18:24:34.689 11409 11471 I art     : Starting a blocking GC Explicit
08-06 18:24:34.760 11409 11471 I art     : Explicit concurrent mark sweep GC freed 3(96B) AllocSpace objects, 0(0B) LOS objects, 6% free, 234MB/250MB, paused 2.408ms total 70.621ms
08-06 18:24:34.786 11409 11471 I art     : Starting a blocking GC Explicit
08-06 18:24:34.854 11409 11471 I art     : Explicit concurrent mark sweep GC freed 39(1056B) AllocSpace objects, 0(0B) LOS objects, 6% free, 234MB/250MB, paused 2.100ms total 67.661ms
08-06 18:24:34.879 11409 11471 I art     : Starting a blocking GC Explicit
08-06 18:24:34.889   512  2967 D audio_hw_primary: disable_audio_route: reset and update mixer path: low-latency-playback speaker
08-06 18:24:34.890   512  2967 D audio_hw_primary: disable_snd_device: snd_device(2: speaker)
08-06 18:24:34.898   512  2967 I soundtrigger: audio_extn_sound_trigger_update_device_status: device 0x2 of type 0 for Event 0
08-06 18:24:34.898 11409 11409 D CompassActivity: start compass
08-06 18:24:34.900   918  4400 I sensors : batch
08-06 18:24:34.901   918  4400 I sensors : activate
08-06 18:24:34.902   918   928 I sensors : batch
08-06 18:24:34.902   918   928 I sensors : activate
08-06 18:24:34.908   918  3188 I hubconnection: sensorhub said: 'batch 1 flags:0, sampling_rate_Hz:50.00, max_report_latency_us:0'
08-06 18:24:34.909   918  3188 I hubconnection: sensorhub said: 'activate 1 enable:1'
08-06 18:24:34.910   918  3188 I hubconnection: sensorhub said: 'batch 3 flags:0, sampling_rate_Hz:50.00, max_report_latency_us:0'
08-06 18:24:34.911   918  3188 I hubconnection: sensorhub said: 'activate 3 enable:1'
08-06 18:24:34.950 11409 11471 I art     : Explicit concurrent mark sweep GC freed 144(6KB) AllocSpace objects, 0(0B) LOS objects, 6% free, 237MB/253MB, paused 3.118ms total 70.639ms
08-06 18:24:34.961 13866 13866 I GoogleInputMethodServic: GoogleInputMethodService.onFinishInput():3138 
08-06 18:24:34.962 13866 13866 I GoogleInputMethodServic: GoogleInputMethodService.onStartInput():1808 
08-06 18:24:34.980 11409 11471 I art     : Starting a blocking GC Explicit
08-06 18:24:35.045 11409 11471 I art     : Explicit concurrent mark sweep GC freed 117(4KB) AllocSpace objects, 0(0B) LOS objects, 6% free, 238MB/254MB, paused 1.813ms total 64.360ms
08-06 18:24:35.079 11409 11409 D CompassActivity: will set rotation from 0.0 to 182.90059
08-06 18:24:35.080 11409 11409 D CompassActivity: will set rotation from 182.90059 to 182.03725
08-06 18:24:35.080 11409 11409 D CompassActivity: will set rotation from 182.03725 to 182.03246
08-06 18:24:35.086   918   936 I ActivityManager: Displayed baseline.io.github.project_travel_mate/.utilities.CompassActivity: +757ms
08-06 18:24:35.173 11409 11409 D CompassActivity: will set rotation from 182.03246 to 182.50752
08-06 18:24:35.173 11409 11409 D CompassActivity: will set rotation from 182.50752 to 182.50464
08-06 18:24:35.173 11409 11409 D CompassActivity: will set rotation from 182.50464 to 182.29945
08-06 18:24:35.174 11409 11409 D CompassActivity: will set rotation from 182.29945 to 182.29622
08-06 18:24:35.174 11409 11409 D CompassActivity: will set rotation from 182.29622 to 182.18712
08-06 18:24:35.174 11409 11409 D CompassActivity: will set rotation from 182.18712 to 182.18407
08-06 18:24:35.174 11409 11409 D CompassActivity: will set rotation from 182.18407 to 182.31007
08-06 18:24:35.174 11409 11409 D CompassActivity: will set rotation from 182.31007 to 182.31018
08-06 18:24:35.174 11409 11409 D CompassActivity: will set rotation from 182.31018 to 182.21158
08-06 18:24:35.174 11409 11409 D CompassActivity: will set rotation from 182.21158 to 182.21048
08-06 18:24:35.266 11409 11409 D CompassActivity: will set rotation from 182.21048 to 182.21977
08-06 18:24:35.266 11409 11409 D CompassActivity: will set rotation from 182.21977 to 182.21786
08-06 18:24:35.266 11409 11409 D CompassActivity: will set rotation from 182.21786 to 182.2904
08-06 18:24:35.267 11409 11409 D CompassActivity: will set rotation from 182.2904 to 182.29218
08-06 18:24:35.267 11409 11409 D CompassActivity: will set rotation from 182.29218 to 182.29085
08-06 18:24:35.267 11409 11409 D CompassActivity: will set rotation from 182.29085 to 182.29263
08-06 18:24:35.267 11409 11409 D CompassActivity: will set rotation from 182.29263 to 182.2844
08-06 18:24:35.267 11409 11409 D CompassActivity: will set rotation from 182.2844 to 182.28094
08-06 18:24:35.267 11409 11409 D CompassActivity: will set rotation from 182.28094 to 182.28563
08-06 18:24:35.267 11409 11409 D CompassActivity: will set rotation from 182.28563 to 182.28711
08-06 18:24:35.288 11409 11409 D CompassActivity: will set rotation from 182.28711 to 182.33682
08-06 18:24:35.288 11409 11409 D CompassActivity: will set rotation from 182.33682 to 182.33946
08-06 18:24:35.305 11409 11409 D CompassActivity: will set rotation from 182.33946 to 182.3883
08-06 18:24:35.305 11409 11409 D CompassActivity: will set rotation from 182.3883 to 182.38779
08-06 18:24:35.322 11409 11409 D CompassActivity: will set rotation from 182.38779 to 182.33601
08-06 18:24:35.322 11409 11409 D CompassActivity: will set rotation from 182.33601 to 182.3353
08-06 18:24:35.331   380   380 W SurfaceFlinger: couldn't log to binary event log: overflow.
08-06 18:24:35.345 11409 11409 D CompassActivity: will set rotation from 182.3353 to 182.3311
08-06 18:24:35.345 11409 11409 D CompassActivity: will set rotation from 182.3311 to 182.3338
08-06 18:24:35.361 11409 11409 D CompassActivity: will set rotation from 182.3338 to 182.37633
08-06 18:24:35.361 11409 11409 D CompassActivity: will set rotation from 182.37633 to 182.37758
08-06 18:24:35.381 11409 11409 D CompassActivity: will set rotation from 182.37758 to 182.37341
08-06 18:24:35.381 11409 11409 D CompassActivity: will set rotation from 182.37341 to 182.37404
08-06 18:24:35.401 11409 11409 D CompassActivity: will set rotation from 182.37404 to 182.2978
08-06 18:24:35.401 11409 11409 D CompassActivity: will set rotation from 182.2978 to 182.29532
08-06 18:24:35.421 11409 11409 D CompassActivity: will set rotation from 182.29532 to 182.12207
08-06 18:24:35.421 11409 11409 D CompassActivity: will set rotation from 182.12207 to 182.1209
08-06 18:24:35.442 11409 11409 D CompassActivity: will set rotation from 182.1209 to 182.1343
08-06 18:24:35.443 11409 11409 D CompassActivity: will set rotation from 182.1343 to 182.13039
08-06 18:24:35.461 11409 11409 D CompassActivity: will set rotation from 182.13039 to 182.10934
08-06 18:24:35.461 11409 11409 D CompassActivity: will set rotation from 182.10934 to 182.11064
08-06 18:24:35.525 11409 11422 I art     : Starting a blocking GC Explicit
08-06 18:24:35.552 11409 11409 D CompassActivity: will set rotation from 182.11064 to 182.03252
08-06 18:24:35.552 11409 11409 D CompassActivity: will set rotation from 182.03252 to 182.03317
08-06 18:24:35.552 11409 11409 D CompassActivity: will set rotation from 182.03317 to 181.87122
08-06 18:24:35.552 11409 11409 D CompassActivity: will set rotation from 181.87122 to 181.87196
08-06 18:24:35.552 11409 11409 D CompassActivity: will set rotation from 181.87196 to 181.86948
08-06 18:24:35.553 11409 11409 D CompassActivity: will set rotation from 181.86948 to 181.87111
08-06 18:24:35.553 11409 11409 D CompassActivity: will set rotation from 181.87111 to 181.89534
08-06 18:24:35.553 11409 11409 D CompassActivity: will set rotation from 181.89534 to 181.89648
08-06 18:24:35.561 11409 11409 D CompassActivity: will set rotation from 181.89648 to 181.94318
08-06 18:24:35.561 11409 11409 D CompassActivity: will set rotation from 181.94318 to 181.94366
08-06 18:24:35.582 11409 11409 D CompassActivity: will set rotation from 181.94366 to 181.9581
08-06 18:24:35.582 11409 11409 D CompassActivity: will set rotation from 181.9581 to 181.957
08-06 18:24:35.588 11409 11422 I art     : Explicit concurrent mark sweep GC freed 2080(124KB) AllocSpace objects, 2(48KB) LOS objects, 6% free, 238MB/254MB, paused 1.726ms total 61.790ms
08-06 18:24:35.600 11409 11409 D CompassActivity: will set rotation from 181.957 to 182.00226
08-06 18:24:35.600 11409 11409 D CompassActivity: will set rotation from 182.00226 to 181.99875
08-06 18:24:35.612 11409 11422 I art     : Starting a blocking GC Explicit
08-06 18:24:35.620 11409 11409 D CompassActivity: will set rotation from 181.99875 to 181.98953
08-06 18:24:35.620 11409 11409 D CompassActivity: will set rotation from 181.98953 to 181.98978
08-06 18:24:35.640 11409 11409 D CompassActivity: will set rotation from 181.98978 to 182.00458
08-06 18:24:35.640 11409 11409 D CompassActivity: will set rotation from 182.00458 to 182.00456
08-06 18:24:35.660 11409 11409 D CompassActivity: will set rotation from 182.00456 to 182.02248
08-06 18:24:35.661 11409 11409 D CompassActivity: will set rotation from 182.02248 to 182.02255
08-06 18:24:35.681 11409 11422 I art     : Explicit concurrent mark sweep GC freed 824(33KB) AllocSpace objects, 0(0B) LOS objects, 6% free, 238MB/254MB, paused 2.669ms total 69.221ms
08-06 18:24:35.686 11409 11409 D CompassActivity: will set rotation from 182.02255 to 182.00977
08-06 18:24:35.686 11409 11409 D CompassActivity: will set rotation from 182.00977 to 182.00748
08-06 18:24:35.702 11409 11409 D CompassActivity: will set rotation from 182.00748 to 182.04466
08-06 18:24:35.703 11409 11409 D CompassActivity: will set rotation from 182.04466 to 182.04439
08-06 18:24:35.714 11409 11422 I art     : Starting a blocking GC Explicit
08-06 18:24:35.721 11409 11409 D CompassActivity: will set rotation from 182.04439 to 182.1069
08-06 18:24:35.721 11409 11409 D CompassActivity: will set rotation from 182.1069 to 182.1101
08-06 18:24:35.740 11409 11409 D CompassActivity: will set rotation from 182.1101 to 182.1213
08-06 18:24:35.741 11409 11409 D CompassActivity: will set rotation from 182.1213 to 182.1203
08-06 18:24:35.760 11409 11409 D CompassActivity: will set rotation from 182.1203 to 182.13228
08-06 18:24:35.760 11409 11409 D CompassActivity: will set rotation from 182.13228 to 182.13148
08-06 18:24:35.780 11409 11409 D CompassActivity: will set rotation from 182.13148 to 182.13795
08-06 18:24:35.781 11409 11409 D CompassActivity: will set rotation from 182.13795 to 182.13942
08-06 18:24:35.804 11409 11422 I art     : Explicit concurrent mark sweep GC freed 203(10KB) AllocSpace objects, 0(0B) LOS objects, 6% free, 238MB/254MB, paused 3.197ms total 89.899ms
08-06 18:24:35.807 11409 11409 D CompassActivity: will set rotation from 182.13942 to 182.14641
08-06 18:24:35.808 11409 11409 D CompassActivity: will set rotation from 182.14641 to 182.14685
08-06 18:24:35.822 11409 11409 D CompassActivity: will set rotation from 182.14685 to 182.15222
08-06 18:24:35.822 11409 11409 D CompassActivity: will set rotation from 182.15222 to 182.15309
08-06 18:24:35.837 11409 11422 I art     : Starting a blocking GC Explicit
08-06 18:24:35.840 11409 11409 D CompassActivity: will set rotation from 182.15309 to 182.16022
08-06 18:24:35.841 11409 11409 D CompassActivity: will set rotation from 182.16022 to 182.16028
08-06 18:24:35.859 11409 11409 D CompassActivity: will set rotation from 182.16028 to 182.14754
08-06 18:24:35.860 11409 11409 D CompassActivity: will set rotation from 182.14754 to 182.14833
08-06 18:24:35.880 11409 11409 D CompassActivity: will set rotation from 182.14833 to 182.13144
08-06 18:24:35.881 11409 11409 D CompassActivity: will set rotation from 182.13144 to 182.13219
08-06 18:24:35.900 11409 11409 D CompassActivity: will set rotation from 182.13219 to 182.09883
08-06 18:24:35.901 11409 11409 D CompassActivity: will set rotation from 182.09883 to 182.10033
08-06 18:24:35.920 11409 11409 D CompassActivity: will set rotation from 182.10033 to 182.13249
08-06 18:24:35.921 11409 11409 D CompassActivity: will set rotation from 182.13249 to 182.13057
08-06 18:24:35.928 11409 11422 I art     : Explicit concurrent mark sweep GC freed 312(14KB) AllocSpace objects, 0(0B) LOS objects, 6% free, 238MB/254MB, paused 2.422ms total 90.196ms
08-06 18:24:35.939 11409 11409 D CompassActivity: will set rotation from 182.13057 to 182.14099
08-06 18:24:35.940 11409 11409 D CompassActivity: will set rotation from 182.14099 to 182.14024
08-06 18:24:35.959 11409 11409 D CompassActivity: will set rotation from 182.14024 to 182.12788
08-06 18:24:35.960 11409 11409 D CompassActivity: will set rotation from 182.12788 to 182.1272
08-06 18:24:35.962 11409 11422 I art     : Starting a blocking GC Explicit
08-06 18:24:35.979 11409 11409 D CompassActivity: will set rotation from 182.1272 to 182.198
08-06 18:24:35.980 11409 11409 D CompassActivity: will set rotation from 182.198 to 182.19917
08-06 18:24:36.003 11409 11409 D CompassActivity: will set rotation from 182.19917 to 182.18211
08-06 18:24:36.004 11409 11409 D CompassActivity: will set rotation from 182.18211 to 182.18204
08-06 18:24:36.022 11409 11409 D CompassActivity: will set rotation from 182.18204 to 182.20734
08-06 18:24:36.022 11409 11409 D CompassActivity: will set rotation from 182.20734 to 182.20767
08-06 18:24:36.039 11409 11409 D CompassActivity: will set rotation from 182.20767 to 182.23239
08-06 18:24:36.039 11409 11409 D CompassActivity: will set rotation from 182.23239 to 182.23207
08-06 18:24:36.053 11409 11422 I art     : Explicit concurrent mark sweep GC freed 290(13KB) AllocSpace objects, 0(0B) LOS objects, 6% free, 238MB/254MB, paused 3.173ms total 91.296ms
08-06 18:24:36.059 11409 11409 D CompassActivity: will set rotation from 182.23207 to 182.23598
08-06 18:24:36.060 11409 11409 D CompassActivity: will set rotation from 182.23598 to 182.23444
08-06 18:24:36.079 11409 11409 D CompassActivity: will set rotation from 182.23444 to 182.21497
08-06 18:24:36.079 11409 11409 D CompassActivity: will set rotation from 182.21497 to 182.21538
08-06 18:24:36.102 11409 11409 D CompassActivity: will set rotation from 182.21538 to 182.15933
08-06 18:24:36.102 11409 11409 D CompassActivity: will set rotation from 182.15933 to 182.16165
08-06 18:24:36.119 11409 11409 D CompassActivity: will set rotation from 182.16165 to 182.1657
08-06 18:24:36.120 11409 11409 D CompassActivity: will set rotation from 182.1657 to 182.16753
08-06 18:24:36.139 11409 11409 D CompassActivity: will set rotation from 182.16753 to 182.15157
08-06 18:24:36.139 11409 11409 D CompassActivity: will set rotation from 182.15157 to 182.14853
08-06 18:24:36.158 11409 11409 D CompassActivity: will set rotation from 182.14853 to 182.17426
08-06 18:24:36.158 11409 11409 D CompassActivity: will set rotation from 182.17426 to 182.17427
08-06 18:24:36.178 11409 11409 D CompassActivity: will set rotation from 182.17427 to 182.18288
08-06 18:24:36.178 11409 11409 D CompassActivity: will set rotation from 182.18288 to 182.18275
08-06 18:24:36.198 11409 11409 D CompassActivity: will set rotation from 182.18275 to 182.09456
08-06 18:24:36.199 11409 11409 D CompassActivity: will set rotation from 182.09456 to 182.09506
08-06 18:24:36.220 11409 11409 D CompassActivity: will set rotation from 182.09506 to 182.10669
08-06 18:24:36.220 11409 11409 D CompassActivity: will set rotation from 182.10669 to 182.10452
08-06 18:24:36.238 11409 11409 D CompassActivity: will set rotation from 182.10452 to 182.11008
08-06 18:24:36.238 11409 11409 D CompassActivity: will set rotation from 182.11008 to 182.10936
08-06 18:24:36.258 11409 11409 D CompassActivity: will set rotation from 182.10936 to 182.13855
08-06 18:24:36.258 11409 11409 D CompassActivity: will set rotation from 182.13855 to 182.13829
08-06 18:24:36.278 11409 11409 D CompassActivity: will set rotation from 182.13829 to 182.12538
08-06 18:24:36.279 11409 11409 D CompassActivity: will set rotation from 182.12538 to 182.1266
08-06 18:24:36.298 11409 11409 D CompassActivity: will set rotation from 182.1266 to 182.13174
08-06 18:24:36.299 11409 11409 D CompassActivity: will set rotation from 182.13174 to 182.1333
08-06 18:24:36.322 11409 11409 D CompassActivity: will set rotation from 182.1333 to 182.13977
08-06 18:24:36.323 11409 11409 D CompassActivity: will set rotation from 182.13977 to 182.13876
08-06 18:24:36.338 11409 11409 D CompassActivity: will set rotation from 182.13876 to 182.16443
08-06 18:24:36.338 11409 11409 D CompassActivity: will set rotation from 182.16443 to 182.165
08-06 18:24:36.357 11409 11409 D CompassActivity: will set rotation from 182.165 to 182.16917
08-06 18:24:36.358 11409 11409 D CompassActivity: will set rotation from 182.16917 to 182.16983
08-06 18:24:36.378 11409 11409 D CompassActivity: will set rotation from 182.16983 to 182.19473
08-06 18:24:36.378 11409 11409 D CompassActivity: will set rotation from 182.19473 to 182.19391
08-06 18:24:36.397 11409 11409 D CompassActivity: will set rotation from 182.19391 to 182.19788
08-06 18:24:36.398 11409 11409 D CompassActivity: will set rotation from 182.19788 to 182.1981
08-06 18:24:36.419 11409 11409 D CompassActivity: will set rotation from 182.1981 to 182.24284
08-06 18:24:36.419 11409 11409 D CompassActivity: will set rotation from 182.24284 to 182.24376
08-06 18:24:36.438 11409 11409 D CompassActivity: will set rotation from 182.24376 to 182.24484
08-06 18:24:36.438 11409 11409 D CompassActivity: will set rotation from 182.24484 to 182.24338
08-06 18:24:36.457 11409 11409 D CompassActivity: will set rotation from 182.24338 to 182.22685
08-06 18:24:36.457 11409 11409 D CompassActivity: will set rotation from 182.22685 to 182.2272
08-06 18:24:36.477 11409 11409 D CompassActivity: will set rotation from 182.2272 to 182.22906
08-06 18:24:36.477 11409 11409 D CompassActivity: will set rotation from 182.22906 to 182.23041
08-06 18:24:36.497 11409 11409 D CompassActivity: will set rotation from 182.23041 to 182.19832
08-06 18:24:36.497 11409 11409 D CompassActivity: will set rotation from 182.19832 to 182.19922
08-06 18:24:36.520 11409 11409 D CompassActivity: will set rotation from 182.19922 to 182.20139
08-06 18:24:36.521 11409 11409 D CompassActivity: will set rotation from 182.20139 to 182.20178
08-06 18:24:36.540 11409 11409 D CompassActivity: will set rotation from 182.20178 to 182.24353
08-06 18:24:36.540 11409 11409 D CompassActivity: will set rotation from 182.24353 to 182.24448
08-06 18:24:36.557 11409 11409 D CompassActivity: will set rotation from 182.24448 to 182.22708
08-06 18:24:36.558 11409 11409 D CompassActivity: will set rotation from 182.22708 to 182.22725
08-06 18:24:36.577 11409 11409 D CompassActivity: will set rotation from 182.22725 to 182.19745
08-06 18:24:36.577 11409 11409 D CompassActivity: will set rotation from 182.19745 to 182.19691
08-06 18:24:36.587 11409 11471 I art     : Starting a blocking GC Explicit
08-06 18:24:36.597 11409 11409 D CompassActivity: will set rotation from 182.19691 to 182.23598
08-06 18:24:36.597 11409 11409 D CompassActivity: will set rotation from 182.23598 to 182.23593
08-06 18:24:36.622 11409 11409 D CompassActivity: will set rotation from 182.23593 to 182.20474
08-06 18:24:36.623 11409 11409 D CompassActivity: will set rotation from 182.20474 to 182.20364
08-06 18:24:36.640 11409 11409 D CompassActivity: will set rotation from 182.20364 to 182.22447
08-06 18:24:36.640 11409 11409 D CompassActivity: will set rotation from 182.22447 to 182.2243
08-06 18:24:36.658 11409 11409 D CompassActivity: will set rotation from 182.2243 to 182.2413
08-06 18:24:36.658 11409 11409 D CompassActivity: will set rotation from 182.2413 to 182.24036
08-06 18:24:36.676 11409 11409 D CompassActivity: will set rotation from 182.24036 to 182.24336
08-06 18:24:36.676 11409 11409 D CompassActivity: will set rotation from 182.24336 to 182.24324
08-06 18:24:36.679 11409 11471 I art     : Explicit concurrent mark sweep GC freed 2194(130KB) AllocSpace objects, 2(48KB) LOS objects, 6% free, 238MB/254MB, paused 2.138ms total 90.898ms
08-06 18:24:36.696 11409 11409 D CompassActivity: will set rotation from 182.24324 to 182.24692
08-06 18:24:36.697 11409 11409 D CompassActivity: will set rotation from 182.24692 to 182.24617
08-06 18:24:36.717 11409 11471 I art     : Starting a blocking GC Explicit
08-06 18:24:36.722 11409 11409 D CompassActivity: will set rotation from 182.24617 to 182.25099
08-06 18:24:36.723 11409 11409 D CompassActivity: will set rotation from 182.25099 to 182.25168
08-06 18:24:36.740 11409 11409 D CompassActivity: will set rotation from 182.25168 to 182.23627
08-06 18:24:36.741 11409 11409 D CompassActivity: will set rotation from 182.23627 to 182.23787
08-06 18:24:36.758 11409 11409 D CompassActivity: will set rotation from 182.23787 to 182.25722
08-06 18:24:36.758 11409 11409 D CompassActivity: will set rotation from 182.25722 to 182.2568
08-06 18:24:36.776 11409 11409 D CompassActivity: will set rotation from 182.2568 to 182.24396
08-06 18:24:36.777 11409 11409 D CompassActivity: will set rotation from 182.24396 to 182.2429
08-06 18:24:36.795 11409 11409 D CompassActivity: will set rotation from 182.2429 to 182.24806
08-06 18:24:36.796 11409 11409 D CompassActivity: will set rotation from 182.24806 to 182.24832
08-06 18:24:36.815 11409 11471 I art     : Explicit concurrent mark sweep GC freed 1037(42KB) AllocSpace objects, 0(0B) LOS objects, 6% free, 238MB/254MB, paused 2.780ms total 97.653ms
08-06 18:24:36.824 11409 11409 D CompassActivity: will set rotation from 182.24832 to 182.25012
08-06 18:24:36.824 11409 11409 D CompassActivity: will set rotation from 182.25012 to 182.2489
08-06 18:24:36.841 11409 11409 D CompassActivity: will set rotation from 182.2489 to 182.28505
08-06 18:24:36.842 11409 11409 D CompassActivity: will set rotation from 182.28505 to 182.28693
08-06 18:24:36.852 11409 11471 I art     : Starting a blocking GC Explicit
08-06 18:24:36.855 11409 11409 D CompassActivity: will set rotation from 182.28693 to 182.29047
08-06 18:24:36.856 11409 11409 D CompassActivity: will set rotation from 182.29047 to 182.29114
08-06 18:24:36.876 11409 11409 D CompassActivity: will set rotation from 182.29114 to 182.27193
08-06 18:24:36.876 11409 11409 D CompassActivity: will set rotation from 182.27193 to 182.27026
08-06 18:24:36.895 11409 11409 D CompassActivity: will set rotation from 182.27026 to 182.28975
08-06 18:24:36.895 11409 11409 D CompassActivity: will set rotation from 182.28975 to 182.28914
08-06 18:24:36.918 11409 11409 D CompassActivity: will set rotation from 182.28914 to 182.28969
08-06 18:24:36.918 11409 11409 D CompassActivity: will set rotation from 182.28969 to 182.29012
08-06 18:24:36.924 11409 11471 I art     : Explicit concurrent mark sweep GC freed 340(15KB) AllocSpace objects, 0(0B) LOS objects, 6% free, 238MB/254MB, paused 1.818ms total 71.914ms
08-06 18:24:36.937 11409 11409 D CompassActivity: will set rotation from 182.29012 to 182.27188
08-06 18:24:36.938 11409 11409 D CompassActivity: will set rotation from 182.27188 to 182.27185
08-06 18:24:36.954 11409 11471 I art     : Starting a blocking GC Explicit
08-06 18:24:36.957 11409 11409 D CompassActivity: will set rotation from 182.27185 to 182.29117
08-06 18:24:36.958 11409 11409 D CompassActivity: will set rotation from 182.29117 to 182.29112
08-06 18:24:36.974 11409 11409 D CompassActivity: will set rotation from 182.29112 to 182.30891
08-06 18:24:36.975 11409 11409 D CompassActivity: will set rotation from 182.30891 to 182.31082
08-06 18:24:36.994 11409 11409 D CompassActivity: will set rotation from 182.31082 to 182.32732
08-06 18:24:36.995 11409 11409 D CompassActivity: will set rotation from 182.32732 to 182.32825
08-06 18:24:37.015 11409 11409 D CompassActivity: will set rotation from 182.32825 to 182.30939
08-06 18:24:37.018 11409 11409 D CompassActivity: will set rotation from 182.30939 to 182.30896
08-06 18:24:37.035 11409 11471 I art     : Explicit concurrent mark sweep GC freed 249(11KB) AllocSpace objects, 0(0B) LOS objects, 6% free, 238MB/254MB, paused 2.947ms total 80.342ms
08-06 18:24:37.038 11409 11409 D CompassActivity: will set rotation from 182.30896 to 182.29199
08-06 18:24:37.038 11409 11409 D CompassActivity: will set rotation from 182.29199 to 182.29097
08-06 18:24:37.054 11409 11409 D CompassActivity: will set rotation from 182.29097 to 182.30867
08-06 18:24:37.054 11409 11409 D CompassActivity: will set rotation from 182.30867 to 182.3083
08-06 18:24:37.063 11409 11471 I art     : Starting a blocking GC Explicit
08-06 18:24:37.073 11409 11409 D CompassActivity: will set rotation from 182.3083 to 182.32536
08-06 18:24:37.074 11409 11409 D CompassActivity: will set rotation from 182.32536 to 182.32498
08-06 18:24:37.094 11409 11409 D CompassActivity: will set rotation from 182.32498 to 182.30597
08-06 18:24:37.094 11409 11409 D CompassActivity: will set rotation from 182.30597 to 182.30583
08-06 18:24:37.116 11409 11409 D CompassActivity: will set rotation from 182.30583 to 182.34131
08-06 18:24:37.117 11409 11409 D CompassActivity: will set rotation from 182.34131 to 182.34071
08-06 18:24:37.134 11409 11471 I art     : Explicit concurrent mark sweep GC freed 218(10KB) AllocSpace objects, 0(0B) LOS objects, 6% free, 238MB/254MB, paused 2.307ms total 70.518ms
08-06 18:24:37.136 11409 11409 D CompassActivity: will set rotation from 182.34071 to 182.35655
08-06 18:24:37.136 11409 11409 D CompassActivity: will set rotation from 182.35655 to 182.35765
08-06 18:24:37.154 11409 11409 D CompassActivity: will set rotation from 182.35765 to 182.37532
08-06 18:24:37.154 11409 11409 D CompassActivity: will set rotation from 182.37532 to 182.3756
08-06 18:24:37.173 11409 11409 D CompassActivity: will set rotation from 182.3756 to 182.37029
08-06 18:24:37.173 11409 11409 D CompassActivity: will set rotation from 182.37029 to 182.37056
08-06 18:24:37.193 11409 11409 D CompassActivity: will set rotation from 182.37056 to 182.38193
08-06 18:24:37.194 11409 11409 D CompassActivity: will set rotation from 182.38193 to 182.38396
08-06 18:24:37.213 11409 11409 D CompassActivity: will set rotation from 182.38396 to 182.34737
08-06 18:24:37.214 11409 11409 D CompassActivity: will set rotation from 182.34737 to 182.34753
08-06 18:24:37.234 11409 11409 D CompassActivity: will set rotation from 182.34753 to 182.32695
08-06 18:24:37.234 11409 11409 D CompassActivity: will set rotation from 182.32695 to 182.32744
08-06 18:24:37.254 11409 11409 D CompassActivity: will set rotation from 182.32744 to 182.32645
08-06 18:24:37.254 11409 11409 D CompassActivity: will set rotation from 182.32645 to 182.32556
08-06 18:24:37.273 11409 11409 D CompassActivity: will set rotation from 182.32556 to 182.30751
08-06 18:24:37.273 11409 11409 D CompassActivity: will set rotation from 182.30751 to 182.30922
08-06 18:24:37.293 11409 11409 D CompassActivity: will set rotation from 182.30922 to 182.29137
08-06 18:24:37.294 11409 11409 D CompassActivity: will set rotation from 182.29137 to 182.2915
08-06 18:24:37.313 11409 11409 D CompassActivity: will set rotation from 182.2915 to 182.32648
08-06 18:24:37.314 11409 11409 D CompassActivity: will set rotation from 182.32648 to 182.32582
08-06 18:24:37.338 11409 11409 D CompassActivity: will set rotation from 182.32582 to 182.32683
08-06 18:24:37.339 11409 11409 D CompassActivity: will set rotation from 182.32683 to 182.32776
08-06 18:24:37.356 11409 11409 D CompassActivity: will set rotation from 182.32776 to 182.31027
08-06 18:24:37.357 11409 11409 D CompassActivity: will set rotation from 182.31027 to 182.31033
08-06 18:24:37.375 13755 13755 D AndroidRuntime: >>>>>> START com.android.internal.os.RuntimeInit uid 2000 <<<<<<
08-06 18:24:37.375 11409 11409 D CompassActivity: will set rotation from 182.31033 to 182.32477
08-06 18:24:37.375 11409 11409 D CompassActivity: will set rotation from 182.32477 to 182.32294
08-06 18:24:37.384 13755 13755 D AndroidRuntime: CheckJNI is OFF
08-06 18:24:37.393 11409 11409 D CompassActivity: will set rotation from 182.32294 to 182.32188
08-06 18:24:37.393 11409 11409 D CompassActivity: will set rotation from 182.32188 to 182.32074
08-06 18:24:37.413 11409 11409 D CompassActivity: will set rotation from 182.32074 to 182.31973
08-06 18:24:37.413 11409 11409 D CompassActivity: will set rotation from 182.31973 to 182.319
08-06 18:24:37.434 11409 11409 D CompassActivity: will set rotation from 182.319 to 182.32164
08-06 18:24:37.435 11409 11409 D CompassActivity: will set rotation from 182.32164 to 182.32256
08-06 18:24:37.450 13755 13755 D ICU     : No timezone override file found: /data/misc/zoneinfo/current/icu/icu_tzdata.dat
08-06 18:24:37.454 11409 11409 D CompassActivity: will set rotation from 182.32256 to 182.32083
08-06 18:24:37.454 11409 11409 D CompassActivity: will set rotation from 182.32083 to 182.32097
08-06 18:24:37.472 11409 11409 D CompassActivity: will set rotation from 182.32097 to 182.30159
08-06 18:24:37.472 11409 11409 D CompassActivity: will set rotation from 182.30159 to 182.30261
08-06 18:24:37.492 11409 11409 D CompassActivity: will set rotation from 182.30261 to 182.31964
08-06 18:24:37.492 11409 11409 D CompassActivity: will set rotation from 182.31964 to 182.31854
08-06 18:24:37.500 13755 13755 I Radio-JNI: register_android_hardware_Radio DONE
08-06 18:24:37.512 11409 11409 D CompassActivity: will set rotation from 182.31854 to 182.3026
08-06 18:24:37.513 11409 11409 D CompassActivity: will set rotation from 182.3026 to 182.30258
08-06 18:24:37.536 13755 13755 D AndroidRuntime: Calling main entry com.android.commands.input.Input
08-06 18:24:37.539 13755 13755 I Input   : injectKeyEvent: KeyEvent { action=ACTION_DOWN, keyCode=KEYCODE_BACK, scanCode=0, metaState=0, flags=0x0, repeatCount=0, eventTime=901493952, downTime=901493952, deviceId=-1, source=0x101 }
08-06 18:24:37.545 11409 11409 D CompassActivity: will set rotation from 182.30258 to 182.31975
08-06 18:24:37.548 11409 11409 D CompassActivity: will set rotation from 182.31975 to 182.32097
08-06 18:24:37.553 11409 11409 D CompassActivity: will set rotation from 182.32097 to 182.3391
08-06 18:24:37.554 11409 11409 D CompassActivity: will set rotation from 182.3391 to 182.34009
08-06 18:24:37.554 13755 13755 I Input   : injectKeyEvent: KeyEvent { action=ACTION_UP, keyCode=KEYCODE_BACK, scanCode=0, metaState=0, flags=0x0, repeatCount=0, eventTime=901493952, downTime=901493952, deviceId=-1, source=0x101 }
08-06 18:24:37.559 13755 13755 D AndroidRuntime: Shutting down VM
08-06 18:24:37.570   918  4400 I sensors : activate
08-06 18:24:37.570   918   928 I sensors : activate
08-06 18:24:37.575   918  3188 I hubconnection: sensorhub said: 'activate 1 enable:0'
08-06 18:24:37.578   918  3188 I hubconnection: sensorhub said: 'activate 3 enable:0'
08-06 18:24:37.601 11409 11409 V MainActivity: url = https://project-travel-mate.herokuapp.com/api/number-of-unread-notifications
08-06 18:24:37.664 11409 11422 I art     : Starting a blocking GC Explicit
08-06 18:24:37.725 13866 13866 I GoogleInputMethodServic: GoogleInputMethodService.onFinishInput():3138 
08-06 18:24:37.726 13866 13866 I GoogleInputMethodServic: GoogleInputMethodService.onStartInput():1808 
08-06 18:24:37.741 11409 11422 I art     : Explicit concurrent mark sweep GC freed 2496(139KB) AllocSpace objects, 2(48KB) LOS objects, 6% free, 238MB/254MB, paused 3.666ms total 76.802ms
08-06 18:24:37.766 11409 11422 I art     : Starting a blocking GC Explicit
08-06 18:24:37.839 11409 11422 I art     : Explicit concurrent mark sweep GC freed 788(31KB) AllocSpace objects, 0(0B) LOS objects, 6% free, 238MB/254MB, paused 2.393ms total 72.151ms
08-06 18:24:37.839 11409 11420 I art     : WaitForGcToComplete blocked for 72.531ms for cause HeapTrim
08-06 18:24:37.865 11409 11422 I art     : Starting a blocking GC Explicit
08-06 18:24:37.960 11409 11422 I art     : Explicit concurrent mark sweep GC freed 81(3056B) AllocSpace objects, 0(0B) LOS objects, 6% free, 238MB/254MB, paused 3.697ms total 94.320ms
08-06 18:24:37.993 11409 11422 I art     : Starting a blocking GC Explicit
08-06 18:24:38.016 11409 11409 D CompassActivity: stop compass
08-06 18:24:38.016   380   380 W SurfaceFlinger: couldn't log to binary event log: overflow.
08-06 18:24:38.065 11409 11422 I art     : Explicit concurrent mark sweep GC freed 20(896B) AllocSpace objects, 0(0B) LOS objects, 6% free, 238MB/254MB, paused 1.849ms total 71.812ms
08-06 18:24:38.091 11409 11422 I art     : Starting a blocking GC Explicit
08-06 18:24:38.162 11409 11422 I art     : Explicit concurrent mark sweep GC freed 27(1008B) AllocSpace objects, 0(0B) LOS objects, 6% free, 238MB/254MB, paused 2.104ms total 70.974ms
08-06 18:24:38.509 11409 13778 I NAPPA_EXPERIMENTATION: MetricNetworkRequestExecutionTime: REQUEST_DURATION_SYSTEM='906',REQUEST_DURATION_OKHTTP='33',REQUEST_SYNCHRONOUS='FALSE',RESPONSE_CODE='200',RESPONSE_METHOD='GET',RESPONSE_LENGTH_OKHTTP='36',RESPONSE_LENGTH_HEADER='36',REQUEST_PROTOCOL='http/1.1',REQUEST_URL='https://project-travel-mate.herokuapp.com/api/number-of-unread-notifications',
08-06 18:24:38.652 11409 11471 I art     : Starting a blocking GC Explicit
08-06 18:24:38.774 11409 11471 I art     : Explicit concurrent mark sweep GC freed 5629(320KB) AllocSpace objects, 8(52MB) LOS objects, 7% free, 186MB/202MB, paused 2.397ms total 121.417ms
08-06 18:24:38.807 11409 11471 I art     : Starting a blocking GC Explicit
08-06 18:24:38.879 11409 11471 I art     : Explicit concurrent mark sweep GC freed 999(118KB) AllocSpace objects, 0(0B) LOS objects, 7% free, 185MB/201MB, paused 2.132ms total 71.633ms
08-06 18:24:38.907 11409 11471 I art     : Starting a blocking GC Explicit
08-06 18:24:38.980 11409 11471 I art     : Explicit concurrent mark sweep GC freed 3(96B) AllocSpace objects, 0(0B) LOS objects, 7% free, 185MB/201MB, paused 2.144ms total 72.936ms
08-06 18:24:39.008 11409 11471 I art     : Starting a blocking GC Explicit
08-06 18:24:39.081 11409 11471 I art     : Explicit concurrent mark sweep GC freed 3(96B) AllocSpace objects, 0(0B) LOS objects, 7% free, 185MB/201MB, paused 2.110ms total 73.015ms
08-06 18:24:39.109 11409 11471 I art     : Starting a blocking GC Explicit
08-06 18:24:39.182 11409 11471 I art     : Explicit concurrent mark sweep GC freed 3(96B) AllocSpace objects, 0(0B) LOS objects, 7% free, 185MB/201MB, paused 2.126ms total 73.234ms
08-06 18:24:39.490 13790 13790 D AndroidRuntime: >>>>>> START com.android.internal.os.RuntimeInit uid 2000 <<<<<<
08-06 18:24:39.498 13790 13790 D AndroidRuntime: CheckJNI is OFF
08-06 18:24:39.553 13790 13790 D ICU     : No timezone override file found: /data/misc/zoneinfo/current/icu/icu_tzdata.dat
08-06 18:24:39.601 13790 13790 I Radio-JNI: register_android_hardware_Radio DONE
08-06 18:24:39.637 13790 13790 D AndroidRuntime: Calling main entry com.android.commands.input.Input
08-06 18:24:39.639 13790 13790 I Input   : injectMotionEvent: MotionEvent { action=ACTION_DOWN, actionButton=0, id[0]=0, x[0]=500.0, y[0]=2000.0, toolType[0]=TOOL_TYPE_UNKNOWN, buttonState=0, metaState=0, flags=0x0, edgeFlags=0x0, pointerCount=1, historySize=0, eventTime=901496051, downTime=901496051, deviceId=0, source=0x1002 }
08-06 18:24:39.645 13790 13790 I Input   : injectMotionEvent: MotionEvent { action=ACTION_MOVE, actionButton=0, id[0]=0, x[0]=500.0, y[0]=2000.0, toolType[0]=TOOL_TYPE_UNKNOWN, buttonState=0, metaState=0, flags=0x0, edgeFlags=0x0, pointerCount=1, historySize=0, eventTime=901496051, downTime=901496051, deviceId=0, source=0x1002 }
08-06 18:24:39.651 13790 13790 I Input   : injectMotionEvent: MotionEvent { action=ACTION_MOVE, actionButton=0, id[0]=0, x[0]=500.0, y[0]=1975.3, toolType[0]=TOOL_TYPE_UNKNOWN, buttonState=0, metaState=0, flags=0x0, edgeFlags=0x0, pointerCount=1, historySize=0, eventTime=901496064, downTime=901496064, deviceId=0, source=0x1002 }
08-06 18:24:39.655 11409 11471 I art     : Starting a blocking GC Explicit
08-06 18:24:39.671 13790 13790 I Input   : injectMotionEvent: MotionEvent { action=ACTION_MOVE, actionButton=0, id[0]=0, x[0]=500.0, y[0]=1937.3, toolType[0]=TOOL_TYPE_UNKNOWN, buttonState=0, metaState=0, flags=0x0, edgeFlags=0x0, pointerCount=1, historySize=0, eventTime=901496084, downTime=901496084, deviceId=0, source=0x1002 }
08-06 18:24:39.696 13790 13790 I Input   : injectMotionEvent: MotionEvent { action=ACTION_MOVE, actionButton=0, id[0]=0, x[0]=500.0, y[0]=1889.8, toolType[0]=TOOL_TYPE_UNKNOWN, buttonState=0, metaState=0, flags=0x0, edgeFlags=0x0, pointerCount=1, historySize=0, eventTime=901496109, downTime=901496109, deviceId=0, source=0x1002 }
08-06 18:24:39.719 13790 13790 I Input   : injectMotionEvent: MotionEvent { action=ACTION_MOVE, actionButton=0, id[0]=0, x[0]=500.0, y[0]=1844.2, toolType[0]=TOOL_TYPE_UNKNOWN, buttonState=0, metaState=0, flags=0x0, edgeFlags=0x0, pointerCount=1, historySize=0, eventTime=901496133, downTime=901496133, deviceId=0, source=0x1002 }
08-06 18:24:39.739 13790 13790 I Input   : injectMotionEvent: MotionEvent { action=ACTION_MOVE, actionButton=0, id[0]=0, x[0]=500.0, y[0]=1808.1, toolType[0]=TOOL_TYPE_UNKNOWN, buttonState=0, metaState=0, flags=0x0, edgeFlags=0x0, pointerCount=1, historySize=0, eventTime=901496152, downTime=901496152, deviceId=0, source=0x1002 }
08-06 18:24:39.746 11409 11471 I art     : Explicit concurrent mark sweep GC freed 1679(95KB) AllocSpace objects, 2(48KB) LOS objects, 7% free, 185MB/201MB, paused 2.467ms total 90.400ms
08-06 18:24:39.757 13790 13790 I Input   : injectMotionEvent: MotionEvent { action=ACTION_MOVE, actionButton=0, id[0]=0, x[0]=500.0, y[0]=1775.8, toolType[0]=TOOL_TYPE_UNKNOWN, buttonState=0, metaState=0, flags=0x0, edgeFlags=0x0, pointerCount=1, historySize=0, eventTime=901496169, downTime=901496169, deviceId=0, source=0x1002 }
08-06 18:24:39.770 13790 13790 I Input   : injectMotionEvent: MotionEvent { action=ACTION_MOVE, actionButton=0, id[0]=0, x[0]=500.0, y[0]=1749.2, toolType[0]=TOOL_TYPE_UNKNOWN, buttonState=0, metaState=0, flags=0x0, edgeFlags=0x0, pointerCount=1, historySize=0, eventTime=901496183, downTime=901496183, deviceId=0, source=0x1002 }
08-06 18:24:39.786 11409 11471 I art     : Starting a blocking GC Explicit
08-06 18:24:39.787 13790 13790 I Input   : injectMotionEvent: MotionEvent { action=ACTION_MOVE, actionButton=0, id[0]=0, x[0]=500.0, y[0]=1716.9, toolType[0]=TOOL_TYPE_UNKNOWN, buttonState=0, metaState=0, flags=0x0, edgeFlags=0x0, pointerCount=1, historySize=0, eventTime=901496200, downTime=901496200, deviceId=0, source=0x1002 }
08-06 18:24:39.802 13790 13790 I Input   : injectMotionEvent: MotionEvent { action=ACTION_MOVE, actionButton=0, id[0]=0, x[0]=500.0, y[0]=1688.4, toolType[0]=TOOL_TYPE_UNKNOWN, buttonState=0, metaState=0, flags=0x0, edgeFlags=0x0, pointerCount=1, historySize=0, eventTime=901496215, downTime=901496215, deviceId=0, source=0x1002 }
08-06 18:24:39.820 13790 13790 I Input   : injectMotionEvent: MotionEvent { action=ACTION_MOVE, actionButton=0, id[0]=0, x[0]=500.0, y[0]=1652.3, toolType[0]=TOOL_TYPE_UNKNOWN, buttonState=0, metaState=0, flags=0x0, edgeFlags=0x0, pointerCount=1, historySize=0, eventTime=901496234, downTime=901496234, deviceId=0, source=0x1002 }
08-06 18:24:39.835 13790 13790 I Input   : injectMotionEvent: MotionEvent { action=ACTION_MOVE, actionButton=0, id[0]=0, x[0]=500.0, y[0]=1625.7, toolType[0]=TOOL_TYPE_UNKNOWN, buttonState=0, metaState=0, flags=0x0, edgeFlags=0x0, pointerCount=1, historySize=0, eventTime=901496248, downTime=901496248, deviceId=0, source=0x1002 }
08-06 18:24:39.853 13790 13790 I Input   : injectMotionEvent: MotionEvent { action=ACTION_MOVE, actionButton=0, id[0]=0, x[0]=500.0, y[0]=1589.6, toolType[0]=TOOL_TYPE_UNKNOWN, buttonState=0, metaState=0, flags=0x0, edgeFlags=0x0, pointerCount=1, historySize=0, eventTime=901496267, downTime=901496267, deviceId=0, source=0x1002 }
08-06 18:24:39.865 11409 11471 I art     : Explicit concurrent mark sweep GC freed 88(3KB) AllocSpace objects, 0(0B) LOS objects, 7% free, 185MB/201MB, paused 2.231ms total 78.333ms
08-06 18:24:39.871 13790 13790 I Input   : injectMotionEvent: MotionEvent { action=ACTION_MOVE, actionButton=0, id[0]=0, x[0]=500.0, y[0]=1555.4, toolType[0]=TOOL_TYPE_UNKNOWN, buttonState=0, metaState=0, flags=0x0, edgeFlags=0x0, pointerCount=1, historySize=0, eventTime=901496285, downTime=901496285, deviceId=0, source=0x1002 }
08-06 18:24:39.888 13790 13790 I Input   : injectMotionEvent: MotionEvent { action=ACTION_MOVE, actionButton=0, id[0]=0, x[0]=500.0, y[0]=1525.0, toolType[0]=TOOL_TYPE_UNKNOWN, buttonState=0, metaState=0, flags=0x0, edgeFlags=0x0, pointerCount=1, historySize=0, eventTime=901496301, downTime=901496301, deviceId=0, source=0x1002 }
08-06 18:24:39.898 11409 11471 I art     : Starting a blocking GC Explicit
08-06 18:24:39.904 13790 13790 I Input   : injectMotionEvent: MotionEvent { action=ACTION_MOVE, actionButton=0, id[0]=0, x[0]=500.0, y[0]=1494.6, toolType[0]=TOOL_TYPE_UNKNOWN, buttonState=0, metaState=0, flags=0x0, edgeFlags=0x0, pointerCount=1, historySize=0, eventTime=901496317, downTime=901496317, deviceId=0, source=0x1002 }
08-06 18:24:39.922 13790 13790 I Input   : injectMotionEvent: MotionEvent { action=ACTION_MOVE, actionButton=0, id[0]=0, x[0]=500.0, y[0]=1458.5, toolType[0]=TOOL_TYPE_UNKNOWN, buttonState=0, metaState=0, flags=0x0, edgeFlags=0x0, pointerCount=1, historySize=0, eventTime=901496336, downTime=901496336, deviceId=0, source=0x1002 }
08-06 18:24:39.937 13790 13790 I Input   : injectMotionEvent: MotionEvent { action=ACTION_MOVE, actionButton=0, id[0]=0, x[0]=500.0, y[0]=1431.9, toolType[0]=TOOL_TYPE_UNKNOWN, buttonState=0, metaState=0, flags=0x0, edgeFlags=0x0, pointerCount=1, historySize=0, eventTime=901496350, downTime=901496350, deviceId=0, source=0x1002 }
08-06 18:24:39.952 13790 13790 I Input   : injectMotionEvent: MotionEvent { action=ACTION_MOVE, actionButton=0, id[0]=0, x[0]=500.0, y[0]=1403.3999, toolType[0]=TOOL_TYPE_UNKNOWN, buttonState=0, metaState=0, flags=0x0, edgeFlags=0x0, pointerCount=1, historySize=0, eventTime=901496365, downTime=901496365, deviceId=0, source=0x1002 }
08-06 18:24:39.971 13790 13790 I Input   : injectMotionEvent: MotionEvent { action=ACTION_MOVE, actionButton=0, id[0]=0, x[0]=500.0, y[0]=1365.4, toolType[0]=TOOL_TYPE_UNKNOWN, buttonState=0, metaState=0, flags=0x0, edgeFlags=0x0, pointerCount=1, historySize=0, eventTime=901496385, downTime=901496385, deviceId=0, source=0x1002 }
08-06 18:24:39.977 11409 11471 I art     : Explicit concurrent mark sweep GC freed 18(752B) AllocSpace objects, 0(0B) LOS objects, 7% free, 185MB/201MB, paused 2.188ms total 78.545ms
08-06 18:24:39.988 13790 13790 I Input   : injectMotionEvent: MotionEvent { action=ACTION_MOVE, actionButton=0, id[0]=0, x[0]=500.0, y[0]=1335.0, toolType[0]=TOOL_TYPE_UNKNOWN, buttonState=0, metaState=0, flags=0x0, edgeFlags=0x0, pointerCount=1, historySize=0, eventTime=901496401, downTime=901496401, deviceId=0, source=0x1002 }
08-06 18:24:40.003 13790 13790 I Input   : injectMotionEvent: MotionEvent { action=ACTION_MOVE, actionButton=0, id[0]=0, x[0]=500.0, y[0]=1306.5, toolType[0]=TOOL_TYPE_UNKNOWN, buttonState=0, metaState=0, flags=0x0, edgeFlags=0x0, pointerCount=1, historySize=0, eventTime=901496416, downTime=901496416, deviceId=0, source=0x1002 }
08-06 18:24:40.012 11409 11471 I art     : Starting a blocking GC Explicit
08-06 18:24:40.021 13790 13790 I Input   : injectMotionEvent: MotionEvent { action=ACTION_MOVE, actionButton=0, id[0]=0, x[0]=500.0, y[0]=1272.3, toolType[0]=TOOL_TYPE_UNKNOWN, buttonState=0, metaState=0, flags=0x0, edgeFlags=0x0, pointerCount=1, historySize=0, eventTime=901496434, downTime=901496434, deviceId=0, source=0x1002 }
08-06 18:24:40.040 13790 13790 I Input   : injectMotionEvent: MotionEvent { action=ACTION_MOVE, actionButton=0, id[0]=0, x[0]=500.0, y[0]=1236.2, toolType[0]=TOOL_TYPE_UNKNOWN, buttonState=0, metaState=0, flags=0x0, edgeFlags=0x0, pointerCount=1, historySize=0, eventTime=901496453, downTime=901496453, deviceId=0, source=0x1002 }
08-06 18:24:40.053 13790 13790 I Input   : injectMotionEvent: MotionEvent { action=ACTION_MOVE, actionButton=0, id[0]=0, x[0]=500.0, y[0]=1211.5, toolType[0]=TOOL_TYPE_UNKNOWN, buttonState=0, metaState=0, flags=0x0, edgeFlags=0x0, pointerCount=1, historySize=0, eventTime=901496466, downTime=901496466, deviceId=0, source=0x1002 }
08-06 18:24:40.096 11409 11471 I art     : Explicit concurrent mark sweep GC freed 9(304B) AllocSpace objects, 0(0B) LOS objects, 7% free, 185MB/201MB, paused 1.939ms total 84.035ms
08-06 18:24:40.126 13790 13790 I Input   : injectMotionEvent: MotionEvent { action=ACTION_MOVE, actionButton=0, id[0]=0, x[0]=500.0, y[0]=1072.8, toolType[0]=TOOL_TYPE_UNKNOWN, buttonState=0, metaState=0, flags=0x0, edgeFlags=0x0, pointerCount=1, historySize=0, eventTime=901496539, downTime=901496539, deviceId=0, source=0x1002 }
08-06 18:24:40.128 11409 11471 I art     : Starting a blocking GC Explicit
08-06 18:24:40.188 13790 13790 I Input   : injectMotionEvent: MotionEvent { action=ACTION_MOVE, actionButton=0, id[0]=0, x[0]=500.0, y[0]=953.1, toolType[0]=TOOL_TYPE_UNKNOWN, buttonState=0, metaState=0, flags=0x0, edgeFlags=0x0, pointerCount=1, historySize=0, eventTime=901496602, downTime=901496602, deviceId=0, source=0x1002 }
08-06 18:24:40.195 11409 11471 I art     : Explicit concurrent mark sweep GC freed 4(128B) AllocSpace objects, 0(0B) LOS objects, 7% free, 185MB/201MB, paused 1.931ms total 67.302ms
08-06 18:24:40.253 13790 13790 I Input   : injectMotionEvent: MotionEvent { action=ACTION_MOVE, actionButton=0, id[0]=0, x[0]=500.0, y[0]=829.6, toolType[0]=TOOL_TYPE_UNKNOWN, buttonState=0, metaState=0, flags=0x0, edgeFlags=0x0, pointerCount=1, historySize=0, eventTime=901496667, downTime=901496667, deviceId=0, source=0x1002 }
08-06 18:24:40.315 13790 13790 I Input   : injectMotionEvent: MotionEvent { action=ACTION_MOVE, actionButton=0, id[0]=0, x[0]=500.0, y[0]=713.7001, toolType[0]=TOOL_TYPE_UNKNOWN, buttonState=0, metaState=0, flags=0x0, edgeFlags=0x0, pointerCount=1, historySize=0, eventTime=901496728, downTime=901496728, deviceId=0, source=0x1002 }
08-06 18:24:40.376 13790 13790 I Input   : injectMotionEvent: MotionEvent { action=ACTION_MOVE, actionButton=0, id[0]=0, x[0]=500.0, y[0]=597.80005, toolType[0]=TOOL_TYPE_UNKNOWN, buttonState=0, metaState=0, flags=0x0, edgeFlags=0x0, pointerCount=1, historySize=0, eventTime=901496789, downTime=901496789, deviceId=0, source=0x1002 }
08-06 18:24:40.439 13790 13790 I Input   : injectMotionEvent: MotionEvent { action=ACTION_MOVE, actionButton=0, id[0]=0, x[0]=500.0, y[0]=478.09998, toolType[0]=TOOL_TYPE_UNKNOWN, buttonState=0, metaState=0, flags=0x0, edgeFlags=0x0, pointerCount=1, historySize=0, eventTime=901496852, downTime=901496852, deviceId=0, source=0x1002 }
08-06 18:24:40.508 13790 13790 I Input   : injectMotionEvent: MotionEvent { action=ACTION_MOVE, actionButton=0, id[0]=0, x[0]=500.0, y[0]=345.09998, toolType[0]=TOOL_TYPE_UNKNOWN, buttonState=0, metaState=0, flags=0x0, edgeFlags=0x0, pointerCount=1, historySize=0, eventTime=901496922, downTime=901496922, deviceId=0, source=0x1002 }
08-06 18:24:40.600 13790 13790 I Input   : injectMotionEvent: MotionEvent { action=ACTION_MOVE, actionButton=0, id[0]=0, x[0]=500.0, y[0]=172.19995, toolType[0]=TOOL_TYPE_UNKNOWN, buttonState=0, metaState=0, flags=0x0, edgeFlags=0x0, pointerCount=1, historySize=0, eventTime=901497013, downTime=901497013, deviceId=0, source=0x1002 }
08-06 18:24:40.639 13790 13790 I Input   : injectMotionEvent: MotionEvent { action=ACTION_UP, actionButton=0, id[0]=0, x[0]=500.0, y[0]=100.0, toolType[0]=TOOL_TYPE_UNKNOWN, buttonState=0, metaState=0, flags=0x0, edgeFlags=0x0, pointerCount=1, historySize=0, eventTime=901497053, downTime=901497053, deviceId=0, source=0x1002 }
08-06 18:24:40.680 11409 11421 I art     : Starting a blocking GC Explicit
08-06 18:24:40.681 13790 13790 D AndroidRuntime: Shutting down VM
08-06 18:24:40.744 11409 11421 I art     : Explicit concurrent mark sweep GC freed 1610(93KB) AllocSpace objects, 2(48KB) LOS objects, 7% free, 185MB/201MB, paused 1.661ms total 63.816ms
08-06 18:24:40.769 11409 11421 I art     : Starting a blocking GC Explicit
08-06 18:24:40.844 11409 11421 I art     : Explicit concurrent mark sweep GC freed 80(2768B) AllocSpace objects, 0(0B) LOS objects, 7% free, 185MB/201MB, paused 2.180ms total 74.655ms
08-06 18:24:40.874 11409 11421 I art     : Starting a blocking GC Explicit
08-06 18:24:40.954 11409 11421 I art     : Explicit concurrent mark sweep GC freed 4(128B) AllocSpace objects, 0(0B) LOS objects, 7% free, 185MB/201MB, paused 2.100ms total 79.549ms
08-06 18:24:40.981 11409 11421 I art     : Starting a blocking GC Explicit
08-06 18:24:41.052 11409 11421 I art     : Explicit concurrent mark sweep GC freed 3(96B) AllocSpace objects, 0(0B) LOS objects, 7% free, 185MB/201MB, paused 2.120ms total 71.262ms
08-06 18:24:41.080 11409 11421 I art     : Starting a blocking GC Explicit
08-06 18:24:41.149 11409 11421 I art     : Explicit concurrent mark sweep GC freed 9(288B) AllocSpace objects, 0(0B) LOS objects, 7% free, 185MB/201MB, paused 1.959ms total 68.776ms
08-06 18:24:41.601 13830 13830 D AndroidRuntime: >>>>>> START com.android.internal.os.RuntimeInit uid 2000 <<<<<<
08-06 18:24:41.609 13830 13830 D AndroidRuntime: CheckJNI is OFF
08-06 18:24:41.629 11409 11470 I art     : Starting a blocking GC Explicit
08-06 18:24:41.671 13830 13830 D ICU     : No timezone override file found: /data/misc/zoneinfo/current/icu/icu_tzdata.dat
08-06 18:24:41.706 11409 11470 I art     : Explicit concurrent mark sweep GC freed 1592(92KB) AllocSpace objects, 2(48KB) LOS objects, 7% free, 185MB/201MB, paused 2.191ms total 75.885ms
08-06 18:24:41.719 13830 13830 I Radio-JNI: register_android_hardware_Radio DONE
08-06 18:24:41.734 11409 11470 I art     : Starting a blocking GC Explicit
08-06 18:24:41.755 13830 13830 D AndroidRuntime: Calling main entry com.android.commands.input.Input
08-06 18:24:41.758 13830 13830 I Input   : injectMotionEvent: MotionEvent { action=ACTION_DOWN, actionButton=0, id[0]=0, x[0]=500.0, y[0]=2000.0, toolType[0]=TOOL_TYPE_UNKNOWN, buttonState=0, metaState=0, flags=0x0, edgeFlags=0x0, pointerCount=1, historySize=0, eventTime=901498171, downTime=901498171, deviceId=0, source=0x1002 }
08-06 18:24:41.763 13830 13830 I Input   : injectMotionEvent: MotionEvent { action=ACTION_MOVE, actionButton=0, id[0]=0, x[0]=500.0, y[0]=2000.0, toolType[0]=TOOL_TYPE_UNKNOWN, buttonState=0, metaState=0, flags=0x0, edgeFlags=0x0, pointerCount=1, historySize=0, eventTime=901498171, downTime=901498171, deviceId=0, source=0x1002 }
08-06 18:24:41.769 13830 13830 I Input   : injectMotionEvent: MotionEvent { action=ACTION_MOVE, actionButton=0, id[0]=0, x[0]=500.0, y[0]=1977.2, toolType[0]=TOOL_TYPE_UNKNOWN, buttonState=0, metaState=0, flags=0x0, edgeFlags=0x0, pointerCount=1, historySize=0, eventTime=901498183, downTime=901498183, deviceId=0, source=0x1002 }
08-06 18:24:41.788 13830 13830 I Input   : injectMotionEvent: MotionEvent { action=ACTION_MOVE, actionButton=0, id[0]=0, x[0]=500.0, y[0]=1941.1, toolType[0]=TOOL_TYPE_UNKNOWN, buttonState=0, metaState=0, flags=0x0, edgeFlags=0x0, pointerCount=1, historySize=0, eventTime=901498202, downTime=901498202, deviceId=0, source=0x1002 }
08-06 18:24:41.804 13830 13830 I Input   : injectMotionEvent: MotionEvent { action=ACTION_MOVE, actionButton=0, id[0]=0, x[0]=500.0, y[0]=1912.6, toolType[0]=TOOL_TYPE_UNKNOWN, buttonState=0, metaState=0, flags=0x0, edgeFlags=0x0, pointerCount=1, historySize=0, eventTime=901498217, downTime=901498217, deviceId=0, source=0x1002 }
08-06 18:24:41.809 11409 11470 I art     : Explicit concurrent mark sweep GC freed 34(1216B) AllocSpace objects, 0(0B) LOS objects, 7% free, 185MB/201MB, paused 2.284ms total 74.035ms
08-06 18:24:41.841 11409 11470 I art     : Starting a blocking GC Explicit
08-06 18:24:41.856 13830 13830 I Input   : injectMotionEvent: MotionEvent { action=ACTION_MOVE, actionButton=0, id[0]=0, x[0]=500.0, y[0]=1813.8, toolType[0]=TOOL_TYPE_UNKNOWN, buttonState=0, metaState=0, flags=0x0, edgeFlags=0x0, pointerCount=1, historySize=0, eventTime=901498269, downTime=901498269, deviceId=0, source=0x1002 }
08-06 18:24:41.894 13830 13830 I Input   : injectMotionEvent: MotionEvent { action=ACTION_MOVE, actionButton=0, id[0]=0, x[0]=500.0, y[0]=1739.7, toolType[0]=TOOL_TYPE_UNKNOWN, buttonState=0, metaState=0, flags=0x0, edgeFlags=0x0, pointerCount=1, historySize=0, eventTime=901498308, downTime=901498308, deviceId=0, source=0x1002 }
08-06 18:24:41.914 11409 11470 I art     : Explicit concurrent mark sweep GC freed 55(1568B) AllocSpace objects, 0(0B) LOS objects, 7% free, 185MB/201MB, paused 1.955ms total 71.930ms
08-06 18:24:41.934 13830 13830 I Input   : injectMotionEvent: MotionEvent { action=ACTION_MOVE, actionButton=0, id[0]=0, x[0]=500.0, y[0]=1665.6, toolType[0]=TOOL_TYPE_UNKNOWN, buttonState=0, metaState=0, flags=0x0, edgeFlags=0x0, pointerCount=1, historySize=0, eventTime=901498347, downTime=901498347, deviceId=0, source=0x1002 }
08-06 18:24:41.940 11409 11470 I art     : Starting a blocking GC Explicit
08-06 18:24:41.975 13830 13830 I Input   : injectMotionEvent: MotionEvent { action=ACTION_MOVE, actionButton=0, id[0]=0, x[0]=500.0, y[0]=1587.7, toolType[0]=TOOL_TYPE_UNKNOWN, buttonState=0, metaState=0, flags=0x0, edgeFlags=0x0, pointerCount=1, historySize=0, eventTime=901498388, downTime=901498388, deviceId=0, source=0x1002 }
08-06 18:24:42.008 11409 11470 I art     : Explicit concurrent mark sweep GC freed 13(416B) AllocSpace objects, 0(0B) LOS objects, 7% free, 185MB/201MB, paused 1.999ms total 67.165ms
08-06 18:24:42.015 13830 13830 I Input   : injectMotionEvent: MotionEvent { action=ACTION_MOVE, actionButton=0, id[0]=0, x[0]=500.0, y[0]=1511.7, toolType[0]=TOOL_TYPE_UNKNOWN, buttonState=0, metaState=0, flags=0x0, edgeFlags=0x0, pointerCount=1, historySize=0, eventTime=901498428, downTime=901498428, deviceId=0, source=0x1002 }
08-06 18:24:42.034 11409 11470 I art     : Starting a blocking GC Explicit
08-06 18:24:42.055 13830 13830 I Input   : injectMotionEvent: MotionEvent { action=ACTION_MOVE, actionButton=0, id[0]=0, x[0]=500.0, y[0]=1433.8, toolType[0]=TOOL_TYPE_UNKNOWN, buttonState=0, metaState=0, flags=0x0, edgeFlags=0x0, pointerCount=1, historySize=0, eventTime=901498469, downTime=901498469, deviceId=0, source=0x1002 }
08-06 18:24:42.096 13830 13830 I Input   : injectMotionEvent: MotionEvent { action=ACTION_MOVE, actionButton=0, id[0]=0, x[0]=500.0, y[0]=1357.8, toolType[0]=TOOL_TYPE_UNKNOWN, buttonState=0, metaState=0, flags=0x0, edgeFlags=0x0, pointerCount=1, historySize=0, eventTime=901498509, downTime=901498509, deviceId=0, source=0x1002 }
08-06 18:24:42.104 11409 11470 I art     : Explicit concurrent mark sweep GC freed 9(288B) AllocSpace objects, 0(0B) LOS objects, 7% free, 185MB/201MB, paused 1.923ms total 69.451ms
08-06 18:24:42.134 13830 13830 I Input   : injectMotionEvent: MotionEvent { action=ACTION_MOVE, actionButton=0, id[0]=0, x[0]=500.0, y[0]=1285.6001, toolType[0]=TOOL_TYPE_UNKNOWN, buttonState=0, metaState=0, flags=0x0, edgeFlags=0x0, pointerCount=1, historySize=0, eventTime=901498547, downTime=901498547, deviceId=0, source=0x1002 }
08-06 18:24:42.175 13830 13830 I Input   : injectMotionEvent: MotionEvent { action=ACTION_MOVE, actionButton=0, id[0]=0, x[0]=500.0, y[0]=1207.7, toolType[0]=TOOL_TYPE_UNKNOWN, buttonState=0, metaState=0, flags=0x0, edgeFlags=0x0, pointerCount=1, historySize=0, eventTime=901498588, downTime=901498588, deviceId=0, source=0x1002 }
08-06 18:24:42.208  8071  8071 I ServiceManager: Waiting for service AtCmdFwd...
08-06 18:24:42.214 13830 13830 I Input   : injectMotionEvent: MotionEvent { action=ACTION_MOVE, actionButton=0, id[0]=0, x[0]=500.0, y[0]=1131.7, toolType[0]=TOOL_TYPE_UNKNOWN, buttonState=0, metaState=0, flags=0x0, edgeFlags=0x0, pointerCount=1, historySize=0, eventTime=901498628, downTime=901498628, deviceId=0, source=0x1002 }
08-06 18:24:42.252 13830 13830 I Input   : injectMotionEvent: MotionEvent { action=ACTION_MOVE, actionButton=0, id[0]=0, x[0]=500.0, y[0]=1061.4, toolType[0]=TOOL_TYPE_UNKNOWN, buttonState=0, metaState=0, flags=0x0, edgeFlags=0x0, pointerCount=1, historySize=0, eventTime=901498665, downTime=901498665, deviceId=0, source=0x1002 }
08-06 18:24:42.291 13830 13830 I Input   : injectMotionEvent: MotionEvent { action=ACTION_MOVE, actionButton=0, id[0]=0, x[0]=500.0, y[0]=987.3, toolType[0]=TOOL_TYPE_UNKNOWN, buttonState=0, metaState=0, flags=0x0, edgeFlags=0x0, pointerCount=1, historySize=0, eventTime=901498704, downTime=901498704, deviceId=0, source=0x1002 }
08-06 18:24:42.331 13830 13830 I Input   : injectMotionEvent: MotionEvent { action=ACTION_MOVE, actionButton=0, id[0]=0, x[0]=500.0, y[0]=911.2999, toolType[0]=TOOL_TYPE_UNKNOWN, buttonState=0, metaState=0, flags=0x0, edgeFlags=0x0, pointerCount=1, historySize=0, eventTime=901498744, downTime=901498744, deviceId=0, source=0x1002 }
08-06 18:24:42.370 13830 13830 I Input   : injectMotionEvent: MotionEvent { action=ACTION_MOVE, actionButton=0, id[0]=0, x[0]=500.0, y[0]=835.30005, toolType[0]=TOOL_TYPE_UNKNOWN, buttonState=0, metaState=0, flags=0x0, edgeFlags=0x0, pointerCount=1, historySize=0, eventTime=901498784, downTime=901498784, deviceId=0, source=0x1002 }
08-06 18:24:42.415 13830 13830 I Input   : injectMotionEvent: MotionEvent { action=ACTION_MOVE, actionButton=0, id[0]=0, x[0]=500.0, y[0]=751.69995, toolType[0]=TOOL_TYPE_UNKNOWN, buttonState=0, metaState=0, flags=0x0, edgeFlags=0x0, pointerCount=1, historySize=0, eventTime=901498828, downTime=901498828, deviceId=0, source=0x1002 }
08-06 18:24:42.458 13830 13830 I Input   : injectMotionEvent: MotionEvent { action=ACTION_MOVE, actionButton=0, id[0]=0, x[0]=500.0, y[0]=670.0, toolType[0]=TOOL_TYPE_UNKNOWN, buttonState=0, metaState=0, flags=0x0, edgeFlags=0x0, pointerCount=1, historySize=0, eventTime=901498871, downTime=901498871, deviceId=0, source=0x1002 }
08-06 18:24:42.497 13830 13830 I Input   : injectMotionEvent: MotionEvent { action=ACTION_MOVE, actionButton=0, id[0]=0, x[0]=500.0, y[0]=594.0, toolType[0]=TOOL_TYPE_UNKNOWN, buttonState=0, metaState=0, flags=0x0, edgeFlags=0x0, pointerCount=1, historySize=0, eventTime=901498911, downTime=901498911, deviceId=0, source=0x1002 }
08-06 18:24:42.537 13830 13830 I Input   : injectMotionEvent: MotionEvent { action=ACTION_MOVE, actionButton=0, id[0]=0, x[0]=500.0, y[0]=519.9, toolType[0]=TOOL_TYPE_UNKNOWN, buttonState=0, metaState=0, flags=0x0, edgeFlags=0x0, pointerCount=1, historySize=0, eventTime=901498950, downTime=901498950, deviceId=0, source=0x1002 }
08-06 18:24:42.578 13830 13830 I Input   : injectMotionEvent: MotionEvent { action=ACTION_MOVE, actionButton=0, id[0]=0, x[0]=500.0, y[0]=442.0, toolType[0]=TOOL_TYPE_UNKNOWN, buttonState=0, metaState=0, flags=0x0, edgeFlags=0x0, pointerCount=1, historySize=0, eventTime=901498991, downTime=901498991, deviceId=0, source=0x1002 }
08-06 18:24:42.595 11409 11470 I art     : Starting a blocking GC Explicit
08-06 18:24:42.617 13830 13830 I Input   : injectMotionEvent: MotionEvent { action=ACTION_MOVE, actionButton=0, id[0]=0, x[0]=500.0, y[0]=367.8999, toolType[0]=TOOL_TYPE_UNKNOWN, buttonState=0, metaState=0, flags=0x0, edgeFlags=0x0, pointerCount=1, historySize=0, eventTime=901499030, downTime=901499030, deviceId=0, source=0x1002 }
08-06 18:24:42.657 13830 13830 I Input   : injectMotionEvent: MotionEvent { action=ACTION_MOVE, actionButton=0, id[0]=0, x[0]=500.0, y[0]=290.0, toolType[0]=TOOL_TYPE_UNKNOWN, buttonState=0, metaState=0, flags=0x0, edgeFlags=0x0, pointerCount=1, historySize=0, eventTime=901499071, downTime=901499071, deviceId=0, source=0x1002 }
08-06 18:24:42.666 11409 11470 I art     : Explicit concurrent mark sweep GC freed 1627(93KB) AllocSpace objects, 2(48KB) LOS objects, 7% free, 185MB/201MB, paused 1.928ms total 70.494ms
08-06 18:24:42.694 11409 11470 I art     : Starting a blocking GC Explicit
08-06 18:24:42.696 13830 13830 I Input   : injectMotionEvent: MotionEvent { action=ACTION_MOVE, actionButton=0, id[0]=0, x[0]=500.0, y[0]=217.79993, toolType[0]=TOOL_TYPE_UNKNOWN, buttonState=0, metaState=0, flags=0x0, edgeFlags=0x0, pointerCount=1, historySize=0, eventTime=901499109, downTime=901499109, deviceId=0, source=0x1002 }
08-06 18:24:42.735 13830 13830 I Input   : injectMotionEvent: MotionEvent { action=ACTION_MOVE, actionButton=0, id[0]=0, x[0]=500.0, y[0]=143.69995, toolType[0]=TOOL_TYPE_UNKNOWN, buttonState=0, metaState=0, flags=0x0, edgeFlags=0x0, pointerCount=1, historySize=0, eventTime=901499148, downTime=901499148, deviceId=0, source=0x1002 }
08-06 18:24:42.758 11409 11470 I art     : Explicit concurrent mark sweep GC freed 46(1872B) AllocSpace objects, 0(0B) LOS objects, 7% free, 185MB/201MB, paused 2.270ms total 63.936ms
08-06 18:24:42.774 13830 13830 I Input   : injectMotionEvent: MotionEvent { action=ACTION_UP, actionButton=0, id[0]=0, x[0]=500.0, y[0]=100.0, toolType[0]=TOOL_TYPE_UNKNOWN, buttonState=0, metaState=0, flags=0x0, edgeFlags=0x0, pointerCount=1, historySize=0, eventTime=901499187, downTime=901499187, deviceId=0, source=0x1002 }
08-06 18:24:42.783 11409 11470 I art     : Starting a blocking GC Explicit
08-06 18:24:42.813 13830 13830 D AndroidRuntime: Shutting down VM
08-06 18:24:42.850 11409 11470 I art     : Explicit concurrent mark sweep GC freed 67(2368B) AllocSpace objects, 0(0B) LOS objects, 7% free, 185MB/201MB, paused 2.096ms total 66.589ms
08-06 18:24:42.875 11409 11470 I art     : Starting a blocking GC Explicit
08-06 18:24:42.943 11409 11470 I art     : Explicit concurrent mark sweep GC freed 19(592B) AllocSpace objects, 0(0B) LOS objects, 7% free, 185MB/201MB, paused 1.855ms total 68.178ms
08-06 18:24:42.971 11409 11470 I art     : Waiting for a blocking GC Explicit
08-06 18:24:42.972 11409 11470 I art     : Starting a blocking GC Explicit
08-06 18:24:43.047 11409 11470 I art     : Explicit concurrent mark sweep GC freed 5(176B) AllocSpace objects, 0(0B) LOS objects, 7% free, 185MB/201MB, paused 2.106ms total 75.045ms
08-06 18:24:43.209  8071  8071 I ServiceManager: Waiting for service AtCmdFwd...
08-06 18:24:43.533 11409 11471 I art     : Starting a blocking GC Explicit
08-06 18:24:43.607 11409 11471 I art     : Explicit concurrent mark sweep GC freed 1597(92KB) AllocSpace objects, 2(48KB) LOS objects, 7% free, 185MB/201MB, paused 2.082ms total 73.841ms
08-06 18:24:43.635 11409 11471 I art     : Starting a blocking GC Explicit
08-06 18:24:43.709 11409 11471 I art     : Explicit concurrent mark sweep GC freed 39(1600B) AllocSpace objects, 0(0B) LOS objects, 7% free, 185MB/201MB, paused 2.183ms total 72.977ms
08-06 18:24:43.736 11409 11471 I art     : Starting a blocking GC Explicit
08-06 18:24:43.771 13868 13868 D AndroidRuntime: >>>>>> START com.android.internal.os.RuntimeInit uid 2000 <<<<<<
08-06 18:24:43.778 13868 13868 D AndroidRuntime: CheckJNI is OFF
08-06 18:24:43.809 11409 11471 I art     : Explicit concurrent mark sweep GC freed 3(96B) AllocSpace objects, 0(0B) LOS objects, 7% free, 185MB/201MB, paused 2.140ms total 72.521ms
08-06 18:24:43.835 11409 11471 I art     : Starting a blocking GC Explicit
08-06 18:24:43.836 13868 13868 D ICU     : No timezone override file found: /data/misc/zoneinfo/current/icu/icu_tzdata.dat
08-06 18:24:43.884 13868 13868 I Radio-JNI: register_android_hardware_Radio DONE
08-06 18:24:43.907 11409 11471 I art     : Explicit concurrent mark sweep GC freed 40(1088B) AllocSpace objects, 0(0B) LOS objects, 7% free, 185MB/201MB, paused 2.024ms total 71.834ms
08-06 18:24:43.918 13868 13868 D AndroidRuntime: Calling main entry com.android.commands.input.Input
08-06 18:24:43.920 13868 13868 I Input   : injectMotionEvent: MotionEvent { action=ACTION_DOWN, actionButton=0, id[0]=0, x[0]=657.0, y[0]=2080.0, toolType[0]=TOOL_TYPE_UNKNOWN, buttonState=0, metaState=0, flags=0x0, edgeFlags=0x0, pointerCount=1, historySize=0, eventTime=901500333, downTime=901500333, deviceId=0, source=0x1002 }
08-06 18:24:43.926 13868 13868 I Input   : injectMotionEvent: MotionEvent { action=ACTION_UP, actionButton=0, id[0]=0, x[0]=657.0, y[0]=2080.0, toolType[0]=TOOL_TYPE_UNKNOWN, buttonState=0, metaState=0, flags=0x0, edgeFlags=0x0, pointerCount=1, historySize=0, eventTime=901500333, downTime=901500333, deviceId=0, source=0x1002 }
08-06 18:24:43.928 13868 13868 D AndroidRuntime: Shutting down VM
08-06 18:24:43.928   918  5952 I ActivityManager: START u0 {cmp=baseline.io.github.project_travel_mate/.utilities.UpcomingWeekendsActivity} from uid 10696 on display 0
08-06 18:24:43.931   512  2967 D audio_hw_primary: out_set_parameters: enter: usecase(1: low-latency-playback) kvpairs: routing=2
08-06 18:24:43.934 11409 11471 I art     : Starting a blocking GC Explicit
08-06 18:24:43.946   512  2967 D audio_hw_primary: select_devices: out_snd_device(2: speaker) in_snd_device(0: none)
08-06 18:24:43.946   512  2967 D msm8974_platform: platform_send_audio_calibration: sending audio calibration for snd_device(2) acdb_id(15)
08-06 18:24:43.946   512  2967 I soundtrigger: audio_extn_sound_trigger_update_device_status: device 0x2 of type 0 for Event 1
08-06 18:24:43.959   512  2967 D audio_hw_primary: enable_snd_device: snd_device(2: speaker)
08-06 18:24:43.962   512  2967 D audio_hw_primary: enable_audio_route: apply and update mixer path: low-latency-playback speaker
08-06 18:24:43.972 11409 11492 D Gabe    : call	returning from cache
08-06 18:24:43.977 11409 11409 V EXECUTING: https://project-travel-mate.herokuapp.com/api/get-upcoming-holidays/2020
08-06 18:24:43.982 11409 11409 V EXECUTING: https://project-travel-mate.herokuapp.com/api/get-upcoming-holidays/2020
08-06 18:24:44.013 11409 11471 I art     : Explicit concurrent mark sweep GC freed 689(37KB) AllocSpace objects, 0(0B) LOS objects, 7% free, 186MB/202MB, paused 2.275ms total 78.772ms
08-06 18:24:44.072 13866 13866 I GoogleInputMethodServic: GoogleInputMethodService.onFinishInput():3138 
08-06 18:24:44.073 13866 13866 I GoogleInputMethodServic: GoogleInputMethodService.onStartInput():1808 
08-06 18:24:44.180   918   936 I ActivityManager: Displayed baseline.io.github.project_travel_mate/.utilities.UpcomingWeekendsActivity: +240ms
08-06 18:24:44.210  8071  8071 I ServiceManager: Waiting for service AtCmdFwd...
08-06 18:24:44.438   380   380 W SurfaceFlinger: couldn't log to binary event log: overflow.
08-06 18:24:44.472 11409 11421 I art     : Starting a blocking GC Explicit
08-06 18:24:44.502   512  2967 D audio_hw_primary: disable_audio_route: reset and update mixer path: low-latency-playback speaker
08-06 18:24:44.504   512  2967 D audio_hw_primary: disable_snd_device: snd_device(2: speaker)
08-06 18:24:44.513   512  2967 I soundtrigger: audio_extn_sound_trigger_update_device_status: device 0x2 of type 0 for Event 0
08-06 18:24:44.549 11409 11421 I art     : Explicit concurrent mark sweep GC freed 8310(429KB) AllocSpace objects, 8(448KB) LOS objects, 7% free, 190MB/206MB, paused 2.448ms total 76.400ms
08-06 18:24:44.558 11409 13907 I NAPPA_EXPERIMENTATION: MetricNetworkRequestExecutionTime: REQUEST_DURATION_SYSTEM='575',REQUEST_DURATION_OKHTTP='36',REQUEST_SYNCHRONOUS='FALSE',RESPONSE_CODE='200',RESPONSE_METHOD='GET',RESPONSE_LENGTH_OKHTTP='6426',RESPONSE_LENGTH_HEADER='6426',REQUEST_PROTOCOL='http/1.1',REQUEST_URL='https://project-travel-mate.herokuapp.com/api/get-upcoming-holidays/2020',
08-06 18:24:44.578 11409 11421 I art     : Starting a blocking GC Explicit
08-06 18:24:44.583 11409 13905 I NAPPA_EXPERIMENTATION: MetricNetworkRequestExecutionTime: REQUEST_DURATION_SYSTEM='603',REQUEST_DURATION_OKHTTP='59',REQUEST_SYNCHRONOUS='FALSE',RESPONSE_CODE='200',RESPONSE_METHOD='GET',RESPONSE_LENGTH_OKHTTP='6426',RESPONSE_LENGTH_HEADER='6426',REQUEST_PROTOCOL='http/1.1',REQUEST_URL='https://project-travel-mate.herokuapp.com/api/get-upcoming-holidays/2020',
08-06 18:24:44.646 11409 11421 I art     : Explicit concurrent mark sweep GC freed 2309(260KB) AllocSpace objects, 3(48KB) LOS objects, 7% free, 190MB/206MB, paused 2.107ms total 66.905ms
08-06 18:24:44.668 11409 11409 V Response: [{"month":"January","date":1,"day":"Wednesday","name":"New Year's Day","type":"Restricted"},{"month":"January","date":2,"day":"Thursday","name":"Guru Govind Singh Jayanti","type":"Restricted"},{"month":"January","date":14,"day":"Tuesday","name":"Lohri","type":"Restricted"},{"month":"January","date":15,"day":"Wednesday","name":"Pongal","type":"Restricted"},{"month":"January","date":15,"day":"Wednesday","name":"Makar Sankranti","type":"Restricted"},{"month":"January","date":25,"day":"Saturday","name":"Chinese New Year","type":"Observance"},{"month":"January","date":26,"day":"Sunday","name":"Republic Day","type":"Gazetted"},{"month":"January","date":30,"day":"Thursday","name":"Vasant Panchami","type":"Restricted"},{"month":"February","date":9,"day":"Sunday","name":"Guru Ravidas Jayanti","type":"Restricted"},{"month":"February","date":14,"day":"Friday","name":"Valentine's Day","type":"Observance"},{"month":"February","date":18,"day":"Tuesday","name":"Maharishi Dayanand Saraswati Jayanti","type":"Restricted"},{"month":"February","date":19,"day":"Wednesday","name":"Shivaji Jayanti","type":"Restricted"},{"month":"February","date":21,"day":"Friday","name":"Maha Shivaratri/Shivaratri","type":"Gazetted"},{"month":"March","date":9,"day":"Monday","name":"Holika Dahana","type":"Restricted"},{"month":"March","date":9,"day":"Monday","name":"Hazarat Ali's Birthday","type":"Restricted"},{"month":"March","date":10,"day":"Tuesday","name":"Holi","type":"Gazetted"},{"month":"March","date":20,"day":"Friday","name":"March Equinox","type":"Season"},{"month":"March","date":25,"day":"Wednesday","name":"Chaitra Sukhladi","type":"Restricted"},{"month":"April","date":2,"day":"Thursday","name":"Rama Navami","type":"Gazetted"},{"month":"April","date":6,"day":"Monday","name":"Mahavir Jayanti","type":"Gazetted"},{"month":"April","date":9,"day":"Thursday","name":"First day of Passover","type":"Observance"},{"month":"April","date":9,"day":"Thursday","name":"Maundy Thursday","type":"Observance,"},{"month":"April","date":10,"day":"Friday","name":"Good Friday","type":"Gazetted"},{"month":"April","date":12,"day":"Sunday","name":"Easter Day","type":"Restricted"},{"month":"April","date":13,"day":"Monday","name":"Vaisakhi","type":"Restricted"},{"month":"April","date":14,"day":"Tuesday","name":"Mesadi/Vaisakhadi","type":"Restricted"},{"month":"April","date":14,"day":"Tuesday","name":"Ambedkar Jayanti","type":"Central"},{"month":"May","date":1,"day":"Friday","name":"May Day","type":"Observance"},{"month":"May","date":7,"day":"Thursday","name":"Buddha Purnima/Vesak","type":"Gazetted"},{"month":"May","date":7,"day":"Thursday","name":"Birthday of Ravindranath","type":"Restricted"},{"month":"May","date":10,"day":"Sunday","name":"Mother's Day","type":"Observance"},{"month":"May","date":22,"day":"Friday","name":"Jamat Ul-Vida","type":"Restricted"},{"month":"May","date":25,"day":"Monday","name":"Ramzan Id/Eid-ul-Fitar","type":"Gazetted"},{"month":"May","date":25,"day":"Monday","name":"Ramzan Id/Eid-ul-Fitar","type":"Muslim,"},{"month":"June","date":21,"day":"Sunday","name":"June Solstice","type":"Season"},{"month":"June","date":21,"day":"Sunday","name":"Father's Day","type":"Observance"},{"month":"June","date":23,"day":"Tuesday","name":"Rath Yatra","type":"Restricted"},{"month":"July","date":5,"day":"Sunday","name":"Guru Purnima","type":"Observance"},{"month":"July","date":31,"day":"Friday","name":"Bakr Id/Eid ul-Adha","type":"Gazetted"},{"month":"August","date":2,"day":"Sunday","name":"Friendship Day","type":"Observance"},{"month":"August","date":3,"day":"Monday","name":"Raksha Bandhan (Rakhi)","type":"Restricted"},{"month":"August","date":11,"day":"Tuesday","name":"Janmashtami (Smarta)","type":"Restricted"},{"month":"August","date":12,"day":"Wednesday","name":"Janmashtami","type":"Gazetted"},{"month":"August","date":15,"day":"Saturday","name":"Independence Day","type":"Gazetted"},{"month":"August","date":16,"day":"Sunday","name":"Parsi New Year","type":"Restricted"},{"month":"August","date":22,"day":"Saturday","name":"Ganesh Chaturthi/Vin
08-06 18:24:44.670 11409 11421 I art     : Starting a blocking GC Explicit
08-06 18:24:44.741 11409 11421 I art     : Explicit concurrent mark sweep GC freed 4864(178KB) AllocSpace objects, 0(0B) LOS objects, 7% free, 191MB/207MB, paused 2.841ms total 70.149ms
08-06 18:24:44.762 11409 11409 V Response: [{"month":"January","date":1,"day":"Wednesday","name":"New Year's Day","type":"Restricted"},{"month":"January","date":2,"day":"Thursday","name":"Guru Govind Singh Jayanti","type":"Restricted"},{"month":"January","date":14,"day":"Tuesday","name":"Lohri","type":"Restricted"},{"month":"January","date":15,"day":"Wednesday","name":"Pongal","type":"Restricted"},{"month":"January","date":15,"day":"Wednesday","name":"Makar Sankranti","type":"Restricted"},{"month":"January","date":25,"day":"Saturday","name":"Chinese New Year","type":"Observance"},{"month":"January","date":26,"day":"Sunday","name":"Republic Day","type":"Gazetted"},{"month":"January","date":30,"day":"Thursday","name":"Vasant Panchami","type":"Restricted"},{"month":"February","date":9,"day":"Sunday","name":"Guru Ravidas Jayanti","type":"Restricted"},{"month":"February","date":14,"day":"Friday","name":"Valentine's Day","type":"Observance"},{"month":"February","date":18,"day":"Tuesday","name":"Maharishi Dayanand Saraswati Jayanti","type":"Restricted"},{"month":"February","date":19,"day":"Wednesday","name":"Shivaji Jayanti","type":"Restricted"},{"month":"February","date":21,"day":"Friday","name":"Maha Shivaratri/Shivaratri","type":"Gazetted"},{"month":"March","date":9,"day":"Monday","name":"Holika Dahana","type":"Restricted"},{"month":"March","date":9,"day":"Monday","name":"Hazarat Ali's Birthday","type":"Restricted"},{"month":"March","date":10,"day":"Tuesday","name":"Holi","type":"Gazetted"},{"month":"March","date":20,"day":"Friday","name":"March Equinox","type":"Season"},{"month":"March","date":25,"day":"Wednesday","name":"Chaitra Sukhladi","type":"Restricted"},{"month":"April","date":2,"day":"Thursday","name":"Rama Navami","type":"Gazetted"},{"month":"April","date":6,"day":"Monday","name":"Mahavir Jayanti","type":"Gazetted"},{"month":"April","date":9,"day":"Thursday","name":"First day of Passover","type":"Observance"},{"month":"April","date":9,"day":"Thursday","name":"Maundy Thursday","type":"Observance,"},{"month":"April","date":10,"day":"Friday","name":"Good Friday","type":"Gazetted"},{"month":"April","date":12,"day":"Sunday","name":"Easter Day","type":"Restricted"},{"month":"April","date":13,"day":"Monday","name":"Vaisakhi","type":"Restricted"},{"month":"April","date":14,"day":"Tuesday","name":"Mesadi/Vaisakhadi","type":"Restricted"},{"month":"April","date":14,"day":"Tuesday","name":"Ambedkar Jayanti","type":"Central"},{"month":"May","date":1,"day":"Friday","name":"May Day","type":"Observance"},{"month":"May","date":7,"day":"Thursday","name":"Buddha Purnima/Vesak","type":"Gazetted"},{"month":"May","date":7,"day":"Thursday","name":"Birthday of Ravindranath","type":"Restricted"},{"month":"May","date":10,"day":"Sunday","name":"Mother's Day","type":"Observance"},{"month":"May","date":22,"day":"Friday","name":"Jamat Ul-Vida","type":"Restricted"},{"month":"May","date":25,"day":"Monday","name":"Ramzan Id/Eid-ul-Fitar","type":"Gazetted"},{"month":"May","date":25,"day":"Monday","name":"Ramzan Id/Eid-ul-Fitar","type":"Muslim,"},{"month":"June","date":21,"day":"Sunday","name":"June Solstice","type":"Season"},{"month":"June","date":21,"day":"Sunday","name":"Father's Day","type":"Observance"},{"month":"June","date":23,"day":"Tuesday","name":"Rath Yatra","type":"Restricted"},{"month":"July","date":5,"day":"Sunday","name":"Guru Purnima","type":"Observance"},{"month":"July","date":31,"day":"Friday","name":"Bakr Id/Eid ul-Adha","type":"Gazetted"},{"month":"August","date":2,"day":"Sunday","name":"Friendship Day","type":"Observance"},{"month":"August","date":3,"day":"Monday","name":"Raksha Bandhan (Rakhi)","type":"Restricted"},{"month":"August","date":11,"day":"Tuesday","name":"Janmashtami (Smarta)","type":"Restricted"},{"month":"August","date":12,"day":"Wednesday","name":"Janmashtami","type":"Gazetted"},{"month":"August","date":15,"day":"Saturday","name":"Independence Day","type":"Gazetted"},{"month":"August","date":16,"day":"Sunday","name":"Parsi New Year","type":"Restricted"},{"month":"August","date":22,"day":"Saturday","name":"Ganesh Chaturthi/Vin
08-06 18:24:44.769 11409 11421 I art     : Starting a blocking GC Explicit
08-06 18:24:44.849 11409 11421 I art     : Explicit concurrent mark sweep GC freed 8665(314KB) AllocSpace objects, 1(4MB) LOS objects, 7% free, 187MB/203MB, paused 2.259ms total 78.935ms
08-06 18:24:44.878 11409 11421 I art     : Starting a blocking GC Explicit
08-06 18:24:44.959 11409 11421 I art     : Explicit concurrent mark sweep GC freed 752(30KB) AllocSpace objects, 7(140KB) LOS objects, 7% free, 187MB/203MB, paused 2.288ms total 80.760ms
08-06 18:24:45.210  8071  8071 I ServiceManager: Waiting for service AtCmdFwd...
08-06 18:24:45.428 11409 11471 I art     : Starting a blocking GC Explicit
08-06 18:24:45.510 11409 11471 I art     : Explicit concurrent mark sweep GC freed 3175(159KB) AllocSpace objects, 6(128KB) LOS objects, 7% free, 186MB/202MB, paused 2.485ms total 81.978ms
08-06 18:24:45.539 11409 11471 I art     : Starting a blocking GC Explicit
08-06 18:24:45.620 11409 11471 I art     : Explicit concurrent mark sweep GC freed 194(3KB) AllocSpace objects, 0(0B) LOS objects, 7% free, 186MB/202MB, paused 2.478ms total 80.623ms
08-06 18:24:45.650 11409 11471 I art     : Starting a blocking GC Explicit
08-06 18:24:45.732 11409 11471 I art     : Explicit concurrent mark sweep GC freed 182(3KB) AllocSpace objects, 0(0B) LOS objects, 7% free, 186MB/202MB, paused 2.257ms total 81.817ms
08-06 18:24:45.761 11409 11471 I art     : Starting a blocking GC Explicit
08-06 18:24:45.843 11409 11471 I art     : Explicit concurrent mark sweep GC freed 197(4KB) AllocSpace objects, 0(0B) LOS objects, 7% free, 186MB/202MB, paused 2.475ms total 81.737ms
08-06 18:24:45.872 11409 11471 I art     : Starting a blocking GC Explicit
08-06 18:24:45.955 11409 11471 I art     : Explicit concurrent mark sweep GC freed 179(3KB) AllocSpace objects, 0(0B) LOS objects, 7% free, 186MB/202MB, paused 2.182ms total 82.503ms
08-06 18:24:46.211  8071  8071 I ServiceManager: Waiting for service AtCmdFwd...
08-06 18:24:46.431 11409 11470 I art     : Starting a blocking GC Explicit
08-06 18:24:46.514 11409 11470 I art     : Explicit concurrent mark sweep GC freed 2403(105KB) AllocSpace objects, 2(48KB) LOS objects, 7% free, 186MB/202MB, paused 2.298ms total 82.480ms
08-06 18:24:46.543 11409 11470 I art     : Starting a blocking GC Explicit
08-06 18:24:46.625 11409 11470 I art     : Explicit concurrent mark sweep GC freed 183(3KB) AllocSpace objects, 0(0B) LOS objects, 7% free, 186MB/202MB, paused 2.415ms total 81.158ms
08-06 18:24:46.654 11409 11470 I art     : Starting a blocking GC Explicit
08-06 18:24:46.735 11409 11470 I art     : Explicit concurrent mark sweep GC freed 182(3KB) AllocSpace objects, 0(0B) LOS objects, 7% free, 186MB/202MB, paused 2.257ms total 81.187ms
08-06 18:24:46.764 11409 11470 I art     : Starting a blocking GC Explicit
08-06 18:24:46.847 11409 11470 I art     : Explicit concurrent mark sweep GC freed 204(3KB) AllocSpace objects, 0(0B) LOS objects, 7% free, 186MB/202MB, paused 2.604ms total 82.543ms
08-06 18:24:46.875 11409 11470 I art     : Starting a blocking GC Explicit
08-06 18:24:46.955 11409 11470 I art     : Explicit concurrent mark sweep GC freed 151(2592B) AllocSpace objects, 0(0B) LOS objects, 7% free, 186MB/202MB, paused 2.257ms total 79.625ms
08-06 18:24:47.211  8071  8071 W Atfwd_Sendcmd: AtCmdFwd service not published, waiting... retryCnt : 3
08-06 18:24:47.440 11409 11422 I art     : Starting a blocking GC Explicit
08-06 18:24:47.525 11409 11422 I art     : Explicit concurrent mark sweep GC freed 2402(105KB) AllocSpace objects, 2(48KB) LOS objects, 7% free, 186MB/202MB, paused 2.606ms total 84.428ms
08-06 18:24:47.554 11409 11422 I art     : Starting a blocking GC Explicit
08-06 18:24:47.637 11409 11422 I art     : Explicit concurrent mark sweep GC freed 196(3KB) AllocSpace objects, 0(0B) LOS objects, 7% free, 186MB/202MB, paused 2.804ms total 82.631ms
08-06 18:24:47.667 11409 11422 I art     : Starting a blocking GC Explicit
08-06 18:24:47.743 11409 11422 I art     : Explicit concurrent mark sweep GC freed 148(2528B) AllocSpace objects, 0(0B) LOS objects, 7% free, 186MB/202MB, paused 2.156ms total 75.888ms
08-06 18:24:47.773 11409 11422 I art     : Starting a blocking GC Explicit
08-06 18:24:47.850 11409 11422 I art     : Explicit concurrent mark sweep GC freed 220(4KB) AllocSpace objects, 0(0B) LOS objects, 7% free, 186MB/202MB, paused 2.135ms total 77.397ms
08-06 18:24:47.879 11409 11422 I art     : Starting a blocking GC Explicit
08-06 18:24:47.960 11409 11422 I art     : Explicit concurrent mark sweep GC freed 162(2960B) AllocSpace objects, 0(0B) LOS objects, 7% free, 186MB/202MB, paused 2.635ms total 80.986ms
08-06 18:24:48.432 11409 11421 I art     : Starting a blocking GC Explicit
08-06 18:24:48.511 11409 11421 I art     : Explicit concurrent mark sweep GC freed 2378(105KB) AllocSpace objects, 2(48KB) LOS objects, 7% free, 186MB/202MB, paused 2.146ms total 78.038ms
08-06 18:24:48.539 11409 11421 I art     : Starting a blocking GC Explicit
08-06 18:24:48.617 11409 11421 I art     : Explicit concurrent mark sweep GC freed 195(3KB) AllocSpace objects, 0(0B) LOS objects, 7% free, 186MB/202MB, paused 2.140ms total 76.813ms
08-06 18:24:48.644 11409 11421 I art     : Starting a blocking GC Explicit
08-06 18:24:48.721 11409 11421 I art     : Explicit concurrent mark sweep GC freed 159(3KB) AllocSpace objects, 0(0B) LOS objects, 7% free, 186MB/202MB, paused 2.158ms total 76.421ms
08-06 18:24:48.749 11409 11421 I art     : Starting a blocking GC Explicit
08-06 18:24:48.826 11409 11421 I art     : Explicit concurrent mark sweep GC freed 158(3KB) AllocSpace objects, 0(0B) LOS objects, 7% free, 186MB/202MB, paused 2.112ms total 76.073ms
08-06 18:24:48.854 13959 13959 D AndroidRuntime: >>>>>> START com.android.internal.os.RuntimeInit uid 2000 <<<<<<
08-06 18:24:48.854 11409 11421 I art     : Starting a blocking GC Explicit
08-06 18:24:48.860 13959 13959 D AndroidRuntime: CheckJNI is OFF
08-06 18:24:48.916 13959 13959 D ICU     : No timezone override file found: /data/misc/zoneinfo/current/icu/icu_tzdata.dat
08-06 18:24:48.930 11409 11421 I art     : Explicit concurrent mark sweep GC freed 193(3KB) AllocSpace objects, 0(0B) LOS objects, 7% free, 186MB/202MB, paused 2.312ms total 75.525ms
08-06 18:24:48.965 13959 13959 I Radio-JNI: register_android_hardware_Radio DONE
08-06 18:24:48.999 13959 13959 D AndroidRuntime: Calling main entry com.android.commands.input.Input
08-06 18:24:49.001 13959 13959 I Input   : injectKeyEvent: KeyEvent { action=ACTION_DOWN, keyCode=KEYCODE_BACK, scanCode=0, metaState=0, flags=0x0, repeatCount=0, eventTime=901505414, downTime=901505414, deviceId=-1, source=0x101 }
08-06 18:24:49.007 13959 13959 I Input   : injectKeyEvent: KeyEvent { action=ACTION_UP, keyCode=KEYCODE_BACK, scanCode=0, metaState=0, flags=0x0, repeatCount=0, eventTime=901505414, downTime=901505414, deviceId=-1, source=0x101 }
08-06 18:24:49.016 13959 13959 D AndroidRuntime: Shutting down VM
08-06 18:24:49.027 11409 11409 V MainActivity: url = https://project-travel-mate.herokuapp.com/api/number-of-unread-notifications
08-06 18:24:49.061 13866 13866 I GoogleInputMethodServic: GoogleInputMethodService.onFinishInput():3138 
08-06 18:24:49.062 13866 13866 I GoogleInputMethodServic: GoogleInputMethodService.onStartInput():1808 
08-06 18:24:49.426   380   380 W SurfaceFlinger: couldn't log to binary event log: overflow.
08-06 18:24:49.452 11409 11471 I art     : Starting a blocking GC Explicit
08-06 18:24:49.532 11409 11471 I art     : Explicit concurrent mark sweep GC freed 2693(125KB) AllocSpace objects, 3(236KB) LOS objects, 7% free, 186MB/202MB, paused 2.306ms total 79.622ms
08-06 18:24:49.561 11409 11471 I art     : Starting a blocking GC Explicit
08-06 18:24:49.631 11409 11471 I art     : Explicit concurrent mark sweep GC freed 6710(363KB) AllocSpace objects, 13(264KB) LOS objects, 7% free, 186MB/202MB, paused 2.153ms total 69.641ms
08-06 18:24:49.657 11409 11471 I art     : Starting a blocking GC Explicit
08-06 18:24:49.743 11409 11471 I art     : Explicit concurrent mark sweep GC freed 2410(126KB) AllocSpace objects, 3(200KB) LOS objects, 7% free, 186MB/202MB, paused 3.117ms total 85.727ms
08-06 18:24:49.772 11409 11471 I art     : Starting a blocking GC Explicit
08-06 18:24:49.780 11409 13981 I NAPPA_EXPERIMENTATION: MetricNetworkRequestExecutionTime: REQUEST_DURATION_SYSTEM='750',REQUEST_DURATION_OKHTTP='36',REQUEST_SYNCHRONOUS='FALSE',RESPONSE_CODE='200',RESPONSE_METHOD='GET',RESPONSE_LENGTH_OKHTTP='36',RESPONSE_LENGTH_HEADER='36',REQUEST_PROTOCOL='http/1.1',REQUEST_URL='https://project-travel-mate.herokuapp.com/api/number-of-unread-notifications',
08-06 18:24:49.857 11409 11471 I art     : Explicit concurrent mark sweep GC freed 1294(135KB) AllocSpace objects, 0(0B) LOS objects, 7% free, 186MB/202MB, paused 2.637ms total 84.697ms
08-06 18:24:49.885 11409 11471 I art     : Starting a blocking GC Explicit
08-06 18:24:49.969 11409 11471 I art     : Explicit concurrent mark sweep GC freed 94(3KB) AllocSpace objects, 0(0B) LOS objects, 7% free, 186MB/202MB, paused 2.902ms total 82.673ms
08-06 18:24:50.465 11409 11470 I art     : Starting a blocking GC Explicit
08-06 18:24:50.557 11409 11470 I art     : Explicit concurrent mark sweep GC freed 1586(92KB) AllocSpace objects, 2(48KB) LOS objects, 7% free, 186MB/202MB, paused 2.614ms total 91.436ms
08-06 18:24:50.584 11409 11470 I art     : Starting a blocking GC Explicit
08-06 18:24:50.659 11409 11470 I art     : Explicit concurrent mark sweep GC freed 29(1056B) AllocSpace objects, 0(0B) LOS objects, 7% free, 186MB/202MB, paused 2.587ms total 74.649ms
08-06 18:24:50.699 11409 11470 I art     : Starting a blocking GC Explicit
08-06 18:24:50.767 11409 11470 I art     : Explicit concurrent mark sweep GC freed 8(256B) AllocSpace objects, 0(0B) LOS objects, 7% free, 186MB/202MB, paused 2.016ms total 68.278ms
08-06 18:24:50.793 11409 11470 I art     : Starting a blocking GC Explicit
08-06 18:24:50.862 11409 11470 I art     : Explicit concurrent mark sweep GC freed 44(1216B) AllocSpace objects, 0(0B) LOS objects, 7% free, 186MB/202MB, paused 2.213ms total 68.496ms
08-06 18:24:50.886 11409 11470 I art     : Starting a blocking GC Explicit
08-06 18:24:50.946 14004 14004 D AndroidRuntime: >>>>>> START com.android.internal.os.RuntimeInit uid 2000 <<<<<<
08-06 18:24:50.952 14004 14004 D AndroidRuntime: CheckJNI is OFF
08-06 18:24:50.957 11409 11470 I art     : Explicit concurrent mark sweep GC freed 5(160B) AllocSpace objects, 0(0B) LOS objects, 7% free, 186MB/202MB, paused 1.997ms total 70.047ms
08-06 18:24:51.009 14004 14004 D ICU     : No timezone override file found: /data/misc/zoneinfo/current/icu/icu_tzdata.dat
08-06 18:24:51.054 14004 14004 I Radio-JNI: register_android_hardware_Radio DONE
08-06 18:24:51.087 14004 14004 D AndroidRuntime: Calling main entry com.android.commands.input.Input
08-06 18:24:51.091 14004 14004 I Input   : injectMotionEvent: MotionEvent { action=ACTION_DOWN, actionButton=0, id[0]=0, x[0]=657.0, y[0]=2080.0, toolType[0]=TOOL_TYPE_UNKNOWN, buttonState=0, metaState=0, flags=0x0, edgeFlags=0x0, pointerCount=1, historySize=0, eventTime=901507503, downTime=901507503, deviceId=0, source=0x1002 }
08-06 18:24:51.097 14004 14004 I Input   : injectMotionEvent: MotionEvent { action=ACTION_UP, actionButton=0, id[0]=0, x[0]=657.0, y[0]=2080.0, toolType[0]=TOOL_TYPE_UNKNOWN, buttonState=0, metaState=0, flags=0x0, edgeFlags=0x0, pointerCount=1, historySize=0, eventTime=901507503, downTime=901507503, deviceId=0, source=0x1002 }
08-06 18:24:51.099 14004 14004 D AndroidRuntime: Shutting down VM
08-06 18:24:51.099   918  6110 I ActivityManager: START u0 {cmp=baseline.io.github.project_travel_mate/.utilities.UpcomingWeekendsActivity} from uid 10696 on display 0
08-06 18:24:51.101   512  2967 D audio_hw_primary: out_set_parameters: enter: usecase(1: low-latency-playback) kvpairs: routing=2
08-06 18:24:51.116   512  2967 D audio_hw_primary: select_devices: out_snd_device(2: speaker) in_snd_device(0: none)
08-06 18:24:51.116   512  2967 D msm8974_platform: platform_send_audio_calibration: sending audio calibration for snd_device(2) acdb_id(15)
08-06 18:24:51.117   512  2967 I soundtrigger: audio_extn_sound_trigger_update_device_status: device 0x2 of type 0 for Event 1
08-06 18:24:51.132   512  2967 D audio_hw_primary: enable_snd_device: snd_device(2: speaker)
08-06 18:24:51.135   512  2967 D audio_hw_primary: enable_audio_route: apply and update mixer path: low-latency-playback speaker
08-06 18:24:51.144 11409 11492 D Gabe    : call	returning from cache
08-06 18:24:51.149 11409 11409 V EXECUTING: https://project-travel-mate.herokuapp.com/api/get-upcoming-holidays/2020
08-06 18:24:51.152 11409 11409 V EXECUTING: https://project-travel-mate.herokuapp.com/api/get-upcoming-holidays/2020
08-06 18:24:51.262 13866 13866 I GoogleInputMethodServic: GoogleInputMethodService.onFinishInput():3138 
08-06 18:24:51.263 13866 13866 I GoogleInputMethodServic: GoogleInputMethodService.onStartInput():1808 
08-06 18:24:51.369   918   936 I ActivityManager: Displayed baseline.io.github.project_travel_mate/.utilities.UpcomingWeekendsActivity: +259ms
08-06 18:24:51.422 11409 11470 I art     : Starting a blocking GC Explicit
08-06 18:24:51.495 11409 11470 I art     : Explicit concurrent mark sweep GC freed 3402(191KB) AllocSpace objects, 2(48KB) LOS objects, 7% free, 190MB/206MB, paused 2.413ms total 73.247ms
08-06 18:24:51.522 11409 11470 I art     : Starting a blocking GC Explicit
08-06 18:24:51.592 11409 11470 I art     : Explicit concurrent mark sweep GC freed 339(13KB) AllocSpace objects, 0(0B) LOS objects, 7% free, 190MB/206MB, paused 2.376ms total 70.164ms
08-06 18:24:51.619 11409 11470 I art     : Starting a blocking GC Explicit
08-06 18:24:51.628   380   380 W SurfaceFlinger: couldn't log to binary event log: overflow.
08-06 18:24:51.679   512  2967 D audio_hw_primary: disable_audio_route: reset and update mixer path: low-latency-playback speaker
08-06 18:24:51.681   512  2967 D audio_hw_primary: disable_snd_device: snd_device(2: speaker)
08-06 18:24:51.688 11409 11470 I art     : Explicit concurrent mark sweep GC freed 152(2864B) AllocSpace objects, 0(0B) LOS objects, 7% free, 190MB/206MB, paused 2.380ms total 69.280ms
08-06 18:24:51.689   512  2967 I soundtrigger: audio_extn_sound_trigger_update_device_status: device 0x2 of type 0 for Event 0
08-06 18:24:51.715 11409 11470 I art     : Starting a blocking GC Explicit
08-06 18:24:51.799 11409 11470 I art     : Explicit concurrent mark sweep GC freed 3815(209KB) AllocSpace objects, 5(320KB) LOS objects, 7% free, 191MB/207MB, paused 4.265ms total 83.803ms
08-06 18:24:51.824 11409 11470 I art     : Starting a blocking GC Explicit
08-06 18:24:51.831 11409 14022 I NAPPA_EXPERIMENTATION: MetricNetworkRequestExecutionTime: REQUEST_DURATION_SYSTEM='681',REQUEST_DURATION_OKHTTP='35',REQUEST_SYNCHRONOUS='FALSE',RESPONSE_CODE='200',RESPONSE_METHOD='GET',RESPONSE_LENGTH_OKHTTP='6426',RESPONSE_LENGTH_HEADER='6426',REQUEST_PROTOCOL='http/1.1',REQUEST_URL='https://project-travel-mate.herokuapp.com/api/get-upcoming-holidays/2020',
08-06 18:24:51.856 11409 14023 I NAPPA_EXPERIMENTATION: MetricNetworkRequestExecutionTime: REQUEST_DURATION_SYSTEM='701',REQUEST_DURATION_OKHTTP='46',REQUEST_SYNCHRONOUS='FALSE',RESPONSE_CODE='200',RESPONSE_METHOD='GET',RESPONSE_LENGTH_OKHTTP='6426',RESPONSE_LENGTH_HEADER='6426',REQUEST_PROTOCOL='http/1.1',REQUEST_URL='https://project-travel-mate.herokuapp.com/api/get-upcoming-holidays/2020',
08-06 18:24:51.894 11409 11470 I art     : Explicit concurrent mark sweep GC freed 3763(315KB) AllocSpace objects, 3(112KB) LOS objects, 7% free, 191MB/207MB, paused 2.277ms total 69.146ms
08-06 18:24:51.938 11409 11409 V Response: [{"month":"January","date":1,"day":"Wednesday","name":"New Year's Day","type":"Restricted"},{"month":"January","date":2,"day":"Thursday","name":"Guru Govind Singh Jayanti","type":"Restricted"},{"month":"January","date":14,"day":"Tuesday","name":"Lohri","type":"Restricted"},{"month":"January","date":15,"day":"Wednesday","name":"Pongal","type":"Restricted"},{"month":"January","date":15,"day":"Wednesday","name":"Makar Sankranti","type":"Restricted"},{"month":"January","date":25,"day":"Saturday","name":"Chinese New Year","type":"Observance"},{"month":"January","date":26,"day":"Sunday","name":"Republic Day","type":"Gazetted"},{"month":"January","date":30,"day":"Thursday","name":"Vasant Panchami","type":"Restricted"},{"month":"February","date":9,"day":"Sunday","name":"Guru Ravidas Jayanti","type":"Restricted"},{"month":"February","date":14,"day":"Friday","name":"Valentine's Day","type":"Observance"},{"month":"February","date":18,"day":"Tuesday","name":"Maharishi Dayanand Saraswati Jayanti","type":"Restricted"},{"month":"February","date":19,"day":"Wednesday","name":"Shivaji Jayanti","type":"Restricted"},{"month":"February","date":21,"day":"Friday","name":"Maha Shivaratri/Shivaratri","type":"Gazetted"},{"month":"March","date":9,"day":"Monday","name":"Holika Dahana","type":"Restricted"},{"month":"March","date":9,"day":"Monday","name":"Hazarat Ali's Birthday","type":"Restricted"},{"month":"March","date":10,"day":"Tuesday","name":"Holi","type":"Gazetted"},{"month":"March","date":20,"day":"Friday","name":"March Equinox","type":"Season"},{"month":"March","date":25,"day":"Wednesday","name":"Chaitra Sukhladi","type":"Restricted"},{"month":"April","date":2,"day":"Thursday","name":"Rama Navami","type":"Gazetted"},{"month":"April","date":6,"day":"Monday","name":"Mahavir Jayanti","type":"Gazetted"},{"month":"April","date":9,"day":"Thursday","name":"First day of Passover","type":"Observance"},{"month":"April","date":9,"day":"Thursday","name":"Maundy Thursday","type":"Observance,"},{"month":"April","date":10,"day":"Friday","name":"Good Friday","type":"Gazetted"},{"month":"April","date":12,"day":"Sunday","name":"Easter Day","type":"Restricted"},{"month":"April","date":13,"day":"Monday","name":"Vaisakhi","type":"Restricted"},{"month":"April","date":14,"day":"Tuesday","name":"Mesadi/Vaisakhadi","type":"Restricted"},{"month":"April","date":14,"day":"Tuesday","name":"Ambedkar Jayanti","type":"Central"},{"month":"May","date":1,"day":"Friday","name":"May Day","type":"Observance"},{"month":"May","date":7,"day":"Thursday","name":"Buddha Purnima/Vesak","type":"Gazetted"},{"month":"May","date":7,"day":"Thursday","name":"Birthday of Ravindranath","type":"Restricted"},{"month":"May","date":10,"day":"Sunday","name":"Mother's Day","type":"Observance"},{"month":"May","date":22,"day":"Friday","name":"Jamat Ul-Vida","type":"Restricted"},{"month":"May","date":25,"day":"Monday","name":"Ramzan Id/Eid-ul-Fitar","type":"Gazetted"},{"month":"May","date":25,"day":"Monday","name":"Ramzan Id/Eid-ul-Fitar","type":"Muslim,"},{"month":"June","date":21,"day":"Sunday","name":"June Solstice","type":"Season"},{"month":"June","date":21,"day":"Sunday","name":"Father's Day","type":"Observance"},{"month":"June","date":23,"day":"Tuesday","name":"Rath Yatra","type":"Restricted"},{"month":"July","date":5,"day":"Sunday","name":"Guru Purnima","type":"Observance"},{"month":"July","date":31,"day":"Friday","name":"Bakr Id/Eid ul-Adha","type":"Gazetted"},{"month":"August","date":2,"day":"Sunday","name":"Friendship Day","type":"Observance"},{"month":"August","date":3,"day":"Monday","name":"Raksha Bandhan (Rakhi)","type":"Restricted"},{"month":"August","date":11,"day":"Tuesday","name":"Janmashtami (Smarta)","type":"Restricted"},{"month":"August","date":12,"day":"Wednesday","name":"Janmashtami","type":"Gazetted"},{"month":"August","date":15,"day":"Saturday","name":"Independence Day","type":"Gazetted"},{"month":"August","date":16,"day":"Sunday","name":"Parsi New Year","type":"Restricted"},{"month":"August","date":22,"day":"Saturday","name":"Ganesh Chaturthi/Vin
08-06 18:24:51.943 11409 11409 V Response: [{"month":"January","date":1,"day":"Wednesday","name":"New Year's Day","type":"Restricted"},{"month":"January","date":2,"day":"Thursday","name":"Guru Govind Singh Jayanti","type":"Restricted"},{"month":"January","date":14,"day":"Tuesday","name":"Lohri","type":"Restricted"},{"month":"January","date":15,"day":"Wednesday","name":"Pongal","type":"Restricted"},{"month":"January","date":15,"day":"Wednesday","name":"Makar Sankranti","type":"Restricted"},{"month":"January","date":25,"day":"Saturday","name":"Chinese New Year","type":"Observance"},{"month":"January","date":26,"day":"Sunday","name":"Republic Day","type":"Gazetted"},{"month":"January","date":30,"day":"Thursday","name":"Vasant Panchami","type":"Restricted"},{"month":"February","date":9,"day":"Sunday","name":"Guru Ravidas Jayanti","type":"Restricted"},{"month":"February","date":14,"day":"Friday","name":"Valentine's Day","type":"Observance"},{"month":"February","date":18,"day":"Tuesday","name":"Maharishi Dayanand Saraswati Jayanti","type":"Restricted"},{"month":"February","date":19,"day":"Wednesday","name":"Shivaji Jayanti","type":"Restricted"},{"month":"February","date":21,"day":"Friday","name":"Maha Shivaratri/Shivaratri","type":"Gazetted"},{"month":"March","date":9,"day":"Monday","name":"Holika Dahana","type":"Restricted"},{"month":"March","date":9,"day":"Monday","name":"Hazarat Ali's Birthday","type":"Restricted"},{"month":"March","date":10,"day":"Tuesday","name":"Holi","type":"Gazetted"},{"month":"March","date":20,"day":"Friday","name":"March Equinox","type":"Season"},{"month":"March","date":25,"day":"Wednesday","name":"Chaitra Sukhladi","type":"Restricted"},{"month":"April","date":2,"day":"Thursday","name":"Rama Navami","type":"Gazetted"},{"month":"April","date":6,"day":"Monday","name":"Mahavir Jayanti","type":"Gazetted"},{"month":"April","date":9,"day":"Thursday","name":"First day of Passover","type":"Observance"},{"month":"April","date":9,"day":"Thursday","name":"Maundy Thursday","type":"Observance,"},{"month":"April","date":10,"day":"Friday","name":"Good Friday","type":"Gazetted"},{"month":"April","date":12,"day":"Sunday","name":"Easter Day","type":"Restricted"},{"month":"April","date":13,"day":"Monday","name":"Vaisakhi","type":"Restricted"},{"month":"April","date":14,"day":"Tuesday","name":"Mesadi/Vaisakhadi","type":"Restricted"},{"month":"April","date":14,"day":"Tuesday","name":"Ambedkar Jayanti","type":"Central"},{"month":"May","date":1,"day":"Friday","name":"May Day","type":"Observance"},{"month":"May","date":7,"day":"Thursday","name":"Buddha Purnima/Vesak","type":"Gazetted"},{"month":"May","date":7,"day":"Thursday","name":"Birthday of Ravindranath","type":"Restricted"},{"month":"May","date":10,"day":"Sunday","name":"Mother's Day","type":"Observance"},{"month":"May","date":22,"day":"Friday","name":"Jamat Ul-Vida","type":"Restricted"},{"month":"May","date":25,"day":"Monday","name":"Ramzan Id/Eid-ul-Fitar","type":"Gazetted"},{"month":"May","date":25,"day":"Monday","name":"Ramzan Id/Eid-ul-Fitar","type":"Muslim,"},{"month":"June","date":21,"day":"Sunday","name":"June Solstice","type":"Season"},{"month":"June","date":21,"day":"Sunday","name":"Father's Day","type":"Observance"},{"month":"June","date":23,"day":"Tuesday","name":"Rath Yatra","type":"Restricted"},{"month":"July","date":5,"day":"Sunday","name":"Guru Purnima","type":"Observance"},{"month":"July","date":31,"day":"Friday","name":"Bakr Id/Eid ul-Adha","type":"Gazetted"},{"month":"August","date":2,"day":"Sunday","name":"Friendship Day","type":"Observance"},{"month":"August","date":3,"day":"Monday","name":"Raksha Bandhan (Rakhi)","type":"Restricted"},{"month":"August","date":11,"day":"Tuesday","name":"Janmashtami (Smarta)","type":"Restricted"},{"month":"August","date":12,"day":"Wednesday","name":"Janmashtami","type":"Gazetted"},{"month":"August","date":15,"day":"Saturday","name":"Independence Day","type":"Gazetted"},{"month":"August","date":16,"day":"Sunday","name":"Parsi New Year","type":"Restricted"},{"month":"August","date":22,"day":"Saturday","name":"Ganesh Chaturthi/Vin
08-06 18:24:52.363 11409 11471 I art     : Starting a blocking GC Explicit
08-06 18:24:52.452 11409 11471 I art     : Explicit concurrent mark sweep GC freed 11479(439KB) AllocSpace objects, 4(4MB) LOS objects, 7% free, 187MB/203MB, paused 2.499ms total 88.573ms
08-06 18:24:52.481 11409 11471 I art     : Starting a blocking GC Explicit
08-06 18:24:52.564 11409 11471 I art     : Explicit concurrent mark sweep GC freed 452(14KB) AllocSpace objects, 0(0B) LOS objects, 7% free, 187MB/203MB, paused 2.336ms total 82.435ms
08-06 18:24:52.594 11409 11471 I art     : Starting a blocking GC Explicit
08-06 18:24:52.677 11409 11471 I art     : Explicit concurrent mark sweep GC freed 183(3KB) AllocSpace objects, 0(0B) LOS objects, 7% free, 187MB/203MB, paused 2.267ms total 83.057ms
08-06 18:24:52.707 11409 11471 I art     : Starting a blocking GC Explicit
08-06 18:24:52.791 11409 11471 I art     : Explicit concurrent mark sweep GC freed 191(3KB) AllocSpace objects, 0(0B) LOS objects, 7% free, 187MB/203MB, paused 2.380ms total 84.119ms
08-06 18:24:52.821 11409 11471 I art     : Starting a blocking GC Explicit
08-06 18:24:52.905 11409 11471 I art     : Explicit concurrent mark sweep GC freed 207(3KB) AllocSpace objects, 0(0B) LOS objects, 7% free, 187MB/203MB, paused 2.404ms total 84.015ms
08-06 18:24:53.401 11409 11470 I art     : Starting a blocking GC Explicit
08-06 18:24:53.485 11409 11470 I art     : Explicit concurrent mark sweep GC freed 2422(105KB) AllocSpace objects, 2(48KB) LOS objects, 7% free, 187MB/203MB, paused 2.528ms total 83.899ms
08-06 18:24:53.515 11409 11470 I art     : Starting a blocking GC Explicit
08-06 18:24:53.599 11409 11470 I art     : Explicit concurrent mark sweep GC freed 177(3KB) AllocSpace objects, 0(0B) LOS objects, 7% free, 187MB/203MB, paused 2.496ms total 83.848ms
08-06 18:24:53.599 11409 11420 I art     : WaitForGcToComplete blocked for 84.306ms for cause HeapTrim
08-06 18:24:53.629 11409 11470 I art     : Starting a blocking GC Explicit
08-06 18:24:53.714 11409 11470 I art     : Explicit concurrent mark sweep GC freed 170(2864B) AllocSpace objects, 0(0B) LOS objects, 7% free, 187MB/203MB, paused 2.301ms total 84.809ms
08-06 18:24:53.744 11409 11470 I art     : Starting a blocking GC Explicit
08-06 18:24:53.828 11409 11470 I art     : Explicit concurrent mark sweep GC freed 172(2928B) AllocSpace objects, 0(0B) LOS objects, 7% free, 187MB/203MB, paused 2.266ms total 83.286ms
08-06 18:24:53.857 11409 11470 I art     : Starting a blocking GC Explicit
08-06 18:24:53.941 11409 11470 I art     : Explicit concurrent mark sweep GC freed 208(3KB) AllocSpace objects, 0(0B) LOS objects, 7% free, 187MB/203MB, paused 2.301ms total 83.427ms
08-06 18:24:54.432 11409 11421 I art     : Starting a blocking GC Explicit
08-06 18:24:54.517 11409 11421 I art     : Explicit concurrent mark sweep GC freed 2429(106KB) AllocSpace objects, 2(48KB) LOS objects, 7% free, 187MB/203MB, paused 2.234ms total 84.237ms
08-06 18:24:54.547 11409 11421 I art     : Starting a blocking GC Explicit
08-06 18:24:54.632 11409 11421 I art     : Explicit concurrent mark sweep GC freed 223(4KB) AllocSpace objects, 0(0B) LOS objects, 7% free, 187MB/203MB, paused 2.354ms total 84.007ms
08-06 18:24:54.661 11409 11421 I art     : Starting a blocking GC Explicit
08-06 18:24:54.744 11409 11421 I art     : Explicit concurrent mark sweep GC freed 183(3KB) AllocSpace objects, 0(0B) LOS objects, 7% free, 187MB/203MB, paused 2.233ms total 82.447ms
08-06 18:24:54.774 11409 11421 I art     : Starting a blocking GC Explicit
08-06 18:24:54.857 11409 11421 I art     : Explicit concurrent mark sweep GC freed 217(4KB) AllocSpace objects, 0(0B) LOS objects, 7% free, 187MB/203MB, paused 2.250ms total 82.471ms
08-06 18:24:54.887 11409 11421 I art     : Starting a blocking GC Explicit
08-06 18:24:54.970 11409 11421 I art     : Explicit concurrent mark sweep GC freed 173(2960B) AllocSpace objects, 0(0B) LOS objects, 7% free, 187MB/203MB, paused 2.451ms total 82.507ms
08-06 18:24:55.481 11409 11422 I art     : Starting a blocking GC Explicit
08-06 18:24:55.562 11409 11422 I art     : Explicit concurrent mark sweep GC freed 2426(105KB) AllocSpace objects, 2(48KB) LOS objects, 7% free, 187MB/203MB, paused 2.258ms total 80.856ms
08-06 18:24:55.591 11409 11422 I art     : Starting a blocking GC Explicit
08-06 18:24:55.672 11409 11422 I art     : Explicit concurrent mark sweep GC freed 208(4KB) AllocSpace objects, 0(0B) LOS objects, 7% free, 187MB/203MB, paused 2.422ms total 80.178ms
08-06 18:24:55.700 11409 11422 I art     : Starting a blocking GC Explicit
08-06 18:24:55.778 11409 11422 I art     : Explicit concurrent mark sweep GC freed 157(3040B) AllocSpace objects, 0(0B) LOS objects, 7% free, 187MB/203MB, paused 2.128ms total 77.301ms
08-06 18:24:55.806 11409 11422 I art     : Starting a blocking GC Explicit
08-06 18:24:55.882 11409 11422 I art     : Explicit concurrent mark sweep GC freed 184(3KB) AllocSpace objects, 0(0B) LOS objects, 7% free, 187MB/203MB, paused 2.145ms total 75.823ms
08-06 18:24:55.909 11409 11422 I art     : Starting a blocking GC Explicit
08-06 18:24:55.986 11409 11422 I art     : Explicit concurrent mark sweep GC freed 152(2576B) AllocSpace objects, 0(0B) LOS objects, 7% free, 187MB/203MB, paused 2.293ms total 76.438ms
08-06 18:24:56.008 14072 14072 D AndroidRuntime: >>>>>> START com.android.internal.os.RuntimeInit uid 2000 <<<<<<
08-06 18:24:56.014 14072 14072 D AndroidRuntime: CheckJNI is OFF
08-06 18:24:56.067 14072 14072 D ICU     : No timezone override file found: /data/misc/zoneinfo/current/icu/icu_tzdata.dat
08-06 18:24:56.112 14072 14072 I Radio-JNI: register_android_hardware_Radio DONE
08-06 18:24:56.145 14072 14072 D AndroidRuntime: Calling main entry com.android.commands.input.Input
08-06 18:24:56.147 14072 14072 I Input   : injectKeyEvent: KeyEvent { action=ACTION_DOWN, keyCode=KEYCODE_BACK, scanCode=0, metaState=0, flags=0x0, repeatCount=0, eventTime=901512560, downTime=901512560, deviceId=-1, source=0x101 }
08-06 18:24:56.153 14072 14072 I Input   : injectKeyEvent: KeyEvent { action=ACTION_UP, keyCode=KEYCODE_BACK, scanCode=0, metaState=0, flags=0x0, repeatCount=0, eventTime=901512560, downTime=901512560, deviceId=-1, source=0x101 }
08-06 18:24:56.163 14072 14072 D AndroidRuntime: Shutting down VM
08-06 18:24:56.187 11409 11409 V MainActivity: url = https://project-travel-mate.herokuapp.com/api/number-of-unread-notifications
08-06 18:24:56.217 13866 13866 I GoogleInputMethodServic: GoogleInputMethodService.onFinishInput():3138 
08-06 18:24:56.218 13866 13866 I GoogleInputMethodServic: GoogleInputMethodService.onStartInput():1808 
08-06 18:24:56.460 11409 11421 I art     : Starting a blocking GC Explicit
08-06 18:24:56.559 11409 11421 I art     : Explicit concurrent mark sweep GC freed 2818(127KB) AllocSpace objects, 2(48KB) LOS objects, 7% free, 187MB/203MB, paused 3.348ms total 98.432ms
08-06 18:24:56.582   380   380 W SurfaceFlinger: couldn't log to binary event log: overflow.
08-06 18:24:56.589 11409 11421 I art     : Starting a blocking GC Explicit
08-06 18:24:56.659 11409 11421 I art     : Explicit concurrent mark sweep GC freed 129(4KB) AllocSpace objects, 1(188KB) LOS objects, 7% free, 187MB/203MB, paused 2.073ms total 69.518ms
08-06 18:24:56.684 11409 11421 I art     : Starting a blocking GC Explicit
08-06 18:24:56.755 11409 11421 I art     : Explicit concurrent mark sweep GC freed 6619(359KB) AllocSpace objects, 13(264KB) LOS objects, 7% free, 186MB/202MB, paused 2.101ms total 70.703ms
08-06 18:24:56.781 11409 11421 I art     : Starting a blocking GC Explicit
08-06 18:24:56.866 11409 11421 I art     : Explicit concurrent mark sweep GC freed 46(1376B) AllocSpace objects, 0(0B) LOS objects, 7% free, 186MB/202MB, paused 2.605ms total 83.689ms
08-06 18:24:56.898 11409 11421 I art     : Starting a blocking GC Explicit
08-06 18:24:56.982 11409 11421 I art     : Explicit concurrent mark sweep GC freed 407(19KB) AllocSpace objects, 0(0B) LOS objects, 7% free, 186MB/202MB, paused 3.724ms total 83.330ms
08-06 18:24:57.054 11409 14092 I NAPPA_EXPERIMENTATION: MetricNetworkRequestExecutionTime: REQUEST_DURATION_SYSTEM='866',REQUEST_DURATION_OKHTTP='35',REQUEST_SYNCHRONOUS='FALSE',RESPONSE_CODE='200',RESPONSE_METHOD='GET',RESPONSE_LENGTH_OKHTTP='36',RESPONSE_LENGTH_HEADER='36',REQUEST_PROTOCOL='http/1.1',REQUEST_URL='https://project-travel-mate.herokuapp.com/api/number-of-unread-notifications',
08-06 18:24:57.455 11409 11471 I art     : Starting a blocking GC Explicit
08-06 18:24:57.531 11409 11471 I art     : Explicit concurrent mark sweep GC freed 3994(220KB) AllocSpace objects, 5(248KB) LOS objects, 7% free, 186MB/202MB, paused 2.288ms total 75.756ms
08-06 18:24:57.558 11409 11471 I art     : Starting a blocking GC Explicit
08-06 18:24:57.632 11409 11471 I art     : Explicit concurrent mark sweep GC freed 950(116KB) AllocSpace objects, 0(0B) LOS objects, 7% free, 186MB/202MB, paused 2.176ms total 73.932ms
08-06 18:24:57.659 11409 11471 I art     : Starting a blocking GC Explicit
08-06 18:24:57.734 11409 11471 I art     : Explicit concurrent mark sweep GC freed 14(720B) AllocSpace objects, 0(0B) LOS objects, 7% free, 186MB/202MB, paused 2.164ms total 74.558ms
08-06 18:24:57.761 11409 11471 I art     : Starting a blocking GC Explicit
08-06 18:24:57.837 11409 11471 I art     : Explicit concurrent mark sweep GC freed 15(704B) AllocSpace objects, 0(0B) LOS objects, 7% free, 186MB/202MB, paused 1.956ms total 75.086ms
08-06 18:24:57.861 11409 11471 I art     : Starting a blocking GC Explicit
08-06 18:24:57.931 11409 11471 I art     : Explicit concurrent mark sweep GC freed 45(1248B) AllocSpace objects, 0(0B) LOS objects, 7% free, 186MB/202MB, paused 2.107ms total 70.002ms
08-06 18:24:58.051 14108 14108 D AndroidRuntime: >>>>>> START com.android.internal.os.RuntimeInit uid 2000 <<<<<<
08-06 18:24:58.057 14108 14108 D AndroidRuntime: CheckJNI is OFF
08-06 18:24:58.110 14108 14108 D ICU     : No timezone override file found: /data/misc/zoneinfo/current/icu/icu_tzdata.dat
08-06 18:24:58.153 14108 14108 I Radio-JNI: register_android_hardware_Radio DONE
08-06 18:24:58.184 14108 14108 D AndroidRuntime: Calling main entry com.android.commands.input.Input
08-06 18:24:58.198 14108 14108 I Input   : injectMotionEvent: MotionEvent { action=ACTION_DOWN, actionButton=0, id[0]=0, x[0]=117.0, y[0]=170.0, toolType[0]=TOOL_TYPE_UNKNOWN, buttonState=0, metaState=0, flags=0x0, edgeFlags=0x0, pointerCount=1, historySize=0, eventTime=901514610, downTime=901514610, deviceId=0, source=0x1002 }
08-06 18:24:58.202 14108 14108 I Input   : injectMotionEvent: MotionEvent { action=ACTION_UP, actionButton=0, id[0]=0, x[0]=117.0, y[0]=170.0, toolType[0]=TOOL_TYPE_UNKNOWN, buttonState=0, metaState=0, flags=0x0, edgeFlags=0x0, pointerCount=1, historySize=0, eventTime=901514610, downTime=901514610, deviceId=0, source=0x1002 }
08-06 18:24:58.204 14108 14108 D AndroidRuntime: Shutting down VM
08-06 18:24:58.229   512  2967 D audio_hw_primary: out_set_parameters: enter: usecase(1: low-latency-playback) kvpairs: routing=2
08-06 18:24:58.242   512  2967 D audio_hw_primary: select_devices: out_snd_device(2: speaker) in_snd_device(0: none)
08-06 18:24:58.243   512  2967 D msm8974_platform: platform_send_audio_calibration: sending audio calibration for snd_device(2) acdb_id(15)
08-06 18:24:58.243   512  2967 I soundtrigger: audio_extn_sound_trigger_update_device_status: device 0x2 of type 0 for Event 1
08-06 18:24:58.267   512  2967 D audio_hw_primary: enable_snd_device: snd_device(2: speaker)
08-06 18:24:58.273   512  2967 D audio_hw_primary: enable_audio_route: apply and update mixer path: low-latency-playback speaker
08-06 18:24:58.388 11409 11470 I art     : Starting a blocking GC Explicit
08-06 18:24:58.459 11409 11470 I art     : Explicit concurrent mark sweep GC freed 2001(112KB) AllocSpace objects, 2(48KB) LOS objects, 7% free, 186MB/202MB, paused 2.101ms total 70.721ms
08-06 18:24:58.484 11409 11470 I art     : Starting a blocking GC Explicit
08-06 18:24:58.560 11409 11470 I art     : Explicit concurrent mark sweep GC freed 52(2112B) AllocSpace objects, 0(0B) LOS objects, 7% free, 186MB/202MB, paused 2.098ms total 75.708ms
08-06 18:24:58.587 11409 11470 I art     : Starting a blocking GC Explicit
08-06 18:24:58.653 11409 11470 I art     : Explicit concurrent mark sweep GC freed 11(560B) AllocSpace objects, 0(0B) LOS objects, 7% free, 186MB/202MB, paused 1.927ms total 65.958ms
08-06 18:24:58.677 11409 11470 I art     : Starting a blocking GC Explicit
08-06 18:24:58.749 11409 11470 I art     : Explicit concurrent mark sweep GC freed 18(800B) AllocSpace objects, 0(0B) LOS objects, 7% free, 186MB/202MB, paused 2.480ms total 71.696ms
08-06 18:24:58.749 11409 11420 I art     : WaitForGcToComplete blocked for 34.259ms for cause HeapTrim
08-06 18:24:58.773 11409 11470 I art     : Starting a blocking GC Explicit
08-06 18:24:58.828   512  2967 D audio_hw_primary: disable_audio_route: reset and update mixer path: low-latency-playback speaker
08-06 18:24:58.829   512  2967 D audio_hw_primary: disable_snd_device: snd_device(2: speaker)
08-06 18:24:58.838 11409 11470 I art     : Explicit concurrent mark sweep GC freed 15(576B) AllocSpace objects, 0(0B) LOS objects, 7% free, 186MB/202MB, paused 2.032ms total 64.372ms
08-06 18:24:58.838   512  2967 I soundtrigger: audio_extn_sound_trigger_update_device_status: device 0x2 of type 0 for Event 0
08-06 18:24:59.134 14131 14131 D AndroidRuntime: >>>>>> START com.android.internal.os.RuntimeInit uid 2000 <<<<<<
08-06 18:24:59.140 14131 14131 D AndroidRuntime: CheckJNI is OFF
08-06 18:24:59.193 14131 14131 D ICU     : No timezone override file found: /data/misc/zoneinfo/current/icu/icu_tzdata.dat
08-06 18:24:59.240 14131 14131 I Radio-JNI: register_android_hardware_Radio DONE
08-06 18:24:59.273 14131 14131 D AndroidRuntime: Calling main entry com.android.commands.input.Input
08-06 18:24:59.276 14131 14131 I Input   : injectMotionEvent: MotionEvent { action=ACTION_DOWN, actionButton=0, id[0]=0, x[0]=405.0, y[0]=661.0, toolType[0]=TOOL_TYPE_UNKNOWN, buttonState=0, metaState=0, flags=0x0, edgeFlags=0x0, pointerCount=1, historySize=0, eventTime=901515688, downTime=901515688, deviceId=0, source=0x1002 }
08-06 18:24:59.281 14131 14131 I Input   : injectMotionEvent: MotionEvent { action=ACTION_UP, actionButton=0, id[0]=0, x[0]=405.0, y[0]=661.0, toolType[0]=TOOL_TYPE_UNKNOWN, buttonState=0, metaState=0, flags=0x0, edgeFlags=0x0, pointerCount=1, historySize=0, eventTime=901515688, downTime=901515688, deviceId=0, source=0x1002 }
08-06 18:24:59.283 14131 14131 D AndroidRuntime: Shutting down VM
08-06 18:24:59.292 11409 11421 I art     : Starting a blocking GC Explicit
08-06 18:24:59.300   512  2967 D audio_hw_primary: out_set_parameters: enter: usecase(1: low-latency-playback) kvpairs: routing=2
08-06 18:24:59.313   512  2967 D audio_hw_primary: select_devices: out_snd_device(2: speaker) in_snd_device(0: none)
08-06 18:24:59.314   512  2967 D msm8974_platform: platform_send_audio_calibration: sending audio calibration for snd_device(2) acdb_id(15)
08-06 18:24:59.314   512  2967 I soundtrigger: audio_extn_sound_trigger_update_device_status: device 0x2 of type 0 for Event 1
08-06 18:24:59.324   512  2967 D audio_hw_primary: enable_snd_device: snd_device(2: speaker)
08-06 18:24:59.327   512  2967 D audio_hw_primary: enable_audio_route: apply and update mixer path: low-latency-playback speaker
08-06 18:24:59.372 11409 11421 I art     : Explicit concurrent mark sweep GC freed 2847(140KB) AllocSpace objects, 2(48KB) LOS objects, 7% free, 186MB/202MB, paused 2.633ms total 79.610ms
08-06 18:24:59.374   512  2967 D AudioFlinger: mixer(0xf4740000) throttle end: throttle time(12)
08-06 18:24:59.397 11409 11421 I art     : Starting a blocking GC Explicit
08-06 18:24:59.465 11409 11421 I art     : Explicit concurrent mark sweep GC freed 984(33KB) AllocSpace objects, 0(0B) LOS objects, 7% free, 186MB/202MB, paused 1.868ms total 67.667ms
08-06 18:24:59.489 11409 11421 I art     : Starting a blocking GC Explicit
08-06 18:24:59.559 11409 11421 I art     : Explicit concurrent mark sweep GC freed 759(44KB) AllocSpace objects, 0(0B) LOS objects, 7% free, 186MB/202MB, paused 2.373ms total 69.392ms
08-06 18:24:59.584 11409 11421 I art     : Starting a blocking GC Explicit
08-06 18:24:59.658 11409 11421 I art     : Explicit concurrent mark sweep GC freed 3(96B) AllocSpace objects, 9(252KB) LOS objects, 7% free, 186MB/202MB, paused 2.447ms total 73.872ms
08-06 18:24:59.685 11409 11421 I art     : Starting a blocking GC Explicit
08-06 18:24:59.761 11409 11421 I art     : Explicit concurrent mark sweep GC freed 27(864B) AllocSpace objects, 0(0B) LOS objects, 7% free, 186MB/202MB, paused 1.955ms total 76.100ms
08-06 18:24:59.869   512  2967 D audio_hw_primary: disable_audio_route: reset and update mixer path: low-latency-playback speaker
08-06 18:24:59.871   512  2967 D audio_hw_primary: disable_snd_device: snd_device(2: speaker)
08-06 18:24:59.878   512  2967 I soundtrigger: audio_extn_sound_trigger_update_device_status: device 0x2 of type 0 for Event 0
08-06 18:25:00.244 11409 11470 I art     : Starting a blocking GC Explicit
08-06 18:25:00.333 11409 11470 I art     : Explicit concurrent mark sweep GC freed 1623(93KB) AllocSpace objects, 2(48KB) LOS objects, 7% free, 186MB/202MB, paused 2.271ms total 88.213ms
08-06 18:25:00.366 11409 11470 I art     : Starting a blocking GC Explicit
08-06 18:25:00.453 11409 11470 I art     : Explicit concurrent mark sweep GC freed 28(1024B) AllocSpace objects, 0(0B) LOS objects, 7% free, 186MB/202MB, paused 2.895ms total 87.120ms
08-06 18:25:00.485 11409 11470 I art     : Starting a blocking GC Explicit
08-06 18:25:00.568 11409 11470 I art     : Explicit concurrent mark sweep GC freed 3(96B) AllocSpace objects, 0(0B) LOS objects, 7% free, 186MB/202MB, paused 2.561ms total 83.060ms
08-06 18:25:00.601 11409 11470 I art     : Starting a blocking GC Explicit
08-06 18:25:00.693 11409 11470 I art     : Explicit concurrent mark sweep GC freed 9(496B) AllocSpace objects, 0(0B) LOS objects, 7% free, 186MB/202MB, paused 2.961ms total 91.638ms
08-06 18:25:00.725 11409 11470 I art     : Starting a blocking GC Explicit
08-06 18:25:00.807 11409 11470 I art     : Explicit concurrent mark sweep GC freed 15(672B) AllocSpace objects, 0(0B) LOS objects, 7% free, 186MB/202MB, paused 2.199ms total 80.912ms
08-06 18:25:01.332 11409 11422 I art     : Starting a blocking GC Explicit
08-06 18:25:01.434 11409 11422 I art     : Explicit concurrent mark sweep GC freed 1664(95KB) AllocSpace objects, 2(48KB) LOS objects, 7% free, 186MB/202MB, paused 3.354ms total 101.499ms
08-06 18:25:01.465 11409 11422 I art     : Starting a blocking GC Explicit
08-06 18:25:01.545 11409 11422 I art     : Explicit concurrent mark sweep GC freed 56(1888B) AllocSpace objects, 0(0B) LOS objects, 7% free, 186MB/202MB, paused 2.291ms total 79.580ms
08-06 18:25:01.573 11409 11422 I art     : Starting a blocking GC Explicit
08-06 18:25:01.649 11409 11422 I art     : Explicit concurrent mark sweep GC freed 15(752B) AllocSpace objects, 0(0B) LOS objects, 7% free, 186MB/202MB, paused 2.352ms total 75.912ms
08-06 18:25:01.679 11409 11422 I art     : Starting a blocking GC Explicit
08-06 18:25:01.756 11409 11422 I art     : Explicit concurrent mark sweep GC freed 13(640B) AllocSpace objects, 0(0B) LOS objects, 7% free, 186MB/202MB, paused 2.321ms total 76.569ms
08-06 18:25:01.785 11409 11422 I art     : Starting a blocking GC Explicit
08-06 18:25:01.861 11409 11422 I art     : Explicit concurrent mark sweep GC freed 40(1088B) AllocSpace objects, 0(0B) LOS objects, 7% free, 186MB/202MB, paused 2.225ms total 76.244ms
08-06 18:25:02.212  8071  8071 I ServiceManager: Waiting for service AtCmdFwd...
08-06 18:25:02.215 14173 14173 D AndroidRuntime: >>>>>> START com.android.internal.os.RuntimeInit uid 2000 <<<<<<
08-06 18:25:02.222 14173 14173 D AndroidRuntime: CheckJNI is OFF
08-06 18:25:02.283 14173 14173 D ICU     : No timezone override file found: /data/misc/zoneinfo/current/icu/icu_tzdata.dat
08-06 18:25:02.331 14173 14173 I Radio-JNI: register_android_hardware_Radio DONE
08-06 18:25:02.353 11409 11471 I art     : Starting a blocking GC Explicit
08-06 18:25:02.367 14173 14173 D AndroidRuntime: Calling main entry com.android.commands.input.Input
08-06 18:25:02.370 14173 14173 I Input   : injectMotionEvent: MotionEvent { action=ACTION_DOWN, actionButton=0, id[0]=0, x[0]=1341.0, y[0]=197.0, toolType[0]=TOOL_TYPE_UNKNOWN, buttonState=0, metaState=0, flags=0x0, edgeFlags=0x0, pointerCount=1, historySize=0, eventTime=901518782, downTime=901518782, deviceId=0, source=0x1002 }
08-06 18:25:02.375 14173 14173 I Input   : injectMotionEvent: MotionEvent { action=ACTION_UP, actionButton=0, id[0]=0, x[0]=1341.0, y[0]=197.0, toolType[0]=TOOL_TYPE_UNKNOWN, buttonState=0, metaState=0, flags=0x0, edgeFlags=0x0, pointerCount=1, historySize=0, eventTime=901518782, downTime=901518782, deviceId=0, source=0x1002 }
08-06 18:25:02.378 14173 14173 D AndroidRuntime: Shutting down VM
08-06 18:25:02.390   918  5481 I ActivityManager: START u0 {cmp=baseline.io.github.project_travel_mate/.notifications.NotificationsActivity} from uid 10696 on display 0
08-06 18:25:02.391   512  2967 D audio_hw_primary: out_set_parameters: enter: usecase(1: low-latency-playback) kvpairs: routing=2
08-06 18:25:02.406   512  2967 D audio_hw_primary: select_devices: out_snd_device(2: speaker) in_snd_device(0: none)
08-06 18:25:02.406   512  2967 D msm8974_platform: platform_send_audio_calibration: sending audio calibration for snd_device(2) acdb_id(15)
08-06 18:25:02.407   512  2967 I soundtrigger: audio_extn_sound_trigger_update_device_status: device 0x2 of type 0 for Event 1
08-06 18:25:02.424   512  2967 D audio_hw_primary: enable_snd_device: snd_device(2: speaker)
08-06 18:25:02.427   512  2967 D audio_hw_primary: enable_audio_route: apply and update mixer path: low-latency-playback speaker
08-06 18:25:02.442 11409 11471 I art     : Explicit concurrent mark sweep GC freed 2106(118KB) AllocSpace objects, 2(48KB) LOS objects, 7% free, 186MB/202MB, paused 2.379ms total 88.882ms
08-06 18:25:02.445 11409 11492 D Gabe    : call	returning from cache
08-06 18:25:02.456 11409 11409 V EXECUTING: https://project-travel-mate.herokuapp.com/api/get-notifications
08-06 18:25:02.460 11409 11409 V EXECUTING: https://project-travel-mate.herokuapp.com/api/get-notifications
08-06 18:25:02.470 11409 11471 I art     : Starting a blocking GC Explicit
08-06 18:25:02.547 11409 11471 I art     : Explicit concurrent mark sweep GC freed 1571(93KB) AllocSpace objects, 0(0B) LOS objects, 7% free, 191MB/207MB, paused 2.900ms total 75.977ms
08-06 18:25:02.575 11409 11471 I art     : Starting a blocking GC Explicit
08-06 18:25:02.645   918   936 I ActivityManager: Displayed baseline.io.github.project_travel_mate/.notifications.NotificationsActivity: +244ms
08-06 18:25:02.650 13866 13866 I GoogleInputMethodServic: GoogleInputMethodService.onFinishInput():3138 
08-06 18:25:02.651 13866 13866 I GoogleInputMethodServic: GoogleInputMethodService.onStartInput():1808 
08-06 18:25:02.654 11409 11471 I art     : Explicit concurrent mark sweep GC freed 270(13KB) AllocSpace objects, 0(0B) LOS objects, 7% free, 191MB/207MB, paused 2.598ms total 79.141ms
08-06 18:25:02.681 11409 11471 I art     : Starting a blocking GC Explicit
08-06 18:25:02.757 11409 11471 I art     : Explicit concurrent mark sweep GC freed 161(4KB) AllocSpace objects, 0(0B) LOS objects, 7% free, 191MB/207MB, paused 2.531ms total 75.238ms
08-06 18:25:02.785 11409 11471 I art     : Starting a blocking GC Explicit
08-06 18:25:02.861 11409 11471 I art     : Explicit concurrent mark sweep GC freed 134(2880B) AllocSpace objects, 0(0B) LOS objects, 7% free, 191MB/207MB, paused 2.441ms total 75.620ms
08-06 18:25:02.905   380   380 W SurfaceFlinger: couldn't log to binary event log: overflow.
08-06 18:25:02.958   512  2967 D audio_hw_primary: disable_audio_route: reset and update mixer path: low-latency-playback speaker
08-06 18:25:02.960   512  2967 D audio_hw_primary: disable_snd_device: snd_device(2: speaker)
08-06 18:25:02.967   512  2967 I soundtrigger: audio_extn_sound_trigger_update_device_status: device 0x2 of type 0 for Event 0
08-06 18:25:03.212  8071  8071 I ServiceManager: Waiting for service AtCmdFwd...
08-06 18:25:03.307 11409 14198 I NAPPA_EXPERIMENTATION: MetricNetworkRequestExecutionTime: REQUEST_DURATION_SYSTEM='849',REQUEST_DURATION_OKHTTP='46',REQUEST_SYNCHRONOUS='FALSE',RESPONSE_CODE='200',RESPONSE_METHOD='GET',RESPONSE_LENGTH_OKHTTP='2',RESPONSE_LENGTH_HEADER='2',REQUEST_PROTOCOL='http/1.1',REQUEST_URL='https://project-travel-mate.herokuapp.com/api/get-notifications',
08-06 18:25:03.326 11409 14199 I NAPPA_EXPERIMENTATION: MetricNetworkRequestExecutionTime: REQUEST_DURATION_SYSTEM='865',REQUEST_DURATION_OKHTTP='68',REQUEST_SYNCHRONOUS='FALSE',RESPONSE_CODE='200',RESPONSE_METHOD='GET',RESPONSE_LENGTH_OKHTTP='2',RESPONSE_LENGTH_HEADER='2',REQUEST_PROTOCOL='http/1.1',REQUEST_URL='https://project-travel-mate.herokuapp.com/api/get-notifications',
08-06 18:25:03.332 11409 11421 I art     : Starting a blocking GC Explicit
08-06 18:25:03.405 11409 11421 I art     : Explicit concurrent mark sweep GC freed 7865(397KB) AllocSpace objects, 8(448KB) LOS objects, 7% free, 191MB/207MB, paused 2.281ms total 72.709ms
08-06 18:25:03.427 11409 11409 V Response: [] 
08-06 18:25:03.431 11409 11421 I art     : Starting a blocking GC Explicit
08-06 18:25:03.434 11409 11492 D Gabe    : call	returning from cache
08-06 18:25:03.443 11409 11409 V Response: [] 
08-06 18:25:03.448 11409 11492 D Gabe    : call	returning from cache
08-06 18:25:03.501 11409 11421 I art     : Explicit concurrent mark sweep GC freed 3862(304KB) AllocSpace objects, 2(364KB) LOS objects, 7% free, 191MB/207MB, paused 2.337ms total 70.338ms
08-06 18:25:03.528 11409 11421 I art     : Starting a blocking GC Explicit
08-06 18:25:03.597 11409 11421 I art     : Explicit concurrent mark sweep GC freed 2104(77KB) AllocSpace objects, 0(0B) LOS objects, 7% free, 191MB/207MB, paused 2.114ms total 68.987ms
08-06 18:25:03.623 11409 11421 I art     : Starting a blocking GC Explicit
08-06 18:25:03.691 11409 11421 I art     : Explicit concurrent mark sweep GC freed 427(7KB) AllocSpace objects, 0(0B) LOS objects, 7% free, 191MB/207MB, paused 2.080ms total 68.012ms
08-06 18:25:03.717 11409 11421 I art     : Starting a blocking GC Explicit
08-06 18:25:03.786 11409 11421 I art     : Explicit concurrent mark sweep GC freed 553(11KB) AllocSpace objects, 0(0B) LOS objects, 7% free, 191MB/207MB, paused 2.166ms total 68.373ms
08-06 18:25:04.213  8071  8071 I ServiceManager: Waiting for service AtCmdFwd...
08-06 18:25:04.246 11409 11470 I art     : Starting a blocking GC Explicit
08-06 18:25:04.318 11409 11470 I art     : Explicit concurrent mark sweep GC freed 4079(141KB) AllocSpace objects, 2(48KB) LOS objects, 7% free, 191MB/207MB, paused 2.325ms total 72.469ms
08-06 18:25:04.345 11409 11470 I art     : Starting a blocking GC Explicit
08-06 18:25:04.412 11409 11470 I art     : Explicit concurrent mark sweep GC freed 401(6KB) AllocSpace objects, 0(0B) LOS objects, 7% free, 191MB/207MB, paused 2.026ms total 67.177ms
08-06 18:25:04.438 11409 11470 I art     : Starting a blocking GC Explicit
08-06 18:25:04.506 11409 11470 I art     : Explicit concurrent mark sweep GC freed 418(6KB) AllocSpace objects, 0(0B) LOS objects, 7% free, 191MB/207MB, paused 2.047ms total 67.305ms
08-06 18:25:04.532 11409 11470 I art     : Starting a blocking GC Explicit
08-06 18:25:04.601 11409 11470 I art     : Explicit concurrent mark sweep GC freed 413(6KB) AllocSpace objects, 0(0B) LOS objects, 7% free, 191MB/207MB, paused 2.324ms total 68.851ms
08-06 18:25:04.628 11409 11470 I art     : Starting a blocking GC Explicit
08-06 18:25:04.698 11409 11470 I art     : Explicit concurrent mark sweep GC freed 398(6KB) AllocSpace objects, 0(0B) LOS objects, 7% free, 191MB/207MB, paused 2.277ms total 69.200ms
08-06 18:25:04.976   918  3261 D WifiStateMachine: starting scan for "H369AA63323"WPA_PSK with 2412,5180
08-06 18:25:05.158 11409 11422 I art     : Starting a blocking GC Explicit
08-06 18:25:05.213  8071  8071 I ServiceManager: Waiting for service AtCmdFwd...
08-06 18:25:05.227 11409 11422 I art     : Explicit concurrent mark sweep GC freed 3850(128KB) AllocSpace objects, 2(48KB) LOS objects, 7% free, 191MB/207MB, paused 2.070ms total 68.948ms
08-06 18:25:05.254 11409 11422 I art     : Starting a blocking GC Explicit
08-06 18:25:05.323 11409 11422 I art     : Explicit concurrent mark sweep GC freed 448(7KB) AllocSpace objects, 0(0B) LOS objects, 7% free, 191MB/207MB, paused 2.179ms total 68.764ms
08-06 18:25:05.349 11409 11422 I art     : Starting a blocking GC Explicit
08-06 18:25:05.419 11409 11422 I art     : Explicit concurrent mark sweep GC freed 362(5KB) AllocSpace objects, 0(0B) LOS objects, 7% free, 191MB/207MB, paused 2.440ms total 69.301ms
08-06 18:25:05.445 11409 11422 I art     : Starting a blocking GC Explicit
08-06 18:25:05.514 11409 11422 I art     : Explicit concurrent mark sweep GC freed 422(6KB) AllocSpace objects, 0(0B) LOS objects, 7% free, 191MB/207MB, paused 2.131ms total 68.564ms
08-06 18:25:05.540 11409 11422 I art     : Starting a blocking GC Explicit
08-06 18:25:05.609 11409 11422 I art     : Explicit concurrent mark sweep GC freed 415(6KB) AllocSpace objects, 0(0B) LOS objects, 7% free, 191MB/207MB, paused 2.458ms total 68.773ms
08-06 18:25:06.066 11409 11471 I art     : Starting a blocking GC Explicit
08-06 18:25:06.138 11409 11471 I art     : Explicit concurrent mark sweep GC freed 3793(127KB) AllocSpace objects, 2(48KB) LOS objects, 7% free, 191MB/207MB, paused 2.255ms total 72.240ms
08-06 18:25:06.165 11409 11471 I art     : Starting a blocking GC Explicit
08-06 18:25:06.214  8071  8071 I ServiceManager: Waiting for service AtCmdFwd...
08-06 18:25:06.235 11409 11471 I art     : Explicit concurrent mark sweep GC freed 448(7KB) AllocSpace objects, 0(0B) LOS objects, 7% free, 191MB/207MB, paused 2.068ms total 69.305ms
08-06 18:25:06.261 11409 11471 I art     : Starting a blocking GC Explicit
08-06 18:25:06.330 11409 11471 I art     : Explicit concurrent mark sweep GC freed 362(5KB) AllocSpace objects, 0(0B) LOS objects, 7% free, 191MB/207MB, paused 2.181ms total 68.880ms
08-06 18:25:06.356 11409 11471 I art     : Starting a blocking GC Explicit
08-06 18:25:06.429 11409 11471 I art     : Explicit concurrent mark sweep GC freed 424(6KB) AllocSpace objects, 0(0B) LOS objects, 7% free, 191MB/207MB, paused 3.307ms total 72.706ms
08-06 18:25:06.455 11409 11471 I art     : Starting a blocking GC Explicit
08-06 18:25:06.524 11409 11471 I art     : Explicit concurrent mark sweep GC freed 426(7KB) AllocSpace objects, 0(0B) LOS objects, 7% free, 191MB/207MB, paused 2.033ms total 68.313ms
08-06 18:25:07.002 11409 11421 I art     : Starting a blocking GC Explicit
08-06 18:25:07.074 11409 11421 I art     : Explicit concurrent mark sweep GC freed 3990(134KB) AllocSpace objects, 2(48KB) LOS objects, 7% free, 191MB/207MB, paused 2.216ms total 71.192ms
08-06 18:25:07.111 11409 11421 I art     : Starting a blocking GC Explicit
08-06 18:25:07.182 11409 11421 I art     : Explicit concurrent mark sweep GC freed 485(8KB) AllocSpace objects, 0(0B) LOS objects, 7% free, 191MB/207MB, paused 2.055ms total 70.993ms
08-06 18:25:07.210 11409 11421 I art     : Starting a blocking GC Explicit
08-06 18:25:07.214  8071  8071 W Atfwd_Sendcmd: AtCmdFwd service not published, waiting... retryCnt : 4
08-06 18:25:07.279 11409 11421 I art     : Explicit concurrent mark sweep GC freed 573(17KB) AllocSpace objects, 0(0B) LOS objects, 7% free, 191MB/207MB, paused 2.392ms total 68.192ms
08-06 18:25:07.300 14245 14245 D AndroidRuntime: >>>>>> START com.android.internal.os.RuntimeInit uid 2000 <<<<<<
08-06 18:25:07.305 11409 11421 I art     : Starting a blocking GC Explicit
08-06 18:25:07.305 14245 14245 D AndroidRuntime: CheckJNI is OFF
08-06 18:25:07.361 14245 14245 D ICU     : No timezone override file found: /data/misc/zoneinfo/current/icu/icu_tzdata.dat
08-06 18:25:07.374 11409 11421 I art     : Explicit concurrent mark sweep GC freed 423(6KB) AllocSpace objects, 0(0B) LOS objects, 7% free, 191MB/207MB, paused 2.040ms total 68.543ms
08-06 18:25:07.400 11409 11421 I art     : Starting a blocking GC Explicit
08-06 18:25:07.408 14245 14245 I Radio-JNI: register_android_hardware_Radio DONE
08-06 18:25:07.442 14245 14245 D AndroidRuntime: Calling main entry com.android.commands.input.Input
08-06 18:25:07.443 14245 14245 I Input   : injectKeyEvent: KeyEvent { action=ACTION_DOWN, keyCode=KEYCODE_BACK, scanCode=0, metaState=0, flags=0x0, repeatCount=0, eventTime=901523856, downTime=901523856, deviceId=-1, source=0x101 }
08-06 18:25:07.458 14245 14245 I Input   : injectKeyEvent: KeyEvent { action=ACTION_UP, keyCode=KEYCODE_BACK, scanCode=0, metaState=0, flags=0x0, repeatCount=0, eventTime=901523856, downTime=901523856, deviceId=-1, source=0x101 }
08-06 18:25:07.470 11409 11421 I art     : Explicit concurrent mark sweep GC freed 422(6KB) AllocSpace objects, 0(0B) LOS objects, 7% free, 191MB/207MB, paused 2.147ms total 69.703ms
08-06 18:25:07.496 14245 14245 D AndroidRuntime: Shutting down VM
08-06 18:25:07.519 11409 11409 V MainActivity: url = https://project-travel-mate.herokuapp.com/api/number-of-unread-notifications
08-06 18:25:07.588 13866 13866 I GoogleInputMethodServic: GoogleInputMethodService.onFinishInput():3138 
08-06 18:25:07.590 13866 13866 I GoogleInputMethodServic: GoogleInputMethodService.onStartInput():1808 
08-06 18:25:07.861   380   380 W SurfaceFlinger: couldn't log to binary event log: overflow.
08-06 18:25:07.964 11409 11421 I art     : Starting a blocking GC Explicit
08-06 18:25:08.051 11409 11421 I art     : Explicit concurrent mark sweep GC freed 2671(126KB) AllocSpace objects, 3(4MB) LOS objects, 7% free, 187MB/203MB, paused 2.377ms total 85.768ms
08-06 18:25:08.080 11409 11421 I art     : Starting a blocking GC Explicit
08-06 18:25:08.156 11409 11421 I art     : Explicit concurrent mark sweep GC freed 3818(181KB) AllocSpace objects, 2(56KB) LOS objects, 7% free, 186MB/202MB, paused 2.218ms total 75.153ms
08-06 18:25:08.185 11409 11421 I art     : Starting a blocking GC Explicit
08-06 18:25:08.272 11409 11421 I art     : Explicit concurrent mark sweep GC freed 3(96B) AllocSpace objects, 0(0B) LOS objects, 7% free, 186MB/202MB, paused 2.899ms total 86.772ms
08-06 18:25:08.306 11409 11421 I art     : Starting a blocking GC Explicit
08-06 18:25:08.397 11409 11421 I art     : Explicit concurrent mark sweep GC freed 2568(131KB) AllocSpace objects, 3(200KB) LOS objects, 7% free, 187MB/203MB, paused 2.984ms total 91.309ms
08-06 18:25:08.413 11409 14268 I NAPPA_EXPERIMENTATION: MetricNetworkRequestExecutionTime: REQUEST_DURATION_SYSTEM='892',REQUEST_DURATION_OKHTTP='35',REQUEST_SYNCHRONOUS='FALSE',RESPONSE_CODE='200',RESPONSE_METHOD='GET',RESPONSE_LENGTH_OKHTTP='36',RESPONSE_LENGTH_HEADER='36',REQUEST_PROTOCOL='http/1.1',REQUEST_URL='https://project-travel-mate.herokuapp.com/api/number-of-unread-notifications',
08-06 18:25:08.427 11409 11421 I art     : Starting a blocking GC Explicit
08-06 18:25:08.511 11409 11421 I art     : Explicit concurrent mark sweep GC freed 1075(127KB) AllocSpace objects, 0(0B) LOS objects, 7% free, 186MB/202MB, paused 2.405ms total 83.496ms
08-06 18:25:08.733   518   646 I ThermalEngine: ACTION: GPU - Setting GPU[0] to 305000000
08-06 18:25:09.069 11409 11422 I art     : Starting a blocking GC Explicit
08-06 18:25:09.185 11409 11422 I art     : Explicit concurrent mark sweep GC freed 1720(97KB) AllocSpace objects, 2(48KB) LOS objects, 7% free, 186MB/202MB, paused 3.122ms total 114.740ms
08-06 18:25:09.220 11409 11422 I art     : Starting a blocking GC Explicit
08-06 18:25:09.325 11409 11422 I art     : Explicit concurrent mark sweep GC freed 28(1024B) AllocSpace objects, 0(0B) LOS objects, 7% free, 186MB/202MB, paused 2.885ms total 104.137ms
08-06 18:25:09.325 11409 11420 I art     : WaitForGcToComplete blocked for 6.112ms for cause HeapTrim
08-06 18:25:09.362 11409 11422 I art     : Starting a blocking GC Explicit
08-06 18:25:09.469 11409 11422 I art     : Explicit concurrent mark sweep GC freed 3(96B) AllocSpace objects, 0(0B) LOS objects, 7% free, 186MB/202MB, paused 2.961ms total 106.313ms
08-06 18:25:09.504 11409 11422 I art     : Starting a blocking GC Explicit
08-06 18:25:09.612 11409 11422 I art     : Explicit concurrent mark sweep GC freed 3(96B) AllocSpace objects, 0(0B) LOS objects, 7% free, 186MB/202MB, paused 3.581ms total 107.074ms
08-06 18:25:09.613 14289 14289 D AndroidRuntime: >>>>>> START com.android.internal.os.RuntimeInit uid 2000 <<<<<<
08-06 18:25:09.621 14289 14289 D AndroidRuntime: CheckJNI is OFF
08-06 18:25:09.648 11409 11422 I art     : Starting a blocking GC Explicit
08-06 18:25:09.688 14289 14289 D ICU     : No timezone override file found: /data/misc/zoneinfo/current/icu/icu_tzdata.dat
08-06 18:25:09.735   518   646 I ThermalEngine: ACTION: GPU - Setting GPU[0] to 390000000
08-06 18:25:09.746 11409 11422 I art     : Explicit concurrent mark sweep GC freed 14(720B) AllocSpace objects, 0(0B) LOS objects, 7% free, 186MB/202MB, paused 3.077ms total 97.529ms
08-06 18:25:09.747 14289 14289 I Radio-JNI: register_android_hardware_Radio DONE
08-06 18:25:09.784 14289 14289 D AndroidRuntime: Calling main entry com.android.commands.input.Input
08-06 18:25:09.786 14289 14289 I Input   : injectMotionEvent: MotionEvent { action=ACTION_DOWN, actionButton=0, id[0]=0, x[0]=117.0, y[0]=170.0, toolType[0]=TOOL_TYPE_UNKNOWN, buttonState=0, metaState=0, flags=0x0, edgeFlags=0x0, pointerCount=1, historySize=0, eventTime=901526198, downTime=901526198, deviceId=0, source=0x1002 }
08-06 18:25:09.792 14289 14289 I Input   : injectMotionEvent: MotionEvent { action=ACTION_UP, actionButton=0, id[0]=0, x[0]=117.0, y[0]=170.0, toolType[0]=TOOL_TYPE_UNKNOWN, buttonState=0, metaState=0, flags=0x0, edgeFlags=0x0, pointerCount=1, historySize=0, eventTime=901526198, downTime=901526198, deviceId=0, source=0x1002 }
08-06 18:25:09.795 14289 14289 D AndroidRuntime: Shutting down VM
08-06 18:25:09.816   512  2967 D audio_hw_primary: out_set_parameters: enter: usecase(1: low-latency-playback) kvpairs: routing=2
08-06 18:25:09.829   512  2967 D audio_hw_primary: select_devices: out_snd_device(2: speaker) in_snd_device(0: none)
08-06 18:25:09.829   512  2967 D msm8974_platform: platform_send_audio_calibration: sending audio calibration for snd_device(2) acdb_id(15)
08-06 18:25:09.829   512  2967 I soundtrigger: audio_extn_sound_trigger_update_device_status: device 0x2 of type 0 for Event 1
08-06 18:25:09.842   512  2967 D audio_hw_primary: enable_snd_device: snd_device(2: speaker)
08-06 18:25:09.846   512  2967 D audio_hw_primary: enable_audio_route: apply and update mixer path: low-latency-playback speaker
08-06 18:25:10.155 11409 11471 I art     : Starting a blocking GC Explicit
08-06 18:25:10.238 11409 11471 I art     : Explicit concurrent mark sweep GC freed 2045(114KB) AllocSpace objects, 2(48KB) LOS objects, 7% free, 186MB/202MB, paused 2.297ms total 83.099ms
08-06 18:25:10.268 11409 11471 I art     : Starting a blocking GC Explicit
08-06 18:25:10.348 11409 11471 I art     : Explicit concurrent mark sweep GC freed 76(3KB) AllocSpace objects, 0(0B) LOS objects, 7% free, 186MB/202MB, paused 2.503ms total 79.433ms
08-06 18:25:10.376 11409 11471 I art     : Starting a blocking GC Explicit
08-06 18:25:10.390   512  2967 D audio_hw_primary: disable_audio_route: reset and update mixer path: low-latency-playback speaker
08-06 18:25:10.392   512  2967 D audio_hw_primary: disable_snd_device: snd_device(2: speaker)
08-06 18:25:10.401   512  2967 I soundtrigger: audio_extn_sound_trigger_update_device_status: device 0x2 of type 0 for Event 0
08-06 18:25:10.452 11409 11471 I art     : Explicit concurrent mark sweep GC freed 13(416B) AllocSpace objects, 0(0B) LOS objects, 7% free, 186MB/202MB, paused 2.252ms total 75.816ms
08-06 18:25:10.481 11409 11471 I art     : Starting a blocking GC Explicit
08-06 18:25:10.560 11409 11471 I art     : Explicit concurrent mark sweep GC freed 3(96B) AllocSpace objects, 0(0B) LOS objects, 7% free, 186MB/202MB, paused 2.675ms total 78.894ms
08-06 18:25:10.589 11409 11471 I art     : Starting a blocking GC Explicit
08-06 18:25:10.669 11409 11471 I art     : Explicit concurrent mark sweep GC freed 17(816B) AllocSpace objects, 0(0B) LOS objects, 7% free, 186MB/202MB, paused 2.364ms total 79.353ms
08-06 18:25:10.735 14317 14317 D AndroidRuntime: >>>>>> START com.android.internal.os.RuntimeInit uid 2000 <<<<<<
08-06 18:25:10.741 14317 14317 D AndroidRuntime: CheckJNI is OFF
08-06 18:25:10.803 14317 14317 D ICU     : No timezone override file found: /data/misc/zoneinfo/current/icu/icu_tzdata.dat
08-06 18:25:10.861 14317 14317 I Radio-JNI: register_android_hardware_Radio DONE
08-06 18:25:10.896 14317 14317 D AndroidRuntime: Calling main entry com.android.commands.input.Input
08-06 18:25:10.899 14317 14317 I Input   : injectMotionEvent: MotionEvent { action=ACTION_DOWN, actionButton=0, id[0]=0, x[0]=418.0, y[0]=842.0, toolType[0]=TOOL_TYPE_UNKNOWN, buttonState=0, metaState=0, flags=0x0, edgeFlags=0x0, pointerCount=1, historySize=0, eventTime=901527311, downTime=901527311, deviceId=0, source=0x1002 }
08-06 18:25:10.903 14317 14317 I Input   : injectMotionEvent: MotionEvent { action=ACTION_UP, actionButton=0, id[0]=0, x[0]=418.0, y[0]=842.0, toolType[0]=TOOL_TYPE_UNKNOWN, buttonState=0, metaState=0, flags=0x0, edgeFlags=0x0, pointerCount=1, historySize=0, eventTime=901527311, downTime=901527311, deviceId=0, source=0x1002 }
08-06 18:25:10.906 14317 14317 D AndroidRuntime: Shutting down VM
08-06 18:25:10.918   512  2967 D audio_hw_primary: out_set_parameters: enter: usecase(1: low-latency-playback) kvpairs: routing=2
08-06 18:25:10.922 11409 11492 D Gabe    : call	returning from cache
08-06 18:25:10.931   512  2967 D audio_hw_primary: select_devices: out_snd_device(2: speaker) in_snd_device(0: none)
08-06 18:25:10.931   512  2967 D msm8974_platform: platform_send_audio_calibration: sending audio calibration for snd_device(2) acdb_id(15)
08-06 18:25:10.932   512  2967 I soundtrigger: audio_extn_sound_trigger_update_device_status: device 0x2 of type 0 for Event 1
08-06 18:25:10.941   512  2967 D audio_hw_primary: enable_snd_device: snd_device(2: speaker)
08-06 18:25:10.943   512  2967 D audio_hw_primary: enable_audio_route: apply and update mixer path: low-latency-playback speaker
08-06 18:25:10.963 11409 11409 V MainActivity: url = https://project-travel-mate.herokuapp.com/api/number-of-unread-notifications
08-06 18:25:10.990   512  2967 D AudioFlinger: mixer(0xf4740000) throttle end: throttle time(12)
08-06 18:25:11.160 11409 11422 I art     : Starting a blocking GC Explicit
08-06 18:25:11.246 11409 11422 I art     : Explicit concurrent mark sweep GC freed 3642(215KB) AllocSpace objects, 2(48KB) LOS objects, 7% free, 187MB/203MB, paused 2.847ms total 85.054ms
08-06 18:25:11.274 11409 11422 I art     : Starting a blocking GC Explicit
08-06 18:25:11.359 11409 11422 I art     : Explicit concurrent mark sweep GC freed 555(32KB) AllocSpace objects, 0(0B) LOS objects, 7% free, 187MB/203MB, paused 2.877ms total 84.749ms
08-06 18:25:11.388 11409 11422 I art     : Starting a blocking GC Explicit
08-06 18:25:11.475 11409 11422 I art     : Explicit concurrent mark sweep GC freed 325(24KB) AllocSpace objects, 0(0B) LOS objects, 7% free, 187MB/203MB, paused 2.930ms total 86.540ms
08-06 18:25:11.489   512  2967 D audio_hw_primary: disable_audio_route: reset and update mixer path: low-latency-playback speaker
08-06 18:25:11.490   512  2967 D audio_hw_primary: disable_snd_device: snd_device(2: speaker)
08-06 18:25:11.498   512  2967 I soundtrigger: audio_extn_sound_trigger_update_device_status: device 0x2 of type 0 for Event 0
08-06 18:25:11.503 11409 11422 I art     : Starting a blocking GC Explicit
08-06 18:25:11.589 11409 11422 I art     : Explicit concurrent mark sweep GC freed 303(23KB) AllocSpace objects, 0(0B) LOS objects, 7% free, 187MB/203MB, paused 2.920ms total 85.870ms
08-06 18:25:11.618 11409 11422 I art     : Starting a blocking GC Explicit
08-06 18:25:11.691 11409 14341 I NAPPA_EXPERIMENTATION: MetricNetworkRequestExecutionTime: REQUEST_DURATION_SYSTEM='726',REQUEST_DURATION_OKHTTP='34',REQUEST_SYNCHRONOUS='FALSE',RESPONSE_CODE='200',RESPONSE_METHOD='GET',RESPONSE_LENGTH_OKHTTP='36',RESPONSE_LENGTH_HEADER='36',REQUEST_PROTOCOL='http/1.1',REQUEST_URL='https://project-travel-mate.herokuapp.com/api/number-of-unread-notifications',
08-06 18:25:11.710 11409 11422 I art     : Explicit concurrent mark sweep GC freed 4127(196KB) AllocSpace objects, 3(200KB) LOS objects, 7% free, 187MB/203MB, paused 2.685ms total 92.490ms
08-06 18:25:11.712 11409 11409 I Choreographer: Skipped 44 frames!  The application may be doing too much work on its main thread.
08-06 18:25:12.185 11409 11422 I art     : Starting a blocking GC Explicit
08-06 18:25:12.277 11409 11422 I art     : Explicit concurrent mark sweep GC freed 5879(357KB) AllocSpace objects, 11(312KB) LOS objects, 7% free, 187MB/203MB, paused 2.364ms total 90.700ms
08-06 18:25:12.307 11409 11422 I art     : Starting a blocking GC Explicit
08-06 18:25:12.395 11409 11422 I art     : Explicit concurrent mark sweep GC freed 308(8KB) AllocSpace objects, 0(0B) LOS objects, 7% free, 187MB/203MB, paused 2.343ms total 87.708ms
08-06 18:25:12.427 11409 11422 I art     : Starting a blocking GC Explicit
08-06 18:25:12.516 11409 11422 I art     : Explicit concurrent mark sweep GC freed 171(2896B) AllocSpace objects, 0(0B) LOS objects, 7% free, 187MB/203MB, paused 2.473ms total 88.362ms
08-06 18:25:12.546 11409 11422 I art     : Starting a blocking GC Explicit
08-06 18:25:12.642 11409 11422 I art     : Explicit concurrent mark sweep GC freed 210(3KB) AllocSpace objects, 0(0B) LOS objects, 7% free, 187MB/203MB, paused 3.692ms total 95.205ms
08-06 18:25:12.675 11409 11422 I art     : Starting a blocking GC Explicit
08-06 18:25:12.769 11409 11422 I art     : Explicit concurrent mark sweep GC freed 217(4KB) AllocSpace objects, 0(0B) LOS objects, 7% free, 187MB/203MB, paused 2.701ms total 92.839ms
08-06 18:25:13.255 11409 11422 I art     : Starting a blocking GC Explicit
08-06 18:25:13.338 11409 11422 I art     : Explicit concurrent mark sweep GC freed 2510(108KB) AllocSpace objects, 2(64KB) LOS objects, 7% free, 187MB/203MB, paused 2.280ms total 82.653ms
08-06 18:25:13.368 11409 11422 I art     : Starting a blocking GC Explicit
08-06 18:25:13.453 11409 11422 I art     : Explicit concurrent mark sweep GC freed 203(4KB) AllocSpace objects, 0(0B) LOS objects, 7% free, 187MB/203MB, paused 2.466ms total 84.247ms
08-06 18:25:13.484 11409 11422 I art     : Starting a blocking GC Explicit
08-06 18:25:13.568 11409 11422 I art     : Explicit concurrent mark sweep GC freed 147(2496B) AllocSpace objects, 0(0B) LOS objects, 7% free, 187MB/203MB, paused 2.338ms total 83.598ms
08-06 18:25:13.598 11409 11422 I art     : Starting a blocking GC Explicit
08-06 18:25:13.684 11409 11422 I art     : Explicit concurrent mark sweep GC freed 182(3KB) AllocSpace objects, 0(0B) LOS objects, 7% free, 187MB/203MB, paused 2.332ms total 85.646ms
08-06 18:25:13.715 11409 11422 I art     : Starting a blocking GC Explicit
08-06 18:25:13.799 11409 11422 I art     : Explicit concurrent mark sweep GC freed 181(3KB) AllocSpace objects, 0(0B) LOS objects, 7% free, 187MB/203MB, paused 2.416ms total 84.327ms
08-06 18:25:13.888 14368 14368 D AndroidRuntime: >>>>>> START com.android.internal.os.RuntimeInit uid 2000 <<<<<<
08-06 18:25:13.894 14368 14368 D AndroidRuntime: CheckJNI is OFF
08-06 18:25:13.953 14368 14368 D ICU     : No timezone override file found: /data/misc/zoneinfo/current/icu/icu_tzdata.dat
08-06 18:25:14.004 14368 14368 I Radio-JNI: register_android_hardware_Radio DONE
08-06 18:25:14.039 14368 14368 D AndroidRuntime: Calling main entry com.android.commands.am.Am
08-06 18:25:14.046 26540 26540 I Trepn   : Trepn 6.2s: Received intent: com.quicinc.trepn.stop_profiling
08-06 18:25:14.074 26540 26540 I Trepn   : Trepn 6.2s: Trepn has Stopped Profiling.
08-06 18:25:14.246 14368 14368 D AndroidRuntime: Shutting down VM
08-06 18:25:14.250   918  6110 W AppOps  : Finishing op nesting under-run: uid 10078 pkg com.quicinc.trepn code 24 time=0 duration=0 nesting=0
08-06 18:25:14.279 11409 11421 I art     : Starting a blocking GC Explicit
08-06 18:25:14.356 11409 11421 I art     : Explicit concurrent mark sweep GC freed 2441(106KB) AllocSpace objects, 2(64KB) LOS objects, 7% free, 187MB/203MB, paused 2.096ms total 77.230ms
08-06 18:25:14.387 11409 11421 I art     : Starting a blocking GC Explicit
08-06 18:25:14.478 11409 11421 I art     : Explicit concurrent mark sweep GC freed 196(3KB) AllocSpace objects, 0(0B) LOS objects, 7% free, 187MB/203MB, paused 2.547ms total 90.392ms
08-06 18:25:14.478 11409 11420 I art     : WaitForGcToComplete blocked for 7.110ms for cause HeapTrim
08-06 18:25:14.509 11409 11421 I art     : Starting a blocking GC Explicit
08-06 18:25:14.592 11409 11421 I art     : Explicit concurrent mark sweep GC freed 171(2896B) AllocSpace objects, 0(0B) LOS objects, 7% free, 187MB/203MB, paused 2.292ms total 83.307ms
08-06 18:25:14.622 11409 11421 I art     : Starting a blocking GC Explicit
08-06 18:25:14.707 11409 11421 I art     : Explicit concurrent mark sweep GC freed 170(2864B) AllocSpace objects, 0(0B) LOS objects, 7% free, 187MB/203MB, paused 2.306ms total 84.442ms
08-06 18:25:14.737 11409 11421 I art     : Starting a blocking GC Explicit
08-06 18:25:14.823 11409 11421 I art     : Explicit concurrent mark sweep GC freed 173(2960B) AllocSpace objects, 0(0B) LOS objects, 7% free, 187MB/203MB, paused 2.395ms total 85.062ms
