--------- beginning of main
08-06 01:58:33.373 18513 18513 D AndroidRuntime: >>>>>> START com.android.internal.os.RuntimeInit uid 2000 <<<<<<
08-06 01:58:33.380 18513 18513 D AndroidRuntime: CheckJNI is OFF
08-06 01:58:33.407 18513 18513 D ICU     : No timezone override file found: /data/misc/zoneinfo/current/icu/icu_tzdata.dat
08-06 01:58:33.436 18513 18513 I Radio-JNI: register_android_hardware_Radio DONE
08-06 01:58:33.452 18513 18513 D AndroidRuntime: Calling main entry com.android.commands.monkey.Monkey
--------- beginning of system
08-06 01:58:33.469   918   931 W BroadcastQueue: Skipping deliver [background] BroadcastRecord{711cbee u-1 android.net.conn.CONNECTIVITY_CHANGE} to ReceiverList{6ca888f 18513 (unknown name)/2000/u-1 remote:660fbf0}: process crashing
08-06 01:58:33.480   918   928 I ActivityManager: START u0 {act=android.intent.action.MAIN cat=[android.intent.category.LAUNCHER] flg=0x10200000 cmp=baseline.io.github.project_travel_mate/.SplashActivity} from uid 2000 on display 0
08-06 01:58:33.523   918  3359 I ActivityManager: Start proc 18522:baseline.io.github.project_travel_mate/u0a696 for activity baseline.io.github.project_travel_mate/.SplashActivity
08-06 01:58:33.523 18522 18522 I art     : Late-enabling -Xcheck:jni
08-06 01:58:33.529 18513 18513 I art     : System.exit called, status: 0
08-06 01:58:33.529 18513 18513 I AndroidRuntime: VM exiting with result code 0.
08-06 01:58:33.589 16458 14157 I PBSessionCacheImpl: Deleted sessionId[72384646105454640] from persistence.
08-06 01:58:33.599 16458 16488 W SearchServiceCore: Abort, client detached.
08-06 01:58:33.599 16458 16488 I MicroDetectionState: Should stop hotword detection immediately - true
08-06 01:58:33.616 18522 18522 W System  : ClassLoader referenced unknown path: /data/app/baseline.io.github.project_travel_mate-1/lib/arm64
08-06 01:58:33.766 18522 18522 W art     : Before Android 4.1, method android.graphics.PorterDuffColorFilter androidx.vectordrawable.graphics.drawable.VectorDrawableCompat.updateTintFilter(android.graphics.PorterDuffColorFilter, android.content.res.ColorStateList, android.graphics.PorterDuff$Mode) would have incorrectly overridden the package-private method in android.graphics.drawable.Drawable
08-06 01:58:33.815 18522 18522 I art     : Rejecting re-init on previously-failed class java.lang.Class<androidx.core.view.ViewCompat$OnUnhandledKeyEventListenerWrapper>
08-06 01:58:33.816 18522 18522 I art     : Rejecting re-init on previously-failed class java.lang.Class<androidx.core.view.ViewCompat$OnUnhandledKeyEventListenerWrapper>
08-06 01:58:33.874 18522 18537 D OpenGLRenderer: Use EGL_SWAP_BEHAVIOR_PRESERVED: true
08-06 01:58:33.929 18522 18537 I Adreno  : QUALCOMM build                   : fcf4852, I1af360237c
08-06 01:58:33.929 18522 18537 I Adreno  : Build Date                       : 09/23/15
08-06 01:58:33.929 18522 18537 I Adreno  : OpenGL ES Shader Compiler Version: XE031.05.13.02
08-06 01:58:33.929 18522 18537 I Adreno  : Local Branch                     : mybranch14465806
08-06 01:58:33.929 18522 18537 I Adreno  : Remote Branch                    : quic/LA.BF64.1.2.9_v2
08-06 01:58:33.929 18522 18537 I Adreno  : Remote Branch                    : NONE
08-06 01:58:33.929 18522 18537 I Adreno  : Reconstruct Branch               : NOTHING
08-06 01:58:33.935 18522 18537 I OpenGLRenderer: Initialized EGL, version 1.4
08-06 01:58:34.039   918  3261 D WifiStateMachine: starting scan for "H369AA63323"WPA_PSK with 2412,5180
08-06 01:58:34.073 13866 13866 I GoogleInputMethodServic: GoogleInputMethodService.onFinishInput():3138 
08-06 01:58:34.074   918   936 I ActivityManager: Displayed baseline.io.github.project_travel_mate/.SplashActivity: +583ms
08-06 01:58:34.075 13866 13866 I GoogleInputMethodServic: GoogleInputMethodService.onStartInput():1808 
08-06 01:58:34.446   918  3188 I hubconnection: sensorhub said: 'set_bias 3: -6.2400, 0.0000, 0.0000'
08-06 01:58:35.121 18551 18551 D AndroidRuntime: >>>>>> START com.android.internal.os.RuntimeInit uid 2000 <<<<<<
08-06 01:58:35.124 18551 18551 D AndroidRuntime: CheckJNI is OFF
08-06 01:58:35.152 18551 18551 D ICU     : No timezone override file found: /data/misc/zoneinfo/current/icu/icu_tzdata.dat
08-06 01:58:35.181 18551 18551 I Radio-JNI: register_android_hardware_Radio DONE
08-06 01:58:35.196 18551 18551 D AndroidRuntime: Calling main entry com.android.commands.am.Am
08-06 01:58:35.208  3167  3167 I Trepn   : Trepn 6.2s: Received intent: com.quicinc.trepn.start_profiling
08-06 01:58:35.296  3167  3167 W FileUtils: Failed to chmod(/storage/emulated/0/trepn/Trepn_2020.08.06_015835.db): android.system.ErrnoException: chmod failed: EPERM (Operation not permitted)
08-06 01:58:35.373  3167  3167 I Trepn   : Trepn 6.2s: Trepn has Started Profiling.
08-06 01:58:35.374 18551 18551 D AndroidRuntime: Shutting down VM
08-06 01:58:35.906 18522 18534 I art     : Starting a blocking GC Explicit
08-06 01:58:35.962 18522 18534 I art     : Explicit concurrent mark sweep GC freed 53329(2MB) AllocSpace objects, 2(40KB) LOS objects, 40% free, 20MB/34MB, paused 776us total 55.690ms
08-06 01:58:35.980 18522 18534 I art     : Starting a blocking GC Explicit
08-06 01:58:35.986   918  3714 I ActivityManager: START u0 {cmp=baseline.io.github.project_travel_mate/.MainActivity} from uid 10696 on display 0
08-06 01:58:35.997 18522 18534 I art     : Explicit concurrent mark sweep GC freed 2327(106KB) AllocSpace objects, 0(0B) LOS objects, 40% free, 20MB/34MB, paused 192us total 17.325ms
08-06 01:58:36.010 18522 18534 I art     : Starting a blocking GC Explicit
08-06 01:58:36.040 18522 18534 I art     : Explicit concurrent mark sweep GC freed 93(46KB) AllocSpace objects, 0(0B) LOS objects, 40% free, 20MB/34MB, paused 475us total 30.281ms
08-06 01:58:36.048 18522 18534 I art     : Starting a blocking GC Explicit
08-06 01:58:36.085 18522 18534 I art     : Explicit concurrent mark sweep GC freed 136(34KB) AllocSpace objects, 0(0B) LOS objects, 40% free, 20MB/34MB, paused 518us total 37.445ms
08-06 01:58:36.093 18522 18534 I art     : Starting a blocking GC Explicit
08-06 01:58:36.136 18522 18534 I art     : Explicit concurrent mark sweep GC freed 188(28KB) AllocSpace objects, 0(0B) LOS objects, 40% free, 20MB/34MB, paused 236us total 43.292ms
08-06 01:58:36.238 18522 18522 W Settings: Setting airplane_mode_on has moved from android.provider.Settings.System to android.provider.Settings.Global, returning read-only value.
08-06 01:58:36.254 18522 18522 V MainActivity: url=https://project-travel-mate.herokuapp.com/api/get-user
08-06 01:58:36.303 18522 18592 W LOTTIE  : Unknown mask mode mode. Defaulting to Add.
08-06 01:58:36.311 18522 18592 W LOTTIE  : You have 5 images. Lottie should primarily be used with shapes. If you are using Adobe Illustrator, convert the Illustrator layers to shape layers.
08-06 01:58:36.312 18522 18592 W LOTTIE  : Unknown mask mode mode. Defaulting to Add.
08-06 01:58:36.313 18522 18592 W LOTTIE  : Unknown mask mode mode. Defaulting to Add.
08-06 01:58:36.356 18522 18522 V CityFragment: url=https://project-travel-mate.herokuapp.com/api/get-all-cities/10
08-06 01:58:36.462 18522 18540 I art     : Starting a blocking GC Explicit
08-06 01:58:36.488 18522 18540 I art     : Explicit concurrent mark sweep GC freed 14863(1047KB) AllocSpace objects, 2(40KB) LOS objects, 40% free, 23MB/38MB, paused 246us total 25.861ms
08-06 01:58:36.497 18522 18540 I art     : Starting a blocking GC Explicit
08-06 01:58:36.509 18522 18522 E RecyclerView: No adapter attached; skipping layout
08-06 01:58:36.511 18522 18540 I art     : Explicit concurrent mark sweep GC freed 510(21KB) AllocSpace objects, 0(0B) LOS objects, 40% free, 23MB/38MB, paused 856us total 14.003ms
08-06 01:58:36.519 18522 18540 I art     : Starting a blocking GC Explicit
08-06 01:58:36.532 18522 18540 I art     : Explicit concurrent mark sweep GC freed 701(136KB) AllocSpace objects, 0(0B) LOS objects, 40% free, 23MB/38MB, paused 364us total 12.265ms
08-06 01:58:36.539 18522 18540 I art     : Starting a blocking GC Explicit
08-06 01:58:36.552 18522 18540 I art     : Explicit concurrent mark sweep GC freed 2250(81KB) AllocSpace objects, 0(0B) LOS objects, 40% free, 23MB/38MB, paused 386us total 12.387ms
08-06 01:58:36.560 18522 18540 I art     : Starting a blocking GC Explicit
08-06 01:58:36.574 18522 18540 I art     : Explicit concurrent mark sweep GC freed 2086(87KB) AllocSpace objects, 0(0B) LOS objects, 36% free, 27MB/43MB, paused 398us total 14.044ms
08-06 01:58:36.694 18522 18522 V MainActivity: url = https://project-travel-mate.herokuapp.com/api/number-of-unread-notifications
08-06 01:58:36.697   918   936 I ActivityManager: Displayed baseline.io.github.project_travel_mate/.MainActivity: +702ms
08-06 01:58:36.708 13866 13866 I GoogleInputMethodServic: GoogleInputMethodService.onFinishInput():3138 
08-06 01:58:36.709 13866 13866 I GoogleInputMethodServic: GoogleInputMethodService.onStartInput():1808 
08-06 01:58:36.710 18522 18522 E RecyclerView: No adapter attached; skipping layout
08-06 01:58:36.848 18522 18534 I art     : Starting a blocking GC Explicit
08-06 01:58:36.864 18522 18591 I NAPPA_EXPERIMENTATION: MetricNetworkRequestExecutionTime: REQUEST_DURATION_SYSTEM='589',REQUEST_DURATION_OKHTTP='47',REQUEST_SYNCHRONOUS='FALSE',RESPONSE_CODE='200',RESPONSE_METHOD='GET',RESPONSE_LENGTH_OKHTTP='185',RESPONSE_LENGTH_HEADER='185',REQUEST_PROTOCOL='http/1.1',REQUEST_URL='https://project-travel-mate.herokuapp.com/api/get-user',
08-06 01:58:36.865 18522 18534 I art     : Explicit concurrent mark sweep GC freed 8048(491KB) AllocSpace objects, 7(420KB) LOS objects, 36% free, 28MB/44MB, paused 894us total 17.463ms
08-06 01:58:36.871 18522 18603 I NAPPA_EXPERIMENTATION: MetricNetworkRequestExecutionTime: REQUEST_DURATION_SYSTEM='514',REQUEST_DURATION_OKHTTP='57',REQUEST_SYNCHRONOUS='FALSE',RESPONSE_CODE='200',RESPONSE_METHOD='GET',RESPONSE_LENGTH_OKHTTP='1588',RESPONSE_LENGTH_HEADER='1588',REQUEST_PROTOCOL='http/1.1',REQUEST_URL='https://project-travel-mate.herokuapp.com/api/get-all-cities/10',
08-06 01:58:36.874 18522 18522 V CityFragment: result=[{"id":1,"city_name":"Delhi","facts_count":6,"image":"https://upload.wikimedia.org/wikipedia/commons/9/94/%E0%B4%96%E0%B5%81%E0%B4%A4%E0%B5%8D%E0%B4%AC%E0%B5%8D_%E0%B4%AE%E0%B4%BF%E0%B4%A8%E0%B4%BE%E0%B5%BC1.jpg","visit_count":18186},{"id":2,"city_name":"Mumbai","facts_count":0,"image":"https://static1.squarespace.com/static/55917ae2e4b0984fc8c264c4/t/5ad7a037758d464041bfba27/1524102624280/Victoria_Mumbai.jpg","visit_count":6022},{"id":3,"city_name":"Bangalore","facts_count":0,"image":null,"visit_count":5536},{"id":8,"city_name":"Pune","facts_count":0,"image":"https://www.zricks.com/ImagesPostProject/47929//6557d975-20a9-4c6c-a776-8072a1936a76.jpg","visit_count":3324},{"id":4,"city_name":"Chennai","facts_count":0,"image":"http://lh3.ggpht.com/_YLb7tJ8RoAk/SfazBLdgf3I/AAAAAAAANEg/p52_Zz_URxg/s640/Picture%20009.jpg","visit_count":3061},{"id":5,"city_name":"Kolkata","facts_count":0,"image":"https://i.pinimg.com/originals/05/ec/42/05ec42c545b494d12cc612923483b4f0.jpg","visit_count":2211},{"id":9,"city_name":"Jaipur","facts_count":1,"image":"https://www.trodly.com/pictures/attraction/1943.jpg","visit_count":2007},{"id":6,"city_name":"Hyderabad","facts_count":0,"image":"https://i1.trekearth.com/photos/59194/charminar_020_sm.jpg","visit_count":1633},{"id":150,"city_name":"Panjim","facts_count":0,"image":"http://www.nomad4ever.com/wp-content/uploads/2009/04/palm-trees-at-baga-creek-north-goa1.jpg","visit_count":1488},{"id":7,"city_name":"Ahmedabad","facts_count":0,"image":"https://i.pinimg.com/originals/a5/ed/29/a5ed293271669a61f47059f7b0d9cf2c.jpg","visit_count":1115}]
08-06 01:58:36.875 18522 18534 I art     : Starting a blocking GC Explicit
08-06 01:58:36.890 18522 18534 I art     : Explicit concurrent mark sweep GC freed 2463(282KB) AllocSpace objects, 0(0B) LOS objects, 36% free, 28MB/44MB, paused 232us total 15.062ms
08-06 01:58:36.899 18522 18534 I art     : Starting a blocking GC Explicit
08-06 01:58:36.915 18522 18534 I art     : Explicit concurrent mark sweep GC freed 162(5KB) AllocSpace objects, 0(0B) LOS objects, 36% free, 28MB/44MB, paused 344us total 15.919ms
08-06 01:58:36.924 18522 18522 D CityFragment: get cities cities size = 10
08-06 01:58:36.924 18522 18534 I art     : Starting a blocking GC Explicit
08-06 01:58:36.941 18522 18534 I art     : Explicit concurrent mark sweep GC freed 544(40KB) AllocSpace objects, 1(20KB) LOS objects, 34% free, 30MB/46MB, paused 376us total 17.043ms
08-06 01:58:36.951 18522 18534 I art     : Starting a blocking GC Explicit
08-06 01:58:36.951   380   380 W SurfaceFlinger: couldn't log to binary event log: overflow.
08-06 01:58:36.965 18522 18534 I art     : Explicit concurrent mark sweep GC freed 156(17KB) AllocSpace objects, 0(0B) LOS objects, 34% free, 30MB/46MB, paused 355us total 14.398ms
08-06 01:58:37.240 18522 18607 I NAPPA_EXPERIMENTATION: MetricNetworkRequestExecutionTime: REQUEST_DURATION_SYSTEM='544',REQUEST_DURATION_OKHTTP='81',REQUEST_SYNCHRONOUS='FALSE',RESPONSE_CODE='200',RESPONSE_METHOD='GET',RESPONSE_LENGTH_OKHTTP='36',RESPONSE_LENGTH_HEADER='36',REQUEST_PROTOCOL='http/1.1',REQUEST_URL='https://project-travel-mate.herokuapp.com/api/number-of-unread-notifications',
08-06 01:58:37.245 18522 18535 I art     : Starting a blocking GC Explicit
08-06 01:58:37.268 18522 18535 I art     : Explicit concurrent mark sweep GC freed 14249(953KB) AllocSpace objects, 13(4MB) LOS objects, 34% free, 29MB/45MB, paused 580us total 22.949ms
08-06 01:58:37.276 18522 18535 I art     : Starting a blocking GC Explicit
08-06 01:58:37.294 18522 18535 I art     : Explicit concurrent mark sweep GC freed 12304(754KB) AllocSpace objects, 1(36KB) LOS objects, 35% free, 29MB/45MB, paused 520us total 17.670ms
08-06 01:58:37.303 18522 18535 I art     : Starting a blocking GC Explicit
08-06 01:58:37.320 18522 18535 I art     : Explicit concurrent mark sweep GC freed 840(190KB) AllocSpace objects, 0(0B) LOS objects, 35% free, 29MB/45MB, paused 358us total 16.524ms
08-06 01:58:37.328 18522 18535 I art     : Starting a blocking GC Explicit
08-06 01:58:37.343 18522 18535 I art     : Explicit concurrent mark sweep GC freed 332(77KB) AllocSpace objects, 2(88KB) LOS objects, 35% free, 29MB/45MB, paused 289us total 14.875ms
08-06 01:58:37.351 18522 18535 I art     : Starting a blocking GC Explicit
08-06 01:58:37.367 18522 18535 I art     : Explicit concurrent mark sweep GC freed 483(53KB) AllocSpace objects, 0(0B) LOS objects, 35% free, 29MB/45MB, paused 369us total 15.957ms
08-06 01:58:37.662 18522 18535 I art     : Starting a blocking GC Explicit
08-06 01:58:37.682 18522 18535 I art     : Explicit concurrent mark sweep GC freed 12876(1245KB) AllocSpace objects, 17(1732KB) LOS objects, 33% free, 31MB/47MB, paused 262us total 20.259ms
08-06 01:58:37.691 18522 18535 I art     : Starting a blocking GC Explicit
08-06 01:58:37.708 18522 18535 I art     : Explicit concurrent mark sweep GC freed 445(76KB) AllocSpace objects, 0(0B) LOS objects, 32% free, 32MB/48MB, paused 270us total 16.885ms
08-06 01:58:37.717 18522 18535 I art     : Starting a blocking GC Explicit
08-06 01:58:37.734 18522 18535 I art     : Explicit concurrent mark sweep GC freed 164(6KB) AllocSpace objects, 2(88KB) LOS objects, 32% free, 32MB/48MB, paused 278us total 16.093ms
08-06 01:58:37.742 18522 18535 I art     : Starting a blocking GC Explicit
08-06 01:58:37.758 18522 18535 I art     : Explicit concurrent mark sweep GC freed 54(992B) AllocSpace objects, 0(0B) LOS objects, 32% free, 32MB/48MB, paused 270us total 15.739ms
08-06 01:58:37.766 18522 18535 I art     : Starting a blocking GC Explicit
08-06 01:58:37.784 18522 18535 I art     : Explicit concurrent mark sweep GC freed 407(19KB) AllocSpace objects, 0(0B) LOS objects, 32% free, 32MB/48MB, paused 318us total 17.571ms
08-06 01:58:38.107 18522 18535 I art     : Starting a blocking GC Explicit
08-06 01:58:38.128 18522 18535 I art     : Explicit concurrent mark sweep GC freed 4314(318KB) AllocSpace objects, 7(1388KB) LOS objects, 32% free, 32MB/48MB, paused 258us total 20.702ms
08-06 01:58:38.139 18522 18535 I art     : Starting a blocking GC Explicit
08-06 01:58:38.158 18522 18535 I art     : Explicit concurrent mark sweep GC freed 166(5KB) AllocSpace objects, 0(0B) LOS objects, 32% free, 32MB/48MB, paused 236us total 19.345ms
08-06 01:58:38.168 18522 18535 I art     : Starting a blocking GC Explicit
08-06 01:58:38.186 18522 18535 I art     : Explicit concurrent mark sweep GC freed 36(688B) AllocSpace objects, 0(0B) LOS objects, 32% free, 32MB/48MB, paused 322us total 17.972ms
08-06 01:58:38.195 18522 18535 I art     : Starting a blocking GC Explicit
08-06 01:58:38.211 18522 18535 I art     : Explicit concurrent mark sweep GC freed 53(1104B) AllocSpace objects, 0(0B) LOS objects, 32% free, 32MB/48MB, paused 240us total 15.697ms
08-06 01:58:38.220 18522 18535 I art     : Starting a blocking GC Explicit
08-06 01:58:38.237 18522 18535 I art     : Explicit concurrent mark sweep GC freed 65(1712B) AllocSpace objects, 0(0B) LOS objects, 32% free, 32MB/48MB, paused 340us total 16.530ms
08-06 01:58:38.570 18522 18540 I art     : Starting a blocking GC Explicit
08-06 01:58:38.589 18522 18540 I art     : Explicit concurrent mark sweep GC freed 1913(90KB) AllocSpace objects, 2(40KB) LOS objects, 32% free, 32MB/48MB, paused 279us total 18.674ms
08-06 01:58:38.598 18522 18540 I art     : Starting a blocking GC Explicit
08-06 01:58:38.615 18522 18540 I art     : Explicit concurrent mark sweep GC freed 63(1488B) AllocSpace objects, 0(0B) LOS objects, 32% free, 32MB/48MB, paused 251us total 17.218ms
08-06 01:58:38.624 18522 18540 I art     : Starting a blocking GC Explicit
08-06 01:58:38.641 18522 18540 I art     : Explicit concurrent mark sweep GC freed 51(896B) AllocSpace objects, 0(0B) LOS objects, 32% free, 32MB/48MB, paused 243us total 17.116ms
08-06 01:58:38.650 18522 18540 I art     : Starting a blocking GC Explicit
08-06 01:58:38.667 18522 18540 I art     : Explicit concurrent mark sweep GC freed 27(496B) AllocSpace objects, 0(0B) LOS objects, 32% free, 32MB/48MB, paused 251us total 16.878ms
08-06 01:58:38.676 18522 18540 I art     : Starting a blocking GC Explicit
08-06 01:58:38.693 18522 18540 I art     : Explicit concurrent mark sweep GC freed 51(896B) AllocSpace objects, 0(0B) LOS objects, 32% free, 32MB/48MB, paused 253us total 17.172ms
08-06 01:58:39.032 18522 18534 I art     : Starting a blocking GC Explicit
08-06 01:58:39.052 18522 18534 I art     : Explicit concurrent mark sweep GC freed 1930(91KB) AllocSpace objects, 2(40KB) LOS objects, 32% free, 32MB/48MB, paused 257us total 19.216ms
08-06 01:58:39.063 18522 18534 I art     : Starting a blocking GC Explicit
08-06 01:58:39.080 18522 18534 I art     : Explicit concurrent mark sweep GC freed 70(1584B) AllocSpace objects, 0(0B) LOS objects, 32% free, 32MB/48MB, paused 238us total 16.375ms
08-06 01:58:39.089 18522 18534 I art     : Starting a blocking GC Explicit
08-06 01:58:39.106 18522 18534 I art     : Explicit concurrent mark sweep GC freed 44(768B) AllocSpace objects, 0(0B) LOS objects, 32% free, 32MB/48MB, paused 278us total 16.758ms
08-06 01:58:39.114 18522 18534 I art     : Starting a blocking GC Explicit
08-06 01:58:39.131 18522 18534 I art     : Explicit concurrent mark sweep GC freed 34(624B) AllocSpace objects, 0(0B) LOS objects, 32% free, 32MB/48MB, paused 248us total 16.767ms
08-06 01:58:39.140 18522 18534 I art     : Starting a blocking GC Explicit
08-06 01:58:39.157 18522 18534 I art     : Explicit concurrent mark sweep GC freed 51(896B) AllocSpace objects, 0(0B) LOS objects, 32% free, 32MB/48MB, paused 314us total 16.670ms
08-06 01:58:39.494 18522 18535 I art     : Starting a blocking GC Explicit
08-06 01:58:39.510 18522 18535 I art     : Explicit concurrent mark sweep GC freed 1930(91KB) AllocSpace objects, 2(40KB) LOS objects, 32% free, 32MB/48MB, paused 245us total 15.641ms
08-06 01:58:39.518 18522 18535 I art     : Starting a blocking GC Explicit
08-06 01:58:39.533 18522 18535 I art     : Explicit concurrent mark sweep GC freed 46(1184B) AllocSpace objects, 0(0B) LOS objects, 32% free, 32MB/48MB, paused 233us total 14.532ms
08-06 01:58:39.541 18522 18535 I art     : Starting a blocking GC Explicit
08-06 01:58:39.556 18522 18535 I art     : Explicit concurrent mark sweep GC freed 51(896B) AllocSpace objects, 0(0B) LOS objects, 32% free, 32MB/48MB, paused 234us total 14.950ms
08-06 01:58:39.565 18522 18535 I art     : Starting a blocking GC Explicit
08-06 01:58:39.580 18522 18535 I art     : Explicit concurrent mark sweep GC freed 27(496B) AllocSpace objects, 0(0B) LOS objects, 32% free, 32MB/48MB, paused 241us total 14.496ms
08-06 01:58:39.588 18522 18535 I art     : Starting a blocking GC Explicit
08-06 01:58:39.603 18522 18535 I art     : Explicit concurrent mark sweep GC freed 27(496B) AllocSpace objects, 0(0B) LOS objects, 32% free, 32MB/48MB, paused 234us total 15ms
08-06 01:58:39.938 18522 18540 I art     : Starting a blocking GC Explicit
08-06 01:58:39.957 18522 18540 I art     : Explicit concurrent mark sweep GC freed 1952(91KB) AllocSpace objects, 2(40KB) LOS objects, 32% free, 32MB/48MB, paused 264us total 18.125ms
08-06 01:58:39.965 18522 18540 I art     : Starting a blocking GC Explicit
08-06 01:58:39.983 18522 18540 I art     : Explicit concurrent mark sweep GC freed 48(1248B) AllocSpace objects, 0(0B) LOS objects, 32% free, 32MB/48MB, paused 253us total 17.098ms
08-06 01:58:39.992 18522 18540 I art     : Starting a blocking GC Explicit
08-06 01:58:40.009 18522 18540 I art     : Explicit concurrent mark sweep GC freed 51(896B) AllocSpace objects, 0(0B) LOS objects, 32% free, 32MB/48MB, paused 233us total 16.943ms
08-06 01:58:40.018 18522 18540 I art     : Starting a blocking GC Explicit
08-06 01:58:40.035 18522 18540 I art     : Explicit concurrent mark sweep GC freed 27(496B) AllocSpace objects, 0(0B) LOS objects, 32% free, 32MB/48MB, paused 249us total 16.947ms
08-06 01:58:40.043 18522 18540 I art     : Starting a blocking GC Explicit
08-06 01:58:40.061 18522 18540 I art     : Explicit concurrent mark sweep GC freed 51(896B) AllocSpace objects, 0(0B) LOS objects, 32% free, 32MB/48MB, paused 253us total 17.047ms
08-06 01:58:40.379 18522 18534 I art     : Starting a blocking GC Explicit
08-06 01:58:40.397 18522 18534 I art     : Explicit concurrent mark sweep GC freed 1905(90KB) AllocSpace objects, 2(40KB) LOS objects, 32% free, 32MB/48MB, paused 267us total 18.185ms
08-06 01:58:40.406 18522 18534 I art     : Starting a blocking GC Explicit
08-06 01:58:40.423 18522 18534 I art     : Explicit concurrent mark sweep GC freed 70(1584B) AllocSpace objects, 0(0B) LOS objects, 32% free, 32MB/48MB, paused 228us total 16.812ms
08-06 01:58:40.433 18522 18534 I art     : Starting a blocking GC Explicit
08-06 01:58:40.450 18522 18534 I art     : Explicit concurrent mark sweep GC freed 27(496B) AllocSpace objects, 0(0B) LOS objects, 32% free, 32MB/48MB, paused 225us total 16.457ms
08-06 01:58:40.458 18522 18534 I art     : Starting a blocking GC Explicit
08-06 01:58:40.474 18522 18534 I art     : Explicit concurrent mark sweep GC freed 51(896B) AllocSpace objects, 0(0B) LOS objects, 32% free, 32MB/48MB, paused 240us total 15.962ms
08-06 01:58:40.484 18522 18534 I art     : Starting a blocking GC Explicit
08-06 01:58:40.499 18522 18534 I art     : Explicit concurrent mark sweep GC freed 27(496B) AllocSpace objects, 0(0B) LOS objects, 32% free, 32MB/48MB, paused 243us total 15.517ms
08-06 01:58:40.849 18522 18535 I art     : Starting a blocking GC Explicit
08-06 01:58:40.869 18522 18535 I art     : Explicit concurrent mark sweep GC freed 1953(91KB) AllocSpace objects, 2(40KB) LOS objects, 32% free, 32MB/48MB, paused 260us total 19.419ms
08-06 01:58:40.880 18522 18535 I art     : Starting a blocking GC Explicit
08-06 01:58:40.898 18522 18535 I art     : Explicit concurrent mark sweep GC freed 70(1584B) AllocSpace objects, 0(0B) LOS objects, 32% free, 32MB/48MB, paused 260us total 17.734ms
08-06 01:58:40.908 18522 18535 I art     : Starting a blocking GC Explicit
08-06 01:58:40.925 18522 18535 I art     : Explicit concurrent mark sweep GC freed 43(752B) AllocSpace objects, 0(0B) LOS objects, 32% free, 32MB/48MB, paused 277us total 17.178ms
08-06 01:58:40.934 18522 18535 I art     : Starting a blocking GC Explicit
08-06 01:58:40.951 18522 18535 I art     : Explicit concurrent mark sweep GC freed 35(640B) AllocSpace objects, 0(0B) LOS objects, 32% free, 32MB/48MB, paused 248us total 16.531ms
08-06 01:58:40.960 18522 18535 I art     : Starting a blocking GC Explicit
08-06 01:58:40.977 18522 18535 I art     : Explicit concurrent mark sweep GC freed 51(896B) AllocSpace objects, 0(0B) LOS objects, 32% free, 32MB/48MB, paused 269us total 17.157ms
08-06 01:58:40.977 18522 18533 I art     : WaitForGcToComplete blocked for 15.032ms for cause HeapTrim
08-06 01:58:41.313 18522 18540 I art     : Starting a blocking GC Explicit
08-06 01:58:41.333 18522 18540 I art     : Explicit concurrent mark sweep GC freed 1929(91KB) AllocSpace objects, 2(40KB) LOS objects, 32% free, 32MB/48MB, paused 260us total 19.446ms
08-06 01:58:41.346 18522 18540 I art     : Starting a blocking GC Explicit
08-06 01:58:41.362 18522 18540 I art     : Explicit concurrent mark sweep GC freed 70(1584B) AllocSpace objects, 0(0B) LOS objects, 32% free, 32MB/48MB, paused 243us total 16.670ms
08-06 01:58:41.371 18522 18540 I art     : Starting a blocking GC Explicit
08-06 01:58:41.388 18522 18540 I art     : Explicit concurrent mark sweep GC freed 27(496B) AllocSpace objects, 0(0B) LOS objects, 32% free, 32MB/48MB, paused 247us total 16.597ms
08-06 01:58:41.396 18522 18540 I art     : Starting a blocking GC Explicit
08-06 01:58:41.413 18522 18540 I art     : Explicit concurrent mark sweep GC freed 51(896B) AllocSpace objects, 0(0B) LOS objects, 32% free, 32MB/48MB, paused 240us total 16.670ms
08-06 01:58:41.422 18522 18540 I art     : Starting a blocking GC Explicit
08-06 01:58:41.439 18522 18540 I art     : Explicit concurrent mark sweep GC freed 27(496B) AllocSpace objects, 0(0B) LOS objects, 32% free, 32MB/48MB, paused 244us total 16.870ms
08-06 01:58:41.804 18522 18534 I art     : Starting a blocking GC Explicit
08-06 01:58:41.823 18522 18534 I art     : Explicit concurrent mark sweep GC freed 1981(92KB) AllocSpace objects, 2(40KB) LOS objects, 32% free, 32MB/48MB, paused 278us total 19.026ms
08-06 01:58:41.832 18522 18534 I art     : Starting a blocking GC Explicit
08-06 01:58:41.843   918  3188 I hubconnection: sensorhub said: 'set_bias 3: -5.9808, 0.0000, 0.0000'
08-06 01:58:41.849 18522 18534 I art     : Explicit concurrent mark sweep GC freed 67(1536B) AllocSpace objects, 0(0B) LOS objects, 32% free, 32MB/48MB, paused 253us total 16.801ms
08-06 01:58:41.858 18522 18534 I art     : Starting a blocking GC Explicit
08-06 01:58:41.875 18522 18534 I art     : Explicit concurrent mark sweep GC freed 51(896B) AllocSpace objects, 0(0B) LOS objects, 32% free, 32MB/48MB, paused 245us total 16.814ms
08-06 01:58:41.884 18522 18534 I art     : Starting a blocking GC Explicit
08-06 01:58:41.901 18522 18534 I art     : Explicit concurrent mark sweep GC freed 27(496B) AllocSpace objects, 0(0B) LOS objects, 32% free, 32MB/48MB, paused 249us total 17.255ms
08-06 01:58:41.910 18522 18534 I art     : Starting a blocking GC Explicit
08-06 01:58:41.927 18522 18534 I art     : Explicit concurrent mark sweep GC freed 49(832B) AllocSpace objects, 0(0B) LOS objects, 32% free, 32MB/48MB, paused 265us total 17.088ms
08-06 01:58:42.285 18522 18535 I art     : Starting a blocking GC Explicit
08-06 01:58:42.304 18522 18535 I art     : Explicit concurrent mark sweep GC freed 1956(91KB) AllocSpace objects, 2(40KB) LOS objects, 32% free, 32MB/48MB, paused 256us total 19.075ms
08-06 01:58:42.312 18522 18535 I art     : Starting a blocking GC Explicit
08-06 01:58:42.329 18522 18535 I art     : Explicit concurrent mark sweep GC freed 70(1584B) AllocSpace objects, 0(0B) LOS objects, 32% free, 32MB/48MB, paused 255us total 16.656ms
08-06 01:58:42.338 18522 18535 I art     : Starting a blocking GC Explicit
08-06 01:58:42.355 18522 18535 I art     : Explicit concurrent mark sweep GC freed 27(496B) AllocSpace objects, 0(0B) LOS objects, 32% free, 32MB/48MB, paused 258us total 16.447ms
08-06 01:58:42.363 18522 18535 I art     : Starting a blocking GC Explicit
08-06 01:58:42.380 18522 18535 I art     : Explicit concurrent mark sweep GC freed 51(896B) AllocSpace objects, 0(0B) LOS objects, 32% free, 32MB/48MB, paused 255us total 16.459ms
08-06 01:58:42.389 18522 18535 I art     : Starting a blocking GC Explicit
08-06 01:58:42.406 18522 18535 I art     : Explicit concurrent mark sweep GC freed 27(496B) AllocSpace objects, 0(0B) LOS objects, 32% free, 32MB/48MB, paused 236us total 16.990ms
08-06 01:58:42.691 18522 18540 I art     : Starting a blocking GC Explicit
08-06 01:58:42.709 18522 18540 I art     : Explicit concurrent mark sweep GC freed 1864(90KB) AllocSpace objects, 2(40KB) LOS objects, 32% free, 32MB/48MB, paused 288us total 17.463ms
08-06 01:58:42.718 18522 18540 I art     : Starting a blocking GC Explicit
08-06 01:58:42.735 18522 18540 I art     : Explicit concurrent mark sweep GC freed 65(1536B) AllocSpace objects, 0(0B) LOS objects, 32% free, 32MB/48MB, paused 249us total 16.479ms
08-06 01:58:42.743 18522 18540 I art     : Starting a blocking GC Explicit
08-06 01:58:42.760 18522 18540 I art     : Explicit concurrent mark sweep GC freed 34(608B) AllocSpace objects, 0(0B) LOS objects, 32% free, 32MB/48MB, paused 282us total 16.952ms
08-06 01:58:42.769 18522 18540 I art     : Starting a blocking GC Explicit
08-06 01:58:42.786 18522 18540 I art     : Explicit concurrent mark sweep GC freed 44(784B) AllocSpace objects, 0(0B) LOS objects, 32% free, 32MB/48MB, paused 254us total 16.535ms
08-06 01:58:42.795 18522 18540 I art     : Starting a blocking GC Explicit
08-06 01:58:42.811 18522 18540 I art     : Explicit concurrent mark sweep GC freed 51(896B) AllocSpace objects, 0(0B) LOS objects, 32% free, 32MB/48MB, paused 235us total 15.968ms
08-06 01:58:42.883 18760 18760 D AndroidRuntime: >>>>>> START com.android.internal.os.RuntimeInit uid 2000 <<<<<<
08-06 01:58:42.887 18760 18760 D AndroidRuntime: CheckJNI is OFF
08-06 01:58:42.913 18760 18760 D ICU     : No timezone override file found: /data/misc/zoneinfo/current/icu/icu_tzdata.dat
08-06 01:58:42.938 18760 18760 I Radio-JNI: register_android_hardware_Radio DONE
08-06 01:58:42.955 18760 18760 D AndroidRuntime: Calling main entry com.android.commands.input.Input
08-06 01:58:42.957 18760 18760 I Input   : injectMotionEvent: MotionEvent { action=ACTION_DOWN, actionButton=0, id[0]=0, x[0]=346.0, y[0]=709.0, toolType[0]=TOOL_TYPE_UNKNOWN, buttonState=0, metaState=0, flags=0x0, edgeFlags=0x0, pointerCount=1, historySize=0, eventTime=842339370, downTime=842339370, deviceId=0, source=0x1002 }
08-06 01:58:42.964 18760 18760 I Input   : injectMotionEvent: MotionEvent { action=ACTION_UP, actionButton=0, id[0]=0, x[0]=346.0, y[0]=709.0, toolType[0]=TOOL_TYPE_UNKNOWN, buttonState=0, metaState=0, flags=0x0, edgeFlags=0x0, pointerCount=1, historySize=0, eventTime=842339370, downTime=842339370, deviceId=0, source=0x1002 }
08-06 01:58:42.976   918  6110 I ActivityManager: START u0 {cmp=baseline.io.github.project_travel_mate/.destinations.description.FinalCityInfoActivity (has extras)} from uid 10696 on display 0
08-06 01:58:42.986 18760 18760 D AndroidRuntime: Shutting down VM
08-06 01:58:43.014 18522 18592 D Gabe    : call	returning from cache
08-06 01:58:43.089 18522 18522 V EXECUTING: https://project-travel-mate.herokuapp.com/api/get-city-weather/1
08-06 01:58:43.093 18522 18534 I art     : Starting a blocking GC Explicit
08-06 01:58:43.116 18522 18534 I art     : Explicit concurrent mark sweep GC freed 8567(559KB) AllocSpace objects, 2(40KB) LOS objects, 32% free, 33MB/49MB, paused 396us total 22.702ms
08-06 01:58:43.125 18522 18534 I art     : Starting a blocking GC Explicit
08-06 01:58:43.143 18522 18534 I art     : Explicit concurrent mark sweep GC freed 539(28KB) AllocSpace objects, 0(0B) LOS objects, 32% free, 33MB/49MB, paused 329us total 18.141ms
08-06 01:58:43.153 18522 18534 I art     : Starting a blocking GC Explicit
08-06 01:58:43.175 18522 18534 I art     : Explicit concurrent mark sweep GC freed 649(20KB) AllocSpace objects, 0(0B) LOS objects, 29% free, 37MB/53MB, paused 576us total 21.814ms
08-06 01:58:43.184 18522 18534 I art     : Starting a blocking GC Explicit
08-06 01:58:43.205 18522 18534 I art     : Explicit concurrent mark sweep GC freed 56(2784B) AllocSpace objects, 0(0B) LOS objects, 29% free, 37MB/53MB, paused 574us total 20.311ms
08-06 01:58:43.214 18522 18534 I art     : Starting a blocking GC Explicit
08-06 01:58:43.224   918   936 I ActivityManager: Displayed baseline.io.github.project_travel_mate/.destinations.description.FinalCityInfoActivity: +239ms
08-06 01:58:43.225 13866 13866 I GoogleInputMethodServic: GoogleInputMethodService.onFinishInput():3138 
08-06 01:58:43.227 13866 13866 I GoogleInputMethodServic: GoogleInputMethodService.onStartInput():1808 
08-06 01:58:43.233 18522 18534 I art     : Explicit concurrent mark sweep GC freed 247(11KB) AllocSpace objects, 0(0B) LOS objects, 29% free, 37MB/53MB, paused 528us total 18.300ms
08-06 01:58:43.458   380   380 W SurfaceFlinger: couldn't log to binary event log: overflow.
08-06 01:58:43.498 18522 18796 I art     : Starting a blocking GC Explicit
08-06 01:58:43.516 18522 18796 I art     : Explicit concurrent mark sweep GC freed 2181(96KB) AllocSpace objects, 2(40KB) LOS objects, 29% free, 37MB/53MB, paused 285us total 17.483ms
08-06 01:58:43.525 18522 18796 I art     : Starting a blocking GC Explicit
08-06 01:58:43.543 18522 18796 I art     : Explicit concurrent mark sweep GC freed 117(2352B) AllocSpace objects, 0(0B) LOS objects, 29% free, 37MB/53MB, paused 303us total 17.828ms
08-06 01:58:43.553 18522 18796 I art     : Starting a blocking GC Explicit
08-06 01:58:43.570 18522 18796 I art     : Explicit concurrent mark sweep GC freed 52(928B) AllocSpace objects, 0(0B) LOS objects, 29% free, 37MB/53MB, paused 313us total 17.707ms
08-06 01:58:43.579 18522 18796 I art     : Starting a blocking GC Explicit
08-06 01:58:43.600 18522 18796 I art     : Explicit concurrent mark sweep GC freed 137(2304B) AllocSpace objects, 0(0B) LOS objects, 29% free, 37MB/53MB, paused 522us total 20.500ms
08-06 01:58:43.612 18522 18796 I art     : Starting a blocking GC Explicit
08-06 01:58:43.632 18522 18796 I art     : Explicit concurrent mark sweep GC freed 17(320B) AllocSpace objects, 0(0B) LOS objects, 29% free, 37MB/53MB, paused 477us total 19.927ms
08-06 01:58:43.913 18522 18535 I art     : Starting a blocking GC Explicit
08-06 01:58:43.933 18522 18535 I art     : Explicit concurrent mark sweep GC freed 3608(217KB) AllocSpace objects, 4(160KB) LOS objects, 29% free, 37MB/53MB, paused 627us total 19.646ms
08-06 01:58:43.942 18522 18535 I art     : Starting a blocking GC Explicit
08-06 01:58:43.961 18522 18535 I art     : Explicit concurrent mark sweep GC freed 3662(139KB) AllocSpace objects, 0(0B) LOS objects, 29% free, 37MB/53MB, paused 529us total 19.285ms
08-06 01:58:43.971 18522 18535 I art     : Starting a blocking GC Explicit
08-06 01:58:43.991 18522 18535 I art     : Explicit concurrent mark sweep GC freed 782(108KB) AllocSpace objects, 1(80KB) LOS objects, 29% free, 37MB/53MB, paused 507us total 19.425ms
08-06 01:58:44.000 18522 18535 I art     : Starting a blocking GC Explicit
08-06 01:58:44.016 18522 18795 I NAPPA_EXPERIMENTATION: MetricNetworkRequestExecutionTime: REQUEST_DURATION_SYSTEM='925',REQUEST_DURATION_OKHTTP='54',REQUEST_SYNCHRONOUS='FALSE',RESPONSE_CODE='200',RESPONSE_METHOD='GET',RESPONSE_LENGTH_OKHTTP='530',RESPONSE_LENGTH_HEADER='530',REQUEST_PROTOCOL='http/1.1',REQUEST_URL='https://project-travel-mate.herokuapp.com/api/get-city/1',
08-06 01:58:44.018 18522 18535 I art     : Explicit concurrent mark sweep GC freed 224(14KB) AllocSpace objects, 0(0B) LOS objects, 29% free, 37MB/53MB, paused 480us total 18.180ms
08-06 01:58:44.024 18522 18794 I NAPPA_EXPERIMENTATION: MetricNetworkRequestExecutionTime: REQUEST_DURATION_SYSTEM='934',REQUEST_DURATION_OKHTTP='65',REQUEST_SYNCHRONOUS='FALSE',RESPONSE_CODE='200',RESPONSE_METHOD='GET',RESPONSE_LENGTH_OKHTTP='238',RESPONSE_LENGTH_HEADER='238',REQUEST_PROTOCOL='http/1.1',REQUEST_URL='https://project-travel-mate.herokuapp.com/api/get-city-weather/1',
08-06 01:58:44.027 18522 18535 I art     : Starting a blocking GC Explicit
08-06 01:58:44.047 18522 18535 I art     : Explicit concurrent mark sweep GC freed 169(12KB) AllocSpace objects, 0(0B) LOS objects, 29% free, 37MB/53MB, paused 463us total 19.655ms
08-06 01:58:44.049 18522 18795 V Response: {"id":1,"city_name":"Delhi","description":"Delhi, officially the National Capital Territory of Delhi, is the Capital territory of India. During the British Raj, Delhi was part of the province of Punjab and is still historically and culturally connected to the Punjab region.","latitude":"28.613900","longitude":"77.209000","facts_count":6,"images":["https://upload.wikimedia.org/wikipedia/commons/9/94/%E0%B4%96%E0%B5%81%E0%B4%A4%E0%B5%8D%E0%B4%AC%E0%B5%8D_%E0%B4%AE%E0%B4%BF%E0%B4%A8%E0%B4%BE%E0%B5%BC1.jpg"],"has_visited":false}
08-06 01:58:44.167 12075 12075 I ServiceManager: Waiting for service AtCmdFwd...
08-06 01:58:44.344 18522 18540 I art     : Starting a blocking GC Explicit
08-06 01:58:44.370 18522 18540 I art     : Explicit concurrent mark sweep GC freed 4991(358KB) AllocSpace objects, 11(5MB) LOS objects, 29% free, 38MB/54MB, paused 305us total 24.931ms
08-06 01:58:44.382 18522 18540 I art     : Starting a blocking GC Explicit
08-06 01:58:44.401 18522 18540 I art     : Explicit concurrent mark sweep GC freed 281(9KB) AllocSpace objects, 0(0B) LOS objects, 29% free, 38MB/54MB, paused 279us total 19.032ms
08-06 01:58:44.411 18522 18540 I art     : Starting a blocking GC Explicit
08-06 01:58:44.424   518   646 I ThermalEngine: ACTION: GPU - Setting GPU[0] to 510000000
08-06 01:58:44.430 18522 18540 I art     : Explicit concurrent mark sweep GC freed 54(1072B) AllocSpace objects, 0(0B) LOS objects, 29% free, 38MB/54MB, paused 451us total 18.872ms
08-06 01:58:44.442 18522 18540 I art     : Starting a blocking GC Explicit
08-06 01:58:44.466 18522 18540 I art     : Explicit concurrent mark sweep GC freed 99(1696B) AllocSpace objects, 0(0B) LOS objects, 29% free, 38MB/54MB, paused 414us total 24.596ms
08-06 01:58:44.478 18522 18540 I art     : Starting a blocking GC Explicit
08-06 01:58:44.502 18522 18540 I art     : Explicit concurrent mark sweep GC freed 99(1696B) AllocSpace objects, 0(0B) LOS objects, 29% free, 38MB/54MB, paused 386us total 23.790ms
08-06 01:58:44.865 18522 18534 I art     : Starting a blocking GC Explicit
08-06 01:58:44.892 18522 18534 I art     : Explicit concurrent mark sweep GC freed 2552(102KB) AllocSpace objects, 2(40KB) LOS objects, 29% free, 38MB/54MB, paused 393us total 26.676ms
08-06 01:58:44.907 18522 18534 I art     : Starting a blocking GC Explicit
08-06 01:58:44.931 18522 18534 I art     : Explicit concurrent mark sweep GC freed 176(3KB) AllocSpace objects, 0(0B) LOS objects, 29% free, 38MB/54MB, paused 379us total 24.203ms
08-06 01:58:44.943 18522 18534 I art     : Starting a blocking GC Explicit
08-06 01:58:44.967 18522 18534 I art     : Explicit concurrent mark sweep GC freed 98(1664B) AllocSpace objects, 0(0B) LOS objects, 29% free, 38MB/54MB, paused 395us total 24.185ms
08-06 01:58:44.979 18522 18534 I art     : Starting a blocking GC Explicit
08-06 01:58:45.004 18522 18534 I art     : Explicit concurrent mark sweep GC freed 100(1728B) AllocSpace objects, 0(0B) LOS objects, 29% free, 38MB/54MB, paused 383us total 24.515ms
08-06 01:58:45.016 18522 18534 I art     : Starting a blocking GC Explicit
08-06 01:58:45.041 18522 18534 I art     : Explicit concurrent mark sweep GC freed 99(1696B) AllocSpace objects, 0(0B) LOS objects, 29% free, 38MB/54MB, paused 418us total 24.553ms
08-06 01:58:45.170 12075 12075 I ServiceManager: Waiting for service AtCmdFwd...
08-06 01:58:45.403 18522 18535 I art     : Starting a blocking GC Explicit
08-06 01:58:45.429 18522 18535 I art     : Explicit concurrent mark sweep GC freed 2557(101KB) AllocSpace objects, 2(40KB) LOS objects, 29% free, 38MB/54MB, paused 475us total 25.476ms
08-06 01:58:45.443 18522 18535 I art     : Starting a blocking GC Explicit
08-06 01:58:45.468 18522 18535 I art     : Explicit concurrent mark sweep GC freed 138(2720B) AllocSpace objects, 0(0B) LOS objects, 29% free, 38MB/54MB, paused 399us total 24.294ms
08-06 01:58:45.480 18522 18535 I art     : Starting a blocking GC Explicit
08-06 01:58:45.505 18522 18535 I art     : Explicit concurrent mark sweep GC freed 100(1728B) AllocSpace objects, 0(0B) LOS objects, 29% free, 38MB/54MB, paused 388us total 24.487ms
08-06 01:58:45.517 18522 18535 I art     : Starting a blocking GC Explicit
08-06 01:58:45.542 18522 18535 I art     : Explicit concurrent mark sweep GC freed 99(1696B) AllocSpace objects, 0(0B) LOS objects, 29% free, 38MB/54MB, paused 375us total 24.634ms
08-06 01:58:45.554 18522 18535 I art     : Starting a blocking GC Explicit
08-06 01:58:45.579 18522 18535 I art     : Explicit concurrent mark sweep GC freed 141(2368B) AllocSpace objects, 0(0B) LOS objects, 29% free, 38MB/54MB, paused 476us total 24.732ms
08-06 01:58:45.934 18522 18796 I art     : Starting a blocking GC Explicit
08-06 01:58:45.959 18522 18796 I art     : Explicit concurrent mark sweep GC freed 2488(100KB) AllocSpace objects, 2(40KB) LOS objects, 29% free, 38MB/54MB, paused 374us total 24.756ms
08-06 01:58:45.971 18522 18796 I art     : Starting a blocking GC Explicit
08-06 01:58:45.996 18522 18796 I art     : Explicit concurrent mark sweep GC freed 152(2928B) AllocSpace objects, 0(0B) LOS objects, 29% free, 38MB/54MB, paused 469us total 24.512ms
08-06 01:58:46.008 18522 18796 I art     : Starting a blocking GC Explicit
08-06 01:58:46.033 18522 18796 I art     : Explicit concurrent mark sweep GC freed 113(1952B) AllocSpace objects, 0(0B) LOS objects, 29% free, 38MB/54MB, paused 382us total 24.761ms
08-06 01:58:46.045 18522 18796 I art     : Starting a blocking GC Explicit
08-06 01:58:46.070 18522 18796 I art     : Explicit concurrent mark sweep GC freed 99(1696B) AllocSpace objects, 0(0B) LOS objects, 29% free, 38MB/54MB, paused 367us total 24.855ms
08-06 01:58:46.082 18522 18796 I art     : Starting a blocking GC Explicit
08-06 01:58:46.107 18522 18796 I art     : Explicit concurrent mark sweep GC freed 99(1696B) AllocSpace objects, 0(0B) LOS objects, 29% free, 38MB/54MB, paused 476us total 25.046ms
08-06 01:58:46.171 12075 12075 I ServiceManager: Waiting for service AtCmdFwd...
08-06 01:58:46.472 18522 18540 I art     : Starting a blocking GC Explicit
08-06 01:58:46.499 18522 18540 I art     : Explicit concurrent mark sweep GC freed 2578(101KB) AllocSpace objects, 2(40KB) LOS objects, 29% free, 38MB/54MB, paused 384us total 26.527ms
08-06 01:58:46.513 18522 18540 I art     : Starting a blocking GC Explicit
08-06 01:58:46.537 18522 18540 I art     : Explicit concurrent mark sweep GC freed 118(2384B) AllocSpace objects, 0(0B) LOS objects, 29% free, 38MB/54MB, paused 382us total 24.337ms
08-06 01:58:46.549 18522 18540 I art     : Starting a blocking GC Explicit
08-06 01:58:46.573 18522 18540 I art     : Explicit concurrent mark sweep GC freed 99(1696B) AllocSpace objects, 0(0B) LOS objects, 29% free, 38MB/54MB, paused 375us total 23.592ms
08-06 01:58:46.585 18522 18540 I art     : Starting a blocking GC Explicit
08-06 01:58:46.609 18522 18540 I art     : Explicit concurrent mark sweep GC freed 99(1696B) AllocSpace objects, 0(0B) LOS objects, 29% free, 38MB/54MB, paused 376us total 24.126ms
08-06 01:58:46.621 18522 18540 I art     : Starting a blocking GC Explicit
08-06 01:58:46.646 18522 18540 I art     : Explicit concurrent mark sweep GC freed 100(1712B) AllocSpace objects, 0(0B) LOS objects, 29% free, 38MB/54MB, paused 499us total 24.292ms
08-06 01:58:46.994 18522 18534 I art     : Starting a blocking GC Explicit
08-06 01:58:47.023 18522 18534 I art     : Explicit concurrent mark sweep GC freed 2528(100KB) AllocSpace objects, 2(40KB) LOS objects, 29% free, 38MB/54MB, paused 407us total 29.072ms
08-06 01:58:47.035 18522 18534 I art     : Starting a blocking GC Explicit
08-06 01:58:47.060 18522 18534 I art     : Explicit concurrent mark sweep GC freed 119(2416B) AllocSpace objects, 0(0B) LOS objects, 29% free, 38MB/54MB, paused 376us total 24.616ms
08-06 01:58:47.072 18522 18534 I art     : Starting a blocking GC Explicit
08-06 01:58:47.098 18522 18534 I art     : Explicit concurrent mark sweep GC freed 146(2464B) AllocSpace objects, 0(0B) LOS objects, 29% free, 38MB/54MB, paused 413us total 24.828ms
08-06 01:58:47.110 18522 18534 I art     : Starting a blocking GC Explicit
08-06 01:58:47.135 18522 18534 I art     : Explicit concurrent mark sweep GC freed 100(1728B) AllocSpace objects, 0(0B) LOS objects, 29% free, 38MB/54MB, paused 379us total 24.919ms
08-06 01:58:47.147 18522 18534 I art     : Starting a blocking GC Explicit
08-06 01:58:47.171 12075 12075 I ServiceManager: Waiting for service AtCmdFwd...
08-06 01:58:47.173 18522 18534 I art     : Explicit concurrent mark sweep GC freed 99(1696B) AllocSpace objects, 0(0B) LOS objects, 29% free, 38MB/54MB, paused 373us total 25.317ms
08-06 01:58:47.483 18522 18535 I art     : Starting a blocking GC Explicit
08-06 01:58:47.508 18522 18535 I art     : Explicit concurrent mark sweep GC freed 2385(98KB) AllocSpace objects, 2(40KB) LOS objects, 29% free, 38MB/54MB, paused 398us total 24.619ms
08-06 01:58:47.520 18522 18535 I art     : Starting a blocking GC Explicit
08-06 01:58:47.544 18522 18535 I art     : Explicit concurrent mark sweep GC freed 118(2384B) AllocSpace objects, 0(0B) LOS objects, 29% free, 38MB/54MB, paused 362us total 23.711ms
08-06 01:58:47.555 18522 18535 I art     : Starting a blocking GC Explicit
08-06 01:58:47.578 18522 18535 I art     : Explicit concurrent mark sweep GC freed 100(1728B) AllocSpace objects, 0(0B) LOS objects, 29% free, 38MB/54MB, paused 616us total 22.678ms
08-06 01:58:47.590 18522 18535 I art     : Starting a blocking GC Explicit
08-06 01:58:47.613 18522 18535 I art     : Explicit concurrent mark sweep GC freed 99(1696B) AllocSpace objects, 0(0B) LOS objects, 29% free, 38MB/54MB, paused 506us total 23.520ms
08-06 01:58:47.625 18522 18535 I art     : Starting a blocking GC Explicit
08-06 01:58:47.649 18522 18535 I art     : Explicit concurrent mark sweep GC freed 125(2576B) AllocSpace objects, 0(0B) LOS objects, 29% free, 38MB/54MB, paused 471us total 23.597ms
08-06 01:58:47.672 18880 18880 D AndroidRuntime: >>>>>> START com.android.internal.os.RuntimeInit uid 2000 <<<<<<
08-06 01:58:47.677 18880 18880 D AndroidRuntime: CheckJNI is OFF
08-06 01:58:47.709 18880 18880 D ICU     : No timezone override file found: /data/misc/zoneinfo/current/icu/icu_tzdata.dat
08-06 01:58:47.741 18880 18880 I Radio-JNI: register_android_hardware_Radio DONE
08-06 01:58:47.763 18880 18880 D AndroidRuntime: Calling main entry com.android.commands.input.Input
08-06 01:58:47.765 18880 18880 I Input   : injectMotionEvent: MotionEvent { action=ACTION_DOWN, actionButton=0, id[0]=0, x[0]=693.0, y[0]=1450.0, toolType[0]=TOOL_TYPE_UNKNOWN, buttonState=0, metaState=0, flags=0x0, edgeFlags=0x0, pointerCount=1, historySize=0, eventTime=842344177, downTime=842344177, deviceId=0, source=0x1002 }
08-06 01:58:47.771 18880 18880 I Input   : injectMotionEvent: MotionEvent { action=ACTION_UP, actionButton=0, id[0]=0, x[0]=693.0, y[0]=1450.0, toolType[0]=TOOL_TYPE_UNKNOWN, buttonState=0, metaState=0, flags=0x0, edgeFlags=0x0, pointerCount=1, historySize=0, eventTime=842344177, downTime=842344177, deviceId=0, source=0x1002 }
08-06 01:58:47.774 18880 18880 D AndroidRuntime: Shutting down VM
08-06 01:58:47.776   918  4400 I ActivityManager: START u0 {cmp=baseline.io.github.project_travel_mate/.destinations.description.CityHistoryActivity} from uid 10696 on display 0
08-06 01:58:47.776   512  2967 D audio_hw_primary: out_set_parameters: enter: usecase(1: low-latency-playback) kvpairs: routing=2
08-06 01:58:47.789   512  2967 D audio_hw_primary: select_devices: out_snd_device(2: speaker) in_snd_device(0: none)
08-06 01:58:47.789   512  2967 D msm8974_platform: platform_send_audio_calibration: sending audio calibration for snd_device(2) acdb_id(15)
08-06 01:58:47.790   512  2967 I soundtrigger: audio_extn_sound_trigger_update_device_status: device 0x2 of type 0 for Event 1
08-06 01:58:47.799   512  2967 D audio_hw_primary: enable_snd_device: snd_device(2: speaker)
08-06 01:58:47.801   512  2967 D audio_hw_primary: enable_audio_route: apply and update mixer path: low-latency-playback speaker
08-06 01:58:47.807 18522 18592 D Gabe    : call	returning from cache
08-06 01:58:47.809 18522 18522 V EXECUTING: https://project-travel-mate.herokuapp.com/api/get-city-information/1
08-06 01:58:47.943 18522 18796 I art     : Starting a blocking GC Explicit
08-06 01:58:47.952   918   936 I ActivityManager: Displayed baseline.io.github.project_travel_mate/.destinations.description.CityHistoryActivity: +165ms
08-06 01:58:47.952 13866 13866 I GoogleInputMethodServic: GoogleInputMethodService.onFinishInput():3138 
08-06 01:58:47.953 13866 13866 I GoogleInputMethodServic: GoogleInputMethodService.onStartInput():1808 
08-06 01:58:47.968 18522 18796 I art     : Explicit concurrent mark sweep GC freed 3241(228KB) AllocSpace objects, 2(40KB) LOS objects, 27% free, 42MB/58MB, paused 656us total 24.435ms
08-06 01:58:47.981 18522 18796 I art     : Starting a blocking GC Explicit
08-06 01:58:48.009 18522 18796 I art     : Explicit concurrent mark sweep GC freed 241(10KB) AllocSpace objects, 0(0B) LOS objects, 27% free, 42MB/58MB, paused 734us total 28.731ms
08-06 01:58:48.023 18522 18796 I art     : Starting a blocking GC Explicit
08-06 01:58:48.049 18522 18796 I art     : Explicit concurrent mark sweep GC freed 114(1920B) AllocSpace objects, 0(0B) LOS objects, 27% free, 42MB/58MB, paused 695us total 26.120ms
08-06 01:58:48.063 18522 18796 I art     : Starting a blocking GC Explicit
08-06 01:58:48.092 18522 18796 I art     : Explicit concurrent mark sweep GC freed 23(464B) AllocSpace objects, 0(0B) LOS objects, 27% free, 42MB/58MB, paused 706us total 27.956ms
08-06 01:58:48.104 18522 18796 I art     : Starting a blocking GC Explicit
08-06 01:58:48.127 18522 18796 I art     : Explicit concurrent mark sweep GC freed 222(3KB) AllocSpace objects, 0(0B) LOS objects, 27% free, 42MB/58MB, paused 410us total 23.349ms
08-06 01:58:48.172 12075 12075 I ServiceManager: Waiting for service AtCmdFwd...
08-06 01:58:48.213   380   380 W SurfaceFlinger: couldn't log to binary event log: overflow.
08-06 01:58:48.338   512  2967 D audio_hw_primary: disable_audio_route: reset and update mixer path: low-latency-playback speaker
08-06 01:58:48.340   512  2967 D audio_hw_primary: disable_snd_device: snd_device(2: speaker)
08-06 01:58:48.349   512  2967 I soundtrigger: audio_extn_sound_trigger_update_device_status: device 0x2 of type 0 for Event 0
08-06 01:58:48.449 18522 18534 I art     : Starting a blocking GC Explicit
08-06 01:58:48.475 18522 18534 I art     : Explicit concurrent mark sweep GC freed 2656(104KB) AllocSpace objects, 2(40KB) LOS objects, 27% free, 42MB/58MB, paused 588us total 25.795ms
08-06 01:58:48.487 18522 18534 I art     : Starting a blocking GC Explicit
08-06 01:58:48.511 18522 18534 I art     : Explicit concurrent mark sweep GC freed 69(1536B) AllocSpace objects, 0(0B) LOS objects, 27% free, 42MB/58MB, paused 514us total 24.005ms
08-06 01:58:48.524 18522 18534 I art     : Starting a blocking GC Explicit
08-06 01:58:48.549 18522 18534 I art     : Explicit concurrent mark sweep GC freed 103(1760B) AllocSpace objects, 0(0B) LOS objects, 27% free, 42MB/58MB, paused 703us total 24.710ms
08-06 01:58:48.560 18522 18534 I art     : Starting a blocking GC Explicit
08-06 01:58:48.586 18522 18534 I art     : Explicit concurrent mark sweep GC freed 130(2224B) AllocSpace objects, 0(0B) LOS objects, 27% free, 42MB/58MB, paused 573us total 25.211ms
08-06 01:58:48.598 18522 18534 I art     : Starting a blocking GC Explicit
08-06 01:58:48.622 18522 18534 I art     : Explicit concurrent mark sweep GC freed 122(2048B) AllocSpace objects, 0(0B) LOS objects, 27% free, 42MB/58MB, paused 579us total 23.752ms
08-06 01:58:48.697 18522 18910 I NAPPA_EXPERIMENTATION: MetricNetworkRequestExecutionTime: REQUEST_DURATION_SYSTEM='886',REQUEST_DURATION_OKHTTP='34',REQUEST_SYNCHRONOUS='FALSE',RESPONSE_CODE='200',RESPONSE_METHOD='GET',RESPONSE_LENGTH_OKHTTP='55024',RESPONSE_LENGTH_HEADER='55024',REQUEST_PROTOCOL='http/1.1',REQUEST_URL='https://project-travel-mate.herokuapp.com/api/get-city-information/1',
08-06 01:58:48.856 13866 13866 I GoogleInputMethodServic: GoogleInputMethodService.onFinishInput():3138 
08-06 01:58:48.858 13866 13866 I GoogleInputMethodServic: GoogleInputMethodService.onStartInput():1808 
08-06 01:58:48.925 18522 18535 I art     : Starting a blocking GC Explicit
08-06 01:58:48.956 18522 18535 I art     : Explicit concurrent mark sweep GC freed 6380(1472KB) AllocSpace objects, 25(5MB) LOS objects, 28% free, 39MB/55MB, paused 445us total 31.305ms
08-06 01:58:48.969 18522 18535 I art     : Starting a blocking GC Explicit
08-06 01:58:48.998 18522 18535 I art     : Explicit concurrent mark sweep GC freed 1143(121KB) AllocSpace objects, 0(0B) LOS objects, 29% free, 39MB/55MB, paused 636us total 28.637ms
08-06 01:58:49.011 18522 18535 I art     : Starting a blocking GC Explicit
08-06 01:58:49.039 18522 18535 I art     : Explicit concurrent mark sweep GC freed 219(3KB) AllocSpace objects, 0(0B) LOS objects, 29% free, 39MB/55MB, paused 425us total 28.662ms
08-06 01:58:49.052 18522 18535 I art     : Starting a blocking GC Explicit
08-06 01:58:49.080 18522 18535 I art     : Explicit concurrent mark sweep GC freed 147(2496B) AllocSpace objects, 0(0B) LOS objects, 29% free, 39MB/55MB, paused 424us total 27.782ms
08-06 01:58:49.092 18522 18535 I art     : Starting a blocking GC Explicit
08-06 01:58:49.120 18522 18535 I art     : Explicit concurrent mark sweep GC freed 219(3KB) AllocSpace objects, 0(0B) LOS objects, 29% free, 39MB/55MB, paused 620us total 27.589ms
08-06 01:58:49.172 12075 12075 W Atfwd_Sendcmd: AtCmdFwd service not published, waiting... retryCnt : 1
08-06 01:58:49.468 18522 18534 I art     : Starting a blocking GC Explicit
08-06 01:58:49.493 18522 18534 I art     : Explicit concurrent mark sweep GC freed 3019(109KB) AllocSpace objects, 2(40KB) LOS objects, 29% free, 39MB/55MB, paused 382us total 24.822ms
08-06 01:58:49.504 18522 18534 I art     : Starting a blocking GC Explicit
08-06 01:58:49.529 18522 18534 I art     : Explicit concurrent mark sweep GC freed 171(3KB) AllocSpace objects, 0(0B) LOS objects, 29% free, 39MB/55MB, paused 391us total 24.241ms
08-06 01:58:49.540 18522 18534 I art     : Starting a blocking GC Explicit
08-06 01:58:49.565 18522 18534 I art     : Explicit concurrent mark sweep GC freed 157(2720B) AllocSpace objects, 0(0B) LOS objects, 29% free, 39MB/55MB, paused 470us total 24.623ms
08-06 01:58:49.578 18522 18534 I art     : Starting a blocking GC Explicit
08-06 01:58:49.604 18522 18534 I art     : Explicit concurrent mark sweep GC freed 218(3KB) AllocSpace objects, 0(0B) LOS objects, 29% free, 39MB/55MB, paused 373us total 25.884ms
08-06 01:58:49.617 18522 18534 I art     : Starting a blocking GC Explicit
08-06 01:58:49.644 18522 18534 I art     : Explicit concurrent mark sweep GC freed 151(2624B) AllocSpace objects, 0(0B) LOS objects, 29% free, 39MB/55MB, paused 397us total 26.539ms
08-06 01:58:50.015 18522 18540 I art     : Starting a blocking GC Explicit
08-06 01:58:50.045 18522 18540 I art     : Explicit concurrent mark sweep GC freed 3159(111KB) AllocSpace objects, 2(40KB) LOS objects, 29% free, 39MB/55MB, paused 428us total 29.633ms
08-06 01:58:50.057 18522 18540 I art     : Starting a blocking GC Explicit
08-06 01:58:50.083 18522 18540 I art     : Explicit concurrent mark sweep GC freed 188(3KB) AllocSpace objects, 0(0B) LOS objects, 29% free, 39MB/55MB, paused 495us total 25.976ms
08-06 01:58:50.095 18522 18540 I art     : Starting a blocking GC Explicit
08-06 01:58:50.121 18522 18540 I art     : Explicit concurrent mark sweep GC freed 198(3KB) AllocSpace objects, 0(0B) LOS objects, 29% free, 39MB/55MB, paused 403us total 26.100ms
08-06 01:58:50.133 18522 18540 I art     : Starting a blocking GC Explicit
08-06 01:58:50.160 18522 18540 I art     : Explicit concurrent mark sweep GC freed 147(2496B) AllocSpace objects, 0(0B) LOS objects, 29% free, 39MB/55MB, paused 399us total 26.674ms
08-06 01:58:50.172 18522 18540 I art     : Starting a blocking GC Explicit
08-06 01:58:50.200 18522 18540 I art     : Explicit concurrent mark sweep GC freed 149(2528B) AllocSpace objects, 0(0B) LOS objects, 29% free, 39MB/55MB, paused 545us total 27.097ms
08-06 01:58:50.565 18522 18535 I art     : Starting a blocking GC Explicit
08-06 01:58:50.595 18522 18535 I art     : Explicit concurrent mark sweep GC freed 3152(111KB) AllocSpace objects, 2(40KB) LOS objects, 29% free, 39MB/55MB, paused 441us total 30.011ms
08-06 01:58:50.612 18522 18535 I art     : Starting a blocking GC Explicit
08-06 01:58:50.638 18522 18535 I art     : Explicit concurrent mark sweep GC freed 245(4KB) AllocSpace objects, 0(0B) LOS objects, 29% free, 39MB/55MB, paused 395us total 25.711ms
08-06 01:58:50.650 18522 18535 I art     : Starting a blocking GC Explicit
08-06 01:58:50.676 18522 18535 I art     : Explicit concurrent mark sweep GC freed 158(3040B) AllocSpace objects, 0(0B) LOS objects, 29% free, 39MB/55MB, paused 413us total 26.263ms
08-06 01:58:50.688 18522 18535 I art     : Starting a blocking GC Explicit
08-06 01:58:50.716 18522 18535 I art     : Explicit concurrent mark sweep GC freed 158(2992B) AllocSpace objects, 0(0B) LOS objects, 29% free, 39MB/55MB, paused 397us total 26.974ms
08-06 01:58:50.728 18522 18535 I art     : Starting a blocking GC Explicit
08-06 01:58:50.754 18522 18535 I art     : Explicit concurrent mark sweep GC freed 219(3KB) AllocSpace objects, 0(0B) LOS objects, 29% free, 39MB/55MB, paused 414us total 26.095ms
08-06 01:58:51.105 18522 18796 I art     : Starting a blocking GC Explicit
08-06 01:58:51.136 18522 18796 I art     : Explicit concurrent mark sweep GC freed 3033(109KB) AllocSpace objects, 2(40KB) LOS objects, 29% free, 39MB/55MB, paused 528us total 30.040ms
08-06 01:58:51.148 18522 18796 I art     : Starting a blocking GC Explicit
08-06 01:58:51.176 18522 18796 I art     : Explicit concurrent mark sweep GC freed 217(3KB) AllocSpace objects, 0(0B) LOS objects, 29% free, 39MB/55MB, paused 418us total 27.329ms
08-06 01:58:51.188 18522 18796 I art     : Starting a blocking GC Explicit
08-06 01:58:51.216 18522 18796 I art     : Explicit concurrent mark sweep GC freed 147(2496B) AllocSpace objects, 0(0B) LOS objects, 29% free, 39MB/55MB, paused 415us total 27.150ms
08-06 01:58:51.229 18522 18796 I art     : Starting a blocking GC Explicit
08-06 01:58:51.255 18522 18796 I art     : Explicit concurrent mark sweep GC freed 219(3KB) AllocSpace objects, 0(0B) LOS objects, 29% free, 39MB/55MB, paused 411us total 26.523ms
08-06 01:58:51.268 18522 18796 I art     : Starting a blocking GC Explicit
08-06 01:58:51.296 18522 18796 I art     : Explicit concurrent mark sweep GC freed 147(2496B) AllocSpace objects, 0(0B) LOS objects, 29% free, 39MB/55MB, paused 413us total 27.502ms
08-06 01:58:51.658 18522 18534 I art     : Starting a blocking GC Explicit
08-06 01:58:51.689 18522 18534 I art     : Explicit concurrent mark sweep GC freed 3154(111KB) AllocSpace objects, 2(40KB) LOS objects, 29% free, 39MB/55MB, paused 455us total 29.922ms
08-06 01:58:51.703 18522 18534 I art     : Starting a blocking GC Explicit
08-06 01:58:51.729 18522 18534 I art     : Explicit concurrent mark sweep GC freed 167(3KB) AllocSpace objects, 0(0B) LOS objects, 29% free, 39MB/55MB, paused 404us total 26.322ms
08-06 01:58:51.741 18522 18534 I art     : Starting a blocking GC Explicit
08-06 01:58:51.767 18522 18534 I art     : Explicit concurrent mark sweep GC freed 147(2496B) AllocSpace objects, 0(0B) LOS objects, 29% free, 39MB/55MB, paused 397us total 25.308ms
08-06 01:58:51.779 18522 18534 I art     : Starting a blocking GC Explicit
08-06 01:58:51.805 18522 18534 I art     : Explicit concurrent mark sweep GC freed 219(3KB) AllocSpace objects, 0(0B) LOS objects, 29% free, 39MB/55MB, paused 403us total 25.974ms
08-06 01:58:51.817 18522 18534 I art     : Starting a blocking GC Explicit
08-06 01:58:51.844 18522 18534 I art     : Explicit concurrent mark sweep GC freed 146(2464B) AllocSpace objects, 0(0B) LOS objects, 29% free, 39MB/55MB, paused 424us total 27.126ms
08-06 01:58:52.187 18522 18540 I art     : Starting a blocking GC Explicit
08-06 01:58:52.214 18522 18540 I art     : Explicit concurrent mark sweep GC freed 3013(108KB) AllocSpace objects, 2(40KB) LOS objects, 29% free, 39MB/55MB, paused 460us total 26.593ms
08-06 01:58:52.226 18522 18540 I art     : Starting a blocking GC Explicit
08-06 01:58:52.252 18522 18540 I art     : Explicit concurrent mark sweep GC freed 167(3KB) AllocSpace objects, 0(0B) LOS objects, 29% free, 39MB/55MB, paused 580us total 26.474ms
08-06 01:58:52.264 18522 18540 I art     : Starting a blocking GC Explicit
08-06 01:58:52.291 18522 18540 I art     : Explicit concurrent mark sweep GC freed 218(3KB) AllocSpace objects, 0(0B) LOS objects, 29% free, 39MB/55MB, paused 445us total 25.993ms
08-06 01:58:52.303 18522 18540 I art     : Starting a blocking GC Explicit
08-06 01:58:52.330 18522 18540 I art     : Explicit concurrent mark sweep GC freed 147(2496B) AllocSpace objects, 0(0B) LOS objects, 29% free, 39MB/55MB, paused 401us total 26.632ms
08-06 01:58:52.342 18522 18540 I art     : Starting a blocking GC Explicit
08-06 01:58:52.368 18522 18540 I art     : Explicit concurrent mark sweep GC freed 147(2496B) AllocSpace objects, 0(0B) LOS objects, 29% free, 39MB/55MB, paused 442us total 26.102ms
08-06 01:58:52.453 18989 18989 D AndroidRuntime: >>>>>> START com.android.internal.os.RuntimeInit uid 2000 <<<<<<
08-06 01:58:52.458 18989 18989 D AndroidRuntime: CheckJNI is OFF
08-06 01:58:52.493 18989 18989 D ICU     : No timezone override file found: /data/misc/zoneinfo/current/icu/icu_tzdata.dat
08-06 01:58:52.527 18989 18989 I Radio-JNI: register_android_hardware_Radio DONE
08-06 01:58:52.549 18989 18989 D AndroidRuntime: Calling main entry com.android.commands.input.Input
08-06 01:58:52.551 18989 18989 I Input   : injectKeyEvent: KeyEvent { action=ACTION_DOWN, keyCode=KEYCODE_BACK, scanCode=0, metaState=0, flags=0x0, repeatCount=0, eventTime=842348964, downTime=842348964, deviceId=-1, source=0x101 }
08-06 01:58:52.558 18989 18989 I Input   : injectKeyEvent: KeyEvent { action=ACTION_UP, keyCode=KEYCODE_BACK, scanCode=0, metaState=0, flags=0x0, repeatCount=0, eventTime=842348964, downTime=842348964, deviceId=-1, source=0x101 }
08-06 01:58:52.564 18989 18989 D AndroidRuntime: Shutting down VM
08-06 01:58:52.603 13866 13866 I GoogleInputMethodServic: GoogleInputMethodService.onFinishInput():3138 
08-06 01:58:52.604 13866 13866 I GoogleInputMethodServic: GoogleInputMethodService.onStartInput():1808 
08-06 01:58:52.693 18522 18796 I art     : Starting a blocking GC Explicit
08-06 01:58:52.721 18522 18796 I art     : Explicit concurrent mark sweep GC freed 3027(111KB) AllocSpace objects, 2(40KB) LOS objects, 29% free, 39MB/55MB, paused 480us total 27.359ms
08-06 01:58:52.735 18522 18796 I art     : Starting a blocking GC Explicit
08-06 01:58:52.771 18522 18796 I art     : Explicit concurrent mark sweep GC freed 238(4KB) AllocSpace objects, 0(0B) LOS objects, 29% free, 39MB/55MB, paused 469us total 35.376ms
08-06 01:58:52.788 18522 18796 I art     : Starting a blocking GC Explicit
08-06 01:58:52.821 18522 18796 I art     : Explicit concurrent mark sweep GC freed 226(3KB) AllocSpace objects, 0(0B) LOS objects, 29% free, 39MB/55MB, paused 494us total 32.760ms
08-06 01:58:52.838 18522 18796 I art     : Starting a blocking GC Explicit
08-06 01:58:52.871 18522 18796 I art     : Explicit concurrent mark sweep GC freed 215(3KB) AllocSpace objects, 0(0B) LOS objects, 29% free, 39MB/55MB, paused 468us total 33.173ms
08-06 01:58:52.888 18522 18796 I art     : Starting a blocking GC Explicit
08-06 01:58:52.916 18522 18796 I art     : Explicit concurrent mark sweep GC freed 166(2832B) AllocSpace objects, 0(0B) LOS objects, 29% free, 39MB/55MB, paused 414us total 28.312ms
08-06 01:58:52.918   380   380 W SurfaceFlinger: couldn't log to binary event log: overflow.
08-06 01:58:53.249 18522 18540 I art     : Starting a blocking GC Explicit
08-06 01:58:53.280 18522 18540 I art     : Explicit concurrent mark sweep GC freed 2533(101KB) AllocSpace objects, 4(404KB) LOS objects, 29% free, 38MB/54MB, paused 541us total 30.263ms
08-06 01:58:53.295 18522 18540 I art     : Starting a blocking GC Explicit
08-06 01:58:53.320 18522 18540 I art     : Explicit concurrent mark sweep GC freed 4830(341KB) AllocSpace objects, 7(132KB) LOS objects, 29% free, 38MB/54MB, paused 541us total 25.505ms
08-06 01:58:53.332 18522 18540 I art     : Starting a blocking GC Explicit
08-06 01:58:53.355 18522 18540 I art     : Explicit concurrent mark sweep GC freed 129(2336B) AllocSpace objects, 0(0B) LOS objects, 29% free, 38MB/54MB, paused 462us total 22.939ms
08-06 01:58:53.368 18522 18540 I art     : Starting a blocking GC Explicit
08-06 01:58:53.393 18522 18540 I art     : Explicit concurrent mark sweep GC freed 98(1664B) AllocSpace objects, 0(0B) LOS objects, 29% free, 38MB/54MB, paused 400us total 24.832ms
08-06 01:58:53.405 18522 18540 I art     : Starting a blocking GC Explicit
08-06 01:58:53.430 18522 18540 I art     : Explicit concurrent mark sweep GC freed 100(1728B) AllocSpace objects, 0(0B) LOS objects, 29% free, 38MB/54MB, paused 407us total 24.902ms
08-06 01:58:53.773 18522 18535 I art     : Starting a blocking GC Explicit
08-06 01:58:53.801 18522 18535 I art     : Explicit concurrent mark sweep GC freed 2507(101KB) AllocSpace objects, 2(40KB) LOS objects, 29% free, 38MB/54MB, paused 398us total 27.600ms
08-06 01:58:53.813 18522 18535 I art     : Starting a blocking GC Explicit
08-06 01:58:53.838 18522 18535 I art     : Explicit concurrent mark sweep GC freed 164(3KB) AllocSpace objects, 0(0B) LOS objects, 29% free, 38MB/54MB, paused 498us total 24.517ms
08-06 01:58:53.850 18522 18535 I art     : Starting a blocking GC Explicit
08-06 01:58:53.875 18522 18535 I art     : Explicit concurrent mark sweep GC freed 111(1920B) AllocSpace objects, 0(0B) LOS objects, 29% free, 38MB/54MB, paused 424us total 24.573ms
08-06 01:58:53.887 18522 18535 I art     : Starting a blocking GC Explicit
08-06 01:58:53.911 18522 18535 I art     : Explicit concurrent mark sweep GC freed 99(1696B) AllocSpace objects, 0(0B) LOS objects, 29% free, 38MB/54MB, paused 402us total 23.970ms
08-06 01:58:53.923 18522 18535 I art     : Starting a blocking GC Explicit
08-06 01:58:53.947 18522 18535 I art     : Explicit concurrent mark sweep GC freed 99(1696B) AllocSpace objects, 0(0B) LOS objects, 29% free, 38MB/54MB, paused 410us total 24.361ms
08-06 01:58:54.042   918  3261 D WifiStateMachine: starting scan for "H369AA63323"WPA_PSK with 2412,5180
08-06 01:58:54.172 12075 12075 I ServiceManager: Waiting for service AtCmdFwd...
08-06 01:58:54.203 19041 19041 D AndroidRuntime: >>>>>> START com.android.internal.os.RuntimeInit uid 2000 <<<<<<
08-06 01:58:54.208 19041 19041 D AndroidRuntime: CheckJNI is OFF
08-06 01:58:54.242 19041 19041 D ICU     : No timezone override file found: /data/misc/zoneinfo/current/icu/icu_tzdata.dat
08-06 01:58:54.268 18522 18796 I art     : Starting a blocking GC Explicit
08-06 01:58:54.275 19041 19041 I Radio-JNI: register_android_hardware_Radio DONE
08-06 01:58:54.294 18522 18796 I art     : Explicit concurrent mark sweep GC freed 2435(99KB) AllocSpace objects, 2(40KB) LOS objects, 29% free, 38MB/54MB, paused 452us total 25.763ms
08-06 01:58:54.298 19041 19041 D AndroidRuntime: Calling main entry com.android.commands.input.Input
08-06 01:58:54.300 19041 19041 I Input   : injectMotionEvent: MotionEvent { action=ACTION_DOWN, actionButton=0, id[0]=0, x[0]=504.0, y[0]=1706.0, toolType[0]=TOOL_TYPE_UNKNOWN, buttonState=0, metaState=0, flags=0x0, edgeFlags=0x0, pointerCount=1, historySize=0, eventTime=842350712, downTime=842350712, deviceId=0, source=0x1002 }
08-06 01:58:54.305 19041 19041 I Input   : injectMotionEvent: MotionEvent { action=ACTION_UP, actionButton=0, id[0]=0, x[0]=504.0, y[0]=1706.0, toolType[0]=TOOL_TYPE_UNKNOWN, buttonState=0, metaState=0, flags=0x0, edgeFlags=0x0, pointerCount=1, historySize=0, eventTime=842350712, downTime=842350712, deviceId=0, source=0x1002 }
08-06 01:58:54.307 18522 18796 I art     : Starting a blocking GC Explicit
08-06 01:58:54.307 19041 19041 D AndroidRuntime: Shutting down VM
08-06 01:58:54.309   512  2967 D audio_hw_primary: out_set_parameters: enter: usecase(1: low-latency-playback) kvpairs: routing=2
08-06 01:58:54.313   918   929 I ActivityManager: START u0 {cmp=baseline.io.github.project_travel_mate/.destinations.funfacts.FunFactsActivity (has extras)} from uid 10696 on display 0
08-06 01:58:54.321   512  2967 D audio_hw_primary: select_devices: out_snd_device(2: speaker) in_snd_device(0: none)
08-06 01:58:54.321   512  2967 D msm8974_platform: platform_send_audio_calibration: sending audio calibration for snd_device(2) acdb_id(15)
08-06 01:58:54.322   512  2967 I soundtrigger: audio_extn_sound_trigger_update_device_status: device 0x2 of type 0 for Event 1
08-06 01:58:54.333 18522 18796 I art     : Explicit concurrent mark sweep GC freed 1236(124KB) AllocSpace objects, 0(0B) LOS objects, 29% free, 38MB/54MB, paused 785us total 25.682ms
08-06 01:58:54.333   512  2967 D audio_hw_primary: enable_snd_device: snd_device(2: speaker)
08-06 01:58:54.336   512  2967 D audio_hw_primary: enable_audio_route: apply and update mixer path: low-latency-playback speaker
08-06 01:58:54.340 18522 18592 D Gabe    : call	returning from cache
08-06 01:58:54.344 18522 18522 V EXECUTING: https://project-travel-mate.herokuapp.com/api/get-city-facts/1
08-06 01:58:54.347 18522 18796 I art     : Starting a blocking GC Explicit
08-06 01:58:54.371 18522 18796 I art     : Explicit concurrent mark sweep GC freed 1410(139KB) AllocSpace objects, 0(0B) LOS objects, 29% free, 38MB/54MB, paused 474us total 22.927ms
08-06 01:58:54.382 18522 18796 I art     : Starting a blocking GC Explicit
08-06 01:58:54.409 18522 18796 I art     : Explicit concurrent mark sweep GC freed 601(20KB) AllocSpace objects, 0(0B) LOS objects, 27% free, 42MB/58MB, paused 813us total 26.590ms
08-06 01:58:54.422 18522 18796 I art     : Starting a blocking GC Explicit
08-06 01:58:54.448 18522 18796 I art     : Explicit concurrent mark sweep GC freed 31(1168B) AllocSpace objects, 0(0B) LOS objects, 27% free, 42MB/58MB, paused 679us total 25.586ms
08-06 01:58:54.477   918   936 I ActivityManager: Displayed baseline.io.github.project_travel_mate/.destinations.funfacts.FunFactsActivity: +158ms
08-06 01:58:54.478 13866 13866 I GoogleInputMethodServic: GoogleInputMethodService.onFinishInput():3138 
08-06 01:58:54.479 13866 13866 I GoogleInputMethodServic: GoogleInputMethodService.onStartInput():1808 
08-06 01:58:54.737 18522 18535 I art     : Starting a blocking GC Explicit
08-06 01:58:54.737   380   380 W SurfaceFlinger: couldn't log to binary event log: overflow.
08-06 01:58:54.763 18522 18535 I art     : Explicit concurrent mark sweep GC freed 2357(98KB) AllocSpace objects, 2(40KB) LOS objects, 27% free, 42MB/58MB, paused 426us total 25.985ms
08-06 01:58:54.775 18522 18535 I art     : Starting a blocking GC Explicit
08-06 01:58:54.798 18522 18535 I art     : Explicit concurrent mark sweep GC freed 169(3KB) AllocSpace objects, 0(0B) LOS objects, 27% free, 42MB/58MB, paused 413us total 22.658ms
08-06 01:58:54.810 18522 18535 I art     : Starting a blocking GC Explicit
08-06 01:58:54.834 18522 18535 I art     : Explicit concurrent mark sweep GC freed 147(2496B) AllocSpace objects, 0(0B) LOS objects, 27% free, 42MB/58MB, paused 459us total 23.384ms
08-06 01:58:54.845 18522 18535 I art     : Starting a blocking GC Explicit
08-06 01:58:54.872 18522 18535 I art     : Explicit concurrent mark sweep GC freed 186(3KB) AllocSpace objects, 0(0B) LOS objects, 27% free, 42MB/58MB, paused 709us total 26.707ms
08-06 01:58:54.879   512  2967 D audio_hw_primary: disable_audio_route: reset and update mixer path: low-latency-playback speaker
08-06 01:58:54.879   512  2967 D audio_hw_primary: disable_snd_device: snd_device(2: speaker)
08-06 01:58:54.884 18522 18535 I art     : Starting a blocking GC Explicit
08-06 01:58:54.887   512  2967 I soundtrigger: audio_extn_sound_trigger_update_device_status: device 0x2 of type 0 for Event 0
08-06 01:58:54.910 18522 18535 I art     : Explicit concurrent mark sweep GC freed 26(560B) AllocSpace objects, 0(0B) LOS objects, 27% free, 42MB/58MB, paused 642us total 25.557ms
08-06 01:58:55.051 18522 19065 I NAPPA_EXPERIMENTATION: MetricNetworkRequestExecutionTime: REQUEST_DURATION_SYSTEM='706',REQUEST_DURATION_OKHTTP='39',REQUEST_SYNCHRONOUS='FALSE',RESPONSE_CODE='200',RESPONSE_METHOD='GET',RESPONSE_LENGTH_OKHTTP='1793',RESPONSE_LENGTH_HEADER='1793',REQUEST_PROTOCOL='http/1.1',REQUEST_URL='https://project-travel-mate.herokuapp.com/api/get-city-facts/1',
08-06 01:58:55.053 18522 19065 V EXECUTING: https://project-travel-mate.herokuapp.com/api/get-city-images/1
08-06 01:58:55.173 12075 12075 I ServiceManager: Waiting for service AtCmdFwd...
08-06 01:58:55.203 18522 18534 I art     : Starting a blocking GC Explicit
08-06 01:58:55.230 18522 18534 I art     : Explicit concurrent mark sweep GC freed 5422(278KB) AllocSpace objects, 5(240KB) LOS objects, 27% free, 43MB/59MB, paused 668us total 26.890ms
08-06 01:58:55.243 18522 18534 I art     : Starting a blocking GC Explicit
08-06 01:58:55.269 18522 18534 I art     : Explicit concurrent mark sweep GC freed 997(118KB) AllocSpace objects, 0(0B) LOS objects, 27% free, 43MB/59MB, paused 684us total 25.974ms
08-06 01:58:55.281 18522 18534 I art     : Starting a blocking GC Explicit
08-06 01:58:55.306 18522 18534 I art     : Explicit concurrent mark sweep GC freed 130(2240B) AllocSpace objects, 0(0B) LOS objects, 27% free, 43MB/59MB, paused 597us total 25.443ms
08-06 01:58:55.319 18522 18534 I art     : Starting a blocking GC Explicit
08-06 01:58:55.344 18522 18534 I art     : Explicit concurrent mark sweep GC freed 25(448B) AllocSpace objects, 0(0B) LOS objects, 27% free, 43MB/59MB, paused 556us total 24.821ms
08-06 01:58:55.356 18522 18534 I art     : Starting a blocking GC Explicit
08-06 01:58:55.382 18522 18534 I art     : Explicit concurrent mark sweep GC freed 127(2128B) AllocSpace objects, 0(0B) LOS objects, 27% free, 43MB/59MB, paused 659us total 25.893ms
08-06 01:58:55.699 18522 18540 I art     : Starting a blocking GC Explicit
08-06 01:58:55.725 18522 18540 I art     : Explicit concurrent mark sweep GC freed 4785(227KB) AllocSpace objects, 4(160KB) LOS objects, 26% free, 43MB/59MB, paused 637us total 26.250ms
08-06 01:58:55.738 18522 18540 I art     : Starting a blocking GC Explicit
08-06 01:58:55.755 18522 19080 I NAPPA_EXPERIMENTATION: MetricNetworkRequestExecutionTime: REQUEST_DURATION_SYSTEM='701',REQUEST_DURATION_OKHTTP='32',REQUEST_SYNCHRONOUS='FALSE',RESPONSE_CODE='200',RESPONSE_METHOD='GET',RESPONSE_LENGTH_OKHTTP='183',RESPONSE_LENGTH_HEADER='183',REQUEST_PROTOCOL='http/1.1',REQUEST_URL='https://project-travel-mate.herokuapp.com/api/get-city-images/1',
08-06 01:58:55.764 18522 18540 I art     : Explicit concurrent mark sweep GC freed 1208(130KB) AllocSpace objects, 1(80KB) LOS objects, 26% free, 43MB/59MB, paused 654us total 25.807ms
08-06 01:58:55.776 18522 18540 I art     : Starting a blocking GC Explicit
08-06 01:58:55.792 18522 19080 V RESPONSE: [{"id":17,"image_url":"https://upload.wikimedia.org/wikipedia/commons/9/94/%E0%B4%96%E0%B5%81%E0%B4%A4%E0%B5%8D%E0%B4%AC%E0%B5%8D_%E0%B4%AE%E0%B4%BF%E0%B4%A8%E0%B4%BE%E0%B5%BC1.jpg"}]
08-06 01:58:55.801 18522 18540 I art     : Explicit concurrent mark sweep GC freed 183(5KB) AllocSpace objects, 0(0B) LOS objects, 26% free, 43MB/59MB, paused 606us total 25.114ms
08-06 01:58:55.813 18522 18540 I art     : Starting a blocking GC Explicit
08-06 01:58:55.839 18522 18540 I art     : Explicit concurrent mark sweep GC freed 123(5KB) AllocSpace objects, 0(0B) LOS objects, 26% free, 43MB/59MB, paused 599us total 25.569ms
08-06 01:58:55.851 18522 18540 I art     : Starting a blocking GC Explicit
08-06 01:58:55.875 18522 18540 I art     : Explicit concurrent mark sweep GC freed 181(26KB) AllocSpace objects, 0(0B) LOS objects, 26% free, 43MB/59MB, paused 532us total 24.152ms
08-06 01:58:56.173 12075 12075 I ServiceManager: Waiting for service AtCmdFwd...
08-06 01:58:56.184 18522 18535 I art     : Starting a blocking GC Explicit
08-06 01:58:56.219 18522 18535 I art     : Explicit concurrent mark sweep GC freed 5575(267KB) AllocSpace objects, 3(4MB) LOS objects, 28% free, 39MB/55MB, paused 456us total 33.904ms
08-06 01:58:56.233 18522 18535 I art     : Starting a blocking GC Explicit
08-06 01:58:56.260 18522 18535 I art     : Explicit concurrent mark sweep GC freed 389(12KB) AllocSpace objects, 0(0B) LOS objects, 28% free, 39MB/55MB, paused 441us total 26.673ms
08-06 01:58:56.272 18522 18535 I art     : Starting a blocking GC Explicit
08-06 01:58:56.299 18522 18535 I art     : Explicit concurrent mark sweep GC freed 147(2496B) AllocSpace objects, 0(0B) LOS objects, 28% free, 39MB/55MB, paused 454us total 27.168ms
08-06 01:58:56.312 18522 18535 I art     : Starting a blocking GC Explicit
08-06 01:58:56.340 18522 18535 I art     : Explicit concurrent mark sweep GC freed 165(2784B) AllocSpace objects, 0(0B) LOS objects, 28% free, 39MB/55MB, paused 603us total 28.275ms
08-06 01:58:56.352 18522 18535 I art     : Starting a blocking GC Explicit
08-06 01:58:56.380 18522 18535 I art     : Explicit concurrent mark sweep GC freed 201(3KB) AllocSpace objects, 0(0B) LOS objects, 28% free, 39MB/55MB, paused 466us total 27.393ms
08-06 01:58:56.441   518   646 I ThermalEngine: ACTION: GPU - Setting GPU[0] to 450000000
08-06 01:58:56.754 18522 18540 I art     : Starting a blocking GC Explicit
08-06 01:58:56.793 18522 18540 I art     : Explicit concurrent mark sweep GC freed 3175(112KB) AllocSpace objects, 2(40KB) LOS objects, 28% free, 39MB/55MB, paused 679us total 38.141ms
08-06 01:58:56.809 18522 18540 I art     : Starting a blocking GC Explicit
08-06 01:58:56.845 18522 18540 I art     : Explicit concurrent mark sweep GC freed 302(5KB) AllocSpace objects, 0(0B) LOS objects, 28% free, 39MB/55MB, paused 759us total 34.960ms
08-06 01:58:56.861 18522 18540 I art     : Starting a blocking GC Explicit
08-06 01:58:56.897 18522 18540 I art     : Explicit concurrent mark sweep GC freed 236(3KB) AllocSpace objects, 0(0B) LOS objects, 28% free, 39MB/55MB, paused 616us total 35.746ms
08-06 01:58:56.913 18522 18540 I art     : Starting a blocking GC Explicit
08-06 01:58:56.951 18522 18540 I art     : Explicit concurrent mark sweep GC freed 217(3KB) AllocSpace objects, 0(0B) LOS objects, 28% free, 39MB/55MB, paused 644us total 37.594ms
08-06 01:58:56.967 18522 18540 I art     : Starting a blocking GC Explicit
08-06 01:58:57.004 18522 18540 I art     : Explicit concurrent mark sweep GC freed 221(3KB) AllocSpace objects, 0(0B) LOS objects, 28% free, 39MB/55MB, paused 612us total 36.349ms
08-06 01:58:57.103 19113 19113 D AndroidRuntime: >>>>>> START com.android.internal.os.RuntimeInit uid 2000 <<<<<<
08-06 01:58:57.110 19113 19113 D AndroidRuntime: CheckJNI is OFF
08-06 01:58:57.153 19113 19113 D ICU     : No timezone override file found: /data/misc/zoneinfo/current/icu/icu_tzdata.dat
08-06 01:58:57.174 12075 12075 I ServiceManager: Waiting for service AtCmdFwd...
08-06 01:58:57.196 19113 19113 I Radio-JNI: register_android_hardware_Radio DONE
08-06 01:58:57.224 19113 19113 D AndroidRuntime: Calling main entry com.android.commands.input.Input
08-06 01:58:57.226 19113 19113 I Input   : injectKeyEvent: KeyEvent { action=ACTION_DOWN, keyCode=KEYCODE_BACK, scanCode=0, metaState=0, flags=0x0, repeatCount=0, eventTime=842353639, downTime=842353639, deviceId=-1, source=0x101 }
08-06 01:58:57.232 19113 19113 I Input   : injectKeyEvent: KeyEvent { action=ACTION_UP, keyCode=KEYCODE_BACK, scanCode=0, metaState=0, flags=0x0, repeatCount=0, eventTime=842353639, downTime=842353639, deviceId=-1, source=0x101 }
08-06 01:58:57.238 19113 19113 D AndroidRuntime: Shutting down VM
08-06 01:58:57.287 13866 13866 I GoogleInputMethodServic: GoogleInputMethodService.onFinishInput():3138 
08-06 01:58:57.288 13866 13866 I GoogleInputMethodServic: GoogleInputMethodService.onStartInput():1808 
08-06 01:58:57.381 18522 18796 I art     : Starting a blocking GC Explicit
08-06 01:58:57.423 18522 18796 I art     : Explicit concurrent mark sweep GC freed 3332(116KB) AllocSpace objects, 2(40KB) LOS objects, 28% free, 39MB/55MB, paused 630us total 41.453ms
08-06 01:58:57.443 18522 18796 I art     : Starting a blocking GC Explicit
08-06 01:58:57.486 18522 18796 I art     : Explicit concurrent mark sweep GC freed 315(5KB) AllocSpace objects, 0(0B) LOS objects, 28% free, 39MB/55MB, paused 615us total 42.607ms
08-06 01:58:57.504 18522 18796 I art     : Starting a blocking GC Explicit
08-06 01:58:57.546 18522 18796 I art     : Explicit concurrent mark sweep GC freed 291(4KB) AllocSpace objects, 0(0B) LOS objects, 28% free, 39MB/55MB, paused 915us total 42.438ms
08-06 01:58:57.566 18522 18796 I art     : Starting a blocking GC Explicit
08-06 01:58:57.590   380   380 W SurfaceFlinger: couldn't log to binary event log: overflow.
08-06 01:58:57.603 18522 18796 I art     : Explicit concurrent mark sweep GC freed 959(38KB) AllocSpace objects, 0(0B) LOS objects, 28% free, 39MB/55MB, paused 725us total 36.634ms
08-06 01:58:57.619 18522 18796 I art     : Starting a blocking GC Explicit
08-06 01:58:57.652 18522 18796 I art     : Explicit concurrent mark sweep GC freed 193(5KB) AllocSpace objects, 3(644KB) LOS objects, 29% free, 38MB/54MB, paused 599us total 33.303ms
08-06 01:58:58.020 18522 18535 I art     : Starting a blocking GC Explicit
08-06 01:58:58.055 18522 18535 I art     : Explicit concurrent mark sweep GC freed 8000(367KB) AllocSpace objects, 3(68KB) LOS objects, 29% free, 38MB/54MB, paused 609us total 34.927ms
08-06 01:58:58.074 18522 18535 I art     : Starting a blocking GC Explicit
08-06 01:58:58.106 18522 18535 I art     : Explicit concurrent mark sweep GC freed 166(3KB) AllocSpace objects, 0(0B) LOS objects, 29% free, 38MB/54MB, paused 595us total 31.947ms
08-06 01:58:58.122 18522 18535 I art     : Starting a blocking GC Explicit
08-06 01:58:58.153 18522 18535 I art     : Explicit concurrent mark sweep GC freed 148(2528B) AllocSpace objects, 0(0B) LOS objects, 29% free, 38MB/54MB, paused 583us total 30.786ms
08-06 01:58:58.169 18522 18535 I art     : Starting a blocking GC Explicit
08-06 01:58:58.174 12075 12075 I ServiceManager: Waiting for service AtCmdFwd...
08-06 01:58:58.199 18522 18535 I art     : Explicit concurrent mark sweep GC freed 147(2496B) AllocSpace objects, 0(0B) LOS objects, 29% free, 38MB/54MB, paused 590us total 29.387ms
08-06 01:58:58.214 18522 18535 I art     : Starting a blocking GC Explicit
08-06 01:58:58.243 18522 18535 I art     : Explicit concurrent mark sweep GC freed 128(2160B) AllocSpace objects, 0(0B) LOS objects, 29% free, 38MB/54MB, paused 694us total 28.197ms
08-06 01:58:58.599 18522 18534 I art     : Starting a blocking GC Explicit
08-06 01:58:58.630 18522 18534 I art     : Explicit concurrent mark sweep GC freed 2552(101KB) AllocSpace objects, 2(40KB) LOS objects, 29% free, 38MB/54MB, paused 606us total 30.586ms
08-06 01:58:58.646 18522 18534 I art     : Starting a blocking GC Explicit
08-06 01:58:58.677 18522 18534 I art     : Explicit concurrent mark sweep GC freed 149(2880B) AllocSpace objects, 0(0B) LOS objects, 29% free, 38MB/54MB, paused 782us total 31.564ms
08-06 01:58:58.693 18522 18534 I art     : Starting a blocking GC Explicit
08-06 01:58:58.724 18522 18534 I art     : Explicit concurrent mark sweep GC freed 116(2000B) AllocSpace objects, 0(0B) LOS objects, 29% free, 38MB/54MB, paused 586us total 30.998ms
08-06 01:58:58.740 18522 18534 I art     : Starting a blocking GC Explicit
08-06 01:58:58.772 18522 18534 I art     : Explicit concurrent mark sweep GC freed 147(2496B) AllocSpace objects, 0(0B) LOS objects, 29% free, 38MB/54MB, paused 600us total 31.425ms
08-06 01:58:58.788 18522 18534 I art     : Starting a blocking GC Explicit
08-06 01:58:58.819 18522 18534 I art     : Explicit concurrent mark sweep GC freed 147(2496B) AllocSpace objects, 0(0B) LOS objects, 29% free, 38MB/54MB, paused 671us total 31.045ms
08-06 01:58:58.997 19165 19165 D AndroidRuntime: >>>>>> START com.android.internal.os.RuntimeInit uid 2000 <<<<<<
08-06 01:58:59.004 19165 19165 D AndroidRuntime: CheckJNI is OFF
08-06 01:58:59.044 19165 19165 D ICU     : No timezone override file found: /data/misc/zoneinfo/current/icu/icu_tzdata.dat
08-06 01:58:59.087 19165 19165 I Radio-JNI: register_android_hardware_Radio DONE
08-06 01:58:59.115 19165 19165 D AndroidRuntime: Calling main entry com.android.commands.input.Input
08-06 01:58:59.117 19165 19165 I Input   : injectMotionEvent: MotionEvent { action=ACTION_DOWN, actionButton=0, id[0]=0, x[0]=504.0, y[0]=1706.0, toolType[0]=TOOL_TYPE_UNKNOWN, buttonState=0, metaState=0, flags=0x0, edgeFlags=0x0, pointerCount=1, historySize=0, eventTime=842355530, downTime=842355530, deviceId=0, source=0x1002 }
08-06 01:58:59.122 19165 19165 I Input   : injectMotionEvent: MotionEvent { action=ACTION_UP, actionButton=0, id[0]=0, x[0]=504.0, y[0]=1706.0, toolType[0]=TOOL_TYPE_UNKNOWN, buttonState=0, metaState=0, flags=0x0, edgeFlags=0x0, pointerCount=1, historySize=0, eventTime=842355530, downTime=842355530, deviceId=0, source=0x1002 }
08-06 01:58:59.123 19165 19165 D AndroidRuntime: Shutting down VM
08-06 01:58:59.126   512  2967 D audio_hw_primary: out_set_parameters: enter: usecase(1: low-latency-playback) kvpairs: routing=2
08-06 01:58:59.128   918  6112 I ActivityManager: START u0 {cmp=baseline.io.github.project_travel_mate/.destinations.funfacts.FunFactsActivity (has extras)} from uid 10696 on display 0
08-06 01:58:59.139   512  2967 D audio_hw_primary: select_devices: out_snd_device(2: speaker) in_snd_device(0: none)
08-06 01:58:59.139   512  2967 D msm8974_platform: platform_send_audio_calibration: sending audio calibration for snd_device(2) acdb_id(15)
08-06 01:58:59.139   512  2967 I soundtrigger: audio_extn_sound_trigger_update_device_status: device 0x2 of type 0 for Event 1
08-06 01:58:59.150   512  2967 D audio_hw_primary: enable_snd_device: snd_device(2: speaker)
08-06 01:58:59.153   512  2967 D audio_hw_primary: enable_audio_route: apply and update mixer path: low-latency-playback speaker
08-06 01:58:59.155 18522 18592 D Gabe    : call	returning from cache
08-06 01:58:59.157 18522 18522 V EXECUTING: https://project-travel-mate.herokuapp.com/api/get-city-facts/1
08-06 01:58:59.175 12075 12075 W Atfwd_Sendcmd: AtCmdFwd service not published, waiting... retryCnt : 2
08-06 01:58:59.213 18522 18535 I art     : Starting a blocking GC Explicit
08-06 01:58:59.248 18522 18535 I art     : Explicit concurrent mark sweep GC freed 4524(276KB) AllocSpace objects, 2(40KB) LOS objects, 27% free, 43MB/59MB, paused 957us total 34.370ms
08-06 01:58:59.265 18522 18535 I art     : Starting a blocking GC Explicit
08-06 01:58:59.297 18522 18535 I art     : Explicit concurrent mark sweep GC freed 134(6KB) AllocSpace objects, 0(0B) LOS objects, 27% free, 43MB/59MB, paused 1.316ms total 31.622ms
08-06 01:58:59.298   918   936 I ActivityManager: Displayed baseline.io.github.project_travel_mate/.destinations.funfacts.FunFactsActivity: +159ms
08-06 01:58:59.298 13866 13866 I GoogleInputMethodServic: GoogleInputMethodService.onFinishInput():3138 
08-06 01:58:59.298 13866 13866 I GoogleInputMethodServic: GoogleInputMethodService.onStartInput():1808 
08-06 01:58:59.313 18522 18535 I art     : Starting a blocking GC Explicit
08-06 01:58:59.346 18522 18535 I art     : Explicit concurrent mark sweep GC freed 146(2960B) AllocSpace objects, 0(0B) LOS objects, 27% free, 43MB/59MB, paused 948us total 32.921ms
08-06 01:58:59.364 18522 18535 I art     : Starting a blocking GC Explicit
08-06 01:58:59.396 18522 18535 I art     : Explicit concurrent mark sweep GC freed 82(1440B) AllocSpace objects, 0(0B) LOS objects, 27% free, 43MB/59MB, paused 657us total 31.844ms
08-06 01:58:59.415 18522 18535 I art     : Starting a blocking GC Explicit
08-06 01:58:59.449 18522 18535 I art     : Explicit concurrent mark sweep GC freed 56(944B) AllocSpace objects, 0(0B) LOS objects, 27% free, 43MB/59MB, paused 862us total 33.625ms
08-06 01:58:59.559   380   380 W SurfaceFlinger: couldn't log to binary event log: overflow.
08-06 01:58:59.690   512  2967 D audio_hw_primary: disable_audio_route: reset and update mixer path: low-latency-playback speaker
08-06 01:58:59.691   512  2967 D audio_hw_primary: disable_snd_device: snd_device(2: speaker)
08-06 01:58:59.700   512  2967 I soundtrigger: audio_extn_sound_trigger_update_device_status: device 0x2 of type 0 for Event 0
08-06 01:58:59.811 18522 18535 I art     : Starting a blocking GC Explicit
08-06 01:58:59.843 18522 18535 I art     : Explicit concurrent mark sweep GC freed 2703(105KB) AllocSpace objects, 2(40KB) LOS objects, 27% free, 43MB/59MB, paused 815us total 32.100ms
08-06 01:58:59.860 18522 18535 I art     : Starting a blocking GC Explicit
08-06 01:58:59.891 18522 18535 I art     : Explicit concurrent mark sweep GC freed 165(3KB) AllocSpace objects, 0(0B) LOS objects, 27% free, 43MB/59MB, paused 883us total 31.303ms
08-06 01:58:59.908 18522 18535 I art     : Starting a blocking GC Explicit
08-06 01:58:59.941 18522 18535 I art     : Explicit concurrent mark sweep GC freed 2724(135KB) AllocSpace objects, 2(120KB) LOS objects, 26% free, 43MB/59MB, paused 913us total 33.081ms
08-06 01:58:59.957 18522 18535 I art     : Starting a blocking GC Explicit
08-06 01:58:59.960 18522 19189 I NAPPA_EXPERIMENTATION: MetricNetworkRequestExecutionTime: REQUEST_DURATION_SYSTEM='802',REQUEST_DURATION_OKHTTP='35',REQUEST_SYNCHRONOUS='FALSE',RESPONSE_CODE='200',RESPONSE_METHOD='GET',RESPONSE_LENGTH_OKHTTP='1793',RESPONSE_LENGTH_HEADER='1793',REQUEST_PROTOCOL='http/1.1',REQUEST_URL='https://project-travel-mate.herokuapp.com/api/get-city-facts/1',
08-06 01:58:59.962 18522 19189 V EXECUTING: https://project-travel-mate.herokuapp.com/api/get-city-images/1
08-06 01:58:59.989 18522 18535 I art     : Explicit concurrent mark sweep GC freed 1458(160KB) AllocSpace objects, 1(80KB) LOS objects, 26% free, 43MB/59MB, paused 707us total 32.131ms
08-06 01:59:00.005 18522 18535 I art     : Starting a blocking GC Explicit
08-06 01:59:00.038 18522 18535 I art     : Explicit concurrent mark sweep GC freed 220(5KB) AllocSpace objects, 0(0B) LOS objects, 26% free, 43MB/59MB, paused 1.052ms total 31.998ms
08-06 01:59:00.381 18522 18796 I art     : Starting a blocking GC Explicit
08-06 01:59:00.413 18522 18796 I art     : Explicit concurrent mark sweep GC freed 2220(95KB) AllocSpace objects, 2(40KB) LOS objects, 26% free, 43MB/59MB, paused 1.028ms total 32.154ms
08-06 01:59:00.429 18522 18796 I art     : Starting a blocking GC Explicit
08-06 01:59:00.461 18522 18796 I art     : Explicit concurrent mark sweep GC freed 154(3056B) AllocSpace objects, 0(0B) LOS objects, 26% free, 43MB/59MB, paused 816us total 31.548ms
08-06 01:59:00.477 18522 18796 I art     : Starting a blocking GC Explicit
08-06 01:59:00.509 18522 18796 I art     : Explicit concurrent mark sweep GC freed 31(704B) AllocSpace objects, 0(0B) LOS objects, 26% free, 43MB/59MB, paused 896us total 32.073ms
08-06 01:59:00.525 18522 18796 I art     : Starting a blocking GC Explicit
08-06 01:59:00.557 18522 18796 I art     : Explicit concurrent mark sweep GC freed 125(2160B) AllocSpace objects, 0(0B) LOS objects, 26% free, 43MB/59MB, paused 981us total 31.810ms
08-06 01:59:00.573 18522 18796 I art     : Starting a blocking GC Explicit
08-06 01:59:00.606 18522 18796 I art     : Explicit concurrent mark sweep GC freed 29(512B) AllocSpace objects, 0(0B) LOS objects, 26% free, 43MB/59MB, paused 949us total 32.357ms
08-06 01:59:00.675 18522 19201 I NAPPA_EXPERIMENTATION: MetricNetworkRequestExecutionTime: REQUEST_DURATION_SYSTEM='711',REQUEST_DURATION_OKHTTP='32',REQUEST_SYNCHRONOUS='FALSE',RESPONSE_CODE='200',RESPONSE_METHOD='GET',RESPONSE_LENGTH_OKHTTP='183',RESPONSE_LENGTH_HEADER='183',REQUEST_PROTOCOL='http/1.1',REQUEST_URL='https://project-travel-mate.herokuapp.com/api/get-city-images/1',
08-06 01:59:00.709 18522 19201 V RESPONSE: [{"id":17,"image_url":"https://upload.wikimedia.org/wikipedia/commons/9/94/%E0%B4%96%E0%B5%81%E0%B4%A4%E0%B5%8D%E0%B4%AC%E0%B5%8D_%E0%B4%AE%E0%B4%BF%E0%B4%A8%E0%B4%BE%E0%B5%BC1.jpg"}]
08-06 01:59:01.002 18522 18796 I art     : Starting a blocking GC Explicit
08-06 01:59:01.049 18522 18796 I art     : Explicit concurrent mark sweep GC freed 8795(383KB) AllocSpace objects, 6(4MB) LOS objects, 28% free, 39MB/55MB, paused 749us total 45.880ms
08-06 01:59:01.068 18522 18796 I art     : Starting a blocking GC Explicit
08-06 01:59:01.103 18522 18796 I art     : Explicit concurrent mark sweep GC freed 1399(129KB) AllocSpace objects, 0(0B) LOS objects, 28% free, 39MB/55MB, paused 669us total 35.567ms
08-06 01:59:01.120 18522 18796 I art     : Starting a blocking GC Explicit
08-06 01:59:01.158 18522 18796 I art     : Explicit concurrent mark sweep GC freed 219(3KB) AllocSpace objects, 0(0B) LOS objects, 28% free, 39MB/55MB, paused 774us total 37.415ms
08-06 01:59:01.174 18522 18796 I art     : Starting a blocking GC Explicit
08-06 01:59:01.211 18522 18796 I art     : Explicit concurrent mark sweep GC freed 220(3KB) AllocSpace objects, 0(0B) LOS objects, 28% free, 39MB/55MB, paused 630us total 36.611ms
08-06 01:59:01.228 18522 18796 I art     : Starting a blocking GC Explicit
08-06 01:59:01.266 18522 18796 I art     : Explicit concurrent mark sweep GC freed 260(4KB) AllocSpace objects, 0(0B) LOS objects, 28% free, 39MB/55MB, paused 861us total 38.085ms
08-06 01:59:01.619 18522 18535 I art     : Starting a blocking GC Explicit
08-06 01:59:01.660 18522 18535 I art     : Explicit concurrent mark sweep GC freed 3116(110KB) AllocSpace objects, 2(40KB) LOS objects, 28% free, 39MB/55MB, paused 702us total 39.893ms
08-06 01:59:01.681 18522 18535 I art     : Starting a blocking GC Explicit
08-06 01:59:01.717 18522 18535 I art     : Explicit concurrent mark sweep GC freed 308(5KB) AllocSpace objects, 0(0B) LOS objects, 28% free, 39MB/55MB, paused 744us total 35.887ms
08-06 01:59:01.734 18522 18535 I art     : Starting a blocking GC Explicit
08-06 01:59:01.771 18522 18535 I art     : Explicit concurrent mark sweep GC freed 221(3KB) AllocSpace objects, 0(0B) LOS objects, 28% free, 39MB/55MB, paused 710us total 36.498ms
08-06 01:59:01.787 18522 18535 I art     : Starting a blocking GC Explicit
08-06 01:59:01.823 18522 18535 I art     : Explicit concurrent mark sweep GC freed 211(3KB) AllocSpace objects, 0(0B) LOS objects, 28% free, 39MB/55MB, paused 739us total 35.346ms
08-06 01:59:01.823 18522 18533 I art     : WaitForGcToComplete blocked for 30.272ms for cause HeapTrim
08-06 01:59:01.839 18522 18535 I art     : Starting a blocking GC Explicit
08-06 01:59:01.876 18522 18535 I art     : Explicit concurrent mark sweep GC freed 227(3KB) AllocSpace objects, 0(0B) LOS objects, 28% free, 39MB/55MB, paused 716us total 36.314ms
08-06 01:59:01.942 19223 19223 D AndroidRuntime: >>>>>> START com.android.internal.os.RuntimeInit uid 2000 <<<<<<
08-06 01:59:01.948 19223 19223 D AndroidRuntime: CheckJNI is OFF
08-06 01:59:01.991 19223 19223 D ICU     : No timezone override file found: /data/misc/zoneinfo/current/icu/icu_tzdata.dat
08-06 01:59:02.035 19223 19223 I Radio-JNI: register_android_hardware_Radio DONE
08-06 01:59:02.064 19223 19223 D AndroidRuntime: Calling main entry com.android.commands.input.Input
08-06 01:59:02.066 19223 19223 I Input   : injectKeyEvent: KeyEvent { action=ACTION_DOWN, keyCode=KEYCODE_BACK, scanCode=0, metaState=0, flags=0x0, repeatCount=0, eventTime=842358479, downTime=842358479, deviceId=-1, source=0x101 }
08-06 01:59:02.077 19223 19223 I Input   : injectKeyEvent: KeyEvent { action=ACTION_UP, keyCode=KEYCODE_BACK, scanCode=0, metaState=0, flags=0x0, repeatCount=0, eventTime=842358479, downTime=842358479, deviceId=-1, source=0x101 }
08-06 01:59:02.087 19223 19223 D AndroidRuntime: Shutting down VM
08-06 01:59:02.124 13866 13866 I GoogleInputMethodServic: GoogleInputMethodService.onFinishInput():3138 
08-06 01:59:02.125 13866 13866 I GoogleInputMethodServic: GoogleInputMethodService.onStartInput():1808 
08-06 01:59:02.259 18522 18540 I art     : Starting a blocking GC Explicit
08-06 01:59:02.309 18522 18540 I art     : Explicit concurrent mark sweep GC freed 3321(116KB) AllocSpace objects, 2(40KB) LOS objects, 28% free, 39MB/55MB, paused 889us total 49.265ms
08-06 01:59:02.325 18522 18540 I art     : Starting a blocking GC Explicit
08-06 01:59:02.362 18522 18540 I art     : Explicit concurrent mark sweep GC freed 243(4KB) AllocSpace objects, 0(0B) LOS objects, 28% free, 39MB/55MB, paused 700us total 36.556ms
08-06 01:59:02.379 18522 18540 I art     : Starting a blocking GC Explicit
08-06 01:59:02.418 18522 18540 I art     : Explicit concurrent mark sweep GC freed 286(4KB) AllocSpace objects, 0(0B) LOS objects, 28% free, 39MB/55MB, paused 820us total 38.500ms
08-06 01:59:02.428   380   380 W SurfaceFlinger: couldn't log to binary event log: overflow.
08-06 01:59:02.435 18522 18540 I art     : Starting a blocking GC Explicit
08-06 01:59:02.467 18522 18540 I art     : Explicit concurrent mark sweep GC freed 945(38KB) AllocSpace objects, 3(644KB) LOS objects, 29% free, 39MB/55MB, paused 643us total 32.417ms
08-06 01:59:02.483 18522 18540 I art     : Starting a blocking GC Explicit
08-06 01:59:02.515 18522 18540 I art     : Explicit concurrent mark sweep GC freed 5570(268KB) AllocSpace objects, 1(28KB) LOS objects, 29% free, 38MB/54MB, paused 679us total 31.970ms
08-06 01:59:02.881 18522 18796 I art     : Starting a blocking GC Explicit
08-06 01:59:02.917 18522 18796 I art     : Explicit concurrent mark sweep GC freed 2604(102KB) AllocSpace objects, 2(40KB) LOS objects, 29% free, 38MB/54MB, paused 680us total 35.759ms
08-06 01:59:02.935 18522 18796 I art     : Starting a blocking GC Explicit
08-06 01:59:02.968 18522 18796 I art     : Explicit concurrent mark sweep GC freed 182(3KB) AllocSpace objects, 0(0B) LOS objects, 29% free, 38MB/54MB, paused 680us total 32.431ms
08-06 01:59:02.984 18522 18796 I art     : Starting a blocking GC Explicit
08-06 01:59:03.017 18522 18796 I art     : Explicit concurrent mark sweep GC freed 147(2496B) AllocSpace objects, 0(0B) LOS objects, 29% free, 38MB/54MB, paused 660us total 32.603ms
08-06 01:59:03.033 18522 18796 I art     : Starting a blocking GC Explicit
08-06 01:59:03.067 18522 18796 I art     : Explicit concurrent mark sweep GC freed 147(2496B) AllocSpace objects, 0(0B) LOS objects, 29% free, 38MB/54MB, paused 740us total 33.425ms
08-06 01:59:03.083 18522 18796 I art     : Starting a blocking GC Explicit
08-06 01:59:03.116 18522 18796 I art     : Explicit concurrent mark sweep GC freed 146(2464B) AllocSpace objects, 0(0B) LOS objects, 29% free, 38MB/54MB, paused 681us total 32.730ms
08-06 01:59:03.474 18522 18534 I art     : Starting a blocking GC Explicit
08-06 01:59:03.509 18522 18534 I art     : Explicit concurrent mark sweep GC freed 2533(101KB) AllocSpace objects, 2(40KB) LOS objects, 29% free, 38MB/54MB, paused 689us total 35.036ms
08-06 01:59:03.527 18522 18534 I art     : Starting a blocking GC Explicit
08-06 01:59:03.560 18522 18534 I art     : Explicit concurrent mark sweep GC freed 166(3KB) AllocSpace objects, 0(0B) LOS objects, 29% free, 38MB/54MB, paused 665us total 33.075ms
08-06 01:59:03.576 18522 18534 I art     : Starting a blocking GC Explicit
08-06 01:59:03.609 18522 18534 I art     : Explicit concurrent mark sweep GC freed 147(2496B) AllocSpace objects, 0(0B) LOS objects, 29% free, 38MB/54MB, paused 655us total 32.551ms
08-06 01:59:03.625 18522 18534 I art     : Starting a blocking GC Explicit
08-06 01:59:03.658 18522 18534 I art     : Explicit concurrent mark sweep GC freed 147(2496B) AllocSpace objects, 0(0B) LOS objects, 29% free, 38MB/54MB, paused 672us total 32.237ms
08-06 01:59:03.673 18522 18534 I art     : Starting a blocking GC Explicit
08-06 01:59:03.705 18522 18534 I art     : Explicit concurrent mark sweep GC freed 147(2496B) AllocSpace objects, 0(0B) LOS objects, 29% free, 38MB/54MB, paused 638us total 31.554ms
08-06 01:59:03.878 19273 19273 D AndroidRuntime: >>>>>> START com.android.internal.os.RuntimeInit uid 2000 <<<<<<
08-06 01:59:03.884 19273 19273 D AndroidRuntime: CheckJNI is OFF
08-06 01:59:03.924 19273 19273 D ICU     : No timezone override file found: /data/misc/zoneinfo/current/icu/icu_tzdata.dat
08-06 01:59:03.965 19273 19273 I Radio-JNI: register_android_hardware_Radio DONE
08-06 01:59:03.993 19273 19273 D AndroidRuntime: Calling main entry com.android.commands.input.Input
08-06 01:59:03.995 19273 19273 I Input   : injectMotionEvent: MotionEvent { action=ACTION_DOWN, actionButton=0, id[0]=0, x[0]=693.0, y[0]=1450.0, toolType[0]=TOOL_TYPE_UNKNOWN, buttonState=0, metaState=0, flags=0x0, edgeFlags=0x0, pointerCount=1, historySize=0, eventTime=842360408, downTime=842360408, deviceId=0, source=0x1002 }
08-06 01:59:04.000 19273 19273 I Input   : injectMotionEvent: MotionEvent { action=ACTION_UP, actionButton=0, id[0]=0, x[0]=693.0, y[0]=1450.0, toolType[0]=TOOL_TYPE_UNKNOWN, buttonState=0, metaState=0, flags=0x0, edgeFlags=0x0, pointerCount=1, historySize=0, eventTime=842360408, downTime=842360408, deviceId=0, source=0x1002 }
08-06 01:59:04.002 19273 19273 D AndroidRuntime: Shutting down VM
08-06 01:59:04.002   918  5481 I ActivityManager: START u0 {cmp=baseline.io.github.project_travel_mate/.destinations.description.CityHistoryActivity} from uid 10696 on display 0
08-06 01:59:04.004   512  2967 D audio_hw_primary: out_set_parameters: enter: usecase(1: low-latency-playback) kvpairs: routing=2
08-06 01:59:04.017   512  2967 D audio_hw_primary: select_devices: out_snd_device(2: speaker) in_snd_device(0: none)
08-06 01:59:04.017   512  2967 D msm8974_platform: platform_send_audio_calibration: sending audio calibration for snd_device(2) acdb_id(15)
08-06 01:59:04.018   512  2967 I soundtrigger: audio_extn_sound_trigger_update_device_status: device 0x2 of type 0 for Event 1
08-06 01:59:04.029   512  2967 D audio_hw_primary: enable_snd_device: snd_device(2: speaker)
08-06 01:59:04.031   512  2967 D audio_hw_primary: enable_audio_route: apply and update mixer path: low-latency-playback speaker
08-06 01:59:04.031 18522 18592 D Gabe    : call	returning from cache
08-06 01:59:04.033 18522 18522 V EXECUTING: https://project-travel-mate.herokuapp.com/api/get-city-information/1
08-06 01:59:04.087 18522 18534 I art     : Starting a blocking GC Explicit
08-06 01:59:04.125 18522 18534 I art     : Explicit concurrent mark sweep GC freed 3396(158KB) AllocSpace objects, 2(40KB) LOS objects, 27% free, 43MB/59MB, paused 1.179ms total 37.474ms
08-06 01:59:04.142 18522 18534 I art     : Starting a blocking GC Explicit
08-06 01:59:04.175 18522 18534 I art     : Explicit concurrent mark sweep GC freed 252(12KB) AllocSpace objects, 0(0B) LOS objects, 26% free, 43MB/59MB, paused 741us total 32.781ms
08-06 01:59:04.193 18522 18534 I art     : Starting a blocking GC Explicit
08-06 01:59:04.197   918   936 I ActivityManager: Displayed baseline.io.github.project_travel_mate/.destinations.description.CityHistoryActivity: +187ms
08-06 01:59:04.201 13866 13866 I GoogleInputMethodServic: GoogleInputMethodService.onFinishInput():3138 
08-06 01:59:04.202 13866 13866 I GoogleInputMethodServic: GoogleInputMethodService.onStartInput():1808 
08-06 01:59:04.226 18522 18534 I art     : Explicit concurrent mark sweep GC freed 142(3KB) AllocSpace objects, 0(0B) LOS objects, 26% free, 43MB/59MB, paused 918us total 32.568ms
08-06 01:59:04.243 18522 18534 I art     : Starting a blocking GC Explicit
08-06 01:59:04.280 18522 18534 I art     : Explicit concurrent mark sweep GC freed 23(448B) AllocSpace objects, 0(0B) LOS objects, 26% free, 43MB/59MB, paused 914us total 35.522ms
08-06 01:59:04.298 18522 18534 I art     : Starting a blocking GC Explicit
08-06 01:59:04.329 18522 18534 I art     : Explicit concurrent mark sweep GC freed 222(3KB) AllocSpace objects, 0(0B) LOS objects, 26% free, 43MB/59MB, paused 719us total 30.729ms
08-06 01:59:04.454   380   380 W SurfaceFlinger: couldn't log to binary event log: overflow.
08-06 01:59:04.569   512  2967 D audio_hw_primary: disable_audio_route: reset and update mixer path: low-latency-playback speaker
08-06 01:59:04.571   512  2967 D audio_hw_primary: disable_snd_device: snd_device(2: speaker)
08-06 01:59:04.579   512  2967 I soundtrigger: audio_extn_sound_trigger_update_device_status: device 0x2 of type 0 for Event 0
08-06 01:59:04.691 18522 18796 I art     : Starting a blocking GC Explicit
08-06 01:59:04.724 18522 18796 I art     : Explicit concurrent mark sweep GC freed 2844(108KB) AllocSpace objects, 2(40KB) LOS objects, 26% free, 43MB/59MB, paused 871us total 32.650ms
08-06 01:59:04.740 18522 18796 I art     : Starting a blocking GC Explicit
08-06 01:59:04.774 18522 18796 I art     : Explicit concurrent mark sweep GC freed 44(1200B) AllocSpace objects, 0(0B) LOS objects, 26% free, 43MB/59MB, paused 955us total 33.165ms
08-06 01:59:04.789 18522 18796 I art     : Starting a blocking GC Explicit
08-06 01:59:04.823 18522 18796 I art     : Explicit concurrent mark sweep GC freed 959(65KB) AllocSpace objects, 2(120KB) LOS objects, 26% free, 43MB/59MB, paused 1.185ms total 33.738ms
08-06 01:59:04.839 18522 18796 I art     : Starting a blocking GC Explicit
08-06 01:59:04.874 18522 18796 I art     : Explicit concurrent mark sweep GC freed 2324(127KB) AllocSpace objects, 1(80KB) LOS objects, 26% free, 43MB/59MB, paused 915us total 33.917ms
08-06 01:59:04.874 18522 19301 I NAPPA_EXPERIMENTATION: MetricNetworkRequestExecutionTime: REQUEST_DURATION_SYSTEM='840',REQUEST_DURATION_OKHTTP='32',REQUEST_SYNCHRONOUS='FALSE',RESPONSE_CODE='200',RESPONSE_METHOD='GET',RESPONSE_LENGTH_OKHTTP='55024',RESPONSE_LENGTH_HEADER='55024',REQUEST_PROTOCOL='http/1.1',REQUEST_URL='https://project-travel-mate.herokuapp.com/api/get-city-information/1',
08-06 01:59:04.890 18522 18796 I art     : Starting a blocking GC Explicit
08-06 01:59:04.923 18522 18796 I art     : Explicit concurrent mark sweep GC freed 830(76KB) AllocSpace objects, 3(272KB) LOS objects, 26% free, 43MB/59MB, paused 1.020ms total 32.705ms
08-06 01:59:05.019 13866 13866 I GoogleInputMethodServic: GoogleInputMethodService.onFinishInput():3138 
08-06 01:59:05.020 13866 13866 I GoogleInputMethodServic: GoogleInputMethodService.onStartInput():1808 
08-06 01:59:05.287 18522 18540 I art     : Starting a blocking GC Explicit
08-06 01:59:05.331 18522 18540 I art     : Explicit concurrent mark sweep GC freed 4154(1316KB) AllocSpace objects, 19(4MB) LOS objects, 28% free, 39MB/55MB, paused 717us total 42.928ms
08-06 01:59:05.347 18522 18540 I art     : Starting a blocking GC Explicit
08-06 01:59:05.382 18522 18540 I art     : Explicit concurrent mark sweep GC freed 283(6KB) AllocSpace objects, 0(0B) LOS objects, 28% free, 39MB/55MB, paused 693us total 34.808ms
08-06 01:59:05.398 18522 18540 I art     : Starting a blocking GC Explicit
08-06 01:59:05.434 18522 18540 I art     : Explicit concurrent mark sweep GC freed 227(3KB) AllocSpace objects, 0(0B) LOS objects, 28% free, 39MB/55MB, paused 816us total 35.811ms
08-06 01:59:05.451 18522 18540 I art     : Starting a blocking GC Explicit
08-06 01:59:05.487 18522 18540 I art     : Explicit concurrent mark sweep GC freed 282(4KB) AllocSpace objects, 0(0B) LOS objects, 28% free, 39MB/55MB, paused 744us total 35.342ms
08-06 01:59:05.503 18522 18540 I art     : Starting a blocking GC Explicit
08-06 01:59:05.539 18522 18540 I art     : Explicit concurrent mark sweep GC freed 220(3KB) AllocSpace objects, 0(0B) LOS objects, 28% free, 39MB/55MB, paused 714us total 36.176ms
08-06 01:59:05.552   918  3188 I hubconnection: sensorhub said: 'set_bias 3: -6.2400, 0.0000, 0.0000'
08-06 01:59:05.940 18522 18540 I art     : Starting a blocking GC Explicit
08-06 01:59:05.979 18522 18540 I art     : Explicit concurrent mark sweep GC freed 3340(115KB) AllocSpace objects, 2(40KB) LOS objects, 28% free, 39MB/55MB, paused 737us total 39.085ms
08-06 01:59:05.996 18522 18540 I art     : Starting a blocking GC Explicit
08-06 01:59:06.037 18522 18540 I art     : Explicit concurrent mark sweep GC freed 312(5KB) AllocSpace objects, 0(0B) LOS objects, 28% free, 39MB/55MB, paused 868us total 39.980ms
08-06 01:59:06.053 18522 18540 I art     : Starting a blocking GC Explicit
08-06 01:59:06.093 18522 18540 I art     : Explicit concurrent mark sweep GC freed 233(3KB) AllocSpace objects, 0(0B) LOS objects, 28% free, 39MB/55MB, paused 768us total 39.068ms
08-06 01:59:06.110 18522 18540 I art     : Starting a blocking GC Explicit
08-06 01:59:06.150 18522 18540 I art     : Explicit concurrent mark sweep GC freed 219(3KB) AllocSpace objects, 0(0B) LOS objects, 28% free, 39MB/55MB, paused 798us total 40.340ms
08-06 01:59:06.167 18522 18540 I art     : Starting a blocking GC Explicit
08-06 01:59:06.205 18522 18540 I art     : Explicit concurrent mark sweep GC freed 290(4KB) AllocSpace objects, 0(0B) LOS objects, 28% free, 39MB/55MB, paused 732us total 37.717ms
08-06 01:59:06.601 18522 18535 I art     : Starting a blocking GC Explicit
08-06 01:59:06.643 18522 18535 I art     : Explicit concurrent mark sweep GC freed 3300(113KB) AllocSpace objects, 2(40KB) LOS objects, 28% free, 39MB/55MB, paused 748us total 41.713ms
08-06 01:59:06.661 18522 18535 I art     : Starting a blocking GC Explicit
08-06 01:59:06.698 18522 18535 I art     : Explicit concurrent mark sweep GC freed 239(4KB) AllocSpace objects, 0(0B) LOS objects, 28% free, 39MB/55MB, paused 688us total 36.180ms
08-06 01:59:06.715 18522 18535 I art     : Starting a blocking GC Explicit
08-06 01:59:06.753 18522 18535 I art     : Explicit concurrent mark sweep GC freed 275(4KB) AllocSpace objects, 0(0B) LOS objects, 28% free, 39MB/55MB, paused 779us total 38.651ms
08-06 01:59:06.770 18522 18535 I art     : Starting a blocking GC Explicit
08-06 01:59:06.809 18522 18535 I art     : Explicit concurrent mark sweep GC freed 235(3KB) AllocSpace objects, 0(0B) LOS objects, 28% free, 39MB/55MB, paused 724us total 38.814ms
08-06 01:59:06.826 18522 18535 I art     : Starting a blocking GC Explicit
08-06 01:59:06.864 18522 18535 I art     : Explicit concurrent mark sweep GC freed 219(3KB) AllocSpace objects, 0(0B) LOS objects, 28% free, 39MB/55MB, paused 737us total 38.054ms
08-06 01:59:07.275 18522 18534 I art     : Starting a blocking GC Explicit
08-06 01:59:07.315 18522 18534 I art     : Explicit concurrent mark sweep GC freed 3373(114KB) AllocSpace objects, 2(40KB) LOS objects, 28% free, 39MB/55MB, paused 690us total 39.705ms
08-06 01:59:07.332 18522 18534 I art     : Starting a blocking GC Explicit
08-06 01:59:07.371 18522 18534 I art     : Explicit concurrent mark sweep GC freed 291(5KB) AllocSpace objects, 0(0B) LOS objects, 28% free, 39MB/55MB, paused 852us total 38.583ms
08-06 01:59:07.388 18522 18534 I art     : Starting a blocking GC Explicit
08-06 01:59:07.429 18522 18534 I art     : Explicit concurrent mark sweep GC freed 239(3KB) AllocSpace objects, 0(0B) LOS objects, 28% free, 39MB/55MB, paused 690us total 40.629ms
08-06 01:59:07.449 18522 18534 I art     : Starting a blocking GC Explicit
08-06 01:59:07.487 18522 18534 I art     : Explicit concurrent mark sweep GC freed 252(4KB) AllocSpace objects, 0(0B) LOS objects, 28% free, 39MB/55MB, paused 910us total 37.441ms
08-06 01:59:07.504 18522 18534 I art     : Starting a blocking GC Explicit
08-06 01:59:07.543 18522 18534 I art     : Explicit concurrent mark sweep GC freed 258(4KB) AllocSpace objects, 0(0B) LOS objects, 28% free, 39MB/55MB, paused 715us total 39.164ms
08-06 01:59:07.939 18522 18796 I art     : Starting a blocking GC Explicit
08-06 01:59:07.980 18522 18796 I art     : Explicit concurrent mark sweep GC freed 3301(113KB) AllocSpace objects, 2(40KB) LOS objects, 28% free, 39MB/55MB, paused 734us total 40.334ms
08-06 01:59:07.997 18522 18796 I art     : Starting a blocking GC Explicit
08-06 01:59:08.038 18522 18796 I art     : Explicit concurrent mark sweep GC freed 242(4KB) AllocSpace objects, 0(0B) LOS objects, 28% free, 39MB/55MB, paused 975us total 40.388ms
08-06 01:59:08.054 18522 18796 I art     : Starting a blocking GC Explicit
08-06 01:59:08.092 18522 18796 I art     : Explicit concurrent mark sweep GC freed 287(4KB) AllocSpace objects, 0(0B) LOS objects, 28% free, 39MB/55MB, paused 727us total 37.537ms
08-06 01:59:08.109 18522 18796 I art     : Starting a blocking GC Explicit
08-06 01:59:08.150 18522 18796 I art     : Explicit concurrent mark sweep GC freed 219(3KB) AllocSpace objects, 0(0B) LOS objects, 28% free, 39MB/55MB, paused 729us total 40.447ms
08-06 01:59:08.167 18522 18796 I art     : Starting a blocking GC Explicit
08-06 01:59:08.207 18522 18796 I art     : Explicit concurrent mark sweep GC freed 290(4KB) AllocSpace objects, 0(0B) LOS objects, 28% free, 39MB/55MB, paused 724us total 39.046ms
08-06 01:59:08.564 18522 18540 I art     : Starting a blocking GC Explicit
08-06 01:59:08.602 18522 18540 I art     : Explicit concurrent mark sweep GC freed 3085(110KB) AllocSpace objects, 2(40KB) LOS objects, 28% free, 39MB/55MB, paused 747us total 38.418ms
08-06 01:59:08.619 18522 18540 I art     : Starting a blocking GC Explicit
08-06 01:59:08.658 18522 18540 I art     : Explicit concurrent mark sweep GC freed 285(5KB) AllocSpace objects, 0(0B) LOS objects, 28% free, 39MB/55MB, paused 880us total 38.985ms
08-06 01:59:08.675 18522 18540 I art     : Starting a blocking GC Explicit
08-06 01:59:08.712 18522 18540 I art     : Explicit concurrent mark sweep GC freed 261(4KB) AllocSpace objects, 0(0B) LOS objects, 28% free, 39MB/55MB, paused 738us total 37.124ms
08-06 01:59:08.729 18522 18540 I art     : Starting a blocking GC Explicit
08-06 01:59:08.766 18522 18540 I art     : Explicit concurrent mark sweep GC freed 224(3KB) AllocSpace objects, 0(0B) LOS objects, 28% free, 39MB/55MB, paused 698us total 37.223ms
08-06 01:59:08.783 18522 18540 I art     : Starting a blocking GC Explicit
08-06 01:59:08.815 19363 19363 D AndroidRuntime: >>>>>> START com.android.internal.os.RuntimeInit uid 2000 <<<<<<
08-06 01:59:08.820 18522 18540 I art     : Explicit concurrent mark sweep GC freed 219(3KB) AllocSpace objects, 0(0B) LOS objects, 28% free, 39MB/55MB, paused 707us total 37.146ms
08-06 01:59:08.821 19363 19363 D AndroidRuntime: CheckJNI is OFF
08-06 01:59:08.865 19363 19363 D ICU     : No timezone override file found: /data/misc/zoneinfo/current/icu/icu_tzdata.dat
08-06 01:59:08.909 19363 19363 I Radio-JNI: register_android_hardware_Radio DONE
08-06 01:59:08.939 19363 19363 D AndroidRuntime: Calling main entry com.android.commands.input.Input
08-06 01:59:08.941 19363 19363 I Input   : injectKeyEvent: KeyEvent { action=ACTION_DOWN, keyCode=KEYCODE_BACK, scanCode=0, metaState=0, flags=0x0, repeatCount=0, eventTime=842365354, downTime=842365354, deviceId=-1, source=0x101 }
08-06 01:59:08.949 19363 19363 I Input   : injectKeyEvent: KeyEvent { action=ACTION_UP, keyCode=KEYCODE_BACK, scanCode=0, metaState=0, flags=0x0, repeatCount=0, eventTime=842365354, downTime=842365354, deviceId=-1, source=0x101 }
08-06 01:59:08.954 19363 19363 D AndroidRuntime: Shutting down VM
08-06 01:59:08.998 13866 13866 I GoogleInputMethodServic: GoogleInputMethodService.onFinishInput():3138 
08-06 01:59:08.998 13866 13866 I GoogleInputMethodServic: GoogleInputMethodService.onStartInput():1808 
08-06 01:59:09.174 18522 18535 I art     : Starting a blocking GC Explicit
08-06 01:59:09.176 12075 12075 I ServiceManager: Waiting for service AtCmdFwd...
08-06 01:59:09.216 18522 18535 I art     : Explicit concurrent mark sweep GC freed 3258(115KB) AllocSpace objects, 2(40KB) LOS objects, 28% free, 39MB/55MB, paused 706us total 41.127ms
08-06 01:59:09.233 18522 18535 I art     : Starting a blocking GC Explicit
08-06 01:59:09.276 18522 18535 I art     : Explicit concurrent mark sweep GC freed 313(5KB) AllocSpace objects, 0(0B) LOS objects, 28% free, 39MB/55MB, paused 842us total 42.575ms
08-06 01:59:09.294 18522 18535 I art     : Starting a blocking GC Explicit
08-06 01:59:09.303   380   380 W SurfaceFlinger: couldn't log to binary event log: overflow.
08-06 01:59:09.329 18522 18535 I art     : Explicit concurrent mark sweep GC freed 218(4KB) AllocSpace objects, 1(176KB) LOS objects, 28% free, 39MB/55MB, paused 651us total 33.813ms
08-06 01:59:09.344 18522 18535 I art     : Starting a blocking GC Explicit
08-06 01:59:09.379 18522 18535 I art     : Explicit concurrent mark sweep GC freed 159(3KB) AllocSpace objects, 1(188KB) LOS objects, 28% free, 39MB/55MB, paused 776us total 34.223ms
08-06 01:59:09.394 18522 18535 I art     : Starting a blocking GC Explicit
08-06 01:59:09.429 18522 18535 I art     : Explicit concurrent mark sweep GC freed 4839(341KB) AllocSpace objects, 7(132KB) LOS objects, 29% free, 38MB/54MB, paused 730us total 34.029ms
08-06 01:59:09.794 18522 18540 I art     : Starting a blocking GC Explicit
08-06 01:59:09.831 18522 18540 I art     : Explicit concurrent mark sweep GC freed 2580(101KB) AllocSpace objects, 2(40KB) LOS objects, 29% free, 38MB/54MB, paused 703us total 36.906ms
08-06 01:59:09.850 18522 18540 I art     : Starting a blocking GC Explicit
08-06 01:59:09.884 18522 18540 I art     : Explicit concurrent mark sweep GC freed 166(3KB) AllocSpace objects, 0(0B) LOS objects, 29% free, 38MB/54MB, paused 682us total 32.900ms
08-06 01:59:09.899 18522 18540 I art     : Starting a blocking GC Explicit
08-06 01:59:09.932 18522 18540 I art     : Explicit concurrent mark sweep GC freed 147(2496B) AllocSpace objects, 0(0B) LOS objects, 29% free, 38MB/54MB, paused 675us total 32.668ms
08-06 01:59:09.949 18522 18540 I art     : Starting a blocking GC Explicit
08-06 01:59:09.982 18522 18540 I art     : Explicit concurrent mark sweep GC freed 147(2496B) AllocSpace objects, 0(0B) LOS objects, 29% free, 38MB/54MB, paused 686us total 33.137ms
08-06 01:59:09.998 18522 18540 I art     : Starting a blocking GC Explicit
08-06 01:59:10.032 18522 18540 I art     : Explicit concurrent mark sweep GC freed 147(2496B) AllocSpace objects, 0(0B) LOS objects, 29% free, 38MB/54MB, paused 693us total 33.085ms
08-06 01:59:10.177 12075 12075 I ServiceManager: Waiting for service AtCmdFwd...
08-06 01:59:10.381 18522 18796 I art     : Starting a blocking GC Explicit
08-06 01:59:10.416 18522 18796 I art     : Explicit concurrent mark sweep GC freed 2532(101KB) AllocSpace objects, 2(40KB) LOS objects, 29% free, 38MB/54MB, paused 698us total 34.339ms
08-06 01:59:10.432 18522 18796 I art     : Starting a blocking GC Explicit
08-06 01:59:10.466 18522 18796 I art     : Explicit concurrent mark sweep GC freed 167(3KB) AllocSpace objects, 0(0B) LOS objects, 29% free, 38MB/54MB, paused 691us total 33.528ms
08-06 01:59:10.482 18522 18796 I art     : Starting a blocking GC Explicit
08-06 01:59:10.515 18522 18796 I art     : Explicit concurrent mark sweep GC freed 147(2496B) AllocSpace objects, 0(0B) LOS objects, 29% free, 38MB/54MB, paused 706us total 33.351ms
08-06 01:59:10.531 18522 18796 I art     : Starting a blocking GC Explicit
08-06 01:59:10.565 18522 18796 I art     : Explicit concurrent mark sweep GC freed 147(2496B) AllocSpace objects, 0(0B) LOS objects, 29% free, 38MB/54MB, paused 706us total 33.455ms
08-06 01:59:10.581 18522 18796 I art     : Starting a blocking GC Explicit
08-06 01:59:10.617 18522 18796 I art     : Explicit concurrent mark sweep GC freed 147(2496B) AllocSpace objects, 0(0B) LOS objects, 29% free, 38MB/54MB, paused 791us total 35.651ms
08-06 01:59:10.739 19409 19409 D AndroidRuntime: >>>>>> START com.android.internal.os.RuntimeInit uid 2000 <<<<<<
08-06 01:59:10.746 19409 19409 D AndroidRuntime: CheckJNI is OFF
08-06 01:59:10.787 19409 19409 D ICU     : No timezone override file found: /data/misc/zoneinfo/current/icu/icu_tzdata.dat
08-06 01:59:10.829 19409 19409 I Radio-JNI: register_android_hardware_Radio DONE
08-06 01:59:10.858 19409 19409 D AndroidRuntime: Calling main entry com.android.commands.input.Input
08-06 01:59:10.860 19409 19409 I Input   : injectKeyEvent: KeyEvent { action=ACTION_DOWN, keyCode=KEYCODE_BACK, scanCode=0, metaState=0, flags=0x0, repeatCount=0, eventTime=842367273, downTime=842367273, deviceId=-1, source=0x101 }
08-06 01:59:10.865 19409 19409 I Input   : injectKeyEvent: KeyEvent { action=ACTION_UP, keyCode=KEYCODE_BACK, scanCode=0, metaState=0, flags=0x0, repeatCount=0, eventTime=842367273, downTime=842367273, deviceId=-1, source=0x101 }
08-06 01:59:10.874 19409 19409 D AndroidRuntime: Shutting down VM
08-06 01:59:10.891 18522 18522 V MainActivity: url = https://project-travel-mate.herokuapp.com/api/number-of-unread-notifications
08-06 01:59:10.924 13866 13866 I GoogleInputMethodServic: GoogleInputMethodService.onFinishInput():3138 
08-06 01:59:10.924 13866 13866 I GoogleInputMethodServic: GoogleInputMethodService.onStartInput():1808 
08-06 01:59:11.010 18522 18540 I art     : Starting a blocking GC Explicit
08-06 01:59:11.041 18522 18540 I art     : Explicit concurrent mark sweep GC freed 3175(127KB) AllocSpace objects, 2(40KB) LOS objects, 29% free, 38MB/54MB, paused 781us total 30.569ms
08-06 01:59:11.057 18522 18540 I art     : Starting a blocking GC Explicit
08-06 01:59:11.093 18522 18540 I art     : Explicit concurrent mark sweep GC freed 241(5KB) AllocSpace objects, 0(0B) LOS objects, 29% free, 38MB/54MB, paused 997us total 35.561ms
08-06 01:59:11.113 18522 18540 I art     : Starting a blocking GC Explicit
08-06 01:59:11.154 18522 18540 I art     : Explicit concurrent mark sweep GC freed 166(3KB) AllocSpace objects, 0(0B) LOS objects, 29% free, 38MB/54MB, paused 751us total 40.796ms
08-06 01:59:11.174 18522 18540 I art     : Starting a blocking GC Explicit
08-06 01:59:11.177 12075 12075 I ServiceManager: Waiting for service AtCmdFwd...
08-06 01:59:11.213 18522 18540 I art     : Explicit concurrent mark sweep GC freed 197(3KB) AllocSpace objects, 0(0B) LOS objects, 29% free, 38MB/54MB, paused 696us total 38.286ms
08-06 01:59:11.230 18522 18540 I art     : Starting a blocking GC Explicit
08-06 01:59:11.265 18522 18540 I art     : Explicit concurrent mark sweep GC freed 120(2592B) AllocSpace objects, 0(0B) LOS objects, 29% free, 38MB/54MB, paused 779us total 34.548ms
08-06 01:59:11.534 18522 19441 I NAPPA_EXPERIMENTATION: MetricNetworkRequestExecutionTime: REQUEST_DURATION_SYSTEM='642',REQUEST_DURATION_OKHTTP='33',REQUEST_SYNCHRONOUS='FALSE',RESPONSE_CODE='200',RESPONSE_METHOD='GET',RESPONSE_LENGTH_OKHTTP='36',RESPONSE_LENGTH_HEADER='36',REQUEST_PROTOCOL='http/1.1',REQUEST_URL='https://project-travel-mate.herokuapp.com/api/number-of-unread-notifications',
08-06 01:59:11.639 18522 18796 I art     : Starting a blocking GC Explicit
08-06 01:59:11.680 18522 18796 I art     : Explicit concurrent mark sweep GC freed 4975(248KB) AllocSpace objects, 5(240KB) LOS objects, 29% free, 39MB/55MB, paused 822us total 40.951ms
08-06 01:59:11.696 18522 18796 I art     : Starting a blocking GC Explicit
08-06 01:59:11.729 18522 18796 I art     : Explicit concurrent mark sweep GC freed 1040(118KB) AllocSpace objects, 0(0B) LOS objects, 29% free, 39MB/55MB, paused 741us total 32.589ms
08-06 01:59:11.745 18522 18796 I art     : Starting a blocking GC Explicit
08-06 01:59:11.780 18522 18796 I art     : Explicit concurrent mark sweep GC freed 75(1296B) AllocSpace objects, 0(0B) LOS objects, 29% free, 39MB/55MB, paused 755us total 35.483ms
08-06 01:59:11.797 18522 18796 I art     : Starting a blocking GC Explicit
08-06 01:59:11.833 18522 18796 I art     : Explicit concurrent mark sweep GC freed 75(1296B) AllocSpace objects, 0(0B) LOS objects, 29% free, 39MB/55MB, paused 767us total 35.528ms
08-06 01:59:11.849 18522 18796 I art     : Starting a blocking GC Explicit
08-06 01:59:11.885 18522 18796 I art     : Explicit concurrent mark sweep GC freed 75(1296B) AllocSpace objects, 0(0B) LOS objects, 29% free, 39MB/55MB, paused 709us total 35.578ms
08-06 01:59:12.178 12075 12075 I ServiceManager: Waiting for service AtCmdFwd...
08-06 01:59:12.247 18522 18534 I art     : Starting a blocking GC Explicit
08-06 01:59:12.284 18522 18534 I art     : Explicit concurrent mark sweep GC freed 2004(92KB) AllocSpace objects, 2(40KB) LOS objects, 29% free, 39MB/55MB, paused 750us total 36.522ms
08-06 01:59:12.300 18522 18534 I art     : Starting a blocking GC Explicit
08-06 01:59:12.333 18522 18534 I art     : Explicit concurrent mark sweep GC freed 94(1984B) AllocSpace objects, 0(0B) LOS objects, 29% free, 39MB/55MB, paused 760us total 33.288ms
08-06 01:59:12.333 18522 18533 I art     : WaitForGcToComplete blocked for 17.635ms for cause HeapTrim
08-06 01:59:12.349 18522 18534 I art     : Starting a blocking GC Explicit
08-06 01:59:12.383 18522 18534 I art     : Explicit concurrent mark sweep GC freed 75(1296B) AllocSpace objects, 0(0B) LOS objects, 29% free, 39MB/55MB, paused 789us total 33.630ms
08-06 01:59:12.399 18522 18534 I art     : Starting a blocking GC Explicit
08-06 01:59:12.433 18522 18534 I art     : Explicit concurrent mark sweep GC freed 75(1296B) AllocSpace objects, 0(0B) LOS objects, 29% free, 39MB/55MB, paused 740us total 33.791ms
08-06 01:59:12.449 18522 18534 I art     : Starting a blocking GC Explicit
08-06 01:59:12.484 18522 18534 I art     : Explicit concurrent mark sweep GC freed 75(1296B) AllocSpace objects, 0(0B) LOS objects, 29% free, 39MB/55MB, paused 805us total 34.694ms
08-06 01:59:12.661 19464 19464 D AndroidRuntime: >>>>>> START com.android.internal.os.RuntimeInit uid 2000 <<<<<<
08-06 01:59:12.668 19464 19464 D AndroidRuntime: CheckJNI is OFF
08-06 01:59:12.709 19464 19464 D ICU     : No timezone override file found: /data/misc/zoneinfo/current/icu/icu_tzdata.dat
08-06 01:59:12.750 19464 19464 I Radio-JNI: register_android_hardware_Radio DONE
08-06 01:59:12.778 19464 19464 D AndroidRuntime: Calling main entry com.android.commands.input.Input
08-06 01:59:12.781 19464 19464 I Input   : injectMotionEvent: MotionEvent { action=ACTION_DOWN, actionButton=0, id[0]=0, x[0]=346.0, y[0]=709.0, toolType[0]=TOOL_TYPE_UNKNOWN, buttonState=0, metaState=0, flags=0x0, edgeFlags=0x0, pointerCount=1, historySize=0, eventTime=842369193, downTime=842369193, deviceId=0, source=0x1002 }
08-06 01:59:12.786 19464 19464 I Input   : injectMotionEvent: MotionEvent { action=ACTION_UP, actionButton=0, id[0]=0, x[0]=346.0, y[0]=709.0, toolType[0]=TOOL_TYPE_UNKNOWN, buttonState=0, metaState=0, flags=0x0, edgeFlags=0x0, pointerCount=1, historySize=0, eventTime=842369193, downTime=842369193, deviceId=0, source=0x1002 }
08-06 01:59:12.795   918  3359 I ActivityManager: START u0 {cmp=baseline.io.github.project_travel_mate/.destinations.description.FinalCityInfoActivity (has extras)} from uid 10696 on display 0
08-06 01:59:12.801 19464 19464 D AndroidRuntime: Shutting down VM
08-06 01:59:12.822 18522 18592 D Gabe    : call	returning from cache
08-06 01:59:12.849 18522 18522 V EXECUTING: https://project-travel-mate.herokuapp.com/api/get-city-weather/1
08-06 01:59:12.868 18522 18535 I art     : Starting a blocking GC Explicit
08-06 01:59:12.907 18522 18535 I art     : Explicit concurrent mark sweep GC freed 6690(429KB) AllocSpace objects, 2(40KB) LOS objects, 28% free, 39MB/55MB, paused 1.430ms total 38.576ms
08-06 01:59:12.923 18522 18535 I art     : Starting a blocking GC Explicit
08-06 01:59:12.961 18522 18535 I art     : Explicit concurrent mark sweep GC freed 1067(43KB) AllocSpace objects, 0(0B) LOS objects, 26% free, 43MB/59MB, paused 1.129ms total 37.439ms
08-06 01:59:12.979 18522 18535 I art     : Starting a blocking GC Explicit
08-06 01:59:13.012 13866 13866 I GoogleInputMethodServic: GoogleInputMethodService.onFinishInput():3138 
08-06 01:59:13.012 13866 13866 I GoogleInputMethodServic: GoogleInputMethodService.onStartInput():1808 
08-06 01:59:13.013 18522 18535 I art     : Explicit concurrent mark sweep GC freed 23(816B) AllocSpace objects, 0(0B) LOS objects, 26% free, 43MB/59MB, paused 902us total 33.801ms
08-06 01:59:13.014   918   936 I ActivityManager: Displayed baseline.io.github.project_travel_mate/.destinations.description.FinalCityInfoActivity: +213ms
08-06 01:59:13.029 18522 18535 I art     : Starting a blocking GC Explicit
08-06 01:59:13.067 18522 18535 I art     : Explicit concurrent mark sweep GC freed 136(2992B) AllocSpace objects, 0(0B) LOS objects, 26% free, 43MB/59MB, paused 1.431ms total 37.799ms
08-06 01:59:13.084 18522 18535 I art     : Starting a blocking GC Explicit
08-06 01:59:13.120 18522 18535 I art     : Explicit concurrent mark sweep GC freed 107(1888B) AllocSpace objects, 0(0B) LOS objects, 26% free, 43MB/59MB, paused 911us total 35.454ms
08-06 01:59:13.178 12075 12075 I ServiceManager: Waiting for service AtCmdFwd...
08-06 01:59:13.241   380   380 W SurfaceFlinger: couldn't log to binary event log: overflow.
08-06 01:59:13.475 18522 18796 I art     : Starting a blocking GC Explicit
08-06 01:59:13.479 18522 19488 I NAPPA_EXPERIMENTATION: MetricNetworkRequestExecutionTime: REQUEST_DURATION_SYSTEM='630',REQUEST_DURATION_OKHTTP='39',REQUEST_SYNCHRONOUS='FALSE',RESPONSE_CODE='200',RESPONSE_METHOD='GET',RESPONSE_LENGTH_OKHTTP='238',RESPONSE_LENGTH_HEADER='238',REQUEST_PROTOCOL='http/1.1',REQUEST_URL='https://project-travel-mate.herokuapp.com/api/get-city-weather/1',
08-06 01:59:13.504 18522 19489 I NAPPA_EXPERIMENTATION: MetricNetworkRequestExecutionTime: REQUEST_DURATION_SYSTEM='653',REQUEST_DURATION_OKHTTP='63',REQUEST_SYNCHRONOUS='FALSE',RESPONSE_CODE='200',RESPONSE_METHOD='GET',RESPONSE_LENGTH_OKHTTP='530',RESPONSE_LENGTH_HEADER='530',REQUEST_PROTOCOL='http/1.1',REQUEST_URL='https://project-travel-mate.herokuapp.com/api/get-city/1',
08-06 01:59:13.514 18522 18796 I art     : Explicit concurrent mark sweep GC freed 7115(329KB) AllocSpace objects, 5(240KB) LOS objects, 26% free, 43MB/59MB, paused 1.075ms total 38.258ms
08-06 01:59:13.530 18522 18796 I art     : Starting a blocking GC Explicit
08-06 01:59:13.539 18522 19489 V Response: {"id":1,"city_name":"Delhi","description":"Delhi, officially the National Capital Territory of Delhi, is the Capital territory of India. During the British Raj, Delhi was part of the province of Punjab and is still historically and culturally connected to the Punjab region.","latitude":"28.613900","longitude":"77.209000","facts_count":6,"images":["https://upload.wikimedia.org/wikipedia/commons/9/94/%E0%B4%96%E0%B5%81%E0%B4%A4%E0%B5%8D%E0%B4%AC%E0%B5%8D_%E0%B4%AE%E0%B4%BF%E0%B4%A8%E0%B4%BE%E0%B5%BC1.jpg"],"has_visited":false}
08-06 01:59:13.565 18522 18796 I art     : Explicit concurrent mark sweep GC freed 1277(134KB) AllocSpace objects, 0(0B) LOS objects, 26% free, 43MB/59MB, paused 815us total 34.866ms
08-06 01:59:13.582 18522 18796 I art     : Starting a blocking GC Explicit
08-06 01:59:13.617 18522 18796 I art     : Explicit concurrent mark sweep GC freed 183(4KB) AllocSpace objects, 0(0B) LOS objects, 26% free, 43MB/59MB, paused 1.251ms total 35.423ms
08-06 01:59:13.634 18522 18796 I art     : Starting a blocking GC Explicit
08-06 01:59:13.669 18522 18796 I art     : Explicit concurrent mark sweep GC freed 1691(92KB) AllocSpace objects, 0(0B) LOS objects, 26% free, 44MB/60MB, paused 1.017ms total 34.814ms
08-06 01:59:13.684 18522 18796 I art     : Starting a blocking GC Explicit
08-06 01:59:13.721 18522 18796 I art     : Explicit concurrent mark sweep GC freed 181(4KB) AllocSpace objects, 1(4MB) LOS objects, 28% free, 39MB/55MB, paused 827us total 36.626ms
08-06 01:59:14.044   918  3261 D WifiStateMachine: starting scan for "H369AA63323"WPA_PSK with 2412,5180
08-06 01:59:14.090 18522 18534 I art     : Starting a blocking GC Explicit
08-06 01:59:14.136 18522 18534 I art     : Explicit concurrent mark sweep GC freed 2634(103KB) AllocSpace objects, 2(40KB) LOS objects, 28% free, 39MB/55MB, paused 841us total 45.620ms
08-06 01:59:14.152 18522 18534 I art     : Starting a blocking GC Explicit
08-06 01:59:14.178 12075 12075 W Atfwd_Sendcmd: AtCmdFwd service not published, waiting... retryCnt : 3
08-06 01:59:14.191 18522 18534 I art     : Explicit concurrent mark sweep GC freed 189(4KB) AllocSpace objects, 0(0B) LOS objects, 28% free, 39MB/55MB, paused 816us total 38.833ms
08-06 01:59:14.209 18522 18534 I art     : Starting a blocking GC Explicit
08-06 01:59:14.247 18522 18534 I art     : Explicit concurrent mark sweep GC freed 198(3KB) AllocSpace objects, 0(0B) LOS objects, 28% free, 39MB/55MB, paused 947us total 38.015ms
08-06 01:59:14.264 18522 18534 I art     : Starting a blocking GC Explicit
08-06 01:59:14.302 18522 18534 I art     : Explicit concurrent mark sweep GC freed 148(2528B) AllocSpace objects, 0(0B) LOS objects, 28% free, 39MB/55MB, paused 831us total 38.052ms
08-06 01:59:14.319 18522 18534 I art     : Starting a blocking GC Explicit
08-06 01:59:14.359 18522 18534 I art     : Explicit concurrent mark sweep GC freed 147(2496B) AllocSpace objects, 0(0B) LOS objects, 28% free, 39MB/55MB, paused 862us total 39.552ms
08-06 01:59:14.771 18522 18796 I art     : Starting a blocking GC Explicit
08-06 01:59:14.814 18522 18796 I art     : Explicit concurrent mark sweep GC freed 2767(105KB) AllocSpace objects, 2(40KB) LOS objects, 28% free, 39MB/55MB, paused 959us total 42.648ms
08-06 01:59:14.833 18522 18796 I art     : Starting a blocking GC Explicit
08-06 01:59:14.875 18522 18796 I art     : Explicit concurrent mark sweep GC freed 208(4KB) AllocSpace objects, 0(0B) LOS objects, 28% free, 39MB/55MB, paused 825us total 41.645ms
08-06 01:59:14.891 18522 18796 I art     : Starting a blocking GC Explicit
08-06 01:59:14.931 18522 18796 I art     : Explicit concurrent mark sweep GC freed 194(3KB) AllocSpace objects, 0(0B) LOS objects, 28% free, 39MB/55MB, paused 847us total 39.964ms
08-06 01:59:14.949 18522 18796 I art     : Starting a blocking GC Explicit
08-06 01:59:14.991 18522 18796 I art     : Explicit concurrent mark sweep GC freed 148(2528B) AllocSpace objects, 0(0B) LOS objects, 28% free, 39MB/55MB, paused 761us total 42.261ms
08-06 01:59:15.008 18522 18796 I art     : Starting a blocking GC Explicit
08-06 01:59:15.049 18522 18796 I art     : Explicit concurrent mark sweep GC freed 188(3KB) AllocSpace objects, 0(0B) LOS objects, 28% free, 39MB/55MB, paused 891us total 40.965ms
08-06 01:59:15.441 18522 18540 I art     : Starting a blocking GC Explicit
08-06 01:59:15.485 18522 18540 I art     : Explicit concurrent mark sweep GC freed 2682(103KB) AllocSpace objects, 2(40KB) LOS objects, 28% free, 39MB/55MB, paused 869us total 43.729ms
08-06 01:59:15.506 18522 18540 I art     : Starting a blocking GC Explicit
08-06 01:59:15.546 18522 18540 I art     : Explicit concurrent mark sweep GC freed 183(3KB) AllocSpace objects, 0(0B) LOS objects, 28% free, 39MB/55MB, paused 899us total 39.210ms
08-06 01:59:15.562 18522 18540 I art     : Starting a blocking GC Explicit
08-06 01:59:15.603 18522 18540 I art     : Explicit concurrent mark sweep GC freed 160(2688B) AllocSpace objects, 0(0B) LOS objects, 28% free, 39MB/55MB, paused 906us total 40.317ms
08-06 01:59:15.620 18522 18540 I art     : Starting a blocking GC Explicit
08-06 01:59:15.660 18522 18540 I art     : Explicit concurrent mark sweep GC freed 166(2848B) AllocSpace objects, 0(0B) LOS objects, 28% free, 39MB/55MB, paused 823us total 39.472ms
08-06 01:59:15.677 18522 18540 I art     : Starting a blocking GC Explicit
08-06 01:59:15.717 18522 18540 I art     : Explicit concurrent mark sweep GC freed 194(3KB) AllocSpace objects, 0(0B) LOS objects, 28% free, 39MB/55MB, paused 903us total 40.494ms
08-06 01:59:16.118 18522 18534 I art     : Starting a blocking GC Explicit
08-06 01:59:16.161 18522 18534 I art     : Explicit concurrent mark sweep GC freed 2679(103KB) AllocSpace objects, 2(40KB) LOS objects, 28% free, 39MB/55MB, paused 823us total 43.278ms
08-06 01:59:16.181 18522 18534 I art     : Starting a blocking GC Explicit
08-06 01:59:16.221 18522 18534 I art     : Explicit concurrent mark sweep GC freed 213(3KB) AllocSpace objects, 0(0B) LOS objects, 28% free, 39MB/55MB, paused 833us total 40.111ms
08-06 01:59:16.238 18522 18534 I art     : Starting a blocking GC Explicit
08-06 01:59:16.278 18522 18534 I art     : Explicit concurrent mark sweep GC freed 148(2528B) AllocSpace objects, 0(0B) LOS objects, 28% free, 39MB/55MB, paused 810us total 40.042ms
08-06 01:59:16.295 18522 18534 I art     : Starting a blocking GC Explicit
08-06 01:59:16.336 18522 18534 I art     : Explicit concurrent mark sweep GC freed 194(3KB) AllocSpace objects, 0(0B) LOS objects, 28% free, 39MB/55MB, paused 851us total 40.998ms
08-06 01:59:16.353 18522 18534 I art     : Starting a blocking GC Explicit
08-06 01:59:16.394 18522 18534 I art     : Explicit concurrent mark sweep GC freed 148(2528B) AllocSpace objects, 0(0B) LOS objects, 28% free, 39MB/55MB, paused 832us total 40.853ms
08-06 01:59:16.776 18522 18535 I art     : Starting a blocking GC Explicit
08-06 01:59:16.819 18522 18535 I art     : Explicit concurrent mark sweep GC freed 2673(103KB) AllocSpace objects, 2(40KB) LOS objects, 28% free, 39MB/55MB, paused 1.005ms total 42.289ms
08-06 01:59:16.838 18522 18535 I art     : Starting a blocking GC Explicit
08-06 01:59:16.878 18522 18535 I art     : Explicit concurrent mark sweep GC freed 170(3KB) AllocSpace objects, 0(0B) LOS objects, 28% free, 39MB/55MB, paused 855us total 40.038ms
08-06 01:59:16.895 18522 18535 I art     : Starting a blocking GC Explicit
08-06 01:59:16.936 18522 18535 I art     : Explicit concurrent mark sweep GC freed 193(3KB) AllocSpace objects, 0(0B) LOS objects, 28% free, 39MB/55MB, paused 875us total 40.884ms
08-06 01:59:16.953 18522 18535 I art     : Starting a blocking GC Explicit
08-06 01:59:16.994 18522 18535 I art     : Explicit concurrent mark sweep GC freed 149(2560B) AllocSpace objects, 0(0B) LOS objects, 28% free, 39MB/55MB, paused 845us total 40.512ms
08-06 01:59:17.011 18522 18535 I art     : Starting a blocking GC Explicit
08-06 01:59:17.052 18522 18535 I art     : Explicit concurrent mark sweep GC freed 193(3KB) AllocSpace objects, 0(0B) LOS objects, 28% free, 39MB/55MB, paused 821us total 40.791ms
08-06 01:59:17.410 18522 18540 I art     : Starting a blocking GC Explicit
08-06 01:59:17.452 18522 18540 I art     : Explicit concurrent mark sweep GC freed 2583(102KB) AllocSpace objects, 2(40KB) LOS objects, 28% free, 39MB/55MB, paused 1.018ms total 41.717ms
08-06 01:59:17.469 18522 18540 I art     : Starting a blocking GC Explicit
08-06 01:59:17.475   518   646 I ThermalEngine: ACTION: GPU - Setting GPU[0] to 510000000
08-06 01:59:17.509 18522 18540 I art     : Explicit concurrent mark sweep GC freed 198(4KB) AllocSpace objects, 0(0B) LOS objects, 28% free, 39MB/55MB, paused 864us total 39.931ms
08-06 01:59:17.525 18522 18540 I art     : Starting a blocking GC Explicit
08-06 01:59:17.556 18522 18540 I art     : Explicit concurrent mark sweep GC freed 147(2496B) AllocSpace objects, 0(0B) LOS objects, 28% free, 39MB/55MB, paused 626us total 31.208ms
08-06 01:59:17.569 18522 18540 I art     : Starting a blocking GC Explicit
08-06 01:59:17.570 19552 19552 D AndroidRuntime: >>>>>> START com.android.internal.os.RuntimeInit uid 2000 <<<<<<
08-06 01:59:17.575 19552 19552 D AndroidRuntime: CheckJNI is OFF
08-06 01:59:17.600 18522 18540 I art     : Explicit concurrent mark sweep GC freed 123(2080B) AllocSpace objects, 0(0B) LOS objects, 28% free, 39MB/55MB, paused 749us total 30.446ms
08-06 01:59:17.611 19552 19552 D ICU     : No timezone override file found: /data/misc/zoneinfo/current/icu/icu_tzdata.dat
08-06 01:59:17.612 18522 18540 I art     : Starting a blocking GC Explicit
08-06 01:59:17.642 18522 18540 I art     : Explicit concurrent mark sweep GC freed 134(2736B) AllocSpace objects, 0(0B) LOS objects, 28% free, 39MB/55MB, paused 673us total 29.393ms
08-06 01:59:17.646 19552 19552 I Radio-JNI: register_android_hardware_Radio DONE
08-06 01:59:17.668 19552 19552 D AndroidRuntime: Calling main entry com.android.commands.input.Input
08-06 01:59:17.669 19552 19552 I Input   : injectMotionEvent: MotionEvent { action=ACTION_DOWN, actionButton=0, id[0]=0, x[0]=693.0, y[0]=1450.0, toolType[0]=TOOL_TYPE_UNKNOWN, buttonState=0, metaState=0, flags=0x0, edgeFlags=0x0, pointerCount=1, historySize=0, eventTime=842374082, downTime=842374082, deviceId=0, source=0x1002 }
08-06 01:59:17.676 19552 19552 I Input   : injectMotionEvent: MotionEvent { action=ACTION_UP, actionButton=0, id[0]=0, x[0]=693.0, y[0]=1450.0, toolType[0]=TOOL_TYPE_UNKNOWN, buttonState=0, metaState=0, flags=0x0, edgeFlags=0x0, pointerCount=1, historySize=0, eventTime=842374082, downTime=842374082, deviceId=0, source=0x1002 }
08-06 01:59:17.678 19552 19552 D AndroidRuntime: Shutting down VM
08-06 01:59:17.678   918  3961 I ActivityManager: START u0 {cmp=baseline.io.github.project_travel_mate/.destinations.description.CityHistoryActivity} from uid 10696 on display 0
08-06 01:59:17.679   512  2967 D audio_hw_primary: out_set_parameters: enter: usecase(1: low-latency-playback) kvpairs: routing=2
08-06 01:59:17.692   512  2967 D audio_hw_primary: select_devices: out_snd_device(2: speaker) in_snd_device(0: none)
08-06 01:59:17.692   512  2967 D msm8974_platform: platform_send_audio_calibration: sending audio calibration for snd_device(2) acdb_id(15)
08-06 01:59:17.692   512  2967 I soundtrigger: audio_extn_sound_trigger_update_device_status: device 0x2 of type 0 for Event 1
08-06 01:59:17.705 18522 18592 D Gabe    : call	returning from cache
08-06 01:59:17.706   512  2967 D audio_hw_primary: enable_snd_device: snd_device(2: speaker)
08-06 01:59:17.707 18522 18522 V EXECUTING: https://project-travel-mate.herokuapp.com/api/get-city-information/1
08-06 01:59:17.709   512  2967 D audio_hw_primary: enable_audio_route: apply and update mixer path: low-latency-playback speaker
08-06 01:59:17.838   918   936 I ActivityManager: Displayed baseline.io.github.project_travel_mate/.destinations.description.CityHistoryActivity: +149ms
08-06 01:59:17.839 13866 13866 I GoogleInputMethodServic: GoogleInputMethodService.onFinishInput():3138 
08-06 01:59:17.839 13866 13866 I GoogleInputMethodServic: GoogleInputMethodService.onStartInput():1808 
08-06 01:59:17.949 18522 18796 I art     : Starting a blocking GC Explicit
08-06 01:59:17.983 18522 18796 I art     : Explicit concurrent mark sweep GC freed 3142(156KB) AllocSpace objects, 2(40KB) LOS objects, 26% free, 44MB/60MB, paused 735us total 33.520ms
08-06 01:59:17.995 18522 18796 I art     : Starting a blocking GC Explicit
08-06 01:59:18.024 18522 18796 I art     : Explicit concurrent mark sweep GC freed 371(12KB) AllocSpace objects, 0(0B) LOS objects, 26% free, 44MB/60MB, paused 602us total 28.422ms
08-06 01:59:18.036 18522 18796 I art     : Starting a blocking GC Explicit
08-06 01:59:18.067 18522 18796 I art     : Explicit concurrent mark sweep GC freed 219(3KB) AllocSpace objects, 0(0B) LOS objects, 26% free, 44MB/60MB, paused 752us total 30.836ms
08-06 01:59:18.081 18522 18796 I art     : Starting a blocking GC Explicit
08-06 01:59:18.096   380   380 W SurfaceFlinger: couldn't log to binary event log: overflow.
08-06 01:59:18.113 18522 18796 I art     : Explicit concurrent mark sweep GC freed 148(2512B) AllocSpace objects, 0(0B) LOS objects, 26% free, 44MB/60MB, paused 720us total 32.301ms
08-06 01:59:18.126 18522 18796 I art     : Starting a blocking GC Explicit
08-06 01:59:18.154 18522 18796 I art     : Explicit concurrent mark sweep GC freed 218(3KB) AllocSpace objects, 0(0B) LOS objects, 26% free, 44MB/60MB, paused 599us total 28.363ms
08-06 01:59:18.248   512  2967 D audio_hw_primary: disable_audio_route: reset and update mixer path: low-latency-playback speaker
08-06 01:59:18.249   512  2967 D audio_hw_primary: disable_snd_device: snd_device(2: speaker)
08-06 01:59:18.259   512  2967 I soundtrigger: audio_extn_sound_trigger_update_device_status: device 0x2 of type 0 for Event 0
08-06 01:59:18.296 18522 19576 I NAPPA_EXPERIMENTATION: MetricNetworkRequestExecutionTime: REQUEST_DURATION_SYSTEM='588',REQUEST_DURATION_OKHTTP='32',REQUEST_SYNCHRONOUS='FALSE',RESPONSE_CODE='200',RESPONSE_METHOD='GET',RESPONSE_LENGTH_OKHTTP='55024',RESPONSE_LENGTH_HEADER='55024',REQUEST_PROTOCOL='http/1.1',REQUEST_URL='https://project-travel-mate.herokuapp.com/api/get-city-information/1',
08-06 01:59:18.398 13866 13866 I GoogleInputMethodServic: GoogleInputMethodService.onFinishInput():3138 
08-06 01:59:18.399 13866 13866 I GoogleInputMethodServic: GoogleInputMethodService.onStartInput():1808 
08-06 01:59:18.453 18522 18796 I art     : Starting a blocking GC Explicit
08-06 01:59:18.480   518   646 I ThermalEngine: ACTION: GPU - Setting GPU[0] to 450000000
08-06 01:59:18.493 18522 18796 I art     : Explicit concurrent mark sweep GC freed 6505(1456KB) AllocSpace objects, 25(5MB) LOS objects, 28% free, 40MB/56MB, paused 918us total 39.535ms
08-06 01:59:18.510 18522 18796 I art     : Starting a blocking GC Explicit
08-06 01:59:18.552 18522 18796 I art     : Explicit concurrent mark sweep GC freed 1286(123KB) AllocSpace objects, 0(0B) LOS objects, 28% free, 40MB/56MB, paused 934us total 41.237ms
08-06 01:59:18.569 18522 18796 I art     : Starting a blocking GC Explicit
08-06 01:59:18.610 18522 18796 I art     : Explicit concurrent mark sweep GC freed 220(3KB) AllocSpace objects, 0(0B) LOS objects, 28% free, 40MB/56MB, paused 864us total 41.631ms
08-06 01:59:18.628 18522 18796 I art     : Starting a blocking GC Explicit
08-06 01:59:18.669 18522 18796 I art     : Explicit concurrent mark sweep GC freed 290(4KB) AllocSpace objects, 0(0B) LOS objects, 28% free, 40MB/56MB, paused 919us total 41.116ms
08-06 01:59:18.686 18522 18796 I art     : Starting a blocking GC Explicit
08-06 01:59:18.728 18522 18796 I art     : Explicit concurrent mark sweep GC freed 220(3KB) AllocSpace objects, 0(0B) LOS objects, 28% free, 40MB/56MB, paused 909us total 41.385ms
08-06 01:59:19.102 18522 18540 I art     : Starting a blocking GC Explicit
08-06 01:59:19.143 18522 18540 I art     : Explicit concurrent mark sweep GC freed 3229(112KB) AllocSpace objects, 2(40KB) LOS objects, 28% free, 40MB/56MB, paused 861us total 41.444ms
08-06 01:59:19.161 18522 18540 I art     : Starting a blocking GC Explicit
08-06 01:59:19.201 18522 18540 I art     : Explicit concurrent mark sweep GC freed 291(5KB) AllocSpace objects, 0(0B) LOS objects, 28% free, 40MB/56MB, paused 948us total 40.413ms
08-06 01:59:19.219 18522 18540 I art     : Starting a blocking GC Explicit
08-06 01:59:19.260 18522 18540 I art     : Explicit concurrent mark sweep GC freed 238(3KB) AllocSpace objects, 0(0B) LOS objects, 28% free, 40MB/56MB, paused 969us total 41.181ms
08-06 01:59:19.277 18522 18540 I art     : Starting a blocking GC Explicit
08-06 01:59:19.323 18522 18540 I art     : Explicit concurrent mark sweep GC freed 274(4KB) AllocSpace objects, 0(0B) LOS objects, 28% free, 40MB/56MB, paused 1.016ms total 45.667ms
08-06 01:59:19.342 18522 18540 I art     : Starting a blocking GC Explicit
08-06 01:59:19.388 18522 18540 I art     : Explicit concurrent mark sweep GC freed 287(4KB) AllocSpace objects, 0(0B) LOS objects, 28% free, 40MB/56MB, paused 1.166ms total 45.616ms
08-06 01:59:19.791 18522 18535 I art     : Starting a blocking GC Explicit
08-06 01:59:19.834 18522 18535 I art     : Explicit concurrent mark sweep GC freed 3369(115KB) AllocSpace objects, 2(40KB) LOS objects, 28% free, 40MB/56MB, paused 940us total 42.684ms
08-06 01:59:19.853 18522 18535 I art     : Starting a blocking GC Explicit
08-06 01:59:19.893 18522 18535 I art     : Explicit concurrent mark sweep GC freed 293(5KB) AllocSpace objects, 0(0B) LOS objects, 28% free, 40MB/56MB, paused 825us total 39.702ms
08-06 01:59:19.909 18522 18535 I art     : Starting a blocking GC Explicit
08-06 01:59:19.951 18522 18535 I art     : Explicit concurrent mark sweep GC freed 227(3KB) AllocSpace objects, 0(0B) LOS objects, 28% free, 40MB/56MB, paused 903us total 41.096ms
08-06 01:59:19.968 18522 18535 I art     : Starting a blocking GC Explicit
08-06 01:59:20.011 18522 18535 I art     : Explicit concurrent mark sweep GC freed 282(4KB) AllocSpace objects, 0(0B) LOS objects, 28% free, 40MB/56MB, paused 888us total 42.783ms
08-06 01:59:20.028 18522 18535 I art     : Starting a blocking GC Explicit
08-06 01:59:20.072 18522 18535 I art     : Explicit concurrent mark sweep GC freed 282(4KB) AllocSpace objects, 0(0B) LOS objects, 28% free, 40MB/56MB, paused 989us total 43.855ms
08-06 01:59:20.484 18522 18796 I art     : Starting a blocking GC Explicit
08-06 01:59:20.532 18522 18796 I art     : Explicit concurrent mark sweep GC freed 3393(115KB) AllocSpace objects, 2(40KB) LOS objects, 28% free, 40MB/56MB, paused 921us total 46.949ms
08-06 01:59:20.552 18522 18796 I art     : Starting a blocking GC Explicit
08-06 01:59:20.593 18522 18796 I art     : Explicit concurrent mark sweep GC freed 326(6KB) AllocSpace objects, 0(0B) LOS objects, 28% free, 40MB/56MB, paused 856us total 41.374ms
08-06 01:59:20.610 18522 18796 I art     : Starting a blocking GC Explicit
08-06 01:59:20.654 18522 18796 I art     : Explicit concurrent mark sweep GC freed 256(4KB) AllocSpace objects, 0(0B) LOS objects, 28% free, 40MB/56MB, paused 1.030ms total 43.355ms
08-06 01:59:20.671 18522 18796 I art     : Starting a blocking GC Explicit
08-06 01:59:20.714 18522 18796 I art     : Explicit concurrent mark sweep GC freed 276(4KB) AllocSpace objects, 0(0B) LOS objects, 28% free, 40MB/56MB, paused 876us total 41.976ms
08-06 01:59:20.731 18522 18796 I art     : Starting a blocking GC Explicit
08-06 01:59:20.775 18522 18796 I art     : Explicit concurrent mark sweep GC freed 286(4KB) AllocSpace objects, 0(0B) LOS objects, 28% free, 40MB/56MB, paused 989us total 44.418ms
08-06 01:59:21.188 18522 18534 I art     : Starting a blocking GC Explicit
08-06 01:59:21.233 18522 18534 I art     : Explicit concurrent mark sweep GC freed 3378(114KB) AllocSpace objects, 2(40KB) LOS objects, 28% free, 40MB/56MB, paused 854us total 44.773ms
08-06 01:59:21.251 18522 18534 I art     : Starting a blocking GC Explicit
08-06 01:59:21.294 18522 18534 I art     : Explicit concurrent mark sweep GC freed 310(5KB) AllocSpace objects, 0(0B) LOS objects, 28% free, 40MB/56MB, paused 896us total 43.723ms
08-06 01:59:21.312 18522 18534 I art     : Starting a blocking GC Explicit
08-06 01:59:21.355 18522 18534 I art     : Explicit concurrent mark sweep GC freed 246(4KB) AllocSpace objects, 0(0B) LOS objects, 28% free, 40MB/56MB, paused 992us total 43.039ms
08-06 01:59:21.372 18522 18534 I art     : Starting a blocking GC Explicit
08-06 01:59:21.417 18522 18534 I art     : Explicit concurrent mark sweep GC freed 264(4KB) AllocSpace objects, 0(0B) LOS objects, 28% free, 40MB/56MB, paused 938us total 44.570ms
08-06 01:59:21.434 18522 18534 I art     : Starting a blocking GC Explicit
08-06 01:59:21.479 18522 18534 I art     : Explicit concurrent mark sweep GC freed 291(4KB) AllocSpace objects, 0(0B) LOS objects, 28% free, 40MB/56MB, paused 944us total 44.353ms
08-06 01:59:21.884 18522 18540 I art     : Starting a blocking GC Explicit
08-06 01:59:21.929 18522 18540 I art     : Explicit concurrent mark sweep GC freed 3372(114KB) AllocSpace objects, 2(40KB) LOS objects, 28% free, 40MB/56MB, paused 883us total 44.853ms
08-06 01:59:21.947 18522 18540 I art     : Starting a blocking GC Explicit
08-06 01:59:21.987 18522 18540 I art     : Explicit concurrent mark sweep GC freed 277(4KB) AllocSpace objects, 0(0B) LOS objects, 28% free, 40MB/56MB, paused 945us total 39.750ms
08-06 01:59:22.003 18522 18540 I art     : Starting a blocking GC Explicit
08-06 01:59:22.043 18522 18540 I art     : Explicit concurrent mark sweep GC freed 253(4KB) AllocSpace objects, 0(0B) LOS objects, 28% free, 40MB/56MB, paused 864us total 39.113ms
08-06 01:59:22.060 18522 18540 I art     : Starting a blocking GC Explicit
08-06 01:59:22.100 18522 18540 I art     : Explicit concurrent mark sweep GC freed 219(3KB) AllocSpace objects, 0(0B) LOS objects, 28% free, 40MB/56MB, paused 850us total 40.395ms
08-06 01:59:22.117 18522 18540 I art     : Starting a blocking GC Explicit
08-06 01:59:22.160 18522 18540 I art     : Explicit concurrent mark sweep GC freed 290(4KB) AllocSpace objects, 0(0B) LOS objects, 28% free, 40MB/56MB, paused 968us total 42.417ms
08-06 01:59:22.467 19648 19648 D AndroidRuntime: >>>>>> START com.android.internal.os.RuntimeInit uid 2000 <<<<<<
08-06 01:59:22.473 19648 19648 D AndroidRuntime: CheckJNI is OFF
08-06 01:59:22.517 19648 19648 D ICU     : No timezone override file found: /data/misc/zoneinfo/current/icu/icu_tzdata.dat
08-06 01:59:22.549 18522 18535 I art     : Starting a blocking GC Explicit
08-06 01:59:22.565 19648 19648 I Radio-JNI: register_android_hardware_Radio DONE
08-06 01:59:22.594 18522 18535 I art     : Explicit concurrent mark sweep GC freed 3302(113KB) AllocSpace objects, 2(40KB) LOS objects, 28% free, 40MB/56MB, paused 854us total 44.086ms
08-06 01:59:22.594 19648 19648 D AndroidRuntime: Calling main entry com.android.commands.input.Input
08-06 01:59:22.597 19648 19648 I Input   : injectKeyEvent: KeyEvent { action=ACTION_DOWN, keyCode=KEYCODE_BACK, scanCode=0, metaState=0, flags=0x0, repeatCount=0, eventTime=842379009, downTime=842379009, deviceId=-1, source=0x101 }
08-06 01:59:22.605 19648 19648 I Input   : injectKeyEvent: KeyEvent { action=ACTION_UP, keyCode=KEYCODE_BACK, scanCode=0, metaState=0, flags=0x0, repeatCount=0, eventTime=842379009, downTime=842379009, deviceId=-1, source=0x101 }
08-06 01:59:22.611 18522 18535 I art     : Starting a blocking GC Explicit
08-06 01:59:22.613 19648 19648 D AndroidRuntime: Shutting down VM
08-06 01:59:22.648 18522 18535 I art     : Explicit concurrent mark sweep GC freed 216(5KB) AllocSpace objects, 0(0B) LOS objects, 28% free, 40MB/56MB, paused 966us total 36.968ms
08-06 01:59:22.649 13866 13866 I GoogleInputMethodServic: GoogleInputMethodService.onFinishInput():3138 
08-06 01:59:22.650 13866 13866 I GoogleInputMethodServic: GoogleInputMethodService.onStartInput():1808 
08-06 01:59:22.665 18522 18535 I art     : Starting a blocking GC Explicit
08-06 01:59:22.704 18522 18535 I art     : Explicit concurrent mark sweep GC freed 324(6KB) AllocSpace objects, 0(0B) LOS objects, 28% free, 40MB/56MB, paused 960us total 38.362ms
08-06 01:59:22.720 18522 18535 I art     : Starting a blocking GC Explicit
08-06 01:59:22.757 18522 18535 I art     : Explicit concurrent mark sweep GC freed 244(4KB) AllocSpace objects, 0(0B) LOS objects, 28% free, 40MB/56MB, paused 745us total 35.920ms
08-06 01:59:22.774 18522 18535 I art     : Starting a blocking GC Explicit
08-06 01:59:22.819 18522 18535 I art     : Explicit concurrent mark sweep GC freed 228(3KB) AllocSpace objects, 0(0B) LOS objects, 28% free, 40MB/56MB, paused 976us total 44.815ms
08-06 01:59:22.969   380   380 W SurfaceFlinger: couldn't log to binary event log: overflow.
08-06 01:59:23.181 18522 18534 I art     : Starting a blocking GC Explicit
08-06 01:59:23.220 18522 18534 I art     : Explicit concurrent mark sweep GC freed 2860(107KB) AllocSpace objects, 3(228KB) LOS objects, 28% free, 40MB/56MB, paused 875us total 38.636ms
08-06 01:59:23.236 18522 18534 I art     : Starting a blocking GC Explicit
08-06 01:59:23.272 18522 18534 I art     : Explicit concurrent mark sweep GC freed 4893(342KB) AllocSpace objects, 7(132KB) LOS objects, 28% free, 39MB/55MB, paused 857us total 36.117ms
08-06 01:59:23.289 18522 18534 I art     : Starting a blocking GC Explicit
08-06 01:59:23.324 18522 18534 I art     : Explicit concurrent mark sweep GC freed 154(2816B) AllocSpace objects, 0(0B) LOS objects, 28% free, 39MB/55MB, paused 778us total 35.662ms
08-06 01:59:23.341 18522 18534 I art     : Starting a blocking GC Explicit
08-06 01:59:23.379 18522 18534 I art     : Explicit concurrent mark sweep GC freed 147(2496B) AllocSpace objects, 0(0B) LOS objects, 28% free, 39MB/55MB, paused 957us total 37.164ms
08-06 01:59:23.395 18522 18534 I art     : Starting a blocking GC Explicit
08-06 01:59:23.433 18522 18534 I art     : Explicit concurrent mark sweep GC freed 147(2496B) AllocSpace objects, 0(0B) LOS objects, 28% free, 39MB/55MB, paused 793us total 37.554ms
08-06 01:59:23.813 18522 18540 I art     : Starting a blocking GC Explicit
08-06 01:59:23.857 18522 18540 I art     : Explicit concurrent mark sweep GC freed 2687(104KB) AllocSpace objects, 2(40KB) LOS objects, 28% free, 39MB/55MB, paused 869us total 43.855ms
08-06 01:59:23.873 18522 18540 I art     : Starting a blocking GC Explicit
08-06 01:59:23.910 18522 18540 I art     : Explicit concurrent mark sweep GC freed 177(3KB) AllocSpace objects, 0(0B) LOS objects, 28% free, 39MB/55MB, paused 857us total 36.612ms
08-06 01:59:23.926 18522 18540 I art     : Starting a blocking GC Explicit
08-06 01:59:23.964 18522 18540 I art     : Explicit concurrent mark sweep GC freed 147(2496B) AllocSpace objects, 0(0B) LOS objects, 28% free, 39MB/55MB, paused 855us total 37.141ms
08-06 01:59:23.980 18522 18540 I art     : Starting a blocking GC Explicit
08-06 01:59:24.018 18522 18540 I art     : Explicit concurrent mark sweep GC freed 147(2496B) AllocSpace objects, 0(0B) LOS objects, 28% free, 39MB/55MB, paused 877us total 37.379ms
08-06 01:59:24.034 18522 18540 I art     : Starting a blocking GC Explicit
08-06 01:59:24.072 18522 18540 I art     : Explicit concurrent mark sweep GC freed 188(3KB) AllocSpace objects, 0(0B) LOS objects, 28% free, 39MB/55MB, paused 956us total 37.676ms
08-06 01:59:24.390 19691 19691 D AndroidRuntime: >>>>>> START com.android.internal.os.RuntimeInit uid 2000 <<<<<<
08-06 01:59:24.396 19691 19691 D AndroidRuntime: CheckJNI is OFF
08-06 01:59:24.429 18522 18535 I art     : Starting a blocking GC Explicit
08-06 01:59:24.443 19691 19691 D ICU     : No timezone override file found: /data/misc/zoneinfo/current/icu/icu_tzdata.dat
08-06 01:59:24.470 18522 18535 I art     : Explicit concurrent mark sweep GC freed 2539(101KB) AllocSpace objects, 2(40KB) LOS objects, 28% free, 39MB/55MB, paused 913us total 40.834ms
08-06 01:59:24.487 18522 18535 I art     : Starting a blocking GC Explicit
08-06 01:59:24.488 19691 19691 I Radio-JNI: register_android_hardware_Radio DONE
08-06 01:59:24.518 19691 19691 D AndroidRuntime: Calling main entry com.android.commands.input.Input
08-06 01:59:24.520 19691 19691 I Input   : injectKeyEvent: KeyEvent { action=ACTION_DOWN, keyCode=KEYCODE_BACK, scanCode=0, metaState=0, flags=0x0, repeatCount=0, eventTime=842380933, downTime=842380933, deviceId=-1, source=0x101 }
08-06 01:59:24.528 18522 18535 I art     : Explicit concurrent mark sweep GC freed 197(3KB) AllocSpace objects, 0(0B) LOS objects, 28% free, 39MB/55MB, paused 1.048ms total 41.117ms
08-06 01:59:24.529 19691 19691 I Input   : injectKeyEvent: KeyEvent { action=ACTION_UP, keyCode=KEYCODE_BACK, scanCode=0, metaState=0, flags=0x0, repeatCount=0, eventTime=842380933, downTime=842380933, deviceId=-1, source=0x101 }
08-06 01:59:24.536 19691 19691 D AndroidRuntime: Shutting down VM
08-06 01:59:24.545 18522 18535 I art     : Starting a blocking GC Explicit
08-06 01:59:24.554 18522 18522 V MainActivity: url = https://project-travel-mate.herokuapp.com/api/number-of-unread-notifications
08-06 01:59:24.580 18522 18535 I art     : Explicit concurrent mark sweep GC freed 465(16KB) AllocSpace objects, 0(0B) LOS objects, 28% free, 39MB/55MB, paused 911us total 34.876ms
08-06 01:59:24.582 13866 13866 I GoogleInputMethodServic: GoogleInputMethodService.onFinishInput():3138 
08-06 01:59:24.583 13866 13866 I GoogleInputMethodServic: GoogleInputMethodService.onStartInput():1808 
08-06 01:59:24.597 18522 18535 I art     : Starting a blocking GC Explicit
08-06 01:59:24.636 18522 18535 I art     : Explicit concurrent mark sweep GC freed 360(9KB) AllocSpace objects, 0(0B) LOS objects, 28% free, 39MB/55MB, paused 928us total 38.440ms
08-06 01:59:24.651 18522 18535 I art     : Starting a blocking GC Explicit
08-06 01:59:24.687 18522 18535 I art     : Explicit concurrent mark sweep GC freed 188(4KB) AllocSpace objects, 0(0B) LOS objects, 28% free, 39MB/55MB, paused 887us total 34.993ms
08-06 01:59:24.870   380   380 W SurfaceFlinger: couldn't log to binary event log: overflow.
08-06 01:59:25.045 18522 18796 I art     : Starting a blocking GC Explicit
08-06 01:59:25.090 18522 18796 I art     : Explicit concurrent mark sweep GC freed 2406(104KB) AllocSpace objects, 2(40KB) LOS objects, 28% free, 39MB/55MB, paused 1.168ms total 44.702ms
08-06 01:59:25.109 18522 18796 I art     : Starting a blocking GC Explicit
08-06 01:59:25.147 18522 18796 I art     : Explicit concurrent mark sweep GC freed 247(9KB) AllocSpace objects, 0(0B) LOS objects, 28% free, 39MB/55MB, paused 1.003ms total 38.522ms
08-06 01:59:25.164 18522 18796 I art     : Starting a blocking GC Explicit
08-06 01:59:25.204 18522 18796 I art     : Explicit concurrent mark sweep GC freed 75(1296B) AllocSpace objects, 0(0B) LOS objects, 28% free, 39MB/55MB, paused 930us total 39.744ms
08-06 01:59:25.220 18522 18796 I art     : Starting a blocking GC Explicit
08-06 01:59:25.260 18522 18796 I art     : Explicit concurrent mark sweep GC freed 99(1696B) AllocSpace objects, 0(0B) LOS objects, 28% free, 39MB/55MB, paused 950us total 39.316ms
08-06 01:59:25.277 18522 18796 I art     : Starting a blocking GC Explicit
08-06 01:59:25.318 18522 18796 I art     : Explicit concurrent mark sweep GC freed 75(1296B) AllocSpace objects, 0(0B) LOS objects, 28% free, 39MB/55MB, paused 1.057ms total 40.614ms
08-06 01:59:25.462 18522 19714 I NAPPA_EXPERIMENTATION: MetricNetworkRequestExecutionTime: REQUEST_DURATION_SYSTEM='906',REQUEST_DURATION_OKHTTP='36',REQUEST_SYNCHRONOUS='FALSE',RESPONSE_CODE='200',RESPONSE_METHOD='GET',RESPONSE_LENGTH_OKHTTP='36',RESPONSE_LENGTH_HEADER='36',REQUEST_PROTOCOL='http/1.1',REQUEST_URL='https://project-travel-mate.herokuapp.com/api/number-of-unread-notifications',
08-06 01:59:25.677 18522 18534 I art     : Starting a blocking GC Explicit
08-06 01:59:25.721 18522 18534 I art     : Explicit concurrent mark sweep GC freed 4806(240KB) AllocSpace objects, 5(240KB) LOS objects, 28% free, 39MB/55MB, paused 936us total 42.892ms
08-06 01:59:25.737 18522 18534 I art     : Starting a blocking GC Explicit
08-06 01:59:25.776 18522 18534 I art     : Explicit concurrent mark sweep GC freed 1051(118KB) AllocSpace objects, 0(0B) LOS objects, 28% free, 39MB/55MB, paused 855us total 38.345ms
08-06 01:59:25.792 18522 18534 I art     : Starting a blocking GC Explicit
08-06 01:59:25.831 18522 18534 I art     : Explicit concurrent mark sweep GC freed 76(1328B) AllocSpace objects, 0(0B) LOS objects, 28% free, 39MB/55MB, paused 921us total 38.641ms
08-06 01:59:25.848 18522 18534 I art     : Starting a blocking GC Explicit
08-06 01:59:25.887 18522 18534 I art     : Explicit concurrent mark sweep GC freed 76(1328B) AllocSpace objects, 0(0B) LOS objects, 28% free, 39MB/55MB, paused 888us total 38.511ms
08-06 01:59:25.903 18522 18534 I art     : Starting a blocking GC Explicit
08-06 01:59:25.942 18522 18534 I art     : Explicit concurrent mark sweep GC freed 97(1648B) AllocSpace objects, 0(0B) LOS objects, 28% free, 39MB/55MB, paused 974us total 38.325ms
08-06 01:59:26.280 19736 19736 D AndroidRuntime: >>>>>> START com.android.internal.os.RuntimeInit uid 2000 <<<<<<
08-06 01:59:26.286 19736 19736 D AndroidRuntime: CheckJNI is OFF
08-06 01:59:26.306 18522 18540 I art     : Starting a blocking GC Explicit
08-06 01:59:26.332 19736 19736 D ICU     : No timezone override file found: /data/misc/zoneinfo/current/icu/icu_tzdata.dat
08-06 01:59:26.350 18522 18540 I art     : Explicit concurrent mark sweep GC freed 2038(93KB) AllocSpace objects, 2(40KB) LOS objects, 28% free, 39MB/55MB, paused 1.014ms total 43.338ms
08-06 01:59:26.367 18522 18540 I art     : Starting a blocking GC Explicit
08-06 01:59:26.376 19736 19736 I Radio-JNI: register_android_hardware_Radio DONE
08-06 01:59:26.404 18522 18540 I art     : Explicit concurrent mark sweep GC freed 111(2752B) AllocSpace objects, 0(0B) LOS objects, 28% free, 39MB/55MB, paused 897us total 36.564ms
08-06 01:59:26.404 19736 19736 D AndroidRuntime: Calling main entry com.android.commands.input.Input
08-06 01:59:26.407 19736 19736 I Input   : injectMotionEvent: MotionEvent { action=ACTION_DOWN, actionButton=0, id[0]=0, x[0]=117.0, y[0]=170.0, toolType[0]=TOOL_TYPE_UNKNOWN, buttonState=0, metaState=0, flags=0x0, edgeFlags=0x0, pointerCount=1, historySize=0, eventTime=842382819, downTime=842382819, deviceId=0, source=0x1002 }
08-06 01:59:26.411 19736 19736 I Input   : injectMotionEvent: MotionEvent { action=ACTION_UP, actionButton=0, id[0]=0, x[0]=117.0, y[0]=170.0, toolType[0]=TOOL_TYPE_UNKNOWN, buttonState=0, metaState=0, flags=0x0, edgeFlags=0x0, pointerCount=1, historySize=0, eventTime=842382819, downTime=842382819, deviceId=0, source=0x1002 }
08-06 01:59:26.414 19736 19736 D AndroidRuntime: Shutting down VM
08-06 01:59:26.420 18522 18540 I art     : Starting a blocking GC Explicit
08-06 01:59:26.426   512  2967 D audio_hw_primary: out_set_parameters: enter: usecase(1: low-latency-playback) kvpairs: routing=2
08-06 01:59:26.439   512  2967 D audio_hw_primary: select_devices: out_snd_device(2: speaker) in_snd_device(0: none)
08-06 01:59:26.439   512  2967 D msm8974_platform: platform_send_audio_calibration: sending audio calibration for snd_device(2) acdb_id(15)
08-06 01:59:26.440   512  2967 I soundtrigger: audio_extn_sound_trigger_update_device_status: device 0x2 of type 0 for Event 1
08-06 01:59:26.448   512  2967 D audio_hw_primary: enable_snd_device: snd_device(2: speaker)
08-06 01:59:26.450   512  2967 D audio_hw_primary: enable_audio_route: apply and update mixer path: low-latency-playback speaker
08-06 01:59:26.459 18522 18540 I art     : Explicit concurrent mark sweep GC freed 176(4KB) AllocSpace objects, 0(0B) LOS objects, 28% free, 40MB/56MB, paused 1.231ms total 38.524ms
08-06 01:59:26.475 18522 18540 I art     : Starting a blocking GC Explicit
08-06 01:59:26.513 18522 18540 I art     : Explicit concurrent mark sweep GC freed 26(1184B) AllocSpace objects, 0(0B) LOS objects, 28% free, 40MB/56MB, paused 1.013ms total 38.183ms
08-06 01:59:26.530 18522 18540 I art     : Starting a blocking GC Explicit
08-06 01:59:26.567 18522 18540 I art     : Explicit concurrent mark sweep GC freed 464(21KB) AllocSpace objects, 0(0B) LOS objects, 28% free, 40MB/56MB, paused 1.062ms total 37.434ms
08-06 01:59:26.928 18522 18534 I art     : Starting a blocking GC Explicit
08-06 01:59:26.968 18522 18534 I art     : Explicit concurrent mark sweep GC freed 2023(93KB) AllocSpace objects, 2(40KB) LOS objects, 28% free, 40MB/56MB, paused 950us total 40.470ms
08-06 01:59:26.985 18522 18534 I art     : Starting a blocking GC Explicit
08-06 01:59:26.989   512  2967 D audio_hw_primary: disable_audio_route: reset and update mixer path: low-latency-playback speaker
08-06 01:59:26.990   512  2967 D audio_hw_primary: disable_snd_device: snd_device(2: speaker)
08-06 01:59:26.998   512  2967 I soundtrigger: audio_extn_sound_trigger_update_device_status: device 0x2 of type 0 for Event 0
08-06 01:59:27.023 18522 18534 I art     : Explicit concurrent mark sweep GC freed 114(2848B) AllocSpace objects, 0(0B) LOS objects, 28% free, 40MB/56MB, paused 1.077ms total 38.362ms
08-06 01:59:27.039 18522 18534 I art     : Starting a blocking GC Explicit
08-06 01:59:27.078 18522 18534 I art     : Explicit concurrent mark sweep GC freed 99(1696B) AllocSpace objects, 0(0B) LOS objects, 28% free, 40MB/56MB, paused 917us total 37.777ms
08-06 01:59:27.094 18522 18534 I art     : Starting a blocking GC Explicit
08-06 01:59:27.132 18522 18534 I art     : Explicit concurrent mark sweep GC freed 75(1296B) AllocSpace objects, 0(0B) LOS objects, 28% free, 40MB/56MB, paused 934us total 38.207ms
08-06 01:59:27.149 18522 18534 I art     : Starting a blocking GC Explicit
08-06 01:59:27.180 19761 19761 D AndroidRuntime: >>>>>> START com.android.internal.os.RuntimeInit uid 2000 <<<<<<
08-06 01:59:27.186 19761 19761 D AndroidRuntime: CheckJNI is OFF
08-06 01:59:27.188 18522 18534 I art     : Explicit concurrent mark sweep GC freed 75(1296B) AllocSpace objects, 0(0B) LOS objects, 28% free, 40MB/56MB, paused 991us total 38.838ms
08-06 01:59:27.229 19761 19761 D ICU     : No timezone override file found: /data/misc/zoneinfo/current/icu/icu_tzdata.dat
08-06 01:59:27.271 19761 19761 I Radio-JNI: register_android_hardware_Radio DONE
08-06 01:59:27.300 19761 19761 D AndroidRuntime: Calling main entry com.android.commands.input.Input
08-06 01:59:27.302 19761 19761 I Input   : injectMotionEvent: MotionEvent { action=ACTION_DOWN, actionButton=0, id[0]=0, x[0]=355.0, y[0]=1674.0, toolType[0]=TOOL_TYPE_UNKNOWN, buttonState=0, metaState=0, flags=0x0, edgeFlags=0x0, pointerCount=1, historySize=0, eventTime=842383715, downTime=842383715, deviceId=0, source=0x1002 }
08-06 01:59:27.307 19761 19761 I Input   : injectMotionEvent: MotionEvent { action=ACTION_UP, actionButton=0, id[0]=0, x[0]=355.0, y[0]=1674.0, toolType[0]=TOOL_TYPE_UNKNOWN, buttonState=0, metaState=0, flags=0x0, edgeFlags=0x0, pointerCount=1, historySize=0, eventTime=842383715, downTime=842383715, deviceId=0, source=0x1002 }
08-06 01:59:27.310 19761 19761 D AndroidRuntime: Shutting down VM
08-06 01:59:27.331   512  2967 D audio_hw_primary: out_set_parameters: enter: usecase(1: low-latency-playback) kvpairs: routing=2
08-06 01:59:27.344   512  2967 D audio_hw_primary: select_devices: out_snd_device(2: speaker) in_snd_device(0: none)
08-06 01:59:27.344   512  2967 D msm8974_platform: platform_send_audio_calibration: sending audio calibration for snd_device(2) acdb_id(15)
08-06 01:59:27.344   512  2967 I soundtrigger: audio_extn_sound_trigger_update_device_status: device 0x2 of type 0 for Event 1
08-06 01:59:27.354   512  2967 D audio_hw_primary: enable_snd_device: snd_device(2: speaker)
08-06 01:59:27.355   512  2967 D audio_hw_primary: enable_audio_route: apply and update mixer path: low-latency-playback speaker
08-06 01:59:27.398   512  2967 D AudioFlinger: mixer(0xf4740000) throttle end: throttle time(12)
08-06 01:59:27.547 18522 18796 I art     : Waiting for a blocking GC Explicit
08-06 01:59:27.556 18522 18796 I art     : WaitForGcToComplete blocked for 9.085ms for cause Explicit
08-06 01:59:27.556 18522 18796 I art     : Starting a blocking GC Explicit
08-06 01:59:27.594 18522 18796 I art     : Explicit concurrent mark sweep GC freed 1374(140KB) AllocSpace objects, 0(0B) LOS objects, 17% free, 73MB/89MB, paused 964us total 37.665ms
08-06 01:59:27.611 18522 18796 I art     : Starting a blocking GC Explicit
08-06 01:59:27.649 18522 18796 I art     : Explicit concurrent mark sweep GC freed 5(176B) AllocSpace objects, 0(0B) LOS objects, 17% free, 73MB/89MB, paused 1.017ms total 38ms
08-06 01:59:27.666 18522 18796 I art     : Starting a blocking GC Explicit
08-06 01:59:27.705 18522 18796 I art     : Explicit concurrent mark sweep GC freed 4(128B) AllocSpace objects, 0(0B) LOS objects, 17% free, 73MB/89MB, paused 997us total 38.341ms
08-06 01:59:27.721 18522 18796 I art     : Starting a blocking GC Explicit
08-06 01:59:27.760 18522 18796 I art     : Explicit concurrent mark sweep GC freed 6(240B) AllocSpace objects, 0(0B) LOS objects, 16% free, 79MB/95MB, paused 986us total 38.452ms
08-06 01:59:27.776 18522 18796 I art     : Starting a blocking GC Explicit
08-06 01:59:27.815 18522 18796 I art     : Explicit concurrent mark sweep GC freed 9(368B) AllocSpace objects, 0(0B) LOS objects, 12% free, 115MB/131MB, paused 1.006ms total 38.185ms
08-06 01:59:27.879   512  2967 D audio_hw_primary: disable_audio_route: reset and update mixer path: low-latency-playback speaker
08-06 01:59:27.880   512  2967 D audio_hw_primary: disable_snd_device: snd_device(2: speaker)
08-06 01:59:27.887   512  2967 I soundtrigger: audio_extn_sound_trigger_update_device_status: device 0x2 of type 0 for Event 0
08-06 01:59:28.180 18522 18540 I art     : Starting a blocking GC Explicit
08-06 01:59:28.220 18522 18540 I art     : Explicit concurrent mark sweep GC freed 21(1744B) AllocSpace objects, 0(0B) LOS objects, 10% free, 134MB/150MB, paused 992us total 39.730ms
08-06 01:59:28.237 18522 18540 I art     : Starting a blocking GC Explicit
08-06 01:59:28.264 18522 18522 I Choreographer: Skipped 55 frames!  The application may be doing too much work on its main thread.
08-06 01:59:28.265 18522 18522 V MainActivity: url = https://project-travel-mate.herokuapp.com/api/number-of-unread-notifications
08-06 01:59:28.277 18522 18540 I art     : Explicit concurrent mark sweep GC freed 241(11KB) AllocSpace objects, 0(0B) LOS objects, 10% free, 134MB/150MB, paused 1.605ms total 39.855ms
08-06 01:59:28.293 18522 18540 I art     : Starting a blocking GC Explicit
08-06 01:59:28.332 18522 18540 I art     : Explicit concurrent mark sweep GC freed 1450(51KB) AllocSpace objects, 0(0B) LOS objects, 10% free, 134MB/150MB, paused 949us total 37.752ms
08-06 01:59:28.348 18522 18540 I art     : Starting a blocking GC Explicit
08-06 01:59:28.384 18522 18540 I art     : Explicit concurrent mark sweep GC freed 884(52KB) AllocSpace objects, 9(252KB) LOS objects, 10% free, 134MB/150MB, paused 919us total 35.814ms
08-06 01:59:28.401 18522 18540 I art     : Starting a blocking GC Explicit
08-06 01:59:28.437 18522 18540 I art     : Explicit concurrent mark sweep GC freed 108(5KB) AllocSpace objects, 0(0B) LOS objects, 10% free, 134MB/150MB, paused 979us total 36.224ms
08-06 01:59:28.919 18522 18534 I art     : Starting a blocking GC Explicit
08-06 01:59:28.973 18522 18534 I art     : Explicit concurrent mark sweep GC freed 1427(83KB) AllocSpace objects, 2(36KB) LOS objects, 10% free, 134MB/150MB, paused 981us total 53.258ms
08-06 01:59:28.993 18522 18534 I art     : Starting a blocking GC Explicit
08-06 01:59:29.036 18522 18534 I art     : Explicit concurrent mark sweep GC freed 2584(132KB) AllocSpace objects, 2(120KB) LOS objects, 10% free, 134MB/150MB, paused 1.032ms total 42.836ms
08-06 01:59:29.050 18522 19803 I NAPPA_EXPERIMENTATION: MetricNetworkRequestExecutionTime: REQUEST_DURATION_SYSTEM='784',REQUEST_DURATION_OKHTTP='35',REQUEST_SYNCHRONOUS='FALSE',RESPONSE_CODE='200',RESPONSE_METHOD='GET',RESPONSE_LENGTH_OKHTTP='36',RESPONSE_LENGTH_HEADER='36',REQUEST_PROTOCOL='http/1.1',REQUEST_URL='https://project-travel-mate.herokuapp.com/api/number-of-unread-notifications',
08-06 01:59:29.053 18522 18534 I art     : Starting a blocking GC Explicit
08-06 01:59:29.095 18522 18534 I art     : Explicit concurrent mark sweep GC freed 1069(127KB) AllocSpace objects, 1(80KB) LOS objects, 10% free, 134MB/150MB, paused 964us total 41.628ms
08-06 01:59:29.112 18522 18534 I art     : Starting a blocking GC Explicit
08-06 01:59:29.159 18522 18534 I art     : Explicit concurrent mark sweep GC freed 116(5KB) AllocSpace objects, 0(0B) LOS objects, 10% free, 134MB/150MB, paused 1.070ms total 46.275ms
08-06 01:59:29.179 18522 18534 I art     : Starting a blocking GC Explicit
08-06 01:59:29.179 12075 12075 I ServiceManager: Waiting for service AtCmdFwd...
08-06 01:59:29.224 18522 18534 I art     : Explicit concurrent mark sweep GC freed 15(672B) AllocSpace objects, 0(0B) LOS objects, 10% free, 134MB/150MB, paused 979us total 44.708ms
08-06 01:59:29.647 18522 18535 I art     : Starting a blocking GC Explicit
08-06 01:59:29.699 18522 18535 I art     : Explicit concurrent mark sweep GC freed 1453(84KB) AllocSpace objects, 2(36KB) LOS objects, 10% free, 134MB/150MB, paused 1.334ms total 50.827ms
08-06 01:59:29.719 18522 18535 I art     : Starting a blocking GC Explicit
08-06 01:59:29.762 18522 18535 I art     : Explicit concurrent mark sweep GC freed 32(1328B) AllocSpace objects, 0(0B) LOS objects, 10% free, 134MB/150MB, paused 993us total 42.875ms
08-06 01:59:29.779 18522 18535 I art     : Starting a blocking GC Explicit
08-06 01:59:29.822 18522 18535 I art     : Explicit concurrent mark sweep GC freed 3(96B) AllocSpace objects, 0(0B) LOS objects, 10% free, 134MB/150MB, paused 1.017ms total 42.613ms
08-06 01:59:29.840 18522 18535 I art     : Starting a blocking GC Explicit
08-06 01:59:29.881 18522 18535 I art     : Explicit concurrent mark sweep GC freed 4(128B) AllocSpace objects, 0(0B) LOS objects, 10% free, 134MB/150MB, paused 956us total 41.597ms
08-06 01:59:29.900 18522 18535 I art     : Starting a blocking GC Explicit
08-06 01:59:29.949 18522 18535 I art     : Explicit concurrent mark sweep GC freed 11(352B) AllocSpace objects, 0(0B) LOS objects, 10% free, 134MB/150MB, paused 933us total 49.227ms
08-06 01:59:30.109 19833 19833 D AndroidRuntime: >>>>>> START com.android.internal.os.RuntimeInit uid 2000 <<<<<<
08-06 01:59:30.116 19833 19833 D AndroidRuntime: CheckJNI is OFF
08-06 01:59:30.159 19833 19833 D ICU     : No timezone override file found: /data/misc/zoneinfo/current/icu/icu_tzdata.dat
08-06 01:59:30.180 12075 12075 I ServiceManager: Waiting for service AtCmdFwd...
08-06 01:59:30.199 19833 19833 I Radio-JNI: register_android_hardware_Radio DONE
08-06 01:59:30.226 19833 19833 D AndroidRuntime: Calling main entry com.android.commands.input.Input
08-06 01:59:30.228 19833 19833 I Input   : injectMotionEvent: MotionEvent { action=ACTION_DOWN, actionButton=0, id[0]=0, x[0]=747.0, y[0]=608.0, toolType[0]=TOOL_TYPE_UNKNOWN, buttonState=0, metaState=0, flags=0x0, edgeFlags=0x0, pointerCount=1, historySize=0, eventTime=842386641, downTime=842386641, deviceId=0, source=0x1002 }
08-06 01:59:30.233 19833 19833 I Input   : injectMotionEvent: MotionEvent { action=ACTION_UP, actionButton=0, id[0]=0, x[0]=747.0, y[0]=608.0, toolType[0]=TOOL_TYPE_UNKNOWN, buttonState=0, metaState=0, flags=0x0, edgeFlags=0x0, pointerCount=1, historySize=0, eventTime=842386641, downTime=842386641, deviceId=0, source=0x1002 }
08-06 01:59:30.234 19833 19833 D AndroidRuntime: Shutting down VM
08-06 01:59:30.236   512  2967 D audio_hw_primary: out_set_parameters: enter: usecase(1: low-latency-playback) kvpairs: routing=2
08-06 01:59:30.245   918  6029 I ActivityManager: START u0 {cmp=baseline.io.github.project_travel_mate/.utilities.ChecklistActivity} from uid 10696 on display 0
08-06 01:59:30.250   512  2967 D audio_hw_primary: select_devices: out_snd_device(2: speaker) in_snd_device(0: none)
08-06 01:59:30.250   512  2967 D msm8974_platform: platform_send_audio_calibration: sending audio calibration for snd_device(2) acdb_id(15)
08-06 01:59:30.250   512  2967 I soundtrigger: audio_extn_sound_trigger_update_device_status: device 0x2 of type 0 for Event 1
08-06 01:59:30.262   512  2967 D audio_hw_primary: enable_snd_device: snd_device(2: speaker)
08-06 01:59:30.264   512  2967 D audio_hw_primary: enable_audio_route: apply and update mixer path: low-latency-playback speaker
08-06 01:59:30.366 18522 18535 I art     : Starting a blocking GC Explicit
08-06 01:59:30.414 18522 18535 I art     : Explicit concurrent mark sweep GC freed 2721(258KB) AllocSpace objects, 2(36KB) LOS objects, 10% free, 135MB/151MB, paused 1.599ms total 47.664ms
08-06 01:59:30.433 18522 18535 I art     : Starting a blocking GC Explicit
08-06 01:59:30.455   918   936 I ActivityManager: Displayed baseline.io.github.project_travel_mate/.utilities.ChecklistActivity: +202ms
08-06 01:59:30.456 13866 13866 I GoogleInputMethodServic: GoogleInputMethodService.onFinishInput():3138 
08-06 01:59:30.456 13866 13866 I GoogleInputMethodServic: GoogleInputMethodService.onStartInput():1808 
08-06 01:59:30.480 18522 18535 I art     : Explicit concurrent mark sweep GC freed 667(36KB) AllocSpace objects, 0(0B) LOS objects, 10% free, 135MB/151MB, paused 1.158ms total 46.831ms
08-06 01:59:30.499 18522 18535 I art     : Starting a blocking GC Explicit
08-06 01:59:30.536 18522 18535 I art     : Explicit concurrent mark sweep GC freed 207(10KB) AllocSpace objects, 0(0B) LOS objects, 10% free, 135MB/151MB, paused 962us total 37.012ms
08-06 01:59:30.553 18522 18535 I art     : Starting a blocking GC Explicit
08-06 01:59:30.590 18522 18535 I art     : Explicit concurrent mark sweep GC freed 5(176B) AllocSpace objects, 0(0B) LOS objects, 10% free, 135MB/151MB, paused 956us total 37.500ms
08-06 01:59:30.607 18522 18535 I art     : Starting a blocking GC Explicit
08-06 01:59:30.643 18522 18535 I art     : Explicit concurrent mark sweep GC freed 3(96B) AllocSpace objects, 0(0B) LOS objects, 10% free, 135MB/151MB, paused 946us total 36.439ms
08-06 01:59:30.710   380   380 W SurfaceFlinger: couldn't log to binary event log: overflow.
08-06 01:59:30.798   512  2967 D audio_hw_primary: disable_audio_route: reset and update mixer path: low-latency-playback speaker
08-06 01:59:30.800   512  2967 D audio_hw_primary: disable_snd_device: snd_device(2: speaker)
08-06 01:59:30.807   512  2967 I soundtrigger: audio_extn_sound_trigger_update_device_status: device 0x2 of type 0 for Event 0
08-06 01:59:31.023 18522 18540 I art     : Starting a blocking GC Explicit
08-06 01:59:31.069 18522 18540 I art     : Explicit concurrent mark sweep GC freed 1632(94KB) AllocSpace objects, 2(36KB) LOS objects, 10% free, 135MB/151MB, paused 1.119ms total 45.455ms
08-06 01:59:31.086 18522 18540 I art     : Starting a blocking GC Explicit
08-06 01:59:31.131 18522 18540 I art     : Explicit concurrent mark sweep GC freed 36(1280B) AllocSpace objects, 0(0B) LOS objects, 10% free, 135MB/151MB, paused 997us total 44.403ms
08-06 01:59:31.148 18522 18540 I art     : Starting a blocking GC Explicit
08-06 01:59:31.181 12075 12075 I ServiceManager: Waiting for service AtCmdFwd...
08-06 01:59:31.193 18522 18540 I art     : Explicit concurrent mark sweep GC freed 3(96B) AllocSpace objects, 0(0B) LOS objects, 10% free, 135MB/151MB, paused 1.133ms total 44.568ms
08-06 01:59:31.213 18522 18540 I art     : Starting a blocking GC Explicit
08-06 01:59:31.257 18522 18540 I art     : Explicit concurrent mark sweep GC freed 3(96B) AllocSpace objects, 0(0B) LOS objects, 10% free, 135MB/151MB, paused 1.134ms total 43.622ms
08-06 01:59:31.274 18522 18540 I art     : Starting a blocking GC Explicit
08-06 01:59:31.320 18522 18540 I art     : Explicit concurrent mark sweep GC freed 3(96B) AllocSpace objects, 0(0B) LOS objects, 10% free, 135MB/151MB, paused 1.173ms total 44.727ms
08-06 01:59:31.718 18522 18534 I art     : Starting a blocking GC Explicit
08-06 01:59:31.771 18522 18534 I art     : Explicit concurrent mark sweep GC freed 1617(93KB) AllocSpace objects, 2(36KB) LOS objects, 10% free, 135MB/151MB, paused 1.170ms total 52.814ms
08-06 01:59:31.791 18522 18534 I art     : Starting a blocking GC Explicit
08-06 01:59:31.834 18522 18534 I art     : Explicit concurrent mark sweep GC freed 28(1024B) AllocSpace objects, 0(0B) LOS objects, 10% free, 135MB/151MB, paused 1.080ms total 43.050ms
08-06 01:59:31.852 18522 18534 I art     : Starting a blocking GC Explicit
08-06 01:59:31.897 18522 18534 I art     : Explicit concurrent mark sweep GC freed 3(96B) AllocSpace objects, 0(0B) LOS objects, 10% free, 135MB/151MB, paused 1.249ms total 45.361ms
08-06 01:59:31.915 18522 18534 I art     : Starting a blocking GC Explicit
08-06 01:59:31.962 18522 18534 I art     : Explicit concurrent mark sweep GC freed 3(96B) AllocSpace objects, 0(0B) LOS objects, 10% free, 135MB/151MB, paused 1.130ms total 47.006ms
08-06 01:59:31.980 18522 18534 I art     : Starting a blocking GC Explicit
08-06 01:59:32.029 18522 18534 I art     : Explicit concurrent mark sweep GC freed 3(96B) AllocSpace objects, 0(0B) LOS objects, 10% free, 135MB/151MB, paused 1.147ms total 48.429ms
08-06 01:59:32.182 12075 12075 I ServiceManager: Waiting for service AtCmdFwd...
08-06 01:59:32.448 18522 18796 I art     : Starting a blocking GC Explicit
08-06 01:59:32.510 18522 18796 I art     : Explicit concurrent mark sweep GC freed 1626(93KB) AllocSpace objects, 2(36KB) LOS objects, 10% free, 135MB/151MB, paused 1.176ms total 61.856ms
08-06 01:59:32.531 18522 18796 I art     : Starting a blocking GC Explicit
08-06 01:59:32.578 18522 18796 I art     : Explicit concurrent mark sweep GC freed 45(1840B) AllocSpace objects, 0(0B) LOS objects, 10% free, 135MB/151MB, paused 1.183ms total 47.362ms
08-06 01:59:32.596 18522 18796 I art     : Starting a blocking GC Explicit
08-06 01:59:32.645 18522 18796 I art     : Explicit concurrent mark sweep GC freed 14(720B) AllocSpace objects, 0(0B) LOS objects, 10% free, 135MB/151MB, paused 1.121ms total 48.262ms
08-06 01:59:32.662 18522 18796 I art     : Starting a blocking GC Explicit
08-06 01:59:32.710 18522 18796 I art     : Explicit concurrent mark sweep GC freed 14(672B) AllocSpace objects, 0(0B) LOS objects, 10% free, 135MB/151MB, paused 1.209ms total 47.246ms
08-06 01:59:32.711 18522 18533 I art     : WaitForGcToComplete blocked for 47.713ms for cause HeapTrim
08-06 01:59:32.733 18522 18796 I art     : Starting a blocking GC Explicit
08-06 01:59:32.782 18522 18796 I art     : Explicit concurrent mark sweep GC freed 3(96B) AllocSpace objects, 0(0B) LOS objects, 10% free, 135MB/151MB, paused 1.187ms total 48.858ms
08-06 01:59:33.183 12075 12075 I ServiceManager: Waiting for service AtCmdFwd...
08-06 01:59:33.194 18522 18535 I art     : Starting a blocking GC Explicit
08-06 01:59:33.253 18522 18535 I art     : Explicit concurrent mark sweep GC freed 1582(92KB) AllocSpace objects, 2(36KB) LOS objects, 10% free, 135MB/151MB, paused 1.136ms total 58.727ms
08-06 01:59:33.274 18522 18535 I art     : Starting a blocking GC Explicit
08-06 01:59:33.324 18522 18535 I art     : Explicit concurrent mark sweep GC freed 58(1824B) AllocSpace objects, 0(0B) LOS objects, 10% free, 135MB/151MB, paused 1.068ms total 49.709ms
08-06 01:59:33.342 18522 18535 I art     : Starting a blocking GC Explicit
08-06 01:59:33.389 18522 18535 I art     : Explicit concurrent mark sweep GC freed 4(128B) AllocSpace objects, 0(0B) LOS objects, 10% free, 135MB/151MB, paused 1.180ms total 46.814ms
08-06 01:59:33.410 18522 18535 I art     : Starting a blocking GC Explicit
08-06 01:59:33.457 18522 18535 I art     : Explicit concurrent mark sweep GC freed 3(96B) AllocSpace objects, 0(0B) LOS objects, 10% free, 135MB/151MB, paused 1.134ms total 47.158ms
08-06 01:59:33.475 18522 18535 I art     : Starting a blocking GC Explicit
08-06 01:59:33.523 18522 18535 I art     : Explicit concurrent mark sweep GC freed 3(96B) AllocSpace objects, 0(0B) LOS objects, 10% free, 135MB/151MB, paused 1.150ms total 48.427ms
08-06 01:59:33.950 18522 18540 I art     : Starting a blocking GC Explicit
08-06 01:59:34.006 18522 18540 I art     : Explicit concurrent mark sweep GC freed 1584(92KB) AllocSpace objects, 2(36KB) LOS objects, 10% free, 135MB/151MB, paused 1.171ms total 55.303ms
08-06 01:59:34.026 18522 18540 I art     : Starting a blocking GC Explicit
08-06 01:59:34.073 18522 18540 I art     : Explicit concurrent mark sweep GC freed 28(1024B) AllocSpace objects, 0(0B) LOS objects, 10% free, 135MB/151MB, paused 1.101ms total 47.127ms
08-06 01:59:34.094 18522 18540 I art     : Starting a blocking GC Explicit
08-06 01:59:34.143 18522 18540 I art     : Explicit concurrent mark sweep GC freed 3(96B) AllocSpace objects, 0(0B) LOS objects, 10% free, 135MB/151MB, paused 1.130ms total 48.932ms
08-06 01:59:34.161 18522 18540 I art     : Starting a blocking GC Explicit
08-06 01:59:34.183 12075 12075 W Atfwd_Sendcmd: AtCmdFwd service not published, waiting... retryCnt : 4
08-06 01:59:34.210 18522 18540 I art     : Explicit concurrent mark sweep GC freed 3(96B) AllocSpace objects, 0(0B) LOS objects, 10% free, 135MB/151MB, paused 1.153ms total 48.744ms
08-06 01:59:34.232 18522 18540 I art     : Starting a blocking GC Explicit
08-06 01:59:34.281 18522 18540 I art     : Explicit concurrent mark sweep GC freed 3(96B) AllocSpace objects, 0(0B) LOS objects, 10% free, 135MB/151MB, paused 1.195ms total 48.852ms
08-06 01:59:34.707 18522 18534 I art     : Starting a blocking GC Explicit
08-06 01:59:34.755 18522 18534 I art     : Explicit concurrent mark sweep GC freed 1614(92KB) AllocSpace objects, 2(36KB) LOS objects, 10% free, 135MB/151MB, paused 1.129ms total 47.100ms
08-06 01:59:34.772 18522 18534 I art     : Starting a blocking GC Explicit
08-06 01:59:34.818 18522 18534 I art     : Explicit concurrent mark sweep GC freed 28(1024B) AllocSpace objects, 0(0B) LOS objects, 10% free, 135MB/151MB, paused 1.232ms total 45.689ms
08-06 01:59:34.835 18522 18534 I art     : Starting a blocking GC Explicit
08-06 01:59:34.880 18522 18534 I art     : Explicit concurrent mark sweep GC freed 3(96B) AllocSpace objects, 0(0B) LOS objects, 10% free, 135MB/151MB, paused 1.205ms total 43.875ms
08-06 01:59:34.897 18522 18534 I art     : Starting a blocking GC Explicit
08-06 01:59:34.943 18522 18534 I art     : Explicit concurrent mark sweep GC freed 3(96B) AllocSpace objects, 0(0B) LOS objects, 10% free, 135MB/151MB, paused 1.133ms total 45.268ms
08-06 01:59:34.960 18522 18534 I art     : Starting a blocking GC Explicit
08-06 01:59:35.006 18522 18534 I art     : Explicit concurrent mark sweep GC freed 3(96B) AllocSpace objects, 0(0B) LOS objects, 10% free, 135MB/151MB, paused 1.143ms total 45.278ms
08-06 01:59:35.064 19914 19914 D AndroidRuntime: >>>>>> START com.android.internal.os.RuntimeInit uid 2000 <<<<<<
08-06 01:59:35.071 19914 19914 D AndroidRuntime: CheckJNI is OFF
08-06 01:59:35.118 19914 19914 D ICU     : No timezone override file found: /data/misc/zoneinfo/current/icu/icu_tzdata.dat
08-06 01:59:35.167 19914 19914 I Radio-JNI: register_android_hardware_Radio DONE
08-06 01:59:35.198 19914 19914 D AndroidRuntime: Calling main entry com.android.commands.input.Input
08-06 01:59:35.200 19914 19914 I Input   : injectKeyEvent: KeyEvent { action=ACTION_DOWN, keyCode=KEYCODE_BACK, scanCode=0, metaState=0, flags=0x0, repeatCount=0, eventTime=842391613, downTime=842391613, deviceId=-1, source=0x101 }
08-06 01:59:35.208 19914 19914 I Input   : injectKeyEvent: KeyEvent { action=ACTION_UP, keyCode=KEYCODE_BACK, scanCode=0, metaState=0, flags=0x0, repeatCount=0, eventTime=842391613, downTime=842391613, deviceId=-1, source=0x101 }
08-06 01:59:35.214 19914 19914 D AndroidRuntime: Shutting down VM
08-06 01:59:35.231 18522 18522 V MainActivity: url = https://project-travel-mate.herokuapp.com/api/number-of-unread-notifications
08-06 01:59:35.260 13866 13866 I GoogleInputMethodServic: GoogleInputMethodService.onFinishInput():3138 
08-06 01:59:35.261 13866 13866 I GoogleInputMethodServic: GoogleInputMethodService.onStartInput():1808 
08-06 01:59:35.400 18522 18535 I art     : Starting a blocking GC Explicit
08-06 01:59:35.452 18522 18535 I art     : Explicit concurrent mark sweep GC freed 2012(108KB) AllocSpace objects, 2(36KB) LOS objects, 10% free, 135MB/151MB, paused 1.183ms total 51.598ms
08-06 01:59:35.473 18522 18535 I art     : Starting a blocking GC Explicit
08-06 01:59:35.507   518   646 I ThermalEngine: ACTION: GPU - Setting GPU[0] to 510000000
08-06 01:59:35.525 18522 18535 I art     : Explicit concurrent mark sweep GC freed 117(5KB) AllocSpace objects, 0(0B) LOS objects, 10% free, 135MB/151MB, paused 1.319ms total 51.170ms
08-06 01:59:35.542 18522 18535 I art     : Starting a blocking GC Explicit
08-06 01:59:35.549   380   380 W SurfaceFlinger: couldn't log to binary event log: overflow.
08-06 01:59:35.577 18522 18535 I art     : Explicit concurrent mark sweep GC freed 476(23KB) AllocSpace objects, 0(0B) LOS objects, 10% free, 135MB/151MB, paused 878us total 34.421ms
08-06 01:59:35.590 18522 18535 I art     : Starting a blocking GC Explicit
08-06 01:59:35.622 18522 18535 I art     : Explicit concurrent mark sweep GC freed 132(6KB) AllocSpace objects, 0(0B) LOS objects, 10% free, 135MB/151MB, paused 837us total 31.848ms
08-06 01:59:35.634 18522 18535 I art     : Starting a blocking GC Explicit
08-06 01:59:35.668 18522 18535 I art     : Explicit concurrent mark sweep GC freed 10(384B) AllocSpace objects, 0(0B) LOS objects, 10% free, 135MB/151MB, paused 962us total 34.162ms
08-06 01:59:36.021 18522 18540 I art     : Starting a blocking GC Explicit
08-06 01:59:36.068 18522 18540 I art     : Explicit concurrent mark sweep GC freed 4103(222KB) AllocSpace objects, 5(236KB) LOS objects, 10% free, 135MB/151MB, paused 989us total 46.696ms
08-06 01:59:36.086 18522 18540 I art     : Starting a blocking GC Explicit
08-06 01:59:36.123 18522 18540 I art     : Explicit concurrent mark sweep GC freed 958(116KB) AllocSpace objects, 0(0B) LOS objects, 10% free, 135MB/151MB, paused 904us total 37.513ms
08-06 01:59:36.137 18522 18540 I art     : Starting a blocking GC Explicit
08-06 01:59:36.173 18522 18540 I art     : Explicit concurrent mark sweep GC freed 69(2896B) AllocSpace objects, 0(0B) LOS objects, 10% free, 135MB/151MB, paused 888us total 35.987ms
08-06 01:59:36.187 18522 18540 I art     : Starting a blocking GC Explicit
08-06 01:59:36.223 18522 18540 I art     : Explicit concurrent mark sweep GC freed 12(448B) AllocSpace objects, 0(0B) LOS objects, 10% free, 135MB/151MB, paused 856us total 36.234ms
08-06 01:59:36.237 18522 18540 I art     : Starting a blocking GC Explicit
08-06 01:59:36.273 18522 18540 I art     : Explicit concurrent mark sweep GC freed 3(96B) AllocSpace objects, 0(0B) LOS objects, 10% free, 135MB/151MB, paused 889us total 35.694ms
08-06 01:59:36.422 18522 19943 I NAPPA_EXPERIMENTATION: MetricNetworkRequestExecutionTime: REQUEST_DURATION_SYSTEM='1189',REQUEST_DURATION_OKHTTP='275',REQUEST_SYNCHRONOUS='FALSE',RESPONSE_CODE='200',RESPONSE_METHOD='GET',RESPONSE_LENGTH_OKHTTP='36',RESPONSE_LENGTH_HEADER='36',REQUEST_PROTOCOL='http/1.1',REQUEST_URL='https://project-travel-mate.herokuapp.com/api/number-of-unread-notifications',
08-06 01:59:36.605 18522 18796 I art     : Starting a blocking GC Explicit
08-06 01:59:36.650 18522 18796 I art     : Explicit concurrent mark sweep GC freed 1832(108KB) AllocSpace objects, 2(36KB) LOS objects, 10% free, 135MB/151MB, paused 1.028ms total 44.612ms
08-06 01:59:36.663 18522 18796 I art     : Starting a blocking GC Explicit
08-06 01:59:36.699 18522 18796 I art     : Explicit concurrent mark sweep GC freed 35(1360B) AllocSpace objects, 0(0B) LOS objects, 10% free, 135MB/151MB, paused 914us total 35.019ms
08-06 01:59:36.712 18522 18796 I art     : Starting a blocking GC Explicit
08-06 01:59:36.746 18522 18796 I art     : Explicit concurrent mark sweep GC freed 3(96B) AllocSpace objects, 0(0B) LOS objects, 10% free, 135MB/151MB, paused 958us total 34.685ms
08-06 01:59:36.760 18522 18796 I art     : Starting a blocking GC Explicit
08-06 01:59:36.795 18522 18796 I art     : Explicit concurrent mark sweep GC freed 3(96B) AllocSpace objects, 0(0B) LOS objects, 10% free, 135MB/151MB, paused 859us total 34.883ms
08-06 01:59:36.808 18522 18796 I art     : Starting a blocking GC Explicit
08-06 01:59:36.842 18522 18796 I art     : Explicit concurrent mark sweep GC freed 3(96B) AllocSpace objects, 0(0B) LOS objects, 10% free, 135MB/151MB, paused 838us total 34.346ms
08-06 01:59:36.893 19960 19960 D AndroidRuntime: >>>>>> START com.android.internal.os.RuntimeInit uid 2000 <<<<<<
08-06 01:59:36.899 19960 19960 D AndroidRuntime: CheckJNI is OFF
08-06 01:59:36.934 19960 19960 D ICU     : No timezone override file found: /data/misc/zoneinfo/current/icu/icu_tzdata.dat
08-06 01:59:36.969 19960 19960 I Radio-JNI: register_android_hardware_Radio DONE
08-06 01:59:36.994 19960 19960 D AndroidRuntime: Calling main entry com.android.commands.input.Input
08-06 01:59:36.997 19960 19960 I Input   : injectMotionEvent: MotionEvent { action=ACTION_DOWN, actionButton=0, id[0]=0, x[0]=657.0, y[0]=2037.0, toolType[0]=TOOL_TYPE_UNKNOWN, buttonState=0, metaState=0, flags=0x0, edgeFlags=0x0, pointerCount=1, historySize=0, eventTime=842393409, downTime=842393409, deviceId=0, source=0x1002 }
08-06 01:59:37.003 19960 19960 I Input   : injectMotionEvent: MotionEvent { action=ACTION_UP, actionButton=0, id[0]=0, x[0]=657.0, y[0]=2037.0, toolType[0]=TOOL_TYPE_UNKNOWN, buttonState=0, metaState=0, flags=0x0, edgeFlags=0x0, pointerCount=1, historySize=0, eventTime=842393409, downTime=842393409, deviceId=0, source=0x1002 }
08-06 01:59:37.005 19960 19960 D AndroidRuntime: Shutting down VM
08-06 01:59:37.018   918  4413 I ActivityManager: START u0 {cmp=baseline.io.github.project_travel_mate/.utilities.CompassActivity} from uid 10696 on display 0
08-06 01:59:37.019   512  2967 D audio_hw_primary: out_set_parameters: enter: usecase(1: low-latency-playback) kvpairs: routing=2
08-06 01:59:37.033   512  2967 D audio_hw_primary: select_devices: out_snd_device(2: speaker) in_snd_device(0: none)
08-06 01:59:37.033   512  2967 D msm8974_platform: platform_send_audio_calibration: sending audio calibration for snd_device(2) acdb_id(15)
08-06 01:59:37.034   512  2967 I soundtrigger: audio_extn_sound_trigger_update_device_status: device 0x2 of type 0 for Event 1
08-06 01:59:37.046   512  2967 D audio_hw_primary: enable_snd_device: snd_device(2: speaker)
08-06 01:59:37.048   512  2967 D audio_hw_primary: enable_audio_route: apply and update mixer path: low-latency-playback speaker
08-06 01:59:37.183 18522 18540 I art     : Starting a blocking GC Explicit
08-06 01:59:37.218 18522 18540 I art     : Explicit concurrent mark sweep GC freed 110(4KB) AllocSpace objects, 0(0B) LOS objects, 7% free, 184MB/200MB, paused 987us total 35.063ms
08-06 01:59:37.232 18522 18540 I art     : Starting a blocking GC Explicit
08-06 01:59:37.264 18522 18540 I art     : Explicit concurrent mark sweep GC freed 3(96B) AllocSpace objects, 0(0B) LOS objects, 7% free, 184MB/200MB, paused 889us total 31.640ms
08-06 01:59:37.276 18522 18540 I art     : Starting a blocking GC Explicit
08-06 01:59:37.308 18522 18540 I art     : Explicit concurrent mark sweep GC freed 7(224B) AllocSpace objects, 0(0B) LOS objects, 7% free, 184MB/200MB, paused 889us total 31.561ms
08-06 01:59:37.320 18522 18540 I art     : Starting a blocking GC Explicit
08-06 01:59:37.352 18522 18540 I art     : Explicit concurrent mark sweep GC freed 43(1408B) AllocSpace objects, 0(0B) LOS objects, 7% free, 184MB/200MB, paused 865us total 31.664ms
08-06 01:59:37.365 18522 18540 I art     : Starting a blocking GC Explicit
08-06 01:59:37.397 18522 18540 I art     : Explicit concurrent mark sweep GC freed 17(528B) AllocSpace objects, 0(0B) LOS objects, 7% free, 184MB/200MB, paused 899us total 31.618ms
08-06 01:59:37.456 18522 18522 D CompassActivity: start compass
08-06 01:59:37.457   918  4413 I sensors : batch
08-06 01:59:37.457   918  4413 I sensors : activate
08-06 01:59:37.458   918  5481 I sensors : batch
08-06 01:59:37.458   918  5481 I sensors : activate
08-06 01:59:37.464   918  3188 I hubconnection: sensorhub said: 'batch 1 flags:0, sampling_rate_Hz:50.00, max_report_latency_us:0'
08-06 01:59:37.465   918  3188 I hubconnection: sensorhub said: 'activate 1 enable:1'
08-06 01:59:37.466   918  3188 I hubconnection: sensorhub said: 'batch 3 flags:0, sampling_rate_Hz:50.00, max_report_latency_us:0'
08-06 01:59:37.467   918  3188 I hubconnection: sensorhub said: 'activate 3 enable:1'
08-06 01:59:37.513   518   646 I ThermalEngine: ACTION: GPU - Setting GPU[0] to 450000000
08-06 01:59:37.589   512  2967 D audio_hw_primary: disable_audio_route: reset and update mixer path: low-latency-playback speaker
08-06 01:59:37.590   512  2967 D audio_hw_primary: disable_snd_device: snd_device(2: speaker)
08-06 01:59:37.598   512  2967 I soundtrigger: audio_extn_sound_trigger_update_device_status: device 0x2 of type 0 for Event 0
08-06 01:59:37.641   918   936 I ActivityManager: Displayed baseline.io.github.project_travel_mate/.utilities.CompassActivity: +605ms
08-06 01:59:37.642 18522 18522 D CompassActivity: will set rotation from 0.0 to 178.94019
08-06 01:59:37.643 13866 13866 I GoogleInputMethodServic: GoogleInputMethodService.onFinishInput():3138 
08-06 01:59:37.643 18522 18522 D CompassActivity: will set rotation from 178.94019 to 179.05688
08-06 01:59:37.644 18522 18522 D CompassActivity: will set rotation from 179.05688 to 179.06921
08-06 01:59:37.644 13866 13866 I GoogleInputMethodServic: GoogleInputMethodService.onStartInput():1808 
08-06 01:59:37.737 18522 18522 D CompassActivity: will set rotation from 179.06921 to 179.11047
08-06 01:59:37.737 18522 18522 D CompassActivity: will set rotation from 179.11047 to 179.10419
08-06 01:59:37.737 18522 18522 D CompassActivity: will set rotation from 179.10419 to 178.93475
08-06 01:59:37.737 18522 18522 D CompassActivity: will set rotation from 178.93475 to 178.93347
08-06 01:59:37.738 18522 18522 D CompassActivity: will set rotation from 178.93347 to 178.81024
08-06 01:59:37.738 18522 18522 D CompassActivity: will set rotation from 178.81024 to 178.8128
08-06 01:59:37.738 18522 18522 D CompassActivity: will set rotation from 178.8128 to 178.7959
08-06 01:59:37.738 18522 18522 D CompassActivity: will set rotation from 178.7959 to 178.79187
08-06 01:59:37.793 18522 18796 I art     : Starting a blocking GC Explicit
08-06 01:59:37.836 18522 18796 I art     : Explicit concurrent mark sweep GC freed 1902(110KB) AllocSpace objects, 2(36KB) LOS objects, 7% free, 187MB/203MB, paused 1.145ms total 42.981ms
08-06 01:59:37.854 18522 18796 I art     : Starting a blocking GC Explicit
08-06 01:59:37.855 18522 18522 D CompassActivity: will set rotation from 178.79187 to 178.64691
08-06 01:59:37.855 18522 18522 D CompassActivity: will set rotation from 178.64691 to 178.64142
08-06 01:59:37.855 18522 18522 D CompassActivity: will set rotation from 178.64142 to 178.78522
08-06 01:59:37.855 18522 18522 D CompassActivity: will set rotation from 178.78522 to 178.78882
08-06 01:59:37.855 18522 18522 D CompassActivity: will set rotation from 178.78882 to 178.90338
08-06 01:59:37.855 18522 18522 D CompassActivity: will set rotation from 178.90338 to 178.90448
08-06 01:59:37.855 18522 18522 D CompassActivity: will set rotation from 178.90448 to 178.94714
08-06 01:59:37.855 18522 18522 D CompassActivity: will set rotation from 178.94714 to 178.94177
08-06 01:59:37.856 18522 18522 D CompassActivity: will set rotation from 178.94177 to 178.92517
08-06 01:59:37.856 18522 18522 D CompassActivity: will set rotation from 178.92517 to 178.92645
08-06 01:59:37.856 18522 18522 D CompassActivity: will set rotation from 178.92645 to 178.86108
08-06 01:59:37.856 18522 18522 D CompassActivity: will set rotation from 178.86108 to 178.86328
08-06 01:59:37.862 18522 18522 D CompassActivity: will set rotation from 178.86328 to 178.80511
08-06 01:59:37.863 18522 18522 D CompassActivity: will set rotation from 178.80511 to 178.80609
08-06 01:59:37.882 18522 18522 D CompassActivity: will set rotation from 178.80609 to 178.7992
08-06 01:59:37.882 18522 18522 D CompassActivity: will set rotation from 178.7992 to 178.79834
08-06 01:59:37.892 18522 18796 I art     : Explicit concurrent mark sweep GC freed 306(15KB) AllocSpace objects, 0(0B) LOS objects, 7% free, 187MB/203MB, paused 945us total 37.741ms
08-06 01:59:37.902   380   380 W SurfaceFlinger: couldn't log to binary event log: overflow.
08-06 01:59:37.905 18522 18522 D CompassActivity: will set rotation from 178.79834 to 178.87775
08-06 01:59:37.905 18522 18522 D CompassActivity: will set rotation from 178.87775 to 178.88019
08-06 01:59:37.909 18522 18796 I art     : Starting a blocking GC Explicit
08-06 01:59:37.922 18522 18522 D CompassActivity: will set rotation from 178.88019 to 178.87207
08-06 01:59:37.922 18522 18522 D CompassActivity: will set rotation from 178.87207 to 178.8711
08-06 01:59:37.942 18522 18522 D CompassActivity: will set rotation from 178.8711 to 178.87048
08-06 01:59:37.942 18522 18522 D CompassActivity: will set rotation from 178.87048 to 178.87177
08-06 01:59:37.947 18522 18796 I art     : Explicit concurrent mark sweep GC freed 243(10KB) AllocSpace objects, 0(0B) LOS objects, 7% free, 187MB/203MB, paused 958us total 37.837ms
08-06 01:59:37.962 18522 18522 D CompassActivity: will set rotation from 178.87177 to 178.87354
08-06 01:59:37.962 18522 18522 D CompassActivity: will set rotation from 178.87354 to 178.8747
08-06 01:59:37.963 18522 18796 I art     : Starting a blocking GC Explicit
08-06 01:59:37.982 18522 18522 D CompassActivity: will set rotation from 178.8747 to 178.8753
08-06 01:59:37.982 18522 18522 D CompassActivity: will set rotation from 178.8753 to 178.87311
08-06 01:59:38.002 18522 18522 D CompassActivity: will set rotation from 178.87311 to 178.93408
08-06 01:59:38.002 18522 18522 D CompassActivity: will set rotation from 178.93408 to 178.93506
08-06 01:59:38.002 18522 18796 I art     : Explicit concurrent mark sweep GC freed 109(5KB) AllocSpace objects, 0(0B) LOS objects, 7% free, 187MB/203MB, paused 996us total 38.680ms
08-06 01:59:38.020 18522 18796 I art     : Starting a blocking GC Explicit
08-06 01:59:38.063 18522 18796 I art     : Explicit concurrent mark sweep GC freed 69(3KB) AllocSpace objects, 0(0B) LOS objects, 7% free, 187MB/203MB, paused 1.007ms total 42.645ms
08-06 01:59:38.105 18522 18522 D CompassActivity: will set rotation from 178.93506 to 179.02148
08-06 01:59:38.106 18522 18522 D CompassActivity: will set rotation from 179.02148 to 179.02246
08-06 01:59:38.106 18522 18522 D CompassActivity: will set rotation from 179.02246 to 179.03906
08-06 01:59:38.106 18522 18522 D CompassActivity: will set rotation from 179.03906 to 179.03955
08-06 01:59:38.106 18522 18522 D CompassActivity: will set rotation from 179.03955 to 179.06152
08-06 01:59:38.106 18522 18522 D CompassActivity: will set rotation from 179.06152 to 179.06287
08-06 01:59:38.106 18522 18522 D CompassActivity: will set rotation from 179.06287 to 179.0741
08-06 01:59:38.106 18522 18522 D CompassActivity: will set rotation from 179.0741 to 179.07709
08-06 01:59:38.106 18522 18522 D CompassActivity: will set rotation from 179.07709 to 179.09265
08-06 01:59:38.107 18522 18522 D CompassActivity: will set rotation from 179.09265 to 179.09271
08-06 01:59:38.125 18522 18522 D CompassActivity: will set rotation from 179.09271 to 179.13562
08-06 01:59:38.126 18522 18522 D CompassActivity: will set rotation from 179.13562 to 179.13422
08-06 01:59:38.141 18522 18522 D CompassActivity: will set rotation from 179.13422 to 179.14685
08-06 01:59:38.141 18522 18522 D CompassActivity: will set rotation from 179.14685 to 179.14526
08-06 01:59:38.161 18522 18522 D CompassActivity: will set rotation from 179.14526 to 179.12854
08-06 01:59:38.161 18522 18522 D CompassActivity: will set rotation from 179.12854 to 179.13068
08-06 01:59:38.181 18522 18522 D CompassActivity: will set rotation from 179.13068 to 179.1175
08-06 01:59:38.181 18522 18522 D CompassActivity: will set rotation from 179.1175 to 179.1156
08-06 01:59:38.206 18522 18522 D CompassActivity: will set rotation from 179.1156 to 179.1247
08-06 01:59:38.207 18522 18522 D CompassActivity: will set rotation from 179.1247 to 179.12451
08-06 01:59:38.222 18522 18522 D CompassActivity: will set rotation from 179.12451 to 179.13354
08-06 01:59:38.223 18522 18522 D CompassActivity: will set rotation from 179.13354 to 179.1341
08-06 01:59:38.244 18522 18522 D CompassActivity: will set rotation from 179.1341 to 179.14185
08-06 01:59:38.245 18522 18522 D CompassActivity: will set rotation from 179.14185 to 179.14203
08-06 01:59:38.261 18522 18522 D CompassActivity: will set rotation from 179.14203 to 179.1499
08-06 01:59:38.261 18522 18522 D CompassActivity: will set rotation from 179.1499 to 179.15027
08-06 01:59:38.281 18522 18522 D CompassActivity: will set rotation from 179.15027 to 179.16125
08-06 01:59:38.281 18522 18522 D CompassActivity: will set rotation from 179.16125 to 179.15997
08-06 01:59:38.301 18522 18522 D CompassActivity: will set rotation from 179.15997 to 179.19019
08-06 01:59:38.301 18522 18522 D CompassActivity: will set rotation from 179.19019 to 179.19177
08-06 01:59:38.321 18522 18522 D CompassActivity: will set rotation from 179.19177 to 179.19495
08-06 01:59:38.322 18522 18522 D CompassActivity: will set rotation from 179.19495 to 179.19458
08-06 01:59:38.341 18522 18522 D CompassActivity: will set rotation from 179.19458 to 179.20007
08-06 01:59:38.341 18522 18522 D CompassActivity: will set rotation from 179.20007 to 179.19849
08-06 01:59:38.360 18522 18522 D CompassActivity: will set rotation from 179.19849 to 179.22437
08-06 01:59:38.360 18522 18522 D CompassActivity: will set rotation from 179.22437 to 179.2215
08-06 01:59:38.381 18522 18522 D CompassActivity: will set rotation from 179.2215 to 179.22748
08-06 01:59:38.381 18522 18522 D CompassActivity: will set rotation from 179.22748 to 179.22705
08-06 01:59:38.400 18522 18522 D CompassActivity: will set rotation from 179.22705 to 179.2727
08-06 01:59:38.401 18522 18522 D CompassActivity: will set rotation from 179.2727 to 179.27344
08-06 01:59:38.421 18522 18522 D CompassActivity: will set rotation from 179.27344 to 179.29938
08-06 01:59:38.422 18522 18522 D CompassActivity: will set rotation from 179.29938 to 179.29889
08-06 01:59:38.442 18522 18522 D CompassActivity: will set rotation from 179.29889 to 179.3158
08-06 01:59:38.442 18522 18522 D CompassActivity: will set rotation from 179.3158 to 179.31665
08-06 01:59:38.460 18522 18522 D CompassActivity: will set rotation from 179.31665 to 179.31598
08-06 01:59:38.460 18522 18522 D CompassActivity: will set rotation from 179.31598 to 179.31458
08-06 01:59:38.468 18522 18534 I art     : Starting a blocking GC Explicit
08-06 01:59:38.480 18522 18522 D CompassActivity: will set rotation from 179.31458 to 179.31323
08-06 01:59:38.480 18522 18522 D CompassActivity: will set rotation from 179.31323 to 179.31445
08-06 01:59:38.500 18522 18522 D CompassActivity: will set rotation from 179.31445 to 179.3335
08-06 01:59:38.501 18522 18522 D CompassActivity: will set rotation from 179.3335 to 179.33466
08-06 01:59:38.521 18522 18522 D CompassActivity: will set rotation from 179.33466 to 179.31311
08-06 01:59:38.521 18522 18522 D CompassActivity: will set rotation from 179.31311 to 179.31256
08-06 01:59:38.526 18522 18534 I art     : Explicit concurrent mark sweep GC freed 2070(123KB) AllocSpace objects, 2(36KB) LOS objects, 7% free, 187MB/203MB, paused 998us total 57.545ms
08-06 01:59:38.541 18522 18522 D CompassActivity: will set rotation from 179.31256 to 179.29199
08-06 01:59:38.541 18522 18522 D CompassActivity: will set rotation from 179.29199 to 179.29102
08-06 01:59:38.544 18522 18534 I art     : Starting a blocking GC Explicit
08-06 01:59:38.559 18522 18522 D CompassActivity: will set rotation from 179.29102 to 179.28955
08-06 01:59:38.559 18522 18522 D CompassActivity: will set rotation from 179.28955 to 179.289
08-06 01:59:38.579 18522 18522 D CompassActivity: will set rotation from 179.289 to 179.30835
08-06 01:59:38.580 18522 18522 D CompassActivity: will set rotation from 179.30835 to 179.30695
08-06 01:59:38.585 18522 18534 I art     : Explicit concurrent mark sweep GC freed 797(31KB) AllocSpace objects, 0(0B) LOS objects, 7% free, 187MB/203MB, paused 1.001ms total 40.490ms
08-06 01:59:38.599 18522 18522 D CompassActivity: will set rotation from 179.30695 to 179.3258
08-06 01:59:38.600 18522 18522 D CompassActivity: will set rotation from 179.3258 to 179.3266
08-06 01:59:38.603 18522 18534 I art     : Starting a blocking GC Explicit
08-06 01:59:38.620 18522 18522 D CompassActivity: will set rotation from 179.3266 to 179.32397
08-06 01:59:38.620 18522 18522 D CompassActivity: will set rotation from 179.32397 to 179.32397
08-06 01:59:38.640 18522 18522 D CompassActivity: will set rotation from 179.32397 to 179.30286
08-06 01:59:38.640 18522 18522 D CompassActivity: will set rotation from 179.30286 to 179.30194
08-06 01:59:38.645 18522 18534 I art     : Explicit concurrent mark sweep GC freed 157(7KB) AllocSpace objects, 0(0B) LOS objects, 7% free, 187MB/203MB, paused 1.029ms total 41.587ms
08-06 01:59:38.659 18522 18522 D CompassActivity: will set rotation from 179.30194 to 179.28601
08-06 01:59:38.659 18522 18522 D CompassActivity: will set rotation from 179.28601 to 179.28687
08-06 01:59:38.663 18522 18534 I art     : Starting a blocking GC Explicit
08-06 01:59:38.679 18522 18522 D CompassActivity: will set rotation from 179.28687 to 179.25269
08-06 01:59:38.680 18522 18522 D CompassActivity: will set rotation from 179.25269 to 179.25275
08-06 01:59:38.700 18522 18522 D CompassActivity: will set rotation from 179.25275 to 179.29163
08-06 01:59:38.711 18522 18522 D CompassActivity: will set rotation from 179.29163 to 179.29102
08-06 01:59:38.715 18522 18534 I art     : Explicit concurrent mark sweep GC freed 143(6KB) AllocSpace objects, 0(0B) LOS objects, 7% free, 187MB/203MB, paused 1.225ms total 51.596ms
08-06 01:59:38.731 18522 18522 D CompassActivity: will set rotation from 179.29102 to 179.30951
08-06 01:59:38.732 18522 18522 D CompassActivity: will set rotation from 179.30951 to 179.30975
08-06 01:59:38.732 18522 18534 I art     : Starting a blocking GC Explicit
08-06 01:59:38.745 18522 18522 D CompassActivity: will set rotation from 179.30975 to 179.34747
08-06 01:59:38.746 18522 18522 D CompassActivity: will set rotation from 179.34747 to 179.34705
08-06 01:59:38.760 18522 18522 D CompassActivity: will set rotation from 179.34705 to 179.34546
08-06 01:59:38.761 18522 18522 D CompassActivity: will set rotation from 179.34546 to 179.3457
08-06 01:59:38.780 18522 18522 D CompassActivity: will set rotation from 179.3457 to 179.32605
08-06 01:59:38.781 18522 18522 D CompassActivity: will set rotation from 179.32605 to 179.32599
08-06 01:59:38.788 18522 18534 I art     : Explicit concurrent mark sweep GC freed 148(7KB) AllocSpace objects, 0(0B) LOS objects, 7% free, 187MB/203MB, paused 1.379ms total 55.478ms
08-06 01:59:38.800 18522 18522 D CompassActivity: will set rotation from 179.32599 to 179.34247
08-06 01:59:38.801 18522 18522 D CompassActivity: will set rotation from 179.34247 to 179.34393
08-06 01:59:38.823 18522 18522 D CompassActivity: will set rotation from 179.34393 to 179.34253
08-06 01:59:38.824 18522 18522 D CompassActivity: will set rotation from 179.34253 to 179.34229
08-06 01:59:38.840 18522 18522 D CompassActivity: will set rotation from 179.34229 to 179.34076
08-06 01:59:38.841 18522 18522 D CompassActivity: will set rotation from 179.34076 to 179.3407
08-06 01:59:38.860 18522 18522 D CompassActivity: will set rotation from 179.3407 to 179.34186
08-06 01:59:38.860 18522 18522 D CompassActivity: will set rotation from 179.34186 to 179.34222
08-06 01:59:38.881 18522 18522 D CompassActivity: will set rotation from 179.34222 to 179.39368
08-06 01:59:38.881 18522 18522 D CompassActivity: will set rotation from 179.39368 to 179.39221
08-06 01:59:38.899 18522 18522 D CompassActivity: will set rotation from 179.39221 to 179.38867
08-06 01:59:38.899 18522 18522 D CompassActivity: will set rotation from 179.38867 to 179.38684
08-06 01:59:38.921 18522 18522 D CompassActivity: will set rotation from 179.38684 to 179.42224
08-06 01:59:38.922 18522 18522 D CompassActivity: will set rotation from 179.42224 to 179.42224
08-06 01:59:38.944 18522 18522 D CompassActivity: will set rotation from 179.42224 to 179.45337
08-06 01:59:38.945 18522 18522 D CompassActivity: will set rotation from 179.45337 to 179.4519
08-06 01:59:38.960 18522 18522 D CompassActivity: will set rotation from 179.4519 to 179.46228
08-06 01:59:38.960 18522 18522 D CompassActivity: will set rotation from 179.46228 to 179.46124
08-06 01:59:38.978 18522 18522 D CompassActivity: will set rotation from 179.46124 to 179.45636
08-06 01:59:38.978 18522 18522 D CompassActivity: will set rotation from 179.45636 to 179.45435
08-06 01:59:38.999 18522 18522 D CompassActivity: will set rotation from 179.45435 to 179.45099
08-06 01:59:38.999 18522 18522 D CompassActivity: will set rotation from 179.45099 to 179.4519
08-06 01:59:39.017 18522 18522 D CompassActivity: will set rotation from 179.4519 to 179.4325
08-06 01:59:39.019 18522 18522 D CompassActivity: will set rotation from 179.4325 to 179.43158
08-06 01:59:39.040 18522 18522 D CompassActivity: will set rotation from 179.43158 to 179.42688
08-06 01:59:39.040 18522 18522 D CompassActivity: will set rotation from 179.42688 to 179.4259
08-06 01:59:39.058 18522 18522 D CompassActivity: will set rotation from 179.4259 to 179.4198
08-06 01:59:39.059 18522 18522 D CompassActivity: will set rotation from 179.4198 to 179.41937
08-06 01:59:39.077 18522 18522 D CompassActivity: will set rotation from 179.41937 to 179.41693
08-06 01:59:39.077 18522 18522 D CompassActivity: will set rotation from 179.41693 to 179.41711
08-06 01:59:39.098 18522 18522 D CompassActivity: will set rotation from 179.41711 to 179.41425
08-06 01:59:39.098 18522 18522 D CompassActivity: will set rotation from 179.41425 to 179.4148
08-06 01:59:39.118 18522 18522 D CompassActivity: will set rotation from 179.4148 to 179.46014
08-06 01:59:39.118 18522 18522 D CompassActivity: will set rotation from 179.46014 to 179.46173
08-06 01:59:39.139 18522 18522 D CompassActivity: will set rotation from 179.46173 to 179.45728
08-06 01:59:39.139 18522 18522 D CompassActivity: will set rotation from 179.45728 to 179.4574
08-06 01:59:39.158 18522 18522 D CompassActivity: will set rotation from 179.4574 to 179.4353
08-06 01:59:39.159 18522 18522 D CompassActivity: will set rotation from 179.4353 to 179.4331
08-06 01:59:39.177 18522 18522 D CompassActivity: will set rotation from 179.4331 to 179.3797
08-06 01:59:39.178 18522 18522 D CompassActivity: will set rotation from 179.3797 to 179.37787
08-06 01:59:39.198 18522 18522 D CompassActivity: will set rotation from 179.37787 to 179.32623
08-06 01:59:39.199 18522 18522 D CompassActivity: will set rotation from 179.32623 to 179.32678
08-06 01:59:39.207 18522 18540 I art     : Starting a blocking GC Explicit
08-06 01:59:39.224 18522 18522 D CompassActivity: will set rotation from 179.32678 to 179.32593
08-06 01:59:39.225 18522 18522 D CompassActivity: will set rotation from 179.32593 to 179.32477
08-06 01:59:39.256 18522 18540 I art     : Explicit concurrent mark sweep GC freed 2006(119KB) AllocSpace objects, 2(36KB) LOS objects, 7% free, 187MB/203MB, paused 1.113ms total 49.158ms
08-06 01:59:39.256 18522 18522 D CompassActivity: will set rotation from 179.32477 to 179.30792
08-06 01:59:39.257 18522 18522 D CompassActivity: will set rotation from 179.30792 to 179.30829
08-06 01:59:39.258 18522 18522 D CompassActivity: will set rotation from 179.30829 to 179.30682
08-06 01:59:39.259 18522 18522 D CompassActivity: will set rotation from 179.30682 to 179.3078
08-06 01:59:39.274 18522 18540 I art     : Starting a blocking GC Explicit
08-06 01:59:39.277 18522 18522 D CompassActivity: will set rotation from 179.3078 to 179.30676
08-06 01:59:39.277 18522 18522 D CompassActivity: will set rotation from 179.30676 to 179.30731
08-06 01:59:39.296 18522 18522 D CompassActivity: will set rotation from 179.30731 to 179.28821
08-06 01:59:39.297 18522 18522 D CompassActivity: will set rotation from 179.28821 to 179.28851
08-06 01:59:39.316 18522 18540 I art     : Explicit concurrent mark sweep GC freed 725(28KB) AllocSpace objects, 0(0B) LOS objects, 7% free, 187MB/203MB, paused 1.107ms total 41.902ms
08-06 01:59:39.316 18522 18522 D CompassActivity: will set rotation from 179.28851 to 179.30249
08-06 01:59:39.317 18522 18522 D CompassActivity: will set rotation from 179.30249 to 179.3031
08-06 01:59:39.335 18522 18540 I art     : Starting a blocking GC Explicit
08-06 01:59:39.340 18522 18522 D CompassActivity: will set rotation from 179.3031 to 179.318
08-06 01:59:39.340 18522 18522 D CompassActivity: will set rotation from 179.318 to 179.31781
08-06 01:59:39.357 18522 18522 D CompassActivity: will set rotation from 179.31781 to 179.33386
08-06 01:59:39.357 18522 18522 D CompassActivity: will set rotation from 179.33386 to 179.33203
08-06 01:59:39.379 18522 18522 D CompassActivity: will set rotation from 179.33203 to 179.32971
08-06 01:59:39.379 18522 18522 D CompassActivity: will set rotation from 179.32971 to 179.32965
08-06 01:59:39.385 18522 18540 I art     : Explicit concurrent mark sweep GC freed 202(9KB) AllocSpace objects, 0(0B) LOS objects, 7% free, 187MB/203MB, paused 1.253ms total 48.799ms
08-06 01:59:39.397 18522 18522 D CompassActivity: will set rotation from 179.32965 to 179.32867
08-06 01:59:39.397 18522 18522 D CompassActivity: will set rotation from 179.32867 to 179.328
08-06 01:59:39.404 18522 18540 I art     : Starting a blocking GC Explicit
08-06 01:59:39.416 18522 18522 D CompassActivity: will set rotation from 179.328 to 179.32874
08-06 01:59:39.417 18522 18522 D CompassActivity: will set rotation from 179.32874 to 179.32703
08-06 01:59:39.438 18522 18522 D CompassActivity: will set rotation from 179.32703 to 179.30939
08-06 01:59:39.439 18522 18522 D CompassActivity: will set rotation from 179.30939 to 179.3086
08-06 01:59:39.453 18522 18540 I art     : Explicit concurrent mark sweep GC freed 149(7KB) AllocSpace objects, 0(0B) LOS objects, 7% free, 187MB/203MB, paused 1.164ms total 49.107ms
08-06 01:59:39.461 18522 18522 D CompassActivity: will set rotation from 179.3086 to 179.33783
08-06 01:59:39.461 18522 18522 D CompassActivity: will set rotation from 179.33783 to 179.33813
08-06 01:59:39.473 18522 18540 I art     : Starting a blocking GC Explicit
08-06 01:59:39.477 18522 18522 D CompassActivity: will set rotation from 179.33813 to 179.32037
08-06 01:59:39.478 18522 18522 D CompassActivity: will set rotation from 179.32037 to 179.31995
08-06 01:59:39.497 18522 18522 D CompassActivity: will set rotation from 179.31995 to 179.31696
08-06 01:59:39.497 18522 18522 D CompassActivity: will set rotation from 179.31696 to 179.31732
08-06 01:59:39.516 18522 18522 D CompassActivity: will set rotation from 179.31732 to 179.30115
08-06 01:59:39.517 18522 18522 D CompassActivity: will set rotation from 179.30115 to 179.29987
08-06 01:59:39.528 18522 18540 I art     : Explicit concurrent mark sweep GC freed 175(8KB) AllocSpace objects, 0(0B) LOS objects, 7% free, 187MB/203MB, paused 1.164ms total 54.551ms
08-06 01:59:39.536 18522 18522 D CompassActivity: will set rotation from 179.29987 to 179.31622
08-06 01:59:39.537 18522 18522 D CompassActivity: will set rotation from 179.31622 to 179.31726
08-06 01:59:39.558 18522 18522 D CompassActivity: will set rotation from 179.31726 to 179.3164
08-06 01:59:39.558 18522 18522 D CompassActivity: will set rotation from 179.3164 to 179.31738
08-06 01:59:39.575 18522 18522 D CompassActivity: will set rotation from 179.31738 to 179.31451
08-06 01:59:39.575 18522 18522 D CompassActivity: will set rotation from 179.31451 to 179.3139
08-06 01:59:39.597 18522 18522 D CompassActivity: will set rotation from 179.3139 to 179.33038
08-06 01:59:39.597 18522 18522 D CompassActivity: will set rotation from 179.33038 to 179.3305
08-06 01:59:39.616 18522 18522 D CompassActivity: will set rotation from 179.3305 to 179.34357
08-06 01:59:39.616 18522 18522 D CompassActivity: will set rotation from 179.34357 to 179.34363
08-06 01:59:39.636 18522 18522 D CompassActivity: will set rotation from 179.34363 to 179.44849
08-06 01:59:39.637 18522 18522 D CompassActivity: will set rotation from 179.44849 to 179.44653
08-06 01:59:39.657 18522 18522 D CompassActivity: will set rotation from 179.44653 to 179.59601
08-06 01:59:39.657 18522 18522 D CompassActivity: will set rotation from 179.59601 to 179.59674
08-06 01:59:39.677 18522 18522 D CompassActivity: will set rotation from 179.59674 to 179.69318
08-06 01:59:39.677 18522 18522 D CompassActivity: will set rotation from 179.69318 to 179.69287
08-06 01:59:39.695 18522 18522 D CompassActivity: will set rotation from 179.69287 to 179.80353
08-06 01:59:39.696 18522 18522 D CompassActivity: will set rotation from 179.80353 to 179.80383
08-06 01:59:39.715 18522 18522 D CompassActivity: will set rotation from 179.80383 to 179.77332
08-06 01:59:39.715 18522 18522 D CompassActivity: will set rotation from 179.77332 to 179.77344
08-06 01:59:39.743 18522 18522 D CompassActivity: will set rotation from 179.77344 to 179.77313
08-06 01:59:39.744 18522 18522 D CompassActivity: will set rotation from 179.77313 to 179.77417
08-06 01:59:39.757 18522 18522 D CompassActivity: will set rotation from 179.77417 to 179.75836
08-06 01:59:39.758 18522 18522 D CompassActivity: will set rotation from 179.75836 to 179.75702
08-06 01:59:39.774 18522 18522 D CompassActivity: will set rotation from 179.75702 to 179.73962
08-06 01:59:39.774 18522 18522 D CompassActivity: will set rotation from 179.73962 to 179.73999
08-06 01:59:39.794 18522 18522 D CompassActivity: will set rotation from 179.73999 to 179.67834
08-06 01:59:39.795 18522 18522 D CompassActivity: will set rotation from 179.67834 to 179.67834
08-06 01:59:39.799 20021 20021 D AndroidRuntime: >>>>>> START com.android.internal.os.RuntimeInit uid 2000 <<<<<<
08-06 01:59:39.805 20021 20021 D AndroidRuntime: CheckJNI is OFF
08-06 01:59:39.814 18522 18522 D CompassActivity: will set rotation from 179.67834 to 179.64972
08-06 01:59:39.814 18522 18522 D CompassActivity: will set rotation from 179.64972 to 179.6488
08-06 01:59:39.834 18522 18522 D CompassActivity: will set rotation from 179.6488 to 179.65369
08-06 01:59:39.834 18522 18522 D CompassActivity: will set rotation from 179.65369 to 179.65344
08-06 01:59:39.845 20021 20021 D ICU     : No timezone override file found: /data/misc/zoneinfo/current/icu/icu_tzdata.dat
08-06 01:59:39.854 18522 18522 D CompassActivity: will set rotation from 179.65344 to 179.67334
08-06 01:59:39.855 18522 18522 D CompassActivity: will set rotation from 179.67334 to 179.67273
08-06 01:59:39.874 18522 18522 D CompassActivity: will set rotation from 179.67273 to 179.68915
08-06 01:59:39.874 18522 18522 D CompassActivity: will set rotation from 179.68915 to 179.68921
08-06 01:59:39.886 20021 20021 I Radio-JNI: register_android_hardware_Radio DONE
08-06 01:59:39.894 18522 18522 D CompassActivity: will set rotation from 179.68921 to 179.69196
08-06 01:59:39.894 18522 18522 D CompassActivity: will set rotation from 179.69196 to 179.6919
08-06 01:59:39.914 20021 20021 D AndroidRuntime: Calling main entry com.android.commands.input.Input
08-06 01:59:39.914 18522 18522 D CompassActivity: will set rotation from 179.6919 to 179.6643
08-06 01:59:39.915 18522 18522 D CompassActivity: will set rotation from 179.6643 to 179.66553
08-06 01:59:39.916 20021 20021 I Input   : injectKeyEvent: KeyEvent { action=ACTION_DOWN, keyCode=KEYCODE_BACK, scanCode=0, metaState=0, flags=0x0, repeatCount=0, eventTime=842396329, downTime=842396329, deviceId=-1, source=0x101 }
08-06 01:59:39.925 20021 20021 I Input   : injectKeyEvent: KeyEvent { action=ACTION_UP, keyCode=KEYCODE_BACK, scanCode=0, metaState=0, flags=0x0, repeatCount=0, eventTime=842396329, downTime=842396329, deviceId=-1, source=0x101 }
08-06 01:59:39.930 20021 20021 D AndroidRuntime: Shutting down VM
08-06 01:59:39.934 18522 18522 D CompassActivity: will set rotation from 179.66553 to 179.68353
08-06 01:59:39.934 18522 18522 D CompassActivity: will set rotation from 179.68353 to 179.68372
08-06 01:59:39.936 18522 18540 I art     : Starting a blocking GC Explicit
08-06 01:59:39.940   918  5952 I sensors : activate
08-06 01:59:39.940   918  6111 I sensors : activate
08-06 01:59:39.945   918  3188 I hubconnection: sensorhub said: 'activate 1 enable:0'
08-06 01:59:39.946   918  3188 I hubconnection: sensorhub said: 'activate 3 enable:0'
08-06 01:59:39.970 18522 18522 V MainActivity: url = https://project-travel-mate.herokuapp.com/api/number-of-unread-notifications
08-06 01:59:39.984 18522 18540 I art     : Explicit concurrent mark sweep GC freed 2289(130KB) AllocSpace objects, 2(36KB) LOS objects, 7% free, 187MB/203MB, paused 1.197ms total 46.979ms
08-06 01:59:40.001 18522 18540 I art     : Starting a blocking GC Explicit
08-06 01:59:40.045 18522 18540 I art     : Explicit concurrent mark sweep GC freed 731(27KB) AllocSpace objects, 0(0B) LOS objects, 7% free, 187MB/203MB, paused 1.122ms total 43.932ms
08-06 01:59:40.062 18522 18540 I art     : Starting a blocking GC Explicit
08-06 01:59:40.088 13866 13866 I GoogleInputMethodServic: GoogleInputMethodService.onFinishInput():3138 
08-06 01:59:40.088 13866 13866 I GoogleInputMethodServic: GoogleInputMethodService.onStartInput():1808 
08-06 01:59:40.104 18522 18540 I art     : Explicit concurrent mark sweep GC freed 105(6KB) AllocSpace objects, 0(0B) LOS objects, 7% free, 187MB/203MB, paused 1.131ms total 40.992ms
08-06 01:59:40.121 18522 18540 I art     : Starting a blocking GC Explicit
08-06 01:59:40.161 18522 18540 I art     : Explicit concurrent mark sweep GC freed 30(1232B) AllocSpace objects, 0(0B) LOS objects, 7% free, 187MB/203MB, paused 1.152ms total 40ms
08-06 01:59:40.177 18522 18540 I art     : Starting a blocking GC Explicit
08-06 01:59:40.217 18522 18540 I art     : Explicit concurrent mark sweep GC freed 26(1344B) AllocSpace objects, 0(0B) LOS objects, 7% free, 187MB/203MB, paused 1.151ms total 39.686ms
08-06 01:59:40.353 18522 18522 D CompassActivity: stop compass
08-06 01:59:40.354   380   380 W SurfaceFlinger: couldn't log to binary event log: overflow.
08-06 01:59:40.579 18522 18796 I art     : Starting a blocking GC Explicit
08-06 01:59:40.619 18522 20044 I NAPPA_EXPERIMENTATION: MetricNetworkRequestExecutionTime: REQUEST_DURATION_SYSTEM='647',REQUEST_DURATION_OKHTTP='35',REQUEST_SYNCHRONOUS='FALSE',RESPONSE_CODE='200',RESPONSE_METHOD='GET',RESPONSE_LENGTH_OKHTTP='36',RESPONSE_LENGTH_HEADER='36',REQUEST_PROTOCOL='http/1.1',REQUEST_URL='https://project-travel-mate.herokuapp.com/api/number-of-unread-notifications',
08-06 01:59:40.637 18522 18796 I art     : Explicit concurrent mark sweep GC freed 4314(236KB) AllocSpace objects, 5(236KB) LOS objects, 7% free, 187MB/203MB, paused 1.242ms total 56.755ms
08-06 01:59:40.660 18522 18796 I art     : Starting a blocking GC Explicit
08-06 01:59:40.721 18522 18796 I art     : Explicit concurrent mark sweep GC freed 2347(203KB) AllocSpace objects, 3(52MB) LOS objects, 10% free, 135MB/151MB, paused 1.086ms total 60.473ms
08-06 01:59:40.739 18522 18796 I art     : Starting a blocking GC Explicit
08-06 01:59:40.783 18522 18796 I art     : Explicit concurrent mark sweep GC freed 3(96B) AllocSpace objects, 0(0B) LOS objects, 10% free, 135MB/151MB, paused 1.078ms total 44.629ms
08-06 01:59:40.801 18522 18796 I art     : Starting a blocking GC Explicit
08-06 01:59:40.848 18522 18796 I art     : Explicit concurrent mark sweep GC freed 3(96B) AllocSpace objects, 0(0B) LOS objects, 10% free, 135MB/151MB, paused 1.239ms total 46.460ms
08-06 01:59:40.870 18522 18796 I art     : Starting a blocking GC Explicit
08-06 01:59:40.916 18522 18796 I art     : Explicit concurrent mark sweep GC freed 3(96B) AllocSpace objects, 0(0B) LOS objects, 10% free, 135MB/151MB, paused 1.070ms total 45.120ms
08-06 01:59:41.314 18522 18534 I art     : Starting a blocking GC Explicit
08-06 01:59:41.364 18522 18534 I art     : Explicit concurrent mark sweep GC freed 1626(93KB) AllocSpace objects, 2(36KB) LOS objects, 10% free, 135MB/151MB, paused 1.128ms total 49.372ms
08-06 01:59:41.382 18522 18534 I art     : Starting a blocking GC Explicit
08-06 01:59:41.425 18522 18534 I art     : Explicit concurrent mark sweep GC freed 38(1568B) AllocSpace objects, 0(0B) LOS objects, 10% free, 135MB/151MB, paused 1.133ms total 42.995ms
08-06 01:59:41.442 18522 18534 I art     : Starting a blocking GC Explicit
08-06 01:59:41.485 18522 18534 I art     : Explicit concurrent mark sweep GC freed 3(96B) AllocSpace objects, 0(0B) LOS objects, 10% free, 135MB/151MB, paused 1.111ms total 42.197ms
08-06 01:59:41.502 18522 18534 I art     : Starting a blocking GC Explicit
08-06 01:59:41.546 18522 18534 I art     : Explicit concurrent mark sweep GC freed 3(96B) AllocSpace objects, 0(0B) LOS objects, 10% free, 135MB/151MB, paused 1.083ms total 43.886ms
08-06 01:59:41.564 18522 18534 I art     : Starting a blocking GC Explicit
08-06 01:59:41.606 18522 18534 I art     : Explicit concurrent mark sweep GC freed 4(128B) AllocSpace objects, 0(0B) LOS objects, 10% free, 135MB/151MB, paused 1.065ms total 42.049ms
08-06 01:59:41.708 20069 20069 D AndroidRuntime: >>>>>> START com.android.internal.os.RuntimeInit uid 2000 <<<<<<
08-06 01:59:41.713 20069 20069 D AndroidRuntime: CheckJNI is OFF
08-06 01:59:41.754 20069 20069 D ICU     : No timezone override file found: /data/misc/zoneinfo/current/icu/icu_tzdata.dat
08-06 01:59:41.795 20069 20069 I Radio-JNI: register_android_hardware_Radio DONE
08-06 01:59:41.823 20069 20069 D AndroidRuntime: Calling main entry com.android.commands.input.Input
08-06 01:59:41.825 20069 20069 I Input   : injectMotionEvent: MotionEvent { action=ACTION_DOWN, actionButton=0, id[0]=0, x[0]=500.0, y[0]=2000.0, toolType[0]=TOOL_TYPE_UNKNOWN, buttonState=0, metaState=0, flags=0x0, edgeFlags=0x0, pointerCount=1, historySize=0, eventTime=842398237, downTime=842398237, deviceId=0, source=0x1002 }
08-06 01:59:41.829 20069 20069 I Input   : injectMotionEvent: MotionEvent { action=ACTION_MOVE, actionButton=0, id[0]=0, x[0]=500.0, y[0]=2000.0, toolType[0]=TOOL_TYPE_UNKNOWN, buttonState=0, metaState=0, flags=0x0, edgeFlags=0x0, pointerCount=1, historySize=0, eventTime=842398237, downTime=842398237, deviceId=0, source=0x1002 }
08-06 01:59:41.840 20069 20069 I Input   : injectMotionEvent: MotionEvent { action=ACTION_MOVE, actionButton=0, id[0]=0, x[0]=500.0, y[0]=1969.6, toolType[0]=TOOL_TYPE_UNKNOWN, buttonState=0, metaState=0, flags=0x0, edgeFlags=0x0, pointerCount=1, historySize=0, eventTime=842398253, downTime=842398253, deviceId=0, source=0x1002 }
08-06 01:59:41.857 20069 20069 I Input   : injectMotionEvent: MotionEvent { action=ACTION_MOVE, actionButton=0, id[0]=0, x[0]=500.0, y[0]=1935.4, toolType[0]=TOOL_TYPE_UNKNOWN, buttonState=0, metaState=0, flags=0x0, edgeFlags=0x0, pointerCount=1, historySize=0, eventTime=842398271, downTime=842398271, deviceId=0, source=0x1002 }
08-06 01:59:41.880 20069 20069 I Input   : injectMotionEvent: MotionEvent { action=ACTION_MOVE, actionButton=0, id[0]=0, x[0]=500.0, y[0]=1893.6, toolType[0]=TOOL_TYPE_UNKNOWN, buttonState=0, metaState=0, flags=0x0, edgeFlags=0x0, pointerCount=1, historySize=0, eventTime=842398293, downTime=842398293, deviceId=0, source=0x1002 }
08-06 01:59:41.890 20069 20069 I Input   : injectMotionEvent: MotionEvent { action=ACTION_MOVE, actionButton=0, id[0]=0, x[0]=500.0, y[0]=1874.6, toolType[0]=TOOL_TYPE_UNKNOWN, buttonState=0, metaState=0, flags=0x0, edgeFlags=0x0, pointerCount=1, historySize=0, eventTime=842398303, downTime=842398303, deviceId=0, source=0x1002 }
08-06 01:59:41.907 20069 20069 I Input   : injectMotionEvent: MotionEvent { action=ACTION_MOVE, actionButton=0, id[0]=0, x[0]=500.0, y[0]=1842.3, toolType[0]=TOOL_TYPE_UNKNOWN, buttonState=0, metaState=0, flags=0x0, edgeFlags=0x0, pointerCount=1, historySize=0, eventTime=842398320, downTime=842398320, deviceId=0, source=0x1002 }
08-06 01:59:41.923 20069 20069 I Input   : injectMotionEvent: MotionEvent { action=ACTION_MOVE, actionButton=0, id[0]=0, x[0]=500.0, y[0]=1810.0, toolType[0]=TOOL_TYPE_UNKNOWN, buttonState=0, metaState=0, flags=0x0, edgeFlags=0x0, pointerCount=1, historySize=0, eventTime=842398337, downTime=842398337, deviceId=0, source=0x1002 }
08-06 01:59:41.940 20069 20069 I Input   : injectMotionEvent: MotionEvent { action=ACTION_MOVE, actionButton=0, id[0]=0, x[0]=500.0, y[0]=1779.6, toolType[0]=TOOL_TYPE_UNKNOWN, buttonState=0, metaState=0, flags=0x0, edgeFlags=0x0, pointerCount=1, historySize=0, eventTime=842398353, downTime=842398353, deviceId=0, source=0x1002 }
08-06 01:59:41.958 20069 20069 I Input   : injectMotionEvent: MotionEvent { action=ACTION_MOVE, actionButton=0, id[0]=0, x[0]=500.0, y[0]=1745.4, toolType[0]=TOOL_TYPE_UNKNOWN, buttonState=0, metaState=0, flags=0x0, edgeFlags=0x0, pointerCount=1, historySize=0, eventTime=842398371, downTime=842398371, deviceId=0, source=0x1002 }
08-06 01:59:41.974 20069 20069 I Input   : injectMotionEvent: MotionEvent { action=ACTION_MOVE, actionButton=0, id[0]=0, x[0]=500.0, y[0]=1715.0, toolType[0]=TOOL_TYPE_UNKNOWN, buttonState=0, metaState=0, flags=0x0, edgeFlags=0x0, pointerCount=1, historySize=0, eventTime=842398387, downTime=842398387, deviceId=0, source=0x1002 }
08-06 01:59:41.990 20069 20069 I Input   : injectMotionEvent: MotionEvent { action=ACTION_MOVE, actionButton=0, id[0]=0, x[0]=500.0, y[0]=1682.7, toolType[0]=TOOL_TYPE_UNKNOWN, buttonState=0, metaState=0, flags=0x0, edgeFlags=0x0, pointerCount=1, historySize=0, eventTime=842398404, downTime=842398404, deviceId=0, source=0x1002 }
08-06 01:59:42.007 20069 20069 I Input   : injectMotionEvent: MotionEvent { action=ACTION_MOVE, actionButton=0, id[0]=0, x[0]=500.0, y[0]=1652.3, toolType[0]=TOOL_TYPE_UNKNOWN, buttonState=0, metaState=0, flags=0x0, edgeFlags=0x0, pointerCount=1, historySize=0, eventTime=842398420, downTime=842398420, deviceId=0, source=0x1002 }
08-06 01:59:42.017 18522 18535 I art     : Starting a blocking GC Explicit
08-06 01:59:42.023 20069 20069 I Input   : injectMotionEvent: MotionEvent { action=ACTION_MOVE, actionButton=0, id[0]=0, x[0]=500.0, y[0]=1620.0, toolType[0]=TOOL_TYPE_UNKNOWN, buttonState=0, metaState=0, flags=0x0, edgeFlags=0x0, pointerCount=1, historySize=0, eventTime=842398437, downTime=842398437, deviceId=0, source=0x1002 }
08-06 01:59:42.041 20069 20069 I Input   : injectMotionEvent: MotionEvent { action=ACTION_MOVE, actionButton=0, id[0]=0, x[0]=500.0, y[0]=1587.7, toolType[0]=TOOL_TYPE_UNKNOWN, buttonState=0, metaState=0, flags=0x0, edgeFlags=0x0, pointerCount=1, historySize=0, eventTime=842398454, downTime=842398454, deviceId=0, source=0x1002 }
08-06 01:59:42.059 20069 20069 I Input   : injectMotionEvent: MotionEvent { action=ACTION_MOVE, actionButton=0, id[0]=0, x[0]=500.0, y[0]=1553.5, toolType[0]=TOOL_TYPE_UNKNOWN, buttonState=0, metaState=0, flags=0x0, edgeFlags=0x0, pointerCount=1, historySize=0, eventTime=842398472, downTime=842398472, deviceId=0, source=0x1002 }
08-06 01:59:42.067 18522 18535 I art     : Explicit concurrent mark sweep GC freed 1682(95KB) AllocSpace objects, 2(36KB) LOS objects, 10% free, 135MB/151MB, paused 1.363ms total 48.936ms
08-06 01:59:42.074 20069 20069 I Input   : injectMotionEvent: MotionEvent { action=ACTION_MOVE, actionButton=0, id[0]=0, x[0]=500.0, y[0]=1525.0, toolType[0]=TOOL_TYPE_UNKNOWN, buttonState=0, metaState=0, flags=0x0, edgeFlags=0x0, pointerCount=1, historySize=0, eventTime=842398487, downTime=842398487, deviceId=0, source=0x1002 }
08-06 01:59:42.087 18522 18535 I art     : Starting a blocking GC Explicit
08-06 01:59:42.090 20069 20069 I Input   : injectMotionEvent: MotionEvent { action=ACTION_MOVE, actionButton=0, id[0]=0, x[0]=500.0, y[0]=1494.6, toolType[0]=TOOL_TYPE_UNKNOWN, buttonState=0, metaState=0, flags=0x0, edgeFlags=0x0, pointerCount=1, historySize=0, eventTime=842398503, downTime=842398503, deviceId=0, source=0x1002 }
08-06 01:59:42.110 20069 20069 I Input   : injectMotionEvent: MotionEvent { action=ACTION_MOVE, actionButton=0, id[0]=0, x[0]=500.0, y[0]=1456.6, toolType[0]=TOOL_TYPE_UNKNOWN, buttonState=0, metaState=0, flags=0x0, edgeFlags=0x0, pointerCount=1, historySize=0, eventTime=842398523, downTime=842398523, deviceId=0, source=0x1002 }
08-06 01:59:42.123 20069 20069 I Input   : injectMotionEvent: MotionEvent { action=ACTION_MOVE, actionButton=0, id[0]=0, x[0]=500.0, y[0]=1431.9, toolType[0]=TOOL_TYPE_UNKNOWN, buttonState=0, metaState=0, flags=0x0, edgeFlags=0x0, pointerCount=1, historySize=0, eventTime=842398536, downTime=842398536, deviceId=0, source=0x1002 }
08-06 01:59:42.133 18522 18535 I art     : Explicit concurrent mark sweep GC freed 59(2528B) AllocSpace objects, 0(0B) LOS objects, 10% free, 135MB/151MB, paused 958us total 45.869ms
08-06 01:59:42.140 20069 20069 I Input   : injectMotionEvent: MotionEvent { action=ACTION_MOVE, actionButton=0, id[0]=0, x[0]=500.0, y[0]=1399.6, toolType[0]=TOOL_TYPE_UNKNOWN, buttonState=0, metaState=0, flags=0x0, edgeFlags=0x0, pointerCount=1, historySize=0, eventTime=842398553, downTime=842398553, deviceId=0, source=0x1002 }
08-06 01:59:42.151 18522 18535 I art     : Starting a blocking GC Explicit
08-06 01:59:42.157 20069 20069 I Input   : injectMotionEvent: MotionEvent { action=ACTION_MOVE, actionButton=0, id[0]=0, x[0]=500.0, y[0]=1365.4, toolType[0]=TOOL_TYPE_UNKNOWN, buttonState=0, metaState=0, flags=0x0, edgeFlags=0x0, pointerCount=1, historySize=0, eventTime=842398571, downTime=842398571, deviceId=0, source=0x1002 }
08-06 01:59:42.174 20069 20069 I Input   : injectMotionEvent: MotionEvent { action=ACTION_MOVE, actionButton=0, id[0]=0, x[0]=500.0, y[0]=1335.0, toolType[0]=TOOL_TYPE_UNKNOWN, buttonState=0, metaState=0, flags=0x0, edgeFlags=0x0, pointerCount=1, historySize=0, eventTime=842398587, downTime=842398587, deviceId=0, source=0x1002 }
08-06 01:59:42.191 20069 20069 I Input   : injectMotionEvent: MotionEvent { action=ACTION_MOVE, actionButton=0, id[0]=0, x[0]=500.0, y[0]=1302.7, toolType[0]=TOOL_TYPE_UNKNOWN, buttonState=0, metaState=0, flags=0x0, edgeFlags=0x0, pointerCount=1, historySize=0, eventTime=842398604, downTime=842398604, deviceId=0, source=0x1002 }
08-06 01:59:42.193 18522 18535 I art     : Explicit concurrent mark sweep GC freed 3(96B) AllocSpace objects, 0(0B) LOS objects, 10% free, 135MB/151MB, paused 1.036ms total 42.572ms
08-06 01:59:42.207 20069 20069 I Input   : injectMotionEvent: MotionEvent { action=ACTION_MOVE, actionButton=0, id[0]=0, x[0]=500.0, y[0]=1270.3999, toolType[0]=TOOL_TYPE_UNKNOWN, buttonState=0, metaState=0, flags=0x0, edgeFlags=0x0, pointerCount=1, historySize=0, eventTime=842398621, downTime=842398621, deviceId=0, source=0x1002 }
08-06 01:59:42.211 18522 18535 I art     : Starting a blocking GC Explicit
08-06 01:59:42.224 20069 20069 I Input   : injectMotionEvent: MotionEvent { action=ACTION_MOVE, actionButton=0, id[0]=0, x[0]=500.0, y[0]=1240.0, toolType[0]=TOOL_TYPE_UNKNOWN, buttonState=0, metaState=0, flags=0x0, edgeFlags=0x0, pointerCount=1, historySize=0, eventTime=842398637, downTime=842398637, deviceId=0, source=0x1002 }
08-06 01:59:42.246 20069 20069 I Input   : injectMotionEvent: MotionEvent { action=ACTION_MOVE, actionButton=0, id[0]=0, x[0]=500.0, y[0]=1198.2, toolType[0]=TOOL_TYPE_UNKNOWN, buttonState=0, metaState=0, flags=0x0, edgeFlags=0x0, pointerCount=1, historySize=0, eventTime=842398659, downTime=842398659, deviceId=0, source=0x1002 }
08-06 01:59:42.255 18522 18535 I art     : Explicit concurrent mark sweep GC freed 9(304B) AllocSpace objects, 0(0B) LOS objects, 10% free, 135MB/151MB, paused 1.034ms total 43.202ms
08-06 01:59:42.272 18522 18535 I art     : Starting a blocking GC Explicit
08-06 01:59:42.311 20069 20069 I Input   : injectMotionEvent: MotionEvent { action=ACTION_MOVE, actionButton=0, id[0]=0, x[0]=500.0, y[0]=1074.7, toolType[0]=TOOL_TYPE_UNKNOWN, buttonState=0, metaState=0, flags=0x0, edgeFlags=0x0, pointerCount=1, historySize=0, eventTime=842398724, downTime=842398724, deviceId=0, source=0x1002 }
08-06 01:59:42.314 18522 18535 I art     : Explicit concurrent mark sweep GC freed 4(128B) AllocSpace objects, 0(0B) LOS objects, 10% free, 135MB/151MB, paused 1.025ms total 41.760ms
08-06 01:59:42.367 20069 20069 I Input   : injectMotionEvent: MotionEvent { action=ACTION_MOVE, actionButton=0, id[0]=0, x[0]=500.0, y[0]=968.30005, toolType[0]=TOOL_TYPE_UNKNOWN, buttonState=0, metaState=0, flags=0x0, edgeFlags=0x0, pointerCount=1, historySize=0, eventTime=842398780, downTime=842398780, deviceId=0, source=0x1002 }
08-06 01:59:42.426 20069 20069 I Input   : injectMotionEvent: MotionEvent { action=ACTION_MOVE, actionButton=0, id[0]=0, x[0]=500.0, y[0]=856.19995, toolType[0]=TOOL_TYPE_UNKNOWN, buttonState=0, metaState=0, flags=0x0, edgeFlags=0x0, pointerCount=1, historySize=0, eventTime=842398839, downTime=842398839, deviceId=0, source=0x1002 }
08-06 01:59:42.484 20069 20069 I Input   : injectMotionEvent: MotionEvent { action=ACTION_MOVE, actionButton=0, id[0]=0, x[0]=500.0, y[0]=746.0, toolType[0]=TOOL_TYPE_UNKNOWN, buttonState=0, metaState=0, flags=0x0, edgeFlags=0x0, pointerCount=1, historySize=0, eventTime=842398897, downTime=842398897, deviceId=0, source=0x1002 }
08-06 01:59:42.553 20069 20069 I Input   : injectMotionEvent: MotionEvent { action=ACTION_MOVE, actionButton=0, id[0]=0, x[0]=500.0, y[0]=614.9, toolType[0]=TOOL_TYPE_UNKNOWN, buttonState=0, metaState=0, flags=0x0, edgeFlags=0x0, pointerCount=1, historySize=0, eventTime=842398966, downTime=842398966, deviceId=0, source=0x1002 }
08-06 01:59:42.615 20069 20069 I Input   : injectMotionEvent: MotionEvent { action=ACTION_MOVE, actionButton=0, id[0]=0, x[0]=500.0, y[0]=497.09998, toolType[0]=TOOL_TYPE_UNKNOWN, buttonState=0, metaState=0, flags=0x0, edgeFlags=0x0, pointerCount=1, historySize=0, eventTime=842399028, downTime=842399028, deviceId=0, source=0x1002 }
08-06 01:59:42.681 20069 20069 I Input   : injectMotionEvent: MotionEvent { action=ACTION_MOVE, actionButton=0, id[0]=0, x[0]=500.0, y[0]=371.70007, toolType[0]=TOOL_TYPE_UNKNOWN, buttonState=0, metaState=0, flags=0x0, edgeFlags=0x0, pointerCount=1, historySize=0, eventTime=842399094, downTime=842399094, deviceId=0, source=0x1002 }
08-06 01:59:42.692 18522 18796 I art     : Starting a blocking GC Explicit
08-06 01:59:42.732 18522 18796 I art     : Explicit concurrent mark sweep GC freed 1618(92KB) AllocSpace objects, 2(36KB) LOS objects, 10% free, 135MB/151MB, paused 1.250ms total 39.832ms
08-06 01:59:42.749 18522 18796 I art     : Starting a blocking GC Explicit
08-06 01:59:42.780 20069 20069 I Input   : injectMotionEvent: MotionEvent { action=ACTION_MOVE, actionButton=0, id[0]=0, x[0]=500.0, y[0]=183.6001, toolType[0]=TOOL_TYPE_UNKNOWN, buttonState=0, metaState=0, flags=0x0, edgeFlags=0x0, pointerCount=1, historySize=0, eventTime=842399193, downTime=842399193, deviceId=0, source=0x1002 }
08-06 01:59:42.789 18522 18796 I art     : Explicit concurrent mark sweep GC freed 31(1120B) AllocSpace objects, 0(0B) LOS objects, 10% free, 135MB/151MB, paused 1.073ms total 39.334ms
08-06 01:59:42.807 18522 18796 I art     : Starting a blocking GC Explicit
08-06 01:59:42.821 20069 20069 I Input   : injectMotionEvent: MotionEvent { action=ACTION_MOVE, actionButton=0, id[0]=0, x[0]=500.0, y[0]=105.70007, toolType[0]=TOOL_TYPE_UNKNOWN, buttonState=0, metaState=0, flags=0x0, edgeFlags=0x0, pointerCount=1, historySize=0, eventTime=842399234, downTime=842399234, deviceId=0, source=0x1002 }
08-06 01:59:42.849 18522 18796 I art     : Explicit concurrent mark sweep GC freed 6(192B) AllocSpace objects, 0(0B) LOS objects, 10% free, 135MB/151MB, paused 1.240ms total 41.854ms
08-06 01:59:42.849 18522 18533 I art     : WaitForGcToComplete blocked for 12.299ms for cause HeapTrim
08-06 01:59:42.862 20069 20069 I Input   : injectMotionEvent: MotionEvent { action=ACTION_UP, actionButton=0, id[0]=0, x[0]=500.0, y[0]=100.0, toolType[0]=TOOL_TYPE_UNKNOWN, buttonState=0, metaState=0, flags=0x0, edgeFlags=0x0, pointerCount=1, historySize=0, eventTime=842399275, downTime=842399275, deviceId=0, source=0x1002 }
08-06 01:59:42.867 18522 18796 I art     : Starting a blocking GC Explicit
08-06 01:59:42.902 20069 20069 D AndroidRuntime: Shutting down VM
08-06 01:59:42.907 18522 18796 I art     : Explicit concurrent mark sweep GC freed 7(224B) AllocSpace objects, 0(0B) LOS objects, 10% free, 135MB/151MB, paused 1.213ms total 39.506ms
08-06 01:59:42.924 18522 18796 I art     : Starting a blocking GC Explicit
08-06 01:59:42.964 18522 18796 I art     : Explicit concurrent mark sweep GC freed 3(96B) AllocSpace objects, 0(0B) LOS objects, 10% free, 135MB/151MB, paused 1.063ms total 39.414ms
08-06 01:59:43.349 18522 18535 I art     : Starting a blocking GC Explicit
08-06 01:59:43.390 18522 18535 I art     : Explicit concurrent mark sweep GC freed 1621(93KB) AllocSpace objects, 2(36KB) LOS objects, 10% free, 135MB/151MB, paused 1.083ms total 40.861ms
08-06 01:59:43.407 18522 18535 I art     : Starting a blocking GC Explicit
08-06 01:59:43.446 18522 18535 I art     : Explicit concurrent mark sweep GC freed 32(1152B) AllocSpace objects, 0(0B) LOS objects, 10% free, 135MB/151MB, paused 1.034ms total 37.698ms
08-06 01:59:43.463 18522 18535 I art     : Starting a blocking GC Explicit
08-06 01:59:43.504 18522 18535 I art     : Explicit concurrent mark sweep GC freed 5(160B) AllocSpace objects, 0(0B) LOS objects, 10% free, 135MB/151MB, paused 999us total 39.967ms
08-06 01:59:43.521 18522 18535 I art     : Starting a blocking GC Explicit
08-06 01:59:43.526   518   646 I ThermalEngine: ACTION: GPU - Setting GPU[0] to 390000000
08-06 01:59:43.593 18522 18535 I art     : Explicit concurrent mark sweep GC freed 5(160B) AllocSpace objects, 0(0B) LOS objects, 10% free, 135MB/151MB, paused 1.517ms total 71.839ms
08-06 01:59:43.634 18522 18535 I art     : Starting a blocking GC Explicit
08-06 01:59:43.680 18522 18535 I art     : Explicit concurrent mark sweep GC freed 3(96B) AllocSpace objects, 0(0B) LOS objects, 10% free, 135MB/151MB, paused 1.513ms total 45.562ms
08-06 01:59:43.720 20120 20120 D AndroidRuntime: >>>>>> START com.android.internal.os.RuntimeInit uid 2000 <<<<<<
08-06 01:59:43.726 20120 20120 D AndroidRuntime: CheckJNI is OFF
08-06 01:59:43.779 20120 20120 D ICU     : No timezone override file found: /data/misc/zoneinfo/current/icu/icu_tzdata.dat
08-06 01:59:43.826 20120 20120 I Radio-JNI: register_android_hardware_Radio DONE
08-06 01:59:43.864 20120 20120 D AndroidRuntime: Calling main entry com.android.commands.input.Input
08-06 01:59:43.867 20120 20120 I Input   : injectMotionEvent: MotionEvent { action=ACTION_DOWN, actionButton=0, id[0]=0, x[0]=500.0, y[0]=2000.0, toolType[0]=TOOL_TYPE_UNKNOWN, buttonState=0, metaState=0, flags=0x0, edgeFlags=0x0, pointerCount=1, historySize=0, eventTime=842400279, downTime=842400279, deviceId=0, source=0x1002 }
08-06 01:59:43.872 20120 20120 I Input   : injectMotionEvent: MotionEvent { action=ACTION_MOVE, actionButton=0, id[0]=0, x[0]=500.0, y[0]=2000.0, toolType[0]=TOOL_TYPE_UNKNOWN, buttonState=0, metaState=0, flags=0x0, edgeFlags=0x0, pointerCount=1, historySize=0, eventTime=842400279, downTime=842400279, deviceId=0, source=0x1002 }
08-06 01:59:43.875 20120 20120 I Input   : injectMotionEvent: MotionEvent { action=ACTION_MOVE, actionButton=0, id[0]=0, x[0]=500.0, y[0]=1982.9, toolType[0]=TOOL_TYPE_UNKNOWN, buttonState=0, metaState=0, flags=0x0, edgeFlags=0x0, pointerCount=1, historySize=0, eventTime=842400288, downTime=842400288, deviceId=0, source=0x1002 }
08-06 01:59:43.891 20120 20120 I Input   : injectMotionEvent: MotionEvent { action=ACTION_MOVE, actionButton=0, id[0]=0, x[0]=500.0, y[0]=1950.6, toolType[0]=TOOL_TYPE_UNKNOWN, buttonState=0, metaState=0, flags=0x0, edgeFlags=0x0, pointerCount=1, historySize=0, eventTime=842400305, downTime=842400305, deviceId=0, source=0x1002 }
08-06 01:59:43.910 20120 20120 I Input   : injectMotionEvent: MotionEvent { action=ACTION_MOVE, actionButton=0, id[0]=0, x[0]=500.0, y[0]=1916.4, toolType[0]=TOOL_TYPE_UNKNOWN, buttonState=0, metaState=0, flags=0x0, edgeFlags=0x0, pointerCount=1, historySize=0, eventTime=842400323, downTime=842400323, deviceId=0, source=0x1002 }
08-06 01:59:43.925 20120 20120 I Input   : injectMotionEvent: MotionEvent { action=ACTION_MOVE, actionButton=0, id[0]=0, x[0]=500.0, y[0]=1886.0, toolType[0]=TOOL_TYPE_UNKNOWN, buttonState=0, metaState=0, flags=0x0, edgeFlags=0x0, pointerCount=1, historySize=0, eventTime=842400339, downTime=842400339, deviceId=0, source=0x1002 }
08-06 01:59:43.978 20120 20120 I Input   : injectMotionEvent: MotionEvent { action=ACTION_MOVE, actionButton=0, id[0]=0, x[0]=500.0, y[0]=1787.2, toolType[0]=TOOL_TYPE_UNKNOWN, buttonState=0, metaState=0, flags=0x0, edgeFlags=0x0, pointerCount=1, historySize=0, eventTime=842400391, downTime=842400391, deviceId=0, source=0x1002 }
08-06 01:59:44.015 20120 20120 I Input   : injectMotionEvent: MotionEvent { action=ACTION_MOVE, actionButton=0, id[0]=0, x[0]=500.0, y[0]=1716.9, toolType[0]=TOOL_TYPE_UNKNOWN, buttonState=0, metaState=0, flags=0x0, edgeFlags=0x0, pointerCount=1, historySize=0, eventTime=842400428, downTime=842400428, deviceId=0, source=0x1002 }
08-06 01:59:44.054 20120 20120 I Input   : injectMotionEvent: MotionEvent { action=ACTION_MOVE, actionButton=0, id[0]=0, x[0]=500.0, y[0]=1642.8, toolType[0]=TOOL_TYPE_UNKNOWN, buttonState=0, metaState=0, flags=0x0, edgeFlags=0x0, pointerCount=1, historySize=0, eventTime=842400467, downTime=842400467, deviceId=0, source=0x1002 }
08-06 01:59:44.093 20120 20120 I Input   : injectMotionEvent: MotionEvent { action=ACTION_MOVE, actionButton=0, id[0]=0, x[0]=500.0, y[0]=1568.7, toolType[0]=TOOL_TYPE_UNKNOWN, buttonState=0, metaState=0, flags=0x0, edgeFlags=0x0, pointerCount=1, historySize=0, eventTime=842400506, downTime=842400506, deviceId=0, source=0x1002 }
08-06 01:59:44.131 20120 20120 I Input   : injectMotionEvent: MotionEvent { action=ACTION_MOVE, actionButton=0, id[0]=0, x[0]=500.0, y[0]=1496.5, toolType[0]=TOOL_TYPE_UNKNOWN, buttonState=0, metaState=0, flags=0x0, edgeFlags=0x0, pointerCount=1, historySize=0, eventTime=842400544, downTime=842400544, deviceId=0, source=0x1002 }
08-06 01:59:44.140 18522 18534 I art     : Starting a blocking GC Explicit
08-06 01:59:44.170 20120 20120 I Input   : injectMotionEvent: MotionEvent { action=ACTION_MOVE, actionButton=0, id[0]=0, x[0]=500.0, y[0]=1422.4, toolType[0]=TOOL_TYPE_UNKNOWN, buttonState=0, metaState=0, flags=0x0, edgeFlags=0x0, pointerCount=1, historySize=0, eventTime=842400583, downTime=842400583, deviceId=0, source=0x1002 }
08-06 01:59:44.191 18522 18534 I art     : Explicit concurrent mark sweep GC freed 1657(95KB) AllocSpace objects, 2(36KB) LOS objects, 10% free, 135MB/151MB, paused 1.526ms total 50.550ms
08-06 01:59:44.208 20120 20120 I Input   : injectMotionEvent: MotionEvent { action=ACTION_MOVE, actionButton=0, id[0]=0, x[0]=500.0, y[0]=1350.2, toolType[0]=TOOL_TYPE_UNKNOWN, buttonState=0, metaState=0, flags=0x0, edgeFlags=0x0, pointerCount=1, historySize=0, eventTime=842400621, downTime=842400621, deviceId=0, source=0x1002 }
08-06 01:59:44.213 18522 18534 I art     : Starting a blocking GC Explicit
08-06 01:59:44.245 20120 20120 I Input   : injectMotionEvent: MotionEvent { action=ACTION_MOVE, actionButton=0, id[0]=0, x[0]=500.0, y[0]=1278.0, toolType[0]=TOOL_TYPE_UNKNOWN, buttonState=0, metaState=0, flags=0x0, edgeFlags=0x0, pointerCount=1, historySize=0, eventTime=842400659, downTime=842400659, deviceId=0, source=0x1002 }
08-06 01:59:44.262 18522 18534 I art     : Explicit concurrent mark sweep GC freed 43(1728B) AllocSpace objects, 0(0B) LOS objects, 10% free, 135MB/151MB, paused 1.458ms total 48.509ms
08-06 01:59:44.286 20120 20120 I Input   : injectMotionEvent: MotionEvent { action=ACTION_MOVE, actionButton=0, id[0]=0, x[0]=500.0, y[0]=1202.0, toolType[0]=TOOL_TYPE_UNKNOWN, buttonState=0, metaState=0, flags=0x0, edgeFlags=0x0, pointerCount=1, historySize=0, eventTime=842400699, downTime=842400699, deviceId=0, source=0x1002 }
08-06 01:59:44.286 18522 18534 I art     : Starting a blocking GC Explicit
08-06 01:59:44.327 20120 20120 I Input   : injectMotionEvent: MotionEvent { action=ACTION_MOVE, actionButton=0, id[0]=0, x[0]=500.0, y[0]=1124.1001, toolType[0]=TOOL_TYPE_UNKNOWN, buttonState=0, metaState=0, flags=0x0, edgeFlags=0x0, pointerCount=1, historySize=0, eventTime=842400740, downTime=842400740, deviceId=0, source=0x1002 }
08-06 01:59:44.335 18522 18534 I art     : Explicit concurrent mark sweep GC freed 37(1024B) AllocSpace objects, 0(0B) LOS objects, 10% free, 135MB/151MB, paused 1.439ms total 48.561ms
08-06 01:59:44.356 18522 18534 I art     : Starting a blocking GC Explicit
08-06 01:59:44.366 20120 20120 I Input   : injectMotionEvent: MotionEvent { action=ACTION_MOVE, actionButton=0, id[0]=0, x[0]=500.0, y[0]=1050.0, toolType[0]=TOOL_TYPE_UNKNOWN, buttonState=0, metaState=0, flags=0x0, edgeFlags=0x0, pointerCount=1, historySize=0, eventTime=842400779, downTime=842400779, deviceId=0, source=0x1002 }
08-06 01:59:44.406 20120 20120 I Input   : injectMotionEvent: MotionEvent { action=ACTION_MOVE, actionButton=0, id[0]=0, x[0]=500.0, y[0]=974.0, toolType[0]=TOOL_TYPE_UNKNOWN, buttonState=0, metaState=0, flags=0x0, edgeFlags=0x0, pointerCount=1, historySize=0, eventTime=842400819, downTime=842400819, deviceId=0, source=0x1002 }
08-06 01:59:44.411 18522 18534 I art     : Explicit concurrent mark sweep GC freed 8(256B) AllocSpace objects, 0(0B) LOS objects, 10% free, 135MB/151MB, paused 1.884ms total 54.796ms
08-06 01:59:44.432 18522 18534 I art     : Starting a blocking GC Explicit
08-06 01:59:44.447 20120 20120 I Input   : injectMotionEvent: MotionEvent { action=ACTION_MOVE, actionButton=0, id[0]=0, x[0]=500.0, y[0]=896.1001, toolType[0]=TOOL_TYPE_UNKNOWN, buttonState=0, metaState=0, flags=0x0, edgeFlags=0x0, pointerCount=1, historySize=0, eventTime=842400860, downTime=842400860, deviceId=0, source=0x1002 }
08-06 01:59:44.484 18522 18534 I art     : Explicit concurrent mark sweep GC freed 5(160B) AllocSpace objects, 0(0B) LOS objects, 10% free, 135MB/151MB, paused 1.519ms total 51.237ms
08-06 01:59:44.486 20120 20120 I Input   : injectMotionEvent: MotionEvent { action=ACTION_MOVE, actionButton=0, id[0]=0, x[0]=500.0, y[0]=822.0, toolType[0]=TOOL_TYPE_UNKNOWN, buttonState=0, metaState=0, flags=0x0, edgeFlags=0x0, pointerCount=1, historySize=0, eventTime=842400899, downTime=842400899, deviceId=0, source=0x1002 }
08-06 01:59:44.524 20120 20120 I Input   : injectMotionEvent: MotionEvent { action=ACTION_MOVE, actionButton=0, id[0]=0, x[0]=500.0, y[0]=747.9, toolType[0]=TOOL_TYPE_UNKNOWN, buttonState=0, metaState=0, flags=0x0, edgeFlags=0x0, pointerCount=1, historySize=0, eventTime=842400938, downTime=842400938, deviceId=0, source=0x1002 }
08-06 01:59:44.562 20120 20120 I Input   : injectMotionEvent: MotionEvent { action=ACTION_MOVE, actionButton=0, id[0]=0, x[0]=500.0, y[0]=675.69995, toolType[0]=TOOL_TYPE_UNKNOWN, buttonState=0, metaState=0, flags=0x0, edgeFlags=0x0, pointerCount=1, historySize=0, eventTime=842400976, downTime=842400976, deviceId=0, source=0x1002 }
08-06 01:59:44.566   918  1210 D NetlinkSocketObserver: NeighborEvent{elapsedMs=1825788441, 192.168.2.254, [7C3953A63323], RTM_NEWNEIGH, NUD_PROBE}
08-06 01:59:44.600 20120 20120 I Input   : injectMotionEvent: MotionEvent { action=ACTION_MOVE, actionButton=0, id[0]=0, x[0]=500.0, y[0]=605.3999, toolType[0]=TOOL_TYPE_UNKNOWN, buttonState=0, metaState=0, flags=0x0, edgeFlags=0x0, pointerCount=1, historySize=0, eventTime=842401013, downTime=842401013, deviceId=0, source=0x1002 }
08-06 01:59:44.636 20120 20120 I Input   : injectMotionEvent: MotionEvent { action=ACTION_MOVE, actionButton=0, id[0]=0, x[0]=500.0, y[0]=537.0, toolType[0]=TOOL_TYPE_UNKNOWN, buttonState=0, metaState=0, flags=0x0, edgeFlags=0x0, pointerCount=1, historySize=0, eventTime=842401049, downTime=842401049, deviceId=0, source=0x1002 }
08-06 01:59:44.674 20120 20120 I Input   : injectMotionEvent: MotionEvent { action=ACTION_MOVE, actionButton=0, id[0]=0, x[0]=500.0, y[0]=464.79993, toolType[0]=TOOL_TYPE_UNKNOWN, buttonState=0, metaState=0, flags=0x0, edgeFlags=0x0, pointerCount=1, historySize=0, eventTime=842401087, downTime=842401087, deviceId=0, source=0x1002 }
08-06 01:59:44.714 20120 20120 I Input   : injectMotionEvent: MotionEvent { action=ACTION_MOVE, actionButton=0, id[0]=0, x[0]=500.0, y[0]=388.80005, toolType[0]=TOOL_TYPE_UNKNOWN, buttonState=0, metaState=0, flags=0x0, edgeFlags=0x0, pointerCount=1, historySize=0, eventTime=842401127, downTime=842401127, deviceId=0, source=0x1002 }
08-06 01:59:44.756 20120 20120 I Input   : injectMotionEvent: MotionEvent { action=ACTION_MOVE, actionButton=0, id[0]=0, x[0]=500.0, y[0]=309.0, toolType[0]=TOOL_TYPE_UNKNOWN, buttonState=0, metaState=0, flags=0x0, edgeFlags=0x0, pointerCount=1, historySize=0, eventTime=842401169, downTime=842401169, deviceId=0, source=0x1002 }
08-06 01:59:44.799 20120 20120 I Input   : injectMotionEvent: MotionEvent { action=ACTION_MOVE, actionButton=0, id[0]=0, x[0]=500.0, y[0]=227.29993, toolType[0]=TOOL_TYPE_UNKNOWN, buttonState=0, metaState=0, flags=0x0, edgeFlags=0x0, pointerCount=1, historySize=0, eventTime=842401212, downTime=842401212, deviceId=0, source=0x1002 }
08-06 01:59:44.837 20120 20120 I Input   : injectMotionEvent: MotionEvent { action=ACTION_MOVE, actionButton=0, id[0]=0, x[0]=500.0, y[0]=155.09998, toolType[0]=TOOL_TYPE_UNKNOWN, buttonState=0, metaState=0, flags=0x0, edgeFlags=0x0, pointerCount=1, historySize=0, eventTime=842401250, downTime=842401250, deviceId=0, source=0x1002 }
08-06 01:59:44.877 20120 20120 I Input   : injectMotionEvent: MotionEvent { action=ACTION_UP, actionButton=0, id[0]=0, x[0]=500.0, y[0]=100.0, toolType[0]=TOOL_TYPE_UNKNOWN, buttonState=0, metaState=0, flags=0x0, edgeFlags=0x0, pointerCount=1, historySize=0, eventTime=842401290, downTime=842401290, deviceId=0, source=0x1002 }
08-06 01:59:44.916 20120 20120 D AndroidRuntime: Shutting down VM
08-06 01:59:44.931 18522 18534 I art     : Starting a blocking GC Explicit
08-06 01:59:44.979 18522 18534 I art     : Explicit concurrent mark sweep GC freed 1635(93KB) AllocSpace objects, 2(36KB) LOS objects, 10% free, 135MB/151MB, paused 1.465ms total 47.767ms
08-06 01:59:44.999 18522 18534 I art     : Starting a blocking GC Explicit
08-06 01:59:45.052 18522 18534 I art     : Explicit concurrent mark sweep GC freed 40(1648B) AllocSpace objects, 0(0B) LOS objects, 10% free, 135MB/151MB, paused 1.553ms total 52.216ms
08-06 01:59:45.074 18522 18534 I art     : Starting a blocking GC Explicit
08-06 01:59:45.130 18522 18534 I art     : Explicit concurrent mark sweep GC freed 3(96B) AllocSpace objects, 0(0B) LOS objects, 10% free, 135MB/151MB, paused 1.592ms total 55.420ms
08-06 01:59:45.153 18522 18534 I art     : Starting a blocking GC Explicit
08-06 01:59:45.206 18522 18534 I art     : Explicit concurrent mark sweep GC freed 3(96B) AllocSpace objects, 0(0B) LOS objects, 10% free, 135MB/151MB, paused 1.541ms total 52.025ms
08-06 01:59:45.228 18522 18534 I art     : Starting a blocking GC Explicit
08-06 01:59:45.282 18522 18534 I art     : Explicit concurrent mark sweep GC freed 3(96B) AllocSpace objects, 0(0B) LOS objects, 10% free, 135MB/151MB, paused 1.693ms total 53.530ms
08-06 01:59:45.718 18522 18535 I art     : Starting a blocking GC Explicit
08-06 01:59:45.779 18522 18535 I art     : Explicit concurrent mark sweep GC freed 1613(92KB) AllocSpace objects, 2(36KB) LOS objects, 10% free, 135MB/151MB, paused 1.739ms total 59.951ms
08-06 01:59:45.801 18522 18535 I art     : Starting a blocking GC Explicit
08-06 01:59:45.813 20168 20168 D AndroidRuntime: >>>>>> START com.android.internal.os.RuntimeInit uid 2000 <<<<<<
08-06 01:59:45.819 20168 20168 D AndroidRuntime: CheckJNI is OFF
08-06 01:59:45.855 18522 18535 I art     : Explicit concurrent mark sweep GC freed 28(1024B) AllocSpace objects, 0(0B) LOS objects, 10% free, 135MB/151MB, paused 1.564ms total 53.522ms
08-06 01:59:45.876 18522 18535 I art     : Starting a blocking GC Explicit
08-06 01:59:45.877 20168 20168 D ICU     : No timezone override file found: /data/misc/zoneinfo/current/icu/icu_tzdata.dat
08-06 01:59:45.924 20168 20168 I Radio-JNI: register_android_hardware_Radio DONE
08-06 01:59:45.928 18522 18535 I art     : Explicit concurrent mark sweep GC freed 3(96B) AllocSpace objects, 0(0B) LOS objects, 10% free, 135MB/151MB, paused 1.750ms total 51.622ms
08-06 01:59:45.950 18522 18535 I art     : Starting a blocking GC Explicit
08-06 01:59:45.956 20168 20168 D AndroidRuntime: Calling main entry com.android.commands.input.Input
08-06 01:59:45.959 20168 20168 I Input   : injectMotionEvent: MotionEvent { action=ACTION_DOWN, actionButton=0, id[0]=0, x[0]=657.0, y[0]=2080.0, toolType[0]=TOOL_TYPE_UNKNOWN, buttonState=0, metaState=0, flags=0x0, edgeFlags=0x0, pointerCount=1, historySize=0, eventTime=842402372, downTime=842402372, deviceId=0, source=0x1002 }
08-06 01:59:45.964 20168 20168 I Input   : injectMotionEvent: MotionEvent { action=ACTION_UP, actionButton=0, id[0]=0, x[0]=657.0, y[0]=2080.0, toolType[0]=TOOL_TYPE_UNKNOWN, buttonState=0, metaState=0, flags=0x0, edgeFlags=0x0, pointerCount=1, historySize=0, eventTime=842402372, downTime=842402372, deviceId=0, source=0x1002 }
08-06 01:59:45.966 20168 20168 D AndroidRuntime: Shutting down VM
08-06 01:59:45.968   918  3696 I ActivityManager: START u0 {cmp=baseline.io.github.project_travel_mate/.utilities.UpcomingWeekendsActivity} from uid 10696 on display 0
08-06 01:59:45.968   512  2967 D audio_hw_primary: out_set_parameters: enter: usecase(1: low-latency-playback) kvpairs: routing=2
08-06 01:59:45.981   512  2967 D audio_hw_primary: select_devices: out_snd_device(2: speaker) in_snd_device(0: none)
08-06 01:59:45.981   512  2967 D msm8974_platform: platform_send_audio_calibration: sending audio calibration for snd_device(2) acdb_id(15)
08-06 01:59:45.982   512  2967 I soundtrigger: audio_extn_sound_trigger_update_device_status: device 0x2 of type 0 for Event 1
08-06 01:59:45.995   512  2967 D audio_hw_primary: enable_snd_device: snd_device(2: speaker)
08-06 01:59:45.997   512  2967 D audio_hw_primary: enable_audio_route: apply and update mixer path: low-latency-playback speaker
08-06 01:59:46.005 18522 18535 I art     : Explicit concurrent mark sweep GC freed 93(9KB) AllocSpace objects, 0(0B) LOS objects, 10% free, 135MB/151MB, paused 1.961ms total 54.040ms
08-06 01:59:46.019 18522 18592 D Gabe    : call	returning from cache
08-06 01:59:46.023 18522 18522 V EXECUTING: https://project-travel-mate.herokuapp.com/api/get-upcoming-holidays/2020
08-06 01:59:46.027 18522 18535 I art     : Starting a blocking GC Explicit
08-06 01:59:46.027 18522 18522 V EXECUTING: https://project-travel-mate.herokuapp.com/api/get-upcoming-holidays/2020
08-06 01:59:46.080 18522 18535 I art     : Explicit concurrent mark sweep GC freed 773(97KB) AllocSpace objects, 0(0B) LOS objects, 10% free, 135MB/151MB, paused 1.977ms total 52.727ms
08-06 01:59:46.125 13866 13866 I GoogleInputMethodServic: GoogleInputMethodService.onFinishInput():3138 
08-06 01:59:46.148 13866 13866 I GoogleInputMethodServic: GoogleInputMethodService.onStartInput():1808 
08-06 01:59:46.247   918   936 I ActivityManager: Displayed baseline.io.github.project_travel_mate/.utilities.UpcomingWeekendsActivity: +267ms
08-06 01:59:46.494   380   380 W SurfaceFlinger: couldn't log to binary event log: overflow.
08-06 01:59:46.494 18522 18535 I art     : Starting a blocking GC Explicit
08-06 01:59:46.538   512  2967 D audio_hw_primary: disable_audio_route: reset and update mixer path: low-latency-playback speaker
08-06 01:59:46.539   512  2967 D audio_hw_primary: disable_snd_device: snd_device(2: speaker)
08-06 01:59:46.548   512  2967 I soundtrigger: audio_extn_sound_trigger_update_device_status: device 0x2 of type 0 for Event 0
08-06 01:59:46.549 18522 18535 I art     : Explicit concurrent mark sweep GC freed 8178(408KB) AllocSpace objects, 6(276KB) LOS objects, 10% free, 140MB/156MB, paused 1.668ms total 54.839ms
08-06 01:59:46.568 18522 20191 I NAPPA_EXPERIMENTATION: MetricNetworkRequestExecutionTime: REQUEST_DURATION_SYSTEM='543',REQUEST_DURATION_OKHTTP='41',REQUEST_SYNCHRONOUS='FALSE',RESPONSE_CODE='200',RESPONSE_METHOD='GET',RESPONSE_LENGTH_OKHTTP='6426',RESPONSE_LENGTH_HEADER='6426',REQUEST_PROTOCOL='http/1.1',REQUEST_URL='https://project-travel-mate.herokuapp.com/api/get-upcoming-holidays/2020',
08-06 01:59:46.571 18522 18535 I art     : Starting a blocking GC Explicit
08-06 01:59:46.579 18522 18522 V Response: [{"month":"January","date":1,"day":"Wednesday","name":"New Year's Day","type":"Restricted"},{"month":"January","date":2,"day":"Thursday","name":"Guru Govind Singh Jayanti","type":"Restricted"},{"month":"January","date":14,"day":"Tuesday","name":"Lohri","type":"Restricted"},{"month":"January","date":15,"day":"Wednesday","name":"Pongal","type":"Restricted"},{"month":"January","date":15,"day":"Wednesday","name":"Makar Sankranti","type":"Restricted"},{"month":"January","date":25,"day":"Saturday","name":"Chinese New Year","type":"Observance"},{"month":"January","date":26,"day":"Sunday","name":"Republic Day","type":"Gazetted"},{"month":"January","date":30,"day":"Thursday","name":"Vasant Panchami","type":"Restricted"},{"month":"February","date":9,"day":"Sunday","name":"Guru Ravidas Jayanti","type":"Restricted"},{"month":"February","date":14,"day":"Friday","name":"Valentine's Day","type":"Observance"},{"month":"February","date":18,"day":"Tuesday","name":"Maharishi Dayanand Saraswati Jayanti","type":"Restricted"},{"month":"February","date":19,"day":"Wednesday","name":"Shivaji Jayanti","type":"Restricted"},{"month":"February","date":21,"day":"Friday","name":"Maha Shivaratri/Shivaratri","type":"Gazetted"},{"month":"March","date":9,"day":"Monday","name":"Holika Dahana","type":"Restricted"},{"month":"March","date":9,"day":"Monday","name":"Hazarat Ali's Birthday","type":"Restricted"},{"month":"March","date":10,"day":"Tuesday","name":"Holi","type":"Gazetted"},{"month":"March","date":20,"day":"Friday","name":"March Equinox","type":"Season"},{"month":"March","date":25,"day":"Wednesday","name":"Chaitra Sukhladi","type":"Restricted"},{"month":"April","date":2,"day":"Thursday","name":"Rama Navami","type":"Gazetted"},{"month":"April","date":6,"day":"Monday","name":"Mahavir Jayanti","type":"Gazetted"},{"month":"April","date":9,"day":"Thursday","name":"First day of Passover","type":"Observance"},{"month":"April","date":9,"day":"Thursday","name":"Maundy Thursday","type":"Observance,"},{"month":"April","date":10,"day":"Friday","name":"Good Friday","type":"Gazetted"},{"month":"April","date":12,"day":"Sunday","name":"Easter Day","type":"Restricted"},{"month":"April","date":13,"day":"Monday","name":"Vaisakhi","type":"Restricted"},{"month":"April","date":14,"day":"Tuesday","name":"Mesadi/Vaisakhadi","type":"Restricted"},{"month":"April","date":14,"day":"Tuesday","name":"Ambedkar Jayanti","type":"Central"},{"month":"May","date":1,"day":"Friday","name":"May Day","type":"Observance"},{"month":"May","date":7,"day":"Thursday","name":"Buddha Purnima/Vesak","type":"Gazetted"},{"month":"May","date":7,"day":"Thursday","name":"Birthday of Ravindranath","type":"Restricted"},{"month":"May","date":10,"day":"Sunday","name":"Mother's Day","type":"Observance"},{"month":"May","date":22,"day":"Friday","name":"Jamat Ul-Vida","type":"Restricted"},{"month":"May","date":25,"day":"Monday","name":"Ramzan Id/Eid-ul-Fitar","type":"Gazetted"},{"month":"May","date":25,"day":"Monday","name":"Ramzan Id/Eid-ul-Fitar","type":"Muslim,"},{"month":"June","date":21,"day":"Sunday","name":"June Solstice","type":"Season"},{"month":"June","date":21,"day":"Sunday","name":"Father's Day","type":"Observance"},{"month":"June","date":23,"day":"Tuesday","name":"Rath Yatra","type":"Restricted"},{"month":"July","date":5,"day":"Sunday","name":"Guru Purnima","type":"Observance"},{"month":"July","date":31,"day":"Friday","name":"Bakr Id/Eid ul-Adha","type":"Gazetted"},{"month":"August","date":2,"day":"Sunday","name":"Friendship Day","type":"Observance"},{"month":"August","date":3,"day":"Monday","name":"Raksha Bandhan (Rakhi)","type":"Restricted"},{"month":"August","date":11,"day":"Tuesday","name":"Janmashtami (Smarta)","type":"Restricted"},{"month":"August","date":12,"day":"Wednesday","name":"Janmashtami","type":"Gazetted"},{"month":"August","date":15,"day":"Saturday","name":"Independence Day","type":"Gazetted"},{"month":"August","date":16,"day":"Sunday","name":"Parsi New Year","type":"Restricted"},{"month":"August","date":22,"day":"Saturday","name":"Ganesh Chaturthi/Vin
08-06 01:59:46.594 18522 20192 I NAPPA_EXPERIMENTATION: MetricNetworkRequestExecutionTime: REQUEST_DURATION_SYSTEM='564',REQUEST_DURATION_OKHTTP='66',REQUEST_SYNCHRONOUS='FALSE',RESPONSE_CODE='200',RESPONSE_METHOD='GET',RESPONSE_LENGTH_OKHTTP='6426',RESPONSE_LENGTH_HEADER='6426',REQUEST_PROTOCOL='http/1.1',REQUEST_URL='https://project-travel-mate.herokuapp.com/api/get-upcoming-holidays/2020',
08-06 01:59:46.627 18522 18535 I art     : Explicit concurrent mark sweep GC freed 5434(390KB) AllocSpace objects, 5(208KB) LOS objects, 10% free, 140MB/156MB, paused 2.420ms total 55.999ms
08-06 01:59:46.650 18522 18535 I art     : Starting a blocking GC Explicit
08-06 01:59:46.686 18522 18522 V Response: [{"month":"January","date":1,"day":"Wednesday","name":"New Year's Day","type":"Restricted"},{"month":"January","date":2,"day":"Thursday","name":"Guru Govind Singh Jayanti","type":"Restricted"},{"month":"January","date":14,"day":"Tuesday","name":"Lohri","type":"Restricted"},{"month":"January","date":15,"day":"Wednesday","name":"Pongal","type":"Restricted"},{"month":"January","date":15,"day":"Wednesday","name":"Makar Sankranti","type":"Restricted"},{"month":"January","date":25,"day":"Saturday","name":"Chinese New Year","type":"Observance"},{"month":"January","date":26,"day":"Sunday","name":"Republic Day","type":"Gazetted"},{"month":"January","date":30,"day":"Thursday","name":"Vasant Panchami","type":"Restricted"},{"month":"February","date":9,"day":"Sunday","name":"Guru Ravidas Jayanti","type":"Restricted"},{"month":"February","date":14,"day":"Friday","name":"Valentine's Day","type":"Observance"},{"month":"February","date":18,"day":"Tuesday","name":"Maharishi Dayanand Saraswati Jayanti","type":"Restricted"},{"month":"February","date":19,"day":"Wednesday","name":"Shivaji Jayanti","type":"Restricted"},{"month":"February","date":21,"day":"Friday","name":"Maha Shivaratri/Shivaratri","type":"Gazetted"},{"month":"March","date":9,"day":"Monday","name":"Holika Dahana","type":"Restricted"},{"month":"March","date":9,"day":"Monday","name":"Hazarat Ali's Birthday","type":"Restricted"},{"month":"March","date":10,"day":"Tuesday","name":"Holi","type":"Gazetted"},{"month":"March","date":20,"day":"Friday","name":"March Equinox","type":"Season"},{"month":"March","date":25,"day":"Wednesday","name":"Chaitra Sukhladi","type":"Restricted"},{"month":"April","date":2,"day":"Thursday","name":"Rama Navami","type":"Gazetted"},{"month":"April","date":6,"day":"Monday","name":"Mahavir Jayanti","type":"Gazetted"},{"month":"April","date":9,"day":"Thursday","name":"First day of Passover","type":"Observance"},{"month":"April","date":9,"day":"Thursday","name":"Maundy Thursday","type":"Observance,"},{"month":"April","date":10,"day":"Friday","name":"Good Friday","type":"Gazetted"},{"month":"April","date":12,"day":"Sunday","name":"Easter Day","type":"Restricted"},{"month":"April","date":13,"day":"Monday","name":"Vaisakhi","type":"Restricted"},{"month":"April","date":14,"day":"Tuesday","name":"Mesadi/Vaisakhadi","type":"Restricted"},{"month":"April","date":14,"day":"Tuesday","name":"Ambedkar Jayanti","type":"Central"},{"month":"May","date":1,"day":"Friday","name":"May Day","type":"Observance"},{"month":"May","date":7,"day":"Thursday","name":"Buddha Purnima/Vesak","type":"Gazetted"},{"month":"May","date":7,"day":"Thursday","name":"Birthday of Ravindranath","type":"Restricted"},{"month":"May","date":10,"day":"Sunday","name":"Mother's Day","type":"Observance"},{"month":"May","date":22,"day":"Friday","name":"Jamat Ul-Vida","type":"Restricted"},{"month":"May","date":25,"day":"Monday","name":"Ramzan Id/Eid-ul-Fitar","type":"Gazetted"},{"month":"May","date":25,"day":"Monday","name":"Ramzan Id/Eid-ul-Fitar","type":"Muslim,"},{"month":"June","date":21,"day":"Sunday","name":"June Solstice","type":"Season"},{"month":"June","date":21,"day":"Sunday","name":"Father's Day","type":"Observance"},{"month":"June","date":23,"day":"Tuesday","name":"Rath Yatra","type":"Restricted"},{"month":"July","date":5,"day":"Sunday","name":"Guru Purnima","type":"Observance"},{"month":"July","date":31,"day":"Friday","name":"Bakr Id/Eid ul-Adha","type":"Gazetted"},{"month":"August","date":2,"day":"Sunday","name":"Friendship Day","type":"Observance"},{"month":"August","date":3,"day":"Monday","name":"Raksha Bandhan (Rakhi)","type":"Restricted"},{"month":"August","date":11,"day":"Tuesday","name":"Janmashtami (Smarta)","type":"Restricted"},{"month":"August","date":12,"day":"Wednesday","name":"Janmashtami","type":"Gazetted"},{"month":"August","date":15,"day":"Saturday","name":"Independence Day","type":"Gazetted"},{"month":"August","date":16,"day":"Sunday","name":"Parsi New Year","type":"Restricted"},{"month":"August","date":22,"day":"Saturday","name":"Ganesh Chaturthi/Vin
08-06 01:59:46.709 18522 18535 I art     : Explicit concurrent mark sweep GC freed 7512(294KB) AllocSpace objects, 0(0B) LOS objects, 10% free, 140MB/156MB, paused 2.393ms total 57.833ms
08-06 01:59:46.731 18522 18535 I art     : Starting a blocking GC Explicit
08-06 01:59:46.790 18522 18535 I art     : Explicit concurrent mark sweep GC freed 2971(107KB) AllocSpace objects, 0(0B) LOS objects, 10% free, 140MB/156MB, paused 1.831ms total 58.689ms
08-06 01:59:46.813 18522 18535 I art     : Starting a blocking GC Explicit
08-06 01:59:46.870 18522 18535 I art     : Explicit concurrent mark sweep GC freed 1276(75KB) AllocSpace objects, 1(4MB) LOS objects, 10% free, 136MB/152MB, paused 1.759ms total 56.048ms
08-06 01:59:47.301 18522 18540 I art     : Starting a blocking GC Explicit
08-06 01:59:47.364 18522 18540 I art     : Explicit concurrent mark sweep GC freed 2325(104KB) AllocSpace objects, 2(36KB) LOS objects, 10% free, 136MB/152MB, paused 1.893ms total 62.886ms
08-06 01:59:47.388 18522 18540 I art     : Starting a blocking GC Explicit
08-06 01:59:47.447 18522 18540 I art     : Explicit concurrent mark sweep GC freed 166(3KB) AllocSpace objects, 0(0B) LOS objects, 10% free, 136MB/152MB, paused 1.780ms total 58.603ms
08-06 01:59:47.472 18522 18540 I art     : Starting a blocking GC Explicit
08-06 01:59:47.533 18522 18540 I art     : Explicit concurrent mark sweep GC freed 147(2496B) AllocSpace objects, 0(0B) LOS objects, 10% free, 136MB/152MB, paused 1.825ms total 60.599ms
08-06 01:59:47.557 18522 18540 I art     : Starting a blocking GC Explicit
08-06 01:59:47.619 18522 18540 I art     : Explicit concurrent mark sweep GC freed 122(2064B) AllocSpace objects, 0(0B) LOS objects, 10% free, 136MB/152MB, paused 1.843ms total 60.917ms
08-06 01:59:47.643 18522 18540 I art     : Starting a blocking GC Explicit
08-06 01:59:47.705 18522 18540 I art     : Explicit concurrent mark sweep GC freed 136(2784B) AllocSpace objects, 0(0B) LOS objects, 10% free, 136MB/152MB, paused 1.737ms total 61.401ms
08-06 01:59:48.156 18522 18796 I art     : Starting a blocking GC Explicit
08-06 01:59:48.216 18522 18796 I art     : Explicit concurrent mark sweep GC freed 2313(104KB) AllocSpace objects, 2(36KB) LOS objects, 10% free, 136MB/152MB, paused 1.888ms total 59.274ms
08-06 01:59:48.239 18522 18796 I art     : Starting a blocking GC Explicit
08-06 01:59:48.300 18522 18796 I art     : Explicit concurrent mark sweep GC freed 155(3KB) AllocSpace objects, 0(0B) LOS objects, 10% free, 136MB/152MB, paused 2.130ms total 59.754ms
08-06 01:59:48.324 18522 18796 I art     : Starting a blocking GC Explicit
08-06 01:59:48.384 18522 18796 I art     : Explicit concurrent mark sweep GC freed 170(3KB) AllocSpace objects, 0(0B) LOS objects, 10% free, 136MB/152MB, paused 1.838ms total 59.859ms
08-06 01:59:48.408 18522 18796 I art     : Starting a blocking GC Explicit
08-06 01:59:48.469 18522 18796 I art     : Explicit concurrent mark sweep GC freed 123(2096B) AllocSpace objects, 0(0B) LOS objects, 10% free, 136MB/152MB, paused 2.005ms total 60.331ms
08-06 01:59:48.493 18522 18796 I art     : Starting a blocking GC Explicit
08-06 01:59:48.534   518   646 I ThermalEngine: ACTION: GPU - Setting GPU[0] to 450000000
08-06 01:59:48.548 18522 18796 I art     : Explicit concurrent mark sweep GC freed 107(1824B) AllocSpace objects, 0(0B) LOS objects, 10% free, 136MB/152MB, paused 1.181ms total 55.009ms
08-06 01:59:48.953 18522 18535 I art     : Starting a blocking GC Explicit
08-06 01:59:49.007 18522 18535 I art     : Explicit concurrent mark sweep GC freed 2259(103KB) AllocSpace objects, 2(36KB) LOS objects, 10% free, 136MB/152MB, paused 1.158ms total 53.771ms
08-06 01:59:49.025 18522 18535 I art     : Starting a blocking GC Explicit
08-06 01:59:49.076 18522 18535 I art     : Explicit concurrent mark sweep GC freed 138(3056B) AllocSpace objects, 0(0B) LOS objects, 10% free, 136MB/152MB, paused 1.087ms total 50.049ms
08-06 01:59:49.094 18522 18535 I art     : Starting a blocking GC Explicit
08-06 01:59:49.141 18522 18535 I art     : Explicit concurrent mark sweep GC freed 99(1696B) AllocSpace objects, 0(0B) LOS objects, 10% free, 136MB/152MB, paused 1.026ms total 47.025ms
08-06 01:59:49.159 18522 18535 I art     : Starting a blocking GC Explicit
08-06 01:59:49.206 18522 18535 I art     : Explicit concurrent mark sweep GC freed 100(1728B) AllocSpace objects, 0(0B) LOS objects, 10% free, 136MB/152MB, paused 1.090ms total 47.423ms
08-06 01:59:49.224 18522 18535 I art     : Starting a blocking GC Explicit
08-06 01:59:49.276 18522 18535 I art     : Explicit concurrent mark sweep GC freed 99(1696B) AllocSpace objects, 0(0B) LOS objects, 10% free, 136MB/152MB, paused 1.140ms total 51.411ms
08-06 01:59:49.692 18522 18534 I art     : Starting a blocking GC Explicit
08-06 01:59:49.747 18522 18534 I art     : Explicit concurrent mark sweep GC freed 2286(103KB) AllocSpace objects, 2(36KB) LOS objects, 10% free, 136MB/152MB, paused 1.068ms total 53.773ms
08-06 01:59:49.768 18522 18534 I art     : Starting a blocking GC Explicit
08-06 01:59:49.817 18522 18534 I art     : Explicit concurrent mark sweep GC freed 127(2672B) AllocSpace objects, 0(0B) LOS objects, 10% free, 136MB/152MB, paused 1.247ms total 48.728ms
08-06 01:59:49.835 18522 18534 I art     : Starting a blocking GC Explicit
08-06 01:59:49.886 18522 18534 I art     : Explicit concurrent mark sweep GC freed 107(1824B) AllocSpace objects, 0(0B) LOS objects, 10% free, 136MB/152MB, paused 1.242ms total 50.885ms
08-06 01:59:49.905 18522 18534 I art     : Starting a blocking GC Explicit
08-06 01:59:49.954 18522 18534 I art     : Explicit concurrent mark sweep GC freed 111(1888B) AllocSpace objects, 0(0B) LOS objects, 10% free, 136MB/152MB, paused 1.150ms total 48.721ms
08-06 01:59:49.973 18522 18534 I art     : Starting a blocking GC Explicit
08-06 01:59:50.025 18522 18534 I art     : Explicit concurrent mark sweep GC freed 100(1728B) AllocSpace objects, 0(0B) LOS objects, 10% free, 136MB/152MB, paused 1.130ms total 51.797ms
08-06 01:59:50.424 18522 18540 I art     : Starting a blocking GC Explicit
08-06 01:59:50.476 18522 18540 I art     : Explicit concurrent mark sweep GC freed 2273(103KB) AllocSpace objects, 2(36KB) LOS objects, 10% free, 136MB/152MB, paused 1.197ms total 51.598ms
08-06 01:59:50.494 18522 18540 I art     : Starting a blocking GC Explicit
08-06 01:59:50.543 18522 18540 I art     : Explicit concurrent mark sweep GC freed 134(3KB) AllocSpace objects, 0(0B) LOS objects, 10% free, 136MB/152MB, paused 1.091ms total 49.462ms
08-06 01:59:50.562 18522 18540 I art     : Starting a blocking GC Explicit
08-06 01:59:50.612 18522 18540 I art     : Explicit concurrent mark sweep GC freed 99(1696B) AllocSpace objects, 0(0B) LOS objects, 10% free, 136MB/152MB, paused 1.146ms total 50.152ms
08-06 01:59:50.630 18522 18540 I art     : Starting a blocking GC Explicit
08-06 01:59:50.679 18522 18540 I art     : Explicit concurrent mark sweep GC freed 111(2352B) AllocSpace objects, 0(0B) LOS objects, 10% free, 136MB/152MB, paused 1.156ms total 48.803ms
08-06 01:59:50.697 18522 18540 I art     : Starting a blocking GC Explicit
08-06 01:59:50.748 18522 18540 I art     : Explicit concurrent mark sweep GC freed 109(2240B) AllocSpace objects, 0(0B) LOS objects, 10% free, 136MB/152MB, paused 1.220ms total 50.243ms
08-06 01:59:50.766 20249 20249 D AndroidRuntime: >>>>>> START com.android.internal.os.RuntimeInit uid 2000 <<<<<<
08-06 01:59:50.772 20249 20249 D AndroidRuntime: CheckJNI is OFF
08-06 01:59:50.814 20249 20249 D ICU     : No timezone override file found: /data/misc/zoneinfo/current/icu/icu_tzdata.dat
08-06 01:59:50.859 20249 20249 I Radio-JNI: register_android_hardware_Radio DONE
08-06 01:59:50.888 20249 20249 D AndroidRuntime: Calling main entry com.android.commands.input.Input
08-06 01:59:50.890 20249 20249 I Input   : injectKeyEvent: KeyEvent { action=ACTION_DOWN, keyCode=KEYCODE_BACK, scanCode=0, metaState=0, flags=0x0, repeatCount=0, eventTime=842407302, downTime=842407302, deviceId=-1, source=0x101 }
08-06 01:59:50.897 20249 20249 I Input   : injectKeyEvent: KeyEvent { action=ACTION_UP, keyCode=KEYCODE_BACK, scanCode=0, metaState=0, flags=0x0, repeatCount=0, eventTime=842407302, downTime=842407302, deviceId=-1, source=0x101 }
08-06 01:59:50.906 20249 20249 D AndroidRuntime: Shutting down VM
08-06 01:59:50.916 18522 18522 V MainActivity: url = https://project-travel-mate.herokuapp.com/api/number-of-unread-notifications
08-06 01:59:50.945 13866 13866 I GoogleInputMethodServic: GoogleInputMethodService.onFinishInput():3138 
08-06 01:59:50.946 13866 13866 I GoogleInputMethodServic: GoogleInputMethodService.onStartInput():1808 
08-06 01:59:51.129 18522 18535 I art     : Starting a blocking GC Explicit
08-06 01:59:51.184 18522 18535 I art     : Explicit concurrent mark sweep GC freed 2585(122KB) AllocSpace objects, 2(36KB) LOS objects, 10% free, 136MB/152MB, paused 1.100ms total 54.344ms
08-06 01:59:51.207 18522 18535 I art     : Starting a blocking GC Explicit
08-06 01:59:51.265 18522 18535 I art     : Explicit concurrent mark sweep GC freed 199(5KB) AllocSpace objects, 0(0B) LOS objects, 10% free, 136MB/152MB, paused 1.191ms total 57.603ms
08-06 01:59:51.282   380   380 W SurfaceFlinger: couldn't log to binary event log: overflow.
08-06 01:59:51.283 18522 18535 I art     : Starting a blocking GC Explicit
08-06 01:59:51.328 18522 18535 I art     : Explicit concurrent mark sweep GC freed 99(2336B) AllocSpace objects, 0(0B) LOS objects, 10% free, 136MB/152MB, paused 1.225ms total 44.207ms
08-06 01:59:51.345 18522 18535 I art     : Starting a blocking GC Explicit
08-06 01:59:51.392 18522 18535 I art     : Explicit concurrent mark sweep GC freed 122(6KB) AllocSpace objects, 0(0B) LOS objects, 10% free, 136MB/152MB, paused 1.236ms total 47.432ms
08-06 01:59:51.410 18522 18535 I art     : Starting a blocking GC Explicit
08-06 01:59:51.461 18522 18535 I art     : Explicit concurrent mark sweep GC freed 6489(353KB) AllocSpace objects, 13(264KB) LOS objects, 10% free, 135MB/151MB, paused 1.429ms total 50.335ms
08-06 01:59:51.774 18522 20272 I NAPPA_EXPERIMENTATION: MetricNetworkRequestExecutionTime: REQUEST_DURATION_SYSTEM='856',REQUEST_DURATION_OKHTTP='32',REQUEST_SYNCHRONOUS='FALSE',RESPONSE_CODE='200',RESPONSE_METHOD='GET',RESPONSE_LENGTH_OKHTTP='36',RESPONSE_LENGTH_HEADER='36',REQUEST_PROTOCOL='http/1.1',REQUEST_URL='https://project-travel-mate.herokuapp.com/api/number-of-unread-notifications',
08-06 01:59:51.867 18522 18796 I art     : Starting a blocking GC Explicit
08-06 01:59:51.929 18522 18796 I art     : Explicit concurrent mark sweep GC freed 4383(239KB) AllocSpace objects, 5(236KB) LOS objects, 10% free, 135MB/151MB, paused 1.257ms total 61.014ms
08-06 01:59:51.948 18522 18796 I art     : Starting a blocking GC Explicit
08-06 01:59:51.996 18522 18796 I art     : Explicit concurrent mark sweep GC freed 962(117KB) AllocSpace objects, 0(0B) LOS objects, 10% free, 135MB/151MB, paused 1.138ms total 46.958ms
08-06 01:59:52.014 18522 18796 I art     : Starting a blocking GC Explicit
08-06 01:59:52.060 18522 18796 I art     : Explicit concurrent mark sweep GC freed 3(96B) AllocSpace objects, 0(0B) LOS objects, 10% free, 135MB/151MB, paused 1.055ms total 46.186ms
08-06 01:59:52.078 18522 18796 I art     : Starting a blocking GC Explicit
08-06 01:59:52.126 18522 18796 I art     : Explicit concurrent mark sweep GC freed 3(96B) AllocSpace objects, 0(0B) LOS objects, 10% free, 135MB/151MB, paused 1.226ms total 48.254ms
08-06 01:59:52.149 18522 18796 I art     : Starting a blocking GC Explicit
08-06 01:59:52.193 18522 18796 I art     : Explicit concurrent mark sweep GC freed 3(96B) AllocSpace objects, 0(0B) LOS objects, 10% free, 135MB/151MB, paused 1.141ms total 43.797ms
08-06 01:59:52.582 18522 18534 I art     : Starting a blocking GC Explicit
08-06 01:59:52.625 18522 18534 I art     : Explicit concurrent mark sweep GC freed 1615(92KB) AllocSpace objects, 2(36KB) LOS objects, 10% free, 135MB/151MB, paused 1.123ms total 42.100ms
08-06 01:59:52.642 18522 18534 I art     : Starting a blocking GC Explicit
08-06 01:59:52.682 18522 18534 I art     : Explicit concurrent mark sweep GC freed 32(1152B) AllocSpace objects, 0(0B) LOS objects, 10% free, 135MB/151MB, paused 1.088ms total 40.022ms
08-06 01:59:52.691 20293 20293 D AndroidRuntime: >>>>>> START com.android.internal.os.RuntimeInit uid 2000 <<<<<<
08-06 01:59:52.696 20293 20293 D AndroidRuntime: CheckJNI is OFF
08-06 01:59:52.700 18522 18534 I art     : Starting a blocking GC Explicit
08-06 01:59:52.735 20293 20293 D ICU     : No timezone override file found: /data/misc/zoneinfo/current/icu/icu_tzdata.dat
08-06 01:59:52.740 18522 18534 I art     : Explicit concurrent mark sweep GC freed 5(160B) AllocSpace objects, 0(0B) LOS objects, 10% free, 135MB/151MB, paused 1.092ms total 40.006ms
08-06 01:59:52.757 18522 18534 I art     : Starting a blocking GC Explicit
08-06 01:59:52.776 20293 20293 I Radio-JNI: register_android_hardware_Radio DONE
08-06 01:59:52.799 18522 18534 I art     : Explicit concurrent mark sweep GC freed 5(160B) AllocSpace objects, 0(0B) LOS objects, 10% free, 135MB/151MB, paused 1.121ms total 41.044ms
08-06 01:59:52.803 20293 20293 D AndroidRuntime: Calling main entry com.android.commands.input.Input
08-06 01:59:52.805 20293 20293 I Input   : injectMotionEvent: MotionEvent { action=ACTION_DOWN, actionButton=0, id[0]=0, x[0]=657.0, y[0]=2080.0, toolType[0]=TOOL_TYPE_UNKNOWN, buttonState=0, metaState=0, flags=0x0, edgeFlags=0x0, pointerCount=1, historySize=0, eventTime=842409218, downTime=842409218, deviceId=0, source=0x1002 }
08-06 01:59:52.816 18522 18534 I art     : Starting a blocking GC Explicit
08-06 01:59:52.838 20293 20293 I Input   : injectMotionEvent: MotionEvent { action=ACTION_UP, actionButton=0, id[0]=0, x[0]=657.0, y[0]=2080.0, toolType[0]=TOOL_TYPE_UNKNOWN, buttonState=0, metaState=0, flags=0x0, edgeFlags=0x0, pointerCount=1, historySize=0, eventTime=842409218, downTime=842409218, deviceId=0, source=0x1002 }
08-06 01:59:52.858 18522 18534 I art     : Explicit concurrent mark sweep GC freed 3(96B) AllocSpace objects, 0(0B) LOS objects, 10% free, 135MB/151MB, paused 1.230ms total 41.091ms
08-06 01:59:52.876 20293 20293 D AndroidRuntime: Shutting down VM
08-06 01:59:52.877   918  3961 I ActivityManager: START u0 {cmp=baseline.io.github.project_travel_mate/.utilities.UpcomingWeekendsActivity} from uid 10696 on display 0
08-06 01:59:52.879   512  2967 D audio_hw_primary: out_set_parameters: enter: usecase(1: low-latency-playback) kvpairs: routing=2
08-06 01:59:52.892   512  2967 D audio_hw_primary: select_devices: out_snd_device(2: speaker) in_snd_device(0: none)
08-06 01:59:52.892   512  2967 D msm8974_platform: platform_send_audio_calibration: sending audio calibration for snd_device(2) acdb_id(15)
08-06 01:59:52.892   512  2967 I soundtrigger: audio_extn_sound_trigger_update_device_status: device 0x2 of type 0 for Event 1
08-06 01:59:52.901   512  2967 D audio_hw_primary: enable_snd_device: snd_device(2: speaker)
08-06 01:59:52.901 18522 18592 D Gabe    : call	returning from cache
08-06 01:59:52.903   512  2967 D audio_hw_primary: enable_audio_route: apply and update mixer path: low-latency-playback speaker
08-06 01:59:52.904 18522 18522 V EXECUTING: https://project-travel-mate.herokuapp.com/api/get-upcoming-holidays/2020
08-06 01:59:52.906 18522 18522 V EXECUTING: https://project-travel-mate.herokuapp.com/api/get-upcoming-holidays/2020
08-06 01:59:52.994 13866 13866 I GoogleInputMethodServic: GoogleInputMethodService.onFinishInput():3138 
08-06 01:59:52.995 13866 13866 I GoogleInputMethodServic: GoogleInputMethodService.onStartInput():1808 
08-06 01:59:53.098   918   936 I ActivityManager: Displayed baseline.io.github.project_travel_mate/.utilities.UpcomingWeekendsActivity: +214ms
08-06 01:59:53.237 18522 18540 I art     : Starting a blocking GC Explicit
08-06 01:59:53.282 18522 18540 I art     : Explicit concurrent mark sweep GC freed 3497(193KB) AllocSpace objects, 2(36KB) LOS objects, 10% free, 140MB/156MB, paused 1.184ms total 44.880ms
08-06 01:59:53.298 18522 18540 I art     : Starting a blocking GC Explicit
08-06 01:59:53.346 18522 18540 I art     : Explicit concurrent mark sweep GC freed 396(15KB) AllocSpace objects, 0(0B) LOS objects, 10% free, 140MB/156MB, paused 1.263ms total 46.885ms
08-06 01:59:53.351   380   380 W SurfaceFlinger: couldn't log to binary event log: overflow.
08-06 01:59:53.364 18522 18540 I art     : Starting a blocking GC Explicit
08-06 01:59:53.410 18522 18540 I art     : Explicit concurrent mark sweep GC freed 5212(264KB) AllocSpace objects, 4(240KB) LOS objects, 10% free, 140MB/156MB, paused 1.343ms total 45.610ms
08-06 01:59:53.427 18522 18540 I art     : Starting a blocking GC Explicit
08-06 01:59:53.431 18522 20317 I NAPPA_EXPERIMENTATION: MetricNetworkRequestExecutionTime: REQUEST_DURATION_SYSTEM='527',REQUEST_DURATION_OKHTTP='40',REQUEST_SYNCHRONOUS='FALSE',RESPONSE_CODE='200',RESPONSE_METHOD='GET',RESPONSE_LENGTH_OKHTTP='6426',RESPONSE_LENGTH_HEADER='6426',REQUEST_PROTOCOL='http/1.1',REQUEST_URL='https://project-travel-mate.herokuapp.com/api/get-upcoming-holidays/2020',
08-06 01:59:53.433 18522 18522 V Response: [{"month":"January","date":1,"day":"Wednesday","name":"New Year's Day","type":"Restricted"},{"month":"January","date":2,"day":"Thursday","name":"Guru Govind Singh Jayanti","type":"Restricted"},{"month":"January","date":14,"day":"Tuesday","name":"Lohri","type":"Restricted"},{"month":"January","date":15,"day":"Wednesday","name":"Pongal","type":"Restricted"},{"month":"January","date":15,"day":"Wednesday","name":"Makar Sankranti","type":"Restricted"},{"month":"January","date":25,"day":"Saturday","name":"Chinese New Year","type":"Observance"},{"month":"January","date":26,"day":"Sunday","name":"Republic Day","type":"Gazetted"},{"month":"January","date":30,"day":"Thursday","name":"Vasant Panchami","type":"Restricted"},{"month":"February","date":9,"day":"Sunday","name":"Guru Ravidas Jayanti","type":"Restricted"},{"month":"February","date":14,"day":"Friday","name":"Valentine's Day","type":"Observance"},{"month":"February","date":18,"day":"Tuesday","name":"Maharishi Dayanand Saraswati Jayanti","type":"Restricted"},{"month":"February","date":19,"day":"Wednesday","name":"Shivaji Jayanti","type":"Restricted"},{"month":"February","date":21,"day":"Friday","name":"Maha Shivaratri/Shivaratri","type":"Gazetted"},{"month":"March","date":9,"day":"Monday","name":"Holika Dahana","type":"Restricted"},{"month":"March","date":9,"day":"Monday","name":"Hazarat Ali's Birthday","type":"Restricted"},{"month":"March","date":10,"day":"Tuesday","name":"Holi","type":"Gazetted"},{"month":"March","date":20,"day":"Friday","name":"March Equinox","type":"Season"},{"month":"March","date":25,"day":"Wednesday","name":"Chaitra Sukhladi","type":"Restricted"},{"month":"April","date":2,"day":"Thursday","name":"Rama Navami","type":"Gazetted"},{"month":"April","date":6,"day":"Monday","name":"Mahavir Jayanti","type":"Gazetted"},{"month":"April","date":9,"day":"Thursday","name":"First day of Passover","type":"Observance"},{"month":"April","date":9,"day":"Thursday","name":"Maundy Thursday","type":"Observance,"},{"month":"April","date":10,"day":"Friday","name":"Good Friday","type":"Gazetted"},{"month":"April","date":12,"day":"Sunday","name":"Easter Day","type":"Restricted"},{"month":"April","date":13,"day":"Monday","name":"Vaisakhi","type":"Restricted"},{"month":"April","date":14,"day":"Tuesday","name":"Mesadi/Vaisakhadi","type":"Restricted"},{"month":"April","date":14,"day":"Tuesday","name":"Ambedkar Jayanti","type":"Central"},{"month":"May","date":1,"day":"Friday","name":"May Day","type":"Observance"},{"month":"May","date":7,"day":"Thursday","name":"Buddha Purnima/Vesak","type":"Gazetted"},{"month":"May","date":7,"day":"Thursday","name":"Birthday of Ravindranath","type":"Restricted"},{"month":"May","date":10,"day":"Sunday","name":"Mother's Day","type":"Observance"},{"month":"May","date":22,"day":"Friday","name":"Jamat Ul-Vida","type":"Restricted"},{"month":"May","date":25,"day":"Monday","name":"Ramzan Id/Eid-ul-Fitar","type":"Gazetted"},{"month":"May","date":25,"day":"Monday","name":"Ramzan Id/Eid-ul-Fitar","type":"Muslim,"},{"month":"June","date":21,"day":"Sunday","name":"June Solstice","type":"Season"},{"month":"June","date":21,"day":"Sunday","name":"Father's Day","type":"Observance"},{"month":"June","date":23,"day":"Tuesday","name":"Rath Yatra","type":"Restricted"},{"month":"July","date":5,"day":"Sunday","name":"Guru Purnima","type":"Observance"},{"month":"July","date":31,"day":"Friday","name":"Bakr Id/Eid ul-Adha","type":"Gazetted"},{"month":"August","date":2,"day":"Sunday","name":"Friendship Day","type":"Observance"},{"month":"August","date":3,"day":"Monday","name":"Raksha Bandhan (Rakhi)","type":"Restricted"},{"month":"August","date":11,"day":"Tuesday","name":"Janmashtami (Smarta)","type":"Restricted"},{"month":"August","date":12,"day":"Wednesday","name":"Janmashtami","type":"Gazetted"},{"month":"August","date":15,"day":"Saturday","name":"Independence Day","type":"Gazetted"},{"month":"August","date":16,"day":"Sunday","name":"Parsi New Year","type":"Restricted"},{"month":"August","date":22,"day":"Saturday","name":"Ganesh Chaturthi/Vin
08-06 01:59:53.438   512  2967 D audio_hw_primary: disable_audio_route: reset and update mixer path: low-latency-playback speaker
08-06 01:59:53.439   512  2967 D audio_hw_primary: disable_snd_device: snd_device(2: speaker)
08-06 01:59:53.446   512  2967 I soundtrigger: audio_extn_sound_trigger_update_device_status: device 0x2 of type 0 for Event 0
08-06 01:59:53.451 18522 20318 I NAPPA_EXPERIMENTATION: MetricNetworkRequestExecutionTime: REQUEST_DURATION_SYSTEM='543',REQUEST_DURATION_OKHTTP='55',REQUEST_SYNCHRONOUS='FALSE',RESPONSE_CODE='200',RESPONSE_METHOD='GET',RESPONSE_LENGTH_OKHTTP='6426',RESPONSE_LENGTH_HEADER='6426',REQUEST_PROTOCOL='http/1.1',REQUEST_URL='https://project-travel-mate.herokuapp.com/api/get-upcoming-holidays/2020',
08-06 01:59:53.473 18522 18540 I art     : Explicit concurrent mark sweep GC freed 7037(432KB) AllocSpace objects, 4(192KB) LOS objects, 10% free, 140MB/156MB, paused 1.590ms total 45.418ms
08-06 01:59:53.490 18522 18540 I art     : Starting a blocking GC Explicit
08-06 01:59:53.492 18522 18522 V Response: [{"month":"January","date":1,"day":"Wednesday","name":"New Year's Day","type":"Restricted"},{"month":"January","date":2,"day":"Thursday","name":"Guru Govind Singh Jayanti","type":"Restricted"},{"month":"January","date":14,"day":"Tuesday","name":"Lohri","type":"Restricted"},{"month":"January","date":15,"day":"Wednesday","name":"Pongal","type":"Restricted"},{"month":"January","date":15,"day":"Wednesday","name":"Makar Sankranti","type":"Restricted"},{"month":"January","date":25,"day":"Saturday","name":"Chinese New Year","type":"Observance"},{"month":"January","date":26,"day":"Sunday","name":"Republic Day","type":"Gazetted"},{"month":"January","date":30,"day":"Thursday","name":"Vasant Panchami","type":"Restricted"},{"month":"February","date":9,"day":"Sunday","name":"Guru Ravidas Jayanti","type":"Restricted"},{"month":"February","date":14,"day":"Friday","name":"Valentine's Day","type":"Observance"},{"month":"February","date":18,"day":"Tuesday","name":"Maharishi Dayanand Saraswati Jayanti","type":"Restricted"},{"month":"February","date":19,"day":"Wednesday","name":"Shivaji Jayanti","type":"Restricted"},{"month":"February","date":21,"day":"Friday","name":"Maha Shivaratri/Shivaratri","type":"Gazetted"},{"month":"March","date":9,"day":"Monday","name":"Holika Dahana","type":"Restricted"},{"month":"March","date":9,"day":"Monday","name":"Hazarat Ali's Birthday","type":"Restricted"},{"month":"March","date":10,"day":"Tuesday","name":"Holi","type":"Gazetted"},{"month":"March","date":20,"day":"Friday","name":"March Equinox","type":"Season"},{"month":"March","date":25,"day":"Wednesday","name":"Chaitra Sukhladi","type":"Restricted"},{"month":"April","date":2,"day":"Thursday","name":"Rama Navami","type":"Gazetted"},{"month":"April","date":6,"day":"Monday","name":"Mahavir Jayanti","type":"Gazetted"},{"month":"April","date":9,"day":"Thursday","name":"First day of Passover","type":"Observance"},{"month":"April","date":9,"day":"Thursday","name":"Maundy Thursday","type":"Observance,"},{"month":"April","date":10,"day":"Friday","name":"Good Friday","type":"Gazetted"},{"month":"April","date":12,"day":"Sunday","name":"Easter Day","type":"Restricted"},{"month":"April","date":13,"day":"Monday","name":"Vaisakhi","type":"Restricted"},{"month":"April","date":14,"day":"Tuesday","name":"Mesadi/Vaisakhadi","type":"Restricted"},{"month":"April","date":14,"day":"Tuesday","name":"Ambedkar Jayanti","type":"Central"},{"month":"May","date":1,"day":"Friday","name":"May Day","type":"Observance"},{"month":"May","date":7,"day":"Thursday","name":"Buddha Purnima/Vesak","type":"Gazetted"},{"month":"May","date":7,"day":"Thursday","name":"Birthday of Ravindranath","type":"Restricted"},{"month":"May","date":10,"day":"Sunday","name":"Mother's Day","type":"Observance"},{"month":"May","date":22,"day":"Friday","name":"Jamat Ul-Vida","type":"Restricted"},{"month":"May","date":25,"day":"Monday","name":"Ramzan Id/Eid-ul-Fitar","type":"Gazetted"},{"month":"May","date":25,"day":"Monday","name":"Ramzan Id/Eid-ul-Fitar","type":"Muslim,"},{"month":"June","date":21,"day":"Sunday","name":"June Solstice","type":"Season"},{"month":"June","date":21,"day":"Sunday","name":"Father's Day","type":"Observance"},{"month":"June","date":23,"day":"Tuesday","name":"Rath Yatra","type":"Restricted"},{"month":"July","date":5,"day":"Sunday","name":"Guru Purnima","type":"Observance"},{"month":"July","date":31,"day":"Friday","name":"Bakr Id/Eid ul-Adha","type":"Gazetted"},{"month":"August","date":2,"day":"Sunday","name":"Friendship Day","type":"Observance"},{"month":"August","date":3,"day":"Monday","name":"Raksha Bandhan (Rakhi)","type":"Restricted"},{"month":"August","date":11,"day":"Tuesday","name":"Janmashtami (Smarta)","type":"Restricted"},{"month":"August","date":12,"day":"Wednesday","name":"Janmashtami","type":"Gazetted"},{"month":"August","date":15,"day":"Saturday","name":"Independence Day","type":"Gazetted"},{"month":"August","date":16,"day":"Sunday","name":"Parsi New Year","type":"Restricted"},{"month":"August","date":22,"day":"Saturday","name":"Ganesh Chaturthi/Vin
08-06 01:59:53.540 18522 18540 I art     : Explicit concurrent mark sweep GC freed 8254(301KB) AllocSpace objects, 1(16KB) LOS objects, 10% free, 140MB/156MB, paused 1.810ms total 50.082ms
08-06 01:59:53.927 18522 18534 I art     : Starting a blocking GC Explicit
08-06 01:59:53.981 18522 18534 I art     : Explicit concurrent mark sweep GC freed 3741(189KB) AllocSpace objects, 3(4MB) LOS objects, 10% free, 136MB/152MB, paused 1.296ms total 53.286ms
08-06 01:59:53.999 18522 18534 I art     : Starting a blocking GC Explicit
08-06 01:59:54.047   918  3261 D WifiStateMachine: starting scan for "H369AA63323"WPA_PSK with 2412,5180
08-06 01:59:54.048 18522 18534 I art     : Explicit concurrent mark sweep GC freed 216(6KB) AllocSpace objects, 0(0B) LOS objects, 10% free, 136MB/152MB, paused 1.183ms total 48.724ms
08-06 01:59:54.066 18522 18534 I art     : Starting a blocking GC Explicit
08-06 01:59:54.115 18522 18534 I art     : Explicit concurrent mark sweep GC freed 99(1696B) AllocSpace objects, 0(0B) LOS objects, 10% free, 136MB/152MB, paused 1.154ms total 48.932ms
08-06 01:59:54.133 18522 18534 I art     : Starting a blocking GC Explicit
08-06 01:59:54.183 18522 18534 I art     : Explicit concurrent mark sweep GC freed 99(1696B) AllocSpace objects, 0(0B) LOS objects, 10% free, 136MB/152MB, paused 1.184ms total 49.424ms
08-06 01:59:54.184 12075 12075 I ServiceManager: Waiting for service AtCmdFwd...
08-06 01:59:54.201 18522 18534 I art     : Starting a blocking GC Explicit
08-06 01:59:54.251 18522 18534 I art     : Explicit concurrent mark sweep GC freed 99(1696B) AllocSpace objects, 0(0B) LOS objects, 10% free, 136MB/152MB, paused 1.188ms total 49.952ms
08-06 01:59:54.643 18522 18796 I art     : Starting a blocking GC Explicit
08-06 01:59:54.696 18522 18796 I art     : Explicit concurrent mark sweep GC freed 2261(103KB) AllocSpace objects, 2(36KB) LOS objects, 10% free, 136MB/152MB, paused 1.167ms total 53.406ms
08-06 01:59:54.715 18522 18796 I art     : Starting a blocking GC Explicit
08-06 01:59:54.768 18522 18796 I art     : Explicit concurrent mark sweep GC freed 124(2624B) AllocSpace objects, 0(0B) LOS objects, 10% free, 136MB/152MB, paused 1.263ms total 52.829ms
08-06 01:59:54.786 18522 18796 I art     : Starting a blocking GC Explicit
08-06 01:59:54.839 18522 18796 I art     : Explicit concurrent mark sweep GC freed 98(1664B) AllocSpace objects, 0(0B) LOS objects, 10% free, 136MB/152MB, paused 1.502ms total 52.120ms
08-06 01:59:54.857 18522 18796 I art     : Starting a blocking GC Explicit
08-06 01:59:54.911 18522 18796 I art     : Explicit concurrent mark sweep GC freed 123(2096B) AllocSpace objects, 0(0B) LOS objects, 10% free, 136MB/152MB, paused 1.281ms total 53.704ms
08-06 01:59:54.930 18522 18796 I art     : Starting a blocking GC Explicit
08-06 01:59:54.983 18522 18796 I art     : Explicit concurrent mark sweep GC freed 100(1728B) AllocSpace objects, 0(0B) LOS objects, 10% free, 136MB/152MB, paused 1.256ms total 52.365ms
08-06 01:59:55.067   918  1210 D NetlinkSocketObserver: NeighborEvent{elapsedMs=1825798941, 192.168.2.254, [7C3953A63323], RTM_NEWNEIGH, NUD_STALE}
08-06 01:59:55.185 12075 12075 I ServiceManager: Waiting for service AtCmdFwd...
08-06 01:59:55.411 18522 18540 I art     : Starting a blocking GC Explicit
08-06 01:59:55.465 18522 18540 I art     : Explicit concurrent mark sweep GC freed 2322(104KB) AllocSpace objects, 2(36KB) LOS objects, 10% free, 136MB/152MB, paused 1.254ms total 53.643ms
08-06 01:59:55.483 18522 18540 I art     : Starting a blocking GC Explicit
08-06 01:59:55.538 18522 18540 I art     : Explicit concurrent mark sweep GC freed 138(3056B) AllocSpace objects, 0(0B) LOS objects, 10% free, 136MB/152MB, paused 1.315ms total 54.151ms
08-06 01:59:55.559 18522 18540 I art     : Starting a blocking GC Explicit
08-06 01:59:55.609 18522 18540 I art     : Explicit concurrent mark sweep GC freed 122(2064B) AllocSpace objects, 0(0B) LOS objects, 10% free, 136MB/152MB, paused 1.185ms total 49.041ms
08-06 01:59:55.627 18522 18540 I art     : Starting a blocking GC Explicit
08-06 01:59:55.679 18522 18540 I art     : Explicit concurrent mark sweep GC freed 80(1392B) AllocSpace objects, 0(0B) LOS objects, 10% free, 136MB/152MB, paused 1.342ms total 52.161ms
08-06 01:59:55.698 18522 18540 I art     : Starting a blocking GC Explicit
08-06 01:59:55.750 18522 18540 I art     : Explicit concurrent mark sweep GC freed 119(2032B) AllocSpace objects, 0(0B) LOS objects, 10% free, 136MB/152MB, paused 1.207ms total 51.621ms
08-06 01:59:56.183 18522 18535 I art     : Starting a blocking GC Explicit
08-06 01:59:56.186 12075 12075 I ServiceManager: Waiting for service AtCmdFwd...
08-06 01:59:56.236 18522 18535 I art     : Explicit concurrent mark sweep GC freed 2304(104KB) AllocSpace objects, 2(36KB) LOS objects, 10% free, 136MB/152MB, paused 1.203ms total 52.938ms
08-06 01:59:56.255 18522 18535 I art     : Starting a blocking GC Explicit
08-06 01:59:56.310 18522 18535 I art     : Explicit concurrent mark sweep GC freed 158(3KB) AllocSpace objects, 0(0B) LOS objects, 10% free, 136MB/152MB, paused 1.923ms total 54.660ms
08-06 01:59:56.332 18522 18535 I art     : Starting a blocking GC Explicit
08-06 01:59:56.383 18522 18535 I art     : Explicit concurrent mark sweep GC freed 144(2784B) AllocSpace objects, 0(0B) LOS objects, 10% free, 136MB/152MB, paused 1.071ms total 50.816ms
08-06 01:59:56.400 18522 18535 I art     : Starting a blocking GC Explicit
08-06 01:59:56.453 18522 18535 I art     : Explicit concurrent mark sweep GC freed 99(1696B) AllocSpace objects, 0(0B) LOS objects, 10% free, 136MB/152MB, paused 1.111ms total 51.991ms
08-06 01:59:56.471 18522 18535 I art     : Starting a blocking GC Explicit
08-06 01:59:56.524 18522 18535 I art     : Explicit concurrent mark sweep GC freed 99(1696B) AllocSpace objects, 0(0B) LOS objects, 10% free, 136MB/152MB, paused 1.227ms total 52.637ms
08-06 01:59:56.948 18522 18534 I art     : Starting a blocking GC Explicit
08-06 01:59:57.003 18522 18534 I art     : Explicit concurrent mark sweep GC freed 2290(103KB) AllocSpace objects, 2(36KB) LOS objects, 10% free, 136MB/152MB, paused 1.192ms total 54.724ms
08-06 01:59:57.024 18522 18534 I art     : Starting a blocking GC Explicit
08-06 01:59:57.076 18522 18534 I art     : Explicit concurrent mark sweep GC freed 144(3KB) AllocSpace objects, 0(0B) LOS objects, 10% free, 136MB/152MB, paused 1.273ms total 51.185ms
08-06 01:59:57.094 18522 18534 I art     : Starting a blocking GC Explicit
08-06 01:59:57.147 18522 18534 I art     : Explicit concurrent mark sweep GC freed 108(1856B) AllocSpace objects, 0(0B) LOS objects, 10% free, 136MB/152MB, paused 1.285ms total 53.128ms
08-06 01:59:57.165 18522 18534 I art     : Starting a blocking GC Explicit
08-06 01:59:57.186 12075 12075 I ServiceManager: Waiting for service AtCmdFwd...
08-06 01:59:57.211 18522 18534 I art     : Explicit concurrent mark sweep GC freed 104(1792B) AllocSpace objects, 0(0B) LOS objects, 10% free, 136MB/152MB, paused 1.176ms total 45.783ms
08-06 01:59:57.229 18522 18534 I art     : Starting a blocking GC Explicit
08-06 01:59:57.276 18522 18534 I art     : Explicit concurrent mark sweep GC freed 78(1344B) AllocSpace objects, 0(0B) LOS objects, 10% free, 136MB/152MB, paused 1.384ms total 47.249ms
08-06 01:59:57.658 20383 20383 D AndroidRuntime: >>>>>> START com.android.internal.os.RuntimeInit uid 2000 <<<<<<
08-06 01:59:57.664 20383 20383 D AndroidRuntime: CheckJNI is OFF
08-06 01:59:57.698 18522 18796 I art     : Starting a blocking GC Explicit
08-06 01:59:57.710 20383 20383 D ICU     : No timezone override file found: /data/misc/zoneinfo/current/icu/icu_tzdata.dat
08-06 01:59:57.751 18522 18796 I art     : Explicit concurrent mark sweep GC freed 2306(104KB) AllocSpace objects, 2(36KB) LOS objects, 10% free, 136MB/152MB, paused 1.239ms total 52.207ms
08-06 01:59:57.757 20383 20383 I Radio-JNI: register_android_hardware_Radio DONE
08-06 01:59:57.769 18522 18796 I art     : Starting a blocking GC Explicit
08-06 01:59:57.788 20383 20383 D AndroidRuntime: Calling main entry com.android.commands.input.Input
08-06 01:59:57.789 20383 20383 I Input   : injectKeyEvent: KeyEvent { action=ACTION_DOWN, keyCode=KEYCODE_BACK, scanCode=0, metaState=0, flags=0x0, repeatCount=0, eventTime=842414202, downTime=842414202, deviceId=-1, source=0x101 }
08-06 01:59:57.796 20383 20383 I Input   : injectKeyEvent: KeyEvent { action=ACTION_UP, keyCode=KEYCODE_BACK, scanCode=0, metaState=0, flags=0x0, repeatCount=0, eventTime=842414202, downTime=842414202, deviceId=-1, source=0x101 }
08-06 01:59:57.803 20383 20383 D AndroidRuntime: Shutting down VM
08-06 01:59:57.816 18522 18796 I art     : Explicit concurrent mark sweep GC freed 150(3KB) AllocSpace objects, 0(0B) LOS objects, 10% free, 136MB/152MB, paused 1.658ms total 47.156ms
08-06 01:59:57.817 18522 18522 V MainActivity: url = https://project-travel-mate.herokuapp.com/api/number-of-unread-notifications
08-06 01:59:57.834 18522 18796 I art     : Starting a blocking GC Explicit
08-06 01:59:57.879 18522 18796 I art     : Explicit concurrent mark sweep GC freed 410(17KB) AllocSpace objects, 0(0B) LOS objects, 10% free, 136MB/152MB, paused 1.436ms total 44.578ms
08-06 01:59:57.900 18522 18796 I art     : Starting a blocking GC Explicit
08-06 01:59:57.907 13866 13866 I GoogleInputMethodServic: GoogleInputMethodService.onFinishInput():3138 
08-06 01:59:57.913 13866 13866 I GoogleInputMethodServic: GoogleInputMethodService.onStartInput():1808 
08-06 01:59:57.945 18522 18796 I art     : Explicit concurrent mark sweep GC freed 91(3KB) AllocSpace objects, 0(0B) LOS objects, 10% free, 136MB/152MB, paused 1.209ms total 44.662ms
08-06 01:59:57.963 18522 18796 I art     : Starting a blocking GC Explicit
08-06 01:59:58.006 18522 18796 I art     : Explicit concurrent mark sweep GC freed 124(2656B) AllocSpace objects, 0(0B) LOS objects, 10% free, 136MB/152MB, paused 1.153ms total 42.037ms
08-06 01:59:58.173   380   380 W SurfaceFlinger: couldn't log to binary event log: overflow.
08-06 01:59:58.187 12075 12075 I ServiceManager: Waiting for service AtCmdFwd...
08-06 01:59:58.328 18522 20407 I NAPPA_EXPERIMENTATION: MetricNetworkRequestExecutionTime: REQUEST_DURATION_SYSTEM='510',REQUEST_DURATION_OKHTTP='34',REQUEST_SYNCHRONOUS='FALSE',RESPONSE_CODE='200',RESPONSE_METHOD='GET',RESPONSE_LENGTH_OKHTTP='36',RESPONSE_LENGTH_HEADER='36',REQUEST_PROTOCOL='http/1.1',REQUEST_URL='https://project-travel-mate.herokuapp.com/api/number-of-unread-notifications',
08-06 01:59:58.384 18522 18535 I art     : Starting a blocking GC Explicit
08-06 01:59:58.439 18522 18535 I art     : Explicit concurrent mark sweep GC freed 4721(247KB) AllocSpace objects, 5(236KB) LOS objects, 10% free, 136MB/152MB, paused 1.158ms total 55.050ms
08-06 01:59:58.457 18522 18535 I art     : Starting a blocking GC Explicit
08-06 01:59:58.504 18522 18535 I art     : Explicit concurrent mark sweep GC freed 7562(476KB) AllocSpace objects, 13(264KB) LOS objects, 10% free, 136MB/152MB, paused 1.230ms total 47.009ms
08-06 01:59:58.522 18522 18535 I art     : Starting a blocking GC Explicit
08-06 01:59:58.571 18522 18535 I art     : Explicit concurrent mark sweep GC freed 7(288B) AllocSpace objects, 0(0B) LOS objects, 10% free, 136MB/152MB, paused 1.309ms total 48.595ms
08-06 01:59:58.593 18522 18535 I art     : Starting a blocking GC Explicit
08-06 01:59:58.639 18522 18535 I art     : Explicit concurrent mark sweep GC freed 3(96B) AllocSpace objects, 0(0B) LOS objects, 10% free, 136MB/152MB, paused 1.200ms total 46.048ms
08-06 01:59:58.657 18522 18535 I art     : Starting a blocking GC Explicit
08-06 01:59:58.704 18522 18535 I art     : Explicit concurrent mark sweep GC freed 3(96B) AllocSpace objects, 0(0B) LOS objects, 10% free, 136MB/152MB, paused 1.134ms total 46.509ms
08-06 01:59:59.101 18522 18540 I art     : Starting a blocking GC Explicit
08-06 01:59:59.149 18522 18540 I art     : Explicit concurrent mark sweep GC freed 1593(92KB) AllocSpace objects, 2(36KB) LOS objects, 10% free, 136MB/152MB, paused 1.201ms total 47.713ms
08-06 01:59:59.167 18522 18540 I art     : Starting a blocking GC Explicit
08-06 01:59:59.187 12075 12075 W Atfwd_Sendcmd: AtCmdFwd service not published, waiting... retryCnt : 5
08-06 01:59:59.213 18522 18540 I art     : Explicit concurrent mark sweep GC freed 39(1600B) AllocSpace objects, 0(0B) LOS objects, 10% free, 136MB/152MB, paused 1.207ms total 46.435ms
08-06 01:59:59.231 18522 18540 I art     : Starting a blocking GC Explicit
08-06 01:59:59.277 18522 18540 I art     : Explicit concurrent mark sweep GC freed 3(96B) AllocSpace objects, 0(0B) LOS objects, 10% free, 136MB/152MB, paused 1.276ms total 46.088ms
08-06 01:59:59.295 18522 18540 I art     : Starting a blocking GC Explicit
08-06 01:59:59.342 18522 18540 I art     : Explicit concurrent mark sweep GC freed 34(928B) AllocSpace objects, 0(0B) LOS objects, 10% free, 136MB/152MB, paused 1.232ms total 46.142ms
08-06 01:59:59.360 18522 18540 I art     : Starting a blocking GC Explicit
08-06 01:59:59.405 18522 18540 I art     : Explicit concurrent mark sweep GC freed 3(96B) AllocSpace objects, 0(0B) LOS objects, 10% free, 136MB/152MB, paused 1.315ms total 44.930ms
08-06 01:59:59.581 20431 20431 D AndroidRuntime: >>>>>> START com.android.internal.os.RuntimeInit uid 2000 <<<<<<
08-06 01:59:59.586 20431 20431 D AndroidRuntime: CheckJNI is OFF
08-06 01:59:59.628 20431 20431 D ICU     : No timezone override file found: /data/misc/zoneinfo/current/icu/icu_tzdata.dat
08-06 01:59:59.668 20431 20431 I Radio-JNI: register_android_hardware_Radio DONE
08-06 01:59:59.695 20431 20431 D AndroidRuntime: Calling main entry com.android.commands.input.Input
08-06 01:59:59.697 20431 20431 I Input   : injectMotionEvent: MotionEvent { action=ACTION_DOWN, actionButton=0, id[0]=0, x[0]=117.0, y[0]=170.0, toolType[0]=TOOL_TYPE_UNKNOWN, buttonState=0, metaState=0, flags=0x0, edgeFlags=0x0, pointerCount=1, historySize=0, eventTime=842416109, downTime=842416109, deviceId=0, source=0x1002 }
08-06 01:59:59.709 20431 20431 I Input   : injectMotionEvent: MotionEvent { action=ACTION_UP, actionButton=0, id[0]=0, x[0]=117.0, y[0]=170.0, toolType[0]=TOOL_TYPE_UNKNOWN, buttonState=0, metaState=0, flags=0x0, edgeFlags=0x0, pointerCount=1, historySize=0, eventTime=842416109, downTime=842416109, deviceId=0, source=0x1002 }
08-06 01:59:59.748 20431 20431 D AndroidRuntime: Shutting down VM
08-06 01:59:59.763   512  2967 D audio_hw_primary: out_set_parameters: enter: usecase(1: low-latency-playback) kvpairs: routing=2
08-06 01:59:59.776   512  2967 D audio_hw_primary: select_devices: out_snd_device(2: speaker) in_snd_device(0: none)
08-06 01:59:59.776   512  2967 D msm8974_platform: platform_send_audio_calibration: sending audio calibration for snd_device(2) acdb_id(15)
08-06 01:59:59.777   512  2967 I soundtrigger: audio_extn_sound_trigger_update_device_status: device 0x2 of type 0 for Event 1
08-06 01:59:59.786   512  2967 D audio_hw_primary: enable_snd_device: snd_device(2: speaker)
08-06 01:59:59.788   512  2967 D audio_hw_primary: enable_audio_route: apply and update mixer path: low-latency-playback speaker
08-06 01:59:59.794 18522 18534 I art     : Starting a blocking GC Explicit
08-06 01:59:59.837 18522 18534 I art     : Explicit concurrent mark sweep GC freed 1679(95KB) AllocSpace objects, 2(36KB) LOS objects, 10% free, 136MB/152MB, paused 1.145ms total 42.351ms
08-06 01:59:59.855 18522 18534 I art     : Starting a blocking GC Explicit
08-06 01:59:59.900 18522 18534 I art     : Explicit concurrent mark sweep GC freed 431(21KB) AllocSpace objects, 0(0B) LOS objects, 10% free, 136MB/152MB, paused 1.304ms total 44.715ms
08-06 01:59:59.917 18522 18534 I art     : Starting a blocking GC Explicit
08-06 01:59:59.961 18522 18534 I art     : Explicit concurrent mark sweep GC freed 7(384B) AllocSpace objects, 0(0B) LOS objects, 10% free, 136MB/152MB, paused 1.262ms total 43.015ms
08-06 01:59:59.977 18522 18534 I art     : Starting a blocking GC Explicit
08-06 02:00:00.023 18522 18534 I art     : Explicit concurrent mark sweep GC freed 16(704B) AllocSpace objects, 0(0B) LOS objects, 10% free, 136MB/152MB, paused 1.144ms total 44.984ms
08-06 02:00:00.041 18522 18534 I art     : Starting a blocking GC Explicit
08-06 02:00:00.081 18522 18534 I art     : Explicit concurrent mark sweep GC freed 17(528B) AllocSpace objects, 0(0B) LOS objects, 10% free, 136MB/152MB, paused 1.107ms total 40.194ms
08-06 02:00:00.318   512  2967 D audio_hw_primary: disable_audio_route: reset and update mixer path: low-latency-playback speaker
08-06 02:00:00.319   512  2967 D audio_hw_primary: disable_snd_device: snd_device(2: speaker)
08-06 02:00:00.326   512  2967 I soundtrigger: audio_extn_sound_trigger_update_device_status: device 0x2 of type 0 for Event 0
08-06 02:00:00.459 18522 18534 I art     : Starting a blocking GC Explicit
08-06 02:00:00.488 20454 20454 D AndroidRuntime: >>>>>> START com.android.internal.os.RuntimeInit uid 2000 <<<<<<
08-06 02:00:00.493 20454 20454 D AndroidRuntime: CheckJNI is OFF
08-06 02:00:00.506 18522 18534 I art     : Explicit concurrent mark sweep GC freed 1618(92KB) AllocSpace objects, 2(36KB) LOS objects, 10% free, 136MB/152MB, paused 1.214ms total 47.311ms
08-06 02:00:00.524 18522 18534 I art     : Starting a blocking GC Explicit
08-06 02:00:00.540 20454 20454 D ICU     : No timezone override file found: /data/misc/zoneinfo/current/icu/icu_tzdata.dat
08-06 02:00:00.570 18522 18534 I art     : Explicit concurrent mark sweep GC freed 38(1344B) AllocSpace objects, 0(0B) LOS objects, 10% free, 136MB/152MB, paused 1.236ms total 45.696ms
08-06 02:00:00.582 20454 20454 I Radio-JNI: register_android_hardware_Radio DONE
08-06 02:00:00.588 18522 18534 I art     : Starting a blocking GC Explicit
08-06 02:00:00.611 20454 20454 D AndroidRuntime: Calling main entry com.android.commands.input.Input
08-06 02:00:00.613 20454 20454 I Input   : injectMotionEvent: MotionEvent { action=ACTION_DOWN, actionButton=0, id[0]=0, x[0]=405.0, y[0]=661.0, toolType[0]=TOOL_TYPE_UNKNOWN, buttonState=0, metaState=0, flags=0x0, edgeFlags=0x0, pointerCount=1, historySize=0, eventTime=842417026, downTime=842417026, deviceId=0, source=0x1002 }
08-06 02:00:00.618 20454 20454 I Input   : injectMotionEvent: MotionEvent { action=ACTION_UP, actionButton=0, id[0]=0, x[0]=405.0, y[0]=661.0, toolType[0]=TOOL_TYPE_UNKNOWN, buttonState=0, metaState=0, flags=0x0, edgeFlags=0x0, pointerCount=1, historySize=0, eventTime=842417026, downTime=842417026, deviceId=0, source=0x1002 }
08-06 02:00:00.620 20454 20454 D AndroidRuntime: Shutting down VM
08-06 02:00:00.632 18522 18534 I art     : Explicit concurrent mark sweep GC freed 11(352B) AllocSpace objects, 0(0B) LOS objects, 10% free, 136MB/152MB, paused 1.208ms total 44.348ms
08-06 02:00:00.637   512  2967 D audio_hw_primary: out_set_parameters: enter: usecase(1: low-latency-playback) kvpairs: routing=2
08-06 02:00:00.650   512  2967 D audio_hw_primary: select_devices: out_snd_device(2: speaker) in_snd_device(0: none)
08-06 02:00:00.650   512  2967 D msm8974_platform: platform_send_audio_calibration: sending audio calibration for snd_device(2) acdb_id(15)
08-06 02:00:00.651   512  2967 I soundtrigger: audio_extn_sound_trigger_update_device_status: device 0x2 of type 0 for Event 1
08-06 02:00:00.651 18522 18534 I art     : Starting a blocking GC Explicit
08-06 02:00:00.660   512  2967 D audio_hw_primary: enable_snd_device: snd_device(2: speaker)
08-06 02:00:00.662   512  2967 D audio_hw_primary: enable_audio_route: apply and update mixer path: low-latency-playback speaker
08-06 02:00:00.695 18522 18534 I art     : Explicit concurrent mark sweep GC freed 479(74KB) AllocSpace objects, 0(0B) LOS objects, 8% free, 167MB/183MB, paused 1.286ms total 43.517ms
08-06 02:00:00.703   512  2967 D AudioFlinger: mixer(0xf4740000) throttle end: throttle time(12)
08-06 02:00:00.713 18522 18534 I art     : Starting a blocking GC Explicit
08-06 02:00:00.758 18522 18534 I art     : Explicit concurrent mark sweep GC freed 28(1536B) AllocSpace objects, 0(0B) LOS objects, 8% free, 167MB/183MB, paused 1.392ms total 45.351ms
08-06 02:00:01.132 18522 18540 I art     : Starting a blocking GC Explicit
08-06 02:00:01.181 18522 18540 I art     : Explicit concurrent mark sweep GC freed 3128(186KB) AllocSpace objects, 11(288KB) LOS objects, 8% free, 182MB/198MB, paused 1.290ms total 48.634ms
08-06 02:00:01.188   512  2967 D audio_hw_primary: disable_audio_route: reset and update mixer path: low-latency-playback speaker
08-06 02:00:01.189   512  2967 D audio_hw_primary: disable_snd_device: snd_device(2: speaker)
08-06 02:00:01.196   512  2967 I soundtrigger: audio_extn_sound_trigger_update_device_status: device 0x2 of type 0 for Event 0
08-06 02:00:01.202 18522 18540 I art     : Starting a blocking GC Explicit
08-06 02:00:01.245 18522 18540 I art     : Explicit concurrent mark sweep GC freed 882(50KB) AllocSpace objects, 0(0B) LOS objects, 8% free, 182MB/198MB, paused 1.110ms total 42.390ms
08-06 02:00:01.262 18522 18540 I art     : Starting a blocking GC Explicit
08-06 02:00:01.306 18522 18540 I art     : Explicit concurrent mark sweep GC freed 44(1088B) AllocSpace objects, 0(0B) LOS objects, 8% free, 182MB/198MB, paused 1.115ms total 43.583ms
08-06 02:00:01.323 18522 18540 I art     : Starting a blocking GC Explicit
08-06 02:00:01.367 18522 18540 I art     : Explicit concurrent mark sweep GC freed 34(928B) AllocSpace objects, 0(0B) LOS objects, 8% free, 182MB/198MB, paused 1.114ms total 43.786ms
08-06 02:00:01.384 18522 18540 I art     : Starting a blocking GC Explicit
08-06 02:00:01.432 18522 18540 I art     : Explicit concurrent mark sweep GC freed 3(96B) AllocSpace objects, 0(0B) LOS objects, 8% free, 182MB/198MB, paused 1.156ms total 47.254ms
08-06 02:00:01.853 18522 18535 I art     : Starting a blocking GC Explicit
08-06 02:00:01.912 18522 18535 I art     : Explicit concurrent mark sweep GC freed 1582(91KB) AllocSpace objects, 2(36KB) LOS objects, 8% free, 182MB/198MB, paused 1.259ms total 58.160ms
08-06 02:00:01.935 18522 18535 I art     : Starting a blocking GC Explicit
08-06 02:00:01.983 18522 18535 I art     : Explicit concurrent mark sweep GC freed 28(1024B) AllocSpace objects, 0(0B) LOS objects, 8% free, 182MB/198MB, paused 1.157ms total 48.240ms
08-06 02:00:02.002 18522 18535 I art     : Starting a blocking GC Explicit
08-06 02:00:02.051 18522 18535 I art     : Explicit concurrent mark sweep GC freed 3(96B) AllocSpace objects, 0(0B) LOS objects, 8% free, 182MB/198MB, paused 1.151ms total 49.125ms
08-06 02:00:02.069 18522 18535 I art     : Starting a blocking GC Explicit
08-06 02:00:02.117 18522 18535 I art     : Explicit concurrent mark sweep GC freed 3(96B) AllocSpace objects, 0(0B) LOS objects, 8% free, 182MB/198MB, paused 1.209ms total 47.602ms
08-06 02:00:02.135 18522 18535 I art     : Starting a blocking GC Explicit
08-06 02:00:02.185 18522 18535 I art     : Explicit concurrent mark sweep GC freed 15(752B) AllocSpace objects, 0(0B) LOS objects, 8% free, 182MB/198MB, paused 1.234ms total 49.455ms
08-06 02:00:02.638 18522 18796 I art     : Starting a blocking GC Explicit
08-06 02:00:02.702 18522 18796 I art     : Explicit concurrent mark sweep GC freed 1644(94KB) AllocSpace objects, 2(36KB) LOS objects, 8% free, 182MB/198MB, paused 1.220ms total 63.302ms
08-06 02:00:02.725 18522 18796 I art     : Starting a blocking GC Explicit
08-06 02:00:02.780 18522 18796 I art     : Explicit concurrent mark sweep GC freed 38(1568B) AllocSpace objects, 0(0B) LOS objects, 8% free, 182MB/198MB, paused 1.211ms total 53.792ms
08-06 02:00:02.801 18522 18796 I art     : Starting a blocking GC Explicit
08-06 02:00:02.854 18522 18796 I art     : Explicit concurrent mark sweep GC freed 3(96B) AllocSpace objects, 0(0B) LOS objects, 8% free, 182MB/198MB, paused 1.179ms total 53.018ms
08-06 02:00:02.876 18522 18796 I art     : Starting a blocking GC Explicit
08-06 02:00:02.923 18522 18796 I art     : Explicit concurrent mark sweep GC freed 3(96B) AllocSpace objects, 0(0B) LOS objects, 8% free, 182MB/198MB, paused 1.080ms total 46.218ms
08-06 02:00:02.941 18522 18796 I art     : Starting a blocking GC Explicit
08-06 02:00:02.988 18522 18796 I art     : Explicit concurrent mark sweep GC freed 3(96B) AllocSpace objects, 0(0B) LOS objects, 8% free, 182MB/198MB, paused 1.227ms total 46.603ms
08-06 02:00:03.406 18522 18534 I art     : Starting a blocking GC Explicit
08-06 02:00:03.430 20506 20506 D AndroidRuntime: >>>>>> START com.android.internal.os.RuntimeInit uid 2000 <<<<<<
08-06 02:00:03.436 20506 20506 D AndroidRuntime: CheckJNI is OFF
08-06 02:00:03.461 18522 18534 I art     : Explicit concurrent mark sweep GC freed 1613(92KB) AllocSpace objects, 2(36KB) LOS objects, 8% free, 182MB/198MB, paused 1.203ms total 54.168ms
08-06 02:00:03.462 18522 18533 I art     : WaitForGcToComplete blocked for 21.660ms for cause HeapTrim
08-06 02:00:03.479 18522 18534 I art     : Starting a blocking GC Explicit
08-06 02:00:03.486 20506 20506 D ICU     : No timezone override file found: /data/misc/zoneinfo/current/icu/icu_tzdata.dat
08-06 02:00:03.529 18522 18534 I art     : Explicit concurrent mark sweep GC freed 28(1024B) AllocSpace objects, 0(0B) LOS objects, 8% free, 182MB/198MB, paused 1.287ms total 50.072ms
08-06 02:00:03.533 20506 20506 I Radio-JNI: register_android_hardware_Radio DONE
08-06 02:00:03.547 18522 18534 I art     : Starting a blocking GC Explicit
08-06 02:00:03.563 20506 20506 D AndroidRuntime: Calling main entry com.android.commands.input.Input
08-06 02:00:03.566 20506 20506 I Input   : injectMotionEvent: MotionEvent { action=ACTION_DOWN, actionButton=0, id[0]=0, x[0]=1341.0, y[0]=197.0, toolType[0]=TOOL_TYPE_UNKNOWN, buttonState=0, metaState=0, flags=0x0, edgeFlags=0x0, pointerCount=1, historySize=0, eventTime=842419978, downTime=842419978, deviceId=0, source=0x1002 }
08-06 02:00:03.572 20506 20506 I Input   : injectMotionEvent: MotionEvent { action=ACTION_UP, actionButton=0, id[0]=0, x[0]=1341.0, y[0]=197.0, toolType[0]=TOOL_TYPE_UNKNOWN, buttonState=0, metaState=0, flags=0x0, edgeFlags=0x0, pointerCount=1, historySize=0, eventTime=842419978, downTime=842419978, deviceId=0, source=0x1002 }
08-06 02:00:03.574 20506 20506 D AndroidRuntime: Shutting down VM
08-06 02:00:03.582   918  3714 I ActivityManager: START u0 {cmp=baseline.io.github.project_travel_mate/.notifications.NotificationsActivity} from uid 10696 on display 0
08-06 02:00:03.583   512  2967 D audio_hw_primary: out_set_parameters: enter: usecase(1: low-latency-playback) kvpairs: routing=2
08-06 02:00:03.586   918   930 I UsageStatsService: User[0] Rolling over usage stats
08-06 02:00:03.587   918   930 I UsageStatsService: User[0] Flushing usage stats to disk
08-06 02:00:03.596 18522 18534 I art     : Explicit concurrent mark sweep GC freed 35(5KB) AllocSpace objects, 0(0B) LOS objects, 8% free, 182MB/198MB, paused 1.174ms total 48.436ms
08-06 02:00:03.598   512  2967 D audio_hw_primary: select_devices: out_snd_device(2: speaker) in_snd_device(0: none)
08-06 02:00:03.598   512  2967 D msm8974_platform: platform_send_audio_calibration: sending audio calibration for snd_device(2) acdb_id(15)
08-06 02:00:03.599   512  2967 I soundtrigger: audio_extn_sound_trigger_update_device_status: device 0x2 of type 0 for Event 1
08-06 02:00:03.614   512  2967 D audio_hw_primary: enable_snd_device: snd_device(2: speaker)
08-06 02:00:03.616 18522 18534 I art     : Starting a blocking GC Explicit
08-06 02:00:03.618   512  2967 D audio_hw_primary: enable_audio_route: apply and update mixer path: low-latency-playback speaker
08-06 02:00:03.630 18522 18592 D Gabe    : call	returning from cache
08-06 02:00:03.636 18522 18522 V EXECUTING: https://project-travel-mate.herokuapp.com/api/get-notifications
08-06 02:00:03.642 18522 18522 V EXECUTING: https://project-travel-mate.herokuapp.com/api/get-notifications
08-06 02:00:03.661 18522 18534 I art     : Explicit concurrent mark sweep GC freed 1197(86KB) AllocSpace objects, 0(0B) LOS objects, 8% free, 182MB/198MB, paused 1.343ms total 44.127ms
08-06 02:00:03.679 18522 18534 I art     : Starting a blocking GC Explicit
08-06 02:00:03.725 18522 18534 I art     : Explicit concurrent mark sweep GC freed 1035(44KB) AllocSpace objects, 0(0B) LOS objects, 7% free, 187MB/203MB, paused 1.560ms total 45.892ms
08-06 02:00:03.806 13866 13866 I GoogleInputMethodServic: GoogleInputMethodService.onFinishInput():3138 
08-06 02:00:03.807 13866 13866 I GoogleInputMethodServic: GoogleInputMethodService.onStartInput():1808 
08-06 02:00:03.808   918   936 I ActivityManager: Displayed baseline.io.github.project_travel_mate/.notifications.NotificationsActivity: +214ms
08-06 02:00:03.810   918   927 I art     : Background sticky concurrent mark sweep GC freed 77263(7MB) AllocSpace objects, 315(6MB) LOS objects, 16% free, 71MB/85MB, paused 1.733ms total 102.165ms
08-06 02:00:03.898 18522 18537 D OpenGLRenderer: endAllStagingAnimators on 0x7f7e08dc00 (RippleDrawable) with handle 0x7f7be38100
08-06 02:00:03.928   918   930 I UsageStatsService: User[0] Rollover scheduled @ 2020-08-07 02:00:00(1596758400000)
08-06 02:00:03.928   918   930 I UsageStatsService: User[0] Flushing usage stats to disk
08-06 02:00:03.955   918   930 I UsageStatsService: User[0] Rolling over usage stats complete. Took 369 milliseconds
08-06 02:00:04.047   380   380 W SurfaceFlinger: couldn't log to binary event log: overflow.
08-06 02:00:04.096 18522 18796 I art     : Starting a blocking GC Explicit
08-06 02:00:04.147 18522 18796 I art     : Explicit concurrent mark sweep GC freed 7373(373KB) AllocSpace objects, 8(436KB) LOS objects, 7% free, 187MB/203MB, paused 1.733ms total 51.012ms
08-06 02:00:04.148   512  2967 D audio_hw_primary: disable_audio_route: reset and update mixer path: low-latency-playback speaker
08-06 02:00:04.149   512  2967 D audio_hw_primary: disable_snd_device: snd_device(2: speaker)
08-06 02:00:04.157   512  2967 I soundtrigger: audio_extn_sound_trigger_update_device_status: device 0x2 of type 0 for Event 0
08-06 02:00:04.164 18522 18796 I art     : Starting a blocking GC Explicit
08-06 02:00:04.175 18522 20532 I NAPPA_EXPERIMENTATION: MetricNetworkRequestExecutionTime: REQUEST_DURATION_SYSTEM='531',REQUEST_DURATION_OKHTTP='38',REQUEST_SYNCHRONOUS='FALSE',RESPONSE_CODE='200',RESPONSE_METHOD='GET',RESPONSE_LENGTH_OKHTTP='2',RESPONSE_LENGTH_HEADER='2',REQUEST_PROTOCOL='http/1.1',REQUEST_URL='https://project-travel-mate.herokuapp.com/api/get-notifications',
08-06 02:00:04.199 18522 20531 I NAPPA_EXPERIMENTATION: MetricNetworkRequestExecutionTime: REQUEST_DURATION_SYSTEM='562',REQUEST_DURATION_OKHTTP='58',REQUEST_SYNCHRONOUS='FALSE',RESPONSE_CODE='200',RESPONSE_METHOD='GET',RESPONSE_LENGTH_OKHTTP='2',RESPONSE_LENGTH_HEADER='2',REQUEST_PROTOCOL='http/1.1',REQUEST_URL='https://project-travel-mate.herokuapp.com/api/get-notifications',
08-06 02:00:04.211 18522 18796 I art     : Explicit concurrent mark sweep GC freed 2258(257KB) AllocSpace objects, 0(0B) LOS objects, 7% free, 187MB/203MB, paused 1.546ms total 46.496ms
08-06 02:00:04.228 18522 18796 I art     : Starting a blocking GC Explicit
08-06 02:00:04.273 18522 18796 I art     : Explicit concurrent mark sweep GC freed 208(6KB) AllocSpace objects, 0(0B) LOS objects, 7% free, 187MB/203MB, paused 1.349ms total 44.179ms
08-06 02:00:04.291 18522 18796 I art     : Starting a blocking GC Explicit
08-06 02:00:04.336 18522 18796 I art     : Explicit concurrent mark sweep GC freed 141(4KB) AllocSpace objects, 0(0B) LOS objects, 7% free, 187MB/203MB, paused 1.434ms total 44.883ms
08-06 02:00:04.345 18522 18522 V Response: [] 
08-06 02:00:04.353 18522 18796 I art     : Starting a blocking GC Explicit
08-06 02:00:04.370 18522 18522 V Response: [] 
08-06 02:00:04.379 18522 18592 W LOTTIE  : Animation contains merge paths. Merge paths are only supported on KitKat+ and must be manually enabled by calling enableMergePathsForKitKatAndAbove().
08-06 02:00:04.387 18522 18592 W LOTTIE  : Animation contains merge paths. Merge paths are only supported on KitKat+ and must be manually enabled by calling enableMergePathsForKitKatAndAbove().
08-06 02:00:04.390 18522 18592 W LOTTIE  : Animation contains merge paths. Merge paths are only supported on KitKat+ and must be manually enabled by calling enableMergePathsForKitKatAndAbove().
08-06 02:00:04.393 18522 18592 W LOTTIE  : Animation contains merge paths. Merge paths are only supported on KitKat+ and must be manually enabled by calling enableMergePathsForKitKatAndAbove().
08-06 02:00:04.396 18522 18592 W LOTTIE  : Animation contains merge paths. Merge paths are only supported on KitKat+ and must be manually enabled by calling enableMergePathsForKitKatAndAbove().
08-06 02:00:04.400 18522 18796 I art     : Explicit concurrent mark sweep GC freed 5849(230KB) AllocSpace objects, 0(0B) LOS objects, 7% free, 187MB/203MB, paused 1.817ms total 46.710ms
08-06 02:00:04.401 18522 18592 W LOTTIE  : Animation contains merge paths. Merge paths are only supported on KitKat+ and must be manually enabled by calling enableMergePathsForKitKatAndAbove().
08-06 02:00:04.404 18522 18592 W LOTTIE  : Animation contains merge paths. Merge paths are only supported on KitKat+ and must be manually enabled by calling enableMergePathsForKitKatAndAbove().
08-06 02:00:04.408 18522 18522 W LOTTIE  : Animation contains merge paths but they are disabled.
08-06 02:00:04.773 18522 18540 I art     : Starting a blocking GC Explicit
08-06 02:00:04.821 18522 18540 I art     : Explicit concurrent mark sweep GC freed 6864(305KB) AllocSpace objects, 3(224KB) LOS objects, 7% free, 187MB/203MB, paused 1.374ms total 47.702ms
08-06 02:00:04.839 18522 18540 I art     : Starting a blocking GC Explicit
08-06 02:00:04.883 18522 18540 I art     : Explicit concurrent mark sweep GC freed 1956(78KB) AllocSpace objects, 0(0B) LOS objects, 7% free, 187MB/203MB, paused 1.078ms total 43.814ms
08-06 02:00:04.901 18522 18540 I art     : Starting a blocking GC Explicit
08-06 02:00:04.945 18522 18540 I art     : Explicit concurrent mark sweep GC freed 318(6KB) AllocSpace objects, 0(0B) LOS objects, 7% free, 187MB/203MB, paused 1.174ms total 43.194ms
08-06 02:00:04.962 18522 18540 I art     : Starting a blocking GC Explicit
08-06 02:00:05.006 18522 18540 I art     : Explicit concurrent mark sweep GC freed 309(5KB) AllocSpace objects, 0(0B) LOS objects, 7% free, 187MB/203MB, paused 1.302ms total 43.352ms
08-06 02:00:05.024 18522 18540 I art     : Starting a blocking GC Explicit
08-06 02:00:05.068 18522 18540 I art     : Explicit concurrent mark sweep GC freed 222(3KB) AllocSpace objects, 0(0B) LOS objects, 7% free, 187MB/203MB, paused 1.321ms total 43.574ms
08-06 02:00:05.442 18522 18796 I art     : Starting a blocking GC Explicit
08-06 02:00:05.488 18522 18796 I art     : Explicit concurrent mark sweep GC freed 3464(122KB) AllocSpace objects, 2(36KB) LOS objects, 7% free, 187MB/203MB, paused 1.472ms total 46.098ms
08-06 02:00:05.505 18522 18796 I art     : Starting a blocking GC Explicit
08-06 02:00:05.550 18522 18796 I art     : Explicit concurrent mark sweep GC freed 266(5KB) AllocSpace objects, 0(0B) LOS objects, 7% free, 187MB/203MB, paused 1.260ms total 44.403ms
08-06 02:00:05.568 18522 18796 I art     : Starting a blocking GC Explicit
08-06 02:00:05.613 18522 18796 I art     : Explicit concurrent mark sweep GC freed 283(4KB) AllocSpace objects, 0(0B) LOS objects, 7% free, 187MB/203MB, paused 1.104ms total 45.381ms
08-06 02:00:05.631 18522 18796 I art     : Starting a blocking GC Explicit
08-06 02:00:05.675 18522 18796 I art     : Explicit concurrent mark sweep GC freed 293(5KB) AllocSpace objects, 0(0B) LOS objects, 7% free, 187MB/203MB, paused 1.084ms total 44.038ms
08-06 02:00:05.693 18522 18796 I art     : Starting a blocking GC Explicit
08-06 02:00:05.737 18522 18796 I art     : Explicit concurrent mark sweep GC freed 288(5KB) AllocSpace objects, 0(0B) LOS objects, 7% free, 187MB/203MB, paused 1.459ms total 44.073ms
08-06 02:00:06.146 18522 18535 I art     : Starting a blocking GC Explicit
08-06 02:00:06.193 18522 18535 I art     : Explicit concurrent mark sweep GC freed 3479(122KB) AllocSpace objects, 2(36KB) LOS objects, 7% free, 187MB/203MB, paused 1.117ms total 45.678ms
08-06 02:00:06.210 18522 18535 I art     : Starting a blocking GC Explicit
08-06 02:00:06.255 18522 18535 I art     : Explicit concurrent mark sweep GC freed 287(5KB) AllocSpace objects, 0(0B) LOS objects, 7% free, 187MB/203MB, paused 1.370ms total 44.755ms
08-06 02:00:06.272 18522 18535 I art     : Starting a blocking GC Explicit
08-06 02:00:06.318 18522 18535 I art     : Explicit concurrent mark sweep GC freed 237(3KB) AllocSpace objects, 0(0B) LOS objects, 7% free, 187MB/203MB, paused 1.403ms total 45.543ms
08-06 02:00:06.336 18522 18535 I art     : Starting a blocking GC Explicit
08-06 02:00:06.379 18522 18535 I art     : Explicit concurrent mark sweep GC freed 311(5KB) AllocSpace objects, 0(0B) LOS objects, 7% free, 187MB/203MB, paused 1.482ms total 43.013ms
08-06 02:00:06.397 18522 18535 I art     : Starting a blocking GC Explicit
08-06 02:00:06.441 18522 18535 I art     : Explicit concurrent mark sweep GC freed 283(4KB) AllocSpace objects, 0(0B) LOS objects, 7% free, 187MB/203MB, paused 1.103ms total 43.681ms
08-06 02:00:06.566   518   646 I ThermalEngine: ACTION: GPU - Setting GPU[0] to 390000000
08-06 02:00:06.865 18522 18534 I art     : Starting a blocking GC Explicit
08-06 02:00:06.921 18522 18534 I art     : Explicit concurrent mark sweep GC freed 3553(123KB) AllocSpace objects, 2(36KB) LOS objects, 7% free, 187MB/203MB, paused 1.797ms total 55.459ms
08-06 02:00:06.944 18522 18534 I art     : Starting a blocking GC Explicit
08-06 02:00:06.997 18522 18534 I art     : Explicit concurrent mark sweep GC freed 367(6KB) AllocSpace objects, 0(0B) LOS objects, 7% free, 187MB/203MB, paused 1.924ms total 52.648ms
08-06 02:00:07.020 18522 18534 I art     : Starting a blocking GC Explicit
08-06 02:00:07.075 18522 18534 I art     : Explicit concurrent mark sweep GC freed 352(5KB) AllocSpace objects, 0(0B) LOS objects, 7% free, 187MB/203MB, paused 1.709ms total 54.818ms
08-06 02:00:07.097 18522 18534 I art     : Starting a blocking GC Explicit
08-06 02:00:07.151 18522 18534 I art     : Explicit concurrent mark sweep GC freed 284(4KB) AllocSpace objects, 0(0B) LOS objects, 7% free, 187MB/203MB, paused 1.814ms total 53.151ms
08-06 02:00:07.173 18522 18534 I art     : Starting a blocking GC Explicit
08-06 02:00:07.228 18522 18534 I art     : Explicit concurrent mark sweep GC freed 353(5KB) AllocSpace objects, 0(0B) LOS objects, 7% free, 187MB/203MB, paused 2.047ms total 54.708ms
08-06 02:00:07.674 18522 18796 I art     : Starting a blocking GC Explicit
08-06 02:00:07.733 18522 18796 I art     : Explicit concurrent mark sweep GC freed 3725(126KB) AllocSpace objects, 2(36KB) LOS objects, 7% free, 187MB/203MB, paused 1.670ms total 59.276ms
08-06 02:00:07.758 18522 18796 I art     : Starting a blocking GC Explicit
08-06 02:00:07.812 18522 18796 I art     : Explicit concurrent mark sweep GC freed 380(6KB) AllocSpace objects, 0(0B) LOS objects, 7% free, 187MB/203MB, paused 1.703ms total 53.754ms
08-06 02:00:07.834 18522 18796 I art     : Starting a blocking GC Explicit
08-06 02:00:07.887 18522 18796 I art     : Explicit concurrent mark sweep GC freed 286(4KB) AllocSpace objects, 0(0B) LOS objects, 7% free, 187MB/203MB, paused 1.591ms total 52.452ms
08-06 02:00:07.908 18522 18796 I art     : Starting a blocking GC Explicit
08-06 02:00:07.960 18522 18796 I art     : Explicit concurrent mark sweep GC freed 407(7KB) AllocSpace objects, 0(0B) LOS objects, 7% free, 187MB/203MB, paused 1.735ms total 51.932ms
08-06 02:00:07.982 18522 18796 I art     : Starting a blocking GC Explicit
08-06 02:00:08.035 18522 18796 I art     : Explicit concurrent mark sweep GC freed 287(4KB) AllocSpace objects, 0(0B) LOS objects, 7% free, 187MB/203MB, paused 1.693ms total 52.709ms
08-06 02:00:08.431 20605 20605 D AndroidRuntime: >>>>>> START com.android.internal.os.RuntimeInit uid 2000 <<<<<<
08-06 02:00:08.438 20605 20605 D AndroidRuntime: CheckJNI is OFF
08-06 02:00:08.459 18522 18535 I art     : Starting a blocking GC Explicit
08-06 02:00:08.492 20605 20605 D ICU     : No timezone override file found: /data/misc/zoneinfo/current/icu/icu_tzdata.dat
08-06 02:00:08.514 18522 18535 I art     : Explicit concurrent mark sweep GC freed 3814(136KB) AllocSpace objects, 2(36KB) LOS objects, 7% free, 187MB/203MB, paused 1.679ms total 54.341ms
08-06 02:00:08.536 18522 18535 I art     : Starting a blocking GC Explicit
08-06 02:00:08.539 20605 20605 I Radio-JNI: register_android_hardware_Radio DONE
08-06 02:00:08.571 20605 20605 D AndroidRuntime: Calling main entry com.android.commands.input.Input
08-06 02:00:08.573 20605 20605 I Input   : injectKeyEvent: KeyEvent { action=ACTION_DOWN, keyCode=KEYCODE_BACK, scanCode=0, metaState=0, flags=0x0, repeatCount=0, eventTime=842424986, downTime=842424986, deviceId=-1, source=0x101 }
08-06 02:00:08.582 20605 20605 I Input   : injectKeyEvent: KeyEvent { action=ACTION_UP, keyCode=KEYCODE_BACK, scanCode=0, metaState=0, flags=0x0, repeatCount=0, eventTime=842424986, downTime=842424986, deviceId=-1, source=0x101 }
08-06 02:00:08.589 18522 18535 I art     : Explicit concurrent mark sweep GC freed 323(6KB) AllocSpace objects, 0(0B) LOS objects, 7% free, 187MB/203MB, paused 1.821ms total 52.977ms
08-06 02:00:08.589 18522 18533 I art     : WaitForGcToComplete blocked for 53.324ms for cause HeapTrim
08-06 02:00:08.591 20605 20605 D AndroidRuntime: Shutting down VM
08-06 02:00:08.611 18522 18535 I art     : Starting a blocking GC Explicit
08-06 02:00:08.615 18522 18522 V MainActivity: url = https://project-travel-mate.herokuapp.com/api/number-of-unread-notifications
08-06 02:00:08.666 18522 18535 I art     : Explicit concurrent mark sweep GC freed 479(15KB) AllocSpace objects, 0(0B) LOS objects, 7% free, 187MB/203MB, paused 1.793ms total 53.885ms
08-06 02:00:08.684 13866 13866 I GoogleInputMethodServic: GoogleInputMethodService.onFinishInput():3138 
08-06 02:00:08.685 13866 13866 I GoogleInputMethodServic: GoogleInputMethodService.onStartInput():1808 
08-06 02:00:08.691 18522 18535 I art     : Starting a blocking GC Explicit
08-06 02:00:08.749 18522 18535 I art     : Explicit concurrent mark sweep GC freed 313(10KB) AllocSpace objects, 0(0B) LOS objects, 7% free, 187MB/203MB, paused 1.681ms total 58.633ms
08-06 02:00:08.773 18522 18535 I art     : Starting a blocking GC Explicit
08-06 02:00:08.842 18522 18535 I art     : Explicit concurrent mark sweep GC freed 97(3KB) AllocSpace objects, 0(0B) LOS objects, 7% free, 187MB/203MB, paused 2.771ms total 68.588ms
08-06 02:00:08.935   380   380 W SurfaceFlinger: couldn't log to binary event log: overflow.
08-06 02:00:09.282 18522 18534 I art     : Starting a blocking GC Explicit
08-06 02:00:09.370 18522 18534 I art     : Explicit concurrent mark sweep GC freed 1717(95KB) AllocSpace objects, 3(4MB) LOS objects, 8% free, 183MB/199MB, paused 2.300ms total 86.206ms
08-06 02:00:09.401 18522 18534 I art     : Starting a blocking GC Explicit
08-06 02:00:09.461 18522 18534 I art     : Explicit concurrent mark sweep GC freed 3756(178KB) AllocSpace objects, 2(56KB) LOS objects, 8% free, 183MB/199MB, paused 1.798ms total 59.146ms
08-06 02:00:09.485 18522 18534 I art     : Starting a blocking GC Explicit
08-06 02:00:09.553 18522 18534 I art     : Explicit concurrent mark sweep GC freed 1096(74KB) AllocSpace objects, 2(120KB) LOS objects, 8% free, 183MB/199MB, paused 3.030ms total 68.400ms
08-06 02:00:09.578 18522 18534 I art     : Starting a blocking GC Explicit
08-06 02:00:09.602 18522 20628 I NAPPA_EXPERIMENTATION: MetricNetworkRequestExecutionTime: REQUEST_DURATION_SYSTEM='985',REQUEST_DURATION_OKHTTP='34',REQUEST_SYNCHRONOUS='FALSE',RESPONSE_CODE='200',RESPONSE_METHOD='GET',RESPONSE_LENGTH_OKHTTP='36',RESPONSE_LENGTH_HEADER='36',REQUEST_PROTOCOL='http/1.1',REQUEST_URL='https://project-travel-mate.herokuapp.com/api/number-of-unread-notifications',
08-06 02:00:09.642 18522 18534 I art     : Explicit concurrent mark sweep GC freed 2435(175KB) AllocSpace objects, 1(80KB) LOS objects, 8% free, 183MB/199MB, paused 2.111ms total 63.077ms
08-06 02:00:09.667 18522 18534 I art     : Starting a blocking GC Explicit
08-06 02:00:09.730 18522 18534 I art     : Explicit concurrent mark sweep GC freed 218(14KB) AllocSpace objects, 0(0B) LOS objects, 8% free, 183MB/199MB, paused 1.899ms total 62.516ms
08-06 02:00:10.175 18522 18796 I art     : Starting a blocking GC Explicit
08-06 02:00:10.243 18522 18796 I art     : Explicit concurrent mark sweep GC freed 1582(91KB) AllocSpace objects, 2(36KB) LOS objects, 8% free, 183MB/199MB, paused 1.967ms total 67.381ms
08-06 02:00:10.267 18522 18796 I art     : Starting a blocking GC Explicit
08-06 02:00:10.329 18522 18796 I art     : Explicit concurrent mark sweep GC freed 58(1824B) AllocSpace objects, 0(0B) LOS objects, 8% free, 183MB/199MB, paused 2.090ms total 61.442ms
08-06 02:00:10.353 18522 18796 I art     : Starting a blocking GC Explicit
08-06 02:00:10.414 18522 18796 I art     : Explicit concurrent mark sweep GC freed 4(128B) AllocSpace objects, 0(0B) LOS objects, 8% free, 183MB/199MB, paused 1.861ms total 60.533ms
08-06 02:00:10.439 18522 18796 I art     : Starting a blocking GC Explicit
08-06 02:00:10.497 20640 20640 D AndroidRuntime: >>>>>> START com.android.internal.os.RuntimeInit uid 2000 <<<<<<
08-06 02:00:10.499 18522 18796 I art     : Explicit concurrent mark sweep GC freed 3(96B) AllocSpace objects, 0(0B) LOS objects, 8% free, 183MB/199MB, paused 2.040ms total 59.788ms
08-06 02:00:10.503 20640 20640 D AndroidRuntime: CheckJNI is OFF
08-06 02:00:10.523 18522 18796 I art     : Starting a blocking GC Explicit
08-06 02:00:10.555 20640 20640 D ICU     : No timezone override file found: /data/misc/zoneinfo/current/icu/icu_tzdata.dat
08-06 02:00:10.583 18522 18796 I art     : Explicit concurrent mark sweep GC freed 3(96B) AllocSpace objects, 0(0B) LOS objects, 8% free, 183MB/199MB, paused 2.007ms total 59.338ms
08-06 02:00:10.602 20640 20640 I Radio-JNI: register_android_hardware_Radio DONE
08-06 02:00:10.634 20640 20640 D AndroidRuntime: Calling main entry com.android.commands.input.Input
08-06 02:00:10.637 20640 20640 I Input   : injectMotionEvent: MotionEvent { action=ACTION_DOWN, actionButton=0, id[0]=0, x[0]=117.0, y[0]=170.0, toolType[0]=TOOL_TYPE_UNKNOWN, buttonState=0, metaState=0, flags=0x0, edgeFlags=0x0, pointerCount=1, historySize=0, eventTime=842427049, downTime=842427049, deviceId=0, source=0x1002 }
08-06 02:00:10.642 20640 20640 I Input   : injectMotionEvent: MotionEvent { action=ACTION_UP, actionButton=0, id[0]=0, x[0]=117.0, y[0]=170.0, toolType[0]=TOOL_TYPE_UNKNOWN, buttonState=0, metaState=0, flags=0x0, edgeFlags=0x0, pointerCount=1, historySize=0, eventTime=842427049, downTime=842427049, deviceId=0, source=0x1002 }
08-06 02:00:10.644 20640 20640 D AndroidRuntime: Shutting down VM
08-06 02:00:10.655   512  2967 D audio_hw_primary: out_set_parameters: enter: usecase(1: low-latency-playback) kvpairs: routing=2
08-06 02:00:10.668   512  2967 D audio_hw_primary: select_devices: out_snd_device(2: speaker) in_snd_device(0: none)
08-06 02:00:10.668   512  2967 D msm8974_platform: platform_send_audio_calibration: sending audio calibration for snd_device(2) acdb_id(15)
08-06 02:00:10.668   512  2967 I soundtrigger: audio_extn_sound_trigger_update_device_status: device 0x2 of type 0 for Event 1
08-06 02:00:10.682   512  2967 D audio_hw_primary: enable_snd_device: snd_device(2: speaker)
08-06 02:00:10.685   512  2967 D audio_hw_primary: enable_audio_route: apply and update mixer path: low-latency-playback speaker
08-06 02:00:11.063 18522 18540 I art     : Starting a blocking GC Explicit
08-06 02:00:11.131 18522 18540 I art     : Explicit concurrent mark sweep GC freed 2031(114KB) AllocSpace objects, 2(36KB) LOS objects, 8% free, 183MB/199MB, paused 1.941ms total 67.339ms
08-06 02:00:11.155 18522 18540 I art     : Starting a blocking GC Explicit
08-06 02:00:11.213 18522 18540 I art     : Explicit concurrent mark sweep GC freed 74(2944B) AllocSpace objects, 0(0B) LOS objects, 8% free, 183MB/199MB, paused 1.944ms total 57.357ms
08-06 02:00:11.230   512  2967 D audio_hw_primary: disable_audio_route: reset and update mixer path: low-latency-playback speaker
08-06 02:00:11.231   512  2967 D audio_hw_primary: disable_snd_device: snd_device(2: speaker)
08-06 02:00:11.237 18522 18540 I art     : Starting a blocking GC Explicit
08-06 02:00:11.242   512  2967 I soundtrigger: audio_extn_sound_trigger_update_device_status: device 0x2 of type 0 for Event 0
08-06 02:00:11.295 18522 18540 I art     : Explicit concurrent mark sweep GC freed 13(640B) AllocSpace objects, 0(0B) LOS objects, 8% free, 183MB/199MB, paused 1.835ms total 57.762ms
08-06 02:00:11.319 18522 18540 I art     : Starting a blocking GC Explicit
08-06 02:00:11.374 18522 18540 I art     : Explicit concurrent mark sweep GC freed 34(928B) AllocSpace objects, 0(0B) LOS objects, 8% free, 183MB/199MB, paused 1.955ms total 55.299ms
08-06 02:00:11.398 18522 18540 I art     : Starting a blocking GC Explicit
08-06 02:00:11.458 18522 18540 I art     : Explicit concurrent mark sweep GC freed 5(160B) AllocSpace objects, 0(0B) LOS objects, 8% free, 183MB/199MB, paused 1.844ms total 58.928ms
08-06 02:00:11.543 20673 20673 D AndroidRuntime: >>>>>> START com.android.internal.os.RuntimeInit uid 2000 <<<<<<
08-06 02:00:11.550 20673 20673 D AndroidRuntime: CheckJNI is OFF
08-06 02:00:11.616 20673 20673 D ICU     : No timezone override file found: /data/misc/zoneinfo/current/icu/icu_tzdata.dat
08-06 02:00:11.673 20673 20673 I Radio-JNI: register_android_hardware_Radio DONE
08-06 02:00:11.705 20673 20673 D AndroidRuntime: Calling main entry com.android.commands.input.Input
08-06 02:00:11.708 20673 20673 I Input   : injectMotionEvent: MotionEvent { action=ACTION_DOWN, actionButton=0, id[0]=0, x[0]=418.0, y[0]=842.0, toolType[0]=TOOL_TYPE_UNKNOWN, buttonState=0, metaState=0, flags=0x0, edgeFlags=0x0, pointerCount=1, historySize=0, eventTime=842428121, downTime=842428121, deviceId=0, source=0x1002 }
08-06 02:00:11.712 20673 20673 I Input   : injectMotionEvent: MotionEvent { action=ACTION_UP, actionButton=0, id[0]=0, x[0]=418.0, y[0]=842.0, toolType[0]=TOOL_TYPE_UNKNOWN, buttonState=0, metaState=0, flags=0x0, edgeFlags=0x0, pointerCount=1, historySize=0, eventTime=842428121, downTime=842428121, deviceId=0, source=0x1002 }
08-06 02:00:11.714 20673 20673 D AndroidRuntime: Shutting down VM
08-06 02:00:11.727   512  2967 D audio_hw_primary: out_set_parameters: enter: usecase(1: low-latency-playback) kvpairs: routing=2
08-06 02:00:11.731 18522 18592 D Gabe    : call	returning from cache
08-06 02:00:11.740   512  2967 D audio_hw_primary: select_devices: out_snd_device(2: speaker) in_snd_device(0: none)
08-06 02:00:11.740   512  2967 D msm8974_platform: platform_send_audio_calibration: sending audio calibration for snd_device(2) acdb_id(15)
08-06 02:00:11.740   512  2967 I soundtrigger: audio_extn_sound_trigger_update_device_status: device 0x2 of type 0 for Event 1
08-06 02:00:11.751   512  2967 D audio_hw_primary: enable_snd_device: snd_device(2: speaker)
08-06 02:00:11.754   512  2967 D audio_hw_primary: enable_audio_route: apply and update mixer path: low-latency-playback speaker
08-06 02:00:11.767 18522 18522 V MainActivity: url = https://project-travel-mate.herokuapp.com/api/number-of-unread-notifications
08-06 02:00:11.805   512  2967 D AudioFlinger: mixer(0xf4740000) throttle end: throttle time(12)
08-06 02:00:11.920 18522 18535 I art     : Starting a blocking GC Explicit
08-06 02:00:11.990 18522 18535 I art     : Explicit concurrent mark sweep GC freed 3577(211KB) AllocSpace objects, 2(36KB) LOS objects, 8% free, 183MB/199MB, paused 3.007ms total 69.405ms
08-06 02:00:12.015 18522 18535 I art     : Starting a blocking GC Explicit
08-06 02:00:12.083 18522 18535 I art     : Explicit concurrent mark sweep GC freed 561(34KB) AllocSpace objects, 0(0B) LOS objects, 8% free, 183MB/199MB, paused 2.670ms total 66.941ms
08-06 02:00:12.108 18522 18535 I art     : Starting a blocking GC Explicit
08-06 02:00:12.177 18522 18535 I art     : Explicit concurrent mark sweep GC freed 298(19KB) AllocSpace objects, 0(0B) LOS objects, 8% free, 183MB/199MB, paused 2.894ms total 68.627ms
08-06 02:00:12.202 18522 18535 I art     : Starting a blocking GC Explicit
08-06 02:00:12.268 18522 18535 I art     : Explicit concurrent mark sweep GC freed 262(19KB) AllocSpace objects, 0(0B) LOS objects, 8% free, 183MB/199MB, paused 2.502ms total 66.335ms
08-06 02:00:12.292 18522 18535 I art     : Starting a blocking GC Explicit
08-06 02:00:12.299   512  2967 D audio_hw_primary: disable_audio_route: reset and update mixer path: low-latency-playback speaker
08-06 02:00:12.300   512  2967 D audio_hw_primary: disable_snd_device: snd_device(2: speaker)
08-06 02:00:12.308   512  2967 I soundtrigger: audio_extn_sound_trigger_update_device_status: device 0x2 of type 0 for Event 0
08-06 02:00:12.361 18522 18535 I art     : Explicit concurrent mark sweep GC freed 2776(146KB) AllocSpace objects, 3(200KB) LOS objects, 7% free, 184MB/200MB, paused 2.836ms total 68.711ms
08-06 02:00:12.376 18522 20696 I NAPPA_EXPERIMENTATION: MetricNetworkRequestExecutionTime: REQUEST_DURATION_SYSTEM='607',REQUEST_DURATION_OKHTTP='38',REQUEST_SYNCHRONOUS='FALSE',RESPONSE_CODE='200',RESPONSE_METHOD='GET',RESPONSE_LENGTH_OKHTTP='36',RESPONSE_LENGTH_HEADER='36',REQUEST_PROTOCOL='http/1.1',REQUEST_URL='https://project-travel-mate.herokuapp.com/api/number-of-unread-notifications',
08-06 02:00:12.459 18522 18522 I Choreographer: Skipped 41 frames!  The application may be doing too much work on its main thread.
08-06 02:00:12.801 18522 18534 I art     : Starting a blocking GC Explicit
08-06 02:00:12.873 18522 18534 I art     : Explicit concurrent mark sweep GC freed 6336(366KB) AllocSpace objects, 11(300KB) LOS objects, 7% free, 184MB/200MB, paused 1.984ms total 71.178ms
08-06 02:00:12.899 18522 18534 I art     : Starting a blocking GC Explicit
08-06 02:00:12.968 18522 18534 I art     : Explicit concurrent mark sweep GC freed 1120(57KB) AllocSpace objects, 0(0B) LOS objects, 8% free, 183MB/199MB, paused 2.015ms total 69.228ms
08-06 02:00:12.994 18522 18534 I art     : Starting a blocking GC Explicit
08-06 02:00:13.063 18522 18534 I art     : Explicit concurrent mark sweep GC freed 147(2496B) AllocSpace objects, 0(0B) LOS objects, 8% free, 183MB/199MB, paused 1.986ms total 68.194ms
08-06 02:00:13.089 18522 18534 I art     : Starting a blocking GC Explicit
08-06 02:00:13.159 18522 18534 I art     : Explicit concurrent mark sweep GC freed 121(2048B) AllocSpace objects, 0(0B) LOS objects, 8% free, 183MB/199MB, paused 1.952ms total 69.215ms
08-06 02:00:13.185 18522 18534 I art     : Starting a blocking GC Explicit
08-06 02:00:13.254 18522 18534 I art     : Explicit concurrent mark sweep GC freed 149(2544B) AllocSpace objects, 0(0B) LOS objects, 8% free, 183MB/199MB, paused 1.913ms total 69.003ms
08-06 02:00:13.576   518   646 I ThermalEngine: ACTION: GPU - Setting GPU[0] to 450000000
08-06 02:00:13.672 18522 18535 I art     : Starting a blocking GC Explicit
08-06 02:00:13.730 18522 18535 I art     : Explicit concurrent mark sweep GC freed 2371(106KB) AllocSpace objects, 2(52KB) LOS objects, 8% free, 183MB/199MB, paused 1.280ms total 57.943ms
08-06 02:00:13.750 18522 18535 I art     : Starting a blocking GC Explicit
08-06 02:00:13.811 18522 18535 I art     : Explicit concurrent mark sweep GC freed 129(2720B) AllocSpace objects, 0(0B) LOS objects, 8% free, 183MB/199MB, paused 1.360ms total 60.740ms
08-06 02:00:13.830 18522 18535 I art     : Starting a blocking GC Explicit
08-06 02:00:13.891 18522 18535 I art     : Explicit concurrent mark sweep GC freed 119(2032B) AllocSpace objects, 0(0B) LOS objects, 8% free, 183MB/199MB, paused 1.249ms total 60.755ms
08-06 02:00:13.911 18522 18535 I art     : Starting a blocking GC Explicit
08-06 02:00:13.968 18522 18535 I art     : Explicit concurrent mark sweep GC freed 122(2064B) AllocSpace objects, 0(0B) LOS objects, 8% free, 183MB/199MB, paused 1.203ms total 57.437ms
08-06 02:00:13.987 18522 18535 I art     : Starting a blocking GC Explicit
08-06 02:00:14.037 18522 18535 I art     : Explicit concurrent mark sweep GC freed 100(1728B) AllocSpace objects, 0(0B) LOS objects, 8% free, 183MB/199MB, paused 1.295ms total 49.380ms
08-06 02:00:14.048   918  3261 D WifiStateMachine: starting scan for "H369AA63323"WPA_PSK with 2412,5180
08-06 02:00:14.464 18522 18540 I art     : Starting a blocking GC Explicit
08-06 02:00:14.482 20718 20718 D AndroidRuntime: >>>>>> START com.android.internal.os.RuntimeInit uid 2000 <<<<<<
08-06 02:00:14.488 20718 20718 D AndroidRuntime: CheckJNI is OFF
08-06 02:00:14.525 18522 18540 I art     : Explicit concurrent mark sweep GC freed 2325(104KB) AllocSpace objects, 2(52KB) LOS objects, 8% free, 183MB/199MB, paused 1.316ms total 59.566ms
08-06 02:00:14.536 20718 20718 D ICU     : No timezone override file found: /data/misc/zoneinfo/current/icu/icu_tzdata.dat
08-06 02:00:14.544 18522 18540 I art     : Starting a blocking GC Explicit
08-06 02:00:14.578 20718 20718 I Radio-JNI: register_android_hardware_Radio DONE
08-06 02:00:14.600 18522 18540 I art     : Explicit concurrent mark sweep GC freed 165(3KB) AllocSpace objects, 0(0B) LOS objects, 8% free, 183MB/199MB, paused 1.361ms total 55.992ms
08-06 02:00:14.608 20718 20718 D AndroidRuntime: Calling main entry com.android.commands.input.Input
08-06 02:00:14.611 20718 20718 I Input   : injectMotionEvent: MotionEvent { action=ACTION_DOWN, actionButton=0, id[0]=0, x[0]=117.0, y[0]=170.0, toolType[0]=TOOL_TYPE_UNKNOWN, buttonState=0, metaState=0, flags=0x0, edgeFlags=0x0, pointerCount=1, historySize=0, eventTime=842431023, downTime=842431023, deviceId=0, source=0x1002 }
08-06 02:00:14.616 20718 20718 I Input   : injectMotionEvent: MotionEvent { action=ACTION_UP, actionButton=0, id[0]=0, x[0]=117.0, y[0]=170.0, toolType[0]=TOOL_TYPE_UNKNOWN, buttonState=0, metaState=0, flags=0x0, edgeFlags=0x0, pointerCount=1, historySize=0, eventTime=842431023, downTime=842431023, deviceId=0, source=0x1002 }
08-06 02:00:14.618 20718 20718 D AndroidRuntime: Shutting down VM
08-06 02:00:14.619 18522 18540 I art     : Starting a blocking GC Explicit
08-06 02:00:14.630   512  2967 D audio_hw_primary: out_set_parameters: enter: usecase(1: low-latency-playback) kvpairs: routing=2
08-06 02:00:14.643   512  2967 D audio_hw_primary: select_devices: out_snd_device(2: speaker) in_snd_device(0: none)
08-06 02:00:14.643   512  2967 D msm8974_platform: platform_send_audio_calibration: sending audio calibration for snd_device(2) acdb_id(15)
08-06 02:00:14.643   512  2967 I soundtrigger: audio_extn_sound_trigger_update_device_status: device 0x2 of type 0 for Event 1
08-06 02:00:14.656   512  2967 D audio_hw_primary: enable_snd_device: snd_device(2: speaker)
08-06 02:00:14.659   512  2967 D audio_hw_primary: enable_audio_route: apply and update mixer path: low-latency-playback speaker
08-06 02:00:14.671 18522 18540 I art     : Explicit concurrent mark sweep GC freed 180(4KB) AllocSpace objects, 0(0B) LOS objects, 7% free, 184MB/200MB, paused 1.269ms total 52.019ms
08-06 02:00:14.689 18522 18540 I art     : Starting a blocking GC Explicit
08-06 02:00:14.739 18522 18540 I art     : Explicit concurrent mark sweep GC freed 505(22KB) AllocSpace objects, 0(0B) LOS objects, 7% free, 184MB/200MB, paused 1.170ms total 49.268ms
08-06 02:00:14.757 18522 18540 I art     : Starting a blocking GC Explicit
08-06 02:00:14.812 18522 18540 I art     : Explicit concurrent mark sweep GC freed 113(2128B) AllocSpace objects, 0(0B) LOS objects, 7% free, 184MB/200MB, paused 1.528ms total 54.296ms
08-06 02:00:15.195 18522 18796 I art     : Starting a blocking GC Explicit
08-06 02:00:15.199   512  2967 D audio_hw_primary: disable_audio_route: reset and update mixer path: low-latency-playback speaker
08-06 02:00:15.200   512  2967 D audio_hw_primary: disable_snd_device: snd_device(2: speaker)
08-06 02:00:15.208   512  2967 I soundtrigger: audio_extn_sound_trigger_update_device_status: device 0x2 of type 0 for Event 0
08-06 02:00:15.248 18522 18796 I art     : Explicit concurrent mark sweep GC freed 2239(103KB) AllocSpace objects, 2(52KB) LOS objects, 7% free, 184MB/200MB, paused 1.179ms total 52.897ms
08-06 02:00:15.267 18522 18796 I art     : Starting a blocking GC Explicit
08-06 02:00:15.320 18522 18796 I art     : Explicit concurrent mark sweep GC freed 134(2944B) AllocSpace objects, 0(0B) LOS objects, 7% free, 184MB/200MB, paused 1.249ms total 52.390ms
08-06 02:00:15.339 18522 18796 I art     : Starting a blocking GC Explicit
08-06 02:00:15.380 20741 20741 D AndroidRuntime: >>>>>> START com.android.internal.os.RuntimeInit uid 2000 <<<<<<
08-06 02:00:15.385 20741 20741 D AndroidRuntime: CheckJNI is OFF
08-06 02:00:15.391 18522 18796 I art     : Explicit concurrent mark sweep GC freed 130(2528B) AllocSpace objects, 0(0B) LOS objects, 7% free, 184MB/200MB, paused 1.206ms total 51.871ms
08-06 02:00:15.410 18522 18796 I art     : Starting a blocking GC Explicit
08-06 02:00:15.429 20741 20741 D ICU     : No timezone override file found: /data/misc/zoneinfo/current/icu/icu_tzdata.dat
08-06 02:00:15.462 18522 18796 I art     : Explicit concurrent mark sweep GC freed 125(2160B) AllocSpace objects, 0(0B) LOS objects, 7% free, 184MB/200MB, paused 1.223ms total 52.444ms
08-06 02:00:15.472 20741 20741 I Radio-JNI: register_android_hardware_Radio DONE
08-06 02:00:15.481 18522 18796 I art     : Starting a blocking GC Explicit
08-06 02:00:15.501 20741 20741 D AndroidRuntime: Calling main entry com.android.commands.input.Input
08-06 02:00:15.503 20741 20741 I Input   : injectMotionEvent: MotionEvent { action=ACTION_DOWN, actionButton=0, id[0]=0, x[0]=355.0, y[0]=1674.0, toolType[0]=TOOL_TYPE_UNKNOWN, buttonState=0, metaState=0, flags=0x0, edgeFlags=0x0, pointerCount=1, historySize=0, eventTime=842431916, downTime=842431916, deviceId=0, source=0x1002 }
08-06 02:00:15.507 20741 20741 I Input   : injectMotionEvent: MotionEvent { action=ACTION_UP, actionButton=0, id[0]=0, x[0]=355.0, y[0]=1674.0, toolType[0]=TOOL_TYPE_UNKNOWN, buttonState=0, metaState=0, flags=0x0, edgeFlags=0x0, pointerCount=1, historySize=0, eventTime=842431916, downTime=842431916, deviceId=0, source=0x1002 }
08-06 02:00:15.509 20741 20741 D AndroidRuntime: Shutting down VM
08-06 02:00:15.518   512  2967 D audio_hw_primary: out_set_parameters: enter: usecase(1: low-latency-playback) kvpairs: routing=2
08-06 02:00:15.525 18522 18522 V MainActivity: url = https://project-travel-mate.herokuapp.com/api/number-of-unread-notifications
08-06 02:00:15.531   512  2967 D audio_hw_primary: select_devices: out_snd_device(2: speaker) in_snd_device(0: none)
08-06 02:00:15.531   512  2967 D msm8974_platform: platform_send_audio_calibration: sending audio calibration for snd_device(2) acdb_id(15)
08-06 02:00:15.532   512  2967 I soundtrigger: audio_extn_sound_trigger_update_device_status: device 0x2 of type 0 for Event 1
08-06 02:00:15.537 18522 18796 I art     : Explicit concurrent mark sweep GC freed 690(28KB) AllocSpace objects, 0(0B) LOS objects, 7% free, 184MB/200MB, paused 1.919ms total 55.333ms
08-06 02:00:15.540   512  2967 D audio_hw_primary: enable_snd_device: snd_device(2: speaker)
08-06 02:00:15.542   512  2967 D audio_hw_primary: enable_audio_route: apply and update mixer path: low-latency-playback speaker
08-06 02:00:15.580   512  2967 D AudioFlinger: mixer(0xf4740000) throttle end: throttle time(12)
08-06 02:00:15.925 18522 18535 I art     : Starting a blocking GC Explicit
08-06 02:00:15.987 18522 18535 I art     : Explicit concurrent mark sweep GC freed 3272(152KB) AllocSpace objects, 11(304KB) LOS objects, 7% free, 184MB/200MB, paused 1.174ms total 61.543ms
08-06 02:00:16.005 18522 18535 I art     : Starting a blocking GC Explicit
08-06 02:00:16.058 18522 18535 I art     : Explicit concurrent mark sweep GC freed 2301(193KB) AllocSpace objects, 0(0B) LOS objects, 7% free, 184MB/200MB, paused 1.372ms total 52.118ms
08-06 02:00:16.068   512  2967 D audio_hw_primary: disable_audio_route: reset and update mixer path: low-latency-playback speaker
08-06 02:00:16.070   512  2967 D audio_hw_primary: disable_snd_device: snd_device(2: speaker)
08-06 02:00:16.077 18522 18535 I art     : Starting a blocking GC Explicit
08-06 02:00:16.077   512  2967 I soundtrigger: audio_extn_sound_trigger_update_device_status: device 0x2 of type 0 for Event 0
08-06 02:00:16.133 18522 18535 I art     : Explicit concurrent mark sweep GC freed 3(96B) AllocSpace objects, 0(0B) LOS objects, 7% free, 184MB/200MB, paused 1.406ms total 56.391ms
08-06 02:00:16.156 18522 18535 I art     : Starting a blocking GC Explicit
08-06 02:00:16.215 18522 18535 I art     : Explicit concurrent mark sweep GC freed 2406(125KB) AllocSpace objects, 3(200KB) LOS objects, 7% free, 184MB/200MB, paused 1.963ms total 58.635ms
08-06 02:00:16.235 18522 18535 I art     : Starting a blocking GC Explicit
08-06 02:00:16.250 18522 20762 I NAPPA_EXPERIMENTATION: MetricNetworkRequestExecutionTime: REQUEST_DURATION_SYSTEM='723',REQUEST_DURATION_OKHTTP='33',REQUEST_SYNCHRONOUS='FALSE',RESPONSE_CODE='200',RESPONSE_METHOD='GET',RESPONSE_LENGTH_OKHTTP='36',RESPONSE_LENGTH_HEADER='36',REQUEST_PROTOCOL='http/1.1',REQUEST_URL='https://project-travel-mate.herokuapp.com/api/number-of-unread-notifications',
08-06 02:00:16.287 18522 18535 I art     : Explicit concurrent mark sweep GC freed 1196(132KB) AllocSpace objects, 0(0B) LOS objects, 7% free, 184MB/200MB, paused 1.330ms total 52.050ms
08-06 02:00:16.701 18522 18540 I art     : Starting a blocking GC Explicit
08-06 02:00:16.777 18522 18540 I art     : Explicit concurrent mark sweep GC freed 1756(98KB) AllocSpace objects, 2(48KB) LOS objects, 7% free, 184MB/200MB, paused 1.345ms total 74.784ms
08-06 02:00:16.798 18522 18540 I art     : Starting a blocking GC Explicit
08-06 02:00:16.855 18522 18540 I art     : Explicit concurrent mark sweep GC freed 28(1024B) AllocSpace objects, 0(0B) LOS objects, 7% free, 184MB/200MB, paused 1.257ms total 56.057ms
08-06 02:00:16.874 18522 18540 I art     : Starting a blocking GC Explicit
08-06 02:00:16.932 18522 18540 I art     : Explicit concurrent mark sweep GC freed 3(96B) AllocSpace objects, 0(0B) LOS objects, 7% free, 184MB/200MB, paused 1.364ms total 57.688ms
08-06 02:00:16.955 18522 18540 I art     : Starting a blocking GC Explicit
08-06 02:00:17.014 18522 18540 I art     : Explicit concurrent mark sweep GC freed 3(96B) AllocSpace objects, 0(0B) LOS objects, 7% free, 184MB/200MB, paused 1.346ms total 57.907ms
08-06 02:00:17.037 18522 18540 I art     : Starting a blocking GC Explicit
08-06 02:00:17.093 18522 18540 I art     : Explicit concurrent mark sweep GC freed 3(96B) AllocSpace objects, 0(0B) LOS objects, 7% free, 184MB/200MB, paused 1.263ms total 56.401ms
08-06 02:00:17.509 18522 18534 I art     : Starting a blocking GC Explicit
08-06 02:00:17.571 18522 18534 I art     : Explicit concurrent mark sweep GC freed 1659(94KB) AllocSpace objects, 2(48KB) LOS objects, 7% free, 184MB/200MB, paused 1.334ms total 61.849ms
08-06 02:00:17.591 18522 18534 I art     : Starting a blocking GC Explicit
08-06 02:00:17.654 18522 18534 I art     : Explicit concurrent mark sweep GC freed 59(2704B) AllocSpace objects, 0(0B) LOS objects, 7% free, 184MB/200MB, paused 1.343ms total 62.947ms
08-06 02:00:17.678 18522 18534 I art     : Starting a blocking GC Explicit
08-06 02:00:17.743 18522 18534 I art     : Explicit concurrent mark sweep GC freed 14(672B) AllocSpace objects, 0(0B) LOS objects, 7% free, 184MB/200MB, paused 1.344ms total 65.047ms
08-06 02:00:17.765 18522 18534 I art     : Starting a blocking GC Explicit
08-06 02:00:17.819 18522 18534 I art     : Explicit concurrent mark sweep GC freed 3(96B) AllocSpace objects, 0(0B) LOS objects, 7% free, 184MB/200MB, paused 1.272ms total 53.981ms
08-06 02:00:17.838 18522 18534 I art     : Starting a blocking GC Explicit
08-06 02:00:17.892 18522 18534 I art     : Explicit concurrent mark sweep GC freed 3(96B) AllocSpace objects, 0(0B) LOS objects, 7% free, 184MB/200MB, paused 1.225ms total 54.115ms
08-06 02:00:18.198   918   918 I EntropyMixer: Added HW RNG output to entropy pool
08-06 02:00:18.199   918   918 I EntropyMixer: Writing entropy...
08-06 02:00:18.306 18522 18796 I art     : Starting a blocking GC Explicit
08-06 02:00:18.317 20794 20794 D AndroidRuntime: >>>>>> START com.android.internal.os.RuntimeInit uid 2000 <<<<<<
08-06 02:00:18.323 20794 20794 D AndroidRuntime: CheckJNI is OFF
08-06 02:00:18.372 20794 20794 D ICU     : No timezone override file found: /data/misc/zoneinfo/current/icu/icu_tzdata.dat
08-06 02:00:18.377 18522 18796 I art     : Explicit concurrent mark sweep GC freed 1621(93KB) AllocSpace objects, 2(48KB) LOS objects, 7% free, 184MB/200MB, paused 1.387ms total 69.823ms
08-06 02:00:18.396 18522 18796 I art     : Starting a blocking GC Explicit
08-06 02:00:18.418 20794 20794 I Radio-JNI: register_android_hardware_Radio DONE
08-06 02:00:18.447 20794 20794 D AndroidRuntime: Calling main entry com.android.commands.input.Input
08-06 02:00:18.450 20794 20794 I Input   : injectMotionEvent: MotionEvent { action=ACTION_DOWN, actionButton=0, id[0]=0, x[0]=747.0, y[0]=608.0, toolType[0]=TOOL_TYPE_UNKNOWN, buttonState=0, metaState=0, flags=0x0, edgeFlags=0x0, pointerCount=1, historySize=0, eventTime=842434862, downTime=842434862, deviceId=0, source=0x1002 }
08-06 02:00:18.451 18522 18796 I art     : Explicit concurrent mark sweep GC freed 37(1504B) AllocSpace objects, 0(0B) LOS objects, 7% free, 184MB/200MB, paused 1.385ms total 54.873ms
08-06 02:00:18.456 20794 20794 I Input   : injectMotionEvent: MotionEvent { action=ACTION_UP, actionButton=0, id[0]=0, x[0]=747.0, y[0]=608.0, toolType[0]=TOOL_TYPE_UNKNOWN, buttonState=0, metaState=0, flags=0x0, edgeFlags=0x0, pointerCount=1, historySize=0, eventTime=842434862, downTime=842434862, deviceId=0, source=0x1002 }
08-06 02:00:18.458 20794 20794 D AndroidRuntime: Shutting down VM
08-06 02:00:18.459   918   929 I ActivityManager: START u0 {cmp=baseline.io.github.project_travel_mate/.utilities.ChecklistActivity} from uid 10696 on display 0
08-06 02:00:18.460   512  2967 D audio_hw_primary: out_set_parameters: enter: usecase(1: low-latency-playback) kvpairs: routing=2
08-06 02:00:18.469 18522 18796 I art     : Starting a blocking GC Explicit
08-06 02:00:18.473   512  2967 D audio_hw_primary: select_devices: out_snd_device(2: speaker) in_snd_device(0: none)
08-06 02:00:18.473   512  2967 D msm8974_platform: platform_send_audio_calibration: sending audio calibration for snd_device(2) acdb_id(15)
08-06 02:00:18.474   512  2967 I soundtrigger: audio_extn_sound_trigger_update_device_status: device 0x2 of type 0 for Event 1
08-06 02:00:18.486   512  2967 D audio_hw_primary: enable_snd_device: snd_device(2: speaker)
08-06 02:00:18.488   512  2967 D audio_hw_primary: enable_audio_route: apply and update mixer path: low-latency-playback speaker
08-06 02:00:18.521 18522 18796 I art     : Explicit concurrent mark sweep GC freed 659(40KB) AllocSpace objects, 0(0B) LOS objects, 7% free, 184MB/200MB, paused 1.335ms total 51.482ms
08-06 02:00:18.539 18522 18796 I art     : Starting a blocking GC Explicit
08-06 02:00:18.555 13866 13866 I GoogleInputMethodServic: GoogleInputMethodService.onFinishInput():3138 
08-06 02:00:18.555 13866 13866 I GoogleInputMethodServic: GoogleInputMethodService.onStartInput():1808 
08-06 02:00:18.556   918   936 I ActivityManager: Displayed baseline.io.github.project_travel_mate/.utilities.ChecklistActivity: +86ms
08-06 02:00:18.591 18522 18796 I art     : Explicit concurrent mark sweep GC freed 468(23KB) AllocSpace objects, 0(0B) LOS objects, 7% free, 184MB/200MB, paused 1.246ms total 51.580ms
08-06 02:00:18.611 18522 18796 I art     : Starting a blocking GC Explicit
08-06 02:00:18.661 18522 18796 I art     : Explicit concurrent mark sweep GC freed 92(3KB) AllocSpace objects, 0(0B) LOS objects, 7% free, 184MB/200MB, paused 1.286ms total 50.082ms
08-06 02:00:18.813   380   380 W SurfaceFlinger: couldn't log to binary event log: overflow.
08-06 02:00:19.018   512  2967 D audio_hw_primary: disable_audio_route: reset and update mixer path: low-latency-playback speaker
08-06 02:00:19.020   512  2967 D audio_hw_primary: disable_snd_device: snd_device(2: speaker)
08-06 02:00:19.028   512  2967 I soundtrigger: audio_extn_sound_trigger_update_device_status: device 0x2 of type 0 for Event 0
08-06 02:00:19.046 18522 18534 I art     : Starting a blocking GC Explicit
08-06 02:00:19.102 18522 18534 I art     : Explicit concurrent mark sweep GC freed 1638(93KB) AllocSpace objects, 2(48KB) LOS objects, 7% free, 184MB/200MB, paused 1.261ms total 55.277ms
08-06 02:00:19.121 18522 18534 I art     : Starting a blocking GC Explicit
08-06 02:00:19.179 18522 18534 I art     : Explicit concurrent mark sweep GC freed 36(1280B) AllocSpace objects, 0(0B) LOS objects, 7% free, 184MB/200MB, paused 1.321ms total 57.904ms
08-06 02:00:19.199 18522 18534 I art     : Starting a blocking GC Explicit
08-06 02:00:19.260 18522 18534 I art     : Explicit concurrent mark sweep GC freed 3(96B) AllocSpace objects, 0(0B) LOS objects, 7% free, 184MB/200MB, paused 1.292ms total 61.007ms
08-06 02:00:19.282 18522 18534 I art     : Starting a blocking GC Explicit
08-06 02:00:19.345 18522 18534 I art     : Explicit concurrent mark sweep GC freed 40(1088B) AllocSpace objects, 0(0B) LOS objects, 7% free, 184MB/200MB, paused 1.338ms total 62.681ms
08-06 02:00:19.367 18522 18534 I art     : Starting a blocking GC Explicit
08-06 02:00:19.425 18522 18534 I art     : Explicit concurrent mark sweep GC freed 3(96B) AllocSpace objects, 0(0B) LOS objects, 7% free, 184MB/200MB, paused 1.209ms total 57.595ms
08-06 02:00:19.683 15866 15897 I Finsky  : [6071] ktr.run(-1): Stats for Executor: BlockingExecutor kvs@43d8fc2[Running, pool size = 0, active threads = 0, queued tasks = 0, completed tasks = 410]
08-06 02:00:19.684 15866 15897 I Finsky  : [6071] ktr.run(-1): Stats for Executor: LightweightExecutor kvs@20f81d3[Running, pool size = 4, active threads = 0, queued tasks = 0, completed tasks = 358]
08-06 02:00:19.842 18522 18535 I art     : Starting a blocking GC Explicit
08-06 02:00:19.915 18522 18535 I art     : Explicit concurrent mark sweep GC freed 1586(92KB) AllocSpace objects, 2(48KB) LOS objects, 7% free, 184MB/200MB, paused 1.380ms total 72.264ms
08-06 02:00:19.938 18522 18535 I art     : Starting a blocking GC Explicit
08-06 02:00:19.995 18522 18535 I art     : Explicit concurrent mark sweep GC freed 28(1024B) AllocSpace objects, 0(0B) LOS objects, 7% free, 184MB/200MB, paused 1.280ms total 56.301ms
08-06 02:00:20.014 18522 18535 I art     : Starting a blocking GC Explicit
08-06 02:00:20.073 18522 18535 I art     : Explicit concurrent mark sweep GC freed 3(96B) AllocSpace objects, 0(0B) LOS objects, 7% free, 184MB/200MB, paused 1.252ms total 58.633ms
08-06 02:00:20.097 18522 18535 I art     : Starting a blocking GC Explicit
08-06 02:00:20.157 18522 18535 I art     : Explicit concurrent mark sweep GC freed 14(720B) AllocSpace objects, 0(0B) LOS objects, 7% free, 184MB/200MB, paused 1.381ms total 59.314ms
08-06 02:00:20.177 18522 18535 I art     : Starting a blocking GC Explicit
08-06 02:00:20.243 18522 18535 I art     : Explicit concurrent mark sweep GC freed 14(672B) AllocSpace objects, 0(0B) LOS objects, 7% free, 184MB/200MB, paused 1.459ms total 66.085ms
08-06 02:00:20.681 15866 15897 I Finsky  : [6071] ktr.run(-1): Stats for Executor: bgExecutor kvs@65ac110[Running, pool size = 4, active threads = 0, queued tasks = 0, completed tasks = 1247]
08-06 02:00:20.696 18522 18540 I art     : Starting a blocking GC Explicit
08-06 02:00:20.771 18522 18540 I art     : Explicit concurrent mark sweep GC freed 1645(94KB) AllocSpace objects, 2(48KB) LOS objects, 7% free, 184MB/200MB, paused 1.489ms total 75.204ms
08-06 02:00:20.793 18522 18540 I art     : Starting a blocking GC Explicit
08-06 02:00:20.856 18522 18540 I art     : Explicit concurrent mark sweep GC freed 38(1568B) AllocSpace objects, 0(0B) LOS objects, 7% free, 184MB/200MB, paused 1.350ms total 62.189ms
08-06 02:00:20.876 18522 18540 I art     : Starting a blocking GC Explicit
08-06 02:00:20.944 18522 18540 I art     : Explicit concurrent mark sweep GC freed 3(96B) AllocSpace objects, 0(0B) LOS objects, 7% free, 184MB/200MB, paused 1.398ms total 67.580ms
08-06 02:00:20.965 18522 18540 I art     : Starting a blocking GC Explicit
08-06 02:00:21.030 18522 18540 I art     : Explicit concurrent mark sweep GC freed 3(96B) AllocSpace objects, 0(0B) LOS objects, 7% free, 184MB/200MB, paused 1.362ms total 64.077ms
08-06 02:00:21.050 18522 18540 I art     : Starting a blocking GC Explicit
08-06 02:00:21.115 18522 18540 I art     : Explicit concurrent mark sweep GC freed 3(96B) AllocSpace objects, 0(0B) LOS objects, 7% free, 184MB/200MB, paused 1.417ms total 65.446ms
08-06 02:00:21.569 18522 18796 I art     : Starting a blocking GC Explicit
08-06 02:00:21.646 18522 18796 I art     : Explicit concurrent mark sweep GC freed 1621(92KB) AllocSpace objects, 2(48KB) LOS objects, 7% free, 184MB/200MB, paused 1.757ms total 75.778ms
08-06 02:00:21.667 18522 18796 I art     : Starting a blocking GC Explicit
08-06 02:00:21.730 18522 18796 I art     : Explicit concurrent mark sweep GC freed 28(1024B) AllocSpace objects, 0(0B) LOS objects, 7% free, 184MB/200MB, paused 1.369ms total 62.234ms
08-06 02:00:21.750 18522 18796 I art     : Starting a blocking GC Explicit
08-06 02:00:21.818 18522 18796 I art     : Explicit concurrent mark sweep GC freed 3(96B) AllocSpace objects, 0(0B) LOS objects, 7% free, 184MB/200MB, paused 1.414ms total 67.657ms
08-06 02:00:21.839 18522 18796 I art     : Starting a blocking GC Explicit
08-06 02:00:21.904 18522 18796 I art     : Explicit concurrent mark sweep GC freed 3(96B) AllocSpace objects, 0(0B) LOS objects, 7% free, 184MB/200MB, paused 1.341ms total 64.256ms
08-06 02:00:21.924 18522 18796 I art     : Starting a blocking GC Explicit
08-06 02:00:21.985 18522 18796 I art     : Explicit concurrent mark sweep GC freed 3(96B) AllocSpace objects, 0(0B) LOS objects, 7% free, 184MB/200MB, paused 1.300ms total 60.642ms
08-06 02:00:22.427 18522 18534 I art     : Starting a blocking GC Explicit
08-06 02:00:22.497 18522 18534 I art     : Explicit concurrent mark sweep GC freed 1623(93KB) AllocSpace objects, 2(48KB) LOS objects, 7% free, 184MB/200MB, paused 1.334ms total 69.610ms
08-06 02:00:22.517 18522 18534 I art     : Starting a blocking GC Explicit
08-06 02:00:22.580 18522 18534 I art     : Explicit concurrent mark sweep GC freed 28(1024B) AllocSpace objects, 0(0B) LOS objects, 7% free, 184MB/200MB, paused 1.289ms total 63.288ms
08-06 02:00:22.600 18522 18534 I art     : Starting a blocking GC Explicit
08-06 02:00:22.668 18522 18534 I art     : Explicit concurrent mark sweep GC freed 3(96B) AllocSpace objects, 0(0B) LOS objects, 7% free, 184MB/200MB, paused 1.544ms total 68.092ms
08-06 02:00:22.690 18522 18534 I art     : Starting a blocking GC Explicit
08-06 02:00:22.747 18522 18534 I art     : Explicit concurrent mark sweep GC freed 3(96B) AllocSpace objects, 0(0B) LOS objects, 7% free, 184MB/200MB, paused 1.317ms total 55.999ms
08-06 02:00:22.765 18522 18534 I art     : Starting a blocking GC Explicit
08-06 02:00:22.820 18522 18534 I art     : Explicit concurrent mark sweep GC freed 3(96B) AllocSpace objects, 0(0B) LOS objects, 7% free, 184MB/200MB, paused 1.259ms total 54.701ms
08-06 02:00:23.243 18522 18535 I art     : Starting a blocking GC Explicit
08-06 02:00:23.260 20872 20872 D AndroidRuntime: >>>>>> START com.android.internal.os.RuntimeInit uid 2000 <<<<<<
08-06 02:00:23.267 20872 20872 D AndroidRuntime: CheckJNI is OFF
08-06 02:00:23.311 18522 18535 I art     : Explicit concurrent mark sweep GC freed 1598(92KB) AllocSpace objects, 2(48KB) LOS objects, 7% free, 184MB/200MB, paused 1.446ms total 66.831ms
08-06 02:00:23.313 20872 20872 D ICU     : No timezone override file found: /data/misc/zoneinfo/current/icu/icu_tzdata.dat
08-06 02:00:23.330 18522 18535 I art     : Starting a blocking GC Explicit
08-06 02:00:23.358 20872 20872 I Radio-JNI: register_android_hardware_Radio DONE
08-06 02:00:23.387 20872 20872 D AndroidRuntime: Calling main entry com.android.commands.input.Input
08-06 02:00:23.389 20872 20872 I Input   : injectKeyEvent: KeyEvent { action=ACTION_DOWN, keyCode=KEYCODE_BACK, scanCode=0, metaState=0, flags=0x0, repeatCount=0, eventTime=842439802, downTime=842439802, deviceId=-1, source=0x101 }
08-06 02:00:23.389 18522 18535 I art     : Explicit concurrent mark sweep GC freed 75(2560B) AllocSpace objects, 0(0B) LOS objects, 7% free, 184MB/200MB, paused 1.402ms total 58.689ms
08-06 02:00:23.396 20872 20872 I Input   : injectKeyEvent: KeyEvent { action=ACTION_UP, keyCode=KEYCODE_BACK, scanCode=0, metaState=0, flags=0x0, repeatCount=0, eventTime=842439802, downTime=842439802, deviceId=-1, source=0x101 }
08-06 02:00:23.403 20872 20872 D AndroidRuntime: Shutting down VM
08-06 02:00:23.408 18522 18535 I art     : Starting a blocking GC Explicit
08-06 02:00:23.418 18522 18522 V MainActivity: url = https://project-travel-mate.herokuapp.com/api/number-of-unread-notifications
08-06 02:00:23.445 13866 13866 I GoogleInputMethodServic: GoogleInputMethodService.onFinishInput():3138 
08-06 02:00:23.446 13866 13866 I GoogleInputMethodServic: GoogleInputMethodService.onStartInput():1808 
08-06 02:00:23.461 18522 18535 I art     : Explicit concurrent mark sweep GC freed 374(15KB) AllocSpace objects, 0(0B) LOS objects, 7% free, 184MB/200MB, paused 1.418ms total 52.255ms
08-06 02:00:23.481 18522 18535 I art     : Starting a blocking GC Explicit
08-06 02:00:23.529 18522 18535 I art     : Explicit concurrent mark sweep GC freed 154(8KB) AllocSpace objects, 0(0B) LOS objects, 7% free, 184MB/200MB, paused 1.283ms total 48.505ms
08-06 02:00:23.549 18522 18535 I art     : Starting a blocking GC Explicit
08-06 02:00:23.597 18522 18535 I art     : Explicit concurrent mark sweep GC freed 27(1056B) AllocSpace objects, 0(0B) LOS objects, 7% free, 184MB/200MB, paused 1.266ms total 47.519ms
08-06 02:00:23.735   380   380 W SurfaceFlinger: couldn't log to binary event log: overflow.
08-06 02:00:23.975 18522 18534 I art     : Starting a blocking GC Explicit
08-06 02:00:24.032 18522 18534 I art     : Explicit concurrent mark sweep GC freed 2029(112KB) AllocSpace objects, 2(48KB) LOS objects, 7% free, 184MB/200MB, paused 1.365ms total 56.890ms
08-06 02:00:24.051 18522 18534 I art     : Starting a blocking GC Explicit
08-06 02:00:24.108 18522 18534 I art     : Explicit concurrent mark sweep GC freed 170(8KB) AllocSpace objects, 0(0B) LOS objects, 7% free, 184MB/200MB, paused 1.402ms total 57.169ms
08-06 02:00:24.108 18522 18533 I art     : WaitForGcToComplete blocked for 6.027ms for cause HeapTrim
08-06 02:00:24.127 18522 18534 I art     : Starting a blocking GC Explicit
08-06 02:00:24.187 12075 12075 I Atfwd_Sendcmd: AtCmdFwd service not ready - Exhausted retry attempts - :6
08-06 02:00:24.187 18522 18534 I art     : Explicit concurrent mark sweep GC freed 835(63KB) AllocSpace objects, 2(120KB) LOS objects, 7% free, 184MB/200MB, paused 1.797ms total 59.624ms
08-06 02:00:24.187 12075 12075 I Atfwd_Daemon: result : -1 	 ,Init step :2 	 ,qmiErrorCode: 0
08-06 02:00:24.207 18522 18534 I art     : Starting a blocking GC Explicit
08-06 02:00:24.244 18522 20895 I NAPPA_EXPERIMENTATION: MetricNetworkRequestExecutionTime: REQUEST_DURATION_SYSTEM='824',REQUEST_DURATION_OKHTTP='36',REQUEST_SYNCHRONOUS='FALSE',RESPONSE_CODE='200',RESPONSE_METHOD='GET',RESPONSE_LENGTH_OKHTTP='36',RESPONSE_LENGTH_HEADER='36',REQUEST_PROTOCOL='http/1.1',REQUEST_URL='https://project-travel-mate.herokuapp.com/api/number-of-unread-notifications',
08-06 02:00:24.266 18522 18534 I art     : Explicit concurrent mark sweep GC freed 2287(133KB) AllocSpace objects, 1(80KB) LOS objects, 7% free, 184MB/200MB, paused 1.378ms total 58.295ms
08-06 02:00:24.285 18522 18534 I art     : Starting a blocking GC Explicit
08-06 02:00:24.345 18522 18534 I art     : Explicit concurrent mark sweep GC freed 659(68KB) AllocSpace objects, 0(0B) LOS objects, 7% free, 184MB/200MB, paused 1.436ms total 59.986ms
08-06 02:00:24.758 18522 18540 I art     : Starting a blocking GC Explicit
08-06 02:00:24.822 18522 18540 I art     : Explicit concurrent mark sweep GC freed 1586(92KB) AllocSpace objects, 2(48KB) LOS objects, 7% free, 184MB/200MB, paused 1.361ms total 63.313ms
08-06 02:00:24.841 18522 18540 I art     : Starting a blocking GC Explicit
08-06 02:00:24.897 18522 18540 I art     : Explicit concurrent mark sweep GC freed 28(1024B) AllocSpace objects, 0(0B) LOS objects, 7% free, 184MB/200MB, paused 1.342ms total 55.310ms
08-06 02:00:24.916 18522 18540 I art     : Starting a blocking GC Explicit
08-06 02:00:24.973 18522 18540 I art     : Explicit concurrent mark sweep GC freed 3(96B) AllocSpace objects, 0(0B) LOS objects, 7% free, 184MB/200MB, paused 1.322ms total 56.412ms
08-06 02:00:24.992 18522 18540 I art     : Starting a blocking GC Explicit
08-06 02:00:25.050 18522 18540 I art     : Explicit concurrent mark sweep GC freed 4(128B) AllocSpace objects, 0(0B) LOS objects, 7% free, 184MB/200MB, paused 1.561ms total 57.596ms
08-06 02:00:25.074 18522 18540 I art     : Starting a blocking GC Explicit
08-06 02:00:25.133 18522 18540 I art     : Explicit concurrent mark sweep GC freed 13(416B) AllocSpace objects, 0(0B) LOS objects, 7% free, 184MB/200MB, paused 1.504ms total 58.979ms
08-06 02:00:25.210 20917 20917 D AndroidRuntime: >>>>>> START com.android.internal.os.RuntimeInit uid 2000 <<<<<<
08-06 02:00:25.216 20917 20917 D AndroidRuntime: CheckJNI is OFF
08-06 02:00:25.260 20917 20917 D ICU     : No timezone override file found: /data/misc/zoneinfo/current/icu/icu_tzdata.dat
08-06 02:00:25.306 20917 20917 I Radio-JNI: register_android_hardware_Radio DONE
08-06 02:00:25.335 20917 20917 D AndroidRuntime: Calling main entry com.android.commands.input.Input
08-06 02:00:25.337 20917 20917 I Input   : injectMotionEvent: MotionEvent { action=ACTION_DOWN, actionButton=0, id[0]=0, x[0]=657.0, y[0]=2037.0, toolType[0]=TOOL_TYPE_UNKNOWN, buttonState=0, metaState=0, flags=0x0, edgeFlags=0x0, pointerCount=1, historySize=0, eventTime=842441749, downTime=842441749, deviceId=0, source=0x1002 }
08-06 02:00:25.342 20917 20917 I Input   : injectMotionEvent: MotionEvent { action=ACTION_UP, actionButton=0, id[0]=0, x[0]=657.0, y[0]=2037.0, toolType[0]=TOOL_TYPE_UNKNOWN, buttonState=0, metaState=0, flags=0x0, edgeFlags=0x0, pointerCount=1, historySize=0, eventTime=842441749, downTime=842441749, deviceId=0, source=0x1002 }
08-06 02:00:25.345 20917 20917 D AndroidRuntime: Shutting down VM
08-06 02:00:25.345   918  3670 I ActivityManager: START u0 {cmp=baseline.io.github.project_travel_mate/.utilities.CompassActivity} from uid 10696 on display 0
08-06 02:00:25.347   512  2967 D audio_hw_primary: out_set_parameters: enter: usecase(1: low-latency-playback) kvpairs: routing=2
08-06 02:00:25.361   512  2967 D audio_hw_primary: select_devices: out_snd_device(2: speaker) in_snd_device(0: none)
08-06 02:00:25.361   512  2967 D msm8974_platform: platform_send_audio_calibration: sending audio calibration for snd_device(2) acdb_id(15)
08-06 02:00:25.361   512  2967 I soundtrigger: audio_extn_sound_trigger_update_device_status: device 0x2 of type 0 for Event 1
08-06 02:00:25.373   512  2967 D audio_hw_primary: enable_snd_device: snd_device(2: speaker)
08-06 02:00:25.375   512  2967 D audio_hw_primary: enable_audio_route: apply and update mixer path: low-latency-playback speaker
08-06 02:00:25.568 18522 18540 I art     : Starting a blocking GC Explicit
08-06 02:00:25.624 18522 18540 I art     : Explicit concurrent mark sweep GC freed 85(4KB) AllocSpace objects, 0(0B) LOS objects, 6% free, 233MB/249MB, paused 1.398ms total 55.754ms
08-06 02:00:25.643 18522 18540 I art     : Starting a blocking GC Explicit
08-06 02:00:25.697 18522 18540 I art     : Explicit concurrent mark sweep GC freed 17(528B) AllocSpace objects, 0(0B) LOS objects, 6% free, 233MB/249MB, paused 1.471ms total 54.015ms
08-06 02:00:25.716 18522 18540 I art     : Starting a blocking GC Explicit
08-06 02:00:25.770 18522 18540 I art     : Explicit concurrent mark sweep GC freed 3(96B) AllocSpace objects, 0(0B) LOS objects, 6% free, 233MB/249MB, paused 1.448ms total 54.050ms
08-06 02:00:25.789 18522 18540 I art     : Starting a blocking GC Explicit
08-06 02:00:25.844 18522 18540 I art     : Explicit concurrent mark sweep GC freed 3(96B) AllocSpace objects, 0(0B) LOS objects, 6% free, 233MB/249MB, paused 1.329ms total 54.266ms
08-06 02:00:25.863 18522 18540 I art     : Starting a blocking GC Explicit
08-06 02:00:25.903 18522 18522 D CompassActivity: start compass
08-06 02:00:25.904   918  5952 I sensors : batch
08-06 02:00:25.904   918  5952 I sensors : activate
08-06 02:00:25.904   918   928 I sensors : batch
08-06 02:00:25.904   918   928 I sensors : activate
08-06 02:00:25.908 18522 18522 I Choreographer: Skipped 32 frames!  The application may be doing too much work on its main thread.
08-06 02:00:25.910   918  3188 I hubconnection: sensorhub said: 'batch 1 flags:0, sampling_rate_Hz:50.00, max_report_latency_us:0'
08-06 02:00:25.912   918  3188 I hubconnection: sensorhub said: 'activate 1 enable:1'
08-06 02:00:25.913   918  3188 I hubconnection: sensorhub said: 'batch 3 flags:0, sampling_rate_Hz:50.00, max_report_latency_us:0'
08-06 02:00:25.914   918  3188 I hubconnection: sensorhub said: 'activate 3 enable:1'
08-06 02:00:25.918 18522 18540 I art     : Explicit concurrent mark sweep GC freed 129(6KB) AllocSpace objects, 0(0B) LOS objects, 6% free, 236MB/252MB, paused 1.394ms total 54.922ms
08-06 02:00:25.920   512  2967 D audio_hw_primary: disable_audio_route: reset and update mixer path: low-latency-playback speaker
08-06 02:00:25.922   512  2967 D audio_hw_primary: disable_snd_device: snd_device(2: speaker)
08-06 02:00:25.931   512  2967 I soundtrigger: audio_extn_sound_trigger_update_device_status: device 0x2 of type 0 for Event 0
08-06 02:00:25.967 13866 13866 I GoogleInputMethodServic: GoogleInputMethodService.onFinishInput():3138 
08-06 02:00:25.967 13866 13866 I GoogleInputMethodServic: GoogleInputMethodService.onStartInput():1808 
08-06 02:00:26.084 18522 18522 D CompassActivity: will set rotation from 0.0 to 178.78333
08-06 02:00:26.084 18522 18522 D CompassActivity: will set rotation from 178.78333 to 178.7522
08-06 02:00:26.084 18522 18522 D CompassActivity: will set rotation from 178.7522 to 178.75244
08-06 02:00:26.090   918   936 I ActivityManager: Displayed baseline.io.github.project_travel_mate/.utilities.CompassActivity: +731ms
08-06 02:00:26.171 18522 18522 D CompassActivity: will set rotation from 178.75244 to 178.93585
08-06 02:00:26.171 18522 18522 D CompassActivity: will set rotation from 178.93585 to 178.92969
08-06 02:00:26.171 18522 18522 D CompassActivity: will set rotation from 178.92969 to 178.86816
08-06 02:00:26.171 18522 18522 D CompassActivity: will set rotation from 178.86816 to 178.87433
08-06 02:00:26.172 18522 18522 D CompassActivity: will set rotation from 178.87433 to 178.6488
08-06 02:00:26.172 18522 18522 D CompassActivity: will set rotation from 178.6488 to 178.64563
08-06 02:00:26.172 18522 18522 D CompassActivity: will set rotation from 178.64563 to 178.573
08-06 02:00:26.172 18522 18522 D CompassActivity: will set rotation from 178.573 to 178.57397
08-06 02:00:26.262 18522 18522 D CompassActivity: will set rotation from 178.57397 to 178.59692
08-06 02:00:26.262 18522 18522 D CompassActivity: will set rotation from 178.59692 to 178.59326
08-06 02:00:26.262 18522 18522 D CompassActivity: will set rotation from 178.59326 to 178.53851
08-06 02:00:26.262 18522 18522 D CompassActivity: will set rotation from 178.53851 to 178.53479
08-06 02:00:26.263 18522 18522 D CompassActivity: will set rotation from 178.53479 to 178.55707
08-06 02:00:26.263 18522 18522 D CompassActivity: will set rotation from 178.55707 to 178.55658
08-06 02:00:26.263 18522 18522 D CompassActivity: will set rotation from 178.55658 to 178.6839
08-06 02:00:26.263 18522 18522 D CompassActivity: will set rotation from 178.6839 to 178.68
08-06 02:00:26.263 18522 18522 D CompassActivity: will set rotation from 178.68 to 178.68018
08-06 02:00:26.263 18522 18522 D CompassActivity: will set rotation from 178.68018 to 178.68347
08-06 02:00:26.288 18522 18522 D CompassActivity: will set rotation from 178.68347 to 178.69452
08-06 02:00:26.289 18522 18522 D CompassActivity: will set rotation from 178.69452 to 178.69891
08-06 02:00:26.297 18522 18522 D CompassActivity: will set rotation from 178.69891 to 178.75134
08-06 02:00:26.297 18522 18522 D CompassActivity: will set rotation from 178.75134 to 178.74469
08-06 02:00:26.317 18522 18522 D CompassActivity: will set rotation from 178.74469 to 178.78918
08-06 02:00:26.317 18522 18522 D CompassActivity: will set rotation from 178.78918 to 178.78625
08-06 02:00:26.321   380   380 W SurfaceFlinger: couldn't log to binary event log: overflow.
08-06 02:00:26.326 18522 18534 I art     : Starting a blocking GC Explicit
08-06 02:00:26.337 18522 18522 D CompassActivity: will set rotation from 178.78625 to 178.78656
08-06 02:00:26.338 18522 18522 D CompassActivity: will set rotation from 178.78656 to 178.78363
08-06 02:00:26.357 18522 18522 D CompassActivity: will set rotation from 178.78363 to 178.82031
08-06 02:00:26.357 18522 18522 D CompassActivity: will set rotation from 178.82031 to 178.81726
08-06 02:00:26.375 18522 18534 I art     : Explicit concurrent mark sweep GC freed 1959(113KB) AllocSpace objects, 2(48KB) LOS objects, 6% free, 236MB/252MB, paused 1.135ms total 48.851ms
08-06 02:00:26.377 18522 18522 D CompassActivity: will set rotation from 178.81726 to 178.84985
08-06 02:00:26.377 18522 18522 D CompassActivity: will set rotation from 178.84985 to 178.85144
08-06 02:00:26.393 18522 18534 I art     : Starting a blocking GC Explicit
08-06 02:00:26.397 18522 18522 D CompassActivity: will set rotation from 178.85144 to 178.84674
08-06 02:00:26.397 18522 18522 D CompassActivity: will set rotation from 178.84674 to 178.84528
08-06 02:00:26.417 18522 18522 D CompassActivity: will set rotation from 178.84528 to 178.84363
08-06 02:00:26.417 18522 18522 D CompassActivity: will set rotation from 178.84363 to 178.84167
08-06 02:00:26.437 18522 18522 D CompassActivity: will set rotation from 178.84167 to 178.87024
08-06 02:00:26.437 18522 18522 D CompassActivity: will set rotation from 178.87024 to 178.86755
08-06 02:00:26.447 18522 18534 I art     : Explicit concurrent mark sweep GC freed 508(21KB) AllocSpace objects, 0(0B) LOS objects, 6% free, 236MB/252MB, paused 1.257ms total 53.424ms
08-06 02:00:26.474 18522 18534 I art     : Starting a blocking GC Explicit
08-06 02:00:26.524 18522 18534 I art     : Explicit concurrent mark sweep GC freed 107(4KB) AllocSpace objects, 0(0B) LOS objects, 6% free, 236MB/252MB, paused 1.413ms total 49.848ms
08-06 02:00:26.543 18522 18534 I art     : Starting a blocking GC Explicit
08-06 02:00:26.545 18522 18522 D CompassActivity: will set rotation from 178.86755 to 178.83447
08-06 02:00:26.545 18522 18522 D CompassActivity: will set rotation from 178.83447 to 178.83337
08-06 02:00:26.545 18522 18522 D CompassActivity: will set rotation from 178.83337 to 178.82617
08-06 02:00:26.546 18522 18522 D CompassActivity: will set rotation from 178.82617 to 178.83008
08-06 02:00:26.546 18522 18522 D CompassActivity: will set rotation from 178.83008 to 178.91638
08-06 02:00:26.546 18522 18522 D CompassActivity: will set rotation from 178.91638 to 178.91754
08-06 02:00:26.546 18522 18522 D CompassActivity: will set rotation from 178.91754 to 178.87927
08-06 02:00:26.546 18522 18522 D CompassActivity: will set rotation from 178.87927 to 178.87854
08-06 02:00:26.547 18522 18522 D CompassActivity: will set rotation from 178.87854 to 178.92505
08-06 02:00:26.547 18522 18522 D CompassActivity: will set rotation from 178.92505 to 178.92072
08-06 02:00:26.562 18522 18522 D CompassActivity: will set rotation from 178.92072 to 178.91309
08-06 02:00:26.562 18522 18522 D CompassActivity: will set rotation from 178.91309 to 178.9115
08-06 02:00:26.576 18522 18522 D CompassActivity: will set rotation from 178.9115 to 178.9555
08-06 02:00:26.576 18522 18522 D CompassActivity: will set rotation from 178.9555 to 178.9552
08-06 02:00:26.594 18522 18534 I art     : Explicit concurrent mark sweep GC freed 183(9KB) AllocSpace objects, 0(0B) LOS objects, 6% free, 236MB/252MB, paused 1.138ms total 50.223ms
08-06 02:00:26.596 18522 18522 D CompassActivity: will set rotation from 178.9552 to 178.97015
08-06 02:00:26.596 18522 18522 D CompassActivity: will set rotation from 178.97015 to 178.96631
08-06 02:00:26.612 18522 18534 I art     : Starting a blocking GC Explicit
08-06 02:00:26.616 18522 18522 D CompassActivity: will set rotation from 178.96631 to 178.90546
08-06 02:00:26.616 18522 18522 D CompassActivity: will set rotation from 178.90546 to 178.90948
08-06 02:00:26.636 18522 18522 D CompassActivity: will set rotation from 178.90948 to 178.94861
08-06 02:00:26.636 18522 18522 D CompassActivity: will set rotation from 178.94861 to 178.9519
08-06 02:00:26.657 18522 18522 D CompassActivity: will set rotation from 178.9519 to 178.99274
08-06 02:00:26.657 18522 18522 D CompassActivity: will set rotation from 178.99274 to 178.9939
08-06 02:00:26.665 18522 18534 I art     : Explicit concurrent mark sweep GC freed 261(12KB) AllocSpace objects, 0(0B) LOS objects, 6% free, 236MB/252MB, paused 1.204ms total 52.211ms
08-06 02:00:26.677 18522 18522 D CompassActivity: will set rotation from 178.9939 to 179.0083
08-06 02:00:26.678 18522 18522 D CompassActivity: will set rotation from 179.0083 to 179.00842
08-06 02:00:26.696 18522 18522 D CompassActivity: will set rotation from 179.00842 to 178.99927
08-06 02:00:26.697 18522 18522 D CompassActivity: will set rotation from 178.99927 to 178.99689
08-06 02:00:26.715 18522 18522 D CompassActivity: will set rotation from 178.99689 to 179.03076
08-06 02:00:26.716 18522 18522 D CompassActivity: will set rotation from 179.03076 to 179.03033
08-06 02:00:26.736 18522 18522 D CompassActivity: will set rotation from 179.03033 to 179.01923
08-06 02:00:26.736 18522 18522 D CompassActivity: will set rotation from 179.01923 to 179.0199
08-06 02:00:26.758 18522 18522 D CompassActivity: will set rotation from 179.0199 to 179.07776
08-06 02:00:26.759 18522 18522 D CompassActivity: will set rotation from 179.07776 to 179.07465
08-06 02:00:26.777 18522 18522 D CompassActivity: will set rotation from 179.07465 to 179.10767
08-06 02:00:26.777 18522 18522 D CompassActivity: will set rotation from 179.10767 to 179.107
08-06 02:00:26.795 18522 18522 D CompassActivity: will set rotation from 179.107 to 179.09222
08-06 02:00:26.795 18522 18522 D CompassActivity: will set rotation from 179.09222 to 179.09155
08-06 02:00:26.815 18522 18522 D CompassActivity: will set rotation from 179.09155 to 179.12256
08-06 02:00:26.816 18522 18522 D CompassActivity: will set rotation from 179.12256 to 179.12146
08-06 02:00:26.835 18522 18522 D CompassActivity: will set rotation from 179.12146 to 179.14673
08-06 02:00:26.836 18522 18522 D CompassActivity: will set rotation from 179.14673 to 179.14893
08-06 02:00:26.859 18522 18522 D CompassActivity: will set rotation from 179.14893 to 179.15607
08-06 02:00:26.860 18522 18522 D CompassActivity: will set rotation from 179.15607 to 179.1576
08-06 02:00:26.876 18522 18522 D CompassActivity: will set rotation from 179.1576 to 179.18317
08-06 02:00:26.876 18522 18522 D CompassActivity: will set rotation from 179.18317 to 179.18219
08-06 02:00:26.895 18522 18522 D CompassActivity: will set rotation from 179.18219 to 179.20563
08-06 02:00:26.896 18522 18522 D CompassActivity: will set rotation from 179.20563 to 179.20496
08-06 02:00:26.915 18522 18522 D CompassActivity: will set rotation from 179.20496 to 179.20862
08-06 02:00:26.915 18522 18522 D CompassActivity: will set rotation from 179.20862 to 179.20776
08-06 02:00:26.935 18522 18522 D CompassActivity: will set rotation from 179.20776 to 179.23059
08-06 02:00:26.936 18522 18522 D CompassActivity: will set rotation from 179.23059 to 179.23096
08-06 02:00:26.959 18522 18522 D CompassActivity: will set rotation from 179.23096 to 179.25269
08-06 02:00:26.959 18522 18522 D CompassActivity: will set rotation from 179.25269 to 179.25293
08-06 02:00:26.976 18522 18522 D CompassActivity: will set rotation from 179.25293 to 179.27203
08-06 02:00:26.976 18522 18522 D CompassActivity: will set rotation from 179.27203 to 179.27185
08-06 02:00:26.995 18522 18522 D CompassActivity: will set rotation from 179.27185 to 179.25165
08-06 02:00:26.995 18522 18522 D CompassActivity: will set rotation from 179.25165 to 179.25232
08-06 02:00:27.014 18522 18522 D CompassActivity: will set rotation from 179.25232 to 179.25214
08-06 02:00:27.015 18522 18522 D CompassActivity: will set rotation from 179.25214 to 179.25153
08-06 02:00:27.035 18522 18522 D CompassActivity: will set rotation from 179.25153 to 179.27228
08-06 02:00:27.036 18522 18522 D CompassActivity: will set rotation from 179.27228 to 179.2724
08-06 02:00:27.057 18522 18522 D CompassActivity: will set rotation from 179.2724 to 179.29175
08-06 02:00:27.058 18522 18522 D CompassActivity: will set rotation from 179.29175 to 179.29309
08-06 02:00:27.076 18522 18522 D CompassActivity: will set rotation from 179.29309 to 179.27405
08-06 02:00:27.077 18522 18522 D CompassActivity: will set rotation from 179.27405 to 179.27386
08-06 02:00:27.095 18522 18522 D CompassActivity: will set rotation from 179.27386 to 179.27454
08-06 02:00:27.095 18522 18522 D CompassActivity: will set rotation from 179.27454 to 179.27368
08-06 02:00:27.096 18522 18540 I art     : Starting a blocking GC Explicit
08-06 02:00:27.115 18522 18522 D CompassActivity: will set rotation from 179.27368 to 179.2749
08-06 02:00:27.115 18522 18522 D CompassActivity: will set rotation from 179.2749 to 179.27515
08-06 02:00:27.134 18522 18522 D CompassActivity: will set rotation from 179.27515 to 179.23657
08-06 02:00:27.135 18522 18522 D CompassActivity: will set rotation from 179.23657 to 179.23755
08-06 02:00:27.158 18522 18522 D CompassActivity: will set rotation from 179.23755 to 179.25641
08-06 02:00:27.159 18522 18522 D CompassActivity: will set rotation from 179.25641 to 179.25659
08-06 02:00:27.166 18522 18540 I art     : Explicit concurrent mark sweep GC freed 2047(122KB) AllocSpace objects, 2(48KB) LOS objects, 6% free, 236MB/252MB, paused 1.289ms total 70.352ms
08-06 02:00:27.176 18522 18522 D CompassActivity: will set rotation from 179.25659 to 179.25562
08-06 02:00:27.177 18522 18522 D CompassActivity: will set rotation from 179.25562 to 179.25507
08-06 02:00:27.189 18522 18540 I art     : Starting a blocking GC Explicit
08-06 02:00:27.194 18522 18522 D CompassActivity: will set rotation from 179.25507 to 179.25299
08-06 02:00:27.194 18522 18522 D CompassActivity: will set rotation from 179.25299 to 179.25165
08-06 02:00:27.213 18522 18522 D CompassActivity: will set rotation from 179.25165 to 179.23358
08-06 02:00:27.213 18522 18522 D CompassActivity: will set rotation from 179.23358 to 179.23236
08-06 02:00:27.234 18522 18522 D CompassActivity: will set rotation from 179.23236 to 179.23541
08-06 02:00:27.234 18522 18522 D CompassActivity: will set rotation from 179.23541 to 179.2356
08-06 02:00:27.247 18522 18540 I art     : Explicit concurrent mark sweep GC freed 809(32KB) AllocSpace objects, 0(0B) LOS objects, 6% free, 236MB/252MB, paused 1.292ms total 57.966ms
08-06 02:00:27.254 18522 18522 D CompassActivity: will set rotation from 179.2356 to 179.219
08-06 02:00:27.255 18522 18522 D CompassActivity: will set rotation from 179.219 to 179.2196
08-06 02:00:27.269 18522 18540 I art     : Starting a blocking GC Explicit
08-06 02:00:27.275 18522 18522 D CompassActivity: will set rotation from 179.2196 to 179.22083
08-06 02:00:27.276 18522 18522 D CompassActivity: will set rotation from 179.22083 to 179.22101
08-06 02:00:27.294 18522 18522 D CompassActivity: will set rotation from 179.22101 to 179.20508
08-06 02:00:27.294 18522 18522 D CompassActivity: will set rotation from 179.20508 to 179.20532
08-06 02:00:27.314 18522 18522 D CompassActivity: will set rotation from 179.20532 to 179.19287
08-06 02:00:27.314 18522 18522 D CompassActivity: will set rotation from 179.19287 to 179.19397
08-06 02:00:27.333 18522 18540 I art     : Explicit concurrent mark sweep GC freed 227(10KB) AllocSpace objects, 0(0B) LOS objects, 6% free, 236MB/252MB, paused 1.427ms total 63.365ms
08-06 02:00:27.333 18522 18522 D CompassActivity: will set rotation from 179.19397 to 179.17847
08-06 02:00:27.334 18522 18522 D CompassActivity: will set rotation from 179.17847 to 179.17902
08-06 02:00:27.353 18522 18522 D CompassActivity: will set rotation from 179.17902 to 179.19733
08-06 02:00:27.354 18522 18522 D CompassActivity: will set rotation from 179.19733 to 179.19922
08-06 02:00:27.354 18522 18540 I art     : Starting a blocking GC Explicit
08-06 02:00:27.374 18522 18522 D CompassActivity: will set rotation from 179.19922 to 179.2024
08-06 02:00:27.375 18522 18522 D CompassActivity: will set rotation from 179.2024 to 179.20282
08-06 02:00:27.393 18522 18522 D CompassActivity: will set rotation from 179.20282 to 179.1903
08-06 02:00:27.393 18522 18522 D CompassActivity: will set rotation from 179.1903 to 179.18866
08-06 02:00:27.413 18522 18522 D CompassActivity: will set rotation from 179.18866 to 179.21045
08-06 02:00:27.413 18522 18522 D CompassActivity: will set rotation from 179.21045 to 179.20917
08-06 02:00:27.417 18522 18540 I art     : Explicit concurrent mark sweep GC freed 177(9KB) AllocSpace objects, 0(0B) LOS objects, 6% free, 236MB/252MB, paused 1.453ms total 62.600ms
08-06 02:00:27.434 18522 18522 D CompassActivity: will set rotation from 179.20917 to 179.19604
08-06 02:00:27.434 18522 18522 D CompassActivity: will set rotation from 179.19604 to 179.19684
08-06 02:00:27.438 18522 18540 I art     : Starting a blocking GC Explicit
08-06 02:00:27.453 18522 18522 D CompassActivity: will set rotation from 179.19684 to 179.2157
08-06 02:00:27.453 18522 18522 D CompassActivity: will set rotation from 179.2157 to 179.21704
08-06 02:00:27.477 18522 18522 D CompassActivity: will set rotation from 179.21704 to 179.25336
08-06 02:00:27.478 18522 18522 D CompassActivity: will set rotation from 179.25336 to 179.25244
08-06 02:00:27.493 18522 18522 D CompassActivity: will set rotation from 179.25244 to 179.25452
08-06 02:00:27.494 18522 18522 D CompassActivity: will set rotation from 179.25452 to 179.2544
08-06 02:00:27.501 18522 18540 I art     : Explicit concurrent mark sweep GC freed 201(9KB) AllocSpace objects, 0(0B) LOS objects, 6% free, 236MB/252MB, paused 1.402ms total 62.308ms
08-06 02:00:27.513 18522 18522 D CompassActivity: will set rotation from 179.2544 to 179.25342
08-06 02:00:27.514 18522 18522 D CompassActivity: will set rotation from 179.25342 to 179.2528
08-06 02:00:27.533 18522 18522 D CompassActivity: will set rotation from 179.2528 to 179.2558
08-06 02:00:27.533 18522 18522 D CompassActivity: will set rotation from 179.2558 to 179.25415
08-06 02:00:27.553 18522 18522 D CompassActivity: will set rotation from 179.25415 to 179.24152
08-06 02:00:27.553 18522 18522 D CompassActivity: will set rotation from 179.24152 to 179.24207
08-06 02:00:27.577 18522 18522 D CompassActivity: will set rotation from 179.24207 to 179.27661
08-06 02:00:27.577 18522 18522 D CompassActivity: will set rotation from 179.27661 to 179.27826
08-06 02:00:27.594 18522 18522 D CompassActivity: will set rotation from 179.27826 to 179.28027
08-06 02:00:27.594 18522 18522 D CompassActivity: will set rotation from 179.28027 to 179.27948
08-06 02:00:27.612 18522 18522 D CompassActivity: will set rotation from 179.27948 to 179.26422
08-06 02:00:27.612 18522 18522 D CompassActivity: will set rotation from 179.26422 to 179.2616
08-06 02:00:27.632 18522 18522 D CompassActivity: will set rotation from 179.2616 to 179.24585
08-06 02:00:27.633 18522 18522 D CompassActivity: will set rotation from 179.24585 to 179.24677
08-06 02:00:27.652 18522 18522 D CompassActivity: will set rotation from 179.24677 to 179.23285
08-06 02:00:27.652 18522 18522 D CompassActivity: will set rotation from 179.23285 to 179.23242
08-06 02:00:27.674 18522 18522 D CompassActivity: will set rotation from 179.23242 to 179.21814
08-06 02:00:27.675 18522 18522 D CompassActivity: will set rotation from 179.21814 to 179.21649
08-06 02:00:27.696 18522 18522 D CompassActivity: will set rotation from 179.21649 to 179.19995
08-06 02:00:27.697 18522 18522 D CompassActivity: will set rotation from 179.19995 to 179.19885
08-06 02:00:27.711 18522 18522 D CompassActivity: will set rotation from 179.19885 to 179.19989
08-06 02:00:27.712 18522 18522 D CompassActivity: will set rotation from 179.19989 to 179.2005
08-06 02:00:27.732 18522 18522 D CompassActivity: will set rotation from 179.2005 to 179.18524
08-06 02:00:27.732 18522 18522 D CompassActivity: will set rotation from 179.18524 to 179.18555
08-06 02:00:27.751 18522 18522 D CompassActivity: will set rotation from 179.18555 to 179.2044
08-06 02:00:27.751 18522 18522 D CompassActivity: will set rotation from 179.2044 to 179.20471
08-06 02:00:27.771 18522 18522 D CompassActivity: will set rotation from 179.20471 to 179.20557
08-06 02:00:27.772 18522 18522 D CompassActivity: will set rotation from 179.20557 to 179.20593
08-06 02:00:27.792 18522 18522 D CompassActivity: will set rotation from 179.20593 to 179.18903
08-06 02:00:27.792 18522 18522 D CompassActivity: will set rotation from 179.18903 to 179.1883
08-06 02:00:27.810 18522 18522 D CompassActivity: will set rotation from 179.1883 to 179.17432
08-06 02:00:27.811 18522 18522 D CompassActivity: will set rotation from 179.17432 to 179.17395
08-06 02:00:27.830 18522 18522 D CompassActivity: will set rotation from 179.17395 to 179.16016
08-06 02:00:27.831 18522 18522 D CompassActivity: will set rotation from 179.16016 to 179.16046
08-06 02:00:27.850 18522 18522 D CompassActivity: will set rotation from 179.16046 to 179.21191
08-06 02:00:27.851 18522 18522 D CompassActivity: will set rotation from 179.21191 to 179.2113
08-06 02:00:27.871 18522 18522 D CompassActivity: will set rotation from 179.2113 to 179.1958
08-06 02:00:27.871 18522 18522 D CompassActivity: will set rotation from 179.1958 to 179.19714
08-06 02:00:27.891 18522 18522 D CompassActivity: will set rotation from 179.19714 to 179.18378
08-06 02:00:27.892 18522 18522 D CompassActivity: will set rotation from 179.18378 to 179.18475
08-06 02:00:27.905 18522 18540 I art     : Starting a blocking GC Explicit
08-06 02:00:27.911 18522 18522 D CompassActivity: will set rotation from 179.18475 to 179.17151
08-06 02:00:27.911 18522 18522 D CompassActivity: will set rotation from 179.17151 to 179.17041
08-06 02:00:27.931 18522 18522 D CompassActivity: will set rotation from 179.17041 to 179.12665
08-06 02:00:27.932 18522 18522 D CompassActivity: will set rotation from 179.12665 to 179.12695
08-06 02:00:27.951 18522 18522 D CompassActivity: will set rotation from 179.12695 to 179.14648
08-06 02:00:27.951 18522 18522 D CompassActivity: will set rotation from 179.14648 to 179.14606
08-06 02:00:27.962 18522 18540 I art     : Explicit concurrent mark sweep GC freed 2024(120KB) AllocSpace objects, 2(48KB) LOS objects, 6% free, 236MB/252MB, paused 1.223ms total 56.929ms
08-06 02:00:27.971 18522 18522 D CompassActivity: will set rotation from 179.14606 to 179.13428
08-06 02:00:27.971 18522 18522 D CompassActivity: will set rotation from 179.13428 to 179.13428
08-06 02:00:27.982 18522 18540 I art     : Starting a blocking GC Explicit
08-06 02:00:27.993 18522 18522 D CompassActivity: will set rotation from 179.13428 to 179.12103
08-06 02:00:27.993 18522 18522 D CompassActivity: will set rotation from 179.12103 to 179.12042
08-06 02:00:28.010 18522 18522 D CompassActivity: will set rotation from 179.12042 to 179.14069
08-06 02:00:28.011 18522 18522 D CompassActivity: will set rotation from 179.14069 to 179.13898
08-06 02:00:28.030 18522 18522 D CompassActivity: will set rotation from 179.13898 to 179.14038
08-06 02:00:28.031 18522 18522 D CompassActivity: will set rotation from 179.14038 to 179.14014
08-06 02:00:28.039 18522 18540 I art     : Explicit concurrent mark sweep GC freed 751(29KB) AllocSpace objects, 0(0B) LOS objects, 6% free, 236MB/252MB, paused 1.486ms total 56.816ms
08-06 02:00:28.051 18522 18522 D CompassActivity: will set rotation from 179.14014 to 179.17444
08-06 02:00:28.052 18522 18522 D CompassActivity: will set rotation from 179.17444 to 179.17426
08-06 02:00:28.060 18522 18540 I art     : Starting a blocking GC Explicit
08-06 02:00:28.070 18522 18522 D CompassActivity: will set rotation from 179.17426 to 179.22247
08-06 02:00:28.071 18522 18522 D CompassActivity: will set rotation from 179.22247 to 179.22144
08-06 02:00:28.092 18522 18522 D CompassActivity: will set rotation from 179.22144 to 179.19159
08-06 02:00:28.092 18522 18522 D CompassActivity: will set rotation from 179.19159 to 179.19238
08-06 02:00:28.110 18522 18522 D CompassActivity: will set rotation from 179.19238 to 179.19452
08-06 02:00:28.111 18522 18522 D CompassActivity: will set rotation from 179.19452 to 179.195
08-06 02:00:28.117 18522 18540 I art     : Explicit concurrent mark sweep GC freed 175(8KB) AllocSpace objects, 0(0B) LOS objects, 6% free, 236MB/252MB, paused 1.356ms total 56.921ms
08-06 02:00:28.130 18522 18522 D CompassActivity: will set rotation from 179.195 to 179.16406
08-06 02:00:28.130 18522 18522 D CompassActivity: will set rotation from 179.16406 to 179.16449
08-06 02:00:28.137 18522 18540 I art     : Starting a blocking GC Explicit
08-06 02:00:28.141 20960 20960 D AndroidRuntime: >>>>>> START com.android.internal.os.RuntimeInit uid 2000 <<<<<<
08-06 02:00:28.146 20960 20960 D AndroidRuntime: CheckJNI is OFF
08-06 02:00:28.150 18522 18522 D CompassActivity: will set rotation from 179.16449 to 179.16803
08-06 02:00:28.151 18522 18522 D CompassActivity: will set rotation from 179.16803 to 179.16705
08-06 02:00:28.171 18522 18522 D CompassActivity: will set rotation from 179.16705 to 179.18488
08-06 02:00:28.172 18522 18522 D CompassActivity: will set rotation from 179.18488 to 179.18427
08-06 02:00:28.190 20960 20960 D ICU     : No timezone override file found: /data/misc/zoneinfo/current/icu/icu_tzdata.dat
08-06 02:00:28.194 18522 18540 I art     : Explicit concurrent mark sweep GC freed 161(7KB) AllocSpace objects, 0(0B) LOS objects, 6% free, 236MB/252MB, paused 1.290ms total 56.446ms
08-06 02:00:28.194 18522 18522 D CompassActivity: will set rotation from 179.18427 to 179.1701
08-06 02:00:28.195 18522 18522 D CompassActivity: will set rotation from 179.1701 to 179.16925
08-06 02:00:28.212 18522 18522 D CompassActivity: will set rotation from 179.16925 to 179.15656
08-06 02:00:28.212 18522 18522 D CompassActivity: will set rotation from 179.15656 to 179.15576
08-06 02:00:28.213 18522 18540 I art     : Starting a blocking GC Explicit
08-06 02:00:28.230 18522 18522 D CompassActivity: will set rotation from 179.15576 to 179.14319
08-06 02:00:28.230 18522 18522 D CompassActivity: will set rotation from 179.14319 to 179.14008
08-06 02:00:28.233 20960 20960 I Radio-JNI: register_android_hardware_Radio DONE
08-06 02:00:28.250 18522 18522 D CompassActivity: will set rotation from 179.14008 to 179.11194
08-06 02:00:28.251 18522 18522 D CompassActivity: will set rotation from 179.11194 to 179.11053
08-06 02:00:28.264 20960 20960 D AndroidRuntime: Calling main entry com.android.commands.input.Input
08-06 02:00:28.265 20960 20960 I Input   : injectKeyEvent: KeyEvent { action=ACTION_DOWN, keyCode=KEYCODE_BACK, scanCode=0, metaState=0, flags=0x0, repeatCount=0, eventTime=842444678, downTime=842444678, deviceId=-1, source=0x101 }
08-06 02:00:28.270 18522 18540 I art     : Explicit concurrent mark sweep GC freed 146(7KB) AllocSpace objects, 0(0B) LOS objects, 6% free, 236MB/252MB, paused 1.535ms total 56.234ms
08-06 02:00:28.271 18522 18522 D CompassActivity: will set rotation from 179.11053 to 179.12775
08-06 02:00:28.271 18522 18522 D CompassActivity: will set rotation from 179.12775 to 179.12903
08-06 02:00:28.278 20960 20960 I Input   : injectKeyEvent: KeyEvent { action=ACTION_UP, keyCode=KEYCODE_BACK, scanCode=0, metaState=0, flags=0x0, repeatCount=0, eventTime=842444678, downTime=842444678, deviceId=-1, source=0x101 }
08-06 02:00:28.284 20960 20960 D AndroidRuntime: Shutting down VM
08-06 02:00:28.291 18522 18522 D CompassActivity: will set rotation from 179.12903 to 179.1148
08-06 02:00:28.292 18522 18522 D CompassActivity: will set rotation from 179.1148 to 179.11438
08-06 02:00:28.294   918  3359 I sensors : activate
08-06 02:00:28.295   918  5952 I sensors : activate
08-06 02:00:28.299   918  3188 I hubconnection: sensorhub said: 'activate 1 enable:0'
08-06 02:00:28.301   918  3188 I hubconnection: sensorhub said: 'activate 3 enable:0'
08-06 02:00:28.323 18522 18522 V MainActivity: url = https://project-travel-mate.herokuapp.com/api/number-of-unread-notifications
08-06 02:00:28.424 13866 13866 I GoogleInputMethodServic: GoogleInputMethodService.onFinishInput():3138 
08-06 02:00:28.426 13866 13866 I GoogleInputMethodServic: GoogleInputMethodService.onStartInput():1808 
08-06 02:00:28.601   518   646 I ThermalEngine: ACTION: GPU - Setting GPU[0] to 390000000
08-06 02:00:28.666 18522 18796 I art     : Starting a blocking GC Explicit
08-06 02:00:28.689 18522 18522 D CompassActivity: stop compass
08-06 02:00:28.689   380   380 W SurfaceFlinger: couldn't log to binary event log: overflow.
08-06 02:00:28.731 18522 18796 I art     : Explicit concurrent mark sweep GC freed 2300(123KB) AllocSpace objects, 2(48KB) LOS objects, 6% free, 236MB/252MB, paused 1.879ms total 64.971ms
08-06 02:00:28.756 18522 18796 I art     : Starting a blocking GC Explicit
08-06 02:00:28.830 18522 18796 I art     : Explicit concurrent mark sweep GC freed 2758(139KB) AllocSpace objects, 3(200KB) LOS objects, 6% free, 237MB/253MB, paused 2.429ms total 73.446ms
08-06 02:00:28.847 18522 20983 I NAPPA_EXPERIMENTATION: MetricNetworkRequestExecutionTime: REQUEST_DURATION_SYSTEM='523',REQUEST_DURATION_OKHTTP='35',REQUEST_SYNCHRONOUS='FALSE',RESPONSE_CODE='200',RESPONSE_METHOD='GET',RESPONSE_LENGTH_OKHTTP='36',RESPONSE_LENGTH_HEADER='36',REQUEST_PROTOCOL='http/1.1',REQUEST_URL='https://project-travel-mate.herokuapp.com/api/number-of-unread-notifications',
08-06 02:00:28.855 18522 18796 I art     : Starting a blocking GC Explicit
08-06 02:00:28.945 18522 18796 I art     : Explicit concurrent mark sweep GC freed 2318(208KB) AllocSpace objects, 3(52MB) LOS objects, 7% free, 184MB/200MB, paused 1.968ms total 89.546ms
08-06 02:00:28.972 18522 18796 I art     : Starting a blocking GC Explicit
08-06 02:00:29.045 18522 18796 I art     : Explicit concurrent mark sweep GC freed 100(4KB) AllocSpace objects, 0(0B) LOS objects, 7% free, 184MB/200MB, paused 2.430ms total 72.779ms
08-06 02:00:29.076 18522 18796 I art     : Starting a blocking GC Explicit
08-06 02:00:29.149 18522 18796 I art     : Explicit concurrent mark sweep GC freed 13(624B) AllocSpace objects, 0(0B) LOS objects, 7% free, 184MB/200MB, paused 2.062ms total 72.073ms
08-06 02:00:29.621 18522 18535 I art     : Starting a blocking GC Explicit
08-06 02:00:29.701 18522 18535 I art     : Explicit concurrent mark sweep GC freed 1655(94KB) AllocSpace objects, 2(48KB) LOS objects, 7% free, 184MB/200MB, paused 2.096ms total 79.050ms
08-06 02:00:29.728 18522 18535 I art     : Starting a blocking GC Explicit
08-06 02:00:29.797 18522 18535 I art     : Explicit concurrent mark sweep GC freed 57(2256B) AllocSpace objects, 0(0B) LOS objects, 7% free, 184MB/200MB, paused 1.997ms total 68.437ms
08-06 02:00:29.823 18522 18535 I art     : Starting a blocking GC Explicit
08-06 02:00:29.892 18522 18535 I art     : Explicit concurrent mark sweep GC freed 3(96B) AllocSpace objects, 0(0B) LOS objects, 7% free, 184MB/200MB, paused 2.051ms total 69.431ms
08-06 02:00:29.918 18522 18535 I art     : Starting a blocking GC Explicit
08-06 02:00:29.993 18522 18535 I art     : Explicit concurrent mark sweep GC freed 5(160B) AllocSpace objects, 0(0B) LOS objects, 7% free, 184MB/200MB, paused 1.871ms total 74.453ms
08-06 02:00:30.019 18522 18535 I art     : Starting a blocking GC Explicit
08-06 02:00:30.083 18522 18535 I art     : Explicit concurrent mark sweep GC freed 12(384B) AllocSpace objects, 0(0B) LOS objects, 7% free, 184MB/200MB, paused 1.795ms total 63.750ms
08-06 02:00:30.183 21005 21005 D AndroidRuntime: >>>>>> START com.android.internal.os.RuntimeInit uid 2000 <<<<<<
08-06 02:00:30.190 21005 21005 D AndroidRuntime: CheckJNI is OFF
08-06 02:00:30.250 21005 21005 D ICU     : No timezone override file found: /data/misc/zoneinfo/current/icu/icu_tzdata.dat
08-06 02:00:30.295 21005 21005 I Radio-JNI: register_android_hardware_Radio DONE
08-06 02:00:30.328 21005 21005 D AndroidRuntime: Calling main entry com.android.commands.input.Input
08-06 02:00:30.330 21005 21005 I Input   : injectMotionEvent: MotionEvent { action=ACTION_DOWN, actionButton=0, id[0]=0, x[0]=500.0, y[0]=2000.0, toolType[0]=TOOL_TYPE_UNKNOWN, buttonState=0, metaState=0, flags=0x0, edgeFlags=0x0, pointerCount=1, historySize=0, eventTime=842446743, downTime=842446743, deviceId=0, source=0x1002 }
08-06 02:00:30.335 21005 21005 I Input   : injectMotionEvent: MotionEvent { action=ACTION_MOVE, actionButton=0, id[0]=0, x[0]=500.0, y[0]=2000.0, toolType[0]=TOOL_TYPE_UNKNOWN, buttonState=0, metaState=0, flags=0x0, edgeFlags=0x0, pointerCount=1, historySize=0, eventTime=842446743, downTime=842446743, deviceId=0, source=0x1002 }
08-06 02:00:30.342 21005 21005 I Input   : injectMotionEvent: MotionEvent { action=ACTION_MOVE, actionButton=0, id[0]=0, x[0]=500.0, y[0]=1977.2, toolType[0]=TOOL_TYPE_UNKNOWN, buttonState=0, metaState=0, flags=0x0, edgeFlags=0x0, pointerCount=1, historySize=0, eventTime=842446755, downTime=842446755, deviceId=0, source=0x1002 }
08-06 02:00:30.360 21005 21005 I Input   : injectMotionEvent: MotionEvent { action=ACTION_MOVE, actionButton=0, id[0]=0, x[0]=500.0, y[0]=1943.0, toolType[0]=TOOL_TYPE_UNKNOWN, buttonState=0, metaState=0, flags=0x0, edgeFlags=0x0, pointerCount=1, historySize=0, eventTime=842446773, downTime=842446773, deviceId=0, source=0x1002 }
08-06 02:00:30.386 21005 21005 I Input   : injectMotionEvent: MotionEvent { action=ACTION_MOVE, actionButton=0, id[0]=0, x[0]=500.0, y[0]=1891.7, toolType[0]=TOOL_TYPE_UNKNOWN, buttonState=0, metaState=0, flags=0x0, edgeFlags=0x0, pointerCount=1, historySize=0, eventTime=842446800, downTime=842446800, deviceId=0, source=0x1002 }
08-06 02:00:30.413 21005 21005 I Input   : injectMotionEvent: MotionEvent { action=ACTION_MOVE, actionButton=0, id[0]=0, x[0]=500.0, y[0]=1842.3, toolType[0]=TOOL_TYPE_UNKNOWN, buttonState=0, metaState=0, flags=0x0, edgeFlags=0x0, pointerCount=1, historySize=0, eventTime=842446826, downTime=842446826, deviceId=0, source=0x1002 }
08-06 02:00:30.429 21005 21005 I Input   : injectMotionEvent: MotionEvent { action=ACTION_MOVE, actionButton=0, id[0]=0, x[0]=500.0, y[0]=1813.8, toolType[0]=TOOL_TYPE_UNKNOWN, buttonState=0, metaState=0, flags=0x0, edgeFlags=0x0, pointerCount=1, historySize=0, eventTime=842446841, downTime=842446841, deviceId=0, source=0x1002 }
08-06 02:00:30.447 21005 21005 I Input   : injectMotionEvent: MotionEvent { action=ACTION_MOVE, actionButton=0, id[0]=0, x[0]=500.0, y[0]=1781.5, toolType[0]=TOOL_TYPE_UNKNOWN, buttonState=0, metaState=0, flags=0x0, edgeFlags=0x0, pointerCount=1, historySize=0, eventTime=842446858, downTime=842446858, deviceId=0, source=0x1002 }
08-06 02:00:30.462 21005 21005 I Input   : injectMotionEvent: MotionEvent { action=ACTION_MOVE, actionButton=0, id[0]=0, x[0]=500.0, y[0]=1749.2, toolType[0]=TOOL_TYPE_UNKNOWN, buttonState=0, metaState=0, flags=0x0, edgeFlags=0x0, pointerCount=1, historySize=0, eventTime=842446875, downTime=842446875, deviceId=0, source=0x1002 }
08-06 02:00:30.478 21005 21005 I Input   : injectMotionEvent: MotionEvent { action=ACTION_MOVE, actionButton=0, id[0]=0, x[0]=500.0, y[0]=1718.8, toolType[0]=TOOL_TYPE_UNKNOWN, buttonState=0, metaState=0, flags=0x0, edgeFlags=0x0, pointerCount=1, historySize=0, eventTime=842446891, downTime=842446891, deviceId=0, source=0x1002 }
08-06 02:00:30.501 21005 21005 I Input   : injectMotionEvent: MotionEvent { action=ACTION_MOVE, actionButton=0, id[0]=0, x[0]=500.0, y[0]=1675.1, toolType[0]=TOOL_TYPE_UNKNOWN, buttonState=0, metaState=0, flags=0x0, edgeFlags=0x0, pointerCount=1, historySize=0, eventTime=842446914, downTime=842446914, deviceId=0, source=0x1002 }
08-06 02:00:30.519 21005 21005 I Input   : injectMotionEvent: MotionEvent { action=ACTION_MOVE, actionButton=0, id[0]=0, x[0]=500.0, y[0]=1640.9, toolType[0]=TOOL_TYPE_UNKNOWN, buttonState=0, metaState=0, flags=0x0, edgeFlags=0x0, pointerCount=1, historySize=0, eventTime=842446932, downTime=842446932, deviceId=0, source=0x1002 }
08-06 02:00:30.528 21005 21005 I Input   : injectMotionEvent: MotionEvent { action=ACTION_MOVE, actionButton=0, id[0]=0, x[0]=500.0, y[0]=1623.8, toolType[0]=TOOL_TYPE_UNKNOWN, buttonState=0, metaState=0, flags=0x0, edgeFlags=0x0, pointerCount=1, historySize=0, eventTime=842446941, downTime=842446941, deviceId=0, source=0x1002 }
08-06 02:00:30.543 21005 21005 I Input   : injectMotionEvent: MotionEvent { action=ACTION_MOVE, actionButton=0, id[0]=0, x[0]=500.0, y[0]=1595.3, toolType[0]=TOOL_TYPE_UNKNOWN, buttonState=0, metaState=0, flags=0x0, edgeFlags=0x0, pointerCount=1, historySize=0, eventTime=842446956, downTime=842446956, deviceId=0, source=0x1002 }
08-06 02:00:30.561 21005 21005 I Input   : injectMotionEvent: MotionEvent { action=ACTION_MOVE, actionButton=0, id[0]=0, x[0]=500.0, y[0]=1561.1, toolType[0]=TOOL_TYPE_UNKNOWN, buttonState=0, metaState=0, flags=0x0, edgeFlags=0x0, pointerCount=1, historySize=0, eventTime=842446974, downTime=842446974, deviceId=0, source=0x1002 }
08-06 02:00:30.574 18522 18534 I art     : Starting a blocking GC Explicit
08-06 02:00:30.580 21005 21005 I Input   : injectMotionEvent: MotionEvent { action=ACTION_MOVE, actionButton=0, id[0]=0, x[0]=500.0, y[0]=1525.0, toolType[0]=TOOL_TYPE_UNKNOWN, buttonState=0, metaState=0, flags=0x0, edgeFlags=0x0, pointerCount=1, historySize=0, eventTime=842446993, downTime=842446993, deviceId=0, source=0x1002 }
08-06 02:00:30.600 21005 21005 I Input   : injectMotionEvent: MotionEvent { action=ACTION_MOVE, actionButton=0, id[0]=0, x[0]=500.0, y[0]=1488.9, toolType[0]=TOOL_TYPE_UNKNOWN, buttonState=0, metaState=0, flags=0x0, edgeFlags=0x0, pointerCount=1, historySize=0, eventTime=842447012, downTime=842447012, deviceId=0, source=0x1002 }
08-06 02:00:30.614 21005 21005 I Input   : injectMotionEvent: MotionEvent { action=ACTION_MOVE, actionButton=0, id[0]=0, x[0]=500.0, y[0]=1460.3999, toolType[0]=TOOL_TYPE_UNKNOWN, buttonState=0, metaState=0, flags=0x0, edgeFlags=0x0, pointerCount=1, historySize=0, eventTime=842447027, downTime=842447027, deviceId=0, source=0x1002 }
08-06 02:00:30.630 21005 21005 I Input   : injectMotionEvent: MotionEvent { action=ACTION_MOVE, actionButton=0, id[0]=0, x[0]=500.0, y[0]=1430.0, toolType[0]=TOOL_TYPE_UNKNOWN, buttonState=0, metaState=0, flags=0x0, edgeFlags=0x0, pointerCount=1, historySize=0, eventTime=842447043, downTime=842447043, deviceId=0, source=0x1002 }
08-06 02:00:30.645 21005 21005 I Input   : injectMotionEvent: MotionEvent { action=ACTION_MOVE, actionButton=0, id[0]=0, x[0]=500.0, y[0]=1401.5, toolType[0]=TOOL_TYPE_UNKNOWN, buttonState=0, metaState=0, flags=0x0, edgeFlags=0x0, pointerCount=1, historySize=0, eventTime=842447058, downTime=842447058, deviceId=0, source=0x1002 }
08-06 02:00:30.665 21005 21005 I Input   : injectMotionEvent: MotionEvent { action=ACTION_MOVE, actionButton=0, id[0]=0, x[0]=500.0, y[0]=1363.5, toolType[0]=TOOL_TYPE_UNKNOWN, buttonState=0, metaState=0, flags=0x0, edgeFlags=0x0, pointerCount=1, historySize=0, eventTime=842447078, downTime=842447078, deviceId=0, source=0x1002 }
08-06 02:00:30.673 18522 18534 I art     : Explicit concurrent mark sweep GC freed 1703(95KB) AllocSpace objects, 2(48KB) LOS objects, 7% free, 184MB/200MB, paused 3.848ms total 99.204ms
08-06 02:00:30.682 21005 21005 I Input   : injectMotionEvent: MotionEvent { action=ACTION_MOVE, actionButton=0, id[0]=0, x[0]=500.0, y[0]=1329.3, toolType[0]=TOOL_TYPE_UNKNOWN, buttonState=0, metaState=0, flags=0x0, edgeFlags=0x0, pointerCount=1, historySize=0, eventTime=842447096, downTime=842447096, deviceId=0, source=0x1002 }
08-06 02:00:30.697 21005 21005 I Input   : injectMotionEvent: MotionEvent { action=ACTION_MOVE, actionButton=0, id[0]=0, x[0]=500.0, y[0]=1302.7, toolType[0]=TOOL_TYPE_UNKNOWN, buttonState=0, metaState=0, flags=0x0, edgeFlags=0x0, pointerCount=1, historySize=0, eventTime=842447110, downTime=842447110, deviceId=0, source=0x1002 }
08-06 02:00:30.709 18522 18534 I art     : Starting a blocking GC Explicit
08-06 02:00:30.714 21005 21005 I Input   : injectMotionEvent: MotionEvent { action=ACTION_MOVE, actionButton=0, id[0]=0, x[0]=500.0, y[0]=1268.5, toolType[0]=TOOL_TYPE_UNKNOWN, buttonState=0, metaState=0, flags=0x0, edgeFlags=0x0, pointerCount=1, historySize=0, eventTime=842447128, downTime=842447128, deviceId=0, source=0x1002 }
08-06 02:00:30.731 21005 21005 I Input   : injectMotionEvent: MotionEvent { action=ACTION_MOVE, actionButton=0, id[0]=0, x[0]=500.0, y[0]=1238.1001, toolType[0]=TOOL_TYPE_UNKNOWN, buttonState=0, metaState=0, flags=0x0, edgeFlags=0x0, pointerCount=1, historySize=0, eventTime=842447144, downTime=842447144, deviceId=0, source=0x1002 }
08-06 02:00:30.748 21005 21005 I Input   : injectMotionEvent: MotionEvent { action=ACTION_MOVE, actionButton=0, id[0]=0, x[0]=500.0, y[0]=1205.8, toolType[0]=TOOL_TYPE_UNKNOWN, buttonState=0, metaState=0, flags=0x0, edgeFlags=0x0, pointerCount=1, historySize=0, eventTime=842447161, downTime=842447161, deviceId=0, source=0x1002 }
08-06 02:00:30.784 18522 18534 I art     : Explicit concurrent mark sweep GC freed 55(2192B) AllocSpace objects, 0(0B) LOS objects, 7% free, 184MB/200MB, paused 1.877ms total 74.898ms
08-06 02:00:30.813 18522 18534 I art     : Starting a blocking GC Explicit
08-06 02:00:30.818 21005 21005 I Input   : injectMotionEvent: MotionEvent { action=ACTION_MOVE, actionButton=0, id[0]=0, x[0]=500.0, y[0]=1072.8, toolType[0]=TOOL_TYPE_UNKNOWN, buttonState=0, metaState=0, flags=0x0, edgeFlags=0x0, pointerCount=1, historySize=0, eventTime=842447231, downTime=842447231, deviceId=0, source=0x1002 }
08-06 02:00:30.876 18522 18534 I art     : Explicit concurrent mark sweep GC freed 4(128B) AllocSpace objects, 0(0B) LOS objects, 7% free, 184MB/200MB, paused 1.868ms total 62.513ms
08-06 02:00:30.883 21005 21005 I Input   : injectMotionEvent: MotionEvent { action=ACTION_MOVE, actionButton=0, id[0]=0, x[0]=500.0, y[0]=949.30005, toolType[0]=TOOL_TYPE_UNKNOWN, buttonState=0, metaState=0, flags=0x0, edgeFlags=0x0, pointerCount=1, historySize=0, eventTime=842447296, downTime=842447296, deviceId=0, source=0x1002 }
08-06 02:00:30.900 18522 18534 I art     : Starting a blocking GC Explicit
08-06 02:00:30.949 21005 21005 I Input   : injectMotionEvent: MotionEvent { action=ACTION_MOVE, actionButton=0, id[0]=0, x[0]=500.0, y[0]=822.0, toolType[0]=TOOL_TYPE_UNKNOWN, buttonState=0, metaState=0, flags=0x0, edgeFlags=0x0, pointerCount=1, historySize=0, eventTime=842447363, downTime=842447363, deviceId=0, source=0x1002 }
08-06 02:00:30.962 18522 18534 I art     : Explicit concurrent mark sweep GC freed 3(96B) AllocSpace objects, 0(0B) LOS objects, 7% free, 184MB/200MB, paused 1.793ms total 61.906ms
08-06 02:00:30.985 18522 18534 I art     : Starting a blocking GC Explicit
08-06 02:00:31.016 21005 21005 I Input   : injectMotionEvent: MotionEvent { action=ACTION_MOVE, actionButton=0, id[0]=0, x[0]=500.0, y[0]=696.6, toolType[0]=TOOL_TYPE_UNKNOWN, buttonState=0, metaState=0, flags=0x0, edgeFlags=0x0, pointerCount=1, historySize=0, eventTime=842447429, downTime=842447429, deviceId=0, source=0x1002 }
08-06 02:00:31.049 18522 18534 I art     : Explicit concurrent mark sweep GC freed 3(96B) AllocSpace objects, 0(0B) LOS objects, 7% free, 184MB/200MB, paused 2.159ms total 62.931ms
08-06 02:00:31.083 21005 21005 I Input   : injectMotionEvent: MotionEvent { action=ACTION_MOVE, actionButton=0, id[0]=0, x[0]=500.0, y[0]=569.2999, toolType[0]=TOOL_TYPE_UNKNOWN, buttonState=0, metaState=0, flags=0x0, edgeFlags=0x0, pointerCount=1, historySize=0, eventTime=842447496, downTime=842447496, deviceId=0, source=0x1002 }
08-06 02:00:31.151 21005 21005 I Input   : injectMotionEvent: MotionEvent { action=ACTION_MOVE, actionButton=0, id[0]=0, x[0]=500.0, y[0]=440.1001, toolType[0]=TOOL_TYPE_UNKNOWN, buttonState=0, metaState=0, flags=0x0, edgeFlags=0x0, pointerCount=1, historySize=0, eventTime=842447564, downTime=842447564, deviceId=0, source=0x1002 }
08-06 02:00:31.217 21005 21005 I Input   : injectMotionEvent: MotionEvent { action=ACTION_MOVE, actionButton=0, id[0]=0, x[0]=500.0, y[0]=314.69995, toolType[0]=TOOL_TYPE_UNKNOWN, buttonState=0, metaState=0, flags=0x0, edgeFlags=0x0, pointerCount=1, historySize=0, eventTime=842447630, downTime=842447630, deviceId=0, source=0x1002 }
08-06 02:00:31.301 21005 21005 I Input   : injectMotionEvent: MotionEvent { action=ACTION_MOVE, actionButton=0, id[0]=0, x[0]=500.0, y[0]=155.09998, toolType[0]=TOOL_TYPE_UNKNOWN, buttonState=0, metaState=0, flags=0x0, edgeFlags=0x0, pointerCount=1, historySize=0, eventTime=842447714, downTime=842447714, deviceId=0, source=0x1002 }
08-06 02:00:31.341 21005 21005 I Input   : injectMotionEvent: MotionEvent { action=ACTION_UP, actionButton=0, id[0]=0, x[0]=500.0, y[0]=100.0, toolType[0]=TOOL_TYPE_UNKNOWN, buttonState=0, metaState=0, flags=0x0, edgeFlags=0x0, pointerCount=1, historySize=0, eventTime=842447754, downTime=842447754, deviceId=0, source=0x1002 }
08-06 02:00:31.377 21005 21005 D AndroidRuntime: Shutting down VM
08-06 02:00:31.504 18522 18534 I art     : Starting a blocking GC Explicit
08-06 02:00:31.581 18522 18534 I art     : Explicit concurrent mark sweep GC freed 1635(93KB) AllocSpace objects, 2(48KB) LOS objects, 7% free, 184MB/200MB, paused 2.792ms total 76.758ms
08-06 02:00:31.609 18522 18534 I art     : Starting a blocking GC Explicit
08-06 02:00:31.676 18522 18534 I art     : Explicit concurrent mark sweep GC freed 28(1024B) AllocSpace objects, 0(0B) LOS objects, 7% free, 184MB/200MB, paused 2.015ms total 67.094ms
08-06 02:00:31.702 18522 18534 I art     : Starting a blocking GC Explicit
08-06 02:00:31.770 18522 18534 I art     : Explicit concurrent mark sweep GC freed 4(128B) AllocSpace objects, 0(0B) LOS objects, 7% free, 184MB/200MB, paused 1.810ms total 67.358ms
08-06 02:00:31.793 18522 18534 I art     : Starting a blocking GC Explicit
08-06 02:00:31.855 18522 18534 I art     : Explicit concurrent mark sweep GC freed 8(256B) AllocSpace objects, 0(0B) LOS objects, 7% free, 184MB/200MB, paused 1.781ms total 61.412ms
08-06 02:00:31.881 18522 18534 I art     : Starting a blocking GC Explicit
08-06 02:00:31.959 18522 18534 I art     : Explicit concurrent mark sweep GC freed 7(224B) AllocSpace objects, 0(0B) LOS objects, 7% free, 184MB/200MB, paused 1.941ms total 77.246ms
08-06 02:00:32.263 21044 21044 D AndroidRuntime: >>>>>> START com.android.internal.os.RuntimeInit uid 2000 <<<<<<
08-06 02:00:32.271 21044 21044 D AndroidRuntime: CheckJNI is OFF
08-06 02:00:32.329 21044 21044 D ICU     : No timezone override file found: /data/misc/zoneinfo/current/icu/icu_tzdata.dat
08-06 02:00:32.378 21044 21044 I Radio-JNI: register_android_hardware_Radio DONE
08-06 02:00:32.407 18522 18534 I art     : Starting a blocking GC Explicit
08-06 02:00:32.414 21044 21044 D AndroidRuntime: Calling main entry com.android.commands.input.Input
08-06 02:00:32.419 21044 21044 I Input   : injectMotionEvent: MotionEvent { action=ACTION_DOWN, actionButton=0, id[0]=0, x[0]=500.0, y[0]=2000.0, toolType[0]=TOOL_TYPE_UNKNOWN, buttonState=0, metaState=0, flags=0x0, edgeFlags=0x0, pointerCount=1, historySize=0, eventTime=842448830, downTime=842448830, deviceId=0, source=0x1002 }
08-06 02:00:32.424 21044 21044 I Input   : injectMotionEvent: MotionEvent { action=ACTION_MOVE, actionButton=0, id[0]=0, x[0]=500.0, y[0]=2000.0, toolType[0]=TOOL_TYPE_UNKNOWN, buttonState=0, metaState=0, flags=0x0, edgeFlags=0x0, pointerCount=1, historySize=0, eventTime=842448830, downTime=842448830, deviceId=0, source=0x1002 }
08-06 02:00:32.427 21044 21044 I Input   : injectMotionEvent: MotionEvent { action=ACTION_MOVE, actionButton=0, id[0]=0, x[0]=500.0, y[0]=1979.1, toolType[0]=TOOL_TYPE_UNKNOWN, buttonState=0, metaState=0, flags=0x0, edgeFlags=0x0, pointerCount=1, historySize=0, eventTime=842448841, downTime=842448841, deviceId=0, source=0x1002 }
08-06 02:00:32.447 21044 21044 I Input   : injectMotionEvent: MotionEvent { action=ACTION_MOVE, actionButton=0, id[0]=0, x[0]=500.0, y[0]=1943.0, toolType[0]=TOOL_TYPE_UNKNOWN, buttonState=0, metaState=0, flags=0x0, edgeFlags=0x0, pointerCount=1, historySize=0, eventTime=842448860, downTime=842448860, deviceId=0, source=0x1002 }
08-06 02:00:32.463 21044 21044 I Input   : injectMotionEvent: MotionEvent { action=ACTION_MOVE, actionButton=0, id[0]=0, x[0]=500.0, y[0]=1912.6, toolType[0]=TOOL_TYPE_UNKNOWN, buttonState=0, metaState=0, flags=0x0, edgeFlags=0x0, pointerCount=1, historySize=0, eventTime=842448876, downTime=842448876, deviceId=0, source=0x1002 }
08-06 02:00:32.487 18522 18534 I art     : Explicit concurrent mark sweep GC freed 1647(94KB) AllocSpace objects, 2(48KB) LOS objects, 7% free, 184MB/200MB, paused 2.470ms total 79.620ms
08-06 02:00:32.510 21044 21044 I Input   : injectMotionEvent: MotionEvent { action=ACTION_MOVE, actionButton=0, id[0]=0, x[0]=500.0, y[0]=1823.3, toolType[0]=TOOL_TYPE_UNKNOWN, buttonState=0, metaState=0, flags=0x0, edgeFlags=0x0, pointerCount=1, historySize=0, eventTime=842448923, downTime=842448923, deviceId=0, source=0x1002 }
08-06 02:00:32.514 18522 18534 I art     : Starting a blocking GC Explicit
08-06 02:00:32.550 21044 21044 I Input   : injectMotionEvent: MotionEvent { action=ACTION_MOVE, actionButton=0, id[0]=0, x[0]=500.0, y[0]=1747.3, toolType[0]=TOOL_TYPE_UNKNOWN, buttonState=0, metaState=0, flags=0x0, edgeFlags=0x0, pointerCount=1, historySize=0, eventTime=842448963, downTime=842448963, deviceId=0, source=0x1002 }
08-06 02:00:32.578 18522 18534 I art     : Explicit concurrent mark sweep GC freed 49(1920B) AllocSpace objects, 0(0B) LOS objects, 7% free, 184MB/200MB, paused 1.837ms total 63.119ms
08-06 02:00:32.587 21044 21044 I Input   : injectMotionEvent: MotionEvent { action=ACTION_MOVE, actionButton=0, id[0]=0, x[0]=500.0, y[0]=1677.0, toolType[0]=TOOL_TYPE_UNKNOWN, buttonState=0, metaState=0, flags=0x0, edgeFlags=0x0, pointerCount=1, historySize=0, eventTime=842449000, downTime=842449000, deviceId=0, source=0x1002 }
08-06 02:00:32.602 18522 18534 I art     : Starting a blocking GC Explicit
08-06 02:00:32.624 21044 21044 I Input   : injectMotionEvent: MotionEvent { action=ACTION_MOVE, actionButton=0, id[0]=0, x[0]=500.0, y[0]=1606.7, toolType[0]=TOOL_TYPE_UNKNOWN, buttonState=0, metaState=0, flags=0x0, edgeFlags=0x0, pointerCount=1, historySize=0, eventTime=842449037, downTime=842449037, deviceId=0, source=0x1002 }
08-06 02:00:32.662 21044 21044 I Input   : injectMotionEvent: MotionEvent { action=ACTION_MOVE, actionButton=0, id[0]=0, x[0]=500.0, y[0]=1532.6, toolType[0]=TOOL_TYPE_UNKNOWN, buttonState=0, metaState=0, flags=0x0, edgeFlags=0x0, pointerCount=1, historySize=0, eventTime=842449076, downTime=842449076, deviceId=0, source=0x1002 }
08-06 02:00:32.667 18522 18534 I art     : Explicit concurrent mark sweep GC freed 15(480B) AllocSpace objects, 0(0B) LOS objects, 7% free, 184MB/200MB, paused 2.072ms total 65.207ms
08-06 02:00:32.690 18522 18534 I art     : Starting a blocking GC Explicit
08-06 02:00:32.702 21044 21044 I Input   : injectMotionEvent: MotionEvent { action=ACTION_MOVE, actionButton=0, id[0]=0, x[0]=500.0, y[0]=1458.5, toolType[0]=TOOL_TYPE_UNKNOWN, buttonState=0, metaState=0, flags=0x0, edgeFlags=0x0, pointerCount=1, historySize=0, eventTime=842449115, downTime=842449115, deviceId=0, source=0x1002 }
08-06 02:00:32.739 21044 21044 I Input   : injectMotionEvent: MotionEvent { action=ACTION_MOVE, actionButton=0, id[0]=0, x[0]=500.0, y[0]=1388.2, toolType[0]=TOOL_TYPE_UNKNOWN, buttonState=0, metaState=0, flags=0x0, edgeFlags=0x0, pointerCount=1, historySize=0, eventTime=842449152, downTime=842449152, deviceId=0, source=0x1002 }
08-06 02:00:32.758 18522 18534 I art     : Explicit concurrent mark sweep GC freed 19(880B) AllocSpace objects, 0(0B) LOS objects, 7% free, 184MB/200MB, paused 1.887ms total 67.242ms
08-06 02:00:32.781 21044 21044 I Input   : injectMotionEvent: MotionEvent { action=ACTION_MOVE, actionButton=0, id[0]=0, x[0]=500.0, y[0]=1308.4, toolType[0]=TOOL_TYPE_UNKNOWN, buttonState=0, metaState=0, flags=0x0, edgeFlags=0x0, pointerCount=1, historySize=0, eventTime=842449194, downTime=842449194, deviceId=0, source=0x1002 }
08-06 02:00:32.784 18522 18534 I art     : Starting a blocking GC Explicit
08-06 02:00:32.818 21044 21044 I Input   : injectMotionEvent: MotionEvent { action=ACTION_MOVE, actionButton=0, id[0]=0, x[0]=500.0, y[0]=1238.1001, toolType[0]=TOOL_TYPE_UNKNOWN, buttonState=0, metaState=0, flags=0x0, edgeFlags=0x0, pointerCount=1, historySize=0, eventTime=842449231, downTime=842449231, deviceId=0, source=0x1002 }
08-06 02:00:32.849 18522 18534 I art     : Explicit concurrent mark sweep GC freed 17(768B) AllocSpace objects, 0(0B) LOS objects, 7% free, 184MB/200MB, paused 1.995ms total 63.788ms
08-06 02:00:32.857 21044 21044 I Input   : injectMotionEvent: MotionEvent { action=ACTION_MOVE, actionButton=0, id[0]=0, x[0]=500.0, y[0]=1164.0, toolType[0]=TOOL_TYPE_UNKNOWN, buttonState=0, metaState=0, flags=0x0, edgeFlags=0x0, pointerCount=1, historySize=0, eventTime=842449270, downTime=842449270, deviceId=0, source=0x1002 }
08-06 02:00:32.897 21044 21044 I Input   : injectMotionEvent: MotionEvent { action=ACTION_MOVE, actionButton=0, id[0]=0, x[0]=500.0, y[0]=1088.0, toolType[0]=TOOL_TYPE_UNKNOWN, buttonState=0, metaState=0, flags=0x0, edgeFlags=0x0, pointerCount=1, historySize=0, eventTime=842449310, downTime=842449310, deviceId=0, source=0x1002 }
08-06 02:00:32.936 21044 21044 I Input   : injectMotionEvent: MotionEvent { action=ACTION_MOVE, actionButton=0, id[0]=0, x[0]=500.0, y[0]=1012.00006, toolType[0]=TOOL_TYPE_UNKNOWN, buttonState=0, metaState=0, flags=0x0, edgeFlags=0x0, pointerCount=1, historySize=0, eventTime=842449350, downTime=842449350, deviceId=0, source=0x1002 }
08-06 02:00:32.975 21044 21044 I Input   : injectMotionEvent: MotionEvent { action=ACTION_MOVE, actionButton=0, id[0]=0, x[0]=500.0, y[0]=939.7999, toolType[0]=TOOL_TYPE_UNKNOWN, buttonState=0, metaState=0, flags=0x0, edgeFlags=0x0, pointerCount=1, historySize=0, eventTime=842449388, downTime=842449388, deviceId=0, source=0x1002 }
08-06 02:00:33.011 21044 21044 I Input   : injectMotionEvent: MotionEvent { action=ACTION_MOVE, actionButton=0, id[0]=0, x[0]=500.0, y[0]=869.5, toolType[0]=TOOL_TYPE_UNKNOWN, buttonState=0, metaState=0, flags=0x0, edgeFlags=0x0, pointerCount=1, historySize=0, eventTime=842449425, downTime=842449425, deviceId=0, source=0x1002 }
08-06 02:00:33.049 21044 21044 I Input   : injectMotionEvent: MotionEvent { action=ACTION_MOVE, actionButton=0, id[0]=0, x[0]=500.0, y[0]=799.19995, toolType[0]=TOOL_TYPE_UNKNOWN, buttonState=0, metaState=0, flags=0x0, edgeFlags=0x0, pointerCount=1, historySize=0, eventTime=842449462, downTime=842449462, deviceId=0, source=0x1002 }
08-06 02:00:33.089 21044 21044 I Input   : injectMotionEvent: MotionEvent { action=ACTION_MOVE, actionButton=0, id[0]=0, x[0]=500.0, y[0]=721.30005, toolType[0]=TOOL_TYPE_UNKNOWN, buttonState=0, metaState=0, flags=0x0, edgeFlags=0x0, pointerCount=1, historySize=0, eventTime=842449503, downTime=842449503, deviceId=0, source=0x1002 }
08-06 02:00:33.135 21044 21044 I Input   : injectMotionEvent: MotionEvent { action=ACTION_MOVE, actionButton=0, id[0]=0, x[0]=500.0, y[0]=635.80005, toolType[0]=TOOL_TYPE_UNKNOWN, buttonState=0, metaState=0, flags=0x0, edgeFlags=0x0, pointerCount=1, historySize=0, eventTime=842449548, downTime=842449548, deviceId=0, source=0x1002 }
08-06 02:00:33.173 21044 21044 I Input   : injectMotionEvent: MotionEvent { action=ACTION_MOVE, actionButton=0, id[0]=0, x[0]=500.0, y[0]=563.6, toolType[0]=TOOL_TYPE_UNKNOWN, buttonState=0, metaState=0, flags=0x0, edgeFlags=0x0, pointerCount=1, historySize=0, eventTime=842449586, downTime=842449586, deviceId=0, source=0x1002 }
08-06 02:00:33.211 21044 21044 I Input   : injectMotionEvent: MotionEvent { action=ACTION_MOVE, actionButton=0, id[0]=0, x[0]=500.0, y[0]=491.3999, toolType[0]=TOOL_TYPE_UNKNOWN, buttonState=0, metaState=0, flags=0x0, edgeFlags=0x0, pointerCount=1, historySize=0, eventTime=842449624, downTime=842449624, deviceId=0, source=0x1002 }
08-06 02:00:33.250 21044 21044 I Input   : injectMotionEvent: MotionEvent { action=ACTION_MOVE, actionButton=0, id[0]=0, x[0]=500.0, y[0]=417.30005, toolType[0]=TOOL_TYPE_UNKNOWN, buttonState=0, metaState=0, flags=0x0, edgeFlags=0x0, pointerCount=1, historySize=0, eventTime=842449663, downTime=842449663, deviceId=0, source=0x1002 }
08-06 02:00:33.289 21044 21044 I Input   : injectMotionEvent: MotionEvent { action=ACTION_MOVE, actionButton=0, id[0]=0, x[0]=500.0, y[0]=345.09998, toolType[0]=TOOL_TYPE_UNKNOWN, buttonState=0, metaState=0, flags=0x0, edgeFlags=0x0, pointerCount=1, historySize=0, eventTime=842449701, downTime=842449701, deviceId=0, source=0x1002 }
08-06 02:00:33.307 18522 18540 I art     : Starting a blocking GC Explicit
08-06 02:00:33.327 21044 21044 I Input   : injectMotionEvent: MotionEvent { action=ACTION_MOVE, actionButton=0, id[0]=0, x[0]=500.0, y[0]=271.0, toolType[0]=TOOL_TYPE_UNKNOWN, buttonState=0, metaState=0, flags=0x0, edgeFlags=0x0, pointerCount=1, historySize=0, eventTime=842449740, downTime=842449740, deviceId=0, source=0x1002 }
08-06 02:00:33.369 21044 21044 I Input   : injectMotionEvent: MotionEvent { action=ACTION_MOVE, actionButton=0, id[0]=0, x[0]=500.0, y[0]=191.19995, toolType[0]=TOOL_TYPE_UNKNOWN, buttonState=0, metaState=0, flags=0x0, edgeFlags=0x0, pointerCount=1, historySize=0, eventTime=842449782, downTime=842449782, deviceId=0, source=0x1002 }
08-06 02:00:33.371 18522 18540 I art     : Explicit concurrent mark sweep GC freed 1665(94KB) AllocSpace objects, 2(48KB) LOS objects, 7% free, 184MB/200MB, paused 2.178ms total 63.534ms
08-06 02:00:33.394 18522 18540 I art     : Starting a blocking GC Explicit
08-06 02:00:33.406 21044 21044 I Input   : injectMotionEvent: MotionEvent { action=ACTION_MOVE, actionButton=0, id[0]=0, x[0]=500.0, y[0]=120.8999, toolType[0]=TOOL_TYPE_UNKNOWN, buttonState=0, metaState=0, flags=0x0, edgeFlags=0x0, pointerCount=1, historySize=0, eventTime=842449819, downTime=842449819, deviceId=0, source=0x1002 }
08-06 02:00:33.442 21044 21044 I Input   : injectMotionEvent: MotionEvent { action=ACTION_UP, actionButton=0, id[0]=0, x[0]=500.0, y[0]=100.0, toolType[0]=TOOL_TYPE_UNKNOWN, buttonState=0, metaState=0, flags=0x0, edgeFlags=0x0, pointerCount=1, historySize=0, eventTime=842449855, downTime=842449855, deviceId=0, source=0x1002 }
08-06 02:00:33.461 18522 18540 I art     : Explicit concurrent mark sweep GC freed 32(1152B) AllocSpace objects, 0(0B) LOS objects, 7% free, 184MB/200MB, paused 2.013ms total 66.621ms
08-06 02:00:33.483 21044 21044 D AndroidRuntime: Shutting down VM
08-06 02:00:33.488 18522 18540 I art     : Starting a blocking GC Explicit
08-06 02:00:33.550 18522 18540 I art     : Explicit concurrent mark sweep GC freed 8(256B) AllocSpace objects, 0(0B) LOS objects, 7% free, 184MB/200MB, paused 1.830ms total 62.550ms
08-06 02:00:33.573 18522 18540 I art     : Starting a blocking GC Explicit
08-06 02:00:33.635 18522 18540 I art     : Explicit concurrent mark sweep GC freed 5(176B) AllocSpace objects, 0(0B) LOS objects, 7% free, 184MB/200MB, paused 1.693ms total 60.817ms
08-06 02:00:33.662 18522 18540 I art     : Starting a blocking GC Explicit
08-06 02:00:33.732 18522 18540 I art     : Explicit concurrent mark sweep GC freed 3(96B) AllocSpace objects, 0(0B) LOS objects, 7% free, 184MB/200MB, paused 1.916ms total 70.293ms
08-06 02:00:34.052   918  3261 D WifiStateMachine: starting scan for "H369AA63323"WPA_PSK with 2412,5180
08-06 02:00:34.195 18522 18535 I art     : Starting a blocking GC Explicit
08-06 02:00:34.266 18522 18535 I art     : Explicit concurrent mark sweep GC freed 1586(92KB) AllocSpace objects, 2(48KB) LOS objects, 7% free, 184MB/200MB, paused 1.984ms total 70.949ms
08-06 02:00:34.292 18522 18535 I art     : Starting a blocking GC Explicit
08-06 02:00:34.360 18522 18535 I art     : Explicit concurrent mark sweep GC freed 65(2016B) AllocSpace objects, 0(0B) LOS objects, 7% free, 184MB/200MB, paused 2.019ms total 67.634ms
08-06 02:00:34.370 21082 21082 D AndroidRuntime: >>>>>> START com.android.internal.os.RuntimeInit uid 2000 <<<<<<
08-06 02:00:34.377 21082 21082 D AndroidRuntime: CheckJNI is OFF
08-06 02:00:34.387 18522 18535 I art     : Starting a blocking GC Explicit
08-06 02:00:34.430 21082 21082 D ICU     : No timezone override file found: /data/misc/zoneinfo/current/icu/icu_tzdata.dat
08-06 02:00:34.455 18522 18535 I art     : Explicit concurrent mark sweep GC freed 3(96B) AllocSpace objects, 0(0B) LOS objects, 7% free, 184MB/200MB, paused 2.059ms total 68.134ms
08-06 02:00:34.475 21082 21082 I Radio-JNI: register_android_hardware_Radio DONE
08-06 02:00:34.481 18522 18535 I art     : Starting a blocking GC Explicit
08-06 02:00:34.509 21082 21082 D AndroidRuntime: Calling main entry com.android.commands.input.Input
08-06 02:00:34.511 21082 21082 I Input   : injectMotionEvent: MotionEvent { action=ACTION_DOWN, actionButton=0, id[0]=0, x[0]=657.0, y[0]=2080.0, toolType[0]=TOOL_TYPE_UNKNOWN, buttonState=0, metaState=0, flags=0x0, edgeFlags=0x0, pointerCount=1, historySize=0, eventTime=842450923, downTime=842450923, deviceId=0, source=0x1002 }
08-06 02:00:34.516 21082 21082 I Input   : injectMotionEvent: MotionEvent { action=ACTION_UP, actionButton=0, id[0]=0, x[0]=657.0, y[0]=2080.0, toolType[0]=TOOL_TYPE_UNKNOWN, buttonState=0, metaState=0, flags=0x0, edgeFlags=0x0, pointerCount=1, historySize=0, eventTime=842450923, downTime=842450923, deviceId=0, source=0x1002 }
08-06 02:00:34.519 21082 21082 D AndroidRuntime: Shutting down VM
08-06 02:00:34.519   918  5952 I ActivityManager: START u0 {cmp=baseline.io.github.project_travel_mate/.utilities.UpcomingWeekendsActivity} from uid 10696 on display 0
08-06 02:00:34.522   512  2967 D audio_hw_primary: out_set_parameters: enter: usecase(1: low-latency-playback) kvpairs: routing=2
08-06 02:00:34.535   512  2967 D audio_hw_primary: select_devices: out_snd_device(2: speaker) in_snd_device(0: none)
08-06 02:00:34.535   512  2967 D msm8974_platform: platform_send_audio_calibration: sending audio calibration for snd_device(2) acdb_id(15)
08-06 02:00:34.535   512  2967 I soundtrigger: audio_extn_sound_trigger_update_device_status: device 0x2 of type 0 for Event 1
08-06 02:00:34.549   512  2967 D audio_hw_primary: enable_snd_device: snd_device(2: speaker)
08-06 02:00:34.552   512  2967 D audio_hw_primary: enable_audio_route: apply and update mixer path: low-latency-playback speaker
08-06 02:00:34.552 18522 18535 I art     : Explicit concurrent mark sweep GC freed 32(1024B) AllocSpace objects, 0(0B) LOS objects, 7% free, 184MB/200MB, paused 2.535ms total 70.725ms
08-06 02:00:34.571 18522 18592 D Gabe    : call	returning from cache
08-06 02:00:34.575 18522 18522 V EXECUTING: https://project-travel-mate.herokuapp.com/api/get-upcoming-holidays/2020
08-06 02:00:34.576 18522 18535 I art     : Starting a blocking GC Explicit
08-06 02:00:34.580 18522 18522 V EXECUTING: https://project-travel-mate.herokuapp.com/api/get-upcoming-holidays/2020
08-06 02:00:34.640 18522 18535 I art     : Explicit concurrent mark sweep GC freed 1123(79KB) AllocSpace objects, 0(0B) LOS objects, 7% free, 184MB/200MB, paused 2.055ms total 63.645ms
08-06 02:00:34.677 13866 13866 I GoogleInputMethodServic: GoogleInputMethodService.onFinishInput():3138 
08-06 02:00:34.678 13866 13866 I GoogleInputMethodServic: GoogleInputMethodService.onStartInput():1808 
08-06 02:00:34.784   918   936 I ActivityManager: Displayed baseline.io.github.project_travel_mate/.utilities.UpcomingWeekendsActivity: +250ms
08-06 02:00:35.030   380   380 W SurfaceFlinger: couldn't log to binary event log: overflow.
08-06 02:00:35.090 18522 18540 I art     : Starting a blocking GC Explicit
08-06 02:00:35.099   512  2967 D audio_hw_primary: disable_audio_route: reset and update mixer path: low-latency-playback speaker
08-06 02:00:35.100   512  2967 D audio_hw_primary: disable_snd_device: snd_device(2: speaker)
08-06 02:00:35.108   512  2967 I soundtrigger: audio_extn_sound_trigger_update_device_status: device 0x2 of type 0 for Event 0
08-06 02:00:35.169 18522 18540 I art     : Explicit concurrent mark sweep GC freed 7808(385KB) AllocSpace objects, 8(448KB) LOS objects, 7% free, 189MB/205MB, paused 2.830ms total 78.090ms
08-06 02:00:35.195 18522 18540 I art     : Starting a blocking GC Explicit
08-06 02:00:35.208 18522 21106 I NAPPA_EXPERIMENTATION: MetricNetworkRequestExecutionTime: REQUEST_DURATION_SYSTEM='627',REQUEST_DURATION_OKHTTP='38',REQUEST_SYNCHRONOUS='FALSE',RESPONSE_CODE='200',RESPONSE_METHOD='GET',RESPONSE_LENGTH_OKHTTP='6426',RESPONSE_LENGTH_HEADER='6426',REQUEST_PROTOCOL='http/1.1',REQUEST_URL='https://project-travel-mate.herokuapp.com/api/get-upcoming-holidays/2020',
08-06 02:00:35.237 18522 21105 I NAPPA_EXPERIMENTATION: MetricNetworkRequestExecutionTime: REQUEST_DURATION_SYSTEM='660',REQUEST_DURATION_OKHTTP='59',REQUEST_SYNCHRONOUS='FALSE',RESPONSE_CODE='200',RESPONSE_METHOD='GET',RESPONSE_LENGTH_OKHTTP='6426',RESPONSE_LENGTH_HEADER='6426',REQUEST_PROTOCOL='http/1.1',REQUEST_URL='https://project-travel-mate.herokuapp.com/api/get-upcoming-holidays/2020',
08-06 02:00:35.259 18522 18540 I art     : Explicit concurrent mark sweep GC freed 2351(262KB) AllocSpace objects, 2(32KB) LOS objects, 7% free, 189MB/205MB, paused 2.067ms total 62.970ms
08-06 02:00:35.282 18522 18540 I art     : Starting a blocking GC Explicit
08-06 02:00:35.341 18522 18522 V Response: [{"month":"January","date":1,"day":"Wednesday","name":"New Year's Day","type":"Restricted"},{"month":"January","date":2,"day":"Thursday","name":"Guru Govind Singh Jayanti","type":"Restricted"},{"month":"January","date":14,"day":"Tuesday","name":"Lohri","type":"Restricted"},{"month":"January","date":15,"day":"Wednesday","name":"Pongal","type":"Restricted"},{"month":"January","date":15,"day":"Wednesday","name":"Makar Sankranti","type":"Restricted"},{"month":"January","date":25,"day":"Saturday","name":"Chinese New Year","type":"Observance"},{"month":"January","date":26,"day":"Sunday","name":"Republic Day","type":"Gazetted"},{"month":"January","date":30,"day":"Thursday","name":"Vasant Panchami","type":"Restricted"},{"month":"February","date":9,"day":"Sunday","name":"Guru Ravidas Jayanti","type":"Restricted"},{"month":"February","date":14,"day":"Friday","name":"Valentine's Day","type":"Observance"},{"month":"February","date":18,"day":"Tuesday","name":"Maharishi Dayanand Saraswati Jayanti","type":"Restricted"},{"month":"February","date":19,"day":"Wednesday","name":"Shivaji Jayanti","type":"Restricted"},{"month":"February","date":21,"day":"Friday","name":"Maha Shivaratri/Shivaratri","type":"Gazetted"},{"month":"March","date":9,"day":"Monday","name":"Holika Dahana","type":"Restricted"},{"month":"March","date":9,"day":"Monday","name":"Hazarat Ali's Birthday","type":"Restricted"},{"month":"March","date":10,"day":"Tuesday","name":"Holi","type":"Gazetted"},{"month":"March","date":20,"day":"Friday","name":"March Equinox","type":"Season"},{"month":"March","date":25,"day":"Wednesday","name":"Chaitra Sukhladi","type":"Restricted"},{"month":"April","date":2,"day":"Thursday","name":"Rama Navami","type":"Gazetted"},{"month":"April","date":6,"day":"Monday","name":"Mahavir Jayanti","type":"Gazetted"},{"month":"April","date":9,"day":"Thursday","name":"First day of Passover","type":"Observance"},{"month":"April","date":9,"day":"Thursday","name":"Maundy Thursday","type":"Observance,"},{"month":"April","date":10,"day":"Friday","name":"Good Friday","type":"Gazetted"},{"month":"April","date":12,"day":"Sunday","name":"Easter Day","type":"Restricted"},{"month":"April","date":13,"day":"Monday","name":"Vaisakhi","type":"Restricted"},{"month":"April","date":14,"day":"Tuesday","name":"Mesadi/Vaisakhadi","type":"Restricted"},{"month":"April","date":14,"day":"Tuesday","name":"Ambedkar Jayanti","type":"Central"},{"month":"May","date":1,"day":"Friday","name":"May Day","type":"Observance"},{"month":"May","date":7,"day":"Thursday","name":"Buddha Purnima/Vesak","type":"Gazetted"},{"month":"May","date":7,"day":"Thursday","name":"Birthday of Ravindranath","type":"Restricted"},{"month":"May","date":10,"day":"Sunday","name":"Mother's Day","type":"Observance"},{"month":"May","date":22,"day":"Friday","name":"Jamat Ul-Vida","type":"Restricted"},{"month":"May","date":25,"day":"Monday","name":"Ramzan Id/Eid-ul-Fitar","type":"Gazetted"},{"month":"May","date":25,"day":"Monday","name":"Ramzan Id/Eid-ul-Fitar","type":"Muslim,"},{"month":"June","date":21,"day":"Sunday","name":"June Solstice","type":"Season"},{"month":"June","date":21,"day":"Sunday","name":"Father's Day","type":"Observance"},{"month":"June","date":23,"day":"Tuesday","name":"Rath Yatra","type":"Restricted"},{"month":"July","date":5,"day":"Sunday","name":"Guru Purnima","type":"Observance"},{"month":"July","date":31,"day":"Friday","name":"Bakr Id/Eid ul-Adha","type":"Gazetted"},{"month":"August","date":2,"day":"Sunday","name":"Friendship Day","type":"Observance"},{"month":"August","date":3,"day":"Monday","name":"Raksha Bandhan (Rakhi)","type":"Restricted"},{"month":"August","date":11,"day":"Tuesday","name":"Janmashtami (Smarta)","type":"Restricted"},{"month":"August","date":12,"day":"Wednesday","name":"Janmashtami","type":"Gazetted"},{"month":"August","date":15,"day":"Saturday","name":"Independence Day","type":"Gazetted"},{"month":"August","date":16,"day":"Sunday","name":"Parsi New Year","type":"Restricted"},{"month":"August","date":22,"day":"Saturday","name":"Ganesh Chaturthi/Vin
08-06 02:00:35.345 18522 18540 I art     : Explicit concurrent mark sweep GC freed 367(11KB) AllocSpace objects, 1(16KB) LOS objects, 7% free, 189MB/205MB, paused 2.017ms total 62.965ms
08-06 02:00:35.347 18522 18522 V Response: [{"month":"January","date":1,"day":"Wednesday","name":"New Year's Day","type":"Restricted"},{"month":"January","date":2,"day":"Thursday","name":"Guru Govind Singh Jayanti","type":"Restricted"},{"month":"January","date":14,"day":"Tuesday","name":"Lohri","type":"Restricted"},{"month":"January","date":15,"day":"Wednesday","name":"Pongal","type":"Restricted"},{"month":"January","date":15,"day":"Wednesday","name":"Makar Sankranti","type":"Restricted"},{"month":"January","date":25,"day":"Saturday","name":"Chinese New Year","type":"Observance"},{"month":"January","date":26,"day":"Sunday","name":"Republic Day","type":"Gazetted"},{"month":"January","date":30,"day":"Thursday","name":"Vasant Panchami","type":"Restricted"},{"month":"February","date":9,"day":"Sunday","name":"Guru Ravidas Jayanti","type":"Restricted"},{"month":"February","date":14,"day":"Friday","name":"Valentine's Day","type":"Observance"},{"month":"February","date":18,"day":"Tuesday","name":"Maharishi Dayanand Saraswati Jayanti","type":"Restricted"},{"month":"February","date":19,"day":"Wednesday","name":"Shivaji Jayanti","type":"Restricted"},{"month":"February","date":21,"day":"Friday","name":"Maha Shivaratri/Shivaratri","type":"Gazetted"},{"month":"March","date":9,"day":"Monday","name":"Holika Dahana","type":"Restricted"},{"month":"March","date":9,"day":"Monday","name":"Hazarat Ali's Birthday","type":"Restricted"},{"month":"March","date":10,"day":"Tuesday","name":"Holi","type":"Gazetted"},{"month":"March","date":20,"day":"Friday","name":"March Equinox","type":"Season"},{"month":"March","date":25,"day":"Wednesday","name":"Chaitra Sukhladi","type":"Restricted"},{"month":"April","date":2,"day":"Thursday","name":"Rama Navami","type":"Gazetted"},{"month":"April","date":6,"day":"Monday","name":"Mahavir Jayanti","type":"Gazetted"},{"month":"April","date":9,"day":"Thursday","name":"First day of Passover","type":"Observance"},{"month":"April","date":9,"day":"Thursday","name":"Maundy Thursday","type":"Observance,"},{"month":"April","date":10,"day":"Friday","name":"Good Friday","type":"Gazetted"},{"month":"April","date":12,"day":"Sunday","name":"Easter Day","type":"Restricted"},{"month":"April","date":13,"day":"Monday","name":"Vaisakhi","type":"Restricted"},{"month":"April","date":14,"day":"Tuesday","name":"Mesadi/Vaisakhadi","type":"Restricted"},{"month":"April","date":14,"day":"Tuesday","name":"Ambedkar Jayanti","type":"Central"},{"month":"May","date":1,"day":"Friday","name":"May Day","type":"Observance"},{"month":"May","date":7,"day":"Thursday","name":"Buddha Purnima/Vesak","type":"Gazetted"},{"month":"May","date":7,"day":"Thursday","name":"Birthday of Ravindranath","type":"Restricted"},{"month":"May","date":10,"day":"Sunday","name":"Mother's Day","type":"Observance"},{"month":"May","date":22,"day":"Friday","name":"Jamat Ul-Vida","type":"Restricted"},{"month":"May","date":25,"day":"Monday","name":"Ramzan Id/Eid-ul-Fitar","type":"Gazetted"},{"month":"May","date":25,"day":"Monday","name":"Ramzan Id/Eid-ul-Fitar","type":"Muslim,"},{"month":"June","date":21,"day":"Sunday","name":"June Solstice","type":"Season"},{"month":"June","date":21,"day":"Sunday","name":"Father's Day","type":"Observance"},{"month":"June","date":23,"day":"Tuesday","name":"Rath Yatra","type":"Restricted"},{"month":"July","date":5,"day":"Sunday","name":"Guru Purnima","type":"Observance"},{"month":"July","date":31,"day":"Friday","name":"Bakr Id/Eid ul-Adha","type":"Gazetted"},{"month":"August","date":2,"day":"Sunday","name":"Friendship Day","type":"Observance"},{"month":"August","date":3,"day":"Monday","name":"Raksha Bandhan (Rakhi)","type":"Restricted"},{"month":"August","date":11,"day":"Tuesday","name":"Janmashtami (Smarta)","type":"Restricted"},{"month":"August","date":12,"day":"Wednesday","name":"Janmashtami","type":"Gazetted"},{"month":"August","date":15,"day":"Saturday","name":"Independence Day","type":"Gazetted"},{"month":"August","date":16,"day":"Sunday","name":"Parsi New Year","type":"Restricted"},{"month":"August","date":22,"day":"Saturday","name":"Ganesh Chaturthi/Vin
08-06 02:00:35.368 18522 18540 I art     : Starting a blocking GC Explicit
08-06 02:00:35.437 18522 18540 I art     : Explicit concurrent mark sweep GC freed 8995(328KB) AllocSpace objects, 0(0B) LOS objects, 7% free, 189MB/205MB, paused 2.356ms total 68.082ms
08-06 02:00:35.464 18522 18540 I art     : Starting a blocking GC Explicit
08-06 02:00:35.538 18522 18540 I art     : Explicit concurrent mark sweep GC freed 515(15KB) AllocSpace objects, 1(4MB) LOS objects, 7% free, 185MB/201MB, paused 2.077ms total 74.338ms
08-06 02:00:35.997 18522 18534 I art     : Starting a blocking GC Explicit
08-06 02:00:36.075 18522 18534 I art     : Explicit concurrent mark sweep GC freed 2372(105KB) AllocSpace objects, 2(48KB) LOS objects, 7% free, 185MB/201MB, paused 1.975ms total 77.788ms
08-06 02:00:36.103 18522 18534 I art     : Starting a blocking GC Explicit
08-06 02:00:36.180 18522 18534 I art     : Explicit concurrent mark sweep GC freed 193(4KB) AllocSpace objects, 0(0B) LOS objects, 7% free, 185MB/201MB, paused 2.123ms total 76.604ms
08-06 02:00:36.209 18522 18534 I art     : Starting a blocking GC Explicit
08-06 02:00:36.286 18522 18534 I art     : Explicit concurrent mark sweep GC freed 171(2896B) AllocSpace objects, 0(0B) LOS objects, 7% free, 185MB/201MB, paused 2.241ms total 77.370ms
08-06 02:00:36.315 18522 18534 I art     : Starting a blocking GC Explicit
08-06 02:00:36.392 18522 18534 I art     : Explicit concurrent mark sweep GC freed 183(3KB) AllocSpace objects, 0(0B) LOS objects, 7% free, 185MB/201MB, paused 2.141ms total 77.429ms
08-06 02:00:36.420 18522 18534 I art     : Starting a blocking GC Explicit
08-06 02:00:36.498 18522 18534 I art     : Explicit concurrent mark sweep GC freed 151(2624B) AllocSpace objects, 0(0B) LOS objects, 7% free, 185MB/201MB, paused 2.019ms total 76.753ms
08-06 02:00:36.986 18522 18796 I art     : Starting a blocking GC Explicit
08-06 02:00:37.065 18522 18796 I art     : Explicit concurrent mark sweep GC freed 2412(105KB) AllocSpace objects, 2(48KB) LOS objects, 7% free, 185MB/201MB, paused 2.070ms total 77.772ms
08-06 02:00:37.092 18522 18796 I art     : Starting a blocking GC Explicit
08-06 02:00:37.172 18522 18796 I art     : Explicit concurrent mark sweep GC freed 207(4KB) AllocSpace objects, 0(0B) LOS objects, 7% free, 185MB/201MB, paused 2.584ms total 79.539ms
08-06 02:00:37.200 18522 18796 I art     : Starting a blocking GC Explicit
08-06 02:00:37.277 18522 18796 I art     : Explicit concurrent mark sweep GC freed 150(2560B) AllocSpace objects, 0(0B) LOS objects, 7% free, 185MB/201MB, paused 2.165ms total 76.721ms
08-06 02:00:37.305 18522 18796 I art     : Starting a blocking GC Explicit
08-06 02:00:37.382 18522 18796 I art     : Explicit concurrent mark sweep GC freed 184(3KB) AllocSpace objects, 0(0B) LOS objects, 7% free, 185MB/201MB, paused 2.826ms total 77.045ms
08-06 02:00:37.410 18522 18796 I art     : Starting a blocking GC Explicit
08-06 02:00:37.488 18522 18796 I art     : Explicit concurrent mark sweep GC freed 171(2896B) AllocSpace objects, 0(0B) LOS objects, 7% free, 185MB/201MB, paused 2.177ms total 77.363ms
08-06 02:00:37.972 18522 18535 I art     : Starting a blocking GC Explicit
08-06 02:00:38.051 18522 18535 I art     : Explicit concurrent mark sweep GC freed 2379(105KB) AllocSpace objects, 2(48KB) LOS objects, 7% free, 185MB/201MB, paused 2.147ms total 78.552ms
08-06 02:00:38.079 18522 18535 I art     : Starting a blocking GC Explicit
08-06 02:00:38.155 18522 18535 I art     : Explicit concurrent mark sweep GC freed 192(3KB) AllocSpace objects, 0(0B) LOS objects, 7% free, 185MB/201MB, paused 2.406ms total 75.204ms
08-06 02:00:38.183 18522 18535 I art     : Starting a blocking GC Explicit
08-06 02:00:38.261 18522 18535 I art     : Explicit concurrent mark sweep GC freed 168(3KB) AllocSpace objects, 0(0B) LOS objects, 7% free, 185MB/201MB, paused 2.422ms total 78.142ms
08-06 02:00:38.289 18522 18535 I art     : Starting a blocking GC Explicit
08-06 02:00:38.370 18522 18535 I art     : Explicit concurrent mark sweep GC freed 189(3KB) AllocSpace objects, 0(0B) LOS objects, 7% free, 185MB/201MB, paused 2.920ms total 79.746ms
08-06 02:00:38.400 18522 18535 I art     : Starting a blocking GC Explicit
08-06 02:00:38.472 18522 18535 I art     : Explicit concurrent mark sweep GC freed 170(2864B) AllocSpace objects, 0(0B) LOS objects, 7% free, 185MB/201MB, paused 2.057ms total 72.430ms
08-06 02:00:38.617   518   646 I ThermalEngine: ACTION: GPU - Setting GPU[0] to 450000000
08-06 02:00:38.871 18522 18540 I art     : Starting a blocking GC Explicit
08-06 02:00:38.930   918  3188 I hubconnection: sensorhub said: 'set_bias 3: -4.8768, 0.0000, 0.0000'
08-06 02:00:38.932 18522 18540 I art     : Explicit concurrent mark sweep GC freed 2247(103KB) AllocSpace objects, 2(48KB) LOS objects, 7% free, 185MB/201MB, paused 1.444ms total 61.333ms
08-06 02:00:38.952 18522 18540 I art     : Starting a blocking GC Explicit
08-06 02:00:39.015 18522 18540 I art     : Explicit concurrent mark sweep GC freed 157(3KB) AllocSpace objects, 0(0B) LOS objects, 7% free, 185MB/201MB, paused 1.528ms total 62.880ms
08-06 02:00:39.035 18522 18540 I art     : Starting a blocking GC Explicit
08-06 02:00:39.087  3784  3784 D CallStatisticsService: Post delayed to sync data packages to nv.
08-06 02:00:39.087  3784  3784 D CallStatisticsService: handleMessage PHONE_DATA.
08-06 02:00:39.089  3784  3784 D CallStatisticsService: txTotal(Kb) = 0
08-06 02:00:39.089  3784  3784 D CallStatisticsService: rxTotal(Kb) = 0
08-06 02:00:39.089  3784  3784 E CallStatisticsService: TX And RX Data packages are totally 0, no need to update.
08-06 02:00:39.097 18522 18540 I art     : Explicit concurrent mark sweep GC freed 123(2096B) AllocSpace objects, 0(0B) LOS objects, 7% free, 185MB/201MB, paused 1.427ms total 61.686ms
08-06 02:00:39.117 18522 18540 I art     : Starting a blocking GC Explicit
08-06 02:00:39.183 18522 18540 I art     : Explicit concurrent mark sweep GC freed 124(2128B) AllocSpace objects, 0(0B) LOS objects, 7% free, 185MB/201MB, paused 1.455ms total 65.983ms
08-06 02:00:39.204 18522 18540 I art     : Starting a blocking GC Explicit
08-06 02:00:39.268 18522 18540 I art     : Explicit concurrent mark sweep GC freed 122(2064B) AllocSpace objects, 0(0B) LOS objects, 7% free, 185MB/201MB, paused 1.519ms total 63.929ms
08-06 02:00:39.313 21163 21163 D AndroidRuntime: >>>>>> START com.android.internal.os.RuntimeInit uid 2000 <<<<<<
08-06 02:00:39.320 21163 21163 D AndroidRuntime: CheckJNI is OFF
08-06 02:00:39.363 21163 21163 D ICU     : No timezone override file found: /data/misc/zoneinfo/current/icu/icu_tzdata.dat
08-06 02:00:39.407 21163 21163 I Radio-JNI: register_android_hardware_Radio DONE
08-06 02:00:39.436 21163 21163 D AndroidRuntime: Calling main entry com.android.commands.input.Input
08-06 02:00:39.438 21163 21163 I Input   : injectKeyEvent: KeyEvent { action=ACTION_DOWN, keyCode=KEYCODE_BACK, scanCode=0, metaState=0, flags=0x0, repeatCount=0, eventTime=842455851, downTime=842455851, deviceId=-1, source=0x101 }
08-06 02:00:39.446 21163 21163 I Input   : injectKeyEvent: KeyEvent { action=ACTION_UP, keyCode=KEYCODE_BACK, scanCode=0, metaState=0, flags=0x0, repeatCount=0, eventTime=842455851, downTime=842455851, deviceId=-1, source=0x101 }
08-06 02:00:39.451 21163 21163 D AndroidRuntime: Shutting down VM
08-06 02:00:39.469 18522 18522 V MainActivity: url = https://project-travel-mate.herokuapp.com/api/number-of-unread-notifications
08-06 02:00:39.497 13866 13866 I GoogleInputMethodServic: GoogleInputMethodService.onFinishInput():3138 
08-06 02:00:39.498 13866 13866 I GoogleInputMethodServic: GoogleInputMethodService.onStartInput():1808 
08-06 02:00:39.678 18522 18796 I art     : Starting a blocking GC Explicit
08-06 02:00:39.738 18522 18796 I art     : Explicit concurrent mark sweep GC freed 2722(125KB) AllocSpace objects, 2(48KB) LOS objects, 7% free, 185MB/201MB, paused 1.449ms total 59.596ms
08-06 02:00:39.761 18522 18796 I art     : Starting a blocking GC Explicit
08-06 02:00:39.818   380   380 W SurfaceFlinger: couldn't log to binary event log: overflow.
08-06 02:00:39.824 18522 18796 I art     : Explicit concurrent mark sweep GC freed 226(5KB) AllocSpace objects, 0(0B) LOS objects, 7% free, 185MB/201MB, paused 1.634ms total 62.766ms
08-06 02:00:39.844 18522 18796 I art     : Starting a blocking GC Explicit
08-06 02:00:39.904 18522 18796 I art     : Explicit concurrent mark sweep GC freed 18(816B) AllocSpace objects, 1(188KB) LOS objects, 7% free, 185MB/201MB, paused 1.431ms total 59.654ms
08-06 02:00:39.924 18522 18796 I art     : Starting a blocking GC Explicit
08-06 02:00:39.985 18522 18796 I art     : Explicit concurrent mark sweep GC freed 9190(492KB) AllocSpace objects, 16(464KB) LOS objects, 7% free, 185MB/201MB, paused 1.727ms total 61.355ms
08-06 02:00:40.005 18522 21183 I NAPPA_EXPERIMENTATION: MetricNetworkRequestExecutionTime: REQUEST_DURATION_SYSTEM='535',REQUEST_DURATION_OKHTTP='35',REQUEST_SYNCHRONOUS='FALSE',RESPONSE_CODE='200',RESPONSE_METHOD='GET',RESPONSE_LENGTH_OKHTTP='36',RESPONSE_LENGTH_HEADER='36',REQUEST_PROTOCOL='http/1.1',REQUEST_URL='https://project-travel-mate.herokuapp.com/api/number-of-unread-notifications',
08-06 02:00:40.005 18522 18796 I art     : Starting a blocking GC Explicit
08-06 02:00:40.065 18522 18796 I art     : Explicit concurrent mark sweep GC freed 1080(128KB) AllocSpace objects, 0(0B) LOS objects, 7% free, 185MB/201MB, paused 1.428ms total 59.143ms
08-06 02:00:40.488 18522 18535 I art     : Starting a blocking GC Explicit
08-06 02:00:40.552 18522 18535 I art     : Explicit concurrent mark sweep GC freed 1720(97KB) AllocSpace objects, 2(48KB) LOS objects, 7% free, 185MB/201MB, paused 1.381ms total 64.546ms
08-06 02:00:40.572 18522 18535 I art     : Starting a blocking GC Explicit
08-06 02:00:40.633 18522 18535 I art     : Explicit concurrent mark sweep GC freed 28(1024B) AllocSpace objects, 0(0B) LOS objects, 7% free, 185MB/201MB, paused 1.433ms total 60.250ms
08-06 02:00:40.653 18522 18535 I art     : Starting a blocking GC Explicit
08-06 02:00:40.711 18522 18535 I art     : Explicit concurrent mark sweep GC freed 7(224B) AllocSpace objects, 0(0B) LOS objects, 7% free, 185MB/201MB, paused 1.409ms total 58.544ms
08-06 02:00:40.731 18522 18535 I art     : Starting a blocking GC Explicit
08-06 02:00:40.788 18522 18535 I art     : Explicit concurrent mark sweep GC freed 12(576B) AllocSpace objects, 0(0B) LOS objects, 7% free, 185MB/201MB, paused 1.483ms total 56.927ms
08-06 02:00:40.808 18522 18535 I art     : Starting a blocking GC Explicit
08-06 02:00:40.864 18522 18535 I art     : Explicit concurrent mark sweep GC freed 17(528B) AllocSpace objects, 0(0B) LOS objects, 7% free, 185MB/201MB, paused 1.438ms total 56.534ms
08-06 02:00:41.214 21199 21199 D AndroidRuntime: >>>>>> START com.android.internal.os.RuntimeInit uid 2000 <<<<<<
08-06 02:00:41.220 21199 21199 D AndroidRuntime: CheckJNI is OFF
08-06 02:00:41.258 21199 21199 D ICU     : No timezone override file found: /data/misc/zoneinfo/current/icu/icu_tzdata.dat
08-06 02:00:41.282 18522 18534 I art     : Starting a blocking GC Explicit
08-06 02:00:41.298 21199 21199 I Radio-JNI: register_android_hardware_Radio DONE
08-06 02:00:41.326 21199 21199 D AndroidRuntime: Calling main entry com.android.commands.input.Input
08-06 02:00:41.328 21199 21199 I Input   : injectMotionEvent: MotionEvent { action=ACTION_DOWN, actionButton=0, id[0]=0, x[0]=657.0, y[0]=2080.0, toolType[0]=TOOL_TYPE_UNKNOWN, buttonState=0, metaState=0, flags=0x0, edgeFlags=0x0, pointerCount=1, historySize=0, eventTime=842457740, downTime=842457740, deviceId=0, source=0x1002 }
08-06 02:00:41.338 18522 18534 I art     : Explicit concurrent mark sweep GC freed 1647(94KB) AllocSpace objects, 2(48KB) LOS objects, 7% free, 185MB/201MB, paused 1.505ms total 55.286ms
08-06 02:00:41.338 21199 21199 I Input   : injectMotionEvent: MotionEvent { action=ACTION_UP, actionButton=0, id[0]=0, x[0]=657.0, y[0]=2080.0, toolType[0]=TOOL_TYPE_UNKNOWN, buttonState=0, metaState=0, flags=0x0, edgeFlags=0x0, pointerCount=1, historySize=0, eventTime=842457740, downTime=842457740, deviceId=0, source=0x1002 }
08-06 02:00:41.357 18522 18534 I art     : Starting a blocking GC Explicit
08-06 02:00:41.377 21199 21199 D AndroidRuntime: Shutting down VM
08-06 02:00:41.412 18522 18534 I art     : Explicit concurrent mark sweep GC freed 41(1664B) AllocSpace objects, 0(0B) LOS objects, 7% free, 185MB/201MB, paused 1.489ms total 55.047ms
08-06 02:00:41.413   918  3714 I ActivityManager: START u0 {cmp=baseline.io.github.project_travel_mate/.utilities.UpcomingWeekendsActivity} from uid 10696 on display 0
08-06 02:00:41.414   512  2967 D audio_hw_primary: out_set_parameters: enter: usecase(1: low-latency-playback) kvpairs: routing=2
08-06 02:00:41.427   512  2967 D audio_hw_primary: select_devices: out_snd_device(2: speaker) in_snd_device(0: none)
08-06 02:00:41.427   512  2967 D msm8974_platform: platform_send_audio_calibration: sending audio calibration for snd_device(2) acdb_id(15)
08-06 02:00:41.428   512  2967 I soundtrigger: audio_extn_sound_trigger_update_device_status: device 0x2 of type 0 for Event 1
08-06 02:00:41.432 18522 18534 I art     : Starting a blocking GC Explicit
08-06 02:00:41.443   512  2967 D audio_hw_primary: enable_snd_device: snd_device(2: speaker)
08-06 02:00:41.445   512  2967 D audio_hw_primary: enable_audio_route: apply and update mixer path: low-latency-playback speaker
08-06 02:00:41.453 18522 18592 D Gabe    : call	returning from cache
08-06 02:00:41.456 18522 18522 V EXECUTING: https://project-travel-mate.herokuapp.com/api/get-upcoming-holidays/2020
08-06 02:00:41.458 18522 18522 V EXECUTING: https://project-travel-mate.herokuapp.com/api/get-upcoming-holidays/2020
08-06 02:00:41.484 18522 18534 I art     : Explicit concurrent mark sweep GC freed 736(55KB) AllocSpace objects, 0(0B) LOS objects, 7% free, 185MB/201MB, paused 1.602ms total 51.553ms
08-06 02:00:41.503 18522 18534 I art     : Starting a blocking GC Explicit
08-06 02:00:41.551 13866 13866 I GoogleInputMethodServic: GoogleInputMethodService.onFinishInput():3138 
08-06 02:00:41.551 13866 13866 I GoogleInputMethodServic: GoogleInputMethodService.onStartInput():1808 
08-06 02:00:41.559 18522 18534 I art     : Explicit concurrent mark sweep GC freed 1010(47KB) AllocSpace objects, 0(0B) LOS objects, 7% free, 189MB/205MB, paused 2.178ms total 56.052ms
08-06 02:00:41.579 18522 18534 I art     : Starting a blocking GC Explicit
08-06 02:00:41.633 18522 18534 I art     : Explicit concurrent mark sweep GC freed 133(4KB) AllocSpace objects, 0(0B) LOS objects, 7% free, 189MB/205MB, paused 1.618ms total 53.231ms
08-06 02:00:41.648   918   936 I ActivityManager: Displayed baseline.io.github.project_travel_mate/.utilities.UpcomingWeekendsActivity: +217ms
08-06 02:00:41.904   380   380 W SurfaceFlinger: couldn't log to binary event log: overflow.
08-06 02:00:41.978   512  2967 D audio_hw_primary: disable_audio_route: reset and update mixer path: low-latency-playback speaker
08-06 02:00:41.979   512  2967 D audio_hw_primary: disable_snd_device: snd_device(2: speaker)
08-06 02:00:41.988   512  2967 I soundtrigger: audio_extn_sound_trigger_update_device_status: device 0x2 of type 0 for Event 0
08-06 02:00:42.010 18522 18534 I art     : Starting a blocking GC Explicit
08-06 02:00:42.075 18522 18534 I art     : Explicit concurrent mark sweep GC freed 2211(103KB) AllocSpace objects, 2(48KB) LOS objects, 7% free, 189MB/205MB, paused 1.657ms total 65.347ms
08-06 02:00:42.094 18522 18534 I art     : Starting a blocking GC Explicit
08-06 02:00:42.148 18522 18534 I art     : Explicit concurrent mark sweep GC freed 184(5KB) AllocSpace objects, 0(0B) LOS objects, 7% free, 189MB/205MB, paused 1.788ms total 54.007ms
08-06 02:00:42.167 18522 18534 I art     : Starting a blocking GC Explicit
08-06 02:00:42.224 18522 18534 I art     : Explicit concurrent mark sweep GC freed 3545(201KB) AllocSpace objects, 5(320KB) LOS objects, 7% free, 190MB/206MB, paused 2.376ms total 56.390ms
08-06 02:00:42.253 18522 18534 I art     : Starting a blocking GC Explicit
08-06 02:00:42.263 18522 21223 I NAPPA_EXPERIMENTATION: MetricNetworkRequestExecutionTime: REQUEST_DURATION_SYSTEM='806',REQUEST_DURATION_OKHTTP='37',REQUEST_SYNCHRONOUS='FALSE',RESPONSE_CODE='200',RESPONSE_METHOD='GET',RESPONSE_LENGTH_OKHTTP='6426',RESPONSE_LENGTH_HEADER='6426',REQUEST_PROTOCOL='http/1.1',REQUEST_URL='https://project-travel-mate.herokuapp.com/api/get-upcoming-holidays/2020',
08-06 02:00:42.290 18522 21224 I NAPPA_EXPERIMENTATION: MetricNetworkRequestExecutionTime: REQUEST_DURATION_SYSTEM='831',REQUEST_DURATION_OKHTTP='52',REQUEST_SYNCHRONOUS='FALSE',RESPONSE_CODE='200',RESPONSE_METHOD='GET',RESPONSE_LENGTH_OKHTTP='6426',RESPONSE_LENGTH_HEADER='6426',REQUEST_PROTOCOL='http/1.1',REQUEST_URL='https://project-travel-mate.herokuapp.com/api/get-upcoming-holidays/2020',
08-06 02:00:42.307 18522 18534 I art     : Explicit concurrent mark sweep GC freed 3787(309KB) AllocSpace objects, 3(112KB) LOS objects, 7% free, 189MB/205MB, paused 1.591ms total 54.035ms
08-06 02:00:42.326 18522 18534 I art     : Starting a blocking GC Explicit
08-06 02:00:42.351 18522 18522 V Response: [{"month":"January","date":1,"day":"Wednesday","name":"New Year's Day","type":"Restricted"},{"month":"January","date":2,"day":"Thursday","name":"Guru Govind Singh Jayanti","type":"Restricted"},{"month":"January","date":14,"day":"Tuesday","name":"Lohri","type":"Restricted"},{"month":"January","date":15,"day":"Wednesday","name":"Pongal","type":"Restricted"},{"month":"January","date":15,"day":"Wednesday","name":"Makar Sankranti","type":"Restricted"},{"month":"January","date":25,"day":"Saturday","name":"Chinese New Year","type":"Observance"},{"month":"January","date":26,"day":"Sunday","name":"Republic Day","type":"Gazetted"},{"month":"January","date":30,"day":"Thursday","name":"Vasant Panchami","type":"Restricted"},{"month":"February","date":9,"day":"Sunday","name":"Guru Ravidas Jayanti","type":"Restricted"},{"month":"February","date":14,"day":"Friday","name":"Valentine's Day","type":"Observance"},{"month":"February","date":18,"day":"Tuesday","name":"Maharishi Dayanand Saraswati Jayanti","type":"Restricted"},{"month":"February","date":19,"day":"Wednesday","name":"Shivaji Jayanti","type":"Restricted"},{"month":"February","date":21,"day":"Friday","name":"Maha Shivaratri/Shivaratri","type":"Gazetted"},{"month":"March","date":9,"day":"Monday","name":"Holika Dahana","type":"Restricted"},{"month":"March","date":9,"day":"Monday","name":"Hazarat Ali's Birthday","type":"Restricted"},{"month":"March","date":10,"day":"Tuesday","name":"Holi","type":"Gazetted"},{"month":"March","date":20,"day":"Friday","name":"March Equinox","type":"Season"},{"month":"March","date":25,"day":"Wednesday","name":"Chaitra Sukhladi","type":"Restricted"},{"month":"April","date":2,"day":"Thursday","name":"Rama Navami","type":"Gazetted"},{"month":"April","date":6,"day":"Monday","name":"Mahavir Jayanti","type":"Gazetted"},{"month":"April","date":9,"day":"Thursday","name":"First day of Passover","type":"Observance"},{"month":"April","date":9,"day":"Thursday","name":"Maundy Thursday","type":"Observance,"},{"month":"April","date":10,"day":"Friday","name":"Good Friday","type":"Gazetted"},{"month":"April","date":12,"day":"Sunday","name":"Easter Day","type":"Restricted"},{"month":"April","date":13,"day":"Monday","name":"Vaisakhi","type":"Restricted"},{"month":"April","date":14,"day":"Tuesday","name":"Mesadi/Vaisakhadi","type":"Restricted"},{"month":"April","date":14,"day":"Tuesday","name":"Ambedkar Jayanti","type":"Central"},{"month":"May","date":1,"day":"Friday","name":"May Day","type":"Observance"},{"month":"May","date":7,"day":"Thursday","name":"Buddha Purnima/Vesak","type":"Gazetted"},{"month":"May","date":7,"day":"Thursday","name":"Birthday of Ravindranath","type":"Restricted"},{"month":"May","date":10,"day":"Sunday","name":"Mother's Day","type":"Observance"},{"month":"May","date":22,"day":"Friday","name":"Jamat Ul-Vida","type":"Restricted"},{"month":"May","date":25,"day":"Monday","name":"Ramzan Id/Eid-ul-Fitar","type":"Gazetted"},{"month":"May","date":25,"day":"Monday","name":"Ramzan Id/Eid-ul-Fitar","type":"Muslim,"},{"month":"June","date":21,"day":"Sunday","name":"June Solstice","type":"Season"},{"month":"June","date":21,"day":"Sunday","name":"Father's Day","type":"Observance"},{"month":"June","date":23,"day":"Tuesday","name":"Rath Yatra","type":"Restricted"},{"month":"July","date":5,"day":"Sunday","name":"Guru Purnima","type":"Observance"},{"month":"July","date":31,"day":"Friday","name":"Bakr Id/Eid ul-Adha","type":"Gazetted"},{"month":"August","date":2,"day":"Sunday","name":"Friendship Day","type":"Observance"},{"month":"August","date":3,"day":"Monday","name":"Raksha Bandhan (Rakhi)","type":"Restricted"},{"month":"August","date":11,"day":"Tuesday","name":"Janmashtami (Smarta)","type":"Restricted"},{"month":"August","date":12,"day":"Wednesday","name":"Janmashtami","type":"Gazetted"},{"month":"August","date":15,"day":"Saturday","name":"Independence Day","type":"Gazetted"},{"month":"August","date":16,"day":"Sunday","name":"Parsi New Year","type":"Restricted"},{"month":"August","date":22,"day":"Saturday","name":"Ganesh Chaturthi/Vin
08-06 02:00:42.355 18522 18522 V Response: [{"month":"January","date":1,"day":"Wednesday","name":"New Year's Day","type":"Restricted"},{"month":"January","date":2,"day":"Thursday","name":"Guru Govind Singh Jayanti","type":"Restricted"},{"month":"January","date":14,"day":"Tuesday","name":"Lohri","type":"Restricted"},{"month":"January","date":15,"day":"Wednesday","name":"Pongal","type":"Restricted"},{"month":"January","date":15,"day":"Wednesday","name":"Makar Sankranti","type":"Restricted"},{"month":"January","date":25,"day":"Saturday","name":"Chinese New Year","type":"Observance"},{"month":"January","date":26,"day":"Sunday","name":"Republic Day","type":"Gazetted"},{"month":"January","date":30,"day":"Thursday","name":"Vasant Panchami","type":"Restricted"},{"month":"February","date":9,"day":"Sunday","name":"Guru Ravidas Jayanti","type":"Restricted"},{"month":"February","date":14,"day":"Friday","name":"Valentine's Day","type":"Observance"},{"month":"February","date":18,"day":"Tuesday","name":"Maharishi Dayanand Saraswati Jayanti","type":"Restricted"},{"month":"February","date":19,"day":"Wednesday","name":"Shivaji Jayanti","type":"Restricted"},{"month":"February","date":21,"day":"Friday","name":"Maha Shivaratri/Shivaratri","type":"Gazetted"},{"month":"March","date":9,"day":"Monday","name":"Holika Dahana","type":"Restricted"},{"month":"March","date":9,"day":"Monday","name":"Hazarat Ali's Birthday","type":"Restricted"},{"month":"March","date":10,"day":"Tuesday","name":"Holi","type":"Gazetted"},{"month":"March","date":20,"day":"Friday","name":"March Equinox","type":"Season"},{"month":"March","date":25,"day":"Wednesday","name":"Chaitra Sukhladi","type":"Restricted"},{"month":"April","date":2,"day":"Thursday","name":"Rama Navami","type":"Gazetted"},{"month":"April","date":6,"day":"Monday","name":"Mahavir Jayanti","type":"Gazetted"},{"month":"April","date":9,"day":"Thursday","name":"First day of Passover","type":"Observance"},{"month":"April","date":9,"day":"Thursday","name":"Maundy Thursday","type":"Observance,"},{"month":"April","date":10,"day":"Friday","name":"Good Friday","type":"Gazetted"},{"month":"April","date":12,"day":"Sunday","name":"Easter Day","type":"Restricted"},{"month":"April","date":13,"day":"Monday","name":"Vaisakhi","type":"Restricted"},{"month":"April","date":14,"day":"Tuesday","name":"Mesadi/Vaisakhadi","type":"Restricted"},{"month":"April","date":14,"day":"Tuesday","name":"Ambedkar Jayanti","type":"Central"},{"month":"May","date":1,"day":"Friday","name":"May Day","type":"Observance"},{"month":"May","date":7,"day":"Thursday","name":"Buddha Purnima/Vesak","type":"Gazetted"},{"month":"May","date":7,"day":"Thursday","name":"Birthday of Ravindranath","type":"Restricted"},{"month":"May","date":10,"day":"Sunday","name":"Mother's Day","type":"Observance"},{"month":"May","date":22,"day":"Friday","name":"Jamat Ul-Vida","type":"Restricted"},{"month":"May","date":25,"day":"Monday","name":"Ramzan Id/Eid-ul-Fitar","type":"Gazetted"},{"month":"May","date":25,"day":"Monday","name":"Ramzan Id/Eid-ul-Fitar","type":"Muslim,"},{"month":"June","date":21,"day":"Sunday","name":"June Solstice","type":"Season"},{"month":"June","date":21,"day":"Sunday","name":"Father's Day","type":"Observance"},{"month":"June","date":23,"day":"Tuesday","name":"Rath Yatra","type":"Restricted"},{"month":"July","date":5,"day":"Sunday","name":"Guru Purnima","type":"Observance"},{"month":"July","date":31,"day":"Friday","name":"Bakr Id/Eid ul-Adha","type":"Gazetted"},{"month":"August","date":2,"day":"Sunday","name":"Friendship Day","type":"Observance"},{"month":"August","date":3,"day":"Monday","name":"Raksha Bandhan (Rakhi)","type":"Restricted"},{"month":"August","date":11,"day":"Tuesday","name":"Janmashtami (Smarta)","type":"Restricted"},{"month":"August","date":12,"day":"Wednesday","name":"Janmashtami","type":"Gazetted"},{"month":"August","date":15,"day":"Saturday","name":"Independence Day","type":"Gazetted"},{"month":"August","date":16,"day":"Sunday","name":"Parsi New Year","type":"Restricted"},{"month":"August","date":22,"day":"Saturday","name":"Ganesh Chaturthi/Vin
08-06 02:00:42.381 18522 18534 I art     : Explicit concurrent mark sweep GC freed 6844(253KB) AllocSpace objects, 1(16KB) LOS objects, 7% free, 189MB/205MB, paused 1.788ms total 54.848ms
08-06 02:00:42.783 18522 18540 I art     : Starting a blocking GC Explicit
08-06 02:00:42.851 18522 18540 I art     : Explicit concurrent mark sweep GC freed 4840(198KB) AllocSpace objects, 3(4MB) LOS objects, 7% free, 186MB/202MB, paused 1.541ms total 68.300ms
08-06 02:00:42.875 18522 18540 I art     : Starting a blocking GC Explicit
08-06 02:00:42.935 18522 18540 I art     : Explicit concurrent mark sweep GC freed 330(10KB) AllocSpace objects, 0(0B) LOS objects, 7% free, 186MB/202MB, paused 1.432ms total 60.654ms
08-06 02:00:42.955 18522 18540 I art     : Starting a blocking GC Explicit
08-06 02:00:43.022 18522 18540 I art     : Explicit concurrent mark sweep GC freed 123(2096B) AllocSpace objects, 0(0B) LOS objects, 7% free, 186MB/202MB, paused 1.521ms total 67.248ms
08-06 02:00:43.043 18522 18540 I art     : Starting a blocking GC Explicit
08-06 02:00:43.109 18522 18540 I art     : Explicit concurrent mark sweep GC freed 147(2496B) AllocSpace objects, 0(0B) LOS objects, 7% free, 186MB/202MB, paused 1.499ms total 65.758ms
08-06 02:00:43.130 18522 18540 I art     : Starting a blocking GC Explicit
08-06 02:00:43.199 18522 18540 I art     : Explicit concurrent mark sweep GC freed 123(2096B) AllocSpace objects, 0(0B) LOS objects, 7% free, 186MB/202MB, paused 1.567ms total 69.233ms
08-06 02:00:43.647 18522 18535 I art     : Starting a blocking GC Explicit
08-06 02:00:43.719 18522 18535 I art     : Explicit concurrent mark sweep GC freed 2367(105KB) AllocSpace objects, 2(48KB) LOS objects, 7% free, 186MB/202MB, paused 1.751ms total 71.349ms
08-06 02:00:43.743 18522 18535 I art     : Starting a blocking GC Explicit
08-06 02:00:43.809 18522 18535 I art     : Explicit concurrent mark sweep GC freed 150(3040B) AllocSpace objects, 0(0B) LOS objects, 7% free, 186MB/202MB, paused 1.656ms total 66.561ms
08-06 02:00:43.830 18522 18535 I art     : Starting a blocking GC Explicit
08-06 02:00:43.899 18522 18535 I art     : Explicit concurrent mark sweep GC freed 135(2304B) AllocSpace objects, 0(0B) LOS objects, 7% free, 186MB/202MB, paused 1.484ms total 68.935ms
08-06 02:00:43.920 18522 18535 I art     : Starting a blocking GC Explicit
08-06 02:00:43.988 18522 18535 I art     : Explicit concurrent mark sweep GC freed 133(2272B) AllocSpace objects, 0(0B) LOS objects, 7% free, 186MB/202MB, paused 1.475ms total 67.521ms
08-06 02:00:44.010 18522 18535 I art     : Starting a blocking GC Explicit
08-06 02:00:44.078 18522 18535 I art     : Explicit concurrent mark sweep GC freed 138(2336B) AllocSpace objects, 0(0B) LOS objects, 7% free, 186MB/202MB, paused 1.763ms total 67.439ms
08-06 02:00:44.517   918  1210 D NetlinkSocketObserver: NeighborEvent{elapsedMs=1825848392, 192.168.2.254, [7C3953A63323], RTM_NEWNEIGH, NUD_PROBE}
08-06 02:00:44.527 18522 18534 I art     : Starting a blocking GC Explicit
08-06 02:00:44.598 18522 18534 I art     : Explicit concurrent mark sweep GC freed 2384(105KB) AllocSpace objects, 2(48KB) LOS objects, 7% free, 186MB/202MB, paused 1.776ms total 71.223ms
08-06 02:00:44.620 18522 18534 I art     : Starting a blocking GC Explicit
08-06 02:00:44.685 18522 18534 I art     : Explicit concurrent mark sweep GC freed 184(4KB) AllocSpace objects, 0(0B) LOS objects, 7% free, 186MB/202MB, paused 1.566ms total 65.048ms
08-06 02:00:44.705 18522 18534 I art     : Starting a blocking GC Explicit
08-06 02:00:44.771 18522 18534 I art     : Explicit concurrent mark sweep GC freed 134(2672B) AllocSpace objects, 0(0B) LOS objects, 7% free, 186MB/202MB, paused 1.522ms total 65.629ms
08-06 02:00:44.791 18522 18534 I art     : Starting a blocking GC Explicit
08-06 02:00:44.860 18522 18534 I art     : Explicit concurrent mark sweep GC freed 122(2064B) AllocSpace objects, 0(0B) LOS objects, 7% free, 186MB/202MB, paused 1.614ms total 68.309ms
08-06 02:00:44.880 18522 18534 I art     : Starting a blocking GC Explicit
08-06 02:00:44.949 18522 18534 I art     : Explicit concurrent mark sweep GC freed 147(2496B) AllocSpace objects, 0(0B) LOS objects, 7% free, 186MB/202MB, paused 1.595ms total 68.807ms
08-06 02:00:45.403 18522 18796 I art     : Starting a blocking GC Explicit
08-06 02:00:45.475 18522 18796 I art     : Explicit concurrent mark sweep GC freed 2368(105KB) AllocSpace objects, 2(48KB) LOS objects, 7% free, 186MB/202MB, paused 1.525ms total 71.065ms
08-06 02:00:45.497 18522 18796 I art     : Starting a blocking GC Explicit
08-06 02:00:45.564 18522 18796 I art     : Explicit concurrent mark sweep GC freed 171(3KB) AllocSpace objects, 0(0B) LOS objects, 7% free, 186MB/202MB, paused 1.499ms total 66.289ms
08-06 02:00:45.564 18522 18533 I art     : WaitForGcToComplete blocked for 10.954ms for cause HeapTrim
08-06 02:00:45.584 18522 18796 I art     : Starting a blocking GC Explicit
08-06 02:00:45.645 18522 18796 I art     : Explicit concurrent mark sweep GC freed 124(2128B) AllocSpace objects, 0(0B) LOS objects, 7% free, 186MB/202MB, paused 1.465ms total 60.269ms
08-06 02:00:45.664 18522 18796 I art     : Starting a blocking GC Explicit
08-06 02:00:45.724 18522 18796 I art     : Explicit concurrent mark sweep GC freed 99(1696B) AllocSpace objects, 0(0B) LOS objects, 7% free, 186MB/202MB, paused 1.460ms total 59.826ms
08-06 02:00:45.744 18522 18796 I art     : Starting a blocking GC Explicit
08-06 02:00:45.809 18522 18796 I art     : Explicit concurrent mark sweep GC freed 123(2096B) AllocSpace objects, 0(0B) LOS objects, 7% free, 186MB/202MB, paused 1.476ms total 64.889ms
08-06 02:00:46.157 21277 21277 D AndroidRuntime: >>>>>> START com.android.internal.os.RuntimeInit uid 2000 <<<<<<
08-06 02:00:46.163 21277 21277 D AndroidRuntime: CheckJNI is OFF
08-06 02:00:46.207 21277 21277 D ICU     : No timezone override file found: /data/misc/zoneinfo/current/icu/icu_tzdata.dat
08-06 02:00:46.245 18522 18540 I art     : Starting a blocking GC Explicit
08-06 02:00:46.252 21277 21277 I Radio-JNI: register_android_hardware_Radio DONE
08-06 02:00:46.282 21277 21277 D AndroidRuntime: Calling main entry com.android.commands.input.Input
08-06 02:00:46.284 21277 21277 I Input   : injectKeyEvent: KeyEvent { action=ACTION_DOWN, keyCode=KEYCODE_BACK, scanCode=0, metaState=0, flags=0x0, repeatCount=0, eventTime=842462697, downTime=842462697, deviceId=-1, source=0x101 }
08-06 02:00:46.293 21277 21277 I Input   : injectKeyEvent: KeyEvent { action=ACTION_UP, keyCode=KEYCODE_BACK, scanCode=0, metaState=0, flags=0x0, repeatCount=0, eventTime=842462697, downTime=842462697, deviceId=-1, source=0x101 }
08-06 02:00:46.300 21277 21277 D AndroidRuntime: Shutting down VM
08-06 02:00:46.309 18522 18540 I art     : Explicit concurrent mark sweep GC freed 2322(104KB) AllocSpace objects, 2(48KB) LOS objects, 7% free, 186MB/202MB, paused 1.783ms total 64.389ms
08-06 02:00:46.312 18522 18522 V MainActivity: url = https://project-travel-mate.herokuapp.com/api/number-of-unread-notifications
08-06 02:00:46.330 18522 18540 I art     : Starting a blocking GC Explicit
08-06 02:00:46.339   918  3188 I hubconnection: sensorhub said: 'set_bias 3: -6.2400, 0.0000, 0.0000'
08-06 02:00:46.345 13866 13866 I GoogleInputMethodServic: GoogleInputMethodService.onFinishInput():3138 
08-06 02:00:46.346 13866 13866 I GoogleInputMethodServic: GoogleInputMethodService.onStartInput():1808 
08-06 02:00:46.385 18522 18540 I art     : Explicit concurrent mark sweep GC freed 493(18KB) AllocSpace objects, 0(0B) LOS objects, 7% free, 186MB/202MB, paused 1.684ms total 54.935ms
08-06 02:00:46.411 18522 18540 I art     : Starting a blocking GC Explicit
08-06 02:00:46.466 18522 18540 I art     : Explicit concurrent mark sweep GC freed 176(8KB) AllocSpace objects, 0(0B) LOS objects, 7% free, 186MB/202MB, paused 1.621ms total 55.043ms
08-06 02:00:46.485 18522 18540 I art     : Starting a blocking GC Explicit
08-06 02:00:46.541 18522 18540 I art     : Explicit concurrent mark sweep GC freed 149(3056B) AllocSpace objects, 0(0B) LOS objects, 7% free, 186MB/202MB, paused 1.495ms total 55.971ms
08-06 02:00:46.561 18522 18540 I art     : Starting a blocking GC Explicit
08-06 02:00:46.622 18522 18540 I art     : Explicit concurrent mark sweep GC freed 149(3KB) AllocSpace objects, 0(0B) LOS objects, 7% free, 186MB/202MB, paused 1.434ms total 60.152ms
08-06 02:00:46.676   380   380 W SurfaceFlinger: couldn't log to binary event log: overflow.
08-06 02:00:47.030 18522 18540 I art     : Starting a blocking GC Explicit
08-06 02:00:47.083 18522 21300 I NAPPA_EXPERIMENTATION: MetricNetworkRequestExecutionTime: REQUEST_DURATION_SYSTEM='770',REQUEST_DURATION_OKHTTP='37',REQUEST_SYNCHRONOUS='FALSE',RESPONSE_CODE='200',RESPONSE_METHOD='GET',RESPONSE_LENGTH_OKHTTP='36',RESPONSE_LENGTH_HEADER='36',REQUEST_PROTOCOL='http/1.1',REQUEST_URL='https://project-travel-mate.herokuapp.com/api/number-of-unread-notifications',
08-06 02:00:47.097 18522 18540 I art     : Explicit concurrent mark sweep GC freed 4392(238KB) AllocSpace objects, 6(436KB) LOS objects, 7% free, 186MB/202MB, paused 1.554ms total 66.727ms
08-06 02:00:47.117 18522 18540 I art     : Starting a blocking GC Explicit
08-06 02:00:47.174 18522 18540 I art     : Explicit concurrent mark sweep GC freed 7668(480KB) AllocSpace objects, 13(264KB) LOS objects, 7% free, 185MB/201MB, paused 1.373ms total 56.419ms
08-06 02:00:47.194 18522 18540 I art     : Starting a blocking GC Explicit
08-06 02:00:47.255 18522 18540 I art     : Explicit concurrent mark sweep GC freed 109(4KB) AllocSpace objects, 0(0B) LOS objects, 7% free, 185MB/201MB, paused 1.469ms total 61.110ms
08-06 02:00:47.275 18522 18540 I art     : Starting a blocking GC Explicit
08-06 02:00:47.337 18522 18540 I art     : Explicit concurrent mark sweep GC freed 40(1088B) AllocSpace objects, 0(0B) LOS objects, 7% free, 185MB/201MB, paused 1.470ms total 61.620ms
08-06 02:00:47.357 18522 18540 I art     : Starting a blocking GC Explicit
08-06 02:00:47.424 18522 18540 I art     : Explicit concurrent mark sweep GC freed 3(96B) AllocSpace objects, 0(0B) LOS objects, 7% free, 185MB/201MB, paused 1.611ms total 66.413ms
08-06 02:00:47.827 18522 18534 I art     : Starting a blocking GC Explicit
08-06 02:00:47.900 18522 18534 I art     : Explicit concurrent mark sweep GC freed 1598(92KB) AllocSpace objects, 2(48KB) LOS objects, 7% free, 185MB/201MB, paused 1.713ms total 72.925ms
08-06 02:00:47.925 18522 18534 I art     : Starting a blocking GC Explicit
08-06 02:00:47.981 18522 18534 I art     : Explicit concurrent mark sweep GC freed 41(1664B) AllocSpace objects, 0(0B) LOS objects, 7% free, 185MB/201MB, paused 1.402ms total 56.252ms
08-06 02:00:48.002 18522 18534 I art     : Starting a blocking GC Explicit
08-06 02:00:48.060 18522 18534 I art     : Explicit concurrent mark sweep GC freed 7(224B) AllocSpace objects, 0(0B) LOS objects, 7% free, 185MB/201MB, paused 1.457ms total 57.112ms
08-06 02:00:48.080 18522 18534 I art     : Starting a blocking GC Explicit
08-06 02:00:48.091 21312 21312 D AndroidRuntime: >>>>>> START com.android.internal.os.RuntimeInit uid 2000 <<<<<<
08-06 02:00:48.096 21312 21312 D AndroidRuntime: CheckJNI is OFF
08-06 02:00:48.135 21312 21312 D ICU     : No timezone override file found: /data/misc/zoneinfo/current/icu/icu_tzdata.dat
08-06 02:00:48.135 18522 18534 I art     : Explicit concurrent mark sweep GC freed 7(224B) AllocSpace objects, 0(0B) LOS objects, 7% free, 185MB/201MB, paused 1.474ms total 55.242ms
08-06 02:00:48.155 18522 18534 I art     : Starting a blocking GC Explicit
08-06 02:00:48.179 21312 21312 I Radio-JNI: register_android_hardware_Radio DONE
08-06 02:00:48.207 21312 21312 D AndroidRuntime: Calling main entry com.android.commands.input.Input
08-06 02:00:48.209 21312 21312 I Input   : injectMotionEvent: MotionEvent { action=ACTION_DOWN, actionButton=0, id[0]=0, x[0]=117.0, y[0]=170.0, toolType[0]=TOOL_TYPE_UNKNOWN, buttonState=0, metaState=0, flags=0x0, edgeFlags=0x0, pointerCount=1, historySize=0, eventTime=842464622, downTime=842464622, deviceId=0, source=0x1002 }
08-06 02:00:48.212 18522 18534 I art     : Explicit concurrent mark sweep GC freed 4(128B) AllocSpace objects, 0(0B) LOS objects, 7% free, 185MB/201MB, paused 1.532ms total 56.648ms
08-06 02:00:48.246 21312 21312 I Input   : injectMotionEvent: MotionEvent { action=ACTION_UP, actionButton=0, id[0]=0, x[0]=117.0, y[0]=170.0, toolType[0]=TOOL_TYPE_UNKNOWN, buttonState=0, metaState=0, flags=0x0, edgeFlags=0x0, pointerCount=1, historySize=0, eventTime=842464622, downTime=842464622, deviceId=0, source=0x1002 }
08-06 02:00:48.249 21312 21312 D AndroidRuntime: Shutting down VM
08-06 02:00:48.266   512  2967 D audio_hw_primary: out_set_parameters: enter: usecase(1: low-latency-playback) kvpairs: routing=2
08-06 02:00:48.279   512  2967 D audio_hw_primary: select_devices: out_snd_device(2: speaker) in_snd_device(0: none)
08-06 02:00:48.279   512  2967 D msm8974_platform: platform_send_audio_calibration: sending audio calibration for snd_device(2) acdb_id(15)
08-06 02:00:48.279   512  2967 I soundtrigger: audio_extn_sound_trigger_update_device_status: device 0x2 of type 0 for Event 1
08-06 02:00:48.288   512  2967 D audio_hw_primary: enable_snd_device: snd_device(2: speaker)
08-06 02:00:48.291   512  2967 D audio_hw_primary: enable_audio_route: apply and update mixer path: low-latency-playback speaker
08-06 02:00:48.607 18522 18534 I art     : Starting a blocking GC Explicit
08-06 02:00:48.660 18522 18534 I art     : Explicit concurrent mark sweep GC freed 2032(113KB) AllocSpace objects, 2(48KB) LOS objects, 7% free, 185MB/201MB, paused 1.440ms total 51.955ms
08-06 02:00:48.679 18522 18534 I art     : Starting a blocking GC Explicit
08-06 02:00:48.732 18522 18534 I art     : Explicit concurrent mark sweep GC freed 60(2368B) AllocSpace objects, 0(0B) LOS objects, 7% free, 185MB/201MB, paused 1.358ms total 53.385ms
08-06 02:00:48.752 18522 18534 I art     : Starting a blocking GC Explicit
08-06 02:00:48.807 18522 18534 I art     : Explicit concurrent mark sweep GC freed 6(224B) AllocSpace objects, 0(0B) LOS objects, 7% free, 185MB/201MB, paused 1.446ms total 55.459ms
08-06 02:00:48.829 18522 18534 I art     : Starting a blocking GC Explicit
08-06 02:00:48.830   512  2967 D audio_hw_primary: disable_audio_route: reset and update mixer path: low-latency-playback speaker
08-06 02:00:48.830   512  2967 D audio_hw_primary: disable_snd_device: snd_device(2: speaker)
08-06 02:00:48.838   512  2967 I soundtrigger: audio_extn_sound_trigger_update_device_status: device 0x2 of type 0 for Event 0
08-06 02:00:48.880 18522 18534 I art     : Explicit concurrent mark sweep GC freed 5(160B) AllocSpace objects, 0(0B) LOS objects, 7% free, 185MB/201MB, paused 1.334ms total 50.641ms
08-06 02:00:48.899 18522 18534 I art     : Starting a blocking GC Explicit
08-06 02:00:48.955 18522 18534 I art     : Explicit concurrent mark sweep GC freed 3(96B) AllocSpace objects, 0(0B) LOS objects, 7% free, 185MB/201MB, paused 1.442ms total 55.712ms
08-06 02:00:48.997 21346 21346 D AndroidRuntime: >>>>>> START com.android.internal.os.RuntimeInit uid 2000 <<<<<<
08-06 02:00:49.003 21346 21346 D AndroidRuntime: CheckJNI is OFF
08-06 02:00:49.045 21346 21346 D ICU     : No timezone override file found: /data/misc/zoneinfo/current/icu/icu_tzdata.dat
08-06 02:00:49.090 21346 21346 I Radio-JNI: register_android_hardware_Radio DONE
08-06 02:00:49.122 21346 21346 D AndroidRuntime: Calling main entry com.android.commands.input.Input
08-06 02:00:49.124 21346 21346 I Input   : injectMotionEvent: MotionEvent { action=ACTION_DOWN, actionButton=0, id[0]=0, x[0]=405.0, y[0]=661.0, toolType[0]=TOOL_TYPE_UNKNOWN, buttonState=0, metaState=0, flags=0x0, edgeFlags=0x0, pointerCount=1, historySize=0, eventTime=842465537, downTime=842465537, deviceId=0, source=0x1002 }
08-06 02:00:49.128 21346 21346 I Input   : injectMotionEvent: MotionEvent { action=ACTION_UP, actionButton=0, id[0]=0, x[0]=405.0, y[0]=661.0, toolType[0]=TOOL_TYPE_UNKNOWN, buttonState=0, metaState=0, flags=0x0, edgeFlags=0x0, pointerCount=1, historySize=0, eventTime=842465537, downTime=842465537, deviceId=0, source=0x1002 }
08-06 02:00:49.131 21346 21346 D AndroidRuntime: Shutting down VM
08-06 02:00:49.156   512  2967 D audio_hw_primary: out_set_parameters: enter: usecase(1: low-latency-playback) kvpairs: routing=2
08-06 02:00:49.169   512  2967 D audio_hw_primary: select_devices: out_snd_device(2: speaker) in_snd_device(0: none)
08-06 02:00:49.169   512  2967 D msm8974_platform: platform_send_audio_calibration: sending audio calibration for snd_device(2) acdb_id(15)
08-06 02:00:49.169   512  2967 I soundtrigger: audio_extn_sound_trigger_update_device_status: device 0x2 of type 0 for Event 1
08-06 02:00:49.179   512  2967 D audio_hw_primary: enable_snd_device: snd_device(2: speaker)
08-06 02:00:49.181   512  2967 D audio_hw_primary: enable_audio_route: apply and update mixer path: low-latency-playback speaker
08-06 02:00:49.190 12075 12077 E QC-QMI  : qmi_client [12075] 5d3: failed to locate client data
08-06 02:00:49.191   519   519 E QC-QMI  : qmuxd: RX on fd=18 returned error=0 errno[2:No such file or directory]
08-06 02:00:49.191   519   519 E QC-QMI  : QMUX qmux_client_id=5d3 not found in qmux client list, unable to remove
08-06 02:00:49.192 12075 12075 I Atfwd_Daemon: Stop the daemon....
08-06 02:00:49.199 21369 21369 W ATFWD-daemon: type=1400 audit(0.0:739900): avc: denied { read write } for name="diag" dev="tmpfs" ino=1296 scontext=u:r:atfwd:s0 tcontext=u:object_r:diag_device:s0 tclass=chr_file permissive=0
08-06 02:00:49.214 21369 21369 I libmdmdetect: ESOC framework not supported
08-06 02:00:49.215 21369 21369 I libmdmdetect: Found internal modem: modem
08-06 02:00:49.215 21369 21369 E Diag_Lib:  Diag_LSM_Init: Failed to open handle to diag driver, error = 13
08-06 02:00:49.227   512  2967 D AudioFlinger: mixer(0xf4740000) throttle end: throttle time(12)
08-06 02:00:49.229 21369 21369 I Atfwd_Daemon: result : 255 	 ,Init step :0 	 ,qmiErrorCode: 0
08-06 02:00:49.229 21369 21369 I Atfwd_Daemon: result : 0 	 ,Init step :1 	 ,qmiErrorCode: 0
08-06 02:00:49.230 21369 21369 I ServiceManager: Waiting for service AtCmdFwd...
08-06 02:00:49.366 18522 18540 I art     : Starting a blocking GC Explicit
08-06 02:00:49.428 18522 18540 I art     : Explicit concurrent mark sweep GC freed 3608(163KB) AllocSpace objects, 11(300KB) LOS objects, 7% free, 185MB/201MB, paused 1.450ms total 61.258ms
08-06 02:00:49.448 18522 18540 I art     : Starting a blocking GC Explicit
08-06 02:00:49.506 18522 18540 I art     : Explicit concurrent mark sweep GC freed 908(51KB) AllocSpace objects, 0(0B) LOS objects, 7% free, 185MB/201MB, paused 1.415ms total 58.523ms
08-06 02:00:49.529 18522 18540 I art     : Starting a blocking GC Explicit
08-06 02:00:49.589 18522 18540 I art     : Explicit concurrent mark sweep GC freed 27(864B) AllocSpace objects, 0(0B) LOS objects, 7% free, 185MB/201MB, paused 1.349ms total 60.280ms
08-06 02:00:49.610 18522 18540 I art     : Starting a blocking GC Explicit
08-06 02:00:49.637   518   646 I ThermalEngine: ACTION: GPU - Setting GPU[0] to 390000000
08-06 02:00:49.678 18522 18540 I art     : Explicit concurrent mark sweep GC freed 3(96B) AllocSpace objects, 0(0B) LOS objects, 7% free, 185MB/201MB, paused 1.989ms total 68.226ms
08-06 02:00:49.704 18522 18540 I art     : Starting a blocking GC Explicit
08-06 02:00:49.718   512  2967 D audio_hw_primary: disable_audio_route: reset and update mixer path: low-latency-playback speaker
08-06 02:00:49.720   512  2967 D audio_hw_primary: disable_snd_device: snd_device(2: speaker)
08-06 02:00:49.728   512  2967 I soundtrigger: audio_extn_sound_trigger_update_device_status: device 0x2 of type 0 for Event 0
08-06 02:00:49.781 18522 18540 I art     : Explicit concurrent mark sweep GC freed 3(96B) AllocSpace objects, 0(0B) LOS objects, 7% free, 185MB/201MB, paused 2.161ms total 75.758ms
08-06 02:00:50.231 21369 21369 I ServiceManager: Waiting for service AtCmdFwd...
08-06 02:00:50.275 18522 18796 I art     : Starting a blocking GC Explicit
08-06 02:00:50.374 18522 18796 I art     : Explicit concurrent mark sweep GC freed 1679(95KB) AllocSpace objects, 2(48KB) LOS objects, 7% free, 185MB/201MB, paused 2.609ms total 98.148ms
08-06 02:00:50.406 18522 18796 I art     : Starting a blocking GC Explicit
08-06 02:00:50.483 18522 18796 I art     : Explicit concurrent mark sweep GC freed 49(2320B) AllocSpace objects, 0(0B) LOS objects, 7% free, 185MB/201MB, paused 2.176ms total 76.473ms
08-06 02:00:50.515 18522 18796 I art     : Starting a blocking GC Explicit
08-06 02:00:50.597 18522 18796 I art     : Explicit concurrent mark sweep GC freed 3(96B) AllocSpace objects, 0(0B) LOS objects, 7% free, 185MB/201MB, paused 2.570ms total 81.388ms
08-06 02:00:50.630 18522 18796 I art     : Starting a blocking GC Explicit
08-06 02:00:50.707 18522 18796 I art     : Explicit concurrent mark sweep GC freed 15(752B) AllocSpace objects, 0(0B) LOS objects, 7% free, 185MB/201MB, paused 2.203ms total 76.431ms
08-06 02:00:50.707 18522 18533 I art     : WaitForGcToComplete blocked for 61.752ms for cause HeapTrim
08-06 02:00:50.734 18522 18796 I art     : Starting a blocking GC Explicit
08-06 02:00:50.811 18522 18796 I art     : Explicit concurrent mark sweep GC freed 13(640B) AllocSpace objects, 0(0B) LOS objects, 7% free, 185MB/201MB, paused 2.204ms total 75.916ms
08-06 02:00:51.232 21369 21369 I ServiceManager: Waiting for service AtCmdFwd...
08-06 02:00:51.295 18522 18534 I art     : Starting a blocking GC Explicit
08-06 02:00:51.386 18522 18534 I art     : Explicit concurrent mark sweep GC freed 1623(93KB) AllocSpace objects, 2(48KB) LOS objects, 7% free, 185MB/201MB, paused 2.248ms total 89.950ms
08-06 02:00:51.413 18522 18534 I art     : Starting a blocking GC Explicit
08-06 02:00:51.485 18522 18534 I art     : Explicit concurrent mark sweep GC freed 28(1024B) AllocSpace objects, 0(0B) LOS objects, 7% free, 185MB/201MB, paused 2.128ms total 70.946ms
08-06 02:00:51.511 18522 18534 I art     : Starting a blocking GC Explicit
08-06 02:00:51.585 18522 18534 I art     : Explicit concurrent mark sweep GC freed 3(96B) AllocSpace objects, 0(0B) LOS objects, 7% free, 185MB/201MB, paused 2.115ms total 73.137ms
08-06 02:00:51.612 18522 18534 I art     : Starting a blocking GC Explicit
08-06 02:00:51.686 18522 18534 I art     : Explicit concurrent mark sweep GC freed 3(96B) AllocSpace objects, 0(0B) LOS objects, 7% free, 185MB/201MB, paused 2.176ms total 73.509ms
08-06 02:00:51.713 18522 18534 I art     : Starting a blocking GC Explicit
08-06 02:00:51.788 18522 18534 I art     : Explicit concurrent mark sweep GC freed 3(96B) AllocSpace objects, 0(0B) LOS objects, 7% free, 185MB/201MB, paused 2.280ms total 74.240ms
08-06 02:00:52.020 21393 21393 D AndroidRuntime: >>>>>> START com.android.internal.os.RuntimeInit uid 2000 <<<<<<
08-06 02:00:52.027 21393 21393 D AndroidRuntime: CheckJNI is OFF
08-06 02:00:52.077 21393 21393 D ICU     : No timezone override file found: /data/misc/zoneinfo/current/icu/icu_tzdata.dat
08-06 02:00:52.125 21393 21393 I Radio-JNI: register_android_hardware_Radio DONE
08-06 02:00:52.158 21393 21393 D AndroidRuntime: Calling main entry com.android.commands.input.Input
08-06 02:00:52.160 21393 21393 I Input   : injectMotionEvent: MotionEvent { action=ACTION_DOWN, actionButton=0, id[0]=0, x[0]=1341.0, y[0]=197.0, toolType[0]=TOOL_TYPE_UNKNOWN, buttonState=0, metaState=0, flags=0x0, edgeFlags=0x0, pointerCount=1, historySize=0, eventTime=842468572, downTime=842468572, deviceId=0, source=0x1002 }
08-06 02:00:52.165 21393 21393 I Input   : injectMotionEvent: MotionEvent { action=ACTION_UP, actionButton=0, id[0]=0, x[0]=1341.0, y[0]=197.0, toolType[0]=TOOL_TYPE_UNKNOWN, buttonState=0, metaState=0, flags=0x0, edgeFlags=0x0, pointerCount=1, historySize=0, eventTime=842468572, downTime=842468572, deviceId=0, source=0x1002 }
08-06 02:00:52.168 21393 21393 D AndroidRuntime: Shutting down VM
08-06 02:00:52.184   918  4413 I ActivityManager: START u0 {cmp=baseline.io.github.project_travel_mate/.notifications.NotificationsActivity} from uid 10696 on display 0
08-06 02:00:52.185   512  2967 D audio_hw_primary: out_set_parameters: enter: usecase(1: low-latency-playback) kvpairs: routing=2
08-06 02:00:52.201   512  2967 D audio_hw_primary: select_devices: out_snd_device(2: speaker) in_snd_device(0: none)
08-06 02:00:52.201   512  2967 D msm8974_platform: platform_send_audio_calibration: sending audio calibration for snd_device(2) acdb_id(15)
08-06 02:00:52.201   512  2967 I soundtrigger: audio_extn_sound_trigger_update_device_status: device 0x2 of type 0 for Event 1
08-06 02:00:52.221   512  2967 D audio_hw_primary: enable_snd_device: snd_device(2: speaker)
08-06 02:00:52.223   512  2967 D audio_hw_primary: enable_audio_route: apply and update mixer path: low-latency-playback speaker
08-06 02:00:52.232 21369 21369 I ServiceManager: Waiting for service AtCmdFwd...
08-06 02:00:52.240 18522 18592 D Gabe    : call	returning from cache
08-06 02:00:52.254 18522 18522 V EXECUTING: https://project-travel-mate.herokuapp.com/api/get-notifications
08-06 02:00:52.256 18522 18796 I art     : Starting a blocking GC Explicit
08-06 02:00:52.259 18522 18522 V EXECUTING: https://project-travel-mate.herokuapp.com/api/get-notifications
08-06 02:00:52.326 18522 18796 I art     : Explicit concurrent mark sweep GC freed 3418(198KB) AllocSpace objects, 2(48KB) LOS objects, 7% free, 185MB/201MB, paused 2.760ms total 69.387ms
08-06 02:00:52.353 18522 18796 I art     : Starting a blocking GC Explicit
08-06 02:00:52.420 18522 18796 I art     : Explicit concurrent mark sweep GC freed 578(27KB) AllocSpace objects, 0(0B) LOS objects, 7% free, 189MB/205MB, paused 2.190ms total 66.444ms
08-06 02:00:52.430   918   936 I ActivityManager: Displayed baseline.io.github.project_travel_mate/.notifications.NotificationsActivity: +232ms
08-06 02:00:52.430 13866 13866 I GoogleInputMethodServic: GoogleInputMethodService.onFinishInput():3138 
08-06 02:00:52.437 13866 13866 I GoogleInputMethodServic: GoogleInputMethodService.onStartInput():1808 
08-06 02:00:52.445 18522 18796 I art     : Starting a blocking GC Explicit
08-06 02:00:52.517 18522 18796 I art     : Explicit concurrent mark sweep GC freed 173(5KB) AllocSpace objects, 0(0B) LOS objects, 7% free, 189MB/205MB, paused 2.363ms total 70.954ms
08-06 02:00:52.542 18522 18796 I art     : Starting a blocking GC Explicit
08-06 02:00:52.617 18522 18796 I art     : Explicit concurrent mark sweep GC freed 93(1824B) AllocSpace objects, 0(0B) LOS objects, 7% free, 189MB/205MB, paused 2.371ms total 74.293ms
08-06 02:00:52.641   518   646 I ThermalEngine: ACTION: GPU - Setting GPU[0] to 450000000
08-06 02:00:52.644 18522 18796 I art     : Starting a blocking GC Explicit
08-06 02:00:52.682   380   380 W SurfaceFlinger: couldn't log to binary event log: overflow.
08-06 02:00:52.700 18522 18796 I art     : Explicit concurrent mark sweep GC freed 146(3KB) AllocSpace objects, 0(0B) LOS objects, 7% free, 189MB/205MB, paused 1.376ms total 56.178ms
08-06 02:00:52.758   512  2967 D audio_hw_primary: disable_audio_route: reset and update mixer path: low-latency-playback speaker
08-06 02:00:52.759   512  2967 D audio_hw_primary: disable_snd_device: snd_device(2: speaker)
08-06 02:00:52.767   512  2967 I soundtrigger: audio_extn_sound_trigger_update_device_status: device 0x2 of type 0 for Event 0
08-06 02:00:52.817 18522 21417 I NAPPA_EXPERIMENTATION: MetricNetworkRequestExecutionTime: REQUEST_DURATION_SYSTEM='562',REQUEST_DURATION_OKHTTP='41',REQUEST_SYNCHRONOUS='FALSE',RESPONSE_CODE='200',RESPONSE_METHOD='GET',RESPONSE_LENGTH_OKHTTP='2',RESPONSE_LENGTH_HEADER='2',REQUEST_PROTOCOL='http/1.1',REQUEST_URL='https://project-travel-mate.herokuapp.com/api/get-notifications',
08-06 02:00:52.843 18522 21418 I NAPPA_EXPERIMENTATION: MetricNetworkRequestExecutionTime: REQUEST_DURATION_SYSTEM='582',REQUEST_DURATION_OKHTTP='64',REQUEST_SYNCHRONOUS='FALSE',RESPONSE_CODE='200',RESPONSE_METHOD='GET',RESPONSE_LENGTH_OKHTTP='2',RESPONSE_LENGTH_HEADER='2',REQUEST_PROTOCOL='http/1.1',REQUEST_URL='https://project-travel-mate.herokuapp.com/api/get-notifications',
08-06 02:00:52.989 18522 18522 V Response: [] 
08-06 02:00:52.994 18522 18592 D Gabe    : call	returning from cache
08-06 02:00:52.995 18522 18522 V Response: [] 
08-06 02:00:52.998 18522 18592 D Gabe    : call	returning from cache
08-06 02:00:53.074 18522 18534 I art     : Starting a blocking GC Explicit
08-06 02:00:53.133 18522 18534 I art     : Explicit concurrent mark sweep GC freed 9856(470KB) AllocSpace objects, 9(636KB) LOS objects, 7% free, 190MB/206MB, paused 1.407ms total 59.107ms
08-06 02:00:53.152 18522 18534 I art     : Starting a blocking GC Explicit
08-06 02:00:53.207 18522 18534 I art     : Explicit concurrent mark sweep GC freed 3894(307KB) AllocSpace objects, 0(0B) LOS objects, 7% free, 190MB/206MB, paused 1.402ms total 55.022ms
08-06 02:00:53.227 18522 18534 I art     : Starting a blocking GC Explicit
08-06 02:00:53.234 21369 21369 I ServiceManager: Waiting for service AtCmdFwd...
08-06 02:00:53.281 18522 18534 I art     : Explicit concurrent mark sweep GC freed 309(5KB) AllocSpace objects, 0(0B) LOS objects, 7% free, 190MB/206MB, paused 1.440ms total 53.232ms
08-06 02:00:53.299 18522 18534 I art     : Starting a blocking GC Explicit
08-06 02:00:53.354 18522 18534 I art     : Explicit concurrent mark sweep GC freed 441(9KB) AllocSpace objects, 0(0B) LOS objects, 7% free, 190MB/206MB, paused 1.558ms total 54.464ms
08-06 02:00:53.373 18522 18534 I art     : Starting a blocking GC Explicit
08-06 02:00:53.427 18522 18534 I art     : Explicit concurrent mark sweep GC freed 487(15KB) AllocSpace objects, 0(0B) LOS objects, 7% free, 190MB/206MB, paused 1.324ms total 53.126ms
08-06 02:00:53.829 18522 18534 I art     : Starting a blocking GC Explicit
08-06 02:00:53.885 18522 18534 I art     : Explicit concurrent mark sweep GC freed 3557(125KB) AllocSpace objects, 2(48KB) LOS objects, 7% free, 190MB/206MB, paused 1.404ms total 55.668ms
08-06 02:00:53.904 18522 18534 I art     : Starting a blocking GC Explicit
08-06 02:00:53.961 18522 18534 I art     : Explicit concurrent mark sweep GC freed 425(8KB) AllocSpace objects, 0(0B) LOS objects, 7% free, 190MB/206MB, paused 1.365ms total 56.782ms
08-06 02:00:53.980 18522 18534 I art     : Starting a blocking GC Explicit
08-06 02:00:54.037 18522 18534 I art     : Explicit concurrent mark sweep GC freed 300(4KB) AllocSpace objects, 0(0B) LOS objects, 7% free, 190MB/206MB, paused 1.659ms total 56.068ms
08-06 02:00:54.054   918  3261 D WifiStateMachine: starting scan for "H369AA63323"WPA_PSK with 2412,5180
08-06 02:00:54.056 18522 18534 I art     : Starting a blocking GC Explicit
08-06 02:00:54.111 18522 18534 I art     : Explicit concurrent mark sweep GC freed 354(5KB) AllocSpace objects, 0(0B) LOS objects, 7% free, 190MB/206MB, paused 1.305ms total 55.076ms
08-06 02:00:54.130 18522 18534 I art     : Starting a blocking GC Explicit
08-06 02:00:54.185 18522 18534 I art     : Explicit concurrent mark sweep GC freed 286(4KB) AllocSpace objects, 0(0B) LOS objects, 7% free, 190MB/206MB, paused 1.394ms total 54.119ms
08-06 02:00:54.234 21369 21369 W Atfwd_Sendcmd: AtCmdFwd service not published, waiting... retryCnt : 1
08-06 02:00:54.599 18522 18535 I art     : Starting a blocking GC Explicit
08-06 02:00:54.649   518   646 I ThermalEngine: ACTION: GPU - Setting GPU[0] to 390000000
08-06 02:00:54.668 18522 18535 I art     : Explicit concurrent mark sweep GC freed 3653(125KB) AllocSpace objects, 2(48KB) LOS objects, 7% free, 190MB/206MB, paused 2.010ms total 68.259ms
08-06 02:00:54.693 18522 18535 I art     : Starting a blocking GC Explicit
08-06 02:00:54.758 18522 18535 I art     : Explicit concurrent mark sweep GC freed 419(7KB) AllocSpace objects, 0(0B) LOS objects, 7% free, 190MB/206MB, paused 2.190ms total 64.825ms
08-06 02:00:54.783 18522 18535 I art     : Starting a blocking GC Explicit
08-06 02:00:54.849 18522 18535 I art     : Explicit concurrent mark sweep GC freed 382(6KB) AllocSpace objects, 0(0B) LOS objects, 7% free, 190MB/206MB, paused 2.066ms total 65.402ms
08-06 02:00:54.874 18522 18535 I art     : Starting a blocking GC Explicit
08-06 02:00:54.939 18522 18535 I art     : Explicit concurrent mark sweep GC freed 362(5KB) AllocSpace objects, 0(0B) LOS objects, 7% free, 190MB/206MB, paused 2.170ms total 64.891ms
08-06 02:00:54.965 18522 18535 I art     : Starting a blocking GC Explicit
08-06 02:00:55.030 18522 18535 I art     : Explicit concurrent mark sweep GC freed 414(6KB) AllocSpace objects, 0(0B) LOS objects, 7% free, 190MB/206MB, paused 2.662ms total 65.149ms
08-06 02:00:55.471 18522 18535 I art     : Starting a blocking GC Explicit
08-06 02:00:55.538 18522 18535 I art     : Explicit concurrent mark sweep GC freed 3722(126KB) AllocSpace objects, 2(48KB) LOS objects, 7% free, 190MB/206MB, paused 2.164ms total 66.952ms
08-06 02:00:55.564 18522 18535 I art     : Starting a blocking GC Explicit
08-06 02:00:55.629 18522 18535 I art     : Explicit concurrent mark sweep GC freed 449(7KB) AllocSpace objects, 0(0B) LOS objects, 7% free, 190MB/206MB, paused 2.101ms total 64.868ms
08-06 02:00:55.655 18522 18535 I art     : Starting a blocking GC Explicit
08-06 02:00:55.721 18522 18535 I art     : Explicit concurrent mark sweep GC freed 352(5KB) AllocSpace objects, 0(0B) LOS objects, 7% free, 190MB/206MB, paused 2.189ms total 66.024ms
08-06 02:00:55.746 18522 18535 I art     : Starting a blocking GC Explicit
08-06 02:00:55.812 18522 18535 I art     : Explicit concurrent mark sweep GC freed 423(6KB) AllocSpace objects, 0(0B) LOS objects, 7% free, 190MB/206MB, paused 1.981ms total 65.276ms
08-06 02:00:55.837 18522 18535 I art     : Starting a blocking GC Explicit
08-06 02:00:55.903 18522 18535 I art     : Explicit concurrent mark sweep GC freed 354(5KB) AllocSpace objects, 0(0B) LOS objects, 7% free, 190MB/206MB, paused 1.924ms total 65.008ms
08-06 02:00:56.364 18522 18535 I art     : Starting a blocking GC Explicit
08-06 02:00:56.433 18522 18535 I art     : Explicit concurrent mark sweep GC freed 3887(129KB) AllocSpace objects, 2(48KB) LOS objects, 7% free, 190MB/206MB, paused 2.087ms total 69.222ms
08-06 02:00:56.459 18522 18535 I art     : Starting a blocking GC Explicit
08-06 02:00:56.524 18522 18535 I art     : Explicit concurrent mark sweep GC freed 397(7KB) AllocSpace objects, 0(0B) LOS objects, 7% free, 190MB/206MB, paused 1.957ms total 64.531ms
08-06 02:00:56.550 18522 18535 I art     : Starting a blocking GC Explicit
08-06 02:00:56.616 18522 18535 I art     : Explicit concurrent mark sweep GC freed 477(8KB) AllocSpace objects, 0(0B) LOS objects, 7% free, 190MB/206MB, paused 2.006ms total 65.655ms
08-06 02:00:56.641 18522 18535 I art     : Starting a blocking GC Explicit
08-06 02:00:56.705 18522 18535 I art     : Explicit concurrent mark sweep GC freed 524(16KB) AllocSpace objects, 0(0B) LOS objects, 7% free, 190MB/206MB, paused 2.045ms total 63.961ms
08-06 02:00:56.729 18522 18535 I art     : Starting a blocking GC Explicit
08-06 02:00:56.793 18522 18535 I art     : Explicit concurrent mark sweep GC freed 380(6KB) AllocSpace objects, 0(0B) LOS objects, 7% free, 190MB/206MB, paused 1.980ms total 63.697ms
08-06 02:00:57.039 21474 21474 D AndroidRuntime: >>>>>> START com.android.internal.os.RuntimeInit uid 2000 <<<<<<
08-06 02:00:57.044 21474 21474 D AndroidRuntime: CheckJNI is OFF
08-06 02:00:57.098 21474 21474 D ICU     : No timezone override file found: /data/misc/zoneinfo/current/icu/icu_tzdata.dat
08-06 02:00:57.163 21474 21474 I Radio-JNI: register_android_hardware_Radio DONE
08-06 02:00:57.195 21474 21474 D AndroidRuntime: Calling main entry com.android.commands.input.Input
08-06 02:00:57.196 21474 21474 I Input   : injectKeyEvent: KeyEvent { action=ACTION_DOWN, keyCode=KEYCODE_BACK, scanCode=0, metaState=0, flags=0x0, repeatCount=0, eventTime=842473609, downTime=842473609, deviceId=-1, source=0x101 }
08-06 02:00:57.203 21474 21474 I Input   : injectKeyEvent: KeyEvent { action=ACTION_UP, keyCode=KEYCODE_BACK, scanCode=0, metaState=0, flags=0x0, repeatCount=0, eventTime=842473609, downTime=842473609, deviceId=-1, source=0x101 }
08-06 02:00:57.224 21474 21474 D AndroidRuntime: Shutting down VM
08-06 02:00:57.241 18522 18540 I art     : Starting a blocking GC Explicit
08-06 02:00:57.252 18522 18522 V MainActivity: url = https://project-travel-mate.herokuapp.com/api/number-of-unread-notifications
08-06 02:00:57.310 18522 18540 I art     : Explicit concurrent mark sweep GC freed 3901(137KB) AllocSpace objects, 2(48KB) LOS objects, 7% free, 190MB/206MB, paused 2.516ms total 68.121ms
08-06 02:00:57.325 13866 13866 I GoogleInputMethodServic: GoogleInputMethodService.onFinishInput():3138 
08-06 02:00:57.326 13866 13866 I GoogleInputMethodServic: GoogleInputMethodService.onStartInput():1808 
08-06 02:00:57.337 18522 18540 I art     : Starting a blocking GC Explicit
08-06 02:00:57.406 18522 18540 I art     : Explicit concurrent mark sweep GC freed 381(12KB) AllocSpace objects, 0(0B) LOS objects, 7% free, 190MB/206MB, paused 2.025ms total 68.459ms
08-06 02:00:57.434 18522 18540 I art     : Starting a blocking GC Explicit
08-06 02:00:57.527 18522 18540 I art     : Explicit concurrent mark sweep GC freed 105(3KB) AllocSpace objects, 0(0B) LOS objects, 7% free, 190MB/206MB, paused 2.586ms total 93.253ms
08-06 02:00:57.563 18522 18540 I art     : Starting a blocking GC Explicit
08-06 02:00:57.604   380   380 W SurfaceFlinger: couldn't log to binary event log: overflow.
08-06 02:00:57.645 18522 18540 I art     : Explicit concurrent mark sweep GC freed 89(2720B) AllocSpace objects, 0(0B) LOS objects, 7% free, 190MB/206MB, paused 2.031ms total 81.726ms
08-06 02:00:57.670 18522 18540 I art     : Starting a blocking GC Explicit
08-06 02:00:57.744 18522 18540 I art     : Explicit concurrent mark sweep GC freed 16(608B) AllocSpace objects, 1(4MB) LOS objects, 7% free, 185MB/201MB, paused 2.224ms total 73.840ms
08-06 02:00:58.047 18522 21497 I NAPPA_EXPERIMENTATION: MetricNetworkRequestExecutionTime: REQUEST_DURATION_SYSTEM='793',REQUEST_DURATION_OKHTTP='47',REQUEST_SYNCHRONOUS='FALSE',RESPONSE_CODE='200',RESPONSE_METHOD='GET',RESPONSE_LENGTH_OKHTTP='36',RESPONSE_LENGTH_HEADER='36',REQUEST_PROTOCOL='http/1.1',REQUEST_URL='https://project-travel-mate.herokuapp.com/api/number-of-unread-notifications',
08-06 02:00:58.222 18522 18535 I art     : Starting a blocking GC Explicit
08-06 02:00:58.319 18522 18535 I art     : Explicit concurrent mark sweep GC freed 8112(417KB) AllocSpace objects, 7(304KB) LOS objects, 7% free, 185MB/201MB, paused 2.662ms total 95.829ms
08-06 02:00:58.350 18522 18535 I art     : Starting a blocking GC Explicit
08-06 02:00:58.431 18522 18535 I art     : Explicit concurrent mark sweep GC freed 1003(118KB) AllocSpace objects, 0(0B) LOS objects, 7% free, 185MB/201MB, paused 2.899ms total 80.772ms
08-06 02:00:58.465 18522 18535 I art     : Starting a blocking GC Explicit
08-06 02:00:58.540 18522 18535 I art     : Explicit concurrent mark sweep GC freed 12(576B) AllocSpace objects, 0(0B) LOS objects, 7% free, 185MB/201MB, paused 2.379ms total 74.934ms
08-06 02:00:58.568 18522 18535 I art     : Starting a blocking GC Explicit
08-06 02:00:58.643 18522 18535 I art     : Explicit concurrent mark sweep GC freed 17(528B) AllocSpace objects, 0(0B) LOS objects, 7% free, 185MB/201MB, paused 2.269ms total 74.432ms
08-06 02:00:58.671 18522 18535 I art     : Starting a blocking GC Explicit
08-06 02:00:58.746 18522 18535 I art     : Explicit concurrent mark sweep GC freed 3(96B) AllocSpace objects, 0(0B) LOS objects, 7% free, 185MB/201MB, paused 2.182ms total 75.095ms
08-06 02:00:59.119 21510 21510 D AndroidRuntime: >>>>>> START com.android.internal.os.RuntimeInit uid 2000 <<<<<<
08-06 02:00:59.126 21510 21510 D AndroidRuntime: CheckJNI is OFF
08-06 02:00:59.182 21510 21510 D ICU     : No timezone override file found: /data/misc/zoneinfo/current/icu/icu_tzdata.dat
08-06 02:00:59.222 18522 18796 I art     : Starting a blocking GC Explicit
08-06 02:00:59.228 21510 21510 I Radio-JNI: register_android_hardware_Radio DONE
08-06 02:00:59.235 21369 21369 I ServiceManager: Waiting for service AtCmdFwd...
08-06 02:00:59.260 21510 21510 D AndroidRuntime: Calling main entry com.android.commands.input.Input
08-06 02:00:59.263 21510 21510 I Input   : injectMotionEvent: MotionEvent { action=ACTION_DOWN, actionButton=0, id[0]=0, x[0]=117.0, y[0]=170.0, toolType[0]=TOOL_TYPE_UNKNOWN, buttonState=0, metaState=0, flags=0x0, edgeFlags=0x0, pointerCount=1, historySize=0, eventTime=842475675, downTime=842475675, deviceId=0, source=0x1002 }
08-06 02:00:59.269 21510 21510 I Input   : injectMotionEvent: MotionEvent { action=ACTION_UP, actionButton=0, id[0]=0, x[0]=117.0, y[0]=170.0, toolType[0]=TOOL_TYPE_UNKNOWN, buttonState=0, metaState=0, flags=0x0, edgeFlags=0x0, pointerCount=1, historySize=0, eventTime=842475675, downTime=842475675, deviceId=0, source=0x1002 }
08-06 02:00:59.272 21510 21510 D AndroidRuntime: Shutting down VM
08-06 02:00:59.280   512  2967 D audio_hw_primary: out_set_parameters: enter: usecase(1: low-latency-playback) kvpairs: routing=2
08-06 02:00:59.293   512  2967 D audio_hw_primary: select_devices: out_snd_device(2: speaker) in_snd_device(0: none)
08-06 02:00:59.294   512  2967 D msm8974_platform: platform_send_audio_calibration: sending audio calibration for snd_device(2) acdb_id(15)
08-06 02:00:59.294   512  2967 I soundtrigger: audio_extn_sound_trigger_update_device_status: device 0x2 of type 0 for Event 1
08-06 02:00:59.300 18522 18796 I art     : Explicit concurrent mark sweep GC freed 1621(93KB) AllocSpace objects, 2(48KB) LOS objects, 7% free, 185MB/201MB, paused 2.633ms total 78.179ms
08-06 02:00:59.304   512  2967 D audio_hw_primary: enable_snd_device: snd_device(2: speaker)
08-06 02:00:59.307   512  2967 D audio_hw_primary: enable_audio_route: apply and update mixer path: low-latency-playback speaker
08-06 02:00:59.329 18522 18796 I art     : Starting a blocking GC Explicit
08-06 02:00:59.408 18522 18796 I art     : Explicit concurrent mark sweep GC freed 463(22KB) AllocSpace objects, 0(0B) LOS objects, 7% free, 185MB/201MB, paused 2.728ms total 78.903ms
08-06 02:00:59.441 18522 18796 I art     : Starting a blocking GC Explicit
08-06 02:00:59.525 18522 18796 I art     : Explicit concurrent mark sweep GC freed 25(1104B) AllocSpace objects, 0(0B) LOS objects, 7% free, 185MB/201MB, paused 2.235ms total 82.865ms
08-06 02:00:59.563 18522 18796 I art     : Starting a blocking GC Explicit
08-06 02:00:59.632 18522 18796 I art     : Explicit concurrent mark sweep GC freed 5(160B) AllocSpace objects, 0(0B) LOS objects, 7% free, 185MB/201MB, paused 2.042ms total 68.519ms
08-06 02:00:59.658 18522 18796 I art     : Starting a blocking GC Explicit
08-06 02:00:59.737 18522 18796 I art     : Explicit concurrent mark sweep GC freed 18(880B) AllocSpace objects, 0(0B) LOS objects, 7% free, 185MB/201MB, paused 2.237ms total 78.179ms
08-06 02:00:59.849   512  2967 D audio_hw_primary: disable_audio_route: reset and update mixer path: low-latency-playback speaker
08-06 02:00:59.850   512  2967 D audio_hw_primary: disable_snd_device: snd_device(2: speaker)
08-06 02:00:59.858   512  2967 I soundtrigger: audio_extn_sound_trigger_update_device_status: device 0x2 of type 0 for Event 0
08-06 02:01:00.178 21534 21534 D AndroidRuntime: >>>>>> START com.android.internal.os.RuntimeInit uid 2000 <<<<<<
08-06 02:01:00.184 21534 21534 D AndroidRuntime: CheckJNI is OFF
08-06 02:01:00.201 18522 18540 I art     : Starting a blocking GC Explicit
08-06 02:01:00.235 21369 21369 I ServiceManager: Waiting for service AtCmdFwd...
08-06 02:01:00.238 21534 21534 D ICU     : No timezone override file found: /data/misc/zoneinfo/current/icu/icu_tzdata.dat
08-06 02:01:00.277 18522 18540 I art     : Explicit concurrent mark sweep GC freed 1604(92KB) AllocSpace objects, 2(48KB) LOS objects, 7% free, 185MB/201MB, paused 2.143ms total 75.701ms
08-06 02:01:00.282 21534 21534 I Radio-JNI: register_android_hardware_Radio DONE
08-06 02:01:00.304 18522 18540 I art     : Starting a blocking GC Explicit
08-06 02:01:00.314 21534 21534 D AndroidRuntime: Calling main entry com.android.commands.input.Input
08-06 02:01:00.316 21534 21534 I Input   : injectMotionEvent: MotionEvent { action=ACTION_DOWN, actionButton=0, id[0]=0, x[0]=418.0, y[0]=842.0, toolType[0]=TOOL_TYPE_UNKNOWN, buttonState=0, metaState=0, flags=0x0, edgeFlags=0x0, pointerCount=1, historySize=0, eventTime=842476728, downTime=842476728, deviceId=0, source=0x1002 }
08-06 02:01:00.321 21534 21534 I Input   : injectMotionEvent: MotionEvent { action=ACTION_UP, actionButton=0, id[0]=0, x[0]=418.0, y[0]=842.0, toolType[0]=TOOL_TYPE_UNKNOWN, buttonState=0, metaState=0, flags=0x0, edgeFlags=0x0, pointerCount=1, historySize=0, eventTime=842476728, downTime=842476728, deviceId=0, source=0x1002 }
08-06 02:01:00.323 21534 21534 D AndroidRuntime: Shutting down VM
08-06 02:01:00.346   512  2967 D audio_hw_primary: out_set_parameters: enter: usecase(1: low-latency-playback) kvpairs: routing=2
08-06 02:01:00.351 18522 18592 D Gabe    : call	returning from cache
08-06 02:01:00.359   512  2967 D audio_hw_primary: select_devices: out_snd_device(2: speaker) in_snd_device(0: none)
08-06 02:01:00.359   512  2967 D msm8974_platform: platform_send_audio_calibration: sending audio calibration for snd_device(2) acdb_id(15)
08-06 02:01:00.359   512  2967 I soundtrigger: audio_extn_sound_trigger_update_device_status: device 0x2 of type 0 for Event 1
08-06 02:01:00.370   512  2967 D audio_hw_primary: enable_snd_device: snd_device(2: speaker)
08-06 02:01:00.372   512  2967 D audio_hw_primary: enable_audio_route: apply and update mixer path: low-latency-playback speaker
08-06 02:01:00.380 18522 18540 I art     : Explicit concurrent mark sweep GC freed 611(27KB) AllocSpace objects, 0(0B) LOS objects, 7% free, 185MB/201MB, paused 2.871ms total 75.683ms
08-06 02:01:00.390 18522 18522 V MainActivity: url = https://project-travel-mate.herokuapp.com/api/number-of-unread-notifications
08-06 02:01:00.406 18522 18540 I art     : Starting a blocking GC Explicit
08-06 02:01:00.420   512  2967 D AudioFlinger: mixer(0xf4740000) throttle end: throttle time(12)
08-06 02:01:00.484 18522 18540 I art     : Explicit concurrent mark sweep GC freed 765(51KB) AllocSpace objects, 0(0B) LOS objects, 7% free, 185MB/201MB, paused 2.846ms total 77.349ms
08-06 02:01:00.511 18522 18540 I art     : Starting a blocking GC Explicit
08-06 02:01:00.586 18522 18540 I art     : Explicit concurrent mark sweep GC freed 419(27KB) AllocSpace objects, 0(0B) LOS objects, 7% free, 185MB/201MB, paused 2.680ms total 74.987ms
08-06 02:01:00.613 18522 18540 I art     : Starting a blocking GC Explicit
08-06 02:01:00.688 18522 18540 I art     : Explicit concurrent mark sweep GC freed 668(39KB) AllocSpace objects, 0(0B) LOS objects, 7% free, 186MB/202MB, paused 2.663ms total 75.421ms
08-06 02:01:00.919   512  2967 D audio_hw_primary: disable_audio_route: reset and update mixer path: low-latency-playback speaker
08-06 02:01:00.921   512  2967 D audio_hw_primary: disable_snd_device: snd_device(2: speaker)
08-06 02:01:00.930   512  2967 I soundtrigger: audio_extn_sound_trigger_update_device_status: device 0x2 of type 0 for Event 0
08-06 02:01:01.085 18522 18522 I Choreographer: Skipped 40 frames!  The application may be doing too much work on its main thread.
08-06 02:01:01.160 18522 18535 I art     : Starting a blocking GC Explicit
08-06 02:01:01.210 18522 21557 I NAPPA_EXPERIMENTATION: MetricNetworkRequestExecutionTime: REQUEST_DURATION_SYSTEM='818',REQUEST_DURATION_OKHTTP='32',REQUEST_SYNCHRONOUS='FALSE',RESPONSE_CODE='200',RESPONSE_METHOD='GET',RESPONSE_LENGTH_OKHTTP='36',RESPONSE_LENGTH_HEADER='36',REQUEST_PROTOCOL='http/1.1',REQUEST_URL='https://project-travel-mate.herokuapp.com/api/number-of-unread-notifications',
08-06 02:01:01.236 21369 21369 I ServiceManager: Waiting for service AtCmdFwd...
08-06 02:01:01.254 18522 18535 I art     : Explicit concurrent mark sweep GC freed 7230(385KB) AllocSpace objects, 14(508KB) LOS objects, 7% free, 186MB/202MB, paused 2.807ms total 92.884ms
08-06 02:01:01.281 18522 18535 I art     : Starting a blocking GC Explicit
08-06 02:01:01.368 18522 18535 I art     : Explicit concurrent mark sweep GC freed 3236(221KB) AllocSpace objects, 0(0B) LOS objects, 7% free, 186MB/202MB, paused 2.550ms total 86.445ms
08-06 02:01:01.394 18522 18535 I art     : Starting a blocking GC Explicit
08-06 02:01:01.474 18522 18535 I art     : Explicit concurrent mark sweep GC freed 205(5KB) AllocSpace objects, 0(0B) LOS objects, 7% free, 186MB/202MB, paused 2.261ms total 79.551ms
08-06 02:01:01.503 18522 18535 I art     : Starting a blocking GC Explicit
08-06 02:01:01.588 18522 18535 I art     : Explicit concurrent mark sweep GC freed 185(3KB) AllocSpace objects, 0(0B) LOS objects, 7% free, 186MB/202MB, paused 2.191ms total 84.707ms
08-06 02:01:01.618 18522 18535 I art     : Starting a blocking GC Explicit
08-06 02:01:01.701 18522 18535 I art     : Explicit concurrent mark sweep GC freed 170(2864B) AllocSpace objects, 0(0B) LOS objects, 7% free, 186MB/202MB, paused 2.316ms total 82.237ms
08-06 02:01:02.180 18522 18535 I art     : Starting a blocking GC Explicit
08-06 02:01:02.228   918  1210 D NetlinkSocketObserver: NeighborEvent{elapsedMs=1825866103, 192.168.2.254, [7C3953A63323], RTM_NEWNEIGH, NUD_STALE}
08-06 02:01:02.236 21369 21369 I ServiceManager: Waiting for service AtCmdFwd...
08-06 02:01:02.271 18522 18535 I art     : Explicit concurrent mark sweep GC freed 2444(107KB) AllocSpace objects, 2(64KB) LOS objects, 7% free, 186MB/202MB, paused 3.303ms total 90.462ms
08-06 02:01:02.301 18522 18535 I art     : Starting a blocking GC Explicit
08-06 02:01:02.384 18522 18535 I art     : Explicit concurrent mark sweep GC freed 253(5KB) AllocSpace objects, 0(0B) LOS objects, 7% free, 186MB/202MB, paused 2.366ms total 82.057ms
08-06 02:01:02.413 18522 18535 I art     : Starting a blocking GC Explicit
08-06 02:01:02.499 18522 18535 I art     : Explicit concurrent mark sweep GC freed 171(2896B) AllocSpace objects, 0(0B) LOS objects, 7% free, 186MB/202MB, paused 2.440ms total 84.717ms
08-06 02:01:02.528 18522 18535 I art     : Starting a blocking GC Explicit
08-06 02:01:02.611 18522 18535 I art     : Explicit concurrent mark sweep GC freed 147(2496B) AllocSpace objects, 0(0B) LOS objects, 7% free, 186MB/202MB, paused 2.236ms total 82.994ms
08-06 02:01:02.640 18522 18535 I art     : Starting a blocking GC Explicit
08-06 02:01:02.719 18522 18535 I art     : Explicit concurrent mark sweep GC freed 183(3KB) AllocSpace objects, 0(0B) LOS objects, 7% free, 186MB/202MB, paused 2.294ms total 79.054ms
08-06 02:01:03.182 18522 18534 I art     : Starting a blocking GC Explicit
08-06 02:01:03.237 21369 21369 I ServiceManager: Waiting for service AtCmdFwd...
08-06 02:01:03.264 18522 18534 I art     : Explicit concurrent mark sweep GC freed 2365(105KB) AllocSpace objects, 2(64KB) LOS objects, 7% free, 186MB/202MB, paused 2.367ms total 81.427ms
08-06 02:01:03.266 21583 21583 D AndroidRuntime: >>>>>> START com.android.internal.os.RuntimeInit uid 2000 <<<<<<
08-06 02:01:03.272 21583 21583 D AndroidRuntime: CheckJNI is OFF
08-06 02:01:03.292 18522 18534 I art     : Starting a blocking GC Explicit
08-06 02:01:03.326 21583 21583 D ICU     : No timezone override file found: /data/misc/zoneinfo/current/icu/icu_tzdata.dat
08-06 02:01:03.370 18522 18534 I art     : Explicit concurrent mark sweep GC freed 232(4KB) AllocSpace objects, 0(0B) LOS objects, 7% free, 186MB/202MB, paused 2.323ms total 76.875ms
08-06 02:01:03.372 21583 21583 I Radio-JNI: register_android_hardware_Radio DONE
08-06 02:01:03.397 18522 18534 I art     : Starting a blocking GC Explicit
08-06 02:01:03.404 21583 21583 D AndroidRuntime: Calling main entry com.android.commands.am.Am
08-06 02:01:03.412  3167  3167 I Trepn   : Trepn 6.2s: Received intent: com.quicinc.trepn.stop_profiling
08-06 02:01:03.452  3167  3167 I Trepn   : Trepn 6.2s: Trepn has Stopped Profiling.
08-06 02:01:03.475 18522 18534 I art     : Explicit concurrent mark sweep GC freed 148(2528B) AllocSpace objects, 0(0B) LOS objects, 7% free, 186MB/202MB, paused 2.193ms total 77.523ms
08-06 02:01:03.504 18522 18534 I art     : Starting a blocking GC Explicit
08-06 02:01:03.586 18522 18534 I art     : Explicit concurrent mark sweep GC freed 170(2864B) AllocSpace objects, 0(0B) LOS objects, 7% free, 186MB/202MB, paused 2.271ms total 82.417ms
08-06 02:01:03.615 18522 18534 I art     : Starting a blocking GC Explicit
08-06 02:01:03.619 21583 21583 D AndroidRuntime: Shutting down VM
08-06 02:01:03.621   918   928 W AppOps  : Finishing op nesting under-run: uid 10078 pkg com.quicinc.trepn code 24 time=0 duration=0 nesting=0
08-06 02:01:03.662   518   646 I ThermalEngine: ACTION: GPU - Setting GPU[0] to 450000000
08-06 02:01:03.682 18522 18534 I art     : Explicit concurrent mark sweep GC freed 148(2528B) AllocSpace objects, 0(0B) LOS objects, 7% free, 186MB/202MB, paused 1.448ms total 66.337ms
08-06 02:01:04.096 18522 18796 I art     : Starting a blocking GC Explicit
08-06 02:01:04.164 18522 18796 I art     : Explicit concurrent mark sweep GC freed 2259(103KB) AllocSpace objects, 2(64KB) LOS objects, 7% free, 186MB/202MB, paused 1.575ms total 67.306ms
08-06 02:01:04.185 18522 18796 I art     : Starting a blocking GC Explicit
08-06 02:01:04.237 21369 21369 W Atfwd_Sendcmd: AtCmdFwd service not published, waiting... retryCnt : 2
08-06 02:01:04.252 18522 18796 I art     : Explicit concurrent mark sweep GC freed 179(3KB) AllocSpace objects, 0(0B) LOS objects, 7% free, 186MB/202MB, paused 1.479ms total 66.579ms
08-06 02:01:04.272 18522 18796 I art     : Starting a blocking GC Explicit
08-06 02:01:04.338 18522 18796 I art     : Explicit concurrent mark sweep GC freed 180(4KB) AllocSpace objects, 0(0B) LOS objects, 7% free, 186MB/202MB, paused 1.501ms total 65.463ms
08-06 02:01:04.359 18522 18796 I art     : Starting a blocking GC Explicit
08-06 02:01:04.424 18522 18796 I art     : Explicit concurrent mark sweep GC freed 151(2960B) AllocSpace objects, 0(0B) LOS objects, 7% free, 186MB/202MB, paused 1.604ms total 64.560ms
08-06 02:01:04.445 18522 18796 I art     : Starting a blocking GC Explicit
08-06 02:01:04.510 18522 18796 I art     : Explicit concurrent mark sweep GC freed 122(2064B) AllocSpace objects, 0(0B) LOS objects, 7% free, 186MB/202MB, paused 1.566ms total 64.595ms
