--------- beginning of main
08-06 05:27:58.557  5342  5342 D AndroidRuntime: >>>>>> START com.android.internal.os.RuntimeInit uid 2000 <<<<<<
08-06 05:27:58.565  5342  5342 D AndroidRuntime: CheckJNI is OFF
08-06 05:27:58.603  5342  5342 D ICU     : No timezone override file found: /data/misc/zoneinfo/current/icu/icu_tzdata.dat
08-06 05:27:58.635  5342  5342 I Radio-JNI: register_android_hardware_Radio DONE
08-06 05:27:58.653  5342  5342 D AndroidRuntime: Calling main entry com.android.commands.monkey.Monkey
--------- beginning of system
08-06 05:27:58.669   918   931 W BroadcastQueue: Skipping deliver [background] BroadcastRecord{9e54ce8 u-1 android.net.conn.CONNECTIVITY_CHANGE} to ReceiverList{7809f01 5342 (unknown name)/2000/u-1 remote:732d1da}: process crashing
08-06 05:27:58.680   918  6111 I ActivityManager: START u0 {act=android.intent.action.MAIN cat=[android.intent.category.LAUNCHER] flg=0x10200000 cmp=baseline.io.github.project_travel_mate/.SplashActivity} from uid 2000 on display 0
08-06 05:27:58.713   918  6112 I ActivityManager: Start proc 5351:baseline.io.github.project_travel_mate/u0a696 for activity baseline.io.github.project_travel_mate/.SplashActivity
08-06 05:27:58.713  5351  5351 I art     : Late-enabling -Xcheck:jni
08-06 05:27:58.724  5342  5342 I art     : System.exit called, status: 0
08-06 05:27:58.724  5342  5342 I AndroidRuntime: VM exiting with result code 0.
08-06 05:27:58.772  5351  5351 W System  : ClassLoader referenced unknown path: /data/app/baseline.io.github.project_travel_mate-1/lib/arm64
08-06 05:27:58.787 16458  6583 I PBSessionCacheImpl: Deleted sessionId[72384646105454640] from persistence.
08-06 05:27:58.791 16458 16488 W SearchServiceCore: Abort, client detached.
08-06 05:27:58.791 16458 16488 I MicroDetectionState: Should stop hotword detection immediately - true
08-06 05:27:58.793  5351  5351 W art     : Before Android 4.1, method android.graphics.PorterDuffColorFilter androidx.vectordrawable.graphics.drawable.VectorDrawableCompat.updateTintFilter(android.graphics.PorterDuffColorFilter, android.content.res.ColorStateList, android.graphics.PorterDuff$Mode) would have incorrectly overridden the package-private method in android.graphics.drawable.Drawable
08-06 05:27:58.807  5351  5351 I art     : Rejecting re-init on previously-failed class java.lang.Class<androidx.core.view.ViewCompat$OnUnhandledKeyEventListenerWrapper>
08-06 05:27:58.807  5351  5351 I art     : Rejecting re-init on previously-failed class java.lang.Class<androidx.core.view.ViewCompat$OnUnhandledKeyEventListenerWrapper>
08-06 05:27:58.832  5351  5366 D OpenGLRenderer: Use EGL_SWAP_BEHAVIOR_PRESERVED: true
08-06 05:27:58.865  5351  5366 I Adreno  : QUALCOMM build                   : fcf4852, I1af360237c
08-06 05:27:58.865  5351  5366 I Adreno  : Build Date                       : 09/23/15
08-06 05:27:58.865  5351  5366 I Adreno  : OpenGL ES Shader Compiler Version: XE031.05.13.02
08-06 05:27:58.865  5351  5366 I Adreno  : Local Branch                     : mybranch14465806
08-06 05:27:58.865  5351  5366 I Adreno  : Remote Branch                    : quic/LA.BF64.1.2.9_v2
08-06 05:27:58.865  5351  5366 I Adreno  : Remote Branch                    : NONE
08-06 05:27:58.865  5351  5366 I Adreno  : Reconstruct Branch               : NOTHING
08-06 05:27:58.870  5351  5366 I OpenGLRenderer: Initialized EGL, version 1.4
08-06 05:27:58.963   918   936 I ActivityManager: Displayed baseline.io.github.project_travel_mate/.SplashActivity: +276ms
08-06 05:27:58.967 13866 13866 I GoogleInputMethodServic: GoogleInputMethodService.onFinishInput():3138 
08-06 05:27:58.968 13866 13866 I GoogleInputMethodServic: GoogleInputMethodService.onStartInput():1808 
08-06 05:28:00.235  5382  5382 D AndroidRuntime: >>>>>> START com.android.internal.os.RuntimeInit uid 2000 <<<<<<
08-06 05:28:00.239  5382  5382 D AndroidRuntime: CheckJNI is OFF
08-06 05:28:00.264  5382  5382 D ICU     : No timezone override file found: /data/misc/zoneinfo/current/icu/icu_tzdata.dat
08-06 05:28:00.289  5382  5382 I Radio-JNI: register_android_hardware_Radio DONE
08-06 05:28:00.304  5382  5382 D AndroidRuntime: Calling main entry com.android.commands.am.Am
08-06 05:28:00.311  3167  3167 I Trepn   : Trepn 6.2s: Received intent: com.quicinc.trepn.start_profiling
08-06 05:28:00.385  3167  3167 W FileUtils: Failed to chmod(/storage/emulated/0/trepn/Trepn_2020.08.06_052800.db): android.system.ErrnoException: chmod failed: EPERM (Operation not permitted)
08-06 05:28:00.455  3167  3167 I Trepn   : Trepn 6.2s: Trepn has Started Profiling.
08-06 05:28:00.455  5382  5382 D AndroidRuntime: Shutting down VM
08-06 05:28:00.933   918  6029 I ActivityManager: START u0 {cmp=baseline.io.github.project_travel_mate/.MainActivity} from uid 10696 on display 0
08-06 05:28:00.992  5351  5369 I art     : Starting a blocking GC Explicit
08-06 05:28:01.032  5351  5369 I art     : Explicit concurrent mark sweep GC freed 62729(3MB) AllocSpace objects, 2(40KB) LOS objects, 40% free, 21MB/35MB, paused 1ms total 39.357ms
08-06 05:28:01.043  5351  5369 I art     : Starting a blocking GC Explicit
08-06 05:28:01.054  5351  5369 I art     : Explicit concurrent mark sweep GC freed 3205(291KB) AllocSpace objects, 1(20KB) LOS objects, 40% free, 21MB/35MB, paused 619us total 10.858ms
08-06 05:28:01.057  5351  5351 W Settings: Setting airplane_mode_on has moved from android.provider.Settings.System to android.provider.Settings.Global, returning read-only value.
08-06 05:28:01.062  5351  5369 I art     : Starting a blocking GC Explicit
08-06 05:28:01.068  5351  5351 V MainActivity: url=https://project-travel-mate.herokuapp.com/api/get-user
08-06 05:28:01.073  5351  5369 I art     : Explicit concurrent mark sweep GC freed 492(69KB) AllocSpace objects, 0(0B) LOS objects, 40% free, 22MB/37MB, paused 558us total 10.484ms
08-06 05:28:01.081  5351  5369 I art     : Starting a blocking GC Explicit
08-06 05:28:01.093  5351  5369 I art     : Explicit concurrent mark sweep GC freed 2074(143KB) AllocSpace objects, 0(0B) LOS objects, 40% free, 22MB/37MB, paused 812us total 12.281ms
08-06 05:28:01.101  5351  5415 W LOTTIE  : Unknown mask mode mode. Defaulting to Add.
08-06 05:28:01.101  5351  5369 I art     : Starting a blocking GC Explicit
08-06 05:28:01.112  5351  5415 W LOTTIE  : You have 5 images. Lottie should primarily be used with shapes. If you are using Adobe Illustrator, convert the Illustrator layers to shape layers.
08-06 05:28:01.113  5351  5415 W LOTTIE  : Unknown mask mode mode. Defaulting to Add.
08-06 05:28:01.114  5351  5415 W LOTTIE  : Unknown mask mode mode. Defaulting to Add.
08-06 05:28:01.118  5351  5369 I art     : Explicit concurrent mark sweep GC freed 4381(276KB) AllocSpace objects, 0(0B) LOS objects, 40% free, 22MB/38MB, paused 1.138ms total 15.969ms
08-06 05:28:01.149  5351  5351 V CityFragment: url=https://project-travel-mate.herokuapp.com/api/get-all-cities/10
08-06 05:28:01.243  5351  5351 E RecyclerView: No adapter attached; skipping layout
08-06 05:28:01.374  5351  5369 I art     : Starting a blocking GC Explicit
08-06 05:28:01.389  5351  5369 I art     : Explicit concurrent mark sweep GC freed 12277(652KB) AllocSpace objects, 1(20KB) LOS objects, 36% free, 27MB/43MB, paused 238us total 14.309ms
08-06 05:28:01.395  5351  5351 V MainActivity: url = https://project-travel-mate.herokuapp.com/api/number-of-unread-notifications
08-06 05:28:01.400  5351  5369 I art     : Starting a blocking GC Explicit
08-06 05:28:01.406   918   936 I ActivityManager: Displayed baseline.io.github.project_travel_mate/.MainActivity: +458ms
08-06 05:28:01.407 13866 13866 I GoogleInputMethodServic: GoogleInputMethodService.onFinishInput():3138 
08-06 05:28:01.408 13866 13866 I GoogleInputMethodServic: GoogleInputMethodService.onStartInput():1808 
08-06 05:28:01.409  5351  5351 E RecyclerView: No adapter attached; skipping layout
08-06 05:28:01.413  5351  5369 I art     : Explicit concurrent mark sweep GC freed 1161(101KB) AllocSpace objects, 0(0B) LOS objects, 36% free, 27MB/43MB, paused 395us total 13.125ms
08-06 05:28:01.423  5351  5369 I art     : Starting a blocking GC Explicit
08-06 05:28:01.439  5351  5369 I art     : Explicit concurrent mark sweep GC freed 213(11KB) AllocSpace objects, 0(0B) LOS objects, 36% free, 27MB/43MB, paused 461us total 15.608ms
08-06 05:28:01.449  5351  5369 I art     : Starting a blocking GC Explicit
08-06 05:28:01.466  5351  5369 I art     : Explicit concurrent mark sweep GC freed 17(672B) AllocSpace objects, 0(0B) LOS objects, 36% free, 27MB/43MB, paused 288us total 17.176ms
08-06 05:28:01.474  5351  5369 I art     : Starting a blocking GC Explicit
08-06 05:28:01.488  5351  5369 I art     : Explicit concurrent mark sweep GC freed 62(1968B) AllocSpace objects, 0(0B) LOS objects, 36% free, 27MB/43MB, paused 226us total 13.618ms
08-06 05:28:01.587  5351  5414 I NAPPA_EXPERIMENTATION: MetricNetworkRequestExecutionTime: REQUEST_DURATION_SYSTEM='502',REQUEST_DURATION_OKHTTP='33',REQUEST_SYNCHRONOUS='FALSE',RESPONSE_CODE='200',RESPONSE_METHOD='GET',RESPONSE_LENGTH_OKHTTP='185',RESPONSE_LENGTH_HEADER='185',REQUEST_PROTOCOL='http/1.1',REQUEST_URL='https://project-travel-mate.herokuapp.com/api/get-user',
08-06 05:28:01.613  5351  5420 I NAPPA_EXPERIMENTATION: MetricNetworkRequestExecutionTime: REQUEST_DURATION_SYSTEM='464',REQUEST_DURATION_OKHTTP='62',REQUEST_SYNCHRONOUS='FALSE',RESPONSE_CODE='200',RESPONSE_METHOD='GET',RESPONSE_LENGTH_OKHTTP='1588',RESPONSE_LENGTH_HEADER='1588',REQUEST_PROTOCOL='http/1.1',REQUEST_URL='https://project-travel-mate.herokuapp.com/api/get-all-cities/10',
08-06 05:28:01.615  5351  5351 V CityFragment: result=[{"id":1,"city_name":"Delhi","facts_count":6,"image":"https://upload.wikimedia.org/wikipedia/commons/9/94/%E0%B4%96%E0%B5%81%E0%B4%A4%E0%B5%8D%E0%B4%AC%E0%B5%8D_%E0%B4%AE%E0%B4%BF%E0%B4%A8%E0%B4%BE%E0%B5%BC1.jpg","visit_count":18186},{"id":2,"city_name":"Mumbai","facts_count":0,"image":"https://static1.squarespace.com/static/55917ae2e4b0984fc8c264c4/t/5ad7a037758d464041bfba27/1524102624280/Victoria_Mumbai.jpg","visit_count":6022},{"id":3,"city_name":"Bangalore","facts_count":0,"image":null,"visit_count":5536},{"id":8,"city_name":"Pune","facts_count":0,"image":"https://www.zricks.com/ImagesPostProject/47929//6557d975-20a9-4c6c-a776-8072a1936a76.jpg","visit_count":3324},{"id":4,"city_name":"Chennai","facts_count":0,"image":"http://lh3.ggpht.com/_YLb7tJ8RoAk/SfazBLdgf3I/AAAAAAAANEg/p52_Zz_URxg/s640/Picture%20009.jpg","visit_count":3061},{"id":5,"city_name":"Kolkata","facts_count":0,"image":"https://i.pinimg.com/originals/05/ec/42/05ec42c545b494d12cc612923483b4f0.jpg","visit_count":2211},{"id":9,"city_name":"Jaipur","facts_count":1,"image":"https://www.trodly.com/pictures/attraction/1943.jpg","visit_count":2007},{"id":6,"city_name":"Hyderabad","facts_count":0,"image":"https://i1.trekearth.com/photos/59194/charminar_020_sm.jpg","visit_count":1633},{"id":150,"city_name":"Panjim","facts_count":0,"image":"http://www.nomad4ever.com/wp-content/uploads/2009/04/palm-trees-at-baga-creek-north-goa1.jpg","visit_count":1488},{"id":7,"city_name":"Ahmedabad","facts_count":0,"image":"https://i.pinimg.com/originals/a5/ed/29/a5ed293271669a61f47059f7b0d9cf2c.jpg","visit_count":1115}]
08-06 05:28:01.643   380   380 W SurfaceFlinger: couldn't log to binary event log: overflow.
08-06 05:28:01.674  5351  5351 D CityFragment: get cities cities size = 10
08-06 05:28:01.780  5351  5369 I art     : Starting a blocking GC Explicit
08-06 05:28:01.799  5351  5369 I art     : Explicit concurrent mark sweep GC freed 9213(566KB) AllocSpace objects, 8(440KB) LOS objects, 34% free, 30MB/46MB, paused 858us total 18.894ms
08-06 05:28:01.807  5351  5369 I art     : Starting a blocking GC Explicit
08-06 05:28:01.824  5351  5369 I art     : Explicit concurrent mark sweep GC freed 2518(262KB) AllocSpace objects, 0(0B) LOS objects, 34% free, 30MB/46MB, paused 532us total 16.951ms
08-06 05:28:01.833  5351  5369 I art     : Starting a blocking GC Explicit
08-06 05:28:01.849  5351  5369 I art     : Explicit concurrent mark sweep GC freed 188(13KB) AllocSpace objects, 0(0B) LOS objects, 34% free, 30MB/46MB, paused 530us total 16.212ms
08-06 05:28:01.858  5351  5369 I art     : Starting a blocking GC Explicit
08-06 05:28:01.875  5351  5369 I art     : Explicit concurrent mark sweep GC freed 257(19KB) AllocSpace objects, 0(0B) LOS objects, 34% free, 30MB/46MB, paused 661us total 16.773ms
08-06 05:28:01.883  5351  5369 I art     : Starting a blocking GC Explicit
08-06 05:28:01.900  5351  5369 I art     : Explicit concurrent mark sweep GC freed 367(22KB) AllocSpace objects, 0(0B) LOS objects, 34% free, 30MB/46MB, paused 608us total 16.857ms
08-06 05:28:02.030  5351  5434 I NAPPA_EXPERIMENTATION: MetricNetworkRequestExecutionTime: REQUEST_DURATION_SYSTEM='633',REQUEST_DURATION_OKHTTP='39',REQUEST_SYNCHRONOUS='FALSE',RESPONSE_CODE='200',RESPONSE_METHOD='GET',RESPONSE_LENGTH_OKHTTP='36',RESPONSE_LENGTH_HEADER='36',REQUEST_PROTOCOL='http/1.1',REQUEST_URL='https://project-travel-mate.herokuapp.com/api/number-of-unread-notifications',
08-06 05:28:02.163  5351  5369 I art     : Starting a blocking GC Explicit
08-06 05:28:02.187  5351  5369 I art     : Explicit concurrent mark sweep GC freed 15646(1335KB) AllocSpace objects, 16(4MB) LOS objects, 34% free, 29MB/45MB, paused 349us total 23.270ms
08-06 05:28:02.196  5351  5369 I art     : Starting a blocking GC Explicit
08-06 05:28:02.215  5351  5369 I art     : Explicit concurrent mark sweep GC freed 10580(569KB) AllocSpace objects, 0(0B) LOS objects, 35% free, 29MB/45MB, paused 336us total 18.910ms
08-06 05:28:02.224  5351  5369 I art     : Starting a blocking GC Explicit
08-06 05:28:02.243  5351  5369 I art     : Explicit concurrent mark sweep GC freed 75(2528B) AllocSpace objects, 0(0B) LOS objects, 35% free, 29MB/45MB, paused 382us total 18.384ms
08-06 05:28:02.251  5351  5369 I art     : Starting a blocking GC Explicit
08-06 05:28:02.269  5351  5369 I art     : Explicit concurrent mark sweep GC freed 1894(75KB) AllocSpace objects, 0(0B) LOS objects, 35% free, 29MB/45MB, paused 315us total 17.787ms
08-06 05:28:02.278  5351  5369 I art     : Starting a blocking GC Explicit
08-06 05:28:02.295  5351  5369 I art     : Explicit concurrent mark sweep GC freed 276(27KB) AllocSpace objects, 0(0B) LOS objects, 35% free, 29MB/45MB, paused 347us total 17.075ms
08-06 05:28:02.600  5351  5364 I art     : Starting a blocking GC Explicit
08-06 05:28:02.628  5351  5364 I art     : Explicit concurrent mark sweep GC freed 13205(1303KB) AllocSpace objects, 19(1820KB) LOS objects, 32% free, 32MB/48MB, paused 306us total 27.600ms
08-06 05:28:02.636  5351  5364 I art     : Starting a blocking GC Explicit
08-06 05:28:02.652  5351  5364 I art     : Explicit concurrent mark sweep GC freed 538(52KB) AllocSpace objects, 0(0B) LOS objects, 32% free, 33MB/49MB, paused 365us total 15.685ms
08-06 05:28:02.661  5351  5364 I art     : Starting a blocking GC Explicit
08-06 05:28:02.677  5351  5364 I art     : Explicit concurrent mark sweep GC freed 99(87KB) AllocSpace objects, 0(0B) LOS objects, 31% free, 34MB/50MB, paused 400us total 15.782ms
08-06 05:28:02.685  5351  5364 I art     : Starting a blocking GC Explicit
08-06 05:28:02.701  5351  5364 I art     : Explicit concurrent mark sweep GC freed 182(18KB) AllocSpace objects, 5(1348KB) LOS objects, 32% free, 32MB/48MB, paused 232us total 15.600ms
08-06 05:28:02.709  5351  5364 I art     : Starting a blocking GC Explicit
08-06 05:28:02.725  5351  5364 I art     : Explicit concurrent mark sweep GC freed 53(1360B) AllocSpace objects, 0(0B) LOS objects, 32% free, 32MB/48MB, paused 255us total 15.594ms
08-06 05:28:03.057  5351  5369 I art     : Starting a blocking GC Explicit
08-06 05:28:03.077  5351  5369 I art     : Explicit concurrent mark sweep GC freed 2396(113KB) AllocSpace objects, 2(40KB) LOS objects, 32% free, 32MB/48MB, paused 351us total 19.516ms
08-06 05:28:03.085  5351  5369 I art     : Starting a blocking GC Explicit
08-06 05:28:03.100  5351  5369 I art     : Explicit concurrent mark sweep GC freed 81(2368B) AllocSpace objects, 0(0B) LOS objects, 32% free, 32MB/48MB, paused 226us total 14.821ms
08-06 05:28:03.108  5351  5369 I art     : Starting a blocking GC Explicit
08-06 05:28:03.124  5351  5369 I art     : Explicit concurrent mark sweep GC freed 27(496B) AllocSpace objects, 0(0B) LOS objects, 32% free, 32MB/48MB, paused 245us total 15.615ms
08-06 05:28:03.132  5351  5369 I art     : Starting a blocking GC Explicit
08-06 05:28:03.148  5351  5369 I art     : Explicit concurrent mark sweep GC freed 51(896B) AllocSpace objects, 0(0B) LOS objects, 32% free, 32MB/48MB, paused 246us total 15.619ms
08-06 05:28:03.156  5351  5369 I art     : Starting a blocking GC Explicit
08-06 05:28:03.173  5351  5369 I art     : Explicit concurrent mark sweep GC freed 27(496B) AllocSpace objects, 0(0B) LOS objects, 32% free, 32MB/48MB, paused 261us total 16.250ms
08-06 05:28:03.531  5351  5363 I art     : Starting a blocking GC Explicit
08-06 05:28:03.550  5351  5363 I art     : Explicit concurrent mark sweep GC freed 1974(91KB) AllocSpace objects, 2(40KB) LOS objects, 32% free, 32MB/48MB, paused 259us total 18.073ms
08-06 05:28:03.558  5351  5363 I art     : Starting a blocking GC Explicit
08-06 05:28:03.576  5351  5363 I art     : Explicit concurrent mark sweep GC freed 46(1184B) AllocSpace objects, 0(0B) LOS objects, 32% free, 32MB/48MB, paused 266us total 16.789ms
08-06 05:28:03.585  5351  5363 I art     : Starting a blocking GC Explicit
08-06 05:28:03.602  5351  5363 I art     : Explicit concurrent mark sweep GC freed 51(896B) AllocSpace objects, 0(0B) LOS objects, 32% free, 32MB/48MB, paused 249us total 16.747ms
08-06 05:28:03.610  5351  5363 I art     : Starting a blocking GC Explicit
08-06 05:28:03.628  5351  5363 I art     : Explicit concurrent mark sweep GC freed 27(496B) AllocSpace objects, 0(0B) LOS objects, 32% free, 32MB/48MB, paused 278us total 17.391ms
08-06 05:28:03.637  5351  5363 I art     : Starting a blocking GC Explicit
08-06 05:28:03.654  5351  5363 I art     : Explicit concurrent mark sweep GC freed 51(896B) AllocSpace objects, 0(0B) LOS objects, 32% free, 32MB/48MB, paused 238us total 17.212ms
08-06 05:28:03.715 32067 32067 I ServiceManager: Waiting for service AtCmdFwd...
08-06 05:28:03.997  5351  5364 I art     : Starting a blocking GC Explicit
08-06 05:28:04.017  5351  5364 I art     : Explicit concurrent mark sweep GC freed 1952(91KB) AllocSpace objects, 2(40KB) LOS objects, 32% free, 32MB/48MB, paused 255us total 19.498ms
08-06 05:28:04.028  5351  5364 I art     : Starting a blocking GC Explicit
08-06 05:28:04.045  5351  5364 I art     : Explicit concurrent mark sweep GC freed 46(1184B) AllocSpace objects, 0(0B) LOS objects, 32% free, 32MB/48MB, paused 354us total 16.766ms
08-06 05:28:04.053  5351  5364 I art     : Starting a blocking GC Explicit
08-06 05:28:04.068  5351  5364 I art     : Explicit concurrent mark sweep GC freed 51(896B) AllocSpace objects, 0(0B) LOS objects, 32% free, 32MB/48MB, paused 252us total 15.126ms
08-06 05:28:04.076  5351  5364 I art     : Starting a blocking GC Explicit
08-06 05:28:04.092  5351  5364 I art     : Explicit concurrent mark sweep GC freed 27(496B) AllocSpace objects, 0(0B) LOS objects, 32% free, 32MB/48MB, paused 232us total 15.605ms
08-06 05:28:04.100  5351  5364 I art     : Starting a blocking GC Explicit
08-06 05:28:04.116  5351  5364 I art     : Explicit concurrent mark sweep GC freed 51(896B) AllocSpace objects, 0(0B) LOS objects, 32% free, 32MB/48MB, paused 247us total 15.695ms
08-06 05:28:04.458  5351  5369 I art     : Starting a blocking GC Explicit
08-06 05:28:04.478  5351  5369 I art     : Explicit concurrent mark sweep GC freed 1929(91KB) AllocSpace objects, 2(40KB) LOS objects, 32% free, 32MB/48MB, paused 258us total 19.536ms
08-06 05:28:04.490  5351  5369 I art     : Starting a blocking GC Explicit
08-06 05:28:04.508  5351  5369 I art     : Explicit concurrent mark sweep GC freed 70(1584B) AllocSpace objects, 0(0B) LOS objects, 32% free, 32MB/48MB, paused 246us total 17.324ms
08-06 05:28:04.516  5351  5369 I art     : Starting a blocking GC Explicit
08-06 05:28:04.533  5351  5369 I art     : Explicit concurrent mark sweep GC freed 51(896B) AllocSpace objects, 0(0B) LOS objects, 32% free, 32MB/48MB, paused 237us total 16.086ms
08-06 05:28:04.541  5351  5369 I art     : Starting a blocking GC Explicit
08-06 05:28:04.557  5351  5369 I art     : Explicit concurrent mark sweep GC freed 27(496B) AllocSpace objects, 0(0B) LOS objects, 32% free, 32MB/48MB, paused 270us total 15.901ms
08-06 05:28:04.566  5351  5369 I art     : Starting a blocking GC Explicit
08-06 05:28:04.580  5351  5369 I art     : Explicit concurrent mark sweep GC freed 51(896B) AllocSpace objects, 0(0B) LOS objects, 32% free, 32MB/48MB, paused 227us total 14.282ms
08-06 05:28:04.715 32067 32067 I ServiceManager: Waiting for service AtCmdFwd...
08-06 05:28:04.847   918  1210 D NetlinkSocketObserver: NeighborEvent{elapsedMs=1838288722, 192.168.2.254, [7C3953A63323], RTM_NEWNEIGH, NUD_PROBE}
08-06 05:28:04.879  5351  5363 I art     : Starting a blocking GC Explicit
08-06 05:28:04.900  5351  5363 I art     : Explicit concurrent mark sweep GC freed 1878(90KB) AllocSpace objects, 2(40KB) LOS objects, 32% free, 32MB/48MB, paused 257us total 20.121ms
08-06 05:28:04.911  5351  5363 I art     : Starting a blocking GC Explicit
08-06 05:28:04.928  5351  5363 I art     : Explicit concurrent mark sweep GC freed 47(1216B) AllocSpace objects, 0(0B) LOS objects, 32% free, 32MB/48MB, paused 235us total 16.808ms
08-06 05:28:04.937  5351  5363 I art     : Starting a blocking GC Explicit
08-06 05:28:04.953  5351  5363 I art     : Explicit concurrent mark sweep GC freed 51(896B) AllocSpace objects, 0(0B) LOS objects, 32% free, 32MB/48MB, paused 251us total 16.465ms
08-06 05:28:04.962  5351  5363 I art     : Starting a blocking GC Explicit
08-06 05:28:04.979  5351  5363 I art     : Explicit concurrent mark sweep GC freed 26(464B) AllocSpace objects, 0(0B) LOS objects, 32% free, 32MB/48MB, paused 276us total 17.298ms
08-06 05:28:04.988  5351  5363 I art     : Starting a blocking GC Explicit
08-06 05:28:05.005  5351  5363 I art     : Explicit concurrent mark sweep GC freed 52(928B) AllocSpace objects, 0(0B) LOS objects, 32% free, 32MB/48MB, paused 263us total 16.810ms
08-06 05:28:05.338  5351  5364 I art     : Starting a blocking GC Explicit
08-06 05:28:05.356  5351  5364 I art     : Explicit concurrent mark sweep GC freed 1927(91KB) AllocSpace objects, 2(40KB) LOS objects, 32% free, 32MB/48MB, paused 276us total 18.222ms
08-06 05:28:05.365  5351  5364 I art     : Starting a blocking GC Explicit
08-06 05:28:05.381  5351  5364 I art     : Explicit concurrent mark sweep GC freed 70(1584B) AllocSpace objects, 0(0B) LOS objects, 32% free, 32MB/48MB, paused 247us total 16.110ms
08-06 05:28:05.390  5351  5364 I art     : Starting a blocking GC Explicit
08-06 05:28:05.407  5351  5364 I art     : Explicit concurrent mark sweep GC freed 27(496B) AllocSpace objects, 0(0B) LOS objects, 32% free, 32MB/48MB, paused 363us total 16.335ms
08-06 05:28:05.415  5351  5364 I art     : Starting a blocking GC Explicit
08-06 05:28:05.430  5351  5364 I art     : Explicit concurrent mark sweep GC freed 50(864B) AllocSpace objects, 0(0B) LOS objects, 32% free, 32MB/48MB, paused 269us total 15.300ms
08-06 05:28:05.439  5351  5364 I art     : Starting a blocking GC Explicit
08-06 05:28:05.455  5351  5364 I art     : Explicit concurrent mark sweep GC freed 28(528B) AllocSpace objects, 0(0B) LOS objects, 32% free, 32MB/48MB, paused 258us total 16.341ms
08-06 05:28:05.715 32067 32067 I ServiceManager: Waiting for service AtCmdFwd...
08-06 05:28:05.811  5351  5369 I art     : Starting a blocking GC Explicit
08-06 05:28:05.833  5351  5369 I art     : Explicit concurrent mark sweep GC freed 1956(91KB) AllocSpace objects, 2(40KB) LOS objects, 32% free, 32MB/48MB, paused 328us total 21.406ms
08-06 05:28:05.844  5351  5369 I art     : Starting a blocking GC Explicit
08-06 05:28:05.861  5351  5369 I art     : Explicit concurrent mark sweep GC freed 65(1504B) AllocSpace objects, 0(0B) LOS objects, 32% free, 32MB/48MB, paused 272us total 16.766ms
08-06 05:28:05.869  5351  5369 I art     : Starting a blocking GC Explicit
08-06 05:28:05.886  5351  5369 I art     : Explicit concurrent mark sweep GC freed 51(896B) AllocSpace objects, 0(0B) LOS objects, 32% free, 32MB/48MB, paused 254us total 16.845ms
08-06 05:28:05.895  5351  5369 I art     : Starting a blocking GC Explicit
08-06 05:28:05.912  5351  5369 I art     : Explicit concurrent mark sweep GC freed 27(496B) AllocSpace objects, 0(0B) LOS objects, 32% free, 32MB/48MB, paused 255us total 16.580ms
08-06 05:28:05.920  5351  5369 I art     : Starting a blocking GC Explicit
08-06 05:28:05.937  5351  5369 I art     : Explicit concurrent mark sweep GC freed 51(896B) AllocSpace objects, 0(0B) LOS objects, 32% free, 32MB/48MB, paused 292us total 16.092ms
08-06 05:28:06.242  5351  5363 I art     : Starting a blocking GC Explicit
08-06 05:28:06.261  5351  5363 I art     : Explicit concurrent mark sweep GC freed 1879(90KB) AllocSpace objects, 2(40KB) LOS objects, 32% free, 32MB/48MB, paused 265us total 19.266ms
08-06 05:28:06.273  5351  5363 I art     : Starting a blocking GC Explicit
08-06 05:28:06.291  5351  5363 I art     : Explicit concurrent mark sweep GC freed 70(1584B) AllocSpace objects, 0(0B) LOS objects, 32% free, 32MB/48MB, paused 257us total 17.259ms
08-06 05:28:06.300  5351  5363 I art     : Starting a blocking GC Explicit
08-06 05:28:06.317  5351  5363 I art     : Explicit concurrent mark sweep GC freed 28(512B) AllocSpace objects, 0(0B) LOS objects, 32% free, 32MB/48MB, paused 341us total 16.977ms
08-06 05:28:06.325  5351  5363 I art     : Starting a blocking GC Explicit
08-06 05:28:06.343  5351  5363 I art     : Explicit concurrent mark sweep GC freed 50(880B) AllocSpace objects, 0(0B) LOS objects, 32% free, 32MB/48MB, paused 251us total 17.217ms
08-06 05:28:06.352  5351  5363 I art     : Starting a blocking GC Explicit
08-06 05:28:06.369  5351  5363 I art     : Explicit concurrent mark sweep GC freed 51(896B) AllocSpace objects, 0(0B) LOS objects, 32% free, 32MB/48MB, paused 241us total 17.148ms
08-06 05:28:06.701  5351  5364 I art     : Starting a blocking GC Explicit
08-06 05:28:06.716 32067 32067 I ServiceManager: Waiting for service AtCmdFwd...
08-06 05:28:06.719  5351  5364 I art     : Explicit concurrent mark sweep GC freed 1928(91KB) AllocSpace objects, 2(40KB) LOS objects, 32% free, 32MB/48MB, paused 257us total 17.729ms
08-06 05:28:06.727  5351  5364 I art     : Starting a blocking GC Explicit
08-06 05:28:06.745  5351  5364 I art     : Explicit concurrent mark sweep GC freed 46(1184B) AllocSpace objects, 0(0B) LOS objects, 32% free, 32MB/48MB, paused 253us total 17.120ms
08-06 05:28:06.754  5351  5364 I art     : Starting a blocking GC Explicit
08-06 05:28:06.771  5351  5364 I art     : Explicit concurrent mark sweep GC freed 51(896B) AllocSpace objects, 0(0B) LOS objects, 32% free, 32MB/48MB, paused 247us total 16.920ms
08-06 05:28:06.779  5351  5364 I art     : Starting a blocking GC Explicit
08-06 05:28:06.796  5351  5364 I art     : Explicit concurrent mark sweep GC freed 27(496B) AllocSpace objects, 0(0B) LOS objects, 32% free, 32MB/48MB, paused 246us total 16.803ms
08-06 05:28:06.805  5351  5364 I art     : Starting a blocking GC Explicit
08-06 05:28:06.822  5351  5364 I art     : Explicit concurrent mark sweep GC freed 51(896B) AllocSpace objects, 0(0B) LOS objects, 32% free, 32MB/48MB, paused 253us total 17.026ms
08-06 05:28:07.149  5351  5369 I art     : Starting a blocking GC Explicit
08-06 05:28:07.169  5351  5369 I art     : Explicit concurrent mark sweep GC freed 1927(91KB) AllocSpace objects, 2(40KB) LOS objects, 32% free, 32MB/48MB, paused 269us total 19.657ms
08-06 05:28:07.178  5351  5369 I art     : Starting a blocking GC Explicit
08-06 05:28:07.196  5351  5369 I art     : Explicit concurrent mark sweep GC freed 47(1216B) AllocSpace objects, 0(0B) LOS objects, 32% free, 32MB/48MB, paused 247us total 17.614ms
08-06 05:28:07.205  5351  5369 I art     : Starting a blocking GC Explicit
08-06 05:28:07.222  5351  5369 I art     : Explicit concurrent mark sweep GC freed 51(896B) AllocSpace objects, 0(0B) LOS objects, 32% free, 32MB/48MB, paused 242us total 16.830ms
08-06 05:28:07.231  5351  5369 I art     : Starting a blocking GC Explicit
08-06 05:28:07.250  5351  5369 I art     : Explicit concurrent mark sweep GC freed 29(512B) AllocSpace objects, 0(0B) LOS objects, 32% free, 32MB/48MB, paused 296us total 18.348ms
08-06 05:28:07.259  5351  5369 I art     : Starting a blocking GC Explicit
08-06 05:28:07.276  5351  5369 I art     : Explicit concurrent mark sweep GC freed 49(880B) AllocSpace objects, 0(0B) LOS objects, 32% free, 32MB/48MB, paused 256us total 17.067ms
08-06 05:28:07.599  5351  5363 I art     : Starting a blocking GC Explicit
08-06 05:28:07.618  5351  5363 I art     : Explicit concurrent mark sweep GC freed 1929(91KB) AllocSpace objects, 2(40KB) LOS objects, 32% free, 32MB/48MB, paused 264us total 18.643ms
08-06 05:28:07.627  5351  5363 I art     : Starting a blocking GC Explicit
08-06 05:28:07.645  5351  5363 I art     : Explicit concurrent mark sweep GC freed 46(1184B) AllocSpace objects, 0(0B) LOS objects, 32% free, 32MB/48MB, paused 257us total 17.666ms
08-06 05:28:07.655  5351  5363 I art     : Starting a blocking GC Explicit
08-06 05:28:07.671  5351  5363 I art     : Explicit concurrent mark sweep GC freed 51(896B) AllocSpace objects, 0(0B) LOS objects, 32% free, 32MB/48MB, paused 248us total 16.412ms
08-06 05:28:07.680  5351  5363 I art     : Starting a blocking GC Explicit
08-06 05:28:07.696  5351  5363 I art     : Explicit concurrent mark sweep GC freed 27(496B) AllocSpace objects, 0(0B) LOS objects, 32% free, 32MB/48MB, paused 252us total 16.390ms
08-06 05:28:07.706  5351  5363 I art     : Starting a blocking GC Explicit
08-06 05:28:07.717 32067 32067 I ServiceManager: Waiting for service AtCmdFwd...
08-06 05:28:07.723  5351  5363 I art     : Explicit concurrent mark sweep GC freed 51(896B) AllocSpace objects, 0(0B) LOS objects, 32% free, 32MB/48MB, paused 249us total 17.239ms
08-06 05:28:07.801  5591  5591 D AndroidRuntime: >>>>>> START com.android.internal.os.RuntimeInit uid 2000 <<<<<<
08-06 05:28:07.806  5591  5591 D AndroidRuntime: CheckJNI is OFF
08-06 05:28:07.832  5591  5591 D ICU     : No timezone override file found: /data/misc/zoneinfo/current/icu/icu_tzdata.dat
08-06 05:28:07.857  5591  5591 I Radio-JNI: register_android_hardware_Radio DONE
08-06 05:28:07.872  5591  5591 D AndroidRuntime: Calling main entry com.android.commands.input.Input
08-06 05:28:07.874  5591  5591 I Input   : injectMotionEvent: MotionEvent { action=ACTION_DOWN, actionButton=0, id[0]=0, x[0]=346.0, y[0]=709.0, toolType[0]=TOOL_TYPE_UNKNOWN, buttonState=0, metaState=0, flags=0x0, edgeFlags=0x0, pointerCount=1, historySize=0, eventTime=854904287, downTime=854904287, deviceId=0, source=0x1002 }
08-06 05:28:07.885  5591  5591 I Input   : injectMotionEvent: MotionEvent { action=ACTION_UP, actionButton=0, id[0]=0, x[0]=346.0, y[0]=709.0, toolType[0]=TOOL_TYPE_UNKNOWN, buttonState=0, metaState=0, flags=0x0, edgeFlags=0x0, pointerCount=1, historySize=0, eventTime=854904287, downTime=854904287, deviceId=0, source=0x1002 }
08-06 05:28:07.896   918  4400 I ActivityManager: START u0 {cmp=baseline.io.github.project_travel_mate/.destinations.description.FinalCityInfoActivity (has extras)} from uid 10696 on display 0
08-06 05:28:07.903  5591  5591 D AndroidRuntime: Shutting down VM
08-06 05:28:07.919  5351  5415 D Gabe    : call	returning from cache
08-06 05:28:07.941  5351  5351 V EXECUTING: https://project-travel-mate.herokuapp.com/api/get-city-weather/1
08-06 05:28:08.002  5351  5364 I art     : Starting a blocking GC Explicit
08-06 05:28:08.026  5351  5364 I art     : Explicit concurrent mark sweep GC freed 9279(587KB) AllocSpace objects, 2(40KB) LOS objects, 29% free, 37MB/53MB, paused 444us total 23.779ms
08-06 05:28:08.036  5351  5364 I art     : Starting a blocking GC Explicit
08-06 05:28:08.056  5351  5364 I art     : Explicit concurrent mark sweep GC freed 562(29KB) AllocSpace objects, 0(0B) LOS objects, 29% free, 37MB/53MB, paused 323us total 19.365ms
08-06 05:28:08.065  5351  5364 I art     : Starting a blocking GC Explicit
08-06 05:28:08.067   918   936 I ActivityManager: Displayed baseline.io.github.project_travel_mate/.destinations.description.FinalCityInfoActivity: +163ms
08-06 05:28:08.069 13866 13866 I GoogleInputMethodServic: GoogleInputMethodService.onFinishInput():3138 
08-06 05:28:08.070 13866 13866 I GoogleInputMethodServic: GoogleInputMethodService.onStartInput():1808 
08-06 05:28:08.084  5351  5364 I art     : Explicit concurrent mark sweep GC freed 134(3KB) AllocSpace objects, 0(0B) LOS objects, 29% free, 37MB/53MB, paused 655us total 19.470ms
08-06 05:28:08.096  5351  5364 I art     : Starting a blocking GC Explicit
08-06 05:28:08.118  5351  5364 I art     : Explicit concurrent mark sweep GC freed 22(432B) AllocSpace objects, 0(0B) LOS objects, 29% free, 37MB/53MB, paused 593us total 22.558ms
08-06 05:28:08.130  5351  5364 I art     : Starting a blocking GC Explicit
08-06 05:28:08.150  5351  5364 I art     : Explicit concurrent mark sweep GC freed 149(2640B) AllocSpace objects, 0(0B) LOS objects, 29% free, 37MB/53MB, paused 345us total 19.773ms
08-06 05:28:08.327   380   380 W SurfaceFlinger: couldn't log to binary event log: overflow.
08-06 05:28:08.460  5351  5369 I art     : Starting a blocking GC Explicit
08-06 05:28:08.480  5351  5369 I art     : Explicit concurrent mark sweep GC freed 2301(97KB) AllocSpace objects, 2(40KB) LOS objects, 29% free, 37MB/53MB, paused 566us total 19.948ms
08-06 05:28:08.489  5351  5369 I art     : Starting a blocking GC Explicit
08-06 05:28:08.508  5351  5369 I art     : Explicit concurrent mark sweep GC freed 112(4KB) AllocSpace objects, 0(0B) LOS objects, 29% free, 37MB/53MB, paused 562us total 18.689ms
08-06 05:28:08.517  5351  5369 I art     : Starting a blocking GC Explicit
08-06 05:28:08.539  5351  5369 I art     : Explicit concurrent mark sweep GC freed 4434(237KB) AllocSpace objects, 2(120KB) LOS objects, 29% free, 37MB/53MB, paused 744us total 21.461ms
08-06 05:28:08.549  5351  5369 I art     : Starting a blocking GC Explicit
08-06 05:28:08.568  5351  5369 I art     : Explicit concurrent mark sweep GC freed 1410(130KB) AllocSpace objects, 1(80KB) LOS objects, 29% free, 37MB/53MB, paused 310us total 18.499ms
08-06 05:28:08.576  5351  5625 I NAPPA_EXPERIMENTATION: MetricNetworkRequestExecutionTime: REQUEST_DURATION_SYSTEM='634',REQUEST_DURATION_OKHTTP='32',REQUEST_SYNCHRONOUS='FALSE',RESPONSE_CODE='200',RESPONSE_METHOD='GET',RESPONSE_LENGTH_OKHTTP='530',RESPONSE_LENGTH_HEADER='530',REQUEST_PROTOCOL='http/1.1',REQUEST_URL='https://project-travel-mate.herokuapp.com/api/get-city/1',
08-06 05:28:08.577  5351  5369 I art     : Starting a blocking GC Explicit
08-06 05:28:08.596  5351  5369 I art     : Explicit concurrent mark sweep GC freed 260(16KB) AllocSpace objects, 0(0B) LOS objects, 29% free, 37MB/53MB, paused 464us total 19.165ms
08-06 05:28:08.602  5351  5624 I NAPPA_EXPERIMENTATION: MetricNetworkRequestExecutionTime: REQUEST_DURATION_SYSTEM='661',REQUEST_DURATION_OKHTTP='56',REQUEST_SYNCHRONOUS='FALSE',RESPONSE_CODE='200',RESPONSE_METHOD='GET',RESPONSE_LENGTH_OKHTTP='238',RESPONSE_LENGTH_HEADER='238',REQUEST_PROTOCOL='http/1.1',REQUEST_URL='https://project-travel-mate.herokuapp.com/api/get-city-weather/1',
08-06 05:28:08.619  5351  5625 V Response: {"id":1,"city_name":"Delhi","description":"Delhi, officially the National Capital Territory of Delhi, is the Capital territory of India. During the British Raj, Delhi was part of the province of Punjab and is still historically and culturally connected to the Punjab region.","latitude":"28.613900","longitude":"77.209000","facts_count":6,"images":["https://upload.wikimedia.org/wikipedia/commons/9/94/%E0%B4%96%E0%B5%81%E0%B4%A4%E0%B5%8D%E0%B4%AC%E0%B5%8D_%E0%B4%AE%E0%B4%BF%E0%B4%A8%E0%B4%BE%E0%B5%BC1.jpg"],"has_visited":false}
08-06 05:28:08.717 32067 32067 W Atfwd_Sendcmd: AtCmdFwd service not published, waiting... retryCnt : 3
08-06 05:28:08.867  5351  5364 I art     : Starting a blocking GC Explicit
08-06 05:28:08.889  5351  5364 I art     : Explicit concurrent mark sweep GC freed 5047(356KB) AllocSpace objects, 10(5MB) LOS objects, 29% free, 38MB/54MB, paused 297us total 21.783ms
08-06 05:28:08.898  5351  5364 I art     : Starting a blocking GC Explicit
08-06 05:28:08.917  5351  5364 I art     : Explicit concurrent mark sweep GC freed 250(7KB) AllocSpace objects, 0(0B) LOS objects, 29% free, 38MB/54MB, paused 360us total 19.099ms
08-06 05:28:08.926  5351  5364 I art     : Starting a blocking GC Explicit
08-06 05:28:08.945  5351  5364 I art     : Explicit concurrent mark sweep GC freed 80(2608B) AllocSpace objects, 0(0B) LOS objects, 29% free, 38MB/54MB, paused 279us total 18.937ms
08-06 05:28:08.955  5351  5364 I art     : Starting a blocking GC Explicit
08-06 05:28:08.975  5351  5364 I art     : Explicit concurrent mark sweep GC freed 113(2256B) AllocSpace objects, 0(0B) LOS objects, 29% free, 38MB/54MB, paused 354us total 20.057ms
08-06 05:28:08.983  5351  5364 I art     : Starting a blocking GC Explicit
08-06 05:28:09.001  5351  5364 I art     : Explicit concurrent mark sweep GC freed 99(1696B) AllocSpace objects, 0(0B) LOS objects, 29% free, 38MB/54MB, paused 319us total 17.562ms
08-06 05:28:09.285  5351  5626 I art     : Starting a blocking GC Explicit
08-06 05:28:09.308  5351  5626 I art     : Explicit concurrent mark sweep GC freed 2312(98KB) AllocSpace objects, 2(40KB) LOS objects, 29% free, 38MB/54MB, paused 310us total 22.845ms
08-06 05:28:09.321  5351  5626 I art     : Starting a blocking GC Explicit
08-06 05:28:09.341  5351  5626 I art     : Explicit concurrent mark sweep GC freed 128(2928B) AllocSpace objects, 0(0B) LOS objects, 29% free, 38MB/54MB, paused 296us total 19.389ms
08-06 05:28:09.350  5351  5626 I art     : Starting a blocking GC Explicit
08-06 05:28:09.369  5351  5626 I art     : Explicit concurrent mark sweep GC freed 98(1664B) AllocSpace objects, 0(0B) LOS objects, 29% free, 38MB/54MB, paused 297us total 19.343ms
08-06 05:28:09.378  5351  5626 I art     : Starting a blocking GC Explicit
08-06 05:28:09.398  5351  5626 I art     : Explicit concurrent mark sweep GC freed 52(928B) AllocSpace objects, 0(0B) LOS objects, 29% free, 38MB/54MB, paused 283us total 19.266ms
08-06 05:28:09.407  5351  5626 I art     : Starting a blocking GC Explicit
08-06 05:28:09.426  5351  5626 I art     : Explicit concurrent mark sweep GC freed 99(1696B) AllocSpace objects, 0(0B) LOS objects, 29% free, 38MB/54MB, paused 288us total 19.752ms
08-06 05:28:09.784  5351  5369 I art     : Starting a blocking GC Explicit
08-06 05:28:09.808  5351  5369 I art     : Explicit concurrent mark sweep GC freed 2526(100KB) AllocSpace objects, 2(40KB) LOS objects, 29% free, 38MB/54MB, paused 324us total 23.095ms
08-06 05:28:09.817  5351  5369 I art     : Starting a blocking GC Explicit
08-06 05:28:09.837  5351  5369 I art     : Explicit concurrent mark sweep GC freed 119(2416B) AllocSpace objects, 0(0B) LOS objects, 29% free, 38MB/54MB, paused 357us total 19.397ms
08-06 05:28:09.846  5351  5369 I art     : Starting a blocking GC Explicit
08-06 05:28:09.865  5351  5369 I art     : Explicit concurrent mark sweep GC freed 51(896B) AllocSpace objects, 0(0B) LOS objects, 29% free, 38MB/54MB, paused 282us total 19.289ms
08-06 05:28:09.874  5351  5369 I art     : Starting a blocking GC Explicit
08-06 05:28:09.894  5351  5369 I art     : Explicit concurrent mark sweep GC freed 99(1696B) AllocSpace objects, 0(0B) LOS objects, 29% free, 38MB/54MB, paused 281us total 19.734ms
08-06 05:28:09.903  5351  5369 I art     : Starting a blocking GC Explicit
08-06 05:28:09.923  5351  5369 I art     : Explicit concurrent mark sweep GC freed 99(1696B) AllocSpace objects, 0(0B) LOS objects, 29% free, 38MB/54MB, paused 282us total 20.112ms
08-06 05:28:10.283  5351  5363 I art     : Starting a blocking GC Explicit
08-06 05:28:10.339  5351  5363 I art     : Explicit concurrent mark sweep GC freed 2623(102KB) AllocSpace objects, 2(40KB) LOS objects, 29% free, 38MB/54MB, paused 789us total 54.976ms
08-06 05:28:10.357  5351  5363 I art     : Starting a blocking GC Explicit
08-06 05:28:10.376  5351  5363 I art     : Explicit concurrent mark sweep GC freed 119(2416B) AllocSpace objects, 0(0B) LOS objects, 29% free, 38MB/54MB, paused 286us total 19.020ms
08-06 05:28:10.385  5351  5363 I art     : Starting a blocking GC Explicit
08-06 05:28:10.406  5351  5363 I art     : Explicit concurrent mark sweep GC freed 99(1696B) AllocSpace objects, 0(0B) LOS objects, 29% free, 38MB/54MB, paused 288us total 20.513ms
08-06 05:28:10.415  5351  5363 I art     : Starting a blocking GC Explicit
08-06 05:28:10.434  5351  5363 I art     : Explicit concurrent mark sweep GC freed 51(896B) AllocSpace objects, 0(0B) LOS objects, 29% free, 38MB/54MB, paused 325us total 19.570ms
08-06 05:28:10.444  5351  5363 I art     : Starting a blocking GC Explicit
08-06 05:28:10.464  5351  5363 I art     : Explicit concurrent mark sweep GC freed 99(1696B) AllocSpace objects, 0(0B) LOS objects, 29% free, 38MB/54MB, paused 284us total 19.731ms
08-06 05:28:10.826  5351  5364 I art     : Starting a blocking GC Explicit
08-06 05:28:10.849  5351  5364 I art     : Explicit concurrent mark sweep GC freed 2528(100KB) AllocSpace objects, 2(40KB) LOS objects, 29% free, 38MB/54MB, paused 283us total 21.733ms
08-06 05:28:10.858  5351  5364 I art     : Starting a blocking GC Explicit
08-06 05:28:10.878  5351  5364 I art     : Explicit concurrent mark sweep GC freed 118(2384B) AllocSpace objects, 0(0B) LOS objects, 29% free, 38MB/54MB, paused 287us total 20.282ms
08-06 05:28:10.888  5351  5364 I art     : Starting a blocking GC Explicit
08-06 05:28:10.908  5351  5364 I art     : Explicit concurrent mark sweep GC freed 99(1696B) AllocSpace objects, 0(0B) LOS objects, 29% free, 38MB/54MB, paused 288us total 19.850ms
08-06 05:28:10.917  5351  5364 I art     : Starting a blocking GC Explicit
08-06 05:28:10.937  5351  5364 I art     : Explicit concurrent mark sweep GC freed 99(1696B) AllocSpace objects, 0(0B) LOS objects, 29% free, 38MB/54MB, paused 291us total 19.666ms
08-06 05:28:10.946  5351  5364 I art     : Starting a blocking GC Explicit
08-06 05:28:10.966  5351  5364 I art     : Explicit concurrent mark sweep GC freed 51(896B) AllocSpace objects, 0(0B) LOS objects, 29% free, 38MB/54MB, paused 275us total 19.762ms
08-06 05:28:10.986   518   646 I ThermalEngine: ACTION: GPU - Setting GPU[0] to 510000000
08-06 05:28:11.318  5351  5626 I art     : Starting a blocking GC Explicit
08-06 05:28:11.345  5351  5626 I art     : Explicit concurrent mark sweep GC freed 2527(100KB) AllocSpace objects, 2(40KB) LOS objects, 29% free, 38MB/54MB, paused 398us total 27.157ms
08-06 05:28:11.359  5351  5626 I art     : Starting a blocking GC Explicit
08-06 05:28:11.384  5351  5626 I art     : Explicit concurrent mark sweep GC freed 119(2416B) AllocSpace objects, 0(0B) LOS objects, 29% free, 38MB/54MB, paused 383us total 23.896ms
08-06 05:28:11.395  5351  5626 I art     : Starting a blocking GC Explicit
08-06 05:28:11.419  5351  5626 I art     : Explicit concurrent mark sweep GC freed 99(1696B) AllocSpace objects, 0(0B) LOS objects, 29% free, 38MB/54MB, paused 425us total 23.221ms
08-06 05:28:11.430  5351  5626 I art     : Starting a blocking GC Explicit
08-06 05:28:11.455  5351  5626 I art     : Explicit concurrent mark sweep GC freed 147(2496B) AllocSpace objects, 0(0B) LOS objects, 29% free, 38MB/54MB, paused 383us total 24.283ms
08-06 05:28:11.467  5351  5626 I art     : Starting a blocking GC Explicit
08-06 05:28:11.492  5351  5626 I art     : Explicit concurrent mark sweep GC freed 99(1696B) AllocSpace objects, 0(0B) LOS objects, 29% free, 38MB/54MB, paused 394us total 24.584ms
08-06 05:28:11.861  5351  5369 I art     : Starting a blocking GC Explicit
08-06 05:28:11.888  5351  5369 I art     : Explicit concurrent mark sweep GC freed 2561(101KB) AllocSpace objects, 2(40KB) LOS objects, 29% free, 38MB/54MB, paused 485us total 26.221ms
08-06 05:28:11.900  5351  5369 I art     : Starting a blocking GC Explicit
08-06 05:28:11.924  5351  5369 I art     : Explicit concurrent mark sweep GC freed 133(2656B) AllocSpace objects, 0(0B) LOS objects, 29% free, 38MB/54MB, paused 392us total 23.471ms
08-06 05:28:11.936  5351  5369 I art     : Starting a blocking GC Explicit
08-06 05:28:11.961  5351  5369 I art     : Explicit concurrent mark sweep GC freed 98(1664B) AllocSpace objects, 0(0B) LOS objects, 29% free, 38MB/54MB, paused 397us total 24.704ms
08-06 05:28:11.973  5351  5369 I art     : Starting a blocking GC Explicit
08-06 05:28:11.998  5351  5369 I art     : Explicit concurrent mark sweep GC freed 100(1728B) AllocSpace objects, 0(0B) LOS objects, 29% free, 38MB/54MB, paused 428us total 25.001ms
08-06 05:28:12.010  5351  5369 I art     : Starting a blocking GC Explicit
08-06 05:28:12.035  5351  5369 I art     : Explicit concurrent mark sweep GC freed 99(1696B) AllocSpace objects, 0(0B) LOS objects, 29% free, 38MB/54MB, paused 396us total 24.558ms
08-06 05:28:12.360  5351  5364 I art     : Starting a blocking GC Explicit
08-06 05:28:12.385  5351  5364 I art     : Explicit concurrent mark sweep GC freed 2455(100KB) AllocSpace objects, 2(40KB) LOS objects, 29% free, 38MB/54MB, paused 393us total 24.930ms
08-06 05:28:12.398  5351  5364 I art     : Starting a blocking GC Explicit
08-06 05:28:12.423  5351  5364 I art     : Explicit concurrent mark sweep GC freed 176(3KB) AllocSpace objects, 0(0B) LOS objects, 29% free, 38MB/54MB, paused 390us total 24.781ms
08-06 05:28:12.434  5351  5364 I art     : Starting a blocking GC Explicit
08-06 05:28:12.458  5351  5364 I art     : Explicit concurrent mark sweep GC freed 99(1696B) AllocSpace objects, 0(0B) LOS objects, 29% free, 38MB/54MB, paused 380us total 23.968ms
08-06 05:28:12.470  5351  5364 I art     : Starting a blocking GC Explicit
08-06 05:28:12.495  5351  5364 I art     : Explicit concurrent mark sweep GC freed 99(1696B) AllocSpace objects, 0(0B) LOS objects, 29% free, 38MB/54MB, paused 362us total 24.856ms
08-06 05:28:12.507  5351  5364 I art     : Starting a blocking GC Explicit
08-06 05:28:12.531  5351  5364 I art     : Explicit concurrent mark sweep GC freed 99(1696B) AllocSpace objects, 0(0B) LOS objects, 29% free, 38MB/54MB, paused 365us total 23.414ms
08-06 05:28:12.616  5711  5711 D AndroidRuntime: >>>>>> START com.android.internal.os.RuntimeInit uid 2000 <<<<<<
08-06 05:28:12.621  5711  5711 D AndroidRuntime: CheckJNI is OFF
08-06 05:28:12.655  5711  5711 D ICU     : No timezone override file found: /data/misc/zoneinfo/current/icu/icu_tzdata.dat
08-06 05:28:12.688  5711  5711 I Radio-JNI: register_android_hardware_Radio DONE
08-06 05:28:12.710  5711  5711 D AndroidRuntime: Calling main entry com.android.commands.input.Input
08-06 05:28:12.712  5711  5711 I Input   : injectMotionEvent: MotionEvent { action=ACTION_DOWN, actionButton=0, id[0]=0, x[0]=693.0, y[0]=1450.0, toolType[0]=TOOL_TYPE_UNKNOWN, buttonState=0, metaState=0, flags=0x0, edgeFlags=0x0, pointerCount=1, historySize=0, eventTime=854909125, downTime=854909125, deviceId=0, source=0x1002 }
08-06 05:28:12.717  5711  5711 I Input   : injectMotionEvent: MotionEvent { action=ACTION_UP, actionButton=0, id[0]=0, x[0]=693.0, y[0]=1450.0, toolType[0]=TOOL_TYPE_UNKNOWN, buttonState=0, metaState=0, flags=0x0, edgeFlags=0x0, pointerCount=1, historySize=0, eventTime=854909125, downTime=854909125, deviceId=0, source=0x1002 }
08-06 05:28:12.718  5711  5711 D AndroidRuntime: Shutting down VM
08-06 05:28:12.720   918  6112 I ActivityManager: START u0 {cmp=baseline.io.github.project_travel_mate/.destinations.description.CityHistoryActivity} from uid 10696 on display 0
08-06 05:28:12.721   512  2967 D audio_hw_primary: out_set_parameters: enter: usecase(1: low-latency-playback) kvpairs: routing=2
08-06 05:28:12.734   512  2967 D audio_hw_primary: select_devices: out_snd_device(2: speaker) in_snd_device(0: none)
08-06 05:28:12.734   512  2967 D msm8974_platform: platform_send_audio_calibration: sending audio calibration for snd_device(2) acdb_id(15)
08-06 05:28:12.734   512  2967 I soundtrigger: audio_extn_sound_trigger_update_device_status: device 0x2 of type 0 for Event 1
08-06 05:28:12.746   512  2967 D audio_hw_primary: enable_snd_device: snd_device(2: speaker)
08-06 05:28:12.748   512  2967 D audio_hw_primary: enable_audio_route: apply and update mixer path: low-latency-playback speaker
08-06 05:28:12.750  5351  5415 D Gabe    : call	returning from cache
08-06 05:28:12.751  5351  5351 V EXECUTING: https://project-travel-mate.herokuapp.com/api/get-city-information/1
08-06 05:28:12.866  5351  5363 I art     : Starting a blocking GC Explicit
08-06 05:28:12.888   918   936 I ActivityManager: Displayed baseline.io.github.project_travel_mate/.destinations.description.CityHistoryActivity: +158ms
08-06 05:28:12.888 13866 13866 I GoogleInputMethodServic: GoogleInputMethodService.onFinishInput():3138 
08-06 05:28:12.889 13866 13866 I GoogleInputMethodServic: GoogleInputMethodService.onStartInput():1808 
08-06 05:28:12.891  5351  5363 I art     : Explicit concurrent mark sweep GC freed 3307(228KB) AllocSpace objects, 2(40KB) LOS objects, 27% free, 42MB/58MB, paused 499us total 24.531ms
08-06 05:28:12.903  5351  5363 I art     : Starting a blocking GC Explicit
08-06 05:28:12.931  5351  5363 I art     : Explicit concurrent mark sweep GC freed 304(11KB) AllocSpace objects, 0(0B) LOS objects, 27% free, 42MB/58MB, paused 864us total 27.817ms
08-06 05:28:12.944  5351  5363 I art     : Starting a blocking GC Explicit
08-06 05:28:12.969  5351  5363 I art     : Explicit concurrent mark sweep GC freed 84(1600B) AllocSpace objects, 0(0B) LOS objects, 27% free, 42MB/58MB, paused 486us total 25.299ms
08-06 05:28:12.981  5351  5363 I art     : Starting a blocking GC Explicit
08-06 05:28:12.985   518   646 I ThermalEngine: ACTION: GPU - Setting GPU[0] to 600000000
08-06 05:28:13.004  5351  5363 I art     : Explicit concurrent mark sweep GC freed 149(2576B) AllocSpace objects, 0(0B) LOS objects, 27% free, 42MB/58MB, paused 527us total 22.286ms
08-06 05:28:13.016  5351  5363 I art     : Starting a blocking GC Explicit
08-06 05:28:13.039  5351  5363 I art     : Explicit concurrent mark sweep GC freed 208(3KB) AllocSpace objects, 0(0B) LOS objects, 27% free, 42MB/58MB, paused 412us total 23.117ms
08-06 05:28:13.138   380   380 W SurfaceFlinger: couldn't log to binary event log: overflow.
08-06 05:28:13.290   512  2967 D audio_hw_primary: disable_audio_route: reset and update mixer path: low-latency-playback speaker
08-06 05:28:13.292   512  2967 D audio_hw_primary: disable_snd_device: snd_device(2: speaker)
08-06 05:28:13.300   512  2967 I soundtrigger: audio_extn_sound_trigger_update_device_status: device 0x2 of type 0 for Event 0
08-06 05:28:13.355  5351  5626 I art     : Starting a blocking GC Explicit
08-06 05:28:13.377  5351  5626 I art     : Explicit concurrent mark sweep GC freed 2668(104KB) AllocSpace objects, 2(40KB) LOS objects, 27% free, 42MB/58MB, paused 633us total 21.673ms
08-06 05:28:13.387  5351  5626 I art     : Starting a blocking GC Explicit
08-06 05:28:13.406  5351  5626 I art     : Explicit concurrent mark sweep GC freed 39(1056B) AllocSpace objects, 0(0B) LOS objects, 27% free, 42MB/58MB, paused 298us total 19.648ms
08-06 05:28:13.415  5351  5626 I art     : Starting a blocking GC Explicit
08-06 05:28:13.436  5351  5626 I art     : Explicit concurrent mark sweep GC freed 776(57KB) AllocSpace objects, 2(120KB) LOS objects, 27% free, 42MB/58MB, paused 602us total 20.694ms
08-06 05:28:13.446  5351  5626 I art     : Starting a blocking GC Explicit
08-06 05:28:13.468  5351  5626 I art     : Explicit concurrent mark sweep GC freed 2146(81KB) AllocSpace objects, 0(0B) LOS objects, 27% free, 43MB/59MB, paused 622us total 21.704ms
08-06 05:28:13.477  5351  5626 I art     : Starting a blocking GC Explicit
08-06 05:28:13.497  5351  5626 I art     : Explicit concurrent mark sweep GC freed 969(115KB) AllocSpace objects, 1(80KB) LOS objects, 27% free, 42MB/58MB, paused 496us total 19.578ms
08-06 05:28:13.503  5351  5745 I NAPPA_EXPERIMENTATION: MetricNetworkRequestExecutionTime: REQUEST_DURATION_SYSTEM='751',REQUEST_DURATION_OKHTTP='35',REQUEST_SYNCHRONOUS='FALSE',RESPONSE_CODE='200',RESPONSE_METHOD='GET',RESPONSE_LENGTH_OKHTTP='55024',RESPONSE_LENGTH_HEADER='55024',REQUEST_PROTOCOL='http/1.1',REQUEST_URL='https://project-travel-mate.herokuapp.com/api/get-city-information/1',
08-06 05:28:13.608 13866 13866 I GoogleInputMethodServic: GoogleInputMethodService.onFinishInput():3138 
08-06 05:28:13.609 13866 13866 I GoogleInputMethodServic: GoogleInputMethodService.onStartInput():1808 
08-06 05:28:13.788  5351  5626 I art     : Starting a blocking GC Explicit
08-06 05:28:13.818  5351  5626 I art     : Explicit concurrent mark sweep GC freed 4089(1345KB) AllocSpace objects, 22(4MB) LOS objects, 29% free, 38MB/54MB, paused 316us total 29.297ms
08-06 05:28:13.827  5351  5626 I art     : Starting a blocking GC Explicit
08-06 05:28:13.848  5351  5626 I art     : Explicit concurrent mark sweep GC freed 216(5KB) AllocSpace objects, 0(0B) LOS objects, 29% free, 38MB/54MB, paused 304us total 21.123ms
08-06 05:28:13.857  5351  5626 I art     : Starting a blocking GC Explicit
08-06 05:28:13.879  5351  5626 I art     : Explicit concurrent mark sweep GC freed 147(2496B) AllocSpace objects, 0(0B) LOS objects, 29% free, 38MB/54MB, paused 307us total 21.139ms
08-06 05:28:13.888  5351  5626 I art     : Starting a blocking GC Explicit
08-06 05:28:13.909  5351  5626 I art     : Explicit concurrent mark sweep GC freed 146(2464B) AllocSpace objects, 0(0B) LOS objects, 29% free, 38MB/54MB, paused 311us total 21.129ms
08-06 05:28:13.919  5351  5626 I art     : Starting a blocking GC Explicit
08-06 05:28:13.940  5351  5626 I art     : Explicit concurrent mark sweep GC freed 148(2528B) AllocSpace objects, 0(0B) LOS objects, 29% free, 38MB/54MB, paused 308us total 21.553ms
08-06 05:28:13.989   518   646 I ThermalEngine: ACTION: GPU - Setting GPU[0] to 510000000
08-06 05:28:14.263  5351  5369 I art     : Starting a blocking GC Explicit
08-06 05:28:14.293  5351  5369 I art     : Explicit concurrent mark sweep GC freed 2941(107KB) AllocSpace objects, 2(40KB) LOS objects, 29% free, 38MB/54MB, paused 447us total 29.316ms
08-06 05:28:14.305  5351  5369 I art     : Starting a blocking GC Explicit
08-06 05:28:14.331  5351  5369 I art     : Explicit concurrent mark sweep GC freed 165(3KB) AllocSpace objects, 0(0B) LOS objects, 29% free, 38MB/54MB, paused 420us total 25.637ms
08-06 05:28:14.343  5351  5369 I art     : Starting a blocking GC Explicit
08-06 05:28:14.369  5351  5369 I art     : Explicit concurrent mark sweep GC freed 148(2528B) AllocSpace objects, 0(0B) LOS objects, 29% free, 38MB/54MB, paused 409us total 26.102ms
08-06 05:28:14.382  5351  5369 I art     : Starting a blocking GC Explicit
08-06 05:28:14.412  5351  5369 I art     : Explicit concurrent mark sweep GC freed 224(3KB) AllocSpace objects, 0(0B) LOS objects, 29% free, 38MB/54MB, paused 402us total 29.990ms
08-06 05:28:14.426  5351  5369 I art     : Starting a blocking GC Explicit
08-06 05:28:14.454  5351  5369 I art     : Explicit concurrent mark sweep GC freed 152(2656B) AllocSpace objects, 0(0B) LOS objects, 29% free, 38MB/54MB, paused 427us total 27.336ms
08-06 05:28:14.832  5351  5369 I art     : Starting a blocking GC Explicit
08-06 05:28:14.861  5351  5369 I art     : Explicit concurrent mark sweep GC freed 3247(113KB) AllocSpace objects, 2(40KB) LOS objects, 29% free, 38MB/54MB, paused 429us total 28.826ms
08-06 05:28:14.876  5351  5369 I art     : Starting a blocking GC Explicit
08-06 05:28:14.901  5351  5369 I art     : Explicit concurrent mark sweep GC freed 166(3KB) AllocSpace objects, 0(0B) LOS objects, 29% free, 38MB/54MB, paused 393us total 24.883ms
08-06 05:28:14.914  5351  5369 I art     : Starting a blocking GC Explicit
08-06 05:28:14.938  5351  5369 I art     : Explicit concurrent mark sweep GC freed 147(2496B) AllocSpace objects, 0(0B) LOS objects, 29% free, 38MB/54MB, paused 406us total 23.597ms
08-06 05:28:14.949  5351  5369 I art     : Starting a blocking GC Explicit
08-06 05:28:14.972  5351  5369 I art     : Explicit concurrent mark sweep GC freed 147(2496B) AllocSpace objects, 0(0B) LOS objects, 29% free, 38MB/54MB, paused 466us total 23.282ms
08-06 05:28:14.984  5351  5369 I art     : Starting a blocking GC Explicit
08-06 05:28:15.007  5351  5369 I art     : Explicit concurrent mark sweep GC freed 197(3KB) AllocSpace objects, 0(0B) LOS objects, 29% free, 38MB/54MB, paused 466us total 23.338ms
08-06 05:28:15.364  5351  5363 I art     : Starting a blocking GC Explicit
08-06 05:28:15.391  5351  5363 I art     : Explicit concurrent mark sweep GC freed 3057(110KB) AllocSpace objects, 2(40KB) LOS objects, 29% free, 38MB/54MB, paused 506us total 26.467ms
08-06 05:28:15.403  5351  5363 I art     : Starting a blocking GC Explicit
08-06 05:28:15.430  5351  5363 I art     : Explicit concurrent mark sweep GC freed 242(4KB) AllocSpace objects, 0(0B) LOS objects, 29% free, 38MB/54MB, paused 413us total 26.854ms
08-06 05:28:15.442  5351  5363 I art     : Starting a blocking GC Explicit
08-06 05:28:15.469  5351  5363 I art     : Explicit concurrent mark sweep GC freed 147(2496B) AllocSpace objects, 0(0B) LOS objects, 29% free, 38MB/54MB, paused 423us total 26.745ms
08-06 05:28:15.481  5351  5363 I art     : Starting a blocking GC Explicit
08-06 05:28:15.508  5351  5363 I art     : Explicit concurrent mark sweep GC freed 172(2896B) AllocSpace objects, 0(0B) LOS objects, 29% free, 38MB/54MB, paused 508us total 26.291ms
08-06 05:28:15.520  5351  5363 I art     : Starting a blocking GC Explicit
08-06 05:28:15.547  5351  5363 I art     : Explicit concurrent mark sweep GC freed 194(3KB) AllocSpace objects, 0(0B) LOS objects, 29% free, 38MB/54MB, paused 491us total 26.431ms
08-06 05:28:15.920  5351  5364 I art     : Starting a blocking GC Explicit
08-06 05:28:15.949  5351  5364 I art     : Explicit concurrent mark sweep GC freed 3156(111KB) AllocSpace objects, 2(40KB) LOS objects, 29% free, 38MB/54MB, paused 424us total 29.166ms
08-06 05:28:15.964  5351  5364 I art     : Starting a blocking GC Explicit
08-06 05:28:15.991  5351  5364 I art     : Explicit concurrent mark sweep GC freed 190(3KB) AllocSpace objects, 0(0B) LOS objects, 29% free, 38MB/54MB, paused 498us total 26.861ms
08-06 05:28:16.003  5351  5364 I art     : Starting a blocking GC Explicit
08-06 05:28:16.029  5351  5364 I art     : Explicit concurrent mark sweep GC freed 195(3KB) AllocSpace objects, 0(0B) LOS objects, 29% free, 38MB/54MB, paused 414us total 26.053ms
08-06 05:28:16.041  5351  5364 I art     : Starting a blocking GC Explicit
08-06 05:28:16.068  5351  5364 I art     : Explicit concurrent mark sweep GC freed 147(2496B) AllocSpace objects, 0(0B) LOS objects, 29% free, 38MB/54MB, paused 396us total 26.848ms
08-06 05:28:16.081  5351  5364 I art     : Starting a blocking GC Explicit
08-06 05:28:16.108  5351  5364 I art     : Explicit concurrent mark sweep GC freed 151(2560B) AllocSpace objects, 0(0B) LOS objects, 29% free, 38MB/54MB, paused 581us total 27.172ms
08-06 05:28:16.464  5351  5626 I art     : Starting a blocking GC Explicit
08-06 05:28:16.493  5351  5626 I art     : Explicit concurrent mark sweep GC freed 3123(110KB) AllocSpace objects, 2(40KB) LOS objects, 29% free, 38MB/54MB, paused 551us total 29.607ms
08-06 05:28:16.509  5351  5626 I art     : Starting a blocking GC Explicit
08-06 05:28:16.535  5351  5626 I art     : Explicit concurrent mark sweep GC freed 194(3KB) AllocSpace objects, 0(0B) LOS objects, 29% free, 38MB/54MB, paused 397us total 26.115ms
08-06 05:28:16.547  5351  5626 I art     : Starting a blocking GC Explicit
08-06 05:28:16.573  5351  5626 I art     : Explicit concurrent mark sweep GC freed 147(2496B) AllocSpace objects, 0(0B) LOS objects, 29% free, 38MB/54MB, paused 403us total 25.708ms
08-06 05:28:16.585  5351  5626 I art     : Starting a blocking GC Explicit
08-06 05:28:16.611  5351  5626 I art     : Explicit concurrent mark sweep GC freed 219(3KB) AllocSpace objects, 0(0B) LOS objects, 29% free, 38MB/54MB, paused 411us total 26.239ms
08-06 05:28:16.624  5351  5626 I art     : Starting a blocking GC Explicit
08-06 05:28:16.651  5351  5626 I art     : Explicit concurrent mark sweep GC freed 146(2464B) AllocSpace objects, 0(0B) LOS objects, 29% free, 38MB/54MB, paused 416us total 26.673ms
08-06 05:28:17.029  5351  5369 I art     : Starting a blocking GC Explicit
08-06 05:28:17.056  5351  5369 I art     : Explicit concurrent mark sweep GC freed 3157(111KB) AllocSpace objects, 2(40KB) LOS objects, 29% free, 38MB/54MB, paused 433us total 27.063ms
08-06 05:28:17.069  5351  5369 I art     : Starting a blocking GC Explicit
08-06 05:28:17.095  5351  5369 I art     : Explicit concurrent mark sweep GC freed 238(4KB) AllocSpace objects, 0(0B) LOS objects, 29% free, 38MB/54MB, paused 419us total 25.979ms
08-06 05:28:17.107  5351  5369 I art     : Starting a blocking GC Explicit
08-06 05:28:17.134  5351  5369 I art     : Explicit concurrent mark sweep GC freed 140(2352B) AllocSpace objects, 0(0B) LOS objects, 29% free, 38MB/54MB, paused 496us total 26.235ms
08-06 05:28:17.146  5351  5369 I art     : Starting a blocking GC Explicit
08-06 05:28:17.172  5351  5369 I art     : Explicit concurrent mark sweep GC freed 153(2608B) AllocSpace objects, 0(0B) LOS objects, 29% free, 38MB/54MB, paused 425us total 26.111ms
08-06 05:28:17.184  5351  5369 I art     : Starting a blocking GC Explicit
08-06 05:28:17.210  5351  5369 I art     : Explicit concurrent mark sweep GC freed 155(2640B) AllocSpace objects, 0(0B) LOS objects, 29% free, 38MB/54MB, paused 453us total 25.798ms
08-06 05:28:17.365  5829  5829 D AndroidRuntime: >>>>>> START com.android.internal.os.RuntimeInit uid 2000 <<<<<<
08-06 05:28:17.370  5829  5829 D AndroidRuntime: CheckJNI is OFF
08-06 05:28:17.401  5829  5829 D ICU     : No timezone override file found: /data/misc/zoneinfo/current/icu/icu_tzdata.dat
08-06 05:28:17.434  5829  5829 I Radio-JNI: register_android_hardware_Radio DONE
08-06 05:28:17.455  5829  5829 D AndroidRuntime: Calling main entry com.android.commands.input.Input
08-06 05:28:17.457  5829  5829 I Input   : injectKeyEvent: KeyEvent { action=ACTION_DOWN, keyCode=KEYCODE_BACK, scanCode=0, metaState=0, flags=0x0, repeatCount=0, eventTime=854913870, downTime=854913870, deviceId=-1, source=0x101 }
08-06 05:28:17.463  5829  5829 I Input   : injectKeyEvent: KeyEvent { action=ACTION_UP, keyCode=KEYCODE_BACK, scanCode=0, metaState=0, flags=0x0, repeatCount=0, eventTime=854913870, downTime=854913870, deviceId=-1, source=0x101 }
08-06 05:28:17.468  5829  5829 D AndroidRuntime: Shutting down VM
08-06 05:28:17.505 13866 13866 I GoogleInputMethodServic: GoogleInputMethodService.onFinishInput():3138 
08-06 05:28:17.506 13866 13866 I GoogleInputMethodServic: GoogleInputMethodService.onStartInput():1808 
08-06 05:28:17.559  5351  5363 I art     : Starting a blocking GC Explicit
08-06 05:28:17.584  5351  5363 I art     : Explicit concurrent mark sweep GC freed 3181(114KB) AllocSpace objects, 2(40KB) LOS objects, 29% free, 38MB/54MB, paused 386us total 24.411ms
08-06 05:28:17.596  5351  5363 I art     : Starting a blocking GC Explicit
08-06 05:28:17.621  5351  5363 I art     : Explicit concurrent mark sweep GC freed 171(3KB) AllocSpace objects, 0(0B) LOS objects, 29% free, 38MB/54MB, paused 408us total 25.056ms
08-06 05:28:17.633  5351  5363 I art     : Starting a blocking GC Explicit
08-06 05:28:17.657  5351  5363 I art     : Explicit concurrent mark sweep GC freed 147(2496B) AllocSpace objects, 0(0B) LOS objects, 29% free, 38MB/54MB, paused 381us total 24.589ms
08-06 05:28:17.672  5351  5363 I art     : Starting a blocking GC Explicit
08-06 05:28:17.704  5351  5363 I art     : Explicit concurrent mark sweep GC freed 219(3KB) AllocSpace objects, 0(0B) LOS objects, 29% free, 38MB/54MB, paused 422us total 31.363ms
08-06 05:28:17.717  5351  5363 I art     : Starting a blocking GC Explicit
08-06 05:28:17.747  5351  5363 I art     : Explicit concurrent mark sweep GC freed 219(3KB) AllocSpace objects, 0(0B) LOS objects, 29% free, 38MB/54MB, paused 618us total 30.241ms
08-06 05:28:17.808   380   380 W SurfaceFlinger: couldn't log to binary event log: overflow.
08-06 05:28:18.048  5351  5363 I art     : Starting a blocking GC Explicit
08-06 05:28:18.079  5351  5363 I art     : Explicit concurrent mark sweep GC freed 2486(100KB) AllocSpace objects, 3(228KB) LOS objects, 29% free, 38MB/54MB, paused 708us total 31.263ms
08-06 05:28:18.094  5351  5363 I art     : Starting a blocking GC Explicit
08-06 05:28:18.119  5351  5363 I art     : Explicit concurrent mark sweep GC freed 4812(341KB) AllocSpace objects, 7(132KB) LOS objects, 29% free, 38MB/54MB, paused 414us total 25.162ms
08-06 05:28:18.131  5351  5363 I art     : Starting a blocking GC Explicit
08-06 05:28:18.156  5351  5363 I art     : Explicit concurrent mark sweep GC freed 99(1696B) AllocSpace objects, 0(0B) LOS objects, 29% free, 38MB/54MB, paused 406us total 24.705ms
08-06 05:28:18.168  5351  5363 I art     : Starting a blocking GC Explicit
08-06 05:28:18.193  5351  5363 I art     : Explicit concurrent mark sweep GC freed 140(2816B) AllocSpace objects, 0(0B) LOS objects, 29% free, 38MB/54MB, paused 515us total 25.196ms
08-06 05:28:18.205  5351  5363 I art     : Starting a blocking GC Explicit
08-06 05:28:18.233  5351  5363 I art     : Explicit concurrent mark sweep GC freed 139(2960B) AllocSpace objects, 0(0B) LOS objects, 29% free, 38MB/54MB, paused 441us total 26.941ms
08-06 05:28:18.553  5351  5369 I art     : Starting a blocking GC Explicit
08-06 05:28:18.581  5351  5369 I art     : Explicit concurrent mark sweep GC freed 2435(99KB) AllocSpace objects, 2(40KB) LOS objects, 29% free, 38MB/54MB, paused 426us total 27.890ms
08-06 05:28:18.596  5351  5369 I art     : Starting a blocking GC Explicit
08-06 05:28:18.621  5351  5369 I art     : Explicit concurrent mark sweep GC freed 118(2384B) AllocSpace objects, 0(0B) LOS objects, 29% free, 38MB/54MB, paused 410us total 24.525ms
08-06 05:28:18.633  5351  5369 I art     : Starting a blocking GC Explicit
08-06 05:28:18.658  5351  5369 I art     : Explicit concurrent mark sweep GC freed 99(1696B) AllocSpace objects, 0(0B) LOS objects, 29% free, 38MB/54MB, paused 398us total 24.447ms
08-06 05:28:18.669  5351  5369 I art     : Starting a blocking GC Explicit
08-06 05:28:18.694  5351  5369 I art     : Explicit concurrent mark sweep GC freed 146(2464B) AllocSpace objects, 0(0B) LOS objects, 29% free, 38MB/54MB, paused 423us total 24.520ms
08-06 05:28:18.706  5351  5369 I art     : Starting a blocking GC Explicit
08-06 05:28:18.731  5351  5369 I art     : Explicit concurrent mark sweep GC freed 100(1728B) AllocSpace objects, 0(0B) LOS objects, 29% free, 38MB/54MB, paused 453us total 24.671ms
08-06 05:28:19.043  5351  5364 I art     : Starting a blocking GC Explicit
08-06 05:28:19.103  5351  5364 I art     : Explicit concurrent mark sweep GC freed 2482(100KB) AllocSpace objects, 2(40KB) LOS objects, 29% free, 38MB/54MB, paused 790us total 59.910ms
08-06 05:28:19.107  5872  5872 D AndroidRuntime: >>>>>> START com.android.internal.os.RuntimeInit uid 2000 <<<<<<
08-06 05:28:19.112  5872  5872 D AndroidRuntime: CheckJNI is OFF
08-06 05:28:19.122  5351  5364 I art     : Starting a blocking GC Explicit
08-06 05:28:19.147  5351  5364 I art     : Explicit concurrent mark sweep GC freed 167(3KB) AllocSpace objects, 0(0B) LOS objects, 29% free, 38MB/54MB, paused 509us total 24.946ms
08-06 05:28:19.148  5872  5872 D ICU     : No timezone override file found: /data/misc/zoneinfo/current/icu/icu_tzdata.dat
08-06 05:28:19.159  5351  5364 I art     : Starting a blocking GC Explicit
08-06 05:28:19.183  5872  5872 I Radio-JNI: register_android_hardware_Radio DONE
08-06 05:28:19.184  5351  5364 I art     : Explicit concurrent mark sweep GC freed 98(1664B) AllocSpace objects, 0(0B) LOS objects, 29% free, 38MB/54MB, paused 433us total 24.944ms
08-06 05:28:19.195  5351  5364 I art     : Starting a blocking GC Explicit
08-06 05:28:19.205  5872  5872 D AndroidRuntime: Calling main entry com.android.commands.input.Input
08-06 05:28:19.206  5872  5872 I Input   : injectMotionEvent: MotionEvent { action=ACTION_DOWN, actionButton=0, id[0]=0, x[0]=504.0, y[0]=1706.0, toolType[0]=TOOL_TYPE_UNKNOWN, buttonState=0, metaState=0, flags=0x0, edgeFlags=0x0, pointerCount=1, historySize=0, eventTime=854915619, downTime=854915619, deviceId=0, source=0x1002 }
08-06 05:28:19.211  5872  5872 I Input   : injectMotionEvent: MotionEvent { action=ACTION_UP, actionButton=0, id[0]=0, x[0]=504.0, y[0]=1706.0, toolType[0]=TOOL_TYPE_UNKNOWN, buttonState=0, metaState=0, flags=0x0, edgeFlags=0x0, pointerCount=1, historySize=0, eventTime=854915619, downTime=854915619, deviceId=0, source=0x1002 }
08-06 05:28:19.214  5872  5872 D AndroidRuntime: Shutting down VM
08-06 05:28:19.215   512  2967 D audio_hw_primary: out_set_parameters: enter: usecase(1: low-latency-playback) kvpairs: routing=2
08-06 05:28:19.218   918  6029 I ActivityManager: START u0 {cmp=baseline.io.github.project_travel_mate/.destinations.funfacts.FunFactsActivity (has extras)} from uid 10696 on display 0
08-06 05:28:19.219  5351  5364 I art     : Explicit concurrent mark sweep GC freed 1170(119KB) AllocSpace objects, 0(0B) LOS objects, 29% free, 38MB/54MB, paused 605us total 23.601ms
08-06 05:28:19.227   512  2967 D audio_hw_primary: select_devices: out_snd_device(2: speaker) in_snd_device(0: none)
08-06 05:28:19.228   512  2967 D msm8974_platform: platform_send_audio_calibration: sending audio calibration for snd_device(2) acdb_id(15)
08-06 05:28:19.228   512  2967 I soundtrigger: audio_extn_sound_trigger_update_device_status: device 0x2 of type 0 for Event 1
08-06 05:28:19.231  5351  5364 I art     : Starting a blocking GC Explicit
08-06 05:28:19.238   512  2967 D audio_hw_primary: enable_snd_device: snd_device(2: speaker)
08-06 05:28:19.240   512  2967 D audio_hw_primary: enable_audio_route: apply and update mixer path: low-latency-playback speaker
08-06 05:28:19.242  5351  5415 D Gabe    : call	returning from cache
08-06 05:28:19.246  5351  5351 V EXECUTING: https://project-travel-mate.herokuapp.com/api/get-city-facts/1
08-06 05:28:19.256  5351  5364 I art     : Explicit concurrent mark sweep GC freed 1465(142KB) AllocSpace objects, 0(0B) LOS objects, 29% free, 38MB/54MB, paused 635us total 25.032ms
08-06 05:28:19.362 13866 13866 I GoogleInputMethodServic: GoogleInputMethodService.onFinishInput():3138 
08-06 05:28:19.362   918   936 I ActivityManager: Displayed baseline.io.github.project_travel_mate/.destinations.funfacts.FunFactsActivity: +137ms
08-06 05:28:19.362 13866 13866 I GoogleInputMethodServic: GoogleInputMethodService.onStartInput():1808 
08-06 05:28:19.546  5351  5369 I art     : Starting a blocking GC Explicit
08-06 05:28:19.585  5351  5369 I art     : Explicit concurrent mark sweep GC freed 2967(121KB) AllocSpace objects, 2(40KB) LOS objects, 27% free, 42MB/58MB, paused 521us total 39.302ms
08-06 05:28:19.603  5351  5369 I art     : Starting a blocking GC Explicit
08-06 05:28:19.615   380   380 W SurfaceFlinger: couldn't log to binary event log: overflow.
08-06 05:28:19.639  5351  5369 I art     : Explicit concurrent mark sweep GC freed 244(4KB) AllocSpace objects, 0(0B) LOS objects, 27% free, 42MB/58MB, paused 442us total 35.393ms
08-06 05:28:19.653  5351  5369 I art     : Starting a blocking GC Explicit
08-06 05:28:19.675  5351  5369 I art     : Explicit concurrent mark sweep GC freed 147(2496B) AllocSpace objects, 0(0B) LOS objects, 27% free, 42MB/58MB, paused 439us total 21.964ms
08-06 05:28:19.686  5351  5369 I art     : Starting a blocking GC Explicit
08-06 05:28:19.709  5351  5369 I art     : Explicit concurrent mark sweep GC freed 147(2496B) AllocSpace objects, 0(0B) LOS objects, 27% free, 42MB/58MB, paused 444us total 23.113ms
08-06 05:28:19.721  5351  5369 I art     : Starting a blocking GC Explicit
08-06 05:28:19.749  5351  5369 I art     : Explicit concurrent mark sweep GC freed 187(3KB) AllocSpace objects, 0(0B) LOS objects, 27% free, 42MB/58MB, paused 651us total 27.590ms
08-06 05:28:19.769   512  2967 D audio_hw_primary: disable_audio_route: reset and update mixer path: low-latency-playback speaker
08-06 05:28:19.770   512  2967 D audio_hw_primary: disable_snd_device: snd_device(2: speaker)
08-06 05:28:19.777   512  2967 I soundtrigger: audio_extn_sound_trigger_update_device_status: device 0x2 of type 0 for Event 0
08-06 05:28:20.062  5351  5364 I art     : Starting a blocking GC Explicit
08-06 05:28:20.088  5351  5364 I art     : Explicit concurrent mark sweep GC freed 2751(148KB) AllocSpace objects, 2(40KB) LOS objects, 27% free, 43MB/59MB, paused 916us total 26.043ms
08-06 05:28:20.099  5351  5364 I art     : Starting a blocking GC Explicit
08-06 05:28:20.126  5351  5364 I art     : Explicit concurrent mark sweep GC freed 2187(84KB) AllocSpace objects, 2(120KB) LOS objects, 27% free, 43MB/59MB, paused 622us total 26.009ms
08-06 05:28:20.138  5351  5364 I art     : Starting a blocking GC Explicit
08-06 05:28:20.148  5351  5897 I NAPPA_EXPERIMENTATION: MetricNetworkRequestExecutionTime: REQUEST_DURATION_SYSTEM='901',REQUEST_DURATION_OKHTTP='31',REQUEST_SYNCHRONOUS='FALSE',RESPONSE_CODE='200',RESPONSE_METHOD='GET',RESPONSE_LENGTH_OKHTTP='1793',RESPONSE_LENGTH_HEADER='1793',REQUEST_PROTOCOL='http/1.1',REQUEST_URL='https://project-travel-mate.herokuapp.com/api/get-city-facts/1',
08-06 05:28:20.152  5351  5897 V EXECUTING: https://project-travel-mate.herokuapp.com/api/get-city-images/1
08-06 05:28:20.163  5351  5364 I art     : Explicit concurrent mark sweep GC freed 1364(156KB) AllocSpace objects, 1(80KB) LOS objects, 27% free, 43MB/59MB, paused 532us total 25.204ms
08-06 05:28:20.176  5351  5364 I art     : Starting a blocking GC Explicit
08-06 05:28:20.202  5351  5364 I art     : Explicit concurrent mark sweep GC freed 287(10KB) AllocSpace objects, 0(0B) LOS objects, 27% free, 43MB/59MB, paused 752us total 25.642ms
08-06 05:28:20.213  5351  5364 I art     : Starting a blocking GC Explicit
08-06 05:28:20.238  5351  5364 I art     : Explicit concurrent mark sweep GC freed 131(2192B) AllocSpace objects, 0(0B) LOS objects, 27% free, 43MB/59MB, paused 646us total 24.803ms
08-06 05:28:20.539  5351  5369 I art     : Starting a blocking GC Explicit
08-06 05:28:20.565  5351  5369 I art     : Explicit concurrent mark sweep GC freed 2225(95KB) AllocSpace objects, 2(40KB) LOS objects, 27% free, 43MB/59MB, paused 540us total 25.638ms
08-06 05:28:20.578  5351  5369 I art     : Starting a blocking GC Explicit
08-06 05:28:20.602  5351  5369 I art     : Explicit concurrent mark sweep GC freed 131(2784B) AllocSpace objects, 0(0B) LOS objects, 26% free, 43MB/59MB, paused 709us total 24.732ms
08-06 05:28:20.615  5351  5369 I art     : Starting a blocking GC Explicit
08-06 05:28:20.640  5351  5369 I art     : Explicit concurrent mark sweep GC freed 49(896B) AllocSpace objects, 0(0B) LOS objects, 26% free, 43MB/59MB, paused 726us total 25.509ms
08-06 05:28:20.652  5351  5369 I art     : Starting a blocking GC Explicit
08-06 05:28:20.677  5351  5369 I art     : Explicit concurrent mark sweep GC freed 131(2192B) AllocSpace objects, 0(0B) LOS objects, 26% free, 43MB/59MB, paused 644us total 24.809ms
08-06 05:28:20.689  5351  5369 I art     : Starting a blocking GC Explicit
08-06 05:28:20.717  5351  5369 I art     : Explicit concurrent mark sweep GC freed 1156(77KB) AllocSpace objects, 2(120KB) LOS objects, 26% free, 43MB/59MB, paused 942us total 26.996ms
08-06 05:28:20.760  5351  5919 I NAPPA_EXPERIMENTATION: MetricNetworkRequestExecutionTime: REQUEST_DURATION_SYSTEM='607',REQUEST_DURATION_OKHTTP='33',REQUEST_SYNCHRONOUS='FALSE',RESPONSE_CODE='200',RESPONSE_METHOD='GET',RESPONSE_LENGTH_OKHTTP='183',RESPONSE_LENGTH_HEADER='183',REQUEST_PROTOCOL='http/1.1',REQUEST_URL='https://project-travel-mate.herokuapp.com/api/get-city-images/1',
08-06 05:28:20.819  5351  5919 V RESPONSE: [{"id":17,"image_url":"https://upload.wikimedia.org/wikipedia/commons/9/94/%E0%B4%96%E0%B5%81%E0%B4%A4%E0%B5%8D%E0%B4%AC%E0%B5%8D_%E0%B4%AE%E0%B4%BF%E0%B4%A8%E0%B4%BE%E0%B5%BC1.jpg"}]
08-06 05:28:21.064  5351  5363 I art     : Starting a blocking GC Explicit
08-06 05:28:21.099  5351  5363 I art     : Explicit concurrent mark sweep GC freed 8281(480KB) AllocSpace objects, 4(4MB) LOS objects, 28% free, 39MB/55MB, paused 590us total 34.477ms
08-06 05:28:21.112  5351  5363 I art     : Starting a blocking GC Explicit
08-06 05:28:21.141  5351  5363 I art     : Explicit concurrent mark sweep GC freed 419(13KB) AllocSpace objects, 0(0B) LOS objects, 28% free, 39MB/55MB, paused 470us total 29.187ms
08-06 05:28:21.153  5351  5363 I art     : Starting a blocking GC Explicit
08-06 05:28:21.182  5351  5363 I art     : Explicit concurrent mark sweep GC freed 225(4KB) AllocSpace objects, 0(0B) LOS objects, 28% free, 39MB/55MB, paused 607us total 27.969ms
08-06 05:28:21.195  5351  5363 I art     : Starting a blocking GC Explicit
08-06 05:28:21.223  5351  5363 I art     : Explicit concurrent mark sweep GC freed 179(3KB) AllocSpace objects, 0(0B) LOS objects, 28% free, 39MB/55MB, paused 460us total 28.437ms
08-06 05:28:21.236  5351  5363 I art     : Starting a blocking GC Explicit
08-06 05:28:21.264  5351  5363 I art     : Explicit concurrent mark sweep GC freed 229(4KB) AllocSpace objects, 0(0B) LOS objects, 28% free, 39MB/55MB, paused 509us total 28.451ms
08-06 05:28:21.607  5351  5369 I art     : Starting a blocking GC Explicit
08-06 05:28:21.636  5351  5369 I art     : Explicit concurrent mark sweep GC freed 3013(108KB) AllocSpace objects, 2(40KB) LOS objects, 28% free, 39MB/55MB, paused 465us total 28.668ms
08-06 05:28:21.649  5351  5369 I art     : Starting a blocking GC Explicit
08-06 05:28:21.676  5351  5369 I art     : Explicit concurrent mark sweep GC freed 166(3KB) AllocSpace objects, 0(0B) LOS objects, 28% free, 39MB/55MB, paused 454us total 27.034ms
08-06 05:28:21.688  5351  5369 I art     : Starting a blocking GC Explicit
08-06 05:28:21.716  5351  5369 I art     : Explicit concurrent mark sweep GC freed 219(3KB) AllocSpace objects, 0(0B) LOS objects, 28% free, 39MB/55MB, paused 467us total 27.315ms
08-06 05:28:21.728  5351  5369 I art     : Starting a blocking GC Explicit
08-06 05:28:21.756  5351  5369 I art     : Explicit concurrent mark sweep GC freed 147(2496B) AllocSpace objects, 0(0B) LOS objects, 28% free, 39MB/55MB, paused 471us total 28.126ms
08-06 05:28:21.769  5351  5369 I art     : Starting a blocking GC Explicit
08-06 05:28:21.796  5351  5369 I art     : Explicit concurrent mark sweep GC freed 147(2496B) AllocSpace objects, 0(0B) LOS objects, 28% free, 39MB/55MB, paused 518us total 27.112ms
08-06 05:28:21.872  5944  5944 D AndroidRuntime: >>>>>> START com.android.internal.os.RuntimeInit uid 2000 <<<<<<
08-06 05:28:21.877  5944  5944 D AndroidRuntime: CheckJNI is OFF
08-06 05:28:21.911  5944  5944 D ICU     : No timezone override file found: /data/misc/zoneinfo/current/icu/icu_tzdata.dat
08-06 05:28:21.944  5944  5944 I Radio-JNI: register_android_hardware_Radio DONE
08-06 05:28:21.966  5944  5944 D AndroidRuntime: Calling main entry com.android.commands.input.Input
08-06 05:28:21.967  5944  5944 I Input   : injectKeyEvent: KeyEvent { action=ACTION_DOWN, keyCode=KEYCODE_BACK, scanCode=0, metaState=0, flags=0x0, repeatCount=0, eventTime=854918380, downTime=854918380, deviceId=-1, source=0x101 }
08-06 05:28:21.973  5944  5944 I Input   : injectKeyEvent: KeyEvent { action=ACTION_UP, keyCode=KEYCODE_BACK, scanCode=0, metaState=0, flags=0x0, repeatCount=0, eventTime=854918380, downTime=854918380, deviceId=-1, source=0x101 }
08-06 05:28:21.981  5944  5944 D AndroidRuntime: Shutting down VM
08-06 05:28:22.025 13866 13866 I GoogleInputMethodServic: GoogleInputMethodService.onFinishInput():3138 
08-06 05:28:22.026 13866 13866 I GoogleInputMethodServic: GoogleInputMethodService.onStartInput():1808 
08-06 05:28:22.103  5351  5626 I art     : Starting a blocking GC Explicit
08-06 05:28:22.135  5351  5626 I art     : Explicit concurrent mark sweep GC freed 2972(110KB) AllocSpace objects, 2(40KB) LOS objects, 28% free, 39MB/55MB, paused 526us total 32.122ms
08-06 05:28:22.150  5351  5626 I art     : Starting a blocking GC Explicit
08-06 05:28:22.181  5351  5626 I art     : Explicit concurrent mark sweep GC freed 203(3KB) AllocSpace objects, 0(0B) LOS objects, 28% free, 39MB/55MB, paused 522us total 31.059ms
08-06 05:28:22.199  5351  5626 I art     : Starting a blocking GC Explicit
08-06 05:28:22.234  5351  5626 I art     : Explicit concurrent mark sweep GC freed 258(4KB) AllocSpace objects, 0(0B) LOS objects, 28% free, 39MB/55MB, paused 531us total 35.061ms
08-06 05:28:22.251  5351  5626 I art     : Starting a blocking GC Explicit
08-06 05:28:22.285  5351  5626 I art     : Explicit concurrent mark sweep GC freed 219(3KB) AllocSpace objects, 0(0B) LOS objects, 28% free, 39MB/55MB, paused 500us total 33.869ms
08-06 05:28:22.300  5351  5626 I art     : Starting a blocking GC Explicit
08-06 05:28:22.312   380   380 W SurfaceFlinger: couldn't log to binary event log: overflow.
08-06 05:28:22.331  5351  5626 I art     : Explicit concurrent mark sweep GC freed 954(38KB) AllocSpace objects, 0(0B) LOS objects, 28% free, 39MB/55MB, paused 509us total 30.905ms
08-06 05:28:22.664  5351  5363 I art     : Starting a blocking GC Explicit
08-06 05:28:22.698  5351  5363 I art     : Explicit concurrent mark sweep GC freed 2487(102KB) AllocSpace objects, 5(684KB) LOS objects, 29% free, 38MB/54MB, paused 534us total 33.440ms
08-06 05:28:22.712  5351  5363 I art     : Starting a blocking GC Explicit
08-06 05:28:22.738  5351  5363 I art     : Explicit concurrent mark sweep GC freed 861(36KB) AllocSpace objects, 0(0B) LOS objects, 29% free, 38MB/54MB, paused 444us total 26.153ms
08-06 05:28:22.750  5351  5363 I art     : Starting a blocking GC Explicit
08-06 05:28:22.774  5351  5363 I art     : Explicit concurrent mark sweep GC freed 4824(233KB) AllocSpace objects, 1(28KB) LOS objects, 29% free, 38MB/54MB, paused 439us total 24.060ms
08-06 05:28:22.788  5351  5363 I art     : Starting a blocking GC Explicit
08-06 05:28:22.811  5351  5363 I art     : Explicit concurrent mark sweep GC freed 100(1728B) AllocSpace objects, 0(0B) LOS objects, 29% free, 38MB/54MB, paused 442us total 22.657ms
08-06 05:28:22.822  5351  5363 I art     : Starting a blocking GC Explicit
08-06 05:28:22.845  5351  5363 I art     : Explicit concurrent mark sweep GC freed 99(1696B) AllocSpace objects, 0(0B) LOS objects, 29% free, 38MB/54MB, paused 434us total 22.981ms
08-06 05:28:23.176  5351  5369 I art     : Starting a blocking GC Explicit
08-06 05:28:23.202  5351  5369 I art     : Explicit concurrent mark sweep GC freed 2484(100KB) AllocSpace objects, 2(40KB) LOS objects, 29% free, 38MB/54MB, paused 479us total 25.563ms
08-06 05:28:23.214  5351  5369 I art     : Starting a blocking GC Explicit
08-06 05:28:23.237  5351  5369 I art     : Explicit concurrent mark sweep GC freed 118(2384B) AllocSpace objects, 0(0B) LOS objects, 29% free, 38MB/54MB, paused 455us total 22.712ms
08-06 05:28:23.248  5351  5369 I art     : Starting a blocking GC Explicit
08-06 05:28:23.273  5351  5369 I art     : Explicit concurrent mark sweep GC freed 99(1696B) AllocSpace objects, 0(0B) LOS objects, 29% free, 38MB/54MB, paused 452us total 23.848ms
08-06 05:28:23.284  5351  5369 I art     : Starting a blocking GC Explicit
08-06 05:28:23.308  5351  5369 I art     : Explicit concurrent mark sweep GC freed 99(1696B) AllocSpace objects, 0(0B) LOS objects, 29% free, 38MB/54MB, paused 447us total 23.978ms
08-06 05:28:23.320  5351  5369 I art     : Starting a blocking GC Explicit
08-06 05:28:23.345  5351  5369 I art     : Explicit concurrent mark sweep GC freed 99(1696B) AllocSpace objects, 0(0B) LOS objects, 29% free, 38MB/54MB, paused 489us total 24.994ms
08-06 05:28:23.609  5996  5996 D AndroidRuntime: >>>>>> START com.android.internal.os.RuntimeInit uid 2000 <<<<<<
08-06 05:28:23.613  5996  5996 D AndroidRuntime: CheckJNI is OFF
08-06 05:28:23.649  5996  5996 D ICU     : No timezone override file found: /data/misc/zoneinfo/current/icu/icu_tzdata.dat
08-06 05:28:23.669  5351  5364 I art     : Starting a blocking GC Explicit
08-06 05:28:23.683  5996  5996 I Radio-JNI: register_android_hardware_Radio DONE
08-06 05:28:23.696  5351  5364 I art     : Explicit concurrent mark sweep GC freed 2437(99KB) AllocSpace objects, 2(40KB) LOS objects, 29% free, 38MB/54MB, paused 462us total 26.981ms
08-06 05:28:23.706  5996  5996 D AndroidRuntime: Calling main entry com.android.commands.input.Input
08-06 05:28:23.708  5996  5996 I Input   : injectMotionEvent: MotionEvent { action=ACTION_DOWN, actionButton=0, id[0]=0, x[0]=504.0, y[0]=1706.0, toolType[0]=TOOL_TYPE_UNKNOWN, buttonState=0, metaState=0, flags=0x0, edgeFlags=0x0, pointerCount=1, historySize=0, eventTime=854920120, downTime=854920120, deviceId=0, source=0x1002 }
08-06 05:28:23.708  5351  5364 I art     : Starting a blocking GC Explicit
08-06 05:28:23.712  5996  5996 I Input   : injectMotionEvent: MotionEvent { action=ACTION_UP, actionButton=0, id[0]=0, x[0]=504.0, y[0]=1706.0, toolType[0]=TOOL_TYPE_UNKNOWN, buttonState=0, metaState=0, flags=0x0, edgeFlags=0x0, pointerCount=1, historySize=0, eventTime=854920120, downTime=854920120, deviceId=0, source=0x1002 }
08-06 05:28:23.716   512  2967 D audio_hw_primary: out_set_parameters: enter: usecase(1: low-latency-playback) kvpairs: routing=2
08-06 05:28:23.716  5996  5996 D AndroidRuntime: Shutting down VM
08-06 05:28:23.718 32067 32067 I ServiceManager: Waiting for service AtCmdFwd...
08-06 05:28:23.718   918  4413 I ActivityManager: START u0 {cmp=baseline.io.github.project_travel_mate/.destinations.funfacts.FunFactsActivity (has extras)} from uid 10696 on display 0
08-06 05:28:23.729   512  2967 D audio_hw_primary: select_devices: out_snd_device(2: speaker) in_snd_device(0: none)
08-06 05:28:23.729   512  2967 D msm8974_platform: platform_send_audio_calibration: sending audio calibration for snd_device(2) acdb_id(15)
08-06 05:28:23.729   512  2967 I soundtrigger: audio_extn_sound_trigger_update_device_status: device 0x2 of type 0 for Event 1
08-06 05:28:23.735  5351  5364 I art     : Explicit concurrent mark sweep GC freed 1498(130KB) AllocSpace objects, 0(0B) LOS objects, 29% free, 38MB/54MB, paused 666us total 26.421ms
08-06 05:28:23.739   512  2967 D audio_hw_primary: enable_snd_device: snd_device(2: speaker)
08-06 05:28:23.741   512  2967 D audio_hw_primary: enable_audio_route: apply and update mixer path: low-latency-playback speaker
08-06 05:28:23.742  5351  5415 D Gabe    : call	returning from cache
08-06 05:28:23.746  5351  5351 V EXECUTING: https://project-travel-mate.herokuapp.com/api/get-city-facts/1
08-06 05:28:23.748  5351  5364 I art     : Starting a blocking GC Explicit
08-06 05:28:23.774  5351  5364 I art     : Explicit concurrent mark sweep GC freed 1408(131KB) AllocSpace objects, 0(0B) LOS objects, 29% free, 38MB/54MB, paused 498us total 26.183ms
08-06 05:28:23.786  5351  5364 I art     : Starting a blocking GC Explicit
08-06 05:28:23.813  5351  5364 I art     : Explicit concurrent mark sweep GC freed 603(20KB) AllocSpace objects, 0(0B) LOS objects, 27% free, 42MB/58MB, paused 878us total 27.244ms
08-06 05:28:23.825  5351  5364 I art     : Starting a blocking GC Explicit
08-06 05:28:23.851  5351  5364 I art     : Explicit concurrent mark sweep GC freed 38(1520B) AllocSpace objects, 0(0B) LOS objects, 27% free, 42MB/58MB, paused 623us total 25.653ms
08-06 05:28:23.866   918   936 I ActivityManager: Displayed baseline.io.github.project_travel_mate/.destinations.funfacts.FunFactsActivity: +138ms
08-06 05:28:23.867 13866 13866 I GoogleInputMethodServic: GoogleInputMethodService.onFinishInput():3138 
08-06 05:28:23.867 13866 13866 I GoogleInputMethodServic: GoogleInputMethodService.onStartInput():1808 
08-06 05:28:24.099   380   380 W SurfaceFlinger: couldn't log to binary event log: overflow.
08-06 05:28:24.147  5351  5626 I art     : Starting a blocking GC Explicit
08-06 05:28:24.174  5351  5626 I art     : Explicit concurrent mark sweep GC freed 2658(103KB) AllocSpace objects, 2(40KB) LOS objects, 27% free, 43MB/59MB, paused 473us total 26.812ms
08-06 05:28:24.187   918  1210 D NetlinkSocketObserver: NeighborEvent{elapsedMs=1838308062, 192.168.2.254, [7C3953A63323], RTM_NEWNEIGH, NUD_STALE}
08-06 05:28:24.187  5351  5626 I art     : Starting a blocking GC Explicit
08-06 05:28:24.215  5351  5626 I art     : Explicit concurrent mark sweep GC freed 2784(137KB) AllocSpace objects, 2(120KB) LOS objects, 26% free, 43MB/59MB, paused 555us total 27.649ms
08-06 05:28:24.227  5351  5626 I art     : Starting a blocking GC Explicit
08-06 05:28:24.240  5351  6020 I NAPPA_EXPERIMENTATION: MetricNetworkRequestExecutionTime: REQUEST_DURATION_SYSTEM='493',REQUEST_DURATION_OKHTTP='36',REQUEST_SYNCHRONOUS='FALSE',RESPONSE_CODE='200',RESPONSE_METHOD='GET',RESPONSE_LENGTH_OKHTTP='1793',RESPONSE_LENGTH_HEADER='1793',REQUEST_PROTOCOL='http/1.1',REQUEST_URL='https://project-travel-mate.herokuapp.com/api/get-city-facts/1',
08-06 05:28:24.241  5351  6020 V EXECUTING: https://project-travel-mate.herokuapp.com/api/get-city-images/1
08-06 05:28:24.257  5351  5626 I art     : Explicit concurrent mark sweep GC freed 1635(162KB) AllocSpace objects, 1(80KB) LOS objects, 27% free, 43MB/59MB, paused 804us total 30.164ms
08-06 05:28:24.269  5351  5626 I art     : Starting a blocking GC Explicit
08-06 05:28:24.279   512  2967 D audio_hw_primary: disable_audio_route: reset and update mixer path: low-latency-playback speaker
08-06 05:28:24.281   512  2967 D audio_hw_primary: disable_snd_device: snd_device(2: speaker)
08-06 05:28:24.289   512  2967 I soundtrigger: audio_extn_sound_trigger_update_device_status: device 0x2 of type 0 for Event 0
08-06 05:28:24.296  5351  5626 I art     : Explicit concurrent mark sweep GC freed 133(6KB) AllocSpace objects, 0(0B) LOS objects, 26% free, 43MB/59MB, paused 691us total 25.866ms
08-06 05:28:24.308  5351  5626 I art     : Starting a blocking GC Explicit
08-06 05:28:24.340  5351  5626 I art     : Explicit concurrent mark sweep GC freed 157(3KB) AllocSpace objects, 0(0B) LOS objects, 26% free, 43MB/59MB, paused 702us total 31.782ms
08-06 05:28:24.651  5351  5363 I art     : Starting a blocking GC Explicit
08-06 05:28:24.676  5351  5363 I art     : Explicit concurrent mark sweep GC freed 2238(96KB) AllocSpace objects, 2(40KB) LOS objects, 26% free, 43MB/59MB, paused 672us total 25.573ms
08-06 05:28:24.689  5351  5363 I art     : Starting a blocking GC Explicit
08-06 05:28:24.715  5351  5363 I art     : Explicit concurrent mark sweep GC freed 49(1328B) AllocSpace objects, 0(0B) LOS objects, 26% free, 43MB/59MB, paused 695us total 25.806ms
08-06 05:28:24.718 32067 32067 I ServiceManager: Waiting for service AtCmdFwd...
08-06 05:28:24.727  5351  5363 I art     : Starting a blocking GC Explicit
08-06 05:28:24.753  5351  5363 I art     : Explicit concurrent mark sweep GC freed 123(2064B) AllocSpace objects, 0(0B) LOS objects, 26% free, 43MB/59MB, paused 721us total 25.737ms
08-06 05:28:24.765  5351  5363 I art     : Starting a blocking GC Explicit
08-06 05:28:24.791  5351  5363 I art     : Explicit concurrent mark sweep GC freed 29(512B) AllocSpace objects, 0(0B) LOS objects, 26% free, 43MB/59MB, paused 654us total 26.031ms
08-06 05:28:24.803  5351  5363 I art     : Starting a blocking GC Explicit
08-06 05:28:24.830  5351  5363 I art     : Explicit concurrent mark sweep GC freed 2686(133KB) AllocSpace objects, 2(120KB) LOS objects, 26% free, 43MB/59MB, paused 712us total 27.288ms
08-06 05:28:24.857  5351  6033 I NAPPA_EXPERIMENTATION: MetricNetworkRequestExecutionTime: REQUEST_DURATION_SYSTEM='615',REQUEST_DURATION_OKHTTP='33',REQUEST_SYNCHRONOUS='FALSE',RESPONSE_CODE='200',RESPONSE_METHOD='GET',RESPONSE_LENGTH_OKHTTP='183',RESPONSE_LENGTH_HEADER='183',REQUEST_PROTOCOL='http/1.1',REQUEST_URL='https://project-travel-mate.herokuapp.com/api/get-city-images/1',
08-06 05:28:24.919  5351  6033 V RESPONSE: [{"id":17,"image_url":"https://upload.wikimedia.org/wikipedia/commons/9/94/%E0%B4%96%E0%B5%81%E0%B4%A4%E0%B5%8D%E0%B4%AC%E0%B5%8D_%E0%B4%AE%E0%B4%BF%E0%B4%A8%E0%B4%BE%E0%B5%BC1.jpg"}]
08-06 05:28:25.010   518   646 I ThermalEngine: ACTION: GPU - Setting GPU[0] to 450000000
08-06 05:28:25.168  5351  5364 I art     : Starting a blocking GC Explicit
08-06 05:28:25.210  5351  5364 I art     : Explicit concurrent mark sweep GC freed 7165(367KB) AllocSpace objects, 4(4MB) LOS objects, 28% free, 39MB/55MB, paused 697us total 41.981ms
08-06 05:28:25.229  5351  5364 I art     : Starting a blocking GC Explicit
08-06 05:28:25.264  5351  5364 I art     : Explicit concurrent mark sweep GC freed 406(13KB) AllocSpace objects, 0(0B) LOS objects, 28% free, 39MB/55MB, paused 672us total 34.227ms
08-06 05:28:25.280  5351  5364 I art     : Starting a blocking GC Explicit
08-06 05:28:25.315  5351  5364 I art     : Explicit concurrent mark sweep GC freed 219(3KB) AllocSpace objects, 0(0B) LOS objects, 28% free, 39MB/55MB, paused 672us total 35.182ms
08-06 05:28:25.331  5351  5364 I art     : Starting a blocking GC Explicit
08-06 05:28:25.367  5351  5364 I art     : Explicit concurrent mark sweep GC freed 230(3KB) AllocSpace objects, 0(0B) LOS objects, 28% free, 39MB/55MB, paused 888us total 35.480ms
08-06 05:28:25.384  5351  5364 I art     : Starting a blocking GC Explicit
08-06 05:28:25.420  5351  5364 I art     : Explicit concurrent mark sweep GC freed 278(4KB) AllocSpace objects, 0(0B) LOS objects, 28% free, 39MB/55MB, paused 762us total 35.882ms
08-06 05:28:25.718 32067 32067 I ServiceManager: Waiting for service AtCmdFwd...
08-06 05:28:25.821  5351  5363 I art     : Starting a blocking GC Explicit
08-06 05:28:25.859  5351  5363 I art     : Explicit concurrent mark sweep GC freed 3302(113KB) AllocSpace objects, 2(40KB) LOS objects, 28% free, 39MB/55MB, paused 706us total 37.469ms
08-06 05:28:25.876  5351  5363 I art     : Starting a blocking GC Explicit
08-06 05:28:25.914  5351  5363 I art     : Explicit concurrent mark sweep GC freed 239(4KB) AllocSpace objects, 0(0B) LOS objects, 28% free, 39MB/55MB, paused 735us total 38.386ms
08-06 05:28:25.931  5351  5363 I art     : Starting a blocking GC Explicit
08-06 05:28:25.968  5351  5363 I art     : Explicit concurrent mark sweep GC freed 221(3KB) AllocSpace objects, 0(0B) LOS objects, 28% free, 39MB/55MB, paused 850us total 36.465ms
08-06 05:28:25.984  5351  5363 I art     : Starting a blocking GC Explicit
08-06 05:28:26.019  5351  5363 I art     : Explicit concurrent mark sweep GC freed 224(3KB) AllocSpace objects, 0(0B) LOS objects, 28% free, 39MB/55MB, paused 776us total 34.648ms
08-06 05:28:26.035  5351  5363 I art     : Starting a blocking GC Explicit
08-06 05:28:26.069  5351  5363 I art     : Explicit concurrent mark sweep GC freed 267(4KB) AllocSpace objects, 0(0B) LOS objects, 28% free, 39MB/55MB, paused 739us total 34.386ms
08-06 05:28:26.447  5351  5369 I art     : Starting a blocking GC Explicit
08-06 05:28:26.487  5351  5369 I art     : Explicit concurrent mark sweep GC freed 3195(111KB) AllocSpace objects, 2(40KB) LOS objects, 28% free, 39MB/55MB, paused 823us total 38.825ms
08-06 05:28:26.490  6065  6065 D AndroidRuntime: >>>>>> START com.android.internal.os.RuntimeInit uid 2000 <<<<<<
08-06 05:28:26.496  6065  6065 D AndroidRuntime: CheckJNI is OFF
08-06 05:28:26.503  5351  5369 I art     : Starting a blocking GC Explicit
08-06 05:28:26.540  5351  5369 I art     : Explicit concurrent mark sweep GC freed 283(5KB) AllocSpace objects, 0(0B) LOS objects, 28% free, 39MB/55MB, paused 836us total 36.593ms
08-06 05:28:26.541  6065  6065 D ICU     : No timezone override file found: /data/misc/zoneinfo/current/icu/icu_tzdata.dat
08-06 05:28:26.557  5351  5369 I art     : Starting a blocking GC Explicit
08-06 05:28:26.586  6065  6065 I Radio-JNI: register_android_hardware_Radio DONE
08-06 05:28:26.594  5351  5369 I art     : Explicit concurrent mark sweep GC freed 224(3KB) AllocSpace objects, 0(0B) LOS objects, 28% free, 39MB/55MB, paused 780us total 36.628ms
08-06 05:28:26.610  5351  5369 I art     : Starting a blocking GC Explicit
08-06 05:28:26.616  6065  6065 D AndroidRuntime: Calling main entry com.android.commands.input.Input
08-06 05:28:26.618  6065  6065 I Input   : injectKeyEvent: KeyEvent { action=ACTION_DOWN, keyCode=KEYCODE_BACK, scanCode=0, metaState=0, flags=0x0, repeatCount=0, eventTime=854923031, downTime=854923031, deviceId=-1, source=0x101 }
08-06 05:28:26.624  6065  6065 I Input   : injectKeyEvent: KeyEvent { action=ACTION_UP, keyCode=KEYCODE_BACK, scanCode=0, metaState=0, flags=0x0, repeatCount=0, eventTime=854923031, downTime=854923031, deviceId=-1, source=0x101 }
08-06 05:28:26.630  6065  6065 D AndroidRuntime: Shutting down VM
08-06 05:28:26.645  5351  5369 I art     : Explicit concurrent mark sweep GC freed 264(5KB) AllocSpace objects, 0(0B) LOS objects, 28% free, 39MB/55MB, paused 863us total 34.133ms
08-06 05:28:26.645  5351  5362 I art     : WaitForGcToComplete blocked for 8.058ms for cause HeapTrim
08-06 05:28:26.661  5351  5369 I art     : Starting a blocking GC Explicit
08-06 05:28:26.669 13866 13866 I GoogleInputMethodServic: GoogleInputMethodService.onFinishInput():3138 
08-06 05:28:26.669 13866 13866 I GoogleInputMethodServic: GoogleInputMethodService.onStartInput():1808 
08-06 05:28:26.695  5351  5369 I art     : Explicit concurrent mark sweep GC freed 120(2928B) AllocSpace objects, 0(0B) LOS objects, 28% free, 39MB/55MB, paused 824us total 34.224ms
08-06 05:28:26.719 32067 32067 I ServiceManager: Waiting for service AtCmdFwd...
08-06 05:28:26.984   380   380 W SurfaceFlinger: couldn't log to binary event log: overflow.
08-06 05:28:27.071  5351  5363 I art     : Starting a blocking GC Explicit
08-06 05:28:27.111  5351  5363 I art     : Explicit concurrent mark sweep GC freed 3934(147KB) AllocSpace objects, 4(404KB) LOS objects, 29% free, 39MB/55MB, paused 742us total 39.523ms
08-06 05:28:27.131  5351  5363 I art     : Starting a blocking GC Explicit
08-06 05:28:27.165  5351  5363 I art     : Explicit concurrent mark sweep GC freed 5567(268KB) AllocSpace objects, 1(28KB) LOS objects, 29% free, 38MB/54MB, paused 650us total 33.760ms
08-06 05:28:27.181  5351  5363 I art     : Starting a blocking GC Explicit
08-06 05:28:27.214  5351  5363 I art     : Explicit concurrent mark sweep GC freed 170(3KB) AllocSpace objects, 0(0B) LOS objects, 29% free, 38MB/54MB, paused 662us total 32.262ms
08-06 05:28:27.231  5351  5363 I art     : Starting a blocking GC Explicit
08-06 05:28:27.263  5351  5363 I art     : Explicit concurrent mark sweep GC freed 163(3KB) AllocSpace objects, 0(0B) LOS objects, 29% free, 38MB/54MB, paused 661us total 32.307ms
08-06 05:28:27.280  5351  5363 I art     : Starting a blocking GC Explicit
08-06 05:28:27.313  5351  5363 I art     : Explicit concurrent mark sweep GC freed 147(2496B) AllocSpace objects, 0(0B) LOS objects, 29% free, 38MB/54MB, paused 701us total 32.958ms
08-06 05:28:27.674  5351  5364 I art     : Starting a blocking GC Explicit
08-06 05:28:27.709  5351  5364 I art     : Explicit concurrent mark sweep GC freed 2580(101KB) AllocSpace objects, 2(40KB) LOS objects, 29% free, 38MB/54MB, paused 694us total 34.483ms
08-06 05:28:27.720 32067 32067 I ServiceManager: Waiting for service AtCmdFwd...
08-06 05:28:27.725  5351  5364 I art     : Starting a blocking GC Explicit
08-06 05:28:27.758  5351  5364 I art     : Explicit concurrent mark sweep GC freed 166(3KB) AllocSpace objects, 0(0B) LOS objects, 29% free, 38MB/54MB, paused 679us total 33.133ms
08-06 05:28:27.774  5351  5364 I art     : Starting a blocking GC Explicit
08-06 05:28:27.808  5351  5364 I art     : Explicit concurrent mark sweep GC freed 147(2496B) AllocSpace objects, 0(0B) LOS objects, 29% free, 38MB/54MB, paused 690us total 33.922ms
08-06 05:28:27.825  5351  5364 I art     : Starting a blocking GC Explicit
08-06 05:28:27.859  5351  5364 I art     : Explicit concurrent mark sweep GC freed 147(2496B) AllocSpace objects, 0(0B) LOS objects, 29% free, 38MB/54MB, paused 626us total 34.193ms
08-06 05:28:27.876  5351  5364 I art     : Starting a blocking GC Explicit
08-06 05:28:27.909  5351  5364 I art     : Explicit concurrent mark sweep GC freed 147(2496B) AllocSpace objects, 0(0B) LOS objects, 29% free, 38MB/54MB, paused 673us total 32.974ms
08-06 05:28:28.270  5351  5626 I art     : Starting a blocking GC Explicit
08-06 05:28:28.307  5351  5626 I art     : Explicit concurrent mark sweep GC freed 2558(101KB) AllocSpace objects, 2(40KB) LOS objects, 29% free, 38MB/54MB, paused 857us total 37.060ms
08-06 05:28:28.323  5351  5626 I art     : Starting a blocking GC Explicit
08-06 05:28:28.358  5351  5626 I art     : Explicit concurrent mark sweep GC freed 166(3KB) AllocSpace objects, 0(0B) LOS objects, 29% free, 38MB/54MB, paused 937us total 34.893ms
08-06 05:28:28.375  5351  5626 I art     : Starting a blocking GC Explicit
08-06 05:28:28.389  6109  6109 D AndroidRuntime: >>>>>> START com.android.internal.os.RuntimeInit uid 2000 <<<<<<
08-06 05:28:28.394  6109  6109 D AndroidRuntime: CheckJNI is OFF
08-06 05:28:28.409  5351  5626 I art     : Explicit concurrent mark sweep GC freed 169(2896B) AllocSpace objects, 0(0B) LOS objects, 29% free, 38MB/54MB, paused 687us total 34.436ms
08-06 05:28:28.426  5351  5626 I art     : Starting a blocking GC Explicit
08-06 05:28:28.441  6109  6109 D ICU     : No timezone override file found: /data/misc/zoneinfo/current/icu/icu_tzdata.dat
08-06 05:28:28.460  5351  5626 I art     : Explicit concurrent mark sweep GC freed 128(2176B) AllocSpace objects, 0(0B) LOS objects, 29% free, 38MB/54MB, paused 729us total 33.773ms
08-06 05:28:28.476  5351  5626 I art     : Starting a blocking GC Explicit
08-06 05:28:28.488  6109  6109 I Radio-JNI: register_android_hardware_Radio DONE
08-06 05:28:28.510  5351  5626 I art     : Explicit concurrent mark sweep GC freed 165(2784B) AllocSpace objects, 0(0B) LOS objects, 29% free, 38MB/54MB, paused 683us total 33.446ms
08-06 05:28:28.517  6109  6109 D AndroidRuntime: Calling main entry com.android.commands.input.Input
08-06 05:28:28.519  6109  6109 I Input   : injectMotionEvent: MotionEvent { action=ACTION_DOWN, actionButton=0, id[0]=0, x[0]=693.0, y[0]=1450.0, toolType[0]=TOOL_TYPE_UNKNOWN, buttonState=0, metaState=0, flags=0x0, edgeFlags=0x0, pointerCount=1, historySize=0, eventTime=854924932, downTime=854924932, deviceId=0, source=0x1002 }
08-06 05:28:28.525  6109  6109 I Input   : injectMotionEvent: MotionEvent { action=ACTION_UP, actionButton=0, id[0]=0, x[0]=693.0, y[0]=1450.0, toolType[0]=TOOL_TYPE_UNKNOWN, buttonState=0, metaState=0, flags=0x0, edgeFlags=0x0, pointerCount=1, historySize=0, eventTime=854924932, downTime=854924932, deviceId=0, source=0x1002 }
08-06 05:28:28.527  6109  6109 D AndroidRuntime: Shutting down VM
08-06 05:28:28.527   918  3714 I ActivityManager: START u0 {cmp=baseline.io.github.project_travel_mate/.destinations.description.CityHistoryActivity} from uid 10696 on display 0
08-06 05:28:28.529   512  2967 D audio_hw_primary: out_set_parameters: enter: usecase(1: low-latency-playback) kvpairs: routing=2
08-06 05:28:28.542   512  2967 D audio_hw_primary: select_devices: out_snd_device(2: speaker) in_snd_device(0: none)
08-06 05:28:28.542   512  2967 D msm8974_platform: platform_send_audio_calibration: sending audio calibration for snd_device(2) acdb_id(15)
08-06 05:28:28.542   512  2967 I soundtrigger: audio_extn_sound_trigger_update_device_status: device 0x2 of type 0 for Event 1
08-06 05:28:28.554   512  2967 D audio_hw_primary: enable_snd_device: snd_device(2: speaker)
08-06 05:28:28.556   512  2967 D audio_hw_primary: enable_audio_route: apply and update mixer path: low-latency-playback speaker
08-06 05:28:28.558  5351  5415 D Gabe    : call	returning from cache
08-06 05:28:28.560  5351  5351 V EXECUTING: https://project-travel-mate.herokuapp.com/api/get-city-information/1
08-06 05:28:28.714   918   936 I ActivityManager: Displayed baseline.io.github.project_travel_mate/.destinations.description.CityHistoryActivity: +177ms
08-06 05:28:28.714 13866 13866 I GoogleInputMethodServic: GoogleInputMethodService.onFinishInput():3138 
08-06 05:28:28.714 13866 13866 I GoogleInputMethodServic: GoogleInputMethodService.onStartInput():1808 
08-06 05:28:28.720 32067 32067 W Atfwd_Sendcmd: AtCmdFwd service not published, waiting... retryCnt : 4
08-06 05:28:28.866  5351  5364 I art     : Starting a blocking GC Explicit
08-06 05:28:28.901  5351  5364 I art     : Explicit concurrent mark sweep GC freed 3095(155KB) AllocSpace objects, 2(40KB) LOS objects, 26% free, 43MB/59MB, paused 728us total 34.832ms
08-06 05:28:28.916  5351  5364 I art     : Starting a blocking GC Explicit
08-06 05:28:28.952  5351  5364 I art     : Explicit concurrent mark sweep GC freed 440(13KB) AllocSpace objects, 0(0B) LOS objects, 27% free, 43MB/59MB, paused 738us total 35.088ms
08-06 05:28:28.969  5351  5364 I art     : Starting a blocking GC Explicit
08-06 05:28:28.970   380   380 W SurfaceFlinger: couldn't log to binary event log: overflow.
08-06 05:28:29.002  5351  5364 I art     : Explicit concurrent mark sweep GC freed 218(3KB) AllocSpace objects, 0(0B) LOS objects, 27% free, 43MB/59MB, paused 731us total 32.701ms
08-06 05:28:29.017  5351  5364 I art     : Starting a blocking GC Explicit
08-06 05:28:29.051  5351  5364 I art     : Explicit concurrent mark sweep GC freed 220(3KB) AllocSpace objects, 0(0B) LOS objects, 27% free, 43MB/59MB, paused 725us total 33.367ms
08-06 05:28:29.067  5351  5364 I art     : Starting a blocking GC Explicit
08-06 05:28:29.100   512  2967 D audio_hw_primary: disable_audio_route: reset and update mixer path: low-latency-playback speaker
08-06 05:28:29.101   512  2967 D audio_hw_primary: disable_snd_device: snd_device(2: speaker)
08-06 05:28:29.103  5351  5364 I art     : Explicit concurrent mark sweep GC freed 257(4KB) AllocSpace objects, 0(0B) LOS objects, 27% free, 43MB/59MB, paused 901us total 35.622ms
08-06 05:28:29.109   512  2967 I soundtrigger: audio_extn_sound_trigger_update_device_status: device 0x2 of type 0 for Event 0
08-06 05:28:29.364  5351  6136 I NAPPA_EXPERIMENTATION: MetricNetworkRequestExecutionTime: REQUEST_DURATION_SYSTEM='803',REQUEST_DURATION_OKHTTP='35',REQUEST_SYNCHRONOUS='FALSE',RESPONSE_CODE='200',RESPONSE_METHOD='GET',RESPONSE_LENGTH_OKHTTP='55024',RESPONSE_LENGTH_HEADER='55024',REQUEST_PROTOCOL='http/1.1',REQUEST_URL='https://project-travel-mate.herokuapp.com/api/get-city-information/1',
08-06 05:28:29.454  5351  5363 I art     : Starting a blocking GC Explicit
08-06 05:28:29.489 13866 13866 I GoogleInputMethodServic: GoogleInputMethodService.onFinishInput():3138 
08-06 05:28:29.490  5351  5363 I art     : Explicit concurrent mark sweep GC freed 6091(1449KB) AllocSpace objects, 24(920KB) LOS objects, 26% free, 43MB/59MB, paused 1.120ms total 35.544ms
08-06 05:28:29.494 13866 13866 I GoogleInputMethodServic: GoogleInputMethodService.onStartInput():1808 
08-06 05:28:29.505  5351  5363 I art     : Starting a blocking GC Explicit
08-06 05:28:29.541  5351  5363 I art     : Explicit concurrent mark sweep GC freed 1313(124KB) AllocSpace objects, 1(4MB) LOS objects, 28% free, 39MB/55MB, paused 777us total 34.917ms
08-06 05:28:29.557  5351  5363 I art     : Starting a blocking GC Explicit
08-06 05:28:29.593  5351  5363 I art     : Explicit concurrent mark sweep GC freed 259(4KB) AllocSpace objects, 0(0B) LOS objects, 28% free, 39MB/55MB, paused 715us total 35.784ms
08-06 05:28:29.609  5351  5363 I art     : Starting a blocking GC Explicit
08-06 05:28:29.645  5351  5363 I art     : Explicit concurrent mark sweep GC freed 219(3KB) AllocSpace objects, 0(0B) LOS objects, 28% free, 39MB/55MB, paused 700us total 35.646ms
08-06 05:28:29.661  5351  5363 I art     : Starting a blocking GC Explicit
08-06 05:28:29.699  5351  5363 I art     : Explicit concurrent mark sweep GC freed 219(3KB) AllocSpace objects, 0(0B) LOS objects, 28% free, 39MB/55MB, paused 726us total 37.168ms
08-06 05:28:30.071  5351  5364 I art     : Starting a blocking GC Explicit
08-06 05:28:30.111  5351  5364 I art     : Explicit concurrent mark sweep GC freed 3227(112KB) AllocSpace objects, 2(40KB) LOS objects, 28% free, 39MB/55MB, paused 728us total 39.565ms
08-06 05:28:30.128  5351  5364 I art     : Starting a blocking GC Explicit
08-06 05:28:30.166  5351  5364 I art     : Explicit concurrent mark sweep GC freed 239(4KB) AllocSpace objects, 0(0B) LOS objects, 28% free, 39MB/55MB, paused 724us total 38.099ms
08-06 05:28:30.184  5351  5364 I art     : Starting a blocking GC Explicit
08-06 05:28:30.227  5351  5364 I art     : Explicit concurrent mark sweep GC freed 304(5KB) AllocSpace objects, 0(0B) LOS objects, 28% free, 39MB/55MB, paused 843us total 42.569ms
08-06 05:28:30.245  5351  5364 I art     : Starting a blocking GC Explicit
08-06 05:28:30.280  5351  5364 I art     : Explicit concurrent mark sweep GC freed 243(4KB) AllocSpace objects, 0(0B) LOS objects, 28% free, 39MB/55MB, paused 680us total 35.397ms
08-06 05:28:30.298  5351  5364 I art     : Starting a blocking GC Explicit
08-06 05:28:30.335  5351  5364 I art     : Explicit concurrent mark sweep GC freed 229(4KB) AllocSpace objects, 0(0B) LOS objects, 28% free, 39MB/55MB, paused 675us total 37.039ms
08-06 05:28:30.743  5351  5364 I art     : Starting a blocking GC Explicit
08-06 05:28:30.785  5351  5364 I art     : Explicit concurrent mark sweep GC freed 3383(115KB) AllocSpace objects, 2(40KB) LOS objects, 28% free, 39MB/55MB, paused 747us total 41.321ms
08-06 05:28:30.804  5351  5364 I art     : Starting a blocking GC Explicit
08-06 05:28:30.843  5351  5364 I art     : Explicit concurrent mark sweep GC freed 309(5KB) AllocSpace objects, 0(0B) LOS objects, 28% free, 39MB/55MB, paused 738us total 38.735ms
08-06 05:28:30.860  5351  5364 I art     : Starting a blocking GC Explicit
08-06 05:28:30.899  5351  5364 I art     : Explicit concurrent mark sweep GC freed 220(3KB) AllocSpace objects, 0(0B) LOS objects, 28% free, 39MB/55MB, paused 706us total 38.560ms
08-06 05:28:30.915  5351  5364 I art     : Starting a blocking GC Explicit
08-06 05:28:30.955  5351  5364 I art     : Explicit concurrent mark sweep GC freed 219(3KB) AllocSpace objects, 0(0B) LOS objects, 28% free, 39MB/55MB, paused 690us total 39.433ms
08-06 05:28:30.972  5351  5364 I art     : Starting a blocking GC Explicit
08-06 05:28:31.011  5351  5364 I art     : Explicit concurrent mark sweep GC freed 290(4KB) AllocSpace objects, 0(0B) LOS objects, 28% free, 39MB/55MB, paused 754us total 38.461ms
08-06 05:28:31.405  5351  5626 I art     : Starting a blocking GC Explicit
08-06 05:28:31.446  5351  5626 I art     : Explicit concurrent mark sweep GC freed 3300(113KB) AllocSpace objects, 2(40KB) LOS objects, 28% free, 39MB/55MB, paused 702us total 40.757ms
08-06 05:28:31.464  5351  5626 I art     : Starting a blocking GC Explicit
08-06 05:28:31.503  5351  5626 I art     : Explicit concurrent mark sweep GC freed 239(4KB) AllocSpace objects, 0(0B) LOS objects, 28% free, 39MB/55MB, paused 728us total 38.491ms
08-06 05:28:31.519  5351  5626 I art     : Starting a blocking GC Explicit
08-06 05:28:31.559  5351  5626 I art     : Explicit concurrent mark sweep GC freed 261(4KB) AllocSpace objects, 0(0B) LOS objects, 28% free, 39MB/55MB, paused 968us total 39.058ms
08-06 05:28:31.576  5351  5626 I art     : Starting a blocking GC Explicit
08-06 05:28:31.615  5351  5626 I art     : Explicit concurrent mark sweep GC freed 249(4KB) AllocSpace objects, 0(0B) LOS objects, 28% free, 39MB/55MB, paused 798us total 38.703ms
08-06 05:28:31.631  5351  5626 I art     : Starting a blocking GC Explicit
08-06 05:28:31.670  5351  5626 I art     : Explicit concurrent mark sweep GC freed 219(3KB) AllocSpace objects, 0(0B) LOS objects, 28% free, 39MB/55MB, paused 739us total 38.757ms
08-06 05:28:32.022   518   646 I ThermalEngine: ACTION: GPU - Setting GPU[0] to 510000000
08-06 05:28:32.069  5351  5363 I art     : Starting a blocking GC Explicit
08-06 05:28:32.100  5351  5363 I art     : Explicit concurrent mark sweep GC freed 3302(113KB) AllocSpace objects, 2(40KB) LOS objects, 28% free, 39MB/55MB, paused 546us total 30.756ms
08-06 05:28:32.113  5351  5363 I art     : Starting a blocking GC Explicit
08-06 05:28:32.143  5351  5363 I art     : Explicit concurrent mark sweep GC freed 238(4KB) AllocSpace objects, 0(0B) LOS objects, 28% free, 39MB/55MB, paused 501us total 29.577ms
08-06 05:28:32.156  5351  5363 I art     : Starting a blocking GC Explicit
08-06 05:28:32.185  5351  5363 I art     : Explicit concurrent mark sweep GC freed 146(2464B) AllocSpace objects, 0(0B) LOS objects, 28% free, 39MB/55MB, paused 546us total 29.567ms
08-06 05:28:32.198  5351  5363 I art     : Starting a blocking GC Explicit
08-06 05:28:32.228  5351  5363 I art     : Explicit concurrent mark sweep GC freed 220(3KB) AllocSpace objects, 0(0B) LOS objects, 28% free, 39MB/55MB, paused 539us total 29.608ms
08-06 05:28:32.241  5351  5363 I art     : Starting a blocking GC Explicit
08-06 05:28:32.271  5351  5363 I art     : Explicit concurrent mark sweep GC freed 147(2496B) AllocSpace objects, 0(0B) LOS objects, 28% free, 39MB/55MB, paused 524us total 29.635ms
08-06 05:28:32.641  5351  5369 I art     : Starting a blocking GC Explicit
08-06 05:28:32.651   918  3188 I hubconnection: sensorhub said: 'set_bias 3: -6.1920, 0.0000, 0.0000'
08-06 05:28:32.675  5351  5369 I art     : Explicit concurrent mark sweep GC freed 3157(111KB) AllocSpace objects, 2(40KB) LOS objects, 28% free, 39MB/55MB, paused 637us total 32.630ms
08-06 05:28:32.689  5351  5369 I art     : Starting a blocking GC Explicit
08-06 05:28:32.717  5351  5369 I art     : Explicit concurrent mark sweep GC freed 238(4KB) AllocSpace objects, 0(0B) LOS objects, 28% free, 39MB/55MB, paused 582us total 27.961ms
08-06 05:28:32.729  5351  5369 I art     : Starting a blocking GC Explicit
08-06 05:28:32.756  5351  5369 I art     : Explicit concurrent mark sweep GC freed 147(2496B) AllocSpace objects, 0(0B) LOS objects, 28% free, 39MB/55MB, paused 511us total 26.754ms
08-06 05:28:32.768  5351  5369 I art     : Starting a blocking GC Explicit
08-06 05:28:32.796  5351  5369 I art     : Explicit concurrent mark sweep GC freed 219(3KB) AllocSpace objects, 0(0B) LOS objects, 28% free, 39MB/55MB, paused 567us total 27.838ms
08-06 05:28:32.809  5351  5369 I art     : Starting a blocking GC Explicit
08-06 05:28:32.837  5351  5369 I art     : Explicit concurrent mark sweep GC freed 147(2496B) AllocSpace objects, 0(0B) LOS objects, 28% free, 39MB/55MB, paused 535us total 27.130ms
08-06 05:28:33.159  6208  6208 D AndroidRuntime: >>>>>> START com.android.internal.os.RuntimeInit uid 2000 <<<<<<
08-06 05:28:33.164  6208  6208 D AndroidRuntime: CheckJNI is OFF
08-06 05:28:33.194  5351  5364 I art     : Starting a blocking GC Explicit
08-06 05:28:33.195  6208  6208 D ICU     : No timezone override file found: /data/misc/zoneinfo/current/icu/icu_tzdata.dat
08-06 05:28:33.220  5351  5364 I art     : Explicit concurrent mark sweep GC freed 3096(110KB) AllocSpace objects, 2(40KB) LOS objects, 28% free, 39MB/55MB, paused 544us total 26.322ms
08-06 05:28:33.227  6208  6208 I Radio-JNI: register_android_hardware_Radio DONE
08-06 05:28:33.232  5351  5364 I art     : Starting a blocking GC Explicit
08-06 05:28:33.249  6208  6208 D AndroidRuntime: Calling main entry com.android.commands.input.Input
08-06 05:28:33.251  6208  6208 I Input   : injectKeyEvent: KeyEvent { action=ACTION_DOWN, keyCode=KEYCODE_BACK, scanCode=0, metaState=0, flags=0x0, repeatCount=0, eventTime=854929664, downTime=854929664, deviceId=-1, source=0x101 }
08-06 05:28:33.256  6208  6208 I Input   : injectKeyEvent: KeyEvent { action=ACTION_UP, keyCode=KEYCODE_BACK, scanCode=0, metaState=0, flags=0x0, repeatCount=0, eventTime=854929664, downTime=854929664, deviceId=-1, source=0x101 }
08-06 05:28:33.260  5351  5364 I art     : Explicit concurrent mark sweep GC freed 248(4KB) AllocSpace objects, 0(0B) LOS objects, 28% free, 39MB/55MB, paused 713us total 27.883ms
08-06 05:28:33.265  6208  6208 D AndroidRuntime: Shutting down VM
08-06 05:28:33.272  5351  5364 I art     : Starting a blocking GC Explicit
08-06 05:28:33.298  5351  5364 I art     : Explicit concurrent mark sweep GC freed 126(3KB) AllocSpace objects, 0(0B) LOS objects, 28% free, 39MB/55MB, paused 515us total 24.965ms
08-06 05:28:33.301 13866 13866 I GoogleInputMethodServic: GoogleInputMethodService.onFinishInput():3138 
08-06 05:28:33.307 13866 13866 I GoogleInputMethodServic: GoogleInputMethodService.onStartInput():1808 
08-06 05:28:33.310  5351  5364 I art     : Starting a blocking GC Explicit
08-06 05:28:33.338  5351  5364 I art     : Explicit concurrent mark sweep GC freed 269(5KB) AllocSpace objects, 0(0B) LOS objects, 28% free, 39MB/55MB, paused 598us total 27.760ms
08-06 05:28:33.349  5351  5364 I art     : Starting a blocking GC Explicit
08-06 05:28:33.374  5351  5364 I art     : Explicit concurrent mark sweep GC freed 152(2688B) AllocSpace objects, 0(0B) LOS objects, 28% free, 39MB/55MB, paused 482us total 24.408ms
08-06 05:28:33.591   380   380 W SurfaceFlinger: couldn't log to binary event log: overflow.
08-06 05:28:33.688  5351  5369 I art     : Starting a blocking GC Explicit
08-06 05:28:33.720  5351  5369 I art     : Explicit concurrent mark sweep GC freed 2773(105KB) AllocSpace objects, 3(228KB) LOS objects, 28% free, 39MB/55MB, paused 588us total 31.750ms
08-06 05:28:33.732  5351  5369 I art     : Starting a blocking GC Explicit
08-06 05:28:33.761  5351  5369 I art     : Explicit concurrent mark sweep GC freed 4844(341KB) AllocSpace objects, 7(132KB) LOS objects, 29% free, 38MB/54MB, paused 581us total 28.545ms
08-06 05:28:33.774  5351  5369 I art     : Starting a blocking GC Explicit
08-06 05:28:33.802  5351  5369 I art     : Explicit concurrent mark sweep GC freed 98(1664B) AllocSpace objects, 0(0B) LOS objects, 29% free, 38MB/54MB, paused 527us total 27.721ms
08-06 05:28:33.814  5351  5369 I art     : Starting a blocking GC Explicit
08-06 05:28:33.843  5351  5369 I art     : Explicit concurrent mark sweep GC freed 140(2368B) AllocSpace objects, 0(0B) LOS objects, 29% free, 38MB/54MB, paused 632us total 28.253ms
08-06 05:28:33.855  5351  5369 I art     : Starting a blocking GC Explicit
08-06 05:28:33.884  5351  5369 I art     : Explicit concurrent mark sweep GC freed 107(1856B) AllocSpace objects, 0(0B) LOS objects, 29% free, 38MB/54MB, paused 539us total 28.684ms
08-06 05:28:34.219  5351  5626 I art     : Starting a blocking GC Explicit
08-06 05:28:34.249  5351  5626 I art     : Explicit concurrent mark sweep GC freed 2484(100KB) AllocSpace objects, 2(40KB) LOS objects, 29% free, 38MB/54MB, paused 537us total 29.146ms
08-06 05:28:34.261  5351  5626 I art     : Starting a blocking GC Explicit
08-06 05:28:34.289  5351  5626 I art     : Explicit concurrent mark sweep GC freed 118(2384B) AllocSpace objects, 0(0B) LOS objects, 29% free, 38MB/54MB, paused 520us total 27.239ms
08-06 05:28:34.301  5351  5626 I art     : Starting a blocking GC Explicit
08-06 05:28:34.329  5351  5626 I art     : Explicit concurrent mark sweep GC freed 147(2496B) AllocSpace objects, 0(0B) LOS objects, 29% free, 38MB/54MB, paused 552us total 27.794ms
08-06 05:28:34.342  5351  5626 I art     : Starting a blocking GC Explicit
08-06 05:28:34.371  5351  5626 I art     : Explicit concurrent mark sweep GC freed 98(1664B) AllocSpace objects, 0(0B) LOS objects, 29% free, 38MB/54MB, paused 551us total 28.714ms
08-06 05:28:34.383  5351  5626 I art     : Starting a blocking GC Explicit
08-06 05:28:34.411  5351  5626 I art     : Explicit concurrent mark sweep GC freed 148(2528B) AllocSpace objects, 0(0B) LOS objects, 29% free, 38MB/54MB, paused 498us total 27.816ms
08-06 05:28:34.725  5351  5363 I art     : Starting a blocking GC Explicit
08-06 05:28:34.753  5351  5363 I art     : Explicit concurrent mark sweep GC freed 2387(98KB) AllocSpace objects, 2(40KB) LOS objects, 29% free, 38MB/54MB, paused 561us total 27.074ms
08-06 05:28:34.765  5351  5363 I art     : Starting a blocking GC Explicit
08-06 05:28:34.791  5351  5363 I art     : Explicit concurrent mark sweep GC freed 131(2864B) AllocSpace objects, 0(0B) LOS objects, 29% free, 38MB/54MB, paused 514us total 26.076ms
08-06 05:28:34.803  5351  5363 I art     : Starting a blocking GC Explicit
08-06 05:28:34.828  5351  5363 I art     : Explicit concurrent mark sweep GC freed 146(2464B) AllocSpace objects, 0(0B) LOS objects, 29% free, 38MB/54MB, paused 554us total 25.365ms
08-06 05:28:34.840  5351  5363 I art     : Starting a blocking GC Explicit
08-06 05:28:34.867  5351  5363 I art     : Explicit concurrent mark sweep GC freed 100(1728B) AllocSpace objects, 0(0B) LOS objects, 29% free, 38MB/54MB, paused 556us total 26.707ms
08-06 05:28:34.879  5351  5363 I art     : Starting a blocking GC Explicit
08-06 05:28:34.906  5351  5363 I art     : Explicit concurrent mark sweep GC freed 99(1696B) AllocSpace objects, 0(0B) LOS objects, 29% free, 38MB/54MB, paused 531us total 26.718ms
08-06 05:28:34.926  6251  6251 D AndroidRuntime: >>>>>> START com.android.internal.os.RuntimeInit uid 2000 <<<<<<
08-06 05:28:34.931  6251  6251 D AndroidRuntime: CheckJNI is OFF
08-06 05:28:34.965  6251  6251 D ICU     : No timezone override file found: /data/misc/zoneinfo/current/icu/icu_tzdata.dat
08-06 05:28:34.999  6251  6251 I Radio-JNI: register_android_hardware_Radio DONE
08-06 05:28:35.021  6251  6251 D AndroidRuntime: Calling main entry com.android.commands.input.Input
08-06 05:28:35.023  6251  6251 I Input   : injectKeyEvent: KeyEvent { action=ACTION_DOWN, keyCode=KEYCODE_BACK, scanCode=0, metaState=0, flags=0x0, repeatCount=0, eventTime=854931436, downTime=854931436, deviceId=-1, source=0x101 }
08-06 05:28:35.028  6251  6251 I Input   : injectKeyEvent: KeyEvent { action=ACTION_UP, keyCode=KEYCODE_BACK, scanCode=0, metaState=0, flags=0x0, repeatCount=0, eventTime=854931436, downTime=854931436, deviceId=-1, source=0x101 }
08-06 05:28:35.034  6251  6251 D AndroidRuntime: Shutting down VM
08-06 05:28:35.045  5351  5351 V MainActivity: url = https://project-travel-mate.herokuapp.com/api/number-of-unread-notifications
08-06 05:28:35.074 13866 13866 I GoogleInputMethodServic: GoogleInputMethodService.onFinishInput():3138 
08-06 05:28:35.075 13866 13866 I GoogleInputMethodServic: GoogleInputMethodService.onStartInput():1808 
08-06 05:28:35.199  5351  5364 I art     : Starting a blocking GC Explicit
08-06 05:28:35.226  5351  5364 I art     : Explicit concurrent mark sweep GC freed 2898(122KB) AllocSpace objects, 2(40KB) LOS objects, 29% free, 38MB/54MB, paused 523us total 26.721ms
08-06 05:28:35.240  5351  5364 I art     : Starting a blocking GC Explicit
08-06 05:28:35.268  5351  5364 I art     : Explicit concurrent mark sweep GC freed 247(6KB) AllocSpace objects, 0(0B) LOS objects, 29% free, 38MB/54MB, paused 523us total 27.998ms
08-06 05:28:35.280  5351  5364 I art     : Starting a blocking GC Explicit
08-06 05:28:35.307  5351  5364 I art     : Explicit concurrent mark sweep GC freed 103(1888B) AllocSpace objects, 0(0B) LOS objects, 29% free, 38MB/54MB, paused 547us total 26.120ms
08-06 05:28:35.319  5351  5364 I art     : Starting a blocking GC Explicit
08-06 05:28:35.351  5351  5364 I art     : Explicit concurrent mark sweep GC freed 147(2496B) AllocSpace objects, 0(0B) LOS objects, 29% free, 38MB/54MB, paused 611us total 31.139ms
08-06 05:28:35.363  5351  5364 I art     : Starting a blocking GC Explicit
08-06 05:28:35.391  5351  5364 I art     : Explicit concurrent mark sweep GC freed 116(2464B) AllocSpace objects, 0(0B) LOS objects, 29% free, 38MB/54MB, paused 563us total 27.922ms
08-06 05:28:35.734  5351  5363 I art     : Starting a blocking GC Explicit
08-06 05:28:35.767  5351  5363 I art     : Explicit concurrent mark sweep GC freed 1984(92KB) AllocSpace objects, 2(40KB) LOS objects, 29% free, 38MB/54MB, paused 648us total 33.276ms
08-06 05:28:35.779  5351  5363 I art     : Starting a blocking GC Explicit
08-06 05:28:35.808  5351  5363 I art     : Explicit concurrent mark sweep GC freed 206(8KB) AllocSpace objects, 0(0B) LOS objects, 29% free, 38MB/54MB, paused 601us total 27.845ms
08-06 05:28:35.820  5351  5363 I art     : Starting a blocking GC Explicit
08-06 05:28:35.848  5351  5363 I art     : Explicit concurrent mark sweep GC freed 75(1296B) AllocSpace objects, 0(0B) LOS objects, 29% free, 38MB/54MB, paused 623us total 27.705ms
08-06 05:28:35.860  5351  5363 I art     : Starting a blocking GC Explicit
08-06 05:28:35.890  5351  5363 I art     : Explicit concurrent mark sweep GC freed 2609(132KB) AllocSpace objects, 2(120KB) LOS objects, 28% free, 39MB/55MB, paused 701us total 29.695ms
08-06 05:28:35.902  5351  5363 I art     : Starting a blocking GC Explicit
08-06 05:28:35.916  5351  6276 I NAPPA_EXPERIMENTATION: MetricNetworkRequestExecutionTime: REQUEST_DURATION_SYSTEM='871',REQUEST_DURATION_OKHTTP='33',REQUEST_SYNCHRONOUS='FALSE',RESPONSE_CODE='200',RESPONSE_METHOD='GET',RESPONSE_LENGTH_OKHTTP='36',RESPONSE_LENGTH_HEADER='36',REQUEST_PROTOCOL='http/1.1',REQUEST_URL='https://project-travel-mate.herokuapp.com/api/number-of-unread-notifications',
08-06 05:28:35.930  5351  5363 I art     : Explicit concurrent mark sweep GC freed 1118(126KB) AllocSpace objects, 1(80KB) LOS objects, 29% free, 39MB/55MB, paused 598us total 27.910ms
08-06 05:28:35.969   918  3261 D WifiStateMachine: starting scan for "H369AA63323"WPA_PSK with 2412,5180
08-06 05:28:36.257  5351  5369 I art     : Starting a blocking GC Explicit
08-06 05:28:36.288  5351  5369 I art     : Explicit concurrent mark sweep GC freed 2078(99KB) AllocSpace objects, 2(40KB) LOS objects, 29% free, 39MB/55MB, paused 600us total 31.162ms
08-06 05:28:36.301  5351  5369 I art     : Starting a blocking GC Explicit
08-06 05:28:36.327  5351  5369 I art     : Explicit concurrent mark sweep GC freed 80(2128B) AllocSpace objects, 0(0B) LOS objects, 29% free, 39MB/55MB, paused 517us total 25.729ms
08-06 05:28:36.339  5351  5369 I art     : Starting a blocking GC Explicit
08-06 05:28:36.367  5351  5369 I art     : Explicit concurrent mark sweep GC freed 75(1296B) AllocSpace objects, 0(0B) LOS objects, 29% free, 39MB/55MB, paused 589us total 27.167ms
08-06 05:28:36.379  5351  5369 I art     : Starting a blocking GC Explicit
08-06 05:28:36.406  5351  5369 I art     : Explicit concurrent mark sweep GC freed 51(896B) AllocSpace objects, 0(0B) LOS objects, 29% free, 39MB/55MB, paused 564us total 27.027ms
08-06 05:28:36.418  5351  5369 I art     : Starting a blocking GC Explicit
08-06 05:28:36.446  5351  5369 I art     : Explicit concurrent mark sweep GC freed 65(1120B) AllocSpace objects, 0(0B) LOS objects, 29% free, 39MB/55MB, paused 720us total 27.707ms
08-06 05:28:36.681  6306  6306 D AndroidRuntime: >>>>>> START com.android.internal.os.RuntimeInit uid 2000 <<<<<<
08-06 05:28:36.687  6306  6306 D AndroidRuntime: CheckJNI is OFF
08-06 05:28:36.722  6306  6306 D ICU     : No timezone override file found: /data/misc/zoneinfo/current/icu/icu_tzdata.dat
08-06 05:28:36.757  6306  6306 I Radio-JNI: register_android_hardware_Radio DONE
08-06 05:28:36.763  5351  5363 I art     : Starting a blocking GC Explicit
08-06 05:28:36.780  6306  6306 D AndroidRuntime: Calling main entry com.android.commands.input.Input
08-06 05:28:36.782  6306  6306 I Input   : injectMotionEvent: MotionEvent { action=ACTION_DOWN, actionButton=0, id[0]=0, x[0]=346.0, y[0]=709.0, toolType[0]=TOOL_TYPE_UNKNOWN, buttonState=0, metaState=0, flags=0x0, edgeFlags=0x0, pointerCount=1, historySize=0, eventTime=854933195, downTime=854933195, deviceId=0, source=0x1002 }
08-06 05:28:36.788  6306  6306 I Input   : injectMotionEvent: MotionEvent { action=ACTION_UP, actionButton=0, id[0]=0, x[0]=346.0, y[0]=709.0, toolType[0]=TOOL_TYPE_UNKNOWN, buttonState=0, metaState=0, flags=0x0, edgeFlags=0x0, pointerCount=1, historySize=0, eventTime=854933195, downTime=854933195, deviceId=0, source=0x1002 }
08-06 05:28:36.793  5351  5363 I art     : Explicit concurrent mark sweep GC freed 2123(125KB) AllocSpace objects, 2(40KB) LOS objects, 29% free, 39MB/55MB, paused 914us total 30.187ms
08-06 05:28:36.798   918  6029 I ActivityManager: START u0 {cmp=baseline.io.github.project_travel_mate/.destinations.description.FinalCityInfoActivity (has extras)} from uid 10696 on display 0
08-06 05:28:36.807  5351  5363 I art     : Starting a blocking GC Explicit
08-06 05:28:36.807  6306  6306 D AndroidRuntime: Shutting down VM
08-06 05:28:36.829  5351  5415 D Gabe    : call	returning from cache
08-06 05:28:36.835  5351  5363 I art     : Explicit concurrent mark sweep GC freed 1507(178KB) AllocSpace objects, 0(0B) LOS objects, 28% free, 39MB/55MB, paused 932us total 28.439ms
08-06 05:28:36.848  5351  5363 I art     : Starting a blocking GC Explicit
08-06 05:28:36.858  5351  5351 V EXECUTING: https://project-travel-mate.herokuapp.com/api/get-city-weather/1
08-06 05:28:36.876  5351  5363 I art     : Explicit concurrent mark sweep GC freed 3794(211KB) AllocSpace objects, 0(0B) LOS objects, 28% free, 39MB/55MB, paused 763us total 27.934ms
08-06 05:28:36.888  5351  5363 I art     : Starting a blocking GC Explicit
08-06 05:28:36.918  5351  5363 I art     : Explicit concurrent mark sweep GC freed 811(31KB) AllocSpace objects, 0(0B) LOS objects, 26% free, 43MB/59MB, paused 1.210ms total 29.826ms
08-06 05:28:36.933  5351  5363 I art     : Starting a blocking GC Explicit
08-06 05:28:36.962  5351  5363 I art     : Explicit concurrent mark sweep GC freed 84(3KB) AllocSpace objects, 0(0B) LOS objects, 26% free, 43MB/59MB, paused 1.084ms total 29.138ms
08-06 05:28:36.984 13866 13866 I GoogleInputMethodServic: GoogleInputMethodService.onFinishInput():3138 
08-06 05:28:36.984   918   936 I ActivityManager: Displayed baseline.io.github.project_travel_mate/.destinations.description.FinalCityInfoActivity: +174ms
08-06 05:28:36.984 13866 13866 I GoogleInputMethodServic: GoogleInputMethodService.onStartInput():1808 
08-06 05:28:37.245   380   380 W SurfaceFlinger: couldn't log to binary event log: overflow.
08-06 05:28:37.257  5351  5364 I art     : Starting a blocking GC Explicit
08-06 05:28:37.285  5351  5364 I art     : Explicit concurrent mark sweep GC freed 2453(109KB) AllocSpace objects, 2(40KB) LOS objects, 26% free, 43MB/59MB, paused 576us total 27.825ms
08-06 05:28:37.297  5351  5364 I art     : Starting a blocking GC Explicit
08-06 05:28:37.324  5351  5364 I art     : Explicit concurrent mark sweep GC freed 120(2448B) AllocSpace objects, 0(0B) LOS objects, 26% free, 43MB/59MB, paused 631us total 26.758ms
08-06 05:28:37.338  5351  5364 I art     : Starting a blocking GC Explicit
08-06 05:28:37.363  5351  5364 I art     : Explicit concurrent mark sweep GC freed 146(2464B) AllocSpace objects, 0(0B) LOS objects, 26% free, 43MB/59MB, paused 644us total 25.510ms
08-06 05:28:37.375  5351  5364 I art     : Starting a blocking GC Explicit
08-06 05:28:37.404  5351  5364 I art     : Explicit concurrent mark sweep GC freed 1263(79KB) AllocSpace objects, 2(120KB) LOS objects, 26% free, 43MB/59MB, paused 997us total 28.503ms
08-06 05:28:37.416  5351  5364 I art     : Starting a blocking GC Explicit
08-06 05:28:37.447  5351  5364 I art     : Explicit concurrent mark sweep GC freed 3440(155KB) AllocSpace objects, 1(80KB) LOS objects, 26% free, 44MB/60MB, paused 931us total 29.900ms
08-06 05:28:37.464  5351  6331 I NAPPA_EXPERIMENTATION: MetricNetworkRequestExecutionTime: REQUEST_DURATION_SYSTEM='605',REQUEST_DURATION_OKHTTP='38',REQUEST_SYNCHRONOUS='FALSE',RESPONSE_CODE='200',RESPONSE_METHOD='GET',RESPONSE_LENGTH_OKHTTP='530',RESPONSE_LENGTH_HEADER='530',REQUEST_PROTOCOL='http/1.1',REQUEST_URL='https://project-travel-mate.herokuapp.com/api/get-city/1',
08-06 05:28:37.489  5351  6330 I NAPPA_EXPERIMENTATION: MetricNetworkRequestExecutionTime: REQUEST_DURATION_SYSTEM='630',REQUEST_DURATION_OKHTTP='59',REQUEST_SYNCHRONOUS='FALSE',RESPONSE_CODE='200',RESPONSE_METHOD='GET',RESPONSE_LENGTH_OKHTTP='238',RESPONSE_LENGTH_HEADER='238',REQUEST_PROTOCOL='http/1.1',REQUEST_URL='https://project-travel-mate.herokuapp.com/api/get-city-weather/1',
08-06 05:28:37.498  5351  6331 V Response: {"id":1,"city_name":"Delhi","description":"Delhi, officially the National Capital Territory of Delhi, is the Capital territory of India. During the British Raj, Delhi was part of the province of Punjab and is still historically and culturally connected to the Punjab region.","latitude":"28.613900","longitude":"77.209000","facts_count":6,"images":["https://upload.wikimedia.org/wikipedia/commons/9/94/%E0%B4%96%E0%B5%81%E0%B4%A4%E0%B5%8D%E0%B4%AC%E0%B5%8D_%E0%B4%AE%E0%B4%BF%E0%B4%A8%E0%B4%BE%E0%B5%BC1.jpg"],"has_visited":false}
08-06 05:28:37.782  5351  5626 I art     : Starting a blocking GC Explicit
08-06 05:28:37.815  5351  5626 I art     : Explicit concurrent mark sweep GC freed 5380(322KB) AllocSpace objects, 3(4MB) LOS objects, 28% free, 39MB/55MB, paused 799us total 32.367ms
08-06 05:28:37.828  5351  5626 I art     : Starting a blocking GC Explicit
08-06 05:28:37.859  5351  5626 I art     : Explicit concurrent mark sweep GC freed 209(5KB) AllocSpace objects, 0(0B) LOS objects, 28% free, 39MB/55MB, paused 607us total 31.252ms
08-06 05:28:37.872  5351  5626 I art     : Starting a blocking GC Explicit
08-06 05:28:37.903  5351  5626 I art     : Explicit concurrent mark sweep GC freed 147(2496B) AllocSpace objects, 0(0B) LOS objects, 28% free, 39MB/55MB, paused 621us total 30.767ms
08-06 05:28:37.915  5351  5626 I art     : Starting a blocking GC Explicit
08-06 05:28:37.947  5351  5626 I art     : Explicit concurrent mark sweep GC freed 117(1984B) AllocSpace objects, 0(0B) LOS objects, 28% free, 39MB/55MB, paused 798us total 31.058ms
08-06 05:28:37.959  5351  5626 I art     : Starting a blocking GC Explicit
08-06 05:28:37.991  5351  5626 I art     : Explicit concurrent mark sweep GC freed 129(2208B) AllocSpace objects, 0(0B) LOS objects, 28% free, 39MB/55MB, paused 616us total 31.782ms
08-06 05:28:38.033   518   646 I ThermalEngine: ACTION: GPU - Setting GPU[0] to 450000000
08-06 05:28:38.366  5351  5364 I art     : Starting a blocking GC Explicit
08-06 05:28:38.410  5351  5364 I art     : Explicit concurrent mark sweep GC freed 2651(103KB) AllocSpace objects, 2(40KB) LOS objects, 28% free, 39MB/55MB, paused 894us total 43.794ms
08-06 05:28:38.427  5351  5364 I art     : Starting a blocking GC Explicit
08-06 05:28:38.471  5351  5364 I art     : Explicit concurrent mark sweep GC freed 202(4KB) AllocSpace objects, 0(0B) LOS objects, 28% free, 39MB/55MB, paused 1.056ms total 43.567ms
08-06 05:28:38.488  5351  5364 I art     : Starting a blocking GC Explicit
08-06 05:28:38.529  5351  5364 I art     : Explicit concurrent mark sweep GC freed 170(2896B) AllocSpace objects, 0(0B) LOS objects, 28% free, 39MB/55MB, paused 839us total 40.772ms
08-06 05:28:38.546  5351  5364 I art     : Starting a blocking GC Explicit
08-06 05:28:38.588  5351  5364 I art     : Explicit concurrent mark sweep GC freed 193(3KB) AllocSpace objects, 0(0B) LOS objects, 28% free, 39MB/55MB, paused 901us total 41.920ms
08-06 05:28:38.605  5351  5364 I art     : Starting a blocking GC Explicit
08-06 05:28:38.646  5351  5364 I art     : Explicit concurrent mark sweep GC freed 149(2560B) AllocSpace objects, 0(0B) LOS objects, 28% free, 39MB/55MB, paused 787us total 40.149ms
08-06 05:28:39.049  5351  5369 I art     : Starting a blocking GC Explicit
08-06 05:28:39.093  5351  5369 I art     : Explicit concurrent mark sweep GC freed 2723(104KB) AllocSpace objects, 2(40KB) LOS objects, 28% free, 39MB/55MB, paused 881us total 44.005ms
08-06 05:28:39.110  5351  5369 I art     : Starting a blocking GC Explicit
08-06 05:28:39.152  5351  5369 I art     : Explicit concurrent mark sweep GC freed 210(3KB) AllocSpace objects, 0(0B) LOS objects, 28% free, 39MB/55MB, paused 971us total 41.887ms
08-06 05:28:39.169  5351  5369 I art     : Starting a blocking GC Explicit
08-06 05:28:39.212  5351  5369 I art     : Explicit concurrent mark sweep GC freed 164(3KB) AllocSpace objects, 0(0B) LOS objects, 28% free, 39MB/55MB, paused 843us total 42.775ms
08-06 05:28:39.229  5351  5369 I art     : Starting a blocking GC Explicit
08-06 05:28:39.271  5351  5369 I art     : Explicit concurrent mark sweep GC freed 204(3KB) AllocSpace objects, 0(0B) LOS objects, 28% free, 39MB/55MB, paused 845us total 41.634ms
08-06 05:28:39.288  5351  5369 I art     : Starting a blocking GC Explicit
08-06 05:28:39.331  5351  5369 I art     : Explicit concurrent mark sweep GC freed 148(2528B) AllocSpace objects, 0(0B) LOS objects, 28% free, 39MB/55MB, paused 807us total 42.617ms
08-06 05:28:39.743  5351  5626 I art     : Starting a blocking GC Explicit
08-06 05:28:39.787  5351  5626 I art     : Explicit concurrent mark sweep GC freed 2747(104KB) AllocSpace objects, 2(40KB) LOS objects, 28% free, 39MB/55MB, paused 970us total 43.509ms
08-06 05:28:39.806  5351  5626 I art     : Starting a blocking GC Explicit
08-06 05:28:39.847  5351  5626 I art     : Explicit concurrent mark sweep GC freed 191(3KB) AllocSpace objects, 0(0B) LOS objects, 28% free, 39MB/55MB, paused 791us total 40.815ms
08-06 05:28:39.863  5351  5626 I art     : Starting a blocking GC Explicit
08-06 05:28:39.904  5351  5626 I art     : Explicit concurrent mark sweep GC freed 194(3KB) AllocSpace objects, 0(0B) LOS objects, 28% free, 39MB/55MB, paused 867us total 40.711ms
08-06 05:28:39.921  5351  5626 I art     : Starting a blocking GC Explicit
08-06 05:28:39.964  5351  5626 I art     : Explicit concurrent mark sweep GC freed 148(2528B) AllocSpace objects, 0(0B) LOS objects, 28% free, 39MB/55MB, paused 819us total 42.418ms
08-06 05:28:39.981  5351  5626 I art     : Starting a blocking GC Explicit
08-06 05:28:40.023  5351  5626 I art     : Explicit concurrent mark sweep GC freed 195(3KB) AllocSpace objects, 0(0B) LOS objects, 28% free, 39MB/55MB, paused 884us total 42.016ms
08-06 05:28:40.063   918  3188 I hubconnection: sensorhub said: 'set_bias 3: -5.5680, 0.0000, 0.0000'
08-06 05:28:40.432  5351  5363 I art     : Starting a blocking GC Explicit
08-06 05:28:40.475  5351  5363 I art     : Explicit concurrent mark sweep GC freed 2724(104KB) AllocSpace objects, 2(40KB) LOS objects, 28% free, 39MB/55MB, paused 803us total 42.580ms
08-06 05:28:40.491  5351  5363 I art     : Starting a blocking GC Explicit
08-06 05:28:40.531  5351  5363 I art     : Explicit concurrent mark sweep GC freed 167(3KB) AllocSpace objects, 0(0B) LOS objects, 28% free, 39MB/55MB, paused 769us total 39.740ms
08-06 05:28:40.548  5351  5363 I art     : Starting a blocking GC Explicit
08-06 05:28:40.591  5351  5363 I art     : Explicit concurrent mark sweep GC freed 193(3KB) AllocSpace objects, 0(0B) LOS objects, 28% free, 39MB/55MB, paused 842us total 42.623ms
08-06 05:28:40.608  5351  5363 I art     : Starting a blocking GC Explicit
08-06 05:28:40.649  5351  5363 I art     : Explicit concurrent mark sweep GC freed 149(2560B) AllocSpace objects, 0(0B) LOS objects, 28% free, 39MB/55MB, paused 818us total 40.745ms
08-06 05:28:40.665  5351  5363 I art     : Starting a blocking GC Explicit
08-06 05:28:40.706  5351  5363 I art     : Explicit concurrent mark sweep GC freed 188(3KB) AllocSpace objects, 0(0B) LOS objects, 28% free, 39MB/55MB, paused 870us total 39.818ms
08-06 05:28:41.037   518   646 I ThermalEngine: ACTION: GPU - Setting GPU[0] to 510000000
08-06 05:28:41.072  5351  5364 I art     : Starting a blocking GC Explicit
08-06 05:28:41.108  5351  5364 I art     : Explicit concurrent mark sweep GC freed 2610(103KB) AllocSpace objects, 2(40KB) LOS objects, 28% free, 39MB/55MB, paused 694us total 35.259ms
08-06 05:28:41.121  5351  5364 I art     : Starting a blocking GC Explicit
08-06 05:28:41.147  5351  5364 I art     : Explicit concurrent mark sweep GC freed 128(2928B) AllocSpace objects, 0(0B) LOS objects, 28% free, 39MB/55MB, paused 659us total 26.132ms
08-06 05:28:41.159  5351  5364 I art     : Starting a blocking GC Explicit
08-06 05:28:41.185  5351  5364 I art     : Explicit concurrent mark sweep GC freed 146(2464B) AllocSpace objects, 0(0B) LOS objects, 28% free, 39MB/55MB, paused 606us total 26.104ms
08-06 05:28:41.197  5351  5364 I art     : Starting a blocking GC Explicit
08-06 05:28:41.223  5351  5364 I art     : Explicit concurrent mark sweep GC freed 101(1760B) AllocSpace objects, 0(0B) LOS objects, 28% free, 39MB/55MB, paused 594us total 26.290ms
08-06 05:28:41.235  5351  5364 I art     : Starting a blocking GC Explicit
08-06 05:28:41.262  5351  5364 I art     : Explicit concurrent mark sweep GC freed 98(1664B) AllocSpace objects, 0(0B) LOS objects, 28% free, 39MB/55MB, paused 606us total 27.179ms
08-06 05:28:41.459  6404  6404 D AndroidRuntime: >>>>>> START com.android.internal.os.RuntimeInit uid 2000 <<<<<<
08-06 05:28:41.463  6404  6404 D AndroidRuntime: CheckJNI is OFF
08-06 05:28:41.493  6404  6404 D ICU     : No timezone override file found: /data/misc/zoneinfo/current/icu/icu_tzdata.dat
08-06 05:28:41.524  6404  6404 I Radio-JNI: register_android_hardware_Radio DONE
08-06 05:28:41.546  6404  6404 D AndroidRuntime: Calling main entry com.android.commands.input.Input
08-06 05:28:41.548  6404  6404 I Input   : injectMotionEvent: MotionEvent { action=ACTION_DOWN, actionButton=0, id[0]=0, x[0]=693.0, y[0]=1450.0, toolType[0]=TOOL_TYPE_UNKNOWN, buttonState=0, metaState=0, flags=0x0, edgeFlags=0x0, pointerCount=1, historySize=0, eventTime=854937961, downTime=854937961, deviceId=0, source=0x1002 }
08-06 05:28:41.552  6404  6404 I Input   : injectMotionEvent: MotionEvent { action=ACTION_UP, actionButton=0, id[0]=0, x[0]=693.0, y[0]=1450.0, toolType[0]=TOOL_TYPE_UNKNOWN, buttonState=0, metaState=0, flags=0x0, edgeFlags=0x0, pointerCount=1, historySize=0, eventTime=854937961, downTime=854937961, deviceId=0, source=0x1002 }
08-06 05:28:41.553  6404  6404 D AndroidRuntime: Shutting down VM
08-06 05:28:41.554   918  6110 I ActivityManager: START u0 {cmp=baseline.io.github.project_travel_mate/.destinations.description.CityHistoryActivity} from uid 10696 on display 0
08-06 05:28:41.555   512  2967 D audio_hw_primary: out_set_parameters: enter: usecase(1: low-latency-playback) kvpairs: routing=2
08-06 05:28:41.568   512  2967 D audio_hw_primary: select_devices: out_snd_device(2: speaker) in_snd_device(0: none)
08-06 05:28:41.568   512  2967 D msm8974_platform: platform_send_audio_calibration: sending audio calibration for snd_device(2) acdb_id(15)
08-06 05:28:41.568   512  2967 I soundtrigger: audio_extn_sound_trigger_update_device_status: device 0x2 of type 0 for Event 1
08-06 05:28:41.575  5351  5415 D Gabe    : call	returning from cache
08-06 05:28:41.577  5351  5351 V EXECUTING: https://project-travel-mate.herokuapp.com/api/get-city-information/1
08-06 05:28:41.579   512  2967 D audio_hw_primary: enable_snd_device: snd_device(2: speaker)
08-06 05:28:41.581   512  2967 D audio_hw_primary: enable_audio_route: apply and update mixer path: low-latency-playback speaker
08-06 05:28:41.603  5351  5369 I art     : Starting a blocking GC Explicit
08-06 05:28:41.634  5351  5369 I art     : Explicit concurrent mark sweep GC freed 3292(152KB) AllocSpace objects, 2(40KB) LOS objects, 26% free, 44MB/60MB, paused 1.132ms total 31.116ms
08-06 05:28:41.649  5351  5369 I art     : Starting a blocking GC Explicit
08-06 05:28:41.680  5351  5369 I art     : Explicit concurrent mark sweep GC freed 267(11KB) AllocSpace objects, 0(0B) LOS objects, 26% free, 44MB/60MB, paused 942us total 30.855ms
08-06 05:28:41.693  5351  5369 I art     : Starting a blocking GC Explicit
08-06 05:28:41.711   918   936 I ActivityManager: Displayed baseline.io.github.project_travel_mate/.destinations.description.CityHistoryActivity: +151ms
08-06 05:28:41.713 13866 13866 I GoogleInputMethodServic: GoogleInputMethodService.onFinishInput():3138 
08-06 05:28:41.714 13866 13866 I GoogleInputMethodServic: GoogleInputMethodService.onStartInput():1808 
08-06 05:28:41.723  5351  5369 I art     : Explicit concurrent mark sweep GC freed 215(8KB) AllocSpace objects, 0(0B) LOS objects, 26% free, 44MB/60MB, paused 860us total 29.259ms
08-06 05:28:41.735  5351  5369 I art     : Starting a blocking GC Explicit
08-06 05:28:41.769  5351  5369 I art     : Explicit concurrent mark sweep GC freed 31(1008B) AllocSpace objects, 0(0B) LOS objects, 26% free, 44MB/60MB, paused 963us total 33.556ms
08-06 05:28:41.783  5351  5369 I art     : Starting a blocking GC Explicit
08-06 05:28:41.817  5351  5369 I art     : Explicit concurrent mark sweep GC freed 127(2160B) AllocSpace objects, 0(0B) LOS objects, 26% free, 44MB/60MB, paused 884us total 33.910ms
08-06 05:28:41.966   380   380 W SurfaceFlinger: couldn't log to binary event log: overflow.
08-06 05:28:42.118  5351  5363 I art     : Starting a blocking GC Explicit
08-06 05:28:42.118   512  2967 D audio_hw_primary: disable_audio_route: reset and update mixer path: low-latency-playback speaker
08-06 05:28:42.119   512  2967 D audio_hw_primary: disable_snd_device: snd_device(2: speaker)
08-06 05:28:42.127   512  2967 I soundtrigger: audio_extn_sound_trigger_update_device_status: device 0x2 of type 0 for Event 0
08-06 05:28:42.149  5351  5363 I art     : Explicit concurrent mark sweep GC freed 2659(103KB) AllocSpace objects, 2(40KB) LOS objects, 26% free, 44MB/60MB, paused 873us total 31.040ms
08-06 05:28:42.162  5351  5363 I art     : Starting a blocking GC Explicit
08-06 05:28:42.193  5351  5363 I art     : Explicit concurrent mark sweep GC freed 172(3KB) AllocSpace objects, 0(0B) LOS objects, 26% free, 44MB/60MB, paused 822us total 30.575ms
08-06 05:28:42.205  5351  5363 I art     : Starting a blocking GC Explicit
08-06 05:28:42.236  5351  5363 I art     : Explicit concurrent mark sweep GC freed 23(416B) AllocSpace objects, 0(0B) LOS objects, 26% free, 44MB/60MB, paused 658us total 30.258ms
08-06 05:28:42.248  5351  5363 I art     : Starting a blocking GC Explicit
08-06 05:28:42.279  5351  5363 I art     : Explicit concurrent mark sweep GC freed 145(2896B) AllocSpace objects, 0(0B) LOS objects, 26% free, 44MB/60MB, paused 1.011ms total 30.601ms
08-06 05:28:42.291  5351  5363 I art     : Starting a blocking GC Explicit
08-06 05:28:42.321  5351  5363 I art     : Explicit concurrent mark sweep GC freed 146(3KB) AllocSpace objects, 0(0B) LOS objects, 26% free, 44MB/60MB, paused 817us total 30.257ms
08-06 05:28:42.321  5351  5362 I art     : WaitForGcToComplete blocked for 30.514ms for cause HeapTrim
08-06 05:28:42.472  5351  6428 I NAPPA_EXPERIMENTATION: MetricNetworkRequestExecutionTime: REQUEST_DURATION_SYSTEM='894',REQUEST_DURATION_OKHTTP='33',REQUEST_SYNCHRONOUS='FALSE',RESPONSE_CODE='200',RESPONSE_METHOD='GET',RESPONSE_LENGTH_OKHTTP='55024',RESPONSE_LENGTH_HEADER='55024',REQUEST_PROTOCOL='http/1.1',REQUEST_URL='https://project-travel-mate.herokuapp.com/api/get-city-information/1',
08-06 05:28:42.592 13866 13866 I GoogleInputMethodServic: GoogleInputMethodService.onFinishInput():3138 
08-06 05:28:42.593 13866 13866 I GoogleInputMethodServic: GoogleInputMethodService.onStartInput():1808 
08-06 05:28:42.623  5351  5626 I art     : Starting a blocking GC Explicit
08-06 05:28:42.658  5351  5626 I art     : Explicit concurrent mark sweep GC freed 6472(1455KB) AllocSpace objects, 25(5MB) LOS objects, 28% free, 40MB/56MB, paused 726us total 34.538ms
08-06 05:28:42.671  5351  5626 I art     : Starting a blocking GC Explicit
08-06 05:28:42.702  5351  5626 I art     : Explicit concurrent mark sweep GC freed 1159(121KB) AllocSpace objects, 0(0B) LOS objects, 28% free, 40MB/56MB, paused 761us total 31.171ms
08-06 05:28:42.715  5351  5626 I art     : Starting a blocking GC Explicit
08-06 05:28:42.750  5351  5626 I art     : Explicit concurrent mark sweep GC freed 204(3KB) AllocSpace objects, 0(0B) LOS objects, 28% free, 40MB/56MB, paused 671us total 34.248ms
08-06 05:28:42.763  5351  5626 I art     : Starting a blocking GC Explicit
08-06 05:28:42.796  5351  5626 I art     : Explicit concurrent mark sweep GC freed 219(3KB) AllocSpace objects, 0(0B) LOS objects, 28% free, 40MB/56MB, paused 648us total 33.034ms
08-06 05:28:42.809  5351  5626 I art     : Starting a blocking GC Explicit
08-06 05:28:42.844  5351  5626 I art     : Explicit concurrent mark sweep GC freed 219(3KB) AllocSpace objects, 0(0B) LOS objects, 28% free, 40MB/56MB, paused 671us total 34.542ms
08-06 05:28:43.044   518   646 I ThermalEngine: ACTION: GPU - Setting GPU[0] to 450000000
08-06 05:28:43.226  5351  5363 I art     : Starting a blocking GC Explicit
08-06 05:28:43.272  5351  5363 I art     : Explicit concurrent mark sweep GC freed 3305(113KB) AllocSpace objects, 2(40KB) LOS objects, 28% free, 40MB/56MB, paused 959us total 46.218ms
08-06 05:28:43.289  5351  5363 I art     : Starting a blocking GC Explicit
08-06 05:28:43.332  5351  5363 I art     : Explicit concurrent mark sweep GC freed 249(4KB) AllocSpace objects, 0(0B) LOS objects, 28% free, 40MB/56MB, paused 878us total 42.387ms
08-06 05:28:43.349  5351  5363 I art     : Starting a blocking GC Explicit
08-06 05:28:43.391  5351  5363 I art     : Explicit concurrent mark sweep GC freed 288(4KB) AllocSpace objects, 0(0B) LOS objects, 28% free, 40MB/56MB, paused 895us total 41.322ms
08-06 05:28:43.409  5351  5363 I art     : Starting a blocking GC Explicit
08-06 05:28:43.451  5351  5363 I art     : Explicit concurrent mark sweep GC freed 235(4KB) AllocSpace objects, 0(0B) LOS objects, 28% free, 40MB/56MB, paused 936us total 41.814ms
08-06 05:28:43.468  5351  5363 I art     : Starting a blocking GC Explicit
08-06 05:28:43.510  5351  5363 I art     : Explicit concurrent mark sweep GC freed 283(4KB) AllocSpace objects, 0(0B) LOS objects, 28% free, 40MB/56MB, paused 1.037ms total 41.842ms
08-06 05:28:43.926  5351  5369 I art     : Starting a blocking GC Explicit
08-06 05:28:43.974  5351  5369 I art     : Explicit concurrent mark sweep GC freed 3398(115KB) AllocSpace objects, 2(40KB) LOS objects, 28% free, 40MB/56MB, paused 915us total 46.633ms
08-06 05:28:43.994  5351  5369 I art     : Starting a blocking GC Explicit
08-06 05:28:44.037  5351  5369 I art     : Explicit concurrent mark sweep GC freed 295(5KB) AllocSpace objects, 0(0B) LOS objects, 28% free, 40MB/56MB, paused 926us total 42.654ms
08-06 05:28:44.053  5351  5369 I art     : Starting a blocking GC Explicit
08-06 05:28:44.097  5351  5369 I art     : Explicit concurrent mark sweep GC freed 294(5KB) AllocSpace objects, 0(0B) LOS objects, 28% free, 40MB/56MB, paused 861us total 43.061ms
08-06 05:28:44.114  5351  5369 I art     : Starting a blocking GC Explicit
08-06 05:28:44.158  5351  5369 I art     : Explicit concurrent mark sweep GC freed 265(4KB) AllocSpace objects, 0(0B) LOS objects, 28% free, 40MB/56MB, paused 1.148ms total 43.872ms
08-06 05:28:44.175  5351  5369 I art     : Starting a blocking GC Explicit
08-06 05:28:44.220  5351  5369 I art     : Explicit concurrent mark sweep GC freed 260(4KB) AllocSpace objects, 0(0B) LOS objects, 28% free, 40MB/56MB, paused 891us total 44.551ms
08-06 05:28:44.634  5351  5626 I art     : Starting a blocking GC Explicit
08-06 05:28:44.682  5351  5626 I art     : Explicit concurrent mark sweep GC freed 3446(116KB) AllocSpace objects, 2(40KB) LOS objects, 28% free, 40MB/56MB, paused 908us total 47.108ms
08-06 05:28:44.702  5351  5626 I art     : Starting a blocking GC Explicit
08-06 05:28:44.745  5351  5626 I art     : Explicit concurrent mark sweep GC freed 291(5KB) AllocSpace objects, 0(0B) LOS objects, 28% free, 40MB/56MB, paused 1.402ms total 42.419ms
08-06 05:28:44.762  5351  5626 I art     : Starting a blocking GC Explicit
08-06 05:28:44.806  5351  5626 I art     : Explicit concurrent mark sweep GC freed 242(4KB) AllocSpace objects, 0(0B) LOS objects, 28% free, 40MB/56MB, paused 1.043ms total 43.796ms
08-06 05:28:44.823  5351  5626 I art     : Starting a blocking GC Explicit
08-06 05:28:44.866  5351  5626 I art     : Explicit concurrent mark sweep GC freed 287(4KB) AllocSpace objects, 0(0B) LOS objects, 28% free, 40MB/56MB, paused 862us total 42.805ms
08-06 05:28:44.883  5351  5626 I art     : Starting a blocking GC Explicit
08-06 05:28:44.926  5351  5626 I art     : Explicit concurrent mark sweep GC freed 291(4KB) AllocSpace objects, 0(0B) LOS objects, 28% free, 40MB/56MB, paused 881us total 43.216ms
08-06 05:28:45.338  5351  5364 I art     : Starting a blocking GC Explicit
08-06 05:28:45.386  5351  5364 I art     : Explicit concurrent mark sweep GC freed 3384(115KB) AllocSpace objects, 2(40KB) LOS objects, 28% free, 40MB/56MB, paused 909us total 46.860ms
08-06 05:28:45.405  5351  5364 I art     : Starting a blocking GC Explicit
08-06 05:28:45.449  5351  5364 I art     : Explicit concurrent mark sweep GC freed 320(5KB) AllocSpace objects, 0(0B) LOS objects, 28% free, 40MB/56MB, paused 846us total 43.328ms
08-06 05:28:45.466  5351  5364 I art     : Starting a blocking GC Explicit
08-06 05:28:45.509  5351  5364 I art     : Explicit concurrent mark sweep GC freed 270(4KB) AllocSpace objects, 0(0B) LOS objects, 28% free, 40MB/56MB, paused 1.065ms total 43.187ms
08-06 05:28:45.526  5351  5364 I art     : Starting a blocking GC Explicit
08-06 05:28:45.571  5351  5364 I art     : Explicit concurrent mark sweep GC freed 240(3KB) AllocSpace objects, 0(0B) LOS objects, 28% free, 40MB/56MB, paused 869us total 44.176ms
08-06 05:28:45.588  5351  5364 I art     : Starting a blocking GC Explicit
08-06 05:28:45.631  5351  5364 I art     : Explicit concurrent mark sweep GC freed 291(4KB) AllocSpace objects, 0(0B) LOS objects, 28% free, 40MB/56MB, paused 877us total 43.530ms
08-06 05:28:46.009  5351  5363 I art     : Starting a blocking GC Explicit
08-06 05:28:46.054  5351  5363 I art     : Explicit concurrent mark sweep GC freed 3228(112KB) AllocSpace objects, 2(40KB) LOS objects, 28% free, 40MB/56MB, paused 918us total 44.830ms
08-06 05:28:46.072  5351  5363 I art     : Starting a blocking GC Explicit
08-06 05:28:46.114  5351  5363 I art     : Explicit concurrent mark sweep GC freed 309(5KB) AllocSpace objects, 0(0B) LOS objects, 28% free, 40MB/56MB, paused 922us total 42.586ms
08-06 05:28:46.132  5351  5363 I art     : Starting a blocking GC Explicit
08-06 05:28:46.174  5351  5363 I art     : Explicit concurrent mark sweep GC freed 236(3KB) AllocSpace objects, 0(0B) LOS objects, 28% free, 40MB/56MB, paused 1.007ms total 42.587ms
08-06 05:28:46.192  5351  5363 I art     : Starting a blocking GC Explicit
08-06 05:28:46.235  5351  5363 I art     : Explicit concurrent mark sweep GC freed 276(4KB) AllocSpace objects, 0(0B) LOS objects, 28% free, 40MB/56MB, paused 896us total 43.047ms
08-06 05:28:46.252  5351  5363 I art     : Starting a blocking GC Explicit
08-06 05:28:46.295  5351  5363 I art     : Explicit concurrent mark sweep GC freed 271(4KB) AllocSpace objects, 0(0B) LOS objects, 28% free, 40MB/56MB, paused 1.021ms total 42.395ms
08-06 05:28:46.360  6493  6493 D AndroidRuntime: >>>>>> START com.android.internal.os.RuntimeInit uid 2000 <<<<<<
08-06 05:28:46.367  6493  6493 D AndroidRuntime: CheckJNI is OFF
08-06 05:28:46.411  6493  6493 D ICU     : No timezone override file found: /data/misc/zoneinfo/current/icu/icu_tzdata.dat
08-06 05:28:46.456  6493  6493 I Radio-JNI: register_android_hardware_Radio DONE
08-06 05:28:46.484  6493  6493 D AndroidRuntime: Calling main entry com.android.commands.input.Input
08-06 05:28:46.486  6493  6493 I Input   : injectKeyEvent: KeyEvent { action=ACTION_DOWN, keyCode=KEYCODE_BACK, scanCode=0, metaState=0, flags=0x0, repeatCount=0, eventTime=854942899, downTime=854942899, deviceId=-1, source=0x101 }
08-06 05:28:46.497  6493  6493 I Input   : injectKeyEvent: KeyEvent { action=ACTION_UP, keyCode=KEYCODE_BACK, scanCode=0, metaState=0, flags=0x0, repeatCount=0, eventTime=854942899, downTime=854942899, deviceId=-1, source=0x101 }
08-06 05:28:46.502  6493  6493 D AndroidRuntime: Shutting down VM
08-06 05:28:46.552 13866 13866 I GoogleInputMethodServic: GoogleInputMethodService.onFinishInput():3138 
08-06 05:28:46.553 13866 13866 I GoogleInputMethodServic: GoogleInputMethodService.onStartInput():1808 
08-06 05:28:46.678  5351  5626 I art     : Starting a blocking GC Explicit
08-06 05:28:46.731  5351  5626 I art     : Explicit concurrent mark sweep GC freed 3353(116KB) AllocSpace objects, 2(40KB) LOS objects, 28% free, 40MB/56MB, paused 1.393ms total 51.941ms
08-06 05:28:46.749  5351  5626 I art     : Starting a blocking GC Explicit
08-06 05:28:46.798  5351  5626 I art     : Explicit concurrent mark sweep GC freed 388(6KB) AllocSpace objects, 0(0B) LOS objects, 28% free, 40MB/56MB, paused 1.032ms total 48.568ms
08-06 05:28:46.815  5351  5626 I art     : Starting a blocking GC Explicit
08-06 05:28:46.838   380   380 W SurfaceFlinger: couldn't log to binary event log: overflow.
08-06 05:28:46.858  5351  5626 I art     : Explicit concurrent mark sweep GC freed 260(4KB) AllocSpace objects, 2(364KB) LOS objects, 28% free, 40MB/56MB, paused 1.002ms total 41.823ms
08-06 05:28:46.873  5351  5626 I art     : Starting a blocking GC Explicit
08-06 05:28:46.912  5351  5626 I art     : Explicit concurrent mark sweep GC freed 300(9KB) AllocSpace objects, 0(0B) LOS objects, 28% free, 40MB/56MB, paused 865us total 38.893ms
08-06 05:28:46.929  5351  5626 I art     : Starting a blocking GC Explicit
08-06 05:28:46.969  5351  5626 I art     : Explicit concurrent mark sweep GC freed 4701(334KB) AllocSpace objects, 7(132KB) LOS objects, 28% free, 39MB/55MB, paused 957us total 39.591ms
08-06 05:28:47.051   518   646 I ThermalEngine: ACTION: GPU - Setting GPU[0] to 510000000
08-06 05:28:47.306  5351  5364 I art     : Starting a blocking GC Explicit
08-06 05:28:47.340  5351  5364 I art     : Explicit concurrent mark sweep GC freed 2515(101KB) AllocSpace objects, 2(40KB) LOS objects, 28% free, 39MB/55MB, paused 900us total 34.252ms
08-06 05:28:47.355  5351  5364 I art     : Starting a blocking GC Explicit
08-06 05:28:47.389  5351  5364 I art     : Explicit concurrent mark sweep GC freed 168(3KB) AllocSpace objects, 0(0B) LOS objects, 28% free, 39MB/55MB, paused 726us total 33.453ms
08-06 05:28:47.402  5351  5364 I art     : Starting a blocking GC Explicit
08-06 05:28:47.434  5351  5364 I art     : Explicit concurrent mark sweep GC freed 148(2528B) AllocSpace objects, 0(0B) LOS objects, 28% free, 39MB/55MB, paused 663us total 31.709ms
08-06 05:28:47.447  5351  5364 I art     : Starting a blocking GC Explicit
08-06 05:28:47.479  5351  5364 I art     : Explicit concurrent mark sweep GC freed 147(2496B) AllocSpace objects, 0(0B) LOS objects, 28% free, 39MB/55MB, paused 657us total 31.841ms
08-06 05:28:47.492  5351  5364 I art     : Starting a blocking GC Explicit
08-06 05:28:47.524  5351  5364 I art     : Explicit concurrent mark sweep GC freed 146(2464B) AllocSpace objects, 0(0B) LOS objects, 28% free, 39MB/55MB, paused 719us total 31.914ms
08-06 05:28:47.857  5351  5369 I art     : Starting a blocking GC Explicit
08-06 05:28:47.891  5351  5369 I art     : Explicit concurrent mark sweep GC freed 2465(100KB) AllocSpace objects, 2(40KB) LOS objects, 28% free, 39MB/55MB, paused 861us total 33.249ms
08-06 05:28:47.904  5351  5369 I art     : Starting a blocking GC Explicit
08-06 05:28:47.936  5351  5369 I art     : Explicit concurrent mark sweep GC freed 138(2720B) AllocSpace objects, 0(0B) LOS objects, 28% free, 39MB/55MB, paused 654us total 32ms
08-06 05:28:47.949  5351  5369 I art     : Starting a blocking GC Explicit
08-06 05:28:47.980  5351  5369 I art     : Explicit concurrent mark sweep GC freed 147(2496B) AllocSpace objects, 0(0B) LOS objects, 28% free, 39MB/55MB, paused 656us total 30.576ms
08-06 05:28:47.992  5351  5369 I art     : Starting a blocking GC Explicit
08-06 05:28:48.024  5351  5369 I art     : Explicit concurrent mark sweep GC freed 116(1968B) AllocSpace objects, 0(0B) LOS objects, 28% free, 39MB/55MB, paused 829us total 31.240ms
08-06 05:28:48.036  5351  5369 I art     : Starting a blocking GC Explicit
08-06 05:28:48.068  5351  5369 I art     : Explicit concurrent mark sweep GC freed 130(2224B) AllocSpace objects, 0(0B) LOS objects, 28% free, 39MB/55MB, paused 673us total 31.276ms
08-06 05:28:48.156  6540  6540 D AndroidRuntime: >>>>>> START com.android.internal.os.RuntimeInit uid 2000 <<<<<<
08-06 05:28:48.161  6540  6540 D AndroidRuntime: CheckJNI is OFF
08-06 05:28:48.201  6540  6540 D ICU     : No timezone override file found: /data/misc/zoneinfo/current/icu/icu_tzdata.dat
08-06 05:28:48.232  6540  6540 I Radio-JNI: register_android_hardware_Radio DONE
08-06 05:28:48.253  6540  6540 D AndroidRuntime: Calling main entry com.android.commands.input.Input
08-06 05:28:48.254  6540  6540 I Input   : injectKeyEvent: KeyEvent { action=ACTION_DOWN, keyCode=KEYCODE_BACK, scanCode=0, metaState=0, flags=0x0, repeatCount=0, eventTime=854944667, downTime=854944667, deviceId=-1, source=0x101 }
08-06 05:28:48.261  6540  6540 I Input   : injectKeyEvent: KeyEvent { action=ACTION_UP, keyCode=KEYCODE_BACK, scanCode=0, metaState=0, flags=0x0, repeatCount=0, eventTime=854944667, downTime=854944667, deviceId=-1, source=0x101 }
08-06 05:28:48.266  6540  6540 D AndroidRuntime: Shutting down VM
08-06 05:28:48.275  5351  5351 V MainActivity: url = https://project-travel-mate.herokuapp.com/api/number-of-unread-notifications
08-06 05:28:48.301 13866 13866 I GoogleInputMethodServic: GoogleInputMethodService.onFinishInput():3138 
08-06 05:28:48.302 13866 13866 I GoogleInputMethodServic: GoogleInputMethodService.onStartInput():1808 
08-06 05:28:48.416  5351  5363 I art     : Starting a blocking GC Explicit
08-06 05:28:48.453  5351  5363 I art     : Explicit concurrent mark sweep GC freed 3101(126KB) AllocSpace objects, 2(40KB) LOS objects, 28% free, 39MB/55MB, paused 698us total 36.578ms
08-06 05:28:48.466  5351  5363 I art     : Starting a blocking GC Explicit
08-06 05:28:48.506  5351  5363 I art     : Explicit concurrent mark sweep GC freed 258(7KB) AllocSpace objects, 0(0B) LOS objects, 28% free, 39MB/55MB, paused 661us total 39.881ms
08-06 05:28:48.523  5351  5363 I art     : Starting a blocking GC Explicit
08-06 05:28:48.562  5351  5363 I art     : Explicit concurrent mark sweep GC freed 198(3KB) AllocSpace objects, 0(0B) LOS objects, 28% free, 39MB/55MB, paused 844us total 38.492ms
08-06 05:28:48.579  5351  5363 I art     : Starting a blocking GC Explicit
08-06 05:28:48.606   380   380 W SurfaceFlinger: couldn't log to binary event log: overflow.
08-06 05:28:48.612  5351  5363 I art     : Explicit concurrent mark sweep GC freed 156(2784B) AllocSpace objects, 0(0B) LOS objects, 28% free, 39MB/55MB, paused 672us total 32.345ms
08-06 05:28:48.625  5351  5363 I art     : Starting a blocking GC Explicit
08-06 05:28:48.655  5351  5363 I art     : Explicit concurrent mark sweep GC freed 63(1504B) AllocSpace objects, 0(0B) LOS objects, 28% free, 39MB/55MB, paused 694us total 29.482ms
08-06 05:28:48.721 32067 32067 I ServiceManager: Waiting for service AtCmdFwd...
08-06 05:28:48.996  5351  5626 I art     : Starting a blocking GC Explicit
08-06 05:28:49.031  5351  5626 I art     : Explicit concurrent mark sweep GC freed 2116(99KB) AllocSpace objects, 2(40KB) LOS objects, 28% free, 39MB/55MB, paused 724us total 34.190ms
08-06 05:28:49.044  5351  5626 I art     : Starting a blocking GC Explicit
08-06 05:28:49.077  5351  5626 I art     : Explicit concurrent mark sweep GC freed 952(66KB) AllocSpace objects, 2(120KB) LOS objects, 28% free, 40MB/56MB, paused 1.120ms total 32.366ms
08-06 05:28:49.089  5351  5626 I art     : Starting a blocking GC Explicit
08-06 05:28:49.123  5351  5626 I art     : Explicit concurrent mark sweep GC freed 2245(128KB) AllocSpace objects, 1(80KB) LOS objects, 28% free, 39MB/55MB, paused 743us total 33.366ms
08-06 05:28:49.128  5351  6563 I NAPPA_EXPERIMENTATION: MetricNetworkRequestExecutionTime: REQUEST_DURATION_SYSTEM='852',REQUEST_DURATION_OKHTTP='34',REQUEST_SYNCHRONOUS='FALSE',RESPONSE_CODE='200',RESPONSE_METHOD='GET',RESPONSE_LENGTH_OKHTTP='36',RESPONSE_LENGTH_HEADER='36',REQUEST_PROTOCOL='http/1.1',REQUEST_URL='https://project-travel-mate.herokuapp.com/api/number-of-unread-notifications',
08-06 05:28:49.136  5351  5626 I art     : Starting a blocking GC Explicit
08-06 05:28:49.170  5351  5626 I art     : Explicit concurrent mark sweep GC freed 653(69KB) AllocSpace objects, 0(0B) LOS objects, 28% free, 39MB/55MB, paused 731us total 33.890ms
08-06 05:28:49.183  5351  5626 I art     : Starting a blocking GC Explicit
08-06 05:28:49.216  5351  5626 I art     : Explicit concurrent mark sweep GC freed 98(2336B) AllocSpace objects, 0(0B) LOS objects, 28% free, 39MB/55MB, paused 708us total 33.605ms
08-06 05:28:49.554  5351  5369 I art     : Starting a blocking GC Explicit
08-06 05:28:49.588  5351  5369 I art     : Explicit concurrent mark sweep GC freed 2039(95KB) AllocSpace objects, 2(40KB) LOS objects, 28% free, 39MB/55MB, paused 802us total 34.050ms
08-06 05:28:49.602  5351  5369 I art     : Starting a blocking GC Explicit
08-06 05:28:49.634  5351  5369 I art     : Explicit concurrent mark sweep GC freed 94(1984B) AllocSpace objects, 0(0B) LOS objects, 28% free, 39MB/55MB, paused 702us total 31.759ms
08-06 05:28:49.646  5351  5369 I art     : Starting a blocking GC Explicit
08-06 05:28:49.679  5351  5369 I art     : Explicit concurrent mark sweep GC freed 75(1296B) AllocSpace objects, 0(0B) LOS objects, 28% free, 39MB/55MB, paused 791us total 32.214ms
08-06 05:28:49.691  5351  5369 I art     : Starting a blocking GC Explicit
08-06 05:28:49.721 32067 32067 I ServiceManager: Waiting for service AtCmdFwd...
08-06 05:28:49.724  5351  5369 I art     : Explicit concurrent mark sweep GC freed 51(896B) AllocSpace objects, 0(0B) LOS objects, 28% free, 39MB/55MB, paused 699us total 32.292ms
08-06 05:28:49.737  5351  5369 I art     : Starting a blocking GC Explicit
08-06 05:28:49.773  5351  5369 I art     : Explicit concurrent mark sweep GC freed 75(1296B) AllocSpace objects, 0(0B) LOS objects, 28% free, 39MB/55MB, paused 723us total 35.816ms
08-06 05:28:49.931  6590  6590 D AndroidRuntime: >>>>>> START com.android.internal.os.RuntimeInit uid 2000 <<<<<<
08-06 05:28:49.936  6590  6590 D AndroidRuntime: CheckJNI is OFF
08-06 05:28:49.966  6590  6590 D ICU     : No timezone override file found: /data/misc/zoneinfo/current/icu/icu_tzdata.dat
08-06 05:28:49.998  6590  6590 I Radio-JNI: register_android_hardware_Radio DONE
08-06 05:28:50.019  6590  6590 D AndroidRuntime: Calling main entry com.android.commands.input.Input
08-06 05:28:50.021  6590  6590 I Input   : injectMotionEvent: MotionEvent { action=ACTION_DOWN, actionButton=0, id[0]=0, x[0]=117.0, y[0]=170.0, toolType[0]=TOOL_TYPE_UNKNOWN, buttonState=0, metaState=0, flags=0x0, edgeFlags=0x0, pointerCount=1, historySize=0, eventTime=854946434, downTime=854946434, deviceId=0, source=0x1002 }
08-06 05:28:50.026  6590  6590 I Input   : injectMotionEvent: MotionEvent { action=ACTION_UP, actionButton=0, id[0]=0, x[0]=117.0, y[0]=170.0, toolType[0]=TOOL_TYPE_UNKNOWN, buttonState=0, metaState=0, flags=0x0, edgeFlags=0x0, pointerCount=1, historySize=0, eventTime=854946434, downTime=854946434, deviceId=0, source=0x1002 }
08-06 05:28:50.027  6590  6590 D AndroidRuntime: Shutting down VM
08-06 05:28:50.046   512  2967 D audio_hw_primary: out_set_parameters: enter: usecase(1: low-latency-playback) kvpairs: routing=2
08-06 05:28:50.059   512  2967 D audio_hw_primary: select_devices: out_snd_device(2: speaker) in_snd_device(0: none)
08-06 05:28:50.059   512  2967 D msm8974_platform: platform_send_audio_calibration: sending audio calibration for snd_device(2) acdb_id(15)
08-06 05:28:50.059   512  2967 I soundtrigger: audio_extn_sound_trigger_update_device_status: device 0x2 of type 0 for Event 1
08-06 05:28:50.069   512  2967 D audio_hw_primary: enable_snd_device: snd_device(2: speaker)
08-06 05:28:50.071   512  2967 D audio_hw_primary: enable_audio_route: apply and update mixer path: low-latency-playback speaker
08-06 05:28:50.108  5351  5626 I art     : Starting a blocking GC Explicit
08-06 05:28:50.140  5351  5626 I art     : Explicit concurrent mark sweep GC freed 2046(96KB) AllocSpace objects, 2(40KB) LOS objects, 28% free, 40MB/56MB, paused 848us total 31.863ms
08-06 05:28:50.154  5351  5626 I art     : Starting a blocking GC Explicit
08-06 05:28:50.185  5351  5626 I art     : Explicit concurrent mark sweep GC freed 490(22KB) AllocSpace objects, 0(0B) LOS objects, 28% free, 40MB/56MB, paused 764us total 30.413ms
08-06 05:28:50.197  5351  5626 I art     : Starting a blocking GC Explicit
08-06 05:28:50.228  5351  5626 I art     : Explicit concurrent mark sweep GC freed 86(1856B) AllocSpace objects, 0(0B) LOS objects, 28% free, 40MB/56MB, paused 1.031ms total 30.604ms
08-06 05:28:50.240  5351  5626 I art     : Starting a blocking GC Explicit
08-06 05:28:50.270  5351  5626 I art     : Explicit concurrent mark sweep GC freed 51(896B) AllocSpace objects, 0(0B) LOS objects, 28% free, 40MB/56MB, paused 671us total 30.155ms
08-06 05:28:50.283  5351  5626 I art     : Starting a blocking GC Explicit
08-06 05:28:50.312  5351  5626 I art     : Explicit concurrent mark sweep GC freed 77(1360B) AllocSpace objects, 0(0B) LOS objects, 28% free, 40MB/56MB, paused 809us total 29.510ms
08-06 05:28:50.612  5351  5364 I art     : Starting a blocking GC Explicit
08-06 05:28:50.618   512  2967 D audio_hw_primary: disable_audio_route: reset and update mixer path: low-latency-playback speaker
08-06 05:28:50.619   512  2967 D audio_hw_primary: disable_snd_device: snd_device(2: speaker)
08-06 05:28:50.627   512  2967 I soundtrigger: audio_extn_sound_trigger_update_device_status: device 0x2 of type 0 for Event 0
08-06 05:28:50.645  5351  5364 I art     : Explicit concurrent mark sweep GC freed 1911(91KB) AllocSpace objects, 2(40KB) LOS objects, 28% free, 40MB/56MB, paused 745us total 32.549ms
08-06 05:28:50.658  5351  5364 I art     : Starting a blocking GC Explicit
08-06 05:28:50.661  6614  6614 D AndroidRuntime: >>>>>> START com.android.internal.os.RuntimeInit uid 2000 <<<<<<
08-06 05:28:50.666  6614  6614 D AndroidRuntime: CheckJNI is OFF
08-06 05:28:50.689  5351  5364 I art     : Explicit concurrent mark sweep GC freed 77(1824B) AllocSpace objects, 0(0B) LOS objects, 28% free, 40MB/56MB, paused 712us total 31.203ms
08-06 05:28:50.700  6614  6614 D ICU     : No timezone override file found: /data/misc/zoneinfo/current/icu/icu_tzdata.dat
08-06 05:28:50.701  5351  5364 I art     : Starting a blocking GC Explicit
08-06 05:28:50.721 32067 32067 I ServiceManager: Waiting for service AtCmdFwd...
08-06 05:28:50.730  5351  5364 I art     : Explicit concurrent mark sweep GC freed 77(1344B) AllocSpace objects, 0(0B) LOS objects, 28% free, 40MB/56MB, paused 730us total 29.059ms
08-06 05:28:50.732  6614  6614 I Radio-JNI: register_android_hardware_Radio DONE
08-06 05:28:50.743  5351  5364 I art     : Starting a blocking GC Explicit
08-06 05:28:50.754  6614  6614 D AndroidRuntime: Calling main entry com.android.commands.input.Input
08-06 05:28:50.756  6614  6614 I Input   : injectMotionEvent: MotionEvent { action=ACTION_DOWN, actionButton=0, id[0]=0, x[0]=355.0, y[0]=1674.0, toolType[0]=TOOL_TYPE_UNKNOWN, buttonState=0, metaState=0, flags=0x0, edgeFlags=0x0, pointerCount=1, historySize=0, eventTime=854947168, downTime=854947168, deviceId=0, source=0x1002 }
08-06 05:28:50.761  6614  6614 I Input   : injectMotionEvent: MotionEvent { action=ACTION_UP, actionButton=0, id[0]=0, x[0]=355.0, y[0]=1674.0, toolType[0]=TOOL_TYPE_UNKNOWN, buttonState=0, metaState=0, flags=0x0, edgeFlags=0x0, pointerCount=1, historySize=0, eventTime=854947168, downTime=854947168, deviceId=0, source=0x1002 }
08-06 05:28:50.762  6614  6614 D AndroidRuntime: Shutting down VM
08-06 05:28:50.772  5351  5364 I art     : Explicit concurrent mark sweep GC freed 56(1024B) AllocSpace objects, 0(0B) LOS objects, 28% free, 40MB/56MB, paused 703us total 29.672ms
08-06 05:28:50.780   512  2967 D audio_hw_primary: out_set_parameters: enter: usecase(1: low-latency-playback) kvpairs: routing=2
08-06 05:28:50.785  5351  5364 I art     : Starting a blocking GC Explicit
08-06 05:28:50.793   512  2967 D audio_hw_primary: select_devices: out_snd_device(2: speaker) in_snd_device(0: none)
08-06 05:28:50.793   512  2967 D msm8974_platform: platform_send_audio_calibration: sending audio calibration for snd_device(2) acdb_id(15)
08-06 05:28:50.793   512  2967 I soundtrigger: audio_extn_sound_trigger_update_device_status: device 0x2 of type 0 for Event 1
08-06 05:28:50.803   512  2967 D audio_hw_primary: enable_snd_device: snd_device(2: speaker)
08-06 05:28:50.805   512  2967 D audio_hw_primary: enable_audio_route: apply and update mixer path: low-latency-playback speaker
08-06 05:28:50.816  5351  5364 I art     : Explicit concurrent mark sweep GC freed 468(24KB) AllocSpace objects, 0(0B) LOS objects, 23% free, 51MB/67MB, paused 716us total 30.468ms
08-06 05:28:50.851   512  2967 D AudioFlinger: mixer(0xf4740000) throttle end: throttle time(12)
08-06 05:28:51.058   518   646 I ThermalEngine: ACTION: GPU - Setting GPU[0] to 450000000
08-06 05:28:51.137  5351  5626 I art     : Waiting for a blocking GC Explicit
08-06 05:28:51.166  5351  5626 I art     : WaitForGcToComplete blocked for 28.472ms for cause Explicit
08-06 05:28:51.166  5351  5626 I art     : Starting a blocking GC Explicit
08-06 05:28:51.206  5351  5626 I art     : Explicit concurrent mark sweep GC freed 5(192B) AllocSpace objects, 0(0B) LOS objects, 12% free, 115MB/131MB, paused 982us total 39.574ms
08-06 05:28:51.222  5351  5626 I art     : Starting a blocking GC Explicit
08-06 05:28:51.261  5351  5626 I art     : Explicit concurrent mark sweep GC freed 3(96B) AllocSpace objects, 0(0B) LOS objects, 12% free, 115MB/131MB, paused 1.022ms total 38.314ms
08-06 05:28:51.277  5351  5626 I art     : Starting a blocking GC Explicit
08-06 05:28:51.316  5351  5626 I art     : Explicit concurrent mark sweep GC freed 3(96B) AllocSpace objects, 0(0B) LOS objects, 12% free, 115MB/131MB, paused 993us total 38.535ms
08-06 05:28:51.332  5351  5626 I art     : Starting a blocking GC Explicit
08-06 05:28:51.349   512  2967 D audio_hw_primary: disable_audio_route: reset and update mixer path: low-latency-playback speaker
08-06 05:28:51.350   512  2967 D audio_hw_primary: disable_snd_device: snd_device(2: speaker)
08-06 05:28:51.357   512  2967 I soundtrigger: audio_extn_sound_trigger_update_device_status: device 0x2 of type 0 for Event 0
08-06 05:28:51.371  5351  5626 I art     : Explicit concurrent mark sweep GC freed 3(96B) AllocSpace objects, 0(0B) LOS objects, 12% free, 115MB/131MB, paused 1.008ms total 38.153ms
08-06 05:28:51.387  5351  5626 I art     : Starting a blocking GC Explicit
08-06 05:28:51.427  5351  5626 I art     : Explicit concurrent mark sweep GC freed 4(128B) AllocSpace objects, 0(0B) LOS objects, 10% free, 134MB/150MB, paused 1.001ms total 38.945ms
08-06 05:28:51.582  5351  5351 I Choreographer: Skipped 47 frames!  The application may be doing too much work on its main thread.
08-06 05:28:51.582  5351  5351 V MainActivity: url = https://project-travel-mate.herokuapp.com/api/number-of-unread-notifications
08-06 05:28:51.722 32067 32067 I ServiceManager: Waiting for service AtCmdFwd...
08-06 05:28:51.789  5351  5626 I art     : Starting a blocking GC Explicit
08-06 05:28:51.833  5351  5626 I art     : Explicit concurrent mark sweep GC freed 3204(151KB) AllocSpace objects, 11(288KB) LOS objects, 10% free, 134MB/150MB, paused 993us total 43.598ms
08-06 05:28:51.852  5351  5626 I art     : Starting a blocking GC Explicit
08-06 05:28:51.895  5351  5626 I art     : Explicit concurrent mark sweep GC freed 941(54KB) AllocSpace objects, 0(0B) LOS objects, 10% free, 134MB/150MB, paused 1.075ms total 42.396ms
08-06 05:28:51.915  5351  5626 I art     : Starting a blocking GC Explicit
08-06 05:28:51.958  5351  5626 I art     : Explicit concurrent mark sweep GC freed 3(96B) AllocSpace objects, 0(0B) LOS objects, 10% free, 134MB/150MB, paused 1.101ms total 42.867ms
08-06 05:28:51.975  5351  5626 I art     : Starting a blocking GC Explicit
08-06 05:28:52.017  5351  5626 I art     : Explicit concurrent mark sweep GC freed 3(96B) AllocSpace objects, 0(0B) LOS objects, 10% free, 134MB/150MB, paused 942us total 41.449ms
08-06 05:28:52.033  5351  5626 I art     : Starting a blocking GC Explicit
08-06 05:28:52.075  5351  5626 I art     : Explicit concurrent mark sweep GC freed 3(96B) AllocSpace objects, 0(0B) LOS objects, 10% free, 134MB/150MB, paused 995us total 41.683ms
08-06 05:28:52.206  5351  6650 I NAPPA_EXPERIMENTATION: MetricNetworkRequestExecutionTime: REQUEST_DURATION_SYSTEM='623',REQUEST_DURATION_OKHTTP='33',REQUEST_SYNCHRONOUS='FALSE',RESPONSE_CODE='200',RESPONSE_METHOD='GET',RESPONSE_LENGTH_OKHTTP='36',RESPONSE_LENGTH_HEADER='36',REQUEST_PROTOCOL='http/1.1',REQUEST_URL='https://project-travel-mate.herokuapp.com/api/number-of-unread-notifications',
08-06 05:28:52.455  5351  5363 I art     : Starting a blocking GC Explicit
08-06 05:28:52.515  5351  5363 I art     : Explicit concurrent mark sweep GC freed 4228(230KB) AllocSpace objects, 5(236KB) LOS objects, 10% free, 134MB/150MB, paused 1.132ms total 59.758ms
08-06 05:28:52.533  5351  5363 I art     : Starting a blocking GC Explicit
08-06 05:28:52.578  5351  5363 I art     : Explicit concurrent mark sweep GC freed 956(116KB) AllocSpace objects, 0(0B) LOS objects, 10% free, 134MB/150MB, paused 1.066ms total 45.056ms
08-06 05:28:52.595  5351  5363 I art     : Starting a blocking GC Explicit
08-06 05:28:52.641  5351  5363 I art     : Explicit concurrent mark sweep GC freed 3(96B) AllocSpace objects, 0(0B) LOS objects, 10% free, 134MB/150MB, paused 1ms total 45.911ms
08-06 05:28:52.662  5351  5363 I art     : Starting a blocking GC Explicit
08-06 05:28:52.708  5351  5363 I art     : Explicit concurrent mark sweep GC freed 3(96B) AllocSpace objects, 0(0B) LOS objects, 10% free, 134MB/150MB, paused 1.064ms total 45.533ms
08-06 05:28:52.722 32067 32067 I ServiceManager: Waiting for service AtCmdFwd...
08-06 05:28:52.728  5351  5363 I art     : Starting a blocking GC Explicit
08-06 05:28:52.773  5351  5363 I art     : Explicit concurrent mark sweep GC freed 3(96B) AllocSpace objects, 0(0B) LOS objects, 10% free, 134MB/150MB, paused 922us total 44.683ms
08-06 05:28:53.188  5351  5369 I art     : Starting a blocking GC Explicit
08-06 05:28:53.236  5351  5369 I art     : Explicit concurrent mark sweep GC freed 1442(83KB) AllocSpace objects, 2(36KB) LOS objects, 10% free, 134MB/150MB, paused 1.081ms total 46.535ms
08-06 05:28:53.254  5351  5369 I art     : Starting a blocking GC Explicit
08-06 05:28:53.293  5351  5369 I art     : Explicit concurrent mark sweep GC freed 40(1584B) AllocSpace objects, 0(0B) LOS objects, 10% free, 134MB/150MB, paused 997us total 38.566ms
08-06 05:28:53.310  5351  5369 I art     : Starting a blocking GC Explicit
08-06 05:28:53.350  5351  5369 I art     : Explicit concurrent mark sweep GC freed 11(352B) AllocSpace objects, 0(0B) LOS objects, 10% free, 134MB/150MB, paused 902us total 40.242ms
08-06 05:28:53.369  5351  5369 I art     : Starting a blocking GC Explicit
08-06 05:28:53.415  5351  5369 I art     : Explicit concurrent mark sweep GC freed 11(352B) AllocSpace objects, 0(0B) LOS objects, 10% free, 134MB/150MB, paused 968us total 46.321ms
08-06 05:28:53.433  5351  5369 I art     : Starting a blocking GC Explicit
08-06 05:28:53.479  5351  5369 I art     : Explicit concurrent mark sweep GC freed 6(192B) AllocSpace objects, 0(0B) LOS objects, 10% free, 134MB/150MB, paused 1.214ms total 45.190ms
08-06 05:28:53.557  6686  6686 D AndroidRuntime: >>>>>> START com.android.internal.os.RuntimeInit uid 2000 <<<<<<
08-06 05:28:53.564  6686  6686 D AndroidRuntime: CheckJNI is OFF
08-06 05:28:53.609  6686  6686 D ICU     : No timezone override file found: /data/misc/zoneinfo/current/icu/icu_tzdata.dat
08-06 05:28:53.654  6686  6686 I Radio-JNI: register_android_hardware_Radio DONE
08-06 05:28:53.683  6686  6686 D AndroidRuntime: Calling main entry com.android.commands.input.Input
08-06 05:28:53.686  6686  6686 I Input   : injectMotionEvent: MotionEvent { action=ACTION_DOWN, actionButton=0, id[0]=0, x[0]=747.0, y[0]=608.0, toolType[0]=TOOL_TYPE_UNKNOWN, buttonState=0, metaState=0, flags=0x0, edgeFlags=0x0, pointerCount=1, historySize=0, eventTime=854950098, downTime=854950098, deviceId=0, source=0x1002 }
08-06 05:28:53.691  6686  6686 I Input   : injectMotionEvent: MotionEvent { action=ACTION_UP, actionButton=0, id[0]=0, x[0]=747.0, y[0]=608.0, toolType[0]=TOOL_TYPE_UNKNOWN, buttonState=0, metaState=0, flags=0x0, edgeFlags=0x0, pointerCount=1, historySize=0, eventTime=854950098, downTime=854950098, deviceId=0, source=0x1002 }
08-06 05:28:53.695   918   929 I ActivityManager: START u0 {cmp=baseline.io.github.project_travel_mate/.utilities.ChecklistActivity} from uid 10696 on display 0
08-06 05:28:53.695  6686  6686 D AndroidRuntime: Shutting down VM
08-06 05:28:53.696   512  2967 D audio_hw_primary: out_set_parameters: enter: usecase(1: low-latency-playback) kvpairs: routing=2
08-06 05:28:53.709   512  2967 D audio_hw_primary: select_devices: out_snd_device(2: speaker) in_snd_device(0: none)
08-06 05:28:53.709   512  2967 D msm8974_platform: platform_send_audio_calibration: sending audio calibration for snd_device(2) acdb_id(15)
08-06 05:28:53.710   512  2967 I soundtrigger: audio_extn_sound_trigger_update_device_status: device 0x2 of type 0 for Event 1
08-06 05:28:53.720   512  2967 D audio_hw_primary: enable_snd_device: snd_device(2: speaker)
08-06 05:28:53.723 32067 32067 W Atfwd_Sendcmd: AtCmdFwd service not published, waiting... retryCnt : 5
08-06 05:28:53.723   512  2967 D audio_hw_primary: enable_audio_route: apply and update mixer path: low-latency-playback speaker
08-06 05:28:53.838 13866 13866 I GoogleInputMethodServic: GoogleInputMethodService.onFinishInput():3138 
08-06 05:28:53.839   918   936 I ActivityManager: Displayed baseline.io.github.project_travel_mate/.utilities.ChecklistActivity: +131ms
08-06 05:28:53.840 13866 13866 I GoogleInputMethodServic: GoogleInputMethodService.onStartInput():1808 
08-06 05:28:53.887  5351  5364 I art     : Starting a blocking GC Explicit
08-06 05:28:53.931  5351  5364 I art     : Explicit concurrent mark sweep GC freed 3168(287KB) AllocSpace objects, 2(36KB) LOS objects, 10% free, 135MB/151MB, paused 1.047ms total 43.330ms
08-06 05:28:53.947  5351  5364 I art     : Starting a blocking GC Explicit
08-06 05:28:53.991  5351  5364 I art     : Explicit concurrent mark sweep GC freed 416(17KB) AllocSpace objects, 0(0B) LOS objects, 10% free, 135MB/151MB, paused 1.146ms total 43.273ms
08-06 05:28:54.010  5351  5364 I art     : Starting a blocking GC Explicit
08-06 05:28:54.059  5351  5364 I art     : Explicit concurrent mark sweep GC freed 3(96B) AllocSpace objects, 0(0B) LOS objects, 10% free, 135MB/151MB, paused 1.120ms total 47.819ms
08-06 05:28:54.079  5351  5364 I art     : Starting a blocking GC Explicit
08-06 05:28:54.079   380   380 W SurfaceFlinger: couldn't log to binary event log: overflow.
08-06 05:28:54.120  5351  5364 I art     : Explicit concurrent mark sweep GC freed 3(96B) AllocSpace objects, 0(0B) LOS objects, 10% free, 135MB/151MB, paused 941us total 40.910ms
08-06 05:28:54.136  5351  5364 I art     : Starting a blocking GC Explicit
08-06 05:28:54.173  5351  5364 I art     : Explicit concurrent mark sweep GC freed 3(96B) AllocSpace objects, 0(0B) LOS objects, 10% free, 135MB/151MB, paused 957us total 36.962ms
08-06 05:28:54.259   512  2967 D audio_hw_primary: disable_audio_route: reset and update mixer path: low-latency-playback speaker
08-06 05:28:54.260   512  2967 D audio_hw_primary: disable_snd_device: snd_device(2: speaker)
08-06 05:28:54.268   512  2967 I soundtrigger: audio_extn_sound_trigger_update_device_status: device 0x2 of type 0 for Event 0
08-06 05:28:54.558  5351  5363 I art     : Starting a blocking GC Explicit
08-06 05:28:54.616  5351  5363 I art     : Explicit concurrent mark sweep GC freed 1647(94KB) AllocSpace objects, 2(36KB) LOS objects, 10% free, 135MB/151MB, paused 1.183ms total 57.279ms
08-06 05:28:54.636  5351  5363 I art     : Starting a blocking GC Explicit
08-06 05:28:54.682  5351  5363 I art     : Explicit concurrent mark sweep GC freed 53(2112B) AllocSpace objects, 0(0B) LOS objects, 10% free, 135MB/151MB, paused 1.172ms total 44.941ms
08-06 05:28:54.702  5351  5363 I art     : Starting a blocking GC Explicit
08-06 05:28:54.747  5351  5363 I art     : Explicit concurrent mark sweep GC freed 34(944B) AllocSpace objects, 0(0B) LOS objects, 10% free, 135MB/151MB, paused 1.104ms total 44.443ms
08-06 05:28:54.764  5351  5363 I art     : Starting a blocking GC Explicit
08-06 05:28:54.810  5351  5363 I art     : Explicit concurrent mark sweep GC freed 7(448B) AllocSpace objects, 0(0B) LOS objects, 10% free, 135MB/151MB, paused 1.200ms total 44.913ms
08-06 05:28:54.830  5351  5363 I art     : Starting a blocking GC Explicit
08-06 05:28:54.878  5351  5363 I art     : Explicit concurrent mark sweep GC freed 3(96B) AllocSpace objects, 0(0B) LOS objects, 10% free, 135MB/151MB, paused 1.432ms total 47.655ms
08-06 05:28:55.294  5351  5369 I art     : Starting a blocking GC Explicit
08-06 05:28:55.359  5351  5369 I art     : Explicit concurrent mark sweep GC freed 1582(91KB) AllocSpace objects, 2(36KB) LOS objects, 10% free, 135MB/151MB, paused 1.293ms total 64.541ms
08-06 05:28:55.380  5351  5369 I art     : Starting a blocking GC Explicit
08-06 05:28:55.429  5351  5369 I art     : Explicit concurrent mark sweep GC freed 28(1024B) AllocSpace objects, 0(0B) LOS objects, 10% free, 135MB/151MB, paused 1.106ms total 48.900ms
08-06 05:28:55.449  5351  5369 I art     : Starting a blocking GC Explicit
08-06 05:28:55.499  5351  5369 I art     : Explicit concurrent mark sweep GC freed 3(96B) AllocSpace objects, 0(0B) LOS objects, 10% free, 135MB/151MB, paused 1.151ms total 49.330ms
08-06 05:28:55.520  5351  5369 I art     : Starting a blocking GC Explicit
08-06 05:28:55.570  5351  5369 I art     : Explicit concurrent mark sweep GC freed 3(96B) AllocSpace objects, 0(0B) LOS objects, 10% free, 135MB/151MB, paused 1.135ms total 49.719ms
08-06 05:28:55.588  5351  5369 I art     : Starting a blocking GC Explicit
08-06 05:28:55.638  5351  5369 I art     : Explicit concurrent mark sweep GC freed 3(96B) AllocSpace objects, 0(0B) LOS objects, 10% free, 135MB/151MB, paused 1.284ms total 49.079ms
08-06 05:28:55.971   918  3261 D WifiStateMachine: starting scan for "H369AA63323"WPA_PSK with 2412,5180
08-06 05:28:56.075  5351  5626 I art     : Starting a blocking GC Explicit
08-06 05:28:56.130  5351  5626 I art     : Explicit concurrent mark sweep GC freed 1626(93KB) AllocSpace objects, 2(36KB) LOS objects, 10% free, 135MB/151MB, paused 1.259ms total 54.337ms
08-06 05:28:56.151  5351  5626 I art     : Starting a blocking GC Explicit
08-06 05:28:56.199  5351  5626 I art     : Explicit concurrent mark sweep GC freed 38(1568B) AllocSpace objects, 0(0B) LOS objects, 10% free, 135MB/151MB, paused 1.141ms total 47.696ms
08-06 05:28:56.220  5351  5626 I art     : Starting a blocking GC Explicit
08-06 05:28:56.270  5351  5626 I art     : Explicit concurrent mark sweep GC freed 3(96B) AllocSpace objects, 0(0B) LOS objects, 10% free, 135MB/151MB, paused 1.122ms total 50.038ms
08-06 05:28:56.288  5351  5626 I art     : Starting a blocking GC Explicit
08-06 05:28:56.335  5351  5626 I art     : Explicit concurrent mark sweep GC freed 3(96B) AllocSpace objects, 0(0B) LOS objects, 10% free, 135MB/151MB, paused 1.126ms total 46.971ms
08-06 05:28:56.353  5351  5626 I art     : Starting a blocking GC Explicit
08-06 05:28:56.402  5351  5626 I art     : Explicit concurrent mark sweep GC freed 3(96B) AllocSpace objects, 0(0B) LOS objects, 10% free, 135MB/151MB, paused 1.109ms total 48.793ms
08-06 05:28:56.819  5351  5364 I art     : Starting a blocking GC Explicit
08-06 05:28:56.880  5351  5364 I art     : Explicit concurrent mark sweep GC freed 1614(93KB) AllocSpace objects, 2(36KB) LOS objects, 10% free, 135MB/151MB, paused 1.232ms total 60.606ms
08-06 05:28:56.900  5351  5364 I art     : Starting a blocking GC Explicit
08-06 05:28:56.949  5351  5364 I art     : Explicit concurrent mark sweep GC freed 28(1024B) AllocSpace objects, 0(0B) LOS objects, 10% free, 135MB/151MB, paused 1.167ms total 48.371ms
08-06 05:28:56.967  5351  5364 I art     : Starting a blocking GC Explicit
08-06 05:28:57.016  5351  5364 I art     : Explicit concurrent mark sweep GC freed 3(96B) AllocSpace objects, 0(0B) LOS objects, 10% free, 135MB/151MB, paused 1.038ms total 48.477ms
08-06 05:28:57.036  5351  5364 I art     : Starting a blocking GC Explicit
08-06 05:28:57.085  5351  5364 I art     : Explicit concurrent mark sweep GC freed 3(96B) AllocSpace objects, 0(0B) LOS objects, 10% free, 135MB/151MB, paused 1.133ms total 48.375ms
08-06 05:28:57.103  5351  5364 I art     : Starting a blocking GC Explicit
08-06 05:28:57.151  5351  5364 I art     : Explicit concurrent mark sweep GC freed 3(96B) AllocSpace objects, 0(0B) LOS objects, 10% free, 135MB/151MB, paused 1.216ms total 48.199ms
08-06 05:28:57.577  5351  5363 I art     : Starting a blocking GC Explicit
08-06 05:28:57.642  5351  5363 I art     : Explicit concurrent mark sweep GC freed 1596(92KB) AllocSpace objects, 2(36KB) LOS objects, 10% free, 135MB/151MB, paused 1.216ms total 63.847ms
08-06 05:28:57.662  5351  5363 I art     : Starting a blocking GC Explicit
08-06 05:28:57.710  5351  5363 I art     : Explicit concurrent mark sweep GC freed 38(1568B) AllocSpace objects, 0(0B) LOS objects, 10% free, 135MB/151MB, paused 1.169ms total 48.048ms
08-06 05:28:57.727  5351  5363 I art     : Starting a blocking GC Explicit
08-06 05:28:57.776  5351  5363 I art     : Explicit concurrent mark sweep GC freed 34(928B) AllocSpace objects, 0(0B) LOS objects, 10% free, 135MB/151MB, paused 1.048ms total 48.582ms
08-06 05:28:57.798  5351  5363 I art     : Starting a blocking GC Explicit
08-06 05:28:57.845  5351  5363 I art     : Explicit concurrent mark sweep GC freed 3(96B) AllocSpace objects, 0(0B) LOS objects, 10% free, 135MB/151MB, paused 1.093ms total 47.452ms
08-06 05:28:57.865  5351  5363 I art     : Starting a blocking GC Explicit
08-06 05:28:57.919  5351  5363 I art     : Explicit concurrent mark sweep GC freed 3(96B) AllocSpace objects, 0(0B) LOS objects, 10% free, 135MB/151MB, paused 1.128ms total 53.544ms
08-06 05:28:58.070   518   646 I ThermalEngine: ACTION: GPU - Setting GPU[0] to 510000000
08-06 05:28:58.269  5351  5369 I art     : Starting a blocking GC Explicit
08-06 05:28:58.307  5351  5369 I art     : Explicit concurrent mark sweep GC freed 1583(92KB) AllocSpace objects, 2(36KB) LOS objects, 10% free, 135MB/151MB, paused 852us total 37.589ms
08-06 05:28:58.320  5351  5369 I art     : Starting a blocking GC Explicit
08-06 05:28:58.355  5351  5369 I art     : Explicit concurrent mark sweep GC freed 28(1024B) AllocSpace objects, 0(0B) LOS objects, 10% free, 135MB/151MB, paused 837us total 34.361ms
08-06 05:28:58.368  5351  5369 I art     : Starting a blocking GC Explicit
08-06 05:28:58.402  5351  5369 I art     : Explicit concurrent mark sweep GC freed 3(96B) AllocSpace objects, 0(0B) LOS objects, 10% free, 135MB/151MB, paused 894us total 34.268ms
08-06 05:28:58.411  6772  6772 D AndroidRuntime: >>>>>> START com.android.internal.os.RuntimeInit uid 2000 <<<<<<
08-06 05:28:58.416  5351  5369 I art     : Starting a blocking GC Explicit
08-06 05:28:58.417  6772  6772 D AndroidRuntime: CheckJNI is OFF
08-06 05:28:58.450  5351  5369 I art     : Explicit concurrent mark sweep GC freed 3(96B) AllocSpace objects, 0(0B) LOS objects, 10% free, 135MB/151MB, paused 892us total 33.421ms
08-06 05:28:58.451  6772  6772 D ICU     : No timezone override file found: /data/misc/zoneinfo/current/icu/icu_tzdata.dat
08-06 05:28:58.463  5351  5369 I art     : Starting a blocking GC Explicit
08-06 05:28:58.486  6772  6772 I Radio-JNI: register_android_hardware_Radio DONE
08-06 05:28:58.497  5351  5369 I art     : Explicit concurrent mark sweep GC freed 3(96B) AllocSpace objects, 0(0B) LOS objects, 10% free, 135MB/151MB, paused 839us total 33.539ms
08-06 05:28:58.509  6772  6772 D AndroidRuntime: Calling main entry com.android.commands.input.Input
08-06 05:28:58.510  6772  6772 I Input   : injectKeyEvent: KeyEvent { action=ACTION_DOWN, keyCode=KEYCODE_BACK, scanCode=0, metaState=0, flags=0x0, repeatCount=0, eventTime=854954924, downTime=854954924, deviceId=-1, source=0x101 }
08-06 05:28:58.517  6772  6772 I Input   : injectKeyEvent: KeyEvent { action=ACTION_UP, keyCode=KEYCODE_BACK, scanCode=0, metaState=0, flags=0x0, repeatCount=0, eventTime=854954924, downTime=854954924, deviceId=-1, source=0x101 }
08-06 05:28:58.522  6772  6772 D AndroidRuntime: Shutting down VM
08-06 05:28:58.533  5351  5351 V MainActivity: url = https://project-travel-mate.herokuapp.com/api/number-of-unread-notifications
08-06 05:28:58.563 13866 13866 I GoogleInputMethodServic: GoogleInputMethodService.onFinishInput():3138 
08-06 05:28:58.563 13866 13866 I GoogleInputMethodServic: GoogleInputMethodService.onStartInput():1808 
08-06 05:28:58.815  5351  5369 I art     : Starting a blocking GC Explicit
08-06 05:28:58.858  5351  5369 I art     : Explicit concurrent mark sweep GC freed 2090(114KB) AllocSpace objects, 2(36KB) LOS objects, 10% free, 135MB/151MB, paused 980us total 43.167ms
08-06 05:28:58.867   380   380 W SurfaceFlinger: couldn't log to binary event log: overflow.
08-06 05:28:58.873  5351  5369 I art     : Starting a blocking GC Explicit
08-06 05:28:58.905  5351  5369 I art     : Explicit concurrent mark sweep GC freed 489(21KB) AllocSpace objects, 0(0B) LOS objects, 10% free, 135MB/151MB, paused 836us total 31.727ms
08-06 05:28:58.917  5351  5369 I art     : Starting a blocking GC Explicit
08-06 05:28:58.951  5351  5369 I art     : Explicit concurrent mark sweep GC freed 131(6KB) AllocSpace objects, 0(0B) LOS objects, 10% free, 135MB/151MB, paused 870us total 34.043ms
08-06 05:28:58.964  5351  5369 I art     : Starting a blocking GC Explicit
08-06 05:28:58.999  5351  5369 I art     : Explicit concurrent mark sweep GC freed 3(96B) AllocSpace objects, 0(0B) LOS objects, 10% free, 135MB/151MB, paused 886us total 34.789ms
08-06 05:28:59.012  5351  5369 I art     : Starting a blocking GC Explicit
08-06 05:28:59.048  5351  5369 I art     : Explicit concurrent mark sweep GC freed 3(96B) AllocSpace objects, 0(0B) LOS objects, 10% free, 135MB/151MB, paused 827us total 35.532ms
08-06 05:28:59.366  5351  6795 I NAPPA_EXPERIMENTATION: MetricNetworkRequestExecutionTime: REQUEST_DURATION_SYSTEM='829',REQUEST_DURATION_OKHTTP='36',REQUEST_SYNCHRONOUS='FALSE',RESPONSE_CODE='200',RESPONSE_METHOD='GET',RESPONSE_LENGTH_OKHTTP='36',RESPONSE_LENGTH_HEADER='36',REQUEST_PROTOCOL='http/1.1',REQUEST_URL='https://project-travel-mate.herokuapp.com/api/number-of-unread-notifications',
08-06 05:28:59.412  5351  5363 I art     : Starting a blocking GC Explicit
08-06 05:28:59.460  5351  5363 I art     : Explicit concurrent mark sweep GC freed 4395(240KB) AllocSpace objects, 5(236KB) LOS objects, 10% free, 135MB/151MB, paused 1.032ms total 47.422ms
08-06 05:28:59.478  5351  5363 I art     : Starting a blocking GC Explicit
08-06 05:28:59.521  5351  5363 I art     : Explicit concurrent mark sweep GC freed 972(117KB) AllocSpace objects, 0(0B) LOS objects, 10% free, 135MB/151MB, paused 895us total 41.906ms
08-06 05:28:59.534  5351  5363 I art     : Starting a blocking GC Explicit
08-06 05:28:59.570  5351  5363 I art     : Explicit concurrent mark sweep GC freed 3(96B) AllocSpace objects, 0(0B) LOS objects, 10% free, 135MB/151MB, paused 854us total 35.646ms
08-06 05:28:59.583  5351  5363 I art     : Starting a blocking GC Explicit
08-06 05:28:59.620  5351  5363 I art     : Explicit concurrent mark sweep GC freed 3(96B) AllocSpace objects, 0(0B) LOS objects, 10% free, 135MB/151MB, paused 1.009ms total 37.143ms
08-06 05:28:59.634  5351  5363 I art     : Starting a blocking GC Explicit
08-06 05:28:59.671  5351  5363 I art     : Explicit concurrent mark sweep GC freed 3(96B) AllocSpace objects, 0(0B) LOS objects, 10% free, 135MB/151MB, paused 863us total 36.726ms
08-06 05:29:00.000  5351  5364 I art     : Starting a blocking GC Explicit
08-06 05:29:00.039  5351  5364 I art     : Explicit concurrent mark sweep GC freed 1613(92KB) AllocSpace objects, 2(36KB) LOS objects, 10% free, 135MB/151MB, paused 890us total 39.171ms
08-06 05:29:00.053  5351  5364 I art     : Starting a blocking GC Explicit
08-06 05:29:00.084  5351  5364 I art     : Explicit concurrent mark sweep GC freed 28(1024B) AllocSpace objects, 0(0B) LOS objects, 10% free, 135MB/151MB, paused 825us total 30.707ms
08-06 05:29:00.097  5351  5364 I art     : Starting a blocking GC Explicit
08-06 05:29:00.130  5351  5364 I art     : Explicit concurrent mark sweep GC freed 3(96B) AllocSpace objects, 0(0B) LOS objects, 10% free, 135MB/151MB, paused 856us total 32.905ms
08-06 05:29:00.143  5351  5364 I art     : Starting a blocking GC Explicit
08-06 05:29:00.182  5351  5364 I art     : Explicit concurrent mark sweep GC freed 6(192B) AllocSpace objects, 0(0B) LOS objects, 10% free, 135MB/151MB, paused 1.272ms total 39.376ms
08-06 05:29:00.192  6817  6817 D AndroidRuntime: >>>>>> START com.android.internal.os.RuntimeInit uid 2000 <<<<<<
08-06 05:29:00.198  5351  5364 I art     : Starting a blocking GC Explicit
08-06 05:29:00.199  6817  6817 D AndroidRuntime: CheckJNI is OFF
08-06 05:29:00.236  6817  6817 D ICU     : No timezone override file found: /data/misc/zoneinfo/current/icu/icu_tzdata.dat
08-06 05:29:00.236  5351  5364 I art     : Explicit concurrent mark sweep GC freed 21(944B) AllocSpace objects, 0(0B) LOS objects, 10% free, 135MB/151MB, paused 1.043ms total 38.422ms
08-06 05:29:00.269  6817  6817 I Radio-JNI: register_android_hardware_Radio DONE
08-06 05:29:00.289  6817  6817 D AndroidRuntime: Calling main entry com.android.commands.input.Input
08-06 05:29:00.291  6817  6817 I Input   : injectMotionEvent: MotionEvent { action=ACTION_DOWN, actionButton=0, id[0]=0, x[0]=657.0, y[0]=2037.0, toolType[0]=TOOL_TYPE_UNKNOWN, buttonState=0, metaState=0, flags=0x0, edgeFlags=0x0, pointerCount=1, historySize=0, eventTime=854956704, downTime=854956704, deviceId=0, source=0x1002 }
08-06 05:29:00.297  6817  6817 I Input   : injectMotionEvent: MotionEvent { action=ACTION_UP, actionButton=0, id[0]=0, x[0]=657.0, y[0]=2037.0, toolType[0]=TOOL_TYPE_UNKNOWN, buttonState=0, metaState=0, flags=0x0, edgeFlags=0x0, pointerCount=1, historySize=0, eventTime=854956704, downTime=854956704, deviceId=0, source=0x1002 }
08-06 05:29:00.299  6817  6817 D AndroidRuntime: Shutting down VM
08-06 05:29:00.306   918   929 I ActivityManager: START u0 {cmp=baseline.io.github.project_travel_mate/.utilities.CompassActivity} from uid 10696 on display 0
08-06 05:29:00.306   512  2967 D audio_hw_primary: out_set_parameters: enter: usecase(1: low-latency-playback) kvpairs: routing=2
08-06 05:29:00.319   512  2967 D audio_hw_primary: select_devices: out_snd_device(2: speaker) in_snd_device(0: none)
08-06 05:29:00.319   512  2967 D msm8974_platform: platform_send_audio_calibration: sending audio calibration for snd_device(2) acdb_id(15)
08-06 05:29:00.320   512  2967 I soundtrigger: audio_extn_sound_trigger_update_device_status: device 0x2 of type 0 for Event 1
08-06 05:29:00.331   512  2967 D audio_hw_primary: enable_snd_device: snd_device(2: speaker)
08-06 05:29:00.333   512  2967 D audio_hw_primary: enable_audio_route: apply and update mixer path: low-latency-playback speaker
08-06 05:29:00.541  5351  5369 I art     : Starting a blocking GC Explicit
08-06 05:29:00.576  5351  5369 I art     : Explicit concurrent mark sweep GC freed 83(4KB) AllocSpace objects, 0(0B) LOS objects, 7% free, 184MB/200MB, paused 964us total 34.684ms
08-06 05:29:00.588  5351  5369 I art     : Starting a blocking GC Explicit
08-06 05:29:00.622  5351  5369 I art     : Explicit concurrent mark sweep GC freed 3(96B) AllocSpace objects, 0(0B) LOS objects, 7% free, 184MB/200MB, paused 971us total 33.602ms
08-06 05:29:00.635  5351  5369 I art     : Starting a blocking GC Explicit
08-06 05:29:00.668  5351  5369 I art     : Explicit concurrent mark sweep GC freed 3(96B) AllocSpace objects, 0(0B) LOS objects, 7% free, 184MB/200MB, paused 951us total 32.725ms
08-06 05:29:00.681  5351  5369 I art     : Starting a blocking GC Explicit
08-06 05:29:00.715  5351  5369 I art     : Explicit concurrent mark sweep GC freed 6(192B) AllocSpace objects, 0(0B) LOS objects, 7% free, 187MB/203MB, paused 968us total 34.361ms
08-06 05:29:00.728  5351  5369 I art     : Starting a blocking GC Explicit
08-06 05:29:00.732  5351  5351 D CompassActivity: start compass
08-06 05:29:00.734   918  6112 I sensors : batch
08-06 05:29:00.734   918  6112 I sensors : activate
08-06 05:29:00.734   918  4413 I sensors : batch
08-06 05:29:00.734   918  4413 I sensors : activate
08-06 05:29:00.740   918  3188 I hubconnection: sensorhub said: 'batch 1 flags:0, sampling_rate_Hz:50.00, max_report_latency_us:0'
08-06 05:29:00.742   918  3188 I hubconnection: sensorhub said: 'activate 1 enable:1'
08-06 05:29:00.743   918  3188 I hubconnection: sensorhub said: 'batch 3 flags:0, sampling_rate_Hz:50.00, max_report_latency_us:0'
08-06 05:29:00.744   918  3188 I hubconnection: sensorhub said: 'activate 3 enable:1'
08-06 05:29:00.763  5351  5369 I art     : Explicit concurrent mark sweep GC freed 187(9KB) AllocSpace objects, 0(0B) LOS objects, 7% free, 187MB/203MB, paused 835us total 34.097ms
08-06 05:29:00.874   918   936 I ActivityManager: Displayed baseline.io.github.project_travel_mate/.utilities.CompassActivity: +555ms
08-06 05:29:00.875 13866 13866 I GoogleInputMethodServic: GoogleInputMethodService.onFinishInput():3138 
08-06 05:29:00.876 13866 13866 I GoogleInputMethodServic: GoogleInputMethodService.onStartInput():1808 
08-06 05:29:00.878   512  2967 D audio_hw_primary: disable_audio_route: reset and update mixer path: low-latency-playback speaker
08-06 05:29:00.879   512  2967 D audio_hw_primary: disable_snd_device: snd_device(2: speaker)
08-06 05:29:00.888   512  2967 I soundtrigger: audio_extn_sound_trigger_update_device_status: device 0x2 of type 0 for Event 0
08-06 05:29:00.941  5351  5351 D CompassActivity: will set rotation from 0.0 to 179.40118
08-06 05:29:00.942  5351  5351 D CompassActivity: will set rotation from 179.40118 to 179.30707
08-06 05:29:00.942  5351  5351 D CompassActivity: will set rotation from 179.30707 to 179.32239
08-06 05:29:00.943  5351  5351 D CompassActivity: will set rotation from 179.32239 to 179.40515
08-06 05:29:00.943  5351  5351 D CompassActivity: will set rotation from 179.40515 to 179.4093
08-06 05:29:00.960  5351  5351 D CompassActivity: will set rotation from 179.4093 to 179.35632
08-06 05:29:00.961  5351  5351 D CompassActivity: will set rotation from 179.35632 to 179.35236
08-06 05:29:00.977  5351  5351 D CompassActivity: will set rotation from 179.35236 to 179.59692
08-06 05:29:00.977  5351  5351 D CompassActivity: will set rotation from 179.59692 to 179.59106
08-06 05:29:00.997  5351  5351 D CompassActivity: will set rotation from 179.59106 to 179.7608
08-06 05:29:00.997  5351  5351 D CompassActivity: will set rotation from 179.7608 to 179.75848
08-06 05:29:01.017  5351  5351 D CompassActivity: will set rotation from 179.75848 to 179.68256
08-06 05:29:01.017  5351  5351 D CompassActivity: will set rotation from 179.68256 to 179.68219
08-06 05:29:01.038  5351  5351 D CompassActivity: will set rotation from 179.68219 to 179.74371
08-06 05:29:01.039  5351  5351 D CompassActivity: will set rotation from 179.74371 to 179.74243
08-06 05:29:01.057  5351  5351 D CompassActivity: will set rotation from 179.74243 to 179.67554
08-06 05:29:01.058  5351  5351 D CompassActivity: will set rotation from 179.67554 to 179.67096
08-06 05:29:01.076  5351  5351 D CompassActivity: will set rotation from 179.67096 to 179.7279
08-06 05:29:01.077  5351  5351 D CompassActivity: will set rotation from 179.7279 to 179.7284
08-06 05:29:01.099  5351  5351 D CompassActivity: will set rotation from 179.7284 to 179.7649
08-06 05:29:01.100  5351  5351 D CompassActivity: will set rotation from 179.7649 to 179.76917
08-06 05:29:01.112  5351  5369 I art     : Starting a blocking GC Explicit
08-06 05:29:01.117  5351  5351 D CompassActivity: will set rotation from 179.76917 to 179.67065
08-06 05:29:01.117  5351  5351 D CompassActivity: will set rotation from 179.67065 to 179.66528
08-06 05:29:01.120   380   380 W SurfaceFlinger: couldn't log to binary event log: overflow.
08-06 05:29:01.137  5351  5351 D CompassActivity: will set rotation from 179.66528 to 179.63116
08-06 05:29:01.138  5351  5351 D CompassActivity: will set rotation from 179.63116 to 179.63239
08-06 05:29:01.156  5351  5369 I art     : Explicit concurrent mark sweep GC freed 1856(109KB) AllocSpace objects, 2(36KB) LOS objects, 7% free, 187MB/203MB, paused 772us total 42.809ms
08-06 05:29:01.156  5351  5351 D CompassActivity: will set rotation from 179.63239 to 179.68005
08-06 05:29:01.157  5351  5351 D CompassActivity: will set rotation from 179.68005 to 179.6825
08-06 05:29:01.168  5351  5369 I art     : Starting a blocking GC Explicit
08-06 05:29:01.176  5351  5351 D CompassActivity: will set rotation from 179.6825 to 179.76215
08-06 05:29:01.176  5351  5351 D CompassActivity: will set rotation from 179.76215 to 179.76447
08-06 05:29:01.197  5351  5351 D CompassActivity: will set rotation from 179.76447 to 179.75952
08-06 05:29:01.197  5351  5351 D CompassActivity: will set rotation from 179.75952 to 179.76172
08-06 05:29:01.199  5351  5369 I art     : Explicit concurrent mark sweep GC freed 389(16KB) AllocSpace objects, 0(0B) LOS objects, 7% free, 187MB/203MB, paused 843us total 30.828ms
08-06 05:29:01.211  5351  5369 I art     : Starting a blocking GC Explicit
08-06 05:29:01.217  5351  5351 D CompassActivity: will set rotation from 179.76172 to 179.72418
08-06 05:29:01.217  5351  5351 D CompassActivity: will set rotation from 179.72418 to 179.72327
08-06 05:29:01.246  5351  5369 I art     : Explicit concurrent mark sweep GC freed 95(4KB) AllocSpace objects, 0(0B) LOS objects, 7% free, 187MB/203MB, paused 914us total 34.278ms
08-06 05:29:01.261  5351  5369 I art     : Starting a blocking GC Explicit
08-06 05:29:01.293  5351  5369 I art     : Explicit concurrent mark sweep GC freed 42(1680B) AllocSpace objects, 0(0B) LOS objects, 7% free, 187MB/203MB, paused 1.118ms total 31.545ms
08-06 05:29:01.304  5351  5351 D CompassActivity: will set rotation from 179.72327 to 179.7602
08-06 05:29:01.305  5351  5351 D CompassActivity: will set rotation from 179.7602 to 179.76001
08-06 05:29:01.305  5351  5351 D CompassActivity: will set rotation from 179.76001 to 179.76068
08-06 05:29:01.305  5351  5351 D CompassActivity: will set rotation from 179.76068 to 179.75476
08-06 05:29:01.305  5351  5351 D CompassActivity: will set rotation from 179.75476 to 179.87433
08-06 05:29:01.305  5351  5351 D CompassActivity: will set rotation from 179.87433 to 179.87439
08-06 05:29:01.305  5351  5351 D CompassActivity: will set rotation from 179.87439 to 179.89355
08-06 05:29:01.305  5351  5351 D CompassActivity: will set rotation from 179.89355 to 179.89441
08-06 05:29:01.308  5351  5369 I art     : Starting a blocking GC Explicit
08-06 05:29:01.316  5351  5351 D CompassActivity: will set rotation from 179.89441 to 179.8479
08-06 05:29:01.316  5351  5351 D CompassActivity: will set rotation from 179.8479 to 179.85046
08-06 05:29:01.335  5351  5351 D CompassActivity: will set rotation from 179.85046 to 179.78442
08-06 05:29:01.335  5351  5351 D CompassActivity: will set rotation from 179.78442 to 179.78564
08-06 05:29:01.341  5351  5369 I art     : Explicit concurrent mark sweep GC freed 128(7KB) AllocSpace objects, 0(0B) LOS objects, 7% free, 187MB/203MB, paused 744us total 32.722ms
08-06 05:29:01.356  5351  5351 D CompassActivity: will set rotation from 179.78564 to 179.8023
08-06 05:29:01.356  5351  5351 D CompassActivity: will set rotation from 179.8023 to 179.8034
08-06 05:29:01.375  5351  5351 D CompassActivity: will set rotation from 179.8034 to 179.76831
08-06 05:29:01.375  5351  5351 D CompassActivity: will set rotation from 179.76831 to 179.7649
08-06 05:29:01.395  5351  5351 D CompassActivity: will set rotation from 179.7649 to 179.8139
08-06 05:29:01.396  5351  5351 D CompassActivity: will set rotation from 179.8139 to 179.81128
08-06 05:29:01.415  5351  5351 D CompassActivity: will set rotation from 179.81128 to 179.9096
08-06 05:29:01.415  5351  5351 D CompassActivity: will set rotation from 179.9096 to 179.90979
08-06 05:29:01.435  5351  5351 D CompassActivity: will set rotation from 179.90979 to 179.97565
08-06 05:29:01.436  5351  5351 D CompassActivity: will set rotation from 179.97565 to 179.9779
08-06 05:29:01.456  5351  5351 D CompassActivity: will set rotation from 179.9779 to 180.04005
08-06 05:29:01.457  5351  5351 D CompassActivity: will set rotation from 180.04005 to 180.04161
08-06 05:29:01.476  5351  5351 D CompassActivity: will set rotation from 180.04161 to 180.07428
08-06 05:29:01.477  5351  5351 D CompassActivity: will set rotation from 180.07428 to 180.0737
08-06 05:29:01.495  5351  5351 D CompassActivity: will set rotation from 180.0737 to 180.08139
08-06 05:29:01.495  5351  5351 D CompassActivity: will set rotation from 180.08139 to 180.08076
08-06 05:29:01.515  5351  5351 D CompassActivity: will set rotation from 180.08076 to 180.11125
08-06 05:29:01.515  5351  5351 D CompassActivity: will set rotation from 180.11125 to 180.11124
08-06 05:29:01.535  5351  5351 D CompassActivity: will set rotation from 180.11124 to 180.1386
08-06 05:29:01.536  5351  5351 D CompassActivity: will set rotation from 180.1386 to 180.1373
08-06 05:29:01.556  5351  5351 D CompassActivity: will set rotation from 180.1373 to 180.14151
08-06 05:29:01.558  5351  5351 D CompassActivity: will set rotation from 180.14151 to 180.13983
08-06 05:29:01.577  5351  5351 D CompassActivity: will set rotation from 180.13983 to 180.18605
08-06 05:29:01.578  5351  5351 D CompassActivity: will set rotation from 180.18605 to 180.18759
08-06 05:29:01.594  5351  5351 D CompassActivity: will set rotation from 180.18759 to 180.21036
08-06 05:29:01.595  5351  5351 D CompassActivity: will set rotation from 180.21036 to 180.21133
08-06 05:29:01.614  5351  5351 D CompassActivity: will set rotation from 180.21133 to 180.16736
08-06 05:29:01.615  5351  5351 D CompassActivity: will set rotation from 180.16736 to 180.16695
08-06 05:29:01.634  5351  5351 D CompassActivity: will set rotation from 180.16695 to 180.17072
08-06 05:29:01.635  5351  5351 D CompassActivity: will set rotation from 180.17072 to 180.1712
08-06 05:29:01.656  5351  5351 D CompassActivity: will set rotation from 180.1712 to 180.14926
08-06 05:29:01.657  5351  5351 D CompassActivity: will set rotation from 180.14926 to 180.1502
08-06 05:29:01.675  5351  5351 D CompassActivity: will set rotation from 180.1502 to 180.1077
08-06 05:29:01.675  5351  5351 D CompassActivity: will set rotation from 180.1077 to 180.10812
08-06 05:29:01.694  5351  5351 D CompassActivity: will set rotation from 180.10812 to 180.09212
08-06 05:29:01.694  5351  5351 D CompassActivity: will set rotation from 180.09212 to 180.09076
08-06 05:29:01.713  5351  5369 I art     : Starting a blocking GC Explicit
08-06 05:29:01.716  5351  5351 D CompassActivity: will set rotation from 180.09076 to 180.03433
08-06 05:29:01.716  5351  5351 D CompassActivity: will set rotation from 180.03433 to 180.03392
08-06 05:29:01.734  5351  5351 D CompassActivity: will set rotation from 180.03392 to 180.02023
08-06 05:29:01.734  5351  5351 D CompassActivity: will set rotation from 180.02023 to 180.02065
08-06 05:29:01.759  5351  5351 D CompassActivity: will set rotation from 180.02065 to 179.99066
08-06 05:29:01.759  5351  5351 D CompassActivity: will set rotation from 179.99066 to 179.98914
08-06 05:29:01.759  5351  5369 I art     : Explicit concurrent mark sweep GC freed 2069(120KB) AllocSpace objects, 2(36KB) LOS objects, 7% free, 187MB/203MB, paused 1.163ms total 45.734ms
08-06 05:29:01.775  5351  5369 I art     : Starting a blocking GC Explicit
08-06 05:29:01.775  5351  5351 D CompassActivity: will set rotation from 179.98914 to 179.99603
08-06 05:29:01.779  5351  5351 D CompassActivity: will set rotation from 179.99603 to 179.99487
08-06 05:29:01.794  5351  5351 D CompassActivity: will set rotation from 179.99487 to 179.98218
08-06 05:29:01.794  5351  5351 D CompassActivity: will set rotation from 179.98218 to 179.98029
08-06 05:29:01.814  5351  5351 D CompassActivity: will set rotation from 179.98029 to 179.98993
08-06 05:29:01.815  5351  5351 D CompassActivity: will set rotation from 179.98993 to 179.9914
08-06 05:29:01.818  5351  5369 I art     : Explicit concurrent mark sweep GC freed 689(27KB) AllocSpace objects, 0(0B) LOS objects, 7% free, 187MB/203MB, paused 880us total 43.353ms
08-06 05:29:01.833  5351  5351 D CompassActivity: will set rotation from 179.9914 to 179.9997
08-06 05:29:01.834  5351  5369 I art     : Starting a blocking GC Explicit
08-06 05:29:01.834  5351  5351 D CompassActivity: will set rotation from 179.9997 to 179.99872
08-06 05:29:01.856  5351  5351 D CompassActivity: will set rotation from 179.99872 to 180.00583
08-06 05:29:01.858  5351  5351 D CompassActivity: will set rotation from 180.00583 to 180.00601
08-06 05:29:01.875  5351  5351 D CompassActivity: will set rotation from 180.00601 to 179.99414
08-06 05:29:01.875  5351  5351 D CompassActivity: will set rotation from 179.99414 to 179.99463
08-06 05:29:01.877  5351  5369 I art     : Explicit concurrent mark sweep GC freed 149(7KB) AllocSpace objects, 0(0B) LOS objects, 7% free, 187MB/203MB, paused 812us total 43.214ms
08-06 05:29:01.893  5351  5369 I art     : Starting a blocking GC Explicit
08-06 05:29:01.894  5351  5351 D CompassActivity: will set rotation from 179.99463 to 179.96393
08-06 05:29:01.894  5351  5351 D CompassActivity: will set rotation from 179.96393 to 179.96442
08-06 05:29:01.913  5351  5351 D CompassActivity: will set rotation from 179.96442 to 179.9342
08-06 05:29:01.914  5351  5351 D CompassActivity: will set rotation from 179.9342 to 179.93481
08-06 05:29:01.932  5351  5369 I art     : Explicit concurrent mark sweep GC freed 120(5KB) AllocSpace objects, 0(0B) LOS objects, 7% free, 187MB/203MB, paused 828us total 38.872ms
08-06 05:29:01.933  5351  5351 D CompassActivity: will set rotation from 179.93481 to 179.9242
08-06 05:29:01.934  5351  5351 D CompassActivity: will set rotation from 179.9242 to 179.92316
08-06 05:29:01.948  5351  5369 I art     : Starting a blocking GC Explicit
08-06 05:29:01.958  5351  5351 D CompassActivity: will set rotation from 179.92316 to 179.96643
08-06 05:29:01.959  5351  5351 D CompassActivity: will set rotation from 179.96643 to 179.96509
08-06 05:29:01.975  5351  5351 D CompassActivity: will set rotation from 179.96509 to 179.91742
08-06 05:29:01.975  5351  5351 D CompassActivity: will set rotation from 179.91742 to 179.9165
08-06 05:29:01.993  5351  5369 I art     : Explicit concurrent mark sweep GC freed 116(5KB) AllocSpace objects, 0(0B) LOS objects, 7% free, 187MB/203MB, paused 1.285ms total 44.655ms
08-06 05:29:01.995  5351  5351 D CompassActivity: will set rotation from 179.9165 to 179.9082
08-06 05:29:01.997  5351  5351 D CompassActivity: will set rotation from 179.9082 to 179.90662
08-06 05:29:02.014  5351  5351 D CompassActivity: will set rotation from 179.90662 to 179.88092
08-06 05:29:02.015  5351  5351 D CompassActivity: will set rotation from 179.88092 to 179.88159
08-06 05:29:02.033  5351  5351 D CompassActivity: will set rotation from 179.88159 to 179.87305
08-06 05:29:02.033  5351  5351 D CompassActivity: will set rotation from 179.87305 to 179.87305
08-06 05:29:02.053  5351  5351 D CompassActivity: will set rotation from 179.87305 to 179.90405
08-06 05:29:02.053  5351  5351 D CompassActivity: will set rotation from 179.90405 to 179.90399
08-06 05:29:02.075  5351  5351 D CompassActivity: will set rotation from 179.90399 to 179.93207
08-06 05:29:02.075  5351  5351 D CompassActivity: will set rotation from 179.93207 to 179.93048
08-06 05:29:02.079   518   646 I ThermalEngine: ACTION: GPU - Setting GPU[0] to 450000000
08-06 05:29:02.094  5351  5351 D CompassActivity: will set rotation from 179.93048 to 179.95581
08-06 05:29:02.094  5351  5351 D CompassActivity: will set rotation from 179.95581 to 179.95581
08-06 05:29:02.113  5351  5351 D CompassActivity: will set rotation from 179.95581 to 179.96521
08-06 05:29:02.114  5351  5351 D CompassActivity: will set rotation from 179.96521 to 179.96509
08-06 05:29:02.133  5351  5351 D CompassActivity: will set rotation from 179.96509 to 179.98975
08-06 05:29:02.133  5351  5351 D CompassActivity: will set rotation from 179.98975 to 179.98859
08-06 05:29:02.152  5351  5351 D CompassActivity: will set rotation from 179.98859 to 180.0138
08-06 05:29:02.153  5351  5351 D CompassActivity: will set rotation from 180.0138 to 180.01337
08-06 05:29:02.174  5351  5351 D CompassActivity: will set rotation from 180.01337 to 180.02061
08-06 05:29:02.174  5351  5351 D CompassActivity: will set rotation from 180.02061 to 180.01984
08-06 05:29:02.193  5351  5351 D CompassActivity: will set rotation from 180.01984 to 180.02362
08-06 05:29:02.193  5351  5351 D CompassActivity: will set rotation from 180.02362 to 180.02289
08-06 05:29:02.212  5351  5351 D CompassActivity: will set rotation from 180.02289 to 179.99445
08-06 05:29:02.213  5351  5351 D CompassActivity: will set rotation from 179.99445 to 179.99512
08-06 05:29:02.233  5351  5351 D CompassActivity: will set rotation from 179.99512 to 180.00203
08-06 05:29:02.233  5351  5351 D CompassActivity: will set rotation from 180.00203 to 180.00243
08-06 05:29:02.252  5351  5351 D CompassActivity: will set rotation from 180.00243 to 180.02576
08-06 05:29:02.253  5351  5351 D CompassActivity: will set rotation from 180.02576 to 180.02574
08-06 05:29:02.273  5351  5351 D CompassActivity: will set rotation from 180.02574 to 180.06331
08-06 05:29:02.274  5351  5351 D CompassActivity: will set rotation from 180.06331 to 180.06299
08-06 05:29:02.294  5351  5351 D CompassActivity: will set rotation from 180.06299 to 180.05026
08-06 05:29:02.294  5351  5351 D CompassActivity: will set rotation from 180.05026 to 180.04947
08-06 05:29:02.311  5351  5351 D CompassActivity: will set rotation from 180.04947 to 180.02002
08-06 05:29:02.311  5351  5351 D CompassActivity: will set rotation from 180.02002 to 180.02003
08-06 05:29:02.331  5351  5351 D CompassActivity: will set rotation from 180.02003 to 180.02597
08-06 05:29:02.332  5351  5351 D CompassActivity: will set rotation from 180.02597 to 180.02577
08-06 05:29:02.352  5351  5351 D CompassActivity: will set rotation from 180.02577 to 180.04558
08-06 05:29:02.352  5351  5351 D CompassActivity: will set rotation from 180.04558 to 180.0453
08-06 05:29:02.373  5351  5351 D CompassActivity: will set rotation from 180.0453 to 180.04959
08-06 05:29:02.374  5351  5351 D CompassActivity: will set rotation from 180.04959 to 180.04932
08-06 05:29:02.393  5351  5351 D CompassActivity: will set rotation from 180.04932 to 180.07048
08-06 05:29:02.393  5351  5351 D CompassActivity: will set rotation from 180.07048 to 180.07121
08-06 05:29:02.408  5351  5364 I art     : Starting a blocking GC Explicit
08-06 05:29:02.412  5351  5351 D CompassActivity: will set rotation from 180.07121 to 180.05766
08-06 05:29:02.412  5351  5351 D CompassActivity: will set rotation from 180.05766 to 180.0581
08-06 05:29:02.431  5351  5351 D CompassActivity: will set rotation from 180.0581 to 180.06123
08-06 05:29:02.432  5351  5351 D CompassActivity: will set rotation from 180.06123 to 180.06242
08-06 05:29:02.451  5351  5351 D CompassActivity: will set rotation from 180.06242 to 180.08444
08-06 05:29:02.451  5351  5351 D CompassActivity: will set rotation from 180.08444 to 180.08583
08-06 05:29:02.477  5351  5351 D CompassActivity: will set rotation from 180.08583 to 180.10425
08-06 05:29:02.477  5351  5351 D CompassActivity: will set rotation from 180.10425 to 180.10527
08-06 05:29:02.481  5351  5364 I art     : Explicit concurrent mark sweep GC freed 2045(122KB) AllocSpace objects, 2(36KB) LOS objects, 7% free, 187MB/203MB, paused 1.029ms total 73.175ms
08-06 05:29:02.494  5351  5351 D CompassActivity: will set rotation from 180.10527 to 180.09096
08-06 05:29:02.494  5351  5351 D CompassActivity: will set rotation from 180.09096 to 180.08847
08-06 05:29:02.502  5351  5364 I art     : Starting a blocking GC Explicit
08-06 05:29:02.511  5351  5351 D CompassActivity: will set rotation from 180.08847 to 180.10735
08-06 05:29:02.511  5351  5351 D CompassActivity: will set rotation from 180.10735 to 180.10698
08-06 05:29:02.531  5351  5351 D CompassActivity: will set rotation from 180.10698 to 180.07806
08-06 05:29:02.531  5351  5351 D CompassActivity: will set rotation from 180.07806 to 180.0789
08-06 05:29:02.550  5351  5364 I art     : Explicit concurrent mark sweep GC freed 823(32KB) AllocSpace objects, 0(0B) LOS objects, 7% free, 187MB/203MB, paused 1.218ms total 47.915ms
08-06 05:29:02.550  5351  5351 D CompassActivity: will set rotation from 180.0789 to 180.04814
08-06 05:29:02.551  5351  5351 D CompassActivity: will set rotation from 180.04814 to 180.04713
08-06 05:29:02.570  5351  5364 I art     : Starting a blocking GC Explicit
08-06 05:29:02.574  5351  5351 D CompassActivity: will set rotation from 180.04713 to 180.01956
08-06 05:29:02.575  5351  5351 D CompassActivity: will set rotation from 180.01956 to 180.01831
08-06 05:29:02.593  5351  5351 D CompassActivity: will set rotation from 180.01831 to 180.02328
08-06 05:29:02.593  5351  5351 D CompassActivity: will set rotation from 180.02328 to 180.02307
08-06 05:29:02.610  5351  5351 D CompassActivity: will set rotation from 180.02307 to 179.99487
08-06 05:29:02.610  5351  5351 D CompassActivity: will set rotation from 179.99487 to 179.995
08-06 05:29:02.618  5351  5364 I art     : Explicit concurrent mark sweep GC freed 146(7KB) AllocSpace objects, 0(0B) LOS objects, 7% free, 187MB/203MB, paused 1.192ms total 47.489ms
08-06 05:29:02.630  5351  5351 D CompassActivity: will set rotation from 179.995 to 179.98431
08-06 05:29:02.630  5351  5351 D CompassActivity: will set rotation from 179.98431 to 179.98376
08-06 05:29:02.637  5351  5364 I art     : Starting a blocking GC Explicit
08-06 05:29:02.650  5351  5351 D CompassActivity: will set rotation from 179.98376 to 179.97485
08-06 05:29:02.650  5351  5351 D CompassActivity: will set rotation from 179.97485 to 179.97565
08-06 05:29:02.674  5351  5351 D CompassActivity: will set rotation from 179.97565 to 179.98352
08-06 05:29:02.674  5351  5351 D CompassActivity: will set rotation from 179.98352 to 179.98322
08-06 05:29:02.688  5351  5364 I art     : Explicit concurrent mark sweep GC freed 177(8KB) AllocSpace objects, 0(0B) LOS objects, 7% free, 187MB/203MB, paused 1.171ms total 50.747ms
08-06 05:29:02.694  5351  5351 D CompassActivity: will set rotation from 179.98322 to 179.99005
08-06 05:29:02.694  5351  5351 D CompassActivity: will set rotation from 179.99005 to 179.9898
08-06 05:29:02.709  5351  5364 I art     : Starting a blocking GC Explicit
08-06 05:29:02.712  5351  5351 D CompassActivity: will set rotation from 179.9898 to 179.98077
08-06 05:29:02.712  5351  5351 D CompassActivity: will set rotation from 179.98077 to 179.98022
08-06 05:29:02.730  5351  5351 D CompassActivity: will set rotation from 179.98022 to 179.95367
08-06 05:29:02.731  5351  5351 D CompassActivity: will set rotation from 179.95367 to 179.9544
08-06 05:29:02.750  5351  5351 D CompassActivity: will set rotation from 179.9544 to 179.97766
08-06 05:29:02.750  5351  5351 D CompassActivity: will set rotation from 179.97766 to 179.97815
08-06 05:29:02.760  5351  5364 I art     : Explicit concurrent mark sweep GC freed 161(7KB) AllocSpace objects, 0(0B) LOS objects, 7% free, 187MB/203MB, paused 1.576ms total 50.348ms
08-06 05:29:02.770  5351  5351 D CompassActivity: will set rotation from 179.97815 to 180.00063
08-06 05:29:02.772  5351  5351 D CompassActivity: will set rotation from 180.00063 to 179.99976
08-06 05:29:02.794  5351  5351 D CompassActivity: will set rotation from 179.99976 to 180.0052
08-06 05:29:02.794  5351  5351 D CompassActivity: will set rotation from 180.0052 to 180.00557
08-06 05:29:02.812  5351  5351 D CompassActivity: will set rotation from 180.00557 to 180.01302
08-06 05:29:02.812  5351  5351 D CompassActivity: will set rotation from 180.01302 to 180.01344
08-06 05:29:02.831  5351  5351 D CompassActivity: will set rotation from 180.01344 to 180.01926
08-06 05:29:02.831  5351  5351 D CompassActivity: will set rotation from 180.01926 to 180.01859
08-06 05:29:02.850  5351  5351 D CompassActivity: will set rotation from 180.01859 to 180.0404
08-06 05:29:02.850  5351  5351 D CompassActivity: will set rotation from 180.0404 to 180.03847
08-06 05:29:02.870  5351  5351 D CompassActivity: will set rotation from 180.03847 to 180.0735
08-06 05:29:02.871  5351  5351 D CompassActivity: will set rotation from 180.0735 to 180.07208
08-06 05:29:02.893  5351  5351 D CompassActivity: will set rotation from 180.07208 to 180.09268
08-06 05:29:02.894  5351  5351 D CompassActivity: will set rotation from 180.09268 to 180.09128
08-06 05:29:02.912  5351  5351 D CompassActivity: will set rotation from 180.09128 to 180.09442
08-06 05:29:02.912  5351  5351 D CompassActivity: will set rotation from 180.09442 to 180.09464
08-06 05:29:02.930  5351  5351 D CompassActivity: will set rotation from 180.09464 to 180.08235
08-06 05:29:02.931  5351  5351 D CompassActivity: will set rotation from 180.08235 to 180.08252
08-06 05:29:02.949  5351  5351 D CompassActivity: will set rotation from 180.08252 to 180.07272
08-06 05:29:02.950  5351  5351 D CompassActivity: will set rotation from 180.07272 to 180.07129
08-06 05:29:02.970  5351  5351 D CompassActivity: will set rotation from 180.07129 to 180.075
08-06 05:29:02.971  5351  5351 D CompassActivity: will set rotation from 180.075 to 180.07562
08-06 05:29:02.995  5351  5351 D CompassActivity: will set rotation from 180.07562 to 180.0639
08-06 05:29:02.995  5351  5351 D CompassActivity: will set rotation from 180.0639 to 180.06483
08-06 05:29:03.009  5351  5351 D CompassActivity: will set rotation from 180.06483 to 180.05002
08-06 05:29:03.010  5351  5351 D CompassActivity: will set rotation from 180.05002 to 180.0503
08-06 05:29:03.029  5351  5351 D CompassActivity: will set rotation from 180.0503 to 180.02208
08-06 05:29:03.030  5351  5351 D CompassActivity: will set rotation from 180.02208 to 180.02324
08-06 05:29:03.049  5351  5351 D CompassActivity: will set rotation from 180.02324 to 179.9967
08-06 05:29:03.050  5351  5351 D CompassActivity: will set rotation from 179.9967 to 179.99695
08-06 05:29:03.069  5351  5351 D CompassActivity: will set rotation from 179.99695 to 180.00229
08-06 05:29:03.069  5351  5351 D CompassActivity: will set rotation from 180.00229 to 180.00174
08-06 05:29:03.092  6880  6880 D AndroidRuntime: >>>>>> START com.android.internal.os.RuntimeInit uid 2000 <<<<<<
08-06 05:29:03.095  5351  5351 D CompassActivity: will set rotation from 180.00174 to 179.9925
08-06 05:29:03.095  5351  5351 D CompassActivity: will set rotation from 179.9925 to 179.99231
08-06 05:29:03.099  6880  6880 D AndroidRuntime: CheckJNI is OFF
08-06 05:29:03.113  5351  5351 D CompassActivity: will set rotation from 179.99231 to 179.9812
08-06 05:29:03.113  5351  5351 D CompassActivity: will set rotation from 179.9812 to 179.98138
08-06 05:29:03.128  5351  5351 D CompassActivity: will set rotation from 179.98138 to 179.97064
08-06 05:29:03.128  5351  5351 D CompassActivity: will set rotation from 179.97064 to 179.97119
08-06 05:29:03.142  6880  6880 D ICU     : No timezone override file found: /data/misc/zoneinfo/current/icu/icu_tzdata.dat
08-06 05:29:03.148  5351  5351 D CompassActivity: will set rotation from 179.97119 to 179.99188
08-06 05:29:03.148  5351  5351 D CompassActivity: will set rotation from 179.99188 to 179.99036
08-06 05:29:03.168  5351  5351 D CompassActivity: will set rotation from 179.99036 to 179.99524
08-06 05:29:03.168  5351  5351 D CompassActivity: will set rotation from 179.99524 to 179.99615
08-06 05:29:03.182  6880  6880 I Radio-JNI: register_android_hardware_Radio DONE
08-06 05:29:03.189  5351  5351 D CompassActivity: will set rotation from 179.99615 to 179.97119
08-06 05:29:03.189  5351  5351 D CompassActivity: will set rotation from 179.97119 to 179.97266
08-06 05:29:03.202  5351  5363 I art     : Starting a blocking GC Explicit
08-06 05:29:03.209  5351  5351 D CompassActivity: will set rotation from 179.97266 to 179.96094
08-06 05:29:03.209  5351  5351 D CompassActivity: will set rotation from 179.96094 to 179.95905
08-06 05:29:03.211  6880  6880 D AndroidRuntime: Calling main entry com.android.commands.input.Input
08-06 05:29:03.212  6880  6880 I Input   : injectKeyEvent: KeyEvent { action=ACTION_DOWN, keyCode=KEYCODE_BACK, scanCode=0, metaState=0, flags=0x0, repeatCount=0, eventTime=854959626, downTime=854959626, deviceId=-1, source=0x101 }
08-06 05:29:03.219  6880  6880 I Input   : injectKeyEvent: KeyEvent { action=ACTION_UP, keyCode=KEYCODE_BACK, scanCode=0, metaState=0, flags=0x0, repeatCount=0, eventTime=854959626, downTime=854959626, deviceId=-1, source=0x101 }
08-06 05:29:03.225  6880  6880 D AndroidRuntime: Shutting down VM
08-06 05:29:03.227   918   928 I sensors : activate
08-06 05:29:03.227   918  5132 I sensors : activate
08-06 05:29:03.232   918  3188 I hubconnection: sensorhub said: 'activate 1 enable:0'
08-06 05:29:03.233   918  3188 I hubconnection: sensorhub said: 'activate 3 enable:0'
08-06 05:29:03.246  5351  5363 I art     : Explicit concurrent mark sweep GC freed 2140(124KB) AllocSpace objects, 2(36KB) LOS objects, 7% free, 187MB/203MB, paused 969us total 43.401ms
08-06 05:29:03.255  5351  5351 V MainActivity: url = https://project-travel-mate.herokuapp.com/api/number-of-unread-notifications
08-06 05:29:03.264  5351  5363 I art     : Starting a blocking GC Explicit
08-06 05:29:03.312  5351  5363 I art     : Explicit concurrent mark sweep GC freed 1008(40KB) AllocSpace objects, 0(0B) LOS objects, 7% free, 187MB/203MB, paused 1.420ms total 47.818ms
08-06 05:29:03.314  5351  5362 I art     : WaitForGcToComplete blocked for 5.985ms for cause HeapTrim
08-06 05:29:03.330  5351  5363 I art     : Starting a blocking GC Explicit
08-06 05:29:03.368 13866 13866 I GoogleInputMethodServic: GoogleInputMethodService.onFinishInput():3138 
08-06 05:29:03.368 13866 13866 I GoogleInputMethodServic: GoogleInputMethodService.onStartInput():1808 
08-06 05:29:03.371  5351  5363 I art     : Explicit concurrent mark sweep GC freed 78(4KB) AllocSpace objects, 0(0B) LOS objects, 7% free, 187MB/203MB, paused 1.229ms total 40.893ms
08-06 05:29:03.388  5351  5363 I art     : Starting a blocking GC Explicit
08-06 05:29:03.429  5351  5363 I art     : Explicit concurrent mark sweep GC freed 29(1104B) AllocSpace objects, 0(0B) LOS objects, 7% free, 187MB/203MB, paused 1.074ms total 40.209ms
08-06 05:29:03.446  5351  5363 I art     : Starting a blocking GC Explicit
08-06 05:29:03.485  5351  5363 I art     : Explicit concurrent mark sweep GC freed 47(2096B) AllocSpace objects, 0(0B) LOS objects, 7% free, 187MB/203MB, paused 1.066ms total 38.397ms
08-06 05:29:03.638  5351  5351 D CompassActivity: stop compass
08-06 05:29:03.638   380   380 W SurfaceFlinger: couldn't log to binary event log: overflow.
08-06 05:29:03.771   918  3188 I hubconnection: sensorhub said: 'set_bias 3: -6.2400, 0.0000, 0.0000'
08-06 05:29:03.846  5351  5369 I art     : Starting a blocking GC Explicit
08-06 05:29:03.910  5351  5369 I art     : Explicit concurrent mark sweep GC freed 1637(93KB) AllocSpace objects, 2(36KB) LOS objects, 7% free, 187MB/203MB, paused 1.506ms total 63.597ms
08-06 05:29:03.931  5351  5369 I art     : Starting a blocking GC Explicit
08-06 05:29:03.995  5351  5369 I art     : Explicit concurrent mark sweep GC freed 1291(82KB) AllocSpace objects, 3(52MB) LOS objects, 10% free, 135MB/151MB, paused 1.180ms total 63.711ms
08-06 05:29:04.013  5351  5369 I art     : Starting a blocking GC Explicit
08-06 05:29:04.058  5351  5369 I art     : Explicit concurrent mark sweep GC freed 2534(130KB) AllocSpace objects, 3(200KB) LOS objects, 10% free, 135MB/151MB, paused 1.337ms total 44.846ms
08-06 05:29:04.075  5351  5369 I art     : Starting a blocking GC Explicit
08-06 05:29:04.079  5351  6904 I NAPPA_EXPERIMENTATION: MetricNetworkRequestExecutionTime: REQUEST_DURATION_SYSTEM='823',REQUEST_DURATION_OKHTTP='33',REQUEST_SYNCHRONOUS='FALSE',RESPONSE_CODE='200',RESPONSE_METHOD='GET',RESPONSE_LENGTH_OKHTTP='36',RESPONSE_LENGTH_HEADER='36',REQUEST_PROTOCOL='http/1.1',REQUEST_URL='https://project-travel-mate.herokuapp.com/api/number-of-unread-notifications',
08-06 05:29:04.118  5351  5369 I art     : Explicit concurrent mark sweep GC freed 1079(127KB) AllocSpace objects, 0(0B) LOS objects, 10% free, 135MB/151MB, paused 1.211ms total 42.817ms
08-06 05:29:04.136  5351  5369 I art     : Starting a blocking GC Explicit
08-06 05:29:04.180  5351  5369 I art     : Explicit concurrent mark sweep GC freed 48(1952B) AllocSpace objects, 0(0B) LOS objects, 10% free, 135MB/151MB, paused 1.059ms total 43.721ms
08-06 05:29:04.575  5351  5626 I art     : Starting a blocking GC Explicit
08-06 05:29:04.625  5351  5626 I art     : Explicit concurrent mark sweep GC freed 1666(95KB) AllocSpace objects, 2(36KB) LOS objects, 10% free, 135MB/151MB, paused 1.102ms total 49.633ms
08-06 05:29:04.642  5351  5626 I art     : Starting a blocking GC Explicit
08-06 05:29:04.686  5351  5626 I art     : Explicit concurrent mark sweep GC freed 28(1024B) AllocSpace objects, 0(0B) LOS objects, 10% free, 135MB/151MB, paused 1.125ms total 44.421ms
08-06 05:29:04.704  5351  5626 I art     : Starting a blocking GC Explicit
08-06 05:29:04.748  5351  5626 I art     : Explicit concurrent mark sweep GC freed 33(896B) AllocSpace objects, 0(0B) LOS objects, 10% free, 135MB/151MB, paused 1.195ms total 43.745ms
08-06 05:29:04.765  5351  5626 I art     : Starting a blocking GC Explicit
08-06 05:29:04.767   918  1210 D NetlinkSocketObserver: NeighborEvent{elapsedMs=1838348641, 192.168.2.254, [7C3953A63323], RTM_NEWNEIGH, NUD_PROBE}
08-06 05:29:04.808  5351  5626 I art     : Explicit concurrent mark sweep GC freed 4(128B) AllocSpace objects, 0(0B) LOS objects, 10% free, 135MB/151MB, paused 1.152ms total 43.230ms
08-06 05:29:04.826  5351  5626 I art     : Starting a blocking GC Explicit
08-06 05:29:04.869  5351  5626 I art     : Explicit concurrent mark sweep GC freed 3(96B) AllocSpace objects, 0(0B) LOS objects, 10% free, 135MB/151MB, paused 1.114ms total 43.388ms
08-06 05:29:04.978 14692 14729 I Finsky  : [6155] ktr.run(-1): Stats for Executor: BlockingExecutor kvs@358e60e[Running, pool size = 0, active threads = 0, queued tasks = 0, completed tasks = 69]
08-06 05:29:04.978 14692 14729 I Finsky  : [6155] ktr.run(-1): Stats for Executor: LightweightExecutor kvs@fc6682f[Running, pool size = 4, active threads = 0, queued tasks = 0, completed tasks = 76]
08-06 05:29:05.016  6926  6926 D AndroidRuntime: >>>>>> START com.android.internal.os.RuntimeInit uid 2000 <<<<<<
08-06 05:29:05.022  6926  6926 D AndroidRuntime: CheckJNI is OFF
08-06 05:29:05.064  6926  6926 D ICU     : No timezone override file found: /data/misc/zoneinfo/current/icu/icu_tzdata.dat
08-06 05:29:05.110  6926  6926 I Radio-JNI: register_android_hardware_Radio DONE
08-06 05:29:05.138  6926  6926 D AndroidRuntime: Calling main entry com.android.commands.input.Input
08-06 05:29:05.140  6926  6926 I Input   : injectMotionEvent: MotionEvent { action=ACTION_DOWN, actionButton=0, id[0]=0, x[0]=500.0, y[0]=2000.0, toolType[0]=TOOL_TYPE_UNKNOWN, buttonState=0, metaState=0, flags=0x0, edgeFlags=0x0, pointerCount=1, historySize=0, eventTime=854961553, downTime=854961553, deviceId=0, source=0x1002 }
08-06 05:29:05.144  6926  6926 I Input   : injectMotionEvent: MotionEvent { action=ACTION_MOVE, actionButton=0, id[0]=0, x[0]=500.0, y[0]=2000.0, toolType[0]=TOOL_TYPE_UNKNOWN, buttonState=0, metaState=0, flags=0x0, edgeFlags=0x0, pointerCount=1, historySize=0, eventTime=854961553, downTime=854961553, deviceId=0, source=0x1002 }
08-06 05:29:05.163  6926  6926 I Input   : injectMotionEvent: MotionEvent { action=ACTION_MOVE, actionButton=0, id[0]=0, x[0]=500.0, y[0]=1954.4, toolType[0]=TOOL_TYPE_UNKNOWN, buttonState=0, metaState=0, flags=0x0, edgeFlags=0x0, pointerCount=1, historySize=0, eventTime=854961577, downTime=854961577, deviceId=0, source=0x1002 }
08-06 05:29:05.173  6926  6926 I Input   : injectMotionEvent: MotionEvent { action=ACTION_MOVE, actionButton=0, id[0]=0, x[0]=500.0, y[0]=1937.3, toolType[0]=TOOL_TYPE_UNKNOWN, buttonState=0, metaState=0, flags=0x0, edgeFlags=0x0, pointerCount=1, historySize=0, eventTime=854961586, downTime=854961586, deviceId=0, source=0x1002 }
08-06 05:29:05.201  6926  6926 I Input   : injectMotionEvent: MotionEvent { action=ACTION_MOVE, actionButton=0, id[0]=0, x[0]=500.0, y[0]=1884.1, toolType[0]=TOOL_TYPE_UNKNOWN, buttonState=0, metaState=0, flags=0x0, edgeFlags=0x0, pointerCount=1, historySize=0, eventTime=854961614, downTime=854961614, deviceId=0, source=0x1002 }
08-06 05:29:05.208  6926  6926 I Input   : injectMotionEvent: MotionEvent { action=ACTION_MOVE, actionButton=0, id[0]=0, x[0]=500.0, y[0]=1870.8, toolType[0]=TOOL_TYPE_UNKNOWN, buttonState=0, metaState=0, flags=0x0, edgeFlags=0x0, pointerCount=1, historySize=0, eventTime=854961621, downTime=854961621, deviceId=0, source=0x1002 }
08-06 05:29:05.223  6926  6926 I Input   : injectMotionEvent: MotionEvent { action=ACTION_MOVE, actionButton=0, id[0]=0, x[0]=500.0, y[0]=1840.4, toolType[0]=TOOL_TYPE_UNKNOWN, buttonState=0, metaState=0, flags=0x0, edgeFlags=0x0, pointerCount=1, historySize=0, eventTime=854961637, downTime=854961637, deviceId=0, source=0x1002 }
08-06 05:29:05.240  6926  6926 I Input   : injectMotionEvent: MotionEvent { action=ACTION_MOVE, actionButton=0, id[0]=0, x[0]=500.0, y[0]=1810.0, toolType[0]=TOOL_TYPE_UNKNOWN, buttonState=0, metaState=0, flags=0x0, edgeFlags=0x0, pointerCount=1, historySize=0, eventTime=854961653, downTime=854961653, deviceId=0, source=0x1002 }
08-06 05:29:05.256  6926  6926 I Input   : injectMotionEvent: MotionEvent { action=ACTION_MOVE, actionButton=0, id[0]=0, x[0]=500.0, y[0]=1777.7, toolType[0]=TOOL_TYPE_UNKNOWN, buttonState=0, metaState=0, flags=0x0, edgeFlags=0x0, pointerCount=1, historySize=0, eventTime=854961670, downTime=854961670, deviceId=0, source=0x1002 }
08-06 05:29:05.275  6926  6926 I Input   : injectMotionEvent: MotionEvent { action=ACTION_MOVE, actionButton=0, id[0]=0, x[0]=500.0, y[0]=1745.4, toolType[0]=TOOL_TYPE_UNKNOWN, buttonState=0, metaState=0, flags=0x0, edgeFlags=0x0, pointerCount=1, historySize=0, eventTime=854961687, downTime=854961687, deviceId=0, source=0x1002 }
08-06 05:29:05.290  5351  5626 I art     : Starting a blocking GC Explicit
08-06 05:29:05.290  6926  6926 I Input   : injectMotionEvent: MotionEvent { action=ACTION_MOVE, actionButton=0, id[0]=0, x[0]=500.0, y[0]=1715.0, toolType[0]=TOOL_TYPE_UNKNOWN, buttonState=0, metaState=0, flags=0x0, edgeFlags=0x0, pointerCount=1, historySize=0, eventTime=854961703, downTime=854961703, deviceId=0, source=0x1002 }
08-06 05:29:05.308  6926  6926 I Input   : injectMotionEvent: MotionEvent { action=ACTION_MOVE, actionButton=0, id[0]=0, x[0]=500.0, y[0]=1682.7, toolType[0]=TOOL_TYPE_UNKNOWN, buttonState=0, metaState=0, flags=0x0, edgeFlags=0x0, pointerCount=1, historySize=0, eventTime=854961720, downTime=854961720, deviceId=0, source=0x1002 }
08-06 05:29:05.323  6926  6926 I Input   : injectMotionEvent: MotionEvent { action=ACTION_MOVE, actionButton=0, id[0]=0, x[0]=500.0, y[0]=1650.4, toolType[0]=TOOL_TYPE_UNKNOWN, buttonState=0, metaState=0, flags=0x0, edgeFlags=0x0, pointerCount=1, historySize=0, eventTime=854961737, downTime=854961737, deviceId=0, source=0x1002 }
08-06 05:29:05.341  6926  6926 I Input   : injectMotionEvent: MotionEvent { action=ACTION_MOVE, actionButton=0, id[0]=0, x[0]=500.0, y[0]=1618.1, toolType[0]=TOOL_TYPE_UNKNOWN, buttonState=0, metaState=0, flags=0x0, edgeFlags=0x0, pointerCount=1, historySize=0, eventTime=854961754, downTime=854961754, deviceId=0, source=0x1002 }
08-06 05:29:05.341  5351  5626 I art     : Explicit concurrent mark sweep GC freed 1683(95KB) AllocSpace objects, 2(36KB) LOS objects, 10% free, 135MB/151MB, paused 1.075ms total 51.302ms
08-06 05:29:05.357  6926  6926 I Input   : injectMotionEvent: MotionEvent { action=ACTION_MOVE, actionButton=0, id[0]=0, x[0]=500.0, y[0]=1587.7, toolType[0]=TOOL_TYPE_UNKNOWN, buttonState=0, metaState=0, flags=0x0, edgeFlags=0x0, pointerCount=1, historySize=0, eventTime=854961770, downTime=854961770, deviceId=0, source=0x1002 }
08-06 05:29:05.360  5351  5626 I art     : Starting a blocking GC Explicit
08-06 05:29:05.374  6926  6926 I Input   : injectMotionEvent: MotionEvent { action=ACTION_MOVE, actionButton=0, id[0]=0, x[0]=500.0, y[0]=1555.4, toolType[0]=TOOL_TYPE_UNKNOWN, buttonState=0, metaState=0, flags=0x0, edgeFlags=0x0, pointerCount=1, historySize=0, eventTime=854961787, downTime=854961787, deviceId=0, source=0x1002 }
08-06 05:29:05.390  6926  6926 I Input   : injectMotionEvent: MotionEvent { action=ACTION_MOVE, actionButton=0, id[0]=0, x[0]=500.0, y[0]=1523.1001, toolType[0]=TOOL_TYPE_UNKNOWN, buttonState=0, metaState=0, flags=0x0, edgeFlags=0x0, pointerCount=1, historySize=0, eventTime=854961804, downTime=854961804, deviceId=0, source=0x1002 }
08-06 05:29:05.407  6926  6926 I Input   : injectMotionEvent: MotionEvent { action=ACTION_MOVE, actionButton=0, id[0]=0, x[0]=500.0, y[0]=1492.7, toolType[0]=TOOL_TYPE_UNKNOWN, buttonState=0, metaState=0, flags=0x0, edgeFlags=0x0, pointerCount=1, historySize=0, eventTime=854961820, downTime=854961820, deviceId=0, source=0x1002 }
08-06 05:29:05.411  5351  5626 I art     : Explicit concurrent mark sweep GC freed 59(2528B) AllocSpace objects, 0(0B) LOS objects, 10% free, 135MB/151MB, paused 1.255ms total 51.112ms
08-06 05:29:05.426  6926  6926 I Input   : injectMotionEvent: MotionEvent { action=ACTION_MOVE, actionButton=0, id[0]=0, x[0]=500.0, y[0]=1458.5, toolType[0]=TOOL_TYPE_UNKNOWN, buttonState=0, metaState=0, flags=0x0, edgeFlags=0x0, pointerCount=1, historySize=0, eventTime=854961838, downTime=854961838, deviceId=0, source=0x1002 }
08-06 05:29:05.431  5351  5626 I art     : Starting a blocking GC Explicit
08-06 05:29:05.441  6926  6926 I Input   : injectMotionEvent: MotionEvent { action=ACTION_MOVE, actionButton=0, id[0]=0, x[0]=500.0, y[0]=1428.1, toolType[0]=TOOL_TYPE_UNKNOWN, buttonState=0, metaState=0, flags=0x0, edgeFlags=0x0, pointerCount=1, historySize=0, eventTime=854961854, downTime=854961854, deviceId=0, source=0x1002 }
08-06 05:29:05.458  6926  6926 I Input   : injectMotionEvent: MotionEvent { action=ACTION_MOVE, actionButton=0, id[0]=0, x[0]=500.0, y[0]=1395.8, toolType[0]=TOOL_TYPE_UNKNOWN, buttonState=0, metaState=0, flags=0x0, edgeFlags=0x0, pointerCount=1, historySize=0, eventTime=854961871, downTime=854961871, deviceId=0, source=0x1002 }
08-06 05:29:05.474  6926  6926 I Input   : injectMotionEvent: MotionEvent { action=ACTION_MOVE, actionButton=0, id[0]=0, x[0]=500.0, y[0]=1365.4, toolType[0]=TOOL_TYPE_UNKNOWN, buttonState=0, metaState=0, flags=0x0, edgeFlags=0x0, pointerCount=1, historySize=0, eventTime=854961887, downTime=854961887, deviceId=0, source=0x1002 }
08-06 05:29:05.476  5351  5626 I art     : Explicit concurrent mark sweep GC freed 3(96B) AllocSpace objects, 0(0B) LOS objects, 10% free, 135MB/151MB, paused 1.121ms total 44.624ms
08-06 05:29:05.490  6926  6926 I Input   : injectMotionEvent: MotionEvent { action=ACTION_MOVE, actionButton=0, id[0]=0, x[0]=500.0, y[0]=1333.1, toolType[0]=TOOL_TYPE_UNKNOWN, buttonState=0, metaState=0, flags=0x0, edgeFlags=0x0, pointerCount=1, historySize=0, eventTime=854961904, downTime=854961904, deviceId=0, source=0x1002 }
08-06 05:29:05.494  5351  5626 I art     : Starting a blocking GC Explicit
08-06 05:29:05.508  6926  6926 I Input   : injectMotionEvent: MotionEvent { action=ACTION_MOVE, actionButton=0, id[0]=0, x[0]=500.0, y[0]=1300.8, toolType[0]=TOOL_TYPE_UNKNOWN, buttonState=0, metaState=0, flags=0x0, edgeFlags=0x0, pointerCount=1, historySize=0, eventTime=854961921, downTime=854961921, deviceId=0, source=0x1002 }
08-06 05:29:05.525  6926  6926 I Input   : injectMotionEvent: MotionEvent { action=ACTION_MOVE, actionButton=0, id[0]=0, x[0]=500.0, y[0]=1266.6, toolType[0]=TOOL_TYPE_UNKNOWN, buttonState=0, metaState=0, flags=0x0, edgeFlags=0x0, pointerCount=1, historySize=0, eventTime=854961939, downTime=854961939, deviceId=0, source=0x1002 }
08-06 05:29:05.539  5351  5626 I art     : Explicit concurrent mark sweep GC freed 3(96B) AllocSpace objects, 0(0B) LOS objects, 10% free, 135MB/151MB, paused 1.113ms total 44.641ms
08-06 05:29:05.543  6926  6926 I Input   : injectMotionEvent: MotionEvent { action=ACTION_MOVE, actionButton=0, id[0]=0, x[0]=500.0, y[0]=1234.3, toolType[0]=TOOL_TYPE_UNKNOWN, buttonState=0, metaState=0, flags=0x0, edgeFlags=0x0, pointerCount=1, historySize=0, eventTime=854961956, downTime=854961956, deviceId=0, source=0x1002 }
08-06 05:29:05.556  5351  5626 I art     : Starting a blocking GC Explicit
08-06 05:29:05.560  6926  6926 I Input   : injectMotionEvent: MotionEvent { action=ACTION_MOVE, actionButton=0, id[0]=0, x[0]=500.0, y[0]=1202.0, toolType[0]=TOOL_TYPE_UNKNOWN, buttonState=0, metaState=0, flags=0x0, edgeFlags=0x0, pointerCount=1, historySize=0, eventTime=854961973, downTime=854961973, deviceId=0, source=0x1002 }
08-06 05:29:05.597  5351  5626 I art     : Explicit concurrent mark sweep GC freed 10(336B) AllocSpace objects, 0(0B) LOS objects, 10% free, 135MB/151MB, paused 1.333ms total 40.376ms
08-06 05:29:05.631  6926  6926 I Input   : injectMotionEvent: MotionEvent { action=ACTION_MOVE, actionButton=0, id[0]=0, x[0]=500.0, y[0]=1067.1001, toolType[0]=TOOL_TYPE_UNKNOWN, buttonState=0, metaState=0, flags=0x0, edgeFlags=0x0, pointerCount=1, historySize=0, eventTime=854962044, downTime=854962044, deviceId=0, source=0x1002 }
08-06 05:29:05.690  6926  6926 I Input   : injectMotionEvent: MotionEvent { action=ACTION_MOVE, actionButton=0, id[0]=0, x[0]=500.0, y[0]=955.0, toolType[0]=TOOL_TYPE_UNKNOWN, buttonState=0, metaState=0, flags=0x0, edgeFlags=0x0, pointerCount=1, historySize=0, eventTime=854962103, downTime=854962103, deviceId=0, source=0x1002 }
08-06 05:29:05.747  6926  6926 I Input   : injectMotionEvent: MotionEvent { action=ACTION_MOVE, actionButton=0, id[0]=0, x[0]=500.0, y[0]=846.7001, toolType[0]=TOOL_TYPE_UNKNOWN, buttonState=0, metaState=0, flags=0x0, edgeFlags=0x0, pointerCount=1, historySize=0, eventTime=854962160, downTime=854962160, deviceId=0, source=0x1002 }
08-06 05:29:05.805  6926  6926 I Input   : injectMotionEvent: MotionEvent { action=ACTION_MOVE, actionButton=0, id[0]=0, x[0]=500.0, y[0]=736.5, toolType[0]=TOOL_TYPE_UNKNOWN, buttonState=0, metaState=0, flags=0x0, edgeFlags=0x0, pointerCount=1, historySize=0, eventTime=854962218, downTime=854962218, deviceId=0, source=0x1002 }
08-06 05:29:05.867  6926  6926 I Input   : injectMotionEvent: MotionEvent { action=ACTION_MOVE, actionButton=0, id[0]=0, x[0]=500.0, y[0]=618.69995, toolType[0]=TOOL_TYPE_UNKNOWN, buttonState=0, metaState=0, flags=0x0, edgeFlags=0x0, pointerCount=1, historySize=0, eventTime=854962280, downTime=854962280, deviceId=0, source=0x1002 }
08-06 05:29:05.930  6926  6926 I Input   : injectMotionEvent: MotionEvent { action=ACTION_MOVE, actionButton=0, id[0]=0, x[0]=500.0, y[0]=499.0, toolType[0]=TOOL_TYPE_UNKNOWN, buttonState=0, metaState=0, flags=0x0, edgeFlags=0x0, pointerCount=1, historySize=0, eventTime=854962343, downTime=854962343, deviceId=0, source=0x1002 }
08-06 05:29:05.973  5351  5363 I art     : Starting a blocking GC Explicit
08-06 05:29:05.992  6926  6926 I Input   : injectMotionEvent: MotionEvent { action=ACTION_MOVE, actionButton=0, id[0]=0, x[0]=500.0, y[0]=381.19995, toolType[0]=TOOL_TYPE_UNKNOWN, buttonState=0, metaState=0, flags=0x0, edgeFlags=0x0, pointerCount=1, historySize=0, eventTime=854962405, downTime=854962405, deviceId=0, source=0x1002 }
08-06 05:29:06.014  5351  5363 I art     : Explicit concurrent mark sweep GC freed 1620(93KB) AllocSpace objects, 2(36KB) LOS objects, 10% free, 135MB/151MB, paused 1.066ms total 40.133ms
08-06 05:29:06.031  5351  5363 I art     : Starting a blocking GC Explicit
08-06 05:29:06.059 14692 14729 I Finsky  : [6155] ktr.run(-1): Stats for Executor: bgExecutor kvs@e92de3c[Running, pool size = 4, active threads = 0, queued tasks = 0, completed tasks = 217]
08-06 05:29:06.071  5351  5363 I art     : Explicit concurrent mark sweep GC freed 28(1024B) AllocSpace objects, 0(0B) LOS objects, 10% free, 135MB/151MB, paused 1.220ms total 39.656ms
08-06 05:29:06.086  6926  6926 I Input   : injectMotionEvent: MotionEvent { action=ACTION_MOVE, actionButton=0, id[0]=0, x[0]=500.0, y[0]=202.6001, toolType[0]=TOOL_TYPE_UNKNOWN, buttonState=0, metaState=0, flags=0x0, edgeFlags=0x0, pointerCount=1, historySize=0, eventTime=854962499, downTime=854962499, deviceId=0, source=0x1002 }
08-06 05:29:06.090  5351  5363 I art     : Starting a blocking GC Explicit
08-06 05:29:06.127  6926  6926 I Input   : injectMotionEvent: MotionEvent { action=ACTION_MOVE, actionButton=0, id[0]=0, x[0]=500.0, y[0]=124.70007, toolType[0]=TOOL_TYPE_UNKNOWN, buttonState=0, metaState=0, flags=0x0, edgeFlags=0x0, pointerCount=1, historySize=0, eventTime=854962540, downTime=854962540, deviceId=0, source=0x1002 }
08-06 05:29:06.131  5351  5363 I art     : Explicit concurrent mark sweep GC freed 8(256B) AllocSpace objects, 0(0B) LOS objects, 10% free, 135MB/151MB, paused 1.245ms total 39.982ms
08-06 05:29:06.148  5351  5363 I art     : Starting a blocking GC Explicit
08-06 05:29:06.165  6926  6926 I Input   : injectMotionEvent: MotionEvent { action=ACTION_UP, actionButton=0, id[0]=0, x[0]=500.0, y[0]=100.0, toolType[0]=TOOL_TYPE_UNKNOWN, buttonState=0, metaState=0, flags=0x0, edgeFlags=0x0, pointerCount=1, historySize=0, eventTime=854962579, downTime=854962579, deviceId=0, source=0x1002 }
08-06 05:29:06.188  5351  5363 I art     : Explicit concurrent mark sweep GC freed 7(224B) AllocSpace objects, 0(0B) LOS objects, 10% free, 135MB/151MB, paused 1.312ms total 39.931ms
08-06 05:29:06.207  6926  6926 D AndroidRuntime: Shutting down VM
08-06 05:29:06.209  5351  5363 I art     : Starting a blocking GC Explicit
08-06 05:29:06.248  5351  5363 I art     : Explicit concurrent mark sweep GC freed 4(128B) AllocSpace objects, 0(0B) LOS objects, 10% free, 135MB/151MB, paused 1.303ms total 39.021ms
08-06 05:29:06.624  5351  5369 I art     : Starting a blocking GC Explicit
08-06 05:29:06.664  5351  5369 I art     : Explicit concurrent mark sweep GC freed 1599(92KB) AllocSpace objects, 2(36KB) LOS objects, 10% free, 135MB/151MB, paused 1.123ms total 39.790ms
08-06 05:29:06.681  5351  5369 I art     : Starting a blocking GC Explicit
08-06 05:29:06.720  5351  5369 I art     : Explicit concurrent mark sweep GC freed 42(1696B) AllocSpace objects, 0(0B) LOS objects, 10% free, 135MB/151MB, paused 1.054ms total 38.551ms
08-06 05:29:06.739  5351  5369 I art     : Starting a blocking GC Explicit
08-06 05:29:06.778  5351  5369 I art     : Explicit concurrent mark sweep GC freed 36(992B) AllocSpace objects, 0(0B) LOS objects, 10% free, 135MB/151MB, paused 1.167ms total 38.576ms
08-06 05:29:06.795  5351  5369 I art     : Starting a blocking GC Explicit
08-06 05:29:06.834  5351  5369 I art     : Explicit concurrent mark sweep GC freed 7(224B) AllocSpace objects, 0(0B) LOS objects, 10% free, 135MB/151MB, paused 1.012ms total 38.333ms
08-06 05:29:06.853  5351  5369 I art     : Starting a blocking GC Explicit
08-06 05:29:06.892  5351  5369 I art     : Explicit concurrent mark sweep GC freed 3(96B) AllocSpace objects, 0(0B) LOS objects, 10% free, 135MB/151MB, paused 1.080ms total 38.282ms
08-06 05:29:06.966  6972  6972 D AndroidRuntime: >>>>>> START com.android.internal.os.RuntimeInit uid 2000 <<<<<<
08-06 05:29:06.973  6972  6972 D AndroidRuntime: CheckJNI is OFF
08-06 05:29:07.014  6972  6972 D ICU     : No timezone override file found: /data/misc/zoneinfo/current/icu/icu_tzdata.dat
08-06 05:29:07.057  6972  6972 I Radio-JNI: register_android_hardware_Radio DONE
08-06 05:29:07.085  6972  6972 D AndroidRuntime: Calling main entry com.android.commands.input.Input
08-06 05:29:07.088  6972  6972 I Input   : injectMotionEvent: MotionEvent { action=ACTION_DOWN, actionButton=0, id[0]=0, x[0]=500.0, y[0]=2000.0, toolType[0]=TOOL_TYPE_UNKNOWN, buttonState=0, metaState=0, flags=0x0, edgeFlags=0x0, pointerCount=1, historySize=0, eventTime=854963500, downTime=854963500, deviceId=0, source=0x1002 }
08-06 05:29:07.093  6972  6972 I Input   : injectMotionEvent: MotionEvent { action=ACTION_MOVE, actionButton=0, id[0]=0, x[0]=500.0, y[0]=2000.0, toolType[0]=TOOL_TYPE_UNKNOWN, buttonState=0, metaState=0, flags=0x0, edgeFlags=0x0, pointerCount=1, historySize=0, eventTime=854963500, downTime=854963500, deviceId=0, source=0x1002 }
08-06 05:29:07.112  6972  6972 I Input   : injectMotionEvent: MotionEvent { action=ACTION_MOVE, actionButton=0, id[0]=0, x[0]=500.0, y[0]=1952.5, toolType[0]=TOOL_TYPE_UNKNOWN, buttonState=0, metaState=0, flags=0x0, edgeFlags=0x0, pointerCount=1, historySize=0, eventTime=854963525, downTime=854963525, deviceId=0, source=0x1002 }
08-06 05:29:07.126  6972  6972 I Input   : injectMotionEvent: MotionEvent { action=ACTION_MOVE, actionButton=0, id[0]=0, x[0]=500.0, y[0]=1925.9, toolType[0]=TOOL_TYPE_UNKNOWN, buttonState=0, metaState=0, flags=0x0, edgeFlags=0x0, pointerCount=1, historySize=0, eventTime=854963539, downTime=854963539, deviceId=0, source=0x1002 }
08-06 05:29:07.144  6972  6972 I Input   : injectMotionEvent: MotionEvent { action=ACTION_MOVE, actionButton=0, id[0]=0, x[0]=500.0, y[0]=1891.7, toolType[0]=TOOL_TYPE_UNKNOWN, buttonState=0, metaState=0, flags=0x0, edgeFlags=0x0, pointerCount=1, historySize=0, eventTime=854963557, downTime=854963557, deviceId=0, source=0x1002 }
08-06 05:29:07.187  6972  6972 I Input   : injectMotionEvent: MotionEvent { action=ACTION_MOVE, actionButton=0, id[0]=0, x[0]=500.0, y[0]=1810.0, toolType[0]=TOOL_TYPE_UNKNOWN, buttonState=0, metaState=0, flags=0x0, edgeFlags=0x0, pointerCount=1, historySize=0, eventTime=854963600, downTime=854963600, deviceId=0, source=0x1002 }
08-06 05:29:07.228  6972  6972 I Input   : injectMotionEvent: MotionEvent { action=ACTION_MOVE, actionButton=0, id[0]=0, x[0]=500.0, y[0]=1732.1, toolType[0]=TOOL_TYPE_UNKNOWN, buttonState=0, metaState=0, flags=0x0, edgeFlags=0x0, pointerCount=1, historySize=0, eventTime=854963641, downTime=854963641, deviceId=0, source=0x1002 }
08-06 05:29:07.269  6972  6972 I Input   : injectMotionEvent: MotionEvent { action=ACTION_MOVE, actionButton=0, id[0]=0, x[0]=500.0, y[0]=1652.3, toolType[0]=TOOL_TYPE_UNKNOWN, buttonState=0, metaState=0, flags=0x0, edgeFlags=0x0, pointerCount=1, historySize=0, eventTime=854963683, downTime=854963683, deviceId=0, source=0x1002 }
08-06 05:29:07.270  5351  5369 I art     : Starting a blocking GC Explicit
08-06 05:29:07.310  6972  6972 I Input   : injectMotionEvent: MotionEvent { action=ACTION_MOVE, actionButton=0, id[0]=0, x[0]=500.0, y[0]=1578.2, toolType[0]=TOOL_TYPE_UNKNOWN, buttonState=0, metaState=0, flags=0x0, edgeFlags=0x0, pointerCount=1, historySize=0, eventTime=854963722, downTime=854963722, deviceId=0, source=0x1002 }
08-06 05:29:07.313  5351  5369 I art     : Explicit concurrent mark sweep GC freed 1614(92KB) AllocSpace objects, 2(36KB) LOS objects, 10% free, 135MB/151MB, paused 1.290ms total 42.424ms
08-06 05:29:07.330  5351  5369 I art     : Starting a blocking GC Explicit
08-06 05:29:07.348  6972  6972 I Input   : injectMotionEvent: MotionEvent { action=ACTION_MOVE, actionButton=0, id[0]=0, x[0]=500.0, y[0]=1504.1, toolType[0]=TOOL_TYPE_UNKNOWN, buttonState=0, metaState=0, flags=0x0, edgeFlags=0x0, pointerCount=1, historySize=0, eventTime=854963761, downTime=854963761, deviceId=0, source=0x1002 }
08-06 05:29:07.370  5351  5369 I art     : Explicit concurrent mark sweep GC freed 31(1120B) AllocSpace objects, 0(0B) LOS objects, 10% free, 135MB/151MB, paused 1.201ms total 39.540ms
08-06 05:29:07.389  5351  5369 I art     : Starting a blocking GC Explicit
08-06 05:29:07.394  6972  6972 I Input   : injectMotionEvent: MotionEvent { action=ACTION_MOVE, actionButton=0, id[0]=0, x[0]=500.0, y[0]=1416.7, toolType[0]=TOOL_TYPE_UNKNOWN, buttonState=0, metaState=0, flags=0x0, edgeFlags=0x0, pointerCount=1, historySize=0, eventTime=854963807, downTime=854963807, deviceId=0, source=0x1002 }
08-06 05:29:07.431  5351  5369 I art     : Explicit concurrent mark sweep GC freed 5(160B) AllocSpace objects, 0(0B) LOS objects, 10% free, 135MB/151MB, paused 1.178ms total 41.416ms
08-06 05:29:07.432  6972  6972 I Input   : injectMotionEvent: MotionEvent { action=ACTION_MOVE, actionButton=0, id[0]=0, x[0]=500.0, y[0]=1342.6001, toolType[0]=TOOL_TYPE_UNKNOWN, buttonState=0, metaState=0, flags=0x0, edgeFlags=0x0, pointerCount=1, historySize=0, eventTime=854963846, downTime=854963846, deviceId=0, source=0x1002 }
08-06 05:29:07.448  5351  5369 I art     : Starting a blocking GC Explicit
08-06 05:29:07.470  6972  6972 I Input   : injectMotionEvent: MotionEvent { action=ACTION_MOVE, actionButton=0, id[0]=0, x[0]=500.0, y[0]=1272.3, toolType[0]=TOOL_TYPE_UNKNOWN, buttonState=0, metaState=0, flags=0x0, edgeFlags=0x0, pointerCount=1, historySize=0, eventTime=854963883, downTime=854963883, deviceId=0, source=0x1002 }
08-06 05:29:07.487  5351  5369 I art     : Explicit concurrent mark sweep GC freed 7(224B) AllocSpace objects, 0(0B) LOS objects, 10% free, 135MB/151MB, paused 1.176ms total 39.634ms
08-06 05:29:07.505  5351  5369 I art     : Starting a blocking GC Explicit
08-06 05:29:07.510  6972  6972 I Input   : injectMotionEvent: MotionEvent { action=ACTION_MOVE, actionButton=0, id[0]=0, x[0]=500.0, y[0]=1196.3, toolType[0]=TOOL_TYPE_UNKNOWN, buttonState=0, metaState=0, flags=0x0, edgeFlags=0x0, pointerCount=1, historySize=0, eventTime=854963923, downTime=854963923, deviceId=0, source=0x1002 }
08-06 05:29:07.547  5351  5369 I art     : Explicit concurrent mark sweep GC freed 5(160B) AllocSpace objects, 0(0B) LOS objects, 10% free, 135MB/151MB, paused 1.225ms total 42.179ms
08-06 05:29:07.548  6972  6972 I Input   : injectMotionEvent: MotionEvent { action=ACTION_MOVE, actionButton=0, id[0]=0, x[0]=500.0, y[0]=1124.1001, toolType[0]=TOOL_TYPE_UNKNOWN, buttonState=0, metaState=0, flags=0x0, edgeFlags=0x0, pointerCount=1, historySize=0, eventTime=854963961, downTime=854963961, deviceId=0, source=0x1002 }
08-06 05:29:07.585  6972  6972 I Input   : injectMotionEvent: MotionEvent { action=ACTION_MOVE, actionButton=0, id[0]=0, x[0]=500.0, y[0]=1053.8, toolType[0]=TOOL_TYPE_UNKNOWN, buttonState=0, metaState=0, flags=0x0, edgeFlags=0x0, pointerCount=1, historySize=0, eventTime=854963998, downTime=854963998, deviceId=0, source=0x1002 }
08-06 05:29:07.619  6972  6972 I Input   : injectMotionEvent: MotionEvent { action=ACTION_MOVE, actionButton=0, id[0]=0, x[0]=500.0, y[0]=987.3, toolType[0]=TOOL_TYPE_UNKNOWN, buttonState=0, metaState=0, flags=0x0, edgeFlags=0x0, pointerCount=1, historySize=0, eventTime=854964033, downTime=854964033, deviceId=0, source=0x1002 }
08-06 05:29:07.655  6972  6972 I Input   : injectMotionEvent: MotionEvent { action=ACTION_MOVE, actionButton=0, id[0]=0, x[0]=500.0, y[0]=920.7999, toolType[0]=TOOL_TYPE_UNKNOWN, buttonState=0, metaState=0, flags=0x0, edgeFlags=0x0, pointerCount=1, historySize=0, eventTime=854964068, downTime=854964068, deviceId=0, source=0x1002 }
08-06 05:29:07.690  6972  6972 I Input   : injectMotionEvent: MotionEvent { action=ACTION_MOVE, actionButton=0, id[0]=0, x[0]=500.0, y[0]=854.30005, toolType[0]=TOOL_TYPE_UNKNOWN, buttonState=0, metaState=0, flags=0x0, edgeFlags=0x0, pointerCount=1, historySize=0, eventTime=854964103, downTime=854964103, deviceId=0, source=0x1002 }
08-06 05:29:07.725  6972  6972 I Input   : injectMotionEvent: MotionEvent { action=ACTION_MOVE, actionButton=0, id[0]=0, x[0]=500.0, y[0]=785.9, toolType[0]=TOOL_TYPE_UNKNOWN, buttonState=0, metaState=0, flags=0x0, edgeFlags=0x0, pointerCount=1, historySize=0, eventTime=854964139, downTime=854964139, deviceId=0, source=0x1002 }
08-06 05:29:07.761  6972  6972 I Input   : injectMotionEvent: MotionEvent { action=ACTION_MOVE, actionButton=0, id[0]=0, x[0]=500.0, y[0]=719.3999, toolType[0]=TOOL_TYPE_UNKNOWN, buttonState=0, metaState=0, flags=0x0, edgeFlags=0x0, pointerCount=1, historySize=0, eventTime=854964174, downTime=854964174, deviceId=0, source=0x1002 }
08-06 05:29:07.802  6972  6972 I Input   : injectMotionEvent: MotionEvent { action=ACTION_MOVE, actionButton=0, id[0]=0, x[0]=500.0, y[0]=641.5, toolType[0]=TOOL_TYPE_UNKNOWN, buttonState=0, metaState=0, flags=0x0, edgeFlags=0x0, pointerCount=1, historySize=0, eventTime=854964215, downTime=854964215, deviceId=0, source=0x1002 }
08-06 05:29:07.839  6972  6972 I Input   : injectMotionEvent: MotionEvent { action=ACTION_MOVE, actionButton=0, id[0]=0, x[0]=500.0, y[0]=571.2001, toolType[0]=TOOL_TYPE_UNKNOWN, buttonState=0, metaState=0, flags=0x0, edgeFlags=0x0, pointerCount=1, historySize=0, eventTime=854964252, downTime=854964252, deviceId=0, source=0x1002 }
08-06 05:29:07.878  6972  6972 I Input   : injectMotionEvent: MotionEvent { action=ACTION_MOVE, actionButton=0, id[0]=0, x[0]=500.0, y[0]=497.09998, toolType[0]=TOOL_TYPE_UNKNOWN, buttonState=0, metaState=0, flags=0x0, edgeFlags=0x0, pointerCount=1, historySize=0, eventTime=854964291, downTime=854964291, deviceId=0, source=0x1002 }
08-06 05:29:07.917  6972  6972 I Input   : injectMotionEvent: MotionEvent { action=ACTION_MOVE, actionButton=0, id[0]=0, x[0]=500.0, y[0]=423.0, toolType[0]=TOOL_TYPE_UNKNOWN, buttonState=0, metaState=0, flags=0x0, edgeFlags=0x0, pointerCount=1, historySize=0, eventTime=854964330, downTime=854964330, deviceId=0, source=0x1002 }
08-06 05:29:07.932  5351  5626 I art     : Starting a blocking GC Explicit
08-06 05:29:07.955  6972  6972 I Input   : injectMotionEvent: MotionEvent { action=ACTION_MOVE, actionButton=0, id[0]=0, x[0]=500.0, y[0]=348.90002, toolType[0]=TOOL_TYPE_UNKNOWN, buttonState=0, metaState=0, flags=0x0, edgeFlags=0x0, pointerCount=1, historySize=0, eventTime=854964369, downTime=854964369, deviceId=0, source=0x1002 }
08-06 05:29:07.972  5351  5626 I art     : Explicit concurrent mark sweep GC freed 1649(93KB) AllocSpace objects, 2(36KB) LOS objects, 10% free, 135MB/151MB, paused 1.072ms total 40.047ms
08-06 05:29:07.990  5351  5626 I art     : Starting a blocking GC Explicit
08-06 05:29:07.996  6972  6972 I Input   : injectMotionEvent: MotionEvent { action=ACTION_MOVE, actionButton=0, id[0]=0, x[0]=500.0, y[0]=272.90002, toolType[0]=TOOL_TYPE_UNKNOWN, buttonState=0, metaState=0, flags=0x0, edgeFlags=0x0, pointerCount=1, historySize=0, eventTime=854964409, downTime=854964409, deviceId=0, source=0x1002 }
08-06 05:29:08.033  5351  5626 I art     : Explicit concurrent mark sweep GC freed 32(1152B) AllocSpace objects, 0(0B) LOS objects, 10% free, 135MB/151MB, paused 1.097ms total 42.936ms
08-06 05:29:08.035  6972  6972 I Input   : injectMotionEvent: MotionEvent { action=ACTION_MOVE, actionButton=0, id[0]=0, x[0]=500.0, y[0]=198.79993, toolType[0]=TOOL_TYPE_UNKNOWN, buttonState=0, metaState=0, flags=0x0, edgeFlags=0x0, pointerCount=1, historySize=0, eventTime=854964448, downTime=854964448, deviceId=0, source=0x1002 }
08-06 05:29:08.050  5351  5626 I art     : Starting a blocking GC Explicit
08-06 05:29:08.073  6972  6972 I Input   : injectMotionEvent: MotionEvent { action=ACTION_MOVE, actionButton=0, id[0]=0, x[0]=500.0, y[0]=124.70007, toolType[0]=TOOL_TYPE_UNKNOWN, buttonState=0, metaState=0, flags=0x0, edgeFlags=0x0, pointerCount=1, historySize=0, eventTime=854964487, downTime=854964487, deviceId=0, source=0x1002 }
08-06 05:29:08.092   518   646 I ThermalEngine: ACTION: GPU - Setting GPU[0] to 390000000
08-06 05:29:08.096  5351  5626 I art     : Explicit concurrent mark sweep GC freed 7(224B) AllocSpace objects, 0(0B) LOS objects, 10% free, 135MB/151MB, paused 1.626ms total 46.325ms
08-06 05:29:08.121  6972  6972 I Input   : injectMotionEvent: MotionEvent { action=ACTION_UP, actionButton=0, id[0]=0, x[0]=500.0, y[0]=100.0, toolType[0]=TOOL_TYPE_UNKNOWN, buttonState=0, metaState=0, flags=0x0, edgeFlags=0x0, pointerCount=1, historySize=0, eventTime=854964534, downTime=854964534, deviceId=0, source=0x1002 }
08-06 05:29:08.124  5351  5626 I art     : Starting a blocking GC Explicit
08-06 05:29:08.160  6972  6972 D AndroidRuntime: Shutting down VM
08-06 05:29:08.172  5351  5626 I art     : Explicit concurrent mark sweep GC freed 21(944B) AllocSpace objects, 0(0B) LOS objects, 10% free, 135MB/151MB, paused 1.511ms total 48.196ms
08-06 05:29:08.203  5351  5626 I art     : Starting a blocking GC Explicit
08-06 05:29:08.251  5351  5626 I art     : Explicit concurrent mark sweep GC freed 14(672B) AllocSpace objects, 0(0B) LOS objects, 10% free, 135MB/151MB, paused 1.507ms total 47.475ms
08-06 05:29:08.671  5351  5363 I art     : Starting a blocking GC Explicit
08-06 05:29:08.726  5351  5363 I art     : Explicit concurrent mark sweep GC freed 1613(93KB) AllocSpace objects, 2(36KB) LOS objects, 10% free, 135MB/151MB, paused 1.609ms total 54.017ms
08-06 05:29:08.748  5351  5363 I art     : Starting a blocking GC Explicit
08-06 05:29:08.801  5351  5363 I art     : Explicit concurrent mark sweep GC freed 59(1856B) AllocSpace objects, 0(0B) LOS objects, 10% free, 135MB/151MB, paused 1.641ms total 52.708ms
08-06 05:29:08.823  5351  5363 I art     : Starting a blocking GC Explicit
08-06 05:29:08.879  5351  5363 I art     : Explicit concurrent mark sweep GC freed 3(96B) AllocSpace objects, 0(0B) LOS objects, 10% free, 135MB/151MB, paused 1.725ms total 54.698ms
08-06 05:29:08.901  5351  5363 I art     : Starting a blocking GC Explicit
08-06 05:29:08.955  5351  5363 I art     : Explicit concurrent mark sweep GC freed 3(96B) AllocSpace objects, 0(0B) LOS objects, 10% free, 135MB/151MB, paused 1.606ms total 53.213ms
08-06 05:29:08.977  5351  5363 I art     : Starting a blocking GC Explicit
08-06 05:29:09.031  5351  5363 I art     : Explicit concurrent mark sweep GC freed 3(96B) AllocSpace objects, 0(0B) LOS objects, 10% free, 135MB/151MB, paused 1.662ms total 53.370ms
08-06 05:29:09.039  7014  7014 D AndroidRuntime: >>>>>> START com.android.internal.os.RuntimeInit uid 2000 <<<<<<
08-06 05:29:09.045  7014  7014 D AndroidRuntime: CheckJNI is OFF
08-06 05:29:09.101  7014  7014 D ICU     : No timezone override file found: /data/misc/zoneinfo/current/icu/icu_tzdata.dat
08-06 05:29:09.147  7014  7014 I Radio-JNI: register_android_hardware_Radio DONE
08-06 05:29:09.179  7014  7014 D AndroidRuntime: Calling main entry com.android.commands.input.Input
08-06 05:29:09.182  7014  7014 I Input   : injectMotionEvent: MotionEvent { action=ACTION_DOWN, actionButton=0, id[0]=0, x[0]=657.0, y[0]=2080.0, toolType[0]=TOOL_TYPE_UNKNOWN, buttonState=0, metaState=0, flags=0x0, edgeFlags=0x0, pointerCount=1, historySize=0, eventTime=854965594, downTime=854965594, deviceId=0, source=0x1002 }
08-06 05:29:09.188  7014  7014 I Input   : injectMotionEvent: MotionEvent { action=ACTION_UP, actionButton=0, id[0]=0, x[0]=657.0, y[0]=2080.0, toolType[0]=TOOL_TYPE_UNKNOWN, buttonState=0, metaState=0, flags=0x0, edgeFlags=0x0, pointerCount=1, historySize=0, eventTime=854965594, downTime=854965594, deviceId=0, source=0x1002 }
08-06 05:29:09.191  7014  7014 D AndroidRuntime: Shutting down VM
08-06 05:29:09.193   512  2967 D audio_hw_primary: out_set_parameters: enter: usecase(1: low-latency-playback) kvpairs: routing=2
08-06 05:29:09.205   918  3696 I ActivityManager: START u0 {cmp=baseline.io.github.project_travel_mate/.utilities.UpcomingWeekendsActivity} from uid 10696 on display 0
08-06 05:29:09.207   512  2967 D audio_hw_primary: select_devices: out_snd_device(2: speaker) in_snd_device(0: none)
08-06 05:29:09.207   512  2967 D msm8974_platform: platform_send_audio_calibration: sending audio calibration for snd_device(2) acdb_id(15)
08-06 05:29:09.207   512  2967 I soundtrigger: audio_extn_sound_trigger_update_device_status: device 0x2 of type 0 for Event 1
08-06 05:29:09.225   512  2967 D audio_hw_primary: enable_snd_device: snd_device(2: speaker)
08-06 05:29:09.228   512  2967 D audio_hw_primary: enable_audio_route: apply and update mixer path: low-latency-playback speaker
08-06 05:29:09.266  5351  5415 D Gabe    : call	returning from cache
08-06 05:29:09.270  5351  5351 V EXECUTING: https://project-travel-mate.herokuapp.com/api/get-upcoming-holidays/2020
08-06 05:29:09.279  5351  5351 V EXECUTING: https://project-travel-mate.herokuapp.com/api/get-upcoming-holidays/2020
08-06 05:29:09.375 13866 13866 I GoogleInputMethodServic: GoogleInputMethodService.onFinishInput():3138 
08-06 05:29:09.376 13866 13866 I GoogleInputMethodServic: GoogleInputMethodService.onStartInput():1808 
08-06 05:29:09.466  5351  5626 I art     : Starting a blocking GC Explicit
08-06 05:29:09.496   918   936 I ActivityManager: Displayed baseline.io.github.project_travel_mate/.utilities.UpcomingWeekendsActivity: +274ms
08-06 05:29:09.518  5351  5626 I art     : Explicit concurrent mark sweep GC freed 3412(238KB) AllocSpace objects, 2(36KB) LOS objects, 10% free, 139MB/155MB, paused 2.268ms total 51.857ms
08-06 05:29:09.542  5351  5626 I art     : Starting a blocking GC Explicit
08-06 05:29:09.593  5351  5626 I art     : Explicit concurrent mark sweep GC freed 300(12KB) AllocSpace objects, 0(0B) LOS objects, 10% free, 139MB/155MB, paused 1.606ms total 50.726ms
08-06 05:29:09.615  5351  5626 I art     : Starting a blocking GC Explicit
08-06 05:29:09.668  5351  5626 I art     : Explicit concurrent mark sweep GC freed 60(1008B) AllocSpace objects, 0(0B) LOS objects, 10% free, 139MB/155MB, paused 2.081ms total 52.883ms
08-06 05:29:09.691  5351  5626 I art     : Starting a blocking GC Explicit
08-06 05:29:09.742  5351  5626 I art     : Explicit concurrent mark sweep GC freed 132(2672B) AllocSpace objects, 0(0B) LOS objects, 10% free, 139MB/155MB, paused 1.732ms total 50.705ms
08-06 05:29:09.744   380   380 W SurfaceFlinger: couldn't log to binary event log: overflow.
08-06 05:29:09.763  5351  5626 I art     : Starting a blocking GC Explicit
08-06 05:29:09.770   512  2967 D audio_hw_primary: disable_audio_route: reset and update mixer path: low-latency-playback speaker
08-06 05:29:09.771   512  2967 D audio_hw_primary: disable_snd_device: snd_device(2: speaker)
08-06 05:29:09.780   512  2967 I soundtrigger: audio_extn_sound_trigger_update_device_status: device 0x2 of type 0 for Event 0
08-06 05:29:09.814  5351  5626 I art     : Explicit concurrent mark sweep GC freed 100(1728B) AllocSpace objects, 0(0B) LOS objects, 10% free, 139MB/155MB, paused 1.655ms total 49.860ms
08-06 05:29:10.146  5351  7046 I NAPPA_EXPERIMENTATION: MetricNetworkRequestExecutionTime: REQUEST_DURATION_SYSTEM='874',REQUEST_DURATION_OKHTTP='45',REQUEST_SYNCHRONOUS='FALSE',RESPONSE_CODE='200',RESPONSE_METHOD='GET',RESPONSE_LENGTH_OKHTTP='6426',RESPONSE_LENGTH_HEADER='6426',REQUEST_PROTOCOL='http/1.1',REQUEST_URL='https://project-travel-mate.herokuapp.com/api/get-upcoming-holidays/2020',
08-06 05:29:10.171  5351  7047 I NAPPA_EXPERIMENTATION: MetricNetworkRequestExecutionTime: REQUEST_DURATION_SYSTEM='891',REQUEST_DURATION_OKHTTP='68',REQUEST_SYNCHRONOUS='FALSE',RESPONSE_CODE='200',RESPONSE_METHOD='GET',RESPONSE_LENGTH_OKHTTP='6426',RESPONSE_LENGTH_HEADER='6426',REQUEST_PROTOCOL='http/1.1',REQUEST_URL='https://project-travel-mate.herokuapp.com/api/get-upcoming-holidays/2020',
08-06 05:29:10.226  5351  5369 I art     : Starting a blocking GC Explicit
08-06 05:29:10.265  5351  5351 V Response: [{"month":"January","date":1,"day":"Wednesday","name":"New Year's Day","type":"Restricted"},{"month":"January","date":2,"day":"Thursday","name":"Guru Govind Singh Jayanti","type":"Restricted"},{"month":"January","date":14,"day":"Tuesday","name":"Lohri","type":"Restricted"},{"month":"January","date":15,"day":"Wednesday","name":"Pongal","type":"Restricted"},{"month":"January","date":15,"day":"Wednesday","name":"Makar Sankranti","type":"Restricted"},{"month":"January","date":25,"day":"Saturday","name":"Chinese New Year","type":"Observance"},{"month":"January","date":26,"day":"Sunday","name":"Republic Day","type":"Gazetted"},{"month":"January","date":30,"day":"Thursday","name":"Vasant Panchami","type":"Restricted"},{"month":"February","date":9,"day":"Sunday","name":"Guru Ravidas Jayanti","type":"Restricted"},{"month":"February","date":14,"day":"Friday","name":"Valentine's Day","type":"Observance"},{"month":"February","date":18,"day":"Tuesday","name":"Maharishi Dayanand Saraswati Jayanti","type":"Restricted"},{"month":"February","date":19,"day":"Wednesday","name":"Shivaji Jayanti","type":"Restricted"},{"month":"February","date":21,"day":"Friday","name":"Maha Shivaratri/Shivaratri","type":"Gazetted"},{"month":"March","date":9,"day":"Monday","name":"Holika Dahana","type":"Restricted"},{"month":"March","date":9,"day":"Monday","name":"Hazarat Ali's Birthday","type":"Restricted"},{"month":"March","date":10,"day":"Tuesday","name":"Holi","type":"Gazetted"},{"month":"March","date":20,"day":"Friday","name":"March Equinox","type":"Season"},{"month":"March","date":25,"day":"Wednesday","name":"Chaitra Sukhladi","type":"Restricted"},{"month":"April","date":2,"day":"Thursday","name":"Rama Navami","type":"Gazetted"},{"month":"April","date":6,"day":"Monday","name":"Mahavir Jayanti","type":"Gazetted"},{"month":"April","date":9,"day":"Thursday","name":"First day of Passover","type":"Observance"},{"month":"April","date":9,"day":"Thursday","name":"Maundy Thursday","type":"Observance,"},{"month":"April","date":10,"day":"Friday","name":"Good Friday","type":"Gazetted"},{"month":"April","date":12,"day":"Sunday","name":"Easter Day","type":"Restricted"},{"month":"April","date":13,"day":"Monday","name":"Vaisakhi","type":"Restricted"},{"month":"April","date":14,"day":"Tuesday","name":"Mesadi/Vaisakhadi","type":"Restricted"},{"month":"April","date":14,"day":"Tuesday","name":"Ambedkar Jayanti","type":"Central"},{"month":"May","date":1,"day":"Friday","name":"May Day","type":"Observance"},{"month":"May","date":7,"day":"Thursday","name":"Buddha Purnima/Vesak","type":"Gazetted"},{"month":"May","date":7,"day":"Thursday","name":"Birthday of Ravindranath","type":"Restricted"},{"month":"May","date":10,"day":"Sunday","name":"Mother's Day","type":"Observance"},{"month":"May","date":22,"day":"Friday","name":"Jamat Ul-Vida","type":"Restricted"},{"month":"May","date":25,"day":"Monday","name":"Ramzan Id/Eid-ul-Fitar","type":"Gazetted"},{"month":"May","date":25,"day":"Monday","name":"Ramzan Id/Eid-ul-Fitar","type":"Muslim,"},{"month":"June","date":21,"day":"Sunday","name":"June Solstice","type":"Season"},{"month":"June","date":21,"day":"Sunday","name":"Father's Day","type":"Observance"},{"month":"June","date":23,"day":"Tuesday","name":"Rath Yatra","type":"Restricted"},{"month":"July","date":5,"day":"Sunday","name":"Guru Purnima","type":"Observance"},{"month":"July","date":31,"day":"Friday","name":"Bakr Id/Eid ul-Adha","type":"Gazetted"},{"month":"August","date":2,"day":"Sunday","name":"Friendship Day","type":"Observance"},{"month":"August","date":3,"day":"Monday","name":"Raksha Bandhan (Rakhi)","type":"Restricted"},{"month":"August","date":11,"day":"Tuesday","name":"Janmashtami (Smarta)","type":"Restricted"},{"month":"August","date":12,"day":"Wednesday","name":"Janmashtami","type":"Gazetted"},{"month":"August","date":15,"day":"Saturday","name":"Independence Day","type":"Gazetted"},{"month":"August","date":16,"day":"Sunday","name":"Parsi New Year","type":"Restricted"},{"month":"August","date":22,"day":"Saturday","name":"Ganesh Chaturthi/Vin
08-06 05:29:10.273  5351  5351 V Response: [{"month":"January","date":1,"day":"Wednesday","name":"New Year's Day","type":"Restricted"},{"month":"January","date":2,"day":"Thursday","name":"Guru Govind Singh Jayanti","type":"Restricted"},{"month":"January","date":14,"day":"Tuesday","name":"Lohri","type":"Restricted"},{"month":"January","date":15,"day":"Wednesday","name":"Pongal","type":"Restricted"},{"month":"January","date":15,"day":"Wednesday","name":"Makar Sankranti","type":"Restricted"},{"month":"January","date":25,"day":"Saturday","name":"Chinese New Year","type":"Observance"},{"month":"January","date":26,"day":"Sunday","name":"Republic Day","type":"Gazetted"},{"month":"January","date":30,"day":"Thursday","name":"Vasant Panchami","type":"Restricted"},{"month":"February","date":9,"day":"Sunday","name":"Guru Ravidas Jayanti","type":"Restricted"},{"month":"February","date":14,"day":"Friday","name":"Valentine's Day","type":"Observance"},{"month":"February","date":18,"day":"Tuesday","name":"Maharishi Dayanand Saraswati Jayanti","type":"Restricted"},{"month":"February","date":19,"day":"Wednesday","name":"Shivaji Jayanti","type":"Restricted"},{"month":"February","date":21,"day":"Friday","name":"Maha Shivaratri/Shivaratri","type":"Gazetted"},{"month":"March","date":9,"day":"Monday","name":"Holika Dahana","type":"Restricted"},{"month":"March","date":9,"day":"Monday","name":"Hazarat Ali's Birthday","type":"Restricted"},{"month":"March","date":10,"day":"Tuesday","name":"Holi","type":"Gazetted"},{"month":"March","date":20,"day":"Friday","name":"March Equinox","type":"Season"},{"month":"March","date":25,"day":"Wednesday","name":"Chaitra Sukhladi","type":"Restricted"},{"month":"April","date":2,"day":"Thursday","name":"Rama Navami","type":"Gazetted"},{"month":"April","date":6,"day":"Monday","name":"Mahavir Jayanti","type":"Gazetted"},{"month":"April","date":9,"day":"Thursday","name":"First day of Passover","type":"Observance"},{"month":"April","date":9,"day":"Thursday","name":"Maundy Thursday","type":"Observance,"},{"month":"April","date":10,"day":"Friday","name":"Good Friday","type":"Gazetted"},{"month":"April","date":12,"day":"Sunday","name":"Easter Day","type":"Restricted"},{"month":"April","date":13,"day":"Monday","name":"Vaisakhi","type":"Restricted"},{"month":"April","date":14,"day":"Tuesday","name":"Mesadi/Vaisakhadi","type":"Restricted"},{"month":"April","date":14,"day":"Tuesday","name":"Ambedkar Jayanti","type":"Central"},{"month":"May","date":1,"day":"Friday","name":"May Day","type":"Observance"},{"month":"May","date":7,"day":"Thursday","name":"Buddha Purnima/Vesak","type":"Gazetted"},{"month":"May","date":7,"day":"Thursday","name":"Birthday of Ravindranath","type":"Restricted"},{"month":"May","date":10,"day":"Sunday","name":"Mother's Day","type":"Observance"},{"month":"May","date":22,"day":"Friday","name":"Jamat Ul-Vida","type":"Restricted"},{"month":"May","date":25,"day":"Monday","name":"Ramzan Id/Eid-ul-Fitar","type":"Gazetted"},{"month":"May","date":25,"day":"Monday","name":"Ramzan Id/Eid-ul-Fitar","type":"Muslim,"},{"month":"June","date":21,"day":"Sunday","name":"June Solstice","type":"Season"},{"month":"June","date":21,"day":"Sunday","name":"Father's Day","type":"Observance"},{"month":"June","date":23,"day":"Tuesday","name":"Rath Yatra","type":"Restricted"},{"month":"July","date":5,"day":"Sunday","name":"Guru Purnima","type":"Observance"},{"month":"July","date":31,"day":"Friday","name":"Bakr Id/Eid ul-Adha","type":"Gazetted"},{"month":"August","date":2,"day":"Sunday","name":"Friendship Day","type":"Observance"},{"month":"August","date":3,"day":"Monday","name":"Raksha Bandhan (Rakhi)","type":"Restricted"},{"month":"August","date":11,"day":"Tuesday","name":"Janmashtami (Smarta)","type":"Restricted"},{"month":"August","date":12,"day":"Wednesday","name":"Janmashtami","type":"Gazetted"},{"month":"August","date":15,"day":"Saturday","name":"Independence Day","type":"Gazetted"},{"month":"August","date":16,"day":"Sunday","name":"Parsi New Year","type":"Restricted"},{"month":"August","date":22,"day":"Saturday","name":"Ganesh Chaturthi/Vin
08-06 05:29:10.282  5351  5369 I art     : Explicit concurrent mark sweep GC freed 9651(465KB) AllocSpace objects, 11(484KB) LOS objects, 10% free, 140MB/156MB, paused 2.032ms total 55.163ms
08-06 05:29:10.303  5351  5369 I art     : Starting a blocking GC Explicit
08-06 05:29:10.382  5351  5369 I art     : Explicit concurrent mark sweep GC freed 5775(399KB) AllocSpace objects, 0(0B) LOS objects, 10% free, 140MB/156MB, paused 2.596ms total 79.035ms
08-06 05:29:10.406  5351  5369 I art     : Starting a blocking GC Explicit
08-06 05:29:10.466  5351  5369 I art     : Explicit concurrent mark sweep GC freed 3234(131KB) AllocSpace objects, 0(0B) LOS objects, 10% free, 140MB/156MB, paused 2.236ms total 59.120ms
08-06 05:29:10.488  5351  5369 I art     : Starting a blocking GC Explicit
08-06 05:29:10.546  5351  5369 I art     : Explicit concurrent mark sweep GC freed 416(12KB) AllocSpace objects, 1(4MB) LOS objects, 10% free, 136MB/152MB, paused 1.651ms total 57.141ms
08-06 05:29:10.569  5351  5369 I art     : Starting a blocking GC Explicit
08-06 05:29:10.627  5351  5369 I art     : Explicit concurrent mark sweep GC freed 125(2192B) AllocSpace objects, 0(0B) LOS objects, 10% free, 136MB/152MB, paused 1.747ms total 58.358ms
08-06 05:29:11.066  5351  5363 I art     : Starting a blocking GC Explicit
08-06 05:29:11.129  5351  5363 I art     : Explicit concurrent mark sweep GC freed 2345(105KB) AllocSpace objects, 2(36KB) LOS objects, 10% free, 136MB/152MB, paused 1.973ms total 62.586ms
08-06 05:29:11.153  5351  5363 I art     : Starting a blocking GC Explicit
08-06 05:29:11.215  5351  5363 I art     : Explicit concurrent mark sweep GC freed 166(3KB) AllocSpace objects, 0(0B) LOS objects, 10% free, 136MB/152MB, paused 1.662ms total 60.920ms
08-06 05:29:11.239  5351  5363 I art     : Starting a blocking GC Explicit
08-06 05:29:11.300  5351  5363 I art     : Explicit concurrent mark sweep GC freed 125(2128B) AllocSpace objects, 0(0B) LOS objects, 10% free, 136MB/152MB, paused 2.174ms total 59.990ms
08-06 05:29:11.325  5351  5363 I art     : Starting a blocking GC Explicit
08-06 05:29:11.386  5351  5363 I art     : Explicit concurrent mark sweep GC freed 144(2432B) AllocSpace objects, 0(0B) LOS objects, 10% free, 136MB/152MB, paused 1.733ms total 60.586ms
08-06 05:29:11.411  5351  5363 I art     : Starting a blocking GC Explicit
08-06 05:29:11.471  5351  5363 I art     : Explicit concurrent mark sweep GC freed 124(2128B) AllocSpace objects, 0(0B) LOS objects, 10% free, 136MB/152MB, paused 1.763ms total 59.965ms
08-06 05:29:11.917  5351  5364 I art     : Starting a blocking GC Explicit
08-06 05:29:11.981  5351  5364 I art     : Explicit concurrent mark sweep GC freed 2333(104KB) AllocSpace objects, 2(36KB) LOS objects, 10% free, 136MB/152MB, paused 1.776ms total 62.888ms
08-06 05:29:12.005  5351  5364 I art     : Starting a blocking GC Explicit
08-06 05:29:12.065  5351  5364 I art     : Explicit concurrent mark sweep GC freed 148(3024B) AllocSpace objects, 0(0B) LOS objects, 10% free, 136MB/152MB, paused 1.793ms total 59.441ms
08-06 05:29:12.089  5351  5364 I art     : Starting a blocking GC Explicit
08-06 05:29:12.098   518   646 I ThermalEngine: ACTION: GPU - Setting GPU[0] to 450000000
08-06 05:29:12.140  5351  5364 I art     : Explicit concurrent mark sweep GC freed 123(2096B) AllocSpace objects, 0(0B) LOS objects, 10% free, 136MB/152MB, paused 1.139ms total 50.944ms
08-06 05:29:12.158  5351  5364 I art     : Starting a blocking GC Explicit
08-06 05:29:12.210  5351  5364 I art     : Explicit concurrent mark sweep GC freed 110(2320B) AllocSpace objects, 0(0B) LOS objects, 10% free, 136MB/152MB, paused 1.193ms total 51.182ms
08-06 05:29:12.228  5351  5364 I art     : Starting a blocking GC Explicit
08-06 05:29:12.279  5351  5364 I art     : Explicit concurrent mark sweep GC freed 110(2272B) AllocSpace objects, 0(0B) LOS objects, 10% free, 136MB/152MB, paused 1.176ms total 51.201ms
08-06 05:29:12.693  5351  5626 I art     : Starting a blocking GC Explicit
08-06 05:29:12.747  5351  5626 I art     : Explicit concurrent mark sweep GC freed 2285(103KB) AllocSpace objects, 2(36KB) LOS objects, 10% free, 136MB/152MB, paused 1.190ms total 53.800ms
08-06 05:29:12.766  5351  5626 I art     : Starting a blocking GC Explicit
08-06 05:29:12.820  5351  5626 I art     : Explicit concurrent mark sweep GC freed 147(2992B) AllocSpace objects, 0(0B) LOS objects, 10% free, 136MB/152MB, paused 1.214ms total 53.345ms
08-06 05:29:12.838  5351  5626 I art     : Starting a blocking GC Explicit
08-06 05:29:12.889  5351  5626 I art     : Explicit concurrent mark sweep GC freed 101(1760B) AllocSpace objects, 0(0B) LOS objects, 10% free, 136MB/152MB, paused 1.212ms total 50.729ms
08-06 05:29:12.907  5351  5626 I art     : Starting a blocking GC Explicit
08-06 05:29:12.960  5351  5626 I art     : Explicit concurrent mark sweep GC freed 99(1696B) AllocSpace objects, 0(0B) LOS objects, 10% free, 136MB/152MB, paused 1.215ms total 52.081ms
08-06 05:29:12.978  5351  5626 I art     : Starting a blocking GC Explicit
08-06 05:29:13.032  5351  5626 I art     : Explicit concurrent mark sweep GC freed 99(1696B) AllocSpace objects, 0(0B) LOS objects, 10% free, 136MB/152MB, paused 1.133ms total 53.156ms
08-06 05:29:13.478  5351  5369 I art     : Starting a blocking GC Explicit
08-06 05:29:13.529  5351  5369 I art     : Explicit concurrent mark sweep GC freed 2305(103KB) AllocSpace objects, 2(36KB) LOS objects, 10% free, 136MB/152MB, paused 1.215ms total 50.600ms
08-06 05:29:13.547  5351  5369 I art     : Starting a blocking GC Explicit
08-06 05:29:13.595  5351  5369 I art     : Explicit concurrent mark sweep GC freed 134(3KB) AllocSpace objects, 0(0B) LOS objects, 10% free, 136MB/152MB, paused 1.197ms total 48.311ms
08-06 05:29:13.613  5351  5369 I art     : Starting a blocking GC Explicit
08-06 05:29:13.665  5351  5369 I art     : Explicit concurrent mark sweep GC freed 113(2128B) AllocSpace objects, 0(0B) LOS objects, 10% free, 136MB/152MB, paused 1.159ms total 51.454ms
08-06 05:29:13.683  5351  5369 I art     : Starting a blocking GC Explicit
08-06 05:29:13.732  5351  5369 I art     : Explicit concurrent mark sweep GC freed 98(1664B) AllocSpace objects, 0(0B) LOS objects, 10% free, 136MB/152MB, paused 1.124ms total 49.076ms
08-06 05:29:13.733  5351  5362 I art     : WaitForGcToComplete blocked for 6.702ms for cause HeapTrim
08-06 05:29:13.750  5351  5369 I art     : Starting a blocking GC Explicit
08-06 05:29:13.801  5351  5369 I art     : Explicit concurrent mark sweep GC freed 137(2656B) AllocSpace objects, 0(0B) LOS objects, 10% free, 136MB/152MB, paused 1.402ms total 50.574ms
08-06 05:29:13.979  7103  7103 D AndroidRuntime: >>>>>> START com.android.internal.os.RuntimeInit uid 2000 <<<<<<
08-06 05:29:13.984  7103  7103 D AndroidRuntime: CheckJNI is OFF
08-06 05:29:14.025  7103  7103 D ICU     : No timezone override file found: /data/misc/zoneinfo/current/icu/icu_tzdata.dat
08-06 05:29:14.066  7103  7103 I Radio-JNI: register_android_hardware_Radio DONE
08-06 05:29:14.094  7103  7103 D AndroidRuntime: Calling main entry com.android.commands.input.Input
08-06 05:29:14.096  7103  7103 I Input   : injectKeyEvent: KeyEvent { action=ACTION_DOWN, keyCode=KEYCODE_BACK, scanCode=0, metaState=0, flags=0x0, repeatCount=0, eventTime=854970509, downTime=854970509, deviceId=-1, source=0x101 }
08-06 05:29:14.101  7103  7103 I Input   : injectKeyEvent: KeyEvent { action=ACTION_UP, keyCode=KEYCODE_BACK, scanCode=0, metaState=0, flags=0x0, repeatCount=0, eventTime=854970509, downTime=854970509, deviceId=-1, source=0x101 }
08-06 05:29:14.106  7103  7103 D AndroidRuntime: Shutting down VM
08-06 05:29:14.116  5351  5351 V MainActivity: url = https://project-travel-mate.herokuapp.com/api/number-of-unread-notifications
08-06 05:29:14.146 13866 13866 I GoogleInputMethodServic: GoogleInputMethodService.onFinishInput():3138 
08-06 05:29:14.147 13866 13866 I GoogleInputMethodServic: GoogleInputMethodService.onStartInput():1808 
08-06 05:29:14.191  5351  5363 I art     : Starting a blocking GC Explicit
08-06 05:29:14.235  5351  5363 I art     : Explicit concurrent mark sweep GC freed 2568(121KB) AllocSpace objects, 2(36KB) LOS objects, 10% free, 136MB/152MB, paused 1.292ms total 42.792ms
08-06 05:29:14.253  5351  5363 I art     : Starting a blocking GC Explicit
08-06 05:29:14.294  5351  5363 I art     : Explicit concurrent mark sweep GC freed 183(5KB) AllocSpace objects, 0(0B) LOS objects, 10% free, 136MB/152MB, paused 1.112ms total 41.117ms
08-06 05:29:14.311  5351  5363 I art     : Starting a blocking GC Explicit
08-06 05:29:14.354  5351  5363 I art     : Explicit concurrent mark sweep GC freed 120(2800B) AllocSpace objects, 0(0B) LOS objects, 10% free, 136MB/152MB, paused 1.131ms total 42.834ms
08-06 05:29:14.371  5351  5363 I art     : Starting a blocking GC Explicit
08-06 05:29:14.415  5351  5363 I art     : Explicit concurrent mark sweep GC freed 79(1488B) AllocSpace objects, 0(0B) LOS objects, 10% free, 136MB/152MB, paused 1.069ms total 43.906ms
08-06 05:29:14.434  5351  5363 I art     : Starting a blocking GC Explicit
08-06 05:29:14.480  5351  5363 I art     : Explicit concurrent mark sweep GC freed 99(1696B) AllocSpace objects, 0(0B) LOS objects, 10% free, 136MB/152MB, paused 1.248ms total 45.608ms
08-06 05:29:14.499   380   380 W SurfaceFlinger: couldn't log to binary event log: overflow.
08-06 05:29:14.835  5351  7126 I NAPPA_EXPERIMENTATION: MetricNetworkRequestExecutionTime: REQUEST_DURATION_SYSTEM='718',REQUEST_DURATION_OKHTTP='33',REQUEST_SYNCHRONOUS='FALSE',RESPONSE_CODE='200',RESPONSE_METHOD='GET',RESPONSE_LENGTH_OKHTTP='36',RESPONSE_LENGTH_HEADER='36',REQUEST_PROTOCOL='http/1.1',REQUEST_URL='https://project-travel-mate.herokuapp.com/api/number-of-unread-notifications',
08-06 05:29:14.872  5351  5364 I art     : Starting a blocking GC Explicit
08-06 05:29:14.936  5351  5364 I art     : Explicit concurrent mark sweep GC freed 4405(238KB) AllocSpace objects, 7(600KB) LOS objects, 10% free, 136MB/152MB, paused 1.294ms total 63.622ms
08-06 05:29:14.958  5351  5364 I art     : Starting a blocking GC Explicit
08-06 05:29:15.005  5351  5364 I art     : Explicit concurrent mark sweep GC freed 7688(481KB) AllocSpace objects, 13(264KB) LOS objects, 10% free, 135MB/151MB, paused 1.119ms total 46.883ms
08-06 05:29:15.022  5351  5364 I art     : Starting a blocking GC Explicit
08-06 05:29:15.069  5351  5364 I art     : Explicit concurrent mark sweep GC freed 7(288B) AllocSpace objects, 0(0B) LOS objects, 10% free, 135MB/151MB, paused 1.221ms total 46.831ms
08-06 05:29:15.091  5351  5364 I art     : Starting a blocking GC Explicit
08-06 05:29:15.138  5351  5364 I art     : Explicit concurrent mark sweep GC freed 3(96B) AllocSpace objects, 0(0B) LOS objects, 10% free, 135MB/151MB, paused 1.209ms total 46.917ms
08-06 05:29:15.160  5351  5364 I art     : Starting a blocking GC Explicit
08-06 05:29:15.206  5351  5364 I art     : Explicit concurrent mark sweep GC freed 14(720B) AllocSpace objects, 0(0B) LOS objects, 10% free, 135MB/151MB, paused 1.152ms total 45.686ms
08-06 05:29:15.578  5351  5626 I art     : Starting a blocking GC Explicit
08-06 05:29:15.633  5351  5626 I art     : Explicit concurrent mark sweep GC freed 1593(92KB) AllocSpace objects, 2(36KB) LOS objects, 10% free, 135MB/151MB, paused 1.279ms total 54.369ms
08-06 05:29:15.652  5351  5626 I art     : Starting a blocking GC Explicit
08-06 05:29:15.697  5351  5626 I art     : Explicit concurrent mark sweep GC freed 28(1024B) AllocSpace objects, 0(0B) LOS objects, 10% free, 135MB/151MB, paused 1.132ms total 44.499ms
08-06 05:29:15.714  5351  5626 I art     : Starting a blocking GC Explicit
08-06 05:29:15.759  5351  5626 I art     : Explicit concurrent mark sweep GC freed 35(960B) AllocSpace objects, 0(0B) LOS objects, 10% free, 135MB/151MB, paused 1.163ms total 45.179ms
08-06 05:29:15.778  5351  5626 I art     : Starting a blocking GC Explicit
08-06 05:29:15.818  5351  5626 I art     : Explicit concurrent mark sweep GC freed 6(192B) AllocSpace objects, 0(0B) LOS objects, 10% free, 135MB/151MB, paused 1.097ms total 39.626ms
08-06 05:29:15.838  5351  5626 I art     : Starting a blocking GC Explicit
08-06 05:29:15.877  5351  5626 I art     : Explicit concurrent mark sweep GC freed 5(160B) AllocSpace objects, 0(0B) LOS objects, 10% free, 135MB/151MB, paused 1.195ms total 39.380ms
08-06 05:29:15.901  7138  7138 D AndroidRuntime: >>>>>> START com.android.internal.os.RuntimeInit uid 2000 <<<<<<
08-06 05:29:15.906  7138  7138 D AndroidRuntime: CheckJNI is OFF
08-06 05:29:15.948  7138  7138 D ICU     : No timezone override file found: /data/misc/zoneinfo/current/icu/icu_tzdata.dat
08-06 05:29:15.973   918  3261 D WifiStateMachine: starting scan for "H369AA63323"WPA_PSK with 2412,5180
08-06 05:29:15.988  7138  7138 I Radio-JNI: register_android_hardware_Radio DONE
08-06 05:29:16.017  7138  7138 D AndroidRuntime: Calling main entry com.android.commands.input.Input
08-06 05:29:16.020  7138  7138 I Input   : injectMotionEvent: MotionEvent { action=ACTION_DOWN, actionButton=0, id[0]=0, x[0]=657.0, y[0]=2080.0, toolType[0]=TOOL_TYPE_UNKNOWN, buttonState=0, metaState=0, flags=0x0, edgeFlags=0x0, pointerCount=1, historySize=0, eventTime=854972432, downTime=854972432, deviceId=0, source=0x1002 }
08-06 05:29:16.032  7138  7138 I Input   : injectMotionEvent: MotionEvent { action=ACTION_UP, actionButton=0, id[0]=0, x[0]=657.0, y[0]=2080.0, toolType[0]=TOOL_TYPE_UNKNOWN, buttonState=0, metaState=0, flags=0x0, edgeFlags=0x0, pointerCount=1, historySize=0, eventTime=854972432, downTime=854972432, deviceId=0, source=0x1002 }
08-06 05:29:16.070  7138  7138 D AndroidRuntime: Shutting down VM
08-06 05:29:16.070   918  6112 I ActivityManager: START u0 {cmp=baseline.io.github.project_travel_mate/.utilities.UpcomingWeekendsActivity} from uid 10696 on display 0
08-06 05:29:16.073   512  2967 D audio_hw_primary: out_set_parameters: enter: usecase(1: low-latency-playback) kvpairs: routing=2
08-06 05:29:16.086   512  2967 D audio_hw_primary: select_devices: out_snd_device(2: speaker) in_snd_device(0: none)
08-06 05:29:16.086   512  2967 D msm8974_platform: platform_send_audio_calibration: sending audio calibration for snd_device(2) acdb_id(15)
08-06 05:29:16.086   512  2967 I soundtrigger: audio_extn_sound_trigger_update_device_status: device 0x2 of type 0 for Event 1
08-06 05:29:16.095   512  2967 D audio_hw_primary: enable_snd_device: snd_device(2: speaker)
08-06 05:29:16.097   512  2967 D audio_hw_primary: enable_audio_route: apply and update mixer path: low-latency-playback speaker
08-06 05:29:16.098  5351  5415 D Gabe    : call	returning from cache
08-06 05:29:16.100  5351  5351 V EXECUTING: https://project-travel-mate.herokuapp.com/api/get-upcoming-holidays/2020
08-06 05:29:16.103  5351  5351 V EXECUTING: https://project-travel-mate.herokuapp.com/api/get-upcoming-holidays/2020
08-06 05:29:16.196 13866 13866 I GoogleInputMethodServic: GoogleInputMethodService.onFinishInput():3138 
08-06 05:29:16.196 13866 13866 I GoogleInputMethodServic: GoogleInputMethodService.onStartInput():1808 
08-06 05:29:16.257  5351  5369 I art     : Starting a blocking GC Explicit
08-06 05:29:16.298   918   936 I ActivityManager: Displayed baseline.io.github.project_travel_mate/.utilities.UpcomingWeekendsActivity: +219ms
08-06 05:29:16.301  5351  5369 I art     : Explicit concurrent mark sweep GC freed 3305(189KB) AllocSpace objects, 2(36KB) LOS objects, 10% free, 140MB/156MB, paused 1.530ms total 44.284ms
08-06 05:29:16.318  5351  5369 I art     : Starting a blocking GC Explicit
08-06 05:29:16.365  5351  5369 I art     : Explicit concurrent mark sweep GC freed 282(12KB) AllocSpace objects, 0(0B) LOS objects, 10% free, 140MB/156MB, paused 1.504ms total 46.543ms
08-06 05:29:16.383  5351  5369 I art     : Starting a blocking GC Explicit
08-06 05:29:16.429  5351  5369 I art     : Explicit concurrent mark sweep GC freed 75(1264B) AllocSpace objects, 0(0B) LOS objects, 10% free, 140MB/156MB, paused 1.557ms total 45.897ms
08-06 05:29:16.448  5351  5369 I art     : Starting a blocking GC Explicit
08-06 05:29:16.489  5351  5369 I art     : Explicit concurrent mark sweep GC freed 106(1936B) AllocSpace objects, 0(0B) LOS objects, 10% free, 140MB/156MB, paused 1.163ms total 41.094ms
08-06 05:29:16.507  5351  5369 I art     : Starting a blocking GC Explicit
08-06 05:29:16.551   380   380 W SurfaceFlinger: couldn't log to binary event log: overflow.
08-06 05:29:16.553  5351  5369 I art     : Explicit concurrent mark sweep GC freed 75(1296B) AllocSpace objects, 0(0B) LOS objects, 10% free, 140MB/156MB, paused 1.351ms total 45.304ms
08-06 05:29:16.638   512  2967 D audio_hw_primary: disable_audio_route: reset and update mixer path: low-latency-playback speaker
08-06 05:29:16.639   512  2967 D audio_hw_primary: disable_snd_device: snd_device(2: speaker)
08-06 05:29:16.647   512  2967 I soundtrigger: audio_extn_sound_trigger_update_device_status: device 0x2 of type 0 for Event 0
08-06 05:29:16.883  5351  7172 I NAPPA_EXPERIMENTATION: MetricNetworkRequestExecutionTime: REQUEST_DURATION_SYSTEM='782',REQUEST_DURATION_OKHTTP='38',REQUEST_SYNCHRONOUS='FALSE',RESPONSE_CODE='200',RESPONSE_METHOD='GET',RESPONSE_LENGTH_OKHTTP='6426',RESPONSE_LENGTH_HEADER='6426',REQUEST_PROTOCOL='http/1.1',REQUEST_URL='https://project-travel-mate.herokuapp.com/api/get-upcoming-holidays/2020',
08-06 05:29:16.910  5351  7173 I NAPPA_EXPERIMENTATION: MetricNetworkRequestExecutionTime: REQUEST_DURATION_SYSTEM='807',REQUEST_DURATION_OKHTTP='64',REQUEST_SYNCHRONOUS='FALSE',RESPONSE_CODE='200',RESPONSE_METHOD='GET',RESPONSE_LENGTH_OKHTTP='6426',RESPONSE_LENGTH_HEADER='6426',REQUEST_PROTOCOL='http/1.1',REQUEST_URL='https://project-travel-mate.herokuapp.com/api/get-upcoming-holidays/2020',
08-06 05:29:16.925  5351  5364 I art     : Starting a blocking GC Explicit
08-06 05:29:16.960  5351  5351 V Response: [{"month":"January","date":1,"day":"Wednesday","name":"New Year's Day","type":"Restricted"},{"month":"January","date":2,"day":"Thursday","name":"Guru Govind Singh Jayanti","type":"Restricted"},{"month":"January","date":14,"day":"Tuesday","name":"Lohri","type":"Restricted"},{"month":"January","date":15,"day":"Wednesday","name":"Pongal","type":"Restricted"},{"month":"January","date":15,"day":"Wednesday","name":"Makar Sankranti","type":"Restricted"},{"month":"January","date":25,"day":"Saturday","name":"Chinese New Year","type":"Observance"},{"month":"January","date":26,"day":"Sunday","name":"Republic Day","type":"Gazetted"},{"month":"January","date":30,"day":"Thursday","name":"Vasant Panchami","type":"Restricted"},{"month":"February","date":9,"day":"Sunday","name":"Guru Ravidas Jayanti","type":"Restricted"},{"month":"February","date":14,"day":"Friday","name":"Valentine's Day","type":"Observance"},{"month":"February","date":18,"day":"Tuesday","name":"Maharishi Dayanand Saraswati Jayanti","type":"Restricted"},{"month":"February","date":19,"day":"Wednesday","name":"Shivaji Jayanti","type":"Restricted"},{"month":"February","date":21,"day":"Friday","name":"Maha Shivaratri/Shivaratri","type":"Gazetted"},{"month":"March","date":9,"day":"Monday","name":"Holika Dahana","type":"Restricted"},{"month":"March","date":9,"day":"Monday","name":"Hazarat Ali's Birthday","type":"Restricted"},{"month":"March","date":10,"day":"Tuesday","name":"Holi","type":"Gazetted"},{"month":"March","date":20,"day":"Friday","name":"March Equinox","type":"Season"},{"month":"March","date":25,"day":"Wednesday","name":"Chaitra Sukhladi","type":"Restricted"},{"month":"April","date":2,"day":"Thursday","name":"Rama Navami","type":"Gazetted"},{"month":"April","date":6,"day":"Monday","name":"Mahavir Jayanti","type":"Gazetted"},{"month":"April","date":9,"day":"Thursday","name":"First day of Passover","type":"Observance"},{"month":"April","date":9,"day":"Thursday","name":"Maundy Thursday","type":"Observance,"},{"month":"April","date":10,"day":"Friday","name":"Good Friday","type":"Gazetted"},{"month":"April","date":12,"day":"Sunday","name":"Easter Day","type":"Restricted"},{"month":"April","date":13,"day":"Monday","name":"Vaisakhi","type":"Restricted"},{"month":"April","date":14,"day":"Tuesday","name":"Mesadi/Vaisakhadi","type":"Restricted"},{"month":"April","date":14,"day":"Tuesday","name":"Ambedkar Jayanti","type":"Central"},{"month":"May","date":1,"day":"Friday","name":"May Day","type":"Observance"},{"month":"May","date":7,"day":"Thursday","name":"Buddha Purnima/Vesak","type":"Gazetted"},{"month":"May","date":7,"day":"Thursday","name":"Birthday of Ravindranath","type":"Restricted"},{"month":"May","date":10,"day":"Sunday","name":"Mother's Day","type":"Observance"},{"month":"May","date":22,"day":"Friday","name":"Jamat Ul-Vida","type":"Restricted"},{"month":"May","date":25,"day":"Monday","name":"Ramzan Id/Eid-ul-Fitar","type":"Gazetted"},{"month":"May","date":25,"day":"Monday","name":"Ramzan Id/Eid-ul-Fitar","type":"Muslim,"},{"month":"June","date":21,"day":"Sunday","name":"June Solstice","type":"Season"},{"month":"June","date":21,"day":"Sunday","name":"Father's Day","type":"Observance"},{"month":"June","date":23,"day":"Tuesday","name":"Rath Yatra","type":"Restricted"},{"month":"July","date":5,"day":"Sunday","name":"Guru Purnima","type":"Observance"},{"month":"July","date":31,"day":"Friday","name":"Bakr Id/Eid ul-Adha","type":"Gazetted"},{"month":"August","date":2,"day":"Sunday","name":"Friendship Day","type":"Observance"},{"month":"August","date":3,"day":"Monday","name":"Raksha Bandhan (Rakhi)","type":"Restricted"},{"month":"August","date":11,"day":"Tuesday","name":"Janmashtami (Smarta)","type":"Restricted"},{"month":"August","date":12,"day":"Wednesday","name":"Janmashtami","type":"Gazetted"},{"month":"August","date":15,"day":"Saturday","name":"Independence Day","type":"Gazetted"},{"month":"August","date":16,"day":"Sunday","name":"Parsi New Year","type":"Restricted"},{"month":"August","date":22,"day":"Saturday","name":"Ganesh Chaturthi/Vin
08-06 05:29:16.964  5351  5351 V Response: [{"month":"January","date":1,"day":"Wednesday","name":"New Year's Day","type":"Restricted"},{"month":"January","date":2,"day":"Thursday","name":"Guru Govind Singh Jayanti","type":"Restricted"},{"month":"January","date":14,"day":"Tuesday","name":"Lohri","type":"Restricted"},{"month":"January","date":15,"day":"Wednesday","name":"Pongal","type":"Restricted"},{"month":"January","date":15,"day":"Wednesday","name":"Makar Sankranti","type":"Restricted"},{"month":"January","date":25,"day":"Saturday","name":"Chinese New Year","type":"Observance"},{"month":"January","date":26,"day":"Sunday","name":"Republic Day","type":"Gazetted"},{"month":"January","date":30,"day":"Thursday","name":"Vasant Panchami","type":"Restricted"},{"month":"February","date":9,"day":"Sunday","name":"Guru Ravidas Jayanti","type":"Restricted"},{"month":"February","date":14,"day":"Friday","name":"Valentine's Day","type":"Observance"},{"month":"February","date":18,"day":"Tuesday","name":"Maharishi Dayanand Saraswati Jayanti","type":"Restricted"},{"month":"February","date":19,"day":"Wednesday","name":"Shivaji Jayanti","type":"Restricted"},{"month":"February","date":21,"day":"Friday","name":"Maha Shivaratri/Shivaratri","type":"Gazetted"},{"month":"March","date":9,"day":"Monday","name":"Holika Dahana","type":"Restricted"},{"month":"March","date":9,"day":"Monday","name":"Hazarat Ali's Birthday","type":"Restricted"},{"month":"March","date":10,"day":"Tuesday","name":"Holi","type":"Gazetted"},{"month":"March","date":20,"day":"Friday","name":"March Equinox","type":"Season"},{"month":"March","date":25,"day":"Wednesday","name":"Chaitra Sukhladi","type":"Restricted"},{"month":"April","date":2,"day":"Thursday","name":"Rama Navami","type":"Gazetted"},{"month":"April","date":6,"day":"Monday","name":"Mahavir Jayanti","type":"Gazetted"},{"month":"April","date":9,"day":"Thursday","name":"First day of Passover","type":"Observance"},{"month":"April","date":9,"day":"Thursday","name":"Maundy Thursday","type":"Observance,"},{"month":"April","date":10,"day":"Friday","name":"Good Friday","type":"Gazetted"},{"month":"April","date":12,"day":"Sunday","name":"Easter Day","type":"Restricted"},{"month":"April","date":13,"day":"Monday","name":"Vaisakhi","type":"Restricted"},{"month":"April","date":14,"day":"Tuesday","name":"Mesadi/Vaisakhadi","type":"Restricted"},{"month":"April","date":14,"day":"Tuesday","name":"Ambedkar Jayanti","type":"Central"},{"month":"May","date":1,"day":"Friday","name":"May Day","type":"Observance"},{"month":"May","date":7,"day":"Thursday","name":"Buddha Purnima/Vesak","type":"Gazetted"},{"month":"May","date":7,"day":"Thursday","name":"Birthday of Ravindranath","type":"Restricted"},{"month":"May","date":10,"day":"Sunday","name":"Mother's Day","type":"Observance"},{"month":"May","date":22,"day":"Friday","name":"Jamat Ul-Vida","type":"Restricted"},{"month":"May","date":25,"day":"Monday","name":"Ramzan Id/Eid-ul-Fitar","type":"Gazetted"},{"month":"May","date":25,"day":"Monday","name":"Ramzan Id/Eid-ul-Fitar","type":"Muslim,"},{"month":"June","date":21,"day":"Sunday","name":"June Solstice","type":"Season"},{"month":"June","date":21,"day":"Sunday","name":"Father's Day","type":"Observance"},{"month":"June","date":23,"day":"Tuesday","name":"Rath Yatra","type":"Restricted"},{"month":"July","date":5,"day":"Sunday","name":"Guru Purnima","type":"Observance"},{"month":"July","date":31,"day":"Friday","name":"Bakr Id/Eid ul-Adha","type":"Gazetted"},{"month":"August","date":2,"day":"Sunday","name":"Friendship Day","type":"Observance"},{"month":"August","date":3,"day":"Monday","name":"Raksha Bandhan (Rakhi)","type":"Restricted"},{"month":"August","date":11,"day":"Tuesday","name":"Janmashtami (Smarta)","type":"Restricted"},{"month":"August","date":12,"day":"Wednesday","name":"Janmashtami","type":"Gazetted"},{"month":"August","date":15,"day":"Saturday","name":"Independence Day","type":"Gazetted"},{"month":"August","date":16,"day":"Sunday","name":"Parsi New Year","type":"Restricted"},{"month":"August","date":22,"day":"Saturday","name":"Ganesh Chaturthi/Vin
08-06 05:29:16.970  5351  5364 I art     : Explicit concurrent mark sweep GC freed 9640(464KB) AllocSpace objects, 11(484KB) LOS objects, 10% free, 140MB/156MB, paused 1.569ms total 45.495ms
08-06 05:29:16.987  5351  5364 I art     : Starting a blocking GC Explicit
08-06 05:29:17.033  5351  5364 I art     : Explicit concurrent mark sweep GC freed 8927(489KB) AllocSpace objects, 0(0B) LOS objects, 10% free, 141MB/157MB, paused 1.292ms total 44.913ms
08-06 05:29:17.050  5351  5364 I art     : Starting a blocking GC Explicit
08-06 05:29:17.098  5351  5364 I art     : Explicit concurrent mark sweep GC freed 483(15KB) AllocSpace objects, 1(4MB) LOS objects, 10% free, 136MB/152MB, paused 1.243ms total 47.126ms
08-06 05:29:17.116  5351  5364 I art     : Starting a blocking GC Explicit
08-06 05:29:17.166  5351  5364 I art     : Explicit concurrent mark sweep GC freed 116(2528B) AllocSpace objects, 0(0B) LOS objects, 10% free, 136MB/152MB, paused 1.221ms total 50.274ms
08-06 05:29:17.185  5351  5364 I art     : Starting a blocking GC Explicit
08-06 05:29:17.237  5351  5364 I art     : Explicit concurrent mark sweep GC freed 108(2288B) AllocSpace objects, 0(0B) LOS objects, 10% free, 136MB/152MB, paused 1.218ms total 51.217ms
08-06 05:29:17.638  5351  5626 I art     : Starting a blocking GC Explicit
08-06 05:29:17.693  5351  5626 I art     : Explicit concurrent mark sweep GC freed 2252(102KB) AllocSpace objects, 2(36KB) LOS objects, 10% free, 136MB/152MB, paused 1.249ms total 55.196ms
08-06 05:29:17.714  5351  5626 I art     : Starting a blocking GC Explicit
08-06 05:29:17.767  5351  5626 I art     : Explicit concurrent mark sweep GC freed 158(3KB) AllocSpace objects, 0(0B) LOS objects, 10% free, 136MB/152MB, paused 1.269ms total 52.195ms
08-06 05:29:17.785  5351  5626 I art     : Starting a blocking GC Explicit
08-06 05:29:17.836  5351  5626 I art     : Explicit concurrent mark sweep GC freed 99(1696B) AllocSpace objects, 0(0B) LOS objects, 10% free, 136MB/152MB, paused 1.158ms total 51.500ms
08-06 05:29:17.855  5351  5626 I art     : Starting a blocking GC Explicit
08-06 05:29:17.908  5351  5626 I art     : Explicit concurrent mark sweep GC freed 120(2032B) AllocSpace objects, 0(0B) LOS objects, 10% free, 136MB/152MB, paused 1.432ms total 53.162ms
08-06 05:29:17.927  5351  5626 I art     : Starting a blocking GC Explicit
08-06 05:29:17.977  5351  5626 I art     : Explicit concurrent mark sweep GC freed 101(1728B) AllocSpace objects, 0(0B) LOS objects, 10% free, 136MB/152MB, paused 1.246ms total 50.218ms
08-06 05:29:18.393  5351  5369 I art     : Starting a blocking GC Explicit
08-06 05:29:18.448  5351  5369 I art     : Explicit concurrent mark sweep GC freed 2267(103KB) AllocSpace objects, 2(36KB) LOS objects, 10% free, 136MB/152MB, paused 1.222ms total 53.780ms
08-06 05:29:18.466  5351  5369 I art     : Starting a blocking GC Explicit
08-06 05:29:18.520  5351  5369 I art     : Explicit concurrent mark sweep GC freed 134(3KB) AllocSpace objects, 0(0B) LOS objects, 10% free, 136MB/152MB, paused 1.261ms total 53.711ms
08-06 05:29:18.541  5351  5369 I art     : Starting a blocking GC Explicit
08-06 05:29:18.591  5351  5369 I art     : Explicit concurrent mark sweep GC freed 119(2016B) AllocSpace objects, 0(0B) LOS objects, 10% free, 136MB/152MB, paused 1.323ms total 49.624ms
08-06 05:29:18.609  5351  5369 I art     : Starting a blocking GC Explicit
08-06 05:29:18.663  5351  5369 I art     : Explicit concurrent mark sweep GC freed 103(1776B) AllocSpace objects, 0(0B) LOS objects, 10% free, 136MB/152MB, paused 1.201ms total 53.763ms
08-06 05:29:18.682  5351  5369 I art     : Starting a blocking GC Explicit
08-06 05:29:18.723 32067 32067 I Atfwd_Sendcmd: AtCmdFwd service not ready - Exhausted retry attempts - :6
08-06 05:29:18.724 32067 32067 I Atfwd_Daemon: result : -1 	 ,Init step :2 	 ,qmiErrorCode: 0
08-06 05:29:18.735  5351  5369 I art     : Explicit concurrent mark sweep GC freed 99(1696B) AllocSpace objects, 0(0B) LOS objects, 10% free, 136MB/152MB, paused 1.256ms total 52.772ms
08-06 05:29:19.164  5351  5363 I art     : Starting a blocking GC Explicit
08-06 05:29:19.218  5351  5363 I art     : Explicit concurrent mark sweep GC freed 2309(104KB) AllocSpace objects, 2(36KB) LOS objects, 10% free, 136MB/152MB, paused 1.296ms total 54.305ms
08-06 05:29:19.237  5351  5363 I art     : Starting a blocking GC Explicit
08-06 05:29:19.292  5351  5363 I art     : Explicit concurrent mark sweep GC freed 130(2736B) AllocSpace objects, 0(0B) LOS objects, 10% free, 136MB/152MB, paused 1.387ms total 55.115ms
08-06 05:29:19.311  5351  5363 I art     : Starting a blocking GC Explicit
08-06 05:29:19.366  5351  5363 I art     : Explicit concurrent mark sweep GC freed 118(2016B) AllocSpace objects, 0(0B) LOS objects, 10% free, 136MB/152MB, paused 1.124ms total 54.816ms
08-06 05:29:19.384  5351  5363 I art     : Starting a blocking GC Explicit
08-06 05:29:19.438  5351  5363 I art     : Explicit concurrent mark sweep GC freed 99(1696B) AllocSpace objects, 0(0B) LOS objects, 10% free, 136MB/152MB, paused 1.260ms total 53.238ms
08-06 05:29:19.457  5351  5363 I art     : Starting a blocking GC Explicit
08-06 05:29:19.511  5351  5363 I art     : Explicit concurrent mark sweep GC freed 121(2048B) AllocSpace objects, 0(0B) LOS objects, 10% free, 136MB/152MB, paused 1.402ms total 53.716ms
08-06 05:29:19.939  5351  5364 I art     : Starting a blocking GC Explicit
08-06 05:29:19.995  5351  5364 I art     : Explicit concurrent mark sweep GC freed 2309(104KB) AllocSpace objects, 2(36KB) LOS objects, 10% free, 136MB/152MB, paused 1.305ms total 55.471ms
08-06 05:29:20.016  5351  5364 I art     : Starting a blocking GC Explicit
08-06 05:29:20.067  5351  5364 I art     : Explicit concurrent mark sweep GC freed 126(2688B) AllocSpace objects, 0(0B) LOS objects, 10% free, 136MB/152MB, paused 1.228ms total 50.466ms
08-06 05:29:20.084  5351  5364 I art     : Starting a blocking GC Explicit
08-06 05:29:20.138  5351  5364 I art     : Explicit concurrent mark sweep GC freed 111(2352B) AllocSpace objects, 0(0B) LOS objects, 10% free, 136MB/152MB, paused 1.245ms total 52.976ms
08-06 05:29:20.156  5351  5364 I art     : Starting a blocking GC Explicit
08-06 05:29:20.208  5351  5364 I art     : Explicit concurrent mark sweep GC freed 124(2864B) AllocSpace objects, 0(0B) LOS objects, 10% free, 136MB/152MB, paused 1.533ms total 51.217ms
08-06 05:29:20.227  5351  5364 I art     : Starting a blocking GC Explicit
08-06 05:29:20.280  5351  5364 I art     : Explicit concurrent mark sweep GC freed 134(2480B) AllocSpace objects, 0(0B) LOS objects, 10% free, 136MB/152MB, paused 1.273ms total 53.364ms
08-06 05:29:20.657  5351  5626 I art     : Starting a blocking GC Explicit
08-06 05:29:20.710  5351  5626 I art     : Explicit concurrent mark sweep GC freed 2195(101KB) AllocSpace objects, 2(36KB) LOS objects, 10% free, 136MB/152MB, paused 1.612ms total 52.943ms
08-06 05:29:20.729  5351  5626 I art     : Starting a blocking GC Explicit
08-06 05:29:20.780  5351  5626 I art     : Explicit concurrent mark sweep GC freed 166(3KB) AllocSpace objects, 0(0B) LOS objects, 10% free, 136MB/152MB, paused 1.169ms total 50.671ms
08-06 05:29:20.798  5351  5626 I art     : Starting a blocking GC Explicit
08-06 05:29:20.848  5351  5626 I art     : Explicit concurrent mark sweep GC freed 104(1856B) AllocSpace objects, 0(0B) LOS objects, 10% free, 136MB/152MB, paused 1.280ms total 50.100ms
08-06 05:29:20.866  5351  5626 I art     : Starting a blocking GC Explicit
08-06 05:29:20.897  7227  7227 D AndroidRuntime: >>>>>> START com.android.internal.os.RuntimeInit uid 2000 <<<<<<
08-06 05:29:20.903  7227  7227 D AndroidRuntime: CheckJNI is OFF
08-06 05:29:20.918  5351  5626 I art     : Explicit concurrent mark sweep GC freed 108(2176B) AllocSpace objects, 0(0B) LOS objects, 10% free, 136MB/152MB, paused 1.243ms total 51.277ms
08-06 05:29:20.936  5351  5626 I art     : Starting a blocking GC Explicit
08-06 05:29:20.950  7227  7227 D ICU     : No timezone override file found: /data/misc/zoneinfo/current/icu/icu_tzdata.dat
08-06 05:29:20.986  5351  5626 I art     : Explicit concurrent mark sweep GC freed 113(2128B) AllocSpace objects, 0(0B) LOS objects, 10% free, 136MB/152MB, paused 1.190ms total 49.839ms
08-06 05:29:20.997  7227  7227 I Radio-JNI: register_android_hardware_Radio DONE
08-06 05:29:21.027  7227  7227 D AndroidRuntime: Calling main entry com.android.commands.input.Input
08-06 05:29:21.029  7227  7227 I Input   : injectKeyEvent: KeyEvent { action=ACTION_DOWN, keyCode=KEYCODE_BACK, scanCode=0, metaState=0, flags=0x0, repeatCount=0, eventTime=854977442, downTime=854977442, deviceId=-1, source=0x101 }
08-06 05:29:21.035  7227  7227 I Input   : injectKeyEvent: KeyEvent { action=ACTION_UP, keyCode=KEYCODE_BACK, scanCode=0, metaState=0, flags=0x0, repeatCount=0, eventTime=854977442, downTime=854977442, deviceId=-1, source=0x101 }
08-06 05:29:21.042  7227  7227 D AndroidRuntime: Shutting down VM
08-06 05:29:21.057  5351  5351 V MainActivity: url = https://project-travel-mate.herokuapp.com/api/number-of-unread-notifications
08-06 05:29:21.089 13866 13866 I GoogleInputMethodServic: GoogleInputMethodService.onFinishInput():3138 
08-06 05:29:21.091 13866 13866 I GoogleInputMethodServic: GoogleInputMethodService.onStartInput():1808 
08-06 05:29:21.352  5351  5369 I art     : Starting a blocking GC Explicit
08-06 05:29:21.405  5351  5369 I art     : Explicit concurrent mark sweep GC freed 2588(123KB) AllocSpace objects, 2(36KB) LOS objects, 10% free, 136MB/152MB, paused 1.240ms total 52.420ms
08-06 05:29:21.406   380   380 W SurfaceFlinger: couldn't log to binary event log: overflow.
08-06 05:29:21.424  5351  5369 I art     : Starting a blocking GC Explicit
08-06 05:29:21.469  5351  5369 I art     : Explicit concurrent mark sweep GC freed 99(4KB) AllocSpace objects, 1(188KB) LOS objects, 10% free, 136MB/152MB, paused 1.159ms total 45.366ms
08-06 05:29:21.487  5351  5369 I art     : Starting a blocking GC Explicit
08-06 05:29:21.535  5351  5369 I art     : Explicit concurrent mark sweep GC freed 6628(360KB) AllocSpace objects, 13(264KB) LOS objects, 10% free, 135MB/151MB, paused 1.223ms total 46.955ms
08-06 05:29:21.552  5351  5369 I art     : Starting a blocking GC Explicit
08-06 05:29:21.601  5351  5369 I art     : Explicit concurrent mark sweep GC freed 4(144B) AllocSpace objects, 0(0B) LOS objects, 10% free, 135MB/151MB, paused 1.336ms total 48.742ms
08-06 05:29:21.623  5351  5369 I art     : Starting a blocking GC Explicit
08-06 05:29:21.672  5351  5369 I art     : Explicit concurrent mark sweep GC freed 3(96B) AllocSpace objects, 0(0B) LOS objects, 10% free, 135MB/151MB, paused 1.359ms total 48.077ms
08-06 05:29:21.904  5351  7250 I NAPPA_EXPERIMENTATION: MetricNetworkRequestExecutionTime: REQUEST_DURATION_SYSTEM='846',REQUEST_DURATION_OKHTTP='34',REQUEST_SYNCHRONOUS='FALSE',RESPONSE_CODE='200',RESPONSE_METHOD='GET',RESPONSE_LENGTH_OKHTTP='36',RESPONSE_LENGTH_HEADER='36',REQUEST_PROTOCOL='http/1.1',REQUEST_URL='https://project-travel-mate.herokuapp.com/api/number-of-unread-notifications',
08-06 05:29:22.074  5351  5363 I art     : Starting a blocking GC Explicit
08-06 05:29:22.134  5351  5363 I art     : Explicit concurrent mark sweep GC freed 4414(240KB) AllocSpace objects, 5(236KB) LOS objects, 10% free, 136MB/152MB, paused 1.283ms total 59.622ms
08-06 05:29:22.156  5351  5363 I art     : Starting a blocking GC Explicit
08-06 05:29:22.203  5351  5363 I art     : Explicit concurrent mark sweep GC freed 962(117KB) AllocSpace objects, 0(0B) LOS objects, 10% free, 136MB/152MB, paused 1.212ms total 46.929ms
08-06 05:29:22.221  5351  5363 I art     : Starting a blocking GC Explicit
08-06 05:29:22.269  5351  5363 I art     : Explicit concurrent mark sweep GC freed 3(96B) AllocSpace objects, 0(0B) LOS objects, 10% free, 136MB/152MB, paused 1.179ms total 47.737ms
08-06 05:29:22.287  5351  5363 I art     : Starting a blocking GC Explicit
08-06 05:29:22.307   918  1210 D NetlinkSocketObserver: NeighborEvent{elapsedMs=1838366181, 192.168.2.254, [7C3953A63323], RTM_NEWNEIGH, NUD_STALE}
08-06 05:29:22.334  5351  5363 I art     : Explicit concurrent mark sweep GC freed 3(96B) AllocSpace objects, 0(0B) LOS objects, 10% free, 136MB/152MB, paused 1.174ms total 46.166ms
08-06 05:29:22.351  5351  5363 I art     : Starting a blocking GC Explicit
08-06 05:29:22.398  5351  5363 I art     : Explicit concurrent mark sweep GC freed 3(96B) AllocSpace objects, 0(0B) LOS objects, 10% free, 136MB/152MB, paused 1.294ms total 46.389ms
08-06 05:29:22.800  5351  5626 I art     : Starting a blocking GC Explicit
08-06 05:29:22.814  7274  7274 D AndroidRuntime: >>>>>> START com.android.internal.os.RuntimeInit uid 2000 <<<<<<
08-06 05:29:22.819  7274  7274 D AndroidRuntime: CheckJNI is OFF
08-06 05:29:22.844  5351  5626 I art     : Explicit concurrent mark sweep GC freed 1621(93KB) AllocSpace objects, 2(36KB) LOS objects, 10% free, 136MB/152MB, paused 1.258ms total 43.614ms
08-06 05:29:22.861  7274  7274 D ICU     : No timezone override file found: /data/misc/zoneinfo/current/icu/icu_tzdata.dat
08-06 05:29:22.861  5351  5626 I art     : Starting a blocking GC Explicit
08-06 05:29:22.901  7274  7274 I Radio-JNI: register_android_hardware_Radio DONE
08-06 05:29:22.904  5351  5626 I art     : Explicit concurrent mark sweep GC freed 32(1152B) AllocSpace objects, 0(0B) LOS objects, 10% free, 136MB/152MB, paused 1.222ms total 42.540ms
08-06 05:29:22.924  5351  5626 I art     : Starting a blocking GC Explicit
08-06 05:29:22.929  7274  7274 D AndroidRuntime: Calling main entry com.android.commands.input.Input
08-06 05:29:22.931  7274  7274 I Input   : injectMotionEvent: MotionEvent { action=ACTION_DOWN, actionButton=0, id[0]=0, x[0]=117.0, y[0]=170.0, toolType[0]=TOOL_TYPE_UNKNOWN, buttonState=0, metaState=0, flags=0x0, edgeFlags=0x0, pointerCount=1, historySize=0, eventTime=854979343, downTime=854979343, deviceId=0, source=0x1002 }
08-06 05:29:22.958  7274  7274 I Input   : injectMotionEvent: MotionEvent { action=ACTION_UP, actionButton=0, id[0]=0, x[0]=117.0, y[0]=170.0, toolType[0]=TOOL_TYPE_UNKNOWN, buttonState=0, metaState=0, flags=0x0, edgeFlags=0x0, pointerCount=1, historySize=0, eventTime=854979343, downTime=854979343, deviceId=0, source=0x1002 }
08-06 05:29:22.967  5351  5626 I art     : Explicit concurrent mark sweep GC freed 3(96B) AllocSpace objects, 0(0B) LOS objects, 10% free, 136MB/152MB, paused 1.203ms total 41.956ms
08-06 05:29:22.985  5351  5626 I art     : Starting a blocking GC Explicit
08-06 05:29:22.997  7274  7274 D AndroidRuntime: Shutting down VM
08-06 05:29:23.013   512  2967 D audio_hw_primary: out_set_parameters: enter: usecase(1: low-latency-playback) kvpairs: routing=2
08-06 05:29:23.026   512  2967 D audio_hw_primary: select_devices: out_snd_device(2: speaker) in_snd_device(0: none)
08-06 05:29:23.026   512  2967 D msm8974_platform: platform_send_audio_calibration: sending audio calibration for snd_device(2) acdb_id(15)
08-06 05:29:23.027   512  2967 I soundtrigger: audio_extn_sound_trigger_update_device_status: device 0x2 of type 0 for Event 1
08-06 05:29:23.032  5351  5626 I art     : Explicit concurrent mark sweep GC freed 33(1104B) AllocSpace objects, 0(0B) LOS objects, 10% free, 136MB/152MB, paused 3.045ms total 46.448ms
08-06 05:29:23.036   512  2967 D audio_hw_primary: enable_snd_device: snd_device(2: speaker)
08-06 05:29:23.038   512  2967 D audio_hw_primary: enable_audio_route: apply and update mixer path: low-latency-playback speaker
08-06 05:29:23.048  5351  5626 I art     : Starting a blocking GC Explicit
08-06 05:29:23.092  5351  5626 I art     : Explicit concurrent mark sweep GC freed 50(1936B) AllocSpace objects, 0(0B) LOS objects, 10% free, 136MB/152MB, paused 1.137ms total 43.312ms
08-06 05:29:23.484  5351  5369 I art     : Starting a blocking GC Explicit
08-06 05:29:23.528  5351  5369 I art     : Explicit concurrent mark sweep GC freed 1986(112KB) AllocSpace objects, 2(36KB) LOS objects, 10% free, 136MB/152MB, paused 1.193ms total 43.539ms
08-06 05:29:23.546  5351  5369 I art     : Starting a blocking GC Explicit
08-06 05:29:23.570   512  2967 D audio_hw_primary: disable_audio_route: reset and update mixer path: low-latency-playback speaker
08-06 05:29:23.571   512  2967 D audio_hw_primary: disable_snd_device: snd_device(2: speaker)
08-06 05:29:23.579   512  2967 I soundtrigger: audio_extn_sound_trigger_update_device_status: device 0x2 of type 0 for Event 0
08-06 05:29:23.588  5351  5369 I art     : Explicit concurrent mark sweep GC freed 52(2176B) AllocSpace objects, 0(0B) LOS objects, 10% free, 136MB/152MB, paused 1.210ms total 41.823ms
08-06 05:29:23.605  5351  5369 I art     : Starting a blocking GC Explicit
08-06 05:29:23.647  5351  5369 I art     : Explicit concurrent mark sweep GC freed 3(96B) AllocSpace objects, 0(0B) LOS objects, 10% free, 136MB/152MB, paused 1.150ms total 42.099ms
08-06 05:29:23.664  5351  5369 I art     : Starting a blocking GC Explicit
08-06 05:29:23.708  5351  5369 I art     : Explicit concurrent mark sweep GC freed 3(96B) AllocSpace objects, 0(0B) LOS objects, 10% free, 136MB/152MB, paused 1.225ms total 43.259ms
08-06 05:29:23.725  5351  5369 I art     : Starting a blocking GC Explicit
08-06 05:29:23.742  7297  7297 D AndroidRuntime: >>>>>> START com.android.internal.os.RuntimeInit uid 2000 <<<<<<
08-06 05:29:23.748  7297  7297 D AndroidRuntime: CheckJNI is OFF
08-06 05:29:23.770  5351  5369 I art     : Explicit concurrent mark sweep GC freed 34(928B) AllocSpace objects, 0(0B) LOS objects, 10% free, 136MB/152MB, paused 1.242ms total 45.152ms
08-06 05:29:23.794  7297  7297 D ICU     : No timezone override file found: /data/misc/zoneinfo/current/icu/icu_tzdata.dat
08-06 05:29:23.837  7297  7297 I Radio-JNI: register_android_hardware_Radio DONE
08-06 05:29:23.865  7297  7297 D AndroidRuntime: Calling main entry com.android.commands.input.Input
08-06 05:29:23.868  7297  7297 I Input   : injectMotionEvent: MotionEvent { action=ACTION_DOWN, actionButton=0, id[0]=0, x[0]=405.0, y[0]=661.0, toolType[0]=TOOL_TYPE_UNKNOWN, buttonState=0, metaState=0, flags=0x0, edgeFlags=0x0, pointerCount=1, historySize=0, eventTime=854980281, downTime=854980281, deviceId=0, source=0x1002 }
08-06 05:29:23.875  7297  7297 I Input   : injectMotionEvent: MotionEvent { action=ACTION_UP, actionButton=0, id[0]=0, x[0]=405.0, y[0]=661.0, toolType[0]=TOOL_TYPE_UNKNOWN, buttonState=0, metaState=0, flags=0x0, edgeFlags=0x0, pointerCount=1, historySize=0, eventTime=854980281, downTime=854980281, deviceId=0, source=0x1002 }
08-06 05:29:23.879  7297  7297 D AndroidRuntime: Shutting down VM
08-06 05:29:23.901   512  2967 D audio_hw_primary: out_set_parameters: enter: usecase(1: low-latency-playback) kvpairs: routing=2
08-06 05:29:23.914   512  2967 D audio_hw_primary: select_devices: out_snd_device(2: speaker) in_snd_device(0: none)
08-06 05:29:23.914   512  2967 D msm8974_platform: platform_send_audio_calibration: sending audio calibration for snd_device(2) acdb_id(15)
08-06 05:29:23.915   512  2967 I soundtrigger: audio_extn_sound_trigger_update_device_status: device 0x2 of type 0 for Event 1
08-06 05:29:23.924   512  2967 D audio_hw_primary: enable_snd_device: snd_device(2: speaker)
08-06 05:29:23.926   512  2967 D audio_hw_primary: enable_audio_route: apply and update mixer path: low-latency-playback speaker
08-06 05:29:23.968   512  2967 D AudioFlinger: mixer(0xf4740000) throttle end: throttle time(12)
08-06 05:29:24.157  5351  5626 I art     : Starting a blocking GC Explicit
08-06 05:29:24.205  5351  5626 I art     : Explicit concurrent mark sweep GC freed 28(2000B) AllocSpace objects, 0(0B) LOS objects, 8% free, 167MB/183MB, paused 1.414ms total 47.726ms
08-06 05:29:24.223  5351  5626 I art     : Starting a blocking GC Explicit
08-06 05:29:24.270  5351  5626 I art     : Explicit concurrent mark sweep GC freed 43(25KB) AllocSpace objects, 0(0B) LOS objects, 8% free, 177MB/193MB, paused 1.376ms total 47.014ms
08-06 05:29:24.270  5351  5362 I art     : WaitForGcToComplete blocked for 47.295ms for cause HeapTrim
08-06 05:29:24.288  5351  5626 I art     : Starting a blocking GC Explicit
08-06 05:29:24.335  5351  5626 I art     : Explicit concurrent mark sweep GC freed 57(2784B) AllocSpace objects, 0(0B) LOS objects, 8% free, 182MB/198MB, paused 1.366ms total 47.274ms
08-06 05:29:24.353  5351  5626 I art     : Starting a blocking GC Explicit
08-06 05:29:24.402  5351  5626 I art     : Explicit concurrent mark sweep GC freed 665(32KB) AllocSpace objects, 0(0B) LOS objects, 8% free, 183MB/199MB, paused 1.788ms total 48.662ms
08-06 05:29:24.422  5351  5626 I art     : Starting a blocking GC Explicit
08-06 05:29:24.449   512  2967 D audio_hw_primary: disable_audio_route: reset and update mixer path: low-latency-playback speaker
08-06 05:29:24.451   512  2967 D audio_hw_primary: disable_snd_device: snd_device(2: speaker)
08-06 05:29:24.460   512  2967 I soundtrigger: audio_extn_sound_trigger_update_device_status: device 0x2 of type 0 for Event 0
08-06 05:29:24.467  5351  5626 I art     : Explicit concurrent mark sweep GC freed 995(43KB) AllocSpace objects, 9(252KB) LOS objects, 8% free, 182MB/198MB, paused 1.309ms total 44.756ms
08-06 05:29:24.862  5351  5364 I art     : Starting a blocking GC Explicit
08-06 05:29:24.928  5351  5364 I art     : Explicit concurrent mark sweep GC freed 2387(138KB) AllocSpace objects, 2(36KB) LOS objects, 8% free, 182MB/198MB, paused 1.253ms total 65.886ms
08-06 05:29:24.949  5351  5364 I art     : Starting a blocking GC Explicit
08-06 05:29:25.000  5351  5364 I art     : Explicit concurrent mark sweep GC freed 58(2608B) AllocSpace objects, 0(0B) LOS objects, 8% free, 182MB/198MB, paused 1.316ms total 50.685ms
08-06 05:29:25.022  5351  5364 I art     : Starting a blocking GC Explicit
08-06 05:29:25.071  5351  5364 I art     : Explicit concurrent mark sweep GC freed 17(528B) AllocSpace objects, 0(0B) LOS objects, 8% free, 182MB/198MB, paused 1.272ms total 49.325ms
08-06 05:29:25.093  5351  5364 I art     : Starting a blocking GC Explicit
08-06 05:29:25.143  5351  5364 I art     : Explicit concurrent mark sweep GC freed 3(96B) AllocSpace objects, 0(0B) LOS objects, 8% free, 182MB/198MB, paused 1.072ms total 49.751ms
08-06 05:29:25.161  5351  5364 I art     : Starting a blocking GC Explicit
08-06 05:29:25.212  5351  5364 I art     : Explicit concurrent mark sweep GC freed 3(96B) AllocSpace objects, 0(0B) LOS objects, 8% free, 182MB/198MB, paused 1.261ms total 50.071ms
08-06 05:29:25.628  5351  5626 I art     : Starting a blocking GC Explicit
08-06 05:29:25.701  5351  5626 I art     : Explicit concurrent mark sweep GC freed 1582(91KB) AllocSpace objects, 2(36KB) LOS objects, 8% free, 182MB/198MB, paused 1.453ms total 72.676ms
08-06 05:29:25.726  5351  5626 I art     : Starting a blocking GC Explicit
08-06 05:29:25.779  5351  5626 I art     : Explicit concurrent mark sweep GC freed 59(1856B) AllocSpace objects, 0(0B) LOS objects, 8% free, 182MB/198MB, paused 1.256ms total 52.517ms
08-06 05:29:25.798  5351  5626 I art     : Starting a blocking GC Explicit
08-06 05:29:25.850  5351  5626 I art     : Explicit concurrent mark sweep GC freed 3(96B) AllocSpace objects, 0(0B) LOS objects, 8% free, 182MB/198MB, paused 1.073ms total 52.159ms
08-06 05:29:25.869  5351  5626 I art     : Starting a blocking GC Explicit
08-06 05:29:25.926  5351  5626 I art     : Explicit concurrent mark sweep GC freed 3(96B) AllocSpace objects, 0(0B) LOS objects, 8% free, 182MB/198MB, paused 1.278ms total 56.712ms
08-06 05:29:25.947  5351  5626 I art     : Starting a blocking GC Explicit
08-06 05:29:25.998  5351  5626 I art     : Explicit concurrent mark sweep GC freed 3(96B) AllocSpace objects, 0(0B) LOS objects, 8% free, 182MB/198MB, paused 1.196ms total 50.502ms
08-06 05:29:26.392  5351  5363 I art     : Starting a blocking GC Explicit
08-06 05:29:26.453  5351  5363 I art     : Explicit concurrent mark sweep GC freed 1594(92KB) AllocSpace objects, 2(36KB) LOS objects, 8% free, 182MB/198MB, paused 1.277ms total 60.128ms
08-06 05:29:26.474  5351  5363 I art     : Starting a blocking GC Explicit
08-06 05:29:26.523  5351  5363 I art     : Explicit concurrent mark sweep GC freed 56(2240B) AllocSpace objects, 0(0B) LOS objects, 8% free, 182MB/198MB, paused 1.206ms total 49.542ms
08-06 05:29:26.542  5351  5363 I art     : Starting a blocking GC Explicit
08-06 05:29:26.593  5351  5363 I art     : Explicit concurrent mark sweep GC freed 3(96B) AllocSpace objects, 0(0B) LOS objects, 8% free, 182MB/198MB, paused 1.141ms total 50.786ms
08-06 05:29:26.611  5351  5363 I art     : Starting a blocking GC Explicit
08-06 05:29:26.661  5351  5363 I art     : Explicit concurrent mark sweep GC freed 3(96B) AllocSpace objects, 0(0B) LOS objects, 8% free, 182MB/198MB, paused 1.237ms total 49.584ms
08-06 05:29:26.679  5351  5363 I art     : Starting a blocking GC Explicit
08-06 05:29:26.704  7349  7349 D AndroidRuntime: >>>>>> START com.android.internal.os.RuntimeInit uid 2000 <<<<<<
08-06 05:29:26.709  7349  7349 D AndroidRuntime: CheckJNI is OFF
08-06 05:29:26.729  5351  5363 I art     : Explicit concurrent mark sweep GC freed 3(96B) AllocSpace objects, 0(0B) LOS objects, 8% free, 182MB/198MB, paused 1.234ms total 49.439ms
08-06 05:29:26.758  7349  7349 D ICU     : No timezone override file found: /data/misc/zoneinfo/current/icu/icu_tzdata.dat
08-06 05:29:26.803  7349  7349 I Radio-JNI: register_android_hardware_Radio DONE
08-06 05:29:26.832  7349  7349 D AndroidRuntime: Calling main entry com.android.commands.input.Input
08-06 05:29:26.835  7349  7349 I Input   : injectMotionEvent: MotionEvent { action=ACTION_DOWN, actionButton=0, id[0]=0, x[0]=1341.0, y[0]=197.0, toolType[0]=TOOL_TYPE_UNKNOWN, buttonState=0, metaState=0, flags=0x0, edgeFlags=0x0, pointerCount=1, historySize=0, eventTime=854983247, downTime=854983247, deviceId=0, source=0x1002 }
08-06 05:29:26.842  7349  7349 I Input   : injectMotionEvent: MotionEvent { action=ACTION_UP, actionButton=0, id[0]=0, x[0]=1341.0, y[0]=197.0, toolType[0]=TOOL_TYPE_UNKNOWN, buttonState=0, metaState=0, flags=0x0, edgeFlags=0x0, pointerCount=1, historySize=0, eventTime=854983247, downTime=854983247, deviceId=0, source=0x1002 }
08-06 05:29:26.845  7349  7349 D AndroidRuntime: Shutting down VM
08-06 05:29:26.856   512  2967 D audio_hw_primary: out_set_parameters: enter: usecase(1: low-latency-playback) kvpairs: routing=2
08-06 05:29:26.860   918  4400 I ActivityManager: START u0 {cmp=baseline.io.github.project_travel_mate/.notifications.NotificationsActivity} from uid 10696 on display 0
08-06 05:29:26.870   512  2967 D audio_hw_primary: select_devices: out_snd_device(2: speaker) in_snd_device(0: none)
08-06 05:29:26.871   512  2967 D msm8974_platform: platform_send_audio_calibration: sending audio calibration for snd_device(2) acdb_id(15)
08-06 05:29:26.871   512  2967 I soundtrigger: audio_extn_sound_trigger_update_device_status: device 0x2 of type 0 for Event 1
08-06 05:29:26.882   512  2967 D audio_hw_primary: enable_snd_device: snd_device(2: speaker)
08-06 05:29:26.885   512  2967 D audio_hw_primary: enable_audio_route: apply and update mixer path: low-latency-playback speaker
08-06 05:29:26.895  5351  5415 D Gabe    : call	returning from cache
08-06 05:29:26.900  5351  5351 V EXECUTING: https://project-travel-mate.herokuapp.com/api/get-notifications
08-06 05:29:26.903  5351  5351 V EXECUTING: https://project-travel-mate.herokuapp.com/api/get-notifications
08-06 05:29:27.064   918   936 I ActivityManager: Displayed baseline.io.github.project_travel_mate/.notifications.NotificationsActivity: +192ms
08-06 05:29:27.064 13866 13866 I GoogleInputMethodServic: GoogleInputMethodService.onFinishInput():3138 
08-06 05:29:27.077 13866 13866 I GoogleInputMethodServic: GoogleInputMethodService.onStartInput():1808 
08-06 05:29:27.100  5351  5363 I art     : Starting a blocking GC Explicit
08-06 05:29:27.148  5351  5363 I art     : Explicit concurrent mark sweep GC freed 3733(219KB) AllocSpace objects, 2(36KB) LOS objects, 7% free, 187MB/203MB, paused 1.391ms total 48.286ms
08-06 05:29:27.154  5351  5366 D OpenGLRenderer: endAllStagingAnimators on 0x7f7ca4f400 (RippleDrawable) with handle 0x7f7c450100
08-06 05:29:27.167  5351  5363 I art     : Starting a blocking GC Explicit
08-06 05:29:27.210  5351  5363 I art     : Explicit concurrent mark sweep GC freed 460(18KB) AllocSpace objects, 0(0B) LOS objects, 7% free, 187MB/203MB, paused 1.311ms total 43.344ms
08-06 05:29:27.228  5351  5363 I art     : Starting a blocking GC Explicit
08-06 05:29:27.274  5351  5363 I art     : Explicit concurrent mark sweep GC freed 152(4KB) AllocSpace objects, 0(0B) LOS objects, 7% free, 187MB/203MB, paused 1.228ms total 46.536ms
08-06 05:29:27.292  5351  5363 I art     : Starting a blocking GC Explicit
08-06 05:29:27.312   380   380 W SurfaceFlinger: couldn't log to binary event log: overflow.
08-06 05:29:27.337  5351  5363 I art     : Explicit concurrent mark sweep GC freed 105(1936B) AllocSpace objects, 0(0B) LOS objects, 7% free, 187MB/203MB, paused 1.232ms total 45.300ms
08-06 05:29:27.355  5351  5363 I art     : Starting a blocking GC Explicit
08-06 05:29:27.399  5351  5363 I art     : Explicit concurrent mark sweep GC freed 99(1696B) AllocSpace objects, 0(0B) LOS objects, 7% free, 187MB/203MB, paused 1.228ms total 44.364ms
08-06 05:29:27.419   512  2967 D audio_hw_primary: disable_audio_route: reset and update mixer path: low-latency-playback speaker
08-06 05:29:27.420   512  2967 D audio_hw_primary: disable_snd_device: snd_device(2: speaker)
08-06 05:29:27.427   512  2967 I soundtrigger: audio_extn_sound_trigger_update_device_status: device 0x2 of type 0 for Event 0
08-06 05:29:27.755  5351  5363 I art     : Starting a blocking GC Explicit
08-06 05:29:27.801  5351  5363 I art     : Explicit concurrent mark sweep GC freed 2212(104KB) AllocSpace objects, 2(36KB) LOS objects, 7% free, 187MB/203MB, paused 1.526ms total 45.129ms
08-06 05:29:27.818  5351  5363 I art     : Starting a blocking GC Explicit
08-06 05:29:27.863  5351  5363 I art     : Explicit concurrent mark sweep GC freed 154(3KB) AllocSpace objects, 0(0B) LOS objects, 7% free, 187MB/203MB, paused 1.499ms total 44.401ms
08-06 05:29:27.880  5351  5363 I art     : Starting a blocking GC Explicit
08-06 05:29:27.925  5351  5363 I art     : Explicit concurrent mark sweep GC freed 32(624B) AllocSpace objects, 0(0B) LOS objects, 7% free, 187MB/203MB, paused 1.653ms total 44.473ms
08-06 05:29:27.942  5351  5363 I art     : Starting a blocking GC Explicit
08-06 05:29:27.987  5351  5363 I art     : Explicit concurrent mark sweep GC freed 94(1568B) AllocSpace objects, 0(0B) LOS objects, 7% free, 187MB/203MB, paused 1.342ms total 44.076ms
08-06 05:29:28.004  5351  5363 I art     : Starting a blocking GC Explicit
08-06 05:29:28.049  5351  5363 I art     : Explicit concurrent mark sweep GC freed 141(2336B) AllocSpace objects, 0(0B) LOS objects, 7% free, 187MB/203MB, paused 1.491ms total 44.260ms
08-06 05:29:28.384 24365  1228 E WakeLock: GCM_HB_ALARM release without a matched acquire!
08-06 05:29:28.407  5351  5369 I art     : Starting a blocking GC Explicit
08-06 05:29:28.408   918  4400 D ConnectivityService: reportNetworkConnectivity(159, true) by 10012
08-06 05:29:28.408   918  1209 D NetworkMonitor/NetworkAgentInfo [WIFI () - 159]: Forcing reevaluation for UID 10012
08-06 05:29:28.408   918  1209 D NetworkMonitor/NetworkAgentInfo [WIFI () - 159]: Checking http://connectivitycheck.gstatic.com/generate_204 on "H369AA63323", 192.168.2.12=192.168.2.12
08-06 05:29:28.408   918  6111 D ConnectivityService: reportNetworkConnectivity(159, true) by 10012
08-06 05:29:28.448 24365 32102 I NetworkScheduler.Stats: Task com.google.android.gms/com.google.android.gms.ipa.base.IpaGcmTaskService started execution. cause:2 exec_start_elapsed_seconds: 1838372 [CONTEXT service_id=218 ]
08-06 05:29:28.451  5351  5369 I art     : Explicit concurrent mark sweep GC freed 2112(100KB) AllocSpace objects, 2(36KB) LOS objects, 7% free, 187MB/203MB, paused 1.583ms total 44.463ms
08-06 05:29:28.459 24577  7407 I GmscoreIpa: Starting mediastore batch index
08-06 05:29:28.460 24365  4416 I NetworkScheduler.Stats: Task com.google.android.gms/com.google.android.gms.ipa.base.IpaGcmTaskService finished executing. cause:2 result: 1 elapsed_millis: 51 uptime_millis: 50 exec_start_elapsed_seconds: 1838372 [CONTEXT service_id=218 ]
08-06 05:29:28.469  5351  5369 I art     : Starting a blocking GC Explicit
08-06 05:29:28.513  5351  5369 I art     : Explicit concurrent mark sweep GC freed 121(2640B) AllocSpace objects, 0(0B) LOS objects, 7% free, 187MB/203MB, paused 1.435ms total 44.303ms
08-06 05:29:28.515 24577  6899 I MdiSyncModule: Dispatching task '2_PERIODIC'...
08-06 05:29:28.531  5351  5369 I art     : Starting a blocking GC Explicit
08-06 05:29:28.538 24577  6899 I MdiSyncModule: Running singleton-scoped task '2 PERIODIC (2_PERIODIC)'...
08-06 05:29:28.556 24365  4416 I NetworkScheduler.Stats: Task com.google.android.gms/com.google.android.gms.mdisync.service.MdiSyncBackgroundTaskService started execution. cause:2 exec_start_elapsed_seconds: 1838372 [CONTEXT service_id=218 ]
08-06 05:29:28.575  5351  5369 I art     : Explicit concurrent mark sweep GC freed 85(1472B) AllocSpace objects, 0(0B) LOS objects, 7% free, 187MB/203MB, paused 1.412ms total 43.670ms
08-06 05:29:28.578   918  3714 I AccountManagerService: getTypesVisibleToCaller: isPermitted? true
08-06 05:29:28.592  5351  5369 I art     : Starting a blocking GC Explicit
08-06 05:29:28.625 24577  7408 I GmscoreIpa: Bulk mediastore status = true
08-06 05:29:28.637  5351  5369 I art     : Explicit concurrent mark sweep GC freed 87(1456B) AllocSpace objects, 0(0B) LOS objects, 7% free, 187MB/203MB, paused 1.500ms total 44.242ms
08-06 05:29:28.654  5351  5369 I art     : Starting a blocking GC Explicit
08-06 05:29:28.699  5351  5369 I art     : Explicit concurrent mark sweep GC freed 89(1568B) AllocSpace objects, 0(0B) LOS objects, 7% free, 188MB/204MB, paused 1.394ms total 44.259ms
08-06 05:29:28.713   918  4400 I AccountManagerService: getTypesVisibleToCaller: isPermitted? true
08-06 05:29:28.716   918  6112 I AccountManagerService: getTypesVisibleToCaller: isPermitted? true
08-06 05:29:28.733 24577 20137 I GmscoreIpa: Batch indexing status=true
08-06 05:29:28.749 24577  6899 I MdiSyncModule: Singleton-scoped task '2 PERIODIC (2_PERIODIC)' finished with result '0'!
08-06 05:29:28.750   918  3670 I AccountManagerService: getTypesVisibleToCaller: isPermitted? true
08-06 05:29:28.750 24577  6899 I MdiSyncModule: Task '2 PERIODIC (2_PERIODIC)' finished with result '0'!
08-06 05:29:28.753 24365 32102 I NetworkScheduler.Stats: Task com.google.android.gms/com.google.android.gms.mdisync.service.MdiSyncBackgroundTaskService finished executing. cause:2 result: 1 elapsed_millis: 314 uptime_millis: 314 exec_start_elapsed_seconds: 1838372 [CONTEXT service_id=218 ]
08-06 05:29:29.059  5351  5364 I art     : Starting a blocking GC Explicit
08-06 05:29:29.106  5351  5364 I art     : Explicit concurrent mark sweep GC freed 2235(102KB) AllocSpace objects, 2(36KB) LOS objects, 7% free, 188MB/204MB, paused 1.489ms total 46.021ms
08-06 05:29:29.123  5351  5364 I art     : Starting a blocking GC Explicit
08-06 05:29:29.169  5351  5364 I art     : Explicit concurrent mark sweep GC freed 131(3KB) AllocSpace objects, 0(0B) LOS objects, 7% free, 188MB/204MB, paused 1.555ms total 45.831ms
08-06 05:29:29.186  5351  5364 I art     : Starting a blocking GC Explicit
08-06 05:29:29.233  5351  5364 I art     : Explicit concurrent mark sweep GC freed 44(1200B) AllocSpace objects, 0(0B) LOS objects, 7% free, 188MB/204MB, paused 1.605ms total 46.408ms
08-06 05:29:29.250  5351  5364 I art     : Starting a blocking GC Explicit
08-06 05:29:29.296  5351  5364 I art     : Explicit concurrent mark sweep GC freed 92(1696B) AllocSpace objects, 0(0B) LOS objects, 7% free, 188MB/204MB, paused 1.372ms total 45.944ms
08-06 05:29:29.314  5351  5364 I art     : Starting a blocking GC Explicit
08-06 05:29:29.359  5351  5364 I art     : Explicit concurrent mark sweep GC freed 88(1472B) AllocSpace objects, 0(0B) LOS objects, 7% free, 188MB/204MB, paused 1.245ms total 45.193ms
08-06 05:29:29.360  5351  5362 I art     : WaitForGcToComplete blocked for 23.993ms for cause HeapTrim
08-06 05:29:29.754  5351  5626 I art     : Starting a blocking GC Explicit
08-06 05:29:29.800  5351  5626 I art     : Explicit concurrent mark sweep GC freed 2260(103KB) AllocSpace objects, 2(36KB) LOS objects, 7% free, 188MB/204MB, paused 1.508ms total 46.253ms
08-06 05:29:29.816   918  1209 D NetworkMonitor/NetworkAgentInfo [WIFI () - 159]: Probably not a portal: exception java.io.IOException: unexpected end of stream on Connection{connectivitycheck.gstatic.com:80, proxy=HTTP@/192.168.2.12:8080 hostAddress=192.168.2.12 cipherSuite=none protocol=http/1.1} (recycle count=0)
08-06 05:29:29.818   918  3263 D ConnectivityService: NetworkAgentInfo [WIFI () - 159] validation failed
08-06 05:29:29.818  5351  5626 I art     : Starting a blocking GC Explicit
08-06 05:29:29.819   918  3261 E WifiConfigStore:  rewrite network history for "H369AA63323"WPA_PSK
08-06 05:29:29.864  5351  5626 I art     : Explicit concurrent mark sweep GC freed 194(6KB) AllocSpace objects, 0(0B) LOS objects, 7% free, 188MB/204MB, paused 1.425ms total 45.418ms
08-06 05:29:29.881  5351  5626 I art     : Starting a blocking GC Explicit
08-06 05:29:29.927  5351  5626 I art     : Explicit concurrent mark sweep GC freed 21(384B) AllocSpace objects, 0(0B) LOS objects, 7% free, 188MB/204MB, paused 1.199ms total 45.079ms
08-06 05:29:29.944  5351  5626 I art     : Starting a blocking GC Explicit
08-06 05:29:29.990  5351  5626 I art     : Explicit concurrent mark sweep GC freed 147(4KB) AllocSpace objects, 0(0B) LOS objects, 7% free, 188MB/204MB, paused 1.352ms total 45.614ms
08-06 05:29:30.008  5351  5626 I art     : Starting a blocking GC Explicit
08-06 05:29:30.054  5351  5626 I art     : Explicit concurrent mark sweep GC freed 102(1968B) AllocSpace objects, 0(0B) LOS objects, 7% free, 188MB/204MB, paused 1.550ms total 46.518ms
08-06 05:29:30.305  5351  7380 I NAPPA_EXPERIMENTATION: MetricNetworkRequestExecutionTime: REQUEST_DURATION_SYSTEM='3404',REQUEST_DURATION_OKHTTP='39',REQUEST_SYNCHRONOUS='FALSE',RESPONSE_CODE='200',RESPONSE_METHOD='GET',RESPONSE_LENGTH_OKHTTP='2',RESPONSE_LENGTH_HEADER='2',REQUEST_PROTOCOL='http/1.1',REQUEST_URL='https://project-travel-mate.herokuapp.com/api/get-notifications',
08-06 05:29:30.371  5351  7381 I NAPPA_EXPERIMENTATION: MetricNetworkRequestExecutionTime: REQUEST_DURATION_SYSTEM='3467',REQUEST_DURATION_OKHTTP='31',REQUEST_SYNCHRONOUS='FALSE',RESPONSE_CODE='200',RESPONSE_METHOD='GET',RESPONSE_LENGTH_OKHTTP='2',RESPONSE_LENGTH_HEADER='2',REQUEST_PROTOCOL='http/1.1',REQUEST_URL='https://project-travel-mate.herokuapp.com/api/get-notifications',
08-06 05:29:30.404  5351  5351 V Response: [] 
08-06 05:29:30.436  5351  5351 V Response: [] 
08-06 05:29:30.440  5351  5415 W LOTTIE  : Animation contains merge paths. Merge paths are only supported on KitKat+ and must be manually enabled by calling enableMergePathsForKitKatAndAbove().
08-06 05:29:30.448  5351  5415 W LOTTIE  : Animation contains merge paths. Merge paths are only supported on KitKat+ and must be manually enabled by calling enableMergePathsForKitKatAndAbove().
08-06 05:29:30.451  5351  5415 W LOTTIE  : Animation contains merge paths. Merge paths are only supported on KitKat+ and must be manually enabled by calling enableMergePathsForKitKatAndAbove().
08-06 05:29:30.453  5351  5363 I art     : Starting a blocking GC Explicit
08-06 05:29:30.455  5351  5415 W LOTTIE  : Animation contains merge paths. Merge paths are only supported on KitKat+ and must be manually enabled by calling enableMergePathsForKitKatAndAbove().
08-06 05:29:30.458  5351  5415 W LOTTIE  : Animation contains merge paths. Merge paths are only supported on KitKat+ and must be manually enabled by calling enableMergePathsForKitKatAndAbove().
08-06 05:29:30.461  5351  5415 W LOTTIE  : Animation contains merge paths. Merge paths are only supported on KitKat+ and must be manually enabled by calling enableMergePathsForKitKatAndAbove().
08-06 05:29:30.463  5351  5415 W LOTTIE  : Animation contains merge paths. Merge paths are only supported on KitKat+ and must be manually enabled by calling enableMergePathsForKitKatAndAbove().
08-06 05:29:30.465  5351  5351 W LOTTIE  : Animation contains merge paths but they are disabled.
08-06 05:29:30.509  5351  5363 I art     : Explicit concurrent mark sweep GC freed 16476(766KB) AllocSpace objects, 13(1472KB) LOS objects, 7% free, 187MB/203MB, paused 1.416ms total 55.538ms
08-06 05:29:30.527  5351  5363 I art     : Starting a blocking GC Explicit
08-06 05:29:30.573  5351  5363 I art     : Explicit concurrent mark sweep GC freed 4461(344KB) AllocSpace objects, 0(0B) LOS objects, 7% free, 187MB/203MB, paused 1.254ms total 45.992ms
08-06 05:29:30.591  5351  5363 I art     : Starting a blocking GC Explicit
08-06 05:29:30.637  5351  5363 I art     : Explicit concurrent mark sweep GC freed 302(5KB) AllocSpace objects, 0(0B) LOS objects, 7% free, 187MB/203MB, paused 1.282ms total 45.505ms
08-06 05:29:30.655  5351  5363 I art     : Starting a blocking GC Explicit
08-06 05:29:30.700  5351  5363 I art     : Explicit concurrent mark sweep GC freed 300(5KB) AllocSpace objects, 0(0B) LOS objects, 7% free, 187MB/203MB, paused 1.108ms total 44.572ms
08-06 05:29:30.717  5351  5363 I art     : Starting a blocking GC Explicit
08-06 05:29:30.760  5351  5363 I art     : Explicit concurrent mark sweep GC freed 406(8KB) AllocSpace objects, 0(0B) LOS objects, 7% free, 187MB/203MB, paused 1.122ms total 43.404ms
08-06 05:29:30.819   918  1209 D NetworkMonitor/NetworkAgentInfo [WIFI () - 159]: Checking http://connectivitycheck.gstatic.com/generate_204 on "H369AA63323", 192.168.2.12=192.168.2.12
08-06 05:29:30.867   918  1209 D NetworkMonitor/NetworkAgentInfo [WIFI () - 159]: Probably not a portal: exception java.io.IOException: unexpected end of stream on Connection{connectivitycheck.gstatic.com:80, proxy=HTTP@/192.168.2.12:8080 hostAddress=192.168.2.12 cipherSuite=none protocol=http/1.1} (recycle count=0)
08-06 05:29:30.868   918  3263 D ConnectivityService: NetworkAgentInfo [WIFI () - 159] validation failed
08-06 05:29:30.869   918  3261 E WifiConfigStore:  rewrite network history for "H369AA63323"WPA_PSK
08-06 05:29:31.132   518   646 I ThermalEngine: ACTION: GPU - Setting GPU[0] to 390000000
08-06 05:29:31.191  5351  5364 I art     : Starting a blocking GC Explicit
08-06 05:29:31.247  5351  5364 I art     : Explicit concurrent mark sweep GC freed 3800(135KB) AllocSpace objects, 2(36KB) LOS objects, 7% free, 187MB/203MB, paused 1.695ms total 55.455ms
08-06 05:29:31.269  5351  5364 I art     : Starting a blocking GC Explicit
08-06 05:29:31.323  5351  5364 I art     : Explicit concurrent mark sweep GC freed 319(5KB) AllocSpace objects, 0(0B) LOS objects, 7% free, 187MB/203MB, paused 1.736ms total 52.999ms
08-06 05:29:31.344  5351  5364 I art     : Starting a blocking GC Explicit
08-06 05:29:31.397  5351  5364 I art     : Explicit concurrent mark sweep GC freed 342(5KB) AllocSpace objects, 0(0B) LOS objects, 7% free, 187MB/203MB, paused 1.719ms total 51.996ms
08-06 05:29:31.418  5351  5364 I art     : Starting a blocking GC Explicit
08-06 05:29:31.471  5351  5364 I art     : Explicit concurrent mark sweep GC freed 292(4KB) AllocSpace objects, 0(0B) LOS objects, 7% free, 187MB/203MB, paused 1.749ms total 52.731ms
08-06 05:29:31.493  5351  5364 I art     : Starting a blocking GC Explicit
08-06 05:29:31.545  5351  5364 I art     : Explicit concurrent mark sweep GC freed 344(5KB) AllocSpace objects, 0(0B) LOS objects, 7% free, 187MB/203MB, paused 1.648ms total 51.850ms
08-06 05:29:31.772  7456  7456 D AndroidRuntime: >>>>>> START com.android.internal.os.RuntimeInit uid 2000 <<<<<<
08-06 05:29:31.778  7456  7456 D AndroidRuntime: CheckJNI is OFF
08-06 05:29:31.831  7456  7456 D ICU     : No timezone override file found: /data/misc/zoneinfo/current/icu/icu_tzdata.dat
08-06 05:29:31.875  7456  7456 I Radio-JNI: register_android_hardware_Radio DONE
08-06 05:29:31.907  7456  7456 D AndroidRuntime: Calling main entry com.android.commands.input.Input
08-06 05:29:31.909  7456  7456 I Input   : injectKeyEvent: KeyEvent { action=ACTION_DOWN, keyCode=KEYCODE_BACK, scanCode=0, metaState=0, flags=0x0, repeatCount=0, eventTime=854988322, downTime=854988322, deviceId=-1, source=0x101 }
08-06 05:29:31.916  7456  7456 I Input   : injectKeyEvent: KeyEvent { action=ACTION_UP, keyCode=KEYCODE_BACK, scanCode=0, metaState=0, flags=0x0, repeatCount=0, eventTime=854988322, downTime=854988322, deviceId=-1, source=0x101 }
08-06 05:29:31.936  7456  7456 D AndroidRuntime: Shutting down VM
08-06 05:29:31.957  5351  5351 V MainActivity: url = https://project-travel-mate.herokuapp.com/api/number-of-unread-notifications
08-06 05:29:31.983  5351  5364 I art     : Starting a blocking GC Explicit
08-06 05:29:32.037 13866 13866 I GoogleInputMethodServic: GoogleInputMethodService.onFinishInput():3138 
08-06 05:29:32.038 13866 13866 I GoogleInputMethodServic: GoogleInputMethodService.onStartInput():1808 
08-06 05:29:32.042  5351  5364 I art     : Explicit concurrent mark sweep GC freed 3808(136KB) AllocSpace objects, 2(36KB) LOS objects, 7% free, 187MB/203MB, paused 2.351ms total 58.738ms
08-06 05:29:32.066  5351  5364 I art     : Starting a blocking GC Explicit
08-06 05:29:32.122  5351  5364 I art     : Explicit concurrent mark sweep GC freed 256(10KB) AllocSpace objects, 0(0B) LOS objects, 7% free, 187MB/203MB, paused 1.972ms total 54.956ms
08-06 05:29:32.146  5351  5364 I art     : Starting a blocking GC Explicit
08-06 05:29:32.219  5351  5364 I art     : Explicit concurrent mark sweep GC freed 114(3KB) AllocSpace objects, 0(0B) LOS objects, 7% free, 187MB/203MB, paused 2.144ms total 72.724ms
08-06 05:29:32.251  5351  5364 I art     : Starting a blocking GC Explicit
08-06 05:29:32.317   380   380 W SurfaceFlinger: couldn't log to binary event log: overflow.
08-06 05:29:32.332  5351  5364 I art     : Explicit concurrent mark sweep GC freed 74(1824B) AllocSpace objects, 1(4MB) LOS objects, 8% free, 183MB/199MB, paused 4.046ms total 81.095ms
08-06 05:29:32.356  5351  5364 I art     : Starting a blocking GC Explicit
08-06 05:29:32.413  5351  5364 I art     : Explicit concurrent mark sweep GC freed 24(1056B) AllocSpace objects, 0(0B) LOS objects, 8% free, 183MB/199MB, paused 1.781ms total 56.793ms
08-06 05:29:32.548  5351  7480 I NAPPA_EXPERIMENTATION: MetricNetworkRequestExecutionTime: REQUEST_DURATION_SYSTEM='588',REQUEST_DURATION_OKHTTP='34',REQUEST_SYNCHRONOUS='FALSE',RESPONSE_CODE='200',RESPONSE_METHOD='GET',RESPONSE_LENGTH_OKHTTP='36',RESPONSE_LENGTH_HEADER='36',REQUEST_PROTOCOL='http/1.1',REQUEST_URL='https://project-travel-mate.herokuapp.com/api/number-of-unread-notifications',
08-06 05:29:32.861  5351  5363 I art     : Starting a blocking GC Explicit
08-06 05:29:32.871   918  1209 D NetworkMonitor/NetworkAgentInfo [WIFI () - 159]: Checking http://connectivitycheck.gstatic.com/generate_204 on "H369AA63323", 192.168.2.12=192.168.2.12
08-06 05:29:32.940  5351  5363 I art     : Explicit concurrent mark sweep GC freed 8301(428KB) AllocSpace objects, 7(292KB) LOS objects, 8% free, 183MB/199MB, paused 2.188ms total 78.123ms
08-06 05:29:32.969  5351  5363 I art     : Starting a blocking GC Explicit
08-06 05:29:33.026   918  1209 D NetworkMonitor/NetworkAgentInfo [WIFI () - 159]: Probably not a portal: exception java.io.IOException: unexpected end of stream on Connection{connectivitycheck.gstatic.com:80, proxy=HTTP@/192.168.2.12:8080 hostAddress=192.168.2.12 cipherSuite=none protocol=http/1.1} (recycle count=0)
08-06 05:29:33.027   918  3263 D ConnectivityService: NetworkAgentInfo [WIFI () - 159] validation failed
08-06 05:29:33.028   918  3261 E WifiConfigStore:  rewrite network history for "H369AA63323"WPA_PSK
08-06 05:29:33.032  5351  5363 I art     : Explicit concurrent mark sweep GC freed 962(117KB) AllocSpace objects, 0(0B) LOS objects, 8% free, 183MB/199MB, paused 1.962ms total 63.157ms
08-06 05:29:33.057  5351  5363 I art     : Starting a blocking GC Explicit
08-06 05:29:33.118  5351  5363 I art     : Explicit concurrent mark sweep GC freed 3(96B) AllocSpace objects, 0(0B) LOS objects, 8% free, 183MB/199MB, paused 2.015ms total 60.633ms
08-06 05:29:33.143  5351  5363 I art     : Starting a blocking GC Explicit
08-06 05:29:33.205  5351  5363 I art     : Explicit concurrent mark sweep GC freed 14(720B) AllocSpace objects, 0(0B) LOS objects, 8% free, 183MB/199MB, paused 1.825ms total 61.150ms
08-06 05:29:33.229  5351  5363 I art     : Starting a blocking GC Explicit
08-06 05:29:33.289  5351  5363 I art     : Explicit concurrent mark sweep GC freed 14(672B) AllocSpace objects, 0(0B) LOS objects, 8% free, 183MB/199MB, paused 2.047ms total 59.743ms
08-06 05:29:33.387   918  1210 D NetlinkSocketObserver: NeighborEvent{elapsedMs=1838377261, 192.168.2.254, [7C3953A63323], RTM_NEWNEIGH, NUD_REACHABLE}
08-06 05:29:33.740  5351  5369 I art     : Starting a blocking GC Explicit
08-06 05:29:33.801  5351  5369 I art     : Explicit concurrent mark sweep GC freed 1617(92KB) AllocSpace objects, 2(36KB) LOS objects, 8% free, 183MB/199MB, paused 1.917ms total 60.720ms
08-06 05:29:33.825  5351  5369 I art     : Starting a blocking GC Explicit
08-06 05:29:33.825  7494  7494 D AndroidRuntime: >>>>>> START com.android.internal.os.RuntimeInit uid 2000 <<<<<<
08-06 05:29:33.832  7494  7494 D AndroidRuntime: CheckJNI is OFF
08-06 05:29:33.882  7494  7494 D ICU     : No timezone override file found: /data/misc/zoneinfo/current/icu/icu_tzdata.dat
08-06 05:29:33.884  5351  5369 I art     : Explicit concurrent mark sweep GC freed 28(1024B) AllocSpace objects, 0(0B) LOS objects, 8% free, 183MB/199MB, paused 1.870ms total 58.507ms
08-06 05:29:33.909  5351  5369 I art     : Starting a blocking GC Explicit
08-06 05:29:33.927  7494  7494 I Radio-JNI: register_android_hardware_Radio DONE
08-06 05:29:33.960  7494  7494 D AndroidRuntime: Calling main entry com.android.commands.input.Input
08-06 05:29:33.962  7494  7494 I Input   : injectMotionEvent: MotionEvent { action=ACTION_DOWN, actionButton=0, id[0]=0, x[0]=117.0, y[0]=170.0, toolType[0]=TOOL_TYPE_UNKNOWN, buttonState=0, metaState=0, flags=0x0, edgeFlags=0x0, pointerCount=1, historySize=0, eventTime=854990375, downTime=854990375, deviceId=0, source=0x1002 }
08-06 05:29:33.968  5351  5369 I art     : Explicit concurrent mark sweep GC freed 3(96B) AllocSpace objects, 0(0B) LOS objects, 8% free, 183MB/199MB, paused 2.005ms total 59.131ms
08-06 05:29:33.968  7494  7494 I Input   : injectMotionEvent: MotionEvent { action=ACTION_UP, actionButton=0, id[0]=0, x[0]=117.0, y[0]=170.0, toolType[0]=TOOL_TYPE_UNKNOWN, buttonState=0, metaState=0, flags=0x0, edgeFlags=0x0, pointerCount=1, historySize=0, eventTime=854990375, downTime=854990375, deviceId=0, source=0x1002 }
08-06 05:29:33.972  7494  7494 D AndroidRuntime: Shutting down VM
08-06 05:29:33.991   512  2967 D audio_hw_primary: out_set_parameters: enter: usecase(1: low-latency-playback) kvpairs: routing=2
08-06 05:29:33.997  5351  5369 I art     : Starting a blocking GC Explicit
08-06 05:29:34.005   512  2967 D audio_hw_primary: select_devices: out_snd_device(2: speaker) in_snd_device(0: none)
08-06 05:29:34.005   512  2967 D msm8974_platform: platform_send_audio_calibration: sending audio calibration for snd_device(2) acdb_id(15)
08-06 05:29:34.005   512  2967 I soundtrigger: audio_extn_sound_trigger_update_device_status: device 0x2 of type 0 for Event 1
08-06 05:29:34.015   512  2967 D audio_hw_primary: enable_snd_device: snd_device(2: speaker)
08-06 05:29:34.017   512  2967 D audio_hw_primary: enable_audio_route: apply and update mixer path: low-latency-playback speaker
08-06 05:29:34.057  5351  5369 I art     : Explicit concurrent mark sweep GC freed 82(3KB) AllocSpace objects, 0(0B) LOS objects, 8% free, 183MB/199MB, paused 2.483ms total 59.845ms
08-06 05:29:34.082  5351  5369 I art     : Starting a blocking GC Explicit
08-06 05:29:34.151  5351  5369 I art     : Explicit concurrent mark sweep GC freed 390(19KB) AllocSpace objects, 0(0B) LOS objects, 8% free, 183MB/199MB, paused 1.922ms total 68.053ms
08-06 05:29:34.560   512  2967 D audio_hw_primary: disable_audio_route: reset and update mixer path: low-latency-playback speaker
08-06 05:29:34.561   512  2967 D audio_hw_primary: disable_snd_device: snd_device(2: speaker)
08-06 05:29:34.569   512  2967 I soundtrigger: audio_extn_sound_trigger_update_device_status: device 0x2 of type 0 for Event 0
08-06 05:29:34.608  5351  5626 I art     : Starting a blocking GC Explicit
08-06 05:29:34.667  5351  5626 I art     : Explicit concurrent mark sweep GC freed 1604(93KB) AllocSpace objects, 2(36KB) LOS objects, 8% free, 183MB/199MB, paused 1.818ms total 58.561ms
08-06 05:29:34.690  5351  5626 I art     : Starting a blocking GC Explicit
08-06 05:29:34.751  5351  5626 I art     : Explicit concurrent mark sweep GC freed 76(2400B) AllocSpace objects, 0(0B) LOS objects, 8% free, 183MB/199MB, paused 1.897ms total 59.923ms
08-06 05:29:34.774  5351  5626 I art     : Starting a blocking GC Explicit
08-06 05:29:34.835  5351  5626 I art     : Explicit concurrent mark sweep GC freed 6(192B) AllocSpace objects, 0(0B) LOS objects, 8% free, 183MB/199MB, paused 1.886ms total 59.813ms
08-06 05:29:34.835  5351  5362 I art     : WaitForGcToComplete blocked for 33.967ms for cause HeapTrim
08-06 05:29:34.859  5351  5626 I art     : Starting a blocking GC Explicit
08-06 05:29:34.866  7517  7517 D AndroidRuntime: >>>>>> START com.android.internal.os.RuntimeInit uid 2000 <<<<<<
08-06 05:29:34.872  7517  7517 D AndroidRuntime: CheckJNI is OFF
08-06 05:29:34.900   918  3188 I hubconnection: sensorhub said: 'set_bias 3: -5.7792, 0.0000, 0.0000'
08-06 05:29:34.920  5351  5626 I art     : Explicit concurrent mark sweep GC freed 3(96B) AllocSpace objects, 0(0B) LOS objects, 8% free, 183MB/199MB, paused 1.874ms total 60.413ms
08-06 05:29:34.927  7517  7517 D ICU     : No timezone override file found: /data/misc/zoneinfo/current/icu/icu_tzdata.dat
08-06 05:29:34.944  5351  5626 I art     : Starting a blocking GC Explicit
08-06 05:29:34.971  7517  7517 I Radio-JNI: register_android_hardware_Radio DONE
08-06 05:29:35.004  7517  7517 D AndroidRuntime: Calling main entry com.android.commands.input.Input
08-06 05:29:35.005  5351  5626 I art     : Explicit concurrent mark sweep GC freed 3(96B) AllocSpace objects, 0(0B) LOS objects, 8% free, 183MB/199MB, paused 1.798ms total 60.082ms
08-06 05:29:35.007  7517  7517 I Input   : injectMotionEvent: MotionEvent { action=ACTION_DOWN, actionButton=0, id[0]=0, x[0]=418.0, y[0]=842.0, toolType[0]=TOOL_TYPE_UNKNOWN, buttonState=0, metaState=0, flags=0x0, edgeFlags=0x0, pointerCount=1, historySize=0, eventTime=854991419, downTime=854991419, deviceId=0, source=0x1002 }
08-06 05:29:35.012  7517  7517 I Input   : injectMotionEvent: MotionEvent { action=ACTION_UP, actionButton=0, id[0]=0, x[0]=418.0, y[0]=842.0, toolType[0]=TOOL_TYPE_UNKNOWN, buttonState=0, metaState=0, flags=0x0, edgeFlags=0x0, pointerCount=1, historySize=0, eventTime=854991419, downTime=854991419, deviceId=0, source=0x1002 }
08-06 05:29:35.015  7517  7517 D AndroidRuntime: Shutting down VM
08-06 05:29:35.024   512  2967 D audio_hw_primary: out_set_parameters: enter: usecase(1: low-latency-playback) kvpairs: routing=2
08-06 05:29:35.028  5351  5415 D Gabe    : call	returning from cache
08-06 05:29:35.037   512  2967 D audio_hw_primary: select_devices: out_snd_device(2: speaker) in_snd_device(0: none)
08-06 05:29:35.037   512  2967 D msm8974_platform: platform_send_audio_calibration: sending audio calibration for snd_device(2) acdb_id(15)
08-06 05:29:35.037   512  2967 I soundtrigger: audio_extn_sound_trigger_update_device_status: device 0x2 of type 0 for Event 1
08-06 05:29:35.048   512  2967 D audio_hw_primary: enable_snd_device: snd_device(2: speaker)
08-06 05:29:35.051   512  2967 D audio_hw_primary: enable_audio_route: apply and update mixer path: low-latency-playback speaker
08-06 05:29:35.060  5351  5351 V MainActivity: url = https://project-travel-mate.herokuapp.com/api/number-of-unread-notifications
08-06 05:29:35.098   512  2967 D AudioFlinger: mixer(0xf4740000) throttle end: throttle time(12)
08-06 05:29:35.137   518   646 I ThermalEngine: ACTION: GPU - Setting GPU[0] to 450000000
08-06 05:29:35.396  5351  7261 I art     : Starting a blocking GC Explicit
08-06 05:29:35.455  5351  7261 I art     : Explicit concurrent mark sweep GC freed 4205(262KB) AllocSpace objects, 2(36KB) LOS objects, 8% free, 183MB/199MB, paused 1.837ms total 58.380ms
08-06 05:29:35.474  5351  7261 I art     : Starting a blocking GC Explicit
08-06 05:29:35.528  5351  7261 I art     : Explicit concurrent mark sweep GC freed 569(33KB) AllocSpace objects, 0(0B) LOS objects, 8% free, 183MB/199MB, paused 1.913ms total 54.429ms
08-06 05:29:35.547  5351  7261 I art     : Starting a blocking GC Explicit
08-06 05:29:35.590   512  2967 D audio_hw_primary: disable_audio_route: reset and update mixer path: low-latency-playback speaker
08-06 05:29:35.591   512  2967 D audio_hw_primary: disable_snd_device: snd_device(2: speaker)
08-06 05:29:35.599   512  2967 I soundtrigger: audio_extn_sound_trigger_update_device_status: device 0x2 of type 0 for Event 0
08-06 05:29:35.601  5351  7261 I art     : Explicit concurrent mark sweep GC freed 1533(53KB) AllocSpace objects, 0(0B) LOS objects, 8% free, 183MB/199MB, paused 1.509ms total 54.069ms
08-06 05:29:35.608  5351  5351 I Choreographer: Skipped 32 frames!  The application may be doing too much work on its main thread.
08-06 05:29:35.621  5351  7261 I art     : Starting a blocking GC Explicit
08-06 05:29:35.672  5351  7261 I art     : Explicit concurrent mark sweep GC freed 1365(71KB) AllocSpace objects, 9(252KB) LOS objects, 8% free, 183MB/199MB, paused 1.937ms total 51.353ms
08-06 05:29:35.691  5351  7261 I art     : Starting a blocking GC Explicit
08-06 05:29:35.743  5351  7261 I art     : Explicit concurrent mark sweep GC freed 290(21KB) AllocSpace objects, 0(0B) LOS objects, 8% free, 183MB/199MB, paused 1.617ms total 51.853ms
08-06 05:29:35.823  5351  7540 I NAPPA_EXPERIMENTATION: MetricNetworkRequestExecutionTime: REQUEST_DURATION_SYSTEM='762',REQUEST_DURATION_OKHTTP='32',REQUEST_SYNCHRONOUS='FALSE',RESPONSE_CODE='200',RESPONSE_METHOD='GET',RESPONSE_LENGTH_OKHTTP='36',RESPONSE_LENGTH_HEADER='36',REQUEST_PROTOCOL='http/1.1',REQUEST_URL='https://project-travel-mate.herokuapp.com/api/number-of-unread-notifications',
08-06 05:29:35.975   918  3261 D WifiStateMachine: starting scan for "H369AA63323"WPA_PSK with 2412,5180
08-06 05:29:36.147  5351  5364 I art     : Starting a blocking GC Explicit
08-06 05:29:36.206  5351  5364 I art     : Explicit concurrent mark sweep GC freed 6173(296KB) AllocSpace objects, 5(252KB) LOS objects, 7% free, 184MB/200MB, paused 1.283ms total 57.910ms
08-06 05:29:36.225  5351  5364 I art     : Starting a blocking GC Explicit
08-06 05:29:36.280  5351  5364 I art     : Explicit concurrent mark sweep GC freed 1141(121KB) AllocSpace objects, 0(0B) LOS objects, 8% free, 183MB/199MB, paused 1.275ms total 55.018ms
08-06 05:29:36.299  5351  5364 I art     : Starting a blocking GC Explicit
08-06 05:29:36.354  5351  5364 I art     : Explicit concurrent mark sweep GC freed 99(1696B) AllocSpace objects, 0(0B) LOS objects, 8% free, 183MB/199MB, paused 1.282ms total 54.512ms
08-06 05:29:36.373  5351  5364 I art     : Starting a blocking GC Explicit
08-06 05:29:36.430  5351  5364 I art     : Explicit concurrent mark sweep GC freed 123(2096B) AllocSpace objects, 0(0B) LOS objects, 8% free, 183MB/199MB, paused 1.305ms total 56.370ms
08-06 05:29:36.449  5351  5364 I art     : Starting a blocking GC Explicit
08-06 05:29:36.504  5351  5364 I art     : Explicit concurrent mark sweep GC freed 99(1696B) AllocSpace objects, 0(0B) LOS objects, 8% free, 183MB/199MB, paused 1.292ms total 54.421ms
08-06 05:29:36.962  5351  5363 I art     : Starting a blocking GC Explicit
08-06 05:29:37.022  5351  5363 I art     : Explicit concurrent mark sweep GC freed 2392(106KB) AllocSpace objects, 2(52KB) LOS objects, 8% free, 183MB/199MB, paused 1.212ms total 59.654ms
08-06 05:29:37.031   918  1209 D NetworkMonitor/NetworkAgentInfo [WIFI () - 159]: Checking http://connectivitycheck.gstatic.com/generate_204 on "H369AA63323", 192.168.2.12=192.168.2.12
08-06 05:29:37.041  5351  5363 I art     : Starting a blocking GC Explicit
08-06 05:29:37.103  5351  5363 I art     : Explicit concurrent mark sweep GC freed 148(3024B) AllocSpace objects, 0(0B) LOS objects, 8% free, 183MB/199MB, paused 1.200ms total 61.154ms
08-06 05:29:37.120   918  1209 D NetworkMonitor/NetworkAgentInfo [WIFI () - 159]: Probably not a portal: exception java.io.IOException: unexpected end of stream on Connection{connectivitycheck.gstatic.com:80, proxy=HTTP@/192.168.2.12:8080 hostAddress=192.168.2.12 cipherSuite=none protocol=http/1.1} (recycle count=0)
08-06 05:29:37.122   918  3263 D ConnectivityService: NetworkAgentInfo [WIFI () - 159] validation failed
08-06 05:29:37.122  5351  5363 I art     : Starting a blocking GC Explicit
08-06 05:29:37.124   918  3261 E WifiConfigStore:  rewrite network history for "H369AA63323"WPA_PSK
08-06 05:29:37.182  5351  5363 I art     : Explicit concurrent mark sweep GC freed 122(2064B) AllocSpace objects, 0(0B) LOS objects, 8% free, 183MB/199MB, paused 1.365ms total 59.870ms
08-06 05:29:37.202  5351  5363 I art     : Starting a blocking GC Explicit
08-06 05:29:37.262  5351  5363 I art     : Explicit concurrent mark sweep GC freed 123(2096B) AllocSpace objects, 0(0B) LOS objects, 8% free, 183MB/199MB, paused 1.198ms total 60.238ms
08-06 05:29:37.281  5351  5363 I art     : Starting a blocking GC Explicit
08-06 05:29:37.335  5351  5363 I art     : Explicit concurrent mark sweep GC freed 100(1728B) AllocSpace objects, 0(0B) LOS objects, 8% free, 183MB/199MB, paused 1.265ms total 53.145ms
08-06 05:29:37.750  5351  5626 I art     : Starting a blocking GC Explicit
08-06 05:29:37.786  7573  7573 D AndroidRuntime: >>>>>> START com.android.internal.os.RuntimeInit uid 2000 <<<<<<
08-06 05:29:37.792  7573  7573 D AndroidRuntime: CheckJNI is OFF
08-06 05:29:37.810  5351  5626 I art     : Explicit concurrent mark sweep GC freed 2324(105KB) AllocSpace objects, 2(52KB) LOS objects, 8% free, 183MB/199MB, paused 1.473ms total 59.760ms
08-06 05:29:37.829  5351  5626 I art     : Starting a blocking GC Explicit
08-06 05:29:37.839  7573  7573 D ICU     : No timezone override file found: /data/misc/zoneinfo/current/icu/icu_tzdata.dat
08-06 05:29:37.884  7573  7573 I Radio-JNI: register_android_hardware_Radio DONE
08-06 05:29:37.886  5351  5626 I art     : Explicit concurrent mark sweep GC freed 141(2912B) AllocSpace objects, 0(0B) LOS objects, 8% free, 183MB/199MB, paused 1.363ms total 55.937ms
08-06 05:29:37.904  5351  5626 I art     : Starting a blocking GC Explicit
08-06 05:29:37.915  7573  7573 D AndroidRuntime: Calling main entry com.android.commands.input.Input
08-06 05:29:37.917  7573  7573 I Input   : injectMotionEvent: MotionEvent { action=ACTION_DOWN, actionButton=0, id[0]=0, x[0]=117.0, y[0]=170.0, toolType[0]=TOOL_TYPE_UNKNOWN, buttonState=0, metaState=0, flags=0x0, edgeFlags=0x0, pointerCount=1, historySize=0, eventTime=854994329, downTime=854994329, deviceId=0, source=0x1002 }
08-06 05:29:37.923  7573  7573 I Input   : injectMotionEvent: MotionEvent { action=ACTION_UP, actionButton=0, id[0]=0, x[0]=117.0, y[0]=170.0, toolType[0]=TOOL_TYPE_UNKNOWN, buttonState=0, metaState=0, flags=0x0, edgeFlags=0x0, pointerCount=1, historySize=0, eventTime=854994329, downTime=854994329, deviceId=0, source=0x1002 }
08-06 05:29:37.926  7573  7573 D AndroidRuntime: Shutting down VM
08-06 05:29:37.946   512  2967 D audio_hw_primary: out_set_parameters: enter: usecase(1: low-latency-playback) kvpairs: routing=2
08-06 05:29:37.959   512  2967 D audio_hw_primary: select_devices: out_snd_device(2: speaker) in_snd_device(0: none)
08-06 05:29:37.959   512  2967 D msm8974_platform: platform_send_audio_calibration: sending audio calibration for snd_device(2) acdb_id(15)
08-06 05:29:37.959   512  2967 I soundtrigger: audio_extn_sound_trigger_update_device_status: device 0x2 of type 0 for Event 1
08-06 05:29:37.962  5351  5626 I art     : Explicit concurrent mark sweep GC freed 150(2960B) AllocSpace objects, 0(0B) LOS objects, 8% free, 183MB/199MB, paused 1.620ms total 57.018ms
08-06 05:29:37.969   512  2967 D audio_hw_primary: enable_snd_device: snd_device(2: speaker)
08-06 05:29:37.971   512  2967 D audio_hw_primary: enable_audio_route: apply and update mixer path: low-latency-playback speaker
08-06 05:29:37.982  5351  5626 I art     : Starting a blocking GC Explicit
08-06 05:29:38.031  5351  5626 I art     : Explicit concurrent mark sweep GC freed 518(22KB) AllocSpace objects, 0(0B) LOS objects, 7% free, 184MB/200MB, paused 1.080ms total 49.123ms
08-06 05:29:38.050  5351  5626 I art     : Starting a blocking GC Explicit
08-06 05:29:38.101  5351  5626 I art     : Explicit concurrent mark sweep GC freed 131(3024B) AllocSpace objects, 0(0B) LOS objects, 7% free, 184MB/200MB, paused 1.265ms total 50.896ms
08-06 05:29:38.483  5351  5364 I art     : Starting a blocking GC Explicit
08-06 05:29:38.509   512  2967 D audio_hw_primary: disable_audio_route: reset and update mixer path: low-latency-playback speaker
08-06 05:29:38.510   512  2967 D audio_hw_primary: disable_snd_device: snd_device(2: speaker)
08-06 05:29:38.518   512  2967 I soundtrigger: audio_extn_sound_trigger_update_device_status: device 0x2 of type 0 for Event 0
08-06 05:29:38.537  5351  5364 I art     : Explicit concurrent mark sweep GC freed 2248(104KB) AllocSpace objects, 2(52KB) LOS objects, 7% free, 184MB/200MB, paused 1.245ms total 54.577ms
08-06 05:29:38.556  5351  5364 I art     : Starting a blocking GC Explicit
08-06 05:29:38.609  5351  5364 I art     : Explicit concurrent mark sweep GC freed 149(3KB) AllocSpace objects, 0(0B) LOS objects, 7% free, 184MB/200MB, paused 1.337ms total 52.411ms
08-06 05:29:38.628  5351  5364 I art     : Starting a blocking GC Explicit
08-06 05:29:38.680  5351  5364 I art     : Explicit concurrent mark sweep GC freed 120(2064B) AllocSpace objects, 0(0B) LOS objects, 7% free, 184MB/200MB, paused 1.339ms total 52.585ms
08-06 05:29:38.686  7596  7596 D AndroidRuntime: >>>>>> START com.android.internal.os.RuntimeInit uid 2000 <<<<<<
08-06 05:29:38.692  7596  7596 D AndroidRuntime: CheckJNI is OFF
08-06 05:29:38.699  5351  5364 I art     : Starting a blocking GC Explicit
08-06 05:29:38.724 32067 32067 I ServiceManager: Waiting for service AtCmdFwd...
08-06 05:29:38.735  7596  7596 D ICU     : No timezone override file found: /data/misc/zoneinfo/current/icu/icu_tzdata.dat
08-06 05:29:38.751  5351  5364 I art     : Explicit concurrent mark sweep GC freed 132(2592B) AllocSpace objects, 0(0B) LOS objects, 7% free, 184MB/200MB, paused 1.266ms total 51.685ms
08-06 05:29:38.771  5351  5364 I art     : Starting a blocking GC Explicit
08-06 05:29:38.779  7596  7596 I Radio-JNI: register_android_hardware_Radio DONE
08-06 05:29:38.809  7596  7596 D AndroidRuntime: Calling main entry com.android.commands.input.Input
08-06 05:29:38.811  7596  7596 I Input   : injectMotionEvent: MotionEvent { action=ACTION_DOWN, actionButton=0, id[0]=0, x[0]=355.0, y[0]=1674.0, toolType[0]=TOOL_TYPE_UNKNOWN, buttonState=0, metaState=0, flags=0x0, edgeFlags=0x0, pointerCount=1, historySize=0, eventTime=854995223, downTime=854995223, deviceId=0, source=0x1002 }
08-06 05:29:38.814  7596  7596 I Input   : injectMotionEvent: MotionEvent { action=ACTION_UP, actionButton=0, id[0]=0, x[0]=355.0, y[0]=1674.0, toolType[0]=TOOL_TYPE_UNKNOWN, buttonState=0, metaState=0, flags=0x0, edgeFlags=0x0, pointerCount=1, historySize=0, eventTime=854995223, downTime=854995223, deviceId=0, source=0x1002 }
08-06 05:29:38.816  7596  7596 D AndroidRuntime: Shutting down VM
08-06 05:29:38.823  5351  5364 I art     : Explicit concurrent mark sweep GC freed 105(1856B) AllocSpace objects, 0(0B) LOS objects, 7% free, 184MB/200MB, paused 1.244ms total 52.287ms
08-06 05:29:38.829   512  2967 D audio_hw_primary: out_set_parameters: enter: usecase(1: low-latency-playback) kvpairs: routing=2
08-06 05:29:38.840  5351  5351 V MainActivity: url = https://project-travel-mate.herokuapp.com/api/number-of-unread-notifications
08-06 05:29:38.844   512  2967 D audio_hw_primary: select_devices: out_snd_device(2: speaker) in_snd_device(0: none)
08-06 05:29:38.844   512  2967 D msm8974_platform: platform_send_audio_calibration: sending audio calibration for snd_device(2) acdb_id(15)
08-06 05:29:38.844   512  2967 I soundtrigger: audio_extn_sound_trigger_update_device_status: device 0x2 of type 0 for Event 1
08-06 05:29:38.853   512  2967 D audio_hw_primary: enable_snd_device: snd_device(2: speaker)
08-06 05:29:38.856   512  2967 D audio_hw_primary: enable_audio_route: apply and update mixer path: low-latency-playback speaker
08-06 05:29:38.897   512  2967 D AudioFlinger: mixer(0xf4740000) throttle end: throttle time(12)
08-06 05:29:39.211  5351  5364 I art     : Starting a blocking GC Explicit
08-06 05:29:39.280  5351  5364 I art     : Explicit concurrent mark sweep GC freed 3868(177KB) AllocSpace objects, 11(304KB) LOS objects, 7% free, 184MB/200MB, paused 1.558ms total 68.100ms
08-06 05:29:39.300  5351  5364 I art     : Starting a blocking GC Explicit
08-06 05:29:39.353  5351  5364 I art     : Explicit concurrent mark sweep GC freed 2330(195KB) AllocSpace objects, 0(0B) LOS objects, 7% free, 184MB/200MB, paused 1.236ms total 53.246ms
08-06 05:29:39.372  5351  5364 I art     : Starting a blocking GC Explicit
08-06 05:29:39.378   512  2967 D audio_hw_primary: disable_audio_route: reset and update mixer path: low-latency-playback speaker
08-06 05:29:39.380   512  2967 D audio_hw_primary: disable_snd_device: snd_device(2: speaker)
08-06 05:29:39.388   512  2967 I soundtrigger: audio_extn_sound_trigger_update_device_status: device 0x2 of type 0 for Event 0
08-06 05:29:39.430  5351  5364 I art     : Explicit concurrent mark sweep GC freed 3(96B) AllocSpace objects, 0(0B) LOS objects, 7% free, 184MB/200MB, paused 1.355ms total 57.045ms
08-06 05:29:39.449  5351  5364 I art     : Starting a blocking GC Explicit
08-06 05:29:39.507  5351  5364 I art     : Explicit concurrent mark sweep GC freed 3(96B) AllocSpace objects, 0(0B) LOS objects, 7% free, 184MB/200MB, paused 1.312ms total 57.242ms
08-06 05:29:39.531  5351  5364 I art     : Starting a blocking GC Explicit
08-06 05:29:39.587  5351  5364 I art     : Explicit concurrent mark sweep GC freed 3(96B) AllocSpace objects, 0(0B) LOS objects, 7% free, 184MB/200MB, paused 1.364ms total 56.152ms
08-06 05:29:39.719  5351  7617 I NAPPA_EXPERIMENTATION: MetricNetworkRequestExecutionTime: REQUEST_DURATION_SYSTEM='877',REQUEST_DURATION_OKHTTP='37',REQUEST_SYNCHRONOUS='FALSE',RESPONSE_CODE='200',RESPONSE_METHOD='GET',RESPONSE_LENGTH_OKHTTP='36',RESPONSE_LENGTH_HEADER='36',REQUEST_PROTOCOL='http/1.1',REQUEST_URL='https://project-travel-mate.herokuapp.com/api/number-of-unread-notifications',
08-06 05:29:39.725 32067 32067 I ServiceManager: Waiting for service AtCmdFwd...
08-06 05:29:39.994  5351  5363 I art     : Starting a blocking GC Explicit
08-06 05:29:40.071  5351  5363 I art     : Explicit concurrent mark sweep GC freed 4418(240KB) AllocSpace objects, 5(248KB) LOS objects, 7% free, 184MB/200MB, paused 1.581ms total 75.922ms
08-06 05:29:40.093  5351  5363 I art     : Starting a blocking GC Explicit
08-06 05:29:40.151  5351  5363 I art     : Explicit concurrent mark sweep GC freed 962(117KB) AllocSpace objects, 0(0B) LOS objects, 7% free, 184MB/200MB, paused 1.177ms total 57.317ms
08-06 05:29:40.170  5351  5363 I art     : Starting a blocking GC Explicit
08-06 05:29:40.231  5351  5363 I art     : Explicit concurrent mark sweep GC freed 3(96B) AllocSpace objects, 0(0B) LOS objects, 7% free, 184MB/200MB, paused 1.390ms total 60.932ms
08-06 05:29:40.252  5351  5363 I art     : Starting a blocking GC Explicit
08-06 05:29:40.310  5351  5363 I art     : Explicit concurrent mark sweep GC freed 3(96B) AllocSpace objects, 0(0B) LOS objects, 7% free, 184MB/200MB, paused 1.292ms total 57.367ms
08-06 05:29:40.329  5351  5363 I art     : Starting a blocking GC Explicit
08-06 05:29:40.387  5351  5363 I art     : Explicit concurrent mark sweep GC freed 3(96B) AllocSpace objects, 0(0B) LOS objects, 7% free, 184MB/200MB, paused 1.346ms total 58.011ms
08-06 05:29:40.725 32067 32067 I ServiceManager: Waiting for service AtCmdFwd...
08-06 05:29:40.801  5351  7261 I art     : Starting a blocking GC Explicit
08-06 05:29:40.865  5351  7261 I art     : Explicit concurrent mark sweep GC freed 1647(93KB) AllocSpace objects, 2(48KB) LOS objects, 7% free, 184MB/200MB, paused 1.314ms total 63.240ms
08-06 05:29:40.887  5351  7261 I art     : Starting a blocking GC Explicit
08-06 05:29:40.949  5351  7261 I art     : Explicit concurrent mark sweep GC freed 28(1024B) AllocSpace objects, 0(0B) LOS objects, 7% free, 184MB/200MB, paused 1.353ms total 61.489ms
08-06 05:29:40.968  5351  7261 I art     : Starting a blocking GC Explicit
08-06 05:29:41.031  5351  7261 I art     : Explicit concurrent mark sweep GC freed 3(96B) AllocSpace objects, 0(0B) LOS objects, 7% free, 184MB/200MB, paused 1.353ms total 61.929ms
08-06 05:29:41.050  5351  7261 I art     : Starting a blocking GC Explicit
08-06 05:29:41.106  5351  7261 I art     : Explicit concurrent mark sweep GC freed 14(720B) AllocSpace objects, 0(0B) LOS objects, 7% free, 184MB/200MB, paused 1.261ms total 55.328ms
08-06 05:29:41.125  5351  7261 I art     : Starting a blocking GC Explicit
08-06 05:29:41.180  5351  7261 I art     : Explicit concurrent mark sweep GC freed 14(672B) AllocSpace objects, 0(0B) LOS objects, 7% free, 184MB/200MB, paused 1.338ms total 54.375ms
08-06 05:29:41.628  7649  7649 D AndroidRuntime: >>>>>> START com.android.internal.os.RuntimeInit uid 2000 <<<<<<
08-06 05:29:41.635  7649  7649 D AndroidRuntime: CheckJNI is OFF
08-06 05:29:41.637  5351  5364 I art     : Starting a blocking GC Explicit
08-06 05:29:41.682  7649  7649 D ICU     : No timezone override file found: /data/misc/zoneinfo/current/icu/icu_tzdata.dat
08-06 05:29:41.698  5351  5364 I art     : Explicit concurrent mark sweep GC freed 1586(92KB) AllocSpace objects, 2(48KB) LOS objects, 7% free, 184MB/200MB, paused 1.367ms total 60.341ms
08-06 05:29:41.717  5351  5364 I art     : Starting a blocking GC Explicit
08-06 05:29:41.726 32067 32067 I ServiceManager: Waiting for service AtCmdFwd...
08-06 05:29:41.730  7649  7649 I Radio-JNI: register_android_hardware_Radio DONE
08-06 05:29:41.758  7649  7649 D AndroidRuntime: Calling main entry com.android.commands.input.Input
08-06 05:29:41.761  7649  7649 I Input   : injectMotionEvent: MotionEvent { action=ACTION_DOWN, actionButton=0, id[0]=0, x[0]=747.0, y[0]=608.0, toolType[0]=TOOL_TYPE_UNKNOWN, buttonState=0, metaState=0, flags=0x0, edgeFlags=0x0, pointerCount=1, historySize=0, eventTime=854998173, downTime=854998173, deviceId=0, source=0x1002 }
08-06 05:29:41.767  7649  7649 I Input   : injectMotionEvent: MotionEvent { action=ACTION_UP, actionButton=0, id[0]=0, x[0]=747.0, y[0]=608.0, toolType[0]=TOOL_TYPE_UNKNOWN, buttonState=0, metaState=0, flags=0x0, edgeFlags=0x0, pointerCount=1, historySize=0, eventTime=854998173, downTime=854998173, deviceId=0, source=0x1002 }
08-06 05:29:41.769  7649  7649 D AndroidRuntime: Shutting down VM
08-06 05:29:41.769   918  4400 I ActivityManager: START u0 {cmp=baseline.io.github.project_travel_mate/.utilities.ChecklistActivity} from uid 10696 on display 0
08-06 05:29:41.771   512  2967 D audio_hw_primary: out_set_parameters: enter: usecase(1: low-latency-playback) kvpairs: routing=2
08-06 05:29:41.771  5351  5364 I art     : Explicit concurrent mark sweep GC freed 63(1968B) AllocSpace objects, 0(0B) LOS objects, 7% free, 184MB/200MB, paused 1.445ms total 54.552ms
08-06 05:29:41.784   512  2967 D audio_hw_primary: select_devices: out_snd_device(2: speaker) in_snd_device(0: none)
08-06 05:29:41.784   512  2967 D msm8974_platform: platform_send_audio_calibration: sending audio calibration for snd_device(2) acdb_id(15)
08-06 05:29:41.784   512  2967 I soundtrigger: audio_extn_sound_trigger_update_device_status: device 0x2 of type 0 for Event 1
08-06 05:29:41.791  5351  5364 I art     : Starting a blocking GC Explicit
08-06 05:29:41.794   512  2967 D audio_hw_primary: enable_snd_device: snd_device(2: speaker)
08-06 05:29:41.796   512  2967 D audio_hw_primary: enable_audio_route: apply and update mixer path: low-latency-playback speaker
08-06 05:29:41.841  5351  5364 I art     : Explicit concurrent mark sweep GC freed 656(45KB) AllocSpace objects, 0(0B) LOS objects, 7% free, 184MB/200MB, paused 1.261ms total 50.645ms
08-06 05:29:41.862  5351  5364 I art     : Starting a blocking GC Explicit
08-06 05:29:41.871 13866 13866 I GoogleInputMethodServic: GoogleInputMethodService.onFinishInput():3138 
08-06 05:29:41.872 13866 13866 I GoogleInputMethodServic: GoogleInputMethodService.onStartInput():1808 
08-06 05:29:41.872   918   936 I ActivityManager: Displayed baseline.io.github.project_travel_mate/.utilities.ChecklistActivity: +89ms
08-06 05:29:41.913  5351  5364 I art     : Explicit concurrent mark sweep GC freed 478(18KB) AllocSpace objects, 0(0B) LOS objects, 7% free, 184MB/200MB, paused 1.187ms total 50.757ms
08-06 05:29:41.932  5351  5364 I art     : Starting a blocking GC Explicit
08-06 05:29:41.985  5351  5364 I art     : Explicit concurrent mark sweep GC freed 71(2624B) AllocSpace objects, 0(0B) LOS objects, 7% free, 184MB/200MB, paused 1.653ms total 52.961ms
08-06 05:29:42.130   380   380 W SurfaceFlinger: couldn't log to binary event log: overflow.
08-06 05:29:42.309   918  3188 I hubconnection: sensorhub said: 'set_bias 3: -6.2400, 0.0000, 0.0000'
08-06 05:29:42.330   512  2967 D audio_hw_primary: disable_audio_route: reset and update mixer path: low-latency-playback speaker
08-06 05:29:42.331   512  2967 D audio_hw_primary: disable_snd_device: snd_device(2: speaker)
08-06 05:29:42.338   512  2967 I soundtrigger: audio_extn_sound_trigger_update_device_status: device 0x2 of type 0 for Event 0
08-06 05:29:42.372  5351  5363 I art     : Starting a blocking GC Explicit
08-06 05:29:42.425  5351  5363 I art     : Explicit concurrent mark sweep GC freed 1650(94KB) AllocSpace objects, 2(48KB) LOS objects, 7% free, 184MB/200MB, paused 1.362ms total 51.751ms
08-06 05:29:42.443  5351  5363 I art     : Starting a blocking GC Explicit
08-06 05:29:42.495  5351  5363 I art     : Explicit concurrent mark sweep GC freed 56(2368B) AllocSpace objects, 0(0B) LOS objects, 7% free, 184MB/200MB, paused 1.282ms total 52.435ms
08-06 05:29:42.514  5351  5363 I art     : Starting a blocking GC Explicit
08-06 05:29:42.569  5351  5363 I art     : Explicit concurrent mark sweep GC freed 16(704B) AllocSpace objects, 0(0B) LOS objects, 7% free, 184MB/200MB, paused 1.293ms total 54.564ms
08-06 05:29:42.587  5351  5363 I art     : Starting a blocking GC Explicit
08-06 05:29:42.644  5351  5363 I art     : Explicit concurrent mark sweep GC freed 17(528B) AllocSpace objects, 0(0B) LOS objects, 7% free, 184MB/200MB, paused 1.209ms total 56.467ms
08-06 05:29:42.664  5351  5363 I art     : Starting a blocking GC Explicit
08-06 05:29:42.721  5351  5363 I art     : Explicit concurrent mark sweep GC freed 3(96B) AllocSpace objects, 0(0B) LOS objects, 7% free, 184MB/200MB, paused 1.271ms total 56.923ms
08-06 05:29:42.727 32067 32067 I ServiceManager: Waiting for service AtCmdFwd...
08-06 05:29:43.138  5351  5369 I art     : Starting a blocking GC Explicit
08-06 05:29:43.214  5351  5369 I art     : Explicit concurrent mark sweep GC freed 1623(93KB) AllocSpace objects, 2(48KB) LOS objects, 7% free, 184MB/200MB, paused 1.409ms total 75.468ms
08-06 05:29:43.238  5351  5369 I art     : Starting a blocking GC Explicit
08-06 05:29:43.298  5351  5369 I art     : Explicit concurrent mark sweep GC freed 28(1024B) AllocSpace objects, 0(0B) LOS objects, 7% free, 184MB/200MB, paused 1.369ms total 59.247ms
08-06 05:29:43.317  5351  5369 I art     : Starting a blocking GC Explicit
08-06 05:29:43.379  5351  5369 I art     : Explicit concurrent mark sweep GC freed 3(96B) AllocSpace objects, 0(0B) LOS objects, 7% free, 184MB/200MB, paused 1.634ms total 61.299ms
08-06 05:29:43.403  5351  5369 I art     : Starting a blocking GC Explicit
08-06 05:29:43.468  5351  5369 I art     : Explicit concurrent mark sweep GC freed 3(96B) AllocSpace objects, 0(0B) LOS objects, 7% free, 184MB/200MB, paused 1.460ms total 64.796ms
08-06 05:29:43.488  5351  5369 I art     : Starting a blocking GC Explicit
08-06 05:29:43.553  5351  5369 I art     : Explicit concurrent mark sweep GC freed 3(96B) AllocSpace objects, 0(0B) LOS objects, 7% free, 184MB/200MB, paused 1.350ms total 64.651ms
08-06 05:29:43.727 32067 32067 W Atfwd_Sendcmd: AtCmdFwd service not published, waiting... retryCnt : 1
08-06 05:29:43.989  5351  7261 I art     : Starting a blocking GC Explicit
08-06 05:29:44.069  5351  7261 I art     : Explicit concurrent mark sweep GC freed 1623(93KB) AllocSpace objects, 2(48KB) LOS objects, 7% free, 184MB/200MB, paused 1.647ms total 79.914ms
08-06 05:29:44.093  5351  7261 I art     : Starting a blocking GC Explicit
08-06 05:29:44.158  5351  7261 I art     : Explicit concurrent mark sweep GC freed 40(1680B) AllocSpace objects, 0(0B) LOS objects, 7% free, 184MB/200MB, paused 1.486ms total 64.603ms
08-06 05:29:44.178  5351  7261 I art     : Starting a blocking GC Explicit
08-06 05:29:44.247  5351  7261 I art     : Explicit concurrent mark sweep GC freed 13(640B) AllocSpace objects, 0(0B) LOS objects, 7% free, 184MB/200MB, paused 1.469ms total 68.683ms
08-06 05:29:44.269  5351  7261 I art     : Starting a blocking GC Explicit
08-06 05:29:44.338  5351  7261 I art     : Explicit concurrent mark sweep GC freed 3(96B) AllocSpace objects, 0(0B) LOS objects, 7% free, 184MB/200MB, paused 1.565ms total 68.638ms
08-06 05:29:44.360  5351  7261 I art     : Starting a blocking GC Explicit
08-06 05:29:44.425  5351  7261 I art     : Explicit concurrent mark sweep GC freed 3(96B) AllocSpace objects, 0(0B) LOS objects, 7% free, 184MB/200MB, paused 1.351ms total 65.313ms
08-06 05:29:44.916  5351  5626 I art     : Starting a blocking GC Explicit
08-06 05:29:44.988  5351  5626 I art     : Explicit concurrent mark sweep GC freed 1621(92KB) AllocSpace objects, 2(48KB) LOS objects, 7% free, 184MB/200MB, paused 1.398ms total 71.126ms
08-06 05:29:45.011  5351  5626 I art     : Starting a blocking GC Explicit
08-06 05:29:45.078  5351  5626 I art     : Explicit concurrent mark sweep GC freed 28(1024B) AllocSpace objects, 0(0B) LOS objects, 7% free, 184MB/200MB, paused 1.543ms total 66.965ms
08-06 05:29:45.079  5351  5362 I art     : WaitForGcToComplete blocked for 6.221ms for cause HeapTrim
08-06 05:29:45.100  5351  5626 I art     : Starting a blocking GC Explicit
08-06 05:29:45.130   918  1209 D NetworkMonitor/NetworkAgentInfo [WIFI () - 159]: Checking http://connectivitycheck.gstatic.com/generate_204 on "H369AA63323", 192.168.2.12=192.168.2.12
08-06 05:29:45.164  5351  5626 I art     : Explicit concurrent mark sweep GC freed 3(96B) AllocSpace objects, 0(0B) LOS objects, 7% free, 184MB/200MB, paused 1.336ms total 63.526ms
08-06 05:29:45.183  5351  5626 I art     : Starting a blocking GC Explicit
08-06 05:29:45.210   918  1209 D NetworkMonitor/NetworkAgentInfo [WIFI () - 159]: Probably not a portal: exception java.io.IOException: unexpected end of stream on Connection{connectivitycheck.gstatic.com:80, proxy=HTTP@/192.168.2.12:8080 hostAddress=192.168.2.12 cipherSuite=none protocol=http/1.1} (recycle count=0)
08-06 05:29:45.213   918  3263 D ConnectivityService: NetworkAgentInfo [WIFI () - 159] validation failed
08-06 05:29:45.215   918  3261 E WifiConfigStore:  rewrite network history for "H369AA63323"WPA_PSK
08-06 05:29:45.244  5351  5626 I art     : Explicit concurrent mark sweep GC freed 15(752B) AllocSpace objects, 0(0B) LOS objects, 7% free, 184MB/200MB, paused 1.380ms total 60.774ms
08-06 05:29:45.264  5351  5626 I art     : Starting a blocking GC Explicit
08-06 05:29:45.329  5351  5626 I art     : Explicit concurrent mark sweep GC freed 13(640B) AllocSpace objects, 0(0B) LOS objects, 7% free, 184MB/200MB, paused 1.492ms total 64.479ms
08-06 05:29:45.772  5351  5364 I art     : Starting a blocking GC Explicit
08-06 05:29:45.853  5351  5364 I art     : Explicit concurrent mark sweep GC freed 1623(93KB) AllocSpace objects, 2(48KB) LOS objects, 7% free, 184MB/200MB, paused 1.490ms total 79.697ms
08-06 05:29:45.875  5351  5364 I art     : Starting a blocking GC Explicit
08-06 05:29:45.944  5351  5364 I art     : Explicit concurrent mark sweep GC freed 28(1024B) AllocSpace objects, 0(0B) LOS objects, 7% free, 184MB/200MB, paused 1.705ms total 69.008ms
08-06 05:29:45.948   918  1210 D NetlinkSocketObserver: NeighborEvent{elapsedMs=1838389822, 192.168.2.254, [7C3953A63323], RTM_NEWNEIGH, NUD_STALE}
08-06 05:29:45.965  5351  5364 I art     : Starting a blocking GC Explicit
08-06 05:29:46.028  5351  5364 I art     : Explicit concurrent mark sweep GC freed 3(96B) AllocSpace objects, 0(0B) LOS objects, 7% free, 184MB/200MB, paused 1.412ms total 62.518ms
08-06 05:29:46.047  5351  5364 I art     : Starting a blocking GC Explicit
08-06 05:29:46.102  5351  5364 I art     : Explicit concurrent mark sweep GC freed 3(96B) AllocSpace objects, 0(0B) LOS objects, 7% free, 184MB/200MB, paused 1.332ms total 54.968ms
08-06 05:29:46.122  5351  5364 I art     : Starting a blocking GC Explicit
08-06 05:29:46.180  5351  5364 I art     : Explicit concurrent mark sweep GC freed 3(96B) AllocSpace objects, 0(0B) LOS objects, 7% free, 184MB/200MB, paused 1.307ms total 57.956ms
08-06 05:29:46.572  7732  7732 D AndroidRuntime: >>>>>> START com.android.internal.os.RuntimeInit uid 2000 <<<<<<
08-06 05:29:46.579  7732  7732 D AndroidRuntime: CheckJNI is OFF
08-06 05:29:46.617  5351  5363 I art     : Starting a blocking GC Explicit
08-06 05:29:46.629  7732  7732 D ICU     : No timezone override file found: /data/misc/zoneinfo/current/icu/icu_tzdata.dat
08-06 05:29:46.677  7732  7732 I Radio-JNI: register_android_hardware_Radio DONE
08-06 05:29:46.679  5351  5363 I art     : Explicit concurrent mark sweep GC freed 1586(92KB) AllocSpace objects, 2(48KB) LOS objects, 7% free, 184MB/200MB, paused 1.536ms total 61.337ms
08-06 05:29:46.698  5351  5363 I art     : Starting a blocking GC Explicit
08-06 05:29:46.707  7732  7732 D AndroidRuntime: Calling main entry com.android.commands.input.Input
08-06 05:29:46.709  7732  7732 I Input   : injectKeyEvent: KeyEvent { action=ACTION_DOWN, keyCode=KEYCODE_BACK, scanCode=0, metaState=0, flags=0x0, repeatCount=0, eventTime=855003122, downTime=855003122, deviceId=-1, source=0x101 }
08-06 05:29:46.715  7732  7732 I Input   : injectKeyEvent: KeyEvent { action=ACTION_UP, keyCode=KEYCODE_BACK, scanCode=0, metaState=0, flags=0x0, repeatCount=0, eventTime=855003122, downTime=855003122, deviceId=-1, source=0x101 }
08-06 05:29:46.721  7732  7732 D AndroidRuntime: Shutting down VM
08-06 05:29:46.732  5351  5351 V MainActivity: url = https://project-travel-mate.herokuapp.com/api/number-of-unread-notifications
08-06 05:29:46.752  5351  5363 I art     : Explicit concurrent mark sweep GC freed 396(15KB) AllocSpace objects, 0(0B) LOS objects, 7% free, 184MB/200MB, paused 1.343ms total 53.704ms
08-06 05:29:46.767 13866 13866 I GoogleInputMethodServic: GoogleInputMethodService.onFinishInput():3138 
08-06 05:29:46.768 13866 13866 I GoogleInputMethodServic: GoogleInputMethodService.onStartInput():1808 
08-06 05:29:46.772  5351  5363 I art     : Starting a blocking GC Explicit
08-06 05:29:46.826  5351  5363 I art     : Explicit concurrent mark sweep GC freed 117(4KB) AllocSpace objects, 0(0B) LOS objects, 7% free, 184MB/200MB, paused 1.234ms total 53.704ms
08-06 05:29:46.845  5351  5363 I art     : Starting a blocking GC Explicit
08-06 05:29:46.898  5351  5363 I art     : Explicit concurrent mark sweep GC freed 104(6KB) AllocSpace objects, 0(0B) LOS objects, 7% free, 184MB/200MB, paused 1.402ms total 53.151ms
08-06 05:29:46.921  5351  5363 I art     : Starting a blocking GC Explicit
08-06 05:29:46.987  5351  5363 I art     : Explicit concurrent mark sweep GC freed 24(1200B) AllocSpace objects, 0(0B) LOS objects, 7% free, 184MB/200MB, paused 1.571ms total 66.128ms
08-06 05:29:47.065   380   380 W SurfaceFlinger: couldn't log to binary event log: overflow.
08-06 05:29:47.295  5351  7756 I NAPPA_EXPERIMENTATION: MetricNetworkRequestExecutionTime: REQUEST_DURATION_SYSTEM='562',REQUEST_DURATION_OKHTTP='34',REQUEST_SYNCHRONOUS='FALSE',RESPONSE_CODE='200',RESPONSE_METHOD='GET',RESPONSE_LENGTH_OKHTTP='36',RESPONSE_LENGTH_HEADER='36',REQUEST_PROTOCOL='http/1.1',REQUEST_URL='https://project-travel-mate.herokuapp.com/api/number-of-unread-notifications',
08-06 05:29:47.380  5351  5364 I art     : Starting a blocking GC Explicit
08-06 05:29:47.453  5351  5364 I art     : Explicit concurrent mark sweep GC freed 4813(259KB) AllocSpace objects, 5(248KB) LOS objects, 7% free, 184MB/200MB, paused 1.522ms total 72.222ms
08-06 05:29:47.476  5351  5364 I art     : Starting a blocking GC Explicit
08-06 05:29:47.534  5351  5364 I art     : Explicit concurrent mark sweep GC freed 1100(124KB) AllocSpace objects, 0(0B) LOS objects, 7% free, 184MB/200MB, paused 1.311ms total 58.187ms
08-06 05:29:47.554  5351  5364 I art     : Starting a blocking GC Explicit
08-06 05:29:47.614  5351  5364 I art     : Explicit concurrent mark sweep GC freed 3(96B) AllocSpace objects, 0(0B) LOS objects, 7% free, 184MB/200MB, paused 1.441ms total 59.670ms
08-06 05:29:47.637  5351  5364 I art     : Starting a blocking GC Explicit
08-06 05:29:47.699  5351  5364 I art     : Explicit concurrent mark sweep GC freed 3(96B) AllocSpace objects, 0(0B) LOS objects, 7% free, 184MB/200MB, paused 1.842ms total 62.034ms
08-06 05:29:47.722  5351  5364 I art     : Starting a blocking GC Explicit
08-06 05:29:47.780  5351  5364 I art     : Explicit concurrent mark sweep GC freed 40(1088B) AllocSpace objects, 0(0B) LOS objects, 7% free, 184MB/200MB, paused 1.377ms total 57.719ms
08-06 05:29:48.193  5351  7261 I art     : Starting a blocking GC Explicit
08-06 05:29:48.255  5351  7261 I art     : Explicit concurrent mark sweep GC freed 1598(92KB) AllocSpace objects, 2(48KB) LOS objects, 7% free, 184MB/200MB, paused 1.380ms total 61.569ms
08-06 05:29:48.274  5351  7261 I art     : Starting a blocking GC Explicit
08-06 05:29:48.332  5351  7261 I art     : Explicit concurrent mark sweep GC freed 38(1568B) AllocSpace objects, 0(0B) LOS objects, 7% free, 184MB/200MB, paused 1.370ms total 57.568ms
08-06 05:29:48.351  5351  7261 I art     : Starting a blocking GC Explicit
08-06 05:29:48.423  5351  7261 I art     : Explicit concurrent mark sweep GC freed 12(384B) AllocSpace objects, 0(0B) LOS objects, 7% free, 184MB/200MB, paused 1.428ms total 71.531ms
08-06 05:29:48.444  5351  7261 I art     : Starting a blocking GC Explicit
08-06 05:29:48.500  5351  7261 I art     : Explicit concurrent mark sweep GC freed 11(352B) AllocSpace objects, 0(0B) LOS objects, 7% free, 184MB/200MB, paused 1.300ms total 56.176ms
08-06 05:29:48.516  7770  7770 D AndroidRuntime: >>>>>> START com.android.internal.os.RuntimeInit uid 2000 <<<<<<
08-06 05:29:48.521  5351  7261 I art     : Starting a blocking GC Explicit
08-06 05:29:48.522  7770  7770 D AndroidRuntime: CheckJNI is OFF
08-06 05:29:48.565  7770  7770 D ICU     : No timezone override file found: /data/misc/zoneinfo/current/icu/icu_tzdata.dat
08-06 05:29:48.577  5351  7261 I art     : Explicit concurrent mark sweep GC freed 13(416B) AllocSpace objects, 0(0B) LOS objects, 7% free, 184MB/200MB, paused 1.490ms total 55.800ms
08-06 05:29:48.608  7770  7770 I Radio-JNI: register_android_hardware_Radio DONE
08-06 05:29:48.636  7770  7770 D AndroidRuntime: Calling main entry com.android.commands.input.Input
08-06 05:29:48.638  7770  7770 I Input   : injectMotionEvent: MotionEvent { action=ACTION_DOWN, actionButton=0, id[0]=0, x[0]=657.0, y[0]=2037.0, toolType[0]=TOOL_TYPE_UNKNOWN, buttonState=0, metaState=0, flags=0x0, edgeFlags=0x0, pointerCount=1, historySize=0, eventTime=855005050, downTime=855005050, deviceId=0, source=0x1002 }
08-06 05:29:48.643  7770  7770 I Input   : injectMotionEvent: MotionEvent { action=ACTION_UP, actionButton=0, id[0]=0, x[0]=657.0, y[0]=2037.0, toolType[0]=TOOL_TYPE_UNKNOWN, buttonState=0, metaState=0, flags=0x0, edgeFlags=0x0, pointerCount=1, historySize=0, eventTime=855005050, downTime=855005050, deviceId=0, source=0x1002 }
08-06 05:29:48.645   918  6029 I ActivityManager: START u0 {cmp=baseline.io.github.project_travel_mate/.utilities.CompassActivity} from uid 10696 on display 0
08-06 05:29:48.646   512  2967 D audio_hw_primary: out_set_parameters: enter: usecase(1: low-latency-playback) kvpairs: routing=2
08-06 05:29:48.647  7770  7770 D AndroidRuntime: Shutting down VM
08-06 05:29:48.659   512  2967 D audio_hw_primary: select_devices: out_snd_device(2: speaker) in_snd_device(0: none)
08-06 05:29:48.659   512  2967 D msm8974_platform: platform_send_audio_calibration: sending audio calibration for snd_device(2) acdb_id(15)
08-06 05:29:48.660   512  2967 I soundtrigger: audio_extn_sound_trigger_update_device_status: device 0x2 of type 0 for Event 1
08-06 05:29:48.670   512  2967 D audio_hw_primary: enable_snd_device: snd_device(2: speaker)
08-06 05:29:48.673   512  2967 D audio_hw_primary: enable_audio_route: apply and update mixer path: low-latency-playback speaker
08-06 05:29:48.728 32067 32067 I ServiceManager: Waiting for service AtCmdFwd...
08-06 05:29:48.963  5351  5369 I art     : Starting a blocking GC Explicit
08-06 05:29:49.020  5351  5369 I art     : Explicit concurrent mark sweep GC freed 71(3KB) AllocSpace objects, 0(0B) LOS objects, 6% free, 233MB/249MB, paused 1.510ms total 56.343ms
08-06 05:29:49.039  5351  5369 I art     : Starting a blocking GC Explicit
08-06 05:29:49.094  5351  5369 I art     : Explicit concurrent mark sweep GC freed 3(96B) AllocSpace objects, 0(0B) LOS objects, 6% free, 233MB/249MB, paused 1.409ms total 54.358ms
08-06 05:29:49.112  5351  5369 I art     : Starting a blocking GC Explicit
08-06 05:29:49.163  5351  5369 I art     : Explicit concurrent mark sweep GC freed 6(192B) AllocSpace objects, 0(0B) LOS objects, 6% free, 236MB/252MB, paused 1.437ms total 50.731ms
08-06 05:29:49.182  5351  5369 I art     : Starting a blocking GC Explicit
08-06 05:29:49.199  5351  5351 D CompassActivity: start compass
08-06 05:29:49.201   918  5132 I sensors : batch
08-06 05:29:49.201   918  5132 I sensors : activate
08-06 05:29:49.201   918  3961 I sensors : batch
08-06 05:29:49.201   918  3961 I sensors : activate
08-06 05:29:49.205  5351  5351 I Choreographer: Skipped 32 frames!  The application may be doing too much work on its main thread.
08-06 05:29:49.209   918  3188 I hubconnection: sensorhub said: 'batch 1 flags:0, sampling_rate_Hz:50.00, max_report_latency_us:0'
08-06 05:29:49.211   918  3188 I hubconnection: sensorhub said: 'activate 1 enable:1'
08-06 05:29:49.212   918  3188 I hubconnection: sensorhub said: 'batch 3 flags:0, sampling_rate_Hz:50.00, max_report_latency_us:0'
08-06 05:29:49.213   918  3188 I hubconnection: sensorhub said: 'activate 3 enable:1'
08-06 05:29:49.222   512  2967 D audio_hw_primary: disable_audio_route: reset and update mixer path: low-latency-playback speaker
08-06 05:29:49.223   512  2967 D audio_hw_primary: disable_snd_device: snd_device(2: speaker)
08-06 05:29:49.230   512  2967 I soundtrigger: audio_extn_sound_trigger_update_device_status: device 0x2 of type 0 for Event 0
08-06 05:29:49.233  5351  5369 I art     : Explicit concurrent mark sweep GC freed 130(6KB) AllocSpace objects, 0(0B) LOS objects, 6% free, 236MB/252MB, paused 1.275ms total 51.020ms
08-06 05:29:49.251  5351  5369 I art     : Starting a blocking GC Explicit
08-06 05:29:49.258 13866 13866 I GoogleInputMethodServic: GoogleInputMethodService.onFinishInput():3138 
08-06 05:29:49.259 13866 13866 I GoogleInputMethodServic: GoogleInputMethodService.onStartInput():1808 
08-06 05:29:49.302  5351  5369 I art     : Explicit concurrent mark sweep GC freed 118(4KB) AllocSpace objects, 0(0B) LOS objects, 6% free, 236MB/252MB, paused 1.317ms total 50.095ms
08-06 05:29:49.387  5351  5351 D CompassActivity: will set rotation from 0.0 to 178.73584
08-06 05:29:49.388  5351  5351 D CompassActivity: will set rotation from 178.73584 to 178.99213
08-06 05:29:49.388  5351  5351 D CompassActivity: will set rotation from 178.99213 to 178.99023
08-06 05:29:49.400   918   936 I ActivityManager: Displayed baseline.io.github.project_travel_mate/.utilities.CompassActivity: +745ms
08-06 05:29:49.484  5351  5351 D CompassActivity: will set rotation from 178.99023 to 179.26648
08-06 05:29:49.485  5351  5351 D CompassActivity: will set rotation from 179.26648 to 179.26526
08-06 05:29:49.485  5351  5351 D CompassActivity: will set rotation from 179.26526 to 179.0332
08-06 05:29:49.485  5351  5351 D CompassActivity: will set rotation from 179.0332 to 179.03406
08-06 05:29:49.485  5351  5351 D CompassActivity: will set rotation from 179.03406 to 178.87268
08-06 05:29:49.485  5351  5351 D CompassActivity: will set rotation from 178.87268 to 178.86786
08-06 05:29:49.485  5351  5351 D CompassActivity: will set rotation from 178.86786 to 178.93011
08-06 05:29:49.485  5351  5351 D CompassActivity: will set rotation from 178.93011 to 178.9289
08-06 05:29:49.486  5351  5351 D CompassActivity: will set rotation from 178.9289 to 178.89685
08-06 05:29:49.486  5351  5351 D CompassActivity: will set rotation from 178.89685 to 178.89551
08-06 05:29:49.569  5351  5351 D CompassActivity: will set rotation from 178.89551 to 178.73419
08-06 05:29:49.570  5351  5351 D CompassActivity: will set rotation from 178.73419 to 178.72974
08-06 05:29:49.570  5351  5351 D CompassActivity: will set rotation from 178.72974 to 178.66425
08-06 05:29:49.570  5351  5351 D CompassActivity: will set rotation from 178.66425 to 178.66711
08-06 05:29:49.570  5351  5351 D CompassActivity: will set rotation from 178.66711 to 178.62415
08-06 05:29:49.571  5351  5351 D CompassActivity: will set rotation from 178.62415 to 178.61945
08-06 05:29:49.571  5351  5351 D CompassActivity: will set rotation from 178.61945 to 178.62994
08-06 05:29:49.571  5351  5351 D CompassActivity: will set rotation from 178.62994 to 178.63269
08-06 05:29:49.603  5351  5351 D CompassActivity: will set rotation from 178.63269 to 178.68951
08-06 05:29:49.604  5351  5351 D CompassActivity: will set rotation from 178.68951 to 178.68939
08-06 05:29:49.604  5351  5351 D CompassActivity: will set rotation from 178.68939 to 178.64734
08-06 05:29:49.604  5351  5351 D CompassActivity: will set rotation from 178.64734 to 178.64288
08-06 05:29:49.615  5351  5351 D CompassActivity: will set rotation from 178.64288 to 178.73523
08-06 05:29:49.615  5351  5351 D CompassActivity: will set rotation from 178.73523 to 178.7334
08-06 05:29:49.635  5351  5351 D CompassActivity: will set rotation from 178.7334 to 178.81726
08-06 05:29:49.636  5351  5351 D CompassActivity: will set rotation from 178.81726 to 178.81549
08-06 05:29:49.651   380   380 W SurfaceFlinger: couldn't log to binary event log: overflow.
08-06 05:29:49.655  5351  5351 D CompassActivity: will set rotation from 178.81549 to 178.92493
08-06 05:29:49.655  5351  5351 D CompassActivity: will set rotation from 178.92493 to 178.92407
08-06 05:29:49.674  5351  5351 D CompassActivity: will set rotation from 178.92407 to 179.02295
08-06 05:29:49.674  5351  5351 D CompassActivity: will set rotation from 179.02295 to 179.02313
08-06 05:29:49.694  5351  5351 D CompassActivity: will set rotation from 179.02313 to 179.04523
08-06 05:29:49.694  5351  5351 D CompassActivity: will set rotation from 179.04523 to 179.0462
08-06 05:29:49.714  5351  5351 D CompassActivity: will set rotation from 179.0462 to 179.0321
08-06 05:29:49.715  5351  5351 D CompassActivity: will set rotation from 179.0321 to 179.03082
08-06 05:29:49.728 32067 32067 I ServiceManager: Waiting for service AtCmdFwd...
08-06 05:29:49.734  5351  5351 D CompassActivity: will set rotation from 179.03082 to 179.05042
08-06 05:29:49.735  5351  5351 D CompassActivity: will set rotation from 179.05042 to 179.0487
08-06 05:29:49.758  5351  5351 D CompassActivity: will set rotation from 179.0487 to 179.03058
08-06 05:29:49.758  5351  5351 D CompassActivity: will set rotation from 179.03058 to 179.02844
08-06 05:29:49.826  5351  5363 I art     : Starting a blocking GC Explicit
08-06 05:29:49.853  5351  5351 D CompassActivity: will set rotation from 179.02844 to 179.04651
08-06 05:29:49.854  5351  5351 D CompassActivity: will set rotation from 179.04651 to 179.04517
08-06 05:29:49.854  5351  5351 D CompassActivity: will set rotation from 179.04517 to 179.06213
08-06 05:29:49.854  5351  5351 D CompassActivity: will set rotation from 179.06213 to 179.05908
08-06 05:29:49.854  5351  5351 D CompassActivity: will set rotation from 179.05908 to 179.04187
08-06 05:29:49.854  5351  5351 D CompassActivity: will set rotation from 179.04187 to 179.04034
08-06 05:29:49.854  5351  5351 D CompassActivity: will set rotation from 179.04034 to 179.05243
08-06 05:29:49.854  5351  5351 D CompassActivity: will set rotation from 179.05243 to 179.04926
08-06 05:29:49.856  5351  5351 D CompassActivity: will set rotation from 179.04926 to 179.0055
08-06 05:29:49.857  5351  5351 D CompassActivity: will set rotation from 179.0055 to 179.0022
08-06 05:29:49.875  5351  5351 D CompassActivity: will set rotation from 179.0022 to 179.01428
08-06 05:29:49.875  5351  5351 D CompassActivity: will set rotation from 179.01428 to 179.01276
08-06 05:29:49.884  5351  5363 I art     : Explicit concurrent mark sweep GC freed 2102(123KB) AllocSpace objects, 2(48KB) LOS objects, 6% free, 236MB/252MB, paused 1.260ms total 57.481ms
08-06 05:29:49.893  5351  5351 D CompassActivity: will set rotation from 179.01276 to 178.97089
08-06 05:29:49.894  5351  5351 D CompassActivity: will set rotation from 178.97089 to 178.9715
08-06 05:29:49.902  5351  5363 I art     : Starting a blocking GC Explicit
08-06 05:29:49.913  5351  5351 D CompassActivity: will set rotation from 178.9715 to 178.93738
08-06 05:29:49.914  5351  5351 D CompassActivity: will set rotation from 178.93738 to 178.93933
08-06 05:29:49.934  5351  5351 D CompassActivity: will set rotation from 178.93933 to 178.95447
08-06 05:29:49.934  5351  5351 D CompassActivity: will set rotation from 178.95447 to 178.9524
08-06 05:29:49.955  5351  5363 I art     : Explicit concurrent mark sweep GC freed 759(31KB) AllocSpace objects, 0(0B) LOS objects, 6% free, 236MB/252MB, paused 1.781ms total 52.416ms
08-06 05:29:49.955  5351  5351 D CompassActivity: will set rotation from 178.9524 to 178.91785
08-06 05:29:49.956  5351  5351 D CompassActivity: will set rotation from 178.91785 to 178.91553
08-06 05:29:49.974  5351  5351 D CompassActivity: will set rotation from 178.91553 to 178.93286
08-06 05:29:49.974  5351  5351 D CompassActivity: will set rotation from 178.93286 to 178.9339
08-06 05:29:49.974  5351  5363 I art     : Starting a blocking GC Explicit
08-06 05:29:49.994  5351  5351 D CompassActivity: will set rotation from 178.9339 to 178.94849
08-06 05:29:49.994  5351  5351 D CompassActivity: will set rotation from 178.94849 to 178.94989
08-06 05:29:50.014  5351  5351 D CompassActivity: will set rotation from 178.94989 to 178.94196
08-06 05:29:50.014  5351  5351 D CompassActivity: will set rotation from 178.94196 to 178.94342
08-06 05:29:50.036  5351  5351 D CompassActivity: will set rotation from 178.94342 to 178.95801
08-06 05:29:50.040  5351  5351 D CompassActivity: will set rotation from 178.95801 to 178.95844
08-06 05:29:50.041  5351  5363 I art     : Explicit concurrent mark sweep GC freed 136(7KB) AllocSpace objects, 0(0B) LOS objects, 6% free, 236MB/252MB, paused 1.993ms total 66.146ms
08-06 05:29:50.056  5351  5351 D CompassActivity: will set rotation from 178.95844 to 178.99384
08-06 05:29:50.057  5351  5351 D CompassActivity: will set rotation from 178.99384 to 178.99414
08-06 05:29:50.062  5351  5363 I art     : Starting a blocking GC Explicit
08-06 05:29:50.077  5351  5351 D CompassActivity: will set rotation from 178.99414 to 179.00513
08-06 05:29:50.077  5351  5351 D CompassActivity: will set rotation from 179.00513 to 179.00458
08-06 05:29:50.093  5351  5351 D CompassActivity: will set rotation from 179.00458 to 178.99152
08-06 05:29:50.093  5351  5351 D CompassActivity: will set rotation from 178.99152 to 178.98969
08-06 05:29:50.113  5351  5351 D CompassActivity: will set rotation from 178.98969 to 179.00305
08-06 05:29:50.113  5351  5351 D CompassActivity: will set rotation from 179.00305 to 179.00525
08-06 05:29:50.124  5351  5363 I art     : Explicit concurrent mark sweep GC freed 194(9KB) AllocSpace objects, 0(0B) LOS objects, 6% free, 236MB/252MB, paused 1.204ms total 61.789ms
08-06 05:29:50.133  5351  5351 D CompassActivity: will set rotation from 179.00525 to 178.97424
08-06 05:29:50.134  5351  5351 D CompassActivity: will set rotation from 178.97424 to 178.97363
08-06 05:29:50.145  5351  5363 I art     : Starting a blocking GC Explicit
08-06 05:29:50.155  5351  5351 D CompassActivity: will set rotation from 178.97363 to 179.02661
08-06 05:29:50.155  5351  5351 D CompassActivity: will set rotation from 179.02661 to 179.02527
08-06 05:29:50.173  5351  5351 D CompassActivity: will set rotation from 179.02527 to 179.03467
08-06 05:29:50.174  5351  5351 D CompassActivity: will set rotation from 179.03467 to 179.03436
08-06 05:29:50.193  5351  5351 D CompassActivity: will set rotation from 179.03436 to 179.00464
08-06 05:29:50.193  5351  5351 D CompassActivity: will set rotation from 179.00464 to 179.00336
08-06 05:29:50.210  5351  5363 I art     : Explicit concurrent mark sweep GC freed 215(10KB) AllocSpace objects, 0(0B) LOS objects, 6% free, 236MB/252MB, paused 1.237ms total 64.780ms
08-06 05:29:50.210  5351  5362 I art     : WaitForGcToComplete blocked for 46.254ms for cause HeapTrim
08-06 05:29:50.213  5351  5351 D CompassActivity: will set rotation from 179.00336 to 179.03394
08-06 05:29:50.214  5351  5351 D CompassActivity: will set rotation from 179.03394 to 179.03265
08-06 05:29:50.233  5351  5351 D CompassActivity: will set rotation from 179.03265 to 179.06177
08-06 05:29:50.233  5351  5351 D CompassActivity: will set rotation from 179.06177 to 179.06177
08-06 05:29:50.252  5351  5351 D CompassActivity: will set rotation from 179.06177 to 179.04974
08-06 05:29:50.253  5351  5351 D CompassActivity: will set rotation from 179.04974 to 179.04932
08-06 05:29:50.272  5351  5351 D CompassActivity: will set rotation from 179.04932 to 179.03821
08-06 05:29:50.272  5351  5351 D CompassActivity: will set rotation from 179.03821 to 179.03943
08-06 05:29:50.292  5351  5351 D CompassActivity: will set rotation from 179.03943 to 179.04828
08-06 05:29:50.292  5351  5351 D CompassActivity: will set rotation from 179.04828 to 179.04944
08-06 05:29:50.312  5351  5351 D CompassActivity: will set rotation from 179.04944 to 179.078
08-06 05:29:50.313  5351  5351 D CompassActivity: will set rotation from 179.078 to 179.07642
08-06 05:29:50.333  5351  5351 D CompassActivity: will set rotation from 179.07642 to 179.06427
08-06 05:29:50.334  5351  5351 D CompassActivity: will set rotation from 179.06427 to 179.06274
08-06 05:29:50.355  5351  5351 D CompassActivity: will set rotation from 179.06274 to 179.07288
08-06 05:29:50.355  5351  5351 D CompassActivity: will set rotation from 179.07288 to 179.0727
08-06 05:29:50.374  5351  5351 D CompassActivity: will set rotation from 179.0727 to 179.10046
08-06 05:29:50.374  5351  5351 D CompassActivity: will set rotation from 179.10046 to 179.1001
08-06 05:29:50.392  5351  5351 D CompassActivity: will set rotation from 179.1001 to 179.12634
08-06 05:29:50.392  5351  5351 D CompassActivity: will set rotation from 179.12634 to 179.12415
08-06 05:29:50.412  5351  5351 D CompassActivity: will set rotation from 179.12415 to 179.1477
08-06 05:29:50.412  5351  5351 D CompassActivity: will set rotation from 179.1477 to 179.14716
08-06 05:29:50.432  5351  5351 D CompassActivity: will set rotation from 179.14716 to 179.17139
08-06 05:29:50.432  5351  5351 D CompassActivity: will set rotation from 179.17139 to 179.17242
08-06 05:29:50.456  5351  5351 D CompassActivity: will set rotation from 179.17242 to 179.1947
08-06 05:29:50.457  5351  5351 D CompassActivity: will set rotation from 179.1947 to 179.19446
08-06 05:29:50.474  5351  5351 D CompassActivity: will set rotation from 179.19446 to 179.19824
08-06 05:29:50.474  5351  5351 D CompassActivity: will set rotation from 179.19824 to 179.198
08-06 05:29:50.491  5351  5351 D CompassActivity: will set rotation from 179.198 to 179.182
08-06 05:29:50.492  5351  5351 D CompassActivity: will set rotation from 179.182 to 179.18103
08-06 05:29:50.511  5351  5351 D CompassActivity: will set rotation from 179.18103 to 179.18707
08-06 05:29:50.512  5351  5351 D CompassActivity: will set rotation from 179.18707 to 179.18762
08-06 05:29:50.531  5351  5351 D CompassActivity: will set rotation from 179.18762 to 179.20874
08-06 05:29:50.532  5351  5351 D CompassActivity: will set rotation from 179.20874 to 179.21014
08-06 05:29:50.551  5351  5351 D CompassActivity: will set rotation from 179.21014 to 179.22638
08-06 05:29:50.552  5351  5351 D CompassActivity: will set rotation from 179.22638 to 179.22766
08-06 05:29:50.572  5351  5351 D CompassActivity: will set rotation from 179.22766 to 179.26398
08-06 05:29:50.573  5351  5351 D CompassActivity: will set rotation from 179.26398 to 179.26465
08-06 05:29:50.591  5351  5351 D CompassActivity: will set rotation from 179.26465 to 179.2445
08-06 05:29:50.592  5351  5351 D CompassActivity: will set rotation from 179.2445 to 179.24274
08-06 05:29:50.611  5351  5351 D CompassActivity: will set rotation from 179.24274 to 179.22913
08-06 05:29:50.612  5351  5351 D CompassActivity: will set rotation from 179.22913 to 179.22992
08-06 05:29:50.631  5351  5351 D CompassActivity: will set rotation from 179.22992 to 179.23279
08-06 05:29:50.632  5351  5351 D CompassActivity: will set rotation from 179.23279 to 179.23181
08-06 05:29:50.649  5351  5626 I art     : Starting a blocking GC Explicit
08-06 05:29:50.651  5351  5351 D CompassActivity: will set rotation from 179.23181 to 179.24854
08-06 05:29:50.652  5351  5351 D CompassActivity: will set rotation from 179.24854 to 179.24902
08-06 05:29:50.673  5351  5351 D CompassActivity: will set rotation from 179.24902 to 179.2503
08-06 05:29:50.674  5351  5351 D CompassActivity: will set rotation from 179.2503 to 179.25098
08-06 05:29:50.694  5351  5351 D CompassActivity: will set rotation from 179.25098 to 179.23523
08-06 05:29:50.695  5351  5351 D CompassActivity: will set rotation from 179.23523 to 179.23352
08-06 05:29:50.713  5351  5351 D CompassActivity: will set rotation from 179.23352 to 179.21649
08-06 05:29:50.714  5351  5351 D CompassActivity: will set rotation from 179.21649 to 179.21729
08-06 05:29:50.715  5351  5626 I art     : Explicit concurrent mark sweep GC freed 2061(122KB) AllocSpace objects, 2(48KB) LOS objects, 6% free, 236MB/252MB, paused 1.426ms total 65.534ms
08-06 05:29:50.729 32067 32067 I ServiceManager: Waiting for service AtCmdFwd...
08-06 05:29:50.732  5351  5351 D CompassActivity: will set rotation from 179.21729 to 179.21533
08-06 05:29:50.732  5351  5351 D CompassActivity: will set rotation from 179.21533 to 179.21545
08-06 05:29:50.738  5351  5626 I art     : Starting a blocking GC Explicit
08-06 05:29:50.751  5351  5351 D CompassActivity: will set rotation from 179.21545 to 179.24878
08-06 05:29:50.751  5351  5351 D CompassActivity: will set rotation from 179.24878 to 179.24817
08-06 05:29:50.772  5351  5351 D CompassActivity: will set rotation from 179.24817 to 179.24823
08-06 05:29:50.772  5351  5351 D CompassActivity: will set rotation from 179.24823 to 179.24768
08-06 05:29:50.791  5351  5351 D CompassActivity: will set rotation from 179.24768 to 179.23065
08-06 05:29:50.792  5351  5351 D CompassActivity: will set rotation from 179.23065 to 179.2298
08-06 05:29:50.799  5351  5626 I art     : Explicit concurrent mark sweep GC freed 857(33KB) AllocSpace objects, 0(0B) LOS objects, 6% free, 236MB/252MB, paused 1.430ms total 60.518ms
08-06 05:29:50.812  5351  5351 D CompassActivity: will set rotation from 179.2298 to 179.22919
08-06 05:29:50.813  5351  5351 D CompassActivity: will set rotation from 179.22919 to 179.2301
08-06 05:29:50.821  5351  5626 I art     : Starting a blocking GC Explicit
08-06 05:29:50.831  5351  5351 D CompassActivity: will set rotation from 179.2301 to 179.24829
08-06 05:29:50.831  5351  5351 D CompassActivity: will set rotation from 179.24829 to 179.24915
08-06 05:29:50.850  5351  5351 D CompassActivity: will set rotation from 179.24915 to 179.26593
08-06 05:29:50.851  5351  5351 D CompassActivity: will set rotation from 179.26593 to 179.26715
08-06 05:29:50.873  5351  5351 D CompassActivity: will set rotation from 179.26715 to 179.28204
08-06 05:29:50.873  5351  5351 D CompassActivity: will set rotation from 179.28204 to 179.28009
08-06 05:29:50.878  5351  5626 I art     : Explicit concurrent mark sweep GC freed 220(10KB) AllocSpace objects, 0(0B) LOS objects, 6% free, 236MB/252MB, paused 1.305ms total 56.072ms
08-06 05:29:50.891  5351  5351 D CompassActivity: will set rotation from 179.28009 to 179.31177
08-06 05:29:50.891  5351  5351 D CompassActivity: will set rotation from 179.31177 to 179.30994
08-06 05:29:50.898  5351  5626 I art     : Starting a blocking GC Explicit
08-06 05:29:50.910  5351  5351 D CompassActivity: will set rotation from 179.30994 to 179.26013
08-06 05:29:50.910  5351  5351 D CompassActivity: will set rotation from 179.26013 to 179.26001
08-06 05:29:50.930  5351  5351 D CompassActivity: will set rotation from 179.26001 to 179.26038
08-06 05:29:50.931  5351  5351 D CompassActivity: will set rotation from 179.26038 to 179.26086
08-06 05:29:50.950  5351  5351 D CompassActivity: will set rotation from 179.26086 to 179.24243
08-06 05:29:50.950  5351  5351 D CompassActivity: will set rotation from 179.24243 to 179.24268
08-06 05:29:50.951  5351  5626 I art     : Explicit concurrent mark sweep GC freed 145(6KB) AllocSpace objects, 0(0B) LOS objects, 6% free, 236MB/252MB, paused 1.224ms total 52.495ms
08-06 05:29:50.969  5351  5626 I art     : Starting a blocking GC Explicit
08-06 05:29:50.970  5351  5351 D CompassActivity: will set rotation from 179.24268 to 179.22473
08-06 05:29:50.970  5351  5351 D CompassActivity: will set rotation from 179.22473 to 179.224
08-06 05:29:50.989  5351  5351 D CompassActivity: will set rotation from 179.224 to 179.20746
08-06 05:29:50.990  5351  5351 D CompassActivity: will set rotation from 179.20746 to 179.20837
08-06 05:29:51.009  5351  5351 D CompassActivity: will set rotation from 179.20837 to 179.177
08-06 05:29:51.009  5351  5351 D CompassActivity: will set rotation from 179.177 to 179.17694
08-06 05:29:51.020  5351  5626 I art     : Explicit concurrent mark sweep GC freed 146(7KB) AllocSpace objects, 0(0B) LOS objects, 6% free, 236MB/252MB, paused 1.315ms total 51.305ms
08-06 05:29:51.030  5351  5351 D CompassActivity: will set rotation from 179.17694 to 179.16211
08-06 05:29:51.030  5351  5351 D CompassActivity: will set rotation from 179.16211 to 179.16309
08-06 05:29:51.049  5351  5351 D CompassActivity: will set rotation from 179.16309 to 179.16595
08-06 05:29:51.050  5351  5351 D CompassActivity: will set rotation from 179.16595 to 179.1654
08-06 05:29:51.070  5351  5351 D CompassActivity: will set rotation from 179.1654 to 179.16876
08-06 05:29:51.070  5351  5351 D CompassActivity: will set rotation from 179.16876 to 179.16937
08-06 05:29:51.089  5351  5351 D CompassActivity: will set rotation from 179.16937 to 179.17328
08-06 05:29:51.089  5351  5351 D CompassActivity: will set rotation from 179.17328 to 179.17517
08-06 05:29:51.108  5351  5351 D CompassActivity: will set rotation from 179.17517 to 179.17816
08-06 05:29:51.109  5351  5351 D CompassActivity: will set rotation from 179.17816 to 179.17859
08-06 05:29:51.129  5351  5351 D CompassActivity: will set rotation from 179.17859 to 179.1977
08-06 05:29:51.129  5351  5351 D CompassActivity: will set rotation from 179.1977 to 179.1966
08-06 05:29:51.148  5351  5351 D CompassActivity: will set rotation from 179.1966 to 179.1831
08-06 05:29:51.149  5351  5351 D CompassActivity: will set rotation from 179.1831 to 179.18323
08-06 05:29:51.169  5351  5351 D CompassActivity: will set rotation from 179.18323 to 179.20087
08-06 05:29:51.169  5351  5351 D CompassActivity: will set rotation from 179.20087 to 179.2016
08-06 05:29:51.190  5351  5351 D CompassActivity: will set rotation from 179.2016 to 179.21631
08-06 05:29:51.190  5351  5351 D CompassActivity: will set rotation from 179.21631 to 179.2174
08-06 05:29:51.208  5351  5351 D CompassActivity: will set rotation from 179.2174 to 179.20361
08-06 05:29:51.208  5351  5351 D CompassActivity: will set rotation from 179.20361 to 179.20337
08-06 05:29:51.229  5351  5351 D CompassActivity: will set rotation from 179.20337 to 179.20587
08-06 05:29:51.229  5351  5351 D CompassActivity: will set rotation from 179.20587 to 179.20624
08-06 05:29:51.248  5351  5351 D CompassActivity: will set rotation from 179.20624 to 179.19232
08-06 05:29:51.249  5351  5351 D CompassActivity: will set rotation from 179.19232 to 179.19208
08-06 05:29:51.268  5351  5351 D CompassActivity: will set rotation from 179.19208 to 179.20758
08-06 05:29:51.269  5351  5351 D CompassActivity: will set rotation from 179.20758 to 179.2074
08-06 05:29:51.289  5351  5351 D CompassActivity: will set rotation from 179.2074 to 179.20947
08-06 05:29:51.290  5351  5351 D CompassActivity: will set rotation from 179.20947 to 179.21088
08-06 05:29:51.309  5351  5351 D CompassActivity: will set rotation from 179.21088 to 179.18176
08-06 05:29:51.309  5351  5351 D CompassActivity: will set rotation from 179.18176 to 179.1814
08-06 05:29:51.330  5351  5351 D CompassActivity: will set rotation from 179.1814 to 179.15338
08-06 05:29:51.330  5351  5351 D CompassActivity: will set rotation from 179.15338 to 179.15344
08-06 05:29:51.349  5351  5351 D CompassActivity: will set rotation from 179.15344 to 179.17139
08-06 05:29:51.350  5351  5351 D CompassActivity: will set rotation from 179.17139 to 179.17212
08-06 05:29:51.369  5351  5351 D CompassActivity: will set rotation from 179.17212 to 179.15942
08-06 05:29:51.370  5351  5351 D CompassActivity: will set rotation from 179.15942 to 179.15881
08-06 05:29:51.390  5351  5351 D CompassActivity: will set rotation from 179.15881 to 179.1463
08-06 05:29:51.391  5351  5351 D CompassActivity: will set rotation from 179.1463 to 179.14563
08-06 05:29:51.410  5351  7261 I art     : Starting a blocking GC Explicit
08-06 05:29:51.413  5351  5351 D CompassActivity: will set rotation from 179.14563 to 179.13489
08-06 05:29:51.413  5351  5351 D CompassActivity: will set rotation from 179.13489 to 179.13495
08-06 05:29:51.429  5351  5351 D CompassActivity: will set rotation from 179.13495 to 179.13873
08-06 05:29:51.429  5351  5351 D CompassActivity: will set rotation from 179.13873 to 179.13757
08-06 05:29:51.448  5351  5351 D CompassActivity: will set rotation from 179.13757 to 179.12793
08-06 05:29:51.449  5351  5351 D CompassActivity: will set rotation from 179.12793 to 179.12622
08-06 05:29:51.468  5351  5351 D CompassActivity: will set rotation from 179.12622 to 179.11523
08-06 05:29:51.469  5351  5351 D CompassActivity: will set rotation from 179.11523 to 179.11633
08-06 05:29:51.477  5351  7261 I art     : Explicit concurrent mark sweep GC freed 2052(121KB) AllocSpace objects, 2(48KB) LOS objects, 6% free, 236MB/252MB, paused 1.754ms total 66.425ms
08-06 05:29:51.492  5351  5351 D CompassActivity: will set rotation from 179.11633 to 179.12042
08-06 05:29:51.492  5351  5351 D CompassActivity: will set rotation from 179.12042 to 179.12024
08-06 05:29:51.498  5351  7261 I art     : Starting a blocking GC Explicit
08-06 05:29:51.508  5351  5351 D CompassActivity: will set rotation from 179.12024 to 179.12183
08-06 05:29:51.509  5351  5351 D CompassActivity: will set rotation from 179.12183 to 179.12091
08-06 05:29:51.528  5351  5351 D CompassActivity: will set rotation from 179.12091 to 179.12451
08-06 05:29:51.529  5351  5351 D CompassActivity: will set rotation from 179.12451 to 179.12463
08-06 05:29:51.548  5351  5351 D CompassActivity: will set rotation from 179.12463 to 179.11133
08-06 05:29:51.549  5351  5351 D CompassActivity: will set rotation from 179.11133 to 179.11316
08-06 05:29:51.557  5351  7261 I art     : Explicit concurrent mark sweep GC freed 745(29KB) AllocSpace objects, 0(0B) LOS objects, 6% free, 236MB/252MB, paused 1.673ms total 58.575ms
08-06 05:29:51.567  5351  5351 D CompassActivity: will set rotation from 179.11316 to 179.08777
08-06 05:29:51.568  5351  5351 D CompassActivity: will set rotation from 179.08777 to 179.0899
08-06 05:29:51.577  5351  7261 I art     : Starting a blocking GC Explicit
08-06 05:29:51.589  5351  5351 D CompassActivity: will set rotation from 179.0899 to 179.06476
08-06 05:29:51.590  5351  5351 D CompassActivity: will set rotation from 179.06476 to 179.06738
08-06 05:29:51.609  5351  5351 D CompassActivity: will set rotation from 179.06738 to 179.08826
08-06 05:29:51.610  5351  5351 D CompassActivity: will set rotation from 179.08826 to 179.08783
08-06 05:29:51.627  5351  5351 D CompassActivity: will set rotation from 179.08783 to 179.0758
08-06 05:29:51.628  5351  5351 D CompassActivity: will set rotation from 179.0758 to 179.07617
08-06 05:29:51.635  5351  7261 I art     : Explicit concurrent mark sweep GC freed 175(8KB) AllocSpace objects, 0(0B) LOS objects, 6% free, 236MB/252MB, paused 1.368ms total 57.614ms
08-06 05:29:51.647  5351  5351 D CompassActivity: will set rotation from 179.07617 to 179.0503
08-06 05:29:51.648  5351  5351 D CompassActivity: will set rotation from 179.0503 to 179.05066
08-06 05:29:51.654  5351  7261 I art     : Starting a blocking GC Explicit
08-06 05:29:51.666  7829  7829 D AndroidRuntime: >>>>>> START com.android.internal.os.RuntimeInit uid 2000 <<<<<<
08-06 05:29:51.667  5351  5351 D CompassActivity: will set rotation from 179.05066 to 179.05609
08-06 05:29:51.667  5351  5351 D CompassActivity: will set rotation from 179.05609 to 179.05658
08-06 05:29:51.689  5351  5351 D CompassActivity: will set rotation from 179.05658 to 179.07794
08-06 05:29:51.689  5351  5351 D CompassActivity: will set rotation from 179.07794 to 179.07715
08-06 05:29:51.708  5351  5351 D CompassActivity: will set rotation from 179.07715 to 179.03906
08-06 05:29:51.709  5351  5351 D CompassActivity: will set rotation from 179.03906 to 179.03821
08-06 05:29:51.711  5351  7261 I art     : Explicit concurrent mark sweep GC freed 175(8KB) AllocSpace objects, 0(0B) LOS objects, 6% free, 236MB/252MB, paused 1.222ms total 56.764ms
08-06 05:29:51.728  5351  5351 D CompassActivity: will set rotation from 179.03821 to 179.06201
08-06 05:29:51.728  5351  5351 D CompassActivity: will set rotation from 179.06201 to 179.06158
08-06 05:29:51.729 32067 32067 I ServiceManager: Waiting for service AtCmdFwd...
08-06 05:29:51.732  7829  7829 D AndroidRuntime: CheckJNI is OFF
08-06 05:29:51.733  5351  7261 I art     : Starting a blocking GC Explicit
08-06 05:29:51.746  5351  5351 D CompassActivity: will set rotation from 179.06158 to 179.06787
08-06 05:29:51.747  5351  5351 D CompassActivity: will set rotation from 179.06787 to 179.06787
08-06 05:29:51.766  5351  5351 D CompassActivity: will set rotation from 179.06787 to 179.05872
08-06 05:29:51.767  5351  5351 D CompassActivity: will set rotation from 179.05872 to 179.05878
08-06 05:29:51.783  7829  7829 D ICU     : No timezone override file found: /data/misc/zoneinfo/current/icu/icu_tzdata.dat
08-06 05:29:51.787  5351  5351 D CompassActivity: will set rotation from 179.05878 to 179.07867
08-06 05:29:51.787  5351  5351 D CompassActivity: will set rotation from 179.07867 to 179.07776
08-06 05:29:51.788  5351  7261 I art     : Explicit concurrent mark sweep GC freed 182(7KB) AllocSpace objects, 0(0B) LOS objects, 6% free, 236MB/252MB, paused 1.603ms total 54.809ms
08-06 05:29:51.809  5351  5351 D CompassActivity: will set rotation from 179.07776 to 179.08203
08-06 05:29:51.809  5351  5351 D CompassActivity: will set rotation from 179.08203 to 179.0813
08-06 05:29:51.827  5351  5351 D CompassActivity: will set rotation from 179.0813 to 179.07166
08-06 05:29:51.827  5351  5351 D CompassActivity: will set rotation from 179.07166 to 179.07428
08-06 05:29:51.838  7829  7829 I Radio-JNI: register_android_hardware_Radio DONE
08-06 05:29:51.846  5351  5351 D CompassActivity: will set rotation from 179.07428 to 179.0802
08-06 05:29:51.846  5351  5351 D CompassActivity: will set rotation from 179.0802 to 179.0805
08-06 05:29:51.865  7829  7829 D AndroidRuntime: Calling main entry com.android.commands.input.Input
08-06 05:29:51.867  5351  5351 D CompassActivity: will set rotation from 179.0805 to 179.10193
08-06 05:29:51.867  7829  7829 I Input   : injectKeyEvent: KeyEvent { action=ACTION_DOWN, keyCode=KEYCODE_BACK, scanCode=0, metaState=0, flags=0x0, repeatCount=0, eventTime=855008280, downTime=855008280, deviceId=-1, source=0x101 }
08-06 05:29:51.867  5351  5351 D CompassActivity: will set rotation from 179.10193 to 179.10211
08-06 05:29:51.877  7829  7829 I Input   : injectKeyEvent: KeyEvent { action=ACTION_UP, keyCode=KEYCODE_BACK, scanCode=0, metaState=0, flags=0x0, repeatCount=0, eventTime=855008280, downTime=855008280, deviceId=-1, source=0x101 }
08-06 05:29:51.882  7829  7829 D AndroidRuntime: Shutting down VM
08-06 05:29:51.885  5351  5351 D CompassActivity: will set rotation from 179.10211 to 179.11938
08-06 05:29:51.886  5351  5351 D CompassActivity: will set rotation from 179.11938 to 179.11768
08-06 05:29:51.888   918  5132 I sensors : activate
08-06 05:29:51.888   918  3961 I sensors : activate
08-06 05:29:51.893   918  3188 I hubconnection: sensorhub said: 'activate 1 enable:0'
08-06 05:29:51.894   918  3188 I hubconnection: sensorhub said: 'activate 3 enable:0'
08-06 05:29:51.920  5351  5351 V MainActivity: url = https://project-travel-mate.herokuapp.com/api/number-of-unread-notifications
08-06 05:29:52.040 13866 13866 I GoogleInputMethodServic: GoogleInputMethodService.onFinishInput():3138 
08-06 05:29:52.041 13866 13866 I GoogleInputMethodServic: GoogleInputMethodService.onStartInput():1808 
08-06 05:29:52.171   518   646 I ThermalEngine: ACTION: GPU - Setting GPU[0] to 390000000
08-06 05:29:52.191  5351  7261 I art     : Starting a blocking GC Explicit
08-06 05:29:52.260  5351  7261 I art     : Explicit concurrent mark sweep GC freed 2293(125KB) AllocSpace objects, 2(48KB) LOS objects, 6% free, 236MB/252MB, paused 2.490ms total 68.835ms
08-06 05:29:52.285  5351  7261 I art     : Starting a blocking GC Explicit
08-06 05:29:52.303  5351  5351 D CompassActivity: stop compass
08-06 05:29:52.304   380   380 W SurfaceFlinger: couldn't log to binary event log: overflow.
08-06 05:29:52.351  5351  7261 I art     : Explicit concurrent mark sweep GC freed 311(12KB) AllocSpace objects, 0(0B) LOS objects, 6% free, 236MB/252MB, paused 1.851ms total 65.309ms
08-06 05:29:52.375  5351  7261 I art     : Starting a blocking GC Explicit
08-06 05:29:52.447  5351  7261 I art     : Explicit concurrent mark sweep GC freed 40(1408B) AllocSpace objects, 0(0B) LOS objects, 6% free, 236MB/252MB, paused 2.366ms total 71.490ms
08-06 05:29:52.477  5351  7261 I art     : Starting a blocking GC Explicit
08-06 05:29:52.568  5351  7261 I art     : Explicit concurrent mark sweep GC freed 1246(80KB) AllocSpace objects, 3(52MB) LOS objects, 7% free, 184MB/200MB, paused 2.072ms total 91.448ms
08-06 05:29:52.596  5351  7261 I art     : Starting a blocking GC Explicit
08-06 05:29:52.681  5351  7261 I art     : Explicit concurrent mark sweep GC freed 3(96B) AllocSpace objects, 0(0B) LOS objects, 7% free, 184MB/200MB, paused 2.612ms total 85.004ms
08-06 05:29:52.730 32067 32067 I ServiceManager: Waiting for service AtCmdFwd...
08-06 05:29:52.828  5351  7853 I NAPPA_EXPERIMENTATION: MetricNetworkRequestExecutionTime: REQUEST_DURATION_SYSTEM='906',REQUEST_DURATION_OKHTTP='36',REQUEST_SYNCHRONOUS='FALSE',RESPONSE_CODE='200',RESPONSE_METHOD='GET',RESPONSE_LENGTH_OKHTTP='36',RESPONSE_LENGTH_HEADER='36',REQUEST_PROTOCOL='http/1.1',REQUEST_URL='https://project-travel-mate.herokuapp.com/api/number-of-unread-notifications',
08-06 05:29:53.159  5351  5364 I art     : Starting a blocking GC Explicit
08-06 05:29:53.231  5351  5364 I art     : Explicit concurrent mark sweep GC freed 4436(241KB) AllocSpace objects, 5(248KB) LOS objects, 7% free, 184MB/200MB, paused 2.226ms total 71.700ms
08-06 05:29:53.257  5351  5364 I art     : Starting a blocking GC Explicit
08-06 05:29:53.327  5351  5364 I art     : Explicit concurrent mark sweep GC freed 972(117KB) AllocSpace objects, 0(0B) LOS objects, 7% free, 184MB/200MB, paused 2.056ms total 69.910ms
08-06 05:29:53.353  5351  5364 I art     : Starting a blocking GC Explicit
08-06 05:29:53.424  5351  5364 I art     : Explicit concurrent mark sweep GC freed 3(96B) AllocSpace objects, 0(0B) LOS objects, 7% free, 184MB/200MB, paused 2.093ms total 70.780ms
08-06 05:29:53.450  5351  5364 I art     : Starting a blocking GC Explicit
08-06 05:29:53.522  5351  5364 I art     : Explicit concurrent mark sweep GC freed 3(96B) AllocSpace objects, 0(0B) LOS objects, 7% free, 184MB/200MB, paused 2.143ms total 71.308ms
08-06 05:29:53.558  5351  5364 I art     : Starting a blocking GC Explicit
08-06 05:29:53.633  5351  5364 I art     : Explicit concurrent mark sweep GC freed 8(256B) AllocSpace objects, 0(0B) LOS objects, 7% free, 184MB/200MB, paused 1.918ms total 74.934ms
08-06 05:29:53.730 32067 32067 W Atfwd_Sendcmd: AtCmdFwd service not published, waiting... retryCnt : 2
08-06 05:29:53.770  7875  7875 D AndroidRuntime: >>>>>> START com.android.internal.os.RuntimeInit uid 2000 <<<<<<
08-06 05:29:53.780  7875  7875 D AndroidRuntime: CheckJNI is OFF
08-06 05:29:53.856  7875  7875 D ICU     : No timezone override file found: /data/misc/zoneinfo/current/icu/icu_tzdata.dat
08-06 05:29:53.899  7875  7875 I Radio-JNI: register_android_hardware_Radio DONE
08-06 05:29:53.931  7875  7875 D AndroidRuntime: Calling main entry com.android.commands.input.Input
08-06 05:29:53.933  7875  7875 I Input   : injectMotionEvent: MotionEvent { action=ACTION_DOWN, actionButton=0, id[0]=0, x[0]=500.0, y[0]=2000.0, toolType[0]=TOOL_TYPE_UNKNOWN, buttonState=0, metaState=0, flags=0x0, edgeFlags=0x0, pointerCount=1, historySize=0, eventTime=855010346, downTime=855010346, deviceId=0, source=0x1002 }
08-06 05:29:53.940  7875  7875 I Input   : injectMotionEvent: MotionEvent { action=ACTION_MOVE, actionButton=0, id[0]=0, x[0]=500.0, y[0]=2000.0, toolType[0]=TOOL_TYPE_UNKNOWN, buttonState=0, metaState=0, flags=0x0, edgeFlags=0x0, pointerCount=1, historySize=0, eventTime=855010346, downTime=855010346, deviceId=0, source=0x1002 }
08-06 05:29:53.958  7875  7875 I Input   : injectMotionEvent: MotionEvent { action=ACTION_MOVE, actionButton=0, id[0]=0, x[0]=500.0, y[0]=1952.5, toolType[0]=TOOL_TYPE_UNKNOWN, buttonState=0, metaState=0, flags=0x0, edgeFlags=0x0, pointerCount=1, historySize=0, eventTime=855010371, downTime=855010371, deviceId=0, source=0x1002 }
08-06 05:29:53.973  7875  7875 I Input   : injectMotionEvent: MotionEvent { action=ACTION_MOVE, actionButton=0, id[0]=0, x[0]=500.0, y[0]=1924.0, toolType[0]=TOOL_TYPE_UNKNOWN, buttonState=0, metaState=0, flags=0x0, edgeFlags=0x0, pointerCount=1, historySize=0, eventTime=855010386, downTime=855010386, deviceId=0, source=0x1002 }
08-06 05:29:54.002  7875  7875 I Input   : injectMotionEvent: MotionEvent { action=ACTION_MOVE, actionButton=0, id[0]=0, x[0]=500.0, y[0]=1867.0, toolType[0]=TOOL_TYPE_UNKNOWN, buttonState=0, metaState=0, flags=0x0, edgeFlags=0x0, pointerCount=1, historySize=0, eventTime=855010416, downTime=855010416, deviceId=0, source=0x1002 }
08-06 05:29:54.025  7875  7875 I Input   : injectMotionEvent: MotionEvent { action=ACTION_MOVE, actionButton=0, id[0]=0, x[0]=500.0, y[0]=1825.2, toolType[0]=TOOL_TYPE_UNKNOWN, buttonState=0, metaState=0, flags=0x0, edgeFlags=0x0, pointerCount=1, historySize=0, eventTime=855010438, downTime=855010438, deviceId=0, source=0x1002 }
08-06 05:29:54.042  7875  7875 I Input   : injectMotionEvent: MotionEvent { action=ACTION_MOVE, actionButton=0, id[0]=0, x[0]=500.0, y[0]=1794.8, toolType[0]=TOOL_TYPE_UNKNOWN, buttonState=0, metaState=0, flags=0x0, edgeFlags=0x0, pointerCount=1, historySize=0, eventTime=855010454, downTime=855010454, deviceId=0, source=0x1002 }
08-06 05:29:54.064  7875  7875 I Input   : injectMotionEvent: MotionEvent { action=ACTION_MOVE, actionButton=0, id[0]=0, x[0]=500.0, y[0]=1751.1, toolType[0]=TOOL_TYPE_UNKNOWN, buttonState=0, metaState=0, flags=0x0, edgeFlags=0x0, pointerCount=1, historySize=0, eventTime=855010477, downTime=855010477, deviceId=0, source=0x1002 }
08-06 05:29:54.076  7875  7875 I Input   : injectMotionEvent: MotionEvent { action=ACTION_MOVE, actionButton=0, id[0]=0, x[0]=500.0, y[0]=1728.3, toolType[0]=TOOL_TYPE_UNKNOWN, buttonState=0, metaState=0, flags=0x0, edgeFlags=0x0, pointerCount=1, historySize=0, eventTime=855010489, downTime=855010489, deviceId=0, source=0x1002 }
08-06 05:29:54.091  7875  7875 I Input   : injectMotionEvent: MotionEvent { action=ACTION_MOVE, actionButton=0, id[0]=0, x[0]=500.0, y[0]=1699.8, toolType[0]=TOOL_TYPE_UNKNOWN, buttonState=0, metaState=0, flags=0x0, edgeFlags=0x0, pointerCount=1, historySize=0, eventTime=855010504, downTime=855010504, deviceId=0, source=0x1002 }
08-06 05:29:54.111  7875  7875 I Input   : injectMotionEvent: MotionEvent { action=ACTION_MOVE, actionButton=0, id[0]=0, x[0]=500.0, y[0]=1661.8, toolType[0]=TOOL_TYPE_UNKNOWN, buttonState=0, metaState=0, flags=0x0, edgeFlags=0x0, pointerCount=1, historySize=0, eventTime=855010524, downTime=855010524, deviceId=0, source=0x1002 }
08-06 05:29:54.124  7875  7875 I Input   : injectMotionEvent: MotionEvent { action=ACTION_MOVE, actionButton=0, id[0]=0, x[0]=500.0, y[0]=1637.1, toolType[0]=TOOL_TYPE_UNKNOWN, buttonState=0, metaState=0, flags=0x0, edgeFlags=0x0, pointerCount=1, historySize=0, eventTime=855010537, downTime=855010537, deviceId=0, source=0x1002 }
08-06 05:29:54.138  5351  5363 I art     : Starting a blocking GC Explicit
08-06 05:29:54.145  7875  7875 I Input   : injectMotionEvent: MotionEvent { action=ACTION_MOVE, actionButton=0, id[0]=0, x[0]=500.0, y[0]=1597.2, toolType[0]=TOOL_TYPE_UNKNOWN, buttonState=0, metaState=0, flags=0x0, edgeFlags=0x0, pointerCount=1, historySize=0, eventTime=855010558, downTime=855010558, deviceId=0, source=0x1002 }
08-06 05:29:54.160  7875  7875 I Input   : injectMotionEvent: MotionEvent { action=ACTION_MOVE, actionButton=0, id[0]=0, x[0]=500.0, y[0]=1568.7, toolType[0]=TOOL_TYPE_UNKNOWN, buttonState=0, metaState=0, flags=0x0, edgeFlags=0x0, pointerCount=1, historySize=0, eventTime=855010573, downTime=855010573, deviceId=0, source=0x1002 }
08-06 05:29:54.174  7875  7875 I Input   : injectMotionEvent: MotionEvent { action=ACTION_MOVE, actionButton=0, id[0]=0, x[0]=500.0, y[0]=1542.1, toolType[0]=TOOL_TYPE_UNKNOWN, buttonState=0, metaState=0, flags=0x0, edgeFlags=0x0, pointerCount=1, historySize=0, eventTime=855010587, downTime=855010587, deviceId=0, source=0x1002 }
08-06 05:29:54.192  7875  7875 I Input   : injectMotionEvent: MotionEvent { action=ACTION_MOVE, actionButton=0, id[0]=0, x[0]=500.0, y[0]=1507.9, toolType[0]=TOOL_TYPE_UNKNOWN, buttonState=0, metaState=0, flags=0x0, edgeFlags=0x0, pointerCount=1, historySize=0, eventTime=855010605, downTime=855010605, deviceId=0, source=0x1002 }
08-06 05:29:54.209  7875  7875 I Input   : injectMotionEvent: MotionEvent { action=ACTION_MOVE, actionButton=0, id[0]=0, x[0]=500.0, y[0]=1475.6001, toolType[0]=TOOL_TYPE_UNKNOWN, buttonState=0, metaState=0, flags=0x0, edgeFlags=0x0, pointerCount=1, historySize=0, eventTime=855010622, downTime=855010622, deviceId=0, source=0x1002 }
08-06 05:29:54.226  7875  7875 I Input   : injectMotionEvent: MotionEvent { action=ACTION_MOVE, actionButton=0, id[0]=0, x[0]=500.0, y[0]=1443.3, toolType[0]=TOOL_TYPE_UNKNOWN, buttonState=0, metaState=0, flags=0x0, edgeFlags=0x0, pointerCount=1, historySize=0, eventTime=855010639, downTime=855010639, deviceId=0, source=0x1002 }
08-06 05:29:54.247  7875  7875 I Input   : injectMotionEvent: MotionEvent { action=ACTION_MOVE, actionButton=0, id[0]=0, x[0]=500.0, y[0]=1405.3, toolType[0]=TOOL_TYPE_UNKNOWN, buttonState=0, metaState=0, flags=0x0, edgeFlags=0x0, pointerCount=1, historySize=0, eventTime=855010659, downTime=855010659, deviceId=0, source=0x1002 }
08-06 05:29:54.248  5351  5363 I art     : Explicit concurrent mark sweep GC freed 1720(96KB) AllocSpace objects, 2(48KB) LOS objects, 7% free, 184MB/200MB, paused 3.801ms total 109.875ms
08-06 05:29:54.258  7875  7875 I Input   : injectMotionEvent: MotionEvent { action=ACTION_MOVE, actionButton=0, id[0]=0, x[0]=500.0, y[0]=1382.5, toolType[0]=TOOL_TYPE_UNKNOWN, buttonState=0, metaState=0, flags=0x0, edgeFlags=0x0, pointerCount=1, historySize=0, eventTime=855010671, downTime=855010671, deviceId=0, source=0x1002 }
08-06 05:29:54.274  7875  7875 I Input   : injectMotionEvent: MotionEvent { action=ACTION_MOVE, actionButton=0, id[0]=0, x[0]=500.0, y[0]=1352.1001, toolType[0]=TOOL_TYPE_UNKNOWN, buttonState=0, metaState=0, flags=0x0, edgeFlags=0x0, pointerCount=1, historySize=0, eventTime=855010687, downTime=855010687, deviceId=0, source=0x1002 }
08-06 05:29:54.282  5351  5363 I art     : Starting a blocking GC Explicit
08-06 05:29:54.294  7875  7875 I Input   : injectMotionEvent: MotionEvent { action=ACTION_MOVE, actionButton=0, id[0]=0, x[0]=500.0, y[0]=1314.1, toolType[0]=TOOL_TYPE_UNKNOWN, buttonState=0, metaState=0, flags=0x0, edgeFlags=0x0, pointerCount=1, historySize=0, eventTime=855010707, downTime=855010707, deviceId=0, source=0x1002 }
08-06 05:29:54.309  7875  7875 I Input   : injectMotionEvent: MotionEvent { action=ACTION_MOVE, actionButton=0, id[0]=0, x[0]=500.0, y[0]=1285.6001, toolType[0]=TOOL_TYPE_UNKNOWN, buttonState=0, metaState=0, flags=0x0, edgeFlags=0x0, pointerCount=1, historySize=0, eventTime=855010722, downTime=855010722, deviceId=0, source=0x1002 }
08-06 05:29:54.330  7875  7875 I Input   : injectMotionEvent: MotionEvent { action=ACTION_MOVE, actionButton=0, id[0]=0, x[0]=500.0, y[0]=1245.7, toolType[0]=TOOL_TYPE_UNKNOWN, buttonState=0, metaState=0, flags=0x0, edgeFlags=0x0, pointerCount=1, historySize=0, eventTime=855010743, downTime=855010743, deviceId=0, source=0x1002 }
08-06 05:29:54.343  7875  7875 I Input   : injectMotionEvent: MotionEvent { action=ACTION_MOVE, actionButton=0, id[0]=0, x[0]=500.0, y[0]=1219.1, toolType[0]=TOOL_TYPE_UNKNOWN, buttonState=0, metaState=0, flags=0x0, edgeFlags=0x0, pointerCount=1, historySize=0, eventTime=855010757, downTime=855010757, deviceId=0, source=0x1002 }
08-06 05:29:54.358  7875  7875 I Input   : injectMotionEvent: MotionEvent { action=ACTION_MOVE, actionButton=0, id[0]=0, x[0]=500.0, y[0]=1192.5, toolType[0]=TOOL_TYPE_UNKNOWN, buttonState=0, metaState=0, flags=0x0, edgeFlags=0x0, pointerCount=1, historySize=0, eventTime=855010771, downTime=855010771, deviceId=0, source=0x1002 }
08-06 05:29:54.371  5351  5363 I art     : Explicit concurrent mark sweep GC freed 65(2736B) AllocSpace objects, 0(0B) LOS objects, 7% free, 184MB/200MB, paused 2.501ms total 88.018ms
08-06 05:29:54.396  5351  5363 I art     : Starting a blocking GC Explicit
08-06 05:29:54.432  7875  7875 I Input   : injectMotionEvent: MotionEvent { action=ACTION_MOVE, actionButton=0, id[0]=0, x[0]=500.0, y[0]=1051.8999, toolType[0]=TOOL_TYPE_UNKNOWN, buttonState=0, metaState=0, flags=0x0, edgeFlags=0x0, pointerCount=1, historySize=0, eventTime=855010845, downTime=855010845, deviceId=0, source=0x1002 }
08-06 05:29:54.463  5351  5363 I art     : Explicit concurrent mark sweep GC freed 5(160B) AllocSpace objects, 0(0B) LOS objects, 7% free, 184MB/200MB, paused 1.853ms total 66.108ms
08-06 05:29:54.492  5351  5363 I art     : Starting a blocking GC Explicit
08-06 05:29:54.500  7875  7875 I Input   : injectMotionEvent: MotionEvent { action=ACTION_MOVE, actionButton=0, id[0]=0, x[0]=500.0, y[0]=922.7001, toolType[0]=TOOL_TYPE_UNKNOWN, buttonState=0, metaState=0, flags=0x0, edgeFlags=0x0, pointerCount=1, historySize=0, eventTime=855010913, downTime=855010913, deviceId=0, source=0x1002 }
08-06 05:29:54.551  5351  5363 I art     : Explicit concurrent mark sweep GC freed 3(96B) AllocSpace objects, 0(0B) LOS objects, 7% free, 184MB/200MB, paused 1.848ms total 58.868ms
08-06 05:29:54.569  7875  7875 I Input   : injectMotionEvent: MotionEvent { action=ACTION_MOVE, actionButton=0, id[0]=0, x[0]=500.0, y[0]=791.6001, toolType[0]=TOOL_TYPE_UNKNOWN, buttonState=0, metaState=0, flags=0x0, edgeFlags=0x0, pointerCount=1, historySize=0, eventTime=855010982, downTime=855010982, deviceId=0, source=0x1002 }
08-06 05:29:54.574  5351  5363 I art     : Starting a blocking GC Explicit
08-06 05:29:54.638  7875  7875 I Input   : injectMotionEvent: MotionEvent { action=ACTION_MOVE, actionButton=0, id[0]=0, x[0]=500.0, y[0]=658.6001, toolType[0]=TOOL_TYPE_UNKNOWN, buttonState=0, metaState=0, flags=0x0, edgeFlags=0x0, pointerCount=1, historySize=0, eventTime=855011052, downTime=855011052, deviceId=0, source=0x1002 }
08-06 05:29:54.639  5351  5363 I art     : Explicit concurrent mark sweep GC freed 3(96B) AllocSpace objects, 0(0B) LOS objects, 7% free, 184MB/200MB, paused 1.857ms total 63.984ms
08-06 05:29:54.698  7875  7875 I Input   : injectMotionEvent: MotionEvent { action=ACTION_MOVE, actionButton=0, id[0]=0, x[0]=500.0, y[0]=546.5, toolType[0]=TOOL_TYPE_UNKNOWN, buttonState=0, metaState=0, flags=0x0, edgeFlags=0x0, pointerCount=1, historySize=0, eventTime=855011111, downTime=855011111, deviceId=0, source=0x1002 }
08-06 05:29:54.768  7875  7875 I Input   : injectMotionEvent: MotionEvent { action=ACTION_MOVE, actionButton=0, id[0]=0, x[0]=500.0, y[0]=413.5, toolType[0]=TOOL_TYPE_UNKNOWN, buttonState=0, metaState=0, flags=0x0, edgeFlags=0x0, pointerCount=1, historySize=0, eventTime=855011181, downTime=855011181, deviceId=0, source=0x1002 }
08-06 05:29:54.824  7875  7875 I Input   : injectMotionEvent: MotionEvent { action=ACTION_MOVE, actionButton=0, id[0]=0, x[0]=500.0, y[0]=305.19995, toolType[0]=TOOL_TYPE_UNKNOWN, buttonState=0, metaState=0, flags=0x0, edgeFlags=0x0, pointerCount=1, historySize=0, eventTime=855011238, downTime=855011238, deviceId=0, source=0x1002 }
08-06 05:29:54.863  7875  7875 I Input   : injectMotionEvent: MotionEvent { action=ACTION_MOVE, actionButton=0, id[0]=0, x[0]=500.0, y[0]=233.0, toolType[0]=TOOL_TYPE_UNKNOWN, buttonState=0, metaState=0, flags=0x0, edgeFlags=0x0, pointerCount=1, historySize=0, eventTime=855011276, downTime=855011276, deviceId=0, source=0x1002 }
08-06 05:29:54.907  7875  7875 I Input   : injectMotionEvent: MotionEvent { action=ACTION_MOVE, actionButton=0, id[0]=0, x[0]=500.0, y[0]=149.40002, toolType[0]=TOOL_TYPE_UNKNOWN, buttonState=0, metaState=0, flags=0x0, edgeFlags=0x0, pointerCount=1, historySize=0, eventTime=855011320, downTime=855011320, deviceId=0, source=0x1002 }
08-06 05:29:54.946  7875  7875 I Input   : injectMotionEvent: MotionEvent { action=ACTION_UP, actionButton=0, id[0]=0, x[0]=500.0, y[0]=100.0, toolType[0]=TOOL_TYPE_UNKNOWN, buttonState=0, metaState=0, flags=0x0, edgeFlags=0x0, pointerCount=1, historySize=0, eventTime=855011359, downTime=855011359, deviceId=0, source=0x1002 }
08-06 05:29:54.985  7875  7875 D AndroidRuntime: Shutting down VM
08-06 05:29:55.088  5351  5626 I art     : Starting a blocking GC Explicit
08-06 05:29:55.164  5351  5626 I art     : Explicit concurrent mark sweep GC freed 1641(93KB) AllocSpace objects, 2(48KB) LOS objects, 7% free, 184MB/200MB, paused 2.517ms total 74.840ms
08-06 05:29:55.196  5351  5626 I art     : Starting a blocking GC Explicit
08-06 05:29:55.268  5351  5626 I art     : Explicit concurrent mark sweep GC freed 28(1040B) AllocSpace objects, 0(0B) LOS objects, 7% free, 184MB/200MB, paused 1.990ms total 71.757ms
08-06 05:29:55.293  5351  5626 I art     : Starting a blocking GC Explicit
08-06 05:29:55.362  5351  5626 I art     : Explicit concurrent mark sweep GC freed 4(128B) AllocSpace objects, 0(0B) LOS objects, 7% free, 184MB/200MB, paused 2.264ms total 68.584ms
08-06 05:29:55.389  5351  5626 I art     : Starting a blocking GC Explicit
08-06 05:29:55.455  5351  5626 I art     : Explicit concurrent mark sweep GC freed 7(224B) AllocSpace objects, 0(0B) LOS objects, 7% free, 184MB/200MB, paused 1.839ms total 65.751ms
08-06 05:29:55.479  5351  5626 I art     : Starting a blocking GC Explicit
08-06 05:29:55.544  5351  5626 I art     : Explicit concurrent mark sweep GC freed 8(256B) AllocSpace objects, 0(0B) LOS objects, 7% free, 184MB/200MB, paused 1.817ms total 65.051ms
08-06 05:29:55.877  7914  7914 D AndroidRuntime: >>>>>> START com.android.internal.os.RuntimeInit uid 2000 <<<<<<
08-06 05:29:55.886  7914  7914 D AndroidRuntime: CheckJNI is OFF
08-06 05:29:55.941  7914  7914 D ICU     : No timezone override file found: /data/misc/zoneinfo/current/icu/icu_tzdata.dat
08-06 05:29:55.986  7914  7914 I Radio-JNI: register_android_hardware_Radio DONE
08-06 05:29:55.996  5351  5363 I art     : Starting a blocking GC Explicit
08-06 05:29:56.021  7914  7914 D AndroidRuntime: Calling main entry com.android.commands.input.Input
08-06 05:29:56.023  7914  7914 I Input   : injectMotionEvent: MotionEvent { action=ACTION_DOWN, actionButton=0, id[0]=0, x[0]=500.0, y[0]=2000.0, toolType[0]=TOOL_TYPE_UNKNOWN, buttonState=0, metaState=0, flags=0x0, edgeFlags=0x0, pointerCount=1, historySize=0, eventTime=855012436, downTime=855012436, deviceId=0, source=0x1002 }
08-06 05:29:56.030  7914  7914 I Input   : injectMotionEvent: MotionEvent { action=ACTION_MOVE, actionButton=0, id[0]=0, x[0]=500.0, y[0]=2000.0, toolType[0]=TOOL_TYPE_UNKNOWN, buttonState=0, metaState=0, flags=0x0, edgeFlags=0x0, pointerCount=1, historySize=0, eventTime=855012436, downTime=855012436, deviceId=0, source=0x1002 }
08-06 05:29:56.042  7914  7914 I Input   : injectMotionEvent: MotionEvent { action=ACTION_MOVE, actionButton=0, id[0]=0, x[0]=500.0, y[0]=1963.9, toolType[0]=TOOL_TYPE_UNKNOWN, buttonState=0, metaState=0, flags=0x0, edgeFlags=0x0, pointerCount=1, historySize=0, eventTime=855012455, downTime=855012455, deviceId=0, source=0x1002 }
08-06 05:29:56.058  7914  7914 I Input   : injectMotionEvent: MotionEvent { action=ACTION_MOVE, actionButton=0, id[0]=0, x[0]=500.0, y[0]=1933.5, toolType[0]=TOOL_TYPE_UNKNOWN, buttonState=0, metaState=0, flags=0x0, edgeFlags=0x0, pointerCount=1, historySize=0, eventTime=855012471, downTime=855012471, deviceId=0, source=0x1002 }
08-06 05:29:56.069  5351  5363 I art     : Explicit concurrent mark sweep GC freed 1629(93KB) AllocSpace objects, 2(48KB) LOS objects, 7% free, 184MB/200MB, paused 2.084ms total 73.215ms
08-06 05:29:56.077  7914  7914 I Input   : injectMotionEvent: MotionEvent { action=ACTION_MOVE, actionButton=0, id[0]=0, x[0]=500.0, y[0]=1897.4, toolType[0]=TOOL_TYPE_UNKNOWN, buttonState=0, metaState=0, flags=0x0, edgeFlags=0x0, pointerCount=1, historySize=0, eventTime=855012490, downTime=855012490, deviceId=0, source=0x1002 }
08-06 05:29:56.103  5351  5363 I art     : Starting a blocking GC Explicit
08-06 05:29:56.119  7914  7914 I Input   : injectMotionEvent: MotionEvent { action=ACTION_MOVE, actionButton=0, id[0]=0, x[0]=500.0, y[0]=1815.7, toolType[0]=TOOL_TYPE_UNKNOWN, buttonState=0, metaState=0, flags=0x0, edgeFlags=0x0, pointerCount=1, historySize=0, eventTime=855012533, downTime=855012533, deviceId=0, source=0x1002 }
08-06 05:29:56.165  7914  7914 I Input   : injectMotionEvent: MotionEvent { action=ACTION_MOVE, actionButton=0, id[0]=0, x[0]=500.0, y[0]=1730.2, toolType[0]=TOOL_TYPE_UNKNOWN, buttonState=0, metaState=0, flags=0x0, edgeFlags=0x0, pointerCount=1, historySize=0, eventTime=855012578, downTime=855012578, deviceId=0, source=0x1002 }
08-06 05:29:56.171  5351  5363 I art     : Explicit concurrent mark sweep GC freed 50(1936B) AllocSpace objects, 0(0B) LOS objects, 7% free, 184MB/200MB, paused 1.918ms total 68.337ms
08-06 05:29:56.202  7914  7914 I Input   : injectMotionEvent: MotionEvent { action=ACTION_MOVE, actionButton=0, id[0]=0, x[0]=500.0, y[0]=1659.9, toolType[0]=TOOL_TYPE_UNKNOWN, buttonState=0, metaState=0, flags=0x0, edgeFlags=0x0, pointerCount=1, historySize=0, eventTime=855012615, downTime=855012615, deviceId=0, source=0x1002 }
08-06 05:29:56.204  5351  5363 I art     : Starting a blocking GC Explicit
08-06 05:29:56.241  7914  7914 I Input   : injectMotionEvent: MotionEvent { action=ACTION_MOVE, actionButton=0, id[0]=0, x[0]=500.0, y[0]=1583.9, toolType[0]=TOOL_TYPE_UNKNOWN, buttonState=0, metaState=0, flags=0x0, edgeFlags=0x0, pointerCount=1, historySize=0, eventTime=855012655, downTime=855012655, deviceId=0, source=0x1002 }
08-06 05:29:56.269  5351  5363 I art     : Explicit concurrent mark sweep GC freed 26(1024B) AllocSpace objects, 0(0B) LOS objects, 7% free, 184MB/200MB, paused 1.935ms total 64.101ms
08-06 05:29:56.283  7914  7914 I Input   : injectMotionEvent: MotionEvent { action=ACTION_MOVE, actionButton=0, id[0]=0, x[0]=500.0, y[0]=1504.1, toolType[0]=TOOL_TYPE_UNKNOWN, buttonState=0, metaState=0, flags=0x0, edgeFlags=0x0, pointerCount=1, historySize=0, eventTime=855012697, downTime=855012697, deviceId=0, source=0x1002 }
08-06 05:29:56.292  5351  5363 I art     : Starting a blocking GC Explicit
08-06 05:29:56.321  7914  7914 I Input   : injectMotionEvent: MotionEvent { action=ACTION_MOVE, actionButton=0, id[0]=0, x[0]=500.0, y[0]=1433.8, toolType[0]=TOOL_TYPE_UNKNOWN, buttonState=0, metaState=0, flags=0x0, edgeFlags=0x0, pointerCount=1, historySize=0, eventTime=855012734, downTime=855012734, deviceId=0, source=0x1002 }
08-06 05:29:56.359  5351  5363 I art     : Explicit concurrent mark sweep GC freed 11(448B) AllocSpace objects, 0(0B) LOS objects, 7% free, 184MB/200MB, paused 1.788ms total 66.547ms
08-06 05:29:56.361  7914  7914 I Input   : injectMotionEvent: MotionEvent { action=ACTION_MOVE, actionButton=0, id[0]=0, x[0]=500.0, y[0]=1357.8, toolType[0]=TOOL_TYPE_UNKNOWN, buttonState=0, metaState=0, flags=0x0, edgeFlags=0x0, pointerCount=1, historySize=0, eventTime=855012774, downTime=855012774, deviceId=0, source=0x1002 }
08-06 05:29:56.383  5351  5363 I art     : Starting a blocking GC Explicit
08-06 05:29:56.401  7914  7914 I Input   : injectMotionEvent: MotionEvent { action=ACTION_MOVE, actionButton=0, id[0]=0, x[0]=500.0, y[0]=1281.8, toolType[0]=TOOL_TYPE_UNKNOWN, buttonState=0, metaState=0, flags=0x0, edgeFlags=0x0, pointerCount=1, historySize=0, eventTime=855012814, downTime=855012814, deviceId=0, source=0x1002 }
08-06 05:29:56.439  7914  7914 I Input   : injectMotionEvent: MotionEvent { action=ACTION_MOVE, actionButton=0, id[0]=0, x[0]=500.0, y[0]=1209.6, toolType[0]=TOOL_TYPE_UNKNOWN, buttonState=0, metaState=0, flags=0x0, edgeFlags=0x0, pointerCount=1, historySize=0, eventTime=855012852, downTime=855012852, deviceId=0, source=0x1002 }
08-06 05:29:56.451  5351  5363 I art     : Explicit concurrent mark sweep GC freed 9(288B) AllocSpace objects, 0(0B) LOS objects, 7% free, 184MB/200MB, paused 1.779ms total 67.914ms
08-06 05:29:56.479  7914  7914 I Input   : injectMotionEvent: MotionEvent { action=ACTION_MOVE, actionButton=0, id[0]=0, x[0]=500.0, y[0]=1133.6, toolType[0]=TOOL_TYPE_UNKNOWN, buttonState=0, metaState=0, flags=0x0, edgeFlags=0x0, pointerCount=1, historySize=0, eventTime=855012892, downTime=855012892, deviceId=0, source=0x1002 }
08-06 05:29:56.518  7914  7914 I Input   : injectMotionEvent: MotionEvent { action=ACTION_MOVE, actionButton=0, id[0]=0, x[0]=500.0, y[0]=1059.5, toolType[0]=TOOL_TYPE_UNKNOWN, buttonState=0, metaState=0, flags=0x0, edgeFlags=0x0, pointerCount=1, historySize=0, eventTime=855012931, downTime=855012931, deviceId=0, source=0x1002 }
08-06 05:29:56.554  7914  7914 I Input   : injectMotionEvent: MotionEvent { action=ACTION_MOVE, actionButton=0, id[0]=0, x[0]=500.0, y[0]=991.1, toolType[0]=TOOL_TYPE_UNKNOWN, buttonState=0, metaState=0, flags=0x0, edgeFlags=0x0, pointerCount=1, historySize=0, eventTime=855012967, downTime=855012967, deviceId=0, source=0x1002 }
08-06 05:29:56.590  7914  7914 I Input   : injectMotionEvent: MotionEvent { action=ACTION_MOVE, actionButton=0, id[0]=0, x[0]=500.0, y[0]=922.7001, toolType[0]=TOOL_TYPE_UNKNOWN, buttonState=0, metaState=0, flags=0x0, edgeFlags=0x0, pointerCount=1, historySize=0, eventTime=855013003, downTime=855013003, deviceId=0, source=0x1002 }
08-06 05:29:56.631  7914  7914 I Input   : injectMotionEvent: MotionEvent { action=ACTION_MOVE, actionButton=0, id[0]=0, x[0]=500.0, y[0]=844.80005, toolType[0]=TOOL_TYPE_UNKNOWN, buttonState=0, metaState=0, flags=0x0, edgeFlags=0x0, pointerCount=1, historySize=0, eventTime=855013044, downTime=855013044, deviceId=0, source=0x1002 }
08-06 05:29:56.680  7914  7914 I Input   : injectMotionEvent: MotionEvent { action=ACTION_MOVE, actionButton=0, id[0]=0, x[0]=500.0, y[0]=751.69995, toolType[0]=TOOL_TYPE_UNKNOWN, buttonState=0, metaState=0, flags=0x0, edgeFlags=0x0, pointerCount=1, historySize=0, eventTime=855013093, downTime=855013093, deviceId=0, source=0x1002 }
08-06 05:29:56.727  7914  7914 I Input   : injectMotionEvent: MotionEvent { action=ACTION_MOVE, actionButton=0, id[0]=0, x[0]=500.0, y[0]=662.4, toolType[0]=TOOL_TYPE_UNKNOWN, buttonState=0, metaState=0, flags=0x0, edgeFlags=0x0, pointerCount=1, historySize=0, eventTime=855013140, downTime=855013140, deviceId=0, source=0x1002 }
08-06 05:29:56.764  7914  7914 I Input   : injectMotionEvent: MotionEvent { action=ACTION_MOVE, actionButton=0, id[0]=0, x[0]=500.0, y[0]=590.2001, toolType[0]=TOOL_TYPE_UNKNOWN, buttonState=0, metaState=0, flags=0x0, edgeFlags=0x0, pointerCount=1, historySize=0, eventTime=855013178, downTime=855013178, deviceId=0, source=0x1002 }
08-06 05:29:56.802  7914  7914 I Input   : injectMotionEvent: MotionEvent { action=ACTION_MOVE, actionButton=0, id[0]=0, x[0]=500.0, y[0]=518.0, toolType[0]=TOOL_TYPE_UNKNOWN, buttonState=0, metaState=0, flags=0x0, edgeFlags=0x0, pointerCount=1, historySize=0, eventTime=855013216, downTime=855013216, deviceId=0, source=0x1002 }
08-06 05:29:56.841  7914  7914 I Input   : injectMotionEvent: MotionEvent { action=ACTION_MOVE, actionButton=0, id[0]=0, x[0]=500.0, y[0]=445.79993, toolType[0]=TOOL_TYPE_UNKNOWN, buttonState=0, metaState=0, flags=0x0, edgeFlags=0x0, pointerCount=1, historySize=0, eventTime=855013254, downTime=855013254, deviceId=0, source=0x1002 }
08-06 05:29:56.880  7914  7914 I Input   : injectMotionEvent: MotionEvent { action=ACTION_MOVE, actionButton=0, id[0]=0, x[0]=500.0, y[0]=371.70007, toolType[0]=TOOL_TYPE_UNKNOWN, buttonState=0, metaState=0, flags=0x0, edgeFlags=0x0, pointerCount=1, historySize=0, eventTime=855013293, downTime=855013293, deviceId=0, source=0x1002 }
08-06 05:29:56.918  7914  7914 I Input   : injectMotionEvent: MotionEvent { action=ACTION_MOVE, actionButton=0, id[0]=0, x[0]=500.0, y[0]=299.5, toolType[0]=TOOL_TYPE_UNKNOWN, buttonState=0, metaState=0, flags=0x0, edgeFlags=0x0, pointerCount=1, historySize=0, eventTime=855013331, downTime=855013331, deviceId=0, source=0x1002 }
08-06 05:29:56.919  5351  5369 I art     : Starting a blocking GC Explicit
08-06 05:29:56.957  7914  7914 I Input   : injectMotionEvent: MotionEvent { action=ACTION_MOVE, actionButton=0, id[0]=0, x[0]=500.0, y[0]=225.40002, toolType[0]=TOOL_TYPE_UNKNOWN, buttonState=0, metaState=0, flags=0x0, edgeFlags=0x0, pointerCount=1, historySize=0, eventTime=855013370, downTime=855013370, deviceId=0, source=0x1002 }
08-06 05:29:56.985  5351  5369 I art     : Explicit concurrent mark sweep GC freed 1663(94KB) AllocSpace objects, 2(48KB) LOS objects, 7% free, 184MB/200MB, paused 2ms total 66.054ms
08-06 05:29:56.998  7914  7914 I Input   : injectMotionEvent: MotionEvent { action=ACTION_MOVE, actionButton=0, id[0]=0, x[0]=500.0, y[0]=147.5, toolType[0]=TOOL_TYPE_UNKNOWN, buttonState=0, metaState=0, flags=0x0, edgeFlags=0x0, pointerCount=1, historySize=0, eventTime=855013411, downTime=855013411, deviceId=0, source=0x1002 }
08-06 05:29:57.008  5351  5369 I art     : Starting a blocking GC Explicit
08-06 05:29:57.035  7914  7914 I Input   : injectMotionEvent: MotionEvent { action=ACTION_UP, actionButton=0, id[0]=0, x[0]=500.0, y[0]=100.0, toolType[0]=TOOL_TYPE_UNKNOWN, buttonState=0, metaState=0, flags=0x0, edgeFlags=0x0, pointerCount=1, historySize=0, eventTime=855013448, downTime=855013448, deviceId=0, source=0x1002 }
08-06 05:29:57.072  7914  7914 D AndroidRuntime: Shutting down VM
08-06 05:29:57.076  5351  5369 I art     : Explicit concurrent mark sweep GC freed 35(1248B) AllocSpace objects, 0(0B) LOS objects, 7% free, 184MB/200MB, paused 1.917ms total 67.341ms
08-06 05:29:57.099  5351  5369 I art     : Starting a blocking GC Explicit
08-06 05:29:57.165  5351  5369 I art     : Explicit concurrent mark sweep GC freed 3(96B) AllocSpace objects, 0(0B) LOS objects, 7% free, 184MB/200MB, paused 1.844ms total 65.552ms
08-06 05:29:57.191  5351  5369 I art     : Starting a blocking GC Explicit
08-06 05:29:57.266  5351  5369 I art     : Explicit concurrent mark sweep GC freed 17(832B) AllocSpace objects, 0(0B) LOS objects, 7% free, 184MB/200MB, paused 2.446ms total 74.191ms
08-06 05:29:57.297  5351  5369 I art     : Starting a blocking GC Explicit
08-06 05:29:57.366  5351  5369 I art     : Explicit concurrent mark sweep GC freed 13(640B) AllocSpace objects, 0(0B) LOS objects, 7% free, 184MB/200MB, paused 1.918ms total 68.588ms
08-06 05:29:57.830  5351  5626 I art     : Starting a blocking GC Explicit
08-06 05:29:57.903  5351  5626 I art     : Explicit concurrent mark sweep GC freed 1623(93KB) AllocSpace objects, 2(48KB) LOS objects, 7% free, 184MB/200MB, paused 2.018ms total 73.233ms
08-06 05:29:57.929  5351  5626 I art     : Starting a blocking GC Explicit
08-06 05:29:57.967  7951  7951 D AndroidRuntime: >>>>>> START com.android.internal.os.RuntimeInit uid 2000 <<<<<<
08-06 05:29:57.973  7951  7951 D AndroidRuntime: CheckJNI is OFF
08-06 05:29:57.999  5351  5626 I art     : Explicit concurrent mark sweep GC freed 28(1024B) AllocSpace objects, 0(0B) LOS objects, 7% free, 184MB/200MB, paused 2.169ms total 69.689ms
08-06 05:29:58.024  5351  5626 I art     : Starting a blocking GC Explicit
08-06 05:29:58.032  7951  7951 D ICU     : No timezone override file found: /data/misc/zoneinfo/current/icu/icu_tzdata.dat
08-06 05:29:58.075  7951  7951 I Radio-JNI: register_android_hardware_Radio DONE
08-06 05:29:58.093  5351  5626 I art     : Explicit concurrent mark sweep GC freed 3(96B) AllocSpace objects, 0(0B) LOS objects, 7% free, 184MB/200MB, paused 2.004ms total 67.973ms
08-06 05:29:58.109  7951  7951 D AndroidRuntime: Calling main entry com.android.commands.input.Input
08-06 05:29:58.112  7951  7951 I Input   : injectMotionEvent: MotionEvent { action=ACTION_DOWN, actionButton=0, id[0]=0, x[0]=657.0, y[0]=2080.0, toolType[0]=TOOL_TYPE_UNKNOWN, buttonState=0, metaState=0, flags=0x0, edgeFlags=0x0, pointerCount=1, historySize=0, eventTime=855014524, downTime=855014524, deviceId=0, source=0x1002 }
08-06 05:29:58.117  7951  7951 I Input   : injectMotionEvent: MotionEvent { action=ACTION_UP, actionButton=0, id[0]=0, x[0]=657.0, y[0]=2080.0, toolType[0]=TOOL_TYPE_UNKNOWN, buttonState=0, metaState=0, flags=0x0, edgeFlags=0x0, pointerCount=1, historySize=0, eventTime=855014524, downTime=855014524, deviceId=0, source=0x1002 }
08-06 05:29:58.118  5351  5626 I art     : Starting a blocking GC Explicit
08-06 05:29:58.119  7951  7951 D AndroidRuntime: Shutting down VM
08-06 05:29:58.120   918  3359 I ActivityManager: START u0 {cmp=baseline.io.github.project_travel_mate/.utilities.UpcomingWeekendsActivity} from uid 10696 on display 0
08-06 05:29:58.122   512  2967 D audio_hw_primary: out_set_parameters: enter: usecase(1: low-latency-playback) kvpairs: routing=2
08-06 05:29:58.136   512  2967 D audio_hw_primary: select_devices: out_snd_device(2: speaker) in_snd_device(0: none)
08-06 05:29:58.136   512  2967 D msm8974_platform: platform_send_audio_calibration: sending audio calibration for snd_device(2) acdb_id(15)
08-06 05:29:58.136   512  2967 I soundtrigger: audio_extn_sound_trigger_update_device_status: device 0x2 of type 0 for Event 1
08-06 05:29:58.156   512  2967 D audio_hw_primary: enable_snd_device: snd_device(2: speaker)
08-06 05:29:58.160   512  2967 D audio_hw_primary: enable_audio_route: apply and update mixer path: low-latency-playback speaker
08-06 05:29:58.166  5351  5415 D Gabe    : call	returning from cache
08-06 05:29:58.170  5351  5351 V EXECUTING: https://project-travel-mate.herokuapp.com/api/get-upcoming-holidays/2020
08-06 05:29:58.173  5351  5351 V EXECUTING: https://project-travel-mate.herokuapp.com/api/get-upcoming-holidays/2020
08-06 05:29:58.192  5351  5626 I art     : Explicit concurrent mark sweep GC freed 688(37KB) AllocSpace objects, 0(0B) LOS objects, 7% free, 184MB/200MB, paused 2.878ms total 73.848ms
08-06 05:29:58.220  5351  5626 I art     : Starting a blocking GC Explicit
08-06 05:29:58.275 13866 13866 I GoogleInputMethodServic: GoogleInputMethodService.onFinishInput():3138 
08-06 05:29:58.276 13866 13866 I GoogleInputMethodServic: GoogleInputMethodService.onStartInput():1808 
08-06 05:29:58.285  5351  5626 I art     : Explicit concurrent mark sweep GC freed 895(53KB) AllocSpace objects, 0(0B) LOS objects, 7% free, 189MB/205MB, paused 3.987ms total 65.516ms
08-06 05:29:58.385   918   936 I ActivityManager: Displayed baseline.io.github.project_travel_mate/.utilities.UpcomingWeekendsActivity: +255ms
08-06 05:29:58.643   380   380 W SurfaceFlinger: couldn't log to binary event log: overflow.
08-06 05:29:58.697 24365  4416 I NetworkScheduler.Stats: Task com.google.android.gms/com.google.android.gms.icing.service.IcingGcmTaskService started execution. cause:4 exec_start_elapsed_seconds: 1838402 [CONTEXT service_id=218 ]
08-06 05:29:58.699   512  2967 D audio_hw_primary: disable_audio_route: reset and update mixer path: low-latency-playback speaker
08-06 05:29:58.701   512  2967 D audio_hw_primary: disable_snd_device: snd_device(2: speaker)
08-06 05:29:58.709   512  2967 I soundtrigger: audio_extn_sound_trigger_update_device_status: device 0x2 of type 0 for Event 0
08-06 05:29:58.715 24365 32102 I NetworkScheduler.Stats: Task com.google.android.gms/com.google.android.gms.icing.service.IcingGcmTaskService finished executing. cause:4 result: 1 elapsed_millis: 47 uptime_millis: 46 exec_start_elapsed_seconds: 1838402 [CONTEXT service_id=218 ]
08-06 05:29:58.735  5351  5364 I art     : Starting a blocking GC Explicit
08-06 05:29:58.804  5351  5364 I art     : Explicit concurrent mark sweep GC freed 2462(117KB) AllocSpace objects, 2(48KB) LOS objects, 7% free, 189MB/205MB, paused 2.178ms total 69.423ms
08-06 05:29:58.829  5351  5364 I art     : Starting a blocking GC Explicit
08-06 05:29:58.891  5351  5364 I art     : Explicit concurrent mark sweep GC freed 203(5KB) AllocSpace objects, 0(0B) LOS objects, 7% free, 189MB/205MB, paused 2.138ms total 62.033ms
08-06 05:29:58.915  5351  5364 I art     : Starting a blocking GC Explicit
08-06 05:29:58.981  5351  5364 I art     : Explicit concurrent mark sweep GC freed 5073(258KB) AllocSpace objects, 5(320KB) LOS objects, 7% free, 189MB/205MB, paused 2.485ms total 65.803ms
08-06 05:29:59.004  5351  5364 I art     : Starting a blocking GC Explicit
08-06 05:29:59.067  5351  5364 I art     : Explicit concurrent mark sweep GC freed 1982(234KB) AllocSpace objects, 1(80KB) LOS objects, 7% free, 189MB/205MB, paused 2.147ms total 62.376ms
08-06 05:29:59.091  5351  5364 I art     : Starting a blocking GC Explicit
08-06 05:29:59.153  5351  5364 I art     : Explicit concurrent mark sweep GC freed 112(2240B) AllocSpace objects, 0(0B) LOS objects, 7% free, 189MB/205MB, paused 2.090ms total 62.199ms
08-06 05:29:59.344  5351  7974 I NAPPA_EXPERIMENTATION: MetricNetworkRequestExecutionTime: REQUEST_DURATION_SYSTEM='1173',REQUEST_DURATION_OKHTTP='158',REQUEST_SYNCHRONOUS='FALSE',RESPONSE_CODE='200',RESPONSE_METHOD='GET',RESPONSE_LENGTH_OKHTTP='6426',RESPONSE_LENGTH_HEADER='6426',REQUEST_PROTOCOL='http/1.1',REQUEST_URL='https://project-travel-mate.herokuapp.com/api/get-upcoming-holidays/2020',
08-06 05:29:59.344  5351  7975 I NAPPA_EXPERIMENTATION: MetricNetworkRequestExecutionTime: REQUEST_DURATION_SYSTEM='1169',REQUEST_DURATION_OKHTTP='155',REQUEST_SYNCHRONOUS='FALSE',RESPONSE_CODE='200',RESPONSE_METHOD='GET',RESPONSE_LENGTH_OKHTTP='6426',RESPONSE_LENGTH_HEADER='6426',REQUEST_PROTOCOL='http/1.1',REQUEST_URL='https://project-travel-mate.herokuapp.com/api/get-upcoming-holidays/2020',
08-06 05:29:59.419  5351  5351 V Response: [{"month":"January","date":1,"day":"Wednesday","name":"New Year's Day","type":"Restricted"},{"month":"January","date":2,"day":"Thursday","name":"Guru Govind Singh Jayanti","type":"Restricted"},{"month":"January","date":14,"day":"Tuesday","name":"Lohri","type":"Restricted"},{"month":"January","date":15,"day":"Wednesday","name":"Pongal","type":"Restricted"},{"month":"January","date":15,"day":"Wednesday","name":"Makar Sankranti","type":"Restricted"},{"month":"January","date":25,"day":"Saturday","name":"Chinese New Year","type":"Observance"},{"month":"January","date":26,"day":"Sunday","name":"Republic Day","type":"Gazetted"},{"month":"January","date":30,"day":"Thursday","name":"Vasant Panchami","type":"Restricted"},{"month":"February","date":9,"day":"Sunday","name":"Guru Ravidas Jayanti","type":"Restricted"},{"month":"February","date":14,"day":"Friday","name":"Valentine's Day","type":"Observance"},{"month":"February","date":18,"day":"Tuesday","name":"Maharishi Dayanand Saraswati Jayanti","type":"Restricted"},{"month":"February","date":19,"day":"Wednesday","name":"Shivaji Jayanti","type":"Restricted"},{"month":"February","date":21,"day":"Friday","name":"Maha Shivaratri/Shivaratri","type":"Gazetted"},{"month":"March","date":9,"day":"Monday","name":"Holika Dahana","type":"Restricted"},{"month":"March","date":9,"day":"Monday","name":"Hazarat Ali's Birthday","type":"Restricted"},{"month":"March","date":10,"day":"Tuesday","name":"Holi","type":"Gazetted"},{"month":"March","date":20,"day":"Friday","name":"March Equinox","type":"Season"},{"month":"March","date":25,"day":"Wednesday","name":"Chaitra Sukhladi","type":"Restricted"},{"month":"April","date":2,"day":"Thursday","name":"Rama Navami","type":"Gazetted"},{"month":"April","date":6,"day":"Monday","name":"Mahavir Jayanti","type":"Gazetted"},{"month":"April","date":9,"day":"Thursday","name":"First day of Passover","type":"Observance"},{"month":"April","date":9,"day":"Thursday","name":"Maundy Thursday","type":"Observance,"},{"month":"April","date":10,"day":"Friday","name":"Good Friday","type":"Gazetted"},{"month":"April","date":12,"day":"Sunday","name":"Easter Day","type":"Restricted"},{"month":"April","date":13,"day":"Monday","name":"Vaisakhi","type":"Restricted"},{"month":"April","date":14,"day":"Tuesday","name":"Mesadi/Vaisakhadi","type":"Restricted"},{"month":"April","date":14,"day":"Tuesday","name":"Ambedkar Jayanti","type":"Central"},{"month":"May","date":1,"day":"Friday","name":"May Day","type":"Observance"},{"month":"May","date":7,"day":"Thursday","name":"Buddha Purnima/Vesak","type":"Gazetted"},{"month":"May","date":7,"day":"Thursday","name":"Birthday of Ravindranath","type":"Restricted"},{"month":"May","date":10,"day":"Sunday","name":"Mother's Day","type":"Observance"},{"month":"May","date":22,"day":"Friday","name":"Jamat Ul-Vida","type":"Restricted"},{"month":"May","date":25,"day":"Monday","name":"Ramzan Id/Eid-ul-Fitar","type":"Gazetted"},{"month":"May","date":25,"day":"Monday","name":"Ramzan Id/Eid-ul-Fitar","type":"Muslim,"},{"month":"June","date":21,"day":"Sunday","name":"June Solstice","type":"Season"},{"month":"June","date":21,"day":"Sunday","name":"Father's Day","type":"Observance"},{"month":"June","date":23,"day":"Tuesday","name":"Rath Yatra","type":"Restricted"},{"month":"July","date":5,"day":"Sunday","name":"Guru Purnima","type":"Observance"},{"month":"July","date":31,"day":"Friday","name":"Bakr Id/Eid ul-Adha","type":"Gazetted"},{"month":"August","date":2,"day":"Sunday","name":"Friendship Day","type":"Observance"},{"month":"August","date":3,"day":"Monday","name":"Raksha Bandhan (Rakhi)","type":"Restricted"},{"month":"August","date":11,"day":"Tuesday","name":"Janmashtami (Smarta)","type":"Restricted"},{"month":"August","date":12,"day":"Wednesday","name":"Janmashtami","type":"Gazetted"},{"month":"August","date":15,"day":"Saturday","name":"Independence Day","type":"Gazetted"},{"month":"August","date":16,"day":"Sunday","name":"Parsi New Year","type":"Restricted"},{"month":"August","date":22,"day":"Saturday","name":"Ganesh Chaturthi/Vin
08-06 05:29:59.423  5351  5351 V Response: [{"month":"January","date":1,"day":"Wednesday","name":"New Year's Day","type":"Restricted"},{"month":"January","date":2,"day":"Thursday","name":"Guru Govind Singh Jayanti","type":"Restricted"},{"month":"January","date":14,"day":"Tuesday","name":"Lohri","type":"Restricted"},{"month":"January","date":15,"day":"Wednesday","name":"Pongal","type":"Restricted"},{"month":"January","date":15,"day":"Wednesday","name":"Makar Sankranti","type":"Restricted"},{"month":"January","date":25,"day":"Saturday","name":"Chinese New Year","type":"Observance"},{"month":"January","date":26,"day":"Sunday","name":"Republic Day","type":"Gazetted"},{"month":"January","date":30,"day":"Thursday","name":"Vasant Panchami","type":"Restricted"},{"month":"February","date":9,"day":"Sunday","name":"Guru Ravidas Jayanti","type":"Restricted"},{"month":"February","date":14,"day":"Friday","name":"Valentine's Day","type":"Observance"},{"month":"February","date":18,"day":"Tuesday","name":"Maharishi Dayanand Saraswati Jayanti","type":"Restricted"},{"month":"February","date":19,"day":"Wednesday","name":"Shivaji Jayanti","type":"Restricted"},{"month":"February","date":21,"day":"Friday","name":"Maha Shivaratri/Shivaratri","type":"Gazetted"},{"month":"March","date":9,"day":"Monday","name":"Holika Dahana","type":"Restricted"},{"month":"March","date":9,"day":"Monday","name":"Hazarat Ali's Birthday","type":"Restricted"},{"month":"March","date":10,"day":"Tuesday","name":"Holi","type":"Gazetted"},{"month":"March","date":20,"day":"Friday","name":"March Equinox","type":"Season"},{"month":"March","date":25,"day":"Wednesday","name":"Chaitra Sukhladi","type":"Restricted"},{"month":"April","date":2,"day":"Thursday","name":"Rama Navami","type":"Gazetted"},{"month":"April","date":6,"day":"Monday","name":"Mahavir Jayanti","type":"Gazetted"},{"month":"April","date":9,"day":"Thursday","name":"First day of Passover","type":"Observance"},{"month":"April","date":9,"day":"Thursday","name":"Maundy Thursday","type":"Observance,"},{"month":"April","date":10,"day":"Friday","name":"Good Friday","type":"Gazetted"},{"month":"April","date":12,"day":"Sunday","name":"Easter Day","type":"Restricted"},{"month":"April","date":13,"day":"Monday","name":"Vaisakhi","type":"Restricted"},{"month":"April","date":14,"day":"Tuesday","name":"Mesadi/Vaisakhadi","type":"Restricted"},{"month":"April","date":14,"day":"Tuesday","name":"Ambedkar Jayanti","type":"Central"},{"month":"May","date":1,"day":"Friday","name":"May Day","type":"Observance"},{"month":"May","date":7,"day":"Thursday","name":"Buddha Purnima/Vesak","type":"Gazetted"},{"month":"May","date":7,"day":"Thursday","name":"Birthday of Ravindranath","type":"Restricted"},{"month":"May","date":10,"day":"Sunday","name":"Mother's Day","type":"Observance"},{"month":"May","date":22,"day":"Friday","name":"Jamat Ul-Vida","type":"Restricted"},{"month":"May","date":25,"day":"Monday","name":"Ramzan Id/Eid-ul-Fitar","type":"Gazetted"},{"month":"May","date":25,"day":"Monday","name":"Ramzan Id/Eid-ul-Fitar","type":"Muslim,"},{"month":"June","date":21,"day":"Sunday","name":"June Solstice","type":"Season"},{"month":"June","date":21,"day":"Sunday","name":"Father's Day","type":"Observance"},{"month":"June","date":23,"day":"Tuesday","name":"Rath Yatra","type":"Restricted"},{"month":"July","date":5,"day":"Sunday","name":"Guru Purnima","type":"Observance"},{"month":"July","date":31,"day":"Friday","name":"Bakr Id/Eid ul-Adha","type":"Gazetted"},{"month":"August","date":2,"day":"Sunday","name":"Friendship Day","type":"Observance"},{"month":"August","date":3,"day":"Monday","name":"Raksha Bandhan (Rakhi)","type":"Restricted"},{"month":"August","date":11,"day":"Tuesday","name":"Janmashtami (Smarta)","type":"Restricted"},{"month":"August","date":12,"day":"Wednesday","name":"Janmashtami","type":"Gazetted"},{"month":"August","date":15,"day":"Saturday","name":"Independence Day","type":"Gazetted"},{"month":"August","date":16,"day":"Sunday","name":"Parsi New Year","type":"Restricted"},{"month":"August","date":22,"day":"Saturday","name":"Ganesh Chaturthi/Vin
08-06 05:29:59.576  5351  5363 I art     : Starting a blocking GC Explicit
08-06 05:29:59.656  5351  5363 I art     : Explicit concurrent mark sweep GC freed 11731(464KB) AllocSpace objects, 6(4MB) LOS objects, 7% free, 185MB/201MB, paused 2.189ms total 79.847ms
08-06 05:29:59.684  5351  5363 I art     : Starting a blocking GC Explicit
08-06 05:29:59.761  5351  5363 I art     : Explicit concurrent mark sweep GC freed 524(17KB) AllocSpace objects, 0(0B) LOS objects, 7% free, 185MB/201MB, paused 2.035ms total 76.557ms
08-06 05:29:59.788  5351  5363 I art     : Starting a blocking GC Explicit
08-06 05:29:59.865  5351  5363 I art     : Explicit concurrent mark sweep GC freed 157(2656B) AllocSpace objects, 0(0B) LOS objects, 7% free, 185MB/201MB, paused 2.229ms total 76.239ms
08-06 05:29:59.892  5351  5363 I art     : Starting a blocking GC Explicit
08-06 05:29:59.970  5351  5363 I art     : Explicit concurrent mark sweep GC freed 161(2736B) AllocSpace objects, 0(0B) LOS objects, 7% free, 185MB/201MB, paused 2.271ms total 77.686ms
08-06 05:29:59.998  5351  5363 I art     : Starting a blocking GC Explicit
08-06 05:30:00.071  5351  5363 I art     : Explicit concurrent mark sweep GC freed 147(2496B) AllocSpace objects, 0(0B) LOS objects, 7% free, 185MB/201MB, paused 2.158ms total 73.049ms
08-06 05:30:00.530  5351  5626 I art     : Starting a blocking GC Explicit
08-06 05:30:00.608  5351  5626 I art     : Explicit concurrent mark sweep GC freed 2366(105KB) AllocSpace objects, 2(48KB) LOS objects, 7% free, 185MB/201MB, paused 2.094ms total 77.684ms
08-06 05:30:00.636  5351  5626 I art     : Starting a blocking GC Explicit
08-06 05:30:00.712  5351  5626 I art     : Explicit concurrent mark sweep GC freed 192(4KB) AllocSpace objects, 0(0B) LOS objects, 7% free, 185MB/201MB, paused 2.032ms total 75.879ms
08-06 05:30:00.740  5351  5626 I art     : Starting a blocking GC Explicit
08-06 05:30:00.818  5351  5626 I art     : Explicit concurrent mark sweep GC freed 208(3KB) AllocSpace objects, 0(0B) LOS objects, 7% free, 185MB/201MB, paused 2.175ms total 77.516ms
08-06 05:30:00.847  5351  5626 I art     : Starting a blocking GC Explicit
08-06 05:30:00.923  5351  5626 I art     : Explicit concurrent mark sweep GC freed 147(2496B) AllocSpace objects, 0(0B) LOS objects, 7% free, 185MB/201MB, paused 2.070ms total 76.036ms
08-06 05:30:00.951  5351  5626 I art     : Starting a blocking GC Explicit
08-06 05:30:01.029  5351  5626 I art     : Explicit concurrent mark sweep GC freed 147(2496B) AllocSpace objects, 0(0B) LOS objects, 7% free, 185MB/201MB, paused 2.253ms total 78.085ms
08-06 05:30:01.190   518   646 I ThermalEngine: ACTION: GPU - Setting GPU[0] to 450000000
08-06 05:30:01.228   918  1209 D NetworkMonitor/NetworkAgentInfo [WIFI () - 159]: Checking http://connectivitycheck.gstatic.com/generate_204 on "H369AA63323", 192.168.2.12=192.168.2.12
08-06 05:30:01.278   918  1209 D NetworkMonitor/NetworkAgentInfo [WIFI () - 159]: Probably not a portal: exception java.io.IOException: unexpected end of stream on Connection{connectivitycheck.gstatic.com:80, proxy=HTTP@/192.168.2.12:8080 hostAddress=192.168.2.12 cipherSuite=none protocol=http/1.1} (recycle count=0)
08-06 05:30:01.279   918  3263 D ConnectivityService: NetworkAgentInfo [WIFI () - 159] validation failed
08-06 05:30:01.281   918  3261 E WifiConfigStore:  rewrite network history for "H369AA63323"WPA_PSK
08-06 05:30:01.463  5351  7261 I art     : Starting a blocking GC Explicit
08-06 05:30:01.554  5351  7261 I art     : Explicit concurrent mark sweep GC freed 2354(104KB) AllocSpace objects, 2(48KB) LOS objects, 7% free, 185MB/201MB, paused 1.485ms total 90.743ms
08-06 05:30:01.576  5351  7261 I art     : Starting a blocking GC Explicit
08-06 05:30:01.635  5351  7261 I art     : Explicit concurrent mark sweep GC freed 148(3024B) AllocSpace objects, 0(0B) LOS objects, 7% free, 185MB/201MB, paused 1.398ms total 59.011ms
08-06 05:30:01.655  5351  7261 I art     : Starting a blocking GC Explicit
08-06 05:30:01.719  5351  7261 I art     : Explicit concurrent mark sweep GC freed 123(2096B) AllocSpace objects, 0(0B) LOS objects, 7% free, 185MB/201MB, paused 1.457ms total 64.343ms
08-06 05:30:01.740  5351  7261 I art     : Starting a blocking GC Explicit
08-06 05:30:01.802  5351  7261 I art     : Explicit concurrent mark sweep GC freed 160(3KB) AllocSpace objects, 0(0B) LOS objects, 7% free, 185MB/201MB, paused 1.353ms total 62.562ms
08-06 05:30:01.823  5351  7261 I art     : Starting a blocking GC Explicit
08-06 05:30:01.890  5351  7261 I art     : Explicit concurrent mark sweep GC freed 124(2128B) AllocSpace objects, 0(0B) LOS objects, 7% free, 185MB/201MB, paused 1.591ms total 67.100ms
08-06 05:30:02.337  5351  5369 I art     : Starting a blocking GC Explicit
08-06 05:30:02.403  5351  5369 I art     : Explicit concurrent mark sweep GC freed 2341(104KB) AllocSpace objects, 2(48KB) LOS objects, 7% free, 185MB/201MB, paused 1.416ms total 65.735ms
08-06 05:30:02.423  5351  5369 I art     : Starting a blocking GC Explicit
08-06 05:30:02.482  5351  5369 I art     : Explicit concurrent mark sweep GC freed 136(3KB) AllocSpace objects, 0(0B) LOS objects, 7% free, 185MB/201MB, paused 1.431ms total 58.491ms
08-06 05:30:02.501  5351  5369 I art     : Starting a blocking GC Explicit
08-06 05:30:02.563  5351  5369 I art     : Explicit concurrent mark sweep GC freed 122(2080B) AllocSpace objects, 0(0B) LOS objects, 7% free, 185MB/201MB, paused 1.459ms total 61.738ms
08-06 05:30:02.583  5351  5369 I art     : Starting a blocking GC Explicit
08-06 05:30:02.648  5351  5369 I art     : Explicit concurrent mark sweep GC freed 123(2096B) AllocSpace objects, 0(0B) LOS objects, 7% free, 185MB/201MB, paused 1.550ms total 64.351ms
08-06 05:30:02.668  5351  5369 I art     : Starting a blocking GC Explicit
08-06 05:30:02.729  5351  5369 I art     : Explicit concurrent mark sweep GC freed 123(2096B) AllocSpace objects, 0(0B) LOS objects, 7% free, 185MB/201MB, paused 1.510ms total 60.348ms
08-06 05:30:02.937  8031  8031 D AndroidRuntime: >>>>>> START com.android.internal.os.RuntimeInit uid 2000 <<<<<<
08-06 05:30:02.943  8031  8031 D AndroidRuntime: CheckJNI is OFF
08-06 05:30:02.982  8031  8031 D ICU     : No timezone override file found: /data/misc/zoneinfo/current/icu/icu_tzdata.dat
08-06 05:30:03.023  8031  8031 I Radio-JNI: register_android_hardware_Radio DONE
08-06 05:30:03.052  8031  8031 D AndroidRuntime: Calling main entry com.android.commands.input.Input
08-06 05:30:03.054  8031  8031 I Input   : injectKeyEvent: KeyEvent { action=ACTION_DOWN, keyCode=KEYCODE_BACK, scanCode=0, metaState=0, flags=0x0, repeatCount=0, eventTime=855019467, downTime=855019467, deviceId=-1, source=0x101 }
08-06 05:30:03.059  8031  8031 I Input   : injectKeyEvent: KeyEvent { action=ACTION_UP, keyCode=KEYCODE_BACK, scanCode=0, metaState=0, flags=0x0, repeatCount=0, eventTime=855019467, downTime=855019467, deviceId=-1, source=0x101 }
08-06 05:30:03.065  8031  8031 D AndroidRuntime: Shutting down VM
08-06 05:30:03.081  5351  5351 V MainActivity: url = https://project-travel-mate.herokuapp.com/api/number-of-unread-notifications
08-06 05:30:03.106 13866 13866 I GoogleInputMethodServic: GoogleInputMethodService.onFinishInput():3138 
08-06 05:30:03.107 13866 13866 I GoogleInputMethodServic: GoogleInputMethodService.onStartInput():1808 
08-06 05:30:03.166  5351  5364 I art     : Starting a blocking GC Explicit
08-06 05:30:03.219  5351  5364 I art     : Explicit concurrent mark sweep GC freed 2736(124KB) AllocSpace objects, 2(48KB) LOS objects, 7% free, 185MB/201MB, paused 1.405ms total 52.962ms
08-06 05:30:03.238  5351  5364 I art     : Starting a blocking GC Explicit
08-06 05:30:03.290  5351  5364 I art     : Explicit concurrent mark sweep GC freed 199(6KB) AllocSpace objects, 0(0B) LOS objects, 7% free, 185MB/201MB, paused 1.237ms total 51.942ms
08-06 05:30:03.309  5351  5364 I art     : Starting a blocking GC Explicit
08-06 05:30:03.362  5351  5364 I art     : Explicit concurrent mark sweep GC freed 122(3008B) AllocSpace objects, 0(0B) LOS objects, 7% free, 185MB/201MB, paused 1.363ms total 52.671ms
08-06 05:30:03.381  5351  5364 I art     : Starting a blocking GC Explicit
08-06 05:30:03.434  5351  5364 I art     : Explicit concurrent mark sweep GC freed 125(2192B) AllocSpace objects, 0(0B) LOS objects, 7% free, 185MB/201MB, paused 1.329ms total 52.791ms
08-06 05:30:03.447   380   380 W SurfaceFlinger: couldn't log to binary event log: overflow.
08-06 05:30:03.454  5351  5364 I art     : Starting a blocking GC Explicit
08-06 05:30:03.507  5351  5364 I art     : Explicit concurrent mark sweep GC freed 52(1552B) AllocSpace objects, 2(364KB) LOS objects, 7% free, 185MB/201MB, paused 1.402ms total 53.504ms
08-06 05:30:03.730 32067 32067 I ServiceManager: Waiting for service AtCmdFwd...
08-06 05:30:03.883  5351  8054 I NAPPA_EXPERIMENTATION: MetricNetworkRequestExecutionTime: REQUEST_DURATION_SYSTEM='801',REQUEST_DURATION_OKHTTP='35',REQUEST_SYNCHRONOUS='FALSE',RESPONSE_CODE='200',RESPONSE_METHOD='GET',RESPONSE_LENGTH_OKHTTP='36',RESPONSE_LENGTH_HEADER='36',REQUEST_PROTOCOL='http/1.1',REQUEST_URL='https://project-travel-mate.herokuapp.com/api/number-of-unread-notifications',
08-06 05:30:03.897  5351  5626 I art     : Starting a blocking GC Explicit
08-06 05:30:03.961  5351  5626 I art     : Explicit concurrent mark sweep GC freed 10989(598KB) AllocSpace objects, 18(512KB) LOS objects, 7% free, 185MB/201MB, paused 1.548ms total 63.741ms
08-06 05:30:03.980  5351  5626 I art     : Starting a blocking GC Explicit
08-06 05:30:04.041  5351  5626 I art     : Explicit concurrent mark sweep GC freed 1045(120KB) AllocSpace objects, 0(0B) LOS objects, 7% free, 184MB/200MB, paused 1.524ms total 60.303ms
08-06 05:30:04.061  5351  5626 I art     : Starting a blocking GC Explicit
08-06 05:30:04.122  5351  5626 I art     : Explicit concurrent mark sweep GC freed 3(96B) AllocSpace objects, 0(0B) LOS objects, 7% free, 184MB/200MB, paused 1.435ms total 60.881ms
08-06 05:30:04.142  5351  5626 I art     : Starting a blocking GC Explicit
08-06 05:30:04.203  5351  5626 I art     : Explicit concurrent mark sweep GC freed 16(704B) AllocSpace objects, 0(0B) LOS objects, 7% free, 184MB/200MB, paused 1.428ms total 61.089ms
08-06 05:30:04.223  5351  5626 I art     : Starting a blocking GC Explicit
08-06 05:30:04.286  5351  5626 I art     : Explicit concurrent mark sweep GC freed 17(528B) AllocSpace objects, 0(0B) LOS objects, 7% free, 184MB/200MB, paused 1.810ms total 63.027ms
08-06 05:30:04.691  5351  5363 I art     : Starting a blocking GC Explicit
08-06 05:30:04.731 32067 32067 I ServiceManager: Waiting for service AtCmdFwd...
08-06 05:30:04.751  5351  5363 I art     : Explicit concurrent mark sweep GC freed 1624(93KB) AllocSpace objects, 2(48KB) LOS objects, 7% free, 185MB/201MB, paused 1.369ms total 60.108ms
08-06 05:30:04.774  5351  5363 I art     : Starting a blocking GC Explicit
08-06 05:30:04.827  5351  5363 I art     : Explicit concurrent mark sweep GC freed 33(1184B) AllocSpace objects, 0(0B) LOS objects, 7% free, 184MB/200MB, paused 1.343ms total 52.552ms
08-06 05:30:04.844  8066  8066 D AndroidRuntime: >>>>>> START com.android.internal.os.RuntimeInit uid 2000 <<<<<<
08-06 05:30:04.847  5351  5363 I art     : Starting a blocking GC Explicit
08-06 05:30:04.849  8066  8066 D AndroidRuntime: CheckJNI is OFF
08-06 05:30:04.889  8066  8066 D ICU     : No timezone override file found: /data/misc/zoneinfo/current/icu/icu_tzdata.dat
08-06 05:30:04.902  5351  5363 I art     : Explicit concurrent mark sweep GC freed 6(192B) AllocSpace objects, 0(0B) LOS objects, 7% free, 184MB/200MB, paused 1.410ms total 54.795ms
08-06 05:30:04.921  5351  5363 I art     : Starting a blocking GC Explicit
08-06 05:30:04.929  8066  8066 I Radio-JNI: register_android_hardware_Radio DONE
08-06 05:30:04.957  8066  8066 D AndroidRuntime: Calling main entry com.android.commands.input.Input
08-06 05:30:04.958  8066  8066 I Input   : injectMotionEvent: MotionEvent { action=ACTION_DOWN, actionButton=0, id[0]=0, x[0]=657.0, y[0]=2080.0, toolType[0]=TOOL_TYPE_UNKNOWN, buttonState=0, metaState=0, flags=0x0, edgeFlags=0x0, pointerCount=1, historySize=0, eventTime=855021371, downTime=855021371, deviceId=0, source=0x1002 }
08-06 05:30:04.974  5351  5363 I art     : Explicit concurrent mark sweep GC freed 4(128B) AllocSpace objects, 0(0B) LOS objects, 7% free, 184MB/200MB, paused 1.538ms total 52.800ms
08-06 05:30:04.983  8066  8066 I Input   : injectMotionEvent: MotionEvent { action=ACTION_UP, actionButton=0, id[0]=0, x[0]=657.0, y[0]=2080.0, toolType[0]=TOOL_TYPE_UNKNOWN, buttonState=0, metaState=0, flags=0x0, edgeFlags=0x0, pointerCount=1, historySize=0, eventTime=855021371, downTime=855021371, deviceId=0, source=0x1002 }
08-06 05:30:04.993  5351  5363 I art     : Starting a blocking GC Explicit
08-06 05:30:05.023  8066  8066 D AndroidRuntime: Shutting down VM
08-06 05:30:05.023   918   929 I ActivityManager: START u0 {cmp=baseline.io.github.project_travel_mate/.utilities.UpcomingWeekendsActivity} from uid 10696 on display 0
08-06 05:30:05.026   512  2967 D audio_hw_primary: out_set_parameters: enter: usecase(1: low-latency-playback) kvpairs: routing=2
08-06 05:30:05.039   512  2967 D audio_hw_primary: select_devices: out_snd_device(2: speaker) in_snd_device(0: none)
08-06 05:30:05.039   512  2967 D msm8974_platform: platform_send_audio_calibration: sending audio calibration for snd_device(2) acdb_id(15)
08-06 05:30:05.039   512  2967 I soundtrigger: audio_extn_sound_trigger_update_device_status: device 0x2 of type 0 for Event 1
08-06 05:30:05.049  5351  5363 I art     : Explicit concurrent mark sweep GC freed 89(5KB) AllocSpace objects, 0(0B) LOS objects, 7% free, 185MB/201MB, paused 1.738ms total 54.862ms
08-06 05:30:05.049   512  2967 D audio_hw_primary: enable_snd_device: snd_device(2: speaker)
08-06 05:30:05.052   512  2967 D audio_hw_primary: enable_audio_route: apply and update mixer path: low-latency-playback speaker
08-06 05:30:05.058  5351  5415 D Gabe    : call	returning from cache
08-06 05:30:05.061  5351  5351 V EXECUTING: https://project-travel-mate.herokuapp.com/api/get-upcoming-holidays/2020
08-06 05:30:05.067  5351  5351 V EXECUTING: https://project-travel-mate.herokuapp.com/api/get-upcoming-holidays/2020
08-06 05:30:05.162 13866 13866 I GoogleInputMethodServic: GoogleInputMethodService.onFinishInput():3138 
08-06 05:30:05.163 13866 13866 I GoogleInputMethodServic: GoogleInputMethodService.onStartInput():1808 
08-06 05:30:05.259   918   936 I ActivityManager: Displayed baseline.io.github.project_travel_mate/.utilities.UpcomingWeekendsActivity: +227ms
08-06 05:30:05.430  5351  7261 I art     : Starting a blocking GC Explicit
08-06 05:30:05.512  5351  7261 I art     : Explicit concurrent mark sweep GC freed 3570(191KB) AllocSpace objects, 2(48KB) LOS objects, 7% free, 189MB/205MB, paused 1.787ms total 80.811ms
08-06 05:30:05.517   380   380 W SurfaceFlinger: couldn't log to binary event log: overflow.
08-06 05:30:05.536  5351  7261 I art     : Starting a blocking GC Explicit
08-06 05:30:05.588   512  2967 D audio_hw_primary: disable_audio_route: reset and update mixer path: low-latency-playback speaker
08-06 05:30:05.589   512  2967 D audio_hw_primary: disable_snd_device: snd_device(2: speaker)
08-06 05:30:05.590  5351  7261 I art     : Explicit concurrent mark sweep GC freed 372(13KB) AllocSpace objects, 0(0B) LOS objects, 7% free, 189MB/205MB, paused 1.509ms total 53.935ms
08-06 05:30:05.597   512  2967 I soundtrigger: audio_extn_sound_trigger_update_device_status: device 0x2 of type 0 for Event 0
08-06 05:30:05.610  5351  7261 I art     : Starting a blocking GC Explicit
08-06 05:30:05.667  5351  7261 I art     : Explicit concurrent mark sweep GC freed 137(2304B) AllocSpace objects, 0(0B) LOS objects, 7% free, 189MB/205MB, paused 1.455ms total 56.719ms
08-06 05:30:05.686  5351  7261 I art     : Starting a blocking GC Explicit
08-06 05:30:05.731 32067 32067 I ServiceManager: Waiting for service AtCmdFwd...
08-06 05:30:05.741  5351  7261 I art     : Explicit concurrent mark sweep GC freed 41(912B) AllocSpace objects, 0(0B) LOS objects, 7% free, 189MB/205MB, paused 1.780ms total 54.515ms
08-06 05:30:05.760  5351  7261 I art     : Starting a blocking GC Explicit
08-06 05:30:05.814  5351  7261 I art     : Explicit concurrent mark sweep GC freed 189(4KB) AllocSpace objects, 0(0B) LOS objects, 7% free, 189MB/205MB, paused 1.717ms total 54.305ms
08-06 05:30:05.940  5351  8091 I NAPPA_EXPERIMENTATION: MetricNetworkRequestExecutionTime: REQUEST_DURATION_SYSTEM='872',REQUEST_DURATION_OKHTTP='47',REQUEST_SYNCHRONOUS='FALSE',RESPONSE_CODE='200',RESPONSE_METHOD='GET',RESPONSE_LENGTH_OKHTTP='6426',RESPONSE_LENGTH_HEADER='6426',REQUEST_PROTOCOL='http/1.1',REQUEST_URL='https://project-travel-mate.herokuapp.com/api/get-upcoming-holidays/2020',
08-06 05:30:05.951  5351  8090 I NAPPA_EXPERIMENTATION: MetricNetworkRequestExecutionTime: REQUEST_DURATION_SYSTEM='890',REQUEST_DURATION_OKHTTP='53',REQUEST_SYNCHRONOUS='FALSE',RESPONSE_CODE='200',RESPONSE_METHOD='GET',RESPONSE_LENGTH_OKHTTP='6426',RESPONSE_LENGTH_HEADER='6426',REQUEST_PROTOCOL='http/1.1',REQUEST_URL='https://project-travel-mate.herokuapp.com/api/get-upcoming-holidays/2020',
08-06 05:30:06.081  5351  5351 V Response: [{"month":"January","date":1,"day":"Wednesday","name":"New Year's Day","type":"Restricted"},{"month":"January","date":2,"day":"Thursday","name":"Guru Govind Singh Jayanti","type":"Restricted"},{"month":"January","date":14,"day":"Tuesday","name":"Lohri","type":"Restricted"},{"month":"January","date":15,"day":"Wednesday","name":"Pongal","type":"Restricted"},{"month":"January","date":15,"day":"Wednesday","name":"Makar Sankranti","type":"Restricted"},{"month":"January","date":25,"day":"Saturday","name":"Chinese New Year","type":"Observance"},{"month":"January","date":26,"day":"Sunday","name":"Republic Day","type":"Gazetted"},{"month":"January","date":30,"day":"Thursday","name":"Vasant Panchami","type":"Restricted"},{"month":"February","date":9,"day":"Sunday","name":"Guru Ravidas Jayanti","type":"Restricted"},{"month":"February","date":14,"day":"Friday","name":"Valentine's Day","type":"Observance"},{"month":"February","date":18,"day":"Tuesday","name":"Maharishi Dayanand Saraswati Jayanti","type":"Restricted"},{"month":"February","date":19,"day":"Wednesday","name":"Shivaji Jayanti","type":"Restricted"},{"month":"February","date":21,"day":"Friday","name":"Maha Shivaratri/Shivaratri","type":"Gazetted"},{"month":"March","date":9,"day":"Monday","name":"Holika Dahana","type":"Restricted"},{"month":"March","date":9,"day":"Monday","name":"Hazarat Ali's Birthday","type":"Restricted"},{"month":"March","date":10,"day":"Tuesday","name":"Holi","type":"Gazetted"},{"month":"March","date":20,"day":"Friday","name":"March Equinox","type":"Season"},{"month":"March","date":25,"day":"Wednesday","name":"Chaitra Sukhladi","type":"Restricted"},{"month":"April","date":2,"day":"Thursday","name":"Rama Navami","type":"Gazetted"},{"month":"April","date":6,"day":"Monday","name":"Mahavir Jayanti","type":"Gazetted"},{"month":"April","date":9,"day":"Thursday","name":"First day of Passover","type":"Observance"},{"month":"April","date":9,"day":"Thursday","name":"Maundy Thursday","type":"Observance,"},{"month":"April","date":10,"day":"Friday","name":"Good Friday","type":"Gazetted"},{"month":"April","date":12,"day":"Sunday","name":"Easter Day","type":"Restricted"},{"month":"April","date":13,"day":"Monday","name":"Vaisakhi","type":"Restricted"},{"month":"April","date":14,"day":"Tuesday","name":"Mesadi/Vaisakhadi","type":"Restricted"},{"month":"April","date":14,"day":"Tuesday","name":"Ambedkar Jayanti","type":"Central"},{"month":"May","date":1,"day":"Friday","name":"May Day","type":"Observance"},{"month":"May","date":7,"day":"Thursday","name":"Buddha Purnima/Vesak","type":"Gazetted"},{"month":"May","date":7,"day":"Thursday","name":"Birthday of Ravindranath","type":"Restricted"},{"month":"May","date":10,"day":"Sunday","name":"Mother's Day","type":"Observance"},{"month":"May","date":22,"day":"Friday","name":"Jamat Ul-Vida","type":"Restricted"},{"month":"May","date":25,"day":"Monday","name":"Ramzan Id/Eid-ul-Fitar","type":"Gazetted"},{"month":"May","date":25,"day":"Monday","name":"Ramzan Id/Eid-ul-Fitar","type":"Muslim,"},{"month":"June","date":21,"day":"Sunday","name":"June Solstice","type":"Season"},{"month":"June","date":21,"day":"Sunday","name":"Father's Day","type":"Observance"},{"month":"June","date":23,"day":"Tuesday","name":"Rath Yatra","type":"Restricted"},{"month":"July","date":5,"day":"Sunday","name":"Guru Purnima","type":"Observance"},{"month":"July","date":31,"day":"Friday","name":"Bakr Id/Eid ul-Adha","type":"Gazetted"},{"month":"August","date":2,"day":"Sunday","name":"Friendship Day","type":"Observance"},{"month":"August","date":3,"day":"Monday","name":"Raksha Bandhan (Rakhi)","type":"Restricted"},{"month":"August","date":11,"day":"Tuesday","name":"Janmashtami (Smarta)","type":"Restricted"},{"month":"August","date":12,"day":"Wednesday","name":"Janmashtami","type":"Gazetted"},{"month":"August","date":15,"day":"Saturday","name":"Independence Day","type":"Gazetted"},{"month":"August","date":16,"day":"Sunday","name":"Parsi New Year","type":"Restricted"},{"month":"August","date":22,"day":"Saturday","name":"Ganesh Chaturthi/Vin
08-06 05:30:06.085  5351  5351 V Response: [{"month":"January","date":1,"day":"Wednesday","name":"New Year's Day","type":"Restricted"},{"month":"January","date":2,"day":"Thursday","name":"Guru Govind Singh Jayanti","type":"Restricted"},{"month":"January","date":14,"day":"Tuesday","name":"Lohri","type":"Restricted"},{"month":"January","date":15,"day":"Wednesday","name":"Pongal","type":"Restricted"},{"month":"January","date":15,"day":"Wednesday","name":"Makar Sankranti","type":"Restricted"},{"month":"January","date":25,"day":"Saturday","name":"Chinese New Year","type":"Observance"},{"month":"January","date":26,"day":"Sunday","name":"Republic Day","type":"Gazetted"},{"month":"January","date":30,"day":"Thursday","name":"Vasant Panchami","type":"Restricted"},{"month":"February","date":9,"day":"Sunday","name":"Guru Ravidas Jayanti","type":"Restricted"},{"month":"February","date":14,"day":"Friday","name":"Valentine's Day","type":"Observance"},{"month":"February","date":18,"day":"Tuesday","name":"Maharishi Dayanand Saraswati Jayanti","type":"Restricted"},{"month":"February","date":19,"day":"Wednesday","name":"Shivaji Jayanti","type":"Restricted"},{"month":"February","date":21,"day":"Friday","name":"Maha Shivaratri/Shivaratri","type":"Gazetted"},{"month":"March","date":9,"day":"Monday","name":"Holika Dahana","type":"Restricted"},{"month":"March","date":9,"day":"Monday","name":"Hazarat Ali's Birthday","type":"Restricted"},{"month":"March","date":10,"day":"Tuesday","name":"Holi","type":"Gazetted"},{"month":"March","date":20,"day":"Friday","name":"March Equinox","type":"Season"},{"month":"March","date":25,"day":"Wednesday","name":"Chaitra Sukhladi","type":"Restricted"},{"month":"April","date":2,"day":"Thursday","name":"Rama Navami","type":"Gazetted"},{"month":"April","date":6,"day":"Monday","name":"Mahavir Jayanti","type":"Gazetted"},{"month":"April","date":9,"day":"Thursday","name":"First day of Passover","type":"Observance"},{"month":"April","date":9,"day":"Thursday","name":"Maundy Thursday","type":"Observance,"},{"month":"April","date":10,"day":"Friday","name":"Good Friday","type":"Gazetted"},{"month":"April","date":12,"day":"Sunday","name":"Easter Day","type":"Restricted"},{"month":"April","date":13,"day":"Monday","name":"Vaisakhi","type":"Restricted"},{"month":"April","date":14,"day":"Tuesday","name":"Mesadi/Vaisakhadi","type":"Restricted"},{"month":"April","date":14,"day":"Tuesday","name":"Ambedkar Jayanti","type":"Central"},{"month":"May","date":1,"day":"Friday","name":"May Day","type":"Observance"},{"month":"May","date":7,"day":"Thursday","name":"Buddha Purnima/Vesak","type":"Gazetted"},{"month":"May","date":7,"day":"Thursday","name":"Birthday of Ravindranath","type":"Restricted"},{"month":"May","date":10,"day":"Sunday","name":"Mother's Day","type":"Observance"},{"month":"May","date":22,"day":"Friday","name":"Jamat Ul-Vida","type":"Restricted"},{"month":"May","date":25,"day":"Monday","name":"Ramzan Id/Eid-ul-Fitar","type":"Gazetted"},{"month":"May","date":25,"day":"Monday","name":"Ramzan Id/Eid-ul-Fitar","type":"Muslim,"},{"month":"June","date":21,"day":"Sunday","name":"June Solstice","type":"Season"},{"month":"June","date":21,"day":"Sunday","name":"Father's Day","type":"Observance"},{"month":"June","date":23,"day":"Tuesday","name":"Rath Yatra","type":"Restricted"},{"month":"July","date":5,"day":"Sunday","name":"Guru Purnima","type":"Observance"},{"month":"July","date":31,"day":"Friday","name":"Bakr Id/Eid ul-Adha","type":"Gazetted"},{"month":"August","date":2,"day":"Sunday","name":"Friendship Day","type":"Observance"},{"month":"August","date":3,"day":"Monday","name":"Raksha Bandhan (Rakhi)","type":"Restricted"},{"month":"August","date":11,"day":"Tuesday","name":"Janmashtami (Smarta)","type":"Restricted"},{"month":"August","date":12,"day":"Wednesday","name":"Janmashtami","type":"Gazetted"},{"month":"August","date":15,"day":"Saturday","name":"Independence Day","type":"Gazetted"},{"month":"August","date":16,"day":"Sunday","name":"Parsi New Year","type":"Restricted"},{"month":"August","date":22,"day":"Saturday","name":"Ganesh Chaturthi/Vin
08-06 05:30:06.196  5351  5363 I art     : Starting a blocking GC Explicit
08-06 05:30:06.265  5351  5363 I art     : Explicit concurrent mark sweep GC freed 16732(722KB) AllocSpace objects, 12(4MB) LOS objects, 7% free, 186MB/202MB, paused 1.458ms total 68.254ms
08-06 05:30:06.285  5351  5363 I art     : Starting a blocking GC Explicit
08-06 05:30:06.348  5351  5363 I art     : Explicit concurrent mark sweep GC freed 2296(246KB) AllocSpace objects, 0(0B) LOS objects, 7% free, 186MB/202MB, paused 1.444ms total 63.102ms
08-06 05:30:06.368  5351  5363 I art     : Starting a blocking GC Explicit
08-06 05:30:06.432  5351  5363 I art     : Explicit concurrent mark sweep GC freed 123(2096B) AllocSpace objects, 0(0B) LOS objects, 7% free, 186MB/202MB, paused 1.493ms total 64.041ms
08-06 05:30:06.453  5351  5363 I art     : Starting a blocking GC Explicit
08-06 05:30:06.518  5351  5363 I art     : Explicit concurrent mark sweep GC freed 123(2096B) AllocSpace objects, 0(0B) LOS objects, 7% free, 186MB/202MB, paused 1.460ms total 64.764ms
08-06 05:30:06.538  5351  5363 I art     : Starting a blocking GC Explicit
08-06 05:30:06.603  5351  5363 I art     : Explicit concurrent mark sweep GC freed 137(2320B) AllocSpace objects, 0(0B) LOS objects, 7% free, 186MB/202MB, paused 1.697ms total 64.488ms
08-06 05:30:06.603  5351  5362 I art     : WaitForGcToComplete blocked for 48.479ms for cause HeapTrim
08-06 05:30:06.732 32067 32067 I ServiceManager: Waiting for service AtCmdFwd...
08-06 05:30:07.009  5351  5626 I art     : Starting a blocking GC Explicit
08-06 05:30:07.079  5351  5626 I art     : Explicit concurrent mark sweep GC freed 2305(104KB) AllocSpace objects, 2(48KB) LOS objects, 7% free, 186MB/202MB, paused 1.634ms total 69.924ms
08-06 05:30:07.100  5351  5626 I art     : Starting a blocking GC Explicit
08-06 05:30:07.172  5351  5626 I art     : Explicit concurrent mark sweep GC freed 172(3KB) AllocSpace objects, 0(0B) LOS objects, 7% free, 186MB/202MB, paused 1.591ms total 71.537ms
08-06 05:30:07.195  5351  5626 I art     : Starting a blocking GC Explicit
08-06 05:30:07.261  5351  5626 I art     : Explicit concurrent mark sweep GC freed 123(2096B) AllocSpace objects, 0(0B) LOS objects, 7% free, 186MB/202MB, paused 1.524ms total 66.158ms
08-06 05:30:07.282  5351  5626 I art     : Starting a blocking GC Explicit
08-06 05:30:07.348  5351  5626 I art     : Explicit concurrent mark sweep GC freed 123(2096B) AllocSpace objects, 0(0B) LOS objects, 7% free, 186MB/202MB, paused 1.548ms total 66.103ms
08-06 05:30:07.368  5351  5626 I art     : Starting a blocking GC Explicit
08-06 05:30:07.438  5351  5626 I art     : Explicit concurrent mark sweep GC freed 147(2496B) AllocSpace objects, 0(0B) LOS objects, 7% free, 186MB/202MB, paused 1.768ms total 69.417ms
08-06 05:30:07.732 32067 32067 I ServiceManager: Waiting for service AtCmdFwd...
08-06 05:30:07.865  5351  5369 I art     : Starting a blocking GC Explicit
08-06 05:30:07.938  5351  5369 I art     : Explicit concurrent mark sweep GC freed 2319(104KB) AllocSpace objects, 2(48KB) LOS objects, 7% free, 186MB/202MB, paused 1.412ms total 72.283ms
08-06 05:30:07.959  5351  5369 I art     : Starting a blocking GC Explicit
08-06 05:30:08.026  5351  5369 I art     : Explicit concurrent mark sweep GC freed 171(3KB) AllocSpace objects, 0(0B) LOS objects, 7% free, 186MB/202MB, paused 1.520ms total 66.356ms
08-06 05:30:08.047  5351  5369 I art     : Starting a blocking GC Explicit
08-06 05:30:08.111  5351  5369 I art     : Explicit concurrent mark sweep GC freed 135(2752B) AllocSpace objects, 0(0B) LOS objects, 7% free, 186MB/202MB, paused 1.541ms total 64ms
08-06 05:30:08.131  5351  5369 I art     : Starting a blocking GC Explicit
08-06 05:30:08.199  5351  5369 I art     : Explicit concurrent mark sweep GC freed 134(2672B) AllocSpace objects, 0(0B) LOS objects, 7% free, 186MB/202MB, paused 1.533ms total 67.509ms
08-06 05:30:08.220  5351  5369 I art     : Starting a blocking GC Explicit
08-06 05:30:08.289  5351  5369 I art     : Explicit concurrent mark sweep GC freed 132(2240B) AllocSpace objects, 0(0B) LOS objects, 7% free, 186MB/202MB, paused 1.735ms total 68.991ms
08-06 05:30:08.719  5351  7261 I art     : Starting a blocking GC Explicit
08-06 05:30:08.733 32067 32067 W Atfwd_Sendcmd: AtCmdFwd service not published, waiting... retryCnt : 3
08-06 05:30:08.793  5351  7261 I art     : Explicit concurrent mark sweep GC freed 2342(104KB) AllocSpace objects, 2(48KB) LOS objects, 7% free, 186MB/202MB, paused 1.730ms total 72.877ms
08-06 05:30:08.816  5351  7261 I art     : Starting a blocking GC Explicit
08-06 05:30:08.881  5351  7261 I art     : Explicit concurrent mark sweep GC freed 165(3KB) AllocSpace objects, 0(0B) LOS objects, 7% free, 186MB/202MB, paused 1.558ms total 64.830ms
08-06 05:30:08.901  5351  7261 I art     : Starting a blocking GC Explicit
08-06 05:30:08.967  5351  7261 I art     : Explicit concurrent mark sweep GC freed 123(2096B) AllocSpace objects, 0(0B) LOS objects, 7% free, 186MB/202MB, paused 1.373ms total 65.809ms
08-06 05:30:08.987  5351  7261 I art     : Starting a blocking GC Explicit
08-06 05:30:09.057  5351  7261 I art     : Explicit concurrent mark sweep GC freed 141(2368B) AllocSpace objects, 0(0B) LOS objects, 7% free, 186MB/202MB, paused 1.625ms total 69.485ms
08-06 05:30:09.077  5351  7261 I art     : Starting a blocking GC Explicit
08-06 05:30:09.147  5351  7261 I art     : Explicit concurrent mark sweep GC freed 129(2224B) AllocSpace objects, 0(0B) LOS objects, 7% free, 186MB/202MB, paused 1.590ms total 69.743ms
08-06 05:30:09.550  5351  5364 I art     : Starting a blocking GC Explicit
08-06 05:30:09.616  5351  5364 I art     : Explicit concurrent mark sweep GC freed 2270(103KB) AllocSpace objects, 2(48KB) LOS objects, 7% free, 186MB/202MB, paused 1.548ms total 65.489ms
08-06 05:30:09.636  5351  5364 I art     : Starting a blocking GC Explicit
08-06 05:30:09.702  5351  5364 I art     : Explicit concurrent mark sweep GC freed 157(3KB) AllocSpace objects, 0(0B) LOS objects, 7% free, 186MB/202MB, paused 1.458ms total 66.205ms
08-06 05:30:09.723  5351  5364 I art     : Starting a blocking GC Explicit
08-06 05:30:09.788  5351  5364 I art     : Explicit concurrent mark sweep GC freed 161(3KB) AllocSpace objects, 0(0B) LOS objects, 7% free, 186MB/202MB, paused 1.709ms total 65.391ms
08-06 05:30:09.810  5351  5364 I art     : Starting a blocking GC Explicit
08-06 05:30:09.846  8145  8145 D AndroidRuntime: >>>>>> START com.android.internal.os.RuntimeInit uid 2000 <<<<<<
08-06 05:30:09.852  8145  8145 D AndroidRuntime: CheckJNI is OFF
08-06 05:30:09.874  5351  5364 I art     : Explicit concurrent mark sweep GC freed 131(2224B) AllocSpace objects, 0(0B) LOS objects, 7% free, 186MB/202MB, paused 1.684ms total 63.839ms
08-06 05:30:09.894  5351  5364 I art     : Starting a blocking GC Explicit
08-06 05:30:09.901  8145  8145 D ICU     : No timezone override file found: /data/misc/zoneinfo/current/icu/icu_tzdata.dat
08-06 05:30:09.946  8145  8145 I Radio-JNI: register_android_hardware_Radio DONE
08-06 05:30:09.958  5351  5364 I art     : Explicit concurrent mark sweep GC freed 131(2224B) AllocSpace objects, 0(0B) LOS objects, 7% free, 186MB/202MB, paused 1.789ms total 64.043ms
08-06 05:30:09.976  8145  8145 D AndroidRuntime: Calling main entry com.android.commands.input.Input
08-06 05:30:09.978  8145  8145 I Input   : injectKeyEvent: KeyEvent { action=ACTION_DOWN, keyCode=KEYCODE_BACK, scanCode=0, metaState=0, flags=0x0, repeatCount=0, eventTime=855026391, downTime=855026391, deviceId=-1, source=0x101 }
08-06 05:30:09.986  8145  8145 I Input   : injectKeyEvent: KeyEvent { action=ACTION_UP, keyCode=KEYCODE_BACK, scanCode=0, metaState=0, flags=0x0, repeatCount=0, eventTime=855026391, downTime=855026391, deviceId=-1, source=0x101 }
08-06 05:30:09.992  8145  8145 D AndroidRuntime: Shutting down VM
08-06 05:30:10.004  5351  5351 V MainActivity: url = https://project-travel-mate.herokuapp.com/api/number-of-unread-notifications
08-06 05:30:10.035 13866 13866 I GoogleInputMethodServic: GoogleInputMethodService.onFinishInput():3138 
08-06 05:30:10.036 13866 13866 I GoogleInputMethodServic: GoogleInputMethodService.onStartInput():1808 
08-06 05:30:10.341  5351  5364 I art     : Starting a blocking GC Explicit
08-06 05:30:10.370   380   380 W SurfaceFlinger: couldn't log to binary event log: overflow.
08-06 05:30:10.404  5351  5364 I art     : Explicit concurrent mark sweep GC freed 2655(125KB) AllocSpace objects, 2(48KB) LOS objects, 7% free, 186MB/202MB, paused 1.422ms total 62.381ms
08-06 05:30:10.422  5351  5364 I art     : Starting a blocking GC Explicit
08-06 05:30:10.483  5351  5364 I art     : Explicit concurrent mark sweep GC freed 118(4KB) AllocSpace objects, 2(364KB) LOS objects, 7% free, 185MB/201MB, paused 1.533ms total 60.480ms
08-06 05:30:10.503  5351  5364 I art     : Starting a blocking GC Explicit
08-06 05:30:10.560  5351  5364 I art     : Explicit concurrent mark sweep GC freed 944(45KB) AllocSpace objects, 0(0B) LOS objects, 7% free, 185MB/201MB, paused 1.382ms total 55.980ms
08-06 05:30:10.579  5351  5364 I art     : Starting a blocking GC Explicit
08-06 05:30:10.640  5351  5364 I art     : Explicit concurrent mark sweep GC freed 5710(315KB) AllocSpace objects, 13(264KB) LOS objects, 7% free, 185MB/201MB, paused 1.630ms total 60.155ms
08-06 05:30:10.660  5351  5364 I art     : Starting a blocking GC Explicit
08-06 05:30:10.722  5351  5364 I art     : Explicit concurrent mark sweep GC freed 3(96B) AllocSpace objects, 0(0B) LOS objects, 7% free, 185MB/201MB, paused 1.504ms total 61.790ms
08-06 05:30:10.845  5351  8168 I NAPPA_EXPERIMENTATION: MetricNetworkRequestExecutionTime: REQUEST_DURATION_SYSTEM='840',REQUEST_DURATION_OKHTTP='31',REQUEST_SYNCHRONOUS='FALSE',RESPONSE_CODE='200',RESPONSE_METHOD='GET',RESPONSE_LENGTH_OKHTTP='36',RESPONSE_LENGTH_HEADER='36',REQUEST_PROTOCOL='http/1.1',REQUEST_URL='https://project-travel-mate.herokuapp.com/api/number-of-unread-notifications',
08-06 05:30:11.133  5351  5626 I art     : Starting a blocking GC Explicit
08-06 05:30:11.217  5351  5626 I art     : Explicit concurrent mark sweep GC freed 4436(241KB) AllocSpace objects, 5(248KB) LOS objects, 7% free, 185MB/201MB, paused 1.627ms total 84.071ms
08-06 05:30:11.239  5351  5626 I art     : Starting a blocking GC Explicit
08-06 05:30:11.294  5351  5626 I art     : Explicit concurrent mark sweep GC freed 972(117KB) AllocSpace objects, 0(0B) LOS objects, 7% free, 185MB/201MB, paused 1.552ms total 54.747ms
08-06 05:30:11.314  5351  5626 I art     : Starting a blocking GC Explicit
08-06 05:30:11.373  5351  5626 I art     : Explicit concurrent mark sweep GC freed 3(96B) AllocSpace objects, 0(0B) LOS objects, 7% free, 185MB/201MB, paused 1.495ms total 59.096ms
08-06 05:30:11.393  5351  5626 I art     : Starting a blocking GC Explicit
08-06 05:30:11.453  5351  5626 I art     : Explicit concurrent mark sweep GC freed 3(96B) AllocSpace objects, 0(0B) LOS objects, 7% free, 185MB/201MB, paused 1.448ms total 60.681ms
08-06 05:30:11.473  5351  5626 I art     : Starting a blocking GC Explicit
08-06 05:30:11.534  5351  5626 I art     : Explicit concurrent mark sweep GC freed 3(96B) AllocSpace objects, 0(0B) LOS objects, 7% free, 185MB/201MB, paused 1.435ms total 60.342ms
08-06 05:30:11.771  8190  8190 D AndroidRuntime: >>>>>> START com.android.internal.os.RuntimeInit uid 2000 <<<<<<
08-06 05:30:11.777  8190  8190 D AndroidRuntime: CheckJNI is OFF
08-06 05:30:11.815  8190  8190 D ICU     : No timezone override file found: /data/misc/zoneinfo/current/icu/icu_tzdata.dat
08-06 05:30:11.857  8190  8190 I Radio-JNI: register_android_hardware_Radio DONE
08-06 05:30:11.884  8190  8190 D AndroidRuntime: Calling main entry com.android.commands.input.Input
08-06 05:30:11.886  8190  8190 I Input   : injectMotionEvent: MotionEvent { action=ACTION_DOWN, actionButton=0, id[0]=0, x[0]=117.0, y[0]=170.0, toolType[0]=TOOL_TYPE_UNKNOWN, buttonState=0, metaState=0, flags=0x0, edgeFlags=0x0, pointerCount=1, historySize=0, eventTime=855028299, downTime=855028299, deviceId=0, source=0x1002 }
08-06 05:30:11.918  8190  8190 I Input   : injectMotionEvent: MotionEvent { action=ACTION_UP, actionButton=0, id[0]=0, x[0]=117.0, y[0]=170.0, toolType[0]=TOOL_TYPE_UNKNOWN, buttonState=0, metaState=0, flags=0x0, edgeFlags=0x0, pointerCount=1, historySize=0, eventTime=855028299, downTime=855028299, deviceId=0, source=0x1002 }
08-06 05:30:11.944  5351  7261 I art     : Starting a blocking GC Explicit
08-06 05:30:11.959  8190  8190 D AndroidRuntime: Shutting down VM
08-06 05:30:11.977   512  2967 D audio_hw_primary: out_set_parameters: enter: usecase(1: low-latency-playback) kvpairs: routing=2
08-06 05:30:11.990   512  2967 D audio_hw_primary: select_devices: out_snd_device(2: speaker) in_snd_device(0: none)
08-06 05:30:11.990   512  2967 D msm8974_platform: platform_send_audio_calibration: sending audio calibration for snd_device(2) acdb_id(15)
08-06 05:30:11.990   512  2967 I soundtrigger: audio_extn_sound_trigger_update_device_status: device 0x2 of type 0 for Event 1
08-06 05:30:12.000   512  2967 D audio_hw_primary: enable_snd_device: snd_device(2: speaker)
08-06 05:30:12.002   512  2967 D audio_hw_primary: enable_audio_route: apply and update mixer path: low-latency-playback speaker
08-06 05:30:12.002  5351  7261 I art     : Explicit concurrent mark sweep GC freed 1659(94KB) AllocSpace objects, 2(48KB) LOS objects, 7% free, 185MB/201MB, paused 1.415ms total 57.608ms
08-06 05:30:12.021  5351  7261 I art     : Starting a blocking GC Explicit
08-06 05:30:12.079  5351  7261 I art     : Explicit concurrent mark sweep GC freed 325(17KB) AllocSpace objects, 0(0B) LOS objects, 7% free, 185MB/201MB, paused 1.690ms total 57.049ms
08-06 05:30:12.098  5351  7261 I art     : Starting a blocking GC Explicit
08-06 05:30:12.156  5351  7261 I art     : Explicit concurrent mark sweep GC freed 115(4KB) AllocSpace objects, 0(0B) LOS objects, 7% free, 185MB/201MB, paused 1.662ms total 57.331ms
08-06 05:30:12.156  5351  5362 I art     : WaitForGcToComplete blocked for 57.582ms for cause HeapTrim
08-06 05:30:12.175  5351  7261 I art     : Starting a blocking GC Explicit
08-06 05:30:12.231  5351  7261 I art     : Explicit concurrent mark sweep GC freed 3(96B) AllocSpace objects, 0(0B) LOS objects, 7% free, 185MB/201MB, paused 1.484ms total 55.634ms
08-06 05:30:12.250  5351  7261 I art     : Starting a blocking GC Explicit
08-06 05:30:12.304  5351  7261 I art     : Explicit concurrent mark sweep GC freed 14(720B) AllocSpace objects, 0(0B) LOS objects, 7% free, 185MB/201MB, paused 1.417ms total 53.346ms
08-06 05:30:12.538   512  2967 D audio_hw_primary: disable_audio_route: reset and update mixer path: low-latency-playback speaker
08-06 05:30:12.539   512  2967 D audio_hw_primary: disable_snd_device: snd_device(2: speaker)
08-06 05:30:12.547   512  2967 I soundtrigger: audio_extn_sound_trigger_update_device_status: device 0x2 of type 0 for Event 0
08-06 05:30:12.688  5351  5364 I art     : Starting a blocking GC Explicit
08-06 05:30:12.702  8213  8213 D AndroidRuntime: >>>>>> START com.android.internal.os.RuntimeInit uid 2000 <<<<<<
08-06 05:30:12.708  8213  8213 D AndroidRuntime: CheckJNI is OFF
08-06 05:30:12.749  5351  5364 I art     : Explicit concurrent mark sweep GC freed 1638(93KB) AllocSpace objects, 2(48KB) LOS objects, 7% free, 185MB/201MB, paused 1.572ms total 60.395ms
08-06 05:30:12.752  8213  8213 D ICU     : No timezone override file found: /data/misc/zoneinfo/current/icu/icu_tzdata.dat
08-06 05:30:12.768  5351  5364 I art     : Starting a blocking GC Explicit
08-06 05:30:12.795  8213  8213 I Radio-JNI: register_android_hardware_Radio DONE
08-06 05:30:12.823  8213  8213 D AndroidRuntime: Calling main entry com.android.commands.input.Input
08-06 05:30:12.824  5351  5364 I art     : Explicit concurrent mark sweep GC freed 39(1376B) AllocSpace objects, 0(0B) LOS objects, 7% free, 185MB/201MB, paused 1.434ms total 55.146ms
08-06 05:30:12.826  8213  8213 I Input   : injectMotionEvent: MotionEvent { action=ACTION_DOWN, actionButton=0, id[0]=0, x[0]=405.0, y[0]=661.0, toolType[0]=TOOL_TYPE_UNKNOWN, buttonState=0, metaState=0, flags=0x0, edgeFlags=0x0, pointerCount=1, historySize=0, eventTime=855029238, downTime=855029238, deviceId=0, source=0x1002 }
08-06 05:30:12.830  8213  8213 I Input   : injectMotionEvent: MotionEvent { action=ACTION_UP, actionButton=0, id[0]=0, x[0]=405.0, y[0]=661.0, toolType[0]=TOOL_TYPE_UNKNOWN, buttonState=0, metaState=0, flags=0x0, edgeFlags=0x0, pointerCount=1, historySize=0, eventTime=855029238, downTime=855029238, deviceId=0, source=0x1002 }
08-06 05:30:12.832  8213  8213 D AndroidRuntime: Shutting down VM
08-06 05:30:12.843  5351  5364 I art     : Starting a blocking GC Explicit
08-06 05:30:12.849   512  2967 D audio_hw_primary: out_set_parameters: enter: usecase(1: low-latency-playback) kvpairs: routing=2
08-06 05:30:12.862   512  2967 D audio_hw_primary: select_devices: out_snd_device(2: speaker) in_snd_device(0: none)
08-06 05:30:12.862   512  2967 D msm8974_platform: platform_send_audio_calibration: sending audio calibration for snd_device(2) acdb_id(15)
08-06 05:30:12.862   512  2967 I soundtrigger: audio_extn_sound_trigger_update_device_status: device 0x2 of type 0 for Event 1
08-06 05:30:12.872   512  2967 D audio_hw_primary: enable_snd_device: snd_device(2: speaker)
08-06 05:30:12.874   512  2967 D audio_hw_primary: enable_audio_route: apply and update mixer path: low-latency-playback speaker
08-06 05:30:12.901  5351  5364 I art     : Explicit concurrent mark sweep GC freed 1179(45KB) AllocSpace objects, 0(0B) LOS objects, 7% free, 185MB/201MB, paused 1.674ms total 57.040ms
08-06 05:30:12.920   512  2967 D AudioFlinger: mixer(0xf4740000) throttle end: throttle time(12)
08-06 05:30:12.921  5351  5364 I art     : Starting a blocking GC Explicit
08-06 05:30:12.979  5351  5364 I art     : Explicit concurrent mark sweep GC freed 938(32KB) AllocSpace objects, 0(0B) LOS objects, 7% free, 185MB/201MB, paused 1.573ms total 58.602ms
08-06 05:30:12.999  5351  5364 I art     : Starting a blocking GC Explicit
08-06 05:30:13.055  5351  5364 I art     : Explicit concurrent mark sweep GC freed 755(44KB) AllocSpace objects, 0(0B) LOS objects, 7% free, 185MB/201MB, paused 1.540ms total 55.400ms
08-06 05:30:13.418   512  2967 D audio_hw_primary: disable_audio_route: reset and update mixer path: low-latency-playback speaker
08-06 05:30:13.420   512  2967 D audio_hw_primary: disable_snd_device: snd_device(2: speaker)
08-06 05:30:13.429   512  2967 I soundtrigger: audio_extn_sound_trigger_update_device_status: device 0x2 of type 0 for Event 0
08-06 05:30:13.467  5351  5364 I art     : Starting a blocking GC Explicit
08-06 05:30:13.544  5351  5364 I art     : Explicit concurrent mark sweep GC freed 1610(92KB) AllocSpace objects, 11(300KB) LOS objects, 7% free, 185MB/201MB, paused 1.581ms total 76.478ms
08-06 05:30:13.567  5351  5364 I art     : Starting a blocking GC Explicit
08-06 05:30:13.629  5351  5364 I art     : Explicit concurrent mark sweep GC freed 28(1024B) AllocSpace objects, 0(0B) LOS objects, 7% free, 185MB/201MB, paused 1.394ms total 62.215ms
08-06 05:30:13.649  5351  5364 I art     : Starting a blocking GC Explicit
08-06 05:30:13.712  5351  5364 I art     : Explicit concurrent mark sweep GC freed 3(96B) AllocSpace objects, 0(0B) LOS objects, 7% free, 185MB/201MB, paused 1.465ms total 62.825ms
08-06 05:30:13.733  5351  5364 I art     : Starting a blocking GC Explicit
08-06 05:30:13.802  5351  5364 I art     : Explicit concurrent mark sweep GC freed 40(1088B) AllocSpace objects, 0(0B) LOS objects, 7% free, 185MB/201MB, paused 1.611ms total 69.562ms
08-06 05:30:13.825  5351  5364 I art     : Starting a blocking GC Explicit
08-06 05:30:13.889  5351  5364 I art     : Explicit concurrent mark sweep GC freed 3(96B) AllocSpace objects, 0(0B) LOS objects, 7% free, 185MB/201MB, paused 1.503ms total 63.577ms
08-06 05:30:14.211   518   646 I ThermalEngine: ACTION: GPU - Setting GPU[0] to 390000000
08-06 05:30:14.355  5351  7261 I art     : Starting a blocking GC Explicit
08-06 05:30:14.444  5351  7261 I art     : Explicit concurrent mark sweep GC freed 1598(92KB) AllocSpace objects, 2(48KB) LOS objects, 7% free, 185MB/201MB, paused 2.796ms total 88.621ms
08-06 05:30:14.476  5351  7261 I art     : Starting a blocking GC Explicit
08-06 05:30:14.554  5351  7261 I art     : Explicit concurrent mark sweep GC freed 49(2320B) AllocSpace objects, 0(0B) LOS objects, 7% free, 185MB/201MB, paused 2.245ms total 77.259ms
08-06 05:30:14.582  5351  7261 I art     : Starting a blocking GC Explicit
08-06 05:30:14.661  5351  7261 I art     : Explicit concurrent mark sweep GC freed 3(96B) AllocSpace objects, 0(0B) LOS objects, 7% free, 185MB/201MB, paused 2.247ms total 78.252ms
08-06 05:30:14.688  5351  7261 I art     : Starting a blocking GC Explicit
08-06 05:30:14.778  5351  7261 I art     : Explicit concurrent mark sweep GC freed 40(1088B) AllocSpace objects, 0(0B) LOS objects, 7% free, 185MB/201MB, paused 2.596ms total 88.987ms
08-06 05:30:14.809  5351  7261 I art     : Starting a blocking GC Explicit
08-06 05:30:14.888  5351  7261 I art     : Explicit concurrent mark sweep GC freed 5(160B) AllocSpace objects, 0(0B) LOS objects, 7% free, 185MB/201MB, paused 2.283ms total 77.939ms
08-06 05:30:15.212   518   646 I ThermalEngine: ACTION: GPU - Setting GPU[0] to 450000000
08-06 05:30:15.334  5351  5369 I art     : Starting a blocking GC Explicit
08-06 05:30:15.411  5351  5369 I art     : Explicit concurrent mark sweep GC freed 1609(93KB) AllocSpace objects, 2(48KB) LOS objects, 7% free, 185MB/201MB, paused 1.727ms total 76.483ms
08-06 05:30:15.434  5351  5369 I art     : Starting a blocking GC Explicit
08-06 05:30:15.501  5351  5369 I art     : Explicit concurrent mark sweep GC freed 52(2000B) AllocSpace objects, 0(0B) LOS objects, 7% free, 185MB/201MB, paused 1.535ms total 66.785ms
08-06 05:30:15.521  5351  5369 I art     : Starting a blocking GC Explicit
08-06 05:30:15.587  5351  5369 I art     : Explicit concurrent mark sweep GC freed 3(96B) AllocSpace objects, 0(0B) LOS objects, 7% free, 185MB/201MB, paused 1.452ms total 65.100ms
08-06 05:30:15.607  5351  5369 I art     : Starting a blocking GC Explicit
08-06 05:30:15.667  8256  8256 D AndroidRuntime: >>>>>> START com.android.internal.os.RuntimeInit uid 2000 <<<<<<
08-06 05:30:15.671  5351  5369 I art     : Explicit concurrent mark sweep GC freed 3(96B) AllocSpace objects, 0(0B) LOS objects, 7% free, 185MB/201MB, paused 1.552ms total 63.926ms
08-06 05:30:15.673  8256  8256 D AndroidRuntime: CheckJNI is OFF
08-06 05:30:15.692  5351  5369 I art     : Starting a blocking GC Explicit
08-06 05:30:15.719  8256  8256 D ICU     : No timezone override file found: /data/misc/zoneinfo/current/icu/icu_tzdata.dat
08-06 05:30:15.755  5351  5369 I art     : Explicit concurrent mark sweep GC freed 39(1056B) AllocSpace objects, 0(0B) LOS objects, 7% free, 185MB/201MB, paused 1.510ms total 62.989ms
08-06 05:30:15.767  8256  8256 I Radio-JNI: register_android_hardware_Radio DONE
08-06 05:30:15.797  8256  8256 D AndroidRuntime: Calling main entry com.android.commands.input.Input
08-06 05:30:15.800  8256  8256 I Input   : injectMotionEvent: MotionEvent { action=ACTION_DOWN, actionButton=0, id[0]=0, x[0]=1341.0, y[0]=197.0, toolType[0]=TOOL_TYPE_UNKNOWN, buttonState=0, metaState=0, flags=0x0, edgeFlags=0x0, pointerCount=1, historySize=0, eventTime=855032212, downTime=855032212, deviceId=0, source=0x1002 }
08-06 05:30:15.806  8256  8256 I Input   : injectMotionEvent: MotionEvent { action=ACTION_UP, actionButton=0, id[0]=0, x[0]=1341.0, y[0]=197.0, toolType[0]=TOOL_TYPE_UNKNOWN, buttonState=0, metaState=0, flags=0x0, edgeFlags=0x0, pointerCount=1, historySize=0, eventTime=855032212, downTime=855032212, deviceId=0, source=0x1002 }
08-06 05:30:15.808  8256  8256 D AndroidRuntime: Shutting down VM
08-06 05:30:15.830   512  2967 D audio_hw_primary: out_set_parameters: enter: usecase(1: low-latency-playback) kvpairs: routing=2
08-06 05:30:15.831   918  3714 I ActivityManager: START u0 {cmp=baseline.io.github.project_travel_mate/.notifications.NotificationsActivity} from uid 10696 on display 0
08-06 05:30:15.843   512  2967 D audio_hw_primary: select_devices: out_snd_device(2: speaker) in_snd_device(0: none)
08-06 05:30:15.843   512  2967 D msm8974_platform: platform_send_audio_calibration: sending audio calibration for snd_device(2) acdb_id(15)
08-06 05:30:15.843   512  2967 I soundtrigger: audio_extn_sound_trigger_update_device_status: device 0x2 of type 0 for Event 1
08-06 05:30:15.859  5351  5415 D Gabe    : call	returning from cache
08-06 05:30:15.860   512  2967 D audio_hw_primary: enable_snd_device: snd_device(2: speaker)
08-06 05:30:15.863   512  2967 D audio_hw_primary: enable_audio_route: apply and update mixer path: low-latency-playback speaker
08-06 05:30:15.865  5351  5351 V EXECUTING: https://project-travel-mate.herokuapp.com/api/get-notifications
08-06 05:30:15.868  5351  5351 V EXECUTING: https://project-travel-mate.herokuapp.com/api/get-notifications
08-06 05:30:15.978   918  3261 D WifiStateMachine: starting scan for "H369AA63323"WPA_PSK with 2412,5180
08-06 05:30:16.039   918   936 I ActivityManager: Displayed baseline.io.github.project_travel_mate/.notifications.NotificationsActivity: +199ms
08-06 05:30:16.041 13866 13866 I GoogleInputMethodServic: GoogleInputMethodService.onFinishInput():3138 
08-06 05:30:16.044 13866 13866 I GoogleInputMethodServic: GoogleInputMethodService.onStartInput():1808 
08-06 05:30:16.139  5351  5366 D OpenGLRenderer: endAllStagingAnimators on 0x7f7ca4f400 (RippleDrawable) with handle 0x7f7c69de60
08-06 05:30:16.154  5351  5369 I art     : Starting a blocking GC Explicit
08-06 05:30:16.216  5351  5369 I art     : Explicit concurrent mark sweep GC freed 3899(217KB) AllocSpace objects, 2(48KB) LOS objects, 7% free, 189MB/205MB, paused 1.753ms total 61.422ms
08-06 05:30:16.235  5351  5369 I art     : Starting a blocking GC Explicit
08-06 05:30:16.292   380   380 W SurfaceFlinger: couldn't log to binary event log: overflow.
08-06 05:30:16.297  5351  5369 I art     : Explicit concurrent mark sweep GC freed 493(18KB) AllocSpace objects, 0(0B) LOS objects, 7% free, 189MB/205MB, paused 1.645ms total 61.795ms
08-06 05:30:16.316  5351  5369 I art     : Starting a blocking GC Explicit
08-06 05:30:16.371  5351  5369 I art     : Explicit concurrent mark sweep GC freed 5218(264KB) AllocSpace objects, 4(240KB) LOS objects, 7% free, 190MB/206MB, paused 1.378ms total 55.178ms
08-06 05:30:16.380  5351  8278 I NAPPA_EXPERIMENTATION: MetricNetworkRequestExecutionTime: REQUEST_DURATION_SYSTEM='514',REQUEST_DURATION_OKHTTP='43',REQUEST_SYNCHRONOUS='FALSE',RESPONSE_CODE='200',RESPONSE_METHOD='GET',RESPONSE_LENGTH_OKHTTP='2',RESPONSE_LENGTH_HEADER='2',REQUEST_PROTOCOL='http/1.1',REQUEST_URL='https://project-travel-mate.herokuapp.com/api/get-notifications',
08-06 05:30:16.390  5351  5369 I art     : Starting a blocking GC Explicit
08-06 05:30:16.399   512  2967 D audio_hw_primary: disable_audio_route: reset and update mixer path: low-latency-playback speaker
08-06 05:30:16.400   512  2967 D audio_hw_primary: disable_snd_device: snd_device(2: speaker)
08-06 05:30:16.404  5351  8279 I NAPPA_EXPERIMENTATION: MetricNetworkRequestExecutionTime: REQUEST_DURATION_SYSTEM='535',REQUEST_DURATION_OKHTTP='62',REQUEST_SYNCHRONOUS='FALSE',RESPONSE_CODE='200',RESPONSE_METHOD='GET',RESPONSE_LENGTH_OKHTTP='2',RESPONSE_LENGTH_HEADER='2',REQUEST_PROTOCOL='http/1.1',REQUEST_URL='https://project-travel-mate.herokuapp.com/api/get-notifications',
08-06 05:30:16.408   512  2967 I soundtrigger: audio_extn_sound_trigger_update_device_status: device 0x2 of type 0 for Event 0
08-06 05:30:16.451  5351  5369 I art     : Explicit concurrent mark sweep GC freed 2245(256KB) AllocSpace objects, 2(160KB) LOS objects, 7% free, 190MB/206MB, paused 1.663ms total 60.191ms
08-06 05:30:16.471  5351  5369 I art     : Starting a blocking GC Explicit
08-06 05:30:16.527  5351  5369 I art     : Explicit concurrent mark sweep GC freed 181(5KB) AllocSpace objects, 0(0B) LOS objects, 7% free, 190MB/206MB, paused 1.795ms total 56.227ms
08-06 05:30:16.592  5351  5351 V Response: [] 
08-06 05:30:16.597  5351  5415 D Gabe    : call	returning from cache
08-06 05:30:16.597  5351  5351 V Response: [] 
08-06 05:30:16.601  5351  5415 D Gabe    : call	returning from cache
08-06 05:30:16.924  5351  5364 I art     : Starting a blocking GC Explicit
08-06 05:30:16.982  5351  5364 I art     : Explicit concurrent mark sweep GC freed 5311(200KB) AllocSpace objects, 3(236KB) LOS objects, 7% free, 190MB/206MB, paused 1.570ms total 57.491ms
08-06 05:30:17.000  5351  5364 I art     : Starting a blocking GC Explicit
08-06 05:30:17.056  5351  5364 I art     : Explicit concurrent mark sweep GC freed 2167(84KB) AllocSpace objects, 0(0B) LOS objects, 7% free, 190MB/206MB, paused 1.382ms total 55.508ms
08-06 05:30:17.075  5351  5364 I art     : Starting a blocking GC Explicit
08-06 05:30:17.128  5351  5364 I art     : Explicit concurrent mark sweep GC freed 294(5KB) AllocSpace objects, 0(0B) LOS objects, 7% free, 190MB/206MB, paused 1.350ms total 52.878ms
08-06 05:30:17.147  5351  5364 I art     : Starting a blocking GC Explicit
08-06 05:30:17.202  5351  5364 I art     : Explicit concurrent mark sweep GC freed 386(7KB) AllocSpace objects, 0(0B) LOS objects, 7% free, 190MB/206MB, paused 1.335ms total 54.399ms
08-06 05:30:17.221  5351  5364 I art     : Starting a blocking GC Explicit
08-06 05:30:17.273  5351  5364 I art     : Explicit concurrent mark sweep GC freed 311(5KB) AllocSpace objects, 0(0B) LOS objects, 7% free, 190MB/206MB, paused 1.301ms total 52.223ms
08-06 05:30:17.273  5351  5362 I art     : WaitForGcToComplete blocked for 41.767ms for cause HeapTrim
08-06 05:30:17.674  5351  5626 I art     : Starting a blocking GC Explicit
08-06 05:30:17.730  5351  5626 I art     : Explicit concurrent mark sweep GC freed 3513(123KB) AllocSpace objects, 2(48KB) LOS objects, 7% free, 190MB/206MB, paused 1.559ms total 55.973ms
08-06 05:30:17.749  5351  5626 I art     : Starting a blocking GC Explicit
08-06 05:30:17.805  5351  5626 I art     : Explicit concurrent mark sweep GC freed 408(7KB) AllocSpace objects, 0(0B) LOS objects, 7% free, 190MB/206MB, paused 1.325ms total 55.185ms
08-06 05:30:17.824  5351  5626 I art     : Starting a blocking GC Explicit
08-06 05:30:17.878  5351  5626 I art     : Explicit concurrent mark sweep GC freed 283(4KB) AllocSpace objects, 0(0B) LOS objects, 7% free, 190MB/206MB, paused 1.438ms total 54.347ms
08-06 05:30:17.897  5351  5626 I art     : Starting a blocking GC Explicit
08-06 05:30:17.952  5351  5626 I art     : Explicit concurrent mark sweep GC freed 283(4KB) AllocSpace objects, 0(0B) LOS objects, 7% free, 190MB/206MB, paused 1.286ms total 54.523ms
08-06 05:30:17.971  5351  5626 I art     : Starting a blocking GC Explicit
08-06 05:30:18.024  5351  5626 I art     : Explicit concurrent mark sweep GC freed 283(4KB) AllocSpace objects, 0(0B) LOS objects, 7% free, 190MB/206MB, paused 1.266ms total 53.030ms
08-06 05:30:18.223   518   646 I ThermalEngine: ACTION: GPU - Setting GPU[0] to 390000000
08-06 05:30:18.473  5351  5369 I art     : Starting a blocking GC Explicit
08-06 05:30:18.541  5351  5369 I art     : Explicit concurrent mark sweep GC freed 3768(127KB) AllocSpace objects, 2(48KB) LOS objects, 7% free, 190MB/206MB, paused 2.037ms total 67.673ms
08-06 05:30:18.566  5351  5369 I art     : Starting a blocking GC Explicit
08-06 05:30:18.632  5351  5369 I art     : Explicit concurrent mark sweep GC freed 397(7KB) AllocSpace objects, 0(0B) LOS objects, 7% free, 190MB/206MB, paused 1.880ms total 65.831ms
08-06 05:30:18.658  5351  5369 I art     : Starting a blocking GC Explicit
08-06 05:30:18.724  5351  5369 I art     : Explicit concurrent mark sweep GC freed 414(6KB) AllocSpace objects, 0(0B) LOS objects, 7% free, 190MB/206MB, paused 1.975ms total 66.213ms
08-06 05:30:18.748  5351  5369 I art     : Starting a blocking GC Explicit
08-06 05:30:18.815  5351  5369 I art     : Explicit concurrent mark sweep GC freed 397(6KB) AllocSpace objects, 0(0B) LOS objects, 7% free, 190MB/206MB, paused 2.333ms total 66.830ms
08-06 05:30:18.841  5351  5369 I art     : Starting a blocking GC Explicit
08-06 05:30:18.907  5351  5369 I art     : Explicit concurrent mark sweep GC freed 416(6KB) AllocSpace objects, 0(0B) LOS objects, 7% free, 190MB/206MB, paused 2.029ms total 65.656ms
08-06 05:30:19.364  5351  5364 I art     : Starting a blocking GC Explicit
08-06 05:30:19.433  5351  5364 I art     : Explicit concurrent mark sweep GC freed 3765(126KB) AllocSpace objects, 2(48KB) LOS objects, 7% free, 190MB/206MB, paused 1.985ms total 68.992ms
08-06 05:30:19.459  5351  5364 I art     : Starting a blocking GC Explicit
08-06 05:30:19.526  5351  5364 I art     : Explicit concurrent mark sweep GC freed 439(7KB) AllocSpace objects, 0(0B) LOS objects, 7% free, 190MB/206MB, paused 1.991ms total 67.114ms
08-06 05:30:19.551  5351  5364 I art     : Starting a blocking GC Explicit
08-06 05:30:19.619  5351  5364 I art     : Explicit concurrent mark sweep GC freed 370(5KB) AllocSpace objects, 0(0B) LOS objects, 7% free, 190MB/206MB, paused 2.196ms total 67.571ms
08-06 05:30:19.645  5351  5364 I art     : Starting a blocking GC Explicit
08-06 05:30:19.712  5351  5364 I art     : Explicit concurrent mark sweep GC freed 405(6KB) AllocSpace objects, 0(0B) LOS objects, 7% free, 190MB/206MB, paused 1.955ms total 66.643ms
08-06 05:30:19.737  5351  5364 I art     : Starting a blocking GC Explicit
08-06 05:30:19.804  5351  5364 I art     : Explicit concurrent mark sweep GC freed 463(7KB) AllocSpace objects, 0(0B) LOS objects, 7% free, 190MB/206MB, paused 2.004ms total 66.017ms
08-06 05:30:20.260  5351  5364 I art     : Starting a blocking GC Explicit
08-06 05:30:20.328  5351  5364 I art     : Explicit concurrent mark sweep GC freed 3841(129KB) AllocSpace objects, 2(48KB) LOS objects, 7% free, 190MB/206MB, paused 1.929ms total 67.379ms
08-06 05:30:20.353  5351  5364 I art     : Starting a blocking GC Explicit
08-06 05:30:20.421  5351  5364 I art     : Explicit concurrent mark sweep GC freed 581(18KB) AllocSpace objects, 0(0B) LOS objects, 7% free, 190MB/206MB, paused 2.054ms total 67.260ms
08-06 05:30:20.445  5351  5364 I art     : Starting a blocking GC Explicit
08-06 05:30:20.512  5351  5364 I art     : Explicit concurrent mark sweep GC freed 389(6KB) AllocSpace objects, 0(0B) LOS objects, 7% free, 190MB/206MB, paused 4.387ms total 66.404ms
08-06 05:30:20.536  5351  5364 I art     : Starting a blocking GC Explicit
08-06 05:30:20.601  5351  5364 I art     : Explicit concurrent mark sweep GC freed 360(5KB) AllocSpace objects, 0(0B) LOS objects, 7% free, 190MB/206MB, paused 2.619ms total 64.555ms
08-06 05:30:20.634  5351  5364 I art     : Starting a blocking GC Explicit
08-06 05:30:20.683  8345  8345 D AndroidRuntime: >>>>>> START com.android.internal.os.RuntimeInit uid 2000 <<<<<<
08-06 05:30:20.689  8345  8345 D AndroidRuntime: CheckJNI is OFF
08-06 05:30:20.705  5351  5364 I art     : Explicit concurrent mark sweep GC freed 483(7KB) AllocSpace objects, 0(0B) LOS objects, 7% free, 190MB/206MB, paused 2.030ms total 71.069ms
08-06 05:30:20.742  8345  8345 D ICU     : No timezone override file found: /data/misc/zoneinfo/current/icu/icu_tzdata.dat
08-06 05:30:20.785  8345  8345 I Radio-JNI: register_android_hardware_Radio DONE
08-06 05:30:20.817  8345  8345 D AndroidRuntime: Calling main entry com.android.commands.input.Input
08-06 05:30:20.818  8345  8345 I Input   : injectKeyEvent: KeyEvent { action=ACTION_DOWN, keyCode=KEYCODE_BACK, scanCode=0, metaState=0, flags=0x0, repeatCount=0, eventTime=855037231, downTime=855037231, deviceId=-1, source=0x101 }
08-06 05:30:20.826  8345  8345 I Input   : injectKeyEvent: KeyEvent { action=ACTION_UP, keyCode=KEYCODE_BACK, scanCode=0, metaState=0, flags=0x0, repeatCount=0, eventTime=855037231, downTime=855037231, deviceId=-1, source=0x101 }
08-06 05:30:20.832  8345  8345 D AndroidRuntime: Shutting down VM
08-06 05:30:20.852  5351  5351 V MainActivity: url = https://project-travel-mate.herokuapp.com/api/number-of-unread-notifications
08-06 05:30:20.893 13866 13866 I GoogleInputMethodServic: GoogleInputMethodService.onFinishInput():3138 
08-06 05:30:20.894 13866 13866 I GoogleInputMethodServic: GoogleInputMethodService.onStartInput():1808 
08-06 05:30:21.167  5351  5364 I art     : Starting a blocking GC Explicit
08-06 05:30:21.180   380   380 W SurfaceFlinger: couldn't log to binary event log: overflow.
08-06 05:30:21.245  5351  5364 I art     : Explicit concurrent mark sweep GC freed 3089(133KB) AllocSpace objects, 3(4MB) LOS objects, 7% free, 185MB/201MB, paused 2.372ms total 77.845ms
08-06 05:30:21.273  5351  5364 I art     : Starting a blocking GC Explicit
08-06 05:30:21.353  5351  5364 I art     : Explicit concurrent mark sweep GC freed 101(4KB) AllocSpace objects, 0(0B) LOS objects, 7% free, 185MB/201MB, paused 2.358ms total 80.158ms
08-06 05:30:21.382  5351  5364 I art     : Starting a blocking GC Explicit
08-06 05:30:21.469  5351  5364 I art     : Explicit concurrent mark sweep GC freed 3720(177KB) AllocSpace objects, 2(56KB) LOS objects, 7% free, 185MB/201MB, paused 2.646ms total 86.534ms
08-06 05:30:21.498  5351  5364 I art     : Starting a blocking GC Explicit
08-06 05:30:21.579  5351  5364 I art     : Explicit concurrent mark sweep GC freed 2569(132KB) AllocSpace objects, 3(200KB) LOS objects, 7% free, 185MB/201MB, paused 2.968ms total 80.860ms
08-06 05:30:21.599  5351  8360 I NAPPA_EXPERIMENTATION: MetricNetworkRequestExecutionTime: REQUEST_DURATION_SYSTEM='746',REQUEST_DURATION_OKHTTP='35',REQUEST_SYNCHRONOUS='FALSE',RESPONSE_CODE='200',RESPONSE_METHOD='GET',RESPONSE_LENGTH_OKHTTP='36',RESPONSE_LENGTH_HEADER='36',REQUEST_PROTOCOL='http/1.1',REQUEST_URL='https://project-travel-mate.herokuapp.com/api/number-of-unread-notifications',
08-06 05:30:21.608  5351  5364 I art     : Starting a blocking GC Explicit
08-06 05:30:21.694  5351  5364 I art     : Explicit concurrent mark sweep GC freed 1075(127KB) AllocSpace objects, 0(0B) LOS objects, 7% free, 185MB/201MB, paused 2.699ms total 85.754ms
08-06 05:30:22.173  5351  7261 I art     : Starting a blocking GC Explicit
08-06 05:30:22.250  5351  7261 I art     : Explicit concurrent mark sweep GC freed 1733(98KB) AllocSpace objects, 2(48KB) LOS objects, 7% free, 185MB/201MB, paused 2.362ms total 76.364ms
08-06 05:30:22.278  5351  7261 I art     : Starting a blocking GC Explicit
08-06 05:30:22.354  5351  7261 I art     : Explicit concurrent mark sweep GC freed 42(1456B) AllocSpace objects, 0(0B) LOS objects, 7% free, 185MB/201MB, paused 2.282ms total 75.184ms
08-06 05:30:22.381  5351  7261 I art     : Starting a blocking GC Explicit
08-06 05:30:22.456  5351  7261 I art     : Explicit concurrent mark sweep GC freed 3(96B) AllocSpace objects, 0(0B) LOS objects, 7% free, 185MB/201MB, paused 2.239ms total 74.533ms
08-06 05:30:22.485  5351  7261 I art     : Starting a blocking GC Explicit
08-06 05:30:22.561  5351  7261 I art     : Explicit concurrent mark sweep GC freed 3(96B) AllocSpace objects, 0(0B) LOS objects, 7% free, 185MB/201MB, paused 2.252ms total 75.808ms
08-06 05:30:22.588  5351  7261 I art     : Starting a blocking GC Explicit
08-06 05:30:22.664  5351  7261 I art     : Explicit concurrent mark sweep GC freed 3(96B) AllocSpace objects, 0(0B) LOS objects, 7% free, 185MB/201MB, paused 2.209ms total 75.388ms
08-06 05:30:22.699  8381  8381 D AndroidRuntime: >>>>>> START com.android.internal.os.RuntimeInit uid 2000 <<<<<<
08-06 05:30:22.705  8381  8381 D AndroidRuntime: CheckJNI is OFF
08-06 05:30:22.758  8381  8381 D ICU     : No timezone override file found: /data/misc/zoneinfo/current/icu/icu_tzdata.dat
08-06 05:30:22.807  8381  8381 I Radio-JNI: register_android_hardware_Radio DONE
08-06 05:30:22.846  8381  8381 D AndroidRuntime: Calling main entry com.android.commands.input.Input
08-06 05:30:22.849  8381  8381 I Input   : injectMotionEvent: MotionEvent { action=ACTION_DOWN, actionButton=0, id[0]=0, x[0]=117.0, y[0]=170.0, toolType[0]=TOOL_TYPE_UNKNOWN, buttonState=0, metaState=0, flags=0x0, edgeFlags=0x0, pointerCount=1, historySize=0, eventTime=855039261, downTime=855039261, deviceId=0, source=0x1002 }
08-06 05:30:22.855  8381  8381 I Input   : injectMotionEvent: MotionEvent { action=ACTION_UP, actionButton=0, id[0]=0, x[0]=117.0, y[0]=170.0, toolType[0]=TOOL_TYPE_UNKNOWN, buttonState=0, metaState=0, flags=0x0, edgeFlags=0x0, pointerCount=1, historySize=0, eventTime=855039261, downTime=855039261, deviceId=0, source=0x1002 }
08-06 05:30:22.858  8381  8381 D AndroidRuntime: Shutting down VM
08-06 05:30:22.870   512  2967 D audio_hw_primary: out_set_parameters: enter: usecase(1: low-latency-playback) kvpairs: routing=2
08-06 05:30:22.884   512  2967 D audio_hw_primary: select_devices: out_snd_device(2: speaker) in_snd_device(0: none)
08-06 05:30:22.884   512  2967 D msm8974_platform: platform_send_audio_calibration: sending audio calibration for snd_device(2) acdb_id(15)
08-06 05:30:22.884   512  2967 I soundtrigger: audio_extn_sound_trigger_update_device_status: device 0x2 of type 0 for Event 1
08-06 05:30:22.898   512  2967 D audio_hw_primary: enable_snd_device: snd_device(2: speaker)
08-06 05:30:22.901   512  2967 D audio_hw_primary: enable_audio_route: apply and update mixer path: low-latency-playback speaker
08-06 05:30:23.171  5351  5369 I art     : Starting a blocking GC Explicit
08-06 05:30:23.241  5351  5369 I art     : Explicit concurrent mark sweep GC freed 2044(114KB) AllocSpace objects, 2(48KB) LOS objects, 7% free, 185MB/201MB, paused 1.992ms total 69.482ms
08-06 05:30:23.267  5351  5369 I art     : Starting a blocking GC Explicit
08-06 05:30:23.341  5351  5369 I art     : Explicit concurrent mark sweep GC freed 73(3040B) AllocSpace objects, 0(0B) LOS objects, 7% free, 185MB/201MB, paused 2.122ms total 74.082ms
08-06 05:30:23.369  5351  5369 I art     : Starting a blocking GC Explicit
08-06 05:30:23.440  5351  5369 I art     : Explicit concurrent mark sweep GC freed 5(160B) AllocSpace objects, 0(0B) LOS objects, 7% free, 185MB/201MB, paused 2.136ms total 70.691ms
08-06 05:30:23.451   512  2967 D audio_hw_primary: disable_audio_route: reset and update mixer path: low-latency-playback speaker
08-06 05:30:23.452   512  2967 D audio_hw_primary: disable_snd_device: snd_device(2: speaker)
08-06 05:30:23.461   512  2967 I soundtrigger: audio_extn_sound_trigger_update_device_status: device 0x2 of type 0 for Event 0
08-06 05:30:23.467  5351  5369 I art     : Starting a blocking GC Explicit
08-06 05:30:23.539  5351  5369 I art     : Explicit concurrent mark sweep GC freed 3(96B) AllocSpace objects, 0(0B) LOS objects, 7% free, 185MB/201MB, paused 2.293ms total 70.842ms
08-06 05:30:23.565  5351  5369 I art     : Starting a blocking GC Explicit
08-06 05:30:23.639  5351  5369 I art     : Explicit concurrent mark sweep GC freed 3(96B) AllocSpace objects, 0(0B) LOS objects, 7% free, 185MB/201MB, paused 2.419ms total 73.129ms
08-06 05:30:23.733 32067 32067 I ServiceManager: Waiting for service AtCmdFwd...
08-06 05:30:23.765  8404  8404 D AndroidRuntime: >>>>>> START com.android.internal.os.RuntimeInit uid 2000 <<<<<<
08-06 05:30:23.773  8404  8404 D AndroidRuntime: CheckJNI is OFF
08-06 05:30:23.830  8404  8404 D ICU     : No timezone override file found: /data/misc/zoneinfo/current/icu/icu_tzdata.dat
08-06 05:30:23.877  8404  8404 I Radio-JNI: register_android_hardware_Radio DONE
08-06 05:30:23.909  8404  8404 D AndroidRuntime: Calling main entry com.android.commands.input.Input
08-06 05:30:23.911  8404  8404 I Input   : injectMotionEvent: MotionEvent { action=ACTION_DOWN, actionButton=0, id[0]=0, x[0]=418.0, y[0]=842.0, toolType[0]=TOOL_TYPE_UNKNOWN, buttonState=0, metaState=0, flags=0x0, edgeFlags=0x0, pointerCount=1, historySize=0, eventTime=855040324, downTime=855040324, deviceId=0, source=0x1002 }
08-06 05:30:23.916  8404  8404 I Input   : injectMotionEvent: MotionEvent { action=ACTION_UP, actionButton=0, id[0]=0, x[0]=418.0, y[0]=842.0, toolType[0]=TOOL_TYPE_UNKNOWN, buttonState=0, metaState=0, flags=0x0, edgeFlags=0x0, pointerCount=1, historySize=0, eventTime=855040324, downTime=855040324, deviceId=0, source=0x1002 }
08-06 05:30:23.919  8404  8404 D AndroidRuntime: Shutting down VM
08-06 05:30:23.938   512  2967 D audio_hw_primary: out_set_parameters: enter: usecase(1: low-latency-playback) kvpairs: routing=2
08-06 05:30:23.944  5351  5415 D Gabe    : call	returning from cache
08-06 05:30:23.951   512  2967 D audio_hw_primary: select_devices: out_snd_device(2: speaker) in_snd_device(0: none)
08-06 05:30:23.951   512  2967 D msm8974_platform: platform_send_audio_calibration: sending audio calibration for snd_device(2) acdb_id(15)
08-06 05:30:23.952   512  2967 I soundtrigger: audio_extn_sound_trigger_update_device_status: device 0x2 of type 0 for Event 1
08-06 05:30:23.961   512  2967 D audio_hw_primary: enable_snd_device: snd_device(2: speaker)
08-06 05:30:23.964   512  2967 D audio_hw_primary: enable_audio_route: apply and update mixer path: low-latency-playback speaker
08-06 05:30:23.977  5351  5351 V MainActivity: url = https://project-travel-mate.herokuapp.com/api/number-of-unread-notifications
08-06 05:30:24.009   512  2967 D AudioFlinger: mixer(0xf4740000) throttle end: throttle time(12)
08-06 05:30:24.107  5351  5626 I art     : Starting a blocking GC Explicit
08-06 05:30:24.188  5351  5626 I art     : Explicit concurrent mark sweep GC freed 3133(188KB) AllocSpace objects, 2(48KB) LOS objects, 7% free, 185MB/201MB, paused 2.762ms total 81.054ms
08-06 05:30:24.214  5351  5626 I art     : Starting a blocking GC Explicit
08-06 05:30:24.293  5351  5626 I art     : Explicit concurrent mark sweep GC freed 956(51KB) AllocSpace objects, 0(0B) LOS objects, 7% free, 185MB/201MB, paused 2.857ms total 78.109ms
08-06 05:30:24.320  5351  5626 I art     : Starting a blocking GC Explicit
08-06 05:30:24.391  5351  5626 I art     : Explicit concurrent mark sweep GC freed 258(20KB) AllocSpace objects, 0(0B) LOS objects, 7% free, 186MB/202MB, paused 2.660ms total 71.269ms
08-06 05:30:24.418  5351  5626 I art     : Starting a blocking GC Explicit
08-06 05:30:24.499   512  2967 D audio_hw_primary: disable_audio_route: reset and update mixer path: low-latency-playback speaker
08-06 05:30:24.500  5351  5626 I art     : Explicit concurrent mark sweep GC freed 338(22KB) AllocSpace objects, 0(0B) LOS objects, 7% free, 186MB/202MB, paused 2.813ms total 81.748ms
08-06 05:30:24.501   512  2967 D audio_hw_primary: disable_snd_device: snd_device(2: speaker)
08-06 05:30:24.512   512  2967 I soundtrigger: audio_extn_sound_trigger_update_device_status: device 0x2 of type 0 for Event 0
08-06 05:30:24.528  5351  5626 I art     : Starting a blocking GC Explicit
08-06 05:30:24.571  5351  8427 I NAPPA_EXPERIMENTATION: MetricNetworkRequestExecutionTime: REQUEST_DURATION_SYSTEM='592',REQUEST_DURATION_OKHTTP='32',REQUEST_SYNCHRONOUS='FALSE',RESPONSE_CODE='200',RESPONSE_METHOD='GET',RESPONSE_LENGTH_OKHTTP='36',RESPONSE_LENGTH_HEADER='36',REQUEST_PROTOCOL='http/1.1',REQUEST_URL='https://project-travel-mate.herokuapp.com/api/number-of-unread-notifications',
08-06 05:30:24.609  5351  5626 I art     : Explicit concurrent mark sweep GC freed 3271(177KB) AllocSpace objects, 3(200KB) LOS objects, 7% free, 186MB/202MB, paused 2.829ms total 80.648ms
08-06 05:30:24.675  5351  5351 I Choreographer: Skipped 41 frames!  The application may be doing too much work on its main thread.
08-06 05:30:24.733 32067 32067 I ServiceManager: Waiting for service AtCmdFwd...
08-06 05:30:25.081  5351  5363 I art     : Starting a blocking GC Explicit
08-06 05:30:25.169  5351  5363 I art     : Explicit concurrent mark sweep GC freed 6142(346KB) AllocSpace objects, 11(312KB) LOS objects, 7% free, 186MB/202MB, paused 2.230ms total 87.661ms
08-06 05:30:25.198  5351  5363 I art     : Starting a blocking GC Explicit
08-06 05:30:25.283  5351  5363 I art     : Explicit concurrent mark sweep GC freed 1042(53KB) AllocSpace objects, 0(0B) LOS objects, 7% free, 186MB/202MB, paused 2.271ms total 84.730ms
08-06 05:30:25.313  5351  5363 I art     : Starting a blocking GC Explicit
08-06 05:30:25.398  5351  5363 I art     : Explicit concurrent mark sweep GC freed 171(2896B) AllocSpace objects, 0(0B) LOS objects, 7% free, 186MB/202MB, paused 2.211ms total 84.804ms
08-06 05:30:25.427  5351  5363 I art     : Starting a blocking GC Explicit
08-06 05:30:25.510  5351  5363 I art     : Explicit concurrent mark sweep GC freed 170(2864B) AllocSpace objects, 0(0B) LOS objects, 7% free, 186MB/202MB, paused 2.442ms total 83.169ms
08-06 05:30:25.539  5351  5363 I art     : Starting a blocking GC Explicit
08-06 05:30:25.624  5351  5363 I art     : Explicit concurrent mark sweep GC freed 152(2688B) AllocSpace objects, 0(0B) LOS objects, 7% free, 186MB/202MB, paused 2.278ms total 84.037ms
08-06 05:30:25.734 32067 32067 I ServiceManager: Waiting for service AtCmdFwd...
08-06 05:30:26.113  5351  5369 I art     : Starting a blocking GC Explicit
08-06 05:30:26.198  5351  5369 I art     : Explicit concurrent mark sweep GC freed 2503(108KB) AllocSpace objects, 2(64KB) LOS objects, 7% free, 186MB/202MB, paused 2.100ms total 85.253ms
08-06 05:30:26.226  5351  5369 I art     : Starting a blocking GC Explicit
08-06 05:30:26.232   518   646 I ThermalEngine: ACTION: GPU - Setting GPU[0] to 450000000
08-06 05:30:26.294  5351  5369 I art     : Explicit concurrent mark sweep GC freed 182(3KB) AllocSpace objects, 0(0B) LOS objects, 7% free, 186MB/202MB, paused 1.495ms total 67.855ms
08-06 05:30:26.314  5351  5369 I art     : Starting a blocking GC Explicit
08-06 05:30:26.378  5351  5369 I art     : Explicit concurrent mark sweep GC freed 123(2096B) AllocSpace objects, 0(0B) LOS objects, 7% free, 186MB/202MB, paused 1.487ms total 64.264ms
08-06 05:30:26.399  5351  5369 I art     : Starting a blocking GC Explicit
08-06 05:30:26.468  5351  5369 I art     : Explicit concurrent mark sweep GC freed 123(2096B) AllocSpace objects, 0(0B) LOS objects, 7% free, 186MB/202MB, paused 1.695ms total 69.344ms
08-06 05:30:26.489  5351  5369 I art     : Starting a blocking GC Explicit
08-06 05:30:26.560  5351  5369 I art     : Explicit concurrent mark sweep GC freed 146(2464B) AllocSpace objects, 0(0B) LOS objects, 7% free, 186MB/202MB, paused 1.666ms total 70.984ms
08-06 05:30:26.735 32067 32067 I ServiceManager: Waiting for service AtCmdFwd...
08-06 05:30:26.763  8453  8453 D AndroidRuntime: >>>>>> START com.android.internal.os.RuntimeInit uid 2000 <<<<<<
08-06 05:30:26.769  8453  8453 D AndroidRuntime: CheckJNI is OFF
08-06 05:30:26.809  8453  8453 D ICU     : No timezone override file found: /data/misc/zoneinfo/current/icu/icu_tzdata.dat
08-06 05:30:26.856  8453  8453 I Radio-JNI: register_android_hardware_Radio DONE
08-06 05:30:26.884  8453  8453 D AndroidRuntime: Calling main entry com.android.commands.am.Am
08-06 05:30:26.900  3167  3167 I Trepn   : Trepn 6.2s: Received intent: com.quicinc.trepn.stop_profiling
08-06 05:30:26.932  3167  3167 I Trepn   : Trepn 6.2s: Trepn has Stopped Profiling.
08-06 05:30:26.987  5351  5626 I art     : Starting a blocking GC Explicit
08-06 05:30:27.058  5351  5626 I art     : Explicit concurrent mark sweep GC freed 2344(104KB) AllocSpace objects, 2(64KB) LOS objects, 7% free, 186MB/202MB, paused 1.507ms total 69.719ms
08-06 05:30:27.073  8453  8453 D AndroidRuntime: Shutting down VM
08-06 05:30:27.078  5351  5626 I art     : Starting a blocking GC Explicit
08-06 05:30:27.079   918  5132 W AppOps  : Finishing op nesting under-run: uid 10078 pkg com.quicinc.trepn code 24 time=0 duration=0 nesting=0
08-06 05:30:27.137  5351  5626 I art     : Explicit concurrent mark sweep GC freed 125(2656B) AllocSpace objects, 0(0B) LOS objects, 7% free, 186MB/202MB, paused 1.407ms total 57.825ms
08-06 05:30:27.157  5351  5626 I art     : Starting a blocking GC Explicit
08-06 05:30:27.228  5351  5626 I art     : Explicit concurrent mark sweep GC freed 158(3KB) AllocSpace objects, 0(0B) LOS objects, 7% free, 186MB/202MB, paused 1.645ms total 71.320ms
08-06 05:30:27.252  5351  5626 I art     : Starting a blocking GC Explicit
08-06 05:30:27.325  5351  5626 I art     : Explicit concurrent mark sweep GC freed 157(3040B) AllocSpace objects, 0(0B) LOS objects, 7% free, 186MB/202MB, paused 1.522ms total 72.234ms
08-06 05:30:27.346  5351  5626 I art     : Starting a blocking GC Explicit
08-06 05:30:27.411  5351  5626 I art     : Explicit concurrent mark sweep GC freed 124(2128B) AllocSpace objects, 0(0B) LOS objects, 7% free, 186MB/202MB, paused 1.456ms total 65.436ms
08-06 05:30:27.736 32067 32067 I ServiceManager: Waiting for service AtCmdFwd...
08-06 05:30:28.737 32067 32067 W Atfwd_Sendcmd: AtCmdFwd service not published, waiting... retryCnt : 4
