--------- beginning of main
08-06 04:57:37.621 11475 11500 E gve     : Babel_SMS: canonicalizeMccMnc: invalid mccmnc 
08-06 04:57:37.624 11475 11500 E gve     : Babel_SMS: canonicalizeMccMnc: invalid mccmnc nullnull
08-06 04:57:37.785 11475 11530 E gve     : Babel_ConcService: No valid Tag name
--------- beginning of system
08-06 04:57:37.793   918  3696 I ActivityManager: Killing 9526:com.android.keychain/1000 (adj 15): empty #17
08-06 04:57:37.991 11521 11521 D AndroidRuntime: >>>>>> START com.android.internal.os.RuntimeInit uid 2000 <<<<<<
08-06 04:57:37.996 11521 11521 D AndroidRuntime: CheckJNI is OFF
08-06 04:57:38.023 11521 11521 D ICU     : No timezone override file found: /data/misc/zoneinfo/current/icu/icu_tzdata.dat
08-06 04:57:38.052 11521 11521 I Radio-JNI: register_android_hardware_Radio DONE
08-06 04:57:38.068 11521 11521 D AndroidRuntime: Calling main entry com.android.commands.monkey.Monkey
08-06 04:57:38.084   918   931 W BroadcastQueue: Skipping deliver [background] BroadcastRecord{a645a7f u-1 android.net.conn.CONNECTIVITY_CHANGE} to ReceiverList{7d39a95 11521 (unknown name)/2000/u-1 remote:58239d9}: process crashing
08-06 04:57:38.094   918  5132 I ActivityManager: START u0 {act=android.intent.action.MAIN cat=[android.intent.category.LAUNCHER] flg=0x10200000 cmp=baseline.io.github.project_travel_mate/.SplashActivity} from uid 2000 on display 0
08-06 04:57:38.132 11539 11539 I art     : Late-enabling -Xcheck:jni
08-06 04:57:38.133   918  3714 I ActivityManager: Start proc 11539:baseline.io.github.project_travel_mate/u0a696 for activity baseline.io.github.project_travel_mate/.SplashActivity
08-06 04:57:38.153 11521 11521 I art     : System.exit called, status: 0
08-06 04:57:38.153 11521 11521 I AndroidRuntime: VM exiting with result code 0.
08-06 04:57:38.200 16458  6583 I PBSessionCacheImpl: Deleted sessionId[72384646105454640] from persistence.
08-06 04:57:38.203 16458 16488 W SearchServiceCore: Abort, client detached.
08-06 04:57:38.204 16458 16488 I MicroDetectionState: Should stop hotword detection immediately - true
08-06 04:57:38.245 11539 11539 W System  : ClassLoader referenced unknown path: /data/app/baseline.io.github.project_travel_mate-1/lib/arm64
08-06 04:57:38.320   918   927 I art     : Background partial concurrent mark sweep GC freed 108095(8MB) AllocSpace objects, 115(2MB) LOS objects, 18% free, 68MB/84MB, paused 1.258ms total 143.097ms
08-06 04:57:38.449 11539 11539 W art     : Before Android 4.1, method android.graphics.PorterDuffColorFilter androidx.vectordrawable.graphics.drawable.VectorDrawableCompat.updateTintFilter(android.graphics.PorterDuffColorFilter, android.content.res.ColorStateList, android.graphics.PorterDuff$Mode) would have incorrectly overridden the package-private method in android.graphics.drawable.Drawable
08-06 04:57:38.497 11539 11539 I art     : Rejecting re-init on previously-failed class java.lang.Class<androidx.core.view.ViewCompat$OnUnhandledKeyEventListenerWrapper>
08-06 04:57:38.498 11539 11539 I art     : Rejecting re-init on previously-failed class java.lang.Class<androidx.core.view.ViewCompat$OnUnhandledKeyEventListenerWrapper>
08-06 04:57:38.556 11539 11554 D OpenGLRenderer: Use EGL_SWAP_BEHAVIOR_PRESERVED: true
08-06 04:57:38.608 11539 11554 I Adreno  : QUALCOMM build                   : fcf4852, I1af360237c
08-06 04:57:38.608 11539 11554 I Adreno  : Build Date                       : 09/23/15
08-06 04:57:38.608 11539 11554 I Adreno  : OpenGL ES Shader Compiler Version: XE031.05.13.02
08-06 04:57:38.608 11539 11554 I Adreno  : Local Branch                     : mybranch14465806
08-06 04:57:38.608 11539 11554 I Adreno  : Remote Branch                    : quic/LA.BF64.1.2.9_v2
08-06 04:57:38.608 11539 11554 I Adreno  : Remote Branch                    : NONE
08-06 04:57:38.608 11539 11554 I Adreno  : Reconstruct Branch               : NOTHING
08-06 04:57:38.619 11539 11554 I OpenGLRenderer: Initialized EGL, version 1.4
08-06 04:57:38.751   918   936 I ActivityManager: Displayed baseline.io.github.project_travel_mate/.SplashActivity: +644ms
08-06 04:57:38.753 13866 13866 I GoogleInputMethodServic: GoogleInputMethodService.onFinishInput():3138 
08-06 04:57:38.754 13866 13866 I GoogleInputMethodServic: GoogleInputMethodService.onStartInput():1808 
08-06 04:57:39.706 11568 11568 D AndroidRuntime: >>>>>> START com.android.internal.os.RuntimeInit uid 2000 <<<<<<
08-06 04:57:39.710 11568 11568 D AndroidRuntime: CheckJNI is OFF
08-06 04:57:39.736 11568 11568 D ICU     : No timezone override file found: /data/misc/zoneinfo/current/icu/icu_tzdata.dat
08-06 04:57:39.763 11568 11568 I Radio-JNI: register_android_hardware_Radio DONE
08-06 04:57:39.778 11568 11568 D AndroidRuntime: Calling main entry com.android.commands.am.Am
08-06 04:57:39.787  3167  3167 I Trepn   : Trepn 6.2s: Received intent: com.quicinc.trepn.start_profiling
08-06 04:57:39.924  3167  3167 W FileUtils: Failed to chmod(/storage/emulated/0/trepn/Trepn_2020.08.06_045739.db): android.system.ErrnoException: chmod failed: EPERM (Operation not permitted)
08-06 04:57:40.035  3167  3167 I Trepn   : Trepn 6.2s: Trepn has Started Profiling.
08-06 04:57:40.037 11568 11568 D AndroidRuntime: Shutting down VM
08-06 04:57:40.564 11539 11550 I art     : Starting a blocking GC Explicit
08-06 04:57:40.588 11539 11550 I art     : Explicit concurrent mark sweep GC freed 59556(3MB) AllocSpace objects, 2(40KB) LOS objects, 40% free, 20MB/34MB, paused 136us total 23.563ms
08-06 04:57:40.597 11539 11550 I art     : Starting a blocking GC Explicit
08-06 04:57:40.605 11539 11550 I art     : Explicit concurrent mark sweep GC freed 1129(48KB) AllocSpace objects, 0(0B) LOS objects, 40% free, 20MB/34MB, paused 110us total 8.589ms
08-06 04:57:40.613 11539 11550 I art     : Starting a blocking GC Explicit
08-06 04:57:40.618   918  6111 I ActivityManager: START u0 {cmp=baseline.io.github.project_travel_mate/.MainActivity} from uid 10696 on display 0
08-06 04:57:40.646 11539 11550 I art     : Explicit concurrent mark sweep GC freed 3(96B) AllocSpace objects, 0(0B) LOS objects, 40% free, 20MB/34MB, paused 3.679ms total 32.827ms
08-06 04:57:40.654 11539 11550 I art     : Starting a blocking GC Explicit
08-06 04:57:40.691 11539 11550 I art     : Explicit concurrent mark sweep GC freed 554(21KB) AllocSpace objects, 0(0B) LOS objects, 40% free, 20MB/34MB, paused 209us total 37.148ms
08-06 04:57:40.698 11539 11550 I art     : Starting a blocking GC Explicit
08-06 04:57:40.709 11539 11550 I art     : Explicit concurrent mark sweep GC freed 1405(58KB) AllocSpace objects, 0(0B) LOS objects, 40% free, 20MB/34MB, paused 144us total 10.850ms
08-06 04:57:40.936 11539 11539 W Settings: Setting airplane_mode_on has moved from android.provider.Settings.System to android.provider.Settings.Global, returning read-only value.
08-06 04:57:40.955 11539 11539 V MainActivity: url=https://project-travel-mate.herokuapp.com/api/get-user
08-06 04:57:41.003 11539 11620 W LOTTIE  : Unknown mask mode mode. Defaulting to Add.
08-06 04:57:41.011 11539 11620 W LOTTIE  : You have 5 images. Lottie should primarily be used with shapes. If you are using Adobe Illustrator, convert the Illustrator layers to shape layers.
08-06 04:57:41.012 11539 11620 W LOTTIE  : Unknown mask mode mode. Defaulting to Add.
08-06 04:57:41.013 11539 11620 W LOTTIE  : Unknown mask mode mode. Defaulting to Add.
08-06 04:57:41.053 11539 11600 I art     : Starting a blocking GC Explicit
08-06 04:57:41.059 11539 11539 V CityFragment: url=https://project-travel-mate.herokuapp.com/api/get-all-cities/10
08-06 04:57:41.072 11539 11600 I art     : Explicit concurrent mark sweep GC freed 15254(1140KB) AllocSpace objects, 2(40KB) LOS objects, 40% free, 23MB/38MB, paused 1.159ms total 18.913ms
08-06 04:57:41.082 11539 11600 I art     : Starting a blocking GC Explicit
08-06 04:57:41.094 11539 11600 I art     : Explicit concurrent mark sweep GC freed 1139(66KB) AllocSpace objects, 0(0B) LOS objects, 40% free, 23MB/38MB, paused 255us total 11.741ms
08-06 04:57:41.536 11539 11600 I art     : Starting a blocking GC Explicit
08-06 04:57:41.617 11539 11600 I art     : Explicit concurrent mark sweep GC freed 2653(203KB) AllocSpace objects, 4(240KB) LOS objects, 40% free, 23MB/39MB, paused 7.661ms total 79.244ms
08-06 04:57:41.712 11539 11600 I art     : Starting a blocking GC Explicit
08-06 04:57:41.737 11539 11600 I art     : Explicit concurrent mark sweep GC freed 4656(338KB) AllocSpace objects, 2(160KB) LOS objects, 40% free, 23MB/38MB, paused 403us total 24.792ms
08-06 04:57:41.749 11539 11600 I art     : Starting a blocking GC Explicit
08-06 04:57:41.756 11539 11539 E RecyclerView: No adapter attached; skipping layout
08-06 04:57:41.763 11539 11619 I NAPPA_EXPERIMENTATION: MetricNetworkRequestExecutionTime: REQUEST_DURATION_SYSTEM='789',REQUEST_DURATION_OKHTTP='58',REQUEST_SYNCHRONOUS='FALSE',RESPONSE_CODE='200',RESPONSE_METHOD='GET',RESPONSE_LENGTH_OKHTTP='185',RESPONSE_LENGTH_HEADER='185',REQUEST_PROTOCOL='http/1.1',REQUEST_URL='https://project-travel-mate.herokuapp.com/api/get-user',
08-06 04:57:41.768 11539 11622 I NAPPA_EXPERIMENTATION: MetricNetworkRequestExecutionTime: REQUEST_DURATION_SYSTEM='709',REQUEST_DURATION_OKHTTP='67',REQUEST_SYNCHRONOUS='FALSE',RESPONSE_CODE='200',RESPONSE_METHOD='GET',RESPONSE_LENGTH_OKHTTP='1588',RESPONSE_LENGTH_HEADER='1588',REQUEST_PROTOCOL='http/1.1',REQUEST_URL='https://project-travel-mate.herokuapp.com/api/get-all-cities/10',
08-06 04:57:41.773 11539 11600 I art     : Explicit concurrent mark sweep GC freed 499(82KB) AllocSpace objects, 0(0B) LOS objects, 40% free, 23MB/39MB, paused 744us total 24.257ms
08-06 04:57:41.809 11539 11539 I Choreographer: Skipped 44 frames!  The application may be doing too much work on its main thread.
08-06 04:57:41.903 11539 11539 V MainActivity: url = https://project-travel-mate.herokuapp.com/api/number-of-unread-notifications
08-06 04:57:41.906   918   936 I ActivityManager: Displayed baseline.io.github.project_travel_mate/.MainActivity: +1s198ms
08-06 04:57:41.929 13866 13866 I GoogleInputMethodServic: GoogleInputMethodService.onFinishInput():3138 
08-06 04:57:41.930 11539 11539 V CityFragment: result=[{"id":1,"city_name":"Delhi","facts_count":6,"image":"https://upload.wikimedia.org/wikipedia/commons/9/94/%E0%B4%96%E0%B5%81%E0%B4%A4%E0%B5%8D%E0%B4%AC%E0%B5%8D_%E0%B4%AE%E0%B4%BF%E0%B4%A8%E0%B4%BE%E0%B5%BC1.jpg","visit_count":18186},{"id":2,"city_name":"Mumbai","facts_count":0,"image":"https://static1.squarespace.com/static/55917ae2e4b0984fc8c264c4/t/5ad7a037758d464041bfba27/1524102624280/Victoria_Mumbai.jpg","visit_count":6022},{"id":3,"city_name":"Bangalore","facts_count":0,"image":null,"visit_count":5536},{"id":8,"city_name":"Pune","facts_count":0,"image":"https://www.zricks.com/ImagesPostProject/47929//6557d975-20a9-4c6c-a776-8072a1936a76.jpg","visit_count":3324},{"id":4,"city_name":"Chennai","facts_count":0,"image":"http://lh3.ggpht.com/_YLb7tJ8RoAk/SfazBLdgf3I/AAAAAAAANEg/p52_Zz_URxg/s640/Picture%20009.jpg","visit_count":3061},{"id":5,"city_name":"Kolkata","facts_count":0,"image":"https://i.pinimg.com/originals/05/ec/42/05ec42c545b494d12cc612923483b4f0.jpg","visit_count":2211},{"id":9,"city_name":"Jaipur","facts_count":1,"image":"https://www.trodly.com/pictures/attraction/1943.jpg","visit_count":2007},{"id":6,"city_name":"Hyderabad","facts_count":0,"image":"https://i1.trekearth.com/photos/59194/charminar_020_sm.jpg","visit_count":1633},{"id":150,"city_name":"Panjim","facts_count":0,"image":"http://www.nomad4ever.com/wp-content/uploads/2009/04/palm-trees-at-baga-creek-north-goa1.jpg","visit_count":1488},{"id":7,"city_name":"Ahmedabad","facts_count":0,"image":"https://i.pinimg.com/originals/a5/ed/29/a5ed293271669a61f47059f7b0d9cf2c.jpg","visit_count":1115}]
08-06 04:57:41.933 13866 13866 I GoogleInputMethodServic: GoogleInputMethodService.onStartInput():1808 
08-06 04:57:41.984 11539 11539 D CityFragment: get cities cities size = 10
08-06 04:57:42.056 11539 11551 I art     : Starting a blocking GC Explicit
08-06 04:57:42.080 11539 11551 I art     : Explicit concurrent mark sweep GC freed 8866(556KB) AllocSpace objects, 2(40KB) LOS objects, 34% free, 30MB/46MB, paused 471us total 23.573ms
08-06 04:57:42.089 11539 11551 I art     : Starting a blocking GC Explicit
08-06 04:57:42.098 11539 11539 E RecyclerView: No adapter attached; skipping layout
08-06 04:57:42.106 11539 11551 I art     : Explicit concurrent mark sweep GC freed 1481(75KB) AllocSpace objects, 0(0B) LOS objects, 34% free, 30MB/46MB, paused 698us total 17.282ms
08-06 04:57:42.115 11539 11551 I art     : Starting a blocking GC Explicit
08-06 04:57:42.132 11539 11551 I art     : Explicit concurrent mark sweep GC freed 262(16KB) AllocSpace objects, 0(0B) LOS objects, 34% free, 30MB/46MB, paused 526us total 16.332ms
08-06 04:57:42.140 11539 11551 I art     : Starting a blocking GC Explicit
08-06 04:57:42.156 11539 11551 I art     : Explicit concurrent mark sweep GC freed 199(13KB) AllocSpace objects, 0(0B) LOS objects, 34% free, 30MB/46MB, paused 531us total 15.337ms
08-06 04:57:42.165 11539 11551 I art     : Starting a blocking GC Explicit
08-06 04:57:42.182 11539 11551 I art     : Explicit concurrent mark sweep GC freed 1529(187KB) AllocSpace objects, 4(176KB) LOS objects, 33% free, 32MB/48MB, paused 606us total 16.630ms
08-06 04:57:42.393   380   380 W SurfaceFlinger: couldn't log to binary event log: overflow.
08-06 04:57:42.439 11539 11599 I art     : Starting a blocking GC Explicit
08-06 04:57:42.458 11539 11629 I NAPPA_EXPERIMENTATION: MetricNetworkRequestExecutionTime: REQUEST_DURATION_SYSTEM='555',REQUEST_DURATION_OKHTTP='41',REQUEST_SYNCHRONOUS='FALSE',RESPONSE_CODE='200',RESPONSE_METHOD='GET',RESPONSE_LENGTH_OKHTTP='36',RESPONSE_LENGTH_HEADER='36',REQUEST_PROTOCOL='http/1.1',REQUEST_URL='https://project-travel-mate.herokuapp.com/api/number-of-unread-notifications',
08-06 04:57:42.459 11539 11599 I art     : Explicit concurrent mark sweep GC freed 17036(1483KB) AllocSpace objects, 14(4MB) LOS objects, 34% free, 30MB/46MB, paused 384us total 19.700ms
08-06 04:57:42.468 11539 11599 I art     : Starting a blocking GC Explicit
08-06 04:57:42.485 11539 11599 I art     : Explicit concurrent mark sweep GC freed 11561(637KB) AllocSpace objects, 0(0B) LOS objects, 34% free, 30MB/46MB, paused 373us total 16.438ms
08-06 04:57:42.493 11539 11599 I art     : Starting a blocking GC Explicit
08-06 04:57:42.509 11539 11599 I art     : Explicit concurrent mark sweep GC freed 411(20KB) AllocSpace objects, 2(88KB) LOS objects, 34% free, 30MB/46MB, paused 316us total 16.132ms
08-06 04:57:42.517 11539 11599 I art     : Starting a blocking GC Explicit
08-06 04:57:42.534 11539 11599 I art     : Explicit concurrent mark sweep GC freed 756(70KB) AllocSpace objects, 0(0B) LOS objects, 33% free, 31MB/47MB, paused 323us total 16.689ms
08-06 04:57:42.543 11539 11599 I art     : Starting a blocking GC Explicit
08-06 04:57:42.560 11539 11599 I art     : Explicit concurrent mark sweep GC freed 122(159KB) AllocSpace objects, 2(56KB) LOS objects, 33% free, 31MB/47MB, paused 310us total 16.385ms
08-06 04:57:42.860 11539 11550 I art     : Starting a blocking GC Explicit
08-06 04:57:42.881 11539 11550 I art     : Explicit concurrent mark sweep GC freed 10601(907KB) AllocSpace objects, 16(2MB) LOS objects, 32% free, 32MB/48MB, paused 439us total 20.701ms
08-06 04:57:42.889 11539 11550 I art     : Starting a blocking GC Explicit
08-06 04:57:42.905 11539 11550 I art     : Explicit concurrent mark sweep GC freed 410(15KB) AllocSpace objects, 2(88KB) LOS objects, 32% free, 32MB/48MB, paused 241us total 15.302ms
08-06 04:57:42.913 11539 11550 I art     : Starting a blocking GC Explicit
08-06 04:57:42.930 11539 11550 I art     : Explicit concurrent mark sweep GC freed 56(1056B) AllocSpace objects, 0(0B) LOS objects, 32% free, 32MB/48MB, paused 246us total 15.892ms
08-06 04:57:42.938 11539 11550 I art     : Starting a blocking GC Explicit
08-06 04:57:42.953 11539 11550 I art     : Explicit concurrent mark sweep GC freed 27(496B) AllocSpace objects, 0(0B) LOS objects, 32% free, 32MB/48MB, paused 244us total 15.148ms
08-06 04:57:42.962 11539 11550 I art     : Starting a blocking GC Explicit
08-06 04:57:42.978 11539 11550 I art     : Explicit concurrent mark sweep GC freed 43(752B) AllocSpace objects, 0(0B) LOS objects, 32% free, 32MB/48MB, paused 290us total 16.130ms
08-06 04:57:43.092  9137  9137 I ServiceManager: Waiting for service AtCmdFwd...
08-06 04:57:43.332 11539 11600 I art     : Starting a blocking GC Explicit
08-06 04:57:43.357 11539 11600 I art     : Explicit concurrent mark sweep GC freed 2369(111KB) AllocSpace objects, 2(40KB) LOS objects, 32% free, 32MB/48MB, paused 285us total 23.653ms
08-06 04:57:43.370 11539 11600 I art     : Starting a blocking GC Explicit
08-06 04:57:43.388 11539 11600 I art     : Explicit concurrent mark sweep GC freed 80(2304B) AllocSpace objects, 0(0B) LOS objects, 32% free, 32MB/48MB, paused 266us total 17.872ms
08-06 04:57:43.397 11539 11600 I art     : Starting a blocking GC Explicit
08-06 04:57:43.415 11539 11600 I art     : Explicit concurrent mark sweep GC freed 51(896B) AllocSpace objects, 0(0B) LOS objects, 32% free, 32MB/48MB, paused 255us total 17.661ms
08-06 04:57:43.424 11539 11600 I art     : Starting a blocking GC Explicit
08-06 04:57:43.442 11539 11600 I art     : Explicit concurrent mark sweep GC freed 27(496B) AllocSpace objects, 0(0B) LOS objects, 32% free, 32MB/48MB, paused 260us total 17.930ms
08-06 04:57:43.451 11539 11600 I art     : Starting a blocking GC Explicit
08-06 04:57:43.469 11539 11600 I art     : Explicit concurrent mark sweep GC freed 51(896B) AllocSpace objects, 0(0B) LOS objects, 32% free, 32MB/48MB, paused 258us total 17.669ms
08-06 04:57:43.832 11539 11551 I art     : Starting a blocking GC Explicit
08-06 04:57:43.855 11539 11551 I art     : Explicit concurrent mark sweep GC freed 1974(91KB) AllocSpace objects, 2(40KB) LOS objects, 32% free, 32MB/48MB, paused 262us total 23.004ms
08-06 04:57:43.864 11539 11551 I art     : Starting a blocking GC Explicit
08-06 04:57:43.882 11539 11551 I art     : Explicit concurrent mark sweep GC freed 70(1584B) AllocSpace objects, 0(0B) LOS objects, 32% free, 32MB/48MB, paused 272us total 17.596ms
08-06 04:57:43.892 11539 11551 I art     : Starting a blocking GC Explicit
08-06 04:57:43.909 11539 11551 I art     : Explicit concurrent mark sweep GC freed 27(496B) AllocSpace objects, 0(0B) LOS objects, 32% free, 32MB/48MB, paused 256us total 17.208ms
08-06 04:57:43.918 11539 11551 I art     : Starting a blocking GC Explicit
08-06 04:57:43.935 11539 11551 I art     : Explicit concurrent mark sweep GC freed 51(896B) AllocSpace objects, 0(0B) LOS objects, 32% free, 32MB/48MB, paused 251us total 17.307ms
08-06 04:57:43.945 11539 11551 I art     : Starting a blocking GC Explicit
08-06 04:57:43.962 11539 11551 I art     : Explicit concurrent mark sweep GC freed 27(496B) AllocSpace objects, 0(0B) LOS objects, 32% free, 32MB/48MB, paused 224us total 17.413ms
08-06 04:57:44.092  9137  9137 I ServiceManager: Waiting for service AtCmdFwd...
08-06 04:57:44.364 11539 11557 I art     : Starting a blocking GC Explicit
08-06 04:57:44.388 11539 11557 I art     : Explicit concurrent mark sweep GC freed 2048(93KB) AllocSpace objects, 2(40KB) LOS objects, 32% free, 32MB/48MB, paused 315us total 23.945ms
08-06 04:57:44.401 11539 11557 I art     : Starting a blocking GC Explicit
08-06 04:57:44.418 11539 11557 I art     : Explicit concurrent mark sweep GC freed 70(1584B) AllocSpace objects, 0(0B) LOS objects, 32% free, 32MB/48MB, paused 245us total 16.872ms
08-06 04:57:44.427 11539 11557 I art     : Starting a blocking GC Explicit
08-06 04:57:44.444 11539 11557 I art     : Explicit concurrent mark sweep GC freed 27(496B) AllocSpace objects, 0(0B) LOS objects, 32% free, 32MB/48MB, paused 262us total 17.492ms
08-06 04:57:44.453 11539 11557 I art     : Starting a blocking GC Explicit
08-06 04:57:44.471 11539 11557 I art     : Explicit concurrent mark sweep GC freed 51(896B) AllocSpace objects, 0(0B) LOS objects, 32% free, 32MB/48MB, paused 256us total 17.180ms
08-06 04:57:44.479 11539 11557 I art     : Starting a blocking GC Explicit
08-06 04:57:44.497 11539 11557 I art     : Explicit concurrent mark sweep GC freed 26(464B) AllocSpace objects, 0(0B) LOS objects, 32% free, 32MB/48MB, paused 282us total 17.729ms
08-06 04:57:44.851 11539 11550 I art     : Starting a blocking GC Explicit
08-06 04:57:44.870 11539 11550 I art     : Explicit concurrent mark sweep GC freed 1977(92KB) AllocSpace objects, 2(40KB) LOS objects, 32% free, 32MB/48MB, paused 241us total 18.262ms
08-06 04:57:44.880 11539 11550 I art     : Starting a blocking GC Explicit
08-06 04:57:44.898 11539 11550 I art     : Explicit concurrent mark sweep GC freed 52(1280B) AllocSpace objects, 0(0B) LOS objects, 32% free, 32MB/48MB, paused 294us total 17.548ms
08-06 04:57:44.906 11539 11550 I art     : Starting a blocking GC Explicit
08-06 04:57:44.923 11539 11550 I art     : Explicit concurrent mark sweep GC freed 46(832B) AllocSpace objects, 0(0B) LOS objects, 32% free, 32MB/48MB, paused 239us total 16.849ms
08-06 04:57:44.932 11539 11550 I art     : Starting a blocking GC Explicit
08-06 04:57:44.949 11539 11550 I art     : Explicit concurrent mark sweep GC freed 51(896B) AllocSpace objects, 0(0B) LOS objects, 32% free, 32MB/48MB, paused 238us total 16.390ms
08-06 04:57:44.958 11539 11550 I art     : Starting a blocking GC Explicit
08-06 04:57:44.974 11539 11550 I art     : Explicit concurrent mark sweep GC freed 27(496B) AllocSpace objects, 0(0B) LOS objects, 32% free, 32MB/48MB, paused 254us total 16.443ms
08-06 04:57:45.092  9137  9137 I ServiceManager: Waiting for service AtCmdFwd...
08-06 04:57:45.279 11539 11599 I art     : Starting a blocking GC Explicit
08-06 04:57:45.304 11539 11599 I art     : Explicit concurrent mark sweep GC freed 1903(90KB) AllocSpace objects, 2(40KB) LOS objects, 32% free, 32MB/48MB, paused 291us total 23.902ms
08-06 04:57:45.316 11539 11599 I art     : Starting a blocking GC Explicit
08-06 04:57:45.334 11539 11599 I art     : Explicit concurrent mark sweep GC freed 70(1584B) AllocSpace objects, 0(0B) LOS objects, 32% free, 32MB/48MB, paused 301us total 18.331ms
08-06 04:57:45.344 11539 11599 I art     : Starting a blocking GC Explicit
08-06 04:57:45.362 11539 11599 I art     : Explicit concurrent mark sweep GC freed 27(496B) AllocSpace objects, 0(0B) LOS objects, 32% free, 32MB/48MB, paused 255us total 18.189ms
08-06 04:57:45.371 11539 11599 I art     : Starting a blocking GC Explicit
08-06 04:57:45.388 11539 11599 I art     : Explicit concurrent mark sweep GC freed 51(896B) AllocSpace objects, 0(0B) LOS objects, 32% free, 32MB/48MB, paused 241us total 17.187ms
08-06 04:57:45.397 11539 11599 I art     : Starting a blocking GC Explicit
08-06 04:57:45.416 11539 11599 I art     : Explicit concurrent mark sweep GC freed 31(544B) AllocSpace objects, 0(0B) LOS objects, 32% free, 32MB/48MB, paused 298us total 18.295ms
08-06 04:57:45.757 11539 11600 I art     : Starting a blocking GC Explicit
08-06 04:57:45.776 11539 11600 I art     : Explicit concurrent mark sweep GC freed 1947(91KB) AllocSpace objects, 2(40KB) LOS objects, 32% free, 32MB/48MB, paused 264us total 18.640ms
08-06 04:57:45.785 11539 11600 I art     : Starting a blocking GC Explicit
08-06 04:57:45.803 11539 11600 I art     : Explicit concurrent mark sweep GC freed 70(1584B) AllocSpace objects, 0(0B) LOS objects, 32% free, 32MB/48MB, paused 262us total 17.566ms
08-06 04:57:45.812 11539 11600 I art     : Starting a blocking GC Explicit
08-06 04:57:45.830 11539 11600 I art     : Explicit concurrent mark sweep GC freed 27(496B) AllocSpace objects, 0(0B) LOS objects, 32% free, 32MB/48MB, paused 264us total 17.707ms
08-06 04:57:45.839 11539 11600 I art     : Starting a blocking GC Explicit
08-06 04:57:45.857 11539 11600 I art     : Explicit concurrent mark sweep GC freed 51(896B) AllocSpace objects, 0(0B) LOS objects, 32% free, 32MB/48MB, paused 287us total 17.495ms
08-06 04:57:45.866 11539 11600 I art     : Starting a blocking GC Explicit
08-06 04:57:45.884 11539 11600 I art     : Explicit concurrent mark sweep GC freed 38(656B) AllocSpace objects, 0(0B) LOS objects, 32% free, 32MB/48MB, paused 292us total 17.893ms
08-06 04:57:46.093  9137  9137 I ServiceManager: Waiting for service AtCmdFwd...
08-06 04:57:46.249 11539 11551 I art     : Starting a blocking GC Explicit
08-06 04:57:46.270 11539 11551 I art     : Explicit concurrent mark sweep GC freed 1988(92KB) AllocSpace objects, 2(40KB) LOS objects, 32% free, 32MB/48MB, paused 262us total 20.507ms
08-06 04:57:46.279 11539 11551 I art     : Starting a blocking GC Explicit
08-06 04:57:46.297 11539 11551 I art     : Explicit concurrent mark sweep GC freed 46(1184B) AllocSpace objects, 0(0B) LOS objects, 32% free, 32MB/48MB, paused 264us total 17.939ms
08-06 04:57:46.306 11539 11551 I art     : Starting a blocking GC Explicit
08-06 04:57:46.325 11539 11551 I art     : Explicit concurrent mark sweep GC freed 51(896B) AllocSpace objects, 0(0B) LOS objects, 32% free, 32MB/48MB, paused 260us total 17.877ms
08-06 04:57:46.334 11539 11551 I art     : Starting a blocking GC Explicit
08-06 04:57:46.352 11539 11551 I art     : Explicit concurrent mark sweep GC freed 44(752B) AllocSpace objects, 0(0B) LOS objects, 32% free, 32MB/48MB, paused 295us total 18.228ms
08-06 04:57:46.361 11539 11551 I art     : Starting a blocking GC Explicit
08-06 04:57:46.378 11539 11551 I art     : Explicit concurrent mark sweep GC freed 34(640B) AllocSpace objects, 0(0B) LOS objects, 32% free, 32MB/48MB, paused 265us total 16.727ms
08-06 04:57:46.723 11539 11557 I art     : Starting a blocking GC Explicit
08-06 04:57:46.748 11539 11557 I art     : Explicit concurrent mark sweep GC freed 1951(91KB) AllocSpace objects, 2(40KB) LOS objects, 32% free, 32MB/48MB, paused 298us total 24.363ms
08-06 04:57:46.760 11539 11557 I art     : Starting a blocking GC Explicit
08-06 04:57:46.777 11539 11557 I art     : Explicit concurrent mark sweep GC freed 70(1584B) AllocSpace objects, 0(0B) LOS objects, 32% free, 32MB/48MB, paused 265us total 16.572ms
08-06 04:57:46.785 11539 11557 I art     : Starting a blocking GC Explicit
08-06 04:57:46.802 11539 11557 I art     : Explicit concurrent mark sweep GC freed 51(896B) AllocSpace objects, 0(0B) LOS objects, 32% free, 32MB/48MB, paused 247us total 16.819ms
08-06 04:57:46.811 11539 11557 I art     : Starting a blocking GC Explicit
08-06 04:57:46.828 11539 11557 I art     : Explicit concurrent mark sweep GC freed 27(496B) AllocSpace objects, 0(0B) LOS objects, 32% free, 32MB/48MB, paused 253us total 16.552ms
08-06 04:57:46.837 11539 11557 I art     : Starting a blocking GC Explicit
08-06 04:57:46.854 11539 11557 I art     : Explicit concurrent mark sweep GC freed 50(864B) AllocSpace objects, 0(0B) LOS objects, 32% free, 32MB/48MB, paused 252us total 17.505ms
08-06 04:57:47.094  9137  9137 I ServiceManager: Waiting for service AtCmdFwd...
08-06 04:57:47.187 11539 11550 I art     : Starting a blocking GC Explicit
08-06 04:57:47.206 11539 11550 I art     : Explicit concurrent mark sweep GC freed 1929(91KB) AllocSpace objects, 2(40KB) LOS objects, 32% free, 32MB/48MB, paused 250us total 18.558ms
08-06 04:57:47.216 11539 11550 I art     : Starting a blocking GC Explicit
08-06 04:57:47.233 11539 11550 I art     : Explicit concurrent mark sweep GC freed 49(1216B) AllocSpace objects, 0(0B) LOS objects, 32% free, 32MB/48MB, paused 296us total 16.795ms
08-06 04:57:47.242 11539 11550 I art     : Starting a blocking GC Explicit
08-06 04:57:47.258 11539 11550 I art     : Explicit concurrent mark sweep GC freed 48(864B) AllocSpace objects, 0(0B) LOS objects, 32% free, 32MB/48MB, paused 233us total 15.816ms
08-06 04:57:47.266 11539 11550 I art     : Starting a blocking GC Explicit
08-06 04:57:47.282 11539 11550 I art     : Explicit concurrent mark sweep GC freed 26(464B) AllocSpace objects, 0(0B) LOS objects, 32% free, 32MB/48MB, paused 235us total 15.350ms
08-06 04:57:47.290 11539 11550 I art     : Starting a blocking GC Explicit
08-06 04:57:47.305 11539 11550 I art     : Explicit concurrent mark sweep GC freed 52(928B) AllocSpace objects, 0(0B) LOS objects, 32% free, 32MB/48MB, paused 228us total 14.961ms
08-06 04:57:47.585 11539 11599 I art     : Starting a blocking GC Explicit
08-06 04:57:47.585 11767 11767 D AndroidRuntime: >>>>>> START com.android.internal.os.RuntimeInit uid 2000 <<<<<<
08-06 04:57:47.604 11539 11599 I art     : Explicit concurrent mark sweep GC freed 1856(90KB) AllocSpace objects, 2(40KB) LOS objects, 32% free, 32MB/48MB, paused 248us total 18.668ms
08-06 04:57:47.613 11539 11599 I art     : Starting a blocking GC Explicit
08-06 04:57:47.630 11539 11599 I art     : Explicit concurrent mark sweep GC freed 46(1184B) AllocSpace objects, 0(0B) LOS objects, 32% free, 32MB/48MB, paused 245us total 17.074ms
08-06 04:57:47.634 11767 11767 D AndroidRuntime: CheckJNI is OFF
08-06 04:57:47.639 11539 11599 I art     : Starting a blocking GC Explicit
08-06 04:57:47.657 11539 11599 I art     : Explicit concurrent mark sweep GC freed 51(896B) AllocSpace objects, 0(0B) LOS objects, 32% free, 32MB/48MB, paused 300us total 17.172ms
08-06 04:57:47.665 11539 11599 I art     : Starting a blocking GC Explicit
08-06 04:57:47.675 11767 11767 D ICU     : No timezone override file found: /data/misc/zoneinfo/current/icu/icu_tzdata.dat
08-06 04:57:47.682 11539 11599 I art     : Explicit concurrent mark sweep GC freed 27(496B) AllocSpace objects, 0(0B) LOS objects, 32% free, 32MB/48MB, paused 286us total 16.785ms
08-06 04:57:47.691 11539 11599 I art     : Starting a blocking GC Explicit
08-06 04:57:47.707 11539 11599 I art     : Explicit concurrent mark sweep GC freed 51(896B) AllocSpace objects, 0(0B) LOS objects, 32% free, 32MB/48MB, paused 271us total 16.172ms
08-06 04:57:47.719 11767 11767 I Radio-JNI: register_android_hardware_Radio DONE
08-06 04:57:47.734 11767 11767 D AndroidRuntime: Calling main entry com.android.commands.input.Input
08-06 04:57:47.736 11767 11767 I Input   : injectMotionEvent: MotionEvent { action=ACTION_DOWN, actionButton=0, id[0]=0, x[0]=346.0, y[0]=709.0, toolType[0]=TOOL_TYPE_UNKNOWN, buttonState=0, metaState=0, flags=0x0, edgeFlags=0x0, pointerCount=1, historySize=0, eventTime=853084149, downTime=853084149, deviceId=0, source=0x1002 }
08-06 04:57:47.740 11767 11767 I Input   : injectMotionEvent: MotionEvent { action=ACTION_UP, actionButton=0, id[0]=0, x[0]=346.0, y[0]=709.0, toolType[0]=TOOL_TYPE_UNKNOWN, buttonState=0, metaState=0, flags=0x0, edgeFlags=0x0, pointerCount=1, historySize=0, eventTime=853084149, downTime=853084149, deviceId=0, source=0x1002 }
08-06 04:57:47.751   918  5132 I ActivityManager: START u0 {cmp=baseline.io.github.project_travel_mate/.destinations.description.FinalCityInfoActivity (has extras)} from uid 10696 on display 0
08-06 04:57:47.756 11767 11767 D AndroidRuntime: Shutting down VM
08-06 04:57:47.773 11539 11620 D Gabe    : call	returning from cache
08-06 04:57:47.796 11539 11539 V EXECUTING: https://project-travel-mate.herokuapp.com/api/get-city-weather/1
08-06 04:57:47.867   918  3247 I InputReader: Reconfiguring input devices.  changes=0x00000010
08-06 04:57:47.869   918   918 W ResourceType: ResTable_typeSpec entry count inconsistent: given 83, previously 87
08-06 04:57:47.869   918   918 W ResourceType: ResTable_typeSpec entry count inconsistent: given 542, previously 2227
08-06 04:57:47.869   918   918 W ResourceType: ResTable_typeSpec entry count inconsistent: given 669, previously 1961
08-06 04:57:47.870   918   918 W ResourceType: ResTable_typeSpec entry count inconsistent: given 1967, previously 1961
08-06 04:57:47.870   918   918 W ResourceType: ResTable_typeSpec entry count inconsistent: given 386, previously 2092
08-06 04:57:47.870   918   918 W ResourceType: For resource 0x7f0805b8, entry index(1464) is beyond type entryCount(669)
08-06 04:57:47.871   918   918 W ResourceType: For resource 0x7f0805b8, entry index(1464) is beyond type entryCount(669)
08-06 04:57:47.872   918   918 W ResourceType: For resource 0x7f0805b8, entry index(1464) is beyond type entryCount(669)
08-06 04:57:47.890 24365 11808 I Fitness : OnPackageChangedOperation got intent: Intent { act=android.intent.action.PACKAGE_CHANGED dat=package:com.google.android.talk flg=0x4000010 cmp=com.google.android.gms/.chimera.PersistentIntentOperationService (has extras) } [CONTEXT service_id=17 ]
08-06 04:57:47.908 14692 14692 I Finsky  : [1] uah.a(18): PackageMonitorReceiverImpl - Received: android.intent.action.PACKAGE_CHANGED, [6xenAgpwpEkTltaPdf95MQ21dEOZMDrVh3pUVXZo6GU]
08-06 04:57:47.908 14692 14692 I Finsky  : [1] ubi.d(9): Invalidating cached PackageState for com.google.android.talk
08-06 04:57:47.908 24365 11814 I Fitness : FitCleanupIntentOperation received Intent android.intent.action.PACKAGE_CHANGED [CONTEXT service_id=17 ]
08-06 04:57:47.914 14692 14692 I Finsky  : [1] lzi.c(2): Frosting ID looked up on UI thread. Caller should move to a background thread.
08-06 04:57:47.929   918   936 I ActivityManager: Displayed baseline.io.github.project_travel_mate/.destinations.description.FinalCityInfoActivity: +172ms
08-06 04:57:47.929 13866 13866 I GoogleInputMethodServic: GoogleInputMethodService.onFinishInput():3138 
08-06 04:57:47.930 13866 13866 I GoogleInputMethodServic: GoogleInputMethodService.onStartInput():1808 
08-06 04:57:47.983 14692 14692 I Finsky  : [1] lzi.c(2): Frosting ID looked up on UI thread. Caller should move to a background thread.
08-06 04:57:47.991 11539 11599 I art     : Starting a blocking GC Explicit
08-06 04:57:48.013 11539 11599 I art     : Explicit concurrent mark sweep GC freed 9361(590KB) AllocSpace objects, 2(40KB) LOS objects, 29% free, 37MB/53MB, paused 370us total 21.105ms
08-06 04:57:48.022 11539 11599 I art     : Starting a blocking GC Explicit
08-06 04:57:48.040 11539 11599 I art     : Explicit concurrent mark sweep GC freed 641(30KB) AllocSpace objects, 0(0B) LOS objects, 29% free, 37MB/53MB, paused 384us total 17.991ms
08-06 04:57:48.049 14692 11821 I Finsky  : [6357] lyv.run(-1): Wrote row to frosting DB: 3188
08-06 04:57:48.050 11539 11599 I art     : Starting a blocking GC Explicit
08-06 04:57:48.069 11539 11599 I art     : Explicit concurrent mark sweep GC freed 99(1696B) AllocSpace objects, 0(0B) LOS objects, 29% free, 37MB/53MB, paused 292us total 18.033ms
08-06 04:57:48.079 11539 11599 I art     : Starting a blocking GC Explicit
08-06 04:57:48.080 14692 11821 I Finsky  : [6357] lyv.run(-1): Wrote row to frosting DB: 3189
08-06 04:57:48.094  9137  9137 W Atfwd_Sendcmd: AtCmdFwd service not published, waiting... retryCnt : 4
08-06 04:57:48.097 11539 11599 I art     : Explicit concurrent mark sweep GC freed 51(896B) AllocSpace objects, 0(0B) LOS objects, 29% free, 37MB/53MB, paused 352us total 18.192ms
08-06 04:57:48.106 11539 11599 I art     : Starting a blocking GC Explicit
08-06 04:57:48.125 11539 11599 I art     : Explicit concurrent mark sweep GC freed 99(1696B) AllocSpace objects, 0(0B) LOS objects, 29% free, 37MB/53MB, paused 293us total 19.291ms
08-06 04:57:48.165 24577 13316 I Icing   : IndexChimeraService.getServiceInterface callingPackage=com.google.android.gms componentName=AppsCorpus serviceId=36
08-06 04:57:48.184   380   380 W SurfaceFlinger: couldn't log to binary event log: overflow.
08-06 04:57:48.191 24577 23808 W Icing   : No valid account for uploading user actions
08-06 04:57:48.208 24577 13336 I Icing   : IndexChimeraService.getServiceInterface callingPackage=com.google.android.gms componentName=null serviceId=30
08-06 04:57:48.257 24577 23808 I Icing   : Usage reports ok 2, Failed Usage reports 0, indexed 0, rejected 0
08-06 04:57:48.261 24577 13336 I Icing   : IndexChimeraService.getServiceInterface callingPackage=com.google.android.gms componentName=null serviceId=36
08-06 04:57:48.262 24577 23808 W Icing   : No valid account for uploading user actions
08-06 04:57:48.271 24577 23808 I Icing   : Usage reports ok 0, Failed Usage reports 0, indexed 0, rejected 0
08-06 04:57:48.271 24577 23808 I Icing   : Indexing com.google.android.gms-internal.3p:MobileApplication from com.google.android.gms using seqno 763
08-06 04:57:48.285 24577 23808 W Icing   : No valid account for uploading user actions
08-06 04:57:48.302 24577 23808 I Icing   : Usage reports ok 0, Failed Usage reports 0, indexed 0, rejected 0
08-06 04:57:48.416 11539 11599 I art     : Starting a blocking GC Explicit
08-06 04:57:48.437 11539 11599 I art     : Explicit concurrent mark sweep GC freed 2304(105KB) AllocSpace objects, 2(40KB) LOS objects, 29% free, 37MB/53MB, paused 600us total 19.908ms
08-06 04:57:48.446 11539 11599 I art     : Starting a blocking GC Explicit
08-06 04:57:48.465 11539 11599 I art     : Explicit concurrent mark sweep GC freed 1561(118KB) AllocSpace objects, 2(120KB) LOS objects, 29% free, 37MB/53MB, paused 698us total 19.336ms
08-06 04:57:48.475 11539 11599 I art     : Starting a blocking GC Explicit
08-06 04:57:48.495 11539 11599 I art     : Explicit concurrent mark sweep GC freed 3671(173KB) AllocSpace objects, 1(80KB) LOS objects, 29% free, 37MB/53MB, paused 560us total 20.547ms
08-06 04:57:48.503 11539 11599 I art     : Starting a blocking GC Explicit
08-06 04:57:48.523 11539 11795 I NAPPA_EXPERIMENTATION: MetricNetworkRequestExecutionTime: REQUEST_DURATION_SYSTEM='727',REQUEST_DURATION_OKHTTP='36',REQUEST_SYNCHRONOUS='FALSE',RESPONSE_CODE='200',RESPONSE_METHOD='GET',RESPONSE_LENGTH_OKHTTP='238',RESPONSE_LENGTH_HEADER='238',REQUEST_PROTOCOL='http/1.1',REQUEST_URL='https://project-travel-mate.herokuapp.com/api/get-city-weather/1',
08-06 04:57:48.523 11539 11599 I art     : Explicit concurrent mark sweep GC freed 716(73KB) AllocSpace objects, 0(0B) LOS objects, 29% free, 37MB/53MB, paused 464us total 19.628ms
08-06 04:57:48.533 11539 11599 I art     : Starting a blocking GC Explicit
08-06 04:57:48.547 11539 11796 I NAPPA_EXPERIMENTATION: MetricNetworkRequestExecutionTime: REQUEST_DURATION_SYSTEM='751',REQUEST_DURATION_OKHTTP='60',REQUEST_SYNCHRONOUS='FALSE',RESPONSE_CODE='200',RESPONSE_METHOD='GET',RESPONSE_LENGTH_OKHTTP='530',RESPONSE_LENGTH_HEADER='530',REQUEST_PROTOCOL='http/1.1',REQUEST_URL='https://project-travel-mate.herokuapp.com/api/get-city/1',
08-06 04:57:48.551 11539 11599 I art     : Explicit concurrent mark sweep GC freed 327(23KB) AllocSpace objects, 0(0B) LOS objects, 29% free, 37MB/53MB, paused 449us total 18.053ms
08-06 04:57:48.589 11539 11796 V Response: {"id":1,"city_name":"Delhi","description":"Delhi, officially the National Capital Territory of Delhi, is the Capital territory of India. During the British Raj, Delhi was part of the province of Punjab and is still historically and culturally connected to the Punjab region.","latitude":"28.613900","longitude":"77.209000","facts_count":6,"images":["https://upload.wikimedia.org/wikipedia/commons/9/94/%E0%B4%96%E0%B5%81%E0%B4%A4%E0%B5%8D%E0%B4%AC%E0%B5%8D_%E0%B4%AE%E0%B4%BF%E0%B4%A8%E0%B4%BE%E0%B5%BC1.jpg"],"has_visited":false}
08-06 04:57:48.831 11539 11599 I art     : Starting a blocking GC Explicit
08-06 04:57:48.857 11539 11599 I art     : Explicit concurrent mark sweep GC freed 5001(359KB) AllocSpace objects, 11(5MB) LOS objects, 29% free, 38MB/54MB, paused 290us total 25.131ms
08-06 04:57:48.866 11539 11599 I art     : Starting a blocking GC Explicit
08-06 04:57:48.887 11539 11599 I art     : Explicit concurrent mark sweep GC freed 281(9KB) AllocSpace objects, 0(0B) LOS objects, 29% free, 38MB/54MB, paused 499us total 20.090ms
08-06 04:57:48.896 11539 11599 I art     : Starting a blocking GC Explicit
08-06 04:57:48.917 11539 11599 I art     : Explicit concurrent mark sweep GC freed 54(1072B) AllocSpace objects, 0(0B) LOS objects, 29% free, 38MB/54MB, paused 528us total 20.428ms
08-06 04:57:48.926 11539 11599 I art     : Starting a blocking GC Explicit
08-06 04:57:48.946 11539 11599 I art     : Explicit concurrent mark sweep GC freed 99(1696B) AllocSpace objects, 0(0B) LOS objects, 29% free, 38MB/54MB, paused 289us total 20.405ms
08-06 04:57:48.955 11539 11599 I art     : Starting a blocking GC Explicit
08-06 04:57:48.973 11539 11599 I art     : Explicit concurrent mark sweep GC freed 99(1696B) AllocSpace objects, 0(0B) LOS objects, 29% free, 38MB/54MB, paused 246us total 17.668ms
08-06 04:57:49.260 24577 23808 I Icing   : Indexing com.google.android.gms-apps from com.google.android.gms
08-06 04:57:49.297 11539 11551 I art     : Starting a blocking GC Explicit
08-06 04:57:49.301 24577 20137 I Icing   : Indexing done com.google.android.gms-apps
08-06 04:57:49.316 11539 11551 I art     : Explicit concurrent mark sweep GC freed 2407(99KB) AllocSpace objects, 2(40KB) LOS objects, 29% free, 38MB/54MB, paused 284us total 18.989ms
08-06 04:57:49.325 11539 11551 I art     : Starting a blocking GC Explicit
08-06 04:57:49.344 11539 11551 I art     : Explicit concurrent mark sweep GC freed 128(2928B) AllocSpace objects, 0(0B) LOS objects, 29% free, 38MB/54MB, paused 278us total 19.389ms
08-06 04:57:49.353 11539 11551 I art     : Starting a blocking GC Explicit
08-06 04:57:49.373 11539 11551 I art     : Explicit concurrent mark sweep GC freed 99(1696B) AllocSpace objects, 0(0B) LOS objects, 29% free, 38MB/54MB, paused 267us total 19.488ms
08-06 04:57:49.382 11539 11551 I art     : Starting a blocking GC Explicit
08-06 04:57:49.402 11539 11551 I art     : Explicit concurrent mark sweep GC freed 51(896B) AllocSpace objects, 0(0B) LOS objects, 29% free, 38MB/54MB, paused 286us total 19.556ms
08-06 04:57:49.411 11539 11551 I art     : Starting a blocking GC Explicit
08-06 04:57:49.431 11539 11551 I art     : Explicit concurrent mark sweep GC freed 99(1696B) AllocSpace objects, 0(0B) LOS objects, 29% free, 38MB/54MB, paused 279us total 19.882ms
08-06 04:57:49.814 11539 11599 I art     : Starting a blocking GC Explicit
08-06 04:57:49.836 11539 11599 I art     : Explicit concurrent mark sweep GC freed 2586(101KB) AllocSpace objects, 2(40KB) LOS objects, 29% free, 38MB/54MB, paused 371us total 21.817ms
08-06 04:57:49.846 11539 11599 I art     : Starting a blocking GC Explicit
08-06 04:57:49.866 11539 11599 I art     : Explicit concurrent mark sweep GC freed 107(2208B) AllocSpace objects, 0(0B) LOS objects, 29% free, 38MB/54MB, paused 283us total 20.186ms
08-06 04:57:49.875 11539 11599 I art     : Starting a blocking GC Explicit
08-06 04:57:49.895 11539 11599 I art     : Explicit concurrent mark sweep GC freed 99(1696B) AllocSpace objects, 0(0B) LOS objects, 29% free, 38MB/54MB, paused 285us total 19.941ms
08-06 04:57:49.904 11539 11599 I art     : Starting a blocking GC Explicit
08-06 04:57:49.925 11539 11599 I art     : Explicit concurrent mark sweep GC freed 99(1696B) AllocSpace objects, 0(0B) LOS objects, 29% free, 38MB/54MB, paused 302us total 20.350ms
08-06 04:57:49.934 11539 11599 I art     : Starting a blocking GC Explicit
08-06 04:57:49.955 11539 11599 I art     : Explicit concurrent mark sweep GC freed 99(1696B) AllocSpace objects, 0(0B) LOS objects, 29% free, 38MB/54MB, paused 322us total 20.575ms
08-06 04:57:50.299 11539 11557 I art     : Starting a blocking GC Explicit
08-06 04:57:50.319 11539 11557 I art     : Explicit concurrent mark sweep GC freed 2431(99KB) AllocSpace objects, 2(40KB) LOS objects, 29% free, 38MB/54MB, paused 283us total 20.371ms
08-06 04:57:50.328 11539 11557 I art     : Starting a blocking GC Explicit
08-06 04:57:50.348 11539 11557 I art     : Explicit concurrent mark sweep GC freed 118(2384B) AllocSpace objects, 0(0B) LOS objects, 29% free, 38MB/54MB, paused 271us total 19.867ms
08-06 04:57:50.357 11539 11557 I art     : Starting a blocking GC Explicit
08-06 04:57:50.378 11539 11557 I art     : Explicit concurrent mark sweep GC freed 99(1696B) AllocSpace objects, 0(0B) LOS objects, 29% free, 38MB/54MB, paused 295us total 20.061ms
08-06 04:57:50.387 11539 11557 I art     : Starting a blocking GC Explicit
08-06 04:57:50.407 11539 11557 I art     : Explicit concurrent mark sweep GC freed 99(1696B) AllocSpace objects, 0(0B) LOS objects, 29% free, 38MB/54MB, paused 285us total 19.939ms
08-06 04:57:50.417 11539 11557 I art     : Starting a blocking GC Explicit
08-06 04:57:50.437 11539 11557 I art     : Explicit concurrent mark sweep GC freed 58(1008B) AllocSpace objects, 0(0B) LOS objects, 29% free, 38MB/54MB, paused 416us total 19.967ms
08-06 04:57:50.802 11539 11600 I art     : Starting a blocking GC Explicit
08-06 04:57:50.826 11539 11600 I art     : Explicit concurrent mark sweep GC freed 2569(101KB) AllocSpace objects, 2(40KB) LOS objects, 29% free, 38MB/54MB, paused 281us total 23.557ms
08-06 04:57:50.835 11539 11600 I art     : Starting a blocking GC Explicit
08-06 04:57:50.853 11539 11600 I art     : Explicit concurrent mark sweep GC freed 70(1584B) AllocSpace objects, 0(0B) LOS objects, 29% free, 38MB/54MB, paused 296us total 18.396ms
08-06 04:57:50.862 11539 11600 I art     : Starting a blocking GC Explicit
08-06 04:57:50.881 11539 11600 I art     : Explicit concurrent mark sweep GC freed 99(1696B) AllocSpace objects, 0(0B) LOS objects, 29% free, 38MB/54MB, paused 281us total 18.900ms
08-06 04:57:50.890 11539 11600 I art     : Starting a blocking GC Explicit
08-06 04:57:50.908 11539 11600 I art     : Explicit concurrent mark sweep GC freed 99(1696B) AllocSpace objects, 0(0B) LOS objects, 29% free, 38MB/54MB, paused 260us total 18.172ms
08-06 04:57:50.918 11539 11600 I art     : Starting a blocking GC Explicit
08-06 04:57:50.938 11539 11600 I art     : Explicit concurrent mark sweep GC freed 81(1392B) AllocSpace objects, 0(0B) LOS objects, 29% free, 38MB/54MB, paused 340us total 19.839ms
08-06 04:57:51.272 11539 11550 I art     : Starting a blocking GC Explicit
08-06 04:57:51.294 11539 11550 I art     : Explicit concurrent mark sweep GC freed 2451(99KB) AllocSpace objects, 2(40KB) LOS objects, 29% free, 38MB/54MB, paused 287us total 21.572ms
08-06 04:57:51.303 11539 11550 I art     : Starting a blocking GC Explicit
08-06 04:57:51.324 11539 11550 I art     : Explicit concurrent mark sweep GC freed 117(2352B) AllocSpace objects, 0(0B) LOS objects, 29% free, 38MB/54MB, paused 288us total 20.103ms
08-06 04:57:51.333 11539 11550 I art     : Starting a blocking GC Explicit
08-06 04:57:51.353 11539 11550 I art     : Explicit concurrent mark sweep GC freed 52(928B) AllocSpace objects, 0(0B) LOS objects, 29% free, 38MB/54MB, paused 270us total 19.730ms
08-06 04:57:51.362 11539 11550 I art     : Starting a blocking GC Explicit
08-06 04:57:51.382 11539 11550 I art     : Explicit concurrent mark sweep GC freed 99(1696B) AllocSpace objects, 0(0B) LOS objects, 29% free, 38MB/54MB, paused 288us total 20.080ms
08-06 04:57:51.392 11539 11550 I art     : Starting a blocking GC Explicit
08-06 04:57:51.413 11539 11550 I art     : Explicit concurrent mark sweep GC freed 99(1696B) AllocSpace objects, 0(0B) LOS objects, 29% free, 38MB/54MB, paused 280us total 20.356ms
08-06 04:57:51.750 11539 11551 I art     : Starting a blocking GC Explicit
08-06 04:57:51.774 11539 11551 I art     : Explicit concurrent mark sweep GC freed 2478(100KB) AllocSpace objects, 2(40KB) LOS objects, 29% free, 38MB/54MB, paused 306us total 23.257ms
08-06 04:57:51.786 11539 11551 I art     : Starting a blocking GC Explicit
08-06 04:57:51.806 11539 11551 I art     : Explicit concurrent mark sweep GC freed 106(2176B) AllocSpace objects, 0(0B) LOS objects, 29% free, 38MB/54MB, paused 355us total 19.462ms
08-06 04:57:51.815 11539 11551 I art     : Starting a blocking GC Explicit
08-06 04:57:51.834 11539 11551 I art     : Explicit concurrent mark sweep GC freed 64(1136B) AllocSpace objects, 0(0B) LOS objects, 29% free, 38MB/54MB, paused 267us total 19.141ms
08-06 04:57:51.843 11539 11551 I art     : Starting a blocking GC Explicit
08-06 04:57:51.863 11539 11551 I art     : Explicit concurrent mark sweep GC freed 99(1696B) AllocSpace objects, 0(0B) LOS objects, 29% free, 38MB/54MB, paused 274us total 19.645ms
08-06 04:57:51.872 11539 11551 I art     : Starting a blocking GC Explicit
08-06 04:57:51.892 11539 11551 I art     : Explicit concurrent mark sweep GC freed 99(1696B) AllocSpace objects, 0(0B) LOS objects, 29% free, 38MB/54MB, paused 285us total 20.130ms
08-06 04:57:52.193 11539 11557 I art     : Starting a blocking GC Explicit
08-06 04:57:52.213 11539 11557 I art     : Explicit concurrent mark sweep GC freed 2359(98KB) AllocSpace objects, 2(40KB) LOS objects, 29% free, 38MB/54MB, paused 286us total 20.404ms
08-06 04:57:52.223 11539 11557 I art     : Starting a blocking GC Explicit
08-06 04:57:52.243 11539 11557 I art     : Explicit concurrent mark sweep GC freed 128(2928B) AllocSpace objects, 0(0B) LOS objects, 29% free, 38MB/54MB, paused 285us total 20.448ms
08-06 04:57:52.252 11539 11557 I art     : Starting a blocking GC Explicit
08-06 04:57:52.272 11539 11557 I art     : Explicit concurrent mark sweep GC freed 56(976B) AllocSpace objects, 0(0B) LOS objects, 29% free, 38MB/54MB, paused 408us total 19.604ms
08-06 04:57:52.281 11539 11557 I art     : Starting a blocking GC Explicit
08-06 04:57:52.301 11539 11557 I art     : Explicit concurrent mark sweep GC freed 94(1616B) AllocSpace objects, 0(0B) LOS objects, 29% free, 38MB/54MB, paused 289us total 19.609ms
08-06 04:57:52.310 11539 11557 I art     : Starting a blocking GC Explicit
08-06 04:57:52.330 11539 11557 I art     : Explicit concurrent mark sweep GC freed 99(1696B) AllocSpace objects, 0(0B) LOS objects, 29% free, 38MB/54MB, paused 284us total 19.567ms
08-06 04:57:52.391 11908 11908 D AndroidRuntime: >>>>>> START com.android.internal.os.RuntimeInit uid 2000 <<<<<<
08-06 04:57:52.395 11908 11908 D AndroidRuntime: CheckJNI is OFF
08-06 04:57:52.422 11908 11908 D ICU     : No timezone override file found: /data/misc/zoneinfo/current/icu/icu_tzdata.dat
08-06 04:57:52.448 11908 11908 I Radio-JNI: register_android_hardware_Radio DONE
08-06 04:57:52.464 11908 11908 D AndroidRuntime: Calling main entry com.android.commands.input.Input
08-06 04:57:52.466 11908 11908 I Input   : injectMotionEvent: MotionEvent { action=ACTION_DOWN, actionButton=0, id[0]=0, x[0]=693.0, y[0]=1450.0, toolType[0]=TOOL_TYPE_UNKNOWN, buttonState=0, metaState=0, flags=0x0, edgeFlags=0x0, pointerCount=1, historySize=0, eventTime=853088879, downTime=853088879, deviceId=0, source=0x1002 }
08-06 04:57:52.474 11908 11908 I Input   : injectMotionEvent: MotionEvent { action=ACTION_UP, actionButton=0, id[0]=0, x[0]=693.0, y[0]=1450.0, toolType[0]=TOOL_TYPE_UNKNOWN, buttonState=0, metaState=0, flags=0x0, edgeFlags=0x0, pointerCount=1, historySize=0, eventTime=853088879, downTime=853088879, deviceId=0, source=0x1002 }
08-06 04:57:52.476 11908 11908 D AndroidRuntime: Shutting down VM
08-06 04:57:52.478   918  3961 I ActivityManager: START u0 {cmp=baseline.io.github.project_travel_mate/.destinations.description.CityHistoryActivity} from uid 10696 on display 0
08-06 04:57:52.479   512  2967 D audio_hw_primary: out_set_parameters: enter: usecase(1: low-latency-playback) kvpairs: routing=2
08-06 04:57:52.493   512  2967 D audio_hw_primary: select_devices: out_snd_device(2: speaker) in_snd_device(0: none)
08-06 04:57:52.493   512  2967 D msm8974_platform: platform_send_audio_calibration: sending audio calibration for snd_device(2) acdb_id(15)
08-06 04:57:52.493   512  2967 I soundtrigger: audio_extn_sound_trigger_update_device_status: device 0x2 of type 0 for Event 1
08-06 04:57:52.506   512  2967 D audio_hw_primary: enable_snd_device: snd_device(2: speaker)
08-06 04:57:52.508   512  2967 D audio_hw_primary: enable_audio_route: apply and update mixer path: low-latency-playback speaker
08-06 04:57:52.512 11539 11620 D Gabe    : call	returning from cache
08-06 04:57:52.513 11539 11539 V EXECUTING: https://project-travel-mate.herokuapp.com/api/get-city-information/1
08-06 04:57:52.609 11539 11550 I art     : Starting a blocking GC Explicit
08-06 04:57:52.631 11539 11550 I art     : Explicit concurrent mark sweep GC freed 3150(225KB) AllocSpace objects, 2(40KB) LOS objects, 27% free, 42MB/58MB, paused 401us total 21.802ms
08-06 04:57:52.638   918   936 I ActivityManager: Displayed baseline.io.github.project_travel_mate/.destinations.description.CityHistoryActivity: +150ms
08-06 04:57:52.641 11539 11550 I art     : Starting a blocking GC Explicit
08-06 04:57:52.642 13866 13866 I GoogleInputMethodServic: GoogleInputMethodService.onFinishInput():3138 
08-06 04:57:52.643 13866 13866 I GoogleInputMethodServic: GoogleInputMethodService.onStartInput():1808 
08-06 04:57:52.663 11539 11550 I art     : Explicit concurrent mark sweep GC freed 352(12KB) AllocSpace objects, 0(0B) LOS objects, 27% free, 42MB/58MB, paused 607us total 22.422ms
08-06 04:57:52.675 11539 11550 I art     : Starting a blocking GC Explicit
08-06 04:57:52.699 11539 11550 I art     : Explicit concurrent mark sweep GC freed 22(432B) AllocSpace objects, 0(0B) LOS objects, 27% free, 42MB/58MB, paused 339us total 24.224ms
08-06 04:57:52.709 11539 11550 I art     : Starting a blocking GC Explicit
08-06 04:57:52.730 11539 11550 I art     : Explicit concurrent mark sweep GC freed 224(3KB) AllocSpace objects, 0(0B) LOS objects, 27% free, 42MB/58MB, paused 325us total 20.391ms
08-06 04:57:52.740 11539 11550 I art     : Starting a blocking GC Explicit
08-06 04:57:52.760 11539 11550 I art     : Explicit concurrent mark sweep GC freed 147(2496B) AllocSpace objects, 0(0B) LOS objects, 27% free, 42MB/58MB, paused 305us total 19.752ms
08-06 04:57:52.891   380   380 W SurfaceFlinger: couldn't log to binary event log: overflow.
08-06 04:57:53.019 11539 11938 I NAPPA_EXPERIMENTATION: MetricNetworkRequestExecutionTime: REQUEST_DURATION_SYSTEM='505',REQUEST_DURATION_OKHTTP='34',REQUEST_SYNCHRONOUS='FALSE',RESPONSE_CODE='200',RESPONSE_METHOD='GET',RESPONSE_LENGTH_OKHTTP='55024',RESPONSE_LENGTH_HEADER='55024',REQUEST_PROTOCOL='http/1.1',REQUEST_URL='https://project-travel-mate.herokuapp.com/api/get-city-information/1',
08-06 04:57:53.049   512  2967 D audio_hw_primary: disable_audio_route: reset and update mixer path: low-latency-playback speaker
08-06 04:57:53.050   512  2967 D audio_hw_primary: disable_snd_device: snd_device(2: speaker)
08-06 04:57:53.058   512  2967 I soundtrigger: audio_extn_sound_trigger_update_device_status: device 0x2 of type 0 for Event 0
08-06 04:57:53.059 11539 11550 I art     : Starting a blocking GC Explicit
08-06 04:57:53.080 11539 11550 I art     : Explicit concurrent mark sweep GC freed 5454(250KB) AllocSpace objects, 8(512KB) LOS objects, 27% free, 43MB/59MB, paused 492us total 21.265ms
08-06 04:57:53.091 11539 11550 I art     : Starting a blocking GC Explicit
08-06 04:57:53.111 11539 11550 I art     : Explicit concurrent mark sweep GC freed 1556(848KB) AllocSpace objects, 8(168KB) LOS objects, 26% free, 43MB/59MB, paused 421us total 19.372ms
08-06 04:57:53.119 11539 11550 I art     : Starting a blocking GC Explicit
08-06 04:57:53.138 11539 11550 I art     : Explicit concurrent mark sweep GC freed 832(500KB) AllocSpace objects, 8(240KB) LOS objects, 27% free, 43MB/59MB, paused 321us total 18.948ms
08-06 04:57:53.144 13866 13866 I GoogleInputMethodServic: GoogleInputMethodService.onFinishInput():3138 
08-06 04:57:53.145 13866 13866 I GoogleInputMethodServic: GoogleInputMethodService.onStartInput():1808 
08-06 04:57:53.146 11539 11550 I art     : Starting a blocking GC Explicit
08-06 04:57:53.167 11539 11550 I art     : Explicit concurrent mark sweep GC freed 193(4KB) AllocSpace objects, 1(4MB) LOS objects, 29% free, 38MB/54MB, paused 323us total 20.170ms
08-06 04:57:53.176 11539 11550 I art     : Starting a blocking GC Explicit
08-06 04:57:53.195 11539 11550 I art     : Explicit concurrent mark sweep GC freed 151(2656B) AllocSpace objects, 0(0B) LOS objects, 29% free, 38MB/54MB, paused 293us total 18.999ms
08-06 04:57:53.448   518   646 I ThermalEngine: ACTION: GPU - Setting GPU[0] to 510000000
08-06 04:57:53.492 11539 11557 I art     : Starting a blocking GC Explicit
08-06 04:57:53.523 11539 11557 I art     : Explicit concurrent mark sweep GC freed 2791(105KB) AllocSpace objects, 2(40KB) LOS objects, 29% free, 38MB/54MB, paused 439us total 31.296ms
08-06 04:57:53.535 11539 11557 I art     : Starting a blocking GC Explicit
08-06 04:57:53.563 11539 11557 I art     : Explicit concurrent mark sweep GC freed 238(4KB) AllocSpace objects, 0(0B) LOS objects, 29% free, 38MB/54MB, paused 405us total 27.273ms
08-06 04:57:53.575 11539 11557 I art     : Starting a blocking GC Explicit
08-06 04:57:53.603 11539 11557 I art     : Explicit concurrent mark sweep GC freed 147(2496B) AllocSpace objects, 0(0B) LOS objects, 29% free, 38MB/54MB, paused 423us total 27.767ms
08-06 04:57:53.616 11539 11557 I art     : Starting a blocking GC Explicit
08-06 04:57:53.644 11539 11557 I art     : Explicit concurrent mark sweep GC freed 219(3KB) AllocSpace objects, 0(0B) LOS objects, 29% free, 38MB/54MB, paused 410us total 27.335ms
08-06 04:57:53.657 11539 11557 I art     : Starting a blocking GC Explicit
08-06 04:57:53.685 11539 11557 I art     : Explicit concurrent mark sweep GC freed 146(2464B) AllocSpace objects, 0(0B) LOS objects, 29% free, 38MB/54MB, paused 434us total 27.885ms
08-06 04:57:54.019 11539 11600 I art     : Starting a blocking GC Explicit
08-06 04:57:54.047 11539 11600 I art     : Explicit concurrent mark sweep GC freed 3014(109KB) AllocSpace objects, 2(40KB) LOS objects, 29% free, 38MB/54MB, paused 410us total 27.392ms
08-06 04:57:54.060 11539 11600 I art     : Starting a blocking GC Explicit
08-06 04:57:54.089 11539 11600 I art     : Explicit concurrent mark sweep GC freed 166(3KB) AllocSpace objects, 0(0B) LOS objects, 29% free, 38MB/54MB, paused 412us total 28.812ms
08-06 04:57:54.101 11539 11600 I art     : Starting a blocking GC Explicit
08-06 04:57:54.128 11539 11600 I art     : Explicit concurrent mark sweep GC freed 220(3KB) AllocSpace objects, 0(0B) LOS objects, 29% free, 38MB/54MB, paused 384us total 26.767ms
08-06 04:57:54.140 11539 11600 I art     : Starting a blocking GC Explicit
08-06 04:57:54.168 11539 11600 I art     : Explicit concurrent mark sweep GC freed 151(2624B) AllocSpace objects, 0(0B) LOS objects, 29% free, 38MB/54MB, paused 429us total 27.964ms
08-06 04:57:54.183 11539 11600 I art     : Starting a blocking GC Explicit
08-06 04:57:54.208 11539 11600 I art     : Explicit concurrent mark sweep GC freed 157(2752B) AllocSpace objects, 0(0B) LOS objects, 29% free, 38MB/54MB, paused 465us total 25.131ms
08-06 04:57:54.563 11539 11557 I art     : Starting a blocking GC Explicit
08-06 04:57:54.592 11539 11557 I art     : Explicit concurrent mark sweep GC freed 3114(110KB) AllocSpace objects, 2(40KB) LOS objects, 29% free, 38MB/54MB, paused 520us total 28.652ms
08-06 04:57:54.605 11539 11557 I art     : Starting a blocking GC Explicit
08-06 04:57:54.632 11539 11557 I art     : Explicit concurrent mark sweep GC freed 224(4KB) AllocSpace objects, 0(0B) LOS objects, 29% free, 38MB/54MB, paused 413us total 26.914ms
08-06 04:57:54.644 11539 11557 I art     : Starting a blocking GC Explicit
08-06 04:57:54.672 11539 11557 I art     : Explicit concurrent mark sweep GC freed 147(2496B) AllocSpace objects, 0(0B) LOS objects, 29% free, 38MB/54MB, paused 406us total 27.524ms
08-06 04:57:54.684 11539 11557 I art     : Starting a blocking GC Explicit
08-06 04:57:54.711 11539 11557 I art     : Explicit concurrent mark sweep GC freed 219(3KB) AllocSpace objects, 0(0B) LOS objects, 29% free, 38MB/54MB, paused 398us total 26.406ms
08-06 04:57:54.723 11539 11557 I art     : Starting a blocking GC Explicit
08-06 04:57:54.751 11539 11557 I art     : Explicit concurrent mark sweep GC freed 146(2464B) AllocSpace objects, 0(0B) LOS objects, 29% free, 38MB/54MB, paused 405us total 27.551ms
08-06 04:57:55.101 11539 11551 I art     : Starting a blocking GC Explicit
08-06 04:57:55.130 11539 11551 I art     : Explicit concurrent mark sweep GC freed 3085(110KB) AllocSpace objects, 2(40KB) LOS objects, 29% free, 38MB/54MB, paused 461us total 28.392ms
08-06 04:57:55.143 11539 11551 I art     : Starting a blocking GC Explicit
08-06 04:57:55.170 11539 11551 I art     : Explicit concurrent mark sweep GC freed 179(3KB) AllocSpace objects, 0(0B) LOS objects, 29% free, 38MB/54MB, paused 396us total 26.228ms
08-06 04:57:55.182 11539 11551 I art     : Starting a blocking GC Explicit
08-06 04:57:55.209 11539 11551 I art     : Explicit concurrent mark sweep GC freed 183(3KB) AllocSpace objects, 0(0B) LOS objects, 29% free, 38MB/54MB, paused 507us total 27ms
08-06 04:57:55.222 11539 11551 I art     : Starting a blocking GC Explicit
08-06 04:57:55.249 11539 11551 I art     : Explicit concurrent mark sweep GC freed 197(3KB) AllocSpace objects, 0(0B) LOS objects, 29% free, 38MB/54MB, paused 421us total 27.247ms
08-06 04:57:55.262 11539 11551 I art     : Starting a blocking GC Explicit
08-06 04:57:55.289 11539 11551 I art     : Explicit concurrent mark sweep GC freed 147(2496B) AllocSpace objects, 0(0B) LOS objects, 29% free, 38MB/54MB, paused 407us total 26.916ms
08-06 04:57:55.665 11539 11600 I art     : Starting a blocking GC Explicit
08-06 04:57:55.696 11539 11600 I art     : Explicit concurrent mark sweep GC freed 3220(112KB) AllocSpace objects, 2(40KB) LOS objects, 29% free, 38MB/54MB, paused 536us total 29.989ms
08-06 04:57:55.710 11539 11600 I art     : Starting a blocking GC Explicit
08-06 04:57:55.737 11539 11600 I art     : Explicit concurrent mark sweep GC freed 173(3KB) AllocSpace objects, 0(0B) LOS objects, 29% free, 38MB/54MB, paused 425us total 26.762ms
08-06 04:57:55.749 11539 11600 I art     : Starting a blocking GC Explicit
08-06 04:57:55.775 11539 11600 I art     : Explicit concurrent mark sweep GC freed 148(2528B) AllocSpace objects, 0(0B) LOS objects, 29% free, 38MB/54MB, paused 400us total 26.482ms
08-06 04:57:55.787 11539 11600 I art     : Starting a blocking GC Explicit
08-06 04:57:55.813 11539 11600 I art     : Explicit concurrent mark sweep GC freed 219(3KB) AllocSpace objects, 0(0B) LOS objects, 29% free, 38MB/54MB, paused 386us total 26.059ms
08-06 04:57:55.826 11539 11600 I art     : Starting a blocking GC Explicit
08-06 04:57:55.853 11539 11600 I art     : Explicit concurrent mark sweep GC freed 146(2464B) AllocSpace objects, 0(0B) LOS objects, 29% free, 38MB/54MB, paused 415us total 27.572ms
08-06 04:57:55.854 11539 11549 I art     : WaitForGcToComplete blocked for 27.010ms for cause HeapTrim
08-06 04:57:56.212 11539 11599 I art     : Starting a blocking GC Explicit
08-06 04:57:56.242 11539 11599 I art     : Explicit concurrent mark sweep GC freed 3084(110KB) AllocSpace objects, 2(40KB) LOS objects, 29% free, 38MB/54MB, paused 433us total 29.607ms
08-06 04:57:56.257 11539 11599 I art     : Starting a blocking GC Explicit
08-06 04:57:56.283 11539 11599 I art     : Explicit concurrent mark sweep GC freed 238(4KB) AllocSpace objects, 0(0B) LOS objects, 29% free, 38MB/54MB, paused 399us total 25.725ms
08-06 04:57:56.295 11539 11599 I art     : Starting a blocking GC Explicit
08-06 04:57:56.321 11539 11599 I art     : Explicit concurrent mark sweep GC freed 147(2496B) AllocSpace objects, 0(0B) LOS objects, 29% free, 38MB/54MB, paused 415us total 25.519ms
08-06 04:57:56.333 11539 11599 I art     : Starting a blocking GC Explicit
08-06 04:57:56.360 11539 11599 I art     : Explicit concurrent mark sweep GC freed 158(2672B) AllocSpace objects, 0(0B) LOS objects, 29% free, 38MB/54MB, paused 520us total 27.039ms
08-06 04:57:56.372 11539 11599 I art     : Starting a blocking GC Explicit
08-06 04:57:56.399 11539 11599 I art     : Explicit concurrent mark sweep GC freed 208(3KB) AllocSpace objects, 0(0B) LOS objects, 29% free, 38MB/54MB, paused 406us total 26.758ms
08-06 04:57:56.756 11539 11550 I art     : Starting a blocking GC Explicit
08-06 04:57:56.783 11539 11550 I art     : Explicit concurrent mark sweep GC freed 3083(110KB) AllocSpace objects, 2(40KB) LOS objects, 29% free, 38MB/54MB, paused 418us total 26.503ms
08-06 04:57:56.795 11539 11550 I art     : Starting a blocking GC Explicit
08-06 04:57:56.821 11539 11550 I art     : Explicit concurrent mark sweep GC freed 166(3KB) AllocSpace objects, 0(0B) LOS objects, 29% free, 38MB/54MB, paused 406us total 25.515ms
08-06 04:57:56.832 11539 11550 I art     : Starting a blocking GC Explicit
08-06 04:57:56.858 11539 11550 I art     : Explicit concurrent mark sweep GC freed 147(2496B) AllocSpace objects, 0(0B) LOS objects, 29% free, 38MB/54MB, paused 508us total 25.689ms
08-06 04:57:56.870 11539 11550 I art     : Starting a blocking GC Explicit
08-06 04:57:56.898 11539 11550 I art     : Explicit concurrent mark sweep GC freed 159(2688B) AllocSpace objects, 0(0B) LOS objects, 29% free, 38MB/54MB, paused 488us total 27.275ms
08-06 04:57:56.910 11539 11550 I art     : Starting a blocking GC Explicit
08-06 04:57:56.937 11539 11550 I art     : Explicit concurrent mark sweep GC freed 206(3KB) AllocSpace objects, 0(0B) LOS objects, 29% free, 38MB/54MB, paused 460us total 26.583ms
08-06 04:57:57.136 12029 12029 D AndroidRuntime: >>>>>> START com.android.internal.os.RuntimeInit uid 2000 <<<<<<
08-06 04:57:57.141 12029 12029 D AndroidRuntime: CheckJNI is OFF
08-06 04:57:57.171 12029 12029 D ICU     : No timezone override file found: /data/misc/zoneinfo/current/icu/icu_tzdata.dat
08-06 04:57:57.179   918  3188 I hubconnection: sensorhub said: 'set_bias 3: -6.2400, 0.0000, 0.0000'
08-06 04:57:57.201 12029 12029 I Radio-JNI: register_android_hardware_Radio DONE
08-06 04:57:57.222 12029 12029 D AndroidRuntime: Calling main entry com.android.commands.input.Input
08-06 04:57:57.224 12029 12029 I Input   : injectKeyEvent: KeyEvent { action=ACTION_DOWN, keyCode=KEYCODE_BACK, scanCode=0, metaState=0, flags=0x0, repeatCount=0, eventTime=853093637, downTime=853093637, deviceId=-1, source=0x101 }
08-06 04:57:57.231 12029 12029 I Input   : injectKeyEvent: KeyEvent { action=ACTION_UP, keyCode=KEYCODE_BACK, scanCode=0, metaState=0, flags=0x0, repeatCount=0, eventTime=853093637, downTime=853093637, deviceId=-1, source=0x101 }
08-06 04:57:57.239 12029 12029 D AndroidRuntime: Shutting down VM
08-06 04:57:57.271 13866 13866 I GoogleInputMethodServic: GoogleInputMethodService.onFinishInput():3138 
08-06 04:57:57.271 13866 13866 I GoogleInputMethodServic: GoogleInputMethodService.onStartInput():1808 
08-06 04:57:57.286 11539 11550 I art     : Starting a blocking GC Explicit
08-06 04:57:57.314 11539 11550 I art     : Explicit concurrent mark sweep GC freed 3188(114KB) AllocSpace objects, 2(40KB) LOS objects, 29% free, 38MB/54MB, paused 457us total 27.098ms
08-06 04:57:57.328 11539 11550 I art     : Starting a blocking GC Explicit
08-06 04:57:57.351 11539 11550 I art     : Explicit concurrent mark sweep GC freed 173(3KB) AllocSpace objects, 0(0B) LOS objects, 29% free, 38MB/54MB, paused 367us total 22.537ms
08-06 04:57:57.362 11539 11550 I art     : Starting a blocking GC Explicit
08-06 04:57:57.386 11539 11550 I art     : Explicit concurrent mark sweep GC freed 147(2496B) AllocSpace objects, 0(0B) LOS objects, 29% free, 38MB/54MB, paused 362us total 24.015ms
08-06 04:57:57.398 11539 11550 I art     : Starting a blocking GC Explicit
08-06 04:57:57.423 11539 11550 I art     : Explicit concurrent mark sweep GC freed 147(2496B) AllocSpace objects, 0(0B) LOS objects, 29% free, 38MB/54MB, paused 403us total 24.248ms
08-06 04:57:57.435 11539 11550 I art     : Starting a blocking GC Explicit
08-06 04:57:57.460 11539 11550 I art     : Explicit concurrent mark sweep GC freed 147(2496B) AllocSpace objects, 0(0B) LOS objects, 29% free, 38MB/54MB, paused 394us total 25.496ms
08-06 04:57:57.577   380   380 W SurfaceFlinger: couldn't log to binary event log: overflow.
08-06 04:57:57.783 11539 11550 I art     : Starting a blocking GC Explicit
08-06 04:57:57.814 11539 11550 I art     : Explicit concurrent mark sweep GC freed 2672(103KB) AllocSpace objects, 3(228KB) LOS objects, 29% free, 38MB/54MB, paused 584us total 30.076ms
08-06 04:57:57.826 11539 11550 I art     : Starting a blocking GC Explicit
08-06 04:57:57.849 11539 11550 I art     : Explicit concurrent mark sweep GC freed 4809(340KB) AllocSpace objects, 7(132KB) LOS objects, 29% free, 38MB/54MB, paused 395us total 23.176ms
08-06 04:57:57.861 11539 11550 I art     : Starting a blocking GC Explicit
08-06 04:57:57.885 11539 11550 I art     : Explicit concurrent mark sweep GC freed 104(1952B) AllocSpace objects, 0(0B) LOS objects, 29% free, 38MB/54MB, paused 418us total 23.607ms
08-06 04:57:57.896 11539 11550 I art     : Starting a blocking GC Explicit
08-06 04:57:57.920 11539 11550 I art     : Explicit concurrent mark sweep GC freed 100(1728B) AllocSpace objects, 0(0B) LOS objects, 29% free, 38MB/54MB, paused 393us total 23.870ms
08-06 04:57:57.933 11539 11550 I art     : Starting a blocking GC Explicit
08-06 04:57:57.958 11539 11550 I art     : Explicit concurrent mark sweep GC freed 99(1696B) AllocSpace objects, 0(0B) LOS objects, 29% free, 38MB/54MB, paused 411us total 25.622ms
08-06 04:57:58.295 11539 11599 I art     : Starting a blocking GC Explicit
08-06 04:57:58.324 11539 11599 I art     : Explicit concurrent mark sweep GC freed 2506(101KB) AllocSpace objects, 2(40KB) LOS objects, 29% free, 38MB/54MB, paused 504us total 28.821ms
08-06 04:57:58.340 11539 11599 I art     : Starting a blocking GC Explicit
08-06 04:57:58.364 11539 11599 I art     : Explicit concurrent mark sweep GC freed 177(3KB) AllocSpace objects, 0(0B) LOS objects, 29% free, 38MB/54MB, paused 457us total 24.401ms
08-06 04:57:58.376 11539 11599 I art     : Starting a blocking GC Explicit
08-06 04:57:58.401 11539 11599 I art     : Explicit concurrent mark sweep GC freed 99(1696B) AllocSpace objects, 0(0B) LOS objects, 29% free, 38MB/54MB, paused 450us total 24.750ms
08-06 04:57:58.413 11539 11599 I art     : Starting a blocking GC Explicit
08-06 04:57:58.439 11539 11599 I art     : Explicit concurrent mark sweep GC freed 99(1696B) AllocSpace objects, 0(0B) LOS objects, 29% free, 38MB/54MB, paused 405us total 25.846ms
08-06 04:57:58.451 11539 11599 I art     : Starting a blocking GC Explicit
08-06 04:57:58.476 11539 11599 I art     : Explicit concurrent mark sweep GC freed 99(1696B) AllocSpace objects, 0(0B) LOS objects, 29% free, 38MB/54MB, paused 390us total 24.574ms
08-06 04:57:58.792 11539 11600 I art     : Starting a blocking GC Explicit
08-06 04:57:58.819 11539 11600 I art     : Explicit concurrent mark sweep GC freed 2435(99KB) AllocSpace objects, 2(40KB) LOS objects, 29% free, 38MB/54MB, paused 423us total 26.805ms
08-06 04:57:58.831 11539 11600 I art     : Starting a blocking GC Explicit
08-06 04:57:58.855 11539 11600 I art     : Explicit concurrent mark sweep GC freed 118(2384B) AllocSpace objects, 0(0B) LOS objects, 29% free, 38MB/54MB, paused 400us total 24.524ms
08-06 04:57:58.867 11539 11600 I art     : Starting a blocking GC Explicit
08-06 04:57:58.881 12072 12072 D AndroidRuntime: >>>>>> START com.android.internal.os.RuntimeInit uid 2000 <<<<<<
08-06 04:57:58.885 12072 12072 D AndroidRuntime: CheckJNI is OFF
08-06 04:57:58.893 11539 11600 I art     : Explicit concurrent mark sweep GC freed 99(1696B) AllocSpace objects, 0(0B) LOS objects, 29% free, 38MB/54MB, paused 416us total 25.088ms
08-06 04:57:58.905 11539 11600 I art     : Starting a blocking GC Explicit
08-06 04:57:58.921 12072 12072 D ICU     : No timezone override file found: /data/misc/zoneinfo/current/icu/icu_tzdata.dat
08-06 04:57:58.930 11539 11600 I art     : Explicit concurrent mark sweep GC freed 100(1712B) AllocSpace objects, 0(0B) LOS objects, 29% free, 38MB/54MB, paused 562us total 24.334ms
08-06 04:57:58.941 11539 11600 I art     : Starting a blocking GC Explicit
08-06 04:57:58.957 12072 12072 I Radio-JNI: register_android_hardware_Radio DONE
08-06 04:57:58.965 11539 11600 I art     : Explicit concurrent mark sweep GC freed 146(2480B) AllocSpace objects, 0(0B) LOS objects, 29% free, 38MB/54MB, paused 409us total 23.773ms
08-06 04:57:58.979 12072 12072 D AndroidRuntime: Calling main entry com.android.commands.input.Input
08-06 04:57:58.981 12072 12072 I Input   : injectMotionEvent: MotionEvent { action=ACTION_DOWN, actionButton=0, id[0]=0, x[0]=504.0, y[0]=1706.0, toolType[0]=TOOL_TYPE_UNKNOWN, buttonState=0, metaState=0, flags=0x0, edgeFlags=0x0, pointerCount=1, historySize=0, eventTime=853095393, downTime=853095393, deviceId=0, source=0x1002 }
08-06 04:57:58.986 12072 12072 I Input   : injectMotionEvent: MotionEvent { action=ACTION_UP, actionButton=0, id[0]=0, x[0]=504.0, y[0]=1706.0, toolType[0]=TOOL_TYPE_UNKNOWN, buttonState=0, metaState=0, flags=0x0, edgeFlags=0x0, pointerCount=1, historySize=0, eventTime=853095393, downTime=853095393, deviceId=0, source=0x1002 }
08-06 04:57:58.987 12072 12072 D AndroidRuntime: Shutting down VM
08-06 04:57:58.989   512  2967 D audio_hw_primary: out_set_parameters: enter: usecase(1: low-latency-playback) kvpairs: routing=2
08-06 04:57:58.992   918  5952 I ActivityManager: START u0 {cmp=baseline.io.github.project_travel_mate/.destinations.funfacts.FunFactsActivity (has extras)} from uid 10696 on display 0
08-06 04:57:59.002   512  2967 D audio_hw_primary: select_devices: out_snd_device(2: speaker) in_snd_device(0: none)
08-06 04:57:59.002   512  2967 D msm8974_platform: platform_send_audio_calibration: sending audio calibration for snd_device(2) acdb_id(15)
08-06 04:57:59.002   512  2967 I soundtrigger: audio_extn_sound_trigger_update_device_status: device 0x2 of type 0 for Event 1
08-06 04:57:59.012 11539 11620 D Gabe    : call	returning from cache
08-06 04:57:59.012   512  2967 D audio_hw_primary: enable_snd_device: snd_device(2: speaker)
08-06 04:57:59.014 11539 11539 V EXECUTING: https://project-travel-mate.herokuapp.com/api/get-city-facts/1
08-06 04:57:59.014   512  2967 D audio_hw_primary: enable_audio_route: apply and update mixer path: low-latency-playback speaker
08-06 04:57:59.149 13866 13866 I GoogleInputMethodServic: GoogleInputMethodService.onFinishInput():3138 
08-06 04:57:59.150 13866 13866 I GoogleInputMethodServic: GoogleInputMethodService.onStartInput():1808 
08-06 04:57:59.151   918   936 I ActivityManager: Displayed baseline.io.github.project_travel_mate/.destinations.funfacts.FunFactsActivity: +150ms
08-06 04:57:59.259 11539 11551 I art     : Starting a blocking GC Explicit
08-06 04:57:59.284 11539 11551 I art     : Explicit concurrent mark sweep GC freed 4250(286KB) AllocSpace objects, 2(40KB) LOS objects, 27% free, 42MB/58MB, paused 412us total 24.095ms
08-06 04:57:59.295 11539 11551 I art     : Starting a blocking GC Explicit
08-06 04:57:59.326 11539 11551 I art     : Explicit concurrent mark sweep GC freed 268(7KB) AllocSpace objects, 0(0B) LOS objects, 27% free, 42MB/58MB, paused 507us total 30.087ms
08-06 04:57:59.338 11539 11551 I art     : Starting a blocking GC Explicit
08-06 04:57:59.369 11539 11551 I art     : Explicit concurrent mark sweep GC freed 220(3KB) AllocSpace objects, 0(0B) LOS objects, 27% free, 42MB/58MB, paused 461us total 31.225ms
08-06 04:57:59.382 11539 11551 I art     : Starting a blocking GC Explicit
08-06 04:57:59.396   380   380 W SurfaceFlinger: couldn't log to binary event log: overflow.
08-06 04:57:59.413 11539 11551 I art     : Explicit concurrent mark sweep GC freed 147(2496B) AllocSpace objects, 0(0B) LOS objects, 27% free, 42MB/58MB, paused 524us total 30.317ms
08-06 04:57:59.425 11539 11551 I art     : Starting a blocking GC Explicit
08-06 04:57:59.448 11539 11551 I art     : Explicit concurrent mark sweep GC freed 218(3KB) AllocSpace objects, 0(0B) LOS objects, 27% free, 42MB/58MB, paused 443us total 22.284ms
08-06 04:57:59.549   512  2967 D audio_hw_primary: disable_audio_route: reset and update mixer path: low-latency-playback speaker
08-06 04:57:59.551   512  2967 D audio_hw_primary: disable_snd_device: snd_device(2: speaker)
08-06 04:57:59.560   512  2967 I soundtrigger: audio_extn_sound_trigger_update_device_status: device 0x2 of type 0 for Event 0
08-06 04:57:59.766 11539 11599 I art     : Starting a blocking GC Explicit
08-06 04:57:59.791 11539 11599 I art     : Explicit concurrent mark sweep GC freed 2404(99KB) AllocSpace objects, 2(40KB) LOS objects, 27% free, 42MB/58MB, paused 583us total 24.387ms
08-06 04:57:59.803 11539 11599 I art     : Starting a blocking GC Explicit
08-06 04:57:59.827 11539 11599 I art     : Explicit concurrent mark sweep GC freed 759(58KB) AllocSpace objects, 2(120KB) LOS objects, 27% free, 43MB/59MB, paused 736us total 24.572ms
08-06 04:57:59.840 11539 11599 I art     : Starting a blocking GC Explicit
08-06 04:57:59.865 11539 11599 I art     : Explicit concurrent mark sweep GC freed 2167(83KB) AllocSpace objects, 0(0B) LOS objects, 27% free, 43MB/59MB, paused 758us total 24.875ms
08-06 04:57:59.876 11539 11599 I art     : Starting a blocking GC Explicit
08-06 04:57:59.890 11539 12096 I NAPPA_EXPERIMENTATION: MetricNetworkRequestExecutionTime: REQUEST_DURATION_SYSTEM='875',REQUEST_DURATION_OKHTTP='37',REQUEST_SYNCHRONOUS='FALSE',RESPONSE_CODE='200',RESPONSE_METHOD='GET',RESPONSE_LENGTH_OKHTTP='1793',RESPONSE_LENGTH_HEADER='1793',REQUEST_PROTOCOL='http/1.1',REQUEST_URL='https://project-travel-mate.herokuapp.com/api/get-city-facts/1',
08-06 04:57:59.891 11539 12096 V EXECUTING: https://project-travel-mate.herokuapp.com/api/get-city-images/1
08-06 04:57:59.902 11539 11599 I art     : Explicit concurrent mark sweep GC freed 1341(151KB) AllocSpace objects, 1(80KB) LOS objects, 27% free, 43MB/59MB, paused 628us total 25.381ms
08-06 04:57:59.914 11539 11599 I art     : Starting a blocking GC Explicit
08-06 04:57:59.939 11539 11599 I art     : Explicit concurrent mark sweep GC freed 178(10KB) AllocSpace objects, 0(0B) LOS objects, 27% free, 43MB/59MB, paused 450us total 24.541ms
08-06 04:58:00.244 11539 11600 I art     : Starting a blocking GC Explicit
08-06 04:58:00.269 11539 11600 I art     : Explicit concurrent mark sweep GC freed 2345(97KB) AllocSpace objects, 2(40KB) LOS objects, 27% free, 43MB/59MB, paused 614us total 24.778ms
08-06 04:58:00.281 11539 11600 I art     : Starting a blocking GC Explicit
08-06 04:58:00.306 11539 11600 I art     : Explicit concurrent mark sweep GC freed 110(2288B) AllocSpace objects, 0(0B) LOS objects, 27% free, 43MB/59MB, paused 783us total 24.506ms
08-06 04:58:00.318 11539 11600 I art     : Starting a blocking GC Explicit
08-06 04:58:00.345 11539 11600 I art     : Explicit concurrent mark sweep GC freed 914(65KB) AllocSpace objects, 2(120KB) LOS objects, 26% free, 43MB/59MB, paused 954us total 26.319ms
08-06 04:58:00.357 11539 11600 I art     : Starting a blocking GC Explicit
08-06 04:58:00.383 11539 11600 I art     : Explicit concurrent mark sweep GC freed 2334(129KB) AllocSpace objects, 1(80KB) LOS objects, 26% free, 43MB/59MB, paused 638us total 25.725ms
08-06 04:58:00.391 11539 12119 I NAPPA_EXPERIMENTATION: MetricNetworkRequestExecutionTime: REQUEST_DURATION_SYSTEM='499',REQUEST_DURATION_OKHTTP='29',REQUEST_SYNCHRONOUS='FALSE',RESPONSE_CODE='200',RESPONSE_METHOD='GET',RESPONSE_LENGTH_OKHTTP='183',RESPONSE_LENGTH_HEADER='183',REQUEST_PROTOCOL='http/1.1',REQUEST_URL='https://project-travel-mate.herokuapp.com/api/get-city-images/1',
08-06 04:58:00.395 11539 11600 I art     : Starting a blocking GC Explicit
08-06 04:58:00.420 11539 11600 I art     : Explicit concurrent mark sweep GC freed 607(68KB) AllocSpace objects, 0(0B) LOS objects, 26% free, 43MB/59MB, paused 614us total 25.267ms
08-06 04:58:00.428 11539 12119 V RESPONSE: [{"id":17,"image_url":"https://upload.wikimedia.org/wikipedia/commons/9/94/%E0%B4%96%E0%B5%81%E0%B4%A4%E0%B5%8D%E0%B4%AC%E0%B5%8D_%E0%B4%AE%E0%B4%BF%E0%B4%A8%E0%B4%BE%E0%B5%BC1.jpg"}]
08-06 04:58:00.735 11539 11600 I art     : Starting a blocking GC Explicit
08-06 04:58:00.768 11539 11600 I art     : Explicit concurrent mark sweep GC freed 5895(300KB) AllocSpace objects, 3(4MB) LOS objects, 28% free, 39MB/55MB, paused 643us total 32.204ms
08-06 04:58:00.780 11539 11600 I art     : Starting a blocking GC Explicit
08-06 04:58:00.810 11539 11600 I art     : Explicit concurrent mark sweep GC freed 360(11KB) AllocSpace objects, 0(0B) LOS objects, 28% free, 39MB/55MB, paused 534us total 29.373ms
08-06 04:58:00.822 11539 11600 I art     : Starting a blocking GC Explicit
08-06 04:58:00.851 11539 11600 I art     : Explicit concurrent mark sweep GC freed 230(4KB) AllocSpace objects, 0(0B) LOS objects, 28% free, 39MB/55MB, paused 472us total 28.336ms
08-06 04:58:00.864 11539 11600 I art     : Starting a blocking GC Explicit
08-06 04:58:00.892 11539 11600 I art     : Explicit concurrent mark sweep GC freed 146(2464B) AllocSpace objects, 0(0B) LOS objects, 28% free, 39MB/55MB, paused 456us total 28.635ms
08-06 04:58:00.905 11539 11600 I art     : Starting a blocking GC Explicit
08-06 04:58:00.935 11539 11600 I art     : Explicit concurrent mark sweep GC freed 220(3KB) AllocSpace objects, 0(0B) LOS objects, 28% free, 39MB/55MB, paused 507us total 29.230ms
08-06 04:58:01.309 11539 11599 I art     : Starting a blocking GC Explicit
08-06 04:58:01.339 11539 11599 I art     : Explicit concurrent mark sweep GC freed 3168(111KB) AllocSpace objects, 2(40KB) LOS objects, 28% free, 39MB/55MB, paused 511us total 29.143ms
08-06 04:58:01.351 11539 11599 I art     : Starting a blocking GC Explicit
08-06 04:58:01.379 11539 11599 I art     : Explicit concurrent mark sweep GC freed 182(3KB) AllocSpace objects, 0(0B) LOS objects, 28% free, 39MB/55MB, paused 446us total 27.545ms
08-06 04:58:01.391 11539 11599 I art     : Starting a blocking GC Explicit
08-06 04:58:01.418 11539 11599 I art     : Explicit concurrent mark sweep GC freed 219(3KB) AllocSpace objects, 0(0B) LOS objects, 28% free, 39MB/55MB, paused 463us total 26.835ms
08-06 04:58:01.431 11539 11599 I art     : Starting a blocking GC Explicit
08-06 04:58:01.458 11539 11599 I art     : Explicit concurrent mark sweep GC freed 146(2464B) AllocSpace objects, 0(0B) LOS objects, 28% free, 39MB/55MB, paused 473us total 27.639ms
08-06 04:58:01.471 11539 11599 I art     : Starting a blocking GC Explicit
08-06 04:58:01.498 11539 11599 I art     : Explicit concurrent mark sweep GC freed 149(2544B) AllocSpace objects, 0(0B) LOS objects, 28% free, 39MB/55MB, paused 604us total 27.592ms
08-06 04:58:01.645 12152 12152 D AndroidRuntime: >>>>>> START com.android.internal.os.RuntimeInit uid 2000 <<<<<<
08-06 04:58:01.651 12152 12152 D AndroidRuntime: CheckJNI is OFF
08-06 04:58:01.684 12152 12152 D ICU     : No timezone override file found: /data/misc/zoneinfo/current/icu/icu_tzdata.dat
08-06 04:58:01.716 12152 12152 I Radio-JNI: register_android_hardware_Radio DONE
08-06 04:58:01.737 12152 12152 D AndroidRuntime: Calling main entry com.android.commands.input.Input
08-06 04:58:01.738 12152 12152 I Input   : injectKeyEvent: KeyEvent { action=ACTION_DOWN, keyCode=KEYCODE_BACK, scanCode=0, metaState=0, flags=0x0, repeatCount=0, eventTime=853098151, downTime=853098151, deviceId=-1, source=0x101 }
08-06 04:58:01.743 12152 12152 I Input   : injectKeyEvent: KeyEvent { action=ACTION_UP, keyCode=KEYCODE_BACK, scanCode=0, metaState=0, flags=0x0, repeatCount=0, eventTime=853098151, downTime=853098151, deviceId=-1, source=0x101 }
08-06 04:58:01.748 12152 12152 D AndroidRuntime: Shutting down VM
08-06 04:58:01.794 13866 13866 I GoogleInputMethodServic: GoogleInputMethodService.onFinishInput():3138 
08-06 04:58:01.794 13866 13866 I GoogleInputMethodServic: GoogleInputMethodService.onStartInput():1808 
08-06 04:58:01.850 11539 11599 I art     : Starting a blocking GC Explicit
08-06 04:58:01.876 11539 11599 I art     : Explicit concurrent mark sweep GC freed 3187(114KB) AllocSpace objects, 2(40KB) LOS objects, 28% free, 39MB/55MB, paused 419us total 25.237ms
08-06 04:58:01.888 11539 11599 I art     : Starting a blocking GC Explicit
08-06 04:58:01.916 11539 11599 I art     : Explicit concurrent mark sweep GC freed 191(3KB) AllocSpace objects, 0(0B) LOS objects, 28% free, 39MB/55MB, paused 499us total 28.580ms
08-06 04:58:01.931 11539 11599 I art     : Starting a blocking GC Explicit
08-06 04:58:01.959 11539 11599 I art     : Explicit concurrent mark sweep GC freed 198(3KB) AllocSpace objects, 0(0B) LOS objects, 28% free, 39MB/55MB, paused 450us total 27.672ms
08-06 04:58:01.971 11539 11599 I art     : Starting a blocking GC Explicit
08-06 04:58:01.998 11539 11599 I art     : Explicit concurrent mark sweep GC freed 147(2496B) AllocSpace objects, 0(0B) LOS objects, 28% free, 39MB/55MB, paused 649us total 26.814ms
08-06 04:58:02.013 11539 11599 I art     : Starting a blocking GC Explicit
08-06 04:58:02.044 11539 11599 I art     : Explicit concurrent mark sweep GC freed 219(3KB) AllocSpace objects, 0(0B) LOS objects, 28% free, 39MB/55MB, paused 457us total 31.367ms
08-06 04:58:02.082   380   380 W SurfaceFlinger: couldn't log to binary event log: overflow.
08-06 04:58:02.333 11539 11599 I art     : Starting a blocking GC Explicit
08-06 04:58:02.363 11539 11599 I art     : Explicit concurrent mark sweep GC freed 3220(137KB) AllocSpace objects, 5(684KB) LOS objects, 29% free, 38MB/54MB, paused 482us total 30.018ms
08-06 04:58:02.376 11539 11599 I art     : Starting a blocking GC Explicit
08-06 04:58:02.403 11539 11599 I art     : Explicit concurrent mark sweep GC freed 5586(268KB) AllocSpace objects, 1(28KB) LOS objects, 29% free, 38MB/54MB, paused 463us total 26.767ms
08-06 04:58:02.415 11539 11599 I art     : Starting a blocking GC Explicit
08-06 04:58:02.442 11539 11599 I art     : Explicit concurrent mark sweep GC freed 98(1664B) AllocSpace objects, 0(0B) LOS objects, 29% free, 38MB/54MB, paused 472us total 26.366ms
08-06 04:58:02.454 11539 11599 I art     : Starting a blocking GC Explicit
08-06 04:58:02.481 11539 11599 I art     : Explicit concurrent mark sweep GC freed 100(1728B) AllocSpace objects, 0(0B) LOS objects, 29% free, 38MB/54MB, paused 463us total 26.519ms
08-06 04:58:02.493 11539 11599 I art     : Starting a blocking GC Explicit
08-06 04:58:02.520 11539 11599 I art     : Explicit concurrent mark sweep GC freed 147(2496B) AllocSpace objects, 0(0B) LOS objects, 29% free, 38MB/54MB, paused 512us total 26.678ms
08-06 04:58:02.843 11539 11600 I art     : Starting a blocking GC Explicit
08-06 04:58:02.875 11539 11600 I art     : Explicit concurrent mark sweep GC freed 2436(99KB) AllocSpace objects, 2(40KB) LOS objects, 29% free, 38MB/54MB, paused 455us total 31.582ms
08-06 04:58:02.888 11539 11600 I art     : Starting a blocking GC Explicit
08-06 04:58:02.914 11539 11600 I art     : Explicit concurrent mark sweep GC freed 118(2384B) AllocSpace objects, 0(0B) LOS objects, 29% free, 38MB/54MB, paused 452us total 26.141ms
08-06 04:58:02.926 11539 11600 I art     : Starting a blocking GC Explicit
08-06 04:58:02.953 11539 11600 I art     : Explicit concurrent mark sweep GC freed 147(2496B) AllocSpace objects, 0(0B) LOS objects, 29% free, 38MB/54MB, paused 446us total 26.499ms
08-06 04:58:02.965 11539 11600 I art     : Starting a blocking GC Explicit
08-06 04:58:02.991 11539 11600 I art     : Explicit concurrent mark sweep GC freed 99(1696B) AllocSpace objects, 0(0B) LOS objects, 29% free, 38MB/54MB, paused 442us total 25.883ms
08-06 04:58:03.003 11539 11600 I art     : Starting a blocking GC Explicit
08-06 04:58:03.029 11539 11600 I art     : Explicit concurrent mark sweep GC freed 99(1696B) AllocSpace objects, 0(0B) LOS objects, 29% free, 38MB/54MB, paused 447us total 24.957ms
08-06 04:58:03.358 11539 11550 I art     : Starting a blocking GC Explicit
08-06 04:58:03.386 11539 11550 I art     : Explicit concurrent mark sweep GC freed 2461(100KB) AllocSpace objects, 2(40KB) LOS objects, 29% free, 38MB/54MB, paused 583us total 27.120ms
08-06 04:58:03.390 12195 12195 D AndroidRuntime: >>>>>> START com.android.internal.os.RuntimeInit uid 2000 <<<<<<
08-06 04:58:03.395 12195 12195 D AndroidRuntime: CheckJNI is OFF
08-06 04:58:03.399 11539 11550 I art     : Starting a blocking GC Explicit
08-06 04:58:03.425 11539 11550 I art     : Explicit concurrent mark sweep GC freed 143(2816B) AllocSpace objects, 0(0B) LOS objects, 29% free, 38MB/54MB, paused 463us total 26.392ms
08-06 04:58:03.430 12195 12195 D ICU     : No timezone override file found: /data/misc/zoneinfo/current/icu/icu_tzdata.dat
08-06 04:58:03.437 11539 11550 I art     : Starting a blocking GC Explicit
08-06 04:58:03.463 11539 11550 I art     : Explicit concurrent mark sweep GC freed 99(1696B) AllocSpace objects, 0(0B) LOS objects, 29% free, 38MB/54MB, paused 492us total 25.133ms
08-06 04:58:03.464 12195 12195 I Radio-JNI: register_android_hardware_Radio DONE
08-06 04:58:03.475 11539 11550 I art     : Starting a blocking GC Explicit
08-06 04:58:03.487 12195 12195 D AndroidRuntime: Calling main entry com.android.commands.input.Input
08-06 04:58:03.489 12195 12195 I Input   : injectMotionEvent: MotionEvent { action=ACTION_DOWN, actionButton=0, id[0]=0, x[0]=504.0, y[0]=1706.0, toolType[0]=TOOL_TYPE_UNKNOWN, buttonState=0, metaState=0, flags=0x0, edgeFlags=0x0, pointerCount=1, historySize=0, eventTime=853099901, downTime=853099901, deviceId=0, source=0x1002 }
08-06 04:58:03.495 12195 12195 I Input   : injectMotionEvent: MotionEvent { action=ACTION_UP, actionButton=0, id[0]=0, x[0]=504.0, y[0]=1706.0, toolType[0]=TOOL_TYPE_UNKNOWN, buttonState=0, metaState=0, flags=0x0, edgeFlags=0x0, pointerCount=1, historySize=0, eventTime=853099901, downTime=853099901, deviceId=0, source=0x1002 }
08-06 04:58:03.497 12195 12195 D AndroidRuntime: Shutting down VM
08-06 04:58:03.498   512  2967 D audio_hw_primary: out_set_parameters: enter: usecase(1: low-latency-playback) kvpairs: routing=2
08-06 04:58:03.500 11539 11550 I art     : Explicit concurrent mark sweep GC freed 790(59KB) AllocSpace objects, 0(0B) LOS objects, 29% free, 38MB/54MB, paused 611us total 25.345ms
08-06 04:58:03.502   918  4400 I ActivityManager: START u0 {cmp=baseline.io.github.project_travel_mate/.destinations.funfacts.FunFactsActivity (has extras)} from uid 10696 on display 0
08-06 04:58:03.511   512  2967 D audio_hw_primary: select_devices: out_snd_device(2: speaker) in_snd_device(0: none)
08-06 04:58:03.512   512  2967 D msm8974_platform: platform_send_audio_calibration: sending audio calibration for snd_device(2) acdb_id(15)
08-06 04:58:03.512   512  2967 I soundtrigger: audio_extn_sound_trigger_update_device_status: device 0x2 of type 0 for Event 1
08-06 04:58:03.512 11539 11550 I art     : Starting a blocking GC Explicit
08-06 04:58:03.521   512  2967 D audio_hw_primary: enable_snd_device: snd_device(2: speaker)
08-06 04:58:03.523   512  2967 D audio_hw_primary: enable_audio_route: apply and update mixer path: low-latency-playback speaker
08-06 04:58:03.523 11539 11620 D Gabe    : call	returning from cache
08-06 04:58:03.526 11539 11539 V EXECUTING: https://project-travel-mate.herokuapp.com/api/get-city-facts/1
08-06 04:58:03.538 11539 11550 I art     : Explicit concurrent mark sweep GC freed 1947(167KB) AllocSpace objects, 0(0B) LOS objects, 29% free, 38MB/54MB, paused 1.046ms total 25.770ms
08-06 04:58:03.652   918   936 I ActivityManager: Displayed baseline.io.github.project_travel_mate/.destinations.funfacts.FunFactsActivity: +139ms
08-06 04:58:03.653 13866 13866 I GoogleInputMethodServic: GoogleInputMethodService.onFinishInput():3138 
08-06 04:58:03.654 13866 13866 I GoogleInputMethodServic: GoogleInputMethodService.onStartInput():1808 
08-06 04:58:03.834 11539 11600 I art     : Starting a blocking GC Explicit
08-06 04:58:03.860 11539 11600 I art     : Explicit concurrent mark sweep GC freed 2891(120KB) AllocSpace objects, 2(40KB) LOS objects, 27% free, 42MB/58MB, paused 473us total 25.688ms
08-06 04:58:03.872 11539 11600 I art     : Starting a blocking GC Explicit
08-06 04:58:03.897 11539 11600 I art     : Explicit concurrent mark sweep GC freed 173(3KB) AllocSpace objects, 0(0B) LOS objects, 27% free, 42MB/58MB, paused 476us total 24.884ms
08-06 04:58:03.902   380   380 W SurfaceFlinger: couldn't log to binary event log: overflow.
08-06 04:58:03.909 11539 11600 I art     : Starting a blocking GC Explicit
08-06 04:58:03.934 11539 11600 I art     : Explicit concurrent mark sweep GC freed 147(2496B) AllocSpace objects, 0(0B) LOS objects, 27% free, 42MB/58MB, paused 479us total 24.131ms
08-06 04:58:03.946 11539 11600 I art     : Starting a blocking GC Explicit
08-06 04:58:03.970 11539 11600 I art     : Explicit concurrent mark sweep GC freed 218(3KB) AllocSpace objects, 0(0B) LOS objects, 27% free, 42MB/58MB, paused 476us total 23.883ms
08-06 04:58:03.981 11539 11600 I art     : Starting a blocking GC Explicit
08-06 04:58:04.006 11539 11600 I art     : Explicit concurrent mark sweep GC freed 148(2528B) AllocSpace objects, 0(0B) LOS objects, 27% free, 42MB/58MB, paused 476us total 23.891ms
08-06 04:58:04.068   512  2967 D audio_hw_primary: disable_audio_route: reset and update mixer path: low-latency-playback speaker
08-06 04:58:04.069   512  2967 D audio_hw_primary: disable_snd_device: snd_device(2: speaker)
08-06 04:58:04.079   512  2967 I soundtrigger: audio_extn_sound_trigger_update_device_status: device 0x2 of type 0 for Event 0
08-06 04:58:04.185 11539 12220 I NAPPA_EXPERIMENTATION: MetricNetworkRequestExecutionTime: REQUEST_DURATION_SYSTEM='658',REQUEST_DURATION_OKHTTP='33',REQUEST_SYNCHRONOUS='FALSE',RESPONSE_CODE='200',RESPONSE_METHOD='GET',RESPONSE_LENGTH_OKHTTP='1793',RESPONSE_LENGTH_HEADER='1793',REQUEST_PROTOCOL='http/1.1',REQUEST_URL='https://project-travel-mate.herokuapp.com/api/get-city-facts/1',
08-06 04:58:04.187 11539 12220 V EXECUTING: https://project-travel-mate.herokuapp.com/api/get-city-images/1
08-06 04:58:04.317 11539 11551 I art     : Starting a blocking GC Explicit
08-06 04:58:04.344 11539 11551 I art     : Explicit concurrent mark sweep GC freed 5508(279KB) AllocSpace objects, 5(240KB) LOS objects, 26% free, 43MB/59MB, paused 778us total 26.898ms
08-06 04:58:04.356 11539 11551 I art     : Starting a blocking GC Explicit
08-06 04:58:04.382 11539 11551 I art     : Explicit concurrent mark sweep GC freed 1114(120KB) AllocSpace objects, 0(0B) LOS objects, 26% free, 43MB/59MB, paused 679us total 25.208ms
08-06 04:58:04.394 11539 11551 I art     : Starting a blocking GC Explicit
08-06 04:58:04.420 11539 11551 I art     : Explicit concurrent mark sweep GC freed 88(1488B) AllocSpace objects, 0(0B) LOS objects, 26% free, 43MB/59MB, paused 774us total 25.351ms
08-06 04:58:04.433 11539 11551 I art     : Starting a blocking GC Explicit
08-06 04:58:04.459 11539 11551 I art     : Explicit concurrent mark sweep GC freed 61(1040B) AllocSpace objects, 0(0B) LOS objects, 26% free, 43MB/59MB, paused 643us total 25.895ms
08-06 04:58:04.471 11539 11551 I art     : Starting a blocking GC Explicit
08-06 04:58:04.496 11539 11551 I art     : Explicit concurrent mark sweep GC freed 136(2432B) AllocSpace objects, 0(0B) LOS objects, 26% free, 43MB/59MB, paused 714us total 25.440ms
08-06 04:58:04.808 11539 11599 I art     : Starting a blocking GC Explicit
08-06 04:58:04.834 11539 11599 I art     : Explicit concurrent mark sweep GC freed 2341(97KB) AllocSpace objects, 2(40KB) LOS objects, 26% free, 43MB/59MB, paused 719us total 25.295ms
08-06 04:58:04.846 11539 11599 I art     : Starting a blocking GC Explicit
08-06 04:58:04.874 11539 11599 I art     : Explicit concurrent mark sweep GC freed 2616(132KB) AllocSpace objects, 2(120KB) LOS objects, 26% free, 44MB/60MB, paused 772us total 27.671ms
08-06 04:58:04.886 11539 11599 I art     : Starting a blocking GC Explicit
08-06 04:58:04.898 11539 12238 I NAPPA_EXPERIMENTATION: MetricNetworkRequestExecutionTime: REQUEST_DURATION_SYSTEM='709',REQUEST_DURATION_OKHTTP='31',REQUEST_SYNCHRONOUS='FALSE',RESPONSE_CODE='200',RESPONSE_METHOD='GET',RESPONSE_LENGTH_OKHTTP='183',RESPONSE_LENGTH_HEADER='183',REQUEST_PROTOCOL='http/1.1',REQUEST_URL='https://project-travel-mate.herokuapp.com/api/get-city-images/1',
08-06 04:58:04.912 11539 11599 I art     : Explicit concurrent mark sweep GC freed 1169(128KB) AllocSpace objects, 1(80KB) LOS objects, 26% free, 43MB/59MB, paused 809us total 26.111ms
08-06 04:58:04.924 11539 11599 I art     : Starting a blocking GC Explicit
08-06 04:58:04.939 11539 12238 V RESPONSE: [{"id":17,"image_url":"https://upload.wikimedia.org/wikipedia/commons/9/94/%E0%B4%96%E0%B5%81%E0%B4%A4%E0%B5%8D%E0%B4%AC%E0%B5%8D_%E0%B4%AE%E0%B4%BF%E0%B4%A8%E0%B4%BE%E0%B5%BC1.jpg"}]
08-06 04:58:04.951 11539 11599 I art     : Explicit concurrent mark sweep GC freed 84(3KB) AllocSpace objects, 0(0B) LOS objects, 26% free, 43MB/59MB, paused 665us total 26.011ms
08-06 04:58:04.962 11539 11599 I art     : Starting a blocking GC Explicit
08-06 04:58:04.988 11539 11599 I art     : Explicit concurrent mark sweep GC freed 221(6KB) AllocSpace objects, 0(0B) LOS objects, 26% free, 43MB/59MB, paused 665us total 26.025ms
08-06 04:58:05.339 11539 11599 I art     : Starting a blocking GC Explicit
08-06 04:58:05.375 11539 11599 I art     : Explicit concurrent mark sweep GC freed 6069(236KB) AllocSpace objects, 3(4MB) LOS objects, 28% free, 39MB/55MB, paused 626us total 35.055ms
08-06 04:58:05.387 11539 11599 I art     : Starting a blocking GC Explicit
08-06 04:58:05.415 11539 11599 I art     : Explicit concurrent mark sweep GC freed 365(11KB) AllocSpace objects, 0(0B) LOS objects, 28% free, 39MB/55MB, paused 485us total 28.197ms
08-06 04:58:05.428 11539 11599 I art     : Starting a blocking GC Explicit
08-06 04:58:05.456 11539 11599 I art     : Explicit concurrent mark sweep GC freed 219(3KB) AllocSpace objects, 0(0B) LOS objects, 28% free, 39MB/55MB, paused 503us total 27.917ms
08-06 04:58:05.468 11539 11599 I art     : Starting a blocking GC Explicit
08-06 04:58:05.468   518   646 I ThermalEngine: ACTION: GPU - Setting GPU[0] to 450000000
08-06 04:58:05.508 11539 11599 I art     : Explicit concurrent mark sweep GC freed 188(3KB) AllocSpace objects, 0(0B) LOS objects, 28% free, 39MB/55MB, paused 1.424ms total 39.175ms
08-06 04:58:05.524 11539 11599 I art     : Starting a blocking GC Explicit
08-06 04:58:05.563 11539 11599 I art     : Explicit concurrent mark sweep GC freed 249(4KB) AllocSpace objects, 0(0B) LOS objects, 28% free, 39MB/55MB, paused 703us total 38.844ms
08-06 04:58:05.947 11539 11600 I art     : Starting a blocking GC Explicit
08-06 04:58:05.985 11539 11600 I art     : Explicit concurrent mark sweep GC freed 3229(112KB) AllocSpace objects, 2(40KB) LOS objects, 28% free, 39MB/55MB, paused 701us total 37.902ms
08-06 04:58:06.002 11539 11600 I art     : Starting a blocking GC Explicit
08-06 04:58:06.040 11539 11600 I art     : Explicit concurrent mark sweep GC freed 240(4KB) AllocSpace objects, 0(0B) LOS objects, 28% free, 39MB/55MB, paused 886us total 37.427ms
08-06 04:58:06.057 11539 11600 I art     : Starting a blocking GC Explicit
08-06 04:58:06.094 11539 11600 I art     : Explicit concurrent mark sweep GC freed 261(4KB) AllocSpace objects, 0(0B) LOS objects, 28% free, 39MB/55MB, paused 914us total 37.574ms
08-06 04:58:06.111 11539 11600 I art     : Starting a blocking GC Explicit
08-06 04:58:06.148 11539 11600 I art     : Explicit concurrent mark sweep GC freed 247(4KB) AllocSpace objects, 0(0B) LOS objects, 28% free, 39MB/55MB, paused 721us total 37.127ms
08-06 04:58:06.165 11539 11600 I art     : Starting a blocking GC Explicit
08-06 04:58:06.202 11539 11600 I art     : Explicit concurrent mark sweep GC freed 219(3KB) AllocSpace objects, 0(0B) LOS objects, 28% free, 39MB/55MB, paused 722us total 36.644ms
08-06 04:58:06.283 12266 12266 D AndroidRuntime: >>>>>> START com.android.internal.os.RuntimeInit uid 2000 <<<<<<
08-06 04:58:06.290 12266 12266 D AndroidRuntime: CheckJNI is OFF
08-06 04:58:06.334 12266 12266 D ICU     : No timezone override file found: /data/misc/zoneinfo/current/icu/icu_tzdata.dat
08-06 04:58:06.378 12266 12266 I Radio-JNI: register_android_hardware_Radio DONE
08-06 04:58:06.406 12266 12266 D AndroidRuntime: Calling main entry com.android.commands.input.Input
08-06 04:58:06.408 12266 12266 I Input   : injectKeyEvent: KeyEvent { action=ACTION_DOWN, keyCode=KEYCODE_BACK, scanCode=0, metaState=0, flags=0x0, repeatCount=0, eventTime=853102820, downTime=853102820, deviceId=-1, source=0x101 }
08-06 04:58:06.417 12266 12266 I Input   : injectKeyEvent: KeyEvent { action=ACTION_UP, keyCode=KEYCODE_BACK, scanCode=0, metaState=0, flags=0x0, repeatCount=0, eventTime=853102820, downTime=853102820, deviceId=-1, source=0x101 }
08-06 04:58:06.423 12266 12266 D AndroidRuntime: Shutting down VM
08-06 04:58:06.467 13866 13866 I GoogleInputMethodServic: GoogleInputMethodService.onFinishInput():3138 
08-06 04:58:06.468 13866 13866 I GoogleInputMethodServic: GoogleInputMethodService.onStartInput():1808 
08-06 04:58:06.587 11539 11600 I art     : Starting a blocking GC Explicit
08-06 04:58:06.629 11539 11600 I art     : Explicit concurrent mark sweep GC freed 3333(116KB) AllocSpace objects, 2(40KB) LOS objects, 28% free, 39MB/55MB, paused 761us total 41.873ms
08-06 04:58:06.647 11539 11600 I art     : Starting a blocking GC Explicit
08-06 04:58:06.688 11539 11600 I art     : Explicit concurrent mark sweep GC freed 248(4KB) AllocSpace objects, 0(0B) LOS objects, 28% free, 39MB/55MB, paused 816us total 41.393ms
08-06 04:58:06.710 11539 11600 I art     : Starting a blocking GC Explicit
08-06 04:58:06.752 11539 11600 I art     : Explicit concurrent mark sweep GC freed 287(4KB) AllocSpace objects, 0(0B) LOS objects, 28% free, 39MB/55MB, paused 672us total 41.812ms
08-06 04:58:06.771 11539 11600 I art     : Starting a blocking GC Explicit
08-06 04:58:06.787   380   380 W SurfaceFlinger: couldn't log to binary event log: overflow.
08-06 04:58:06.809 11539 11600 I art     : Explicit concurrent mark sweep GC freed 1020(38KB) AllocSpace objects, 0(0B) LOS objects, 28% free, 39MB/55MB, paused 661us total 37.276ms
08-06 04:58:06.824 11539 11600 I art     : Starting a blocking GC Explicit
08-06 04:58:06.858 11539 11600 I art     : Explicit concurrent mark sweep GC freed 156(3KB) AllocSpace objects, 3(644KB) LOS objects, 29% free, 39MB/55MB, paused 818us total 34.193ms
08-06 04:58:07.234 11539 11599 I art     : Starting a blocking GC Explicit
08-06 04:58:07.272 11539 11599 I art     : Explicit concurrent mark sweep GC freed 8056(369KB) AllocSpace objects, 3(68KB) LOS objects, 29% free, 38MB/54MB, paused 650us total 36.701ms
08-06 04:58:07.289 11539 11599 I art     : Starting a blocking GC Explicit
08-06 04:58:07.321 11539 11599 I art     : Explicit concurrent mark sweep GC freed 182(3KB) AllocSpace objects, 0(0B) LOS objects, 29% free, 38MB/54MB, paused 660us total 31.587ms
08-06 04:58:07.338 11539 11599 I art     : Starting a blocking GC Explicit
08-06 04:58:07.370 11539 11599 I art     : Explicit concurrent mark sweep GC freed 146(2464B) AllocSpace objects, 0(0B) LOS objects, 29% free, 38MB/54MB, paused 669us total 31.933ms
08-06 04:58:07.386 11539 11599 I art     : Starting a blocking GC Explicit
08-06 04:58:07.417 11539 11599 I art     : Explicit concurrent mark sweep GC freed 148(2528B) AllocSpace objects, 0(0B) LOS objects, 29% free, 38MB/54MB, paused 760us total 30.983ms
08-06 04:58:07.432 11539 11599 I art     : Starting a blocking GC Explicit
08-06 04:58:07.465 11539 11599 I art     : Explicit concurrent mark sweep GC freed 147(2496B) AllocSpace objects, 0(0B) LOS objects, 29% free, 38MB/54MB, paused 655us total 32.154ms
08-06 04:58:07.628   918  5481 I Telecom : PhoneAccountRegistrar: SimCallManager queried, returning: null
08-06 04:58:07.666   918  6110 I Telecom : PhoneAccountRegistrar: SimCallManager queried, returning: null
08-06 04:58:07.819 11539 11551 I art     : Starting a blocking GC Explicit
08-06 04:58:07.854 11539 11551 I art     : Explicit concurrent mark sweep GC freed 2532(101KB) AllocSpace objects, 2(40KB) LOS objects, 29% free, 38MB/54MB, paused 747us total 34.540ms
08-06 04:58:07.871 11539 11551 I art     : Starting a blocking GC Explicit
08-06 04:58:07.905 11539 11551 I art     : Explicit concurrent mark sweep GC freed 166(3KB) AllocSpace objects, 0(0B) LOS objects, 29% free, 38MB/54MB, paused 663us total 33.960ms
08-06 04:58:07.921 11539 11551 I art     : Starting a blocking GC Explicit
08-06 04:58:07.955 11539 11551 I art     : Explicit concurrent mark sweep GC freed 146(2464B) AllocSpace objects, 0(0B) LOS objects, 29% free, 38MB/54MB, paused 699us total 33.426ms
08-06 04:58:07.971 11539 11551 I art     : Starting a blocking GC Explicit
08-06 04:58:08.005 11539 11551 I art     : Explicit concurrent mark sweep GC freed 147(2496B) AllocSpace objects, 0(0B) LOS objects, 29% free, 38MB/54MB, paused 766us total 33.416ms
08-06 04:58:08.021 11539 11551 I art     : Starting a blocking GC Explicit
08-06 04:58:08.055 11539 11551 I art     : Explicit concurrent mark sweep GC freed 148(2528B) AllocSpace objects, 0(0B) LOS objects, 29% free, 38MB/54MB, paused 665us total 34.142ms
08-06 04:58:08.095  9137  9137 I ServiceManager: Waiting for service AtCmdFwd...
08-06 04:58:08.211 12313 12313 D AndroidRuntime: >>>>>> START com.android.internal.os.RuntimeInit uid 2000 <<<<<<
08-06 04:58:08.217 12313 12313 D AndroidRuntime: CheckJNI is OFF
08-06 04:58:08.259 12313 12313 D ICU     : No timezone override file found: /data/misc/zoneinfo/current/icu/icu_tzdata.dat
08-06 04:58:08.301 12313 12313 I Radio-JNI: register_android_hardware_Radio DONE
08-06 04:58:08.330 12313 12313 D AndroidRuntime: Calling main entry com.android.commands.input.Input
08-06 04:58:08.332 12313 12313 I Input   : injectMotionEvent: MotionEvent { action=ACTION_DOWN, actionButton=0, id[0]=0, x[0]=693.0, y[0]=1450.0, toolType[0]=TOOL_TYPE_UNKNOWN, buttonState=0, metaState=0, flags=0x0, edgeFlags=0x0, pointerCount=1, historySize=0, eventTime=853104744, downTime=853104744, deviceId=0, source=0x1002 }
08-06 04:58:08.336 12313 12313 I Input   : injectMotionEvent: MotionEvent { action=ACTION_UP, actionButton=0, id[0]=0, x[0]=693.0, y[0]=1450.0, toolType[0]=TOOL_TYPE_UNKNOWN, buttonState=0, metaState=0, flags=0x0, edgeFlags=0x0, pointerCount=1, historySize=0, eventTime=853104744, downTime=853104744, deviceId=0, source=0x1002 }
08-06 04:58:08.337 12313 12313 D AndroidRuntime: Shutting down VM
08-06 04:58:08.337   918  5481 I ActivityManager: START u0 {cmp=baseline.io.github.project_travel_mate/.destinations.description.CityHistoryActivity} from uid 10696 on display 0
08-06 04:58:08.339   512  2967 D audio_hw_primary: out_set_parameters: enter: usecase(1: low-latency-playback) kvpairs: routing=2
08-06 04:58:08.352   512  2967 D audio_hw_primary: select_devices: out_snd_device(2: speaker) in_snd_device(0: none)
08-06 04:58:08.352   512  2967 D msm8974_platform: platform_send_audio_calibration: sending audio calibration for snd_device(2) acdb_id(15)
08-06 04:58:08.352   512  2967 I soundtrigger: audio_extn_sound_trigger_update_device_status: device 0x2 of type 0 for Event 1
08-06 04:58:08.363   512  2967 D audio_hw_primary: enable_snd_device: snd_device(2: speaker)
08-06 04:58:08.364   512  2967 D audio_hw_primary: enable_audio_route: apply and update mixer path: low-latency-playback speaker
08-06 04:58:08.365 11539 11620 D Gabe    : call	returning from cache
08-06 04:58:08.370 11539 11539 V EXECUTING: https://project-travel-mate.herokuapp.com/api/get-city-information/1
08-06 04:58:08.457 11539 11600 I art     : Starting a blocking GC Explicit
08-06 04:58:08.490 11539 11600 I art     : Explicit concurrent mark sweep GC freed 3438(160KB) AllocSpace objects, 2(40KB) LOS objects, 26% free, 43MB/59MB, paused 736us total 32.764ms
08-06 04:58:08.507 11539 11600 I art     : Starting a blocking GC Explicit
08-06 04:58:08.510 13866 13866 I GoogleInputMethodServic: GoogleInputMethodService.onFinishInput():3138 
08-06 04:58:08.511   918   936 I ActivityManager: Displayed baseline.io.github.project_travel_mate/.destinations.description.CityHistoryActivity: +162ms
08-06 04:58:08.511 13866 13866 I GoogleInputMethodServic: GoogleInputMethodService.onStartInput():1808 
08-06 04:58:08.541 11539 11600 I art     : Explicit concurrent mark sweep GC freed 350(12KB) AllocSpace objects, 0(0B) LOS objects, 26% free, 43MB/59MB, paused 868us total 33.669ms
08-06 04:58:08.557 11539 11600 I art     : Starting a blocking GC Explicit
08-06 04:58:08.594 11539 11600 I art     : Explicit concurrent mark sweep GC freed 22(432B) AllocSpace objects, 0(0B) LOS objects, 27% free, 43MB/59MB, paused 908us total 36.381ms
08-06 04:58:08.611 11539 11600 I art     : Starting a blocking GC Explicit
08-06 04:58:08.643 11539 11600 I art     : Explicit concurrent mark sweep GC freed 295(5KB) AllocSpace objects, 0(0B) LOS objects, 27% free, 43MB/59MB, paused 771us total 32.168ms
08-06 04:58:08.659 11539 11600 I art     : Starting a blocking GC Explicit
08-06 04:58:08.693 11539 11600 I art     : Explicit concurrent mark sweep GC freed 219(3KB) AllocSpace objects, 0(0B) LOS objects, 27% free, 43MB/59MB, paused 837us total 33.410ms
08-06 04:58:08.756   380   380 W SurfaceFlinger: couldn't log to binary event log: overflow.
08-06 04:58:08.904 11539 12344 I NAPPA_EXPERIMENTATION: MetricNetworkRequestExecutionTime: REQUEST_DURATION_SYSTEM='534',REQUEST_DURATION_OKHTTP='39',REQUEST_SYNCHRONOUS='FALSE',RESPONSE_CODE='200',RESPONSE_METHOD='GET',RESPONSE_LENGTH_OKHTTP='55024',RESPONSE_LENGTH_HEADER='55024',REQUEST_PROTOCOL='http/1.1',REQUEST_URL='https://project-travel-mate.herokuapp.com/api/get-city-information/1',
08-06 04:58:08.909   512  2967 D audio_hw_primary: disable_audio_route: reset and update mixer path: low-latency-playback speaker
08-06 04:58:08.910   512  2967 D audio_hw_primary: disable_snd_device: snd_device(2: speaker)
08-06 04:58:08.918   512  2967 I soundtrigger: audio_extn_sound_trigger_update_device_status: device 0x2 of type 0 for Event 0
08-06 04:58:09.059 11539 11599 I art     : Starting a blocking GC Explicit
08-06 04:58:09.093 11539 11599 I art     : Explicit concurrent mark sweep GC freed 5539(635KB) AllocSpace objects, 11(580KB) LOS objects, 26% free, 44MB/60MB, paused 821us total 34.473ms
08-06 04:58:09.096  9137  9137 I ServiceManager: Waiting for service AtCmdFwd...
08-06 04:58:09.109 11539 11599 I art     : Starting a blocking GC Explicit
08-06 04:58:09.127 13866 13866 I GoogleInputMethodServic: GoogleInputMethodService.onFinishInput():3138 
08-06 04:58:09.128 13866 13866 I GoogleInputMethodServic: GoogleInputMethodService.onStartInput():1808 
08-06 04:58:09.142 11539 11599 I art     : Explicit concurrent mark sweep GC freed 2122(940KB) AllocSpace objects, 13(340KB) LOS objects, 26% free, 43MB/59MB, paused 800us total 32.688ms
08-06 04:58:09.157 11539 11599 I art     : Starting a blocking GC Explicit
08-06 04:58:09.192 11539 11599 I art     : Explicit concurrent mark sweep GC freed 272(5KB) AllocSpace objects, 1(4MB) LOS objects, 28% free, 39MB/55MB, paused 864us total 34.357ms
08-06 04:58:09.208 11539 11599 I art     : Starting a blocking GC Explicit
08-06 04:58:09.242 11539 11599 I art     : Explicit concurrent mark sweep GC freed 219(3KB) AllocSpace objects, 0(0B) LOS objects, 28% free, 39MB/55MB, paused 822us total 34.079ms
08-06 04:58:09.258 11539 11599 I art     : Starting a blocking GC Explicit
08-06 04:58:09.292 11539 11599 I art     : Explicit concurrent mark sweep GC freed 239(3KB) AllocSpace objects, 0(0B) LOS objects, 28% free, 39MB/55MB, paused 809us total 33.925ms
08-06 04:58:09.644 11539 11600 I art     : Starting a blocking GC Explicit
08-06 04:58:09.683 11539 11600 I art     : Explicit concurrent mark sweep GC freed 3127(110KB) AllocSpace objects, 2(40KB) LOS objects, 28% free, 39MB/55MB, paused 786us total 38.236ms
08-06 04:58:09.700 11539 11600 I art     : Starting a blocking GC Explicit
08-06 04:58:09.736 11539 11600 I art     : Explicit concurrent mark sweep GC freed 238(4KB) AllocSpace objects, 0(0B) LOS objects, 28% free, 39MB/55MB, paused 699us total 36.420ms
08-06 04:58:09.753 11539 11600 I art     : Starting a blocking GC Explicit
08-06 04:58:09.790 11539 11600 I art     : Explicit concurrent mark sweep GC freed 219(3KB) AllocSpace objects, 0(0B) LOS objects, 28% free, 39MB/55MB, paused 699us total 36.171ms
08-06 04:58:09.806 11539 11600 I art     : Starting a blocking GC Explicit
08-06 04:58:09.843 11539 11600 I art     : Explicit concurrent mark sweep GC freed 248(4KB) AllocSpace objects, 0(0B) LOS objects, 28% free, 39MB/55MB, paused 820us total 36.806ms
08-06 04:58:09.860 11539 11600 I art     : Starting a blocking GC Explicit
08-06 04:58:09.896 11539 11600 I art     : Explicit concurrent mark sweep GC freed 262(4KB) AllocSpace objects, 0(0B) LOS objects, 28% free, 39MB/55MB, paused 697us total 35.966ms
08-06 04:58:10.096  9137  9137 I ServiceManager: Waiting for service AtCmdFwd...
08-06 04:58:10.293 11539 11557 I art     : Starting a blocking GC Explicit
08-06 04:58:10.332 11539 11557 I art     : Explicit concurrent mark sweep GC freed 3340(115KB) AllocSpace objects, 2(40KB) LOS objects, 28% free, 39MB/55MB, paused 769us total 38.846ms
08-06 04:58:10.349 11539 11557 I art     : Starting a blocking GC Explicit
08-06 04:58:10.388 11539 11557 I art     : Explicit concurrent mark sweep GC freed 256(5KB) AllocSpace objects, 0(0B) LOS objects, 28% free, 39MB/55MB, paused 810us total 37.927ms
08-06 04:58:10.404 11539 11557 I art     : Starting a blocking GC Explicit
08-06 04:58:10.445 11539 11557 I art     : Explicit concurrent mark sweep GC freed 243(3KB) AllocSpace objects, 0(0B) LOS objects, 28% free, 39MB/55MB, paused 862us total 40.104ms
08-06 04:58:10.462 11539 11557 I art     : Starting a blocking GC Explicit
08-06 04:58:10.501 11539 11557 I art     : Explicit concurrent mark sweep GC freed 266(4KB) AllocSpace objects, 0(0B) LOS objects, 28% free, 39MB/55MB, paused 688us total 38.765ms
08-06 04:58:10.518 11539 11557 I art     : Starting a blocking GC Explicit
08-06 04:58:10.558 11539 11557 I art     : Explicit concurrent mark sweep GC freed 220(3KB) AllocSpace objects, 0(0B) LOS objects, 28% free, 39MB/55MB, paused 683us total 40.002ms
08-06 04:58:10.961 11539 11599 I art     : Starting a blocking GC Explicit
08-06 04:58:11.001 11539 11599 I art     : Explicit concurrent mark sweep GC freed 3370(114KB) AllocSpace objects, 2(40KB) LOS objects, 28% free, 39MB/55MB, paused 732us total 40.254ms
08-06 04:58:11.018 11539 11599 I art     : Starting a blocking GC Explicit
08-06 04:58:11.057 11539 11599 I art     : Explicit concurrent mark sweep GC freed 240(4KB) AllocSpace objects, 0(0B) LOS objects, 28% free, 39MB/55MB, paused 787us total 38.312ms
08-06 04:58:11.074 11539 11599 I art     : Starting a blocking GC Explicit
08-06 04:58:11.097  9137  9137 I ServiceManager: Waiting for service AtCmdFwd...
08-06 04:58:11.113 11539 11599 I art     : Explicit concurrent mark sweep GC freed 235(3KB) AllocSpace objects, 0(0B) LOS objects, 28% free, 39MB/55MB, paused 748us total 38.664ms
08-06 04:58:11.129 11539 11599 I art     : Starting a blocking GC Explicit
08-06 04:58:11.168 11539 11599 I art     : Explicit concurrent mark sweep GC freed 274(4KB) AllocSpace objects, 0(0B) LOS objects, 28% free, 39MB/55MB, paused 759us total 38.559ms
08-06 04:58:11.185 11539 11599 I art     : Starting a blocking GC Explicit
08-06 04:58:11.224 11539 11599 I art     : Explicit concurrent mark sweep GC freed 220(3KB) AllocSpace objects, 0(0B) LOS objects, 28% free, 39MB/55MB, paused 731us total 38.800ms
08-06 04:58:11.478   518   646 I ThermalEngine: ACTION: GPU - Setting GPU[0] to 510000000
08-06 04:58:11.607 11539 11600 I art     : Starting a blocking GC Explicit
08-06 04:58:11.639 11539 11600 I art     : Explicit concurrent mark sweep GC freed 3229(112KB) AllocSpace objects, 2(40KB) LOS objects, 28% free, 39MB/55MB, paused 513us total 30.874ms
08-06 04:58:11.639 11539 11549 I art     : WaitForGcToComplete blocked for 10.049ms for cause HeapTrim
08-06 04:58:11.651 11539 11600 I art     : Starting a blocking GC Explicit
08-06 04:58:11.679 11539 11600 I art     : Explicit concurrent mark sweep GC freed 237(4KB) AllocSpace objects, 0(0B) LOS objects, 28% free, 39MB/55MB, paused 519us total 27.815ms
08-06 04:58:11.691 11539 11600 I art     : Starting a blocking GC Explicit
08-06 04:58:11.720 11539 11600 I art     : Explicit concurrent mark sweep GC freed 147(2496B) AllocSpace objects, 0(0B) LOS objects, 28% free, 39MB/55MB, paused 527us total 28.039ms
08-06 04:58:11.732 11539 11600 I art     : Starting a blocking GC Explicit
08-06 04:58:11.761 11539 11600 I art     : Explicit concurrent mark sweep GC freed 162(2752B) AllocSpace objects, 0(0B) LOS objects, 28% free, 39MB/55MB, paused 613us total 28.671ms
08-06 04:58:11.773 11539 11600 I art     : Starting a blocking GC Explicit
08-06 04:58:11.802 11539 11600 I art     : Explicit concurrent mark sweep GC freed 205(3KB) AllocSpace objects, 0(0B) LOS objects, 28% free, 39MB/55MB, paused 523us total 28.402ms
08-06 04:58:12.097  9137  9137 I ServiceManager: Waiting for service AtCmdFwd...
08-06 04:58:12.159 11539 11550 I art     : Starting a blocking GC Explicit
08-06 04:58:12.190 11539 11550 I art     : Explicit concurrent mark sweep GC freed 3084(110KB) AllocSpace objects, 2(40KB) LOS objects, 28% free, 39MB/55MB, paused 538us total 30.878ms
08-06 04:58:12.206 11539 11550 I art     : Starting a blocking GC Explicit
08-06 04:58:12.234 11539 11550 I art     : Explicit concurrent mark sweep GC freed 225(4KB) AllocSpace objects, 0(0B) LOS objects, 28% free, 39MB/55MB, paused 542us total 27.570ms
08-06 04:58:12.246 11539 11550 I art     : Starting a blocking GC Explicit
08-06 04:58:12.275 11539 11550 I art     : Explicit concurrent mark sweep GC freed 159(2688B) AllocSpace objects, 0(0B) LOS objects, 28% free, 39MB/55MB, paused 529us total 28.304ms
08-06 04:58:12.287 11539 11550 I art     : Starting a blocking GC Explicit
08-06 04:58:12.316 11539 11550 I art     : Explicit concurrent mark sweep GC freed 184(3KB) AllocSpace objects, 0(0B) LOS objects, 28% free, 39MB/55MB, paused 840us total 28.487ms
08-06 04:58:12.328 11539 11550 I art     : Starting a blocking GC Explicit
08-06 04:58:12.357 11539 11550 I art     : Explicit concurrent mark sweep GC freed 182(3KB) AllocSpace objects, 0(0B) LOS objects, 28% free, 39MB/55MB, paused 597us total 28.576ms
08-06 04:58:12.726 11539 11551 I art     : Starting a blocking GC Explicit
08-06 04:58:12.755 11539 11551 I art     : Explicit concurrent mark sweep GC freed 3159(111KB) AllocSpace objects, 2(40KB) LOS objects, 28% free, 39MB/55MB, paused 607us total 29.500ms
08-06 04:58:12.768 11539 11551 I art     : Starting a blocking GC Explicit
08-06 04:58:12.797 11539 11551 I art     : Explicit concurrent mark sweep GC freed 199(3KB) AllocSpace objects, 0(0B) LOS objects, 28% free, 39MB/55MB, paused 726us total 28.801ms
08-06 04:58:12.809 11539 11551 I art     : Starting a blocking GC Explicit
08-06 04:58:12.837 11539 11551 I art     : Explicit concurrent mark sweep GC freed 179(3024B) AllocSpace objects, 0(0B) LOS objects, 28% free, 39MB/55MB, paused 770us total 28.027ms
08-06 04:58:12.850 11539 11551 I art     : Starting a blocking GC Explicit
08-06 04:58:12.878 11539 11551 I art     : Explicit concurrent mark sweep GC freed 154(2608B) AllocSpace objects, 0(0B) LOS objects, 28% free, 39MB/55MB, paused 610us total 28.500ms
08-06 04:58:12.891 11539 11551 I art     : Starting a blocking GC Explicit
08-06 04:58:12.919 11539 11551 I art     : Explicit concurrent mark sweep GC freed 215(3KB) AllocSpace objects, 0(0B) LOS objects, 28% free, 39MB/55MB, paused 581us total 28.088ms
08-06 04:58:13.008 12414 12414 D AndroidRuntime: >>>>>> START com.android.internal.os.RuntimeInit uid 2000 <<<<<<
08-06 04:58:13.013 12414 12414 D AndroidRuntime: CheckJNI is OFF
08-06 04:58:13.046 12414 12414 D ICU     : No timezone override file found: /data/misc/zoneinfo/current/icu/icu_tzdata.dat
08-06 04:58:13.079 12414 12414 I Radio-JNI: register_android_hardware_Radio DONE
08-06 04:58:13.098  9137  9137 W Atfwd_Sendcmd: AtCmdFwd service not published, waiting... retryCnt : 5
08-06 04:58:13.100 12414 12414 D AndroidRuntime: Calling main entry com.android.commands.input.Input
08-06 04:58:13.102 12414 12414 I Input   : injectKeyEvent: KeyEvent { action=ACTION_DOWN, keyCode=KEYCODE_BACK, scanCode=0, metaState=0, flags=0x0, repeatCount=0, eventTime=853109514, downTime=853109514, deviceId=-1, source=0x101 }
08-06 04:58:13.114 12414 12414 I Input   : injectKeyEvent: KeyEvent { action=ACTION_UP, keyCode=KEYCODE_BACK, scanCode=0, metaState=0, flags=0x0, repeatCount=0, eventTime=853109514, downTime=853109514, deviceId=-1, source=0x101 }
08-06 04:58:13.121 12414 12414 D AndroidRuntime: Shutting down VM
08-06 04:58:13.157 13866 13866 I GoogleInputMethodServic: GoogleInputMethodService.onFinishInput():3138 
08-06 04:58:13.158 13866 13866 I GoogleInputMethodServic: GoogleInputMethodService.onStartInput():1808 
08-06 04:58:13.249 11539 11551 I art     : Starting a blocking GC Explicit
08-06 04:58:13.277 11539 11551 I art     : Explicit concurrent mark sweep GC freed 3069(112KB) AllocSpace objects, 2(40KB) LOS objects, 28% free, 39MB/55MB, paused 511us total 27.804ms
08-06 04:58:13.291 11539 11551 I art     : Starting a blocking GC Explicit
08-06 04:58:13.319 11539 11551 I art     : Explicit concurrent mark sweep GC freed 252(4KB) AllocSpace objects, 0(0B) LOS objects, 28% free, 39MB/55MB, paused 467us total 27.931ms
08-06 04:58:13.332 11539 11551 I art     : Starting a blocking GC Explicit
08-06 04:58:13.358 11539 11551 I art     : Explicit concurrent mark sweep GC freed 147(2496B) AllocSpace objects, 0(0B) LOS objects, 28% free, 39MB/55MB, paused 496us total 26.327ms
08-06 04:58:13.370 11539 11551 I art     : Starting a blocking GC Explicit
08-06 04:58:13.396 11539 11551 I art     : Explicit concurrent mark sweep GC freed 188(3KB) AllocSpace objects, 0(0B) LOS objects, 28% free, 39MB/55MB, paused 542us total 25.429ms
08-06 04:58:13.410 11539 11551 I art     : Starting a blocking GC Explicit
08-06 04:58:13.437 11539 11551 I art     : Explicit concurrent mark sweep GC freed 178(3040B) AllocSpace objects, 0(0B) LOS objects, 28% free, 39MB/55MB, paused 545us total 26.962ms
08-06 04:58:13.445   380   380 W SurfaceFlinger: couldn't log to binary event log: overflow.
08-06 04:58:13.762 11539 11557 I art     : Starting a blocking GC Explicit
08-06 04:58:13.795 11539 11557 I art     : Explicit concurrent mark sweep GC freed 2483(100KB) AllocSpace objects, 3(228KB) LOS objects, 28% free, 39MB/55MB, paused 556us total 32.591ms
08-06 04:58:13.810 11539 11557 I art     : Starting a blocking GC Explicit
08-06 04:58:13.839 11539 11557 I art     : Explicit concurrent mark sweep GC freed 4842(341KB) AllocSpace objects, 7(132KB) LOS objects, 29% free, 38MB/54MB, paused 534us total 28.522ms
08-06 04:58:13.851 11539 11557 I art     : Starting a blocking GC Explicit
08-06 04:58:13.879 11539 11557 I art     : Explicit concurrent mark sweep GC freed 125(2112B) AllocSpace objects, 0(0B) LOS objects, 29% free, 38MB/54MB, paused 634us total 27.920ms
08-06 04:58:13.892 11539 11557 I art     : Starting a blocking GC Explicit
08-06 04:58:13.920 11539 11557 I art     : Explicit concurrent mark sweep GC freed 121(2080B) AllocSpace objects, 0(0B) LOS objects, 29% free, 38MB/54MB, paused 589us total 27.635ms
08-06 04:58:13.932 11539 11557 I art     : Starting a blocking GC Explicit
08-06 04:58:13.960 11539 11557 I art     : Explicit concurrent mark sweep GC freed 99(1696B) AllocSpace objects, 0(0B) LOS objects, 29% free, 38MB/54MB, paused 621us total 27.708ms
08-06 04:58:14.289 11539 11600 I art     : Starting a blocking GC Explicit
08-06 04:58:14.319 11539 11600 I art     : Explicit concurrent mark sweep GC freed 2484(100KB) AllocSpace objects, 2(40KB) LOS objects, 29% free, 38MB/54MB, paused 508us total 29.583ms
08-06 04:58:14.331 11539 11600 I art     : Starting a blocking GC Explicit
08-06 04:58:14.357 11539 11600 I art     : Explicit concurrent mark sweep GC freed 118(2384B) AllocSpace objects, 0(0B) LOS objects, 29% free, 38MB/54MB, paused 567us total 26.078ms
08-06 04:58:14.369 11539 11600 I art     : Starting a blocking GC Explicit
08-06 04:58:14.395 11539 11600 I art     : Explicit concurrent mark sweep GC freed 99(1696B) AllocSpace objects, 0(0B) LOS objects, 29% free, 38MB/54MB, paused 567us total 25.947ms
08-06 04:58:14.407 11539 11600 I art     : Starting a blocking GC Explicit
08-06 04:58:14.434 11539 11600 I art     : Explicit concurrent mark sweep GC freed 147(2496B) AllocSpace objects, 0(0B) LOS objects, 29% free, 38MB/54MB, paused 517us total 26.137ms
08-06 04:58:14.446 11539 11600 I art     : Starting a blocking GC Explicit
08-06 04:58:14.472 11539 11600 I art     : Explicit concurrent mark sweep GC freed 98(1664B) AllocSpace objects, 0(0B) LOS objects, 29% free, 38MB/54MB, paused 526us total 26.353ms
08-06 04:58:14.759 12461 12461 D AndroidRuntime: >>>>>> START com.android.internal.os.RuntimeInit uid 2000 <<<<<<
08-06 04:58:14.764 12461 12461 D AndroidRuntime: CheckJNI is OFF
08-06 04:58:14.783 11539 11599 I art     : Starting a blocking GC Explicit
08-06 04:58:14.798 12461 12461 D ICU     : No timezone override file found: /data/misc/zoneinfo/current/icu/icu_tzdata.dat
08-06 04:58:14.810 11539 11599 I art     : Explicit concurrent mark sweep GC freed 2389(98KB) AllocSpace objects, 2(40KB) LOS objects, 29% free, 38MB/54MB, paused 548us total 27.224ms
08-06 04:58:14.823 11539 11599 I art     : Starting a blocking GC Explicit
08-06 04:58:14.833 12461 12461 I Radio-JNI: register_android_hardware_Radio DONE
08-06 04:58:14.850 11539 11599 I art     : Explicit concurrent mark sweep GC freed 166(3KB) AllocSpace objects, 0(0B) LOS objects, 29% free, 38MB/54MB, paused 528us total 26.409ms
08-06 04:58:14.855 12461 12461 D AndroidRuntime: Calling main entry com.android.commands.input.Input
08-06 04:58:14.857 12461 12461 I Input   : injectKeyEvent: KeyEvent { action=ACTION_DOWN, keyCode=KEYCODE_BACK, scanCode=0, metaState=0, flags=0x0, repeatCount=0, eventTime=853111270, downTime=853111270, deviceId=-1, source=0x101 }
08-06 04:58:14.862 11539 11599 I art     : Starting a blocking GC Explicit
08-06 04:58:14.864 12461 12461 I Input   : injectKeyEvent: KeyEvent { action=ACTION_UP, keyCode=KEYCODE_BACK, scanCode=0, metaState=0, flags=0x0, repeatCount=0, eventTime=853111270, downTime=853111270, deviceId=-1, source=0x101 }
08-06 04:58:14.869 12461 12461 D AndroidRuntime: Shutting down VM
08-06 04:58:14.880 11539 11539 V MainActivity: url = https://project-travel-mate.herokuapp.com/api/number-of-unread-notifications
08-06 04:58:14.889 11539 11599 I art     : Explicit concurrent mark sweep GC freed 419(14KB) AllocSpace objects, 0(0B) LOS objects, 29% free, 38MB/54MB, paused 630us total 26.707ms
08-06 04:58:14.901 11539 11599 I art     : Starting a blocking GC Explicit
08-06 04:58:14.908 13866 13866 I GoogleInputMethodServic: GoogleInputMethodService.onFinishInput():3138 
08-06 04:58:14.909 13866 13866 I GoogleInputMethodServic: GoogleInputMethodService.onStartInput():1808 
08-06 04:58:14.928 11539 11599 I art     : Explicit concurrent mark sweep GC freed 268(8KB) AllocSpace objects, 0(0B) LOS objects, 29% free, 38MB/54MB, paused 741us total 26.687ms
08-06 04:58:14.941 11539 11599 I art     : Starting a blocking GC Explicit
08-06 04:58:14.966 11539 11599 I art     : Explicit concurrent mark sweep GC freed 200(4KB) AllocSpace objects, 0(0B) LOS objects, 29% free, 38MB/54MB, paused 547us total 25.208ms
08-06 04:58:15.196   380   380 W SurfaceFlinger: couldn't log to binary event log: overflow.
08-06 04:58:15.275 11539 11551 I art     : Starting a blocking GC Explicit
08-06 04:58:15.306 11539 11551 I art     : Explicit concurrent mark sweep GC freed 2361(103KB) AllocSpace objects, 2(40KB) LOS objects, 29% free, 38MB/54MB, paused 687us total 30.668ms
08-06 04:58:15.322 11539 11551 I art     : Starting a blocking GC Explicit
08-06 04:58:15.348 11539 11551 I art     : Explicit concurrent mark sweep GC freed 233(9KB) AllocSpace objects, 0(0B) LOS objects, 29% free, 38MB/54MB, paused 614us total 26.495ms
08-06 04:58:15.360 11539 11551 I art     : Starting a blocking GC Explicit
08-06 04:58:15.388 11539 11551 I art     : Explicit concurrent mark sweep GC freed 597(51KB) AllocSpace objects, 0(0B) LOS objects, 29% free, 39MB/55MB, paused 680us total 27.733ms
08-06 04:58:15.400 11539 11551 I art     : Starting a blocking GC Explicit
08-06 04:58:15.430 11539 11551 I art     : Explicit concurrent mark sweep GC freed 2101(82KB) AllocSpace objects, 2(120KB) LOS objects, 28% free, 39MB/55MB, paused 671us total 29.555ms
08-06 04:58:15.443 11539 11551 I art     : Starting a blocking GC Explicit
08-06 04:58:15.454 11539 12484 I NAPPA_EXPERIMENTATION: MetricNetworkRequestExecutionTime: REQUEST_DURATION_SYSTEM='573',REQUEST_DURATION_OKHTTP='35',REQUEST_SYNCHRONOUS='FALSE',RESPONSE_CODE='200',RESPONSE_METHOD='GET',RESPONSE_LENGTH_OKHTTP='36',RESPONSE_LENGTH_HEADER='36',REQUEST_PROTOCOL='http/1.1',REQUEST_URL='https://project-travel-mate.herokuapp.com/api/number-of-unread-notifications',
08-06 04:58:15.472 11539 11551 I art     : Explicit concurrent mark sweep GC freed 1082(125KB) AllocSpace objects, 1(80KB) LOS objects, 29% free, 39MB/55MB, paused 598us total 28.945ms
08-06 04:58:15.709   918  3261 D WifiStateMachine: starting scan for "H369AA63323"WPA_PSK with 2412,5180
08-06 04:58:15.811 11539 11550 I art     : Starting a blocking GC Explicit
08-06 04:58:15.843 11539 11550 I art     : Explicit concurrent mark sweep GC freed 2091(99KB) AllocSpace objects, 2(40KB) LOS objects, 29% free, 39MB/55MB, paused 606us total 32.073ms
08-06 04:58:15.859 11539 11550 I art     : Starting a blocking GC Explicit
08-06 04:58:15.886 11539 11550 I art     : Explicit concurrent mark sweep GC freed 94(1984B) AllocSpace objects, 0(0B) LOS objects, 29% free, 39MB/55MB, paused 574us total 26.599ms
08-06 04:58:15.898 11539 11550 I art     : Starting a blocking GC Explicit
08-06 04:58:15.924 11539 11550 I art     : Explicit concurrent mark sweep GC freed 51(896B) AllocSpace objects, 0(0B) LOS objects, 29% free, 39MB/55MB, paused 547us total 25.592ms
08-06 04:58:15.935 11539 11550 I art     : Starting a blocking GC Explicit
08-06 04:58:15.961 11539 11550 I art     : Explicit concurrent mark sweep GC freed 51(896B) AllocSpace objects, 0(0B) LOS objects, 29% free, 39MB/55MB, paused 550us total 25.498ms
08-06 04:58:15.972 11539 11550 I art     : Starting a blocking GC Explicit
08-06 04:58:15.998 11539 11550 I art     : Explicit concurrent mark sweep GC freed 75(1296B) AllocSpace objects, 0(0B) LOS objects, 29% free, 39MB/55MB, paused 685us total 25.712ms
08-06 04:58:16.307 11539 11557 I art     : Starting a blocking GC Explicit
08-06 04:58:16.335 11539 11557 I art     : Explicit concurrent mark sweep GC freed 1920(91KB) AllocSpace objects, 2(40KB) LOS objects, 29% free, 39MB/55MB, paused 606us total 27.393ms
08-06 04:58:16.347 11539 11557 I art     : Starting a blocking GC Explicit
08-06 04:58:16.375 11539 11557 I art     : Explicit concurrent mark sweep GC freed 80(2128B) AllocSpace objects, 0(0B) LOS objects, 29% free, 39MB/55MB, paused 592us total 27.321ms
08-06 04:58:16.387 11539 11557 I art     : Starting a blocking GC Explicit
08-06 04:58:16.416 11539 11557 I art     : Explicit concurrent mark sweep GC freed 62(1072B) AllocSpace objects, 0(0B) LOS objects, 29% free, 39MB/55MB, paused 720us total 28.504ms
08-06 04:58:16.428 11539 11557 I art     : Starting a blocking GC Explicit
08-06 04:58:16.456 11539 11557 I art     : Explicit concurrent mark sweep GC freed 64(1120B) AllocSpace objects, 0(0B) LOS objects, 29% free, 39MB/55MB, paused 582us total 27.949ms
08-06 04:58:16.469 11539 11557 I art     : Starting a blocking GC Explicit
08-06 04:58:16.498 11539 11557 I art     : Explicit concurrent mark sweep GC freed 51(896B) AllocSpace objects, 0(0B) LOS objects, 29% free, 39MB/55MB, paused 673us total 28.806ms
08-06 04:58:16.530 12506 12506 D AndroidRuntime: >>>>>> START com.android.internal.os.RuntimeInit uid 2000 <<<<<<
08-06 04:58:16.535 12506 12506 D AndroidRuntime: CheckJNI is OFF
08-06 04:58:16.569 12506 12506 D ICU     : No timezone override file found: /data/misc/zoneinfo/current/icu/icu_tzdata.dat
08-06 04:58:16.601 12506 12506 I Radio-JNI: register_android_hardware_Radio DONE
08-06 04:58:16.623 12506 12506 D AndroidRuntime: Calling main entry com.android.commands.input.Input
08-06 04:58:16.625 12506 12506 I Input   : injectMotionEvent: MotionEvent { action=ACTION_DOWN, actionButton=0, id[0]=0, x[0]=346.0, y[0]=709.0, toolType[0]=TOOL_TYPE_UNKNOWN, buttonState=0, metaState=0, flags=0x0, edgeFlags=0x0, pointerCount=1, historySize=0, eventTime=853113038, downTime=853113038, deviceId=0, source=0x1002 }
08-06 04:58:16.634 12506 12506 I Input   : injectMotionEvent: MotionEvent { action=ACTION_UP, actionButton=0, id[0]=0, x[0]=346.0, y[0]=709.0, toolType[0]=TOOL_TYPE_UNKNOWN, buttonState=0, metaState=0, flags=0x0, edgeFlags=0x0, pointerCount=1, historySize=0, eventTime=853113038, downTime=853113038, deviceId=0, source=0x1002 }
08-06 04:58:16.642   918  6111 I ActivityManager: START u0 {cmp=baseline.io.github.project_travel_mate/.destinations.description.FinalCityInfoActivity (has extras)} from uid 10696 on display 0
08-06 04:58:16.650 12506 12506 D AndroidRuntime: Shutting down VM
08-06 04:58:16.676 11539 11620 D Gabe    : call	returning from cache
08-06 04:58:16.696 11539 11539 V EXECUTING: https://project-travel-mate.herokuapp.com/api/get-city-weather/1
08-06 04:58:16.809 11539 11550 I art     : Starting a blocking GC Explicit
08-06 04:58:16.829   918   936 I ActivityManager: Displayed baseline.io.github.project_travel_mate/.destinations.description.FinalCityInfoActivity: +176ms
08-06 04:58:16.830 13866 13866 I GoogleInputMethodServic: GoogleInputMethodService.onFinishInput():3138 
08-06 04:58:16.830 13866 13866 I GoogleInputMethodServic: GoogleInputMethodService.onStartInput():1808 
08-06 04:58:16.838 11539 11550 I art     : Explicit concurrent mark sweep GC freed 6922(439KB) AllocSpace objects, 2(40KB) LOS objects, 26% free, 43MB/59MB, paused 1.068ms total 29.057ms
08-06 04:58:16.852 11539 11550 I art     : Starting a blocking GC Explicit
08-06 04:58:16.885 11539 11550 I art     : Explicit concurrent mark sweep GC freed 504(21KB) AllocSpace objects, 0(0B) LOS objects, 26% free, 43MB/59MB, paused 1.005ms total 32.866ms
08-06 04:58:16.900 11539 11550 I art     : Starting a blocking GC Explicit
08-06 04:58:16.931 11539 11550 I art     : Explicit concurrent mark sweep GC freed 98(1712B) AllocSpace objects, 0(0B) LOS objects, 26% free, 43MB/59MB, paused 858us total 30.773ms
08-06 04:58:16.944 11539 11550 I art     : Starting a blocking GC Explicit
08-06 04:58:16.978 11539 11550 I art     : Explicit concurrent mark sweep GC freed 21(384B) AllocSpace objects, 0(0B) LOS objects, 26% free, 43MB/59MB, paused 949us total 32.867ms
08-06 04:58:16.991 11539 11550 I art     : Starting a blocking GC Explicit
08-06 04:58:17.018 11539 11550 I art     : Explicit concurrent mark sweep GC freed 150(2672B) AllocSpace objects, 0(0B) LOS objects, 26% free, 43MB/59MB, paused 633us total 26.681ms
08-06 04:58:17.065   380   380 W SurfaceFlinger: couldn't log to binary event log: overflow.
08-06 04:58:17.222 11539 12538 I NAPPA_EXPERIMENTATION: MetricNetworkRequestExecutionTime: REQUEST_DURATION_SYSTEM='525',REQUEST_DURATION_OKHTTP='62',REQUEST_SYNCHRONOUS='FALSE',RESPONSE_CODE='200',RESPONSE_METHOD='GET',RESPONSE_LENGTH_OKHTTP='238',RESPONSE_LENGTH_HEADER='238',REQUEST_PROTOCOL='http/1.1',REQUEST_URL='https://project-travel-mate.herokuapp.com/api/get-city-weather/1',
08-06 04:58:17.226 11539 12540 I NAPPA_EXPERIMENTATION: MetricNetworkRequestExecutionTime: REQUEST_DURATION_SYSTEM='529',REQUEST_DURATION_OKHTTP='68',REQUEST_SYNCHRONOUS='FALSE',RESPONSE_CODE='200',RESPONSE_METHOD='GET',RESPONSE_LENGTH_OKHTTP='530',RESPONSE_LENGTH_HEADER='530',REQUEST_PROTOCOL='http/1.1',REQUEST_URL='https://project-travel-mate.herokuapp.com/api/get-city/1',
08-06 04:58:17.260 11539 12540 V Response: {"id":1,"city_name":"Delhi","description":"Delhi, officially the National Capital Territory of Delhi, is the Capital territory of India. During the British Raj, Delhi was part of the province of Punjab and is still historically and culturally connected to the Punjab region.","latitude":"28.613900","longitude":"77.209000","facts_count":6,"images":["https://upload.wikimedia.org/wikipedia/commons/9/94/%E0%B4%96%E0%B5%81%E0%B4%A4%E0%B5%8D%E0%B4%AC%E0%B5%8D_%E0%B4%AE%E0%B4%BF%E0%B4%A8%E0%B4%BE%E0%B5%BC1.jpg"],"has_visited":false}
08-06 04:58:17.343 11539 11557 I art     : Starting a blocking GC Explicit
08-06 04:58:17.374 11539 11557 I art     : Explicit concurrent mark sweep GC freed 8491(414KB) AllocSpace objects, 5(240KB) LOS objects, 26% free, 43MB/59MB, paused 939us total 30.575ms
08-06 04:58:17.386 11539 11557 I art     : Starting a blocking GC Explicit
08-06 04:58:17.416 11539 11557 I art     : Explicit concurrent mark sweep GC freed 1415(140KB) AllocSpace objects, 1(4MB) LOS objects, 28% free, 39MB/55MB, paused 603us total 29.153ms
08-06 04:58:17.427 11539 11557 I art     : Starting a blocking GC Explicit
08-06 04:58:17.456 11539 11557 I art     : Explicit concurrent mark sweep GC freed 181(4KB) AllocSpace objects, 0(0B) LOS objects, 28% free, 39MB/55MB, paused 698us total 28.870ms
08-06 04:58:17.469 11539 11557 I art     : Starting a blocking GC Explicit
08-06 04:58:17.490   518   646 I ThermalEngine: ACTION: GPU - Setting GPU[0] to 450000000
08-06 04:58:17.502 11539 11557 I art     : Explicit concurrent mark sweep GC freed 146(2464B) AllocSpace objects, 0(0B) LOS objects, 28% free, 39MB/55MB, paused 886us total 33.268ms
08-06 04:58:17.519 11539 11557 I art     : Starting a blocking GC Explicit
08-06 04:58:17.558 11539 11557 I art     : Explicit concurrent mark sweep GC freed 148(2528B) AllocSpace objects, 0(0B) LOS objects, 28% free, 39MB/55MB, paused 820us total 38.105ms
08-06 04:58:17.928 11539 11551 I art     : Starting a blocking GC Explicit
08-06 04:58:17.967 11539 11551 I art     : Explicit concurrent mark sweep GC freed 2603(102KB) AllocSpace objects, 2(40KB) LOS objects, 28% free, 39MB/55MB, paused 815us total 38.564ms
08-06 04:58:17.983 11539 11551 I art     : Starting a blocking GC Explicit
08-06 04:58:18.021 11539 11551 I art     : Explicit concurrent mark sweep GC freed 223(4KB) AllocSpace objects, 0(0B) LOS objects, 28% free, 39MB/55MB, paused 835us total 38.155ms
08-06 04:58:18.038 11539 11551 I art     : Starting a blocking GC Explicit
08-06 04:58:18.078 11539 11551 I art     : Explicit concurrent mark sweep GC freed 148(2528B) AllocSpace objects, 0(0B) LOS objects, 28% free, 39MB/55MB, paused 918us total 39.473ms
08-06 04:58:18.094 11539 11551 I art     : Starting a blocking GC Explicit
08-06 04:58:18.134 11539 11551 I art     : Explicit concurrent mark sweep GC freed 151(2560B) AllocSpace objects, 0(0B) LOS objects, 28% free, 39MB/55MB, paused 890us total 39.136ms
08-06 04:58:18.151 11539 11551 I art     : Starting a blocking GC Explicit
08-06 04:58:18.189 11539 11551 I art     : Explicit concurrent mark sweep GC freed 190(3KB) AllocSpace objects, 0(0B) LOS objects, 28% free, 39MB/55MB, paused 843us total 38.304ms
08-06 04:58:18.222 24365 32102 I NetworkScheduler.Stats: Task com.google.android.gms/com.google.android.gms.icing.service.IcingGcmTaskService started execution. cause:4 exec_start_elapsed_seconds: 1836502 [CONTEXT service_id=218 ]
08-06 04:58:18.243 24365  3309 I NetworkScheduler.Stats: Task com.google.android.gms/com.google.android.gms.icing.service.IcingGcmTaskService finished executing. cause:4 result: 1 elapsed_millis: 44 uptime_millis: 44 exec_start_elapsed_seconds: 1836502 [CONTEXT service_id=218 ]
08-06 04:58:18.288 24365 32102 I NetworkScheduler.Stats: Task com.google.android.gms/com.google.android.gms.clearcut.uploader.QosUploaderService started execution. cause:5 exec_start_elapsed_seconds: 1836502 [CONTEXT service_id=218 ]
08-06 04:58:18.334 24365 32102 I NetworkScheduler.Stats: Task com.google.android.gms/com.google.android.gms.clearcut.uploader.QosUploaderService finished executing. cause:5 result: 1 elapsed_millis: 70 uptime_millis: 69 exec_start_elapsed_seconds: 1836502 [CONTEXT service_id=218 ]
08-06 04:58:18.341 24365 24372 I art     : Background partial concurrent mark sweep GC freed 137788(7MB) AllocSpace objects, 5(88KB) LOS objects, 27% free, 42MB/58MB, paused 1.240ms total 132.289ms
08-06 04:58:18.544 11539 11550 I art     : Starting a blocking GC Explicit
08-06 04:58:18.587 11539 11550 I art     : Explicit concurrent mark sweep GC freed 2535(101KB) AllocSpace objects, 2(40KB) LOS objects, 28% free, 39MB/55MB, paused 946us total 42.306ms
08-06 04:58:18.604 11539 11550 I art     : Starting a blocking GC Explicit
08-06 04:58:18.646 11539 11550 I art     : Explicit concurrent mark sweep GC freed 212(3KB) AllocSpace objects, 0(0B) LOS objects, 28% free, 39MB/55MB, paused 855us total 41.759ms
08-06 04:58:18.663 11539 11550 I art     : Starting a blocking GC Explicit
08-06 04:58:18.705 11539 11550 I art     : Explicit concurrent mark sweep GC freed 170(2864B) AllocSpace objects, 0(0B) LOS objects, 28% free, 39MB/55MB, paused 993us total 41.608ms
08-06 04:58:18.723 11539 11550 I art     : Starting a blocking GC Explicit
08-06 04:58:18.765 11539 11550 I art     : Explicit concurrent mark sweep GC freed 173(2960B) AllocSpace objects, 0(0B) LOS objects, 28% free, 39MB/55MB, paused 840us total 42.174ms
08-06 04:58:18.783 11539 11550 I art     : Starting a blocking GC Explicit
08-06 04:58:18.825 11539 11550 I art     : Explicit concurrent mark sweep GC freed 192(3KB) AllocSpace objects, 0(0B) LOS objects, 28% free, 39MB/55MB, paused 881us total 41.794ms
08-06 04:58:19.227 11539 11600 I art     : Starting a blocking GC Explicit
08-06 04:58:19.271 11539 11600 I art     : Explicit concurrent mark sweep GC freed 2691(104KB) AllocSpace objects, 2(40KB) LOS objects, 28% free, 39MB/55MB, paused 941us total 43.627ms
08-06 04:58:19.288 11539 11600 I art     : Starting a blocking GC Explicit
08-06 04:58:19.329 11539 11600 I art     : Explicit concurrent mark sweep GC freed 223(4KB) AllocSpace objects, 0(0B) LOS objects, 28% free, 39MB/55MB, paused 911us total 41.273ms
08-06 04:58:19.347 11539 11600 I art     : Starting a blocking GC Explicit
08-06 04:58:19.390 11539 11600 I art     : Explicit concurrent mark sweep GC freed 177(2992B) AllocSpace objects, 0(0B) LOS objects, 28% free, 39MB/55MB, paused 1.011ms total 43.249ms
08-06 04:58:19.407 11539 11600 I art     : Starting a blocking GC Explicit
08-06 04:58:19.448 11539 11600 I art     : Explicit concurrent mark sweep GC freed 166(2832B) AllocSpace objects, 0(0B) LOS objects, 28% free, 39MB/55MB, paused 854us total 40.625ms
08-06 04:58:19.465 11539 11600 I art     : Starting a blocking GC Explicit
08-06 04:58:19.507 11539 11600 I art     : Explicit concurrent mark sweep GC freed 194(3KB) AllocSpace objects, 0(0B) LOS objects, 28% free, 39MB/55MB, paused 983us total 42.055ms
08-06 04:58:19.914 11539 11557 I art     : Starting a blocking GC Explicit
08-06 04:58:19.957 11539 11557 I art     : Explicit concurrent mark sweep GC freed 2703(103KB) AllocSpace objects, 2(40KB) LOS objects, 28% free, 39MB/55MB, paused 997us total 42.766ms
08-06 04:58:19.974 11539 11557 I art     : Starting a blocking GC Explicit
08-06 04:58:20.016 11539 11557 I art     : Explicit concurrent mark sweep GC freed 189(3KB) AllocSpace objects, 0(0B) LOS objects, 28% free, 39MB/55MB, paused 869us total 42.005ms
08-06 04:58:20.033 11539 11557 I art     : Starting a blocking GC Explicit
08-06 04:58:20.074 11539 11557 I art     : Explicit concurrent mark sweep GC freed 177(2976B) AllocSpace objects, 0(0B) LOS objects, 28% free, 39MB/55MB, paused 897us total 40.328ms
08-06 04:58:20.091 11539 11557 I art     : Starting a blocking GC Explicit
08-06 04:58:20.133 11539 11557 I art     : Explicit concurrent mark sweep GC freed 165(2816B) AllocSpace objects, 0(0B) LOS objects, 28% free, 39MB/55MB, paused 843us total 42.314ms
08-06 04:58:20.150 11539 11557 I art     : Starting a blocking GC Explicit
08-06 04:58:20.193 11539 11557 I art     : Explicit concurrent mark sweep GC freed 170(2864B) AllocSpace objects, 0(0B) LOS objects, 28% free, 39MB/55MB, paused 1.604ms total 42.746ms
08-06 04:58:20.495   518   646 I ThermalEngine: ACTION: GPU - Setting GPU[0] to 510000000
08-06 04:58:20.594 11539 11599 I art     : Starting a blocking GC Explicit
08-06 04:58:20.627 11539 11599 I art     : Explicit concurrent mark sweep GC freed 2701(103KB) AllocSpace objects, 2(40KB) LOS objects, 28% free, 39MB/55MB, paused 600us total 32.745ms
08-06 04:58:20.642 11539 11599 I art     : Starting a blocking GC Explicit
08-06 04:58:20.672 11539 11599 I art     : Explicit concurrent mark sweep GC freed 130(2576B) AllocSpace objects, 0(0B) LOS objects, 28% free, 39MB/55MB, paused 609us total 29.632ms
08-06 04:58:20.685 11539 11599 I art     : Starting a blocking GC Explicit
08-06 04:58:20.715 11539 11599 I art     : Explicit concurrent mark sweep GC freed 135(2304B) AllocSpace objects, 0(0B) LOS objects, 28% free, 39MB/55MB, paused 599us total 29.991ms
08-06 04:58:20.727 11539 11599 I art     : Starting a blocking GC Explicit
08-06 04:58:20.758 11539 11599 I art     : Explicit concurrent mark sweep GC freed 146(2464B) AllocSpace objects, 0(0B) LOS objects, 28% free, 39MB/55MB, paused 630us total 30.936ms
08-06 04:58:20.771 11539 11599 I art     : Starting a blocking GC Explicit
08-06 04:58:20.804 11539 11599 I art     : Explicit concurrent mark sweep GC freed 100(1712B) AllocSpace objects, 0(0B) LOS objects, 28% free, 39MB/55MB, paused 661us total 32.424ms
08-06 04:58:21.116 11539 11550 I art     : Starting a blocking GC Explicit
08-06 04:58:21.146 11539 11550 I art     : Explicit concurrent mark sweep GC freed 2459(100KB) AllocSpace objects, 2(40KB) LOS objects, 28% free, 39MB/55MB, paused 613us total 29.282ms
08-06 04:58:21.158 11539 11550 I art     : Starting a blocking GC Explicit
08-06 04:58:21.189 11539 11550 I art     : Explicit concurrent mark sweep GC freed 141(3KB) AllocSpace objects, 0(0B) LOS objects, 28% free, 39MB/55MB, paused 1.773ms total 30.421ms
08-06 04:58:21.201 11539 11550 I art     : Starting a blocking GC Explicit
08-06 04:58:21.231 11539 11550 I art     : Explicit concurrent mark sweep GC freed 134(2288B) AllocSpace objects, 0(0B) LOS objects, 28% free, 39MB/55MB, paused 615us total 29.901ms
08-06 04:58:21.244 11539 11550 I art     : Starting a blocking GC Explicit
08-06 04:58:21.275 11539 11550 I art     : Explicit concurrent mark sweep GC freed 120(2032B) AllocSpace objects, 0(0B) LOS objects, 28% free, 39MB/55MB, paused 794us total 31.271ms
08-06 04:58:21.288 11539 11550 I art     : Starting a blocking GC Explicit
08-06 04:58:21.318 11539 11550 I art     : Explicit concurrent mark sweep GC freed 125(2128B) AllocSpace objects, 0(0B) LOS objects, 28% free, 39MB/55MB, paused 652us total 30.201ms
08-06 04:58:21.333 12605 12605 D AndroidRuntime: >>>>>> START com.android.internal.os.RuntimeInit uid 2000 <<<<<<
08-06 04:58:21.337 12605 12605 D AndroidRuntime: CheckJNI is OFF
08-06 04:58:21.370 12605 12605 D ICU     : No timezone override file found: /data/misc/zoneinfo/current/icu/icu_tzdata.dat
08-06 04:58:21.402 12605 12605 I Radio-JNI: register_android_hardware_Radio DONE
08-06 04:58:21.424 12605 12605 D AndroidRuntime: Calling main entry com.android.commands.input.Input
08-06 04:58:21.425 12605 12605 I Input   : injectMotionEvent: MotionEvent { action=ACTION_DOWN, actionButton=0, id[0]=0, x[0]=693.0, y[0]=1450.0, toolType[0]=TOOL_TYPE_UNKNOWN, buttonState=0, metaState=0, flags=0x0, edgeFlags=0x0, pointerCount=1, historySize=0, eventTime=853117838, downTime=853117838, deviceId=0, source=0x1002 }
08-06 04:58:21.431 12605 12605 I Input   : injectMotionEvent: MotionEvent { action=ACTION_UP, actionButton=0, id[0]=0, x[0]=693.0, y[0]=1450.0, toolType[0]=TOOL_TYPE_UNKNOWN, buttonState=0, metaState=0, flags=0x0, edgeFlags=0x0, pointerCount=1, historySize=0, eventTime=853117838, downTime=853117838, deviceId=0, source=0x1002 }
08-06 04:58:21.432 12605 12605 D AndroidRuntime: Shutting down VM
08-06 04:58:21.433   918  6110 I ActivityManager: START u0 {cmp=baseline.io.github.project_travel_mate/.destinations.description.CityHistoryActivity} from uid 10696 on display 0
08-06 04:58:21.435   512  2967 D audio_hw_primary: out_set_parameters: enter: usecase(1: low-latency-playback) kvpairs: routing=2
08-06 04:58:21.448   512  2967 D audio_hw_primary: select_devices: out_snd_device(2: speaker) in_snd_device(0: none)
08-06 04:58:21.448   512  2967 D msm8974_platform: platform_send_audio_calibration: sending audio calibration for snd_device(2) acdb_id(15)
08-06 04:58:21.448   512  2967 I soundtrigger: audio_extn_sound_trigger_update_device_status: device 0x2 of type 0 for Event 1
08-06 04:58:21.458   512  2967 D audio_hw_primary: enable_snd_device: snd_device(2: speaker)
08-06 04:58:21.460   512  2967 D audio_hw_primary: enable_audio_route: apply and update mixer path: low-latency-playback speaker
08-06 04:58:21.466 11539 11620 D Gabe    : call	returning from cache
08-06 04:58:21.467 11539 11539 V EXECUTING: https://project-travel-mate.herokuapp.com/api/get-city-information/1
08-06 04:58:21.599   918   936 I ActivityManager: Displayed baseline.io.github.project_travel_mate/.destinations.description.CityHistoryActivity: +153ms
08-06 04:58:21.600 13866 13866 I GoogleInputMethodServic: GoogleInputMethodService.onFinishInput():3138 
08-06 04:58:21.600 13866 13866 I GoogleInputMethodServic: GoogleInputMethodService.onStartInput():1808 
08-06 04:58:21.622 11539 11550 I art     : Starting a blocking GC Explicit
08-06 04:58:21.658 11539 11550 I art     : Explicit concurrent mark sweep GC freed 3103(155KB) AllocSpace objects, 2(40KB) LOS objects, 26% free, 44MB/60MB, paused 1.161ms total 35.587ms
08-06 04:58:21.672 11539 11550 I art     : Starting a blocking GC Explicit
08-06 04:58:21.703 11539 11550 I art     : Explicit concurrent mark sweep GC freed 328(11KB) AllocSpace objects, 0(0B) LOS objects, 26% free, 44MB/60MB, paused 807us total 30.780ms
08-06 04:58:21.717 11539 11550 I art     : Starting a blocking GC Explicit
08-06 04:58:21.751 11539 11550 I art     : Explicit concurrent mark sweep GC freed 24(496B) AllocSpace objects, 0(0B) LOS objects, 26% free, 44MB/60MB, paused 928us total 34.110ms
08-06 04:58:21.764 11539 11550 I art     : Starting a blocking GC Explicit
08-06 04:58:21.792 11539 11550 I art     : Explicit concurrent mark sweep GC freed 222(3KB) AllocSpace objects, 0(0B) LOS objects, 26% free, 44MB/60MB, paused 582us total 27.862ms
08-06 04:58:21.805 11539 11550 I art     : Starting a blocking GC Explicit
08-06 04:58:21.838 11539 11550 I art     : Explicit concurrent mark sweep GC freed 174(2960B) AllocSpace objects, 0(0B) LOS objects, 26% free, 44MB/60MB, paused 793us total 33.108ms
08-06 04:58:21.853   380   380 W SurfaceFlinger: couldn't log to binary event log: overflow.
08-06 04:58:21.988   512  2967 D audio_hw_primary: disable_audio_route: reset and update mixer path: low-latency-playback speaker
08-06 04:58:21.990   512  2967 D audio_hw_primary: disable_snd_device: snd_device(2: speaker)
08-06 04:58:21.998   512  2967 I soundtrigger: audio_extn_sound_trigger_update_device_status: device 0x2 of type 0 for Event 0
08-06 04:58:22.155 11539 11551 I art     : Starting a blocking GC Explicit
08-06 04:58:22.187 11539 11551 I art     : Explicit concurrent mark sweep GC freed 2415(99KB) AllocSpace objects, 2(40KB) LOS objects, 26% free, 44MB/60MB, paused 686us total 30.836ms
08-06 04:58:22.199 11539 11551 I art     : Starting a blocking GC Explicit
08-06 04:58:22.230 11539 11551 I art     : Explicit concurrent mark sweep GC freed 163(3KB) AllocSpace objects, 0(0B) LOS objects, 26% free, 44MB/60MB, paused 1.019ms total 30.801ms
08-06 04:58:22.242 11539 11551 I art     : Starting a blocking GC Explicit
08-06 04:58:22.274 11539 11551 I art     : Explicit concurrent mark sweep GC freed 2658(132KB) AllocSpace objects, 3(200KB) LOS objects, 26% free, 44MB/60MB, paused 1.027ms total 32.032ms
08-06 04:58:22.287 11539 11551 I art     : Starting a blocking GC Explicit
08-06 04:58:22.316 11539 12632 I NAPPA_EXPERIMENTATION: MetricNetworkRequestExecutionTime: REQUEST_DURATION_SYSTEM='848',REQUEST_DURATION_OKHTTP='37',REQUEST_SYNCHRONOUS='FALSE',RESPONSE_CODE='200',RESPONSE_METHOD='GET',RESPONSE_LENGTH_OKHTTP='55024',RESPONSE_LENGTH_HEADER='55024',REQUEST_PROTOCOL='http/1.1',REQUEST_URL='https://project-travel-mate.herokuapp.com/api/get-city-information/1',
08-06 04:58:22.318 11539 11551 I art     : Explicit concurrent mark sweep GC freed 1217(130KB) AllocSpace objects, 0(0B) LOS objects, 26% free, 44MB/60MB, paused 868us total 30.531ms
08-06 04:58:22.331 11539 11551 I art     : Starting a blocking GC Explicit
08-06 04:58:22.361 11539 11551 I art     : Explicit concurrent mark sweep GC freed 255(7KB) AllocSpace objects, 3(272KB) LOS objects, 26% free, 44MB/60MB, paused 890us total 30.354ms
08-06 04:58:22.438 13866 13866 I GoogleInputMethodServic: GoogleInputMethodService.onFinishInput():3138 
08-06 04:58:22.439 13866 13866 I GoogleInputMethodServic: GoogleInputMethodService.onStartInput():1808 
08-06 04:58:22.697 11539 11550 I art     : Starting a blocking GC Explicit
08-06 04:58:22.738 11539 11550 I art     : Explicit concurrent mark sweep GC freed 4058(1314KB) AllocSpace objects, 19(4MB) LOS objects, 28% free, 40MB/56MB, paused 661us total 40.322ms
08-06 04:58:22.750 11539 11550 I art     : Starting a blocking GC Explicit
08-06 04:58:22.783 11539 11550 I art     : Explicit concurrent mark sweep GC freed 281(6KB) AllocSpace objects, 0(0B) LOS objects, 28% free, 40MB/56MB, paused 647us total 32.626ms
08-06 04:58:22.796 11539 11550 I art     : Starting a blocking GC Explicit
08-06 04:58:22.829 11539 11550 I art     : Explicit concurrent mark sweep GC freed 219(3KB) AllocSpace objects, 0(0B) LOS objects, 28% free, 40MB/56MB, paused 654us total 32.229ms
08-06 04:58:22.841 11539 11550 I art     : Starting a blocking GC Explicit
08-06 04:58:22.874 11539 11550 I art     : Explicit concurrent mark sweep GC freed 212(3KB) AllocSpace objects, 0(0B) LOS objects, 28% free, 40MB/56MB, paused 764us total 31.971ms
08-06 04:58:22.887 11539 11550 I art     : Starting a blocking GC Explicit
08-06 04:58:22.920 11539 11550 I art     : Explicit concurrent mark sweep GC freed 154(2640B) AllocSpace objects, 0(0B) LOS objects, 28% free, 40MB/56MB, paused 646us total 33.099ms
08-06 04:58:23.257 11539 11557 I art     : Starting a blocking GC Explicit
08-06 04:58:23.293 11539 11557 I art     : Explicit concurrent mark sweep GC freed 3110(110KB) AllocSpace objects, 2(40KB) LOS objects, 28% free, 40MB/56MB, paused 703us total 35.632ms
08-06 04:58:23.307 11539 11557 I art     : Starting a blocking GC Explicit
08-06 04:58:23.338 11539 11557 I art     : Explicit concurrent mark sweep GC freed 171(3KB) AllocSpace objects, 0(0B) LOS objects, 28% free, 40MB/56MB, paused 609us total 31.103ms
08-06 04:58:23.350 11539 11557 I art     : Starting a blocking GC Explicit
08-06 04:58:23.380 11539 11557 I art     : Explicit concurrent mark sweep GC freed 219(3KB) AllocSpace objects, 0(0B) LOS objects, 28% free, 40MB/56MB, paused 580us total 29.368ms
08-06 04:58:23.392 11539 11557 I art     : Starting a blocking GC Explicit
08-06 04:58:23.424 11539 11557 I art     : Explicit concurrent mark sweep GC freed 188(3KB) AllocSpace objects, 0(0B) LOS objects, 28% free, 40MB/56MB, paused 772us total 31.235ms
08-06 04:58:23.437 11539 11557 I art     : Starting a blocking GC Explicit
08-06 04:58:23.471 11539 11557 I art     : Explicit concurrent mark sweep GC freed 178(3040B) AllocSpace objects, 0(0B) LOS objects, 28% free, 40MB/56MB, paused 664us total 33.857ms
08-06 04:58:23.502   518   646 I ThermalEngine: ACTION: GPU - Setting GPU[0] to 450000000
08-06 04:58:23.862 11539 11550 I art     : Starting a blocking GC Explicit
08-06 04:58:23.910 11539 11550 I art     : Explicit concurrent mark sweep GC freed 3326(114KB) AllocSpace objects, 2(40KB) LOS objects, 28% free, 40MB/56MB, paused 1.013ms total 47.839ms
08-06 04:58:23.930 11539 11550 I art     : Starting a blocking GC Explicit
08-06 04:58:23.972 11539 11550 I art     : Explicit concurrent mark sweep GC freed 302(5KB) AllocSpace objects, 0(0B) LOS objects, 28% free, 40MB/56MB, paused 885us total 42.350ms
08-06 04:58:23.989 11539 11550 I art     : Starting a blocking GC Explicit
08-06 04:58:24.034 11539 11550 I art     : Explicit concurrent mark sweep GC freed 294(4KB) AllocSpace objects, 0(0B) LOS objects, 28% free, 40MB/56MB, paused 912us total 44.261ms
08-06 04:58:24.051 11539 11550 I art     : Starting a blocking GC Explicit
08-06 04:58:24.095 11539 11550 I art     : Explicit concurrent mark sweep GC freed 292(4KB) AllocSpace objects, 0(0B) LOS objects, 28% free, 40MB/56MB, paused 914us total 43.237ms
08-06 04:58:24.112 11539 11550 I art     : Starting a blocking GC Explicit
08-06 04:58:24.158 11539 11550 I art     : Explicit concurrent mark sweep GC freed 241(3KB) AllocSpace objects, 0(0B) LOS objects, 28% free, 40MB/56MB, paused 1.256ms total 45.591ms
08-06 04:58:24.566 11539 11551 I art     : Starting a blocking GC Explicit
08-06 04:58:24.612 11539 11551 I art     : Explicit concurrent mark sweep GC freed 3390(115KB) AllocSpace objects, 2(40KB) LOS objects, 28% free, 40MB/56MB, paused 1.004ms total 45.395ms
08-06 04:58:24.633 11539 11551 I art     : Starting a blocking GC Explicit
08-06 04:58:24.675 11539 11551 I art     : Explicit concurrent mark sweep GC freed 279(4KB) AllocSpace objects, 0(0B) LOS objects, 28% free, 40MB/56MB, paused 904us total 42.705ms
08-06 04:58:24.692 11539 11551 I art     : Starting a blocking GC Explicit
08-06 04:58:24.737 11539 11551 I art     : Explicit concurrent mark sweep GC freed 282(4KB) AllocSpace objects, 0(0B) LOS objects, 28% free, 40MB/56MB, paused 985us total 44.541ms
08-06 04:58:24.754 11539 11551 I art     : Starting a blocking GC Explicit
08-06 04:58:24.797 11539 11551 I art     : Explicit concurrent mark sweep GC freed 254(4KB) AllocSpace objects, 0(0B) LOS objects, 28% free, 40MB/56MB, paused 1.058ms total 42.795ms
08-06 04:58:24.815 11539 11551 I art     : Starting a blocking GC Explicit
08-06 04:58:24.859 11539 11551 I art     : Explicit concurrent mark sweep GC freed 268(4KB) AllocSpace objects, 0(0B) LOS objects, 28% free, 40MB/56MB, paused 986us total 43.711ms
08-06 04:58:25.261 11539 11600 I art     : Starting a blocking GC Explicit
08-06 04:58:25.334 11539 11600 I art     : Explicit concurrent mark sweep GC freed 3517(117KB) AllocSpace objects, 2(40KB) LOS objects, 28% free, 40MB/56MB, paused 1.105ms total 72.916ms
08-06 04:58:25.359 11539 11600 I art     : Starting a blocking GC Explicit
08-06 04:58:25.401 11539 11600 I art     : Explicit concurrent mark sweep GC freed 321(6KB) AllocSpace objects, 0(0B) LOS objects, 28% free, 40MB/56MB, paused 887us total 40.846ms
08-06 04:58:25.418 11539 11600 I art     : Starting a blocking GC Explicit
08-06 04:58:25.464 11539 11600 I art     : Explicit concurrent mark sweep GC freed 267(4KB) AllocSpace objects, 0(0B) LOS objects, 28% free, 40MB/56MB, paused 1.003ms total 45.780ms
08-06 04:58:25.481 11539 11600 I art     : Starting a blocking GC Explicit
08-06 04:58:25.526 11539 11600 I art     : Explicit concurrent mark sweep GC freed 249(4KB) AllocSpace objects, 0(0B) LOS objects, 28% free, 40MB/56MB, paused 1.187ms total 44.350ms
08-06 04:58:25.543 11539 11600 I art     : Starting a blocking GC Explicit
08-06 04:58:25.590 11539 11600 I art     : Explicit concurrent mark sweep GC freed 284(4KB) AllocSpace objects, 0(0B) LOS objects, 28% free, 40MB/56MB, paused 958us total 46.068ms
08-06 04:58:25.947 11539 11599 I art     : Starting a blocking GC Explicit
08-06 04:58:25.992 11539 11599 I art     : Explicit concurrent mark sweep GC freed 3158(111KB) AllocSpace objects, 2(40KB) LOS objects, 28% free, 40MB/56MB, paused 932us total 44.682ms
08-06 04:58:26.010 11539 11599 I art     : Starting a blocking GC Explicit
08-06 04:58:26.052 11539 11599 I art     : Explicit concurrent mark sweep GC freed 309(5KB) AllocSpace objects, 0(0B) LOS objects, 28% free, 40MB/56MB, paused 930us total 42.651ms
08-06 04:58:26.070 11539 11599 I art     : Starting a blocking GC Explicit
08-06 04:58:26.113 11539 11599 I art     : Explicit concurrent mark sweep GC freed 247(4KB) AllocSpace objects, 0(0B) LOS objects, 28% free, 40MB/56MB, paused 994us total 42.707ms
08-06 04:58:26.130 11539 11599 I art     : Starting a blocking GC Explicit
08-06 04:58:26.172 11539 11599 I art     : Explicit concurrent mark sweep GC freed 263(4KB) AllocSpace objects, 0(0B) LOS objects, 28% free, 40MB/56MB, paused 910us total 42.428ms
08-06 04:58:26.190 11539 11599 I art     : Starting a blocking GC Explicit
08-06 04:58:26.231 12705 12705 D AndroidRuntime: >>>>>> START com.android.internal.os.RuntimeInit uid 2000 <<<<<<
08-06 04:58:26.233 11539 11599 I art     : Explicit concurrent mark sweep GC freed 261(4KB) AllocSpace objects, 0(0B) LOS objects, 28% free, 40MB/56MB, paused 1.110ms total 42.770ms
08-06 04:58:26.237 12705 12705 D AndroidRuntime: CheckJNI is OFF
08-06 04:58:26.280 12705 12705 D ICU     : No timezone override file found: /data/misc/zoneinfo/current/icu/icu_tzdata.dat
08-06 04:58:26.323 12705 12705 I Radio-JNI: register_android_hardware_Radio DONE
08-06 04:58:26.352 12705 12705 D AndroidRuntime: Calling main entry com.android.commands.input.Input
08-06 04:58:26.355 12705 12705 I Input   : injectKeyEvent: KeyEvent { action=ACTION_DOWN, keyCode=KEYCODE_BACK, scanCode=0, metaState=0, flags=0x0, repeatCount=0, eventTime=853122767, downTime=853122767, deviceId=-1, source=0x101 }
08-06 04:58:26.363 12705 12705 I Input   : injectKeyEvent: KeyEvent { action=ACTION_UP, keyCode=KEYCODE_BACK, scanCode=0, metaState=0, flags=0x0, repeatCount=0, eventTime=853122767, downTime=853122767, deviceId=-1, source=0x101 }
08-06 04:58:26.370 12705 12705 D AndroidRuntime: Shutting down VM
08-06 04:58:26.411 13866 13866 I GoogleInputMethodServic: GoogleInputMethodService.onFinishInput():3138 
08-06 04:58:26.411 13866 13866 I GoogleInputMethodServic: GoogleInputMethodService.onStartInput():1808 
08-06 04:58:26.508   518   646 I ThermalEngine: ACTION: GPU - Setting GPU[0] to 510000000
08-06 04:58:26.575 11539 11557 I art     : Starting a blocking GC Explicit
08-06 04:58:26.605 11539 11557 I art     : Explicit concurrent mark sweep GC freed 3074(112KB) AllocSpace objects, 2(40KB) LOS objects, 28% free, 40MB/56MB, paused 639us total 30.551ms
08-06 04:58:26.618 11539 11557 I art     : Starting a blocking GC Explicit
08-06 04:58:26.646 11539 11557 I art     : Explicit concurrent mark sweep GC freed 243(4KB) AllocSpace objects, 0(0B) LOS objects, 28% free, 40MB/56MB, paused 574us total 28.228ms
08-06 04:58:26.659 11539 11557 I art     : Starting a blocking GC Explicit
08-06 04:58:26.689 11539 11557 I art     : Explicit concurrent mark sweep GC freed 147(2496B) AllocSpace objects, 0(0B) LOS objects, 28% free, 40MB/56MB, paused 616us total 29.907ms
08-06 04:58:26.701 11539 11557 I art     : Starting a blocking GC Explicit
08-06 04:58:26.708   380   380 W SurfaceFlinger: couldn't log to binary event log: overflow.
08-06 04:58:26.731 11539 11557 I art     : Explicit concurrent mark sweep GC freed 197(3KB) AllocSpace objects, 2(364KB) LOS objects, 28% free, 40MB/56MB, paused 674us total 29.385ms
08-06 04:58:26.743 11539 11557 I art     : Starting a blocking GC Explicit
08-06 04:58:26.773 11539 11557 I art     : Explicit concurrent mark sweep GC freed 4799(340KB) AllocSpace objects, 7(132KB) LOS objects, 28% free, 39MB/55MB, paused 626us total 30.099ms
08-06 04:58:27.106 11539 11599 I art     : Starting a blocking GC Explicit
08-06 04:58:27.140 11539 11599 I art     : Explicit concurrent mark sweep GC freed 2505(101KB) AllocSpace objects, 2(40KB) LOS objects, 28% free, 39MB/55MB, paused 673us total 33.681ms
08-06 04:58:27.153 11539 11599 I art     : Starting a blocking GC Explicit
08-06 04:58:27.185 11539 11599 I art     : Explicit concurrent mark sweep GC freed 176(3KB) AllocSpace objects, 0(0B) LOS objects, 28% free, 39MB/55MB, paused 660us total 32.112ms
08-06 04:58:27.198 11539 11599 I art     : Starting a blocking GC Explicit
08-06 04:58:27.231 11539 11599 I art     : Explicit concurrent mark sweep GC freed 147(2496B) AllocSpace objects, 0(0B) LOS objects, 28% free, 39MB/55MB, paused 738us total 32.258ms
08-06 04:58:27.231 11539 11549 I art     : WaitForGcToComplete blocked for 32.478ms for cause HeapTrim
08-06 04:58:27.244 11539 11599 I art     : Starting a blocking GC Explicit
08-06 04:58:27.277 11539 11599 I art     : Explicit concurrent mark sweep GC freed 115(1952B) AllocSpace objects, 0(0B) LOS objects, 28% free, 39MB/55MB, paused 851us total 32.978ms
08-06 04:58:27.290 11539 11599 I art     : Starting a blocking GC Explicit
08-06 04:58:27.323 11539 11599 I art     : Explicit concurrent mark sweep GC freed 131(2240B) AllocSpace objects, 0(0B) LOS objects, 28% free, 39MB/55MB, paused 670us total 33.215ms
08-06 04:58:27.671 11539 11600 I art     : Starting a blocking GC Explicit
08-06 04:58:27.704 11539 11600 I art     : Explicit concurrent mark sweep GC freed 2532(101KB) AllocSpace objects, 2(40KB) LOS objects, 28% free, 39MB/55MB, paused 684us total 32.891ms
08-06 04:58:27.717 11539 11600 I art     : Starting a blocking GC Explicit
08-06 04:58:27.749 11539 11600 I art     : Explicit concurrent mark sweep GC freed 166(3KB) AllocSpace objects, 0(0B) LOS objects, 28% free, 39MB/55MB, paused 627us total 32.001ms
08-06 04:58:27.762 11539 11600 I art     : Starting a blocking GC Explicit
08-06 04:58:27.793 11539 11600 I art     : Explicit concurrent mark sweep GC freed 101(1728B) AllocSpace objects, 0(0B) LOS objects, 28% free, 39MB/55MB, paused 807us total 30.963ms
08-06 04:58:27.806 11539 11600 I art     : Starting a blocking GC Explicit
08-06 04:58:27.836 11539 11600 I art     : Explicit concurrent mark sweep GC freed 145(2464B) AllocSpace objects, 0(0B) LOS objects, 28% free, 39MB/55MB, paused 673us total 30.461ms
08-06 04:58:27.849 11539 11600 I art     : Starting a blocking GC Explicit
08-06 04:58:27.880 11539 11600 I art     : Explicit concurrent mark sweep GC freed 147(2496B) AllocSpace objects, 0(0B) LOS objects, 28% free, 39MB/55MB, paused 733us total 30.871ms
08-06 04:58:28.016 12758 12758 D AndroidRuntime: >>>>>> START com.android.internal.os.RuntimeInit uid 2000 <<<<<<
08-06 04:58:28.021 12758 12758 D AndroidRuntime: CheckJNI is OFF
08-06 04:58:28.058 12758 12758 D ICU     : No timezone override file found: /data/misc/zoneinfo/current/icu/icu_tzdata.dat
08-06 04:58:28.089 12758 12758 I Radio-JNI: register_android_hardware_Radio DONE
08-06 04:58:28.110 12758 12758 D AndroidRuntime: Calling main entry com.android.commands.input.Input
08-06 04:58:28.112 12758 12758 I Input   : injectKeyEvent: KeyEvent { action=ACTION_DOWN, keyCode=KEYCODE_BACK, scanCode=0, metaState=0, flags=0x0, repeatCount=0, eventTime=853124525, downTime=853124525, deviceId=-1, source=0x101 }
08-06 04:58:28.117 12758 12758 I Input   : injectKeyEvent: KeyEvent { action=ACTION_UP, keyCode=KEYCODE_BACK, scanCode=0, metaState=0, flags=0x0, repeatCount=0, eventTime=853124525, downTime=853124525, deviceId=-1, source=0x101 }
08-06 04:58:28.122 12758 12758 D AndroidRuntime: Shutting down VM
08-06 04:58:28.130 11539 11539 V MainActivity: url = https://project-travel-mate.herokuapp.com/api/number-of-unread-notifications
08-06 04:58:28.188 13866 13866 I GoogleInputMethodServic: GoogleInputMethodService.onFinishInput():3138 
08-06 04:58:28.189 13866 13866 I GoogleInputMethodServic: GoogleInputMethodService.onStartInput():1808 
08-06 04:58:28.237 11539 11600 I art     : Starting a blocking GC Explicit
08-06 04:58:28.264 11539 11600 I art     : Explicit concurrent mark sweep GC freed 3047(125KB) AllocSpace objects, 2(40KB) LOS objects, 28% free, 39MB/55MB, paused 621us total 27.604ms
08-06 04:58:28.277 11539 11600 I art     : Starting a blocking GC Explicit
08-06 04:58:28.307 11539 11600 I art     : Explicit concurrent mark sweep GC freed 196(5KB) AllocSpace objects, 0(0B) LOS objects, 28% free, 39MB/55MB, paused 792us total 29.823ms
08-06 04:58:28.320 11539 11600 I art     : Starting a blocking GC Explicit
08-06 04:58:28.350 11539 11600 I art     : Explicit concurrent mark sweep GC freed 151(2608B) AllocSpace objects, 0(0B) LOS objects, 28% free, 39MB/55MB, paused 642us total 30.671ms
08-06 04:58:28.363 11539 11600 I art     : Starting a blocking GC Explicit
08-06 04:58:28.393 11539 11600 I art     : Explicit concurrent mark sweep GC freed 118(2784B) AllocSpace objects, 0(0B) LOS objects, 28% free, 39MB/55MB, paused 677us total 29.611ms
08-06 04:58:28.407 11539 11600 I art     : Starting a blocking GC Explicit
08-06 04:58:28.441 11539 11600 I art     : Explicit concurrent mark sweep GC freed 149(2592B) AllocSpace objects, 0(0B) LOS objects, 28% free, 39MB/55MB, paused 699us total 33.913ms
08-06 04:58:28.460   380   380 W SurfaceFlinger: couldn't log to binary event log: overflow.
08-06 04:58:28.766 11539 11551 I art     : Starting a blocking GC Explicit
08-06 04:58:28.799 11539 11551 I art     : Explicit concurrent mark sweep GC freed 2022(93KB) AllocSpace objects, 2(40KB) LOS objects, 28% free, 39MB/55MB, paused 734us total 32.728ms
08-06 04:58:28.812 11539 11551 I art     : Starting a blocking GC Explicit
08-06 04:58:28.845 11539 11551 I art     : Explicit concurrent mark sweep GC freed 219(8KB) AllocSpace objects, 0(0B) LOS objects, 28% free, 39MB/55MB, paused 830us total 32.714ms
08-06 04:58:28.858 11539 11551 I art     : Starting a blocking GC Explicit
08-06 04:58:28.890 11539 11551 I art     : Explicit concurrent mark sweep GC freed 62(1088B) AllocSpace objects, 0(0B) LOS objects, 28% free, 39MB/55MB, paused 744us total 32.156ms
08-06 04:58:28.903 11539 11551 I art     : Starting a blocking GC Explicit
08-06 04:58:28.938 11539 11551 I art     : Explicit concurrent mark sweep GC freed 2622(132KB) AllocSpace objects, 1(80KB) LOS objects, 28% free, 40MB/56MB, paused 1.040ms total 34.435ms
08-06 04:58:28.951 11539 11551 I art     : Starting a blocking GC Explicit
08-06 04:58:28.970 11539 12782 I NAPPA_EXPERIMENTATION: MetricNetworkRequestExecutionTime: REQUEST_DURATION_SYSTEM='839',REQUEST_DURATION_OKHTTP='35',REQUEST_SYNCHRONOUS='FALSE',RESPONSE_CODE='200',RESPONSE_METHOD='GET',RESPONSE_LENGTH_OKHTTP='36',RESPONSE_LENGTH_HEADER='36',REQUEST_PROTOCOL='http/1.1',REQUEST_URL='https://project-travel-mate.herokuapp.com/api/number-of-unread-notifications',
08-06 04:58:28.984 11539 11551 I art     : Explicit concurrent mark sweep GC freed 1134(128KB) AllocSpace objects, 2(120KB) LOS objects, 28% free, 39MB/55MB, paused 718us total 33.336ms
08-06 04:58:29.324 11539 11557 I art     : Starting a blocking GC Explicit
08-06 04:58:29.359 11539 11557 I art     : Explicit concurrent mark sweep GC freed 2087(97KB) AllocSpace objects, 2(40KB) LOS objects, 28% free, 39MB/55MB, paused 693us total 35.287ms
08-06 04:58:29.372 11539 11557 I art     : Starting a blocking GC Explicit
08-06 04:58:29.402 11539 11557 I art     : Explicit concurrent mark sweep GC freed 94(1984B) AllocSpace objects, 0(0B) LOS objects, 28% free, 39MB/55MB, paused 701us total 30.293ms
08-06 04:58:29.414 11539 11557 I art     : Starting a blocking GC Explicit
08-06 04:58:29.445 11539 11557 I art     : Explicit concurrent mark sweep GC freed 51(896B) AllocSpace objects, 0(0B) LOS objects, 28% free, 39MB/55MB, paused 728us total 30.056ms
08-06 04:58:29.457 11539 11557 I art     : Starting a blocking GC Explicit
08-06 04:58:29.489 11539 11557 I art     : Explicit concurrent mark sweep GC freed 75(1296B) AllocSpace objects, 0(0B) LOS objects, 28% free, 39MB/55MB, paused 826us total 31.350ms
08-06 04:58:29.501 11539 11557 I art     : Starting a blocking GC Explicit
08-06 04:58:29.533 11539 11557 I art     : Explicit concurrent mark sweep GC freed 75(1296B) AllocSpace objects, 0(0B) LOS objects, 28% free, 39MB/55MB, paused 702us total 31.619ms
08-06 04:58:29.755 12804 12804 D AndroidRuntime: >>>>>> START com.android.internal.os.RuntimeInit uid 2000 <<<<<<
08-06 04:58:29.760 12804 12804 D AndroidRuntime: CheckJNI is OFF
08-06 04:58:29.790 12804 12804 D ICU     : No timezone override file found: /data/misc/zoneinfo/current/icu/icu_tzdata.dat
08-06 04:58:29.823 12804 12804 I Radio-JNI: register_android_hardware_Radio DONE
08-06 04:58:29.844 12804 12804 D AndroidRuntime: Calling main entry com.android.commands.input.Input
08-06 04:58:29.846 12804 12804 I Input   : injectMotionEvent: MotionEvent { action=ACTION_DOWN, actionButton=0, id[0]=0, x[0]=117.0, y[0]=170.0, toolType[0]=TOOL_TYPE_UNKNOWN, buttonState=0, metaState=0, flags=0x0, edgeFlags=0x0, pointerCount=1, historySize=0, eventTime=853126259, downTime=853126259, deviceId=0, source=0x1002 }
08-06 04:58:29.850 12804 12804 I Input   : injectMotionEvent: MotionEvent { action=ACTION_UP, actionButton=0, id[0]=0, x[0]=117.0, y[0]=170.0, toolType[0]=TOOL_TYPE_UNKNOWN, buttonState=0, metaState=0, flags=0x0, edgeFlags=0x0, pointerCount=1, historySize=0, eventTime=853126259, downTime=853126259, deviceId=0, source=0x1002 }
08-06 04:58:29.853 12804 12804 D AndroidRuntime: Shutting down VM
08-06 04:58:29.854 11539 11599 I art     : Starting a blocking GC Explicit
08-06 04:58:29.865   512  2967 D audio_hw_primary: out_set_parameters: enter: usecase(1: low-latency-playback) kvpairs: routing=2
08-06 04:58:29.878   512  2967 D audio_hw_primary: select_devices: out_snd_device(2: speaker) in_snd_device(0: none)
08-06 04:58:29.878   512  2967 D msm8974_platform: platform_send_audio_calibration: sending audio calibration for snd_device(2) acdb_id(15)
08-06 04:58:29.879   512  2967 I soundtrigger: audio_extn_sound_trigger_update_device_status: device 0x2 of type 0 for Event 1
08-06 04:58:29.889   512  2967 D audio_hw_primary: enable_snd_device: snd_device(2: speaker)
08-06 04:58:29.890 11539 11599 I art     : Explicit concurrent mark sweep GC freed 2020(94KB) AllocSpace objects, 2(40KB) LOS objects, 28% free, 40MB/56MB, paused 1.016ms total 35.499ms
08-06 04:58:29.891   512  2967 D audio_hw_primary: enable_audio_route: apply and update mixer path: low-latency-playback speaker
08-06 04:58:29.903 11539 11599 I art     : Starting a blocking GC Explicit
08-06 04:58:29.934 11539 11599 I art     : Explicit concurrent mark sweep GC freed 84(3040B) AllocSpace objects, 0(0B) LOS objects, 28% free, 40MB/56MB, paused 775us total 30.962ms
08-06 04:58:29.946 11539 11599 I art     : Starting a blocking GC Explicit
08-06 04:58:29.978 11539 11599 I art     : Explicit concurrent mark sweep GC freed 456(21KB) AllocSpace objects, 0(0B) LOS objects, 28% free, 40MB/56MB, paused 690us total 31.168ms
08-06 04:58:29.990 11539 11599 I art     : Starting a blocking GC Explicit
08-06 04:58:30.019 11539 11599 I art     : Explicit concurrent mark sweep GC freed 81(1648B) AllocSpace objects, 0(0B) LOS objects, 28% free, 40MB/56MB, paused 766us total 28.889ms
08-06 04:58:30.032 11539 11599 I art     : Starting a blocking GC Explicit
08-06 04:58:30.060 11539 11599 I art     : Explicit concurrent mark sweep GC freed 51(896B) AllocSpace objects, 0(0B) LOS objects, 28% free, 40MB/56MB, paused 692us total 28.370ms
08-06 04:58:30.360 11539 11550 I art     : Starting a blocking GC Explicit
08-06 04:58:30.392 11539 11550 I art     : Explicit concurrent mark sweep GC freed 1911(91KB) AllocSpace objects, 2(40KB) LOS objects, 28% free, 40MB/56MB, paused 716us total 31.406ms
08-06 04:58:30.405 11539 11550 I art     : Starting a blocking GC Explicit
08-06 04:58:30.431   512  2967 D audio_hw_primary: disable_audio_route: reset and update mixer path: low-latency-playback speaker
08-06 04:58:30.432   512  2967 D audio_hw_primary: disable_snd_device: snd_device(2: speaker)
08-06 04:58:30.436 11539 11550 I art     : Explicit concurrent mark sweep GC freed 104(2304B) AllocSpace objects, 0(0B) LOS objects, 28% free, 40MB/56MB, paused 669us total 30.305ms
08-06 04:58:30.439   512  2967 I soundtrigger: audio_extn_sound_trigger_update_device_status: device 0x2 of type 0 for Event 0
08-06 04:58:30.449 11539 11550 I art     : Starting a blocking GC Explicit
08-06 04:58:30.478 11539 11550 I art     : Explicit concurrent mark sweep GC freed 51(896B) AllocSpace objects, 0(0B) LOS objects, 28% free, 40MB/56MB, paused 702us total 29.214ms
08-06 04:58:30.490 11539 11550 I art     : Starting a blocking GC Explicit
08-06 04:58:30.495 12828 12828 D AndroidRuntime: >>>>>> START com.android.internal.os.RuntimeInit uid 2000 <<<<<<
08-06 04:58:30.499 12828 12828 D AndroidRuntime: CheckJNI is OFF
08-06 04:58:30.516   518   646 I ThermalEngine: ACTION: GPU - Setting GPU[0] to 450000000
08-06 04:58:30.522 11539 11550 I art     : Explicit concurrent mark sweep GC freed 75(1296B) AllocSpace objects, 0(0B) LOS objects, 28% free, 40MB/56MB, paused 906us total 31.374ms
08-06 04:58:30.538 11539 11550 I art     : Starting a blocking GC Explicit
08-06 04:58:30.538 12828 12828 D ICU     : No timezone override file found: /data/misc/zoneinfo/current/icu/icu_tzdata.dat
08-06 04:58:30.574 11539 11550 I art     : Explicit concurrent mark sweep GC freed 75(1296B) AllocSpace objects, 0(0B) LOS objects, 28% free, 40MB/56MB, paused 901us total 36.113ms
08-06 04:58:30.578 12828 12828 I Radio-JNI: register_android_hardware_Radio DONE
08-06 04:58:30.607 12828 12828 D AndroidRuntime: Calling main entry com.android.commands.input.Input
08-06 04:58:30.609 12828 12828 I Input   : injectMotionEvent: MotionEvent { action=ACTION_DOWN, actionButton=0, id[0]=0, x[0]=355.0, y[0]=1674.0, toolType[0]=TOOL_TYPE_UNKNOWN, buttonState=0, metaState=0, flags=0x0, edgeFlags=0x0, pointerCount=1, historySize=0, eventTime=853127021, downTime=853127021, deviceId=0, source=0x1002 }
08-06 04:58:30.612 12828 12828 I Input   : injectMotionEvent: MotionEvent { action=ACTION_UP, actionButton=0, id[0]=0, x[0]=355.0, y[0]=1674.0, toolType[0]=TOOL_TYPE_UNKNOWN, buttonState=0, metaState=0, flags=0x0, edgeFlags=0x0, pointerCount=1, historySize=0, eventTime=853127021, downTime=853127021, deviceId=0, source=0x1002 }
08-06 04:58:30.614 12828 12828 D AndroidRuntime: Shutting down VM
08-06 04:58:30.634   512  2967 D audio_hw_primary: out_set_parameters: enter: usecase(1: low-latency-playback) kvpairs: routing=2
08-06 04:58:30.647   512  2967 D audio_hw_primary: select_devices: out_snd_device(2: speaker) in_snd_device(0: none)
08-06 04:58:30.648   512  2967 D msm8974_platform: platform_send_audio_calibration: sending audio calibration for snd_device(2) acdb_id(15)
08-06 04:58:30.648   512  2967 I soundtrigger: audio_extn_sound_trigger_update_device_status: device 0x2 of type 0 for Event 1
08-06 04:58:30.657   512  2967 D audio_hw_primary: enable_snd_device: snd_device(2: speaker)
08-06 04:58:30.660   512  2967 D audio_hw_primary: enable_audio_route: apply and update mixer path: low-latency-playback speaker
08-06 04:58:30.701   512  2967 D AudioFlinger: mixer(0xf4740000) throttle end: throttle time(12)
08-06 04:58:30.934 11539 11557 I art     : Starting a blocking GC Explicit
08-06 04:58:30.974 11539 11557 I art     : Explicit concurrent mark sweep GC freed 1377(141KB) AllocSpace objects, 0(0B) LOS objects, 17% free, 73MB/89MB, paused 1.025ms total 39.558ms
08-06 04:58:30.991 11539 11557 I art     : Starting a blocking GC Explicit
08-06 04:58:31.029 11539 11557 I art     : Explicit concurrent mark sweep GC freed 4(128B) AllocSpace objects, 0(0B) LOS objects, 17% free, 73MB/89MB, paused 1.024ms total 38.519ms
08-06 04:58:31.046 11539 11557 I art     : Starting a blocking GC Explicit
08-06 04:58:31.084 11539 11557 I art     : Explicit concurrent mark sweep GC freed 6(240B) AllocSpace objects, 0(0B) LOS objects, 16% free, 79MB/95MB, paused 1.011ms total 37.803ms
08-06 04:58:31.101 11539 11557 I art     : Starting a blocking GC Explicit
08-06 04:58:31.139 11539 11557 I art     : Explicit concurrent mark sweep GC freed 9(368B) AllocSpace objects, 0(0B) LOS objects, 12% free, 115MB/131MB, paused 1.032ms total 38.452ms
08-06 04:58:31.156 11539 11557 I art     : Starting a blocking GC Explicit
08-06 04:58:31.188   512  2967 D audio_hw_primary: disable_audio_route: reset and update mixer path: low-latency-playback speaker
08-06 04:58:31.189   512  2967 D audio_hw_primary: disable_snd_device: snd_device(2: speaker)
08-06 04:58:31.194 11539 11557 I art     : Explicit concurrent mark sweep GC freed 5(192B) AllocSpace objects, 0(0B) LOS objects, 12% free, 115MB/131MB, paused 981us total 37.882ms
08-06 04:58:31.197   512  2967 I soundtrigger: audio_extn_sound_trigger_update_device_status: device 0x2 of type 0 for Event 0
08-06 04:58:31.558 11539 11600 I art     : Starting a blocking GC Explicit
08-06 04:58:31.594 11539 11539 I Choreographer: Skipped 56 frames!  The application may be doing too much work on its main thread.
08-06 04:58:31.595 11539 11539 V MainActivity: url = https://project-travel-mate.herokuapp.com/api/number-of-unread-notifications
08-06 04:58:31.600 11539 11600 I art     : Explicit concurrent mark sweep GC freed 126(7KB) AllocSpace objects, 0(0B) LOS objects, 10% free, 134MB/150MB, paused 2.331ms total 40.822ms
08-06 04:58:31.616 11539 11600 I art     : Starting a blocking GC Explicit
08-06 04:58:31.655 11539 11600 I art     : Explicit concurrent mark sweep GC freed 1404(51KB) AllocSpace objects, 0(0B) LOS objects, 10% free, 134MB/150MB, paused 1.042ms total 37.571ms
08-06 04:58:31.672 11539 11600 I art     : Starting a blocking GC Explicit
08-06 04:58:31.708 11539 11600 I art     : Explicit concurrent mark sweep GC freed 994(53KB) AllocSpace objects, 9(252KB) LOS objects, 10% free, 134MB/150MB, paused 1.050ms total 36.204ms
08-06 04:58:31.724 11539 11600 I art     : Starting a blocking GC Explicit
08-06 04:58:31.762 11539 11600 I art     : Explicit concurrent mark sweep GC freed 178(9KB) AllocSpace objects, 0(0B) LOS objects, 10% free, 134MB/150MB, paused 947us total 37.290ms
08-06 04:58:31.777 11539 11600 I art     : Starting a blocking GC Explicit
08-06 04:58:31.815 11539 11600 I art     : Explicit concurrent mark sweep GC freed 23(1152B) AllocSpace objects, 0(0B) LOS objects, 10% free, 134MB/150MB, paused 962us total 37.300ms
08-06 04:58:32.145 11539 12871 I NAPPA_EXPERIMENTATION: MetricNetworkRequestExecutionTime: REQUEST_DURATION_SYSTEM='549',REQUEST_DURATION_OKHTTP='36',REQUEST_SYNCHRONOUS='FALSE',RESPONSE_CODE='200',RESPONSE_METHOD='GET',RESPONSE_LENGTH_OKHTTP='36',RESPONSE_LENGTH_HEADER='36',REQUEST_PROTOCOL='http/1.1',REQUEST_URL='https://project-travel-mate.herokuapp.com/api/number-of-unread-notifications',
08-06 04:58:32.195 11539 11557 I art     : Starting a blocking GC Explicit
08-06 04:58:32.250 11539 11557 I art     : Explicit concurrent mark sweep GC freed 4228(231KB) AllocSpace objects, 5(236KB) LOS objects, 10% free, 134MB/150MB, paused 1.059ms total 55.349ms
08-06 04:58:32.271 11539 11557 I art     : Starting a blocking GC Explicit
08-06 04:58:32.318 11539 11557 I art     : Explicit concurrent mark sweep GC freed 956(116KB) AllocSpace objects, 0(0B) LOS objects, 10% free, 134MB/150MB, paused 986us total 46.533ms
08-06 04:58:32.319 11539 11549 I art     : WaitForGcToComplete blocked for 41.087ms for cause HeapTrim
08-06 04:58:32.335 11539 11557 I art     : Starting a blocking GC Explicit
08-06 04:58:32.380 11539 11557 I art     : Explicit concurrent mark sweep GC freed 3(96B) AllocSpace objects, 0(0B) LOS objects, 10% free, 134MB/150MB, paused 973us total 44.391ms
08-06 04:58:32.401 11539 11557 I art     : Starting a blocking GC Explicit
08-06 04:58:32.444 11539 11557 I art     : Explicit concurrent mark sweep GC freed 3(96B) AllocSpace objects, 0(0B) LOS objects, 10% free, 134MB/150MB, paused 927us total 42.279ms
08-06 04:58:32.461 11539 11557 I art     : Starting a blocking GC Explicit
08-06 04:58:32.507 11539 11557 I art     : Explicit concurrent mark sweep GC freed 3(96B) AllocSpace objects, 0(0B) LOS objects, 10% free, 134MB/150MB, paused 1.111ms total 45.880ms
08-06 04:58:32.920 11539 11599 I art     : Starting a blocking GC Explicit
08-06 04:58:32.962 11539 11599 I art     : Explicit concurrent mark sweep GC freed 1439(83KB) AllocSpace objects, 2(36KB) LOS objects, 10% free, 134MB/150MB, paused 980us total 41.428ms
08-06 04:58:32.979 11539 11599 I art     : Starting a blocking GC Explicit
08-06 04:58:33.022 11539 11599 I art     : Explicit concurrent mark sweep GC freed 32(1328B) AllocSpace objects, 0(0B) LOS objects, 10% free, 134MB/150MB, paused 1.019ms total 42.668ms
08-06 04:58:33.039 11539 11599 I art     : Starting a blocking GC Explicit
08-06 04:58:33.083 11539 11599 I art     : Explicit concurrent mark sweep GC freed 3(96B) AllocSpace objects, 0(0B) LOS objects, 10% free, 134MB/150MB, paused 1.010ms total 43.507ms
08-06 04:58:33.100 11539 11599 I art     : Starting a blocking GC Explicit
08-06 04:58:33.144 11539 11599 I art     : Explicit concurrent mark sweep GC freed 3(96B) AllocSpace objects, 0(0B) LOS objects, 10% free, 134MB/150MB, paused 984us total 44.023ms
08-06 04:58:33.161 11539 11599 I art     : Starting a blocking GC Explicit
08-06 04:58:33.203 11539 11599 I art     : Explicit concurrent mark sweep GC freed 4(128B) AllocSpace objects, 0(0B) LOS objects, 10% free, 134MB/150MB, paused 956us total 41.825ms
08-06 04:58:33.415 12901 12901 D AndroidRuntime: >>>>>> START com.android.internal.os.RuntimeInit uid 2000 <<<<<<
08-06 04:58:33.421 12901 12901 D AndroidRuntime: CheckJNI is OFF
08-06 04:58:33.465 12901 12901 D ICU     : No timezone override file found: /data/misc/zoneinfo/current/icu/icu_tzdata.dat
08-06 04:58:33.505 12901 12901 I Radio-JNI: register_android_hardware_Radio DONE
08-06 04:58:33.533 12901 12901 D AndroidRuntime: Calling main entry com.android.commands.input.Input
08-06 04:58:33.535 12901 12901 I Input   : injectMotionEvent: MotionEvent { action=ACTION_DOWN, actionButton=0, id[0]=0, x[0]=747.0, y[0]=608.0, toolType[0]=TOOL_TYPE_UNKNOWN, buttonState=0, metaState=0, flags=0x0, edgeFlags=0x0, pointerCount=1, historySize=0, eventTime=853129948, downTime=853129948, deviceId=0, source=0x1002 }
08-06 04:58:33.539 12901 12901 I Input   : injectMotionEvent: MotionEvent { action=ACTION_UP, actionButton=0, id[0]=0, x[0]=747.0, y[0]=608.0, toolType[0]=TOOL_TYPE_UNKNOWN, buttonState=0, metaState=0, flags=0x0, edgeFlags=0x0, pointerCount=1, historySize=0, eventTime=853129948, downTime=853129948, deviceId=0, source=0x1002 }
08-06 04:58:33.541 12901 12901 D AndroidRuntime: Shutting down VM
08-06 04:58:33.542   512  2967 D audio_hw_primary: out_set_parameters: enter: usecase(1: low-latency-playback) kvpairs: routing=2
08-06 04:58:33.551   918  3696 I ActivityManager: START u0 {cmp=baseline.io.github.project_travel_mate/.utilities.ChecklistActivity} from uid 10696 on display 0
08-06 04:58:33.556   512  2967 D audio_hw_primary: select_devices: out_snd_device(2: speaker) in_snd_device(0: none)
08-06 04:58:33.556   512  2967 D msm8974_platform: platform_send_audio_calibration: sending audio calibration for snd_device(2) acdb_id(15)
08-06 04:58:33.556   512  2967 I soundtrigger: audio_extn_sound_trigger_update_device_status: device 0x2 of type 0 for Event 1
08-06 04:58:33.569   512  2967 D audio_hw_primary: enable_snd_device: snd_device(2: speaker)
08-06 04:58:33.571   512  2967 D audio_hw_primary: enable_audio_route: apply and update mixer path: low-latency-playback speaker
08-06 04:58:33.630 11539 11557 I art     : Starting a blocking GC Explicit
08-06 04:58:33.679 11539 11557 I art     : Explicit concurrent mark sweep GC freed 2429(210KB) AllocSpace objects, 2(36KB) LOS objects, 10% free, 135MB/151MB, paused 2.133ms total 47.885ms
08-06 04:58:33.697 11539 11557 I art     : Starting a blocking GC Explicit
08-06 04:58:33.739 11539 11557 I art     : Explicit concurrent mark sweep GC freed 881(77KB) AllocSpace objects, 0(0B) LOS objects, 10% free, 135MB/151MB, paused 1.389ms total 41.561ms
08-06 04:58:33.756 11539 11557 I art     : Starting a blocking GC Explicit
08-06 04:58:33.758 13866 13866 I GoogleInputMethodServic: GoogleInputMethodService.onFinishInput():3138 
08-06 04:58:33.758 13866 13866 I GoogleInputMethodServic: GoogleInputMethodService.onStartInput():1808 
08-06 04:58:33.759   918   936 I ActivityManager: Displayed baseline.io.github.project_travel_mate/.utilities.ChecklistActivity: +197ms
08-06 04:58:33.797 11539 11557 I art     : Explicit concurrent mark sweep GC freed 264(17KB) AllocSpace objects, 0(0B) LOS objects, 10% free, 135MB/151MB, paused 1.115ms total 40.115ms
08-06 04:58:33.813 11539 11557 I art     : Starting a blocking GC Explicit
08-06 04:58:33.851 11539 11557 I art     : Explicit concurrent mark sweep GC freed 25(1184B) AllocSpace objects, 0(0B) LOS objects, 10% free, 135MB/151MB, paused 966us total 37.963ms
08-06 04:58:33.868 11539 11557 I art     : Starting a blocking GC Explicit
08-06 04:58:33.917 11539 11557 I art     : Explicit concurrent mark sweep GC freed 3(96B) AllocSpace objects, 0(0B) LOS objects, 10% free, 135MB/151MB, paused 1.096ms total 48.240ms
08-06 04:58:34.029   380   380 W SurfaceFlinger: couldn't log to binary event log: overflow.
08-06 04:58:34.108   512  2967 D audio_hw_primary: disable_audio_route: reset and update mixer path: low-latency-playback speaker
08-06 04:58:34.109   512  2967 D audio_hw_primary: disable_snd_device: snd_device(2: speaker)
08-06 04:58:34.120   512  2967 I soundtrigger: audio_extn_sound_trigger_update_device_status: device 0x2 of type 0 for Event 0
08-06 04:58:34.303 11539 11600 I art     : Starting a blocking GC Explicit
08-06 04:58:34.357 11539 11600 I art     : Explicit concurrent mark sweep GC freed 1642(94KB) AllocSpace objects, 2(36KB) LOS objects, 10% free, 135MB/151MB, paused 1.196ms total 53.070ms
08-06 04:58:34.379 11539 11600 I art     : Starting a blocking GC Explicit
08-06 04:58:34.424 11539 11600 I art     : Explicit concurrent mark sweep GC freed 53(2096B) AllocSpace objects, 0(0B) LOS objects, 10% free, 135MB/151MB, paused 1.048ms total 44.896ms
08-06 04:58:34.441 11539 11600 I art     : Starting a blocking GC Explicit
08-06 04:58:34.486 11539 11600 I art     : Explicit concurrent mark sweep GC freed 3(96B) AllocSpace objects, 0(0B) LOS objects, 10% free, 135MB/151MB, paused 1.081ms total 44.271ms
08-06 04:58:34.503 11539 11600 I art     : Starting a blocking GC Explicit
08-06 04:58:34.548 11539 11600 I art     : Explicit concurrent mark sweep GC freed 3(96B) AllocSpace objects, 0(0B) LOS objects, 10% free, 135MB/151MB, paused 1.226ms total 44.441ms
08-06 04:58:34.565 11539 11600 I art     : Starting a blocking GC Explicit
08-06 04:58:34.608 11539 11600 I art     : Explicit concurrent mark sweep GC freed 3(96B) AllocSpace objects, 0(0B) LOS objects, 10% free, 135MB/151MB, paused 1.106ms total 42.863ms
08-06 04:58:35.017 11539 11550 I art     : Starting a blocking GC Explicit
08-06 04:58:35.064 11539 11550 I art     : Explicit concurrent mark sweep GC freed 1616(93KB) AllocSpace objects, 2(36KB) LOS objects, 10% free, 135MB/151MB, paused 1.138ms total 46.247ms
08-06 04:58:35.081 11539 11550 I art     : Starting a blocking GC Explicit
08-06 04:58:35.127 11539 11550 I art     : Explicit concurrent mark sweep GC freed 28(1024B) AllocSpace objects, 0(0B) LOS objects, 10% free, 135MB/151MB, paused 1.092ms total 45.767ms
08-06 04:58:35.149 11539 11550 I art     : Starting a blocking GC Explicit
08-06 04:58:35.194 11539 11550 I art     : Explicit concurrent mark sweep GC freed 3(96B) AllocSpace objects, 0(0B) LOS objects, 10% free, 135MB/151MB, paused 1.086ms total 44.755ms
08-06 04:58:35.212 11539 11550 I art     : Starting a blocking GC Explicit
08-06 04:58:35.258 11539 11550 I art     : Explicit concurrent mark sweep GC freed 3(96B) AllocSpace objects, 0(0B) LOS objects, 10% free, 135MB/151MB, paused 1.170ms total 46.671ms
08-06 04:58:35.276 11539 11550 I art     : Starting a blocking GC Explicit
08-06 04:58:35.325 11539 11550 I art     : Explicit concurrent mark sweep GC freed 3(96B) AllocSpace objects, 0(0B) LOS objects, 10% free, 135MB/151MB, paused 1.028ms total 48.806ms
08-06 04:58:35.713   918  3261 D WifiStateMachine: starting scan for "H369AA63323"WPA_PSK with 2412,5180
08-06 04:58:35.748 11539 11599 I art     : Starting a blocking GC Explicit
08-06 04:58:35.805 11539 11599 I art     : Explicit concurrent mark sweep GC freed 1614(93KB) AllocSpace objects, 2(36KB) LOS objects, 10% free, 135MB/151MB, paused 1.263ms total 56.421ms
08-06 04:58:35.829 11539 11599 I art     : Starting a blocking GC Explicit
08-06 04:58:35.871 11539 11599 I art     : Explicit concurrent mark sweep GC freed 28(1024B) AllocSpace objects, 0(0B) LOS objects, 10% free, 135MB/151MB, paused 1.027ms total 41.752ms
08-06 04:58:35.888 11539 11599 I art     : Starting a blocking GC Explicit
08-06 04:58:35.929 11539 11599 I art     : Explicit concurrent mark sweep GC freed 15(752B) AllocSpace objects, 0(0B) LOS objects, 10% free, 135MB/151MB, paused 1.135ms total 40.863ms
08-06 04:58:35.945 11539 11599 I art     : Starting a blocking GC Explicit
08-06 04:58:35.992 11539 11599 I art     : Explicit concurrent mark sweep GC freed 16(752B) AllocSpace objects, 0(0B) LOS objects, 10% free, 135MB/151MB, paused 1.110ms total 46.325ms
08-06 04:58:36.009 11539 11599 I art     : Starting a blocking GC Explicit
08-06 04:58:36.058 11539 11599 I art     : Explicit concurrent mark sweep GC freed 21(768B) AllocSpace objects, 0(0B) LOS objects, 10% free, 135MB/151MB, paused 1.197ms total 48.683ms
08-06 04:58:36.487 11539 11550 I art     : Starting a blocking GC Explicit
08-06 04:58:36.544 11539 11550 I art     : Explicit concurrent mark sweep GC freed 1585(92KB) AllocSpace objects, 2(36KB) LOS objects, 10% free, 135MB/151MB, paused 1.184ms total 56.246ms
08-06 04:58:36.564 11539 11550 I art     : Starting a blocking GC Explicit
08-06 04:58:36.612 11539 11550 I art     : Explicit concurrent mark sweep GC freed 28(1024B) AllocSpace objects, 0(0B) LOS objects, 10% free, 135MB/151MB, paused 1.076ms total 47.413ms
08-06 04:58:36.633 11539 11550 I art     : Starting a blocking GC Explicit
08-06 04:58:36.681 11539 11550 I art     : Explicit concurrent mark sweep GC freed 34(928B) AllocSpace objects, 0(0B) LOS objects, 10% free, 135MB/151MB, paused 1.200ms total 47.447ms
08-06 04:58:36.702 11539 11550 I art     : Starting a blocking GC Explicit
08-06 04:58:36.750 11539 11550 I art     : Explicit concurrent mark sweep GC freed 3(96B) AllocSpace objects, 0(0B) LOS objects, 10% free, 135MB/151MB, paused 1.088ms total 47.700ms
08-06 04:58:36.768 11539 11550 I art     : Starting a blocking GC Explicit
08-06 04:58:36.818 11539 11550 I art     : Explicit concurrent mark sweep GC freed 3(96B) AllocSpace objects, 0(0B) LOS objects, 10% free, 135MB/151MB, paused 1.265ms total 49.879ms
08-06 04:58:37.248 11539 11551 I art     : Starting a blocking GC Explicit
08-06 04:58:37.308 11539 11551 I art     : Explicit concurrent mark sweep GC freed 1594(92KB) AllocSpace objects, 2(36KB) LOS objects, 10% free, 135MB/151MB, paused 1.283ms total 59.680ms
08-06 04:58:37.329 11539 11551 I art     : Starting a blocking GC Explicit
08-06 04:58:37.379 11539 11551 I art     : Explicit concurrent mark sweep GC freed 38(1568B) AllocSpace objects, 0(0B) LOS objects, 10% free, 135MB/151MB, paused 1.086ms total 49.716ms
08-06 04:58:37.397 11539 11551 I art     : Starting a blocking GC Explicit
08-06 04:58:37.446 11539 11551 I art     : Explicit concurrent mark sweep GC freed 3(96B) AllocSpace objects, 0(0B) LOS objects, 10% free, 135MB/151MB, paused 1.124ms total 49.061ms
08-06 04:58:37.447 11539 11549 I art     : WaitForGcToComplete blocked for 49.547ms for cause HeapTrim
08-06 04:58:37.467 11539 11551 I art     : Starting a blocking GC Explicit
08-06 04:58:37.512 11539 11551 I art     : Explicit concurrent mark sweep GC freed 3(96B) AllocSpace objects, 0(0B) LOS objects, 10% free, 135MB/151MB, paused 1.114ms total 44.438ms
08-06 04:58:37.527   518   646 I ThermalEngine: ACTION: GPU - Setting GPU[0] to 510000000
08-06 04:58:37.529 11539 11551 I art     : Starting a blocking GC Explicit
08-06 04:58:37.575 11539 11551 I art     : Explicit concurrent mark sweep GC freed 3(96B) AllocSpace objects, 0(0B) LOS objects, 10% free, 135MB/151MB, paused 790us total 46.019ms
08-06 04:58:37.952 11539 11557 I art     : Starting a blocking GC Explicit
08-06 04:58:37.991 11539 11557 I art     : Explicit concurrent mark sweep GC freed 1613(92KB) AllocSpace objects, 2(36KB) LOS objects, 10% free, 135MB/151MB, paused 897us total 38.038ms
08-06 04:58:38.004 11539 11557 I art     : Starting a blocking GC Explicit
08-06 04:58:38.038 11539 11557 I art     : Explicit concurrent mark sweep GC freed 28(1024B) AllocSpace objects, 0(0B) LOS objects, 10% free, 135MB/151MB, paused 843us total 33.603ms
08-06 04:58:38.051 11539 11557 I art     : Starting a blocking GC Explicit
08-06 04:58:38.086 11539 11557 I art     : Explicit concurrent mark sweep GC freed 3(96B) AllocSpace objects, 0(0B) LOS objects, 10% free, 135MB/151MB, paused 781us total 34.028ms
08-06 04:58:38.099  9137  9137 I Atfwd_Sendcmd: AtCmdFwd service not ready - Exhausted retry attempts - :6
08-06 04:58:38.099  9137  9137 I Atfwd_Daemon: result : -1 	 ,Init step :2 	 ,qmiErrorCode: 0
08-06 04:58:38.100 11539 11557 I art     : Starting a blocking GC Explicit
08-06 04:58:38.134 11539 11557 I art     : Explicit concurrent mark sweep GC freed 3(96B) AllocSpace objects, 0(0B) LOS objects, 10% free, 135MB/151MB, paused 825us total 34.183ms
08-06 04:58:38.147 11539 11557 I art     : Starting a blocking GC Explicit
08-06 04:58:38.181 11539 11557 I art     : Explicit concurrent mark sweep GC freed 3(96B) AllocSpace objects, 0(0B) LOS objects, 10% free, 135MB/151MB, paused 808us total 33.936ms
08-06 04:58:38.226 12985 12985 D AndroidRuntime: >>>>>> START com.android.internal.os.RuntimeInit uid 2000 <<<<<<
08-06 04:58:38.231 12985 12985 D AndroidRuntime: CheckJNI is OFF
08-06 04:58:38.264 12985 12985 D ICU     : No timezone override file found: /data/misc/zoneinfo/current/icu/icu_tzdata.dat
08-06 04:58:38.298 12985 12985 I Radio-JNI: register_android_hardware_Radio DONE
08-06 04:58:38.321 12985 12985 D AndroidRuntime: Calling main entry com.android.commands.input.Input
08-06 04:58:38.322 12985 12985 I Input   : injectKeyEvent: KeyEvent { action=ACTION_DOWN, keyCode=KEYCODE_BACK, scanCode=0, metaState=0, flags=0x0, repeatCount=0, eventTime=853134735, downTime=853134735, deviceId=-1, source=0x101 }
08-06 04:58:38.338 12985 12985 I Input   : injectKeyEvent: KeyEvent { action=ACTION_UP, keyCode=KEYCODE_BACK, scanCode=0, metaState=0, flags=0x0, repeatCount=0, eventTime=853134735, downTime=853134735, deviceId=-1, source=0x101 }
08-06 04:58:38.344 12985 12985 D AndroidRuntime: Shutting down VM
08-06 04:58:38.369 11539 11539 V MainActivity: url = https://project-travel-mate.herokuapp.com/api/number-of-unread-notifications
08-06 04:58:38.395 13866 13866 I GoogleInputMethodServic: GoogleInputMethodService.onFinishInput():3138 
08-06 04:58:38.395 13866 13866 I GoogleInputMethodServic: GoogleInputMethodService.onStartInput():1808 
08-06 04:58:38.508 11539 11557 I art     : Starting a blocking GC Explicit
08-06 04:58:38.554 11539 11557 I art     : Explicit concurrent mark sweep GC freed 2040(112KB) AllocSpace objects, 2(36KB) LOS objects, 10% free, 135MB/151MB, paused 897us total 45.008ms
08-06 04:58:38.572 11539 11557 I art     : Starting a blocking GC Explicit
08-06 04:58:38.612 11539 11557 I art     : Explicit concurrent mark sweep GC freed 96(3KB) AllocSpace objects, 0(0B) LOS objects, 10% free, 135MB/151MB, paused 1.010ms total 39.631ms
08-06 04:58:38.627 11539 11557 I art     : Starting a blocking GC Explicit
08-06 04:58:38.669 11539 11557 I art     : Explicit concurrent mark sweep GC freed 38(1120B) AllocSpace objects, 0(0B) LOS objects, 10% free, 135MB/151MB, paused 961us total 41.693ms
08-06 04:58:38.683 11539 11557 I art     : Starting a blocking GC Explicit
08-06 04:58:38.687   380   380 W SurfaceFlinger: couldn't log to binary event log: overflow.
08-06 04:58:38.715 11539 11557 I art     : Explicit concurrent mark sweep GC freed 412(18KB) AllocSpace objects, 0(0B) LOS objects, 10% free, 135MB/151MB, paused 798us total 32.258ms
08-06 04:58:38.728 11539 11557 I art     : Starting a blocking GC Explicit
08-06 04:58:38.760 11539 11557 I art     : Explicit concurrent mark sweep GC freed 132(6KB) AllocSpace objects, 0(0B) LOS objects, 10% free, 135MB/151MB, paused 860us total 32.085ms
08-06 04:58:39.130 11539 11599 I art     : Starting a blocking GC Explicit
08-06 04:58:39.178 11539 11599 I art     : Explicit concurrent mark sweep GC freed 4108(222KB) AllocSpace objects, 5(236KB) LOS objects, 10% free, 135MB/151MB, paused 1.164ms total 47.608ms
08-06 04:58:39.191 11539 11599 I art     : Starting a blocking GC Explicit
08-06 04:58:39.214 11539 13012 I NAPPA_EXPERIMENTATION: MetricNetworkRequestExecutionTime: REQUEST_DURATION_SYSTEM='843',REQUEST_DURATION_OKHTTP='36',REQUEST_SYNCHRONOUS='FALSE',RESPONSE_CODE='200',RESPONSE_METHOD='GET',RESPONSE_LENGTH_OKHTTP='36',RESPONSE_LENGTH_HEADER='36',REQUEST_PROTOCOL='http/1.1',REQUEST_URL='https://project-travel-mate.herokuapp.com/api/number-of-unread-notifications',
08-06 04:58:39.228 11539 11599 I art     : Explicit concurrent mark sweep GC freed 1125(130KB) AllocSpace objects, 0(0B) LOS objects, 10% free, 135MB/151MB, paused 951us total 36.339ms
08-06 04:58:39.241 11539 11599 I art     : Starting a blocking GC Explicit
08-06 04:58:39.278 11539 11599 I art     : Explicit concurrent mark sweep GC freed 55(2304B) AllocSpace objects, 0(0B) LOS objects, 10% free, 135MB/151MB, paused 875us total 36.627ms
08-06 04:58:39.291 11539 11599 I art     : Starting a blocking GC Explicit
08-06 04:58:39.328 11539 11599 I art     : Explicit concurrent mark sweep GC freed 86(3KB) AllocSpace objects, 0(0B) LOS objects, 10% free, 135MB/151MB, paused 813us total 36.578ms
08-06 04:58:39.341 11539 11599 I art     : Starting a blocking GC Explicit
08-06 04:58:39.379 11539 11599 I art     : Explicit concurrent mark sweep GC freed 3(96B) AllocSpace objects, 0(0B) LOS objects, 10% free, 135MB/151MB, paused 989us total 37.241ms
08-06 04:58:39.714 11539 11600 I art     : Starting a blocking GC Explicit
08-06 04:58:39.756 11539 11600 I art     : Explicit concurrent mark sweep GC freed 1613(92KB) AllocSpace objects, 2(36KB) LOS objects, 10% free, 135MB/151MB, paused 885us total 41.500ms
08-06 04:58:39.769 11539 11600 I art     : Starting a blocking GC Explicit
08-06 04:58:39.803 11539 11600 I art     : Explicit concurrent mark sweep GC freed 28(1024B) AllocSpace objects, 0(0B) LOS objects, 10% free, 135MB/151MB, paused 877us total 34.311ms
08-06 04:58:39.816 11539 11600 I art     : Starting a blocking GC Explicit
08-06 04:58:39.851 11539 11600 I art     : Explicit concurrent mark sweep GC freed 3(96B) AllocSpace objects, 0(0B) LOS objects, 10% free, 135MB/151MB, paused 902us total 34.857ms
08-06 04:58:39.865 11539 11600 I art     : Starting a blocking GC Explicit
08-06 04:58:39.900 11539 11600 I art     : Explicit concurrent mark sweep GC freed 3(96B) AllocSpace objects, 0(0B) LOS objects, 10% free, 135MB/151MB, paused 876us total 35.588ms
08-06 04:58:39.913 11539 11600 I art     : Starting a blocking GC Explicit
08-06 04:58:39.948 11539 11600 I art     : Explicit concurrent mark sweep GC freed 3(96B) AllocSpace objects, 0(0B) LOS objects, 10% free, 135MB/151MB, paused 926us total 34.688ms
08-06 04:58:40.014 13035 13035 D AndroidRuntime: >>>>>> START com.android.internal.os.RuntimeInit uid 2000 <<<<<<
08-06 04:58:40.023 13035 13035 D AndroidRuntime: CheckJNI is OFF
08-06 04:58:40.061 13035 13035 D ICU     : No timezone override file found: /data/misc/zoneinfo/current/icu/icu_tzdata.dat
08-06 04:58:40.097 13035 13035 I Radio-JNI: register_android_hardware_Radio DONE
08-06 04:58:40.121 13035 13035 D AndroidRuntime: Calling main entry com.android.commands.input.Input
08-06 04:58:40.124 13035 13035 I Input   : injectMotionEvent: MotionEvent { action=ACTION_DOWN, actionButton=0, id[0]=0, x[0]=657.0, y[0]=2037.0, toolType[0]=TOOL_TYPE_UNKNOWN, buttonState=0, metaState=0, flags=0x0, edgeFlags=0x0, pointerCount=1, historySize=0, eventTime=853136536, downTime=853136536, deviceId=0, source=0x1002 }
08-06 04:58:40.133 13035 13035 I Input   : injectMotionEvent: MotionEvent { action=ACTION_UP, actionButton=0, id[0]=0, x[0]=657.0, y[0]=2037.0, toolType[0]=TOOL_TYPE_UNKNOWN, buttonState=0, metaState=0, flags=0x0, edgeFlags=0x0, pointerCount=1, historySize=0, eventTime=853136536, downTime=853136536, deviceId=0, source=0x1002 }
08-06 04:58:40.134 13035 13035 D AndroidRuntime: Shutting down VM
08-06 04:58:40.144   918  6112 I ActivityManager: START u0 {cmp=baseline.io.github.project_travel_mate/.utilities.CompassActivity} from uid 10696 on display 0
08-06 04:58:40.145   512  2967 D audio_hw_primary: out_set_parameters: enter: usecase(1: low-latency-playback) kvpairs: routing=2
08-06 04:58:40.158   512  2967 D audio_hw_primary: select_devices: out_snd_device(2: speaker) in_snd_device(0: none)
08-06 04:58:40.158   512  2967 D msm8974_platform: platform_send_audio_calibration: sending audio calibration for snd_device(2) acdb_id(15)
08-06 04:58:40.158   512  2967 I soundtrigger: audio_extn_sound_trigger_update_device_status: device 0x2 of type 0 for Event 1
08-06 04:58:40.170   512  2967 D audio_hw_primary: enable_snd_device: snd_device(2: speaker)
08-06 04:58:40.172   512  2967 D audio_hw_primary: enable_audio_route: apply and update mixer path: low-latency-playback speaker
08-06 04:58:40.294 11539 11550 I art     : Starting a blocking GC Explicit
08-06 04:58:40.329 11539 11550 I art     : Explicit concurrent mark sweep GC freed 84(4KB) AllocSpace objects, 0(0B) LOS objects, 7% free, 184MB/200MB, paused 972us total 34.758ms
08-06 04:58:40.341 11539 11550 I art     : Starting a blocking GC Explicit
08-06 04:58:40.375 11539 11550 I art     : Explicit concurrent mark sweep GC freed 3(96B) AllocSpace objects, 0(0B) LOS objects, 7% free, 184MB/200MB, paused 901us total 33.206ms
08-06 04:58:40.388 11539 11550 I art     : Starting a blocking GC Explicit
08-06 04:58:40.420 11539 11550 I art     : Explicit concurrent mark sweep GC freed 3(96B) AllocSpace objects, 0(0B) LOS objects, 7% free, 184MB/200MB, paused 933us total 31.901ms
08-06 04:58:40.432 11539 11550 I art     : Starting a blocking GC Explicit
08-06 04:58:40.465 11539 11550 I art     : Explicit concurrent mark sweep GC freed 3(96B) AllocSpace objects, 0(0B) LOS objects, 7% free, 184MB/200MB, paused 928us total 32.730ms
08-06 04:58:40.478 11539 11550 I art     : Starting a blocking GC Explicit
08-06 04:58:40.512 11539 11550 I art     : Explicit concurrent mark sweep GC freed 3(96B) AllocSpace objects, 0(0B) LOS objects, 7% free, 184MB/200MB, paused 914us total 33.922ms
08-06 04:58:40.583 11539 11539 D CompassActivity: start compass
08-06 04:58:40.584   918  6112 I sensors : batch
08-06 04:58:40.584   918  6112 I sensors : activate
08-06 04:58:40.585   918  4413 I sensors : batch
08-06 04:58:40.585   918  4413 I sensors : activate
08-06 04:58:40.591   918  3188 I hubconnection: sensorhub said: 'batch 1 flags:0, sampling_rate_Hz:50.00, max_report_latency_us:0'
08-06 04:58:40.593   918  3188 I hubconnection: sensorhub said: 'activate 1 enable:1'
08-06 04:58:40.594   918  3188 I hubconnection: sensorhub said: 'batch 3 flags:0, sampling_rate_Hz:50.00, max_report_latency_us:0'
08-06 04:58:40.595   918  3188 I hubconnection: sensorhub said: 'activate 3 enable:1'
08-06 04:58:40.708   512  2967 D audio_hw_primary: disable_audio_route: reset and update mixer path: low-latency-playback speaker
08-06 04:58:40.710   512  2967 D audio_hw_primary: disable_snd_device: snd_device(2: speaker)
08-06 04:58:40.718   512  2967 I soundtrigger: audio_extn_sound_trigger_update_device_status: device 0x2 of type 0 for Event 0
08-06 04:58:40.753 11539 11539 D CompassActivity: will set rotation from 0.0 to 179.79309
08-06 04:58:40.754 11539 11539 D CompassActivity: will set rotation from 179.79309 to 179.78894
08-06 04:58:40.760 13866 13866 I GoogleInputMethodServic: GoogleInputMethodService.onFinishInput():3138 
08-06 04:58:40.760 13866 13866 I GoogleInputMethodServic: GoogleInputMethodService.onStartInput():1808 
08-06 04:58:40.761 11539 11539 D CompassActivity: will set rotation from 179.78894 to 179.53589
08-06 04:58:40.761 11539 11539 D CompassActivity: will set rotation from 179.53589 to 179.5246
08-06 04:58:40.762   918   936 I ActivityManager: Displayed baseline.io.github.project_travel_mate/.utilities.CompassActivity: +605ms
08-06 04:58:40.831 11539 11539 D CompassActivity: will set rotation from 179.5246 to 179.60242
08-06 04:58:40.831 11539 11539 D CompassActivity: will set rotation from 179.60242 to 179.60156
08-06 04:58:40.831 11539 11539 D CompassActivity: will set rotation from 179.60156 to 179.39178
08-06 04:58:40.832 11539 11539 D CompassActivity: will set rotation from 179.39178 to 179.3866
08-06 04:58:40.832 11539 11539 D CompassActivity: will set rotation from 179.3866 to 179.35522
08-06 04:58:40.832 11539 11539 D CompassActivity: will set rotation from 179.35522 to 179.35242
08-06 04:58:40.863 11539 11557 I art     : Starting a blocking GC Explicit
08-06 04:58:40.904 11539 11557 I art     : Explicit concurrent mark sweep GC freed 1926(110KB) AllocSpace objects, 2(36KB) LOS objects, 7% free, 187MB/203MB, paused 846us total 39.823ms
08-06 04:58:40.916 11539 11557 I art     : Starting a blocking GC Explicit
08-06 04:58:40.925 11539 11539 D CompassActivity: will set rotation from 179.35242 to 179.05023
08-06 04:58:40.925 11539 11539 D CompassActivity: will set rotation from 179.05023 to 179.04932
08-06 04:58:40.925 11539 11539 D CompassActivity: will set rotation from 179.04932 to 178.93463
08-06 04:58:40.926 11539 11539 D CompassActivity: will set rotation from 178.93463 to 178.93427
08-06 04:58:40.926 11539 11539 D CompassActivity: will set rotation from 178.93427 to 179.03625
08-06 04:58:40.926 11539 11539 D CompassActivity: will set rotation from 179.03625 to 179.03467
08-06 04:58:40.926 11539 11539 D CompassActivity: will set rotation from 179.03467 to 178.99304
08-06 04:58:40.926 11539 11539 D CompassActivity: will set rotation from 178.99304 to 178.98962
08-06 04:58:40.926 11539 11539 D CompassActivity: will set rotation from 178.98962 to 178.91254
08-06 04:58:40.926 11539 11539 D CompassActivity: will set rotation from 178.91254 to 178.9076
08-06 04:58:40.935 11539 11539 D CompassActivity: will set rotation from 178.9076 to 178.94989
08-06 04:58:40.936 11539 11539 D CompassActivity: will set rotation from 178.94989 to 178.94836
08-06 04:58:40.949 11539 11557 I art     : Explicit concurrent mark sweep GC freed 265(13KB) AllocSpace objects, 0(0B) LOS objects, 7% free, 187MB/203MB, paused 831us total 32.641ms
08-06 04:58:40.955 11539 11539 D CompassActivity: will set rotation from 178.94836 to 178.98352
08-06 04:58:40.955 11539 11539 D CompassActivity: will set rotation from 178.98352 to 178.9856
08-06 04:58:40.962 11539 11557 I art     : Starting a blocking GC Explicit
08-06 04:58:40.976 11539 11539 D CompassActivity: will set rotation from 178.9856 to 179.05493
08-06 04:58:40.976 11539 11539 D CompassActivity: will set rotation from 179.05493 to 179.05756
08-06 04:58:40.992 11539 11557 I art     : Explicit concurrent mark sweep GC freed 174(7KB) AllocSpace objects, 0(0B) LOS objects, 7% free, 187MB/203MB, paused 751us total 30.478ms
08-06 04:58:40.995 11539 11539 D CompassActivity: will set rotation from 179.05756 to 179.03009
08-06 04:58:40.996 11539 11539 D CompassActivity: will set rotation from 179.03009 to 179.03003
08-06 04:58:41.005 11539 11557 I art     : Starting a blocking GC Explicit
08-06 04:58:41.007   380   380 W SurfaceFlinger: couldn't log to binary event log: overflow.
08-06 04:58:41.015 11539 11539 D CompassActivity: will set rotation from 179.03003 to 179.0492
08-06 04:58:41.016 11539 11539 D CompassActivity: will set rotation from 179.0492 to 179.04791
08-06 04:58:41.035 11539 11539 D CompassActivity: will set rotation from 179.04791 to 179.02911
08-06 04:58:41.035 11539 11539 D CompassActivity: will set rotation from 179.02911 to 179.03076
08-06 04:58:41.037 11539 11557 I art     : Explicit concurrent mark sweep GC freed 100(5KB) AllocSpace objects, 0(0B) LOS objects, 7% free, 187MB/203MB, paused 891us total 31.661ms
08-06 04:58:41.049 11539 11557 I art     : Starting a blocking GC Explicit
08-06 04:58:41.055 11539 11539 D CompassActivity: will set rotation from 179.03076 to 179.09064
08-06 04:58:41.055 11539 11539 D CompassActivity: will set rotation from 179.09064 to 179.09436
08-06 04:58:41.075 11539 11539 D CompassActivity: will set rotation from 179.09436 to 179.14685
08-06 04:58:41.075 11539 11539 D CompassActivity: will set rotation from 179.14685 to 179.14398
08-06 04:58:41.080 11539 11557 I art     : Explicit concurrent mark sweep GC freed 96(4KB) AllocSpace objects, 0(0B) LOS objects, 7% free, 187MB/203MB, paused 735us total 30.847ms
08-06 04:58:41.095 11539 11539 D CompassActivity: will set rotation from 179.14398 to 179.22498
08-06 04:58:41.095 11539 11539 D CompassActivity: will set rotation from 179.22498 to 179.22424
08-06 04:58:41.115 11539 11539 D CompassActivity: will set rotation from 179.22424 to 179.26245
08-06 04:58:41.115 11539 11539 D CompassActivity: will set rotation from 179.26245 to 179.26111
08-06 04:58:41.135 11539 11539 D CompassActivity: will set rotation from 179.26111 to 179.26855
08-06 04:58:41.135 11539 11539 D CompassActivity: will set rotation from 179.26855 to 179.27039
08-06 04:58:41.212 11539 11539 D CompassActivity: will set rotation from 179.27039 to 179.34064
08-06 04:58:41.213 11539 11539 D CompassActivity: will set rotation from 179.34064 to 179.34412
08-06 04:58:41.213 11539 11539 D CompassActivity: will set rotation from 179.34412 to 179.34705
08-06 04:58:41.213 11539 11539 D CompassActivity: will set rotation from 179.34705 to 179.3457
08-06 04:58:41.213 11539 11539 D CompassActivity: will set rotation from 179.3457 to 179.34546
08-06 04:58:41.213 11539 11539 D CompassActivity: will set rotation from 179.34546 to 179.34247
08-06 04:58:41.221 11539 11539 D CompassActivity: will set rotation from 179.34247 to 179.34601
08-06 04:58:41.221 11539 11539 D CompassActivity: will set rotation from 179.34601 to 179.34595
08-06 04:58:41.234 11539 11539 D CompassActivity: will set rotation from 179.34595 to 179.37402
08-06 04:58:41.235 11539 11539 D CompassActivity: will set rotation from 179.37402 to 179.37231
08-06 04:58:41.254 11539 11539 D CompassActivity: will set rotation from 179.37231 to 179.39581
08-06 04:58:41.255 11539 11539 D CompassActivity: will set rotation from 179.39581 to 179.39526
08-06 04:58:41.275 11539 11539 D CompassActivity: will set rotation from 179.39526 to 179.39117
08-06 04:58:41.275 11539 11539 D CompassActivity: will set rotation from 179.39117 to 179.39117
08-06 04:58:41.294 11539 11539 D CompassActivity: will set rotation from 179.39117 to 179.36188
08-06 04:58:41.295 11539 11539 D CompassActivity: will set rotation from 179.36188 to 179.36102
08-06 04:58:41.314 11539 11539 D CompassActivity: will set rotation from 179.36102 to 179.30884
08-06 04:58:41.314 11539 11539 D CompassActivity: will set rotation from 179.30884 to 179.30951
08-06 04:58:41.334 11539 11539 D CompassActivity: will set rotation from 179.30951 to 179.3349
08-06 04:58:41.334 11539 11539 D CompassActivity: will set rotation from 179.3349 to 179.33728
08-06 04:58:41.354 11539 11539 D CompassActivity: will set rotation from 179.33728 to 179.31213
08-06 04:58:41.354 11539 11539 D CompassActivity: will set rotation from 179.31213 to 179.31018
08-06 04:58:41.375 11539 11539 D CompassActivity: will set rotation from 179.31018 to 179.33362
08-06 04:58:41.375 11539 11539 D CompassActivity: will set rotation from 179.33362 to 179.33325
08-06 04:58:41.396 11539 11539 D CompassActivity: will set rotation from 179.33325 to 179.3064
08-06 04:58:41.396 11539 11539 D CompassActivity: will set rotation from 179.3064 to 179.30658
08-06 04:58:41.414 11539 11539 D CompassActivity: will set rotation from 179.30658 to 179.30634
08-06 04:58:41.415 11539 11539 D CompassActivity: will set rotation from 179.30634 to 179.30695
08-06 04:58:41.422 11539 11550 I art     : Starting a blocking GC Explicit
08-06 04:58:41.433 11539 11539 D CompassActivity: will set rotation from 179.30695 to 179.34912
08-06 04:58:41.434 11539 11539 D CompassActivity: will set rotation from 179.34912 to 179.34637
08-06 04:58:41.453 11539 11539 D CompassActivity: will set rotation from 179.34637 to 179.34595
08-06 04:58:41.454 11539 11539 D CompassActivity: will set rotation from 179.34595 to 179.34326
08-06 04:58:41.464 11539 11550 I art     : Explicit concurrent mark sweep GC freed 1957(115KB) AllocSpace objects, 2(36KB) LOS objects, 7% free, 187MB/203MB, paused 784us total 41.598ms
08-06 04:58:41.473 11539 11539 D CompassActivity: will set rotation from 179.34326 to 179.36597
08-06 04:58:41.474 11539 11539 D CompassActivity: will set rotation from 179.36597 to 179.36884
08-06 04:58:41.478 11539 11550 I art     : Starting a blocking GC Explicit
08-06 04:58:41.494 11539 11539 D CompassActivity: will set rotation from 179.36884 to 179.36615
08-06 04:58:41.494 11539 11539 D CompassActivity: will set rotation from 179.36615 to 179.36633
08-06 04:58:41.513 11539 11550 I art     : Explicit concurrent mark sweep GC freed 589(23KB) AllocSpace objects, 0(0B) LOS objects, 7% free, 187MB/203MB, paused 764us total 34.511ms
08-06 04:58:41.513 11539 11539 D CompassActivity: will set rotation from 179.36633 to 179.34222
08-06 04:58:41.513 11539 11539 D CompassActivity: will set rotation from 179.34222 to 179.34277
08-06 04:58:41.527 11539 11550 I art     : Starting a blocking GC Explicit
08-06 04:58:41.533 11539 11539 D CompassActivity: will set rotation from 179.34277 to 179.38013
08-06 04:58:41.534 11539 11539 D CompassActivity: will set rotation from 179.38013 to 179.38147
08-06 04:58:41.539   518   646 I ThermalEngine: ACTION: GPU - Setting GPU[0] to 450000000
08-06 04:58:41.553 11539 11539 D CompassActivity: will set rotation from 179.38147 to 179.41809
08-06 04:58:41.553 11539 11539 D CompassActivity: will set rotation from 179.41809 to 179.41638
08-06 04:58:41.567 11539 11550 I art     : Explicit concurrent mark sweep GC freed 103(5KB) AllocSpace objects, 0(0B) LOS objects, 7% free, 187MB/203MB, paused 1.011ms total 39.846ms
08-06 04:58:41.573 11539 11539 D CompassActivity: will set rotation from 179.41638 to 179.3894
08-06 04:58:41.574 11539 11539 D CompassActivity: will set rotation from 179.3894 to 179.39166
08-06 04:58:41.585 11539 11550 I art     : Starting a blocking GC Explicit
08-06 04:58:41.593 11539 11539 D CompassActivity: will set rotation from 179.39166 to 179.40729
08-06 04:58:41.594 11539 11539 D CompassActivity: will set rotation from 179.40729 to 179.40747
08-06 04:58:41.612 11539 11539 D CompassActivity: will set rotation from 179.40747 to 179.40527
08-06 04:58:41.613 11539 11539 D CompassActivity: will set rotation from 179.40527 to 179.4054
08-06 04:58:41.627 11539 11550 I art     : Explicit concurrent mark sweep GC freed 178(7KB) AllocSpace objects, 0(0B) LOS objects, 7% free, 187MB/203MB, paused 1.112ms total 41.010ms
08-06 04:58:41.632 11539 11539 D CompassActivity: will set rotation from 179.4054 to 179.38318
08-06 04:58:41.633 11539 11539 D CompassActivity: will set rotation from 179.38318 to 179.38245
08-06 04:58:41.643 11539 11550 I art     : Starting a blocking GC Explicit
08-06 04:58:41.652 11539 11539 D CompassActivity: will set rotation from 179.38245 to 179.41687
08-06 04:58:41.653 11539 11539 D CompassActivity: will set rotation from 179.41687 to 179.4162
08-06 04:58:41.672 11539 11539 D CompassActivity: will set rotation from 179.4162 to 179.4342
08-06 04:58:41.673 11539 11539 D CompassActivity: will set rotation from 179.4342 to 179.43463
08-06 04:58:41.684 11539 11550 I art     : Explicit concurrent mark sweep GC freed 117(5KB) AllocSpace objects, 0(0B) LOS objects, 7% free, 187MB/203MB, paused 1.014ms total 40.555ms
08-06 04:58:41.697 11539 11539 D CompassActivity: will set rotation from 179.43463 to 179.4679
08-06 04:58:41.697 11539 11539 D CompassActivity: will set rotation from 179.4679 to 179.4668
08-06 04:58:41.714 11539 11539 D CompassActivity: will set rotation from 179.4668 to 179.4607
08-06 04:58:41.715 11539 11539 D CompassActivity: will set rotation from 179.4607 to 179.45966
08-06 04:58:41.732 11539 11539 D CompassActivity: will set rotation from 179.45966 to 179.47601
08-06 04:58:41.733 11539 11539 D CompassActivity: will set rotation from 179.47601 to 179.47626
08-06 04:58:41.752 11539 11539 D CompassActivity: will set rotation from 179.47626 to 179.4519
08-06 04:58:41.753 11539 11539 D CompassActivity: will set rotation from 179.4519 to 179.45288
08-06 04:58:41.772 11539 11539 D CompassActivity: will set rotation from 179.45288 to 179.43036
08-06 04:58:41.773 11539 11539 D CompassActivity: will set rotation from 179.43036 to 179.43091
08-06 04:58:41.795 11539 11539 D CompassActivity: will set rotation from 179.43091 to 179.43
08-06 04:58:41.796 11539 11539 D CompassActivity: will set rotation from 179.43 to 179.43121
08-06 04:58:41.814 11539 11539 D CompassActivity: will set rotation from 179.43121 to 179.39209
08-06 04:58:41.815 11539 11539 D CompassActivity: will set rotation from 179.39209 to 179.39331
08-06 04:58:41.832 11539 11539 D CompassActivity: will set rotation from 179.39331 to 179.40875
08-06 04:58:41.833 11539 11539 D CompassActivity: will set rotation from 179.40875 to 179.4076
08-06 04:58:41.852 11539 11539 D CompassActivity: will set rotation from 179.4076 to 179.38727
08-06 04:58:41.853 11539 11539 D CompassActivity: will set rotation from 179.38727 to 179.38696
08-06 04:58:41.872 11539 11539 D CompassActivity: will set rotation from 179.38696 to 179.38702
08-06 04:58:41.872 11539 11539 D CompassActivity: will set rotation from 179.38702 to 179.38672
08-06 04:58:41.898 11539 11539 D CompassActivity: will set rotation from 179.38672 to 179.40137
08-06 04:58:41.898 11539 11539 D CompassActivity: will set rotation from 179.40137 to 179.39886
08-06 04:58:41.913 11539 11539 D CompassActivity: will set rotation from 179.39886 to 179.43304
08-06 04:58:41.913 11539 11539 D CompassActivity: will set rotation from 179.43304 to 179.4347
08-06 04:58:41.932 11539 11539 D CompassActivity: will set rotation from 179.4347 to 179.46484
08-06 04:58:41.932 11539 11539 D CompassActivity: will set rotation from 179.46484 to 179.46521
08-06 04:58:41.951 11539 11539 D CompassActivity: will set rotation from 179.46521 to 179.4784
08-06 04:58:41.951 11539 11539 D CompassActivity: will set rotation from 179.4784 to 179.47852
08-06 04:58:41.971 11539 11539 D CompassActivity: will set rotation from 179.47852 to 179.43872
08-06 04:58:41.972 11539 11539 D CompassActivity: will set rotation from 179.43872 to 179.43665
08-06 04:58:41.992 11539 11539 D CompassActivity: will set rotation from 179.43665 to 179.46722
08-06 04:58:41.993 11539 11539 D CompassActivity: will set rotation from 179.46722 to 179.46558
08-06 04:58:42.013 11539 11539 D CompassActivity: will set rotation from 179.46558 to 179.49341
08-06 04:58:42.013 11539 11539 D CompassActivity: will set rotation from 179.49341 to 179.49152
08-06 04:58:42.032 11539 11539 D CompassActivity: will set rotation from 179.49152 to 179.50348
08-06 04:58:42.032 11539 11539 D CompassActivity: will set rotation from 179.50348 to 179.50452
08-06 04:58:42.051 11539 11539 D CompassActivity: will set rotation from 179.50452 to 179.51782
08-06 04:58:42.052 11539 11539 D CompassActivity: will set rotation from 179.51782 to 179.51843
08-06 04:58:42.071 11539 11539 D CompassActivity: will set rotation from 179.51843 to 179.56305
08-06 04:58:42.072 11539 11539 D CompassActivity: will set rotation from 179.56305 to 179.56262
08-06 04:58:42.094 11539 11539 D CompassActivity: will set rotation from 179.56262 to 179.55127
08-06 04:58:42.094 11539 11539 D CompassActivity: will set rotation from 179.55127 to 179.55103
08-06 04:58:42.112 11539 11539 D CompassActivity: will set rotation from 179.55103 to 179.54413
08-06 04:58:42.113 11539 11539 D CompassActivity: will set rotation from 179.54413 to 179.54504
08-06 04:58:42.118 11539 11551 I art     : Starting a blocking GC Explicit
08-06 04:58:42.132 11539 11539 D CompassActivity: will set rotation from 179.54504 to 179.55408
08-06 04:58:42.132 11539 11539 D CompassActivity: will set rotation from 179.55408 to 179.55365
08-06 04:58:42.152 11539 11539 D CompassActivity: will set rotation from 179.55365 to 179.54712
08-06 04:58:42.152 11539 11539 D CompassActivity: will set rotation from 179.54712 to 179.54724
08-06 04:58:42.168 11539 11551 I art     : Explicit concurrent mark sweep GC freed 2044(121KB) AllocSpace objects, 2(36KB) LOS objects, 7% free, 187MB/203MB, paused 998us total 49.248ms
08-06 04:58:42.174 11539 11539 D CompassActivity: will set rotation from 179.54724 to 179.54285
08-06 04:58:42.175 11539 11539 D CompassActivity: will set rotation from 179.54285 to 179.54382
08-06 04:58:42.188 11539 11551 I art     : Starting a blocking GC Explicit
08-06 04:58:42.197 11539 11539 D CompassActivity: will set rotation from 179.54382 to 179.51855
08-06 04:58:42.198 11539 11539 D CompassActivity: will set rotation from 179.51855 to 179.51764
08-06 04:58:42.212 11539 11539 D CompassActivity: will set rotation from 179.51764 to 179.52771
08-06 04:58:42.212 11539 11539 D CompassActivity: will set rotation from 179.52771 to 179.5268
08-06 04:58:42.231 11539 11539 D CompassActivity: will set rotation from 179.5268 to 179.53662
08-06 04:58:42.231 11539 11551 I art     : Explicit concurrent mark sweep GC freed 811(31KB) AllocSpace objects, 0(0B) LOS objects, 7% free, 187MB/203MB, paused 973us total 43.156ms
08-06 04:58:42.231 11539 11539 D CompassActivity: will set rotation from 179.53662 to 179.53644
08-06 04:58:42.249 11539 11551 I art     : Starting a blocking GC Explicit
08-06 04:58:42.251 11539 11539 D CompassActivity: will set rotation from 179.53644 to 179.51477
08-06 04:58:42.251 11539 11539 D CompassActivity: will set rotation from 179.51477 to 179.51422
08-06 04:58:42.271 11539 11539 D CompassActivity: will set rotation from 179.51422 to 179.54028
08-06 04:58:42.271 11539 11539 D CompassActivity: will set rotation from 179.54028 to 179.53943
08-06 04:58:42.293 11539 11551 I art     : Explicit concurrent mark sweep GC freed 132(6KB) AllocSpace objects, 0(0B) LOS objects, 7% free, 187MB/203MB, paused 1.112ms total 43.514ms
08-06 04:58:42.293 11539 11539 D CompassActivity: will set rotation from 179.53943 to 179.5492
08-06 04:58:42.295 11539 11539 D CompassActivity: will set rotation from 179.5492 to 179.54779
08-06 04:58:42.311 11539 11551 I art     : Starting a blocking GC Explicit
08-06 04:58:42.313 11539 11539 D CompassActivity: will set rotation from 179.54779 to 179.54193
08-06 04:58:42.314 11539 11539 D CompassActivity: will set rotation from 179.54193 to 179.54053
08-06 04:58:42.334 11539 11539 D CompassActivity: will set rotation from 179.54053 to 179.55023
08-06 04:58:42.335 11539 11539 D CompassActivity: will set rotation from 179.55023 to 179.5492
08-06 04:58:42.350 11539 11539 D CompassActivity: will set rotation from 179.5492 to 179.57397
08-06 04:58:42.351 11539 11539 D CompassActivity: will set rotation from 179.57397 to 179.5741
08-06 04:58:42.357 11539 11551 I art     : Explicit concurrent mark sweep GC freed 146(7KB) AllocSpace objects, 0(0B) LOS objects, 7% free, 187MB/203MB, paused 1.085ms total 45.770ms
08-06 04:58:42.370 11539 11539 D CompassActivity: will set rotation from 179.5741 to 179.58264
08-06 04:58:42.371 11539 11539 D CompassActivity: will set rotation from 179.58264 to 179.58112
08-06 04:58:42.374 11539 11551 I art     : Starting a blocking GC Explicit
08-06 04:58:42.390 11539 11539 D CompassActivity: will set rotation from 179.58112 to 179.59076
08-06 04:58:42.391 11539 11539 D CompassActivity: will set rotation from 179.59076 to 179.59155
08-06 04:58:42.412 11539 11539 D CompassActivity: will set rotation from 179.59155 to 179.56683
08-06 04:58:42.412 11539 11539 D CompassActivity: will set rotation from 179.56683 to 179.56628
08-06 04:58:42.417 11539 11551 I art     : Explicit concurrent mark sweep GC freed 164(7KB) AllocSpace objects, 0(0B) LOS objects, 7% free, 187MB/203MB, paused 960us total 42.102ms
08-06 04:58:42.430 11539 11539 D CompassActivity: will set rotation from 179.56628 to 179.5404
08-06 04:58:42.430 11539 11539 D CompassActivity: will set rotation from 179.5404 to 179.54083
08-06 04:58:42.449 11539 11539 D CompassActivity: will set rotation from 179.54083 to 179.54956
08-06 04:58:42.449 11539 11539 D CompassActivity: will set rotation from 179.54956 to 179.55054
08-06 04:58:42.469 11539 11539 D CompassActivity: will set rotation from 179.55054 to 179.54462
08-06 04:58:42.469 11539 11539 D CompassActivity: will set rotation from 179.54462 to 179.54468
08-06 04:58:42.489 11539 11539 D CompassActivity: will set rotation from 179.54468 to 179.58484
08-06 04:58:42.489 11539 11539 D CompassActivity: will set rotation from 179.58484 to 179.58386
08-06 04:58:42.512 11539 11539 D CompassActivity: will set rotation from 179.58386 to 179.57324
08-06 04:58:42.512 11539 11539 D CompassActivity: will set rotation from 179.57324 to 179.57361
08-06 04:58:42.529 11539 11539 D CompassActivity: will set rotation from 179.57361 to 179.57892
08-06 04:58:42.529 11539 11539 D CompassActivity: will set rotation from 179.57892 to 179.58044
08-06 04:58:42.549 11539 11539 D CompassActivity: will set rotation from 179.58044 to 179.55872
08-06 04:58:42.549 11539 11539 D CompassActivity: will set rotation from 179.55872 to 179.55786
08-06 04:58:42.569 11539 11539 D CompassActivity: will set rotation from 179.55786 to 179.54932
08-06 04:58:42.569 11539 11539 D CompassActivity: will set rotation from 179.54932 to 179.54907
08-06 04:58:42.589 11539 11539 D CompassActivity: will set rotation from 179.54907 to 179.5257
08-06 04:58:42.589 11539 11539 D CompassActivity: will set rotation from 179.5257 to 179.52637
08-06 04:58:42.611 11539 11539 D CompassActivity: will set rotation from 179.52637 to 179.52063
08-06 04:58:42.613 11539 11539 D CompassActivity: will set rotation from 179.52063 to 179.52087
08-06 04:58:42.629 11539 11539 D CompassActivity: will set rotation from 179.52087 to 179.5144
08-06 04:58:42.629 11539 11539 D CompassActivity: will set rotation from 179.5144 to 179.51416
08-06 04:58:42.648 11539 11539 D CompassActivity: will set rotation from 179.51416 to 179.5373
08-06 04:58:42.648 11539 11539 D CompassActivity: will set rotation from 179.5373 to 179.53772
08-06 04:58:42.669 11539 11539 D CompassActivity: will set rotation from 179.53772 to 179.50024
08-06 04:58:42.669 11539 11539 D CompassActivity: will set rotation from 179.50024 to 179.50024
08-06 04:58:42.688 11539 11539 D CompassActivity: will set rotation from 179.50024 to 179.49548
08-06 04:58:42.688 11539 11539 D CompassActivity: will set rotation from 179.49548 to 179.49487
08-06 04:58:42.710 11539 11539 D CompassActivity: will set rotation from 179.49487 to 179.48859
08-06 04:58:42.710 11539 11539 D CompassActivity: will set rotation from 179.48859 to 179.48895
08-06 04:58:42.729 11539 11539 D CompassActivity: will set rotation from 179.48895 to 179.49854
08-06 04:58:42.729 11539 11539 D CompassActivity: will set rotation from 179.49854 to 179.4975
08-06 04:58:42.747 11539 11539 D CompassActivity: will set rotation from 179.4975 to 179.47473
08-06 04:58:42.748 11539 11539 D CompassActivity: will set rotation from 179.47473 to 179.47278
08-06 04:58:42.769 11539 11539 D CompassActivity: will set rotation from 179.47278 to 179.4972
08-06 04:58:42.769 11539 11539 D CompassActivity: will set rotation from 179.4972 to 179.49634
08-06 04:58:42.788 11539 11539 D CompassActivity: will set rotation from 179.49634 to 179.4928
08-06 04:58:42.789 11539 11539 D CompassActivity: will set rotation from 179.4928 to 179.49329
08-06 04:58:42.795 11539 11551 I art     : Starting a blocking GC Explicit
08-06 04:58:42.811 11539 11539 D CompassActivity: will set rotation from 179.49329 to 179.47198
08-06 04:58:42.812 11539 11539 D CompassActivity: will set rotation from 179.47198 to 179.47266
08-06 04:58:42.831 11539 11539 D CompassActivity: will set rotation from 179.47266 to 179.4845
08-06 04:58:42.831 11539 11539 D CompassActivity: will set rotation from 179.4845 to 179.48529
08-06 04:58:42.848 11539 11539 D CompassActivity: will set rotation from 179.48529 to 179.4787
08-06 04:58:42.849 11539 11539 D CompassActivity: will set rotation from 179.4787 to 179.47888
08-06 04:58:42.869 11539 11539 D CompassActivity: will set rotation from 179.47888 to 179.4743
08-06 04:58:42.870 11539 11539 D CompassActivity: will set rotation from 179.4743 to 179.47449
08-06 04:58:42.872 11539 11551 I art     : Explicit concurrent mark sweep GC freed 2018(119KB) AllocSpace objects, 2(36KB) LOS objects, 7% free, 187MB/203MB, paused 1.806ms total 76.546ms
08-06 04:58:42.887 11539 11539 D CompassActivity: will set rotation from 179.47449 to 179.45532
08-06 04:58:42.888 11539 11539 D CompassActivity: will set rotation from 179.45532 to 179.45538
08-06 04:58:42.888 13094 13094 D AndroidRuntime: >>>>>> START com.android.internal.os.RuntimeInit uid 2000 <<<<<<
08-06 04:58:42.893 11539 11551 I art     : Starting a blocking GC Explicit
08-06 04:58:42.896 13094 13094 D AndroidRuntime: CheckJNI is OFF
08-06 04:58:42.908 11539 11539 D CompassActivity: will set rotation from 179.45538 to 179.4657
08-06 04:58:42.909 11539 11539 D CompassActivity: will set rotation from 179.4657 to 179.4657
08-06 04:58:42.928 11539 11539 D CompassActivity: will set rotation from 179.4657 to 179.43
08-06 04:58:42.928 11539 11539 D CompassActivity: will set rotation from 179.43 to 179.43103
08-06 04:58:42.936 11539 11551 I art     : Explicit concurrent mark sweep GC freed 735(29KB) AllocSpace objects, 0(0B) LOS objects, 7% free, 187MB/203MB, paused 1.196ms total 42.700ms
08-06 04:58:42.938 13094 13094 D ICU     : No timezone override file found: /data/misc/zoneinfo/current/icu/icu_tzdata.dat
08-06 04:58:42.947 11539 11539 D CompassActivity: will set rotation from 179.43103 to 179.42627
08-06 04:58:42.947 11539 11539 D CompassActivity: will set rotation from 179.42627 to 179.42432
08-06 04:58:42.954 11539 11551 I art     : Starting a blocking GC Explicit
08-06 04:58:42.968 11539 11539 D CompassActivity: will set rotation from 179.42432 to 179.39154
08-06 04:58:42.968 11539 11539 D CompassActivity: will set rotation from 179.39154 to 179.39008
08-06 04:58:42.981 13094 13094 I Radio-JNI: register_android_hardware_Radio DONE
08-06 04:58:42.987 11539 11539 D CompassActivity: will set rotation from 179.39008 to 179.3722
08-06 04:58:42.988 11539 11539 D CompassActivity: will set rotation from 179.3722 to 179.37268
08-06 04:58:42.997 11539 11551 I art     : Explicit concurrent mark sweep GC freed 161(7KB) AllocSpace objects, 0(0B) LOS objects, 7% free, 187MB/203MB, paused 1.087ms total 43.135ms
08-06 04:58:43.007 11539 11539 D CompassActivity: will set rotation from 179.37268 to 179.38635
08-06 04:58:43.008 11539 11539 D CompassActivity: will set rotation from 179.38635 to 179.3858
08-06 04:58:43.011 13094 13094 D AndroidRuntime: Calling main entry com.android.commands.input.Input
08-06 04:58:43.014 13094 13094 I Input   : injectKeyEvent: KeyEvent { action=ACTION_DOWN, keyCode=KEYCODE_BACK, scanCode=0, metaState=0, flags=0x0, repeatCount=0, eventTime=853139426, downTime=853139426, deviceId=-1, source=0x101 }
08-06 04:58:43.014 11539 11551 I art     : Starting a blocking GC Explicit
08-06 04:58:43.022 13094 13094 I Input   : injectKeyEvent: KeyEvent { action=ACTION_UP, keyCode=KEYCODE_BACK, scanCode=0, metaState=0, flags=0x0, repeatCount=0, eventTime=853139426, downTime=853139426, deviceId=-1, source=0x101 }
08-06 04:58:43.029 11539 11539 D CompassActivity: will set rotation from 179.3858 to 179.41113
08-06 04:58:43.029 13094 13094 D AndroidRuntime: Shutting down VM
08-06 04:58:43.029 11539 11539 D CompassActivity: will set rotation from 179.41113 to 179.41235
08-06 04:58:43.031   918  4413 I sensors : activate
08-06 04:58:43.032   918  6110 I sensors : activate
08-06 04:58:43.038   918  3188 I hubconnection: sensorhub said: 'activate 1 enable:0'
08-06 04:58:43.039   918  3188 I hubconnection: sensorhub said: 'activate 3 enable:0'
08-06 04:58:43.058 11539 11551 I art     : Explicit concurrent mark sweep GC freed 227(9KB) AllocSpace objects, 0(0B) LOS objects, 7% free, 187MB/203MB, paused 1.105ms total 43.382ms
08-06 04:58:43.059 11539 11539 V MainActivity: url = https://project-travel-mate.herokuapp.com/api/number-of-unread-notifications
08-06 04:58:43.077 11539 11551 I art     : Starting a blocking GC Explicit
08-06 04:58:43.123 11539 11551 I art     : Explicit concurrent mark sweep GC freed 302(12KB) AllocSpace objects, 0(0B) LOS objects, 7% free, 187MB/203MB, paused 1.179ms total 45.356ms
08-06 04:58:43.177 13866 13866 I GoogleInputMethodServic: GoogleInputMethodService.onFinishInput():3138 
08-06 04:58:43.180 13866 13866 I GoogleInputMethodServic: GoogleInputMethodService.onStartInput():1808 
08-06 04:58:43.442 11539 11539 D CompassActivity: stop compass
08-06 04:58:43.443   380   380 W SurfaceFlinger: couldn't log to binary event log: overflow.
08-06 04:58:43.485 11539 11557 I art     : Starting a blocking GC Explicit
08-06 04:58:43.529 11539 11557 I art     : Explicit concurrent mark sweep GC freed 1797(103KB) AllocSpace objects, 2(36KB) LOS objects, 7% free, 187MB/203MB, paused 1.104ms total 43.695ms
08-06 04:58:43.546 11539 11557 I art     : Starting a blocking GC Explicit
08-06 04:58:43.608 11539 11557 I art     : Explicit concurrent mark sweep GC freed 3860(214KB) AllocSpace objects, 6(52MB) LOS objects, 10% free, 135MB/151MB, paused 1.330ms total 61.190ms
08-06 04:58:43.614 11539 13117 I NAPPA_EXPERIMENTATION: MetricNetworkRequestExecutionTime: REQUEST_DURATION_SYSTEM='554',REQUEST_DURATION_OKHTTP='36',REQUEST_SYNCHRONOUS='FALSE',RESPONSE_CODE='200',RESPONSE_METHOD='GET',RESPONSE_LENGTH_OKHTTP='36',RESPONSE_LENGTH_HEADER='36',REQUEST_PROTOCOL='http/1.1',REQUEST_URL='https://project-travel-mate.herokuapp.com/api/number-of-unread-notifications',
08-06 04:58:43.625 11539 11557 I art     : Starting a blocking GC Explicit
08-06 04:58:43.671 11539 11557 I art     : Explicit concurrent mark sweep GC freed 1141(129KB) AllocSpace objects, 0(0B) LOS objects, 10% free, 135MB/151MB, paused 1.092ms total 45.669ms
08-06 04:58:43.688 11539 11557 I art     : Starting a blocking GC Explicit
08-06 04:58:43.734 11539 11557 I art     : Explicit concurrent mark sweep GC freed 98(4KB) AllocSpace objects, 0(0B) LOS objects, 10% free, 135MB/151MB, paused 1.097ms total 44.900ms
08-06 04:58:43.751 11539 11557 I art     : Starting a blocking GC Explicit
08-06 04:58:43.797 11539 11557 I art     : Explicit concurrent mark sweep GC freed 3(96B) AllocSpace objects, 0(0B) LOS objects, 10% free, 135MB/151MB, paused 1.063ms total 45.183ms
08-06 04:58:44.196 11539 11551 I art     : Starting a blocking GC Explicit
08-06 04:58:44.253 11539 11551 I art     : Explicit concurrent mark sweep GC freed 1583(92KB) AllocSpace objects, 2(36KB) LOS objects, 10% free, 135MB/151MB, paused 1.155ms total 56.067ms
08-06 04:58:44.276 11539 11551 I art     : Starting a blocking GC Explicit
08-06 04:58:44.319 11539 11551 I art     : Explicit concurrent mark sweep GC freed 28(1024B) AllocSpace objects, 0(0B) LOS objects, 10% free, 135MB/151MB, paused 1.146ms total 42.759ms
08-06 04:58:44.336 11539 11551 I art     : Starting a blocking GC Explicit
08-06 04:58:44.379 11539 11551 I art     : Explicit concurrent mark sweep GC freed 3(96B) AllocSpace objects, 0(0B) LOS objects, 10% free, 135MB/151MB, paused 1.088ms total 42.924ms
08-06 04:58:44.396 11539 11551 I art     : Starting a blocking GC Explicit
08-06 04:58:44.439 11539 11551 I art     : Explicit concurrent mark sweep GC freed 3(96B) AllocSpace objects, 0(0B) LOS objects, 10% free, 135MB/151MB, paused 1.135ms total 43.290ms
08-06 04:58:44.457 11539 11551 I art     : Starting a blocking GC Explicit
08-06 04:58:44.501 11539 11551 I art     : Explicit concurrent mark sweep GC freed 3(96B) AllocSpace objects, 0(0B) LOS objects, 10% free, 135MB/151MB, paused 1.116ms total 43.677ms
08-06 04:58:44.801 13139 13139 D AndroidRuntime: >>>>>> START com.android.internal.os.RuntimeInit uid 2000 <<<<<<
08-06 04:58:44.807 13139 13139 D AndroidRuntime: CheckJNI is OFF
08-06 04:58:44.849 13139 13139 D ICU     : No timezone override file found: /data/misc/zoneinfo/current/icu/icu_tzdata.dat
08-06 04:58:44.891 11539 11557 I art     : Starting a blocking GC Explicit
08-06 04:58:44.895 13139 13139 I Radio-JNI: register_android_hardware_Radio DONE
08-06 04:58:44.926 13139 13139 D AndroidRuntime: Calling main entry com.android.commands.input.Input
08-06 04:58:44.931 13139 13139 I Input   : injectMotionEvent: MotionEvent { action=ACTION_DOWN, actionButton=0, id[0]=0, x[0]=500.0, y[0]=2000.0, toolType[0]=TOOL_TYPE_UNKNOWN, buttonState=0, metaState=0, flags=0x0, edgeFlags=0x0, pointerCount=1, historySize=0, eventTime=853141342, downTime=853141342, deviceId=0, source=0x1002 }
08-06 04:58:44.938 13139 13139 I Input   : injectMotionEvent: MotionEvent { action=ACTION_MOVE, actionButton=0, id[0]=0, x[0]=500.0, y[0]=2000.0, toolType[0]=TOOL_TYPE_UNKNOWN, buttonState=0, metaState=0, flags=0x0, edgeFlags=0x0, pointerCount=1, historySize=0, eventTime=853141342, downTime=853141342, deviceId=0, source=0x1002 }
08-06 04:58:44.941 11539 11557 I art     : Explicit concurrent mark sweep GC freed 1647(94KB) AllocSpace objects, 2(36KB) LOS objects, 10% free, 135MB/151MB, paused 1.191ms total 49.646ms
08-06 04:58:44.947 13139 13139 I Input   : injectMotionEvent: MotionEvent { action=ACTION_MOVE, actionButton=0, id[0]=0, x[0]=500.0, y[0]=1965.8, toolType[0]=TOOL_TYPE_UNKNOWN, buttonState=0, metaState=0, flags=0x0, edgeFlags=0x0, pointerCount=1, historySize=0, eventTime=853141360, downTime=853141360, deviceId=0, source=0x1002 }
08-06 04:58:44.960 11539 11557 I art     : Starting a blocking GC Explicit
08-06 04:58:44.963 13139 13139 I Input   : injectMotionEvent: MotionEvent { action=ACTION_MOVE, actionButton=0, id[0]=0, x[0]=500.0, y[0]=1935.4, toolType[0]=TOOL_TYPE_UNKNOWN, buttonState=0, metaState=0, flags=0x0, edgeFlags=0x0, pointerCount=1, historySize=0, eventTime=853141376, downTime=853141376, deviceId=0, source=0x1002 }
08-06 04:58:44.987 13139 13139 I Input   : injectMotionEvent: MotionEvent { action=ACTION_MOVE, actionButton=0, id[0]=0, x[0]=500.0, y[0]=1889.8, toolType[0]=TOOL_TYPE_UNKNOWN, buttonState=0, metaState=0, flags=0x0, edgeFlags=0x0, pointerCount=1, historySize=0, eventTime=853141400, downTime=853141400, deviceId=0, source=0x1002 }
08-06 04:58:44.995 13139 13139 I Input   : injectMotionEvent: MotionEvent { action=ACTION_MOVE, actionButton=0, id[0]=0, x[0]=500.0, y[0]=1874.6, toolType[0]=TOOL_TYPE_UNKNOWN, buttonState=0, metaState=0, flags=0x0, edgeFlags=0x0, pointerCount=1, historySize=0, eventTime=853141408, downTime=853141408, deviceId=0, source=0x1002 }
08-06 04:58:45.004 11539 11557 I art     : Explicit concurrent mark sweep GC freed 80(3KB) AllocSpace objects, 0(0B) LOS objects, 10% free, 135MB/151MB, paused 1.523ms total 44.299ms
08-06 04:58:45.012 13139 13139 I Input   : injectMotionEvent: MotionEvent { action=ACTION_MOVE, actionButton=0, id[0]=0, x[0]=500.0, y[0]=1842.3, toolType[0]=TOOL_TYPE_UNKNOWN, buttonState=0, metaState=0, flags=0x0, edgeFlags=0x0, pointerCount=1, historySize=0, eventTime=853141425, downTime=853141425, deviceId=0, source=0x1002 }
08-06 04:58:45.023 11539 11557 I art     : Starting a blocking GC Explicit
08-06 04:58:45.028 13139 13139 I Input   : injectMotionEvent: MotionEvent { action=ACTION_MOVE, actionButton=0, id[0]=0, x[0]=500.0, y[0]=1811.9, toolType[0]=TOOL_TYPE_UNKNOWN, buttonState=0, metaState=0, flags=0x0, edgeFlags=0x0, pointerCount=1, historySize=0, eventTime=853141441, downTime=853141441, deviceId=0, source=0x1002 }
08-06 04:58:45.044 13139 13139 I Input   : injectMotionEvent: MotionEvent { action=ACTION_MOVE, actionButton=0, id[0]=0, x[0]=500.0, y[0]=1779.6, toolType[0]=TOOL_TYPE_UNKNOWN, buttonState=0, metaState=0, flags=0x0, edgeFlags=0x0, pointerCount=1, historySize=0, eventTime=853141458, downTime=853141458, deviceId=0, source=0x1002 }
08-06 04:58:45.061 13139 13139 I Input   : injectMotionEvent: MotionEvent { action=ACTION_MOVE, actionButton=0, id[0]=0, x[0]=500.0, y[0]=1747.3, toolType[0]=TOOL_TYPE_UNKNOWN, buttonState=0, metaState=0, flags=0x0, edgeFlags=0x0, pointerCount=1, historySize=0, eventTime=853141475, downTime=853141475, deviceId=0, source=0x1002 }
08-06 04:58:45.067 11539 11557 I art     : Explicit concurrent mark sweep GC freed 41(1696B) AllocSpace objects, 0(0B) LOS objects, 10% free, 135MB/151MB, paused 1.316ms total 44.333ms
08-06 04:58:45.079 13139 13139 I Input   : injectMotionEvent: MotionEvent { action=ACTION_MOVE, actionButton=0, id[0]=0, x[0]=500.0, y[0]=1715.0, toolType[0]=TOOL_TYPE_UNKNOWN, buttonState=0, metaState=0, flags=0x0, edgeFlags=0x0, pointerCount=1, historySize=0, eventTime=853141492, downTime=853141492, deviceId=0, source=0x1002 }
08-06 04:58:45.085 11539 11557 I art     : Starting a blocking GC Explicit
08-06 04:58:45.095 13139 13139 I Input   : injectMotionEvent: MotionEvent { action=ACTION_MOVE, actionButton=0, id[0]=0, x[0]=500.0, y[0]=1684.6, toolType[0]=TOOL_TYPE_UNKNOWN, buttonState=0, metaState=0, flags=0x0, edgeFlags=0x0, pointerCount=1, historySize=0, eventTime=853141508, downTime=853141508, deviceId=0, source=0x1002 }
08-06 04:58:45.111 13139 13139 I Input   : injectMotionEvent: MotionEvent { action=ACTION_MOVE, actionButton=0, id[0]=0, x[0]=500.0, y[0]=1652.3, toolType[0]=TOOL_TYPE_UNKNOWN, buttonState=0, metaState=0, flags=0x0, edgeFlags=0x0, pointerCount=1, historySize=0, eventTime=853141525, downTime=853141525, deviceId=0, source=0x1002 }
08-06 04:58:45.129 13139 13139 I Input   : injectMotionEvent: MotionEvent { action=ACTION_MOVE, actionButton=0, id[0]=0, x[0]=500.0, y[0]=1621.9, toolType[0]=TOOL_TYPE_UNKNOWN, buttonState=0, metaState=0, flags=0x0, edgeFlags=0x0, pointerCount=1, historySize=0, eventTime=853141541, downTime=853141541, deviceId=0, source=0x1002 }
08-06 04:58:45.130 11539 11557 I art     : Explicit concurrent mark sweep GC freed 20(864B) AllocSpace objects, 0(0B) LOS objects, 10% free, 135MB/151MB, paused 1.197ms total 44.709ms
08-06 04:58:45.145 13139 13139 I Input   : injectMotionEvent: MotionEvent { action=ACTION_MOVE, actionButton=0, id[0]=0, x[0]=500.0, y[0]=1589.6, toolType[0]=TOOL_TYPE_UNKNOWN, buttonState=0, metaState=0, flags=0x0, edgeFlags=0x0, pointerCount=1, historySize=0, eventTime=853141558, downTime=853141558, deviceId=0, source=0x1002 }
08-06 04:58:45.149 11539 11557 I art     : Starting a blocking GC Explicit
08-06 04:58:45.161 13139 13139 I Input   : injectMotionEvent: MotionEvent { action=ACTION_MOVE, actionButton=0, id[0]=0, x[0]=500.0, y[0]=1557.3, toolType[0]=TOOL_TYPE_UNKNOWN, buttonState=0, metaState=0, flags=0x0, edgeFlags=0x0, pointerCount=1, historySize=0, eventTime=853141575, downTime=853141575, deviceId=0, source=0x1002 }
08-06 04:58:45.178 13139 13139 I Input   : injectMotionEvent: MotionEvent { action=ACTION_MOVE, actionButton=0, id[0]=0, x[0]=500.0, y[0]=1526.9, toolType[0]=TOOL_TYPE_UNKNOWN, buttonState=0, metaState=0, flags=0x0, edgeFlags=0x0, pointerCount=1, historySize=0, eventTime=853141591, downTime=853141591, deviceId=0, source=0x1002 }
08-06 04:58:45.193 11539 11557 I art     : Explicit concurrent mark sweep GC freed 3(96B) AllocSpace objects, 0(0B) LOS objects, 10% free, 135MB/151MB, paused 1.061ms total 44.382ms
08-06 04:58:45.195 13139 13139 I Input   : injectMotionEvent: MotionEvent { action=ACTION_MOVE, actionButton=0, id[0]=0, x[0]=500.0, y[0]=1494.6, toolType[0]=TOOL_TYPE_UNKNOWN, buttonState=0, metaState=0, flags=0x0, edgeFlags=0x0, pointerCount=1, historySize=0, eventTime=853141608, downTime=853141608, deviceId=0, source=0x1002 }
08-06 04:58:45.211 13139 13139 I Input   : injectMotionEvent: MotionEvent { action=ACTION_MOVE, actionButton=0, id[0]=0, x[0]=500.0, y[0]=1462.3, toolType[0]=TOOL_TYPE_UNKNOWN, buttonState=0, metaState=0, flags=0x0, edgeFlags=0x0, pointerCount=1, historySize=0, eventTime=853141625, downTime=853141625, deviceId=0, source=0x1002 }
08-06 04:58:45.228 13139 13139 I Input   : injectMotionEvent: MotionEvent { action=ACTION_MOVE, actionButton=0, id[0]=0, x[0]=500.0, y[0]=1431.9, toolType[0]=TOOL_TYPE_UNKNOWN, buttonState=0, metaState=0, flags=0x0, edgeFlags=0x0, pointerCount=1, historySize=0, eventTime=853141641, downTime=853141641, deviceId=0, source=0x1002 }
08-06 04:58:45.247 13139 13139 I Input   : injectMotionEvent: MotionEvent { action=ACTION_MOVE, actionButton=0, id[0]=0, x[0]=500.0, y[0]=1395.8, toolType[0]=TOOL_TYPE_UNKNOWN, buttonState=0, metaState=0, flags=0x0, edgeFlags=0x0, pointerCount=1, historySize=0, eventTime=853141660, downTime=853141660, deviceId=0, source=0x1002 }
08-06 04:58:45.262 13139 13139 I Input   : injectMotionEvent: MotionEvent { action=ACTION_MOVE, actionButton=0, id[0]=0, x[0]=500.0, y[0]=1367.3, toolType[0]=TOOL_TYPE_UNKNOWN, buttonState=0, metaState=0, flags=0x0, edgeFlags=0x0, pointerCount=1, historySize=0, eventTime=853141675, downTime=853141675, deviceId=0, source=0x1002 }
08-06 04:58:45.281 13139 13139 I Input   : injectMotionEvent: MotionEvent { action=ACTION_MOVE, actionButton=0, id[0]=0, x[0]=500.0, y[0]=1331.2, toolType[0]=TOOL_TYPE_UNKNOWN, buttonState=0, metaState=0, flags=0x0, edgeFlags=0x0, pointerCount=1, historySize=0, eventTime=853141694, downTime=853141694, deviceId=0, source=0x1002 }
08-06 04:58:45.297 13139 13139 I Input   : injectMotionEvent: MotionEvent { action=ACTION_MOVE, actionButton=0, id[0]=0, x[0]=500.0, y[0]=1300.8, toolType[0]=TOOL_TYPE_UNKNOWN, buttonState=0, metaState=0, flags=0x0, edgeFlags=0x0, pointerCount=1, historySize=0, eventTime=853141710, downTime=853141710, deviceId=0, source=0x1002 }
08-06 04:58:45.313 13139 13139 I Input   : injectMotionEvent: MotionEvent { action=ACTION_MOVE, actionButton=0, id[0]=0, x[0]=500.0, y[0]=1270.3999, toolType[0]=TOOL_TYPE_UNKNOWN, buttonState=0, metaState=0, flags=0x0, edgeFlags=0x0, pointerCount=1, historySize=0, eventTime=853141726, downTime=853141726, deviceId=0, source=0x1002 }
08-06 04:58:45.331 13139 13139 I Input   : injectMotionEvent: MotionEvent { action=ACTION_MOVE, actionButton=0, id[0]=0, x[0]=500.0, y[0]=1236.2, toolType[0]=TOOL_TYPE_UNKNOWN, buttonState=0, metaState=0, flags=0x0, edgeFlags=0x0, pointerCount=1, historySize=0, eventTime=853141744, downTime=853141744, deviceId=0, source=0x1002 }
08-06 04:58:45.351 13139 13139 I Input   : injectMotionEvent: MotionEvent { action=ACTION_MOVE, actionButton=0, id[0]=0, x[0]=500.0, y[0]=1198.2, toolType[0]=TOOL_TYPE_UNKNOWN, buttonState=0, metaState=0, flags=0x0, edgeFlags=0x0, pointerCount=1, historySize=0, eventTime=853141764, downTime=853141764, deviceId=0, source=0x1002 }
08-06 04:58:45.419 13139 13139 I Input   : injectMotionEvent: MotionEvent { action=ACTION_MOVE, actionButton=0, id[0]=0, x[0]=500.0, y[0]=1069.0, toolType[0]=TOOL_TYPE_UNKNOWN, buttonState=0, metaState=0, flags=0x0, edgeFlags=0x0, pointerCount=1, historySize=0, eventTime=853141832, downTime=853141832, deviceId=0, source=0x1002 }
08-06 04:58:45.480 13139 13139 I Input   : injectMotionEvent: MotionEvent { action=ACTION_MOVE, actionButton=0, id[0]=0, x[0]=500.0, y[0]=951.2001, toolType[0]=TOOL_TYPE_UNKNOWN, buttonState=0, metaState=0, flags=0x0, edgeFlags=0x0, pointerCount=1, historySize=0, eventTime=853141894, downTime=853141894, deviceId=0, source=0x1002 }
08-06 04:58:45.544 13139 13139 I Input   : injectMotionEvent: MotionEvent { action=ACTION_MOVE, actionButton=0, id[0]=0, x[0]=500.0, y[0]=831.5, toolType[0]=TOOL_TYPE_UNKNOWN, buttonState=0, metaState=0, flags=0x0, edgeFlags=0x0, pointerCount=1, historySize=0, eventTime=853141957, downTime=853141957, deviceId=0, source=0x1002 }
08-06 04:58:45.579 11539 11551 I art     : Starting a blocking GC Explicit
08-06 04:58:45.606 13139 13139 I Input   : injectMotionEvent: MotionEvent { action=ACTION_MOVE, actionButton=0, id[0]=0, x[0]=500.0, y[0]=713.7001, toolType[0]=TOOL_TYPE_UNKNOWN, buttonState=0, metaState=0, flags=0x0, edgeFlags=0x0, pointerCount=1, historySize=0, eventTime=853142019, downTime=853142019, deviceId=0, source=0x1002 }
08-06 04:58:45.620 11539 11551 I art     : Explicit concurrent mark sweep GC freed 1589(92KB) AllocSpace objects, 2(36KB) LOS objects, 10% free, 135MB/151MB, paused 1.087ms total 40.224ms
08-06 04:58:45.636 11539 11551 I art     : Starting a blocking GC Explicit
08-06 04:58:45.667 13139 13139 I Input   : injectMotionEvent: MotionEvent { action=ACTION_MOVE, actionButton=0, id[0]=0, x[0]=500.0, y[0]=597.80005, toolType[0]=TOOL_TYPE_UNKNOWN, buttonState=0, metaState=0, flags=0x0, edgeFlags=0x0, pointerCount=1, historySize=0, eventTime=853142080, downTime=853142080, deviceId=0, source=0x1002 }
08-06 04:58:45.679 11539 11551 I art     : Explicit concurrent mark sweep GC freed 59(1856B) AllocSpace objects, 0(0B) LOS objects, 10% free, 135MB/151MB, paused 1.040ms total 41.835ms
08-06 04:58:45.696 11539 11551 I art     : Starting a blocking GC Explicit
08-06 04:58:45.728 13139 13139 I Input   : injectMotionEvent: MotionEvent { action=ACTION_MOVE, actionButton=0, id[0]=0, x[0]=500.0, y[0]=480.0, toolType[0]=TOOL_TYPE_UNKNOWN, buttonState=0, metaState=0, flags=0x0, edgeFlags=0x0, pointerCount=1, historySize=0, eventTime=853142142, downTime=853142142, deviceId=0, source=0x1002 }
08-06 04:58:45.739 11539 11551 I art     : Explicit concurrent mark sweep GC freed 3(96B) AllocSpace objects, 0(0B) LOS objects, 10% free, 135MB/151MB, paused 1.047ms total 42.674ms
08-06 04:58:45.755 11539 11551 I art     : Starting a blocking GC Explicit
08-06 04:58:45.791 13139 13139 I Input   : injectMotionEvent: MotionEvent { action=ACTION_MOVE, actionButton=0, id[0]=0, x[0]=500.0, y[0]=362.20007, toolType[0]=TOOL_TYPE_UNKNOWN, buttonState=0, metaState=0, flags=0x0, edgeFlags=0x0, pointerCount=1, historySize=0, eventTime=853142204, downTime=853142204, deviceId=0, source=0x1002 }
08-06 04:58:45.799 11539 11551 I art     : Explicit concurrent mark sweep GC freed 8(256B) AllocSpace objects, 0(0B) LOS objects, 10% free, 135MB/151MB, paused 1.068ms total 44.212ms
08-06 04:58:45.816 11539 11551 I art     : Starting a blocking GC Explicit
08-06 04:58:45.855 11539 11551 I art     : Explicit concurrent mark sweep GC freed 3(96B) AllocSpace objects, 0(0B) LOS objects, 10% free, 135MB/151MB, paused 1.138ms total 39.085ms
08-06 04:58:45.893 13139 13139 I Input   : injectMotionEvent: MotionEvent { action=ACTION_MOVE, actionButton=0, id[0]=0, x[0]=500.0, y[0]=168.40002, toolType[0]=TOOL_TYPE_UNKNOWN, buttonState=0, metaState=0, flags=0x0, edgeFlags=0x0, pointerCount=1, historySize=0, eventTime=853142306, downTime=853142306, deviceId=0, source=0x1002 }
08-06 04:58:45.928 13139 13139 I Input   : injectMotionEvent: MotionEvent { action=ACTION_MOVE, actionButton=0, id[0]=0, x[0]=500.0, y[0]=101.900024, toolType[0]=TOOL_TYPE_UNKNOWN, buttonState=0, metaState=0, flags=0x0, edgeFlags=0x0, pointerCount=1, historySize=0, eventTime=853142341, downTime=853142341, deviceId=0, source=0x1002 }
08-06 04:58:45.964 13139 13139 I Input   : injectMotionEvent: MotionEvent { action=ACTION_UP, actionButton=0, id[0]=0, x[0]=500.0, y[0]=100.0, toolType[0]=TOOL_TYPE_UNKNOWN, buttonState=0, metaState=0, flags=0x0, edgeFlags=0x0, pointerCount=1, historySize=0, eventTime=853142377, downTime=853142377, deviceId=0, source=0x1002 }
08-06 04:58:46.001 13139 13139 D AndroidRuntime: Shutting down VM
08-06 04:58:46.226 11539 11600 I art     : Starting a blocking GC Explicit
08-06 04:58:46.265 11539 11600 I art     : Explicit concurrent mark sweep GC freed 1604(92KB) AllocSpace objects, 2(36KB) LOS objects, 10% free, 135MB/151MB, paused 1.222ms total 38.872ms
08-06 04:58:46.282 11539 11600 I art     : Starting a blocking GC Explicit
08-06 04:58:46.323 11539 11600 I art     : Explicit concurrent mark sweep GC freed 35(1456B) AllocSpace objects, 0(0B) LOS objects, 10% free, 135MB/151MB, paused 1.210ms total 41.183ms
08-06 04:58:46.339 11539 11600 I art     : Starting a blocking GC Explicit
08-06 04:58:46.378 11539 11600 I art     : Explicit concurrent mark sweep GC freed 15(672B) AllocSpace objects, 0(0B) LOS objects, 10% free, 135MB/151MB, paused 1.065ms total 38.325ms
08-06 04:58:46.396 11539 11600 I art     : Starting a blocking GC Explicit
08-06 04:58:46.434 11539 11600 I art     : Explicit concurrent mark sweep GC freed 8(352B) AllocSpace objects, 0(0B) LOS objects, 10% free, 135MB/151MB, paused 1.076ms total 37.961ms
08-06 04:58:46.452 11539 11600 I art     : Starting a blocking GC Explicit
08-06 04:58:46.490 11539 11600 I art     : Explicit concurrent mark sweep GC freed 3(96B) AllocSpace objects, 0(0B) LOS objects, 10% free, 135MB/151MB, paused 1.030ms total 37.520ms
08-06 04:58:46.738 13188 13188 D AndroidRuntime: >>>>>> START com.android.internal.os.RuntimeInit uid 2000 <<<<<<
08-06 04:58:46.743 13188 13188 D AndroidRuntime: CheckJNI is OFF
08-06 04:58:46.783 13188 13188 D ICU     : No timezone override file found: /data/misc/zoneinfo/current/icu/icu_tzdata.dat
08-06 04:58:46.822 13188 13188 I Radio-JNI: register_android_hardware_Radio DONE
08-06 04:58:46.849 13188 13188 D AndroidRuntime: Calling main entry com.android.commands.input.Input
08-06 04:58:46.851 13188 13188 I Input   : injectMotionEvent: MotionEvent { action=ACTION_DOWN, actionButton=0, id[0]=0, x[0]=500.0, y[0]=2000.0, toolType[0]=TOOL_TYPE_UNKNOWN, buttonState=0, metaState=0, flags=0x0, edgeFlags=0x0, pointerCount=1, historySize=0, eventTime=853143263, downTime=853143263, deviceId=0, source=0x1002 }
08-06 04:58:46.867 11539 11551 I art     : Starting a blocking GC Explicit
08-06 04:58:46.899 13188 13188 I Input   : injectMotionEvent: MotionEvent { action=ACTION_MOVE, actionButton=0, id[0]=0, x[0]=500.0, y[0]=2000.0, toolType[0]=TOOL_TYPE_UNKNOWN, buttonState=0, metaState=0, flags=0x0, edgeFlags=0x0, pointerCount=1, historySize=0, eventTime=853143263, downTime=853143263, deviceId=0, source=0x1002 }
08-06 04:58:46.913 11539 11551 I art     : Explicit concurrent mark sweep GC freed 1620(93KB) AllocSpace objects, 2(36KB) LOS objects, 10% free, 135MB/151MB, paused 1.031ms total 45.451ms
08-06 04:58:46.929 11539 11551 I art     : Starting a blocking GC Explicit
08-06 04:58:46.969 11539 11551 I art     : Explicit concurrent mark sweep GC freed 28(1024B) AllocSpace objects, 0(0B) LOS objects, 10% free, 135MB/151MB, paused 1.101ms total 39.413ms
08-06 04:58:46.987 11539 11551 I art     : Starting a blocking GC Explicit
08-06 04:58:47.014 13188 13188 I Input   : injectMotionEvent: MotionEvent { action=ACTION_MOVE, actionButton=0, id[0]=0, x[0]=500.0, y[0]=1690.3, toolType[0]=TOOL_TYPE_UNKNOWN, buttonState=0, metaState=0, flags=0x0, edgeFlags=0x0, pointerCount=1, historySize=0, eventTime=853143426, downTime=853143426, deviceId=0, source=0x1002 }
08-06 04:58:47.031 11539 11551 I art     : Explicit concurrent mark sweep GC freed 3(96B) AllocSpace objects, 0(0B) LOS objects, 10% free, 135MB/151MB, paused 1.147ms total 43.615ms
08-06 04:58:47.033 13188 13188 I Input   : injectMotionEvent: MotionEvent { action=ACTION_MOVE, actionButton=0, id[0]=0, x[0]=500.0, y[0]=1652.3, toolType[0]=TOOL_TYPE_UNKNOWN, buttonState=0, metaState=0, flags=0x0, edgeFlags=0x0, pointerCount=1, historySize=0, eventTime=853143446, downTime=853143446, deviceId=0, source=0x1002 }
08-06 04:58:47.046 13188 13188 I Input   : injectMotionEvent: MotionEvent { action=ACTION_MOVE, actionButton=0, id[0]=0, x[0]=500.0, y[0]=1627.6, toolType[0]=TOOL_TYPE_UNKNOWN, buttonState=0, metaState=0, flags=0x0, edgeFlags=0x0, pointerCount=1, historySize=0, eventTime=853143459, downTime=853143459, deviceId=0, source=0x1002 }
08-06 04:58:47.047 11539 11551 I art     : Starting a blocking GC Explicit
08-06 04:58:47.091 11539 11551 I art     : Explicit concurrent mark sweep GC freed 12(384B) AllocSpace objects, 0(0B) LOS objects, 10% free, 135MB/151MB, paused 1.236ms total 44.230ms
08-06 04:58:47.109 11539 11551 I art     : Starting a blocking GC Explicit
08-06 04:58:47.149 13188 13188 I Input   : injectMotionEvent: MotionEvent { action=ACTION_MOVE, actionButton=0, id[0]=0, x[0]=500.0, y[0]=1431.9, toolType[0]=TOOL_TYPE_UNKNOWN, buttonState=0, metaState=0, flags=0x0, edgeFlags=0x0, pointerCount=1, historySize=0, eventTime=853143562, downTime=853143562, deviceId=0, source=0x1002 }
08-06 04:58:47.152 11539 11551 I art     : Explicit concurrent mark sweep GC freed 3(96B) AllocSpace objects, 0(0B) LOS objects, 10% free, 135MB/151MB, paused 1.246ms total 43.104ms
08-06 04:58:47.239 13188 13188 I Input   : injectMotionEvent: MotionEvent { action=ACTION_MOVE, actionButton=0, id[0]=0, x[0]=500.0, y[0]=1260.9, toolType[0]=TOOL_TYPE_UNKNOWN, buttonState=0, metaState=0, flags=0x0, edgeFlags=0x0, pointerCount=1, historySize=0, eventTime=853143652, downTime=853143652, deviceId=0, source=0x1002 }
08-06 04:58:47.331 13188 13188 I Input   : injectMotionEvent: MotionEvent { action=ACTION_MOVE, actionButton=0, id[0]=0, x[0]=500.0, y[0]=1086.1, toolType[0]=TOOL_TYPE_UNKNOWN, buttonState=0, metaState=0, flags=0x0, edgeFlags=0x0, pointerCount=1, historySize=0, eventTime=853143744, downTime=853143744, deviceId=0, source=0x1002 }
08-06 04:58:47.366 13188 13188 I Input   : injectMotionEvent: MotionEvent { action=ACTION_MOVE, actionButton=0, id[0]=0, x[0]=500.0, y[0]=1019.60004, toolType[0]=TOOL_TYPE_UNKNOWN, buttonState=0, metaState=0, flags=0x0, edgeFlags=0x0, pointerCount=1, historySize=0, eventTime=853143779, downTime=853143779, deviceId=0, source=0x1002 }
08-06 04:58:47.404 13188 13188 I Input   : injectMotionEvent: MotionEvent { action=ACTION_MOVE, actionButton=0, id[0]=0, x[0]=500.0, y[0]=947.3999, toolType[0]=TOOL_TYPE_UNKNOWN, buttonState=0, metaState=0, flags=0x0, edgeFlags=0x0, pointerCount=1, historySize=0, eventTime=853143817, downTime=853143817, deviceId=0, source=0x1002 }
08-06 04:58:47.443 13188 13188 I Input   : injectMotionEvent: MotionEvent { action=ACTION_MOVE, actionButton=0, id[0]=0, x[0]=500.0, y[0]=873.30005, toolType[0]=TOOL_TYPE_UNKNOWN, buttonState=0, metaState=0, flags=0x0, edgeFlags=0x0, pointerCount=1, historySize=0, eventTime=853143856, downTime=853143856, deviceId=0, source=0x1002 }
08-06 04:58:47.482 13188 13188 I Input   : injectMotionEvent: MotionEvent { action=ACTION_MOVE, actionButton=0, id[0]=0, x[0]=500.0, y[0]=797.2999, toolType[0]=TOOL_TYPE_UNKNOWN, buttonState=0, metaState=0, flags=0x0, edgeFlags=0x0, pointerCount=1, historySize=0, eventTime=853143896, downTime=853143896, deviceId=0, source=0x1002 }
08-06 04:58:47.521 13188 13188 I Input   : injectMotionEvent: MotionEvent { action=ACTION_MOVE, actionButton=0, id[0]=0, x[0]=500.0, y[0]=725.1, toolType[0]=TOOL_TYPE_UNKNOWN, buttonState=0, metaState=0, flags=0x0, edgeFlags=0x0, pointerCount=1, historySize=0, eventTime=853143934, downTime=853143934, deviceId=0, source=0x1002 }
08-06 04:58:47.533 11539 11550 I art     : Starting a blocking GC Explicit
08-06 04:58:47.550   518   646 I ThermalEngine: ACTION: GPU - Setting GPU[0] to 390000000
08-06 04:58:47.567 13188 13188 I Input   : injectMotionEvent: MotionEvent { action=ACTION_MOVE, actionButton=0, id[0]=0, x[0]=500.0, y[0]=637.69995, toolType[0]=TOOL_TYPE_UNKNOWN, buttonState=0, metaState=0, flags=0x0, edgeFlags=0x0, pointerCount=1, historySize=0, eventTime=853143980, downTime=853143980, deviceId=0, source=0x1002 }
08-06 04:58:47.590 11539 11550 I art     : Explicit concurrent mark sweep GC freed 1595(92KB) AllocSpace objects, 2(36KB) LOS objects, 10% free, 135MB/151MB, paused 1.827ms total 56.940ms
08-06 04:58:47.603 13188 13188 I Input   : injectMotionEvent: MotionEvent { action=ACTION_MOVE, actionButton=0, id[0]=0, x[0]=500.0, y[0]=569.2999, toolType[0]=TOOL_TYPE_UNKNOWN, buttonState=0, metaState=0, flags=0x0, edgeFlags=0x0, pointerCount=1, historySize=0, eventTime=853144016, downTime=853144016, deviceId=0, source=0x1002 }
08-06 04:58:47.611 11539 11550 I art     : Starting a blocking GC Explicit
08-06 04:58:47.643 13188 13188 I Input   : injectMotionEvent: MotionEvent { action=ACTION_MOVE, actionButton=0, id[0]=0, x[0]=500.0, y[0]=491.3999, toolType[0]=TOOL_TYPE_UNKNOWN, buttonState=0, metaState=0, flags=0x0, edgeFlags=0x0, pointerCount=1, historySize=0, eventTime=853144057, downTime=853144057, deviceId=0, source=0x1002 }
08-06 04:58:47.663 11539 11550 I art     : Explicit concurrent mark sweep GC freed 59(1856B) AllocSpace objects, 0(0B) LOS objects, 10% free, 135MB/151MB, paused 1.563ms total 51.493ms
08-06 04:58:47.683 13188 13188 I Input   : injectMotionEvent: MotionEvent { action=ACTION_MOVE, actionButton=0, id[0]=0, x[0]=500.0, y[0]=415.40002, toolType[0]=TOOL_TYPE_UNKNOWN, buttonState=0, metaState=0, flags=0x0, edgeFlags=0x0, pointerCount=1, historySize=0, eventTime=853144097, downTime=853144097, deviceId=0, source=0x1002 }
08-06 04:58:47.687 11539 11550 I art     : Starting a blocking GC Explicit
08-06 04:58:47.722 13188 13188 I Input   : injectMotionEvent: MotionEvent { action=ACTION_MOVE, actionButton=0, id[0]=0, x[0]=500.0, y[0]=341.29993, toolType[0]=TOOL_TYPE_UNKNOWN, buttonState=0, metaState=0, flags=0x0, edgeFlags=0x0, pointerCount=1, historySize=0, eventTime=853144136, downTime=853144136, deviceId=0, source=0x1002 }
08-06 04:58:47.744 11539 11550 I art     : Explicit concurrent mark sweep GC freed 3(96B) AllocSpace objects, 0(0B) LOS objects, 10% free, 135MB/151MB, paused 1.656ms total 56.460ms
08-06 04:58:47.760 13188 13188 I Input   : injectMotionEvent: MotionEvent { action=ACTION_MOVE, actionButton=0, id[0]=0, x[0]=500.0, y[0]=271.0, toolType[0]=TOOL_TYPE_UNKNOWN, buttonState=0, metaState=0, flags=0x0, edgeFlags=0x0, pointerCount=1, historySize=0, eventTime=853144173, downTime=853144173, deviceId=0, source=0x1002 }
08-06 04:58:47.766 11539 11550 I art     : Starting a blocking GC Explicit
08-06 04:58:47.796 13188 13188 I Input   : injectMotionEvent: MotionEvent { action=ACTION_MOVE, actionButton=0, id[0]=0, x[0]=500.0, y[0]=202.6001, toolType[0]=TOOL_TYPE_UNKNOWN, buttonState=0, metaState=0, flags=0x0, edgeFlags=0x0, pointerCount=1, historySize=0, eventTime=853144209, downTime=853144209, deviceId=0, source=0x1002 }
08-06 04:58:47.826 11539 11550 I art     : Explicit concurrent mark sweep GC freed 3(96B) AllocSpace objects, 0(0B) LOS objects, 10% free, 135MB/151MB, paused 1.561ms total 59.702ms
08-06 04:58:47.834 13188 13188 I Input   : injectMotionEvent: MotionEvent { action=ACTION_MOVE, actionButton=0, id[0]=0, x[0]=500.0, y[0]=130.3999, toolType[0]=TOOL_TYPE_UNKNOWN, buttonState=0, metaState=0, flags=0x0, edgeFlags=0x0, pointerCount=1, historySize=0, eventTime=853144247, downTime=853144247, deviceId=0, source=0x1002 }
08-06 04:58:47.850 11539 11550 I art     : Starting a blocking GC Explicit
08-06 04:58:47.872 13188 13188 I Input   : injectMotionEvent: MotionEvent { action=ACTION_UP, actionButton=0, id[0]=0, x[0]=500.0, y[0]=100.0, toolType[0]=TOOL_TYPE_UNKNOWN, buttonState=0, metaState=0, flags=0x0, edgeFlags=0x0, pointerCount=1, historySize=0, eventTime=853144285, downTime=853144285, deviceId=0, source=0x1002 }
08-06 04:58:47.902 11539 11550 I art     : Explicit concurrent mark sweep GC freed 7(224B) AllocSpace objects, 0(0B) LOS objects, 10% free, 135MB/151MB, paused 1.586ms total 51.910ms
08-06 04:58:47.903 11539 11549 I art     : WaitForGcToComplete blocked for 30.569ms for cause HeapTrim
08-06 04:58:47.909 13188 13188 D AndroidRuntime: Shutting down VM
08-06 04:58:48.312 11539 11557 I art     : Starting a blocking GC Explicit
08-06 04:58:48.369 11539 11557 I art     : Explicit concurrent mark sweep GC freed 1606(93KB) AllocSpace objects, 2(36KB) LOS objects, 10% free, 135MB/151MB, paused 1.752ms total 55.733ms
08-06 04:58:48.391 11539 11557 I art     : Starting a blocking GC Explicit
08-06 04:58:48.445 11539 11557 I art     : Explicit concurrent mark sweep GC freed 38(1568B) AllocSpace objects, 0(0B) LOS objects, 10% free, 135MB/151MB, paused 1.609ms total 53.230ms
08-06 04:58:48.467 11539 11557 I art     : Starting a blocking GC Explicit
08-06 04:58:48.522 11539 11557 I art     : Explicit concurrent mark sweep GC freed 3(96B) AllocSpace objects, 0(0B) LOS objects, 10% free, 135MB/151MB, paused 1.688ms total 53.831ms
08-06 04:58:48.544 11539 11557 I art     : Starting a blocking GC Explicit
08-06 04:58:48.599 11539 11557 I art     : Explicit concurrent mark sweep GC freed 10(320B) AllocSpace objects, 0(0B) LOS objects, 10% free, 135MB/151MB, paused 1.738ms total 54.489ms
08-06 04:58:48.622 11539 11557 I art     : Starting a blocking GC Explicit
08-06 04:58:48.676 11539 11557 I art     : Explicit concurrent mark sweep GC freed 55(2224B) AllocSpace objects, 0(0B) LOS objects, 10% free, 135MB/151MB, paused 1.604ms total 53.827ms
08-06 04:58:48.779 13236 13236 D AndroidRuntime: >>>>>> START com.android.internal.os.RuntimeInit uid 2000 <<<<<<
08-06 04:58:48.786 13236 13236 D AndroidRuntime: CheckJNI is OFF
08-06 04:58:48.851 13236 13236 D ICU     : No timezone override file found: /data/misc/zoneinfo/current/icu/icu_tzdata.dat
08-06 04:58:48.899 13236 13236 I Radio-JNI: register_android_hardware_Radio DONE
08-06 04:58:48.933 13236 13236 D AndroidRuntime: Calling main entry com.android.commands.input.Input
08-06 04:58:48.935 13236 13236 I Input   : injectMotionEvent: MotionEvent { action=ACTION_DOWN, actionButton=0, id[0]=0, x[0]=657.0, y[0]=2080.0, toolType[0]=TOOL_TYPE_UNKNOWN, buttonState=0, metaState=0, flags=0x0, edgeFlags=0x0, pointerCount=1, historySize=0, eventTime=853145347, downTime=853145347, deviceId=0, source=0x1002 }
08-06 04:58:48.940 13236 13236 I Input   : injectMotionEvent: MotionEvent { action=ACTION_UP, actionButton=0, id[0]=0, x[0]=657.0, y[0]=2080.0, toolType[0]=TOOL_TYPE_UNKNOWN, buttonState=0, metaState=0, flags=0x0, edgeFlags=0x0, pointerCount=1, historySize=0, eventTime=853145347, downTime=853145347, deviceId=0, source=0x1002 }
08-06 04:58:48.943   918  4413 I ActivityManager: START u0 {cmp=baseline.io.github.project_travel_mate/.utilities.UpcomingWeekendsActivity} from uid 10696 on display 0
08-06 04:58:48.944   512  2967 D audio_hw_primary: out_set_parameters: enter: usecase(1: low-latency-playback) kvpairs: routing=2
08-06 04:58:48.945 13236 13236 D AndroidRuntime: Shutting down VM
08-06 04:58:48.958   512  2967 D audio_hw_primary: select_devices: out_snd_device(2: speaker) in_snd_device(0: none)
08-06 04:58:48.958   512  2967 D msm8974_platform: platform_send_audio_calibration: sending audio calibration for snd_device(2) acdb_id(15)
08-06 04:58:48.958   512  2967 I soundtrigger: audio_extn_sound_trigger_update_device_status: device 0x2 of type 0 for Event 1
08-06 04:58:48.970   512  2967 D audio_hw_primary: enable_snd_device: snd_device(2: speaker)
08-06 04:58:48.972   512  2967 D audio_hw_primary: enable_audio_route: apply and update mixer path: low-latency-playback speaker
08-06 04:58:49.008 11539 11620 D Gabe    : call	returning from cache
08-06 04:58:49.016 11539 11539 V EXECUTING: https://project-travel-mate.herokuapp.com/api/get-upcoming-holidays/2020
08-06 04:58:49.020 11539 11539 V EXECUTING: https://project-travel-mate.herokuapp.com/api/get-upcoming-holidays/2020
08-06 04:58:49.119 11539 11550 I art     : Starting a blocking GC Explicit
08-06 04:58:49.143 13866 13866 I GoogleInputMethodServic: GoogleInputMethodService.onFinishInput():3138 
08-06 04:58:49.143 13866 13866 I GoogleInputMethodServic: GoogleInputMethodService.onStartInput():1808 
08-06 04:58:49.172 11539 11550 I art     : Explicit concurrent mark sweep GC freed 3304(235KB) AllocSpace objects, 2(36KB) LOS objects, 10% free, 139MB/155MB, paused 1.821ms total 52.038ms
08-06 04:58:49.192 11539 11550 I art     : Starting a blocking GC Explicit
08-06 04:58:49.241 11539 11550 I art     : Explicit concurrent mark sweep GC freed 290(12KB) AllocSpace objects, 0(0B) LOS objects, 10% free, 139MB/155MB, paused 1.504ms total 48.490ms
08-06 04:58:49.262 11539 11550 I art     : Starting a blocking GC Explicit
08-06 04:58:49.263   918   936 I ActivityManager: Displayed baseline.io.github.project_travel_mate/.utilities.UpcomingWeekendsActivity: +307ms
08-06 04:58:49.316 11539 11550 I art     : Explicit concurrent mark sweep GC freed 112(2944B) AllocSpace objects, 0(0B) LOS objects, 10% free, 139MB/155MB, paused 1.810ms total 53.074ms
08-06 04:58:49.338 11539 11550 I art     : Starting a blocking GC Explicit
08-06 04:58:49.392 11539 11550 I art     : Explicit concurrent mark sweep GC freed 77(1296B) AllocSpace objects, 0(0B) LOS objects, 10% free, 139MB/155MB, paused 2.150ms total 53.123ms
08-06 04:58:49.414 11539 11550 I art     : Starting a blocking GC Explicit
08-06 04:58:49.465 11539 11550 I art     : Explicit concurrent mark sweep GC freed 61(1184B) AllocSpace objects, 0(0B) LOS objects, 10% free, 139MB/155MB, paused 1.621ms total 50.694ms
08-06 04:58:49.516   380   380 W SurfaceFlinger: couldn't log to binary event log: overflow.
08-06 04:58:49.528   512  2967 D audio_hw_primary: disable_audio_route: reset and update mixer path: low-latency-playback speaker
08-06 04:58:49.529   512  2967 D audio_hw_primary: disable_snd_device: snd_device(2: speaker)
08-06 04:58:49.537   512  2967 I soundtrigger: audio_extn_sound_trigger_update_device_status: device 0x2 of type 0 for Event 0
08-06 04:58:49.581 11539 13259 I NAPPA_EXPERIMENTATION: MetricNetworkRequestExecutionTime: REQUEST_DURATION_SYSTEM='564',REQUEST_DURATION_OKHTTP='58',REQUEST_SYNCHRONOUS='FALSE',RESPONSE_CODE='200',RESPONSE_METHOD='GET',RESPONSE_LENGTH_OKHTTP='6426',RESPONSE_LENGTH_HEADER='6426',REQUEST_PROTOCOL='http/1.1',REQUEST_URL='https://project-travel-mate.herokuapp.com/api/get-upcoming-holidays/2020',
08-06 04:58:49.584 11539 11539 V Response: [{"month":"January","date":1,"day":"Wednesday","name":"New Year's Day","type":"Restricted"},{"month":"January","date":2,"day":"Thursday","name":"Guru Govind Singh Jayanti","type":"Restricted"},{"month":"January","date":14,"day":"Tuesday","name":"Lohri","type":"Restricted"},{"month":"January","date":15,"day":"Wednesday","name":"Pongal","type":"Restricted"},{"month":"January","date":15,"day":"Wednesday","name":"Makar Sankranti","type":"Restricted"},{"month":"January","date":25,"day":"Saturday","name":"Chinese New Year","type":"Observance"},{"month":"January","date":26,"day":"Sunday","name":"Republic Day","type":"Gazetted"},{"month":"January","date":30,"day":"Thursday","name":"Vasant Panchami","type":"Restricted"},{"month":"February","date":9,"day":"Sunday","name":"Guru Ravidas Jayanti","type":"Restricted"},{"month":"February","date":14,"day":"Friday","name":"Valentine's Day","type":"Observance"},{"month":"February","date":18,"day":"Tuesday","name":"Maharishi Dayanand Saraswati Jayanti","type":"Restricted"},{"month":"February","date":19,"day":"Wednesday","name":"Shivaji Jayanti","type":"Restricted"},{"month":"February","date":21,"day":"Friday","name":"Maha Shivaratri/Shivaratri","type":"Gazetted"},{"month":"March","date":9,"day":"Monday","name":"Holika Dahana","type":"Restricted"},{"month":"March","date":9,"day":"Monday","name":"Hazarat Ali's Birthday","type":"Restricted"},{"month":"March","date":10,"day":"Tuesday","name":"Holi","type":"Gazetted"},{"month":"March","date":20,"day":"Friday","name":"March Equinox","type":"Season"},{"month":"March","date":25,"day":"Wednesday","name":"Chaitra Sukhladi","type":"Restricted"},{"month":"April","date":2,"day":"Thursday","name":"Rama Navami","type":"Gazetted"},{"month":"April","date":6,"day":"Monday","name":"Mahavir Jayanti","type":"Gazetted"},{"month":"April","date":9,"day":"Thursday","name":"First day of Passover","type":"Observance"},{"month":"April","date":9,"day":"Thursday","name":"Maundy Thursday","type":"Observance,"},{"month":"April","date":10,"day":"Friday","name":"Good Friday","type":"Gazetted"},{"month":"April","date":12,"day":"Sunday","name":"Easter Day","type":"Restricted"},{"month":"April","date":13,"day":"Monday","name":"Vaisakhi","type":"Restricted"},{"month":"April","date":14,"day":"Tuesday","name":"Mesadi/Vaisakhadi","type":"Restricted"},{"month":"April","date":14,"day":"Tuesday","name":"Ambedkar Jayanti","type":"Central"},{"month":"May","date":1,"day":"Friday","name":"May Day","type":"Observance"},{"month":"May","date":7,"day":"Thursday","name":"Buddha Purnima/Vesak","type":"Gazetted"},{"month":"May","date":7,"day":"Thursday","name":"Birthday of Ravindranath","type":"Restricted"},{"month":"May","date":10,"day":"Sunday","name":"Mother's Day","type":"Observance"},{"month":"May","date":22,"day":"Friday","name":"Jamat Ul-Vida","type":"Restricted"},{"month":"May","date":25,"day":"Monday","name":"Ramzan Id/Eid-ul-Fitar","type":"Gazetted"},{"month":"May","date":25,"day":"Monday","name":"Ramzan Id/Eid-ul-Fitar","type":"Muslim,"},{"month":"June","date":21,"day":"Sunday","name":"June Solstice","type":"Season"},{"month":"June","date":21,"day":"Sunday","name":"Father's Day","type":"Observance"},{"month":"June","date":23,"day":"Tuesday","name":"Rath Yatra","type":"Restricted"},{"month":"July","date":5,"day":"Sunday","name":"Guru Purnima","type":"Observance"},{"month":"July","date":31,"day":"Friday","name":"Bakr Id/Eid ul-Adha","type":"Gazetted"},{"month":"August","date":2,"day":"Sunday","name":"Friendship Day","type":"Observance"},{"month":"August","date":3,"day":"Monday","name":"Raksha Bandhan (Rakhi)","type":"Restricted"},{"month":"August","date":11,"day":"Tuesday","name":"Janmashtami (Smarta)","type":"Restricted"},{"month":"August","date":12,"day":"Wednesday","name":"Janmashtami","type":"Gazetted"},{"month":"August","date":15,"day":"Saturday","name":"Independence Day","type":"Gazetted"},{"month":"August","date":16,"day":"Sunday","name":"Parsi New Year","type":"Restricted"},{"month":"August","date":22,"day":"Saturday","name":"Ganesh Chaturthi/Vin
08-06 04:58:49.590 11539 13260 I NAPPA_EXPERIMENTATION: MetricNetworkRequestExecutionTime: REQUEST_DURATION_SYSTEM='568',REQUEST_DURATION_OKHTTP='66',REQUEST_SYNCHRONOUS='FALSE',RESPONSE_CODE='200',RESPONSE_METHOD='GET',RESPONSE_LENGTH_OKHTTP='6426',RESPONSE_LENGTH_HEADER='6426',REQUEST_PROTOCOL='http/1.1',REQUEST_URL='https://project-travel-mate.herokuapp.com/api/get-upcoming-holidays/2020',
08-06 04:58:49.708 11539 11539 V Response: [{"month":"January","date":1,"day":"Wednesday","name":"New Year's Day","type":"Restricted"},{"month":"January","date":2,"day":"Thursday","name":"Guru Govind Singh Jayanti","type":"Restricted"},{"month":"January","date":14,"day":"Tuesday","name":"Lohri","type":"Restricted"},{"month":"January","date":15,"day":"Wednesday","name":"Pongal","type":"Restricted"},{"month":"January","date":15,"day":"Wednesday","name":"Makar Sankranti","type":"Restricted"},{"month":"January","date":25,"day":"Saturday","name":"Chinese New Year","type":"Observance"},{"month":"January","date":26,"day":"Sunday","name":"Republic Day","type":"Gazetted"},{"month":"January","date":30,"day":"Thursday","name":"Vasant Panchami","type":"Restricted"},{"month":"February","date":9,"day":"Sunday","name":"Guru Ravidas Jayanti","type":"Restricted"},{"month":"February","date":14,"day":"Friday","name":"Valentine's Day","type":"Observance"},{"month":"February","date":18,"day":"Tuesday","name":"Maharishi Dayanand Saraswati Jayanti","type":"Restricted"},{"month":"February","date":19,"day":"Wednesday","name":"Shivaji Jayanti","type":"Restricted"},{"month":"February","date":21,"day":"Friday","name":"Maha Shivaratri/Shivaratri","type":"Gazetted"},{"month":"March","date":9,"day":"Monday","name":"Holika Dahana","type":"Restricted"},{"month":"March","date":9,"day":"Monday","name":"Hazarat Ali's Birthday","type":"Restricted"},{"month":"March","date":10,"day":"Tuesday","name":"Holi","type":"Gazetted"},{"month":"March","date":20,"day":"Friday","name":"March Equinox","type":"Season"},{"month":"March","date":25,"day":"Wednesday","name":"Chaitra Sukhladi","type":"Restricted"},{"month":"April","date":2,"day":"Thursday","name":"Rama Navami","type":"Gazetted"},{"month":"April","date":6,"day":"Monday","name":"Mahavir Jayanti","type":"Gazetted"},{"month":"April","date":9,"day":"Thursday","name":"First day of Passover","type":"Observance"},{"month":"April","date":9,"day":"Thursday","name":"Maundy Thursday","type":"Observance,"},{"month":"April","date":10,"day":"Friday","name":"Good Friday","type":"Gazetted"},{"month":"April","date":12,"day":"Sunday","name":"Easter Day","type":"Restricted"},{"month":"April","date":13,"day":"Monday","name":"Vaisakhi","type":"Restricted"},{"month":"April","date":14,"day":"Tuesday","name":"Mesadi/Vaisakhadi","type":"Restricted"},{"month":"April","date":14,"day":"Tuesday","name":"Ambedkar Jayanti","type":"Central"},{"month":"May","date":1,"day":"Friday","name":"May Day","type":"Observance"},{"month":"May","date":7,"day":"Thursday","name":"Buddha Purnima/Vesak","type":"Gazetted"},{"month":"May","date":7,"day":"Thursday","name":"Birthday of Ravindranath","type":"Restricted"},{"month":"May","date":10,"day":"Sunday","name":"Mother's Day","type":"Observance"},{"month":"May","date":22,"day":"Friday","name":"Jamat Ul-Vida","type":"Restricted"},{"month":"May","date":25,"day":"Monday","name":"Ramzan Id/Eid-ul-Fitar","type":"Gazetted"},{"month":"May","date":25,"day":"Monday","name":"Ramzan Id/Eid-ul-Fitar","type":"Muslim,"},{"month":"June","date":21,"day":"Sunday","name":"June Solstice","type":"Season"},{"month":"June","date":21,"day":"Sunday","name":"Father's Day","type":"Observance"},{"month":"June","date":23,"day":"Tuesday","name":"Rath Yatra","type":"Restricted"},{"month":"July","date":5,"day":"Sunday","name":"Guru Purnima","type":"Observance"},{"month":"July","date":31,"day":"Friday","name":"Bakr Id/Eid ul-Adha","type":"Gazetted"},{"month":"August","date":2,"day":"Sunday","name":"Friendship Day","type":"Observance"},{"month":"August","date":3,"day":"Monday","name":"Raksha Bandhan (Rakhi)","type":"Restricted"},{"month":"August","date":11,"day":"Tuesday","name":"Janmashtami (Smarta)","type":"Restricted"},{"month":"August","date":12,"day":"Wednesday","name":"Janmashtami","type":"Gazetted"},{"month":"August","date":15,"day":"Saturday","name":"Independence Day","type":"Gazetted"},{"month":"August","date":16,"day":"Sunday","name":"Parsi New Year","type":"Restricted"},{"month":"August","date":22,"day":"Saturday","name":"Ganesh Chaturthi/Vin
08-06 04:58:49.893 11539 11550 I art     : Starting a blocking GC Explicit
08-06 04:58:49.960 11539 11550 I art     : Explicit concurrent mark sweep GC freed 20778(906KB) AllocSpace objects, 12(4MB) LOS objects, 10% free, 136MB/152MB, paused 1.702ms total 66.446ms
08-06 04:58:49.983 11539 11550 I art     : Starting a blocking GC Explicit
08-06 04:58:50.042 11539 11550 I art     : Explicit concurrent mark sweep GC freed 3465(320KB) AllocSpace objects, 0(0B) LOS objects, 10% free, 136MB/152MB, paused 1.743ms total 58.759ms
08-06 04:58:50.066 11539 11550 I art     : Starting a blocking GC Explicit
08-06 04:58:50.127 11539 11550 I art     : Explicit concurrent mark sweep GC freed 123(2096B) AllocSpace objects, 0(0B) LOS objects, 10% free, 136MB/152MB, paused 1.664ms total 60.454ms
08-06 04:58:50.152 11539 11550 I art     : Starting a blocking GC Explicit
08-06 04:58:50.212 11539 11550 I art     : Explicit concurrent mark sweep GC freed 124(2128B) AllocSpace objects, 0(0B) LOS objects, 10% free, 136MB/152MB, paused 1.709ms total 60.280ms
08-06 04:58:50.237 11539 11550 I art     : Starting a blocking GC Explicit
08-06 04:58:50.299 11539 11550 I art     : Explicit concurrent mark sweep GC freed 123(2096B) AllocSpace objects, 0(0B) LOS objects, 10% free, 136MB/152MB, paused 1.858ms total 61.369ms
08-06 04:58:50.731 11539 11599 I art     : Starting a blocking GC Explicit
08-06 04:58:50.792 11539 11599 I art     : Explicit concurrent mark sweep GC freed 2332(104KB) AllocSpace objects, 2(36KB) LOS objects, 10% free, 136MB/152MB, paused 1.768ms total 61.126ms
08-06 04:58:50.817 11539 11599 I art     : Starting a blocking GC Explicit
08-06 04:58:50.878 11539 11599 I art     : Explicit concurrent mark sweep GC freed 148(3024B) AllocSpace objects, 0(0B) LOS objects, 10% free, 136MB/152MB, paused 1.749ms total 60.246ms
08-06 04:58:50.902 11539 11599 I art     : Starting a blocking GC Explicit
08-06 04:58:50.963 11539 11599 I art     : Explicit concurrent mark sweep GC freed 136(2784B) AllocSpace objects, 0(0B) LOS objects, 10% free, 136MB/152MB, paused 1.810ms total 60.991ms
08-06 04:58:50.987 11539 11599 I art     : Starting a blocking GC Explicit
08-06 04:58:51.049 11539 11599 I art     : Explicit concurrent mark sweep GC freed 141(3056B) AllocSpace objects, 0(0B) LOS objects, 10% free, 136MB/152MB, paused 2.198ms total 61.647ms
08-06 04:58:51.074 11539 11599 I art     : Starting a blocking GC Explicit
08-06 04:58:51.133 11539 11599 I art     : Explicit concurrent mark sweep GC freed 123(2096B) AllocSpace objects, 0(0B) LOS objects, 10% free, 136MB/152MB, paused 1.657ms total 58.112ms
08-06 04:58:51.556   518   646 I ThermalEngine: ACTION: GPU - Setting GPU[0] to 450000000
08-06 04:58:51.593 11539 11557 I art     : Starting a blocking GC Explicit
08-06 04:58:51.642 11539 11557 I art     : Explicit concurrent mark sweep GC freed 2357(104KB) AllocSpace objects, 2(36KB) LOS objects, 10% free, 136MB/152MB, paused 1.137ms total 48.674ms
08-06 04:58:51.660 11539 11557 I art     : Starting a blocking GC Explicit
08-06 04:58:51.712 11539 11557 I art     : Explicit concurrent mark sweep GC freed 124(2624B) AllocSpace objects, 0(0B) LOS objects, 10% free, 136MB/152MB, paused 1.097ms total 51.305ms
08-06 04:58:51.730 11539 11557 I art     : Starting a blocking GC Explicit
08-06 04:58:51.782 11539 11557 I art     : Explicit concurrent mark sweep GC freed 99(1696B) AllocSpace objects, 0(0B) LOS objects, 10% free, 136MB/152MB, paused 1.176ms total 51.830ms
08-06 04:58:51.801 11539 11557 I art     : Starting a blocking GC Explicit
08-06 04:58:51.854 11539 11557 I art     : Explicit concurrent mark sweep GC freed 99(1696B) AllocSpace objects, 0(0B) LOS objects, 10% free, 136MB/152MB, paused 1.328ms total 53.164ms
08-06 04:58:51.873 11539 11557 I art     : Starting a blocking GC Explicit
08-06 04:58:51.924 11539 11557 I art     : Explicit concurrent mark sweep GC freed 122(2064B) AllocSpace objects, 0(0B) LOS objects, 10% free, 136MB/152MB, paused 1.191ms total 51.344ms
08-06 04:58:52.354 11539 11551 I art     : Starting a blocking GC Explicit
08-06 04:58:52.408 11539 11551 I art     : Explicit concurrent mark sweep GC freed 2292(104KB) AllocSpace objects, 2(36KB) LOS objects, 10% free, 136MB/152MB, paused 1.129ms total 53.218ms
08-06 04:58:52.426 11539 11551 I art     : Starting a blocking GC Explicit
08-06 04:58:52.478 11539 11551 I art     : Explicit concurrent mark sweep GC freed 134(3KB) AllocSpace objects, 0(0B) LOS objects, 10% free, 136MB/152MB, paused 1.225ms total 52.055ms
08-06 04:58:52.501 11539 11551 I art     : Starting a blocking GC Explicit
08-06 04:58:52.551 11539 11551 I art     : Explicit concurrent mark sweep GC freed 100(1728B) AllocSpace objects, 0(0B) LOS objects, 10% free, 136MB/152MB, paused 1.138ms total 50.253ms
08-06 04:58:52.569 11539 11551 I art     : Starting a blocking GC Explicit
08-06 04:58:52.621 11539 11551 I art     : Explicit concurrent mark sweep GC freed 98(1664B) AllocSpace objects, 0(0B) LOS objects, 10% free, 136MB/152MB, paused 1.090ms total 50.347ms
08-06 04:58:52.638 11539 11551 I art     : Starting a blocking GC Explicit
08-06 04:58:52.690 11539 11551 I art     : Explicit concurrent mark sweep GC freed 139(2688B) AllocSpace objects, 0(0B) LOS objects, 10% free, 136MB/152MB, paused 1.234ms total 51.856ms
08-06 04:58:52.821   918  1209 D NetworkMonitor/NetworkAgentInfo [WIFI () - 159]: Checking http://connectivitycheck.gstatic.com/generate_204 on "H369AA63323", 192.168.2.12=192.168.2.12
08-06 04:58:52.894   918  1209 D NetworkMonitor/NetworkAgentInfo [WIFI () - 159]: Probably not a portal: exception java.io.IOException: unexpected end of stream on Connection{connectivitycheck.gstatic.com:80, proxy=HTTP@/192.168.2.12:8080 hostAddress=192.168.2.12 cipherSuite=none protocol=http/1.1} (recycle count=0)
08-06 04:58:52.894   918  3263 D ConnectivityService: NetworkAgentInfo [WIFI () - 159] validation failed
08-06 04:58:52.896   918  3261 E WifiConfigStore:  rewrite network history for "H369AA63323"WPA_PSK
08-06 04:58:53.099  9137  9137 I ServiceManager: Waiting for service AtCmdFwd...
08-06 04:58:53.111 11539 11600 I art     : Starting a blocking GC Explicit
08-06 04:58:53.165 11539 11600 I art     : Explicit concurrent mark sweep GC freed 2283(103KB) AllocSpace objects, 2(36KB) LOS objects, 10% free, 136MB/152MB, paused 1.150ms total 53.360ms
08-06 04:58:53.185 11539 11600 I art     : Starting a blocking GC Explicit
08-06 04:58:53.230 11539 11600 I art     : Explicit concurrent mark sweep GC freed 138(3056B) AllocSpace objects, 0(0B) LOS objects, 10% free, 136MB/152MB, paused 986us total 44.916ms
08-06 04:58:53.248 11539 11600 I art     : Starting a blocking GC Explicit
08-06 04:58:53.294 11539 11600 I art     : Explicit concurrent mark sweep GC freed 99(1696B) AllocSpace objects, 0(0B) LOS objects, 10% free, 136MB/152MB, paused 1.139ms total 45.797ms
08-06 04:58:53.311 11539 11600 I art     : Starting a blocking GC Explicit
08-06 04:58:53.359 11539 11600 I art     : Explicit concurrent mark sweep GC freed 95(1616B) AllocSpace objects, 0(0B) LOS objects, 10% free, 136MB/152MB, paused 1.289ms total 47.273ms
08-06 04:58:53.377 11539 11600 I art     : Starting a blocking GC Explicit
08-06 04:58:53.426 11539 11600 I art     : Explicit concurrent mark sweep GC freed 102(1744B) AllocSpace objects, 0(0B) LOS objects, 10% free, 136MB/152MB, paused 1.157ms total 48.808ms
08-06 04:58:53.427 11539 11549 I art     : WaitForGcToComplete blocked for 49.134ms for cause HeapTrim
08-06 04:58:53.751 13319 13319 D AndroidRuntime: >>>>>> START com.android.internal.os.RuntimeInit uid 2000 <<<<<<
08-06 04:58:53.757 13319 13319 D AndroidRuntime: CheckJNI is OFF
08-06 04:58:53.801 13319 13319 D ICU     : No timezone override file found: /data/misc/zoneinfo/current/icu/icu_tzdata.dat
08-06 04:58:53.846 13319 13319 I Radio-JNI: register_android_hardware_Radio DONE
08-06 04:58:53.848 11539 11550 I art     : Starting a blocking GC Explicit
08-06 04:58:53.877 13319 13319 D AndroidRuntime: Calling main entry com.android.commands.input.Input
08-06 04:58:53.878 13319 13319 I Input   : injectKeyEvent: KeyEvent { action=ACTION_DOWN, keyCode=KEYCODE_BACK, scanCode=0, metaState=0, flags=0x0, repeatCount=0, eventTime=853150291, downTime=853150291, deviceId=-1, source=0x101 }
08-06 04:58:53.885 13319 13319 I Input   : injectKeyEvent: KeyEvent { action=ACTION_UP, keyCode=KEYCODE_BACK, scanCode=0, metaState=0, flags=0x0, repeatCount=0, eventTime=853150291, downTime=853150291, deviceId=-1, source=0x101 }
08-06 04:58:53.894 13319 13319 D AndroidRuntime: Shutting down VM
08-06 04:58:53.899 11539 11550 I art     : Explicit concurrent mark sweep GC freed 2301(104KB) AllocSpace objects, 2(36KB) LOS objects, 10% free, 136MB/152MB, paused 1.486ms total 50.385ms
08-06 04:58:53.905 11539 11539 V MainActivity: url = https://project-travel-mate.herokuapp.com/api/number-of-unread-notifications
08-06 04:58:53.917 11539 11550 I art     : Starting a blocking GC Explicit
08-06 04:58:53.936 13866 13866 I GoogleInputMethodServic: GoogleInputMethodService.onFinishInput():3138 
08-06 04:58:53.937 13866 13866 I GoogleInputMethodServic: GoogleInputMethodService.onStartInput():1808 
08-06 04:58:53.959 11539 11550 I art     : Explicit concurrent mark sweep GC freed 429(16KB) AllocSpace objects, 0(0B) LOS objects, 10% free, 136MB/152MB, paused 1.170ms total 42.201ms
08-06 04:58:53.978 11539 11550 I art     : Starting a blocking GC Explicit
08-06 04:58:54.024 11539 11550 I art     : Explicit concurrent mark sweep GC freed 151(6KB) AllocSpace objects, 0(0B) LOS objects, 10% free, 136MB/152MB, paused 1.287ms total 45.615ms
08-06 04:58:54.045 11539 11550 I art     : Starting a blocking GC Explicit
08-06 04:58:54.086 11539 11550 I art     : Explicit concurrent mark sweep GC freed 130(3KB) AllocSpace objects, 0(0B) LOS objects, 10% free, 136MB/152MB, paused 1.111ms total 40.759ms
08-06 04:58:54.100  9137  9137 I ServiceManager: Waiting for service AtCmdFwd...
08-06 04:58:54.103 11539 11550 I art     : Starting a blocking GC Explicit
08-06 04:58:54.151 11539 11550 I art     : Explicit concurrent mark sweep GC freed 120(2800B) AllocSpace objects, 0(0B) LOS objects, 10% free, 136MB/152MB, paused 1.113ms total 48.046ms
08-06 04:58:54.271   380   380 W SurfaceFlinger: couldn't log to binary event log: overflow.
08-06 04:58:54.510 11539 11600 I art     : Starting a blocking GC Explicit
08-06 04:58:54.555 11539 11600 I art     : Explicit concurrent mark sweep GC freed 1800(96KB) AllocSpace objects, 2(36KB) LOS objects, 10% free, 136MB/152MB, paused 1.147ms total 45.535ms
08-06 04:58:54.572 11539 11600 I art     : Starting a blocking GC Explicit
08-06 04:58:54.614 11539 11600 I art     : Explicit concurrent mark sweep GC freed 6625(360KB) AllocSpace objects, 13(264KB) LOS objects, 10% free, 135MB/151MB, paused 1.181ms total 41.928ms
08-06 04:58:54.631 11539 11600 I art     : Starting a blocking GC Explicit
08-06 04:58:54.672 11539 11600 I art     : Explicit concurrent mark sweep GC freed 37(1088B) AllocSpace objects, 0(0B) LOS objects, 10% free, 135MB/151MB, paused 1.129ms total 41.149ms
08-06 04:58:54.689 11539 11600 I art     : Starting a blocking GC Explicit
08-06 04:58:54.733 11539 11600 I art     : Explicit concurrent mark sweep GC freed 2423(126KB) AllocSpace objects, 3(200KB) LOS objects, 10% free, 135MB/151MB, paused 1.493ms total 43.035ms
08-06 04:58:54.749 11539 11600 I art     : Starting a blocking GC Explicit
08-06 04:58:54.770 11539 13343 I NAPPA_EXPERIMENTATION: MetricNetworkRequestExecutionTime: REQUEST_DURATION_SYSTEM='864',REQUEST_DURATION_OKHTTP='32',REQUEST_SYNCHRONOUS='FALSE',RESPONSE_CODE='200',RESPONSE_METHOD='GET',RESPONSE_LENGTH_OKHTTP='36',RESPONSE_LENGTH_HEADER='36',REQUEST_PROTOCOL='http/1.1',REQUEST_URL='https://project-travel-mate.herokuapp.com/api/number-of-unread-notifications',
08-06 04:58:54.792 11539 11600 I art     : Explicit concurrent mark sweep GC freed 1181(131KB) AllocSpace objects, 0(0B) LOS objects, 10% free, 135MB/151MB, paused 1.133ms total 42.776ms
08-06 04:58:55.100  9137  9137 I ServiceManager: Waiting for service AtCmdFwd...
08-06 04:58:55.172 11539 11551 I art     : Starting a blocking GC Explicit
08-06 04:58:55.219 11539 11551 I art     : Explicit concurrent mark sweep GC freed 1731(98KB) AllocSpace objects, 2(36KB) LOS objects, 10% free, 135MB/151MB, paused 1.208ms total 46.546ms
08-06 04:58:55.237 11539 11551 I art     : Starting a blocking GC Explicit
08-06 04:58:55.282 11539 11551 I art     : Explicit concurrent mark sweep GC freed 38(1568B) AllocSpace objects, 0(0B) LOS objects, 10% free, 135MB/151MB, paused 1.093ms total 44.631ms
08-06 04:58:55.299 11539 11551 I art     : Starting a blocking GC Explicit
08-06 04:58:55.344 11539 11551 I art     : Explicit concurrent mark sweep GC freed 3(96B) AllocSpace objects, 0(0B) LOS objects, 10% free, 135MB/151MB, paused 1.144ms total 45.222ms
08-06 04:58:55.362 11539 11551 I art     : Starting a blocking GC Explicit
08-06 04:58:55.407 11539 11551 I art     : Explicit concurrent mark sweep GC freed 3(96B) AllocSpace objects, 0(0B) LOS objects, 10% free, 135MB/151MB, paused 1.236ms total 45.157ms
08-06 04:58:55.425 11539 11551 I art     : Starting a blocking GC Explicit
08-06 04:58:55.470 11539 11551 I art     : Explicit concurrent mark sweep GC freed 3(96B) AllocSpace objects, 0(0B) LOS objects, 10% free, 135MB/151MB, paused 1.175ms total 44.930ms
08-06 04:58:55.678 13366 13366 D AndroidRuntime: >>>>>> START com.android.internal.os.RuntimeInit uid 2000 <<<<<<
08-06 04:58:55.684 13366 13366 D AndroidRuntime: CheckJNI is OFF
08-06 04:58:55.715   918  3261 D WifiStateMachine: starting scan for "H369AA63323"WPA_PSK with 2412,5180
08-06 04:58:55.725 13366 13366 D ICU     : No timezone override file found: /data/misc/zoneinfo/current/icu/icu_tzdata.dat
08-06 04:58:55.764 13366 13366 I Radio-JNI: register_android_hardware_Radio DONE
08-06 04:58:55.793 13366 13366 D AndroidRuntime: Calling main entry com.android.commands.input.Input
08-06 04:58:55.797 13366 13366 I Input   : injectMotionEvent: MotionEvent { action=ACTION_DOWN, actionButton=0, id[0]=0, x[0]=657.0, y[0]=2080.0, toolType[0]=TOOL_TYPE_UNKNOWN, buttonState=0, metaState=0, flags=0x0, edgeFlags=0x0, pointerCount=1, historySize=0, eventTime=853152208, downTime=853152208, deviceId=0, source=0x1002 }
08-06 04:58:55.810 13366 13366 I Input   : injectMotionEvent: MotionEvent { action=ACTION_UP, actionButton=0, id[0]=0, x[0]=657.0, y[0]=2080.0, toolType[0]=TOOL_TYPE_UNKNOWN, buttonState=0, metaState=0, flags=0x0, edgeFlags=0x0, pointerCount=1, historySize=0, eventTime=853152208, downTime=853152208, deviceId=0, source=0x1002 }
08-06 04:58:55.848 13366 13366 D AndroidRuntime: Shutting down VM
08-06 04:58:55.848   918  3696 I ActivityManager: START u0 {cmp=baseline.io.github.project_travel_mate/.utilities.UpcomingWeekendsActivity} from uid 10696 on display 0
08-06 04:58:55.850   512  2967 D audio_hw_primary: out_set_parameters: enter: usecase(1: low-latency-playback) kvpairs: routing=2
08-06 04:58:55.860 11539 11557 I art     : Starting a blocking GC Explicit
08-06 04:58:55.863   512  2967 D audio_hw_primary: select_devices: out_snd_device(2: speaker) in_snd_device(0: none)
08-06 04:58:55.863   512  2967 D msm8974_platform: platform_send_audio_calibration: sending audio calibration for snd_device(2) acdb_id(15)
08-06 04:58:55.864   512  2967 I soundtrigger: audio_extn_sound_trigger_update_device_status: device 0x2 of type 0 for Event 1
08-06 04:58:55.873   512  2967 D audio_hw_primary: enable_snd_device: snd_device(2: speaker)
08-06 04:58:55.875   512  2967 D audio_hw_primary: enable_audio_route: apply and update mixer path: low-latency-playback speaker
08-06 04:58:55.877 11539 11620 D Gabe    : call	returning from cache
08-06 04:58:55.880 11539 11539 V EXECUTING: https://project-travel-mate.herokuapp.com/api/get-upcoming-holidays/2020
08-06 04:58:55.882 11539 11539 V EXECUTING: https://project-travel-mate.herokuapp.com/api/get-upcoming-holidays/2020
08-06 04:58:55.901 11539 11557 I art     : Explicit concurrent mark sweep GC freed 2324(144KB) AllocSpace objects, 2(36KB) LOS objects, 10% free, 135MB/151MB, paused 1.279ms total 41.135ms
08-06 04:58:55.919 11539 11557 I art     : Starting a blocking GC Explicit
08-06 04:58:55.961 11539 11557 I art     : Explicit concurrent mark sweep GC freed 659(37KB) AllocSpace objects, 0(0B) LOS objects, 10% free, 135MB/151MB, paused 1.254ms total 42.191ms
08-06 04:58:55.974 13866 13866 I GoogleInputMethodServic: GoogleInputMethodService.onFinishInput():3138 
08-06 04:58:55.975 13866 13866 I GoogleInputMethodServic: GoogleInputMethodService.onStartInput():1808 
08-06 04:58:55.979 11539 11557 I art     : Starting a blocking GC Explicit
08-06 04:58:56.023 11539 11557 I art     : Explicit concurrent mark sweep GC freed 528(18KB) AllocSpace objects, 0(0B) LOS objects, 10% free, 140MB/156MB, paused 1.593ms total 43.942ms
08-06 04:58:56.040 11539 11557 I art     : Starting a blocking GC Explicit
08-06 04:58:56.068   918   936 I ActivityManager: Displayed baseline.io.github.project_travel_mate/.utilities.UpcomingWeekendsActivity: +207ms
08-06 04:58:56.082 11539 11557 I art     : Explicit concurrent mark sweep GC freed 96(2224B) AllocSpace objects, 0(0B) LOS objects, 10% free, 140MB/156MB, paused 1.347ms total 41.495ms
08-06 04:58:56.099 11539 11557 I art     : Starting a blocking GC Explicit
08-06 04:58:56.101  9137  9137 I ServiceManager: Waiting for service AtCmdFwd...
08-06 04:58:56.145 11539 11557 I art     : Explicit concurrent mark sweep GC freed 47(848B) AllocSpace objects, 0(0B) LOS objects, 10% free, 140MB/156MB, paused 1.177ms total 45.233ms
08-06 04:58:56.324   380   380 W SurfaceFlinger: couldn't log to binary event log: overflow.
08-06 04:58:56.408   512  2967 D audio_hw_primary: disable_audio_route: reset and update mixer path: low-latency-playback speaker
08-06 04:58:56.409   512  2967 D audio_hw_primary: disable_snd_device: snd_device(2: speaker)
08-06 04:58:56.417   512  2967 I soundtrigger: audio_extn_sound_trigger_update_device_status: device 0x2 of type 0 for Event 0
08-06 04:58:56.539 11539 11551 I art     : Starting a blocking GC Explicit
08-06 04:58:56.586 11539 11551 I art     : Explicit concurrent mark sweep GC freed 7263(364KB) AllocSpace objects, 8(436KB) LOS objects, 10% free, 140MB/156MB, paused 1.990ms total 46.733ms
08-06 04:58:56.603 11539 11551 I art     : Starting a blocking GC Explicit
08-06 04:58:56.626 11539 13390 I NAPPA_EXPERIMENTATION: MetricNetworkRequestExecutionTime: REQUEST_DURATION_SYSTEM='745',REQUEST_DURATION_OKHTTP='44',REQUEST_SYNCHRONOUS='FALSE',RESPONSE_CODE='200',RESPONSE_METHOD='GET',RESPONSE_LENGTH_OKHTTP='6426',RESPONSE_LENGTH_HEADER='6426',REQUEST_PROTOCOL='http/1.1',REQUEST_URL='https://project-travel-mate.herokuapp.com/api/get-upcoming-holidays/2020',
08-06 04:58:56.639 11539 13391 I NAPPA_EXPERIMENTATION: MetricNetworkRequestExecutionTime: REQUEST_DURATION_SYSTEM='756',REQUEST_DURATION_OKHTTP='54',REQUEST_SYNCHRONOUS='FALSE',RESPONSE_CODE='200',RESPONSE_METHOD='GET',RESPONSE_LENGTH_OKHTTP='6426',RESPONSE_LENGTH_HEADER='6426',REQUEST_PROTOCOL='http/1.1',REQUEST_URL='https://project-travel-mate.herokuapp.com/api/get-upcoming-holidays/2020',
08-06 04:58:56.647 11539 11551 I art     : Explicit concurrent mark sweep GC freed 2286(258KB) AllocSpace objects, 2(32KB) LOS objects, 10% free, 140MB/156MB, paused 1.370ms total 43.400ms
08-06 04:58:56.665 11539 11551 I art     : Starting a blocking GC Explicit
08-06 04:58:56.683 11539 11539 V Response: [{"month":"January","date":1,"day":"Wednesday","name":"New Year's Day","type":"Restricted"},{"month":"January","date":2,"day":"Thursday","name":"Guru Govind Singh Jayanti","type":"Restricted"},{"month":"January","date":14,"day":"Tuesday","name":"Lohri","type":"Restricted"},{"month":"January","date":15,"day":"Wednesday","name":"Pongal","type":"Restricted"},{"month":"January","date":15,"day":"Wednesday","name":"Makar Sankranti","type":"Restricted"},{"month":"January","date":25,"day":"Saturday","name":"Chinese New Year","type":"Observance"},{"month":"January","date":26,"day":"Sunday","name":"Republic Day","type":"Gazetted"},{"month":"January","date":30,"day":"Thursday","name":"Vasant Panchami","type":"Restricted"},{"month":"February","date":9,"day":"Sunday","name":"Guru Ravidas Jayanti","type":"Restricted"},{"month":"February","date":14,"day":"Friday","name":"Valentine's Day","type":"Observance"},{"month":"February","date":18,"day":"Tuesday","name":"Maharishi Dayanand Saraswati Jayanti","type":"Restricted"},{"month":"February","date":19,"day":"Wednesday","name":"Shivaji Jayanti","type":"Restricted"},{"month":"February","date":21,"day":"Friday","name":"Maha Shivaratri/Shivaratri","type":"Gazetted"},{"month":"March","date":9,"day":"Monday","name":"Holika Dahana","type":"Restricted"},{"month":"March","date":9,"day":"Monday","name":"Hazarat Ali's Birthday","type":"Restricted"},{"month":"March","date":10,"day":"Tuesday","name":"Holi","type":"Gazetted"},{"month":"March","date":20,"day":"Friday","name":"March Equinox","type":"Season"},{"month":"March","date":25,"day":"Wednesday","name":"Chaitra Sukhladi","type":"Restricted"},{"month":"April","date":2,"day":"Thursday","name":"Rama Navami","type":"Gazetted"},{"month":"April","date":6,"day":"Monday","name":"Mahavir Jayanti","type":"Gazetted"},{"month":"April","date":9,"day":"Thursday","name":"First day of Passover","type":"Observance"},{"month":"April","date":9,"day":"Thursday","name":"Maundy Thursday","type":"Observance,"},{"month":"April","date":10,"day":"Friday","name":"Good Friday","type":"Gazetted"},{"month":"April","date":12,"day":"Sunday","name":"Easter Day","type":"Restricted"},{"month":"April","date":13,"day":"Monday","name":"Vaisakhi","type":"Restricted"},{"month":"April","date":14,"day":"Tuesday","name":"Mesadi/Vaisakhadi","type":"Restricted"},{"month":"April","date":14,"day":"Tuesday","name":"Ambedkar Jayanti","type":"Central"},{"month":"May","date":1,"day":"Friday","name":"May Day","type":"Observance"},{"month":"May","date":7,"day":"Thursday","name":"Buddha Purnima/Vesak","type":"Gazetted"},{"month":"May","date":7,"day":"Thursday","name":"Birthday of Ravindranath","type":"Restricted"},{"month":"May","date":10,"day":"Sunday","name":"Mother's Day","type":"Observance"},{"month":"May","date":22,"day":"Friday","name":"Jamat Ul-Vida","type":"Restricted"},{"month":"May","date":25,"day":"Monday","name":"Ramzan Id/Eid-ul-Fitar","type":"Gazetted"},{"month":"May","date":25,"day":"Monday","name":"Ramzan Id/Eid-ul-Fitar","type":"Muslim,"},{"month":"June","date":21,"day":"Sunday","name":"June Solstice","type":"Season"},{"month":"June","date":21,"day":"Sunday","name":"Father's Day","type":"Observance"},{"month":"June","date":23,"day":"Tuesday","name":"Rath Yatra","type":"Restricted"},{"month":"July","date":5,"day":"Sunday","name":"Guru Purnima","type":"Observance"},{"month":"July","date":31,"day":"Friday","name":"Bakr Id/Eid ul-Adha","type":"Gazetted"},{"month":"August","date":2,"day":"Sunday","name":"Friendship Day","type":"Observance"},{"month":"August","date":3,"day":"Monday","name":"Raksha Bandhan (Rakhi)","type":"Restricted"},{"month":"August","date":11,"day":"Tuesday","name":"Janmashtami (Smarta)","type":"Restricted"},{"month":"August","date":12,"day":"Wednesday","name":"Janmashtami","type":"Gazetted"},{"month":"August","date":15,"day":"Saturday","name":"Independence Day","type":"Gazetted"},{"month":"August","date":16,"day":"Sunday","name":"Parsi New Year","type":"Restricted"},{"month":"August","date":22,"day":"Saturday","name":"Ganesh Chaturthi/Vin
08-06 04:58:56.709 11539 11551 I art     : Explicit concurrent mark sweep GC freed 4036(146KB) AllocSpace objects, 1(16KB) LOS objects, 10% free, 140MB/156MB, paused 1.485ms total 44.350ms
08-06 04:58:56.726 11539 11551 I art     : Starting a blocking GC Explicit
08-06 04:58:56.751 11539 11539 V Response: [{"month":"January","date":1,"day":"Wednesday","name":"New Year's Day","type":"Restricted"},{"month":"January","date":2,"day":"Thursday","name":"Guru Govind Singh Jayanti","type":"Restricted"},{"month":"January","date":14,"day":"Tuesday","name":"Lohri","type":"Restricted"},{"month":"January","date":15,"day":"Wednesday","name":"Pongal","type":"Restricted"},{"month":"January","date":15,"day":"Wednesday","name":"Makar Sankranti","type":"Restricted"},{"month":"January","date":25,"day":"Saturday","name":"Chinese New Year","type":"Observance"},{"month":"January","date":26,"day":"Sunday","name":"Republic Day","type":"Gazetted"},{"month":"January","date":30,"day":"Thursday","name":"Vasant Panchami","type":"Restricted"},{"month":"February","date":9,"day":"Sunday","name":"Guru Ravidas Jayanti","type":"Restricted"},{"month":"February","date":14,"day":"Friday","name":"Valentine's Day","type":"Observance"},{"month":"February","date":18,"day":"Tuesday","name":"Maharishi Dayanand Saraswati Jayanti","type":"Restricted"},{"month":"February","date":19,"day":"Wednesday","name":"Shivaji Jayanti","type":"Restricted"},{"month":"February","date":21,"day":"Friday","name":"Maha Shivaratri/Shivaratri","type":"Gazetted"},{"month":"March","date":9,"day":"Monday","name":"Holika Dahana","type":"Restricted"},{"month":"March","date":9,"day":"Monday","name":"Hazarat Ali's Birthday","type":"Restricted"},{"month":"March","date":10,"day":"Tuesday","name":"Holi","type":"Gazetted"},{"month":"March","date":20,"day":"Friday","name":"March Equinox","type":"Season"},{"month":"March","date":25,"day":"Wednesday","name":"Chaitra Sukhladi","type":"Restricted"},{"month":"April","date":2,"day":"Thursday","name":"Rama Navami","type":"Gazetted"},{"month":"April","date":6,"day":"Monday","name":"Mahavir Jayanti","type":"Gazetted"},{"month":"April","date":9,"day":"Thursday","name":"First day of Passover","type":"Observance"},{"month":"April","date":9,"day":"Thursday","name":"Maundy Thursday","type":"Observance,"},{"month":"April","date":10,"day":"Friday","name":"Good Friday","type":"Gazetted"},{"month":"April","date":12,"day":"Sunday","name":"Easter Day","type":"Restricted"},{"month":"April","date":13,"day":"Monday","name":"Vaisakhi","type":"Restricted"},{"month":"April","date":14,"day":"Tuesday","name":"Mesadi/Vaisakhadi","type":"Restricted"},{"month":"April","date":14,"day":"Tuesday","name":"Ambedkar Jayanti","type":"Central"},{"month":"May","date":1,"day":"Friday","name":"May Day","type":"Observance"},{"month":"May","date":7,"day":"Thursday","name":"Buddha Purnima/Vesak","type":"Gazetted"},{"month":"May","date":7,"day":"Thursday","name":"Birthday of Ravindranath","type":"Restricted"},{"month":"May","date":10,"day":"Sunday","name":"Mother's Day","type":"Observance"},{"month":"May","date":22,"day":"Friday","name":"Jamat Ul-Vida","type":"Restricted"},{"month":"May","date":25,"day":"Monday","name":"Ramzan Id/Eid-ul-Fitar","type":"Gazetted"},{"month":"May","date":25,"day":"Monday","name":"Ramzan Id/Eid-ul-Fitar","type":"Muslim,"},{"month":"June","date":21,"day":"Sunday","name":"June Solstice","type":"Season"},{"month":"June","date":21,"day":"Sunday","name":"Father's Day","type":"Observance"},{"month":"June","date":23,"day":"Tuesday","name":"Rath Yatra","type":"Restricted"},{"month":"July","date":5,"day":"Sunday","name":"Guru Purnima","type":"Observance"},{"month":"July","date":31,"day":"Friday","name":"Bakr Id/Eid ul-Adha","type":"Gazetted"},{"month":"August","date":2,"day":"Sunday","name":"Friendship Day","type":"Observance"},{"month":"August","date":3,"day":"Monday","name":"Raksha Bandhan (Rakhi)","type":"Restricted"},{"month":"August","date":11,"day":"Tuesday","name":"Janmashtami (Smarta)","type":"Restricted"},{"month":"August","date":12,"day":"Wednesday","name":"Janmashtami","type":"Gazetted"},{"month":"August","date":15,"day":"Saturday","name":"Independence Day","type":"Gazetted"},{"month":"August","date":16,"day":"Sunday","name":"Parsi New Year","type":"Restricted"},{"month":"August","date":22,"day":"Saturday","name":"Ganesh Chaturthi/Vin
08-06 04:58:56.768 11539 11551 I art     : Explicit concurrent mark sweep GC freed 7292(267KB) AllocSpace objects, 0(0B) LOS objects, 10% free, 140MB/156MB, paused 1.620ms total 42.402ms
08-06 04:58:56.786 11539 11551 I art     : Starting a blocking GC Explicit
08-06 04:58:56.833 11539 11551 I art     : Explicit concurrent mark sweep GC freed 2446(87KB) AllocSpace objects, 1(4MB) LOS objects, 10% free, 137MB/153MB, paused 1.201ms total 47.102ms
08-06 04:58:57.102  9137  9137 I ServiceManager: Waiting for service AtCmdFwd...
08-06 04:58:57.228 11539 11557 I art     : Starting a blocking GC Explicit
08-06 04:58:57.281 11539 11557 I art     : Explicit concurrent mark sweep GC freed 3417(178KB) AllocSpace objects, 13(256KB) LOS objects, 10% free, 136MB/152MB, paused 1.274ms total 52.492ms
08-06 04:58:57.302 11539 11557 I art     : Starting a blocking GC Explicit
08-06 04:58:57.349 11539 11557 I art     : Explicit concurrent mark sweep GC freed 148(3KB) AllocSpace objects, 0(0B) LOS objects, 10% free, 136MB/152MB, paused 1.212ms total 46.497ms
08-06 04:58:57.367 11539 11557 I art     : Starting a blocking GC Explicit
08-06 04:58:57.416 11539 11557 I art     : Explicit concurrent mark sweep GC freed 99(1696B) AllocSpace objects, 0(0B) LOS objects, 10% free, 136MB/152MB, paused 1.183ms total 48.690ms
08-06 04:58:57.433 11539 11557 I art     : Starting a blocking GC Explicit
08-06 04:58:57.486 11539 11557 I art     : Explicit concurrent mark sweep GC freed 99(1696B) AllocSpace objects, 0(0B) LOS objects, 10% free, 136MB/152MB, paused 1.231ms total 52.241ms
08-06 04:58:57.505 11539 11557 I art     : Starting a blocking GC Explicit
08-06 04:58:57.559 11539 11557 I art     : Explicit concurrent mark sweep GC freed 99(1696B) AllocSpace objects, 0(0B) LOS objects, 10% free, 136MB/152MB, paused 1.189ms total 53.704ms
08-06 04:58:57.976 11539 11599 I art     : Starting a blocking GC Explicit
08-06 04:58:58.033 11539 11599 I art     : Explicit concurrent mark sweep GC freed 2307(104KB) AllocSpace objects, 2(36KB) LOS objects, 10% free, 136MB/152MB, paused 1.237ms total 57.205ms
08-06 04:58:58.054 11539 11599 I art     : Starting a blocking GC Explicit
08-06 04:58:58.102  9137  9137 W Atfwd_Sendcmd: AtCmdFwd service not published, waiting... retryCnt : 1
08-06 04:58:58.104 11539 11599 I art     : Explicit concurrent mark sweep GC freed 126(2688B) AllocSpace objects, 0(0B) LOS objects, 10% free, 136MB/152MB, paused 1.110ms total 49.402ms
08-06 04:58:58.122 11539 11599 I art     : Starting a blocking GC Explicit
08-06 04:58:58.175 11539 11599 I art     : Explicit concurrent mark sweep GC freed 111(2352B) AllocSpace objects, 0(0B) LOS objects, 10% free, 136MB/152MB, paused 1.214ms total 52.417ms
08-06 04:58:58.193 11539 11599 I art     : Starting a blocking GC Explicit
08-06 04:58:58.245 11539 11599 I art     : Explicit concurrent mark sweep GC freed 110(2240B) AllocSpace objects, 0(0B) LOS objects, 10% free, 136MB/152MB, paused 1.414ms total 51.688ms
08-06 04:58:58.263 11539 11599 I art     : Starting a blocking GC Explicit
08-06 04:58:58.318 11539 11599 I art     : Explicit concurrent mark sweep GC freed 122(2096B) AllocSpace objects, 0(0B) LOS objects, 10% free, 136MB/152MB, paused 1.336ms total 54.213ms
08-06 04:58:58.722 11539 11600 I art     : Starting a blocking GC Explicit
08-06 04:58:58.778 11539 11600 I art     : Explicit concurrent mark sweep GC freed 2261(103KB) AllocSpace objects, 2(36KB) LOS objects, 10% free, 136MB/152MB, paused 1.271ms total 55.388ms
08-06 04:58:58.796 11539 11600 I art     : Starting a blocking GC Explicit
08-06 04:58:58.848 11539 11600 I art     : Explicit concurrent mark sweep GC freed 133(2768B) AllocSpace objects, 0(0B) LOS objects, 10% free, 136MB/152MB, paused 1.344ms total 51.622ms
08-06 04:58:58.867 11539 11600 I art     : Starting a blocking GC Explicit
08-06 04:58:58.920 11539 11600 I art     : Explicit concurrent mark sweep GC freed 114(1952B) AllocSpace objects, 0(0B) LOS objects, 10% free, 136MB/152MB, paused 1.273ms total 53.344ms
08-06 04:58:58.921 11539 11549 I art     : WaitForGcToComplete blocked for 21.823ms for cause HeapTrim
08-06 04:58:58.942 11539 11600 I art     : Starting a blocking GC Explicit
08-06 04:58:58.993 11539 11600 I art     : Explicit concurrent mark sweep GC freed 99(1696B) AllocSpace objects, 0(0B) LOS objects, 10% free, 136MB/152MB, paused 1.167ms total 50.780ms
08-06 04:58:59.011 11539 11600 I art     : Starting a blocking GC Explicit
08-06 04:58:59.064 11539 11600 I art     : Explicit concurrent mark sweep GC freed 123(2096B) AllocSpace objects, 0(0B) LOS objects, 10% free, 136MB/152MB, paused 1.257ms total 52.579ms
08-06 04:58:59.431   918  3188 I hubconnection: sensorhub said: 'set_bias 3: -6.2304, 0.0000, 0.0000'
08-06 04:58:59.473 11539 11550 I art     : Starting a blocking GC Explicit
08-06 04:58:59.530 11539 11550 I art     : Explicit concurrent mark sweep GC freed 2231(102KB) AllocSpace objects, 2(36KB) LOS objects, 10% free, 136MB/152MB, paused 1.330ms total 56.235ms
08-06 04:58:59.550 11539 11550 I art     : Starting a blocking GC Explicit
08-06 04:58:59.601 11539 11550 I art     : Explicit concurrent mark sweep GC freed 147(2992B) AllocSpace objects, 0(0B) LOS objects, 10% free, 136MB/152MB, paused 1.248ms total 50.015ms
08-06 04:58:59.619 11539 11550 I art     : Starting a blocking GC Explicit
08-06 04:58:59.671 11539 11550 I art     : Explicit concurrent mark sweep GC freed 131(2560B) AllocSpace objects, 0(0B) LOS objects, 10% free, 136MB/152MB, paused 1.258ms total 52.108ms
08-06 04:58:59.690 11539 11550 I art     : Starting a blocking GC Explicit
08-06 04:58:59.741 11539 11550 I art     : Explicit concurrent mark sweep GC freed 99(1696B) AllocSpace objects, 0(0B) LOS objects, 10% free, 136MB/152MB, paused 1.110ms total 51.206ms
08-06 04:58:59.759 11539 11550 I art     : Starting a blocking GC Explicit
08-06 04:58:59.813 11539 11550 I art     : Explicit concurrent mark sweep GC freed 101(1728B) AllocSpace objects, 0(0B) LOS objects, 10% free, 136MB/152MB, paused 1.382ms total 53.558ms
08-06 04:59:00.234 11539 11551 I art     : Starting a blocking GC Explicit
08-06 04:59:00.289 11539 11551 I art     : Explicit concurrent mark sweep GC freed 2301(104KB) AllocSpace objects, 2(36KB) LOS objects, 10% free, 136MB/152MB, paused 1.305ms total 54.388ms
08-06 04:59:00.307 11539 11551 I art     : Starting a blocking GC Explicit
08-06 04:59:00.359 11539 11551 I art     : Explicit concurrent mark sweep GC freed 148(3KB) AllocSpace objects, 0(0B) LOS objects, 10% free, 136MB/152MB, paused 1.271ms total 51.538ms
08-06 04:59:00.377 11539 11551 I art     : Starting a blocking GC Explicit
08-06 04:59:00.429 11539 11551 I art     : Explicit concurrent mark sweep GC freed 99(1696B) AllocSpace objects, 0(0B) LOS objects, 10% free, 136MB/152MB, paused 1.243ms total 51.808ms
08-06 04:59:00.447 11539 11551 I art     : Starting a blocking GC Explicit
08-06 04:59:00.501 11539 11551 I art     : Explicit concurrent mark sweep GC freed 134(2640B) AllocSpace objects, 0(0B) LOS objects, 10% free, 136MB/152MB, paused 1.260ms total 54.052ms
08-06 04:59:00.520 11539 11551 I art     : Starting a blocking GC Explicit
08-06 04:59:00.571 11539 11551 I art     : Explicit concurrent mark sweep GC freed 115(2192B) AllocSpace objects, 0(0B) LOS objects, 10% free, 136MB/152MB, paused 1.170ms total 50.830ms
08-06 04:59:00.635 13457 13457 D AndroidRuntime: >>>>>> START com.android.internal.os.RuntimeInit uid 2000 <<<<<<
08-06 04:59:00.642 13457 13457 D AndroidRuntime: CheckJNI is OFF
08-06 04:59:00.685 13457 13457 D ICU     : No timezone override file found: /data/misc/zoneinfo/current/icu/icu_tzdata.dat
08-06 04:59:00.730 13457 13457 I Radio-JNI: register_android_hardware_Radio DONE
08-06 04:59:00.759 13457 13457 D AndroidRuntime: Calling main entry com.android.commands.input.Input
08-06 04:59:00.761 13457 13457 I Input   : injectKeyEvent: KeyEvent { action=ACTION_DOWN, keyCode=KEYCODE_BACK, scanCode=0, metaState=0, flags=0x0, repeatCount=0, eventTime=853157174, downTime=853157174, deviceId=-1, source=0x101 }
08-06 04:59:00.767 13457 13457 I Input   : injectKeyEvent: KeyEvent { action=ACTION_UP, keyCode=KEYCODE_BACK, scanCode=0, metaState=0, flags=0x0, repeatCount=0, eventTime=853157174, downTime=853157174, deviceId=-1, source=0x101 }
08-06 04:59:00.773 13457 13457 D AndroidRuntime: Shutting down VM
08-06 04:59:00.784 11539 11539 V MainActivity: url = https://project-travel-mate.herokuapp.com/api/number-of-unread-notifications
08-06 04:59:00.813 13866 13866 I GoogleInputMethodServic: GoogleInputMethodService.onFinishInput():3138 
08-06 04:59:00.813 13866 13866 I GoogleInputMethodServic: GoogleInputMethodService.onStartInput():1808 
08-06 04:59:00.983 11539 11551 I art     : Starting a blocking GC Explicit
08-06 04:59:01.036 11539 11551 I art     : Explicit concurrent mark sweep GC freed 2641(123KB) AllocSpace objects, 2(36KB) LOS objects, 10% free, 136MB/152MB, paused 1.421ms total 52.905ms
08-06 04:59:01.056 11539 11551 I art     : Starting a blocking GC Explicit
08-06 04:59:01.115 11539 11551 I art     : Explicit concurrent mark sweep GC freed 199(5KB) AllocSpace objects, 0(0B) LOS objects, 10% free, 136MB/152MB, paused 1.239ms total 58.182ms
08-06 04:59:01.136 11539 11551 I art     : Starting a blocking GC Explicit
08-06 04:59:01.145   380   380 W SurfaceFlinger: couldn't log to binary event log: overflow.
08-06 04:59:01.183 11539 11551 I art     : Explicit concurrent mark sweep GC freed 83(2432B) AllocSpace objects, 1(188KB) LOS objects, 10% free, 136MB/152MB, paused 1.188ms total 46.322ms
08-06 04:59:01.200 11539 11551 I art     : Starting a blocking GC Explicit
08-06 04:59:01.248 11539 11551 I art     : Explicit concurrent mark sweep GC freed 25(1200B) AllocSpace objects, 0(0B) LOS objects, 10% free, 136MB/152MB, paused 1.248ms total 47.513ms
08-06 04:59:01.265 11539 11551 I art     : Starting a blocking GC Explicit
08-06 04:59:01.315 11539 11551 I art     : Explicit concurrent mark sweep GC freed 9181(491KB) AllocSpace objects, 15(384KB) LOS objects, 10% free, 136MB/152MB, paused 1.254ms total 49.422ms
08-06 04:59:01.327 11539 13476 I NAPPA_EXPERIMENTATION: MetricNetworkRequestExecutionTime: REQUEST_DURATION_SYSTEM='542',REQUEST_DURATION_OKHTTP='36',REQUEST_SYNCHRONOUS='FALSE',RESPONSE_CODE='200',RESPONSE_METHOD='GET',RESPONSE_LENGTH_OKHTTP='36',RESPONSE_LENGTH_HEADER='36',REQUEST_PROTOCOL='http/1.1',REQUEST_URL='https://project-travel-mate.herokuapp.com/api/number-of-unread-notifications',
08-06 04:59:01.729 11539 11599 I art     : Starting a blocking GC Explicit
08-06 04:59:01.787 11539 11599 I art     : Explicit concurrent mark sweep GC freed 2773(222KB) AllocSpace objects, 3(116KB) LOS objects, 10% free, 136MB/152MB, paused 1.265ms total 57.797ms
08-06 04:59:01.809 11539 11599 I art     : Starting a blocking GC Explicit
08-06 04:59:01.856 11539 11599 I art     : Explicit concurrent mark sweep GC freed 45(3KB) AllocSpace objects, 0(0B) LOS objects, 10% free, 136MB/152MB, paused 1.191ms total 47.101ms
08-06 04:59:01.874 11539 11599 I art     : Starting a blocking GC Explicit
08-06 04:59:01.923 11539 11599 I art     : Explicit concurrent mark sweep GC freed 3(96B) AllocSpace objects, 0(0B) LOS objects, 10% free, 136MB/152MB, paused 1.191ms total 48.423ms
08-06 04:59:01.941 11539 11599 I art     : Starting a blocking GC Explicit
08-06 04:59:01.989 11539 11599 I art     : Explicit concurrent mark sweep GC freed 3(96B) AllocSpace objects, 0(0B) LOS objects, 10% free, 136MB/152MB, paused 1.238ms total 47.898ms
08-06 04:59:02.007 11539 11599 I art     : Starting a blocking GC Explicit
08-06 04:59:02.054 11539 11599 I art     : Explicit concurrent mark sweep GC freed 3(96B) AllocSpace objects, 0(0B) LOS objects, 10% free, 136MB/152MB, paused 1.201ms total 46.564ms
08-06 04:59:02.442 11539 11557 I art     : Starting a blocking GC Explicit
08-06 04:59:02.484 11539 11557 I art     : Explicit concurrent mark sweep GC freed 1584(92KB) AllocSpace objects, 2(36KB) LOS objects, 10% free, 136MB/152MB, paused 1.133ms total 41.847ms
08-06 04:59:02.504 11539 11557 I art     : Starting a blocking GC Explicit
08-06 04:59:02.548 11539 11557 I art     : Explicit concurrent mark sweep GC freed 32(1152B) AllocSpace objects, 0(0B) LOS objects, 10% free, 136MB/152MB, paused 1.202ms total 43.437ms
08-06 04:59:02.557 13493 13493 D AndroidRuntime: >>>>>> START com.android.internal.os.RuntimeInit uid 2000 <<<<<<
08-06 04:59:02.562 13493 13493 D AndroidRuntime: CheckJNI is OFF
08-06 04:59:02.567 11539 11557 I art     : Starting a blocking GC Explicit
08-06 04:59:02.601 13493 13493 D ICU     : No timezone override file found: /data/misc/zoneinfo/current/icu/icu_tzdata.dat
08-06 04:59:02.611 11539 11557 I art     : Explicit concurrent mark sweep GC freed 5(160B) AllocSpace objects, 0(0B) LOS objects, 10% free, 136MB/152MB, paused 1.096ms total 43.476ms
08-06 04:59:02.628 11539 11557 I art     : Starting a blocking GC Explicit
08-06 04:59:02.641 13493 13493 I Radio-JNI: register_android_hardware_Radio DONE
08-06 04:59:02.669 13493 13493 D AndroidRuntime: Calling main entry com.android.commands.input.Input
08-06 04:59:02.670 11539 11557 I art     : Explicit concurrent mark sweep GC freed 36(992B) AllocSpace objects, 0(0B) LOS objects, 10% free, 136MB/152MB, paused 1.219ms total 41.365ms
08-06 04:59:02.671 13493 13493 I Input   : injectMotionEvent: MotionEvent { action=ACTION_DOWN, actionButton=0, id[0]=0, x[0]=117.0, y[0]=170.0, toolType[0]=TOOL_TYPE_UNKNOWN, buttonState=0, metaState=0, flags=0x0, edgeFlags=0x0, pointerCount=1, historySize=0, eventTime=853159084, downTime=853159084, deviceId=0, source=0x1002 }
08-06 04:59:02.687 11539 11557 I art     : Starting a blocking GC Explicit
08-06 04:59:02.705 13493 13493 I Input   : injectMotionEvent: MotionEvent { action=ACTION_UP, actionButton=0, id[0]=0, x[0]=117.0, y[0]=170.0, toolType[0]=TOOL_TYPE_UNKNOWN, buttonState=0, metaState=0, flags=0x0, edgeFlags=0x0, pointerCount=1, historySize=0, eventTime=853159084, downTime=853159084, deviceId=0, source=0x1002 }
08-06 04:59:02.730 11539 11557 I art     : Explicit concurrent mark sweep GC freed 3(96B) AllocSpace objects, 0(0B) LOS objects, 10% free, 136MB/152MB, paused 1.353ms total 42.624ms
08-06 04:59:02.743 13493 13493 D AndroidRuntime: Shutting down VM
08-06 04:59:02.753   512  2967 D audio_hw_primary: out_set_parameters: enter: usecase(1: low-latency-playback) kvpairs: routing=2
08-06 04:59:02.766   512  2967 D audio_hw_primary: select_devices: out_snd_device(2: speaker) in_snd_device(0: none)
08-06 04:59:02.766   512  2967 D msm8974_platform: platform_send_audio_calibration: sending audio calibration for snd_device(2) acdb_id(15)
08-06 04:59:02.766   512  2967 I soundtrigger: audio_extn_sound_trigger_update_device_status: device 0x2 of type 0 for Event 1
08-06 04:59:02.776   512  2967 D audio_hw_primary: enable_snd_device: snd_device(2: speaker)
08-06 04:59:02.778   512  2967 D audio_hw_primary: enable_audio_route: apply and update mixer path: low-latency-playback speaker
08-06 04:59:03.102  9137  9137 I ServiceManager: Waiting for service AtCmdFwd...
08-06 04:59:03.118 11539 11550 I art     : Starting a blocking GC Explicit
08-06 04:59:03.162 11539 11550 I art     : Explicit concurrent mark sweep GC freed 2040(114KB) AllocSpace objects, 2(36KB) LOS objects, 10% free, 136MB/152MB, paused 1.134ms total 43.093ms
08-06 04:59:03.179 11539 11550 I art     : Starting a blocking GC Explicit
08-06 04:59:03.221 11539 11550 I art     : Explicit concurrent mark sweep GC freed 70(2768B) AllocSpace objects, 0(0B) LOS objects, 10% free, 136MB/152MB, paused 1.131ms total 41.111ms
08-06 04:59:03.238 11539 11550 I art     : Starting a blocking GC Explicit
08-06 04:59:03.282 11539 11550 I art     : Explicit concurrent mark sweep GC freed 6(224B) AllocSpace objects, 0(0B) LOS objects, 10% free, 136MB/152MB, paused 1.106ms total 43.582ms
08-06 04:59:03.300 11539 11550 I art     : Starting a blocking GC Explicit
08-06 04:59:03.319   512  2967 D audio_hw_primary: disable_audio_route: reset and update mixer path: low-latency-playback speaker
08-06 04:59:03.321   512  2967 D audio_hw_primary: disable_snd_device: snd_device(2: speaker)
08-06 04:59:03.328   512  2967 I soundtrigger: audio_extn_sound_trigger_update_device_status: device 0x2 of type 0 for Event 0
08-06 04:59:03.344 11539 11550 I art     : Explicit concurrent mark sweep GC freed 5(160B) AllocSpace objects, 0(0B) LOS objects, 10% free, 136MB/152MB, paused 1.083ms total 44.233ms
08-06 04:59:03.362 11539 11550 I art     : Starting a blocking GC Explicit
08-06 04:59:03.404 11539 11550 I art     : Explicit concurrent mark sweep GC freed 3(96B) AllocSpace objects, 0(0B) LOS objects, 10% free, 136MB/152MB, paused 1.134ms total 42.447ms
08-06 04:59:03.486 13526 13526 D AndroidRuntime: >>>>>> START com.android.internal.os.RuntimeInit uid 2000 <<<<<<
08-06 04:59:03.492 13526 13526 D AndroidRuntime: CheckJNI is OFF
08-06 04:59:03.536 13526 13526 D ICU     : No timezone override file found: /data/misc/zoneinfo/current/icu/icu_tzdata.dat
08-06 04:59:03.582 13526 13526 I Radio-JNI: register_android_hardware_Radio DONE
08-06 04:59:03.610 13526 13526 D AndroidRuntime: Calling main entry com.android.commands.input.Input
08-06 04:59:03.612 13526 13526 I Input   : injectMotionEvent: MotionEvent { action=ACTION_DOWN, actionButton=0, id[0]=0, x[0]=405.0, y[0]=661.0, toolType[0]=TOOL_TYPE_UNKNOWN, buttonState=0, metaState=0, flags=0x0, edgeFlags=0x0, pointerCount=1, historySize=0, eventTime=853160025, downTime=853160025, deviceId=0, source=0x1002 }
08-06 04:59:03.616 13526 13526 I Input   : injectMotionEvent: MotionEvent { action=ACTION_UP, actionButton=0, id[0]=0, x[0]=405.0, y[0]=661.0, toolType[0]=TOOL_TYPE_UNKNOWN, buttonState=0, metaState=0, flags=0x0, edgeFlags=0x0, pointerCount=1, historySize=0, eventTime=853160025, downTime=853160025, deviceId=0, source=0x1002 }
08-06 04:59:03.618 13526 13526 D AndroidRuntime: Shutting down VM
08-06 04:59:03.640   512  2967 D audio_hw_primary: out_set_parameters: enter: usecase(1: low-latency-playback) kvpairs: routing=2
08-06 04:59:03.653   512  2967 D audio_hw_primary: select_devices: out_snd_device(2: speaker) in_snd_device(0: none)
08-06 04:59:03.654   512  2967 D msm8974_platform: platform_send_audio_calibration: sending audio calibration for snd_device(2) acdb_id(15)
08-06 04:59:03.654   512  2967 I soundtrigger: audio_extn_sound_trigger_update_device_status: device 0x2 of type 0 for Event 1
08-06 04:59:03.663   512  2967 D audio_hw_primary: enable_snd_device: snd_device(2: speaker)
08-06 04:59:03.665   512  2967 D audio_hw_primary: enable_audio_route: apply and update mixer path: low-latency-playback speaker
08-06 04:59:03.711   512  2967 D AudioFlinger: mixer(0xf4740000) throttle end: throttle time(12)
08-06 04:59:03.789 11539 11550 I art     : Starting a blocking GC Explicit
08-06 04:59:03.837 11539 11550 I art     : Explicit concurrent mark sweep GC freed 30(2064B) AllocSpace objects, 0(0B) LOS objects, 8% free, 167MB/183MB, paused 1.377ms total 48.200ms
08-06 04:59:03.855 11539 11550 I art     : Starting a blocking GC Explicit
08-06 04:59:03.900 11539 11550 I art     : Explicit concurrent mark sweep GC freed 3(96B) AllocSpace objects, 0(0B) LOS objects, 8% free, 167MB/183MB, paused 1.317ms total 45.006ms
08-06 04:59:03.917 11539 11550 I art     : Starting a blocking GC Explicit
08-06 04:59:03.964 11539 11550 I art     : Explicit concurrent mark sweep GC freed 25(16KB) AllocSpace objects, 0(0B) LOS objects, 8% free, 169MB/185MB, paused 1.388ms total 46.442ms
08-06 04:59:03.982 11539 11550 I art     : Starting a blocking GC Explicit
08-06 04:59:04.028 11539 11550 I art     : Explicit concurrent mark sweep GC freed 38(9KB) AllocSpace objects, 0(0B) LOS objects, 8% free, 177MB/193MB, paused 1.424ms total 46.211ms
08-06 04:59:04.028 11539 11549 I art     : WaitForGcToComplete blocked for 34.651ms for cause HeapTrim
08-06 04:59:04.045 11539 11550 I art     : Starting a blocking GC Explicit
08-06 04:59:04.092 11539 11550 I art     : Explicit concurrent mark sweep GC freed 39(1504B) AllocSpace objects, 0(0B) LOS objects, 8% free, 182MB/198MB, paused 1.393ms total 46.215ms
08-06 04:59:04.103  9137  9137 I ServiceManager: Waiting for service AtCmdFwd...
08-06 04:59:04.199   512  2967 D audio_hw_primary: disable_audio_route: reset and update mixer path: low-latency-playback speaker
08-06 04:59:04.200   512  2967 D audio_hw_primary: disable_snd_device: snd_device(2: speaker)
08-06 04:59:04.208   512  2967 I soundtrigger: audio_extn_sound_trigger_update_device_status: device 0x2 of type 0 for Event 0
08-06 04:59:04.471 11539 11550 I art     : Starting a blocking GC Explicit
08-06 04:59:04.521 11539 11550 I art     : Explicit concurrent mark sweep GC freed 3142(163KB) AllocSpace objects, 11(288KB) LOS objects, 8% free, 182MB/198MB, paused 1.244ms total 50.142ms
08-06 04:59:04.539 11539 11550 I art     : Starting a blocking GC Explicit
08-06 04:59:04.588 11539 11550 I art     : Explicit concurrent mark sweep GC freed 905(51KB) AllocSpace objects, 0(0B) LOS objects, 8% free, 182MB/198MB, paused 1.249ms total 48.021ms
08-06 04:59:04.606 11539 11550 I art     : Starting a blocking GC Explicit
08-06 04:59:04.655 11539 11550 I art     : Explicit concurrent mark sweep GC freed 34(928B) AllocSpace objects, 0(0B) LOS objects, 8% free, 182MB/198MB, paused 1.104ms total 48.940ms
08-06 04:59:04.674 11539 11550 I art     : Starting a blocking GC Explicit
08-06 04:59:04.723 11539 11550 I art     : Explicit concurrent mark sweep GC freed 3(96B) AllocSpace objects, 0(0B) LOS objects, 8% free, 182MB/198MB, paused 1.257ms total 49.304ms
08-06 04:59:04.745 11539 11550 I art     : Starting a blocking GC Explicit
08-06 04:59:04.794 11539 11550 I art     : Explicit concurrent mark sweep GC freed 3(96B) AllocSpace objects, 0(0B) LOS objects, 8% free, 182MB/198MB, paused 1.178ms total 49.354ms
08-06 04:59:04.974 14692 14729 I Finsky  : [6155] ktr.run(-1): Stats for Executor: BlockingExecutor kvs@358e60e[Running, pool size = 0, active threads = 0, queued tasks = 0, completed tasks = 57]
08-06 04:59:04.975 14692 14729 I Finsky  : [6155] ktr.run(-1): Stats for Executor: LightweightExecutor kvs@fc6682f[Running, pool size = 4, active threads = 0, queued tasks = 0, completed tasks = 76]
08-06 04:59:05.103  9137  9137 I ServiceManager: Waiting for service AtCmdFwd...
08-06 04:59:05.202 11539 11557 I art     : Starting a blocking GC Explicit
08-06 04:59:05.273 11539 11557 I art     : Explicit concurrent mark sweep GC freed 1595(92KB) AllocSpace objects, 2(36KB) LOS objects, 8% free, 182MB/198MB, paused 1.247ms total 70.459ms
08-06 04:59:05.295 11539 11557 I art     : Starting a blocking GC Explicit
08-06 04:59:05.350 11539 11557 I art     : Explicit concurrent mark sweep GC freed 42(1456B) AllocSpace objects, 0(0B) LOS objects, 8% free, 182MB/198MB, paused 1.346ms total 54.255ms
08-06 04:59:05.371 11539 11557 I art     : Starting a blocking GC Explicit
08-06 04:59:05.425 11539 11557 I art     : Explicit concurrent mark sweep GC freed 3(96B) AllocSpace objects, 0(0B) LOS objects, 8% free, 182MB/198MB, paused 1.288ms total 53.172ms
08-06 04:59:05.446 11539 11557 I art     : Starting a blocking GC Explicit
08-06 04:59:05.500 11539 11557 I art     : Explicit concurrent mark sweep GC freed 3(96B) AllocSpace objects, 0(0B) LOS objects, 8% free, 182MB/198MB, paused 1.303ms total 53.779ms
08-06 04:59:05.522 11539 11557 I art     : Starting a blocking GC Explicit
08-06 04:59:05.575 11539 11557 I art     : Explicit concurrent mark sweep GC freed 3(96B) AllocSpace objects, 0(0B) LOS objects, 8% free, 182MB/198MB, paused 1.262ms total 52.610ms
08-06 04:59:06.002 11539 11599 I art     : Starting a blocking GC Explicit
08-06 04:59:06.050 14692 14729 I Finsky  : [6155] ktr.run(-1): Stats for Executor: bgExecutor kvs@e92de3c[Running, pool size = 4, active threads = 0, queued tasks = 0, completed tasks = 187]
08-06 04:59:06.059 11539 11599 I art     : Explicit concurrent mark sweep GC freed 1625(93KB) AllocSpace objects, 2(36KB) LOS objects, 8% free, 182MB/198MB, paused 1.256ms total 57.443ms
08-06 04:59:06.078 11539 11599 I art     : Starting a blocking GC Explicit
08-06 04:59:06.104  9137  9137 I ServiceManager: Waiting for service AtCmdFwd...
08-06 04:59:06.129 11539 11599 I art     : Explicit concurrent mark sweep GC freed 38(1568B) AllocSpace objects, 0(0B) LOS objects, 8% free, 182MB/198MB, paused 1.256ms total 50.773ms
08-06 04:59:06.147 11539 11599 I art     : Starting a blocking GC Explicit
08-06 04:59:06.196 11539 11599 I art     : Explicit concurrent mark sweep GC freed 3(96B) AllocSpace objects, 0(0B) LOS objects, 8% free, 182MB/198MB, paused 1.230ms total 48.539ms
08-06 04:59:06.214 11539 11599 I art     : Starting a blocking GC Explicit
08-06 04:59:06.267 11539 11599 I art     : Explicit concurrent mark sweep GC freed 3(96B) AllocSpace objects, 0(0B) LOS objects, 8% free, 182MB/198MB, paused 1.104ms total 52.635ms
08-06 04:59:06.285 11539 11599 I art     : Starting a blocking GC Explicit
08-06 04:59:06.336 11539 11599 I art     : Explicit concurrent mark sweep GC freed 3(96B) AllocSpace objects, 0(0B) LOS objects, 8% free, 182MB/198MB, paused 1.217ms total 50.258ms
08-06 04:59:06.418 13579 13579 D AndroidRuntime: >>>>>> START com.android.internal.os.RuntimeInit uid 2000 <<<<<<
08-06 04:59:06.425 13579 13579 D AndroidRuntime: CheckJNI is OFF
08-06 04:59:06.475 13579 13579 D ICU     : No timezone override file found: /data/misc/zoneinfo/current/icu/icu_tzdata.dat
08-06 04:59:06.524 13579 13579 I Radio-JNI: register_android_hardware_Radio DONE
08-06 04:59:06.555 13579 13579 D AndroidRuntime: Calling main entry com.android.commands.input.Input
08-06 04:59:06.557 13579 13579 I Input   : injectMotionEvent: MotionEvent { action=ACTION_DOWN, actionButton=0, id[0]=0, x[0]=1341.0, y[0]=197.0, toolType[0]=TOOL_TYPE_UNKNOWN, buttonState=0, metaState=0, flags=0x0, edgeFlags=0x0, pointerCount=1, historySize=0, eventTime=853162970, downTime=853162970, deviceId=0, source=0x1002 }
08-06 04:59:06.563 13579 13579 I Input   : injectMotionEvent: MotionEvent { action=ACTION_UP, actionButton=0, id[0]=0, x[0]=1341.0, y[0]=197.0, toolType[0]=TOOL_TYPE_UNKNOWN, buttonState=0, metaState=0, flags=0x0, edgeFlags=0x0, pointerCount=1, historySize=0, eventTime=853162970, downTime=853162970, deviceId=0, source=0x1002 }
08-06 04:59:06.567 13579 13579 D AndroidRuntime: Shutting down VM
08-06 04:59:06.572   512  2967 D audio_hw_primary: out_set_parameters: enter: usecase(1: low-latency-playback) kvpairs: routing=2
08-06 04:59:06.572   918  5481 I ActivityManager: START u0 {cmp=baseline.io.github.project_travel_mate/.notifications.NotificationsActivity} from uid 10696 on display 0
08-06 04:59:06.585   512  2967 D audio_hw_primary: select_devices: out_snd_device(2: speaker) in_snd_device(0: none)
08-06 04:59:06.585   512  2967 D msm8974_platform: platform_send_audio_calibration: sending audio calibration for snd_device(2) acdb_id(15)
08-06 04:59:06.585   512  2967 I soundtrigger: audio_extn_sound_trigger_update_device_status: device 0x2 of type 0 for Event 1
08-06 04:59:06.599   512  2967 D audio_hw_primary: enable_snd_device: snd_device(2: speaker)
08-06 04:59:06.601   512  2967 D audio_hw_primary: enable_audio_route: apply and update mixer path: low-latency-playback speaker
08-06 04:59:06.607 11539 11620 D Gabe    : call	returning from cache
08-06 04:59:06.625 11539 11539 V EXECUTING: https://project-travel-mate.herokuapp.com/api/get-notifications
08-06 04:59:06.632 11539 11539 V EXECUTING: https://project-travel-mate.herokuapp.com/api/get-notifications
08-06 04:59:06.767 11539 11550 I art     : Starting a blocking GC Explicit
08-06 04:59:06.791   918   936 I ActivityManager: Displayed baseline.io.github.project_travel_mate/.notifications.NotificationsActivity: +209ms
08-06 04:59:06.794 13866 13866 I GoogleInputMethodServic: GoogleInputMethodService.onFinishInput():3138 
08-06 04:59:06.794 13866 13866 I GoogleInputMethodServic: GoogleInputMethodService.onStartInput():1808 
08-06 04:59:06.819 11539 11550 I art     : Explicit concurrent mark sweep GC freed 3806(224KB) AllocSpace objects, 2(36KB) LOS objects, 7% free, 187MB/203MB, paused 1.711ms total 51.545ms
08-06 04:59:06.838 11539 11550 I art     : Starting a blocking GC Explicit
08-06 04:59:06.844   918  3188 I hubconnection: sensorhub said: 'set_bias 3: -6.2400, 0.0000, 0.0000'
08-06 04:59:06.885 11539 11550 I art     : Explicit concurrent mark sweep GC freed 368(16KB) AllocSpace objects, 0(0B) LOS objects, 7% free, 187MB/203MB, paused 1.334ms total 46.530ms
08-06 04:59:06.892 11539 11554 D OpenGLRenderer: endAllStagingAnimators on 0x7f775bc800 (RippleDrawable) with handle 0x7f7c1c3000
08-06 04:59:06.904 11539 11550 I art     : Starting a blocking GC Explicit
08-06 04:59:06.948 11539 11550 I art     : Explicit concurrent mark sweep GC freed 108(2112B) AllocSpace objects, 0(0B) LOS objects, 7% free, 187MB/203MB, paused 1.216ms total 43.509ms
08-06 04:59:06.966 11539 11550 I art     : Starting a blocking GC Explicit
08-06 04:59:07.018 11539 11550 I art     : Explicit concurrent mark sweep GC freed 137(3KB) AllocSpace objects, 0(0B) LOS objects, 7% free, 187MB/203MB, paused 1.811ms total 51.422ms
08-06 04:59:07.035   380   380 W SurfaceFlinger: couldn't log to binary event log: overflow.
08-06 04:59:07.040 11539 11550 I art     : Starting a blocking GC Explicit
08-06 04:59:07.085 11539 11550 I art     : Explicit concurrent mark sweep GC freed 99(1696B) AllocSpace objects, 0(0B) LOS objects, 7% free, 187MB/203MB, paused 1.174ms total 44.972ms
08-06 04:59:07.104  9137  9137 I ServiceManager: Waiting for service AtCmdFwd...
08-06 04:59:07.139   512  2967 D audio_hw_primary: disable_audio_route: reset and update mixer path: low-latency-playback speaker
08-06 04:59:07.139   512  2967 D audio_hw_primary: disable_snd_device: snd_device(2: speaker)
08-06 04:59:07.148   512  2967 I soundtrigger: audio_extn_sound_trigger_update_device_status: device 0x2 of type 0 for Event 0
08-06 04:59:07.187 11539 13603 I NAPPA_EXPERIMENTATION: MetricNetworkRequestExecutionTime: REQUEST_DURATION_SYSTEM='561',REQUEST_DURATION_OKHTTP='53',REQUEST_SYNCHRONOUS='FALSE',RESPONSE_CODE='200',RESPONSE_METHOD='GET',RESPONSE_LENGTH_OKHTTP='2',RESPONSE_LENGTH_HEADER='2',REQUEST_PROTOCOL='http/1.1',REQUEST_URL='https://project-travel-mate.herokuapp.com/api/get-notifications',
08-06 04:59:07.196 11539 13604 I NAPPA_EXPERIMENTATION: MetricNetworkRequestExecutionTime: REQUEST_DURATION_SYSTEM='563',REQUEST_DURATION_OKHTTP='60',REQUEST_SYNCHRONOUS='FALSE',RESPONSE_CODE='200',RESPONSE_METHOD='GET',RESPONSE_LENGTH_OKHTTP='2',RESPONSE_LENGTH_HEADER='2',REQUEST_PROTOCOL='http/1.1',REQUEST_URL='https://project-travel-mate.herokuapp.com/api/get-notifications',
08-06 04:59:07.332 11539 11539 V Response: [] 
08-06 04:59:07.360 11539 11620 W LOTTIE  : Animation contains merge paths. Merge paths are only supported on KitKat+ and must be manually enabled by calling enableMergePathsForKitKatAndAbove().
08-06 04:59:07.366 11539 11539 V Response: [] 
08-06 04:59:07.368 11539 11620 W LOTTIE  : Animation contains merge paths. Merge paths are only supported on KitKat+ and must be manually enabled by calling enableMergePathsForKitKatAndAbove().
08-06 04:59:07.370 11539 11620 W LOTTIE  : Animation contains merge paths. Merge paths are only supported on KitKat+ and must be manually enabled by calling enableMergePathsForKitKatAndAbove().
08-06 04:59:07.373 11539 11620 W LOTTIE  : Animation contains merge paths. Merge paths are only supported on KitKat+ and must be manually enabled by calling enableMergePathsForKitKatAndAbove().
08-06 04:59:07.375 11539 11620 W LOTTIE  : Animation contains merge paths. Merge paths are only supported on KitKat+ and must be manually enabled by calling enableMergePathsForKitKatAndAbove().
08-06 04:59:07.378 11539 11620 W LOTTIE  : Animation contains merge paths. Merge paths are only supported on KitKat+ and must be manually enabled by calling enableMergePathsForKitKatAndAbove().
08-06 04:59:07.380 11539 11620 W LOTTIE  : Animation contains merge paths. Merge paths are only supported on KitKat+ and must be manually enabled by calling enableMergePathsForKitKatAndAbove().
08-06 04:59:07.388 11539 11539 W LOTTIE  : Animation contains merge paths but they are disabled.
08-06 04:59:07.462 11539 11600 I art     : Starting a blocking GC Explicit
08-06 04:59:07.514 11539 11600 I art     : Explicit concurrent mark sweep GC freed 17085(804KB) AllocSpace objects, 9(624KB) LOS objects, 7% free, 187MB/203MB, paused 1.382ms total 51.189ms
08-06 04:59:07.532 11539 11600 I art     : Starting a blocking GC Explicit
08-06 04:59:07.577 11539 11600 I art     : Explicit concurrent mark sweep GC freed 3846(306KB) AllocSpace objects, 0(0B) LOS objects, 7% free, 187MB/203MB, paused 1.429ms total 44.608ms
08-06 04:59:07.594 11539 11600 I art     : Starting a blocking GC Explicit
08-06 04:59:07.637 11539 11600 I art     : Explicit concurrent mark sweep GC freed 249(4KB) AllocSpace objects, 0(0B) LOS objects, 7% free, 187MB/203MB, paused 1.268ms total 42.299ms
08-06 04:59:07.654 11539 11600 I art     : Starting a blocking GC Explicit
08-06 04:59:07.698 11539 11600 I art     : Explicit concurrent mark sweep GC freed 398(8KB) AllocSpace objects, 0(0B) LOS objects, 7% free, 187MB/203MB, paused 1.223ms total 43.550ms
08-06 04:59:07.715 11539 11600 I art     : Starting a blocking GC Explicit
08-06 04:59:07.758 11539 11600 I art     : Explicit concurrent mark sweep GC freed 424(14KB) AllocSpace objects, 0(0B) LOS objects, 7% free, 187MB/203MB, paused 1.393ms total 42.517ms
08-06 04:59:08.105  9137  9137 W Atfwd_Sendcmd: AtCmdFwd service not published, waiting... retryCnt : 2
08-06 04:59:08.143 11539 11557 I art     : Starting a blocking GC Explicit
08-06 04:59:08.188 11539 11557 I art     : Explicit concurrent mark sweep GC freed 3385(121KB) AllocSpace objects, 2(36KB) LOS objects, 7% free, 187MB/203MB, paused 1.361ms total 44.472ms
08-06 04:59:08.206 11539 11557 I art     : Starting a blocking GC Explicit
08-06 04:59:08.249 11539 11557 I art     : Explicit concurrent mark sweep GC freed 299(5KB) AllocSpace objects, 0(0B) LOS objects, 7% free, 187MB/203MB, paused 1.132ms total 43.042ms
08-06 04:59:08.266 11539 11557 I art     : Starting a blocking GC Explicit
08-06 04:59:08.309 11539 11557 I art     : Explicit concurrent mark sweep GC freed 287(4KB) AllocSpace objects, 0(0B) LOS objects, 7% free, 187MB/203MB, paused 1.271ms total 42.359ms
08-06 04:59:08.326 11539 11557 I art     : Starting a blocking GC Explicit
08-06 04:59:08.368 11539 11557 I art     : Explicit concurrent mark sweep GC freed 223(3KB) AllocSpace objects, 0(0B) LOS objects, 7% free, 187MB/203MB, paused 1.111ms total 42.087ms
08-06 04:59:08.385 11539 11557 I art     : Starting a blocking GC Explicit
08-06 04:59:08.428 11539 11557 I art     : Explicit concurrent mark sweep GC freed 290(4KB) AllocSpace objects, 0(0B) LOS objects, 7% free, 187MB/203MB, paused 1.300ms total 42.469ms
08-06 04:59:08.810 11539 11557 I art     : Starting a blocking GC Explicit
08-06 04:59:08.856 11539 11557 I art     : Explicit concurrent mark sweep GC freed 3381(120KB) AllocSpace objects, 2(36KB) LOS objects, 7% free, 187MB/203MB, paused 1.438ms total 46.197ms
08-06 04:59:08.874 11539 11557 I art     : Starting a blocking GC Explicit
08-06 04:59:08.919 11539 11557 I art     : Explicit concurrent mark sweep GC freed 310(5KB) AllocSpace objects, 0(0B) LOS objects, 7% free, 187MB/203MB, paused 1.171ms total 44.857ms
08-06 04:59:08.936 11539 11557 I art     : Starting a blocking GC Explicit
08-06 04:59:08.981 11539 11557 I art     : Explicit concurrent mark sweep GC freed 307(5KB) AllocSpace objects, 0(0B) LOS objects, 7% free, 187MB/203MB, paused 1.085ms total 44.002ms
08-06 04:59:08.998 11539 11557 I art     : Starting a blocking GC Explicit
08-06 04:59:09.042 11539 11557 I art     : Explicit concurrent mark sweep GC freed 302(5KB) AllocSpace objects, 0(0B) LOS objects, 7% free, 187MB/203MB, paused 1.331ms total 44.023ms
08-06 04:59:09.060 11539 11557 I art     : Starting a blocking GC Explicit
08-06 04:59:09.104 11539 11557 I art     : Explicit concurrent mark sweep GC freed 215(3KB) AllocSpace objects, 0(0B) LOS objects, 7% free, 187MB/203MB, paused 1.108ms total 44.086ms
08-06 04:59:09.104 11539 11549 I art     : WaitForGcToComplete blocked for 11.983ms for cause HeapTrim
08-06 04:59:09.495 11539 11551 I art     : Starting a blocking GC Explicit
08-06 04:59:09.539 11539 11551 I art     : Explicit concurrent mark sweep GC freed 3402(120KB) AllocSpace objects, 2(36KB) LOS objects, 7% free, 187MB/203MB, paused 1.179ms total 43.692ms
08-06 04:59:09.556 11539 11551 I art     : Starting a blocking GC Explicit
08-06 04:59:09.599 11539 11551 I art     : Explicit concurrent mark sweep GC freed 307(5KB) AllocSpace objects, 0(0B) LOS objects, 7% free, 187MB/203MB, paused 1.096ms total 42.927ms
08-06 04:59:09.617 11539 11551 I art     : Starting a blocking GC Explicit
08-06 04:59:09.661 11539 11551 I art     : Explicit concurrent mark sweep GC freed 313(5KB) AllocSpace objects, 0(0B) LOS objects, 7% free, 187MB/203MB, paused 1.250ms total 43.673ms
08-06 04:59:09.678 11539 11551 I art     : Starting a blocking GC Explicit
08-06 04:59:09.720 11539 11551 I art     : Explicit concurrent mark sweep GC freed 215(3KB) AllocSpace objects, 0(0B) LOS objects, 7% free, 187MB/203MB, paused 1.070ms total 42.026ms
08-06 04:59:09.737 11539 11551 I art     : Starting a blocking GC Explicit
08-06 04:59:09.780 11539 11551 I art     : Explicit concurrent mark sweep GC freed 283(4KB) AllocSpace objects, 0(0B) LOS objects, 7% free, 187MB/203MB, paused 1.093ms total 42.471ms
08-06 04:59:10.176 11539 11557 I art     : Starting a blocking GC Explicit
08-06 04:59:10.223 11539 11557 I art     : Explicit concurrent mark sweep GC freed 3414(121KB) AllocSpace objects, 2(36KB) LOS objects, 7% free, 187MB/203MB, paused 1.144ms total 46.395ms
08-06 04:59:10.241 11539 11557 I art     : Starting a blocking GC Explicit
08-06 04:59:10.286 11539 11557 I art     : Explicit concurrent mark sweep GC freed 318(5KB) AllocSpace objects, 0(0B) LOS objects, 7% free, 187MB/203MB, paused 1.124ms total 44.634ms
08-06 04:59:10.304 11539 11557 I art     : Starting a blocking GC Explicit
08-06 04:59:10.349 11539 11557 I art     : Explicit concurrent mark sweep GC freed 283(4KB) AllocSpace objects, 0(0B) LOS objects, 7% free, 187MB/203MB, paused 1.084ms total 44.936ms
08-06 04:59:10.367 11539 11557 I art     : Starting a blocking GC Explicit
08-06 04:59:10.409 11539 11557 I art     : Explicit concurrent mark sweep GC freed 268(4KB) AllocSpace objects, 0(0B) LOS objects, 7% free, 187MB/203MB, paused 1.334ms total 42.403ms
08-06 04:59:10.427 11539 11557 I art     : Starting a blocking GC Explicit
08-06 04:59:10.470 11539 11557 I art     : Explicit concurrent mark sweep GC freed 228(3KB) AllocSpace objects, 0(0B) LOS objects, 7% free, 187MB/203MB, paused 1.093ms total 43.730ms
08-06 04:59:10.589   518   646 I ThermalEngine: ACTION: GPU - Setting GPU[0] to 390000000
08-06 04:59:10.887 11539 11551 I art     : Starting a blocking GC Explicit
08-06 04:59:10.940 11539 11551 I art     : Explicit concurrent mark sweep GC freed 3625(125KB) AllocSpace objects, 2(36KB) LOS objects, 7% free, 187MB/203MB, paused 1.642ms total 52.871ms
08-06 04:59:10.963 11539 11551 I art     : Starting a blocking GC Explicit
08-06 04:59:11.017 11539 11551 I art     : Explicit concurrent mark sweep GC freed 401(7KB) AllocSpace objects, 0(0B) LOS objects, 7% free, 187MB/203MB, paused 1.773ms total 53.330ms
08-06 04:59:11.039 11539 11551 I art     : Starting a blocking GC Explicit
08-06 04:59:11.092 11539 11551 I art     : Explicit concurrent mark sweep GC freed 451(15KB) AllocSpace objects, 0(0B) LOS objects, 7% free, 187MB/203MB, paused 1.775ms total 53.525ms
08-06 04:59:11.115 11539 11551 I art     : Starting a blocking GC Explicit
08-06 04:59:11.168 11539 11551 I art     : Explicit concurrent mark sweep GC freed 344(5KB) AllocSpace objects, 0(0B) LOS objects, 7% free, 187MB/203MB, paused 1.781ms total 52.554ms
08-06 04:59:11.190 11539 11551 I art     : Starting a blocking GC Explicit
08-06 04:59:11.243 11539 11551 I art     : Explicit concurrent mark sweep GC freed 292(4KB) AllocSpace objects, 0(0B) LOS objects, 7% free, 187MB/203MB, paused 1.811ms total 53.059ms
08-06 04:59:11.447 13669 13669 D AndroidRuntime: >>>>>> START com.android.internal.os.RuntimeInit uid 2000 <<<<<<
08-06 04:59:11.453 13669 13669 D AndroidRuntime: CheckJNI is OFF
08-06 04:59:11.507 13669 13669 D ICU     : No timezone override file found: /data/misc/zoneinfo/current/icu/icu_tzdata.dat
08-06 04:59:11.552 13669 13669 I Radio-JNI: register_android_hardware_Radio DONE
08-06 04:59:11.584 13669 13669 D AndroidRuntime: Calling main entry com.android.commands.input.Input
08-06 04:59:11.586 13669 13669 I Input   : injectKeyEvent: KeyEvent { action=ACTION_DOWN, keyCode=KEYCODE_BACK, scanCode=0, metaState=0, flags=0x0, repeatCount=0, eventTime=853167999, downTime=853167999, deviceId=-1, source=0x101 }
08-06 04:59:11.602 13669 13669 I Input   : injectKeyEvent: KeyEvent { action=ACTION_UP, keyCode=KEYCODE_BACK, scanCode=0, metaState=0, flags=0x0, repeatCount=0, eventTime=853167999, downTime=853167999, deviceId=-1, source=0x101 }
08-06 04:59:11.608 13669 13669 D AndroidRuntime: Shutting down VM
08-06 04:59:11.629 11539 11539 V MainActivity: url = https://project-travel-mate.herokuapp.com/api/number-of-unread-notifications
08-06 04:59:11.683 11539 11599 I art     : Starting a blocking GC Explicit
08-06 04:59:11.709 13866 13866 I GoogleInputMethodServic: GoogleInputMethodService.onFinishInput():3138 
08-06 04:59:11.710 13866 13866 I GoogleInputMethodServic: GoogleInputMethodService.onStartInput():1808 
08-06 04:59:11.749 11539 11599 I art     : Explicit concurrent mark sweep GC freed 3882(141KB) AllocSpace objects, 2(36KB) LOS objects, 7% free, 187MB/203MB, paused 1.810ms total 65.250ms
08-06 04:59:11.771 11539 11599 I art     : Starting a blocking GC Explicit
08-06 04:59:11.831 11539 11599 I art     : Explicit concurrent mark sweep GC freed 136(5KB) AllocSpace objects, 0(0B) LOS objects, 7% free, 187MB/203MB, paused 3.012ms total 59.568ms
08-06 04:59:11.858 11539 11599 I art     : Starting a blocking GC Explicit
08-06 04:59:11.932 11539 11599 I art     : Explicit concurrent mark sweep GC freed 91(2864B) AllocSpace objects, 0(0B) LOS objects, 7% free, 187MB/203MB, paused 3.787ms total 73.040ms
08-06 04:59:11.962 11539 11599 I art     : Starting a blocking GC Explicit
08-06 04:59:11.972   380   380 W SurfaceFlinger: couldn't log to binary event log: overflow.
08-06 04:59:12.030 11539 11599 I art     : Explicit concurrent mark sweep GC freed 56(1888B) AllocSpace objects, 1(4MB) LOS objects, 8% free, 183MB/199MB, paused 2.285ms total 67.831ms
08-06 04:59:12.053 11539 11599 I art     : Starting a blocking GC Explicit
08-06 04:59:12.122 11539 11599 I art     : Explicit concurrent mark sweep GC freed 631(55KB) AllocSpace objects, 0(0B) LOS objects, 8% free, 183MB/199MB, paused 7.453ms total 68.838ms
08-06 04:59:12.192 11539 13692 I NAPPA_EXPERIMENTATION: MetricNetworkRequestExecutionTime: REQUEST_DURATION_SYSTEM='560',REQUEST_DURATION_OKHTTP='33',REQUEST_SYNCHRONOUS='FALSE',RESPONSE_CODE='200',RESPONSE_METHOD='GET',RESPONSE_LENGTH_OKHTTP='36',RESPONSE_LENGTH_HEADER='36',REQUEST_PROTOCOL='http/1.1',REQUEST_URL='https://project-travel-mate.herokuapp.com/api/number-of-unread-notifications',
08-06 04:59:12.587 11539 11551 I art     : Starting a blocking GC Explicit
08-06 04:59:12.667 11539 11551 I art     : Explicit concurrent mark sweep GC freed 7557(364KB) AllocSpace objects, 7(292KB) LOS objects, 8% free, 183MB/199MB, paused 2.228ms total 78.658ms
08-06 04:59:12.695 11539 11551 I art     : Starting a blocking GC Explicit
08-06 04:59:12.765 11539 11551 I art     : Explicit concurrent mark sweep GC freed 926(116KB) AllocSpace objects, 0(0B) LOS objects, 8% free, 183MB/199MB, paused 2.176ms total 69.230ms
08-06 04:59:12.792 11539 11551 I art     : Starting a blocking GC Explicit
08-06 04:59:12.862 11539 11551 I art     : Explicit concurrent mark sweep GC freed 3(96B) AllocSpace objects, 0(0B) LOS objects, 8% free, 183MB/199MB, paused 2.606ms total 69.656ms
08-06 04:59:12.887 11539 11551 I art     : Starting a blocking GC Explicit
08-06 04:59:12.946 11539 11551 I art     : Explicit concurrent mark sweep GC freed 3(96B) AllocSpace objects, 0(0B) LOS objects, 8% free, 183MB/199MB, paused 1.797ms total 58.924ms
08-06 04:59:12.971 11539 11551 I art     : Starting a blocking GC Explicit
08-06 04:59:13.032 11539 11551 I art     : Explicit concurrent mark sweep GC freed 3(96B) AllocSpace objects, 0(0B) LOS objects, 8% free, 183MB/199MB, paused 1.925ms total 60.705ms
08-06 04:59:13.477 11539 11557 I art     : Starting a blocking GC Explicit
08-06 04:59:13.508 13704 13704 D AndroidRuntime: >>>>>> START com.android.internal.os.RuntimeInit uid 2000 <<<<<<
08-06 04:59:13.514 13704 13704 D AndroidRuntime: CheckJNI is OFF
08-06 04:59:13.542 11539 11557 I art     : Explicit concurrent mark sweep GC freed 1594(92KB) AllocSpace objects, 2(36KB) LOS objects, 8% free, 183MB/199MB, paused 1.945ms total 65.204ms
08-06 04:59:13.567 11539 11557 I art     : Starting a blocking GC Explicit
08-06 04:59:13.570 13704 13704 D ICU     : No timezone override file found: /data/misc/zoneinfo/current/icu/icu_tzdata.dat
08-06 04:59:13.616 13704 13704 I Radio-JNI: register_android_hardware_Radio DONE
08-06 04:59:13.627 11539 11557 I art     : Explicit concurrent mark sweep GC freed 38(1568B) AllocSpace objects, 0(0B) LOS objects, 8% free, 183MB/199MB, paused 1.894ms total 60.229ms
08-06 04:59:13.649 13704 13704 D AndroidRuntime: Calling main entry com.android.commands.input.Input
08-06 04:59:13.651 13704 13704 I Input   : injectMotionEvent: MotionEvent { action=ACTION_DOWN, actionButton=0, id[0]=0, x[0]=117.0, y[0]=170.0, toolType[0]=TOOL_TYPE_UNKNOWN, buttonState=0, metaState=0, flags=0x0, edgeFlags=0x0, pointerCount=1, historySize=0, eventTime=853170063, downTime=853170063, deviceId=0, source=0x1002 }
08-06 04:59:13.651 11539 11557 I art     : Starting a blocking GC Explicit
08-06 04:59:13.658 13704 13704 I Input   : injectMotionEvent: MotionEvent { action=ACTION_UP, actionButton=0, id[0]=0, x[0]=117.0, y[0]=170.0, toolType[0]=TOOL_TYPE_UNKNOWN, buttonState=0, metaState=0, flags=0x0, edgeFlags=0x0, pointerCount=1, historySize=0, eventTime=853170063, downTime=853170063, deviceId=0, source=0x1002 }
08-06 04:59:13.661 13704 13704 D AndroidRuntime: Shutting down VM
08-06 04:59:13.680   512  2967 D audio_hw_primary: out_set_parameters: enter: usecase(1: low-latency-playback) kvpairs: routing=2
08-06 04:59:13.695   512  2967 D audio_hw_primary: select_devices: out_snd_device(2: speaker) in_snd_device(0: none)
08-06 04:59:13.695   512  2967 D msm8974_platform: platform_send_audio_calibration: sending audio calibration for snd_device(2) acdb_id(15)
08-06 04:59:13.695   512  2967 I soundtrigger: audio_extn_sound_trigger_update_device_status: device 0x2 of type 0 for Event 1
08-06 04:59:13.710   512  2967 D audio_hw_primary: enable_snd_device: snd_device(2: speaker)
08-06 04:59:13.713   512  2967 D audio_hw_primary: enable_audio_route: apply and update mixer path: low-latency-playback speaker
08-06 04:59:13.719 11539 11557 I art     : Explicit concurrent mark sweep GC freed 100(3KB) AllocSpace objects, 0(0B) LOS objects, 8% free, 183MB/199MB, paused 1.956ms total 68.032ms
08-06 04:59:13.744 11539 11557 I art     : Starting a blocking GC Explicit
08-06 04:59:13.803 11539 11557 I art     : Explicit concurrent mark sweep GC freed 394(19KB) AllocSpace objects, 0(0B) LOS objects, 8% free, 183MB/199MB, paused 1.769ms total 58.885ms
08-06 04:59:13.830 11539 11557 I art     : Starting a blocking GC Explicit
08-06 04:59:13.894 11539 11557 I art     : Explicit concurrent mark sweep GC freed 16(864B) AllocSpace objects, 0(0B) LOS objects, 8% free, 183MB/199MB, paused 2.029ms total 63.615ms
08-06 04:59:14.249   512  2967 D audio_hw_primary: disable_audio_route: reset and update mixer path: low-latency-playback speaker
08-06 04:59:14.251   512  2967 D audio_hw_primary: disable_snd_device: snd_device(2: speaker)
08-06 04:59:14.262   512  2967 I soundtrigger: audio_extn_sound_trigger_update_device_status: device 0x2 of type 0 for Event 0
08-06 04:59:14.352 11539 11600 I art     : Starting a blocking GC Explicit
08-06 04:59:14.413 11539 11600 I art     : Explicit concurrent mark sweep GC freed 1602(92KB) AllocSpace objects, 2(36KB) LOS objects, 8% free, 183MB/199MB, paused 1.879ms total 61.240ms
08-06 04:59:14.437 11539 11600 I art     : Starting a blocking GC Explicit
08-06 04:59:14.498 11539 11600 I art     : Explicit concurrent mark sweep GC freed 46(1600B) AllocSpace objects, 0(0B) LOS objects, 8% free, 183MB/199MB, paused 2.030ms total 60.362ms
08-06 04:59:14.523 11539 11600 I art     : Starting a blocking GC Explicit
08-06 04:59:14.563 13727 13727 D AndroidRuntime: >>>>>> START com.android.internal.os.RuntimeInit uid 2000 <<<<<<
08-06 04:59:14.569 13727 13727 D AndroidRuntime: CheckJNI is OFF
08-06 04:59:14.584 11539 11600 I art     : Explicit concurrent mark sweep GC freed 3(96B) AllocSpace objects, 0(0B) LOS objects, 8% free, 183MB/199MB, paused 1.916ms total 60.456ms
08-06 04:59:14.584 11539 11549 I art     : WaitForGcToComplete blocked for 44.643ms for cause HeapTrim
08-06 04:59:14.594   518   646 I ThermalEngine: ACTION: GPU - Setting GPU[0] to 450000000
08-06 04:59:14.610 11539 11600 I art     : Starting a blocking GC Explicit
08-06 04:59:14.621 13727 13727 D ICU     : No timezone override file found: /data/misc/zoneinfo/current/icu/icu_tzdata.dat
08-06 04:59:14.658 11539 11600 I art     : Explicit concurrent mark sweep GC freed 34(928B) AllocSpace objects, 0(0B) LOS objects, 8% free, 183MB/199MB, paused 1.362ms total 47.163ms
08-06 04:59:14.662 13727 13727 I Radio-JNI: register_android_hardware_Radio DONE
08-06 04:59:14.676 11539 11600 I art     : Starting a blocking GC Explicit
08-06 04:59:14.693 13727 13727 D AndroidRuntime: Calling main entry com.android.commands.input.Input
08-06 04:59:14.695 13727 13727 I Input   : injectMotionEvent: MotionEvent { action=ACTION_DOWN, actionButton=0, id[0]=0, x[0]=418.0, y[0]=842.0, toolType[0]=TOOL_TYPE_UNKNOWN, buttonState=0, metaState=0, flags=0x0, edgeFlags=0x0, pointerCount=1, historySize=0, eventTime=853171107, downTime=853171107, deviceId=0, source=0x1002 }
08-06 04:59:14.699 13727 13727 I Input   : injectMotionEvent: MotionEvent { action=ACTION_UP, actionButton=0, id[0]=0, x[0]=418.0, y[0]=842.0, toolType[0]=TOOL_TYPE_UNKNOWN, buttonState=0, metaState=0, flags=0x0, edgeFlags=0x0, pointerCount=1, historySize=0, eventTime=853171107, downTime=853171107, deviceId=0, source=0x1002 }
08-06 04:59:14.701 13727 13727 D AndroidRuntime: Shutting down VM
08-06 04:59:14.712   512  2967 D audio_hw_primary: out_set_parameters: enter: usecase(1: low-latency-playback) kvpairs: routing=2
08-06 04:59:14.717 11539 11620 D Gabe    : call	returning from cache
08-06 04:59:14.724   512  2967 D audio_hw_primary: select_devices: out_snd_device(2: speaker) in_snd_device(0: none)
08-06 04:59:14.725   512  2967 D msm8974_platform: platform_send_audio_calibration: sending audio calibration for snd_device(2) acdb_id(15)
08-06 04:59:14.725   512  2967 I soundtrigger: audio_extn_sound_trigger_update_device_status: device 0x2 of type 0 for Event 1
08-06 04:59:14.726 11539 11600 I art     : Explicit concurrent mark sweep GC freed 429(18KB) AllocSpace objects, 0(0B) LOS objects, 8% free, 183MB/199MB, paused 1.447ms total 49.624ms
08-06 04:59:14.736   512  2967 D audio_hw_primary: enable_snd_device: snd_device(2: speaker)
08-06 04:59:14.738   512  2967 D audio_hw_primary: enable_audio_route: apply and update mixer path: low-latency-playback speaker
08-06 04:59:14.742 11539 11539 V MainActivity: url = https://project-travel-mate.herokuapp.com/api/number-of-unread-notifications
08-06 04:59:14.780   512  2967 D AudioFlinger: mixer(0xf4740000) throttle end: throttle time(12)
08-06 04:59:15.104 11539 11551 I art     : Starting a blocking GC Explicit
08-06 04:59:15.164 11539 11551 I art     : Explicit concurrent mark sweep GC freed 3958(258KB) AllocSpace objects, 2(36KB) LOS objects, 8% free, 183MB/199MB, paused 1.723ms total 59.702ms
08-06 04:59:15.184 11539 11551 I art     : Starting a blocking GC Explicit
08-06 04:59:15.242 11539 11551 I art     : Explicit concurrent mark sweep GC freed 1871(71KB) AllocSpace objects, 0(0B) LOS objects, 8% free, 183MB/199MB, paused 1.338ms total 58.355ms
08-06 04:59:15.262 11539 11551 I art     : Starting a blocking GC Explicit
08-06 04:59:15.268   512  2967 D audio_hw_primary: disable_audio_route: reset and update mixer path: low-latency-playback speaker
08-06 04:59:15.269   512  2967 D audio_hw_primary: disable_snd_device: snd_device(2: speaker)
08-06 04:59:15.277   512  2967 I soundtrigger: audio_extn_sound_trigger_update_device_status: device 0x2 of type 0 for Event 0
08-06 04:59:15.315 11539 11551 I art     : Explicit concurrent mark sweep GC freed 1425(75KB) AllocSpace objects, 9(252KB) LOS objects, 8% free, 183MB/199MB, paused 1.826ms total 52.723ms
08-06 04:59:15.333 11539 11551 I art     : Starting a blocking GC Explicit
08-06 04:59:15.387 11539 11551 I art     : Explicit concurrent mark sweep GC freed 267(17KB) AllocSpace objects, 0(0B) LOS objects, 8% free, 183MB/199MB, paused 1.766ms total 54.123ms
08-06 04:59:15.405 11539 11551 I art     : Starting a blocking GC Explicit
08-06 04:59:15.454 11539 13750 I NAPPA_EXPERIMENTATION: MetricNetworkRequestExecutionTime: REQUEST_DURATION_SYSTEM='711',REQUEST_DURATION_OKHTTP='31',REQUEST_SYNCHRONOUS='FALSE',RESPONSE_CODE='200',RESPONSE_METHOD='GET',RESPONSE_LENGTH_OKHTTP='36',RESPONSE_LENGTH_HEADER='36',REQUEST_PROTOCOL='http/1.1',REQUEST_URL='https://project-travel-mate.herokuapp.com/api/number-of-unread-notifications',
08-06 04:59:15.465 11539 11551 I art     : Explicit concurrent mark sweep GC freed 3788(185KB) AllocSpace objects, 2(120KB) LOS objects, 7% free, 184MB/200MB, paused 1.453ms total 59.413ms
08-06 04:59:15.716   918  3261 D WifiStateMachine: starting scan for "H369AA63323"WPA_PSK with 2412,5180
08-06 04:59:15.862 11539 11551 I art     : Starting a blocking GC Explicit
08-06 04:59:15.920 11539 11551 I art     : Explicit concurrent mark sweep GC freed 3439(228KB) AllocSpace objects, 3(132KB) LOS objects, 8% free, 183MB/199MB, paused 1.355ms total 58.099ms
08-06 04:59:15.939 11539 11551 I art     : Starting a blocking GC Explicit
08-06 04:59:15.996 11539 11551 I art     : Explicit concurrent mark sweep GC freed 172(5KB) AllocSpace objects, 0(0B) LOS objects, 8% free, 183MB/199MB, paused 1.387ms total 57.135ms
08-06 04:59:16.016 11539 11551 I art     : Starting a blocking GC Explicit
08-06 04:59:16.072 11539 11551 I art     : Explicit concurrent mark sweep GC freed 99(1696B) AllocSpace objects, 0(0B) LOS objects, 8% free, 183MB/199MB, paused 1.273ms total 55.735ms
08-06 04:59:16.091 11539 11551 I art     : Starting a blocking GC Explicit
08-06 04:59:16.146 11539 11551 I art     : Explicit concurrent mark sweep GC freed 134(2720B) AllocSpace objects, 0(0B) LOS objects, 8% free, 183MB/199MB, paused 1.373ms total 55.095ms
08-06 04:59:16.166 11539 11551 I art     : Starting a blocking GC Explicit
08-06 04:59:16.222 11539 11551 I art     : Explicit concurrent mark sweep GC freed 110(2272B) AllocSpace objects, 0(0B) LOS objects, 8% free, 183MB/199MB, paused 1.205ms total 55.907ms
08-06 04:59:16.653 11539 11600 I art     : Starting a blocking GC Explicit
08-06 04:59:16.715 11539 11600 I art     : Explicit concurrent mark sweep GC freed 2368(105KB) AllocSpace objects, 2(52KB) LOS objects, 8% free, 183MB/199MB, paused 1.387ms total 61.456ms
08-06 04:59:16.737 11539 11600 I art     : Starting a blocking GC Explicit
08-06 04:59:16.798 11539 11600 I art     : Explicit concurrent mark sweep GC freed 148(3024B) AllocSpace objects, 0(0B) LOS objects, 8% free, 183MB/199MB, paused 1.512ms total 61.135ms
08-06 04:59:16.817 11539 11600 I art     : Starting a blocking GC Explicit
08-06 04:59:16.878 11539 11600 I art     : Explicit concurrent mark sweep GC freed 99(1696B) AllocSpace objects, 0(0B) LOS objects, 8% free, 183MB/199MB, paused 1.317ms total 60.041ms
08-06 04:59:16.897 11539 11600 I art     : Starting a blocking GC Explicit
08-06 04:59:16.957 11539 11600 I art     : Explicit concurrent mark sweep GC freed 123(2096B) AllocSpace objects, 0(0B) LOS objects, 8% free, 183MB/199MB, paused 1.185ms total 59.605ms
08-06 04:59:16.976 11539 11600 I art     : Starting a blocking GC Explicit
08-06 04:59:17.030 11539 11600 I art     : Explicit concurrent mark sweep GC freed 118(1984B) AllocSpace objects, 0(0B) LOS objects, 8% free, 183MB/199MB, paused 1.397ms total 53.018ms
08-06 04:59:17.434 11539 11557 I art     : Starting a blocking GC Explicit
08-06 04:59:17.490 13782 13782 D AndroidRuntime: >>>>>> START com.android.internal.os.RuntimeInit uid 2000 <<<<<<
08-06 04:59:17.494 11539 11557 I art     : Explicit concurrent mark sweep GC freed 2267(104KB) AllocSpace objects, 2(52KB) LOS objects, 8% free, 183MB/199MB, paused 1.395ms total 59.454ms
08-06 04:59:17.496 13782 13782 D AndroidRuntime: CheckJNI is OFF
08-06 04:59:17.513 11539 11557 I art     : Starting a blocking GC Explicit
08-06 04:59:17.542 13782 13782 D ICU     : No timezone override file found: /data/misc/zoneinfo/current/icu/icu_tzdata.dat
08-06 04:59:17.569 11539 11557 I art     : Explicit concurrent mark sweep GC freed 146(2960B) AllocSpace objects, 0(0B) LOS objects, 8% free, 183MB/199MB, paused 1.396ms total 56.315ms
08-06 04:59:17.588 11539 11557 I art     : Starting a blocking GC Explicit
08-06 04:59:17.590 13782 13782 I Radio-JNI: register_android_hardware_Radio DONE
08-06 04:59:17.620 13782 13782 D AndroidRuntime: Calling main entry com.android.commands.input.Input
08-06 04:59:17.622 13782 13782 I Input   : injectMotionEvent: MotionEvent { action=ACTION_DOWN, actionButton=0, id[0]=0, x[0]=117.0, y[0]=170.0, toolType[0]=TOOL_TYPE_UNKNOWN, buttonState=0, metaState=0, flags=0x0, edgeFlags=0x0, pointerCount=1, historySize=0, eventTime=853174035, downTime=853174035, deviceId=0, source=0x1002 }
08-06 04:59:17.630 13782 13782 I Input   : injectMotionEvent: MotionEvent { action=ACTION_UP, actionButton=0, id[0]=0, x[0]=117.0, y[0]=170.0, toolType[0]=TOOL_TYPE_UNKNOWN, buttonState=0, metaState=0, flags=0x0, edgeFlags=0x0, pointerCount=1, historySize=0, eventTime=853174035, downTime=853174035, deviceId=0, source=0x1002 }
08-06 04:59:17.632 13782 13782 D AndroidRuntime: Shutting down VM
08-06 04:59:17.644 11539 11557 I art     : Explicit concurrent mark sweep GC freed 151(3KB) AllocSpace objects, 0(0B) LOS objects, 8% free, 183MB/199MB, paused 1.299ms total 55.714ms
08-06 04:59:17.650   512  2967 D audio_hw_primary: out_set_parameters: enter: usecase(1: low-latency-playback) kvpairs: routing=2
08-06 04:59:17.663   512  2967 D audio_hw_primary: select_devices: out_snd_device(2: speaker) in_snd_device(0: none)
08-06 04:59:17.663   512  2967 D msm8974_platform: platform_send_audio_calibration: sending audio calibration for snd_device(2) acdb_id(15)
08-06 04:59:17.663   512  2967 I soundtrigger: audio_extn_sound_trigger_update_device_status: device 0x2 of type 0 for Event 1
08-06 04:59:17.665 11539 11557 I art     : Starting a blocking GC Explicit
08-06 04:59:17.673   512  2967 D audio_hw_primary: enable_snd_device: snd_device(2: speaker)
08-06 04:59:17.676   512  2967 D audio_hw_primary: enable_audio_route: apply and update mixer path: low-latency-playback speaker
08-06 04:59:17.721 11539 11557 I art     : Explicit concurrent mark sweep GC freed 185(4KB) AllocSpace objects, 0(0B) LOS objects, 7% free, 184MB/200MB, paused 1.234ms total 56.030ms
08-06 04:59:17.739 11539 11557 I art     : Starting a blocking GC Explicit
08-06 04:59:17.793 11539 11557 I art     : Explicit concurrent mark sweep GC freed 486(21KB) AllocSpace objects, 0(0B) LOS objects, 7% free, 184MB/200MB, paused 1.569ms total 53.256ms
08-06 04:59:18.105  9137  9137 I ServiceManager: Waiting for service AtCmdFwd...
08-06 04:59:18.177 11539 11551 I art     : Starting a blocking GC Explicit
08-06 04:59:18.210   512  2967 D audio_hw_primary: disable_audio_route: reset and update mixer path: low-latency-playback speaker
08-06 04:59:18.214   512  2967 D audio_hw_primary: disable_snd_device: snd_device(2: speaker)
08-06 04:59:18.222   512  2967 I soundtrigger: audio_extn_sound_trigger_update_device_status: device 0x2 of type 0 for Event 0
08-06 04:59:18.234 11539 11551 I art     : Explicit concurrent mark sweep GC freed 2260(103KB) AllocSpace objects, 2(52KB) LOS objects, 7% free, 184MB/200MB, paused 1.144ms total 55.556ms
08-06 04:59:18.253 11539 11551 I art     : Starting a blocking GC Explicit
08-06 04:59:18.302 11539 11551 I art     : Explicit concurrent mark sweep GC freed 145(3KB) AllocSpace objects, 0(0B) LOS objects, 7% free, 184MB/200MB, paused 1.192ms total 49.470ms
08-06 04:59:18.321 11539 11551 I art     : Starting a blocking GC Explicit
08-06 04:59:18.373 11539 11551 I art     : Explicit concurrent mark sweep GC freed 100(1728B) AllocSpace objects, 0(0B) LOS objects, 7% free, 184MB/200MB, paused 1.206ms total 51.694ms
08-06 04:59:18.391 11539 11551 I art     : Starting a blocking GC Explicit
08-06 04:59:18.397 13805 13805 D AndroidRuntime: >>>>>> START com.android.internal.os.RuntimeInit uid 2000 <<<<<<
08-06 04:59:18.403 13805 13805 D AndroidRuntime: CheckJNI is OFF
08-06 04:59:18.444 11539 11551 I art     : Explicit concurrent mark sweep GC freed 101(1760B) AllocSpace objects, 0(0B) LOS objects, 7% free, 184MB/200MB, paused 1.287ms total 52.434ms
08-06 04:59:18.446 13805 13805 D ICU     : No timezone override file found: /data/misc/zoneinfo/current/icu/icu_tzdata.dat
08-06 04:59:18.463 11539 11551 I art     : Starting a blocking GC Explicit
08-06 04:59:18.488 13805 13805 I Radio-JNI: register_android_hardware_Radio DONE
08-06 04:59:18.516 11539 11551 I art     : Explicit concurrent mark sweep GC freed 123(2096B) AllocSpace objects, 0(0B) LOS objects, 7% free, 184MB/200MB, paused 1.211ms total 52.365ms
08-06 04:59:18.518 13805 13805 D AndroidRuntime: Calling main entry com.android.commands.input.Input
08-06 04:59:18.520 13805 13805 I Input   : injectMotionEvent: MotionEvent { action=ACTION_DOWN, actionButton=0, id[0]=0, x[0]=355.0, y[0]=1674.0, toolType[0]=TOOL_TYPE_UNKNOWN, buttonState=0, metaState=0, flags=0x0, edgeFlags=0x0, pointerCount=1, historySize=0, eventTime=853174932, downTime=853174932, deviceId=0, source=0x1002 }
08-06 04:59:18.524 13805 13805 I Input   : injectMotionEvent: MotionEvent { action=ACTION_UP, actionButton=0, id[0]=0, x[0]=355.0, y[0]=1674.0, toolType[0]=TOOL_TYPE_UNKNOWN, buttonState=0, metaState=0, flags=0x0, edgeFlags=0x0, pointerCount=1, historySize=0, eventTime=853174932, downTime=853174932, deviceId=0, source=0x1002 }
08-06 04:59:18.526 13805 13805 D AndroidRuntime: Shutting down VM
08-06 04:59:18.533   512  2967 D audio_hw_primary: out_set_parameters: enter: usecase(1: low-latency-playback) kvpairs: routing=2
08-06 04:59:18.545 11539 11539 V MainActivity: url = https://project-travel-mate.herokuapp.com/api/number-of-unread-notifications
08-06 04:59:18.546   512  2967 D audio_hw_primary: select_devices: out_snd_device(2: speaker) in_snd_device(0: none)
08-06 04:59:18.546   512  2967 D msm8974_platform: platform_send_audio_calibration: sending audio calibration for snd_device(2) acdb_id(15)
08-06 04:59:18.546   512  2967 I soundtrigger: audio_extn_sound_trigger_update_device_status: device 0x2 of type 0 for Event 1
08-06 04:59:18.555   512  2967 D audio_hw_primary: enable_snd_device: snd_device(2: speaker)
08-06 04:59:18.558   512  2967 D audio_hw_primary: enable_audio_route: apply and update mixer path: low-latency-playback speaker
08-06 04:59:18.599   512  2967 D AudioFlinger: mixer(0xf4740000) throttle end: throttle time(12)
08-06 04:59:18.900 11539 11550 I art     : Starting a blocking GC Explicit
08-06 04:59:18.965 11539 11550 I art     : Explicit concurrent mark sweep GC freed 3906(178KB) AllocSpace objects, 11(304KB) LOS objects, 7% free, 184MB/200MB, paused 1.349ms total 64.249ms
08-06 04:59:18.985 11539 11550 I art     : Starting a blocking GC Explicit
08-06 04:59:19.038 11539 11550 I art     : Explicit concurrent mark sweep GC freed 2318(194KB) AllocSpace objects, 0(0B) LOS objects, 7% free, 184MB/200MB, paused 1.260ms total 52.830ms
08-06 04:59:19.057 11539 11550 I art     : Starting a blocking GC Explicit
08-06 04:59:19.078   512  2967 D audio_hw_primary: disable_audio_route: reset and update mixer path: low-latency-playback speaker
08-06 04:59:19.080   512  2967 D audio_hw_primary: disable_snd_device: snd_device(2: speaker)
08-06 04:59:19.088   512  2967 I soundtrigger: audio_extn_sound_trigger_update_device_status: device 0x2 of type 0 for Event 0
08-06 04:59:19.106  9137  9137 I ServiceManager: Waiting for service AtCmdFwd...
08-06 04:59:19.113 11539 11550 I art     : Explicit concurrent mark sweep GC freed 2512(129KB) AllocSpace objects, 3(200KB) LOS objects, 7% free, 184MB/200MB, paused 1.815ms total 56.152ms
08-06 04:59:19.133 11539 11550 I art     : Starting a blocking GC Explicit
08-06 04:59:19.146 11539 13827 I NAPPA_EXPERIMENTATION: MetricNetworkRequestExecutionTime: REQUEST_DURATION_SYSTEM='600',REQUEST_DURATION_OKHTTP='33',REQUEST_SYNCHRONOUS='FALSE',RESPONSE_CODE='200',RESPONSE_METHOD='GET',RESPONSE_LENGTH_OKHTTP='36',RESPONSE_LENGTH_HEADER='36',REQUEST_PROTOCOL='http/1.1',REQUEST_URL='https://project-travel-mate.herokuapp.com/api/number-of-unread-notifications',
08-06 04:59:19.189 11539 11550 I art     : Explicit concurrent mark sweep GC freed 1106(129KB) AllocSpace objects, 0(0B) LOS objects, 7% free, 184MB/200MB, paused 1.319ms total 56.320ms
08-06 04:59:19.208 11539 11550 I art     : Starting a blocking GC Explicit
08-06 04:59:19.266 11539 11550 I art     : Explicit concurrent mark sweep GC freed 158(6KB) AllocSpace objects, 0(0B) LOS objects, 7% free, 184MB/200MB, paused 1.339ms total 57.276ms
08-06 04:59:19.687 11539 11600 I art     : Starting a blocking GC Explicit
08-06 04:59:19.765 11539 11600 I art     : Explicit concurrent mark sweep GC freed 1617(92KB) AllocSpace objects, 2(48KB) LOS objects, 7% free, 184MB/200MB, paused 1.352ms total 77.082ms
08-06 04:59:19.787 11539 11600 I art     : Starting a blocking GC Explicit
08-06 04:59:19.845 11539 11600 I art     : Explicit concurrent mark sweep GC freed 28(1024B) AllocSpace objects, 0(0B) LOS objects, 7% free, 184MB/200MB, paused 1.284ms total 57.834ms
08-06 04:59:19.864 11539 11600 I art     : Starting a blocking GC Explicit
08-06 04:59:19.922 11539 11600 I art     : Explicit concurrent mark sweep GC freed 3(96B) AllocSpace objects, 0(0B) LOS objects, 7% free, 184MB/200MB, paused 1.225ms total 57.697ms
08-06 04:59:19.941 11539 11600 I art     : Starting a blocking GC Explicit
08-06 04:59:19.999 11539 11600 I art     : Explicit concurrent mark sweep GC freed 3(96B) AllocSpace objects, 0(0B) LOS objects, 7% free, 184MB/200MB, paused 1.288ms total 57.961ms
08-06 04:59:20.019 11539 11600 I art     : Starting a blocking GC Explicit
08-06 04:59:20.078 11539 11600 I art     : Explicit concurrent mark sweep GC freed 3(96B) AllocSpace objects, 0(0B) LOS objects, 7% free, 184MB/200MB, paused 1.463ms total 59.292ms
08-06 04:59:20.106  9137  9137 I ServiceManager: Waiting for service AtCmdFwd...
08-06 04:59:20.509 11539 11551 I art     : Starting a blocking GC Explicit
08-06 04:59:20.572 11539 11551 I art     : Explicit concurrent mark sweep GC freed 1616(93KB) AllocSpace objects, 2(48KB) LOS objects, 7% free, 184MB/200MB, paused 1.315ms total 62.790ms
08-06 04:59:20.592 11539 11551 I art     : Starting a blocking GC Explicit
08-06 04:59:20.656 11539 11551 I art     : Explicit concurrent mark sweep GC freed 59(1856B) AllocSpace objects, 0(0B) LOS objects, 7% free, 184MB/200MB, paused 1.403ms total 64.159ms
08-06 04:59:20.679 11539 11551 I art     : Starting a blocking GC Explicit
08-06 04:59:20.742 11539 11551 I art     : Explicit concurrent mark sweep GC freed 3(96B) AllocSpace objects, 0(0B) LOS objects, 7% free, 184MB/200MB, paused 1.341ms total 63.008ms
08-06 04:59:20.762 11539 11551 I art     : Starting a blocking GC Explicit
08-06 04:59:20.817 11539 11551 I art     : Explicit concurrent mark sweep GC freed 3(96B) AllocSpace objects, 0(0B) LOS objects, 7% free, 184MB/200MB, paused 1.275ms total 55.225ms
08-06 04:59:20.836 11539 11551 I art     : Starting a blocking GC Explicit
08-06 04:59:20.890 11539 11551 I art     : Explicit concurrent mark sweep GC freed 9(496B) AllocSpace objects, 0(0B) LOS objects, 7% free, 184MB/200MB, paused 1.282ms total 54.051ms
08-06 04:59:21.107  9137  9137 I ServiceManager: Waiting for service AtCmdFwd...
08-06 04:59:21.321 13859 13859 D AndroidRuntime: >>>>>> START com.android.internal.os.RuntimeInit uid 2000 <<<<<<
08-06 04:59:21.328 13859 13859 D AndroidRuntime: CheckJNI is OFF
08-06 04:59:21.349 11539 11600 I art     : Starting a blocking GC Explicit
08-06 04:59:21.376 13859 13859 D ICU     : No timezone override file found: /data/misc/zoneinfo/current/icu/icu_tzdata.dat
08-06 04:59:21.407 11539 11600 I art     : Explicit concurrent mark sweep GC freed 1598(92KB) AllocSpace objects, 2(48KB) LOS objects, 7% free, 184MB/200MB, paused 1.378ms total 57.398ms
08-06 04:59:21.425 13859 13859 I Radio-JNI: register_android_hardware_Radio DONE
08-06 04:59:21.427 11539 11600 I art     : Starting a blocking GC Explicit
08-06 04:59:21.454 13859 13859 D AndroidRuntime: Calling main entry com.android.commands.input.Input
08-06 04:59:21.457 13859 13859 I Input   : injectMotionEvent: MotionEvent { action=ACTION_DOWN, actionButton=0, id[0]=0, x[0]=747.0, y[0]=608.0, toolType[0]=TOOL_TYPE_UNKNOWN, buttonState=0, metaState=0, flags=0x0, edgeFlags=0x0, pointerCount=1, historySize=0, eventTime=853177869, downTime=853177869, deviceId=0, source=0x1002 }
08-06 04:59:21.463 13859 13859 I Input   : injectMotionEvent: MotionEvent { action=ACTION_UP, actionButton=0, id[0]=0, x[0]=747.0, y[0]=608.0, toolType[0]=TOOL_TYPE_UNKNOWN, buttonState=0, metaState=0, flags=0x0, edgeFlags=0x0, pointerCount=1, historySize=0, eventTime=853177869, downTime=853177869, deviceId=0, source=0x1002 }
08-06 04:59:21.465 13859 13859 D AndroidRuntime: Shutting down VM
08-06 04:59:21.465   918   928 I ActivityManager: START u0 {cmp=baseline.io.github.project_travel_mate/.utilities.ChecklistActivity} from uid 10696 on display 0
08-06 04:59:21.466   512  2967 D audio_hw_primary: out_set_parameters: enter: usecase(1: low-latency-playback) kvpairs: routing=2
08-06 04:59:21.479   512  2967 D audio_hw_primary: select_devices: out_snd_device(2: speaker) in_snd_device(0: none)
08-06 04:59:21.479   512  2967 D msm8974_platform: platform_send_audio_calibration: sending audio calibration for snd_device(2) acdb_id(15)
08-06 04:59:21.479   512  2967 I soundtrigger: audio_extn_sound_trigger_update_device_status: device 0x2 of type 0 for Event 1
08-06 04:59:21.481 11539 11600 I art     : Explicit concurrent mark sweep GC freed 49(1792B) AllocSpace objects, 0(0B) LOS objects, 7% free, 184MB/200MB, paused 1.258ms total 53.866ms
08-06 04:59:21.494   512  2967 D audio_hw_primary: enable_snd_device: snd_device(2: speaker)
08-06 04:59:21.497   512  2967 D audio_hw_primary: enable_audio_route: apply and update mixer path: low-latency-playback speaker
08-06 04:59:21.502 11539 11600 I art     : Starting a blocking GC Explicit
08-06 04:59:21.555 11539 11600 I art     : Explicit concurrent mark sweep GC freed 687(46KB) AllocSpace objects, 0(0B) LOS objects, 7% free, 184MB/200MB, paused 1.501ms total 52.026ms
08-06 04:59:21.574   918   936 I ActivityManager: Displayed baseline.io.github.project_travel_mate/.utilities.ChecklistActivity: +98ms
08-06 04:59:21.575 13866 13866 I GoogleInputMethodServic: GoogleInputMethodService.onFinishInput():3138 
08-06 04:59:21.575 11539 11600 I art     : Starting a blocking GC Explicit
08-06 04:59:21.575 13866 13866 I GoogleInputMethodServic: GoogleInputMethodService.onStartInput():1808 
08-06 04:59:21.625 11539 11600 I art     : Explicit concurrent mark sweep GC freed 442(17KB) AllocSpace objects, 0(0B) LOS objects, 7% free, 184MB/200MB, paused 1.143ms total 49.985ms
08-06 04:59:21.643 11539 11600 I art     : Starting a blocking GC Explicit
08-06 04:59:21.693 11539 11600 I art     : Explicit concurrent mark sweep GC freed 98(3KB) AllocSpace objects, 0(0B) LOS objects, 7% free, 184MB/200MB, paused 1.320ms total 49.477ms
08-06 04:59:21.832   380   380 W SurfaceFlinger: couldn't log to binary event log: overflow.
08-06 04:59:22.029   512  2967 D audio_hw_primary: disable_audio_route: reset and update mixer path: low-latency-playback speaker
08-06 04:59:22.029   512  2967 D audio_hw_primary: disable_snd_device: snd_device(2: speaker)
08-06 04:59:22.037   512  2967 I soundtrigger: audio_extn_sound_trigger_update_device_status: device 0x2 of type 0 for Event 0
08-06 04:59:22.077 11539 11599 I art     : Starting a blocking GC Explicit
08-06 04:59:22.107  9137  9137 I ServiceManager: Waiting for service AtCmdFwd...
08-06 04:59:22.139 11539 11599 I art     : Explicit concurrent mark sweep GC freed 1644(94KB) AllocSpace objects, 2(48KB) LOS objects, 7% free, 184MB/200MB, paused 1.638ms total 61.618ms
08-06 04:59:22.162 11539 11599 I art     : Starting a blocking GC Explicit
08-06 04:59:22.219 11539 11599 I art     : Explicit concurrent mark sweep GC freed 48(1856B) AllocSpace objects, 0(0B) LOS objects, 7% free, 184MB/200MB, paused 1.299ms total 57.019ms
08-06 04:59:22.239 11539 11599 I art     : Starting a blocking GC Explicit
08-06 04:59:22.300 11539 11599 I art     : Explicit concurrent mark sweep GC freed 17(864B) AllocSpace objects, 0(0B) LOS objects, 7% free, 184MB/200MB, paused 1.446ms total 60.539ms
08-06 04:59:22.321 11539 11599 I art     : Starting a blocking GC Explicit
08-06 04:59:22.380 11539 11599 I art     : Explicit concurrent mark sweep GC freed 7(224B) AllocSpace objects, 0(0B) LOS objects, 7% free, 184MB/200MB, paused 1.334ms total 58.014ms
08-06 04:59:22.399 11539 11599 I art     : Starting a blocking GC Explicit
08-06 04:59:22.459 11539 11599 I art     : Explicit concurrent mark sweep GC freed 12(576B) AllocSpace objects, 0(0B) LOS objects, 7% free, 184MB/200MB, paused 1.471ms total 59.117ms
08-06 04:59:22.879 11539 11551 I art     : Starting a blocking GC Explicit
08-06 04:59:22.950 11539 11551 I art     : Explicit concurrent mark sweep GC freed 1637(93KB) AllocSpace objects, 2(48KB) LOS objects, 7% free, 184MB/200MB, paused 1.413ms total 70.568ms
08-06 04:59:22.972 11539 11551 I art     : Starting a blocking GC Explicit
08-06 04:59:23.031 11539 11551 I art     : Explicit concurrent mark sweep GC freed 28(1024B) AllocSpace objects, 0(0B) LOS objects, 7% free, 184MB/200MB, paused 1.313ms total 57.984ms
08-06 04:59:23.050 11539 11551 I art     : Starting a blocking GC Explicit
08-06 04:59:23.107 11539 11551 I art     : Explicit concurrent mark sweep GC freed 3(96B) AllocSpace objects, 0(0B) LOS objects, 7% free, 184MB/200MB, paused 1.188ms total 56.381ms
08-06 04:59:23.108  9137  9137 W Atfwd_Sendcmd: AtCmdFwd service not published, waiting... retryCnt : 3
08-06 04:59:23.126 11539 11551 I art     : Starting a blocking GC Explicit
08-06 04:59:23.184 11539 11551 I art     : Explicit concurrent mark sweep GC freed 3(96B) AllocSpace objects, 0(0B) LOS objects, 7% free, 184MB/200MB, paused 1.281ms total 58.170ms
08-06 04:59:23.204 11539 11551 I art     : Starting a blocking GC Explicit
08-06 04:59:23.268 11539 11551 I art     : Explicit concurrent mark sweep GC freed 3(96B) AllocSpace objects, 0(0B) LOS objects, 7% free, 184MB/200MB, paused 1.555ms total 64.460ms
08-06 04:59:23.714 11539 11557 I art     : Starting a blocking GC Explicit
08-06 04:59:23.792 11539 11557 I art     : Explicit concurrent mark sweep GC freed 1623(93KB) AllocSpace objects, 2(48KB) LOS objects, 7% free, 184MB/200MB, paused 1.472ms total 77.490ms
08-06 04:59:23.815 11539 11557 I art     : Starting a blocking GC Explicit
08-06 04:59:23.878 11539 11557 I art     : Explicit concurrent mark sweep GC freed 28(1024B) AllocSpace objects, 0(0B) LOS objects, 7% free, 184MB/200MB, paused 1.443ms total 62.841ms
08-06 04:59:23.897 11539 11557 I art     : Starting a blocking GC Explicit
08-06 04:59:23.965 11539 11557 I art     : Explicit concurrent mark sweep GC freed 15(752B) AllocSpace objects, 0(0B) LOS objects, 7% free, 184MB/200MB, paused 1.323ms total 67.356ms
08-06 04:59:23.988 11539 11557 I art     : Starting a blocking GC Explicit
08-06 04:59:24.053 11539 11557 I art     : Explicit concurrent mark sweep GC freed 13(640B) AllocSpace objects, 0(0B) LOS objects, 7% free, 184MB/200MB, paused 1.325ms total 64.853ms
08-06 04:59:24.073 11539 11557 I art     : Starting a blocking GC Explicit
08-06 04:59:24.136 11539 11557 I art     : Explicit concurrent mark sweep GC freed 3(96B) AllocSpace objects, 0(0B) LOS objects, 7% free, 184MB/200MB, paused 1.359ms total 62.850ms
08-06 04:59:24.565 11539 11550 I art     : Starting a blocking GC Explicit
08-06 04:59:24.646 11539 11550 I art     : Explicit concurrent mark sweep GC freed 1621(92KB) AllocSpace objects, 2(48KB) LOS objects, 7% free, 184MB/200MB, paused 1.406ms total 80.386ms
08-06 04:59:24.668 11539 11550 I art     : Starting a blocking GC Explicit
08-06 04:59:24.728 11539 11550 I art     : Explicit concurrent mark sweep GC freed 28(1024B) AllocSpace objects, 0(0B) LOS objects, 7% free, 184MB/200MB, paused 1.512ms total 59.923ms
08-06 04:59:24.748 11539 11550 I art     : Starting a blocking GC Explicit
08-06 04:59:24.815 11539 11550 I art     : Explicit concurrent mark sweep GC freed 3(96B) AllocSpace objects, 0(0B) LOS objects, 7% free, 184MB/200MB, paused 1.436ms total 66.497ms
08-06 04:59:24.815 11539 11549 I art     : WaitForGcToComplete blocked for 49.648ms for cause HeapTrim
08-06 04:59:24.837 11539 11550 I art     : Starting a blocking GC Explicit
08-06 04:59:24.901 11539 11550 I art     : Explicit concurrent mark sweep GC freed 3(96B) AllocSpace objects, 0(0B) LOS objects, 7% free, 184MB/200MB, paused 1.215ms total 64.122ms
08-06 04:59:24.921 11539 11550 I art     : Starting a blocking GC Explicit
08-06 04:59:24.988 11539 11550 I art     : Explicit concurrent mark sweep GC freed 3(96B) AllocSpace objects, 0(0B) LOS objects, 7% free, 184MB/200MB, paused 1.410ms total 66.835ms
08-06 04:59:25.424 11539 11600 I art     : Starting a blocking GC Explicit
08-06 04:59:25.503 11539 11600 I art     : Explicit concurrent mark sweep GC freed 1598(92KB) AllocSpace objects, 2(48KB) LOS objects, 7% free, 184MB/200MB, paused 1.423ms total 79.266ms
08-06 04:59:25.527 11539 11600 I art     : Starting a blocking GC Explicit
08-06 04:59:25.595 11539 11600 I art     : Explicit concurrent mark sweep GC freed 38(1568B) AllocSpace objects, 0(0B) LOS objects, 7% free, 184MB/200MB, paused 1.330ms total 67.636ms
08-06 04:59:25.617 11539 11600 I art     : Starting a blocking GC Explicit
08-06 04:59:25.682 11539 11600 I art     : Explicit concurrent mark sweep GC freed 40(1088B) AllocSpace objects, 0(0B) LOS objects, 7% free, 184MB/200MB, paused 1.337ms total 64.921ms
08-06 04:59:25.702 11539 11600 I art     : Starting a blocking GC Explicit
08-06 04:59:25.757 11539 11600 I art     : Explicit concurrent mark sweep GC freed 3(96B) AllocSpace objects, 0(0B) LOS objects, 7% free, 184MB/200MB, paused 1.150ms total 54.521ms
08-06 04:59:25.775 11539 11600 I art     : Starting a blocking GC Explicit
08-06 04:59:25.830 11539 11600 I art     : Explicit concurrent mark sweep GC freed 3(96B) AllocSpace objects, 0(0B) LOS objects, 7% free, 184MB/200MB, paused 1.394ms total 54.393ms
08-06 04:59:26.258 13955 13955 D AndroidRuntime: >>>>>> START com.android.internal.os.RuntimeInit uid 2000 <<<<<<
08-06 04:59:26.264 13955 13955 D AndroidRuntime: CheckJNI is OFF
08-06 04:59:26.274 11539 11599 I art     : Starting a blocking GC Explicit
08-06 04:59:26.313 13955 13955 D ICU     : No timezone override file found: /data/misc/zoneinfo/current/icu/icu_tzdata.dat
08-06 04:59:26.336 11539 11599 I art     : Explicit concurrent mark sweep GC freed 1586(92KB) AllocSpace objects, 2(48KB) LOS objects, 7% free, 184MB/200MB, paused 1.441ms total 62.597ms
08-06 04:59:26.356 11539 11599 I art     : Starting a blocking GC Explicit
08-06 04:59:26.361 13955 13955 I Radio-JNI: register_android_hardware_Radio DONE
08-06 04:59:26.391 13955 13955 D AndroidRuntime: Calling main entry com.android.commands.input.Input
08-06 04:59:26.393 13955 13955 I Input   : injectKeyEvent: KeyEvent { action=ACTION_DOWN, keyCode=KEYCODE_BACK, scanCode=0, metaState=0, flags=0x0, repeatCount=0, eventTime=853182806, downTime=853182806, deviceId=-1, source=0x101 }
08-06 04:59:26.399 13955 13955 I Input   : injectKeyEvent: KeyEvent { action=ACTION_UP, keyCode=KEYCODE_BACK, scanCode=0, metaState=0, flags=0x0, repeatCount=0, eventTime=853182806, downTime=853182806, deviceId=-1, source=0x101 }
08-06 04:59:26.404 13955 13955 D AndroidRuntime: Shutting down VM
08-06 04:59:26.413 11539 11599 I art     : Explicit concurrent mark sweep GC freed 50(1984B) AllocSpace objects, 0(0B) LOS objects, 7% free, 184MB/200MB, paused 1.472ms total 56.782ms
08-06 04:59:26.419 11539 11539 V MainActivity: url = https://project-travel-mate.herokuapp.com/api/number-of-unread-notifications
08-06 04:59:26.432 11539 11599 I art     : Starting a blocking GC Explicit
08-06 04:59:26.454 13866 13866 I GoogleInputMethodServic: GoogleInputMethodService.onFinishInput():3138 
08-06 04:59:26.455 13866 13866 I GoogleInputMethodServic: GoogleInputMethodService.onStartInput():1808 
08-06 04:59:26.488 11539 11599 I art     : Explicit concurrent mark sweep GC freed 439(19KB) AllocSpace objects, 0(0B) LOS objects, 7% free, 184MB/200MB, paused 1.611ms total 56.149ms
08-06 04:59:26.509 11539 11599 I art     : Starting a blocking GC Explicit
08-06 04:59:26.559 11539 11599 I art     : Explicit concurrent mark sweep GC freed 71(3KB) AllocSpace objects, 0(0B) LOS objects, 7% free, 184MB/200MB, paused 1.437ms total 49.450ms
08-06 04:59:26.577 11539 11599 I art     : Starting a blocking GC Explicit
08-06 04:59:26.638 11539 11599 I art     : Explicit concurrent mark sweep GC freed 63(1968B) AllocSpace objects, 0(0B) LOS objects, 7% free, 184MB/200MB, paused 1.415ms total 60.285ms
08-06 04:59:26.753   380   380 W SurfaceFlinger: couldn't log to binary event log: overflow.
08-06 04:59:27.033 11539 11600 I art     : Starting a blocking GC Explicit
08-06 04:59:27.105 11539 11600 I art     : Explicit concurrent mark sweep GC freed 2028(112KB) AllocSpace objects, 2(48KB) LOS objects, 7% free, 184MB/200MB, paused 1.493ms total 71.667ms
08-06 04:59:27.127 11539 11600 I art     : Starting a blocking GC Explicit
08-06 04:59:27.187 11539 11600 I art     : Explicit concurrent mark sweep GC freed 1127(76KB) AllocSpace objects, 2(120KB) LOS objects, 7% free, 184MB/200MB, paused 1.771ms total 58.922ms
08-06 04:59:27.206 11539 11600 I art     : Starting a blocking GC Explicit
08-06 04:59:27.239 11539 13984 I NAPPA_EXPERIMENTATION: MetricNetworkRequestExecutionTime: REQUEST_DURATION_SYSTEM='819',REQUEST_DURATION_OKHTTP='35',REQUEST_SYNCHRONOUS='FALSE',RESPONSE_CODE='200',RESPONSE_METHOD='GET',RESPONSE_LENGTH_OKHTTP='36',RESPONSE_LENGTH_HEADER='36',REQUEST_PROTOCOL='http/1.1',REQUEST_URL='https://project-travel-mate.herokuapp.com/api/number-of-unread-notifications',
08-06 04:59:27.264 11539 11600 I art     : Explicit concurrent mark sweep GC freed 2360(152KB) AllocSpace objects, 1(80KB) LOS objects, 7% free, 184MB/200MB, paused 1.383ms total 58.635ms
08-06 04:59:27.284 11539 11600 I art     : Starting a blocking GC Explicit
08-06 04:59:27.347 11539 11600 I art     : Explicit concurrent mark sweep GC freed 422(43KB) AllocSpace objects, 0(0B) LOS objects, 7% free, 184MB/200MB, paused 1.438ms total 62.791ms
08-06 04:59:27.370 11539 11600 I art     : Starting a blocking GC Explicit
08-06 04:59:27.433 11539 11600 I art     : Explicit concurrent mark sweep GC freed 3(96B) AllocSpace objects, 0(0B) LOS objects, 7% free, 184MB/200MB, paused 1.468ms total 62.956ms
08-06 04:59:27.829 11539 11551 I art     : Starting a blocking GC Explicit
08-06 04:59:27.899 11539 11551 I art     : Explicit concurrent mark sweep GC freed 1623(93KB) AllocSpace objects, 2(48KB) LOS objects, 7% free, 184MB/200MB, paused 1.588ms total 69.377ms
08-06 04:59:27.921 11539 11551 I art     : Starting a blocking GC Explicit
08-06 04:59:27.977 11539 11551 I art     : Explicit concurrent mark sweep GC freed 28(1024B) AllocSpace objects, 0(0B) LOS objects, 7% free, 184MB/200MB, paused 1.389ms total 56.196ms
08-06 04:59:27.996 11539 11551 I art     : Starting a blocking GC Explicit
08-06 04:59:28.054 11539 11551 I art     : Explicit concurrent mark sweep GC freed 4(128B) AllocSpace objects, 0(0B) LOS objects, 7% free, 184MB/200MB, paused 1.500ms total 58.076ms
08-06 04:59:28.079 11539 11551 I art     : Starting a blocking GC Explicit
08-06 04:59:28.133 11539 11551 I art     : Explicit concurrent mark sweep GC freed 13(416B) AllocSpace objects, 0(0B) LOS objects, 7% free, 184MB/200MB, paused 1.311ms total 54.435ms
08-06 04:59:28.152 11539 11551 I art     : Starting a blocking GC Explicit
08-06 04:59:28.201 14002 14002 D AndroidRuntime: >>>>>> START com.android.internal.os.RuntimeInit uid 2000 <<<<<<
08-06 04:59:28.207 11539 11551 I art     : Explicit concurrent mark sweep GC freed 23(1008B) AllocSpace objects, 0(0B) LOS objects, 7% free, 184MB/200MB, paused 1.377ms total 54.767ms
08-06 04:59:28.207 14002 14002 D AndroidRuntime: CheckJNI is OFF
08-06 04:59:28.252 14002 14002 D ICU     : No timezone override file found: /data/misc/zoneinfo/current/icu/icu_tzdata.dat
08-06 04:59:28.296 14002 14002 I Radio-JNI: register_android_hardware_Radio DONE
08-06 04:59:28.326 14002 14002 D AndroidRuntime: Calling main entry com.android.commands.input.Input
08-06 04:59:28.328 14002 14002 I Input   : injectMotionEvent: MotionEvent { action=ACTION_DOWN, actionButton=0, id[0]=0, x[0]=657.0, y[0]=2037.0, toolType[0]=TOOL_TYPE_UNKNOWN, buttonState=0, metaState=0, flags=0x0, edgeFlags=0x0, pointerCount=1, historySize=0, eventTime=853184741, downTime=853184741, deviceId=0, source=0x1002 }
08-06 04:59:28.334 14002 14002 I Input   : injectMotionEvent: MotionEvent { action=ACTION_UP, actionButton=0, id[0]=0, x[0]=657.0, y[0]=2037.0, toolType[0]=TOOL_TYPE_UNKNOWN, buttonState=0, metaState=0, flags=0x0, edgeFlags=0x0, pointerCount=1, historySize=0, eventTime=853184741, downTime=853184741, deviceId=0, source=0x1002 }
08-06 04:59:28.336 14002 14002 D AndroidRuntime: Shutting down VM
08-06 04:59:28.336   918  6111 I ActivityManager: START u0 {cmp=baseline.io.github.project_travel_mate/.utilities.CompassActivity} from uid 10696 on display 0
08-06 04:59:28.338   512  2967 D audio_hw_primary: out_set_parameters: enter: usecase(1: low-latency-playback) kvpairs: routing=2
08-06 04:59:28.351   512  2967 D audio_hw_primary: select_devices: out_snd_device(2: speaker) in_snd_device(0: none)
08-06 04:59:28.351   512  2967 D msm8974_platform: platform_send_audio_calibration: sending audio calibration for snd_device(2) acdb_id(15)
08-06 04:59:28.351   512  2967 I soundtrigger: audio_extn_sound_trigger_update_device_status: device 0x2 of type 0 for Event 1
08-06 04:59:28.364   512  2967 D audio_hw_primary: enable_snd_device: snd_device(2: speaker)
08-06 04:59:28.366   512  2967 D audio_hw_primary: enable_audio_route: apply and update mixer path: low-latency-playback speaker
08-06 04:59:28.590 11539 11551 I art     : Starting a blocking GC Explicit
08-06 04:59:28.646 11539 11551 I art     : Explicit concurrent mark sweep GC freed 113(4KB) AllocSpace objects, 0(0B) LOS objects, 6% free, 233MB/249MB, paused 1.456ms total 55.791ms
08-06 04:59:28.665 11539 11551 I art     : Starting a blocking GC Explicit
08-06 04:59:28.722 11539 11551 I art     : Explicit concurrent mark sweep GC freed 3(96B) AllocSpace objects, 0(0B) LOS objects, 6% free, 233MB/249MB, paused 1.401ms total 56.148ms
08-06 04:59:28.741 11539 11551 I art     : Starting a blocking GC Explicit
08-06 04:59:28.795 11539 11551 I art     : Explicit concurrent mark sweep GC freed 3(96B) AllocSpace objects, 0(0B) LOS objects, 6% free, 233MB/249MB, paused 1.428ms total 54.061ms
08-06 04:59:28.814 11539 11551 I art     : Starting a blocking GC Explicit
08-06 04:59:28.869 11539 11551 I art     : Explicit concurrent mark sweep GC freed 7(224B) AllocSpace objects, 0(0B) LOS objects, 6% free, 236MB/252MB, paused 1.481ms total 54.330ms
08-06 04:59:28.888 11539 11551 I art     : Starting a blocking GC Explicit
08-06 04:59:28.894 11539 11539 D CompassActivity: start compass
08-06 04:59:28.896   918  3714 I sensors : batch
08-06 04:59:28.896   918  3714 I sensors : activate
08-06 04:59:28.896   918  4400 I sensors : batch
08-06 04:59:28.896   918  4400 I sensors : activate
08-06 04:59:28.901 11539 11539 I Choreographer: Skipped 32 frames!  The application may be doing too much work on its main thread.
08-06 04:59:28.902   918  3188 I hubconnection: sensorhub said: 'batch 1 flags:0, sampling_rate_Hz:50.00, max_report_latency_us:0'
08-06 04:59:28.903   918  3188 I hubconnection: sensorhub said: 'activate 1 enable:1'
08-06 04:59:28.905   918  3188 I hubconnection: sensorhub said: 'batch 3 flags:0, sampling_rate_Hz:50.00, max_report_latency_us:0'
08-06 04:59:28.906   918  3188 I hubconnection: sensorhub said: 'activate 3 enable:1'
08-06 04:59:28.911   512  2967 D audio_hw_primary: disable_audio_route: reset and update mixer path: low-latency-playback speaker
08-06 04:59:28.913   512  2967 D audio_hw_primary: disable_snd_device: snd_device(2: speaker)
08-06 04:59:28.921   512  2967 I soundtrigger: audio_extn_sound_trigger_update_device_status: device 0x2 of type 0 for Event 0
08-06 04:59:28.943 11539 11551 I art     : Explicit concurrent mark sweep GC freed 144(7KB) AllocSpace objects, 0(0B) LOS objects, 6% free, 236MB/252MB, paused 1.219ms total 54.858ms
08-06 04:59:28.952 13866 13866 I GoogleInputMethodServic: GoogleInputMethodService.onFinishInput():3138 
08-06 04:59:28.953 13866 13866 I GoogleInputMethodServic: GoogleInputMethodService.onStartInput():1808 
08-06 04:59:29.062 11539 11539 D CompassActivity: will set rotation from 0.0 to 179.74115
08-06 04:59:29.062 11539 11539 D CompassActivity: will set rotation from 179.74115 to 179.73486
08-06 04:59:29.068   918   936 I ActivityManager: Displayed baseline.io.github.project_travel_mate/.utilities.CompassActivity: +723ms
08-06 04:59:29.145 11539 11539 D CompassActivity: will set rotation from 179.73486 to 179.21887
08-06 04:59:29.145 11539 11539 D CompassActivity: will set rotation from 179.21887 to 179.21252
08-06 04:59:29.145 11539 11539 D CompassActivity: will set rotation from 179.21252 to 179.22388
08-06 04:59:29.146 11539 11539 D CompassActivity: will set rotation from 179.22388 to 179.22815
08-06 04:59:29.146 11539 11539 D CompassActivity: will set rotation from 179.22815 to 179.11804
08-06 04:59:29.146 11539 11539 D CompassActivity: will set rotation from 179.11804 to 179.12103
08-06 04:59:29.146 11539 11539 D CompassActivity: will set rotation from 179.12103 to 179.044
08-06 04:59:29.146 11539 11539 D CompassActivity: will set rotation from 179.044 to 179.0503
08-06 04:59:29.146 11539 11539 D CompassActivity: will set rotation from 179.0503 to 179.16626
08-06 04:59:29.146 11539 11539 D CompassActivity: will set rotation from 179.16626 to 179.16748
08-06 04:59:29.237 11539 11539 D CompassActivity: will set rotation from 179.16748 to 179.11322
08-06 04:59:29.237 11539 11539 D CompassActivity: will set rotation from 179.11322 to 179.11322
08-06 04:59:29.237 11539 11539 D CompassActivity: will set rotation from 179.11322 to 179.06055
08-06 04:59:29.237 11539 11539 D CompassActivity: will set rotation from 179.06055 to 179.05676
08-06 04:59:29.237 11539 11539 D CompassActivity: will set rotation from 179.05676 to 179.08008
08-06 04:59:29.238 11539 11539 D CompassActivity: will set rotation from 179.08008 to 179.08801
08-06 04:59:29.238 11539 11539 D CompassActivity: will set rotation from 179.08801 to 179.09851
08-06 04:59:29.238 11539 11539 D CompassActivity: will set rotation from 179.09851 to 179.1037
08-06 04:59:29.260 11539 11539 D CompassActivity: will set rotation from 179.1037 to 179.06067
08-06 04:59:29.260 11539 11539 D CompassActivity: will set rotation from 179.06067 to 179.05554
08-06 04:59:29.264 11539 11539 D CompassActivity: will set rotation from 179.05554 to 179.12744
08-06 04:59:29.265 11539 11539 D CompassActivity: will set rotation from 179.12744 to 179.12915
08-06 04:59:29.285 11539 11539 D CompassActivity: will set rotation from 179.12915 to 179.14124
08-06 04:59:29.285 11539 11539 D CompassActivity: will set rotation from 179.14124 to 179.14063
08-06 04:59:29.304 11539 11539 D CompassActivity: will set rotation from 179.14063 to 179.2359
08-06 04:59:29.305 11539 11539 D CompassActivity: will set rotation from 179.2359 to 179.23541
08-06 04:59:29.323   380   380 W SurfaceFlinger: couldn't log to binary event log: overflow.
08-06 04:59:29.326 11539 11539 D CompassActivity: will set rotation from 179.23541 to 179.2348
08-06 04:59:29.327 11539 11539 D CompassActivity: will set rotation from 179.2348 to 179.23291
08-06 04:59:29.341 11539 11550 I art     : Starting a blocking GC Explicit
08-06 04:59:29.344 11539 11539 D CompassActivity: will set rotation from 179.23291 to 179.20251
08-06 04:59:29.344 11539 11539 D CompassActivity: will set rotation from 179.20251 to 179.20282
08-06 04:59:29.364 11539 11539 D CompassActivity: will set rotation from 179.20282 to 179.2431
08-06 04:59:29.364 11539 11539 D CompassActivity: will set rotation from 179.2431 to 179.24097
08-06 04:59:29.384 11539 11539 D CompassActivity: will set rotation from 179.24097 to 179.27625
08-06 04:59:29.384 11539 11539 D CompassActivity: will set rotation from 179.27625 to 179.27411
08-06 04:59:29.391 11539 11550 I art     : Explicit concurrent mark sweep GC freed 1942(114KB) AllocSpace objects, 2(48KB) LOS objects, 6% free, 236MB/252MB, paused 1.153ms total 49.687ms
08-06 04:59:29.404 11539 11539 D CompassActivity: will set rotation from 179.27411 to 179.30963
08-06 04:59:29.404 11539 11539 D CompassActivity: will set rotation from 179.30963 to 179.3133
08-06 04:59:29.408 11539 11550 I art     : Starting a blocking GC Explicit
08-06 04:59:29.424 11539 11539 D CompassActivity: will set rotation from 179.3133 to 179.38092
08-06 04:59:29.425 11539 11539 D CompassActivity: will set rotation from 179.38092 to 179.38391
08-06 04:59:29.444 11539 11539 D CompassActivity: will set rotation from 179.38391 to 179.41077
08-06 04:59:29.444 11539 11539 D CompassActivity: will set rotation from 179.41077 to 179.41058
08-06 04:59:29.467 11539 11550 I art     : Explicit concurrent mark sweep GC freed 554(22KB) AllocSpace objects, 0(0B) LOS objects, 6% free, 236MB/252MB, paused 1.222ms total 58.018ms
08-06 04:59:29.487 11539 11550 I art     : Starting a blocking GC Explicit
08-06 04:59:29.537 11539 11550 I art     : Explicit concurrent mark sweep GC freed 81(3KB) AllocSpace objects, 0(0B) LOS objects, 6% free, 236MB/252MB, paused 1.453ms total 49.769ms
08-06 04:59:29.541 11539 11539 D CompassActivity: will set rotation from 179.41058 to 179.43066
08-06 04:59:29.541 11539 11539 D CompassActivity: will set rotation from 179.43066 to 179.432
08-06 04:59:29.541 11539 11539 D CompassActivity: will set rotation from 179.432 to 179.42157
08-06 04:59:29.541 11539 11539 D CompassActivity: will set rotation from 179.42157 to 179.42285
08-06 04:59:29.541 11539 11539 D CompassActivity: will set rotation from 179.42285 to 179.47534
08-06 04:59:29.542 11539 11539 D CompassActivity: will set rotation from 179.47534 to 179.4754
08-06 04:59:29.542 11539 11539 D CompassActivity: will set rotation from 179.4754 to 179.4945
08-06 04:59:29.542 11539 11539 D CompassActivity: will set rotation from 179.4945 to 179.49493
08-06 04:59:29.543 11539 11539 D CompassActivity: will set rotation from 179.49493 to 179.4784
08-06 04:59:29.544 11539 11539 D CompassActivity: will set rotation from 179.4784 to 179.47577
08-06 04:59:29.556 11539 11550 I art     : Starting a blocking GC Explicit
08-06 04:59:29.563 11539 11539 D CompassActivity: will set rotation from 179.47577 to 179.49353
08-06 04:59:29.564 11539 11539 D CompassActivity: will set rotation from 179.49353 to 179.49426
08-06 04:59:29.583 11539 11539 D CompassActivity: will set rotation from 179.49426 to 179.50879
08-06 04:59:29.583 11539 11539 D CompassActivity: will set rotation from 179.50879 to 179.50977
08-06 04:59:29.604 11539 11539 D CompassActivity: will set rotation from 179.50977 to 179.49841
08-06 04:59:29.604 11539 11539 D CompassActivity: will set rotation from 179.49841 to 179.50195
08-06 04:59:29.605 11539 11550 I art     : Explicit concurrent mark sweep GC freed 183(9KB) AllocSpace objects, 0(0B) LOS objects, 6% free, 236MB/252MB, paused 1.184ms total 49.084ms
08-06 04:59:29.623 11539 11550 I art     : Starting a blocking GC Explicit
08-06 04:59:29.624 11539 11539 D CompassActivity: will set rotation from 179.50195 to 179.51282
08-06 04:59:29.624 11539 11539 D CompassActivity: will set rotation from 179.51282 to 179.51215
08-06 04:59:29.644 11539 11539 D CompassActivity: will set rotation from 179.51215 to 179.49713
08-06 04:59:29.644 11539 11539 D CompassActivity: will set rotation from 179.49713 to 179.49786
08-06 04:59:29.663 11539 11539 D CompassActivity: will set rotation from 179.49786 to 179.48724
08-06 04:59:29.663 11539 11539 D CompassActivity: will set rotation from 179.48724 to 179.48755
08-06 04:59:29.683 11539 11550 I art     : Explicit concurrent mark sweep GC freed 271(11KB) AllocSpace objects, 0(0B) LOS objects, 6% free, 236MB/252MB, paused 1.191ms total 60.029ms
08-06 04:59:29.683 11539 11539 D CompassActivity: will set rotation from 179.48755 to 179.45801
08-06 04:59:29.684 11539 11539 D CompassActivity: will set rotation from 179.45801 to 179.46008
08-06 04:59:29.703 11539 11539 D CompassActivity: will set rotation from 179.46008 to 179.47473
08-06 04:59:29.704 11539 11539 D CompassActivity: will set rotation from 179.47473 to 179.47766
08-06 04:59:29.725 11539 11539 D CompassActivity: will set rotation from 179.47766 to 179.49158
08-06 04:59:29.728 11539 11539 D CompassActivity: will set rotation from 179.49158 to 179.48987
08-06 04:59:29.744 11539 11539 D CompassActivity: will set rotation from 179.48987 to 179.43945
08-06 04:59:29.745 11539 11539 D CompassActivity: will set rotation from 179.43945 to 179.44012
08-06 04:59:29.765 11539 11539 D CompassActivity: will set rotation from 179.44012 to 179.48083
08-06 04:59:29.765 11539 11539 D CompassActivity: will set rotation from 179.48083 to 179.48102
08-06 04:59:29.782 11539 11539 D CompassActivity: will set rotation from 179.48102 to 179.51758
08-06 04:59:29.783 11539 11539 D CompassActivity: will set rotation from 179.51758 to 179.51758
08-06 04:59:29.803 11539 11539 D CompassActivity: will set rotation from 179.51758 to 179.55176
08-06 04:59:29.803 11539 11539 D CompassActivity: will set rotation from 179.55176 to 179.55115
08-06 04:59:29.827 11539 11539 D CompassActivity: will set rotation from 179.55115 to 179.56189
08-06 04:59:29.828 11539 11539 D CompassActivity: will set rotation from 179.56189 to 179.56165
08-06 04:59:29.846 11539 11539 D CompassActivity: will set rotation from 179.56165 to 179.50964
08-06 04:59:29.846 11539 11539 D CompassActivity: will set rotation from 179.50964 to 179.51056
08-06 04:59:29.863 11539 11539 D CompassActivity: will set rotation from 179.51056 to 179.52063
08-06 04:59:29.863 11539 11539 D CompassActivity: will set rotation from 179.52063 to 179.5213
08-06 04:59:29.883 11539 11539 D CompassActivity: will set rotation from 179.5213 to 179.49359
08-06 04:59:29.884 11539 11539 D CompassActivity: will set rotation from 179.49359 to 179.49329
08-06 04:59:29.902 11539 11539 D CompassActivity: will set rotation from 179.49329 to 179.46686
08-06 04:59:29.903 11539 11539 D CompassActivity: will set rotation from 179.46686 to 179.46533
08-06 04:59:29.922 11539 11539 D CompassActivity: will set rotation from 179.46533 to 179.47845
08-06 04:59:29.923 11539 11539 D CompassActivity: will set rotation from 179.47845 to 179.47711
08-06 04:59:29.943 11539 11539 D CompassActivity: will set rotation from 179.47711 to 179.50745
08-06 04:59:29.944 11539 11539 D CompassActivity: will set rotation from 179.50745 to 179.50415
08-06 04:59:29.962 11539 11539 D CompassActivity: will set rotation from 179.50415 to 179.49518
08-06 04:59:29.963 11539 11539 D CompassActivity: will set rotation from 179.49518 to 179.49402
08-06 04:59:29.981 11539 11539 D CompassActivity: will set rotation from 179.49402 to 179.50598
08-06 04:59:29.982 11539 11539 D CompassActivity: will set rotation from 179.50598 to 179.50433
08-06 04:59:30.002 11539 11539 D CompassActivity: will set rotation from 179.50433 to 179.49738
08-06 04:59:30.002 11539 11539 D CompassActivity: will set rotation from 179.49738 to 179.49658
08-06 04:59:30.022 11539 11539 D CompassActivity: will set rotation from 179.49658 to 179.50793
08-06 04:59:30.022 11539 11539 D CompassActivity: will set rotation from 179.50793 to 179.50946
08-06 04:59:30.045 11539 11539 D CompassActivity: will set rotation from 179.50946 to 179.50146
08-06 04:59:30.046 11539 11539 D CompassActivity: will set rotation from 179.50146 to 179.50189
08-06 04:59:30.062 11539 11539 D CompassActivity: will set rotation from 179.50189 to 179.5293
08-06 04:59:30.063 11539 11539 D CompassActivity: will set rotation from 179.5293 to 179.53082
08-06 04:59:30.082 11539 11539 D CompassActivity: will set rotation from 179.53082 to 179.50385
08-06 04:59:30.083 11539 11539 D CompassActivity: will set rotation from 179.50385 to 179.50415
08-06 04:59:30.102 11539 11539 D CompassActivity: will set rotation from 179.50415 to 179.48083
08-06 04:59:30.103 11539 11539 D CompassActivity: will set rotation from 179.48083 to 179.48108
08-06 04:59:30.118 11539 11557 I art     : Starting a blocking GC Explicit
08-06 04:59:30.122 11539 11539 D CompassActivity: will set rotation from 179.48108 to 179.51178
08-06 04:59:30.123 11539 11539 D CompassActivity: will set rotation from 179.51178 to 179.51135
08-06 04:59:30.147 11539 11539 D CompassActivity: will set rotation from 179.51135 to 179.48431
08-06 04:59:30.148 11539 11539 D CompassActivity: will set rotation from 179.48431 to 179.48499
08-06 04:59:30.163 11539 11539 D CompassActivity: will set rotation from 179.48499 to 179.49438
08-06 04:59:30.163 11539 11539 D CompassActivity: will set rotation from 179.49438 to 179.49426
08-06 04:59:30.184 11539 11539 D CompassActivity: will set rotation from 179.49426 to 179.48767
08-06 04:59:30.185 11539 11539 D CompassActivity: will set rotation from 179.48767 to 179.48645
08-06 04:59:30.189 11539 11557 I art     : Explicit concurrent mark sweep GC freed 2094(124KB) AllocSpace objects, 2(48KB) LOS objects, 6% free, 236MB/252MB, paused 1.535ms total 70ms
08-06 04:59:30.205 11539 11539 D CompassActivity: will set rotation from 179.48645 to 179.49902
08-06 04:59:30.205 11539 11539 D CompassActivity: will set rotation from 179.49902 to 179.50012
08-06 04:59:30.212 11539 11557 I art     : Starting a blocking GC Explicit
08-06 04:59:30.221 11539 11539 D CompassActivity: will set rotation from 179.50012 to 179.47351
08-06 04:59:30.222 11539 11539 D CompassActivity: will set rotation from 179.47351 to 179.47241
08-06 04:59:30.244 11539 11539 D CompassActivity: will set rotation from 179.47241 to 179.48389
08-06 04:59:30.244 11539 11539 D CompassActivity: will set rotation from 179.48389 to 179.48303
08-06 04:59:30.262 11539 11539 D CompassActivity: will set rotation from 179.48303 to 179.4779
08-06 04:59:30.263 11539 11539 D CompassActivity: will set rotation from 179.4779 to 179.47748
08-06 04:59:30.277 11539 11557 I art     : Explicit concurrent mark sweep GC freed 839(33KB) AllocSpace objects, 0(0B) LOS objects, 6% free, 236MB/252MB, paused 1.575ms total 64.147ms
08-06 04:59:30.282 11539 11539 D CompassActivity: will set rotation from 179.47748 to 179.47107
08-06 04:59:30.283 11539 11539 D CompassActivity: will set rotation from 179.47107 to 179.4682
08-06 04:59:30.299 11539 11557 I art     : Starting a blocking GC Explicit
08-06 04:59:30.301 11539 11539 D CompassActivity: will set rotation from 179.4682 to 179.44458
08-06 04:59:30.301 11539 11539 D CompassActivity: will set rotation from 179.44458 to 179.44641
08-06 04:59:30.321 11539 11539 D CompassActivity: will set rotation from 179.44641 to 179.42334
08-06 04:59:30.321 11539 11539 D CompassActivity: will set rotation from 179.42334 to 179.42407
08-06 04:59:30.344 11539 11539 D CompassActivity: will set rotation from 179.42407 to 179.45135
08-06 04:59:30.345 11539 11539 D CompassActivity: will set rotation from 179.45135 to 179.45062
08-06 04:59:30.364 11539 11539 D CompassActivity: will set rotation from 179.45062 to 179.45935
08-06 04:59:30.364 11539 11539 D CompassActivity: will set rotation from 179.45935 to 179.45868
08-06 04:59:30.368 11539 11557 I art     : Explicit concurrent mark sweep GC freed 189(9KB) AllocSpace objects, 0(0B) LOS objects, 6% free, 236MB/252MB, paused 1.461ms total 69.188ms
08-06 04:59:30.384 11539 11539 D CompassActivity: will set rotation from 179.45868 to 179.43652
08-06 04:59:30.385 11539 11539 D CompassActivity: will set rotation from 179.43652 to 179.43567
08-06 04:59:30.391 11539 11557 I art     : Starting a blocking GC Explicit
08-06 04:59:30.401 11539 11539 D CompassActivity: will set rotation from 179.43567 to 179.44684
08-06 04:59:30.402 11539 11539 D CompassActivity: will set rotation from 179.44684 to 179.44519
08-06 04:59:30.420 11539 11539 D CompassActivity: will set rotation from 179.44519 to 179.43823
08-06 04:59:30.421 11539 11539 D CompassActivity: will set rotation from 179.43823 to 179.43652
08-06 04:59:30.443 11539 11539 D CompassActivity: will set rotation from 179.43652 to 179.44574
08-06 04:59:30.444 11539 11539 D CompassActivity: will set rotation from 179.44574 to 179.44519
08-06 04:59:30.452 11539 11557 I art     : Explicit concurrent mark sweep GC freed 204(9KB) AllocSpace objects, 0(0B) LOS objects, 6% free, 236MB/252MB, paused 1.366ms total 60.534ms
08-06 04:59:30.464 11539 11539 D CompassActivity: will set rotation from 179.44519 to 179.45355
08-06 04:59:30.465 11539 11539 D CompassActivity: will set rotation from 179.45355 to 179.45209
08-06 04:59:30.474 11539 11557 I art     : Starting a blocking GC Explicit
08-06 04:59:30.482 11539 11539 D CompassActivity: will set rotation from 179.45209 to 179.44684
08-06 04:59:30.483 11539 11539 D CompassActivity: will set rotation from 179.44684 to 179.44849
08-06 04:59:30.501 11539 11539 D CompassActivity: will set rotation from 179.44849 to 179.42896
08-06 04:59:30.501 11539 11539 D CompassActivity: will set rotation from 179.42896 to 179.42883
08-06 04:59:30.521 11539 11539 D CompassActivity: will set rotation from 179.42883 to 179.44061
08-06 04:59:30.522 11539 11539 D CompassActivity: will set rotation from 179.44061 to 179.44019
08-06 04:59:30.545 11539 11539 D CompassActivity: will set rotation from 179.44019 to 179.41937
08-06 04:59:30.546 11539 11539 D CompassActivity: will set rotation from 179.41937 to 179.42072
08-06 04:59:30.546 11539 11557 I art     : Explicit concurrent mark sweep GC freed 175(8KB) AllocSpace objects, 0(0B) LOS objects, 6% free, 236MB/252MB, paused 1.526ms total 70.777ms
08-06 04:59:30.561 11539 11539 D CompassActivity: will set rotation from 179.42072 to 179.414
08-06 04:59:30.562 11539 11539 D CompassActivity: will set rotation from 179.414 to 179.41522
08-06 04:59:30.581 11539 11539 D CompassActivity: will set rotation from 179.41522 to 179.42749
08-06 04:59:30.582 11539 11539 D CompassActivity: will set rotation from 179.42749 to 179.42633
08-06 04:59:30.599 11539 11539 D CompassActivity: will set rotation from 179.42633 to 179.43646
08-06 04:59:30.599 11539 11539 D CompassActivity: will set rotation from 179.43646 to 179.43567
08-06 04:59:30.619 11539 11539 D CompassActivity: will set rotation from 179.43567 to 179.47852
08-06 04:59:30.619 11539 11539 D CompassActivity: will set rotation from 179.47852 to 179.47876
08-06 04:59:30.639 11539 11539 D CompassActivity: will set rotation from 179.47876 to 179.48938
08-06 04:59:30.640 11539 11539 D CompassActivity: will set rotation from 179.48938 to 179.49054
08-06 04:59:30.662 11539 11539 D CompassActivity: will set rotation from 179.49054 to 179.48248
08-06 04:59:30.663 11539 11539 D CompassActivity: will set rotation from 179.48248 to 179.48132
08-06 04:59:30.680 11539 11539 D CompassActivity: will set rotation from 179.48132 to 179.49188
08-06 04:59:30.681 11539 11539 D CompassActivity: will set rotation from 179.49188 to 179.49097
08-06 04:59:30.699 11539 11539 D CompassActivity: will set rotation from 179.49097 to 179.4519
08-06 04:59:30.699 11539 11539 D CompassActivity: will set rotation from 179.4519 to 179.45178
08-06 04:59:30.719 11539 11539 D CompassActivity: will set rotation from 179.45178 to 179.46191
08-06 04:59:30.720 11539 11539 D CompassActivity: will set rotation from 179.46191 to 179.46283
08-06 04:59:30.739 11539 11539 D CompassActivity: will set rotation from 179.46283 to 179.43933
08-06 04:59:30.740 11539 11539 D CompassActivity: will set rotation from 179.43933 to 179.44147
08-06 04:59:30.762 11539 11539 D CompassActivity: will set rotation from 179.44147 to 179.43646
08-06 04:59:30.763 11539 11539 D CompassActivity: will set rotation from 179.43646 to 179.43646
08-06 04:59:30.781 11539 11539 D CompassActivity: will set rotation from 179.43646 to 179.41516
08-06 04:59:30.782 11539 11539 D CompassActivity: will set rotation from 179.41516 to 179.41528
08-06 04:59:30.798 11539 11539 D CompassActivity: will set rotation from 179.41528 to 179.3786
08-06 04:59:30.799 11539 11539 D CompassActivity: will set rotation from 179.3786 to 179.37769
08-06 04:59:30.818 11539 11539 D CompassActivity: will set rotation from 179.37769 to 179.40637
08-06 04:59:30.819 11539 11539 D CompassActivity: will set rotation from 179.40637 to 179.40582
08-06 04:59:30.838 11539 11539 D CompassActivity: will set rotation from 179.40582 to 179.40149
08-06 04:59:30.839 11539 11539 D CompassActivity: will set rotation from 179.40149 to 179.40234
08-06 04:59:30.860 11539 11539 D CompassActivity: will set rotation from 179.40234 to 179.36517
08-06 04:59:30.861 11539 11539 D CompassActivity: will set rotation from 179.36517 to 179.36462
08-06 04:59:30.879 11539 11539 D CompassActivity: will set rotation from 179.36462 to 179.37756
08-06 04:59:30.879 11539 11539 D CompassActivity: will set rotation from 179.37756 to 179.37683
08-06 04:59:30.898 11539 11539 D CompassActivity: will set rotation from 179.37683 to 179.35693
08-06 04:59:30.899 11539 11539 D CompassActivity: will set rotation from 179.35693 to 179.3565
08-06 04:59:30.918 11539 11539 D CompassActivity: will set rotation from 179.3565 to 179.38403
08-06 04:59:30.918 11539 11539 D CompassActivity: will set rotation from 179.38403 to 179.38269
08-06 04:59:30.938 11539 11539 D CompassActivity: will set rotation from 179.38269 to 179.41064
08-06 04:59:30.938 11539 11539 D CompassActivity: will set rotation from 179.41064 to 179.409
08-06 04:59:30.960 11539 11539 D CompassActivity: will set rotation from 179.409 to 179.38501
08-06 04:59:30.960 11539 11539 D CompassActivity: will set rotation from 179.38501 to 179.38605
08-06 04:59:30.968 11539 11600 I art     : Starting a blocking GC Explicit
08-06 04:59:30.980 11539 11539 D CompassActivity: will set rotation from 179.38605 to 179.36493
08-06 04:59:30.980 11539 11539 D CompassActivity: will set rotation from 179.36493 to 179.3645
08-06 04:59:30.998 11539 11539 D CompassActivity: will set rotation from 179.3645 to 179.35992
08-06 04:59:30.998 11539 11539 D CompassActivity: will set rotation from 179.35992 to 179.35876
08-06 04:59:31.017 11539 11539 D CompassActivity: will set rotation from 179.35876 to 179.33868
08-06 04:59:31.018 11539 11539 D CompassActivity: will set rotation from 179.33868 to 179.33765
08-06 04:59:31.038 11539 11600 I art     : Explicit concurrent mark sweep GC freed 2089(123KB) AllocSpace objects, 2(48KB) LOS objects, 6% free, 236MB/252MB, paused 1.601ms total 69.483ms
08-06 04:59:31.039 11539 11539 D CompassActivity: will set rotation from 179.33765 to 179.35028
08-06 04:59:31.040 11539 11539 D CompassActivity: will set rotation from 179.35028 to 179.34924
08-06 04:59:31.061 11539 11600 I art     : Starting a blocking GC Explicit
08-06 04:59:31.061 11539 11539 D CompassActivity: will set rotation from 179.34924 to 179.34924
08-06 04:59:31.064 11539 11539 D CompassActivity: will set rotation from 179.34924 to 179.3504
08-06 04:59:31.079 11539 11539 D CompassActivity: will set rotation from 179.3504 to 179.34802
08-06 04:59:31.080 11539 11539 D CompassActivity: will set rotation from 179.34802 to 179.34912
08-06 04:59:31.098 11539 11539 D CompassActivity: will set rotation from 179.34912 to 179.36267
08-06 04:59:31.098 11539 11539 D CompassActivity: will set rotation from 179.36267 to 179.36395
08-06 04:59:31.118 11539 11539 D CompassActivity: will set rotation from 179.36395 to 179.34534
08-06 04:59:31.119 11539 11539 D CompassActivity: will set rotation from 179.34534 to 179.34656
08-06 04:59:31.132 11539 11600 I art     : Explicit concurrent mark sweep GC freed 822(33KB) AllocSpace objects, 0(0B) LOS objects, 6% free, 236MB/252MB, paused 1.680ms total 70.500ms
08-06 04:59:31.139 11539 11539 D CompassActivity: will set rotation from 179.34656 to 179.34485
08-06 04:59:31.140 11539 11539 D CompassActivity: will set rotation from 179.34485 to 179.34546
08-06 04:59:31.154 11539 11600 I art     : Starting a blocking GC Explicit
08-06 04:59:31.155 14050 14050 D AndroidRuntime: >>>>>> START com.android.internal.os.RuntimeInit uid 2000 <<<<<<
08-06 04:59:31.157 11539 11539 D CompassActivity: will set rotation from 179.34546 to 179.35773
08-06 04:59:31.158 11539 11539 D CompassActivity: will set rotation from 179.35773 to 179.35767
08-06 04:59:31.163 14050 14050 D AndroidRuntime: CheckJNI is OFF
08-06 04:59:31.180 11539 11539 D CompassActivity: will set rotation from 179.35767 to 179.35535
08-06 04:59:31.181 11539 11539 D CompassActivity: will set rotation from 179.35535 to 179.35449
08-06 04:59:31.198 11539 11539 D CompassActivity: will set rotation from 179.35449 to 179.35071
08-06 04:59:31.199 11539 11539 D CompassActivity: will set rotation from 179.35071 to 179.35114
08-06 04:59:31.213 14050 14050 D ICU     : No timezone override file found: /data/misc/zoneinfo/current/icu/icu_tzdata.dat
08-06 04:59:31.217 11539 11539 D CompassActivity: will set rotation from 179.35114 to 179.36523
08-06 04:59:31.218 11539 11539 D CompassActivity: will set rotation from 179.36523 to 179.36633
08-06 04:59:31.223 11539 11600 I art     : Explicit concurrent mark sweep GC freed 218(10KB) AllocSpace objects, 0(0B) LOS objects, 6% free, 236MB/252MB, paused 1.396ms total 68.341ms
08-06 04:59:31.239 11539 11539 D CompassActivity: will set rotation from 179.36633 to 179.3786
08-06 04:59:31.239 11539 11539 D CompassActivity: will set rotation from 179.3786 to 179.37848
08-06 04:59:31.245 11539 11600 I art     : Starting a blocking GC Explicit
08-06 04:59:31.257 11539 11539 D CompassActivity: will set rotation from 179.37848 to 179.34186
08-06 04:59:31.258 11539 11539 D CompassActivity: will set rotation from 179.34186 to 179.34045
08-06 04:59:31.262 14050 14050 I Radio-JNI: register_android_hardware_Radio DONE
08-06 04:59:31.277 11539 11539 D CompassActivity: will set rotation from 179.34045 to 179.32312
08-06 04:59:31.278 11539 11539 D CompassActivity: will set rotation from 179.32312 to 179.32336
08-06 04:59:31.292 14050 14050 D AndroidRuntime: Calling main entry com.android.commands.input.Input
08-06 04:59:31.295 14050 14050 I Input   : injectKeyEvent: KeyEvent { action=ACTION_DOWN, keyCode=KEYCODE_BACK, scanCode=0, metaState=0, flags=0x0, repeatCount=0, eventTime=853187708, downTime=853187708, deviceId=-1, source=0x101 }
08-06 04:59:31.297 11539 11539 D CompassActivity: will set rotation from 179.32336 to 179.33618
08-06 04:59:31.298 11539 11539 D CompassActivity: will set rotation from 179.33618 to 179.33539
08-06 04:59:31.303 11539 11600 I art     : Explicit concurrent mark sweep GC freed 225(10KB) AllocSpace objects, 0(0B) LOS objects, 6% free, 236MB/252MB, paused 1.428ms total 58.467ms
08-06 04:59:31.304 14050 14050 I Input   : injectKeyEvent: KeyEvent { action=ACTION_UP, keyCode=KEYCODE_BACK, scanCode=0, metaState=0, flags=0x0, repeatCount=0, eventTime=853187708, downTime=853187708, deviceId=-1, source=0x101 }
08-06 04:59:31.313 14050 14050 D AndroidRuntime: Shutting down VM
08-06 04:59:31.320   918  5481 I sensors : activate
08-06 04:59:31.321   918  3359 I sensors : activate
08-06 04:59:31.325 11539 11600 I art     : Starting a blocking GC Explicit
08-06 04:59:31.330   918  3188 I hubconnection: sensorhub said: 'activate 1 enable:0'
08-06 04:59:31.331   918  3188 I hubconnection: sensorhub said: 'activate 3 enable:0'
08-06 04:59:31.341 11539 11539 V MainActivity: url = https://project-travel-mate.herokuapp.com/api/number-of-unread-notifications
08-06 04:59:31.381 11539 11600 I art     : Explicit concurrent mark sweep GC freed 554(24KB) AllocSpace objects, 0(0B) LOS objects, 6% free, 236MB/252MB, paused 1.969ms total 55.944ms
08-06 04:59:31.451 13866 13866 I GoogleInputMethodServic: GoogleInputMethodService.onFinishInput():3138 
08-06 04:59:31.452 13866 13866 I GoogleInputMethodServic: GoogleInputMethodService.onStartInput():1808 
08-06 04:59:31.724 11539 11539 D CompassActivity: stop compass
08-06 04:59:31.725   380   380 W SurfaceFlinger: couldn't log to binary event log: overflow.
08-06 04:59:31.772 11539 11599 I art     : Starting a blocking GC Explicit
08-06 04:59:31.826 11539 11599 I art     : Explicit concurrent mark sweep GC freed 1772(99KB) AllocSpace objects, 2(48KB) LOS objects, 6% free, 236MB/252MB, paused 1.318ms total 54.226ms
08-06 04:59:31.846 11539 11599 I art     : Starting a blocking GC Explicit
08-06 04:59:31.921 11539 11599 I art     : Explicit concurrent mark sweep GC freed 1328(83KB) AllocSpace objects, 3(52MB) LOS objects, 7% free, 184MB/200MB, paused 1.363ms total 74.046ms
08-06 04:59:31.940 11539 11599 I art     : Starting a blocking GC Explicit
08-06 04:59:31.999 11539 11599 I art     : Explicit concurrent mark sweep GC freed 3(96B) AllocSpace objects, 0(0B) LOS objects, 7% free, 184MB/200MB, paused 1.423ms total 58.358ms
08-06 04:59:32.018 11539 11599 I art     : Starting a blocking GC Explicit
08-06 04:59:32.079 11539 11599 I art     : Explicit concurrent mark sweep GC freed 3(96B) AllocSpace objects, 0(0B) LOS objects, 7% free, 184MB/200MB, paused 1.583ms total 60.280ms
08-06 04:59:32.104 11539 11599 I art     : Starting a blocking GC Explicit
08-06 04:59:32.155 11539 14073 I NAPPA_EXPERIMENTATION: MetricNetworkRequestExecutionTime: REQUEST_DURATION_SYSTEM='813',REQUEST_DURATION_OKHTTP='33',REQUEST_SYNCHRONOUS='FALSE',RESPONSE_CODE='200',RESPONSE_METHOD='GET',RESPONSE_LENGTH_OKHTTP='36',RESPONSE_LENGTH_HEADER='36',REQUEST_PROTOCOL='http/1.1',REQUEST_URL='https://project-travel-mate.herokuapp.com/api/number-of-unread-notifications',
08-06 04:59:32.163 11539 11599 I art     : Explicit concurrent mark sweep GC freed 2665(142KB) AllocSpace objects, 2(120KB) LOS objects, 7% free, 184MB/200MB, paused 1.420ms total 59.017ms
08-06 04:59:32.572 11539 11600 I art     : Starting a blocking GC Explicit
08-06 04:59:32.626   518   646 I ThermalEngine: ACTION: GPU - Setting GPU[0] to 390000000
08-06 04:59:32.644 11539 11600 I art     : Explicit concurrent mark sweep GC freed 2698(213KB) AllocSpace objects, 3(128KB) LOS objects, 7% free, 184MB/200MB, paused 2.077ms total 71.036ms
08-06 04:59:32.670 11539 11600 I art     : Starting a blocking GC Explicit
08-06 04:59:32.738 11539 11600 I art     : Explicit concurrent mark sweep GC freed 53(3KB) AllocSpace objects, 0(0B) LOS objects, 7% free, 184MB/200MB, paused 2.117ms total 67.908ms
08-06 04:59:32.764 11539 11600 I art     : Starting a blocking GC Explicit
08-06 04:59:32.833 11539 11600 I art     : Explicit concurrent mark sweep GC freed 3(96B) AllocSpace objects, 0(0B) LOS objects, 7% free, 184MB/200MB, paused 2.001ms total 68.741ms
08-06 04:59:32.859 11539 11600 I art     : Starting a blocking GC Explicit
08-06 04:59:32.929 11539 11600 I art     : Explicit concurrent mark sweep GC freed 14(720B) AllocSpace objects, 0(0B) LOS objects, 7% free, 184MB/200MB, paused 2.176ms total 69.537ms
08-06 04:59:32.955 11539 11600 I art     : Starting a blocking GC Explicit
08-06 04:59:33.029 11539 11600 I art     : Explicit concurrent mark sweep GC freed 16(736B) AllocSpace objects, 0(0B) LOS objects, 7% free, 184MB/200MB, paused 1.798ms total 73.814ms
08-06 04:59:33.248 14096 14096 D AndroidRuntime: >>>>>> START com.android.internal.os.RuntimeInit uid 2000 <<<<<<
08-06 04:59:33.254 14096 14096 D AndroidRuntime: CheckJNI is OFF
08-06 04:59:33.308 14096 14096 D ICU     : No timezone override file found: /data/misc/zoneinfo/current/icu/icu_tzdata.dat
08-06 04:59:33.354 14096 14096 I Radio-JNI: register_android_hardware_Radio DONE
08-06 04:59:33.387 14096 14096 D AndroidRuntime: Calling main entry com.android.commands.input.Input
08-06 04:59:33.390 14096 14096 I Input   : injectMotionEvent: MotionEvent { action=ACTION_DOWN, actionButton=0, id[0]=0, x[0]=500.0, y[0]=2000.0, toolType[0]=TOOL_TYPE_UNKNOWN, buttonState=0, metaState=0, flags=0x0, edgeFlags=0x0, pointerCount=1, historySize=0, eventTime=853189802, downTime=853189802, deviceId=0, source=0x1002 }
08-06 04:59:33.396 14096 14096 I Input   : injectMotionEvent: MotionEvent { action=ACTION_MOVE, actionButton=0, id[0]=0, x[0]=500.0, y[0]=2000.0, toolType[0]=TOOL_TYPE_UNKNOWN, buttonState=0, metaState=0, flags=0x0, edgeFlags=0x0, pointerCount=1, historySize=0, eventTime=853189802, downTime=853189802, deviceId=0, source=0x1002 }
08-06 04:59:33.405 14096 14096 I Input   : injectMotionEvent: MotionEvent { action=ACTION_MOVE, actionButton=0, id[0]=0, x[0]=500.0, y[0]=1969.6, toolType[0]=TOOL_TYPE_UNKNOWN, buttonState=0, metaState=0, flags=0x0, edgeFlags=0x0, pointerCount=1, historySize=0, eventTime=853189818, downTime=853189818, deviceId=0, source=0x1002 }
08-06 04:59:33.421 14096 14096 I Input   : injectMotionEvent: MotionEvent { action=ACTION_MOVE, actionButton=0, id[0]=0, x[0]=500.0, y[0]=1937.3, toolType[0]=TOOL_TYPE_UNKNOWN, buttonState=0, metaState=0, flags=0x0, edgeFlags=0x0, pointerCount=1, historySize=0, eventTime=853189835, downTime=853189835, deviceId=0, source=0x1002 }
08-06 04:59:33.448 14096 14096 I Input   : injectMotionEvent: MotionEvent { action=ACTION_MOVE, actionButton=0, id[0]=0, x[0]=500.0, y[0]=1887.9, toolType[0]=TOOL_TYPE_UNKNOWN, buttonState=0, metaState=0, flags=0x0, edgeFlags=0x0, pointerCount=1, historySize=0, eventTime=853189861, downTime=853189861, deviceId=0, source=0x1002 }
08-06 04:59:33.471 14096 14096 I Input   : injectMotionEvent: MotionEvent { action=ACTION_MOVE, actionButton=0, id[0]=0, x[0]=500.0, y[0]=1844.2, toolType[0]=TOOL_TYPE_UNKNOWN, buttonState=0, metaState=0, flags=0x0, edgeFlags=0x0, pointerCount=1, historySize=0, eventTime=853189884, downTime=853189884, deviceId=0, source=0x1002 }
08-06 04:59:33.497 14096 14096 I Input   : injectMotionEvent: MotionEvent { action=ACTION_MOVE, actionButton=0, id[0]=0, x[0]=500.0, y[0]=1794.8, toolType[0]=TOOL_TYPE_UNKNOWN, buttonState=0, metaState=0, flags=0x0, edgeFlags=0x0, pointerCount=1, historySize=0, eventTime=853189910, downTime=853189910, deviceId=0, source=0x1002 }
08-06 04:59:33.498 11539 11600 I art     : Starting a blocking GC Explicit
08-06 04:59:33.517 14096 14096 I Input   : injectMotionEvent: MotionEvent { action=ACTION_MOVE, actionButton=0, id[0]=0, x[0]=500.0, y[0]=1756.8, toolType[0]=TOOL_TYPE_UNKNOWN, buttonState=0, metaState=0, flags=0x0, edgeFlags=0x0, pointerCount=1, historySize=0, eventTime=853189930, downTime=853189930, deviceId=0, source=0x1002 }
08-06 04:59:33.532 14096 14096 I Input   : injectMotionEvent: MotionEvent { action=ACTION_MOVE, actionButton=0, id[0]=0, x[0]=500.0, y[0]=1728.3, toolType[0]=TOOL_TYPE_UNKNOWN, buttonState=0, metaState=0, flags=0x0, edgeFlags=0x0, pointerCount=1, historySize=0, eventTime=853189945, downTime=853189945, deviceId=0, source=0x1002 }
08-06 04:59:33.546 14096 14096 I Input   : injectMotionEvent: MotionEvent { action=ACTION_MOVE, actionButton=0, id[0]=0, x[0]=500.0, y[0]=1701.7, toolType[0]=TOOL_TYPE_UNKNOWN, buttonState=0, metaState=0, flags=0x0, edgeFlags=0x0, pointerCount=1, historySize=0, eventTime=853189959, downTime=853189959, deviceId=0, source=0x1002 }
08-06 04:59:33.567 14096 14096 I Input   : injectMotionEvent: MotionEvent { action=ACTION_MOVE, actionButton=0, id[0]=0, x[0]=500.0, y[0]=1661.8, toolType[0]=TOOL_TYPE_UNKNOWN, buttonState=0, metaState=0, flags=0x0, edgeFlags=0x0, pointerCount=1, historySize=0, eventTime=853189980, downTime=853189980, deviceId=0, source=0x1002 }
08-06 04:59:33.579 14096 14096 I Input   : injectMotionEvent: MotionEvent { action=ACTION_MOVE, actionButton=0, id[0]=0, x[0]=500.0, y[0]=1639.0, toolType[0]=TOOL_TYPE_UNKNOWN, buttonState=0, metaState=0, flags=0x0, edgeFlags=0x0, pointerCount=1, historySize=0, eventTime=853189992, downTime=853189992, deviceId=0, source=0x1002 }
08-06 04:59:33.603 14096 14096 I Input   : injectMotionEvent: MotionEvent { action=ACTION_MOVE, actionButton=0, id[0]=0, x[0]=500.0, y[0]=1593.4, toolType[0]=TOOL_TYPE_UNKNOWN, buttonState=0, metaState=0, flags=0x0, edgeFlags=0x0, pointerCount=1, historySize=0, eventTime=853190016, downTime=853190016, deviceId=0, source=0x1002 }
08-06 04:59:33.606 11539 11600 I art     : Explicit concurrent mark sweep GC freed 1668(94KB) AllocSpace objects, 2(48KB) LOS objects, 7% free, 184MB/200MB, paused 7.017ms total 107.796ms
08-06 04:59:33.616 14096 14096 I Input   : injectMotionEvent: MotionEvent { action=ACTION_MOVE, actionButton=0, id[0]=0, x[0]=500.0, y[0]=1568.7, toolType[0]=TOOL_TYPE_UNKNOWN, buttonState=0, metaState=0, flags=0x0, edgeFlags=0x0, pointerCount=1, historySize=0, eventTime=853190029, downTime=853190029, deviceId=0, source=0x1002 }
08-06 04:59:33.628   518   646 I ThermalEngine: ACTION: GPU - Setting GPU[0] to 450000000
08-06 04:59:33.629 14096 14096 I Input   : injectMotionEvent: MotionEvent { action=ACTION_MOVE, actionButton=0, id[0]=0, x[0]=500.0, y[0]=1544.0, toolType[0]=TOOL_TYPE_UNKNOWN, buttonState=0, metaState=0, flags=0x0, edgeFlags=0x0, pointerCount=1, historySize=0, eventTime=853190042, downTime=853190042, deviceId=0, source=0x1002 }
08-06 04:59:33.640 11539 11600 I art     : Starting a blocking GC Explicit
08-06 04:59:33.644 14096 14096 I Input   : injectMotionEvent: MotionEvent { action=ACTION_MOVE, actionButton=0, id[0]=0, x[0]=500.0, y[0]=1515.5, toolType[0]=TOOL_TYPE_UNKNOWN, buttonState=0, metaState=0, flags=0x0, edgeFlags=0x0, pointerCount=1, historySize=0, eventTime=853190057, downTime=853190057, deviceId=0, source=0x1002 }
08-06 04:59:33.660 14096 14096 I Input   : injectMotionEvent: MotionEvent { action=ACTION_MOVE, actionButton=0, id[0]=0, x[0]=500.0, y[0]=1485.1, toolType[0]=TOOL_TYPE_UNKNOWN, buttonState=0, metaState=0, flags=0x0, edgeFlags=0x0, pointerCount=1, historySize=0, eventTime=853190073, downTime=853190073, deviceId=0, source=0x1002 }
08-06 04:59:33.677 14096 14096 I Input   : injectMotionEvent: MotionEvent { action=ACTION_MOVE, actionButton=0, id[0]=0, x[0]=500.0, y[0]=1452.8, toolType[0]=TOOL_TYPE_UNKNOWN, buttonState=0, metaState=0, flags=0x0, edgeFlags=0x0, pointerCount=1, historySize=0, eventTime=853190090, downTime=853190090, deviceId=0, source=0x1002 }
08-06 04:59:33.694 14096 14096 I Input   : injectMotionEvent: MotionEvent { action=ACTION_MOVE, actionButton=0, id[0]=0, x[0]=500.0, y[0]=1420.5, toolType[0]=TOOL_TYPE_UNKNOWN, buttonState=0, metaState=0, flags=0x0, edgeFlags=0x0, pointerCount=1, historySize=0, eventTime=853190107, downTime=853190107, deviceId=0, source=0x1002 }
08-06 04:59:33.699 11539 11600 I art     : Explicit concurrent mark sweep GC freed 89(3056B) AllocSpace objects, 0(0B) LOS objects, 7% free, 184MB/200MB, paused 1.521ms total 59.219ms
08-06 04:59:33.711 14096 14096 I Input   : injectMotionEvent: MotionEvent { action=ACTION_MOVE, actionButton=0, id[0]=0, x[0]=500.0, y[0]=1388.2, toolType[0]=TOOL_TYPE_UNKNOWN, buttonState=0, metaState=0, flags=0x0, edgeFlags=0x0, pointerCount=1, historySize=0, eventTime=853190124, downTime=853190124, deviceId=0, source=0x1002 }
08-06 04:59:33.721 11539 11600 I art     : Starting a blocking GC Explicit
08-06 04:59:33.728 14096 14096 I Input   : injectMotionEvent: MotionEvent { action=ACTION_MOVE, actionButton=0, id[0]=0, x[0]=500.0, y[0]=1355.9, toolType[0]=TOOL_TYPE_UNKNOWN, buttonState=0, metaState=0, flags=0x0, edgeFlags=0x0, pointerCount=1, historySize=0, eventTime=853190141, downTime=853190141, deviceId=0, source=0x1002 }
08-06 04:59:33.743 14096 14096 I Input   : injectMotionEvent: MotionEvent { action=ACTION_MOVE, actionButton=0, id[0]=0, x[0]=500.0, y[0]=1325.5, toolType[0]=TOOL_TYPE_UNKNOWN, buttonState=0, metaState=0, flags=0x0, edgeFlags=0x0, pointerCount=1, historySize=0, eventTime=853190157, downTime=853190157, deviceId=0, source=0x1002 }
08-06 04:59:33.760 14096 14096 I Input   : injectMotionEvent: MotionEvent { action=ACTION_MOVE, actionButton=0, id[0]=0, x[0]=500.0, y[0]=1295.1001, toolType[0]=TOOL_TYPE_UNKNOWN, buttonState=0, metaState=0, flags=0x0, edgeFlags=0x0, pointerCount=1, historySize=0, eventTime=853190173, downTime=853190173, deviceId=0, source=0x1002 }
08-06 04:59:33.780 14096 14096 I Input   : injectMotionEvent: MotionEvent { action=ACTION_MOVE, actionButton=0, id[0]=0, x[0]=500.0, y[0]=1257.1, toolType[0]=TOOL_TYPE_UNKNOWN, buttonState=0, metaState=0, flags=0x0, edgeFlags=0x0, pointerCount=1, historySize=0, eventTime=853190193, downTime=853190193, deviceId=0, source=0x1002 }
08-06 04:59:33.780 11539 11600 I art     : Explicit concurrent mark sweep GC freed 5(368B) AllocSpace objects, 0(0B) LOS objects, 7% free, 184MB/200MB, paused 1.958ms total 58.543ms
08-06 04:59:33.794 14096 14096 I Input   : injectMotionEvent: MotionEvent { action=ACTION_MOVE, actionButton=0, id[0]=0, x[0]=500.0, y[0]=1228.6001, toolType[0]=TOOL_TYPE_UNKNOWN, buttonState=0, metaState=0, flags=0x0, edgeFlags=0x0, pointerCount=1, historySize=0, eventTime=853190208, downTime=853190208, deviceId=0, source=0x1002 }
08-06 04:59:33.801 11539 11600 I art     : Starting a blocking GC Explicit
08-06 04:59:33.810 14096 14096 I Input   : injectMotionEvent: MotionEvent { action=ACTION_MOVE, actionButton=0, id[0]=0, x[0]=500.0, y[0]=1198.2, toolType[0]=TOOL_TYPE_UNKNOWN, buttonState=0, metaState=0, flags=0x0, edgeFlags=0x0, pointerCount=1, historySize=0, eventTime=853190224, downTime=853190224, deviceId=0, source=0x1002 }
08-06 04:59:33.857 11539 11600 I art     : Explicit concurrent mark sweep GC freed 10(336B) AllocSpace objects, 0(0B) LOS objects, 7% free, 184MB/200MB, paused 1.447ms total 56.068ms
08-06 04:59:33.880 11539 11600 I art     : Starting a blocking GC Explicit
08-06 04:59:33.882 14096 14096 I Input   : injectMotionEvent: MotionEvent { action=ACTION_MOVE, actionButton=0, id[0]=0, x[0]=500.0, y[0]=1061.4, toolType[0]=TOOL_TYPE_UNKNOWN, buttonState=0, metaState=0, flags=0x0, edgeFlags=0x0, pointerCount=1, historySize=0, eventTime=853190296, downTime=853190296, deviceId=0, source=0x1002 }
08-06 04:59:33.933 11539 11600 I art     : Explicit concurrent mark sweep GC freed 3(96B) AllocSpace objects, 0(0B) LOS objects, 7% free, 184MB/200MB, paused 1.492ms total 52.226ms
08-06 04:59:33.954 14096 14096 I Input   : injectMotionEvent: MotionEvent { action=ACTION_MOVE, actionButton=0, id[0]=0, x[0]=500.0, y[0]=926.5, toolType[0]=TOOL_TYPE_UNKNOWN, buttonState=0, metaState=0, flags=0x0, edgeFlags=0x0, pointerCount=1, historySize=0, eventTime=853190367, downTime=853190367, deviceId=0, source=0x1002 }
08-06 04:59:34.011 14096 14096 I Input   : injectMotionEvent: MotionEvent { action=ACTION_MOVE, actionButton=0, id[0]=0, x[0]=500.0, y[0]=818.2001, toolType[0]=TOOL_TYPE_UNKNOWN, buttonState=0, metaState=0, flags=0x0, edgeFlags=0x0, pointerCount=1, historySize=0, eventTime=853190424, downTime=853190424, deviceId=0, source=0x1002 }
08-06 04:59:34.069 14096 14096 I Input   : injectMotionEvent: MotionEvent { action=ACTION_MOVE, actionButton=0, id[0]=0, x[0]=500.0, y[0]=708.0, toolType[0]=TOOL_TYPE_UNKNOWN, buttonState=0, metaState=0, flags=0x0, edgeFlags=0x0, pointerCount=1, historySize=0, eventTime=853190482, downTime=853190482, deviceId=0, source=0x1002 }
08-06 04:59:34.126 14096 14096 I Input   : injectMotionEvent: MotionEvent { action=ACTION_MOVE, actionButton=0, id[0]=0, x[0]=500.0, y[0]=599.7001, toolType[0]=TOOL_TYPE_UNKNOWN, buttonState=0, metaState=0, flags=0x0, edgeFlags=0x0, pointerCount=1, historySize=0, eventTime=853190539, downTime=853190539, deviceId=0, source=0x1002 }
08-06 04:59:34.189 14096 14096 I Input   : injectMotionEvent: MotionEvent { action=ACTION_MOVE, actionButton=0, id[0]=0, x[0]=500.0, y[0]=478.09998, toolType[0]=TOOL_TYPE_UNKNOWN, buttonState=0, metaState=0, flags=0x0, edgeFlags=0x0, pointerCount=1, historySize=0, eventTime=853190603, downTime=853190603, deviceId=0, source=0x1002 }
08-06 04:59:34.251 14096 14096 I Input   : injectMotionEvent: MotionEvent { action=ACTION_MOVE, actionButton=0, id[0]=0, x[0]=500.0, y[0]=362.20007, toolType[0]=TOOL_TYPE_UNKNOWN, buttonState=0, metaState=0, flags=0x0, edgeFlags=0x0, pointerCount=1, historySize=0, eventTime=853190664, downTime=853190664, deviceId=0, source=0x1002 }
08-06 04:59:34.342 11539 11557 I art     : Starting a blocking GC Explicit
08-06 04:59:34.348 14096 14096 I Input   : injectMotionEvent: MotionEvent { action=ACTION_MOVE, actionButton=0, id[0]=0, x[0]=500.0, y[0]=177.90002, toolType[0]=TOOL_TYPE_UNKNOWN, buttonState=0, metaState=0, flags=0x0, edgeFlags=0x0, pointerCount=1, historySize=0, eventTime=853190761, downTime=853190761, deviceId=0, source=0x1002 }
08-06 04:59:34.393 14096 14096 I Input   : injectMotionEvent: MotionEvent { action=ACTION_UP, actionButton=0, id[0]=0, x[0]=500.0, y[0]=100.0, toolType[0]=TOOL_TYPE_UNKNOWN, buttonState=0, metaState=0, flags=0x0, edgeFlags=0x0, pointerCount=1, historySize=0, eventTime=853190806, downTime=853190806, deviceId=0, source=0x1002 }
08-06 04:59:34.399 11539 11557 I art     : Explicit concurrent mark sweep GC freed 1608(93KB) AllocSpace objects, 2(48KB) LOS objects, 7% free, 184MB/200MB, paused 1.557ms total 56.416ms
08-06 04:59:34.418 11539 11557 I art     : Starting a blocking GC Explicit
08-06 04:59:34.433 14096 14096 D AndroidRuntime: Shutting down VM
08-06 04:59:34.472 11539 11557 I art     : Explicit concurrent mark sweep GC freed 40(1632B) AllocSpace objects, 0(0B) LOS objects, 7% free, 184MB/200MB, paused 1.404ms total 53.425ms
08-06 04:59:34.490 11539 11557 I art     : Starting a blocking GC Explicit
08-06 04:59:34.541 11539 11557 I art     : Explicit concurrent mark sweep GC freed 3(96B) AllocSpace objects, 0(0B) LOS objects, 7% free, 184MB/200MB, paused 1.249ms total 50.733ms
08-06 04:59:34.559 11539 11557 I art     : Starting a blocking GC Explicit
08-06 04:59:34.618 11539 11557 I art     : Explicit concurrent mark sweep GC freed 3(96B) AllocSpace objects, 0(0B) LOS objects, 7% free, 184MB/200MB, paused 1.395ms total 58.184ms
08-06 04:59:34.641 11539 11557 I art     : Starting a blocking GC Explicit
08-06 04:59:34.696 11539 11557 I art     : Explicit concurrent mark sweep GC freed 40(1088B) AllocSpace objects, 0(0B) LOS objects, 7% free, 184MB/200MB, paused 1.357ms total 54.374ms
08-06 04:59:35.105 11539 11550 I art     : Starting a blocking GC Explicit
08-06 04:59:35.156 11539 11550 I art     : Explicit concurrent mark sweep GC freed 1598(92KB) AllocSpace objects, 2(48KB) LOS objects, 7% free, 184MB/200MB, paused 1.294ms total 50.347ms
08-06 04:59:35.174 11539 11550 I art     : Starting a blocking GC Explicit
08-06 04:59:35.180 14135 14135 D AndroidRuntime: >>>>>> START com.android.internal.os.RuntimeInit uid 2000 <<<<<<
08-06 04:59:35.185 14135 14135 D AndroidRuntime: CheckJNI is OFF
08-06 04:59:35.224 11539 11550 I art     : Explicit concurrent mark sweep GC freed 28(1024B) AllocSpace objects, 0(0B) LOS objects, 7% free, 184MB/200MB, paused 1.284ms total 50.297ms
08-06 04:59:35.225 11539 11549 I art     : WaitForGcToComplete blocked for 35.040ms for cause HeapTrim
08-06 04:59:35.225 14135 14135 D ICU     : No timezone override file found: /data/misc/zoneinfo/current/icu/icu_tzdata.dat
08-06 04:59:35.243 11539 11550 I art     : Starting a blocking GC Explicit
08-06 04:59:35.267 14135 14135 I Radio-JNI: register_android_hardware_Radio DONE
08-06 04:59:35.296 14135 14135 D AndroidRuntime: Calling main entry com.android.commands.input.Input
08-06 04:59:35.297 11539 11550 I art     : Explicit concurrent mark sweep GC freed 3(96B) AllocSpace objects, 0(0B) LOS objects, 7% free, 184MB/200MB, paused 1.343ms total 54.155ms
08-06 04:59:35.299 14135 14135 I Input   : injectMotionEvent: MotionEvent { action=ACTION_DOWN, actionButton=0, id[0]=0, x[0]=500.0, y[0]=2000.0, toolType[0]=TOOL_TYPE_UNKNOWN, buttonState=0, metaState=0, flags=0x0, edgeFlags=0x0, pointerCount=1, historySize=0, eventTime=853191711, downTime=853191711, deviceId=0, source=0x1002 }
08-06 04:59:35.303 14135 14135 I Input   : injectMotionEvent: MotionEvent { action=ACTION_MOVE, actionButton=0, id[0]=0, x[0]=500.0, y[0]=2000.0, toolType[0]=TOOL_TYPE_UNKNOWN, buttonState=0, metaState=0, flags=0x0, edgeFlags=0x0, pointerCount=1, historySize=0, eventTime=853191711, downTime=853191711, deviceId=0, source=0x1002 }
08-06 04:59:35.312 14135 14135 I Input   : injectMotionEvent: MotionEvent { action=ACTION_MOVE, actionButton=0, id[0]=0, x[0]=500.0, y[0]=1973.4, toolType[0]=TOOL_TYPE_UNKNOWN, buttonState=0, metaState=0, flags=0x0, edgeFlags=0x0, pointerCount=1, historySize=0, eventTime=853191725, downTime=853191725, deviceId=0, source=0x1002 }
08-06 04:59:35.316 11539 11550 I art     : Starting a blocking GC Explicit
08-06 04:59:35.328 14135 14135 I Input   : injectMotionEvent: MotionEvent { action=ACTION_MOVE, actionButton=0, id[0]=0, x[0]=500.0, y[0]=1941.1, toolType[0]=TOOL_TYPE_UNKNOWN, buttonState=0, metaState=0, flags=0x0, edgeFlags=0x0, pointerCount=1, historySize=0, eventTime=853191742, downTime=853191742, deviceId=0, source=0x1002 }
08-06 04:59:35.347 14135 14135 I Input   : injectMotionEvent: MotionEvent { action=ACTION_MOVE, actionButton=0, id[0]=0, x[0]=500.0, y[0]=1906.9, toolType[0]=TOOL_TYPE_UNKNOWN, buttonState=0, metaState=0, flags=0x0, edgeFlags=0x0, pointerCount=1, historySize=0, eventTime=853191760, downTime=853191760, deviceId=0, source=0x1002 }
08-06 04:59:35.368 11539 11550 I art     : Explicit concurrent mark sweep GC freed 13(416B) AllocSpace objects, 0(0B) LOS objects, 7% free, 184MB/200MB, paused 1.277ms total 51.528ms
08-06 04:59:35.390 14135 14135 I Input   : injectMotionEvent: MotionEvent { action=ACTION_MOVE, actionButton=0, id[0]=0, x[0]=500.0, y[0]=1823.3, toolType[0]=TOOL_TYPE_UNKNOWN, buttonState=0, metaState=0, flags=0x0, edgeFlags=0x0, pointerCount=1, historySize=0, eventTime=853191804, downTime=853191804, deviceId=0, source=0x1002 }
08-06 04:59:35.391 11539 11550 I art     : Starting a blocking GC Explicit
08-06 04:59:35.432 14135 14135 I Input   : injectMotionEvent: MotionEvent { action=ACTION_MOVE, actionButton=0, id[0]=0, x[0]=500.0, y[0]=1745.4, toolType[0]=TOOL_TYPE_UNKNOWN, buttonState=0, metaState=0, flags=0x0, edgeFlags=0x0, pointerCount=1, historySize=0, eventTime=853191845, downTime=853191845, deviceId=0, source=0x1002 }
08-06 04:59:35.444 11539 11550 I art     : Explicit concurrent mark sweep GC freed 14(448B) AllocSpace objects, 0(0B) LOS objects, 7% free, 184MB/200MB, paused 1.285ms total 53.443ms
08-06 04:59:35.471 14135 14135 I Input   : injectMotionEvent: MotionEvent { action=ACTION_MOVE, actionButton=0, id[0]=0, x[0]=500.0, y[0]=1671.3, toolType[0]=TOOL_TYPE_UNKNOWN, buttonState=0, metaState=0, flags=0x0, edgeFlags=0x0, pointerCount=1, historySize=0, eventTime=853191884, downTime=853191884, deviceId=0, source=0x1002 }
08-06 04:59:35.505 14135 14135 I Input   : injectMotionEvent: MotionEvent { action=ACTION_MOVE, actionButton=0, id[0]=0, x[0]=500.0, y[0]=1604.8, toolType[0]=TOOL_TYPE_UNKNOWN, buttonState=0, metaState=0, flags=0x0, edgeFlags=0x0, pointerCount=1, historySize=0, eventTime=853191919, downTime=853191919, deviceId=0, source=0x1002 }
08-06 04:59:35.541 14135 14135 I Input   : injectMotionEvent: MotionEvent { action=ACTION_MOVE, actionButton=0, id[0]=0, x[0]=500.0, y[0]=1538.3, toolType[0]=TOOL_TYPE_UNKNOWN, buttonState=0, metaState=0, flags=0x0, edgeFlags=0x0, pointerCount=1, historySize=0, eventTime=853191954, downTime=853191954, deviceId=0, source=0x1002 }
08-06 04:59:35.576 14135 14135 I Input   : injectMotionEvent: MotionEvent { action=ACTION_MOVE, actionButton=0, id[0]=0, x[0]=500.0, y[0]=1471.8, toolType[0]=TOOL_TYPE_UNKNOWN, buttonState=0, metaState=0, flags=0x0, edgeFlags=0x0, pointerCount=1, historySize=0, eventTime=853191989, downTime=853191989, deviceId=0, source=0x1002 }
08-06 04:59:35.611 14135 14135 I Input   : injectMotionEvent: MotionEvent { action=ACTION_MOVE, actionButton=0, id[0]=0, x[0]=500.0, y[0]=1405.3, toolType[0]=TOOL_TYPE_UNKNOWN, buttonState=0, metaState=0, flags=0x0, edgeFlags=0x0, pointerCount=1, historySize=0, eventTime=853192024, downTime=853192024, deviceId=0, source=0x1002 }
08-06 04:59:35.636   518   646 I ThermalEngine: ACTION: GPU - Setting GPU[0] to 390000000
08-06 04:59:35.661 14135 14135 I Input   : injectMotionEvent: MotionEvent { action=ACTION_MOVE, actionButton=0, id[0]=0, x[0]=500.0, y[0]=1310.3, toolType[0]=TOOL_TYPE_UNKNOWN, buttonState=0, metaState=0, flags=0x0, edgeFlags=0x0, pointerCount=1, historySize=0, eventTime=853192074, downTime=853192074, deviceId=0, source=0x1002 }
08-06 04:59:35.698 14135 14135 I Input   : injectMotionEvent: MotionEvent { action=ACTION_MOVE, actionButton=0, id[0]=0, x[0]=500.0, y[0]=1240.0, toolType[0]=TOOL_TYPE_UNKNOWN, buttonState=0, metaState=0, flags=0x0, edgeFlags=0x0, pointerCount=1, historySize=0, eventTime=853192111, downTime=853192111, deviceId=0, source=0x1002 }
08-06 04:59:35.717   918  3261 D WifiStateMachine: starting scan for "H369AA63323"WPA_PSK with 2412,5180
08-06 04:59:35.737 14135 14135 I Input   : injectMotionEvent: MotionEvent { action=ACTION_MOVE, actionButton=0, id[0]=0, x[0]=500.0, y[0]=1164.0, toolType[0]=TOOL_TYPE_UNKNOWN, buttonState=0, metaState=0, flags=0x0, edgeFlags=0x0, pointerCount=1, historySize=0, eventTime=853192151, downTime=853192151, deviceId=0, source=0x1002 }
08-06 04:59:35.781 14135 14135 I Input   : injectMotionEvent: MotionEvent { action=ACTION_MOVE, actionButton=0, id[0]=0, x[0]=500.0, y[0]=1082.3, toolType[0]=TOOL_TYPE_UNKNOWN, buttonState=0, metaState=0, flags=0x0, edgeFlags=0x0, pointerCount=1, historySize=0, eventTime=853192194, downTime=853192194, deviceId=0, source=0x1002 }
08-06 04:59:35.822 14135 14135 I Input   : injectMotionEvent: MotionEvent { action=ACTION_MOVE, actionButton=0, id[0]=0, x[0]=500.0, y[0]=1004.4, toolType[0]=TOOL_TYPE_UNKNOWN, buttonState=0, metaState=0, flags=0x0, edgeFlags=0x0, pointerCount=1, historySize=0, eventTime=853192235, downTime=853192235, deviceId=0, source=0x1002 }
08-06 04:59:35.860 14135 14135 I Input   : injectMotionEvent: MotionEvent { action=ACTION_MOVE, actionButton=0, id[0]=0, x[0]=500.0, y[0]=932.2001, toolType[0]=TOOL_TYPE_UNKNOWN, buttonState=0, metaState=0, flags=0x0, edgeFlags=0x0, pointerCount=1, historySize=0, eventTime=853192273, downTime=853192273, deviceId=0, source=0x1002 }
08-06 04:59:35.901 14135 14135 I Input   : injectMotionEvent: MotionEvent { action=ACTION_MOVE, actionButton=0, id[0]=0, x[0]=500.0, y[0]=854.30005, toolType[0]=TOOL_TYPE_UNKNOWN, buttonState=0, metaState=0, flags=0x0, edgeFlags=0x0, pointerCount=1, historySize=0, eventTime=853192314, downTime=853192314, deviceId=0, source=0x1002 }
08-06 04:59:35.920 11539 11557 I art     : Starting a blocking GC Explicit
08-06 04:59:35.939 14135 14135 I Input   : injectMotionEvent: MotionEvent { action=ACTION_MOVE, actionButton=0, id[0]=0, x[0]=500.0, y[0]=782.1001, toolType[0]=TOOL_TYPE_UNKNOWN, buttonState=0, metaState=0, flags=0x0, edgeFlags=0x0, pointerCount=1, historySize=0, eventTime=853192352, downTime=853192352, deviceId=0, source=0x1002 }
08-06 04:59:35.978 14135 14135 I Input   : injectMotionEvent: MotionEvent { action=ACTION_MOVE, actionButton=0, id[0]=0, x[0]=500.0, y[0]=708.0, toolType[0]=TOOL_TYPE_UNKNOWN, buttonState=0, metaState=0, flags=0x0, edgeFlags=0x0, pointerCount=1, historySize=0, eventTime=853192391, downTime=853192391, deviceId=0, source=0x1002 }
08-06 04:59:35.985 11539 11557 I art     : Explicit concurrent mark sweep GC freed 1672(94KB) AllocSpace objects, 2(48KB) LOS objects, 7% free, 184MB/200MB, paused 1.879ms total 65.114ms
08-06 04:59:36.010 11539 11557 I art     : Starting a blocking GC Explicit
08-06 04:59:36.018 14135 14135 I Input   : injectMotionEvent: MotionEvent { action=ACTION_MOVE, actionButton=0, id[0]=0, x[0]=500.0, y[0]=632.0, toolType[0]=TOOL_TYPE_UNKNOWN, buttonState=0, metaState=0, flags=0x0, edgeFlags=0x0, pointerCount=1, historySize=0, eventTime=853192431, downTime=853192431, deviceId=0, source=0x1002 }
08-06 04:59:36.057 14135 14135 I Input   : injectMotionEvent: MotionEvent { action=ACTION_MOVE, actionButton=0, id[0]=0, x[0]=500.0, y[0]=557.9, toolType[0]=TOOL_TYPE_UNKNOWN, buttonState=0, metaState=0, flags=0x0, edgeFlags=0x0, pointerCount=1, historySize=0, eventTime=853192470, downTime=853192470, deviceId=0, source=0x1002 }
08-06 04:59:36.071 11539 11557 I art     : Explicit concurrent mark sweep GC freed 48(1888B) AllocSpace objects, 0(0B) LOS objects, 7% free, 184MB/200MB, paused 2.039ms total 60.400ms
08-06 04:59:36.094 14135 14135 I Input   : injectMotionEvent: MotionEvent { action=ACTION_MOVE, actionButton=0, id[0]=0, x[0]=500.0, y[0]=487.59998, toolType[0]=TOOL_TYPE_UNKNOWN, buttonState=0, metaState=0, flags=0x0, edgeFlags=0x0, pointerCount=1, historySize=0, eventTime=853192507, downTime=853192507, deviceId=0, source=0x1002 }
08-06 04:59:36.097 11539 11557 I art     : Starting a blocking GC Explicit
08-06 04:59:36.134 14135 14135 I Input   : injectMotionEvent: MotionEvent { action=ACTION_MOVE, actionButton=0, id[0]=0, x[0]=500.0, y[0]=411.59998, toolType[0]=TOOL_TYPE_UNKNOWN, buttonState=0, metaState=0, flags=0x0, edgeFlags=0x0, pointerCount=1, historySize=0, eventTime=853192547, downTime=853192547, deviceId=0, source=0x1002 }
08-06 04:59:36.161 11539 11557 I art     : Explicit concurrent mark sweep GC freed 11(352B) AllocSpace objects, 0(0B) LOS objects, 7% free, 184MB/200MB, paused 1.842ms total 64.245ms
08-06 04:59:36.175 14135 14135 I Input   : injectMotionEvent: MotionEvent { action=ACTION_MOVE, actionButton=0, id[0]=0, x[0]=500.0, y[0]=333.70007, toolType[0]=TOOL_TYPE_UNKNOWN, buttonState=0, metaState=0, flags=0x0, edgeFlags=0x0, pointerCount=1, historySize=0, eventTime=853192588, downTime=853192588, deviceId=0, source=0x1002 }
08-06 04:59:36.184 11539 11557 I art     : Starting a blocking GC Explicit
08-06 04:59:36.212 14135 14135 I Input   : injectMotionEvent: MotionEvent { action=ACTION_MOVE, actionButton=0, id[0]=0, x[0]=500.0, y[0]=261.5, toolType[0]=TOOL_TYPE_UNKNOWN, buttonState=0, metaState=0, flags=0x0, edgeFlags=0x0, pointerCount=1, historySize=0, eventTime=853192626, downTime=853192626, deviceId=0, source=0x1002 }
08-06 04:59:36.249 11539 11557 I art     : Explicit concurrent mark sweep GC freed 11(352B) AllocSpace objects, 0(0B) LOS objects, 7% free, 184MB/200MB, paused 2.882ms total 64.901ms
08-06 04:59:36.251 14135 14135 I Input   : injectMotionEvent: MotionEvent { action=ACTION_MOVE, actionButton=0, id[0]=0, x[0]=500.0, y[0]=189.29993, toolType[0]=TOOL_TYPE_UNKNOWN, buttonState=0, metaState=0, flags=0x0, edgeFlags=0x0, pointerCount=1, historySize=0, eventTime=853192664, downTime=853192664, deviceId=0, source=0x1002 }
08-06 04:59:36.273 11539 11557 I art     : Starting a blocking GC Explicit
08-06 04:59:36.288 14135 14135 I Input   : injectMotionEvent: MotionEvent { action=ACTION_MOVE, actionButton=0, id[0]=0, x[0]=500.0, y[0]=117.099976, toolType[0]=TOOL_TYPE_UNKNOWN, buttonState=0, metaState=0, flags=0x0, edgeFlags=0x0, pointerCount=1, historySize=0, eventTime=853192702, downTime=853192702, deviceId=0, source=0x1002 }
08-06 04:59:36.326 14135 14135 I Input   : injectMotionEvent: MotionEvent { action=ACTION_UP, actionButton=0, id[0]=0, x[0]=500.0, y[0]=100.0, toolType[0]=TOOL_TYPE_UNKNOWN, buttonState=0, metaState=0, flags=0x0, edgeFlags=0x0, pointerCount=1, historySize=0, eventTime=853192740, downTime=853192740, deviceId=0, source=0x1002 }
08-06 04:59:36.340 11539 11557 I art     : Explicit concurrent mark sweep GC freed 9(288B) AllocSpace objects, 0(0B) LOS objects, 7% free, 184MB/200MB, paused 1.735ms total 66.945ms
08-06 04:59:36.364 14135 14135 D AndroidRuntime: Shutting down VM
08-06 04:59:36.799 11539 11550 I art     : Starting a blocking GC Explicit
08-06 04:59:36.876 11539 11550 I art     : Explicit concurrent mark sweep GC freed 1627(93KB) AllocSpace objects, 2(48KB) LOS objects, 7% free, 184MB/200MB, paused 1.943ms total 76.004ms
08-06 04:59:36.901 11539 11550 I art     : Starting a blocking GC Explicit
08-06 04:59:36.972 11539 11550 I art     : Explicit concurrent mark sweep GC freed 30(1104B) AllocSpace objects, 0(0B) LOS objects, 7% free, 184MB/200MB, paused 2.056ms total 69.699ms
08-06 04:59:36.997 11539 11550 I art     : Starting a blocking GC Explicit
08-06 04:59:37.068 11539 11550 I art     : Explicit concurrent mark sweep GC freed 3(96B) AllocSpace objects, 0(0B) LOS objects, 7% free, 184MB/200MB, paused 2.239ms total 70.706ms
08-06 04:59:37.095 11539 11550 I art     : Starting a blocking GC Explicit
08-06 04:59:37.165 11539 11550 I art     : Explicit concurrent mark sweep GC freed 14(720B) AllocSpace objects, 0(0B) LOS objects, 7% free, 184MB/200MB, paused 2.106ms total 69.794ms
08-06 04:59:37.191 11539 11550 I art     : Starting a blocking GC Explicit
08-06 04:59:37.254 14181 14181 D AndroidRuntime: >>>>>> START com.android.internal.os.RuntimeInit uid 2000 <<<<<<
08-06 04:59:37.260 14181 14181 D AndroidRuntime: CheckJNI is OFF
08-06 04:59:37.260 11539 11550 I art     : Explicit concurrent mark sweep GC freed 14(672B) AllocSpace objects, 0(0B) LOS objects, 7% free, 184MB/200MB, paused 2.047ms total 68.392ms
08-06 04:59:37.315 14181 14181 D ICU     : No timezone override file found: /data/misc/zoneinfo/current/icu/icu_tzdata.dat
08-06 04:59:37.359 14181 14181 I Radio-JNI: register_android_hardware_Radio DONE
08-06 04:59:37.396 14181 14181 D AndroidRuntime: Calling main entry com.android.commands.input.Input
08-06 04:59:37.400 14181 14181 I Input   : injectMotionEvent: MotionEvent { action=ACTION_DOWN, actionButton=0, id[0]=0, x[0]=657.0, y[0]=2080.0, toolType[0]=TOOL_TYPE_UNKNOWN, buttonState=0, metaState=0, flags=0x0, edgeFlags=0x0, pointerCount=1, historySize=0, eventTime=853193812, downTime=853193812, deviceId=0, source=0x1002 }
08-06 04:59:37.407 14181 14181 I Input   : injectMotionEvent: MotionEvent { action=ACTION_UP, actionButton=0, id[0]=0, x[0]=657.0, y[0]=2080.0, toolType[0]=TOOL_TYPE_UNKNOWN, buttonState=0, metaState=0, flags=0x0, edgeFlags=0x0, pointerCount=1, historySize=0, eventTime=853193812, downTime=853193812, deviceId=0, source=0x1002 }
08-06 04:59:37.411 14181 14181 D AndroidRuntime: Shutting down VM
08-06 04:59:37.411   918  6110 I ActivityManager: START u0 {cmp=baseline.io.github.project_travel_mate/.utilities.UpcomingWeekendsActivity} from uid 10696 on display 0
08-06 04:59:37.413   512  2967 D audio_hw_primary: out_set_parameters: enter: usecase(1: low-latency-playback) kvpairs: routing=2
08-06 04:59:37.428   512  2967 D audio_hw_primary: select_devices: out_snd_device(2: speaker) in_snd_device(0: none)
08-06 04:59:37.428   512  2967 D msm8974_platform: platform_send_audio_calibration: sending audio calibration for snd_device(2) acdb_id(15)
08-06 04:59:37.428   512  2967 I soundtrigger: audio_extn_sound_trigger_update_device_status: device 0x2 of type 0 for Event 1
08-06 04:59:37.439   512  2967 D audio_hw_primary: enable_snd_device: snd_device(2: speaker)
08-06 04:59:37.442   512  2967 D audio_hw_primary: enable_audio_route: apply and update mixer path: low-latency-playback speaker
08-06 04:59:37.456 11539 11620 D Gabe    : call	returning from cache
08-06 04:59:37.460 11539 11539 V EXECUTING: https://project-travel-mate.herokuapp.com/api/get-upcoming-holidays/2020
08-06 04:59:37.464 11539 11539 V EXECUTING: https://project-travel-mate.herokuapp.com/api/get-upcoming-holidays/2020
08-06 04:59:37.570 13866 13866 I GoogleInputMethodServic: GoogleInputMethodService.onFinishInput():3138 
08-06 04:59:37.571 13866 13866 I GoogleInputMethodServic: GoogleInputMethodService.onStartInput():1808 
08-06 04:59:37.672   918   936 I ActivityManager: Displayed baseline.io.github.project_travel_mate/.utilities.UpcomingWeekendsActivity: +249ms
08-06 04:59:37.717 11539 11550 I art     : Starting a blocking GC Explicit
08-06 04:59:37.786 11539 11550 I art     : Explicit concurrent mark sweep GC freed 3451(192KB) AllocSpace objects, 2(48KB) LOS objects, 7% free, 189MB/205MB, paused 2.125ms total 68.075ms
08-06 04:59:37.811 11539 11550 I art     : Starting a blocking GC Explicit
08-06 04:59:37.874 11539 11550 I art     : Explicit concurrent mark sweep GC freed 330(12KB) AllocSpace objects, 0(0B) LOS objects, 7% free, 189MB/205MB, paused 1.855ms total 63.310ms
08-06 04:59:37.899 11539 11550 I art     : Starting a blocking GC Explicit
08-06 04:59:37.914   380   380 W SurfaceFlinger: couldn't log to binary event log: overflow.
08-06 04:59:37.968 11539 11550 I art     : Explicit concurrent mark sweep GC freed 144(2416B) AllocSpace objects, 0(0B) LOS objects, 7% free, 189MB/205MB, paused 2.082ms total 69.266ms
08-06 04:59:37.979   512  2967 D audio_hw_primary: disable_audio_route: reset and update mixer path: low-latency-playback speaker
08-06 04:59:37.980   512  2967 D audio_hw_primary: disable_snd_device: snd_device(2: speaker)
08-06 04:59:37.988   512  2967 I soundtrigger: audio_extn_sound_trigger_update_device_status: device 0x2 of type 0 for Event 0
08-06 04:59:37.992 11539 11550 I art     : Starting a blocking GC Explicit
08-06 04:59:38.068 11539 11550 I art     : Explicit concurrent mark sweep GC freed 164(2784B) AllocSpace objects, 0(0B) LOS objects, 7% free, 189MB/205MB, paused 2.917ms total 75.632ms
08-06 04:59:38.091 11539 11550 I art     : Starting a blocking GC Explicit
08-06 04:59:38.108  9137  9137 I ServiceManager: Waiting for service AtCmdFwd...
08-06 04:59:38.152 11539 11550 I art     : Explicit concurrent mark sweep GC freed 41(912B) AllocSpace objects, 0(0B) LOS objects, 7% free, 189MB/205MB, paused 1.977ms total 61.113ms
08-06 04:59:38.308 11539 14201 I NAPPA_EXPERIMENTATION: MetricNetworkRequestExecutionTime: REQUEST_DURATION_SYSTEM='847',REQUEST_DURATION_OKHTTP='47',REQUEST_SYNCHRONOUS='FALSE',RESPONSE_CODE='200',RESPONSE_METHOD='GET',RESPONSE_LENGTH_OKHTTP='6426',RESPONSE_LENGTH_HEADER='6426',REQUEST_PROTOCOL='http/1.1',REQUEST_URL='https://project-travel-mate.herokuapp.com/api/get-upcoming-holidays/2020',
08-06 04:59:38.327 11539 14202 I NAPPA_EXPERIMENTATION: MetricNetworkRequestExecutionTime: REQUEST_DURATION_SYSTEM='862',REQUEST_DURATION_OKHTTP='49',REQUEST_SYNCHRONOUS='FALSE',RESPONSE_CODE='200',RESPONSE_METHOD='GET',RESPONSE_LENGTH_OKHTTP='6426',RESPONSE_LENGTH_HEADER='6426',REQUEST_PROTOCOL='http/1.1',REQUEST_URL='https://project-travel-mate.herokuapp.com/api/get-upcoming-holidays/2020',
08-06 04:59:38.374 11539 11539 V Response: [{"month":"January","date":1,"day":"Wednesday","name":"New Year's Day","type":"Restricted"},{"month":"January","date":2,"day":"Thursday","name":"Guru Govind Singh Jayanti","type":"Restricted"},{"month":"January","date":14,"day":"Tuesday","name":"Lohri","type":"Restricted"},{"month":"January","date":15,"day":"Wednesday","name":"Pongal","type":"Restricted"},{"month":"January","date":15,"day":"Wednesday","name":"Makar Sankranti","type":"Restricted"},{"month":"January","date":25,"day":"Saturday","name":"Chinese New Year","type":"Observance"},{"month":"January","date":26,"day":"Sunday","name":"Republic Day","type":"Gazetted"},{"month":"January","date":30,"day":"Thursday","name":"Vasant Panchami","type":"Restricted"},{"month":"February","date":9,"day":"Sunday","name":"Guru Ravidas Jayanti","type":"Restricted"},{"month":"February","date":14,"day":"Friday","name":"Valentine's Day","type":"Observance"},{"month":"February","date":18,"day":"Tuesday","name":"Maharishi Dayanand Saraswati Jayanti","type":"Restricted"},{"month":"February","date":19,"day":"Wednesday","name":"Shivaji Jayanti","type":"Restricted"},{"month":"February","date":21,"day":"Friday","name":"Maha Shivaratri/Shivaratri","type":"Gazetted"},{"month":"March","date":9,"day":"Monday","name":"Holika Dahana","type":"Restricted"},{"month":"March","date":9,"day":"Monday","name":"Hazarat Ali's Birthday","type":"Restricted"},{"month":"March","date":10,"day":"Tuesday","name":"Holi","type":"Gazetted"},{"month":"March","date":20,"day":"Friday","name":"March Equinox","type":"Season"},{"month":"March","date":25,"day":"Wednesday","name":"Chaitra Sukhladi","type":"Restricted"},{"month":"April","date":2,"day":"Thursday","name":"Rama Navami","type":"Gazetted"},{"month":"April","date":6,"day":"Monday","name":"Mahavir Jayanti","type":"Gazetted"},{"month":"April","date":9,"day":"Thursday","name":"First day of Passover","type":"Observance"},{"month":"April","date":9,"day":"Thursday","name":"Maundy Thursday","type":"Observance,"},{"month":"April","date":10,"day":"Friday","name":"Good Friday","type":"Gazetted"},{"month":"April","date":12,"day":"Sunday","name":"Easter Day","type":"Restricted"},{"month":"April","date":13,"day":"Monday","name":"Vaisakhi","type":"Restricted"},{"month":"April","date":14,"day":"Tuesday","name":"Mesadi/Vaisakhadi","type":"Restricted"},{"month":"April","date":14,"day":"Tuesday","name":"Ambedkar Jayanti","type":"Central"},{"month":"May","date":1,"day":"Friday","name":"May Day","type":"Observance"},{"month":"May","date":7,"day":"Thursday","name":"Buddha Purnima/Vesak","type":"Gazetted"},{"month":"May","date":7,"day":"Thursday","name":"Birthday of Ravindranath","type":"Restricted"},{"month":"May","date":10,"day":"Sunday","name":"Mother's Day","type":"Observance"},{"month":"May","date":22,"day":"Friday","name":"Jamat Ul-Vida","type":"Restricted"},{"month":"May","date":25,"day":"Monday","name":"Ramzan Id/Eid-ul-Fitar","type":"Gazetted"},{"month":"May","date":25,"day":"Monday","name":"Ramzan Id/Eid-ul-Fitar","type":"Muslim,"},{"month":"June","date":21,"day":"Sunday","name":"June Solstice","type":"Season"},{"month":"June","date":21,"day":"Sunday","name":"Father's Day","type":"Observance"},{"month":"June","date":23,"day":"Tuesday","name":"Rath Yatra","type":"Restricted"},{"month":"July","date":5,"day":"Sunday","name":"Guru Purnima","type":"Observance"},{"month":"July","date":31,"day":"Friday","name":"Bakr Id/Eid ul-Adha","type":"Gazetted"},{"month":"August","date":2,"day":"Sunday","name":"Friendship Day","type":"Observance"},{"month":"August","date":3,"day":"Monday","name":"Raksha Bandhan (Rakhi)","type":"Restricted"},{"month":"August","date":11,"day":"Tuesday","name":"Janmashtami (Smarta)","type":"Restricted"},{"month":"August","date":12,"day":"Wednesday","name":"Janmashtami","type":"Gazetted"},{"month":"August","date":15,"day":"Saturday","name":"Independence Day","type":"Gazetted"},{"month":"August","date":16,"day":"Sunday","name":"Parsi New Year","type":"Restricted"},{"month":"August","date":22,"day":"Saturday","name":"Ganesh Chaturthi/Vin
08-06 04:59:38.480 11539 11539 V Response: [{"month":"January","date":1,"day":"Wednesday","name":"New Year's Day","type":"Restricted"},{"month":"January","date":2,"day":"Thursday","name":"Guru Govind Singh Jayanti","type":"Restricted"},{"month":"January","date":14,"day":"Tuesday","name":"Lohri","type":"Restricted"},{"month":"January","date":15,"day":"Wednesday","name":"Pongal","type":"Restricted"},{"month":"January","date":15,"day":"Wednesday","name":"Makar Sankranti","type":"Restricted"},{"month":"January","date":25,"day":"Saturday","name":"Chinese New Year","type":"Observance"},{"month":"January","date":26,"day":"Sunday","name":"Republic Day","type":"Gazetted"},{"month":"January","date":30,"day":"Thursday","name":"Vasant Panchami","type":"Restricted"},{"month":"February","date":9,"day":"Sunday","name":"Guru Ravidas Jayanti","type":"Restricted"},{"month":"February","date":14,"day":"Friday","name":"Valentine's Day","type":"Observance"},{"month":"February","date":18,"day":"Tuesday","name":"Maharishi Dayanand Saraswati Jayanti","type":"Restricted"},{"month":"February","date":19,"day":"Wednesday","name":"Shivaji Jayanti","type":"Restricted"},{"month":"February","date":21,"day":"Friday","name":"Maha Shivaratri/Shivaratri","type":"Gazetted"},{"month":"March","date":9,"day":"Monday","name":"Holika Dahana","type":"Restricted"},{"month":"March","date":9,"day":"Monday","name":"Hazarat Ali's Birthday","type":"Restricted"},{"month":"March","date":10,"day":"Tuesday","name":"Holi","type":"Gazetted"},{"month":"March","date":20,"day":"Friday","name":"March Equinox","type":"Season"},{"month":"March","date":25,"day":"Wednesday","name":"Chaitra Sukhladi","type":"Restricted"},{"month":"April","date":2,"day":"Thursday","name":"Rama Navami","type":"Gazetted"},{"month":"April","date":6,"day":"Monday","name":"Mahavir Jayanti","type":"Gazetted"},{"month":"April","date":9,"day":"Thursday","name":"First day of Passover","type":"Observance"},{"month":"April","date":9,"day":"Thursday","name":"Maundy Thursday","type":"Observance,"},{"month":"April","date":10,"day":"Friday","name":"Good Friday","type":"Gazetted"},{"month":"April","date":12,"day":"Sunday","name":"Easter Day","type":"Restricted"},{"month":"April","date":13,"day":"Monday","name":"Vaisakhi","type":"Restricted"},{"month":"April","date":14,"day":"Tuesday","name":"Mesadi/Vaisakhadi","type":"Restricted"},{"month":"April","date":14,"day":"Tuesday","name":"Ambedkar Jayanti","type":"Central"},{"month":"May","date":1,"day":"Friday","name":"May Day","type":"Observance"},{"month":"May","date":7,"day":"Thursday","name":"Buddha Purnima/Vesak","type":"Gazetted"},{"month":"May","date":7,"day":"Thursday","name":"Birthday of Ravindranath","type":"Restricted"},{"month":"May","date":10,"day":"Sunday","name":"Mother's Day","type":"Observance"},{"month":"May","date":22,"day":"Friday","name":"Jamat Ul-Vida","type":"Restricted"},{"month":"May","date":25,"day":"Monday","name":"Ramzan Id/Eid-ul-Fitar","type":"Gazetted"},{"month":"May","date":25,"day":"Monday","name":"Ramzan Id/Eid-ul-Fitar","type":"Muslim,"},{"month":"June","date":21,"day":"Sunday","name":"June Solstice","type":"Season"},{"month":"June","date":21,"day":"Sunday","name":"Father's Day","type":"Observance"},{"month":"June","date":23,"day":"Tuesday","name":"Rath Yatra","type":"Restricted"},{"month":"July","date":5,"day":"Sunday","name":"Guru Purnima","type":"Observance"},{"month":"July","date":31,"day":"Friday","name":"Bakr Id/Eid ul-Adha","type":"Gazetted"},{"month":"August","date":2,"day":"Sunday","name":"Friendship Day","type":"Observance"},{"month":"August","date":3,"day":"Monday","name":"Raksha Bandhan (Rakhi)","type":"Restricted"},{"month":"August","date":11,"day":"Tuesday","name":"Janmashtami (Smarta)","type":"Restricted"},{"month":"August","date":12,"day":"Wednesday","name":"Janmashtami","type":"Gazetted"},{"month":"August","date":15,"day":"Saturday","name":"Independence Day","type":"Gazetted"},{"month":"August","date":16,"day":"Sunday","name":"Parsi New Year","type":"Restricted"},{"month":"August","date":22,"day":"Saturday","name":"Ganesh Chaturthi/Vin
08-06 04:59:38.580 11539 11550 I art     : Starting a blocking GC Explicit
08-06 04:59:38.663 11539 11550 I art     : Explicit concurrent mark sweep GC freed 20741(870KB) AllocSpace objects, 12(4MB) LOS objects, 7% free, 186MB/202MB, paused 2.154ms total 83.333ms
08-06 04:59:38.691 11539 11550 I art     : Starting a blocking GC Explicit
08-06 04:59:38.770 11539 11550 I art     : Explicit concurrent mark sweep GC freed 3578(325KB) AllocSpace objects, 11(220KB) LOS objects, 7% free, 185MB/201MB, paused 2.500ms total 78.278ms
08-06 04:59:38.800 11539 11550 I art     : Starting a blocking GC Explicit
08-06 04:59:38.874 11539 11550 I art     : Explicit concurrent mark sweep GC freed 171(2896B) AllocSpace objects, 0(0B) LOS objects, 7% free, 185MB/201MB, paused 2.016ms total 73.649ms
08-06 04:59:38.901 11539 11550 I art     : Starting a blocking GC Explicit
08-06 04:59:38.979 11539 11550 I art     : Explicit concurrent mark sweep GC freed 159(3KB) AllocSpace objects, 0(0B) LOS objects, 7% free, 185MB/201MB, paused 2.280ms total 77.402ms
08-06 04:59:39.009 11539 11550 I art     : Starting a blocking GC Explicit
08-06 04:59:39.084 11539 11550 I art     : Explicit concurrent mark sweep GC freed 167(3KB) AllocSpace objects, 0(0B) LOS objects, 7% free, 185MB/201MB, paused 2.080ms total 75.392ms
08-06 04:59:39.109  9137  9137 I ServiceManager: Waiting for service AtCmdFwd...
08-06 04:59:39.561 11539 11551 I art     : Starting a blocking GC Explicit
08-06 04:59:39.640 11539 11551 I art     : Explicit concurrent mark sweep GC freed 2489(108KB) AllocSpace objects, 2(48KB) LOS objects, 7% free, 185MB/201MB, paused 2.322ms total 78.181ms
08-06 04:59:39.667 11539 11551 I art     : Starting a blocking GC Explicit
08-06 04:59:39.744 11539 11551 I art     : Explicit concurrent mark sweep GC freed 187(3KB) AllocSpace objects, 0(0B) LOS objects, 7% free, 185MB/201MB, paused 2.078ms total 76.156ms
08-06 04:59:39.772 11539 11551 I art     : Starting a blocking GC Explicit
08-06 04:59:39.850 11539 11551 I art     : Explicit concurrent mark sweep GC freed 147(2496B) AllocSpace objects, 0(0B) LOS objects, 7% free, 185MB/201MB, paused 2.261ms total 78.220ms
08-06 04:59:39.878 11539 11551 I art     : Starting a blocking GC Explicit
08-06 04:59:39.957 11539 11551 I art     : Explicit concurrent mark sweep GC freed 170(2864B) AllocSpace objects, 0(0B) LOS objects, 7% free, 185MB/201MB, paused 2.094ms total 78.415ms
08-06 04:59:39.985 11539 11551 I art     : Starting a blocking GC Explicit
08-06 04:59:40.064 11539 11551 I art     : Explicit concurrent mark sweep GC freed 148(2528B) AllocSpace objects, 0(0B) LOS objects, 7% free, 185MB/201MB, paused 2.486ms total 78.517ms
08-06 04:59:40.109  9137  9137 I ServiceManager: Waiting for service AtCmdFwd...
08-06 04:59:40.541 11539 11599 I art     : Starting a blocking GC Explicit
08-06 04:59:40.621 11539 11599 I art     : Explicit concurrent mark sweep GC freed 2390(105KB) AllocSpace objects, 2(48KB) LOS objects, 7% free, 185MB/201MB, paused 2.576ms total 79.492ms
08-06 04:59:40.643   518   646 I ThermalEngine: ACTION: GPU - Setting GPU[0] to 450000000
08-06 04:59:40.648 11539 11599 I art     : Starting a blocking GC Explicit
08-06 04:59:40.709 11539 11599 I art     : Explicit concurrent mark sweep GC freed 220(4KB) AllocSpace objects, 0(0B) LOS objects, 7% free, 185MB/201MB, paused 1.448ms total 60.419ms
08-06 04:59:40.730 11539 11599 I art     : Starting a blocking GC Explicit
08-06 04:59:40.794 11539 11599 I art     : Explicit concurrent mark sweep GC freed 123(2096B) AllocSpace objects, 0(0B) LOS objects, 7% free, 185MB/201MB, paused 1.393ms total 63.694ms
08-06 04:59:40.814 11539 11599 I art     : Starting a blocking GC Explicit
08-06 04:59:40.879 11539 11599 I art     : Explicit concurrent mark sweep GC freed 123(2096B) AllocSpace objects, 0(0B) LOS objects, 7% free, 185MB/201MB, paused 1.505ms total 63.818ms
08-06 04:59:40.899 11539 11599 I art     : Starting a blocking GC Explicit
08-06 04:59:40.965 11539 11599 I art     : Explicit concurrent mark sweep GC freed 123(2096B) AllocSpace objects, 0(0B) LOS objects, 7% free, 185MB/201MB, paused 1.414ms total 65.928ms
08-06 04:59:41.110  9137  9137 I ServiceManager: Waiting for service AtCmdFwd...
08-06 04:59:41.398 11539 11557 I art     : Starting a blocking GC Explicit
08-06 04:59:41.468 11539 11557 I art     : Explicit concurrent mark sweep GC freed 2306(103KB) AllocSpace objects, 2(48KB) LOS objects, 7% free, 185MB/201MB, paused 1.388ms total 70.079ms
08-06 04:59:41.491 11539 11557 I art     : Starting a blocking GC Explicit
08-06 04:59:41.557 11539 11557 I art     : Explicit concurrent mark sweep GC freed 186(3KB) AllocSpace objects, 0(0B) LOS objects, 7% free, 185MB/201MB, paused 1.559ms total 65.015ms
08-06 04:59:41.577 11539 11557 I art     : Starting a blocking GC Explicit
08-06 04:59:41.642 11539 11557 I art     : Explicit concurrent mark sweep GC freed 163(3KB) AllocSpace objects, 0(0B) LOS objects, 7% free, 185MB/201MB, paused 1.322ms total 64.111ms
08-06 04:59:41.662 11539 11557 I art     : Starting a blocking GC Explicit
08-06 04:59:41.722 11539 11557 I art     : Explicit concurrent mark sweep GC freed 124(2128B) AllocSpace objects, 0(0B) LOS objects, 7% free, 185MB/201MB, paused 1.292ms total 60.441ms
08-06 04:59:41.742 11539 11557 I art     : Starting a blocking GC Explicit
08-06 04:59:41.801 11539 11557 I art     : Explicit concurrent mark sweep GC freed 99(1696B) AllocSpace objects, 0(0B) LOS objects, 7% free, 185MB/201MB, paused 1.401ms total 59.012ms
08-06 04:59:42.111  9137  9137 I ServiceManager: Waiting for service AtCmdFwd...
08-06 04:59:42.209 14250 14250 D AndroidRuntime: >>>>>> START com.android.internal.os.RuntimeInit uid 2000 <<<<<<
08-06 04:59:42.215 14250 14250 D AndroidRuntime: CheckJNI is OFF
08-06 04:59:42.223 11539 11550 I art     : Starting a blocking GC Explicit
08-06 04:59:42.261 14250 14250 D ICU     : No timezone override file found: /data/misc/zoneinfo/current/icu/icu_tzdata.dat
08-06 04:59:42.288 11539 11550 I art     : Explicit concurrent mark sweep GC freed 2294(104KB) AllocSpace objects, 2(48KB) LOS objects, 7% free, 185MB/201MB, paused 1.685ms total 64.540ms
08-06 04:59:42.308 11539 11550 I art     : Starting a blocking GC Explicit
08-06 04:59:42.308 14250 14250 I Radio-JNI: register_android_hardware_Radio DONE
08-06 04:59:42.338 14250 14250 D AndroidRuntime: Calling main entry com.android.commands.input.Input
08-06 04:59:42.340 14250 14250 I Input   : injectKeyEvent: KeyEvent { action=ACTION_DOWN, keyCode=KEYCODE_BACK, scanCode=0, metaState=0, flags=0x0, repeatCount=0, eventTime=853198753, downTime=853198753, deviceId=-1, source=0x101 }
08-06 04:59:42.347 14250 14250 I Input   : injectKeyEvent: KeyEvent { action=ACTION_UP, keyCode=KEYCODE_BACK, scanCode=0, metaState=0, flags=0x0, repeatCount=0, eventTime=853198753, downTime=853198753, deviceId=-1, source=0x101 }
08-06 04:59:42.352 14250 14250 D AndroidRuntime: Shutting down VM
08-06 04:59:42.369 11539 11550 I art     : Explicit concurrent mark sweep GC freed 308(9KB) AllocSpace objects, 0(0B) LOS objects, 7% free, 185MB/201MB, paused 1.341ms total 60.451ms
08-06 04:59:42.370 11539 11539 V MainActivity: url = https://project-travel-mate.herokuapp.com/api/number-of-unread-notifications
08-06 04:59:42.388 11539 11550 I art     : Starting a blocking GC Explicit
08-06 04:59:42.399 13866 13866 I GoogleInputMethodServic: GoogleInputMethodService.onFinishInput():3138 
08-06 04:59:42.399 13866 13866 I GoogleInputMethodServic: GoogleInputMethodService.onStartInput():1808 
08-06 04:59:42.445 11539 11550 I art     : Explicit concurrent mark sweep GC freed 370(14KB) AllocSpace objects, 0(0B) LOS objects, 7% free, 185MB/201MB, paused 1.616ms total 56.793ms
08-06 04:59:42.466 11539 11550 I art     : Starting a blocking GC Explicit
08-06 04:59:42.519 11539 11550 I art     : Explicit concurrent mark sweep GC freed 147(6KB) AllocSpace objects, 0(0B) LOS objects, 7% free, 185MB/201MB, paused 1.418ms total 53.517ms
08-06 04:59:42.538 11539 11550 I art     : Starting a blocking GC Explicit
08-06 04:59:42.593 11539 11550 I art     : Explicit concurrent mark sweep GC freed 128(2240B) AllocSpace objects, 0(0B) LOS objects, 7% free, 185MB/201MB, paused 1.521ms total 54.666ms
08-06 04:59:42.752   380   380 W SurfaceFlinger: couldn't log to binary event log: overflow.
08-06 04:59:42.979 11539 11550 I art     : Starting a blocking GC Explicit
08-06 04:59:43.065 11539 11550 I art     : Explicit concurrent mark sweep GC freed 2826(166KB) AllocSpace objects, 5(356KB) LOS objects, 7% free, 185MB/201MB, paused 1.888ms total 85.459ms
08-06 04:59:43.085 11539 11550 I art     : Starting a blocking GC Explicit
08-06 04:59:43.111  9137  9137 W Atfwd_Sendcmd: AtCmdFwd service not published, waiting... retryCnt : 4
08-06 04:59:43.114 11539 14273 I NAPPA_EXPERIMENTATION: MetricNetworkRequestExecutionTime: REQUEST_DURATION_SYSTEM='743',REQUEST_DURATION_OKHTTP='32',REQUEST_SYNCHRONOUS='FALSE',RESPONSE_CODE='200',RESPONSE_METHOD='GET',RESPONSE_LENGTH_OKHTTP='36',RESPONSE_LENGTH_HEADER='36',REQUEST_PROTOCOL='http/1.1',REQUEST_URL='https://project-travel-mate.herokuapp.com/api/number-of-unread-notifications',
08-06 04:59:43.142 11539 11550 I art     : Explicit concurrent mark sweep GC freed 8996(507KB) AllocSpace objects, 14(344KB) LOS objects, 7% free, 185MB/201MB, paused 1.509ms total 56.651ms
08-06 04:59:43.162 11539 11550 I art     : Starting a blocking GC Explicit
08-06 04:59:43.224 11539 11550 I art     : Explicit concurrent mark sweep GC freed 498(51KB) AllocSpace objects, 0(0B) LOS objects, 7% free, 184MB/200MB, paused 1.637ms total 61.932ms
08-06 04:59:43.248 11539 11550 I art     : Starting a blocking GC Explicit
08-06 04:59:43.308 11539 11550 I art     : Explicit concurrent mark sweep GC freed 7(320B) AllocSpace objects, 0(0B) LOS objects, 7% free, 184MB/200MB, paused 1.498ms total 59.698ms
08-06 04:59:43.328 11539 11550 I art     : Starting a blocking GC Explicit
08-06 04:59:43.389 11539 11550 I art     : Explicit concurrent mark sweep GC freed 3(96B) AllocSpace objects, 0(0B) LOS objects, 7% free, 184MB/200MB, paused 1.451ms total 60.328ms
08-06 04:59:43.800 11539 11551 I art     : Starting a blocking GC Explicit
08-06 04:59:43.868 11539 11551 I art     : Explicit concurrent mark sweep GC freed 1636(93KB) AllocSpace objects, 2(48KB) LOS objects, 7% free, 184MB/200MB, paused 1.478ms total 67.301ms
08-06 04:59:43.888 11539 11551 I art     : Starting a blocking GC Explicit
08-06 04:59:43.945 11539 11551 I art     : Explicit concurrent mark sweep GC freed 42(1456B) AllocSpace objects, 0(0B) LOS objects, 7% free, 184MB/200MB, paused 1.443ms total 56.867ms
08-06 04:59:43.964 11539 11551 I art     : Starting a blocking GC Explicit
08-06 04:59:44.024 11539 11551 I art     : Explicit concurrent mark sweep GC freed 4(128B) AllocSpace objects, 0(0B) LOS objects, 7% free, 184MB/200MB, paused 1.468ms total 58.770ms
08-06 04:59:44.043 11539 11551 I art     : Starting a blocking GC Explicit
08-06 04:59:44.097 11539 11551 I art     : Explicit concurrent mark sweep GC freed 8(256B) AllocSpace objects, 0(0B) LOS objects, 7% free, 184MB/200MB, paused 1.394ms total 53.507ms
08-06 04:59:44.117 11539 11551 I art     : Starting a blocking GC Explicit
08-06 04:59:44.129 14289 14289 D AndroidRuntime: >>>>>> START com.android.internal.os.RuntimeInit uid 2000 <<<<<<
08-06 04:59:44.135 14289 14289 D AndroidRuntime: CheckJNI is OFF
08-06 04:59:44.172 11539 11551 I art     : Explicit concurrent mark sweep GC freed 6(192B) AllocSpace objects, 0(0B) LOS objects, 7% free, 184MB/200MB, paused 1.521ms total 55.142ms
08-06 04:59:44.175 14289 14289 D ICU     : No timezone override file found: /data/misc/zoneinfo/current/icu/icu_tzdata.dat
08-06 04:59:44.214 14289 14289 I Radio-JNI: register_android_hardware_Radio DONE
08-06 04:59:44.243 14289 14289 D AndroidRuntime: Calling main entry com.android.commands.input.Input
08-06 04:59:44.245 14289 14289 I Input   : injectMotionEvent: MotionEvent { action=ACTION_DOWN, actionButton=0, id[0]=0, x[0]=657.0, y[0]=2080.0, toolType[0]=TOOL_TYPE_UNKNOWN, buttonState=0, metaState=0, flags=0x0, edgeFlags=0x0, pointerCount=1, historySize=0, eventTime=853200658, downTime=853200658, deviceId=0, source=0x1002 }
08-06 04:59:44.281 14289 14289 I Input   : injectMotionEvent: MotionEvent { action=ACTION_UP, actionButton=0, id[0]=0, x[0]=657.0, y[0]=2080.0, toolType[0]=TOOL_TYPE_UNKNOWN, buttonState=0, metaState=0, flags=0x0, edgeFlags=0x0, pointerCount=1, historySize=0, eventTime=853200658, downTime=853200658, deviceId=0, source=0x1002 }
08-06 04:59:44.315   918  3714 I ActivityManager: START u0 {cmp=baseline.io.github.project_travel_mate/.utilities.UpcomingWeekendsActivity} from uid 10696 on display 0
08-06 04:59:44.315 14289 14289 D AndroidRuntime: Shutting down VM
08-06 04:59:44.318   512  2967 D audio_hw_primary: out_set_parameters: enter: usecase(1: low-latency-playback) kvpairs: routing=2
08-06 04:59:44.331   512  2967 D audio_hw_primary: select_devices: out_snd_device(2: speaker) in_snd_device(0: none)
08-06 04:59:44.331   512  2967 D msm8974_platform: platform_send_audio_calibration: sending audio calibration for snd_device(2) acdb_id(15)
08-06 04:59:44.331   512  2967 I soundtrigger: audio_extn_sound_trigger_update_device_status: device 0x2 of type 0 for Event 1
08-06 04:59:44.340   512  2967 D audio_hw_primary: enable_snd_device: snd_device(2: speaker)
08-06 04:59:44.342   512  2967 D audio_hw_primary: enable_audio_route: apply and update mixer path: low-latency-playback speaker
08-06 04:59:44.344 11539 11620 D Gabe    : call	returning from cache
08-06 04:59:44.347 11539 11539 V EXECUTING: https://project-travel-mate.herokuapp.com/api/get-upcoming-holidays/2020
08-06 04:59:44.349 11539 11539 V EXECUTING: https://project-travel-mate.herokuapp.com/api/get-upcoming-holidays/2020
08-06 04:59:44.435 13866 13866 I GoogleInputMethodServic: GoogleInputMethodService.onFinishInput():3138 
08-06 04:59:44.436 13866 13866 I GoogleInputMethodServic: GoogleInputMethodService.onStartInput():1808 
08-06 04:59:44.529   918   936 I ActivityManager: Displayed baseline.io.github.project_travel_mate/.utilities.UpcomingWeekendsActivity: +204ms
08-06 04:59:44.552 11539 11557 I art     : Starting a blocking GC Explicit
08-06 04:59:44.610 11539 11557 I art     : Explicit concurrent mark sweep GC freed 3365(190KB) AllocSpace objects, 2(48KB) LOS objects, 7% free, 189MB/205MB, paused 1.461ms total 56.878ms
08-06 04:59:44.631 11539 11557 I art     : Starting a blocking GC Explicit
08-06 04:59:44.687 11539 11557 I art     : Explicit concurrent mark sweep GC freed 368(13KB) AllocSpace objects, 0(0B) LOS objects, 7% free, 189MB/205MB, paused 1.487ms total 55.558ms
08-06 04:59:44.706 11539 11557 I art     : Starting a blocking GC Explicit
08-06 04:59:44.764 11539 11557 I art     : Explicit concurrent mark sweep GC freed 123(2096B) AllocSpace objects, 0(0B) LOS objects, 7% free, 189MB/205MB, paused 1.389ms total 57.882ms
08-06 04:59:44.785 11539 11557 I art     : Starting a blocking GC Explicit
08-06 04:59:44.789   380   380 W SurfaceFlinger: couldn't log to binary event log: overflow.
08-06 04:59:44.844 11539 11557 I art     : Explicit concurrent mark sweep GC freed 5246(265KB) AllocSpace objects, 2(160KB) LOS objects, 7% free, 190MB/206MB, paused 1.421ms total 58.274ms
08-06 04:59:44.857 11539 14316 I NAPPA_EXPERIMENTATION: MetricNetworkRequestExecutionTime: REQUEST_DURATION_SYSTEM='507',REQUEST_DURATION_OKHTTP='33',REQUEST_SYNCHRONOUS='FALSE',RESPONSE_CODE='200',RESPONSE_METHOD='GET',RESPONSE_LENGTH_OKHTTP='6426',RESPONSE_LENGTH_HEADER='6426',REQUEST_PROTOCOL='http/1.1',REQUEST_URL='https://project-travel-mate.herokuapp.com/api/get-upcoming-holidays/2020',
08-06 04:59:44.858 11539 11539 V Response: [{"month":"January","date":1,"day":"Wednesday","name":"New Year's Day","type":"Restricted"},{"month":"January","date":2,"day":"Thursday","name":"Guru Govind Singh Jayanti","type":"Restricted"},{"month":"January","date":14,"day":"Tuesday","name":"Lohri","type":"Restricted"},{"month":"January","date":15,"day":"Wednesday","name":"Pongal","type":"Restricted"},{"month":"January","date":15,"day":"Wednesday","name":"Makar Sankranti","type":"Restricted"},{"month":"January","date":25,"day":"Saturday","name":"Chinese New Year","type":"Observance"},{"month":"January","date":26,"day":"Sunday","name":"Republic Day","type":"Gazetted"},{"month":"January","date":30,"day":"Thursday","name":"Vasant Panchami","type":"Restricted"},{"month":"February","date":9,"day":"Sunday","name":"Guru Ravidas Jayanti","type":"Restricted"},{"month":"February","date":14,"day":"Friday","name":"Valentine's Day","type":"Observance"},{"month":"February","date":18,"day":"Tuesday","name":"Maharishi Dayanand Saraswati Jayanti","type":"Restricted"},{"month":"February","date":19,"day":"Wednesday","name":"Shivaji Jayanti","type":"Restricted"},{"month":"February","date":21,"day":"Friday","name":"Maha Shivaratri/Shivaratri","type":"Gazetted"},{"month":"March","date":9,"day":"Monday","name":"Holika Dahana","type":"Restricted"},{"month":"March","date":9,"day":"Monday","name":"Hazarat Ali's Birthday","type":"Restricted"},{"month":"March","date":10,"day":"Tuesday","name":"Holi","type":"Gazetted"},{"month":"March","date":20,"day":"Friday","name":"March Equinox","type":"Season"},{"month":"March","date":25,"day":"Wednesday","name":"Chaitra Sukhladi","type":"Restricted"},{"month":"April","date":2,"day":"Thursday","name":"Rama Navami","type":"Gazetted"},{"month":"April","date":6,"day":"Monday","name":"Mahavir Jayanti","type":"Gazetted"},{"month":"April","date":9,"day":"Thursday","name":"First day of Passover","type":"Observance"},{"month":"April","date":9,"day":"Thursday","name":"Maundy Thursday","type":"Observance,"},{"month":"April","date":10,"day":"Friday","name":"Good Friday","type":"Gazetted"},{"month":"April","date":12,"day":"Sunday","name":"Easter Day","type":"Restricted"},{"month":"April","date":13,"day":"Monday","name":"Vaisakhi","type":"Restricted"},{"month":"April","date":14,"day":"Tuesday","name":"Mesadi/Vaisakhadi","type":"Restricted"},{"month":"April","date":14,"day":"Tuesday","name":"Ambedkar Jayanti","type":"Central"},{"month":"May","date":1,"day":"Friday","name":"May Day","type":"Observance"},{"month":"May","date":7,"day":"Thursday","name":"Buddha Purnima/Vesak","type":"Gazetted"},{"month":"May","date":7,"day":"Thursday","name":"Birthday of Ravindranath","type":"Restricted"},{"month":"May","date":10,"day":"Sunday","name":"Mother's Day","type":"Observance"},{"month":"May","date":22,"day":"Friday","name":"Jamat Ul-Vida","type":"Restricted"},{"month":"May","date":25,"day":"Monday","name":"Ramzan Id/Eid-ul-Fitar","type":"Gazetted"},{"month":"May","date":25,"day":"Monday","name":"Ramzan Id/Eid-ul-Fitar","type":"Muslim,"},{"month":"June","date":21,"day":"Sunday","name":"June Solstice","type":"Season"},{"month":"June","date":21,"day":"Sunday","name":"Father's Day","type":"Observance"},{"month":"June","date":23,"day":"Tuesday","name":"Rath Yatra","type":"Restricted"},{"month":"July","date":5,"day":"Sunday","name":"Guru Purnima","type":"Observance"},{"month":"July","date":31,"day":"Friday","name":"Bakr Id/Eid ul-Adha","type":"Gazetted"},{"month":"August","date":2,"day":"Sunday","name":"Friendship Day","type":"Observance"},{"month":"August","date":3,"day":"Monday","name":"Raksha Bandhan (Rakhi)","type":"Restricted"},{"month":"August","date":11,"day":"Tuesday","name":"Janmashtami (Smarta)","type":"Restricted"},{"month":"August","date":12,"day":"Wednesday","name":"Janmashtami","type":"Gazetted"},{"month":"August","date":15,"day":"Saturday","name":"Independence Day","type":"Gazetted"},{"month":"August","date":16,"day":"Sunday","name":"Parsi New Year","type":"Restricted"},{"month":"August","date":22,"day":"Saturday","name":"Ganesh Chaturthi/Vin
08-06 04:59:44.862 11539 11557 I art     : Starting a blocking GC Explicit
08-06 04:59:44.878   512  2967 D audio_hw_primary: disable_audio_route: reset and update mixer path: low-latency-playback speaker
08-06 04:59:44.879   512  2967 D audio_hw_primary: disable_snd_device: snd_device(2: speaker)
08-06 04:59:44.883 11539 14315 I NAPPA_EXPERIMENTATION: MetricNetworkRequestExecutionTime: REQUEST_DURATION_SYSTEM='535',REQUEST_DURATION_OKHTTP='62',REQUEST_SYNCHRONOUS='FALSE',RESPONSE_CODE='200',RESPONSE_METHOD='GET',RESPONSE_LENGTH_OKHTTP='6426',RESPONSE_LENGTH_HEADER='6426',REQUEST_PROTOCOL='http/1.1',REQUEST_URL='https://project-travel-mate.herokuapp.com/api/get-upcoming-holidays/2020',
08-06 04:59:44.888   512  2967 I soundtrigger: audio_extn_sound_trigger_update_device_status: device 0x2 of type 0 for Event 0
08-06 04:59:44.921 11539 11557 I art     : Explicit concurrent mark sweep GC freed 6565(417KB) AllocSpace objects, 6(272KB) LOS objects, 7% free, 189MB/205MB, paused 2.035ms total 57.994ms
08-06 04:59:44.929 11539 11539 V Response: [{"month":"January","date":1,"day":"Wednesday","name":"New Year's Day","type":"Restricted"},{"month":"January","date":2,"day":"Thursday","name":"Guru Govind Singh Jayanti","type":"Restricted"},{"month":"January","date":14,"day":"Tuesday","name":"Lohri","type":"Restricted"},{"month":"January","date":15,"day":"Wednesday","name":"Pongal","type":"Restricted"},{"month":"January","date":15,"day":"Wednesday","name":"Makar Sankranti","type":"Restricted"},{"month":"January","date":25,"day":"Saturday","name":"Chinese New Year","type":"Observance"},{"month":"January","date":26,"day":"Sunday","name":"Republic Day","type":"Gazetted"},{"month":"January","date":30,"day":"Thursday","name":"Vasant Panchami","type":"Restricted"},{"month":"February","date":9,"day":"Sunday","name":"Guru Ravidas Jayanti","type":"Restricted"},{"month":"February","date":14,"day":"Friday","name":"Valentine's Day","type":"Observance"},{"month":"February","date":18,"day":"Tuesday","name":"Maharishi Dayanand Saraswati Jayanti","type":"Restricted"},{"month":"February","date":19,"day":"Wednesday","name":"Shivaji Jayanti","type":"Restricted"},{"month":"February","date":21,"day":"Friday","name":"Maha Shivaratri/Shivaratri","type":"Gazetted"},{"month":"March","date":9,"day":"Monday","name":"Holika Dahana","type":"Restricted"},{"month":"March","date":9,"day":"Monday","name":"Hazarat Ali's Birthday","type":"Restricted"},{"month":"March","date":10,"day":"Tuesday","name":"Holi","type":"Gazetted"},{"month":"March","date":20,"day":"Friday","name":"March Equinox","type":"Season"},{"month":"March","date":25,"day":"Wednesday","name":"Chaitra Sukhladi","type":"Restricted"},{"month":"April","date":2,"day":"Thursday","name":"Rama Navami","type":"Gazetted"},{"month":"April","date":6,"day":"Monday","name":"Mahavir Jayanti","type":"Gazetted"},{"month":"April","date":9,"day":"Thursday","name":"First day of Passover","type":"Observance"},{"month":"April","date":9,"day":"Thursday","name":"Maundy Thursday","type":"Observance,"},{"month":"April","date":10,"day":"Friday","name":"Good Friday","type":"Gazetted"},{"month":"April","date":12,"day":"Sunday","name":"Easter Day","type":"Restricted"},{"month":"April","date":13,"day":"Monday","name":"Vaisakhi","type":"Restricted"},{"month":"April","date":14,"day":"Tuesday","name":"Mesadi/Vaisakhadi","type":"Restricted"},{"month":"April","date":14,"day":"Tuesday","name":"Ambedkar Jayanti","type":"Central"},{"month":"May","date":1,"day":"Friday","name":"May Day","type":"Observance"},{"month":"May","date":7,"day":"Thursday","name":"Buddha Purnima/Vesak","type":"Gazetted"},{"month":"May","date":7,"day":"Thursday","name":"Birthday of Ravindranath","type":"Restricted"},{"month":"May","date":10,"day":"Sunday","name":"Mother's Day","type":"Observance"},{"month":"May","date":22,"day":"Friday","name":"Jamat Ul-Vida","type":"Restricted"},{"month":"May","date":25,"day":"Monday","name":"Ramzan Id/Eid-ul-Fitar","type":"Gazetted"},{"month":"May","date":25,"day":"Monday","name":"Ramzan Id/Eid-ul-Fitar","type":"Muslim,"},{"month":"June","date":21,"day":"Sunday","name":"June Solstice","type":"Season"},{"month":"June","date":21,"day":"Sunday","name":"Father's Day","type":"Observance"},{"month":"June","date":23,"day":"Tuesday","name":"Rath Yatra","type":"Restricted"},{"month":"July","date":5,"day":"Sunday","name":"Guru Purnima","type":"Observance"},{"month":"July","date":31,"day":"Friday","name":"Bakr Id/Eid ul-Adha","type":"Gazetted"},{"month":"August","date":2,"day":"Sunday","name":"Friendship Day","type":"Observance"},{"month":"August","date":3,"day":"Monday","name":"Raksha Bandhan (Rakhi)","type":"Restricted"},{"month":"August","date":11,"day":"Tuesday","name":"Janmashtami (Smarta)","type":"Restricted"},{"month":"August","date":12,"day":"Wednesday","name":"Janmashtami","type":"Gazetted"},{"month":"August","date":15,"day":"Saturday","name":"Independence Day","type":"Gazetted"},{"month":"August","date":16,"day":"Sunday","name":"Parsi New Year","type":"Restricted"},{"month":"August","date":22,"day":"Saturday","name":"Ganesh Chaturthi/Vin
08-06 04:59:45.322 11539 11599 I art     : Starting a blocking GC Explicit
08-06 04:59:45.392 11539 11599 I art     : Explicit concurrent mark sweep GC freed 11243(430KB) AllocSpace objects, 4(4MB) LOS objects, 7% free, 185MB/201MB, paused 1.767ms total 68.836ms
08-06 04:59:45.412 11539 11599 I art     : Starting a blocking GC Explicit
08-06 04:59:45.475 11539 11599 I art     : Explicit concurrent mark sweep GC freed 1477(83KB) AllocSpace objects, 0(0B) LOS objects, 7% free, 185MB/201MB, paused 1.446ms total 62.084ms
08-06 04:59:45.495 11539 11599 I art     : Starting a blocking GC Explicit
08-06 04:59:45.559 11539 11599 I art     : Explicit concurrent mark sweep GC freed 123(2096B) AllocSpace objects, 0(0B) LOS objects, 7% free, 185MB/201MB, paused 1.380ms total 63.852ms
08-06 04:59:45.579 11539 11599 I art     : Starting a blocking GC Explicit
08-06 04:59:45.643 11539 11599 I art     : Explicit concurrent mark sweep GC freed 160(3KB) AllocSpace objects, 0(0B) LOS objects, 7% free, 185MB/201MB, paused 1.506ms total 63.787ms
08-06 04:59:45.644 11539 11549 I art     : WaitForGcToComplete blocked for 21.940ms for cause HeapTrim
08-06 04:59:45.664 11539 11599 I art     : Starting a blocking GC Explicit
08-06 04:59:45.728 11539 11599 I art     : Explicit concurrent mark sweep GC freed 122(2064B) AllocSpace objects, 0(0B) LOS objects, 7% free, 185MB/201MB, paused 1.597ms total 63.651ms
08-06 04:59:46.139 11539 11600 I art     : Starting a blocking GC Explicit
08-06 04:59:46.207 11539 11600 I art     : Explicit concurrent mark sweep GC freed 2270(103KB) AllocSpace objects, 2(48KB) LOS objects, 7% free, 185MB/201MB, paused 1.487ms total 67.530ms
08-06 04:59:46.228 11539 11600 I art     : Starting a blocking GC Explicit
08-06 04:59:46.296 11539 11600 I art     : Explicit concurrent mark sweep GC freed 182(3KB) AllocSpace objects, 0(0B) LOS objects, 7% free, 185MB/201MB, paused 1.529ms total 68.183ms
08-06 04:59:46.317 11539 11600 I art     : Starting a blocking GC Explicit
08-06 04:59:46.387 11539 11600 I art     : Explicit concurrent mark sweep GC freed 124(2128B) AllocSpace objects, 0(0B) LOS objects, 7% free, 185MB/201MB, paused 1.524ms total 69.669ms
08-06 04:59:46.407 11539 11600 I art     : Starting a blocking GC Explicit
08-06 04:59:46.476 11539 11600 I art     : Explicit concurrent mark sweep GC freed 122(2064B) AllocSpace objects, 0(0B) LOS objects, 7% free, 185MB/201MB, paused 1.699ms total 68.130ms
08-06 04:59:46.497 11539 11600 I art     : Starting a blocking GC Explicit
08-06 04:59:46.566 11539 11600 I art     : Explicit concurrent mark sweep GC freed 147(2496B) AllocSpace objects, 0(0B) LOS objects, 7% free, 185MB/201MB, paused 1.512ms total 68.694ms
08-06 04:59:47.013 11539 11551 I art     : Starting a blocking GC Explicit
08-06 04:59:47.083 11539 11551 I art     : Explicit concurrent mark sweep GC freed 2367(105KB) AllocSpace objects, 2(48KB) LOS objects, 7% free, 185MB/201MB, paused 1.430ms total 69.141ms
08-06 04:59:47.104 11539 11551 I art     : Starting a blocking GC Explicit
08-06 04:59:47.171 11539 11551 I art     : Explicit concurrent mark sweep GC freed 149(3056B) AllocSpace objects, 0(0B) LOS objects, 7% free, 185MB/201MB, paused 1.426ms total 66.492ms
08-06 04:59:47.191 11539 11551 I art     : Starting a blocking GC Explicit
08-06 04:59:47.257 11539 11551 I art     : Explicit concurrent mark sweep GC freed 122(2064B) AllocSpace objects, 0(0B) LOS objects, 7% free, 185MB/201MB, paused 1.504ms total 66.051ms
08-06 04:59:47.278 11539 11551 I art     : Starting a blocking GC Explicit
08-06 04:59:47.346 11539 11551 I art     : Explicit concurrent mark sweep GC freed 137(2336B) AllocSpace objects, 0(0B) LOS objects, 7% free, 185MB/201MB, paused 1.678ms total 67.604ms
08-06 04:59:47.368 11539 11551 I art     : Starting a blocking GC Explicit
08-06 04:59:47.436 11539 11551 I art     : Explicit concurrent mark sweep GC freed 134(2288B) AllocSpace objects, 0(0B) LOS objects, 7% free, 185MB/201MB, paused 1.457ms total 67.306ms
08-06 04:59:47.862 11539 11557 I art     : Starting a blocking GC Explicit
08-06 04:59:47.934 11539 11557 I art     : Explicit concurrent mark sweep GC freed 2354(105KB) AllocSpace objects, 2(48KB) LOS objects, 7% free, 185MB/201MB, paused 1.439ms total 71.415ms
08-06 04:59:47.957 11539 11557 I art     : Starting a blocking GC Explicit
08-06 04:59:48.024 11539 11557 I art     : Explicit concurrent mark sweep GC freed 159(3KB) AllocSpace objects, 0(0B) LOS objects, 7% free, 185MB/201MB, paused 1.390ms total 66.373ms
08-06 04:59:48.044 11539 11557 I art     : Starting a blocking GC Explicit
08-06 04:59:48.108 11539 11557 I art     : Explicit concurrent mark sweep GC freed 124(2128B) AllocSpace objects, 0(0B) LOS objects, 7% free, 185MB/201MB, paused 1.502ms total 63.246ms
08-06 04:59:48.128 11539 11557 I art     : Starting a blocking GC Explicit
08-06 04:59:48.196 11539 11557 I art     : Explicit concurrent mark sweep GC freed 138(2336B) AllocSpace objects, 0(0B) LOS objects, 7% free, 185MB/201MB, paused 1.673ms total 67.403ms
08-06 04:59:48.217 11539 11557 I art     : Starting a blocking GC Explicit
08-06 04:59:48.285 11539 11557 I art     : Explicit concurrent mark sweep GC freed 132(2256B) AllocSpace objects, 0(0B) LOS objects, 7% free, 185MB/201MB, paused 1.513ms total 67.852ms
08-06 04:59:48.707 11539 11550 I art     : Starting a blocking GC Explicit
08-06 04:59:48.797 11539 11550 I art     : Explicit concurrent mark sweep GC freed 2366(105KB) AllocSpace objects, 2(48KB) LOS objects, 7% free, 185MB/201MB, paused 1.487ms total 89.791ms
08-06 04:59:48.817 11539 11550 I art     : Starting a blocking GC Explicit
08-06 04:59:48.879 11539 11550 I art     : Explicit concurrent mark sweep GC freed 141(2912B) AllocSpace objects, 0(0B) LOS objects, 7% free, 185MB/201MB, paused 1.642ms total 61.360ms
08-06 04:59:48.899 11539 11550 I art     : Starting a blocking GC Explicit
08-06 04:59:48.965 11539 11550 I art     : Explicit concurrent mark sweep GC freed 130(2208B) AllocSpace objects, 0(0B) LOS objects, 7% free, 185MB/201MB, paused 1.596ms total 65.418ms
08-06 04:59:48.985 11539 11550 I art     : Starting a blocking GC Explicit
08-06 04:59:49.051 11539 11550 I art     : Explicit concurrent mark sweep GC freed 124(2128B) AllocSpace objects, 0(0B) LOS objects, 7% free, 185MB/201MB, paused 1.511ms total 65.741ms
08-06 04:59:49.072 11539 11550 I art     : Starting a blocking GC Explicit
08-06 04:59:49.098 14374 14374 D AndroidRuntime: >>>>>> START com.android.internal.os.RuntimeInit uid 2000 <<<<<<
08-06 04:59:49.104 14374 14374 D AndroidRuntime: CheckJNI is OFF
08-06 04:59:49.136 11539 11550 I art     : Explicit concurrent mark sweep GC freed 123(2096B) AllocSpace objects, 0(0B) LOS objects, 7% free, 185MB/201MB, paused 1.509ms total 63.327ms
08-06 04:59:49.151 14374 14374 D ICU     : No timezone override file found: /data/misc/zoneinfo/current/icu/icu_tzdata.dat
08-06 04:59:49.191 14374 14374 I Radio-JNI: register_android_hardware_Radio DONE
08-06 04:59:49.221 14374 14374 D AndroidRuntime: Calling main entry com.android.commands.input.Input
08-06 04:59:49.222 14374 14374 I Input   : injectKeyEvent: KeyEvent { action=ACTION_DOWN, keyCode=KEYCODE_BACK, scanCode=0, metaState=0, flags=0x0, repeatCount=0, eventTime=853205636, downTime=853205636, deviceId=-1, source=0x101 }
08-06 04:59:49.228 14374 14374 I Input   : injectKeyEvent: KeyEvent { action=ACTION_UP, keyCode=KEYCODE_BACK, scanCode=0, metaState=0, flags=0x0, repeatCount=0, eventTime=853205636, downTime=853205636, deviceId=-1, source=0x101 }
08-06 04:59:49.233 14374 14374 D AndroidRuntime: Shutting down VM
08-06 04:59:49.242 11539 11539 V MainActivity: url = https://project-travel-mate.herokuapp.com/api/number-of-unread-notifications
08-06 04:59:49.271 13866 13866 I GoogleInputMethodServic: GoogleInputMethodService.onFinishInput():3138 
08-06 04:59:49.272 13866 13866 I GoogleInputMethodServic: GoogleInputMethodService.onStartInput():1808 
08-06 04:59:49.520 11539 11599 I art     : Starting a blocking GC Explicit
08-06 04:59:49.598 11539 11599 I art     : Explicit concurrent mark sweep GC freed 2669(125KB) AllocSpace objects, 2(48KB) LOS objects, 7% free, 185MB/201MB, paused 1.906ms total 77.606ms
08-06 04:59:49.621 11539 11599 I art     : Starting a blocking GC Explicit
08-06 04:59:49.625   380   380 W SurfaceFlinger: couldn't log to binary event log: overflow.
08-06 04:59:49.681 11539 11599 I art     : Explicit concurrent mark sweep GC freed 219(7KB) AllocSpace objects, 0(0B) LOS objects, 7% free, 185MB/201MB, paused 1.517ms total 59.837ms
08-06 04:59:49.702 11539 11599 I art     : Starting a blocking GC Explicit
08-06 04:59:49.757 11539 11599 I art     : Explicit concurrent mark sweep GC freed 9190(491KB) AllocSpace objects, 15(384KB) LOS objects, 7% free, 185MB/201MB, paused 1.495ms total 55.599ms
08-06 04:59:49.759 11539 14387 I NAPPA_EXPERIMENTATION: MetricNetworkRequestExecutionTime: REQUEST_DURATION_SYSTEM='516',REQUEST_DURATION_OKHTTP='36',REQUEST_SYNCHRONOUS='FALSE',RESPONSE_CODE='200',RESPONSE_METHOD='GET',RESPONSE_LENGTH_OKHTTP='36',RESPONSE_LENGTH_HEADER='36',REQUEST_PROTOCOL='http/1.1',REQUEST_URL='https://project-travel-mate.herokuapp.com/api/number-of-unread-notifications',
08-06 04:59:49.776 11539 11599 I art     : Starting a blocking GC Explicit
08-06 04:59:49.830 11539 11599 I art     : Explicit concurrent mark sweep GC freed 1085(128KB) AllocSpace objects, 1(80KB) LOS objects, 7% free, 185MB/201MB, paused 1.397ms total 54.043ms
08-06 04:59:49.849 11539 11599 I art     : Starting a blocking GC Explicit
08-06 04:59:49.904 11539 11599 I art     : Explicit concurrent mark sweep GC freed 98(4KB) AllocSpace objects, 0(0B) LOS objects, 7% free, 185MB/201MB, paused 1.346ms total 54.266ms
08-06 04:59:50.299 11539 11550 I art     : Starting a blocking GC Explicit
08-06 04:59:50.375 11539 11550 I art     : Explicit concurrent mark sweep GC freed 1586(92KB) AllocSpace objects, 2(48KB) LOS objects, 7% free, 185MB/201MB, paused 1.538ms total 75.044ms
08-06 04:59:50.398 11539 11550 I art     : Starting a blocking GC Explicit
08-06 04:59:50.460 11539 11550 I art     : Explicit concurrent mark sweep GC freed 30(1104B) AllocSpace objects, 0(0B) LOS objects, 7% free, 185MB/201MB, paused 1.381ms total 61.550ms
08-06 04:59:50.480 11539 11550 I art     : Starting a blocking GC Explicit
08-06 04:59:50.540 11539 11550 I art     : Explicit concurrent mark sweep GC freed 3(96B) AllocSpace objects, 0(0B) LOS objects, 7% free, 185MB/201MB, paused 1.451ms total 59.364ms
08-06 04:59:50.559 11539 11550 I art     : Starting a blocking GC Explicit
08-06 04:59:50.618 11539 11550 I art     : Explicit concurrent mark sweep GC freed 3(96B) AllocSpace objects, 0(0B) LOS objects, 7% free, 185MB/201MB, paused 1.502ms total 58.546ms
08-06 04:59:50.638 11539 11550 I art     : Starting a blocking GC Explicit
08-06 04:59:50.697 11539 11550 I art     : Explicit concurrent mark sweep GC freed 40(1088B) AllocSpace objects, 0(0B) LOS objects, 7% free, 185MB/201MB, paused 1.427ms total 58.729ms
08-06 04:59:51.004 14409 14409 D AndroidRuntime: >>>>>> START com.android.internal.os.RuntimeInit uid 2000 <<<<<<
08-06 04:59:51.009 14409 14409 D AndroidRuntime: CheckJNI is OFF
08-06 04:59:51.048 14409 14409 D ICU     : No timezone override file found: /data/misc/zoneinfo/current/icu/icu_tzdata.dat
08-06 04:59:51.086 14409 14409 I Radio-JNI: register_android_hardware_Radio DONE
08-06 04:59:51.113 14409 14409 D AndroidRuntime: Calling main entry com.android.commands.input.Input
08-06 04:59:51.115 14409 14409 I Input   : injectMotionEvent: MotionEvent { action=ACTION_DOWN, actionButton=0, id[0]=0, x[0]=117.0, y[0]=170.0, toolType[0]=TOOL_TYPE_UNKNOWN, buttonState=0, metaState=0, flags=0x0, edgeFlags=0x0, pointerCount=1, historySize=0, eventTime=853207528, downTime=853207528, deviceId=0, source=0x1002 }
08-06 04:59:51.116 11539 11600 I art     : Starting a blocking GC Explicit
08-06 04:59:51.140 14409 14409 I Input   : injectMotionEvent: MotionEvent { action=ACTION_UP, actionButton=0, id[0]=0, x[0]=117.0, y[0]=170.0, toolType[0]=TOOL_TYPE_UNKNOWN, buttonState=0, metaState=0, flags=0x0, edgeFlags=0x0, pointerCount=1, historySize=0, eventTime=853207528, downTime=853207528, deviceId=0, source=0x1002 }
08-06 04:59:51.172 11539 11600 I art     : Explicit concurrent mark sweep GC freed 1610(93KB) AllocSpace objects, 2(48KB) LOS objects, 7% free, 185MB/201MB, paused 1.592ms total 55.667ms
08-06 04:59:51.180 14409 14409 D AndroidRuntime: Shutting down VM
08-06 04:59:51.191 11539 11600 I art     : Starting a blocking GC Explicit
08-06 04:59:51.198   512  2967 D audio_hw_primary: out_set_parameters: enter: usecase(1: low-latency-playback) kvpairs: routing=2
08-06 04:59:51.211   512  2967 D audio_hw_primary: select_devices: out_snd_device(2: speaker) in_snd_device(0: none)
08-06 04:59:51.211   512  2967 D msm8974_platform: platform_send_audio_calibration: sending audio calibration for snd_device(2) acdb_id(15)
08-06 04:59:51.211   512  2967 I soundtrigger: audio_extn_sound_trigger_update_device_status: device 0x2 of type 0 for Event 1
08-06 04:59:51.223   512  2967 D audio_hw_primary: enable_snd_device: snd_device(2: speaker)
08-06 04:59:51.225   512  2967 D audio_hw_primary: enable_audio_route: apply and update mixer path: low-latency-playback speaker
08-06 04:59:51.244 11539 11600 I art     : Explicit concurrent mark sweep GC freed 62(2336B) AllocSpace objects, 0(0B) LOS objects, 7% free, 185MB/201MB, paused 1.576ms total 52.150ms
08-06 04:59:51.263 11539 11600 I art     : Starting a blocking GC Explicit
08-06 04:59:51.319 11539 11600 I art     : Explicit concurrent mark sweep GC freed 300(16KB) AllocSpace objects, 0(0B) LOS objects, 7% free, 185MB/201MB, paused 1.692ms total 55.082ms
08-06 04:59:51.340 11539 11600 I art     : Starting a blocking GC Explicit
08-06 04:59:51.399 11539 11600 I art     : Explicit concurrent mark sweep GC freed 115(4KB) AllocSpace objects, 0(0B) LOS objects, 7% free, 185MB/201MB, paused 1.641ms total 58.996ms
08-06 04:59:51.419 11539 11600 I art     : Starting a blocking GC Explicit
08-06 04:59:51.475 11539 11600 I art     : Explicit concurrent mark sweep GC freed 3(96B) AllocSpace objects, 0(0B) LOS objects, 7% free, 185MB/201MB, paused 1.308ms total 55.780ms
08-06 04:59:51.760   512  2967 D audio_hw_primary: disable_audio_route: reset and update mixer path: low-latency-playback speaker
08-06 04:59:51.761   512  2967 D audio_hw_primary: disable_snd_device: snd_device(2: speaker)
08-06 04:59:51.769   512  2967 I soundtrigger: audio_extn_sound_trigger_update_device_status: device 0x2 of type 0 for Event 0
08-06 04:59:51.888 11539 11557 I art     : Starting a blocking GC Explicit
08-06 04:59:51.925 14432 14432 D AndroidRuntime: >>>>>> START com.android.internal.os.RuntimeInit uid 2000 <<<<<<
08-06 04:59:51.931 14432 14432 D AndroidRuntime: CheckJNI is OFF
08-06 04:59:51.947 11539 11557 I art     : Explicit concurrent mark sweep GC freed 1626(93KB) AllocSpace objects, 2(48KB) LOS objects, 7% free, 185MB/201MB, paused 1.431ms total 59.199ms
08-06 04:59:51.966 11539 11557 I art     : Starting a blocking GC Explicit
08-06 04:59:51.978 14432 14432 D ICU     : No timezone override file found: /data/misc/zoneinfo/current/icu/icu_tzdata.dat
08-06 04:59:52.019 14432 14432 I Radio-JNI: register_android_hardware_Radio DONE
08-06 04:59:52.025 11539 11557 I art     : Explicit concurrent mark sweep GC freed 40(1408B) AllocSpace objects, 0(0B) LOS objects, 7% free, 185MB/201MB, paused 1.527ms total 58.805ms
08-06 04:59:52.045 11539 11557 I art     : Starting a blocking GC Explicit
08-06 04:59:52.050 14432 14432 D AndroidRuntime: Calling main entry com.android.commands.input.Input
08-06 04:59:52.052 14432 14432 I Input   : injectMotionEvent: MotionEvent { action=ACTION_DOWN, actionButton=0, id[0]=0, x[0]=405.0, y[0]=661.0, toolType[0]=TOOL_TYPE_UNKNOWN, buttonState=0, metaState=0, flags=0x0, edgeFlags=0x0, pointerCount=1, historySize=0, eventTime=853208464, downTime=853208464, deviceId=0, source=0x1002 }
08-06 04:59:52.056 14432 14432 I Input   : injectMotionEvent: MotionEvent { action=ACTION_UP, actionButton=0, id[0]=0, x[0]=405.0, y[0]=661.0, toolType[0]=TOOL_TYPE_UNKNOWN, buttonState=0, metaState=0, flags=0x0, edgeFlags=0x0, pointerCount=1, historySize=0, eventTime=853208464, downTime=853208464, deviceId=0, source=0x1002 }
08-06 04:59:52.058 14432 14432 D AndroidRuntime: Shutting down VM
08-06 04:59:52.071   512  2967 D audio_hw_primary: out_set_parameters: enter: usecase(1: low-latency-playback) kvpairs: routing=2
08-06 04:59:52.084   512  2967 D audio_hw_primary: select_devices: out_snd_device(2: speaker) in_snd_device(0: none)
08-06 04:59:52.084   512  2967 D msm8974_platform: platform_send_audio_calibration: sending audio calibration for snd_device(2) acdb_id(15)
08-06 04:59:52.085   512  2967 I soundtrigger: audio_extn_sound_trigger_update_device_status: device 0x2 of type 0 for Event 1
08-06 04:59:52.094   512  2967 D audio_hw_primary: enable_snd_device: snd_device(2: speaker)
08-06 04:59:52.096   512  2967 D audio_hw_primary: enable_audio_route: apply and update mixer path: low-latency-playback speaker
08-06 04:59:52.106 11539 11557 I art     : Explicit concurrent mark sweep GC freed 1109(43KB) AllocSpace objects, 0(0B) LOS objects, 7% free, 185MB/201MB, paused 1.991ms total 61.373ms
08-06 04:59:52.130 11539 11557 I art     : Starting a blocking GC Explicit
08-06 04:59:52.143   512  2967 D AudioFlinger: mixer(0xf4740000) throttle end: throttle time(12)
08-06 04:59:52.191 11539 11557 I art     : Explicit concurrent mark sweep GC freed 967(32KB) AllocSpace objects, 0(0B) LOS objects, 7% free, 185MB/201MB, paused 1.552ms total 60.571ms
08-06 04:59:52.210 11539 11557 I art     : Starting a blocking GC Explicit
08-06 04:59:52.264 11539 11557 I art     : Explicit concurrent mark sweep GC freed 783(46KB) AllocSpace objects, 0(0B) LOS objects, 7% free, 185MB/201MB, paused 1.464ms total 54.418ms
08-06 04:59:52.641   512  2967 D audio_hw_primary: disable_audio_route: reset and update mixer path: low-latency-playback speaker
08-06 04:59:52.644   512  2967 D audio_hw_primary: disable_snd_device: snd_device(2: speaker)
08-06 04:59:52.652   512  2967 I soundtrigger: audio_extn_sound_trigger_update_device_status: device 0x2 of type 0 for Event 0
08-06 04:59:52.669 11539 11599 I art     : Starting a blocking GC Explicit
08-06 04:59:52.740 11539 11599 I art     : Explicit concurrent mark sweep GC freed 1675(94KB) AllocSpace objects, 11(300KB) LOS objects, 7% free, 185MB/201MB, paused 1.771ms total 70.680ms
08-06 04:59:52.765 11539 11599 I art     : Starting a blocking GC Explicit
08-06 04:59:52.831 11539 11599 I art     : Explicit concurrent mark sweep GC freed 49(2320B) AllocSpace objects, 0(0B) LOS objects, 7% free, 185MB/201MB, paused 1.461ms total 65.890ms
08-06 04:59:52.851 11539 11599 I art     : Starting a blocking GC Explicit
08-06 04:59:52.914 11539 11599 I art     : Explicit concurrent mark sweep GC freed 3(96B) AllocSpace objects, 0(0B) LOS objects, 7% free, 185MB/201MB, paused 1.444ms total 62.695ms
08-06 04:59:52.934 11539 11599 I art     : Starting a blocking GC Explicit
08-06 04:59:52.998 11539 11599 I art     : Explicit concurrent mark sweep GC freed 3(96B) AllocSpace objects, 0(0B) LOS objects, 7% free, 185MB/201MB, paused 1.586ms total 63.649ms
08-06 04:59:53.018 11539 11599 I art     : Starting a blocking GC Explicit
08-06 04:59:53.082 11539 11599 I art     : Explicit concurrent mark sweep GC freed 3(96B) AllocSpace objects, 0(0B) LOS objects, 7% free, 185MB/201MB, paused 1.431ms total 63.496ms
08-06 04:59:53.499 11539 11551 I art     : Starting a blocking GC Explicit
08-06 04:59:53.583 11539 11551 I art     : Explicit concurrent mark sweep GC freed 1586(92KB) AllocSpace objects, 2(48KB) LOS objects, 7% free, 185MB/201MB, paused 1.475ms total 84.332ms
08-06 04:59:53.605 11539 11551 I art     : Starting a blocking GC Explicit
08-06 04:59:53.669 11539 11551 I art     : Explicit concurrent mark sweep GC freed 65(2016B) AllocSpace objects, 0(0B) LOS objects, 7% free, 185MB/201MB, paused 1.479ms total 63.392ms
08-06 04:59:53.689 11539 11551 I art     : Starting a blocking GC Explicit
08-06 04:59:53.758 11539 11551 I art     : Explicit concurrent mark sweep GC freed 3(96B) AllocSpace objects, 0(0B) LOS objects, 7% free, 185MB/201MB, paused 1.720ms total 68.518ms
08-06 04:59:53.781 11539 11551 I art     : Starting a blocking GC Explicit
08-06 04:59:53.849 11539 11551 I art     : Explicit concurrent mark sweep GC freed 3(96B) AllocSpace objects, 0(0B) LOS objects, 7% free, 185MB/201MB, paused 1.684ms total 67.556ms
08-06 04:59:53.869 11539 11551 I art     : Starting a blocking GC Explicit
08-06 04:59:53.944 11539 11551 I art     : Explicit concurrent mark sweep GC freed 14(720B) AllocSpace objects, 0(0B) LOS objects, 7% free, 185MB/201MB, paused 1.699ms total 73.921ms
08-06 04:59:54.390 11539 11600 I art     : Starting a blocking GC Explicit
08-06 04:59:54.460 11539 11600 I art     : Explicit concurrent mark sweep GC freed 1597(92KB) AllocSpace objects, 2(48KB) LOS objects, 7% free, 185MB/201MB, paused 1.583ms total 70.166ms
08-06 04:59:54.480 11539 11600 I art     : Starting a blocking GC Explicit
08-06 04:59:54.546 11539 11600 I art     : Explicit concurrent mark sweep GC freed 28(1024B) AllocSpace objects, 0(0B) LOS objects, 7% free, 185MB/201MB, paused 1.458ms total 64.959ms
08-06 04:59:54.565 11539 11600 I art     : Starting a blocking GC Explicit
08-06 04:59:54.631 11539 11600 I art     : Explicit concurrent mark sweep GC freed 39(1056B) AllocSpace objects, 0(0B) LOS objects, 7% free, 185MB/201MB, paused 1.581ms total 65.536ms
08-06 04:59:54.651 11539 11600 I art     : Starting a blocking GC Explicit
08-06 04:59:54.718 11539 11600 I art     : Explicit concurrent mark sweep GC freed 4(128B) AllocSpace objects, 0(0B) LOS objects, 7% free, 185MB/201MB, paused 1.641ms total 66.621ms
08-06 04:59:54.739 11539 11600 I art     : Starting a blocking GC Explicit
08-06 04:59:54.803 11539 11600 I art     : Explicit concurrent mark sweep GC freed 3(96B) AllocSpace objects, 0(0B) LOS objects, 7% free, 185MB/201MB, paused 1.492ms total 63.721ms
08-06 04:59:54.859 14483 14483 D AndroidRuntime: >>>>>> START com.android.internal.os.RuntimeInit uid 2000 <<<<<<
08-06 04:59:54.865 14483 14483 D AndroidRuntime: CheckJNI is OFF
08-06 04:59:54.910 14483 14483 D ICU     : No timezone override file found: /data/misc/zoneinfo/current/icu/icu_tzdata.dat
08-06 04:59:54.959 14483 14483 I Radio-JNI: register_android_hardware_Radio DONE
08-06 04:59:54.987 14483 14483 D AndroidRuntime: Calling main entry com.android.commands.input.Input
08-06 04:59:54.990 14483 14483 I Input   : injectMotionEvent: MotionEvent { action=ACTION_DOWN, actionButton=0, id[0]=0, x[0]=1341.0, y[0]=197.0, toolType[0]=TOOL_TYPE_UNKNOWN, buttonState=0, metaState=0, flags=0x0, edgeFlags=0x0, pointerCount=1, historySize=0, eventTime=853211402, downTime=853211402, deviceId=0, source=0x1002 }
08-06 04:59:54.995 14483 14483 I Input   : injectMotionEvent: MotionEvent { action=ACTION_UP, actionButton=0, id[0]=0, x[0]=1341.0, y[0]=197.0, toolType[0]=TOOL_TYPE_UNKNOWN, buttonState=0, metaState=0, flags=0x0, edgeFlags=0x0, pointerCount=1, historySize=0, eventTime=853211402, downTime=853211402, deviceId=0, source=0x1002 }
08-06 04:59:54.997 14483 14483 D AndroidRuntime: Shutting down VM
08-06 04:59:54.999   918  6110 I ActivityManager: START u0 {cmp=baseline.io.github.project_travel_mate/.notifications.NotificationsActivity} from uid 10696 on display 0
08-06 04:59:55.001   512  2967 D audio_hw_primary: out_set_parameters: enter: usecase(1: low-latency-playback) kvpairs: routing=2
08-06 04:59:55.015   512  2967 D audio_hw_primary: select_devices: out_snd_device(2: speaker) in_snd_device(0: none)
08-06 04:59:55.015   512  2967 D msm8974_platform: platform_send_audio_calibration: sending audio calibration for snd_device(2) acdb_id(15)
08-06 04:59:55.015   512  2967 I soundtrigger: audio_extn_sound_trigger_update_device_status: device 0x2 of type 0 for Event 1
08-06 04:59:55.029   512  2967 D audio_hw_primary: enable_snd_device: snd_device(2: speaker)
08-06 04:59:55.031   512  2967 D audio_hw_primary: enable_audio_route: apply and update mixer path: low-latency-playback speaker
08-06 04:59:55.037 11539 11620 D Gabe    : call	returning from cache
08-06 04:59:55.042 11539 11539 V EXECUTING: https://project-travel-mate.herokuapp.com/api/get-notifications
08-06 04:59:55.045 11539 11539 V EXECUTING: https://project-travel-mate.herokuapp.com/api/get-notifications
08-06 04:59:55.202 13866 13866 I GoogleInputMethodServic: GoogleInputMethodService.onFinishInput():3138 
08-06 04:59:55.203 13866 13866 I GoogleInputMethodServic: GoogleInputMethodService.onStartInput():1808 
08-06 04:59:55.204   918   936 I ActivityManager: Displayed baseline.io.github.project_travel_mate/.notifications.NotificationsActivity: +190ms
08-06 04:59:55.235 11539 11550 I art     : Starting a blocking GC Explicit
08-06 04:59:55.296 11539 11550 I art     : Explicit concurrent mark sweep GC freed 3850(218KB) AllocSpace objects, 2(48KB) LOS objects, 7% free, 189MB/205MB, paused 1.540ms total 60.403ms
08-06 04:59:55.300 11539 11554 D OpenGLRenderer: endAllStagingAnimators on 0x7f775bc800 (RippleDrawable) with handle 0x7f7bd9f220
08-06 04:59:55.315 11539 11550 I art     : Starting a blocking GC Explicit
08-06 04:59:55.372 11539 11550 I art     : Explicit concurrent mark sweep GC freed 480(18KB) AllocSpace objects, 0(0B) LOS objects, 7% free, 189MB/205MB, paused 1.410ms total 56.234ms
08-06 04:59:55.391 11539 11550 I art     : Starting a blocking GC Explicit
08-06 04:59:55.431   380   380 W SurfaceFlinger: couldn't log to binary event log: overflow.
08-06 04:59:55.454 11539 11550 I art     : Explicit concurrent mark sweep GC freed 171(4KB) AllocSpace objects, 0(0B) LOS objects, 7% free, 189MB/205MB, paused 1.625ms total 63.185ms
08-06 04:59:55.474 11539 11550 I art     : Starting a blocking GC Explicit
08-06 04:59:55.534 11539 11550 I art     : Explicit concurrent mark sweep GC freed 349(10KB) AllocSpace objects, 0(0B) LOS objects, 7% free, 189MB/205MB, paused 1.843ms total 60.089ms
08-06 04:59:55.554 11539 11550 I art     : Starting a blocking GC Explicit
08-06 04:59:55.569   512  2967 D audio_hw_primary: disable_audio_route: reset and update mixer path: low-latency-playback speaker
08-06 04:59:55.570   512  2967 D audio_hw_primary: disable_snd_device: snd_device(2: speaker)
08-06 04:59:55.579   512  2967 I soundtrigger: audio_extn_sound_trigger_update_device_status: device 0x2 of type 0 for Event 0
08-06 04:59:55.610 11539 14506 I NAPPA_EXPERIMENTATION: MetricNetworkRequestExecutionTime: REQUEST_DURATION_SYSTEM='565',REQUEST_DURATION_OKHTTP='37',REQUEST_SYNCHRONOUS='FALSE',RESPONSE_CODE='200',RESPONSE_METHOD='GET',RESPONSE_LENGTH_OKHTTP='2',RESPONSE_LENGTH_HEADER='2',REQUEST_PROTOCOL='http/1.1',REQUEST_URL='https://project-travel-mate.herokuapp.com/api/get-notifications',
08-06 04:59:55.617 11539 11550 I art     : Explicit concurrent mark sweep GC freed 5097(266KB) AllocSpace objects, 4(240KB) LOS objects, 7% free, 190MB/206MB, paused 1.867ms total 62.215ms
08-06 04:59:55.632 11539 14505 I NAPPA_EXPERIMENTATION: MetricNetworkRequestExecutionTime: REQUEST_DURATION_SYSTEM='589',REQUEST_DURATION_OKHTTP='60',REQUEST_SYNCHRONOUS='FALSE',RESPONSE_CODE='200',RESPONSE_METHOD='GET',RESPONSE_LENGTH_OKHTTP='2',RESPONSE_LENGTH_HEADER='2',REQUEST_PROTOCOL='http/1.1',REQUEST_URL='https://project-travel-mate.herokuapp.com/api/get-notifications',
08-06 04:59:55.719   918  3261 D WifiStateMachine: starting scan for "H369AA63323"WPA_PSK with 2412,5180
08-06 04:59:55.753 11539 11539 V Response: [] 
08-06 04:59:55.758 11539 11620 D Gabe    : call	returning from cache
08-06 04:59:55.759 11539 11539 V Response: [] 
08-06 04:59:55.762 11539 11620 D Gabe    : call	returning from cache
08-06 04:59:56.010 11539 11600 I art     : Starting a blocking GC Explicit
08-06 04:59:56.068 11539 11600 I art     : Explicit concurrent mark sweep GC freed 7011(436KB) AllocSpace objects, 5(396KB) LOS objects, 7% free, 190MB/206MB, paused 1.372ms total 56.886ms
08-06 04:59:56.087 11539 11600 I art     : Starting a blocking GC Explicit
08-06 04:59:56.142 11539 11600 I art     : Explicit concurrent mark sweep GC freed 2112(77KB) AllocSpace objects, 0(0B) LOS objects, 7% free, 189MB/205MB, paused 1.522ms total 53.975ms
08-06 04:59:56.160 11539 11600 I art     : Starting a blocking GC Explicit
08-06 04:59:56.213 11539 11600 I art     : Explicit concurrent mark sweep GC freed 425(14KB) AllocSpace objects, 0(0B) LOS objects, 7% free, 189MB/205MB, paused 1.351ms total 52.101ms
08-06 04:59:56.213 11539 11549 I art     : WaitForGcToComplete blocked for 40.238ms for cause HeapTrim
08-06 04:59:56.231 11539 11600 I art     : Starting a blocking GC Explicit
08-06 04:59:56.285 11539 11600 I art     : Explicit concurrent mark sweep GC freed 292(4KB) AllocSpace objects, 0(0B) LOS objects, 7% free, 189MB/205MB, paused 1.527ms total 53.503ms
08-06 04:59:56.304 11539 11600 I art     : Starting a blocking GC Explicit
08-06 04:59:56.358 11539 11600 I art     : Explicit concurrent mark sweep GC freed 387(7KB) AllocSpace objects, 0(0B) LOS objects, 7% free, 189MB/205MB, paused 1.423ms total 53.382ms
08-06 04:59:56.745 11539 11600 I art     : Starting a blocking GC Explicit
08-06 04:59:56.802 11539 11600 I art     : Explicit concurrent mark sweep GC freed 3493(123KB) AllocSpace objects, 2(48KB) LOS objects, 7% free, 189MB/205MB, paused 1.496ms total 56.531ms
08-06 04:59:56.821 11539 11600 I art     : Starting a blocking GC Explicit
08-06 04:59:56.875 11539 11600 I art     : Explicit concurrent mark sweep GC freed 406(7KB) AllocSpace objects, 0(0B) LOS objects, 7% free, 189MB/205MB, paused 1.460ms total 53.557ms
08-06 04:59:56.894 11539 11600 I art     : Starting a blocking GC Explicit
08-06 04:59:56.947 11539 11600 I art     : Explicit concurrent mark sweep GC freed 301(5KB) AllocSpace objects, 0(0B) LOS objects, 7% free, 189MB/205MB, paused 1.342ms total 53.008ms
08-06 04:59:56.966 11539 11600 I art     : Starting a blocking GC Explicit
08-06 04:59:57.022 11539 11600 I art     : Explicit concurrent mark sweep GC freed 368(6KB) AllocSpace objects, 0(0B) LOS objects, 7% free, 189MB/205MB, paused 1.584ms total 56.313ms
08-06 04:59:57.042 11539 11600 I art     : Starting a blocking GC Explicit
08-06 04:59:57.097 11539 11600 I art     : Explicit concurrent mark sweep GC freed 285(4KB) AllocSpace objects, 0(0B) LOS objects, 7% free, 189MB/205MB, paused 1.314ms total 54.655ms
08-06 04:59:57.498 11539 11557 I art     : Starting a blocking GC Explicit
08-06 04:59:57.559 11539 11557 I art     : Explicit concurrent mark sweep GC freed 3541(123KB) AllocSpace objects, 2(48KB) LOS objects, 7% free, 189MB/205MB, paused 1.665ms total 60.057ms
08-06 04:59:57.578 11539 11557 I art     : Starting a blocking GC Explicit
08-06 04:59:57.632 11539 11557 I art     : Explicit concurrent mark sweep GC freed 349(6KB) AllocSpace objects, 0(0B) LOS objects, 7% free, 189MB/205MB, paused 1.291ms total 53.680ms
08-06 04:59:57.650 11539 11557 I art     : Starting a blocking GC Explicit
08-06 04:59:57.671   518   646 I ThermalEngine: ACTION: GPU - Setting GPU[0] to 390000000
08-06 04:59:57.718 11539 11557 I art     : Explicit concurrent mark sweep GC freed 354(5KB) AllocSpace objects, 0(0B) LOS objects, 7% free, 189MB/205MB, paused 2.081ms total 67.909ms
08-06 04:59:57.743 11539 11557 I art     : Starting a blocking GC Explicit
08-06 04:59:57.808 11539 11557 I art     : Explicit concurrent mark sweep GC freed 423(6KB) AllocSpace objects, 0(0B) LOS objects, 7% free, 189MB/205MB, paused 2.023ms total 64.389ms
08-06 04:59:57.832 11539 11557 I art     : Starting a blocking GC Explicit
08-06 04:59:57.901 11539 11557 I art     : Explicit concurrent mark sweep GC freed 353(5KB) AllocSpace objects, 0(0B) LOS objects, 7% free, 189MB/205MB, paused 1.993ms total 68.898ms
08-06 04:59:58.362 11539 11600 I art     : Starting a blocking GC Explicit
08-06 04:59:58.430 11539 11600 I art     : Explicit concurrent mark sweep GC freed 3838(128KB) AllocSpace objects, 2(48KB) LOS objects, 7% free, 189MB/205MB, paused 2.260ms total 67.151ms
08-06 04:59:58.456 11539 11600 I art     : Starting a blocking GC Explicit
08-06 04:59:58.523 11539 11600 I art     : Explicit concurrent mark sweep GC freed 403(7KB) AllocSpace objects, 0(0B) LOS objects, 7% free, 189MB/205MB, paused 2.123ms total 66.604ms
08-06 04:59:58.548 11539 11600 I art     : Starting a blocking GC Explicit
08-06 04:59:58.615 11539 11600 I art     : Explicit concurrent mark sweep GC freed 408(6KB) AllocSpace objects, 0(0B) LOS objects, 7% free, 189MB/205MB, paused 1.979ms total 66.336ms
08-06 04:59:58.640 11539 11600 I art     : Starting a blocking GC Explicit
08-06 04:59:58.706 11539 11600 I art     : Explicit concurrent mark sweep GC freed 428(7KB) AllocSpace objects, 0(0B) LOS objects, 7% free, 189MB/205MB, paused 2.039ms total 65.887ms
08-06 04:59:58.731 11539 11600 I art     : Starting a blocking GC Explicit
08-06 04:59:58.795 11539 11600 I art     : Explicit concurrent mark sweep GC freed 385(6KB) AllocSpace objects, 0(0B) LOS objects, 7% free, 189MB/205MB, paused 2.148ms total 63.686ms
08-06 04:59:59.230 11539 11600 I art     : Starting a blocking GC Explicit
08-06 04:59:59.298 11539 11600 I art     : Explicit concurrent mark sweep GC freed 3706(126KB) AllocSpace objects, 2(48KB) LOS objects, 7% free, 189MB/205MB, paused 1.974ms total 67.195ms
08-06 04:59:59.322 11539 11600 I art     : Starting a blocking GC Explicit
08-06 04:59:59.388 11539 11600 I art     : Explicit concurrent mark sweep GC freed 433(8KB) AllocSpace objects, 0(0B) LOS objects, 7% free, 189MB/205MB, paused 2.106ms total 65.837ms
08-06 04:59:59.412 11539 11600 I art     : Starting a blocking GC Explicit
08-06 04:59:59.478 11539 11600 I art     : Explicit concurrent mark sweep GC freed 527(16KB) AllocSpace objects, 0(0B) LOS objects, 7% free, 189MB/205MB, paused 2.274ms total 65.723ms
08-06 04:59:59.503 11539 11600 I art     : Starting a blocking GC Explicit
08-06 04:59:59.567 11539 11600 I art     : Explicit concurrent mark sweep GC freed 407(6KB) AllocSpace objects, 0(0B) LOS objects, 7% free, 189MB/205MB, paused 1.900ms total 64.010ms
08-06 04:59:59.591 11539 11600 I art     : Starting a blocking GC Explicit
08-06 04:59:59.657 11539 11600 I art     : Explicit concurrent mark sweep GC freed 400(6KB) AllocSpace objects, 0(0B) LOS objects, 7% free, 189MB/205MB, paused 1.895ms total 64.786ms
08-06 04:59:59.879 14571 14571 D AndroidRuntime: >>>>>> START com.android.internal.os.RuntimeInit uid 2000 <<<<<<
08-06 04:59:59.885 14571 14571 D AndroidRuntime: CheckJNI is OFF
08-06 04:59:59.939 14571 14571 D ICU     : No timezone override file found: /data/misc/zoneinfo/current/icu/icu_tzdata.dat
08-06 04:59:59.983 14571 14571 I Radio-JNI: register_android_hardware_Radio DONE
08-06 05:00:00.028 14571 14571 D AndroidRuntime: Calling main entry com.android.commands.input.Input
08-06 05:00:00.029 14571 14571 I Input   : injectKeyEvent: KeyEvent { action=ACTION_DOWN, keyCode=KEYCODE_BACK, scanCode=0, metaState=0, flags=0x0, repeatCount=0, eventTime=853216442, downTime=853216442, deviceId=-1, source=0x101 }
08-06 05:00:00.057 14571 14571 I Input   : injectKeyEvent: KeyEvent { action=ACTION_UP, keyCode=KEYCODE_BACK, scanCode=0, metaState=0, flags=0x0, repeatCount=0, eventTime=853216442, downTime=853216442, deviceId=-1, source=0x101 }
08-06 05:00:00.091 14571 14571 D AndroidRuntime: Shutting down VM
08-06 05:00:00.112 11539 11600 I art     : Starting a blocking GC Explicit
08-06 05:00:00.128 11539 11539 V MainActivity: url = https://project-travel-mate.herokuapp.com/api/number-of-unread-notifications
08-06 05:00:00.180 11539 11600 I art     : Explicit concurrent mark sweep GC freed 3991(139KB) AllocSpace objects, 2(48KB) LOS objects, 7% free, 190MB/206MB, paused 2.279ms total 67.222ms
08-06 05:00:00.201 13866 13866 I GoogleInputMethodServic: GoogleInputMethodService.onFinishInput():3138 
08-06 05:00:00.202 13866 13866 I GoogleInputMethodServic: GoogleInputMethodService.onStartInput():1808 
08-06 05:00:00.208 11539 11600 I art     : Starting a blocking GC Explicit
08-06 05:00:00.277 11539 11600 I art     : Explicit concurrent mark sweep GC freed 348(11KB) AllocSpace objects, 0(0B) LOS objects, 7% free, 189MB/205MB, paused 2.262ms total 68.888ms
08-06 05:00:00.304 11539 11600 I art     : Starting a blocking GC Explicit
08-06 05:00:00.396 11539 11600 I art     : Explicit concurrent mark sweep GC freed 102(3KB) AllocSpace objects, 0(0B) LOS objects, 7% free, 189MB/205MB, paused 3.967ms total 91.133ms
08-06 05:00:00.429 11539 11600 I art     : Starting a blocking GC Explicit
08-06 05:00:00.469   380   380 W SurfaceFlinger: couldn't log to binary event log: overflow.
08-06 05:00:00.507 11539 11600 I art     : Explicit concurrent mark sweep GC freed 87(2496B) AllocSpace objects, 0(0B) LOS objects, 7% free, 189MB/205MB, paused 2.062ms total 77.219ms
08-06 05:00:00.531 11539 11600 I art     : Starting a blocking GC Explicit
08-06 05:00:00.607 11539 11600 I art     : Explicit concurrent mark sweep GC freed 19(864B) AllocSpace objects, 1(4MB) LOS objects, 7% free, 185MB/201MB, paused 2.161ms total 76.051ms
08-06 05:00:00.930 11539 14603 I NAPPA_EXPERIMENTATION: MetricNetworkRequestExecutionTime: REQUEST_DURATION_SYSTEM='801',REQUEST_DURATION_OKHTTP='35',REQUEST_SYNCHRONOUS='FALSE',RESPONSE_CODE='200',RESPONSE_METHOD='GET',RESPONSE_LENGTH_OKHTTP='36',RESPONSE_LENGTH_HEADER='36',REQUEST_PROTOCOL='http/1.1',REQUEST_URL='https://project-travel-mate.herokuapp.com/api/number-of-unread-notifications',
08-06 05:00:01.073 11539 11551 I art     : Starting a blocking GC Explicit
08-06 05:00:01.177 11539 11551 I art     : Explicit concurrent mark sweep GC freed 8160(419KB) AllocSpace objects, 7(304KB) LOS objects, 7% free, 185MB/201MB, paused 2.639ms total 104.048ms
08-06 05:00:01.208 11539 11551 I art     : Starting a blocking GC Explicit
08-06 05:00:01.289 11539 11551 I art     : Explicit concurrent mark sweep GC freed 973(117KB) AllocSpace objects, 0(0B) LOS objects, 7% free, 185MB/201MB, paused 2.713ms total 80.887ms
08-06 05:00:01.321 11539 11551 I art     : Starting a blocking GC Explicit
08-06 05:00:01.395 11539 11551 I art     : Explicit concurrent mark sweep GC freed 6(192B) AllocSpace objects, 0(0B) LOS objects, 7% free, 185MB/201MB, paused 2.133ms total 74.512ms
08-06 05:00:01.423 11539 11551 I art     : Starting a blocking GC Explicit
08-06 05:00:01.498 11539 11551 I art     : Explicit concurrent mark sweep GC freed 13(608B) AllocSpace objects, 0(0B) LOS objects, 7% free, 185MB/201MB, paused 2.277ms total 74.650ms
08-06 05:00:01.526 11539 11551 I art     : Starting a blocking GC Explicit
08-06 05:00:01.601 11539 11551 I art     : Explicit concurrent mark sweep GC freed 17(528B) AllocSpace objects, 0(0B) LOS objects, 7% free, 185MB/201MB, paused 2.235ms total 74.465ms
08-06 05:00:01.694   918  3188 I hubconnection: sensorhub said: 'set_bias 3: -6.2208, 0.0000, 0.0000'
08-06 05:00:01.967 14615 14615 D AndroidRuntime: >>>>>> START com.android.internal.os.RuntimeInit uid 2000 <<<<<<
08-06 05:00:01.975 14615 14615 D AndroidRuntime: CheckJNI is OFF
08-06 05:00:02.036 14615 14615 D ICU     : No timezone override file found: /data/misc/zoneinfo/current/icu/icu_tzdata.dat
08-06 05:00:02.073 11539 11599 I art     : Starting a blocking GC Explicit
08-06 05:00:02.081 14615 14615 I Radio-JNI: register_android_hardware_Radio DONE
08-06 05:00:02.113 14615 14615 D AndroidRuntime: Calling main entry com.android.commands.input.Input
08-06 05:00:02.115 14615 14615 I Input   : injectMotionEvent: MotionEvent { action=ACTION_DOWN, actionButton=0, id[0]=0, x[0]=117.0, y[0]=170.0, toolType[0]=TOOL_TYPE_UNKNOWN, buttonState=0, metaState=0, flags=0x0, edgeFlags=0x0, pointerCount=1, historySize=0, eventTime=853218528, downTime=853218528, deviceId=0, source=0x1002 }
08-06 05:00:02.121 14615 14615 I Input   : injectMotionEvent: MotionEvent { action=ACTION_UP, actionButton=0, id[0]=0, x[0]=117.0, y[0]=170.0, toolType[0]=TOOL_TYPE_UNKNOWN, buttonState=0, metaState=0, flags=0x0, edgeFlags=0x0, pointerCount=1, historySize=0, eventTime=853218528, downTime=853218528, deviceId=0, source=0x1002 }
08-06 05:00:02.125 14615 14615 D AndroidRuntime: Shutting down VM
08-06 05:00:02.142   512  2967 D audio_hw_primary: out_set_parameters: enter: usecase(1: low-latency-playback) kvpairs: routing=2
08-06 05:00:02.155   512  2967 D audio_hw_primary: select_devices: out_snd_device(2: speaker) in_snd_device(0: none)
08-06 05:00:02.155   512  2967 D msm8974_platform: platform_send_audio_calibration: sending audio calibration for snd_device(2) acdb_id(15)
08-06 05:00:02.156   512  2967 I soundtrigger: audio_extn_sound_trigger_update_device_status: device 0x2 of type 0 for Event 1
08-06 05:00:02.156 11539 11599 I art     : Explicit concurrent mark sweep GC freed 1646(93KB) AllocSpace objects, 2(48KB) LOS objects, 7% free, 185MB/201MB, paused 5.355ms total 82.766ms
08-06 05:00:02.167   512  2967 D audio_hw_primary: enable_snd_device: snd_device(2: speaker)
08-06 05:00:02.170   512  2967 D audio_hw_primary: enable_audio_route: apply and update mixer path: low-latency-playback speaker
08-06 05:00:02.188 11539 11599 I art     : Starting a blocking GC Explicit
08-06 05:00:02.270 11539 11599 I art     : Explicit concurrent mark sweep GC freed 416(21KB) AllocSpace objects, 0(0B) LOS objects, 7% free, 185MB/201MB, paused 2.302ms total 81.753ms
08-06 05:00:02.302 11539 11599 I art     : Starting a blocking GC Explicit
08-06 05:00:02.382 11539 11599 I art     : Explicit concurrent mark sweep GC freed 25(1104B) AllocSpace objects, 0(0B) LOS objects, 7% free, 185MB/201MB, paused 2.271ms total 80.268ms
08-06 05:00:02.410 11539 11599 I art     : Starting a blocking GC Explicit
08-06 05:00:02.478 11539 11599 I art     : Explicit concurrent mark sweep GC freed 5(160B) AllocSpace objects, 0(0B) LOS objects, 7% free, 185MB/201MB, paused 2.181ms total 67.427ms
08-06 05:00:02.505 11539 11599 I art     : Starting a blocking GC Explicit
08-06 05:00:02.573 11539 11599 I art     : Explicit concurrent mark sweep GC freed 5(192B) AllocSpace objects, 0(0B) LOS objects, 7% free, 185MB/201MB, paused 2.170ms total 68.077ms
08-06 05:00:02.718   512  2967 D audio_hw_primary: disable_audio_route: reset and update mixer path: low-latency-playback speaker
08-06 05:00:02.720   512  2967 D audio_hw_primary: disable_snd_device: snd_device(2: speaker)
08-06 05:00:02.729   512  2967 I soundtrigger: audio_extn_sound_trigger_update_device_status: device 0x2 of type 0 for Event 0
08-06 05:00:03.018 14646 14646 D AndroidRuntime: >>>>>> START com.android.internal.os.RuntimeInit uid 2000 <<<<<<
08-06 05:00:03.024 14646 14646 D AndroidRuntime: CheckJNI is OFF
08-06 05:00:03.039 11539 11599 I art     : Starting a blocking GC Explicit
08-06 05:00:03.078 14646 14646 D ICU     : No timezone override file found: /data/misc/zoneinfo/current/icu/icu_tzdata.dat
08-06 05:00:03.112  9137  9137 I ServiceManager: Waiting for service AtCmdFwd...
08-06 05:00:03.115 11539 11599 I art     : Explicit concurrent mark sweep GC freed 1659(94KB) AllocSpace objects, 2(48KB) LOS objects, 7% free, 185MB/201MB, paused 2.273ms total 75.146ms
08-06 05:00:03.123 14646 14646 I Radio-JNI: register_android_hardware_Radio DONE
08-06 05:00:03.142 11539 11599 I art     : Starting a blocking GC Explicit
08-06 05:00:03.156 14646 14646 D AndroidRuntime: Calling main entry com.android.commands.input.Input
08-06 05:00:03.158 14646 14646 I Input   : injectMotionEvent: MotionEvent { action=ACTION_DOWN, actionButton=0, id[0]=0, x[0]=418.0, y[0]=842.0, toolType[0]=TOOL_TYPE_UNKNOWN, buttonState=0, metaState=0, flags=0x0, edgeFlags=0x0, pointerCount=1, historySize=0, eventTime=853219570, downTime=853219570, deviceId=0, source=0x1002 }
08-06 05:00:03.163 14646 14646 I Input   : injectMotionEvent: MotionEvent { action=ACTION_UP, actionButton=0, id[0]=0, x[0]=418.0, y[0]=842.0, toolType[0]=TOOL_TYPE_UNKNOWN, buttonState=0, metaState=0, flags=0x0, edgeFlags=0x0, pointerCount=1, historySize=0, eventTime=853219570, downTime=853219570, deviceId=0, source=0x1002 }
08-06 05:00:03.165 14646 14646 D AndroidRuntime: Shutting down VM
08-06 05:00:03.178   512  2967 D audio_hw_primary: out_set_parameters: enter: usecase(1: low-latency-playback) kvpairs: routing=2
08-06 05:00:03.179 11539 11620 D Gabe    : call	returning from cache
08-06 05:00:03.191   512  2967 D audio_hw_primary: select_devices: out_snd_device(2: speaker) in_snd_device(0: none)
08-06 05:00:03.192   512  2967 D msm8974_platform: platform_send_audio_calibration: sending audio calibration for snd_device(2) acdb_id(15)
08-06 05:00:03.192   512  2967 I soundtrigger: audio_extn_sound_trigger_update_device_status: device 0x2 of type 0 for Event 1
08-06 05:00:03.202   512  2967 D audio_hw_primary: enable_snd_device: snd_device(2: speaker)
08-06 05:00:03.205   512  2967 D audio_hw_primary: enable_audio_route: apply and update mixer path: low-latency-playback speaker
08-06 05:00:03.219 11539 11599 I art     : Explicit concurrent mark sweep GC freed 603(31KB) AllocSpace objects, 0(0B) LOS objects, 7% free, 185MB/201MB, paused 2.747ms total 77.567ms
08-06 05:00:03.232 11539 11539 V MainActivity: url = https://project-travel-mate.herokuapp.com/api/number-of-unread-notifications
08-06 05:00:03.246 11539 11599 I art     : Starting a blocking GC Explicit
08-06 05:00:03.255   512  2967 D AudioFlinger: mixer(0xf4740000) throttle end: throttle time(12)
08-06 05:00:03.324 11539 11599 I art     : Explicit concurrent mark sweep GC freed 674(41KB) AllocSpace objects, 0(0B) LOS objects, 7% free, 185MB/201MB, paused 2.725ms total 78.005ms
08-06 05:00:03.351 11539 11599 I art     : Starting a blocking GC Explicit
08-06 05:00:03.426 11539 11599 I art     : Explicit concurrent mark sweep GC freed 499(33KB) AllocSpace objects, 0(0B) LOS objects, 7% free, 185MB/201MB, paused 2.750ms total 75.075ms
08-06 05:00:03.453 11539 11599 I art     : Starting a blocking GC Explicit
08-06 05:00:03.529 11539 11599 I art     : Explicit concurrent mark sweep GC freed 658(37KB) AllocSpace objects, 0(0B) LOS objects, 7% free, 185MB/201MB, paused 3.322ms total 76.367ms
08-06 05:00:03.749   512  2967 D audio_hw_primary: disable_audio_route: reset and update mixer path: low-latency-playback speaker
08-06 05:00:03.750   512  2967 D audio_hw_primary: disable_snd_device: snd_device(2: speaker)
08-06 05:00:03.759   512  2967 I soundtrigger: audio_extn_sound_trigger_update_device_status: device 0x2 of type 0 for Event 0
08-06 05:00:03.905 11539 14682 I NAPPA_EXPERIMENTATION: MetricNetworkRequestExecutionTime: REQUEST_DURATION_SYSTEM='672',REQUEST_DURATION_OKHTTP='36',REQUEST_SYNCHRONOUS='FALSE',RESPONSE_CODE='200',RESPONSE_METHOD='GET',RESPONSE_LENGTH_OKHTTP='36',RESPONSE_LENGTH_HEADER='36',REQUEST_PROTOCOL='http/1.1',REQUEST_URL='https://project-travel-mate.herokuapp.com/api/number-of-unread-notifications',
08-06 05:00:03.932 11539 11539 I Choreographer: Skipped 41 frames!  The application may be doing too much work on its main thread.
08-06 05:00:04.000 11539 11600 I art     : Starting a blocking GC Explicit
08-06 05:00:04.085 11539 11600 I art     : Explicit concurrent mark sweep GC freed 7334(391KB) AllocSpace objects, 14(508KB) LOS objects, 7% free, 186MB/202MB, paused 2.984ms total 84.363ms
08-06 05:00:04.112  9137  9137 I ServiceManager: Waiting for service AtCmdFwd...
08-06 05:00:04.114 11539 11600 I art     : Starting a blocking GC Explicit
08-06 05:00:04.203 11539 11600 I art     : Explicit concurrent mark sweep GC freed 3114(217KB) AllocSpace objects, 0(0B) LOS objects, 7% free, 186MB/202MB, paused 4.242ms total 88.744ms
08-06 05:00:04.232 11539 11600 I art     : Starting a blocking GC Explicit
08-06 05:00:04.313 11539 11600 I art     : Explicit concurrent mark sweep GC freed 272(7KB) AllocSpace objects, 0(0B) LOS objects, 7% free, 186MB/202MB, paused 2.395ms total 79.959ms
08-06 05:00:04.342 11539 11600 I art     : Starting a blocking GC Explicit
08-06 05:00:04.428 11539 11600 I art     : Explicit concurrent mark sweep GC freed 167(3KB) AllocSpace objects, 0(0B) LOS objects, 7% free, 186MB/202MB, paused 2.578ms total 85.362ms
08-06 05:00:04.458 11539 11600 I art     : Starting a blocking GC Explicit
08-06 05:00:04.543 11539 11600 I art     : Explicit concurrent mark sweep GC freed 171(2896B) AllocSpace objects, 0(0B) LOS objects, 7% free, 186MB/202MB, paused 2.376ms total 84.853ms
08-06 05:00:04.681   518   646 I ThermalEngine: ACTION: GPU - Setting GPU[0] to 450000000
08-06 05:00:04.973 11539 11599 I art     : Starting a blocking GC Explicit
08-06 05:00:05.044 11539 11599 I art     : Explicit concurrent mark sweep GC freed 2369(105KB) AllocSpace objects, 2(64KB) LOS objects, 7% free, 186MB/202MB, paused 1.475ms total 70.648ms
08-06 05:00:05.065 11539 11599 I art     : Starting a blocking GC Explicit
08-06 05:00:05.113  9137  9137 I ServiceManager: Waiting for service AtCmdFwd...
08-06 05:00:05.132 11539 11599 I art     : Explicit concurrent mark sweep GC freed 177(3KB) AllocSpace objects, 0(0B) LOS objects, 7% free, 186MB/202MB, paused 1.413ms total 66.971ms
08-06 05:00:05.153 11539 11599 I art     : Starting a blocking GC Explicit
08-06 05:00:05.227 11539 11599 I art     : Explicit concurrent mark sweep GC freed 130(2256B) AllocSpace objects, 0(0B) LOS objects, 7% free, 186MB/202MB, paused 1.730ms total 73.799ms
08-06 05:00:05.249 11539 11599 I art     : Starting a blocking GC Explicit
08-06 05:00:05.321 11539 11599 I art     : Explicit concurrent mark sweep GC freed 141(2400B) AllocSpace objects, 0(0B) LOS objects, 7% free, 186MB/202MB, paused 1.590ms total 72.255ms
08-06 05:00:05.343 11539 11599 I art     : Starting a blocking GC Explicit
08-06 05:00:05.416 11539 11599 I art     : Explicit concurrent mark sweep GC freed 146(2464B) AllocSpace objects, 0(0B) LOS objects, 7% free, 186MB/202MB, paused 1.402ms total 73.480ms
08-06 05:00:05.840 11539 11557 I art     : Starting a blocking GC Explicit
08-06 05:00:05.932 11539 11557 I art     : Explicit concurrent mark sweep GC freed 2380(105KB) AllocSpace objects, 2(64KB) LOS objects, 7% free, 186MB/202MB, paused 1.568ms total 91.037ms
08-06 05:00:05.952 11539 11557 I art     : Starting a blocking GC Explicit
08-06 05:00:05.982 14716 14716 D AndroidRuntime: >>>>>> START com.android.internal.os.RuntimeInit uid 2000 <<<<<<
08-06 05:00:05.988 14716 14716 D AndroidRuntime: CheckJNI is OFF
08-06 05:00:06.018 11539 11557 I art     : Explicit concurrent mark sweep GC freed 159(3KB) AllocSpace objects, 0(0B) LOS objects, 7% free, 186MB/202MB, paused 1.651ms total 65.735ms
08-06 05:00:06.036 14716 14716 D ICU     : No timezone override file found: /data/misc/zoneinfo/current/icu/icu_tzdata.dat
08-06 05:00:06.038 11539 11557 I art     : Starting a blocking GC Explicit
08-06 05:00:06.095 14716 14716 I Radio-JNI: register_android_hardware_Radio DONE
08-06 05:00:06.107 11539 11557 I art     : Explicit concurrent mark sweep GC freed 123(2096B) AllocSpace objects, 0(0B) LOS objects, 7% free, 186MB/202MB, paused 1.742ms total 68.809ms
08-06 05:00:06.114  9137  9137 I ServiceManager: Waiting for service AtCmdFwd...
08-06 05:00:06.125 14716 14716 D AndroidRuntime: Calling main entry com.android.commands.am.Am
08-06 05:00:06.129 11539 11557 I art     : Starting a blocking GC Explicit
08-06 05:00:06.134  3167  3167 I Trepn   : Trepn 6.2s: Received intent: com.quicinc.trepn.stop_profiling
08-06 05:00:06.172  3167  3167 I Trepn   : Trepn 6.2s: Trepn has Stopped Profiling.
08-06 05:00:06.193 11539 11557 I art     : Explicit concurrent mark sweep GC freed 123(2096B) AllocSpace objects, 0(0B) LOS objects, 7% free, 186MB/202MB, paused 1.352ms total 63.838ms
08-06 05:00:06.206   918   930 I UsageStatsService: User[0] Flushing usage stats to disk
08-06 05:00:06.213 11539 11557 I art     : Starting a blocking GC Explicit
08-06 05:00:06.275 11539 11557 I art     : Explicit concurrent mark sweep GC freed 123(2096B) AllocSpace objects, 0(0B) LOS objects, 7% free, 186MB/202MB, paused 1.384ms total 61.759ms
08-06 05:00:06.313 14716 14716 D AndroidRuntime: Shutting down VM
08-06 05:00:06.317   918  5481 W AppOps  : Finishing op nesting under-run: uid 10078 pkg com.quicinc.trepn code 24 time=0 duration=0 nesting=0
08-06 05:00:06.678 11539 11550 I art     : Starting a blocking GC Explicit
08-06 05:00:06.749 11539 11550 I art     : Explicit concurrent mark sweep GC freed 2319(104KB) AllocSpace objects, 2(64KB) LOS objects, 7% free, 186MB/202MB, paused 1.550ms total 70.954ms
08-06 05:00:06.770 11539 11550 I art     : Starting a blocking GC Explicit
08-06 05:00:06.835 11539 11550 I art     : Explicit concurrent mark sweep GC freed 149(3056B) AllocSpace objects, 0(0B) LOS objects, 7% free, 186MB/202MB, paused 1.416ms total 65.085ms
08-06 05:00:06.856 11539 11550 I art     : Starting a blocking GC Explicit
08-06 05:00:06.921 11539 11550 I art     : Explicit concurrent mark sweep GC freed 123(2096B) AllocSpace objects, 0(0B) LOS objects, 7% free, 186MB/202MB, paused 1.417ms total 64.777ms
08-06 05:00:06.942 11539 11550 I art     : Starting a blocking GC Explicit
08-06 05:00:07.008 11539 11550 I art     : Explicit concurrent mark sweep GC freed 122(2064B) AllocSpace objects, 0(0B) LOS objects, 7% free, 186MB/202MB, paused 1.468ms total 65.229ms
08-06 05:00:07.028 11539 11550 I art     : Starting a blocking GC Explicit
08-06 05:00:07.096 11539 11550 I art     : Explicit concurrent mark sweep GC freed 149(2560B) AllocSpace objects, 0(0B) LOS objects, 7% free, 186MB/202MB, paused 1.389ms total 67.723ms
08-06 05:00:07.115  9137  9137 I ServiceManager: Waiting for service AtCmdFwd...
08-06 05:00:08.115  9137  9137 W Atfwd_Sendcmd: AtCmdFwd service not published, waiting... retryCnt : 5
08-06 05:00:09.104   918  3188 I hubconnection: sensorhub said: 'set_bias 3: -6.2400, 0.0000, 0.0000'
